[0.004s][info][gc,heap] Heap region size: 1M
[0.005s][info][gc     ] Using G1
[0.005s][info][gc,heap,coops] Heap address: 0x00000000c2a00000, size: 982 MB, Compressed Oops mode: 32-bit
[0.324s][info][gc,start     ] GC(0) Pause Young (Normal) (G1 Evacuation Pause)
[0.324s][info][gc,task      ] GC(0) Using 1 workers of 1 for evacuation
[0.326s][info][gc,phases    ] GC(0)   Pre Evacuate Collection Set: 0.0ms
[0.326s][info][gc,phases    ] GC(0)   Evacuate Collection Set: 1.5ms
[0.326s][info][gc,phases    ] GC(0)   Post Evacuate Collection Set: 0.0ms
[0.326s][info][gc,phases    ] GC(0)   Other: 0.2ms
[0.326s][info][gc,heap      ] GC(0) Eden regions: 3->0(36)
[0.326s][info][gc,heap      ] GC(0) Survivor regions: 0->1(1)
[0.326s][info][gc,heap      ] GC(0) Old regions: 0->0
[0.326s][info][gc,heap      ] GC(0) Humongous regions: 0->0
[0.326s][info][gc,metaspace ] GC(0) Metaspace: 902K->902K(1056768K)
[0.326s][info][gc           ] GC(0) Pause Young (Normal) (G1 Evacuation Pause) 2M->0M(62M) 1.881ms
[0.326s][info][gc,cpu       ] GC(0) User=0.00s Sys=0.00s Real=0.00s
[3.454s][info][gc,start     ] GC(1) Pause Young (Normal) (G1 Evacuation Pause)
[3.454s][info][gc,task      ] GC(1) Using 1 workers of 1 for evacuation
[3.476s][info][gc,phases    ] GC(1)   Pre Evacuate Collection Set: 0.0ms
[3.476s][info][gc,phases    ] GC(1)   Evacuate Collection Set: 21.7ms
[3.476s][info][gc,phases    ] GC(1)   Post Evacuate Collection Set: 0.2ms
[3.476s][info][gc,phases    ] GC(1)   Other: 0.4ms
[3.476s][info][gc,heap      ] GC(1) Eden regions: 36->0(5)
[3.476s][info][gc,heap      ] GC(1) Survivor regions: 1->5(5)
[3.476s][info][gc,heap      ] GC(1) Old regions: 0->0
[3.476s][info][gc,heap      ] GC(1) Humongous regions: 2->2
[3.476s][info][gc,metaspace ] GC(1) Metaspace: 9282K->9282K(1058816K)
[3.476s][info][gc           ] GC(1) Pause Young (Normal) (G1 Evacuation Pause) 38M->6M(62M) 22.677ms
[3.476s][info][gc,cpu       ] GC(1) User=0.01s Sys=0.00s Real=0.02s
[3.602s][info][gc,task      ] GC(2) Using 1 workers of 1 for full compaction
[3.603s][info][gc,start     ] GC(2) Pause Full (System.gc())
[3.604s][info][gc,phases,start] GC(2) Phase 1: Mark live objects
[3.624s][info][gc,stringtable ] GC(2) Cleaned string and symbol table, strings: 9800 processed, 25 removed, symbols: 25339 processed, 61 removed
[3.624s][info][gc,phases      ] GC(2) Phase 1: Mark live objects 19.567ms
[3.624s][info][gc,phases,start] GC(2) Phase 2: Prepare for compaction
[3.629s][info][gc,phases      ] GC(2) Phase 2: Prepare for compaction 5.238ms
[3.629s][info][gc,phases,start] GC(2) Phase 3: Adjust pointers
[3.638s][info][gc,phases      ] GC(2) Phase 3: Adjust pointers 8.449ms
[3.638s][info][gc,phases,start] GC(2) Phase 4: Compact heap
[3.641s][info][gc,phases      ] GC(2) Phase 4: Compact heap 2.932ms
[3.648s][info][gc,heap        ] GC(2) Eden regions: 2->0(8)
[3.648s][info][gc,heap        ] GC(2) Survivor regions: 5->0(5)
[3.648s][info][gc,heap        ] GC(2) Old regions: 0->5
[3.648s][info][gc,heap        ] GC(2) Humongous regions: 2->2
[3.648s][info][gc,metaspace   ] GC(2) Metaspace: 9516K->9516K(1058816K)
[3.648s][info][gc             ] GC(2) Pause Full (System.gc()) 8M->6M(24M) 45.368ms
[3.648s][info][gc,cpu         ] GC(2) User=0.02s Sys=0.00s Real=0.05s
[4.363s][info][gc,start       ] GC(3) Pause Young (Normal) (G1 Evacuation Pause)
[4.363s][info][gc,task        ] GC(3) Using 1 workers of 1 for evacuation
[4.372s][info][gc,phases      ] GC(3)   Pre Evacuate Collection Set: 0.0ms
[4.372s][info][gc,phases      ] GC(3)   Evacuate Collection Set: 8.1ms
[4.372s][info][gc,phases      ] GC(3)   Post Evacuate Collection Set: 0.1ms
[4.372s][info][gc,phases      ] GC(3)   Other: 0.3ms
[4.372s][info][gc,heap        ] GC(3) Eden regions: 8->0(8)
[4.372s][info][gc,heap        ] GC(3) Survivor regions: 0->1(1)
[4.372s][info][gc,heap        ] GC(3) Old regions: 5->5
[4.372s][info][gc,heap        ] GC(3) Humongous regions: 2->2
[4.372s][info][gc,metaspace   ] GC(3) Metaspace: 12306K->12306K(1060864K)
[4.372s][info][gc             ] GC(3) Pause Young (Normal) (G1 Evacuation Pause) 14M->7M(24M) 8.650ms
[4.372s][info][gc,cpu         ] GC(3) User=0.00s Sys=0.00s Real=0.01s
[4.671s][info][gc,start       ] GC(4) Pause Young (Normal) (G1 Evacuation Pause)
[4.671s][info][gc,task        ] GC(4) Using 1 workers of 1 for evacuation
[4.674s][info][gc,phases      ] GC(4)   Pre Evacuate Collection Set: 0.0ms
[4.674s][info][gc,phases      ] GC(4)   Evacuate Collection Set: 2.0ms
[4.674s][info][gc,phases      ] GC(4)   Post Evacuate Collection Set: 0.0ms
[4.674s][info][gc,phases      ] GC(4)   Other: 0.3ms
[4.674s][info][gc,heap        ] GC(4) Eden regions: 8->0(8)
[4.674s][info][gc,heap        ] GC(4) Survivor regions: 1->2(2)
[4.674s][info][gc,heap        ] GC(4) Old regions: 5->5
[4.674s][info][gc,heap        ] GC(4) Humongous regions: 2->2
[4.674s][info][gc,metaspace   ] GC(4) Metaspace: 13861K->13861K(1062912K)
[4.674s][info][gc             ] GC(4) Pause Young (Normal) (G1 Evacuation Pause) 15M->8M(24M) 2.523ms
[4.674s][info][gc,cpu         ] GC(4) User=0.00s Sys=0.00s Real=0.00s
[5.002s][info][gc,start       ] GC(5) Pause Young (Normal) (G1 Evacuation Pause)
[5.004s][info][gc,task        ] GC(5) Using 1 workers of 1 for evacuation
[5.010s][info][gc,phases      ] GC(5)   Pre Evacuate Collection Set: 0.0ms
[5.010s][info][gc,phases      ] GC(5)   Evacuate Collection Set: 6.0ms
[5.010s][info][gc,phases      ] GC(5)   Post Evacuate Collection Set: 0.0ms
[5.010s][info][gc,phases      ] GC(5)   Other: 1.3ms
[5.010s][info][gc,heap        ] GC(5) Eden regions: 8->0(8)
[5.010s][info][gc,heap        ] GC(5) Survivor regions: 2->1(2)
[5.010s][info][gc,heap        ] GC(5) Old regions: 5->6
[5.010s][info][gc,heap        ] GC(5) Humongous regions: 2->2
[5.010s][info][gc,metaspace   ] GC(5) Metaspace: 15580K->15580K(1064960K)
[5.010s][info][gc             ] GC(5) Pause Young (Normal) (G1 Evacuation Pause) 16M->8M(24M) 7.581ms
[5.010s][info][gc,cpu         ] GC(5) User=0.00s Sys=0.00s Real=0.01s
[5.420s][info][gc,start       ] GC(6) Pause Young (Normal) (G1 Evacuation Pause)
[5.442s][info][gc,task        ] GC(6) Using 1 workers of 1 for evacuation
[5.444s][info][gc,phases      ] GC(6)   Pre Evacuate Collection Set: 0.0ms
[5.444s][info][gc,phases      ] GC(6)   Evacuate Collection Set: 2.4ms
[5.444s][info][gc,phases      ] GC(6)   Post Evacuate Collection Set: 0.0ms
[5.444s][info][gc,phases      ] GC(6)   Other: 22.2ms
[5.444s][info][gc,heap        ] GC(6) Eden regions: 8->0(8)
[5.444s][info][gc,heap        ] GC(6) Survivor regions: 1->1(2)
[5.444s][info][gc,heap        ] GC(6) Old regions: 6->6
[5.444s][info][gc,heap        ] GC(6) Humongous regions: 2->2
[5.445s][info][gc,metaspace   ] GC(6) Metaspace: 16639K->16639K(1064960K)
[5.445s][info][gc             ] GC(6) Pause Young (Normal) (G1 Evacuation Pause) 16M->8M(24M) 24.762ms
[5.445s][info][gc,cpu         ] GC(6) User=0.01s Sys=0.00s Real=0.02s
[5.682s][info][gc,start       ] GC(7) Pause Young (Normal) (G1 Evacuation Pause)
[5.682s][info][gc,task        ] GC(7) Using 1 workers of 1 for evacuation
[5.688s][info][gc,phases      ] GC(7)   Pre Evacuate Collection Set: 0.0ms
[5.688s][info][gc,phases      ] GC(7)   Evacuate Collection Set: 5.9ms
[5.688s][info][gc,phases      ] GC(7)   Post Evacuate Collection Set: 0.0ms
[5.688s][info][gc,phases      ] GC(7)   Other: 0.2ms
[5.688s][info][gc,heap        ] GC(7) Eden regions: 8->0(8)
[5.688s][info][gc,heap        ] GC(7) Survivor regions: 1->1(2)
[5.688s][info][gc,heap        ] GC(7) Old regions: 6->6
[5.688s][info][gc,heap        ] GC(7) Humongous regions: 2->2
[5.688s][info][gc,metaspace   ] GC(7) Metaspace: 16742K->16742K(1064960K)
[5.688s][info][gc             ] GC(7) Pause Young (Normal) (G1 Evacuation Pause) 16M->8M(24M) 6.419ms
[5.688s][info][gc,cpu         ] GC(7) User=0.00s Sys=0.00s Real=0.01s
[6.076s][info][gc,start       ] GC(8) Pause Young (Normal) (G1 Evacuation Pause)
[6.080s][info][gc,task        ] GC(8) Using 1 workers of 1 for evacuation
[6.082s][info][gc,phases      ] GC(8)   Pre Evacuate Collection Set: 0.0ms
[6.082s][info][gc,phases      ] GC(8)   Evacuate Collection Set: 2.0ms
[6.082s][info][gc,phases      ] GC(8)   Post Evacuate Collection Set: 0.0ms
[6.082s][info][gc,phases      ] GC(8)   Other: 4.0ms
[6.082s][info][gc,heap        ] GC(8) Eden regions: 8->0(8)
[6.082s][info][gc,heap        ] GC(8) Survivor regions: 1->2(2)
[6.082s][info][gc,heap        ] GC(8) Old regions: 6->6
[6.082s][info][gc,heap        ] GC(8) Humongous regions: 2->2
[6.082s][info][gc,metaspace   ] GC(8) Metaspace: 16991K->16991K(1064960K)
[6.082s][info][gc             ] GC(8) Pause Young (Normal) (G1 Evacuation Pause) 16M->8M(24M) 6.111ms
[6.082s][info][gc,cpu         ] GC(8) User=0.00s Sys=0.00s Real=0.01s
[6.272s][info][gc,start       ] GC(9) Pause Young (Normal) (G1 Evacuation Pause)
[6.272s][info][gc,task        ] GC(9) Using 1 workers of 1 for evacuation
[6.281s][info][gc,phases      ] GC(9)   Pre Evacuate Collection Set: 0.0ms
[6.281s][info][gc,phases      ] GC(9)   Evacuate Collection Set: 8.7ms
[6.281s][info][gc,phases      ] GC(9)   Post Evacuate Collection Set: 0.0ms
[6.281s][info][gc,phases      ] GC(9)   Other: 0.2ms
[6.281s][info][gc,heap        ] GC(9) Eden regions: 8->0(8)
[6.281s][info][gc,heap        ] GC(9) Survivor regions: 2->1(2)
[6.281s][info][gc,heap        ] GC(9) Old regions: 6->7
[6.281s][info][gc,heap        ] GC(9) Humongous regions: 2->2
[6.281s][info][gc,metaspace   ] GC(9) Metaspace: 17110K->17110K(1064960K)
[6.281s][info][gc             ] GC(9) Pause Young (Normal) (G1 Evacuation Pause) 16M->8M(24M) 9.124ms
[6.281s][info][gc,cpu         ] GC(9) User=0.00s Sys=0.00s Real=0.01s
[6.592s][info][gc,start       ] GC(10) Pause Young (Normal) (G1 Evacuation Pause)
[6.596s][info][gc,task        ] GC(10) Using 1 workers of 1 for evacuation
[6.598s][info][gc,phases      ] GC(10)   Pre Evacuate Collection Set: 0.0ms
[6.599s][info][gc,phases      ] GC(10)   Evacuate Collection Set: 2.7ms
[6.599s][info][gc,phases      ] GC(10)   Post Evacuate Collection Set: 0.0ms
[6.599s][info][gc,phases      ] GC(10)   Other: 3.8ms
[6.599s][info][gc,heap        ] GC(10) Eden regions: 8->0(7)
[6.599s][info][gc,heap        ] GC(10) Survivor regions: 1->2(2)
[6.599s][info][gc,heap        ] GC(10) Old regions: 7->7
[6.599s][info][gc,heap        ] GC(10) Humongous regions: 2->2
[6.599s][info][gc,metaspace   ] GC(10) Metaspace: 17613K->17613K(1067008K)
[6.599s][info][gc             ] GC(10) Pause Young (Normal) (G1 Evacuation Pause) 16M->9M(24M) 6.654ms
[6.599s][info][gc,cpu         ] GC(10) User=0.00s Sys=0.00s Real=0.00s
[6.828s][info][gc,start       ] GC(11) Pause Young (Normal) (G1 Evacuation Pause)
[6.832s][info][gc,task        ] GC(11) Using 1 workers of 1 for evacuation
[6.834s][info][gc,phases      ] GC(11)   Pre Evacuate Collection Set: 0.0ms
[6.834s][info][gc,phases      ] GC(11)   Evacuate Collection Set: 2.3ms
[6.834s][info][gc,phases      ] GC(11)   Post Evacuate Collection Set: 0.0ms
[6.834s][info][gc,phases      ] GC(11)   Other: 3.6ms
[6.834s][info][gc,heap        ] GC(11) Eden regions: 7->0(8)
[6.834s][info][gc,heap        ] GC(11) Survivor regions: 2->1(2)
[6.834s][info][gc,heap        ] GC(11) Old regions: 7->7
[6.834s][info][gc,heap        ] GC(11) Humongous regions: 2->2
[6.834s][info][gc,metaspace   ] GC(11) Metaspace: 17699K->17699K(1067008K)
[6.834s][info][gc             ] GC(11) Pause Young (Normal) (G1 Evacuation Pause) 16M->9M(24M) 6.092ms
[6.834s][info][gc,cpu         ] GC(11) User=0.00s Sys=0.00s Real=0.00s
[7.058s][info][gc,start       ] GC(12) Pause Young (Normal) (G1 Evacuation Pause)
[7.058s][info][gc,task        ] GC(12) Using 1 workers of 1 for evacuation
[7.064s][info][gc,phases      ] GC(12)   Pre Evacuate Collection Set: 0.0ms
[7.064s][info][gc,phases      ] GC(12)   Evacuate Collection Set: 6.2ms
[7.064s][info][gc,phases      ] GC(12)   Post Evacuate Collection Set: 0.1ms
[7.065s][info][gc,phases      ] GC(12)   Other: 0.2ms
[7.065s][info][gc,heap        ] GC(12) Eden regions: 8->0(8)
[7.065s][info][gc,heap        ] GC(12) Survivor regions: 1->1(2)
[7.065s][info][gc,heap        ] GC(12) Old regions: 7->7
[7.065s][info][gc,heap        ] GC(12) Humongous regions: 2->2
[7.065s][info][gc,metaspace   ] GC(12) Metaspace: 17813K->17813K(1067008K)
[7.065s][info][gc             ] GC(12) Pause Young (Normal) (G1 Evacuation Pause) 17M->9M(24M) 6.658ms
[7.065s][info][gc,cpu         ] GC(12) User=0.01s Sys=0.00s Real=0.01s
[7.248s][info][gc,start       ] GC(13) Pause Young (Normal) (G1 Evacuation Pause)
[7.248s][info][gc,task        ] GC(13) Using 1 workers of 1 for evacuation
[7.256s][info][gc,phases      ] GC(13)   Pre Evacuate Collection Set: 0.0ms
[7.256s][info][gc,phases      ] GC(13)   Evacuate Collection Set: 7.6ms
[7.256s][info][gc,phases      ] GC(13)   Post Evacuate Collection Set: 0.1ms
[7.256s][info][gc,phases      ] GC(13)   Other: 0.2ms
[7.256s][info][gc,heap        ] GC(13) Eden regions: 8->0(10)
[7.256s][info][gc,heap        ] GC(13) Survivor regions: 1->2(2)
[7.256s][info][gc,heap        ] GC(13) Old regions: 7->7
[7.256s][info][gc,heap        ] GC(13) Humongous regions: 2->2
[7.256s][info][gc,metaspace   ] GC(13) Metaspace: 17865K->17865K(1067008K)
[7.256s][info][gc             ] GC(13) Pause Young (Normal) (G1 Evacuation Pause) 17M->9M(29M) 8.061ms
[7.256s][info][gc,cpu         ] GC(13) User=0.01s Sys=0.00s Real=0.00s
[7.451s][info][gc,start       ] GC(14) Pause Young (Normal) (G1 Evacuation Pause)
[7.451s][info][gc,task        ] GC(14) Using 1 workers of 1 for evacuation
[7.460s][info][gc,phases      ] GC(14)   Pre Evacuate Collection Set: 0.0ms
[7.460s][info][gc,phases      ] GC(14)   Evacuate Collection Set: 8.8ms
[7.460s][info][gc,phases      ] GC(14)   Post Evacuate Collection Set: 0.1ms
[7.460s][info][gc,phases      ] GC(14)   Other: 0.2ms
[7.460s][info][gc,heap        ] GC(14) Eden regions: 10->0(11)
[7.460s][info][gc,heap        ] GC(14) Survivor regions: 2->1(2)
[7.460s][info][gc,heap        ] GC(14) Old regions: 7->7
[7.460s][info][gc,heap        ] GC(14) Humongous regions: 2->2
[7.460s][info][gc,metaspace   ] GC(14) Metaspace: 17917K->17917K(1067008K)
[7.460s][info][gc             ] GC(14) Pause Young (Normal) (G1 Evacuation Pause) 19M->9M(29M) 9.180ms
[7.460s][info][gc,cpu         ] GC(14) User=0.01s Sys=0.00s Real=0.01s
[7.705s][info][gc,start       ] GC(15) Pause Young (Normal) (G1 Evacuation Pause)
[7.705s][info][gc,task        ] GC(15) Using 1 workers of 1 for evacuation
[7.707s][info][gc,phases      ] GC(15)   Pre Evacuate Collection Set: 0.0ms
[7.712s][info][gc,phases      ] GC(15)   Evacuate Collection Set: 2.6ms
[7.712s][info][gc,phases      ] GC(15)   Post Evacuate Collection Set: 0.0ms
[7.712s][info][gc,phases      ] GC(15)   Other: 0.2ms
[7.712s][info][gc,heap        ] GC(15) Eden regions: 11->0(10)
[7.712s][info][gc,heap        ] GC(15) Survivor regions: 1->2(2)
[7.712s][info][gc,heap        ] GC(15) Old regions: 7->7
[7.712s][info][gc,heap        ] GC(15) Humongous regions: 2->2
[7.712s][info][gc,metaspace   ] GC(15) Metaspace: 18036K->18036K(1067008K)
[7.712s][info][gc             ] GC(15) Pause Young (Normal) (G1 Evacuation Pause) 20M->9M(29M) 7.135ms
[7.712s][info][gc,cpu         ] GC(15) User=0.00s Sys=0.00s Real=0.01s
[8.084s][info][gc,start       ] GC(16) Pause Young (Normal) (G1 Evacuation Pause)
[8.084s][info][gc,task        ] GC(16) Using 1 workers of 1 for evacuation
[8.090s][info][gc,phases      ] GC(16)   Pre Evacuate Collection Set: 0.0ms
[8.090s][info][gc,phases      ] GC(16)   Evacuate Collection Set: 5.2ms
[8.090s][info][gc,phases      ] GC(16)   Post Evacuate Collection Set: 0.1ms
[8.090s][info][gc,phases      ] GC(16)   Other: 0.3ms
[8.090s][info][gc,heap        ] GC(16) Eden regions: 10->0(11)
[8.090s][info][gc,heap        ] GC(16) Survivor regions: 2->1(2)
[8.090s][info][gc,heap        ] GC(16) Old regions: 7->7
[8.090s][info][gc,heap        ] GC(16) Humongous regions: 2->2
[8.090s][info][gc,metaspace   ] GC(16) Metaspace: 18293K->18293K(1067008K)
[8.090s][info][gc             ] GC(16) Pause Young (Normal) (G1 Evacuation Pause) 19M->9M(29M) 5.741ms
[8.090s][info][gc,cpu         ] GC(16) User=0.01s Sys=0.00s Real=0.01s
[8.286s][info][gc,start       ] GC(17) Pause Young (Normal) (G1 Evacuation Pause)
[8.288s][info][gc,task        ] GC(17) Using 1 workers of 1 for evacuation
[8.289s][info][gc,phases      ] GC(17)   Pre Evacuate Collection Set: 0.0ms
[8.291s][info][gc,phases      ] GC(17)   Evacuate Collection Set: 1.4ms
[8.291s][info][gc,phases      ] GC(17)   Post Evacuate Collection Set: 0.0ms
[8.291s][info][gc,phases      ] GC(17)   Other: 1.9ms
[8.291s][info][gc,heap        ] GC(17) Eden regions: 11->0(11)
[8.291s][info][gc,heap        ] GC(17) Survivor regions: 1->1(2)
[8.291s][info][gc,heap        ] GC(17) Old regions: 7->7
[8.291s][info][gc,heap        ] GC(17) Humongous regions: 2->2
[8.291s][info][gc,metaspace   ] GC(17) Metaspace: 18330K->18330K(1067008K)
[8.291s][info][gc             ] GC(17) Pause Young (Normal) (G1 Evacuation Pause) 20M->9M(29M) 5.555ms
[8.291s][info][gc,cpu         ] GC(17) User=0.00s Sys=0.00s Real=0.01s
[8.579s][info][gc,start       ] GC(18) Pause Young (Normal) (G1 Evacuation Pause)
[8.579s][info][gc,task        ] GC(18) Using 1 workers of 1 for evacuation
[8.592s][info][gc,phases      ] GC(18)   Pre Evacuate Collection Set: 0.0ms
[8.592s][info][gc,phases      ] GC(18)   Evacuate Collection Set: 12.2ms
[8.592s][info][gc,phases      ] GC(18)   Post Evacuate Collection Set: 0.1ms
[8.592s][info][gc,phases      ] GC(18)   Other: 0.4ms
[8.592s][info][gc,heap        ] GC(18) Eden regions: 11->0(11)
[8.592s][info][gc,heap        ] GC(18) Survivor regions: 1->1(2)
[8.592s][info][gc,heap        ] GC(18) Old regions: 7->7
[8.592s][info][gc,heap        ] GC(18) Humongous regions: 2->2
[8.592s][info][gc,metaspace   ] GC(18) Metaspace: 18406K->18406K(1067008K)
[8.592s][info][gc             ] GC(18) Pause Young (Normal) (G1 Evacuation Pause) 20M->9M(29M) 12.739ms
[8.592s][info][gc,cpu         ] GC(18) User=0.00s Sys=0.00s Real=0.02s
[8.873s][info][gc,start       ] GC(19) Pause Young (Normal) (G1 Evacuation Pause)
[8.873s][info][gc,task        ] GC(19) Using 1 workers of 1 for evacuation
[8.880s][info][gc,phases      ] GC(19)   Pre Evacuate Collection Set: 0.0ms
[8.880s][info][gc,phases      ] GC(19)   Evacuate Collection Set: 6.0ms
[8.880s][info][gc,phases      ] GC(19)   Post Evacuate Collection Set: 0.1ms
[8.880s][info][gc,phases      ] GC(19)   Other: 0.1ms
[8.880s][info][gc,heap        ] GC(19) Eden regions: 11->0(15)
[8.880s][info][gc,heap        ] GC(19) Survivor regions: 1->1(2)
[8.880s][info][gc,heap        ] GC(19) Old regions: 7->7
[8.880s][info][gc,heap        ] GC(19) Humongous regions: 2->2
[8.880s][info][gc,metaspace   ] GC(19) Metaspace: 18475K->18475K(1067008K)
[8.880s][info][gc             ] GC(19) Pause Young (Normal) (G1 Evacuation Pause) 20M->9M(38M) 6.426ms
[8.880s][info][gc,cpu         ] GC(19) User=0.00s Sys=0.00s Real=0.01s
[9.088s][info][gc,start       ] GC(20) Pause Young (Normal) (G1 Evacuation Pause)
[9.088s][info][gc,task        ] GC(20) Using 1 workers of 1 for evacuation
[9.092s][info][gc,phases      ] GC(20)   Pre Evacuate Collection Set: 0.0ms
[9.092s][info][gc,phases      ] GC(20)   Evacuate Collection Set: 3.6ms
[9.092s][info][gc,phases      ] GC(20)   Post Evacuate Collection Set: 0.1ms
[9.092s][info][gc,phases      ] GC(20)   Other: 0.3ms
[9.092s][info][gc,heap        ] GC(20) Eden regions: 15->0(15)
[9.092s][info][gc,heap        ] GC(20) Survivor regions: 1->1(2)
[9.092s][info][gc,heap        ] GC(20) Old regions: 7->7
[9.092s][info][gc,heap        ] GC(20) Humongous regions: 2->2
[9.092s][info][gc,metaspace   ] GC(20) Metaspace: 18557K->18557K(1067008K)
[9.092s][info][gc             ] GC(20) Pause Young (Normal) (G1 Evacuation Pause) 24M->9M(38M) 4.138ms
[9.092s][info][gc,cpu         ] GC(20) User=0.00s Sys=0.00s Real=0.00s
[9.352s][info][gc,start       ] GC(21) Pause Young (Normal) (G1 Evacuation Pause)
[9.352s][info][gc,task        ] GC(21) Using 1 workers of 1 for evacuation
[9.356s][info][gc,phases      ] GC(21)   Pre Evacuate Collection Set: 0.0ms
[9.356s][info][gc,phases      ] GC(21)   Evacuate Collection Set: 3.8ms
[9.356s][info][gc,phases      ] GC(21)   Post Evacuate Collection Set: 0.1ms
[9.356s][info][gc,phases      ] GC(21)   Other: 0.2ms
[9.356s][info][gc,heap        ] GC(21) Eden regions: 15->0(15)
[9.356s][info][gc,heap        ] GC(21) Survivor regions: 1->2(2)
[9.356s][info][gc,heap        ] GC(21) Old regions: 7->7
[9.356s][info][gc,heap        ] GC(21) Humongous regions: 2->2
[9.356s][info][gc,metaspace   ] GC(21) Metaspace: 18676K->18676K(1067008K)
[9.356s][info][gc             ] GC(21) Pause Young (Normal) (G1 Evacuation Pause) 24M->9M(38M) 4.276ms
[9.356s][info][gc,cpu         ] GC(21) User=0.01s Sys=0.00s Real=0.00s
[9.716s][info][gc,start       ] GC(22) Pause Young (Normal) (G1 Evacuation Pause)
[9.716s][info][gc,task        ] GC(22) Using 1 workers of 1 for evacuation
[9.724s][info][gc,phases      ] GC(22)   Pre Evacuate Collection Set: 0.0ms
[9.724s][info][gc,phases      ] GC(22)   Evacuate Collection Set: 7.7ms
[9.724s][info][gc,phases      ] GC(22)   Post Evacuate Collection Set: 0.1ms
[9.724s][info][gc,phases      ] GC(22)   Other: 0.3ms
[9.724s][info][gc,heap        ] GC(22) Eden regions: 15->0(16)
[9.724s][info][gc,heap        ] GC(22) Survivor regions: 2->2(3)
[9.724s][info][gc,heap        ] GC(22) Old regions: 7->7
[9.724s][info][gc,heap        ] GC(22) Humongous regions: 2->2
[9.724s][info][gc,metaspace   ] GC(22) Metaspace: 18748K->18748K(1067008K)
[9.724s][info][gc             ] GC(22) Pause Young (Normal) (G1 Evacuation Pause) 24M->10M(38M) 8.230ms
[9.724s][info][gc,cpu         ] GC(22) User=0.00s Sys=0.00s Real=0.01s
[10.006s][info][gc,start       ] GC(23) Pause Young (Normal) (G1 Evacuation Pause)
[10.006s][info][gc,task        ] GC(23) Using 1 workers of 1 for evacuation
[10.013s][info][gc,phases      ] GC(23)   Pre Evacuate Collection Set: 0.0ms
[10.013s][info][gc,phases      ] GC(23)   Evacuate Collection Set: 6.5ms
[10.013s][info][gc,phases      ] GC(23)   Post Evacuate Collection Set: 0.1ms
[10.013s][info][gc,phases      ] GC(23)   Other: 0.3ms
[10.013s][info][gc,heap        ] GC(23) Eden regions: 16->0(20)
[10.013s][info][gc,heap        ] GC(23) Survivor regions: 2->2(3)
[10.013s][info][gc,heap        ] GC(23) Old regions: 7->7
[10.013s][info][gc,heap        ] GC(23) Humongous regions: 2->2
[10.013s][info][gc,metaspace   ] GC(23) Metaspace: 18842K->18842K(1067008K)
[10.013s][info][gc             ] GC(23) Pause Young (Normal) (G1 Evacuation Pause) 26M->10M(46M) 7.099ms
[10.013s][info][gc,cpu         ] GC(23) User=0.00s Sys=0.00s Real=0.01s
[10.309s][info][gc,start       ] GC(24) Pause Young (Normal) (G1 Evacuation Pause)
[10.312s][info][gc,task        ] GC(24) Using 1 workers of 1 for evacuation
[10.316s][info][gc,phases      ] GC(24)   Pre Evacuate Collection Set: 0.0ms
[10.316s][info][gc,phases      ] GC(24)   Evacuate Collection Set: 3.9ms
[10.316s][info][gc,phases      ] GC(24)   Post Evacuate Collection Set: 0.1ms
[10.316s][info][gc,phases      ] GC(24)   Other: 2.3ms
[10.316s][info][gc,heap        ] GC(24) Eden regions: 20->0(21)
[10.316s][info][gc,heap        ] GC(24) Survivor regions: 2->2(3)
[10.316s][info][gc,heap        ] GC(24) Old regions: 7->7
[10.316s][info][gc,heap        ] GC(24) Humongous regions: 2->2
[10.316s][info][gc,metaspace   ] GC(24) Metaspace: 18905K->18905K(1067008K)
[10.316s][info][gc             ] GC(24) Pause Young (Normal) (G1 Evacuation Pause) 30M->10M(46M) 6.509ms
[10.316s][info][gc,cpu         ] GC(24) User=0.00s Sys=0.00s Real=0.00s
[10.871s][info][gc,start       ] GC(25) Pause Young (Normal) (G1 Evacuation Pause)
[10.871s][info][gc,task        ] GC(25) Using 1 workers of 1 for evacuation
[10.888s][info][gc,phases      ] GC(25)   Pre Evacuate Collection Set: 0.0ms
[10.888s][info][gc,phases      ] GC(25)   Evacuate Collection Set: 8.2ms
[10.888s][info][gc,phases      ] GC(25)   Post Evacuate Collection Set: 8.1ms
[10.888s][info][gc,phases      ] GC(25)   Other: 0.4ms
[10.888s][info][gc,heap        ] GC(25) Eden regions: 21->0(21)
[10.888s][info][gc,heap        ] GC(25) Survivor regions: 2->2(3)
[10.888s][info][gc,heap        ] GC(25) Old regions: 7->7
[10.888s][info][gc,heap        ] GC(25) Humongous regions: 2->2
[10.888s][info][gc,metaspace   ] GC(25) Metaspace: 18985K->18985K(1067008K)
[10.888s][info][gc             ] GC(25) Pause Young (Normal) (G1 Evacuation Pause) 31M->10M(46M) 16.898ms
[10.888s][info][gc,cpu         ] GC(25) User=0.01s Sys=0.00s Real=0.02s
[11.328s][info][gc,start       ] GC(26) Pause Young (Normal) (G1 Evacuation Pause)
[11.328s][info][gc,task        ] GC(26) Using 1 workers of 1 for evacuation
[11.341s][info][gc,phases      ] GC(26)   Pre Evacuate Collection Set: 0.0ms
[11.341s][info][gc,phases      ] GC(26)   Evacuate Collection Set: 12.2ms
[11.341s][info][gc,phases      ] GC(26)   Post Evacuate Collection Set: 0.1ms
[11.341s][info][gc,phases      ] GC(26)   Other: 0.3ms
[11.341s][info][gc,heap        ] GC(26) Eden regions: 21->0(21)
[11.341s][info][gc,heap        ] GC(26) Survivor regions: 2->2(3)
[11.341s][info][gc,heap        ] GC(26) Old regions: 7->8
[11.341s][info][gc,heap        ] GC(26) Humongous regions: 2->2
[11.341s][info][gc,metaspace   ] GC(26) Metaspace: 19021K->19021K(1067008K)
[11.341s][info][gc             ] GC(26) Pause Young (Normal) (G1 Evacuation Pause) 31M->10M(46M) 12.742ms
[11.341s][info][gc,cpu         ] GC(26) User=0.00s Sys=0.00s Real=0.01s
[11.647s][info][gc,start       ] GC(27) Pause Young (Normal) (G1 Evacuation Pause)
[11.649s][info][gc,task        ] GC(27) Using 1 workers of 1 for evacuation
[11.656s][info][gc,phases      ] GC(27)   Pre Evacuate Collection Set: 0.0ms
[11.656s][info][gc,phases      ] GC(27)   Evacuate Collection Set: 7.1ms
[11.656s][info][gc,phases      ] GC(27)   Post Evacuate Collection Set: 0.1ms
[11.656s][info][gc,phases      ] GC(27)   Other: 2.4ms
[11.656s][info][gc,heap        ] GC(27) Eden regions: 21->0(27)
[11.656s][info][gc,heap        ] GC(27) Survivor regions: 2->2(3)
[11.657s][info][gc,heap        ] GC(27) Old regions: 8->8
[11.657s][info][gc,heap        ] GC(27) Humongous regions: 2->2
[11.657s][info][gc,metaspace   ] GC(27) Metaspace: 19076K->19076K(1067008K)
[11.657s][info][gc             ] GC(27) Pause Young (Normal) (G1 Evacuation Pause) 31M->10M(60M) 9.820ms
[11.657s][info][gc,cpu         ] GC(27) User=0.00s Sys=0.00s Real=0.01s
[12.241s][info][gc,start       ] GC(28) Pause Young (Normal) (G1 Evacuation Pause)
[12.241s][info][gc,task        ] GC(28) Using 1 workers of 1 for evacuation
[12.260s][info][gc,phases      ] GC(28)   Pre Evacuate Collection Set: 0.0ms
[12.260s][info][gc,phases      ] GC(28)   Evacuate Collection Set: 19.3ms
[12.260s][info][gc,phases      ] GC(28)   Post Evacuate Collection Set: 0.1ms
[12.260s][info][gc,phases      ] GC(28)   Other: 0.4ms
[12.261s][info][gc,heap        ] GC(28) Eden regions: 27->0(29)
[12.261s][info][gc,heap        ] GC(28) Survivor regions: 2->2(4)
[12.261s][info][gc,heap        ] GC(28) Old regions: 8->8
[12.261s][info][gc,heap        ] GC(28) Humongous regions: 2->2
[12.261s][info][gc,metaspace   ] GC(28) Metaspace: 19162K->19162K(1067008K)
[12.261s][info][gc             ] GC(28) Pause Young (Normal) (G1 Evacuation Pause) 37M->10M(60M) 19.949ms
[12.261s][info][gc,cpu         ] GC(28) User=0.00s Sys=0.00s Real=0.02s
[12.812s][info][gc,start       ] GC(29) Pause Young (Normal) (G1 Evacuation Pause)
[12.812s][info][gc,task        ] GC(29) Using 1 workers of 1 for evacuation
[12.821s][info][gc,phases      ] GC(29)   Pre Evacuate Collection Set: 0.0ms
[12.821s][info][gc,phases      ] GC(29)   Evacuate Collection Set: 8.2ms
[12.821s][info][gc,phases      ] GC(29)   Post Evacuate Collection Set: 0.2ms
[12.821s][info][gc,phases      ] GC(29)   Other: 0.2ms
[12.821s][info][gc,heap        ] GC(29) Eden regions: 29->0(30)
[12.821s][info][gc,heap        ] GC(29) Survivor regions: 2->2(4)
[12.821s][info][gc,heap        ] GC(29) Old regions: 8->8
[12.821s][info][gc,heap        ] GC(29) Humongous regions: 2->2
[12.821s][info][gc,metaspace   ] GC(29) Metaspace: 19185K->19185K(1067008K)
[12.821s][info][gc             ] GC(29) Pause Young (Normal) (G1 Evacuation Pause) 39M->10M(60M) 8.825ms
[12.821s][info][gc,cpu         ] GC(29) User=0.00s Sys=0.00s Real=0.01s
[13.287s][info][gc,start       ] GC(30) Pause Young (Normal) (G1 Evacuation Pause)
[13.292s][info][gc,task        ] GC(30) Using 1 workers of 1 for evacuation
[13.295s][info][gc,phases      ] GC(30)   Pre Evacuate Collection Set: 0.0ms
[13.295s][info][gc,phases      ] GC(30)   Evacuate Collection Set: 2.6ms
[13.295s][info][gc,phases      ] GC(30)   Post Evacuate Collection Set: 0.1ms
[13.295s][info][gc,phases      ] GC(30)   Other: 4.4ms
[13.295s][info][gc,heap        ] GC(30) Eden regions: 30->0(31)
[13.295s][info][gc,heap        ] GC(30) Survivor regions: 2->2(4)
[13.295s][info][gc,heap        ] GC(30) Old regions: 8->8
[13.295s][info][gc,heap        ] GC(30) Humongous regions: 2->2
[13.295s][info][gc,metaspace   ] GC(30) Metaspace: 19248K->19248K(1067008K)
[13.295s][info][gc             ] GC(30) Pause Young (Normal) (G1 Evacuation Pause) 40M->10M(60M) 7.333ms
[13.295s][info][gc,cpu         ] GC(30) User=0.00s Sys=0.00s Real=0.01s
[14.333s][info][gc,start       ] GC(31) Pause Young (Normal) (G1 Evacuation Pause)
[14.336s][info][gc,task        ] GC(31) Using 1 workers of 1 for evacuation
[14.348s][info][gc,phases      ] GC(31)   Pre Evacuate Collection Set: 0.0ms
[14.349s][info][gc,phases      ] GC(31)   Evacuate Collection Set: 12.1ms
[14.349s][info][gc,phases      ] GC(31)   Post Evacuate Collection Set: 0.1ms
[14.349s][info][gc,phases      ] GC(31)   Other: 3.0ms
[14.349s][info][gc,heap        ] GC(31) Eden regions: 31->0(32)
[14.349s][info][gc,heap        ] GC(31) Survivor regions: 2->2(5)
[14.349s][info][gc,heap        ] GC(31) Old regions: 8->8
[14.349s][info][gc,heap        ] GC(31) Humongous regions: 2->2
[14.349s][info][gc,metaspace   ] GC(31) Metaspace: 19336K->19336K(1067008K)
[14.349s][info][gc             ] GC(31) Pause Young (Normal) (G1 Evacuation Pause) 41M->10M(60M) 16.044ms
[14.349s][info][gc,cpu         ] GC(31) User=0.01s Sys=0.00s Real=0.02s
[15.027s][info][gc,start       ] GC(32) Pause Young (Normal) (G1 Evacuation Pause)
[15.032s][info][gc,task        ] GC(32) Using 1 workers of 1 for evacuation
[15.044s][info][gc,phases      ] GC(32)   Pre Evacuate Collection Set: 0.0ms
[15.047s][info][gc,phases      ] GC(32)   Evacuate Collection Set: 11.9ms
[15.048s][info][gc,phases      ] GC(32)   Post Evacuate Collection Set: 0.2ms
[15.048s][info][gc,phases      ] GC(32)   Other: 4.7ms
[15.048s][info][gc,heap        ] GC(32) Eden regions: 32->0(39)
[15.048s][info][gc,heap        ] GC(32) Survivor regions: 2->2(5)
[15.048s][info][gc,heap        ] GC(32) Old regions: 8->8
[15.048s][info][gc,heap        ] GC(32) Humongous regions: 2->2
[15.048s][info][gc,metaspace   ] GC(32) Metaspace: 19397K->19397K(1067008K)
[15.048s][info][gc             ] GC(32) Pause Young (Normal) (G1 Evacuation Pause) 42M->11M(76M) 20.709ms
[15.048s][info][gc,cpu         ] GC(32) User=0.00s Sys=0.01s Real=0.03s
[15.706s][info][gc,start       ] GC(33) Pause Young (Normal) (G1 Evacuation Pause)
[15.708s][info][gc,task        ] GC(33) Using 1 workers of 1 for evacuation
[15.729s][info][gc,phases      ] GC(33)   Pre Evacuate Collection Set: 0.0ms
[15.768s][info][gc,phases      ] GC(33)   Evacuate Collection Set: 10.8ms
[15.768s][info][gc,phases      ] GC(33)   Post Evacuate Collection Set: 10.7ms
[15.768s][info][gc,phases      ] GC(33)   Other: 1.7ms
[15.768s][info][gc,heap        ] GC(33) Eden regions: 39->0(40)
[15.768s][info][gc,heap        ] GC(33) Survivor regions: 2->2(6)
[15.768s][info][gc,heap        ] GC(33) Old regions: 8->8
[15.768s][info][gc,heap        ] GC(33) Humongous regions: 2->2
[15.768s][info][gc,metaspace   ] GC(33) Metaspace: 19472K->19472K(1067008K)
[15.768s][info][gc             ] GC(33) Pause Young (Normal) (G1 Evacuation Pause) 50M->10M(76M) 61.412ms
[15.768s][info][gc,cpu         ] GC(33) User=0.01s Sys=0.00s Real=0.07s
[16.461s][info][gc,start       ] GC(34) Pause Young (Normal) (G1 Evacuation Pause)
[16.461s][info][gc,task        ] GC(34) Using 1 workers of 1 for evacuation
[16.469s][info][gc,phases      ] GC(34)   Pre Evacuate Collection Set: 0.0ms
[16.469s][info][gc,phases      ] GC(34)   Evacuate Collection Set: 7.4ms
[16.469s][info][gc,phases      ] GC(34)   Post Evacuate Collection Set: 0.1ms
[16.469s][info][gc,phases      ] GC(34)   Other: 0.3ms
[16.469s][info][gc,heap        ] GC(34) Eden regions: 40->0(43)
[16.469s][info][gc,heap        ] GC(34) Survivor regions: 2->2(6)
[16.469s][info][gc,heap        ] GC(34) Old regions: 8->8
[16.469s][info][gc,heap        ] GC(34) Humongous regions: 2->2
[16.469s][info][gc,metaspace   ] GC(34) Metaspace: 19542K->19542K(1067008K)
[16.469s][info][gc             ] GC(34) Pause Young (Normal) (G1 Evacuation Pause) 50M->10M(76M) 8.027ms
[16.469s][info][gc,cpu         ] GC(34) User=0.00s Sys=0.00s Real=0.01s
[17.295s][info][gc,start       ] GC(35) Pause Young (Normal) (G1 Evacuation Pause)
[17.297s][info][gc,task        ] GC(35) Using 1 workers of 1 for evacuation
[17.304s][info][gc,phases      ] GC(35)   Pre Evacuate Collection Set: 0.0ms
[17.304s][info][gc,phases      ] GC(35)   Evacuate Collection Set: 6.8ms
[17.304s][info][gc,phases      ] GC(35)   Post Evacuate Collection Set: 0.1ms
[17.304s][info][gc,phases      ] GC(35)   Other: 1.4ms
[17.304s][info][gc,heap        ] GC(35) Eden regions: 43->0(43)
[17.304s][info][gc,heap        ] GC(35) Survivor regions: 2->2(6)
[17.304s][info][gc,heap        ] GC(35) Old regions: 8->8
[17.304s][info][gc,heap        ] GC(35) Humongous regions: 2->2
[17.304s][info][gc,metaspace   ] GC(35) Metaspace: 19626K->19626K(1069056K)
[17.304s][info][gc             ] GC(35) Pause Young (Normal) (G1 Evacuation Pause) 53M->11M(76M) 8.940ms
[17.304s][info][gc,cpu         ] GC(35) User=0.00s Sys=0.00s Real=0.01s
[18.765s][info][gc,start       ] GC(36) Pause Young (Normal) (G1 Evacuation Pause)
[18.785s][info][gc,task        ] GC(36) Using 1 workers of 1 for evacuation
[18.792s][info][gc,phases      ] GC(36)   Pre Evacuate Collection Set: 0.0ms
[18.793s][info][gc,phases      ] GC(36)   Evacuate Collection Set: 6.9ms
[18.793s][info][gc,phases      ] GC(36)   Post Evacuate Collection Set: 0.1ms
[18.794s][info][gc,phases      ] GC(36)   Other: 20.1ms
[18.794s][info][gc,heap        ] GC(36) Eden regions: 43->0(43)
[18.794s][info][gc,heap        ] GC(36) Survivor regions: 2->2(6)
[18.794s][info][gc,heap        ] GC(36) Old regions: 8->8
[18.794s][info][gc,heap        ] GC(36) Humongous regions: 2->2
[18.794s][info][gc,metaspace   ] GC(36) Metaspace: 19690K->19690K(1069056K)
[18.794s][info][gc             ] GC(36) Pause Young (Normal) (G1 Evacuation Pause) 54M->11M(76M) 28.966ms
[18.794s][info][gc,cpu         ] GC(36) User=0.01s Sys=0.00s Real=0.03s
[19.665s][info][gc,start       ] GC(37) Pause Young (Normal) (G1 Evacuation Pause)
[19.665s][info][gc,task        ] GC(37) Using 1 workers of 1 for evacuation
[19.672s][info][gc,phases      ] GC(37)   Pre Evacuate Collection Set: 0.0ms
[19.695s][info][gc,phases      ] GC(37)   Evacuate Collection Set: 6.3ms
[19.695s][info][gc,phases      ] GC(37)   Post Evacuate Collection Set: 0.1ms
[19.695s][info][gc,phases      ] GC(37)   Other: 0.3ms
[19.695s][info][gc,heap        ] GC(37) Eden regions: 43->0(43)
[19.695s][info][gc,heap        ] GC(37) Survivor regions: 2->2(6)
[19.695s][info][gc,heap        ] GC(37) Old regions: 8->8
[19.695s][info][gc,heap        ] GC(37) Humongous regions: 2->2
[19.695s][info][gc,metaspace   ] GC(37) Metaspace: 19733K->19733K(1069056K)
[19.695s][info][gc             ] GC(37) Pause Young (Normal) (G1 Evacuation Pause) 54M->11M(76M) 29.891ms
[19.695s][info][gc,cpu         ] GC(37) User=0.00s Sys=0.01s Real=0.03s
[20.406s][info][gc,start       ] GC(38) Pause Young (Normal) (G1 Evacuation Pause)
[20.406s][info][gc,task        ] GC(38) Using 1 workers of 1 for evacuation
[20.410s][info][gc,phases      ] GC(38)   Pre Evacuate Collection Set: 0.0ms
[20.410s][info][gc,phases      ] GC(38)   Evacuate Collection Set: 3.3ms
[20.410s][info][gc,phases      ] GC(38)   Post Evacuate Collection Set: 0.5ms
[20.410s][info][gc,phases      ] GC(38)   Other: 0.3ms
[20.410s][info][gc,heap        ] GC(38) Eden regions: 43->0(43)
[20.410s][info][gc,heap        ] GC(38) Survivor regions: 2->2(6)
[20.410s][info][gc,heap        ] GC(38) Old regions: 8->8
[20.410s][info][gc,heap        ] GC(38) Humongous regions: 2->2
[20.410s][info][gc,metaspace   ] GC(38) Metaspace: 19770K->19770K(1069056K)
[20.410s][info][gc             ] GC(38) Pause Young (Normal) (G1 Evacuation Pause) 54M->10M(76M) 4.362ms
[20.410s][info][gc,cpu         ] GC(38) User=0.00s Sys=0.00s Real=0.01s
[21.218s][info][gc,start       ] GC(39) Pause Young (Normal) (G1 Evacuation Pause)
[21.218s][info][gc,task        ] GC(39) Using 1 workers of 1 for evacuation
[21.221s][info][gc,phases      ] GC(39)   Pre Evacuate Collection Set: 0.0ms
[21.221s][info][gc,phases      ] GC(39)   Evacuate Collection Set: 2.8ms
[21.221s][info][gc,phases      ] GC(39)   Post Evacuate Collection Set: 0.1ms
[21.221s][info][gc,phases      ] GC(39)   Other: 0.3ms
[21.221s][info][gc,heap        ] GC(39) Eden regions: 43->0(43)
[21.221s][info][gc,heap        ] GC(39) Survivor regions: 2->2(6)
[21.221s][info][gc,heap        ] GC(39) Old regions: 8->8
[21.222s][info][gc,heap        ] GC(39) Humongous regions: 2->2
[21.222s][info][gc,metaspace   ] GC(39) Metaspace: 19875K->19875K(1069056K)
[21.222s][info][gc             ] GC(39) Pause Young (Normal) (G1 Evacuation Pause) 53M->10M(76M) 3.383ms
[21.222s][info][gc,cpu         ] GC(39) User=0.01s Sys=0.00s Real=0.01s
[21.919s][info][gc,start       ] GC(40) Pause Young (Normal) (G1 Evacuation Pause)
[21.920s][info][gc,task        ] GC(40) Using 1 workers of 1 for evacuation
[21.925s][info][gc,phases      ] GC(40)   Pre Evacuate Collection Set: 0.0ms
[21.925s][info][gc,phases      ] GC(40)   Evacuate Collection Set: 4.9ms
[21.925s][info][gc,phases      ] GC(40)   Post Evacuate Collection Set: 0.1ms
[21.925s][info][gc,phases      ] GC(40)   Other: 1.3ms
[21.925s][info][gc,heap        ] GC(40) Eden regions: 43->0(43)
[21.926s][info][gc,heap        ] GC(40) Survivor regions: 2->2(6)
[21.926s][info][gc,heap        ] GC(40) Old regions: 8->8
[21.926s][info][gc,heap        ] GC(40) Humongous regions: 2->2
[21.926s][info][gc,metaspace   ] GC(40) Metaspace: 19923K->19923K(1069056K)
[21.926s][info][gc             ] GC(40) Pause Young (Normal) (G1 Evacuation Pause) 53M->11M(76M) 7.622ms
[21.926s][info][gc,cpu         ] GC(40) User=0.00s Sys=0.00s Real=0.01s
[23.829s][info][gc,start       ] GC(41) Pause Young (Normal) (G1 Evacuation Pause)
[23.830s][info][gc,task        ] GC(41) Using 1 workers of 1 for evacuation
[23.837s][info][gc,phases      ] GC(41)   Pre Evacuate Collection Set: 0.0ms
[23.837s][info][gc,phases      ] GC(41)   Evacuate Collection Set: 7.1ms
[23.837s][info][gc,phases      ] GC(41)   Post Evacuate Collection Set: 0.1ms
[23.838s][info][gc,phases      ] GC(41)   Other: 0.4ms
[23.838s][info][gc,heap        ] GC(41) Eden regions: 43->0(43)
[23.838s][info][gc,heap        ] GC(41) Survivor regions: 2->2(6)
[23.838s][info][gc,heap        ] GC(41) Old regions: 8->8
[23.838s][info][gc,heap        ] GC(41) Humongous regions: 2->2
[23.838s][info][gc,metaspace   ] GC(41) Metaspace: 20031K->20031K(1069056K)
[23.838s][info][gc             ] GC(41) Pause Young (Normal) (G1 Evacuation Pause) 54M->10M(76M) 8.529ms
[23.838s][info][gc,cpu         ] GC(41) User=0.01s Sys=0.00s Real=0.00s
[24.528s][info][gc,start       ] GC(42) Pause Young (Normal) (G1 Evacuation Pause)
[24.528s][info][gc,task        ] GC(42) Using 1 workers of 1 for evacuation
[24.535s][info][gc,phases      ] GC(42)   Pre Evacuate Collection Set: 0.0ms
[24.536s][info][gc,phases      ] GC(42)   Evacuate Collection Set: 5.4ms
[24.536s][info][gc,phases      ] GC(42)   Post Evacuate Collection Set: 0.9ms
[24.536s][info][gc,phases      ] GC(42)   Other: 0.3ms
[24.536s][info][gc,heap        ] GC(42) Eden regions: 43->0(43)
[24.536s][info][gc,heap        ] GC(42) Survivor regions: 2->2(6)
[24.536s][info][gc,heap        ] GC(42) Old regions: 8->8
[24.536s][info][gc,heap        ] GC(42) Humongous regions: 2->2
[24.536s][info][gc,metaspace   ] GC(42) Metaspace: 20060K->20060K(1069056K)
[24.536s][info][gc             ] GC(42) Pause Young (Normal) (G1 Evacuation Pause) 53M->11M(76M) 7.765ms
[24.536s][info][gc,cpu         ] GC(42) User=0.00s Sys=0.00s Real=0.00s
[25.328s][info][gc,start       ] GC(43) Pause Young (Normal) (G1 Evacuation Pause)
[25.328s][info][gc,task        ] GC(43) Using 1 workers of 1 for evacuation
[25.399s][info][gc,phases      ] GC(43)   Pre Evacuate Collection Set: 0.0ms
[25.400s][info][gc,phases      ] GC(43)   Evacuate Collection Set: 68.9ms
[25.400s][info][gc,phases      ] GC(43)   Post Evacuate Collection Set: 1.8ms
[25.400s][info][gc,phases      ] GC(43)   Other: 0.2ms
[25.400s][info][gc,heap        ] GC(43) Eden regions: 43->0(44)
[25.400s][info][gc,heap        ] GC(43) Survivor regions: 2->1(6)
[25.400s][info][gc,heap        ] GC(43) Old regions: 8->8
[25.400s][info][gc,heap        ] GC(43) Humongous regions: 2->2
[25.400s][info][gc,metaspace   ] GC(43) Metaspace: 20122K->20122K(1069056K)
[25.400s][info][gc             ] GC(43) Pause Young (Normal) (G1 Evacuation Pause) 54M->10M(76M) 71.952ms
[25.400s][info][gc,cpu         ] GC(43) User=0.02s Sys=0.00s Real=0.07s
[26.437s][info][gc,start       ] GC(44) Pause Young (Normal) (G1 Evacuation Pause)
[26.437s][info][gc,task        ] GC(44) Using 1 workers of 1 for evacuation
[26.446s][info][gc,phases      ] GC(44)   Pre Evacuate Collection Set: 0.0ms
[26.446s][info][gc,phases      ] GC(44)   Evacuate Collection Set: 8.2ms
[26.446s][info][gc,phases      ] GC(44)   Post Evacuate Collection Set: 0.1ms
[26.446s][info][gc,phases      ] GC(44)   Other: 0.6ms
[26.446s][info][gc,heap        ] GC(44) Eden regions: 44->0(43)
[26.447s][info][gc,heap        ] GC(44) Survivor regions: 1->2(6)
[26.447s][info][gc,heap        ] GC(44) Old regions: 8->8
[26.447s][info][gc,heap        ] GC(44) Humongous regions: 2->2
[26.447s][info][gc,metaspace   ] GC(44) Metaspace: 20186K->20186K(1069056K)
[26.447s][info][gc             ] GC(44) Pause Young (Normal) (G1 Evacuation Pause) 54M->11M(76M) 10.143ms
[26.447s][info][gc,cpu         ] GC(44) User=0.00s Sys=0.00s Real=0.01s
[27.463s][info][gc,start       ] GC(45) Pause Young (Normal) (G1 Evacuation Pause)
[27.464s][info][gc,task        ] GC(45) Using 1 workers of 1 for evacuation
[27.484s][info][gc,phases      ] GC(45)   Pre Evacuate Collection Set: 0.0ms
[27.484s][info][gc,phases      ] GC(45)   Evacuate Collection Set: 13.2ms
[27.484s][info][gc,phases      ] GC(45)   Post Evacuate Collection Set: 6.8ms
[27.484s][info][gc,phases      ] GC(45)   Other: 3.7ms
[27.484s][info][gc,heap        ] GC(45) Eden regions: 43->0(44)
[27.484s][info][gc,heap        ] GC(45) Survivor regions: 2->1(6)
[27.484s][info][gc,heap        ] GC(45) Old regions: 8->8
[27.484s][info][gc,heap        ] GC(45) Humongous regions: 2->2
[27.484s][info][gc,metaspace   ] GC(45) Metaspace: 20209K->20209K(1069056K)
[27.484s][info][gc             ] GC(45) Pause Young (Normal) (G1 Evacuation Pause) 54M->10M(76M) 21.502ms
[27.484s][info][gc,cpu         ] GC(45) User=0.00s Sys=0.00s Real=0.02s
[28.860s][info][gc,start       ] GC(46) Pause Young (Normal) (G1 Evacuation Pause)
[28.860s][info][gc,task        ] GC(46) Using 1 workers of 1 for evacuation
[28.866s][info][gc,phases      ] GC(46)   Pre Evacuate Collection Set: 0.0ms
[28.867s][info][gc,phases      ] GC(46)   Evacuate Collection Set: 6.2ms
[28.867s][info][gc,phases      ] GC(46)   Post Evacuate Collection Set: 0.1ms
[28.867s][info][gc,phases      ] GC(46)   Other: 0.5ms
[28.867s][info][gc,heap        ] GC(46) Eden regions: 44->0(43)
[28.867s][info][gc,heap        ] GC(46) Survivor regions: 1->2(6)
[28.867s][info][gc,heap        ] GC(46) Old regions: 8->8
[28.867s][info][gc,heap        ] GC(46) Humongous regions: 2->2
[28.867s][info][gc,metaspace   ] GC(46) Metaspace: 20279K->20279K(1069056K)
[28.867s][info][gc             ] GC(46) Pause Young (Normal) (G1 Evacuation Pause) 54M->11M(76M) 7.152ms
[28.867s][info][gc,cpu         ] GC(46) User=0.00s Sys=0.00s Real=0.00s
[29.598s][info][gc,start       ] GC(47) Pause Young (Normal) (G1 Evacuation Pause)
[29.598s][info][gc,task        ] GC(47) Using 1 workers of 1 for evacuation
[29.605s][info][gc,phases      ] GC(47)   Pre Evacuate Collection Set: 0.0ms
[29.607s][info][gc,phases      ] GC(47)   Evacuate Collection Set: 6.7ms
[29.607s][info][gc,phases      ] GC(47)   Post Evacuate Collection Set: 0.1ms
[29.607s][info][gc,phases      ] GC(47)   Other: 0.2ms
[29.607s][info][gc,heap        ] GC(47) Eden regions: 43->0(43)
[29.607s][info][gc,heap        ] GC(47) Survivor regions: 2->2(6)
[29.607s][info][gc,heap        ] GC(47) Old regions: 8->8
[29.607s][info][gc,heap        ] GC(47) Humongous regions: 2->2
[29.607s][info][gc,metaspace   ] GC(47) Metaspace: 20314K->20314K(1069056K)
[29.607s][info][gc             ] GC(47) Pause Young (Normal) (G1 Evacuation Pause) 54M->10M(76M) 9.083ms
[29.608s][info][gc,cpu         ] GC(47) User=0.00s Sys=0.00s Real=0.02s
[30.388s][info][gc,start       ] GC(48) Pause Young (Normal) (G1 Evacuation Pause)
[30.388s][info][gc,task        ] GC(48) Using 1 workers of 1 for evacuation
[30.390s][info][gc,phases      ] GC(48)   Pre Evacuate Collection Set: 0.0ms
[30.390s][info][gc,phases      ] GC(48)   Evacuate Collection Set: 2.0ms
[30.390s][info][gc,phases      ] GC(48)   Post Evacuate Collection Set: 0.1ms
[30.390s][info][gc,phases      ] GC(48)   Other: 0.3ms
[30.390s][info][gc,heap        ] GC(48) Eden regions: 43->0(44)
[30.390s][info][gc,heap        ] GC(48) Survivor regions: 2->1(6)
[30.390s][info][gc,heap        ] GC(48) Old regions: 8->8
[30.390s][info][gc,heap        ] GC(48) Humongous regions: 2->2
[30.390s][info][gc,metaspace   ] GC(48) Metaspace: 20414K->20414K(1069056K)
[30.390s][info][gc             ] GC(48) Pause Young (Normal) (G1 Evacuation Pause) 53M->10M(76M) 2.536ms
[30.390s][info][gc,cpu         ] GC(48) User=0.01s Sys=0.00s Real=0.00s
[30.434s][info][gc,start       ] GC(49) Pause Young (Concurrent Start) (Metadata GC Threshold)
[30.434s][info][gc,task        ] GC(49) Using 1 workers of 1 for evacuation
[30.441s][info][gc,phases      ] GC(49)   Pre Evacuate Collection Set: 0.0ms
[30.441s][info][gc,phases      ] GC(49)   Evacuate Collection Set: 6.6ms
[30.441s][info][gc,phases      ] GC(49)   Post Evacuate Collection Set: 0.1ms
[30.441s][info][gc,phases      ] GC(49)   Other: 0.2ms
[30.441s][info][gc,heap        ] GC(49) Eden regions: 5->0(28)
[30.441s][info][gc,heap        ] GC(49) Survivor regions: 1->2(6)
[30.441s][info][gc,heap        ] GC(49) Old regions: 8->8
[30.441s][info][gc,heap        ] GC(49) Humongous regions: 2->2
[30.441s][info][gc,metaspace   ] GC(49) Metaspace: 20417K->20417K(1069056K)
[30.441s][info][gc             ] GC(49) Pause Young (Concurrent Start) (Metadata GC Threshold) 15M->11M(76M) 7.064ms
[30.441s][info][gc,cpu         ] GC(49) User=0.00s Sys=0.00s Real=0.01s
[30.441s][info][gc             ] GC(50) Concurrent Cycle
[30.442s][info][gc,marking     ] GC(50) Concurrent Clear Claimed Marks
[30.442s][info][gc,marking     ] GC(50) Concurrent Clear Claimed Marks 0.045ms
[30.442s][info][gc,marking     ] GC(50) Concurrent Scan Root Regions
[30.442s][info][gc,marking     ] GC(50) Concurrent Scan Root Regions 0.685ms
[30.442s][info][gc,marking     ] GC(50) Concurrent Mark (30.442s)
[30.442s][info][gc,marking     ] GC(50) Concurrent Mark From Roots
[30.442s][info][gc,task        ] GC(50) Using 1 workers of 1 for marking
[30.566s][info][gc,marking     ] GC(50) Concurrent Mark From Roots 123.321ms
[30.566s][info][gc,marking     ] GC(50) Concurrent Preclean
[30.566s][info][gc,marking     ] GC(50) Concurrent Preclean 0.107ms
[30.566s][info][gc,marking     ] GC(50) Concurrent Mark (30.442s, 30.566s) 123.645ms
[30.568s][info][gc,start       ] GC(50) Pause Remark
[30.600s][info][gc,stringtable ] GC(50) Cleaned string and symbol table, strings: 13177 processed, 26 removed, symbols: 44802 processed, 101 removed
[30.600s][info][gc             ] GC(50) Pause Remark 15M->15M(76M) 31.891ms
[30.600s][info][gc,cpu         ] GC(50) User=0.02s Sys=0.00s Real=0.03s
[30.608s][info][gc,marking     ] GC(50) Concurrent Rebuild Remembered Sets
[30.620s][info][gc,marking     ] GC(50) Concurrent Rebuild Remembered Sets 11.977ms
[30.625s][info][gc,start       ] GC(50) Pause Cleanup
[30.625s][info][gc             ] GC(50) Pause Cleanup 16M->16M(76M) 0.099ms
[30.625s][info][gc,cpu         ] GC(50) User=0.00s Sys=0.00s Real=0.00s
[30.625s][info][gc,marking     ] GC(50) Concurrent Cleanup for Next Mark
[30.632s][info][gc,marking     ] GC(50) Concurrent Cleanup for Next Mark 6.906ms
[30.632s][info][gc             ] GC(50) Concurrent Cycle 190.931ms
[31.112s][info][gc,start       ] GC(51) Pause Young (Normal) (G1 Evacuation Pause)
[31.112s][info][gc,task        ] GC(51) Using 1 workers of 1 for evacuation
[31.118s][info][gc,phases      ] GC(51)   Pre Evacuate Collection Set: 0.0ms
[31.118s][info][gc,phases      ] GC(51)   Evacuate Collection Set: 6.1ms
[31.118s][info][gc,phases      ] GC(51)   Post Evacuate Collection Set: 0.1ms
[31.119s][info][gc,phases      ] GC(51)   Other: 0.2ms
[31.119s][info][gc,heap        ] GC(51) Eden regions: 28->0(31)
[31.119s][info][gc,heap        ] GC(51) Survivor regions: 2->2(4)
[31.119s][info][gc,heap        ] GC(51) Old regions: 8->8
[31.119s][info][gc,heap        ] GC(51) Humongous regions: 2->2
[31.119s][info][gc,metaspace   ] GC(51) Metaspace: 20435K->20435K(1069056K)
[31.119s][info][gc             ] GC(51) Pause Young (Normal) (G1 Evacuation Pause) 39M->11M(76M) 6.709ms
[31.119s][info][gc,cpu         ] GC(51) User=0.01s Sys=0.00s Real=0.00s
[31.593s][info][gc,start       ] GC(52) Pause Young (Normal) (G1 Evacuation Pause)
[31.594s][info][gc,task        ] GC(52) Using 1 workers of 1 for evacuation
[31.596s][info][gc,phases      ] GC(52)   Pre Evacuate Collection Set: 0.0ms
[31.596s][info][gc,phases      ] GC(52)   Evacuate Collection Set: 2.6ms
[31.596s][info][gc,phases      ] GC(52)   Post Evacuate Collection Set: 0.1ms
[31.596s][info][gc,phases      ] GC(52)   Other: 0.3ms
[31.597s][info][gc,heap        ] GC(52) Eden regions: 31->0(34)
[31.597s][info][gc,heap        ] GC(52) Survivor regions: 2->2(5)
[31.597s][info][gc,heap        ] GC(52) Old regions: 8->8
[31.597s][info][gc,heap        ] GC(52) Humongous regions: 2->2
[31.597s][info][gc,metaspace   ] GC(52) Metaspace: 20449K->20449K(1069056K)
[31.597s][info][gc             ] GC(52) Pause Young (Normal) (G1 Evacuation Pause) 42M->10M(76M) 3.279ms
[31.597s][info][gc,cpu         ] GC(52) User=0.00s Sys=0.00s Real=0.00s
[32.483s][info][gc,start       ] GC(53) Pause Young (Normal) (G1 Evacuation Pause)
[32.483s][info][gc,task        ] GC(53) Using 1 workers of 1 for evacuation
[32.537s][info][gc,phases      ] GC(53)   Pre Evacuate Collection Set: 0.0ms
[32.537s][info][gc,phases      ] GC(53)   Evacuate Collection Set: 54.1ms
[32.537s][info][gc,phases      ] GC(53)   Post Evacuate Collection Set: 0.1ms
[32.537s][info][gc,phases      ] GC(53)   Other: 0.3ms
[32.537s][info][gc,heap        ] GC(53) Eden regions: 34->0(37)
[32.537s][info][gc,heap        ] GC(53) Survivor regions: 2->1(5)
[32.537s][info][gc,heap        ] GC(53) Old regions: 8->8
[32.538s][info][gc,heap        ] GC(53) Humongous regions: 2->2
[32.538s][info][gc,metaspace   ] GC(53) Metaspace: 20501K->20501K(1069056K)
[32.538s][info][gc             ] GC(53) Pause Young (Normal) (G1 Evacuation Pause) 44M->10M(76M) 54.765ms
[32.538s][info][gc,cpu         ] GC(53) User=0.02s Sys=0.00s Real=0.05s
[33.377s][info][gc,start       ] GC(54) Pause Young (Normal) (G1 Evacuation Pause)
[33.377s][info][gc,task        ] GC(54) Using 1 workers of 1 for evacuation
[33.414s][info][gc,phases      ] GC(54)   Pre Evacuate Collection Set: 0.0ms
[33.414s][info][gc,phases      ] GC(54)   Evacuate Collection Set: 37.2ms
[33.414s][info][gc,phases      ] GC(54)   Post Evacuate Collection Set: 0.1ms
[33.414s][info][gc,phases      ] GC(54)   Other: 0.3ms
[33.414s][info][gc,heap        ] GC(54) Eden regions: 37->0(38)
[33.414s][info][gc,heap        ] GC(54) Survivor regions: 1->2(5)
[33.414s][info][gc,heap        ] GC(54) Old regions: 8->8
[33.414s][info][gc,heap        ] GC(54) Humongous regions: 2->2
[33.414s][info][gc,metaspace   ] GC(54) Metaspace: 20534K->20534K(1069056K)
[33.415s][info][gc             ] GC(54) Pause Young (Normal) (G1 Evacuation Pause) 47M->10M(76M) 37.788ms
[33.415s][info][gc,cpu         ] GC(54) User=0.01s Sys=0.00s Real=0.04s
[33.964s][info][gc,start       ] GC(55) Pause Young (Normal) (G1 Evacuation Pause)
[33.964s][info][gc,task        ] GC(55) Using 1 workers of 1 for evacuation
[33.967s][info][gc,phases      ] GC(55)   Pre Evacuate Collection Set: 0.0ms
[33.977s][info][gc,phases      ] GC(55)   Evacuate Collection Set: 2.4ms
[33.977s][info][gc,phases      ] GC(55)   Post Evacuate Collection Set: 0.2ms
[33.977s][info][gc,phases      ] GC(55)   Other: 0.3ms
[33.977s][info][gc,heap        ] GC(55) Eden regions: 38->0(47)
[33.977s][info][gc,heap        ] GC(55) Survivor regions: 2->2(5)
[33.977s][info][gc,heap        ] GC(55) Old regions: 8->8
[33.977s][info][gc,heap        ] GC(55) Humongous regions: 2->2
[33.977s][info][gc,metaspace   ] GC(55) Metaspace: 20541K->20541K(1069056K)
[33.977s][info][gc             ] GC(55) Pause Young (Normal) (G1 Evacuation Pause) 48M->11M(92M) 13.138ms
[33.977s][info][gc,cpu         ] GC(55) User=0.00s Sys=0.00s Real=0.01s
[34.776s][info][gc,start       ] GC(56) Pause Young (Normal) (G1 Evacuation Pause)
[34.776s][info][gc,task        ] GC(56) Using 1 workers of 1 for evacuation
[34.788s][info][gc,phases      ] GC(56)   Pre Evacuate Collection Set: 0.0ms
[34.788s][info][gc,phases      ] GC(56)   Evacuate Collection Set: 12.4ms
[34.788s][info][gc,phases      ] GC(56)   Post Evacuate Collection Set: 0.1ms
[34.788s][info][gc,phases      ] GC(56)   Other: 0.2ms
[34.788s][info][gc,heap        ] GC(56) Eden regions: 47->0(51)
[34.788s][info][gc,heap        ] GC(56) Survivor regions: 2->1(7)
[34.788s][info][gc,heap        ] GC(56) Old regions: 8->8
[34.788s][info][gc,heap        ] GC(56) Humongous regions: 2->2
[34.788s][info][gc,metaspace   ] GC(56) Metaspace: 20578K->20578K(1069056K)
[34.789s][info][gc             ] GC(56) Pause Young (Normal) (G1 Evacuation Pause) 58M->10M(92M) 12.903ms
[34.789s][info][gc,cpu         ] GC(56) User=0.00s Sys=0.00s Real=0.02s
[36.005s][info][gc,start       ] GC(57) Pause Young (Normal) (G1 Evacuation Pause)
[36.006s][info][gc,task        ] GC(57) Using 1 workers of 1 for evacuation
[36.008s][info][gc,phases      ] GC(57)   Pre Evacuate Collection Set: 0.0ms
[36.008s][info][gc,phases      ] GC(57)   Evacuate Collection Set: 2.6ms
[36.008s][info][gc,phases      ] GC(57)   Post Evacuate Collection Set: 0.1ms
[36.009s][info][gc,phases      ] GC(57)   Other: 0.5ms
[36.009s][info][gc,heap        ] GC(57) Eden regions: 51->0(52)
[36.009s][info][gc,heap        ] GC(57) Survivor regions: 1->2(7)
[36.009s][info][gc,heap        ] GC(57) Old regions: 8->8
[36.009s][info][gc,heap        ] GC(57) Humongous regions: 2->2
[36.009s][info][gc,metaspace   ] GC(57) Metaspace: 20675K->20675K(1069056K)
[36.009s][info][gc             ] GC(57) Pause Young (Normal) (G1 Evacuation Pause) 61M->11M(92M) 3.357ms
[36.009s][info][gc,cpu         ] GC(57) User=0.00s Sys=0.00s Real=0.01s
[37.557s][info][gc,start       ] GC(58) Pause Young (Normal) (G1 Evacuation Pause)
[37.557s][info][gc,task        ] GC(58) Using 1 workers of 1 for evacuation
[37.575s][info][gc,phases      ] GC(58)   Pre Evacuate Collection Set: 0.0ms
[37.575s][info][gc,phases      ] GC(58)   Evacuate Collection Set: 17.7ms
[37.575s][info][gc,phases      ] GC(58)   Post Evacuate Collection Set: 0.1ms
[37.575s][info][gc,phases      ] GC(58)   Other: 0.2ms
[37.575s][info][gc,heap        ] GC(58) Eden regions: 52->0(53)
[37.575s][info][gc,heap        ] GC(58) Survivor regions: 2->2(7)
[37.575s][info][gc,heap        ] GC(58) Old regions: 8->8
[37.575s][info][gc,heap        ] GC(58) Humongous regions: 2->2
[37.575s][info][gc,metaspace   ] GC(58) Metaspace: 20728K->20728K(1069056K)
[37.575s][info][gc             ] GC(58) Pause Young (Normal) (G1 Evacuation Pause) 63M->10M(92M) 18.277ms
[37.575s][info][gc,cpu         ] GC(58) User=0.00s Sys=0.00s Real=0.02s
[38.189s][info][gc,start       ] GC(59) Pause Young (Normal) (G1 Evacuation Pause)
[38.189s][info][gc,task        ] GC(59) Using 1 workers of 1 for evacuation
[38.192s][info][gc,phases      ] GC(59)   Pre Evacuate Collection Set: 0.0ms
[38.196s][info][gc,phases      ] GC(59)   Evacuate Collection Set: 3.1ms
[38.196s][info][gc,phases      ] GC(59)   Post Evacuate Collection Set: 0.1ms
[38.196s][info][gc,phases      ] GC(59)   Other: 0.3ms
[38.196s][info][gc,heap        ] GC(59) Eden regions: 53->0(53)
[38.196s][info][gc,heap        ] GC(59) Survivor regions: 2->2(7)
[38.196s][info][gc,heap        ] GC(59) Old regions: 8->8
[38.196s][info][gc,heap        ] GC(59) Humongous regions: 2->2
[38.196s][info][gc,metaspace   ] GC(59) Metaspace: 20755K->20755K(1069056K)
[38.196s][info][gc             ] GC(59) Pause Young (Normal) (G1 Evacuation Pause) 63M->11M(92M) 6.949ms
[38.196s][info][gc,cpu         ] GC(59) User=0.01s Sys=0.00s Real=0.00s
[38.948s][info][gc,start       ] GC(60) Pause Young (Normal) (G1 Evacuation Pause)
[38.948s][info][gc,task        ] GC(60) Using 1 workers of 1 for evacuation
[38.953s][info][gc,phases      ] GC(60)   Pre Evacuate Collection Set: 0.0ms
[38.953s][info][gc,phases      ] GC(60)   Evacuate Collection Set: 4.7ms
[38.953s][info][gc,phases      ] GC(60)   Post Evacuate Collection Set: 0.1ms
[38.953s][info][gc,phases      ] GC(60)   Other: 0.3ms
[38.953s][info][gc,heap        ] GC(60) Eden regions: 53->0(54)
[38.953s][info][gc,heap        ] GC(60) Survivor regions: 2->1(7)
[38.953s][info][gc,heap        ] GC(60) Old regions: 8->8
[38.953s][info][gc,heap        ] GC(60) Humongous regions: 2->2
[38.953s][info][gc,metaspace   ] GC(60) Metaspace: 20815K->20815K(1069056K)
[38.953s][info][gc             ] GC(60) Pause Young (Normal) (G1 Evacuation Pause) 64M->10M(92M) 5.226ms
[38.953s][info][gc,cpu         ] GC(60) User=0.00s Sys=0.00s Real=0.00s
[40.199s][info][gc,start       ] GC(61) Pause Young (Normal) (G1 Evacuation Pause)
[40.199s][info][gc,task        ] GC(61) Using 1 workers of 1 for evacuation
[40.201s][info][gc,phases      ] GC(61)   Pre Evacuate Collection Set: 0.0ms
[40.201s][info][gc,phases      ] GC(61)   Evacuate Collection Set: 2.0ms
[40.201s][info][gc,phases      ] GC(61)   Post Evacuate Collection Set: 0.1ms
[40.201s][info][gc,phases      ] GC(61)   Other: 0.4ms
[40.201s][info][gc,heap        ] GC(61) Eden regions: 54->0(54)
[40.202s][info][gc,heap        ] GC(61) Survivor regions: 1->1(7)
[40.202s][info][gc,heap        ] GC(61) Old regions: 8->8
[40.202s][info][gc,heap        ] GC(61) Humongous regions: 2->2
[40.202s][info][gc,metaspace   ] GC(61) Metaspace: 20937K->20937K(1069056K)
[40.202s][info][gc             ] GC(61) Pause Young (Normal) (G1 Evacuation Pause) 64M->10M(92M) 2.714ms
[40.202s][info][gc,cpu         ] GC(61) User=0.00s Sys=0.00s Real=0.01s
[41.665s][info][gc,start       ] GC(62) Pause Young (Normal) (G1 Evacuation Pause)
[41.675s][info][gc,task        ] GC(62) Using 1 workers of 1 for evacuation
[41.679s][info][gc,phases      ] GC(62)   Pre Evacuate Collection Set: 0.0ms
[41.679s][info][gc,phases      ] GC(62)   Evacuate Collection Set: 3.9ms
[41.679s][info][gc,phases      ] GC(62)   Post Evacuate Collection Set: 0.1ms
[41.679s][info][gc,phases      ] GC(62)   Other: 9.8ms
[41.680s][info][gc,heap        ] GC(62) Eden regions: 54->0(53)
[41.680s][info][gc,heap        ] GC(62) Survivor regions: 1->2(7)
[41.680s][info][gc,heap        ] GC(62) Old regions: 8->8
[41.680s][info][gc,heap        ] GC(62) Humongous regions: 2->2
[41.680s][info][gc,metaspace   ] GC(62) Metaspace: 20967K->20967K(1069056K)
[41.680s][info][gc             ] GC(62) Pause Young (Normal) (G1 Evacuation Pause) 64M->11M(92M) 14.305ms
[41.680s][info][gc,cpu         ] GC(62) User=0.01s Sys=0.00s Real=0.02s
[42.342s][info][gc,start       ] GC(63) Pause Young (Normal) (G1 Evacuation Pause)
[42.342s][info][gc,task        ] GC(63) Using 1 workers of 1 for evacuation
[42.347s][info][gc,phases      ] GC(63)   Pre Evacuate Collection Set: 0.0ms
[42.347s][info][gc,phases      ] GC(63)   Evacuate Collection Set: 4.9ms
[42.347s][info][gc,phases      ] GC(63)   Post Evacuate Collection Set: 0.1ms
[42.347s][info][gc,phases      ] GC(63)   Other: 0.2ms
[42.347s][info][gc,heap        ] GC(63) Eden regions: 53->0(54)
[42.347s][info][gc,heap        ] GC(63) Survivor regions: 2->1(7)
[42.347s][info][gc,heap        ] GC(63) Old regions: 8->8
[42.347s][info][gc,heap        ] GC(63) Humongous regions: 2->2
[42.347s][info][gc,metaspace   ] GC(63) Metaspace: 20995K->20995K(1069056K)
[42.347s][info][gc             ] GC(63) Pause Young (Normal) (G1 Evacuation Pause) 64M->10M(92M) 5.478ms
[42.347s][info][gc,cpu         ] GC(63) User=0.00s Sys=0.00s Real=0.00s
[43.537s][info][gc,start       ] GC(64) Pause Young (Normal) (G1 Evacuation Pause)
[43.537s][info][gc,task        ] GC(64) Using 1 workers of 1 for evacuation
[43.539s][info][gc,phases      ] GC(64)   Pre Evacuate Collection Set: 0.0ms
[43.544s][info][gc,phases      ] GC(64)   Evacuate Collection Set: 2.2ms
[43.544s][info][gc,phases      ] GC(64)   Post Evacuate Collection Set: 0.1ms
[43.544s][info][gc,phases      ] GC(64)   Other: 0.2ms
[43.544s][info][gc,heap        ] GC(64) Eden regions: 54->0(54)
[43.544s][info][gc,heap        ] GC(64) Survivor regions: 1->1(7)
[43.544s][info][gc,heap        ] GC(64) Old regions: 8->8
[43.544s][info][gc,heap        ] GC(64) Humongous regions: 2->2
[43.544s][info][gc,metaspace   ] GC(64) Metaspace: 21078K->21078K(1069056K)
[43.544s][info][gc             ] GC(64) Pause Young (Normal) (G1 Evacuation Pause) 64M->10M(92M) 7.109ms
[43.544s][info][gc,cpu         ] GC(64) User=0.00s Sys=0.00s Real=0.01s
[44.456s][info][gc,start       ] GC(65) Pause Young (Normal) (G1 Evacuation Pause)
[44.456s][info][gc,task        ] GC(65) Using 1 workers of 1 for evacuation
[44.464s][info][gc,phases      ] GC(65)   Pre Evacuate Collection Set: 0.0ms
[44.468s][info][gc,phases      ] GC(65)   Evacuate Collection Set: 7.4ms
[44.468s][info][gc,phases      ] GC(65)   Post Evacuate Collection Set: 0.1ms
[44.468s][info][gc,phases      ] GC(65)   Other: 0.3ms
[44.468s][info][gc,heap        ] GC(65) Eden regions: 54->0(53)
[44.468s][info][gc,heap        ] GC(65) Survivor regions: 1->2(7)
[44.468s][info][gc,heap        ] GC(65) Old regions: 8->8
[44.468s][info][gc,heap        ] GC(65) Humongous regions: 2->2
[44.468s][info][gc,metaspace   ] GC(65) Metaspace: 21124K->21124K(1069056K)
[44.468s][info][gc             ] GC(65) Pause Young (Normal) (G1 Evacuation Pause) 64M->11M(92M) 11.354ms
[44.468s][info][gc,cpu         ] GC(65) User=0.00s Sys=0.00s Real=0.02s
[45.841s][info][gc,start       ] GC(66) Pause Young (Normal) (G1 Evacuation Pause)
[45.847s][info][gc,task        ] GC(66) Using 1 workers of 1 for evacuation
[45.857s][info][gc,phases      ] GC(66)   Pre Evacuate Collection Set: 0.0ms
[45.857s][info][gc,phases      ] GC(66)   Evacuate Collection Set: 9.8ms
[45.857s][info][gc,phases      ] GC(66)   Post Evacuate Collection Set: 0.1ms
[45.858s][info][gc,phases      ] GC(66)   Other: 6.0ms
[45.858s][info][gc,heap        ] GC(66) Eden regions: 53->0(54)
[45.858s][info][gc,heap        ] GC(66) Survivor regions: 2->1(7)
[45.858s][info][gc,heap        ] GC(66) Old regions: 8->8
[45.858s][info][gc,heap        ] GC(66) Humongous regions: 2->2
[45.858s][info][gc,metaspace   ] GC(66) Metaspace: 21187K->21187K(1069056K)
[45.858s][info][gc             ] GC(66) Pause Young (Normal) (G1 Evacuation Pause) 64M->10M(92M) 16.212ms
[45.858s][info][gc,cpu         ] GC(66) User=0.01s Sys=0.00s Real=0.01s
[47.052s][info][gc,start       ] GC(67) Pause Young (Normal) (G1 Evacuation Pause)
[47.052s][info][gc,task        ] GC(67) Using 1 workers of 1 for evacuation
[47.054s][info][gc,phases      ] GC(67)   Pre Evacuate Collection Set: 0.0ms
[47.054s][info][gc,phases      ] GC(67)   Evacuate Collection Set: 2.4ms
[47.054s][info][gc,phases      ] GC(67)   Post Evacuate Collection Set: 0.1ms
[47.054s][info][gc,phases      ] GC(67)   Other: 0.3ms
[47.054s][info][gc,heap        ] GC(67) Eden regions: 54->0(53)
[47.055s][info][gc,heap        ] GC(67) Survivor regions: 1->2(7)
[47.055s][info][gc,heap        ] GC(67) Old regions: 8->8
[47.055s][info][gc,heap        ] GC(67) Humongous regions: 2->2
[47.055s][info][gc,metaspace   ] GC(67) Metaspace: 21194K->21194K(1069056K)
[47.055s][info][gc             ] GC(67) Pause Young (Normal) (G1 Evacuation Pause) 64M->11M(92M) 2.982ms
[47.055s][info][gc,cpu         ] GC(67) User=0.00s Sys=0.00s Real=0.00s
[47.685s][info][gc,start       ] GC(68) Pause Young (Normal) (G1 Evacuation Pause)
[47.685s][info][gc,task        ] GC(68) Using 1 workers of 1 for evacuation
[47.707s][info][gc,phases      ] GC(68)   Pre Evacuate Collection Set: 0.0ms
[47.707s][info][gc,phases      ] GC(68)   Evacuate Collection Set: 21.3ms
[47.707s][info][gc,phases      ] GC(68)   Post Evacuate Collection Set: 0.1ms
[47.707s][info][gc,phases      ] GC(68)   Other: 0.3ms
[47.707s][info][gc,heap        ] GC(68) Eden regions: 53->0(54)
[47.707s][info][gc,heap        ] GC(68) Survivor regions: 2->1(7)
[47.707s][info][gc,heap        ] GC(68) Old regions: 8->8
[47.707s][info][gc,heap        ] GC(68) Humongous regions: 2->2
[47.707s][info][gc,metaspace   ] GC(68) Metaspace: 21263K->21263K(1069056K)
[47.707s][info][gc             ] GC(68) Pause Young (Normal) (G1 Evacuation Pause) 64M->10M(92M) 21.915ms
[47.707s][info][gc,cpu         ] GC(68) User=0.01s Sys=0.00s Real=0.02s
[48.715s][info][gc,start       ] GC(69) Pause Young (Normal) (G1 Evacuation Pause)
[48.745s][info][gc,task        ] GC(69) Using 1 workers of 1 for evacuation
[48.747s][info][gc,phases      ] GC(69)   Pre Evacuate Collection Set: 0.0ms
[48.747s][info][gc,phases      ] GC(69)   Evacuate Collection Set: 2.2ms
[48.747s][info][gc,phases      ] GC(69)   Post Evacuate Collection Set: 0.1ms
[48.747s][info][gc,phases      ] GC(69)   Other: 29.9ms
[48.747s][info][gc,heap        ] GC(69) Eden regions: 54->0(53)
[48.747s][info][gc,heap        ] GC(69) Survivor regions: 1->2(7)
[48.747s][info][gc,heap        ] GC(69) Old regions: 8->8
[48.747s][info][gc,heap        ] GC(69) Humongous regions: 2->2
[48.747s][info][gc,metaspace   ] GC(69) Metaspace: 21353K->21353K(1069056K)
[48.747s][info][gc             ] GC(69) Pause Young (Normal) (G1 Evacuation Pause) 64M->10M(92M) 32.313ms
[48.747s][info][gc,cpu         ] GC(69) User=0.00s Sys=0.00s Real=0.03s
[49.694s][info][gc,start       ] GC(70) Pause Young (Normal) (G1 Evacuation Pause)
[49.695s][info][gc,task        ] GC(70) Using 1 workers of 1 for evacuation
[49.704s][info][gc,phases      ] GC(70)   Pre Evacuate Collection Set: 0.0ms
[49.704s][info][gc,phases      ] GC(70)   Evacuate Collection Set: 8.7ms
[49.704s][info][gc,phases      ] GC(70)   Post Evacuate Collection Set: 0.1ms
[49.704s][info][gc,phases      ] GC(70)   Other: 0.3ms
[49.704s][info][gc,heap        ] GC(70) Eden regions: 53->0(53)
[49.704s][info][gc,heap        ] GC(70) Survivor regions: 2->2(7)
[49.704s][info][gc,heap        ] GC(70) Old regions: 8->8
[49.704s][info][gc,heap        ] GC(70) Humongous regions: 2->2
[49.704s][info][gc,metaspace   ] GC(70) Metaspace: 21366K->21366K(1069056K)
[49.704s][info][gc             ] GC(70) Pause Young (Normal) (G1 Evacuation Pause) 63M->10M(92M) 9.277ms
[49.704s][info][gc,cpu         ] GC(70) User=0.01s Sys=0.00s Real=0.01s
[51.133s][info][gc,start       ] GC(71) Pause Young (Normal) (G1 Evacuation Pause)
[51.133s][info][gc,task        ] GC(71) Using 1 workers of 1 for evacuation
[51.140s][info][gc,phases      ] GC(71)   Pre Evacuate Collection Set: 0.0ms
[51.140s][info][gc,phases      ] GC(71)   Evacuate Collection Set: 6.6ms
[51.140s][info][gc,phases      ] GC(71)   Post Evacuate Collection Set: 0.1ms
[51.140s][info][gc,phases      ] GC(71)   Other: 0.3ms
[51.140s][info][gc,heap        ] GC(71) Eden regions: 53->0(53)
[51.140s][info][gc,heap        ] GC(71) Survivor regions: 2->2(7)
[51.140s][info][gc,heap        ] GC(71) Old regions: 8->8
[51.140s][info][gc,heap        ] GC(71) Humongous regions: 2->2
[51.140s][info][gc,metaspace   ] GC(71) Metaspace: 21445K->21445K(1069056K)
[51.140s][info][gc             ] GC(71) Pause Young (Normal) (G1 Evacuation Pause) 63M->11M(92M) 7.116ms
[51.140s][info][gc,cpu         ] GC(71) User=0.00s Sys=0.00s Real=0.01s
[51.685s][info][gc,start       ] GC(72) Pause Young (Normal) (G1 Evacuation Pause)
[51.685s][info][gc,task        ] GC(72) Using 1 workers of 1 for evacuation
[51.690s][info][gc,phases      ] GC(72)   Pre Evacuate Collection Set: 0.0ms
[51.692s][info][gc,phases      ] GC(72)   Evacuate Collection Set: 4.8ms
[51.692s][info][gc,phases      ] GC(72)   Post Evacuate Collection Set: 0.1ms
[51.692s][info][gc,phases      ] GC(72)   Other: 0.2ms
[51.692s][info][gc,heap        ] GC(72) Eden regions: 53->0(54)
[51.692s][info][gc,heap        ] GC(72) Survivor regions: 2->1(7)
[51.692s][info][gc,heap        ] GC(72) Old regions: 8->8
[51.692s][info][gc,heap        ] GC(72) Humongous regions: 2->2
[51.692s][info][gc,metaspace   ] GC(72) Metaspace: 21504K->21504K(1071104K)
[51.692s][info][gc             ] GC(72) Pause Young (Normal) (G1 Evacuation Pause) 64M->10M(92M) 7.024ms
[51.692s][info][gc,cpu         ] GC(72) User=0.00s Sys=0.00s Real=0.01s
[53.095s][info][gc,start       ] GC(73) Pause Young (Normal) (G1 Evacuation Pause)
[53.095s][info][gc,task        ] GC(73) Using 1 workers of 1 for evacuation
[53.098s][info][gc,phases      ] GC(73)   Pre Evacuate Collection Set: 0.0ms
[53.098s][info][gc,phases      ] GC(73)   Evacuate Collection Set: 2.2ms
[53.098s][info][gc,phases      ] GC(73)   Post Evacuate Collection Set: 0.1ms
[53.098s][info][gc,phases      ] GC(73)   Other: 0.3ms
[53.098s][info][gc,heap        ] GC(73) Eden regions: 54->0(53)
[53.098s][info][gc,heap        ] GC(73) Survivor regions: 1->2(7)
[53.098s][info][gc,heap        ] GC(73) Old regions: 8->8
[53.098s][info][gc,heap        ] GC(73) Humongous regions: 2->2
[53.098s][info][gc,metaspace   ] GC(73) Metaspace: 21572K->21572K(1071104K)
[53.098s][info][gc             ] GC(73) Pause Young (Normal) (G1 Evacuation Pause) 64M->10M(92M) 2.808ms
[53.098s][info][gc,cpu         ] GC(73) User=0.00s Sys=0.00s Real=0.00s
[53.791s][info][gc,start       ] GC(74) Pause Young (Normal) (G1 Evacuation Pause)
[53.791s][info][gc,task        ] GC(74) Using 1 workers of 1 for evacuation
[53.793s][info][gc,phases      ] GC(74)   Pre Evacuate Collection Set: 0.0ms
[53.796s][info][gc,phases      ] GC(74)   Evacuate Collection Set: 2.0ms
[53.796s][info][gc,phases      ] GC(74)   Post Evacuate Collection Set: 0.1ms
[53.796s][info][gc,phases      ] GC(74)   Other: 0.2ms
[53.796s][info][gc,heap        ] GC(74) Eden regions: 53->0(54)
[53.796s][info][gc,heap        ] GC(74) Survivor regions: 2->1(7)
[53.796s][info][gc,heap        ] GC(74) Old regions: 8->8
[53.796s][info][gc,heap        ] GC(74) Humongous regions: 2->2
[53.796s][info][gc,metaspace   ] GC(74) Metaspace: 21588K->21588K(1071104K)
[53.796s][info][gc             ] GC(74) Pause Young (Normal) (G1 Evacuation Pause) 63M->10M(92M) 4.568ms
[53.796s][info][gc,cpu         ] GC(74) User=0.00s Sys=0.00s Real=0.00s
[55.368s][info][gc,start       ] GC(75) Pause Young (Normal) (G1 Evacuation Pause)
[55.370s][info][gc,task        ] GC(75) Using 1 workers of 1 for evacuation
[55.384s][info][gc,phases      ] GC(75)   Pre Evacuate Collection Set: 2.3ms
[55.384s][info][gc,phases      ] GC(75)   Evacuate Collection Set: 8.0ms
[55.384s][info][gc,phases      ] GC(75)   Post Evacuate Collection Set: 0.1ms
[55.384s][info][gc,phases      ] GC(75)   Other: 7.7ms
[55.384s][info][gc,heap        ] GC(75) Eden regions: 54->0(53)
[55.384s][info][gc,heap        ] GC(75) Survivor regions: 1->2(7)
[55.384s][info][gc,heap        ] GC(75) Old regions: 8->8
[55.384s][info][gc,heap        ] GC(75) Humongous regions: 2->2
[55.384s][info][gc,metaspace   ] GC(75) Metaspace: 21620K->21620K(1071104K)
[55.384s][info][gc             ] GC(75) Pause Young (Normal) (G1 Evacuation Pause) 64M->10M(92M) 16.336ms
[55.384s][info][gc,cpu         ] GC(75) User=0.00s Sys=0.00s Real=0.01s
[55.891s][info][gc,start       ] GC(76) Pause Young (Normal) (G1 Evacuation Pause)
[55.891s][info][gc,task        ] GC(76) Using 1 workers of 1 for evacuation
[55.893s][info][gc,phases      ] GC(76)   Pre Evacuate Collection Set: 0.0ms
[55.895s][info][gc,phases      ] GC(76)   Evacuate Collection Set: 2.0ms
[55.896s][info][gc,phases      ] GC(76)   Post Evacuate Collection Set: 0.1ms
[55.896s][info][gc,phases      ] GC(76)   Other: 0.2ms
[55.896s][info][gc,heap        ] GC(76) Eden regions: 53->0(54)
[55.896s][info][gc,heap        ] GC(76) Survivor regions: 2->1(7)
[55.896s][info][gc,heap        ] GC(76) Old regions: 8->8
[55.896s][info][gc,heap        ] GC(76) Humongous regions: 2->2
[55.896s][info][gc,metaspace   ] GC(76) Metaspace: 21631K->21631K(1071104K)
[55.896s][info][gc             ] GC(76) Pause Young (Normal) (G1 Evacuation Pause) 63M->10M(92M) 4.989ms
[55.896s][info][gc,cpu         ] GC(76) User=0.01s Sys=0.00s Real=0.00s
[57.323s][info][gc,start       ] GC(77) Pause Young (Normal) (G1 Evacuation Pause)
[57.328s][info][gc,task        ] GC(77) Using 1 workers of 1 for evacuation
[57.357s][info][gc,phases      ] GC(77)   Pre Evacuate Collection Set: 0.0ms
[57.357s][info][gc,phases      ] GC(77)   Evacuate Collection Set: 28.9ms
[57.357s][info][gc,phases      ] GC(77)   Post Evacuate Collection Set: 0.1ms
[57.357s][info][gc,phases      ] GC(77)   Other: 4.6ms
[57.357s][info][gc,heap        ] GC(77) Eden regions: 54->0(53)
[57.357s][info][gc,heap        ] GC(77) Survivor regions: 1->2(7)
[57.357s][info][gc,heap        ] GC(77) Old regions: 8->8
[57.357s][info][gc,heap        ] GC(77) Humongous regions: 2->2
[57.357s][info][gc,metaspace   ] GC(77) Metaspace: 21692K->21692K(1071104K)
[57.357s][info][gc             ] GC(77) Pause Young (Normal) (G1 Evacuation Pause) 64M->11M(92M) 34.109ms
[57.357s][info][gc,cpu         ] GC(77) User=0.00s Sys=0.00s Real=0.03s
[57.989s][info][gc,start       ] GC(78) Pause Young (Normal) (G1 Evacuation Pause)
[57.989s][info][gc,task        ] GC(78) Using 1 workers of 1 for evacuation
[57.992s][info][gc,phases      ] GC(78)   Pre Evacuate Collection Set: 0.0ms
[57.992s][info][gc,phases      ] GC(78)   Evacuate Collection Set: 2.3ms
[57.992s][info][gc,phases      ] GC(78)   Post Evacuate Collection Set: 0.1ms
[57.992s][info][gc,phases      ] GC(78)   Other: 0.3ms
[57.992s][info][gc,heap        ] GC(78) Eden regions: 53->0(53)
[57.992s][info][gc,heap        ] GC(78) Survivor regions: 2->2(7)
[57.992s][info][gc,heap        ] GC(78) Old regions: 8->8
[57.992s][info][gc,heap        ] GC(78) Humongous regions: 2->2
[57.992s][info][gc,metaspace   ] GC(78) Metaspace: 21705K->21705K(1071104K)
[57.992s][info][gc             ] GC(78) Pause Young (Normal) (G1 Evacuation Pause) 64M->11M(92M) 2.785ms
[57.992s][info][gc,cpu         ] GC(78) User=0.00s Sys=0.00s Real=0.00s
[59.575s][info][gc,start       ] GC(79) Pause Young (Normal) (G1 Evacuation Pause)
[59.576s][info][gc,task        ] GC(79) Using 1 workers of 1 for evacuation
[59.582s][info][gc,phases      ] GC(79)   Pre Evacuate Collection Set: 0.0ms
[59.583s][info][gc,phases      ] GC(79)   Evacuate Collection Set: 6.6ms
[59.583s][info][gc,phases      ] GC(79)   Post Evacuate Collection Set: 0.1ms
[59.583s][info][gc,phases      ] GC(79)   Other: 0.9ms
[59.583s][info][gc,heap        ] GC(79) Eden regions: 53->0(53)
[59.583s][info][gc,heap        ] GC(79) Survivor regions: 2->2(7)
[59.583s][info][gc,heap        ] GC(79) Old regions: 8->8
[59.583s][info][gc,heap        ] GC(79) Humongous regions: 2->2
[59.583s][info][gc,metaspace   ] GC(79) Metaspace: 21709K->21709K(1071104K)
[59.583s][info][gc             ] GC(79) Pause Young (Normal) (G1 Evacuation Pause) 64M->11M(92M) 7.784ms
[59.583s][info][gc,cpu         ] GC(79) User=0.00s Sys=0.00s Real=0.01s
[60.101s][info][gc,start       ] GC(80) Pause Young (Normal) (G1 Evacuation Pause)
[60.101s][info][gc,task        ] GC(80) Using 1 workers of 1 for evacuation
[60.108s][info][gc,phases      ] GC(80)   Pre Evacuate Collection Set: 0.0ms
[60.108s][info][gc,phases      ] GC(80)   Evacuate Collection Set: 6.5ms
[60.108s][info][gc,phases      ] GC(80)   Post Evacuate Collection Set: 0.1ms
[60.108s][info][gc,phases      ] GC(80)   Other: 0.1ms
[60.108s][info][gc,heap        ] GC(80) Eden regions: 53->0(54)
[60.108s][info][gc,heap        ] GC(80) Survivor regions: 2->1(7)
[60.108s][info][gc,heap        ] GC(80) Old regions: 8->8
[60.108s][info][gc,heap        ] GC(80) Humongous regions: 2->2
[60.108s][info][gc,metaspace   ] GC(80) Metaspace: 21728K->21728K(1071104K)
[60.108s][info][gc             ] GC(80) Pause Young (Normal) (G1 Evacuation Pause) 64M->10M(92M) 6.933ms
[60.108s][info][gc,cpu         ] GC(80) User=0.01s Sys=0.00s Real=0.01s
[61.393s][info][gc,start       ] GC(81) Pause Young (Normal) (G1 Evacuation Pause)
[61.393s][info][gc,task        ] GC(81) Using 1 workers of 1 for evacuation
[61.400s][info][gc,phases      ] GC(81)   Pre Evacuate Collection Set: 0.0ms
[61.400s][info][gc,phases      ] GC(81)   Evacuate Collection Set: 6.3ms
[61.400s][info][gc,phases      ] GC(81)   Post Evacuate Collection Set: 0.1ms
[61.400s][info][gc,phases      ] GC(81)   Other: 0.2ms
[61.400s][info][gc,heap        ] GC(81) Eden regions: 54->0(54)
[61.400s][info][gc,heap        ] GC(81) Survivor regions: 1->1(7)
[61.400s][info][gc,heap        ] GC(81) Old regions: 8->8
[61.400s][info][gc,heap        ] GC(81) Humongous regions: 2->2
[61.400s][info][gc,metaspace   ] GC(81) Metaspace: 21800K->21800K(1071104K)
[61.400s][info][gc             ] GC(81) Pause Young (Normal) (G1 Evacuation Pause) 64M->10M(92M) 6.737ms
[61.400s][info][gc,cpu         ] GC(81) User=0.00s Sys=0.00s Real=0.01s
[62.153s][info][gc,start       ] GC(82) Pause Young (Normal) (G1 Evacuation Pause)
[62.156s][info][gc,task        ] GC(82) Using 1 workers of 1 for evacuation
[62.168s][info][gc,phases      ] GC(82)   Pre Evacuate Collection Set: 0.0ms
[62.168s][info][gc,phases      ] GC(82)   Evacuate Collection Set: 11.4ms
[62.168s][info][gc,phases      ] GC(82)   Post Evacuate Collection Set: 0.1ms
[62.168s][info][gc,phases      ] GC(82)   Other: 3.4ms
[62.168s][info][gc,heap        ] GC(82) Eden regions: 54->0(54)
[62.168s][info][gc,heap        ] GC(82) Survivor regions: 1->1(7)
[62.168s][info][gc,heap        ] GC(82) Old regions: 8->8
[62.168s][info][gc,heap        ] GC(82) Humongous regions: 2->2
[62.168s][info][gc,metaspace   ] GC(82) Metaspace: 21806K->21806K(1071104K)
[62.168s][info][gc             ] GC(82) Pause Young (Normal) (G1 Evacuation Pause) 64M->10M(92M) 15.000ms
[62.168s][info][gc,cpu         ] GC(82) User=0.01s Sys=0.00s Real=0.02s
[63.568s][info][gc,start       ] GC(83) Pause Young (Normal) (G1 Evacuation Pause)
[63.568s][info][gc,task        ] GC(83) Using 1 workers of 1 for evacuation
[63.582s][info][gc,phases      ] GC(83)   Pre Evacuate Collection Set: 0.0ms
[63.582s][info][gc,phases      ] GC(83)   Evacuate Collection Set: 13.8ms
[63.582s][info][gc,phases      ] GC(83)   Post Evacuate Collection Set: 0.1ms
[63.582s][info][gc,phases      ] GC(83)   Other: 0.2ms
[63.582s][info][gc,heap        ] GC(83) Eden regions: 54->0(54)
[63.582s][info][gc,heap        ] GC(83) Survivor regions: 1->1(7)
[63.582s][info][gc,heap        ] GC(83) Old regions: 8->8
[63.582s][info][gc,heap        ] GC(83) Humongous regions: 2->2
[63.583s][info][gc,metaspace   ] GC(83) Metaspace: 21812K->21812K(1071104K)
[63.583s][info][gc             ] GC(83) Pause Young (Normal) (G1 Evacuation Pause) 64M->10M(92M) 14.379ms
[63.583s][info][gc,cpu         ] GC(83) User=0.00s Sys=0.00s Real=0.01s
[64.557s][info][gc,start       ] GC(84) Pause Young (Normal) (G1 Evacuation Pause)
[64.557s][info][gc,task        ] GC(84) Using 1 workers of 1 for evacuation
[64.564s][info][gc,phases      ] GC(84)   Pre Evacuate Collection Set: 0.0ms
[64.564s][info][gc,phases      ] GC(84)   Evacuate Collection Set: 6.4ms
[64.564s][info][gc,phases      ] GC(84)   Post Evacuate Collection Set: 0.1ms
[64.564s][info][gc,phases      ] GC(84)   Other: 0.4ms
[64.564s][info][gc,heap        ] GC(84) Eden regions: 54->0(53)
[64.564s][info][gc,heap        ] GC(84) Survivor regions: 1->2(7)
[64.564s][info][gc,heap        ] GC(84) Old regions: 8->8
[64.564s][info][gc,heap        ] GC(84) Humongous regions: 2->2
[64.564s][info][gc,metaspace   ] GC(84) Metaspace: 21833K->21833K(1071104K)
[64.564s][info][gc             ] GC(84) Pause Young (Normal) (G1 Evacuation Pause) 64M->11M(92M) 7.011ms
[64.564s][info][gc,cpu         ] GC(84) User=0.01s Sys=0.00s Real=0.01s
[65.221s][info][gc,start       ] GC(85) Pause Young (Normal) (G1 Evacuation Pause)
[65.221s][info][gc,task        ] GC(85) Using 1 workers of 1 for evacuation
[65.224s][info][gc,phases      ] GC(85)   Pre Evacuate Collection Set: 0.0ms
[65.224s][info][gc,phases      ] GC(85)   Evacuate Collection Set: 2.4ms
[65.224s][info][gc,phases      ] GC(85)   Post Evacuate Collection Set: 0.1ms
[65.224s][info][gc,phases      ] GC(85)   Other: 0.3ms
[65.224s][info][gc,heap        ] GC(85) Eden regions: 53->0(53)
[65.224s][info][gc,heap        ] GC(85) Survivor regions: 2->2(7)
[65.224s][info][gc,heap        ] GC(85) Old regions: 8->8
[65.224s][info][gc,heap        ] GC(85) Humongous regions: 2->2
[65.224s][info][gc,metaspace   ] GC(85) Metaspace: 21835K->21835K(1071104K)
[65.224s][info][gc             ] GC(85) Pause Young (Normal) (G1 Evacuation Pause) 64M->11M(92M) 3.011ms
[65.224s][info][gc,cpu         ] GC(85) User=0.00s Sys=0.00s Real=0.00s
[66.188s][info][gc,start       ] GC(86) Pause Young (Normal) (G1 Evacuation Pause)
[66.188s][info][gc,task        ] GC(86) Using 1 workers of 1 for evacuation
[66.190s][info][gc,phases      ] GC(86)   Pre Evacuate Collection Set: 0.0ms
[66.190s][info][gc,phases      ] GC(86)   Evacuate Collection Set: 1.8ms
[66.190s][info][gc,phases      ] GC(86)   Post Evacuate Collection Set: 0.1ms
[66.190s][info][gc,phases      ] GC(86)   Other: 0.2ms
[66.190s][info][gc,heap        ] GC(86) Eden regions: 53->0(54)
[66.190s][info][gc,heap        ] GC(86) Survivor regions: 2->1(7)
[66.190s][info][gc,heap        ] GC(86) Old regions: 8->8
[66.190s][info][gc,heap        ] GC(86) Humongous regions: 2->2
[66.190s][info][gc,metaspace   ] GC(86) Metaspace: 21896K->21896K(1071104K)
[66.190s][info][gc             ] GC(86) Pause Young (Normal) (G1 Evacuation Pause) 64M->10M(92M) 2.281ms
[66.190s][info][gc,cpu         ] GC(86) User=0.00s Sys=0.00s Real=0.00s
[67.563s][info][gc,start       ] GC(87) Pause Young (Normal) (G1 Evacuation Pause)
[67.568s][info][gc,task        ] GC(87) Using 1 workers of 1 for evacuation
[67.580s][info][gc,phases      ] GC(87)   Pre Evacuate Collection Set: 0.0ms
[67.580s][info][gc,phases      ] GC(87)   Evacuate Collection Set: 12.4ms
[67.580s][info][gc,phases      ] GC(87)   Post Evacuate Collection Set: 0.1ms
[67.580s][info][gc,phases      ] GC(87)   Other: 4.5ms
[67.580s][info][gc,heap        ] GC(87) Eden regions: 54->0(54)
[67.580s][info][gc,heap        ] GC(87) Survivor regions: 1->1(7)
[67.580s][info][gc,heap        ] GC(87) Old regions: 8->8
[67.580s][info][gc,heap        ] GC(87) Humongous regions: 2->2
[67.580s][info][gc,metaspace   ] GC(87) Metaspace: 21907K->21907K(1071104K)
[67.580s][info][gc             ] GC(87) Pause Young (Normal) (G1 Evacuation Pause) 64M->10M(92M) 17.129ms
[67.580s][info][gc,cpu         ] GC(87) User=0.01s Sys=0.00s Real=0.02s
[69.175s][info][gc,start       ] GC(88) Pause Young (Normal) (G1 Evacuation Pause)
[69.185s][info][gc,task        ] GC(88) Using 1 workers of 1 for evacuation
[69.195s][info][gc,phases      ] GC(88)   Pre Evacuate Collection Set: 0.0ms
[69.195s][info][gc,phases      ] GC(88)   Evacuate Collection Set: 9.6ms
[69.195s][info][gc,phases      ] GC(88)   Post Evacuate Collection Set: 0.1ms
[69.195s][info][gc,phases      ] GC(88)   Other: 10.8ms
[69.196s][info][gc,heap        ] GC(88) Eden regions: 54->0(54)
[69.196s][info][gc,heap        ] GC(88) Survivor regions: 1->1(7)
[69.196s][info][gc,heap        ] GC(88) Old regions: 8->8
[69.196s][info][gc,heap        ] GC(88) Humongous regions: 2->2
[69.196s][info][gc,metaspace   ] GC(88) Metaspace: 21909K->21909K(1071104K)
[69.196s][info][gc             ] GC(88) Pause Young (Normal) (G1 Evacuation Pause) 64M->10M(92M) 20.763ms
[69.196s][info][gc,cpu         ] GC(88) User=0.00s Sys=0.00s Real=0.02s
[69.768s][info][gc,start       ] GC(89) Pause Young (Normal) (G1 Evacuation Pause)
[69.768s][info][gc,task        ] GC(89) Using 1 workers of 1 for evacuation
[69.770s][info][gc,phases      ] GC(89)   Pre Evacuate Collection Set: 0.0ms
[69.770s][info][gc,phases      ] GC(89)   Evacuate Collection Set: 2.1ms
[69.770s][info][gc,phases      ] GC(89)   Post Evacuate Collection Set: 0.1ms
[69.770s][info][gc,phases      ] GC(89)   Other: 0.3ms
[69.770s][info][gc,heap        ] GC(89) Eden regions: 54->0(53)
[69.770s][info][gc,heap        ] GC(89) Survivor regions: 1->2(7)
[69.771s][info][gc,heap        ] GC(89) Old regions: 8->8
[69.771s][info][gc,heap        ] GC(89) Humongous regions: 2->2
[69.771s][info][gc,metaspace   ] GC(89) Metaspace: 21915K->21915K(1071104K)
[69.771s][info][gc             ] GC(89) Pause Young (Normal) (G1 Evacuation Pause) 64M->11M(92M) 2.632ms
[69.771s][info][gc,cpu         ] GC(89) User=0.00s Sys=0.00s Real=0.00s
[70.465s][info][gc,start       ] GC(90) Pause Young (Normal) (G1 Evacuation Pause)
[70.465s][info][gc,task        ] GC(90) Using 1 workers of 1 for evacuation
[70.481s][info][gc,phases      ] GC(90)   Pre Evacuate Collection Set: 0.0ms
[70.481s][info][gc,phases      ] GC(90)   Evacuate Collection Set: 15.2ms
[70.481s][info][gc,phases      ] GC(90)   Post Evacuate Collection Set: 0.1ms
[70.481s][info][gc,phases      ] GC(90)   Other: 0.3ms
[70.481s][info][gc,heap        ] GC(90) Eden regions: 53->0(53)
[70.481s][info][gc,heap        ] GC(90) Survivor regions: 2->2(7)
[70.481s][info][gc,heap        ] GC(90) Old regions: 8->8
[70.481s][info][gc,heap        ] GC(90) Humongous regions: 2->2
[70.481s][info][gc,metaspace   ] GC(90) Metaspace: 21920K->21920K(1071104K)
[70.481s][info][gc             ] GC(90) Pause Young (Normal) (G1 Evacuation Pause) 64M->11M(92M) 15.706ms
[70.481s][info][gc,cpu         ] GC(90) User=0.00s Sys=0.00s Real=0.02s
[71.991s][info][gc,start       ] GC(91) Pause Young (Normal) (G1 Evacuation Pause)
[71.992s][info][gc,task        ] GC(91) Using 1 workers of 1 for evacuation
[71.997s][info][gc,phases      ] GC(91)   Pre Evacuate Collection Set: 0.0ms
[72.000s][info][gc,phases      ] GC(91)   Evacuate Collection Set: 5.5ms
[72.000s][info][gc,phases      ] GC(91)   Post Evacuate Collection Set: 0.1ms
[72.000s][info][gc,phases      ] GC(91)   Other: 0.7ms
[72.000s][info][gc,heap        ] GC(91) Eden regions: 53->0(53)
[72.000s][info][gc,heap        ] GC(91) Survivor regions: 2->2(7)
[72.000s][info][gc,heap        ] GC(91) Old regions: 8->8
[72.000s][info][gc,heap        ] GC(91) Humongous regions: 2->2
[72.000s][info][gc,metaspace   ] GC(91) Metaspace: 21925K->21925K(1071104K)
[72.000s][info][gc             ] GC(91) Pause Young (Normal) (G1 Evacuation Pause) 64M->11M(92M) 8.635ms
[72.000s][info][gc,cpu         ] GC(91) User=0.00s Sys=0.00s Real=0.01s
[73.859s][info][gc,start       ] GC(92) Pause Young (Normal) (G1 Evacuation Pause)
[73.861s][info][gc,task        ] GC(92) Using 1 workers of 1 for evacuation
[73.871s][info][gc,phases      ] GC(92)   Pre Evacuate Collection Set: 0.0ms
[73.873s][info][gc,phases      ] GC(92)   Evacuate Collection Set: 9.7ms
[73.873s][info][gc,phases      ] GC(92)   Post Evacuate Collection Set: 0.1ms
[73.873s][info][gc,phases      ] GC(92)   Other: 1.7ms
[73.873s][info][gc,heap        ] GC(92) Eden regions: 53->0(53)
[73.873s][info][gc,heap        ] GC(92) Survivor regions: 2->2(7)
[73.873s][info][gc,heap        ] GC(92) Old regions: 8->8
[73.873s][info][gc,heap        ] GC(92) Humongous regions: 2->2
[73.873s][info][gc,metaspace   ] GC(92) Metaspace: 21934K->21934K(1071104K)
[73.873s][info][gc             ] GC(92) Pause Young (Normal) (G1 Evacuation Pause) 64M->11M(92M) 13.680ms
[73.873s][info][gc,cpu         ] GC(92) User=0.01s Sys=0.00s Real=0.02s
[74.648s][info][gc,start       ] GC(93) Pause Young (Normal) (G1 Evacuation Pause)
[74.648s][info][gc,task        ] GC(93) Using 1 workers of 1 for evacuation
[74.665s][info][gc,phases      ] GC(93)   Pre Evacuate Collection Set: 0.0ms
[74.671s][info][gc,phases      ] GC(93)   Evacuate Collection Set: 16.6ms
[74.672s][info][gc,phases      ] GC(93)   Post Evacuate Collection Set: 0.1ms
[74.672s][info][gc,phases      ] GC(93)   Other: 0.2ms
[74.672s][info][gc,heap        ] GC(93) Eden regions: 53->0(53)
[74.672s][info][gc,heap        ] GC(93) Survivor regions: 2->2(7)
[74.672s][info][gc,heap        ] GC(93) Old regions: 8->8
[74.672s][info][gc,heap        ] GC(93) Humongous regions: 2->2
[74.672s][info][gc,metaspace   ] GC(93) Metaspace: 21961K->21961K(1071104K)
[74.672s][info][gc             ] GC(93) Pause Young (Normal) (G1 Evacuation Pause) 64M->11M(92M) 23.502ms
[74.672s][info][gc,cpu         ] GC(93) User=0.00s Sys=0.00s Real=0.02s
[75.233s][info][gc,start       ] GC(94) Pause Young (Normal) (G1 Evacuation Pause)
[75.233s][info][gc,task        ] GC(94) Using 1 workers of 1 for evacuation
[75.262s][info][gc,phases      ] GC(94)   Pre Evacuate Collection Set: 0.0ms
[75.262s][info][gc,phases      ] GC(94)   Evacuate Collection Set: 27.9ms
[75.262s][info][gc,phases      ] GC(94)   Post Evacuate Collection Set: 0.1ms
[75.262s][info][gc,phases      ] GC(94)   Other: 0.2ms
[75.262s][info][gc,heap        ] GC(94) Eden regions: 53->0(53)
[75.262s][info][gc,heap        ] GC(94) Survivor regions: 2->2(7)
[75.262s][info][gc,heap        ] GC(94) Old regions: 8->8
[75.262s][info][gc,heap        ] GC(94) Humongous regions: 2->2
[75.262s][info][gc,metaspace   ] GC(94) Metaspace: 21963K->21963K(1071104K)
[75.262s][info][gc             ] GC(94) Pause Young (Normal) (G1 Evacuation Pause) 64M->11M(92M) 28.287ms
[75.262s][info][gc,cpu         ] GC(94) User=0.00s Sys=0.00s Real=0.03s
[76.314s][info][gc,start       ] GC(95) Pause Young (Normal) (G1 Evacuation Pause)
[76.319s][info][gc,task        ] GC(95) Using 1 workers of 1 for evacuation
[76.328s][info][gc,phases      ] GC(95)   Pre Evacuate Collection Set: 0.0ms
[76.328s][info][gc,phases      ] GC(95)   Evacuate Collection Set: 7.2ms
[76.328s][info][gc,phases      ] GC(95)   Post Evacuate Collection Set: 0.1ms
[76.328s][info][gc,phases      ] GC(95)   Other: 7.0ms
[76.328s][info][gc,heap        ] GC(95) Eden regions: 53->0(54)
[76.328s][info][gc,heap        ] GC(95) Survivor regions: 2->1(7)
[76.328s][info][gc,heap        ] GC(95) Old regions: 8->8
[76.328s][info][gc,heap        ] GC(95) Humongous regions: 2->2
[76.328s][info][gc,metaspace   ] GC(95) Metaspace: 21982K->21982K(1071104K)
[76.328s][info][gc             ] GC(95) Pause Young (Normal) (G1 Evacuation Pause) 64M->10M(92M) 14.478ms
[76.328s][info][gc,cpu         ] GC(95) User=0.00s Sys=0.00s Real=0.02s
[78.123s][info][gc,start       ] GC(96) Pause Young (Normal) (G1 Evacuation Pause)
[78.128s][info][gc,task        ] GC(96) Using 1 workers of 1 for evacuation
[78.135s][info][gc,phases      ] GC(96)   Pre Evacuate Collection Set: 0.0ms
[78.137s][info][gc,phases      ] GC(96)   Evacuate Collection Set: 6.6ms
[78.137s][info][gc,phases      ] GC(96)   Post Evacuate Collection Set: 0.1ms
[78.137s][info][gc,phases      ] GC(96)   Other: 5.1ms
[78.137s][info][gc,heap        ] GC(96) Eden regions: 54->0(54)
[78.137s][info][gc,heap        ] GC(96) Survivor regions: 1->1(7)
[78.138s][info][gc,heap        ] GC(96) Old regions: 8->8
[78.138s][info][gc,heap        ] GC(96) Humongous regions: 2->2
[78.138s][info][gc,metaspace   ] GC(96) Metaspace: 21989K->21989K(1071104K)
[78.138s][info][gc             ] GC(96) Pause Young (Normal) (G1 Evacuation Pause) 64M->10M(92M) 14.133ms
[78.138s][info][gc,cpu         ] GC(96) User=0.00s Sys=0.00s Real=0.01s
[78.886s][info][gc,start       ] GC(97) Pause Young (Normal) (G1 Evacuation Pause)
[78.891s][info][gc,task        ] GC(97) Using 1 workers of 1 for evacuation
[78.906s][info][gc,phases      ] GC(97)   Pre Evacuate Collection Set: 0.0ms
[78.908s][info][gc,phases      ] GC(97)   Evacuate Collection Set: 15.1ms
[78.908s][info][gc,phases      ] GC(97)   Post Evacuate Collection Set: 0.1ms
[78.908s][info][gc,phases      ] GC(97)   Other: 5.0ms
[78.908s][info][gc,heap        ] GC(97) Eden regions: 54->0(53)
[78.908s][info][gc,heap        ] GC(97) Survivor regions: 1->2(7)
[78.908s][info][gc,heap        ] GC(97) Old regions: 8->8
[78.908s][info][gc,heap        ] GC(97) Humongous regions: 2->2
[78.908s][info][gc,metaspace   ] GC(97) Metaspace: 22001K->22001K(1071104K)
[78.908s][info][gc             ] GC(97) Pause Young (Normal) (G1 Evacuation Pause) 64M->11M(92M) 21.968ms
[78.908s][info][gc,cpu         ] GC(97) User=0.00s Sys=0.00s Real=0.03s
[79.815s][info][gc,start       ] GC(98) Pause Young (Normal) (G1 Evacuation Pause)
[79.819s][info][gc,task        ] GC(98) Using 1 workers of 1 for evacuation
[79.832s][info][gc,phases      ] GC(98)   Pre Evacuate Collection Set: 0.0ms
[79.832s][info][gc,phases      ] GC(98)   Evacuate Collection Set: 12.5ms
[79.832s][info][gc,phases      ] GC(98)   Post Evacuate Collection Set: 0.2ms
[79.832s][info][gc,phases      ] GC(98)   Other: 3.9ms
[79.832s][info][gc,heap        ] GC(98) Eden regions: 53->0(53)
[79.832s][info][gc,heap        ] GC(98) Survivor regions: 2->2(7)
[79.832s][info][gc,heap        ] GC(98) Old regions: 8->8
[79.832s][info][gc,heap        ] GC(98) Humongous regions: 2->2
[79.832s][info][gc,metaspace   ] GC(98) Metaspace: 22002K->22002K(1071104K)
[79.832s][info][gc             ] GC(98) Pause Young (Normal) (G1 Evacuation Pause) 64M->11M(92M) 17.216ms
[79.832s][info][gc,cpu         ] GC(98) User=0.00s Sys=0.00s Real=0.02s
[80.814s][info][gc,start       ] GC(99) Pause Young (Normal) (G1 Evacuation Pause)
[80.818s][info][gc,task        ] GC(99) Using 1 workers of 1 for evacuation
[80.852s][info][gc,phases      ] GC(99)   Pre Evacuate Collection Set: 0.0ms
[80.852s][info][gc,phases      ] GC(99)   Evacuate Collection Set: 33.0ms
[80.852s][info][gc,phases      ] GC(99)   Post Evacuate Collection Set: 0.1ms
[80.852s][info][gc,phases      ] GC(99)   Other: 4.9ms
[80.852s][info][gc,heap        ] GC(99) Eden regions: 53->0(54)
[80.852s][info][gc,heap        ] GC(99) Survivor regions: 2->1(7)
[80.852s][info][gc,heap        ] GC(99) Old regions: 8->8
[80.852s][info][gc,heap        ] GC(99) Humongous regions: 2->2
[80.852s][info][gc,metaspace   ] GC(99) Metaspace: 22004K->22004K(1071104K)
[80.852s][info][gc             ] GC(99) Pause Young (Normal) (G1 Evacuation Pause) 64M->10M(92M) 38.114ms
[80.852s][info][gc,cpu         ] GC(99) User=0.00s Sys=0.00s Real=0.04s
[82.371s][info][gc,start       ] GC(100) Pause Young (Normal) (G1 Evacuation Pause)
[82.371s][info][gc,task        ] GC(100) Using 1 workers of 1 for evacuation
[82.373s][info][gc,phases      ] GC(100)   Pre Evacuate Collection Set: 0.0ms
[82.373s][info][gc,phases      ] GC(100)   Evacuate Collection Set: 1.8ms
[82.373s][info][gc,phases      ] GC(100)   Post Evacuate Collection Set: 0.2ms
[82.373s][info][gc,phases      ] GC(100)   Other: 0.3ms
[82.373s][info][gc,heap        ] GC(100) Eden regions: 54->0(65)
[82.373s][info][gc,heap        ] GC(100) Survivor regions: 1->1(7)
[82.373s][info][gc,heap        ] GC(100) Old regions: 8->8
[82.373s][info][gc,heap        ] GC(100) Humongous regions: 2->2
[82.373s][info][gc,metaspace   ] GC(100) Metaspace: 22010K->22010K(1071104K)
[82.373s][info][gc             ] GC(100) Pause Young (Normal) (G1 Evacuation Pause) 64M->10M(111M) 2.455ms
[82.373s][info][gc,cpu         ] GC(100) User=0.00s Sys=0.00s Real=0.00s
[83.272s][info][gc,start       ] GC(101) Pause Young (Normal) (G1 Evacuation Pause)
[83.273s][info][gc,task        ] GC(101) Using 1 workers of 1 for evacuation
[83.277s][info][gc,phases      ] GC(101)   Pre Evacuate Collection Set: 0.0ms
[83.277s][info][gc,phases      ] GC(101)   Evacuate Collection Set: 4.4ms
[83.277s][info][gc,phases      ] GC(101)   Post Evacuate Collection Set: 0.1ms
[83.277s][info][gc,phases      ] GC(101)   Other: 0.4ms
[83.278s][info][gc,heap        ] GC(101) Eden regions: 65->0(64)
[83.278s][info][gc,heap        ] GC(101) Survivor regions: 1->2(9)
[83.278s][info][gc,heap        ] GC(101) Old regions: 8->8
[83.278s][info][gc,heap        ] GC(101) Humongous regions: 2->2
[83.278s][info][gc,metaspace   ] GC(101) Metaspace: 22027K->22027K(1071104K)
[83.278s][info][gc             ] GC(101) Pause Young (Normal) (G1 Evacuation Pause) 75M->11M(111M) 5.348ms
[83.278s][info][gc,cpu         ] GC(101) User=0.00s Sys=0.00s Real=0.00s
[84.766s][info][gc,start       ] GC(102) Pause Young (Normal) (G1 Evacuation Pause)
[84.766s][info][gc,task        ] GC(102) Using 1 workers of 1 for evacuation
[84.792s][info][gc,phases      ] GC(102)   Pre Evacuate Collection Set: 0.0ms
[84.792s][info][gc,phases      ] GC(102)   Evacuate Collection Set: 7.3ms
[84.792s][info][gc,phases      ] GC(102)   Post Evacuate Collection Set: 0.1ms
[84.792s][info][gc,phases      ] GC(102)   Other: 18.1ms
[84.792s][info][gc,heap        ] GC(102) Eden regions: 64->0(64)
[84.792s][info][gc,heap        ] GC(102) Survivor regions: 2->2(9)
[84.792s][info][gc,heap        ] GC(102) Old regions: 8->8
[84.792s][info][gc,heap        ] GC(102) Humongous regions: 2->2
[84.792s][info][gc,metaspace   ] GC(102) Metaspace: 22060K->22060K(1071104K)
[84.792s][info][gc             ] GC(102) Pause Young (Normal) (G1 Evacuation Pause) 75M->11M(111M) 25.743ms
[84.792s][info][gc,cpu         ] GC(102) User=0.00s Sys=0.00s Real=0.03s
[87.221s][info][gc,start       ] GC(103) Pause Young (Normal) (G1 Evacuation Pause)
[87.224s][info][gc,task        ] GC(103) Using 1 workers of 1 for evacuation
[87.226s][info][gc,phases      ] GC(103)   Pre Evacuate Collection Set: 0.0ms
[87.231s][info][gc,phases      ] GC(103)   Evacuate Collection Set: 2.0ms
[87.232s][info][gc,phases      ] GC(103)   Post Evacuate Collection Set: 0.1ms
[87.232s][info][gc,phases      ] GC(103)   Other: 2.4ms
[87.232s][info][gc,heap        ] GC(103) Eden regions: 64->0(65)
[87.232s][info][gc,heap        ] GC(103) Survivor regions: 2->1(9)
[87.232s][info][gc,heap        ] GC(103) Old regions: 8->8
[87.232s][info][gc,heap        ] GC(103) Humongous regions: 2->2
[87.232s][info][gc,metaspace   ] GC(103) Metaspace: 22060K->22060K(1071104K)
[87.232s][info][gc             ] GC(103) Pause Young (Normal) (G1 Evacuation Pause) 75M->10M(111M) 10.328ms
[87.232s][info][gc,cpu         ] GC(103) User=0.00s Sys=0.00s Real=0.01s
[88.054s][info][gc,start       ] GC(104) Pause Young (Normal) (G1 Evacuation Pause)
[88.055s][info][gc,task        ] GC(104) Using 1 workers of 1 for evacuation
[88.057s][info][gc,phases      ] GC(104)   Pre Evacuate Collection Set: 0.0ms
[88.057s][info][gc,phases      ] GC(104)   Evacuate Collection Set: 1.9ms
[88.057s][info][gc,phases      ] GC(104)   Post Evacuate Collection Set: 0.1ms
[88.057s][info][gc,phases      ] GC(104)   Other: 0.2ms
[88.057s][info][gc,heap        ] GC(104) Eden regions: 65->0(65)
[88.057s][info][gc,heap        ] GC(104) Survivor regions: 1->1(9)
[88.057s][info][gc,heap        ] GC(104) Old regions: 8->8
[88.057s][info][gc,heap        ] GC(104) Humongous regions: 2->2
[88.057s][info][gc,metaspace   ] GC(104) Metaspace: 22061K->22061K(1071104K)
[88.057s][info][gc             ] GC(104) Pause Young (Normal) (G1 Evacuation Pause) 75M->10M(111M) 2.308ms
[88.057s][info][gc,cpu         ] GC(104) User=0.01s Sys=0.00s Real=0.00s
[88.551s][info][gc,start       ] GC(105) Pause Young (Normal) (G1 Evacuation Pause)
[88.551s][info][gc,task        ] GC(105) Using 1 workers of 1 for evacuation
[88.553s][info][gc,phases      ] GC(105)   Pre Evacuate Collection Set: 0.0ms
[88.553s][info][gc,phases      ] GC(105)   Evacuate Collection Set: 1.7ms
[88.553s][info][gc,phases      ] GC(105)   Post Evacuate Collection Set: 0.1ms
[88.553s][info][gc,phases      ] GC(105)   Other: 0.3ms
[88.553s][info][gc,heap        ] GC(105) Eden regions: 65->0(64)
[88.553s][info][gc,heap        ] GC(105) Survivor regions: 1->2(9)
[88.553s][info][gc,heap        ] GC(105) Old regions: 8->8
[88.553s][info][gc,heap        ] GC(105) Humongous regions: 2->2
[88.553s][info][gc,metaspace   ] GC(105) Metaspace: 22064K->22064K(1071104K)
[88.553s][info][gc             ] GC(105) Pause Young (Normal) (G1 Evacuation Pause) 75M->11M(111M) 2.133ms
[88.553s][info][gc,cpu         ] GC(105) User=0.00s Sys=0.00s Real=0.00s
[90.932s][info][gc,heap,exit   ] Heap
[90.932s][info][gc,heap,exit   ]  garbage-first heap   total 113664K, used 55350K [0x00000000c2a00000, 0x0000000100000000)
[90.932s][info][gc,heap,exit   ]   region size 1024K, 47 young (48128K), 2 survivors (2048K)
[90.932s][info][gc,heap,exit   ]  Metaspace       used 22338K, capacity 22814K, committed 23344K, reserved 1071104K
[90.932s][info][gc,heap,exit   ]   class space    used 1765K, capacity 1895K, committed 1920K, reserved 1048576K
