[0.002s][info][gc,heap] Heap region size: 1M
[0.003s][info][gc     ] Using G1
[0.003s][info][gc,heap,coops] Heap address: 0x00000000c2a00000, size: 982 MB, Compressed Oops mode: 32-bit
[0.510s][info][gc,start     ] GC(0) Pause Young (Normal) (G1 Evacuation Pause)
[0.511s][info][gc,task      ] GC(0) Using 1 workers of 1 for evacuation
[0.513s][info][gc,phases    ] GC(0)   Pre Evacuate Collection Set: 0.0ms
[0.513s][info][gc,phases    ] GC(0)   Evacuate Collection Set: 1.8ms
[0.513s][info][gc,phases    ] GC(0)   Post Evacuate Collection Set: 0.0ms
[0.513s][info][gc,phases    ] GC(0)   Other: 0.3ms
[0.513s][info][gc,heap      ] GC(0) Eden regions: 3->0(36)
[0.513s][info][gc,heap      ] GC(0) Survivor regions: 0->1(1)
[0.513s][info][gc,heap      ] GC(0) Old regions: 0->0
[0.513s][info][gc,heap      ] GC(0) Humongous regions: 0->0
[0.513s][info][gc,metaspace ] GC(0) Metaspace: 1049K->1049K(1056768K)
[0.513s][info][gc           ] GC(0) Pause Young (Normal) (G1 Evacuation Pause) 2M->0M(62M) 2.245ms
[0.513s][info][gc,cpu       ] GC(0) User=0.00s Sys=0.00s Real=0.01s
[0.564s][info][gc,task      ] GC(1) Using 1 workers of 1 for full compaction
[0.564s][info][gc,start     ] GC(1) Pause Full (System.gc())
[0.564s][info][gc,phases,start] GC(1) Phase 1: Mark live objects
[0.565s][info][gc,stringtable ] GC(1) Cleaned string and symbol table, strings: 2112 processed, 1 removed, symbols: 1856 processed, 0 removed
[0.565s][info][gc,phases      ] GC(1) Phase 1: Mark live objects 1.318ms
[0.565s][info][gc,phases,start] GC(1) Phase 2: Prepare for compaction
[0.566s][info][gc,phases      ] GC(1) Phase 2: Prepare for compaction 0.292ms
[0.566s][info][gc,phases,start] GC(1) Phase 3: Adjust pointers
[0.566s][info][gc,phases      ] GC(1) Phase 3: Adjust pointers 0.619ms
[0.566s][info][gc,phases,start] GC(1) Phase 4: Compact heap
[0.568s][info][gc,phases      ] GC(1) Phase 4: Compact heap 1.261ms
[0.568s][info][gc,heap        ] GC(1) Eden regions: 3->0(2)
[0.568s][info][gc,heap        ] GC(1) Survivor regions: 1->0(1)
[0.568s][info][gc,heap        ] GC(1) Old regions: 0->3
[0.568s][info][gc,heap        ] GC(1) Humongous regions: 0->0
[0.568s][info][gc,metaspace   ] GC(1) Metaspace: 1155K->1155K(1056768K)
[0.568s][info][gc             ] GC(1) Pause Full (System.gc()) 3M->2M(10M) 4.336ms
[0.568s][info][gc,cpu         ] GC(1) User=0.00s Sys=0.00s Real=0.00s
[0.673s][info][gc,start       ] GC(2) Pause Young (Normal) (G1 Evacuation Pause)
[0.674s][info][gc,task        ] GC(2) Using 1 workers of 1 for evacuation
[0.674s][info][gc,phases      ] GC(2)   Pre Evacuate Collection Set: 0.0ms
[0.674s][info][gc,phases      ] GC(2)   Evacuate Collection Set: 0.8ms
[0.674s][info][gc,phases      ] GC(2)   Post Evacuate Collection Set: 0.0ms
[0.674s][info][gc,phases      ] GC(2)   Other: 0.2ms
[0.674s][info][gc,heap        ] GC(2) Eden regions: 2->0(2)
[0.674s][info][gc,heap        ] GC(2) Survivor regions: 0->1(1)
[0.675s][info][gc,heap        ] GC(2) Old regions: 3->3
[0.675s][info][gc,heap        ] GC(2) Humongous regions: 0->0
[0.675s][info][gc,metaspace   ] GC(2) Metaspace: 2169K->2169K(1056768K)
[0.675s][info][gc             ] GC(2) Pause Young (Normal) (G1 Evacuation Pause) 4M->2M(10M) 1.169ms
[0.675s][info][gc,cpu         ] GC(2) User=0.00s Sys=0.00s Real=0.00s
[0.734s][info][gc,start       ] GC(3) Pause Young (Normal) (G1 Evacuation Pause)
[0.734s][info][gc,task        ] GC(3) Using 1 workers of 1 for evacuation
[0.735s][info][gc,phases      ] GC(3)   Pre Evacuate Collection Set: 0.0ms
[0.736s][info][gc,phases      ] GC(3)   Evacuate Collection Set: 1.0ms
[0.736s][info][gc,phases      ] GC(3)   Post Evacuate Collection Set: 0.0ms
[0.736s][info][gc,phases      ] GC(3)   Other: 0.1ms
[0.736s][info][gc,heap        ] GC(3) Eden regions: 2->0(2)
[0.736s][info][gc,heap        ] GC(3) Survivor regions: 1->1(1)
[0.736s][info][gc,heap        ] GC(3) Old regions: 3->3
[0.736s][info][gc,heap        ] GC(3) Humongous regions: 0->0
[0.736s][info][gc,metaspace   ] GC(3) Metaspace: 2856K->2856K(1056768K)
[0.736s][info][gc             ] GC(3) Pause Young (Normal) (G1 Evacuation Pause) 4M->2M(10M) 1.423ms
[0.736s][info][gc,cpu         ] GC(3) User=0.00s Sys=0.00s Real=0.00s
[0.800s][info][gc,start       ] GC(4) Pause Young (Normal) (G1 Evacuation Pause)
[0.800s][info][gc,task        ] GC(4) Using 1 workers of 1 for evacuation
[0.801s][info][gc,phases      ] GC(4)   Pre Evacuate Collection Set: 0.0ms
[0.801s][info][gc,phases      ] GC(4)   Evacuate Collection Set: 0.9ms
[0.801s][info][gc,phases      ] GC(4)   Post Evacuate Collection Set: 0.0ms
[0.801s][info][gc,phases      ] GC(4)   Other: 0.2ms
[0.801s][info][gc,heap        ] GC(4) Eden regions: 2->0(3)
[0.801s][info][gc,heap        ] GC(4) Survivor regions: 1->1(1)
[0.801s][info][gc,heap        ] GC(4) Old regions: 3->3
[0.801s][info][gc,heap        ] GC(4) Humongous regions: 0->0
[0.801s][info][gc,metaspace   ] GC(4) Metaspace: 3636K->3636K(1056768K)
[0.802s][info][gc             ] GC(4) Pause Young (Normal) (G1 Evacuation Pause) 4M->2M(10M) 1.236ms
[0.802s][info][gc,cpu         ] GC(4) User=0.00s Sys=0.00s Real=0.00s
[0.977s][info][gc,start       ] GC(5) Pause Young (Normal) (G1 Evacuation Pause)
[0.977s][info][gc,task        ] GC(5) Using 1 workers of 1 for evacuation
[0.979s][info][gc,phases      ] GC(5)   Pre Evacuate Collection Set: 0.0ms
[0.979s][info][gc,phases      ] GC(5)   Evacuate Collection Set: 1.9ms
[0.979s][info][gc,phases      ] GC(5)   Post Evacuate Collection Set: 0.0ms
[0.979s][info][gc,phases      ] GC(5)   Other: 0.3ms
[0.979s][info][gc,heap        ] GC(5) Eden regions: 3->0(3)
[0.979s][info][gc,heap        ] GC(5) Survivor regions: 1->1(1)
[0.979s][info][gc,heap        ] GC(5) Old regions: 3->3
[0.979s][info][gc,heap        ] GC(5) Humongous regions: 0->0
[0.979s][info][gc,metaspace   ] GC(5) Metaspace: 4759K->4759K(1056768K)
[0.979s][info][gc             ] GC(5) Pause Young (Normal) (G1 Evacuation Pause) 5M->3M(10M) 2.308ms
[0.979s][info][gc,cpu         ] GC(5) User=0.00s Sys=0.00s Real=0.00s
[1.065s][info][gc,start       ] GC(6) Pause Young (Normal) (G1 Evacuation Pause)
[1.065s][info][gc,task        ] GC(6) Using 1 workers of 1 for evacuation
[1.067s][info][gc,phases      ] GC(6)   Pre Evacuate Collection Set: 0.0ms
[1.067s][info][gc,phases      ] GC(6)   Evacuate Collection Set: 1.7ms
[1.067s][info][gc,phases      ] GC(6)   Post Evacuate Collection Set: 0.0ms
[1.067s][info][gc,phases      ] GC(6)   Other: 0.1ms
[1.067s][info][gc,heap        ] GC(6) Eden regions: 3->0(2)
[1.067s][info][gc,heap        ] GC(6) Survivor regions: 1->1(1)
[1.067s][info][gc,heap        ] GC(6) Old regions: 3->4
[1.067s][info][gc,heap        ] GC(6) Humongous regions: 0->0
[1.067s][info][gc,metaspace   ] GC(6) Metaspace: 5965K->5965K(1056768K)
[1.067s][info][gc             ] GC(6) Pause Young (Normal) (G1 Evacuation Pause) 6M->3M(10M) 1.978ms
[1.067s][info][gc,cpu         ] GC(6) User=0.00s Sys=0.00s Real=0.00s
[1.134s][info][gc,start       ] GC(7) Pause Young (Normal) (G1 Evacuation Pause)
[1.134s][info][gc,task        ] GC(7) Using 1 workers of 1 for evacuation
[1.136s][info][gc,phases      ] GC(7)   Pre Evacuate Collection Set: 0.0ms
[1.136s][info][gc,phases      ] GC(7)   Evacuate Collection Set: 1.9ms
[1.136s][info][gc,phases      ] GC(7)   Post Evacuate Collection Set: 0.0ms
[1.136s][info][gc,phases      ] GC(7)   Other: 0.2ms
[1.136s][info][gc,heap        ] GC(7) Eden regions: 2->0(2)
[1.136s][info][gc,heap        ] GC(7) Survivor regions: 1->1(1)
[1.136s][info][gc,heap        ] GC(7) Old regions: 4->4
[1.136s][info][gc,heap        ] GC(7) Humongous regions: 0->0
[1.136s][info][gc,metaspace   ] GC(7) Metaspace: 6563K->6563K(1056768K)
[1.136s][info][gc             ] GC(7) Pause Young (Normal) (G1 Evacuation Pause) 5M->3M(10M) 2.301ms
[1.136s][info][gc,cpu         ] GC(7) User=0.01s Sys=0.00s Real=0.00s
[1.186s][info][gc,start       ] GC(8) Pause Young (Normal) (G1 Evacuation Pause)
[1.186s][info][gc,task        ] GC(8) Using 1 workers of 1 for evacuation
[1.188s][info][gc,phases      ] GC(8)   Pre Evacuate Collection Set: 0.0ms
[1.189s][info][gc,phases      ] GC(8)   Evacuate Collection Set: 2.4ms
[1.189s][info][gc,phases      ] GC(8)   Post Evacuate Collection Set: 0.0ms
[1.189s][info][gc,phases      ] GC(8)   Other: 0.2ms
[1.189s][info][gc,heap        ] GC(8) Eden regions: 2->0(2)
[1.189s][info][gc,heap        ] GC(8) Survivor regions: 1->1(1)
[1.189s][info][gc,heap        ] GC(8) Old regions: 4->4
[1.189s][info][gc,heap        ] GC(8) Humongous regions: 0->0
[1.189s][info][gc,metaspace   ] GC(8) Metaspace: 7202K->7202K(1056768K)
[1.189s][info][gc             ] GC(8) Pause Young (Normal) (G1 Evacuation Pause) 5M->4M(10M) 3.092ms
[1.189s][info][gc,cpu         ] GC(8) User=0.01s Sys=0.00s Real=0.00s
[1.297s][info][gc,start       ] GC(9) Pause Young (Normal) (G1 Evacuation Pause)
[1.297s][info][gc,task        ] GC(9) Using 1 workers of 1 for evacuation
[1.300s][info][gc,phases      ] GC(9)   Pre Evacuate Collection Set: 0.0ms
[1.300s][info][gc,phases      ] GC(9)   Evacuate Collection Set: 2.4ms
[1.300s][info][gc,phases      ] GC(9)   Post Evacuate Collection Set: 0.2ms
[1.300s][info][gc,phases      ] GC(9)   Other: 0.2ms
[1.300s][info][gc,heap        ] GC(9) Eden regions: 2->0(10)
[1.300s][info][gc,heap        ] GC(9) Survivor regions: 1->1(1)
[1.300s][info][gc,heap        ] GC(9) Old regions: 4->5
[1.300s][info][gc,heap        ] GC(9) Humongous regions: 0->0
[1.300s][info][gc,metaspace   ] GC(9) Metaspace: 7915K->7915K(1058816K)
[1.300s][info][gc             ] GC(9) Pause Young (Normal) (G1 Evacuation Pause) 6M->4M(36M) 2.885ms
[1.300s][info][gc,cpu         ] GC(9) User=0.00s Sys=0.00s Real=0.00s
[1.703s][info][gc,start       ] GC(10) Pause Young (Normal) (G1 Evacuation Pause)
[1.703s][info][gc,task        ] GC(10) Using 1 workers of 1 for evacuation
[1.709s][info][gc,phases      ] GC(10)   Pre Evacuate Collection Set: 0.0ms
[1.709s][info][gc,phases      ] GC(10)   Evacuate Collection Set: 5.0ms
[1.709s][info][gc,phases      ] GC(10)   Post Evacuate Collection Set: 0.4ms
[1.709s][info][gc,phases      ] GC(10)   Other: 0.3ms
[1.709s][info][gc,heap        ] GC(10) Eden regions: 10->0(12)
[1.709s][info][gc,heap        ] GC(10) Survivor regions: 1->2(2)
[1.709s][info][gc,heap        ] GC(10) Old regions: 5->5
[1.709s][info][gc,heap        ] GC(10) Humongous regions: 0->0
[1.709s][info][gc,metaspace   ] GC(10) Metaspace: 8480K->8480K(1058816K)
[1.709s][info][gc             ] GC(10) Pause Young (Normal) (G1 Evacuation Pause) 14M->5M(36M) 5.842ms
[1.709s][info][gc,cpu         ] GC(10) User=0.00s Sys=0.00s Real=0.00s
[1.859s][info][gc,start       ] GC(11) Pause Young (Normal) (G1 Evacuation Pause)
[1.859s][info][gc,task        ] GC(11) Using 1 workers of 1 for evacuation
[1.867s][info][gc,phases      ] GC(11)   Pre Evacuate Collection Set: 0.0ms
[1.868s][info][gc,phases      ] GC(11)   Evacuate Collection Set: 6.8ms
[1.868s][info][gc,phases      ] GC(11)   Post Evacuate Collection Set: 1.7ms
[1.868s][info][gc,phases      ] GC(11)   Other: 0.2ms
[1.868s][info][gc,heap        ] GC(11) Eden regions: 12->0(12)
[1.868s][info][gc,heap        ] GC(11) Survivor regions: 2->2(2)
[1.868s][info][gc,heap        ] GC(11) Old regions: 5->7
[1.868s][info][gc,heap        ] GC(11) Humongous regions: 0->0
[1.868s][info][gc,metaspace   ] GC(11) Metaspace: 8545K->8545K(1058816K)
[1.868s][info][gc             ] GC(11) Pause Young (Normal) (G1 Evacuation Pause) 17M->7M(36M) 8.951ms
[1.868s][info][gc,cpu         ] GC(11) User=0.01s Sys=0.00s Real=0.01s
[2.308s][info][gc,start       ] GC(12) Pause Young (Normal) (G1 Evacuation Pause)
[2.308s][info][gc,task        ] GC(12) Using 1 workers of 1 for evacuation
[2.316s][info][gc,phases      ] GC(12)   Pre Evacuate Collection Set: 0.0ms
[2.316s][info][gc,phases      ] GC(12)   Evacuate Collection Set: 7.7ms
[2.316s][info][gc,phases      ] GC(12)   Post Evacuate Collection Set: 0.0ms
[2.316s][info][gc,phases      ] GC(12)   Other: 0.3ms
[2.316s][info][gc,heap        ] GC(12) Eden regions: 12->0(11)
[2.316s][info][gc,heap        ] GC(12) Survivor regions: 2->2(2)
[2.316s][info][gc,heap        ] GC(12) Old regions: 7->9
[2.316s][info][gc,heap        ] GC(12) Humongous regions: 0->0
[2.316s][info][gc,metaspace   ] GC(12) Metaspace: 9930K->9930K(1058816K)
[2.316s][info][gc             ] GC(12) Pause Young (Normal) (G1 Evacuation Pause) 19M->10M(36M) 8.253ms
[2.316s][info][gc,cpu         ] GC(12) User=0.01s Sys=0.00s Real=0.01s
[2.667s][info][gc,start       ] GC(13) Pause Young (Normal) (G1 Evacuation Pause)
[2.667s][info][gc,task        ] GC(13) Using 1 workers of 1 for evacuation
[2.679s][info][gc,phases      ] GC(13)   Pre Evacuate Collection Set: 0.0ms
[2.679s][info][gc,phases      ] GC(13)   Evacuate Collection Set: 6.0ms
[2.679s][info][gc,phases      ] GC(13)   Post Evacuate Collection Set: 5.8ms
[2.679s][info][gc,phases      ] GC(13)   Other: 0.2ms
[2.679s][info][gc,heap        ] GC(13) Eden regions: 11->0(15)
[2.679s][info][gc,heap        ] GC(13) Survivor regions: 2->2(2)
[2.679s][info][gc,heap        ] GC(13) Old regions: 9->11
[2.679s][info][gc,heap        ] GC(13) Humongous regions: 0->0
[2.679s][info][gc,metaspace   ] GC(13) Metaspace: 10636K->10636K(1060864K)
[2.679s][info][gc             ] GC(13) Pause Young (Normal) (G1 Evacuation Pause) 21M->12M(53M) 12.256ms
[2.679s][info][gc,cpu         ] GC(13) User=0.01s Sys=0.00s Real=0.01s
[2.912s][info][gc,start       ] GC(14) Pause Young (Normal) (G1 Evacuation Pause)
[2.912s][info][gc,task        ] GC(14) Using 1 workers of 1 for evacuation
[2.931s][info][gc,phases      ] GC(14)   Pre Evacuate Collection Set: 0.0ms
[2.931s][info][gc,phases      ] GC(14)   Evacuate Collection Set: 14.9ms
[2.931s][info][gc,phases      ] GC(14)   Post Evacuate Collection Set: 3.4ms
[2.931s][info][gc,phases      ] GC(14)   Other: 0.2ms
[2.931s][info][gc,heap        ] GC(14) Eden regions: 15->0(15)
[2.931s][info][gc,heap        ] GC(14) Survivor regions: 2->3(3)
[2.931s][info][gc,heap        ] GC(14) Old regions: 11->14
[2.931s][info][gc,heap        ] GC(14) Humongous regions: 0->0
[2.931s][info][gc,metaspace   ] GC(14) Metaspace: 10807K->10807K(1060864K)
[2.931s][info][gc             ] GC(14) Pause Young (Normal) (G1 Evacuation Pause) 27M->16M(53M) 18.686ms
[2.931s][info][gc,cpu         ] GC(14) User=0.02s Sys=0.00s Real=0.02s
[3.064s][info][gc,start       ] GC(15) Pause Young (Normal) (G1 Evacuation Pause)
[3.064s][info][gc,task        ] GC(15) Using 1 workers of 1 for evacuation
[3.103s][info][gc,phases      ] GC(15)   Pre Evacuate Collection Set: 0.0ms
[3.103s][info][gc,phases      ] GC(15)   Evacuate Collection Set: 37.3ms
[3.103s][info][gc,phases      ] GC(15)   Post Evacuate Collection Set: 1.8ms
[3.103s][info][gc,phases      ] GC(15)   Other: 0.1ms
[3.103s][info][gc,heap        ] GC(15) Eden regions: 15->0(14)
[3.103s][info][gc,heap        ] GC(15) Survivor regions: 3->3(3)
[3.103s][info][gc,heap        ] GC(15) Old regions: 14->18
[3.103s][info][gc,heap        ] GC(15) Humongous regions: 0->0
[3.103s][info][gc,metaspace   ] GC(15) Metaspace: 10872K->10872K(1060864K)
[3.103s][info][gc             ] GC(15) Pause Young (Normal) (G1 Evacuation Pause) 31M->19M(53M) 39.406ms
[3.103s][info][gc,cpu         ] GC(15) User=0.02s Sys=0.00s Real=0.04s
[3.230s][info][gc,start       ] GC(16) Pause Young (Normal) (G1 Evacuation Pause)
[3.230s][info][gc,task        ] GC(16) Using 1 workers of 1 for evacuation
[3.255s][info][gc,phases      ] GC(16)   Pre Evacuate Collection Set: 0.0ms
[3.255s][info][gc,phases      ] GC(16)   Evacuate Collection Set: 25.0ms
[3.255s][info][gc,phases      ] GC(16)   Post Evacuate Collection Set: 0.1ms
[3.258s][info][gc,phases      ] GC(16)   Other: 0.2ms
[3.258s][info][gc,heap        ] GC(16) Eden regions: 14->0(13)
[3.258s][info][gc,heap        ] GC(16) Survivor regions: 3->3(3)
[3.258s][info][gc,heap        ] GC(16) Old regions: 18->21
[3.258s][info][gc,heap        ] GC(16) Humongous regions: 0->0
[3.258s][info][gc,metaspace   ] GC(16) Metaspace: 10901K->10901K(1060864K)
[3.258s][info][gc             ] GC(16) Pause Young (Normal) (G1 Evacuation Pause) 33M->23M(53M) 28.383ms
[3.258s][info][gc,cpu         ] GC(16) User=0.02s Sys=0.00s Real=0.03s
[3.455s][info][gc,start       ] GC(17) Pause Young (Normal) (G1 Evacuation Pause)
[3.455s][info][gc,task        ] GC(17) Using 1 workers of 1 for evacuation
[3.519s][info][gc,phases      ] GC(17)   Pre Evacuate Collection Set: 0.0ms
[3.519s][info][gc,phases      ] GC(17)   Evacuate Collection Set: 62.6ms
[3.519s][info][gc,phases      ] GC(17)   Post Evacuate Collection Set: 1.4ms
[3.519s][info][gc,phases      ] GC(17)   Other: 0.2ms
[3.519s][info][gc,heap        ] GC(17) Eden regions: 13->0(27)
[3.519s][info][gc,heap        ] GC(17) Survivor regions: 3->2(2)
[3.519s][info][gc,heap        ] GC(17) Old regions: 21->26
[3.519s][info][gc,heap        ] GC(17) Humongous regions: 0->0
[3.519s][info][gc,metaspace   ] GC(17) Metaspace: 10910K->10910K(1060864K)
[3.519s][info][gc             ] GC(17) Pause Young (Normal) (G1 Evacuation Pause) 36M->26M(106M) 64.397ms
[3.519s][info][gc,cpu         ] GC(17) User=0.03s Sys=0.00s Real=0.06s
[3.642s][info][gc,heap,exit   ] Heap
[3.642s][info][gc,heap,exit   ]  garbage-first heap   total 108544K, used 30660K [0x00000000c2a00000, 0x0000000100000000)
[3.642s][info][gc,heap,exit   ]   region size 1024K, 6 young (6144K), 2 survivors (2048K)
[3.642s][info][gc,heap,exit   ]  Metaspace       used 11184K, capacity 12167K, committed 12416K, reserved 1060864K
[3.642s][info][gc,heap,exit   ]   class space    used 1181K, capacity 1377K, committed 1408K, reserved 1048576K
