[0.002s][info][gc,init] Initializing The Z Garbage Collector
[0.002s][info][gc,init] Version: 11.0.15+10-Ubuntu-0ubuntu0.20.04.1 (release)
[0.002s][info][gc,init] NUMA Support: Disabled
[0.002s][info][gc,init] CPUs: 1 total, 1 available
[0.002s][info][gc,init] Memory: 7952M
[0.002s][info][gc,init] Large Page Support: Disabled
[0.002s][info][gc,init] Workers: 1 parallel, 1 concurrent
[0.002s][info][gc,init] Heap backed by file: /memfd:java_heap
[0.002s][info][gc,init] Available space on backing filesystem: N/A
[0.027s][info][gc,init] Pre-touching: Disabled
[0.027s][info][gc,init] Pre-mapping: 126M
[0.034s][info][gc,init] Runtime Workers: 1 parallel
[0.034s][info][gc     ] Using The Z Garbage Collector
[1.650s][info][gc,start] GC(0) Garbage Collection (System.gc())
[1.650s][info][gc,phases] GC(0) Pause Mark Start 0.510ms
[1.659s][info][gc,phases] GC(0) Concurrent Mark 8.160ms
[1.659s][info][gc,phases] GC(0) Pause Mark End 0.046ms
[1.659s][info][gc,phases] GC(0) Concurrent Process Non-Strong References 0.212ms
[1.659s][info][gc,phases] GC(0) Concurrent Reset Relocation Set 0.000ms
[1.659s][info][gc,phases] GC(0) Concurrent Destroy Detached Pages 0.000ms
[1.665s][info][gc,phases] GC(0) Concurrent Select Relocation Set 6.037ms
[1.665s][info][gc,phases] GC(0) Concurrent Prepare Relocation Set 0.295ms
[1.666s][info][gc,phases] GC(0) Pause Relocate Start 0.736ms
[1.672s][info][gc,phases] GC(0) Concurrent Relocate 5.830ms
[1.672s][info][gc,load  ] GC(0) Load: 2.24/0.83/0.30
[1.672s][info][gc,mmu   ] GC(0) MMU: 2ms/63.2%, 5ms/85.3%, 10ms/92.2%, 20ms/93.5%, 50ms/97.4%, 100ms/98.7%
[1.672s][info][gc,marking] GC(0) Mark: 1 stripe(s), 1 proactive flush(es), 1 terminate flush(es), 0 completion(s), 0 continuation(s) 
[1.672s][info][gc,reloc  ] GC(0) Relocation: Successful, 6M relocated
[1.672s][info][gc,nmethod] GC(0) NMethods: 274 registered, 0 unregistered
[1.672s][info][gc,metaspace] GC(0) Metaspace: 19M used, 20M capacity, 20M committed, 22M reserved
[1.672s][info][gc,ref      ] GC(0) Soft: 323 encountered, 0 discovered, 0 enqueued
[1.672s][info][gc,ref      ] GC(0) Weak: 669 encountered, 613 discovered, 149 enqueued
[1.672s][info][gc,ref      ] GC(0) Final: 3 encountered, 3 discovered, 0 enqueued
[1.672s][info][gc,ref      ] GC(0) Phantom: 253 encountered, 243 discovered, 205 enqueued
[1.672s][info][gc,heap     ] GC(0)                Mark Start          Mark End        Relocate Start      Relocate End           High               Low         
[1.672s][info][gc,heap     ] GC(0)  Capacity:      160M (8%)          160M (8%)          160M (8%)          160M (8%)          160M (8%)          160M (8%)     
[1.672s][info][gc,heap     ] GC(0)   Reserve:       34M (2%)           34M (2%)           34M (2%)           34M (2%)           34M (2%)           34M (2%)     
[1.672s][info][gc,heap     ] GC(0)      Free:     1886M (95%)        1886M (95%)        1886M (95%)        1916M (96%)        1916M (96%)        1884M (95%)    
[1.672s][info][gc,heap     ] GC(0)      Used:       70M (4%)           70M (4%)           70M (4%)           40M (2%)           72M (4%)           40M (2%)     
[1.672s][info][gc,heap     ] GC(0)      Live:         -                 6M (0%)            6M (0%)            6M (0%)             -                  -          
[1.672s][info][gc,heap     ] GC(0) Allocated:         -                 0M (0%)            0M (0%)            6M (0%)             -                  -          
[1.672s][info][gc,heap     ] GC(0)   Garbage:         -                63M (3%)           63M (3%)           33M (2%)             -                  -          
[1.672s][info][gc,heap     ] GC(0) Reclaimed:         -                  -                 0M (0%)           30M (2%)             -                  -          
[1.672s][info][gc          ] GC(0) Garbage Collection (System.gc()) 70M(4%)->40M(2%)
[3.127s][info][gc,start    ] GC(1) Garbage Collection (Metadata GC Threshold)
[3.129s][info][gc,phases   ] GC(1) Pause Mark Start 0.818ms
[3.230s][info][gc,phases   ] GC(1) Concurrent Mark 100.643ms
[3.230s][info][gc,phases   ] GC(1) Pause Mark End 0.098ms
[3.231s][info][gc,phases   ] GC(1) Concurrent Process Non-Strong References 0.791ms
[3.231s][info][gc,phases   ] GC(1) Concurrent Reset Relocation Set 0.002ms
[3.231s][info][gc,phases   ] GC(1) Concurrent Destroy Detached Pages 0.000ms
[3.233s][info][gc,phases   ] GC(1) Concurrent Select Relocation Set 2.767ms
[3.234s][info][gc,phases   ] GC(1) Concurrent Prepare Relocation Set 0.396ms
[3.237s][info][gc,phases   ] GC(1) Pause Relocate Start 1.534ms
[3.277s][info][gc,phases   ] GC(1) Concurrent Relocate 40.157ms
[3.277s][info][gc,load     ] GC(1) Load: 2.24/0.83/0.30
[3.277s][info][gc,mmu      ] GC(1) MMU: 2ms/23.3%, 5ms/69.3%, 10ms/83.7%, 20ms/91.8%, 50ms/96.7%, 100ms/98.4%
[3.277s][info][gc,marking  ] GC(1) Mark: 1 stripe(s), 2 proactive flush(es), 1 terminate flush(es), 0 completion(s), 0 continuation(s) 
[3.277s][info][gc,reloc    ] GC(1) Relocation: Successful, 12M relocated
[3.277s][info][gc,nmethod  ] GC(1) NMethods: 1142 registered, 0 unregistered
[3.277s][info][gc,metaspace] GC(1) Metaspace: 34M used, 35M capacity, 35M committed, 36M reserved
[3.277s][info][gc,ref      ] GC(1) Soft: 458 encountered, 0 discovered, 0 enqueued
[3.277s][info][gc,ref      ] GC(1) Weak: 1476 encountered, 1262 discovered, 183 enqueued
[3.277s][info][gc,ref      ] GC(1) Final: 6 encountered, 5 discovered, 0 enqueued
[3.277s][info][gc,ref      ] GC(1) Phantom: 347 encountered, 324 discovered, 245 enqueued
[3.277s][info][gc,heap     ] GC(1)                Mark Start          Mark End        Relocate Start      Relocate End           High               Low         
[3.277s][info][gc,heap     ] GC(1)  Capacity:      176M (9%)          212M (11%)         212M (11%)         214M (11%)         214M (11%)         176M (9%)     
[3.277s][info][gc,heap     ] GC(1)   Reserve:       34M (2%)           34M (2%)           34M (2%)           34M (2%)           34M (2%)           34M (2%)     
[3.277s][info][gc,heap     ] GC(1)      Free:     1814M (91%)        1778M (89%)        1778M (89%)        1894M (95%)        1894M (95%)        1776M (89%)    
[3.277s][info][gc,heap     ] GC(1)      Used:      142M (7%)          178M (9%)          178M (9%)           62M (3%)          180M (9%)           62M (3%)     
[3.277s][info][gc,heap     ] GC(1)      Live:         -                22M (1%)           22M (1%)           22M (1%)             -                  -          
[3.277s][info][gc,heap     ] GC(1) Allocated:         -                36M (2%)           36M (2%)           48M (2%)             -                  -          
[3.277s][info][gc,heap     ] GC(1)   Garbage:         -               119M (6%)          119M (6%)            1M (0%)             -                  -          
[3.277s][info][gc,heap     ] GC(1) Reclaimed:         -                  -                 0M (0%)          118M (6%)             -                  -          
[3.277s][info][gc          ] GC(1) Garbage Collection (Metadata GC Threshold) 142M(7%)->62M(3%)
[10.063s][info][gc,stats    ] === Garbage Collection Statistics =======================================================================================================================
[10.064s][info][gc,stats    ]                                                              Last 10s              Last 10m              Last 10h                Total
[10.064s][info][gc,stats    ]                                                              Avg / Max             Avg / Max             Avg / Max             Avg / Max
[10.064s][info][gc,stats    ]   Collector: Garbage Collection Cycle                     85.832 / 149.450      85.832 / 149.450      85.832 / 149.450      85.832 / 149.450     ms
[10.064s][info][gc,stats    ]  Contention: Mark Segment Reset Contention                     0 / 0                 0 / 0                 0 / 0                 0 / 0           ops/s
[10.064s][info][gc,stats    ]  Contention: Mark SeqNum Reset Contention                      0 / 0                 0 / 0                 0 / 0                 0 / 0           ops/s
[10.064s][info][gc,stats    ]  Contention: Relocation Contention                             0 / 0                 0 / 0                 0 / 0                 0 / 0           ops/s
[10.064s][info][gc,stats    ]    Critical: Allocation Stall                              0.000 / 0.000         0.000 / 0.000         0.000 / 0.000         0.000 / 0.000       ms
[10.064s][info][gc,stats    ]    Critical: Allocation Stall                                  0 / 0                 0 / 0                 0 / 0                 0 / 0           ops/s
[10.064s][info][gc,stats    ]    Critical: GC Locker Stall                               1.106 / 1.106         1.106 / 1.106         1.106 / 1.106         1.106 / 1.106       ms
[10.064s][info][gc,stats    ]    Critical: GC Locker Stall                                   0 / 1                 0 / 1                 0 / 1                 0 / 1           ops/s
[10.064s][info][gc,stats    ]      Memory: Allocation Rate                                  33 / 104              33 / 104              33 / 104              33 / 104         MB/s
[10.064s][info][gc,stats    ]      Memory: Heap Used After Mark                            124 / 178             124 / 178             124 / 178             124 / 178         MB
[10.064s][info][gc,stats    ]      Memory: Heap Used After Relocation                       51 / 62               51 / 62               51 / 62               51 / 62          MB
[10.064s][info][gc,stats    ]      Memory: Heap Used Before Mark                           106 / 142             106 / 142             106 / 142             106 / 142         MB
[10.064s][info][gc,stats    ]      Memory: Heap Used Before Relocation                     124 / 178             124 / 178             124 / 178             124 / 178         MB
[10.064s][info][gc,stats    ]      Memory: Out Of Memory                                     0 / 0                 0 / 0                 0 / 0                 0 / 0           ops/s
[10.064s][info][gc,stats    ]      Memory: Page Cache Flush                                  0 / 0                 0 / 0                 0 / 0                 0 / 0           MB/s
[10.064s][info][gc,stats    ]      Memory: Page Cache Hit L1                                 5 / 15                5 / 15                5 / 15                5 / 15          ops/s
[10.064s][info][gc,stats    ]      Memory: Page Cache Hit L2                                 0 / 0                 0 / 0                 0 / 0                 0 / 0           ops/s
[10.064s][info][gc,stats    ]      Memory: Page Cache Miss                                   7 / 17                7 / 17                7 / 17                7 / 17          ops/s
[10.064s][info][gc,stats    ]      Memory: Undo Object Allocation Failed                     0 / 0                 0 / 0                 0 / 0                 0 / 0           ops/s
[10.064s][info][gc,stats    ]      Memory: Undo Object Allocation Succeeded                  0 / 0                 0 / 0                 0 / 0                 0 / 0           ops/s
[10.064s][info][gc,stats    ]      Memory: Undo Page Allocation                              0 / 0                 0 / 0                 0 / 0                 0 / 0           ops/s
[10.064s][info][gc,stats    ]       Phase: Concurrent Destroy Detached Pages             0.000 / 0.000         0.000 / 0.000         0.000 / 0.000         0.000 / 0.000       ms
[10.064s][info][gc,stats    ]       Phase: Concurrent Mark                              54.401 / 100.643      54.401 / 100.643      54.401 / 100.643      54.401 / 100.643     ms
[10.064s][info][gc,stats    ]       Phase: Concurrent Mark Continue                      0.000 / 0.000         0.000 / 0.000         0.000 / 0.000         0.000 / 0.000       ms
[10.064s][info][gc,stats    ]       Phase: Concurrent Prepare Relocation Set             0.345 / 0.396         0.345 / 0.396         0.345 / 0.396         0.345 / 0.396       ms
[10.064s][info][gc,stats    ]       Phase: Concurrent Process Non-Strong References      0.501 / 0.791         0.501 / 0.791         0.501 / 0.791         0.501 / 0.791       ms
[10.064s][info][gc,stats    ]       Phase: Concurrent Relocate                          22.993 / 40.157       22.993 / 40.157       22.993 / 40.157       22.993 / 40.157      ms
[10.064s][info][gc,stats    ]       Phase: Concurrent Reset Relocation Set               0.001 / 0.002         0.001 / 0.002         0.001 / 0.002         0.001 / 0.002       ms
[10.064s][info][gc,stats    ]       Phase: Concurrent Select Relocation Set              4.402 / 6.037         4.402 / 6.037         4.402 / 6.037         4.402 / 6.037       ms
[10.064s][info][gc,stats    ]       Phase: Pause Mark End                                0.072 / 0.098         0.072 / 0.098         0.072 / 0.098         0.072 / 0.098       ms
[10.064s][info][gc,stats    ]       Phase: Pause Mark Start                              0.664 / 0.818         0.664 / 0.818         0.664 / 0.818         0.664 / 0.818       ms
[10.064s][info][gc,stats    ]       Phase: Pause Relocate Start                          1.135 / 1.534         1.135 / 1.534         1.135 / 1.534         1.135 / 1.534       ms
[10.064s][info][gc,stats    ]    Subphase: Concurrent Mark                              54.389 / 100.633      54.389 / 100.633      54.389 / 100.633      54.389 / 100.633     ms
[10.064s][info][gc,stats    ]    Subphase: Concurrent Mark Idle                          0.000 / 0.000         0.000 / 0.000         0.000 / 0.000         0.000 / 0.000       ms
[10.064s][info][gc,stats    ]    Subphase: Concurrent Mark Try Flush                     0.856 / 4.166         0.856 / 4.166         0.856 / 4.166         0.856 / 4.166       ms
[10.064s][info][gc,stats    ]    Subphase: Concurrent Mark Try Terminate                 0.003 / 0.005         0.003 / 0.005         0.003 / 0.005         0.003 / 0.005       ms
[10.064s][info][gc,stats    ]    Subphase: Concurrent References Enqueue                 0.002 / 0.002         0.002 / 0.002         0.002 / 0.002         0.002 / 0.002       ms
[10.064s][info][gc,stats    ]    Subphase: Concurrent References Process                 0.182 / 0.269         0.182 / 0.269         0.182 / 0.269         0.182 / 0.269       ms
[10.064s][info][gc,stats    ]    Subphase: Concurrent Weak Roots                         0.313 / 0.514         0.313 / 0.514         0.313 / 0.514         0.313 / 0.514       ms
[10.064s][info][gc,stats    ]    Subphase: Concurrent Weak Roots JNIWeakHandles          0.000 / 0.000         0.000 / 0.000         0.000 / 0.000         0.000 / 0.000       ms
[10.064s][info][gc,stats    ]    Subphase: Concurrent Weak Roots StringTable             0.249 / 0.406         0.249 / 0.406         0.249 / 0.406         0.249 / 0.406       ms
[10.064s][info][gc,stats    ]    Subphase: Concurrent Weak Roots VMWeakHandles           0.062 / 0.106         0.062 / 0.106         0.062 / 0.106         0.062 / 0.106       ms
[10.064s][info][gc,stats    ]    Subphase: Pause Mark Try Complete                       0.000 / 0.000         0.000 / 0.000         0.000 / 0.000         0.000 / 0.000       ms
[10.064s][info][gc,stats    ]    Subphase: Pause Remap TLABS                             0.000 / 0.000         0.000 / 0.000         0.000 / 0.000         0.000 / 0.000       ms
[10.064s][info][gc,stats    ]    Subphase: Pause Retire TLABS                            0.003 / 0.003         0.003 / 0.003         0.003 / 0.003         0.003 / 0.003       ms
[10.064s][info][gc,stats    ]    Subphase: Pause Roots                                   0.582 / 1.454         0.582 / 1.454         0.582 / 1.454         0.582 / 1.454       ms
[10.064s][info][gc,stats    ]    Subphase: Pause Roots ClassLoaderDataGraph              0.369 / 0.637         0.369 / 0.637         0.369 / 0.637         0.369 / 0.637       ms
[10.064s][info][gc,stats    ]    Subphase: Pause Roots CodeCache                         0.253 / 0.410         0.253 / 0.410         0.253 / 0.410         0.253 / 0.410       ms
[10.064s][info][gc,stats    ]    Subphase: Pause Roots JNIHandles                        0.000 / 0.001         0.000 / 0.001         0.000 / 0.001         0.000 / 0.001       ms
[10.064s][info][gc,stats    ]    Subphase: Pause Roots JNIWeakHandles                    0.000 / 0.000         0.000 / 0.000         0.000 / 0.000         0.000 / 0.000       ms
[10.064s][info][gc,stats    ]    Subphase: Pause Roots JRFWeak                           0.000 / 0.000         0.000 / 0.000         0.000 / 0.000         0.000 / 0.000       ms
[10.064s][info][gc,stats    ]    Subphase: Pause Roots JVMTIExport                       0.000 / 0.001         0.000 / 0.001         0.000 / 0.001         0.000 / 0.001       ms
[10.064s][info][gc,stats    ]    Subphase: Pause Roots JVMTIWeakExport                   0.001 / 0.001         0.001 / 0.001         0.001 / 0.001         0.001 / 0.001       ms
[10.064s][info][gc,stats    ]    Subphase: Pause Roots Management                        0.001 / 0.001         0.001 / 0.001         0.001 / 0.001         0.001 / 0.001       ms
[10.064s][info][gc,stats    ]    Subphase: Pause Roots ObjectSynchronizer                0.000 / 0.000         0.000 / 0.000         0.000 / 0.000         0.000 / 0.000       ms
[10.064s][info][gc,stats    ]    Subphase: Pause Roots Setup                             0.023 / 0.052         0.023 / 0.052         0.023 / 0.052         0.023 / 0.052       ms
[10.064s][info][gc,stats    ]    Subphase: Pause Roots StringTable                       0.000 / 0.000         0.000 / 0.000         0.000 / 0.000         0.000 / 0.000       ms
[10.064s][info][gc,stats    ]    Subphase: Pause Roots SystemDictionary                  0.091 / 0.338         0.091 / 0.338         0.091 / 0.338         0.091 / 0.338       ms
[10.064s][info][gc,stats    ]    Subphase: Pause Roots Teardown                          0.000 / 0.001         0.000 / 0.001         0.000 / 0.001         0.000 / 0.001       ms
[10.064s][info][gc,stats    ]    Subphase: Pause Roots Threads                           0.103 / 0.242         0.103 / 0.242         0.103 / 0.242         0.103 / 0.242       ms
[10.064s][info][gc,stats    ]    Subphase: Pause Roots Universe                          0.002 / 0.002         0.002 / 0.002         0.002 / 0.002         0.002 / 0.002       ms
[10.064s][info][gc,stats    ]    Subphase: Pause Roots VMWeakHandles                     0.000 / 0.000         0.000 / 0.000         0.000 / 0.000         0.000 / 0.000       ms
[10.064s][info][gc,stats    ]    Subphase: Pause Weak Roots                              0.003 / 0.005         0.003 / 0.005         0.003 / 0.005         0.003 / 0.005       ms
[10.064s][info][gc,stats    ]    Subphase: Pause Weak Roots JFRWeak                      0.000 / 0.001         0.000 / 0.001         0.000 / 0.001         0.000 / 0.001       ms
[10.064s][info][gc,stats    ]    Subphase: Pause Weak Roots JNIWeakHandles               0.000 / 0.000         0.000 / 0.000         0.000 / 0.000         0.000 / 0.000       ms
[10.064s][info][gc,stats    ]    Subphase: Pause Weak Roots JVMTIWeakExport              0.002 / 0.004         0.002 / 0.004         0.002 / 0.004         0.002 / 0.004       ms
[10.064s][info][gc,stats    ]    Subphase: Pause Weak Roots Setup                        0.000 / 0.000         0.000 / 0.000         0.000 / 0.000         0.000 / 0.000       ms
[10.064s][info][gc,stats    ]    Subphase: Pause Weak Roots StringTable                  0.000 / 0.000         0.000 / 0.000         0.000 / 0.000         0.000 / 0.000       ms
[10.064s][info][gc,stats    ]    Subphase: Pause Weak Roots SymbolTable                  0.000 / 0.000         0.000 / 0.000         0.000 / 0.000         0.000 / 0.000       ms
[10.064s][info][gc,stats    ]    Subphase: Pause Weak Roots Teardown                     0.000 / 0.000         0.000 / 0.000         0.000 / 0.000         0.000 / 0.000       ms
[10.064s][info][gc,stats    ]    Subphase: Pause Weak Roots VMWeakHandles                0.000 / 0.000         0.000 / 0.000         0.000 / 0.000         0.000 / 0.000       ms
[10.064s][info][gc,stats    ]      System: Java Threads                                      9 / 10                9 / 10                9 / 10                9 / 10          threads
[10.064s][info][gc,stats    ] =========================================================================================================================================================
[15.164s][info][gc,start    ] GC(2) Garbage Collection (Metadata GC Threshold)
[15.170s][info][gc,phases   ] GC(2) Pause Mark Start 4.154ms
[15.632s][info][gc,phases   ] GC(2) Concurrent Mark 461.873ms
[15.632s][info][gc,phases   ] GC(2) Pause Mark End 0.125ms
[15.642s][info][gc,phases   ] GC(2) Concurrent Process Non-Strong References 9.279ms
[15.642s][info][gc,phases   ] GC(2) Concurrent Reset Relocation Set 0.004ms
[15.642s][info][gc,phases   ] GC(2) Concurrent Destroy Detached Pages 0.000ms
[15.643s][info][gc,phases   ] GC(2) Concurrent Select Relocation Set 1.532ms
[15.645s][info][gc,phases   ] GC(2) Concurrent Prepare Relocation Set 1.946ms
[15.651s][info][gc,phases   ] GC(2) Pause Relocate Start 5.437ms
[15.841s][info][gc,phases   ] GC(2) Concurrent Relocate 181.531ms
[15.841s][info][gc,load     ] GC(2) Load: 2.27/0.90/0.34
[15.841s][info][gc,mmu      ] GC(2) MMU: 2ms/0.0%, 5ms/0.0%, 10ms/45.6%, 20ms/72.2%, 50ms/88.9%, 100ms/94.4%
[15.841s][info][gc,marking  ] GC(2) Mark: 1 stripe(s), 3 proactive flush(es), 3 terminate flush(es), 1 completion(s), 0 continuation(s) 
[15.841s][info][gc,reloc    ] GC(2) Relocation: Successful, 37M relocated
[15.841s][info][gc,nmethod  ] GC(2) NMethods: 7711 registered, 0 unregistered
[15.841s][info][gc,metaspace] GC(2) Metaspace: 55M used, 58M capacity, 58M committed, 60M reserved
[15.841s][info][gc,ref      ] GC(2) Soft: 837 encountered, 0 discovered, 0 enqueued
[15.841s][info][gc,ref      ] GC(2) Weak: 37545 encountered, 17789 discovered, 12974 enqueued
[15.841s][info][gc,ref      ] GC(2) Final: 6 encountered, 5 discovered, 0 enqueued
[15.841s][info][gc,ref      ] GC(2) Phantom: 1351 encountered, 1325 discovered, 1244 enqueued
[15.841s][info][gc,heap     ] GC(2)                Mark Start          Mark End        Relocate Start      Relocate End           High               Low         
[15.841s][info][gc,heap     ] GC(2)  Capacity:      410M (21%)         418M (21%)         418M (21%)         422M (21%)         422M (21%)         410M (21%)    
[15.841s][info][gc,heap     ] GC(2)   Reserve:       34M (2%)           34M (2%)           34M (2%)           34M (2%)           34M (2%)           34M (2%)     
[15.841s][info][gc,heap     ] GC(2)      Free:     1644M (83%)        1636M (82%)        1636M (82%)        1856M (93%)        1856M (93%)        1632M (82%)    
[15.841s][info][gc,heap     ] GC(2)      Used:      312M (16%)         320M (16%)         320M (16%)         100M (5%)          324M (16%)         100M (5%)     
[15.841s][info][gc,heap     ] GC(2)      Live:         -                55M (3%)           55M (3%)           55M (3%)             -                  -          
[15.841s][info][gc,heap     ] GC(2) Allocated:         -                 8M (0%)            8M (0%)           44M (2%)             -                  -          
[15.841s][info][gc,heap     ] GC(2)   Garbage:         -               256M (13%)         256M (13%)          36M (2%)             -                  -          
[15.841s][info][gc,heap     ] GC(2) Reclaimed:         -                  -                 0M (0%)          220M (11%)            -                  -          
[15.841s][info][gc          ] GC(2) Garbage Collection (Metadata GC Threshold) 312M(16%)->100M(5%)
[20.063s][info][gc,stats    ] === Garbage Collection Statistics =======================================================================================================================
[20.063s][info][gc,stats    ]                                                              Last 10s              Last 10m              Last 10h                Total
[20.063s][info][gc,stats    ]                                                              Avg / Max             Avg / Max             Avg / Max             Avg / Max
[20.064s][info][gc,stats    ]   Collector: Garbage Collection Cycle                    677.038 / 677.038     282.901 / 677.038     282.901 / 677.038     282.901 / 677.038     ms
[20.064s][info][gc,stats    ]  Contention: Mark Segment Reset Contention                     0 / 0                 0 / 0                 0 / 0                 0 / 0           ops/s
[20.064s][info][gc,stats    ]  Contention: Mark SeqNum Reset Contention                      0 / 0                 0 / 0                 0 / 0                 0 / 0           ops/s
[20.064s][info][gc,stats    ]  Contention: Relocation Contention                             0 / 0                 0 / 0                 0 / 0                 0 / 0           ops/s
[20.064s][info][gc,stats    ]    Critical: Allocation Stall                              0.000 / 0.000         0.000 / 0.000         0.000 / 0.000         0.000 / 0.000       ms
[20.064s][info][gc,stats    ]    Critical: Allocation Stall                                  0 / 0                 0 / 0                 0 / 0                 0 / 0           ops/s
[20.064s][info][gc,stats    ]    Critical: GC Locker Stall                               0.000 / 0.000         1.106 / 1.106         1.106 / 1.106         1.106 / 1.106       ms
[20.064s][info][gc,stats    ]    Critical: GC Locker Stall                                   0 / 0                 0 / 1                 0 / 1                 0 / 1           ops/s
[20.064s][info][gc,stats    ]      Memory: Allocation Rate                                  25 / 42               29 / 104              29 / 104              29 / 104         MB/s
[20.064s][info][gc,stats    ]      Memory: Heap Used After Mark                            320 / 320             189 / 320             189 / 320             189 / 320         MB
[20.064s][info][gc,stats    ]      Memory: Heap Used After Relocation                      100 / 100              67 / 100              67 / 100              67 / 100         MB
[20.064s][info][gc,stats    ]      Memory: Heap Used Before Mark                           312 / 312             174 / 312             174 / 312             174 / 312         MB
[20.064s][info][gc,stats    ]      Memory: Heap Used Before Relocation                     320 / 320             189 / 320             189 / 320             189 / 320         MB
[20.064s][info][gc,stats    ]      Memory: Out Of Memory                                     0 / 0                 0 / 0                 0 / 0                 0 / 0           ops/s
[20.064s][info][gc,stats    ]      Memory: Page Cache Flush                                  0 / 0                 0 / 0                 0 / 0                 0 / 0           MB/s
[20.064s][info][gc,stats    ]      Memory: Page Cache Hit L1                                 7 / 20                6 / 20                6 / 20                6 / 20          ops/s
[20.064s][info][gc,stats    ]      Memory: Page Cache Hit L2                                 0 / 0                 0 / 0                 0 / 0                 0 / 0           ops/s
[20.064s][info][gc,stats    ]      Memory: Page Cache Miss                                   7 / 21                7 / 21                7 / 21                7 / 21          ops/s
[20.064s][info][gc,stats    ]      Memory: Undo Object Allocation Failed                     0 / 0                 0 / 0                 0 / 0                 0 / 0           ops/s
[20.064s][info][gc,stats    ]      Memory: Undo Object Allocation Succeeded                  0 / 0                 0 / 0                 0 / 0                 0 / 0           ops/s
[20.064s][info][gc,stats    ]      Memory: Undo Page Allocation                              0 / 0                 0 / 0                 0 / 0                 0 / 0           ops/s
[20.064s][info][gc,stats    ]       Phase: Concurrent Destroy Detached Pages             0.000 / 0.000         0.000 / 0.000         0.000 / 0.000         0.000 / 0.000       ms
[20.064s][info][gc,stats    ]       Phase: Concurrent Mark                             461.873 / 461.873     190.225 / 461.873     190.225 / 461.873     190.225 / 461.873     ms
[20.064s][info][gc,stats    ]       Phase: Concurrent Mark Continue                      0.000 / 0.000         0.000 / 0.000         0.000 / 0.000         0.000 / 0.000       ms
[20.064s][info][gc,stats    ]       Phase: Concurrent Prepare Relocation Set             1.946 / 1.946         0.879 / 1.946         0.879 / 1.946         0.879 / 1.946       ms
[20.064s][info][gc,stats    ]       Phase: Concurrent Process Non-Strong References      9.279 / 9.279         3.427 / 9.279         3.427 / 9.279         3.427 / 9.279       ms
[20.064s][info][gc,stats    ]       Phase: Concurrent Relocate                         181.531 / 181.531      75.839 / 181.531      75.839 / 181.531      75.839 / 181.531     ms
[20.064s][info][gc,stats    ]       Phase: Concurrent Reset Relocation Set               0.004 / 0.004         0.002 / 0.004         0.002 / 0.004         0.002 / 0.004       ms
[20.064s][info][gc,stats    ]       Phase: Concurrent Select Relocation Set              1.532 / 1.532         3.445 / 6.037         3.445 / 6.037         3.445 / 6.037       ms
[20.064s][info][gc,stats    ]       Phase: Pause Mark End                                0.125 / 0.125         0.090 / 0.125         0.090 / 0.125         0.090 / 0.125       ms
[20.064s][info][gc,stats    ]       Phase: Pause Mark Start                              4.154 / 4.154         1.827 / 4.154         1.827 / 4.154         1.827 / 4.154       ms
[20.064s][info][gc,stats    ]       Phase: Pause Relocate Start                          5.437 / 5.437         2.569 / 5.437         2.569 / 5.437         2.569 / 5.437       ms
[20.064s][info][gc,stats    ]    Subphase: Concurrent Mark                             457.364 / 457.364     188.714 / 457.364     188.714 / 457.364     188.714 / 457.364     ms
[20.064s][info][gc,stats    ]    Subphase: Concurrent Mark Idle                          0.000 / 0.000         0.000 / 0.000         0.000 / 0.000         0.000 / 0.000       ms
[20.064s][info][gc,stats    ]    Subphase: Concurrent Mark Try Flush                     1.784 / 2.148         1.362 / 4.166         1.362 / 4.166         1.362 / 4.166       ms
[20.064s][info][gc,stats    ]    Subphase: Concurrent Mark Try Terminate                 1.464 / 2.151         0.733 / 2.151         0.733 / 2.151         0.733 / 2.151       ms
[20.064s][info][gc,stats    ]    Subphase: Concurrent References Enqueue                 0.002 / 0.002         0.002 / 0.002         0.002 / 0.002         0.002 / 0.002       ms
[20.064s][info][gc,stats    ]    Subphase: Concurrent References Process                 3.791 / 3.791         1.385 / 3.791         1.385 / 3.791         1.385 / 3.791       ms
[20.064s][info][gc,stats    ]    Subphase: Concurrent Weak Roots                         1.043 / 1.043         0.556 / 1.043         0.556 / 1.043         0.556 / 1.043       ms
[20.064s][info][gc,stats    ]    Subphase: Concurrent Weak Roots JNIWeakHandles          0.001 / 0.001         0.000 / 0.001         0.000 / 0.001         0.000 / 0.001       ms
[20.064s][info][gc,stats    ]    Subphase: Concurrent Weak Roots StringTable             0.621 / 0.621         0.373 / 0.621         0.373 / 0.621         0.373 / 0.621       ms
[20.064s][info][gc,stats    ]    Subphase: Concurrent Weak Roots VMWeakHandles           0.418 / 0.418         0.181 / 0.418         0.181 / 0.418         0.181 / 0.418       ms
[20.064s][info][gc,stats    ]    Subphase: Pause Mark Try Complete                       0.010 / 0.010         0.010 / 0.010         0.010 / 0.010         0.010 / 0.010       ms
[20.064s][info][gc,stats    ]    Subphase: Pause Remap TLABS                             0.001 / 0.001         0.000 / 0.001         0.000 / 0.001         0.000 / 0.001       ms
[20.064s][info][gc,stats    ]    Subphase: Pause Retire TLABS                            0.004 / 0.004         0.003 / 0.004         0.003 / 0.004         0.003 / 0.004       ms
[20.064s][info][gc,stats    ]    Subphase: Pause Roots                                   3.079 / 5.203         1.414 / 5.203         1.414 / 5.203         1.414 / 5.203       ms
[20.064s][info][gc,stats    ]    Subphase: Pause Roots ClassLoaderDataGraph              1.014 / 1.511         0.584 / 1.511         0.584 / 1.511         0.584 / 1.511       ms
[20.064s][info][gc,stats    ]    Subphase: Pause Roots CodeCache                         3.116 / 3.158         1.207 / 3.158         1.207 / 3.158         1.207 / 3.158       ms
[20.064s][info][gc,stats    ]    Subphase: Pause Roots JNIHandles                        0.001 / 0.001         0.001 / 0.001         0.001 / 0.001         0.001 / 0.001       ms
[20.064s][info][gc,stats    ]    Subphase: Pause Roots JNIWeakHandles                    0.000 / 0.000         0.000 / 0.000         0.000 / 0.000         0.000 / 0.000       ms
[20.064s][info][gc,stats    ]    Subphase: Pause Roots JRFWeak                           0.000 / 0.000         0.000 / 0.000         0.000 / 0.000         0.000 / 0.000       ms
[20.064s][info][gc,stats    ]    Subphase: Pause Roots JVMTIExport                       0.000 / 0.000         0.000 / 0.001         0.000 / 0.001         0.000 / 0.001       ms
[20.064s][info][gc,stats    ]    Subphase: Pause Roots JVMTIWeakExport                   0.001 / 0.001         0.001 / 0.001         0.001 / 0.001         0.001 / 0.001       ms
[20.064s][info][gc,stats    ]    Subphase: Pause Roots Management                        0.001 / 0.001         0.001 / 0.001         0.001 / 0.001         0.001 / 0.001       ms
[20.064s][info][gc,stats    ]    Subphase: Pause Roots ObjectSynchronizer                0.000 / 0.000         0.000 / 0.000         0.000 / 0.000         0.000 / 0.000       ms
[20.064s][info][gc,stats    ]    Subphase: Pause Roots Setup                             0.125 / 0.199         0.057 / 0.199         0.057 / 0.199         0.057 / 0.199       ms
[20.064s][info][gc,stats    ]    Subphase: Pause Roots StringTable                       0.000 / 0.000         0.000 / 0.000         0.000 / 0.000         0.000 / 0.000       ms
[20.064s][info][gc,stats    ]    Subphase: Pause Roots SystemDictionary                  0.195 / 0.382         0.125 / 0.382         0.125 / 0.382         0.125 / 0.382       ms
[20.064s][info][gc,stats    ]    Subphase: Pause Roots Teardown                          0.001 / 0.002         0.001 / 0.002         0.001 / 0.002         0.001 / 0.002       ms
[20.064s][info][gc,stats    ]    Subphase: Pause Roots Threads                           0.190 / 0.334         0.132 / 0.334         0.132 / 0.334         0.132 / 0.334       ms
[20.064s][info][gc,stats    ]    Subphase: Pause Roots Universe                          0.002 / 0.002         0.002 / 0.002         0.002 / 0.002         0.002 / 0.002       ms
[20.064s][info][gc,stats    ]    Subphase: Pause Roots VMWeakHandles                     0.000 / 0.000         0.000 / 0.000         0.000 / 0.000         0.000 / 0.000       ms
[20.064s][info][gc,stats    ]    Subphase: Pause Weak Roots                              0.001 / 0.001         0.003 / 0.005         0.003 / 0.005         0.003 / 0.005       ms
[20.064s][info][gc,stats    ]    Subphase: Pause Weak Roots JFRWeak                      0.001 / 0.001         0.000 / 0.001         0.000 / 0.001         0.000 / 0.001       ms
[20.064s][info][gc,stats    ]    Subphase: Pause Weak Roots JNIWeakHandles               0.000 / 0.000         0.000 / 0.000         0.000 / 0.000         0.000 / 0.000       ms
[20.064s][info][gc,stats    ]    Subphase: Pause Weak Roots JVMTIWeakExport              0.000 / 0.000         0.002 / 0.004         0.002 / 0.004         0.002 / 0.004       ms
[20.064s][info][gc,stats    ]    Subphase: Pause Weak Roots Setup                        0.000 / 0.000         0.000 / 0.000         0.000 / 0.000         0.000 / 0.000       ms
[20.064s][info][gc,stats    ]    Subphase: Pause Weak Roots StringTable                  0.000 / 0.000         0.000 / 0.000         0.000 / 0.000         0.000 / 0.000       ms
[20.064s][info][gc,stats    ]    Subphase: Pause Weak Roots SymbolTable                  0.000 / 0.000         0.000 / 0.000         0.000 / 0.000         0.000 / 0.000       ms
[20.064s][info][gc,stats    ]    Subphase: Pause Weak Roots Teardown                     0.001 / 0.001         0.001 / 0.001         0.001 / 0.001         0.001 / 0.001       ms
[20.064s][info][gc,stats    ]    Subphase: Pause Weak Roots VMWeakHandles                0.000 / 0.000         0.000 / 0.000         0.000 / 0.000         0.000 / 0.000       ms
[20.064s][info][gc,stats    ]      System: Java Threads                                     10 / 10                9 / 10                9 / 10                9 / 10          threads
[20.064s][info][gc,stats    ] =========================================================================================================================================================
[22.564s][info][gc,start    ] GC(3) Garbage Collection (System.gc())
[22.576s][info][gc,phases   ] GC(3) Pause Mark Start 12.095ms
[22.633s][info][gc,phases   ] GC(3) Concurrent Mark 56.968ms
[22.633s][info][gc,phases   ] GC(3) Pause Mark End 0.049ms
[22.635s][info][gc,phases   ] GC(3) Concurrent Process Non-Strong References 2.015ms
[22.639s][info][gc,phases   ] GC(3) Concurrent Reset Relocation Set 4.050ms
[22.639s][info][gc,phases   ] GC(3) Concurrent Destroy Detached Pages 0.001ms
[22.641s][info][gc,phases   ] GC(3) Concurrent Select Relocation Set 1.581ms
[22.642s][info][gc,phases   ] GC(3) Concurrent Prepare Relocation Set 0.796ms
[22.647s][info][gc,phases   ] GC(3) Pause Relocate Start 5.258ms
[22.665s][info][gc,phases   ] GC(3) Concurrent Relocate 17.513ms
[22.665s][info][gc,load     ] GC(3) Load: 2.25/0.92/0.35
[22.665s][info][gc,mmu      ] GC(3) MMU: 2ms/0.0%, 5ms/0.0%, 10ms/0.0%, 20ms/39.5%, 50ms/75.8%, 100ms/82.6%
[22.665s][info][gc,marking  ] GC(3) Mark: 1 stripe(s), 1 proactive flush(es), 1 terminate flush(es), 0 completion(s), 0 continuation(s) 
[22.665s][info][gc,reloc    ] GC(3) Relocation: Successful, 16M relocated
[22.665s][info][gc,nmethod  ] GC(3) NMethods: 10441 registered, 0 unregistered
[22.665s][info][gc,metaspace] GC(3) Metaspace: 63M used, 67M capacity, 67M committed, 68M reserved
[22.665s][info][gc,ref      ] GC(3) Soft: 934 encountered, 0 discovered, 0 enqueued
[22.665s][info][gc,ref      ] GC(3) Weak: 5115 encountered, 4999 discovered, 301 enqueued
[22.665s][info][gc,ref      ] GC(3) Final: 6 encountered, 6 discovered, 0 enqueued
[22.665s][info][gc,ref      ] GC(3) Phantom: 632 encountered, 609 discovered, 525 enqueued
[22.665s][info][gc,heap     ] GC(3)                Mark Start          Mark End        Relocate Start      Relocate End           High               Low         
[22.665s][info][gc,heap     ] GC(3)  Capacity:      422M (21%)         422M (21%)         422M (21%)         422M (21%)         422M (21%)         422M (21%)    
[22.665s][info][gc,heap     ] GC(3)   Reserve:       34M (2%)           34M (2%)           34M (2%)           34M (2%)           34M (2%)           34M (2%)     
[22.665s][info][gc,heap     ] GC(3)      Free:     1658M (83%)        1658M (83%)        1662M (84%)        1890M (95%)        1890M (95%)        1656M (83%)    
[22.665s][info][gc,heap     ] GC(3)      Used:      298M (15%)         298M (15%)         294M (15%)          66M (3%)          300M (15%)          66M (3%)     
[22.665s][info][gc,heap     ] GC(3)      Live:         -                28M (1%)           28M (1%)           28M (1%)             -                  -          
[22.665s][info][gc,heap     ] GC(3) Allocated:         -                 0M (0%)            2M (0%)           14M (1%)             -                  -          
[22.665s][info][gc,heap     ] GC(3)   Garbage:         -               269M (14%)         263M (13%)          35M (2%)             -                  -          
[22.665s][info][gc,heap     ] GC(3) Reclaimed:         -                  -                 6M (0%)          234M (12%)            -                  -          
[22.665s][info][gc          ] GC(3) Garbage Collection (System.gc()) 298M(15%)->66M(3%)
[30.063s][info][gc,stats    ] === Garbage Collection Statistics =======================================================================================================================
[30.063s][info][gc,stats    ]                                                              Last 10s              Last 10m              Last 10h                Total
[30.063s][info][gc,stats    ]                                                              Avg / Max             Avg / Max             Avg / Max             Avg / Max
[30.063s][info][gc,stats    ]   Collector: Garbage Collection Cycle                    101.010 / 101.010     237.428 / 677.038     237.428 / 677.038     237.428 / 677.038     ms
[30.063s][info][gc,stats    ]  Contention: Mark Segment Reset Contention                     0 / 0                 0 / 0                 0 / 0                 0 / 0           ops/s
[30.063s][info][gc,stats    ]  Contention: Mark SeqNum Reset Contention                      0 / 0                 0 / 0                 0 / 0                 0 / 0           ops/s
[30.063s][info][gc,stats    ]  Contention: Relocation Contention                             0 / 0                 0 / 0                 0 / 0                 0 / 0           ops/s
[30.063s][info][gc,stats    ]    Critical: Allocation Stall                              0.000 / 0.000         0.000 / 0.000         0.000 / 0.000         0.000 / 0.000       ms
[30.063s][info][gc,stats    ]    Critical: Allocation Stall                                  0 / 0                 0 / 0                 0 / 0                 0 / 0           ops/s
[30.063s][info][gc,stats    ]    Critical: GC Locker Stall                               0.000 / 0.000         1.106 / 1.106         1.106 / 1.106         1.106 / 1.106       ms
[30.063s][info][gc,stats    ]    Critical: GC Locker Stall                                   0 / 0                 0 / 1                 0 / 1                 0 / 1           ops/s
[30.063s][info][gc,stats    ]      Memory: Allocation Rate                                  45 / 64               34 / 104              34 / 104              34 / 104         MB/s
[30.063s][info][gc,stats    ]      Memory: Heap Used After Mark                            298 / 298             216 / 320             216 / 320             216 / 320         MB
[30.063s][info][gc,stats    ]      Memory: Heap Used After Relocation                       66 / 66               67 / 100              67 / 100              67 / 100         MB
[30.063s][info][gc,stats    ]      Memory: Heap Used Before Mark                           298 / 298             205 / 312             205 / 312             205 / 312         MB
[30.063s][info][gc,stats    ]      Memory: Heap Used Before Relocation                     294 / 294             215 / 320             215 / 320             215 / 320         MB
[30.063s][info][gc,stats    ]      Memory: Out Of Memory                                     0 / 0                 0 / 0                 0 / 0                 0 / 0           ops/s
[30.063s][info][gc,stats    ]      Memory: Page Cache Flush                                  0 / 0                 0 / 0                 0 / 0                 0 / 0           MB/s
[30.063s][info][gc,stats    ]      Memory: Page Cache Hit L1                                18 / 28               10 / 28               10 / 28               10 / 28          ops/s
[30.063s][info][gc,stats    ]      Memory: Page Cache Hit L2                                 0 / 0                 0 / 0                 0 / 0                 0 / 0           ops/s
[30.063s][info][gc,stats    ]      Memory: Page Cache Miss                                   3 / 26                6 / 26                6 / 26                6 / 26          ops/s
[30.063s][info][gc,stats    ]      Memory: Undo Object Allocation Failed                     0 / 0                 0 / 0                 0 / 0                 0 / 0           ops/s
[30.063s][info][gc,stats    ]      Memory: Undo Object Allocation Succeeded                  0 / 0                 0 / 0                 0 / 0                 0 / 0           ops/s
[30.063s][info][gc,stats    ]      Memory: Undo Page Allocation                              0 / 0                 0 / 0                 0 / 0                 0 / 0           ops/s
[30.063s][info][gc,stats    ]       Phase: Concurrent Destroy Detached Pages             0.001 / 0.001         0.000 / 0.001         0.000 / 0.001         0.000 / 0.001       ms
[30.063s][info][gc,stats    ]       Phase: Concurrent Mark                              56.968 / 56.968      156.911 / 461.873     156.911 / 461.873     156.911 / 461.873     ms
[30.063s][info][gc,stats    ]       Phase: Concurrent Mark Continue                      0.000 / 0.000         0.000 / 0.000         0.000 / 0.000         0.000 / 0.000       ms
[30.063s][info][gc,stats    ]       Phase: Concurrent Prepare Relocation Set             0.796 / 0.796         0.858 / 1.946         0.858 / 1.946         0.858 / 1.946       ms
[30.063s][info][gc,stats    ]       Phase: Concurrent Process Non-Strong References      2.015 / 2.015         3.074 / 9.279         3.074 / 9.279         3.074 / 9.279       ms
[30.063s][info][gc,stats    ]       Phase: Concurrent Relocate                          17.513 / 17.513       61.258 / 181.531      61.258 / 181.531      61.258 / 181.531     ms
[30.063s][info][gc,stats    ]       Phase: Concurrent Reset Relocation Set               4.050 / 4.050         1.014 / 4.050         1.014 / 4.050         1.014 / 4.050       ms
[30.063s][info][gc,stats    ]       Phase: Concurrent Select Relocation Set              1.581 / 1.581         2.979 / 6.037         2.979 / 6.037         2.979 / 6.037       ms
[30.063s][info][gc,stats    ]       Phase: Pause Mark End                                0.049 / 0.049         0.080 / 0.125         0.080 / 0.125         0.080 / 0.125       ms
[30.063s][info][gc,stats    ]       Phase: Pause Mark Start                             12.095 / 12.095        4.394 / 12.095        4.394 / 12.095        4.394 / 12.095      ms
[30.063s][info][gc,stats    ]       Phase: Pause Relocate Start                          5.258 / 5.258         3.241 / 5.437         3.241 / 5.437         3.241 / 5.437       ms
[30.063s][info][gc,stats    ]    Subphase: Concurrent Mark                              56.878 / 56.878      155.755 / 457.364     155.755 / 457.364     155.755 / 457.364     ms
[30.063s][info][gc,stats    ]    Subphase: Concurrent Mark Idle                          0.000 / 0.000         0.000 / 0.000         0.000 / 0.000         0.000 / 0.000       ms
[30.063s][info][gc,stats    ]    Subphase: Concurrent Mark Try Flush                     0.047 / 0.089         1.160 / 4.166         1.160 / 4.166         1.160 / 4.166       ms
[30.063s][info][gc,stats    ]    Subphase: Concurrent Mark Try Terminate                 0.003 / 0.005         0.587 / 2.151         0.587 / 2.151         0.587 / 2.151       ms
[30.063s][info][gc,stats    ]    Subphase: Concurrent References Enqueue                 0.002 / 0.002         0.002 / 0.002         0.002 / 0.002         0.002 / 0.002       ms
[30.063s][info][gc,stats    ]    Subphase: Concurrent References Process                 0.800 / 0.800         1.239 / 3.791         1.239 / 3.791         1.239 / 3.791       ms
[30.063s][info][gc,stats    ]    Subphase: Concurrent Weak Roots                         1.207 / 1.207         0.719 / 1.207         0.719 / 1.207         0.719 / 1.207       ms
[30.063s][info][gc,stats    ]    Subphase: Concurrent Weak Roots JNIWeakHandles          0.000 / 0.000         0.000 / 0.001         0.000 / 0.001         0.000 / 0.001       ms
[30.063s][info][gc,stats    ]    Subphase: Concurrent Weak Roots StringTable             0.649 / 0.649         0.442 / 0.649         0.442 / 0.649         0.442 / 0.649       ms
[30.063s][info][gc,stats    ]    Subphase: Concurrent Weak Roots VMWeakHandles           0.556 / 0.556         0.275 / 0.556         0.275 / 0.556         0.275 / 0.556       ms
[30.063s][info][gc,stats    ]    Subphase: Pause Mark Try Complete                       0.000 / 0.000         0.010 / 0.010         0.010 / 0.010         0.010 / 0.010       ms
[30.063s][info][gc,stats    ]    Subphase: Pause Remap TLABS                             0.000 / 0.000         0.000 / 0.001         0.000 / 0.001         0.000 / 0.001       ms
[30.063s][info][gc,stats    ]    Subphase: Pause Retire TLABS                            0.003 / 0.003         0.003 / 0.004         0.003 / 0.004         0.003 / 0.004       ms
[30.063s][info][gc,stats    ]    Subphase: Pause Roots                                   5.617 / 11.836        2.465 / 11.836        2.465 / 11.836        2.465 / 11.836      ms
[30.063s][info][gc,stats    ]    Subphase: Pause Roots ClassLoaderDataGraph              0.783 / 0.940         0.633 / 1.511         0.633 / 1.511         0.633 / 1.511       ms
[30.063s][info][gc,stats    ]    Subphase: Pause Roots CodeCache                         7.562 / 11.161        2.796 / 11.161        2.796 / 11.161        2.796 / 11.161      ms
[30.064s][info][gc,stats    ]    Subphase: Pause Roots JNIHandles                        0.002 / 0.003         0.001 / 0.003         0.001 / 0.003         0.001 / 0.003       ms
[30.064s][info][gc,stats    ]    Subphase: Pause Roots JNIWeakHandles                    0.000 / 0.000         0.000 / 0.000         0.000 / 0.000         0.000 / 0.000       ms
[30.064s][info][gc,stats    ]    Subphase: Pause Roots JRFWeak                           0.000 / 0.000         0.000 / 0.000         0.000 / 0.000         0.000 / 0.000       ms
[30.064s][info][gc,stats    ]    Subphase: Pause Roots JVMTIExport                       0.000 / 0.000         0.000 / 0.001         0.000 / 0.001         0.000 / 0.001       ms
[30.064s][info][gc,stats    ]    Subphase: Pause Roots JVMTIWeakExport                   0.001 / 0.001         0.001 / 0.001         0.001 / 0.001         0.001 / 0.001       ms
[30.064s][info][gc,stats    ]    Subphase: Pause Roots Management                        0.001 / 0.001         0.001 / 0.001         0.001 / 0.001         0.001 / 0.001       ms
[30.064s][info][gc,stats    ]    Subphase: Pause Roots ObjectSynchronizer                0.000 / 0.000         0.000 / 0.000         0.000 / 0.000         0.000 / 0.000       ms
[30.064s][info][gc,stats    ]    Subphase: Pause Roots Setup                             0.157 / 0.243         0.082 / 0.243         0.082 / 0.243         0.082 / 0.243       ms
[30.064s][info][gc,stats    ]    Subphase: Pause Roots StringTable                       0.000 / 0.000         0.000 / 0.000         0.000 / 0.000         0.000 / 0.000       ms
[30.064s][info][gc,stats    ]    Subphase: Pause Roots SystemDictionary                  0.011 / 0.014         0.097 / 0.382         0.097 / 0.382         0.097 / 0.382       ms
[30.064s][info][gc,stats    ]    Subphase: Pause Roots Teardown                          0.001 / 0.002         0.001 / 0.002         0.001 / 0.002         0.001 / 0.002       ms
[30.064s][info][gc,stats    ]    Subphase: Pause Roots Threads                           0.039 / 0.046         0.109 / 0.334         0.109 / 0.334         0.109 / 0.334       ms
[30.064s][info][gc,stats    ]    Subphase: Pause Roots Universe                          0.006 / 0.010         0.003 / 0.010         0.003 / 0.010         0.003 / 0.010       ms
[30.064s][info][gc,stats    ]    Subphase: Pause Roots VMWeakHandles                     0.000 / 0.000         0.000 / 0.000         0.000 / 0.000         0.000 / 0.000       ms
[30.064s][info][gc,stats    ]    Subphase: Pause Weak Roots                              0.002 / 0.002         0.002 / 0.005         0.002 / 0.005         0.002 / 0.005       ms
[30.064s][info][gc,stats    ]    Subphase: Pause Weak Roots JFRWeak                      0.001 / 0.001         0.001 / 0.001         0.001 / 0.001         0.001 / 0.001       ms
[30.064s][info][gc,stats    ]    Subphase: Pause Weak Roots JNIWeakHandles               0.000 / 0.000         0.000 / 0.000         0.000 / 0.000         0.000 / 0.000       ms
[30.064s][info][gc,stats    ]    Subphase: Pause Weak Roots JVMTIWeakExport              0.000 / 0.000         0.001 / 0.004         0.001 / 0.004         0.001 / 0.004       ms
[30.064s][info][gc,stats    ]    Subphase: Pause Weak Roots Setup                        0.000 / 0.000         0.000 / 0.000         0.000 / 0.000         0.000 / 0.000       ms
[30.064s][info][gc,stats    ]    Subphase: Pause Weak Roots StringTable                  0.000 / 0.000         0.000 / 0.000         0.000 / 0.000         0.000 / 0.000       ms
[30.064s][info][gc,stats    ]    Subphase: Pause Weak Roots SymbolTable                  0.000 / 0.000         0.000 / 0.000         0.000 / 0.000         0.000 / 0.000       ms
[30.064s][info][gc,stats    ]    Subphase: Pause Weak Roots Teardown                     0.000 / 0.000         0.000 / 0.001         0.000 / 0.001         0.000 / 0.001       ms
[30.064s][info][gc,stats    ]    Subphase: Pause Weak Roots VMWeakHandles                0.000 / 0.000         0.000 / 0.000         0.000 / 0.000         0.000 / 0.000       ms
[30.064s][info][gc,stats    ]      System: Java Threads                                     10 / 11                9 / 11                9 / 11                9 / 11          threads
[30.064s][info][gc,stats    ] =========================================================================================================================================================
[31.019s][info][gc,start    ] GC(4) Garbage Collection (System.gc())
[31.030s][info][gc,phases   ] GC(4) Pause Mark Start 10.762ms
[31.120s][info][gc,phases   ] GC(4) Concurrent Mark 90.343ms
[31.120s][info][gc,phases   ] GC(4) Pause Mark End 0.050ms
[31.122s][info][gc,phases   ] GC(4) Concurrent Process Non-Strong References 1.777ms
[31.122s][info][gc,phases   ] GC(4) Concurrent Reset Relocation Set 0.011ms
[31.122s][info][gc,phases   ] GC(4) Concurrent Destroy Detached Pages 0.000ms
[31.124s][info][gc,phases   ] GC(4) Concurrent Select Relocation Set 1.572ms
[31.124s][info][gc,phases   ] GC(4) Concurrent Prepare Relocation Set 0.045ms
[31.130s][info][gc,phases   ] GC(4) Pause Relocate Start 5.775ms
[31.133s][info][gc,phases   ] GC(4) Concurrent Relocate 3.357ms
[31.133s][info][gc,load     ] GC(4) Load: 2.29/0.97/0.37
[31.133s][info][gc,mmu      ] GC(4) MMU: 2ms/0.0%, 5ms/0.0%, 10ms/0.0%, 20ms/39.5%, 50ms/75.8%, 100ms/82.6%
[31.133s][info][gc,marking  ] GC(4) Mark: 1 stripe(s), 2 proactive flush(es), 1 terminate flush(es), 0 completion(s), 0 continuation(s) 
[31.133s][info][gc,reloc    ] GC(4) Relocation: Successful, 6M relocated
[31.133s][info][gc,nmethod  ] GC(4) NMethods: 11951 registered, 5 unregistered
[31.133s][info][gc,metaspace] GC(4) Metaspace: 65M used, 69M capacity, 69M committed, 70M reserved
[31.133s][info][gc,ref      ] GC(4) Soft: 934 encountered, 0 discovered, 0 enqueued
[31.133s][info][gc,ref      ] GC(4) Weak: 4848 encountered, 4729 discovered, 49 enqueued
[31.133s][info][gc,ref      ] GC(4) Final: 6 encountered, 6 discovered, 0 enqueued
[31.133s][info][gc,ref      ] GC(4) Phantom: 107 encountered, 84 discovered, 0 enqueued
[31.133s][info][gc,heap     ] GC(4)                Mark Start          Mark End        Relocate Start      Relocate End           High               Low         
[31.133s][info][gc,heap     ] GC(4)  Capacity:      534M (27%)         534M (27%)         534M (27%)         534M (27%)         534M (27%)         534M (27%)    
[31.133s][info][gc,heap     ] GC(4)   Reserve:       34M (2%)           34M (2%)           34M (2%)           34M (2%)           34M (2%)           34M (2%)     
[31.133s][info][gc,heap     ] GC(4)      Free:     1488M (75%)        1488M (75%)        1820M (91%)        1894M (95%)        1894M (95%)        1488M (75%)    
[31.133s][info][gc,heap     ] GC(4)      Used:      468M (24%)         468M (24%)         136M (7%)           62M (3%)          468M (24%)          62M (3%)     
[31.133s][info][gc,heap     ] GC(4)      Live:         -                28M (1%)           28M (1%)           28M (1%)             -                  -          
[31.133s][info][gc,heap     ] GC(4) Allocated:         -                 0M (0%)            0M (0%)            4M (0%)             -                  -          
[31.133s][info][gc,heap     ] GC(4)   Garbage:         -               439M (22%)         107M (5%)           33M (2%)             -                  -          
[31.133s][info][gc,heap     ] GC(4) Reclaimed:         -                  -               332M (17%)         406M (20%)            -                  -          
[31.133s][info][gc          ] GC(4) Garbage Collection (System.gc()) 468M(24%)->62M(3%)
[37.246s][info][gc,start    ] GC(5) Garbage Collection (System.gc())
[37.254s][info][gc,phases   ] GC(5) Pause Mark Start 7.980ms
[37.305s][info][gc,phases   ] GC(5) Concurrent Mark 50.724ms
[37.305s][info][gc,phases   ] GC(5) Pause Mark End 0.050ms
[37.306s][info][gc,phases   ] GC(5) Concurrent Process Non-Strong References 1.421ms
[37.306s][info][gc,phases   ] GC(5) Concurrent Reset Relocation Set 0.004ms
[37.306s][info][gc,phases   ] GC(5) Concurrent Destroy Detached Pages 0.000ms
[37.308s][info][gc,phases   ] GC(5) Concurrent Select Relocation Set 1.578ms
[37.308s][info][gc,phases   ] GC(5) Concurrent Prepare Relocation Set 0.026ms
[37.314s][info][gc,phases   ] GC(5) Pause Relocate Start 5.777ms
[37.316s][info][gc,phases   ] GC(5) Concurrent Relocate 1.754ms
[37.316s][info][gc,load     ] GC(5) Load: 2.27/0.99/0.38
[37.316s][info][gc,mmu      ] GC(5) MMU: 2ms/0.0%, 5ms/0.0%, 10ms/0.0%, 20ms/39.5%, 50ms/75.8%, 100ms/82.6%
[37.316s][info][gc,marking  ] GC(5) Mark: 1 stripe(s), 1 proactive flush(es), 1 terminate flush(es), 0 completion(s), 0 continuation(s) 
[37.316s][info][gc,reloc    ] GC(5) Relocation: Successful, 4M relocated
[37.316s][info][gc,nmethod  ] GC(5) NMethods: 12847 registered, 5 unregistered
[37.316s][info][gc,metaspace] GC(5) Metaspace: 65M used, 69M capacity, 69M committed, 70M reserved
[37.316s][info][gc,ref      ] GC(5) Soft: 934 encountered, 0 discovered, 0 enqueued
[37.316s][info][gc,ref      ] GC(5) Weak: 4852 encountered, 4730 discovered, 48 enqueued
[37.316s][info][gc,ref      ] GC(5) Final: 6 encountered, 6 discovered, 0 enqueued
[37.316s][info][gc,ref      ] GC(5) Phantom: 107 encountered, 84 discovered, 0 enqueued
[37.316s][info][gc,heap     ] GC(5)                Mark Start          Mark End        Relocate Start      Relocate End           High               Low         
[37.316s][info][gc,heap     ] GC(5)  Capacity:      534M (27%)         534M (27%)         534M (27%)         534M (27%)         534M (27%)         534M (27%)    
[37.316s][info][gc,heap     ] GC(5)   Reserve:       34M (2%)           34M (2%)           34M (2%)           34M (2%)           34M (2%)           34M (2%)     
[37.316s][info][gc,heap     ] GC(5)      Free:     1490M (75%)        1490M (75%)        1816M (91%)        1894M (95%)        1894M (95%)        1490M (75%)    
[37.316s][info][gc,heap     ] GC(5)      Used:      466M (23%)         466M (23%)         140M (7%)           62M (3%)          466M (23%)          62M (3%)     
[37.316s][info][gc,heap     ] GC(5)      Live:         -                28M (1%)           28M (1%)           28M (1%)             -                  -          
[37.316s][info][gc,heap     ] GC(5) Allocated:         -                 0M (0%)            0M (0%)            2M (0%)             -                  -          
[37.316s][info][gc,heap     ] GC(5)   Garbage:         -               437M (22%)         111M (6%)           33M (2%)             -                  -          
[37.316s][info][gc,heap     ] GC(5) Reclaimed:         -                  -               326M (16%)         404M (20%)            -                  -          
[37.316s][info][gc          ] GC(5) Garbage Collection (System.gc()) 466M(23%)->62M(3%)
[40.064s][info][gc,stats    ] === Garbage Collection Statistics =======================================================================================================================
[40.064s][info][gc,stats    ]                                                              Last 10s              Last 10m              Last 10h                Total
[40.064s][info][gc,stats    ]                                                              Avg / Max             Avg / Max             Avg / Max             Avg / Max
[40.064s][info][gc,stats    ]   Collector: Garbage Collection Cycle                     92.021 / 114.191     188.959 / 677.038     188.959 / 677.038     188.959 / 677.038     ms
[40.064s][info][gc,stats    ]  Contention: Mark Segment Reset Contention                     0 / 0                 0 / 0                 0 / 0                 0 / 0           ops/s
[40.064s][info][gc,stats    ]  Contention: Mark SeqNum Reset Contention                      0 / 0                 0 / 0                 0 / 0                 0 / 0           ops/s
[40.064s][info][gc,stats    ]  Contention: Relocation Contention                             0 / 0                 0 / 0                 0 / 0                 0 / 0           ops/s
[40.064s][info][gc,stats    ]    Critical: Allocation Stall                              0.000 / 0.000         0.000 / 0.000         0.000 / 0.000         0.000 / 0.000       ms
[40.064s][info][gc,stats    ]    Critical: Allocation Stall                                  0 / 0                 0 / 0                 0 / 0                 0 / 0           ops/s
[40.064s][info][gc,stats    ]    Critical: GC Locker Stall                               0.000 / 0.000         1.106 / 1.106         1.106 / 1.106         1.106 / 1.106       ms
[40.064s][info][gc,stats    ]    Critical: GC Locker Stall                                   0 / 0                 0 / 1                 0 / 1                 0 / 1           ops/s
[40.064s][info][gc,stats    ]      Memory: Allocation Rate                                  66 / 92               42 / 104              42 / 104              42 / 104         MB/s
[40.064s][info][gc,stats    ]      Memory: Heap Used After Mark                            467 / 468             300 / 468             300 / 468             300 / 468         MB
[40.064s][info][gc,stats    ]      Memory: Heap Used After Relocation                       62 / 62               65 / 100              65 / 100              65 / 100         MB
[40.064s][info][gc,stats    ]      Memory: Heap Used Before Mark                           467 / 468             292 / 468             292 / 468             292 / 468         MB
[40.064s][info][gc,stats    ]      Memory: Heap Used Before Relocation                     138 / 140             189 / 320             189 / 320             189 / 320         MB
[40.064s][info][gc,stats    ]      Memory: Out Of Memory                                     0 / 0                 0 / 0                 0 / 0                 0 / 0           ops/s
[40.064s][info][gc,stats    ]      Memory: Page Cache Flush                                  0 / 0                 0 / 0                 0 / 0                 0 / 0           MB/s
[40.064s][info][gc,stats    ]      Memory: Page Cache Hit L1                                28 / 41               14 / 41               14 / 41               14 / 41          ops/s
[40.064s][info][gc,stats    ]      Memory: Page Cache Hit L2                                 0 / 0                 0 / 0                 0 / 0                 0 / 0           ops/s
[40.064s][info][gc,stats    ]      Memory: Page Cache Miss                                   1 / 18                5 / 26                5 / 26                5 / 26          ops/s
[40.064s][info][gc,stats    ]      Memory: Undo Object Allocation Failed                     0 / 0                 0 / 0                 0 / 0                 0 / 0           ops/s
[40.064s][info][gc,stats    ]      Memory: Undo Object Allocation Succeeded                  0 / 0                 0 / 0                 0 / 0                 0 / 0           ops/s
[40.064s][info][gc,stats    ]      Memory: Undo Page Allocation                              0 / 0                 0 / 0                 0 / 0                 0 / 0           ops/s
[40.064s][info][gc,stats    ]       Phase: Concurrent Destroy Detached Pages             0.000 / 0.000         0.000 / 0.001         0.000 / 0.001         0.000 / 0.001       ms
[40.064s][info][gc,stats    ]       Phase: Concurrent Mark                              70.533 / 90.343      128.118 / 461.873     128.118 / 461.873     128.118 / 461.873     ms
[40.064s][info][gc,stats    ]       Phase: Concurrent Mark Continue                      0.000 / 0.000         0.000 / 0.000         0.000 / 0.000         0.000 / 0.000       ms
[40.064s][info][gc,stats    ]       Phase: Concurrent Prepare Relocation Set             0.036 / 0.045         0.584 / 1.946         0.584 / 1.946         0.584 / 1.946       ms
[40.064s][info][gc,stats    ]       Phase: Concurrent Process Non-Strong References      1.599 / 1.777         2.582 / 9.279         2.582 / 9.279         2.582 / 9.279       ms
[40.064s][info][gc,stats    ]       Phase: Concurrent Relocate                           2.555 / 3.357        41.690 / 181.531      41.690 / 181.531      41.690 / 181.531     ms
[40.064s][info][gc,stats    ]       Phase: Concurrent Reset Relocation Set               0.008 / 0.011         0.679 / 4.050         0.679 / 4.050         0.679 / 4.050       ms
[40.064s][info][gc,stats    ]       Phase: Concurrent Select Relocation Set              1.575 / 1.578         2.511 / 6.037         2.511 / 6.037         2.511 / 6.037       ms
[40.064s][info][gc,stats    ]       Phase: Pause Mark End                                0.050 / 0.050         0.070 / 0.125         0.070 / 0.125         0.070 / 0.125       ms
[40.064s][info][gc,stats    ]       Phase: Pause Mark Start                              9.371 / 10.762        6.053 / 12.095        6.053 / 12.095        6.053 / 12.095      ms
[40.064s][info][gc,stats    ]       Phase: Pause Relocate Start                          5.776 / 5.777         4.086 / 5.777         4.086 / 5.777         4.086 / 5.777       ms
[40.064s][info][gc,stats    ]    Subphase: Concurrent Mark                              69.728 / 88.805      127.079 / 457.364     127.079 / 457.364     127.079 / 457.364     ms
[40.064s][info][gc,stats    ]    Subphase: Concurrent Mark Idle                          0.000 / 0.000         0.000 / 0.000         0.000 / 0.000         0.000 / 0.000       ms
[40.064s][info][gc,stats    ]    Subphase: Concurrent Mark Try Flush                     0.041 / 0.106         0.849 / 4.166         0.849 / 4.166         0.849 / 4.166       ms
[40.064s][info][gc,stats    ]    Subphase: Concurrent Mark Try Terminate                 0.003 / 0.006         0.420 / 2.151         0.420 / 2.151         0.420 / 2.151       ms
[40.064s][info][gc,stats    ]    Subphase: Concurrent References Enqueue                 0.002 / 0.002         0.002 / 0.002         0.002 / 0.002         0.002 / 0.002       ms
[40.064s][info][gc,stats    ]    Subphase: Concurrent References Process                 0.582 / 0.594         1.020 / 3.791         1.020 / 3.791         1.020 / 3.791       ms
[40.064s][info][gc,stats    ]    Subphase: Concurrent Weak Roots                         1.008 / 1.199         0.815 / 1.207         0.815 / 1.207         0.815 / 1.207       ms
[40.064s][info][gc,stats    ]    Subphase: Concurrent Weak Roots JNIWeakHandles          0.000 / 0.000         0.000 / 0.001         0.000 / 0.001         0.000 / 0.001       ms
[40.064s][info][gc,stats    ]    Subphase: Concurrent Weak Roots StringTable             0.603 / 0.693         0.496 / 0.693         0.496 / 0.693         0.496 / 0.693       ms
[40.064s][info][gc,stats    ]    Subphase: Concurrent Weak Roots VMWeakHandles           0.404 / 0.505         0.318 / 0.556         0.318 / 0.556         0.318 / 0.556       ms
[40.064s][info][gc,stats    ]    Subphase: Pause Mark Try Complete                       0.000 / 0.000         0.010 / 0.010         0.010 / 0.010         0.010 / 0.010       ms
[40.064s][info][gc,stats    ]    Subphase: Pause Remap TLABS                             0.000 / 0.000         0.000 / 0.001         0.000 / 0.001         0.000 / 0.001       ms
[40.064s][info][gc,stats    ]    Subphase: Pause Retire TLABS                            0.004 / 0.005         0.004 / 0.005         0.004 / 0.005         0.004 / 0.005       ms
[40.064s][info][gc,stats    ]    Subphase: Pause Roots                                   4.886 / 10.492        3.272 / 11.836        3.272 / 11.836        3.272 / 11.836      ms
[40.064s][info][gc,stats    ]    Subphase: Pause Roots ClassLoaderDataGraph              0.577 / 0.728         0.615 / 1.511         0.615 / 1.511         0.615 / 1.511       ms
[40.064s][info][gc,stats    ]    Subphase: Pause Roots CodeCache                         6.680 / 9.831         4.091 / 11.161        4.091 / 11.161        4.091 / 11.161      ms
[40.064s][info][gc,stats    ]    Subphase: Pause Roots JNIHandles                        0.001 / 0.001         0.001 / 0.003         0.001 / 0.003         0.001 / 0.003       ms
[40.064s][info][gc,stats    ]    Subphase: Pause Roots JNIWeakHandles                    0.000 / 0.000         0.000 / 0.000         0.000 / 0.000         0.000 / 0.000       ms
[40.064s][info][gc,stats    ]    Subphase: Pause Roots JRFWeak                           0.000 / 0.000         0.000 / 0.000         0.000 / 0.000         0.000 / 0.000       ms
[40.064s][info][gc,stats    ]    Subphase: Pause Roots JVMTIExport                       0.000 / 0.000         0.000 / 0.001         0.000 / 0.001         0.000 / 0.001       ms
[40.064s][info][gc,stats    ]    Subphase: Pause Roots JVMTIWeakExport                   0.001 / 0.001         0.001 / 0.001         0.001 / 0.001         0.001 / 0.001       ms
[40.064s][info][gc,stats    ]    Subphase: Pause Roots Management                        0.001 / 0.001         0.001 / 0.001         0.001 / 0.001         0.001 / 0.001       ms
[40.064s][info][gc,stats    ]    Subphase: Pause Roots ObjectSynchronizer                0.000 / 0.000         0.000 / 0.000         0.000 / 0.000         0.000 / 0.000       ms
[40.064s][info][gc,stats    ]    Subphase: Pause Roots Setup                             0.152 / 0.249         0.106 / 0.249         0.106 / 0.249         0.106 / 0.249       ms
[40.064s][info][gc,stats    ]    Subphase: Pause Roots StringTable                       0.000 / 0.000         0.000 / 0.000         0.000 / 0.000         0.000 / 0.000       ms
[40.064s][info][gc,stats    ]    Subphase: Pause Roots SystemDictionary                  0.009 / 0.010         0.067 / 0.382         0.067 / 0.382         0.067 / 0.382       ms
[40.064s][info][gc,stats    ]    Subphase: Pause Roots Teardown                          0.001 / 0.001         0.001 / 0.002         0.001 / 0.002         0.001 / 0.002       ms
[40.064s][info][gc,stats    ]    Subphase: Pause Roots Threads                           0.038 / 0.049         0.085 / 0.334         0.085 / 0.334         0.085 / 0.334       ms
[40.064s][info][gc,stats    ]    Subphase: Pause Roots Universe                          0.001 / 0.002         0.002 / 0.010         0.002 / 0.010         0.002 / 0.010       ms
[40.064s][info][gc,stats    ]    Subphase: Pause Roots VMWeakHandles                     0.000 / 0.000         0.000 / 0.000         0.000 / 0.000         0.000 / 0.000       ms
[40.064s][info][gc,stats    ]    Subphase: Pause Weak Roots                              0.002 / 0.002         0.002 / 0.005         0.002 / 0.005         0.002 / 0.005       ms
[40.064s][info][gc,stats    ]    Subphase: Pause Weak Roots JFRWeak                      0.001 / 0.001         0.001 / 0.001         0.001 / 0.001         0.001 / 0.001       ms
[40.064s][info][gc,stats    ]    Subphase: Pause Weak Roots JNIWeakHandles               0.000 / 0.000         0.000 / 0.000         0.000 / 0.000         0.000 / 0.000       ms
[40.064s][info][gc,stats    ]    Subphase: Pause Weak Roots JVMTIWeakExport              0.000 / 0.001         0.001 / 0.004         0.001 / 0.004         0.001 / 0.004       ms
[40.064s][info][gc,stats    ]    Subphase: Pause Weak Roots Setup                        0.000 / 0.000         0.000 / 0.000         0.000 / 0.000         0.000 / 0.000       ms
[40.064s][info][gc,stats    ]    Subphase: Pause Weak Roots StringTable                  0.000 / 0.000         0.000 / 0.000         0.000 / 0.000         0.000 / 0.000       ms
[40.064s][info][gc,stats    ]    Subphase: Pause Weak Roots SymbolTable                  0.000 / 0.000         0.000 / 0.000         0.000 / 0.000         0.000 / 0.000       ms
[40.064s][info][gc,stats    ]    Subphase: Pause Weak Roots Teardown                     0.000 / 0.000         0.000 / 0.001         0.000 / 0.001         0.000 / 0.001       ms
[40.064s][info][gc,stats    ]    Subphase: Pause Weak Roots VMWeakHandles                0.000 / 0.000         0.000 / 0.000         0.000 / 0.000         0.000 / 0.000       ms
[40.064s][info][gc,stats    ]      System: Java Threads                                     10 / 11                9 / 11                9 / 11                9 / 11          threads
[40.064s][info][gc,stats    ] =========================================================================================================================================================
[43.048s][info][gc,start    ] GC(6) Garbage Collection (System.gc())
[43.059s][info][gc,phases   ] GC(6) Pause Mark Start 11.542ms
[43.147s][info][gc,phases   ] GC(6) Concurrent Mark 87.513ms
[43.147s][info][gc,phases   ] GC(6) Pause Mark End 0.056ms
[43.148s][info][gc,phases   ] GC(6) Concurrent Process Non-Strong References 1.322ms
[43.148s][info][gc,phases   ] GC(6) Concurrent Reset Relocation Set 0.004ms
[43.148s][info][gc,phases   ] GC(6) Concurrent Destroy Detached Pages 0.000ms
[43.150s][info][gc,phases   ] GC(6) Concurrent Select Relocation Set 1.505ms
[43.150s][info][gc,phases   ] GC(6) Concurrent Prepare Relocation Set 0.028ms
[43.160s][info][gc,phases   ] GC(6) Pause Relocate Start 10.334ms
[43.165s][info][gc,phases   ] GC(6) Concurrent Relocate 4.785ms
[43.165s][info][gc,load     ] GC(6) Load: 2.25/1.01/0.39
[43.165s][info][gc,mmu      ] GC(6) MMU: 2ms/0.0%, 5ms/0.0%, 10ms/0.0%, 20ms/39.5%, 50ms/75.8%, 100ms/82.6%
[43.165s][info][gc,marking  ] GC(6) Mark: 1 stripe(s), 1 proactive flush(es), 1 terminate flush(es), 0 completion(s), 0 continuation(s) 
[43.165s][info][gc,reloc    ] GC(6) Relocation: Successful, 4M relocated
[43.165s][info][gc,nmethod  ] GC(6) NMethods: 13439 registered, 5 unregistered
[43.165s][info][gc,metaspace] GC(6) Metaspace: 66M used, 70M capacity, 70M committed, 72M reserved
[43.165s][info][gc,ref      ] GC(6) Soft: 934 encountered, 0 discovered, 0 enqueued
[43.165s][info][gc,ref      ] GC(6) Weak: 4846 encountered, 4727 discovered, 47 enqueued
[43.165s][info][gc,ref      ] GC(6) Final: 6 encountered, 6 discovered, 0 enqueued
[43.165s][info][gc,ref      ] GC(6) Phantom: 107 encountered, 84 discovered, 0 enqueued
[43.165s][info][gc,heap     ] GC(6)                Mark Start          Mark End        Relocate Start      Relocate End           High               Low         
[43.165s][info][gc,heap     ] GC(6)  Capacity:      534M (27%)         534M (27%)         534M (27%)         534M (27%)         534M (27%)         534M (27%)    
[43.165s][info][gc,heap     ] GC(6)   Reserve:       34M (2%)           34M (2%)           34M (2%)           34M (2%)           34M (2%)           34M (2%)     
[43.165s][info][gc,heap     ] GC(6)      Free:     1492M (75%)        1492M (75%)        1826M (92%)        1892M (95%)        1892M (95%)        1492M (75%)    
[43.165s][info][gc,heap     ] GC(6)      Used:      464M (23%)         464M (23%)         130M (7%)           64M (3%)          464M (23%)          64M (3%)     
[43.165s][info][gc,heap     ] GC(6)      Live:         -                28M (1%)           28M (1%)           28M (1%)             -                  -          
[43.165s][info][gc,heap     ] GC(6) Allocated:         -                 0M (0%)            0M (0%)            4M (0%)             -                  -          
[43.165s][info][gc,heap     ] GC(6)   Garbage:         -               435M (22%)         101M (5%)           35M (2%)             -                  -          
[43.165s][info][gc,heap     ] GC(6) Reclaimed:         -                  -               334M (17%)         400M (20%)            -                  -          
[43.165s][info][gc          ] GC(6) Garbage Collection (System.gc()) 464M(23%)->64M(3%)
[48.344s][info][gc,start    ] GC(7) Garbage Collection (System.gc())
[48.358s][info][gc,phases   ] GC(7) Pause Mark Start 13.312ms
[48.446s][info][gc,phases   ] GC(7) Concurrent Mark 88.209ms
[48.446s][info][gc,phases   ] GC(7) Pause Mark End 0.056ms
[48.447s][info][gc,phases   ] GC(7) Concurrent Process Non-Strong References 1.172ms
[48.447s][info][gc,phases   ] GC(7) Concurrent Reset Relocation Set 0.004ms
[48.447s][info][gc,phases   ] GC(7) Concurrent Destroy Detached Pages 0.000ms
[48.449s][info][gc,phases   ] GC(7) Concurrent Select Relocation Set 1.573ms
[48.449s][info][gc,phases   ] GC(7) Concurrent Prepare Relocation Set 0.027ms
[48.456s][info][gc,phases   ] GC(7) Pause Relocate Start 6.771ms
[48.461s][info][gc,phases   ] GC(7) Concurrent Relocate 5.169ms
[48.461s][info][gc,load     ] GC(7) Load: 2.23/1.03/0.40
[48.461s][info][gc,mmu      ] GC(7) MMU: 2ms/0.0%, 5ms/0.0%, 10ms/0.0%, 20ms/33.4%, 50ms/73.4%, 100ms/82.6%
[48.461s][info][gc,marking  ] GC(7) Mark: 1 stripe(s), 1 proactive flush(es), 1 terminate flush(es), 0 completion(s), 0 continuation(s) 
[48.461s][info][gc,reloc    ] GC(7) Relocation: Successful, 4M relocated
[48.461s][info][gc,nmethod  ] GC(7) NMethods: 13303 registered, 667 unregistered
[48.461s][info][gc,metaspace] GC(7) Metaspace: 66M used, 70M capacity, 70M committed, 72M reserved
[48.461s][info][gc,ref      ] GC(7) Soft: 934 encountered, 0 discovered, 0 enqueued
[48.461s][info][gc,ref      ] GC(7) Weak: 4852 encountered, 4730 discovered, 48 enqueued
[48.461s][info][gc,ref      ] GC(7) Final: 6 encountered, 6 discovered, 0 enqueued
[48.461s][info][gc,ref      ] GC(7) Phantom: 107 encountered, 84 discovered, 0 enqueued
[48.461s][info][gc,heap     ] GC(7)                Mark Start          Mark End        Relocate Start      Relocate End           High               Low         
[48.461s][info][gc,heap     ] GC(7)  Capacity:      534M (27%)         534M (27%)         534M (27%)         534M (27%)         534M (27%)         534M (27%)    
[48.461s][info][gc,heap     ] GC(7)   Reserve:       34M (2%)           34M (2%)           34M (2%)           34M (2%)           34M (2%)           34M (2%)     
[48.461s][info][gc,heap     ] GC(7)      Free:     1494M (75%)        1494M (75%)        1828M (92%)        1894M (95%)        1894M (95%)        1494M (75%)    
[48.461s][info][gc,heap     ] GC(7)      Used:      462M (23%)         462M (23%)         128M (6%)           62M (3%)          462M (23%)          62M (3%)     
[48.461s][info][gc,heap     ] GC(7)      Live:         -                28M (1%)           28M (1%)           28M (1%)             -                  -          
[48.461s][info][gc,heap     ] GC(7) Allocated:         -                 0M (0%)            0M (0%)            2M (0%)             -                  -          
[48.461s][info][gc,heap     ] GC(7)   Garbage:         -               433M (22%)          99M (5%)           33M (2%)             -                  -          
[48.461s][info][gc,heap     ] GC(7) Reclaimed:         -                  -               334M (17%)         400M (20%)            -                  -          
[48.461s][info][gc          ] GC(7) Garbage Collection (System.gc()) 462M(23%)->62M(3%)
[50.063s][info][gc,stats    ] === Garbage Collection Statistics =======================================================================================================================
[50.063s][info][gc,stats    ]                                                              Last 10s              Last 10m              Last 10h                Total
[50.063s][info][gc,stats    ]                                                              Avg / Max             Avg / Max             Avg / Max             Avg / Max
[50.063s][info][gc,stats    ]   Collector: Garbage Collection Cycle                    117.259 / 117.648     171.034 / 677.038     171.034 / 677.038     171.034 / 677.038     ms
[50.063s][info][gc,stats    ]  Contention: Mark Segment Reset Contention                     0 / 0                 0 / 0                 0 / 0                 0 / 0           ops/s
[50.063s][info][gc,stats    ]  Contention: Mark SeqNum Reset Contention                      0 / 0                 0 / 0                 0 / 0                 0 / 0           ops/s
[50.063s][info][gc,stats    ]  Contention: Relocation Contention                             0 / 0                 0 / 0                 0 / 0                 0 / 0           ops/s
[50.063s][info][gc,stats    ]    Critical: Allocation Stall                              0.000 / 0.000         0.000 / 0.000         0.000 / 0.000         0.000 / 0.000       ms
[50.063s][info][gc,stats    ]    Critical: Allocation Stall                                  0 / 0                 0 / 0                 0 / 0                 0 / 0           ops/s
[50.063s][info][gc,stats    ]    Critical: GC Locker Stall                               0.000 / 0.000         1.106 / 1.106         1.106 / 1.106         1.106 / 1.106       ms
[50.063s][info][gc,stats    ]    Critical: GC Locker Stall                                   0 / 0                 0 / 1                 0 / 1                 0 / 1           ops/s
[50.063s][info][gc,stats    ]      Memory: Allocation Rate                                  73 / 108              48 / 108              48 / 108              48 / 108         MB/s
[50.063s][info][gc,stats    ]      Memory: Heap Used After Mark                            463 / 464             340 / 468             340 / 468             340 / 468         MB
[50.063s][info][gc,stats    ]      Memory: Heap Used After Relocation                       63 / 64               64 / 100              64 / 100              64 / 100         MB
[50.063s][info][gc,stats    ]      Memory: Heap Used Before Mark                           463 / 464             335 / 468             335 / 468             335 / 468         MB
[50.063s][info][gc,stats    ]      Memory: Heap Used Before Relocation                     129 / 130             174 / 320             174 / 320             174 / 320         MB
[50.063s][info][gc,stats    ]      Memory: Out Of Memory                                     0 / 0                 0 / 0                 0 / 0                 0 / 0           ops/s
[50.063s][info][gc,stats    ]      Memory: Page Cache Flush                                  0 / 0                 0 / 0                 0 / 0                 0 / 0           MB/s
[50.063s][info][gc,stats    ]      Memory: Page Cache Hit L1                                33 / 45               18 / 45               18 / 45               18 / 45          ops/s
[50.063s][info][gc,stats    ]      Memory: Page Cache Hit L2                                 0 / 0                 0 / 0                 0 / 0                 0 / 0           ops/s
[50.063s][info][gc,stats    ]      Memory: Page Cache Miss                                   0 / 0                 4 / 26                4 / 26                4 / 26          ops/s
[50.063s][info][gc,stats    ]      Memory: Undo Object Allocation Failed                     0 / 0                 0 / 0                 0 / 0                 0 / 0           ops/s
[50.063s][info][gc,stats    ]      Memory: Undo Object Allocation Succeeded                  0 / 0                 0 / 0                 0 / 0                 0 / 0           ops/s
[50.063s][info][gc,stats    ]      Memory: Undo Page Allocation                              0 / 0                 0 / 0                 0 / 0                 0 / 0           ops/s
[50.063s][info][gc,stats    ]       Phase: Concurrent Destroy Detached Pages             0.000 / 0.000         0.000 / 0.001         0.000 / 0.001         0.000 / 0.001       ms
[50.063s][info][gc,stats    ]       Phase: Concurrent Mark                              87.861 / 88.209      118.054 / 461.873     118.054 / 461.873     118.054 / 461.873     ms
[50.063s][info][gc,stats    ]       Phase: Concurrent Mark Continue                      0.000 / 0.000         0.000 / 0.000         0.000 / 0.000         0.000 / 0.000       ms
[50.063s][info][gc,stats    ]       Phase: Concurrent Prepare Relocation Set             0.027 / 0.028         0.445 / 1.946         0.445 / 1.946         0.445 / 1.946       ms
[50.063s][info][gc,stats    ]       Phase: Concurrent Process Non-Strong References      1.247 / 1.322         2.248 / 9.279         2.248 / 9.279         2.248 / 9.279       ms
[50.063s][info][gc,stats    ]       Phase: Concurrent Relocate                           4.977 / 5.169        32.512 / 181.531      32.512 / 181.531      32.512 / 181.531     ms
[50.063s][info][gc,stats    ]       Phase: Concurrent Reset Relocation Set               0.004 / 0.004         0.510 / 4.050         0.510 / 4.050         0.510 / 4.050       ms
[50.063s][info][gc,stats    ]       Phase: Concurrent Select Relocation Set              1.539 / 1.573         2.268 / 6.037         2.268 / 6.037         2.268 / 6.037       ms
[50.063s][info][gc,stats    ]       Phase: Pause Mark End                                0.056 / 0.056         0.066 / 0.125         0.066 / 0.125         0.066 / 0.125       ms
[50.063s][info][gc,stats    ]       Phase: Pause Mark Start                             12.427 / 13.312        7.647 / 13.312        7.647 / 13.312        7.647 / 13.312      ms
[50.063s][info][gc,stats    ]       Phase: Pause Relocate Start                          8.552 / 10.334        5.203 / 10.334        5.203 / 10.334        5.203 / 10.334      ms
[50.063s][info][gc,stats    ]    Subphase: Concurrent Mark                              86.127 / 88.196      116.841 / 457.364     116.841 / 457.364     116.841 / 457.364     ms
[50.063s][info][gc,stats    ]    Subphase: Concurrent Mark Idle                          0.000 / 0.000         0.000 / 0.000         0.000 / 0.000         0.000 / 0.000       ms
[50.063s][info][gc,stats    ]    Subphase: Concurrent Mark Try Flush                     1.122 / 4.368         0.899 / 4.368         0.899 / 4.368         0.899 / 4.368       ms
[50.063s][info][gc,stats    ]    Subphase: Concurrent Mark Try Terminate                 0.008 / 0.025         0.329 / 2.151         0.329 / 2.151         0.329 / 2.151       ms
[50.063s][info][gc,stats    ]    Subphase: Concurrent References Enqueue                 0.002 / 0.002         0.002 / 0.002         0.002 / 0.002         0.002 / 0.002       ms
[50.063s][info][gc,stats    ]    Subphase: Concurrent References Process                 0.610 / 0.679         0.917 / 3.791         0.917 / 3.791         0.917 / 3.791       ms
[50.063s][info][gc,stats    ]    Subphase: Concurrent Weak Roots                         0.630 / 0.635         0.769 / 1.207         0.769 / 1.207         0.769 / 1.207       ms
[50.063s][info][gc,stats    ]    Subphase: Concurrent Weak Roots JNIWeakHandles          0.001 / 0.001         0.000 / 0.001         0.000 / 0.001         0.000 / 0.001       ms
[50.063s][info][gc,stats    ]    Subphase: Concurrent Weak Roots StringTable             0.438 / 0.438         0.481 / 0.693         0.481 / 0.693         0.481 / 0.693       ms
[50.063s][info][gc,stats    ]    Subphase: Concurrent Weak Roots VMWeakHandles           0.191 / 0.196         0.286 / 0.556         0.286 / 0.556         0.286 / 0.556       ms
[50.063s][info][gc,stats    ]    Subphase: Pause Mark Try Complete                       0.000 / 0.000         0.010 / 0.010         0.010 / 0.010         0.010 / 0.010       ms
[50.063s][info][gc,stats    ]    Subphase: Pause Remap TLABS                             0.000 / 0.000         0.000 / 0.001         0.000 / 0.001         0.000 / 0.001       ms
[50.063s][info][gc,stats    ]    Subphase: Pause Retire TLABS                            0.004 / 0.004         0.004 / 0.005         0.004 / 0.005         0.004 / 0.005       ms
[50.063s][info][gc,stats    ]    Subphase: Pause Roots                                   6.096 / 13.037        3.978 / 13.037        3.978 / 13.037        3.978 / 13.037      ms
[50.063s][info][gc,stats    ]    Subphase: Pause Roots ClassLoaderDataGraph              0.546 / 0.605         0.597 / 1.511         0.597 / 1.511         0.597 / 1.511       ms
[50.063s][info][gc,stats    ]    Subphase: Pause Roots CodeCache                         8.516 / 12.381        5.197 / 12.381        5.197 / 12.381        5.197 / 12.381      ms
[50.063s][info][gc,stats    ]    Subphase: Pause Roots JNIHandles                        0.001 / 0.001         0.001 / 0.003         0.001 / 0.003         0.001 / 0.003       ms
[50.063s][info][gc,stats    ]    Subphase: Pause Roots JNIWeakHandles                    0.000 / 0.000         0.000 / 0.000         0.000 / 0.000         0.000 / 0.000       ms
[50.063s][info][gc,stats    ]    Subphase: Pause Roots JRFWeak                           0.000 / 0.000         0.000 / 0.000         0.000 / 0.000         0.000 / 0.000       ms
[50.063s][info][gc,stats    ]    Subphase: Pause Roots JVMTIExport                       0.000 / 0.000         0.000 / 0.001         0.000 / 0.001         0.000 / 0.001       ms
[50.063s][info][gc,stats    ]    Subphase: Pause Roots JVMTIWeakExport                   0.001 / 0.001         0.001 / 0.001         0.001 / 0.001         0.001 / 0.001       ms
[50.063s][info][gc,stats    ]    Subphase: Pause Roots Management                        0.001 / 0.002         0.001 / 0.002         0.001 / 0.002         0.001 / 0.002       ms
[50.063s][info][gc,stats    ]    Subphase: Pause Roots ObjectSynchronizer                0.000 / 0.000         0.000 / 0.000         0.000 / 0.000         0.000 / 0.000       ms
[50.063s][info][gc,stats    ]    Subphase: Pause Roots Setup                             0.149 / 0.237         0.116 / 0.249         0.116 / 0.249         0.116 / 0.249       ms
[50.063s][info][gc,stats    ]    Subphase: Pause Roots StringTable                       0.000 / 0.000         0.000 / 0.000         0.000 / 0.000         0.000 / 0.000       ms
[50.063s][info][gc,stats    ]    Subphase: Pause Roots SystemDictionary                  0.007 / 0.007         0.052 / 0.382         0.052 / 0.382         0.052 / 0.382       ms
[50.063s][info][gc,stats    ]    Subphase: Pause Roots Teardown                          0.001 / 0.002         0.001 / 0.002         0.001 / 0.002         0.001 / 0.002       ms
[50.063s][info][gc,stats    ]    Subphase: Pause Roots Threads                           0.044 / 0.053         0.075 / 0.334         0.075 / 0.334         0.075 / 0.334       ms
[50.063s][info][gc,stats    ]    Subphase: Pause Roots Universe                          0.003 / 0.006         0.002 / 0.010         0.002 / 0.010         0.002 / 0.010       ms
[50.063s][info][gc,stats    ]    Subphase: Pause Roots VMWeakHandles                     0.000 / 0.000         0.000 / 0.000         0.000 / 0.000         0.000 / 0.000       ms
[50.063s][info][gc,stats    ]    Subphase: Pause Weak Roots                              0.002 / 0.002         0.002 / 0.005         0.002 / 0.005         0.002 / 0.005       ms
[50.063s][info][gc,stats    ]    Subphase: Pause Weak Roots JFRWeak                      0.001 / 0.001         0.001 / 0.001         0.001 / 0.001         0.001 / 0.001       ms
[50.063s][info][gc,stats    ]    Subphase: Pause Weak Roots JNIWeakHandles               0.000 / 0.000         0.000 / 0.000         0.000 / 0.000         0.000 / 0.000       ms
[50.063s][info][gc,stats    ]    Subphase: Pause Weak Roots JVMTIWeakExport              0.000 / 0.000         0.001 / 0.004         0.001 / 0.004         0.001 / 0.004       ms
[50.063s][info][gc,stats    ]    Subphase: Pause Weak Roots Setup                        0.000 / 0.000         0.000 / 0.000         0.000 / 0.000         0.000 / 0.000       ms
[50.063s][info][gc,stats    ]    Subphase: Pause Weak Roots StringTable                  0.000 / 0.000         0.000 / 0.000         0.000 / 0.000         0.000 / 0.000       ms
[50.063s][info][gc,stats    ]    Subphase: Pause Weak Roots SymbolTable                  0.000 / 0.000         0.000 / 0.000         0.000 / 0.000         0.000 / 0.000       ms
[50.063s][info][gc,stats    ]    Subphase: Pause Weak Roots Teardown                     0.000 / 0.000         0.000 / 0.001         0.000 / 0.001         0.000 / 0.001       ms
[50.063s][info][gc,stats    ]    Subphase: Pause Weak Roots VMWeakHandles                0.000 / 0.000         0.000 / 0.000         0.000 / 0.000         0.000 / 0.000       ms
[50.063s][info][gc,stats    ]      System: Java Threads                                     10 / 11                9 / 11                9 / 11                9 / 11          threads
[50.063s][info][gc,stats    ] =========================================================================================================================================================
[53.139s][info][gc,start    ] GC(8) Garbage Collection (System.gc())
[53.147s][info][gc,phases   ] GC(8) Pause Mark Start 7.868ms
[53.194s][info][gc,phases   ] GC(8) Concurrent Mark 47.236ms
[53.195s][info][gc,phases   ] GC(8) Pause Mark End 0.052ms
[53.196s][info][gc,phases   ] GC(8) Concurrent Process Non-Strong References 1.224ms
[53.196s][info][gc,phases   ] GC(8) Concurrent Reset Relocation Set 0.004ms
[53.196s][info][gc,phases   ] GC(8) Concurrent Destroy Detached Pages 0.000ms
[53.197s][info][gc,phases   ] GC(8) Concurrent Select Relocation Set 1.504ms
[53.197s][info][gc,phases   ] GC(8) Concurrent Prepare Relocation Set 0.033ms
[53.203s][info][gc,phases   ] GC(8) Pause Relocate Start 5.785ms
[53.205s][info][gc,phases   ] GC(8) Concurrent Relocate 1.735ms
[53.205s][info][gc,load     ] GC(8) Load: 2.21/1.04/0.40
[53.205s][info][gc,mmu      ] GC(8) MMU: 2ms/0.0%, 5ms/0.0%, 10ms/0.0%, 20ms/33.4%, 50ms/73.4%, 100ms/82.6%
[53.205s][info][gc,marking  ] GC(8) Mark: 1 stripe(s), 1 proactive flush(es), 1 terminate flush(es), 0 completion(s), 0 continuation(s) 
[53.205s][info][gc,reloc    ] GC(8) Relocation: Successful, 4M relocated
[53.205s][info][gc,nmethod  ] GC(8) NMethods: 13673 registered, 667 unregistered
[53.205s][info][gc,metaspace] GC(8) Metaspace: 66M used, 70M capacity, 70M committed, 72M reserved
[53.205s][info][gc,ref      ] GC(8) Soft: 934 encountered, 0 discovered, 0 enqueued
[53.205s][info][gc,ref      ] GC(8) Weak: 4846 encountered, 4727 discovered, 47 enqueued
[53.205s][info][gc,ref      ] GC(8) Final: 6 encountered, 6 discovered, 0 enqueued
[53.205s][info][gc,ref      ] GC(8) Phantom: 107 encountered, 84 discovered, 0 enqueued
[53.205s][info][gc,heap     ] GC(8)                Mark Start          Mark End        Relocate Start      Relocate End           High               Low         
[53.205s][info][gc,heap     ] GC(8)  Capacity:      534M (27%)         534M (27%)         534M (27%)         534M (27%)         534M (27%)         534M (27%)    
[53.205s][info][gc,heap     ] GC(8)   Reserve:       34M (2%)           34M (2%)           34M (2%)           34M (2%)           34M (2%)           34M (2%)     
[53.205s][info][gc,heap     ] GC(8)      Free:     1496M (75%)        1496M (75%)        1822M (92%)        1892M (95%)        1892M (95%)        1496M (75%)    
[53.205s][info][gc,heap     ] GC(8)      Used:      460M (23%)         460M (23%)         134M (7%)           64M (3%)          460M (23%)          64M (3%)     
[53.205s][info][gc,heap     ] GC(8)      Live:         -                28M (1%)           28M (1%)           28M (1%)             -                  -          
[53.205s][info][gc,heap     ] GC(8) Allocated:         -                 0M (0%)            0M (0%)            4M (0%)             -                  -          
[53.205s][info][gc,heap     ] GC(8)   Garbage:         -               431M (22%)         105M (5%)           35M (2%)             -                  -          
[53.205s][info][gc,heap     ] GC(8) Reclaimed:         -                  -               326M (16%)         396M (20%)            -                  -          
[53.205s][info][gc          ] GC(8) Garbage Collection (System.gc()) 460M(23%)->64M(3%)
[57.881s][info][gc,start    ] GC(9) Garbage Collection (System.gc())
[57.891s][info][gc,phases   ] GC(9) Pause Mark Start 8.212ms
[57.937s][info][gc,phases   ] GC(9) Concurrent Mark 45.577ms
[57.937s][info][gc,phases   ] GC(9) Pause Mark End 0.049ms
[57.938s][info][gc,phases   ] GC(9) Concurrent Process Non-Strong References 1.187ms
[57.938s][info][gc,phases   ] GC(9) Concurrent Reset Relocation Set 0.004ms
[57.938s][info][gc,phases   ] GC(9) Concurrent Destroy Detached Pages 0.000ms
[57.940s][info][gc,phases   ] GC(9) Concurrent Select Relocation Set 1.568ms
[57.940s][info][gc,phases   ] GC(9) Concurrent Prepare Relocation Set 0.027ms
[57.947s][info][gc,phases   ] GC(9) Pause Relocate Start 6.867ms
[57.949s][info][gc,phases   ] GC(9) Concurrent Relocate 1.780ms
[57.949s][info][gc,load     ] GC(9) Load: 2.19/1.06/0.41
[57.949s][info][gc,mmu      ] GC(9) MMU: 2ms/0.0%, 5ms/0.0%, 10ms/0.0%, 20ms/33.4%, 50ms/73.4%, 100ms/82.6%
[57.949s][info][gc,marking  ] GC(9) Mark: 1 stripe(s), 1 proactive flush(es), 1 terminate flush(es), 0 completion(s), 0 continuation(s) 
[57.949s][info][gc,reloc    ] GC(9) Relocation: Successful, 4M relocated
[57.949s][info][gc,nmethod  ] GC(9) NMethods: 14160 registered, 667 unregistered
[57.949s][info][gc,metaspace] GC(9) Metaspace: 66M used, 70M capacity, 70M committed, 72M reserved
[57.949s][info][gc,ref      ] GC(9) Soft: 934 encountered, 0 discovered, 0 enqueued
[57.949s][info][gc,ref      ] GC(9) Weak: 4852 encountered, 4730 discovered, 48 enqueued
[57.949s][info][gc,ref      ] GC(9) Final: 6 encountered, 6 discovered, 0 enqueued
[57.949s][info][gc,ref      ] GC(9) Phantom: 107 encountered, 84 discovered, 0 enqueued
[57.949s][info][gc,heap     ] GC(9)                Mark Start          Mark End        Relocate Start      Relocate End           High               Low         
[57.949s][info][gc,heap     ] GC(9)  Capacity:      534M (27%)         534M (27%)         534M (27%)         534M (27%)         534M (27%)         534M (27%)    
[57.949s][info][gc,heap     ] GC(9)   Reserve:       34M (2%)           34M (2%)           34M (2%)           34M (2%)           34M (2%)           34M (2%)     
[57.949s][info][gc,heap     ] GC(9)      Free:     1496M (75%)        1496M (75%)        1814M (91%)        1894M (95%)        1894M (95%)        1496M (75%)    
[57.949s][info][gc,heap     ] GC(9)      Used:      460M (23%)         460M (23%)         142M (7%)           62M (3%)          460M (23%)          62M (3%)     
[57.949s][info][gc,heap     ] GC(9)      Live:         -                28M (1%)           28M (1%)           28M (1%)             -                  -          
[57.949s][info][gc,heap     ] GC(9) Allocated:         -                 0M (0%)            0M (0%)            2M (0%)             -                  -          
[57.949s][info][gc,heap     ] GC(9)   Garbage:         -               431M (22%)         113M (6%)           33M (2%)             -                  -          
[57.949s][info][gc,heap     ] GC(9) Reclaimed:         -                  -               318M (16%)         398M (20%)            -                  -          
[57.949s][info][gc          ] GC(9) Garbage Collection (System.gc()) 460M(23%)->62M(3%)
[60.063s][info][gc,stats    ] === Garbage Collection Statistics =======================================================================================================================
[60.063s][info][gc,stats    ]                                                              Last 10s              Last 10m              Last 10h                Total
[60.063s][info][gc,stats    ]                                                              Avg / Max             Avg / Max             Avg / Max             Avg / Max
[60.063s][info][gc,stats    ]   Collector: Garbage Collection Cycle                     66.672 / 67.354      150.162 / 677.038     150.162 / 677.038     150.162 / 677.038     ms
[60.063s][info][gc,stats    ]  Contention: Mark Segment Reset Contention                     0 / 0                 0 / 0                 0 / 0                 0 / 0           ops/s
[60.063s][info][gc,stats    ]  Contention: Mark SeqNum Reset Contention                      0 / 0                 0 / 0                 0 / 0                 0 / 0           ops/s
[60.063s][info][gc,stats    ]  Contention: Relocation Contention                             0 / 0                 0 / 0                 0 / 0                 0 / 0           ops/s
[60.063s][info][gc,stats    ]    Critical: Allocation Stall                              0.000 / 0.000         0.000 / 0.000         0.000 / 0.000         0.000 / 0.000       ms
[60.063s][info][gc,stats    ]    Critical: Allocation Stall                                  0 / 0                 0 / 0                 0 / 0                 0 / 0           ops/s
[60.063s][info][gc,stats    ]    Critical: GC Locker Stall                               0.000 / 0.000         1.106 / 1.106         1.106 / 1.106         1.106 / 1.106       ms
[60.063s][info][gc,stats    ]    Critical: GC Locker Stall                                   0 / 0                 0 / 1                 0 / 1                 0 / 1           ops/s
[60.063s][info][gc,stats    ]      Memory: Allocation Rate                                  83 / 116              54 / 116              54 / 116              54 / 116         MB/s
[60.063s][info][gc,stats    ]      Memory: Heap Used After Mark                            460 / 460             364 / 468             364 / 468             364 / 468         MB
[60.063s][info][gc,stats    ]      Memory: Heap Used After Relocation                       63 / 64               64 / 100              64 / 100              64 / 100         MB
[60.063s][info][gc,stats    ]      Memory: Heap Used Before Mark                           460 / 460             360 / 468             360 / 468             360 / 468         MB
[60.063s][info][gc,stats    ]      Memory: Heap Used Before Relocation                     138 / 142             167 / 320             167 / 320             167 / 320         MB
[60.063s][info][gc,stats    ]      Memory: Out Of Memory                                     0 / 0                 0 / 0                 0 / 0                 0 / 0           ops/s
[60.063s][info][gc,stats    ]      Memory: Page Cache Flush                                  0 / 0                 0 / 0                 0 / 0                 0 / 0           MB/s
[60.063s][info][gc,stats    ]      Memory: Page Cache Hit L1                                39 / 50               22 / 50               22 / 50               22 / 50          ops/s
[60.063s][info][gc,stats    ]      Memory: Page Cache Hit L2                                 0 / 0                 0 / 0                 0 / 0                 0 / 0           ops/s
[60.063s][info][gc,stats    ]      Memory: Page Cache Miss                                   0 / 0                 3 / 26                3 / 26                3 / 26          ops/s
[60.063s][info][gc,stats    ]      Memory: Undo Object Allocation Failed                     0 / 0                 0 / 0                 0 / 0                 0 / 0           ops/s
[60.063s][info][gc,stats    ]      Memory: Undo Object Allocation Succeeded                  0 / 0                 0 / 0                 0 / 0                 0 / 0           ops/s
[60.063s][info][gc,stats    ]      Memory: Undo Page Allocation                              0 / 0                 0 / 0                 0 / 0                 0 / 0           ops/s
[60.063s][info][gc,stats    ]       Phase: Concurrent Destroy Detached Pages             0.000 / 0.000         0.000 / 0.001         0.000 / 0.001         0.000 / 0.001       ms
[60.063s][info][gc,stats    ]       Phase: Concurrent Mark                              46.407 / 47.236      103.725 / 461.873     103.725 / 461.873     103.725 / 461.873     ms
[60.063s][info][gc,stats    ]       Phase: Concurrent Mark Continue                      0.000 / 0.000         0.000 / 0.000         0.000 / 0.000         0.000 / 0.000       ms
[60.063s][info][gc,stats    ]       Phase: Concurrent Prepare Relocation Set             0.030 / 0.033         0.362 / 1.946         0.362 / 1.946         0.362 / 1.946       ms
[60.063s][info][gc,stats    ]       Phase: Concurrent Process Non-Strong References      1.206 / 1.224         2.040 / 9.279         2.040 / 9.279         2.040 / 9.279       ms
[60.063s][info][gc,stats    ]       Phase: Concurrent Relocate                           1.757 / 1.780        26.361 / 181.531      26.361 / 181.531      26.361 / 181.531     ms
[60.063s][info][gc,stats    ]       Phase: Concurrent Reset Relocation Set               0.004 / 0.004         0.409 / 4.050         0.409 / 4.050         0.409 / 4.050       ms
[60.063s][info][gc,stats    ]       Phase: Concurrent Select Relocation Set              1.536 / 1.568         2.122 / 6.037         2.122 / 6.037         2.122 / 6.037       ms
[60.063s][info][gc,stats    ]       Phase: Pause Mark End                                0.051 / 0.052         0.063 / 0.125         0.063 / 0.125         0.063 / 0.125       ms
[60.063s][info][gc,stats    ]       Phase: Pause Mark Start                              8.040 / 8.212         7.725 / 13.312        7.725 / 13.312        7.725 / 13.312      ms
[60.063s][info][gc,stats    ]       Phase: Pause Relocate Start                          6.326 / 6.867         5.427 / 10.334        5.427 / 10.334        5.427 / 10.334      ms
[60.063s][info][gc,stats    ]    Subphase: Concurrent Mark                              46.393 / 47.223      102.751 / 457.364     102.751 / 457.364     102.751 / 457.364     ms
[60.063s][info][gc,stats    ]    Subphase: Concurrent Mark Idle                          0.000 / 0.000         0.000 / 0.000         0.000 / 0.000         0.000 / 0.000       ms
[60.063s][info][gc,stats    ]    Subphase: Concurrent Mark Try Flush                     0.047 / 0.090         0.768 / 4.368         0.768 / 4.368         0.768 / 4.368       ms
[60.063s][info][gc,stats    ]    Subphase: Concurrent Mark Try Terminate                 0.003 / 0.006         0.269 / 2.151         0.269 / 2.151         0.269 / 2.151       ms
[60.063s][info][gc,stats    ]    Subphase: Concurrent References Enqueue                 0.002 / 0.002         0.002 / 0.002         0.002 / 0.002         0.002 / 0.002       ms
[60.063s][info][gc,stats    ]    Subphase: Concurrent References Process                 0.526 / 0.530         0.839 / 3.791         0.839 / 3.791         0.839 / 3.791       ms
[60.063s][info][gc,stats    ]    Subphase: Concurrent Weak Roots                         0.672 / 0.695         0.750 / 1.207         0.750 / 1.207         0.750 / 1.207       ms
[60.063s][info][gc,stats    ]    Subphase: Concurrent Weak Roots JNIWeakHandles          0.000 / 0.000         0.000 / 0.001         0.000 / 0.001         0.000 / 0.001       ms
[60.063s][info][gc,stats    ]    Subphase: Concurrent Weak Roots StringTable             0.450 / 0.454         0.475 / 0.693         0.475 / 0.693         0.475 / 0.693       ms
[60.063s][info][gc,stats    ]    Subphase: Concurrent Weak Roots VMWeakHandles           0.221 / 0.240         0.273 / 0.556         0.273 / 0.556         0.273 / 0.556       ms
[60.063s][info][gc,stats    ]    Subphase: Pause Mark Try Complete                       0.000 / 0.000         0.010 / 0.010         0.010 / 0.010         0.010 / 0.010       ms
[60.063s][info][gc,stats    ]    Subphase: Pause Remap TLABS                             0.000 / 0.000         0.000 / 0.001         0.000 / 0.001         0.000 / 0.001       ms
[60.063s][info][gc,stats    ]    Subphase: Pause Retire TLABS                            0.004 / 0.004         0.004 / 0.005         0.004 / 0.005         0.004 / 0.005       ms
[60.063s][info][gc,stats    ]    Subphase: Pause Roots                                   4.635 / 7.950         4.109 / 13.037        4.109 / 13.037        4.109 / 13.037      ms
[60.063s][info][gc,stats    ]    Subphase: Pause Roots ClassLoaderDataGraph              0.507 / 0.650         0.579 / 1.511         0.579 / 1.511         0.579 / 1.511       ms
[60.063s][info][gc,stats    ]    Subphase: Pause Roots CodeCache                         6.376 / 7.294         5.433 / 12.381        5.433 / 12.381        5.433 / 12.381      ms
[60.063s][info][gc,stats    ]    Subphase: Pause Roots JNIHandles                        0.001 / 0.003         0.001 / 0.003         0.001 / 0.003         0.001 / 0.003       ms
[60.063s][info][gc,stats    ]    Subphase: Pause Roots JNIWeakHandles                    0.000 / 0.000         0.000 / 0.000         0.000 / 0.000         0.000 / 0.000       ms
[60.063s][info][gc,stats    ]    Subphase: Pause Roots JRFWeak                           0.000 / 0.000         0.000 / 0.000         0.000 / 0.000         0.000 / 0.000       ms
[60.063s][info][gc,stats    ]    Subphase: Pause Roots JVMTIExport                       0.000 / 0.000         0.000 / 0.001         0.000 / 0.001         0.000 / 0.001       ms
[60.063s][info][gc,stats    ]    Subphase: Pause Roots JVMTIWeakExport                   0.001 / 0.001         0.001 / 0.001         0.001 / 0.001         0.001 / 0.001       ms
[60.063s][info][gc,stats    ]    Subphase: Pause Roots Management                        0.001 / 0.001         0.001 / 0.002         0.001 / 0.002         0.001 / 0.002       ms
[60.063s][info][gc,stats    ]    Subphase: Pause Roots ObjectSynchronizer                0.000 / 0.000         0.000 / 0.000         0.000 / 0.000         0.000 / 0.000       ms
[60.063s][info][gc,stats    ]    Subphase: Pause Roots Setup                             0.147 / 0.229         0.122 / 0.249         0.122 / 0.249         0.122 / 0.249       ms
[60.063s][info][gc,stats    ]    Subphase: Pause Roots StringTable                       0.000 / 0.000         0.000 / 0.000         0.000 / 0.000         0.000 / 0.000       ms
[60.063s][info][gc,stats    ]    Subphase: Pause Roots SystemDictionary                  0.007 / 0.008         0.043 / 0.382         0.043 / 0.382         0.043 / 0.382       ms
[60.063s][info][gc,stats    ]    Subphase: Pause Roots Teardown                          0.001 / 0.002         0.001 / 0.002         0.001 / 0.002         0.001 / 0.002       ms
[60.063s][info][gc,stats    ]    Subphase: Pause Roots Threads                           0.036 / 0.041         0.067 / 0.334         0.067 / 0.334         0.067 / 0.334       ms
[60.063s][info][gc,stats    ]    Subphase: Pause Roots Universe                          0.002 / 0.004         0.002 / 0.010         0.002 / 0.010         0.002 / 0.010       ms
[60.063s][info][gc,stats    ]    Subphase: Pause Roots VMWeakHandles                     0.000 / 0.000         0.000 / 0.000         0.000 / 0.000         0.000 / 0.000       ms
[60.063s][info][gc,stats    ]    Subphase: Pause Weak Roots                              0.002 / 0.002         0.002 / 0.005         0.002 / 0.005         0.002 / 0.005       ms
[60.063s][info][gc,stats    ]    Subphase: Pause Weak Roots JFRWeak                      0.001 / 0.001         0.001 / 0.001         0.001 / 0.001         0.001 / 0.001       ms
[60.063s][info][gc,stats    ]    Subphase: Pause Weak Roots JNIWeakHandles               0.000 / 0.000         0.000 / 0.000         0.000 / 0.000         0.000 / 0.000       ms
[60.063s][info][gc,stats    ]    Subphase: Pause Weak Roots JVMTIWeakExport              0.001 / 0.001         0.001 / 0.004         0.001 / 0.004         0.001 / 0.004       ms
[60.063s][info][gc,stats    ]    Subphase: Pause Weak Roots Setup                        0.000 / 0.000         0.000 / 0.000         0.000 / 0.000         0.000 / 0.000       ms
[60.063s][info][gc,stats    ]    Subphase: Pause Weak Roots StringTable                  0.000 / 0.000         0.000 / 0.000         0.000 / 0.000         0.000 / 0.000       ms
[60.063s][info][gc,stats    ]    Subphase: Pause Weak Roots SymbolTable                  0.000 / 0.000         0.000 / 0.000         0.000 / 0.000         0.000 / 0.000       ms
[60.063s][info][gc,stats    ]    Subphase: Pause Weak Roots Teardown                     0.000 / 0.000         0.000 / 0.001         0.000 / 0.001         0.000 / 0.001       ms
[60.063s][info][gc,stats    ]    Subphase: Pause Weak Roots VMWeakHandles                0.000 / 0.000         0.000 / 0.000         0.000 / 0.000         0.000 / 0.000       ms
[60.063s][info][gc,stats    ]      System: Java Threads                                     10 / 11               10 / 11               10 / 11               10 / 11          threads
[60.063s][info][gc,stats    ] =========================================================================================================================================================
[62.777s][info][gc,start    ] GC(10) Garbage Collection (System.gc())
[62.784s][info][gc,phases   ] GC(10) Pause Mark Start 7.218ms
[62.871s][info][gc,phases   ] GC(10) Concurrent Mark 86.993ms
[62.872s][info][gc,phases   ] GC(10) Pause Mark End 0.058ms
[62.876s][info][gc,phases   ] GC(10) Concurrent Process Non-Strong References 4.354ms
[62.876s][info][gc,phases   ] GC(10) Concurrent Reset Relocation Set 0.004ms
[62.876s][info][gc,phases   ] GC(10) Concurrent Destroy Detached Pages 0.000ms
[62.878s][info][gc,phases   ] GC(10) Concurrent Select Relocation Set 1.511ms
[62.878s][info][gc,phases   ] GC(10) Concurrent Prepare Relocation Set 0.028ms
[62.884s][info][gc,phases   ] GC(10) Pause Relocate Start 6.110ms
[62.889s][info][gc,phases   ] GC(10) Concurrent Relocate 1.771ms
[62.889s][info][gc,load     ] GC(10) Load: 2.34/1.11/0.43
[62.889s][info][gc,mmu      ] GC(10) MMU: 2ms/0.0%, 5ms/0.0%, 10ms/0.0%, 20ms/33.4%, 50ms/73.4%, 100ms/82.6%
[62.889s][info][gc,marking  ] GC(10) Mark: 1 stripe(s), 1 proactive flush(es), 1 terminate flush(es), 0 completion(s), 0 continuation(s) 
[62.889s][info][gc,reloc    ] GC(10) Relocation: Successful, 4M relocated
[62.889s][info][gc,nmethod  ] GC(10) NMethods: 13995 registered, 1172 unregistered
[62.889s][info][gc,metaspace] GC(10) Metaspace: 67M used, 70M capacity, 70M committed, 72M reserved
[62.889s][info][gc,ref      ] GC(10) Soft: 934 encountered, 0 discovered, 0 enqueued
[62.889s][info][gc,ref      ] GC(10) Weak: 4846 encountered, 4727 discovered, 47 enqueued
[62.889s][info][gc,ref      ] GC(10) Final: 6 encountered, 6 discovered, 0 enqueued
[62.889s][info][gc,ref      ] GC(10) Phantom: 107 encountered, 84 discovered, 0 enqueued
[62.889s][info][gc,heap     ] GC(10)                Mark Start          Mark End        Relocate Start      Relocate End           High               Low         
[62.889s][info][gc,heap     ] GC(10)  Capacity:      534M (27%)         534M (27%)         534M (27%)         534M (27%)         534M (27%)         534M (27%)    
[62.889s][info][gc,heap     ] GC(10)   Reserve:       34M (2%)           34M (2%)           34M (2%)           34M (2%)           34M (2%)           34M (2%)     
[62.889s][info][gc,heap     ] GC(10)      Free:     1498M (75%)        1498M (75%)        1836M (92%)        1892M (95%)        1892M (95%)        1498M (75%)    
[62.889s][info][gc,heap     ] GC(10)      Used:      458M (23%)         458M (23%)         120M (6%)           64M (3%)          458M (23%)          64M (3%)     
[62.889s][info][gc,heap     ] GC(10)      Live:         -                28M (1%)           28M (1%)           28M (1%)             -                  -          
[62.889s][info][gc,heap     ] GC(10) Allocated:         -                 0M (0%)            0M (0%)            4M (0%)             -                  -          
[62.889s][info][gc,heap     ] GC(10)   Garbage:         -               429M (22%)          91M (5%)           35M (2%)             -                  -          
[62.889s][info][gc,heap     ] GC(10) Reclaimed:         -                  -               338M (17%)         394M (20%)            -                  -          
[62.889s][info][gc          ] GC(10) Garbage Collection (System.gc()) 458M(23%)->64M(3%)
[67.062s][info][gc,start    ] GC(11) Garbage Collection (System.gc())
[67.070s][info][gc,phases   ] GC(11) Pause Mark Start 8.258ms
[67.118s][info][gc,phases   ] GC(11) Concurrent Mark 47.083ms
[67.118s][info][gc,phases   ] GC(11) Pause Mark End 0.050ms
[67.119s][info][gc,phases   ] GC(11) Concurrent Process Non-Strong References 1.189ms
[67.119s][info][gc,phases   ] GC(11) Concurrent Reset Relocation Set 0.003ms
[67.119s][info][gc,phases   ] GC(11) Concurrent Destroy Detached Pages 0.000ms
[67.120s][info][gc,phases   ] GC(11) Concurrent Select Relocation Set 1.571ms
[67.121s][info][gc,phases   ] GC(11) Concurrent Prepare Relocation Set 0.025ms
[67.127s][info][gc,phases   ] GC(11) Pause Relocate Start 6.305ms
[67.129s][info][gc,phases   ] GC(11) Concurrent Relocate 1.817ms
[67.129s][info][gc,load     ] GC(11) Load: 2.39/1.14/0.45
[67.129s][info][gc,mmu      ] GC(11) MMU: 2ms/0.0%, 5ms/0.0%, 10ms/0.0%, 20ms/33.4%, 50ms/73.4%, 100ms/82.6%
[67.129s][info][gc,marking  ] GC(11) Mark: 1 stripe(s), 1 proactive flush(es), 1 terminate flush(es), 0 completion(s), 0 continuation(s) 
[67.129s][info][gc,reloc    ] GC(11) Relocation: Successful, 4M relocated
[67.129s][info][gc,nmethod  ] GC(11) NMethods: 14219 registered, 1172 unregistered
[67.129s][info][gc,metaspace] GC(11) Metaspace: 67M used, 70M capacity, 71M committed, 72M reserved
[67.129s][info][gc,ref      ] GC(11) Soft: 934 encountered, 0 discovered, 0 enqueued
[67.129s][info][gc,ref      ] GC(11) Weak: 4852 encountered, 4730 discovered, 48 enqueued
[67.129s][info][gc,ref      ] GC(11) Final: 6 encountered, 6 discovered, 0 enqueued
[67.129s][info][gc,ref      ] GC(11) Phantom: 107 encountered, 84 discovered, 0 enqueued
[67.129s][info][gc,heap     ] GC(11)                Mark Start          Mark End        Relocate Start      Relocate End           High               Low         
[67.129s][info][gc,heap     ] GC(11)  Capacity:      534M (27%)         534M (27%)         534M (27%)         534M (27%)         534M (27%)         534M (27%)    
[67.129s][info][gc,heap     ] GC(11)   Reserve:       34M (2%)           34M (2%)           34M (2%)           34M (2%)           34M (2%)           34M (2%)     
[67.129s][info][gc,heap     ] GC(11)      Free:     1500M (75%)        1500M (75%)        1836M (92%)        1894M (95%)        1894M (95%)        1500M (75%)    
[67.129s][info][gc,heap     ] GC(11)      Used:      456M (23%)         456M (23%)         120M (6%)           62M (3%)          456M (23%)          62M (3%)     
[67.129s][info][gc,heap     ] GC(11)      Live:         -                28M (1%)           28M (1%)           28M (1%)             -                  -          
[67.129s][info][gc,heap     ] GC(11) Allocated:         -                 0M (0%)            0M (0%)            2M (0%)             -                  -          
[67.129s][info][gc,heap     ] GC(11)   Garbage:         -               427M (21%)          91M (5%)           33M (2%)             -                  -          
[67.129s][info][gc,heap     ] GC(11) Reclaimed:         -                  -               336M (17%)         394M (20%)            -                  -          
[67.129s][info][gc          ] GC(11) Garbage Collection (System.gc()) 456M(23%)->62M(3%)
[70.063s][info][gc,stats    ] === Garbage Collection Statistics =======================================================================================================================
[70.063s][info][gc,stats    ]                                                              Last 10s              Last 10m              Last 10h                Total
[70.063s][info][gc,stats    ]                                                              Avg / Max             Avg / Max             Avg / Max             Avg / Max
[70.063s][info][gc,stats    ]   Collector: Garbage Collection Cycle                     89.399 / 111.914     140.035 / 677.038     140.035 / 677.038     140.035 / 677.038     ms
[70.063s][info][gc,stats    ]  Contention: Mark Segment Reset Contention                     0 / 0                 0 / 0                 0 / 0                 0 / 0           ops/s
[70.063s][info][gc,stats    ]  Contention: Mark SeqNum Reset Contention                      0 / 0                 0 / 0                 0 / 0                 0 / 0           ops/s
[70.063s][info][gc,stats    ]  Contention: Relocation Contention                             0 / 0                 0 / 0                 0 / 0                 0 / 0           ops/s
[70.063s][info][gc,stats    ]    Critical: Allocation Stall                              0.000 / 0.000         0.000 / 0.000         0.000 / 0.000         0.000 / 0.000       ms
[70.063s][info][gc,stats    ]    Critical: Allocation Stall                                  0 / 0                 0 / 0                 0 / 0                 0 / 0           ops/s
[70.063s][info][gc,stats    ]    Critical: GC Locker Stall                               0.000 / 0.000         1.106 / 1.106         1.106 / 1.106         1.106 / 1.106       ms
[70.063s][info][gc,stats    ]    Critical: GC Locker Stall                                   0 / 0                 0 / 1                 0 / 1                 0 / 1           ops/s
[70.063s][info][gc,stats    ]      Memory: Allocation Rate                                  89 / 130              59 / 130              59 / 130              59 / 130         MB/s
[70.063s][info][gc,stats    ]      Memory: Heap Used After Mark                            457 / 458             380 / 468             380 / 468             380 / 468         MB
[70.063s][info][gc,stats    ]      Memory: Heap Used After Relocation                       63 / 64               64 / 100              64 / 100              64 / 100         MB
[70.063s][info][gc,stats    ]      Memory: Heap Used Before Mark                           457 / 458             376 / 468             376 / 468             376 / 468         MB
[70.063s][info][gc,stats    ]      Memory: Heap Used Before Relocation                     120 / 120             159 / 320             159 / 320             159 / 320         MB
[70.063s][info][gc,stats    ]      Memory: Out Of Memory                                     0 / 0                 0 / 0                 0 / 0                 0 / 0           ops/s
[70.063s][info][gc,stats    ]      Memory: Page Cache Flush                                  0 / 0                 0 / 0                 0 / 0                 0 / 0           MB/s
[70.063s][info][gc,stats    ]      Memory: Page Cache Hit L1                                42 / 51               24 / 51               24 / 51               24 / 51          ops/s
[70.063s][info][gc,stats    ]      Memory: Page Cache Hit L2                                 0 / 0                 0 / 0                 0 / 0                 0 / 0           ops/s
[70.063s][info][gc,stats    ]      Memory: Page Cache Miss                                   0 / 0                 2 / 26                2 / 26                2 / 26          ops/s
[70.063s][info][gc,stats    ]      Memory: Undo Object Allocation Failed                     0 / 0                 0 / 0                 0 / 0                 0 / 0           ops/s
[70.063s][info][gc,stats    ]      Memory: Undo Object Allocation Succeeded                  0 / 0                 0 / 0                 0 / 0                 0 / 0           ops/s
[70.063s][info][gc,stats    ]      Memory: Undo Page Allocation                              0 / 0                 0 / 0                 0 / 0                 0 / 0           ops/s
[70.063s][info][gc,stats    ]       Phase: Concurrent Destroy Detached Pages             0.000 / 0.000         0.000 / 0.001         0.000 / 0.001         0.000 / 0.001       ms
[70.063s][info][gc,stats    ]       Phase: Concurrent Mark                              67.038 / 86.993       97.610 / 461.873      97.610 / 461.873      97.610 / 461.873     ms
[70.063s][info][gc,stats    ]       Phase: Concurrent Mark Continue                      0.000 / 0.000         0.000 / 0.000         0.000 / 0.000         0.000 / 0.000       ms
[70.063s][info][gc,stats    ]       Phase: Concurrent Prepare Relocation Set             0.026 / 0.028         0.306 / 1.946         0.306 / 1.946         0.306 / 1.946       ms
[70.063s][info][gc,stats    ]       Phase: Concurrent Process Non-Strong References      2.771 / 4.354         2.162 / 9.279         2.162 / 9.279         2.162 / 9.279       ms
[70.063s][info][gc,stats    ]       Phase: Concurrent Relocate                           1.794 / 1.817        22.266 / 181.531      22.266 / 181.531      22.266 / 181.531     ms
[70.063s][info][gc,stats    ]       Phase: Concurrent Reset Relocation Set               0.004 / 0.004         0.341 / 4.050         0.341 / 4.050         0.341 / 4.050       ms
[70.063s][info][gc,stats    ]       Phase: Concurrent Select Relocation Set              1.541 / 1.571         2.025 / 6.037         2.025 / 6.037         2.025 / 6.037       ms
[70.063s][info][gc,stats    ]       Phase: Pause Mark End                                0.054 / 0.058         0.062 / 0.125         0.062 / 0.125         0.062 / 0.125       ms
[70.063s][info][gc,stats    ]       Phase: Pause Mark Start                              7.738 / 8.258         7.727 / 13.312        7.727 / 13.312        7.727 / 13.312      ms
[70.063s][info][gc,stats    ]       Phase: Pause Relocate Start                          6.208 / 6.305         5.557 / 10.334        5.557 / 10.334        5.557 / 10.334      ms
[70.063s][info][gc,stats    ]    Subphase: Concurrent Mark                              65.536 / 84.003       96.549 / 457.364      96.549 / 457.364      96.549 / 457.364     ms
[70.063s][info][gc,stats    ]    Subphase: Concurrent Mark Idle                          0.000 / 0.000         0.000 / 0.000         0.000 / 0.000         0.000 / 0.000       ms
[70.063s][info][gc,stats    ]    Subphase: Concurrent Mark Try Flush                     0.551 / 2.084         0.739 / 4.368         0.739 / 4.368         0.739 / 4.368       ms
[70.063s][info][gc,stats    ]    Subphase: Concurrent Mark Try Terminate                 0.008 / 0.024         0.229 / 2.151         0.229 / 2.151         0.229 / 2.151       ms
[70.063s][info][gc,stats    ]    Subphase: Concurrent References Enqueue                 0.002 / 0.003         0.002 / 0.003         0.002 / 0.003         0.002 / 0.003       ms
[70.063s][info][gc,stats    ]    Subphase: Concurrent References Process                 0.615 / 0.693         0.802 / 3.791         0.802 / 3.791         0.802 / 3.791       ms
[70.063s][info][gc,stats    ]    Subphase: Concurrent Weak Roots                         0.661 / 0.677         0.735 / 1.207         0.735 / 1.207         0.735 / 1.207       ms
[70.063s][info][gc,stats    ]    Subphase: Concurrent Weak Roots JNIWeakHandles          0.000 / 0.001         0.000 / 0.001         0.000 / 0.001         0.000 / 0.001       ms
[70.063s][info][gc,stats    ]    Subphase: Concurrent Weak Roots StringTable             0.463 / 0.468         0.473 / 0.693         0.473 / 0.693         0.473 / 0.693       ms
[70.063s][info][gc,stats    ]    Subphase: Concurrent Weak Roots VMWeakHandles           0.196 / 0.205         0.260 / 0.556         0.260 / 0.556         0.260 / 0.556       ms
[70.063s][info][gc,stats    ]    Subphase: Pause Mark Try Complete                       0.000 / 0.000         0.010 / 0.010         0.010 / 0.010         0.010 / 0.010       ms
[70.063s][info][gc,stats    ]    Subphase: Pause Remap TLABS                             0.000 / 0.000         0.000 / 0.001         0.000 / 0.001         0.000 / 0.001       ms
[70.063s][info][gc,stats    ]    Subphase: Pause Retire TLABS                            0.004 / 0.005         0.004 / 0.005         0.004 / 0.005         0.004 / 0.005       ms
[70.063s][info][gc,stats    ]    Subphase: Pause Roots                                   4.492 / 7.985         4.173 / 13.037        4.173 / 13.037        4.173 / 13.037      ms
[70.063s][info][gc,stats    ]    Subphase: Pause Roots ClassLoaderDataGraph              0.514 / 0.635         0.569 / 1.511         0.569 / 1.511         0.569 / 1.511       ms
[70.063s][info][gc,stats    ]    Subphase: Pause Roots CodeCache                         6.151 / 7.313         5.553 / 12.381        5.553 / 12.381        5.553 / 12.381      ms
[70.063s][info][gc,stats    ]    Subphase: Pause Roots JNIHandles                        0.001 / 0.003         0.001 / 0.003         0.001 / 0.003         0.001 / 0.003       ms
[70.063s][info][gc,stats    ]    Subphase: Pause Roots JNIWeakHandles                    0.000 / 0.000         0.000 / 0.000         0.000 / 0.000         0.000 / 0.000       ms
[70.063s][info][gc,stats    ]    Subphase: Pause Roots JRFWeak                           0.000 / 0.000         0.000 / 0.000         0.000 / 0.000         0.000 / 0.000       ms
[70.063s][info][gc,stats    ]    Subphase: Pause Roots JVMTIExport                       0.000 / 0.000         0.000 / 0.001         0.000 / 0.001         0.000 / 0.001       ms
[70.063s][info][gc,stats    ]    Subphase: Pause Roots JVMTIWeakExport                   0.001 / 0.001         0.001 / 0.001         0.001 / 0.001         0.001 / 0.001       ms
[70.063s][info][gc,stats    ]    Subphase: Pause Roots Management                        0.001 / 0.001         0.001 / 0.002         0.001 / 0.002         0.001 / 0.002       ms
[70.063s][info][gc,stats    ]    Subphase: Pause Roots ObjectSynchronizer                0.000 / 0.000         0.000 / 0.000         0.000 / 0.000         0.000 / 0.000       ms
[70.063s][info][gc,stats    ]    Subphase: Pause Roots Setup                             0.150 / 0.242         0.127 / 0.249         0.127 / 0.249         0.127 / 0.249       ms
[70.063s][info][gc,stats    ]    Subphase: Pause Roots StringTable                       0.000 / 0.000         0.000 / 0.000         0.000 / 0.000         0.000 / 0.000       ms
[70.063s][info][gc,stats    ]    Subphase: Pause Roots SystemDictionary                  0.007 / 0.009         0.037 / 0.382         0.037 / 0.382         0.037 / 0.382       ms
[70.063s][info][gc,stats    ]    Subphase: Pause Roots Teardown                          0.001 / 0.002         0.001 / 0.002         0.001 / 0.002         0.001 / 0.002       ms
[70.063s][info][gc,stats    ]    Subphase: Pause Roots Threads                           0.038 / 0.045         0.062 / 0.334         0.062 / 0.334         0.062 / 0.334       ms
[70.063s][info][gc,stats    ]    Subphase: Pause Roots Universe                          0.002 / 0.004         0.002 / 0.010         0.002 / 0.010         0.002 / 0.010       ms
[70.063s][info][gc,stats    ]    Subphase: Pause Roots VMWeakHandles                     0.000 / 0.000         0.000 / 0.000         0.000 / 0.000         0.000 / 0.000       ms
[70.063s][info][gc,stats    ]    Subphase: Pause Weak Roots                              0.002 / 0.002         0.002 / 0.005         0.002 / 0.005         0.002 / 0.005       ms
[70.063s][info][gc,stats    ]    Subphase: Pause Weak Roots JFRWeak                      0.001 / 0.001         0.001 / 0.001         0.001 / 0.001         0.001 / 0.001       ms
[70.063s][info][gc,stats    ]    Subphase: Pause Weak Roots JNIWeakHandles               0.000 / 0.000         0.000 / 0.000         0.000 / 0.000         0.000 / 0.000       ms
[70.063s][info][gc,stats    ]    Subphase: Pause Weak Roots JVMTIWeakExport              0.001 / 0.001         0.001 / 0.004         0.001 / 0.004         0.001 / 0.004       ms
[70.063s][info][gc,stats    ]    Subphase: Pause Weak Roots Setup                        0.000 / 0.000         0.000 / 0.000         0.000 / 0.000         0.000 / 0.000       ms
[70.063s][info][gc,stats    ]    Subphase: Pause Weak Roots StringTable                  0.000 / 0.000         0.000 / 0.000         0.000 / 0.000         0.000 / 0.000       ms
[70.063s][info][gc,stats    ]    Subphase: Pause Weak Roots SymbolTable                  0.000 / 0.000         0.000 / 0.000         0.000 / 0.000         0.000 / 0.000       ms
[70.063s][info][gc,stats    ]    Subphase: Pause Weak Roots Teardown                     0.000 / 0.000         0.000 / 0.001         0.000 / 0.001         0.000 / 0.001       ms
[70.063s][info][gc,stats    ]    Subphase: Pause Weak Roots VMWeakHandles                0.000 / 0.000         0.000 / 0.000         0.000 / 0.000         0.000 / 0.000       ms
[70.063s][info][gc,stats    ]      System: Java Threads                                     10 / 11               10 / 11               10 / 11               10 / 11          threads
[70.063s][info][gc,stats    ] =========================================================================================================================================================
[71.280s][info][gc,heap,exit] Heap
[71.280s][info][gc,heap,exit]  ZHeap           used 456M, capacity 534M, max capacity 1990M
[71.280s][info][gc,heap,exit]  Metaspace       used 68867K, capacity 72793K, committed 72856K, reserved 73728K
