[0.002s][info][gc,heap] Heap region size: 1M
[0.004s][info][gc     ] Using G1
[0.004s][info][gc,heap,coops] Heap address: 0x0000000083a00000, size: 1990 MB, Compressed Oops mode: 32-bit
[0.449s][info][gc,start     ] GC(0) Pause Young (Normal) (G1 Evacuation Pause)
[0.449s][info][gc,task      ] GC(0) Using 1 workers of 1 for evacuation
[0.454s][info][gc,phases    ] GC(0)   Pre Evacuate Collection Set: 0.0ms
[0.454s][info][gc,phases    ] GC(0)   Evacuate Collection Set: 4.0ms
[0.454s][info][gc,phases    ] GC(0)   Post Evacuate Collection Set: 0.1ms
[0.454s][info][gc,phases    ] GC(0)   Other: 0.1ms
[0.454s][info][gc,heap      ] GC(0) Eden regions: 6->0(5)
[0.454s][info][gc,heap      ] GC(0) Survivor regions: 0->1(1)
[0.454s][info][gc,heap      ] GC(0) Old regions: 0->2
[0.454s][info][gc,heap      ] GC(0) Humongous regions: 0->0
[0.454s][info][gc,metaspace ] GC(0) Metaspace: 2143K->2143K(1056768K)
[0.454s][info][gc           ] GC(0) Pause Young (Normal) (G1 Evacuation Pause) 6M->2M(126M) 4.320ms
[0.454s][info][gc,cpu       ] GC(0) User=0.00s Sys=0.01s Real=0.00s
[0.597s][info][gc,start     ] GC(1) Pause Young (Normal) (G1 Evacuation Pause)
[0.597s][info][gc,task      ] GC(1) Using 1 workers of 1 for evacuation
[0.599s][info][gc,phases    ] GC(1)   Pre Evacuate Collection Set: 0.0ms
[0.599s][info][gc,phases    ] GC(1)   Evacuate Collection Set: 2.3ms
[0.599s][info][gc,phases    ] GC(1)   Post Evacuate Collection Set: 0.0ms
[0.599s][info][gc,phases    ] GC(1)   Other: 0.1ms
[0.599s][info][gc,heap      ] GC(1) Eden regions: 5->0(6)
[0.599s][info][gc,heap      ] GC(1) Survivor regions: 1->1(1)
[0.599s][info][gc,heap      ] GC(1) Old regions: 2->3
[0.599s][info][gc,heap      ] GC(1) Humongous regions: 0->0
[0.599s][info][gc,metaspace ] GC(1) Metaspace: 4290K->4290K(1056768K)
[0.599s][info][gc           ] GC(1) Pause Young (Normal) (G1 Evacuation Pause) 7M->2M(126M) 2.499ms
[0.599s][info][gc,cpu       ] GC(1) User=0.00s Sys=0.00s Real=0.00s
[0.814s][info][gc,start     ] GC(2) Pause Young (Normal) (G1 Evacuation Pause)
[0.814s][info][gc,task      ] GC(2) Using 1 workers of 1 for evacuation
[0.816s][info][gc,phases    ] GC(2)   Pre Evacuate Collection Set: 0.0ms
[0.816s][info][gc,phases    ] GC(2)   Evacuate Collection Set: 1.5ms
[0.816s][info][gc,phases    ] GC(2)   Post Evacuate Collection Set: 0.0ms
[0.816s][info][gc,phases    ] GC(2)   Other: 0.2ms
[0.816s][info][gc,heap      ] GC(2) Eden regions: 6->0(12)
[0.816s][info][gc,heap      ] GC(2) Survivor regions: 1->1(1)
[0.816s][info][gc,heap      ] GC(2) Old regions: 3->3
[0.816s][info][gc,heap      ] GC(2) Humongous regions: 0->0
[0.816s][info][gc,metaspace ] GC(2) Metaspace: 6632K->6632K(1058816K)
[0.816s][info][gc           ] GC(2) Pause Young (Normal) (G1 Evacuation Pause) 8M->2M(126M) 1.742ms
[0.816s][info][gc,cpu       ] GC(2) User=0.00s Sys=0.01s Real=0.01s
[1.422s][info][gc,start     ] GC(3) Pause Young (Normal) (G1 Evacuation Pause)
[1.423s][info][gc,task      ] GC(3) Using 1 workers of 1 for evacuation
[1.426s][info][gc,phases    ] GC(3)   Pre Evacuate Collection Set: 0.0ms
[1.426s][info][gc,phases    ] GC(3)   Evacuate Collection Set: 3.2ms
[1.426s][info][gc,phases    ] GC(3)   Post Evacuate Collection Set: 0.1ms
[1.426s][info][gc,phases    ] GC(3)   Other: 0.1ms
[1.426s][info][gc,heap      ] GC(3) Eden regions: 12->0(17)
[1.426s][info][gc,heap      ] GC(3) Survivor regions: 1->2(2)
[1.426s][info][gc,heap      ] GC(3) Old regions: 3->4
[1.426s][info][gc,heap      ] GC(3) Humongous regions: 0->0
[1.426s][info][gc,metaspace ] GC(3) Metaspace: 8490K->8490K(1058816K)
[1.426s][info][gc           ] GC(3) Pause Young (Normal) (G1 Evacuation Pause) 14M->5M(126M) 3.557ms
[1.426s][info][gc,cpu       ] GC(3) User=0.00s Sys=0.01s Real=0.01s
[1.700s][info][gc,start     ] GC(4) Pause Young (Normal) (G1 Evacuation Pause)
[1.700s][info][gc,task      ] GC(4) Using 1 workers of 1 for evacuation
[1.705s][info][gc,phases    ] GC(4)   Pre Evacuate Collection Set: 0.0ms
[1.705s][info][gc,phases    ] GC(4)   Evacuate Collection Set: 4.1ms
[1.705s][info][gc,phases    ] GC(4)   Post Evacuate Collection Set: 1.0ms
[1.705s][info][gc,phases    ] GC(4)   Other: 0.2ms
[1.705s][info][gc,heap      ] GC(4) Eden regions: 17->0(20)
[1.705s][info][gc,heap      ] GC(4) Survivor regions: 2->2(3)
[1.705s][info][gc,heap      ] GC(4) Old regions: 4->6
[1.705s][info][gc,heap      ] GC(4) Humongous regions: 0->0
[1.705s][info][gc,metaspace ] GC(4) Metaspace: 11667K->11667K(1060864K)
[1.705s][info][gc           ] GC(4) Pause Young (Normal) (G1 Evacuation Pause) 22M->6M(126M) 5.337ms
[1.705s][info][gc,cpu       ] GC(4) User=0.00s Sys=0.00s Real=0.01s
[2.071s][info][gc,start     ] GC(5) Pause Young (Normal) (G1 Evacuation Pause)
[2.072s][info][gc,task      ] GC(5) Using 1 workers of 1 for evacuation
[2.075s][info][gc,phases    ] GC(5)   Pre Evacuate Collection Set: 0.0ms
[2.075s][info][gc,phases    ] GC(5)   Evacuate Collection Set: 3.2ms
[2.075s][info][gc,phases    ] GC(5)   Post Evacuate Collection Set: 0.2ms
[2.075s][info][gc,phases    ] GC(5)   Other: 0.1ms
[2.075s][info][gc,heap      ] GC(5) Eden regions: 20->0(33)
[2.075s][info][gc,heap      ] GC(5) Survivor regions: 2->2(3)
[2.075s][info][gc,heap      ] GC(5) Old regions: 6->6
[2.075s][info][gc,heap      ] GC(5) Humongous regions: 0->0
[2.075s][info][gc,metaspace ] GC(5) Metaspace: 17764K->17764K(1067008K)
[2.075s][info][gc           ] GC(5) Pause Young (Normal) (G1 Evacuation Pause) 26M->7M(152M) 3.646ms
[2.075s][info][gc,cpu       ] GC(5) User=0.00s Sys=0.00s Real=0.01s
[2.162s][info][gc,start     ] GC(6) Pause Young (Concurrent Start) (Metadata GC Threshold)
[2.162s][info][gc,task      ] GC(6) Using 1 workers of 1 for evacuation
[2.166s][info][gc,phases    ] GC(6)   Pre Evacuate Collection Set: 0.0ms
[2.166s][info][gc,phases    ] GC(6)   Evacuate Collection Set: 3.7ms
[2.166s][info][gc,phases    ] GC(6)   Post Evacuate Collection Set: 0.1ms
[2.166s][info][gc,phases    ] GC(6)   Other: 0.1ms
[2.166s][info][gc,heap      ] GC(6) Eden regions: 5->0(28)
[2.166s][info][gc,heap      ] GC(6) Survivor regions: 2->2(5)
[2.166s][info][gc,heap      ] GC(6) Old regions: 6->6
[2.166s][info][gc,heap      ] GC(6) Humongous regions: 0->0
[2.166s][info][gc,metaspace ] GC(6) Metaspace: 18936K->18936K(1067008K)
[2.166s][info][gc           ] GC(6) Pause Young (Concurrent Start) (Metadata GC Threshold) 11M->7M(152M) 4.026ms
[2.166s][info][gc,cpu       ] GC(6) User=0.00s Sys=0.00s Real=0.01s
[2.166s][info][gc           ] GC(7) Concurrent Cycle
[2.166s][info][gc,marking   ] GC(7) Concurrent Clear Claimed Marks
[2.166s][info][gc,marking   ] GC(7) Concurrent Clear Claimed Marks 0.030ms
[2.166s][info][gc,marking   ] GC(7) Concurrent Scan Root Regions
[2.167s][info][gc,marking   ] GC(7) Concurrent Scan Root Regions 1.191ms
[2.167s][info][gc,marking   ] GC(7) Concurrent Mark (2.167s)
[2.167s][info][gc,marking   ] GC(7) Concurrent Mark From Roots
[2.167s][info][gc,task      ] GC(7) Using 1 workers of 1 for marking
[2.178s][info][gc,marking   ] GC(7) Concurrent Mark From Roots 10.139ms
[2.178s][info][gc,marking   ] GC(7) Concurrent Preclean
[2.178s][info][gc,marking   ] GC(7) Concurrent Preclean 0.041ms
[2.178s][info][gc,marking   ] GC(7) Concurrent Mark (2.167s, 2.178s) 10.230ms
[2.178s][info][gc,start     ] GC(7) Pause Remark
[2.181s][info][gc,stringtable] GC(7) Cleaned string and symbol table, strings: 5885 processed, 7 removed, symbols: 33914 processed, 15 removed
[2.181s][info][gc            ] GC(7) Pause Remark 7M->7M(152M) 3.208ms
[2.181s][info][gc,cpu        ] GC(7) User=0.01s Sys=0.00s Real=0.00s
[2.181s][info][gc,marking    ] GC(7) Concurrent Rebuild Remembered Sets
[2.189s][info][gc,marking    ] GC(7) Concurrent Rebuild Remembered Sets 8.124ms
[2.189s][info][gc,start      ] GC(7) Pause Cleanup
[2.189s][info][gc            ] GC(7) Pause Cleanup 7M->7M(152M) 0.040ms
[2.189s][info][gc,cpu        ] GC(7) User=0.00s Sys=0.00s Real=0.00s
[2.189s][info][gc,marking    ] GC(7) Concurrent Cleanup for Next Mark
[2.190s][info][gc,marking    ] GC(7) Concurrent Cleanup for Next Mark 0.524ms
[2.190s][info][gc            ] GC(7) Concurrent Cycle 23.614ms
[2.844s][info][gc,start      ] GC(8) Pause Young (Normal) (G1 Evacuation Pause)
[2.844s][info][gc,task       ] GC(8) Using 1 workers of 1 for evacuation
[2.849s][info][gc,phases     ] GC(8)   Pre Evacuate Collection Set: 0.0ms
[2.849s][info][gc,phases     ] GC(8)   Evacuate Collection Set: 5.4ms
[2.849s][info][gc,phases     ] GC(8)   Post Evacuate Collection Set: 0.2ms
[2.849s][info][gc,phases     ] GC(8)   Other: 0.2ms
[2.849s][info][gc,heap       ] GC(8) Eden regions: 29->0(39)
[2.849s][info][gc,heap       ] GC(8) Survivor regions: 2->3(4)
[2.849s][info][gc,heap       ] GC(8) Old regions: 6->6
[2.849s][info][gc,heap       ] GC(8) Humongous regions: 0->0
[2.849s][info][gc,metaspace  ] GC(8) Metaspace: 24241K->24241K(1071104K)
[2.849s][info][gc            ] GC(8) Pause Young (Normal) (G1 Evacuation Pause) 36M->8M(152M) 5.808ms
[2.849s][info][gc,cpu        ] GC(8) User=0.00s Sys=0.00s Real=0.00s
[3.440s][info][gc,task       ] GC(9) Using 1 workers of 1 for full compaction
[3.441s][info][gc,start      ] GC(9) Pause Full (System.gc())
[3.441s][info][gc,phases,start] GC(9) Phase 1: Mark live objects
[3.469s][info][gc,stringtable ] GC(9) Cleaned string and symbol table, strings: 9609 processed, 49 removed, symbols: 58351 processed, 29 removed
[3.469s][info][gc,phases      ] GC(9) Phase 1: Mark live objects 28.167ms
[3.469s][info][gc,phases,start] GC(9) Phase 2: Prepare for compaction
[3.474s][info][gc,phases      ] GC(9) Phase 2: Prepare for compaction 5.074ms
[3.474s][info][gc,phases,start] GC(9) Phase 3: Adjust pointers
[3.481s][info][gc,phases      ] GC(9) Phase 3: Adjust pointers 7.197ms
[3.481s][info][gc,phases,start] GC(9) Phase 4: Compact heap
[3.485s][info][gc,phases      ] GC(9) Phase 4: Compact heap 4.149ms
[3.489s][info][gc,heap        ] GC(9) Eden regions: 24->0(13)
[3.489s][info][gc,heap        ] GC(9) Survivor regions: 3->0(4)
[3.489s][info][gc,heap        ] GC(9) Old regions: 6->10
[3.489s][info][gc,heap        ] GC(9) Humongous regions: 0->0
[3.489s][info][gc,metaspace   ] GC(9) Metaspace: 30709K->30709K(1077248K)
[3.489s][info][gc             ] GC(9) Pause Full (System.gc()) 32M->9M(34M) 48.237ms
[3.489s][info][gc,cpu         ] GC(9) User=0.04s Sys=0.00s Real=0.05s
[3.788s][info][gc,start       ] GC(10) Pause Young (Normal) (G1 Evacuation Pause)
[3.788s][info][gc,task        ] GC(10) Using 1 workers of 1 for evacuation
[3.792s][info][gc,phases      ] GC(10)   Pre Evacuate Collection Set: 0.0ms
[3.792s][info][gc,phases      ] GC(10)   Evacuate Collection Set: 3.0ms
[3.792s][info][gc,phases      ] GC(10)   Post Evacuate Collection Set: 0.1ms
[3.792s][info][gc,phases      ] GC(10)   Other: 0.1ms
[3.792s][info][gc,heap        ] GC(10) Eden regions: 13->0(13)
[3.792s][info][gc,heap        ] GC(10) Survivor regions: 0->1(2)
[3.792s][info][gc,heap        ] GC(10) Old regions: 10->10
[3.792s][info][gc,heap        ] GC(10) Humongous regions: 0->0
[3.792s][info][gc,metaspace   ] GC(10) Metaspace: 34089K->34089K(1079296K)
[3.792s][info][gc             ] GC(10) Pause Young (Normal) (G1 Evacuation Pause) 22M->10M(34M) 3.316ms
[3.792s][info][gc,cpu         ] GC(10) User=0.01s Sys=0.00s Real=0.00s
[4.120s][info][gc,start       ] GC(11) Pause Young (Normal) (G1 Evacuation Pause)
[4.120s][info][gc,task        ] GC(11) Using 1 workers of 1 for evacuation
[4.124s][info][gc,phases      ] GC(11)   Pre Evacuate Collection Set: 0.0ms
[4.124s][info][gc,phases      ] GC(11)   Evacuate Collection Set: 4.1ms
[4.124s][info][gc,phases      ] GC(11)   Post Evacuate Collection Set: 0.2ms
[4.124s][info][gc,phases      ] GC(11)   Other: 0.2ms
[4.124s][info][gc,heap        ] GC(11) Eden regions: 13->0(12)
[4.124s][info][gc,heap        ] GC(11) Survivor regions: 1->2(2)
[4.124s][info][gc,heap        ] GC(11) Old regions: 10->10
[4.124s][info][gc,heap        ] GC(11) Humongous regions: 0->0
[4.124s][info][gc,metaspace   ] GC(11) Metaspace: 37358K->37358K(1081344K)
[4.124s][info][gc             ] GC(11) Pause Young (Normal) (G1 Evacuation Pause) 23M->10M(34M) 4.551ms
[4.124s][info][gc,cpu         ] GC(11) User=0.00s Sys=0.00s Real=0.01s
[4.358s][info][gc,start       ] GC(12) Pause Young (Normal) (G1 Evacuation Pause)
[4.358s][info][gc,task        ] GC(12) Using 1 workers of 1 for evacuation
[4.363s][info][gc,phases      ] GC(12)   Pre Evacuate Collection Set: 0.0ms
[4.363s][info][gc,phases      ] GC(12)   Evacuate Collection Set: 4.9ms
[4.363s][info][gc,phases      ] GC(12)   Post Evacuate Collection Set: 0.2ms
[4.363s][info][gc,phases      ] GC(12)   Other: 0.1ms
[4.363s][info][gc,heap        ] GC(12) Eden regions: 12->0(12)
[4.363s][info][gc,heap        ] GC(12) Survivor regions: 2->2(2)
[4.363s][info][gc,heap        ] GC(12) Old regions: 10->11
[4.363s][info][gc,heap        ] GC(12) Humongous regions: 0->0
[4.363s][info][gc,metaspace   ] GC(12) Metaspace: 40252K->40252K(1085440K)
[4.363s][info][gc             ] GC(12) Pause Young (Normal) (G1 Evacuation Pause) 22M->11M(34M) 5.215ms
[4.363s][info][gc,cpu         ] GC(12) User=0.01s Sys=0.00s Real=0.01s
[5.164s][info][gc,start       ] GC(13) Pause Young (Normal) (G1 Evacuation Pause)
[5.164s][info][gc,task        ] GC(13) Using 1 workers of 1 for evacuation
[5.169s][info][gc,phases      ] GC(13)   Pre Evacuate Collection Set: 0.0ms
[5.169s][info][gc,phases      ] GC(13)   Evacuate Collection Set: 5.3ms
[5.169s][info][gc,phases      ] GC(13)   Post Evacuate Collection Set: 0.2ms
[5.169s][info][gc,phases      ] GC(13)   Other: 0.2ms
[5.169s][info][gc,heap        ] GC(13) Eden regions: 12->0(15)
[5.169s][info][gc,heap        ] GC(13) Survivor regions: 2->2(2)
[5.169s][info][gc,heap        ] GC(13) Old regions: 11->12
[5.169s][info][gc,heap        ] GC(13) Humongous regions: 0->0
[5.169s][info][gc,metaspace   ] GC(13) Metaspace: 42919K->42919K(1087488K)
[5.169s][info][gc             ] GC(13) Pause Young (Normal) (G1 Evacuation Pause) 23M->12M(41M) 5.795ms
[5.169s][info][gc,cpu         ] GC(13) User=0.01s Sys=0.00s Real=0.00s
[7.208s][info][gc,start       ] GC(14) Pause Young (Normal) (G1 Evacuation Pause)
[7.208s][info][gc,task        ] GC(14) Using 1 workers of 1 for evacuation
[7.212s][info][gc,phases      ] GC(14)   Pre Evacuate Collection Set: 0.0ms
[7.212s][info][gc,phases      ] GC(14)   Evacuate Collection Set: 4.1ms
[7.212s][info][gc,phases      ] GC(14)   Post Evacuate Collection Set: 0.2ms
[7.212s][info][gc,phases      ] GC(14)   Other: 0.2ms
[7.212s][info][gc,heap        ] GC(14) Eden regions: 15->0(16)
[7.212s][info][gc,heap        ] GC(14) Survivor regions: 2->2(3)
[7.213s][info][gc,heap        ] GC(14) Old regions: 12->12
[7.213s][info][gc,heap        ] GC(14) Humongous regions: 0->0
[7.213s][info][gc,metaspace   ] GC(14) Metaspace: 44087K->44087K(1087488K)
[7.213s][info][gc             ] GC(14) Pause Young (Normal) (G1 Evacuation Pause) 27M->12M(41M) 4.566ms
[7.213s][info][gc,cpu         ] GC(14) User=0.00s Sys=0.00s Real=0.00s
[8.626s][info][gc,start       ] GC(15) Pause Young (Normal) (G1 Evacuation Pause)
[8.626s][info][gc,task        ] GC(15) Using 1 workers of 1 for evacuation
[8.630s][info][gc,phases      ] GC(15)   Pre Evacuate Collection Set: 0.0ms
[8.630s][info][gc,phases      ] GC(15)   Evacuate Collection Set: 4.1ms
[8.630s][info][gc,phases      ] GC(15)   Post Evacuate Collection Set: 0.2ms
[8.630s][info][gc,phases      ] GC(15)   Other: 0.2ms
[8.630s][info][gc,heap        ] GC(15) Eden regions: 16->0(16)
[8.630s][info][gc,heap        ] GC(15) Survivor regions: 2->2(3)
[8.630s][info][gc,heap        ] GC(15) Old regions: 12->12
[8.630s][info][gc,heap        ] GC(15) Humongous regions: 0->0
[8.630s][info][gc,metaspace   ] GC(15) Metaspace: 44777K->44777K(1089536K)
[8.630s][info][gc             ] GC(15) Pause Young (Normal) (G1 Evacuation Pause) 28M->12M(41M) 4.453ms
[8.630s][info][gc,cpu         ] GC(15) User=0.00s Sys=0.00s Real=0.00s
[9.779s][info][gc,start       ] GC(16) Pause Young (Normal) (G1 Evacuation Pause)
[9.780s][info][gc,task        ] GC(16) Using 1 workers of 1 for evacuation
[9.784s][info][gc,phases      ] GC(16)   Pre Evacuate Collection Set: 0.0ms
[9.784s][info][gc,phases      ] GC(16)   Evacuate Collection Set: 4.5ms
[9.784s][info][gc,phases      ] GC(16)   Post Evacuate Collection Set: 0.2ms
[9.784s][info][gc,phases      ] GC(16)   Other: 0.2ms
[9.784s][info][gc,heap        ] GC(16) Eden regions: 16->0(17)
[9.784s][info][gc,heap        ] GC(16) Survivor regions: 2->2(3)
[9.784s][info][gc,heap        ] GC(16) Old regions: 12->12
[9.784s][info][gc,heap        ] GC(16) Humongous regions: 0->0
[9.784s][info][gc,metaspace   ] GC(16) Metaspace: 44872K->44872K(1089536K)
[9.784s][info][gc             ] GC(16) Pause Young (Normal) (G1 Evacuation Pause) 28M->12M(41M) 5.007ms
[9.784s][info][gc,cpu         ] GC(16) User=0.01s Sys=0.00s Real=0.01s
[10.775s][info][gc,start       ] GC(17) Pause Young (Normal) (G1 Evacuation Pause)
[10.775s][info][gc,task        ] GC(17) Using 1 workers of 1 for evacuation
[10.784s][info][gc,phases      ] GC(17)   Pre Evacuate Collection Set: 0.0ms
[10.784s][info][gc,phases      ] GC(17)   Evacuate Collection Set: 8.8ms
[10.784s][info][gc,phases      ] GC(17)   Post Evacuate Collection Set: 0.2ms
[10.784s][info][gc,phases      ] GC(17)   Other: 0.2ms
[10.784s][info][gc,heap        ] GC(17) Eden regions: 17->0(17)
[10.784s][info][gc,heap        ] GC(17) Survivor regions: 2->2(3)
[10.784s][info][gc,heap        ] GC(17) Old regions: 12->12
[10.784s][info][gc,heap        ] GC(17) Humongous regions: 0->0
[10.784s][info][gc,metaspace   ] GC(17) Metaspace: 44904K->44904K(1089536K)
[10.784s][info][gc             ] GC(17) Pause Young (Normal) (G1 Evacuation Pause) 29M->12M(41M) 9.212ms
[10.784s][info][gc,cpu         ] GC(17) User=0.01s Sys=0.00s Real=0.01s
[11.668s][info][gc,start       ] GC(18) Pause Young (Normal) (G1 Evacuation Pause)
[11.668s][info][gc,task        ] GC(18) Using 1 workers of 1 for evacuation
[11.678s][info][gc,phases      ] GC(18)   Pre Evacuate Collection Set: 0.0ms
[11.678s][info][gc,phases      ] GC(18)   Evacuate Collection Set: 4.5ms
[11.678s][info][gc,phases      ] GC(18)   Post Evacuate Collection Set: 5.3ms
[11.678s][info][gc,phases      ] GC(18)   Other: 0.2ms
[11.678s][info][gc,heap        ] GC(18) Eden regions: 17->0(18)
[11.678s][info][gc,heap        ] GC(18) Survivor regions: 2->2(3)
[11.678s][info][gc,heap        ] GC(18) Old regions: 12->12
[11.678s][info][gc,heap        ] GC(18) Humongous regions: 0->0
[11.678s][info][gc,metaspace   ] GC(18) Metaspace: 44961K->44961K(1089536K)
[11.678s][info][gc             ] GC(18) Pause Young (Normal) (G1 Evacuation Pause) 29M->12M(41M) 9.959ms
[11.678s][info][gc,cpu         ] GC(18) User=0.01s Sys=0.00s Real=0.01s
[12.479s][info][gc,start       ] GC(19) Pause Young (Normal) (G1 Evacuation Pause)
[12.479s][info][gc,task        ] GC(19) Using 1 workers of 1 for evacuation
[12.488s][info][gc,phases      ] GC(19)   Pre Evacuate Collection Set: 0.0ms
[12.488s][info][gc,phases      ] GC(19)   Evacuate Collection Set: 4.9ms
[12.488s][info][gc,phases      ] GC(19)   Post Evacuate Collection Set: 4.1ms
[12.488s][info][gc,phases      ] GC(19)   Other: 0.4ms
[12.488s][info][gc,heap        ] GC(19) Eden regions: 18->0(18)
[12.488s][info][gc,heap        ] GC(19) Survivor regions: 2->2(3)
[12.488s][info][gc,heap        ] GC(19) Old regions: 12->12
[12.488s][info][gc,heap        ] GC(19) Humongous regions: 0->0
[12.488s][info][gc,metaspace   ] GC(19) Metaspace: 45002K->45002K(1089536K)
[12.488s][info][gc             ] GC(19) Pause Young (Normal) (G1 Evacuation Pause) 30M->12M(41M) 9.505ms
[12.488s][info][gc,cpu         ] GC(19) User=0.01s Sys=0.00s Real=0.01s
[13.134s][info][gc,start       ] GC(20) Pause Young (Normal) (G1 Evacuation Pause)
[13.135s][info][gc,task        ] GC(20) Using 1 workers of 1 for evacuation
[13.140s][info][gc,phases      ] GC(20)   Pre Evacuate Collection Set: 0.0ms
[13.140s][info][gc,phases      ] GC(20)   Evacuate Collection Set: 4.7ms
[13.140s][info][gc,phases      ] GC(20)   Post Evacuate Collection Set: 0.7ms
[13.140s][info][gc,phases      ] GC(20)   Other: 0.2ms
[13.140s][info][gc,heap        ] GC(20) Eden regions: 18->0(24)
[13.140s][info][gc,heap        ] GC(20) Survivor regions: 2->2(3)
[13.140s][info][gc,heap        ] GC(20) Old regions: 12->12
[13.140s][info][gc,heap        ] GC(20) Humongous regions: 0->0
[13.140s][info][gc,metaspace   ] GC(20) Metaspace: 45004K->45004K(1089536K)
[13.140s][info][gc             ] GC(20) Pause Young (Normal) (G1 Evacuation Pause) 30M->12M(50M) 5.666ms
[13.140s][info][gc,cpu         ] GC(20) User=0.00s Sys=0.00s Real=0.01s
[13.999s][info][gc,start       ] GC(21) Pause Young (Normal) (G1 Evacuation Pause)
[13.999s][info][gc,task        ] GC(21) Using 1 workers of 1 for evacuation
[14.004s][info][gc,phases      ] GC(21)   Pre Evacuate Collection Set: 0.0ms
[14.004s][info][gc,phases      ] GC(21)   Evacuate Collection Set: 4.8ms
[14.004s][info][gc,phases      ] GC(21)   Post Evacuate Collection Set: 0.2ms
[14.004s][info][gc,phases      ] GC(21)   Other: 0.2ms
[14.004s][info][gc,heap        ] GC(21) Eden regions: 24->0(24)
[14.004s][info][gc,heap        ] GC(21) Survivor regions: 2->2(4)
[14.004s][info][gc,heap        ] GC(21) Old regions: 12->12
[14.004s][info][gc,heap        ] GC(21) Humongous regions: 0->0
[14.004s][info][gc,metaspace   ] GC(21) Metaspace: 45004K->45004K(1089536K)
[14.004s][info][gc             ] GC(21) Pause Young (Normal) (G1 Evacuation Pause) 36M->12M(50M) 5.192ms
[14.004s][info][gc,cpu         ] GC(21) User=0.00s Sys=0.00s Real=0.01s
[14.775s][info][gc,start       ] GC(22) Pause Young (Normal) (G1 Evacuation Pause)
[14.775s][info][gc,task        ] GC(22) Using 1 workers of 1 for evacuation
[14.786s][info][gc,phases      ] GC(22)   Pre Evacuate Collection Set: 0.0ms
[14.786s][info][gc,phases      ] GC(22)   Evacuate Collection Set: 4.7ms
[14.786s][info][gc,phases      ] GC(22)   Post Evacuate Collection Set: 6.8ms
[14.786s][info][gc,phases      ] GC(22)   Other: 0.2ms
[14.786s][info][gc,heap        ] GC(22) Eden regions: 24->0(25)
[14.786s][info][gc,heap        ] GC(22) Survivor regions: 2->2(4)
[14.786s][info][gc,heap        ] GC(22) Old regions: 12->12
[14.786s][info][gc,heap        ] GC(22) Humongous regions: 0->0
[14.786s][info][gc,metaspace   ] GC(22) Metaspace: 45005K->45005K(1089536K)
[14.786s][info][gc             ] GC(22) Pause Young (Normal) (G1 Evacuation Pause) 36M->12M(50M) 11.711ms
[14.786s][info][gc,cpu         ] GC(22) User=0.02s Sys=0.00s Real=0.01s
[15.556s][info][gc,start       ] GC(23) Pause Young (Normal) (G1 Evacuation Pause)
[15.556s][info][gc,task        ] GC(23) Using 1 workers of 1 for evacuation
[15.561s][info][gc,phases      ] GC(23)   Pre Evacuate Collection Set: 0.0ms
[15.561s][info][gc,phases      ] GC(23)   Evacuate Collection Set: 4.7ms
[15.561s][info][gc,phases      ] GC(23)   Post Evacuate Collection Set: 0.2ms
[15.561s][info][gc,phases      ] GC(23)   Other: 0.2ms
[15.561s][info][gc,heap        ] GC(23) Eden regions: 25->0(25)
[15.561s][info][gc,heap        ] GC(23) Survivor regions: 2->2(4)
[15.561s][info][gc,heap        ] GC(23) Old regions: 12->12
[15.561s][info][gc,heap        ] GC(23) Humongous regions: 0->0
[15.561s][info][gc,metaspace   ] GC(23) Metaspace: 45029K->45029K(1089536K)
[15.561s][info][gc             ] GC(23) Pause Young (Normal) (G1 Evacuation Pause) 37M->12M(50M) 5.158ms
[15.561s][info][gc,cpu         ] GC(23) User=0.01s Sys=0.00s Real=0.00s
[16.330s][info][gc,start       ] GC(24) Pause Young (Normal) (G1 Evacuation Pause)
[16.330s][info][gc,task        ] GC(24) Using 1 workers of 1 for evacuation
[16.338s][info][gc,phases      ] GC(24)   Pre Evacuate Collection Set: 0.0ms
[16.338s][info][gc,phases      ] GC(24)   Evacuate Collection Set: 4.7ms
[16.338s][info][gc,phases      ] GC(24)   Post Evacuate Collection Set: 3.4ms
[16.338s][info][gc,phases      ] GC(24)   Other: 0.2ms
[16.338s][info][gc,heap        ] GC(24) Eden regions: 25->0(26)
[16.338s][info][gc,heap        ] GC(24) Survivor regions: 2->2(4)
[16.338s][info][gc,heap        ] GC(24) Old regions: 12->12
[16.338s][info][gc,heap        ] GC(24) Humongous regions: 0->0
[16.338s][info][gc,metaspace   ] GC(24) Metaspace: 45031K->45031K(1089536K)
[16.338s][info][gc             ] GC(24) Pause Young (Normal) (G1 Evacuation Pause) 37M->12M(50M) 8.354ms
[16.338s][info][gc,cpu         ] GC(24) User=0.01s Sys=0.00s Real=0.01s
[17.107s][info][gc,start       ] GC(25) Pause Young (Normal) (G1 Evacuation Pause)
[17.107s][info][gc,task        ] GC(25) Using 1 workers of 1 for evacuation
[17.113s][info][gc,phases      ] GC(25)   Pre Evacuate Collection Set: 0.0ms
[17.113s][info][gc,phases      ] GC(25)   Evacuate Collection Set: 5.1ms
[17.113s][info][gc,phases      ] GC(25)   Post Evacuate Collection Set: 0.2ms
[17.113s][info][gc,phases      ] GC(25)   Other: 0.2ms
[17.113s][info][gc,heap        ] GC(25) Eden regions: 26->0(26)
[17.113s][info][gc,heap        ] GC(25) Survivor regions: 2->2(4)
[17.113s][info][gc,heap        ] GC(25) Old regions: 12->12
[17.113s][info][gc,heap        ] GC(25) Humongous regions: 0->0
[17.113s][info][gc,metaspace   ] GC(25) Metaspace: 45031K->45031K(1089536K)
[17.113s][info][gc             ] GC(25) Pause Young (Normal) (G1 Evacuation Pause) 38M->12M(50M) 5.589ms
[17.113s][info][gc,cpu         ] GC(25) User=0.00s Sys=0.00s Real=0.00s
[17.890s][info][gc,start       ] GC(26) Pause Young (Normal) (G1 Evacuation Pause)
[17.890s][info][gc,task        ] GC(26) Using 1 workers of 1 for evacuation
[17.897s][info][gc,phases      ] GC(26)   Pre Evacuate Collection Set: 0.0ms
[17.897s][info][gc,phases      ] GC(26)   Evacuate Collection Set: 4.8ms
[17.897s][info][gc,phases      ] GC(26)   Post Evacuate Collection Set: 2.1ms
[17.897s][info][gc,phases      ] GC(26)   Other: 0.2ms
[17.897s][info][gc,heap        ] GC(26) Eden regions: 26->0(27)
[17.897s][info][gc,heap        ] GC(26) Survivor regions: 2->2(4)
[17.897s][info][gc,heap        ] GC(26) Old regions: 12->12
[17.897s][info][gc,heap        ] GC(26) Humongous regions: 0->0
[17.897s][info][gc,metaspace   ] GC(26) Metaspace: 45031K->45031K(1089536K)
[17.897s][info][gc             ] GC(26) Pause Young (Normal) (G1 Evacuation Pause) 38M->12M(50M) 7.181ms
[17.897s][info][gc,cpu         ] GC(26) User=0.00s Sys=0.00s Real=0.01s
[18.676s][info][gc,start       ] GC(27) Pause Young (Normal) (G1 Evacuation Pause)
[18.676s][info][gc,task        ] GC(27) Using 1 workers of 1 for evacuation
[18.682s][info][gc,phases      ] GC(27)   Pre Evacuate Collection Set: 0.0ms
[18.682s][info][gc,phases      ] GC(27)   Evacuate Collection Set: 5.1ms
[18.682s][info][gc,phases      ] GC(27)   Post Evacuate Collection Set: 0.2ms
[18.682s][info][gc,phases      ] GC(27)   Other: 0.2ms
[18.682s][info][gc,heap        ] GC(27) Eden regions: 27->0(28)
[18.682s][info][gc,heap        ] GC(27) Survivor regions: 2->1(4)
[18.682s][info][gc,heap        ] GC(27) Old regions: 12->12
[18.682s][info][gc,heap        ] GC(27) Humongous regions: 0->0
[18.682s][info][gc,metaspace   ] GC(27) Metaspace: 45031K->45031K(1089536K)
[18.682s][info][gc             ] GC(27) Pause Young (Normal) (G1 Evacuation Pause) 39M->12M(50M) 5.519ms
[18.682s][info][gc,cpu         ] GC(27) User=0.01s Sys=0.00s Real=0.00s
[19.469s][info][gc,start       ] GC(28) Pause Young (Normal) (G1 Evacuation Pause)
[19.469s][info][gc,task        ] GC(28) Using 1 workers of 1 for evacuation
[19.473s][info][gc,phases      ] GC(28)   Pre Evacuate Collection Set: 0.0ms
[19.473s][info][gc,phases      ] GC(28)   Evacuate Collection Set: 3.9ms
[19.473s][info][gc,phases      ] GC(28)   Post Evacuate Collection Set: 0.1ms
[19.473s][info][gc,phases      ] GC(28)   Other: 0.2ms
[19.473s][info][gc,heap        ] GC(28) Eden regions: 28->0(27)
[19.473s][info][gc,heap        ] GC(28) Survivor regions: 1->1(4)
[19.473s][info][gc,heap        ] GC(28) Old regions: 12->13
[19.473s][info][gc,heap        ] GC(28) Humongous regions: 0->0
[19.473s][info][gc,metaspace   ] GC(28) Metaspace: 45039K->45039K(1089536K)
[19.473s][info][gc             ] GC(28) Pause Young (Normal) (G1 Evacuation Pause) 40M->12M(50M) 4.250ms
[19.473s][info][gc,cpu         ] GC(28) User=0.00s Sys=0.00s Real=0.00s
[20.217s][info][gc,start       ] GC(29) Pause Young (Normal) (G1 Evacuation Pause)
[20.217s][info][gc,task        ] GC(29) Using 1 workers of 1 for evacuation
[20.219s][info][gc,phases      ] GC(29)   Pre Evacuate Collection Set: 0.0ms
[20.219s][info][gc,phases      ] GC(29)   Evacuate Collection Set: 2.0ms
[20.219s][info][gc,phases      ] GC(29)   Post Evacuate Collection Set: 0.1ms
[20.219s][info][gc,phases      ] GC(29)   Other: 0.2ms
[20.219s][info][gc,heap        ] GC(29) Eden regions: 27->0(27)
[20.219s][info][gc,heap        ] GC(29) Survivor regions: 1->1(4)
[20.219s][info][gc,heap        ] GC(29) Old regions: 13->13
[20.219s][info][gc,heap        ] GC(29) Humongous regions: 0->0
[20.219s][info][gc,metaspace   ] GC(29) Metaspace: 45039K->45039K(1089536K)
[20.219s][info][gc             ] GC(29) Pause Young (Normal) (G1 Evacuation Pause) 39M->12M(50M) 2.320ms
[20.219s][info][gc,cpu         ] GC(29) User=0.00s Sys=0.00s Real=0.00s
[20.953s][info][gc,start       ] GC(30) Pause Young (Normal) (G1 Evacuation Pause)
[20.953s][info][gc,task        ] GC(30) Using 1 workers of 1 for evacuation
[20.955s][info][gc,phases      ] GC(30)   Pre Evacuate Collection Set: 0.0ms
[20.955s][info][gc,phases      ] GC(30)   Evacuate Collection Set: 1.4ms
[20.955s][info][gc,phases      ] GC(30)   Post Evacuate Collection Set: 0.1ms
[20.955s][info][gc,phases      ] GC(30)   Other: 0.1ms
[20.955s][info][gc,heap        ] GC(30) Eden regions: 27->0(28)
[20.955s][info][gc,heap        ] GC(30) Survivor regions: 1->1(4)
[20.955s][info][gc,heap        ] GC(30) Old regions: 13->13
[20.955s][info][gc,heap        ] GC(30) Humongous regions: 0->0
[20.955s][info][gc,metaspace   ] GC(30) Metaspace: 45039K->45039K(1089536K)
[20.955s][info][gc             ] GC(30) Pause Young (Normal) (G1 Evacuation Pause) 39M->12M(50M) 1.743ms
[20.955s][info][gc,cpu         ] GC(30) User=0.00s Sys=0.00s Real=0.01s
[21.743s][info][gc,start       ] GC(31) Pause Young (Normal) (G1 Evacuation Pause)
[21.743s][info][gc,task        ] GC(31) Using 1 workers of 1 for evacuation
[21.744s][info][gc,phases      ] GC(31)   Pre Evacuate Collection Set: 0.0ms
[21.744s][info][gc,phases      ] GC(31)   Evacuate Collection Set: 1.3ms
[21.744s][info][gc,phases      ] GC(31)   Post Evacuate Collection Set: 0.1ms
[21.744s][info][gc,phases      ] GC(31)   Other: 0.2ms
[21.744s][info][gc,heap        ] GC(31) Eden regions: 28->0(28)
[21.744s][info][gc,heap        ] GC(31) Survivor regions: 1->1(4)
[21.744s][info][gc,heap        ] GC(31) Old regions: 13->13
[21.744s][info][gc,heap        ] GC(31) Humongous regions: 0->0
[21.744s][info][gc,metaspace   ] GC(31) Metaspace: 45039K->45039K(1089536K)
[21.745s][info][gc             ] GC(31) Pause Young (Normal) (G1 Evacuation Pause) 40M->12M(50M) 1.613ms
[21.745s][info][gc,cpu         ] GC(31) User=0.00s Sys=0.00s Real=0.00s
[22.484s][info][gc,start       ] GC(32) Pause Young (Normal) (G1 Evacuation Pause)
[22.484s][info][gc,task        ] GC(32) Using 1 workers of 1 for evacuation
[22.485s][info][gc,phases      ] GC(32)   Pre Evacuate Collection Set: 0.0ms
[22.485s][info][gc,phases      ] GC(32)   Evacuate Collection Set: 1.1ms
[22.485s][info][gc,phases      ] GC(32)   Post Evacuate Collection Set: 0.1ms
[22.485s][info][gc,phases      ] GC(32)   Other: 0.1ms
[22.485s][info][gc,heap        ] GC(32) Eden regions: 28->0(28)
[22.485s][info][gc,heap        ] GC(32) Survivor regions: 1->1(4)
[22.485s][info][gc,heap        ] GC(32) Old regions: 13->13
[22.485s][info][gc,heap        ] GC(32) Humongous regions: 0->0
[22.485s][info][gc,metaspace   ] GC(32) Metaspace: 45039K->45039K(1089536K)
[22.485s][info][gc             ] GC(32) Pause Young (Normal) (G1 Evacuation Pause) 40M->12M(50M) 1.386ms
[22.485s][info][gc,cpu         ] GC(32) User=0.00s Sys=0.00s Real=0.00s
[23.210s][info][gc,start       ] GC(33) Pause Young (Normal) (G1 Evacuation Pause)
[23.210s][info][gc,task        ] GC(33) Using 1 workers of 1 for evacuation
[23.211s][info][gc,phases      ] GC(33)   Pre Evacuate Collection Set: 0.0ms
[23.211s][info][gc,phases      ] GC(33)   Evacuate Collection Set: 1.1ms
[23.211s][info][gc,phases      ] GC(33)   Post Evacuate Collection Set: 0.1ms
[23.211s][info][gc,phases      ] GC(33)   Other: 0.4ms
[23.211s][info][gc,heap        ] GC(33) Eden regions: 28->0(29)
[23.211s][info][gc,heap        ] GC(33) Survivor regions: 1->1(4)
[23.211s][info][gc,heap        ] GC(33) Old regions: 13->13
[23.211s][info][gc,heap        ] GC(33) Humongous regions: 0->0
[23.211s][info][gc,metaspace   ] GC(33) Metaspace: 45039K->45039K(1089536K)
[23.211s][info][gc             ] GC(33) Pause Young (Normal) (G1 Evacuation Pause) 40M->12M(50M) 1.656ms
[23.211s][info][gc,cpu         ] GC(33) User=0.00s Sys=0.00s Real=0.00s
[23.948s][info][gc,start       ] GC(34) Pause Young (Normal) (G1 Evacuation Pause)
[23.948s][info][gc,task        ] GC(34) Using 1 workers of 1 for evacuation
[23.949s][info][gc,phases      ] GC(34)   Pre Evacuate Collection Set: 0.0ms
[23.949s][info][gc,phases      ] GC(34)   Evacuate Collection Set: 1.0ms
[23.949s][info][gc,phases      ] GC(34)   Post Evacuate Collection Set: 0.1ms
[23.949s][info][gc,phases      ] GC(34)   Other: 0.2ms
[23.949s][info][gc,heap        ] GC(34) Eden regions: 29->0(29)
[23.949s][info][gc,heap        ] GC(34) Survivor regions: 1->1(4)
[23.949s][info][gc,heap        ] GC(34) Old regions: 13->13
[23.949s][info][gc,heap        ] GC(34) Humongous regions: 0->0
[23.949s][info][gc,metaspace   ] GC(34) Metaspace: 45044K->45044K(1089536K)
[23.949s][info][gc             ] GC(34) Pause Young (Normal) (G1 Evacuation Pause) 41M->12M(50M) 1.345ms
[23.949s][info][gc,cpu         ] GC(34) User=0.00s Sys=0.00s Real=0.00s
[24.461s][info][gc,task        ] GC(35) Using 1 workers of 1 for full compaction
[24.461s][info][gc,start       ] GC(35) Pause Full (System.gc())
[24.461s][info][gc,phases,start] GC(35) Phase 1: Mark live objects
[24.492s][info][gc,stringtable ] GC(35) Cleaned string and symbol table, strings: 13213 processed, 52 removed, symbols: 76517 processed, 16 removed
[24.492s][info][gc,phases      ] GC(35) Phase 1: Mark live objects 30.601ms
[24.492s][info][gc,phases,start] GC(35) Phase 2: Prepare for compaction
[24.495s][info][gc,phases      ] GC(35) Phase 2: Prepare for compaction 2.919ms
[24.495s][info][gc,phases,start] GC(35) Phase 3: Adjust pointers
[24.509s][info][gc,phases      ] GC(35) Phase 3: Adjust pointers 14.425ms
[24.509s][info][gc,phases,start] GC(35) Phase 4: Compact heap
[24.513s][info][gc,phases      ] GC(35) Phase 4: Compact heap 3.773ms
[24.517s][info][gc,heap        ] GC(35) Eden regions: 20->0(25)
[24.518s][info][gc,heap        ] GC(35) Survivor regions: 1->0(4)
[24.518s][info][gc,heap        ] GC(35) Old regions: 13->13
[24.518s][info][gc,heap        ] GC(35) Humongous regions: 0->0
[24.518s][info][gc,metaspace   ] GC(35) Metaspace: 45303K->45303K(1089536K)
[24.518s][info][gc             ] GC(35) Pause Full (System.gc()) 32M->11M(44M) 56.363ms
[24.518s][info][gc,cpu         ] GC(35) User=0.05s Sys=0.00s Real=0.06s
[25.327s][info][gc,start       ] GC(36) Pause Young (Normal) (G1 Evacuation Pause)
[25.327s][info][gc,task        ] GC(36) Using 1 workers of 1 for evacuation
[25.328s][info][gc,phases      ] GC(36)   Pre Evacuate Collection Set: 0.0ms
[25.328s][info][gc,phases      ] GC(36)   Evacuate Collection Set: 1.4ms
[25.328s][info][gc,phases      ] GC(36)   Post Evacuate Collection Set: 0.1ms
[25.328s][info][gc,phases      ] GC(36)   Other: 0.2ms
[25.328s][info][gc,heap        ] GC(36) Eden regions: 25->0(24)
[25.328s][info][gc,heap        ] GC(36) Survivor regions: 0->1(4)
[25.328s][info][gc,heap        ] GC(36) Old regions: 13->13
[25.328s][info][gc,heap        ] GC(36) Humongous regions: 0->0
[25.328s][info][gc,metaspace   ] GC(36) Metaspace: 45385K->45385K(1089536K)
[25.328s][info][gc             ] GC(36) Pause Young (Normal) (G1 Evacuation Pause) 36M->12M(44M) 1.818ms
[25.328s][info][gc,cpu         ] GC(36) User=0.00s Sys=0.00s Real=0.00s
[25.988s][info][gc,start       ] GC(37) Pause Young (Normal) (G1 Evacuation Pause)
[25.988s][info][gc,task        ] GC(37) Using 1 workers of 1 for evacuation
[25.989s][info][gc,phases      ] GC(37)   Pre Evacuate Collection Set: 0.0ms
[25.989s][info][gc,phases      ] GC(37)   Evacuate Collection Set: 1.4ms
[25.989s][info][gc,phases      ] GC(37)   Post Evacuate Collection Set: 0.1ms
[25.989s][info][gc,phases      ] GC(37)   Other: 0.2ms
[25.989s][info][gc,heap        ] GC(37) Eden regions: 24->0(24)
[25.989s][info][gc,heap        ] GC(37) Survivor regions: 1->1(4)
[25.989s][info][gc,heap        ] GC(37) Old regions: 13->13
[25.989s][info][gc,heap        ] GC(37) Humongous regions: 0->0
[25.990s][info][gc,metaspace   ] GC(37) Metaspace: 45385K->45385K(1089536K)
[25.990s][info][gc             ] GC(37) Pause Young (Normal) (G1 Evacuation Pause) 36M->12M(44M) 1.758ms
[25.990s][info][gc,cpu         ] GC(37) User=0.01s Sys=0.00s Real=0.00s
[26.623s][info][gc,start       ] GC(38) Pause Young (Normal) (G1 Evacuation Pause)
[26.623s][info][gc,task        ] GC(38) Using 1 workers of 1 for evacuation
[26.624s][info][gc,phases      ] GC(38)   Pre Evacuate Collection Set: 0.0ms
[26.625s][info][gc,phases      ] GC(38)   Evacuate Collection Set: 1.3ms
[26.625s][info][gc,phases      ] GC(38)   Post Evacuate Collection Set: 0.1ms
[26.625s][info][gc,phases      ] GC(38)   Other: 0.2ms
[26.625s][info][gc,heap        ] GC(38) Eden regions: 24->0(23)
[26.625s][info][gc,heap        ] GC(38) Survivor regions: 1->1(4)
[26.625s][info][gc,heap        ] GC(38) Old regions: 13->13
[26.625s][info][gc,heap        ] GC(38) Humongous regions: 0->0
[26.625s][info][gc,metaspace   ] GC(38) Metaspace: 45385K->45385K(1089536K)
[26.625s][info][gc             ] GC(38) Pause Young (Normal) (G1 Evacuation Pause) 36M->12M(44M) 1.694ms
[26.625s][info][gc,cpu         ] GC(38) User=0.01s Sys=0.00s Real=0.00s
[27.228s][info][gc,start       ] GC(39) Pause Young (Normal) (G1 Evacuation Pause)
[27.228s][info][gc,task        ] GC(39) Using 1 workers of 1 for evacuation
[27.230s][info][gc,phases      ] GC(39)   Pre Evacuate Collection Set: 0.0ms
[27.230s][info][gc,phases      ] GC(39)   Evacuate Collection Set: 1.3ms
[27.230s][info][gc,phases      ] GC(39)   Post Evacuate Collection Set: 0.1ms
[27.230s][info][gc,phases      ] GC(39)   Other: 0.1ms
[27.230s][info][gc,heap        ] GC(39) Eden regions: 23->0(23)
[27.230s][info][gc,heap        ] GC(39) Survivor regions: 1->1(3)
[27.230s][info][gc,heap        ] GC(39) Old regions: 13->13
[27.230s][info][gc,heap        ] GC(39) Humongous regions: 0->0
[27.230s][info][gc,metaspace   ] GC(39) Metaspace: 45385K->45385K(1089536K)
[27.230s][info][gc             ] GC(39) Pause Young (Normal) (G1 Evacuation Pause) 35M->12M(44M) 1.567ms
[27.230s][info][gc,cpu         ] GC(39) User=0.00s Sys=0.00s Real=0.00s
[27.828s][info][gc,start       ] GC(40) Pause Young (Normal) (G1 Evacuation Pause)
[27.828s][info][gc,task        ] GC(40) Using 1 workers of 1 for evacuation
[27.829s][info][gc,phases      ] GC(40)   Pre Evacuate Collection Set: 0.0ms
[27.829s][info][gc,phases      ] GC(40)   Evacuate Collection Set: 1.3ms
[27.829s][info][gc,phases      ] GC(40)   Post Evacuate Collection Set: 0.1ms
[27.829s][info][gc,phases      ] GC(40)   Other: 0.2ms
[27.829s][info][gc,heap        ] GC(40) Eden regions: 23->0(23)
[27.829s][info][gc,heap        ] GC(40) Survivor regions: 1->1(3)
[27.829s][info][gc,heap        ] GC(40) Old regions: 13->13
[27.829s][info][gc,heap        ] GC(40) Humongous regions: 0->0
[27.829s][info][gc,metaspace   ] GC(40) Metaspace: 45385K->45385K(1089536K)
[27.829s][info][gc             ] GC(40) Pause Young (Normal) (G1 Evacuation Pause) 35M->12M(44M) 1.587ms
[27.829s][info][gc,cpu         ] GC(40) User=0.00s Sys=0.00s Real=0.00s
[28.445s][info][gc,start       ] GC(41) Pause Young (Normal) (G1 Evacuation Pause)
[28.445s][info][gc,task        ] GC(41) Using 1 workers of 1 for evacuation
[28.447s][info][gc,phases      ] GC(41)   Pre Evacuate Collection Set: 0.0ms
[28.447s][info][gc,phases      ] GC(41)   Evacuate Collection Set: 1.4ms
[28.447s][info][gc,phases      ] GC(41)   Post Evacuate Collection Set: 0.1ms
[28.447s][info][gc,phases      ] GC(41)   Other: 0.4ms
[28.447s][info][gc,heap        ] GC(41) Eden regions: 23->0(23)
[28.447s][info][gc,heap        ] GC(41) Survivor regions: 1->1(3)
[28.447s][info][gc,heap        ] GC(41) Old regions: 13->13
[28.447s][info][gc,heap        ] GC(41) Humongous regions: 0->0
[28.447s][info][gc,metaspace   ] GC(41) Metaspace: 45387K->45387K(1089536K)
[28.447s][info][gc             ] GC(41) Pause Young (Normal) (G1 Evacuation Pause) 35M->12M(44M) 1.970ms
[28.447s][info][gc,cpu         ] GC(41) User=0.00s Sys=0.00s Real=0.00s
[29.028s][info][gc,start       ] GC(42) Pause Young (Normal) (G1 Evacuation Pause)
[29.028s][info][gc,task        ] GC(42) Using 1 workers of 1 for evacuation
[29.030s][info][gc,phases      ] GC(42)   Pre Evacuate Collection Set: 0.0ms
[29.030s][info][gc,phases      ] GC(42)   Evacuate Collection Set: 1.3ms
[29.030s][info][gc,phases      ] GC(42)   Post Evacuate Collection Set: 0.1ms
[29.030s][info][gc,phases      ] GC(42)   Other: 0.2ms
[29.030s][info][gc,heap        ] GC(42) Eden regions: 23->0(23)
[29.030s][info][gc,heap        ] GC(42) Survivor regions: 1->1(3)
[29.030s][info][gc,heap        ] GC(42) Old regions: 13->13
[29.030s][info][gc,heap        ] GC(42) Humongous regions: 0->0
[29.030s][info][gc,metaspace   ] GC(42) Metaspace: 45387K->45387K(1089536K)
[29.030s][info][gc             ] GC(42) Pause Young (Normal) (G1 Evacuation Pause) 35M->12M(44M) 1.642ms
[29.030s][info][gc,cpu         ] GC(42) User=0.01s Sys=0.00s Real=0.00s
[29.583s][info][gc,start       ] GC(43) Pause Young (Normal) (G1 Evacuation Pause)
[29.583s][info][gc,task        ] GC(43) Using 1 workers of 1 for evacuation
[29.585s][info][gc,phases      ] GC(43)   Pre Evacuate Collection Set: 0.0ms
[29.585s][info][gc,phases      ] GC(43)   Evacuate Collection Set: 1.4ms
[29.585s][info][gc,phases      ] GC(43)   Post Evacuate Collection Set: 0.1ms
[29.585s][info][gc,phases      ] GC(43)   Other: 0.1ms
[29.585s][info][gc,heap        ] GC(43) Eden regions: 23->0(23)
[29.585s][info][gc,heap        ] GC(43) Survivor regions: 1->1(3)
[29.585s][info][gc,heap        ] GC(43) Old regions: 13->13
[29.585s][info][gc,heap        ] GC(43) Humongous regions: 0->0
[29.585s][info][gc,metaspace   ] GC(43) Metaspace: 45387K->45387K(1089536K)
[29.585s][info][gc             ] GC(43) Pause Young (Normal) (G1 Evacuation Pause) 35M->12M(44M) 1.699ms
[29.585s][info][gc,cpu         ] GC(43) User=0.00s Sys=0.00s Real=0.00s
[30.113s][info][gc,start       ] GC(44) Pause Young (Normal) (G1 Evacuation Pause)
[30.113s][info][gc,task        ] GC(44) Using 1 workers of 1 for evacuation
[30.114s][info][gc,phases      ] GC(44)   Pre Evacuate Collection Set: 0.0ms
[30.114s][info][gc,phases      ] GC(44)   Evacuate Collection Set: 1.3ms
[30.114s][info][gc,phases      ] GC(44)   Post Evacuate Collection Set: 0.1ms
[30.114s][info][gc,phases      ] GC(44)   Other: 0.2ms
[30.114s][info][gc,heap        ] GC(44) Eden regions: 23->0(23)
[30.114s][info][gc,heap        ] GC(44) Survivor regions: 1->1(3)
[30.115s][info][gc,heap        ] GC(44) Old regions: 13->13
[30.115s][info][gc,heap        ] GC(44) Humongous regions: 0->0
[30.115s][info][gc,metaspace   ] GC(44) Metaspace: 45388K->45388K(1089536K)
[30.115s][info][gc             ] GC(44) Pause Young (Normal) (G1 Evacuation Pause) 35M->12M(44M) 1.663ms
[30.115s][info][gc,cpu         ] GC(44) User=0.00s Sys=0.00s Real=0.01s
[30.645s][info][gc,start       ] GC(45) Pause Young (Normal) (G1 Evacuation Pause)
[30.645s][info][gc,task        ] GC(45) Using 1 workers of 1 for evacuation
[30.646s][info][gc,phases      ] GC(45)   Pre Evacuate Collection Set: 0.0ms
[30.647s][info][gc,phases      ] GC(45)   Evacuate Collection Set: 1.4ms
[30.647s][info][gc,phases      ] GC(45)   Post Evacuate Collection Set: 0.1ms
[30.647s][info][gc,phases      ] GC(45)   Other: 0.2ms
[30.647s][info][gc,heap        ] GC(45) Eden regions: 23->0(23)
[30.647s][info][gc,heap        ] GC(45) Survivor regions: 1->1(3)
[30.647s][info][gc,heap        ] GC(45) Old regions: 13->13
[30.647s][info][gc,heap        ] GC(45) Humongous regions: 0->0
[30.647s][info][gc,metaspace   ] GC(45) Metaspace: 45388K->45388K(1089536K)
[30.647s][info][gc             ] GC(45) Pause Young (Normal) (G1 Evacuation Pause) 35M->12M(44M) 1.762ms
[30.647s][info][gc,cpu         ] GC(45) User=0.00s Sys=0.00s Real=0.00s
[31.150s][info][gc,start       ] GC(46) Pause Young (Normal) (G1 Evacuation Pause)
[31.150s][info][gc,task        ] GC(46) Using 1 workers of 1 for evacuation
[31.151s][info][gc,phases      ] GC(46)   Pre Evacuate Collection Set: 0.0ms
[31.151s][info][gc,phases      ] GC(46)   Evacuate Collection Set: 1.3ms
[31.151s][info][gc,phases      ] GC(46)   Post Evacuate Collection Set: 0.1ms
[31.151s][info][gc,phases      ] GC(46)   Other: 0.1ms
[31.151s][info][gc,heap        ] GC(46) Eden regions: 23->0(23)
[31.151s][info][gc,heap        ] GC(46) Survivor regions: 1->1(3)
[31.151s][info][gc,heap        ] GC(46) Old regions: 13->13
[31.151s][info][gc,heap        ] GC(46) Humongous regions: 0->0
[31.151s][info][gc,metaspace   ] GC(46) Metaspace: 45388K->45388K(1089536K)
[31.151s][info][gc             ] GC(46) Pause Young (Normal) (G1 Evacuation Pause) 35M->12M(44M) 1.602ms
[31.151s][info][gc,cpu         ] GC(46) User=0.00s Sys=0.00s Real=0.00s
[31.665s][info][gc,start       ] GC(47) Pause Young (Normal) (G1 Evacuation Pause)
[31.666s][info][gc,task        ] GC(47) Using 1 workers of 1 for evacuation
[31.667s][info][gc,phases      ] GC(47)   Pre Evacuate Collection Set: 0.0ms
[31.667s][info][gc,phases      ] GC(47)   Evacuate Collection Set: 1.5ms
[31.667s][info][gc,phases      ] GC(47)   Post Evacuate Collection Set: 0.1ms
[31.667s][info][gc,phases      ] GC(47)   Other: 0.1ms
[31.667s][info][gc,heap        ] GC(47) Eden regions: 23->0(23)
[31.667s][info][gc,heap        ] GC(47) Survivor regions: 1->1(3)
[31.667s][info][gc,heap        ] GC(47) Old regions: 13->13
[31.667s][info][gc,heap        ] GC(47) Humongous regions: 0->0
[31.667s][info][gc,metaspace   ] GC(47) Metaspace: 45388K->45388K(1089536K)
[31.667s][info][gc             ] GC(47) Pause Young (Normal) (G1 Evacuation Pause) 35M->12M(44M) 1.770ms
[31.667s][info][gc,cpu         ] GC(47) User=0.01s Sys=0.00s Real=0.00s
[32.135s][info][gc,start       ] GC(48) Pause Young (Normal) (G1 Evacuation Pause)
[32.135s][info][gc,task        ] GC(48) Using 1 workers of 1 for evacuation
[32.137s][info][gc,phases      ] GC(48)   Pre Evacuate Collection Set: 0.0ms
[32.137s][info][gc,phases      ] GC(48)   Evacuate Collection Set: 1.4ms
[32.137s][info][gc,phases      ] GC(48)   Post Evacuate Collection Set: 0.1ms
[32.137s][info][gc,phases      ] GC(48)   Other: 0.1ms
[32.137s][info][gc,heap        ] GC(48) Eden regions: 23->0(23)
[32.137s][info][gc,heap        ] GC(48) Survivor regions: 1->1(3)
[32.137s][info][gc,heap        ] GC(48) Old regions: 13->13
[32.137s][info][gc,heap        ] GC(48) Humongous regions: 0->0
[32.137s][info][gc,metaspace   ] GC(48) Metaspace: 45388K->45388K(1089536K)
[32.137s][info][gc             ] GC(48) Pause Young (Normal) (G1 Evacuation Pause) 35M->12M(44M) 1.659ms
[32.137s][info][gc,cpu         ] GC(48) User=0.00s Sys=0.00s Real=0.00s
[32.675s][info][gc,start       ] GC(49) Pause Young (Normal) (G1 Evacuation Pause)
[32.675s][info][gc,task        ] GC(49) Using 1 workers of 1 for evacuation
[32.676s][info][gc,phases      ] GC(49)   Pre Evacuate Collection Set: 0.0ms
[32.676s][info][gc,phases      ] GC(49)   Evacuate Collection Set: 1.4ms
[32.676s][info][gc,phases      ] GC(49)   Post Evacuate Collection Set: 0.1ms
[32.676s][info][gc,phases      ] GC(49)   Other: 0.1ms
[32.676s][info][gc,heap        ] GC(49) Eden regions: 23->0(23)
[32.676s][info][gc,heap        ] GC(49) Survivor regions: 1->1(3)
[32.676s][info][gc,heap        ] GC(49) Old regions: 13->13
[32.676s][info][gc,heap        ] GC(49) Humongous regions: 0->0
[32.676s][info][gc,metaspace   ] GC(49) Metaspace: 45388K->45388K(1089536K)
[32.676s][info][gc             ] GC(49) Pause Young (Normal) (G1 Evacuation Pause) 35M->12M(44M) 1.686ms
[32.676s][info][gc,cpu         ] GC(49) User=0.00s Sys=0.00s Real=0.00s
[33.132s][info][gc,start       ] GC(50) Pause Young (Normal) (G1 Evacuation Pause)
[33.132s][info][gc,task        ] GC(50) Using 1 workers of 1 for evacuation
[33.134s][info][gc,phases      ] GC(50)   Pre Evacuate Collection Set: 0.0ms
[33.134s][info][gc,phases      ] GC(50)   Evacuate Collection Set: 1.4ms
[33.134s][info][gc,phases      ] GC(50)   Post Evacuate Collection Set: 0.1ms
[33.134s][info][gc,phases      ] GC(50)   Other: 0.2ms
[33.134s][info][gc,heap        ] GC(50) Eden regions: 23->0(23)
[33.134s][info][gc,heap        ] GC(50) Survivor regions: 1->1(3)
[33.134s][info][gc,heap        ] GC(50) Old regions: 13->13
[33.134s][info][gc,heap        ] GC(50) Humongous regions: 0->0
[33.134s][info][gc,metaspace   ] GC(50) Metaspace: 45388K->45388K(1089536K)
[33.134s][info][gc             ] GC(50) Pause Young (Normal) (G1 Evacuation Pause) 35M->12M(44M) 1.691ms
[33.134s][info][gc,cpu         ] GC(50) User=0.00s Sys=0.00s Real=0.00s
[33.583s][info][gc,start       ] GC(51) Pause Young (Normal) (G1 Evacuation Pause)
[33.583s][info][gc,task        ] GC(51) Using 1 workers of 1 for evacuation
[33.585s][info][gc,phases      ] GC(51)   Pre Evacuate Collection Set: 0.0ms
[33.585s][info][gc,phases      ] GC(51)   Evacuate Collection Set: 1.5ms
[33.585s][info][gc,phases      ] GC(51)   Post Evacuate Collection Set: 0.1ms
[33.585s][info][gc,phases      ] GC(51)   Other: 0.5ms
[33.585s][info][gc,heap        ] GC(51) Eden regions: 23->0(22)
[33.585s][info][gc,heap        ] GC(51) Survivor regions: 1->1(3)
[33.585s][info][gc,heap        ] GC(51) Old regions: 13->14
[33.585s][info][gc,heap        ] GC(51) Humongous regions: 0->0
[33.585s][info][gc,metaspace   ] GC(51) Metaspace: 45388K->45388K(1089536K)
[33.585s][info][gc             ] GC(51) Pause Young (Normal) (G1 Evacuation Pause) 35M->12M(44M) 2.301ms
[33.585s][info][gc,cpu         ] GC(51) User=0.01s Sys=0.00s Real=0.00s
[33.989s][info][gc,start       ] GC(52) Pause Young (Normal) (G1 Evacuation Pause)
[33.989s][info][gc,task        ] GC(52) Using 1 workers of 1 for evacuation
[33.990s][info][gc,phases      ] GC(52)   Pre Evacuate Collection Set: 0.0ms
[33.990s][info][gc,phases      ] GC(52)   Evacuate Collection Set: 0.9ms
[33.990s][info][gc,phases      ] GC(52)   Post Evacuate Collection Set: 0.1ms
[33.990s][info][gc,phases      ] GC(52)   Other: 0.1ms
[33.990s][info][gc,heap        ] GC(52) Eden regions: 22->0(23)
[33.990s][info][gc,heap        ] GC(52) Survivor regions: 1->1(3)
[33.990s][info][gc,heap        ] GC(52) Old regions: 14->14
[33.990s][info][gc,heap        ] GC(52) Humongous regions: 0->0
[33.990s][info][gc,metaspace   ] GC(52) Metaspace: 45388K->45388K(1089536K)
[33.990s][info][gc             ] GC(52) Pause Young (Normal) (G1 Evacuation Pause) 34M->12M(44M) 1.194ms
[33.990s][info][gc,cpu         ] GC(52) User=0.00s Sys=0.00s Real=0.00s
[34.386s][info][gc,start       ] GC(53) Pause Young (Normal) (G1 Evacuation Pause)
[34.386s][info][gc,task        ] GC(53) Using 1 workers of 1 for evacuation
[34.387s][info][gc,phases      ] GC(53)   Pre Evacuate Collection Set: 0.0ms
[34.387s][info][gc,phases      ] GC(53)   Evacuate Collection Set: 0.9ms
[34.387s][info][gc,phases      ] GC(53)   Post Evacuate Collection Set: 0.1ms
[34.387s][info][gc,phases      ] GC(53)   Other: 0.1ms
[34.387s][info][gc,heap        ] GC(53) Eden regions: 23->0(23)
[34.387s][info][gc,heap        ] GC(53) Survivor regions: 1->1(3)
[34.387s][info][gc,heap        ] GC(53) Old regions: 14->14
[34.387s][info][gc,heap        ] GC(53) Humongous regions: 0->0
[34.387s][info][gc,metaspace   ] GC(53) Metaspace: 45388K->45388K(1089536K)
[34.387s][info][gc             ] GC(53) Pause Young (Normal) (G1 Evacuation Pause) 35M->12M(44M) 1.222ms
[34.387s][info][gc,cpu         ] GC(53) User=0.00s Sys=0.00s Real=0.00s
[34.785s][info][gc,start       ] GC(54) Pause Young (Normal) (G1 Evacuation Pause)
[34.785s][info][gc,task        ] GC(54) Using 1 workers of 1 for evacuation
[34.786s][info][gc,phases      ] GC(54)   Pre Evacuate Collection Set: 0.0ms
[34.786s][info][gc,phases      ] GC(54)   Evacuate Collection Set: 0.9ms
[34.786s][info][gc,phases      ] GC(54)   Post Evacuate Collection Set: 0.1ms
[34.786s][info][gc,phases      ] GC(54)   Other: 0.2ms
[34.786s][info][gc,heap        ] GC(54) Eden regions: 23->0(23)
[34.786s][info][gc,heap        ] GC(54) Survivor regions: 1->1(3)
[34.786s][info][gc,heap        ] GC(54) Old regions: 14->14
[34.786s][info][gc,heap        ] GC(54) Humongous regions: 0->0
[34.786s][info][gc,metaspace   ] GC(54) Metaspace: 45388K->45388K(1089536K)
[34.786s][info][gc             ] GC(54) Pause Young (Normal) (G1 Evacuation Pause) 35M->12M(44M) 1.284ms
[34.786s][info][gc,cpu         ] GC(54) User=0.00s Sys=0.00s Real=0.00s
[35.180s][info][gc,start       ] GC(55) Pause Young (Normal) (G1 Evacuation Pause)
[35.181s][info][gc,task        ] GC(55) Using 1 workers of 1 for evacuation
[35.182s][info][gc,phases      ] GC(55)   Pre Evacuate Collection Set: 0.0ms
[35.182s][info][gc,phases      ] GC(55)   Evacuate Collection Set: 0.9ms
[35.182s][info][gc,phases      ] GC(55)   Post Evacuate Collection Set: 0.1ms
[35.182s][info][gc,phases      ] GC(55)   Other: 0.1ms
[35.182s][info][gc,heap        ] GC(55) Eden regions: 23->0(23)
[35.182s][info][gc,heap        ] GC(55) Survivor regions: 1->1(3)
[35.182s][info][gc,heap        ] GC(55) Old regions: 14->14
[35.182s][info][gc,heap        ] GC(55) Humongous regions: 0->0
[35.182s][info][gc,metaspace   ] GC(55) Metaspace: 45388K->45388K(1089536K)
[35.182s][info][gc             ] GC(55) Pause Young (Normal) (G1 Evacuation Pause) 35M->12M(44M) 1.129ms
[35.182s][info][gc,cpu         ] GC(55) User=0.01s Sys=0.00s Real=0.00s
[35.572s][info][gc,start       ] GC(56) Pause Young (Normal) (G1 Evacuation Pause)
[35.572s][info][gc,task        ] GC(56) Using 1 workers of 1 for evacuation
[35.573s][info][gc,phases      ] GC(56)   Pre Evacuate Collection Set: 0.0ms
[35.573s][info][gc,phases      ] GC(56)   Evacuate Collection Set: 0.9ms
[35.573s][info][gc,phases      ] GC(56)   Post Evacuate Collection Set: 0.1ms
[35.573s][info][gc,phases      ] GC(56)   Other: 0.2ms
[35.573s][info][gc,heap        ] GC(56) Eden regions: 23->0(23)
[35.573s][info][gc,heap        ] GC(56) Survivor regions: 1->1(3)
[35.573s][info][gc,heap        ] GC(56) Old regions: 14->14
[35.573s][info][gc,heap        ] GC(56) Humongous regions: 0->0
[35.573s][info][gc,metaspace   ] GC(56) Metaspace: 45388K->45388K(1089536K)
[35.573s][info][gc             ] GC(56) Pause Young (Normal) (G1 Evacuation Pause) 35M->12M(44M) 1.175ms
[35.573s][info][gc,cpu         ] GC(56) User=0.00s Sys=0.00s Real=0.00s
[35.879s][info][gc,task        ] GC(57) Using 1 workers of 1 for full compaction
[35.879s][info][gc,start       ] GC(57) Pause Full (System.gc())
[35.879s][info][gc,phases,start] GC(57) Phase 1: Mark live objects
[35.912s][info][gc,stringtable ] GC(57) Cleaned string and symbol table, strings: 13352 processed, 0 removed, symbols: 76558 processed, 0 removed
[35.912s][info][gc,phases      ] GC(57) Phase 1: Mark live objects 32.890ms
[35.912s][info][gc,phases,start] GC(57) Phase 2: Prepare for compaction
[35.915s][info][gc,phases      ] GC(57) Phase 2: Prepare for compaction 2.999ms
[35.915s][info][gc,phases,start] GC(57) Phase 3: Adjust pointers
[35.928s][info][gc,phases      ] GC(57) Phase 3: Adjust pointers 13.085ms
[35.928s][info][gc,phases,start] GC(57) Phase 4: Compact heap
[35.930s][info][gc,phases      ] GC(57) Phase 4: Compact heap 2.514ms
[35.935s][info][gc,heap        ] GC(57) Eden regions: 19->0(24)
[35.935s][info][gc,heap        ] GC(57) Survivor regions: 1->0(3)
[35.935s][info][gc,heap        ] GC(57) Old regions: 14->13
[35.935s][info][gc,heap        ] GC(57) Humongous regions: 0->0
[35.935s][info][gc,metaspace   ] GC(57) Metaspace: 45393K->45393K(1089536K)
[35.935s][info][gc             ] GC(57) Pause Full (System.gc()) 30M->12M(44M) 56.292ms
[35.935s][info][gc,cpu         ] GC(57) User=0.05s Sys=0.00s Real=0.06s
[36.410s][info][gc,start       ] GC(58) Pause Young (Normal) (G1 Evacuation Pause)
[36.410s][info][gc,task        ] GC(58) Using 1 workers of 1 for evacuation
[36.411s][info][gc,phases      ] GC(58)   Pre Evacuate Collection Set: 0.0ms
[36.411s][info][gc,phases      ] GC(58)   Evacuate Collection Set: 1.2ms
[36.411s][info][gc,phases      ] GC(58)   Post Evacuate Collection Set: 0.1ms
[36.411s][info][gc,phases      ] GC(58)   Other: 0.2ms
[36.411s][info][gc,heap        ] GC(58) Eden regions: 24->0(24)
[36.411s][info][gc,heap        ] GC(58) Survivor regions: 0->1(3)
[36.411s][info][gc,heap        ] GC(58) Old regions: 13->13
[36.411s][info][gc,heap        ] GC(58) Humongous regions: 0->0
[36.411s][info][gc,metaspace   ] GC(58) Metaspace: 45415K->45415K(1089536K)
[36.411s][info][gc             ] GC(58) Pause Young (Normal) (G1 Evacuation Pause) 36M->12M(44M) 1.562ms
[36.411s][info][gc,cpu         ] GC(58) User=0.00s Sys=0.00s Real=0.00s
[36.817s][info][gc,start       ] GC(59) Pause Young (Normal) (G1 Evacuation Pause)
[36.817s][info][gc,task        ] GC(59) Using 1 workers of 1 for evacuation
[36.818s][info][gc,phases      ] GC(59)   Pre Evacuate Collection Set: 0.0ms
[36.818s][info][gc,phases      ] GC(59)   Evacuate Collection Set: 1.1ms
[36.818s][info][gc,phases      ] GC(59)   Post Evacuate Collection Set: 0.1ms
[36.818s][info][gc,phases      ] GC(59)   Other: 0.1ms
[36.818s][info][gc,heap        ] GC(59) Eden regions: 24->0(23)
[36.818s][info][gc,heap        ] GC(59) Survivor regions: 1->1(4)
[36.818s][info][gc,heap        ] GC(59) Old regions: 13->13
[36.818s][info][gc,heap        ] GC(59) Humongous regions: 0->0
[36.818s][info][gc,metaspace   ] GC(59) Metaspace: 45415K->45415K(1089536K)
[36.818s][info][gc             ] GC(59) Pause Young (Normal) (G1 Evacuation Pause) 36M->12M(44M) 1.426ms
[36.818s][info][gc,cpu         ] GC(59) User=0.01s Sys=0.00s Real=0.00s
[37.175s][info][gc,start       ] GC(60) Pause Young (Normal) (G1 Evacuation Pause)
[37.175s][info][gc,task        ] GC(60) Using 1 workers of 1 for evacuation
[37.177s][info][gc,phases      ] GC(60)   Pre Evacuate Collection Set: 0.0ms
[37.177s][info][gc,phases      ] GC(60)   Evacuate Collection Set: 1.1ms
[37.177s][info][gc,phases      ] GC(60)   Post Evacuate Collection Set: 0.1ms
[37.177s][info][gc,phases      ] GC(60)   Other: 0.2ms
[37.177s][info][gc,heap        ] GC(60) Eden regions: 23->0(23)
[37.177s][info][gc,heap        ] GC(60) Survivor regions: 1->1(3)
[37.177s][info][gc,heap        ] GC(60) Old regions: 13->13
[37.177s][info][gc,heap        ] GC(60) Humongous regions: 0->0
[37.177s][info][gc,metaspace   ] GC(60) Metaspace: 45415K->45415K(1089536K)
[37.177s][info][gc             ] GC(60) Pause Young (Normal) (G1 Evacuation Pause) 35M->12M(44M) 1.474ms
[37.177s][info][gc,cpu         ] GC(60) User=0.00s Sys=0.00s Real=0.00s
[37.526s][info][gc,start       ] GC(61) Pause Young (Normal) (G1 Evacuation Pause)
[37.526s][info][gc,task        ] GC(61) Using 1 workers of 1 for evacuation
[37.527s][info][gc,phases      ] GC(61)   Pre Evacuate Collection Set: 0.0ms
[37.527s][info][gc,phases      ] GC(61)   Evacuate Collection Set: 1.3ms
[37.527s][info][gc,phases      ] GC(61)   Post Evacuate Collection Set: 0.1ms
[37.527s][info][gc,phases      ] GC(61)   Other: 0.1ms
[37.527s][info][gc,heap        ] GC(61) Eden regions: 23->0(23)
[37.527s][info][gc,heap        ] GC(61) Survivor regions: 1->1(3)
[37.527s][info][gc,heap        ] GC(61) Old regions: 13->13
[37.527s][info][gc,heap        ] GC(61) Humongous regions: 0->0
[37.527s][info][gc,metaspace   ] GC(61) Metaspace: 45415K->45415K(1089536K)
[37.527s][info][gc             ] GC(61) Pause Young (Normal) (G1 Evacuation Pause) 35M->12M(44M) 1.623ms
[37.527s][info][gc,cpu         ] GC(61) User=0.00s Sys=0.00s Real=0.00s
[37.867s][info][gc,start       ] GC(62) Pause Young (Normal) (G1 Evacuation Pause)
[37.867s][info][gc,task        ] GC(62) Using 1 workers of 1 for evacuation
[37.869s][info][gc,phases      ] GC(62)   Pre Evacuate Collection Set: 0.0ms
[37.869s][info][gc,phases      ] GC(62)   Evacuate Collection Set: 1.1ms
[37.869s][info][gc,phases      ] GC(62)   Post Evacuate Collection Set: 0.1ms
[37.869s][info][gc,phases      ] GC(62)   Other: 0.2ms
[37.869s][info][gc,heap        ] GC(62) Eden regions: 23->0(23)
[37.869s][info][gc,heap        ] GC(62) Survivor regions: 1->1(3)
[37.869s][info][gc,heap        ] GC(62) Old regions: 13->13
[37.869s][info][gc,heap        ] GC(62) Humongous regions: 0->0
[37.869s][info][gc,metaspace   ] GC(62) Metaspace: 45415K->45415K(1089536K)
[37.869s][info][gc             ] GC(62) Pause Young (Normal) (G1 Evacuation Pause) 35M->12M(44M) 1.411ms
[37.869s][info][gc,cpu         ] GC(62) User=0.00s Sys=0.00s Real=0.00s
[38.191s][info][gc,start       ] GC(63) Pause Young (Normal) (G1 Evacuation Pause)
[38.191s][info][gc,task        ] GC(63) Using 1 workers of 1 for evacuation
[38.192s][info][gc,phases      ] GC(63)   Pre Evacuate Collection Set: 0.0ms
[38.192s][info][gc,phases      ] GC(63)   Evacuate Collection Set: 1.1ms
[38.192s][info][gc,phases      ] GC(63)   Post Evacuate Collection Set: 0.1ms
[38.192s][info][gc,phases      ] GC(63)   Other: 0.2ms
[38.192s][info][gc,heap        ] GC(63) Eden regions: 23->0(23)
[38.192s][info][gc,heap        ] GC(63) Survivor regions: 1->1(3)
[38.192s][info][gc,heap        ] GC(63) Old regions: 13->13
[38.192s][info][gc,heap        ] GC(63) Humongous regions: 0->0
[38.192s][info][gc,metaspace   ] GC(63) Metaspace: 45415K->45415K(1089536K)
[38.192s][info][gc             ] GC(63) Pause Young (Normal) (G1 Evacuation Pause) 35M->12M(44M) 1.493ms
[38.192s][info][gc,cpu         ] GC(63) User=0.00s Sys=0.00s Real=0.00s
[38.562s][info][gc,start       ] GC(64) Pause Young (Normal) (G1 Evacuation Pause)
[38.562s][info][gc,task        ] GC(64) Using 1 workers of 1 for evacuation
[38.564s][info][gc,phases      ] GC(64)   Pre Evacuate Collection Set: 0.0ms
[38.564s][info][gc,phases      ] GC(64)   Evacuate Collection Set: 1.3ms
[38.564s][info][gc,phases      ] GC(64)   Post Evacuate Collection Set: 0.1ms
[38.564s][info][gc,phases      ] GC(64)   Other: 0.1ms
[38.564s][info][gc,heap        ] GC(64) Eden regions: 23->0(23)
[38.564s][info][gc,heap        ] GC(64) Survivor regions: 1->1(3)
[38.564s][info][gc,heap        ] GC(64) Old regions: 13->13
[38.564s][info][gc,heap        ] GC(64) Humongous regions: 0->0
[38.564s][info][gc,metaspace   ] GC(64) Metaspace: 45415K->45415K(1089536K)
[38.564s][info][gc             ] GC(64) Pause Young (Normal) (G1 Evacuation Pause) 35M->12M(44M) 1.543ms
[38.564s][info][gc,cpu         ] GC(64) User=0.00s Sys=0.00s Real=0.00s
[38.892s][info][gc,start       ] GC(65) Pause Young (Normal) (G1 Evacuation Pause)
[38.894s][info][gc,task        ] GC(65) Using 1 workers of 1 for evacuation
[38.896s][info][gc,phases      ] GC(65)   Pre Evacuate Collection Set: 0.0ms
[38.896s][info][gc,phases      ] GC(65)   Evacuate Collection Set: 1.2ms
[38.896s][info][gc,phases      ] GC(65)   Post Evacuate Collection Set: 0.1ms
[38.896s][info][gc,phases      ] GC(65)   Other: 2.4ms
[38.896s][info][gc,heap        ] GC(65) Eden regions: 23->0(23)
[38.896s][info][gc,heap        ] GC(65) Survivor regions: 1->1(3)
[38.896s][info][gc,heap        ] GC(65) Old regions: 13->13
[38.896s][info][gc,heap        ] GC(65) Humongous regions: 0->0
[38.896s][info][gc,metaspace   ] GC(65) Metaspace: 45415K->45415K(1089536K)
[38.896s][info][gc             ] GC(65) Pause Young (Normal) (G1 Evacuation Pause) 35M->12M(44M) 3.713ms
[38.896s][info][gc,cpu         ] GC(65) User=0.00s Sys=0.00s Real=0.01s
[39.204s][info][gc,start       ] GC(66) Pause Young (Normal) (G1 Evacuation Pause)
[39.204s][info][gc,task        ] GC(66) Using 1 workers of 1 for evacuation
[39.205s][info][gc,phases      ] GC(66)   Pre Evacuate Collection Set: 0.0ms
[39.205s][info][gc,phases      ] GC(66)   Evacuate Collection Set: 1.2ms
[39.205s][info][gc,phases      ] GC(66)   Post Evacuate Collection Set: 0.1ms
[39.205s][info][gc,phases      ] GC(66)   Other: 0.1ms
[39.205s][info][gc,heap        ] GC(66) Eden regions: 23->0(23)
[39.205s][info][gc,heap        ] GC(66) Survivor regions: 1->1(3)
[39.205s][info][gc,heap        ] GC(66) Old regions: 13->13
[39.205s][info][gc,heap        ] GC(66) Humongous regions: 0->0
[39.205s][info][gc,metaspace   ] GC(66) Metaspace: 45415K->45415K(1089536K)
[39.205s][info][gc             ] GC(66) Pause Young (Normal) (G1 Evacuation Pause) 35M->12M(44M) 1.487ms
[39.205s][info][gc,cpu         ] GC(66) User=0.00s Sys=0.00s Real=0.00s
[39.529s][info][gc,start       ] GC(67) Pause Young (Normal) (G1 Evacuation Pause)
[39.529s][info][gc,task        ] GC(67) Using 1 workers of 1 for evacuation
[39.530s][info][gc,phases      ] GC(67)   Pre Evacuate Collection Set: 0.0ms
[39.530s][info][gc,phases      ] GC(67)   Evacuate Collection Set: 1.1ms
[39.530s][info][gc,phases      ] GC(67)   Post Evacuate Collection Set: 0.1ms
[39.530s][info][gc,phases      ] GC(67)   Other: 0.2ms
[39.530s][info][gc,heap        ] GC(67) Eden regions: 23->0(23)
[39.530s][info][gc,heap        ] GC(67) Survivor regions: 1->1(3)
[39.530s][info][gc,heap        ] GC(67) Old regions: 13->13
[39.530s][info][gc,heap        ] GC(67) Humongous regions: 0->0
[39.530s][info][gc,metaspace   ] GC(67) Metaspace: 45415K->45415K(1089536K)
[39.530s][info][gc             ] GC(67) Pause Young (Normal) (G1 Evacuation Pause) 35M->12M(44M) 1.439ms
[39.530s][info][gc,cpu         ] GC(67) User=0.00s Sys=0.00s Real=0.00s
[39.900s][info][gc,start       ] GC(68) Pause Young (Normal) (G1 Evacuation Pause)
[39.901s][info][gc,task        ] GC(68) Using 1 workers of 1 for evacuation
[39.902s][info][gc,phases      ] GC(68)   Pre Evacuate Collection Set: 0.0ms
[39.902s][info][gc,phases      ] GC(68)   Evacuate Collection Set: 1.2ms
[39.902s][info][gc,phases      ] GC(68)   Post Evacuate Collection Set: 0.1ms
[39.902s][info][gc,phases      ] GC(68)   Other: 0.1ms
[39.902s][info][gc,heap        ] GC(68) Eden regions: 23->0(23)
[39.902s][info][gc,heap        ] GC(68) Survivor regions: 1->1(3)
[39.902s][info][gc,heap        ] GC(68) Old regions: 13->13
[39.902s][info][gc,heap        ] GC(68) Humongous regions: 0->0
[39.902s][info][gc,metaspace   ] GC(68) Metaspace: 45416K->45416K(1089536K)
[39.902s][info][gc             ] GC(68) Pause Young (Normal) (G1 Evacuation Pause) 35M->12M(44M) 1.517ms
[39.902s][info][gc,cpu         ] GC(68) User=0.00s Sys=0.00s Real=0.00s
[40.250s][info][gc,start       ] GC(69) Pause Young (Normal) (G1 Evacuation Pause)
[40.250s][info][gc,task        ] GC(69) Using 1 workers of 1 for evacuation
[40.252s][info][gc,phases      ] GC(69)   Pre Evacuate Collection Set: 0.0ms
[40.252s][info][gc,phases      ] GC(69)   Evacuate Collection Set: 1.3ms
[40.252s][info][gc,phases      ] GC(69)   Post Evacuate Collection Set: 0.1ms
[40.252s][info][gc,phases      ] GC(69)   Other: 0.2ms
[40.252s][info][gc,heap        ] GC(69) Eden regions: 23->0(23)
[40.252s][info][gc,heap        ] GC(69) Survivor regions: 1->1(3)
[40.252s][info][gc,heap        ] GC(69) Old regions: 13->13
[40.252s][info][gc,heap        ] GC(69) Humongous regions: 0->0
[40.252s][info][gc,metaspace   ] GC(69) Metaspace: 45416K->45416K(1089536K)
[40.252s][info][gc             ] GC(69) Pause Young (Normal) (G1 Evacuation Pause) 35M->12M(44M) 1.624ms
[40.252s][info][gc,cpu         ] GC(69) User=0.01s Sys=0.00s Real=0.00s
[40.574s][info][gc,start       ] GC(70) Pause Young (Normal) (G1 Evacuation Pause)
[40.574s][info][gc,task        ] GC(70) Using 1 workers of 1 for evacuation
[40.575s][info][gc,phases      ] GC(70)   Pre Evacuate Collection Set: 0.0ms
[40.575s][info][gc,phases      ] GC(70)   Evacuate Collection Set: 1.2ms
[40.575s][info][gc,phases      ] GC(70)   Post Evacuate Collection Set: 0.1ms
[40.575s][info][gc,phases      ] GC(70)   Other: 0.1ms
[40.575s][info][gc,heap        ] GC(70) Eden regions: 23->0(23)
[40.575s][info][gc,heap        ] GC(70) Survivor regions: 1->1(3)
[40.575s][info][gc,heap        ] GC(70) Old regions: 13->13
[40.576s][info][gc,heap        ] GC(70) Humongous regions: 0->0
[40.576s][info][gc,metaspace   ] GC(70) Metaspace: 45416K->45416K(1089536K)
[40.576s][info][gc             ] GC(70) Pause Young (Normal) (G1 Evacuation Pause) 35M->12M(44M) 1.467ms
[40.576s][info][gc,cpu         ] GC(70) User=0.00s Sys=0.00s Real=0.01s
[40.911s][info][gc,start       ] GC(71) Pause Young (Normal) (G1 Evacuation Pause)
[40.911s][info][gc,task        ] GC(71) Using 1 workers of 1 for evacuation
[40.912s][info][gc,phases      ] GC(71)   Pre Evacuate Collection Set: 0.0ms
[40.912s][info][gc,phases      ] GC(71)   Evacuate Collection Set: 1.2ms
[40.912s][info][gc,phases      ] GC(71)   Post Evacuate Collection Set: 0.1ms
[40.912s][info][gc,phases      ] GC(71)   Other: 0.1ms
[40.912s][info][gc,heap        ] GC(71) Eden regions: 23->0(23)
[40.912s][info][gc,heap        ] GC(71) Survivor regions: 1->1(3)
[40.912s][info][gc,heap        ] GC(71) Old regions: 13->13
[40.912s][info][gc,heap        ] GC(71) Humongous regions: 0->0
[40.912s][info][gc,metaspace   ] GC(71) Metaspace: 45416K->45416K(1089536K)
[40.912s][info][gc             ] GC(71) Pause Young (Normal) (G1 Evacuation Pause) 35M->12M(44M) 1.516ms
[40.912s][info][gc,cpu         ] GC(71) User=0.00s Sys=0.00s Real=0.00s
[41.234s][info][gc,start       ] GC(72) Pause Young (Normal) (G1 Evacuation Pause)
[41.234s][info][gc,task        ] GC(72) Using 1 workers of 1 for evacuation
[41.235s][info][gc,phases      ] GC(72)   Pre Evacuate Collection Set: 0.0ms
[41.235s][info][gc,phases      ] GC(72)   Evacuate Collection Set: 1.2ms
[41.235s][info][gc,phases      ] GC(72)   Post Evacuate Collection Set: 0.1ms
[41.235s][info][gc,phases      ] GC(72)   Other: 0.3ms
[41.236s][info][gc,heap        ] GC(72) Eden regions: 23->0(23)
[41.236s][info][gc,heap        ] GC(72) Survivor regions: 1->1(3)
[41.236s][info][gc,heap        ] GC(72) Old regions: 13->13
[41.236s][info][gc,heap        ] GC(72) Humongous regions: 0->0
[41.236s][info][gc,metaspace   ] GC(72) Metaspace: 45416K->45416K(1089536K)
[41.236s][info][gc             ] GC(72) Pause Young (Normal) (G1 Evacuation Pause) 35M->12M(44M) 1.624ms
[41.236s][info][gc,cpu         ] GC(72) User=0.00s Sys=0.00s Real=0.01s
[41.569s][info][gc,start       ] GC(73) Pause Young (Normal) (G1 Evacuation Pause)
[41.569s][info][gc,task        ] GC(73) Using 1 workers of 1 for evacuation
[41.570s][info][gc,phases      ] GC(73)   Pre Evacuate Collection Set: 0.0ms
[41.570s][info][gc,phases      ] GC(73)   Evacuate Collection Set: 1.2ms
[41.570s][info][gc,phases      ] GC(73)   Post Evacuate Collection Set: 0.1ms
[41.570s][info][gc,phases      ] GC(73)   Other: 0.1ms
[41.570s][info][gc,heap        ] GC(73) Eden regions: 23->0(23)
[41.570s][info][gc,heap        ] GC(73) Survivor regions: 1->1(3)
[41.570s][info][gc,heap        ] GC(73) Old regions: 13->14
[41.570s][info][gc,heap        ] GC(73) Humongous regions: 0->0
[41.570s][info][gc,metaspace   ] GC(73) Metaspace: 45416K->45416K(1089536K)
[41.570s][info][gc             ] GC(73) Pause Young (Normal) (G1 Evacuation Pause) 35M->12M(44M) 1.449ms
[41.570s][info][gc,cpu         ] GC(73) User=0.01s Sys=0.00s Real=0.00s
[41.882s][info][gc,start       ] GC(74) Pause Young (Normal) (G1 Evacuation Pause)
[41.882s][info][gc,task        ] GC(74) Using 1 workers of 1 for evacuation
[41.883s][info][gc,phases      ] GC(74)   Pre Evacuate Collection Set: 0.0ms
[41.883s][info][gc,phases      ] GC(74)   Evacuate Collection Set: 0.9ms
[41.883s][info][gc,phases      ] GC(74)   Post Evacuate Collection Set: 0.1ms
[41.883s][info][gc,phases      ] GC(74)   Other: 0.2ms
[41.883s][info][gc,heap        ] GC(74) Eden regions: 23->0(23)
[41.883s][info][gc,heap        ] GC(74) Survivor regions: 1->1(3)
[41.883s][info][gc,heap        ] GC(74) Old regions: 14->14
[41.883s][info][gc,heap        ] GC(74) Humongous regions: 0->0
[41.883s][info][gc,metaspace   ] GC(74) Metaspace: 45416K->45416K(1089536K)
[41.883s][info][gc             ] GC(74) Pause Young (Normal) (G1 Evacuation Pause) 35M->12M(44M) 1.192ms
[41.883s][info][gc,cpu         ] GC(74) User=0.00s Sys=0.00s Real=0.01s
[42.191s][info][gc,start       ] GC(75) Pause Young (Normal) (G1 Evacuation Pause)
[42.191s][info][gc,task        ] GC(75) Using 1 workers of 1 for evacuation
[42.192s][info][gc,phases      ] GC(75)   Pre Evacuate Collection Set: 0.0ms
[42.192s][info][gc,phases      ] GC(75)   Evacuate Collection Set: 0.9ms
[42.192s][info][gc,phases      ] GC(75)   Post Evacuate Collection Set: 0.1ms
[42.192s][info][gc,phases      ] GC(75)   Other: 0.1ms
[42.192s][info][gc,heap        ] GC(75) Eden regions: 23->0(23)
[42.192s][info][gc,heap        ] GC(75) Survivor regions: 1->1(3)
[42.192s][info][gc,heap        ] GC(75) Old regions: 14->14
[42.192s][info][gc,heap        ] GC(75) Humongous regions: 0->0
[42.192s][info][gc,metaspace   ] GC(75) Metaspace: 45416K->45416K(1089536K)
[42.192s][info][gc             ] GC(75) Pause Young (Normal) (G1 Evacuation Pause) 35M->12M(44M) 1.127ms
[42.192s][info][gc,cpu         ] GC(75) User=0.00s Sys=0.00s Real=0.00s
[42.516s][info][gc,start       ] GC(76) Pause Young (Normal) (G1 Evacuation Pause)
[42.516s][info][gc,task        ] GC(76) Using 1 workers of 1 for evacuation
[42.517s][info][gc,phases      ] GC(76)   Pre Evacuate Collection Set: 0.0ms
[42.517s][info][gc,phases      ] GC(76)   Evacuate Collection Set: 0.8ms
[42.517s][info][gc,phases      ] GC(76)   Post Evacuate Collection Set: 0.1ms
[42.517s][info][gc,phases      ] GC(76)   Other: 0.1ms
[42.517s][info][gc,heap        ] GC(76) Eden regions: 23->0(23)
[42.517s][info][gc,heap        ] GC(76) Survivor regions: 1->1(3)
[42.517s][info][gc,heap        ] GC(76) Old regions: 14->14
[42.517s][info][gc,heap        ] GC(76) Humongous regions: 0->0
[42.517s][info][gc,metaspace   ] GC(76) Metaspace: 45416K->45416K(1089536K)
[42.517s][info][gc             ] GC(76) Pause Young (Normal) (G1 Evacuation Pause) 35M->12M(44M) 1.086ms
[42.517s][info][gc,cpu         ] GC(76) User=0.00s Sys=0.00s Real=0.00s
[42.788s][info][gc,start       ] GC(77) Pause Young (Normal) (G1 Evacuation Pause)
[42.788s][info][gc,task        ] GC(77) Using 1 workers of 1 for evacuation
[42.789s][info][gc,phases      ] GC(77)   Pre Evacuate Collection Set: 0.0ms
[42.789s][info][gc,phases      ] GC(77)   Evacuate Collection Set: 0.8ms
[42.789s][info][gc,phases      ] GC(77)   Post Evacuate Collection Set: 0.1ms
[42.789s][info][gc,phases      ] GC(77)   Other: 0.2ms
[42.789s][info][gc,heap        ] GC(77) Eden regions: 23->0(23)
[42.789s][info][gc,heap        ] GC(77) Survivor regions: 1->1(3)
[42.789s][info][gc,heap        ] GC(77) Old regions: 14->14
[42.789s][info][gc,heap        ] GC(77) Humongous regions: 0->0
[42.789s][info][gc,metaspace   ] GC(77) Metaspace: 45416K->45416K(1089536K)
[42.789s][info][gc             ] GC(77) Pause Young (Normal) (G1 Evacuation Pause) 35M->12M(44M) 1.213ms
[42.789s][info][gc,cpu         ] GC(77) User=0.00s Sys=0.00s Real=0.00s
[43.069s][info][gc,start       ] GC(78) Pause Young (Normal) (G1 Evacuation Pause)
[43.069s][info][gc,task        ] GC(78) Using 1 workers of 1 for evacuation
[43.070s][info][gc,phases      ] GC(78)   Pre Evacuate Collection Set: 0.0ms
[43.070s][info][gc,phases      ] GC(78)   Evacuate Collection Set: 0.9ms
[43.070s][info][gc,phases      ] GC(78)   Post Evacuate Collection Set: 0.1ms
[43.070s][info][gc,phases      ] GC(78)   Other: 0.1ms
[43.070s][info][gc,heap        ] GC(78) Eden regions: 23->0(23)
[43.070s][info][gc,heap        ] GC(78) Survivor regions: 1->1(3)
[43.070s][info][gc,heap        ] GC(78) Old regions: 14->14
[43.070s][info][gc,heap        ] GC(78) Humongous regions: 0->0
[43.070s][info][gc,metaspace   ] GC(78) Metaspace: 45416K->45416K(1089536K)
[43.070s][info][gc             ] GC(78) Pause Young (Normal) (G1 Evacuation Pause) 35M->12M(44M) 1.182ms
[43.070s][info][gc,cpu         ] GC(78) User=0.00s Sys=0.00s Real=0.00s
[43.241s][info][gc,task        ] GC(79) Using 1 workers of 1 for full compaction
[43.241s][info][gc,start       ] GC(79) Pause Full (System.gc())
[43.241s][info][gc,phases,start] GC(79) Phase 1: Mark live objects
[43.276s][info][gc,stringtable ] GC(79) Cleaned string and symbol table, strings: 13510 processed, 0 removed, symbols: 76559 processed, 1 removed
[43.276s][info][gc,phases      ] GC(79) Phase 1: Mark live objects 34.948ms
[43.276s][info][gc,phases,start] GC(79) Phase 2: Prepare for compaction
[43.279s][info][gc,phases      ] GC(79) Phase 2: Prepare for compaction 2.917ms
[43.279s][info][gc,phases,start] GC(79) Phase 3: Adjust pointers
[43.292s][info][gc,phases      ] GC(79) Phase 3: Adjust pointers 13.797ms
[43.293s][info][gc,phases,start] GC(79) Phase 4: Compact heap
[43.295s][info][gc,phases      ] GC(79) Phase 4: Compact heap 2.247ms
[43.300s][info][gc,heap        ] GC(79) Eden regions: 13->0(25)
[43.300s][info][gc,heap        ] GC(79) Survivor regions: 1->0(3)
[43.300s][info][gc,heap        ] GC(79) Old regions: 14->13
[43.300s][info][gc,heap        ] GC(79) Humongous regions: 0->0
[43.300s][info][gc,metaspace   ] GC(79) Metaspace: 45431K->45431K(1089536K)
[43.300s][info][gc             ] GC(79) Pause Full (System.gc()) 25M->12M(44M) 59.495ms
[43.300s][info][gc,cpu         ] GC(79) User=0.05s Sys=0.00s Real=0.06s
[43.684s][info][gc,start       ] GC(80) Pause Young (Normal) (G1 Evacuation Pause)
[43.684s][info][gc,task        ] GC(80) Using 1 workers of 1 for evacuation
[43.685s][info][gc,phases      ] GC(80)   Pre Evacuate Collection Set: 0.0ms
[43.685s][info][gc,phases      ] GC(80)   Evacuate Collection Set: 1.3ms
[43.685s][info][gc,phases      ] GC(80)   Post Evacuate Collection Set: 0.1ms
[43.685s][info][gc,phases      ] GC(80)   Other: 0.2ms
[43.685s][info][gc,heap        ] GC(80) Eden regions: 25->0(24)
[43.685s][info][gc,heap        ] GC(80) Survivor regions: 0->1(4)
[43.685s][info][gc,heap        ] GC(80) Old regions: 13->13
[43.685s][info][gc,heap        ] GC(80) Humongous regions: 0->0
[43.685s][info][gc,metaspace   ] GC(80) Metaspace: 45443K->45443K(1089536K)
[43.685s][info][gc             ] GC(80) Pause Young (Normal) (G1 Evacuation Pause) 37M->12M(44M) 1.597ms
[43.685s][info][gc,cpu         ] GC(80) User=0.00s Sys=0.00s Real=0.00s
[43.969s][info][gc,start       ] GC(81) Pause Young (Normal) (G1 Evacuation Pause)
[43.969s][info][gc,task        ] GC(81) Using 1 workers of 1 for evacuation
[43.971s][info][gc,phases      ] GC(81)   Pre Evacuate Collection Set: 0.0ms
[43.971s][info][gc,phases      ] GC(81)   Evacuate Collection Set: 1.3ms
[43.971s][info][gc,phases      ] GC(81)   Post Evacuate Collection Set: 0.1ms
[43.971s][info][gc,phases      ] GC(81)   Other: 0.4ms
[43.971s][info][gc,heap        ] GC(81) Eden regions: 24->0(24)
[43.971s][info][gc,heap        ] GC(81) Survivor regions: 1->1(4)
[43.971s][info][gc,heap        ] GC(81) Old regions: 13->13
[43.971s][info][gc,heap        ] GC(81) Humongous regions: 0->0
[43.971s][info][gc,metaspace   ] GC(81) Metaspace: 45443K->45443K(1089536K)
[43.971s][info][gc             ] GC(81) Pause Young (Normal) (G1 Evacuation Pause) 36M->12M(44M) 1.821ms
[43.971s][info][gc,cpu         ] GC(81) User=0.00s Sys=0.00s Real=0.00s
[44.234s][info][gc,start       ] GC(82) Pause Young (Normal) (G1 Evacuation Pause)
[44.234s][info][gc,task        ] GC(82) Using 1 workers of 1 for evacuation
[44.235s][info][gc,phases      ] GC(82)   Pre Evacuate Collection Set: 0.0ms
[44.235s][info][gc,phases      ] GC(82)   Evacuate Collection Set: 1.2ms
[44.235s][info][gc,phases      ] GC(82)   Post Evacuate Collection Set: 0.1ms
[44.235s][info][gc,phases      ] GC(82)   Other: 0.1ms
[44.235s][info][gc,heap        ] GC(82) Eden regions: 24->0(24)
[44.235s][info][gc,heap        ] GC(82) Survivor regions: 1->1(4)
[44.235s][info][gc,heap        ] GC(82) Old regions: 13->13
[44.235s][info][gc,heap        ] GC(82) Humongous regions: 0->0
[44.235s][info][gc,metaspace   ] GC(82) Metaspace: 45464K->45464K(1089536K)
[44.235s][info][gc             ] GC(82) Pause Young (Normal) (G1 Evacuation Pause) 36M->12M(44M) 1.546ms
[44.235s][info][gc,cpu         ] GC(82) User=0.00s Sys=0.00s Real=0.01s
[44.481s][info][gc,start       ] GC(83) Pause Young (Normal) (G1 Evacuation Pause)
[44.481s][info][gc,task        ] GC(83) Using 1 workers of 1 for evacuation
[44.483s][info][gc,phases      ] GC(83)   Pre Evacuate Collection Set: 0.0ms
[44.483s][info][gc,phases      ] GC(83)   Evacuate Collection Set: 1.6ms
[44.483s][info][gc,phases      ] GC(83)   Post Evacuate Collection Set: 0.1ms
[44.483s][info][gc,phases      ] GC(83)   Other: 0.1ms
[44.483s][info][gc,heap        ] GC(83) Eden regions: 24->0(23)
[44.483s][info][gc,heap        ] GC(83) Survivor regions: 1->1(4)
[44.483s][info][gc,heap        ] GC(83) Old regions: 13->13
[44.483s][info][gc,heap        ] GC(83) Humongous regions: 0->0
[44.483s][info][gc,metaspace   ] GC(83) Metaspace: 45464K->45464K(1089536K)
[44.483s][info][gc             ] GC(83) Pause Young (Normal) (G1 Evacuation Pause) 36M->12M(44M) 1.917ms
[44.483s][info][gc,cpu         ] GC(83) User=0.01s Sys=0.00s Real=0.01s
[44.691s][info][gc,start       ] GC(84) Pause Young (Normal) (G1 Evacuation Pause)
[44.691s][info][gc,task        ] GC(84) Using 1 workers of 1 for evacuation
[44.692s][info][gc,phases      ] GC(84)   Pre Evacuate Collection Set: 0.0ms
[44.692s][info][gc,phases      ] GC(84)   Evacuate Collection Set: 1.2ms
[44.692s][info][gc,phases      ] GC(84)   Post Evacuate Collection Set: 0.1ms
[44.692s][info][gc,phases      ] GC(84)   Other: 0.1ms
[44.692s][info][gc,heap        ] GC(84) Eden regions: 23->0(23)
[44.692s][info][gc,heap        ] GC(84) Survivor regions: 1->1(3)
[44.692s][info][gc,heap        ] GC(84) Old regions: 13->13
[44.692s][info][gc,heap        ] GC(84) Humongous regions: 0->0
[44.692s][info][gc,metaspace   ] GC(84) Metaspace: 45464K->45464K(1089536K)
[44.692s][info][gc             ] GC(84) Pause Young (Normal) (G1 Evacuation Pause) 35M->13M(44M) 1.451ms
[44.692s][info][gc,cpu         ] GC(84) User=0.00s Sys=0.00s Real=0.00s
[44.974s][info][gc,start       ] GC(85) Pause Young (Normal) (G1 Evacuation Pause)
[44.974s][info][gc,task        ] GC(85) Using 1 workers of 1 for evacuation
[44.976s][info][gc,phases      ] GC(85)   Pre Evacuate Collection Set: 0.0ms
[44.976s][info][gc,phases      ] GC(85)   Evacuate Collection Set: 1.2ms
[44.976s][info][gc,phases      ] GC(85)   Post Evacuate Collection Set: 0.1ms
[44.976s][info][gc,phases      ] GC(85)   Other: 0.1ms
[44.976s][info][gc,heap        ] GC(85) Eden regions: 23->0(23)
[44.976s][info][gc,heap        ] GC(85) Survivor regions: 1->1(3)
[44.976s][info][gc,heap        ] GC(85) Old regions: 13->13
[44.976s][info][gc,heap        ] GC(85) Humongous regions: 0->0
[44.976s][info][gc,metaspace   ] GC(85) Metaspace: 45464K->45464K(1089536K)
[44.976s][info][gc             ] GC(85) Pause Young (Normal) (G1 Evacuation Pause) 36M->13M(44M) 1.514ms
[44.976s][info][gc,cpu         ] GC(85) User=0.01s Sys=0.00s Real=0.01s
[45.261s][info][gc,start       ] GC(86) Pause Young (Normal) (G1 Evacuation Pause)
[45.261s][info][gc,task        ] GC(86) Using 1 workers of 1 for evacuation
[45.262s][info][gc,phases      ] GC(86)   Pre Evacuate Collection Set: 0.0ms
[45.262s][info][gc,phases      ] GC(86)   Evacuate Collection Set: 1.4ms
[45.262s][info][gc,phases      ] GC(86)   Post Evacuate Collection Set: 0.1ms
[45.262s][info][gc,phases      ] GC(86)   Other: 0.1ms
[45.262s][info][gc,heap        ] GC(86) Eden regions: 23->0(23)
[45.262s][info][gc,heap        ] GC(86) Survivor regions: 1->1(3)
[45.262s][info][gc,heap        ] GC(86) Old regions: 13->13
[45.262s][info][gc,heap        ] GC(86) Humongous regions: 0->0
[45.262s][info][gc,metaspace   ] GC(86) Metaspace: 45464K->45464K(1089536K)
[45.262s][info][gc             ] GC(86) Pause Young (Normal) (G1 Evacuation Pause) 36M->13M(44M) 1.718ms
[45.262s][info][gc,cpu         ] GC(86) User=0.00s Sys=0.00s Real=0.01s
[45.542s][info][gc,start       ] GC(87) Pause Young (Normal) (G1 Evacuation Pause)
[45.542s][info][gc,task        ] GC(87) Using 1 workers of 1 for evacuation
[45.544s][info][gc,phases      ] GC(87)   Pre Evacuate Collection Set: 0.1ms
[45.544s][info][gc,phases      ] GC(87)   Evacuate Collection Set: 1.2ms
[45.544s][info][gc,phases      ] GC(87)   Post Evacuate Collection Set: 0.1ms
[45.544s][info][gc,phases      ] GC(87)   Other: 0.1ms
[45.544s][info][gc,heap        ] GC(87) Eden regions: 23->0(23)
[45.544s][info][gc,heap        ] GC(87) Survivor regions: 1->1(3)
[45.544s][info][gc,heap        ] GC(87) Old regions: 13->13
[45.544s][info][gc,heap        ] GC(87) Humongous regions: 0->0
[45.544s][info][gc,metaspace   ] GC(87) Metaspace: 45464K->45464K(1089536K)
[45.544s][info][gc             ] GC(87) Pause Young (Normal) (G1 Evacuation Pause) 36M->12M(44M) 1.585ms
[45.544s][info][gc,cpu         ] GC(87) User=0.00s Sys=0.00s Real=0.01s
[45.814s][info][gc,start       ] GC(88) Pause Young (Normal) (G1 Evacuation Pause)
[45.814s][info][gc,task        ] GC(88) Using 1 workers of 1 for evacuation
[45.815s][info][gc,phases      ] GC(88)   Pre Evacuate Collection Set: 0.0ms
[45.815s][info][gc,phases      ] GC(88)   Evacuate Collection Set: 1.4ms
[45.815s][info][gc,phases      ] GC(88)   Post Evacuate Collection Set: 0.1ms
[45.815s][info][gc,phases      ] GC(88)   Other: 0.1ms
[45.815s][info][gc,heap        ] GC(88) Eden regions: 23->0(23)
[45.815s][info][gc,heap        ] GC(88) Survivor regions: 1->1(3)
[45.815s][info][gc,heap        ] GC(88) Old regions: 13->13
[45.815s][info][gc,heap        ] GC(88) Humongous regions: 0->0
[45.815s][info][gc,metaspace   ] GC(88) Metaspace: 45464K->45464K(1089536K)
[45.815s][info][gc             ] GC(88) Pause Young (Normal) (G1 Evacuation Pause) 35M->13M(44M) 1.701ms
[45.815s][info][gc,cpu         ] GC(88) User=0.00s Sys=0.00s Real=0.01s
[46.076s][info][gc,start       ] GC(89) Pause Young (Normal) (G1 Evacuation Pause)
[46.077s][info][gc,task        ] GC(89) Using 1 workers of 1 for evacuation
[46.078s][info][gc,phases      ] GC(89)   Pre Evacuate Collection Set: 0.0ms
[46.078s][info][gc,phases      ] GC(89)   Evacuate Collection Set: 1.3ms
[46.078s][info][gc,phases      ] GC(89)   Post Evacuate Collection Set: 0.2ms
[46.078s][info][gc,phases      ] GC(89)   Other: 0.1ms
[46.078s][info][gc,heap        ] GC(89) Eden regions: 23->0(23)
[46.078s][info][gc,heap        ] GC(89) Survivor regions: 1->1(3)
[46.078s][info][gc,heap        ] GC(89) Old regions: 13->13
[46.078s][info][gc,heap        ] GC(89) Humongous regions: 0->0
[46.078s][info][gc,metaspace   ] GC(89) Metaspace: 45464K->45464K(1089536K)
[46.078s][info][gc             ] GC(89) Pause Young (Normal) (G1 Evacuation Pause) 36M->13M(44M) 1.637ms
[46.078s][info][gc,cpu         ] GC(89) User=0.00s Sys=0.00s Real=0.00s
[46.347s][info][gc,start       ] GC(90) Pause Young (Normal) (G1 Evacuation Pause)
[46.348s][info][gc,task        ] GC(90) Using 1 workers of 1 for evacuation
[46.349s][info][gc,phases      ] GC(90)   Pre Evacuate Collection Set: 0.0ms
[46.349s][info][gc,phases      ] GC(90)   Evacuate Collection Set: 1.3ms
[46.349s][info][gc,phases      ] GC(90)   Post Evacuate Collection Set: 0.1ms
[46.349s][info][gc,phases      ] GC(90)   Other: 0.1ms
[46.349s][info][gc,heap        ] GC(90) Eden regions: 23->0(23)
[46.349s][info][gc,heap        ] GC(90) Survivor regions: 1->1(3)
[46.349s][info][gc,heap        ] GC(90) Old regions: 13->13
[46.349s][info][gc,heap        ] GC(90) Humongous regions: 0->0
[46.349s][info][gc,metaspace   ] GC(90) Metaspace: 45464K->45464K(1089536K)
[46.349s][info][gc             ] GC(90) Pause Young (Normal) (G1 Evacuation Pause) 36M->12M(44M) 1.586ms
[46.349s][info][gc,cpu         ] GC(90) User=0.00s Sys=0.00s Real=0.00s
[46.599s][info][gc,start       ] GC(91) Pause Young (Normal) (G1 Evacuation Pause)
[46.599s][info][gc,task        ] GC(91) Using 1 workers of 1 for evacuation
[46.600s][info][gc,phases      ] GC(91)   Pre Evacuate Collection Set: 0.0ms
[46.600s][info][gc,phases      ] GC(91)   Evacuate Collection Set: 1.3ms
[46.600s][info][gc,phases      ] GC(91)   Post Evacuate Collection Set: 0.1ms
[46.600s][info][gc,phases      ] GC(91)   Other: 0.2ms
[46.600s][info][gc,heap        ] GC(91) Eden regions: 23->0(23)
[46.600s][info][gc,heap        ] GC(91) Survivor regions: 1->1(3)
[46.600s][info][gc,heap        ] GC(91) Old regions: 13->13
[46.600s][info][gc,heap        ] GC(91) Humongous regions: 0->0
[46.600s][info][gc,metaspace   ] GC(91) Metaspace: 45467K->45467K(1089536K)
[46.600s][info][gc             ] GC(91) Pause Young (Normal) (G1 Evacuation Pause) 35M->13M(44M) 1.556ms
[46.600s][info][gc,cpu         ] GC(91) User=0.00s Sys=0.00s Real=0.00s
[46.836s][info][gc,start       ] GC(92) Pause Young (Normal) (G1 Evacuation Pause)
[46.836s][info][gc,task        ] GC(92) Using 1 workers of 1 for evacuation
[46.838s][info][gc,phases      ] GC(92)   Pre Evacuate Collection Set: 0.0ms
[46.838s][info][gc,phases      ] GC(92)   Evacuate Collection Set: 1.3ms
[46.838s][info][gc,phases      ] GC(92)   Post Evacuate Collection Set: 0.1ms
[46.838s][info][gc,phases      ] GC(92)   Other: 0.1ms
[46.838s][info][gc,heap        ] GC(92) Eden regions: 23->0(23)
[46.838s][info][gc,heap        ] GC(92) Survivor regions: 1->1(3)
[46.838s][info][gc,heap        ] GC(92) Old regions: 13->13
[46.838s][info][gc,heap        ] GC(92) Humongous regions: 0->0
[46.838s][info][gc,metaspace   ] GC(92) Metaspace: 45467K->45467K(1089536K)
[46.838s][info][gc             ] GC(92) Pause Young (Normal) (G1 Evacuation Pause) 36M->13M(44M) 1.534ms
[46.838s][info][gc,cpu         ] GC(92) User=0.01s Sys=0.00s Real=0.00s
[47.043s][info][gc,start       ] GC(93) Pause Young (Normal) (G1 Evacuation Pause)
[47.043s][info][gc,task        ] GC(93) Using 1 workers of 1 for evacuation
[47.044s][info][gc,phases      ] GC(93)   Pre Evacuate Collection Set: 0.0ms
[47.044s][info][gc,phases      ] GC(93)   Evacuate Collection Set: 1.2ms
[47.044s][info][gc,phases      ] GC(93)   Post Evacuate Collection Set: 0.1ms
[47.044s][info][gc,phases      ] GC(93)   Other: 0.1ms
[47.044s][info][gc,heap        ] GC(93) Eden regions: 23->0(23)
[47.044s][info][gc,heap        ] GC(93) Survivor regions: 1->1(3)
[47.044s][info][gc,heap        ] GC(93) Old regions: 13->13
[47.044s][info][gc,heap        ] GC(93) Humongous regions: 0->0
[47.044s][info][gc,metaspace   ] GC(93) Metaspace: 45467K->45467K(1089536K)
[47.044s][info][gc             ] GC(93) Pause Young (Normal) (G1 Evacuation Pause) 36M->13M(44M) 1.539ms
[47.044s][info][gc,cpu         ] GC(93) User=0.00s Sys=0.00s Real=0.00s
[47.264s][info][gc,start       ] GC(94) Pause Young (Normal) (G1 Evacuation Pause)
[47.264s][info][gc,task        ] GC(94) Using 1 workers of 1 for evacuation
[47.266s][info][gc,phases      ] GC(94)   Pre Evacuate Collection Set: 0.0ms
[47.266s][info][gc,phases      ] GC(94)   Evacuate Collection Set: 1.3ms
[47.266s][info][gc,phases      ] GC(94)   Post Evacuate Collection Set: 0.1ms
[47.266s][info][gc,phases      ] GC(94)   Other: 0.2ms
[47.266s][info][gc,heap        ] GC(94) Eden regions: 23->0(23)
[47.266s][info][gc,heap        ] GC(94) Survivor regions: 1->1(3)
[47.266s][info][gc,heap        ] GC(94) Old regions: 13->13
[47.266s][info][gc,heap        ] GC(94) Humongous regions: 0->0
[47.266s][info][gc,metaspace   ] GC(94) Metaspace: 45467K->45467K(1089536K)
[47.266s][info][gc             ] GC(94) Pause Young (Normal) (G1 Evacuation Pause) 36M->12M(44M) 1.609ms
[47.266s][info][gc,cpu         ] GC(94) User=0.00s Sys=0.00s Real=0.00s
[47.485s][info][gc,start       ] GC(95) Pause Young (Normal) (G1 Evacuation Pause)
[47.485s][info][gc,task        ] GC(95) Using 1 workers of 1 for evacuation
[47.486s][info][gc,phases      ] GC(95)   Pre Evacuate Collection Set: 0.0ms
[47.486s][info][gc,phases      ] GC(95)   Evacuate Collection Set: 1.4ms
[47.486s][info][gc,phases      ] GC(95)   Post Evacuate Collection Set: 0.1ms
[47.486s][info][gc,phases      ] GC(95)   Other: 0.2ms
[47.486s][info][gc,heap        ] GC(95) Eden regions: 23->0(23)
[47.486s][info][gc,heap        ] GC(95) Survivor regions: 1->1(3)
[47.486s][info][gc,heap        ] GC(95) Old regions: 13->14
[47.486s][info][gc,heap        ] GC(95) Humongous regions: 0->0
[47.486s][info][gc,metaspace   ] GC(95) Metaspace: 45467K->45467K(1089536K)
[47.486s][info][gc             ] GC(95) Pause Young (Normal) (G1 Evacuation Pause) 35M->12M(44M) 1.705ms
[47.486s][info][gc,cpu         ] GC(95) User=0.00s Sys=0.00s Real=0.00s
[47.715s][info][gc,start       ] GC(96) Pause Young (Normal) (G1 Evacuation Pause)
[47.715s][info][gc,task        ] GC(96) Using 1 workers of 1 for evacuation
[47.716s][info][gc,phases      ] GC(96)   Pre Evacuate Collection Set: 0.0ms
[47.716s][info][gc,phases      ] GC(96)   Evacuate Collection Set: 1.0ms
[47.716s][info][gc,phases      ] GC(96)   Post Evacuate Collection Set: 0.1ms
[47.716s][info][gc,phases      ] GC(96)   Other: 0.9ms
[47.716s][info][gc,heap        ] GC(96) Eden regions: 23->0(23)
[47.716s][info][gc,heap        ] GC(96) Survivor regions: 1->1(3)
[47.716s][info][gc,heap        ] GC(96) Old regions: 14->14
[47.716s][info][gc,heap        ] GC(96) Humongous regions: 0->0
[47.716s][info][gc,metaspace   ] GC(96) Metaspace: 45467K->45467K(1089536K)
[47.717s][info][gc             ] GC(96) Pause Young (Normal) (G1 Evacuation Pause) 35M->12M(44M) 1.979ms
[47.717s][info][gc,cpu         ] GC(96) User=0.00s Sys=0.00s Real=0.01s
[47.929s][info][gc,start       ] GC(97) Pause Young (Normal) (G1 Evacuation Pause)
[47.929s][info][gc,task        ] GC(97) Using 1 workers of 1 for evacuation
[47.930s][info][gc,phases      ] GC(97)   Pre Evacuate Collection Set: 0.0ms
[47.930s][info][gc,phases      ] GC(97)   Evacuate Collection Set: 0.9ms
[47.930s][info][gc,phases      ] GC(97)   Post Evacuate Collection Set: 0.1ms
[47.930s][info][gc,phases      ] GC(97)   Other: 0.1ms
[47.930s][info][gc,heap        ] GC(97) Eden regions: 23->0(23)
[47.930s][info][gc,heap        ] GC(97) Survivor regions: 1->1(3)
[47.930s][info][gc,heap        ] GC(97) Old regions: 14->14
[47.930s][info][gc,heap        ] GC(97) Humongous regions: 0->0
[47.930s][info][gc,metaspace   ] GC(97) Metaspace: 45467K->45467K(1089536K)
[47.930s][info][gc             ] GC(97) Pause Young (Normal) (G1 Evacuation Pause) 35M->12M(44M) 1.161ms
[47.930s][info][gc,cpu         ] GC(97) User=0.00s Sys=0.00s Real=0.00s
[48.141s][info][gc,start       ] GC(98) Pause Young (Normal) (G1 Evacuation Pause)
[48.141s][info][gc,task        ] GC(98) Using 1 workers of 1 for evacuation
[48.143s][info][gc,phases      ] GC(98)   Pre Evacuate Collection Set: 0.0ms
[48.143s][info][gc,phases      ] GC(98)   Evacuate Collection Set: 0.9ms
[48.143s][info][gc,phases      ] GC(98)   Post Evacuate Collection Set: 0.1ms
[48.143s][info][gc,phases      ] GC(98)   Other: 0.1ms
[48.143s][info][gc,heap        ] GC(98) Eden regions: 23->0(23)
[48.143s][info][gc,heap        ] GC(98) Survivor regions: 1->1(3)
[48.143s][info][gc,heap        ] GC(98) Old regions: 14->14
[48.143s][info][gc,heap        ] GC(98) Humongous regions: 0->0
[48.143s][info][gc,metaspace   ] GC(98) Metaspace: 45467K->45467K(1089536K)
[48.143s][info][gc             ] GC(98) Pause Young (Normal) (G1 Evacuation Pause) 35M->12M(44M) 1.257ms
[48.143s][info][gc,cpu         ] GC(98) User=0.00s Sys=0.00s Real=0.01s
[48.323s][info][gc,start       ] GC(99) Pause Young (Normal) (G1 Evacuation Pause)
[48.323s][info][gc,task        ] GC(99) Using 1 workers of 1 for evacuation
[48.324s][info][gc,phases      ] GC(99)   Pre Evacuate Collection Set: 0.0ms
[48.324s][info][gc,phases      ] GC(99)   Evacuate Collection Set: 1.1ms
[48.324s][info][gc,phases      ] GC(99)   Post Evacuate Collection Set: 0.1ms
[48.324s][info][gc,phases      ] GC(99)   Other: 0.1ms
[48.324s][info][gc,heap        ] GC(99) Eden regions: 23->0(23)
[48.324s][info][gc,heap        ] GC(99) Survivor regions: 1->1(3)
[48.324s][info][gc,heap        ] GC(99) Old regions: 14->14
[48.324s][info][gc,heap        ] GC(99) Humongous regions: 0->0
[48.324s][info][gc,metaspace   ] GC(99) Metaspace: 45467K->45467K(1089536K)
[48.324s][info][gc             ] GC(99) Pause Young (Normal) (G1 Evacuation Pause) 35M->12M(44M) 1.330ms
[48.324s][info][gc,cpu         ] GC(99) User=0.00s Sys=0.00s Real=0.00s
[48.517s][info][gc,start       ] GC(100) Pause Young (Normal) (G1 Evacuation Pause)
[48.517s][info][gc,task        ] GC(100) Using 1 workers of 1 for evacuation
[48.518s][info][gc,phases      ] GC(100)   Pre Evacuate Collection Set: 0.0ms
[48.518s][info][gc,phases      ] GC(100)   Evacuate Collection Set: 1.0ms
[48.518s][info][gc,phases      ] GC(100)   Post Evacuate Collection Set: 0.1ms
[48.518s][info][gc,phases      ] GC(100)   Other: 0.2ms
[48.518s][info][gc,heap        ] GC(100) Eden regions: 23->0(23)
[48.518s][info][gc,heap        ] GC(100) Survivor regions: 1->1(3)
[48.518s][info][gc,heap        ] GC(100) Old regions: 14->14
[48.518s][info][gc,heap        ] GC(100) Humongous regions: 0->0
[48.518s][info][gc,metaspace   ] GC(100) Metaspace: 45467K->45467K(1089536K)
[48.518s][info][gc             ] GC(100) Pause Young (Normal) (G1 Evacuation Pause) 35M->12M(44M) 1.283ms
[48.518s][info][gc,cpu         ] GC(100) User=0.00s Sys=0.00s Real=0.00s
[48.565s][info][gc,task        ] GC(101) Using 1 workers of 1 for full compaction
[48.565s][info][gc,start       ] GC(101) Pause Full (System.gc())
[48.565s][info][gc,phases,start] GC(101) Phase 1: Mark live objects
[48.600s][info][gc,stringtable ] GC(101) Cleaned string and symbol table, strings: 13659 processed, 0 removed, symbols: 76640 processed, 0 removed
[48.600s][info][gc,phases      ] GC(101) Phase 1: Mark live objects 35.319ms
[48.600s][info][gc,phases,start] GC(101) Phase 2: Prepare for compaction
[48.603s][info][gc,phases      ] GC(101) Phase 2: Prepare for compaction 2.940ms
[48.603s][info][gc,phases,start] GC(101) Phase 3: Adjust pointers
[48.617s][info][gc,phases      ] GC(101) Phase 3: Adjust pointers 14.347ms
[48.617s][info][gc,phases,start] GC(101) Phase 4: Compact heap
[48.620s][info][gc,phases      ] GC(101) Phase 4: Compact heap 2.535ms
[48.626s][info][gc,heap        ] GC(101) Eden regions: 6->0(24)
[48.626s][info][gc,heap        ] GC(101) Survivor regions: 1->0(3)
[48.626s][info][gc,heap        ] GC(101) Old regions: 14->14
[48.626s][info][gc,heap        ] GC(101) Humongous regions: 0->0
[48.626s][info][gc,metaspace   ] GC(101) Metaspace: 45472K->45472K(1089536K)
[48.626s][info][gc             ] GC(101) Pause Full (System.gc()) 18M->12M(44M) 61.038ms
[48.626s][info][gc,cpu         ] GC(101) User=0.05s Sys=0.00s Real=0.06s
[48.915s][info][gc,start       ] GC(102) Pause Young (Normal) (G1 Evacuation Pause)
[48.915s][info][gc,task        ] GC(102) Using 1 workers of 1 for evacuation
[48.917s][info][gc,phases      ] GC(102)   Pre Evacuate Collection Set: 0.0ms
[48.917s][info][gc,phases      ] GC(102)   Evacuate Collection Set: 1.2ms
[48.917s][info][gc,phases      ] GC(102)   Post Evacuate Collection Set: 0.1ms
[48.917s][info][gc,phases      ] GC(102)   Other: 0.1ms
[48.917s][info][gc,heap        ] GC(102) Eden regions: 24->0(23)
[48.917s][info][gc,heap        ] GC(102) Survivor regions: 0->1(3)
[48.917s][info][gc,heap        ] GC(102) Old regions: 14->14
[48.917s][info][gc,heap        ] GC(102) Humongous regions: 0->0
[48.917s][info][gc,metaspace   ] GC(102) Metaspace: 45502K->45502K(1089536K)
[48.917s][info][gc             ] GC(102) Pause Young (Normal) (G1 Evacuation Pause) 36M->12M(44M) 1.487ms
[48.917s][info][gc,cpu         ] GC(102) User=0.00s Sys=0.00s Real=0.00s
[49.151s][info][gc,start       ] GC(103) Pause Young (Normal) (G1 Evacuation Pause)
[49.151s][info][gc,task        ] GC(103) Using 1 workers of 1 for evacuation
[49.153s][info][gc,phases      ] GC(103)   Pre Evacuate Collection Set: 0.0ms
[49.153s][info][gc,phases      ] GC(103)   Evacuate Collection Set: 1.1ms
[49.153s][info][gc,phases      ] GC(103)   Post Evacuate Collection Set: 0.1ms
[49.153s][info][gc,phases      ] GC(103)   Other: 0.4ms
[49.153s][info][gc,heap        ] GC(103) Eden regions: 23->0(23)
[49.153s][info][gc,heap        ] GC(103) Survivor regions: 1->1(3)
[49.153s][info][gc,heap        ] GC(103) Old regions: 14->14
[49.153s][info][gc,heap        ] GC(103) Humongous regions: 0->0
[49.153s][info][gc,metaspace   ] GC(103) Metaspace: 45502K->45502K(1089536K)
[49.153s][info][gc             ] GC(103) Pause Young (Normal) (G1 Evacuation Pause) 35M->12M(44M) 1.695ms
[49.153s][info][gc,cpu         ] GC(103) User=0.00s Sys=0.00s Real=0.00s
[49.354s][info][gc,start       ] GC(104) Pause Young (Normal) (G1 Evacuation Pause)
[49.354s][info][gc,task        ] GC(104) Using 1 workers of 1 for evacuation
[49.355s][info][gc,phases      ] GC(104)   Pre Evacuate Collection Set: 0.0ms
[49.355s][info][gc,phases      ] GC(104)   Evacuate Collection Set: 1.1ms
[49.355s][info][gc,phases      ] GC(104)   Post Evacuate Collection Set: 0.1ms
[49.355s][info][gc,phases      ] GC(104)   Other: 0.1ms
[49.355s][info][gc,heap        ] GC(104) Eden regions: 23->0(23)
[49.355s][info][gc,heap        ] GC(104) Survivor regions: 1->1(3)
[49.355s][info][gc,heap        ] GC(104) Old regions: 14->14
[49.355s][info][gc,heap        ] GC(104) Humongous regions: 0->0
[49.355s][info][gc,metaspace   ] GC(104) Metaspace: 45502K->45502K(1089536K)
[49.355s][info][gc             ] GC(104) Pause Young (Normal) (G1 Evacuation Pause) 35M->12M(44M) 1.378ms
[49.355s][info][gc,cpu         ] GC(104) User=0.00s Sys=0.00s Real=0.01s
[49.554s][info][gc,start       ] GC(105) Pause Young (Normal) (G1 Evacuation Pause)
[49.554s][info][gc,task        ] GC(105) Using 1 workers of 1 for evacuation
[49.556s][info][gc,phases      ] GC(105)   Pre Evacuate Collection Set: 0.0ms
[49.556s][info][gc,phases      ] GC(105)   Evacuate Collection Set: 1.0ms
[49.556s][info][gc,phases      ] GC(105)   Post Evacuate Collection Set: 0.1ms
[49.556s][info][gc,phases      ] GC(105)   Other: 0.1ms
[49.556s][info][gc,heap        ] GC(105) Eden regions: 23->0(23)
[49.556s][info][gc,heap        ] GC(105) Survivor regions: 1->1(3)
[49.556s][info][gc,heap        ] GC(105) Old regions: 14->14
[49.556s][info][gc,heap        ] GC(105) Humongous regions: 0->0
[49.556s][info][gc,metaspace   ] GC(105) Metaspace: 45502K->45502K(1089536K)
[49.556s][info][gc             ] GC(105) Pause Young (Normal) (G1 Evacuation Pause) 35M->12M(44M) 1.361ms
[49.556s][info][gc,cpu         ] GC(105) User=0.01s Sys=0.00s Real=0.01s
[49.742s][info][gc,start       ] GC(106) Pause Young (Normal) (G1 Evacuation Pause)
[49.742s][info][gc,task        ] GC(106) Using 1 workers of 1 for evacuation
[49.744s][info][gc,phases      ] GC(106)   Pre Evacuate Collection Set: 0.0ms
[49.744s][info][gc,phases      ] GC(106)   Evacuate Collection Set: 1.0ms
[49.744s][info][gc,phases      ] GC(106)   Post Evacuate Collection Set: 0.1ms
[49.744s][info][gc,phases      ] GC(106)   Other: 0.1ms
[49.744s][info][gc,heap        ] GC(106) Eden regions: 23->0(23)
[49.744s][info][gc,heap        ] GC(106) Survivor regions: 1->1(3)
[49.744s][info][gc,heap        ] GC(106) Old regions: 14->14
[49.744s][info][gc,heap        ] GC(106) Humongous regions: 0->0
[49.744s][info][gc,metaspace   ] GC(106) Metaspace: 45502K->45502K(1089536K)
[49.744s][info][gc             ] GC(106) Pause Young (Normal) (G1 Evacuation Pause) 35M->12M(44M) 1.241ms
[49.744s][info][gc,cpu         ] GC(106) User=0.00s Sys=0.00s Real=0.00s
[49.937s][info][gc,start       ] GC(107) Pause Young (Normal) (G1 Evacuation Pause)
[49.938s][info][gc,task        ] GC(107) Using 1 workers of 1 for evacuation
[49.939s][info][gc,phases      ] GC(107)   Pre Evacuate Collection Set: 0.0ms
[49.939s][info][gc,phases      ] GC(107)   Evacuate Collection Set: 1.1ms
[49.939s][info][gc,phases      ] GC(107)   Post Evacuate Collection Set: 0.1ms
[49.939s][info][gc,phases      ] GC(107)   Other: 0.2ms
[49.939s][info][gc,heap        ] GC(107) Eden regions: 23->0(23)
[49.939s][info][gc,heap        ] GC(107) Survivor regions: 1->1(3)
[49.939s][info][gc,heap        ] GC(107) Old regions: 14->14
[49.939s][info][gc,heap        ] GC(107) Humongous regions: 0->0
[49.939s][info][gc,metaspace   ] GC(107) Metaspace: 45502K->45502K(1089536K)
[49.939s][info][gc             ] GC(107) Pause Young (Normal) (G1 Evacuation Pause) 35M->12M(44M) 1.444ms
[49.939s][info][gc,cpu         ] GC(107) User=0.00s Sys=0.00s Real=0.00s
[50.132s][info][gc,start       ] GC(108) Pause Young (Normal) (G1 Evacuation Pause)
[50.132s][info][gc,task        ] GC(108) Using 1 workers of 1 for evacuation
[50.133s][info][gc,phases      ] GC(108)   Pre Evacuate Collection Set: 0.0ms
[50.133s][info][gc,phases      ] GC(108)   Evacuate Collection Set: 1.1ms
[50.133s][info][gc,phases      ] GC(108)   Post Evacuate Collection Set: 0.1ms
[50.133s][info][gc,phases      ] GC(108)   Other: 0.1ms
[50.133s][info][gc,heap        ] GC(108) Eden regions: 23->0(23)
[50.133s][info][gc,heap        ] GC(108) Survivor regions: 1->1(3)
[50.133s][info][gc,heap        ] GC(108) Old regions: 14->14
[50.133s][info][gc,heap        ] GC(108) Humongous regions: 0->0
[50.133s][info][gc,metaspace   ] GC(108) Metaspace: 45502K->45502K(1089536K)
[50.133s][info][gc             ] GC(108) Pause Young (Normal) (G1 Evacuation Pause) 35M->12M(44M) 1.373ms
[50.133s][info][gc,cpu         ] GC(108) User=0.00s Sys=0.00s Real=0.00s
[50.301s][info][gc,start       ] GC(109) Pause Young (Normal) (G1 Evacuation Pause)
[50.302s][info][gc,task        ] GC(109) Using 1 workers of 1 for evacuation
[50.303s][info][gc,phases      ] GC(109)   Pre Evacuate Collection Set: 0.0ms
[50.303s][info][gc,phases      ] GC(109)   Evacuate Collection Set: 1.1ms
[50.303s][info][gc,phases      ] GC(109)   Post Evacuate Collection Set: 0.1ms
[50.303s][info][gc,phases      ] GC(109)   Other: 0.1ms
[50.303s][info][gc,heap        ] GC(109) Eden regions: 23->0(23)
[50.303s][info][gc,heap        ] GC(109) Survivor regions: 1->1(3)
[50.303s][info][gc,heap        ] GC(109) Old regions: 14->14
[50.303s][info][gc,heap        ] GC(109) Humongous regions: 0->0
[50.303s][info][gc,metaspace   ] GC(109) Metaspace: 45504K->45504K(1089536K)
[50.303s][info][gc             ] GC(109) Pause Young (Normal) (G1 Evacuation Pause) 35M->12M(44M) 1.334ms
[50.303s][info][gc,cpu         ] GC(109) User=0.00s Sys=0.00s Real=0.01s
[50.474s][info][gc,start       ] GC(110) Pause Young (Normal) (G1 Evacuation Pause)
[50.474s][info][gc,task        ] GC(110) Using 1 workers of 1 for evacuation
[50.476s][info][gc,phases      ] GC(110)   Pre Evacuate Collection Set: 0.0ms
[50.476s][info][gc,phases      ] GC(110)   Evacuate Collection Set: 1.1ms
[50.476s][info][gc,phases      ] GC(110)   Post Evacuate Collection Set: 0.1ms
[50.476s][info][gc,phases      ] GC(110)   Other: 0.1ms
[50.476s][info][gc,heap        ] GC(110) Eden regions: 23->0(23)
[50.476s][info][gc,heap        ] GC(110) Survivor regions: 1->1(3)
[50.476s][info][gc,heap        ] GC(110) Old regions: 14->14
[50.476s][info][gc,heap        ] GC(110) Humongous regions: 0->0
[50.476s][info][gc,metaspace   ] GC(110) Metaspace: 45504K->45504K(1089536K)
[50.476s][info][gc             ] GC(110) Pause Young (Normal) (G1 Evacuation Pause) 35M->12M(44M) 1.322ms
[50.476s][info][gc,cpu         ] GC(110) User=0.00s Sys=0.00s Real=0.00s
[50.648s][info][gc,start       ] GC(111) Pause Young (Normal) (G1 Evacuation Pause)
[50.648s][info][gc,task        ] GC(111) Using 1 workers of 1 for evacuation
[50.649s][info][gc,phases      ] GC(111)   Pre Evacuate Collection Set: 0.0ms
[50.649s][info][gc,phases      ] GC(111)   Evacuate Collection Set: 1.1ms
[50.649s][info][gc,phases      ] GC(111)   Post Evacuate Collection Set: 0.1ms
[50.649s][info][gc,phases      ] GC(111)   Other: 0.1ms
[50.649s][info][gc,heap        ] GC(111) Eden regions: 23->0(23)
[50.649s][info][gc,heap        ] GC(111) Survivor regions: 1->1(3)
[50.649s][info][gc,heap        ] GC(111) Old regions: 14->14
[50.649s][info][gc,heap        ] GC(111) Humongous regions: 0->0
[50.649s][info][gc,metaspace   ] GC(111) Metaspace: 45504K->45504K(1089536K)
[50.649s][info][gc             ] GC(111) Pause Young (Normal) (G1 Evacuation Pause) 35M->12M(44M) 1.410ms
[50.649s][info][gc,cpu         ] GC(111) User=0.00s Sys=0.00s Real=0.00s
[50.819s][info][gc,start       ] GC(112) Pause Young (Normal) (G1 Evacuation Pause)
[50.819s][info][gc,task        ] GC(112) Using 1 workers of 1 for evacuation
[50.820s][info][gc,phases      ] GC(112)   Pre Evacuate Collection Set: 0.0ms
[50.820s][info][gc,phases      ] GC(112)   Evacuate Collection Set: 1.1ms
[50.820s][info][gc,phases      ] GC(112)   Post Evacuate Collection Set: 0.1ms
[50.820s][info][gc,phases      ] GC(112)   Other: 0.1ms
[50.820s][info][gc,heap        ] GC(112) Eden regions: 23->0(23)
[50.821s][info][gc,heap        ] GC(112) Survivor regions: 1->1(3)
[50.821s][info][gc,heap        ] GC(112) Old regions: 14->14
[50.821s][info][gc,heap        ] GC(112) Humongous regions: 0->0
[50.821s][info][gc,metaspace   ] GC(112) Metaspace: 45504K->45504K(1089536K)
[50.821s][info][gc             ] GC(112) Pause Young (Normal) (G1 Evacuation Pause) 35M->12M(44M) 1.330ms
[50.821s][info][gc,cpu         ] GC(112) User=0.00s Sys=0.00s Real=0.00s
[50.980s][info][gc,start       ] GC(113) Pause Young (Normal) (G1 Evacuation Pause)
[50.980s][info][gc,task        ] GC(113) Using 1 workers of 1 for evacuation
[50.981s][info][gc,phases      ] GC(113)   Pre Evacuate Collection Set: 0.0ms
[50.981s][info][gc,phases      ] GC(113)   Evacuate Collection Set: 1.0ms
[50.981s][info][gc,phases      ] GC(113)   Post Evacuate Collection Set: 0.1ms
[50.981s][info][gc,phases      ] GC(113)   Other: 0.1ms
[50.981s][info][gc,heap        ] GC(113) Eden regions: 23->0(23)
[50.981s][info][gc,heap        ] GC(113) Survivor regions: 1->1(3)
[50.981s][info][gc,heap        ] GC(113) Old regions: 14->14
[50.981s][info][gc,heap        ] GC(113) Humongous regions: 0->0
[50.981s][info][gc,metaspace   ] GC(113) Metaspace: 45504K->45504K(1089536K)
[50.981s][info][gc             ] GC(113) Pause Young (Normal) (G1 Evacuation Pause) 35M->12M(44M) 1.256ms
[50.981s][info][gc,cpu         ] GC(113) User=0.00s Sys=0.00s Real=0.00s
[51.137s][info][gc,start       ] GC(114) Pause Young (Normal) (G1 Evacuation Pause)
[51.137s][info][gc,task        ] GC(114) Using 1 workers of 1 for evacuation
[51.138s][info][gc,phases      ] GC(114)   Pre Evacuate Collection Set: 0.0ms
[51.138s][info][gc,phases      ] GC(114)   Evacuate Collection Set: 1.1ms
[51.138s][info][gc,phases      ] GC(114)   Post Evacuate Collection Set: 0.1ms
[51.138s][info][gc,phases      ] GC(114)   Other: 0.1ms
[51.138s][info][gc,heap        ] GC(114) Eden regions: 23->0(23)
[51.138s][info][gc,heap        ] GC(114) Survivor regions: 1->1(3)
[51.138s][info][gc,heap        ] GC(114) Old regions: 14->14
[51.138s][info][gc,heap        ] GC(114) Humongous regions: 0->0
[51.138s][info][gc,metaspace   ] GC(114) Metaspace: 45504K->45504K(1089536K)
[51.138s][info][gc             ] GC(114) Pause Young (Normal) (G1 Evacuation Pause) 35M->12M(44M) 1.356ms
[51.138s][info][gc,cpu         ] GC(114) User=0.00s Sys=0.00s Real=0.00s
[51.293s][info][gc,start       ] GC(115) Pause Young (Normal) (G1 Evacuation Pause)
[51.293s][info][gc,task        ] GC(115) Using 1 workers of 1 for evacuation
[51.294s][info][gc,phases      ] GC(115)   Pre Evacuate Collection Set: 0.0ms
[51.294s][info][gc,phases      ] GC(115)   Evacuate Collection Set: 1.1ms
[51.294s][info][gc,phases      ] GC(115)   Post Evacuate Collection Set: 0.1ms
[51.294s][info][gc,phases      ] GC(115)   Other: 0.1ms
[51.294s][info][gc,heap        ] GC(115) Eden regions: 23->0(23)
[51.294s][info][gc,heap        ] GC(115) Survivor regions: 1->1(3)
[51.294s][info][gc,heap        ] GC(115) Old regions: 14->14
[51.294s][info][gc,heap        ] GC(115) Humongous regions: 0->0
[51.294s][info][gc,metaspace   ] GC(115) Metaspace: 45504K->45504K(1089536K)
[51.294s][info][gc             ] GC(115) Pause Young (Normal) (G1 Evacuation Pause) 35M->12M(44M) 1.320ms
[51.294s][info][gc,cpu         ] GC(115) User=0.00s Sys=0.00s Real=0.00s
[51.450s][info][gc,start       ] GC(116) Pause Young (Normal) (G1 Evacuation Pause)
[51.450s][info][gc,task        ] GC(116) Using 1 workers of 1 for evacuation
[51.451s][info][gc,phases      ] GC(116)   Pre Evacuate Collection Set: 0.0ms
[51.451s][info][gc,phases      ] GC(116)   Evacuate Collection Set: 1.1ms
[51.451s][info][gc,phases      ] GC(116)   Post Evacuate Collection Set: 0.1ms
[51.451s][info][gc,phases      ] GC(116)   Other: 0.1ms
[51.451s][info][gc,heap        ] GC(116) Eden regions: 23->0(23)
[51.451s][info][gc,heap        ] GC(116) Survivor regions: 1->1(3)
[51.451s][info][gc,heap        ] GC(116) Old regions: 14->14
[51.451s][info][gc,heap        ] GC(116) Humongous regions: 0->0
[51.451s][info][gc,metaspace   ] GC(116) Metaspace: 45504K->45504K(1089536K)
[51.451s][info][gc             ] GC(116) Pause Young (Normal) (G1 Evacuation Pause) 35M->12M(44M) 1.316ms
[51.451s][info][gc,cpu         ] GC(116) User=0.00s Sys=0.00s Real=0.00s
[51.610s][info][gc,start       ] GC(117) Pause Young (Normal) (G1 Evacuation Pause)
[51.610s][info][gc,task        ] GC(117) Using 1 workers of 1 for evacuation
[51.611s][info][gc,phases      ] GC(117)   Pre Evacuate Collection Set: 0.0ms
[51.611s][info][gc,phases      ] GC(117)   Evacuate Collection Set: 1.0ms
[51.611s][info][gc,phases      ] GC(117)   Post Evacuate Collection Set: 0.1ms
[51.611s][info][gc,phases      ] GC(117)   Other: 0.1ms
[51.611s][info][gc,heap        ] GC(117) Eden regions: 23->0(22)
[51.611s][info][gc,heap        ] GC(117) Survivor regions: 1->1(3)
[51.611s][info][gc,heap        ] GC(117) Old regions: 14->15
[51.611s][info][gc,heap        ] GC(117) Humongous regions: 0->0
[51.611s][info][gc,metaspace   ] GC(117) Metaspace: 45504K->45504K(1089536K)
[51.611s][info][gc             ] GC(117) Pause Young (Normal) (G1 Evacuation Pause) 35M->12M(44M) 1.303ms
[51.611s][info][gc,cpu         ] GC(117) User=0.01s Sys=0.00s Real=0.00s
[51.737s][info][gc,start       ] GC(118) Pause Young (Normal) (G1 Evacuation Pause)
[51.737s][info][gc,task        ] GC(118) Using 1 workers of 1 for evacuation
[51.738s][info][gc,phases      ] GC(118)   Pre Evacuate Collection Set: 0.0ms
[51.738s][info][gc,phases      ] GC(118)   Evacuate Collection Set: 0.8ms
[51.738s][info][gc,phases      ] GC(118)   Post Evacuate Collection Set: 0.1ms
[51.738s][info][gc,phases      ] GC(118)   Other: 0.1ms
[51.738s][info][gc,heap        ] GC(118) Eden regions: 22->0(22)
[51.738s][info][gc,heap        ] GC(118) Survivor regions: 1->1(3)
[51.738s][info][gc,heap        ] GC(118) Old regions: 15->15
[51.738s][info][gc,heap        ] GC(118) Humongous regions: 0->0
[51.738s][info][gc,metaspace   ] GC(118) Metaspace: 45504K->45504K(1089536K)
[51.738s][info][gc             ] GC(118) Pause Young (Normal) (G1 Evacuation Pause) 34M->12M(44M) 1.076ms
[51.738s][info][gc,cpu         ] GC(118) User=0.00s Sys=0.00s Real=0.00s
[51.873s][info][gc,start       ] GC(119) Pause Young (Normal) (G1 Evacuation Pause)
[51.873s][info][gc,task        ] GC(119) Using 1 workers of 1 for evacuation
[51.874s][info][gc,phases      ] GC(119)   Pre Evacuate Collection Set: 0.0ms
[51.874s][info][gc,phases      ] GC(119)   Evacuate Collection Set: 0.8ms
[51.874s][info][gc,phases      ] GC(119)   Post Evacuate Collection Set: 0.1ms
[51.874s][info][gc,phases      ] GC(119)   Other: 0.1ms
[51.874s][info][gc,heap        ] GC(119) Eden regions: 22->0(22)
[51.874s][info][gc,heap        ] GC(119) Survivor regions: 1->1(3)
[51.874s][info][gc,heap        ] GC(119) Old regions: 15->15
[51.874s][info][gc,heap        ] GC(119) Humongous regions: 0->0
[51.874s][info][gc,metaspace   ] GC(119) Metaspace: 45504K->45504K(1089536K)
[51.874s][info][gc             ] GC(119) Pause Young (Normal) (G1 Evacuation Pause) 34M->12M(44M) 0.989ms
[51.874s][info][gc,cpu         ] GC(119) User=0.00s Sys=0.00s Real=0.00s
[52.010s][info][gc,start       ] GC(120) Pause Young (Normal) (G1 Evacuation Pause)
[52.010s][info][gc,task        ] GC(120) Using 1 workers of 1 for evacuation
[52.011s][info][gc,phases      ] GC(120)   Pre Evacuate Collection Set: 0.0ms
[52.011s][info][gc,phases      ] GC(120)   Evacuate Collection Set: 0.8ms
[52.011s][info][gc,phases      ] GC(120)   Post Evacuate Collection Set: 0.1ms
[52.011s][info][gc,phases      ] GC(120)   Other: 0.1ms
[52.011s][info][gc,heap        ] GC(120) Eden regions: 22->0(22)
[52.011s][info][gc,heap        ] GC(120) Survivor regions: 1->1(3)
[52.011s][info][gc,heap        ] GC(120) Old regions: 15->15
[52.011s][info][gc,heap        ] GC(120) Humongous regions: 0->0
[52.011s][info][gc,metaspace   ] GC(120) Metaspace: 45504K->45504K(1089536K)
[52.011s][info][gc             ] GC(120) Pause Young (Normal) (G1 Evacuation Pause) 34M->12M(44M) 1.040ms
[52.011s][info][gc,cpu         ] GC(120) User=0.00s Sys=0.00s Real=0.00s
[52.149s][info][gc,start       ] GC(121) Pause Young (Normal) (G1 Evacuation Pause)
[52.150s][info][gc,task        ] GC(121) Using 1 workers of 1 for evacuation
[52.150s][info][gc,phases      ] GC(121)   Pre Evacuate Collection Set: 0.0ms
[52.151s][info][gc,phases      ] GC(121)   Evacuate Collection Set: 0.9ms
[52.151s][info][gc,phases      ] GC(121)   Post Evacuate Collection Set: 0.1ms
[52.151s][info][gc,phases      ] GC(121)   Other: 0.1ms
[52.151s][info][gc,heap        ] GC(121) Eden regions: 22->0(22)
[52.151s][info][gc,heap        ] GC(121) Survivor regions: 1->1(3)
[52.151s][info][gc,heap        ] GC(121) Old regions: 15->15
[52.151s][info][gc,heap        ] GC(121) Humongous regions: 0->0
[52.151s][info][gc,metaspace   ] GC(121) Metaspace: 45504K->45504K(1089536K)
[52.151s][info][gc             ] GC(121) Pause Young (Normal) (G1 Evacuation Pause) 34M->12M(44M) 1.108ms
[52.151s][info][gc,cpu         ] GC(121) User=0.00s Sys=0.00s Real=0.00s
[52.291s][info][gc,start       ] GC(122) Pause Young (Normal) (G1 Evacuation Pause)
[52.291s][info][gc,task        ] GC(122) Using 1 workers of 1 for evacuation
[52.292s][info][gc,phases      ] GC(122)   Pre Evacuate Collection Set: 0.0ms
[52.292s][info][gc,phases      ] GC(122)   Evacuate Collection Set: 0.8ms
[52.292s][info][gc,phases      ] GC(122)   Post Evacuate Collection Set: 0.1ms
[52.292s][info][gc,phases      ] GC(122)   Other: 0.1ms
[52.292s][info][gc,heap        ] GC(122) Eden regions: 22->0(22)
[52.292s][info][gc,heap        ] GC(122) Survivor regions: 1->1(3)
[52.292s][info][gc,heap        ] GC(122) Old regions: 15->15
[52.292s][info][gc,heap        ] GC(122) Humongous regions: 0->0
[52.292s][info][gc,metaspace   ] GC(122) Metaspace: 45504K->45504K(1089536K)
[52.292s][info][gc             ] GC(122) Pause Young (Normal) (G1 Evacuation Pause) 34M->12M(44M) 1.088ms
[52.292s][info][gc,cpu         ] GC(122) User=0.00s Sys=0.00s Real=0.00s
[52.369s][info][gc,task        ] GC(123) Using 1 workers of 1 for full compaction
[52.369s][info][gc,start       ] GC(123) Pause Full (System.gc())
[52.369s][info][gc,phases,start] GC(123) Phase 1: Mark live objects
[52.406s][info][gc,stringtable ] GC(123) Cleaned string and symbol table, strings: 13724 processed, 0 removed, symbols: 76640 processed, 0 removed
[52.406s][info][gc,phases      ] GC(123) Phase 1: Mark live objects 36.557ms
[52.406s][info][gc,phases,start] GC(123) Phase 2: Prepare for compaction
[52.409s][info][gc,phases      ] GC(123) Phase 2: Prepare for compaction 3.069ms
[52.409s][info][gc,phases,start] GC(123) Phase 3: Adjust pointers
[52.424s][info][gc,phases      ] GC(123) Phase 3: Adjust pointers 14.508ms
[52.424s][info][gc,phases,start] GC(123) Phase 4: Compact heap
[52.426s][info][gc,phases      ] GC(123) Phase 4: Compact heap 2.376ms
[52.432s][info][gc,heap        ] GC(123) Eden regions: 11->0(24)
[52.432s][info][gc,heap        ] GC(123) Survivor regions: 1->0(3)
[52.432s][info][gc,heap        ] GC(123) Old regions: 15->14
[52.432s][info][gc,heap        ] GC(123) Humongous regions: 0->0
[52.432s][info][gc,metaspace   ] GC(123) Metaspace: 45520K->45520K(1089536K)
[52.432s][info][gc             ] GC(123) Pause Full (System.gc()) 23M->12M(44M) 62.646ms
[52.432s][info][gc,cpu         ] GC(123) User=0.05s Sys=0.00s Real=0.06s
[52.631s][info][gc,start       ] GC(124) Pause Young (Normal) (G1 Evacuation Pause)
[52.631s][info][gc,task        ] GC(124) Using 1 workers of 1 for evacuation
[52.632s][info][gc,phases      ] GC(124)   Pre Evacuate Collection Set: 0.0ms
[52.632s][info][gc,phases      ] GC(124)   Evacuate Collection Set: 1.1ms
[52.632s][info][gc,phases      ] GC(124)   Post Evacuate Collection Set: 0.1ms
[52.632s][info][gc,phases      ] GC(124)   Other: 0.1ms
[52.632s][info][gc,heap        ] GC(124) Eden regions: 24->0(23)
[52.632s][info][gc,heap        ] GC(124) Survivor regions: 0->1(3)
[52.632s][info][gc,heap        ] GC(124) Old regions: 14->14
[52.632s][info][gc,heap        ] GC(124) Humongous regions: 0->0
[52.632s][info][gc,metaspace   ] GC(124) Metaspace: 45528K->45528K(1089536K)
[52.632s][info][gc             ] GC(124) Pause Young (Normal) (G1 Evacuation Pause) 36M->12M(44M) 1.357ms
[52.632s][info][gc,cpu         ] GC(124) User=0.00s Sys=0.00s Real=0.00s
[52.774s][info][gc,start       ] GC(125) Pause Young (Normal) (G1 Evacuation Pause)
[52.774s][info][gc,task        ] GC(125) Using 1 workers of 1 for evacuation
[52.775s][info][gc,phases      ] GC(125)   Pre Evacuate Collection Set: 0.0ms
[52.775s][info][gc,phases      ] GC(125)   Evacuate Collection Set: 1.1ms
[52.775s][info][gc,phases      ] GC(125)   Post Evacuate Collection Set: 0.1ms
[52.775s][info][gc,phases      ] GC(125)   Other: 0.1ms
[52.775s][info][gc,heap        ] GC(125) Eden regions: 23->0(23)
[52.775s][info][gc,heap        ] GC(125) Survivor regions: 1->1(3)
[52.775s][info][gc,heap        ] GC(125) Old regions: 14->14
[52.775s][info][gc,heap        ] GC(125) Humongous regions: 0->0
[52.775s][info][gc,metaspace   ] GC(125) Metaspace: 45528K->45528K(1089536K)
[52.775s][info][gc             ] GC(125) Pause Young (Normal) (G1 Evacuation Pause) 35M->12M(44M) 1.293ms
[52.775s][info][gc,cpu         ] GC(125) User=0.00s Sys=0.00s Real=0.01s
[52.928s][info][gc,start       ] GC(126) Pause Young (Normal) (G1 Evacuation Pause)
[52.928s][info][gc,task        ] GC(126) Using 1 workers of 1 for evacuation
[52.929s][info][gc,phases      ] GC(126)   Pre Evacuate Collection Set: 0.0ms
[52.929s][info][gc,phases      ] GC(126)   Evacuate Collection Set: 1.1ms
[52.929s][info][gc,phases      ] GC(126)   Post Evacuate Collection Set: 0.1ms
[52.929s][info][gc,phases      ] GC(126)   Other: 0.1ms
[52.929s][info][gc,heap        ] GC(126) Eden regions: 23->0(23)
[52.929s][info][gc,heap        ] GC(126) Survivor regions: 1->1(3)
[52.929s][info][gc,heap        ] GC(126) Old regions: 14->14
[52.929s][info][gc,heap        ] GC(126) Humongous regions: 0->0
[52.929s][info][gc,metaspace   ] GC(126) Metaspace: 45528K->45528K(1089536K)
[52.929s][info][gc             ] GC(126) Pause Young (Normal) (G1 Evacuation Pause) 35M->12M(44M) 1.319ms
[52.929s][info][gc,cpu         ] GC(126) User=0.00s Sys=0.00s Real=0.00s
[53.078s][info][gc,start       ] GC(127) Pause Young (Normal) (G1 Evacuation Pause)
[53.078s][info][gc,task        ] GC(127) Using 1 workers of 1 for evacuation
[53.079s][info][gc,phases      ] GC(127)   Pre Evacuate Collection Set: 0.0ms
[53.079s][info][gc,phases      ] GC(127)   Evacuate Collection Set: 1.0ms
[53.079s][info][gc,phases      ] GC(127)   Post Evacuate Collection Set: 0.1ms
[53.079s][info][gc,phases      ] GC(127)   Other: 0.2ms
[53.079s][info][gc,heap        ] GC(127) Eden regions: 23->0(23)
[53.079s][info][gc,heap        ] GC(127) Survivor regions: 1->1(3)
[53.079s][info][gc,heap        ] GC(127) Old regions: 14->14
[53.079s][info][gc,heap        ] GC(127) Humongous regions: 0->0
[53.079s][info][gc,metaspace   ] GC(127) Metaspace: 45528K->45528K(1089536K)
[53.079s][info][gc             ] GC(127) Pause Young (Normal) (G1 Evacuation Pause) 35M->12M(44M) 1.326ms
[53.079s][info][gc,cpu         ] GC(127) User=0.00s Sys=0.00s Real=0.00s
[53.227s][info][gc,start       ] GC(128) Pause Young (Normal) (G1 Evacuation Pause)
[53.227s][info][gc,task        ] GC(128) Using 1 workers of 1 for evacuation
[53.228s][info][gc,phases      ] GC(128)   Pre Evacuate Collection Set: 0.0ms
[53.228s][info][gc,phases      ] GC(128)   Evacuate Collection Set: 1.0ms
[53.228s][info][gc,phases      ] GC(128)   Post Evacuate Collection Set: 0.1ms
[53.228s][info][gc,phases      ] GC(128)   Other: 0.1ms
[53.228s][info][gc,heap        ] GC(128) Eden regions: 23->0(23)
[53.228s][info][gc,heap        ] GC(128) Survivor regions: 1->1(3)
[53.228s][info][gc,heap        ] GC(128) Old regions: 14->14
[53.228s][info][gc,heap        ] GC(128) Humongous regions: 0->0
[53.228s][info][gc,metaspace   ] GC(128) Metaspace: 45528K->45528K(1089536K)
[53.228s][info][gc             ] GC(128) Pause Young (Normal) (G1 Evacuation Pause) 35M->12M(44M) 1.227ms
[53.228s][info][gc,cpu         ] GC(128) User=0.00s Sys=0.00s Real=0.00s
[53.369s][info][gc,start       ] GC(129) Pause Young (Normal) (G1 Evacuation Pause)
[53.370s][info][gc,task        ] GC(129) Using 1 workers of 1 for evacuation
[53.371s][info][gc,phases      ] GC(129)   Pre Evacuate Collection Set: 0.0ms
[53.371s][info][gc,phases      ] GC(129)   Evacuate Collection Set: 1.1ms
[53.371s][info][gc,phases      ] GC(129)   Post Evacuate Collection Set: 0.1ms
[53.371s][info][gc,phases      ] GC(129)   Other: 0.1ms
[53.371s][info][gc,heap        ] GC(129) Eden regions: 23->0(23)
[53.371s][info][gc,heap        ] GC(129) Survivor regions: 1->1(3)
[53.371s][info][gc,heap        ] GC(129) Old regions: 14->14
[53.371s][info][gc,heap        ] GC(129) Humongous regions: 0->0
[53.371s][info][gc,metaspace   ] GC(129) Metaspace: 45529K->45529K(1089536K)
[53.371s][info][gc             ] GC(129) Pause Young (Normal) (G1 Evacuation Pause) 35M->12M(44M) 1.314ms
[53.371s][info][gc,cpu         ] GC(129) User=0.00s Sys=0.00s Real=0.00s
[53.520s][info][gc,start       ] GC(130) Pause Young (Normal) (G1 Evacuation Pause)
[53.520s][info][gc,task        ] GC(130) Using 1 workers of 1 for evacuation
[53.521s][info][gc,phases      ] GC(130)   Pre Evacuate Collection Set: 0.0ms
[53.521s][info][gc,phases      ] GC(130)   Evacuate Collection Set: 1.0ms
[53.521s][info][gc,phases      ] GC(130)   Post Evacuate Collection Set: 0.1ms
[53.521s][info][gc,phases      ] GC(130)   Other: 0.2ms
[53.521s][info][gc,heap        ] GC(130) Eden regions: 23->0(23)
[53.521s][info][gc,heap        ] GC(130) Survivor regions: 1->1(3)
[53.521s][info][gc,heap        ] GC(130) Old regions: 14->14
[53.521s][info][gc,heap        ] GC(130) Humongous regions: 0->0
[53.521s][info][gc,metaspace   ] GC(130) Metaspace: 45529K->45529K(1089536K)
[53.521s][info][gc             ] GC(130) Pause Young (Normal) (G1 Evacuation Pause) 35M->12M(44M) 1.351ms
[53.521s][info][gc,cpu         ] GC(130) User=0.00s Sys=0.00s Real=0.00s
[53.656s][info][gc,start       ] GC(131) Pause Young (Normal) (G1 Evacuation Pause)
[53.656s][info][gc,task        ] GC(131) Using 1 workers of 1 for evacuation
[53.657s][info][gc,phases      ] GC(131)   Pre Evacuate Collection Set: 0.0ms
[53.657s][info][gc,phases      ] GC(131)   Evacuate Collection Set: 1.1ms
[53.657s][info][gc,phases      ] GC(131)   Post Evacuate Collection Set: 0.1ms
[53.657s][info][gc,phases      ] GC(131)   Other: 0.1ms
[53.657s][info][gc,heap        ] GC(131) Eden regions: 23->0(23)
[53.657s][info][gc,heap        ] GC(131) Survivor regions: 1->1(3)
[53.657s][info][gc,heap        ] GC(131) Old regions: 14->14
[53.657s][info][gc,heap        ] GC(131) Humongous regions: 0->0
[53.657s][info][gc,metaspace   ] GC(131) Metaspace: 45529K->45529K(1089536K)
[53.657s][info][gc             ] GC(131) Pause Young (Normal) (G1 Evacuation Pause) 35M->12M(44M) 1.294ms
[53.657s][info][gc,cpu         ] GC(131) User=0.00s Sys=0.00s Real=0.00s
[53.756s][info][gc,start       ] GC(132) Pause Young (Normal) (G1 Evacuation Pause)
[53.756s][info][gc,task        ] GC(132) Using 1 workers of 1 for evacuation
[53.757s][info][gc,phases      ] GC(132)   Pre Evacuate Collection Set: 0.0ms
[53.757s][info][gc,phases      ] GC(132)   Evacuate Collection Set: 1.0ms
[53.757s][info][gc,phases      ] GC(132)   Post Evacuate Collection Set: 0.1ms
[53.757s][info][gc,phases      ] GC(132)   Other: 0.1ms
[53.757s][info][gc,heap        ] GC(132) Eden regions: 23->0(23)
[53.757s][info][gc,heap        ] GC(132) Survivor regions: 1->1(3)
[53.757s][info][gc,heap        ] GC(132) Old regions: 14->14
[53.757s][info][gc,heap        ] GC(132) Humongous regions: 0->0
[53.757s][info][gc,metaspace   ] GC(132) Metaspace: 45529K->45529K(1089536K)
[53.757s][info][gc             ] GC(132) Pause Young (Normal) (G1 Evacuation Pause) 35M->12M(44M) 1.303ms
[53.757s][info][gc,cpu         ] GC(132) User=0.00s Sys=0.00s Real=0.00s
[53.852s][info][gc,start       ] GC(133) Pause Young (Normal) (G1 Evacuation Pause)
[53.852s][info][gc,task        ] GC(133) Using 1 workers of 1 for evacuation
[53.853s][info][gc,phases      ] GC(133)   Pre Evacuate Collection Set: 0.0ms
[53.853s][info][gc,phases      ] GC(133)   Evacuate Collection Set: 1.0ms
[53.853s][info][gc,phases      ] GC(133)   Post Evacuate Collection Set: 0.1ms
[53.853s][info][gc,phases      ] GC(133)   Other: 0.1ms
[53.853s][info][gc,heap        ] GC(133) Eden regions: 23->0(23)
[53.853s][info][gc,heap        ] GC(133) Survivor regions: 1->1(3)
[53.853s][info][gc,heap        ] GC(133) Old regions: 14->14
[53.853s][info][gc,heap        ] GC(133) Humongous regions: 0->0
[53.853s][info][gc,metaspace   ] GC(133) Metaspace: 45529K->45529K(1089536K)
[53.853s][info][gc             ] GC(133) Pause Young (Normal) (G1 Evacuation Pause) 35M->12M(44M) 1.295ms
[53.853s][info][gc,cpu         ] GC(133) User=0.00s Sys=0.00s Real=0.00s
[53.947s][info][gc,start       ] GC(134) Pause Young (Normal) (G1 Evacuation Pause)
[53.947s][info][gc,task        ] GC(134) Using 1 workers of 1 for evacuation
[53.948s][info][gc,phases      ] GC(134)   Pre Evacuate Collection Set: 0.0ms
[53.948s][info][gc,phases      ] GC(134)   Evacuate Collection Set: 1.0ms
[53.948s][info][gc,phases      ] GC(134)   Post Evacuate Collection Set: 0.1ms
[53.948s][info][gc,phases      ] GC(134)   Other: 0.1ms
[53.948s][info][gc,heap        ] GC(134) Eden regions: 23->0(23)
[53.948s][info][gc,heap        ] GC(134) Survivor regions: 1->1(3)
[53.948s][info][gc,heap        ] GC(134) Old regions: 14->14
[53.948s][info][gc,heap        ] GC(134) Humongous regions: 0->0
[53.948s][info][gc,metaspace   ] GC(134) Metaspace: 45529K->45529K(1089536K)
[53.949s][info][gc             ] GC(134) Pause Young (Normal) (G1 Evacuation Pause) 35M->12M(44M) 1.274ms
[53.949s][info][gc,cpu         ] GC(134) User=0.00s Sys=0.00s Real=0.00s
[54.050s][info][gc,start       ] GC(135) Pause Young (Normal) (G1 Evacuation Pause)
[54.050s][info][gc,task        ] GC(135) Using 1 workers of 1 for evacuation
[54.051s][info][gc,phases      ] GC(135)   Pre Evacuate Collection Set: 0.0ms
[54.051s][info][gc,phases      ] GC(135)   Evacuate Collection Set: 1.1ms
[54.051s][info][gc,phases      ] GC(135)   Post Evacuate Collection Set: 0.1ms
[54.051s][info][gc,phases      ] GC(135)   Other: 0.1ms
[54.051s][info][gc,heap        ] GC(135) Eden regions: 23->0(23)
[54.051s][info][gc,heap        ] GC(135) Survivor regions: 1->1(3)
[54.051s][info][gc,heap        ] GC(135) Old regions: 14->14
[54.051s][info][gc,heap        ] GC(135) Humongous regions: 0->0
[54.051s][info][gc,metaspace   ] GC(135) Metaspace: 45529K->45529K(1089536K)
[54.051s][info][gc             ] GC(135) Pause Young (Normal) (G1 Evacuation Pause) 35M->12M(44M) 1.353ms
[54.051s][info][gc,cpu         ] GC(135) User=0.01s Sys=0.00s Real=0.00s
[54.163s][info][gc,start       ] GC(136) Pause Young (Normal) (G1 Evacuation Pause)
[54.163s][info][gc,task        ] GC(136) Using 1 workers of 1 for evacuation
[54.164s][info][gc,phases      ] GC(136)   Pre Evacuate Collection Set: 0.0ms
[54.164s][info][gc,phases      ] GC(136)   Evacuate Collection Set: 1.0ms
[54.164s][info][gc,phases      ] GC(136)   Post Evacuate Collection Set: 0.1ms
[54.164s][info][gc,phases      ] GC(136)   Other: 0.3ms
[54.164s][info][gc,heap        ] GC(136) Eden regions: 23->0(23)
[54.164s][info][gc,heap        ] GC(136) Survivor regions: 1->1(3)
[54.164s][info][gc,heap        ] GC(136) Old regions: 14->14
[54.164s][info][gc,heap        ] GC(136) Humongous regions: 0->0
[54.164s][info][gc,metaspace   ] GC(136) Metaspace: 45529K->45529K(1089536K)
[54.164s][info][gc             ] GC(136) Pause Young (Normal) (G1 Evacuation Pause) 35M->12M(44M) 1.431ms
[54.164s][info][gc,cpu         ] GC(136) User=0.00s Sys=0.00s Real=0.00s
[54.277s][info][gc,start       ] GC(137) Pause Young (Normal) (G1 Evacuation Pause)
[54.277s][info][gc,task        ] GC(137) Using 1 workers of 1 for evacuation
[54.278s][info][gc,phases      ] GC(137)   Pre Evacuate Collection Set: 0.0ms
[54.278s][info][gc,phases      ] GC(137)   Evacuate Collection Set: 0.9ms
[54.278s][info][gc,phases      ] GC(137)   Post Evacuate Collection Set: 0.1ms
[54.278s][info][gc,phases      ] GC(137)   Other: 0.1ms
[54.278s][info][gc,heap        ] GC(137) Eden regions: 23->0(23)
[54.278s][info][gc,heap        ] GC(137) Survivor regions: 1->1(3)
[54.278s][info][gc,heap        ] GC(137) Old regions: 14->14
[54.278s][info][gc,heap        ] GC(137) Humongous regions: 0->0
[54.278s][info][gc,metaspace   ] GC(137) Metaspace: 45529K->45529K(1089536K)
[54.278s][info][gc             ] GC(137) Pause Young (Normal) (G1 Evacuation Pause) 35M->12M(44M) 1.175ms
[54.278s][info][gc,cpu         ] GC(137) User=0.00s Sys=0.00s Real=0.00s
[54.372s][info][gc,start       ] GC(138) Pause Young (Normal) (G1 Evacuation Pause)
[54.373s][info][gc,task        ] GC(138) Using 1 workers of 1 for evacuation
[54.374s][info][gc,phases      ] GC(138)   Pre Evacuate Collection Set: 0.0ms
[54.374s][info][gc,phases      ] GC(138)   Evacuate Collection Set: 1.0ms
[54.374s][info][gc,phases      ] GC(138)   Post Evacuate Collection Set: 0.1ms
[54.374s][info][gc,phases      ] GC(138)   Other: 0.1ms
[54.374s][info][gc,heap        ] GC(138) Eden regions: 23->0(23)
[54.374s][info][gc,heap        ] GC(138) Survivor regions: 1->1(3)
[54.374s][info][gc,heap        ] GC(138) Old regions: 14->14
[54.374s][info][gc,heap        ] GC(138) Humongous regions: 0->0
[54.374s][info][gc,metaspace   ] GC(138) Metaspace: 45529K->45529K(1089536K)
[54.374s][info][gc             ] GC(138) Pause Young (Normal) (G1 Evacuation Pause) 35M->12M(44M) 1.239ms
[54.374s][info][gc,cpu         ] GC(138) User=0.00s Sys=0.00s Real=0.00s
[54.470s][info][gc,start       ] GC(139) Pause Young (Normal) (G1 Evacuation Pause)
[54.470s][info][gc,task        ] GC(139) Using 1 workers of 1 for evacuation
[54.471s][info][gc,phases      ] GC(139)   Pre Evacuate Collection Set: 0.0ms
[54.471s][info][gc,phases      ] GC(139)   Evacuate Collection Set: 1.0ms
[54.471s][info][gc,phases      ] GC(139)   Post Evacuate Collection Set: 0.1ms
[54.471s][info][gc,phases      ] GC(139)   Other: 0.2ms
[54.471s][info][gc,heap        ] GC(139) Eden regions: 23->0(22)
[54.471s][info][gc,heap        ] GC(139) Survivor regions: 1->1(3)
[54.471s][info][gc,heap        ] GC(139) Old regions: 14->15
[54.471s][info][gc,heap        ] GC(139) Humongous regions: 0->0
[54.471s][info][gc,metaspace   ] GC(139) Metaspace: 45529K->45529K(1089536K)
[54.471s][info][gc             ] GC(139) Pause Young (Normal) (G1 Evacuation Pause) 35M->12M(44M) 1.311ms
[54.471s][info][gc,cpu         ] GC(139) User=0.00s Sys=0.00s Real=0.00s
[54.573s][info][gc,start       ] GC(140) Pause Young (Normal) (G1 Evacuation Pause)
[54.573s][info][gc,task        ] GC(140) Using 1 workers of 1 for evacuation
[54.574s][info][gc,phases      ] GC(140)   Pre Evacuate Collection Set: 0.0ms
[54.574s][info][gc,phases      ] GC(140)   Evacuate Collection Set: 0.9ms
[54.574s][info][gc,phases      ] GC(140)   Post Evacuate Collection Set: 0.1ms
[54.574s][info][gc,phases      ] GC(140)   Other: 0.1ms
[54.574s][info][gc,heap        ] GC(140) Eden regions: 22->0(22)
[54.574s][info][gc,heap        ] GC(140) Survivor regions: 1->1(3)
[54.574s][info][gc,heap        ] GC(140) Old regions: 15->15
[54.574s][info][gc,heap        ] GC(140) Humongous regions: 0->0
[54.574s][info][gc,metaspace   ] GC(140) Metaspace: 45529K->45529K(1089536K)
[54.574s][info][gc             ] GC(140) Pause Young (Normal) (G1 Evacuation Pause) 34M->13M(44M) 1.130ms
[54.574s][info][gc,cpu         ] GC(140) User=0.00s Sys=0.00s Real=0.00s
[54.673s][info][gc,start       ] GC(141) Pause Young (Normal) (G1 Evacuation Pause)
[54.673s][info][gc,task        ] GC(141) Using 1 workers of 1 for evacuation
[54.674s][info][gc,phases      ] GC(141)   Pre Evacuate Collection Set: 0.0ms
[54.674s][info][gc,phases      ] GC(141)   Evacuate Collection Set: 0.8ms
[54.674s][info][gc,phases      ] GC(141)   Post Evacuate Collection Set: 0.1ms
[54.674s][info][gc,phases      ] GC(141)   Other: 0.1ms
[54.674s][info][gc,heap        ] GC(141) Eden regions: 22->0(22)
[54.674s][info][gc,heap        ] GC(141) Survivor regions: 1->1(3)
[54.674s][info][gc,heap        ] GC(141) Old regions: 15->15
[54.674s][info][gc,heap        ] GC(141) Humongous regions: 0->0
[54.674s][info][gc,metaspace   ] GC(141) Metaspace: 45529K->45529K(1089536K)
[54.674s][info][gc             ] GC(141) Pause Young (Normal) (G1 Evacuation Pause) 35M->12M(44M) 1.042ms
[54.674s][info][gc,cpu         ] GC(141) User=0.00s Sys=0.00s Real=0.00s
[54.766s][info][gc,start       ] GC(142) Pause Young (Normal) (G1 Evacuation Pause)
[54.766s][info][gc,task        ] GC(142) Using 1 workers of 1 for evacuation
[54.766s][info][gc,phases      ] GC(142)   Pre Evacuate Collection Set: 0.0ms
[54.766s][info][gc,phases      ] GC(142)   Evacuate Collection Set: 0.7ms
[54.766s][info][gc,phases      ] GC(142)   Post Evacuate Collection Set: 0.1ms
[54.766s][info][gc,phases      ] GC(142)   Other: 0.1ms
[54.766s][info][gc,heap        ] GC(142) Eden regions: 22->0(22)
[54.766s][info][gc,heap        ] GC(142) Survivor regions: 1->1(3)
[54.766s][info][gc,heap        ] GC(142) Old regions: 15->15
[54.766s][info][gc,heap        ] GC(142) Humongous regions: 0->0
[54.766s][info][gc,metaspace   ] GC(142) Metaspace: 45529K->45529K(1089536K)
[54.766s][info][gc             ] GC(142) Pause Young (Normal) (G1 Evacuation Pause) 34M->12M(44M) 0.972ms
[54.766s][info][gc,cpu         ] GC(142) User=0.00s Sys=0.00s Real=0.00s
[54.855s][info][gc,start       ] GC(143) Pause Young (Normal) (G1 Evacuation Pause)
[54.855s][info][gc,task        ] GC(143) Using 1 workers of 1 for evacuation
[54.856s][info][gc,phases      ] GC(143)   Pre Evacuate Collection Set: 0.0ms
[54.856s][info][gc,phases      ] GC(143)   Evacuate Collection Set: 0.8ms
[54.856s][info][gc,phases      ] GC(143)   Post Evacuate Collection Set: 0.1ms
[54.856s][info][gc,phases      ] GC(143)   Other: 0.1ms
[54.856s][info][gc,heap        ] GC(143) Eden regions: 22->0(22)
[54.856s][info][gc,heap        ] GC(143) Survivor regions: 1->1(3)
[54.856s][info][gc,heap        ] GC(143) Old regions: 15->15
[54.856s][info][gc,heap        ] GC(143) Humongous regions: 0->0
[54.856s][info][gc,metaspace   ] GC(143) Metaspace: 45529K->45529K(1089536K)
[54.856s][info][gc             ] GC(143) Pause Young (Normal) (G1 Evacuation Pause) 34M->12M(44M) 0.983ms
[54.856s][info][gc,cpu         ] GC(143) User=0.00s Sys=0.00s Real=0.00s
[54.943s][info][gc,start       ] GC(144) Pause Young (Normal) (G1 Evacuation Pause)
[54.943s][info][gc,task        ] GC(144) Using 1 workers of 1 for evacuation
[54.944s][info][gc,phases      ] GC(144)   Pre Evacuate Collection Set: 0.0ms
[54.944s][info][gc,phases      ] GC(144)   Evacuate Collection Set: 0.8ms
[54.944s][info][gc,phases      ] GC(144)   Post Evacuate Collection Set: 0.1ms
[54.944s][info][gc,phases      ] GC(144)   Other: 0.1ms
[54.944s][info][gc,heap        ] GC(144) Eden regions: 22->0(22)
[54.944s][info][gc,heap        ] GC(144) Survivor regions: 1->1(3)
[54.944s][info][gc,heap        ] GC(144) Old regions: 15->15
[54.944s][info][gc,heap        ] GC(144) Humongous regions: 0->0
[54.944s][info][gc,metaspace   ] GC(144) Metaspace: 45529K->45529K(1089536K)
[54.944s][info][gc             ] GC(144) Pause Young (Normal) (G1 Evacuation Pause) 34M->12M(44M) 1.070ms
[54.944s][info][gc,cpu         ] GC(144) User=0.00s Sys=0.00s Real=0.00s
[54.995s][info][gc,task        ] GC(145) Using 1 workers of 1 for full compaction
[54.995s][info][gc,start       ] GC(145) Pause Full (System.gc())
[54.995s][info][gc,phases,start] GC(145) Phase 1: Mark live objects
[55.033s][info][gc,stringtable ] GC(145) Cleaned string and symbol table, strings: 13725 processed, 0 removed, symbols: 76640 processed, 0 removed
[55.033s][info][gc,phases      ] GC(145) Phase 1: Mark live objects 38.258ms
[55.033s][info][gc,phases,start] GC(145) Phase 2: Prepare for compaction
[55.036s][info][gc,phases      ] GC(145) Phase 2: Prepare for compaction 2.938ms
[55.036s][info][gc,phases,start] GC(145) Phase 3: Adjust pointers
[55.050s][info][gc,phases      ] GC(145) Phase 3: Adjust pointers 14.302ms
[55.050s][info][gc,phases,start] GC(145) Phase 4: Compact heap
[55.052s][info][gc,phases      ] GC(145) Phase 4: Compact heap 1.917ms
[55.058s][info][gc,heap        ] GC(145) Eden regions: 10->0(24)
[55.058s][info][gc,heap        ] GC(145) Survivor regions: 1->0(3)
[55.058s][info][gc,heap        ] GC(145) Old regions: 15->14
[55.058s][info][gc,heap        ] GC(145) Humongous regions: 0->0
[55.058s][info][gc,metaspace   ] GC(145) Metaspace: 45534K->45534K(1089536K)
[55.058s][info][gc             ] GC(145) Pause Full (System.gc()) 22M->12M(44M) 63.520ms
[55.058s][info][gc,cpu         ] GC(145) User=0.05s Sys=0.00s Real=0.06s
[55.224s][info][gc,start       ] GC(146) Pause Young (Normal) (G1 Evacuation Pause)
[55.224s][info][gc,task        ] GC(146) Using 1 workers of 1 for evacuation
[55.226s][info][gc,phases      ] GC(146)   Pre Evacuate Collection Set: 0.0ms
[55.226s][info][gc,phases      ] GC(146)   Evacuate Collection Set: 1.0ms
[55.226s][info][gc,phases      ] GC(146)   Post Evacuate Collection Set: 0.1ms
[55.226s][info][gc,phases      ] GC(146)   Other: 0.1ms
[55.226s][info][gc,heap        ] GC(146) Eden regions: 24->0(23)
[55.226s][info][gc,heap        ] GC(146) Survivor regions: 0->1(3)
[55.226s][info][gc,heap        ] GC(146) Old regions: 14->14
[55.226s][info][gc,heap        ] GC(146) Humongous regions: 0->0
[55.226s][info][gc,metaspace   ] GC(146) Metaspace: 45544K->45544K(1089536K)
[55.226s][info][gc             ] GC(146) Pause Young (Normal) (G1 Evacuation Pause) 36M->12M(44M) 1.310ms
[55.226s][info][gc,cpu         ] GC(146) User=0.01s Sys=0.00s Real=0.00s
[55.318s][info][gc,start       ] GC(147) Pause Young (Normal) (G1 Evacuation Pause)
[55.318s][info][gc,task        ] GC(147) Using 1 workers of 1 for evacuation
[55.319s][info][gc,phases      ] GC(147)   Pre Evacuate Collection Set: 0.0ms
[55.319s][info][gc,phases      ] GC(147)   Evacuate Collection Set: 1.1ms
[55.319s][info][gc,phases      ] GC(147)   Post Evacuate Collection Set: 0.1ms
[55.319s][info][gc,phases      ] GC(147)   Other: 0.1ms
[55.319s][info][gc,heap        ] GC(147) Eden regions: 23->0(23)
[55.319s][info][gc,heap        ] GC(147) Survivor regions: 1->1(3)
[55.319s][info][gc,heap        ] GC(147) Old regions: 14->14
[55.319s][info][gc,heap        ] GC(147) Humongous regions: 0->0
[55.319s][info][gc,metaspace   ] GC(147) Metaspace: 45544K->45544K(1089536K)
[55.319s][info][gc             ] GC(147) Pause Young (Normal) (G1 Evacuation Pause) 35M->12M(44M) 1.297ms
[55.319s][info][gc,cpu         ] GC(147) User=0.00s Sys=0.00s Real=0.00s
[55.413s][info][gc,start       ] GC(148) Pause Young (Normal) (G1 Evacuation Pause)
[55.413s][info][gc,task        ] GC(148) Using 1 workers of 1 for evacuation
[55.414s][info][gc,phases      ] GC(148)   Pre Evacuate Collection Set: 0.0ms
[55.414s][info][gc,phases      ] GC(148)   Evacuate Collection Set: 1.0ms
[55.414s][info][gc,phases      ] GC(148)   Post Evacuate Collection Set: 0.1ms
[55.414s][info][gc,phases      ] GC(148)   Other: 0.1ms
[55.414s][info][gc,heap        ] GC(148) Eden regions: 23->0(23)
[55.414s][info][gc,heap        ] GC(148) Survivor regions: 1->1(3)
[55.414s][info][gc,heap        ] GC(148) Old regions: 14->14
[55.414s][info][gc,heap        ] GC(148) Humongous regions: 0->0
[55.414s][info][gc,metaspace   ] GC(148) Metaspace: 45544K->45544K(1089536K)
[55.414s][info][gc             ] GC(148) Pause Young (Normal) (G1 Evacuation Pause) 35M->12M(44M) 1.195ms
[55.414s][info][gc,cpu         ] GC(148) User=0.00s Sys=0.00s Real=0.00s
[55.509s][info][gc,start       ] GC(149) Pause Young (Normal) (G1 Evacuation Pause)
[55.509s][info][gc,task        ] GC(149) Using 1 workers of 1 for evacuation
[55.510s][info][gc,phases      ] GC(149)   Pre Evacuate Collection Set: 0.0ms
[55.510s][info][gc,phases      ] GC(149)   Evacuate Collection Set: 0.9ms
[55.510s][info][gc,phases      ] GC(149)   Post Evacuate Collection Set: 0.2ms
[55.510s][info][gc,phases      ] GC(149)   Other: 0.1ms
[55.510s][info][gc,heap        ] GC(149) Eden regions: 23->0(30)
[55.510s][info][gc,heap        ] GC(149) Survivor regions: 1->1(3)
[55.510s][info][gc,heap        ] GC(149) Old regions: 14->14
[55.510s][info][gc,heap        ] GC(149) Humongous regions: 0->0
[55.510s][info][gc,metaspace   ] GC(149) Metaspace: 45544K->45544K(1089536K)
[55.510s][info][gc             ] GC(149) Pause Young (Normal) (G1 Evacuation Pause) 35M->12M(53M) 1.334ms
[55.510s][info][gc,cpu         ] GC(149) User=0.00s Sys=0.00s Real=0.00s
[55.632s][info][gc,start       ] GC(150) Pause Young (Normal) (G1 Evacuation Pause)
[55.633s][info][gc,task        ] GC(150) Using 1 workers of 1 for evacuation
[55.634s][info][gc,phases      ] GC(150)   Pre Evacuate Collection Set: 0.0ms
[55.634s][info][gc,phases      ] GC(150)   Evacuate Collection Set: 1.0ms
[55.634s][info][gc,phases      ] GC(150)   Post Evacuate Collection Set: 0.1ms
[55.634s][info][gc,phases      ] GC(150)   Other: 0.2ms
[55.634s][info][gc,heap        ] GC(150) Eden regions: 30->0(30)
[55.634s][info][gc,heap        ] GC(150) Survivor regions: 1->1(4)
[55.634s][info][gc,heap        ] GC(150) Old regions: 14->14
[55.634s][info][gc,heap        ] GC(150) Humongous regions: 0->0
[55.634s][info][gc,metaspace   ] GC(150) Metaspace: 45544K->45544K(1089536K)
[55.634s][info][gc             ] GC(150) Pause Young (Normal) (G1 Evacuation Pause) 42M->12M(53M) 1.271ms
[55.634s][info][gc,cpu         ] GC(150) User=0.00s Sys=0.00s Real=0.00s
[55.754s][info][gc,start       ] GC(151) Pause Young (Normal) (G1 Evacuation Pause)
[55.754s][info][gc,task        ] GC(151) Using 1 workers of 1 for evacuation
[55.756s][info][gc,phases      ] GC(151)   Pre Evacuate Collection Set: 0.0ms
[55.756s][info][gc,phases      ] GC(151)   Evacuate Collection Set: 1.1ms
[55.756s][info][gc,phases      ] GC(151)   Post Evacuate Collection Set: 0.1ms
[55.756s][info][gc,phases      ] GC(151)   Other: 0.1ms
[55.756s][info][gc,heap        ] GC(151) Eden regions: 30->0(30)
[55.756s][info][gc,heap        ] GC(151) Survivor regions: 1->1(4)
[55.756s][info][gc,heap        ] GC(151) Old regions: 14->14
[55.756s][info][gc,heap        ] GC(151) Humongous regions: 0->0
[55.756s][info][gc,metaspace   ] GC(151) Metaspace: 45544K->45544K(1089536K)
[55.756s][info][gc             ] GC(151) Pause Young (Normal) (G1 Evacuation Pause) 42M->12M(53M) 1.318ms
[55.756s][info][gc,cpu         ] GC(151) User=0.00s Sys=0.00s Real=0.01s
[55.880s][info][gc,start       ] GC(152) Pause Young (Normal) (G1 Evacuation Pause)
[55.881s][info][gc,task        ] GC(152) Using 1 workers of 1 for evacuation
[55.882s][info][gc,phases      ] GC(152)   Pre Evacuate Collection Set: 0.0ms
[55.882s][info][gc,phases      ] GC(152)   Evacuate Collection Set: 0.9ms
[55.882s][info][gc,phases      ] GC(152)   Post Evacuate Collection Set: 0.1ms
[55.882s][info][gc,phases      ] GC(152)   Other: 0.1ms
[55.882s][info][gc,heap        ] GC(152) Eden regions: 30->0(30)
[55.882s][info][gc,heap        ] GC(152) Survivor regions: 1->1(4)
[55.882s][info][gc,heap        ] GC(152) Old regions: 14->14
[55.882s][info][gc,heap        ] GC(152) Humongous regions: 0->0
[55.882s][info][gc,metaspace   ] GC(152) Metaspace: 45544K->45544K(1089536K)
[55.882s][info][gc             ] GC(152) Pause Young (Normal) (G1 Evacuation Pause) 42M->12M(53M) 1.161ms
[55.882s][info][gc,cpu         ] GC(152) User=0.01s Sys=0.00s Real=0.00s
[56.002s][info][gc,start       ] GC(153) Pause Young (Normal) (G1 Evacuation Pause)
[56.002s][info][gc,task        ] GC(153) Using 1 workers of 1 for evacuation
[56.003s][info][gc,phases      ] GC(153)   Pre Evacuate Collection Set: 0.0ms
[56.003s][info][gc,phases      ] GC(153)   Evacuate Collection Set: 1.0ms
[56.003s][info][gc,phases      ] GC(153)   Post Evacuate Collection Set: 0.2ms
[56.003s][info][gc,phases      ] GC(153)   Other: 0.1ms
[56.003s][info][gc,heap        ] GC(153) Eden regions: 30->0(30)
[56.003s][info][gc,heap        ] GC(153) Survivor regions: 1->1(4)
[56.003s][info][gc,heap        ] GC(153) Old regions: 14->14
[56.003s][info][gc,heap        ] GC(153) Humongous regions: 0->0
[56.003s][info][gc,metaspace   ] GC(153) Metaspace: 45544K->45544K(1089536K)
[56.003s][info][gc             ] GC(153) Pause Young (Normal) (G1 Evacuation Pause) 42M->12M(53M) 1.320ms
[56.003s][info][gc,cpu         ] GC(153) User=0.00s Sys=0.00s Real=0.01s
[56.124s][info][gc,start       ] GC(154) Pause Young (Normal) (G1 Evacuation Pause)
[56.124s][info][gc,task        ] GC(154) Using 1 workers of 1 for evacuation
[56.126s][info][gc,phases      ] GC(154)   Pre Evacuate Collection Set: 0.0ms
[56.126s][info][gc,phases      ] GC(154)   Evacuate Collection Set: 1.0ms
[56.126s][info][gc,phases      ] GC(154)   Post Evacuate Collection Set: 0.2ms
[56.126s][info][gc,phases      ] GC(154)   Other: 0.1ms
[56.126s][info][gc,heap        ] GC(154) Eden regions: 30->0(37)
[56.126s][info][gc,heap        ] GC(154) Survivor regions: 1->1(4)
[56.126s][info][gc,heap        ] GC(154) Old regions: 14->14
[56.126s][info][gc,heap        ] GC(154) Humongous regions: 0->0
[56.126s][info][gc,metaspace   ] GC(154) Metaspace: 45544K->45544K(1089536K)
[56.126s][info][gc             ] GC(154) Pause Young (Normal) (G1 Evacuation Pause) 42M->12M(64M) 1.296ms
[56.126s][info][gc,cpu         ] GC(154) User=0.01s Sys=0.00s Real=0.00s
[56.279s][info][gc,start       ] GC(155) Pause Young (Normal) (G1 Evacuation Pause)
[56.279s][info][gc,task        ] GC(155) Using 1 workers of 1 for evacuation
[56.280s][info][gc,phases      ] GC(155)   Pre Evacuate Collection Set: 0.0ms
[56.280s][info][gc,phases      ] GC(155)   Evacuate Collection Set: 1.0ms
[56.280s][info][gc,phases      ] GC(155)   Post Evacuate Collection Set: 0.1ms
[56.280s][info][gc,phases      ] GC(155)   Other: 0.2ms
[56.280s][info][gc,heap        ] GC(155) Eden regions: 37->0(37)
[56.280s][info][gc,heap        ] GC(155) Survivor regions: 1->1(5)
[56.280s][info][gc,heap        ] GC(155) Old regions: 14->14
[56.280s][info][gc,heap        ] GC(155) Humongous regions: 0->0
[56.280s][info][gc,metaspace   ] GC(155) Metaspace: 45544K->45544K(1089536K)
[56.280s][info][gc             ] GC(155) Pause Young (Normal) (G1 Evacuation Pause) 49M->12M(64M) 1.364ms
[56.280s][info][gc,cpu         ] GC(155) User=0.00s Sys=0.00s Real=0.00s
[56.440s][info][gc,start       ] GC(156) Pause Young (Normal) (G1 Evacuation Pause)
[56.440s][info][gc,task        ] GC(156) Using 1 workers of 1 for evacuation
[56.442s][info][gc,phases      ] GC(156)   Pre Evacuate Collection Set: 0.0ms
[56.442s][info][gc,phases      ] GC(156)   Evacuate Collection Set: 1.1ms
[56.442s][info][gc,phases      ] GC(156)   Post Evacuate Collection Set: 0.1ms
[56.442s][info][gc,phases      ] GC(156)   Other: 0.1ms
[56.442s][info][gc,heap        ] GC(156) Eden regions: 37->0(37)
[56.442s][info][gc,heap        ] GC(156) Survivor regions: 1->1(5)
[56.442s][info][gc,heap        ] GC(156) Old regions: 14->14
[56.442s][info][gc,heap        ] GC(156) Humongous regions: 0->0
[56.442s][info][gc,metaspace   ] GC(156) Metaspace: 45544K->45544K(1089536K)
[56.442s][info][gc             ] GC(156) Pause Young (Normal) (G1 Evacuation Pause) 49M->12M(64M) 1.385ms
[56.442s][info][gc,cpu         ] GC(156) User=0.00s Sys=0.00s Real=0.00s
[56.593s][info][gc,start       ] GC(157) Pause Young (Normal) (G1 Evacuation Pause)
[56.593s][info][gc,task        ] GC(157) Using 1 workers of 1 for evacuation
[56.594s][info][gc,phases      ] GC(157)   Pre Evacuate Collection Set: 0.0ms
[56.594s][info][gc,phases      ] GC(157)   Evacuate Collection Set: 0.9ms
[56.594s][info][gc,phases      ] GC(157)   Post Evacuate Collection Set: 0.1ms
[56.594s][info][gc,phases      ] GC(157)   Other: 0.1ms
[56.594s][info][gc,heap        ] GC(157) Eden regions: 37->0(37)
[56.594s][info][gc,heap        ] GC(157) Survivor regions: 1->1(5)
[56.594s][info][gc,heap        ] GC(157) Old regions: 14->14
[56.594s][info][gc,heap        ] GC(157) Humongous regions: 0->0
[56.594s][info][gc,metaspace   ] GC(157) Metaspace: 45544K->45544K(1089536K)
[56.594s][info][gc             ] GC(157) Pause Young (Normal) (G1 Evacuation Pause) 49M->12M(64M) 1.213ms
[56.594s][info][gc,cpu         ] GC(157) User=0.00s Sys=0.00s Real=0.01s
[56.740s][info][gc,start       ] GC(158) Pause Young (Normal) (G1 Evacuation Pause)
[56.740s][info][gc,task        ] GC(158) Using 1 workers of 1 for evacuation
[56.741s][info][gc,phases      ] GC(158)   Pre Evacuate Collection Set: 0.0ms
[56.741s][info][gc,phases      ] GC(158)   Evacuate Collection Set: 1.0ms
[56.741s][info][gc,phases      ] GC(158)   Post Evacuate Collection Set: 0.1ms
[56.741s][info][gc,phases      ] GC(158)   Other: 0.1ms
[56.741s][info][gc,heap        ] GC(158) Eden regions: 37->0(37)
[56.741s][info][gc,heap        ] GC(158) Survivor regions: 1->1(5)
[56.741s][info][gc,heap        ] GC(158) Old regions: 14->14
[56.741s][info][gc,heap        ] GC(158) Humongous regions: 0->0
[56.741s][info][gc,metaspace   ] GC(158) Metaspace: 45544K->45544K(1089536K)
[56.741s][info][gc             ] GC(158) Pause Young (Normal) (G1 Evacuation Pause) 49M->12M(64M) 1.256ms
[56.741s][info][gc,cpu         ] GC(158) User=0.00s Sys=0.00s Real=0.00s
[56.888s][info][gc,start       ] GC(159) Pause Young (Normal) (G1 Evacuation Pause)
[56.888s][info][gc,task        ] GC(159) Using 1 workers of 1 for evacuation
[56.889s][info][gc,phases      ] GC(159)   Pre Evacuate Collection Set: 0.0ms
[56.889s][info][gc,phases      ] GC(159)   Evacuate Collection Set: 1.0ms
[56.889s][info][gc,phases      ] GC(159)   Post Evacuate Collection Set: 0.1ms
[56.889s][info][gc,phases      ] GC(159)   Other: 0.2ms
[56.889s][info][gc,heap        ] GC(159) Eden regions: 37->0(37)
[56.889s][info][gc,heap        ] GC(159) Survivor regions: 1->1(5)
[56.889s][info][gc,heap        ] GC(159) Old regions: 14->14
[56.889s][info][gc,heap        ] GC(159) Humongous regions: 0->0
[56.889s][info][gc,metaspace   ] GC(159) Metaspace: 45544K->45544K(1089536K)
[56.889s][info][gc             ] GC(159) Pause Young (Normal) (G1 Evacuation Pause) 49M->12M(64M) 1.273ms
[56.889s][info][gc,cpu         ] GC(159) User=0.00s Sys=0.00s Real=0.00s
[57.038s][info][gc,start       ] GC(160) Pause Young (Normal) (G1 Evacuation Pause)
[57.038s][info][gc,task        ] GC(160) Using 1 workers of 1 for evacuation
[57.039s][info][gc,phases      ] GC(160)   Pre Evacuate Collection Set: 0.0ms
[57.039s][info][gc,phases      ] GC(160)   Evacuate Collection Set: 1.0ms
[57.039s][info][gc,phases      ] GC(160)   Post Evacuate Collection Set: 0.1ms
[57.039s][info][gc,phases      ] GC(160)   Other: 0.1ms
[57.039s][info][gc,heap        ] GC(160) Eden regions: 37->0(37)
[57.039s][info][gc,heap        ] GC(160) Survivor regions: 1->1(5)
[57.039s][info][gc,heap        ] GC(160) Old regions: 14->14
[57.039s][info][gc,heap        ] GC(160) Humongous regions: 0->0
[57.039s][info][gc,metaspace   ] GC(160) Metaspace: 45544K->45544K(1089536K)
[57.039s][info][gc             ] GC(160) Pause Young (Normal) (G1 Evacuation Pause) 49M->12M(64M) 1.256ms
[57.039s][info][gc,cpu         ] GC(160) User=0.01s Sys=0.00s Real=0.00s
[57.142s][info][gc,task        ] GC(161) Using 1 workers of 1 for full compaction
[57.142s][info][gc,start       ] GC(161) Pause Full (System.gc())
[57.142s][info][gc,phases,start] GC(161) Phase 1: Mark live objects
[57.174s][info][gc,stringtable ] GC(161) Cleaned string and symbol table, strings: 13729 processed, 0 removed, symbols: 76640 processed, 0 removed
[57.174s][info][gc,phases      ] GC(161) Phase 1: Mark live objects 31.262ms
[57.174s][info][gc,phases,start] GC(161) Phase 2: Prepare for compaction
[57.181s][info][gc,phases      ] GC(161) Phase 2: Prepare for compaction 7.816ms
[57.181s][info][gc,phases,start] GC(161) Phase 3: Adjust pointers
[57.196s][info][gc,phases      ] GC(161) Phase 3: Adjust pointers 14.581ms
[57.196s][info][gc,phases,start] GC(161) Phase 4: Compact heap
[57.198s][info][gc,phases      ] GC(161) Phase 4: Compact heap 2.018ms
[57.205s][info][gc,heap        ] GC(161) Eden regions: 24->0(27)
[57.205s][info][gc,heap        ] GC(161) Survivor regions: 1->0(5)
[57.205s][info][gc,heap        ] GC(161) Old regions: 14->14
[57.205s][info][gc,heap        ] GC(161) Humongous regions: 0->0
[57.205s][info][gc,metaspace   ] GC(161) Metaspace: 45544K->45544K(1089536K)
[57.205s][info][gc             ] GC(161) Pause Full (System.gc()) 36M->12M(47M) 62.585ms
[57.205s][info][gc,cpu         ] GC(161) User=0.04s Sys=0.00s Real=0.07s
[57.361s][info][gc,start       ] GC(162) Pause Young (Normal) (G1 Evacuation Pause)
[57.361s][info][gc,task        ] GC(162) Using 1 workers of 1 for evacuation
[57.362s][info][gc,phases      ] GC(162)   Pre Evacuate Collection Set: 0.0ms
[57.362s][info][gc,phases      ] GC(162)   Evacuate Collection Set: 1.1ms
[57.362s][info][gc,phases      ] GC(162)   Post Evacuate Collection Set: 0.1ms
[57.362s][info][gc,phases      ] GC(162)   Other: 0.1ms
[57.362s][info][gc,heap        ] GC(162) Eden regions: 27->0(26)
[57.362s][info][gc,heap        ] GC(162) Survivor regions: 0->1(4)
[57.362s][info][gc,heap        ] GC(162) Old regions: 14->14
[57.362s][info][gc,heap        ] GC(162) Humongous regions: 0->0
[57.362s][info][gc,metaspace   ] GC(162) Metaspace: 45565K->45565K(1089536K)
[57.362s][info][gc             ] GC(162) Pause Young (Normal) (G1 Evacuation Pause) 39M->12M(47M) 1.325ms
[57.362s][info][gc,cpu         ] GC(162) User=0.00s Sys=0.00s Real=0.00s
[57.469s][info][gc,start       ] GC(163) Pause Young (Normal) (G1 Evacuation Pause)
[57.469s][info][gc,task        ] GC(163) Using 1 workers of 1 for evacuation
[57.471s][info][gc,phases      ] GC(163)   Pre Evacuate Collection Set: 0.0ms
[57.471s][info][gc,phases      ] GC(163)   Evacuate Collection Set: 1.1ms
[57.471s][info][gc,phases      ] GC(163)   Post Evacuate Collection Set: 0.1ms
[57.471s][info][gc,phases      ] GC(163)   Other: 0.1ms
[57.471s][info][gc,heap        ] GC(163) Eden regions: 26->0(26)
[57.471s][info][gc,heap        ] GC(163) Survivor regions: 1->1(4)
[57.471s][info][gc,heap        ] GC(163) Old regions: 14->14
[57.471s][info][gc,heap        ] GC(163) Humongous regions: 0->0
[57.471s][info][gc,metaspace   ] GC(163) Metaspace: 45565K->45565K(1089536K)
[57.471s][info][gc             ] GC(163) Pause Young (Normal) (G1 Evacuation Pause) 38M->12M(47M) 1.360ms
[57.471s][info][gc,cpu         ] GC(163) User=0.00s Sys=0.00s Real=0.00s
[57.576s][info][gc,start       ] GC(164) Pause Young (Normal) (G1 Evacuation Pause)
[57.576s][info][gc,task        ] GC(164) Using 1 workers of 1 for evacuation
[57.577s][info][gc,phases      ] GC(164)   Pre Evacuate Collection Set: 0.0ms
[57.577s][info][gc,phases      ] GC(164)   Evacuate Collection Set: 1.0ms
[57.577s][info][gc,phases      ] GC(164)   Post Evacuate Collection Set: 0.1ms
[57.577s][info][gc,phases      ] GC(164)   Other: 0.1ms
[57.577s][info][gc,heap        ] GC(164) Eden regions: 26->0(26)
[57.577s][info][gc,heap        ] GC(164) Survivor regions: 1->1(4)
[57.577s][info][gc,heap        ] GC(164) Old regions: 14->14
[57.577s][info][gc,heap        ] GC(164) Humongous regions: 0->0
[57.577s][info][gc,metaspace   ] GC(164) Metaspace: 45565K->45565K(1089536K)
[57.577s][info][gc             ] GC(164) Pause Young (Normal) (G1 Evacuation Pause) 38M->12M(47M) 1.233ms
[57.577s][info][gc,cpu         ] GC(164) User=0.00s Sys=0.00s Real=0.00s
[57.691s][info][gc,start       ] GC(165) Pause Young (Normal) (G1 Evacuation Pause)
[57.691s][info][gc,task        ] GC(165) Using 1 workers of 1 for evacuation
[57.692s][info][gc,phases      ] GC(165)   Pre Evacuate Collection Set: 0.0ms
[57.692s][info][gc,phases      ] GC(165)   Evacuate Collection Set: 1.1ms
[57.692s][info][gc,phases      ] GC(165)   Post Evacuate Collection Set: 0.1ms
[57.692s][info][gc,phases      ] GC(165)   Other: 0.1ms
[57.692s][info][gc,heap        ] GC(165) Eden regions: 26->0(26)
[57.692s][info][gc,heap        ] GC(165) Survivor regions: 1->1(4)
[57.692s][info][gc,heap        ] GC(165) Old regions: 14->14
[57.692s][info][gc,heap        ] GC(165) Humongous regions: 0->0
[57.692s][info][gc,metaspace   ] GC(165) Metaspace: 45565K->45565K(1089536K)
[57.692s][info][gc             ] GC(165) Pause Young (Normal) (G1 Evacuation Pause) 38M->12M(47M) 1.287ms
[57.692s][info][gc,cpu         ] GC(165) User=0.00s Sys=0.00s Real=0.00s
[57.795s][info][gc,start       ] GC(166) Pause Young (Normal) (G1 Evacuation Pause)
[57.795s][info][gc,task        ] GC(166) Using 1 workers of 1 for evacuation
[57.796s][info][gc,phases      ] GC(166)   Pre Evacuate Collection Set: 0.0ms
[57.796s][info][gc,phases      ] GC(166)   Evacuate Collection Set: 1.0ms
[57.796s][info][gc,phases      ] GC(166)   Post Evacuate Collection Set: 0.1ms
[57.796s][info][gc,phases      ] GC(166)   Other: 0.1ms
[57.796s][info][gc,heap        ] GC(166) Eden regions: 26->0(26)
[57.796s][info][gc,heap        ] GC(166) Survivor regions: 1->1(4)
[57.796s][info][gc,heap        ] GC(166) Old regions: 14->14
[57.796s][info][gc,heap        ] GC(166) Humongous regions: 0->0
[57.796s][info][gc,metaspace   ] GC(166) Metaspace: 45565K->45565K(1089536K)
[57.796s][info][gc             ] GC(166) Pause Young (Normal) (G1 Evacuation Pause) 38M->12M(47M) 1.213ms
[57.796s][info][gc,cpu         ] GC(166) User=0.00s Sys=0.00s Real=0.00s
[57.902s][info][gc,start       ] GC(167) Pause Young (Normal) (G1 Evacuation Pause)
[57.902s][info][gc,task        ] GC(167) Using 1 workers of 1 for evacuation
[57.903s][info][gc,phases      ] GC(167)   Pre Evacuate Collection Set: 0.0ms
[57.903s][info][gc,phases      ] GC(167)   Evacuate Collection Set: 1.0ms
[57.903s][info][gc,phases      ] GC(167)   Post Evacuate Collection Set: 0.1ms
[57.903s][info][gc,phases      ] GC(167)   Other: 0.1ms
[57.903s][info][gc,heap        ] GC(167) Eden regions: 26->0(26)
[57.903s][info][gc,heap        ] GC(167) Survivor regions: 1->1(4)
[57.903s][info][gc,heap        ] GC(167) Old regions: 14->14
[57.903s][info][gc,heap        ] GC(167) Humongous regions: 0->0
[57.903s][info][gc,metaspace   ] GC(167) Metaspace: 45566K->45566K(1089536K)
[57.903s][info][gc             ] GC(167) Pause Young (Normal) (G1 Evacuation Pause) 38M->12M(47M) 1.192ms
[57.903s][info][gc,cpu         ] GC(167) User=0.01s Sys=0.00s Real=0.00s
[58.007s][info][gc,start       ] GC(168) Pause Young (Normal) (G1 Evacuation Pause)
[58.007s][info][gc,task        ] GC(168) Using 1 workers of 1 for evacuation
[58.008s][info][gc,phases      ] GC(168)   Pre Evacuate Collection Set: 0.0ms
[58.008s][info][gc,phases      ] GC(168)   Evacuate Collection Set: 1.0ms
[58.008s][info][gc,phases      ] GC(168)   Post Evacuate Collection Set: 0.3ms
[58.008s][info][gc,phases      ] GC(168)   Other: 0.1ms
[58.008s][info][gc,heap        ] GC(168) Eden regions: 26->0(44)
[58.008s][info][gc,heap        ] GC(168) Survivor regions: 1->1(4)
[58.008s][info][gc,heap        ] GC(168) Old regions: 14->14
[58.008s][info][gc,heap        ] GC(168) Humongous regions: 0->0
[58.008s][info][gc,metaspace   ] GC(168) Metaspace: 45566K->45566K(1089536K)
[58.008s][info][gc             ] GC(168) Pause Young (Normal) (G1 Evacuation Pause) 38M->12M(75M) 1.448ms
[58.008s][info][gc,cpu         ] GC(168) User=0.00s Sys=0.00s Real=0.00s
[58.198s][info][gc,start       ] GC(169) Pause Young (Normal) (G1 Evacuation Pause)
[58.198s][info][gc,task        ] GC(169) Using 1 workers of 1 for evacuation
[58.199s][info][gc,phases      ] GC(169)   Pre Evacuate Collection Set: 0.0ms
[58.199s][info][gc,phases      ] GC(169)   Evacuate Collection Set: 1.1ms
[58.199s][info][gc,phases      ] GC(169)   Post Evacuate Collection Set: 0.1ms
[58.199s][info][gc,phases      ] GC(169)   Other: 0.1ms
[58.199s][info][gc,heap        ] GC(169) Eden regions: 44->0(44)
[58.199s][info][gc,heap        ] GC(169) Survivor regions: 1->1(6)
[58.199s][info][gc,heap        ] GC(169) Old regions: 14->14
[58.199s][info][gc,heap        ] GC(169) Humongous regions: 0->0
[58.199s][info][gc,metaspace   ] GC(169) Metaspace: 45566K->45566K(1089536K)
[58.199s][info][gc             ] GC(169) Pause Young (Normal) (G1 Evacuation Pause) 56M->12M(75M) 1.340ms
[58.199s][info][gc,cpu         ] GC(169) User=0.01s Sys=0.00s Real=0.00s
[58.381s][info][gc,start       ] GC(170) Pause Young (Normal) (G1 Evacuation Pause)
[58.381s][info][gc,task        ] GC(170) Using 1 workers of 1 for evacuation
[58.383s][info][gc,phases      ] GC(170)   Pre Evacuate Collection Set: 0.0ms
[58.383s][info][gc,phases      ] GC(170)   Evacuate Collection Set: 1.1ms
[58.383s][info][gc,phases      ] GC(170)   Post Evacuate Collection Set: 0.1ms
[58.383s][info][gc,phases      ] GC(170)   Other: 0.1ms
[58.383s][info][gc,heap        ] GC(170) Eden regions: 44->0(44)
[58.383s][info][gc,heap        ] GC(170) Survivor regions: 1->1(6)
[58.383s][info][gc,heap        ] GC(170) Old regions: 14->14
[58.383s][info][gc,heap        ] GC(170) Humongous regions: 0->0
[58.383s][info][gc,metaspace   ] GC(170) Metaspace: 45566K->45566K(1089536K)
[58.383s][info][gc             ] GC(170) Pause Young (Normal) (G1 Evacuation Pause) 56M->12M(75M) 1.355ms
[58.383s][info][gc,cpu         ] GC(170) User=0.01s Sys=0.00s Real=0.01s
[58.563s][info][gc,start       ] GC(171) Pause Young (Normal) (G1 Evacuation Pause)
[58.563s][info][gc,task        ] GC(171) Using 1 workers of 1 for evacuation
[58.564s][info][gc,phases      ] GC(171)   Pre Evacuate Collection Set: 0.0ms
[58.564s][info][gc,phases      ] GC(171)   Evacuate Collection Set: 1.0ms
[58.564s][info][gc,phases      ] GC(171)   Post Evacuate Collection Set: 0.1ms
[58.564s][info][gc,phases      ] GC(171)   Other: 0.1ms
[58.564s][info][gc,heap        ] GC(171) Eden regions: 44->0(44)
[58.564s][info][gc,heap        ] GC(171) Survivor regions: 1->1(6)
[58.564s][info][gc,heap        ] GC(171) Old regions: 14->14
[58.564s][info][gc,heap        ] GC(171) Humongous regions: 0->0
[58.564s][info][gc,metaspace   ] GC(171) Metaspace: 45566K->45566K(1089536K)
[58.564s][info][gc             ] GC(171) Pause Young (Normal) (G1 Evacuation Pause) 56M->12M(75M) 1.257ms
[58.564s][info][gc,cpu         ] GC(171) User=0.00s Sys=0.00s Real=0.00s
[58.749s][info][gc,start       ] GC(172) Pause Young (Normal) (G1 Evacuation Pause)
[58.749s][info][gc,task        ] GC(172) Using 1 workers of 1 for evacuation
[58.751s][info][gc,phases      ] GC(172)   Pre Evacuate Collection Set: 0.0ms
[58.751s][info][gc,phases      ] GC(172)   Evacuate Collection Set: 1.1ms
[58.751s][info][gc,phases      ] GC(172)   Post Evacuate Collection Set: 0.1ms
[58.751s][info][gc,phases      ] GC(172)   Other: 0.2ms
[58.751s][info][gc,heap        ] GC(172) Eden regions: 44->0(44)
[58.751s][info][gc,heap        ] GC(172) Survivor regions: 1->1(6)
[58.751s][info][gc,heap        ] GC(172) Old regions: 14->14
[58.751s][info][gc,heap        ] GC(172) Humongous regions: 0->0
[58.751s][info][gc,metaspace   ] GC(172) Metaspace: 45566K->45566K(1089536K)
[58.751s][info][gc             ] GC(172) Pause Young (Normal) (G1 Evacuation Pause) 56M->12M(75M) 1.464ms
[58.751s][info][gc,cpu         ] GC(172) User=0.00s Sys=0.00s Real=0.00s
[58.950s][info][gc,start       ] GC(173) Pause Young (Normal) (G1 Evacuation Pause)
[58.950s][info][gc,task        ] GC(173) Using 1 workers of 1 for evacuation
[58.951s][info][gc,phases      ] GC(173)   Pre Evacuate Collection Set: 0.0ms
[58.951s][info][gc,phases      ] GC(173)   Evacuate Collection Set: 1.1ms
[58.951s][info][gc,phases      ] GC(173)   Post Evacuate Collection Set: 0.1ms
[58.951s][info][gc,phases      ] GC(173)   Other: 0.1ms
[58.951s][info][gc,heap        ] GC(173) Eden regions: 44->0(44)
[58.951s][info][gc,heap        ] GC(173) Survivor regions: 1->1(6)
[58.951s][info][gc,heap        ] GC(173) Old regions: 14->14
[58.951s][info][gc,heap        ] GC(173) Humongous regions: 0->0
[58.951s][info][gc,metaspace   ] GC(173) Metaspace: 45566K->45566K(1089536K)
[58.951s][info][gc             ] GC(173) Pause Young (Normal) (G1 Evacuation Pause) 56M->12M(75M) 1.352ms
[58.951s][info][gc,cpu         ] GC(173) User=0.00s Sys=0.00s Real=0.00s
[59.130s][info][gc,start       ] GC(174) Pause Young (Normal) (G1 Evacuation Pause)
[59.130s][info][gc,task        ] GC(174) Using 1 workers of 1 for evacuation
[59.132s][info][gc,phases      ] GC(174)   Pre Evacuate Collection Set: 0.0ms
[59.132s][info][gc,phases      ] GC(174)   Evacuate Collection Set: 1.0ms
[59.132s][info][gc,phases      ] GC(174)   Post Evacuate Collection Set: 0.1ms
[59.132s][info][gc,phases      ] GC(174)   Other: 0.1ms
[59.132s][info][gc,heap        ] GC(174) Eden regions: 44->0(44)
[59.132s][info][gc,heap        ] GC(174) Survivor regions: 1->1(6)
[59.132s][info][gc,heap        ] GC(174) Old regions: 14->14
[59.132s][info][gc,heap        ] GC(174) Humongous regions: 0->0
[59.132s][info][gc,metaspace   ] GC(174) Metaspace: 45566K->45566K(1089536K)
[59.132s][info][gc             ] GC(174) Pause Young (Normal) (G1 Evacuation Pause) 56M->12M(75M) 1.322ms
[59.132s][info][gc,cpu         ] GC(174) User=0.00s Sys=0.00s Real=0.00s
[59.304s][info][gc,task        ] GC(175) Using 1 workers of 1 for full compaction
[59.305s][info][gc,start       ] GC(175) Pause Full (System.gc())
[59.305s][info][gc,phases,start] GC(175) Phase 1: Mark live objects
[59.345s][info][gc,stringtable ] GC(175) Cleaned string and symbol table, strings: 13734 processed, 0 removed, symbols: 76640 processed, 0 removed
[59.345s][info][gc,phases      ] GC(175) Phase 1: Mark live objects 40.129ms
[59.345s][info][gc,phases,start] GC(175) Phase 2: Prepare for compaction
[59.348s][info][gc,phases      ] GC(175) Phase 2: Prepare for compaction 3.053ms
[59.348s][info][gc,phases,start] GC(175) Phase 3: Adjust pointers
[59.362s][info][gc,phases      ] GC(175) Phase 3: Adjust pointers 14.349ms
[59.362s][info][gc,phases,start] GC(175) Phase 4: Compact heap
[59.364s][info][gc,phases      ] GC(175) Phase 4: Compact heap 2.065ms
[59.371s][info][gc,heap        ] GC(175) Eden regions: 41->0(27)
[59.371s][info][gc,heap        ] GC(175) Survivor regions: 1->0(6)
[59.371s][info][gc,heap        ] GC(175) Old regions: 14->14
[59.371s][info][gc,heap        ] GC(175) Humongous regions: 0->0
[59.371s][info][gc,metaspace   ] GC(175) Metaspace: 45573K->45573K(1089536K)
[59.371s][info][gc             ] GC(175) Pause Full (System.gc()) 53M->12M(47M) 66.925ms
[59.371s][info][gc,cpu         ] GC(175) User=0.06s Sys=0.00s Real=0.06s
[59.512s][info][gc,start       ] GC(176) Pause Young (Normal) (G1 Evacuation Pause)
[59.512s][info][gc,task        ] GC(176) Using 1 workers of 1 for evacuation
[59.513s][info][gc,phases      ] GC(176)   Pre Evacuate Collection Set: 0.0ms
[59.514s][info][gc,phases      ] GC(176)   Evacuate Collection Set: 1.1ms
[59.514s][info][gc,phases      ] GC(176)   Post Evacuate Collection Set: 0.1ms
[59.514s][info][gc,phases      ] GC(176)   Other: 0.2ms
[59.514s][info][gc,heap        ] GC(176) Eden regions: 27->0(26)
[59.514s][info][gc,heap        ] GC(176) Survivor regions: 0->1(4)
[59.514s][info][gc,heap        ] GC(176) Old regions: 14->14
[59.514s][info][gc,heap        ] GC(176) Humongous regions: 0->0
[59.514s][info][gc,metaspace   ] GC(176) Metaspace: 45601K->45601K(1089536K)
[59.514s][info][gc             ] GC(176) Pause Young (Normal) (G1 Evacuation Pause) 39M->12M(47M) 1.428ms
[59.514s][info][gc,cpu         ] GC(176) User=0.01s Sys=0.00s Real=0.00s
[59.619s][info][gc,start       ] GC(177) Pause Young (Normal) (G1 Evacuation Pause)
[59.619s][info][gc,task        ] GC(177) Using 1 workers of 1 for evacuation
[59.621s][info][gc,phases      ] GC(177)   Pre Evacuate Collection Set: 0.0ms
[59.621s][info][gc,phases      ] GC(177)   Evacuate Collection Set: 1.0ms
[59.621s][info][gc,phases      ] GC(177)   Post Evacuate Collection Set: 0.1ms
[59.621s][info][gc,phases      ] GC(177)   Other: 0.1ms
[59.621s][info][gc,heap        ] GC(177) Eden regions: 26->0(26)
[59.621s][info][gc,heap        ] GC(177) Survivor regions: 1->1(4)
[59.621s][info][gc,heap        ] GC(177) Old regions: 14->14
[59.621s][info][gc,heap        ] GC(177) Humongous regions: 0->0
[59.621s][info][gc,metaspace   ] GC(177) Metaspace: 45601K->45601K(1089536K)
[59.621s][info][gc             ] GC(177) Pause Young (Normal) (G1 Evacuation Pause) 38M->12M(47M) 1.192ms
[59.621s][info][gc,cpu         ] GC(177) User=0.00s Sys=0.00s Real=0.00s
[59.724s][info][gc,start       ] GC(178) Pause Young (Normal) (G1 Evacuation Pause)
[59.724s][info][gc,task        ] GC(178) Using 1 workers of 1 for evacuation
[59.725s][info][gc,phases      ] GC(178)   Pre Evacuate Collection Set: 0.0ms
[59.725s][info][gc,phases      ] GC(178)   Evacuate Collection Set: 1.0ms
[59.725s][info][gc,phases      ] GC(178)   Post Evacuate Collection Set: 0.1ms
[59.725s][info][gc,phases      ] GC(178)   Other: 0.1ms
[59.725s][info][gc,heap        ] GC(178) Eden regions: 26->0(26)
[59.725s][info][gc,heap        ] GC(178) Survivor regions: 1->1(4)
[59.725s][info][gc,heap        ] GC(178) Old regions: 14->14
[59.725s][info][gc,heap        ] GC(178) Humongous regions: 0->0
[59.725s][info][gc,metaspace   ] GC(178) Metaspace: 45601K->45601K(1089536K)
[59.725s][info][gc             ] GC(178) Pause Young (Normal) (G1 Evacuation Pause) 38M->12M(47M) 1.282ms
[59.725s][info][gc,cpu         ] GC(178) User=0.00s Sys=0.00s Real=0.00s
[59.827s][info][gc,start       ] GC(179) Pause Young (Normal) (G1 Evacuation Pause)
[59.827s][info][gc,task        ] GC(179) Using 1 workers of 1 for evacuation
[59.828s][info][gc,phases      ] GC(179)   Pre Evacuate Collection Set: 0.0ms
[59.828s][info][gc,phases      ] GC(179)   Evacuate Collection Set: 1.0ms
[59.828s][info][gc,phases      ] GC(179)   Post Evacuate Collection Set: 0.1ms
[59.828s][info][gc,phases      ] GC(179)   Other: 0.1ms
[59.828s][info][gc,heap        ] GC(179) Eden regions: 26->0(26)
[59.828s][info][gc,heap        ] GC(179) Survivor regions: 1->1(4)
[59.828s][info][gc,heap        ] GC(179) Old regions: 14->14
[59.828s][info][gc,heap        ] GC(179) Humongous regions: 0->0
[59.828s][info][gc,metaspace   ] GC(179) Metaspace: 45601K->45601K(1089536K)
[59.828s][info][gc             ] GC(179) Pause Young (Normal) (G1 Evacuation Pause) 38M->12M(47M) 1.319ms
[59.828s][info][gc,cpu         ] GC(179) User=0.00s Sys=0.00s Real=0.00s
[59.929s][info][gc,start       ] GC(180) Pause Young (Normal) (G1 Evacuation Pause)
[59.929s][info][gc,task        ] GC(180) Using 1 workers of 1 for evacuation
[59.931s][info][gc,phases      ] GC(180)   Pre Evacuate Collection Set: 0.0ms
[59.931s][info][gc,phases      ] GC(180)   Evacuate Collection Set: 1.0ms
[59.931s][info][gc,phases      ] GC(180)   Post Evacuate Collection Set: 0.3ms
[59.931s][info][gc,phases      ] GC(180)   Other: 0.1ms
[59.931s][info][gc,heap        ] GC(180) Eden regions: 26->0(41)
[59.931s][info][gc,heap        ] GC(180) Survivor regions: 1->1(4)
[59.931s][info][gc,heap        ] GC(180) Old regions: 14->14
[59.931s][info][gc,heap        ] GC(180) Humongous regions: 0->0
[59.931s][info][gc,metaspace   ] GC(180) Metaspace: 45601K->45601K(1089536K)
[59.931s][info][gc             ] GC(180) Pause Young (Normal) (G1 Evacuation Pause) 38M->12M(70M) 1.430ms
[59.931s][info][gc,cpu         ] GC(180) User=0.00s Sys=0.00s Real=0.00s
[60.103s][info][gc,start       ] GC(181) Pause Young (Normal) (G1 Evacuation Pause)
[60.103s][info][gc,task        ] GC(181) Using 1 workers of 1 for evacuation
[60.104s][info][gc,phases      ] GC(181)   Pre Evacuate Collection Set: 0.0ms
[60.104s][info][gc,phases      ] GC(181)   Evacuate Collection Set: 1.0ms
[60.104s][info][gc,phases      ] GC(181)   Post Evacuate Collection Set: 0.1ms
[60.104s][info][gc,phases      ] GC(181)   Other: 0.1ms
[60.104s][info][gc,heap        ] GC(181) Eden regions: 41->0(41)
[60.104s][info][gc,heap        ] GC(181) Survivor regions: 1->1(6)
[60.104s][info][gc,heap        ] GC(181) Old regions: 14->14
[60.104s][info][gc,heap        ] GC(181) Humongous regions: 0->0
[60.104s][info][gc,metaspace   ] GC(181) Metaspace: 45601K->45601K(1089536K)
[60.104s][info][gc             ] GC(181) Pause Young (Normal) (G1 Evacuation Pause) 53M->12M(70M) 1.277ms
[60.104s][info][gc,cpu         ] GC(181) User=0.00s Sys=0.00s Real=0.00s
[60.265s][info][gc,start       ] GC(182) Pause Young (Normal) (G1 Evacuation Pause)
[60.265s][info][gc,task        ] GC(182) Using 1 workers of 1 for evacuation
[60.266s][info][gc,phases      ] GC(182)   Pre Evacuate Collection Set: 0.0ms
[60.266s][info][gc,phases      ] GC(182)   Evacuate Collection Set: 1.0ms
[60.266s][info][gc,phases      ] GC(182)   Post Evacuate Collection Set: 0.1ms
[60.266s][info][gc,phases      ] GC(182)   Other: 0.2ms
[60.266s][info][gc,heap        ] GC(182) Eden regions: 41->0(41)
[60.266s][info][gc,heap        ] GC(182) Survivor regions: 1->1(6)
[60.266s][info][gc,heap        ] GC(182) Old regions: 14->14
[60.266s][info][gc,heap        ] GC(182) Humongous regions: 0->0
[60.266s][info][gc,metaspace   ] GC(182) Metaspace: 45601K->45601K(1089536K)
[60.266s][info][gc             ] GC(182) Pause Young (Normal) (G1 Evacuation Pause) 53M->12M(70M) 1.319ms
[60.266s][info][gc,cpu         ] GC(182) User=0.00s Sys=0.00s Real=0.00s
[60.431s][info][gc,start       ] GC(183) Pause Young (Normal) (G1 Evacuation Pause)
[60.431s][info][gc,task        ] GC(183) Using 1 workers of 1 for evacuation
[60.432s][info][gc,phases      ] GC(183)   Pre Evacuate Collection Set: 0.0ms
[60.432s][info][gc,phases      ] GC(183)   Evacuate Collection Set: 1.0ms
[60.432s][info][gc,phases      ] GC(183)   Post Evacuate Collection Set: 0.1ms
[60.432s][info][gc,phases      ] GC(183)   Other: 0.2ms
[60.432s][info][gc,heap        ] GC(183) Eden regions: 41->0(41)
[60.432s][info][gc,heap        ] GC(183) Survivor regions: 1->1(6)
[60.432s][info][gc,heap        ] GC(183) Old regions: 14->14
[60.432s][info][gc,heap        ] GC(183) Humongous regions: 0->0
[60.432s][info][gc,metaspace   ] GC(183) Metaspace: 45601K->45601K(1089536K)
[60.432s][info][gc             ] GC(183) Pause Young (Normal) (G1 Evacuation Pause) 53M->12M(70M) 1.387ms
[60.432s][info][gc,cpu         ] GC(183) User=0.00s Sys=0.00s Real=0.00s
[60.597s][info][gc,start       ] GC(184) Pause Young (Normal) (G1 Evacuation Pause)
[60.597s][info][gc,task        ] GC(184) Using 1 workers of 1 for evacuation
[60.598s][info][gc,phases      ] GC(184)   Pre Evacuate Collection Set: 0.0ms
[60.598s][info][gc,phases      ] GC(184)   Evacuate Collection Set: 1.0ms
[60.598s][info][gc,phases      ] GC(184)   Post Evacuate Collection Set: 0.1ms
[60.598s][info][gc,phases      ] GC(184)   Other: 0.1ms
[60.598s][info][gc,heap        ] GC(184) Eden regions: 41->0(41)
[60.598s][info][gc,heap        ] GC(184) Survivor regions: 1->1(6)
[60.598s][info][gc,heap        ] GC(184) Old regions: 14->14
[60.598s][info][gc,heap        ] GC(184) Humongous regions: 0->0
[60.598s][info][gc,metaspace   ] GC(184) Metaspace: 45601K->45601K(1089536K)
[60.598s][info][gc             ] GC(184) Pause Young (Normal) (G1 Evacuation Pause) 53M->12M(70M) 1.235ms
[60.598s][info][gc,cpu         ] GC(184) User=0.00s Sys=0.00s Real=0.00s
[60.762s][info][gc,start       ] GC(185) Pause Young (Normal) (G1 Evacuation Pause)
[60.762s][info][gc,task        ] GC(185) Using 1 workers of 1 for evacuation
[60.764s][info][gc,phases      ] GC(185)   Pre Evacuate Collection Set: 0.0ms
[60.764s][info][gc,phases      ] GC(185)   Evacuate Collection Set: 1.0ms
[60.764s][info][gc,phases      ] GC(185)   Post Evacuate Collection Set: 0.1ms
[60.764s][info][gc,phases      ] GC(185)   Other: 0.1ms
[60.764s][info][gc,heap        ] GC(185) Eden regions: 41->0(41)
[60.764s][info][gc,heap        ] GC(185) Survivor regions: 1->1(6)
[60.764s][info][gc,heap        ] GC(185) Old regions: 14->14
[60.764s][info][gc,heap        ] GC(185) Humongous regions: 0->0
[60.764s][info][gc,metaspace   ] GC(185) Metaspace: 45601K->45601K(1089536K)
[60.764s][info][gc             ] GC(185) Pause Young (Normal) (G1 Evacuation Pause) 53M->12M(70M) 1.268ms
[60.764s][info][gc,cpu         ] GC(185) User=0.00s Sys=0.00s Real=0.00s
[60.925s][info][gc,start       ] GC(186) Pause Young (Normal) (G1 Evacuation Pause)
[60.925s][info][gc,task        ] GC(186) Using 1 workers of 1 for evacuation
[60.926s][info][gc,phases      ] GC(186)   Pre Evacuate Collection Set: 0.0ms
[60.926s][info][gc,phases      ] GC(186)   Evacuate Collection Set: 1.0ms
[60.926s][info][gc,phases      ] GC(186)   Post Evacuate Collection Set: 0.1ms
[60.926s][info][gc,phases      ] GC(186)   Other: 0.1ms
[60.926s][info][gc,heap        ] GC(186) Eden regions: 41->0(41)
[60.926s][info][gc,heap        ] GC(186) Survivor regions: 1->1(6)
[60.926s][info][gc,heap        ] GC(186) Old regions: 14->14
[60.926s][info][gc,heap        ] GC(186) Humongous regions: 0->0
[60.926s][info][gc,metaspace   ] GC(186) Metaspace: 45601K->45601K(1089536K)
[60.926s][info][gc             ] GC(186) Pause Young (Normal) (G1 Evacuation Pause) 53M->12M(70M) 1.248ms
[60.926s][info][gc,cpu         ] GC(186) User=0.01s Sys=0.00s Real=0.00s
[61.089s][info][gc,start       ] GC(187) Pause Young (Normal) (G1 Evacuation Pause)
[61.089s][info][gc,task        ] GC(187) Using 1 workers of 1 for evacuation
[61.091s][info][gc,phases      ] GC(187)   Pre Evacuate Collection Set: 0.0ms
[61.091s][info][gc,phases      ] GC(187)   Evacuate Collection Set: 1.0ms
[61.091s][info][gc,phases      ] GC(187)   Post Evacuate Collection Set: 0.1ms
[61.091s][info][gc,phases      ] GC(187)   Other: 0.2ms
[61.091s][info][gc,heap        ] GC(187) Eden regions: 41->0(41)
[61.091s][info][gc,heap        ] GC(187) Survivor regions: 1->1(6)
[61.091s][info][gc,heap        ] GC(187) Old regions: 14->14
[61.091s][info][gc,heap        ] GC(187) Humongous regions: 0->0
[61.091s][info][gc,metaspace   ] GC(187) Metaspace: 45601K->45601K(1089536K)
[61.091s][info][gc             ] GC(187) Pause Young (Normal) (G1 Evacuation Pause) 53M->12M(70M) 1.333ms
[61.091s][info][gc,cpu         ] GC(187) User=0.00s Sys=0.00s Real=0.00s
[61.254s][info][gc,start       ] GC(188) Pause Young (Normal) (G1 Evacuation Pause)
[61.254s][info][gc,task        ] GC(188) Using 1 workers of 1 for evacuation
[61.255s][info][gc,phases      ] GC(188)   Pre Evacuate Collection Set: 0.0ms
[61.255s][info][gc,phases      ] GC(188)   Evacuate Collection Set: 1.0ms
[61.255s][info][gc,phases      ] GC(188)   Post Evacuate Collection Set: 0.1ms
[61.255s][info][gc,phases      ] GC(188)   Other: 0.1ms
[61.255s][info][gc,heap        ] GC(188) Eden regions: 41->0(41)
[61.255s][info][gc,heap        ] GC(188) Survivor regions: 1->1(6)
[61.255s][info][gc,heap        ] GC(188) Old regions: 14->14
[61.255s][info][gc,heap        ] GC(188) Humongous regions: 0->0
[61.255s][info][gc,metaspace   ] GC(188) Metaspace: 45601K->45601K(1089536K)
[61.255s][info][gc             ] GC(188) Pause Young (Normal) (G1 Evacuation Pause) 53M->12M(70M) 1.319ms
[61.255s][info][gc,cpu         ] GC(188) User=0.00s Sys=0.00s Real=0.01s
[61.384s][info][gc,task        ] GC(189) Using 1 workers of 1 for full compaction
[61.384s][info][gc,start       ] GC(189) Pause Full (System.gc())
[61.384s][info][gc,phases,start] GC(189) Phase 1: Mark live objects
[61.422s][info][gc,stringtable ] GC(189) Cleaned string and symbol table, strings: 13746 processed, 0 removed, symbols: 76640 processed, 0 removed
[61.422s][info][gc,phases      ] GC(189) Phase 1: Mark live objects 37.978ms
[61.422s][info][gc,phases,start] GC(189) Phase 2: Prepare for compaction
[61.425s][info][gc,phases      ] GC(189) Phase 2: Prepare for compaction 3.021ms
[61.425s][info][gc,phases,start] GC(189) Phase 3: Adjust pointers
[61.440s][info][gc,phases      ] GC(189) Phase 3: Adjust pointers 14.347ms
[61.440s][info][gc,phases,start] GC(189) Phase 4: Compact heap
[61.442s][info][gc,phases      ] GC(189) Phase 4: Compact heap 2.017ms
[61.448s][info][gc,heap        ] GC(189) Eden regions: 30->0(27)
[61.448s][info][gc,heap        ] GC(189) Survivor regions: 1->0(6)
[61.448s][info][gc,heap        ] GC(189) Old regions: 14->14
[61.448s][info][gc,heap        ] GC(189) Humongous regions: 0->0
[61.448s][info][gc,metaspace   ] GC(189) Metaspace: 45603K->45603K(1089536K)
[61.448s][info][gc             ] GC(189) Pause Full (System.gc()) 42M->12M(47M) 64.416ms
[61.448s][info][gc,cpu         ] GC(189) User=0.05s Sys=0.01s Real=0.06s
[61.592s][info][gc,start       ] GC(190) Pause Young (Normal) (G1 Evacuation Pause)
[61.592s][info][gc,task        ] GC(190) Using 1 workers of 1 for evacuation
[61.594s][info][gc,phases      ] GC(190)   Pre Evacuate Collection Set: 0.0ms
[61.594s][info][gc,phases      ] GC(190)   Evacuate Collection Set: 1.2ms
[61.594s][info][gc,phases      ] GC(190)   Post Evacuate Collection Set: 0.1ms
[61.594s][info][gc,phases      ] GC(190)   Other: 0.1ms
[61.594s][info][gc,heap        ] GC(190) Eden regions: 27->0(26)
[61.594s][info][gc,heap        ] GC(190) Survivor regions: 0->1(4)
[61.594s][info][gc,heap        ] GC(190) Old regions: 14->14
[61.594s][info][gc,heap        ] GC(190) Humongous regions: 0->0
[61.594s][info][gc,metaspace   ] GC(190) Metaspace: 45619K->45619K(1089536K)
[61.594s][info][gc             ] GC(190) Pause Young (Normal) (G1 Evacuation Pause) 39M->12M(47M) 1.450ms
[61.594s][info][gc,cpu         ] GC(190) User=0.00s Sys=0.00s Real=0.00s
[61.695s][info][gc,start       ] GC(191) Pause Young (Normal) (G1 Evacuation Pause)
[61.695s][info][gc,task        ] GC(191) Using 1 workers of 1 for evacuation
[61.696s][info][gc,phases      ] GC(191)   Pre Evacuate Collection Set: 0.0ms
[61.696s][info][gc,phases      ] GC(191)   Evacuate Collection Set: 1.1ms
[61.696s][info][gc,phases      ] GC(191)   Post Evacuate Collection Set: 0.1ms
[61.696s][info][gc,phases      ] GC(191)   Other: 0.1ms
[61.696s][info][gc,heap        ] GC(191) Eden regions: 26->0(26)
[61.696s][info][gc,heap        ] GC(191) Survivor regions: 1->1(4)
[61.696s][info][gc,heap        ] GC(191) Old regions: 14->14
[61.696s][info][gc,heap        ] GC(191) Humongous regions: 0->0
[61.696s][info][gc,metaspace   ] GC(191) Metaspace: 45619K->45619K(1089536K)
[61.696s][info][gc             ] GC(191) Pause Young (Normal) (G1 Evacuation Pause) 38M->12M(47M) 1.334ms
[61.696s][info][gc,cpu         ] GC(191) User=0.00s Sys=0.00s Real=0.00s
[61.800s][info][gc,start       ] GC(192) Pause Young (Normal) (G1 Evacuation Pause)
[61.801s][info][gc,task        ] GC(192) Using 1 workers of 1 for evacuation
[61.802s][info][gc,phases      ] GC(192)   Pre Evacuate Collection Set: 0.0ms
[61.802s][info][gc,phases      ] GC(192)   Evacuate Collection Set: 1.0ms
[61.802s][info][gc,phases      ] GC(192)   Post Evacuate Collection Set: 0.1ms
[61.802s][info][gc,phases      ] GC(192)   Other: 0.1ms
[61.802s][info][gc,heap        ] GC(192) Eden regions: 26->0(26)
[61.802s][info][gc,heap        ] GC(192) Survivor regions: 1->1(4)
[61.802s][info][gc,heap        ] GC(192) Old regions: 14->14
[61.802s][info][gc,heap        ] GC(192) Humongous regions: 0->0
[61.802s][info][gc,metaspace   ] GC(192) Metaspace: 45619K->45619K(1089536K)
[61.802s][info][gc             ] GC(192) Pause Young (Normal) (G1 Evacuation Pause) 38M->12M(47M) 1.301ms
[61.802s][info][gc,cpu         ] GC(192) User=0.00s Sys=0.00s Real=0.00s
[61.906s][info][gc,start       ] GC(193) Pause Young (Normal) (G1 Evacuation Pause)
[61.906s][info][gc,task        ] GC(193) Using 1 workers of 1 for evacuation
[61.907s][info][gc,phases      ] GC(193)   Pre Evacuate Collection Set: 0.0ms
[61.907s][info][gc,phases      ] GC(193)   Evacuate Collection Set: 1.0ms
[61.907s][info][gc,phases      ] GC(193)   Post Evacuate Collection Set: 0.1ms
[61.907s][info][gc,phases      ] GC(193)   Other: 0.1ms
[61.907s][info][gc,heap        ] GC(193) Eden regions: 26->0(26)
[61.907s][info][gc,heap        ] GC(193) Survivor regions: 1->1(4)
[61.907s][info][gc,heap        ] GC(193) Old regions: 14->14
[61.907s][info][gc,heap        ] GC(193) Humongous regions: 0->0
[61.907s][info][gc,metaspace   ] GC(193) Metaspace: 45619K->45619K(1089536K)
[61.907s][info][gc             ] GC(193) Pause Young (Normal) (G1 Evacuation Pause) 38M->12M(47M) 1.290ms
[61.907s][info][gc,cpu         ] GC(193) User=0.00s Sys=0.00s Real=0.00s
[62.014s][info][gc,start       ] GC(194) Pause Young (Normal) (G1 Evacuation Pause)
[62.014s][info][gc,task        ] GC(194) Using 1 workers of 1 for evacuation
[62.015s][info][gc,phases      ] GC(194)   Pre Evacuate Collection Set: 0.0ms
[62.015s][info][gc,phases      ] GC(194)   Evacuate Collection Set: 1.0ms
[62.015s][info][gc,phases      ] GC(194)   Post Evacuate Collection Set: 0.1ms
[62.015s][info][gc,phases      ] GC(194)   Other: 0.1ms
[62.015s][info][gc,heap        ] GC(194) Eden regions: 26->0(26)
[62.015s][info][gc,heap        ] GC(194) Survivor regions: 1->1(4)
[62.015s][info][gc,heap        ] GC(194) Old regions: 14->14
[62.015s][info][gc,heap        ] GC(194) Humongous regions: 0->0
[62.015s][info][gc,metaspace   ] GC(194) Metaspace: 45619K->45619K(1089536K)
[62.015s][info][gc             ] GC(194) Pause Young (Normal) (G1 Evacuation Pause) 38M->12M(47M) 1.248ms
[62.015s][info][gc,cpu         ] GC(194) User=0.00s Sys=0.00s Real=0.01s
[62.123s][info][gc,start       ] GC(195) Pause Young (Normal) (G1 Evacuation Pause)
[62.123s][info][gc,task        ] GC(195) Using 1 workers of 1 for evacuation
[62.124s][info][gc,phases      ] GC(195)   Pre Evacuate Collection Set: 0.0ms
[62.124s][info][gc,phases      ] GC(195)   Evacuate Collection Set: 0.9ms
[62.124s][info][gc,phases      ] GC(195)   Post Evacuate Collection Set: 0.1ms
[62.124s][info][gc,phases      ] GC(195)   Other: 0.1ms
[62.124s][info][gc,heap        ] GC(195) Eden regions: 26->0(26)
[62.124s][info][gc,heap        ] GC(195) Survivor regions: 1->1(4)
[62.124s][info][gc,heap        ] GC(195) Old regions: 14->14
[62.124s][info][gc,heap        ] GC(195) Humongous regions: 0->0
[62.124s][info][gc,metaspace   ] GC(195) Metaspace: 45619K->45619K(1089536K)
[62.124s][info][gc             ] GC(195) Pause Young (Normal) (G1 Evacuation Pause) 38M->12M(47M) 1.179ms
[62.124s][info][gc,cpu         ] GC(195) User=0.00s Sys=0.00s Real=0.00s
[62.228s][info][gc,start       ] GC(196) Pause Young (Normal) (G1 Evacuation Pause)
[62.228s][info][gc,task        ] GC(196) Using 1 workers of 1 for evacuation
[62.229s][info][gc,phases      ] GC(196)   Pre Evacuate Collection Set: 0.0ms
[62.229s][info][gc,phases      ] GC(196)   Evacuate Collection Set: 0.9ms
[62.229s][info][gc,phases      ] GC(196)   Post Evacuate Collection Set: 0.1ms
[62.229s][info][gc,phases      ] GC(196)   Other: 0.1ms
[62.229s][info][gc,heap        ] GC(196) Eden regions: 26->0(26)
[62.229s][info][gc,heap        ] GC(196) Survivor regions: 1->1(4)
[62.229s][info][gc,heap        ] GC(196) Old regions: 14->14
[62.229s][info][gc,heap        ] GC(196) Humongous regions: 0->0
[62.229s][info][gc,metaspace   ] GC(196) Metaspace: 45619K->45619K(1089536K)
[62.229s][info][gc             ] GC(196) Pause Young (Normal) (G1 Evacuation Pause) 38M->12M(47M) 1.154ms
[62.229s][info][gc,cpu         ] GC(196) User=0.00s Sys=0.00s Real=0.00s
[62.333s][info][gc,start       ] GC(197) Pause Young (Normal) (G1 Evacuation Pause)
[62.333s][info][gc,task        ] GC(197) Using 1 workers of 1 for evacuation
[62.335s][info][gc,phases      ] GC(197)   Pre Evacuate Collection Set: 0.0ms
[62.335s][info][gc,phases      ] GC(197)   Evacuate Collection Set: 1.0ms
[62.335s][info][gc,phases      ] GC(197)   Post Evacuate Collection Set: 0.1ms
[62.335s][info][gc,phases      ] GC(197)   Other: 0.1ms
[62.335s][info][gc,heap        ] GC(197) Eden regions: 26->0(26)
[62.335s][info][gc,heap        ] GC(197) Survivor regions: 1->1(4)
[62.335s][info][gc,heap        ] GC(197) Old regions: 14->14
[62.335s][info][gc,heap        ] GC(197) Humongous regions: 0->0
[62.335s][info][gc,metaspace   ] GC(197) Metaspace: 45619K->45619K(1089536K)
[62.335s][info][gc             ] GC(197) Pause Young (Normal) (G1 Evacuation Pause) 38M->12M(47M) 1.288ms
[62.335s][info][gc,cpu         ] GC(197) User=0.00s Sys=0.00s Real=0.01s
[62.440s][info][gc,start       ] GC(198) Pause Young (Normal) (G1 Evacuation Pause)
[62.440s][info][gc,task        ] GC(198) Using 1 workers of 1 for evacuation
[62.442s][info][gc,phases      ] GC(198)   Pre Evacuate Collection Set: 0.0ms
[62.442s][info][gc,phases      ] GC(198)   Evacuate Collection Set: 1.1ms
[62.442s][info][gc,phases      ] GC(198)   Post Evacuate Collection Set: 0.1ms
[62.442s][info][gc,phases      ] GC(198)   Other: 0.1ms
[62.442s][info][gc,heap        ] GC(198) Eden regions: 26->0(26)
[62.442s][info][gc,heap        ] GC(198) Survivor regions: 1->1(4)
[62.442s][info][gc,heap        ] GC(198) Old regions: 14->14
[62.442s][info][gc,heap        ] GC(198) Humongous regions: 0->0
[62.442s][info][gc,metaspace   ] GC(198) Metaspace: 45619K->45619K(1089536K)
[62.442s][info][gc             ] GC(198) Pause Young (Normal) (G1 Evacuation Pause) 38M->13M(47M) 1.346ms
[62.442s][info][gc,cpu         ] GC(198) User=0.00s Sys=0.00s Real=0.00s
[62.549s][info][gc,start       ] GC(199) Pause Young (Normal) (G1 Evacuation Pause)
[62.549s][info][gc,task        ] GC(199) Using 1 workers of 1 for evacuation
[62.550s][info][gc,phases      ] GC(199)   Pre Evacuate Collection Set: 0.0ms
[62.550s][info][gc,phases      ] GC(199)   Evacuate Collection Set: 1.1ms
[62.550s][info][gc,phases      ] GC(199)   Post Evacuate Collection Set: 0.1ms
[62.550s][info][gc,phases      ] GC(199)   Other: 0.1ms
[62.550s][info][gc,heap        ] GC(199) Eden regions: 26->0(26)
[62.550s][info][gc,heap        ] GC(199) Survivor regions: 1->1(4)
[62.550s][info][gc,heap        ] GC(199) Old regions: 14->14
[62.550s][info][gc,heap        ] GC(199) Humongous regions: 0->0
[62.550s][info][gc,metaspace   ] GC(199) Metaspace: 45619K->45619K(1089536K)
[62.550s][info][gc             ] GC(199) Pause Young (Normal) (G1 Evacuation Pause) 39M->12M(47M) 1.297ms
[62.550s][info][gc,cpu         ] GC(199) User=0.00s Sys=0.00s Real=0.00s
[62.655s][info][gc,start       ] GC(200) Pause Young (Normal) (G1 Evacuation Pause)
[62.655s][info][gc,task        ] GC(200) Using 1 workers of 1 for evacuation
[62.656s][info][gc,phases      ] GC(200)   Pre Evacuate Collection Set: 0.0ms
[62.656s][info][gc,phases      ] GC(200)   Evacuate Collection Set: 1.0ms
[62.656s][info][gc,phases      ] GC(200)   Post Evacuate Collection Set: 0.1ms
[62.656s][info][gc,phases      ] GC(200)   Other: 0.1ms
[62.656s][info][gc,heap        ] GC(200) Eden regions: 26->0(26)
[62.656s][info][gc,heap        ] GC(200) Survivor regions: 1->1(4)
[62.656s][info][gc,heap        ] GC(200) Old regions: 14->14
[62.656s][info][gc,heap        ] GC(200) Humongous regions: 0->0
[62.656s][info][gc,metaspace   ] GC(200) Metaspace: 45619K->45619K(1089536K)
[62.656s][info][gc             ] GC(200) Pause Young (Normal) (G1 Evacuation Pause) 38M->13M(47M) 1.277ms
[62.656s][info][gc,cpu         ] GC(200) User=0.00s Sys=0.00s Real=0.00s
[62.758s][info][gc,start       ] GC(201) Pause Young (Normal) (G1 Evacuation Pause)
[62.758s][info][gc,task        ] GC(201) Using 1 workers of 1 for evacuation
[62.759s][info][gc,phases      ] GC(201)   Pre Evacuate Collection Set: 0.0ms
[62.759s][info][gc,phases      ] GC(201)   Evacuate Collection Set: 1.1ms
[62.759s][info][gc,phases      ] GC(201)   Post Evacuate Collection Set: 0.1ms
[62.759s][info][gc,phases      ] GC(201)   Other: 0.1ms
[62.759s][info][gc,heap        ] GC(201) Eden regions: 26->0(26)
[62.759s][info][gc,heap        ] GC(201) Survivor regions: 1->1(4)
[62.759s][info][gc,heap        ] GC(201) Old regions: 14->14
[62.759s][info][gc,heap        ] GC(201) Humongous regions: 0->0
[62.759s][info][gc,metaspace   ] GC(201) Metaspace: 45619K->45619K(1089536K)
[62.759s][info][gc             ] GC(201) Pause Young (Normal) (G1 Evacuation Pause) 39M->12M(47M) 1.390ms
[62.759s][info][gc,cpu         ] GC(201) User=0.00s Sys=0.00s Real=0.00s
[62.863s][info][gc,start       ] GC(202) Pause Young (Normal) (G1 Evacuation Pause)
[62.863s][info][gc,task        ] GC(202) Using 1 workers of 1 for evacuation
[62.864s][info][gc,phases      ] GC(202)   Pre Evacuate Collection Set: 0.0ms
[62.864s][info][gc,phases      ] GC(202)   Evacuate Collection Set: 1.1ms
[62.864s][info][gc,phases      ] GC(202)   Post Evacuate Collection Set: 0.2ms
[62.864s][info][gc,phases      ] GC(202)   Other: 0.1ms
[62.864s][info][gc,heap        ] GC(202) Eden regions: 26->0(33)
[62.864s][info][gc,heap        ] GC(202) Survivor regions: 1->1(4)
[62.864s][info][gc,heap        ] GC(202) Old regions: 14->14
[62.864s][info][gc,heap        ] GC(202) Humongous regions: 0->0
[62.864s][info][gc,metaspace   ] GC(202) Metaspace: 45619K->45619K(1089536K)
[62.864s][info][gc             ] GC(202) Pause Young (Normal) (G1 Evacuation Pause) 38M->13M(57M) 1.418ms
[62.864s][info][gc,cpu         ] GC(202) User=0.00s Sys=0.00s Real=0.01s
[63.001s][info][gc,start       ] GC(203) Pause Young (Normal) (G1 Evacuation Pause)
[63.001s][info][gc,task        ] GC(203) Using 1 workers of 1 for evacuation
[63.002s][info][gc,phases      ] GC(203)   Pre Evacuate Collection Set: 0.0ms
[63.002s][info][gc,phases      ] GC(203)   Evacuate Collection Set: 1.0ms
[63.002s][info][gc,phases      ] GC(203)   Post Evacuate Collection Set: 0.1ms
[63.002s][info][gc,phases      ] GC(203)   Other: 0.1ms
[63.002s][info][gc,heap        ] GC(203) Eden regions: 33->0(33)
[63.002s][info][gc,heap        ] GC(203) Survivor regions: 1->1(5)
[63.002s][info][gc,heap        ] GC(203) Old regions: 14->14
[63.002s][info][gc,heap        ] GC(203) Humongous regions: 0->0
[63.002s][info][gc,metaspace   ] GC(203) Metaspace: 45619K->45619K(1089536K)
[63.002s][info][gc             ] GC(203) Pause Young (Normal) (G1 Evacuation Pause) 46M->13M(57M) 1.300ms
[63.002s][info][gc,cpu         ] GC(203) User=0.00s Sys=0.00s Real=0.00s
[63.136s][info][gc,start       ] GC(204) Pause Young (Normal) (G1 Evacuation Pause)
[63.136s][info][gc,task        ] GC(204) Using 1 workers of 1 for evacuation
[63.137s][info][gc,phases      ] GC(204)   Pre Evacuate Collection Set: 0.0ms
[63.137s][info][gc,phases      ] GC(204)   Evacuate Collection Set: 1.1ms
[63.137s][info][gc,phases      ] GC(204)   Post Evacuate Collection Set: 0.1ms
[63.137s][info][gc,phases      ] GC(204)   Other: 0.1ms
[63.137s][info][gc,heap        ] GC(204) Eden regions: 33->0(33)
[63.137s][info][gc,heap        ] GC(204) Survivor regions: 1->1(5)
[63.137s][info][gc,heap        ] GC(204) Old regions: 14->14
[63.137s][info][gc,heap        ] GC(204) Humongous regions: 0->0
[63.137s][info][gc,metaspace   ] GC(204) Metaspace: 45619K->45619K(1089536K)
[63.137s][info][gc             ] GC(204) Pause Young (Normal) (G1 Evacuation Pause) 46M->13M(57M) 1.299ms
[63.137s][info][gc,cpu         ] GC(204) User=0.00s Sys=0.00s Real=0.00s
[63.271s][info][gc,start       ] GC(205) Pause Young (Normal) (G1 Evacuation Pause)
[63.271s][info][gc,task        ] GC(205) Using 1 workers of 1 for evacuation
[63.272s][info][gc,phases      ] GC(205)   Pre Evacuate Collection Set: 0.0ms
[63.272s][info][gc,phases      ] GC(205)   Evacuate Collection Set: 1.0ms
[63.272s][info][gc,phases      ] GC(205)   Post Evacuate Collection Set: 0.1ms
[63.272s][info][gc,phases      ] GC(205)   Other: 0.1ms
[63.272s][info][gc,heap        ] GC(205) Eden regions: 33->0(33)
[63.272s][info][gc,heap        ] GC(205) Survivor regions: 1->1(5)
[63.272s][info][gc,heap        ] GC(205) Old regions: 14->15
[63.272s][info][gc,heap        ] GC(205) Humongous regions: 0->0
[63.272s][info][gc,metaspace   ] GC(205) Metaspace: 45619K->45619K(1089536K)
[63.272s][info][gc             ] GC(205) Pause Young (Normal) (G1 Evacuation Pause) 46M->12M(57M) 1.280ms
[63.272s][info][gc,cpu         ] GC(205) User=0.00s Sys=0.00s Real=0.00s
[63.406s][info][gc,start       ] GC(206) Pause Young (Normal) (G1 Evacuation Pause)
[63.406s][info][gc,task        ] GC(206) Using 1 workers of 1 for evacuation
[63.407s][info][gc,phases      ] GC(206)   Pre Evacuate Collection Set: 0.0ms
[63.407s][info][gc,phases      ] GC(206)   Evacuate Collection Set: 0.8ms
[63.407s][info][gc,phases      ] GC(206)   Post Evacuate Collection Set: 0.1ms
[63.407s][info][gc,phases      ] GC(206)   Other: 0.1ms
[63.407s][info][gc,heap        ] GC(206) Eden regions: 33->0(33)
[63.407s][info][gc,heap        ] GC(206) Survivor regions: 1->1(5)
[63.407s][info][gc,heap        ] GC(206) Old regions: 15->15
[63.407s][info][gc,heap        ] GC(206) Humongous regions: 0->0
[63.407s][info][gc,metaspace   ] GC(206) Metaspace: 45619K->45619K(1089536K)
[63.407s][info][gc             ] GC(206) Pause Young (Normal) (G1 Evacuation Pause) 45M->12M(57M) 1.037ms
[63.407s][info][gc,cpu         ] GC(206) User=0.00s Sys=0.00s Real=0.00s
[63.512s][info][gc,heap,exit   ] Heap
[63.512s][info][gc,heap,exit   ]  garbage-first heap   total 58368K, used 30706K [0x0000000083a00000, 0x0000000100000000)
[63.512s][info][gc,heap,exit   ]   region size 1024K, 19 young (19456K), 1 survivors (1024K)
[63.512s][info][gc,heap,exit   ]  Metaspace       used 45781K, capacity 47592K, committed 47744K, reserved 1089536K
[63.512s][info][gc,heap,exit   ]   class space    used 6363K, capacity 7250K, committed 7296K, reserved 1048576K
