[0.005s][info][gc,heap] Heap region size: 1M
[0.006s][info][gc     ] Using G1
[0.006s][info][gc,heap,coops] Heap address: 0x00000000c2a00000, size: 982 MB, Compressed Oops mode: 32-bit
[0.493s][info][gc,start     ] GC(0) Pause Young (Normal) (G1 Evacuation Pause)
[0.493s][info][gc,task      ] GC(0) Using 1 workers of 1 for evacuation
[0.495s][info][gc,phases    ] GC(0)   Pre Evacuate Collection Set: 0.0ms
[0.501s][info][gc,phases    ] GC(0)   Evacuate Collection Set: 1.8ms
[0.501s][info][gc,phases    ] GC(0)   Post Evacuate Collection Set: 0.0ms
[0.501s][info][gc,phases    ] GC(0)   Other: 0.2ms
[0.501s][info][gc,heap      ] GC(0) Eden regions: 3->0(36)
[0.501s][info][gc,heap      ] GC(0) Survivor regions: 0->1(1)
[0.501s][info][gc,heap      ] GC(0) Old regions: 0->0
[0.501s][info][gc,heap      ] GC(0) Humongous regions: 0->0
[0.501s][info][gc,metaspace ] GC(0) Metaspace: 1097K->1097K(1056768K)
[0.501s][info][gc           ] GC(0) Pause Young (Normal) (G1 Evacuation Pause) 3M->0M(62M) 7.302ms
[0.501s][info][gc,cpu       ] GC(0) User=0.00s Sys=0.00s Real=0.01s
[0.596s][info][gc,task      ] GC(1) Using 1 workers of 1 for full compaction
[0.596s][info][gc,start     ] GC(1) Pause Full (System.gc())
[0.596s][info][gc,phases,start] GC(1) Phase 1: Mark live objects
[0.597s][info][gc,stringtable ] GC(1) Cleaned string and symbol table, strings: 2103 processed, 1 removed, symbols: 1680 processed, 0 removed
[0.597s][info][gc,phases      ] GC(1) Phase 1: Mark live objects 1.266ms
[0.597s][info][gc,phases,start] GC(1) Phase 2: Prepare for compaction
[0.598s][info][gc,phases      ] GC(1) Phase 2: Prepare for compaction 0.224ms
[0.603s][info][gc,phases,start] GC(1) Phase 3: Adjust pointers
[0.604s][info][gc,phases      ] GC(1) Phase 3: Adjust pointers 0.680ms
[0.604s][info][gc,phases,start] GC(1) Phase 4: Compact heap
[0.604s][info][gc,phases      ] GC(1) Phase 4: Compact heap 0.495ms
[0.605s][info][gc,heap        ] GC(1) Eden regions: 1->0(3)
[0.605s][info][gc,heap        ] GC(1) Survivor regions: 1->0(1)
[0.605s][info][gc,heap        ] GC(1) Old regions: 0->1
[0.605s][info][gc,heap        ] GC(1) Humongous regions: 0->0
[0.605s][info][gc,metaspace   ] GC(1) Metaspace: 1120K->1120K(1056768K)
[0.605s][info][gc             ] GC(1) Pause Full (System.gc()) 1M->0M(8M) 9.010ms
[0.605s][info][gc,cpu         ] GC(1) User=0.00s Sys=0.00s Real=0.01s
[0.885s][info][gc,start       ] GC(2) Pause Young (Normal) (G1 Evacuation Pause)
[0.885s][info][gc,task        ] GC(2) Using 1 workers of 1 for evacuation
[0.886s][info][gc,phases      ] GC(2)   Pre Evacuate Collection Set: 0.0ms
[0.886s][info][gc,phases      ] GC(2)   Evacuate Collection Set: 0.8ms
[0.886s][info][gc,phases      ] GC(2)   Post Evacuate Collection Set: 0.0ms
[0.886s][info][gc,phases      ] GC(2)   Other: 0.4ms
[0.886s][info][gc,heap        ] GC(2) Eden regions: 3->0(3)
[0.886s][info][gc,heap        ] GC(2) Survivor regions: 0->1(1)
[0.886s][info][gc,heap        ] GC(2) Old regions: 1->1
[0.886s][info][gc,heap        ] GC(2) Humongous regions: 0->0
[0.886s][info][gc,metaspace   ] GC(2) Metaspace: 2386K->2386K(1056768K)
[0.886s][info][gc             ] GC(2) Pause Young (Normal) (G1 Evacuation Pause) 3M->1M(8M) 1.306ms
[0.886s][info][gc,cpu         ] GC(2) User=0.00s Sys=0.00s Real=0.00s
[1.120s][info][gc,start       ] GC(3) Pause Young (Normal) (G1 Evacuation Pause)
[1.120s][info][gc,task        ] GC(3) Using 1 workers of 1 for evacuation
[1.121s][info][gc,phases      ] GC(3)   Pre Evacuate Collection Set: 0.0ms
[1.121s][info][gc,phases      ] GC(3)   Evacuate Collection Set: 0.7ms
[1.121s][info][gc,phases      ] GC(3)   Post Evacuate Collection Set: 0.0ms
[1.121s][info][gc,phases      ] GC(3)   Other: 0.2ms
[1.121s][info][gc,heap        ] GC(3) Eden regions: 3->0(3)
[1.121s][info][gc,heap        ] GC(3) Survivor regions: 1->1(1)
[1.121s][info][gc,heap        ] GC(3) Old regions: 1->1
[1.121s][info][gc,heap        ] GC(3) Humongous regions: 0->0
[1.121s][info][gc,metaspace   ] GC(3) Metaspace: 2514K->2514K(1056768K)
[1.121s][info][gc             ] GC(3) Pause Young (Normal) (G1 Evacuation Pause) 4M->1M(8M) 1.129ms
[1.121s][info][gc,cpu         ] GC(3) User=0.00s Sys=0.00s Real=0.01s
[1.220s][info][gc,start       ] GC(4) Pause Young (Normal) (G1 Evacuation Pause)
[1.220s][info][gc,task        ] GC(4) Using 1 workers of 1 for evacuation
[1.222s][info][gc,phases      ] GC(4)   Pre Evacuate Collection Set: 0.0ms
[1.222s][info][gc,phases      ] GC(4)   Evacuate Collection Set: 1.3ms
[1.222s][info][gc,phases      ] GC(4)   Post Evacuate Collection Set: 0.0ms
[1.222s][info][gc,phases      ] GC(4)   Other: 0.1ms
[1.223s][info][gc,heap        ] GC(4) Eden regions: 3->0(3)
[1.223s][info][gc,heap        ] GC(4) Survivor regions: 1->1(1)
[1.223s][info][gc,heap        ] GC(4) Old regions: 1->1
[1.223s][info][gc,heap        ] GC(4) Humongous regions: 0->0
[1.223s][info][gc,metaspace   ] GC(4) Metaspace: 2592K->2592K(1056768K)
[1.223s][info][gc             ] GC(4) Pause Young (Normal) (G1 Evacuation Pause) 4M->1M(8M) 2.349ms
[1.223s][info][gc,cpu         ] GC(4) User=0.00s Sys=0.00s Real=0.01s
[1.284s][info][gc,start       ] GC(5) Pause Young (Normal) (G1 Evacuation Pause)
[1.286s][info][gc,task        ] GC(5) Using 1 workers of 1 for evacuation
[1.286s][info][gc,phases      ] GC(5)   Pre Evacuate Collection Set: 0.0ms
[1.286s][info][gc,phases      ] GC(5)   Evacuate Collection Set: 0.5ms
[1.286s][info][gc,phases      ] GC(5)   Post Evacuate Collection Set: 0.0ms
[1.286s][info][gc,phases      ] GC(5)   Other: 1.4ms
[1.286s][info][gc,heap        ] GC(5) Eden regions: 3->0(3)
[1.286s][info][gc,heap        ] GC(5) Survivor regions: 1->1(1)
[1.286s][info][gc,heap        ] GC(5) Old regions: 1->1
[1.286s][info][gc,heap        ] GC(5) Humongous regions: 0->0
[1.286s][info][gc,metaspace   ] GC(5) Metaspace: 2651K->2651K(1056768K)
[1.286s][info][gc             ] GC(5) Pause Young (Normal) (G1 Evacuation Pause) 4M->1M(8M) 2.122ms
[1.286s][info][gc,cpu         ] GC(5) User=0.00s Sys=0.00s Real=0.00s
[1.324s][info][gc,start       ] GC(6) Pause Young (Normal) (G1 Evacuation Pause)
[1.324s][info][gc,task        ] GC(6) Using 1 workers of 1 for evacuation
[1.326s][info][gc,phases      ] GC(6)   Pre Evacuate Collection Set: 0.0ms
[1.326s][info][gc,phases      ] GC(6)   Evacuate Collection Set: 1.1ms
[1.326s][info][gc,phases      ] GC(6)   Post Evacuate Collection Set: 0.0ms
[1.326s][info][gc,phases      ] GC(6)   Other: 0.1ms
[1.326s][info][gc,heap        ] GC(6) Eden regions: 3->0(3)
[1.326s][info][gc,heap        ] GC(6) Survivor regions: 1->1(1)
[1.326s][info][gc,heap        ] GC(6) Old regions: 1->1
[1.326s][info][gc,heap        ] GC(6) Humongous regions: 0->0
[1.326s][info][gc,metaspace   ] GC(6) Metaspace: 2651K->2651K(1056768K)
[1.326s][info][gc             ] GC(6) Pause Young (Normal) (G1 Evacuation Pause) 4M->1M(8M) 2.249ms
[1.327s][info][gc,cpu         ] GC(6) User=0.00s Sys=0.00s Real=0.00s
[1.367s][info][gc,start       ] GC(7) Pause Young (Normal) (G1 Evacuation Pause)
[1.367s][info][gc,task        ] GC(7) Using 1 workers of 1 for evacuation
[1.368s][info][gc,phases      ] GC(7)   Pre Evacuate Collection Set: 0.0ms
[1.369s][info][gc,phases      ] GC(7)   Evacuate Collection Set: 0.7ms
[1.369s][info][gc,phases      ] GC(7)   Post Evacuate Collection Set: 0.0ms
[1.369s][info][gc,phases      ] GC(7)   Other: 0.1ms
[1.369s][info][gc,heap        ] GC(7) Eden regions: 3->0(3)
[1.369s][info][gc,heap        ] GC(7) Survivor regions: 1->1(1)
[1.369s][info][gc,heap        ] GC(7) Old regions: 1->1
[1.369s][info][gc,heap        ] GC(7) Humongous regions: 0->0
[1.369s][info][gc,metaspace   ] GC(7) Metaspace: 2656K->2656K(1056768K)
[1.369s][info][gc             ] GC(7) Pause Young (Normal) (G1 Evacuation Pause) 4M->1M(8M) 1.747ms
[1.369s][info][gc,cpu         ] GC(7) User=0.00s Sys=0.00s Real=0.00s
[1.436s][info][gc,start       ] GC(8) Pause Young (Normal) (G1 Evacuation Pause)
[1.436s][info][gc,task        ] GC(8) Using 1 workers of 1 for evacuation
[1.437s][info][gc,phases      ] GC(8)   Pre Evacuate Collection Set: 0.0ms
[1.439s][info][gc,phases      ] GC(8)   Evacuate Collection Set: 0.7ms
[1.439s][info][gc,phases      ] GC(8)   Post Evacuate Collection Set: 0.1ms
[1.439s][info][gc,phases      ] GC(8)   Other: 0.2ms
[1.439s][info][gc,heap        ] GC(8) Eden regions: 3->0(3)
[1.439s][info][gc,heap        ] GC(8) Survivor regions: 1->1(1)
[1.439s][info][gc,heap        ] GC(8) Old regions: 1->1
[1.439s][info][gc,heap        ] GC(8) Humongous regions: 0->0
[1.439s][info][gc,metaspace   ] GC(8) Metaspace: 2659K->2659K(1056768K)
[1.439s][info][gc             ] GC(8) Pause Young (Normal) (G1 Evacuation Pause) 4M->1M(8M) 2.309ms
[1.439s][info][gc,cpu         ] GC(8) User=0.00s Sys=0.00s Real=0.00s
[1.501s][info][gc,start       ] GC(9) Pause Young (Normal) (G1 Evacuation Pause)
[1.501s][info][gc,task        ] GC(9) Using 1 workers of 1 for evacuation
[1.501s][info][gc,phases      ] GC(9)   Pre Evacuate Collection Set: 0.0ms
[1.503s][info][gc,phases      ] GC(9)   Evacuate Collection Set: 0.5ms
[1.503s][info][gc,phases      ] GC(9)   Post Evacuate Collection Set: 0.0ms
[1.503s][info][gc,phases      ] GC(9)   Other: 0.2ms
[1.503s][info][gc,heap        ] GC(9) Eden regions: 3->0(3)
[1.503s][info][gc,heap        ] GC(9) Survivor regions: 1->1(1)
[1.503s][info][gc,heap        ] GC(9) Old regions: 1->1
[1.503s][info][gc,heap        ] GC(9) Humongous regions: 0->0
[1.503s][info][gc,metaspace   ] GC(9) Metaspace: 2660K->2660K(1056768K)
[1.503s][info][gc             ] GC(9) Pause Young (Normal) (G1 Evacuation Pause) 4M->1M(8M) 2.449ms
[1.503s][info][gc,cpu         ] GC(9) User=0.00s Sys=0.00s Real=0.00s
[1.561s][info][gc,start       ] GC(10) Pause Young (Normal) (G1 Evacuation Pause)
[1.565s][info][gc,task        ] GC(10) Using 1 workers of 1 for evacuation
[1.566s][info][gc,phases      ] GC(10)   Pre Evacuate Collection Set: 0.0ms
[1.566s][info][gc,phases      ] GC(10)   Evacuate Collection Set: 1.0ms
[1.566s][info][gc,phases      ] GC(10)   Post Evacuate Collection Set: 0.0ms
[1.566s][info][gc,phases      ] GC(10)   Other: 3.9ms
[1.566s][info][gc,heap        ] GC(10) Eden regions: 3->0(3)
[1.566s][info][gc,heap        ] GC(10) Survivor regions: 1->1(1)
[1.566s][info][gc,heap        ] GC(10) Old regions: 1->1
[1.566s][info][gc,heap        ] GC(10) Humongous regions: 0->0
[1.566s][info][gc,metaspace   ] GC(10) Metaspace: 2663K->2663K(1056768K)
[1.566s][info][gc             ] GC(10) Pause Young (Normal) (G1 Evacuation Pause) 4M->1M(8M) 5.078ms
[1.566s][info][gc,cpu         ] GC(10) User=0.00s Sys=0.00s Real=0.00s
[1.591s][info][gc,start       ] GC(11) Pause Young (Normal) (G1 Evacuation Pause)
[1.597s][info][gc,task        ] GC(11) Using 1 workers of 1 for evacuation
[1.597s][info][gc,phases      ] GC(11)   Pre Evacuate Collection Set: 0.0ms
[1.597s][info][gc,phases      ] GC(11)   Evacuate Collection Set: 0.6ms
[1.597s][info][gc,phases      ] GC(11)   Post Evacuate Collection Set: 0.0ms
[1.597s][info][gc,phases      ] GC(11)   Other: 5.8ms
[1.597s][info][gc,heap        ] GC(11) Eden regions: 3->0(3)
[1.597s][info][gc,heap        ] GC(11) Survivor regions: 1->1(1)
[1.597s][info][gc,heap        ] GC(11) Old regions: 1->1
[1.597s][info][gc,heap        ] GC(11) Humongous regions: 0->0
[1.597s][info][gc,metaspace   ] GC(11) Metaspace: 2663K->2663K(1056768K)
[1.597s][info][gc             ] GC(11) Pause Young (Normal) (G1 Evacuation Pause) 4M->1M(8M) 6.564ms
[1.597s][info][gc,cpu         ] GC(11) User=0.00s Sys=0.00s Real=0.01s
[1.638s][info][gc,start       ] GC(12) Pause Young (Normal) (G1 Evacuation Pause)
[1.638s][info][gc,task        ] GC(12) Using 1 workers of 1 for evacuation
[1.639s][info][gc,phases      ] GC(12)   Pre Evacuate Collection Set: 0.0ms
[1.639s][info][gc,phases      ] GC(12)   Evacuate Collection Set: 0.6ms
[1.639s][info][gc,phases      ] GC(12)   Post Evacuate Collection Set: 0.0ms
[1.639s][info][gc,phases      ] GC(12)   Other: 0.2ms
[1.639s][info][gc,heap        ] GC(12) Eden regions: 3->0(3)
[1.639s][info][gc,heap        ] GC(12) Survivor regions: 1->1(1)
[1.639s][info][gc,heap        ] GC(12) Old regions: 1->1
[1.639s][info][gc,heap        ] GC(12) Humongous regions: 0->0
[1.639s][info][gc,metaspace   ] GC(12) Metaspace: 2663K->2663K(1056768K)
[1.639s][info][gc             ] GC(12) Pause Young (Normal) (G1 Evacuation Pause) 4M->1M(8M) 0.893ms
[1.639s][info][gc,cpu         ] GC(12) User=0.00s Sys=0.00s Real=0.00s
[1.667s][info][gc,start       ] GC(13) Pause Young (Normal) (G1 Evacuation Pause)
[1.667s][info][gc,task        ] GC(13) Using 1 workers of 1 for evacuation
[1.668s][info][gc,phases      ] GC(13)   Pre Evacuate Collection Set: 0.0ms
[1.668s][info][gc,phases      ] GC(13)   Evacuate Collection Set: 0.6ms
[1.668s][info][gc,phases      ] GC(13)   Post Evacuate Collection Set: 0.0ms
[1.668s][info][gc,phases      ] GC(13)   Other: 0.1ms
[1.668s][info][gc,heap        ] GC(13) Eden regions: 3->0(3)
[1.668s][info][gc,heap        ] GC(13) Survivor regions: 1->1(1)
[1.668s][info][gc,heap        ] GC(13) Old regions: 1->1
[1.668s][info][gc,heap        ] GC(13) Humongous regions: 0->0
[1.668s][info][gc,metaspace   ] GC(13) Metaspace: 2663K->2663K(1056768K)
[1.668s][info][gc             ] GC(13) Pause Young (Normal) (G1 Evacuation Pause) 4M->1M(8M) 0.850ms
[1.668s][info][gc,cpu         ] GC(13) User=0.00s Sys=0.00s Real=0.00s
[1.687s][info][gc,start       ] GC(14) Pause Young (Normal) (G1 Evacuation Pause)
[1.687s][info][gc,task        ] GC(14) Using 1 workers of 1 for evacuation
[1.688s][info][gc,phases      ] GC(14)   Pre Evacuate Collection Set: 0.0ms
[1.688s][info][gc,phases      ] GC(14)   Evacuate Collection Set: 0.6ms
[1.688s][info][gc,phases      ] GC(14)   Post Evacuate Collection Set: 0.1ms
[1.688s][info][gc,phases      ] GC(14)   Other: 0.1ms
[1.688s][info][gc,heap        ] GC(14) Eden regions: 3->0(3)
[1.688s][info][gc,heap        ] GC(14) Survivor regions: 1->1(1)
[1.688s][info][gc,heap        ] GC(14) Old regions: 1->1
[1.688s][info][gc,heap        ] GC(14) Humongous regions: 0->0
[1.688s][info][gc,metaspace   ] GC(14) Metaspace: 2664K->2664K(1056768K)
[1.688s][info][gc             ] GC(14) Pause Young (Normal) (G1 Evacuation Pause) 4M->1M(8M) 0.900ms
[1.688s][info][gc,cpu         ] GC(14) User=0.00s Sys=0.00s Real=0.00s
[1.706s][info][gc,start       ] GC(15) Pause Young (Normal) (G1 Evacuation Pause)
[1.706s][info][gc,task        ] GC(15) Using 1 workers of 1 for evacuation
[1.707s][info][gc,phases      ] GC(15)   Pre Evacuate Collection Set: 0.0ms
[1.707s][info][gc,phases      ] GC(15)   Evacuate Collection Set: 0.6ms
[1.707s][info][gc,phases      ] GC(15)   Post Evacuate Collection Set: 0.0ms
[1.707s][info][gc,phases      ] GC(15)   Other: 0.1ms
[1.707s][info][gc,heap        ] GC(15) Eden regions: 3->0(3)
[1.707s][info][gc,heap        ] GC(15) Survivor regions: 1->1(1)
[1.707s][info][gc,heap        ] GC(15) Old regions: 1->1
[1.707s][info][gc,heap        ] GC(15) Humongous regions: 0->0
[1.707s][info][gc,metaspace   ] GC(15) Metaspace: 2667K->2667K(1056768K)
[1.707s][info][gc             ] GC(15) Pause Young (Normal) (G1 Evacuation Pause) 4M->1M(8M) 0.924ms
[1.707s][info][gc,cpu         ] GC(15) User=0.00s Sys=0.00s Real=0.00s
[1.721s][info][gc,start       ] GC(16) Pause Young (Normal) (G1 Evacuation Pause)
[1.721s][info][gc,task        ] GC(16) Using 1 workers of 1 for evacuation
[1.721s][info][gc,phases      ] GC(16)   Pre Evacuate Collection Set: 0.0ms
[1.721s][info][gc,phases      ] GC(16)   Evacuate Collection Set: 0.6ms
[1.721s][info][gc,phases      ] GC(16)   Post Evacuate Collection Set: 0.0ms
[1.721s][info][gc,phases      ] GC(16)   Other: 0.2ms
[1.721s][info][gc,heap        ] GC(16) Eden regions: 3->0(3)
[1.721s][info][gc,heap        ] GC(16) Survivor regions: 1->1(1)
[1.721s][info][gc,heap        ] GC(16) Old regions: 1->1
[1.721s][info][gc,heap        ] GC(16) Humongous regions: 0->0
[1.721s][info][gc,metaspace   ] GC(16) Metaspace: 2667K->2667K(1056768K)
[1.721s][info][gc             ] GC(16) Pause Young (Normal) (G1 Evacuation Pause) 4M->1M(8M) 0.868ms
[1.722s][info][gc,cpu         ] GC(16) User=0.00s Sys=0.00s Real=0.00s
[1.739s][info][gc,start       ] GC(17) Pause Young (Normal) (G1 Evacuation Pause)
[1.739s][info][gc,task        ] GC(17) Using 1 workers of 1 for evacuation
[1.739s][info][gc,phases      ] GC(17)   Pre Evacuate Collection Set: 0.0ms
[1.740s][info][gc,phases      ] GC(17)   Evacuate Collection Set: 0.6ms
[1.740s][info][gc,phases      ] GC(17)   Post Evacuate Collection Set: 0.1ms
[1.740s][info][gc,phases      ] GC(17)   Other: 0.1ms
[1.744s][info][gc,heap        ] GC(17) Eden regions: 3->0(15)
[1.744s][info][gc,heap        ] GC(17) Survivor regions: 1->1(1)
[1.744s][info][gc,heap        ] GC(17) Old regions: 1->2
[1.744s][info][gc,heap        ] GC(17) Humongous regions: 0->0
[1.744s][info][gc,metaspace   ] GC(17) Metaspace: 2667K->2667K(1056768K)
[1.744s][info][gc             ] GC(17) Pause Young (Normal) (G1 Evacuation Pause) 4M->1M(35M) 5.062ms
[1.744s][info][gc,cpu         ] GC(17) User=0.00s Sys=0.00s Real=0.01s
[1.835s][info][gc,start       ] GC(18) Pause Young (Normal) (G1 Evacuation Pause)
[1.835s][info][gc,task        ] GC(18) Using 1 workers of 1 for evacuation
[1.835s][info][gc,phases      ] GC(18)   Pre Evacuate Collection Set: 0.0ms
[1.835s][info][gc,phases      ] GC(18)   Evacuate Collection Set: 0.3ms
[1.835s][info][gc,phases      ] GC(18)   Post Evacuate Collection Set: 0.1ms
[1.835s][info][gc,phases      ] GC(18)   Other: 0.2ms
[1.835s][info][gc,heap        ] GC(18) Eden regions: 15->0(20)
[1.835s][info][gc,heap        ] GC(18) Survivor regions: 1->1(2)
[1.835s][info][gc,heap        ] GC(18) Old regions: 2->2
[1.835s][info][gc,heap        ] GC(18) Humongous regions: 0->0
[1.835s][info][gc,metaspace   ] GC(18) Metaspace: 2667K->2667K(1056768K)
[1.835s][info][gc             ] GC(18) Pause Young (Normal) (G1 Evacuation Pause) 16M->1M(35M) 0.700ms
[1.835s][info][gc,cpu         ] GC(18) User=0.00s Sys=0.00s Real=0.00s
[1.967s][info][gc,start       ] GC(19) Pause Young (Normal) (G1 Evacuation Pause)
[1.968s][info][gc,task        ] GC(19) Using 1 workers of 1 for evacuation
[1.968s][info][gc,phases      ] GC(19)   Pre Evacuate Collection Set: 0.0ms
[1.968s][info][gc,phases      ] GC(19)   Evacuate Collection Set: 0.3ms
[1.968s][info][gc,phases      ] GC(19)   Post Evacuate Collection Set: 0.1ms
[1.968s][info][gc,phases      ] GC(19)   Other: 0.4ms
[1.968s][info][gc,heap        ] GC(19) Eden regions: 20->0(20)
[1.968s][info][gc,heap        ] GC(19) Survivor regions: 1->1(3)
[1.968s][info][gc,heap        ] GC(19) Old regions: 2->2
[1.968s][info][gc,heap        ] GC(19) Humongous regions: 0->0
[1.968s][info][gc,metaspace   ] GC(19) Metaspace: 2670K->2670K(1056768K)
[1.968s][info][gc             ] GC(19) Pause Young (Normal) (G1 Evacuation Pause) 21M->1M(35M) 0.802ms
[1.968s][info][gc,cpu         ] GC(19) User=0.00s Sys=0.00s Real=0.00s
[2.065s][info][gc,start       ] GC(20) Pause Young (Normal) (G1 Evacuation Pause)
[2.065s][info][gc,task        ] GC(20) Using 1 workers of 1 for evacuation
[2.065s][info][gc,phases      ] GC(20)   Pre Evacuate Collection Set: 0.0ms
[2.065s][info][gc,phases      ] GC(20)   Evacuate Collection Set: 0.3ms
[2.065s][info][gc,phases      ] GC(20)   Post Evacuate Collection Set: 0.1ms
[2.065s][info][gc,phases      ] GC(20)   Other: 0.2ms
[2.065s][info][gc,heap        ] GC(20) Eden regions: 20->0(20)
[2.065s][info][gc,heap        ] GC(20) Survivor regions: 1->1(3)
[2.065s][info][gc,heap        ] GC(20) Old regions: 2->2
[2.065s][info][gc,heap        ] GC(20) Humongous regions: 0->0
[2.065s][info][gc,metaspace   ] GC(20) Metaspace: 2675K->2675K(1056768K)
[2.065s][info][gc             ] GC(20) Pause Young (Normal) (G1 Evacuation Pause) 21M->1M(35M) 0.645ms
[2.065s][info][gc,cpu         ] GC(20) User=0.00s Sys=0.00s Real=0.00s
[2.164s][info][gc,start       ] GC(21) Pause Young (Normal) (G1 Evacuation Pause)
[2.164s][info][gc,task        ] GC(21) Using 1 workers of 1 for evacuation
[2.169s][info][gc,phases      ] GC(21)   Pre Evacuate Collection Set: 0.0ms
[2.169s][info][gc,phases      ] GC(21)   Evacuate Collection Set: 0.6ms
[2.169s][info][gc,phases      ] GC(21)   Post Evacuate Collection Set: 0.2ms
[2.169s][info][gc,phases      ] GC(21)   Other: 0.2ms
[2.169s][info][gc,heap        ] GC(21) Eden regions: 20->0(20)
[2.169s][info][gc,heap        ] GC(21) Survivor regions: 1->1(3)
[2.169s][info][gc,heap        ] GC(21) Old regions: 2->2
[2.169s][info][gc,heap        ] GC(21) Humongous regions: 0->0
[2.169s][info][gc,metaspace   ] GC(21) Metaspace: 2675K->2675K(1056768K)
[2.170s][info][gc             ] GC(21) Pause Young (Normal) (G1 Evacuation Pause) 21M->1M(35M) 5.479ms
[2.170s][info][gc,cpu         ] GC(21) User=0.00s Sys=0.00s Real=0.00s
[2.435s][info][gc,start       ] GC(22) Pause Young (Normal) (G1 Evacuation Pause)
[2.436s][info][gc,task        ] GC(22) Using 1 workers of 1 for evacuation
[2.436s][info][gc,phases      ] GC(22)   Pre Evacuate Collection Set: 0.0ms
[2.437s][info][gc,phases      ] GC(22)   Evacuate Collection Set: 0.2ms
[2.437s][info][gc,phases      ] GC(22)   Post Evacuate Collection Set: 0.1ms
[2.437s][info][gc,phases      ] GC(22)   Other: 1.2ms
[2.437s][info][gc,heap        ] GC(22) Eden regions: 20->0(20)
[2.437s][info][gc,heap        ] GC(22) Survivor regions: 1->1(3)
[2.437s][info][gc,heap        ] GC(22) Old regions: 2->2
[2.437s][info][gc,heap        ] GC(22) Humongous regions: 0->0
[2.437s][info][gc,metaspace   ] GC(22) Metaspace: 2681K->2681K(1056768K)
[2.437s][info][gc             ] GC(22) Pause Young (Normal) (G1 Evacuation Pause) 21M->1M(35M) 2.132ms
[2.437s][info][gc,cpu         ] GC(22) User=0.00s Sys=0.00s Real=0.00s
[2.701s][info][gc,start       ] GC(23) Pause Young (Normal) (G1 Evacuation Pause)
[2.701s][info][gc,task        ] GC(23) Using 1 workers of 1 for evacuation
[2.701s][info][gc,phases      ] GC(23)   Pre Evacuate Collection Set: 0.0ms
[2.701s][info][gc,phases      ] GC(23)   Evacuate Collection Set: 0.2ms
[2.701s][info][gc,phases      ] GC(23)   Post Evacuate Collection Set: 0.1ms
[2.701s][info][gc,phases      ] GC(23)   Other: 0.2ms
[2.701s][info][gc,heap        ] GC(23) Eden regions: 20->0(20)
[2.701s][info][gc,heap        ] GC(23) Survivor regions: 1->1(3)
[2.701s][info][gc,heap        ] GC(23) Old regions: 2->2
[2.701s][info][gc,heap        ] GC(23) Humongous regions: 0->0
[2.701s][info][gc,metaspace   ] GC(23) Metaspace: 2682K->2682K(1056768K)
[2.701s][info][gc             ] GC(23) Pause Young (Normal) (G1 Evacuation Pause) 21M->1M(35M) 0.733ms
[2.701s][info][gc,cpu         ] GC(23) User=0.00s Sys=0.00s Real=0.00s
[2.882s][info][gc,start       ] GC(24) Pause Young (Normal) (G1 Evacuation Pause)
[2.885s][info][gc,task        ] GC(24) Using 1 workers of 1 for evacuation
[2.885s][info][gc,phases      ] GC(24)   Pre Evacuate Collection Set: 0.0ms
[2.885s][info][gc,phases      ] GC(24)   Evacuate Collection Set: 0.2ms
[2.885s][info][gc,phases      ] GC(24)   Post Evacuate Collection Set: 0.1ms
[2.885s][info][gc,phases      ] GC(24)   Other: 2.9ms
[2.885s][info][gc,heap        ] GC(24) Eden regions: 20->0(20)
[2.885s][info][gc,heap        ] GC(24) Survivor regions: 1->1(3)
[2.885s][info][gc,heap        ] GC(24) Old regions: 2->2
[2.885s][info][gc,heap        ] GC(24) Humongous regions: 0->0
[2.885s][info][gc,metaspace   ] GC(24) Metaspace: 2683K->2683K(1056768K)
[2.885s][info][gc             ] GC(24) Pause Young (Normal) (G1 Evacuation Pause) 21M->1M(35M) 3.334ms
[2.885s][info][gc,cpu         ] GC(24) User=0.00s Sys=0.00s Real=0.00s
[3.047s][info][gc,start       ] GC(25) Pause Young (Normal) (G1 Evacuation Pause)
[3.048s][info][gc,task        ] GC(25) Using 1 workers of 1 for evacuation
[3.048s][info][gc,phases      ] GC(25)   Pre Evacuate Collection Set: 0.0ms
[3.053s][info][gc,phases      ] GC(25)   Evacuate Collection Set: 0.3ms
[3.053s][info][gc,phases      ] GC(25)   Post Evacuate Collection Set: 0.1ms
[3.053s][info][gc,phases      ] GC(25)   Other: 1.1ms
[3.053s][info][gc,heap        ] GC(25) Eden regions: 20->0(20)
[3.053s][info][gc,heap        ] GC(25) Survivor regions: 1->1(3)
[3.053s][info][gc,heap        ] GC(25) Old regions: 2->2
[3.053s][info][gc,heap        ] GC(25) Humongous regions: 0->0
[3.053s][info][gc,metaspace   ] GC(25) Metaspace: 2687K->2687K(1056768K)
[3.053s][info][gc             ] GC(25) Pause Young (Normal) (G1 Evacuation Pause) 21M->1M(35M) 5.694ms
[3.053s][info][gc,cpu         ] GC(25) User=0.00s Sys=0.00s Real=0.01s
[3.289s][info][gc,start       ] GC(26) Pause Young (Normal) (G1 Evacuation Pause)
[3.289s][info][gc,task        ] GC(26) Using 1 workers of 1 for evacuation
[3.289s][info][gc,phases      ] GC(26)   Pre Evacuate Collection Set: 0.0ms
[3.289s][info][gc,phases      ] GC(26)   Evacuate Collection Set: 0.2ms
[3.289s][info][gc,phases      ] GC(26)   Post Evacuate Collection Set: 0.1ms
[3.289s][info][gc,phases      ] GC(26)   Other: 0.3ms
[3.289s][info][gc,heap        ] GC(26) Eden regions: 20->0(20)
[3.289s][info][gc,heap        ] GC(26) Survivor regions: 1->1(3)
[3.289s][info][gc,heap        ] GC(26) Old regions: 2->2
[3.289s][info][gc,heap        ] GC(26) Humongous regions: 0->0
[3.289s][info][gc,metaspace   ] GC(26) Metaspace: 2687K->2687K(1056768K)
[3.289s][info][gc             ] GC(26) Pause Young (Normal) (G1 Evacuation Pause) 21M->1M(35M) 0.744ms
[3.289s][info][gc,cpu         ] GC(26) User=0.00s Sys=0.00s Real=0.00s
[3.449s][info][gc,start       ] GC(27) Pause Young (Normal) (G1 Evacuation Pause)
[3.449s][info][gc,task        ] GC(27) Using 1 workers of 1 for evacuation
[3.449s][info][gc,phases      ] GC(27)   Pre Evacuate Collection Set: 0.0ms
[3.449s][info][gc,phases      ] GC(27)   Evacuate Collection Set: 0.2ms
[3.449s][info][gc,phases      ] GC(27)   Post Evacuate Collection Set: 0.1ms
[3.449s][info][gc,phases      ] GC(27)   Other: 0.2ms
[3.449s][info][gc,heap        ] GC(27) Eden regions: 20->0(20)
[3.449s][info][gc,heap        ] GC(27) Survivor regions: 1->1(3)
[3.449s][info][gc,heap        ] GC(27) Old regions: 2->2
[3.449s][info][gc,heap        ] GC(27) Humongous regions: 0->0
[3.449s][info][gc,metaspace   ] GC(27) Metaspace: 2687K->2687K(1056768K)
[3.449s][info][gc             ] GC(27) Pause Young (Normal) (G1 Evacuation Pause) 21M->1M(35M) 0.633ms
[3.449s][info][gc,cpu         ] GC(27) User=0.00s Sys=0.00s Real=0.00s
[3.641s][info][gc,start       ] GC(28) Pause Young (Normal) (G1 Evacuation Pause)
[3.641s][info][gc,task        ] GC(28) Using 1 workers of 1 for evacuation
[3.641s][info][gc,phases      ] GC(28)   Pre Evacuate Collection Set: 0.0ms
[3.641s][info][gc,phases      ] GC(28)   Evacuate Collection Set: 0.2ms
[3.641s][info][gc,phases      ] GC(28)   Post Evacuate Collection Set: 0.1ms
[3.641s][info][gc,phases      ] GC(28)   Other: 0.2ms
[3.641s][info][gc,heap        ] GC(28) Eden regions: 20->0(20)
[3.641s][info][gc,heap        ] GC(28) Survivor regions: 1->1(3)
[3.641s][info][gc,heap        ] GC(28) Old regions: 2->2
[3.641s][info][gc,heap        ] GC(28) Humongous regions: 0->0
[3.641s][info][gc,metaspace   ] GC(28) Metaspace: 2687K->2687K(1056768K)
[3.641s][info][gc             ] GC(28) Pause Young (Normal) (G1 Evacuation Pause) 21M->1M(35M) 0.648ms
[3.641s][info][gc,cpu         ] GC(28) User=0.00s Sys=0.00s Real=0.00s
[3.741s][info][gc,start       ] GC(29) Pause Young (Normal) (G1 Evacuation Pause)
[3.741s][info][gc,task        ] GC(29) Using 1 workers of 1 for evacuation
[3.741s][info][gc,phases      ] GC(29)   Pre Evacuate Collection Set: 0.0ms
[3.741s][info][gc,phases      ] GC(29)   Evacuate Collection Set: 0.4ms
[3.741s][info][gc,phases      ] GC(29)   Post Evacuate Collection Set: 0.1ms
[3.741s][info][gc,phases      ] GC(29)   Other: 0.1ms
[3.741s][info][gc,heap        ] GC(29) Eden regions: 20->0(20)
[3.741s][info][gc,heap        ] GC(29) Survivor regions: 1->1(3)
[3.741s][info][gc,heap        ] GC(29) Old regions: 2->2
[3.741s][info][gc,heap        ] GC(29) Humongous regions: 0->0
[3.741s][info][gc,metaspace   ] GC(29) Metaspace: 2782K->2782K(1056768K)
[3.741s][info][gc             ] GC(29) Pause Young (Normal) (G1 Evacuation Pause) 21M->1M(35M) 0.732ms
[3.741s][info][gc,cpu         ] GC(29) User=0.00s Sys=0.00s Real=0.00s
[3.871s][info][gc,start       ] GC(30) Pause Young (Normal) (G1 Evacuation Pause)
[3.872s][info][gc,task        ] GC(30) Using 1 workers of 1 for evacuation
[3.872s][info][gc,phases      ] GC(30)   Pre Evacuate Collection Set: 0.0ms
[3.872s][info][gc,phases      ] GC(30)   Evacuate Collection Set: 0.2ms
[3.872s][info][gc,phases      ] GC(30)   Post Evacuate Collection Set: 0.1ms
[3.872s][info][gc,phases      ] GC(30)   Other: 0.1ms
[3.872s][info][gc,heap        ] GC(30) Eden regions: 20->0(20)
[3.872s][info][gc,heap        ] GC(30) Survivor regions: 1->1(3)
[3.872s][info][gc,heap        ] GC(30) Old regions: 2->2
[3.872s][info][gc,heap        ] GC(30) Humongous regions: 0->0
[3.872s][info][gc,metaspace   ] GC(30) Metaspace: 2792K->2792K(1056768K)
[3.872s][info][gc             ] GC(30) Pause Young (Normal) (G1 Evacuation Pause) 21M->1M(35M) 0.579ms
[3.872s][info][gc,cpu         ] GC(30) User=0.00s Sys=0.00s Real=0.00s
[3.979s][info][gc,start       ] GC(31) Pause Young (Normal) (G1 Evacuation Pause)
[3.979s][info][gc,task        ] GC(31) Using 1 workers of 1 for evacuation
[3.980s][info][gc,phases      ] GC(31)   Pre Evacuate Collection Set: 0.0ms
[3.980s][info][gc,phases      ] GC(31)   Evacuate Collection Set: 0.7ms
[3.980s][info][gc,phases      ] GC(31)   Post Evacuate Collection Set: 0.1ms
[3.980s][info][gc,phases      ] GC(31)   Other: 0.5ms
[3.980s][info][gc,heap        ] GC(31) Eden regions: 20->0(20)
[3.980s][info][gc,heap        ] GC(31) Survivor regions: 1->1(3)
[3.980s][info][gc,heap        ] GC(31) Old regions: 2->2
[3.980s][info][gc,heap        ] GC(31) Humongous regions: 0->0
[3.980s][info][gc,metaspace   ] GC(31) Metaspace: 2793K->2793K(1056768K)
[3.980s][info][gc             ] GC(31) Pause Young (Normal) (G1 Evacuation Pause) 21M->1M(35M) 1.384ms
[3.980s][info][gc,cpu         ] GC(31) User=0.00s Sys=0.00s Real=0.00s
[4.057s][info][gc,start       ] GC(32) Pause Young (Normal) (G1 Evacuation Pause)
[4.057s][info][gc,task        ] GC(32) Using 1 workers of 1 for evacuation
[4.058s][info][gc,phases      ] GC(32)   Pre Evacuate Collection Set: 0.0ms
[4.058s][info][gc,phases      ] GC(32)   Evacuate Collection Set: 0.3ms
[4.058s][info][gc,phases      ] GC(32)   Post Evacuate Collection Set: 0.1ms
[4.058s][info][gc,phases      ] GC(32)   Other: 0.2ms
[4.058s][info][gc,heap        ] GC(32) Eden regions: 20->0(20)
[4.058s][info][gc,heap        ] GC(32) Survivor regions: 1->1(3)
[4.058s][info][gc,heap        ] GC(32) Old regions: 2->2
[4.058s][info][gc,heap        ] GC(32) Humongous regions: 0->0
[4.058s][info][gc,metaspace   ] GC(32) Metaspace: 2793K->2793K(1056768K)
[4.058s][info][gc             ] GC(32) Pause Young (Normal) (G1 Evacuation Pause) 21M->1M(35M) 0.672ms
[4.058s][info][gc,cpu         ] GC(32) User=0.01s Sys=0.00s Real=0.00s
[4.147s][info][gc,start       ] GC(33) Pause Young (Normal) (G1 Evacuation Pause)
[4.148s][info][gc,task        ] GC(33) Using 1 workers of 1 for evacuation
[4.148s][info][gc,phases      ] GC(33)   Pre Evacuate Collection Set: 0.0ms
[4.148s][info][gc,phases      ] GC(33)   Evacuate Collection Set: 0.2ms
[4.148s][info][gc,phases      ] GC(33)   Post Evacuate Collection Set: 0.1ms
[4.148s][info][gc,phases      ] GC(33)   Other: 0.2ms
[4.148s][info][gc,heap        ] GC(33) Eden regions: 20->0(20)
[4.148s][info][gc,heap        ] GC(33) Survivor regions: 1->1(3)
[4.148s][info][gc,heap        ] GC(33) Old regions: 2->2
[4.148s][info][gc,heap        ] GC(33) Humongous regions: 0->0
[4.148s][info][gc,metaspace   ] GC(33) Metaspace: 2793K->2793K(1056768K)
[4.148s][info][gc             ] GC(33) Pause Young (Normal) (G1 Evacuation Pause) 21M->1M(35M) 0.595ms
[4.148s][info][gc,cpu         ] GC(33) User=0.00s Sys=0.00s Real=0.00s
[4.329s][info][gc,start       ] GC(34) Pause Young (Normal) (G1 Evacuation Pause)
[4.329s][info][gc,task        ] GC(34) Using 1 workers of 1 for evacuation
[4.329s][info][gc,phases      ] GC(34)   Pre Evacuate Collection Set: 0.0ms
[4.329s][info][gc,phases      ] GC(34)   Evacuate Collection Set: 0.3ms
[4.329s][info][gc,phases      ] GC(34)   Post Evacuate Collection Set: 0.1ms
[4.329s][info][gc,phases      ] GC(34)   Other: 0.2ms
[4.329s][info][gc,heap        ] GC(34) Eden regions: 20->0(20)
[4.329s][info][gc,heap        ] GC(34) Survivor regions: 1->1(3)
[4.329s][info][gc,heap        ] GC(34) Old regions: 2->2
[4.329s][info][gc,heap        ] GC(34) Humongous regions: 0->0
[4.329s][info][gc,metaspace   ] GC(34) Metaspace: 2796K->2796K(1056768K)
[4.329s][info][gc             ] GC(34) Pause Young (Normal) (G1 Evacuation Pause) 21M->1M(35M) 0.740ms
[4.329s][info][gc,cpu         ] GC(34) User=0.00s Sys=0.00s Real=0.00s
[4.408s][info][gc,start       ] GC(35) Pause Young (Normal) (G1 Evacuation Pause)
[4.408s][info][gc,task        ] GC(35) Using 1 workers of 1 for evacuation
[4.408s][info][gc,phases      ] GC(35)   Pre Evacuate Collection Set: 0.0ms
[4.408s][info][gc,phases      ] GC(35)   Evacuate Collection Set: 0.3ms
[4.408s][info][gc,phases      ] GC(35)   Post Evacuate Collection Set: 0.1ms
[4.408s][info][gc,phases      ] GC(35)   Other: 0.1ms
[4.408s][info][gc,heap        ] GC(35) Eden regions: 20->0(20)
[4.408s][info][gc,heap        ] GC(35) Survivor regions: 1->1(3)
[4.408s][info][gc,heap        ] GC(35) Old regions: 2->2
[4.408s][info][gc,heap        ] GC(35) Humongous regions: 0->0
[4.408s][info][gc,metaspace   ] GC(35) Metaspace: 2796K->2796K(1056768K)
[4.408s][info][gc             ] GC(35) Pause Young (Normal) (G1 Evacuation Pause) 21M->1M(35M) 0.579ms
[4.408s][info][gc,cpu         ] GC(35) User=0.00s Sys=0.00s Real=0.00s
[4.504s][info][gc,start       ] GC(36) Pause Young (Normal) (G1 Evacuation Pause)
[4.504s][info][gc,task        ] GC(36) Using 1 workers of 1 for evacuation
[4.504s][info][gc,phases      ] GC(36)   Pre Evacuate Collection Set: 0.0ms
[4.504s][info][gc,phases      ] GC(36)   Evacuate Collection Set: 0.3ms
[4.504s][info][gc,phases      ] GC(36)   Post Evacuate Collection Set: 0.1ms
[4.504s][info][gc,phases      ] GC(36)   Other: 0.2ms
[4.504s][info][gc,heap        ] GC(36) Eden regions: 20->0(20)
[4.504s][info][gc,heap        ] GC(36) Survivor regions: 1->1(3)
[4.504s][info][gc,heap        ] GC(36) Old regions: 2->2
[4.504s][info][gc,heap        ] GC(36) Humongous regions: 0->0
[4.504s][info][gc,metaspace   ] GC(36) Metaspace: 2799K->2799K(1056768K)
[4.504s][info][gc             ] GC(36) Pause Young (Normal) (G1 Evacuation Pause) 21M->1M(35M) 0.691ms
[4.504s][info][gc,cpu         ] GC(36) User=0.00s Sys=0.00s Real=0.00s
[4.671s][info][gc,start       ] GC(37) Pause Young (Normal) (G1 Evacuation Pause)
[4.671s][info][gc,task        ] GC(37) Using 1 workers of 1 for evacuation
[4.671s][info][gc,phases      ] GC(37)   Pre Evacuate Collection Set: 0.0ms
[4.671s][info][gc,phases      ] GC(37)   Evacuate Collection Set: 0.2ms
[4.671s][info][gc,phases      ] GC(37)   Post Evacuate Collection Set: 0.1ms
[4.671s][info][gc,phases      ] GC(37)   Other: 0.2ms
[4.671s][info][gc,heap        ] GC(37) Eden regions: 20->0(20)
[4.671s][info][gc,heap        ] GC(37) Survivor regions: 1->1(3)
[4.671s][info][gc,heap        ] GC(37) Old regions: 2->2
[4.671s][info][gc,heap        ] GC(37) Humongous regions: 0->0
[4.671s][info][gc,metaspace   ] GC(37) Metaspace: 2801K->2801K(1056768K)
[4.671s][info][gc             ] GC(37) Pause Young (Normal) (G1 Evacuation Pause) 21M->1M(35M) 0.586ms
[4.671s][info][gc,cpu         ] GC(37) User=0.00s Sys=0.00s Real=0.00s
[4.749s][info][gc,start       ] GC(38) Pause Young (Normal) (G1 Evacuation Pause)
[4.750s][info][gc,task        ] GC(38) Using 1 workers of 1 for evacuation
[4.750s][info][gc,phases      ] GC(38)   Pre Evacuate Collection Set: 0.0ms
[4.750s][info][gc,phases      ] GC(38)   Evacuate Collection Set: 0.2ms
[4.750s][info][gc,phases      ] GC(38)   Post Evacuate Collection Set: 0.1ms
[4.750s][info][gc,phases      ] GC(38)   Other: 0.1ms
[4.750s][info][gc,heap        ] GC(38) Eden regions: 20->0(20)
[4.750s][info][gc,heap        ] GC(38) Survivor regions: 1->1(3)
[4.750s][info][gc,heap        ] GC(38) Old regions: 2->2
[4.750s][info][gc,heap        ] GC(38) Humongous regions: 0->0
[4.750s][info][gc,metaspace   ] GC(38) Metaspace: 2804K->2804K(1056768K)
[4.750s][info][gc             ] GC(38) Pause Young (Normal) (G1 Evacuation Pause) 21M->1M(35M) 0.549ms
[4.750s][info][gc,cpu         ] GC(38) User=0.00s Sys=0.00s Real=0.00s
[4.831s][info][gc,start       ] GC(39) Pause Young (Normal) (G1 Evacuation Pause)
[4.831s][info][gc,task        ] GC(39) Using 1 workers of 1 for evacuation
[4.831s][info][gc,phases      ] GC(39)   Pre Evacuate Collection Set: 0.0ms
[4.831s][info][gc,phases      ] GC(39)   Evacuate Collection Set: 0.2ms
[4.831s][info][gc,phases      ] GC(39)   Post Evacuate Collection Set: 0.1ms
[4.831s][info][gc,phases      ] GC(39)   Other: 0.2ms
[4.831s][info][gc,heap        ] GC(39) Eden regions: 20->0(20)
[4.831s][info][gc,heap        ] GC(39) Survivor regions: 1->1(3)
[4.831s][info][gc,heap        ] GC(39) Old regions: 2->2
[4.831s][info][gc,heap        ] GC(39) Humongous regions: 0->0
[4.831s][info][gc,metaspace   ] GC(39) Metaspace: 2804K->2804K(1056768K)
[4.831s][info][gc             ] GC(39) Pause Young (Normal) (G1 Evacuation Pause) 21M->1M(35M) 0.649ms
[4.831s][info][gc,cpu         ] GC(39) User=0.00s Sys=0.00s Real=0.00s
[4.945s][info][gc,start       ] GC(40) Pause Young (Normal) (G1 Evacuation Pause)
[4.945s][info][gc,task        ] GC(40) Using 1 workers of 1 for evacuation
[4.945s][info][gc,phases      ] GC(40)   Pre Evacuate Collection Set: 0.0ms
[4.946s][info][gc,phases      ] GC(40)   Evacuate Collection Set: 0.4ms
[4.946s][info][gc,phases      ] GC(40)   Post Evacuate Collection Set: 0.1ms
[4.946s][info][gc,phases      ] GC(40)   Other: 0.3ms
[4.946s][info][gc,heap        ] GC(40) Eden regions: 20->0(20)
[4.946s][info][gc,heap        ] GC(40) Survivor regions: 1->1(3)
[4.946s][info][gc,heap        ] GC(40) Old regions: 2->2
[4.946s][info][gc,heap        ] GC(40) Humongous regions: 0->0
[4.946s][info][gc,metaspace   ] GC(40) Metaspace: 2806K->2806K(1056768K)
[4.947s][info][gc             ] GC(40) Pause Young (Normal) (G1 Evacuation Pause) 21M->1M(35M) 1.859ms
[4.947s][info][gc,cpu         ] GC(40) User=0.00s Sys=0.00s Real=0.00s
[5.021s][info][gc,start       ] GC(41) Pause Young (Normal) (G1 Evacuation Pause)
[5.021s][info][gc,task        ] GC(41) Using 1 workers of 1 for evacuation
[5.021s][info][gc,phases      ] GC(41)   Pre Evacuate Collection Set: 0.0ms
[5.021s][info][gc,phases      ] GC(41)   Evacuate Collection Set: 0.3ms
[5.021s][info][gc,phases      ] GC(41)   Post Evacuate Collection Set: 0.1ms
[5.021s][info][gc,phases      ] GC(41)   Other: 0.2ms
[5.021s][info][gc,heap        ] GC(41) Eden regions: 20->0(20)
[5.021s][info][gc,heap        ] GC(41) Survivor regions: 1->1(3)
[5.021s][info][gc,heap        ] GC(41) Old regions: 2->2
[5.021s][info][gc,heap        ] GC(41) Humongous regions: 0->0
[5.021s][info][gc,metaspace   ] GC(41) Metaspace: 2817K->2817K(1056768K)
[5.021s][info][gc             ] GC(41) Pause Young (Normal) (G1 Evacuation Pause) 21M->1M(35M) 0.668ms
[5.021s][info][gc,cpu         ] GC(41) User=0.00s Sys=0.00s Real=0.00s
[5.106s][info][gc,start       ] GC(42) Pause Young (Normal) (G1 Evacuation Pause)
[5.106s][info][gc,task        ] GC(42) Using 1 workers of 1 for evacuation
[5.106s][info][gc,phases      ] GC(42)   Pre Evacuate Collection Set: 0.0ms
[5.106s][info][gc,phases      ] GC(42)   Evacuate Collection Set: 0.3ms
[5.106s][info][gc,phases      ] GC(42)   Post Evacuate Collection Set: 0.1ms
[5.106s][info][gc,phases      ] GC(42)   Other: 0.1ms
[5.106s][info][gc,heap        ] GC(42) Eden regions: 20->0(20)
[5.106s][info][gc,heap        ] GC(42) Survivor regions: 1->1(3)
[5.106s][info][gc,heap        ] GC(42) Old regions: 2->2
[5.106s][info][gc,heap        ] GC(42) Humongous regions: 0->0
[5.106s][info][gc,metaspace   ] GC(42) Metaspace: 2817K->2817K(1056768K)
[5.106s][info][gc             ] GC(42) Pause Young (Normal) (G1 Evacuation Pause) 21M->1M(35M) 0.658ms
[5.106s][info][gc,cpu         ] GC(42) User=0.01s Sys=0.00s Real=0.00s
[5.186s][info][gc,start       ] GC(43) Pause Young (Normal) (G1 Evacuation Pause)
[5.187s][info][gc,task        ] GC(43) Using 1 workers of 1 for evacuation
[5.187s][info][gc,phases      ] GC(43)   Pre Evacuate Collection Set: 0.0ms
[5.187s][info][gc,phases      ] GC(43)   Evacuate Collection Set: 0.3ms
[5.187s][info][gc,phases      ] GC(43)   Post Evacuate Collection Set: 0.1ms
[5.187s][info][gc,phases      ] GC(43)   Other: 0.1ms
[5.187s][info][gc,heap        ] GC(43) Eden regions: 20->0(20)
[5.187s][info][gc,heap        ] GC(43) Survivor regions: 1->1(3)
[5.187s][info][gc,heap        ] GC(43) Old regions: 2->2
[5.187s][info][gc,heap        ] GC(43) Humongous regions: 0->0
[5.187s][info][gc,metaspace   ] GC(43) Metaspace: 2820K->2820K(1056768K)
[5.187s][info][gc             ] GC(43) Pause Young (Normal) (G1 Evacuation Pause) 21M->1M(35M) 0.621ms
[5.187s][info][gc,cpu         ] GC(43) User=0.00s Sys=0.00s Real=0.00s
[5.363s][info][gc,start       ] GC(44) Pause Young (Normal) (G1 Evacuation Pause)
[5.363s][info][gc,task        ] GC(44) Using 1 workers of 1 for evacuation
[5.363s][info][gc,phases      ] GC(44)   Pre Evacuate Collection Set: 0.0ms
[5.363s][info][gc,phases      ] GC(44)   Evacuate Collection Set: 0.2ms
[5.363s][info][gc,phases      ] GC(44)   Post Evacuate Collection Set: 0.1ms
[5.363s][info][gc,phases      ] GC(44)   Other: 0.2ms
[5.363s][info][gc,heap        ] GC(44) Eden regions: 20->0(20)
[5.363s][info][gc,heap        ] GC(44) Survivor regions: 1->1(3)
[5.363s][info][gc,heap        ] GC(44) Old regions: 2->2
[5.363s][info][gc,heap        ] GC(44) Humongous regions: 0->0
[5.363s][info][gc,metaspace   ] GC(44) Metaspace: 2820K->2820K(1056768K)
[5.363s][info][gc             ] GC(44) Pause Young (Normal) (G1 Evacuation Pause) 21M->1M(35M) 0.598ms
[5.363s][info][gc,cpu         ] GC(44) User=0.00s Sys=0.00s Real=0.00s
[5.441s][info][gc,start       ] GC(45) Pause Young (Normal) (G1 Evacuation Pause)
[5.441s][info][gc,task        ] GC(45) Using 1 workers of 1 for evacuation
[5.441s][info][gc,phases      ] GC(45)   Pre Evacuate Collection Set: 0.0ms
[5.441s][info][gc,phases      ] GC(45)   Evacuate Collection Set: 0.2ms
[5.441s][info][gc,phases      ] GC(45)   Post Evacuate Collection Set: 0.1ms
[5.441s][info][gc,phases      ] GC(45)   Other: 0.1ms
[5.441s][info][gc,heap        ] GC(45) Eden regions: 20->0(20)
[5.441s][info][gc,heap        ] GC(45) Survivor regions: 1->1(3)
[5.441s][info][gc,heap        ] GC(45) Old regions: 2->2
[5.441s][info][gc,heap        ] GC(45) Humongous regions: 0->0
[5.441s][info][gc,metaspace   ] GC(45) Metaspace: 2820K->2820K(1056768K)
[5.441s][info][gc             ] GC(45) Pause Young (Normal) (G1 Evacuation Pause) 21M->1M(35M) 0.571ms
[5.441s][info][gc,cpu         ] GC(45) User=0.00s Sys=0.00s Real=0.00s
[5.504s][info][gc,start       ] GC(46) Pause Young (Normal) (G1 Evacuation Pause)
[5.504s][info][gc,task        ] GC(46) Using 1 workers of 1 for evacuation
[5.504s][info][gc,phases      ] GC(46)   Pre Evacuate Collection Set: 0.0ms
[5.504s][info][gc,phases      ] GC(46)   Evacuate Collection Set: 0.2ms
[5.504s][info][gc,phases      ] GC(46)   Post Evacuate Collection Set: 0.1ms
[5.504s][info][gc,phases      ] GC(46)   Other: 0.2ms
[5.504s][info][gc,heap        ] GC(46) Eden regions: 20->0(20)
[5.504s][info][gc,heap        ] GC(46) Survivor regions: 1->1(3)
[5.504s][info][gc,heap        ] GC(46) Old regions: 2->2
[5.504s][info][gc,heap        ] GC(46) Humongous regions: 0->0
[5.504s][info][gc,metaspace   ] GC(46) Metaspace: 2820K->2820K(1056768K)
[5.504s][info][gc             ] GC(46) Pause Young (Normal) (G1 Evacuation Pause) 21M->1M(35M) 0.624ms
[5.504s][info][gc,cpu         ] GC(46) User=0.00s Sys=0.00s Real=0.00s
[5.621s][info][gc,start       ] GC(47) Pause Young (Normal) (G1 Evacuation Pause)
[5.621s][info][gc,task        ] GC(47) Using 1 workers of 1 for evacuation
[5.621s][info][gc,phases      ] GC(47)   Pre Evacuate Collection Set: 0.0ms
[5.621s][info][gc,phases      ] GC(47)   Evacuate Collection Set: 0.2ms
[5.621s][info][gc,phases      ] GC(47)   Post Evacuate Collection Set: 0.1ms
[5.621s][info][gc,phases      ] GC(47)   Other: 0.1ms
[5.621s][info][gc,heap        ] GC(47) Eden regions: 20->0(20)
[5.621s][info][gc,heap        ] GC(47) Survivor regions: 1->1(3)
[5.621s][info][gc,heap        ] GC(47) Old regions: 2->2
[5.621s][info][gc,heap        ] GC(47) Humongous regions: 0->0
[5.621s][info][gc,metaspace   ] GC(47) Metaspace: 2821K->2821K(1056768K)
[5.621s][info][gc             ] GC(47) Pause Young (Normal) (G1 Evacuation Pause) 21M->1M(35M) 0.585ms
[5.621s][info][gc,cpu         ] GC(47) User=0.00s Sys=0.00s Real=0.01s
[5.678s][info][gc,start       ] GC(48) Pause Young (Normal) (G1 Evacuation Pause)
[5.678s][info][gc,task        ] GC(48) Using 1 workers of 1 for evacuation
[5.678s][info][gc,phases      ] GC(48)   Pre Evacuate Collection Set: 0.0ms
[5.678s][info][gc,phases      ] GC(48)   Evacuate Collection Set: 0.2ms
[5.678s][info][gc,phases      ] GC(48)   Post Evacuate Collection Set: 0.1ms
[5.679s][info][gc,phases      ] GC(48)   Other: 0.2ms
[5.679s][info][gc,heap        ] GC(48) Eden regions: 20->0(20)
[5.679s][info][gc,heap        ] GC(48) Survivor regions: 1->1(3)
[5.679s][info][gc,heap        ] GC(48) Old regions: 2->2
[5.679s][info][gc,heap        ] GC(48) Humongous regions: 0->0
[5.679s][info][gc,metaspace   ] GC(48) Metaspace: 2821K->2821K(1056768K)
[5.679s][info][gc             ] GC(48) Pause Young (Normal) (G1 Evacuation Pause) 21M->1M(35M) 0.617ms
[5.679s][info][gc,cpu         ] GC(48) User=0.00s Sys=0.00s Real=0.00s
[5.716s][info][gc,start       ] GC(49) Pause Young (Normal) (G1 Evacuation Pause)
[5.716s][info][gc,task        ] GC(49) Using 1 workers of 1 for evacuation
[5.716s][info][gc,phases      ] GC(49)   Pre Evacuate Collection Set: 0.0ms
[5.716s][info][gc,phases      ] GC(49)   Evacuate Collection Set: 0.3ms
[5.716s][info][gc,phases      ] GC(49)   Post Evacuate Collection Set: 0.1ms
[5.716s][info][gc,phases      ] GC(49)   Other: 0.1ms
[5.716s][info][gc,heap        ] GC(49) Eden regions: 20->0(20)
[5.716s][info][gc,heap        ] GC(49) Survivor regions: 1->1(3)
[5.717s][info][gc,heap        ] GC(49) Old regions: 2->2
[5.717s][info][gc,heap        ] GC(49) Humongous regions: 0->0
[5.717s][info][gc,metaspace   ] GC(49) Metaspace: 2821K->2821K(1056768K)
[5.717s][info][gc             ] GC(49) Pause Young (Normal) (G1 Evacuation Pause) 21M->1M(35M) 0.603ms
[5.717s][info][gc,cpu         ] GC(49) User=0.00s Sys=0.00s Real=0.00s
[5.759s][info][gc,start       ] GC(50) Pause Young (Normal) (G1 Evacuation Pause)
[5.759s][info][gc,task        ] GC(50) Using 1 workers of 1 for evacuation
[5.759s][info][gc,phases      ] GC(50)   Pre Evacuate Collection Set: 0.0ms
[5.759s][info][gc,phases      ] GC(50)   Evacuate Collection Set: 0.2ms
[5.759s][info][gc,phases      ] GC(50)   Post Evacuate Collection Set: 0.1ms
[5.759s][info][gc,phases      ] GC(50)   Other: 0.1ms
[5.759s][info][gc,heap        ] GC(50) Eden regions: 20->0(20)
[5.759s][info][gc,heap        ] GC(50) Survivor regions: 1->1(3)
[5.759s][info][gc,heap        ] GC(50) Old regions: 2->2
[5.759s][info][gc,heap        ] GC(50) Humongous regions: 0->0
[5.759s][info][gc,metaspace   ] GC(50) Metaspace: 2826K->2826K(1056768K)
[5.759s][info][gc             ] GC(50) Pause Young (Normal) (G1 Evacuation Pause) 21M->1M(35M) 0.534ms
[5.759s][info][gc,cpu         ] GC(50) User=0.00s Sys=0.00s Real=0.00s
[5.843s][info][gc,start       ] GC(51) Pause Young (Normal) (G1 Evacuation Pause)
[5.843s][info][gc,task        ] GC(51) Using 1 workers of 1 for evacuation
[5.844s][info][gc,phases      ] GC(51)   Pre Evacuate Collection Set: 0.0ms
[5.844s][info][gc,phases      ] GC(51)   Evacuate Collection Set: 0.2ms
[5.844s][info][gc,phases      ] GC(51)   Post Evacuate Collection Set: 0.1ms
[5.844s][info][gc,phases      ] GC(51)   Other: 0.1ms
[5.844s][info][gc,heap        ] GC(51) Eden regions: 20->0(20)
[5.844s][info][gc,heap        ] GC(51) Survivor regions: 1->1(3)
[5.844s][info][gc,heap        ] GC(51) Old regions: 2->2
[5.844s][info][gc,heap        ] GC(51) Humongous regions: 0->0
[5.844s][info][gc,metaspace   ] GC(51) Metaspace: 2830K->2830K(1056768K)
[5.844s][info][gc             ] GC(51) Pause Young (Normal) (G1 Evacuation Pause) 21M->1M(35M) 0.531ms
[5.844s][info][gc,cpu         ] GC(51) User=0.00s Sys=0.00s Real=0.00s
[5.885s][info][gc,start       ] GC(52) Pause Young (Normal) (G1 Evacuation Pause)
[5.885s][info][gc,task        ] GC(52) Using 1 workers of 1 for evacuation
[5.885s][info][gc,phases      ] GC(52)   Pre Evacuate Collection Set: 0.0ms
[5.885s][info][gc,phases      ] GC(52)   Evacuate Collection Set: 0.2ms
[5.885s][info][gc,phases      ] GC(52)   Post Evacuate Collection Set: 0.1ms
[5.885s][info][gc,phases      ] GC(52)   Other: 0.2ms
[5.886s][info][gc,heap        ] GC(52) Eden regions: 20->0(20)
[5.886s][info][gc,heap        ] GC(52) Survivor regions: 1->1(3)
[5.886s][info][gc,heap        ] GC(52) Old regions: 2->2
[5.886s][info][gc,heap        ] GC(52) Humongous regions: 0->0
[5.886s][info][gc,metaspace   ] GC(52) Metaspace: 2831K->2831K(1056768K)
[5.886s][info][gc             ] GC(52) Pause Young (Normal) (G1 Evacuation Pause) 21M->1M(35M) 0.623ms
[5.886s][info][gc,cpu         ] GC(52) User=0.00s Sys=0.00s Real=0.00s
[5.922s][info][gc,start       ] GC(53) Pause Young (Normal) (G1 Evacuation Pause)
[5.922s][info][gc,task        ] GC(53) Using 1 workers of 1 for evacuation
[5.922s][info][gc,phases      ] GC(53)   Pre Evacuate Collection Set: 0.0ms
[5.922s][info][gc,phases      ] GC(53)   Evacuate Collection Set: 0.2ms
[5.922s][info][gc,phases      ] GC(53)   Post Evacuate Collection Set: 0.1ms
[5.922s][info][gc,phases      ] GC(53)   Other: 0.1ms
[5.922s][info][gc,heap        ] GC(53) Eden regions: 20->0(20)
[5.922s][info][gc,heap        ] GC(53) Survivor regions: 1->1(3)
[5.922s][info][gc,heap        ] GC(53) Old regions: 2->2
[5.922s][info][gc,heap        ] GC(53) Humongous regions: 0->0
[5.922s][info][gc,metaspace   ] GC(53) Metaspace: 2831K->2831K(1056768K)
[5.922s][info][gc             ] GC(53) Pause Young (Normal) (G1 Evacuation Pause) 21M->1M(35M) 0.528ms
[5.922s][info][gc,cpu         ] GC(53) User=0.00s Sys=0.00s Real=0.00s
[5.958s][info][gc,start       ] GC(54) Pause Young (Normal) (G1 Evacuation Pause)
[5.958s][info][gc,task        ] GC(54) Using 1 workers of 1 for evacuation
[5.958s][info][gc,phases      ] GC(54)   Pre Evacuate Collection Set: 0.0ms
[5.958s][info][gc,phases      ] GC(54)   Evacuate Collection Set: 0.2ms
[5.958s][info][gc,phases      ] GC(54)   Post Evacuate Collection Set: 0.1ms
[5.958s][info][gc,phases      ] GC(54)   Other: 0.1ms
[5.958s][info][gc,heap        ] GC(54) Eden regions: 20->0(20)
[5.958s][info][gc,heap        ] GC(54) Survivor regions: 1->1(3)
[5.958s][info][gc,heap        ] GC(54) Old regions: 2->2
[5.958s][info][gc,heap        ] GC(54) Humongous regions: 0->0
[5.958s][info][gc,metaspace   ] GC(54) Metaspace: 2831K->2831K(1056768K)
[5.958s][info][gc             ] GC(54) Pause Young (Normal) (G1 Evacuation Pause) 21M->1M(35M) 0.529ms
[5.958s][info][gc,cpu         ] GC(54) User=0.00s Sys=0.00s Real=0.00s
[6.068s][info][gc,start       ] GC(55) Pause Young (Normal) (G1 Evacuation Pause)
[6.068s][info][gc,task        ] GC(55) Using 1 workers of 1 for evacuation
[6.069s][info][gc,phases      ] GC(55)   Pre Evacuate Collection Set: 0.0ms
[6.069s][info][gc,phases      ] GC(55)   Evacuate Collection Set: 0.3ms
[6.069s][info][gc,phases      ] GC(55)   Post Evacuate Collection Set: 0.1ms
[6.069s][info][gc,phases      ] GC(55)   Other: 0.1ms
[6.069s][info][gc,heap        ] GC(55) Eden regions: 20->0(20)
[6.069s][info][gc,heap        ] GC(55) Survivor regions: 1->1(3)
[6.069s][info][gc,heap        ] GC(55) Old regions: 2->2
[6.069s][info][gc,heap        ] GC(55) Humongous regions: 0->0
[6.069s][info][gc,metaspace   ] GC(55) Metaspace: 2831K->2831K(1056768K)
[6.069s][info][gc             ] GC(55) Pause Young (Normal) (G1 Evacuation Pause) 21M->1M(35M) 0.593ms
[6.069s][info][gc,cpu         ] GC(55) User=0.00s Sys=0.00s Real=0.00s
[6.101s][info][gc,start       ] GC(56) Pause Young (Normal) (G1 Evacuation Pause)
[6.101s][info][gc,task        ] GC(56) Using 1 workers of 1 for evacuation
[6.101s][info][gc,phases      ] GC(56)   Pre Evacuate Collection Set: 0.0ms
[6.101s][info][gc,phases      ] GC(56)   Evacuate Collection Set: 0.2ms
[6.101s][info][gc,phases      ] GC(56)   Post Evacuate Collection Set: 0.1ms
[6.101s][info][gc,phases      ] GC(56)   Other: 0.1ms
[6.101s][info][gc,heap        ] GC(56) Eden regions: 20->0(20)
[6.101s][info][gc,heap        ] GC(56) Survivor regions: 1->1(3)
[6.101s][info][gc,heap        ] GC(56) Old regions: 2->2
[6.101s][info][gc,heap        ] GC(56) Humongous regions: 0->0
[6.102s][info][gc,metaspace   ] GC(56) Metaspace: 2831K->2831K(1056768K)
[6.102s][info][gc             ] GC(56) Pause Young (Normal) (G1 Evacuation Pause) 21M->1M(35M) 0.577ms
[6.102s][info][gc,cpu         ] GC(56) User=0.01s Sys=0.00s Real=0.00s
[6.135s][info][gc,start       ] GC(57) Pause Young (Normal) (G1 Evacuation Pause)
[6.135s][info][gc,task        ] GC(57) Using 1 workers of 1 for evacuation
[6.135s][info][gc,phases      ] GC(57)   Pre Evacuate Collection Set: 0.0ms
[6.136s][info][gc,phases      ] GC(57)   Evacuate Collection Set: 0.2ms
[6.136s][info][gc,phases      ] GC(57)   Post Evacuate Collection Set: 0.1ms
[6.136s][info][gc,phases      ] GC(57)   Other: 0.1ms
[6.136s][info][gc,heap        ] GC(57) Eden regions: 20->0(20)
[6.136s][info][gc,heap        ] GC(57) Survivor regions: 1->1(3)
[6.136s][info][gc,heap        ] GC(57) Old regions: 2->2
[6.136s][info][gc,heap        ] GC(57) Humongous regions: 0->0
[6.136s][info][gc,metaspace   ] GC(57) Metaspace: 2832K->2832K(1056768K)
[6.136s][info][gc             ] GC(57) Pause Young (Normal) (G1 Evacuation Pause) 21M->1M(35M) 0.530ms
[6.136s][info][gc,cpu         ] GC(57) User=0.00s Sys=0.00s Real=0.00s
[6.245s][info][gc,start       ] GC(58) Pause Young (Normal) (G1 Evacuation Pause)
[6.245s][info][gc,task        ] GC(58) Using 1 workers of 1 for evacuation
[6.245s][info][gc,phases      ] GC(58)   Pre Evacuate Collection Set: 0.0ms
[6.246s][info][gc,phases      ] GC(58)   Evacuate Collection Set: 0.2ms
[6.247s][info][gc,phases      ] GC(58)   Post Evacuate Collection Set: 0.1ms
[6.247s][info][gc,phases      ] GC(58)   Other: 0.2ms
[6.247s][info][gc,heap        ] GC(58) Eden regions: 20->0(20)
[6.247s][info][gc,heap        ] GC(58) Survivor regions: 1->1(3)
[6.247s][info][gc,heap        ] GC(58) Old regions: 2->2
[6.247s][info][gc,heap        ] GC(58) Humongous regions: 0->0
[6.247s][info][gc,metaspace   ] GC(58) Metaspace: 2832K->2832K(1056768K)
[6.247s][info][gc             ] GC(58) Pause Young (Normal) (G1 Evacuation Pause) 21M->1M(35M) 2.078ms
[6.247s][info][gc,cpu         ] GC(58) User=0.00s Sys=0.00s Real=0.00s
[6.381s][info][gc,start       ] GC(59) Pause Young (Normal) (G1 Evacuation Pause)
[6.381s][info][gc,task        ] GC(59) Using 1 workers of 1 for evacuation
[6.381s][info][gc,phases      ] GC(59)   Pre Evacuate Collection Set: 0.0ms
[6.381s][info][gc,phases      ] GC(59)   Evacuate Collection Set: 0.2ms
[6.381s][info][gc,phases      ] GC(59)   Post Evacuate Collection Set: 0.1ms
[6.381s][info][gc,phases      ] GC(59)   Other: 0.2ms
[6.381s][info][gc,heap        ] GC(59) Eden regions: 20->0(20)
[6.381s][info][gc,heap        ] GC(59) Survivor regions: 1->1(3)
[6.381s][info][gc,heap        ] GC(59) Old regions: 2->2
[6.381s][info][gc,heap        ] GC(59) Humongous regions: 0->0
[6.381s][info][gc,metaspace   ] GC(59) Metaspace: 2834K->2834K(1056768K)
[6.381s][info][gc             ] GC(59) Pause Young (Normal) (G1 Evacuation Pause) 21M->1M(35M) 0.571ms
[6.381s][info][gc,cpu         ] GC(59) User=0.00s Sys=0.00s Real=0.00s
[6.420s][info][gc,start       ] GC(60) Pause Young (Normal) (G1 Evacuation Pause)
[6.420s][info][gc,task        ] GC(60) Using 1 workers of 1 for evacuation
[6.420s][info][gc,phases      ] GC(60)   Pre Evacuate Collection Set: 0.0ms
[6.420s][info][gc,phases      ] GC(60)   Evacuate Collection Set: 0.2ms
[6.420s][info][gc,phases      ] GC(60)   Post Evacuate Collection Set: 0.1ms
[6.420s][info][gc,phases      ] GC(60)   Other: 0.2ms
[6.420s][info][gc,heap        ] GC(60) Eden regions: 20->0(20)
[6.420s][info][gc,heap        ] GC(60) Survivor regions: 1->1(3)
[6.420s][info][gc,heap        ] GC(60) Old regions: 2->2
[6.420s][info][gc,heap        ] GC(60) Humongous regions: 0->0
[6.420s][info][gc,metaspace   ] GC(60) Metaspace: 2836K->2836K(1056768K)
[6.420s][info][gc             ] GC(60) Pause Young (Normal) (G1 Evacuation Pause) 21M->1M(35M) 0.540ms
[6.420s][info][gc,cpu         ] GC(60) User=0.00s Sys=0.00s Real=0.00s
[6.457s][info][gc,start       ] GC(61) Pause Young (Normal) (G1 Evacuation Pause)
[6.457s][info][gc,task        ] GC(61) Using 1 workers of 1 for evacuation
[6.457s][info][gc,phases      ] GC(61)   Pre Evacuate Collection Set: 0.0ms
[6.457s][info][gc,phases      ] GC(61)   Evacuate Collection Set: 0.2ms
[6.457s][info][gc,phases      ] GC(61)   Post Evacuate Collection Set: 0.1ms
[6.457s][info][gc,phases      ] GC(61)   Other: 0.1ms
[6.457s][info][gc,heap        ] GC(61) Eden regions: 20->0(20)
[6.457s][info][gc,heap        ] GC(61) Survivor regions: 1->1(3)
[6.457s][info][gc,heap        ] GC(61) Old regions: 2->2
[6.457s][info][gc,heap        ] GC(61) Humongous regions: 0->0
[6.457s][info][gc,metaspace   ] GC(61) Metaspace: 2837K->2837K(1056768K)
[6.457s][info][gc             ] GC(61) Pause Young (Normal) (G1 Evacuation Pause) 21M->1M(35M) 0.557ms
[6.457s][info][gc,cpu         ] GC(61) User=0.00s Sys=0.00s Real=0.00s
[6.556s][info][gc,start       ] GC(62) Pause Young (Normal) (G1 Evacuation Pause)
[6.556s][info][gc,task        ] GC(62) Using 1 workers of 1 for evacuation
[6.557s][info][gc,phases      ] GC(62)   Pre Evacuate Collection Set: 0.0ms
[6.557s][info][gc,phases      ] GC(62)   Evacuate Collection Set: 0.2ms
[6.557s][info][gc,phases      ] GC(62)   Post Evacuate Collection Set: 0.1ms
[6.557s][info][gc,phases      ] GC(62)   Other: 0.2ms
[6.557s][info][gc,heap        ] GC(62) Eden regions: 20->0(20)
[6.557s][info][gc,heap        ] GC(62) Survivor regions: 1->1(3)
[6.557s][info][gc,heap        ] GC(62) Old regions: 2->2
[6.557s][info][gc,heap        ] GC(62) Humongous regions: 0->0
[6.557s][info][gc,metaspace   ] GC(62) Metaspace: 2837K->2837K(1056768K)
[6.557s][info][gc             ] GC(62) Pause Young (Normal) (G1 Evacuation Pause) 21M->1M(35M) 0.610ms
[6.557s][info][gc,cpu         ] GC(62) User=0.00s Sys=0.00s Real=0.00s
[6.623s][info][gc,start       ] GC(63) Pause Young (Normal) (G1 Evacuation Pause)
[6.623s][info][gc,task        ] GC(63) Using 1 workers of 1 for evacuation
[6.623s][info][gc,phases      ] GC(63)   Pre Evacuate Collection Set: 0.0ms
[6.623s][info][gc,phases      ] GC(63)   Evacuate Collection Set: 0.3ms
[6.623s][info][gc,phases      ] GC(63)   Post Evacuate Collection Set: 0.1ms
[6.623s][info][gc,phases      ] GC(63)   Other: 0.1ms
[6.623s][info][gc,heap        ] GC(63) Eden regions: 20->0(20)
[6.623s][info][gc,heap        ] GC(63) Survivor regions: 1->1(3)
[6.623s][info][gc,heap        ] GC(63) Old regions: 2->2
[6.623s][info][gc,heap        ] GC(63) Humongous regions: 0->0
[6.623s][info][gc,metaspace   ] GC(63) Metaspace: 2839K->2839K(1056768K)
[6.624s][info][gc             ] GC(63) Pause Young (Normal) (G1 Evacuation Pause) 21M->1M(35M) 0.572ms
[6.624s][info][gc,cpu         ] GC(63) User=0.00s Sys=0.00s Real=0.00s
[6.695s][info][gc,start       ] GC(64) Pause Young (Normal) (G1 Evacuation Pause)
[6.695s][info][gc,task        ] GC(64) Using 1 workers of 1 for evacuation
[6.695s][info][gc,phases      ] GC(64)   Pre Evacuate Collection Set: 0.0ms
[6.695s][info][gc,phases      ] GC(64)   Evacuate Collection Set: 0.2ms
[6.695s][info][gc,phases      ] GC(64)   Post Evacuate Collection Set: 0.1ms
[6.695s][info][gc,phases      ] GC(64)   Other: 0.1ms
[6.695s][info][gc,heap        ] GC(64) Eden regions: 20->0(20)
[6.695s][info][gc,heap        ] GC(64) Survivor regions: 1->1(3)
[6.695s][info][gc,heap        ] GC(64) Old regions: 2->2
[6.695s][info][gc,heap        ] GC(64) Humongous regions: 0->0
[6.695s][info][gc,metaspace   ] GC(64) Metaspace: 2839K->2839K(1056768K)
[6.695s][info][gc             ] GC(64) Pause Young (Normal) (G1 Evacuation Pause) 21M->1M(35M) 0.571ms
[6.695s][info][gc,cpu         ] GC(64) User=0.00s Sys=0.00s Real=0.00s
[6.793s][info][gc,start       ] GC(65) Pause Young (Normal) (G1 Evacuation Pause)
[6.793s][info][gc,task        ] GC(65) Using 1 workers of 1 for evacuation
[6.794s][info][gc,phases      ] GC(65)   Pre Evacuate Collection Set: 0.0ms
[6.794s][info][gc,phases      ] GC(65)   Evacuate Collection Set: 0.2ms
[6.794s][info][gc,phases      ] GC(65)   Post Evacuate Collection Set: 0.1ms
[6.794s][info][gc,phases      ] GC(65)   Other: 0.1ms
[6.794s][info][gc,heap        ] GC(65) Eden regions: 20->0(20)
[6.794s][info][gc,heap        ] GC(65) Survivor regions: 1->1(3)
[6.794s][info][gc,heap        ] GC(65) Old regions: 2->2
[6.794s][info][gc,heap        ] GC(65) Humongous regions: 0->0
[6.794s][info][gc,metaspace   ] GC(65) Metaspace: 2840K->2840K(1056768K)
[6.794s][info][gc             ] GC(65) Pause Young (Normal) (G1 Evacuation Pause) 21M->1M(35M) 0.401ms
[6.794s][info][gc,cpu         ] GC(65) User=0.00s Sys=0.00s Real=0.00s
[6.832s][info][gc,start       ] GC(66) Pause Young (Normal) (G1 Evacuation Pause)
[6.832s][info][gc,task        ] GC(66) Using 1 workers of 1 for evacuation
[6.832s][info][gc,phases      ] GC(66)   Pre Evacuate Collection Set: 0.0ms
[6.832s][info][gc,phases      ] GC(66)   Evacuate Collection Set: 0.2ms
[6.832s][info][gc,phases      ] GC(66)   Post Evacuate Collection Set: 0.1ms
[6.832s][info][gc,phases      ] GC(66)   Other: 0.2ms
[6.832s][info][gc,heap        ] GC(66) Eden regions: 20->0(20)
[6.832s][info][gc,heap        ] GC(66) Survivor regions: 1->1(3)
[6.832s][info][gc,heap        ] GC(66) Old regions: 2->2
[6.832s][info][gc,heap        ] GC(66) Humongous regions: 0->0
[6.832s][info][gc,metaspace   ] GC(66) Metaspace: 2840K->2840K(1056768K)
[6.832s][info][gc             ] GC(66) Pause Young (Normal) (G1 Evacuation Pause) 21M->1M(35M) 0.600ms
[6.832s][info][gc,cpu         ] GC(66) User=0.00s Sys=0.00s Real=0.00s
[6.867s][info][gc,start       ] GC(67) Pause Young (Normal) (G1 Evacuation Pause)
[6.867s][info][gc,task        ] GC(67) Using 1 workers of 1 for evacuation
[6.867s][info][gc,phases      ] GC(67)   Pre Evacuate Collection Set: 0.0ms
[6.867s][info][gc,phases      ] GC(67)   Evacuate Collection Set: 0.2ms
[6.867s][info][gc,phases      ] GC(67)   Post Evacuate Collection Set: 0.1ms
[6.867s][info][gc,phases      ] GC(67)   Other: 0.1ms
[6.867s][info][gc,heap        ] GC(67) Eden regions: 20->0(20)
[6.867s][info][gc,heap        ] GC(67) Survivor regions: 1->1(3)
[6.867s][info][gc,heap        ] GC(67) Old regions: 2->2
[6.867s][info][gc,heap        ] GC(67) Humongous regions: 0->0
[6.867s][info][gc,metaspace   ] GC(67) Metaspace: 2840K->2840K(1056768K)
[6.867s][info][gc             ] GC(67) Pause Young (Normal) (G1 Evacuation Pause) 21M->1M(35M) 0.505ms
[6.867s][info][gc,cpu         ] GC(67) User=0.00s Sys=0.00s Real=0.00s
[6.913s][info][gc,start       ] GC(68) Pause Young (Normal) (G1 Evacuation Pause)
[6.913s][info][gc,task        ] GC(68) Using 1 workers of 1 for evacuation
[6.913s][info][gc,phases      ] GC(68)   Pre Evacuate Collection Set: 0.0ms
[6.913s][info][gc,phases      ] GC(68)   Evacuate Collection Set: 0.2ms
[6.913s][info][gc,phases      ] GC(68)   Post Evacuate Collection Set: 0.1ms
[6.913s][info][gc,phases      ] GC(68)   Other: 0.1ms
[6.913s][info][gc,heap        ] GC(68) Eden regions: 20->0(20)
[6.913s][info][gc,heap        ] GC(68) Survivor regions: 1->1(3)
[6.913s][info][gc,heap        ] GC(68) Old regions: 2->2
[6.913s][info][gc,heap        ] GC(68) Humongous regions: 0->0
[6.913s][info][gc,metaspace   ] GC(68) Metaspace: 2846K->2846K(1056768K)
[6.913s][info][gc             ] GC(68) Pause Young (Normal) (G1 Evacuation Pause) 21M->1M(35M) 0.533ms
[6.914s][info][gc,cpu         ] GC(68) User=0.00s Sys=0.00s Real=0.00s
[6.976s][info][gc,start       ] GC(69) Pause Young (Normal) (G1 Evacuation Pause)
[6.976s][info][gc,task        ] GC(69) Using 1 workers of 1 for evacuation
[6.977s][info][gc,phases      ] GC(69)   Pre Evacuate Collection Set: 0.0ms
[6.977s][info][gc,phases      ] GC(69)   Evacuate Collection Set: 0.3ms
[6.977s][info][gc,phases      ] GC(69)   Post Evacuate Collection Set: 0.1ms
[6.977s][info][gc,phases      ] GC(69)   Other: 0.1ms
[6.977s][info][gc,heap        ] GC(69) Eden regions: 20->0(20)
[6.977s][info][gc,heap        ] GC(69) Survivor regions: 1->1(3)
[6.977s][info][gc,heap        ] GC(69) Old regions: 2->2
[6.977s][info][gc,heap        ] GC(69) Humongous regions: 0->0
[6.977s][info][gc,metaspace   ] GC(69) Metaspace: 2853K->2853K(1056768K)
[6.977s][info][gc             ] GC(69) Pause Young (Normal) (G1 Evacuation Pause) 21M->1M(35M) 0.607ms
[6.977s][info][gc,cpu         ] GC(69) User=0.00s Sys=0.00s Real=0.00s
[7.030s][info][gc,start       ] GC(70) Pause Young (Normal) (G1 Evacuation Pause)
[7.030s][info][gc,task        ] GC(70) Using 1 workers of 1 for evacuation
[7.030s][info][gc,phases      ] GC(70)   Pre Evacuate Collection Set: 0.0ms
[7.030s][info][gc,phases      ] GC(70)   Evacuate Collection Set: 0.2ms
[7.030s][info][gc,phases      ] GC(70)   Post Evacuate Collection Set: 0.1ms
[7.030s][info][gc,phases      ] GC(70)   Other: 0.2ms
[7.030s][info][gc,heap        ] GC(70) Eden regions: 20->0(20)
[7.030s][info][gc,heap        ] GC(70) Survivor regions: 1->1(3)
[7.030s][info][gc,heap        ] GC(70) Old regions: 2->2
[7.030s][info][gc,heap        ] GC(70) Humongous regions: 0->0
[7.030s][info][gc,metaspace   ] GC(70) Metaspace: 2865K->2865K(1056768K)
[7.030s][info][gc             ] GC(70) Pause Young (Normal) (G1 Evacuation Pause) 21M->1M(35M) 0.604ms
[7.030s][info][gc,cpu         ] GC(70) User=0.00s Sys=0.00s Real=0.00s
[7.185s][info][gc,start       ] GC(71) Pause Young (Normal) (G1 Evacuation Pause)
[7.185s][info][gc,task        ] GC(71) Using 1 workers of 1 for evacuation
[7.186s][info][gc,phases      ] GC(71)   Pre Evacuate Collection Set: 0.0ms
[7.186s][info][gc,phases      ] GC(71)   Evacuate Collection Set: 0.3ms
[7.186s][info][gc,phases      ] GC(71)   Post Evacuate Collection Set: 0.1ms
[7.186s][info][gc,phases      ] GC(71)   Other: 0.2ms
[7.186s][info][gc,heap        ] GC(71) Eden regions: 20->0(20)
[7.186s][info][gc,heap        ] GC(71) Survivor regions: 1->1(3)
[7.186s][info][gc,heap        ] GC(71) Old regions: 2->2
[7.186s][info][gc,heap        ] GC(71) Humongous regions: 0->0
[7.186s][info][gc,metaspace   ] GC(71) Metaspace: 2924K->2924K(1056768K)
[7.186s][info][gc             ] GC(71) Pause Young (Normal) (G1 Evacuation Pause) 21M->1M(35M) 0.762ms
[7.186s][info][gc,cpu         ] GC(71) User=0.00s Sys=0.00s Real=0.00s
[7.445s][info][gc,heap,exit   ] Heap
[7.445s][info][gc,heap,exit   ]  garbage-first heap   total 35840K, used 8529K [0x00000000c2a00000, 0x0000000100000000)
[7.445s][info][gc,heap,exit   ]   region size 1024K, 9 young (9216K), 1 survivors (1024K)
[7.445s][info][gc,heap,exit   ]  Metaspace       used 2933K, capacity 5952K, committed 6272K, reserved 1056768K
[7.445s][info][gc,heap,exit   ]   class space    used 237K, capacity 534K, committed 640K, reserved 1048576K
