[0.009s][info][gc,init] Initializing The Z Garbage Collector
[0.009s][info][gc,init] Version: 11.0.15+10-Ubuntu-0ubuntu0.20.04.1 (release)
[0.009s][info][gc,init] NUMA Support: Disabled
[0.009s][info][gc,init] CPUs: 1 total, 1 available
[0.009s][info][gc,init] Memory: 3926M
[0.009s][info][gc,init] Large Page Support: Disabled
[0.009s][info][gc,init] Workers: 1 parallel, 1 concurrent
[0.009s][info][gc,init] Heap backed by file: /memfd:java_heap
[0.009s][info][gc,init] Available space on backing filesystem: N/A
[0.044s][info][gc,init] Pre-touching: Disabled
[0.044s][info][gc,init] Pre-mapping: 62M
[0.065s][info][gc,init] Runtime Workers: 1 parallel
[0.065s][info][gc     ] Using The Z Garbage Collector
[0.718s][info][gc,start] GC(0) Garbage Collection (System.gc())
[0.720s][info][gc,phases] GC(0) Pause Mark Start 0.202ms
[0.722s][info][gc,phases] GC(0) Concurrent Mark 1.574ms
[0.724s][info][gc,phases] GC(0) Pause Mark End 0.022ms
[0.724s][info][gc,phases] GC(0) Concurrent Process Non-Strong References 0.059ms
[0.724s][info][gc,phases] GC(0) Concurrent Reset Relocation Set 0.000ms
[0.724s][info][gc,phases] GC(0) Concurrent Destroy Detached Pages 0.000ms
[0.732s][info][gc,phases] GC(0) Concurrent Select Relocation Set 7.821ms
[0.732s][info][gc,phases] GC(0) Concurrent Prepare Relocation Set 0.081ms
[0.732s][info][gc,phases] GC(0) Pause Relocate Start 0.263ms
[0.734s][info][gc,phases] GC(0) Concurrent Relocate 1.248ms
[0.740s][info][gc,load  ] GC(0) Load: 2.07/1.15/0.79
[0.740s][info][gc,mmu   ] GC(0) MMU: 2ms/86.8%, 5ms/94.7%, 10ms/97.1%, 20ms/97.6%, 50ms/99.0%, 100ms/99.5%
[0.740s][info][gc,marking] GC(0) Mark: 1 stripe(s), 1 proactive flush(es), 1 terminate flush(es), 0 completion(s), 0 continuation(s) 
[0.740s][info][gc,reloc  ] GC(0) Relocation: Successful, 1M relocated
[0.740s][info][gc,nmethod] GC(0) NMethods: 98 registered, 0 unregistered
[0.740s][info][gc,metaspace] GC(0) Metaspace: 6M used, 6M capacity, 6M committed, 8M reserved
[0.740s][info][gc,ref      ] GC(0) Soft: 63 encountered, 0 discovered, 0 enqueued
[0.740s][info][gc,ref      ] GC(0) Weak: 98 encountered, 82 discovered, 48 enqueued
[0.740s][info][gc,ref      ] GC(0) Final: 3 encountered, 0 discovered, 0 enqueued
[0.740s][info][gc,ref      ] GC(0) Phantom: 102 encountered, 66 discovered, 42 enqueued
[0.744s][info][gc,heap     ] GC(0)                Mark Start          Mark End        Relocate Start      Relocate End           High               Low         
[0.744s][info][gc,heap     ] GC(0)  Capacity:       96M (10%)          96M (10%)          96M (10%)          96M (10%)          96M (10%)          96M (10%)    
[0.744s][info][gc,heap     ] GC(0)   Reserve:       34M (3%)           34M (3%)           34M (3%)           34M (3%)           34M (3%)           34M (3%)     
[0.744s][info][gc,heap     ] GC(0)      Free:      942M (96%)         942M (96%)         940M (96%)         944M (96%)         944M (96%)         938M (96%)    
[0.744s][info][gc,heap     ] GC(0)      Used:        6M (1%)            6M (1%)            8M (1%)            4M (0%)           10M (1%)            4M (0%)     
[0.744s][info][gc,heap     ] GC(0)      Live:         -                 1M (0%)            1M (0%)            1M (0%)             -                  -          
[0.744s][info][gc,heap     ] GC(0) Allocated:         -                 0M (0%)            2M (0%)            4M (0%)             -                  -          
[0.744s][info][gc,heap     ] GC(0)   Garbage:         -                 4M (0%)            4M (0%)            0M (0%)             -                  -          
[0.744s][info][gc,heap     ] GC(0) Reclaimed:         -                  -                 0M (0%)            4M (0%)             -                  -          
[0.744s][info][gc          ] GC(0) Garbage Collection (System.gc()) 6M(1%)->4M(0%)
[3.306s][info][gc,start    ] GC(1) Garbage Collection (Warmup)
[3.312s][info][gc,phases   ] GC(1) Pause Mark Start 1.809ms
[3.328s][info][gc,phases   ] GC(1) Concurrent Mark 15.925ms
[3.328s][info][gc,phases   ] GC(1) Pause Mark End 0.085ms
[3.329s][info][gc,phases   ] GC(1) Concurrent Process Non-Strong References 0.331ms
[3.329s][info][gc,phases   ] GC(1) Concurrent Reset Relocation Set 0.001ms
[3.329s][info][gc,phases   ] GC(1) Concurrent Destroy Detached Pages 0.001ms
[3.336s][info][gc,phases   ] GC(1) Concurrent Select Relocation Set 7.246ms
[3.336s][info][gc,phases   ] GC(1) Concurrent Prepare Relocation Set 0.059ms
[3.337s][info][gc,phases   ] GC(1) Pause Relocate Start 0.245ms
[3.345s][info][gc,phases   ] GC(1) Concurrent Relocate 8.216ms
[3.345s][info][gc,load     ] GC(1) Load: 2.07/1.15/0.79
[3.345s][info][gc,mmu      ] GC(1) MMU: 2ms/9.5%, 5ms/63.8%, 10ms/81.9%, 20ms/90.5%, 50ms/95.7%, 100ms/97.9%
[3.345s][info][gc,marking  ] GC(1) Mark: 1 stripe(s), 1 proactive flush(es), 2 terminate flush(es), 0 completion(s), 0 continuation(s) 
[3.345s][info][gc,reloc    ] GC(1) Relocation: Successful, 2M relocated
[3.345s][info][gc,nmethod  ] GC(1) NMethods: 431 registered, 0 unregistered
[3.345s][info][gc,metaspace] GC(1) Metaspace: 7M used, 7M capacity, 8M committed, 8M reserved
[3.345s][info][gc,ref      ] GC(1) Soft: 68 encountered, 0 discovered, 0 enqueued
[3.345s][info][gc,ref      ] GC(1) Weak: 97 encountered, 76 discovered, 37 enqueued
[3.345s][info][gc,ref      ] GC(1) Final: 53 encountered, 47 discovered, 47 enqueued
[3.345s][info][gc,ref      ] GC(1) Phantom: 79 encountered, 74 discovered, 12 enqueued
[3.345s][info][gc,heap     ] GC(1)                Mark Start          Mark End        Relocate Start      Relocate End           High               Low         
[3.345s][info][gc,heap     ] GC(1)  Capacity:      240M (24%)         242M (25%)         242M (25%)         242M (25%)         242M (25%)         240M (24%)    
[3.345s][info][gc,heap     ] GC(1)   Reserve:       34M (3%)           34M (3%)           34M (3%)           34M (3%)           34M (3%)           34M (3%)     
[3.345s][info][gc,heap     ] GC(1)      Free:      742M (76%)         740M (75%)         882M (90%)         942M (96%)         942M (96%)         740M (75%)    
[3.345s][info][gc,heap     ] GC(1)      Used:      206M (21%)         208M (21%)          66M (7%)            6M (1%)          208M (21%)           6M (1%)     
[3.345s][info][gc,heap     ] GC(1)      Live:         -                 2M (0%)            2M (0%)            2M (0%)             -                  -          
[3.345s][info][gc,heap     ] GC(1) Allocated:         -                 2M (0%)            2M (0%)            4M (0%)             -                  -          
[3.345s][info][gc,heap     ] GC(1)   Garbage:         -               203M (21%)          61M (6%)            1M (0%)             -                  -          
[3.345s][info][gc,heap     ] GC(1) Reclaimed:         -                  -               142M (14%)         202M (21%)            -                  -          
[3.345s][info][gc          ] GC(1) Garbage Collection (Warmup) 206M(21%)->6M(1%)
[4.917s][info][gc,start    ] GC(2) Garbage Collection (Warmup)
[4.922s][info][gc,phases   ] GC(2) Pause Mark Start 0.206ms
[4.963s][info][gc,phases   ] GC(2) Concurrent Mark 41.412ms
[4.965s][info][gc,phases   ] GC(2) Pause Mark End 0.164ms
[4.965s][info][gc,phases   ] GC(2) Concurrent Process Non-Strong References 0.319ms
[4.966s][info][gc,phases   ] GC(2) Concurrent Reset Relocation Set 0.015ms
[4.966s][info][gc,phases   ] GC(2) Concurrent Destroy Detached Pages 0.001ms
[4.969s][info][gc,phases   ] GC(2) Concurrent Select Relocation Set 2.896ms
[4.970s][info][gc,phases   ] GC(2) Concurrent Prepare Relocation Set 0.368ms
[4.978s][info][gc,phases   ] GC(2) Pause Relocate Start 0.226ms
[4.979s][info][gc,phases   ] GC(2) Concurrent Relocate 1.004ms
[4.979s][info][gc,load     ] GC(2) Load: 2.06/1.16/0.80
[4.979s][info][gc,mmu      ] GC(2) MMU: 2ms/9.5%, 5ms/63.8%, 10ms/81.9%, 20ms/90.5%, 50ms/95.7%, 100ms/97.9%
[4.979s][info][gc,marking  ] GC(2) Mark: 1 stripe(s), 2 proactive flush(es), 2 terminate flush(es), 0 completion(s), 0 continuation(s) 
[4.979s][info][gc,reloc    ] GC(2) Relocation: Successful, 2M relocated
[4.979s][info][gc,nmethod  ] GC(2) NMethods: 536 registered, 0 unregistered
[4.979s][info][gc,metaspace] GC(2) Metaspace: 7M used, 7M capacity, 8M committed, 8M reserved
[4.979s][info][gc,ref      ] GC(2) Soft: 70 encountered, 0 discovered, 0 enqueued
[4.979s][info][gc,ref      ] GC(2) Weak: 120 encountered, 98 discovered, 60 enqueued
[4.979s][info][gc,ref      ] GC(2) Final: 81 encountered, 75 discovered, 75 enqueued
[4.979s][info][gc,ref      ] GC(2) Phantom: 82 encountered, 76 discovered, 15 enqueued
[4.979s][info][gc,heap     ] GC(2)                Mark Start          Mark End        Relocate Start      Relocate End           High               Low         
[4.979s][info][gc,heap     ] GC(2)  Capacity:      334M (34%)         338M (34%)         338M (34%)         338M (34%)         338M (34%)         334M (34%)    
[4.979s][info][gc,heap     ] GC(2)   Reserve:       34M (3%)           34M (3%)           34M (3%)           34M (3%)           34M (3%)           34M (3%)     
[4.979s][info][gc,heap     ] GC(2)      Free:      648M (66%)         644M (66%)         884M (90%)         938M (96%)         938M (96%)         644M (66%)    
[4.979s][info][gc,heap     ] GC(2)      Used:      300M (31%)         304M (31%)          64M (7%)           10M (1%)          304M (31%)          10M (1%)     
[4.979s][info][gc,heap     ] GC(2)      Live:         -                 2M (0%)            2M (0%)            2M (0%)             -                  -          
[4.979s][info][gc,heap     ] GC(2) Allocated:         -                 4M (0%)            6M (1%)            8M (1%)             -                  -          
[4.979s][info][gc,heap     ] GC(2)   Garbage:         -               297M (30%)          55M (6%)            1M (0%)             -                  -          
[4.979s][info][gc,heap     ] GC(2) Reclaimed:         -                  -               242M (25%)         296M (30%)            -                  -          
[4.979s][info][gc          ] GC(2) Garbage Collection (Warmup) 300M(31%)->10M(1%)
[8.028s][info][gc,heap,exit] Heap
[8.028s][info][gc,heap,exit]  ZHeap           used 822M, capacity 856M, max capacity 982M
[8.028s][info][gc,heap,exit]  Metaspace       used 8117K, capacity 8186K, committed 8192K, reserved 8192K
