[0.003s][info][gc,heap] Heap region size: 1M
[0.004s][info][gc     ] Using G1
[0.004s][info][gc,heap,coops] Heap address: 0x0000000083a00000, size: 1990 MB, Compressed Oops mode: 32-bit
[0.576s][info][gc,start     ] GC(0) Pause Young (Normal) (G1 Evacuation Pause)
[0.576s][info][gc,task      ] GC(0) Using 1 workers of 1 for evacuation
[0.580s][info][gc,phases    ] GC(0)   Pre Evacuate Collection Set: 0.0ms
[0.580s][info][gc,phases    ] GC(0)   Evacuate Collection Set: 4.0ms
[0.580s][info][gc,phases    ] GC(0)   Post Evacuate Collection Set: 0.1ms
[0.580s][info][gc,phases    ] GC(0)   Other: 0.1ms
[0.580s][info][gc,heap      ] GC(0) Eden regions: 6->0(5)
[0.580s][info][gc,heap      ] GC(0) Survivor regions: 0->1(1)
[0.580s][info][gc,heap      ] GC(0) Old regions: 0->2
[0.580s][info][gc,heap      ] GC(0) Humongous regions: 0->0
[0.580s][info][gc,metaspace ] GC(0) Metaspace: 2153K->2153K(1056768K)
[0.580s][info][gc           ] GC(0) Pause Young (Normal) (G1 Evacuation Pause) 6M->2M(126M) 4.298ms
[0.580s][info][gc,cpu       ] GC(0) User=0.01s Sys=0.00s Real=0.01s
[0.731s][info][gc,start     ] GC(1) Pause Young (Normal) (G1 Evacuation Pause)
[0.731s][info][gc,task      ] GC(1) Using 1 workers of 1 for evacuation
[0.733s][info][gc,phases    ] GC(1)   Pre Evacuate Collection Set: 0.0ms
[0.733s][info][gc,phases    ] GC(1)   Evacuate Collection Set: 2.2ms
[0.733s][info][gc,phases    ] GC(1)   Post Evacuate Collection Set: 0.0ms
[0.733s][info][gc,phases    ] GC(1)   Other: 0.1ms
[0.733s][info][gc,heap      ] GC(1) Eden regions: 5->0(6)
[0.733s][info][gc,heap      ] GC(1) Survivor regions: 1->1(1)
[0.733s][info][gc,heap      ] GC(1) Old regions: 2->3
[0.733s][info][gc,heap      ] GC(1) Humongous regions: 0->0
[0.733s][info][gc,metaspace ] GC(1) Metaspace: 4300K->4300K(1056768K)
[0.733s][info][gc           ] GC(1) Pause Young (Normal) (G1 Evacuation Pause) 7M->2M(126M) 2.418ms
[0.733s][info][gc,cpu       ] GC(1) User=0.00s Sys=0.00s Real=0.00s
[0.943s][info][gc,start     ] GC(2) Pause Young (Normal) (G1 Evacuation Pause)
[0.943s][info][gc,task      ] GC(2) Using 1 workers of 1 for evacuation
[0.945s][info][gc,phases    ] GC(2)   Pre Evacuate Collection Set: 0.0ms
[0.945s][info][gc,phases    ] GC(2)   Evacuate Collection Set: 1.4ms
[0.945s][info][gc,phases    ] GC(2)   Post Evacuate Collection Set: 0.0ms
[0.945s][info][gc,phases    ] GC(2)   Other: 0.1ms
[0.945s][info][gc,heap      ] GC(2) Eden regions: 6->0(13)
[0.945s][info][gc,heap      ] GC(2) Survivor regions: 1->1(1)
[0.945s][info][gc,heap      ] GC(2) Old regions: 3->3
[0.945s][info][gc,heap      ] GC(2) Humongous regions: 0->0
[0.945s][info][gc,metaspace ] GC(2) Metaspace: 6646K->6646K(1058816K)
[0.945s][info][gc           ] GC(2) Pause Young (Normal) (G1 Evacuation Pause) 8M->2M(126M) 1.685ms
[0.945s][info][gc,cpu       ] GC(2) User=0.00s Sys=0.00s Real=0.00s
[2.526s][info][gc,start     ] GC(3) Pause Young (Normal) (G1 Evacuation Pause)
[2.526s][info][gc,task      ] GC(3) Using 1 workers of 1 for evacuation
[2.529s][info][gc,phases    ] GC(3)   Pre Evacuate Collection Set: 0.0ms
[2.529s][info][gc,phases    ] GC(3)   Evacuate Collection Set: 2.9ms
[2.529s][info][gc,phases    ] GC(3)   Post Evacuate Collection Set: 0.1ms
[2.529s][info][gc,phases    ] GC(3)   Other: 0.2ms
[2.529s][info][gc,heap      ] GC(3) Eden regions: 13->0(18)
[2.529s][info][gc,heap      ] GC(3) Survivor regions: 1->2(2)
[2.529s][info][gc,heap      ] GC(3) Old regions: 3->3
[2.529s][info][gc,heap      ] GC(3) Humongous regions: 0->0
[2.529s][info][gc,metaspace ] GC(3) Metaspace: 8514K->8514K(1058816K)
[2.529s][info][gc           ] GC(3) Pause Young (Normal) (G1 Evacuation Pause) 15M->4M(126M) 3.265ms
[2.529s][info][gc,cpu       ] GC(3) User=0.01s Sys=0.00s Real=0.01s
[2.806s][info][gc,start     ] GC(4) Pause Young (Normal) (G1 Evacuation Pause)
[2.806s][info][gc,task      ] GC(4) Using 1 workers of 1 for evacuation
[2.812s][info][gc,phases    ] GC(4)   Pre Evacuate Collection Set: 0.0ms
[2.812s][info][gc,phases    ] GC(4)   Evacuate Collection Set: 5.9ms
[2.812s][info][gc,phases    ] GC(4)   Post Evacuate Collection Set: 0.1ms
[2.812s][info][gc,phases    ] GC(4)   Other: 0.1ms
[2.812s][info][gc,heap      ] GC(4) Eden regions: 18->0(20)
[2.812s][info][gc,heap      ] GC(4) Survivor regions: 2->3(3)
[2.812s][info][gc,heap      ] GC(4) Old regions: 3->10
[2.812s][info][gc,heap      ] GC(4) Humongous regions: 6->6
[2.812s][info][gc,metaspace ] GC(4) Metaspace: 12220K->12220K(1060864K)
[2.812s][info][gc           ] GC(4) Pause Young (Normal) (G1 Evacuation Pause) 28M->18M(126M) 6.225ms
[2.812s][info][gc,cpu       ] GC(4) User=0.00s Sys=0.00s Real=0.01s
[3.495s][info][gc,start     ] GC(5) Pause Young (Normal) (G1 Evacuation Pause)
[3.496s][info][gc,task      ] GC(5) Using 1 workers of 1 for evacuation
[3.502s][info][gc,phases    ] GC(5)   Pre Evacuate Collection Set: 0.0ms
[3.502s][info][gc,phases    ] GC(5)   Evacuate Collection Set: 6.1ms
[3.502s][info][gc,phases    ] GC(5)   Post Evacuate Collection Set: 0.1ms
[3.502s][info][gc,phases    ] GC(5)   Other: 0.2ms
[3.502s][info][gc,heap      ] GC(5) Eden regions: 20->0(24)
[3.502s][info][gc,heap      ] GC(5) Survivor regions: 3->3(3)
[3.502s][info][gc,heap      ] GC(5) Old regions: 10->12
[3.502s][info][gc,heap      ] GC(5) Humongous regions: 6->6
[3.502s][info][gc,metaspace ] GC(5) Metaspace: 18377K->18377K(1067008K)
[3.502s][info][gc           ] GC(5) Pause Young (Normal) (G1 Evacuation Pause) 38M->20M(126M) 6.471ms
[3.502s][info][gc,cpu       ] GC(5) User=0.00s Sys=0.00s Real=0.01s
[3.652s][info][gc,start     ] GC(6) Pause Young (Concurrent Start) (Metadata GC Threshold)
[3.652s][info][gc,task      ] GC(6) Using 1 workers of 1 for evacuation
[3.657s][info][gc,phases    ] GC(6)   Pre Evacuate Collection Set: 0.0ms
[3.657s][info][gc,phases    ] GC(6)   Evacuate Collection Set: 4.2ms
[3.657s][info][gc,phases    ] GC(6)   Post Evacuate Collection Set: 0.1ms
[3.657s][info][gc,phases    ] GC(6)   Other: 0.1ms
[3.657s][info][gc,heap      ] GC(6) Eden regions: 7->0(27)
[3.657s][info][gc,heap      ] GC(6) Survivor regions: 3->1(4)
[3.657s][info][gc,heap      ] GC(6) Old regions: 12->15
[3.657s][info][gc,heap      ] GC(6) Humongous regions: 6->6
[3.657s][info][gc,metaspace ] GC(6) Metaspace: 20132K->20132K(1067008K)
[3.657s][info][gc           ] GC(6) Pause Young (Concurrent Start) (Metadata GC Threshold) 27M->20M(126M) 4.568ms
[3.657s][info][gc,cpu       ] GC(6) User=0.00s Sys=0.01s Real=0.01s
[3.657s][info][gc           ] GC(7) Concurrent Cycle
[3.657s][info][gc,marking   ] GC(7) Concurrent Clear Claimed Marks
[3.657s][info][gc,marking   ] GC(7) Concurrent Clear Claimed Marks 0.037ms
[3.657s][info][gc,marking   ] GC(7) Concurrent Scan Root Regions
[3.657s][info][gc,marking   ] GC(7) Concurrent Scan Root Regions 0.244ms
[3.657s][info][gc,marking   ] GC(7) Concurrent Mark (3.657s)
[3.657s][info][gc,marking   ] GC(7) Concurrent Mark From Roots
[3.657s][info][gc,task      ] GC(7) Using 1 workers of 1 for marking
[3.681s][info][gc,marking   ] GC(7) Concurrent Mark From Roots 23.638ms
[3.681s][info][gc,marking   ] GC(7) Concurrent Preclean
[3.681s][info][gc,marking   ] GC(7) Concurrent Preclean 0.044ms
[3.681s][info][gc,marking   ] GC(7) Concurrent Mark (3.657s, 3.681s) 23.722ms
[3.683s][info][gc,start     ] GC(7) Pause Remark
[3.686s][info][gc,stringtable] GC(7) Cleaned string and symbol table, strings: 7456 processed, 7 removed, symbols: 40188 processed, 44 removed
[3.686s][info][gc            ] GC(7) Pause Remark 21M->21M(126M) 3.668ms
[3.686s][info][gc,cpu        ] GC(7) User=0.01s Sys=0.00s Real=0.00s
[3.686s][info][gc,marking    ] GC(7) Concurrent Rebuild Remembered Sets
[3.707s][info][gc,marking    ] GC(7) Concurrent Rebuild Remembered Sets 20.616ms
[3.714s][info][gc,start      ] GC(7) Pause Cleanup
[3.714s][info][gc            ] GC(7) Pause Cleanup 21M->21M(126M) 0.087ms
[3.714s][info][gc,cpu        ] GC(7) User=0.00s Sys=0.00s Real=0.00s
[3.714s][info][gc,marking    ] GC(7) Concurrent Cleanup for Next Mark
[3.717s][info][gc,marking    ] GC(7) Concurrent Cleanup for Next Mark 3.803ms
[3.717s][info][gc            ] GC(7) Concurrent Cycle 60.537ms
[4.482s][info][gc,start      ] GC(8) Pause Young (Normal) (G1 Evacuation Pause)
[4.482s][info][gc,task       ] GC(8) Using 1 workers of 1 for evacuation
[4.494s][info][gc,phases     ] GC(8)   Pre Evacuate Collection Set: 0.0ms
[4.494s][info][gc,phases     ] GC(8)   Evacuate Collection Set: 5.4ms
[4.494s][info][gc,phases     ] GC(8)   Post Evacuate Collection Set: 6.6ms
[4.494s][info][gc,phases     ] GC(8)   Other: 0.2ms
[4.494s][info][gc,heap       ] GC(8) Eden regions: 28->0(53)
[4.494s][info][gc,heap       ] GC(8) Survivor regions: 1->2(4)
[4.494s][info][gc,heap       ] GC(8) Old regions: 15->15
[4.494s][info][gc,heap       ] GC(8) Humongous regions: 6->6
[4.494s][info][gc,metaspace  ] GC(8) Metaspace: 26408K->26408K(1073152K)
[4.494s][info][gc            ] GC(8) Pause Young (Normal) (G1 Evacuation Pause) 48M->22M(126M) 12.264ms
[4.494s][info][gc,cpu        ] GC(8) User=0.01s Sys=0.00s Real=0.01s
[5.381s][info][gc,start      ] GC(9) Pause Young (Concurrent Start) (Metadata GC Threshold)
[5.381s][info][gc,task       ] GC(9) Using 1 workers of 1 for evacuation
[5.400s][info][gc,phases     ] GC(9)   Pre Evacuate Collection Set: 0.1ms
[5.400s][info][gc,phases     ] GC(9)   Evacuate Collection Set: 17.8ms
[5.400s][info][gc,phases     ] GC(9)   Post Evacuate Collection Set: 0.4ms
[5.400s][info][gc,phases     ] GC(9)   Other: 0.8ms
[5.400s][info][gc,heap       ] GC(9) Eden regions: 40->0(51)
[5.400s][info][gc,heap       ] GC(9) Survivor regions: 2->4(7)
[5.400s][info][gc,heap       ] GC(9) Old regions: 15->15
[5.400s][info][gc,heap       ] GC(9) Humongous regions: 6->6
[5.400s][info][gc,metaspace  ] GC(9) Metaspace: 34493K->34493K(1079296K)
[5.400s][info][gc            ] GC(9) Pause Young (Concurrent Start) (Metadata GC Threshold) 61M->24M(152M) 19.191ms
[5.400s][info][gc,cpu        ] GC(9) User=0.02s Sys=0.00s Real=0.02s
[5.400s][info][gc            ] GC(10) Concurrent Cycle
[5.400s][info][gc,marking    ] GC(10) Concurrent Clear Claimed Marks
[5.400s][info][gc,marking    ] GC(10) Concurrent Clear Claimed Marks 0.078ms
[5.400s][info][gc,marking    ] GC(10) Concurrent Scan Root Regions
[5.408s][info][gc,marking    ] GC(10) Concurrent Scan Root Regions 7.488ms
[5.408s][info][gc,marking    ] GC(10) Concurrent Mark (5.408s)
[5.408s][info][gc,marking    ] GC(10) Concurrent Mark From Roots
[5.408s][info][gc,task       ] GC(10) Using 1 workers of 1 for marking
[5.427s][info][gc,marking    ] GC(10) Concurrent Mark From Roots 19.190ms
[5.427s][info][gc,marking    ] GC(10) Concurrent Preclean
[5.427s][info][gc,marking    ] GC(10) Concurrent Preclean 0.041ms
[5.427s][info][gc,marking    ] GC(10) Concurrent Mark (5.408s, 5.427s) 19.275ms
[5.427s][info][gc,start      ] GC(10) Pause Remark
[5.433s][info][gc,stringtable] GC(10) Cleaned string and symbol table, strings: 13678 processed, 18 removed, symbols: 79902 processed, 44 removed
[5.433s][info][gc            ] GC(10) Pause Remark 24M->24M(152M) 5.745ms
[5.433s][info][gc,cpu        ] GC(10) User=0.00s Sys=0.00s Real=0.01s
[5.437s][info][gc,marking    ] GC(10) Concurrent Rebuild Remembered Sets
[5.448s][info][gc,marking    ] GC(10) Concurrent Rebuild Remembered Sets 10.161ms
[5.453s][info][gc,start      ] GC(10) Pause Cleanup
[5.453s][info][gc            ] GC(10) Pause Cleanup 25M->25M(152M) 0.078ms
[5.453s][info][gc,cpu        ] GC(10) User=0.00s Sys=0.00s Real=0.00s
[5.453s][info][gc,marking    ] GC(10) Concurrent Cleanup for Next Mark
[5.453s][info][gc,marking    ] GC(10) Concurrent Cleanup for Next Mark 0.534ms
[5.453s][info][gc            ] GC(10) Concurrent Cycle 53.141ms
[6.258s][info][gc,start      ] GC(11) Pause Young (Normal) (G1 Evacuation Pause)
[6.258s][info][gc,task       ] GC(11) Using 1 workers of 1 for evacuation
[6.326s][info][gc,phases     ] GC(11)   Pre Evacuate Collection Set: 0.0ms
[6.326s][info][gc,phases     ] GC(11)   Evacuate Collection Set: 67.0ms
[6.326s][info][gc,phases     ] GC(11)   Post Evacuate Collection Set: 0.3ms
[6.326s][info][gc,phases     ] GC(11)   Other: 0.2ms
[6.326s][info][gc,heap       ] GC(11) Eden regions: 51->0(56)
[6.326s][info][gc,heap       ] GC(11) Survivor regions: 4->7(7)
[6.326s][info][gc,heap       ] GC(11) Old regions: 15->26
[6.326s][info][gc,heap       ] GC(11) Humongous regions: 6->6
[6.326s][info][gc,metaspace  ] GC(11) Metaspace: 43061K->43061K(1087488K)
[6.326s][info][gc            ] GC(11) Pause Young (Normal) (G1 Evacuation Pause) 75M->38M(152M) 67.703ms
[6.326s][info][gc,cpu        ] GC(11) User=0.05s Sys=0.01s Real=0.06s
[6.714s][info][gc,start      ] GC(12) Pause Young (Normal) (G1 Evacuation Pause)
[6.714s][info][gc,task       ] GC(12) Using 1 workers of 1 for evacuation
[6.820s][info][gc,phases     ] GC(12)   Pre Evacuate Collection Set: 0.0ms
[6.820s][info][gc,phases     ] GC(12)   Evacuate Collection Set: 105.5ms
[6.820s][info][gc,phases     ] GC(12)   Post Evacuate Collection Set: 0.2ms
[6.820s][info][gc,phases     ] GC(12)   Other: 0.2ms
[6.820s][info][gc,heap       ] GC(12) Eden regions: 56->0(19)
[6.820s][info][gc,heap       ] GC(12) Survivor regions: 7->8(8)
[6.820s][info][gc,heap       ] GC(12) Old regions: 26->80
[6.820s][info][gc,heap       ] GC(12) Humongous regions: 6->6
[6.820s][info][gc,metaspace  ] GC(12) Metaspace: 43061K->43061K(1087488K)
[6.820s][info][gc            ] GC(12) Pause Young (Normal) (G1 Evacuation Pause) 94M->93M(157M) 105.990ms
[6.820s][info][gc,cpu        ] GC(12) User=0.10s Sys=0.01s Real=0.11s
[6.869s][info][gc,start      ] GC(13) Pause Young (Concurrent Start) (G1 Evacuation Pause)
[6.869s][info][gc,task       ] GC(13) Using 1 workers of 1 for evacuation
[6.907s][info][gc,phases     ] GC(13)   Pre Evacuate Collection Set: 0.1ms
[6.907s][info][gc,phases     ] GC(13)   Evacuate Collection Set: 37.8ms
[6.907s][info][gc,phases     ] GC(13)   Post Evacuate Collection Set: 0.1ms
[6.907s][info][gc,phases     ] GC(13)   Other: 0.1ms
[6.907s][info][gc,heap       ] GC(13) Eden regions: 19->0(9)
[6.907s][info][gc,heap       ] GC(13) Survivor regions: 8->4(4)
[6.907s][info][gc,heap       ] GC(13) Old regions: 80->103
[6.907s][info][gc,heap       ] GC(13) Humongous regions: 6->6
[6.907s][info][gc,metaspace  ] GC(13) Metaspace: 43061K->43061K(1087488K)
[6.907s][info][gc            ] GC(13) Pause Young (Concurrent Start) (G1 Evacuation Pause) 112M->112M(157M) 38.259ms
[6.907s][info][gc,cpu        ] GC(13) User=0.04s Sys=0.00s Real=0.03s
[6.908s][info][gc            ] GC(14) Concurrent Cycle
[6.908s][info][gc,marking    ] GC(14) Concurrent Clear Claimed Marks
[6.908s][info][gc,marking    ] GC(14) Concurrent Clear Claimed Marks 0.109ms
[6.908s][info][gc,marking    ] GC(14) Concurrent Scan Root Regions
[6.910s][info][gc,marking    ] GC(14) Concurrent Scan Root Regions 2.434ms
[6.910s][info][gc,marking    ] GC(14) Concurrent Mark (6.910s)
[6.910s][info][gc,marking    ] GC(14) Concurrent Mark From Roots
[6.910s][info][gc,task       ] GC(14) Using 1 workers of 1 for marking
[6.945s][info][gc,start      ] GC(15) Pause Young (Normal) (G1 Evacuation Pause)
[6.945s][info][gc,task       ] GC(15) Using 1 workers of 1 for evacuation
[6.965s][info][gc,phases     ] GC(15)   Pre Evacuate Collection Set: 0.0ms
[6.965s][info][gc,phases     ] GC(15)   Evacuate Collection Set: 18.8ms
[6.965s][info][gc,phases     ] GC(15)   Post Evacuate Collection Set: 0.9ms
[6.965s][info][gc,phases     ] GC(15)   Other: 0.1ms
[6.965s][info][gc,heap       ] GC(15) Eden regions: 9->0(36)
[6.965s][info][gc,heap       ] GC(15) Survivor regions: 4->2(2)
[6.965s][info][gc,heap       ] GC(15) Old regions: 103->114
[6.965s][info][gc,heap       ] GC(15) Humongous regions: 6->6
[6.965s][info][gc,metaspace  ] GC(15) Metaspace: 43061K->43061K(1087488K)
[6.965s][info][gc            ] GC(15) Pause Young (Normal) (G1 Evacuation Pause) 121M->121M(314M) 19.928ms
[6.965s][info][gc,cpu        ] GC(15) User=0.02s Sys=0.00s Real=0.02s
[7.071s][info][gc,start      ] GC(16) Pause Young (Normal) (G1 Evacuation Pause)
[7.071s][info][gc,task       ] GC(16) Using 1 workers of 1 for evacuation
[7.124s][info][gc,phases     ] GC(16)   Pre Evacuate Collection Set: 0.0ms
[7.124s][info][gc,phases     ] GC(16)   Evacuate Collection Set: 53.4ms
[7.124s][info][gc,phases     ] GC(16)   Post Evacuate Collection Set: 0.1ms
[7.124s][info][gc,phases     ] GC(16)   Other: 0.1ms
[7.124s][info][gc,heap       ] GC(16) Eden regions: 36->0(29)
[7.124s][info][gc,heap       ] GC(16) Survivor regions: 2->5(5)
[7.124s][info][gc,heap       ] GC(16) Old regions: 114->146
[7.124s][info][gc,heap       ] GC(16) Humongous regions: 6->6
[7.124s][info][gc,metaspace  ] GC(16) Metaspace: 43061K->43061K(1087488K)
[7.124s][info][gc            ] GC(16) Pause Young (Normal) (G1 Evacuation Pause) 157M->157M(314M) 53.795ms
[7.125s][info][gc,cpu        ] GC(16) User=0.05s Sys=0.00s Real=0.05s
[7.201s][info][gc,start      ] GC(17) Pause Young (Normal) (G1 Evacuation Pause)
[7.201s][info][gc,task       ] GC(17) Using 1 workers of 1 for evacuation
[7.261s][info][gc,phases     ] GC(17)   Pre Evacuate Collection Set: 0.0ms
[7.261s][info][gc,phases     ] GC(17)   Evacuate Collection Set: 59.6ms
[7.261s][info][gc,phases     ] GC(17)   Post Evacuate Collection Set: 0.1ms
[7.261s][info][gc,phases     ] GC(17)   Other: 0.1ms
[7.261s][info][gc,heap       ] GC(17) Eden regions: 29->0(31)
[7.261s][info][gc,heap       ] GC(17) Survivor regions: 5->5(5)
[7.261s][info][gc,heap       ] GC(17) Old regions: 146->175
[7.261s][info][gc,heap       ] GC(17) Humongous regions: 6->6
[7.261s][info][gc,metaspace  ] GC(17) Metaspace: 43061K->43061K(1087488K)
[7.261s][info][gc            ] GC(17) Pause Young (Normal) (G1 Evacuation Pause) 186M->186M(314M) 59.945ms
[7.261s][info][gc,cpu        ] GC(17) User=0.04s Sys=0.01s Real=0.06s
[7.341s][info][gc,marking    ] GC(14) Concurrent Mark From Roots 431.239ms
[7.341s][info][gc,marking    ] GC(14) Concurrent Preclean
[7.341s][info][gc,marking    ] GC(14) Concurrent Preclean 0.111ms
[7.341s][info][gc,marking    ] GC(14) Concurrent Mark (6.910s, 7.341s) 431.393ms
[7.342s][info][gc,start      ] GC(14) Pause Remark
[7.349s][info][gc,stringtable] GC(14) Cleaned string and symbol table, strings: 16362 processed, 215 removed, symbols: 102440 processed, 16 removed
[7.349s][info][gc            ] GC(14) Pause Remark 213M->213M(314M) 7.697ms
[7.349s][info][gc,cpu        ] GC(14) User=0.01s Sys=0.00s Real=0.01s
[7.351s][info][gc,marking    ] GC(14) Concurrent Rebuild Remembered Sets
[7.356s][info][gc,start      ] GC(18) Pause Young (Normal) (G1 Evacuation Pause)
[7.356s][info][gc,task       ] GC(18) Using 1 workers of 1 for evacuation
[7.418s][info][gc,phases     ] GC(18)   Pre Evacuate Collection Set: 0.0ms
[7.418s][info][gc,phases     ] GC(18)   Evacuate Collection Set: 61.9ms
[7.418s][info][gc,phases     ] GC(18)   Post Evacuate Collection Set: 0.1ms
[7.418s][info][gc,phases     ] GC(18)   Other: 0.1ms
[7.418s][info][gc,heap       ] GC(18) Eden regions: 31->0(20)
[7.418s][info][gc,heap       ] GC(18) Survivor regions: 5->5(5)
[7.418s][info][gc,heap       ] GC(18) Old regions: 175->206
[7.418s][info][gc,heap       ] GC(18) Humongous regions: 6->6
[7.418s][info][gc,metaspace  ] GC(18) Metaspace: 43061K->43061K(1087488K)
[7.418s][info][gc            ] GC(18) Pause Young (Normal) (G1 Evacuation Pause) 217M->217M(314M) 62.228ms
[7.418s][info][gc,cpu        ] GC(18) User=0.05s Sys=0.01s Real=0.07s
[7.452s][info][gc,start      ] GC(19) Pause Young (Normal) (G1 Evacuation Pause)
[7.452s][info][gc,task       ] GC(19) Using 1 workers of 1 for evacuation
[7.496s][info][gc,phases     ] GC(19)   Pre Evacuate Collection Set: 0.0ms
[7.496s][info][gc,phases     ] GC(19)   Evacuate Collection Set: 41.8ms
[7.496s][info][gc,phases     ] GC(19)   Post Evacuate Collection Set: 1.6ms
[7.496s][info][gc,phases     ] GC(19)   Other: 0.2ms
[7.496s][info][gc,heap       ] GC(19) Eden regions: 20->0(105)
[7.496s][info][gc,heap       ] GC(19) Survivor regions: 5->4(4)
[7.496s][info][gc,heap       ] GC(19) Old regions: 206->227
[7.496s][info][gc,heap       ] GC(19) Humongous regions: 6->6
[7.496s][info][gc,metaspace  ] GC(19) Metaspace: 43061K->43061K(1087488K)
[7.496s][info][gc            ] GC(19) Pause Young (Normal) (G1 Evacuation Pause) 237M->237M(628M) 43.641ms
[7.496s][info][gc,cpu        ] GC(19) User=0.04s Sys=0.00s Real=0.04s
[7.738s][info][gc,start      ] GC(20) Pause Young (Normal) (G1 Evacuation Pause)
[7.738s][info][gc,task       ] GC(20) Using 1 workers of 1 for evacuation
[7.904s][info][gc,phases     ] GC(20)   Pre Evacuate Collection Set: 0.0ms
[7.904s][info][gc,phases     ] GC(20)   Evacuate Collection Set: 165.3ms
[7.904s][info][gc,phases     ] GC(20)   Post Evacuate Collection Set: 0.2ms
[7.904s][info][gc,phases     ] GC(20)   Other: 0.2ms
[7.904s][info][gc,heap       ] GC(20) Eden regions: 105->0(71)
[7.904s][info][gc,heap       ] GC(20) Survivor regions: 4->14(14)
[7.904s][info][gc,heap       ] GC(20) Old regions: 227->321
[7.904s][info][gc,heap       ] GC(20) Humongous regions: 6->6
[7.904s][info][gc,metaspace  ] GC(20) Metaspace: 43061K->43061K(1087488K)
[7.904s][info][gc            ] GC(20) Pause Young (Normal) (G1 Evacuation Pause) 342M->340M(628M) 165.837ms
[7.904s][info][gc,cpu        ] GC(20) User=0.14s Sys=0.02s Real=0.16s
[7.963s][info][gc,marking    ] GC(14) Concurrent Rebuild Remembered Sets 612.451ms
[7.963s][info][gc,start      ] GC(14) Pause Cleanup
[7.963s][info][gc            ] GC(14) Pause Cleanup 373M->373M(628M) 0.160ms
[7.963s][info][gc,cpu        ] GC(14) User=0.00s Sys=0.00s Real=0.00s
[7.963s][info][gc,marking    ] GC(14) Concurrent Cleanup for Next Mark
[7.969s][info][gc,marking    ] GC(14) Concurrent Cleanup for Next Mark 5.915ms
[7.969s][info][gc            ] GC(14) Concurrent Cycle 1061.758ms
[8.001s][info][gc,start      ] GC(21) Pause Young (Normal) (G1 Evacuation Pause)
[8.001s][info][gc,task       ] GC(21) Using 1 workers of 1 for evacuation
[8.138s][info][gc,phases     ] GC(21)   Pre Evacuate Collection Set: 0.0ms
[8.138s][info][gc,phases     ] GC(21)   Evacuate Collection Set: 136.8ms
[8.138s][info][gc,phases     ] GC(21)   Post Evacuate Collection Set: 0.2ms
[8.138s][info][gc,phases     ] GC(21)   Other: 0.1ms
[8.138s][info][gc,heap       ] GC(21) Eden regions: 71->0(30)
[8.138s][info][gc,heap       ] GC(21) Survivor regions: 14->11(11)
[8.138s][info][gc,heap       ] GC(21) Old regions: 321->394
[8.138s][info][gc,heap       ] GC(21) Humongous regions: 6->6
[8.138s][info][gc,metaspace  ] GC(21) Metaspace: 43061K->43061K(1087488K)
[8.138s][info][gc            ] GC(21) Pause Young (Normal) (G1 Evacuation Pause) 411M->410M(628M) 137.145ms
[8.138s][info][gc,cpu        ] GC(21) User=0.12s Sys=0.02s Real=0.14s
[8.164s][info][gc,start      ] GC(22) Pause Young (Concurrent Start) (G1 Evacuation Pause)
[8.164s][info][gc,task       ] GC(22) Using 1 workers of 1 for evacuation
[8.229s][info][gc,phases     ] GC(22)   Pre Evacuate Collection Set: 0.1ms
[8.229s][info][gc,phases     ] GC(22)   Evacuate Collection Set: 65.0ms
[8.230s][info][gc,phases     ] GC(22)   Post Evacuate Collection Set: 0.2ms
[8.230s][info][gc,phases     ] GC(22)   Other: 0.2ms
[8.230s][info][gc,heap       ] GC(22) Eden regions: 30->0(38)
[8.230s][info][gc,heap       ] GC(22) Survivor regions: 11->6(6)
[8.230s][info][gc,heap       ] GC(22) Old regions: 394->429
[8.230s][info][gc,heap       ] GC(22) Humongous regions: 6->6
[8.230s][info][gc,metaspace  ] GC(22) Metaspace: 43061K->43061K(1087488K)
[8.230s][info][gc            ] GC(22) Pause Young (Concurrent Start) (G1 Evacuation Pause) 440M->440M(628M) 65.560ms
[8.230s][info][gc,cpu        ] GC(22) User=0.06s Sys=0.00s Real=0.07s
[8.230s][info][gc            ] GC(23) Concurrent Cycle
[8.230s][info][gc,marking    ] GC(23) Concurrent Clear Claimed Marks
[8.230s][info][gc,marking    ] GC(23) Concurrent Clear Claimed Marks 0.106ms
[8.230s][info][gc,marking    ] GC(23) Concurrent Scan Root Regions
[8.233s][info][gc,marking    ] GC(23) Concurrent Scan Root Regions 3.351ms
[8.233s][info][gc,marking    ] GC(23) Concurrent Mark (8.233s)
[8.233s][info][gc,marking    ] GC(23) Concurrent Mark From Roots
[8.233s][info][gc,task       ] GC(23) Using 1 workers of 1 for marking
[8.305s][info][gc,start      ] GC(24) Pause Young (Normal) (G1 Evacuation Pause)
[8.305s][info][gc,task       ] GC(24) Using 1 workers of 1 for evacuation
[8.375s][info][gc,phases     ] GC(24)   Pre Evacuate Collection Set: 0.0ms
[8.375s][info][gc,phases     ] GC(24)   Evacuate Collection Set: 67.2ms
[8.375s][info][gc,phases     ] GC(24)   Post Evacuate Collection Set: 2.8ms
[8.375s][info][gc,phases     ] GC(24)   Other: 0.1ms
[8.375s][info][gc,heap       ] GC(24) Eden regions: 38->0(118)
[8.375s][info][gc,heap       ] GC(24) Survivor regions: 6->6(6)
[8.375s][info][gc,heap       ] GC(24) Old regions: 429->466
[8.375s][info][gc,heap       ] GC(24) Humongous regions: 6->6
[8.375s][info][gc,metaspace  ] GC(24) Metaspace: 43061K->43061K(1087488K)
[8.375s][info][gc            ] GC(24) Pause Young (Normal) (G1 Evacuation Pause) 478M->478M(1173M) 70.274ms
[8.375s][info][gc,cpu        ] GC(24) User=0.05s Sys=0.02s Real=0.07s
[8.670s][info][gc,start      ] GC(25) Pause Young (Normal) (G1 Evacuation Pause)
[8.670s][info][gc,task       ] GC(25) Using 1 workers of 1 for evacuation
[8.878s][info][gc,mmu        ] GC(25) MMU target violated: 201.0ms (200.0ms/201.0ms)
[8.878s][info][gc,phases     ] GC(25)   Pre Evacuate Collection Set: 0.0ms
[8.878s][info][gc,phases     ] GC(25)   Evacuate Collection Set: 207.4ms
[8.878s][info][gc,phases     ] GC(25)   Post Evacuate Collection Set: 0.2ms
[8.878s][info][gc,phases     ] GC(25)   Other: 0.3ms
[8.878s][info][gc,heap       ] GC(25) Eden regions: 118->0(108)
[8.878s][info][gc,heap       ] GC(25) Survivor regions: 6->16(16)
[8.878s][info][gc,heap       ] GC(25) Old regions: 466->573
[8.878s][info][gc,heap       ] GC(25) Humongous regions: 6->6
[8.878s][info][gc,metaspace  ] GC(25) Metaspace: 43061K->43061K(1087488K)
[8.878s][info][gc            ] GC(25) Pause Young (Normal) (G1 Evacuation Pause) 596M->594M(1173M) 208.038ms
[8.878s][info][gc,cpu        ] GC(25) User=0.20s Sys=0.01s Real=0.21s
[9.637s][info][gc,marking    ] GC(23) Concurrent Mark From Roots 1403.664ms
[9.637s][info][gc,marking    ] GC(23) Concurrent Preclean
[9.637s][info][gc,marking    ] GC(23) Concurrent Preclean 0.106ms
[9.637s][info][gc,marking    ] GC(23) Concurrent Mark (8.233s, 9.637s) 1403.854ms
[9.639s][info][gc,start      ] GC(23) Pause Remark
[9.646s][info][gc,stringtable] GC(23) Cleaned string and symbol table, strings: 16173 processed, 0 removed, symbols: 102426 processed, 0 removed
[9.646s][info][gc            ] GC(23) Pause Remark 610M->610M(1173M) 7.161ms
[9.646s][info][gc,cpu        ] GC(23) User=0.01s Sys=0.00s Real=0.00s
[9.649s][info][gc,marking    ] GC(23) Concurrent Rebuild Remembered Sets
[11.317s][info][gc,task       ] GC(26) Using 1 workers of 1 for full compaction
[11.317s][info][gc,start      ] GC(26) Pause Full (System.gc())
[11.338s][info][gc,phases,start] GC(26) Phase 1: Mark live objects
[11.391s][info][gc,stringtable ] GC(26) Cleaned string and symbol table, strings: 19638 processed, 207 removed, symbols: 118441 processed, 19 removed
[11.391s][info][gc,phases      ] GC(26) Phase 1: Mark live objects 53.157ms
[11.391s][info][gc,phases,start] GC(26) Phase 2: Prepare for compaction
[11.406s][info][gc,phases      ] GC(26) Phase 2: Prepare for compaction 14.688ms
[11.406s][info][gc,phases,start] GC(26) Phase 3: Adjust pointers
[11.428s][info][gc,phases      ] GC(26) Phase 3: Adjust pointers 21.733ms
[11.428s][info][gc,phases,start] GC(26) Phase 4: Compact heap
[11.449s][info][gc,phases      ] GC(26) Phase 4: Compact heap 21.039ms
[11.478s][info][gc,heap        ] GC(26) Eden regions: 61->0(16)
[11.478s][info][gc,heap        ] GC(26) Survivor regions: 16->0(16)
[11.478s][info][gc,heap        ] GC(26) Old regions: 573->21
[11.478s][info][gc,heap        ] GC(26) Humongous regions: 11->6
[11.478s][info][gc,metaspace   ] GC(26) Metaspace: 51368K->51368K(1095680K)
[11.478s][info][gc             ] GC(26) Pause Full (System.gc()) 660M->25M(90M) 160.718ms
[11.478s][info][gc,cpu         ] GC(26) User=0.11s Sys=0.03s Real=0.17s
[11.481s][info][gc,marking     ] GC(23) Concurrent Rebuild Remembered Sets 1832.086ms
[11.481s][info][gc,marking     ] GC(23) Concurrent Mark Abort
[11.481s][info][gc             ] GC(23) Concurrent Cycle 3251.702ms
[11.649s][info][gc,start       ] GC(27) Pause Young (Normal) (G1 Evacuation Pause)
[11.649s][info][gc,task        ] GC(27) Using 1 workers of 1 for evacuation
[11.651s][info][gc,phases      ] GC(27)   Pre Evacuate Collection Set: 0.0ms
[11.651s][info][gc,phases      ] GC(27)   Evacuate Collection Set: 1.6ms
[11.651s][info][gc,phases      ] GC(27)   Post Evacuate Collection Set: 0.1ms
[11.651s][info][gc,phases      ] GC(27)   Other: 0.1ms
[11.651s][info][gc,heap        ] GC(27) Eden regions: 16->0(18)
[11.651s][info][gc,heap        ] GC(27) Survivor regions: 0->1(2)
[11.651s][info][gc,heap        ] GC(27) Old regions: 21->21
[11.651s][info][gc,heap        ] GC(27) Humongous regions: 6->6
[11.651s][info][gc,metaspace   ] GC(27) Metaspace: 51637K->51637K(1095680K)
[11.651s][info][gc             ] GC(27) Pause Young (Normal) (G1 Evacuation Pause) 41M->26M(90M) 1.926ms
[11.651s][info][gc,cpu         ] GC(27) User=0.00s Sys=0.00s Real=0.01s
[11.966s][info][gc,start       ] GC(28) Pause Young (Normal) (G1 Evacuation Pause)
[11.966s][info][gc,task        ] GC(28) Using 1 workers of 1 for evacuation
[11.970s][info][gc,phases      ] GC(28)   Pre Evacuate Collection Set: 0.0ms
[11.970s][info][gc,phases      ] GC(28)   Evacuate Collection Set: 2.9ms
[11.970s][info][gc,phases      ] GC(28)   Post Evacuate Collection Set: 0.2ms
[11.970s][info][gc,phases      ] GC(28)   Other: 0.1ms
[11.970s][info][gc,heap        ] GC(28) Eden regions: 18->0(21)
[11.970s][info][gc,heap        ] GC(28) Survivor regions: 1->1(3)
[11.970s][info][gc,heap        ] GC(28) Old regions: 21->21
[11.970s][info][gc,heap        ] GC(28) Humongous regions: 6->6
[11.970s][info][gc,metaspace   ] GC(28) Metaspace: 55579K->55579K(1099776K)
[11.970s][info][gc             ] GC(28) Pause Young (Normal) (G1 Evacuation Pause) 44M->26M(90M) 3.299ms
[11.970s][info][gc,cpu         ] GC(28) User=0.01s Sys=0.00s Real=0.01s
[12.654s][info][gc,start       ] GC(29) Pause Young (Normal) (G1 Evacuation Pause)
[12.654s][info][gc,task        ] GC(29) Using 1 workers of 1 for evacuation
[12.661s][info][gc,phases      ] GC(29)   Pre Evacuate Collection Set: 0.0ms
[12.661s][info][gc,phases      ] GC(29)   Evacuate Collection Set: 6.5ms
[12.661s][info][gc,phases      ] GC(29)   Post Evacuate Collection Set: 0.4ms
[12.661s][info][gc,phases      ] GC(29)   Other: 0.2ms
[12.661s][info][gc,heap        ] GC(29) Eden regions: 21->0(22)
[12.661s][info][gc,heap        ] GC(29) Survivor regions: 1->3(3)
[12.661s][info][gc,heap        ] GC(29) Old regions: 21->21
[12.661s][info][gc,heap        ] GC(29) Humongous regions: 11->6
[12.661s][info][gc,metaspace   ] GC(29) Metaspace: 59817K->59817K(1103872K)
[12.661s][info][gc             ] GC(29) Pause Young (Normal) (G1 Evacuation Pause) 52M->28M(90M) 7.116ms
[12.661s][info][gc,cpu         ] GC(29) User=0.01s Sys=0.00s Real=0.01s
[12.907s][info][gc,start       ] GC(30) Pause Young (Normal) (G1 Evacuation Pause)
[12.907s][info][gc,task        ] GC(30) Using 1 workers of 1 for evacuation
[12.914s][info][gc,phases      ] GC(30)   Pre Evacuate Collection Set: 0.0ms
[12.914s][info][gc,phases      ] GC(30)   Evacuate Collection Set: 5.3ms
[12.914s][info][gc,phases      ] GC(30)   Post Evacuate Collection Set: 1.5ms
[12.914s][info][gc,phases      ] GC(30)   Other: 0.2ms
[12.914s][info][gc,heap        ] GC(30) Eden regions: 22->0(24)
[12.914s][info][gc,heap        ] GC(30) Survivor regions: 3->1(4)
[12.914s][info][gc,heap        ] GC(30) Old regions: 21->24
[12.914s][info][gc,heap        ] GC(30) Humongous regions: 6->6
[12.914s][info][gc,metaspace   ] GC(30) Metaspace: 59823K->59823K(1103872K)
[12.914s][info][gc             ] GC(30) Pause Young (Normal) (G1 Evacuation Pause) 50M->29M(90M) 7.029ms
[12.914s][info][gc,cpu         ] GC(30) User=0.01s Sys=0.00s Real=0.01s
[13.082s][info][gc,start       ] GC(31) Pause Young (Normal) (G1 Evacuation Pause)
[13.082s][info][gc,task        ] GC(31) Using 1 workers of 1 for evacuation
[13.084s][info][gc,phases      ] GC(31)   Pre Evacuate Collection Set: 0.0ms
[13.084s][info][gc,phases      ] GC(31)   Evacuate Collection Set: 1.1ms
[13.084s][info][gc,phases      ] GC(31)   Post Evacuate Collection Set: 0.7ms
[13.084s][info][gc,phases      ] GC(31)   Other: 0.2ms
[13.084s][info][gc,heap        ] GC(31) Eden regions: 24->0(97)
[13.084s][info][gc,heap        ] GC(31) Survivor regions: 1->1(4)
[13.084s][info][gc,heap        ] GC(31) Old regions: 24->24
[13.084s][info][gc,heap        ] GC(31) Humongous regions: 6->6
[13.084s][info][gc,metaspace   ] GC(31) Metaspace: 59850K->59850K(1103872K)
[13.084s][info][gc             ] GC(31) Pause Young (Normal) (G1 Evacuation Pause) 53M->28M(270M) 2.016ms
[13.084s][info][gc,cpu         ] GC(31) User=0.01s Sys=0.00s Real=0.00s
[13.484s][info][gc,start       ] GC(32) Pause Young (Normal) (G1 Evacuation Pause)
[13.485s][info][gc,task        ] GC(32) Using 1 workers of 1 for evacuation
[13.488s][info][gc,phases      ] GC(32)   Pre Evacuate Collection Set: 0.0ms
[13.488s][info][gc,phases      ] GC(32)   Evacuate Collection Set: 1.0ms
[13.488s][info][gc,phases      ] GC(32)   Post Evacuate Collection Set: 2.4ms
[13.488s][info][gc,phases      ] GC(32)   Other: 0.9ms
[13.488s][info][gc,heap        ] GC(32) Eden regions: 97->0(110)
[13.488s][info][gc,heap        ] GC(32) Survivor regions: 1->1(13)
[13.488s][info][gc,heap        ] GC(32) Old regions: 24->24
[13.488s][info][gc,heap        ] GC(32) Humongous regions: 6->6
[13.488s][info][gc,metaspace   ] GC(32) Metaspace: 59873K->59873K(1103872K)
[13.488s][info][gc             ] GC(32) Pause Young (Normal) (G1 Evacuation Pause) 125M->28M(270M) 4.401ms
[13.488s][info][gc,cpu         ] GC(32) User=0.00s Sys=0.00s Real=0.00s
[13.691s][info][gc,start       ] GC(33) Pause Young (Normal) (G1 Evacuation Pause)
[13.691s][info][gc,task        ] GC(33) Using 1 workers of 1 for evacuation
[13.692s][info][gc,phases      ] GC(33)   Pre Evacuate Collection Set: 0.0ms
[13.692s][info][gc,phases      ] GC(33)   Evacuate Collection Set: 1.0ms
[13.692s][info][gc,phases      ] GC(33)   Post Evacuate Collection Set: 0.2ms
[13.692s][info][gc,phases      ] GC(33)   Other: 0.2ms
[13.692s][info][gc,heap        ] GC(33) Eden regions: 110->0(123)
[13.692s][info][gc,heap        ] GC(33) Survivor regions: 1->1(14)
[13.692s][info][gc,heap        ] GC(33) Old regions: 24->24
[13.692s][info][gc,heap        ] GC(33) Humongous regions: 6->6
[13.692s][info][gc,metaspace   ] GC(33) Metaspace: 59891K->59891K(1103872K)
[13.692s][info][gc             ] GC(33) Pause Young (Normal) (G1 Evacuation Pause) 138M->28M(270M) 1.376ms
[13.692s][info][gc,cpu         ] GC(33) User=0.00s Sys=0.00s Real=0.00s
[13.814s][info][gc,start       ] GC(34) Pause Young (Normal) (G1 Evacuation Pause)
[13.814s][info][gc,task        ] GC(34) Using 1 workers of 1 for evacuation
[13.815s][info][gc,phases      ] GC(34)   Pre Evacuate Collection Set: 0.0ms
[13.815s][info][gc,phases      ] GC(34)   Evacuate Collection Set: 1.0ms
[13.815s][info][gc,phases      ] GC(34)   Post Evacuate Collection Set: 0.2ms
[13.815s][info][gc,phases      ] GC(34)   Other: 0.2ms
[13.815s][info][gc,heap        ] GC(34) Eden regions: 123->0(145)
[13.815s][info][gc,heap        ] GC(34) Survivor regions: 1->1(16)
[13.815s][info][gc,heap        ] GC(34) Old regions: 24->24
[13.815s][info][gc,heap        ] GC(34) Humongous regions: 6->6
[13.815s][info][gc,metaspace   ] GC(34) Metaspace: 59891K->59891K(1103872K)
[13.815s][info][gc             ] GC(34) Pause Young (Normal) (G1 Evacuation Pause) 151M->28M(270M) 1.375ms
[13.815s][info][gc,cpu         ] GC(34) User=0.00s Sys=0.00s Real=0.00s
[13.956s][info][gc,start       ] GC(35) Pause Young (Normal) (G1 Evacuation Pause)
[13.956s][info][gc,task        ] GC(35) Using 1 workers of 1 for evacuation
[13.957s][info][gc,phases      ] GC(35)   Pre Evacuate Collection Set: 0.0ms
[13.957s][info][gc,phases      ] GC(35)   Evacuate Collection Set: 1.0ms
[13.957s][info][gc,phases      ] GC(35)   Post Evacuate Collection Set: 0.2ms
[13.957s][info][gc,phases      ] GC(35)   Other: 0.1ms
[13.957s][info][gc,heap        ] GC(35) Eden regions: 145->0(160)
[13.957s][info][gc,heap        ] GC(35) Survivor regions: 1->1(19)
[13.957s][info][gc,heap        ] GC(35) Old regions: 24->24
[13.957s][info][gc,heap        ] GC(35) Humongous regions: 6->6
[13.957s][info][gc,metaspace   ] GC(35) Metaspace: 59894K->59894K(1103872K)
[13.957s][info][gc             ] GC(35) Pause Young (Normal) (G1 Evacuation Pause) 173M->28M(270M) 1.445ms
[13.957s][info][gc,cpu         ] GC(35) User=0.00s Sys=0.00s Real=0.00s
[14.136s][info][gc,start       ] GC(36) Pause Young (Normal) (G1 Evacuation Pause)
[14.136s][info][gc,task        ] GC(36) Using 1 workers of 1 for evacuation
[14.138s][info][gc,phases      ] GC(36)   Pre Evacuate Collection Set: 0.0ms
[14.138s][info][gc,phases      ] GC(36)   Evacuate Collection Set: 1.1ms
[14.138s][info][gc,phases      ] GC(36)   Post Evacuate Collection Set: 0.2ms
[14.138s][info][gc,phases      ] GC(36)   Other: 0.2ms
[14.138s][info][gc,heap        ] GC(36) Eden regions: 160->0(161)
[14.138s][info][gc,heap        ] GC(36) Survivor regions: 1->1(21)
[14.138s][info][gc,heap        ] GC(36) Old regions: 24->24
[14.138s][info][gc,heap        ] GC(36) Humongous regions: 6->6
[14.138s][info][gc,metaspace   ] GC(36) Metaspace: 59901K->59901K(1103872K)
[14.138s][info][gc             ] GC(36) Pause Young (Normal) (G1 Evacuation Pause) 188M->28M(270M) 1.483ms
[14.138s][info][gc,cpu         ] GC(36) User=0.00s Sys=0.00s Real=0.01s
[14.301s][info][gc,start       ] GC(37) Pause Young (Normal) (G1 Evacuation Pause)
[14.301s][info][gc,task        ] GC(37) Using 1 workers of 1 for evacuation
[14.302s][info][gc,phases      ] GC(37)   Pre Evacuate Collection Set: 0.0ms
[14.302s][info][gc,phases      ] GC(37)   Evacuate Collection Set: 1.1ms
[14.302s][info][gc,phases      ] GC(37)   Post Evacuate Collection Set: 0.2ms
[14.302s][info][gc,phases      ] GC(37)   Other: 0.1ms
[14.302s][info][gc,heap        ] GC(37) Eden regions: 161->0(161)
[14.302s][info][gc,heap        ] GC(37) Survivor regions: 1->1(21)
[14.302s][info][gc,heap        ] GC(37) Old regions: 24->24
[14.302s][info][gc,heap        ] GC(37) Humongous regions: 6->6
[14.302s][info][gc,metaspace   ] GC(37) Metaspace: 59904K->59904K(1103872K)
[14.302s][info][gc             ] GC(37) Pause Young (Normal) (G1 Evacuation Pause) 189M->28M(270M) 1.507ms
[14.302s][info][gc,cpu         ] GC(37) User=0.00s Sys=0.00s Real=0.00s
[14.458s][info][gc,start       ] GC(38) Pause Young (Normal) (G1 Evacuation Pause)
[14.458s][info][gc,task        ] GC(38) Using 1 workers of 1 for evacuation
[14.460s][info][gc,phases      ] GC(38)   Pre Evacuate Collection Set: 0.0ms
[14.460s][info][gc,phases      ] GC(38)   Evacuate Collection Set: 1.1ms
[14.460s][info][gc,phases      ] GC(38)   Post Evacuate Collection Set: 0.3ms
[14.460s][info][gc,phases      ] GC(38)   Other: 0.2ms
[14.460s][info][gc,heap        ] GC(38) Eden regions: 161->0(161)
[14.460s][info][gc,heap        ] GC(38) Survivor regions: 1->1(21)
[14.460s][info][gc,heap        ] GC(38) Old regions: 24->24
[14.460s][info][gc,heap        ] GC(38) Humongous regions: 6->6
[14.460s][info][gc,metaspace   ] GC(38) Metaspace: 59919K->59919K(1103872K)
[14.460s][info][gc             ] GC(38) Pause Young (Normal) (G1 Evacuation Pause) 189M->28M(270M) 1.567ms
[14.460s][info][gc,cpu         ] GC(38) User=0.00s Sys=0.00s Real=0.00s
[14.647s][info][gc,start       ] GC(39) Pause Young (Normal) (G1 Evacuation Pause)
[14.647s][info][gc,task        ] GC(39) Using 1 workers of 1 for evacuation
[14.648s][info][gc,phases      ] GC(39)   Pre Evacuate Collection Set: 0.0ms
[14.648s][info][gc,phases      ] GC(39)   Evacuate Collection Set: 1.1ms
[14.648s][info][gc,phases      ] GC(39)   Post Evacuate Collection Set: 0.2ms
[14.649s][info][gc,phases      ] GC(39)   Other: 0.2ms
[14.649s][info][gc,heap        ] GC(39) Eden regions: 161->0(161)
[14.649s][info][gc,heap        ] GC(39) Survivor regions: 1->1(21)
[14.649s][info][gc,heap        ] GC(39) Old regions: 24->24
[14.649s][info][gc,heap        ] GC(39) Humongous regions: 6->6
[14.649s][info][gc,metaspace   ] GC(39) Metaspace: 59919K->59919K(1103872K)
[14.649s][info][gc             ] GC(39) Pause Young (Normal) (G1 Evacuation Pause) 189M->28M(270M) 1.486ms
[14.649s][info][gc,cpu         ] GC(39) User=0.00s Sys=0.00s Real=0.00s
[14.812s][info][gc,start       ] GC(40) Pause Young (Normal) (G1 Evacuation Pause)
[14.812s][info][gc,task        ] GC(40) Using 1 workers of 1 for evacuation
[14.814s][info][gc,phases      ] GC(40)   Pre Evacuate Collection Set: 0.0ms
[14.814s][info][gc,phases      ] GC(40)   Evacuate Collection Set: 1.2ms
[14.814s][info][gc,phases      ] GC(40)   Post Evacuate Collection Set: 0.2ms
[14.814s][info][gc,phases      ] GC(40)   Other: 0.1ms
[14.814s][info][gc,heap        ] GC(40) Eden regions: 161->0(161)
[14.814s][info][gc,heap        ] GC(40) Survivor regions: 1->1(21)
[14.814s][info][gc,heap        ] GC(40) Old regions: 24->24
[14.814s][info][gc,heap        ] GC(40) Humongous regions: 6->6
[14.814s][info][gc,metaspace   ] GC(40) Metaspace: 59921K->59921K(1103872K)
[14.814s][info][gc             ] GC(40) Pause Young (Normal) (G1 Evacuation Pause) 189M->28M(270M) 1.590ms
[14.814s][info][gc,cpu         ] GC(40) User=0.00s Sys=0.00s Real=0.00s
[14.962s][info][gc,start       ] GC(41) Pause Young (Normal) (G1 Evacuation Pause)
[14.962s][info][gc,task        ] GC(41) Using 1 workers of 1 for evacuation
[14.963s][info][gc,phases      ] GC(41)   Pre Evacuate Collection Set: 0.0ms
[14.963s][info][gc,phases      ] GC(41)   Evacuate Collection Set: 1.1ms
[14.964s][info][gc,phases      ] GC(41)   Post Evacuate Collection Set: 0.2ms
[14.964s][info][gc,phases      ] GC(41)   Other: 0.1ms
[14.964s][info][gc,heap        ] GC(41) Eden regions: 161->0(161)
[14.964s][info][gc,heap        ] GC(41) Survivor regions: 1->1(21)
[14.964s][info][gc,heap        ] GC(41) Old regions: 24->24
[14.964s][info][gc,heap        ] GC(41) Humongous regions: 6->6
[14.964s][info][gc,metaspace   ] GC(41) Metaspace: 59921K->59921K(1103872K)
[14.964s][info][gc             ] GC(41) Pause Young (Normal) (G1 Evacuation Pause) 189M->28M(270M) 1.463ms
[14.964s][info][gc,cpu         ] GC(41) User=0.00s Sys=0.00s Real=0.00s
[15.109s][info][gc,start       ] GC(42) Pause Young (Normal) (G1 Evacuation Pause)
[15.109s][info][gc,task        ] GC(42) Using 1 workers of 1 for evacuation
[15.111s][info][gc,phases      ] GC(42)   Pre Evacuate Collection Set: 0.0ms
[15.111s][info][gc,phases      ] GC(42)   Evacuate Collection Set: 1.1ms
[15.111s][info][gc,phases      ] GC(42)   Post Evacuate Collection Set: 0.2ms
[15.111s][info][gc,phases      ] GC(42)   Other: 0.1ms
[15.111s][info][gc,heap        ] GC(42) Eden regions: 161->0(161)
[15.111s][info][gc,heap        ] GC(42) Survivor regions: 1->1(21)
[15.111s][info][gc,heap        ] GC(42) Old regions: 24->24
[15.111s][info][gc,heap        ] GC(42) Humongous regions: 6->6
[15.111s][info][gc,metaspace   ] GC(42) Metaspace: 59921K->59921K(1103872K)
[15.111s][info][gc             ] GC(42) Pause Young (Normal) (G1 Evacuation Pause) 189M->28M(270M) 1.442ms
[15.111s][info][gc,cpu         ] GC(42) User=0.00s Sys=0.00s Real=0.00s
[15.729s][info][gc,start       ] GC(43) Pause Young (Normal) (G1 Evacuation Pause)
[15.729s][info][gc,task        ] GC(43) Using 1 workers of 1 for evacuation
[15.734s][info][gc,phases      ] GC(43)   Pre Evacuate Collection Set: 0.0ms
[15.734s][info][gc,phases      ] GC(43)   Evacuate Collection Set: 3.7ms
[15.734s][info][gc,phases      ] GC(43)   Post Evacuate Collection Set: 0.3ms
[15.734s][info][gc,phases      ] GC(43)   Other: 0.2ms
[15.734s][info][gc,heap        ] GC(43) Eden regions: 161->0(161)
[15.734s][info][gc,heap        ] GC(43) Survivor regions: 1->1(21)
[15.734s][info][gc,heap        ] GC(43) Old regions: 24->24
[15.734s][info][gc,heap        ] GC(43) Humongous regions: 6->6
[15.734s][info][gc,metaspace   ] GC(43) Metaspace: 60598K->60598K(1103872K)
[15.734s][info][gc             ] GC(43) Pause Young (Normal) (G1 Evacuation Pause) 189M->29M(270M) 4.249ms
[15.734s][info][gc,cpu         ] GC(43) User=0.01s Sys=0.00s Real=0.00s
[15.988s][info][gc,start       ] GC(44) Pause Young (Normal) (G1 Evacuation Pause)
[15.988s][info][gc,task        ] GC(44) Using 1 workers of 1 for evacuation
[15.991s][info][gc,phases      ] GC(44)   Pre Evacuate Collection Set: 0.0ms
[15.991s][info][gc,phases      ] GC(44)   Evacuate Collection Set: 2.8ms
[15.991s][info][gc,phases      ] GC(44)   Post Evacuate Collection Set: 0.2ms
[15.991s][info][gc,phases      ] GC(44)   Other: 0.2ms
[15.991s][info][gc,heap        ] GC(44) Eden regions: 161->0(161)
[15.991s][info][gc,heap        ] GC(44) Survivor regions: 1->1(21)
[15.991s][info][gc,heap        ] GC(44) Old regions: 24->24
[15.991s][info][gc,heap        ] GC(44) Humongous regions: 6->6
[15.991s][info][gc,metaspace   ] GC(44) Metaspace: 60598K->60598K(1103872K)
[15.991s][info][gc             ] GC(44) Pause Young (Normal) (G1 Evacuation Pause) 190M->29M(270M) 3.282ms
[15.991s][info][gc,cpu         ] GC(44) User=0.00s Sys=0.00s Real=0.01s
[16.180s][info][gc,start       ] GC(45) Pause Young (Normal) (G1 Evacuation Pause)
[16.180s][info][gc,task        ] GC(45) Using 1 workers of 1 for evacuation
[16.183s][info][gc,phases      ] GC(45)   Pre Evacuate Collection Set: 0.0ms
[16.183s][info][gc,phases      ] GC(45)   Evacuate Collection Set: 2.5ms
[16.183s][info][gc,phases      ] GC(45)   Post Evacuate Collection Set: 0.2ms
[16.183s][info][gc,phases      ] GC(45)   Other: 0.1ms
[16.183s][info][gc,heap        ] GC(45) Eden regions: 161->0(161)
[16.183s][info][gc,heap        ] GC(45) Survivor regions: 1->1(21)
[16.183s][info][gc,heap        ] GC(45) Old regions: 24->24
[16.183s][info][gc,heap        ] GC(45) Humongous regions: 6->6
[16.183s][info][gc,metaspace   ] GC(45) Metaspace: 60598K->60598K(1103872K)
[16.183s][info][gc             ] GC(45) Pause Young (Normal) (G1 Evacuation Pause) 190M->29M(270M) 2.930ms
[16.183s][info][gc,cpu         ] GC(45) User=0.00s Sys=0.00s Real=0.00s
[16.474s][info][gc,start       ] GC(46) Pause Young (Normal) (G1 Evacuation Pause)
[16.475s][info][gc,task        ] GC(46) Using 1 workers of 1 for evacuation
[16.477s][info][gc,phases      ] GC(46)   Pre Evacuate Collection Set: 0.0ms
[16.477s][info][gc,phases      ] GC(46)   Evacuate Collection Set: 2.5ms
[16.477s][info][gc,phases      ] GC(46)   Post Evacuate Collection Set: 0.2ms
[16.477s][info][gc,phases      ] GC(46)   Other: 0.2ms
[16.477s][info][gc,heap        ] GC(46) Eden regions: 161->0(161)
[16.477s][info][gc,heap        ] GC(46) Survivor regions: 1->1(21)
[16.478s][info][gc,heap        ] GC(46) Old regions: 24->24
[16.478s][info][gc,heap        ] GC(46) Humongous regions: 6->6
[16.478s][info][gc,metaspace   ] GC(46) Metaspace: 60598K->60598K(1103872K)
[16.478s][info][gc             ] GC(46) Pause Young (Normal) (G1 Evacuation Pause) 190M->29M(270M) 3.062ms
[16.478s][info][gc,cpu         ] GC(46) User=0.01s Sys=0.00s Real=0.01s
[16.680s][info][gc,start       ] GC(47) Pause Young (Normal) (G1 Evacuation Pause)
[16.680s][info][gc,task        ] GC(47) Using 1 workers of 1 for evacuation
[16.683s][info][gc,phases      ] GC(47)   Pre Evacuate Collection Set: 0.0ms
[16.683s][info][gc,phases      ] GC(47)   Evacuate Collection Set: 3.2ms
[16.683s][info][gc,phases      ] GC(47)   Post Evacuate Collection Set: 0.2ms
[16.683s][info][gc,phases      ] GC(47)   Other: 0.3ms
[16.683s][info][gc,heap        ] GC(47) Eden regions: 161->0(161)
[16.683s][info][gc,heap        ] GC(47) Survivor regions: 1->1(21)
[16.683s][info][gc,heap        ] GC(47) Old regions: 24->24
[16.683s][info][gc,heap        ] GC(47) Humongous regions: 6->6
[16.683s][info][gc,metaspace   ] GC(47) Metaspace: 60599K->60599K(1103872K)
[16.683s][info][gc             ] GC(47) Pause Young (Normal) (G1 Evacuation Pause) 190M->29M(270M) 3.780ms
[16.683s][info][gc,cpu         ] GC(47) User=0.00s Sys=0.00s Real=0.00s
[16.864s][info][gc,start       ] GC(48) Pause Young (Normal) (G1 Evacuation Pause)
[16.864s][info][gc,task        ] GC(48) Using 1 workers of 1 for evacuation
[16.867s][info][gc,phases      ] GC(48)   Pre Evacuate Collection Set: 0.0ms
[16.867s][info][gc,phases      ] GC(48)   Evacuate Collection Set: 2.5ms
[16.867s][info][gc,phases      ] GC(48)   Post Evacuate Collection Set: 0.2ms
[16.867s][info][gc,phases      ] GC(48)   Other: 0.1ms
[16.867s][info][gc,heap        ] GC(48) Eden regions: 161->0(161)
[16.867s][info][gc,heap        ] GC(48) Survivor regions: 1->1(21)
[16.867s][info][gc,heap        ] GC(48) Old regions: 24->24
[16.867s][info][gc,heap        ] GC(48) Humongous regions: 6->6
[16.867s][info][gc,metaspace   ] GC(48) Metaspace: 60600K->60600K(1103872K)
[16.867s][info][gc             ] GC(48) Pause Young (Normal) (G1 Evacuation Pause) 190M->29M(270M) 2.924ms
[16.867s][info][gc,cpu         ] GC(48) User=0.00s Sys=0.00s Real=0.00s
[17.045s][info][gc,start       ] GC(49) Pause Young (Normal) (G1 Evacuation Pause)
[17.045s][info][gc,task        ] GC(49) Using 1 workers of 1 for evacuation
[17.048s][info][gc,phases      ] GC(49)   Pre Evacuate Collection Set: 0.0ms
[17.048s][info][gc,phases      ] GC(49)   Evacuate Collection Set: 2.4ms
[17.048s][info][gc,phases      ] GC(49)   Post Evacuate Collection Set: 0.2ms
[17.048s][info][gc,phases      ] GC(49)   Other: 0.2ms
[17.048s][info][gc,heap        ] GC(49) Eden regions: 161->0(161)
[17.048s][info][gc,heap        ] GC(49) Survivor regions: 1->1(21)
[17.048s][info][gc,heap        ] GC(49) Old regions: 24->24
[17.048s][info][gc,heap        ] GC(49) Humongous regions: 6->6
[17.048s][info][gc,metaspace   ] GC(49) Metaspace: 60600K->60600K(1103872K)
[17.048s][info][gc             ] GC(49) Pause Young (Normal) (G1 Evacuation Pause) 190M->29M(270M) 2.956ms
[17.048s][info][gc,cpu         ] GC(49) User=0.00s Sys=0.00s Real=0.00s
[17.273s][info][gc,start       ] GC(50) Pause Young (Normal) (G1 Evacuation Pause)
[17.273s][info][gc,task        ] GC(50) Using 1 workers of 1 for evacuation
[17.276s][info][gc,phases      ] GC(50)   Pre Evacuate Collection Set: 0.0ms
[17.276s][info][gc,phases      ] GC(50)   Evacuate Collection Set: 2.4ms
[17.276s][info][gc,phases      ] GC(50)   Post Evacuate Collection Set: 0.2ms
[17.276s][info][gc,phases      ] GC(50)   Other: 0.1ms
[17.276s][info][gc,heap        ] GC(50) Eden regions: 161->0(161)
[17.276s][info][gc,heap        ] GC(50) Survivor regions: 1->1(21)
[17.276s][info][gc,heap        ] GC(50) Old regions: 24->24
[17.276s][info][gc,heap        ] GC(50) Humongous regions: 6->6
[17.276s][info][gc,metaspace   ] GC(50) Metaspace: 60600K->60600K(1103872K)
[17.276s][info][gc             ] GC(50) Pause Young (Normal) (G1 Evacuation Pause) 190M->29M(270M) 2.889ms
[17.276s][info][gc,cpu         ] GC(50) User=0.00s Sys=0.00s Real=0.00s
[17.460s][info][gc,start       ] GC(51) Pause Young (Normal) (G1 Evacuation Pause)
[17.461s][info][gc,task        ] GC(51) Using 1 workers of 1 for evacuation
[17.463s][info][gc,phases      ] GC(51)   Pre Evacuate Collection Set: 0.0ms
[17.463s][info][gc,phases      ] GC(51)   Evacuate Collection Set: 2.6ms
[17.463s][info][gc,phases      ] GC(51)   Post Evacuate Collection Set: 0.2ms
[17.463s][info][gc,phases      ] GC(51)   Other: 0.2ms
[17.463s][info][gc,heap        ] GC(51) Eden regions: 161->0(161)
[17.463s][info][gc,heap        ] GC(51) Survivor regions: 1->1(21)
[17.463s][info][gc,heap        ] GC(51) Old regions: 24->24
[17.463s][info][gc,heap        ] GC(51) Humongous regions: 6->6
[17.463s][info][gc,metaspace   ] GC(51) Metaspace: 60600K->60600K(1103872K)
[17.463s][info][gc             ] GC(51) Pause Young (Normal) (G1 Evacuation Pause) 190M->29M(270M) 3.003ms
[17.464s][info][gc,cpu         ] GC(51) User=0.01s Sys=0.00s Real=0.00s
[17.785s][info][gc,start       ] GC(52) Pause Young (Normal) (G1 Evacuation Pause)
[17.785s][info][gc,task        ] GC(52) Using 1 workers of 1 for evacuation
[17.788s][info][gc,phases      ] GC(52)   Pre Evacuate Collection Set: 0.0ms
[17.788s][info][gc,phases      ] GC(52)   Evacuate Collection Set: 2.6ms
[17.788s][info][gc,phases      ] GC(52)   Post Evacuate Collection Set: 0.2ms
[17.788s][info][gc,phases      ] GC(52)   Other: 0.2ms
[17.788s][info][gc,heap        ] GC(52) Eden regions: 161->0(161)
[17.788s][info][gc,heap        ] GC(52) Survivor regions: 1->1(21)
[17.788s][info][gc,heap        ] GC(52) Old regions: 24->24
[17.788s][info][gc,heap        ] GC(52) Humongous regions: 6->6
[17.788s][info][gc,metaspace   ] GC(52) Metaspace: 60626K->60626K(1103872K)
[17.788s][info][gc             ] GC(52) Pause Young (Normal) (G1 Evacuation Pause) 190M->29M(270M) 3.171ms
[17.788s][info][gc,cpu         ] GC(52) User=0.01s Sys=0.00s Real=0.00s
[17.994s][info][gc,start       ] GC(53) Pause Young (Normal) (G1 Evacuation Pause)
[17.994s][info][gc,task        ] GC(53) Using 1 workers of 1 for evacuation
[17.997s][info][gc,phases      ] GC(53)   Pre Evacuate Collection Set: 0.0ms
[17.997s][info][gc,phases      ] GC(53)   Evacuate Collection Set: 2.4ms
[17.997s][info][gc,phases      ] GC(53)   Post Evacuate Collection Set: 0.3ms
[17.997s][info][gc,phases      ] GC(53)   Other: 0.2ms
[17.997s][info][gc,heap        ] GC(53) Eden regions: 161->0(161)
[17.997s][info][gc,heap        ] GC(53) Survivor regions: 1->1(21)
[17.997s][info][gc,heap        ] GC(53) Old regions: 24->24
[17.997s][info][gc,heap        ] GC(53) Humongous regions: 6->6
[17.997s][info][gc,metaspace   ] GC(53) Metaspace: 60626K->60626K(1103872K)
[17.997s][info][gc             ] GC(53) Pause Young (Normal) (G1 Evacuation Pause) 190M->29M(270M) 2.953ms
[17.997s][info][gc,cpu         ] GC(53) User=0.01s Sys=0.00s Real=0.01s
[18.175s][info][gc,start       ] GC(54) Pause Young (Normal) (G1 Evacuation Pause)
[18.175s][info][gc,task        ] GC(54) Using 1 workers of 1 for evacuation
[18.178s][info][gc,phases      ] GC(54)   Pre Evacuate Collection Set: 0.0ms
[18.178s][info][gc,phases      ] GC(54)   Evacuate Collection Set: 2.5ms
[18.178s][info][gc,phases      ] GC(54)   Post Evacuate Collection Set: 0.2ms
[18.178s][info][gc,phases      ] GC(54)   Other: 0.1ms
[18.178s][info][gc,heap        ] GC(54) Eden regions: 161->0(161)
[18.178s][info][gc,heap        ] GC(54) Survivor regions: 1->1(21)
[18.178s][info][gc,heap        ] GC(54) Old regions: 24->24
[18.178s][info][gc,heap        ] GC(54) Humongous regions: 6->6
[18.178s][info][gc,metaspace   ] GC(54) Metaspace: 60626K->60626K(1103872K)
[18.178s][info][gc             ] GC(54) Pause Young (Normal) (G1 Evacuation Pause) 190M->29M(270M) 3.004ms
[18.178s][info][gc,cpu         ] GC(54) User=0.01s Sys=0.00s Real=0.01s
[18.390s][info][gc,start       ] GC(55) Pause Young (Normal) (G1 Evacuation Pause)
[18.390s][info][gc,task        ] GC(55) Using 1 workers of 1 for evacuation
[18.394s][info][gc,phases      ] GC(55)   Pre Evacuate Collection Set: 0.0ms
[18.394s][info][gc,phases      ] GC(55)   Evacuate Collection Set: 3.2ms
[18.394s][info][gc,phases      ] GC(55)   Post Evacuate Collection Set: 0.3ms
[18.394s][info][gc,phases      ] GC(55)   Other: 0.2ms
[18.394s][info][gc,heap        ] GC(55) Eden regions: 161->0(161)
[18.394s][info][gc,heap        ] GC(55) Survivor regions: 1->1(21)
[18.394s][info][gc,heap        ] GC(55) Old regions: 24->24
[18.394s][info][gc,heap        ] GC(55) Humongous regions: 6->6
[18.394s][info][gc,metaspace   ] GC(55) Metaspace: 60626K->60626K(1103872K)
[18.394s][info][gc             ] GC(55) Pause Young (Normal) (G1 Evacuation Pause) 190M->29M(270M) 3.811ms
[18.394s][info][gc,cpu         ] GC(55) User=0.01s Sys=0.00s Real=0.00s
[18.599s][info][gc,start       ] GC(56) Pause Young (Normal) (G1 Evacuation Pause)
[18.600s][info][gc,task        ] GC(56) Using 1 workers of 1 for evacuation
[18.602s][info][gc,phases      ] GC(56)   Pre Evacuate Collection Set: 0.0ms
[18.602s][info][gc,phases      ] GC(56)   Evacuate Collection Set: 2.5ms
[18.602s][info][gc,phases      ] GC(56)   Post Evacuate Collection Set: 0.2ms
[18.602s][info][gc,phases      ] GC(56)   Other: 0.2ms
[18.602s][info][gc,heap        ] GC(56) Eden regions: 161->0(161)
[18.602s][info][gc,heap        ] GC(56) Survivor regions: 1->1(21)
[18.602s][info][gc,heap        ] GC(56) Old regions: 24->24
[18.602s][info][gc,heap        ] GC(56) Humongous regions: 6->6
[18.602s][info][gc,metaspace   ] GC(56) Metaspace: 60626K->60626K(1103872K)
[18.602s][info][gc             ] GC(56) Pause Young (Normal) (G1 Evacuation Pause) 190M->29M(270M) 2.983ms
[18.602s][info][gc,cpu         ] GC(56) User=0.01s Sys=0.00s Real=0.00s
[18.876s][info][gc,start       ] GC(57) Pause Young (Normal) (G1 Evacuation Pause)
[18.877s][info][gc,task        ] GC(57) Using 1 workers of 1 for evacuation
[18.880s][info][gc,phases      ] GC(57)   Pre Evacuate Collection Set: 0.0ms
[18.880s][info][gc,phases      ] GC(57)   Evacuate Collection Set: 2.8ms
[18.880s][info][gc,phases      ] GC(57)   Post Evacuate Collection Set: 0.2ms
[18.880s][info][gc,phases      ] GC(57)   Other: 0.2ms
[18.880s][info][gc,heap        ] GC(57) Eden regions: 161->0(161)
[18.880s][info][gc,heap        ] GC(57) Survivor regions: 1->1(21)
[18.880s][info][gc,heap        ] GC(57) Old regions: 24->24
[18.880s][info][gc,heap        ] GC(57) Humongous regions: 6->6
[18.880s][info][gc,metaspace   ] GC(57) Metaspace: 60879K->60879K(1103872K)
[18.880s][info][gc             ] GC(57) Pause Young (Normal) (G1 Evacuation Pause) 190M->29M(270M) 3.231ms
[18.880s][info][gc,cpu         ] GC(57) User=0.00s Sys=0.00s Real=0.01s
[19.071s][info][gc,start       ] GC(58) Pause Young (Normal) (G1 Evacuation Pause)
[19.071s][info][gc,task        ] GC(58) Using 1 workers of 1 for evacuation
[19.074s][info][gc,phases      ] GC(58)   Pre Evacuate Collection Set: 0.0ms
[19.074s][info][gc,phases      ] GC(58)   Evacuate Collection Set: 2.6ms
[19.074s][info][gc,phases      ] GC(58)   Post Evacuate Collection Set: 0.2ms
[19.074s][info][gc,phases      ] GC(58)   Other: 0.1ms
[19.074s][info][gc,heap        ] GC(58) Eden regions: 161->0(161)
[19.074s][info][gc,heap        ] GC(58) Survivor regions: 1->1(21)
[19.074s][info][gc,heap        ] GC(58) Old regions: 24->25
[19.074s][info][gc,heap        ] GC(58) Humongous regions: 6->6
[19.074s][info][gc,metaspace   ] GC(58) Metaspace: 60879K->60879K(1103872K)
[19.074s][info][gc             ] GC(58) Pause Young (Normal) (G1 Evacuation Pause) 190M->29M(270M) 3.067ms
[19.074s][info][gc,cpu         ] GC(58) User=0.00s Sys=0.00s Real=0.00s
[19.287s][info][gc,start       ] GC(59) Pause Young (Normal) (G1 Evacuation Pause)
[19.287s][info][gc,task        ] GC(59) Using 1 workers of 1 for evacuation
[19.289s][info][gc,phases      ] GC(59)   Pre Evacuate Collection Set: 0.0ms
[19.289s][info][gc,phases      ] GC(59)   Evacuate Collection Set: 1.9ms
[19.289s][info][gc,phases      ] GC(59)   Post Evacuate Collection Set: 0.3ms
[19.289s][info][gc,phases      ] GC(59)   Other: 0.2ms
[19.289s][info][gc,heap        ] GC(59) Eden regions: 161->0(161)
[19.289s][info][gc,heap        ] GC(59) Survivor regions: 1->1(21)
[19.289s][info][gc,heap        ] GC(59) Old regions: 25->25
[19.289s][info][gc,heap        ] GC(59) Humongous regions: 6->6
[19.289s][info][gc,metaspace   ] GC(59) Metaspace: 60879K->60879K(1103872K)
[19.289s][info][gc             ] GC(59) Pause Young (Normal) (G1 Evacuation Pause) 190M->29M(270M) 2.459ms
[19.289s][info][gc,cpu         ] GC(59) User=0.00s Sys=0.00s Real=0.01s
[19.498s][info][gc,start       ] GC(60) Pause Young (Normal) (G1 Evacuation Pause)
[19.498s][info][gc,task        ] GC(60) Using 1 workers of 1 for evacuation
[19.501s][info][gc,phases      ] GC(60)   Pre Evacuate Collection Set: 0.0ms
[19.501s][info][gc,phases      ] GC(60)   Evacuate Collection Set: 1.9ms
[19.501s][info][gc,phases      ] GC(60)   Post Evacuate Collection Set: 0.2ms
[19.501s][info][gc,phases      ] GC(60)   Other: 0.2ms
[19.501s][info][gc,heap        ] GC(60) Eden regions: 161->0(161)
[19.501s][info][gc,heap        ] GC(60) Survivor regions: 1->1(21)
[19.501s][info][gc,heap        ] GC(60) Old regions: 25->25
[19.501s][info][gc,heap        ] GC(60) Humongous regions: 6->6
[19.501s][info][gc,metaspace   ] GC(60) Metaspace: 60879K->60879K(1103872K)
[19.501s][info][gc             ] GC(60) Pause Young (Normal) (G1 Evacuation Pause) 190M->29M(270M) 2.394ms
[19.501s][info][gc,cpu         ] GC(60) User=0.00s Sys=0.00s Real=0.00s
[19.692s][info][gc,start       ] GC(61) Pause Young (Normal) (G1 Evacuation Pause)
[19.692s][info][gc,task        ] GC(61) Using 1 workers of 1 for evacuation
[19.694s][info][gc,phases      ] GC(61)   Pre Evacuate Collection Set: 0.0ms
[19.694s][info][gc,phases      ] GC(61)   Evacuate Collection Set: 1.9ms
[19.694s][info][gc,phases      ] GC(61)   Post Evacuate Collection Set: 0.2ms
[19.694s][info][gc,phases      ] GC(61)   Other: 0.1ms
[19.694s][info][gc,heap        ] GC(61) Eden regions: 161->0(161)
[19.694s][info][gc,heap        ] GC(61) Survivor regions: 1->1(21)
[19.694s][info][gc,heap        ] GC(61) Old regions: 25->25
[19.694s][info][gc,heap        ] GC(61) Humongous regions: 6->6
[19.694s][info][gc,metaspace   ] GC(61) Metaspace: 60879K->60879K(1103872K)
[19.694s][info][gc             ] GC(61) Pause Young (Normal) (G1 Evacuation Pause) 190M->29M(270M) 2.372ms
[19.694s][info][gc,cpu         ] GC(61) User=0.00s Sys=0.00s Real=0.00s
[21.057s][info][gc,start       ] GC(62) Pause Young (Normal) (G1 Evacuation Pause)
[21.058s][info][gc,task        ] GC(62) Using 1 workers of 1 for evacuation
[21.076s][info][gc,phases      ] GC(62)   Pre Evacuate Collection Set: 0.0ms
[21.076s][info][gc,phases      ] GC(62)   Evacuate Collection Set: 17.5ms
[21.076s][info][gc,phases      ] GC(62)   Post Evacuate Collection Set: 0.4ms
[21.076s][info][gc,phases      ] GC(62)   Other: 0.6ms
[21.076s][info][gc,heap        ] GC(62) Eden regions: 161->0(156)
[21.076s][info][gc,heap        ] GC(62) Survivor regions: 1->6(21)
[21.076s][info][gc,heap        ] GC(62) Old regions: 25->25
[21.076s][info][gc,heap        ] GC(62) Humongous regions: 12->7
[21.076s][info][gc,metaspace   ] GC(62) Metaspace: 62214K->62214K(1105920K)
[21.076s][info][gc             ] GC(62) Pause Young (Normal) (G1 Evacuation Pause) 196M->35M(270M) 18.630ms
[21.076s][info][gc,cpu         ] GC(62) User=0.02s Sys=0.00s Real=0.01s
[21.836s][info][gc,start       ] GC(63) Pause Young (Normal) (G1 Evacuation Pause)
[21.836s][info][gc,task        ] GC(63) Using 1 workers of 1 for evacuation
[21.880s][info][gc,phases      ] GC(63)   Pre Evacuate Collection Set: 0.0ms
[21.880s][info][gc,phases      ] GC(63)   Evacuate Collection Set: 43.2ms
[21.880s][info][gc,phases      ] GC(63)   Post Evacuate Collection Set: 0.3ms
[21.880s][info][gc,phases      ] GC(63)   Other: 0.2ms
[21.880s][info][gc,heap        ] GC(63) Eden regions: 70->0(3)
[21.880s][info][gc,heap        ] GC(63) Survivor regions: 6->10(10)
[21.880s][info][gc,heap        ] GC(63) Old regions: 25->33
[21.880s][info][gc,heap        ] GC(63) Humongous regions: 12->12
[21.880s][info][gc,metaspace   ] GC(63) Metaspace: 62230K->62230K(1105920K)
[21.880s][info][gc             ] GC(63) Pause Young (Normal) (G1 Evacuation Pause) 110M->53M(270M) 43.745ms
[21.880s][info][gc,cpu         ] GC(63) User=0.04s Sys=0.00s Real=0.05s
[21.924s][info][gc,start       ] GC(64) Pause Young (Normal) (G1 Evacuation Pause)
[21.924s][info][gc,task        ] GC(64) Using 1 workers of 1 for evacuation
[21.948s][info][gc,phases      ] GC(64)   Pre Evacuate Collection Set: 0.0ms
[21.948s][info][gc,phases      ] GC(64)   Evacuate Collection Set: 24.1ms
[21.948s][info][gc,phases      ] GC(64)   Post Evacuate Collection Set: 0.2ms
[21.948s][info][gc,phases      ] GC(64)   Other: 0.1ms
[21.948s][info][gc,heap        ] GC(64) Eden regions: 3->0(12)
[21.948s][info][gc,heap        ] GC(64) Survivor regions: 10->1(2)
[21.948s][info][gc,heap        ] GC(64) Old regions: 33->43
[21.948s][info][gc,heap        ] GC(64) Humongous regions: 12->12
[21.948s][info][gc,metaspace   ] GC(64) Metaspace: 62230K->62230K(1105920K)
[21.948s][info][gc             ] GC(64) Pause Young (Normal) (G1 Evacuation Pause) 56M->54M(270M) 24.581ms
[21.948s][info][gc,cpu         ] GC(64) User=0.03s Sys=0.00s Real=0.02s
[22.112s][info][gc,start       ] GC(65) Pause Young (Normal) (G1 Evacuation Pause)
[22.112s][info][gc,task        ] GC(65) Using 1 workers of 1 for evacuation
[22.130s][info][gc,phases      ] GC(65)   Pre Evacuate Collection Set: 0.0ms
[22.130s][info][gc,phases      ] GC(65)   Evacuate Collection Set: 18.0ms
[22.130s][info][gc,phases      ] GC(65)   Post Evacuate Collection Set: 0.2ms
[22.130s][info][gc,phases      ] GC(65)   Other: 0.1ms
[22.130s][info][gc,heap        ] GC(65) Eden regions: 12->0(11)
[22.130s][info][gc,heap        ] GC(65) Survivor regions: 1->2(2)
[22.130s][info][gc,heap        ] GC(65) Old regions: 43->44
[22.130s][info][gc,heap        ] GC(65) Humongous regions: 12->12
[22.130s][info][gc,metaspace   ] GC(65) Metaspace: 62230K->62230K(1105920K)
[22.130s][info][gc             ] GC(65) Pause Young (Normal) (G1 Evacuation Pause) 66M->56M(270M) 18.421ms
[22.130s][info][gc,cpu         ] GC(65) User=0.02s Sys=0.00s Real=0.02s
[22.255s][info][gc,start       ] GC(66) Pause Young (Normal) (G1 Evacuation Pause)
[22.255s][info][gc,task        ] GC(66) Using 1 workers of 1 for evacuation
[22.266s][info][gc,phases      ] GC(66)   Pre Evacuate Collection Set: 0.0ms
[22.266s][info][gc,phases      ] GC(66)   Evacuate Collection Set: 10.4ms
[22.266s][info][gc,phases      ] GC(66)   Post Evacuate Collection Set: 0.8ms
[22.266s][info][gc,phases      ] GC(66)   Other: 0.2ms
[22.266s][info][gc,heap        ] GC(66) Eden regions: 11->0(20)
[22.266s][info][gc,heap        ] GC(66) Survivor regions: 2->2(2)
[22.266s][info][gc,heap        ] GC(66) Old regions: 44->47
[22.266s][info][gc,heap        ] GC(66) Humongous regions: 12->12
[22.266s][info][gc,metaspace   ] GC(66) Metaspace: 62230K->62230K(1105920K)
[22.266s][info][gc             ] GC(66) Pause Young (Normal) (G1 Evacuation Pause) 67M->59M(443M) 11.412ms
[22.266s][info][gc,cpu         ] GC(66) User=0.02s Sys=0.00s Real=0.01s
[22.481s][info][gc,start       ] GC(67) Pause Young (Normal) (G1 Evacuation Pause)
[22.482s][info][gc,task        ] GC(67) Using 1 workers of 1 for evacuation
[22.496s][info][gc,phases      ] GC(67)   Pre Evacuate Collection Set: 0.0ms
[22.496s][info][gc,phases      ] GC(67)   Evacuate Collection Set: 13.6ms
[22.496s][info][gc,phases      ] GC(67)   Post Evacuate Collection Set: 0.2ms
[22.496s][info][gc,phases      ] GC(67)   Other: 0.2ms
[22.496s][info][gc,heap        ] GC(67) Eden regions: 20->0(22)
[22.496s][info][gc,heap        ] GC(67) Survivor regions: 2->3(3)
[22.496s][info][gc,heap        ] GC(67) Old regions: 47->49
[22.496s][info][gc,heap        ] GC(67) Humongous regions: 12->12
[22.496s][info][gc,metaspace   ] GC(67) Metaspace: 62230K->62230K(1105920K)
[22.496s][info][gc             ] GC(67) Pause Young (Normal) (G1 Evacuation Pause) 79M->62M(443M) 14.121ms
[22.496s][info][gc,cpu         ] GC(67) User=0.01s Sys=0.01s Real=0.01s
[22.732s][info][gc,start       ] GC(68) Pause Young (Normal) (G1 Evacuation Pause)
[22.732s][info][gc,task        ] GC(68) Using 1 workers of 1 for evacuation
[22.771s][info][gc,phases      ] GC(68)   Pre Evacuate Collection Set: 0.0ms
[22.771s][info][gc,phases      ] GC(68)   Evacuate Collection Set: 35.5ms
[22.771s][info][gc,phases      ] GC(68)   Post Evacuate Collection Set: 3.1ms
[22.771s][info][gc,phases      ] GC(68)   Other: 0.2ms
[22.771s][info][gc,heap        ] GC(68) Eden regions: 20->0(27)
[22.771s][info][gc,heap        ] GC(68) Survivor regions: 3->3(3)
[22.771s][info][gc,heap        ] GC(68) Old regions: 49->52
[22.771s][info][gc,heap        ] GC(68) Humongous regions: 17->17
[22.771s][info][gc,metaspace   ] GC(68) Metaspace: 62230K->62230K(1105920K)
[22.771s][info][gc             ] GC(68) Pause Young (Normal) (G1 Evacuation Pause) 87M->70M(443M) 38.883ms
[22.771s][info][gc,cpu         ] GC(68) User=0.03s Sys=0.00s Real=0.04s
[22.940s][info][gc,start       ] GC(69) Pause Young (Normal) (G1 Evacuation Pause)
[22.940s][info][gc,task        ] GC(69) Using 1 workers of 1 for evacuation
[22.960s][info][gc,phases      ] GC(69)   Pre Evacuate Collection Set: 0.0ms
[22.960s][info][gc,phases      ] GC(69)   Evacuate Collection Set: 19.1ms
[22.960s][info][gc,phases      ] GC(69)   Post Evacuate Collection Set: 0.3ms
[22.960s][info][gc,phases      ] GC(69)   Other: 0.2ms
[22.960s][info][gc,heap        ] GC(69) Eden regions: 27->0(33)
[22.960s][info][gc,heap        ] GC(69) Survivor regions: 3->3(4)
[22.960s][info][gc,heap        ] GC(69) Old regions: 52->55
[22.960s][info][gc,heap        ] GC(69) Humongous regions: 17->17
[22.960s][info][gc,metaspace   ] GC(69) Metaspace: 62347K->62347K(1105920K)
[22.960s][info][gc             ] GC(69) Pause Young (Normal) (G1 Evacuation Pause) 97M->73M(443M) 19.646ms
[22.960s][info][gc,cpu         ] GC(69) User=0.02s Sys=0.00s Real=0.02s
[23.145s][info][gc,start       ] GC(70) Pause Young (Normal) (G1 Evacuation Pause)
[23.145s][info][gc,task        ] GC(70) Using 1 workers of 1 for evacuation
[23.191s][info][gc,phases      ] GC(70)   Pre Evacuate Collection Set: 0.0ms
[23.191s][info][gc,phases      ] GC(70)   Evacuate Collection Set: 44.9ms
[23.191s][info][gc,phases      ] GC(70)   Post Evacuate Collection Set: 0.2ms
[23.191s][info][gc,phases      ] GC(70)   Other: 0.2ms
[23.191s][info][gc,heap        ] GC(70) Eden regions: 33->0(36)
[23.191s][info][gc,heap        ] GC(70) Survivor regions: 3->5(5)
[23.191s][info][gc,heap        ] GC(70) Old regions: 55->58
[23.191s][info][gc,heap        ] GC(70) Humongous regions: 21->21
[23.191s][info][gc,metaspace   ] GC(70) Metaspace: 62500K->62500K(1105920K)
[23.191s][info][gc             ] GC(70) Pause Young (Normal) (G1 Evacuation Pause) 110M->82M(443M) 45.448ms
[23.191s][info][gc,cpu         ] GC(70) User=0.05s Sys=0.00s Real=0.05s
[23.367s][info][gc,start       ] GC(71) Pause Young (Normal) (G1 Evacuation Pause)
[23.367s][info][gc,task        ] GC(71) Using 1 workers of 1 for evacuation
[23.409s][info][gc,phases      ] GC(71)   Pre Evacuate Collection Set: 0.0ms
[23.409s][info][gc,phases      ] GC(71)   Evacuate Collection Set: 41.4ms
[23.409s][info][gc,phases      ] GC(71)   Post Evacuate Collection Set: 1.0ms
[23.409s][info][gc,phases      ] GC(71)   Other: 0.2ms
[23.409s][info][gc,heap        ] GC(71) Eden regions: 36->0(42)
[23.409s][info][gc,heap        ] GC(71) Survivor regions: 5->6(6)
[23.409s][info][gc,heap        ] GC(71) Old regions: 58->67
[23.409s][info][gc,heap        ] GC(71) Humongous regions: 27->27
[23.409s][info][gc,metaspace   ] GC(71) Metaspace: 62504K->62504K(1105920K)
[23.409s][info][gc             ] GC(71) Pause Young (Normal) (G1 Evacuation Pause) 124M->98M(626M) 42.649ms
[23.409s][info][gc,cpu         ] GC(71) User=0.04s Sys=0.00s Real=0.05s
[23.671s][info][gc,start       ] GC(72) Pause Young (Normal) (G1 Evacuation Pause)
[23.671s][info][gc,task        ] GC(72) Using 1 workers of 1 for evacuation
[23.726s][info][gc,phases      ] GC(72)   Pre Evacuate Collection Set: 0.0ms
[23.726s][info][gc,phases      ] GC(72)   Evacuate Collection Set: 54.4ms
[23.726s][info][gc,phases      ] GC(72)   Post Evacuate Collection Set: 0.3ms
[23.726s][info][gc,phases      ] GC(72)   Other: 0.2ms
[23.726s][info][gc,heap        ] GC(72) Eden regions: 42->0(48)
[23.726s][info][gc,heap        ] GC(72) Survivor regions: 6->6(6)
[23.726s][info][gc,heap        ] GC(72) Old regions: 67->82
[23.726s][info][gc,heap        ] GC(72) Humongous regions: 32->32
[23.726s][info][gc,metaspace   ] GC(72) Metaspace: 62728K->62728K(1105920K)
[23.726s][info][gc             ] GC(72) Pause Young (Normal) (G1 Evacuation Pause) 145M->118M(626M) 54.903ms
[23.726s][info][gc,cpu         ] GC(72) User=0.05s Sys=0.00s Real=0.05s
[24.231s][info][gc,start       ] GC(73) Pause Young (Normal) (G1 Evacuation Pause)
[24.231s][info][gc,task        ] GC(73) Using 1 workers of 1 for evacuation
[24.259s][info][gc,phases      ] GC(73)   Pre Evacuate Collection Set: 0.0ms
[24.259s][info][gc,phases      ] GC(73)   Evacuate Collection Set: 28.0ms
[24.259s][info][gc,phases      ] GC(73)   Post Evacuate Collection Set: 0.2ms
[24.259s][info][gc,phases      ] GC(73)   Other: 0.2ms
[24.259s][info][gc,heap        ] GC(73) Eden regions: 48->0(58)
[24.259s][info][gc,heap        ] GC(73) Survivor regions: 6->5(7)
[24.259s][info][gc,heap        ] GC(73) Old regions: 82->88
[24.259s][info][gc,heap        ] GC(73) Humongous regions: 35->35
[24.259s][info][gc,metaspace   ] GC(73) Metaspace: 62763K->62763K(1105920K)
[24.259s][info][gc             ] GC(73) Pause Young (Normal) (G1 Evacuation Pause) 169M->126M(626M) 28.512ms
[24.259s][info][gc,cpu         ] GC(73) User=0.02s Sys=0.00s Real=0.03s
[24.475s][info][gc,start       ] GC(74) Pause Young (Normal) (G1 Evacuation Pause)
[24.475s][info][gc,task        ] GC(74) Using 1 workers of 1 for evacuation
[24.506s][info][gc,phases      ] GC(74)   Pre Evacuate Collection Set: 0.0ms
[24.506s][info][gc,phases      ] GC(74)   Evacuate Collection Set: 30.7ms
[24.506s][info][gc,phases      ] GC(74)   Post Evacuate Collection Set: 0.3ms
[24.506s][info][gc,phases      ] GC(74)   Other: 0.2ms
[24.506s][info][gc,heap        ] GC(74) Eden regions: 58->0(71)
[24.506s][info][gc,heap        ] GC(74) Survivor regions: 5->6(8)
[24.506s][info][gc,heap        ] GC(74) Old regions: 88->92
[24.506s][info][gc,heap        ] GC(74) Humongous regions: 38->38
[24.506s][info][gc,metaspace   ] GC(74) Metaspace: 62764K->62764K(1105920K)
[24.506s][info][gc             ] GC(74) Pause Young (Normal) (G1 Evacuation Pause) 187M->134M(626M) 31.289ms
[24.506s][info][gc,cpu         ] GC(74) User=0.03s Sys=0.00s Real=0.03s
[24.705s][info][gc,start       ] GC(75) Pause Young (Normal) (G1 Evacuation Pause)
[24.705s][info][gc,task        ] GC(75) Using 1 workers of 1 for evacuation
[24.755s][info][gc,phases      ] GC(75)   Pre Evacuate Collection Set: 0.0ms
[24.755s][info][gc,phases      ] GC(75)   Evacuate Collection Set: 48.6ms
[24.755s][info][gc,phases      ] GC(75)   Post Evacuate Collection Set: 1.2ms
[24.755s][info][gc,phases      ] GC(75)   Other: 0.2ms
[24.755s][info][gc,heap        ] GC(75) Eden regions: 71->0(37)
[24.755s][info][gc,heap        ] GC(75) Survivor regions: 6->7(10)
[24.755s][info][gc,heap        ] GC(75) Old regions: 92->98
[24.755s][info][gc,heap        ] GC(75) Humongous regions: 43->43
[24.755s][info][gc,metaspace   ] GC(75) Metaspace: 62764K->62764K(1105920K)
[24.755s][info][gc             ] GC(75) Pause Young (Normal) (G1 Evacuation Pause) 210M->145M(899M) 50.063ms
[24.755s][info][gc,cpu         ] GC(75) User=0.05s Sys=0.00s Real=0.05s
[24.851s][info][gc,start       ] GC(76) Pause Young (Normal) (G1 Evacuation Pause)
[24.851s][info][gc,task        ] GC(76) Using 1 workers of 1 for evacuation
[24.884s][info][gc,phases      ] GC(76)   Pre Evacuate Collection Set: 0.0ms
[24.884s][info][gc,phases      ] GC(76)   Evacuate Collection Set: 32.6ms
[24.884s][info][gc,phases      ] GC(76)   Post Evacuate Collection Set: 0.3ms
[24.884s][info][gc,phases      ] GC(76)   Other: 0.1ms
[24.884s][info][gc,heap        ] GC(76) Eden regions: 37->0(59)
[24.884s][info][gc,heap        ] GC(76) Survivor regions: 7->3(6)
[24.884s][info][gc,heap        ] GC(76) Old regions: 98->104
[24.884s][info][gc,heap        ] GC(76) Humongous regions: 43->43
[24.884s][info][gc,metaspace   ] GC(76) Metaspace: 62764K->62764K(1105920K)
[24.884s][info][gc             ] GC(76) Pause Young (Normal) (G1 Evacuation Pause) 182M->148M(899M) 33.082ms
[24.884s][info][gc,cpu         ] GC(76) User=0.03s Sys=0.00s Real=0.03s
[25.010s][info][gc,start       ] GC(77) Pause Young (Normal) (G1 Evacuation Pause)
[25.010s][info][gc,task        ] GC(77) Using 1 workers of 1 for evacuation
[25.032s][info][gc,phases      ] GC(77)   Pre Evacuate Collection Set: 0.0ms
[25.032s][info][gc,phases      ] GC(77)   Evacuate Collection Set: 22.0ms
[25.032s][info][gc,phases      ] GC(77)   Post Evacuate Collection Set: 0.3ms
[25.032s][info][gc,phases      ] GC(77)   Other: 0.2ms
[25.032s][info][gc,heap        ] GC(77) Eden regions: 59->0(76)
[25.032s][info][gc,heap        ] GC(77) Survivor regions: 3->7(8)
[25.032s][info][gc,heap        ] GC(77) Old regions: 104->104
[25.032s][info][gc,heap        ] GC(77) Humongous regions: 43->43
[25.032s][info][gc,metaspace   ] GC(77) Metaspace: 62764K->62764K(1105920K)
[25.032s][info][gc             ] GC(77) Pause Young (Normal) (G1 Evacuation Pause) 207M->151M(899M) 22.656ms
[25.032s][info][gc,cpu         ] GC(77) User=0.02s Sys=0.00s Real=0.02s
[25.201s][info][gc,start       ] GC(78) Pause Young (Normal) (G1 Evacuation Pause)
[25.201s][info][gc,task        ] GC(78) Using 1 workers of 1 for evacuation
[25.234s][info][gc,phases      ] GC(78)   Pre Evacuate Collection Set: 0.0ms
[25.234s][info][gc,phases      ] GC(78)   Evacuate Collection Set: 32.3ms
[25.234s][info][gc,phases      ] GC(78)   Post Evacuate Collection Set: 0.3ms
[25.234s][info][gc,phases      ] GC(78)   Other: 0.2ms
[25.234s][info][gc,heap        ] GC(78) Eden regions: 76->0(98)
[25.234s][info][gc,heap        ] GC(78) Survivor regions: 7->9(11)
[25.234s][info][gc,heap        ] GC(78) Old regions: 104->106
[25.234s][info][gc,heap        ] GC(78) Humongous regions: 43->43
[25.234s][info][gc,metaspace   ] GC(78) Metaspace: 62764K->62764K(1105920K)
[25.234s][info][gc             ] GC(78) Pause Young (Normal) (G1 Evacuation Pause) 227M->155M(899M) 32.931ms
[25.234s][info][gc,cpu         ] GC(78) User=0.02s Sys=0.01s Real=0.03s
[25.487s][info][gc,start       ] GC(79) Pause Young (Normal) (G1 Evacuation Pause)
[25.488s][info][gc,task        ] GC(79) Using 1 workers of 1 for evacuation
[25.551s][info][gc,phases      ] GC(79)   Pre Evacuate Collection Set: 0.0ms
[25.551s][info][gc,phases      ] GC(79)   Evacuate Collection Set: 62.6ms
[25.551s][info][gc,phases      ] GC(79)   Post Evacuate Collection Set: 1.1ms
[25.551s][info][gc,phases      ] GC(79)   Other: 0.2ms
[25.551s][info][gc,heap        ] GC(79) Eden regions: 76->0(88)
[25.551s][info][gc,heap        ] GC(79) Survivor regions: 9->10(11)
[25.551s][info][gc,heap        ] GC(79) Old regions: 106->109
[25.551s][info][gc,heap        ] GC(79) Humongous regions: 52->52
[25.551s][info][gc,metaspace   ] GC(79) Metaspace: 62764K->62764K(1105920K)
[25.551s][info][gc             ] GC(79) Pause Young (Normal) (G1 Evacuation Pause) 240M->169M(1083M) 63.935ms
[25.551s][info][gc,cpu         ] GC(79) User=0.06s Sys=0.00s Real=0.07s
[26.569s][info][gc,start       ] GC(80) Pause Young (Normal) (G1 Evacuation Pause)
[26.570s][info][gc,task        ] GC(80) Using 1 workers of 1 for evacuation
[26.641s][info][gc,phases      ] GC(80)   Pre Evacuate Collection Set: 0.0ms
[26.641s][info][gc,phases      ] GC(80)   Evacuate Collection Set: 70.9ms
[26.641s][info][gc,phases      ] GC(80)   Post Evacuate Collection Set: 0.5ms
[26.641s][info][gc,phases      ] GC(80)   Other: 0.6ms
[26.641s][info][gc,heap        ] GC(80) Eden regions: 56->0(90)
[26.641s][info][gc,heap        ] GC(80) Survivor regions: 10->4(9)
[26.641s][info][gc,heap        ] GC(80) Old regions: 109->118
[26.641s][info][gc,heap        ] GC(80) Humongous regions: 57->57
[26.641s][info][gc,metaspace   ] GC(80) Metaspace: 62830K->62830K(1105920K)
[26.641s][info][gc             ] GC(80) Pause Young (Normal) (G1 Evacuation Pause) 230M->177M(1083M) 71.997ms
[26.641s][info][gc,cpu         ] GC(80) User=0.07s Sys=0.00s Real=0.07s
[27.435s][info][gc,start       ] GC(81) Pause Young (Normal) (G1 Evacuation Pause)
[27.435s][info][gc,task        ] GC(81) Using 1 workers of 1 for evacuation
[27.489s][info][gc,phases      ] GC(81)   Pre Evacuate Collection Set: 0.0ms
[27.489s][info][gc,phases      ] GC(81)   Evacuate Collection Set: 53.7ms
[27.489s][info][gc,phases      ] GC(81)   Post Evacuate Collection Set: 0.6ms
[27.489s][info][gc,phases      ] GC(81)   Other: 0.2ms
[27.489s][info][gc,heap        ] GC(81) Eden regions: 90->0(106)
[27.489s][info][gc,heap        ] GC(81) Survivor regions: 4->12(12)
[27.489s][info][gc,heap        ] GC(81) Old regions: 118->120
[27.489s][info][gc,heap        ] GC(81) Humongous regions: 60->60
[27.489s][info][gc,metaspace   ] GC(81) Metaspace: 62975K->62975K(1105920K)
[27.489s][info][gc             ] GC(81) Pause Young (Normal) (G1 Evacuation Pause) 270M->190M(1083M) 54.576ms
[27.489s][info][gc,cpu         ] GC(81) User=0.05s Sys=0.00s Real=0.06s
[28.190s][info][gc,start       ] GC(82) Pause Young (Normal) (G1 Evacuation Pause)
[28.190s][info][gc,task        ] GC(82) Using 1 workers of 1 for evacuation
[28.276s][info][gc,phases      ] GC(82)   Pre Evacuate Collection Set: 0.0ms
[28.276s][info][gc,phases      ] GC(82)   Evacuate Collection Set: 85.3ms
[28.276s][info][gc,phases      ] GC(82)   Post Evacuate Collection Set: 0.4ms
[28.276s][info][gc,phases      ] GC(82)   Other: 0.2ms
[28.276s][info][gc,heap        ] GC(82) Eden regions: 106->0(116)
[28.276s][info][gc,heap        ] GC(82) Survivor regions: 12->15(15)
[28.276s][info][gc,heap        ] GC(82) Old regions: 120->137
[28.276s][info][gc,heap        ] GC(82) Humongous regions: 68->68
[28.276s][info][gc,metaspace   ] GC(82) Metaspace: 62977K->62977K(1105920K)
[28.276s][info][gc             ] GC(82) Pause Young (Normal) (G1 Evacuation Pause) 304M->218M(1083M) 85.985ms
[28.276s][info][gc,cpu         ] GC(82) User=0.08s Sys=0.00s Real=0.08s
[28.684s][info][gc,start       ] GC(83) Pause Young (Normal) (G1 Evacuation Pause)
[28.684s][info][gc,task        ] GC(83) Using 1 workers of 1 for evacuation
[28.795s][info][gc,phases      ] GC(83)   Pre Evacuate Collection Set: 0.0ms
[28.795s][info][gc,phases      ] GC(83)   Evacuate Collection Set: 109.7ms
[28.795s][info][gc,phases      ] GC(83)   Post Evacuate Collection Set: 1.2ms
[28.795s][info][gc,phases      ] GC(83)   Other: 0.2ms
[28.795s][info][gc,heap        ] GC(83) Eden regions: 116->0(118)
[28.795s][info][gc,heap        ] GC(83) Survivor regions: 15->17(17)
[28.795s][info][gc,heap        ] GC(83) Old regions: 137->162
[28.795s][info][gc,heap        ] GC(83) Humongous regions: 83->83
[28.795s][info][gc,metaspace   ] GC(83) Metaspace: 63058K->63058K(1105920K)
[28.795s][info][gc             ] GC(83) Pause Young (Normal) (G1 Evacuation Pause) 349M->260M(1267M) 111.227ms
[28.795s][info][gc,cpu         ] GC(83) User=0.11s Sys=0.00s Real=0.11s
[29.287s][info][gc,start       ] GC(84) Pause Young (Normal) (G1 Evacuation Pause)
[29.287s][info][gc,task        ] GC(84) Using 1 workers of 1 for evacuation
[29.402s][info][gc,phases      ] GC(84)   Pre Evacuate Collection Set: 0.0ms
[29.402s][info][gc,phases      ] GC(84)   Evacuate Collection Set: 114.7ms
[29.402s][info][gc,phases      ] GC(84)   Post Evacuate Collection Set: 0.8ms
[29.402s][info][gc,phases      ] GC(84)   Other: 0.2ms
[29.402s][info][gc,heap        ] GC(84) Eden regions: 118->0(116)
[29.402s][info][gc,heap        ] GC(84) Survivor regions: 17->15(17)
[29.402s][info][gc,heap        ] GC(84) Old regions: 162->179
[29.402s][info][gc,heap        ] GC(84) Humongous regions: 89->89
[29.402s][info][gc,metaspace   ] GC(84) Metaspace: 63060K->63060K(1105920K)
[29.402s][info][gc             ] GC(84) Pause Young (Normal) (G1 Evacuation Pause) 384M->281M(1267M) 115.853ms
[29.402s][info][gc,cpu         ] GC(84) User=0.12s Sys=0.00s Real=0.12s
[29.757s][info][gc,start       ] GC(85) Pause Young (Normal) (G1 Evacuation Pause)
[29.757s][info][gc,task        ] GC(85) Using 1 workers of 1 for evacuation
[29.852s][info][gc,phases      ] GC(85)   Pre Evacuate Collection Set: 0.0ms
[29.852s][info][gc,phases      ] GC(85)   Evacuate Collection Set: 94.2ms
[29.852s][info][gc,phases      ] GC(85)   Post Evacuate Collection Set: 0.4ms
[29.852s][info][gc,phases      ] GC(85)   Other: 0.2ms
[29.852s][info][gc,heap        ] GC(85) Eden regions: 116->0(130)
[29.852s][info][gc,heap        ] GC(85) Survivor regions: 15->10(17)
[29.852s][info][gc,heap        ] GC(85) Old regions: 179->194
[29.852s][info][gc,heap        ] GC(85) Humongous regions: 94->94
[29.852s][info][gc,metaspace   ] GC(85) Metaspace: 63060K->63060K(1105920K)
[29.852s][info][gc             ] GC(85) Pause Young (Normal) (G1 Evacuation Pause) 402M->295M(1267M) 94.849ms
[29.852s][info][gc,cpu         ] GC(85) User=0.09s Sys=0.01s Real=0.09s
[30.163s][info][gc,start       ] GC(86) Pause Young (Normal) (G1 Evacuation Pause)
[30.163s][info][gc,task        ] GC(86) Using 1 workers of 1 for evacuation
[30.213s][info][gc,phases      ] GC(86)   Pre Evacuate Collection Set: 0.0ms
[30.213s][info][gc,phases      ] GC(86)   Evacuate Collection Set: 49.1ms
[30.213s][info][gc,phases      ] GC(86)   Post Evacuate Collection Set: 0.3ms
[30.213s][info][gc,phases      ] GC(86)   Other: 0.5ms
[30.213s][info][gc,heap        ] GC(86) Eden regions: 130->0(152)
[30.213s][info][gc,heap        ] GC(86) Survivor regions: 10->8(18)
[30.213s][info][gc,heap        ] GC(86) Old regions: 194->202
[30.213s][info][gc,heap        ] GC(86) Humongous regions: 94->94
[30.213s][info][gc,metaspace   ] GC(86) Metaspace: 63060K->63060K(1105920K)
[30.213s][info][gc             ] GC(86) Pause Young (Normal) (G1 Evacuation Pause) 425M->302M(1267M) 50.049ms
[30.213s][info][gc,cpu         ] GC(86) User=0.05s Sys=0.00s Real=0.05s
[30.454s][info][gc,start       ] GC(87) Pause Young (Normal) (G1 Evacuation Pause)
[30.454s][info][gc,task        ] GC(87) Using 1 workers of 1 for evacuation
[30.514s][info][gc,phases      ] GC(87)   Pre Evacuate Collection Set: 0.0ms
[30.514s][info][gc,phases      ] GC(87)   Evacuate Collection Set: 58.8ms
[30.514s][info][gc,phases      ] GC(87)   Post Evacuate Collection Set: 1.1ms
[30.514s][info][gc,phases      ] GC(87)   Other: 0.2ms
[30.514s][info][gc,heap        ] GC(87) Eden regions: 75->0(135)
[30.514s][info][gc,heap        ] GC(87) Survivor regions: 8->6(11)
[30.514s][info][gc,heap        ] GC(87) Old regions: 202->209
[30.514s][info][gc,heap        ] GC(87) Humongous regions: 103->103
[30.514s][info][gc,metaspace   ] GC(87) Metaspace: 63060K->63060K(1105920K)
[30.514s][info][gc             ] GC(87) Pause Young (Normal) (G1 Evacuation Pause) 386M->315M(1412M) 60.122ms
[30.514s][info][gc,cpu         ] GC(87) User=0.06s Sys=0.00s Real=0.06s
[31.381s][info][gc,start       ] GC(88) Pause Young (Normal) (G1 Evacuation Pause)
[31.381s][info][gc,task        ] GC(88) Using 1 workers of 1 for evacuation
[31.449s][info][gc,phases      ] GC(88)   Pre Evacuate Collection Set: 0.1ms
[31.449s][info][gc,phases      ] GC(88)   Evacuate Collection Set: 66.6ms
[31.449s][info][gc,phases      ] GC(88)   Post Evacuate Collection Set: 0.6ms
[31.449s][info][gc,phases      ] GC(88)   Other: 0.3ms
[31.449s][info][gc,heap        ] GC(88) Eden regions: 106->0(139)
[31.449s][info][gc,heap        ] GC(88) Survivor regions: 6->12(14)
[31.449s][info][gc,heap        ] GC(88) Old regions: 209->209
[31.449s][info][gc,heap        ] GC(88) Humongous regions: 108->108
[31.449s][info][gc,metaspace   ] GC(88) Metaspace: 63089K->63089K(1105920K)
[31.449s][info][gc             ] GC(88) Pause Young (Normal) (G1 Evacuation Pause) 426M->326M(1412M) 67.673ms
[31.449s][info][gc,cpu         ] GC(88) User=0.06s Sys=0.01s Real=0.07s
[32.088s][info][gc,start       ] GC(89) Pause Young (Normal) (G1 Evacuation Pause)
[32.088s][info][gc,task        ] GC(89) Using 1 workers of 1 for evacuation
[32.201s][info][gc,phases      ] GC(89)   Pre Evacuate Collection Set: 0.1ms
[32.201s][info][gc,phases      ] GC(89)   Evacuate Collection Set: 112.0ms
[32.201s][info][gc,phases      ] GC(89)   Post Evacuate Collection Set: 0.5ms
[32.201s][info][gc,phases      ] GC(89)   Other: 0.8ms
[32.201s][info][gc,heap        ] GC(89) Eden regions: 139->0(145)
[32.201s][info][gc,heap        ] GC(89) Survivor regions: 12->19(19)
[32.201s][info][gc,heap        ] GC(89) Old regions: 209->227
[32.201s][info][gc,heap        ] GC(89) Humongous regions: 119->119
[32.201s][info][gc,metaspace   ] GC(89) Metaspace: 63090K->63090K(1105920K)
[32.201s][info][gc             ] GC(89) Pause Young (Normal) (G1 Evacuation Pause) 476M->363M(1412M) 113.500ms
[32.201s][info][gc,cpu         ] GC(89) User=0.11s Sys=0.00s Real=0.12s
[32.596s][info][gc,start       ] GC(90) Pause Young (Normal) (G1 Evacuation Pause)
[32.596s][info][gc,task        ] GC(90) Using 1 workers of 1 for evacuation
[32.751s][info][gc,phases      ] GC(90)   Pre Evacuate Collection Set: 0.1ms
[32.751s][info][gc,phases      ] GC(90)   Evacuate Collection Set: 154.5ms
[32.751s][info][gc,phases      ] GC(90)   Post Evacuate Collection Set: 0.6ms
[32.751s][info][gc,phases      ] GC(90)   Other: 0.2ms
[32.751s][info][gc,heap        ] GC(90) Eden regions: 145->0(142)
[32.752s][info][gc,heap        ] GC(90) Survivor regions: 19->21(21)
[32.752s][info][gc,heap        ] GC(90) Old regions: 227->258
[32.752s][info][gc,heap        ] GC(90) Humongous regions: 134->134
[32.752s][info][gc,metaspace   ] GC(90) Metaspace: 63102K->63102K(1105920K)
[32.752s][info][gc             ] GC(90) Pause Young (Normal) (G1 Evacuation Pause) 523M->411M(1412M) 155.476ms
[32.752s][info][gc,cpu         ] GC(90) User=0.14s Sys=0.01s Real=0.16s
[33.147s][info][gc,start       ] GC(91) Pause Young (Normal) (G1 Evacuation Pause)
[33.147s][info][gc,task        ] GC(91) Using 1 workers of 1 for evacuation
[33.248s][info][gc,phases      ] GC(91)   Pre Evacuate Collection Set: 0.1ms
[33.249s][info][gc,phases      ] GC(91)   Evacuate Collection Set: 100.3ms
[33.249s][info][gc,phases      ] GC(91)   Post Evacuate Collection Set: 1.1ms
[33.249s][info][gc,phases      ] GC(91)   Other: 0.2ms
[33.249s][info][gc,heap        ] GC(91) Eden regions: 142->0(150)
[33.249s][info][gc,heap        ] GC(91) Survivor regions: 21->14(21)
[33.249s][info][gc,heap        ] GC(91) Old regions: 258->279
[33.249s][info][gc,heap        ] GC(91) Humongous regions: 145->145
[33.249s][info][gc,metaspace   ] GC(91) Metaspace: 63102K->63102K(1105920K)
[33.249s][info][gc             ] GC(91) Pause Young (Normal) (G1 Evacuation Pause) 564M->436M(1528M) 101.769ms
[33.249s][info][gc,cpu         ] GC(91) User=0.10s Sys=0.00s Real=0.10s
[33.647s][info][gc,start       ] GC(92) Pause Young (Normal) (G1 Evacuation Pause)
[33.647s][info][gc,task        ] GC(92) Using 1 workers of 1 for evacuation
[33.712s][info][gc,phases      ] GC(92)   Pre Evacuate Collection Set: 0.1ms
[33.712s][info][gc,phases      ] GC(92)   Evacuate Collection Set: 64.7ms
[33.712s][info][gc,phases      ] GC(92)   Post Evacuate Collection Set: 0.4ms
[33.712s][info][gc,phases      ] GC(92)   Other: 0.2ms
[33.712s][info][gc,heap        ] GC(92) Eden regions: 150->0(174)
[33.712s][info][gc,heap        ] GC(92) Survivor regions: 14->10(21)
[33.712s][info][gc,heap        ] GC(92) Old regions: 279->293
[33.712s][info][gc,heap        ] GC(92) Humongous regions: 145->145
[33.712s][info][gc,metaspace   ] GC(92) Metaspace: 63104K->63104K(1105920K)
[33.712s][info][gc             ] GC(92) Pause Young (Normal) (G1 Evacuation Pause) 586M->446M(1528M) 65.392ms
[33.712s][info][gc,cpu         ] GC(92) User=0.06s Sys=0.00s Real=0.07s
[34.152s][info][gc,start       ] GC(93) Pause Young (Normal) (G1 Evacuation Pause)
[34.152s][info][gc,task        ] GC(93) Using 1 workers of 1 for evacuation
[34.220s][info][gc,phases      ] GC(93)   Pre Evacuate Collection Set: 0.1ms
[34.220s][info][gc,phases      ] GC(93)   Evacuate Collection Set: 66.8ms
[34.220s][info][gc,phases      ] GC(93)   Post Evacuate Collection Set: 0.5ms
[34.220s][info][gc,phases      ] GC(93)   Other: 0.2ms
[34.220s][info][gc,heap        ] GC(93) Eden regions: 168->0(172)
[34.220s][info][gc,heap        ] GC(93) Survivor regions: 10->18(23)
[34.220s][info][gc,heap        ] GC(93) Old regions: 293->293
[34.220s][info][gc,heap        ] GC(93) Humongous regions: 154->154
[34.220s][info][gc,metaspace   ] GC(93) Metaspace: 63104K->63104K(1105920K)
[34.220s][info][gc             ] GC(93) Pause Young (Normal) (G1 Evacuation Pause) 623M->463M(1528M) 67.726ms
[34.220s][info][gc,cpu         ] GC(93) User=0.07s Sys=0.00s Real=0.07s
[35.135s][info][gc,start       ] GC(94) Pause Young (Normal) (G1 Evacuation Pause)
[35.136s][info][gc,task        ] GC(94) Using 1 workers of 1 for evacuation
[35.250s][info][gc,phases      ] GC(94)   Pre Evacuate Collection Set: 0.1ms
[35.250s][info][gc,phases      ] GC(94)   Evacuate Collection Set: 113.2ms
[35.250s][info][gc,phases      ] GC(94)   Post Evacuate Collection Set: 0.6ms
[35.250s][info][gc,phases      ] GC(94)   Other: 0.2ms
[35.250s][info][gc,heap        ] GC(94) Eden regions: 58->0(106)
[35.250s][info][gc,heap        ] GC(94) Survivor regions: 18->8(10)
[35.250s][info][gc,heap        ] GC(94) Old regions: 293->310
[35.250s][info][gc,heap        ] GC(94) Humongous regions: 170->165
[35.250s][info][gc,metaspace   ] GC(94) Metaspace: 63156K->63156K(1105920K)
[35.250s][info][gc             ] GC(94) Pause Young (Normal) (G1 Evacuation Pause) 537M->481M(1528M) 114.254ms
[35.250s][info][gc,cpu         ] GC(94) User=0.11s Sys=0.01s Real=0.12s
[35.657s][info][gc,start       ] GC(95) Pause Young (Normal) (G1 Evacuation Pause)
[35.657s][info][gc,task        ] GC(95) Using 1 workers of 1 for evacuation
[35.771s][info][gc,phases      ] GC(95)   Pre Evacuate Collection Set: 0.1ms
[35.771s][info][gc,phases      ] GC(95)   Evacuate Collection Set: 112.3ms
[35.771s][info][gc,phases      ] GC(95)   Post Evacuate Collection Set: 0.8ms
[35.771s][info][gc,phases      ] GC(95)   Other: 0.2ms
[35.771s][info][gc,heap        ] GC(95) Eden regions: 103->0(103)
[35.771s][info][gc,heap        ] GC(95) Survivor regions: 8->14(14)
[35.771s][info][gc,heap        ] GC(95) Old regions: 310->333
[35.771s][info][gc,heap        ] GC(95) Humongous regions: 181->181
[35.771s][info][gc,metaspace   ] GC(95) Metaspace: 63162K->63162K(1105920K)
[35.771s][info][gc             ] GC(95) Pause Young (Normal) (G1 Evacuation Pause) 600M->526M(1621M) 113.569ms
[35.771s][info][gc,cpu         ] GC(95) User=0.11s Sys=0.00s Real=0.11s
[36.036s][info][gc,start       ] GC(96) Pause Young (Normal) (G1 Evacuation Pause)
[36.036s][info][gc,task        ] GC(96) Using 1 workers of 1 for evacuation
[36.120s][info][gc,phases      ] GC(96)   Pre Evacuate Collection Set: 0.1ms
[36.120s][info][gc,phases      ] GC(96)   Evacuate Collection Set: 83.6ms
[36.120s][info][gc,phases      ] GC(96)   Post Evacuate Collection Set: 0.4ms
[36.120s][info][gc,phases      ] GC(96)   Other: 0.2ms
[36.120s][info][gc,heap        ] GC(96) Eden regions: 103->0(111)
[36.120s][info][gc,heap        ] GC(96) Survivor regions: 14->11(15)
[36.120s][info][gc,heap        ] GC(96) Old regions: 333->347
[36.120s][info][gc,heap        ] GC(96) Humongous regions: 187->187
[36.120s][info][gc,metaspace   ] GC(96) Metaspace: 63162K->63162K(1105920K)
[36.120s][info][gc             ] GC(96) Pause Young (Normal) (G1 Evacuation Pause) 635M->543M(1621M) 84.385ms
[36.121s][info][gc,cpu         ] GC(96) User=0.08s Sys=0.00s Real=0.09s
[36.397s][info][gc,start       ] GC(97) Pause Young (Normal) (G1 Evacuation Pause)
[36.397s][info][gc,task        ] GC(97) Using 1 workers of 1 for evacuation
[36.464s][info][gc,phases      ] GC(97)   Pre Evacuate Collection Set: 0.1ms
[36.464s][info][gc,phases      ] GC(97)   Evacuate Collection Set: 67.1ms
[36.464s][info][gc,phases      ] GC(97)   Post Evacuate Collection Set: 0.4ms
[36.464s][info][gc,phases      ] GC(97)   Other: 0.4ms
[36.464s][info][gc,heap        ] GC(97) Eden regions: 111->0(124)
[36.464s][info][gc,heap        ] GC(97) Survivor regions: 11->9(16)
[36.464s][info][gc,heap        ] GC(97) Old regions: 347->358
[36.464s][info][gc,heap        ] GC(97) Humongous regions: 192->192
[36.464s][info][gc,metaspace   ] GC(97) Metaspace: 63162K->63162K(1105920K)
[36.464s][info][gc             ] GC(97) Pause Young (Normal) (G1 Evacuation Pause) 659M->557M(1621M) 67.957ms
[36.464s][info][gc,cpu         ] GC(97) User=0.06s Sys=0.01s Real=0.07s
[36.800s][info][gc,start       ] GC(98) Pause Young (Normal) (G1 Evacuation Pause)
[36.800s][info][gc,task        ] GC(98) Using 1 workers of 1 for evacuation
[36.851s][info][gc,phases      ] GC(98)   Pre Evacuate Collection Set: 0.1ms
[36.851s][info][gc,phases      ] GC(98)   Evacuate Collection Set: 50.7ms
[36.851s][info][gc,phases      ] GC(98)   Post Evacuate Collection Set: 0.3ms
[36.851s][info][gc,phases      ] GC(98)   Other: 0.3ms
[36.851s][info][gc,heap        ] GC(98) Eden regions: 124->0(145)
[36.851s][info][gc,heap        ] GC(98) Survivor regions: 9->8(17)
[36.851s][info][gc,heap        ] GC(98) Old regions: 358->365
[36.851s][info][gc,heap        ] GC(98) Humongous regions: 192->192
[36.851s][info][gc,metaspace   ] GC(98) Metaspace: 63162K->63162K(1105920K)
[36.851s][info][gc             ] GC(98) Pause Young (Normal) (G1 Evacuation Pause) 681M->563M(1621M) 51.448ms
[36.851s][info][gc,cpu         ] GC(98) User=0.05s Sys=0.00s Real=0.05s
[37.563s][info][gc,start       ] GC(99) Pause Young (Normal) (G1 Evacuation Pause)
[37.563s][info][gc,task        ] GC(99) Using 1 workers of 1 for evacuation
[37.638s][info][gc,phases      ] GC(99)   Pre Evacuate Collection Set: 0.1ms
[37.638s][info][gc,phases      ] GC(99)   Evacuate Collection Set: 73.8ms
[37.638s][info][gc,phases      ] GC(99)   Post Evacuate Collection Set: 0.9ms
[37.638s][info][gc,phases      ] GC(99)   Other: 0.3ms
[37.638s][info][gc,heap        ] GC(99) Eden regions: 109->0(137)
[37.638s][info][gc,heap        ] GC(99) Survivor regions: 8->7(15)
[37.638s][info][gc,heap        ] GC(99) Old regions: 365->372
[37.638s][info][gc,heap        ] GC(99) Humongous regions: 206->206
[37.638s][info][gc,metaspace   ] GC(99) Metaspace: 63175K->63175K(1105920K)
[37.638s][info][gc             ] GC(99) Pause Young (Normal) (G1 Evacuation Pause) 686M->583M(1678M) 75.126ms
[37.638s][info][gc,cpu         ] GC(99) User=0.07s Sys=0.00s Real=0.08s
[38.064s][info][gc,start       ] GC(100) Pause Young (Normal) (G1 Evacuation Pause)
[38.064s][info][gc,task        ] GC(100) Using 1 workers of 1 for evacuation
[38.186s][info][gc,phases      ] GC(100)   Pre Evacuate Collection Set: 0.1ms
[38.186s][info][gc,phases      ] GC(100)   Evacuate Collection Set: 121.9ms
[38.186s][info][gc,phases      ] GC(100)   Post Evacuate Collection Set: 0.5ms
[38.186s][info][gc,phases      ] GC(100)   Other: 0.2ms
[38.186s][info][gc,heap        ] GC(100) Eden regions: 111->0(103)
[38.186s][info][gc,heap        ] GC(100) Survivor regions: 7->15(15)
[38.186s][info][gc,heap        ] GC(100) Old regions: 372->397
[38.186s][info][gc,heap        ] GC(100) Humongous regions: 228->228
[38.186s][info][gc,metaspace   ] GC(100) Metaspace: 63179K->63179K(1105920K)
[38.186s][info][gc             ] GC(100) Pause Young (Normal) (G1 Evacuation Pause) 716M->638M(1678M) 122.750ms
[38.186s][info][gc,cpu         ] GC(100) User=0.12s Sys=0.00s Real=0.12s
[38.506s][info][gc,start       ] GC(101) Pause Young (Normal) (G1 Evacuation Pause)
[38.506s][info][gc,task        ] GC(101) Using 1 workers of 1 for evacuation
[38.623s][info][gc,phases      ] GC(101)   Pre Evacuate Collection Set: 0.1ms
[38.623s][info][gc,phases      ] GC(101)   Evacuate Collection Set: 115.9ms
[38.623s][info][gc,phases      ] GC(101)   Post Evacuate Collection Set: 0.6ms
[38.623s][info][gc,phases      ] GC(101)   Other: 0.2ms
[38.623s][info][gc,heap        ] GC(101) Eden regions: 103->0(97)
[38.623s][info][gc,heap        ] GC(101) Survivor regions: 15->12(15)
[38.623s][info][gc,heap        ] GC(101) Old regions: 397->412
[38.623s][info][gc,heap        ] GC(101) Humongous regions: 234->234
[38.623s][info][gc,metaspace   ] GC(101) Metaspace: 63181K->63181K(1105920K)
[38.623s][info][gc             ] GC(101) Pause Young (Normal) (G1 Evacuation Pause) 747M->656M(1678M) 116.890ms
[38.623s][info][gc,cpu         ] GC(101) User=0.12s Sys=0.00s Real=0.12s
[38.885s][info][gc,start       ] GC(102) Pause Young (Normal) (G1 Evacuation Pause)
[38.885s][info][gc,task        ] GC(102) Using 1 workers of 1 for evacuation
[38.957s][info][gc,phases      ] GC(102)   Pre Evacuate Collection Set: 0.1ms
[38.957s][info][gc,phases      ] GC(102)   Evacuate Collection Set: 71.6ms
[38.957s][info][gc,phases      ] GC(102)   Post Evacuate Collection Set: 0.5ms
[38.957s][info][gc,phases      ] GC(102)   Other: 0.2ms
[38.957s][info][gc,heap        ] GC(102) Eden regions: 97->0(116)
[38.957s][info][gc,heap        ] GC(102) Survivor regions: 12->9(14)
[38.957s][info][gc,heap        ] GC(102) Old regions: 412->423
[38.957s][info][gc,heap        ] GC(102) Humongous regions: 239->239
[38.957s][info][gc,metaspace   ] GC(102) Metaspace: 63191K->63191K(1105920K)
[38.957s][info][gc             ] GC(102) Pause Young (Normal) (G1 Evacuation Pause) 758M->669M(1678M) 72.454ms
[38.957s][info][gc,cpu         ] GC(102) User=0.07s Sys=0.00s Real=0.08s
[39.235s][info][gc,start       ] GC(103) Pause Young (Normal) (G1 Evacuation Pause)
[39.235s][info][gc,task        ] GC(103) Using 1 workers of 1 for evacuation
[39.281s][info][gc,phases      ] GC(103)   Pre Evacuate Collection Set: 0.1ms
[39.281s][info][gc,phases      ] GC(103)   Evacuate Collection Set: 45.1ms
[39.281s][info][gc,phases      ] GC(103)   Post Evacuate Collection Set: 0.6ms
[39.281s][info][gc,phases      ] GC(103)   Other: 0.2ms
[39.281s][info][gc,heap        ] GC(103) Eden regions: 116->0(141)
[39.281s][info][gc,heap        ] GC(103) Survivor regions: 9->8(16)
[39.281s][info][gc,heap        ] GC(103) Old regions: 423->431
[39.281s][info][gc,heap        ] GC(103) Humongous regions: 239->239
[39.281s][info][gc,metaspace   ] GC(103) Metaspace: 63191K->63191K(1105920K)
[39.281s][info][gc             ] GC(103) Pause Young (Normal) (G1 Evacuation Pause) 785M->676M(1741M) 46.021ms
[39.281s][info][gc,cpu         ] GC(103) User=0.05s Sys=0.00s Real=0.05s
[40.009s][info][gc,start       ] GC(104) Pause Young (Normal) (G1 Evacuation Pause)
[40.009s][info][gc,task        ] GC(104) Using 1 workers of 1 for evacuation
[40.088s][info][gc,phases      ] GC(104)   Pre Evacuate Collection Set: 0.1ms
[40.088s][info][gc,phases      ] GC(104)   Evacuate Collection Set: 78.3ms
[40.088s][info][gc,phases      ] GC(104)   Post Evacuate Collection Set: 0.6ms
[40.088s][info][gc,phases      ] GC(104)   Other: 0.2ms
[40.088s][info][gc,heap        ] GC(104) Eden regions: 133->0(119)
[40.088s][info][gc,heap        ] GC(104) Survivor regions: 8->15(18)
[40.088s][info][gc,heap        ] GC(104) Old regions: 431->431
[40.088s][info][gc,heap        ] GC(104) Humongous regions: 253->253
[40.088s][info][gc,metaspace   ] GC(104) Metaspace: 63193K->63193K(1105920K)
[40.088s][info][gc             ] GC(104) Pause Young (Normal) (G1 Evacuation Pause) 823M->696M(1741M) 79.293ms
[40.088s][info][gc,cpu         ] GC(104) User=0.08s Sys=0.00s Real=0.08s
[40.485s][info][gc,start       ] GC(105) Pause Young (Normal) (G1 Evacuation Pause)
[40.485s][info][gc,task        ] GC(105) Using 1 workers of 1 for evacuation
[40.597s][info][gc,phases      ] GC(105)   Pre Evacuate Collection Set: 0.1ms
[40.597s][info][gc,phases      ] GC(105)   Evacuate Collection Set: 110.7ms
[40.597s][info][gc,phases      ] GC(105)   Post Evacuate Collection Set: 0.5ms
[40.597s][info][gc,phases      ] GC(105)   Other: 0.2ms
[40.597s][info][gc,heap        ] GC(105) Eden regions: 72->0(126)
[40.597s][info][gc,heap        ] GC(105) Survivor regions: 15->11(11)
[40.597s][info][gc,heap        ] GC(105) Old regions: 431->449
[40.597s][info][gc,heap        ] GC(105) Humongous regions: 265->265
[40.597s][info][gc,metaspace   ] GC(105) Metaspace: 63251K->63251K(1105920K)
[40.597s][info][gc             ] GC(105) Pause Young (Normal) (G1 Evacuation Pause) 780M->723M(1741M) 111.580ms
[40.597s][info][gc,cpu         ] GC(105) User=0.11s Sys=0.00s Real=0.11s
[40.895s][info][gc,start       ] GC(106) Pause Young (Normal) (G1 Evacuation Pause)
[40.896s][info][gc,task        ] GC(106) Using 1 workers of 1 for evacuation
[41.074s][info][gc,phases      ] GC(106)   Pre Evacuate Collection Set: 0.1ms
[41.074s][info][gc,phases      ] GC(106)   Evacuate Collection Set: 177.3ms
[41.074s][info][gc,phases      ] GC(106)   Post Evacuate Collection Set: 0.6ms
[41.074s][info][gc,phases      ] GC(106)   Other: 0.2ms
[41.074s][info][gc,heap        ] GC(106) Eden regions: 126->0(107)
[41.074s][info][gc,heap        ] GC(106) Survivor regions: 11->18(18)
[41.074s][info][gc,heap        ] GC(106) Old regions: 449->470
[41.074s][info][gc,heap        ] GC(106) Humongous regions: 281->281
[41.074s][info][gc,metaspace   ] GC(106) Metaspace: 63256K->63256K(1105920K)
[41.074s][info][gc             ] GC(106) Pause Young (Normal) (G1 Evacuation Pause) 865M->767M(1741M) 178.284ms
[41.074s][info][gc,cpu         ] GC(106) User=0.17s Sys=0.00s Real=0.18s
[41.348s][info][gc,start       ] GC(107) Pause Young (Normal) (G1 Evacuation Pause)
[41.348s][info][gc,task        ] GC(107) Using 1 workers of 1 for evacuation
[41.444s][info][gc,phases      ] GC(107)   Pre Evacuate Collection Set: 0.1ms
[41.444s][info][gc,phases      ] GC(107)   Evacuate Collection Set: 95.5ms
[41.444s][info][gc,phases      ] GC(107)   Post Evacuate Collection Set: 0.7ms
[41.444s][info][gc,phases      ] GC(107)   Other: 0.3ms
[41.444s][info][gc,heap        ] GC(107) Eden regions: 107->0(107)
[41.444s][info][gc,heap        ] GC(107) Survivor regions: 18->10(16)
[41.444s][info][gc,heap        ] GC(107) Old regions: 470->488
[41.444s][info][gc,heap        ] GC(107) Humongous regions: 286->286
[41.444s][info][gc,metaspace   ] GC(107) Metaspace: 63260K->63260K(1105920K)
[41.444s][info][gc             ] GC(107) Pause Young (Normal) (G1 Evacuation Pause) 879M->782M(1797M) 96.576ms
[41.444s][info][gc,cpu         ] GC(107) User=0.09s Sys=0.01s Real=0.10s
[41.718s][info][gc,start       ] GC(108) Pause Young (Normal) (G1 Evacuation Pause)
[41.718s][info][gc,task        ] GC(108) Using 1 workers of 1 for evacuation
[41.767s][info][gc,phases      ] GC(108)   Pre Evacuate Collection Set: 0.1ms
[41.767s][info][gc,phases      ] GC(108)   Evacuate Collection Set: 48.5ms
[41.767s][info][gc,phases      ] GC(108)   Post Evacuate Collection Set: 0.3ms
[41.767s][info][gc,phases      ] GC(108)   Other: 0.2ms
[41.767s][info][gc,heap        ] GC(108) Eden regions: 107->0(122)
[41.767s][info][gc,heap        ] GC(108) Survivor regions: 10->8(15)
[41.767s][info][gc,heap        ] GC(108) Old regions: 488->497
[41.767s][info][gc,heap        ] GC(108) Humongous regions: 286->286
[41.767s][info][gc,metaspace   ] GC(108) Metaspace: 63260K->63260K(1105920K)
[41.767s][info][gc             ] GC(108) Pause Young (Normal) (G1 Evacuation Pause) 889M->788M(1797M) 49.201ms
[41.767s][info][gc,cpu         ] GC(108) User=0.05s Sys=0.00s Real=0.04s
[42.068s][info][gc,start       ] GC(109) Pause Young (Normal) (G1 Evacuation Pause)
[42.068s][info][gc,task        ] GC(109) Using 1 workers of 1 for evacuation
[42.124s][info][gc,phases      ] GC(109)   Pre Evacuate Collection Set: 0.1ms
[42.124s][info][gc,phases      ] GC(109)   Evacuate Collection Set: 54.8ms
[42.124s][info][gc,phases      ] GC(109)   Post Evacuate Collection Set: 0.5ms
[42.124s][info][gc,phases      ] GC(109)   Other: 0.2ms
[42.124s][info][gc,heap        ] GC(109) Eden regions: 97->0(127)
[42.124s][info][gc,heap        ] GC(109) Survivor regions: 8->7(14)
[42.124s][info][gc,heap        ] GC(109) Old regions: 497->503
[42.124s][info][gc,heap        ] GC(109) Humongous regions: 295->295
[42.124s][info][gc,metaspace   ] GC(109) Metaspace: 63260K->63260K(1105920K)
[42.124s][info][gc             ] GC(109) Pause Young (Normal) (G1 Evacuation Pause) 894M->802M(1797M) 55.666ms
[42.124s][info][gc,cpu         ] GC(109) User=0.06s Sys=0.00s Real=0.06s
[42.759s][info][gc,start       ] GC(110) Pause Young (Concurrent Start) (G1 Humongous Allocation)
[42.760s][info][gc,task        ] GC(110) Using 1 workers of 1 for evacuation
[42.823s][info][gc,phases      ] GC(110)   Pre Evacuate Collection Set: 0.3ms
[42.823s][info][gc,phases      ] GC(110)   Evacuate Collection Set: 62.8ms
[42.823s][info][gc,phases      ] GC(110)   Post Evacuate Collection Set: 0.7ms
[42.824s][info][gc,phases      ] GC(110)   Other: 0.3ms
[42.824s][info][gc,heap        ] GC(110) Eden regions: 79->0(174)
[42.824s][info][gc,heap        ] GC(110) Survivor regions: 7->12(17)
[42.824s][info][gc,heap        ] GC(110) Old regions: 503->503
[42.824s][info][gc,heap        ] GC(110) Humongous regions: 306->301
[42.824s][info][gc,metaspace   ] GC(110) Metaspace: 63329K->63329K(1105920K)
[42.824s][info][gc             ] GC(110) Pause Young (Concurrent Start) (G1 Humongous Allocation) 892M->813M(1797M) 64.128ms
[42.824s][info][gc,cpu         ] GC(110) User=0.07s Sys=0.00s Real=0.06s
[42.824s][info][gc             ] GC(111) Concurrent Cycle
[42.824s][info][gc,marking     ] GC(111) Concurrent Clear Claimed Marks
[42.824s][info][gc,marking     ] GC(111) Concurrent Clear Claimed Marks 0.222ms
[42.824s][info][gc,marking     ] GC(111) Concurrent Scan Root Regions
[42.850s][info][gc,marking     ] GC(111) Concurrent Scan Root Regions 26.169ms
[42.850s][info][gc,marking     ] GC(111) Concurrent Mark (42.850s)
[42.850s][info][gc,marking     ] GC(111) Concurrent Mark From Roots
[42.850s][info][gc,task        ] GC(111) Using 1 workers of 1 for marking
[43.203s][info][gc,marking     ] GC(111) Concurrent Mark From Roots 352.923ms
[43.203s][info][gc,marking     ] GC(111) Concurrent Preclean
[43.203s][info][gc,marking     ] GC(111) Concurrent Preclean 0.090ms
[43.203s][info][gc,marking     ] GC(111) Concurrent Mark (42.850s, 43.203s) 353.093ms
[43.205s][info][gc,start       ] GC(111) Pause Remark
[43.220s][info][gc,stringtable ] GC(111) Cleaned string and symbol table, strings: 22592 processed, 215 removed, symbols: 136907 processed, 14 removed
[43.220s][info][gc             ] GC(111) Pause Remark 850M->279M(1797M) 15.194ms
[43.220s][info][gc,cpu         ] GC(111) User=0.02s Sys=0.00s Real=0.02s
[43.223s][info][gc,marking     ] GC(111) Concurrent Rebuild Remembered Sets
[43.716s][info][gc,marking     ] GC(111) Concurrent Rebuild Remembered Sets 493.274ms
[43.721s][info][gc,start       ] GC(111) Pause Cleanup
[43.722s][info][gc             ] GC(111) Pause Cleanup 336M->336M(1797M) 0.473ms
[43.722s][info][gc,cpu         ] GC(111) User=0.00s Sys=0.00s Real=0.00s
[43.722s][info][gc,marking     ] GC(111) Concurrent Cleanup for Next Mark
[43.732s][info][gc,marking     ] GC(111) Concurrent Cleanup for Next Mark 9.801ms
[43.732s][info][gc             ] GC(111) Concurrent Cycle 908.029ms
[43.873s][info][gc,start       ] GC(112) Pause Young (Normal) (G1 Evacuation Pause)
[43.873s][info][gc,task        ] GC(112) Using 1 workers of 1 for evacuation
[43.961s][info][gc,phases      ] GC(112)   Pre Evacuate Collection Set: 0.1ms
[43.961s][info][gc,phases      ] GC(112)   Evacuate Collection Set: 86.2ms
[43.961s][info][gc,phases      ] GC(112)   Post Evacuate Collection Set: 0.8ms
[43.961s][info][gc,phases      ] GC(112)   Other: 0.2ms
[43.961s][info][gc,heap        ] GC(112) Eden regions: 99->0(84)
[43.961s][info][gc,heap        ] GC(112) Survivor regions: 12->14(14)
[43.961s][info][gc,heap        ] GC(112) Old regions: 222->230
[43.961s][info][gc,heap        ] GC(112) Humongous regions: 31->31
[43.961s][info][gc,metaspace   ] GC(112) Metaspace: 63547K->63547K(1105920K)
[43.961s][info][gc             ] GC(112) Pause Young (Normal) (G1 Evacuation Pause) 362M->273M(1828M) 87.343ms
[43.961s][info][gc,cpu         ] GC(112) User=0.09s Sys=0.00s Real=0.09s
[44.456s][info][gc,start       ] GC(113) Pause Young (Normal) (G1 Evacuation Pause)
[44.456s][info][gc,task        ] GC(113) Using 1 workers of 1 for evacuation
[44.549s][info][gc,phases      ] GC(113)   Pre Evacuate Collection Set: 0.1ms
[44.549s][info][gc,phases      ] GC(113)   Evacuate Collection Set: 92.6ms
[44.549s][info][gc,phases      ] GC(113)   Post Evacuate Collection Set: 0.7ms
[44.549s][info][gc,phases      ] GC(113)   Other: 0.3ms
[44.549s][info][gc,heap        ] GC(113) Eden regions: 84->0(93)
[44.549s][info][gc,heap        ] GC(113) Survivor regions: 14->13(13)
[44.549s][info][gc,heap        ] GC(113) Old regions: 230->244
[44.549s][info][gc,heap        ] GC(113) Humongous regions: 42->42
[44.549s][info][gc,metaspace   ] GC(113) Metaspace: 63562K->63562K(1105920K)
[44.549s][info][gc             ] GC(113) Pause Young (Normal) (G1 Evacuation Pause) 368M->296M(1828M) 93.672ms
[44.549s][info][gc,cpu         ] GC(113) User=0.10s Sys=0.00s Real=0.10s
[45.287s][info][gc,start       ] GC(114) Pause Young (Normal) (G1 Evacuation Pause)
[45.288s][info][gc,task        ] GC(114) Using 1 workers of 1 for evacuation
[45.402s][info][gc,phases      ] GC(114)   Pre Evacuate Collection Set: 0.1ms
[45.402s][info][gc,phases      ] GC(114)   Evacuate Collection Set: 114.0ms
[45.403s][info][gc,phases      ] GC(114)   Post Evacuate Collection Set: 0.7ms
[45.403s][info][gc,phases      ] GC(114)   Other: 0.3ms
[45.403s][info][gc,heap        ] GC(114) Eden regions: 93->0(89)
[45.403s][info][gc,heap        ] GC(114) Survivor regions: 13->12(14)
[45.403s][info][gc,heap        ] GC(114) Old regions: 244->256
[45.403s][info][gc,heap        ] GC(114) Humongous regions: 58->53
[45.403s][info][gc,metaspace   ] GC(114) Metaspace: 63958K->63958K(1105920K)
[45.403s][info][gc             ] GC(114) Pause Young (Normal) (G1 Evacuation Pause) 405M->319M(1828M) 115.160ms
[45.403s][info][gc,cpu         ] GC(114) User=0.11s Sys=0.00s Real=0.12s
[45.882s][info][gc,start       ] GC(115) Pause Young (Normal) (G1 Evacuation Pause)
[45.883s][info][gc,task        ] GC(115) Using 1 workers of 1 for evacuation
[45.975s][info][gc,phases      ] GC(115)   Pre Evacuate Collection Set: 0.1ms
[45.975s][info][gc,phases      ] GC(115)   Evacuate Collection Set: 91.6ms
[45.975s][info][gc,phases      ] GC(115)   Post Evacuate Collection Set: 0.6ms
[45.975s][info][gc,phases      ] GC(115)   Other: 0.2ms
[45.975s][info][gc,heap        ] GC(115) Eden regions: 89->0(99)
[45.975s][info][gc,heap        ] GC(115) Survivor regions: 12->13(13)
[45.975s][info][gc,heap        ] GC(115) Old regions: 256->271
[45.975s][info][gc,heap        ] GC(115) Humongous regions: 70->70
[45.975s][info][gc,metaspace   ] GC(115) Metaspace: 63966K->63966K(1105920K)
[45.975s][info][gc             ] GC(115) Pause Young (Normal) (G1 Evacuation Pause) 425M->352M(1828M) 92.515ms
[45.975s][info][gc,cpu         ] GC(115) User=0.09s Sys=0.00s Real=0.09s
[46.688s][info][gc,start       ] GC(116) Pause Young (Normal) (G1 Evacuation Pause)
[46.688s][info][gc,task        ] GC(116) Using 1 workers of 1 for evacuation
[46.921s][info][gc,mmu         ] GC(116) MMU target violated: 201.0ms (200.0ms/201.0ms)
[46.921s][info][gc,phases      ] GC(116)   Pre Evacuate Collection Set: 0.1ms
[46.921s][info][gc,phases      ] GC(116)   Evacuate Collection Set: 231.2ms
[46.921s][info][gc,phases      ] GC(116)   Post Evacuate Collection Set: 0.9ms
[46.921s][info][gc,phases      ] GC(116)   Other: 0.3ms
[46.921s][info][gc,heap        ] GC(116) Eden regions: 99->0(79)
[46.921s][info][gc,heap        ] GC(116) Survivor regions: 13->14(14)
[46.921s][info][gc,heap        ] GC(116) Old regions: 271->287
[46.921s][info][gc,heap        ] GC(116) Humongous regions: 91->86
[46.921s][info][gc,metaspace   ] GC(116) Metaspace: 64097K->64097K(1105920K)
[46.921s][info][gc             ] GC(116) Pause Young (Normal) (G1 Evacuation Pause) 472M->385M(1861M) 232.492ms
[46.921s][info][gc,cpu         ] GC(116) User=0.23s Sys=0.00s Real=0.24s
[47.930s][info][gc,start       ] GC(117) Pause Young (Normal) (G1 Evacuation Pause)
[47.930s][info][gc,task        ] GC(117) Using 1 workers of 1 for evacuation
[47.982s][info][gc,phases      ] GC(117)   Pre Evacuate Collection Set: 0.1ms
[47.982s][info][gc,phases      ] GC(117)   Evacuate Collection Set: 51.4ms
[47.982s][info][gc,phases      ] GC(117)   Post Evacuate Collection Set: 0.4ms
[47.982s][info][gc,phases      ] GC(117)   Other: 0.3ms
[47.982s][info][gc,heap        ] GC(117) Eden regions: 79->0(94)
[47.982s][info][gc,heap        ] GC(117) Survivor regions: 14->2(12)
[47.982s][info][gc,heap        ] GC(117) Old regions: 287->301
[47.982s][info][gc,heap        ] GC(117) Humongous regions: 86->86
[47.982s][info][gc,metaspace   ] GC(117) Metaspace: 64137K->64137K(1105920K)
[47.982s][info][gc             ] GC(117) Pause Young (Normal) (G1 Evacuation Pause) 464M->387M(1861M) 52.247ms
[47.982s][info][gc,cpu         ] GC(117) User=0.05s Sys=0.00s Real=0.05s
[48.830s][info][gc,start       ] GC(118) Pause Young (Normal) (G1 Evacuation Pause)
[48.830s][info][gc,task        ] GC(118) Using 1 workers of 1 for evacuation
[48.878s][info][gc,phases      ] GC(118)   Pre Evacuate Collection Set: 0.1ms
[48.878s][info][gc,phases      ] GC(118)   Evacuate Collection Set: 46.8ms
[48.878s][info][gc,phases      ] GC(118)   Post Evacuate Collection Set: 0.5ms
[48.878s][info][gc,phases      ] GC(118)   Other: 0.2ms
[48.878s][info][gc,heap        ] GC(118) Eden regions: 94->0(96)
[48.878s][info][gc,heap        ] GC(118) Survivor regions: 2->12(12)
[48.878s][info][gc,heap        ] GC(118) Old regions: 301->302
[48.878s][info][gc,heap        ] GC(118) Humongous regions: 97->97
[48.878s][info][gc,metaspace   ] GC(118) Metaspace: 64139K->64139K(1105920K)
[48.878s][info][gc             ] GC(118) Pause Young (Normal) (G1 Evacuation Pause) 492M->409M(1861M) 47.720ms
[48.878s][info][gc,cpu         ] GC(118) User=0.05s Sys=0.00s Real=0.05s
[49.283s][info][gc,start       ] GC(119) Pause Young (Normal) (G1 Evacuation Pause)
[49.283s][info][gc,task        ] GC(119) Using 1 workers of 1 for evacuation
[49.360s][info][gc,phases      ] GC(119)   Pre Evacuate Collection Set: 0.1ms
[49.360s][info][gc,phases      ] GC(119)   Evacuate Collection Set: 76.6ms
[49.360s][info][gc,phases      ] GC(119)   Post Evacuate Collection Set: 0.5ms
[49.360s][info][gc,phases      ] GC(119)   Other: 0.2ms
[49.360s][info][gc,heap        ] GC(119) Eden regions: 96->0(104)
[49.360s][info][gc,heap        ] GC(119) Survivor regions: 12->12(14)
[49.360s][info][gc,heap        ] GC(119) Old regions: 302->314
[49.360s][info][gc,heap        ] GC(119) Humongous regions: 108->108
[49.360s][info][gc,metaspace   ] GC(119) Metaspace: 64164K->64164K(1105920K)
[49.360s][info][gc             ] GC(119) Pause Young (Normal) (G1 Evacuation Pause) 516M->431M(1861M) 77.446ms
[49.360s][info][gc,cpu         ] GC(119) User=0.08s Sys=0.00s Real=0.08s
[50.069s][info][gc,start       ] GC(120) Pause Young (Normal) (G1 Evacuation Pause)
[50.069s][info][gc,task        ] GC(120) Using 1 workers of 1 for evacuation
[50.194s][info][gc,phases      ] GC(120)   Pre Evacuate Collection Set: 0.1ms
[50.194s][info][gc,phases      ] GC(120)   Evacuate Collection Set: 124.0ms
[50.194s][info][gc,phases      ] GC(120)   Post Evacuate Collection Set: 0.4ms
[50.194s][info][gc,phases      ] GC(120)   Other: 0.3ms
[50.194s][info][gc,heap        ] GC(120) Eden regions: 104->0(98)
[50.194s][info][gc,heap        ] GC(120) Survivor regions: 12->9(15)
[50.194s][info][gc,heap        ] GC(120) Old regions: 314->325
[50.194s][info][gc,heap        ] GC(120) Humongous regions: 116->111
[50.194s][info][gc,metaspace   ] GC(120) Metaspace: 64209K->64209K(1105920K)
[50.194s][info][gc             ] GC(120) Pause Young (Normal) (G1 Evacuation Pause) 543M->442M(1861M) 124.770ms
[50.194s][info][gc,cpu         ] GC(120) User=0.12s Sys=0.00s Real=0.12s
[51.369s][info][gc,start       ] GC(121) Pause Young (Normal) (G1 Evacuation Pause)
[51.369s][info][gc,task        ] GC(121) Using 1 workers of 1 for evacuation
[51.444s][info][gc,phases      ] GC(121)   Pre Evacuate Collection Set: 0.1ms
[51.444s][info][gc,phases      ] GC(121)   Evacuate Collection Set: 74.1ms
[51.444s][info][gc,phases      ] GC(121)   Post Evacuate Collection Set: 0.3ms
[51.444s][info][gc,phases      ] GC(121)   Other: 0.3ms
[51.444s][info][gc,heap        ] GC(121) Eden regions: 98->0(104)
[51.444s][info][gc,heap        ] GC(121) Survivor regions: 9->14(14)
[51.444s][info][gc,heap        ] GC(121) Old regions: 325->333
[51.444s][info][gc,heap        ] GC(121) Humongous regions: 114->114
[51.444s][info][gc,metaspace   ] GC(121) Metaspace: 64216K->64216K(1105920K)
[51.444s][info][gc             ] GC(121) Pause Young (Normal) (G1 Evacuation Pause) 543M->459M(1861M) 74.915ms
[51.444s][info][gc,cpu         ] GC(121) User=0.08s Sys=0.00s Real=0.07s
[53.976s][info][gc,start       ] GC(122) Pause Young (Normal) (G1 Evacuation Pause)
[53.976s][info][gc,task        ] GC(122) Using 1 workers of 1 for evacuation
[54.099s][info][gc,phases      ] GC(122)   Pre Evacuate Collection Set: 0.1ms
[54.099s][info][gc,phases      ] GC(122)   Evacuate Collection Set: 122.3ms
[54.099s][info][gc,phases      ] GC(122)   Post Evacuate Collection Set: 0.7ms
[54.099s][info][gc,phases      ] GC(122)   Other: 0.3ms
[54.099s][info][gc,heap        ] GC(122) Eden regions: 104->0(115)
[54.099s][info][gc,heap        ] GC(122) Survivor regions: 14->8(15)
[54.099s][info][gc,heap        ] GC(122) Old regions: 333->347
[54.099s][info][gc,heap        ] GC(122) Humongous regions: 195->149
[54.099s][info][gc,metaspace   ] GC(122) Metaspace: 65875K->65875K(1107968K)
[54.099s][info][gc             ] GC(122) Pause Young (Normal) (G1 Evacuation Pause) 644M->502M(1887M) 123.430ms
[54.099s][info][gc,cpu         ] GC(122) User=0.12s Sys=0.00s Real=0.13s
[54.583s][info][gc,start       ] GC(123) Pause Young (Normal) (G1 Evacuation Pause)
[54.583s][info][gc,task        ] GC(123) Using 1 workers of 1 for evacuation
[54.691s][info][gc,phases      ] GC(123)   Pre Evacuate Collection Set: 0.1ms
[54.691s][info][gc,phases      ] GC(123)   Evacuate Collection Set: 106.8ms
[54.691s][info][gc,phases      ] GC(123)   Post Evacuate Collection Set: 0.5ms
[54.691s][info][gc,phases      ] GC(123)   Other: 0.2ms
[54.691s][info][gc,heap        ] GC(123) Eden regions: 115->0(117)
[54.691s][info][gc,heap        ] GC(123) Survivor regions: 8->16(16)
[54.691s][info][gc,heap        ] GC(123) Old regions: 347->357
[54.691s][info][gc,heap        ] GC(123) Humongous regions: 164->164
[54.691s][info][gc,metaspace   ] GC(123) Metaspace: 65875K->65875K(1107968K)
[54.691s][info][gc             ] GC(123) Pause Young (Normal) (G1 Evacuation Pause) 632M->535M(1887M) 107.739ms
[54.691s][info][gc,cpu         ] GC(123) User=0.10s Sys=0.00s Real=0.11s
[55.917s][info][gc,start       ] GC(124) Pause Young (Normal) (G1 Evacuation Pause)
[55.917s][info][gc,task        ] GC(124) Using 1 workers of 1 for evacuation
[56.035s][info][gc,phases      ] GC(124)   Pre Evacuate Collection Set: 0.1ms
[56.035s][info][gc,phases      ] GC(124)   Evacuate Collection Set: 116.4ms
[56.035s][info][gc,phases      ] GC(124)   Post Evacuate Collection Set: 0.6ms
[56.035s][info][gc,phases      ] GC(124)   Other: 0.3ms
[56.035s][info][gc,heap        ] GC(124) Eden regions: 117->0(120)
[56.035s][info][gc,heap        ] GC(124) Survivor regions: 16->12(17)
[56.035s][info][gc,heap        ] GC(124) Old regions: 357->373
[56.035s][info][gc,heap        ] GC(124) Humongous regions: 228->166
[56.035s][info][gc,metaspace   ] GC(124) Metaspace: 65911K->65911K(1107968K)
[56.035s][info][gc             ] GC(124) Pause Young (Normal) (G1 Evacuation Pause) 716M->549M(1887M) 117.464ms
[56.035s][info][gc,cpu         ] GC(124) User=0.12s Sys=0.00s Real=0.11s
[56.334s][info][gc,start       ] GC(125) Pause Young (Normal) (G1 Evacuation Pause)
[56.334s][info][gc,task        ] GC(125) Using 1 workers of 1 for evacuation
[56.448s][info][gc,phases      ] GC(125)   Pre Evacuate Collection Set: 0.1ms
[56.449s][info][gc,phases      ] GC(125)   Evacuate Collection Set: 114.2ms
[56.449s][info][gc,phases      ] GC(125)   Post Evacuate Collection Set: 0.5ms
[56.449s][info][gc,phases      ] GC(125)   Other: 0.2ms
[56.449s][info][gc,heap        ] GC(125) Eden regions: 120->0(119)
[56.449s][info][gc,heap        ] GC(125) Survivor regions: 12->17(17)
[56.449s][info][gc,heap        ] GC(125) Old regions: 373->385
[56.449s][info][gc,heap        ] GC(125) Humongous regions: 204->197
[56.449s][info][gc,metaspace   ] GC(125) Metaspace: 65922K->65922K(1107968K)
[56.449s][info][gc             ] GC(125) Pause Young (Normal) (G1 Evacuation Pause) 707M->597M(1887M) 115.175ms
[56.449s][info][gc,cpu         ] GC(125) User=0.11s Sys=0.01s Real=0.12s
[57.149s][info][gc,start       ] GC(126) Pause Young (Normal) (G1 Evacuation Pause)
[57.149s][info][gc,task        ] GC(126) Using 1 workers of 1 for evacuation
[57.279s][info][gc,phases      ] GC(126)   Pre Evacuate Collection Set: 0.1ms
[57.279s][info][gc,phases      ] GC(126)   Evacuate Collection Set: 129.0ms
[57.279s][info][gc,phases      ] GC(126)   Post Evacuate Collection Set: 0.7ms
[57.279s][info][gc,phases      ] GC(126)   Other: 0.3ms
[57.279s][info][gc,heap        ] GC(126) Eden regions: 119->0(121)
[57.279s][info][gc,heap        ] GC(126) Survivor regions: 17->15(17)
[57.279s][info][gc,heap        ] GC(126) Old regions: 385->402
[57.279s][info][gc,heap        ] GC(126) Humongous regions: 275->232
[57.279s][info][gc,metaspace   ] GC(126) Metaspace: 65938K->65938K(1107968K)
[57.279s][info][gc             ] GC(126) Pause Young (Normal) (G1 Evacuation Pause) 794M->647M(1897M) 130.193ms
[57.279s][info][gc,cpu         ] GC(126) User=0.12s Sys=0.00s Real=0.14s
[57.545s][info][gc,start       ] GC(127) Pause Young (Normal) (G1 Evacuation Pause)
[57.545s][info][gc,task        ] GC(127) Using 1 workers of 1 for evacuation
[57.677s][info][gc,phases      ] GC(127)   Pre Evacuate Collection Set: 0.1ms
[57.677s][info][gc,phases      ] GC(127)   Evacuate Collection Set: 130.1ms
[57.677s][info][gc,phases      ] GC(127)   Post Evacuate Collection Set: 1.2ms
[57.677s][info][gc,phases      ] GC(127)   Other: 0.4ms
[57.677s][info][gc,heap        ] GC(127) Eden regions: 121->0(77)
[57.677s][info][gc,heap        ] GC(127) Survivor regions: 15->17(17)
[57.677s][info][gc,heap        ] GC(127) Old regions: 402->428
[57.677s][info][gc,heap        ] GC(127) Humongous regions: 254->234
[57.677s][info][gc,metaspace   ] GC(127) Metaspace: 65978K->65978K(1107968K)
[57.677s][info][gc             ] GC(127) Pause Young (Normal) (G1 Evacuation Pause) 790M->677M(1897M) 132.013ms
[57.677s][info][gc,cpu         ] GC(127) User=0.13s Sys=0.00s Real=0.14s
[57.860s][info][gc,start       ] GC(128) Pause Young (Normal) (G1 Evacuation Pause)
[57.860s][info][gc,task        ] GC(128) Using 1 workers of 1 for evacuation
[57.913s][info][gc,phases      ] GC(128)   Pre Evacuate Collection Set: 0.1ms
[57.913s][info][gc,phases      ] GC(128)   Evacuate Collection Set: 52.3ms
[57.913s][info][gc,phases      ] GC(128)   Post Evacuate Collection Set: 0.3ms
[57.913s][info][gc,phases      ] GC(128)   Other: 0.2ms
[57.913s][info][gc,heap        ] GC(128) Eden regions: 77->0(107)
[57.913s][info][gc,heap        ] GC(128) Survivor regions: 17->1(12)
[57.913s][info][gc,heap        ] GC(128) Old regions: 428->445
[57.913s][info][gc,heap        ] GC(128) Humongous regions: 234->234
[57.913s][info][gc,metaspace   ] GC(128) Metaspace: 65978K->65978K(1107968K)
[57.913s][info][gc             ] GC(128) Pause Young (Normal) (G1 Evacuation Pause) 754M->678M(1897M) 53.022ms
[57.913s][info][gc,cpu         ] GC(128) User=0.06s Sys=0.00s Real=0.05s
[58.017s][info][gc,start       ] GC(129) Pause Young (Normal) (G1 Evacuation Pause)
[58.017s][info][gc,task        ] GC(129) Using 1 workers of 1 for evacuation
[58.019s][info][gc,phases      ] GC(129)   Pre Evacuate Collection Set: 0.1ms
[58.019s][info][gc,phases      ] GC(129)   Evacuate Collection Set: 1.8ms
[58.019s][info][gc,phases      ] GC(129)   Post Evacuate Collection Set: 0.3ms
[58.019s][info][gc,phases      ] GC(129)   Other: 0.2ms
[58.019s][info][gc,heap        ] GC(129) Eden regions: 107->0(140)
[58.019s][info][gc,heap        ] GC(129) Survivor regions: 1->1(14)
[58.019s][info][gc,heap        ] GC(129) Old regions: 445->445
[58.019s][info][gc,heap        ] GC(129) Humongous regions: 234->234
[58.019s][info][gc,metaspace   ] GC(129) Metaspace: 65978K->65978K(1107968K)
[58.019s][info][gc             ] GC(129) Pause Young (Normal) (G1 Evacuation Pause) 785M->678M(1897M) 2.382ms
[58.019s][info][gc,cpu         ] GC(129) User=0.00s Sys=0.00s Real=0.00s
[58.205s][info][gc,start       ] GC(130) Pause Young (Normal) (G1 Evacuation Pause)
[58.205s][info][gc,task        ] GC(130) Using 1 workers of 1 for evacuation
[58.208s][info][gc,phases      ] GC(130)   Pre Evacuate Collection Set: 0.1ms
[58.208s][info][gc,phases      ] GC(130)   Evacuate Collection Set: 2.0ms
[58.208s][info][gc,phases      ] GC(130)   Post Evacuate Collection Set: 0.3ms
[58.208s][info][gc,phases      ] GC(130)   Other: 0.2ms
[58.208s][info][gc,heap        ] GC(130) Eden regions: 140->0(193)
[58.208s][info][gc,heap        ] GC(130) Survivor regions: 1->1(18)
[58.208s][info][gc,heap        ] GC(130) Old regions: 445->445
[58.208s][info][gc,heap        ] GC(130) Humongous regions: 234->234
[58.208s][info][gc,metaspace   ] GC(130) Metaspace: 65978K->65978K(1107968K)
[58.208s][info][gc             ] GC(130) Pause Young (Normal) (G1 Evacuation Pause) 818M->678M(1897M) 2.714ms
[58.208s][info][gc,cpu         ] GC(130) User=0.00s Sys=0.00s Real=0.00s
[58.617s][info][gc,start       ] GC(131) Pause Young (Normal) (G1 Evacuation Pause)
[58.617s][info][gc,task        ] GC(131) Using 1 workers of 1 for evacuation
[58.694s][info][gc,phases      ] GC(131)   Pre Evacuate Collection Set: 0.1ms
[58.694s][info][gc,phases      ] GC(131)   Evacuate Collection Set: 75.2ms
[58.694s][info][gc,phases      ] GC(131)   Post Evacuate Collection Set: 0.8ms
[58.694s][info][gc,phases      ] GC(131)   Other: 0.3ms
[58.694s][info][gc,heap        ] GC(131) Eden regions: 193->0(185)
[58.694s][info][gc,heap        ] GC(131) Survivor regions: 1->25(25)
[58.694s][info][gc,heap        ] GC(131) Old regions: 445->462
[58.694s][info][gc,heap        ] GC(131) Humongous regions: 237->237
[58.694s][info][gc,metaspace   ] GC(131) Metaspace: 66105K->66105K(1107968K)
[58.694s][info][gc             ] GC(131) Pause Young (Normal) (G1 Evacuation Pause) 874M->722M(1897M) 76.360ms
[58.694s][info][gc,cpu         ] GC(131) User=0.07s Sys=0.00s Real=0.07s
[58.730s][info][gc,task        ] GC(132) Using 1 workers of 1 for full compaction
[58.730s][info][gc,start       ] GC(132) Pause Full (System.gc())
[58.731s][info][gc,phases,start] GC(132) Phase 1: Mark live objects
[58.914s][info][gc,stringtable ] GC(132) Cleaned string and symbol table, strings: 23232 processed, 31 removed, symbols: 139698 processed, 0 removed
[58.914s][info][gc,phases      ] GC(132) Phase 1: Mark live objects 183.078ms
[58.914s][info][gc,phases,start] GC(132) Phase 2: Prepare for compaction
[58.947s][info][gc,phases      ] GC(132) Phase 2: Prepare for compaction 33.005ms
[58.947s][info][gc,phases,start] GC(132) Phase 3: Adjust pointers
[59.047s][info][gc,phases      ] GC(132) Phase 3: Adjust pointers 100.293ms
[59.047s][info][gc,phases,start] GC(132) Phase 4: Compact heap
[59.102s][info][gc,phases      ] GC(132) Phase 4: Compact heap 55.304ms
[59.145s][info][gc,heap        ] GC(132) Eden regions: 13->0(175)
[59.145s][info][gc,heap        ] GC(132) Survivor regions: 25->0(25)
[59.145s][info][gc,heap        ] GC(132) Old regions: 462->137
[59.145s][info][gc,heap        ] GC(132) Humongous regions: 237->9
[59.145s][info][gc,metaspace   ] GC(132) Metaspace: 66110K->66110K(1107968K)
[59.145s][info][gc             ] GC(132) Pause Full (System.gc()) 734M->144M(487M) 414.778ms
[59.145s][info][gc,cpu         ] GC(132) User=0.37s Sys=0.03s Real=0.41s
[60.012s][info][gc,start       ] GC(133) Pause Young (Normal) (G1 Evacuation Pause)
[60.012s][info][gc,task        ] GC(133) Using 1 workers of 1 for evacuation
[60.092s][info][gc,phases      ] GC(133)   Pre Evacuate Collection Set: 0.0ms
[60.092s][info][gc,phases      ] GC(133)   Evacuate Collection Set: 79.5ms
[60.092s][info][gc,phases      ] GC(133)   Post Evacuate Collection Set: 0.4ms
[60.092s][info][gc,phases      ] GC(133)   Other: 0.3ms
[60.092s][info][gc,heap        ] GC(133) Eden regions: 175->0(156)
[60.092s][info][gc,heap        ] GC(133) Survivor regions: 0->22(22)
[60.092s][info][gc,heap        ] GC(133) Old regions: 137->147
[60.092s][info][gc,heap        ] GC(133) Humongous regions: 31->26
[60.092s][info][gc,metaspace   ] GC(133) Metaspace: 66290K->66290K(1107968K)
[60.092s][info][gc             ] GC(133) Pause Young (Normal) (G1 Evacuation Pause) 341M->193M(487M) 80.256ms
[60.093s][info][gc,cpu         ] GC(133) User=0.08s Sys=0.00s Real=0.08s
[60.502s][info][gc,start       ] GC(134) Pause Young (Normal) (G1 Evacuation Pause)
[60.502s][info][gc,task        ] GC(134) Using 1 workers of 1 for evacuation
[60.591s][info][gc,phases      ] GC(134)   Pre Evacuate Collection Set: 0.0ms
[60.591s][info][gc,phases      ] GC(134)   Evacuate Collection Set: 87.8ms
[60.591s][info][gc,phases      ] GC(134)   Post Evacuate Collection Set: 1.3ms
[60.592s][info][gc,phases      ] GC(134)   Other: 0.3ms
[60.592s][info][gc,heap        ] GC(134) Eden regions: 156->0(184)
[60.592s][info][gc,heap        ] GC(134) Survivor regions: 22->13(23)
[60.592s][info][gc,heap        ] GC(134) Old regions: 147->169
[60.592s][info][gc,heap        ] GC(134) Humongous regions: 31->31
[60.592s][info][gc,metaspace   ] GC(134) Metaspace: 66290K->66290K(1107968K)
[60.592s][info][gc             ] GC(134) Pause Young (Normal) (G1 Evacuation Pause) 354M->210M(788M) 89.455ms
[60.592s][info][gc,cpu         ] GC(134) User=0.09s Sys=0.00s Real=0.09s
[61.183s][info][gc,start       ] GC(135) Pause Young (Normal) (G1 Evacuation Pause)
[61.183s][info][gc,task        ] GC(135) Using 1 workers of 1 for evacuation
[61.281s][info][gc,phases      ] GC(135)   Pre Evacuate Collection Set: 0.0ms
[61.281s][info][gc,phases      ] GC(135)   Evacuate Collection Set: 97.0ms
[61.281s][info][gc,phases      ] GC(135)   Post Evacuate Collection Set: 0.6ms
[61.281s][info][gc,phases      ] GC(135)   Other: 0.4ms
[61.281s][info][gc,heap        ] GC(135) Eden regions: 184->0(175)
[61.281s][info][gc,heap        ] GC(135) Survivor regions: 13->22(25)
[61.281s][info][gc,heap        ] GC(135) Old regions: 169->169
[61.281s][info][gc,heap        ] GC(135) Humongous regions: 40->40
[61.281s][info][gc,metaspace   ] GC(135) Metaspace: 66291K->66291K(1107968K)
[61.281s][info][gc             ] GC(135) Pause Young (Normal) (G1 Evacuation Pause) 403M->228M(788M) 98.111ms
[61.281s][info][gc,cpu         ] GC(135) User=0.09s Sys=0.01s Real=0.10s
[61.920s][info][gc,start       ] GC(136) Pause Young (Normal) (G1 Evacuation Pause)
[61.920s][info][gc,task        ] GC(136) Using 1 workers of 1 for evacuation
[62.031s][info][gc,phases      ] GC(136)   Pre Evacuate Collection Set: 0.0ms
[62.031s][info][gc,phases      ] GC(136)   Evacuate Collection Set: 109.8ms
[62.031s][info][gc,phases      ] GC(136)   Post Evacuate Collection Set: 0.5ms
[62.031s][info][gc,phases      ] GC(136)   Other: 0.2ms
[62.031s][info][gc,heap        ] GC(136) Eden regions: 70->0(182)
[62.031s][info][gc,heap        ] GC(136) Survivor regions: 22->5(12)
[62.031s][info][gc,heap        ] GC(136) Old regions: 169->190
[62.031s][info][gc,heap        ] GC(136) Humongous regions: 45->45
[62.031s][info][gc,metaspace   ] GC(136) Metaspace: 66292K->66292K(1107968K)
[62.031s][info][gc             ] GC(136) Pause Young (Normal) (G1 Evacuation Pause) 303M->237M(788M) 110.659ms
[62.031s][info][gc,cpu         ] GC(136) User=0.11s Sys=0.00s Real=0.11s
[62.553s][info][gc,start       ] GC(137) Pause Young (Normal) (G1 Evacuation Pause)
[62.554s][info][gc,task        ] GC(137) Using 1 workers of 1 for evacuation
[62.662s][info][gc,phases      ] GC(137)   Pre Evacuate Collection Set: 0.0ms
[62.662s][info][gc,phases      ] GC(137)   Evacuate Collection Set: 107.8ms
[62.662s][info][gc,phases      ] GC(137)   Post Evacuate Collection Set: 0.5ms
[62.662s][info][gc,phases      ] GC(137)   Other: 0.2ms
[62.662s][info][gc,heap        ] GC(137) Eden regions: 182->0(167)
[62.662s][info][gc,heap        ] GC(137) Survivor regions: 5->24(24)
[62.662s][info][gc,heap        ] GC(137) Old regions: 190->204
[62.662s][info][gc,heap        ] GC(137) Humongous regions: 62->62
[62.662s][info][gc,metaspace   ] GC(137) Metaspace: 66303K->66303K(1107968K)
[62.662s][info][gc             ] GC(137) Pause Young (Normal) (G1 Evacuation Pause) 436M->288M(788M) 108.571ms
[62.662s][info][gc,cpu         ] GC(137) User=0.10s Sys=0.00s Real=0.11s
[63.068s][info][gc,start       ] GC(138) Pause Young (Normal) (G1 Evacuation Pause)
[63.068s][info][gc,task        ] GC(138) Using 1 workers of 1 for evacuation
[63.158s][info][gc,phases      ] GC(138)   Pre Evacuate Collection Set: 0.0ms
[63.158s][info][gc,phases      ] GC(138)   Evacuate Collection Set: 88.0ms
[63.158s][info][gc,phases      ] GC(138)   Post Evacuate Collection Set: 1.5ms
[63.158s][info][gc,phases      ] GC(138)   Other: 0.2ms
[63.158s][info][gc,heap        ] GC(138) Eden regions: 167->0(188)
[63.158s][info][gc,heap        ] GC(138) Survivor regions: 24->13(24)
[63.158s][info][gc,heap        ] GC(138) Old regions: 204->228
[63.158s][info][gc,heap        ] GC(138) Humongous regions: 67->67
[63.158s][info][gc,metaspace   ] GC(138) Metaspace: 66303K->66303K(1107968K)
[63.158s][info][gc             ] GC(138) Pause Young (Normal) (G1 Evacuation Pause) 460M->305M(1085M) 89.847ms
[63.158s][info][gc,cpu         ] GC(138) User=0.09s Sys=0.00s Real=0.10s
[63.743s][info][gc,start       ] GC(139) Pause Young (Normal) (G1 Evacuation Pause)
[63.743s][info][gc,task        ] GC(139) Using 1 workers of 1 for evacuation
[63.834s][info][gc,phases      ] GC(139)   Pre Evacuate Collection Set: 0.0ms
[63.834s][info][gc,phases      ] GC(139)   Evacuate Collection Set: 89.8ms
[63.834s][info][gc,phases      ] GC(139)   Post Evacuate Collection Set: 0.6ms
[63.834s][info][gc,phases      ] GC(139)   Other: 0.6ms
[63.834s][info][gc,heap        ] GC(139) Eden regions: 188->0(102)
[63.834s][info][gc,heap        ] GC(139) Survivor regions: 13->22(26)
[63.834s][info][gc,heap        ] GC(139) Old regions: 228->228
[63.834s][info][gc,heap        ] GC(139) Humongous regions: 76->76
[63.834s][info][gc,metaspace   ] GC(139) Metaspace: 66303K->66303K(1107968K)
[63.834s][info][gc             ] GC(139) Pause Young (Normal) (G1 Evacuation Pause) 502M->323M(1085M) 91.175ms
[63.834s][info][gc,cpu         ] GC(139) User=0.09s Sys=0.01s Real=0.09s
[64.439s][info][gc,start       ] GC(140) Pause Young (Normal) (G1 Evacuation Pause)
[64.439s][info][gc,task        ] GC(140) Using 1 workers of 1 for evacuation
[64.541s][info][gc,phases      ] GC(140)   Pre Evacuate Collection Set: 0.0ms
[64.541s][info][gc,phases      ] GC(140)   Evacuate Collection Set: 100.6ms
[64.541s][info][gc,phases      ] GC(140)   Post Evacuate Collection Set: 0.6ms
[64.541s][info][gc,phases      ] GC(140)   Other: 0.2ms
[64.541s][info][gc,heap        ] GC(140) Eden regions: 53->0(174)
[64.541s][info][gc,heap        ] GC(140) Survivor regions: 22->3(10)
[64.541s][info][gc,heap        ] GC(140) Old regions: 228->249
[64.541s][info][gc,heap        ] GC(140) Humongous regions: 81->81
[64.541s][info][gc,metaspace   ] GC(140) Metaspace: 66316K->66316K(1107968K)
[64.541s][info][gc             ] GC(140) Pause Young (Normal) (G1 Evacuation Pause) 381M->331M(1085M) 101.539ms
[64.541s][info][gc,cpu         ] GC(140) User=0.10s Sys=0.00s Real=0.10s
[64.964s][info][gc,start       ] GC(141) Pause Young (Normal) (G1 Evacuation Pause)
[64.965s][info][gc,task        ] GC(141) Using 1 workers of 1 for evacuation
[65.060s][info][gc,phases      ] GC(141)   Pre Evacuate Collection Set: 0.0ms
[65.060s][info][gc,phases      ] GC(141)   Evacuate Collection Set: 95.2ms
[65.060s][info][gc,phases      ] GC(141)   Post Evacuate Collection Set: 0.5ms
[65.060s][info][gc,phases      ] GC(141)   Other: 0.3ms
[65.060s][info][gc,heap        ] GC(141) Eden regions: 174->0(155)
[65.060s][info][gc,heap        ] GC(141) Survivor regions: 3->23(23)
[65.060s][info][gc,heap        ] GC(141) Old regions: 249->263
[65.060s][info][gc,heap        ] GC(141) Humongous regions: 98->98
[65.060s][info][gc,metaspace   ] GC(141) Metaspace: 66317K->66317K(1107968K)
[65.061s][info][gc             ] GC(141) Pause Young (Normal) (G1 Evacuation Pause) 522M->382M(1085M) 96.067ms
[65.061s][info][gc,cpu         ] GC(141) User=0.10s Sys=0.00s Real=0.10s
[65.460s][info][gc,start       ] GC(142) Pause Young (Normal) (G1 Evacuation Pause)
[65.460s][info][gc,task        ] GC(142) Using 1 workers of 1 for evacuation
[65.543s][info][gc,phases      ] GC(142)   Pre Evacuate Collection Set: 0.0ms
[65.543s][info][gc,phases      ] GC(142)   Evacuate Collection Set: 81.8ms
[65.543s][info][gc,phases      ] GC(142)   Post Evacuate Collection Set: 1.1ms
[65.544s][info][gc,phases      ] GC(142)   Other: 0.3ms
[65.544s][info][gc,heap        ] GC(142) Eden regions: 155->0(177)
[65.544s][info][gc,heap        ] GC(142) Survivor regions: 23->11(23)
[65.544s][info][gc,heap        ] GC(142) Old regions: 263->287
[65.544s][info][gc,heap        ] GC(142) Humongous regions: 103->103
[65.544s][info][gc,metaspace   ] GC(142) Metaspace: 66318K->66318K(1107968K)
[65.544s][info][gc             ] GC(142) Pause Young (Normal) (G1 Evacuation Pause) 542M->399M(1266M) 83.274ms
[65.544s][info][gc,cpu         ] GC(142) User=0.08s Sys=0.00s Real=0.08s
[65.965s][info][gc,start       ] GC(143) Pause Young (Normal) (G1 Evacuation Pause)
[65.965s][info][gc,task        ] GC(143) Using 1 workers of 1 for evacuation
[66.044s][info][gc,phases      ] GC(143)   Pre Evacuate Collection Set: 0.0ms
[66.044s][info][gc,phases      ] GC(143)   Evacuate Collection Set: 78.1ms
[66.044s][info][gc,phases      ] GC(143)   Post Evacuate Collection Set: 0.6ms
[66.044s][info][gc,phases      ] GC(143)   Other: 0.2ms
[66.044s][info][gc,heap        ] GC(143) Eden regions: 136->0(162)
[66.044s][info][gc,heap        ] GC(143) Survivor regions: 11->9(19)
[66.044s][info][gc,heap        ] GC(143) Old regions: 287->296
[66.044s][info][gc,heap        ] GC(143) Humongous regions: 112->112
[66.044s][info][gc,metaspace   ] GC(143) Metaspace: 66318K->66318K(1107968K)
[66.044s][info][gc             ] GC(143) Pause Young (Normal) (G1 Evacuation Pause) 544M->414M(1266M) 78.981ms
[66.044s][info][gc,cpu         ] GC(143) User=0.07s Sys=0.01s Real=0.08s
[66.577s][info][gc,start       ] GC(144) Pause Young (Normal) (G1 Evacuation Pause)
[66.577s][info][gc,task        ] GC(144) Using 1 workers of 1 for evacuation
[66.651s][info][gc,phases      ] GC(144)   Pre Evacuate Collection Set: 0.1ms
[66.651s][info][gc,phases      ] GC(144)   Evacuate Collection Set: 73.2ms
[66.651s][info][gc,phases      ] GC(144)   Post Evacuate Collection Set: 0.5ms
[66.651s][info][gc,phases      ] GC(144)   Other: 0.2ms
[66.651s][info][gc,heap        ] GC(144) Eden regions: 79->0(170)
[66.651s][info][gc,heap        ] GC(144) Survivor regions: 9->5(11)
[66.651s][info][gc,heap        ] GC(144) Old regions: 296->304
[66.651s][info][gc,heap        ] GC(144) Humongous regions: 117->117
[66.651s][info][gc,metaspace   ] GC(144) Metaspace: 66325K->66325K(1107968K)
[66.651s][info][gc             ] GC(144) Pause Young (Normal) (G1 Evacuation Pause) 498M->424M(1266M) 74.023ms
[66.651s][info][gc,cpu         ] GC(144) User=0.07s Sys=0.00s Real=0.07s
[67.167s][info][gc,start       ] GC(145) Pause Young (Normal) (G1 Evacuation Pause)
[67.167s][info][gc,task        ] GC(145) Using 1 workers of 1 for evacuation
[67.277s][info][gc,phases      ] GC(145)   Pre Evacuate Collection Set: 0.1ms
[67.277s][info][gc,phases      ] GC(145)   Evacuate Collection Set: 109.3ms
[67.277s][info][gc,phases      ] GC(145)   Post Evacuate Collection Set: 0.6ms
[67.277s][info][gc,phases      ] GC(145)   Other: 0.3ms
[67.277s][info][gc,heap        ] GC(145) Eden regions: 117->0(122)
[67.277s][info][gc,heap        ] GC(145) Survivor regions: 5->16(16)
[67.277s][info][gc,heap        ] GC(145) Old regions: 304->324
[67.277s][info][gc,heap        ] GC(145) Humongous regions: 144->139
[67.277s][info][gc,metaspace   ] GC(145) Metaspace: 66358K->66358K(1107968K)
[67.277s][info][gc             ] GC(145) Pause Young (Normal) (G1 Evacuation Pause) 568M->477M(1266M) 110.276ms
[67.277s][info][gc,cpu         ] GC(145) User=0.11s Sys=0.00s Real=0.12s
[67.581s][info][gc,start       ] GC(146) Pause Young (Normal) (G1 Evacuation Pause)
[67.581s][info][gc,task        ] GC(146) Using 1 workers of 1 for evacuation
[67.703s][info][gc,phases      ] GC(146)   Pre Evacuate Collection Set: 0.1ms
[67.703s][info][gc,phases      ] GC(146)   Evacuate Collection Set: 120.1ms
[67.703s][info][gc,phases      ] GC(146)   Post Evacuate Collection Set: 1.3ms
[67.703s][info][gc,phases      ] GC(146)   Other: 0.2ms
[67.703s][info][gc,heap        ] GC(146) Eden regions: 122->0(97)
[67.703s][info][gc,heap        ] GC(146) Survivor regions: 16->15(18)
[67.703s][info][gc,heap        ] GC(146) Old regions: 324->340
[67.703s][info][gc,heap        ] GC(146) Humongous regions: 145->145
[67.703s][info][gc,metaspace   ] GC(146) Metaspace: 66358K->66358K(1107968K)
[67.703s][info][gc             ] GC(146) Pause Young (Normal) (G1 Evacuation Pause) 605M->498M(1389M) 121.812ms
[67.703s][info][gc,cpu         ] GC(146) User=0.12s Sys=0.00s Real=0.12s
[68.000s][info][gc,start       ] GC(147) Pause Young (Normal) (G1 Evacuation Pause)
[68.000s][info][gc,task        ] GC(147) Using 1 workers of 1 for evacuation
[68.089s][info][gc,phases      ] GC(147)   Pre Evacuate Collection Set: 0.1ms
[68.089s][info][gc,phases      ] GC(147)   Evacuate Collection Set: 88.8ms
[68.089s][info][gc,phases      ] GC(147)   Post Evacuate Collection Set: 0.4ms
[68.089s][info][gc,phases      ] GC(147)   Other: 0.2ms
[68.089s][info][gc,heap        ] GC(147) Eden regions: 97->0(135)
[68.089s][info][gc,heap        ] GC(147) Survivor regions: 15->9(14)
[68.089s][info][gc,heap        ] GC(147) Old regions: 340->354
[68.089s][info][gc,heap        ] GC(147) Humongous regions: 150->150
[68.089s][info][gc,metaspace   ] GC(147) Metaspace: 66358K->66358K(1107968K)
[68.089s][info][gc             ] GC(147) Pause Young (Normal) (G1 Evacuation Pause) 600M->511M(1389M) 89.589ms
[68.089s][info][gc,cpu         ] GC(147) User=0.09s Sys=0.00s Real=0.09s
[68.438s][info][gc,start       ] GC(148) Pause Young (Normal) (G1 Evacuation Pause)
[68.438s][info][gc,task        ] GC(148) Using 1 workers of 1 for evacuation
[68.484s][info][gc,phases      ] GC(148)   Pre Evacuate Collection Set: 0.1ms
[68.484s][info][gc,phases      ] GC(148)   Evacuate Collection Set: 45.8ms
[68.484s][info][gc,phases      ] GC(148)   Post Evacuate Collection Set: 0.4ms
[68.484s][info][gc,phases      ] GC(148)   Other: 0.3ms
[68.484s][info][gc,heap        ] GC(148) Eden regions: 135->0(158)
[68.484s][info][gc,heap        ] GC(148) Survivor regions: 9->16(18)
[68.484s][info][gc,heap        ] GC(148) Old regions: 354->354
[68.484s][info][gc,heap        ] GC(148) Humongous regions: 150->150
[68.484s][info][gc,metaspace   ] GC(148) Metaspace: 66358K->66358K(1107968K)
[68.485s][info][gc             ] GC(148) Pause Young (Normal) (G1 Evacuation Pause) 646M->518M(1389M) 46.663ms
[68.485s][info][gc,cpu         ] GC(148) User=0.05s Sys=0.00s Real=0.04s
[69.294s][info][gc,start       ] GC(149) Pause Young (Normal) (G1 Evacuation Pause)
[69.294s][info][gc,task        ] GC(149) Using 1 workers of 1 for evacuation
[69.450s][info][gc,phases      ] GC(149)   Pre Evacuate Collection Set: 0.1ms
[69.450s][info][gc,phases      ] GC(149)   Evacuate Collection Set: 154.5ms
[69.450s][info][gc,phases      ] GC(149)   Post Evacuate Collection Set: 0.7ms
[69.450s][info][gc,phases      ] GC(149)   Other: 0.3ms
[69.450s][info][gc,heap        ] GC(149) Eden regions: 132->0(51)
[69.450s][info][gc,heap        ] GC(149) Survivor regions: 16->18(19)
[69.450s][info][gc,heap        ] GC(149) Old regions: 354->361
[69.450s][info][gc,heap        ] GC(149) Humongous regions: 170->170
[69.450s][info][gc,metaspace   ] GC(149) Metaspace: 66381K->66381K(1107968K)
[69.450s][info][gc             ] GC(149) Pause Young (Normal) (G1 Evacuation Pause) 670M->547M(1389M) 155.652ms
[69.450s][info][gc,cpu         ] GC(149) User=0.13s Sys=0.00s Real=0.16s
[69.688s][info][gc,start       ] GC(150) Pause Young (Normal) (G1 Evacuation Pause)
[69.688s][info][gc,task        ] GC(150) Using 1 workers of 1 for evacuation
[69.823s][info][gc,phases      ] GC(150)   Pre Evacuate Collection Set: 0.1ms
[69.823s][info][gc,phases      ] GC(150)   Evacuate Collection Set: 134.0ms
[69.823s][info][gc,phases      ] GC(150)   Post Evacuate Collection Set: 0.8ms
[69.823s][info][gc,phases      ] GC(150)   Other: 0.2ms
[69.823s][info][gc,heap        ] GC(150) Eden regions: 51->0(69)
[69.823s][info][gc,heap        ] GC(150) Survivor regions: 18->9(9)
[69.823s][info][gc,heap        ] GC(150) Old regions: 361->382
[69.823s][info][gc,heap        ] GC(150) Humongous regions: 178->178
[69.823s][info][gc,metaspace   ] GC(150) Metaspace: 66381K->66381K(1107968K)
[69.823s][info][gc             ] GC(150) Pause Young (Normal) (G1 Evacuation Pause) 606M->567M(1510M) 135.187ms
[69.823s][info][gc,cpu         ] GC(150) User=0.12s Sys=0.00s Real=0.14s
[70.000s][info][gc,start       ] GC(151) Pause Young (Normal) (G1 Evacuation Pause)
[70.000s][info][gc,task        ] GC(151) Using 1 workers of 1 for evacuation
[70.124s][info][gc,phases      ] GC(151)   Pre Evacuate Collection Set: 0.1ms
[70.124s][info][gc,phases      ] GC(151)   Evacuate Collection Set: 123.1ms
[70.124s][info][gc,phases      ] GC(151)   Post Evacuate Collection Set: 0.4ms
[70.124s][info][gc,phases      ] GC(151)   Other: 0.2ms
[70.124s][info][gc,heap        ] GC(151) Eden regions: 69->0(65)
[70.124s][info][gc,heap        ] GC(151) Survivor regions: 9->10(10)
[70.124s][info][gc,heap        ] GC(151) Old regions: 382->402
[70.124s][info][gc,heap        ] GC(151) Humongous regions: 186->186
[70.124s][info][gc,metaspace   ] GC(151) Metaspace: 66382K->66382K(1107968K)
[70.124s][info][gc             ] GC(151) Pause Young (Normal) (G1 Evacuation Pause) 644M->596M(1510M) 123.902ms
[70.124s][info][gc,cpu         ] GC(151) User=0.11s Sys=0.01s Real=0.12s
[70.265s][info][gc,start       ] GC(152) Pause Young (Normal) (G1 Evacuation Pause)
[70.265s][info][gc,task        ] GC(152) Using 1 workers of 1 for evacuation
[70.315s][info][gc,phases      ] GC(152)   Pre Evacuate Collection Set: 0.1ms
[70.315s][info][gc,phases      ] GC(152)   Evacuate Collection Set: 48.9ms
[70.315s][info][gc,phases      ] GC(152)   Post Evacuate Collection Set: 0.3ms
[70.315s][info][gc,phases      ] GC(152)   Other: 0.2ms
[70.315s][info][gc,heap        ] GC(152) Eden regions: 65->0(71)
[70.315s][info][gc,heap        ] GC(152) Survivor regions: 10->8(10)
[70.315s][info][gc,heap        ] GC(152) Old regions: 402->412
[70.315s][info][gc,heap        ] GC(152) Humongous regions: 192->192
[70.315s][info][gc,metaspace   ] GC(152) Metaspace: 66383K->66383K(1107968K)
[70.315s][info][gc             ] GC(152) Pause Young (Normal) (G1 Evacuation Pause) 667M->610M(1510M) 49.515ms
[70.315s][info][gc,cpu         ] GC(152) User=0.05s Sys=0.00s Real=0.05s
[70.503s][info][gc,start       ] GC(153) Pause Young (Normal) (G1 Evacuation Pause)
[70.503s][info][gc,task        ] GC(153) Using 1 workers of 1 for evacuation
[70.550s][info][gc,phases      ] GC(153)   Pre Evacuate Collection Set: 0.1ms
[70.550s][info][gc,phases      ] GC(153)   Evacuate Collection Set: 46.8ms
[70.550s][info][gc,phases      ] GC(153)   Post Evacuate Collection Set: 0.4ms
[70.551s][info][gc,phases      ] GC(153)   Other: 0.2ms
[70.551s][info][gc,heap        ] GC(153) Eden regions: 71->0(92)
[70.551s][info][gc,heap        ] GC(153) Survivor regions: 8->7(10)
[70.551s][info][gc,heap        ] GC(153) Old regions: 412->420
[70.551s][info][gc,heap        ] GC(153) Humongous regions: 197->197
[70.551s][info][gc,metaspace   ] GC(153) Metaspace: 66383K->66383K(1107968K)
[70.551s][info][gc             ] GC(153) Pause Young (Normal) (G1 Evacuation Pause) 686M->622M(1510M) 47.576ms
[70.551s][info][gc,cpu         ] GC(153) User=0.04s Sys=0.00s Real=0.05s
[70.771s][info][gc,start       ] GC(154) Pause Young (Normal) (G1 Evacuation Pause)
[70.772s][info][gc,task        ] GC(154) Using 1 workers of 1 for evacuation
[70.843s][info][gc,phases      ] GC(154)   Pre Evacuate Collection Set: 0.1ms
[70.843s][info][gc,phases      ] GC(154)   Evacuate Collection Set: 70.8ms
[70.843s][info][gc,phases      ] GC(154)   Post Evacuate Collection Set: 0.7ms
[70.843s][info][gc,phases      ] GC(154)   Other: 0.3ms
[70.843s][info][gc,heap        ] GC(154) Eden regions: 92->0(99)
[70.843s][info][gc,heap        ] GC(154) Survivor regions: 7->7(13)
[70.843s][info][gc,heap        ] GC(154) Old regions: 420->426
[70.843s][info][gc,heap        ] GC(154) Humongous regions: 197->197
[70.843s][info][gc,metaspace   ] GC(154) Metaspace: 66385K->66385K(1107968K)
[70.843s][info][gc             ] GC(154) Pause Young (Normal) (G1 Evacuation Pause) 714M->628M(1606M) 71.932ms
[70.843s][info][gc,cpu         ] GC(154) User=0.07s Sys=0.00s Real=0.07s
[71.114s][info][gc,start       ] GC(155) Pause Young (Normal) (G1 Evacuation Pause)
[71.114s][info][gc,task        ] GC(155) Using 1 workers of 1 for evacuation
[71.147s][info][gc,phases      ] GC(155)   Pre Evacuate Collection Set: 0.1ms
[71.147s][info][gc,phases      ] GC(155)   Evacuate Collection Set: 32.2ms
[71.147s][info][gc,phases      ] GC(155)   Post Evacuate Collection Set: 0.3ms
[71.147s][info][gc,phases      ] GC(155)   Other: 0.2ms
[71.147s][info][gc,heap        ] GC(155) Eden regions: 99->0(122)
[71.147s][info][gc,heap        ] GC(155) Survivor regions: 7->12(14)
[71.147s][info][gc,heap        ] GC(155) Old regions: 426->426
[71.147s][info][gc,heap        ] GC(155) Humongous regions: 197->197
[71.147s][info][gc,metaspace   ] GC(155) Metaspace: 66385K->66385K(1107968K)
[71.147s][info][gc             ] GC(155) Pause Young (Normal) (G1 Evacuation Pause) 727M->633M(1606M) 32.831ms
[71.147s][info][gc,cpu         ] GC(155) User=0.04s Sys=0.00s Real=0.03s
[71.751s][info][gc,start       ] GC(156) Pause Young (Normal) (G1 Evacuation Pause)
[71.751s][info][gc,task        ] GC(156) Using 1 workers of 1 for evacuation
[71.841s][info][gc,phases      ] GC(156)   Pre Evacuate Collection Set: 0.1ms
[71.841s][info][gc,phases      ] GC(156)   Evacuate Collection Set: 89.5ms
[71.841s][info][gc,phases      ] GC(156)   Post Evacuate Collection Set: 0.6ms
[71.841s][info][gc,phases      ] GC(156)   Other: 0.2ms
[71.841s][info][gc,heap        ] GC(156) Eden regions: 91->0(102)
[71.841s][info][gc,heap        ] GC(156) Survivor regions: 12->12(13)
[71.841s][info][gc,heap        ] GC(156) Old regions: 426->431
[71.841s][info][gc,heap        ] GC(156) Humongous regions: 211->211
[71.841s][info][gc,metaspace   ] GC(156) Metaspace: 66385K->66385K(1107968K)
[71.841s][info][gc             ] GC(156) Pause Young (Normal) (G1 Evacuation Pause) 738M->652M(1606M) 90.487ms
[71.841s][info][gc,cpu         ] GC(156) User=0.09s Sys=0.00s Real=0.09s
[72.350s][info][gc,start       ] GC(157) Pause Young (Normal) (G1 Evacuation Pause)
[72.350s][info][gc,task        ] GC(157) Using 1 workers of 1 for evacuation
[72.495s][info][gc,phases      ] GC(157)   Pre Evacuate Collection Set: 0.1ms
[72.495s][info][gc,phases      ] GC(157)   Evacuate Collection Set: 143.5ms
[72.495s][info][gc,phases      ] GC(157)   Post Evacuate Collection Set: 0.5ms
[72.495s][info][gc,phases      ] GC(157)   Other: 0.2ms
[72.495s][info][gc,heap        ] GC(157) Eden regions: 93->0(66)
[72.495s][info][gc,heap        ] GC(157) Survivor regions: 12->14(14)
[72.495s][info][gc,heap        ] GC(157) Old regions: 431->450
[72.495s][info][gc,heap        ] GC(157) Humongous regions: 228->228
[72.495s][info][gc,metaspace   ] GC(157) Metaspace: 66395K->66395K(1107968K)
[72.495s][info][gc             ] GC(157) Pause Young (Normal) (G1 Evacuation Pause) 762M->690M(1606M) 144.450ms
[72.495s][info][gc,cpu         ] GC(157) User=0.14s Sys=0.00s Real=0.14s
[72.642s][info][gc,start       ] GC(158) Pause Young (Normal) (G1 Evacuation Pause)
[72.642s][info][gc,task        ] GC(158) Using 1 workers of 1 for evacuation
[72.740s][info][gc,phases      ] GC(158)   Pre Evacuate Collection Set: 0.1ms
[72.740s][info][gc,phases      ] GC(158)   Evacuate Collection Set: 96.8ms
[72.740s][info][gc,phases      ] GC(158)   Post Evacuate Collection Set: 0.8ms
[72.740s][info][gc,phases      ] GC(158)   Other: 0.2ms
[72.740s][info][gc,heap        ] GC(158) Eden regions: 66->0(74)
[72.740s][info][gc,heap        ] GC(158) Survivor regions: 14->10(10)
[72.740s][info][gc,heap        ] GC(158) Old regions: 450->470
[72.740s][info][gc,heap        ] GC(158) Humongous regions: 234->234
[72.740s][info][gc,metaspace   ] GC(158) Metaspace: 66395K->66395K(1107968K)
[72.740s][info][gc             ] GC(158) Pause Young (Normal) (G1 Evacuation Pause) 762M->712M(1687M) 97.927ms
[72.740s][info][gc,cpu         ] GC(158) User=0.10s Sys=0.00s Real=0.10s
[72.939s][info][gc,start       ] GC(159) Pause Young (Normal) (G1 Evacuation Pause)
[72.939s][info][gc,task        ] GC(159) Using 1 workers of 1 for evacuation
[72.996s][info][gc,phases      ] GC(159)   Pre Evacuate Collection Set: 0.1ms
[72.996s][info][gc,phases      ] GC(159)   Evacuate Collection Set: 55.7ms
[72.996s][info][gc,phases      ] GC(159)   Post Evacuate Collection Set: 0.3ms
[72.996s][info][gc,phases      ] GC(159)   Other: 0.2ms
[72.996s][info][gc,heap        ] GC(159) Eden regions: 74->0(78)
[72.996s][info][gc,heap        ] GC(159) Survivor regions: 10->9(11)
[72.996s][info][gc,heap        ] GC(159) Old regions: 470->480
[72.996s][info][gc,heap        ] GC(159) Humongous regions: 239->239
[72.996s][info][gc,metaspace   ] GC(159) Metaspace: 66395K->66395K(1107968K)
[72.996s][info][gc             ] GC(159) Pause Young (Normal) (G1 Evacuation Pause) 791M->726M(1687M) 56.449ms
[72.996s][info][gc,cpu         ] GC(159) User=0.05s Sys=0.01s Real=0.05s
[73.190s][info][gc,start       ] GC(160) Pause Young (Normal) (G1 Evacuation Pause)
[73.190s][info][gc,task        ] GC(160) Using 1 workers of 1 for evacuation
[73.239s][info][gc,phases      ] GC(160)   Pre Evacuate Collection Set: 0.1ms
[73.239s][info][gc,phases      ] GC(160)   Evacuate Collection Set: 47.8ms
[73.239s][info][gc,phases      ] GC(160)   Post Evacuate Collection Set: 0.4ms
[73.239s][info][gc,phases      ] GC(160)   Other: 0.2ms
[73.239s][info][gc,heap        ] GC(160) Eden regions: 78->0(92)
[73.239s][info][gc,heap        ] GC(160) Survivor regions: 9->8(11)
[73.239s][info][gc,heap        ] GC(160) Old regions: 480->488
[73.239s][info][gc,heap        ] GC(160) Humongous regions: 244->244
[73.239s][info][gc,metaspace   ] GC(160) Metaspace: 66395K->66395K(1107968K)
[73.239s][info][gc             ] GC(160) Pause Young (Normal) (G1 Evacuation Pause) 809M->738M(1687M) 48.549ms
[73.239s][info][gc,cpu         ] GC(160) User=0.05s Sys=0.00s Real=0.05s
[73.461s][info][gc,start       ] GC(161) Pause Young (Normal) (G1 Evacuation Pause)
[73.461s][info][gc,task        ] GC(161) Using 1 workers of 1 for evacuation
[73.499s][info][gc,phases      ] GC(161)   Pre Evacuate Collection Set: 0.1ms
[73.499s][info][gc,phases      ] GC(161)   Evacuate Collection Set: 37.6ms
[73.499s][info][gc,phases      ] GC(161)   Post Evacuate Collection Set: 0.3ms
[73.499s][info][gc,phases      ] GC(161)   Other: 0.3ms
[73.499s][info][gc,heap        ] GC(161) Eden regions: 92->0(123)
[73.499s][info][gc,heap        ] GC(161) Survivor regions: 8->7(13)
[73.499s][info][gc,heap        ] GC(161) Old regions: 488->495
[73.499s][info][gc,heap        ] GC(161) Humongous regions: 244->244
[73.499s][info][gc,metaspace   ] GC(161) Metaspace: 66395K->66395K(1107968K)
[73.499s][info][gc             ] GC(161) Pause Young (Normal) (G1 Evacuation Pause) 830M->743M(1687M) 38.379ms
[73.499s][info][gc,cpu         ] GC(161) User=0.04s Sys=0.00s Real=0.04s
[73.853s][info][gc,start       ] GC(162) Pause Young (Normal) (G1 Evacuation Pause)
[73.853s][info][gc,task        ] GC(162) Using 1 workers of 1 for evacuation
[73.909s][info][gc,phases      ] GC(162)   Pre Evacuate Collection Set: 0.1ms
[73.909s][info][gc,phases      ] GC(162)   Evacuate Collection Set: 55.6ms
[73.909s][info][gc,phases      ] GC(162)   Post Evacuate Collection Set: 0.8ms
[73.909s][info][gc,phases      ] GC(162)   Other: 0.2ms
[73.909s][info][gc,heap        ] GC(162) Eden regions: 123->0(74)
[73.909s][info][gc,heap        ] GC(162) Survivor regions: 7->13(17)
[73.909s][info][gc,heap        ] GC(162) Old regions: 495->495
[73.909s][info][gc,heap        ] GC(162) Humongous regions: 253->253
[73.909s][info][gc,metaspace   ] GC(162) Metaspace: 66395K->66395K(1107968K)
[73.909s][info][gc             ] GC(162) Pause Young (Normal) (G1 Evacuation Pause) 875M->759M(1748M) 56.807ms
[73.909s][info][gc,cpu         ] GC(162) User=0.06s Sys=0.00s Real=0.06s
[74.548s][info][gc,start       ] GC(163) Pause Young (Normal) (G1 Evacuation Pause)
[74.548s][info][gc,task        ] GC(163) Using 1 workers of 1 for evacuation
[74.640s][info][gc,phases      ] GC(163)   Pre Evacuate Collection Set: 0.1ms
[74.640s][info][gc,phases      ] GC(163)   Evacuate Collection Set: 91.9ms
[74.640s][info][gc,phases      ] GC(163)   Post Evacuate Collection Set: 0.6ms
[74.641s][info][gc,phases      ] GC(163)   Other: 0.3ms
[74.641s][info][gc,heap        ] GC(163) Eden regions: 74->0(79)
[74.641s][info][gc,heap        ] GC(163) Survivor regions: 13->8(11)
[74.641s][info][gc,heap        ] GC(163) Old regions: 495->507
[74.641s][info][gc,heap        ] GC(163) Humongous regions: 269->264
[74.641s][info][gc,metaspace   ] GC(163) Metaspace: 66398K->66398K(1107968K)
[74.641s][info][gc             ] GC(163) Pause Young (Normal) (G1 Evacuation Pause) 849M->777M(1748M) 93.038ms
[74.641s][info][gc,cpu         ] GC(163) User=0.09s Sys=0.00s Real=0.10s
[75.023s][info][gc,start       ] GC(164) Pause Young (Normal) (G1 Evacuation Pause)
[75.023s][info][gc,task        ] GC(164) Using 1 workers of 1 for evacuation
[75.108s][info][gc,phases      ] GC(164)   Pre Evacuate Collection Set: 0.1ms
[75.108s][info][gc,phases      ] GC(164)   Evacuate Collection Set: 84.2ms
[75.108s][info][gc,phases      ] GC(164)   Post Evacuate Collection Set: 0.5ms
[75.108s][info][gc,phases      ] GC(164)   Other: 0.3ms
[75.108s][info][gc,heap        ] GC(164) Eden regions: 79->0(81)
[75.108s][info][gc,heap        ] GC(164) Survivor regions: 8->11(11)
[75.108s][info][gc,heap        ] GC(164) Old regions: 507->519
[75.108s][info][gc,heap        ] GC(164) Humongous regions: 275->275
[75.108s][info][gc,metaspace   ] GC(164) Metaspace: 66411K->66411K(1107968K)
[75.108s][info][gc             ] GC(164) Pause Young (Normal) (G1 Evacuation Pause) 867M->803M(1748M) 85.103ms
[75.108s][info][gc,cpu         ] GC(164) User=0.08s Sys=0.00s Real=0.08s
[75.113s][info][gc,start       ] GC(165) Pause Young (Concurrent Start) (G1 Humongous Allocation)
[75.113s][info][gc,task        ] GC(165) Using 1 workers of 1 for evacuation
[75.154s][info][gc,phases      ] GC(165)   Pre Evacuate Collection Set: 0.3ms
[75.154s][info][gc,phases      ] GC(165)   Evacuate Collection Set: 39.8ms
[75.154s][info][gc,phases      ] GC(165)   Post Evacuate Collection Set: 0.3ms
[75.154s][info][gc,phases      ] GC(165)   Other: 0.3ms
[75.154s][info][gc,heap        ] GC(165) Eden regions: 1->0(86)
[75.154s][info][gc,heap        ] GC(165) Survivor regions: 11->1(12)
[75.154s][info][gc,heap        ] GC(165) Old regions: 519->530
[75.154s][info][gc,heap        ] GC(165) Humongous regions: 275->275
[75.154s][info][gc,metaspace   ] GC(165) Metaspace: 66411K->66411K(1107968K)
[75.154s][info][gc             ] GC(165) Pause Young (Concurrent Start) (G1 Humongous Allocation) 804M->803M(1748M) 40.702ms
[75.154s][info][gc,cpu         ] GC(165) User=0.04s Sys=0.01s Real=0.04s
[75.154s][info][gc             ] GC(166) Concurrent Cycle
[75.154s][info][gc,marking     ] GC(166) Concurrent Clear Claimed Marks
[75.154s][info][gc,marking     ] GC(166) Concurrent Clear Claimed Marks 0.242ms
[75.154s][info][gc,marking     ] GC(166) Concurrent Scan Root Regions
[75.155s][info][gc,marking     ] GC(166) Concurrent Scan Root Regions 0.612ms
[75.155s][info][gc,marking     ] GC(166) Concurrent Mark (75.155s)
[75.155s][info][gc,marking     ] GC(166) Concurrent Mark From Roots
[75.155s][info][gc,task        ] GC(166) Using 1 workers of 1 for marking
[75.645s][info][gc,marking     ] GC(166) Concurrent Mark From Roots 489.883ms
[75.645s][info][gc,marking     ] GC(166) Concurrent Preclean
[75.645s][info][gc,marking     ] GC(166) Concurrent Preclean 0.118ms
[75.645s][info][gc,marking     ] GC(166) Concurrent Mark (75.155s, 75.645s) 490.176ms
[75.648s][info][gc,start       ] GC(166) Pause Remark
[75.667s][info][gc,stringtable ] GC(166) Cleaned string and symbol table, strings: 23266 processed, 24 removed, symbols: 139730 processed, 0 removed
[75.667s][info][gc             ] GC(166) Pause Remark 864M->250M(1748M) 19.419ms
[75.667s][info][gc,cpu         ] GC(166) User=0.02s Sys=0.00s Real=0.02s
[75.669s][info][gc,marking     ] GC(166) Concurrent Rebuild Remembered Sets
[76.040s][info][gc,marking     ] GC(166) Concurrent Rebuild Remembered Sets 371.054ms
[76.043s][info][gc,start       ] GC(166) Pause Cleanup
[76.044s][info][gc             ] GC(166) Pause Cleanup 280M->280M(1748M) 0.360ms
[76.044s][info][gc,cpu         ] GC(166) User=0.00s Sys=0.00s Real=0.00s
[76.044s][info][gc,marking     ] GC(166) Concurrent Cleanup for Next Mark
[76.055s][info][gc,marking     ] GC(166) Concurrent Cleanup for Next Mark 11.467ms
[76.055s][info][gc             ] GC(166) Concurrent Cycle 901.181ms
[76.078s][info][gc,start       ] GC(167) Pause Young (Normal) (G1 Evacuation Pause)
[76.078s][info][gc,task        ] GC(167) Using 1 workers of 1 for evacuation
[76.138s][info][gc,phases      ] GC(167)   Pre Evacuate Collection Set: 0.1ms
[76.138s][info][gc,phases      ] GC(167)   Evacuate Collection Set: 59.7ms
[76.138s][info][gc,phases      ] GC(167)   Post Evacuate Collection Set: 0.8ms
[76.138s][info][gc,phases      ] GC(167)   Other: 0.2ms
[76.138s][info][gc,heap        ] GC(167) Eden regions: 86->0(78)
[76.138s][info][gc,heap        ] GC(167) Survivor regions: 1->11(11)
[76.138s][info][gc,heap        ] GC(167) Old regions: 179->182
[76.138s][info][gc,heap        ] GC(167) Humongous regions: 28->28
[76.138s][info][gc,metaspace   ] GC(167) Metaspace: 66416K->66416K(1107968K)
[76.138s][info][gc             ] GC(167) Pause Young (Normal) (G1 Evacuation Pause) 291M->219M(1797M) 60.857ms
[76.138s][info][gc,cpu         ] GC(167) User=0.06s Sys=0.00s Real=0.06s
[76.768s][info][gc,start       ] GC(168) Pause Young (Normal) (G1 Evacuation Pause)
[76.768s][info][gc,task        ] GC(168) Using 1 workers of 1 for evacuation
[76.916s][info][gc,phases      ] GC(168)   Pre Evacuate Collection Set: 0.1ms
[76.916s][info][gc,phases      ] GC(168)   Evacuate Collection Set: 147.4ms
[76.916s][info][gc,phases      ] GC(168)   Post Evacuate Collection Set: 0.5ms
[76.917s][info][gc,phases      ] GC(168)   Other: 0.3ms
[76.917s][info][gc,heap        ] GC(168) Eden regions: 78->0(77)
[76.917s][info][gc,heap        ] GC(168) Survivor regions: 11->12(12)
[76.917s][info][gc,heap        ] GC(168) Old regions: 182->193
[76.917s][info][gc,heap        ] GC(168) Humongous regions: 44->39
[76.917s][info][gc,metaspace   ] GC(168) Metaspace: 66454K->66454K(1107968K)
[76.917s][info][gc             ] GC(168) Pause Young (Normal) (G1 Evacuation Pause) 313M->241M(1797M) 148.325ms
[76.917s][info][gc,cpu         ] GC(168) User=0.14s Sys=0.01s Real=0.15s
[77.307s][info][gc,start       ] GC(169) Pause Young (Normal) (G1 Evacuation Pause)
[77.307s][info][gc,task        ] GC(169) Using 1 workers of 1 for evacuation
[77.378s][info][gc,phases      ] GC(169)   Pre Evacuate Collection Set: 0.1ms
[77.378s][info][gc,phases      ] GC(169)   Evacuate Collection Set: 70.6ms
[77.378s][info][gc,phases      ] GC(169)   Post Evacuate Collection Set: 0.5ms
[77.378s][info][gc,phases      ] GC(169)   Other: 0.3ms
[77.378s][info][gc,heap        ] GC(169) Eden regions: 77->0(77)
[77.378s][info][gc,heap        ] GC(169) Survivor regions: 12->12(12)
[77.378s][info][gc,heap        ] GC(169) Old regions: 193->204
[77.378s][info][gc,heap        ] GC(169) Humongous regions: 50->50
[77.378s][info][gc,metaspace   ] GC(169) Metaspace: 66457K->66457K(1107968K)
[77.378s][info][gc             ] GC(169) Pause Young (Normal) (G1 Evacuation Pause) 329M->264M(1797M) 71.540ms
[77.378s][info][gc,cpu         ] GC(169) User=0.07s Sys=0.00s Real=0.08s
[77.657s][info][gc,start       ] GC(170) Pause Young (Normal) (G1 Evacuation Pause)
[77.657s][info][gc,task        ] GC(170) Using 1 workers of 1 for evacuation
[77.730s][info][gc,phases      ] GC(170)   Pre Evacuate Collection Set: 0.1ms
[77.730s][info][gc,phases      ] GC(170)   Evacuate Collection Set: 71.8ms
[77.730s][info][gc,phases      ] GC(170)   Post Evacuate Collection Set: 0.5ms
[77.730s][info][gc,phases      ] GC(170)   Other: 0.2ms
[77.730s][info][gc,heap        ] GC(170) Eden regions: 77->0(78)
[77.730s][info][gc,heap        ] GC(170) Survivor regions: 12->12(12)
[77.730s][info][gc,heap        ] GC(170) Old regions: 204->215
[77.730s][info][gc,heap        ] GC(170) Humongous regions: 61->61
[77.730s][info][gc,metaspace   ] GC(170) Metaspace: 66470K->66470K(1107968K)
[77.730s][info][gc             ] GC(170) Pause Young (Normal) (G1 Evacuation Pause) 352M->286M(1797M) 72.617ms
[77.730s][info][gc,cpu         ] GC(170) User=0.08s Sys=0.00s Real=0.07s
[78.418s][info][gc,start       ] GC(171) Pause Young (Normal) (G1 Evacuation Pause)
[78.418s][info][gc,task        ] GC(171) Using 1 workers of 1 for evacuation
[78.560s][info][gc,phases      ] GC(171)   Pre Evacuate Collection Set: 0.1ms
[78.561s][info][gc,phases      ] GC(171)   Evacuate Collection Set: 141.5ms
[78.561s][info][gc,phases      ] GC(171)   Post Evacuate Collection Set: 0.7ms
[78.561s][info][gc,phases      ] GC(171)   Other: 0.4ms
[78.561s][info][gc,heap        ] GC(171) Eden regions: 78->0(79)
[78.561s][info][gc,heap        ] GC(171) Survivor regions: 12->12(12)
[78.561s][info][gc,heap        ] GC(171) Old regions: 215->226
[78.561s][info][gc,heap        ] GC(171) Humongous regions: 77->72
[78.561s][info][gc,metaspace   ] GC(171) Metaspace: 66496K->66496K(1107968K)
[78.561s][info][gc             ] GC(171) Pause Young (Normal) (G1 Evacuation Pause) 380M->308M(1837M) 142.801ms
[78.561s][info][gc,cpu         ] GC(171) User=0.13s Sys=0.00s Real=0.14s
[79.014s][info][gc,start       ] GC(172) Pause Young (Normal) (G1 Evacuation Pause)
[79.014s][info][gc,task        ] GC(172) Using 1 workers of 1 for evacuation
[79.072s][info][gc,phases      ] GC(172)   Pre Evacuate Collection Set: 0.1ms
[79.072s][info][gc,phases      ] GC(172)   Evacuate Collection Set: 57.8ms
[79.072s][info][gc,phases      ] GC(172)   Post Evacuate Collection Set: 0.4ms
[79.072s][info][gc,phases      ] GC(172)   Other: 0.3ms
[79.072s][info][gc,heap        ] GC(172) Eden regions: 79->0(90)
[79.072s][info][gc,heap        ] GC(172) Survivor regions: 12->8(12)
[79.072s][info][gc,heap        ] GC(172) Old regions: 226->238
[79.072s][info][gc,heap        ] GC(172) Humongous regions: 78->78
[79.072s][info][gc,metaspace   ] GC(172) Metaspace: 66503K->66503K(1107968K)
[79.072s][info][gc             ] GC(172) Pause Young (Normal) (G1 Evacuation Pause) 393M->322M(1837M) 58.572ms
[79.072s][info][gc,cpu         ] GC(172) User=0.06s Sys=0.00s Real=0.06s
[79.415s][info][gc,start       ] GC(173) Pause Young (Normal) (G1 Evacuation Pause)
[79.415s][info][gc,task        ] GC(173) Using 1 workers of 1 for evacuation
[79.453s][info][gc,phases      ] GC(173)   Pre Evacuate Collection Set: 0.1ms
[79.453s][info][gc,phases      ] GC(173)   Evacuate Collection Set: 37.4ms
[79.453s][info][gc,phases      ] GC(173)   Post Evacuate Collection Set: 0.4ms
[79.453s][info][gc,phases      ] GC(173)   Other: 0.3ms
[79.453s][info][gc,heap        ] GC(173) Eden regions: 90->0(115)
[79.453s][info][gc,heap        ] GC(173) Survivor regions: 8->5(13)
[79.453s][info][gc,heap        ] GC(173) Old regions: 238->245
[79.453s][info][gc,heap        ] GC(173) Humongous regions: 83->83
[79.453s][info][gc,metaspace   ] GC(173) Metaspace: 66512K->66512K(1107968K)
[79.453s][info][gc             ] GC(173) Pause Young (Normal) (G1 Evacuation Pause) 417M->331M(1837M) 38.152ms
[79.453s][info][gc,cpu         ] GC(173) User=0.04s Sys=0.00s Real=0.04s
[79.909s][info][gc,start       ] GC(174) Pause Young (Normal) (G1 Evacuation Pause)
[79.910s][info][gc,task        ] GC(174) Using 1 workers of 1 for evacuation
[79.965s][info][gc,phases      ] GC(174)   Pre Evacuate Collection Set: 0.1ms
[79.965s][info][gc,phases      ] GC(174)   Evacuate Collection Set: 54.3ms
[79.965s][info][gc,phases      ] GC(174)   Post Evacuate Collection Set: 0.6ms
[79.965s][info][gc,phases      ] GC(174)   Other: 0.3ms
[79.965s][info][gc,heap        ] GC(174) Eden regions: 115->0(119)
[79.965s][info][gc,heap        ] GC(174) Survivor regions: 5->15(15)
[79.965s][info][gc,heap        ] GC(174) Old regions: 245->245
[79.965s][info][gc,heap        ] GC(174) Humongous regions: 99->94
[79.965s][info][gc,metaspace   ] GC(174) Metaspace: 66521K->66521K(1107968K)
[79.965s][info][gc             ] GC(174) Pause Young (Normal) (G1 Evacuation Pause) 462M->352M(1837M) 55.404ms
[79.965s][info][gc,cpu         ] GC(174) User=0.05s Sys=0.00s Real=0.05s
[80.160s][info][gc,start       ] GC(175) Pause Young (Normal) (G1 Evacuation Pause)
[80.160s][info][gc,task        ] GC(175) Using 1 workers of 1 for evacuation
[80.266s][info][gc,phases      ] GC(175)   Pre Evacuate Collection Set: 0.1ms
[80.266s][info][gc,phases      ] GC(175)   Evacuate Collection Set: 105.1ms
[80.266s][info][gc,phases      ] GC(175)   Post Evacuate Collection Set: 0.4ms
[80.266s][info][gc,phases      ] GC(175)   Other: 0.2ms
[80.266s][info][gc,heap        ] GC(175) Eden regions: 119->0(126)
[80.266s][info][gc,heap        ] GC(175) Survivor regions: 15->17(17)
[80.266s][info][gc,heap        ] GC(175) Old regions: 245->261
[80.266s][info][gc,heap        ] GC(175) Humongous regions: 100->100
[80.266s][info][gc,metaspace   ] GC(175) Metaspace: 66522K->66522K(1107968K)
[80.266s][info][gc             ] GC(175) Pause Young (Normal) (G1 Evacuation Pause) 477M->376M(1837M) 105.931ms
[80.266s][info][gc,cpu         ] GC(175) User=0.10s Sys=0.00s Real=0.10s
[80.834s][info][gc,start       ] GC(176) Pause Young (Normal) (G1 Evacuation Pause)
[80.834s][info][gc,task        ] GC(176) Using 1 workers of 1 for evacuation
[80.950s][info][gc,phases      ] GC(176)   Pre Evacuate Collection Set: 0.1ms
[80.950s][info][gc,phases      ] GC(176)   Evacuate Collection Set: 114.5ms
[80.950s][info][gc,phases      ] GC(176)   Post Evacuate Collection Set: 0.7ms
[80.950s][info][gc,phases      ] GC(176)   Other: 0.3ms
[80.950s][info][gc,heap        ] GC(176) Eden regions: 126->0(133)
[80.950s][info][gc,heap        ] GC(176) Survivor regions: 17->13(18)
[80.950s][info][gc,heap        ] GC(176) Old regions: 261->278
[80.950s][info][gc,heap        ] GC(176) Humongous regions: 186->140
[80.950s][info][gc,metaspace   ] GC(176) Metaspace: 66543K->66543K(1107968K)
[80.950s][info][gc             ] GC(176) Pause Young (Normal) (G1 Evacuation Pause) 588M->429M(1868M) 115.668ms
[80.950s][info][gc,cpu         ] GC(176) User=0.11s Sys=0.00s Real=0.12s
[81.178s][info][gc,start       ] GC(177) Pause Young (Normal) (G1 Evacuation Pause)
[81.178s][info][gc,task        ] GC(177) Using 1 workers of 1 for evacuation
[81.287s][info][gc,phases      ] GC(177)   Pre Evacuate Collection Set: 0.1ms
[81.287s][info][gc,phases      ] GC(177)   Evacuate Collection Set: 108.6ms
[81.287s][info][gc,phases      ] GC(177)   Post Evacuate Collection Set: 0.4ms
[81.287s][info][gc,phases      ] GC(177)   Other: 0.3ms
[81.287s][info][gc,heap        ] GC(177) Eden regions: 133->0(90)
[81.287s][info][gc,heap        ] GC(177) Survivor regions: 13->19(19)
[81.287s][info][gc,heap        ] GC(177) Old regions: 278->292
[81.287s][info][gc,heap        ] GC(177) Humongous regions: 153->131
[81.288s][info][gc,metaspace   ] GC(177) Metaspace: 66544K->66544K(1107968K)
[81.288s][info][gc             ] GC(177) Pause Young (Normal) (G1 Evacuation Pause) 575M->440M(1868M) 109.494ms
[81.288s][info][gc,cpu         ] GC(177) User=0.11s Sys=0.00s Real=0.10s
[81.791s][info][gc,start       ] GC(178) Pause Young (Normal) (G1 Evacuation Pause)
[81.791s][info][gc,task        ] GC(178) Using 1 workers of 1 for evacuation
[81.882s][info][gc,phases      ] GC(178)   Pre Evacuate Collection Set: 0.1ms
[81.882s][info][gc,phases      ] GC(178)   Evacuate Collection Set: 90.1ms
[81.882s][info][gc,phases      ] GC(178)   Post Evacuate Collection Set: 0.5ms
[81.882s][info][gc,phases      ] GC(178)   Other: 0.3ms
[81.882s][info][gc,heap        ] GC(178) Eden regions: 90->0(104)
[81.882s][info][gc,heap        ] GC(178) Survivor regions: 19->7(14)
[81.882s][info][gc,heap        ] GC(178) Old regions: 292->311
[81.882s][info][gc,heap        ] GC(178) Humongous regions: 213->167
[81.882s][info][gc,metaspace   ] GC(178) Metaspace: 66564K->66564K(1107968K)
[81.882s][info][gc             ] GC(178) Pause Young (Normal) (G1 Evacuation Pause) 612M->483M(1868M) 90.995ms
[81.882s][info][gc,cpu         ] GC(178) User=0.09s Sys=0.00s Real=0.09s
[82.033s][info][gc,start       ] GC(179) Pause Young (Normal) (G1 Evacuation Pause)
[82.034s][info][gc,task        ] GC(179) Using 1 workers of 1 for evacuation
[82.115s][info][gc,phases      ] GC(179)   Pre Evacuate Collection Set: 0.1ms
[82.115s][info][gc,phases      ] GC(179)   Evacuate Collection Set: 81.1ms
[82.115s][info][gc,phases      ] GC(179)   Post Evacuate Collection Set: 0.6ms
[82.115s][info][gc,phases      ] GC(179)   Other: 0.3ms
[82.115s][info][gc,heap        ] GC(179) Eden regions: 104->0(79)
[82.115s][info][gc,heap        ] GC(179) Survivor regions: 7->14(14)
[82.115s][info][gc,heap        ] GC(179) Old regions: 311->320
[82.115s][info][gc,heap        ] GC(179) Humongous regions: 181->159
[82.115s][info][gc,metaspace   ] GC(179) Metaspace: 66567K->66567K(1107968K)
[82.115s][info][gc             ] GC(179) Pause Young (Normal) (G1 Evacuation Pause) 601M->491M(1868M) 82.032ms
[82.116s][info][gc,cpu         ] GC(179) User=0.08s Sys=0.00s Real=0.08s
[82.240s][info][gc,start       ] GC(180) Pause Young (Normal) (G1 Evacuation Pause)
[82.240s][info][gc,task        ] GC(180) Using 1 workers of 1 for evacuation
[82.323s][info][gc,phases      ] GC(180)   Pre Evacuate Collection Set: 0.1ms
[82.323s][info][gc,phases      ] GC(180)   Evacuate Collection Set: 82.5ms
[82.323s][info][gc,phases      ] GC(180)   Post Evacuate Collection Set: 0.5ms
[82.323s][info][gc,phases      ] GC(180)   Other: 0.2ms
[82.323s][info][gc,heap        ] GC(180) Eden regions: 79->0(82)
[82.323s][info][gc,heap        ] GC(180) Survivor regions: 14->12(12)
[82.323s][info][gc,heap        ] GC(180) Old regions: 320->336
[82.323s][info][gc,heap        ] GC(180) Humongous regions: 162->162
[82.323s][info][gc,metaspace   ] GC(180) Metaspace: 66567K->66567K(1107968K)
[82.323s][info][gc             ] GC(180) Pause Young (Normal) (G1 Evacuation Pause) 573M->508M(1893M) 83.325ms
[82.323s][info][gc,cpu         ] GC(180) User=0.08s Sys=0.00s Real=0.08s
[82.849s][info][gc,start       ] GC(181) Pause Young (Normal) (G1 Evacuation Pause)
[82.849s][info][gc,task        ] GC(181) Using 1 workers of 1 for evacuation
[82.930s][info][gc,phases      ] GC(181)   Pre Evacuate Collection Set: 0.1ms
[82.930s][info][gc,phases      ] GC(181)   Evacuate Collection Set: 80.3ms
[82.930s][info][gc,phases      ] GC(181)   Post Evacuate Collection Set: 0.5ms
[82.930s][info][gc,phases      ] GC(181)   Other: 0.3ms
[82.930s][info][gc,heap        ] GC(181) Eden regions: 82->0(86)
[82.930s][info][gc,heap        ] GC(181) Survivor regions: 12->8(12)
[82.930s][info][gc,heap        ] GC(181) Old regions: 336->348
[82.930s][info][gc,heap        ] GC(181) Humongous regions: 251->204
[82.930s][info][gc,metaspace   ] GC(181) Metaspace: 66627K->66627K(1110016K)
[82.930s][info][gc             ] GC(181) Pause Young (Normal) (G1 Evacuation Pause) 679M->557M(1893M) 81.266ms
[82.930s][info][gc,cpu         ] GC(181) User=0.08s Sys=0.00s Real=0.09s
[83.105s][info][gc,start       ] GC(182) Pause Young (Normal) (G1 Evacuation Pause)
[83.105s][info][gc,task        ] GC(182) Using 1 workers of 1 for evacuation
[83.193s][info][gc,phases      ] GC(182)   Pre Evacuate Collection Set: 0.1ms
[83.193s][info][gc,phases      ] GC(182)   Evacuate Collection Set: 86.9ms
[83.193s][info][gc,phases      ] GC(182)   Post Evacuate Collection Set: 0.7ms
[83.193s][info][gc,phases      ] GC(182)   Other: 0.3ms
[83.193s][info][gc,heap        ] GC(182) Eden regions: 86->0(82)
[83.193s][info][gc,heap        ] GC(182) Survivor regions: 8->12(12)
[83.193s][info][gc,heap        ] GC(182) Old regions: 348->368
[83.193s][info][gc,heap        ] GC(182) Humongous regions: 220->196
[83.193s][info][gc,metaspace   ] GC(182) Metaspace: 66629K->66629K(1110016K)
[83.193s][info][gc             ] GC(182) Pause Young (Normal) (G1 Evacuation Pause) 659M->574M(1893M) 87.947ms
[83.193s][info][gc,cpu         ] GC(182) User=0.09s Sys=0.00s Real=0.09s
[83.433s][info][gc,start       ] GC(183) Pause Young (Normal) (G1 Evacuation Pause)
[83.433s][info][gc,task        ] GC(183) Using 1 workers of 1 for evacuation
[83.474s][info][gc,phases      ] GC(183)   Pre Evacuate Collection Set: 0.1ms
[83.474s][info][gc,phases      ] GC(183)   Evacuate Collection Set: 40.9ms
[83.474s][info][gc,phases      ] GC(183)   Post Evacuate Collection Set: 0.3ms
[83.474s][info][gc,phases      ] GC(183)   Other: 0.3ms
[83.474s][info][gc,heap        ] GC(183) Eden regions: 82->0(93)
[83.474s][info][gc,heap        ] GC(183) Survivor regions: 12->1(12)
[83.474s][info][gc,heap        ] GC(183) Old regions: 368->380
[83.474s][info][gc,heap        ] GC(183) Humongous regions: 196->196
[83.474s][info][gc,metaspace   ] GC(183) Metaspace: 66629K->66629K(1110016K)
[83.474s][info][gc             ] GC(183) Pause Young (Normal) (G1 Evacuation Pause) 656M->575M(1893M) 41.611ms
[83.474s][info][gc,cpu         ] GC(183) User=0.04s Sys=0.00s Real=0.04s
[83.654s][info][gc,start       ] GC(184) Pause Young (Normal) (G1 Evacuation Pause)
[83.654s][info][gc,task        ] GC(184) Using 1 workers of 1 for evacuation
[83.656s][info][gc,phases      ] GC(184)   Pre Evacuate Collection Set: 0.1ms
[83.656s][info][gc,phases      ] GC(184)   Evacuate Collection Set: 1.7ms
[83.656s][info][gc,phases      ] GC(184)   Post Evacuate Collection Set: 0.4ms
[83.656s][info][gc,phases      ] GC(184)   Other: 0.3ms
[83.656s][info][gc,heap        ] GC(184) Eden regions: 93->0(94)
[83.656s][info][gc,heap        ] GC(184) Survivor regions: 1->1(12)
[83.656s][info][gc,heap        ] GC(184) Old regions: 380->380
[83.656s][info][gc,heap        ] GC(184) Humongous regions: 196->196
[83.656s][info][gc,metaspace   ] GC(184) Metaspace: 66629K->66629K(1110016K)
[83.656s][info][gc             ] GC(184) Pause Young (Normal) (G1 Evacuation Pause) 668M->575M(1913M) 2.553ms
[83.656s][info][gc,cpu         ] GC(184) User=0.01s Sys=0.00s Real=0.00s
[83.785s][info][gc,start       ] GC(185) Pause Young (Normal) (G1 Evacuation Pause)
[83.786s][info][gc,task        ] GC(185) Using 1 workers of 1 for evacuation
[83.788s][info][gc,phases      ] GC(185)   Pre Evacuate Collection Set: 0.1ms
[83.788s][info][gc,phases      ] GC(185)   Evacuate Collection Set: 1.7ms
[83.788s][info][gc,phases      ] GC(185)   Post Evacuate Collection Set: 0.3ms
[83.788s][info][gc,phases      ] GC(185)   Other: 0.2ms
[83.788s][info][gc,heap        ] GC(185) Eden regions: 94->0(96)
[83.788s][info][gc,heap        ] GC(185) Survivor regions: 1->1(12)
[83.788s][info][gc,heap        ] GC(185) Old regions: 380->380
[83.788s][info][gc,heap        ] GC(185) Humongous regions: 196->196
[83.788s][info][gc,metaspace   ] GC(185) Metaspace: 66629K->66629K(1110016K)
[83.788s][info][gc             ] GC(185) Pause Young (Normal) (G1 Evacuation Pause) 669M->574M(1913M) 2.263ms
[83.788s][info][gc,cpu         ] GC(185) User=0.00s Sys=0.00s Real=0.00s
[83.910s][info][gc,start       ] GC(186) Pause Young (Normal) (G1 Evacuation Pause)
[83.910s][info][gc,task        ] GC(186) Using 1 workers of 1 for evacuation
[83.953s][info][gc,phases      ] GC(186)   Pre Evacuate Collection Set: 0.1ms
[83.953s][info][gc,phases      ] GC(186)   Evacuate Collection Set: 42.8ms
[83.953s][info][gc,phases      ] GC(186)   Post Evacuate Collection Set: 0.3ms
[83.953s][info][gc,phases      ] GC(186)   Other: 0.2ms
[83.953s][info][gc,heap        ] GC(186) Eden regions: 96->0(82)
[83.953s][info][gc,heap        ] GC(186) Survivor regions: 1->13(13)
[83.953s][info][gc,heap        ] GC(186) Old regions: 380->391
[83.953s][info][gc,heap        ] GC(186) Humongous regions: 199->199
[83.953s][info][gc,metaspace   ] GC(186) Metaspace: 66629K->66629K(1110016K)
[83.953s][info][gc             ] GC(186) Pause Young (Normal) (G1 Evacuation Pause) 673M->601M(1913M) 43.508ms
[83.953s][info][gc,cpu         ] GC(186) User=0.04s Sys=0.00s Real=0.04s
[84.040s][info][gc,start       ] GC(187) Pause Young (Normal) (G1 Evacuation Pause)
[84.040s][info][gc,task        ] GC(187) Using 1 workers of 1 for evacuation
[84.093s][info][gc,phases      ] GC(187)   Pre Evacuate Collection Set: 0.1ms
[84.093s][info][gc,phases      ] GC(187)   Evacuate Collection Set: 52.2ms
[84.093s][info][gc,phases      ] GC(187)   Post Evacuate Collection Set: 0.4ms
[84.093s][info][gc,phases      ] GC(187)   Other: 0.2ms
[84.093s][info][gc,heap        ] GC(187) Eden regions: 82->0(83)
[84.093s][info][gc,heap        ] GC(187) Survivor regions: 13->12(12)
[84.093s][info][gc,heap        ] GC(187) Old regions: 391->410
[84.093s][info][gc,heap        ] GC(187) Humongous regions: 199->199
[84.093s][info][gc,metaspace   ] GC(187) Metaspace: 66629K->66629K(1110016K)
[84.093s][info][gc             ] GC(187) Pause Young (Normal) (G1 Evacuation Pause) 683M->619M(1913M) 52.945ms
[84.093s][info][gc,cpu         ] GC(187) User=0.05s Sys=0.00s Real=0.05s
[84.124s][info][gc,start       ] GC(188) Pause Young (Normal) (G1 Evacuation Pause)
[84.124s][info][gc,task        ] GC(188) Using 1 workers of 1 for evacuation
[84.149s][info][gc,phases      ] GC(188)   Pre Evacuate Collection Set: 0.1ms
[84.149s][info][gc,phases      ] GC(188)   Evacuate Collection Set: 24.5ms
[84.149s][info][gc,phases      ] GC(188)   Post Evacuate Collection Set: 0.3ms
[84.149s][info][gc,phases      ] GC(188)   Other: 0.4ms
[84.149s][info][gc,heap        ] GC(188) Eden regions: 83->0(98)
[84.149s][info][gc,heap        ] GC(188) Survivor regions: 12->1(12)
[84.149s][info][gc,heap        ] GC(188) Old regions: 410->422
[84.149s][info][gc,heap        ] GC(188) Humongous regions: 199->199
[84.149s][info][gc,metaspace   ] GC(188) Metaspace: 66629K->66629K(1110016K)
[84.149s][info][gc             ] GC(188) Pause Young (Normal) (G1 Evacuation Pause) 702M->619M(1913M) 25.345ms
[84.149s][info][gc,cpu         ] GC(188) User=0.02s Sys=0.00s Real=0.03s
[84.155s][info][gc,task        ] GC(189) Using 1 workers of 1 for full compaction
[84.155s][info][gc,start       ] GC(189) Pause Full (System.gc())
[84.156s][info][gc,phases,start] GC(189) Phase 1: Mark live objects
[84.314s][info][gc,stringtable ] GC(189) Cleaned string and symbol table, strings: 23308 processed, 23 removed, symbols: 139738 processed, 0 removed
[84.314s][info][gc,phases      ] GC(189) Phase 1: Mark live objects 158.362ms
[84.314s][info][gc,phases,start] GC(189) Phase 2: Prepare for compaction
[84.344s][info][gc,phases      ] GC(189) Phase 2: Prepare for compaction 30.093ms
[84.344s][info][gc,phases,start] GC(189) Phase 3: Adjust pointers
[84.470s][info][gc,phases      ] GC(189) Phase 3: Adjust pointers 125.829ms
[84.470s][info][gc,phases,start] GC(189) Phase 4: Compact heap
[84.528s][info][gc,phases      ] GC(189) Phase 4: Compact heap 57.360ms
[84.573s][info][gc,heap        ] GC(189) Eden regions: 13->0(98)
[84.573s][info][gc,heap        ] GC(189) Survivor regions: 1->0(12)
[84.573s][info][gc,heap        ] GC(189) Old regions: 422->137
[84.573s][info][gc,heap        ] GC(189) Humongous regions: 199->9
[84.573s][info][gc,metaspace   ] GC(189) Metaspace: 66629K->66629K(1110016K)
[84.573s][info][gc             ] GC(189) Pause Full (System.gc()) 632M->144M(487M) 418.257ms
[84.573s][info][gc,cpu         ] GC(189) User=0.36s Sys=0.04s Real=0.42s
[84.910s][info][gc,start       ] GC(190) Pause Young (Normal) (G1 Evacuation Pause)
[84.910s][info][gc,task        ] GC(190) Using 1 workers of 1 for evacuation
[84.962s][info][gc,phases      ] GC(190)   Pre Evacuate Collection Set: 0.0ms
[84.962s][info][gc,phases      ] GC(190)   Evacuate Collection Set: 51.4ms
[84.962s][info][gc,phases      ] GC(190)   Post Evacuate Collection Set: 0.4ms
[84.962s][info][gc,phases      ] GC(190)   Other: 0.3ms
[84.962s][info][gc,heap        ] GC(190) Eden regions: 98->0(85)
[84.962s][info][gc,heap        ] GC(190) Survivor regions: 0->13(13)
[84.962s][info][gc,heap        ] GC(190) Old regions: 137->147
[84.962s][info][gc,heap        ] GC(190) Humongous regions: 25->20
[84.962s][info][gc,metaspace   ] GC(190) Metaspace: 66706K->66706K(1110016K)
[84.962s][info][gc             ] GC(190) Pause Young (Normal) (G1 Evacuation Pause) 258M->178M(487M) 52.073ms
[84.962s][info][gc,cpu         ] GC(190) User=0.06s Sys=0.00s Real=0.05s
[85.151s][info][gc,start       ] GC(191) Pause Young (Normal) (G1 Evacuation Pause)
[85.151s][info][gc,task        ] GC(191) Using 1 workers of 1 for evacuation
[85.264s][info][gc,phases      ] GC(191)   Pre Evacuate Collection Set: 0.0ms
[85.264s][info][gc,phases      ] GC(191)   Evacuate Collection Set: 111.7ms
[85.264s][info][gc,phases      ] GC(191)   Post Evacuate Collection Set: 1.5ms
[85.264s][info][gc,phases      ] GC(191)   Other: 0.2ms
[85.264s][info][gc,heap        ] GC(191) Eden regions: 85->0(89)
[85.264s][info][gc,heap        ] GC(191) Survivor regions: 13->10(13)
[85.264s][info][gc,heap        ] GC(191) Old regions: 147->160
[85.264s][info][gc,heap        ] GC(191) Humongous regions: 26->26
[85.264s][info][gc,metaspace   ] GC(191) Metaspace: 66706K->66706K(1110016K)
[85.264s][info][gc             ] GC(191) Pause Young (Normal) (G1 Evacuation Pause) 269M->194M(801M) 113.617ms
[85.264s][info][gc,cpu         ] GC(191) User=0.12s Sys=0.00s Real=0.11s
[85.523s][info][gc,start       ] GC(192) Pause Young (Normal) (G1 Evacuation Pause)
[85.523s][info][gc,task        ] GC(192) Using 1 workers of 1 for evacuation
[85.589s][info][gc,phases      ] GC(192)   Pre Evacuate Collection Set: 0.0ms
[85.589s][info][gc,phases      ] GC(192)   Evacuate Collection Set: 65.5ms
[85.589s][info][gc,phases      ] GC(192)   Post Evacuate Collection Set: 0.4ms
[85.589s][info][gc,phases      ] GC(192)   Other: 0.3ms
[85.589s][info][gc,heap        ] GC(192) Eden regions: 89->0(100)
[85.589s][info][gc,heap        ] GC(192) Survivor regions: 10->8(13)
[85.589s][info][gc,heap        ] GC(192) Old regions: 160->170
[85.589s][info][gc,heap        ] GC(192) Humongous regions: 31->31
[85.589s][info][gc,metaspace   ] GC(192) Metaspace: 66706K->66706K(1110016K)
[85.589s][info][gc             ] GC(192) Pause Young (Normal) (G1 Evacuation Pause) 288M->207M(801M) 66.183ms
[85.589s][info][gc,cpu         ] GC(192) User=0.07s Sys=0.00s Real=0.07s
[85.823s][info][gc,start       ] GC(193) Pause Young (Normal) (G1 Evacuation Pause)
[85.824s][info][gc,task        ] GC(193) Using 1 workers of 1 for evacuation
[85.867s][info][gc,phases      ] GC(193)   Pre Evacuate Collection Set: 0.0ms
[85.867s][info][gc,phases      ] GC(193)   Evacuate Collection Set: 43.3ms
[85.867s][info][gc,phases      ] GC(193)   Post Evacuate Collection Set: 0.3ms
[85.868s][info][gc,phases      ] GC(193)   Other: 0.7ms
[85.868s][info][gc,heap        ] GC(193) Eden regions: 100->0(116)
[85.868s][info][gc,heap        ] GC(193) Survivor regions: 8->7(14)
[85.868s][info][gc,heap        ] GC(193) Old regions: 170->177
[85.868s][info][gc,heap        ] GC(193) Humongous regions: 31->31
[85.868s][info][gc,metaspace   ] GC(193) Metaspace: 66706K->66706K(1110016K)
[85.868s][info][gc             ] GC(193) Pause Young (Normal) (G1 Evacuation Pause) 307M->213M(801M) 44.432ms
[85.868s][info][gc,cpu         ] GC(193) User=0.04s Sys=0.00s Real=0.04s
[86.155s][info][gc,start       ] GC(194) Pause Young (Normal) (G1 Evacuation Pause)
[86.155s][info][gc,task        ] GC(194) Using 1 workers of 1 for evacuation
[86.193s][info][gc,phases      ] GC(194)   Pre Evacuate Collection Set: 0.0ms
[86.193s][info][gc,phases      ] GC(194)   Evacuate Collection Set: 36.6ms
[86.193s][info][gc,phases      ] GC(194)   Post Evacuate Collection Set: 0.3ms
[86.193s][info][gc,phases      ] GC(194)   Other: 0.3ms
[86.193s][info][gc,heap        ] GC(194) Eden regions: 116->0(129)
[86.193s][info][gc,heap        ] GC(194) Survivor regions: 7->12(16)
[86.193s][info][gc,heap        ] GC(194) Old regions: 177->177
[86.193s][info][gc,heap        ] GC(194) Humongous regions: 31->31
[86.193s][info][gc,metaspace   ] GC(194) Metaspace: 66706K->66706K(1110016K)
[86.193s][info][gc             ] GC(194) Pause Young (Normal) (G1 Evacuation Pause) 329M->218M(801M) 37.372ms
[86.193s][info][gc,cpu         ] GC(194) User=0.03s Sys=0.01s Real=0.04s
[86.938s][info][gc,start       ] GC(195) Pause Young (Normal) (G1 Evacuation Pause)
[86.938s][info][gc,task        ] GC(195) Using 1 workers of 1 for evacuation
[87.030s][info][gc,phases      ] GC(195)   Pre Evacuate Collection Set: 0.1ms
[87.030s][info][gc,phases      ] GC(195)   Evacuate Collection Set: 89.6ms
[87.030s][info][gc,phases      ] GC(195)   Post Evacuate Collection Set: 1.9ms
[87.030s][info][gc,phases      ] GC(195)   Other: 0.3ms
[87.030s][info][gc,heap        ] GC(195) Eden regions: 127->0(134)
[87.030s][info][gc,heap        ] GC(195) Survivor regions: 12->15(18)
[87.030s][info][gc,heap        ] GC(195) Old regions: 177->182
[87.030s][info][gc,heap        ] GC(195) Humongous regions: 46->46
[87.030s][info][gc,metaspace   ] GC(195) Metaspace: 66711K->66711K(1110016K)
[87.030s][info][gc             ] GC(195) Pause Young (Normal) (G1 Evacuation Pause) 360M->241M(1186M) 91.961ms
[87.030s][info][gc,cpu         ] GC(195) User=0.08s Sys=0.01s Real=0.09s
[87.368s][info][gc,start       ] GC(196) Pause Young (Normal) (G1 Evacuation Pause)
[87.368s][info][gc,task        ] GC(196) Using 1 workers of 1 for evacuation
[87.499s][info][gc,phases      ] GC(196)   Pre Evacuate Collection Set: 0.0ms
[87.500s][info][gc,phases      ] GC(196)   Evacuate Collection Set: 130.3ms
[87.500s][info][gc,phases      ] GC(196)   Post Evacuate Collection Set: 0.6ms
[87.500s][info][gc,phases      ] GC(196)   Other: 0.3ms
[87.500s][info][gc,heap        ] GC(196) Eden regions: 109->0(105)
[87.500s][info][gc,heap        ] GC(196) Survivor regions: 15->16(16)
[87.500s][info][gc,heap        ] GC(196) Old regions: 182->208
[87.500s][info][gc,heap        ] GC(196) Humongous regions: 59->59
[87.500s][info][gc,metaspace   ] GC(196) Metaspace: 66711K->66711K(1110016K)
[87.500s][info][gc             ] GC(196) Pause Young (Normal) (G1 Evacuation Pause) 363M->281M(1186M) 131.301ms
[87.500s][info][gc,cpu         ] GC(196) User=0.13s Sys=0.00s Real=0.14s
[87.787s][info][gc,start       ] GC(197) Pause Young (Normal) (G1 Evacuation Pause)
[87.787s][info][gc,task        ] GC(197) Using 1 workers of 1 for evacuation
[87.871s][info][gc,phases      ] GC(197)   Pre Evacuate Collection Set: 0.0ms
[87.871s][info][gc,phases      ] GC(197)   Evacuate Collection Set: 83.5ms
[87.871s][info][gc,phases      ] GC(197)   Post Evacuate Collection Set: 0.4ms
[87.871s][info][gc,phases      ] GC(197)   Other: 0.3ms
[87.871s][info][gc,heap        ] GC(197) Eden regions: 105->0(121)
[87.871s][info][gc,heap        ] GC(197) Survivor regions: 16->10(16)
[87.871s][info][gc,heap        ] GC(197) Old regions: 208->224
[87.871s][info][gc,heap        ] GC(197) Humongous regions: 67->67
[87.871s][info][gc,metaspace   ] GC(197) Metaspace: 66711K->66711K(1110016K)
[87.871s][info][gc             ] GC(197) Pause Young (Normal) (G1 Evacuation Pause) 394M->299M(1186M) 84.385ms
[87.871s][info][gc,cpu         ] GC(197) User=0.08s Sys=0.00s Real=0.09s
[88.155s][info][gc,start       ] GC(198) Pause Young (Normal) (G1 Evacuation Pause)
[88.155s][info][gc,task        ] GC(198) Using 1 workers of 1 for evacuation
[88.209s][info][gc,phases      ] GC(198)   Pre Evacuate Collection Set: 0.0ms
[88.209s][info][gc,phases      ] GC(198)   Evacuate Collection Set: 52.8ms
[88.209s][info][gc,phases      ] GC(198)   Post Evacuate Collection Set: 0.4ms
[88.209s][info][gc,phases      ] GC(198)   Other: 0.2ms
[88.209s][info][gc,heap        ] GC(198) Eden regions: 121->0(141)
[88.209s][info][gc,heap        ] GC(198) Survivor regions: 10->8(17)
[88.209s][info][gc,heap        ] GC(198) Old regions: 224->233
[88.209s][info][gc,heap        ] GC(198) Humongous regions: 67->67
[88.209s][info][gc,metaspace   ] GC(198) Metaspace: 66711K->66711K(1110016K)
[88.209s][info][gc             ] GC(198) Pause Young (Normal) (G1 Evacuation Pause) 420M->306M(1186M) 53.510ms
[88.209s][info][gc,cpu         ] GC(198) User=0.05s Sys=0.00s Real=0.05s
[88.652s][info][gc,start       ] GC(199) Pause Young (Normal) (G1 Evacuation Pause)
[88.652s][info][gc,task        ] GC(199) Using 1 workers of 1 for evacuation
[88.719s][info][gc,phases      ] GC(199)   Pre Evacuate Collection Set: 0.0ms
[88.719s][info][gc,phases      ] GC(199)   Evacuate Collection Set: 65.4ms
[88.719s][info][gc,phases      ] GC(199)   Post Evacuate Collection Set: 1.3ms
[88.719s][info][gc,phases      ] GC(199)   Other: 0.3ms
[88.719s][info][gc,heap        ] GC(199) Eden regions: 141->0(120)
[88.719s][info][gc,heap        ] GC(199) Survivor regions: 8->15(19)
[88.719s][info][gc,heap        ] GC(199) Old regions: 233->233
[88.719s][info][gc,heap        ] GC(199) Humongous regions: 76->76
[88.719s][info][gc,metaspace   ] GC(199) Metaspace: 66711K->66711K(1110016K)
[88.719s][info][gc             ] GC(199) Pause Young (Normal) (G1 Evacuation Pause) 456M->322M(1409M) 67.075ms
[88.719s][info][gc,cpu         ] GC(199) User=0.07s Sys=0.00s Real=0.07s
[89.366s][info][gc,start       ] GC(200) Pause Young (Normal) (G1 Evacuation Pause)
[89.366s][info][gc,task        ] GC(200) Using 1 workers of 1 for evacuation
[89.460s][info][gc,phases      ] GC(200)   Pre Evacuate Collection Set: 0.0ms
[89.460s][info][gc,phases      ] GC(200)   Evacuate Collection Set: 93.1ms
[89.460s][info][gc,phases      ] GC(200)   Post Evacuate Collection Set: 0.5ms
[89.460s][info][gc,phases      ] GC(200)   Other: 0.3ms
[89.460s][info][gc,heap        ] GC(200) Eden regions: 77->0(116)
[89.460s][info][gc,heap        ] GC(200) Survivor regions: 15->4(12)
[89.460s][info][gc,heap        ] GC(200) Old regions: 233->248
[89.460s][info][gc,heap        ] GC(200) Humongous regions: 81->81
[89.460s][info][gc,metaspace   ] GC(200) Metaspace: 66734K->66734K(1110016K)
[89.460s][info][gc             ] GC(200) Pause Young (Normal) (G1 Evacuation Pause) 404M->331M(1409M) 94.042ms
[89.460s][info][gc,cpu         ] GC(200) User=0.09s Sys=0.00s Real=0.10s
[89.739s][info][gc,start       ] GC(201) Pause Young (Normal) (G1 Evacuation Pause)
[89.739s][info][gc,task        ] GC(201) Using 1 workers of 1 for evacuation
[89.829s][info][gc,phases      ] GC(201)   Pre Evacuate Collection Set: 0.0ms
[89.830s][info][gc,phases      ] GC(201)   Evacuate Collection Set: 89.7ms
[89.830s][info][gc,phases      ] GC(201)   Post Evacuate Collection Set: 0.4ms
[89.830s][info][gc,phases      ] GC(201)   Other: 0.3ms
[89.830s][info][gc,heap        ] GC(201) Eden regions: 116->0(114)
[89.830s][info][gc,heap        ] GC(201) Survivor regions: 4->15(15)
[89.830s][info][gc,heap        ] GC(201) Old regions: 248->266
[89.830s][info][gc,heap        ] GC(201) Humongous regions: 95->95
[89.830s][info][gc,metaspace   ] GC(201) Metaspace: 66734K->66734K(1110016K)
[89.830s][info][gc             ] GC(201) Pause Young (Normal) (G1 Evacuation Pause) 461M->374M(1409M) 90.495ms
[89.830s][info][gc,cpu         ] GC(201) User=0.09s Sys=0.01s Real=0.09s
[90.123s][info][gc,start       ] GC(202) Pause Young (Normal) (G1 Evacuation Pause)
[90.124s][info][gc,task        ] GC(202) Using 1 workers of 1 for evacuation
[90.200s][info][gc,phases      ] GC(202)   Pre Evacuate Collection Set: 0.0ms
[90.200s][info][gc,phases      ] GC(202)   Evacuate Collection Set: 75.3ms
[90.200s][info][gc,phases      ] GC(202)   Post Evacuate Collection Set: 0.5ms
[90.200s][info][gc,phases      ] GC(202)   Other: 0.3ms
[90.200s][info][gc,heap        ] GC(202) Eden regions: 114->0(122)
[90.200s][info][gc,heap        ] GC(202) Survivor regions: 15->11(17)
[90.200s][info][gc,heap        ] GC(202) Old regions: 266->281
[90.200s][info][gc,heap        ] GC(202) Humongous regions: 103->103
[90.200s][info][gc,metaspace   ] GC(202) Metaspace: 66734K->66734K(1110016K)
[90.200s][info][gc             ] GC(202) Pause Young (Normal) (G1 Evacuation Pause) 496M->392M(1409M) 76.120ms
[90.200s][info][gc,cpu         ] GC(202) User=0.07s Sys=0.01s Real=0.08s
[90.516s][info][gc,start       ] GC(203) Pause Young (Normal) (G1 Evacuation Pause)
[90.516s][info][gc,task        ] GC(203) Using 1 workers of 1 for evacuation
[90.572s][info][gc,phases      ] GC(203)   Pre Evacuate Collection Set: 0.0ms
[90.572s][info][gc,phases      ] GC(203)   Evacuate Collection Set: 54.5ms
[90.572s][info][gc,phases      ] GC(203)   Post Evacuate Collection Set: 0.7ms
[90.572s][info][gc,phases      ] GC(203)   Other: 0.3ms
[90.572s][info][gc,heap        ] GC(203) Eden regions: 122->0(143)
[90.572s][info][gc,heap        ] GC(203) Survivor regions: 11->8(17)
[90.572s][info][gc,heap        ] GC(203) Old regions: 281->291
[90.572s][info][gc,heap        ] GC(203) Humongous regions: 103->103
[90.572s][info][gc,metaspace   ] GC(203) Metaspace: 66734K->66734K(1110016K)
[90.572s][info][gc             ] GC(203) Pause Young (Normal) (G1 Evacuation Pause) 514M->400M(1526M) 55.541ms
[90.572s][info][gc,cpu         ] GC(203) User=0.06s Sys=0.00s Real=0.06s
[90.999s][info][gc,start       ] GC(204) Pause Young (Normal) (G1 Evacuation Pause)
[91.000s][info][gc,task        ] GC(204) Using 1 workers of 1 for evacuation
[91.063s][info][gc,phases      ] GC(204)   Pre Evacuate Collection Set: 0.1ms
[91.063s][info][gc,phases      ] GC(204)   Evacuate Collection Set: 62.1ms
[91.063s][info][gc,phases      ] GC(204)   Post Evacuate Collection Set: 0.6ms
[91.063s][info][gc,phases      ] GC(204)   Other: 0.6ms
[91.063s][info][gc,heap        ] GC(204) Eden regions: 143->0(125)
[91.063s][info][gc,heap        ] GC(204) Survivor regions: 8->16(19)
[91.063s][info][gc,heap        ] GC(204) Old regions: 291->291
[91.063s][info][gc,heap        ] GC(204) Humongous regions: 112->112
[91.063s][info][gc,metaspace   ] GC(204) Metaspace: 66734K->66734K(1110016K)
[91.063s][info][gc             ] GC(204) Pause Young (Normal) (G1 Evacuation Pause) 552M->416M(1526M) 63.340ms
[91.063s][info][gc,cpu         ] GC(204) User=0.06s Sys=0.00s Real=0.06s
[91.704s][info][gc,start       ] GC(205) Pause Young (Normal) (G1 Evacuation Pause)
[91.704s][info][gc,task        ] GC(205) Using 1 workers of 1 for evacuation
[91.790s][info][gc,phases      ] GC(205)   Pre Evacuate Collection Set: 0.1ms
[91.790s][info][gc,phases      ] GC(205)   Evacuate Collection Set: 85.4ms
[91.790s][info][gc,phases      ] GC(205)   Post Evacuate Collection Set: 0.6ms
[91.790s][info][gc,phases      ] GC(205)   Other: 0.3ms
[91.790s][info][gc,heap        ] GC(205) Eden regions: 71->0(135)
[91.790s][info][gc,heap        ] GC(205) Survivor regions: 16->4(11)
[91.790s][info][gc,heap        ] GC(205) Old regions: 291->305
[91.790s][info][gc,heap        ] GC(205) Humongous regions: 122->117
[91.790s][info][gc,metaspace   ] GC(205) Metaspace: 66752K->66752K(1110016K)
[91.790s][info][gc             ] GC(205) Pause Young (Normal) (G1 Evacuation Pause) 497M->424M(1526M) 86.382ms
[91.790s][info][gc,cpu         ] GC(205) User=0.08s Sys=0.00s Real=0.09s
[92.093s][info][gc,start       ] GC(206) Pause Young (Normal) (G1 Evacuation Pause)
[92.093s][info][gc,task        ] GC(206) Using 1 workers of 1 for evacuation
[92.195s][info][gc,phases      ] GC(206)   Pre Evacuate Collection Set: 0.1ms
[92.195s][info][gc,phases      ] GC(206)   Evacuate Collection Set: 101.3ms
[92.195s][info][gc,phases      ] GC(206)   Post Evacuate Collection Set: 0.5ms
[92.195s][info][gc,phases      ] GC(206)   Other: 0.3ms
[92.195s][info][gc,heap        ] GC(206) Eden regions: 77->0(109)
[92.195s][info][gc,heap        ] GC(206) Survivor regions: 4->11(11)
[92.195s][info][gc,heap        ] GC(206) Old regions: 305->318
[92.195s][info][gc,heap        ] GC(206) Humongous regions: 134->134
[92.195s][info][gc,metaspace   ] GC(206) Metaspace: 66755K->66755K(1110016K)
[92.195s][info][gc             ] GC(206) Pause Young (Normal) (G1 Evacuation Pause) 518M->461M(1526M) 102.258ms
[92.195s][info][gc,cpu         ] GC(206) User=0.10s Sys=0.00s Real=0.10s
[92.483s][info][gc,start       ] GC(207) Pause Young (Normal) (G1 Evacuation Pause)
[92.484s][info][gc,task        ] GC(207) Using 1 workers of 1 for evacuation
[92.659s][info][gc,phases      ] GC(207)   Pre Evacuate Collection Set: 0.1ms
[92.659s][info][gc,phases      ] GC(207)   Evacuate Collection Set: 174.3ms
[92.659s][info][gc,phases      ] GC(207)   Post Evacuate Collection Set: 0.9ms
[92.659s][info][gc,phases      ] GC(207)   Other: 0.3ms
[92.659s][info][gc,heap        ] GC(207) Eden regions: 109->0(74)
[92.659s][info][gc,heap        ] GC(207) Survivor regions: 11->15(15)
[92.659s][info][gc,heap        ] GC(207) Old regions: 318->336
[92.659s][info][gc,heap        ] GC(207) Humongous regions: 145->145
[92.659s][info][gc,metaspace   ] GC(207) Metaspace: 66755K->66755K(1110016K)
[92.659s][info][gc             ] GC(207) Pause Young (Normal) (G1 Evacuation Pause) 581M->494M(1619M) 175.720ms
[92.659s][info][gc,cpu         ] GC(207) User=0.18s Sys=0.00s Real=0.18s
[92.892s][info][gc,start       ] GC(208) Pause Young (Normal) (G1 Evacuation Pause)
[92.892s][info][gc,task        ] GC(208) Using 1 workers of 1 for evacuation
[92.970s][info][gc,phases      ] GC(208)   Pre Evacuate Collection Set: 0.1ms
[92.970s][info][gc,phases      ] GC(208)   Evacuate Collection Set: 77.5ms
[92.970s][info][gc,phases      ] GC(208)   Post Evacuate Collection Set: 0.4ms
[92.970s][info][gc,phases      ] GC(208)   Other: 0.3ms
[92.970s][info][gc,heap        ] GC(208) Eden regions: 74->0(88)
[92.970s][info][gc,heap        ] GC(208) Survivor regions: 15->7(12)
[92.970s][info][gc,heap        ] GC(208) Old regions: 336->351
[92.970s][info][gc,heap        ] GC(208) Humongous regions: 150->150
[92.970s][info][gc,metaspace   ] GC(208) Metaspace: 66755K->66755K(1110016K)
[92.970s][info][gc             ] GC(208) Pause Young (Normal) (G1 Evacuation Pause) 573M->506M(1619M) 78.277ms
[92.970s][info][gc,cpu         ] GC(208) User=0.08s Sys=0.00s Real=0.08s
[93.175s][info][gc,start       ] GC(209) Pause Young (Normal) (G1 Evacuation Pause)
[93.175s][info][gc,task        ] GC(209) Using 1 workers of 1 for evacuation
[93.218s][info][gc,phases      ] GC(209)   Pre Evacuate Collection Set: 0.1ms
[93.218s][info][gc,phases      ] GC(209)   Evacuate Collection Set: 42.2ms
[93.218s][info][gc,phases      ] GC(209)   Post Evacuate Collection Set: 0.4ms
[93.218s][info][gc,phases      ] GC(209)   Other: 0.3ms
[93.218s][info][gc,heap        ] GC(209) Eden regions: 88->0(108)
[93.218s][info][gc,heap        ] GC(209) Survivor regions: 7->7(12)
[93.218s][info][gc,heap        ] GC(209) Old regions: 351->358
[93.218s][info][gc,heap        ] GC(209) Humongous regions: 150->150
[93.218s][info][gc,metaspace   ] GC(209) Metaspace: 66755K->66755K(1110016K)
[93.218s][info][gc             ] GC(209) Pause Young (Normal) (G1 Evacuation Pause) 594M->513M(1619M) 42.925ms
[93.218s][info][gc,cpu         ] GC(209) User=0.04s Sys=0.00s Real=0.05s
[93.511s][info][gc,start       ] GC(210) Pause Young (Normal) (G1 Evacuation Pause)
[93.511s][info][gc,task        ] GC(210) Using 1 workers of 1 for evacuation
[93.545s][info][gc,phases      ] GC(210)   Pre Evacuate Collection Set: 0.1ms
[93.545s][info][gc,phases      ] GC(210)   Evacuate Collection Set: 33.1ms
[93.545s][info][gc,phases      ] GC(210)   Post Evacuate Collection Set: 0.5ms
[93.545s][info][gc,phases      ] GC(210)   Other: 0.2ms
[93.545s][info][gc,heap        ] GC(210) Eden regions: 108->0(128)
[93.545s][info][gc,heap        ] GC(210) Survivor regions: 7->12(15)
[93.545s][info][gc,heap        ] GC(210) Old regions: 358->358
[93.545s][info][gc,heap        ] GC(210) Humongous regions: 150->150
[93.545s][info][gc,metaspace   ] GC(210) Metaspace: 66755K->66755K(1110016K)
[93.545s][info][gc             ] GC(210) Pause Young (Normal) (G1 Evacuation Pause) 621M->518M(1619M) 33.957ms
[93.545s][info][gc,cpu         ] GC(210) User=0.03s Sys=0.00s Real=0.03s
[94.211s][info][gc,start       ] GC(211) Pause Young (Normal) (G1 Evacuation Pause)
[94.211s][info][gc,task        ] GC(211) Using 1 workers of 1 for evacuation
[94.307s][info][gc,phases      ] GC(211)   Pre Evacuate Collection Set: 0.1ms
[94.307s][info][gc,phases      ] GC(211)   Evacuate Collection Set: 94.7ms
[94.307s][info][gc,phases      ] GC(211)   Post Evacuate Collection Set: 0.9ms
[94.307s][info][gc,phases      ] GC(211)   Other: 0.3ms
[94.307s][info][gc,heap        ] GC(211) Eden regions: 111->0(115)
[94.307s][info][gc,heap        ] GC(211) Survivor regions: 12->13(16)
[94.307s][info][gc,heap        ] GC(211) Old regions: 358->363
[94.307s][info][gc,heap        ] GC(211) Humongous regions: 164->164
[94.307s][info][gc,metaspace   ] GC(211) Metaspace: 66767K->66767K(1110016K)
[94.307s][info][gc             ] GC(211) Pause Young (Normal) (G1 Evacuation Pause) 643M->538M(1694M) 96.063ms
[94.307s][info][gc,cpu         ] GC(211) User=0.10s Sys=0.00s Real=0.09s
[94.756s][info][gc,start       ] GC(212) Pause Young (Normal) (G1 Evacuation Pause)
[94.756s][info][gc,task        ] GC(212) Using 1 workers of 1 for evacuation
[94.906s][info][gc,phases      ] GC(212)   Pre Evacuate Collection Set: 0.1ms
[94.906s][info][gc,phases      ] GC(212)   Evacuate Collection Set: 148.9ms
[94.906s][info][gc,phases      ] GC(212)   Post Evacuate Collection Set: 0.5ms
[94.906s][info][gc,phases      ] GC(212)   Other: 0.3ms
[94.906s][info][gc,heap        ] GC(212) Eden regions: 115->0(68)
[94.906s][info][gc,heap        ] GC(212) Survivor regions: 13->16(16)
[94.906s][info][gc,heap        ] GC(212) Old regions: 363->393
[94.906s][info][gc,heap        ] GC(212) Humongous regions: 186->186
[94.906s][info][gc,metaspace   ] GC(212) Metaspace: 66770K->66770K(1110016K)
[94.906s][info][gc             ] GC(212) Pause Young (Normal) (G1 Evacuation Pause) 675M->593M(1694M) 149.863ms
[94.906s][info][gc,cpu         ] GC(212) User=0.14s Sys=0.01s Real=0.15s
[95.053s][info][gc,start       ] GC(213) Pause Young (Normal) (G1 Evacuation Pause)
[95.053s][info][gc,task        ] GC(213) Using 1 workers of 1 for evacuation
[95.140s][info][gc,phases      ] GC(213)   Pre Evacuate Collection Set: 0.1ms
[95.140s][info][gc,phases      ] GC(213)   Evacuate Collection Set: 86.2ms
[95.140s][info][gc,phases      ] GC(213)   Post Evacuate Collection Set: 0.5ms
[95.140s][info][gc,phases      ] GC(213)   Other: 0.3ms
[95.140s][info][gc,heap        ] GC(213) Eden regions: 68->0(76)
[95.140s][info][gc,heap        ] GC(213) Survivor regions: 16->8(11)
[95.140s][info][gc,heap        ] GC(213) Old regions: 393->409
[95.140s][info][gc,heap        ] GC(213) Humongous regions: 189->189
[95.140s][info][gc,metaspace   ] GC(213) Metaspace: 66789K->66789K(1110016K)
[95.140s][info][gc             ] GC(213) Pause Young (Normal) (G1 Evacuation Pause) 664M->604M(1694M) 87.087ms
[95.140s][info][gc,cpu         ] GC(213) User=0.09s Sys=0.00s Real=0.09s
[95.362s][info][gc,start       ] GC(214) Pause Young (Normal) (G1 Evacuation Pause)
[95.363s][info][gc,task        ] GC(214) Using 1 workers of 1 for evacuation
[95.429s][info][gc,phases      ] GC(214)   Pre Evacuate Collection Set: 0.1ms
[95.429s][info][gc,phases      ] GC(214)   Evacuate Collection Set: 65.5ms
[95.429s][info][gc,phases      ] GC(214)   Post Evacuate Collection Set: 0.4ms
[95.429s][info][gc,phases      ] GC(214)   Other: 0.3ms
[95.429s][info][gc,heap        ] GC(214) Eden regions: 76->0(77)
[95.429s][info][gc,heap        ] GC(214) Survivor regions: 8->7(11)
[95.429s][info][gc,heap        ] GC(214) Old regions: 409->417
[95.429s][info][gc,heap        ] GC(214) Humongous regions: 197->197
[95.429s][info][gc,metaspace   ] GC(214) Metaspace: 66789K->66789K(1110016K)
[95.429s][info][gc             ] GC(214) Pause Young (Normal) (G1 Evacuation Pause) 688M->619M(1694M) 66.303ms
[95.429s][info][gc,cpu         ] GC(214) User=0.07s Sys=0.00s Real=0.07s
[95.609s][info][gc,start       ] GC(215) Pause Young (Normal) (G1 Evacuation Pause)
[95.609s][info][gc,task        ] GC(215) Using 1 workers of 1 for evacuation
[95.659s][info][gc,phases      ] GC(215)   Pre Evacuate Collection Set: 0.1ms
[95.659s][info][gc,phases      ] GC(215)   Evacuate Collection Set: 49.6ms
[95.659s][info][gc,phases      ] GC(215)   Post Evacuate Collection Set: 0.6ms
[95.659s][info][gc,phases      ] GC(215)   Other: 0.4ms
[95.659s][info][gc,heap        ] GC(215) Eden regions: 77->0(82)
[95.659s][info][gc,heap        ] GC(215) Survivor regions: 7->6(11)
[95.659s][info][gc,heap        ] GC(215) Old regions: 417->424
[95.659s][info][gc,heap        ] GC(215) Humongous regions: 197->197
[95.659s][info][gc,metaspace   ] GC(215) Metaspace: 66789K->66789K(1110016K)
[95.659s][info][gc             ] GC(215) Pause Young (Normal) (G1 Evacuation Pause) 696M->625M(1764M) 50.711ms
[95.659s][info][gc,cpu         ] GC(215) User=0.04s Sys=0.00s Real=0.06s
[95.876s][info][gc,start       ] GC(216) Pause Young (Normal) (G1 Evacuation Pause)
[95.876s][info][gc,task        ] GC(216) Using 1 workers of 1 for evacuation
[95.910s][info][gc,phases      ] GC(216)   Pre Evacuate Collection Set: 0.1ms
[95.910s][info][gc,phases      ] GC(216)   Evacuate Collection Set: 33.5ms
[95.910s][info][gc,phases      ] GC(216)   Post Evacuate Collection Set: 0.3ms
[95.910s][info][gc,phases      ] GC(216)   Other: 0.3ms
[95.910s][info][gc,heap        ] GC(216) Eden regions: 82->0(101)
[95.910s][info][gc,heap        ] GC(216) Survivor regions: 6->6(11)
[95.910s][info][gc,heap        ] GC(216) Old regions: 424->429
[95.910s][info][gc,heap        ] GC(216) Humongous regions: 197->197
[95.910s][info][gc,metaspace   ] GC(216) Metaspace: 66789K->66789K(1110016K)
[95.910s][info][gc             ] GC(216) Pause Young (Normal) (G1 Evacuation Pause) 707M->630M(1764M) 34.191ms
[95.910s][info][gc,cpu         ] GC(216) User=0.03s Sys=0.00s Real=0.04s
[96.201s][info][gc,start       ] GC(217) Pause Young (Normal) (G1 Evacuation Pause)
[96.201s][info][gc,task        ] GC(217) Using 1 workers of 1 for evacuation
[96.256s][info][gc,phases      ] GC(217)   Pre Evacuate Collection Set: 0.1ms
[96.256s][info][gc,phases      ] GC(217)   Evacuate Collection Set: 54.2ms
[96.256s][info][gc,phases      ] GC(217)   Post Evacuate Collection Set: 0.5ms
[96.256s][info][gc,phases      ] GC(217)   Other: 0.8ms
[96.256s][info][gc,heap        ] GC(217) Eden regions: 101->0(85)
[96.256s][info][gc,heap        ] GC(217) Survivor regions: 6->11(14)
[96.256s][info][gc,heap        ] GC(217) Old regions: 429->429
[96.256s][info][gc,heap        ] GC(217) Humongous regions: 206->206
[96.256s][info][gc,metaspace   ] GC(217) Metaspace: 66789K->66789K(1110016K)
[96.256s][info][gc             ] GC(217) Pause Young (Normal) (G1 Evacuation Pause) 740M->644M(1764M) 55.622ms
[96.256s][info][gc,cpu         ] GC(217) User=0.06s Sys=0.00s Real=0.05s
[96.964s][info][gc,start       ] GC(218) Pause Young (Normal) (G1 Evacuation Pause)
[96.964s][info][gc,task        ] GC(218) Using 1 workers of 1 for evacuation
[97.066s][info][gc,phases      ] GC(218)   Pre Evacuate Collection Set: 0.1ms
[97.066s][info][gc,phases      ] GC(218)   Evacuate Collection Set: 101.0ms
[97.066s][info][gc,phases      ] GC(218)   Post Evacuate Collection Set: 0.7ms
[97.066s][info][gc,phases      ] GC(218)   Other: 0.3ms
[97.066s][info][gc,heap        ] GC(218) Eden regions: 85->0(76)
[97.066s][info][gc,heap        ] GC(218) Survivor regions: 11->12(12)
[97.066s][info][gc,heap        ] GC(218) Old regions: 429->440
[97.066s][info][gc,heap        ] GC(218) Humongous regions: 222->222
[97.066s][info][gc,metaspace   ] GC(218) Metaspace: 66792K->66792K(1110016K)
[97.066s][info][gc             ] GC(218) Pause Young (Normal) (G1 Evacuation Pause) 745M->672M(1764M) 102.189ms
[97.066s][info][gc,cpu         ] GC(218) User=0.11s Sys=0.00s Real=0.10s
[97.299s][info][gc,start       ] GC(219) Pause Young (Normal) (G1 Evacuation Pause)
[97.299s][info][gc,task        ] GC(219) Using 1 workers of 1 for evacuation
[97.412s][info][gc,phases      ] GC(219)   Pre Evacuate Collection Set: 0.1ms
[97.412s][info][gc,phases      ] GC(219)   Evacuate Collection Set: 112.5ms
[97.412s][info][gc,phases      ] GC(219)   Post Evacuate Collection Set: 0.7ms
[97.412s][info][gc,phases      ] GC(219)   Other: 0.3ms
[97.412s][info][gc,heap        ] GC(219) Eden regions: 76->0(80)
[97.412s][info][gc,heap        ] GC(219) Survivor regions: 12->11(11)
[97.412s][info][gc,heap        ] GC(219) Old regions: 440->465
[97.412s][info][gc,heap        ] GC(219) Humongous regions: 233->233
[97.412s][info][gc,metaspace   ] GC(219) Metaspace: 66794K->66794K(1110016K)
[97.412s][info][gc             ] GC(219) Pause Young (Normal) (G1 Evacuation Pause) 759M->707M(1810M) 113.686ms
[97.412s][info][gc,cpu         ] GC(219) User=0.11s Sys=0.00s Real=0.11s
[97.672s][info][gc,start       ] GC(220) Pause Young (Normal) (G1 Evacuation Pause)
[97.672s][info][gc,task        ] GC(220) Using 1 workers of 1 for evacuation
[97.767s][info][gc,phases      ] GC(220)   Pre Evacuate Collection Set: 0.1ms
[97.767s][info][gc,phases      ] GC(220)   Evacuate Collection Set: 94.3ms
[97.767s][info][gc,phases      ] GC(220)   Post Evacuate Collection Set: 0.6ms
[97.767s][info][gc,phases      ] GC(220)   Other: 0.3ms
[97.767s][info][gc,heap        ] GC(220) Eden regions: 80->0(80)
[97.767s][info][gc,heap        ] GC(220) Survivor regions: 11->10(12)
[97.767s][info][gc,heap        ] GC(220) Old regions: 465->476
[97.767s][info][gc,heap        ] GC(220) Humongous regions: 239->239
[97.767s][info][gc,metaspace   ] GC(220) Metaspace: 66794K->66794K(1110016K)
[97.767s][info][gc             ] GC(220) Pause Young (Normal) (G1 Evacuation Pause) 793M->722M(1810M) 95.285ms
[97.767s][info][gc,cpu         ] GC(220) User=0.09s Sys=0.00s Real=0.09s
[97.980s][info][gc,start       ] GC(221) Pause Young (Normal) (G1 Evacuation Pause)
[97.980s][info][gc,task        ] GC(221) Using 1 workers of 1 for evacuation
[98.046s][info][gc,phases      ] GC(221)   Pre Evacuate Collection Set: 0.1ms
[98.046s][info][gc,phases      ] GC(221)   Evacuate Collection Set: 65.4ms
[98.046s][info][gc,phases      ] GC(221)   Post Evacuate Collection Set: 0.4ms
[98.046s][info][gc,phases      ] GC(221)   Other: 0.3ms
[98.046s][info][gc,heap        ] GC(221) Eden regions: 80->0(86)
[98.046s][info][gc,heap        ] GC(221) Survivor regions: 10->8(12)
[98.046s][info][gc,heap        ] GC(221) Old regions: 476->485
[98.046s][info][gc,heap        ] GC(221) Humongous regions: 244->244
[98.046s][info][gc,metaspace   ] GC(221) Metaspace: 66794K->66794K(1110016K)
[98.046s][info][gc             ] GC(221) Pause Young (Normal) (G1 Evacuation Pause) 807M->735M(1810M) 66.242ms
[98.046s][info][gc,cpu         ] GC(221) User=0.06s Sys=0.00s Real=0.06s
[98.246s][info][gc,start       ] GC(222) Pause Young (Normal) (G1 Evacuation Pause)
[98.246s][info][gc,task        ] GC(222) Using 1 workers of 1 for evacuation
[98.286s][info][gc,phases      ] GC(222)   Pre Evacuate Collection Set: 0.1ms
[98.286s][info][gc,phases      ] GC(222)   Evacuate Collection Set: 39.4ms
[98.286s][info][gc,phases      ] GC(222)   Post Evacuate Collection Set: 0.3ms
[98.286s][info][gc,phases      ] GC(222)   Other: 0.3ms
[98.286s][info][gc,heap        ] GC(222) Eden regions: 86->0(113)
[98.286s][info][gc,heap        ] GC(222) Survivor regions: 8->7(12)
[98.286s][info][gc,heap        ] GC(222) Old regions: 485->493
[98.286s][info][gc,heap        ] GC(222) Humongous regions: 244->244
[98.286s][info][gc,metaspace   ] GC(222) Metaspace: 66794K->66794K(1110016K)
[98.286s][info][gc             ] GC(222) Pause Young (Normal) (G1 Evacuation Pause) 821M->741M(1810M) 40.081ms
[98.286s][info][gc,cpu         ] GC(222) User=0.04s Sys=0.00s Real=0.04s
[98.593s][info][gc,start       ] GC(223) Pause Young (Normal) (G1 Evacuation Pause)
[98.593s][info][gc,task        ] GC(223) Using 1 workers of 1 for evacuation
[98.629s][info][gc,phases      ] GC(223)   Pre Evacuate Collection Set: 0.1ms
[98.629s][info][gc,phases      ] GC(223)   Evacuate Collection Set: 34.0ms
[98.629s][info][gc,phases      ] GC(223)   Post Evacuate Collection Set: 0.5ms
[98.629s][info][gc,phases      ] GC(223)   Other: 1.1ms
[98.629s][info][gc,heap        ] GC(223) Eden regions: 113->0(140)
[98.629s][info][gc,heap        ] GC(223) Survivor regions: 7->12(15)
[98.629s][info][gc,heap        ] GC(223) Old regions: 493->493
[98.629s][info][gc,heap        ] GC(223) Humongous regions: 244->244
[98.629s][info][gc,metaspace   ] GC(223) Metaspace: 66794K->66794K(1110016K)
[98.629s][info][gc             ] GC(223) Pause Young (Normal) (G1 Evacuation Pause) 854M->747M(1848M) 35.737ms
[98.629s][info][gc,cpu         ] GC(223) User=0.03s Sys=0.00s Real=0.03s
[99.379s][info][gc,start       ] GC(224) Pause Young (Normal) (G1 Evacuation Pause)
[99.379s][info][gc,task        ] GC(224) Using 1 workers of 1 for evacuation
[99.509s][info][gc,phases      ] GC(224)   Pre Evacuate Collection Set: 0.1ms
[99.511s][info][gc,phases      ] GC(224)   Evacuate Collection Set: 128.9ms
[99.511s][info][gc,phases      ] GC(224)   Post Evacuate Collection Set: 0.8ms
[99.511s][info][gc,phases      ] GC(224)   Other: 0.3ms
[99.511s][info][gc,heap        ] GC(224) Eden regions: 116->0(76)
[99.511s][info][gc,heap        ] GC(224) Survivor regions: 12->16(16)
[99.511s][info][gc,heap        ] GC(224) Old regions: 493->498
[99.511s][info][gc,heap        ] GC(224) Humongous regions: 269->264
[99.511s][info][gc,metaspace   ] GC(224) Metaspace: 66827K->66827K(1110016K)
[99.511s][info][gc             ] GC(224) Pause Young (Normal) (G1 Evacuation Pause) 888M->776M(1848M) 132.418ms
[99.511s][info][gc,cpu         ] GC(224) User=0.12s Sys=0.00s Real=0.13s
[99.896s][info][gc,start       ] GC(225) Pause Young (Normal) (G1 Evacuation Pause)
[99.896s][info][gc,task        ] GC(225) Using 1 workers of 1 for evacuation
[100.013s][info][gc,phases      ] GC(225)   Pre Evacuate Collection Set: 0.1ms
[100.013s][info][gc,phases      ] GC(225)   Evacuate Collection Set: 116.7ms
[100.013s][info][gc,phases      ] GC(225)   Post Evacuate Collection Set: 0.5ms
[100.013s][info][gc,phases      ] GC(225)   Other: 0.3ms
[100.013s][info][gc,heap        ] GC(225) Eden regions: 76->0(81)
[100.013s][info][gc,heap        ] GC(225) Survivor regions: 16->12(12)
[100.013s][info][gc,heap        ] GC(225) Old regions: 498->517
[100.013s][info][gc,heap        ] GC(225) Humongous regions: 275->275
[100.013s][info][gc,metaspace   ] GC(225) Metaspace: 66836K->66836K(1110016K)
[100.013s][info][gc             ] GC(225) Pause Young (Normal) (G1 Evacuation Pause) 863M->802M(1848M) 117.706ms
[100.014s][info][gc,cpu         ] GC(225) User=0.11s Sys=0.00s Real=0.12s
[100.379s][info][gc,start       ] GC(226) Pause Young (Normal) (G1 Evacuation Pause)
[100.380s][info][gc,task        ] GC(226) Using 1 workers of 1 for evacuation
[100.482s][info][gc,phases      ] GC(226)   Pre Evacuate Collection Set: 0.1ms
[100.482s][info][gc,phases      ] GC(226)   Evacuate Collection Set: 102.0ms
[100.482s][info][gc,phases      ] GC(226)   Post Evacuate Collection Set: 0.5ms
[100.482s][info][gc,phases      ] GC(226)   Other: 0.3ms
[100.482s][info][gc,heap        ] GC(226) Eden regions: 81->0(87)
[100.482s][info][gc,heap        ] GC(226) Survivor regions: 12->12(12)
[100.482s][info][gc,heap        ] GC(226) Old regions: 517->532
[100.482s][info][gc,heap        ] GC(226) Humongous regions: 291->291
[100.482s][info][gc,metaspace   ] GC(226) Metaspace: 66844K->66844K(1110016K)
[100.482s][info][gc             ] GC(226) Pause Young (Normal) (G1 Evacuation Pause) 899M->833M(1848M) 102.968ms
[100.482s][info][gc,cpu         ] GC(226) User=0.11s Sys=0.00s Real=0.10s
[100.602s][info][gc,start       ] GC(227) Pause Young (Concurrent Start) (G1 Humongous Allocation)
[100.602s][info][gc,task        ] GC(227) Using 1 workers of 1 for evacuation
[100.658s][info][gc,phases      ] GC(227)   Pre Evacuate Collection Set: 0.3ms
[100.658s][info][gc,phases      ] GC(227)   Evacuate Collection Set: 54.7ms
[100.658s][info][gc,phases      ] GC(227)   Post Evacuate Collection Set: 0.5ms
[100.658s][info][gc,phases      ] GC(227)   Other: 0.3ms
[100.658s][info][gc,heap        ] GC(227) Eden regions: 43->0(91)
[100.658s][info][gc,heap        ] GC(227) Survivor regions: 12->4(13)
[100.658s][info][gc,heap        ] GC(227) Old regions: 532->544
[100.658s][info][gc,heap        ] GC(227) Humongous regions: 299->294
[100.658s][info][gc,metaspace   ] GC(227) Metaspace: 66866K->66866K(1110016K)
[100.658s][info][gc             ] GC(227) Pause Young (Concurrent Start) (G1 Humongous Allocation) 883M->840M(1884M) 55.925ms
[100.658s][info][gc,cpu         ] GC(227) User=0.05s Sys=0.00s Real=0.06s
[100.658s][info][gc             ] GC(228) Concurrent Cycle
[100.658s][info][gc,marking     ] GC(228) Concurrent Clear Claimed Marks
[100.658s][info][gc,marking     ] GC(228) Concurrent Clear Claimed Marks 0.248ms
[100.658s][info][gc,marking     ] GC(228) Concurrent Scan Root Regions
[100.661s][info][gc,marking     ] GC(228) Concurrent Scan Root Regions 2.958ms
[100.661s][info][gc,marking     ] GC(228) Concurrent Mark (100.661s)
[100.661s][info][gc,marking     ] GC(228) Concurrent Mark From Roots
[100.661s][info][gc,task        ] GC(228) Using 1 workers of 1 for marking
[101.011s][info][gc,marking     ] GC(228) Concurrent Mark From Roots 349.936ms
[101.011s][info][gc,marking     ] GC(228) Concurrent Preclean
[101.011s][info][gc,marking     ] GC(228) Concurrent Preclean 0.093ms
[101.011s][info][gc,marking     ] GC(228) Concurrent Mark (100.661s, 101.011s) 350.114ms
[101.014s][info][gc,start       ] GC(228) Pause Remark
[101.032s][info][gc,stringtable ] GC(228) Cleaned string and symbol table, strings: 23367 processed, 22 removed, symbols: 139748 processed, 0 removed
[101.032s][info][gc             ] GC(228) Pause Remark 872M->215M(1884M) 18.224ms
[101.032s][info][gc,cpu         ] GC(228) User=0.02s Sys=0.00s Real=0.02s
[101.034s][info][gc,marking     ] GC(228) Concurrent Rebuild Remembered Sets
[101.315s][info][gc,marking     ] GC(228) Concurrent Rebuild Remembered Sets 281.199ms
[101.318s][info][gc,start       ] GC(228) Pause Cleanup
[101.319s][info][gc             ] GC(228) Pause Cleanup 270M->270M(1884M) 0.369ms
[101.319s][info][gc,cpu         ] GC(228) User=0.00s Sys=0.00s Real=0.00s
[101.319s][info][gc,marking     ] GC(228) Concurrent Cleanup for Next Mark
[101.328s][info][gc,marking     ] GC(228) Concurrent Cleanup for Next Mark 9.547ms
[101.328s][info][gc             ] GC(228) Concurrent Cycle 670.556ms
[101.414s][info][gc,start       ] GC(229) Pause Young (Normal) (G1 Evacuation Pause)
[101.414s][info][gc,task        ] GC(229) Using 1 workers of 1 for evacuation
[101.487s][info][gc,phases      ] GC(229)   Pre Evacuate Collection Set: 0.1ms
[101.487s][info][gc,phases      ] GC(229)   Evacuate Collection Set: 72.3ms
[101.487s][info][gc,phases      ] GC(229)   Post Evacuate Collection Set: 0.5ms
[101.487s][info][gc,phases      ] GC(229)   Other: 0.2ms
[101.487s][info][gc,heap        ] GC(229) Eden regions: 90->0(82)
[101.487s][info][gc,heap        ] GC(229) Survivor regions: 4->12(12)
[101.487s][info][gc,heap        ] GC(229) Old regions: 170->178
[101.487s][info][gc,heap        ] GC(229) Humongous regions: 25->25
[101.487s][info][gc,metaspace   ] GC(229) Metaspace: 66896K->66896K(1110016K)
[101.487s][info][gc             ] GC(229) Pause Young (Normal) (G1 Evacuation Pause) 287M->213M(1884M) 73.158ms
[101.487s][info][gc,cpu         ] GC(229) User=0.08s Sys=0.00s Real=0.07s
[101.818s][info][gc,start       ] GC(230) Pause Young (Normal) (G1 Evacuation Pause)
[101.818s][info][gc,task        ] GC(230) Using 1 workers of 1 for evacuation
[101.905s][info][gc,phases      ] GC(230)   Pre Evacuate Collection Set: 0.1ms
[101.905s][info][gc,phases      ] GC(230)   Evacuate Collection Set: 86.3ms
[101.905s][info][gc,phases      ] GC(230)   Post Evacuate Collection Set: 0.6ms
[101.905s][info][gc,phases      ] GC(230)   Other: 0.3ms
[101.905s][info][gc,heap        ] GC(230) Eden regions: 82->0(84)
[101.905s][info][gc,heap        ] GC(230) Survivor regions: 12->12(12)
[101.905s][info][gc,heap        ] GC(230) Old regions: 178->191
[101.905s][info][gc,heap        ] GC(230) Humongous regions: 41->41
[101.905s][info][gc,metaspace   ] GC(230) Metaspace: 66901K->66901K(1110016K)
[101.906s][info][gc             ] GC(230) Pause Young (Normal) (G1 Evacuation Pause) 311M->242M(1884M) 88.015ms
[101.906s][info][gc,cpu         ] GC(230) User=0.08s Sys=0.00s Real=0.08s
[102.232s][info][gc,start       ] GC(231) Pause Young (Normal) (G1 Evacuation Pause)
[102.232s][info][gc,task        ] GC(231) Using 1 workers of 1 for evacuation
[102.316s][info][gc,phases      ] GC(231)   Pre Evacuate Collection Set: 0.1ms
[102.316s][info][gc,phases      ] GC(231)   Evacuate Collection Set: 83.0ms
[102.316s][info][gc,phases      ] GC(231)   Post Evacuate Collection Set: 0.6ms
[102.316s][info][gc,phases      ] GC(231)   Other: 0.3ms
[102.316s][info][gc,heap        ] GC(231) Eden regions: 84->0(88)
[102.316s][info][gc,heap        ] GC(231) Survivor regions: 12->12(12)
[102.316s][info][gc,heap        ] GC(231) Old regions: 191->204
[102.316s][info][gc,heap        ] GC(231) Humongous regions: 57->52
[102.316s][info][gc,metaspace   ] GC(231) Metaspace: 66923K->66923K(1110016K)
[102.316s][info][gc             ] GC(231) Pause Young (Normal) (G1 Evacuation Pause) 342M->266M(1884M) 84.012ms
[102.316s][info][gc,cpu         ] GC(231) User=0.09s Sys=0.00s Real=0.08s
[102.619s][info][gc,start       ] GC(232) Pause Young (Normal) (G1 Evacuation Pause)
[102.619s][info][gc,task        ] GC(232) Using 1 workers of 1 for evacuation
[102.674s][info][gc,phases      ] GC(232)   Pre Evacuate Collection Set: 0.1ms
[102.674s][info][gc,phases      ] GC(232)   Evacuate Collection Set: 54.1ms
[102.674s][info][gc,phases      ] GC(232)   Post Evacuate Collection Set: 0.6ms
[102.674s][info][gc,phases      ] GC(232)   Other: 0.3ms
[102.674s][info][gc,heap        ] GC(232) Eden regions: 88->0(104)
[102.674s][info][gc,heap        ] GC(232) Survivor regions: 12->4(13)
[102.674s][info][gc,heap        ] GC(232) Old regions: 204->216
[102.674s][info][gc,heap        ] GC(232) Humongous regions: 58->58
[102.674s][info][gc,metaspace   ] GC(232) Metaspace: 66924K->66924K(1110016K)
[102.674s][info][gc             ] GC(232) Pause Young (Normal) (G1 Evacuation Pause) 360M->276M(1906M) 55.117ms
[102.674s][info][gc,cpu         ] GC(232) User=0.06s Sys=0.00s Real=0.05s
[103.085s][info][gc,start       ] GC(233) Pause Young (Normal) (G1 Evacuation Pause)
[103.085s][info][gc,task        ] GC(233) Using 1 workers of 1 for evacuation
[103.128s][info][gc,phases      ] GC(233)   Pre Evacuate Collection Set: 0.1ms
[103.128s][info][gc,phases      ] GC(233)   Evacuate Collection Set: 42.1ms
[103.128s][info][gc,phases      ] GC(233)   Post Evacuate Collection Set: 0.5ms
[103.128s][info][gc,phases      ] GC(233)   Other: 0.3ms
[103.128s][info][gc,heap        ] GC(233) Eden regions: 104->0(109)
[103.128s][info][gc,heap        ] GC(233) Survivor regions: 4->12(14)
[103.128s][info][gc,heap        ] GC(233) Old regions: 216->216
[103.128s][info][gc,heap        ] GC(233) Humongous regions: 63->63
[103.128s][info][gc,metaspace   ] GC(233) Metaspace: 66927K->66927K(1110016K)
[103.128s][info][gc             ] GC(233) Pause Young (Normal) (G1 Evacuation Pause) 385M->289M(1906M) 43.088ms
[103.128s][info][gc,cpu         ] GC(233) User=0.04s Sys=0.00s Real=0.04s
[103.584s][info][gc,start       ] GC(234) Pause Young (Normal) (G1 Evacuation Pause)
[103.584s][info][gc,task        ] GC(234) Using 1 workers of 1 for evacuation
[103.658s][info][gc,phases      ] GC(234)   Pre Evacuate Collection Set: 0.1ms
[103.658s][info][gc,phases      ] GC(234)   Evacuate Collection Set: 72.9ms
[103.658s][info][gc,phases      ] GC(234)   Post Evacuate Collection Set: 0.5ms
[103.658s][info][gc,phases      ] GC(234)   Other: 0.3ms
[103.658s][info][gc,heap        ] GC(234) Eden regions: 109->0(120)
[103.658s][info][gc,heap        ] GC(234) Survivor regions: 12->11(16)
[103.658s][info][gc,heap        ] GC(234) Old regions: 216->228
[103.658s][info][gc,heap        ] GC(234) Humongous regions: 79->74
[103.658s][info][gc,metaspace   ] GC(234) Metaspace: 66937K->66937K(1110016K)
[103.658s][info][gc             ] GC(234) Pause Young (Normal) (G1 Evacuation Pause) 414M->311M(1906M) 73.844ms
[103.658s][info][gc,cpu         ] GC(234) User=0.07s Sys=0.00s Real=0.08s
[103.839s][info][gc,start       ] GC(235) Pause Young (Normal) (G1 Evacuation Pause)
[103.839s][info][gc,task        ] GC(235) Using 1 workers of 1 for evacuation
[103.929s][info][gc,phases      ] GC(235)   Pre Evacuate Collection Set: 0.1ms
[103.929s][info][gc,phases      ] GC(235)   Evacuate Collection Set: 89.6ms
[103.929s][info][gc,phases      ] GC(235)   Post Evacuate Collection Set: 0.5ms
[103.929s][info][gc,phases      ] GC(235)   Other: 0.3ms
[103.929s][info][gc,heap        ] GC(235) Eden regions: 120->0(127)
[103.929s][info][gc,heap        ] GC(235) Survivor regions: 11->17(17)
[103.929s][info][gc,heap        ] GC(235) Old regions: 228->239
[103.929s][info][gc,heap        ] GC(235) Humongous regions: 80->80
[103.929s][info][gc,metaspace   ] GC(235) Metaspace: 66939K->66939K(1110016K)
[103.929s][info][gc             ] GC(235) Pause Young (Normal) (G1 Evacuation Pause) 437M->334M(1906M) 90.509ms
[103.929s][info][gc,cpu         ] GC(235) User=0.09s Sys=0.00s Real=0.09s
[104.593s][info][gc,start       ] GC(236) Pause Young (Normal) (G1 Evacuation Pause)
[104.593s][info][gc,task        ] GC(236) Using 1 workers of 1 for evacuation
[104.709s][info][gc,phases      ] GC(236)   Pre Evacuate Collection Set: 0.1ms
[104.709s][info][gc,phases      ] GC(236)   Evacuate Collection Set: 114.9ms
[104.709s][info][gc,phases      ] GC(236)   Post Evacuate Collection Set: 0.7ms
[104.709s][info][gc,phases      ] GC(236)   Other: 0.3ms
[104.709s][info][gc,heap        ] GC(236) Eden regions: 127->0(136)
[104.709s][info][gc,heap        ] GC(236) Survivor regions: 17->13(18)
[104.709s][info][gc,heap        ] GC(236) Old regions: 239->256
[104.709s][info][gc,heap        ] GC(236) Humongous regions: 165->118
[104.709s][info][gc,metaspace   ] GC(236) Metaspace: 66956K->66956K(1110016K)
[104.709s][info][gc             ] GC(236) Pause Young (Normal) (G1 Evacuation Pause) 546M->384M(1920M) 116.122ms
[104.709s][info][gc,cpu         ] GC(236) User=0.11s Sys=0.00s Real=0.11s
[104.913s][info][gc,start       ] GC(237) Pause Young (Normal) (G1 Evacuation Pause)
[104.913s][info][gc,task        ] GC(237) Using 1 workers of 1 for evacuation
[105.029s][info][gc,phases      ] GC(237)   Pre Evacuate Collection Set: 0.1ms
[105.029s][info][gc,phases      ] GC(237)   Evacuate Collection Set: 114.8ms
[105.029s][info][gc,phases      ] GC(237)   Post Evacuate Collection Set: 0.5ms
[105.029s][info][gc,phases      ] GC(237)   Other: 0.3ms
[105.029s][info][gc,heap        ] GC(237) Eden regions: 136->0(81)
[105.029s][info][gc,heap        ] GC(237) Survivor regions: 13->19(19)
[105.029s][info][gc,heap        ] GC(237) Old regions: 256->271
[105.029s][info][gc,heap        ] GC(237) Humongous regions: 132->108
[105.029s][info][gc,metaspace   ] GC(237) Metaspace: 66958K->66958K(1110016K)
[105.029s][info][gc             ] GC(237) Pause Young (Normal) (G1 Evacuation Pause) 534M->396M(1920M) 115.749ms
[105.029s][info][gc,cpu         ] GC(237) User=0.12s Sys=0.00s Real=0.11s
[105.403s][info][gc,start       ] GC(238) Pause Young (Normal) (G1 Evacuation Pause)
[105.403s][info][gc,task        ] GC(238) Using 1 workers of 1 for evacuation
[105.514s][info][gc,phases      ] GC(238)   Pre Evacuate Collection Set: 0.1ms
[105.514s][info][gc,phases      ] GC(238)   Evacuate Collection Set: 109.5ms
[105.514s][info][gc,phases      ] GC(238)   Post Evacuate Collection Set: 0.5ms
[105.514s][info][gc,phases      ] GC(238)   Other: 0.3ms
[105.514s][info][gc,heap        ] GC(238) Eden regions: 81->0(89)
[105.514s][info][gc,heap        ] GC(238) Survivor regions: 19->11(13)
[105.514s][info][gc,heap        ] GC(238) Old regions: 271->290
[105.514s][info][gc,heap        ] GC(238) Humongous regions: 134->127
[105.514s][info][gc,metaspace   ] GC(238) Metaspace: 66958K->66958K(1110016K)
[105.514s][info][gc             ] GC(238) Pause Young (Normal) (G1 Evacuation Pause) 503M->425M(1920M) 110.458ms
[105.514s][info][gc,cpu         ] GC(238) User=0.11s Sys=0.00s Real=0.11s
[105.780s][info][gc,start       ] GC(239) Pause Young (Normal) (G1 Evacuation Pause)
[105.780s][info][gc,task        ] GC(239) Using 1 workers of 1 for evacuation
[105.854s][info][gc,phases      ] GC(239)   Pre Evacuate Collection Set: 0.1ms
[105.854s][info][gc,phases      ] GC(239)   Evacuate Collection Set: 73.6ms
[105.854s][info][gc,phases      ] GC(239)   Post Evacuate Collection Set: 0.4ms
[105.854s][info][gc,phases      ] GC(239)   Other: 0.3ms
[105.854s][info][gc,heap        ] GC(239) Eden regions: 89->0(94)
[105.854s][info][gc,heap        ] GC(239) Survivor regions: 11->10(13)
[105.854s][info][gc,heap        ] GC(239) Old regions: 290->300
[105.854s][info][gc,heap        ] GC(239) Humongous regions: 190->151
[105.854s][info][gc,metaspace   ] GC(239) Metaspace: 66963K->66963K(1110016K)
[105.854s][info][gc             ] GC(239) Pause Young (Normal) (G1 Evacuation Pause) 577M->459M(1920M) 74.435ms
[105.854s][info][gc,cpu         ] GC(239) User=0.07s Sys=0.00s Real=0.07s
[105.998s][info][gc,start       ] GC(240) Pause Young (Normal) (G1 Evacuation Pause)
[105.998s][info][gc,task        ] GC(240) Using 1 workers of 1 for evacuation
[106.072s][info][gc,phases      ] GC(240)   Pre Evacuate Collection Set: 0.1ms
[106.072s][info][gc,phases      ] GC(240)   Evacuate Collection Set: 73.7ms
[106.072s][info][gc,phases      ] GC(240)   Post Evacuate Collection Set: 0.5ms
[106.072s][info][gc,phases      ] GC(240)   Other: 0.3ms
[106.072s][info][gc,heap        ] GC(240) Eden regions: 94->0(83)
[106.072s][info][gc,heap        ] GC(240) Survivor regions: 10->13(13)
[106.072s][info][gc,heap        ] GC(240) Old regions: 300->312
[106.072s][info][gc,heap        ] GC(240) Humongous regions: 161->139
[106.072s][info][gc,metaspace   ] GC(240) Metaspace: 66964K->66964K(1110016K)
[106.072s][info][gc             ] GC(240) Pause Young (Normal) (G1 Evacuation Pause) 563M->462M(1937M) 74.613ms
[106.072s][info][gc,cpu         ] GC(240) User=0.07s Sys=0.00s Real=0.07s
[106.500s][info][gc,start       ] GC(241) Pause Young (Normal) (G1 Evacuation Pause)
[106.501s][info][gc,task        ] GC(241) Using 1 workers of 1 for evacuation
[106.587s][info][gc,phases      ] GC(241)   Pre Evacuate Collection Set: 0.1ms
[106.587s][info][gc,phases      ] GC(241)   Evacuate Collection Set: 85.9ms
[106.587s][info][gc,phases      ] GC(241)   Post Evacuate Collection Set: 0.5ms
[106.587s][info][gc,phases      ] GC(241)   Other: 0.6ms
[106.587s][info][gc,heap        ] GC(241) Eden regions: 83->0(87)
[106.587s][info][gc,heap        ] GC(241) Survivor regions: 13->9(12)
[106.587s][info][gc,heap        ] GC(241) Old regions: 312->325
[106.587s][info][gc,heap        ] GC(241) Humongous regions: 219->176
[106.587s][info][gc,metaspace   ] GC(241) Metaspace: 66969K->66969K(1110016K)
[106.587s][info][gc             ] GC(241) Pause Young (Normal) (G1 Evacuation Pause) 625M->507M(1937M) 87.108ms
[106.588s][info][gc,cpu         ] GC(241) User=0.09s Sys=0.00s Real=0.08s
[106.733s][info][gc,start       ] GC(242) Pause Young (Normal) (G1 Evacuation Pause)
[106.733s][info][gc,task        ] GC(242) Using 1 workers of 1 for evacuation
[106.832s][info][gc,phases      ] GC(242)   Pre Evacuate Collection Set: 0.1ms
[106.832s][info][gc,phases      ] GC(242)   Evacuate Collection Set: 97.4ms
[106.832s][info][gc,phases      ] GC(242)   Post Evacuate Collection Set: 0.5ms
[106.832s][info][gc,phases      ] GC(242)   Other: 0.3ms
[106.832s][info][gc,heap        ] GC(242) Eden regions: 87->0(84)
[106.832s][info][gc,heap        ] GC(242) Survivor regions: 9->12(12)
[106.832s][info][gc,heap        ] GC(242) Old regions: 325->347
[106.832s][info][gc,heap        ] GC(242) Humongous regions: 196->176
[106.832s][info][gc,metaspace   ] GC(242) Metaspace: 66972K->66972K(1110016K)
[106.832s][info][gc             ] GC(242) Pause Young (Normal) (G1 Evacuation Pause) 614M->533M(1937M) 98.344ms
[106.832s][info][gc,cpu         ] GC(242) User=0.10s Sys=0.00s Real=0.10s
[106.954s][info][gc,start       ] GC(243) Pause Young (Normal) (G1 Evacuation Pause)
[106.954s][info][gc,task        ] GC(243) Using 1 workers of 1 for evacuation
[107.004s][info][gc,phases      ] GC(243)   Pre Evacuate Collection Set: 0.1ms
[107.004s][info][gc,phases      ] GC(243)   Evacuate Collection Set: 49.5ms
[107.004s][info][gc,phases      ] GC(243)   Post Evacuate Collection Set: 0.3ms
[107.004s][info][gc,phases      ] GC(243)   Other: 0.3ms
[107.004s][info][gc,heap        ] GC(243) Eden regions: 84->0(95)
[107.004s][info][gc,heap        ] GC(243) Survivor regions: 12->1(12)
[107.004s][info][gc,heap        ] GC(243) Old regions: 347->359
[107.004s][info][gc,heap        ] GC(243) Humongous regions: 176->176
[107.004s][info][gc,metaspace   ] GC(243) Metaspace: 66972K->66972K(1110016K)
[107.004s][info][gc             ] GC(243) Pause Young (Normal) (G1 Evacuation Pause) 617M->534M(1937M) 50.256ms
[107.004s][info][gc,cpu         ] GC(243) User=0.05s Sys=0.00s Real=0.05s
[107.066s][info][gc,start       ] GC(244) Pause Young (Normal) (G1 Evacuation Pause)
[107.066s][info][gc,task        ] GC(244) Using 1 workers of 1 for evacuation
[107.071s][info][gc,phases      ] GC(244)   Pre Evacuate Collection Set: 0.1ms
[107.071s][info][gc,phases      ] GC(244)   Evacuate Collection Set: 3.6ms
[107.071s][info][gc,phases      ] GC(244)   Post Evacuate Collection Set: 0.4ms
[107.071s][info][gc,phases      ] GC(244)   Other: 0.4ms
[107.071s][info][gc,heap        ] GC(244) Eden regions: 95->0(102)
[107.071s][info][gc,heap        ] GC(244) Survivor regions: 1->1(12)
[107.071s][info][gc,heap        ] GC(244) Old regions: 359->359
[107.071s][info][gc,heap        ] GC(244) Humongous regions: 176->176
[107.071s][info][gc,metaspace   ] GC(244) Metaspace: 66972K->66972K(1110016K)
[107.071s][info][gc             ] GC(244) Pause Young (Normal) (G1 Evacuation Pause) 629M->534M(1948M) 4.564ms
[107.071s][info][gc,cpu         ] GC(244) User=0.01s Sys=0.00s Real=0.01s
[107.118s][info][gc,start       ] GC(245) Pause Young (Normal) (G1 Evacuation Pause)
[107.118s][info][gc,task        ] GC(245) Using 1 workers of 1 for evacuation
[107.121s][info][gc,phases      ] GC(245)   Pre Evacuate Collection Set: 0.1ms
[107.121s][info][gc,phases      ] GC(245)   Evacuate Collection Set: 1.7ms
[107.121s][info][gc,phases      ] GC(245)   Post Evacuate Collection Set: 0.3ms
[107.121s][info][gc,phases      ] GC(245)   Other: 0.2ms
[107.121s][info][gc,heap        ] GC(245) Eden regions: 102->0(130)
[107.121s][info][gc,heap        ] GC(245) Survivor regions: 1->1(13)
[107.121s][info][gc,heap        ] GC(245) Old regions: 359->359
[107.121s][info][gc,heap        ] GC(245) Humongous regions: 176->176
[107.121s][info][gc,metaspace   ] GC(245) Metaspace: 66972K->66972K(1110016K)
[107.121s][info][gc             ] GC(245) Pause Young (Normal) (G1 Evacuation Pause) 636M->533M(1948M) 2.292ms
[107.121s][info][gc,cpu         ] GC(245) User=0.00s Sys=0.00s Real=0.00s
[107.188s][info][gc,start       ] GC(246) Pause Young (Normal) (G1 Evacuation Pause)
[107.188s][info][gc,task        ] GC(246) Using 1 workers of 1 for evacuation
[107.261s][info][gc,phases      ] GC(246)   Pre Evacuate Collection Set: 0.1ms
[107.261s][info][gc,phases      ] GC(246)   Evacuate Collection Set: 72.6ms
[107.261s][info][gc,phases      ] GC(246)   Post Evacuate Collection Set: 0.6ms
[107.261s][info][gc,phases      ] GC(246)   Other: 0.3ms
[107.261s][info][gc,heap        ] GC(246) Eden regions: 130->0(105)
[107.261s][info][gc,heap        ] GC(246) Survivor regions: 1->17(17)
[107.261s][info][gc,heap        ] GC(246) Old regions: 359->384
[107.261s][info][gc,heap        ] GC(246) Humongous regions: 179->179
[107.261s][info][gc,metaspace   ] GC(246) Metaspace: 66972K->66972K(1110016K)
[107.261s][info][gc             ] GC(246) Pause Young (Normal) (G1 Evacuation Pause) 666M->577M(1948M) 73.664ms
[107.261s][info][gc,cpu         ] GC(246) User=0.07s Sys=0.00s Real=0.08s
[107.301s][info][gc,start       ] GC(247) Pause Young (Normal) (G1 Evacuation Pause)
[107.301s][info][gc,task        ] GC(247) Using 1 workers of 1 for evacuation
[107.347s][info][gc,phases      ] GC(247)   Pre Evacuate Collection Set: 0.1ms
[107.347s][info][gc,phases      ] GC(247)   Evacuate Collection Set: 45.7ms
[107.347s][info][gc,phases      ] GC(247)   Post Evacuate Collection Set: 0.3ms
[107.347s][info][gc,phases      ] GC(247)   Other: 0.2ms
[107.347s][info][gc,heap        ] GC(247) Eden regions: 105->0(133)
[107.347s][info][gc,heap        ] GC(247) Survivor regions: 17->1(16)
[107.347s][info][gc,heap        ] GC(247) Old regions: 384->401
[107.347s][info][gc,heap        ] GC(247) Humongous regions: 179->179
[107.347s][info][gc,metaspace   ] GC(247) Metaspace: 66972K->66972K(1110016K)
[107.347s][info][gc             ] GC(247) Pause Young (Normal) (G1 Evacuation Pause) 682M->578M(1948M) 46.364ms
[107.347s][info][gc,cpu         ] GC(247) User=0.05s Sys=0.00s Real=0.04s
[107.359s][info][gc,task        ] GC(248) Using 1 workers of 1 for full compaction
[107.359s][info][gc,start       ] GC(248) Pause Full (System.gc())
[107.360s][info][gc,phases,start] GC(248) Phase 1: Mark live objects
[107.541s][info][gc,stringtable ] GC(248) Cleaned string and symbol table, strings: 23382 processed, 23 removed, symbols: 139754 processed, 0 removed
[107.541s][info][gc,phases      ] GC(248) Phase 1: Mark live objects 181.056ms
[107.541s][info][gc,phases,start] GC(248) Phase 2: Prepare for compaction
[107.572s][info][gc,phases      ] GC(248) Phase 2: Prepare for compaction 30.860ms
[107.572s][info][gc,phases,start] GC(248) Phase 3: Adjust pointers
[107.670s][info][gc,phases      ] GC(248) Phase 3: Adjust pointers 97.832ms
[107.670s][info][gc,phases,start] GC(248) Phase 4: Compact heap
[107.720s][info][gc,phases      ] GC(248) Phase 4: Compact heap 49.374ms
[107.760s][info][gc,heap        ] GC(248) Eden regions: 30->0(134)
[107.760s][info][gc,heap        ] GC(248) Survivor regions: 1->0(16)
[107.760s][info][gc,heap        ] GC(248) Old regions: 401->137
[107.760s][info][gc,heap        ] GC(248) Humongous regions: 179->9
[107.760s][info][gc,metaspace   ] GC(248) Metaspace: 66972K->66972K(1110016K)
[107.760s][info][gc             ] GC(248) Pause Full (System.gc()) 608M->144M(487M) 400.718ms
[107.760s][info][gc,cpu         ] GC(248) User=0.35s Sys=0.03s Real=0.40s
[108.082s][info][gc,start       ] GC(249) Pause Young (Normal) (G1 Evacuation Pause)
[108.082s][info][gc,task        ] GC(249) Using 1 workers of 1 for evacuation
[108.144s][info][gc,phases      ] GC(249)   Pre Evacuate Collection Set: 0.0ms
[108.144s][info][gc,phases      ] GC(249)   Evacuate Collection Set: 61.4ms
[108.144s][info][gc,phases      ] GC(249)   Post Evacuate Collection Set: 0.4ms
[108.144s][info][gc,phases      ] GC(249)   Other: 0.3ms
[108.144s][info][gc,heap        ] GC(249) Eden regions: 134->0(118)
[108.144s][info][gc,heap        ] GC(249) Survivor regions: 0->17(17)
[108.144s][info][gc,heap        ] GC(249) Old regions: 137->148
[108.144s][info][gc,heap        ] GC(249) Humongous regions: 26->21
[108.144s][info][gc,metaspace   ] GC(249) Metaspace: 67004K->67004K(1110016K)
[108.144s][info][gc             ] GC(249) Pause Young (Normal) (G1 Evacuation Pause) 295M->184M(487M) 62.153ms
[108.144s][info][gc,cpu         ] GC(249) User=0.06s Sys=0.00s Real=0.06s
[108.466s][info][gc,start       ] GC(250) Pause Young (Normal) (G1 Evacuation Pause)
[108.466s][info][gc,task        ] GC(250) Using 1 workers of 1 for evacuation
[108.548s][info][gc,phases      ] GC(250)   Pre Evacuate Collection Set: 0.0ms
[108.548s][info][gc,phases      ] GC(250)   Evacuate Collection Set: 81.4ms
[108.548s][info][gc,phases      ] GC(250)   Post Evacuate Collection Set: 0.4ms
[108.548s][info][gc,phases      ] GC(250)   Other: 0.2ms
[108.548s][info][gc,heap        ] GC(250) Eden regions: 118->0(133)
[108.548s][info][gc,heap        ] GC(250) Survivor regions: 17->11(17)
[108.548s][info][gc,heap        ] GC(250) Old regions: 148->165
[108.548s][info][gc,heap        ] GC(250) Humongous regions: 31->31
[108.548s][info][gc,metaspace   ] GC(250) Metaspace: 67004K->67004K(1110016K)
[108.548s][info][gc             ] GC(250) Pause Young (Normal) (G1 Evacuation Pause) 312M->205M(487M) 82.133ms
[108.548s][info][gc,cpu         ] GC(250) User=0.08s Sys=0.00s Real=0.08s
[108.864s][info][gc,start       ] GC(251) Pause Young (Normal) (G1 Evacuation Pause)
[108.864s][info][gc,task        ] GC(251) Using 1 workers of 1 for evacuation
[108.921s][info][gc,phases      ] GC(251)   Pre Evacuate Collection Set: 0.0ms
[108.921s][info][gc,phases      ] GC(251)   Evacuate Collection Set: 54.7ms
[108.921s][info][gc,phases      ] GC(251)   Post Evacuate Collection Set: 2.0ms
[108.921s][info][gc,phases      ] GC(251)   Other: 0.3ms
[108.921s][info][gc,heap        ] GC(251) Eden regions: 133->0(152)
[108.921s][info][gc,heap        ] GC(251) Survivor regions: 11->9(18)
[108.921s][info][gc,heap        ] GC(251) Old regions: 165->176
[108.921s][info][gc,heap        ] GC(251) Humongous regions: 31->31
[108.921s][info][gc,metaspace   ] GC(251) Metaspace: 67008K->67008K(1110016K)
[108.921s][info][gc             ] GC(251) Pause Young (Normal) (G1 Evacuation Pause) 338M->214M(1020M) 57.120ms
[108.921s][info][gc,cpu         ] GC(251) User=0.06s Sys=0.00s Real=0.06s
[109.399s][info][gc,start       ] GC(252) Pause Young (Normal) (G1 Evacuation Pause)
[109.399s][info][gc,task        ] GC(252) Using 1 workers of 1 for evacuation
[109.466s][info][gc,phases      ] GC(252)   Pre Evacuate Collection Set: 0.0ms
[109.466s][info][gc,phases      ] GC(252)   Evacuate Collection Set: 66.1ms
[109.466s][info][gc,phases      ] GC(252)   Post Evacuate Collection Set: 0.5ms
[109.466s][info][gc,phases      ] GC(252)   Other: 0.3ms
[109.466s][info][gc,heap        ] GC(252) Eden regions: 152->0(159)
[109.466s][info][gc,heap        ] GC(252) Survivor regions: 9->17(21)
[109.466s][info][gc,heap        ] GC(252) Old regions: 176->176
[109.466s][info][gc,heap        ] GC(252) Humongous regions: 40->40
[109.466s][info][gc,metaspace   ] GC(252) Metaspace: 67008K->67008K(1110016K)
[109.466s][info][gc             ] GC(252) Pause Young (Normal) (G1 Evacuation Pause) 375M->230M(1020M) 67.060ms
[109.466s][info][gc,cpu         ] GC(252) User=0.06s Sys=0.00s Real=0.06s
[110.169s][info][gc,start       ] GC(253) Pause Young (Normal) (G1 Evacuation Pause)
[110.169s][info][gc,task        ] GC(253) Using 1 workers of 1 for evacuation
[110.301s][info][gc,phases      ] GC(253)   Pre Evacuate Collection Set: 0.0ms
[110.301s][info][gc,phases      ] GC(253)   Evacuate Collection Set: 131.0ms
[110.301s][info][gc,phases      ] GC(253)   Post Evacuate Collection Set: 0.6ms
[110.301s][info][gc,phases      ] GC(253)   Other: 0.3ms
[110.301s][info][gc,heap        ] GC(253) Eden regions: 126->0(123)
[110.301s][info][gc,heap        ] GC(253) Survivor regions: 17->18(18)
[110.301s][info][gc,heap        ] GC(253) Old regions: 176->199
[110.301s][info][gc,heap        ] GC(253) Humongous regions: 56->56
[110.301s][info][gc,metaspace   ] GC(253) Metaspace: 67021K->67021K(1110016K)
[110.301s][info][gc             ] GC(253) Pause Young (Normal) (G1 Evacuation Pause) 372M->271M(1020M) 132.093ms
[110.301s][info][gc,cpu         ] GC(253) User=0.13s Sys=0.00s Real=0.14s
[110.612s][info][gc,start       ] GC(254) Pause Young (Normal) (G1 Evacuation Pause)
[110.613s][info][gc,task        ] GC(254) Using 1 workers of 1 for evacuation
[110.727s][info][gc,phases      ] GC(254)   Pre Evacuate Collection Set: 0.0ms
[110.728s][info][gc,phases      ] GC(254)   Evacuate Collection Set: 114.3ms
[110.728s][info][gc,phases      ] GC(254)   Post Evacuate Collection Set: 0.5ms
[110.728s][info][gc,phases      ] GC(254)   Other: 0.3ms
[110.728s][info][gc,heap        ] GC(254) Eden regions: 123->0(134)
[110.728s][info][gc,heap        ] GC(254) Survivor regions: 18->13(18)
[110.728s][info][gc,heap        ] GC(254) Old regions: 199->217
[110.728s][info][gc,heap        ] GC(254) Humongous regions: 62->62
[110.728s][info][gc,metaspace   ] GC(254) Metaspace: 67021K->67021K(1110016K)
[110.728s][info][gc             ] GC(254) Pause Young (Normal) (G1 Evacuation Pause) 400M->290M(1020M) 115.113ms
[110.728s][info][gc,cpu         ] GC(254) User=0.11s Sys=0.00s Real=0.11s
[111.063s][info][gc,start       ] GC(255) Pause Young (Normal) (G1 Evacuation Pause)
[111.063s][info][gc,task        ] GC(255) Using 1 workers of 1 for evacuation
[111.136s][info][gc,phases      ] GC(255)   Pre Evacuate Collection Set: 0.0ms
[111.136s][info][gc,phases      ] GC(255)   Evacuate Collection Set: 71.1ms
[111.136s][info][gc,phases      ] GC(255)   Post Evacuate Collection Set: 1.5ms
[111.136s][info][gc,phases      ] GC(255)   Other: 0.3ms
[111.136s][info][gc,heap        ] GC(255) Eden regions: 134->0(150)
[111.136s][info][gc,heap        ] GC(255) Survivor regions: 13->10(19)
[111.136s][info][gc,heap        ] GC(255) Old regions: 217->229
[111.136s][info][gc,heap        ] GC(255) Humongous regions: 67->67
[111.136s][info][gc,metaspace   ] GC(255) Metaspace: 67021K->67021K(1110016K)
[111.136s][info][gc             ] GC(255) Pause Young (Normal) (G1 Evacuation Pause) 429M->304M(1354M) 73.012ms
[111.136s][info][gc,cpu         ] GC(255) User=0.08s Sys=0.00s Real=0.07s
[111.642s][info][gc,start       ] GC(256) Pause Young (Normal) (G1 Evacuation Pause)
[111.643s][info][gc,task        ] GC(256) Using 1 workers of 1 for evacuation
[111.718s][info][gc,phases      ] GC(256)   Pre Evacuate Collection Set: 0.1ms
[111.718s][info][gc,phases      ] GC(256)   Evacuate Collection Set: 74.4ms
[111.718s][info][gc,phases      ] GC(256)   Post Evacuate Collection Set: 0.6ms
[111.718s][info][gc,phases      ] GC(256)   Other: 0.7ms
[111.718s][info][gc,heap        ] GC(256) Eden regions: 150->0(116)
[111.718s][info][gc,heap        ] GC(256) Survivor regions: 10->17(20)
[111.718s][info][gc,heap        ] GC(256) Old regions: 229->229
[111.718s][info][gc,heap        ] GC(256) Humongous regions: 76->76
[111.718s][info][gc,metaspace   ] GC(256) Metaspace: 67023K->67023K(1110016K)
[111.718s][info][gc             ] GC(256) Pause Young (Normal) (G1 Evacuation Pause) 463M->320M(1354M) 75.847ms
[111.718s][info][gc,cpu         ] GC(256) User=0.08s Sys=0.00s Real=0.08s
[112.341s][info][gc,start       ] GC(257) Pause Young (Normal) (G1 Evacuation Pause)
[112.341s][info][gc,task        ] GC(257) Using 1 workers of 1 for evacuation
[112.463s][info][gc,phases      ] GC(257)   Pre Evacuate Collection Set: 0.1ms
[112.463s][info][gc,phases      ] GC(257)   Evacuate Collection Set: 121.3ms
[112.463s][info][gc,phases      ] GC(257)   Post Evacuate Collection Set: 0.5ms
[112.463s][info][gc,phases      ] GC(257)   Other: 0.3ms
[112.463s][info][gc,heap        ] GC(257) Eden regions: 92->0(129)
[112.463s][info][gc,heap        ] GC(257) Survivor regions: 17->5(14)
[112.463s][info][gc,heap        ] GC(257) Old regions: 229->246
[112.463s][info][gc,heap        ] GC(257) Humongous regions: 81->81
[112.463s][info][gc,metaspace   ] GC(257) Metaspace: 67025K->67025K(1110016K)
[112.463s][info][gc             ] GC(257) Pause Young (Normal) (G1 Evacuation Pause) 417M->330M(1354M) 122.169ms
[112.464s][info][gc,cpu         ] GC(257) User=0.13s Sys=0.00s Real=0.12s
[112.745s][info][gc,start       ] GC(258) Pause Young (Normal) (G1 Evacuation Pause)
[112.745s][info][gc,task        ] GC(258) Using 1 workers of 1 for evacuation
[112.839s][info][gc,phases      ] GC(258)   Pre Evacuate Collection Set: 0.0ms
[112.839s][info][gc,phases      ] GC(258)   Evacuate Collection Set: 93.3ms
[112.839s][info][gc,phases      ] GC(258)   Post Evacuate Collection Set: 0.4ms
[112.839s][info][gc,phases      ] GC(258)   Other: 0.3ms
[112.839s][info][gc,heap        ] GC(258) Eden regions: 129->0(128)
[112.839s][info][gc,heap        ] GC(258) Survivor regions: 5->17(17)
[112.839s][info][gc,heap        ] GC(258) Old regions: 246->263
[112.839s][info][gc,heap        ] GC(258) Humongous regions: 95->95
[112.839s][info][gc,metaspace   ] GC(258) Metaspace: 67025K->67025K(1110016K)
[112.839s][info][gc             ] GC(258) Pause Young (Normal) (G1 Evacuation Pause) 473M->373M(1354M) 94.062ms
[112.839s][info][gc,cpu         ] GC(258) User=0.09s Sys=0.00s Real=0.10s
[113.163s][info][gc,start       ] GC(259) Pause Young (Normal) (G1 Evacuation Pause)
[113.163s][info][gc,task        ] GC(259) Using 1 workers of 1 for evacuation
[113.240s][info][gc,phases      ] GC(259)   Pre Evacuate Collection Set: 0.0ms
[113.240s][info][gc,phases      ] GC(259)   Evacuate Collection Set: 75.7ms
[113.240s][info][gc,phases      ] GC(259)   Post Evacuate Collection Set: 0.9ms
[113.240s][info][gc,phases      ] GC(259)   Other: 0.3ms
[113.240s][info][gc,heap        ] GC(259) Eden regions: 128->0(140)
[113.240s][info][gc,heap        ] GC(259) Survivor regions: 17->12(19)
[113.240s][info][gc,heap        ] GC(259) Old regions: 263->280
[113.240s][info][gc,heap        ] GC(259) Humongous regions: 103->103
[113.240s][info][gc,metaspace   ] GC(259) Metaspace: 67025K->67025K(1110016K)
[113.240s][info][gc             ] GC(259) Pause Young (Normal) (G1 Evacuation Pause) 509M->393M(1482M) 76.979ms
[113.240s][info][gc,cpu         ] GC(259) User=0.08s Sys=0.00s Real=0.08s
[113.655s][info][gc,start       ] GC(260) Pause Young (Normal) (G1 Evacuation Pause)
[113.656s][info][gc,task        ] GC(260) Using 1 workers of 1 for evacuation
[113.709s][info][gc,phases      ] GC(260)   Pre Evacuate Collection Set: 0.1ms
[113.709s][info][gc,phases      ] GC(260)   Evacuate Collection Set: 53.2ms
[113.709s][info][gc,phases      ] GC(260)   Post Evacuate Collection Set: 0.4ms
[113.709s][info][gc,phases      ] GC(260)   Other: 0.3ms
[113.709s][info][gc,heap        ] GC(260) Eden regions: 140->0(165)
[113.709s][info][gc,heap        ] GC(260) Survivor regions: 12->9(19)
[113.709s][info][gc,heap        ] GC(260) Old regions: 280->290
[113.709s][info][gc,heap        ] GC(260) Humongous regions: 103->103
[113.709s][info][gc,metaspace   ] GC(260) Metaspace: 67025K->67025K(1110016K)
[113.709s][info][gc             ] GC(260) Pause Young (Normal) (G1 Evacuation Pause) 533M->400M(1482M) 53.949ms
[113.709s][info][gc,cpu         ] GC(260) User=0.06s Sys=0.00s Real=0.06s
[114.449s][info][gc,start       ] GC(261) Pause Young (Normal) (G1 Evacuation Pause)
[114.449s][info][gc,task        ] GC(261) Using 1 workers of 1 for evacuation
[114.538s][info][gc,phases      ] GC(261)   Pre Evacuate Collection Set: 0.1ms
[114.538s][info][gc,phases      ] GC(261)   Evacuate Collection Set: 88.0ms
[114.538s][info][gc,phases      ] GC(261)   Post Evacuate Collection Set: 0.7ms
[114.538s][info][gc,phases      ] GC(261)   Other: 0.3ms
[114.538s][info][gc,heap        ] GC(261) Eden regions: 155->0(142)
[114.538s][info][gc,heap        ] GC(261) Survivor regions: 9->17(21)
[114.538s][info][gc,heap        ] GC(261) Old regions: 290->290
[114.538s][info][gc,heap        ] GC(261) Humongous regions: 117->117
[114.538s][info][gc,metaspace   ] GC(261) Metaspace: 67025K->67025K(1110016K)
[114.538s][info][gc             ] GC(261) Pause Young (Normal) (G1 Evacuation Pause) 569M->422M(1482M) 89.121ms
[114.538s][info][gc,cpu         ] GC(261) User=0.09s Sys=0.00s Real=0.10s
[115.051s][info][gc,start       ] GC(262) Pause Young (Normal) (G1 Evacuation Pause)
[115.052s][info][gc,task        ] GC(262) Using 1 workers of 1 for evacuation
[115.207s][info][gc,phases      ] GC(262)   Pre Evacuate Collection Set: 0.1ms
[115.207s][info][gc,phases      ] GC(262)   Evacuate Collection Set: 154.3ms
[115.207s][info][gc,phases      ] GC(262)   Post Evacuate Collection Set: 0.6ms
[115.207s][info][gc,phases      ] GC(262)   Other: 0.3ms
[115.207s][info][gc,heap        ] GC(262) Eden regions: 121->0(56)
[115.207s][info][gc,heap        ] GC(262) Survivor regions: 17->18(18)
[115.207s][info][gc,heap        ] GC(262) Old regions: 290->321
[115.207s][info][gc,heap        ] GC(262) Humongous regions: 144->139
[115.207s][info][gc,metaspace   ] GC(262) Metaspace: 67037K->67037K(1110016K)
[115.207s][info][gc             ] GC(262) Pause Young (Normal) (G1 Evacuation Pause) 570M->476M(1482M) 155.340ms
[115.207s][info][gc,cpu         ] GC(262) User=0.16s Sys=0.00s Real=0.15s
[115.341s][info][gc,start       ] GC(263) Pause Young (Normal) (G1 Evacuation Pause)
[115.341s][info][gc,task        ] GC(263) Using 1 workers of 1 for evacuation
[115.445s][info][gc,phases      ] GC(263)   Pre Evacuate Collection Set: 0.1ms
[115.445s][info][gc,phases      ] GC(263)   Evacuate Collection Set: 102.3ms
[115.445s][info][gc,phases      ] GC(263)   Post Evacuate Collection Set: 1.0ms
[115.445s][info][gc,phases      ] GC(263)   Other: 0.3ms
[115.445s][info][gc,heap        ] GC(263) Eden regions: 56->0(72)
[115.445s][info][gc,heap        ] GC(263) Survivor regions: 18->7(10)
[115.445s][info][gc,heap        ] GC(263) Old regions: 321->339
[115.445s][info][gc,heap        ] GC(263) Humongous regions: 142->142
[115.445s][info][gc,metaspace   ] GC(263) Metaspace: 67042K->67042K(1110016K)
[115.445s][info][gc             ] GC(263) Pause Young (Normal) (G1 Evacuation Pause) 535M->486M(1584M) 103.813ms
[115.445s][info][gc,cpu         ] GC(263) User=0.09s Sys=0.00s Real=0.10s
[115.651s][info][gc,start       ] GC(264) Pause Young (Normal) (G1 Evacuation Pause)
[115.651s][info][gc,task        ] GC(264) Using 1 workers of 1 for evacuation
[115.713s][info][gc,phases      ] GC(264)   Pre Evacuate Collection Set: 0.1ms
[115.713s][info][gc,phases      ] GC(264)   Evacuate Collection Set: 61.6ms
[115.713s][info][gc,phases      ] GC(264)   Post Evacuate Collection Set: 0.4ms
[115.713s][info][gc,phases      ] GC(264)   Other: 0.3ms
[115.713s][info][gc,heap        ] GC(264) Eden regions: 72->0(71)
[115.713s][info][gc,heap        ] GC(264) Survivor regions: 7->8(10)
[115.713s][info][gc,heap        ] GC(264) Old regions: 339->346
[115.713s][info][gc,heap        ] GC(264) Humongous regions: 145->145
[115.713s][info][gc,metaspace   ] GC(264) Metaspace: 67042K->67042K(1110016K)
[115.713s][info][gc             ] GC(264) Pause Young (Normal) (G1 Evacuation Pause) 561M->497M(1584M) 62.389ms
[115.713s][info][gc,cpu         ] GC(264) User=0.06s Sys=0.01s Real=0.06s
[115.891s][info][gc,start       ] GC(265) Pause Young (Normal) (G1 Evacuation Pause)
[115.891s][info][gc,task        ] GC(265) Using 1 workers of 1 for evacuation
[115.938s][info][gc,phases      ] GC(265)   Pre Evacuate Collection Set: 0.1ms
[115.938s][info][gc,phases      ] GC(265)   Evacuate Collection Set: 46.9ms
[115.938s][info][gc,phases      ] GC(265)   Post Evacuate Collection Set: 0.4ms
[115.938s][info][gc,phases      ] GC(265)   Other: 0.3ms
[115.938s][info][gc,heap        ] GC(265) Eden regions: 71->0(83)
[115.938s][info][gc,heap        ] GC(265) Survivor regions: 8->7(10)
[115.938s][info][gc,heap        ] GC(265) Old regions: 346->353
[115.938s][info][gc,heap        ] GC(265) Humongous regions: 150->150
[115.938s][info][gc,metaspace   ] GC(265) Metaspace: 67042K->67042K(1110016K)
[115.938s][info][gc             ] GC(265) Pause Young (Normal) (G1 Evacuation Pause) 573M->508M(1584M) 47.657ms
[115.938s][info][gc,cpu         ] GC(265) User=0.05s Sys=0.00s Real=0.05s
[116.138s][info][gc,start       ] GC(266) Pause Young (Normal) (G1 Evacuation Pause)
[116.138s][info][gc,task        ] GC(266) Using 1 workers of 1 for evacuation
[116.176s][info][gc,phases      ] GC(266)   Pre Evacuate Collection Set: 0.1ms
[116.176s][info][gc,phases      ] GC(266)   Evacuate Collection Set: 38.0ms
[116.176s][info][gc,phases      ] GC(266)   Post Evacuate Collection Set: 0.3ms
[116.176s][info][gc,phases      ] GC(266)   Other: 0.3ms
[116.177s][info][gc,heap        ] GC(266) Eden regions: 83->0(111)
[116.177s][info][gc,heap        ] GC(266) Survivor regions: 7->6(12)
[116.177s][info][gc,heap        ] GC(266) Old regions: 353->359
[116.177s][info][gc,heap        ] GC(266) Humongous regions: 150->150
[116.177s][info][gc,metaspace   ] GC(266) Metaspace: 67042K->67042K(1110016K)
[116.177s][info][gc             ] GC(266) Pause Young (Normal) (G1 Evacuation Pause) 591M->513M(1584M) 38.710ms
[116.177s][info][gc,cpu         ] GC(266) User=0.03s Sys=0.01s Real=0.03s
[116.463s][info][gc,start       ] GC(267) Pause Young (Normal) (G1 Evacuation Pause)
[116.463s][info][gc,task        ] GC(267) Using 1 workers of 1 for evacuation
[116.496s][info][gc,phases      ] GC(267)   Pre Evacuate Collection Set: 0.1ms
[116.496s][info][gc,phases      ] GC(267)   Evacuate Collection Set: 32.2ms
[116.496s][info][gc,phases      ] GC(267)   Post Evacuate Collection Set: 0.6ms
[116.496s][info][gc,phases      ] GC(267)   Other: 0.3ms
[116.496s][info][gc,heap        ] GC(267) Eden regions: 111->0(135)
[116.496s][info][gc,heap        ] GC(267) Survivor regions: 6->12(15)
[116.496s][info][gc,heap        ] GC(267) Old regions: 359->359
[116.496s][info][gc,heap        ] GC(267) Humongous regions: 150->150
[116.496s][info][gc,metaspace   ] GC(267) Metaspace: 67042K->67042K(1110016K)
[116.496s][info][gc             ] GC(267) Pause Young (Normal) (G1 Evacuation Pause) 624M->518M(1638M) 33.162ms
[116.496s][info][gc,cpu         ] GC(267) User=0.04s Sys=0.00s Real=0.03s
[117.145s][info][gc,start       ] GC(268) Pause Young (Normal) (G1 Evacuation Pause)
[117.145s][info][gc,task        ] GC(268) Using 1 workers of 1 for evacuation
[117.247s][info][gc,phases      ] GC(268)   Pre Evacuate Collection Set: 0.1ms
[117.247s][info][gc,phases      ] GC(268)   Evacuate Collection Set: 101.2ms
[117.247s][info][gc,phases      ] GC(268)   Post Evacuate Collection Set: 0.6ms
[117.248s][info][gc,phases      ] GC(268)   Other: 0.3ms
[117.248s][info][gc,heap        ] GC(268) Eden regions: 86->0(113)
[117.248s][info][gc,heap        ] GC(268) Survivor regions: 12->6(13)
[117.248s][info][gc,heap        ] GC(268) Old regions: 359->370
[117.248s][info][gc,heap        ] GC(268) Humongous regions: 167->167
[117.248s][info][gc,metaspace   ] GC(268) Metaspace: 67045K->67045K(1110016K)
[117.248s][info][gc             ] GC(268) Pause Young (Normal) (G1 Evacuation Pause) 621M->541M(1638M) 102.216ms
[117.248s][info][gc,cpu         ] GC(268) User=0.11s Sys=0.00s Real=0.10s
[117.566s][info][gc,start       ] GC(269) Pause Young (Normal) (G1 Evacuation Pause)
[117.566s][info][gc,task        ] GC(269) Using 1 workers of 1 for evacuation
[117.675s][info][gc,phases      ] GC(269)   Pre Evacuate Collection Set: 0.1ms
[117.675s][info][gc,phases      ] GC(269)   Evacuate Collection Set: 108.1ms
[117.675s][info][gc,phases      ] GC(269)   Post Evacuate Collection Set: 0.4ms
[117.675s][info][gc,phases      ] GC(269)   Other: 0.3ms
[117.675s][info][gc,heap        ] GC(269) Eden regions: 77->0(79)
[117.675s][info][gc,heap        ] GC(269) Survivor regions: 6->11(11)
[117.675s][info][gc,heap        ] GC(269) Old regions: 370->390
[117.675s][info][gc,heap        ] GC(269) Humongous regions: 186->186
[117.675s][info][gc,metaspace   ] GC(269) Metaspace: 67054K->67054K(1110016K)
[117.675s][info][gc             ] GC(269) Pause Young (Normal) (G1 Evacuation Pause) 637M->585M(1638M) 108.969ms
[117.675s][info][gc,cpu         ] GC(269) User=0.11s Sys=0.00s Real=0.11s
[117.845s][info][gc,start       ] GC(270) Pause Young (Normal) (G1 Evacuation Pause)
[117.845s][info][gc,task        ] GC(270) Using 1 workers of 1 for evacuation
[117.992s][info][gc,phases      ] GC(270)   Pre Evacuate Collection Set: 0.1ms
[117.992s][info][gc,phases      ] GC(270)   Evacuate Collection Set: 145.9ms
[117.992s][info][gc,phases      ] GC(270)   Post Evacuate Collection Set: 0.7ms
[117.992s][info][gc,phases      ] GC(270)   Other: 0.3ms
[117.992s][info][gc,heap        ] GC(270) Eden regions: 79->0(69)
[117.992s][info][gc,heap        ] GC(270) Survivor regions: 11->12(12)
[117.992s][info][gc,heap        ] GC(270) Old regions: 390->402
[117.992s][info][gc,heap        ] GC(270) Humongous regions: 189->189
[117.992s][info][gc,metaspace   ] GC(270) Metaspace: 67054K->67054K(1110016K)
[117.992s][info][gc             ] GC(270) Pause Young (Normal) (G1 Evacuation Pause) 667M->601M(1638M) 147.012ms
[117.992s][info][gc,cpu         ] GC(270) User=0.15s Sys=0.00s Real=0.15s
[118.167s][info][gc,start       ] GC(271) Pause Young (Normal) (G1 Evacuation Pause)
[118.167s][info][gc,task        ] GC(271) Using 1 workers of 1 for evacuation
[118.237s][info][gc,phases      ] GC(271)   Pre Evacuate Collection Set: 0.1ms
[118.237s][info][gc,phases      ] GC(271)   Evacuate Collection Set: 69.1ms
[118.237s][info][gc,phases      ] GC(271)   Post Evacuate Collection Set: 0.6ms
[118.237s][info][gc,phases      ] GC(271)   Other: 0.2ms
[118.237s][info][gc,heap        ] GC(271) Eden regions: 69->0(81)
[118.237s][info][gc,heap        ] GC(271) Survivor regions: 12->7(11)
[118.237s][info][gc,heap        ] GC(271) Old regions: 402->414
[118.237s][info][gc,heap        ] GC(271) Humongous regions: 192->192
[118.237s][info][gc,metaspace   ] GC(271) Metaspace: 67054K->67054K(1110016K)
[118.237s][info][gc             ] GC(271) Pause Young (Normal) (G1 Evacuation Pause) 673M->611M(1724M) 70.207ms
[118.237s][info][gc,cpu         ] GC(271) User=0.07s Sys=0.00s Real=0.08s
[118.490s][info][gc,start       ] GC(272) Pause Young (Normal) (G1 Evacuation Pause)
[118.490s][info][gc,task        ] GC(272) Using 1 workers of 1 for evacuation
[118.538s][info][gc,phases      ] GC(272)   Pre Evacuate Collection Set: 0.1ms
[118.538s][info][gc,phases      ] GC(272)   Evacuate Collection Set: 47.3ms
[118.538s][info][gc,phases      ] GC(272)   Post Evacuate Collection Set: 0.4ms
[118.538s][info][gc,phases      ] GC(272)   Other: 0.3ms
[118.538s][info][gc,heap        ] GC(272) Eden regions: 81->0(97)
[118.538s][info][gc,heap        ] GC(272) Survivor regions: 7->7(11)
[118.538s][info][gc,heap        ] GC(272) Old regions: 414->421
[118.538s][info][gc,heap        ] GC(272) Humongous regions: 197->197
[118.538s][info][gc,metaspace   ] GC(272) Metaspace: 67054K->67054K(1110016K)
[118.538s][info][gc             ] GC(272) Pause Young (Normal) (G1 Evacuation Pause) 697M->623M(1724M) 48.062ms
[118.538s][info][gc,cpu         ] GC(272) User=0.04s Sys=0.01s Real=0.05s
[118.773s][info][gc,start       ] GC(273) Pause Young (Normal) (G1 Evacuation Pause)
[118.773s][info][gc,task        ] GC(273) Using 1 workers of 1 for evacuation
[118.812s][info][gc,phases      ] GC(273)   Pre Evacuate Collection Set: 0.1ms
[118.812s][info][gc,phases      ] GC(273)   Evacuate Collection Set: 38.0ms
[118.812s][info][gc,phases      ] GC(273)   Post Evacuate Collection Set: 0.4ms
[118.812s][info][gc,phases      ] GC(273)   Other: 0.3ms
[118.812s][info][gc,heap        ] GC(273) Eden regions: 97->0(117)
[118.812s][info][gc,heap        ] GC(273) Survivor regions: 7->7(13)
[118.812s][info][gc,heap        ] GC(273) Old regions: 421->427
[118.812s][info][gc,heap        ] GC(273) Humongous regions: 197->197
[118.812s][info][gc,metaspace   ] GC(273) Metaspace: 67058K->67058K(1110016K)
[118.812s][info][gc             ] GC(273) Pause Young (Normal) (G1 Evacuation Pause) 720M->629M(1724M) 38.725ms
[118.812s][info][gc,cpu         ] GC(273) User=0.04s Sys=0.01s Real=0.04s
[119.138s][info][gc,start       ] GC(274) Pause Young (Normal) (G1 Evacuation Pause)
[119.138s][info][gc,task        ] GC(274) Using 1 workers of 1 for evacuation
[119.199s][info][gc,phases      ] GC(274)   Pre Evacuate Collection Set: 0.1ms
[119.199s][info][gc,phases      ] GC(274)   Evacuate Collection Set: 59.6ms
[119.199s][info][gc,phases      ] GC(274)   Post Evacuate Collection Set: 0.5ms
[119.199s][info][gc,phases      ] GC(274)   Other: 0.3ms
[119.199s][info][gc,heap        ] GC(274) Eden regions: 117->0(93)
[119.199s][info][gc,heap        ] GC(274) Survivor regions: 7->13(16)
[119.199s][info][gc,heap        ] GC(274) Old regions: 427->427
[119.199s][info][gc,heap        ] GC(274) Humongous regions: 206->206
[119.199s][info][gc,metaspace   ] GC(274) Metaspace: 67058K->67058K(1110016K)
[119.199s][info][gc             ] GC(274) Pause Young (Normal) (G1 Evacuation Pause) 755M->644M(1724M) 60.589ms
[119.199s][info][gc,cpu         ] GC(274) User=0.06s Sys=0.00s Real=0.06s
[119.903s][info][gc,start       ] GC(275) Pause Young (Normal) (G1 Evacuation Pause)
[119.903s][info][gc,task        ] GC(275) Using 1 workers of 1 for evacuation
[120.011s][info][gc,phases      ] GC(275)   Pre Evacuate Collection Set: 0.1ms
[120.011s][info][gc,phases      ] GC(275)   Evacuate Collection Set: 107.3ms
[120.011s][info][gc,phases      ] GC(275)   Post Evacuate Collection Set: 0.9ms
[120.011s][info][gc,phases      ] GC(275)   Other: 0.3ms
[120.011s][info][gc,heap        ] GC(275) Eden regions: 73->0(84)
[120.011s][info][gc,heap        ] GC(275) Survivor regions: 13->11(11)
[120.011s][info][gc,heap        ] GC(275) Old regions: 427->440
[120.011s][info][gc,heap        ] GC(275) Humongous regions: 222->222
[120.011s][info][gc,metaspace   ] GC(275) Metaspace: 67064K->67064K(1110016K)
[120.011s][info][gc             ] GC(275) Pause Young (Normal) (G1 Evacuation Pause) 733M->671M(1778M) 108.607ms
[120.011s][info][gc,cpu         ] GC(275) User=0.10s Sys=0.00s Real=0.11s
[120.264s][info][gc,start       ] GC(276) Pause Young (Normal) (G1 Evacuation Pause)
[120.264s][info][gc,task        ] GC(276) Using 1 workers of 1 for evacuation
[120.376s][info][gc,phases      ] GC(276)   Pre Evacuate Collection Set: 0.1ms
[120.376s][info][gc,phases      ] GC(276)   Evacuate Collection Set: 111.1ms
[120.376s][info][gc,phases      ] GC(276)   Post Evacuate Collection Set: 0.5ms
[120.376s][info][gc,phases      ] GC(276)   Other: 0.3ms
[120.376s][info][gc,heap        ] GC(276) Eden regions: 84->0(89)
[120.376s][info][gc,heap        ] GC(276) Survivor regions: 11->12(12)
[120.376s][info][gc,heap        ] GC(276) Old regions: 440->464
[120.376s][info][gc,heap        ] GC(276) Humongous regions: 233->233
[120.376s][info][gc,metaspace   ] GC(276) Metaspace: 67074K->67074K(1110016K)
[120.376s][info][gc             ] GC(276) Pause Young (Normal) (G1 Evacuation Pause) 766M->707M(1778M) 111.943ms
[120.376s][info][gc,cpu         ] GC(276) User=0.10s Sys=0.01s Real=0.11s
[120.583s][info][gc,start       ] GC(277) Pause Young (Normal) (G1 Evacuation Pause)
[120.583s][info][gc,task        ] GC(277) Using 1 workers of 1 for evacuation
[120.673s][info][gc,phases      ] GC(277)   Pre Evacuate Collection Set: 0.1ms
[120.673s][info][gc,phases      ] GC(277)   Evacuate Collection Set: 89.5ms
[120.673s][info][gc,phases      ] GC(277)   Post Evacuate Collection Set: 0.4ms
[120.673s][info][gc,phases      ] GC(277)   Other: 0.3ms
[120.673s][info][gc,heap        ] GC(277) Eden regions: 89->0(91)
[120.673s][info][gc,heap        ] GC(277) Survivor regions: 12->10(13)
[120.673s][info][gc,heap        ] GC(277) Old regions: 464->476
[120.673s][info][gc,heap        ] GC(277) Humongous regions: 239->239
[120.673s][info][gc,metaspace   ] GC(277) Metaspace: 67081K->67081K(1110016K)
[120.673s][info][gc             ] GC(277) Pause Young (Normal) (G1 Evacuation Pause) 802M->722M(1778M) 90.384ms
[120.673s][info][gc,cpu         ] GC(277) User=0.09s Sys=0.01s Real=0.09s
[120.946s][info][gc,start       ] GC(278) Pause Young (Normal) (G1 Evacuation Pause)
[120.946s][info][gc,task        ] GC(278) Using 1 workers of 1 for evacuation
[121.006s][info][gc,phases      ] GC(278)   Pre Evacuate Collection Set: 0.1ms
[121.006s][info][gc,phases      ] GC(278)   Evacuate Collection Set: 59.2ms
[121.006s][info][gc,phases      ] GC(278)   Post Evacuate Collection Set: 0.4ms
[121.006s][info][gc,phases      ] GC(278)   Other: 0.3ms
[121.006s][info][gc,heap        ] GC(278) Eden regions: 91->0(103)
[121.006s][info][gc,heap        ] GC(278) Survivor regions: 10->9(13)
[121.006s][info][gc,heap        ] GC(278) Old regions: 476->485
[121.006s][info][gc,heap        ] GC(278) Humongous regions: 244->244
[121.006s][info][gc,metaspace   ] GC(278) Metaspace: 67081K->67081K(1110016K)
[121.006s][info][gc             ] GC(278) Pause Young (Normal) (G1 Evacuation Pause) 818M->735M(1778M) 59.944ms
[121.006s][info][gc,cpu         ] GC(278) User=0.05s Sys=0.01s Real=0.06s
[121.276s][info][gc,start       ] GC(279) Pause Young (Normal) (G1 Evacuation Pause)
[121.276s][info][gc,task        ] GC(279) Using 1 workers of 1 for evacuation
[121.321s][info][gc,phases      ] GC(279)   Pre Evacuate Collection Set: 0.1ms
[121.321s][info][gc,phases      ] GC(279)   Evacuate Collection Set: 43.9ms
[121.321s][info][gc,phases      ] GC(279)   Post Evacuate Collection Set: 0.5ms
[121.321s][info][gc,phases      ] GC(279)   Other: 0.3ms
[121.321s][info][gc,heap        ] GC(279) Eden regions: 103->0(129)
[121.321s][info][gc,heap        ] GC(279) Survivor regions: 9->8(14)
[121.321s][info][gc,heap        ] GC(279) Old regions: 485->492
[121.321s][info][gc,heap        ] GC(279) Humongous regions: 244->244
[121.321s][info][gc,metaspace   ] GC(279) Metaspace: 67083K->67083K(1110016K)
[121.321s][info][gc             ] GC(279) Pause Young (Normal) (G1 Evacuation Pause) 838M->742M(1830M) 44.858ms
[121.321s][info][gc,cpu         ] GC(279) User=0.04s Sys=0.00s Real=0.05s
[121.698s][info][gc,start       ] GC(280) Pause Young (Normal) (G1 Evacuation Pause)
[121.698s][info][gc,task        ] GC(280) Using 1 workers of 1 for evacuation
[121.753s][info][gc,phases      ] GC(280)   Pre Evacuate Collection Set: 0.1ms
[121.753s][info][gc,phases      ] GC(280)   Evacuate Collection Set: 54.8ms
[121.753s][info][gc,phases      ] GC(280)   Post Evacuate Collection Set: 0.6ms
[121.753s][info][gc,phases      ] GC(280)   Other: 0.3ms
[121.753s][info][gc,heap        ] GC(280) Eden regions: 129->0(145)
[121.753s][info][gc,heap        ] GC(280) Survivor regions: 8->14(18)
[121.753s][info][gc,heap        ] GC(280) Old regions: 492->492
[121.753s][info][gc,heap        ] GC(280) Humongous regions: 253->253
[121.753s][info][gc,metaspace   ] GC(280) Metaspace: 67083K->67083K(1110016K)
[121.753s][info][gc             ] GC(280) Pause Young (Normal) (G1 Evacuation Pause) 880M->757M(1830M) 55.788ms
[121.753s][info][gc,cpu         ] GC(280) User=0.06s Sys=0.00s Real=0.05s
[122.438s][info][gc,start       ] GC(281) Pause Young (Normal) (G1 Evacuation Pause)
[122.438s][info][gc,task        ] GC(281) Using 1 workers of 1 for evacuation
[122.553s][info][gc,phases      ] GC(281)   Pre Evacuate Collection Set: 0.1ms
[122.553s][info][gc,phases      ] GC(281)   Evacuate Collection Set: 113.3ms
[122.553s][info][gc,phases      ] GC(281)   Post Evacuate Collection Set: 0.7ms
[122.553s][info][gc,phases      ] GC(281)   Other: 0.3ms
[122.553s][info][gc,heap        ] GC(281) Eden regions: 80->0(91)
[122.553s][info][gc,heap        ] GC(281) Survivor regions: 14->12(12)
[122.553s][info][gc,heap        ] GC(281) Old regions: 492->507
[122.553s][info][gc,heap        ] GC(281) Humongous regions: 274->269
[122.553s][info][gc,metaspace   ] GC(281) Metaspace: 67086K->67086K(1110016K)
[122.553s][info][gc             ] GC(281) Pause Young (Normal) (G1 Evacuation Pause) 858M->786M(1830M) 114.471ms
[122.553s][info][gc,cpu         ] GC(281) User=0.12s Sys=0.00s Real=0.11s
[122.857s][info][gc,start       ] GC(282) Pause Young (Normal) (G1 Evacuation Pause)
[122.857s][info][gc,task        ] GC(282) Using 1 workers of 1 for evacuation
[122.945s][info][gc,phases      ] GC(282)   Pre Evacuate Collection Set: 0.1ms
[122.945s][info][gc,phases      ] GC(282)   Evacuate Collection Set: 87.6ms
[122.945s][info][gc,phases      ] GC(282)   Post Evacuate Collection Set: 0.5ms
[122.945s][info][gc,phases      ] GC(282)   Other: 0.3ms
[122.945s][info][gc,heap        ] GC(282) Eden regions: 91->0(99)
[122.945s][info][gc,heap        ] GC(282) Survivor regions: 12->12(13)
[122.945s][info][gc,heap        ] GC(282) Old regions: 507->519
[122.945s][info][gc,heap        ] GC(282) Humongous regions: 280->280
[122.945s][info][gc,metaspace   ] GC(282) Metaspace: 67090K->67090K(1110016K)
[122.945s][info][gc             ] GC(282) Pause Young (Normal) (G1 Evacuation Pause) 888M->809M(1830M) 88.625ms
[122.946s][info][gc,cpu         ] GC(282) User=0.09s Sys=0.00s Real=0.08s
[123.358s][info][gc,start       ] GC(283) Pause Young (Concurrent Start) (G1 Humongous Allocation)
[123.358s][info][gc,task        ] GC(283) Using 1 workers of 1 for evacuation
[123.468s][info][gc,phases      ] GC(283)   Pre Evacuate Collection Set: 0.3ms
[123.468s][info][gc,phases      ] GC(283)   Evacuate Collection Set: 108.7ms
[123.468s][info][gc,phases      ] GC(283)   Post Evacuate Collection Set: 0.7ms
[123.468s][info][gc,phases      ] GC(283)   Other: 0.4ms
[123.468s][info][gc,heap        ] GC(283) Eden regions: 97->0(141)
[123.468s][info][gc,heap        ] GC(283) Survivor regions: 12->14(14)
[123.468s][info][gc,heap        ] GC(283) Old regions: 519->536
[123.468s][info][gc,heap        ] GC(283) Humongous regions: 302->297
[123.468s][info][gc,metaspace   ] GC(283) Metaspace: 67115K->67115K(1110016K)
[123.468s][info][gc             ] GC(283) Pause Young (Concurrent Start) (G1 Humongous Allocation) 928M->845M(1862M) 110.168ms
[123.468s][info][gc,cpu         ] GC(283) User=0.10s Sys=0.00s Real=0.10s
[123.468s][info][gc             ] GC(284) Concurrent Cycle
[123.468s][info][gc,marking     ] GC(284) Concurrent Clear Claimed Marks
[123.468s][info][gc,marking     ] GC(284) Concurrent Clear Claimed Marks 0.269ms
[123.468s][info][gc,marking     ] GC(284) Concurrent Scan Root Regions
[123.497s][info][gc,marking     ] GC(284) Concurrent Scan Root Regions 28.775ms
[123.497s][info][gc,marking     ] GC(284) Concurrent Mark (123.497s)
[123.497s][info][gc,marking     ] GC(284) Concurrent Mark From Roots
[123.497s][info][gc,task        ] GC(284) Using 1 workers of 1 for marking
[123.910s][info][gc,marking     ] GC(284) Concurrent Mark From Roots 412.874ms
[123.910s][info][gc,marking     ] GC(284) Concurrent Preclean
[123.910s][info][gc,marking     ] GC(284) Concurrent Preclean 0.101ms
[123.910s][info][gc,marking     ] GC(284) Concurrent Mark (123.497s, 123.910s) 413.082ms
[123.913s][info][gc,start       ] GC(284) Pause Remark
[123.931s][info][gc,stringtable ] GC(284) Cleaned string and symbol table, strings: 23432 processed, 22 removed, symbols: 139754 processed, 0 removed
[123.932s][info][gc             ] GC(284) Pause Remark 909M->266M(1862M) 18.632ms
[123.932s][info][gc,cpu         ] GC(284) User=0.02s Sys=0.00s Real=0.02s
[123.932s][info][gc,marking     ] GC(284) Concurrent Rebuild Remembered Sets
[124.217s][info][gc,marking     ] GC(284) Concurrent Rebuild Remembered Sets 284.734ms
[124.220s][info][gc,start       ] GC(284) Pause Cleanup
[124.221s][info][gc             ] GC(284) Pause Cleanup 297M->297M(1862M) 0.323ms
[124.221s][info][gc,cpu         ] GC(284) User=0.00s Sys=0.00s Real=0.00s
[124.221s][info][gc,marking     ] GC(284) Concurrent Cleanup for Next Mark
[124.234s][info][gc,marking     ] GC(284) Concurrent Cleanup for Next Mark 13.711ms
[124.234s][info][gc             ] GC(284) Concurrent Cycle 766.537ms
[124.437s][info][gc,start       ] GC(285) Pause Young (Normal) (G1 Evacuation Pause)
[124.437s][info][gc,task        ] GC(285) Using 1 workers of 1 for evacuation
[124.519s][info][gc,phases      ] GC(285)   Pre Evacuate Collection Set: 0.1ms
[124.519s][info][gc,phases      ] GC(285)   Evacuate Collection Set: 80.7ms
[124.519s][info][gc,phases      ] GC(285)   Post Evacuate Collection Set: 0.7ms
[124.519s][info][gc,phases      ] GC(285)   Other: 0.3ms
[124.519s][info][gc,heap        ] GC(285) Eden regions: 141->0(110)
[124.519s][info][gc,heap        ] GC(285) Survivor regions: 14->20(20)
[124.519s][info][gc,heap        ] GC(285) Old regions: 178->180
[124.519s][info][gc,heap        ] GC(285) Humongous regions: 34->34
[124.519s][info][gc,metaspace   ] GC(285) Metaspace: 67149K->67149K(1110016K)
[124.519s][info][gc             ] GC(285) Pause Young (Normal) (G1 Evacuation Pause) 365M->232M(1862M) 81.763ms
[124.519s][info][gc,cpu         ] GC(285) User=0.09s Sys=0.00s Real=0.08s
[125.007s][info][gc,start       ] GC(286) Pause Young (Normal) (G1 Evacuation Pause)
[125.007s][info][gc,task        ] GC(286) Using 1 workers of 1 for evacuation
[125.127s][info][gc,phases      ] GC(286)   Pre Evacuate Collection Set: 0.1ms
[125.127s][info][gc,phases      ] GC(286)   Evacuate Collection Set: 119.0ms
[125.127s][info][gc,phases      ] GC(286)   Post Evacuate Collection Set: 0.7ms
[125.127s][info][gc,phases      ] GC(286)   Other: 0.3ms
[125.127s][info][gc,heap        ] GC(286) Eden regions: 110->0(114)
[125.127s][info][gc,heap        ] GC(286) Survivor regions: 20->17(17)
[125.127s][info][gc,heap        ] GC(286) Old regions: 180->199
[125.127s][info][gc,heap        ] GC(286) Humongous regions: 55->50
[125.127s][info][gc,metaspace   ] GC(286) Metaspace: 67174K->67174K(1110016K)
[125.127s][info][gc             ] GC(286) Pause Young (Normal) (G1 Evacuation Pause) 363M->264M(1862M) 120.120ms
[125.127s][info][gc,cpu         ] GC(286) User=0.12s Sys=0.00s Real=0.12s
[125.679s][info][gc,start       ] GC(287) Pause Young (Normal) (G1 Evacuation Pause)
[125.679s][info][gc,task        ] GC(287) Using 1 workers of 1 for evacuation
[125.769s][info][gc,phases      ] GC(287)   Pre Evacuate Collection Set: 0.1ms
[125.769s][info][gc,phases      ] GC(287)   Evacuate Collection Set: 89.0ms
[125.769s][info][gc,phases      ] GC(287)   Post Evacuate Collection Set: 0.6ms
[125.769s][info][gc,phases      ] GC(287)   Other: 0.3ms
[125.769s][info][gc,heap        ] GC(287) Eden regions: 114->0(125)
[125.769s][info][gc,heap        ] GC(287) Survivor regions: 17->12(17)
[125.769s][info][gc,heap        ] GC(287) Old regions: 199->216
[125.769s][info][gc,heap        ] GC(287) Humongous regions: 61->61
[125.769s][info][gc,metaspace   ] GC(287) Metaspace: 67178K->67178K(1110016K)
[125.769s][info][gc             ] GC(287) Pause Young (Normal) (G1 Evacuation Pause) 389M->287M(1862M) 90.007ms
[125.769s][info][gc,cpu         ] GC(287) User=0.09s Sys=0.00s Real=0.09s
[126.257s][info][gc,start       ] GC(288) Pause Young (Normal) (G1 Evacuation Pause)
[126.257s][info][gc,task        ] GC(288) Using 1 workers of 1 for evacuation
[126.329s][info][gc,phases      ] GC(288)   Pre Evacuate Collection Set: 0.1ms
[126.329s][info][gc,phases      ] GC(288)   Evacuate Collection Set: 70.5ms
[126.329s][info][gc,phases      ] GC(288)   Post Evacuate Collection Set: 0.8ms
[126.329s][info][gc,phases      ] GC(288)   Other: 0.3ms
[126.329s][info][gc,heap        ] GC(288) Eden regions: 125->0(138)
[126.329s][info][gc,heap        ] GC(288) Survivor regions: 12->12(18)
[126.329s][info][gc,heap        ] GC(288) Old regions: 216->227
[126.329s][info][gc,heap        ] GC(288) Humongous regions: 72->72
[126.329s][info][gc,metaspace   ] GC(288) Metaspace: 67180K->67180K(1110016K)
[126.329s][info][gc             ] GC(288) Pause Young (Normal) (G1 Evacuation Pause) 423M->309M(1889M) 71.725ms
[126.329s][info][gc,cpu         ] GC(288) User=0.08s Sys=0.00s Real=0.07s
[126.622s][info][gc,start       ] GC(289) Pause Young (Normal) (G1 Evacuation Pause)
[126.622s][info][gc,task        ] GC(289) Using 1 workers of 1 for evacuation
[126.690s][info][gc,phases      ] GC(289)   Pre Evacuate Collection Set: 0.1ms
[126.690s][info][gc,phases      ] GC(289)   Evacuate Collection Set: 67.7ms
[126.690s][info][gc,phases      ] GC(289)   Post Evacuate Collection Set: 0.4ms
[126.690s][info][gc,phases      ] GC(289)   Other: 0.3ms
[126.690s][info][gc,heap        ] GC(289) Eden regions: 138->0(148)
[126.690s][info][gc,heap        ] GC(289) Survivor regions: 12->12(19)
[126.690s][info][gc,heap        ] GC(289) Old regions: 227->238
[126.690s][info][gc,heap        ] GC(289) Humongous regions: 80->75
[126.690s][info][gc,metaspace   ] GC(289) Metaspace: 67190K->67190K(1110016K)
[126.690s][info][gc             ] GC(289) Pause Young (Normal) (G1 Evacuation Pause) 455M->323M(1889M) 68.462ms
[126.690s][info][gc,cpu         ] GC(289) User=0.06s Sys=0.00s Real=0.07s
[127.315s][info][gc,start       ] GC(290) Pause Young (Normal) (G1 Evacuation Pause)
[127.315s][info][gc,task        ] GC(290) Using 1 workers of 1 for evacuation
[127.440s][info][gc,phases      ] GC(290)   Pre Evacuate Collection Set: 0.1ms
[127.440s][info][gc,phases      ] GC(290)   Evacuate Collection Set: 123.8ms
[127.440s][info][gc,phases      ] GC(290)   Post Evacuate Collection Set: 0.5ms
[127.440s][info][gc,phases      ] GC(290)   Other: 0.7ms
[127.440s][info][gc,heap        ] GC(290) Eden regions: 148->0(149)
[127.440s][info][gc,heap        ] GC(290) Survivor regions: 12->17(20)
[127.440s][info][gc,heap        ] GC(290) Old regions: 238->250
[127.440s][info][gc,heap        ] GC(290) Humongous regions: 164->118
[127.440s][info][gc,metaspace   ] GC(290) Metaspace: 67196K->67196K(1110016K)
[127.440s][info][gc             ] GC(290) Pause Young (Normal) (G1 Evacuation Pause) 560M->382M(1889M) 125.272ms
[127.440s][info][gc,cpu         ] GC(290) User=0.13s Sys=0.00s Real=0.13s
[127.683s][info][gc,start       ] GC(291) Pause Young (Normal) (G1 Evacuation Pause)
[127.684s][info][gc,task        ] GC(291) Using 1 workers of 1 for evacuation
[127.816s][info][gc,phases      ] GC(291)   Pre Evacuate Collection Set: 0.1ms
[127.816s][info][gc,phases      ] GC(291)   Evacuate Collection Set: 131.8ms
[127.816s][info][gc,phases      ] GC(291)   Post Evacuate Collection Set: 0.5ms
[127.816s][info][gc,phases      ] GC(291)   Other: 0.3ms
[127.816s][info][gc,heap        ] GC(291) Eden regions: 149->0(108)
[127.816s][info][gc,heap        ] GC(291) Survivor regions: 17->21(21)
[127.816s][info][gc,heap        ] GC(291) Old regions: 250->269
[127.816s][info][gc,heap        ] GC(291) Humongous regions: 131->109
[127.816s][info][gc,metaspace   ] GC(291) Metaspace: 67204K->67204K(1110016K)
[127.816s][info][gc             ] GC(291) Pause Young (Normal) (G1 Evacuation Pause) 544M->397M(1889M) 132.757ms
[127.816s][info][gc,cpu         ] GC(291) User=0.13s Sys=0.00s Real=0.13s
[128.415s][info][gc,start       ] GC(292) Pause Young (Normal) (G1 Evacuation Pause)
[128.415s][info][gc,task        ] GC(292) Using 1 workers of 1 for evacuation
[128.527s][info][gc,phases      ] GC(292)   Pre Evacuate Collection Set: 0.1ms
[128.527s][info][gc,phases      ] GC(292)   Evacuate Collection Set: 111.2ms
[128.527s][info][gc,phases      ] GC(292)   Post Evacuate Collection Set: 0.7ms
[128.527s][info][gc,phases      ] GC(292)   Other: 0.3ms
[128.527s][info][gc,heap        ] GC(292) Eden regions: 108->0(117)
[128.527s][info][gc,heap        ] GC(292) Survivor regions: 21->11(17)
[128.527s][info][gc,heap        ] GC(292) Old regions: 269->290
[128.527s][info][gc,heap        ] GC(292) Humongous regions: 192->145
[128.527s][info][gc,metaspace   ] GC(292) Metaspace: 67210K->67210K(1110016K)
[128.527s][info][gc             ] GC(292) Pause Young (Normal) (G1 Evacuation Pause) 588M->443M(1910M) 112.308ms
[128.527s][info][gc,cpu         ] GC(292) User=0.11s Sys=0.00s Real=0.11s
[128.736s][info][gc,start       ] GC(293) Pause Young (Normal) (G1 Evacuation Pause)
[128.736s][info][gc,task        ] GC(293) Using 1 workers of 1 for evacuation
[128.833s][info][gc,phases      ] GC(293)   Pre Evacuate Collection Set: 0.1ms
[128.833s][info][gc,phases      ] GC(293)   Evacuate Collection Set: 96.1ms
[128.833s][info][gc,phases      ] GC(293)   Post Evacuate Collection Set: 0.5ms
[128.833s][info][gc,phases      ] GC(293)   Other: 0.3ms
[128.833s][info][gc,heap        ] GC(293) Eden regions: 117->0(120)
[128.833s][info][gc,heap        ] GC(293) Survivor regions: 11->16(16)
[128.833s][info][gc,heap        ] GC(293) Old regions: 290->302
[128.833s][info][gc,heap        ] GC(293) Humongous regions: 161->161
[128.833s][info][gc,metaspace   ] GC(293) Metaspace: 67213K->67213K(1110016K)
[128.833s][info][gc             ] GC(293) Pause Young (Normal) (G1 Evacuation Pause) 576M->477M(1910M) 97.070ms
[128.833s][info][gc,cpu         ] GC(293) User=0.09s Sys=0.00s Real=0.10s
[129.400s][info][gc,start       ] GC(294) Pause Young (Normal) (G1 Evacuation Pause)
[129.400s][info][gc,task        ] GC(294) Using 1 workers of 1 for evacuation
[129.527s][info][gc,phases      ] GC(294)   Pre Evacuate Collection Set: 0.1ms
[129.528s][info][gc,phases      ] GC(294)   Evacuate Collection Set: 126.3ms
[129.528s][info][gc,phases      ] GC(294)   Post Evacuate Collection Set: 0.6ms
[129.528s][info][gc,phases      ] GC(294)   Other: 0.4ms
[129.528s][info][gc,heap        ] GC(294) Eden regions: 120->0(122)
[129.528s][info][gc,heap        ] GC(294) Survivor regions: 16->15(17)
[129.528s][info][gc,heap        ] GC(294) Old regions: 302->318
[129.528s][info][gc,heap        ] GC(294) Humongous regions: 244->200
[129.528s][info][gc,metaspace   ] GC(294) Metaspace: 67222K->67222K(1110016K)
[129.528s][info][gc             ] GC(294) Pause Young (Normal) (G1 Evacuation Pause) 680M->530M(1910M) 127.386ms
[129.528s][info][gc,cpu         ] GC(294) User=0.12s Sys=0.00s Real=0.12s
[129.666s][info][gc,start       ] GC(295) Pause Young (Normal) (G1 Evacuation Pause)
[129.666s][info][gc,task        ] GC(295) Using 1 workers of 1 for evacuation
[129.779s][info][gc,phases      ] GC(295)   Pre Evacuate Collection Set: 0.1ms
[129.779s][info][gc,phases      ] GC(295)   Evacuate Collection Set: 112.2ms
[129.779s][info][gc,phases      ] GC(295)   Post Evacuate Collection Set: 0.5ms
[129.779s][info][gc,phases      ] GC(295)   Other: 0.3ms
[129.779s][info][gc,heap        ] GC(295) Eden regions: 122->0(77)
[129.779s][info][gc,heap        ] GC(295) Survivor regions: 15->18(18)
[129.779s][info][gc,heap        ] GC(295) Old regions: 318->341
[129.779s][info][gc,heap        ] GC(295) Humongous regions: 220->198
[129.779s][info][gc,metaspace   ] GC(295) Metaspace: 67236K->67236K(1110016K)
[129.779s][info][gc             ] GC(295) Pause Young (Normal) (G1 Evacuation Pause) 672M->555M(1910M) 113.160ms
[129.779s][info][gc,cpu         ] GC(295) User=0.11s Sys=0.00s Real=0.12s
[129.819s][info][gc,start       ] GC(296) Pause Young (Normal) (G1 Evacuation Pause)
[129.819s][info][gc,task        ] GC(296) Using 1 workers of 1 for evacuation
[129.861s][info][gc,phases      ] GC(296)   Pre Evacuate Collection Set: 0.1ms
[129.861s][info][gc,phases      ] GC(296)   Evacuate Collection Set: 41.5ms
[129.861s][info][gc,phases      ] GC(296)   Post Evacuate Collection Set: 0.5ms
[129.861s][info][gc,phases      ] GC(296)   Other: 0.2ms
[129.861s][info][gc,heap        ] GC(296) Eden regions: 77->0(119)
[129.861s][info][gc,heap        ] GC(296) Survivor regions: 18->0(12)
[129.861s][info][gc,heap        ] GC(296) Old regions: 341->359
[129.861s][info][gc,heap        ] GC(296) Humongous regions: 198->198
[129.861s][info][gc,metaspace   ] GC(296) Metaspace: 67236K->67236K(1110016K)
[129.861s][info][gc             ] GC(296) Pause Young (Normal) (G1 Evacuation Pause) 632M->555M(1927M) 42.335ms
[129.861s][info][gc,cpu         ] GC(296) User=0.04s Sys=0.00s Real=0.04s
[129.923s][info][gc,start       ] GC(297) Pause Young (Normal) (G1 Evacuation Pause)
[129.923s][info][gc,task        ] GC(297) Using 1 workers of 1 for evacuation
[129.926s][info][gc,phases      ] GC(297)   Pre Evacuate Collection Set: 0.1ms
[129.926s][info][gc,phases      ] GC(297)   Evacuate Collection Set: 2.3ms
[129.926s][info][gc,phases      ] GC(297)   Post Evacuate Collection Set: 0.5ms
[129.926s][info][gc,phases      ] GC(297)   Other: 0.3ms
[129.926s][info][gc,heap        ] GC(297) Eden regions: 119->0(156)
[129.926s][info][gc,heap        ] GC(297) Survivor regions: 0->1(15)
[129.926s][info][gc,heap        ] GC(297) Old regions: 359->359
[129.926s][info][gc,heap        ] GC(297) Humongous regions: 198->198
[129.926s][info][gc,metaspace   ] GC(297) Metaspace: 67236K->67236K(1110016K)
[129.926s][info][gc             ] GC(297) Pause Young (Normal) (G1 Evacuation Pause) 674M->555M(1927M) 3.120ms
[129.926s][info][gc,cpu         ] GC(297) User=0.00s Sys=0.00s Real=0.00s
[130.017s][info][gc,start       ] GC(298) Pause Young (Normal) (G1 Evacuation Pause)
[130.017s][info][gc,task        ] GC(298) Using 1 workers of 1 for evacuation
[130.092s][info][gc,phases      ] GC(298)   Pre Evacuate Collection Set: 0.1ms
[130.092s][info][gc,phases      ] GC(298)   Evacuate Collection Set: 73.7ms
[130.092s][info][gc,phases      ] GC(298)   Post Evacuate Collection Set: 0.6ms
[130.092s][info][gc,phases      ] GC(298)   Other: 0.2ms
[130.092s][info][gc,heap        ] GC(298) Eden regions: 156->0(133)
[130.092s][info][gc,heap        ] GC(298) Survivor regions: 1->20(20)
[130.092s][info][gc,heap        ] GC(298) Old regions: 359->378
[130.092s][info][gc,heap        ] GC(298) Humongous regions: 201->201
[130.092s][info][gc,metaspace   ] GC(298) Metaspace: 67236K->67236K(1110016K)
[130.092s][info][gc             ] GC(298) Pause Young (Normal) (G1 Evacuation Pause) 714M->597M(1927M) 74.685ms
[130.092s][info][gc,cpu         ] GC(298) User=0.08s Sys=0.00s Real=0.07s
[130.143s][info][gc,start       ] GC(299) Pause Young (Normal) (G1 Evacuation Pause)
[130.143s][info][gc,task        ] GC(299) Using 1 workers of 1 for evacuation
[130.201s][info][gc,phases      ] GC(299)   Pre Evacuate Collection Set: 0.1ms
[130.202s][info][gc,phases      ] GC(299)   Evacuate Collection Set: 57.5ms
[130.202s][info][gc,phases      ] GC(299)   Post Evacuate Collection Set: 0.3ms
[130.202s][info][gc,phases      ] GC(299)   Other: 0.3ms
[130.202s][info][gc,heap        ] GC(299) Eden regions: 133->0(172)
[130.202s][info][gc,heap        ] GC(299) Survivor regions: 20->2(20)
[130.202s][info][gc,heap        ] GC(299) Old regions: 378->398
[130.202s][info][gc,heap        ] GC(299) Humongous regions: 201->201
[130.202s][info][gc,metaspace   ] GC(299) Metaspace: 67236K->67236K(1110016K)
[130.202s][info][gc             ] GC(299) Pause Young (Normal) (G1 Evacuation Pause) 730M->599M(1927M) 58.297ms
[130.202s][info][gc,cpu         ] GC(299) User=0.05s Sys=0.00s Real=0.06s
[130.213s][info][gc,task        ] GC(300) Using 1 workers of 1 for full compaction
[130.213s][info][gc,start       ] GC(300) Pause Full (System.gc())
[130.214s][info][gc,phases,start] GC(300) Phase 1: Mark live objects
[130.374s][info][gc,stringtable ] GC(300) Cleaned string and symbol table, strings: 23444 processed, 23 removed, symbols: 139758 processed, 0 removed
[130.374s][info][gc,phases      ] GC(300) Phase 1: Mark live objects 159.792ms
[130.374s][info][gc,phases,start] GC(300) Phase 2: Prepare for compaction
[130.413s][info][gc,phases      ] GC(300) Phase 2: Prepare for compaction 39.420ms
[130.413s][info][gc,phases,start] GC(300) Phase 3: Adjust pointers
[130.543s][info][gc,phases      ] GC(300) Phase 3: Adjust pointers 130.001ms
[130.543s][info][gc,phases,start] GC(300) Phase 4: Compact heap
[130.578s][info][gc,phases      ] GC(300) Phase 4: Compact heap 34.479ms
[130.620s][info][gc,heap        ] GC(300) Eden regions: 29->0(162)
[130.620s][info][gc,heap        ] GC(300) Survivor regions: 2->0(20)
[130.620s][info][gc,heap        ] GC(300) Old regions: 398->137
[130.620s][info][gc,heap        ] GC(300) Humongous regions: 201->9
[130.620s][info][gc,metaspace   ] GC(300) Metaspace: 67236K->67236K(1110016K)
[130.620s][info][gc             ] GC(300) Pause Full (System.gc()) 628M->145M(487M) 407.127ms
[130.620s][info][gc,cpu         ] GC(300) User=0.35s Sys=0.04s Real=0.41s
[131.036s][info][gc,start       ] GC(301) Pause Young (Normal) (G1 Evacuation Pause)
[131.036s][info][gc,task        ] GC(301) Using 1 workers of 1 for evacuation
[131.107s][info][gc,phases      ] GC(301)   Pre Evacuate Collection Set: 0.0ms
[131.107s][info][gc,phases      ] GC(301)   Evacuate Collection Set: 70.5ms
[131.107s][info][gc,phases      ] GC(301)   Post Evacuate Collection Set: 0.4ms
[131.107s][info][gc,phases      ] GC(301)   Other: 0.3ms
[131.107s][info][gc,heap        ] GC(301) Eden regions: 162->0(145)
[131.107s][info][gc,heap        ] GC(301) Survivor regions: 0->21(21)
[131.107s][info][gc,heap        ] GC(301) Old regions: 137->147
[131.107s][info][gc,heap        ] GC(301) Humongous regions: 28->23
[131.107s][info][gc,metaspace   ] GC(301) Metaspace: 67282K->67282K(1110016K)
[131.107s][info][gc             ] GC(301) Pause Young (Normal) (G1 Evacuation Pause) 326M->189M(487M) 71.342ms
[131.107s][info][gc,cpu         ] GC(301) User=0.07s Sys=0.00s Real=0.07s
[131.492s][info][gc,start       ] GC(302) Pause Young (Normal) (G1 Evacuation Pause)
[131.492s][info][gc,task        ] GC(302) Using 1 workers of 1 for evacuation
[131.577s][info][gc,phases      ] GC(302)   Pre Evacuate Collection Set: 0.0ms
[131.577s][info][gc,phases      ] GC(302)   Evacuate Collection Set: 82.8ms
[131.577s][info][gc,phases      ] GC(302)   Post Evacuate Collection Set: 1.5ms
[131.577s][info][gc,phases      ] GC(302)   Other: 0.3ms
[131.577s][info][gc,heap        ] GC(302) Eden regions: 145->0(175)
[131.577s][info][gc,heap        ] GC(302) Survivor regions: 21->12(21)
[131.577s][info][gc,heap        ] GC(302) Old regions: 147->168
[131.577s][info][gc,heap        ] GC(302) Humongous regions: 31->31
[131.577s][info][gc,metaspace   ] GC(302) Metaspace: 67282K->67282K(1110016K)
[131.577s][info][gc             ] GC(302) Pause Young (Normal) (G1 Evacuation Pause) 342M->209M(815M) 84.609ms
[131.577s][info][gc,cpu         ] GC(302) User=0.09s Sys=0.00s Real=0.08s
[132.050s][info][gc,start       ] GC(303) Pause Young (Normal) (G1 Evacuation Pause)
[132.050s][info][gc,task        ] GC(303) Using 1 workers of 1 for evacuation
[132.114s][info][gc,phases      ] GC(303)   Pre Evacuate Collection Set: 0.0ms
[132.114s][info][gc,phases      ] GC(303)   Evacuate Collection Set: 63.5ms
[132.114s][info][gc,phases      ] GC(303)   Post Evacuate Collection Set: 0.4ms
[132.114s][info][gc,phases      ] GC(303)   Other: 0.3ms
[132.114s][info][gc,heap        ] GC(303) Eden regions: 175->0(179)
[132.114s][info][gc,heap        ] GC(303) Survivor regions: 12->20(24)
[132.114s][info][gc,heap        ] GC(303) Old regions: 168->168
[132.114s][info][gc,heap        ] GC(303) Humongous regions: 31->31
[132.114s][info][gc,metaspace   ] GC(303) Metaspace: 67282K->67282K(1110016K)
[132.114s][info][gc             ] GC(303) Pause Young (Normal) (G1 Evacuation Pause) 384M->217M(815M) 64.340ms
[132.114s][info][gc,cpu         ] GC(303) User=0.05s Sys=0.01s Real=0.06s
[132.876s][info][gc,start       ] GC(304) Pause Young (Normal) (G1 Evacuation Pause)
[132.876s][info][gc,task        ] GC(304) Using 1 workers of 1 for evacuation
[132.990s][info][gc,phases      ] GC(304)   Pre Evacuate Collection Set: 0.0ms
[132.990s][info][gc,phases      ] GC(304)   Evacuate Collection Set: 113.5ms
[132.990s][info][gc,phases      ] GC(304)   Post Evacuate Collection Set: 0.7ms
[132.990s][info][gc,phases      ] GC(304)   Other: 0.3ms
[132.990s][info][gc,heap        ] GC(304) Eden regions: 118->0(166)
[132.990s][info][gc,heap        ] GC(304) Survivor regions: 20->7(18)
[132.990s][info][gc,heap        ] GC(304) Old regions: 168->188
[132.990s][info][gc,heap        ] GC(304) Humongous regions: 45->45
[132.990s][info][gc,metaspace   ] GC(304) Metaspace: 67287K->67287K(1110016K)
[132.990s][info][gc             ] GC(304) Pause Young (Normal) (G1 Evacuation Pause) 349M->238M(815M) 114.622ms
[132.990s][info][gc,cpu         ] GC(304) User=0.11s Sys=0.00s Real=0.12s
[133.339s][info][gc,start       ] GC(305) Pause Young (Normal) (G1 Evacuation Pause)
[133.339s][info][gc,task        ] GC(305) Using 1 workers of 1 for evacuation
[133.460s][info][gc,phases      ] GC(305)   Pre Evacuate Collection Set: 0.0ms
[133.460s][info][gc,phases      ] GC(305)   Evacuate Collection Set: 119.8ms
[133.460s][info][gc,phases      ] GC(305)   Post Evacuate Collection Set: 0.5ms
[133.460s][info][gc,phases      ] GC(305)   Other: 0.3ms
[133.460s][info][gc,heap        ] GC(305) Eden regions: 148->0(150)
[133.460s][info][gc,heap        ] GC(305) Survivor regions: 7->20(20)
[133.460s][info][gc,heap        ] GC(305) Old regions: 188->206
[133.460s][info][gc,heap        ] GC(305) Humongous regions: 62->62
[133.460s][info][gc,metaspace   ] GC(305) Metaspace: 67288K->67288K(1110016K)
[133.460s][info][gc             ] GC(305) Pause Young (Normal) (G1 Evacuation Pause) 403M->287M(815M) 120.650ms
[133.460s][info][gc,cpu         ] GC(305) User=0.12s Sys=0.00s Real=0.12s
[133.857s][info][gc,start       ] GC(306) Pause Young (Normal) (G1 Evacuation Pause)
[133.858s][info][gc,task        ] GC(306) Using 1 workers of 1 for evacuation
[133.945s][info][gc,phases      ] GC(306)   Pre Evacuate Collection Set: 0.0ms
[133.945s][info][gc,phases      ] GC(306)   Evacuate Collection Set: 85.8ms
[133.945s][info][gc,phases      ] GC(306)   Post Evacuate Collection Set: 1.8ms
[133.945s][info][gc,phases      ] GC(306)   Other: 0.3ms
[133.945s][info][gc,heap        ] GC(306) Eden regions: 150->0(168)
[133.945s][info][gc,heap        ] GC(306) Survivor regions: 20->12(22)
[133.945s][info][gc,heap        ] GC(306) Old regions: 206->226
[133.945s][info][gc,heap        ] GC(306) Humongous regions: 67->67
[133.945s][info][gc,metaspace   ] GC(306) Metaspace: 67288K->67288K(1110016K)
[133.945s][info][gc             ] GC(306) Pause Young (Normal) (G1 Evacuation Pause) 442M->304M(1209M) 87.915ms
[133.945s][info][gc,cpu         ] GC(306) User=0.08s Sys=0.00s Real=0.08s
[134.505s][info][gc,start       ] GC(307) Pause Young (Normal) (G1 Evacuation Pause)
[134.505s][info][gc,task        ] GC(307) Using 1 workers of 1 for evacuation
[134.595s][info][gc,phases      ] GC(307)   Pre Evacuate Collection Set: 0.0ms
[134.596s][info][gc,phases      ] GC(307)   Evacuate Collection Set: 90.0ms
[134.596s][info][gc,phases      ] GC(307)   Post Evacuate Collection Set: 0.6ms
[134.596s][info][gc,phases      ] GC(307)   Other: 0.3ms
[134.596s][info][gc,heap        ] GC(307) Eden regions: 168->0(55)
[134.596s][info][gc,heap        ] GC(307) Survivor regions: 12->10(23)
[134.596s][info][gc,heap        ] GC(307) Old regions: 226->236
[134.596s][info][gc,heap        ] GC(307) Humongous regions: 76->76
[134.596s][info][gc,metaspace   ] GC(307) Metaspace: 67288K->67288K(1110016K)
[134.596s][info][gc             ] GC(307) Pause Young (Normal) (G1 Evacuation Pause) 481M->321M(1209M) 90.977ms
[134.596s][info][gc,cpu         ] GC(307) User=0.09s Sys=0.00s Real=0.09s
[134.745s][info][gc,start       ] GC(308) Pause Young (Normal) (G1 Evacuation Pause)
[134.745s][info][gc,task        ] GC(308) Using 1 workers of 1 for evacuation
[134.800s][info][gc,phases      ] GC(308)   Pre Evacuate Collection Set: 0.0ms
[134.800s][info][gc,phases      ] GC(308)   Evacuate Collection Set: 54.5ms
[134.800s][info][gc,phases      ] GC(308)   Post Evacuate Collection Set: 0.4ms
[134.800s][info][gc,phases      ] GC(308)   Other: 0.3ms
[134.800s][info][gc,heap        ] GC(308) Eden regions: 55->0(128)
[134.800s][info][gc,heap        ] GC(308) Survivor regions: 10->4(9)
[134.800s][info][gc,heap        ] GC(308) Old regions: 236->246
[134.800s][info][gc,heap        ] GC(308) Humongous regions: 76->76
[134.800s][info][gc,metaspace   ] GC(308) Metaspace: 67288K->67288K(1110016K)
[134.801s][info][gc             ] GC(308) Pause Young (Normal) (G1 Evacuation Pause) 376M->324M(1209M) 55.295ms
[134.801s][info][gc,cpu         ] GC(308) User=0.05s Sys=0.00s Real=0.06s
[135.480s][info][gc,start       ] GC(309) Pause Young (Normal) (G1 Evacuation Pause)
[135.480s][info][gc,task        ] GC(309) Using 1 workers of 1 for evacuation
[135.568s][info][gc,phases      ] GC(309)   Pre Evacuate Collection Set: 0.0ms
[135.568s][info][gc,phases      ] GC(309)   Evacuate Collection Set: 87.6ms
[135.568s][info][gc,phases      ] GC(309)   Post Evacuate Collection Set: 0.6ms
[135.568s][info][gc,phases      ] GC(309)   Other: 0.3ms
[135.568s][info][gc,heap        ] GC(309) Eden regions: 128->0(112)
[135.568s][info][gc,heap        ] GC(309) Survivor regions: 4->17(17)
[135.568s][info][gc,heap        ] GC(309) Old regions: 246->259
[135.568s][info][gc,heap        ] GC(309) Humongous regions: 92->92
[135.568s][info][gc,metaspace   ] GC(309) Metaspace: 67293K->67293K(1110016K)
[135.568s][info][gc             ] GC(309) Pause Young (Normal) (G1 Evacuation Pause) 468M->367M(1209M) 88.601ms
[135.568s][info][gc,cpu         ] GC(309) User=0.08s Sys=0.00s Real=0.08s
[135.837s][info][gc,start       ] GC(310) Pause Young (Normal) (G1 Evacuation Pause)
[135.838s][info][gc,task        ] GC(310) Using 1 workers of 1 for evacuation
[135.919s][info][gc,phases      ] GC(310)   Pre Evacuate Collection Set: 0.0ms
[135.919s][info][gc,phases      ] GC(310)   Evacuate Collection Set: 79.8ms
[135.919s][info][gc,phases      ] GC(310)   Post Evacuate Collection Set: 0.9ms
[135.919s][info][gc,phases      ] GC(310)   Other: 0.3ms
[135.919s][info][gc,heap        ] GC(310) Eden regions: 112->0(126)
[135.919s][info][gc,heap        ] GC(310) Survivor regions: 17->12(17)
[135.919s][info][gc,heap        ] GC(310) Old regions: 259->276
[135.919s][info][gc,heap        ] GC(310) Humongous regions: 98->98
[135.919s][info][gc,metaspace   ] GC(310) Metaspace: 67293K->67293K(1110016K)
[135.919s][info][gc             ] GC(310) Pause Young (Normal) (G1 Evacuation Pause) 485M->384M(1366M) 81.099ms
[135.919s][info][gc,cpu         ] GC(310) User=0.08s Sys=0.00s Real=0.08s
[136.259s][info][gc,start       ] GC(311) Pause Young (Normal) (G1 Evacuation Pause)
[136.259s][info][gc,task        ] GC(311) Using 1 workers of 1 for evacuation
[136.323s][info][gc,phases      ] GC(311)   Pre Evacuate Collection Set: 0.1ms
[136.323s][info][gc,phases      ] GC(311)   Evacuate Collection Set: 63.0ms
[136.323s][info][gc,phases      ] GC(311)   Post Evacuate Collection Set: 0.4ms
[136.323s][info][gc,phases      ] GC(311)   Other: 0.3ms
[136.323s][info][gc,heap        ] GC(311) Eden regions: 126->0(150)
[136.323s][info][gc,heap        ] GC(311) Survivor regions: 12->9(18)
[136.323s][info][gc,heap        ] GC(311) Old regions: 276->287
[136.323s][info][gc,heap        ] GC(311) Humongous regions: 103->103
[136.323s][info][gc,metaspace   ] GC(311) Metaspace: 67293K->67293K(1110016K)
[136.323s][info][gc             ] GC(311) Pause Young (Normal) (G1 Evacuation Pause) 515M->398M(1366M) 63.766ms
[136.323s][info][gc,cpu         ] GC(311) User=0.06s Sys=0.00s Real=0.06s
[136.767s][info][gc,start       ] GC(312) Pause Young (Normal) (G1 Evacuation Pause)
[136.767s][info][gc,task        ] GC(312) Using 1 workers of 1 for evacuation
[136.834s][info][gc,phases      ] GC(312)   Pre Evacuate Collection Set: 0.0ms
[136.834s][info][gc,phases      ] GC(312)   Evacuate Collection Set: 66.2ms
[136.834s][info][gc,phases      ] GC(312)   Post Evacuate Collection Set: 0.6ms
[136.834s][info][gc,phases      ] GC(312)   Other: 0.3ms
[136.834s][info][gc,heap        ] GC(312) Eden regions: 150->0(153)
[136.834s][info][gc,heap        ] GC(312) Survivor regions: 9->16(20)
[136.834s][info][gc,heap        ] GC(312) Old regions: 287->287
[136.834s][info][gc,heap        ] GC(312) Humongous regions: 112->112
[136.834s][info][gc,metaspace   ] GC(312) Metaspace: 67293K->67293K(1110016K)
[136.834s][info][gc             ] GC(312) Pause Young (Normal) (G1 Evacuation Pause) 557M->414M(1366M) 67.271ms
[136.834s][info][gc,cpu         ] GC(312) User=0.07s Sys=0.00s Real=0.07s
[137.450s][info][gc,start       ] GC(313) Pause Young (Normal) (G1 Evacuation Pause)
[137.450s][info][gc,task        ] GC(313) Using 1 workers of 1 for evacuation
[137.556s][info][gc,phases      ] GC(313)   Pre Evacuate Collection Set: 0.1ms
[137.556s][info][gc,phases      ] GC(313)   Evacuate Collection Set: 105.3ms
[137.556s][info][gc,phases      ] GC(313)   Post Evacuate Collection Set: 0.5ms
[137.556s][info][gc,phases      ] GC(313)   Other: 0.3ms
[137.556s][info][gc,heap        ] GC(313) Eden regions: 86->0(138)
[137.556s][info][gc,heap        ] GC(313) Survivor regions: 16->5(13)
[137.556s][info][gc,heap        ] GC(313) Old regions: 287->303
[137.556s][info][gc,heap        ] GC(313) Humongous regions: 117->117
[137.556s][info][gc,metaspace   ] GC(313) Metaspace: 67293K->67293K(1110016K)
[137.556s][info][gc             ] GC(313) Pause Young (Normal) (G1 Evacuation Pause) 505M->424M(1366M) 106.257ms
[137.556s][info][gc,cpu         ] GC(313) User=0.10s Sys=0.00s Real=0.10s
[138.040s][info][gc,start       ] GC(314) Pause Young (Normal) (G1 Evacuation Pause)
[138.040s][info][gc,task        ] GC(314) Using 1 workers of 1 for evacuation
[138.155s][info][gc,phases      ] GC(314)   Pre Evacuate Collection Set: 0.1ms
[138.156s][info][gc,phases      ] GC(314)   Evacuate Collection Set: 113.9ms
[138.156s][info][gc,phases      ] GC(314)   Post Evacuate Collection Set: 0.9ms
[138.156s][info][gc,phases      ] GC(314)   Other: 0.3ms
[138.156s][info][gc,heap        ] GC(314) Eden regions: 119->0(107)
[138.156s][info][gc,heap        ] GC(314) Survivor regions: 5->16(16)
[138.156s][info][gc,heap        ] GC(314) Old regions: 303->325
[138.156s][info][gc,heap        ] GC(314) Humongous regions: 144->139
[138.156s][info][gc,metaspace   ] GC(314) Metaspace: 67312K->67312K(1110016K)
[138.156s][info][gc             ] GC(314) Pause Young (Normal) (G1 Evacuation Pause) 570M->479M(1484M) 115.205ms
[138.156s][info][gc,cpu         ] GC(314) User=0.12s Sys=0.00s Real=0.11s
[138.458s][info][gc,start       ] GC(315) Pause Young (Normal) (G1 Evacuation Pause)
[138.458s][info][gc,task        ] GC(315) Using 1 workers of 1 for evacuation
[138.570s][info][gc,phases      ] GC(315)   Pre Evacuate Collection Set: 0.1ms
[138.570s][info][gc,phases      ] GC(315)   Evacuate Collection Set: 111.7ms
[138.570s][info][gc,phases      ] GC(315)   Post Evacuate Collection Set: 0.6ms
[138.570s][info][gc,phases      ] GC(315)   Other: 0.3ms
[138.570s][info][gc,heap        ] GC(315) Eden regions: 107->0(96)
[138.570s][info][gc,heap        ] GC(315) Survivor regions: 16->13(16)
[138.570s][info][gc,heap        ] GC(315) Old regions: 325->341
[138.570s][info][gc,heap        ] GC(315) Humongous regions: 145->145
[138.570s][info][gc,metaspace   ] GC(315) Metaspace: 67312K->67312K(1110016K)
[138.570s][info][gc             ] GC(315) Pause Young (Normal) (G1 Evacuation Pause) 592M->497M(1484M) 112.783ms
[138.570s][info][gc,cpu         ] GC(315) User=0.11s Sys=0.00s Real=0.11s
[138.840s][info][gc,start       ] GC(316) Pause Young (Normal) (G1 Evacuation Pause)
[138.840s][info][gc,task        ] GC(316) Using 1 workers of 1 for evacuation
[138.915s][info][gc,phases      ] GC(316)   Pre Evacuate Collection Set: 0.1ms
[138.915s][info][gc,phases      ] GC(316)   Evacuate Collection Set: 74.4ms
[138.915s][info][gc,phases      ] GC(316)   Post Evacuate Collection Set: 0.4ms
[138.915s][info][gc,phases      ] GC(316)   Other: 0.3ms
[138.915s][info][gc,heap        ] GC(316) Eden regions: 96->0(128)
[138.915s][info][gc,heap        ] GC(316) Survivor regions: 13->9(14)
[138.915s][info][gc,heap        ] GC(316) Old regions: 341->353
[138.915s][info][gc,heap        ] GC(316) Humongous regions: 150->150
[138.915s][info][gc,metaspace   ] GC(316) Metaspace: 67312K->67312K(1110016K)
[138.915s][info][gc             ] GC(316) Pause Young (Normal) (G1 Evacuation Pause) 598M->510M(1484M) 75.233ms
[138.915s][info][gc,cpu         ] GC(316) User=0.07s Sys=0.00s Real=0.07s
[139.231s][info][gc,start       ] GC(317) Pause Young (Normal) (G1 Evacuation Pause)
[139.231s][info][gc,task        ] GC(317) Using 1 workers of 1 for evacuation
[139.280s][info][gc,phases      ] GC(317)   Pre Evacuate Collection Set: 0.1ms
[139.280s][info][gc,phases      ] GC(317)   Evacuate Collection Set: 48.1ms
[139.280s][info][gc,phases      ] GC(317)   Post Evacuate Collection Set: 0.5ms
[139.280s][info][gc,phases      ] GC(317)   Other: 0.3ms
[139.280s][info][gc,heap        ] GC(317) Eden regions: 128->0(150)
[139.280s][info][gc,heap        ] GC(317) Survivor regions: 9->16(18)
[139.280s][info][gc,heap        ] GC(317) Old regions: 353->353
[139.280s][info][gc,heap        ] GC(317) Humongous regions: 150->150
[139.280s][info][gc,metaspace   ] GC(317) Metaspace: 67312K->67312K(1110016K)
[139.280s][info][gc             ] GC(317) Pause Young (Normal) (G1 Evacuation Pause) 638M->517M(1484M) 49.020ms
[139.280s][info][gc,cpu         ] GC(317) User=0.05s Sys=0.00s Real=0.05s
[139.901s][info][gc,start       ] GC(318) Pause Young (Normal) (G1 Evacuation Pause)
[139.901s][info][gc,task        ] GC(318) Using 1 workers of 1 for evacuation
[140.013s][info][gc,phases      ] GC(318)   Pre Evacuate Collection Set: 0.1ms
[140.013s][info][gc,phases      ] GC(318)   Evacuate Collection Set: 110.1ms
[140.013s][info][gc,phases      ] GC(318)   Post Evacuate Collection Set: 1.0ms
[140.013s][info][gc,phases      ] GC(318)   Other: 0.4ms
[140.013s][info][gc,heap        ] GC(318) Eden regions: 113->0(118)
[140.013s][info][gc,heap        ] GC(318) Survivor regions: 16->15(17)
[140.013s][info][gc,heap        ] GC(318) Old regions: 353->360
[140.013s][info][gc,heap        ] GC(318) Humongous regions: 164->164
[140.013s][info][gc,metaspace   ] GC(318) Metaspace: 67313K->67313K(1110016K)
[140.013s][info][gc             ] GC(318) Pause Young (Normal) (G1 Evacuation Pause) 644M->538M(1586M) 111.656ms
[140.013s][info][gc,cpu         ] GC(318) User=0.12s Sys=0.00s Real=0.11s
[140.485s][info][gc,start       ] GC(319) Pause Young (Normal) (G1 Evacuation Pause)
[140.485s][info][gc,task        ] GC(319) Using 1 workers of 1 for evacuation
[140.611s][info][gc,phases      ] GC(319)   Pre Evacuate Collection Set: 0.1ms
[140.611s][info][gc,phases      ] GC(319)   Evacuate Collection Set: 125.1ms
[140.611s][info][gc,phases      ] GC(319)   Post Evacuate Collection Set: 0.5ms
[140.611s][info][gc,phases      ] GC(319)   Other: 0.6ms
[140.611s][info][gc,heap        ] GC(319) Eden regions: 91->0(104)
[140.611s][info][gc,heap        ] GC(319) Survivor regions: 15->14(14)
[140.611s][info][gc,heap        ] GC(319) Old regions: 360->380
[140.611s][info][gc,heap        ] GC(319) Humongous regions: 181->181
[140.611s][info][gc,metaspace   ] GC(319) Metaspace: 67319K->67319K(1110016K)
[140.611s][info][gc             ] GC(319) Pause Young (Normal) (G1 Evacuation Pause) 646M->574M(1586M) 126.356ms
[140.611s][info][gc,cpu         ] GC(319) User=0.12s Sys=0.01s Real=0.13s
[140.840s][info][gc,start       ] GC(320) Pause Young (Normal) (G1 Evacuation Pause)
[140.840s][info][gc,task        ] GC(320) Using 1 workers of 1 for evacuation
[141.015s][info][gc,phases      ] GC(320)   Pre Evacuate Collection Set: 0.1ms
[141.015s][info][gc,phases      ] GC(320)   Evacuate Collection Set: 174.8ms
[141.015s][info][gc,phases      ] GC(320)   Post Evacuate Collection Set: 0.5ms
[141.015s][info][gc,phases      ] GC(320)   Other: 0.3ms
[141.015s][info][gc,heap        ] GC(320) Eden regions: 104->0(64)
[141.015s][info][gc,heap        ] GC(320) Survivor regions: 14->15(15)
[141.015s][info][gc,heap        ] GC(320) Old regions: 380->401
[141.015s][info][gc,heap        ] GC(320) Humongous regions: 189->189
[141.015s][info][gc,metaspace   ] GC(320) Metaspace: 67319K->67319K(1110016K)
[141.015s][info][gc             ] GC(320) Pause Young (Normal) (G1 Evacuation Pause) 686M->604M(1586M) 175.677ms
[141.015s][info][gc,cpu         ] GC(320) User=0.17s Sys=0.00s Real=0.17s
[141.175s][info][gc,start       ] GC(321) Pause Young (Normal) (G1 Evacuation Pause)
[141.175s][info][gc,task        ] GC(321) Using 1 workers of 1 for evacuation
[141.233s][info][gc,phases      ] GC(321)   Pre Evacuate Collection Set: 0.1ms
[141.233s][info][gc,phases      ] GC(321)   Evacuate Collection Set: 57.6ms
[141.233s][info][gc,phases      ] GC(321)   Post Evacuate Collection Set: 0.3ms
[141.233s][info][gc,phases      ] GC(321)   Other: 0.3ms
[141.233s][info][gc,heap        ] GC(321) Eden regions: 64->0(78)
[141.233s][info][gc,heap        ] GC(321) Survivor regions: 15->7(10)
[141.233s][info][gc,heap        ] GC(321) Old regions: 401->416
[141.233s][info][gc,heap        ] GC(321) Humongous regions: 192->192
[141.233s][info][gc,metaspace   ] GC(321) Metaspace: 67319K->67319K(1110016K)
[141.233s][info][gc             ] GC(321) Pause Young (Normal) (G1 Evacuation Pause) 671M->613M(1586M) 58.315ms
[141.233s][info][gc,cpu         ] GC(321) User=0.06s Sys=0.00s Real=0.06s
[141.431s][info][gc,start       ] GC(322) Pause Young (Normal) (G1 Evacuation Pause)
[141.431s][info][gc,task        ] GC(322) Using 1 workers of 1 for evacuation
[141.472s][info][gc,phases      ] GC(322)   Pre Evacuate Collection Set: 0.1ms
[141.472s][info][gc,phases      ] GC(322)   Evacuate Collection Set: 40.4ms
[141.472s][info][gc,phases      ] GC(322)   Post Evacuate Collection Set: 0.7ms
[141.472s][info][gc,phases      ] GC(322)   Other: 0.3ms
[141.472s][info][gc,heap        ] GC(322) Eden regions: 78->0(107)
[141.472s][info][gc,heap        ] GC(322) Survivor regions: 7->7(11)
[141.472s][info][gc,heap        ] GC(322) Old regions: 416->422
[141.472s][info][gc,heap        ] GC(322) Humongous regions: 197->197
[141.472s][info][gc,metaspace   ] GC(322) Metaspace: 67319K->67319K(1110016K)
[141.472s][info][gc             ] GC(322) Pause Young (Normal) (G1 Evacuation Pause) 696M->624M(1688M) 41.584ms
[141.472s][info][gc,cpu         ] GC(322) User=0.04s Sys=0.01s Real=0.04s
[141.754s][info][gc,start       ] GC(323) Pause Young (Normal) (G1 Evacuation Pause)
[141.754s][info][gc,task        ] GC(323) Using 1 workers of 1 for evacuation
[141.791s][info][gc,phases      ] GC(323)   Pre Evacuate Collection Set: 0.1ms
[141.791s][info][gc,phases      ] GC(323)   Evacuate Collection Set: 36.9ms
[141.791s][info][gc,phases      ] GC(323)   Post Evacuate Collection Set: 0.4ms
[141.791s][info][gc,phases      ] GC(323)   Other: 0.3ms
[141.791s][info][gc,heap        ] GC(323) Eden regions: 107->0(130)
[141.791s][info][gc,heap        ] GC(323) Survivor regions: 7->13(15)
[141.791s][info][gc,heap        ] GC(323) Old regions: 422->422
[141.791s][info][gc,heap        ] GC(323) Humongous regions: 197->197
[141.791s][info][gc,metaspace   ] GC(323) Metaspace: 67319K->67319K(1110016K)
[141.791s][info][gc             ] GC(323) Pause Young (Normal) (G1 Evacuation Pause) 731M->630M(1688M) 37.645ms
[141.791s][info][gc,cpu         ] GC(323) User=0.04s Sys=0.00s Real=0.04s
[142.441s][info][gc,start       ] GC(324) Pause Young (Normal) (G1 Evacuation Pause)
[142.441s][info][gc,task        ] GC(324) Using 1 workers of 1 for evacuation
[142.546s][info][gc,phases      ] GC(324)   Pre Evacuate Collection Set: 0.1ms
[142.546s][info][gc,phases      ] GC(324)   Evacuate Collection Set: 103.7ms
[142.546s][info][gc,phases      ] GC(324)   Post Evacuate Collection Set: 0.6ms
[142.546s][info][gc,phases      ] GC(324)   Other: 0.4ms
[142.546s][info][gc,heap        ] GC(324) Eden regions: 124->0(70)
[142.546s][info][gc,heap        ] GC(324) Survivor regions: 13->14(18)
[142.546s][info][gc,heap        ] GC(324) Old regions: 422->427
[142.546s][info][gc,heap        ] GC(324) Humongous regions: 211->211
[142.546s][info][gc,metaspace   ] GC(324) Metaspace: 67319K->67319K(1110016K)
[142.546s][info][gc             ] GC(324) Pause Young (Normal) (G1 Evacuation Pause) 768M->650M(1688M) 104.838ms
[142.546s][info][gc,cpu         ] GC(324) User=0.09s Sys=0.00s Real=0.10s
[142.920s][info][gc,start       ] GC(325) Pause Young (Normal) (G1 Evacuation Pause)
[142.920s][info][gc,task        ] GC(325) Using 1 workers of 1 for evacuation
[143.025s][info][gc,phases      ] GC(325)   Pre Evacuate Collection Set: 0.1ms
[143.026s][info][gc,phases      ] GC(325)   Evacuate Collection Set: 104.5ms
[143.026s][info][gc,phases      ] GC(325)   Post Evacuate Collection Set: 0.5ms
[143.026s][info][gc,phases      ] GC(325)   Other: 0.3ms
[143.026s][info][gc,heap        ] GC(325) Eden regions: 70->0(73)
[143.026s][info][gc,heap        ] GC(325) Survivor regions: 14->11(11)
[143.026s][info][gc,heap        ] GC(325) Old regions: 427->442
[143.026s][info][gc,heap        ] GC(325) Humongous regions: 222->222
[143.026s][info][gc,metaspace   ] GC(325) Metaspace: 67330K->67330K(1110016K)
[143.026s][info][gc             ] GC(325) Pause Young (Normal) (G1 Evacuation Pause) 731M->674M(1688M) 105.472ms
[143.026s][info][gc,cpu         ] GC(325) User=0.10s Sys=0.00s Real=0.10s
[143.199s][info][gc,start       ] GC(326) Pause Young (Normal) (G1 Evacuation Pause)
[143.199s][info][gc,task        ] GC(326) Using 1 workers of 1 for evacuation
[143.287s][info][gc,phases      ] GC(326)   Pre Evacuate Collection Set: 0.1ms
[143.287s][info][gc,phases      ] GC(326)   Evacuate Collection Set: 86.6ms
[143.287s][info][gc,phases      ] GC(326)   Post Evacuate Collection Set: 0.6ms
[143.287s][info][gc,phases      ] GC(326)   Other: 0.5ms
[143.287s][info][gc,heap        ] GC(326) Eden regions: 73->0(87)
[143.287s][info][gc,heap        ] GC(326) Survivor regions: 11->11(11)
[143.287s][info][gc,heap        ] GC(326) Old regions: 442->466
[143.287s][info][gc,heap        ] GC(326) Humongous regions: 233->233
[143.287s][info][gc,metaspace   ] GC(326) Metaspace: 67330K->67330K(1110016K)
[143.287s][info][gc             ] GC(326) Pause Young (Normal) (G1 Evacuation Pause) 758M->708M(1749M) 87.823ms
[143.287s][info][gc,cpu         ] GC(326) User=0.08s Sys=0.00s Real=0.08s
[143.495s][info][gc,start       ] GC(327) Pause Young (Normal) (G1 Evacuation Pause)
[143.495s][info][gc,task        ] GC(327) Using 1 workers of 1 for evacuation
[143.550s][info][gc,phases      ] GC(327)   Pre Evacuate Collection Set: 0.1ms
[143.550s][info][gc,phases      ] GC(327)   Evacuate Collection Set: 53.8ms
[143.550s][info][gc,phases      ] GC(327)   Post Evacuate Collection Set: 0.3ms
[143.550s][info][gc,phases      ] GC(327)   Other: 0.3ms
[143.550s][info][gc,heap        ] GC(327) Eden regions: 87->0(88)
[143.550s][info][gc,heap        ] GC(327) Survivor regions: 11->10(13)
[143.550s][info][gc,heap        ] GC(327) Old regions: 466->477
[143.550s][info][gc,heap        ] GC(327) Humongous regions: 239->239
[143.550s][info][gc,metaspace   ] GC(327) Metaspace: 67330K->67330K(1110016K)
[143.550s][info][gc             ] GC(327) Pause Young (Normal) (G1 Evacuation Pause) 801M->724M(1749M) 54.505ms
[143.550s][info][gc,cpu         ] GC(327) User=0.06s Sys=0.00s Real=0.06s
[143.775s][info][gc,start       ] GC(328) Pause Young (Normal) (G1 Evacuation Pause)
[143.775s][info][gc,task        ] GC(328) Using 1 workers of 1 for evacuation
[143.828s][info][gc,phases      ] GC(328)   Pre Evacuate Collection Set: 0.1ms
[143.828s][info][gc,phases      ] GC(328)   Evacuate Collection Set: 52.4ms
[143.828s][info][gc,phases      ] GC(328)   Post Evacuate Collection Set: 0.4ms
[143.828s][info][gc,phases      ] GC(328)   Other: 0.3ms
[143.828s][info][gc,heap        ] GC(328) Eden regions: 88->0(111)
[143.828s][info][gc,heap        ] GC(328) Survivor regions: 10->8(13)
[143.828s][info][gc,heap        ] GC(328) Old regions: 477->485
[143.828s][info][gc,heap        ] GC(328) Humongous regions: 244->244
[143.828s][info][gc,metaspace   ] GC(328) Metaspace: 67330K->67330K(1110016K)
[143.828s][info][gc             ] GC(328) Pause Young (Normal) (G1 Evacuation Pause) 817M->736M(1749M) 53.213ms
[143.828s][info][gc,cpu         ] GC(328) User=0.05s Sys=0.00s Real=0.05s
[144.107s][info][gc,start       ] GC(329) Pause Young (Normal) (G1 Evacuation Pause)
[144.107s][info][gc,task        ] GC(329) Using 1 workers of 1 for evacuation
[144.155s][info][gc,phases      ] GC(329)   Pre Evacuate Collection Set: 0.1ms
[144.155s][info][gc,phases      ] GC(329)   Evacuate Collection Set: 47.2ms
[144.155s][info][gc,phases      ] GC(329)   Post Evacuate Collection Set: 0.4ms
[144.155s][info][gc,phases      ] GC(329)   Other: 0.3ms
[144.155s][info][gc,heap        ] GC(329) Eden regions: 111->0(133)
[144.155s][info][gc,heap        ] GC(329) Survivor regions: 8->8(15)
[144.155s][info][gc,heap        ] GC(329) Old regions: 485->492
[144.155s][info][gc,heap        ] GC(329) Humongous regions: 244->244
[144.155s][info][gc,metaspace   ] GC(329) Metaspace: 67330K->67330K(1110016K)
[144.155s][info][gc             ] GC(329) Pause Young (Normal) (G1 Evacuation Pause) 847M->742M(1749M) 47.924ms
[144.155s][info][gc,cpu         ] GC(329) User=0.05s Sys=0.00s Real=0.05s
[144.519s][info][gc,start       ] GC(330) Pause Young (Normal) (G1 Evacuation Pause)
[144.519s][info][gc,task        ] GC(330) Using 1 workers of 1 for evacuation
[144.578s][info][gc,phases      ] GC(330)   Pre Evacuate Collection Set: 0.1ms
[144.578s][info][gc,phases      ] GC(330)   Evacuate Collection Set: 58.5ms
[144.578s][info][gc,phases      ] GC(330)   Post Evacuate Collection Set: 0.7ms
[144.578s][info][gc,phases      ] GC(330)   Other: 0.3ms
[144.578s][info][gc,heap        ] GC(330) Eden regions: 115->0(139)
[144.578s][info][gc,heap        ] GC(330) Survivor regions: 8->14(16)
[144.578s][info][gc,heap        ] GC(330) Old regions: 492->492
[144.578s][info][gc,heap        ] GC(330) Humongous regions: 253->253
[144.578s][info][gc,metaspace   ] GC(330) Metaspace: 67330K->67330K(1110016K)
[144.579s][info][gc             ] GC(330) Pause Young (Normal) (G1 Evacuation Pause) 866M->757M(1795M) 59.668ms
[144.579s][info][gc,cpu         ] GC(330) User=0.05s Sys=0.00s Real=0.06s
[145.322s][info][gc,start       ] GC(331) Pause Young (Normal) (G1 Evacuation Pause)
[145.322s][info][gc,task        ] GC(331) Using 1 workers of 1 for evacuation
[145.442s][info][gc,phases      ] GC(331)   Pre Evacuate Collection Set: 0.1ms
[145.442s][info][gc,phases      ] GC(331)   Evacuate Collection Set: 119.1ms
[145.442s][info][gc,phases      ] GC(331)   Post Evacuate Collection Set: 0.7ms
[145.442s][info][gc,phases      ] GC(331)   Other: 0.3ms
[145.443s][info][gc,heap        ] GC(331) Eden regions: 84->0(76)
[145.443s][info][gc,heap        ] GC(331) Survivor regions: 14->13(13)
[145.443s][info][gc,heap        ] GC(331) Old regions: 492->506
[145.443s][info][gc,heap        ] GC(331) Humongous regions: 274->269
[145.443s][info][gc,metaspace   ] GC(331) Metaspace: 67347K->67347K(1110016K)
[145.443s][info][gc             ] GC(331) Pause Young (Normal) (G1 Evacuation Pause) 862M->786M(1795M) 120.337ms
[145.443s][info][gc,cpu         ] GC(331) User=0.12s Sys=0.00s Real=0.12s
[145.725s][info][gc,start       ] GC(332) Pause Young (Normal) (G1 Evacuation Pause)
[145.725s][info][gc,task        ] GC(332) Using 1 workers of 1 for evacuation
[145.811s][info][gc,phases      ] GC(332)   Pre Evacuate Collection Set: 0.1ms
[145.811s][info][gc,phases      ] GC(332)   Evacuate Collection Set: 85.8ms
[145.811s][info][gc,phases      ] GC(332)   Post Evacuate Collection Set: 0.5ms
[145.811s][info][gc,phases      ] GC(332)   Other: 0.3ms
[145.811s][info][gc,heap        ] GC(332) Eden regions: 76->0(83)
[145.811s][info][gc,heap        ] GC(332) Survivor regions: 13->12(12)
[145.811s][info][gc,heap        ] GC(332) Old regions: 506->519
[145.811s][info][gc,heap        ] GC(332) Humongous regions: 280->280
[145.811s][info][gc,metaspace   ] GC(332) Metaspace: 67349K->67349K(1110016K)
[145.811s][info][gc             ] GC(332) Pause Young (Normal) (G1 Evacuation Pause) 873M->809M(1795M) 86.653ms
[145.811s][info][gc,cpu         ] GC(332) User=0.09s Sys=0.00s Real=0.09s
[145.978s][info][gc,start       ] GC(333) Pause Young (Concurrent Start) (G1 Humongous Allocation)
[145.978s][info][gc,task        ] GC(333) Using 1 workers of 1 for evacuation
[146.040s][info][gc,phases      ] GC(333)   Pre Evacuate Collection Set: 0.3ms
[146.040s][info][gc,phases      ] GC(333)   Evacuate Collection Set: 60.4ms
[146.040s][info][gc,phases      ] GC(333)   Post Evacuate Collection Set: 0.3ms
[146.040s][info][gc,phases      ] GC(333)   Other: 0.3ms
[146.040s][info][gc,heap        ] GC(333) Eden regions: 44->0(138)
[146.040s][info][gc,heap        ] GC(333) Survivor regions: 12->9(12)
[146.040s][info][gc,heap        ] GC(333) Old regions: 519->530
[146.040s][info][gc,heap        ] GC(333) Humongous regions: 286->286
[146.040s][info][gc,metaspace   ] GC(333) Metaspace: 67360K->67360K(1110016K)
[146.040s][info][gc             ] GC(333) Pause Young (Concurrent Start) (G1 Humongous Allocation) 858M->823M(1795M) 61.458ms
[146.040s][info][gc,cpu         ] GC(333) User=0.06s Sys=0.00s Real=0.06s
[146.040s][info][gc             ] GC(334) Concurrent Cycle
[146.040s][info][gc,marking     ] GC(334) Concurrent Clear Claimed Marks
[146.040s][info][gc,marking     ] GC(334) Concurrent Clear Claimed Marks 0.248ms
[146.040s][info][gc,marking     ] GC(334) Concurrent Scan Root Regions
[146.055s][info][gc,marking     ] GC(334) Concurrent Scan Root Regions 14.897ms
[146.055s][info][gc,marking     ] GC(334) Concurrent Mark (146.055s)
[146.055s][info][gc,marking     ] GC(334) Concurrent Mark From Roots
[146.055s][info][gc,task        ] GC(334) Using 1 workers of 1 for marking
[146.482s][info][gc,marking     ] GC(334) Concurrent Mark From Roots 427.369ms
[146.483s][info][gc,marking     ] GC(334) Concurrent Preclean
[146.483s][info][gc,marking     ] GC(334) Concurrent Preclean 0.101ms
[146.483s][info][gc,marking     ] GC(334) Concurrent Mark (146.055s, 146.483s) 427.577ms
[146.486s][info][gc,start       ] GC(334) Pause Remark
[146.504s][info][gc,stringtable ] GC(334) Cleaned string and symbol table, strings: 23462 processed, 9 removed, symbols: 139760 processed, 1 removed
[146.505s][info][gc             ] GC(334) Pause Remark 895M->259M(1795M) 19.427ms
[146.505s][info][gc,cpu         ] GC(334) User=0.02s Sys=0.00s Real=0.02s
[146.506s][info][gc,marking     ] GC(334) Concurrent Rebuild Remembered Sets
[146.781s][info][gc,marking     ] GC(334) Concurrent Rebuild Remembered Sets 274.353ms
[146.784s][info][gc,start       ] GC(334) Pause Cleanup
[146.784s][info][gc             ] GC(334) Pause Cleanup 288M->288M(1795M) 0.302ms
[146.784s][info][gc,cpu         ] GC(334) User=0.00s Sys=0.00s Real=0.00s
[146.784s][info][gc,marking     ] GC(334) Concurrent Cleanup for Next Mark
[146.793s][info][gc,marking     ] GC(334) Concurrent Cleanup for Next Mark 9.109ms
[146.793s][info][gc             ] GC(334) Concurrent Cycle 753.454ms
[146.987s][info][gc,start       ] GC(335) Pause Young (Normal) (G1 Evacuation Pause)
[146.987s][info][gc,task        ] GC(335) Using 1 workers of 1 for evacuation
[147.081s][info][gc,phases      ] GC(335)   Pre Evacuate Collection Set: 0.1ms
[147.082s][info][gc,phases      ] GC(335)   Evacuate Collection Set: 93.0ms
[147.082s][info][gc,phases      ] GC(335)   Post Evacuate Collection Set: 0.9ms
[147.082s][info][gc,phases      ] GC(335)   Other: 0.3ms
[147.082s][info][gc,heap        ] GC(335) Eden regions: 138->0(79)
[147.082s][info][gc,heap        ] GC(335) Survivor regions: 9->19(19)
[147.082s][info][gc,heap        ] GC(335) Old regions: 168->177
[147.082s][info][gc,heap        ] GC(335) Humongous regions: 39->34
[147.082s][info][gc,metaspace   ] GC(335) Metaspace: 67402K->67402K(1110016K)
[147.082s][info][gc             ] GC(335) Pause Young (Normal) (G1 Evacuation Pause) 352M->228M(1836M) 94.362ms
[147.082s][info][gc,cpu         ] GC(335) User=0.09s Sys=0.00s Real=0.10s
[147.402s][info][gc,start       ] GC(336) Pause Young (Normal) (G1 Evacuation Pause)
[147.402s][info][gc,task        ] GC(336) Using 1 workers of 1 for evacuation
[147.516s][info][gc,phases      ] GC(336)   Pre Evacuate Collection Set: 0.1ms
[147.516s][info][gc,phases      ] GC(336)   Evacuate Collection Set: 112.2ms
[147.516s][info][gc,phases      ] GC(336)   Post Evacuate Collection Set: 0.6ms
[147.516s][info][gc,phases      ] GC(336)   Other: 0.4ms
[147.516s][info][gc,heap        ] GC(336) Eden regions: 79->0(92)
[147.516s][info][gc,heap        ] GC(336) Survivor regions: 19->13(13)
[147.516s][info][gc,heap        ] GC(336) Old regions: 177->195
[147.516s][info][gc,heap        ] GC(336) Humongous regions: 45->45
[147.516s][info][gc,metaspace   ] GC(336) Metaspace: 67407K->67407K(1110016K)
[147.516s][info][gc             ] GC(336) Pause Young (Normal) (G1 Evacuation Pause) 318M->252M(1836M) 113.285ms
[147.516s][info][gc,cpu         ] GC(336) User=0.10s Sys=0.00s Real=0.11s
[147.896s][info][gc,start       ] GC(337) Pause Young (Normal) (G1 Evacuation Pause)
[147.896s][info][gc,task        ] GC(337) Using 1 workers of 1 for evacuation
[147.988s][info][gc,phases      ] GC(337)   Pre Evacuate Collection Set: 0.1ms
[147.988s][info][gc,phases      ] GC(337)   Evacuate Collection Set: 90.4ms
[147.988s][info][gc,phases      ] GC(337)   Post Evacuate Collection Set: 0.6ms
[147.988s][info][gc,phases      ] GC(337)   Other: 0.3ms
[147.988s][info][gc,heap        ] GC(337) Eden regions: 92->0(97)
[147.988s][info][gc,heap        ] GC(337) Survivor regions: 13->14(14)
[147.988s][info][gc,heap        ] GC(337) Old regions: 195->209
[147.988s][info][gc,heap        ] GC(337) Humongous regions: 66->61
[147.988s][info][gc,metaspace   ] GC(337) Metaspace: 67424K->67424K(1110016K)
[147.988s][info][gc             ] GC(337) Pause Young (Normal) (G1 Evacuation Pause) 365M->282M(1836M) 91.496ms
[147.988s][info][gc,cpu         ] GC(337) User=0.09s Sys=0.00s Real=0.09s
[148.332s][info][gc,start       ] GC(338) Pause Young (Normal) (G1 Evacuation Pause)
[148.332s][info][gc,task        ] GC(338) Using 1 workers of 1 for evacuation
[148.409s][info][gc,phases      ] GC(338)   Pre Evacuate Collection Set: 0.1ms
[148.409s][info][gc,phases      ] GC(338)   Evacuate Collection Set: 74.8ms
[148.409s][info][gc,phases      ] GC(338)   Post Evacuate Collection Set: 1.9ms
[148.409s][info][gc,phases      ] GC(338)   Other: 0.3ms
[148.409s][info][gc,heap        ] GC(338) Eden regions: 97->0(109)
[148.409s][info][gc,heap        ] GC(338) Survivor regions: 14->8(14)
[148.409s][info][gc,heap        ] GC(338) Old regions: 209->223
[148.409s][info][gc,heap        ] GC(338) Humongous regions: 67->67
[148.409s][info][gc,metaspace   ] GC(338) Metaspace: 67425K->67425K(1110016K)
[148.409s][info][gc             ] GC(338) Pause Young (Normal) (G1 Evacuation Pause) 385M->296M(1836M) 77.061ms
[148.409s][info][gc,cpu         ] GC(338) User=0.08s Sys=0.00s Real=0.07s
[148.853s][info][gc,start       ] GC(339) Pause Young (Normal) (G1 Evacuation Pause)
[148.853s][info][gc,task        ] GC(339) Using 1 workers of 1 for evacuation
[148.911s][info][gc,phases      ] GC(339)   Pre Evacuate Collection Set: 0.1ms
[148.911s][info][gc,phases      ] GC(339)   Evacuate Collection Set: 57.1ms
[148.911s][info][gc,phases      ] GC(339)   Post Evacuate Collection Set: 0.7ms
[148.911s][info][gc,phases      ] GC(339)   Other: 0.3ms
[148.911s][info][gc,heap        ] GC(339) Eden regions: 109->0(125)
[148.911s][info][gc,heap        ] GC(339) Survivor regions: 8->11(15)
[148.911s][info][gc,heap        ] GC(339) Old regions: 223->229
[148.911s][info][gc,heap        ] GC(339) Humongous regions: 78->78
[148.911s][info][gc,metaspace   ] GC(339) Metaspace: 67425K->67425K(1110016K)
[148.911s][info][gc             ] GC(339) Pause Young (Normal) (G1 Evacuation Pause) 416M->316M(1869M) 58.259ms
[148.911s][info][gc,cpu         ] GC(339) User=0.06s Sys=0.00s Real=0.06s
[149.321s][info][gc,start       ] GC(340) Pause Young (Normal) (G1 Evacuation Pause)
[149.322s][info][gc,task        ] GC(340) Using 1 workers of 1 for evacuation
[149.388s][info][gc,phases      ] GC(340)   Pre Evacuate Collection Set: 0.1ms
[149.388s][info][gc,phases      ] GC(340)   Evacuate Collection Set: 65.8ms
[149.388s][info][gc,phases      ] GC(340)   Post Evacuate Collection Set: 0.5ms
[149.388s][info][gc,phases      ] GC(340)   Other: 0.3ms
[149.388s][info][gc,heap        ] GC(340) Eden regions: 125->0(127)
[149.388s][info][gc,heap        ] GC(340) Survivor regions: 11->10(17)
[149.388s][info][gc,heap        ] GC(340) Old regions: 229->239
[149.388s][info][gc,heap        ] GC(340) Humongous regions: 88->83
[149.388s][info][gc,metaspace   ] GC(340) Metaspace: 67436K->67436K(1110016K)
[149.388s][info][gc             ] GC(340) Pause Young (Normal) (G1 Evacuation Pause) 451M->330M(1869M) 66.794ms
[149.388s][info][gc,cpu         ] GC(340) User=0.06s Sys=0.00s Real=0.06s
[149.899s][info][gc,start       ] GC(341) Pause Young (Normal) (G1 Evacuation Pause)
[149.899s][info][gc,task        ] GC(341) Using 1 workers of 1 for evacuation
[150.023s][info][gc,phases      ] GC(341)   Pre Evacuate Collection Set: 0.1ms
[150.023s][info][gc,phases      ] GC(341)   Evacuate Collection Set: 123.2ms
[150.023s][info][gc,phases      ] GC(341)   Post Evacuate Collection Set: 0.5ms
[150.023s][info][gc,phases      ] GC(341)   Other: 0.3ms
[150.023s][info][gc,heap        ] GC(341) Eden regions: 127->0(107)
[150.023s][info][gc,heap        ] GC(341) Survivor regions: 10->16(18)
[150.023s][info][gc,heap        ] GC(341) Old regions: 239->248
[150.023s][info][gc,heap        ] GC(341) Humongous regions: 119->110
[150.023s][info][gc,metaspace   ] GC(341) Metaspace: 67441K->67441K(1110016K)
[150.023s][info][gc             ] GC(341) Pause Young (Normal) (G1 Evacuation Pause) 493M->373M(1869M) 124.099ms
[150.023s][info][gc,cpu         ] GC(341) User=0.13s Sys=0.00s Real=0.12s
[150.238s][info][gc,start       ] GC(342) Pause Young (Normal) (G1 Evacuation Pause)
[150.238s][info][gc,task        ] GC(342) Using 1 workers of 1 for evacuation
[150.357s][info][gc,phases      ] GC(342)   Pre Evacuate Collection Set: 0.1ms
[150.357s][info][gc,phases      ] GC(342)   Evacuate Collection Set: 117.8ms
[150.357s][info][gc,phases      ] GC(342)   Post Evacuate Collection Set: 0.5ms
[150.357s][info][gc,phases      ] GC(342)   Other: 0.3ms
[150.357s][info][gc,heap        ] GC(342) Eden regions: 107->0(100)
[150.357s][info][gc,heap        ] GC(342) Survivor regions: 16->14(16)
[150.357s][info][gc,heap        ] GC(342) Old regions: 248->264
[150.357s][info][gc,heap        ] GC(342) Humongous regions: 169->135
[150.357s][info][gc,metaspace   ] GC(342) Metaspace: 67447K->67447K(1110016K)
[150.357s][info][gc             ] GC(342) Pause Young (Normal) (G1 Evacuation Pause) 539M->412M(1869M) 118.730ms
[150.357s][info][gc,cpu         ] GC(342) User=0.12s Sys=0.00s Real=0.12s
[150.530s][info][gc,start       ] GC(343) Pause Young (Normal) (G1 Evacuation Pause)
[150.530s][info][gc,task        ] GC(343) Using 1 workers of 1 for evacuation
[150.621s][info][gc,phases      ] GC(343)   Pre Evacuate Collection Set: 0.1ms
[150.621s][info][gc,phases      ] GC(343)   Evacuate Collection Set: 90.8ms
[150.621s][info][gc,phases      ] GC(343)   Post Evacuate Collection Set: 0.5ms
[150.621s][info][gc,phases      ] GC(343)   Other: 0.2ms
[150.621s][info][gc,heap        ] GC(343) Eden regions: 100->0(79)
[150.621s][info][gc,heap        ] GC(343) Survivor regions: 14->15(15)
[150.621s][info][gc,heap        ] GC(343) Old regions: 264->279
[150.621s][info][gc,heap        ] GC(343) Humongous regions: 140->120
[150.621s][info][gc,metaspace   ] GC(343) Metaspace: 67447K->67447K(1110016K)
[150.621s][info][gc             ] GC(343) Pause Young (Normal) (G1 Evacuation Pause) 517M->413M(1894M) 91.763ms
[150.621s][info][gc,cpu         ] GC(343) User=0.10s Sys=0.00s Real=0.09s
[151.105s][info][gc,start       ] GC(344) Pause Young (Normal) (G1 Evacuation Pause)
[151.105s][info][gc,task        ] GC(344) Using 1 workers of 1 for evacuation
[151.183s][info][gc,phases      ] GC(344)   Pre Evacuate Collection Set: 0.1ms
[151.184s][info][gc,phases      ] GC(344)   Evacuate Collection Set: 77.4ms
[151.184s][info][gc,phases      ] GC(344)   Post Evacuate Collection Set: 0.5ms
[151.184s][info][gc,phases      ] GC(344)   Other: 0.3ms
[151.184s][info][gc,heap        ] GC(344) Eden regions: 79->0(92)
[151.184s][info][gc,heap        ] GC(344) Survivor regions: 15->6(12)
[151.184s][info][gc,heap        ] GC(344) Old regions: 279->294
[151.184s][info][gc,heap        ] GC(344) Humongous regions: 202->156
[151.184s][info][gc,metaspace   ] GC(344) Metaspace: 67454K->67454K(1110016K)
[151.184s][info][gc             ] GC(344) Pause Young (Normal) (G1 Evacuation Pause) 574M->454M(1894M) 78.369ms
[151.184s][info][gc,cpu         ] GC(344) User=0.08s Sys=0.00s Real=0.08s
[151.321s][info][gc,start       ] GC(345) Pause Young (Normal) (G1 Evacuation Pause)
[151.321s][info][gc,task        ] GC(345) Using 1 workers of 1 for evacuation
[151.418s][info][gc,phases      ] GC(345)   Pre Evacuate Collection Set: 0.1ms
[151.418s][info][gc,phases      ] GC(345)   Evacuate Collection Set: 95.6ms
[151.418s][info][gc,phases      ] GC(345)   Post Evacuate Collection Set: 1.0ms
[151.418s][info][gc,phases      ] GC(345)   Other: 0.3ms
[151.418s][info][gc,heap        ] GC(345) Eden regions: 92->0(81)
[151.418s][info][gc,heap        ] GC(345) Survivor regions: 6->13(13)
[151.418s][info][gc,heap        ] GC(345) Old regions: 294->301
[151.418s][info][gc,heap        ] GC(345) Humongous regions: 168->168
[151.418s][info][gc,metaspace   ] GC(345) Metaspace: 67458K->67458K(1110016K)
[151.418s][info][gc             ] GC(345) Pause Young (Normal) (G1 Evacuation Pause) 558M->480M(1894M) 97.085ms
[151.418s][info][gc,cpu         ] GC(345) User=0.10s Sys=0.00s Real=0.10s
[151.563s][info][gc,start       ] GC(346) Pause Young (Normal) (G1 Evacuation Pause)
[151.564s][info][gc,task        ] GC(346) Using 1 workers of 1 for evacuation
[151.658s][info][gc,phases      ] GC(346)   Pre Evacuate Collection Set: 0.1ms
[151.658s][info][gc,phases      ] GC(346)   Evacuate Collection Set: 93.7ms
[151.658s][info][gc,phases      ] GC(346)   Post Evacuate Collection Set: 0.4ms
[151.658s][info][gc,phases      ] GC(346)   Other: 0.3ms
[151.658s][info][gc,heap        ] GC(346) Eden regions: 81->0(83)
[151.658s][info][gc,heap        ] GC(346) Survivor regions: 13->12(12)
[151.658s][info][gc,heap        ] GC(346) Old regions: 301->315
[151.658s][info][gc,heap        ] GC(346) Humongous regions: 173->164
[151.658s][info][gc,metaspace   ] GC(346) Metaspace: 67466K->67466K(1110016K)
[151.658s][info][gc             ] GC(346) Pause Young (Normal) (G1 Evacuation Pause) 566M->490M(1894M) 94.433ms
[151.658s][info][gc,cpu         ] GC(346) User=0.09s Sys=0.00s Real=0.10s
[152.191s][info][gc,start       ] GC(347) Pause Young (Normal) (G1 Evacuation Pause)
[152.191s][info][gc,task        ] GC(347) Using 1 workers of 1 for evacuation
[152.274s][info][gc,phases      ] GC(347)   Pre Evacuate Collection Set: 0.1ms
[152.274s][info][gc,phases      ] GC(347)   Evacuate Collection Set: 82.0ms
[152.274s][info][gc,phases      ] GC(347)   Post Evacuate Collection Set: 0.6ms
[152.274s][info][gc,phases      ] GC(347)   Other: 0.3ms
[152.274s][info][gc,heap        ] GC(347) Eden regions: 83->0(90)
[152.274s][info][gc,heap        ] GC(347) Survivor regions: 12->8(12)
[152.274s][info][gc,heap        ] GC(347) Old regions: 315->327
[152.274s][info][gc,heap        ] GC(347) Humongous regions: 247->200
[152.274s][info][gc,metaspace   ] GC(347) Metaspace: 67470K->67470K(1110016K)
[152.274s][info][gc             ] GC(347) Pause Young (Normal) (G1 Evacuation Pause) 655M->534M(1914M) 83.064ms
[152.274s][info][gc,cpu         ] GC(347) User=0.08s Sys=0.00s Real=0.08s
[152.413s][info][gc,start       ] GC(348) Pause Young (Normal) (G1 Evacuation Pause)
[152.413s][info][gc,task        ] GC(348) Using 1 workers of 1 for evacuation
[152.542s][info][gc,phases      ] GC(348)   Pre Evacuate Collection Set: 0.1ms
[152.542s][info][gc,phases      ] GC(348)   Evacuate Collection Set: 128.4ms
[152.542s][info][gc,phases      ] GC(348)   Post Evacuate Collection Set: 0.5ms
[152.542s][info][gc,phases      ] GC(348)   Other: 0.3ms
[152.542s][info][gc,heap        ] GC(348) Eden regions: 90->0(82)
[152.542s][info][gc,heap        ] GC(348) Survivor regions: 8->13(13)
[152.542s][info][gc,heap        ] GC(348) Old regions: 327->346
[152.542s][info][gc,heap        ] GC(348) Humongous regions: 219->195
[152.542s][info][gc,metaspace   ] GC(348) Metaspace: 67477K->67477K(1110016K)
[152.542s][info][gc             ] GC(348) Pause Young (Normal) (G1 Evacuation Pause) 643M->552M(1914M) 129.279ms
[152.542s][info][gc,cpu         ] GC(348) User=0.12s Sys=0.00s Real=0.13s
[152.591s][info][gc,start       ] GC(349) Pause Young (Normal) (G1 Evacuation Pause)
[152.591s][info][gc,task        ] GC(349) Using 1 workers of 1 for evacuation
[152.646s][info][gc,phases      ] GC(349)   Pre Evacuate Collection Set: 0.1ms
[152.646s][info][gc,phases      ] GC(349)   Evacuate Collection Set: 54.6ms
[152.646s][info][gc,phases      ] GC(349)   Post Evacuate Collection Set: 0.3ms
[152.646s][info][gc,phases      ] GC(349)   Other: 0.2ms
[152.646s][info][gc,heap        ] GC(349) Eden regions: 82->0(87)
[152.646s][info][gc,heap        ] GC(349) Survivor regions: 13->8(12)
[152.646s][info][gc,heap        ] GC(349) Old regions: 346->359
[152.646s][info][gc,heap        ] GC(349) Humongous regions: 198->198
[152.646s][info][gc,metaspace   ] GC(349) Metaspace: 67479K->67479K(1110016K)
[152.646s][info][gc             ] GC(349) Pause Young (Normal) (G1 Evacuation Pause) 637M->563M(1914M) 55.347ms
[152.646s][info][gc,cpu         ] GC(349) User=0.05s Sys=0.00s Real=0.05s
[152.689s][info][gc,start       ] GC(350) Pause Young (Normal) (G1 Evacuation Pause)
[152.689s][info][gc,task        ] GC(350) Using 1 workers of 1 for evacuation
[152.703s][info][gc,phases      ] GC(350)   Pre Evacuate Collection Set: 0.1ms
[152.703s][info][gc,phases      ] GC(350)   Evacuate Collection Set: 14.2ms
[152.703s][info][gc,phases      ] GC(350)   Post Evacuate Collection Set: 0.3ms
[152.703s][info][gc,phases      ] GC(350)   Other: 0.2ms
[152.703s][info][gc,heap        ] GC(350) Eden regions: 87->0(101)
[152.703s][info][gc,heap        ] GC(350) Survivor regions: 8->1(12)
[152.703s][info][gc,heap        ] GC(350) Old regions: 359->366
[152.703s][info][gc,heap        ] GC(350) Humongous regions: 198->198
[152.703s][info][gc,metaspace   ] GC(350) Metaspace: 67479K->67479K(1110016K)
[152.703s][info][gc             ] GC(350) Pause Young (Normal) (G1 Evacuation Pause) 650M->563M(1914M) 14.838ms
[152.704s][info][gc,cpu         ] GC(350) User=0.01s Sys=0.00s Real=0.02s
[152.752s][info][gc,start       ] GC(351) Pause Young (Normal) (G1 Evacuation Pause)
[152.752s][info][gc,task        ] GC(351) Using 1 workers of 1 for evacuation
[152.755s][info][gc,phases      ] GC(351)   Pre Evacuate Collection Set: 0.1ms
[152.755s][info][gc,phases      ] GC(351)   Evacuate Collection Set: 2.0ms
[152.755s][info][gc,phases      ] GC(351)   Post Evacuate Collection Set: 0.3ms
[152.755s][info][gc,phases      ] GC(351)   Other: 0.2ms
[152.755s][info][gc,heap        ] GC(351) Eden regions: 101->0(126)
[152.755s][info][gc,heap        ] GC(351) Survivor regions: 1->1(13)
[152.755s][info][gc,heap        ] GC(351) Old regions: 366->366
[152.755s][info][gc,heap        ] GC(351) Humongous regions: 198->198
[152.755s][info][gc,metaspace   ] GC(351) Metaspace: 67479K->67479K(1110016K)
[152.755s][info][gc             ] GC(351) Pause Young (Normal) (G1 Evacuation Pause) 664M->563M(1914M) 2.678ms
[152.755s][info][gc,cpu         ] GC(351) User=0.00s Sys=0.00s Real=0.00s
[152.820s][info][gc,start       ] GC(352) Pause Young (Normal) (G1 Evacuation Pause)
[152.820s][info][gc,task        ] GC(352) Using 1 workers of 1 for evacuation
[152.857s][info][gc,phases      ] GC(352)   Pre Evacuate Collection Set: 0.1ms
[152.857s][info][gc,phases      ] GC(352)   Evacuate Collection Set: 36.8ms
[152.857s][info][gc,phases      ] GC(352)   Post Evacuate Collection Set: 0.4ms
[152.857s][info][gc,phases      ] GC(352)   Other: 0.2ms
[152.857s][info][gc,heap        ] GC(352) Eden regions: 126->0(129)
[152.857s][info][gc,heap        ] GC(352) Survivor regions: 1->16(16)
[152.857s][info][gc,heap        ] GC(352) Old regions: 366->373
[152.857s][info][gc,heap        ] GC(352) Humongous regions: 201->201
[152.857s][info][gc,metaspace   ] GC(352) Metaspace: 67479K->67479K(1110016K)
[152.857s][info][gc             ] GC(352) Pause Young (Normal) (G1 Evacuation Pause) 692M->588M(1914M) 37.534ms
[152.857s][info][gc,cpu         ] GC(352) User=0.03s Sys=0.00s Real=0.04s
[152.920s][info][gc,start       ] GC(353) Pause Young (Normal) (G1 Evacuation Pause)
[152.920s][info][gc,task        ] GC(353) Using 1 workers of 1 for evacuation
[152.980s][info][gc,phases      ] GC(353)   Pre Evacuate Collection Set: 0.1ms
[152.980s][info][gc,phases      ] GC(353)   Evacuate Collection Set: 59.5ms
[152.980s][info][gc,phases      ] GC(353)   Post Evacuate Collection Set: 0.5ms
[152.980s][info][gc,phases      ] GC(353)   Other: 0.2ms
[152.980s][info][gc,heap        ] GC(353) Eden regions: 129->0(138)
[152.980s][info][gc,heap        ] GC(353) Survivor regions: 16->19(19)
[152.980s][info][gc,heap        ] GC(353) Old regions: 373->389
[152.980s][info][gc,heap        ] GC(353) Humongous regions: 201->201
[152.980s][info][gc,metaspace   ] GC(353) Metaspace: 67479K->67479K(1110016K)
[152.980s][info][gc             ] GC(353) Pause Young (Normal) (G1 Evacuation Pause) 717M->607M(1931M) 60.344ms
[152.980s][info][gc,cpu         ] GC(353) User=0.06s Sys=0.00s Real=0.06s
[153.003s][info][gc,task        ] GC(354) Using 1 workers of 1 for full compaction
[153.003s][info][gc,start       ] GC(354) Pause Full (System.gc())
[153.004s][info][gc,phases,start] GC(354) Phase 1: Mark live objects
[153.166s][info][gc,stringtable ] GC(354) Cleaned string and symbol table, strings: 23482 processed, 23 removed, symbols: 139759 processed, 0 removed
[153.166s][info][gc,phases      ] GC(354) Phase 1: Mark live objects 161.533ms
[153.166s][info][gc,phases,start] GC(354) Phase 2: Prepare for compaction
[153.195s][info][gc,phases      ] GC(354) Phase 2: Prepare for compaction 29.468ms
[153.195s][info][gc,phases,start] GC(354) Phase 3: Adjust pointers
[153.343s][info][gc,phases      ] GC(354) Phase 3: Adjust pointers 147.296ms
[153.343s][info][gc,phases,start] GC(354) Phase 4: Compact heap
[153.368s][info][gc,phases      ] GC(354) Phase 4: Compact heap 24.897ms
[153.419s][info][gc,heap        ] GC(354) Eden regions: 51->0(153)
[153.419s][info][gc,heap        ] GC(354) Survivor regions: 19->0(19)
[153.419s][info][gc,heap        ] GC(354) Old regions: 389->137
[153.419s][info][gc,heap        ] GC(354) Humongous regions: 201->9
[153.419s][info][gc,metaspace   ] GC(354) Metaspace: 67479K->67479K(1110016K)
[153.419s][info][gc             ] GC(354) Pause Full (System.gc()) 658M->145M(487M) 415.554ms
[153.419s][info][gc,cpu         ] GC(354) User=0.36s Sys=0.04s Real=0.42s
[153.803s][info][gc,start       ] GC(355) Pause Young (Normal) (G1 Evacuation Pause)
[153.803s][info][gc,task        ] GC(355) Using 1 workers of 1 for evacuation
[153.874s][info][gc,phases      ] GC(355)   Pre Evacuate Collection Set: 0.0ms
[153.874s][info][gc,phases      ] GC(355)   Evacuate Collection Set: 70.0ms
[153.874s][info][gc,phases      ] GC(355)   Post Evacuate Collection Set: 0.4ms
[153.874s][info][gc,phases      ] GC(355)   Other: 0.3ms
[153.874s][info][gc,heap        ] GC(355) Eden regions: 153->0(134)
[153.874s][info][gc,heap        ] GC(355) Survivor regions: 0->20(20)
[153.874s][info][gc,heap        ] GC(355) Old regions: 137->147
[153.874s][info][gc,heap        ] GC(355) Humongous regions: 28->23
[153.874s][info][gc,metaspace   ] GC(355) Metaspace: 67506K->67506K(1110016K)
[153.874s][info][gc             ] GC(355) Pause Young (Normal) (G1 Evacuation Pause) 317M->188M(487M) 70.722ms
[153.874s][info][gc,cpu         ] GC(355) User=0.07s Sys=0.00s Real=0.07s
[154.223s][info][gc,start       ] GC(356) Pause Young (Normal) (G1 Evacuation Pause)
[154.223s][info][gc,task        ] GC(356) Using 1 workers of 1 for evacuation
[154.311s][info][gc,phases      ] GC(356)   Pre Evacuate Collection Set: 0.0ms
[154.311s][info][gc,phases      ] GC(356)   Evacuate Collection Set: 87.1ms
[154.311s][info][gc,phases      ] GC(356)   Post Evacuate Collection Set: 0.4ms
[154.311s][info][gc,phases      ] GC(356)   Other: 0.4ms
[154.311s][info][gc,heap        ] GC(356) Eden regions: 134->0(139)
[154.311s][info][gc,heap        ] GC(356) Survivor regions: 20->12(20)
[154.311s][info][gc,heap        ] GC(356) Old regions: 147->167
[154.311s][info][gc,heap        ] GC(356) Humongous regions: 31->31
[154.311s][info][gc,metaspace   ] GC(356) Metaspace: 67506K->67506K(1110016K)
[154.311s][info][gc             ] GC(356) Pause Young (Normal) (G1 Evacuation Pause) 330M->208M(487M) 88.040ms
[154.311s][info][gc,cpu         ] GC(356) User=0.08s Sys=0.00s Real=0.09s
[154.649s][info][gc,start       ] GC(357) Pause Young (Normal) (G1 Evacuation Pause)
[154.649s][info][gc,task        ] GC(357) Using 1 workers of 1 for evacuation
[154.703s][info][gc,phases      ] GC(357)   Pre Evacuate Collection Set: 0.0ms
[154.703s][info][gc,phases      ] GC(357)   Evacuate Collection Set: 54.0ms
[154.703s][info][gc,phases      ] GC(357)   Post Evacuate Collection Set: 0.3ms
[154.703s][info][gc,phases      ] GC(357)   Other: 0.3ms
[154.703s][info][gc,heap        ] GC(357) Eden regions: 139->0(142)
[154.703s][info][gc,heap        ] GC(357) Survivor regions: 12->9(19)
[154.703s][info][gc,heap        ] GC(357) Old regions: 167->177
[154.703s][info][gc,heap        ] GC(357) Humongous regions: 31->31
[154.703s][info][gc,metaspace   ] GC(357) Metaspace: 67506K->67506K(1110016K)
[154.703s][info][gc             ] GC(357) Pause Young (Normal) (G1 Evacuation Pause) 347M->215M(487M) 54.671ms
[154.704s][info][gc,cpu         ] GC(357) User=0.05s Sys=0.00s Real=0.06s
[155.103s][info][gc,start       ] GC(358) Pause Young (Normal) (G1 Evacuation Pause)
[155.103s][info][gc,task        ] GC(358) Using 1 workers of 1 for evacuation
[155.173s][info][gc,phases      ] GC(358)   Pre Evacuate Collection Set: 0.0ms
[155.173s][info][gc,phases      ] GC(358)   Evacuate Collection Set: 67.1ms
[155.173s][info][gc,phases      ] GC(358)   Post Evacuate Collection Set: 2.2ms
[155.173s][info][gc,phases      ] GC(358)   Other: 0.3ms
[155.173s][info][gc,heap        ] GC(358) Eden regions: 142->0(162)
[155.173s][info][gc,heap        ] GC(358) Survivor regions: 9->16(19)
[155.173s][info][gc,heap        ] GC(358) Old regions: 177->177
[155.173s][info][gc,heap        ] GC(358) Humongous regions: 40->40
[155.173s][info][gc,metaspace   ] GC(358) Metaspace: 67506K->67506K(1110016K)
[155.173s][info][gc             ] GC(358) Pause Young (Normal) (G1 Evacuation Pause) 366M->232M(1024M) 69.782ms
[155.173s][info][gc,cpu         ] GC(358) User=0.07s Sys=0.00s Real=0.07s
[155.828s][info][gc,start       ] GC(359) Pause Young (Normal) (G1 Evacuation Pause)
[155.828s][info][gc,task        ] GC(359) Using 1 workers of 1 for evacuation
[155.951s][info][gc,phases      ] GC(359)   Pre Evacuate Collection Set: 0.0ms
[155.951s][info][gc,phases      ] GC(359)   Evacuate Collection Set: 122.0ms
[155.951s][info][gc,phases      ] GC(359)   Post Evacuate Collection Set: 0.6ms
[155.951s][info][gc,phases      ] GC(359)   Other: 0.3ms
[155.951s][info][gc,heap        ] GC(359) Eden regions: 94->0(114)
[155.951s][info][gc,heap        ] GC(359) Survivor regions: 16->14(14)
[155.951s][info][gc,heap        ] GC(359) Old regions: 177->202
[155.951s][info][gc,heap        ] GC(359) Humongous regions: 56->56
[155.951s][info][gc,metaspace   ] GC(359) Metaspace: 67522K->67522K(1110016K)
[155.951s][info][gc             ] GC(359) Pause Young (Normal) (G1 Evacuation Pause) 342M->271M(1024M) 123.001ms
[155.951s][info][gc,cpu         ] GC(359) User=0.12s Sys=0.01s Real=0.13s
[156.294s][info][gc,start       ] GC(360) Pause Young (Normal) (G1 Evacuation Pause)
[156.294s][info][gc,task        ] GC(360) Using 1 workers of 1 for evacuation
[156.419s][info][gc,phases      ] GC(360)   Pre Evacuate Collection Set: 0.0ms
[156.419s][info][gc,phases      ] GC(360)   Evacuate Collection Set: 121.9ms
[156.419s][info][gc,phases      ] GC(360)   Post Evacuate Collection Set: 0.6ms
[156.419s][info][gc,phases      ] GC(360)   Other: 2.4ms
[156.419s][info][gc,heap        ] GC(360) Eden regions: 114->0(116)
[156.419s][info][gc,heap        ] GC(360) Survivor regions: 14->13(16)
[156.419s][info][gc,heap        ] GC(360) Old regions: 202->216
[156.419s][info][gc,heap        ] GC(360) Humongous regions: 62->62
[156.419s][info][gc,metaspace   ] GC(360) Metaspace: 67522K->67522K(1110016K)
[156.419s][info][gc             ] GC(360) Pause Young (Normal) (G1 Evacuation Pause) 391M->289M(1024M) 124.909ms
[156.419s][info][gc,cpu         ] GC(360) User=0.13s Sys=0.00s Real=0.13s
[156.737s][info][gc,start       ] GC(361) Pause Young (Normal) (G1 Evacuation Pause)
[156.737s][info][gc,task        ] GC(361) Using 1 workers of 1 for evacuation
[156.805s][info][gc,phases      ] GC(361)   Pre Evacuate Collection Set: 0.0ms
[156.805s][info][gc,phases      ] GC(361)   Evacuate Collection Set: 67.4ms
[156.805s][info][gc,phases      ] GC(361)   Post Evacuate Collection Set: 0.4ms
[156.805s][info][gc,phases      ] GC(361)   Other: 0.3ms
[156.805s][info][gc,heap        ] GC(361) Eden regions: 116->0(138)
[156.805s][info][gc,heap        ] GC(361) Survivor regions: 13->10(17)
[156.805s][info][gc,heap        ] GC(361) Old regions: 216->228
[156.805s][info][gc,heap        ] GC(361) Humongous regions: 67->67
[156.805s][info][gc,metaspace   ] GC(361) Metaspace: 67522K->67522K(1110016K)
[156.805s][info][gc             ] GC(361) Pause Young (Normal) (G1 Evacuation Pause) 410M->303M(1024M) 68.250ms
[156.805s][info][gc,cpu         ] GC(361) User=0.07s Sys=0.00s Real=0.07s
[157.152s][info][gc,start       ] GC(362) Pause Young (Normal) (G1 Evacuation Pause)
[157.152s][info][gc,task        ] GC(362) Using 1 workers of 1 for evacuation
[157.204s][info][gc,phases      ] GC(362)   Pre Evacuate Collection Set: 0.0ms
[157.204s][info][gc,phases      ] GC(362)   Evacuate Collection Set: 50.0ms
[157.204s][info][gc,phases      ] GC(362)   Post Evacuate Collection Set: 1.4ms
[157.204s][info][gc,phases      ] GC(362)   Other: 0.3ms
[157.204s][info][gc,heap        ] GC(362) Eden regions: 138->0(157)
[157.204s][info][gc,heap        ] GC(362) Survivor regions: 10->16(19)
[157.204s][info][gc,heap        ] GC(362) Old regions: 228->228
[157.204s][info][gc,heap        ] GC(362) Humongous regions: 67->67
[157.204s][info][gc,metaspace   ] GC(362) Metaspace: 67522K->67522K(1110016K)
[157.204s][info][gc             ] GC(362) Pause Young (Normal) (G1 Evacuation Pause) 441M->309M(1334M) 51.739ms
[157.204s][info][gc,cpu         ] GC(362) User=0.05s Sys=0.01s Real=0.05s
[157.935s][info][gc,start       ] GC(363) Pause Young (Normal) (G1 Evacuation Pause)
[157.935s][info][gc,task        ] GC(363) Using 1 workers of 1 for evacuation
[158.047s][info][gc,phases      ] GC(363)   Pre Evacuate Collection Set: 0.0ms
[158.047s][info][gc,phases      ] GC(363)   Evacuate Collection Set: 110.7ms
[158.047s][info][gc,phases      ] GC(363)   Post Evacuate Collection Set: 0.7ms
[158.047s][info][gc,phases      ] GC(363)   Other: 0.3ms
[158.047s][info][gc,heap        ] GC(363) Eden regions: 122->0(136)
[158.047s][info][gc,heap        ] GC(363) Survivor regions: 16->15(18)
[158.047s][info][gc,heap        ] GC(363) Old regions: 228->236
[158.047s][info][gc,heap        ] GC(363) Humongous regions: 81->81
[158.047s][info][gc,metaspace   ] GC(363) Metaspace: 67524K->67524K(1110016K)
[158.047s][info][gc             ] GC(363) Pause Young (Normal) (G1 Evacuation Pause) 445M->330M(1334M) 111.737ms
[158.047s][info][gc,cpu         ] GC(363) User=0.11s Sys=0.00s Real=0.11s
[158.240s][info][gc,start       ] GC(364) Pause Young (Normal) (G1 Evacuation Pause)
[158.240s][info][gc,task        ] GC(364) Using 1 workers of 1 for evacuation
[158.336s][info][gc,phases      ] GC(364)   Pre Evacuate Collection Set: 0.0ms
[158.337s][info][gc,phases      ] GC(364)   Evacuate Collection Set: 95.5ms
[158.337s][info][gc,phases      ] GC(364)   Post Evacuate Collection Set: 0.4ms
[158.337s][info][gc,phases      ] GC(364)   Other: 0.2ms
[158.337s][info][gc,heap        ] GC(364) Eden regions: 56->0(114)
[158.337s][info][gc,heap        ] GC(364) Survivor regions: 15->9(9)
[158.337s][info][gc,heap        ] GC(364) Old regions: 236->257
[158.337s][info][gc,heap        ] GC(364) Humongous regions: 92->92
[158.337s][info][gc,metaspace   ] GC(364) Metaspace: 67533K->67533K(1110016K)
[158.337s][info][gc             ] GC(364) Pause Young (Normal) (G1 Evacuation Pause) 397M->356M(1334M) 96.243ms
[158.337s][info][gc,cpu         ] GC(364) User=0.10s Sys=0.00s Real=0.09s
[158.618s][info][gc,start       ] GC(365) Pause Young (Normal) (G1 Evacuation Pause)
[158.618s][info][gc,task        ] GC(365) Using 1 workers of 1 for evacuation
[158.782s][info][gc,phases      ] GC(365)   Pre Evacuate Collection Set: 0.0ms
[158.782s][info][gc,phases      ] GC(365)   Evacuate Collection Set: 162.3ms
[158.782s][info][gc,phases      ] GC(365)   Post Evacuate Collection Set: 0.9ms
[158.782s][info][gc,phases      ] GC(365)   Other: 1.3ms
[158.782s][info][gc,heap        ] GC(365) Eden regions: 114->0(75)
[158.782s][info][gc,heap        ] GC(365) Survivor regions: 9->16(16)
[158.782s][info][gc,heap        ] GC(365) Old regions: 257->267
[158.782s][info][gc,heap        ] GC(365) Humongous regions: 98->98
[158.782s][info][gc,metaspace   ] GC(365) Metaspace: 67533K->67533K(1110016K)
[158.782s][info][gc             ] GC(365) Pause Young (Normal) (G1 Evacuation Pause) 476M->380M(1334M) 164.552ms
[158.782s][info][gc,cpu         ] GC(365) User=0.17s Sys=0.00s Real=0.16s
[159.005s][info][gc,start       ] GC(366) Pause Young (Normal) (G1 Evacuation Pause)
[159.006s][info][gc,task        ] GC(366) Using 1 workers of 1 for evacuation
[159.088s][info][gc,phases      ] GC(366)   Pre Evacuate Collection Set: 0.0ms
[159.088s][info][gc,phases      ] GC(366)   Evacuate Collection Set: 81.6ms
[159.088s][info][gc,phases      ] GC(366)   Post Evacuate Collection Set: 1.0ms
[159.088s][info][gc,phases      ] GC(366)   Other: 0.3ms
[159.088s][info][gc,heap        ] GC(366) Eden regions: 75->0(104)
[159.088s][info][gc,heap        ] GC(366) Survivor regions: 16->7(12)
[159.088s][info][gc,heap        ] GC(366) Old regions: 267->283
[159.088s][info][gc,heap        ] GC(366) Humongous regions: 103->103
[159.088s][info][gc,metaspace   ] GC(366) Metaspace: 67542K->67542K(1110016K)
[159.088s][info][gc             ] GC(366) Pause Young (Normal) (G1 Evacuation Pause) 460M->391M(1487M) 83.025ms
[159.088s][info][gc,cpu         ] GC(366) User=0.08s Sys=0.00s Real=0.08s
[159.364s][info][gc,start       ] GC(367) Pause Young (Normal) (G1 Evacuation Pause)
[159.364s][info][gc,task        ] GC(367) Using 1 workers of 1 for evacuation
[159.417s][info][gc,phases      ] GC(367)   Pre Evacuate Collection Set: 0.1ms
[159.417s][info][gc,phases      ] GC(367)   Evacuate Collection Set: 53.0ms
[159.417s][info][gc,phases      ] GC(367)   Post Evacuate Collection Set: 0.5ms
[159.417s][info][gc,phases      ] GC(367)   Other: 0.3ms
[159.417s][info][gc,heap        ] GC(367) Eden regions: 104->0(117)
[159.417s][info][gc,heap        ] GC(367) Survivor regions: 7->14(14)
[159.417s][info][gc,heap        ] GC(367) Old regions: 283->283
[159.417s][info][gc,heap        ] GC(367) Humongous regions: 103->103
[159.417s][info][gc,metaspace   ] GC(367) Metaspace: 67542K->67542K(1110016K)
[159.417s][info][gc             ] GC(367) Pause Young (Normal) (G1 Evacuation Pause) 495M->398M(1487M) 53.798ms
[159.417s][info][gc,cpu         ] GC(367) User=0.05s Sys=0.00s Real=0.06s
[159.732s][info][gc,start       ] GC(368) Pause Young (Normal) (G1 Evacuation Pause)
[159.732s][info][gc,task        ] GC(368) Using 1 workers of 1 for evacuation
[159.793s][info][gc,phases      ] GC(368)   Pre Evacuate Collection Set: 0.1ms
[159.793s][info][gc,phases      ] GC(368)   Evacuate Collection Set: 60.8ms
[159.793s][info][gc,phases      ] GC(368)   Post Evacuate Collection Set: 0.4ms
[159.793s][info][gc,phases      ] GC(368)   Other: 0.6ms
[159.793s][info][gc,heap        ] GC(368) Eden regions: 117->0(139)
[159.793s][info][gc,heap        ] GC(368) Survivor regions: 14->13(17)
[159.793s][info][gc,heap        ] GC(368) Old regions: 283->289
[159.793s][info][gc,heap        ] GC(368) Humongous regions: 103->103
[159.793s][info][gc,metaspace   ] GC(368) Metaspace: 67542K->67542K(1110016K)
[159.793s][info][gc             ] GC(368) Pause Young (Normal) (G1 Evacuation Pause) 515M->403M(1487M) 61.825ms
[159.793s][info][gc,cpu         ] GC(368) User=0.06s Sys=0.00s Real=0.06s
[160.400s][info][gc,start       ] GC(369) Pause Young (Normal) (G1 Evacuation Pause)
[160.400s][info][gc,task        ] GC(369) Using 1 workers of 1 for evacuation
[160.493s][info][gc,phases      ] GC(369)   Pre Evacuate Collection Set: 0.1ms
[160.493s][info][gc,phases      ] GC(369)   Evacuate Collection Set: 91.8ms
[160.493s][info][gc,phases      ] GC(369)   Post Evacuate Collection Set: 0.6ms
[160.493s][info][gc,phases      ] GC(369)   Other: 0.3ms
[160.493s][info][gc,heap        ] GC(369) Eden regions: 99->0(135)
[160.493s][info][gc,heap        ] GC(369) Survivor regions: 13->13(14)
[160.493s][info][gc,heap        ] GC(369) Old regions: 289->294
[160.493s][info][gc,heap        ] GC(369) Humongous regions: 117->117
[160.493s][info][gc,metaspace   ] GC(369) Metaspace: 67542K->67542K(1110016K)
[160.493s][info][gc             ] GC(369) Pause Young (Normal) (G1 Evacuation Pause) 516M->423M(1487M) 92.883ms
[160.493s][info][gc,cpu         ] GC(369) User=0.09s Sys=0.00s Real=0.09s
[161.007s][info][gc,start       ] GC(370) Pause Young (Normal) (G1 Evacuation Pause)
[161.007s][info][gc,task        ] GC(370) Using 1 workers of 1 for evacuation
[161.119s][info][gc,phases      ] GC(370)   Pre Evacuate Collection Set: 0.1ms
[161.119s][info][gc,phases      ] GC(370)   Evacuate Collection Set: 111.1ms
[161.119s][info][gc,phases      ] GC(370)   Post Evacuate Collection Set: 0.9ms
[161.119s][info][gc,phases      ] GC(370)   Other: 0.3ms
[161.119s][info][gc,heap        ] GC(370) Eden regions: 90->0(99)
[161.119s][info][gc,heap        ] GC(370) Survivor regions: 13->13(13)
[161.119s][info][gc,heap        ] GC(370) Old regions: 294->314
[161.119s][info][gc,heap        ] GC(370) Humongous regions: 139->134
[161.119s][info][gc,metaspace   ] GC(370) Metaspace: 67555K->67555K(1110016K)
[161.119s][info][gc             ] GC(370) Pause Young (Normal) (G1 Evacuation Pause) 535M->459M(1588M) 112.422ms
[161.119s][info][gc,cpu         ] GC(370) User=0.12s Sys=0.00s Real=0.12s
[161.378s][info][gc,start       ] GC(371) Pause Young (Normal) (G1 Evacuation Pause)
[161.378s][info][gc,task        ] GC(371) Using 1 workers of 1 for evacuation
[161.599s][info][gc,mmu         ] GC(371) MMU target violated: 201.0ms (200.0ms/201.0ms)
[161.599s][info][gc,phases      ] GC(371)   Pre Evacuate Collection Set: 0.1ms
[161.599s][info][gc,phases      ] GC(371)   Evacuate Collection Set: 219.7ms
[161.599s][info][gc,phases      ] GC(371)   Post Evacuate Collection Set: 0.5ms
[161.599s][info][gc,phases      ] GC(371)   Other: 0.4ms
[161.599s][info][gc,heap        ] GC(371) Eden regions: 99->0(65)
[161.599s][info][gc,heap        ] GC(371) Survivor regions: 13->14(14)
[161.599s][info][gc,heap        ] GC(371) Old regions: 314->334
[161.599s][info][gc,heap        ] GC(371) Humongous regions: 142->142
[161.599s][info][gc,metaspace   ] GC(371) Metaspace: 67555K->67555K(1110016K)
[161.599s][info][gc             ] GC(371) Pause Young (Normal) (G1 Evacuation Pause) 566M->488M(1588M) 220.610ms
[161.599s][info][gc,cpu         ] GC(371) User=0.21s Sys=0.00s Real=0.22s
[161.753s][info][gc,start       ] GC(372) Pause Young (Normal) (G1 Evacuation Pause)
[161.753s][info][gc,task        ] GC(372) Using 1 workers of 1 for evacuation
[161.806s][info][gc,phases      ] GC(372)   Pre Evacuate Collection Set: 0.1ms
[161.806s][info][gc,phases      ] GC(372)   Evacuate Collection Set: 52.3ms
[161.806s][info][gc,phases      ] GC(372)   Post Evacuate Collection Set: 0.3ms
[161.806s][info][gc,phases      ] GC(372)   Other: 0.2ms
[161.806s][info][gc,heap        ] GC(372) Eden regions: 65->0(83)
[161.806s][info][gc,heap        ] GC(372) Survivor regions: 14->7(10)
[161.806s][info][gc,heap        ] GC(372) Old regions: 334->348
[161.806s][info][gc,heap        ] GC(372) Humongous regions: 145->145
[161.806s][info][gc,metaspace   ] GC(372) Metaspace: 67555K->67555K(1110016K)
[161.806s][info][gc             ] GC(372) Pause Young (Normal) (G1 Evacuation Pause) 556M->498M(1588M) 53.032ms
[161.806s][info][gc,cpu         ] GC(372) User=0.05s Sys=0.00s Real=0.05s
[162.011s][info][gc,start       ] GC(373) Pause Young (Normal) (G1 Evacuation Pause)
[162.011s][info][gc,task        ] GC(373) Using 1 workers of 1 for evacuation
[162.059s][info][gc,phases      ] GC(373)   Pre Evacuate Collection Set: 0.1ms
[162.059s][info][gc,phases      ] GC(373)   Evacuate Collection Set: 47.1ms
[162.059s][info][gc,phases      ] GC(373)   Post Evacuate Collection Set: 0.4ms
[162.059s][info][gc,phases      ] GC(373)   Other: 0.3ms
[162.059s][info][gc,heap        ] GC(373) Eden regions: 83->0(105)
[162.059s][info][gc,heap        ] GC(373) Survivor regions: 7->7(12)
[162.059s][info][gc,heap        ] GC(373) Old regions: 348->354
[162.059s][info][gc,heap        ] GC(373) Humongous regions: 150->150
[162.059s][info][gc,metaspace   ] GC(373) Metaspace: 67555K->67555K(1110016K)
[162.059s][info][gc             ] GC(373) Pause Young (Normal) (G1 Evacuation Pause) 586M->510M(1588M) 47.875ms
[162.059s][info][gc,cpu         ] GC(373) User=0.04s Sys=0.00s Real=0.05s
[162.307s][info][gc,start       ] GC(374) Pause Young (Normal) (G1 Evacuation Pause)
[162.307s][info][gc,task        ] GC(374) Using 1 workers of 1 for evacuation
[162.346s][info][gc,phases      ] GC(374)   Pre Evacuate Collection Set: 0.1ms
[162.346s][info][gc,phases      ] GC(374)   Evacuate Collection Set: 37.3ms
[162.346s][info][gc,phases      ] GC(374)   Post Evacuate Collection Set: 0.8ms
[162.346s][info][gc,phases      ] GC(374)   Other: 0.3ms
[162.346s][info][gc,heap        ] GC(374) Eden regions: 105->0(125)
[162.346s][info][gc,heap        ] GC(374) Survivor regions: 7->13(14)
[162.346s][info][gc,heap        ] GC(374) Old regions: 354->354
[162.346s][info][gc,heap        ] GC(374) Humongous regions: 150->150
[162.346s][info][gc,metaspace   ] GC(374) Metaspace: 67555K->67555K(1110016K)
[162.346s][info][gc             ] GC(374) Pause Young (Normal) (G1 Evacuation Pause) 615M->516M(1690M) 38.533ms
[162.346s][info][gc,cpu         ] GC(374) User=0.04s Sys=0.00s Real=0.04s
[162.739s][info][gc,start       ] GC(375) Pause Young (Normal) (G1 Evacuation Pause)
[162.739s][info][gc,task        ] GC(375) Using 1 workers of 1 for evacuation
[162.813s][info][gc,phases      ] GC(375)   Pre Evacuate Collection Set: 0.1ms
[162.813s][info][gc,phases      ] GC(375)   Evacuate Collection Set: 73.0ms
[162.813s][info][gc,phases      ] GC(375)   Post Evacuate Collection Set: 0.5ms
[162.813s][info][gc,phases      ] GC(375)   Other: 0.3ms
[162.813s][info][gc,heap        ] GC(375) Eden regions: 125->0(113)
[162.813s][info][gc,heap        ] GC(375) Survivor regions: 13->14(18)
[162.813s][info][gc,heap        ] GC(375) Old regions: 354->360
[162.813s][info][gc,heap        ] GC(375) Humongous regions: 159->159
[162.813s][info][gc,metaspace   ] GC(375) Metaspace: 67555K->67555K(1110016K)
[162.813s][info][gc             ] GC(375) Pause Young (Normal) (G1 Evacuation Pause) 650M->531M(1690M) 73.972ms
[162.813s][info][gc,cpu         ] GC(375) User=0.06s Sys=0.01s Real=0.07s
[163.717s][info][gc,start       ] GC(376) Pause Young (Normal) (G1 Evacuation Pause)
[163.717s][info][gc,task        ] GC(376) Using 1 workers of 1 for evacuation
[163.867s][info][gc,phases      ] GC(376)   Pre Evacuate Collection Set: 0.1ms
[163.867s][info][gc,phases      ] GC(376)   Evacuate Collection Set: 148.8ms
[163.867s][info][gc,phases      ] GC(376)   Post Evacuate Collection Set: 0.6ms
[163.867s][info][gc,phases      ] GC(376)   Other: 0.7ms
[163.867s][info][gc,heap        ] GC(376) Eden regions: 113->0(68)
[163.867s][info][gc,heap        ] GC(376) Survivor regions: 14->16(16)
[163.867s][info][gc,heap        ] GC(376) Old regions: 360->388
[163.867s][info][gc,heap        ] GC(376) Humongous regions: 186->186
[163.867s][info][gc,metaspace   ] GC(376) Metaspace: 67555K->67555K(1110016K)
[163.867s][info][gc             ] GC(376) Pause Young (Normal) (G1 Evacuation Pause) 671M->588M(1690M) 150.283ms
[163.867s][info][gc,cpu         ] GC(376) User=0.15s Sys=0.00s Real=0.15s
[164.016s][info][gc,start       ] GC(377) Pause Young (Normal) (G1 Evacuation Pause)
[164.016s][info][gc,task        ] GC(377) Using 1 workers of 1 for evacuation
[164.137s][info][gc,phases      ] GC(377)   Pre Evacuate Collection Set: 0.1ms
[164.137s][info][gc,phases      ] GC(377)   Evacuate Collection Set: 119.5ms
[164.137s][info][gc,phases      ] GC(377)   Post Evacuate Collection Set: 0.7ms
[164.137s][info][gc,phases      ] GC(377)   Other: 0.3ms
[164.137s][info][gc,heap        ] GC(377) Eden regions: 68->0(74)
[164.137s][info][gc,heap        ] GC(377) Survivor regions: 16->10(11)
[164.137s][info][gc,heap        ] GC(377) Old regions: 388->404
[164.137s][info][gc,heap        ] GC(377) Humongous regions: 189->189
[164.137s][info][gc,metaspace   ] GC(377) Metaspace: 67555K->67555K(1110016K)
[164.137s][info][gc             ] GC(377) Pause Young (Normal) (G1 Evacuation Pause) 659M->601M(1690M) 120.637ms
[164.137s][info][gc,cpu         ] GC(377) User=0.12s Sys=0.00s Real=0.12s
[164.321s][info][gc,start       ] GC(378) Pause Young (Normal) (G1 Evacuation Pause)
[164.322s][info][gc,task        ] GC(378) Using 1 workers of 1 for evacuation
[164.391s][info][gc,phases      ] GC(378)   Pre Evacuate Collection Set: 0.1ms
[164.391s][info][gc,phases      ] GC(378)   Evacuate Collection Set: 68.3ms
[164.391s][info][gc,phases      ] GC(378)   Post Evacuate Collection Set: 0.7ms
[164.391s][info][gc,phases      ] GC(378)   Other: 0.3ms
[164.391s][info][gc,heap        ] GC(378) Eden regions: 74->0(79)
[164.391s][info][gc,heap        ] GC(378) Survivor regions: 10->8(11)
[164.391s][info][gc,heap        ] GC(378) Old regions: 404->413
[164.391s][info][gc,heap        ] GC(378) Humongous regions: 192->192
[164.391s][info][gc,metaspace   ] GC(378) Metaspace: 67555K->67555K(1110016K)
[164.391s][info][gc             ] GC(378) Pause Young (Normal) (G1 Evacuation Pause) 678M->612M(1758M) 69.436ms
[164.391s][info][gc,cpu         ] GC(378) User=0.07s Sys=0.00s Real=0.07s
[164.606s][info][gc,start       ] GC(379) Pause Young (Normal) (G1 Evacuation Pause)
[164.606s][info][gc,task        ] GC(379) Using 1 workers of 1 for evacuation
[164.653s][info][gc,phases      ] GC(379)   Pre Evacuate Collection Set: 0.1ms
[164.653s][info][gc,phases      ] GC(379)   Evacuate Collection Set: 45.8ms
[164.653s][info][gc,phases      ] GC(379)   Post Evacuate Collection Set: 0.4ms
[164.653s][info][gc,phases      ] GC(379)   Other: 0.3ms
[164.653s][info][gc,heap        ] GC(379) Eden regions: 79->0(88)
[164.653s][info][gc,heap        ] GC(379) Survivor regions: 8->7(11)
[164.653s][info][gc,heap        ] GC(379) Old regions: 413->421
[164.653s][info][gc,heap        ] GC(379) Humongous regions: 197->197
[164.653s][info][gc,metaspace   ] GC(379) Metaspace: 67555K->67555K(1110016K)
[164.653s][info][gc             ] GC(379) Pause Young (Normal) (G1 Evacuation Pause) 696M->623M(1758M) 46.620ms
[164.653s][info][gc,cpu         ] GC(379) User=0.05s Sys=0.00s Real=0.05s
[164.863s][info][gc,start       ] GC(380) Pause Young (Normal) (G1 Evacuation Pause)
[164.863s][info][gc,task        ] GC(380) Using 1 workers of 1 for evacuation
[164.902s][info][gc,phases      ] GC(380)   Pre Evacuate Collection Set: 0.1ms
[164.902s][info][gc,phases      ] GC(380)   Evacuate Collection Set: 38.1ms
[164.902s][info][gc,phases      ] GC(380)   Post Evacuate Collection Set: 0.4ms
[164.902s][info][gc,phases      ] GC(380)   Other: 0.3ms
[164.902s][info][gc,heap        ] GC(380) Eden regions: 88->0(117)
[164.902s][info][gc,heap        ] GC(380) Survivor regions: 7->7(12)
[164.902s][info][gc,heap        ] GC(380) Old regions: 421->426
[164.902s][info][gc,heap        ] GC(380) Humongous regions: 197->197
[164.902s][info][gc,metaspace   ] GC(380) Metaspace: 67555K->67555K(1110016K)
[164.902s][info][gc             ] GC(380) Pause Young (Normal) (G1 Evacuation Pause) 711M->628M(1758M) 38.951ms
[164.902s][info][gc,cpu         ] GC(380) User=0.04s Sys=0.00s Real=0.04s
[165.237s][info][gc,start       ] GC(381) Pause Young (Normal) (G1 Evacuation Pause)
[165.237s][info][gc,task        ] GC(381) Using 1 workers of 1 for evacuation
[165.290s][info][gc,phases      ] GC(381)   Pre Evacuate Collection Set: 0.1ms
[165.290s][info][gc,phases      ] GC(381)   Evacuate Collection Set: 52.1ms
[165.290s][info][gc,phases      ] GC(381)   Post Evacuate Collection Set: 0.6ms
[165.290s][info][gc,phases      ] GC(381)   Other: 0.3ms
[165.290s][info][gc,heap        ] GC(381) Eden regions: 117->0(116)
[165.290s][info][gc,heap        ] GC(381) Survivor regions: 7->13(16)
[165.290s][info][gc,heap        ] GC(381) Old regions: 426->426
[165.290s][info][gc,heap        ] GC(381) Humongous regions: 206->206
[165.290s][info][gc,metaspace   ] GC(381) Metaspace: 67555K->67555K(1110016K)
[165.290s][info][gc             ] GC(381) Pause Young (Normal) (G1 Evacuation Pause) 754M->643M(1758M) 53.090ms
[165.290s][info][gc,cpu         ] GC(381) User=0.05s Sys=0.00s Real=0.05s
[165.974s][info][gc,start       ] GC(382) Pause Young (Normal) (G1 Evacuation Pause)
[165.975s][info][gc,task        ] GC(382) Using 1 workers of 1 for evacuation
[166.082s][info][gc,phases      ] GC(382)   Pre Evacuate Collection Set: 0.1ms
[166.082s][info][gc,phases      ] GC(382)   Evacuate Collection Set: 106.3ms
[166.082s][info][gc,phases      ] GC(382)   Post Evacuate Collection Set: 0.8ms
[166.082s][info][gc,phases      ] GC(382)   Other: 0.3ms
[166.082s][info][gc,heap        ] GC(382) Eden regions: 83->0(114)
[166.082s][info][gc,heap        ] GC(382) Survivor regions: 13->12(12)
[166.082s][info][gc,heap        ] GC(382) Old regions: 426->438
[166.082s][info][gc,heap        ] GC(382) Humongous regions: 222->222
[166.082s][info][gc,metaspace   ] GC(382) Metaspace: 67571K->67571K(1110016K)
[166.082s][info][gc             ] GC(382) Pause Young (Normal) (G1 Evacuation Pause) 742M->671M(1789M) 107.585ms
[166.082s][info][gc,cpu         ] GC(382) User=0.10s Sys=0.00s Real=0.11s
[166.386s][info][gc,start       ] GC(383) Pause Young (Normal) (G1 Evacuation Pause)
[166.386s][info][gc,task        ] GC(383) Using 1 workers of 1 for evacuation
[166.510s][info][gc,phases      ] GC(383)   Pre Evacuate Collection Set: 0.1ms
[166.510s][info][gc,phases      ] GC(383)   Evacuate Collection Set: 123.5ms
[166.510s][info][gc,phases      ] GC(383)   Post Evacuate Collection Set: 0.5ms
[166.510s][info][gc,phases      ] GC(383)   Other: 0.3ms
[166.510s][info][gc,heap        ] GC(383) Eden regions: 114->0(120)
[166.510s][info][gc,heap        ] GC(383) Survivor regions: 12->16(16)
[166.510s][info][gc,heap        ] GC(383) Old regions: 438->462
[166.510s][info][gc,heap        ] GC(383) Humongous regions: 234->234
[166.510s][info][gc,metaspace   ] GC(383) Metaspace: 67571K->67571K(1110016K)
[166.510s][info][gc             ] GC(383) Pause Young (Normal) (G1 Evacuation Pause) 797M->711M(1789M) 124.400ms
[166.511s][info][gc,cpu         ] GC(383) User=0.13s Sys=0.00s Real=0.13s
[166.818s][info][gc,start       ] GC(384) Pause Young (Normal) (G1 Evacuation Pause)
[166.818s][info][gc,task        ] GC(384) Using 1 workers of 1 for evacuation
[166.902s][info][gc,phases      ] GC(384)   Pre Evacuate Collection Set: 0.1ms
[166.902s][info][gc,phases      ] GC(384)   Evacuate Collection Set: 83.5ms
[166.902s][info][gc,phases      ] GC(384)   Post Evacuate Collection Set: 0.5ms
[166.902s][info][gc,phases      ] GC(384)   Other: 0.3ms
[166.902s][info][gc,heap        ] GC(384) Eden regions: 120->0(128)
[166.902s][info][gc,heap        ] GC(384) Survivor regions: 16->12(17)
[166.902s][info][gc,heap        ] GC(384) Old regions: 462->479
[166.902s][info][gc,heap        ] GC(384) Humongous regions: 244->244
[166.902s][info][gc,metaspace   ] GC(384) Metaspace: 67571K->67571K(1110016K)
[166.902s][info][gc             ] GC(384) Pause Young (Normal) (G1 Evacuation Pause) 841M->733M(1789M) 84.337ms
[166.902s][info][gc,cpu         ] GC(384) User=0.09s Sys=0.00s Real=0.08s
[167.223s][info][gc,start       ] GC(385) Pause Young (Normal) (G1 Evacuation Pause)
[167.223s][info][gc,task        ] GC(385) Using 1 workers of 1 for evacuation
[167.285s][info][gc,phases      ] GC(385)   Pre Evacuate Collection Set: 0.1ms
[167.285s][info][gc,phases      ] GC(385)   Evacuate Collection Set: 61.4ms
[167.285s][info][gc,phases      ] GC(385)   Post Evacuate Collection Set: 0.4ms
[167.285s][info][gc,phases      ] GC(385)   Other: 0.3ms
[167.285s][info][gc,heap        ] GC(385) Eden regions: 128->0(149)
[167.285s][info][gc,heap        ] GC(385) Survivor regions: 12->9(18)
[167.285s][info][gc,heap        ] GC(385) Old regions: 479->490
[167.285s][info][gc,heap        ] GC(385) Humongous regions: 244->244
[167.285s][info][gc,metaspace   ] GC(385) Metaspace: 67571K->67571K(1110016K)
[167.285s][info][gc             ] GC(385) Pause Young (Normal) (G1 Evacuation Pause) 861M->742M(1789M) 62.158ms
[167.285s][info][gc,cpu         ] GC(385) User=0.06s Sys=0.00s Real=0.06s
[167.728s][info][gc,start       ] GC(386) Pause Young (Normal) (G1 Evacuation Pause)
[167.728s][info][gc,task        ] GC(386) Using 1 workers of 1 for evacuation
[167.813s][info][gc,phases      ] GC(386)   Pre Evacuate Collection Set: 0.1ms
[167.813s][info][gc,phases      ] GC(386)   Evacuate Collection Set: 83.4ms
[167.813s][info][gc,phases      ] GC(386)   Post Evacuate Collection Set: 0.8ms
[167.813s][info][gc,phases      ] GC(386)   Other: 0.3ms
[167.813s][info][gc,heap        ] GC(386) Eden regions: 149->0(135)
[167.813s][info][gc,heap        ] GC(386) Survivor regions: 9->17(20)
[167.813s][info][gc,heap        ] GC(386) Old regions: 490->490
[167.813s][info][gc,heap        ] GC(386) Humongous regions: 253->253
[167.813s][info][gc,metaspace   ] GC(386) Metaspace: 67571K->67571K(1110016K)
[167.813s][info][gc             ] GC(386) Pause Young (Normal) (G1 Evacuation Pause) 900M->758M(1835M) 84.535ms
[167.813s][info][gc,cpu         ] GC(386) User=0.08s Sys=0.00s Real=0.09s
[168.737s][info][gc,start       ] GC(387) Pause Young (Normal) (G1 Evacuation Pause)
[168.737s][info][gc,task        ] GC(387) Using 1 workers of 1 for evacuation
[168.885s][info][gc,phases      ] GC(387)   Pre Evacuate Collection Set: 0.1ms
[168.885s][info][gc,phases      ] GC(387)   Evacuate Collection Set: 146.9ms
[168.885s][info][gc,phases      ] GC(387)   Post Evacuate Collection Set: 0.9ms
[168.885s][info][gc,phases      ] GC(387)   Other: 0.6ms
[168.885s][info][gc,heap        ] GC(387) Eden regions: 120->0(73)
[168.885s][info][gc,heap        ] GC(387) Survivor regions: 17->18(18)
[168.885s][info][gc,heap        ] GC(387) Old regions: 490->509
[168.885s][info][gc,heap        ] GC(387) Humongous regions: 285->280
[168.885s][info][gc,metaspace   ] GC(387) Metaspace: 67576K->67576K(1110016K)
[168.886s][info][gc             ] GC(387) Pause Young (Normal) (G1 Evacuation Pause) 910M->805M(1835M) 148.582ms
[168.886s][info][gc,cpu         ] GC(387) User=0.14s Sys=0.01s Real=0.15s
[169.247s][info][gc,start       ] GC(388) Pause Young (Normal) (G1 Evacuation Pause)
[169.247s][info][gc,task        ] GC(388) Using 1 workers of 1 for evacuation
[169.370s][info][gc,phases      ] GC(388)   Pre Evacuate Collection Set: 0.1ms
[169.370s][info][gc,phases      ] GC(388)   Evacuate Collection Set: 122.2ms
[169.371s][info][gc,phases      ] GC(388)   Post Evacuate Collection Set: 0.5ms
[169.371s][info][gc,phases      ] GC(388)   Other: 0.3ms
[169.371s][info][gc,heap        ] GC(388) Eden regions: 73->0(79)
[169.371s][info][gc,heap        ] GC(388) Survivor regions: 18->12(12)
[169.371s][info][gc,heap        ] GC(388) Old regions: 509->529
[169.371s][info][gc,heap        ] GC(388) Humongous regions: 291->291
[169.371s][info][gc,metaspace   ] GC(388) Metaspace: 67580K->67580K(1110016K)
[169.371s][info][gc             ] GC(388) Pause Young (Normal) (G1 Evacuation Pause) 889M->830M(1835M) 123.172ms
[169.371s][info][gc,cpu         ] GC(388) User=0.12s Sys=0.01s Real=0.13s
[169.471s][info][gc,start       ] GC(389) Pause Young (Concurrent Start) (G1 Humongous Allocation)
[169.471s][info][gc,task        ] GC(389) Using 1 workers of 1 for evacuation
[169.520s][info][gc,phases      ] GC(389)   Pre Evacuate Collection Set: 0.3ms
[169.520s][info][gc,phases      ] GC(389)   Evacuate Collection Set: 47.3ms
[169.520s][info][gc,phases      ] GC(389)   Post Evacuate Collection Set: 0.4ms
[169.520s][info][gc,phases      ] GC(389)   Other: 0.3ms
[169.520s][info][gc,heap        ] GC(389) Eden regions: 40->0(88)
[169.520s][info][gc,heap        ] GC(389) Survivor regions: 12->3(12)
[169.520s][info][gc,heap        ] GC(389) Old regions: 529->541
[169.520s][info][gc,heap        ] GC(389) Humongous regions: 297->292
[169.520s][info][gc,metaspace   ] GC(389) Metaspace: 67604K->67604K(1110016K)
[169.520s][info][gc             ] GC(389) Pause Young (Concurrent Start) (G1 Humongous Allocation) 876M->834M(1835M) 48.359ms
[169.520s][info][gc,cpu         ] GC(389) User=0.05s Sys=0.00s Real=0.05s
[169.520s][info][gc             ] GC(390) Concurrent Cycle
[169.520s][info][gc,marking     ] GC(390) Concurrent Clear Claimed Marks
[169.520s][info][gc,marking     ] GC(390) Concurrent Clear Claimed Marks 0.286ms
[169.520s][info][gc,marking     ] GC(390) Concurrent Scan Root Regions
[169.526s][info][gc,marking     ] GC(390) Concurrent Scan Root Regions 5.901ms
[169.526s][info][gc,marking     ] GC(390) Concurrent Mark (169.526s)
[169.526s][info][gc,marking     ] GC(390) Concurrent Mark From Roots
[169.526s][info][gc,task        ] GC(390) Using 1 workers of 1 for marking
[169.912s][info][gc,marking     ] GC(390) Concurrent Mark From Roots 385.819ms
[169.912s][info][gc,marking     ] GC(390) Concurrent Preclean
[169.912s][info][gc,marking     ] GC(390) Concurrent Preclean 0.095ms
[169.912s][info][gc,marking     ] GC(390) Concurrent Mark (169.526s, 169.912s) 386.013ms
[169.915s][info][gc,start       ] GC(390) Pause Remark
[169.951s][info][gc,stringtable ] GC(390) Cleaned string and symbol table, strings: 23496 processed, 22 removed, symbols: 139764 processed, 1 removed
[169.951s][info][gc             ] GC(390) Pause Remark 872M->213M(1835M) 36.891ms
[169.951s][info][gc,cpu         ] GC(390) User=0.04s Sys=0.00s Real=0.04s
[169.952s][info][gc,marking     ] GC(390) Concurrent Rebuild Remembered Sets
[170.229s][info][gc,marking     ] GC(390) Concurrent Rebuild Remembered Sets 277.439ms
[170.232s][info][gc,start       ] GC(390) Pause Cleanup
[170.233s][info][gc             ] GC(390) Pause Cleanup 272M->272M(1835M) 0.322ms
[170.233s][info][gc,cpu         ] GC(390) User=0.00s Sys=0.00s Real=0.00s
[170.233s][info][gc,marking     ] GC(390) Concurrent Cleanup for Next Mark
[170.243s][info][gc,marking     ] GC(390) Concurrent Cleanup for Next Mark 10.060ms
[170.243s][info][gc             ] GC(390) Concurrent Cycle 722.854ms
[170.283s][info][gc,start       ] GC(391) Pause Young (Normal) (G1 Evacuation Pause)
[170.283s][info][gc,task        ] GC(391) Using 1 workers of 1 for evacuation
[170.354s][info][gc,phases      ] GC(391)   Pre Evacuate Collection Set: 0.1ms
[170.354s][info][gc,phases      ] GC(391)   Evacuate Collection Set: 70.9ms
[170.354s][info][gc,phases      ] GC(391)   Post Evacuate Collection Set: 0.7ms
[170.355s][info][gc,phases      ] GC(391)   Other: 0.2ms
[170.355s][info][gc,heap        ] GC(391) Eden regions: 88->0(81)
[170.355s][info][gc,heap        ] GC(391) Survivor regions: 3->12(12)
[170.355s][info][gc,heap        ] GC(391) Old regions: 164->170
[170.355s][info][gc,heap        ] GC(391) Humongous regions: 26->26
[170.355s][info][gc,metaspace   ] GC(391) Metaspace: 67609K->67609K(1110016K)
[170.355s][info][gc             ] GC(391) Pause Young (Normal) (G1 Evacuation Pause) 279M->207M(1872M) 71.949ms
[170.355s][info][gc,cpu         ] GC(391) User=0.07s Sys=0.00s Real=0.07s
[170.711s][info][gc,start       ] GC(392) Pause Young (Normal) (G1 Evacuation Pause)
[170.711s][info][gc,task        ] GC(392) Using 1 workers of 1 for evacuation
[170.793s][info][gc,phases      ] GC(392)   Pre Evacuate Collection Set: 0.1ms
[170.793s][info][gc,phases      ] GC(392)   Evacuate Collection Set: 81.1ms
[170.793s][info][gc,phases      ] GC(392)   Post Evacuate Collection Set: 0.6ms
[170.793s][info][gc,phases      ] GC(392)   Other: 0.3ms
[170.793s][info][gc,heap        ] GC(392) Eden regions: 81->0(81)
[170.793s][info][gc,heap        ] GC(392) Survivor regions: 12->12(12)
[170.793s][info][gc,heap        ] GC(392) Old regions: 170->184
[170.793s][info][gc,heap        ] GC(392) Humongous regions: 37->37
[170.793s][info][gc,metaspace   ] GC(392) Metaspace: 67627K->67627K(1110016K)
[170.793s][info][gc             ] GC(392) Pause Young (Normal) (G1 Evacuation Pause) 299M->232M(1872M) 82.070ms
[170.793s][info][gc,cpu         ] GC(392) User=0.08s Sys=0.00s Real=0.08s
[171.120s][info][gc,start       ] GC(393) Pause Young (Normal) (G1 Evacuation Pause)
[171.120s][info][gc,task        ] GC(393) Using 1 workers of 1 for evacuation
[171.206s][info][gc,phases      ] GC(393)   Pre Evacuate Collection Set: 0.1ms
[171.206s][info][gc,phases      ] GC(393)   Evacuate Collection Set: 85.4ms
[171.206s][info][gc,phases      ] GC(393)   Post Evacuate Collection Set: 0.6ms
[171.206s][info][gc,phases      ] GC(393)   Other: 0.3ms
[171.206s][info][gc,heap        ] GC(393) Eden regions: 81->0(85)
[171.207s][info][gc,heap        ] GC(393) Survivor regions: 12->12(12)
[171.207s][info][gc,heap        ] GC(393) Old regions: 184->196
[171.207s][info][gc,heap        ] GC(393) Humongous regions: 58->53
[171.207s][info][gc,metaspace   ] GC(393) Metaspace: 67647K->67647K(1110016K)
[171.207s][info][gc             ] GC(393) Pause Young (Normal) (G1 Evacuation Pause) 334M->260M(1872M) 86.431ms
[171.207s][info][gc,cpu         ] GC(393) User=0.09s Sys=0.00s Real=0.08s
[171.513s][info][gc,start       ] GC(394) Pause Young (Normal) (G1 Evacuation Pause)
[171.513s][info][gc,task        ] GC(394) Using 1 workers of 1 for evacuation
[171.601s][info][gc,phases      ] GC(394)   Pre Evacuate Collection Set: 0.1ms
[171.601s][info][gc,phases      ] GC(394)   Evacuate Collection Set: 87.7ms
[171.601s][info][gc,phases      ] GC(394)   Post Evacuate Collection Set: 0.4ms
[171.601s][info][gc,phases      ] GC(394)   Other: 0.3ms
[171.601s][info][gc,heap        ] GC(394) Eden regions: 85->0(90)
[171.601s][info][gc,heap        ] GC(394) Survivor regions: 12->3(13)
[171.601s][info][gc,heap        ] GC(394) Old regions: 196->208
[171.601s][info][gc,heap        ] GC(394) Humongous regions: 53->53
[171.601s][info][gc,metaspace   ] GC(394) Metaspace: 67660K->67660K(1110016K)
[171.601s][info][gc             ] GC(394) Pause Young (Normal) (G1 Evacuation Pause) 345M->263M(1872M) 88.503ms
[171.601s][info][gc,cpu         ] GC(394) User=0.08s Sys=0.00s Real=0.09s
[171.975s][info][gc,start       ] GC(395) Pause Young (Normal) (G1 Evacuation Pause)
[171.975s][info][gc,task        ] GC(395) Using 1 workers of 1 for evacuation
[172.026s][info][gc,phases      ] GC(395)   Pre Evacuate Collection Set: 0.1ms
[172.026s][info][gc,phases      ] GC(395)   Evacuate Collection Set: 50.1ms
[172.026s][info][gc,phases      ] GC(395)   Post Evacuate Collection Set: 0.7ms
[172.026s][info][gc,phases      ] GC(395)   Other: 0.3ms
[172.026s][info][gc,heap        ] GC(395) Eden regions: 90->0(90)
[172.026s][info][gc,heap        ] GC(395) Survivor regions: 3->12(12)
[172.026s][info][gc,heap        ] GC(395) Old regions: 208->210
[172.026s][info][gc,heap        ] GC(395) Humongous regions: 64->64
[172.026s][info][gc,metaspace   ] GC(395) Metaspace: 67660K->67660K(1110016K)
[172.026s][info][gc             ] GC(395) Pause Young (Normal) (G1 Evacuation Pause) 364M->285M(1896M) 51.242ms
[172.026s][info][gc,cpu         ] GC(395) User=0.05s Sys=0.00s Real=0.05s
[172.419s][info][gc,start       ] GC(396) Pause Young (Normal) (G1 Evacuation Pause)
[172.419s][info][gc,task        ] GC(396) Using 1 workers of 1 for evacuation
[172.497s][info][gc,phases      ] GC(396)   Pre Evacuate Collection Set: 0.1ms
[172.497s][info][gc,phases      ] GC(396)   Evacuate Collection Set: 77.4ms
[172.497s][info][gc,phases      ] GC(396)   Post Evacuate Collection Set: 0.6ms
[172.497s][info][gc,phases      ] GC(396)   Other: 0.3ms
[172.497s][info][gc,heap        ] GC(396) Eden regions: 90->0(100)
[172.497s][info][gc,heap        ] GC(396) Survivor regions: 12->12(13)
[172.497s][info][gc,heap        ] GC(396) Old regions: 210->222
[172.497s][info][gc,heap        ] GC(396) Humongous regions: 75->75
[172.497s][info][gc,metaspace   ] GC(396) Metaspace: 67663K->67663K(1110016K)
[172.497s][info][gc             ] GC(396) Pause Young (Normal) (G1 Evacuation Pause) 386M->307M(1896M) 78.359ms
[172.497s][info][gc,cpu         ] GC(396) User=0.08s Sys=0.00s Real=0.08s
[172.714s][info][gc,start       ] GC(397) Pause Young (Normal) (G1 Evacuation Pause)
[172.714s][info][gc,task        ] GC(397) Using 1 workers of 1 for evacuation
[172.777s][info][gc,phases      ] GC(397)   Pre Evacuate Collection Set: 0.1ms
[172.777s][info][gc,phases      ] GC(397)   Evacuate Collection Set: 61.6ms
[172.777s][info][gc,phases      ] GC(397)   Post Evacuate Collection Set: 0.4ms
[172.777s][info][gc,phases      ] GC(397)   Other: 0.3ms
[172.777s][info][gc,heap        ] GC(397) Eden regions: 100->0(107)
[172.777s][info][gc,heap        ] GC(397) Survivor regions: 12->7(14)
[172.777s][info][gc,heap        ] GC(397) Old regions: 222->233
[172.777s][info][gc,heap        ] GC(397) Humongous regions: 81->76
[172.777s][info][gc,metaspace   ] GC(397) Metaspace: 67664K->67664K(1110016K)
[172.777s][info][gc             ] GC(397) Pause Young (Normal) (G1 Evacuation Pause) 413M->314M(1896M) 62.405ms
[172.777s][info][gc,cpu         ] GC(397) User=0.06s Sys=0.00s Real=0.07s
[173.164s][info][gc,start       ] GC(398) Pause Young (Normal) (G1 Evacuation Pause)
[173.164s][info][gc,task        ] GC(398) Using 1 workers of 1 for evacuation
[173.254s][info][gc,phases      ] GC(398)   Pre Evacuate Collection Set: 0.1ms
[173.254s][info][gc,phases      ] GC(398)   Evacuate Collection Set: 88.9ms
[173.254s][info][gc,phases      ] GC(398)   Post Evacuate Collection Set: 0.5ms
[173.254s][info][gc,phases      ] GC(398)   Other: 0.3ms
[173.254s][info][gc,heap        ] GC(398) Eden regions: 107->0(98)
[173.254s][info][gc,heap        ] GC(398) Survivor regions: 7->15(15)
[173.254s][info][gc,heap        ] GC(398) Old regions: 233->239
[173.254s][info][gc,heap        ] GC(398) Humongous regions: 104->97
[173.254s][info][gc,metaspace   ] GC(398) Metaspace: 67664K->67664K(1110016K)
[173.254s][info][gc             ] GC(398) Pause Young (Normal) (G1 Evacuation Pause) 449M->349M(1896M) 89.832ms
[173.254s][info][gc,cpu         ] GC(398) User=0.09s Sys=0.00s Real=0.09s
[173.563s][info][gc,start       ] GC(399) Pause Young (Normal) (G1 Evacuation Pause)
[173.563s][info][gc,task        ] GC(399) Using 1 workers of 1 for evacuation
[173.686s][info][gc,phases      ] GC(399)   Pre Evacuate Collection Set: 0.1ms
[173.686s][info][gc,phases      ] GC(399)   Evacuate Collection Set: 122.3ms
[173.686s][info][gc,phases      ] GC(399)   Post Evacuate Collection Set: 0.5ms
[173.686s][info][gc,phases      ] GC(399)   Other: 0.3ms
[173.686s][info][gc,heap        ] GC(399) Eden regions: 98->0(83)
[173.686s][info][gc,heap        ] GC(399) Survivor regions: 15->12(15)
[173.686s][info][gc,heap        ] GC(399) Old regions: 239->254
[173.686s][info][gc,heap        ] GC(399) Humongous regions: 161->136
[173.686s][info][gc,metaspace   ] GC(399) Metaspace: 67684K->67684K(1110016K)
[173.686s][info][gc             ] GC(399) Pause Young (Normal) (G1 Evacuation Pause) 511M->400M(1913M) 123.279ms
[173.686s][info][gc,cpu         ] GC(399) User=0.12s Sys=0.00s Real=0.12s
[173.816s][info][gc,start       ] GC(400) Pause Young (Normal) (G1 Evacuation Pause)
[173.816s][info][gc,task        ] GC(400) Using 1 workers of 1 for evacuation
[173.888s][info][gc,phases      ] GC(400)   Pre Evacuate Collection Set: 0.1ms
[173.888s][info][gc,phases      ] GC(400)   Evacuate Collection Set: 70.9ms
[173.888s][info][gc,phases      ] GC(400)   Post Evacuate Collection Set: 0.4ms
[173.888s][info][gc,phases      ] GC(400)   Other: 0.6ms
[173.888s][info][gc,heap        ] GC(400) Eden regions: 83->0(83)
[173.888s][info][gc,heap        ] GC(400) Survivor regions: 12->12(12)
[173.888s][info][gc,heap        ] GC(400) Old regions: 254->266
[173.888s][info][gc,heap        ] GC(400) Humongous regions: 145->123
[173.888s][info][gc,metaspace   ] GC(400) Metaspace: 67687K->67687K(1110016K)
[173.888s][info][gc             ] GC(400) Pause Young (Normal) (G1 Evacuation Pause) 492M->400M(1913M) 72.060ms
[173.888s][info][gc,cpu         ] GC(400) User=0.07s Sys=0.00s Real=0.07s
[174.333s][info][gc,start       ] GC(401) Pause Young (Normal) (G1 Evacuation Pause)
[174.333s][info][gc,task        ] GC(401) Using 1 workers of 1 for evacuation
[174.467s][info][gc,phases      ] GC(401)   Pre Evacuate Collection Set: 0.1ms
[174.467s][info][gc,phases      ] GC(401)   Evacuate Collection Set: 132.3ms
[174.467s][info][gc,phases      ] GC(401)   Post Evacuate Collection Set: 0.5ms
[174.467s][info][gc,phases      ] GC(401)   Other: 0.3ms
[174.467s][info][gc,heap        ] GC(401) Eden regions: 83->0(86)
[174.467s][info][gc,heap        ] GC(401) Survivor regions: 12->9(12)
[174.467s][info][gc,heap        ] GC(401) Old regions: 266->278
[174.467s][info][gc,heap        ] GC(401) Humongous regions: 165->151
[174.467s][info][gc,metaspace   ] GC(401) Metaspace: 67688K->67688K(1110016K)
[174.467s][info][gc             ] GC(401) Pause Young (Normal) (G1 Evacuation Pause) 525M->436M(1913M) 133.336ms
[174.467s][info][gc,cpu         ] GC(401) User=0.12s Sys=0.00s Real=0.13s
[174.665s][info][gc,start       ] GC(402) Pause Young (Normal) (G1 Evacuation Pause)
[174.665s][info][gc,task        ] GC(402) Using 1 workers of 1 for evacuation
[174.741s][info][gc,phases      ] GC(402)   Pre Evacuate Collection Set: 0.1ms
[174.741s][info][gc,phases      ] GC(402)   Evacuate Collection Set: 75.1ms
[174.741s][info][gc,phases      ] GC(402)   Post Evacuate Collection Set: 0.4ms
[174.741s][info][gc,phases      ] GC(402)   Other: 0.2ms
[174.741s][info][gc,heap        ] GC(402) Eden regions: 86->0(84)
[174.741s][info][gc,heap        ] GC(402) Survivor regions: 9->11(12)
[174.741s][info][gc,heap        ] GC(402) Old regions: 278->287
[174.741s][info][gc,heap        ] GC(402) Humongous regions: 199->167
[174.741s][info][gc,metaspace   ] GC(402) Metaspace: 67707K->67707K(1110016K)
[174.741s][info][gc             ] GC(402) Pause Young (Normal) (G1 Evacuation Pause) 570M->463M(1913M) 75.901ms
[174.741s][info][gc,cpu         ] GC(402) User=0.08s Sys=0.00s Real=0.08s
[174.870s][info][gc,start       ] GC(403) Pause Young (Normal) (G1 Evacuation Pause)
[174.870s][info][gc,task        ] GC(403) Using 1 workers of 1 for evacuation
[174.943s][info][gc,phases      ] GC(403)   Pre Evacuate Collection Set: 0.1ms
[174.943s][info][gc,phases      ] GC(403)   Evacuate Collection Set: 70.6ms
[174.943s][info][gc,phases      ] GC(403)   Post Evacuate Collection Set: 1.5ms
[174.943s][info][gc,phases      ] GC(403)   Other: 0.6ms
[174.943s][info][gc,heap        ] GC(403) Eden regions: 84->0(84)
[174.943s][info][gc,heap        ] GC(403) Survivor regions: 11->12(12)
[174.943s][info][gc,heap        ] GC(403) Old regions: 287->299
[174.943s][info][gc,heap        ] GC(403) Humongous regions: 176->154
[174.943s][info][gc,metaspace   ] GC(403) Metaspace: 67707K->67707K(1110016K)
[174.943s][info][gc             ] GC(403) Pause Young (Normal) (G1 Evacuation Pause) 556M->463M(1934M) 73.348ms
[174.943s][info][gc,cpu         ] GC(403) User=0.08s Sys=0.00s Real=0.07s
[175.288s][info][gc,start       ] GC(404) Pause Young (Normal) (G1 Evacuation Pause)
[175.288s][info][gc,task        ] GC(404) Using 1 workers of 1 for evacuation
[175.373s][info][gc,phases      ] GC(404)   Pre Evacuate Collection Set: 0.1ms
[175.373s][info][gc,phases      ] GC(404)   Evacuate Collection Set: 84.7ms
[175.373s][info][gc,phases      ] GC(404)   Post Evacuate Collection Set: 0.4ms
[175.373s][info][gc,phases      ] GC(404)   Other: 0.3ms
[175.373s][info][gc,heap        ] GC(404) Eden regions: 84->0(84)
[175.373s][info][gc,heap        ] GC(404) Survivor regions: 12->12(12)
[175.373s][info][gc,heap        ] GC(404) Old regions: 299->312
[175.373s][info][gc,heap        ] GC(404) Humongous regions: 166->165
[175.373s][info][gc,metaspace   ] GC(404) Metaspace: 67707K->67707K(1110016K)
[175.373s][info][gc             ] GC(404) Pause Young (Normal) (G1 Evacuation Pause) 559M->487M(1934M) 85.582ms
[175.373s][info][gc,cpu         ] GC(404) User=0.08s Sys=0.00s Real=0.09s
[175.750s][info][gc,start       ] GC(405) Pause Young (Normal) (G1 Evacuation Pause)
[175.750s][info][gc,task        ] GC(405) Using 1 workers of 1 for evacuation
[175.847s][info][gc,phases      ] GC(405)   Pre Evacuate Collection Set: 0.1ms
[175.847s][info][gc,phases      ] GC(405)   Evacuate Collection Set: 96.6ms
[175.847s][info][gc,phases      ] GC(405)   Post Evacuate Collection Set: 0.5ms
[175.847s][info][gc,phases      ] GC(405)   Other: 0.3ms
[175.847s][info][gc,heap        ] GC(405) Eden regions: 84->0(85)
[175.847s][info][gc,heap        ] GC(405) Survivor regions: 12->11(12)
[175.847s][info][gc,heap        ] GC(405) Old regions: 312->323
[175.847s][info][gc,heap        ] GC(405) Humongous regions: 252->206
[175.847s][info][gc,metaspace   ] GC(405) Metaspace: 67715K->67715K(1110016K)
[175.847s][info][gc             ] GC(405) Pause Young (Normal) (G1 Evacuation Pause) 658M->538M(1934M) 97.536ms
[175.847s][info][gc,cpu         ] GC(405) User=0.09s Sys=0.00s Real=0.09s
[175.915s][info][gc,start       ] GC(406) Pause Young (Normal) (G1 Evacuation Pause)
[175.916s][info][gc,task        ] GC(406) Using 1 workers of 1 for evacuation
[175.991s][info][gc,phases      ] GC(406)   Pre Evacuate Collection Set: 0.1ms
[175.991s][info][gc,phases      ] GC(406)   Evacuate Collection Set: 74.5ms
[175.991s][info][gc,phases      ] GC(406)   Post Evacuate Collection Set: 0.4ms
[175.991s][info][gc,phases      ] GC(406)   Other: 0.3ms
[175.991s][info][gc,heap        ] GC(406) Eden regions: 85->0(84)
[175.991s][info][gc,heap        ] GC(406) Survivor regions: 11->12(12)
[175.991s][info][gc,heap        ] GC(406) Old regions: 323->343
[175.991s][info][gc,heap        ] GC(406) Humongous regions: 215->191
[175.991s][info][gc,metaspace   ] GC(406) Metaspace: 67715K->67715K(1110016K)
[175.991s][info][gc             ] GC(406) Pause Young (Normal) (G1 Evacuation Pause) 632M->544M(1934M) 75.339ms
[175.991s][info][gc,cpu         ] GC(406) User=0.07s Sys=0.00s Real=0.08s
[176.032s][info][gc,start       ] GC(407) Pause Young (Normal) (G1 Evacuation Pause)
[176.032s][info][gc,task        ] GC(407) Using 1 workers of 1 for evacuation
[176.056s][info][gc,phases      ] GC(407)   Pre Evacuate Collection Set: 0.1ms
[176.056s][info][gc,phases      ] GC(407)   Evacuate Collection Set: 23.2ms
[176.056s][info][gc,phases      ] GC(407)   Post Evacuate Collection Set: 0.4ms
[176.056s][info][gc,phases      ] GC(407)   Other: 0.2ms
[176.056s][info][gc,heap        ] GC(407) Eden regions: 84->0(96)
[176.056s][info][gc,heap        ] GC(407) Survivor regions: 12->1(12)
[176.056s][info][gc,heap        ] GC(407) Old regions: 343->355
[176.056s][info][gc,heap        ] GC(407) Humongous regions: 191->191
[176.056s][info][gc,metaspace   ] GC(407) Metaspace: 67715K->67715K(1110016K)
[176.056s][info][gc             ] GC(407) Pause Young (Normal) (G1 Evacuation Pause) 628M->545M(1948M) 23.974ms
[176.056s][info][gc,cpu         ] GC(407) User=0.03s Sys=0.00s Real=0.02s
[176.106s][info][gc,start       ] GC(408) Pause Young (Normal) (G1 Evacuation Pause)
[176.106s][info][gc,task        ] GC(408) Using 1 workers of 1 for evacuation
[176.108s][info][gc,phases      ] GC(408)   Pre Evacuate Collection Set: 0.1ms
[176.108s][info][gc,phases      ] GC(408)   Evacuate Collection Set: 1.8ms
[176.108s][info][gc,phases      ] GC(408)   Post Evacuate Collection Set: 0.3ms
[176.108s][info][gc,phases      ] GC(408)   Other: 0.2ms
[176.108s][info][gc,heap        ] GC(408) Eden regions: 96->0(96)
[176.108s][info][gc,heap        ] GC(408) Survivor regions: 1->1(13)
[176.108s][info][gc,heap        ] GC(408) Old regions: 355->355
[176.108s][info][gc,heap        ] GC(408) Humongous regions: 191->191
[176.108s][info][gc,metaspace   ] GC(408) Metaspace: 67715K->67715K(1110016K)
[176.108s][info][gc             ] GC(408) Pause Young (Normal) (G1 Evacuation Pause) 641M->545M(1948M) 2.482ms
[176.108s][info][gc,cpu         ] GC(408) User=0.01s Sys=0.00s Real=0.00s
[176.155s][info][gc,start       ] GC(409) Pause Young (Normal) (G1 Evacuation Pause)
[176.155s][info][gc,task        ] GC(409) Using 1 workers of 1 for evacuation
[176.157s][info][gc,phases      ] GC(409)   Pre Evacuate Collection Set: 0.1ms
[176.157s][info][gc,phases      ] GC(409)   Evacuate Collection Set: 1.8ms
[176.157s][info][gc,phases      ] GC(409)   Post Evacuate Collection Set: 0.3ms
[176.157s][info][gc,phases      ] GC(409)   Other: 0.2ms
[176.157s][info][gc,heap        ] GC(409) Eden regions: 96->0(105)
[176.157s][info][gc,heap        ] GC(409) Survivor regions: 1->1(13)
[176.157s][info][gc,heap        ] GC(409) Old regions: 355->355
[176.157s][info][gc,heap        ] GC(409) Humongous regions: 191->191
[176.157s][info][gc,metaspace   ] GC(409) Metaspace: 67715K->67715K(1110016K)
[176.157s][info][gc             ] GC(409) Pause Young (Normal) (G1 Evacuation Pause) 641M->544M(1948M) 2.423ms
[176.157s][info][gc,cpu         ] GC(409) User=0.01s Sys=0.00s Real=0.01s
[176.245s][info][gc,start       ] GC(410) Pause Young (Normal) (G1 Evacuation Pause)
[176.245s][info][gc,task        ] GC(410) Using 1 workers of 1 for evacuation
[176.398s][info][gc,phases      ] GC(410)   Pre Evacuate Collection Set: 0.1ms
[176.398s][info][gc,phases      ] GC(410)   Evacuate Collection Set: 151.0ms
[176.398s][info][gc,phases      ] GC(410)   Post Evacuate Collection Set: 1.3ms
[176.398s][info][gc,phases      ] GC(410)   Other: 0.3ms
[176.398s][info][gc,heap        ] GC(410) Eden regions: 105->0(83)
[176.398s][info][gc,heap        ] GC(410) Survivor regions: 1->14(14)
[176.398s][info][gc,heap        ] GC(410) Old regions: 355->382
[176.398s][info][gc,heap        ] GC(410) Humongous regions: 194->194
[176.398s][info][gc,metaspace   ] GC(410) Metaspace: 67715K->67715K(1110016K)
[176.398s][info][gc             ] GC(410) Pause Young (Normal) (G1 Evacuation Pause) 652M->588M(1948M) 152.804ms
[176.398s][info][gc,cpu         ] GC(410) User=0.08s Sys=0.00s Real=0.16s
[176.462s][info][gc,start       ] GC(411) Pause Young (Normal) (G1 Evacuation Pause)
[176.462s][info][gc,task        ] GC(411) Using 1 workers of 1 for evacuation
[176.537s][info][gc,phases      ] GC(411)   Pre Evacuate Collection Set: 0.1ms
[176.538s][info][gc,phases      ] GC(411)   Evacuate Collection Set: 74.7ms
[176.538s][info][gc,phases      ] GC(411)   Post Evacuate Collection Set: 0.3ms
[176.538s][info][gc,phases      ] GC(411)   Other: 0.2ms
[176.538s][info][gc,heap        ] GC(411) Eden regions: 83->0(96)
[176.538s][info][gc,heap        ] GC(411) Survivor regions: 14->1(13)
[176.538s][info][gc,heap        ] GC(411) Old regions: 382->396
[176.538s][info][gc,heap        ] GC(411) Humongous regions: 194->194
[176.538s][info][gc,metaspace   ] GC(411) Metaspace: 67715K->67715K(1110016K)
[176.538s][info][gc             ] GC(411) Pause Young (Normal) (G1 Evacuation Pause) 671M->589M(1948M) 75.426ms
[176.538s][info][gc,cpu         ] GC(411) User=0.04s Sys=0.00s Real=0.08s
[176.579s][info][gc,task        ] GC(412) Using 1 workers of 1 for full compaction
[176.579s][info][gc,start       ] GC(412) Pause Full (System.gc())
[176.580s][info][gc,phases,start] GC(412) Phase 1: Mark live objects
[176.915s][info][gc,stringtable ] GC(412) Cleaned string and symbol table, strings: 23503 processed, 23 removed, symbols: 139763 processed, 0 removed
[176.918s][info][gc,phases      ] GC(412) Phase 1: Mark live objects 337.912ms
[176.918s][info][gc,phases,start] GC(412) Phase 2: Prepare for compaction
[176.975s][info][gc,phases      ] GC(412) Phase 2: Prepare for compaction 56.356ms
[176.975s][info][gc,phases,start] GC(412) Phase 3: Adjust pointers
[177.169s][info][gc,phases      ] GC(412) Phase 3: Adjust pointers 194.760ms
[177.169s][info][gc,phases,start] GC(412) Phase 4: Compact heap
[177.217s][info][gc,phases      ] GC(412) Phase 4: Compact heap 47.742ms
[177.296s][info][gc,heap        ] GC(412) Eden regions: 55->0(91)
[177.301s][info][gc,heap        ] GC(412) Survivor regions: 1->0(13)
[177.301s][info][gc,heap        ] GC(412) Old regions: 396->138
[177.301s][info][gc,heap        ] GC(412) Humongous regions: 194->9
[177.301s][info][gc,metaspace   ] GC(412) Metaspace: 67715K->67715K(1110016K)
[177.301s][info][gc             ] GC(412) Pause Full (System.gc()) 644M->145M(490M) 722.014ms
[177.301s][info][gc,cpu         ] GC(412) User=0.33s Sys=0.03s Real=0.72s
[177.773s][info][gc,start       ] GC(413) Pause Young (Normal) (G1 Evacuation Pause)
[177.773s][info][gc,task        ] GC(413) Using 1 workers of 1 for evacuation
[177.887s][info][gc,phases      ] GC(413)   Pre Evacuate Collection Set: 0.0ms
[177.887s][info][gc,phases      ] GC(413)   Evacuate Collection Set: 113.9ms
[177.887s][info][gc,phases      ] GC(413)   Post Evacuate Collection Set: 0.4ms
[177.887s][info][gc,phases      ] GC(413)   Other: 0.3ms
[177.887s][info][gc,heap        ] GC(413) Eden regions: 91->0(47)
[177.887s][info][gc,heap        ] GC(413) Survivor regions: 0->12(12)
[177.887s][info][gc,heap        ] GC(413) Old regions: 138->148
[177.887s][info][gc,heap        ] GC(413) Humongous regions: 25->20
[177.887s][info][gc,metaspace   ] GC(413) Metaspace: 67738K->67738K(1110016K)
[177.887s][info][gc             ] GC(413) Pause Young (Normal) (G1 Evacuation Pause) 252M->178M(490M) 114.636ms
[177.887s][info][gc,cpu         ] GC(413) User=0.05s Sys=0.00s Real=0.11s
[178.100s][info][gc,start       ] GC(414) Pause Young (Normal) (G1 Evacuation Pause)
[178.108s][info][gc,task        ] GC(414) Using 1 workers of 1 for evacuation
[178.347s][info][gc,mmu         ] GC(414) MMU target violated: 201.0ms (200.0ms/201.0ms)
[178.347s][info][gc,phases      ] GC(414)   Pre Evacuate Collection Set: 0.0ms
[178.347s][info][gc,phases      ] GC(414)   Evacuate Collection Set: 237.5ms
[178.347s][info][gc,phases      ] GC(414)   Post Evacuate Collection Set: 0.5ms
[178.347s][info][gc,phases      ] GC(414)   Other: 8.3ms
[178.347s][info][gc,heap        ] GC(414) Eden regions: 47->0(43)
[178.347s][info][gc,heap        ] GC(414) Survivor regions: 12->7(8)
[178.347s][info][gc,heap        ] GC(414) Old regions: 148->161
[178.347s][info][gc,heap        ] GC(414) Humongous regions: 23->23
[178.347s][info][gc,metaspace   ] GC(414) Metaspace: 67738K->67738K(1110016K)
[178.347s][info][gc             ] GC(414) Pause Young (Normal) (G1 Evacuation Pause) 228M->188M(490M) 246.274ms
[178.347s][info][gc,cpu         ] GC(414) User=0.12s Sys=0.00s Real=0.24s
[178.567s][info][gc,start       ] GC(415) Pause Young (Normal) (G1 Evacuation Pause)
[178.567s][info][gc,task        ] GC(415) Using 1 workers of 1 for evacuation
[178.679s][info][gc,phases      ] GC(415)   Pre Evacuate Collection Set: 0.0ms
[178.685s][info][gc,phases      ] GC(415)   Evacuate Collection Set: 109.8ms
[178.685s][info][gc,phases      ] GC(415)   Post Evacuate Collection Set: 2.5ms
[178.685s][info][gc,phases      ] GC(415)   Other: 0.3ms
[178.685s][info][gc,heap        ] GC(415) Eden regions: 43->0(50)
[178.685s][info][gc,heap        ] GC(415) Survivor regions: 7->5(7)
[178.685s][info][gc,heap        ] GC(415) Old regions: 161->167
[178.685s][info][gc,heap        ] GC(415) Humongous regions: 26->26
[178.685s][info][gc,metaspace   ] GC(415) Metaspace: 67738K->67738K(1110016K)
[178.685s][info][gc             ] GC(415) Pause Young (Normal) (G1 Evacuation Pause) 234M->195M(1090M) 117.826ms
[178.685s][info][gc,cpu         ] GC(415) User=0.06s Sys=0.00s Real=0.12s
[178.954s][info][gc,start       ] GC(416) Pause Young (Normal) (G1 Evacuation Pause)
[178.954s][info][gc,task        ] GC(416) Using 1 workers of 1 for evacuation
[179.011s][info][gc,phases      ] GC(416)   Pre Evacuate Collection Set: 0.0ms
[179.011s][info][gc,phases      ] GC(416)   Evacuate Collection Set: 56.4ms
[179.011s][info][gc,phases      ] GC(416)   Post Evacuate Collection Set: 0.3ms
[179.011s][info][gc,phases      ] GC(416)   Other: 0.7ms
[179.011s][info][gc,heap        ] GC(416) Eden regions: 50->0(60)
[179.011s][info][gc,heap        ] GC(416) Survivor regions: 5->5(7)
[179.011s][info][gc,heap        ] GC(416) Old regions: 167->171
[179.011s][info][gc,heap        ] GC(416) Humongous regions: 26->26
[179.011s][info][gc,metaspace   ] GC(416) Metaspace: 67739K->67739K(1110016K)
[179.011s][info][gc             ] GC(416) Pause Young (Normal) (G1 Evacuation Pause) 245M->200M(1090M) 57.480ms
[179.011s][info][gc,cpu         ] GC(416) User=0.03s Sys=0.00s Real=0.06s
[179.315s][info][gc,start       ] GC(417) Pause Young (Normal) (G1 Evacuation Pause)
[179.318s][info][gc,task        ] GC(417) Using 1 workers of 1 for evacuation
[179.382s][info][gc,phases      ] GC(417)   Pre Evacuate Collection Set: 0.0ms
[179.382s][info][gc,phases      ] GC(417)   Evacuate Collection Set: 63.3ms
[179.382s][info][gc,phases      ] GC(417)   Post Evacuate Collection Set: 0.4ms
[179.382s][info][gc,phases      ] GC(417)   Other: 3.0ms
[179.382s][info][gc,heap        ] GC(417) Eden regions: 60->0(73)
[179.382s][info][gc,heap        ] GC(417) Survivor regions: 5->5(9)
[179.382s][info][gc,heap        ] GC(417) Old regions: 171->176
[179.382s][info][gc,heap        ] GC(417) Humongous regions: 31->31
[179.382s][info][gc,metaspace   ] GC(417) Metaspace: 67739K->67739K(1110016K)
[179.382s][info][gc             ] GC(417) Pause Young (Normal) (G1 Evacuation Pause) 265M->209M(1090M) 66.717ms
[179.382s][info][gc,cpu         ] GC(417) User=0.04s Sys=0.00s Real=0.07s
[179.767s][info][gc,start       ] GC(418) Pause Young (Normal) (G1 Evacuation Pause)
[179.773s][info][gc,task        ] GC(418) Using 1 workers of 1 for evacuation
[179.831s][info][gc,phases      ] GC(418)   Pre Evacuate Collection Set: 0.0ms
[179.831s][info][gc,phases      ] GC(418)   Evacuate Collection Set: 57.4ms
[179.831s][info][gc,phases      ] GC(418)   Post Evacuate Collection Set: 0.4ms
[179.831s][info][gc,phases      ] GC(418)   Other: 6.0ms
[179.831s][info][gc,heap        ] GC(418) Eden regions: 73->0(79)
[179.831s][info][gc,heap        ] GC(418) Survivor regions: 5->9(10)
[179.831s][info][gc,heap        ] GC(418) Old regions: 176->176
[179.831s][info][gc,heap        ] GC(418) Humongous regions: 31->31
[179.831s][info][gc,metaspace   ] GC(418) Metaspace: 67739K->67739K(1110016K)
[179.831s][info][gc             ] GC(418) Pause Young (Normal) (G1 Evacuation Pause) 282M->213M(1090M) 63.931ms
[179.831s][info][gc,cpu         ] GC(418) User=0.02s Sys=0.01s Real=0.07s
[180.225s][info][gc,start       ] GC(419) Pause Young (Normal) (G1 Evacuation Pause)
[180.225s][info][gc,task        ] GC(419) Using 1 workers of 1 for evacuation
[180.304s][info][gc,phases      ] GC(419)   Pre Evacuate Collection Set: 0.0ms
[180.304s][info][gc,phases      ] GC(419)   Evacuate Collection Set: 77.5ms
[180.304s][info][gc,phases      ] GC(419)   Post Evacuate Collection Set: 1.1ms
[180.304s][info][gc,phases      ] GC(419)   Other: 0.3ms
[180.304s][info][gc,heap        ] GC(419) Eden regions: 79->0(87)
[180.304s][info][gc,heap        ] GC(419) Survivor regions: 9->10(11)
[180.304s][info][gc,heap        ] GC(419) Old regions: 176->180
[180.304s][info][gc,heap        ] GC(419) Humongous regions: 31->31
[180.304s][info][gc,metaspace   ] GC(419) Metaspace: 67739K->67739K(1110016K)
[180.304s][info][gc             ] GC(419) Pause Young (Normal) (G1 Evacuation Pause) 292M->217M(1318M) 78.923ms
[180.304s][info][gc,cpu         ] GC(419) User=0.04s Sys=0.00s Real=0.08s
[180.525s][info][gc,start       ] GC(420) Pause Young (Normal) (G1 Evacuation Pause)
[180.525s][info][gc,task        ] GC(420) Using 1 workers of 1 for evacuation
[180.582s][info][gc,phases      ] GC(420)   Pre Evacuate Collection Set: 0.0ms
[180.582s][info][gc,phases      ] GC(420)   Evacuate Collection Set: 55.7ms
[180.582s][info][gc,phases      ] GC(420)   Post Evacuate Collection Set: 0.6ms
[180.582s][info][gc,phases      ] GC(420)   Other: 0.3ms
[180.582s][info][gc,heap        ] GC(420) Eden regions: 56->0(92)
[180.582s][info][gc,heap        ] GC(420) Survivor regions: 10->4(9)
[180.582s][info][gc,heap        ] GC(420) Old regions: 180->188
[180.582s][info][gc,heap        ] GC(420) Humongous regions: 40->40
[180.582s][info][gc,metaspace   ] GC(420) Metaspace: 67739K->67739K(1110016K)
[180.582s][info][gc             ] GC(420) Pause Young (Normal) (G1 Evacuation Pause) 282M->229M(1318M) 56.727ms
[180.582s][info][gc,cpu         ] GC(420) User=0.06s Sys=0.00s Real=0.06s
[181.135s][info][gc,start       ] GC(421) Pause Young (Normal) (G1 Evacuation Pause)
[181.135s][info][gc,task        ] GC(421) Using 1 workers of 1 for evacuation
[181.194s][info][gc,phases      ] GC(421)   Pre Evacuate Collection Set: 0.0ms
[181.194s][info][gc,phases      ] GC(421)   Evacuate Collection Set: 58.1ms
[181.194s][info][gc,phases      ] GC(421)   Post Evacuate Collection Set: 0.7ms
[181.194s][info][gc,phases      ] GC(421)   Other: 0.3ms
[181.194s][info][gc,heap        ] GC(421) Eden regions: 85->0(91)
[181.194s][info][gc,heap        ] GC(421) Survivor regions: 4->9(12)
[181.194s][info][gc,heap        ] GC(421) Old regions: 188->188
[181.194s][info][gc,heap        ] GC(421) Humongous regions: 45->45
[181.194s][info][gc,metaspace   ] GC(421) Metaspace: 67739K->67739K(1110016K)
[181.194s][info][gc             ] GC(421) Pause Young (Normal) (G1 Evacuation Pause) 319M->239M(1318M) 59.117ms
[181.194s][info][gc,cpu         ] GC(421) User=0.06s Sys=0.00s Real=0.06s
[181.427s][info][gc,start       ] GC(422) Pause Young (Normal) (G1 Evacuation Pause)
[181.427s][info][gc,task        ] GC(422) Using 1 workers of 1 for evacuation
[181.512s][info][gc,phases      ] GC(422)   Pre Evacuate Collection Set: 0.0ms
[181.512s][info][gc,phases      ] GC(422)   Evacuate Collection Set: 84.6ms
[181.512s][info][gc,phases      ] GC(422)   Post Evacuate Collection Set: 0.4ms
[181.512s][info][gc,phases      ] GC(422)   Other: 0.3ms
[181.512s][info][gc,heap        ] GC(422) Eden regions: 63->0(90)
[181.512s][info][gc,heap        ] GC(422) Survivor regions: 9->9(9)
[181.512s][info][gc,heap        ] GC(422) Old regions: 188->207
[181.512s][info][gc,heap        ] GC(422) Humongous regions: 56->56
[181.512s][info][gc,metaspace   ] GC(422) Metaspace: 67743K->67743K(1110016K)
[181.512s][info][gc             ] GC(422) Pause Young (Normal) (G1 Evacuation Pause) 313M->269M(1318M) 85.296ms
[181.512s][info][gc,cpu         ] GC(422) User=0.08s Sys=0.00s Real=0.09s
[181.825s][info][gc,start       ] GC(423) Pause Young (Normal) (G1 Evacuation Pause)
[181.825s][info][gc,task        ] GC(423) Using 1 workers of 1 for evacuation
[181.929s][info][gc,phases      ] GC(423)   Pre Evacuate Collection Set: 0.0ms
[181.929s][info][gc,phases      ] GC(423)   Evacuate Collection Set: 102.4ms
[181.929s][info][gc,phases      ] GC(423)   Post Evacuate Collection Set: 1.4ms
[181.929s][info][gc,phases      ] GC(423)   Other: 0.3ms
[181.929s][info][gc,heap        ] GC(423) Eden regions: 90->0(94)
[181.929s][info][gc,heap        ] GC(423) Survivor regions: 9->13(13)
[181.929s][info][gc,heap        ] GC(423) Old regions: 207->216
[181.929s][info][gc,heap        ] GC(423) Humongous regions: 62->62
[181.929s][info][gc,metaspace   ] GC(423) Metaspace: 67743K->67743K(1110016K)
[181.929s][info][gc             ] GC(423) Pause Young (Normal) (G1 Evacuation Pause) 365M->288M(1453M) 104.209ms
[181.929s][info][gc,cpu         ] GC(423) User=0.10s Sys=0.01s Real=0.11s
[182.227s][info][gc,start       ] GC(424) Pause Young (Normal) (G1 Evacuation Pause)
[182.227s][info][gc,task        ] GC(424) Using 1 workers of 1 for evacuation
[182.319s][info][gc,phases      ] GC(424)   Pre Evacuate Collection Set: 0.0ms
[182.319s][info][gc,phases      ] GC(424)   Evacuate Collection Set: 91.1ms
[182.319s][info][gc,phases      ] GC(424)   Post Evacuate Collection Set: 0.4ms
[182.319s][info][gc,phases      ] GC(424)   Other: 0.3ms
[182.319s][info][gc,heap        ] GC(424) Eden regions: 94->0(106)
[182.319s][info][gc,heap        ] GC(424) Survivor regions: 13->9(14)
[182.319s][info][gc,heap        ] GC(424) Old regions: 216->228
[182.319s][info][gc,heap        ] GC(424) Humongous regions: 67->67
[182.319s][info][gc,metaspace   ] GC(424) Metaspace: 67743K->67743K(1110016K)
[182.319s][info][gc             ] GC(424) Pause Young (Normal) (G1 Evacuation Pause) 387M->301M(1453M) 91.879ms
[182.319s][info][gc,cpu         ] GC(424) User=0.08s Sys=0.00s Real=0.10s
[182.629s][info][gc,start       ] GC(425) Pause Young (Normal) (G1 Evacuation Pause)
[182.629s][info][gc,task        ] GC(425) Using 1 workers of 1 for evacuation
[182.675s][info][gc,phases      ] GC(425)   Pre Evacuate Collection Set: 0.0ms
[182.675s][info][gc,phases      ] GC(425)   Evacuate Collection Set: 45.5ms
[182.675s][info][gc,phases      ] GC(425)   Post Evacuate Collection Set: 0.4ms
[182.675s][info][gc,phases      ] GC(425)   Other: 0.3ms
[182.675s][info][gc,heap        ] GC(425) Eden regions: 106->0(133)
[182.675s][info][gc,heap        ] GC(425) Survivor regions: 9->8(15)
[182.675s][info][gc,heap        ] GC(425) Old regions: 228->235
[182.675s][info][gc,heap        ] GC(425) Humongous regions: 67->67
[182.675s][info][gc,metaspace   ] GC(425) Metaspace: 67743K->67743K(1110016K)
[182.675s][info][gc             ] GC(425) Pause Young (Normal) (G1 Evacuation Pause) 407M->307M(1453M) 46.325ms
[182.675s][info][gc,cpu         ] GC(425) User=0.04s Sys=0.00s Real=0.05s
[183.045s][info][gc,start       ] GC(426) Pause Young (Normal) (G1 Evacuation Pause)
[183.045s][info][gc,task        ] GC(426) Using 1 workers of 1 for evacuation
[183.106s][info][gc,phases      ] GC(426)   Pre Evacuate Collection Set: 0.0ms
[183.106s][info][gc,phases      ] GC(426)   Evacuate Collection Set: 60.0ms
[183.106s][info][gc,phases      ] GC(426)   Post Evacuate Collection Set: 0.6ms
[183.106s][info][gc,phases      ] GC(426)   Other: 0.3ms
[183.106s][info][gc,heap        ] GC(426) Eden regions: 133->0(85)
[183.106s][info][gc,heap        ] GC(426) Survivor regions: 8->14(18)
[183.106s][info][gc,heap        ] GC(426) Old regions: 235->235
[183.106s][info][gc,heap        ] GC(426) Humongous regions: 76->76
[183.106s][info][gc,metaspace   ] GC(426) Metaspace: 67743K->67743K(1110016K)
[183.106s][info][gc             ] GC(426) Pause Young (Normal) (G1 Evacuation Pause) 449M->322M(1453M) 60.920ms
[183.106s][info][gc,cpu         ] GC(426) User=0.06s Sys=0.00s Real=0.06s
[183.654s][info][gc,start       ] GC(427) Pause Young (Normal) (G1 Evacuation Pause)
[183.655s][info][gc,task        ] GC(427) Using 1 workers of 1 for evacuation
[183.745s][info][gc,phases      ] GC(427)   Pre Evacuate Collection Set: 0.0ms
[183.745s][info][gc,phases      ] GC(427)   Evacuate Collection Set: 89.1ms
[183.745s][info][gc,phases      ] GC(427)   Post Evacuate Collection Set: 0.9ms
[183.745s][info][gc,phases      ] GC(427)   Other: 0.3ms
[183.745s][info][gc,heap        ] GC(427) Eden regions: 76->0(101)
[183.745s][info][gc,heap        ] GC(427) Survivor regions: 14->5(12)
[183.745s][info][gc,heap        ] GC(427) Old regions: 235->248
[183.745s][info][gc,heap        ] GC(427) Humongous regions: 81->81
[183.745s][info][gc,metaspace   ] GC(427) Metaspace: 67743K->67743K(1110016K)
[183.745s][info][gc             ] GC(427) Pause Young (Normal) (G1 Evacuation Pause) 403M->332M(1561M) 90.331ms
[183.745s][info][gc,cpu         ] GC(427) User=0.09s Sys=0.00s Real=0.09s
[184.070s][info][gc,start       ] GC(428) Pause Young (Normal) (G1 Evacuation Pause)
[184.070s][info][gc,task        ] GC(428) Using 1 workers of 1 for evacuation
[184.152s][info][gc,phases      ] GC(428)   Pre Evacuate Collection Set: 0.1ms
[184.152s][info][gc,phases      ] GC(428)   Evacuate Collection Set: 81.4ms
[184.152s][info][gc,phases      ] GC(428)   Post Evacuate Collection Set: 0.4ms
[184.152s][info][gc,phases      ] GC(428)   Other: 0.3ms
[184.152s][info][gc,heap        ] GC(428) Eden regions: 101->0(106)
[184.152s][info][gc,heap        ] GC(428) Survivor regions: 5->14(14)
[184.152s][info][gc,heap        ] GC(428) Old regions: 248->264
[184.152s][info][gc,heap        ] GC(428) Humongous regions: 92->92
[184.152s][info][gc,metaspace   ] GC(428) Metaspace: 67744K->67744K(1110016K)
[184.152s][info][gc             ] GC(428) Pause Young (Normal) (G1 Evacuation Pause) 444M->368M(1561M) 82.317ms
[184.153s][info][gc,cpu         ] GC(428) User=0.08s Sys=0.00s Real=0.08s
[184.398s][info][gc,start       ] GC(429) Pause Young (Normal) (G1 Evacuation Pause)
[184.398s][info][gc,task        ] GC(429) Using 1 workers of 1 for evacuation
[184.479s][info][gc,phases      ] GC(429)   Pre Evacuate Collection Set: 0.1ms
[184.479s][info][gc,phases      ] GC(429)   Evacuate Collection Set: 80.9ms
[184.479s][info][gc,phases      ] GC(429)   Post Evacuate Collection Set: 0.4ms
[184.479s][info][gc,phases      ] GC(429)   Other: 0.3ms
[184.479s][info][gc,heap        ] GC(429) Eden regions: 106->0(111)
[184.479s][info][gc,heap        ] GC(429) Survivor regions: 14->11(15)
[184.479s][info][gc,heap        ] GC(429) Old regions: 264->278
[184.479s][info][gc,heap        ] GC(429) Humongous regions: 98->98
[184.479s][info][gc,metaspace   ] GC(429) Metaspace: 67744K->67744K(1110016K)
[184.479s][info][gc             ] GC(429) Pause Young (Normal) (G1 Evacuation Pause) 480M->385M(1561M) 81.670ms
[184.479s][info][gc,cpu         ] GC(429) User=0.08s Sys=0.00s Real=0.08s
[184.758s][info][gc,start       ] GC(430) Pause Young (Normal) (G1 Evacuation Pause)
[184.758s][info][gc,task        ] GC(430) Using 1 workers of 1 for evacuation
[184.816s][info][gc,phases      ] GC(430)   Pre Evacuate Collection Set: 0.1ms
[184.816s][info][gc,phases      ] GC(430)   Evacuate Collection Set: 57.5ms
[184.816s][info][gc,phases      ] GC(430)   Post Evacuate Collection Set: 0.4ms
[184.816s][info][gc,phases      ] GC(430)   Other: 0.3ms
[184.816s][info][gc,heap        ] GC(430) Eden regions: 111->0(132)
[184.816s][info][gc,heap        ] GC(430) Survivor regions: 11->9(16)
[184.816s][info][gc,heap        ] GC(430) Old regions: 278->289
[184.816s][info][gc,heap        ] GC(430) Humongous regions: 103->103
[184.816s][info][gc,metaspace   ] GC(430) Metaspace: 67744K->67744K(1110016K)
[184.816s][info][gc             ] GC(430) Pause Young (Normal) (G1 Evacuation Pause) 501M->398M(1561M) 58.334ms
[184.816s][info][gc,cpu         ] GC(430) User=0.06s Sys=0.00s Real=0.05s
[185.150s][info][gc,start       ] GC(431) Pause Young (Normal) (G1 Evacuation Pause)
[185.150s][info][gc,task        ] GC(431) Using 1 workers of 1 for evacuation
[185.235s][info][gc,phases      ] GC(431)   Pre Evacuate Collection Set: 0.1ms
[185.235s][info][gc,phases      ] GC(431)   Evacuate Collection Set: 84.4ms
[185.235s][info][gc,phases      ] GC(431)   Post Evacuate Collection Set: 0.7ms
[185.235s][info][gc,phases      ] GC(431)   Other: 0.3ms
[185.235s][info][gc,heap        ] GC(431) Eden regions: 132->0(127)
[185.235s][info][gc,heap        ] GC(431) Survivor regions: 9->15(18)
[185.235s][info][gc,heap        ] GC(431) Old regions: 289->289
[185.235s][info][gc,heap        ] GC(431) Humongous regions: 103->103
[185.235s][info][gc,metaspace   ] GC(431) Metaspace: 67744K->67744K(1110016K)
[185.235s][info][gc             ] GC(431) Pause Young (Normal) (G1 Evacuation Pause) 530M->404M(1647M) 85.445ms
[185.235s][info][gc,cpu         ] GC(431) User=0.08s Sys=0.00s Real=0.08s
[185.558s][info][gc,start       ] GC(432) Pause Young (Normal) (G1 Evacuation Pause)
[185.558s][info][gc,task        ] GC(432) Using 1 workers of 1 for evacuation
[185.638s][info][gc,phases      ] GC(432)   Pre Evacuate Collection Set: 0.1ms
[185.638s][info][gc,phases      ] GC(432)   Evacuate Collection Set: 79.1ms
[185.638s][info][gc,phases      ] GC(432)   Post Evacuate Collection Set: 0.6ms
[185.638s][info][gc,phases      ] GC(432)   Other: 0.3ms
[185.638s][info][gc,heap        ] GC(432) Eden regions: 101->0(134)
[185.638s][info][gc,heap        ] GC(432) Survivor regions: 15->7(15)
[185.638s][info][gc,heap        ] GC(432) Old regions: 289->303
[185.638s][info][gc,heap        ] GC(432) Humongous regions: 112->112
[185.638s][info][gc,metaspace   ] GC(432) Metaspace: 67744K->67744K(1110016K)
[185.638s][info][gc             ] GC(432) Pause Young (Normal) (G1 Evacuation Pause) 514M->419M(1647M) 80.145ms
[185.638s][info][gc,cpu         ] GC(432) User=0.08s Sys=0.00s Real=0.08s
[186.322s][info][gc,start       ] GC(433) Pause Young (Normal) (G1 Evacuation Pause)
[186.322s][info][gc,task        ] GC(433) Using 1 workers of 1 for evacuation
[186.419s][info][gc,phases      ] GC(433)   Pre Evacuate Collection Set: 0.1ms
[186.419s][info][gc,phases      ] GC(433)   Evacuate Collection Set: 96.6ms
[186.419s][info][gc,phases      ] GC(433)   Post Evacuate Collection Set: 0.6ms
[186.419s][info][gc,phases      ] GC(433)   Other: 0.3ms
[186.419s][info][gc,heap        ] GC(433) Eden regions: 83->0(116)
[186.419s][info][gc,heap        ] GC(433) Survivor regions: 7->12(12)
[186.419s][info][gc,heap        ] GC(433) Old regions: 303->310
[186.419s][info][gc,heap        ] GC(433) Humongous regions: 133->128
[186.419s][info][gc,metaspace   ] GC(433) Metaspace: 67753K->67753K(1110016K)
[186.419s][info][gc             ] GC(433) Pause Young (Normal) (G1 Evacuation Pause) 523M->448M(1647M) 97.607ms
[186.419s][info][gc,cpu         ] GC(433) User=0.09s Sys=0.00s Real=0.10s
[186.685s][info][gc,start       ] GC(434) Pause Young (Normal) (G1 Evacuation Pause)
[186.685s][info][gc,task        ] GC(434) Using 1 workers of 1 for evacuation
[186.790s][info][gc,phases      ] GC(434)   Pre Evacuate Collection Set: 0.1ms
[186.790s][info][gc,phases      ] GC(434)   Evacuate Collection Set: 104.9ms
[186.790s][info][gc,phases      ] GC(434)   Post Evacuate Collection Set: 0.4ms
[186.790s][info][gc,phases      ] GC(434)   Other: 0.3ms
[186.790s][info][gc,heap        ] GC(434) Eden regions: 116->0(120)
[186.790s][info][gc,heap        ] GC(434) Survivor regions: 12->16(16)
[186.790s][info][gc,heap        ] GC(434) Old regions: 310->334
[186.790s][info][gc,heap        ] GC(434) Humongous regions: 142->142
[186.790s][info][gc,metaspace   ] GC(434) Metaspace: 67753K->67753K(1110016K)
[186.791s][info][gc             ] GC(434) Pause Young (Normal) (G1 Evacuation Pause) 578M->489M(1647M) 105.844ms
[186.791s][info][gc,cpu         ] GC(434) User=0.10s Sys=0.00s Real=0.11s
[187.096s][info][gc,start       ] GC(435) Pause Young (Normal) (G1 Evacuation Pause)
[187.096s][info][gc,task        ] GC(435) Using 1 workers of 1 for evacuation
[187.176s][info][gc,phases      ] GC(435)   Pre Evacuate Collection Set: 0.1ms
[187.176s][info][gc,phases      ] GC(435)   Evacuate Collection Set: 78.5ms
[187.176s][info][gc,phases      ] GC(435)   Post Evacuate Collection Set: 0.7ms
[187.176s][info][gc,phases      ] GC(435)   Other: 0.3ms
[187.176s][info][gc,heap        ] GC(435) Eden regions: 120->0(132)
[187.176s][info][gc,heap        ] GC(435) Survivor regions: 16->12(17)
[187.176s][info][gc,heap        ] GC(435) Old regions: 334->350
[187.176s][info][gc,heap        ] GC(435) Humongous regions: 150->150
[187.176s][info][gc,metaspace   ] GC(435) Metaspace: 67753K->67753K(1110016K)
[187.176s][info][gc             ] GC(435) Pause Young (Normal) (G1 Evacuation Pause) 617M->509M(1726M) 79.631ms
[187.176s][info][gc,cpu         ] GC(435) User=0.08s Sys=0.00s Real=0.08s
[187.567s][info][gc,start       ] GC(436) Pause Young (Normal) (G1 Evacuation Pause)
[187.567s][info][gc,task        ] GC(436) Using 1 workers of 1 for evacuation
[187.631s][info][gc,phases      ] GC(436)   Pre Evacuate Collection Set: 0.1ms
[187.631s][info][gc,phases      ] GC(436)   Evacuate Collection Set: 63.0ms
[187.631s][info][gc,phases      ] GC(436)   Post Evacuate Collection Set: 0.4ms
[187.631s][info][gc,phases      ] GC(436)   Other: 0.3ms
[187.631s][info][gc,heap        ] GC(436) Eden regions: 132->0(151)
[187.631s][info][gc,heap        ] GC(436) Survivor regions: 12->9(18)
[187.631s][info][gc,heap        ] GC(436) Old regions: 350->361
[187.631s][info][gc,heap        ] GC(436) Humongous regions: 150->150
[187.631s][info][gc,metaspace   ] GC(436) Metaspace: 67753K->67753K(1110016K)
[187.631s][info][gc             ] GC(436) Pause Young (Normal) (G1 Evacuation Pause) 641M->517M(1726M) 63.793ms
[187.631s][info][gc,cpu         ] GC(436) User=0.06s Sys=0.00s Real=0.07s
[188.372s][info][gc,start       ] GC(437) Pause Young (Normal) (G1 Evacuation Pause)
[188.372s][info][gc,task        ] GC(437) Using 1 workers of 1 for evacuation
[188.474s][info][gc,phases      ] GC(437)   Pre Evacuate Collection Set: 0.1ms
[188.474s][info][gc,phases      ] GC(437)   Evacuate Collection Set: 101.0ms
[188.474s][info][gc,phases      ] GC(437)   Post Evacuate Collection Set: 0.6ms
[188.474s][info][gc,phases      ] GC(437)   Other: 0.3ms
[188.474s][info][gc,heap        ] GC(437) Eden regions: 144->0(135)
[188.474s][info][gc,heap        ] GC(437) Survivor regions: 9->16(20)
[188.474s][info][gc,heap        ] GC(437) Old regions: 361->361
[188.474s][info][gc,heap        ] GC(437) Humongous regions: 164->164
[188.474s][info][gc,metaspace   ] GC(437) Metaspace: 67753K->67753K(1110016K)
[188.474s][info][gc             ] GC(437) Pause Young (Normal) (G1 Evacuation Pause) 675M->538M(1726M) 102.081ms
[188.474s][info][gc,cpu         ] GC(437) User=0.10s Sys=0.00s Real=0.10s
[188.808s][info][gc,start       ] GC(438) Pause Young (Normal) (G1 Evacuation Pause)
[188.808s][info][gc,task        ] GC(438) Using 1 workers of 1 for evacuation
[188.923s][info][gc,phases      ] GC(438)   Pre Evacuate Collection Set: 0.1ms
[188.923s][info][gc,phases      ] GC(438)   Evacuate Collection Set: 114.3ms
[188.923s][info][gc,phases      ] GC(438)   Post Evacuate Collection Set: 0.5ms
[188.923s][info][gc,phases      ] GC(438)   Other: 0.3ms
[188.923s][info][gc,heap        ] GC(438) Eden regions: 70->0(106)
[188.923s][info][gc,heap        ] GC(438) Survivor regions: 16->11(11)
[188.923s][info][gc,heap        ] GC(438) Old regions: 361->380
[188.923s][info][gc,heap        ] GC(438) Humongous regions: 176->176
[188.923s][info][gc,metaspace   ] GC(438) Metaspace: 67756K->67756K(1110016K)
[188.923s][info][gc             ] GC(438) Pause Young (Normal) (G1 Evacuation Pause) 620M->564M(1726M) 115.325ms
[188.923s][info][gc,cpu         ] GC(438) User=0.12s Sys=0.00s Real=0.12s
[189.162s][info][gc,start       ] GC(439) Pause Young (Normal) (G1 Evacuation Pause)
[189.162s][info][gc,task        ] GC(439) Using 1 workers of 1 for evacuation
[189.279s][info][gc,phases      ] GC(439)   Pre Evacuate Collection Set: 0.1ms
[189.279s][info][gc,phases      ] GC(439)   Evacuate Collection Set: 116.1ms
[189.279s][info][gc,phases      ] GC(439)   Post Evacuate Collection Set: 0.6ms
[189.279s][info][gc,phases      ] GC(439)   Other: 0.3ms
[189.279s][info][gc,heap        ] GC(439) Eden regions: 106->0(112)
[189.279s][info][gc,heap        ] GC(439) Survivor regions: 11->15(15)
[189.279s][info][gc,heap        ] GC(439) Old regions: 380->402
[189.279s][info][gc,heap        ] GC(439) Humongous regions: 189->189
[189.279s][info][gc,metaspace   ] GC(439) Metaspace: 67756K->67756K(1110016K)
[189.279s][info][gc             ] GC(439) Pause Young (Normal) (G1 Evacuation Pause) 683M->604M(1780M) 117.171ms
[189.279s][info][gc,cpu         ] GC(439) User=0.11s Sys=0.00s Real=0.12s
[189.598s][info][gc,start       ] GC(440) Pause Young (Normal) (G1 Evacuation Pause)
[189.598s][info][gc,task        ] GC(440) Using 1 workers of 1 for evacuation
[189.676s][info][gc,phases      ] GC(440)   Pre Evacuate Collection Set: 0.1ms
[189.676s][info][gc,phases      ] GC(440)   Evacuate Collection Set: 76.9ms
[189.676s][info][gc,phases      ] GC(440)   Post Evacuate Collection Set: 0.5ms
[189.676s][info][gc,phases      ] GC(440)   Other: 0.3ms
[189.676s][info][gc,heap        ] GC(440) Eden regions: 112->0(122)
[189.676s][info][gc,heap        ] GC(440) Survivor regions: 15->11(16)
[189.676s][info][gc,heap        ] GC(440) Old regions: 402->417
[189.676s][info][gc,heap        ] GC(440) Humongous regions: 197->197
[189.676s][info][gc,metaspace   ] GC(440) Metaspace: 67756K->67756K(1110016K)
[189.676s][info][gc             ] GC(440) Pause Young (Normal) (G1 Evacuation Pause) 724M->623M(1780M) 77.767ms
[189.676s][info][gc,cpu         ] GC(440) User=0.07s Sys=0.00s Real=0.07s
[189.988s][info][gc,start       ] GC(441) Pause Young (Normal) (G1 Evacuation Pause)
[189.988s][info][gc,task        ] GC(441) Using 1 workers of 1 for evacuation
[190.043s][info][gc,phases      ] GC(441)   Pre Evacuate Collection Set: 0.1ms
[190.043s][info][gc,phases      ] GC(441)   Evacuate Collection Set: 55.0ms
[190.043s][info][gc,phases      ] GC(441)   Post Evacuate Collection Set: 0.4ms
[190.043s][info][gc,phases      ] GC(441)   Other: 0.3ms
[190.043s][info][gc,heap        ] GC(441) Eden regions: 122->0(143)
[190.043s][info][gc,heap        ] GC(441) Survivor regions: 11->9(17)
[190.043s][info][gc,heap        ] GC(441) Old regions: 417->427
[190.043s][info][gc,heap        ] GC(441) Humongous regions: 197->197
[190.043s][info][gc,metaspace   ] GC(441) Metaspace: 67756K->67756K(1110016K)
[190.043s][info][gc             ] GC(441) Pause Young (Normal) (G1 Evacuation Pause) 745M->630M(1780M) 55.774ms
[190.044s][info][gc,cpu         ] GC(441) User=0.05s Sys=0.00s Real=0.06s
[190.436s][info][gc,start       ] GC(442) Pause Young (Normal) (G1 Evacuation Pause)
[190.436s][info][gc,task        ] GC(442) Using 1 workers of 1 for evacuation
[190.501s][info][gc,phases      ] GC(442)   Pre Evacuate Collection Set: 0.1ms
[190.502s][info][gc,phases      ] GC(442)   Evacuate Collection Set: 64.4ms
[190.502s][info][gc,phases      ] GC(442)   Post Evacuate Collection Set: 0.5ms
[190.502s][info][gc,phases      ] GC(442)   Other: 0.3ms
[190.502s][info][gc,heap        ] GC(442) Eden regions: 143->0(146)
[190.502s][info][gc,heap        ] GC(442) Survivor regions: 9->16(19)
[190.502s][info][gc,heap        ] GC(442) Old regions: 427->427
[190.502s][info][gc,heap        ] GC(442) Humongous regions: 206->206
[190.502s][info][gc,metaspace   ] GC(442) Metaspace: 67756K->67756K(1110016K)
[190.502s][info][gc             ] GC(442) Pause Young (Normal) (G1 Evacuation Pause) 782M->647M(1780M) 65.344ms
[190.502s][info][gc,cpu         ] GC(442) User=0.07s Sys=0.00s Real=0.07s
[191.190s][info][gc,start       ] GC(443) Pause Young (Normal) (G1 Evacuation Pause)
[191.190s][info][gc,task        ] GC(443) Using 1 workers of 1 for evacuation
[191.304s][info][gc,phases      ] GC(443)   Pre Evacuate Collection Set: 0.1ms
[191.304s][info][gc,phases      ] GC(443)   Evacuate Collection Set: 113.2ms
[191.304s][info][gc,phases      ] GC(443)   Post Evacuate Collection Set: 0.8ms
[191.304s][info][gc,phases      ] GC(443)   Other: 0.6ms
[191.304s][info][gc,heap        ] GC(443) Eden regions: 73->0(127)
[191.304s][info][gc,heap        ] GC(443) Survivor regions: 16->12(12)
[191.304s][info][gc,heap        ] GC(443) Old regions: 427->443
[191.304s][info][gc,heap        ] GC(443) Humongous regions: 222->222
[191.304s][info][gc,metaspace   ] GC(443) Metaspace: 67762K->67762K(1110016K)
[191.304s][info][gc             ] GC(443) Pause Young (Normal) (G1 Evacuation Pause) 736M->675M(1822M) 114.716ms
[191.304s][info][gc,cpu         ] GC(443) User=0.11s Sys=0.00s Real=0.11s
[191.622s][info][gc,start       ] GC(444) Pause Young (Normal) (G1 Evacuation Pause)
[191.622s][info][gc,task        ] GC(444) Using 1 workers of 1 for evacuation
[191.739s][info][gc,phases      ] GC(444)   Pre Evacuate Collection Set: 0.1ms
[191.739s][info][gc,phases      ] GC(444)   Evacuate Collection Set: 115.9ms
[191.739s][info][gc,phases      ] GC(444)   Post Evacuate Collection Set: 0.5ms
[191.739s][info][gc,phases      ] GC(444)   Other: 0.3ms
[191.739s][info][gc,heap        ] GC(444) Eden regions: 127->0(132)
[191.739s][info][gc,heap        ] GC(444) Survivor regions: 12->18(18)
[191.739s][info][gc,heap        ] GC(444) Old regions: 443->466
[191.739s][info][gc,heap        ] GC(444) Humongous regions: 236->236
[191.739s][info][gc,metaspace   ] GC(444) Metaspace: 67762K->67762K(1110016K)
[191.739s][info][gc             ] GC(444) Pause Young (Normal) (G1 Evacuation Pause) 816M->718M(1822M) 116.733ms
[191.739s][info][gc,cpu         ] GC(444) User=0.11s Sys=0.00s Real=0.12s
[192.068s][info][gc,start       ] GC(445) Pause Young (Normal) (G1 Evacuation Pause)
[192.068s][info][gc,task        ] GC(445) Using 1 workers of 1 for evacuation
[192.152s][info][gc,phases      ] GC(445)   Pre Evacuate Collection Set: 0.1ms
[192.152s][info][gc,phases      ] GC(445)   Evacuate Collection Set: 82.8ms
[192.152s][info][gc,phases      ] GC(445)   Post Evacuate Collection Set: 0.5ms
[192.152s][info][gc,phases      ] GC(445)   Other: 0.3ms
[192.152s][info][gc,heap        ] GC(445) Eden regions: 132->0(144)
[192.152s][info][gc,heap        ] GC(445) Survivor regions: 18->12(19)
[192.152s][info][gc,heap        ] GC(445) Old regions: 466->484
[192.152s][info][gc,heap        ] GC(445) Humongous regions: 244->244
[192.152s][info][gc,metaspace   ] GC(445) Metaspace: 67762K->67762K(1110016K)
[192.152s][info][gc             ] GC(445) Pause Young (Normal) (G1 Evacuation Pause) 858M->738M(1822M) 83.740ms
[192.152s][info][gc,cpu         ] GC(445) User=0.08s Sys=0.00s Real=0.09s
[192.516s][info][gc,start       ] GC(446) Pause Young (Normal) (G1 Evacuation Pause)
[192.516s][info][gc,task        ] GC(446) Using 1 workers of 1 for evacuation
[192.579s][info][gc,phases      ] GC(446)   Pre Evacuate Collection Set: 0.1ms
[192.579s][info][gc,phases      ] GC(446)   Evacuate Collection Set: 62.2ms
[192.579s][info][gc,phases      ] GC(446)   Post Evacuate Collection Set: 0.4ms
[192.579s][info][gc,phases      ] GC(446)   Other: 0.3ms
[192.579s][info][gc,heap        ] GC(446) Eden regions: 144->0(163)
[192.579s][info][gc,heap        ] GC(446) Survivor regions: 12->10(20)
[192.579s][info][gc,heap        ] GC(446) Old regions: 484->495
[192.579s][info][gc,heap        ] GC(446) Humongous regions: 244->244
[192.579s][info][gc,metaspace   ] GC(446) Metaspace: 67762K->67762K(1110016K)
[192.579s][info][gc             ] GC(446) Pause Young (Normal) (G1 Evacuation Pause) 882M->746M(1822M) 63.003ms
[192.579s][info][gc,cpu         ] GC(446) User=0.05s Sys=0.01s Real=0.07s
[193.357s][info][gc,start       ] GC(447) Pause Young (Normal) (G1 Evacuation Pause)
[193.357s][info][gc,task        ] GC(447) Using 1 workers of 1 for evacuation
[193.460s][info][gc,phases      ] GC(447)   Pre Evacuate Collection Set: 0.1ms
[193.460s][info][gc,phases      ] GC(447)   Evacuate Collection Set: 102.3ms
[193.460s][info][gc,phases      ] GC(447)   Post Evacuate Collection Set: 0.9ms
[193.461s][info][gc,phases      ] GC(447)   Other: 0.4ms
[193.461s][info][gc,heap        ] GC(447) Eden regions: 132->0(136)
[193.461s][info][gc,heap        ] GC(447) Survivor regions: 10->11(18)
[193.461s][info][gc,heap        ] GC(447) Old regions: 495->503
[193.461s][info][gc,heap        ] GC(447) Humongous regions: 266->261
[193.461s][info][gc,metaspace   ] GC(447) Metaspace: 67767K->67767K(1110016K)
[193.461s][info][gc             ] GC(447) Pause Young (Normal) (G1 Evacuation Pause) 900M->772M(1856M) 103.816ms
[193.461s][info][gc,cpu         ] GC(447) User=0.10s Sys=0.00s Real=0.11s
[193.958s][info][gc,start       ] GC(448) Pause Young (Normal) (G1 Evacuation Pause)
[193.958s][info][gc,task        ] GC(448) Using 1 workers of 1 for evacuation
[194.085s][info][gc,phases      ] GC(448)   Pre Evacuate Collection Set: 0.1ms
[194.085s][info][gc,phases      ] GC(448)   Evacuate Collection Set: 126.5ms
[194.085s][info][gc,phases      ] GC(448)   Post Evacuate Collection Set: 0.7ms
[194.085s][info][gc,phases      ] GC(448)   Other: 0.3ms
[194.085s][info][gc,heap        ] GC(448) Eden regions: 117->0(122)
[194.085s][info][gc,heap        ] GC(448) Survivor regions: 11->16(16)
[194.085s][info][gc,heap        ] GC(448) Old regions: 503->517
[194.085s][info][gc,heap        ] GC(448) Humongous regions: 280->280
[194.085s][info][gc,metaspace   ] GC(448) Metaspace: 67767K->67767K(1110016K)
[194.085s][info][gc             ] GC(448) Pause Young (Normal) (G1 Evacuation Pause) 908M->810M(1856M) 127.607ms
[194.085s][info][gc,cpu         ] GC(448) User=0.12s Sys=0.00s Real=0.12s
[194.676s][info][gc,start       ] GC(449) Pause Young (Normal) (G1 Evacuation Pause)
[194.676s][info][gc,task        ] GC(449) Using 1 workers of 1 for evacuation
[194.807s][info][gc,phases      ] GC(449)   Pre Evacuate Collection Set: 0.1ms
[194.807s][info][gc,phases      ] GC(449)   Evacuate Collection Set: 130.4ms
[194.807s][info][gc,phases      ] GC(449)   Post Evacuate Collection Set: 0.7ms
[194.807s][info][gc,phases      ] GC(449)   Other: 0.3ms
[194.807s][info][gc,heap        ] GC(449) Eden regions: 122->0(92)
[194.807s][info][gc,heap        ] GC(449) Survivor regions: 16->18(18)
[194.807s][info][gc,heap        ] GC(449) Old regions: 517->537
[194.807s][info][gc,heap        ] GC(449) Humongous regions: 307->302
[194.807s][info][gc,metaspace   ] GC(449) Metaspace: 67789K->67789K(1110016K)
[194.807s][info][gc             ] GC(449) Pause Young (Normal) (G1 Evacuation Pause) 959M->855M(1856M) 131.654ms
[194.807s][info][gc,cpu         ] GC(449) User=0.12s Sys=0.00s Real=0.13s
[194.860s][info][gc,start       ] GC(450) Pause Young (Concurrent Start) (G1 Humongous Allocation)
[194.860s][info][gc,task        ] GC(450) Using 1 workers of 1 for evacuation
[194.924s][info][gc,phases      ] GC(450)   Pre Evacuate Collection Set: 0.3ms
[194.924s][info][gc,phases      ] GC(450)   Evacuate Collection Set: 63.2ms
[194.924s][info][gc,phases      ] GC(450)   Post Evacuate Collection Set: 0.3ms
[194.924s][info][gc,phases      ] GC(450)   Other: 0.3ms
[194.924s][info][gc,heap        ] GC(450) Eden regions: 28->0(94)
[194.924s][info][gc,heap        ] GC(450) Survivor regions: 18->2(14)
[194.924s][info][gc,heap        ] GC(450) Old regions: 537->555
[194.924s][info][gc,heap        ] GC(450) Humongous regions: 302->302
[194.924s][info][gc,metaspace   ] GC(450) Metaspace: 67791K->67791K(1110016K)
[194.924s][info][gc             ] GC(450) Pause Young (Concurrent Start) (G1 Humongous Allocation) 883M->856M(1856M) 64.185ms
[194.924s][info][gc,cpu         ] GC(450) User=0.06s Sys=0.01s Real=0.06s
[194.924s][info][gc             ] GC(451) Concurrent Cycle
[194.924s][info][gc,marking     ] GC(451) Concurrent Clear Claimed Marks
[194.925s][info][gc,marking     ] GC(451) Concurrent Clear Claimed Marks 0.250ms
[194.925s][info][gc,marking     ] GC(451) Concurrent Scan Root Regions
[194.926s][info][gc,marking     ] GC(451) Concurrent Scan Root Regions 1.419ms
[194.926s][info][gc,marking     ] GC(451) Concurrent Mark (194.926s)
[194.926s][info][gc,marking     ] GC(451) Concurrent Mark From Roots
[194.926s][info][gc,task        ] GC(451) Using 1 workers of 1 for marking
[195.258s][info][gc,marking     ] GC(451) Concurrent Mark From Roots 332.065ms
[195.258s][info][gc,marking     ] GC(451) Concurrent Preclean
[195.258s][info][gc,marking     ] GC(451) Concurrent Preclean 0.093ms
[195.258s][info][gc,marking     ] GC(451) Concurrent Mark (194.926s, 195.258s) 332.266ms
[195.261s][info][gc,start       ] GC(451) Pause Remark
[195.280s][info][gc,stringtable ] GC(451) Cleaned string and symbol table, strings: 23521 processed, 22 removed, symbols: 139768 processed, 0 removed
[195.280s][info][gc             ] GC(451) Pause Remark 892M->220M(1856M) 18.861ms
[195.280s][info][gc,cpu         ] GC(451) User=0.02s Sys=0.00s Real=0.02s
[195.285s][info][gc,marking     ] GC(451) Concurrent Rebuild Remembered Sets
[195.587s][info][gc,marking     ] GC(451) Concurrent Rebuild Remembered Sets 302.090ms
[195.590s][info][gc,start       ] GC(451) Pause Cleanup
[195.591s][info][gc             ] GC(451) Pause Cleanup 275M->275M(1856M) 0.317ms
[195.591s][info][gc,cpu         ] GC(451) User=0.00s Sys=0.00s Real=0.00s
[195.591s][info][gc,marking     ] GC(451) Concurrent Cleanup for Next Mark
[195.597s][info][gc,marking     ] GC(451) Concurrent Cleanup for Next Mark 5.860ms
[195.597s][info][gc             ] GC(451) Concurrent Cycle 672.463ms
[195.679s][info][gc,start       ] GC(452) Pause Young (Normal) (G1 Evacuation Pause)
[195.679s][info][gc,task        ] GC(452) Using 1 workers of 1 for evacuation
[195.751s][info][gc,phases      ] GC(452)   Pre Evacuate Collection Set: 0.1ms
[195.751s][info][gc,phases      ] GC(452)   Evacuate Collection Set: 71.0ms
[195.751s][info][gc,phases      ] GC(452)   Post Evacuate Collection Set: 0.7ms
[195.751s][info][gc,phases      ] GC(452)   Other: 0.2ms
[195.751s][info][gc,heap        ] GC(452) Eden regions: 94->0(82)
[195.751s][info][gc,heap        ] GC(452) Survivor regions: 2->12(12)
[195.751s][info][gc,heap        ] GC(452) Old regions: 176->183
[195.751s][info][gc,heap        ] GC(452) Humongous regions: 26->26
[195.751s][info][gc,metaspace   ] GC(452) Metaspace: 67793K->67793K(1110016K)
[195.751s][info][gc             ] GC(452) Pause Young (Normal) (G1 Evacuation Pause) 295M->218M(1885M) 72.062ms
[195.751s][info][gc,cpu         ] GC(452) User=0.07s Sys=0.00s Real=0.07s
[196.077s][info][gc,start       ] GC(453) Pause Young (Normal) (G1 Evacuation Pause)
[196.077s][info][gc,task        ] GC(453) Using 1 workers of 1 for evacuation
[196.163s][info][gc,phases      ] GC(453)   Pre Evacuate Collection Set: 0.1ms
[196.163s][info][gc,phases      ] GC(453)   Evacuate Collection Set: 85.5ms
[196.163s][info][gc,phases      ] GC(453)   Post Evacuate Collection Set: 0.6ms
[196.163s][info][gc,phases      ] GC(453)   Other: 0.4ms
[196.163s][info][gc,heap        ] GC(453) Eden regions: 82->0(82)
[196.163s][info][gc,heap        ] GC(453) Survivor regions: 12->12(12)
[196.163s][info][gc,heap        ] GC(453) Old regions: 183->196
[196.163s][info][gc,heap        ] GC(453) Humongous regions: 42->37
[196.163s][info][gc,metaspace   ] GC(453) Metaspace: 67795K->67795K(1110016K)
[196.163s][info][gc             ] GC(453) Pause Young (Normal) (G1 Evacuation Pause) 316M->243M(1885M) 86.599ms
[196.163s][info][gc,cpu         ] GC(453) User=0.08s Sys=0.01s Real=0.08s
[196.478s][info][gc,start       ] GC(454) Pause Young (Normal) (G1 Evacuation Pause)
[196.478s][info][gc,task        ] GC(454) Using 1 workers of 1 for evacuation
[196.531s][info][gc,phases      ] GC(454)   Pre Evacuate Collection Set: 0.1ms
[196.531s][info][gc,phases      ] GC(454)   Evacuate Collection Set: 52.1ms
[196.531s][info][gc,phases      ] GC(454)   Post Evacuate Collection Set: 0.5ms
[196.531s][info][gc,phases      ] GC(454)   Other: 0.3ms
[196.531s][info][gc,heap        ] GC(454) Eden regions: 82->0(90)
[196.531s][info][gc,heap        ] GC(454) Survivor regions: 12->4(12)
[196.531s][info][gc,heap        ] GC(454) Old regions: 196->208
[196.531s][info][gc,heap        ] GC(454) Humongous regions: 42->42
[196.531s][info][gc,metaspace   ] GC(454) Metaspace: 67795K->67795K(1110016K)
[196.531s][info][gc             ] GC(454) Pause Young (Normal) (G1 Evacuation Pause) 330M->251M(1885M) 52.967ms
[196.531s][info][gc,cpu         ] GC(454) User=0.05s Sys=0.00s Real=0.05s
[196.919s][info][gc,start       ] GC(455) Pause Young (Normal) (G1 Evacuation Pause)
[196.919s][info][gc,task        ] GC(455) Using 1 workers of 1 for evacuation
[196.974s][info][gc,phases      ] GC(455)   Pre Evacuate Collection Set: 0.1ms
[196.974s][info][gc,phases      ] GC(455)   Evacuate Collection Set: 54.9ms
[196.974s][info][gc,phases      ] GC(455)   Post Evacuate Collection Set: 0.6ms
[196.974s][info][gc,phases      ] GC(455)   Other: 0.3ms
[196.974s][info][gc,heap        ] GC(455) Eden regions: 90->0(82)
[196.974s][info][gc,heap        ] GC(455) Survivor regions: 4->12(12)
[196.974s][info][gc,heap        ] GC(455) Old regions: 208->211
[196.974s][info][gc,heap        ] GC(455) Humongous regions: 53->53
[196.974s][info][gc,metaspace   ] GC(455) Metaspace: 67802K->67802K(1110016K)
[196.974s][info][gc             ] GC(455) Pause Young (Normal) (G1 Evacuation Pause) 352M->273M(1885M) 55.905ms
[196.974s][info][gc,cpu         ] GC(455) User=0.06s Sys=0.00s Real=0.05s
[197.336s][info][gc,start       ] GC(456) Pause Young (Normal) (G1 Evacuation Pause)
[197.336s][info][gc,task        ] GC(456) Using 1 workers of 1 for evacuation
[197.424s][info][gc,phases      ] GC(456)   Pre Evacuate Collection Set: 0.1ms
[197.424s][info][gc,phases      ] GC(456)   Evacuate Collection Set: 87.4ms
[197.424s][info][gc,phases      ] GC(456)   Post Evacuate Collection Set: 0.6ms
[197.424s][info][gc,phases      ] GC(456)   Other: 0.3ms
[197.424s][info][gc,heap        ] GC(456) Eden regions: 82->0(90)
[197.424s][info][gc,heap        ] GC(456) Survivor regions: 12->12(12)
[197.424s][info][gc,heap        ] GC(456) Old regions: 211->223
[197.424s][info][gc,heap        ] GC(456) Humongous regions: 64->64
[197.424s][info][gc,metaspace   ] GC(456) Metaspace: 67803K->67803K(1110016K)
[197.424s][info][gc             ] GC(456) Pause Young (Normal) (G1 Evacuation Pause) 366M->296M(1898M) 88.394ms
[197.424s][info][gc,cpu         ] GC(456) User=0.09s Sys=0.00s Real=0.09s
[197.660s][info][gc,start       ] GC(457) Pause Young (Normal) (G1 Evacuation Pause)
[197.660s][info][gc,task        ] GC(457) Using 1 workers of 1 for evacuation
[197.702s][info][gc,phases      ] GC(457)   Pre Evacuate Collection Set: 0.1ms
[197.702s][info][gc,phases      ] GC(457)   Evacuate Collection Set: 41.3ms
[197.702s][info][gc,phases      ] GC(457)   Post Evacuate Collection Set: 0.4ms
[197.702s][info][gc,phases      ] GC(457)   Other: 0.3ms
[197.702s][info][gc,heap        ] GC(457) Eden regions: 90->0(105)
[197.702s][info][gc,heap        ] GC(457) Survivor regions: 12->3(13)
[197.702s][info][gc,heap        ] GC(457) Old regions: 223->234
[197.702s][info][gc,heap        ] GC(457) Humongous regions: 69->64
[197.702s][info][gc,metaspace   ] GC(457) Metaspace: 67815K->67815K(1110016K)
[197.702s][info][gc             ] GC(457) Pause Young (Normal) (G1 Evacuation Pause) 391M->298M(1898M) 42.138ms
[197.702s][info][gc,cpu         ] GC(457) User=0.05s Sys=0.00s Real=0.04s
[197.862s][info][gc,start       ] GC(458) Pause Young (Normal) (G1 Evacuation Pause)
[197.862s][info][gc,task        ] GC(458) Using 1 workers of 1 for evacuation
[197.923s][info][gc,phases      ] GC(458)   Pre Evacuate Collection Set: 0.1ms
[197.923s][info][gc,phases      ] GC(458)   Evacuate Collection Set: 59.9ms
[197.923s][info][gc,phases      ] GC(458)   Post Evacuate Collection Set: 0.4ms
[197.923s][info][gc,phases      ] GC(458)   Other: 0.3ms
[197.923s][info][gc,heap        ] GC(458) Eden regions: 105->0(107)
[197.923s][info][gc,heap        ] GC(458) Survivor regions: 3->14(14)
[197.923s][info][gc,heap        ] GC(458) Old regions: 234->239
[197.923s][info][gc,heap        ] GC(458) Humongous regions: 70->70
[197.923s][info][gc,metaspace   ] GC(458) Metaspace: 67815K->67815K(1110016K)
[197.923s][info][gc             ] GC(458) Pause Young (Normal) (G1 Evacuation Pause) 409M->321M(1898M) 60.750ms
[197.923s][info][gc,cpu         ] GC(458) User=0.06s Sys=0.00s Real=0.06s
[198.525s][info][gc,start       ] GC(459) Pause Young (Normal) (G1 Evacuation Pause)
[198.525s][info][gc,task        ] GC(459) Using 1 workers of 1 for evacuation
[198.634s][info][gc,phases      ] GC(459)   Pre Evacuate Collection Set: 0.1ms
[198.634s][info][gc,phases      ] GC(459)   Evacuate Collection Set: 108.0ms
[198.634s][info][gc,phases      ] GC(459)   Post Evacuate Collection Set: 0.6ms
[198.634s][info][gc,phases      ] GC(459)   Other: 0.3ms
[198.634s][info][gc,heap        ] GC(459) Eden regions: 107->0(116)
[198.634s][info][gc,heap        ] GC(459) Survivor regions: 14->10(16)
[198.634s][info][gc,heap        ] GC(459) Old regions: 239->253
[198.634s][info][gc,heap        ] GC(459) Humongous regions: 155->108
[198.634s][info][gc,metaspace   ] GC(459) Metaspace: 67815K->67815K(1110016K)
[198.634s][info][gc             ] GC(459) Pause Young (Normal) (G1 Evacuation Pause) 513M->368M(1898M) 109.121ms
[198.634s][info][gc,cpu         ] GC(459) User=0.11s Sys=0.00s Real=0.11s
[198.826s][info][gc,start       ] GC(460) Pause Young (Normal) (G1 Evacuation Pause)
[198.826s][info][gc,task        ] GC(460) Using 1 workers of 1 for evacuation
[198.920s][info][gc,phases      ] GC(460)   Pre Evacuate Collection Set: 0.1ms
[198.920s][info][gc,phases      ] GC(460)   Evacuate Collection Set: 92.9ms
[198.920s][info][gc,phases      ] GC(460)   Post Evacuate Collection Set: 0.6ms
[198.920s][info][gc,phases      ] GC(460)   Other: 0.2ms
[198.920s][info][gc,heap        ] GC(460) Eden regions: 116->0(79)
[198.920s][info][gc,heap        ] GC(460) Survivor regions: 10->16(16)
[198.920s][info][gc,heap        ] GC(460) Old regions: 253->265
[198.920s][info][gc,heap        ] GC(460) Humongous regions: 122->98
[198.920s][info][gc,metaspace   ] GC(460) Metaspace: 67815K->67815K(1110016K)
[198.920s][info][gc             ] GC(460) Pause Young (Normal) (G1 Evacuation Pause) 498M->376M(1917M) 93.882ms
[198.920s][info][gc,cpu         ] GC(460) User=0.09s Sys=0.00s Real=0.10s
[199.051s][info][gc,start       ] GC(461) Pause Young (Normal) (G1 Evacuation Pause)
[199.051s][info][gc,task        ] GC(461) Using 1 workers of 1 for evacuation
[199.129s][info][gc,phases      ] GC(461)   Pre Evacuate Collection Set: 0.1ms
[199.129s][info][gc,phases      ] GC(461)   Evacuate Collection Set: 76.6ms
[199.129s][info][gc,phases      ] GC(461)   Post Evacuate Collection Set: 0.4ms
[199.129s][info][gc,phases      ] GC(461)   Other: 0.3ms
[199.129s][info][gc,heap        ] GC(461) Eden regions: 79->0(83)
[199.129s][info][gc,heap        ] GC(461) Survivor regions: 16->12(12)
[199.129s][info][gc,heap        ] GC(461) Old regions: 265->282
[199.129s][info][gc,heap        ] GC(461) Humongous regions: 101->101
[199.129s][info][gc,metaspace   ] GC(461) Metaspace: 67815K->67815K(1110016K)
[199.129s][info][gc             ] GC(461) Pause Young (Normal) (G1 Evacuation Pause) 458M->393M(1917M) 77.396ms
[199.129s][info][gc,cpu         ] GC(461) User=0.08s Sys=0.00s Real=0.07s
[199.684s][info][gc,start       ] GC(462) Pause Young (Normal) (G1 Evacuation Pause)
[199.684s][info][gc,task        ] GC(462) Using 1 workers of 1 for evacuation
[199.754s][info][gc,phases      ] GC(462)   Pre Evacuate Collection Set: 0.1ms
[199.754s][info][gc,phases      ] GC(462)   Evacuate Collection Set: 68.6ms
[199.754s][info][gc,phases      ] GC(462)   Post Evacuate Collection Set: 0.5ms
[199.754s][info][gc,phases      ] GC(462)   Other: 0.3ms
[199.754s][info][gc,heap        ] GC(462) Eden regions: 83->0(90)
[199.754s][info][gc,heap        ] GC(462) Survivor regions: 12->5(12)
[199.754s][info][gc,heap        ] GC(462) Old regions: 282->294
[199.754s][info][gc,heap        ] GC(462) Humongous regions: 186->139
[199.754s][info][gc,metaspace   ] GC(462) Metaspace: 67838K->67838K(1110016K)
[199.754s][info][gc             ] GC(462) Pause Young (Normal) (G1 Evacuation Pause) 561M->436M(1917M) 69.524ms
[199.754s][info][gc,cpu         ] GC(462) User=0.06s Sys=0.00s Real=0.07s
[199.890s][info][gc,start       ] GC(463) Pause Young (Normal) (G1 Evacuation Pause)
[199.891s][info][gc,task        ] GC(463) Using 1 workers of 1 for evacuation
[199.968s][info][gc,phases      ] GC(463)   Pre Evacuate Collection Set: 0.1ms
[199.968s][info][gc,phases      ] GC(463)   Evacuate Collection Set: 76.2ms
[199.968s][info][gc,phases      ] GC(463)   Post Evacuate Collection Set: 0.7ms
[199.968s][info][gc,phases      ] GC(463)   Other: 0.3ms
[199.968s][info][gc,heap        ] GC(463) Eden regions: 90->0(83)
[199.968s][info][gc,heap        ] GC(463) Survivor regions: 5->12(12)
[199.968s][info][gc,heap        ] GC(463) Old regions: 294->301
[199.968s][info][gc,heap        ] GC(463) Humongous regions: 151->151
[199.968s][info][gc,metaspace   ] GC(463) Metaspace: 67840K->67840K(1110016K)
[199.968s][info][gc             ] GC(463) Pause Young (Normal) (G1 Evacuation Pause) 538M->462M(1917M) 77.339ms
[199.968s][info][gc,cpu         ] GC(463) User=0.07s Sys=0.00s Real=0.07s
[200.366s][info][gc,start       ] GC(464) Pause Young (Normal) (G1 Evacuation Pause)
[200.366s][info][gc,task        ] GC(464) Using 1 workers of 1 for evacuation
[200.460s][info][gc,phases      ] GC(464)   Pre Evacuate Collection Set: 0.1ms
[200.460s][info][gc,phases      ] GC(464)   Evacuate Collection Set: 92.7ms
[200.460s][info][gc,phases      ] GC(464)   Post Evacuate Collection Set: 0.6ms
[200.460s][info][gc,phases      ] GC(464)   Other: 0.3ms
[200.460s][info][gc,heap        ] GC(464) Eden regions: 83->0(84)
[200.460s][info][gc,heap        ] GC(464) Survivor regions: 12->12(12)
[200.460s][info][gc,heap        ] GC(464) Old regions: 301->314
[200.460s][info][gc,heap        ] GC(464) Humongous regions: 158->149
[200.460s][info][gc,metaspace   ] GC(464) Metaspace: 67840K->67840K(1110016K)
[200.460s][info][gc             ] GC(464) Pause Young (Normal) (G1 Evacuation Pause) 552M->473M(1933M) 93.674ms
[200.460s][info][gc,cpu         ] GC(464) User=0.09s Sys=0.00s Real=0.10s
[200.748s][info][gc,start       ] GC(465) Pause Young (Normal) (G1 Evacuation Pause)
[200.748s][info][gc,task        ] GC(465) Using 1 workers of 1 for evacuation
[200.845s][info][gc,phases      ] GC(465)   Pre Evacuate Collection Set: 0.1ms
[200.845s][info][gc,phases      ] GC(465)   Evacuate Collection Set: 96.5ms
[200.845s][info][gc,phases      ] GC(465)   Post Evacuate Collection Set: 0.5ms
[200.845s][info][gc,phases      ] GC(465)   Other: 0.3ms
[200.845s][info][gc,heap        ] GC(465) Eden regions: 84->0(86)
[200.845s][info][gc,heap        ] GC(465) Survivor regions: 12->10(12)
[200.845s][info][gc,heap        ] GC(465) Old regions: 314->326
[200.845s][info][gc,heap        ] GC(465) Humongous regions: 235->192
[200.845s][info][gc,metaspace   ] GC(465) Metaspace: 67841K->67841K(1110016K)
[200.845s][info][gc             ] GC(465) Pause Young (Normal) (G1 Evacuation Pause) 643M->525M(1933M) 97.471ms
[200.845s][info][gc,cpu         ] GC(465) User=0.09s Sys=0.00s Real=0.10s
[200.905s][info][gc,start       ] GC(466) Pause Young (Normal) (G1 Evacuation Pause)
[200.905s][info][gc,task        ] GC(466) Using 1 workers of 1 for evacuation
[200.970s][info][gc,phases      ] GC(466)   Pre Evacuate Collection Set: 0.1ms
[200.970s][info][gc,phases      ] GC(466)   Evacuate Collection Set: 64.0ms
[200.970s][info][gc,phases      ] GC(466)   Post Evacuate Collection Set: 0.4ms
[200.970s][info][gc,phases      ] GC(466)   Other: 0.3ms
[200.970s][info][gc,heap        ] GC(466) Eden regions: 86->0(84)
[200.970s][info][gc,heap        ] GC(466) Survivor regions: 10->12(12)
[200.970s][info][gc,heap        ] GC(466) Old regions: 326->342
[200.970s][info][gc,heap        ] GC(466) Humongous regions: 201->181
[200.970s][info][gc,metaspace   ] GC(466) Metaspace: 67860K->67860K(1110016K)
[200.970s][info][gc             ] GC(466) Pause Young (Normal) (G1 Evacuation Pause) 620M->533M(1933M) 64.788ms
[200.970s][info][gc,cpu         ] GC(466) User=0.06s Sys=0.00s Real=0.07s
[201.012s][info][gc,start       ] GC(467) Pause Young (Normal) (G1 Evacuation Pause)
[201.012s][info][gc,task        ] GC(467) Using 1 workers of 1 for evacuation
[201.034s][info][gc,phases      ] GC(467)   Pre Evacuate Collection Set: 0.1ms
[201.034s][info][gc,phases      ] GC(467)   Evacuate Collection Set: 21.6ms
[201.034s][info][gc,phases      ] GC(467)   Post Evacuate Collection Set: 0.3ms
[201.034s][info][gc,phases      ] GC(467)   Other: 0.2ms
[201.034s][info][gc,heap        ] GC(467) Eden regions: 84->0(96)
[201.034s][info][gc,heap        ] GC(467) Survivor regions: 12->1(12)
[201.034s][info][gc,heap        ] GC(467) Old regions: 342->354
[201.034s][info][gc,heap        ] GC(467) Humongous regions: 181->181
[201.034s][info][gc,metaspace   ] GC(467) Metaspace: 67860K->67860K(1110016K)
[201.034s][info][gc             ] GC(467) Pause Young (Normal) (G1 Evacuation Pause) 617M->533M(1933M) 22.281ms
[201.034s][info][gc,cpu         ] GC(467) User=0.02s Sys=0.00s Real=0.02s
[201.082s][info][gc,start       ] GC(468) Pause Young (Normal) (G1 Evacuation Pause)
[201.082s][info][gc,task        ] GC(468) Using 1 workers of 1 for evacuation
[201.084s][info][gc,phases      ] GC(468)   Pre Evacuate Collection Set: 0.1ms
[201.084s][info][gc,phases      ] GC(468)   Evacuate Collection Set: 1.9ms
[201.084s][info][gc,phases      ] GC(468)   Post Evacuate Collection Set: 0.3ms
[201.084s][info][gc,phases      ] GC(468)   Other: 0.2ms
[201.084s][info][gc,heap        ] GC(468) Eden regions: 96->0(117)
[201.084s][info][gc,heap        ] GC(468) Survivor regions: 1->1(13)
[201.084s][info][gc,heap        ] GC(468) Old regions: 354->354
[201.084s][info][gc,heap        ] GC(468) Humongous regions: 181->181
[201.084s][info][gc,metaspace   ] GC(468) Metaspace: 67860K->67860K(1110016K)
[201.084s][info][gc             ] GC(468) Pause Young (Normal) (G1 Evacuation Pause) 629M->533M(1933M) 2.465ms
[201.084s][info][gc,cpu         ] GC(468) User=0.00s Sys=0.00s Real=0.00s
[201.142s][info][gc,start       ] GC(469) Pause Young (Normal) (G1 Evacuation Pause)
[201.142s][info][gc,task        ] GC(469) Using 1 workers of 1 for evacuation
[201.144s][info][gc,phases      ] GC(469)   Pre Evacuate Collection Set: 0.1ms
[201.144s][info][gc,phases      ] GC(469)   Evacuate Collection Set: 2.0ms
[201.144s][info][gc,phases      ] GC(469)   Post Evacuate Collection Set: 0.3ms
[201.144s][info][gc,phases      ] GC(469)   Other: 0.2ms
[201.144s][info][gc,heap        ] GC(469) Eden regions: 117->0(153)
[201.144s][info][gc,heap        ] GC(469) Survivor regions: 1->1(15)
[201.144s][info][gc,heap        ] GC(469) Old regions: 354->354
[201.144s][info][gc,heap        ] GC(469) Humongous regions: 181->181
[201.144s][info][gc,metaspace   ] GC(469) Metaspace: 67860K->67860K(1110016K)
[201.145s][info][gc             ] GC(469) Pause Young (Normal) (G1 Evacuation Pause) 650M->533M(1933M) 2.609ms
[201.145s][info][gc,cpu         ] GC(469) User=0.00s Sys=0.00s Real=0.00s
[201.225s][info][gc,start       ] GC(470) Pause Young (Normal) (G1 Evacuation Pause)
[201.225s][info][gc,task        ] GC(470) Using 1 workers of 1 for evacuation
[201.298s][info][gc,phases      ] GC(470)   Pre Evacuate Collection Set: 0.1ms
[201.298s][info][gc,phases      ] GC(470)   Evacuate Collection Set: 72.6ms
[201.298s][info][gc,phases      ] GC(470)   Post Evacuate Collection Set: 0.6ms
[201.298s][info][gc,phases      ] GC(470)   Other: 0.3ms
[201.298s][info][gc,heap        ] GC(470) Eden regions: 153->0(151)
[201.298s][info][gc,heap        ] GC(470) Survivor regions: 1->20(20)
[201.298s][info][gc,heap        ] GC(470) Old regions: 354->376
[201.298s][info][gc,heap        ] GC(470) Humongous regions: 184->184
[201.298s][info][gc,metaspace   ] GC(470) Metaspace: 67860K->67860K(1110016K)
[201.298s][info][gc             ] GC(470) Pause Young (Normal) (G1 Evacuation Pause) 689M->577M(1933M) 73.933ms
[201.299s][info][gc,cpu         ] GC(470) User=0.08s Sys=0.00s Real=0.08s
[201.320s][info][gc,task        ] GC(471) Using 1 workers of 1 for full compaction
[201.320s][info][gc,start       ] GC(471) Pause Full (System.gc())
[201.321s][info][gc,phases,start] GC(471) Phase 1: Mark live objects
[201.490s][info][gc,stringtable ] GC(471) Cleaned string and symbol table, strings: 23528 processed, 23 removed, symbols: 139768 processed, 0 removed
[201.491s][info][gc,phases      ] GC(471) Phase 1: Mark live objects 169.658ms
[201.491s][info][gc,phases,start] GC(471) Phase 2: Prepare for compaction
[201.534s][info][gc,phases      ] GC(471) Phase 2: Prepare for compaction 43.323ms
[201.534s][info][gc,phases,start] GC(471) Phase 3: Adjust pointers
[201.636s][info][gc,phases      ] GC(471) Phase 3: Adjust pointers 102.413ms
[201.636s][info][gc,phases,start] GC(471) Phase 4: Compact heap
[201.680s][info][gc,phases      ] GC(471) Phase 4: Compact heap 43.053ms
[201.720s][info][gc,heap        ] GC(471) Eden regions: 52->0(164)
[201.720s][info][gc,heap        ] GC(471) Survivor regions: 20->0(20)
[201.720s][info][gc,heap        ] GC(471) Old regions: 376->138
[201.720s][info][gc,heap        ] GC(471) Humongous regions: 184->9
[201.720s][info][gc,metaspace   ] GC(471) Metaspace: 67860K->67860K(1110016K)
[201.720s][info][gc             ] GC(471) Pause Full (System.gc()) 628M->145M(490M) 400.251ms
[201.720s][info][gc,cpu         ] GC(471) User=0.35s Sys=0.04s Real=0.40s
[202.204s][info][gc,start       ] GC(472) Pause Young (Normal) (G1 Evacuation Pause)
[202.204s][info][gc,task        ] GC(472) Using 1 workers of 1 for evacuation
[202.282s][info][gc,phases      ] GC(472)   Pre Evacuate Collection Set: 0.0ms
[202.282s][info][gc,phases      ] GC(472)   Evacuate Collection Set: 75.4ms
[202.282s][info][gc,phases      ] GC(472)   Post Evacuate Collection Set: 2.0ms
[202.282s][info][gc,phases      ] GC(472)   Other: 0.3ms
[202.282s][info][gc,heap        ] GC(472) Eden regions: 164->0(138)
[202.282s][info][gc,heap        ] GC(472) Survivor regions: 0->21(21)
[202.282s][info][gc,heap        ] GC(472) Old regions: 138->148
[202.282s][info][gc,heap        ] GC(472) Humongous regions: 31->26
[202.282s][info][gc,metaspace   ] GC(472) Metaspace: 67882K->67882K(1110016K)
[202.282s][info][gc             ] GC(472) Pause Young (Normal) (G1 Evacuation Pause) 331M->192M(969M) 77.818ms
[202.282s][info][gc,cpu         ] GC(472) User=0.08s Sys=0.00s Real=0.08s
[202.664s][info][gc,start       ] GC(473) Pause Young (Normal) (G1 Evacuation Pause)
[202.665s][info][gc,task        ] GC(473) Using 1 workers of 1 for evacuation
[202.750s][info][gc,phases      ] GC(473)   Pre Evacuate Collection Set: 0.0ms
[202.750s][info][gc,phases      ] GC(473)   Evacuate Collection Set: 84.9ms
[202.750s][info][gc,phases      ] GC(473)   Post Evacuate Collection Set: 0.4ms
[202.750s][info][gc,phases      ] GC(473)   Other: 0.3ms
[202.750s][info][gc,heap        ] GC(473) Eden regions: 138->0(158)
[202.750s][info][gc,heap        ] GC(473) Survivor regions: 21->12(20)
[202.750s][info][gc,heap        ] GC(473) Old regions: 148->169
[202.750s][info][gc,heap        ] GC(473) Humongous regions: 31->31
[202.750s][info][gc,metaspace   ] GC(473) Metaspace: 67882K->67882K(1110016K)
[202.750s][info][gc             ] GC(473) Pause Young (Normal) (G1 Evacuation Pause) 335M->209M(969M) 85.608ms
[202.750s][info][gc,cpu         ] GC(473) User=0.09s Sys=0.00s Real=0.09s
[203.140s][info][gc,start       ] GC(474) Pause Young (Normal) (G1 Evacuation Pause)
[203.140s][info][gc,task        ] GC(474) Using 1 workers of 1 for evacuation
[203.200s][info][gc,phases      ] GC(474)   Pre Evacuate Collection Set: 0.0ms
[203.200s][info][gc,phases      ] GC(474)   Evacuate Collection Set: 59.5ms
[203.200s][info][gc,phases      ] GC(474)   Post Evacuate Collection Set: 0.4ms
[203.200s][info][gc,phases      ] GC(474)   Other: 0.3ms
[203.200s][info][gc,heap        ] GC(474) Eden regions: 158->0(182)
[203.200s][info][gc,heap        ] GC(474) Survivor regions: 12->10(22)
[203.200s][info][gc,heap        ] GC(474) Old regions: 169->179
[203.200s][info][gc,heap        ] GC(474) Humongous regions: 31->31
[203.200s][info][gc,metaspace   ] GC(474) Metaspace: 67882K->67882K(1110016K)
[203.200s][info][gc             ] GC(474) Pause Young (Normal) (G1 Evacuation Pause) 367M->217M(969M) 60.304ms
[203.200s][info][gc,cpu         ] GC(474) User=0.06s Sys=0.00s Real=0.06s
[204.176s][info][gc,start       ] GC(475) Pause Young (Normal) (G1 Evacuation Pause)
[204.177s][info][gc,task        ] GC(475) Using 1 workers of 1 for evacuation
[204.270s][info][gc,phases      ] GC(475)   Pre Evacuate Collection Set: 0.0ms
[204.270s][info][gc,phases      ] GC(475)   Evacuate Collection Set: 92.9ms
[204.270s][info][gc,phases      ] GC(475)   Post Evacuate Collection Set: 0.7ms
[204.270s][info][gc,phases      ] GC(475)   Other: 0.3ms
[204.270s][info][gc,heap        ] GC(475) Eden regions: 162->0(159)
[204.270s][info][gc,heap        ] GC(475) Survivor regions: 10->22(22)
[204.270s][info][gc,heap        ] GC(475) Old regions: 179->179
[204.270s][info][gc,heap        ] GC(475) Humongous regions: 48->48
[204.270s][info][gc,metaspace   ] GC(475) Metaspace: 67882K->67882K(1110016K)
[204.270s][info][gc             ] GC(475) Pause Young (Normal) (G1 Evacuation Pause) 396M->246M(969M) 93.912ms
[204.270s][info][gc,cpu         ] GC(475) User=0.09s Sys=0.00s Real=0.10s
[204.436s][info][gc,start       ] GC(476) Pause Young (Normal) (G1 Evacuation Pause)
[204.436s][info][gc,task        ] GC(476) Using 1 workers of 1 for evacuation
[204.559s][info][gc,phases      ] GC(476)   Pre Evacuate Collection Set: 0.1ms
[204.559s][info][gc,phases      ] GC(476)   Evacuate Collection Set: 120.9ms
[204.559s][info][gc,phases      ] GC(476)   Post Evacuate Collection Set: 1.7ms
[204.559s][info][gc,phases      ] GC(476)   Other: 0.5ms
[204.559s][info][gc,heap        ] GC(476) Eden regions: 41->0(155)
[204.559s][info][gc,heap        ] GC(476) Survivor regions: 22->8(8)
[204.559s][info][gc,heap        ] GC(476) Old regions: 179->209
[204.559s][info][gc,heap        ] GC(476) Humongous regions: 56->56
[204.559s][info][gc,metaspace   ] GC(476) Metaspace: 67882K->67882K(1110016K)
[204.559s][info][gc             ] GC(476) Pause Young (Normal) (G1 Evacuation Pause) 295M->271M(1288M) 123.206ms
[204.559s][info][gc,cpu         ] GC(476) User=0.13s Sys=0.00s Real=0.13s
[205.027s][info][gc,start       ] GC(477) Pause Young (Normal) (G1 Evacuation Pause)
[205.028s][info][gc,task        ] GC(477) Using 1 workers of 1 for evacuation
[205.135s][info][gc,phases      ] GC(477)   Pre Evacuate Collection Set: 0.0ms
[205.135s][info][gc,phases      ] GC(477)   Evacuate Collection Set: 106.5ms
[205.135s][info][gc,phases      ] GC(477)   Post Evacuate Collection Set: 0.7ms
[205.135s][info][gc,phases      ] GC(477)   Other: 0.3ms
[205.135s][info][gc,heap        ] GC(477) Eden regions: 155->0(139)
[205.135s][info][gc,heap        ] GC(477) Survivor regions: 8->21(21)
[205.135s][info][gc,heap        ] GC(477) Old regions: 209->212
[205.135s][info][gc,heap        ] GC(477) Humongous regions: 67->67
[205.135s][info][gc,metaspace   ] GC(477) Metaspace: 67882K->67882K(1110016K)
[205.135s][info][gc             ] GC(477) Pause Young (Normal) (G1 Evacuation Pause) 437M->297M(1288M) 107.635ms
[205.135s][info][gc,cpu         ] GC(477) User=0.11s Sys=0.00s Real=0.11s
[205.486s][info][gc,start       ] GC(478) Pause Young (Normal) (G1 Evacuation Pause)
[205.486s][info][gc,task        ] GC(478) Using 1 workers of 1 for evacuation
[205.571s][info][gc,phases      ] GC(478)   Pre Evacuate Collection Set: 0.0ms
[205.571s][info][gc,phases      ] GC(478)   Evacuate Collection Set: 84.1ms
[205.571s][info][gc,phases      ] GC(478)   Post Evacuate Collection Set: 0.4ms
[205.571s][info][gc,phases      ] GC(478)   Other: 0.3ms
[205.571s][info][gc,heap        ] GC(478) Eden regions: 139->0(165)
[205.571s][info][gc,heap        ] GC(478) Survivor regions: 21->9(20)
[205.571s][info][gc,heap        ] GC(478) Old regions: 212->233
[205.571s][info][gc,heap        ] GC(478) Humongous regions: 67->67
[205.571s][info][gc,metaspace   ] GC(478) Metaspace: 67882K->67882K(1110016K)
[205.571s][info][gc             ] GC(478) Pause Young (Normal) (G1 Evacuation Pause) 436M->306M(1288M) 84.871ms
[205.571s][info][gc,cpu         ] GC(478) User=0.08s Sys=0.00s Real=0.09s
[206.024s][info][gc,start       ] GC(479) Pause Young (Normal) (G1 Evacuation Pause)
[206.024s][info][gc,task        ] GC(479) Using 1 workers of 1 for evacuation
[206.097s][info][gc,phases      ] GC(479)   Pre Evacuate Collection Set: 0.1ms
[206.097s][info][gc,phases      ] GC(479)   Evacuate Collection Set: 72.4ms
[206.097s][info][gc,phases      ] GC(479)   Post Evacuate Collection Set: 0.5ms
[206.097s][info][gc,phases      ] GC(479)   Other: 0.3ms
[206.097s][info][gc,heap        ] GC(479) Eden regions: 165->0(138)
[206.097s][info][gc,heap        ] GC(479) Survivor regions: 9->18(22)
[206.097s][info][gc,heap        ] GC(479) Old regions: 233->233
[206.097s][info][gc,heap        ] GC(479) Humongous regions: 76->76
[206.097s][info][gc,metaspace   ] GC(479) Metaspace: 67882K->67882K(1110016K)
[206.097s][info][gc             ] GC(479) Pause Young (Normal) (G1 Evacuation Pause) 480M->324M(1288M) 73.313ms
[206.097s][info][gc,cpu         ] GC(479) User=0.07s Sys=0.00s Real=0.07s
[206.705s][info][gc,start       ] GC(480) Pause Young (Normal) (G1 Evacuation Pause)
[206.705s][info][gc,task        ] GC(480) Using 1 workers of 1 for evacuation
[206.821s][info][gc,phases      ] GC(480)   Pre Evacuate Collection Set: 0.0ms
[206.821s][info][gc,phases      ] GC(480)   Evacuate Collection Set: 114.3ms
[206.821s][info][gc,phases      ] GC(480)   Post Evacuate Collection Set: 1.2ms
[206.821s][info][gc,phases      ] GC(480)   Other: 0.3ms
[206.821s][info][gc,heap        ] GC(480) Eden regions: 84->0(147)
[206.821s][info][gc,heap        ] GC(480) Survivor regions: 18->13(13)
[206.821s][info][gc,heap        ] GC(480) Old regions: 233->253
[206.821s][info][gc,heap        ] GC(480) Humongous regions: 87->87
[206.821s][info][gc,metaspace   ] GC(480) Metaspace: 67884K->67884K(1110016K)
[206.821s][info][gc             ] GC(480) Pause Young (Normal) (G1 Evacuation Pause) 419M->351M(1468M) 116.007ms
[206.821s][info][gc,cpu         ] GC(480) User=0.12s Sys=0.00s Real=0.12s
[207.234s][info][gc,start       ] GC(481) Pause Young (Normal) (G1 Evacuation Pause)
[207.234s][info][gc,task        ] GC(481) Using 1 workers of 1 for evacuation
[207.364s][info][gc,phases      ] GC(481)   Pre Evacuate Collection Set: 0.1ms
[207.364s][info][gc,phases      ] GC(481)   Evacuate Collection Set: 129.2ms
[207.364s][info][gc,phases      ] GC(481)   Post Evacuate Collection Set: 0.7ms
[207.364s][info][gc,phases      ] GC(481)   Other: 0.6ms
[207.364s][info][gc,heap        ] GC(481) Eden regions: 147->0(141)
[207.364s][info][gc,heap        ] GC(481) Survivor regions: 13->20(20)
[207.364s][info][gc,heap        ] GC(481) Old regions: 253->267
[207.364s][info][gc,heap        ] GC(481) Humongous regions: 98->98
[207.364s][info][gc,metaspace   ] GC(481) Metaspace: 67884K->67884K(1110016K)
[207.364s][info][gc             ] GC(481) Pause Young (Normal) (G1 Evacuation Pause) 509M->383M(1468M) 130.652ms
[207.364s][info][gc,cpu         ] GC(481) User=0.12s Sys=0.00s Real=0.13s
[207.740s][info][gc,start       ] GC(482) Pause Young (Normal) (G1 Evacuation Pause)
[207.740s][info][gc,task        ] GC(482) Using 1 workers of 1 for evacuation
[207.834s][info][gc,phases      ] GC(482)   Pre Evacuate Collection Set: 0.1ms
[207.834s][info][gc,phases      ] GC(482)   Evacuate Collection Set: 92.7ms
[207.834s][info][gc,phases      ] GC(482)   Post Evacuate Collection Set: 0.6ms
[207.834s][info][gc,phases      ] GC(482)   Other: 0.3ms
[207.834s][info][gc,heap        ] GC(482) Eden regions: 141->0(163)
[207.834s][info][gc,heap        ] GC(482) Survivor regions: 20->11(21)
[207.834s][info][gc,heap        ] GC(482) Old regions: 267->287
[207.834s][info][gc,heap        ] GC(482) Humongous regions: 103->103
[207.834s][info][gc,metaspace   ] GC(482) Metaspace: 67884K->67884K(1110016K)
[207.834s][info][gc             ] GC(482) Pause Young (Normal) (G1 Evacuation Pause) 529M->398M(1468M) 93.658ms
[207.834s][info][gc,cpu         ] GC(482) User=0.09s Sys=0.00s Real=0.09s
[208.272s][info][gc,start       ] GC(483) Pause Young (Normal) (G1 Evacuation Pause)
[208.272s][info][gc,task        ] GC(483) Using 1 workers of 1 for evacuation
[208.352s][info][gc,phases      ] GC(483)   Pre Evacuate Collection Set: 0.1ms
[208.352s][info][gc,phases      ] GC(483)   Evacuate Collection Set: 78.7ms
[208.352s][info][gc,phases      ] GC(483)   Post Evacuate Collection Set: 0.6ms
[208.352s][info][gc,phases      ] GC(483)   Other: 0.3ms
[208.352s][info][gc,heap        ] GC(483) Eden regions: 156->0(143)
[208.352s][info][gc,heap        ] GC(483) Survivor regions: 11->18(21)
[208.352s][info][gc,heap        ] GC(483) Old regions: 287->287
[208.352s][info][gc,heap        ] GC(483) Humongous regions: 112->112
[208.352s][info][gc,metaspace   ] GC(483) Metaspace: 67884K->67884K(1110016K)
[208.352s][info][gc             ] GC(483) Pause Young (Normal) (G1 Evacuation Pause) 563M->415M(1468M) 79.758ms
[208.352s][info][gc,cpu         ] GC(483) User=0.08s Sys=0.00s Real=0.08s
[208.873s][info][gc,start       ] GC(484) Pause Young (Normal) (G1 Evacuation Pause)
[208.873s][info][gc,task        ] GC(484) Using 1 workers of 1 for evacuation
[208.976s][info][gc,phases      ] GC(484)   Pre Evacuate Collection Set: 0.1ms
[208.976s][info][gc,phases      ] GC(484)   Evacuate Collection Set: 101.4ms
[208.976s][info][gc,phases      ] GC(484)   Post Evacuate Collection Set: 0.9ms
[208.976s][info][gc,phases      ] GC(484)   Other: 0.3ms
[208.976s][info][gc,heap        ] GC(484) Eden regions: 69->0(147)
[208.976s][info][gc,heap        ] GC(484) Survivor regions: 18->5(11)
[208.976s][info][gc,heap        ] GC(484) Old regions: 287->304
[208.976s][info][gc,heap        ] GC(484) Humongous regions: 117->117
[208.976s][info][gc,metaspace   ] GC(484) Metaspace: 67884K->67884K(1110016K)
[208.976s][info][gc             ] GC(484) Pause Young (Normal) (G1 Evacuation Pause) 489M->423M(1573M) 102.737ms
[208.976s][info][gc,cpu         ] GC(484) User=0.10s Sys=0.00s Real=0.10s
[209.476s][info][gc,start       ] GC(485) Pause Young (Normal) (G1 Evacuation Pause)
[209.476s][info][gc,task        ] GC(485) Using 1 workers of 1 for evacuation
[209.589s][info][gc,phases      ] GC(485)   Pre Evacuate Collection Set: 0.1ms
[209.589s][info][gc,phases      ] GC(485)   Evacuate Collection Set: 112.8ms
[209.589s][info][gc,phases      ] GC(485)   Post Evacuate Collection Set: 0.5ms
[209.589s][info][gc,phases      ] GC(485)   Other: 0.3ms
[209.589s][info][gc,heap        ] GC(485) Eden regions: 115->0(89)
[209.589s][info][gc,heap        ] GC(485) Survivor regions: 5->15(15)
[209.589s][info][gc,heap        ] GC(485) Old regions: 304->325
[209.589s][info][gc,heap        ] GC(485) Humongous regions: 144->139
[209.589s][info][gc,metaspace   ] GC(485) Metaspace: 67891K->67891K(1110016K)
[209.589s][info][gc             ] GC(485) Pause Young (Normal) (G1 Evacuation Pause) 565M->477M(1573M) 113.697ms
[209.589s][info][gc,cpu         ] GC(485) User=0.11s Sys=0.00s Real=0.12s
[209.804s][info][gc,start       ] GC(486) Pause Young (Normal) (G1 Evacuation Pause)
[209.804s][info][gc,task        ] GC(486) Using 1 workers of 1 for evacuation
[209.896s][info][gc,phases      ] GC(486)   Pre Evacuate Collection Set: 0.1ms
[209.896s][info][gc,phases      ] GC(486)   Evacuate Collection Set: 91.1ms
[209.896s][info][gc,phases      ] GC(486)   Post Evacuate Collection Set: 0.7ms
[209.896s][info][gc,phases      ] GC(486)   Other: 0.3ms
[209.896s][info][gc,heap        ] GC(486) Eden regions: 89->0(90)
[209.896s][info][gc,heap        ] GC(486) Survivor regions: 15->11(13)
[209.896s][info][gc,heap        ] GC(486) Old regions: 325->340
[209.896s][info][gc,heap        ] GC(486) Humongous regions: 145->145
[209.896s][info][gc,metaspace   ] GC(486) Metaspace: 67891K->67891K(1110016K)
[209.896s][info][gc             ] GC(486) Pause Young (Normal) (G1 Evacuation Pause) 572M->494M(1573M) 92.224ms
[209.896s][info][gc,cpu         ] GC(486) User=0.10s Sys=0.00s Real=0.09s
[210.146s][info][gc,start       ] GC(487) Pause Young (Normal) (G1 Evacuation Pause)
[210.147s][info][gc,task        ] GC(487) Using 1 workers of 1 for evacuation
[210.226s][info][gc,phases      ] GC(487)   Pre Evacuate Collection Set: 0.1ms
[210.226s][info][gc,phases      ] GC(487)   Evacuate Collection Set: 78.4ms
[210.226s][info][gc,phases      ] GC(487)   Post Evacuate Collection Set: 0.4ms
[210.226s][info][gc,phases      ] GC(487)   Other: 0.3ms
[210.226s][info][gc,heap        ] GC(487) Eden regions: 90->0(108)
[210.226s][info][gc,heap        ] GC(487) Survivor regions: 11->9(13)
[210.226s][info][gc,heap        ] GC(487) Old regions: 340->351
[210.226s][info][gc,heap        ] GC(487) Humongous regions: 150->150
[210.226s][info][gc,metaspace   ] GC(487) Metaspace: 67891K->67891K(1110016K)
[210.226s][info][gc             ] GC(487) Pause Young (Normal) (G1 Evacuation Pause) 589M->507M(1573M) 79.201ms
[210.226s][info][gc,cpu         ] GC(487) User=0.07s Sys=0.00s Real=0.08s
[210.507s][info][gc,start       ] GC(488) Pause Young (Normal) (G1 Evacuation Pause)
[210.507s][info][gc,task        ] GC(488) Using 1 workers of 1 for evacuation
[210.555s][info][gc,phases      ] GC(488)   Pre Evacuate Collection Set: 0.1ms
[210.555s][info][gc,phases      ] GC(488)   Evacuate Collection Set: 46.7ms
[210.555s][info][gc,phases      ] GC(488)   Post Evacuate Collection Set: 0.6ms
[210.555s][info][gc,phases      ] GC(488)   Other: 0.3ms
[210.555s][info][gc,heap        ] GC(488) Eden regions: 108->0(137)
[210.555s][info][gc,heap        ] GC(488) Survivor regions: 9->8(15)
[210.555s][info][gc,heap        ] GC(488) Old regions: 351->359
[210.555s][info][gc,heap        ] GC(488) Humongous regions: 150->150
[210.555s][info][gc,metaspace   ] GC(488) Metaspace: 67891K->67891K(1110016K)
[210.555s][info][gc             ] GC(488) Pause Young (Normal) (G1 Evacuation Pause) 615M->514M(1657M) 47.716ms
[210.555s][info][gc,cpu         ] GC(488) User=0.05s Sys=0.00s Real=0.05s
[210.972s][info][gc,start       ] GC(489) Pause Young (Normal) (G1 Evacuation Pause)
[210.972s][info][gc,task        ] GC(489) Using 1 workers of 1 for evacuation
[211.066s][info][gc,phases      ] GC(489)   Pre Evacuate Collection Set: 0.1ms
[211.066s][info][gc,phases      ] GC(489)   Evacuate Collection Set: 92.5ms
[211.066s][info][gc,phases      ] GC(489)   Post Evacuate Collection Set: 0.6ms
[211.066s][info][gc,phases      ] GC(489)   Other: 0.3ms
[211.066s][info][gc,heap        ] GC(489) Eden regions: 137->0(67)
[211.066s][info][gc,heap        ] GC(489) Survivor regions: 8->15(19)
[211.066s][info][gc,heap        ] GC(489) Old regions: 359->359
[211.066s][info][gc,heap        ] GC(489) Humongous regions: 159->159
[211.066s][info][gc,metaspace   ] GC(489) Metaspace: 67891K->67891K(1110016K)
[211.066s][info][gc             ] GC(489) Pause Young (Normal) (G1 Evacuation Pause) 660M->530M(1657M) 93.541ms
[211.066s][info][gc,cpu         ] GC(489) User=0.09s Sys=0.00s Real=0.09s
[211.687s][info][gc,start       ] GC(490) Pause Young (Normal) (G1 Evacuation Pause)
[211.687s][info][gc,task        ] GC(490) Using 1 workers of 1 for evacuation
[211.792s][info][gc,phases      ] GC(490)   Pre Evacuate Collection Set: 0.1ms
[211.792s][info][gc,phases      ] GC(490)   Evacuate Collection Set: 104.2ms
[211.792s][info][gc,phases      ] GC(490)   Post Evacuate Collection Set: 0.6ms
[211.792s][info][gc,phases      ] GC(490)   Other: 0.3ms
[211.792s][info][gc,heap        ] GC(490) Eden regions: 67->0(89)
[211.792s][info][gc,heap        ] GC(490) Survivor regions: 15->9(11)
[211.792s][info][gc,heap        ] GC(490) Old regions: 359->373
[211.792s][info][gc,heap        ] GC(490) Humongous regions: 170->170
[211.792s][info][gc,metaspace   ] GC(490) Metaspace: 67908K->67908K(1110016K)
[211.792s][info][gc             ] GC(490) Pause Young (Normal) (G1 Evacuation Pause) 608M->550M(1657M) 105.224ms
[211.792s][info][gc,cpu         ] GC(490) User=0.10s Sys=0.00s Real=0.11s
[212.089s][info][gc,start       ] GC(491) Pause Young (Normal) (G1 Evacuation Pause)
[212.089s][info][gc,task        ] GC(491) Using 1 workers of 1 for evacuation
[212.201s][info][gc,phases      ] GC(491)   Pre Evacuate Collection Set: 0.1ms
[212.201s][info][gc,phases      ] GC(491)   Evacuate Collection Set: 111.3ms
[212.201s][info][gc,phases      ] GC(491)   Post Evacuate Collection Set: 0.5ms
[212.202s][info][gc,phases      ] GC(491)   Other: 0.3ms
[212.202s][info][gc,heap        ] GC(491) Eden regions: 89->0(78)
[212.202s][info][gc,heap        ] GC(491) Survivor regions: 9->13(13)
[212.202s][info][gc,heap        ] GC(491) Old regions: 373->396
[212.202s][info][gc,heap        ] GC(491) Humongous regions: 186->186
[212.202s][info][gc,metaspace   ] GC(491) Metaspace: 67908K->67908K(1110016K)
[212.202s][info][gc             ] GC(491) Pause Young (Normal) (G1 Evacuation Pause) 655M->592M(1657M) 112.191ms
[212.202s][info][gc,cpu         ] GC(491) User=0.11s Sys=0.00s Real=0.11s
[212.439s][info][gc,start       ] GC(492) Pause Young (Normal) (G1 Evacuation Pause)
[212.439s][info][gc,task        ] GC(492) Using 1 workers of 1 for evacuation
[212.563s][info][gc,phases      ] GC(492)   Pre Evacuate Collection Set: 0.1ms
[212.563s][info][gc,phases      ] GC(492)   Evacuate Collection Set: 122.3ms
[212.563s][info][gc,phases      ] GC(492)   Post Evacuate Collection Set: 0.8ms
[212.563s][info][gc,phases      ] GC(492)   Other: 0.3ms
[212.563s][info][gc,heap        ] GC(492) Eden regions: 78->0(77)
[212.563s][info][gc,heap        ] GC(492) Survivor regions: 13->9(12)
[212.563s][info][gc,heap        ] GC(492) Old regions: 396->409
[212.563s][info][gc,heap        ] GC(492) Humongous regions: 192->192
[212.563s][info][gc,metaspace   ] GC(492) Metaspace: 67908K->67908K(1110016K)
[212.563s][info][gc             ] GC(492) Pause Young (Normal) (G1 Evacuation Pause) 676M->607M(1724M) 123.489ms
[212.563s][info][gc,cpu         ] GC(492) User=0.12s Sys=0.01s Real=0.12s
[212.803s][info][gc,start       ] GC(493) Pause Young (Normal) (G1 Evacuation Pause)
[212.803s][info][gc,task        ] GC(493) Using 1 workers of 1 for evacuation
[212.867s][info][gc,phases      ] GC(493)   Pre Evacuate Collection Set: 0.1ms
[212.867s][info][gc,phases      ] GC(493)   Evacuate Collection Set: 63.6ms
[212.867s][info][gc,phases      ] GC(493)   Post Evacuate Collection Set: 0.4ms
[212.867s][info][gc,phases      ] GC(493)   Other: 0.6ms
[212.867s][info][gc,heap        ] GC(493) Eden regions: 77->0(80)
[212.867s][info][gc,heap        ] GC(493) Survivor regions: 9->8(11)
[212.867s][info][gc,heap        ] GC(493) Old regions: 409->418
[212.867s][info][gc,heap        ] GC(493) Humongous regions: 197->197
[212.867s][info][gc,metaspace   ] GC(493) Metaspace: 67908K->67908K(1110016K)
[212.868s][info][gc             ] GC(493) Pause Young (Normal) (G1 Evacuation Pause) 689M->620M(1724M) 64.767ms
[212.868s][info][gc,cpu         ] GC(493) User=0.06s Sys=0.00s Real=0.06s
[213.053s][info][gc,start       ] GC(494) Pause Young (Normal) (G1 Evacuation Pause)
[213.053s][info][gc,task        ] GC(494) Using 1 workers of 1 for evacuation
[213.093s][info][gc,phases      ] GC(494)   Pre Evacuate Collection Set: 0.1ms
[213.093s][info][gc,phases      ] GC(494)   Evacuate Collection Set: 38.8ms
[213.093s][info][gc,phases      ] GC(494)   Post Evacuate Collection Set: 0.4ms
[213.093s][info][gc,phases      ] GC(494)   Other: 0.3ms
[213.093s][info][gc,heap        ] GC(494) Eden regions: 80->0(103)
[213.093s][info][gc,heap        ] GC(494) Survivor regions: 8->6(11)
[213.093s][info][gc,heap        ] GC(494) Old regions: 418->425
[213.093s][info][gc,heap        ] GC(494) Humongous regions: 197->197
[213.093s][info][gc,metaspace   ] GC(494) Metaspace: 67908K->67908K(1110016K)
[213.093s][info][gc             ] GC(494) Pause Young (Normal) (G1 Evacuation Pause) 700M->625M(1724M) 39.577ms
[213.093s][info][gc,cpu         ] GC(494) User=0.04s Sys=0.00s Real=0.04s
[213.340s][info][gc,start       ] GC(495) Pause Young (Normal) (G1 Evacuation Pause)
[213.340s][info][gc,task        ] GC(495) Using 1 workers of 1 for evacuation
[213.373s][info][gc,phases      ] GC(495)   Pre Evacuate Collection Set: 0.1ms
[213.373s][info][gc,phases      ] GC(495)   Evacuate Collection Set: 33.0ms
[213.373s][info][gc,phases      ] GC(495)   Post Evacuate Collection Set: 0.3ms
[213.373s][info][gc,phases      ] GC(495)   Other: 0.3ms
[213.373s][info][gc,heap        ] GC(495) Eden regions: 103->0(106)
[213.373s][info][gc,heap        ] GC(495) Survivor regions: 6->12(14)
[213.373s][info][gc,heap        ] GC(495) Old regions: 425->425
[213.373s][info][gc,heap        ] GC(495) Humongous regions: 197->197
[213.373s][info][gc,metaspace   ] GC(495) Metaspace: 67908K->67908K(1110016K)
[213.373s][info][gc             ] GC(495) Pause Young (Normal) (G1 Evacuation Pause) 728M->631M(1724M) 33.764ms
[213.373s][info][gc,cpu         ] GC(495) User=0.04s Sys=0.00s Real=0.03s
[213.944s][info][gc,start       ] GC(496) Pause Young (Normal) (G1 Evacuation Pause)
[213.944s][info][gc,task        ] GC(496) Using 1 workers of 1 for evacuation
[214.038s][info][gc,phases      ] GC(496)   Pre Evacuate Collection Set: 0.1ms
[214.038s][info][gc,phases      ] GC(496)   Evacuate Collection Set: 93.4ms
[214.038s][info][gc,phases      ] GC(496)   Post Evacuate Collection Set: 0.8ms
[214.038s][info][gc,phases      ] GC(496)   Other: 0.3ms
[214.038s][info][gc,heap        ] GC(496) Eden regions: 102->0(75)
[214.038s][info][gc,heap        ] GC(496) Survivor regions: 12->13(15)
[214.038s][info][gc,heap        ] GC(496) Old regions: 425->429
[214.038s][info][gc,heap        ] GC(496) Humongous regions: 211->211
[214.038s][info][gc,metaspace   ] GC(496) Metaspace: 67912K->67912K(1110016K)
[214.038s][info][gc             ] GC(496) Pause Young (Normal) (G1 Evacuation Pause) 747M->650M(1773M) 94.613ms
[214.038s][info][gc,cpu         ] GC(496) User=0.10s Sys=0.00s Real=0.10s
[214.426s][info][gc,start       ] GC(497) Pause Young (Normal) (G1 Evacuation Pause)
[214.426s][info][gc,task        ] GC(497) Using 1 workers of 1 for evacuation
[214.526s][info][gc,phases      ] GC(497)   Pre Evacuate Collection Set: 0.1ms
[214.526s][info][gc,phases      ] GC(497)   Evacuate Collection Set: 99.7ms
[214.526s][info][gc,phases      ] GC(497)   Post Evacuate Collection Set: 0.6ms
[214.526s][info][gc,phases      ] GC(497)   Other: 0.3ms
[214.526s][info][gc,heap        ] GC(497) Eden regions: 75->0(87)
[214.526s][info][gc,heap        ] GC(497) Survivor regions: 13->11(11)
[214.526s][info][gc,heap        ] GC(497) Old regions: 429->444
[214.526s][info][gc,heap        ] GC(497) Humongous regions: 222->222
[214.526s][info][gc,metaspace   ] GC(497) Metaspace: 67912K->67912K(1110016K)
[214.526s][info][gc             ] GC(497) Pause Young (Normal) (G1 Evacuation Pause) 736M->675M(1773M) 100.694ms
[214.526s][info][gc,cpu         ] GC(497) User=0.10s Sys=0.00s Real=0.10s
[214.724s][info][gc,start       ] GC(498) Pause Young (Normal) (G1 Evacuation Pause)
[214.724s][info][gc,task        ] GC(498) Using 1 workers of 1 for evacuation
[214.878s][info][gc,phases      ] GC(498)   Pre Evacuate Collection Set: 0.1ms
[214.878s][info][gc,phases      ] GC(498)   Evacuate Collection Set: 153.6ms
[214.878s][info][gc,phases      ] GC(498)   Post Evacuate Collection Set: 0.7ms
[214.879s][info][gc,phases      ] GC(498)   Other: 0.3ms
[214.879s][info][gc,heap        ] GC(498) Eden regions: 87->0(80)
[214.879s][info][gc,heap        ] GC(498) Survivor regions: 11->13(13)
[214.879s][info][gc,heap        ] GC(498) Old regions: 444->466
[214.879s][info][gc,heap        ] GC(498) Humongous regions: 234->234
[214.879s][info][gc,metaspace   ] GC(498) Metaspace: 67912K->67912K(1110016K)
[214.879s][info][gc             ] GC(498) Pause Young (Normal) (G1 Evacuation Pause) 774M->711M(1773M) 154.859ms
[214.879s][info][gc,cpu         ] GC(498) User=0.12s Sys=0.02s Real=0.16s
[215.119s][info][gc,start       ] GC(499) Pause Young (Normal) (G1 Evacuation Pause)
[215.119s][info][gc,task        ] GC(499) Using 1 workers of 1 for evacuation
[215.183s][info][gc,phases      ] GC(499)   Pre Evacuate Collection Set: 0.1ms
[215.183s][info][gc,phases      ] GC(499)   Evacuate Collection Set: 63.6ms
[215.183s][info][gc,phases      ] GC(499)   Post Evacuate Collection Set: 0.4ms
[215.183s][info][gc,phases      ] GC(499)   Other: 0.3ms
[215.183s][info][gc,heap        ] GC(499) Eden regions: 80->0(85)
[215.183s][info][gc,heap        ] GC(499) Survivor regions: 13->9(12)
[215.183s][info][gc,heap        ] GC(499) Old regions: 466->480
[215.183s][info][gc,heap        ] GC(499) Humongous regions: 239->239
[215.183s][info][gc,metaspace   ] GC(499) Metaspace: 67912K->67912K(1110016K)
[215.183s][info][gc             ] GC(499) Pause Young (Normal) (G1 Evacuation Pause) 796M->725M(1773M) 64.519ms
[215.184s][info][gc,cpu         ] GC(499) User=0.06s Sys=0.00s Real=0.06s
[215.417s][info][gc,start       ] GC(500) Pause Young (Normal) (G1 Evacuation Pause)
[215.417s][info][gc,task        ] GC(500) Using 1 workers of 1 for evacuation
[215.469s][info][gc,phases      ] GC(500)   Pre Evacuate Collection Set: 0.1ms
[215.469s][info][gc,phases      ] GC(500)   Evacuate Collection Set: 51.1ms
[215.469s][info][gc,phases      ] GC(500)   Post Evacuate Collection Set: 0.6ms
[215.469s][info][gc,phases      ] GC(500)   Other: 0.3ms
[215.469s][info][gc,heap        ] GC(500) Eden regions: 85->0(103)
[215.469s][info][gc,heap        ] GC(500) Survivor regions: 9->8(12)
[215.469s][info][gc,heap        ] GC(500) Old regions: 480->488
[215.469s][info][gc,heap        ] GC(500) Humongous regions: 244->244
[215.469s][info][gc,metaspace   ] GC(500) Metaspace: 67912K->67912K(1110016K)
[215.469s][info][gc             ] GC(500) Pause Young (Normal) (G1 Evacuation Pause) 815M->737M(1831M) 52.091ms
[215.469s][info][gc,cpu         ] GC(500) User=0.04s Sys=0.01s Real=0.05s
[215.738s][info][gc,start       ] GC(501) Pause Young (Normal) (G1 Evacuation Pause)
[215.738s][info][gc,task        ] GC(501) Using 1 workers of 1 for evacuation
[215.782s][info][gc,phases      ] GC(501)   Pre Evacuate Collection Set: 0.1ms
[215.782s][info][gc,phases      ] GC(501)   Evacuate Collection Set: 43.2ms
[215.782s][info][gc,phases      ] GC(501)   Post Evacuate Collection Set: 0.3ms
[215.782s][info][gc,phases      ] GC(501)   Other: 0.3ms
[215.782s][info][gc,heap        ] GC(501) Eden regions: 103->0(125)
[215.782s][info][gc,heap        ] GC(501) Survivor regions: 8->7(14)
[215.782s][info][gc,heap        ] GC(501) Old regions: 488->495
[215.782s][info][gc,heap        ] GC(501) Humongous regions: 244->244
[215.782s][info][gc,metaspace   ] GC(501) Metaspace: 67912K->67912K(1110016K)
[215.782s][info][gc             ] GC(501) Pause Young (Normal) (G1 Evacuation Pause) 840M->743M(1831M) 43.963ms
[215.782s][info][gc,cpu         ] GC(501) User=0.05s Sys=0.00s Real=0.04s
[216.163s][info][gc,start       ] GC(502) Pause Young (Normal) (G1 Evacuation Pause)
[216.163s][info][gc,task        ] GC(502) Using 1 workers of 1 for evacuation
[216.219s][info][gc,phases      ] GC(502)   Pre Evacuate Collection Set: 0.1ms
[216.219s][info][gc,phases      ] GC(502)   Evacuate Collection Set: 55.5ms
[216.219s][info][gc,phases      ] GC(502)   Post Evacuate Collection Set: 0.6ms
[216.219s][info][gc,phases      ] GC(502)   Other: 0.3ms
[216.219s][info][gc,heap        ] GC(502) Eden regions: 125->0(109)
[216.219s][info][gc,heap        ] GC(502) Survivor regions: 7->14(17)
[216.219s][info][gc,heap        ] GC(502) Old regions: 495->495
[216.219s][info][gc,heap        ] GC(502) Humongous regions: 253->253
[216.219s][info][gc,metaspace   ] GC(502) Metaspace: 67912K->67912K(1110016K)
[216.219s][info][gc             ] GC(502) Pause Young (Normal) (G1 Evacuation Pause) 877M->759M(1831M) 56.474ms
[216.219s][info][gc,cpu         ] GC(502) User=0.06s Sys=0.00s Real=0.06s
[216.937s][info][gc,start       ] GC(503) Pause Young (Normal) (G1 Evacuation Pause)
[216.937s][info][gc,task        ] GC(503) Using 1 workers of 1 for evacuation
[217.059s][info][gc,phases      ] GC(503)   Pre Evacuate Collection Set: 0.1ms
[217.059s][info][gc,phases      ] GC(503)   Evacuate Collection Set: 120.6ms
[217.059s][info][gc,phases      ] GC(503)   Post Evacuate Collection Set: 0.7ms
[217.059s][info][gc,phases      ] GC(503)   Other: 0.3ms
[217.059s][info][gc,heap        ] GC(503) Eden regions: 77->0(88)
[217.059s][info][gc,heap        ] GC(503) Survivor regions: 14->12(12)
[217.059s][info][gc,heap        ] GC(503) Old regions: 495->509
[217.059s][info][gc,heap        ] GC(503) Humongous regions: 274->269
[217.059s][info][gc,metaspace   ] GC(503) Metaspace: 67917K->67917K(1110016K)
[217.059s][info][gc             ] GC(503) Pause Young (Normal) (G1 Evacuation Pause) 857M->787M(1831M) 121.856ms
[217.059s][info][gc,cpu         ] GC(503) User=0.12s Sys=0.00s Real=0.13s
[217.381s][info][gc,start       ] GC(504) Pause Young (Normal) (G1 Evacuation Pause)
[217.381s][info][gc,task        ] GC(504) Using 1 workers of 1 for evacuation
[217.476s][info][gc,phases      ] GC(504)   Pre Evacuate Collection Set: 0.1ms
[217.476s][info][gc,phases      ] GC(504)   Evacuate Collection Set: 94.2ms
[217.476s][info][gc,phases      ] GC(504)   Post Evacuate Collection Set: 0.7ms
[217.476s][info][gc,phases      ] GC(504)   Other: 0.3ms
[217.476s][info][gc,heap        ] GC(504) Eden regions: 88->0(97)
[217.476s][info][gc,heap        ] GC(504) Survivor regions: 12->13(13)
[217.476s][info][gc,heap        ] GC(504) Old regions: 509->521
[217.476s][info][gc,heap        ] GC(504) Humongous regions: 280->280
[217.476s][info][gc,metaspace   ] GC(504) Metaspace: 67918K->67918K(1110016K)
[217.476s][info][gc             ] GC(504) Pause Young (Normal) (G1 Evacuation Pause) 886M->811M(1863M) 95.284ms
[217.476s][info][gc,cpu         ] GC(504) User=0.09s Sys=0.00s Real=0.09s
[217.925s][info][gc,start       ] GC(505) Pause Young (Normal) (G1 Evacuation Pause)
[217.925s][info][gc,task        ] GC(505) Using 1 workers of 1 for evacuation
[218.032s][info][gc,phases      ] GC(505)   Pre Evacuate Collection Set: 0.1ms
[218.032s][info][gc,phases      ] GC(505)   Evacuate Collection Set: 105.8ms
[218.032s][info][gc,phases      ] GC(505)   Post Evacuate Collection Set: 0.7ms
[218.032s][info][gc,phases      ] GC(505)   Other: 0.3ms
[218.032s][info][gc,heap        ] GC(505) Eden regions: 97->0(88)
[218.032s][info][gc,heap        ] GC(505) Survivor regions: 13->14(14)
[218.032s][info][gc,heap        ] GC(505) Old regions: 521->538
[218.032s][info][gc,heap        ] GC(505) Humongous regions: 307->302
[218.032s][info][gc,metaspace   ] GC(505) Metaspace: 67942K->67942K(1110016K)
[218.032s][info][gc             ] GC(505) Pause Young (Normal) (G1 Evacuation Pause) 935M->851M(1863M) 107.035ms
[218.032s][info][gc,cpu         ] GC(505) User=0.11s Sys=0.00s Real=0.11s
[218.154s][info][gc,start       ] GC(506) Pause Young (Concurrent Start) (G1 Humongous Allocation)
[218.154s][info][gc,task        ] GC(506) Using 1 workers of 1 for evacuation
[218.215s][info][gc,phases      ] GC(506)   Pre Evacuate Collection Set: 0.3ms
[218.215s][info][gc,phases      ] GC(506)   Evacuate Collection Set: 60.2ms
[218.215s][info][gc,phases      ] GC(506)   Post Evacuate Collection Set: 0.4ms
[218.215s][info][gc,phases      ] GC(506)   Other: 0.3ms
[218.215s][info][gc,heap        ] GC(506) Eden regions: 49->0(92)
[218.215s][info][gc,heap        ] GC(506) Survivor regions: 14->4(13)
[218.215s][info][gc,heap        ] GC(506) Old regions: 538->552
[218.215s][info][gc,heap        ] GC(506) Humongous regions: 302->302
[218.215s][info][gc,metaspace   ] GC(506) Metaspace: 67942K->67942K(1110016K)
[218.215s][info][gc             ] GC(506) Pause Young (Concurrent Start) (G1 Humongous Allocation) 900M->855M(1863M) 61.286ms
[218.215s][info][gc,cpu         ] GC(506) User=0.06s Sys=0.00s Real=0.06s
[218.215s][info][gc             ] GC(507) Concurrent Cycle
[218.215s][info][gc,marking     ] GC(507) Concurrent Clear Claimed Marks
[218.215s][info][gc,marking     ] GC(507) Concurrent Clear Claimed Marks 0.253ms
[218.215s][info][gc,marking     ] GC(507) Concurrent Scan Root Regions
[218.218s][info][gc,marking     ] GC(507) Concurrent Scan Root Regions 2.849ms
[218.218s][info][gc,marking     ] GC(507) Concurrent Mark (218.218s)
[218.218s][info][gc,marking     ] GC(507) Concurrent Mark From Roots
[218.218s][info][gc,task        ] GC(507) Using 1 workers of 1 for marking
[218.592s][info][gc,marking     ] GC(507) Concurrent Mark From Roots 373.958ms
[218.592s][info][gc,marking     ] GC(507) Concurrent Preclean
[218.592s][info][gc,marking     ] GC(507) Concurrent Preclean 0.117ms
[218.592s][info][gc,marking     ] GC(507) Concurrent Mark (218.218s, 218.592s) 374.189ms
[218.595s][info][gc,start       ] GC(507) Pause Remark
[218.615s][info][gc,stringtable ] GC(507) Cleaned string and symbol table, strings: 23598 processed, 22 removed, symbols: 139768 processed, 0 removed
[218.615s][info][gc             ] GC(507) Pause Remark 894M->232M(1863M) 20.384ms
[218.616s][info][gc,cpu         ] GC(507) User=0.02s Sys=0.00s Real=0.02s
[218.617s][info][gc,marking     ] GC(507) Concurrent Rebuild Remembered Sets
[218.924s][info][gc,marking     ] GC(507) Concurrent Rebuild Remembered Sets 306.954ms
[218.927s][info][gc,start       ] GC(507) Pause Cleanup
[218.927s][info][gc             ] GC(507) Pause Cleanup 291M->291M(1863M) 0.332ms
[218.927s][info][gc,cpu         ] GC(507) User=0.00s Sys=0.00s Real=0.00s
[218.927s][info][gc,marking     ] GC(507) Concurrent Cleanup for Next Mark
[218.936s][info][gc,marking     ] GC(507) Concurrent Cleanup for Next Mark 8.390ms
[218.936s][info][gc             ] GC(507) Concurrent Cycle 720.678ms
[218.985s][info][gc,start       ] GC(508) Pause Young (Normal) (G1 Evacuation Pause)
[218.985s][info][gc,task        ] GC(508) Using 1 workers of 1 for evacuation
[219.067s][info][gc,phases      ] GC(508)   Pre Evacuate Collection Set: 0.1ms
[219.067s][info][gc,phases      ] GC(508)   Evacuate Collection Set: 81.0ms
[219.067s][info][gc,phases      ] GC(508)   Post Evacuate Collection Set: 0.5ms
[219.067s][info][gc,phases      ] GC(508)   Other: 0.3ms
[219.067s][info][gc,heap        ] GC(508) Eden regions: 92->0(81)
[219.067s][info][gc,heap        ] GC(508) Survivor regions: 4->12(12)
[219.067s][info][gc,heap        ] GC(508) Old regions: 177->186
[219.067s][info][gc,heap        ] GC(508) Humongous regions: 31->31
[219.067s][info][gc,metaspace   ] GC(508) Metaspace: 67945K->67945K(1110016K)
[219.067s][info][gc             ] GC(508) Pause Young (Normal) (G1 Evacuation Pause) 302M->226M(1863M) 81.937ms
[219.067s][info][gc,cpu         ] GC(508) User=0.08s Sys=0.00s Real=0.08s
[219.368s][info][gc,start       ] GC(509) Pause Young (Normal) (G1 Evacuation Pause)
[219.368s][info][gc,task        ] GC(509) Using 1 workers of 1 for evacuation
[219.454s][info][gc,phases      ] GC(509)   Pre Evacuate Collection Set: 0.1ms
[219.454s][info][gc,phases      ] GC(509)   Evacuate Collection Set: 85.1ms
[219.454s][info][gc,phases      ] GC(509)   Post Evacuate Collection Set: 0.7ms
[219.454s][info][gc,phases      ] GC(509)   Other: 0.3ms
[219.454s][info][gc,heap        ] GC(509) Eden regions: 81->0(83)
[219.454s][info][gc,heap        ] GC(509) Survivor regions: 12->12(12)
[219.454s][info][gc,heap        ] GC(509) Old regions: 186->199
[219.454s][info][gc,heap        ] GC(509) Humongous regions: 47->42
[219.454s][info][gc,metaspace   ] GC(509) Metaspace: 68014K->68014K(1110016K)
[219.454s][info][gc             ] GC(509) Pause Young (Normal) (G1 Evacuation Pause) 323M->251M(1889M) 86.201ms
[219.454s][info][gc,cpu         ] GC(509) User=0.09s Sys=0.00s Real=0.09s
[219.805s][info][gc,start       ] GC(510) Pause Young (Normal) (G1 Evacuation Pause)
[219.806s][info][gc,task        ] GC(510) Using 1 workers of 1 for evacuation
[219.864s][info][gc,phases      ] GC(510)   Pre Evacuate Collection Set: 0.1ms
[219.864s][info][gc,phases      ] GC(510)   Evacuate Collection Set: 57.4ms
[219.864s][info][gc,phases      ] GC(510)   Post Evacuate Collection Set: 0.4ms
[219.864s][info][gc,phases      ] GC(510)   Other: 0.3ms
[219.864s][info][gc,heap        ] GC(510) Eden regions: 83->0(99)
[219.864s][info][gc,heap        ] GC(510) Survivor regions: 12->6(12)
[219.864s][info][gc,heap        ] GC(510) Old regions: 199->211
[219.864s][info][gc,heap        ] GC(510) Humongous regions: 47->47
[219.864s][info][gc,metaspace   ] GC(510) Metaspace: 68014K->68014K(1110016K)
[219.864s][info][gc             ] GC(510) Pause Young (Normal) (G1 Evacuation Pause) 339M->261M(1889M) 58.263ms
[219.864s][info][gc,cpu         ] GC(510) User=0.06s Sys=0.00s Real=0.06s
[220.271s][info][gc,start       ] GC(511) Pause Young (Normal) (G1 Evacuation Pause)
[220.271s][info][gc,task        ] GC(511) Using 1 workers of 1 for evacuation
[220.331s][info][gc,phases      ] GC(511)   Pre Evacuate Collection Set: 0.1ms
[220.331s][info][gc,phases      ] GC(511)   Evacuate Collection Set: 58.7ms
[220.331s][info][gc,phases      ] GC(511)   Post Evacuate Collection Set: 0.8ms
[220.331s][info][gc,phases      ] GC(511)   Other: 0.3ms
[220.331s][info][gc,heap        ] GC(511) Eden regions: 99->0(103)
[220.331s][info][gc,heap        ] GC(511) Survivor regions: 6->14(14)
[220.331s][info][gc,heap        ] GC(511) Old regions: 211->213
[220.331s][info][gc,heap        ] GC(511) Humongous regions: 58->58
[220.331s][info][gc,metaspace   ] GC(511) Metaspace: 68016K->68016K(1110016K)
[220.331s][info][gc             ] GC(511) Pause Young (Normal) (G1 Evacuation Pause) 371M->283M(1889M) 59.897ms
[220.331s][info][gc,cpu         ] GC(511) User=0.06s Sys=0.00s Real=0.06s
[220.978s][info][gc,start       ] GC(512) Pause Young (Normal) (G1 Evacuation Pause)
[220.978s][info][gc,task        ] GC(512) Using 1 workers of 1 for evacuation
[221.071s][info][gc,phases      ] GC(512)   Pre Evacuate Collection Set: 0.1ms
[221.071s][info][gc,phases      ] GC(512)   Evacuate Collection Set: 92.8ms
[221.071s][info][gc,phases      ] GC(512)   Post Evacuate Collection Set: 0.5ms
[221.071s][info][gc,phases      ] GC(512)   Other: 0.3ms
[221.071s][info][gc,heap        ] GC(512) Eden regions: 103->0(115)
[221.071s][info][gc,heap        ] GC(512) Survivor regions: 14->12(15)
[221.071s][info][gc,heap        ] GC(512) Old regions: 213->227
[221.071s][info][gc,heap        ] GC(512) Humongous regions: 69->69
[221.071s][info][gc,metaspace   ] GC(512) Metaspace: 68020K->68020K(1110016K)
[221.071s][info][gc             ] GC(512) Pause Young (Normal) (G1 Evacuation Pause) 397M->305M(1889M) 93.734ms
[221.072s][info][gc,cpu         ] GC(512) User=0.09s Sys=0.00s Real=0.09s
[221.305s][info][gc,start       ] GC(513) Pause Young (Normal) (G1 Evacuation Pause)
[221.305s][info][gc,task        ] GC(513) Using 1 workers of 1 for evacuation
[221.372s][info][gc,phases      ] GC(513)   Pre Evacuate Collection Set: 0.1ms
[221.372s][info][gc,phases      ] GC(513)   Evacuate Collection Set: 66.0ms
[221.372s][info][gc,phases      ] GC(513)   Post Evacuate Collection Set: 0.5ms
[221.372s][info][gc,phases      ] GC(513)   Other: 0.3ms
[221.372s][info][gc,heap        ] GC(513) Eden regions: 115->0(119)
[221.372s][info][gc,heap        ] GC(513) Survivor regions: 12->11(16)
[221.372s][info][gc,heap        ] GC(513) Old regions: 227->238
[221.372s][info][gc,heap        ] GC(513) Humongous regions: 77->72
[221.372s][info][gc,metaspace   ] GC(513) Metaspace: 68020K->68020K(1110016K)
[221.372s][info][gc             ] GC(513) Pause Young (Normal) (G1 Evacuation Pause) 428M->319M(1909M) 66.888ms
[221.372s][info][gc,cpu         ] GC(513) User=0.07s Sys=0.00s Real=0.07s
[221.928s][info][gc,start       ] GC(514) Pause Young (Normal) (G1 Evacuation Pause)
[221.928s][info][gc,task        ] GC(514) Using 1 workers of 1 for evacuation
[222.035s][info][gc,phases      ] GC(514)   Pre Evacuate Collection Set: 0.1ms
[222.035s][info][gc,phases      ] GC(514)   Evacuate Collection Set: 106.0ms
[222.035s][info][gc,phases      ] GC(514)   Post Evacuate Collection Set: 0.6ms
[222.035s][info][gc,phases      ] GC(514)   Other: 0.3ms
[222.035s][info][gc,heap        ] GC(514) Eden regions: 119->0(129)
[222.035s][info][gc,heap        ] GC(514) Survivor regions: 11->13(17)
[222.035s][info][gc,heap        ] GC(514) Old regions: 238->249
[222.035s][info][gc,heap        ] GC(514) Humongous regions: 155->111
[222.035s][info][gc,metaspace   ] GC(514) Metaspace: 68024K->68024K(1110016K)
[222.035s][info][gc             ] GC(514) Pause Young (Normal) (G1 Evacuation Pause) 521M->370M(1909M) 107.038ms
[222.035s][info][gc,cpu         ] GC(514) User=0.10s Sys=0.00s Real=0.11s
[222.235s][info][gc,start       ] GC(515) Pause Young (Normal) (G1 Evacuation Pause)
[222.235s][info][gc,task        ] GC(515) Using 1 workers of 1 for evacuation
[222.346s][info][gc,phases      ] GC(515)   Pre Evacuate Collection Set: 0.1ms
[222.346s][info][gc,phases      ] GC(515)   Evacuate Collection Set: 110.3ms
[222.346s][info][gc,phases      ] GC(515)   Post Evacuate Collection Set: 0.4ms
[222.346s][info][gc,phases      ] GC(515)   Other: 0.3ms
[222.346s][info][gc,heap        ] GC(515) Eden regions: 129->0(77)
[222.346s][info][gc,heap        ] GC(515) Survivor regions: 13->18(18)
[222.346s][info][gc,heap        ] GC(515) Old regions: 249->264
[222.346s][info][gc,heap        ] GC(515) Humongous regions: 125->103
[222.346s][info][gc,metaspace   ] GC(515) Metaspace: 68024K->68024K(1110016K)
[222.346s][info][gc             ] GC(515) Pause Young (Normal) (G1 Evacuation Pause) 513M->382M(1909M) 111.177ms
[222.346s][info][gc,cpu         ] GC(515) User=0.11s Sys=0.00s Real=0.11s
[222.808s][info][gc,start       ] GC(516) Pause Young (Normal) (G1 Evacuation Pause)
[222.808s][info][gc,task        ] GC(516) Using 1 workers of 1 for evacuation
[222.904s][info][gc,phases      ] GC(516)   Pre Evacuate Collection Set: 0.1ms
[222.904s][info][gc,phases      ] GC(516)   Evacuate Collection Set: 95.1ms
[222.904s][info][gc,phases      ] GC(516)   Post Evacuate Collection Set: 0.5ms
[222.904s][info][gc,phases      ] GC(516)   Other: 0.3ms
[222.904s][info][gc,heap        ] GC(516) Eden regions: 77->0(87)
[222.904s][info][gc,heap        ] GC(516) Survivor regions: 18->8(12)
[222.904s][info][gc,heap        ] GC(516) Old regions: 264->282
[222.904s][info][gc,heap        ] GC(516) Humongous regions: 183->139
[222.904s][info][gc,metaspace   ] GC(516) Metaspace: 68026K->68026K(1110016K)
[222.904s][info][gc             ] GC(516) Pause Young (Normal) (G1 Evacuation Pause) 539M->425M(1909M) 95.967ms
[222.904s][info][gc,cpu         ] GC(516) User=0.10s Sys=0.00s Real=0.10s
[223.027s][info][gc,start       ] GC(517) Pause Young (Normal) (G1 Evacuation Pause)
[223.027s][info][gc,task        ] GC(517) Using 1 workers of 1 for evacuation
[223.100s][info][gc,phases      ] GC(517)   Pre Evacuate Collection Set: 0.1ms
[223.100s][info][gc,phases      ] GC(517)   Evacuate Collection Set: 72.3ms
[223.100s][info][gc,phases      ] GC(517)   Post Evacuate Collection Set: 0.5ms
[223.100s][info][gc,phases      ] GC(517)   Other: 0.3ms
[223.100s][info][gc,heap        ] GC(517) Eden regions: 87->0(93)
[223.100s][info][gc,heap        ] GC(517) Survivor regions: 8->12(12)
[223.100s][info][gc,heap        ] GC(517) Old regions: 282->289
[223.100s][info][gc,heap        ] GC(517) Humongous regions: 153->153
[223.100s][info][gc,metaspace   ] GC(517) Metaspace: 68026K->68026K(1110016K)
[223.100s][info][gc             ] GC(517) Pause Young (Normal) (G1 Evacuation Pause) 526M->451M(1926M) 73.176ms
[223.100s][info][gc,cpu         ] GC(517) User=0.07s Sys=0.00s Real=0.08s
[223.250s][info][gc,start       ] GC(518) Pause Young (Normal) (G1 Evacuation Pause)
[223.250s][info][gc,task        ] GC(518) Using 1 workers of 1 for evacuation
[223.331s][info][gc,phases      ] GC(518)   Pre Evacuate Collection Set: 0.1ms
[223.331s][info][gc,phases      ] GC(518)   Evacuate Collection Set: 79.5ms
[223.331s][info][gc,phases      ] GC(518)   Post Evacuate Collection Set: 0.4ms
[223.331s][info][gc,phases      ] GC(518)   Other: 0.3ms
[223.331s][info][gc,heap        ] GC(518) Eden regions: 93->0(102)
[223.331s][info][gc,heap        ] GC(518) Survivor regions: 12->14(14)
[223.331s][info][gc,heap        ] GC(518) Old regions: 289->302
[223.331s][info][gc,heap        ] GC(518) Humongous regions: 158->158
[223.331s][info][gc,metaspace   ] GC(518) Metaspace: 68026K->68026K(1110016K)
[223.331s][info][gc             ] GC(518) Pause Young (Normal) (G1 Evacuation Pause) 549M->471M(1926M) 80.263ms
[223.331s][info][gc,cpu         ] GC(518) User=0.08s Sys=0.00s Real=0.08s
[223.973s][info][gc,start       ] GC(519) Pause Young (Normal) (G1 Evacuation Pause)
[223.973s][info][gc,task        ] GC(519) Using 1 workers of 1 for evacuation
[224.090s][info][gc,phases      ] GC(519)   Pre Evacuate Collection Set: 0.1ms
[224.090s][info][gc,phases      ] GC(519)   Evacuate Collection Set: 116.7ms
[224.090s][info][gc,phases      ] GC(519)   Post Evacuate Collection Set: 0.6ms
[224.090s][info][gc,phases      ] GC(519)   Other: 0.4ms
[224.090s][info][gc,heap        ] GC(519) Eden regions: 102->0(104)
[224.090s][info][gc,heap        ] GC(519) Survivor regions: 14->11(15)
[224.090s][info][gc,heap        ] GC(519) Old regions: 302->316
[224.090s][info][gc,heap        ] GC(519) Humongous regions: 256->202
[224.090s][info][gc,metaspace   ] GC(519) Metaspace: 68040K->68040K(1110016K)
[224.090s][info][gc             ] GC(519) Pause Young (Normal) (G1 Evacuation Pause) 671M->526M(1926M) 117.919ms
[224.090s][info][gc,cpu         ] GC(519) User=0.11s Sys=0.00s Real=0.12s
[224.280s][info][gc,start       ] GC(520) Pause Young (Normal) (G1 Evacuation Pause)
[224.280s][info][gc,task        ] GC(520) Using 1 workers of 1 for evacuation
[224.415s][info][gc,phases      ] GC(520)   Pre Evacuate Collection Set: 0.1ms
[224.415s][info][gc,phases      ] GC(520)   Evacuate Collection Set: 133.6ms
[224.415s][info][gc,phases      ] GC(520)   Post Evacuate Collection Set: 0.7ms
[224.415s][info][gc,phases      ] GC(520)   Other: 0.3ms
[224.415s][info][gc,heap        ] GC(520) Eden regions: 104->0(81)
[224.415s][info][gc,heap        ] GC(520) Survivor regions: 11->15(15)
[224.415s][info][gc,heap        ] GC(520) Old regions: 316->340
[224.415s][info][gc,heap        ] GC(520) Humongous regions: 235->207
[224.415s][info][gc,metaspace   ] GC(520) Metaspace: 68040K->68040K(1110016K)
[224.415s][info][gc             ] GC(520) Pause Young (Normal) (G1 Evacuation Pause) 663M->559M(1926M) 134.761ms
[224.415s][info][gc,cpu         ] GC(520) User=0.13s Sys=0.00s Real=0.13s
[224.457s][info][gc,start       ] GC(521) Pause Young (Normal) (G1 Evacuation Pause)
[224.457s][info][gc,task        ] GC(521) Using 1 workers of 1 for evacuation
[224.519s][info][gc,phases      ] GC(521)   Pre Evacuate Collection Set: 0.1ms
[224.519s][info][gc,phases      ] GC(521)   Evacuate Collection Set: 61.1ms
[224.519s][info][gc,phases      ] GC(521)   Post Evacuate Collection Set: 0.4ms
[224.519s][info][gc,phases      ] GC(521)   Other: 0.2ms
[224.519s][info][gc,heap        ] GC(521) Eden regions: 81->0(92)
[224.519s][info][gc,heap        ] GC(521) Survivor regions: 15->5(12)
[224.519s][info][gc,heap        ] GC(521) Old regions: 340->355
[224.519s][info][gc,heap        ] GC(521) Humongous regions: 210->210
[224.519s][info][gc,metaspace   ] GC(521) Metaspace: 68040K->68040K(1110016K)
[224.519s][info][gc             ] GC(521) Pause Young (Normal) (G1 Evacuation Pause) 643M->567M(1942M) 61.893ms
[224.519s][info][gc,cpu         ] GC(521) User=0.07s Sys=0.00s Real=0.06s
[224.574s][info][gc,start       ] GC(522) Pause Young (Normal) (G1 Evacuation Pause)
[224.574s][info][gc,task        ] GC(522) Using 1 workers of 1 for evacuation
[224.584s][info][gc,phases      ] GC(522)   Pre Evacuate Collection Set: 0.1ms
[224.584s][info][gc,phases      ] GC(522)   Evacuate Collection Set: 9.5ms
[224.584s][info][gc,phases      ] GC(522)   Post Evacuate Collection Set: 0.3ms
[224.584s][info][gc,phases      ] GC(522)   Other: 0.2ms
[224.584s][info][gc,heap        ] GC(522) Eden regions: 92->0(110)
[224.584s][info][gc,heap        ] GC(522) Survivor regions: 5->5(13)
[224.584s][info][gc,heap        ] GC(522) Old regions: 355->355
[224.584s][info][gc,heap        ] GC(522) Humongous regions: 210->210
[224.584s][info][gc,metaspace   ] GC(522) Metaspace: 68040K->68040K(1110016K)
[224.584s][info][gc             ] GC(522) Pause Young (Normal) (G1 Evacuation Pause) 659M->567M(1942M) 10.227ms
[224.584s][info][gc,cpu         ] GC(522) User=0.01s Sys=0.00s Real=0.01s
[224.638s][info][gc,start       ] GC(523) Pause Young (Normal) (G1 Evacuation Pause)
[224.638s][info][gc,task        ] GC(523) Using 1 workers of 1 for evacuation
[224.649s][info][gc,phases      ] GC(523)   Pre Evacuate Collection Set: 0.1ms
[224.649s][info][gc,phases      ] GC(523)   Evacuate Collection Set: 9.8ms
[224.649s][info][gc,phases      ] GC(523)   Post Evacuate Collection Set: 0.3ms
[224.649s][info][gc,phases      ] GC(523)   Other: 0.2ms
[224.649s][info][gc,heap        ] GC(523) Eden regions: 110->0(133)
[224.649s][info][gc,heap        ] GC(523) Survivor regions: 5->5(15)
[224.649s][info][gc,heap        ] GC(523) Old regions: 355->355
[224.649s][info][gc,heap        ] GC(523) Humongous regions: 210->210
[224.649s][info][gc,metaspace   ] GC(523) Metaspace: 68040K->68040K(1110016K)
[224.649s][info][gc             ] GC(523) Pause Young (Normal) (G1 Evacuation Pause) 677M->567M(1942M) 10.542ms
[224.649s][info][gc,cpu         ] GC(523) User=0.01s Sys=0.00s Real=0.00s
[224.730s][info][gc,start       ] GC(524) Pause Young (Normal) (G1 Evacuation Pause)
[224.730s][info][gc,task        ] GC(524) Using 1 workers of 1 for evacuation
[224.812s][info][gc,phases      ] GC(524)   Pre Evacuate Collection Set: 0.1ms
[224.812s][info][gc,phases      ] GC(524)   Evacuate Collection Set: 80.9ms
[224.812s][info][gc,phases      ] GC(524)   Post Evacuate Collection Set: 0.6ms
[224.812s][info][gc,phases      ] GC(524)   Other: 0.3ms
[224.812s][info][gc,heap        ] GC(524) Eden regions: 133->0(124)
[224.812s][info][gc,heap        ] GC(524) Survivor regions: 5->18(18)
[224.812s][info][gc,heap        ] GC(524) Old regions: 355->383
[224.812s][info][gc,heap        ] GC(524) Humongous regions: 213->213
[224.812s][info][gc,metaspace   ] GC(524) Metaspace: 68040K->68040K(1110016K)
[224.812s][info][gc             ] GC(524) Pause Young (Normal) (G1 Evacuation Pause) 703M->611M(1942M) 81.903ms
[224.812s][info][gc,cpu         ] GC(524) User=0.08s Sys=0.00s Real=0.08s
[224.858s][info][gc,start       ] GC(525) Pause Young (Normal) (G1 Evacuation Pause)
[224.858s][info][gc,task        ] GC(525) Using 1 workers of 1 for evacuation
[224.902s][info][gc,phases      ] GC(525)   Pre Evacuate Collection Set: 0.1ms
[224.902s][info][gc,phases      ] GC(525)   Evacuate Collection Set: 43.5ms
[224.902s][info][gc,phases      ] GC(525)   Post Evacuate Collection Set: 0.3ms
[224.902s][info][gc,phases      ] GC(525)   Other: 0.2ms
[224.902s][info][gc,heap        ] GC(525) Eden regions: 124->0(156)
[224.902s][info][gc,heap        ] GC(525) Survivor regions: 18->1(18)
[224.902s][info][gc,heap        ] GC(525) Old regions: 383->401
[224.902s][info][gc,heap        ] GC(525) Humongous regions: 213->213
[224.902s][info][gc,metaspace   ] GC(525) Metaspace: 68040K->68040K(1110016K)
[224.902s][info][gc             ] GC(525) Pause Young (Normal) (G1 Evacuation Pause) 735M->612M(1942M) 44.224ms
[224.902s][info][gc,cpu         ] GC(525) User=0.04s Sys=0.00s Real=0.04s
[224.915s][info][gc,task        ] GC(526) Using 1 workers of 1 for full compaction
[224.915s][info][gc,start       ] GC(526) Pause Full (System.gc())
[224.916s][info][gc,phases,start] GC(526) Phase 1: Mark live objects
[225.075s][info][gc,stringtable ] GC(526) Cleaned string and symbol table, strings: 23627 processed, 23 removed, symbols: 139770 processed, 2 removed
[225.075s][info][gc,phases      ] GC(526) Phase 1: Mark live objects 159.406ms
[225.075s][info][gc,phases,start] GC(526) Phase 2: Prepare for compaction
[225.105s][info][gc,phases      ] GC(526) Phase 2: Prepare for compaction 30.137ms
[225.105s][info][gc,phases,start] GC(526) Phase 3: Adjust pointers
[225.203s][info][gc,phases      ] GC(526) Phase 3: Adjust pointers 97.873ms
[225.203s][info][gc,phases,start] GC(526) Phase 4: Compact heap
[225.229s][info][gc,phases      ] GC(526) Phase 4: Compact heap 25.950ms
[225.275s][info][gc,heap        ] GC(526) Eden regions: 33->0(157)
[225.275s][info][gc,heap        ] GC(526) Survivor regions: 1->0(18)
[225.275s][info][gc,heap        ] GC(526) Old regions: 401->138
[225.275s][info][gc,heap        ] GC(526) Humongous regions: 213->9
[225.275s][info][gc,metaspace   ] GC(526) Metaspace: 68040K->68040K(1110016K)
[225.275s][info][gc             ] GC(526) Pause Full (System.gc()) 644M->145M(490M) 359.853ms
[225.275s][info][gc,cpu         ] GC(526) User=0.31s Sys=0.04s Real=0.36s
[225.681s][info][gc,start       ] GC(527) Pause Young (Normal) (G1 Evacuation Pause)
[225.681s][info][gc,task        ] GC(527) Using 1 workers of 1 for evacuation
[225.756s][info][gc,phases      ] GC(527)   Pre Evacuate Collection Set: 0.0ms
[225.756s][info][gc,phases      ] GC(527)   Evacuate Collection Set: 74.0ms
[225.756s][info][gc,phases      ] GC(527)   Post Evacuate Collection Set: 0.4ms
[225.756s][info][gc,phases      ] GC(527)   Other: 0.3ms
[225.756s][info][gc,heap        ] GC(527) Eden regions: 157->0(141)
[225.756s][info][gc,heap        ] GC(527) Survivor regions: 0->20(20)
[225.756s][info][gc,heap        ] GC(527) Old regions: 138->148
[225.756s][info][gc,heap        ] GC(527) Humongous regions: 28->23
[225.756s][info][gc,metaspace   ] GC(527) Metaspace: 68063K->68063K(1110016K)
[225.756s][info][gc             ] GC(527) Pause Young (Normal) (G1 Evacuation Pause) 321M->189M(490M) 74.831ms
[225.756s][info][gc,cpu         ] GC(527) User=0.07s Sys=0.00s Real=0.07s
[226.107s][info][gc,start       ] GC(528) Pause Young (Normal) (G1 Evacuation Pause)
[226.107s][info][gc,task        ] GC(528) Using 1 workers of 1 for evacuation
[226.197s][info][gc,phases      ] GC(528)   Pre Evacuate Collection Set: 0.0ms
[226.198s][info][gc,phases      ] GC(528)   Evacuate Collection Set: 88.3ms
[226.198s][info][gc,phases      ] GC(528)   Post Evacuate Collection Set: 1.9ms
[226.198s][info][gc,phases      ] GC(528)   Other: 0.3ms
[226.198s][info][gc,heap        ] GC(528) Eden regions: 141->0(158)
[226.198s][info][gc,heap        ] GC(528) Survivor regions: 20->12(21)
[226.198s][info][gc,heap        ] GC(528) Old regions: 148->168
[226.198s][info][gc,heap        ] GC(528) Humongous regions: 31->31
[226.198s][info][gc,metaspace   ] GC(528) Metaspace: 68063K->68063K(1110016K)
[226.198s][info][gc             ] GC(528) Pause Young (Normal) (G1 Evacuation Pause) 338M->209M(927M) 90.924ms
[226.198s][info][gc,cpu         ] GC(528) User=0.09s Sys=0.00s Real=0.10s
[226.663s][info][gc,start       ] GC(529) Pause Young (Normal) (G1 Evacuation Pause)
[226.663s][info][gc,task        ] GC(529) Using 1 workers of 1 for evacuation
[226.722s][info][gc,phases      ] GC(529)   Pre Evacuate Collection Set: 0.0ms
[226.722s][info][gc,phases      ] GC(529)   Evacuate Collection Set: 58.6ms
[226.722s][info][gc,phases      ] GC(529)   Post Evacuate Collection Set: 0.4ms
[226.722s][info][gc,phases      ] GC(529)   Other: 0.3ms
[226.722s][info][gc,heap        ] GC(529) Eden regions: 158->0(179)
[226.722s][info][gc,heap        ] GC(529) Survivor regions: 12->10(22)
[226.722s][info][gc,heap        ] GC(529) Old regions: 168->179
[226.722s][info][gc,heap        ] GC(529) Humongous regions: 31->31
[226.722s][info][gc,metaspace   ] GC(529) Metaspace: 68063K->68063K(1110016K)
[226.722s][info][gc             ] GC(529) Pause Young (Normal) (G1 Evacuation Pause) 367M->217M(927M) 59.368ms
[226.722s][info][gc,cpu         ] GC(529) User=0.05s Sys=0.00s Real=0.06s
[227.532s][info][gc,start       ] GC(530) Pause Young (Normal) (G1 Evacuation Pause)
[227.532s][info][gc,task        ] GC(530) Using 1 workers of 1 for evacuation
[227.630s][info][gc,phases      ] GC(530)   Pre Evacuate Collection Set: 0.0ms
[227.630s][info][gc,phases      ] GC(530)   Evacuate Collection Set: 97.1ms
[227.630s][info][gc,phases      ] GC(530)   Post Evacuate Collection Set: 0.6ms
[227.630s][info][gc,phases      ] GC(530)   Other: 0.3ms
[227.630s][info][gc,heap        ] GC(530) Eden regions: 158->0(161)
[227.630s][info][gc,heap        ] GC(530) Survivor regions: 10->19(21)
[227.630s][info][gc,heap        ] GC(530) Old regions: 179->179
[227.630s][info][gc,heap        ] GC(530) Humongous regions: 46->46
[227.630s][info][gc,metaspace   ] GC(530) Metaspace: 68064K->68064K(1110016K)
[227.630s][info][gc             ] GC(530) Pause Young (Normal) (G1 Evacuation Pause) 390M->241M(927M) 98.192ms
[227.630s][info][gc,cpu         ] GC(530) User=0.10s Sys=0.00s Real=0.10s
[227.717s][info][gc,start       ] GC(531) Pause Young (Normal) (G1 Evacuation Pause)
[227.717s][info][gc,task        ] GC(531) Using 1 workers of 1 for evacuation
[227.819s][info][gc,phases      ] GC(531)   Pre Evacuate Collection Set: 0.0ms
[227.819s][info][gc,phases      ] GC(531)   Evacuate Collection Set: 101.4ms
[227.819s][info][gc,phases      ] GC(531)   Post Evacuate Collection Set: 0.4ms
[227.819s][info][gc,phases      ] GC(531)   Other: 0.2ms
[227.819s][info][gc,heap        ] GC(531) Eden regions: 27->0(145)
[227.819s][info][gc,heap        ] GC(531) Survivor regions: 19->6(6)
[227.819s][info][gc,heap        ] GC(531) Old regions: 179->204
[227.819s][info][gc,heap        ] GC(531) Humongous regions: 56->56
[227.819s][info][gc,metaspace   ] GC(531) Metaspace: 68064K->68064K(1110016K)
[227.819s][info][gc             ] GC(531) Pause Young (Normal) (G1 Evacuation Pause) 278M->264M(927M) 102.161ms
[227.819s][info][gc,cpu         ] GC(531) User=0.10s Sys=0.00s Real=0.11s
[228.216s][info][gc,start       ] GC(532) Pause Young (Normal) (G1 Evacuation Pause)
[228.216s][info][gc,task        ] GC(532) Using 1 workers of 1 for evacuation
[228.392s][info][gc,phases      ] GC(532)   Pre Evacuate Collection Set: 0.0ms
[228.392s][info][gc,phases      ] GC(532)   Evacuate Collection Set: 173.9ms
[228.392s][info][gc,phases      ] GC(532)   Post Evacuate Collection Set: 1.9ms
[228.393s][info][gc,phases      ] GC(532)   Other: 0.3ms
[228.393s][info][gc,heap        ] GC(532) Eden regions: 145->0(76)
[228.393s][info][gc,heap        ] GC(532) Survivor regions: 6->19(19)
[228.393s][info][gc,heap        ] GC(532) Old regions: 204->211
[228.393s][info][gc,heap        ] GC(532) Humongous regions: 62->62
[228.393s][info][gc,metaspace   ] GC(532) Metaspace: 68064K->68064K(1110016K)
[228.393s][info][gc             ] GC(532) Pause Young (Normal) (G1 Evacuation Pause) 415M->290M(1280M) 176.241ms
[228.393s][info][gc,cpu         ] GC(532) User=0.17s Sys=0.00s Real=0.18s
[228.623s][info][gc,start       ] GC(533) Pause Young (Normal) (G1 Evacuation Pause)
[228.623s][info][gc,task        ] GC(533) Using 1 workers of 1 for evacuation
[228.695s][info][gc,phases      ] GC(533)   Pre Evacuate Collection Set: 0.0ms
[228.695s][info][gc,phases      ] GC(533)   Evacuate Collection Set: 71.8ms
[228.695s][info][gc,phases      ] GC(533)   Post Evacuate Collection Set: 0.4ms
[228.695s][info][gc,phases      ] GC(533)   Other: 0.3ms
[228.695s][info][gc,heap        ] GC(533) Eden regions: 76->0(110)
[228.695s][info][gc,heap        ] GC(533) Survivor regions: 19->7(12)
[228.695s][info][gc,heap        ] GC(533) Old regions: 211->230
[228.695s][info][gc,heap        ] GC(533) Humongous regions: 67->67
[228.695s][info][gc,metaspace   ] GC(533) Metaspace: 68064K->68064K(1110016K)
[228.695s][info][gc             ] GC(533) Pause Young (Normal) (G1 Evacuation Pause) 371M->301M(1280M) 72.603ms
[228.695s][info][gc,cpu         ] GC(533) User=0.07s Sys=0.00s Real=0.07s
[228.969s][info][gc,start       ] GC(534) Pause Young (Normal) (G1 Evacuation Pause)
[228.969s][info][gc,task        ] GC(534) Using 1 workers of 1 for evacuation
[229.011s][info][gc,phases      ] GC(534)   Pre Evacuate Collection Set: 0.0ms
[229.011s][info][gc,phases      ] GC(534)   Evacuate Collection Set: 42.0ms
[229.011s][info][gc,phases      ] GC(534)   Post Evacuate Collection Set: 0.4ms
[229.011s][info][gc,phases      ] GC(534)   Other: 0.3ms
[229.011s][info][gc,heap        ] GC(534) Eden regions: 110->0(134)
[229.011s][info][gc,heap        ] GC(534) Survivor regions: 7->13(15)
[229.011s][info][gc,heap        ] GC(534) Old regions: 230->230
[229.011s][info][gc,heap        ] GC(534) Humongous regions: 67->67
[229.011s][info][gc,metaspace   ] GC(534) Metaspace: 68065K->68065K(1110016K)
[229.011s][info][gc             ] GC(534) Pause Young (Normal) (G1 Evacuation Pause) 411M->307M(1280M) 42.741ms
[229.011s][info][gc,cpu         ] GC(534) User=0.05s Sys=0.00s Real=0.04s
[229.397s][info][gc,start       ] GC(535) Pause Young (Normal) (G1 Evacuation Pause)
[229.397s][info][gc,task        ] GC(535) Using 1 workers of 1 for evacuation
[229.479s][info][gc,phases      ] GC(535)   Pre Evacuate Collection Set: 0.0ms
[229.479s][info][gc,phases      ] GC(535)   Evacuate Collection Set: 80.4ms
[229.479s][info][gc,phases      ] GC(535)   Post Evacuate Collection Set: 0.6ms
[229.479s][info][gc,phases      ] GC(535)   Other: 0.3ms
[229.479s][info][gc,heap        ] GC(535) Eden regions: 134->0(148)
[229.479s][info][gc,heap        ] GC(535) Survivor regions: 13->14(19)
[229.479s][info][gc,heap        ] GC(535) Old regions: 230->235
[229.479s][info][gc,heap        ] GC(535) Humongous regions: 76->76
[229.479s][info][gc,metaspace   ] GC(535) Metaspace: 68065K->68065K(1110016K)
[229.479s][info][gc             ] GC(535) Pause Young (Normal) (G1 Evacuation Pause) 450M->322M(1280M) 81.444ms
[229.479s][info][gc,cpu         ] GC(535) User=0.08s Sys=0.01s Real=0.09s
[230.126s][info][gc,start       ] GC(536) Pause Young (Normal) (G1 Evacuation Pause)
[230.126s][info][gc,task        ] GC(536) Using 1 workers of 1 for evacuation
[230.224s][info][gc,phases      ] GC(536)   Pre Evacuate Collection Set: 0.0ms
[230.224s][info][gc,phases      ] GC(536)   Evacuate Collection Set: 97.0ms
[230.224s][info][gc,phases      ] GC(536)   Post Evacuate Collection Set: 1.2ms
[230.224s][info][gc,phases      ] GC(536)   Other: 0.3ms
[230.224s][info][gc,heap        ] GC(536) Eden regions: 92->0(109)
[230.224s][info][gc,heap        ] GC(536) Survivor regions: 14->14(14)
[230.224s][info][gc,heap        ] GC(536) Old regions: 235->248
[230.224s][info][gc,heap        ] GC(536) Humongous regions: 87->87
[230.224s][info][gc,metaspace   ] GC(536) Metaspace: 68067K->68067K(1110016K)
[230.224s][info][gc             ] GC(536) Pause Young (Normal) (G1 Evacuation Pause) 425M->346M(1457M) 98.601ms
[230.224s][info][gc,cpu         ] GC(536) User=0.09s Sys=0.00s Real=0.10s
[230.554s][info][gc,start       ] GC(537) Pause Young (Normal) (G1 Evacuation Pause)
[230.554s][info][gc,task        ] GC(537) Using 1 workers of 1 for evacuation
[230.650s][info][gc,phases      ] GC(537)   Pre Evacuate Collection Set: 0.1ms
[230.650s][info][gc,phases      ] GC(537)   Evacuate Collection Set: 94.5ms
[230.650s][info][gc,phases      ] GC(537)   Post Evacuate Collection Set: 0.7ms
[230.650s][info][gc,phases      ] GC(537)   Other: 0.3ms
[230.650s][info][gc,heap        ] GC(537) Eden regions: 109->0(127)
[230.650s][info][gc,heap        ] GC(537) Survivor regions: 14->16(16)
[230.650s][info][gc,heap        ] GC(537) Old regions: 248->267
[230.650s][info][gc,heap        ] GC(537) Humongous regions: 98->98
[230.650s][info][gc,metaspace   ] GC(537) Metaspace: 68067K->68067K(1110016K)
[230.650s][info][gc             ] GC(537) Pause Young (Normal) (G1 Evacuation Pause) 466M->378M(1457M) 95.652ms
[230.650s][info][gc,cpu         ] GC(537) User=0.09s Sys=0.00s Real=0.10s
[230.987s][info][gc,start       ] GC(538) Pause Young (Normal) (G1 Evacuation Pause)
[230.988s][info][gc,task        ] GC(538) Using 1 workers of 1 for evacuation
[231.081s][info][gc,phases      ] GC(538)   Pre Evacuate Collection Set: 0.1ms
[231.081s][info][gc,phases      ] GC(538)   Evacuate Collection Set: 92.7ms
[231.081s][info][gc,phases      ] GC(538)   Post Evacuate Collection Set: 0.5ms
[231.081s][info][gc,phases      ] GC(538)   Other: 0.3ms
[231.081s][info][gc,heap        ] GC(538) Eden regions: 127->0(139)
[231.081s][info][gc,heap        ] GC(538) Survivor regions: 16->11(18)
[231.081s][info][gc,heap        ] GC(538) Old regions: 267->283
[231.081s][info][gc,heap        ] GC(538) Humongous regions: 103->103
[231.081s][info][gc,metaspace   ] GC(538) Metaspace: 68067K->68067K(1110016K)
[231.081s][info][gc             ] GC(538) Pause Young (Normal) (G1 Evacuation Pause) 510M->394M(1457M) 93.600ms
[231.081s][info][gc,cpu         ] GC(538) User=0.08s Sys=0.01s Real=0.10s
[231.439s][info][gc,start       ] GC(539) Pause Young (Normal) (G1 Evacuation Pause)
[231.439s][info][gc,task        ] GC(539) Using 1 workers of 1 for evacuation
[231.493s][info][gc,phases      ] GC(539)   Pre Evacuate Collection Set: 0.1ms
[231.493s][info][gc,phases      ] GC(539)   Evacuate Collection Set: 53.3ms
[231.493s][info][gc,phases      ] GC(539)   Post Evacuate Collection Set: 0.4ms
[231.493s][info][gc,phases      ] GC(539)   Other: 0.3ms
[231.493s][info][gc,heap        ] GC(539) Eden regions: 139->0(165)
[231.493s][info][gc,heap        ] GC(539) Survivor regions: 11->9(19)
[231.493s][info][gc,heap        ] GC(539) Old regions: 283->292
[231.493s][info][gc,heap        ] GC(539) Humongous regions: 103->103
[231.493s][info][gc,metaspace   ] GC(539) Metaspace: 68067K->68067K(1110016K)
[231.493s][info][gc             ] GC(539) Pause Young (Normal) (G1 Evacuation Pause) 533M->401M(1457M) 54.158ms
[231.493s][info][gc,cpu         ] GC(539) User=0.05s Sys=0.00s Real=0.05s
[232.346s][info][gc,start       ] GC(540) Pause Young (Normal) (G1 Evacuation Pause)
[232.346s][info][gc,task        ] GC(540) Using 1 workers of 1 for evacuation
[232.452s][info][gc,phases      ] GC(540)   Pre Evacuate Collection Set: 0.1ms
[232.452s][info][gc,phases      ] GC(540)   Evacuate Collection Set: 104.3ms
[232.452s][info][gc,phases      ] GC(540)   Post Evacuate Collection Set: 1.1ms
[232.452s][info][gc,phases      ] GC(540)   Other: 0.3ms
[232.452s][info][gc,heap        ] GC(540) Eden regions: 155->0(127)
[232.452s][info][gc,heap        ] GC(540) Survivor regions: 9->16(21)
[232.452s][info][gc,heap        ] GC(540) Old regions: 292->292
[232.452s][info][gc,heap        ] GC(540) Humongous regions: 122->117
[232.452s][info][gc,metaspace   ] GC(540) Metaspace: 68082K->68082K(1110016K)
[232.452s][info][gc             ] GC(540) Pause Young (Normal) (G1 Evacuation Pause) 575M->423M(1564M) 105.892ms
[232.452s][info][gc,cpu         ] GC(540) User=0.10s Sys=0.00s Real=0.11s
[232.739s][info][gc,start       ] GC(541) Pause Young (Normal) (G1 Evacuation Pause)
[232.739s][info][gc,task        ] GC(541) Using 1 workers of 1 for evacuation
[232.849s][info][gc,phases      ] GC(541)   Pre Evacuate Collection Set: 0.1ms
[232.849s][info][gc,phases      ] GC(541)   Evacuate Collection Set: 109.1ms
[232.849s][info][gc,phases      ] GC(541)   Post Evacuate Collection Set: 0.5ms
[232.849s][info][gc,phases      ] GC(541)   Other: 0.3ms
[232.849s][info][gc,heap        ] GC(541) Eden regions: 62->0(83)
[232.849s][info][gc,heap        ] GC(541) Survivor regions: 16->10(10)
[232.849s][info][gc,heap        ] GC(541) Old regions: 292->312
[232.849s][info][gc,heap        ] GC(541) Humongous regions: 128->128
[232.849s][info][gc,metaspace   ] GC(541) Metaspace: 68082K->68082K(1110016K)
[232.849s][info][gc             ] GC(541) Pause Young (Normal) (G1 Evacuation Pause) 496M->447M(1564M) 110.147ms
[232.849s][info][gc,cpu         ] GC(541) User=0.11s Sys=0.00s Real=0.11s
[233.047s][info][gc,start       ] GC(542) Pause Young (Normal) (G1 Evacuation Pause)
[233.048s][info][gc,task        ] GC(542) Using 1 workers of 1 for evacuation
[233.139s][info][gc,phases      ] GC(542)   Pre Evacuate Collection Set: 0.1ms
[233.139s][info][gc,phases      ] GC(542)   Evacuate Collection Set: 91.0ms
[233.139s][info][gc,phases      ] GC(542)   Post Evacuate Collection Set: 0.4ms
[233.139s][info][gc,phases      ] GC(542)   Other: 0.3ms
[233.139s][info][gc,heap        ] GC(542) Eden regions: 83->0(92)
[233.139s][info][gc,heap        ] GC(542) Survivor regions: 10->12(12)
[233.139s][info][gc,heap        ] GC(542) Old regions: 312->334
[233.139s][info][gc,heap        ] GC(542) Humongous regions: 139->139
[233.139s][info][gc,metaspace   ] GC(542) Metaspace: 68082K->68082K(1110016K)
[233.139s][info][gc             ] GC(542) Pause Young (Normal) (G1 Evacuation Pause) 541M->482M(1564M) 91.793ms
[233.139s][info][gc,cpu         ] GC(542) User=0.10s Sys=0.00s Real=0.10s
[233.346s][info][gc,start       ] GC(543) Pause Young (Normal) (G1 Evacuation Pause)
[233.346s][info][gc,task        ] GC(543) Using 1 workers of 1 for evacuation
[233.411s][info][gc,phases      ] GC(543)   Pre Evacuate Collection Set: 0.1ms
[233.411s][info][gc,phases      ] GC(543)   Evacuate Collection Set: 64.3ms
[233.411s][info][gc,phases      ] GC(543)   Post Evacuate Collection Set: 0.3ms
[233.411s][info][gc,phases      ] GC(543)   Other: 0.3ms
[233.411s][info][gc,heap        ] GC(543) Eden regions: 92->0(98)
[233.411s][info][gc,heap        ] GC(543) Survivor regions: 12->11(13)
[233.411s][info][gc,heap        ] GC(543) Old regions: 334->346
[233.411s][info][gc,heap        ] GC(543) Humongous regions: 145->145
[233.411s][info][gc,metaspace   ] GC(543) Metaspace: 68082K->68082K(1110016K)
[233.411s][info][gc             ] GC(543) Pause Young (Normal) (G1 Evacuation Pause) 580M->499M(1564M) 65.057ms
[233.411s][info][gc,cpu         ] GC(543) User=0.06s Sys=0.00s Real=0.07s
[233.656s][info][gc,start       ] GC(544) Pause Young (Normal) (G1 Evacuation Pause)
[233.656s][info][gc,task        ] GC(544) Using 1 workers of 1 for evacuation
[233.713s][info][gc,phases      ] GC(544)   Pre Evacuate Collection Set: 0.1ms
[233.713s][info][gc,phases      ] GC(544)   Evacuate Collection Set: 56.4ms
[233.713s][info][gc,phases      ] GC(544)   Post Evacuate Collection Set: 0.8ms
[233.713s][info][gc,phases      ] GC(544)   Other: 0.3ms
[233.713s][info][gc,heap        ] GC(544) Eden regions: 98->0(120)
[233.713s][info][gc,heap        ] GC(544) Survivor regions: 11->8(14)
[233.713s][info][gc,heap        ] GC(544) Old regions: 346->356
[233.713s][info][gc,heap        ] GC(544) Humongous regions: 150->150
[233.713s][info][gc,metaspace   ] GC(544) Metaspace: 68082K->68082K(1110016K)
[233.713s][info][gc             ] GC(544) Pause Young (Normal) (G1 Evacuation Pause) 602M->511M(1650M) 57.587ms
[233.713s][info][gc,cpu         ] GC(544) User=0.06s Sys=0.01s Real=0.06s
[234.056s][info][gc,start       ] GC(545) Pause Young (Normal) (G1 Evacuation Pause)
[234.056s][info][gc,task        ] GC(545) Using 1 workers of 1 for evacuation
[234.099s][info][gc,phases      ] GC(545)   Pre Evacuate Collection Set: 0.1ms
[234.099s][info][gc,phases      ] GC(545)   Evacuate Collection Set: 42.3ms
[234.099s][info][gc,phases      ] GC(545)   Post Evacuate Collection Set: 0.4ms
[234.099s][info][gc,phases      ] GC(545)   Other: 0.3ms
[234.099s][info][gc,heap        ] GC(545) Eden regions: 120->0(139)
[234.099s][info][gc,heap        ] GC(545) Survivor regions: 8->15(16)
[234.099s][info][gc,heap        ] GC(545) Old regions: 356->356
[234.099s][info][gc,heap        ] GC(545) Humongous regions: 150->150
[234.099s][info][gc,metaspace   ] GC(545) Metaspace: 68082K->68082K(1110016K)
[234.099s][info][gc             ] GC(545) Pause Young (Normal) (G1 Evacuation Pause) 631M->518M(1650M) 43.138ms
[234.099s][info][gc,cpu         ] GC(545) User=0.04s Sys=0.00s Real=0.05s
[234.851s][info][gc,start       ] GC(546) Pause Young (Normal) (G1 Evacuation Pause)
[234.851s][info][gc,task        ] GC(546) Using 1 workers of 1 for evacuation
[234.952s][info][gc,phases      ] GC(546)   Pre Evacuate Collection Set: 0.1ms
[234.952s][info][gc,phases      ] GC(546)   Evacuate Collection Set: 100.2ms
[234.952s][info][gc,phases      ] GC(546)   Post Evacuate Collection Set: 0.6ms
[234.952s][info][gc,phases      ] GC(546)   Other: 0.4ms
[234.952s][info][gc,heap        ] GC(546) Eden regions: 113->0(135)
[234.952s][info][gc,heap        ] GC(546) Survivor regions: 15->14(16)
[234.952s][info][gc,heap        ] GC(546) Old regions: 356->362
[234.952s][info][gc,heap        ] GC(546) Humongous regions: 164->164
[234.952s][info][gc,metaspace   ] GC(546) Metaspace: 68082K->68082K(1110016K)
[234.952s][info][gc             ] GC(546) Pause Young (Normal) (G1 Evacuation Pause) 645M->538M(1650M) 101.319ms
[234.952s][info][gc,cpu         ] GC(546) User=0.10s Sys=0.01s Real=0.10s
[235.343s][info][gc,start       ] GC(547) Pause Young (Normal) (G1 Evacuation Pause)
[235.343s][info][gc,task        ] GC(547) Using 1 workers of 1 for evacuation
[235.467s][info][gc,phases      ] GC(547)   Pre Evacuate Collection Set: 0.1ms
[235.467s][info][gc,phases      ] GC(547)   Evacuate Collection Set: 122.6ms
[235.467s][info][gc,phases      ] GC(547)   Post Evacuate Collection Set: 0.5ms
[235.467s][info][gc,phases      ] GC(547)   Other: 0.3ms
[235.467s][info][gc,heap        ] GC(547) Eden regions: 82->0(117)
[235.467s][info][gc,heap        ] GC(547) Survivor regions: 14->12(12)
[235.467s][info][gc,heap        ] GC(547) Old regions: 362->384
[235.467s][info][gc,heap        ] GC(547) Humongous regions: 181->181
[235.467s][info][gc,metaspace   ] GC(547) Metaspace: 68085K->68085K(1110016K)
[235.467s][info][gc             ] GC(547) Pause Young (Normal) (G1 Evacuation Pause) 637M->574M(1650M) 123.626ms
[235.467s][info][gc,cpu         ] GC(547) User=0.12s Sys=0.00s Real=0.12s
[235.741s][info][gc,start       ] GC(548) Pause Young (Normal) (G1 Evacuation Pause)
[235.741s][info][gc,task        ] GC(548) Using 1 workers of 1 for evacuation
[235.926s][info][gc,phases      ] GC(548)   Pre Evacuate Collection Set: 0.1ms
[235.926s][info][gc,phases      ] GC(548)   Evacuate Collection Set: 183.4ms
[235.926s][info][gc,phases      ] GC(548)   Post Evacuate Collection Set: 1.0ms
[235.926s][info][gc,phases      ] GC(548)   Other: 0.3ms
[235.926s][info][gc,heap        ] GC(548) Eden regions: 117->0(101)
[235.926s][info][gc,heap        ] GC(548) Survivor regions: 12->17(17)
[235.926s][info][gc,heap        ] GC(548) Old regions: 384->402
[235.926s][info][gc,heap        ] GC(548) Humongous regions: 192->192
[235.926s][info][gc,metaspace   ] GC(548) Metaspace: 68085K->68085K(1110016K)
[235.926s][info][gc             ] GC(548) Pause Young (Normal) (G1 Evacuation Pause) 702M->608M(1718M) 184.778ms
[235.926s][info][gc,cpu         ] GC(548) User=0.17s Sys=0.02s Real=0.18s
[236.220s][info][gc,start       ] GC(549) Pause Young (Normal) (G1 Evacuation Pause)
[236.221s][info][gc,task        ] GC(549) Using 1 workers of 1 for evacuation
[236.302s][info][gc,phases      ] GC(549)   Pre Evacuate Collection Set: 0.1ms
[236.302s][info][gc,phases      ] GC(549)   Evacuate Collection Set: 80.7ms
[236.302s][info][gc,phases      ] GC(549)   Post Evacuate Collection Set: 0.4ms
[236.302s][info][gc,phases      ] GC(549)   Other: 0.3ms
[236.302s][info][gc,heap        ] GC(549) Eden regions: 101->0(115)
[236.302s][info][gc,heap        ] GC(549) Survivor regions: 17->10(15)
[236.302s][info][gc,heap        ] GC(549) Old regions: 402->419
[236.302s][info][gc,heap        ] GC(549) Humongous regions: 197->197
[236.302s][info][gc,metaspace   ] GC(549) Metaspace: 68085K->68085K(1110016K)
[236.302s][info][gc             ] GC(549) Pause Young (Normal) (G1 Evacuation Pause) 714M->623M(1718M) 81.533ms
[236.302s][info][gc,cpu         ] GC(549) User=0.07s Sys=0.01s Real=0.08s
[236.594s][info][gc,start       ] GC(550) Pause Young (Normal) (G1 Evacuation Pause)
[236.594s][info][gc,task        ] GC(550) Using 1 workers of 1 for evacuation
[236.645s][info][gc,phases      ] GC(550)   Pre Evacuate Collection Set: 0.1ms
[236.645s][info][gc,phases      ] GC(550)   Evacuate Collection Set: 50.4ms
[236.645s][info][gc,phases      ] GC(550)   Post Evacuate Collection Set: 0.4ms
[236.645s][info][gc,phases      ] GC(550)   Other: 0.5ms
[236.645s][info][gc,heap        ] GC(550) Eden regions: 115->0(135)
[236.645s][info][gc,heap        ] GC(550) Survivor regions: 10->8(16)
[236.645s][info][gc,heap        ] GC(550) Old regions: 419->427
[236.645s][info][gc,heap        ] GC(550) Humongous regions: 197->197
[236.645s][info][gc,metaspace   ] GC(550) Metaspace: 68085K->68085K(1110016K)
[236.645s][info][gc             ] GC(550) Pause Young (Normal) (G1 Evacuation Pause) 738M->630M(1718M) 51.425ms
[236.645s][info][gc,cpu         ] GC(550) User=0.05s Sys=0.00s Real=0.05s
[237.014s][info][gc,start       ] GC(551) Pause Young (Normal) (G1 Evacuation Pause)
[237.015s][info][gc,task        ] GC(551) Using 1 workers of 1 for evacuation
[237.075s][info][gc,phases      ] GC(551)   Pre Evacuate Collection Set: 0.1ms
[237.075s][info][gc,phases      ] GC(551)   Evacuate Collection Set: 59.2ms
[237.075s][info][gc,phases      ] GC(551)   Post Evacuate Collection Set: 0.6ms
[237.075s][info][gc,phases      ] GC(551)   Other: 0.3ms
[237.075s][info][gc,heap        ] GC(551) Eden regions: 135->0(143)
[237.075s][info][gc,heap        ] GC(551) Survivor regions: 8->15(18)
[237.075s][info][gc,heap        ] GC(551) Old regions: 427->427
[237.075s][info][gc,heap        ] GC(551) Humongous regions: 206->206
[237.075s][info][gc,metaspace   ] GC(551) Metaspace: 68085K->68085K(1110016K)
[237.075s][info][gc             ] GC(551) Pause Young (Normal) (G1 Evacuation Pause) 774M->646M(1718M) 60.183ms
[237.075s][info][gc,cpu         ] GC(551) User=0.06s Sys=0.00s Real=0.06s
[237.842s][info][gc,start       ] GC(552) Pause Young (Normal) (G1 Evacuation Pause)
[237.842s][info][gc,task        ] GC(552) Using 1 workers of 1 for evacuation
[237.963s][info][gc,phases      ] GC(552)   Pre Evacuate Collection Set: 0.1ms
[237.963s][info][gc,phases      ] GC(552)   Evacuate Collection Set: 119.9ms
[237.963s][info][gc,phases      ] GC(552)   Post Evacuate Collection Set: 0.8ms
[237.963s][info][gc,phases      ] GC(552)   Other: 0.3ms
[237.963s][info][gc,heap        ] GC(552) Eden regions: 94->0(74)
[237.963s][info][gc,heap        ] GC(552) Survivor regions: 15->14(14)
[237.963s][info][gc,heap        ] GC(552) Old regions: 427->446
[237.963s][info][gc,heap        ] GC(552) Humongous regions: 225->225
[237.963s][info][gc,metaspace   ] GC(552) Metaspace: 68087K->68087K(1110016K)
[237.963s][info][gc             ] GC(552) Pause Young (Normal) (G1 Evacuation Pause) 759M->682M(1777M) 121.159ms
[237.963s][info][gc,cpu         ] GC(552) User=0.11s Sys=0.01s Real=0.12s
[238.153s][info][gc,start       ] GC(553) Pause Young (Normal) (G1 Evacuation Pause)
[238.153s][info][gc,task        ] GC(553) Using 1 workers of 1 for evacuation
[238.298s][info][gc,phases      ] GC(553)   Pre Evacuate Collection Set: 0.1ms
[238.298s][info][gc,phases      ] GC(553)   Evacuate Collection Set: 143.7ms
[238.298s][info][gc,phases      ] GC(553)   Post Evacuate Collection Set: 0.4ms
[238.298s][info][gc,phases      ] GC(553)   Other: 0.2ms
[238.298s][info][gc,heap        ] GC(553) Eden regions: 74->0(79)
[238.298s][info][gc,heap        ] GC(553) Survivor regions: 14->11(11)
[238.298s][info][gc,heap        ] GC(553) Old regions: 446->469
[238.298s][info][gc,heap        ] GC(553) Humongous regions: 234->234
[238.298s][info][gc,metaspace   ] GC(553) Metaspace: 68087K->68087K(1110016K)
[238.298s][info][gc             ] GC(553) Pause Young (Normal) (G1 Evacuation Pause) 765M->711M(1777M) 144.566ms
[238.298s][info][gc,cpu         ] GC(553) User=0.15s Sys=0.00s Real=0.15s
[238.482s][info][gc,start       ] GC(554) Pause Young (Normal) (G1 Evacuation Pause)
[238.482s][info][gc,task        ] GC(554) Using 1 workers of 1 for evacuation
[238.542s][info][gc,phases      ] GC(554)   Pre Evacuate Collection Set: 0.1ms
[238.542s][info][gc,phases      ] GC(554)   Evacuate Collection Set: 58.5ms
[238.542s][info][gc,phases      ] GC(554)   Post Evacuate Collection Set: 0.3ms
[238.542s][info][gc,phases      ] GC(554)   Other: 0.3ms
[238.542s][info][gc,heap        ] GC(554) Eden regions: 79->0(100)
[238.542s][info][gc,heap        ] GC(554) Survivor regions: 11->9(12)
[238.542s][info][gc,heap        ] GC(554) Old regions: 469->480
[238.542s][info][gc,heap        ] GC(554) Humongous regions: 239->239
[238.542s][info][gc,metaspace   ] GC(554) Metaspace: 68087K->68087K(1110016K)
[238.542s][info][gc             ] GC(554) Pause Young (Normal) (G1 Evacuation Pause) 795M->725M(1777M) 59.323ms
[238.542s][info][gc,cpu         ] GC(554) User=0.05s Sys=0.01s Real=0.06s
[238.814s][info][gc,start       ] GC(555) Pause Young (Normal) (G1 Evacuation Pause)
[238.814s][info][gc,task        ] GC(555) Using 1 workers of 1 for evacuation
[238.874s][info][gc,phases      ] GC(555)   Pre Evacuate Collection Set: 0.1ms
[238.874s][info][gc,phases      ] GC(555)   Evacuate Collection Set: 58.7ms
[238.874s][info][gc,phases      ] GC(555)   Post Evacuate Collection Set: 1.0ms
[238.874s][info][gc,phases      ] GC(555)   Other: 0.3ms
[238.874s][info][gc,heap        ] GC(555) Eden regions: 100->0(117)
[238.874s][info][gc,heap        ] GC(555) Survivor regions: 9->9(14)
[238.874s][info][gc,heap        ] GC(555) Old regions: 480->488
[238.874s][info][gc,heap        ] GC(555) Humongous regions: 244->244
[238.874s][info][gc,metaspace   ] GC(555) Metaspace: 68093K->68093K(1110016K)
[238.874s][info][gc             ] GC(555) Pause Young (Normal) (G1 Evacuation Pause) 830M->738M(1777M) 60.236ms
[238.874s][info][gc,cpu         ] GC(555) User=0.05s Sys=0.01s Real=0.06s
[239.186s][info][gc,start       ] GC(556) Pause Young (Normal) (G1 Evacuation Pause)
[239.186s][info][gc,task        ] GC(556) Using 1 workers of 1 for evacuation
[239.233s][info][gc,phases      ] GC(556)   Pre Evacuate Collection Set: 0.1ms
[239.233s][info][gc,phases      ] GC(556)   Evacuate Collection Set: 45.5ms
[239.233s][info][gc,phases      ] GC(556)   Post Evacuate Collection Set: 0.5ms
[239.233s][info][gc,phases      ] GC(556)   Other: 0.8ms
[239.233s][info][gc,heap        ] GC(556) Eden regions: 117->0(140)
[239.233s][info][gc,heap        ] GC(556) Survivor regions: 9->8(16)
[239.233s][info][gc,heap        ] GC(556) Old regions: 488->496
[239.233s][info][gc,heap        ] GC(556) Humongous regions: 244->244
[239.233s][info][gc,metaspace   ] GC(556) Metaspace: 68093K->68093K(1110016K)
[239.233s][info][gc             ] GC(556) Pause Young (Normal) (G1 Evacuation Pause) 855M->745M(1822M) 46.912ms
[239.233s][info][gc,cpu         ] GC(556) User=0.05s Sys=0.00s Real=0.05s
[239.994s][info][gc,start       ] GC(557) Pause Young (Normal) (G1 Evacuation Pause)
[239.994s][info][gc,task        ] GC(557) Using 1 workers of 1 for evacuation
[240.068s][info][gc,phases      ] GC(557)   Pre Evacuate Collection Set: 0.1ms
[240.068s][info][gc,phases      ] GC(557)   Evacuate Collection Set: 73.5ms
[240.068s][info][gc,phases      ] GC(557)   Post Evacuate Collection Set: 0.6ms
[240.068s][info][gc,phases      ] GC(557)   Other: 0.3ms
[240.068s][info][gc,heap        ] GC(557) Eden regions: 124->0(129)
[240.068s][info][gc,heap        ] GC(557) Survivor regions: 8->14(17)
[240.068s][info][gc,heap        ] GC(557) Old regions: 496->496
[240.068s][info][gc,heap        ] GC(557) Humongous regions: 258->258
[240.068s][info][gc,metaspace   ] GC(557) Metaspace: 68093K->68093K(1110016K)
[240.068s][info][gc             ] GC(557) Pause Young (Normal) (G1 Evacuation Pause) 883M->765M(1822M) 74.486ms
[240.068s][info][gc,cpu         ] GC(557) User=0.07s Sys=0.00s Real=0.07s
[240.437s][info][gc,start       ] GC(558) Pause Young (Normal) (G1 Evacuation Pause)
[240.437s][info][gc,task        ] GC(558) Using 1 workers of 1 for evacuation
[240.549s][info][gc,phases      ] GC(558)   Pre Evacuate Collection Set: 0.1ms
[240.549s][info][gc,phases      ] GC(558)   Evacuate Collection Set: 110.4ms
[240.549s][info][gc,phases      ] GC(558)   Post Evacuate Collection Set: 0.6ms
[240.549s][info][gc,phases      ] GC(558)   Other: 0.3ms
[240.549s][info][gc,heap        ] GC(558) Eden regions: 85->0(107)
[240.549s][info][gc,heap        ] GC(558) Survivor regions: 14->13(13)
[240.549s][info][gc,heap        ] GC(558) Old regions: 496->512
[240.549s][info][gc,heap        ] GC(558) Humongous regions: 280->275
[240.549s][info][gc,metaspace   ] GC(558) Metaspace: 68109K->68109K(1110016K)
[240.549s][info][gc             ] GC(558) Pause Young (Normal) (G1 Evacuation Pause) 872M->797M(1822M) 111.429ms
[240.549s][info][gc,cpu         ] GC(558) User=0.11s Sys=0.00s Real=0.10s
[241.059s][info][gc,start       ] GC(559) Pause Young (Normal) (G1 Evacuation Pause)
[241.059s][info][gc,task        ] GC(559) Using 1 workers of 1 for evacuation
[241.169s][info][gc,phases      ] GC(559)   Pre Evacuate Collection Set: 0.1ms
[241.169s][info][gc,phases      ] GC(559)   Evacuate Collection Set: 109.0ms
[241.169s][info][gc,phases      ] GC(559)   Post Evacuate Collection Set: 0.7ms
[241.169s][info][gc,phases      ] GC(559)   Other: 0.3ms
[241.169s][info][gc,heap        ] GC(559) Eden regions: 107->0(115)
[241.169s][info][gc,heap        ] GC(559) Survivor regions: 13->15(15)
[241.169s][info][gc,heap        ] GC(559) Old regions: 512->528
[241.169s][info][gc,heap        ] GC(559) Humongous regions: 291->291
[241.169s][info][gc,metaspace   ] GC(559) Metaspace: 68152K->68152K(1110016K)
[241.169s][info][gc             ] GC(559) Pause Young (Normal) (G1 Evacuation Pause) 920M->832M(1822M) 110.146ms
[241.169s][info][gc,cpu         ] GC(559) User=0.11s Sys=0.00s Real=0.11s
[241.191s][info][gc,start       ] GC(560) Pause Young (Concurrent Start) (G1 Humongous Allocation)
[241.191s][info][gc,task        ] GC(560) Using 1 workers of 1 for evacuation
[241.245s][info][gc,phases      ] GC(560)   Pre Evacuate Collection Set: 0.3ms
[241.245s][info][gc,phases      ] GC(560)   Evacuate Collection Set: 52.9ms
[241.245s][info][gc,phases      ] GC(560)   Post Evacuate Collection Set: 0.5ms
[241.245s][info][gc,phases      ] GC(560)   Other: 0.3ms
[241.245s][info][gc,heap        ] GC(560) Eden regions: 9->0(99)
[241.245s][info][gc,heap        ] GC(560) Survivor regions: 15->1(17)
[241.245s][info][gc,heap        ] GC(560) Old regions: 528->543
[241.245s][info][gc,heap        ] GC(560) Humongous regions: 291->291
[241.245s][info][gc,metaspace   ] GC(560) Metaspace: 68152K->68152K(1110016K)
[241.245s][info][gc             ] GC(560) Pause Young (Concurrent Start) (G1 Humongous Allocation) 841M->832M(1856M) 54.108ms
[241.245s][info][gc,cpu         ] GC(560) User=0.06s Sys=0.00s Real=0.05s
[241.245s][info][gc             ] GC(561) Concurrent Cycle
[241.245s][info][gc,marking     ] GC(561) Concurrent Clear Claimed Marks
[241.246s][info][gc,marking     ] GC(561) Concurrent Clear Claimed Marks 0.258ms
[241.246s][info][gc,marking     ] GC(561) Concurrent Scan Root Regions
[241.249s][info][gc,marking     ] GC(561) Concurrent Scan Root Regions 3.139ms
[241.249s][info][gc,marking     ] GC(561) Concurrent Mark (241.249s)
[241.249s][info][gc,marking     ] GC(561) Concurrent Mark From Roots
[241.249s][info][gc,task        ] GC(561) Using 1 workers of 1 for marking
[241.602s][info][gc,marking     ] GC(561) Concurrent Mark From Roots 353.609ms
[241.603s][info][gc,marking     ] GC(561) Concurrent Preclean
[241.604s][info][gc,marking     ] GC(561) Concurrent Preclean 0.967ms
[241.604s][info][gc,marking     ] GC(561) Concurrent Mark (241.249s, 241.604s) 355.574ms
[241.607s][info][gc,start       ] GC(561) Pause Remark
[241.626s][info][gc,stringtable ] GC(561) Cleaned string and symbol table, strings: 23639 processed, 17 removed, symbols: 139768 processed, 0 removed
[241.627s][info][gc             ] GC(561) Pause Remark 878M->218M(1856M) 20.231ms
[241.627s][info][gc,cpu         ] GC(561) User=0.02s Sys=0.00s Real=0.02s
[241.630s][info][gc,marking     ] GC(561) Concurrent Rebuild Remembered Sets
[241.879s][info][gc,marking     ] GC(561) Concurrent Rebuild Remembered Sets 249.113ms
[241.883s][info][gc,start       ] GC(561) Pause Cleanup
[241.883s][info][gc             ] GC(561) Pause Cleanup 260M->260M(1856M) 0.327ms
[241.883s][info][gc,cpu         ] GC(561) User=0.00s Sys=0.00s Real=0.00s
[241.883s][info][gc,marking     ] GC(561) Concurrent Cleanup for Next Mark
[241.894s][info][gc,marking     ] GC(561) Concurrent Cleanup for Next Mark 11.240ms
[241.894s][info][gc             ] GC(561) Concurrent Cycle 648.750ms
[241.977s][info][gc,start       ] GC(562) Pause Young (Normal) (G1 Evacuation Pause)
[241.977s][info][gc,task        ] GC(562) Using 1 workers of 1 for evacuation
[242.042s][info][gc,phases      ] GC(562)   Pre Evacuate Collection Set: 0.1ms
[242.042s][info][gc,phases      ] GC(562)   Evacuate Collection Set: 64.1ms
[242.042s][info][gc,phases      ] GC(562)   Post Evacuate Collection Set: 0.6ms
[242.042s][info][gc,phases      ] GC(562)   Other: 0.2ms
[242.042s][info][gc,heap        ] GC(562) Eden regions: 99->0(79)
[242.042s][info][gc,heap        ] GC(562) Survivor regions: 1->13(13)
[242.042s][info][gc,heap        ] GC(562) Old regions: 165->169
[242.042s][info][gc,heap        ] GC(562) Humongous regions: 31->26
[242.042s][info][gc,metaspace   ] GC(562) Metaspace: 68162K->68162K(1110016K)
[242.042s][info][gc             ] GC(562) Pause Young (Normal) (G1 Evacuation Pause) 293M->205M(1856M) 65.079ms
[242.042s][info][gc,cpu         ] GC(562) User=0.07s Sys=0.00s Real=0.06s
[242.347s][info][gc,start       ] GC(563) Pause Young (Normal) (G1 Evacuation Pause)
[242.347s][info][gc,task        ] GC(563) Using 1 workers of 1 for evacuation
[242.453s][info][gc,phases      ] GC(563)   Pre Evacuate Collection Set: 0.1ms
[242.453s][info][gc,phases      ] GC(563)   Evacuate Collection Set: 105.0ms
[242.453s][info][gc,phases      ] GC(563)   Post Evacuate Collection Set: 0.5ms
[242.453s][info][gc,phases      ] GC(563)   Other: 0.4ms
[242.453s][info][gc,heap        ] GC(563) Eden regions: 79->0(80)
[242.453s][info][gc,heap        ] GC(563) Survivor regions: 13->12(12)
[242.453s][info][gc,heap        ] GC(563) Old regions: 169->184
[242.453s][info][gc,heap        ] GC(563) Humongous regions: 37->37
[242.453s][info][gc,metaspace   ] GC(563) Metaspace: 68162K->68162K(1110016K)
[242.453s][info][gc             ] GC(563) Pause Young (Normal) (G1 Evacuation Pause) 295M->230M(1856M) 106.156ms
[242.453s][info][gc,cpu         ] GC(563) User=0.10s Sys=0.00s Real=0.11s
[242.884s][info][gc,start       ] GC(564) Pause Young (Normal) (G1 Evacuation Pause)
[242.884s][info][gc,task        ] GC(564) Using 1 workers of 1 for evacuation
[242.989s][info][gc,phases      ] GC(564)   Pre Evacuate Collection Set: 0.1ms
[242.989s][info][gc,phases      ] GC(564)   Evacuate Collection Set: 104.5ms
[242.989s][info][gc,phases      ] GC(564)   Post Evacuate Collection Set: 0.6ms
[242.989s][info][gc,phases      ] GC(564)   Other: 0.3ms
[242.989s][info][gc,heap        ] GC(564) Eden regions: 80->0(80)
[242.989s][info][gc,heap        ] GC(564) Survivor regions: 12->12(12)
[242.989s][info][gc,heap        ] GC(564) Old regions: 184->196
[242.989s][info][gc,heap        ] GC(564) Humongous regions: 53->48
[242.989s][info][gc,metaspace   ] GC(564) Metaspace: 68166K->68166K(1110016K)
[242.989s][info][gc             ] GC(564) Pause Young (Normal) (G1 Evacuation Pause) 326M->254M(1856M) 105.515ms
[242.989s][info][gc,cpu         ] GC(564) User=0.11s Sys=0.00s Real=0.11s
[243.349s][info][gc,start       ] GC(565) Pause Young (Normal) (G1 Evacuation Pause)
[243.350s][info][gc,task        ] GC(565) Using 1 workers of 1 for evacuation
[243.410s][info][gc,phases      ] GC(565)   Pre Evacuate Collection Set: 0.1ms
[243.410s][info][gc,phases      ] GC(565)   Evacuate Collection Set: 59.9ms
[243.410s][info][gc,phases      ] GC(565)   Post Evacuate Collection Set: 0.6ms
[243.410s][info][gc,phases      ] GC(565)   Other: 0.4ms
[243.410s][info][gc,heap        ] GC(565) Eden regions: 80->0(101)
[243.410s][info][gc,heap        ] GC(565) Survivor regions: 12->6(12)
[243.410s][info][gc,heap        ] GC(565) Old regions: 196->208
[243.410s][info][gc,heap        ] GC(565) Humongous regions: 53->53
[243.410s][info][gc,metaspace   ] GC(565) Metaspace: 68166K->68166K(1110016K)
[243.410s][info][gc             ] GC(565) Pause Young (Normal) (G1 Evacuation Pause) 339M->264M(1883M) 61.026ms
[243.410s][info][gc,cpu         ] GC(565) User=0.06s Sys=0.01s Real=0.07s
[243.863s][info][gc,start       ] GC(566) Pause Young (Normal) (G1 Evacuation Pause)
[243.863s][info][gc,task        ] GC(566) Using 1 workers of 1 for evacuation
[243.921s][info][gc,phases      ] GC(566)   Pre Evacuate Collection Set: 0.1ms
[243.921s][info][gc,phases      ] GC(566)   Evacuate Collection Set: 57.3ms
[243.921s][info][gc,phases      ] GC(566)   Post Evacuate Collection Set: 0.6ms
[243.921s][info][gc,phases      ] GC(566)   Other: 0.3ms
[243.921s][info][gc,heap        ] GC(566) Eden regions: 101->0(110)
[243.921s][info][gc,heap        ] GC(566) Survivor regions: 6->14(14)
[243.921s][info][gc,heap        ] GC(566) Old regions: 208->210
[243.921s][info][gc,heap        ] GC(566) Humongous regions: 64->64
[243.921s][info][gc,metaspace   ] GC(566) Metaspace: 68166K->68166K(1110016K)
[243.921s][info][gc             ] GC(566) Pause Young (Normal) (G1 Evacuation Pause) 376M->286M(1883M) 58.342ms
[243.921s][info][gc,cpu         ] GC(566) User=0.05s Sys=0.00s Real=0.06s
[244.358s][info][gc,start       ] GC(567) Pause Young (Normal) (G1 Evacuation Pause)
[244.358s][info][gc,task        ] GC(567) Using 1 workers of 1 for evacuation
[244.450s][info][gc,phases      ] GC(567)   Pre Evacuate Collection Set: 0.1ms
[244.450s][info][gc,phases      ] GC(567)   Evacuate Collection Set: 91.1ms
[244.450s][info][gc,phases      ] GC(567)   Post Evacuate Collection Set: 0.5ms
[244.450s][info][gc,phases      ] GC(567)   Other: 0.3ms
[244.450s][info][gc,heap        ] GC(567) Eden regions: 110->0(122)
[244.450s][info][gc,heap        ] GC(567) Survivor regions: 14->12(16)
[244.450s][info][gc,heap        ] GC(567) Old regions: 210->224
[244.450s][info][gc,heap        ] GC(567) Humongous regions: 75->75
[244.450s][info][gc,metaspace   ] GC(567) Metaspace: 68167K->68167K(1110016K)
[244.450s][info][gc             ] GC(567) Pause Young (Normal) (G1 Evacuation Pause) 407M->308M(1883M) 92.040ms
[244.450s][info][gc,cpu         ] GC(567) User=0.09s Sys=0.00s Real=0.09s
[244.736s][info][gc,start       ] GC(568) Pause Young (Normal) (G1 Evacuation Pause)
[244.736s][info][gc,task        ] GC(568) Using 1 workers of 1 for evacuation
[244.821s][info][gc,phases      ] GC(568)   Pre Evacuate Collection Set: 0.1ms
[244.821s][info][gc,phases      ] GC(568)   Evacuate Collection Set: 84.0ms
[244.821s][info][gc,phases      ] GC(568)   Post Evacuate Collection Set: 0.4ms
[244.821s][info][gc,phases      ] GC(568)   Other: 0.3ms
[244.821s][info][gc,heap        ] GC(568) Eden regions: 122->0(120)
[244.821s][info][gc,heap        ] GC(568) Survivor regions: 12->13(17)
[244.821s][info][gc,heap        ] GC(568) Old regions: 224->235
[244.821s][info][gc,heap        ] GC(568) Humongous regions: 83->78
[244.821s][info][gc,metaspace   ] GC(568) Metaspace: 68169K->68169K(1110016K)
[244.821s][info][gc             ] GC(568) Pause Young (Normal) (G1 Evacuation Pause) 438M->324M(1883M) 84.801ms
[244.821s][info][gc,cpu         ] GC(568) User=0.08s Sys=0.00s Real=0.09s
[245.519s][info][gc,start       ] GC(569) Pause Young (Normal) (G1 Evacuation Pause)
[245.519s][info][gc,task        ] GC(569) Using 1 workers of 1 for evacuation
[245.622s][info][gc,phases      ] GC(569)   Pre Evacuate Collection Set: 0.1ms
[245.623s][info][gc,phases      ] GC(569)   Evacuate Collection Set: 102.2ms
[245.623s][info][gc,phases      ] GC(569)   Post Evacuate Collection Set: 0.7ms
[245.623s][info][gc,phases      ] GC(569)   Other: 0.3ms
[245.623s][info][gc,heap        ] GC(569) Eden regions: 120->0(127)
[245.623s][info][gc,heap        ] GC(569) Survivor regions: 13->13(17)
[245.623s][info][gc,heap        ] GC(569) Old regions: 235->248
[245.623s][info][gc,heap        ] GC(569) Humongous regions: 164->117
[245.623s][info][gc,metaspace   ] GC(569) Metaspace: 68178K->68178K(1110016K)
[245.623s][info][gc             ] GC(569) Pause Young (Normal) (G1 Evacuation Pause) 530M->376M(1903M) 103.371ms
[245.623s][info][gc,cpu         ] GC(569) User=0.10s Sys=0.00s Real=0.10s
[245.818s][info][gc,start       ] GC(570) Pause Young (Normal) (G1 Evacuation Pause)
[245.818s][info][gc,task        ] GC(570) Using 1 workers of 1 for evacuation
[245.925s][info][gc,phases      ] GC(570)   Pre Evacuate Collection Set: 0.1ms
[245.925s][info][gc,phases      ] GC(570)   Evacuate Collection Set: 106.3ms
[245.925s][info][gc,phases      ] GC(570)   Post Evacuate Collection Set: 0.5ms
[245.925s][info][gc,phases      ] GC(570)   Other: 0.3ms
[245.925s][info][gc,heap        ] GC(570) Eden regions: 127->0(135)
[245.925s][info][gc,heap        ] GC(570) Survivor regions: 13->18(18)
[245.925s][info][gc,heap        ] GC(570) Old regions: 248->262
[245.925s][info][gc,heap        ] GC(570) Humongous regions: 133->133
[245.925s][info][gc,metaspace   ] GC(570) Metaspace: 68178K->68178K(1110016K)
[245.925s][info][gc             ] GC(570) Pause Young (Normal) (G1 Evacuation Pause) 519M->410M(1903M) 107.235ms
[245.925s][info][gc,cpu         ] GC(570) User=0.11s Sys=0.01s Real=0.10s
[246.658s][info][gc,start       ] GC(571) Pause Young (Normal) (G1 Evacuation Pause)
[246.658s][info][gc,task        ] GC(571) Using 1 workers of 1 for evacuation
[246.864s][info][gc,mmu         ] GC(571) MMU target violated: 201.0ms (200.0ms/201.0ms)
[246.865s][info][gc,phases      ] GC(571)   Pre Evacuate Collection Set: 0.1ms
[246.865s][info][gc,phases      ] GC(571)   Evacuate Collection Set: 205.5ms
[246.865s][info][gc,phases      ] GC(571)   Post Evacuate Collection Set: 0.6ms
[246.865s][info][gc,phases      ] GC(571)   Other: 0.7ms
[246.865s][info][gc,heap        ] GC(571) Eden regions: 135->0(136)
[246.865s][info][gc,heap        ] GC(571) Survivor regions: 18->16(20)
[246.865s][info][gc,heap        ] GC(571) Old regions: 262->280
[246.865s][info][gc,heap        ] GC(571) Humongous regions: 216->170
[246.865s][info][gc,metaspace   ] GC(571) Metaspace: 68189K->68189K(1110016K)
[246.865s][info][gc             ] GC(571) Pause Young (Normal) (G1 Evacuation Pause) 628M->463M(1903M) 206.949ms
[246.865s][info][gc,cpu         ] GC(571) User=0.20s Sys=0.00s Real=0.20s
[247.080s][info][gc,start       ] GC(572) Pause Young (Normal) (G1 Evacuation Pause)
[247.080s][info][gc,task        ] GC(572) Using 1 workers of 1 for evacuation
[247.200s][info][gc,phases      ] GC(572)   Pre Evacuate Collection Set: 0.1ms
[247.200s][info][gc,phases      ] GC(572)   Evacuate Collection Set: 119.7ms
[247.200s][info][gc,phases      ] GC(572)   Post Evacuate Collection Set: 0.5ms
[247.200s][info][gc,phases      ] GC(572)   Other: 0.3ms
[247.200s][info][gc,heap        ] GC(572) Eden regions: 136->0(76)
[247.200s][info][gc,heap        ] GC(572) Survivor regions: 16->19(19)
[247.200s][info][gc,heap        ] GC(572) Old regions: 280->296
[247.200s][info][gc,heap        ] GC(572) Humongous regions: 186->164
[247.200s][info][gc,metaspace   ] GC(572) Metaspace: 68190K->68190K(1110016K)
[247.200s][info][gc             ] GC(572) Pause Young (Normal) (G1 Evacuation Pause) 615M->477M(1903M) 120.749ms
[247.200s][info][gc,cpu         ] GC(572) User=0.12s Sys=0.00s Real=0.12s
[247.521s][info][gc,start       ] GC(573) Pause Young (Normal) (G1 Evacuation Pause)
[247.521s][info][gc,task        ] GC(573) Using 1 workers of 1 for evacuation
[247.623s][info][gc,phases      ] GC(573)   Pre Evacuate Collection Set: 0.1ms
[247.623s][info][gc,phases      ] GC(573)   Evacuate Collection Set: 100.8ms
[247.623s][info][gc,phases      ] GC(573)   Post Evacuate Collection Set: 0.5ms
[247.623s][info][gc,phases      ] GC(573)   Other: 0.3ms
[247.623s][info][gc,heap        ] GC(573) Eden regions: 76->0(86)
[247.623s][info][gc,heap        ] GC(573) Survivor regions: 19->10(12)
[247.623s][info][gc,heap        ] GC(573) Old regions: 296->315
[247.623s][info][gc,heap        ] GC(573) Humongous regions: 181->178
[247.623s][info][gc,metaspace   ] GC(573) Metaspace: 68190K->68190K(1110016K)
[247.623s][info][gc             ] GC(573) Pause Young (Normal) (G1 Evacuation Pause) 570M->501M(1928M) 101.728ms
[247.623s][info][gc,cpu         ] GC(573) User=0.10s Sys=0.00s Real=0.10s
[247.916s][info][gc,start       ] GC(574) Pause Young (Normal) (G1 Evacuation Pause)
[247.916s][info][gc,task        ] GC(574) Using 1 workers of 1 for evacuation
[248.008s][info][gc,phases      ] GC(574)   Pre Evacuate Collection Set: 0.1ms
[248.008s][info][gc,phases      ] GC(574)   Evacuate Collection Set: 91.5ms
[248.008s][info][gc,phases      ] GC(574)   Post Evacuate Collection Set: 0.5ms
[248.008s][info][gc,phases      ] GC(574)   Other: 0.3ms
[248.008s][info][gc,heap        ] GC(574) Eden regions: 86->0(88)
[248.008s][info][gc,heap        ] GC(574) Survivor regions: 10->12(12)
[248.008s][info][gc,heap        ] GC(574) Old regions: 315->325
[248.008s][info][gc,heap        ] GC(574) Humongous regions: 257->214
[248.008s][info][gc,metaspace   ] GC(574) Metaspace: 68241K->68241K(1110016K)
[248.008s][info][gc             ] GC(574) Pause Young (Normal) (G1 Evacuation Pause) 666M->548M(1928M) 92.395ms
[248.008s][info][gc,cpu         ] GC(574) User=0.09s Sys=0.00s Real=0.09s
[248.079s][info][gc,start       ] GC(575) Pause Young (Normal) (G1 Evacuation Pause)
[248.079s][info][gc,task        ] GC(575) Using 1 workers of 1 for evacuation
[248.152s][info][gc,phases      ] GC(575)   Pre Evacuate Collection Set: 0.1ms
[248.152s][info][gc,phases      ] GC(575)   Evacuate Collection Set: 72.7ms
[248.152s][info][gc,phases      ] GC(575)   Post Evacuate Collection Set: 0.4ms
[248.152s][info][gc,phases      ] GC(575)   Other: 0.3ms
[248.152s][info][gc,heap        ] GC(575) Eden regions: 88->0(83)
[248.152s][info][gc,heap        ] GC(575) Survivor regions: 12->13(13)
[248.152s][info][gc,heap        ] GC(575) Old regions: 325->343
[248.152s][info][gc,heap        ] GC(575) Humongous regions: 223->201
[248.152s][info][gc,metaspace   ] GC(575) Metaspace: 68249K->68249K(1110016K)
[248.152s][info][gc             ] GC(575) Pause Young (Normal) (G1 Evacuation Pause) 645M->554M(1928M) 73.540ms
[248.152s][info][gc,cpu         ] GC(575) User=0.08s Sys=0.00s Real=0.07s
[248.196s][info][gc,start       ] GC(576) Pause Young (Normal) (G1 Evacuation Pause)
[248.196s][info][gc,task        ] GC(576) Using 1 workers of 1 for evacuation
[248.220s][info][gc,phases      ] GC(576)   Pre Evacuate Collection Set: 0.1ms
[248.220s][info][gc,phases      ] GC(576)   Evacuate Collection Set: 23.7ms
[248.220s][info][gc,phases      ] GC(576)   Post Evacuate Collection Set: 0.3ms
[248.220s][info][gc,phases      ] GC(576)   Other: 0.3ms
[248.220s][info][gc,heap        ] GC(576) Eden regions: 83->0(107)
[248.220s][info][gc,heap        ] GC(576) Survivor regions: 13->1(12)
[248.220s][info][gc,heap        ] GC(576) Old regions: 343->356
[248.220s][info][gc,heap        ] GC(576) Humongous regions: 201->201
[248.220s][info][gc,metaspace   ] GC(576) Metaspace: 68249K->68249K(1110016K)
[248.220s][info][gc             ] GC(576) Pause Young (Normal) (G1 Evacuation Pause) 637M->555M(1928M) 24.412ms
[248.220s][info][gc,cpu         ] GC(576) User=0.02s Sys=0.00s Real=0.03s
[248.272s][info][gc,start       ] GC(577) Pause Young (Normal) (G1 Evacuation Pause)
[248.272s][info][gc,task        ] GC(577) Using 1 workers of 1 for evacuation
[248.275s][info][gc,phases      ] GC(577)   Pre Evacuate Collection Set: 0.1ms
[248.275s][info][gc,phases      ] GC(577)   Evacuate Collection Set: 2.2ms
[248.275s][info][gc,phases      ] GC(577)   Post Evacuate Collection Set: 0.3ms
[248.275s][info][gc,phases      ] GC(577)   Other: 0.2ms
[248.275s][info][gc,heap        ] GC(577) Eden regions: 107->0(140)
[248.275s][info][gc,heap        ] GC(577) Survivor regions: 1->1(14)
[248.275s][info][gc,heap        ] GC(577) Old regions: 356->356
[248.275s][info][gc,heap        ] GC(577) Humongous regions: 201->201
[248.275s][info][gc,metaspace   ] GC(577) Metaspace: 68249K->68249K(1110016K)
[248.275s][info][gc             ] GC(577) Pause Young (Normal) (G1 Evacuation Pause) 662M->555M(1928M) 2.802ms
[248.275s][info][gc,cpu         ] GC(577) User=0.01s Sys=0.00s Real=0.00s
[248.350s][info][gc,start       ] GC(578) Pause Young (Normal) (G1 Evacuation Pause)
[248.350s][info][gc,task        ] GC(578) Using 1 workers of 1 for evacuation
[248.404s][info][gc,phases      ] GC(578)   Pre Evacuate Collection Set: 0.1ms
[248.405s][info][gc,phases      ] GC(578)   Evacuate Collection Set: 53.5ms
[248.405s][info][gc,phases      ] GC(578)   Post Evacuate Collection Set: 0.4ms
[248.405s][info][gc,phases      ] GC(578)   Other: 0.3ms
[248.405s][info][gc,heap        ] GC(578) Eden regions: 140->0(134)
[248.405s][info][gc,heap        ] GC(578) Survivor regions: 1->18(18)
[248.405s][info][gc,heap        ] GC(578) Old regions: 356->367
[248.405s][info][gc,heap        ] GC(578) Humongous regions: 204->204
[248.405s][info][gc,metaspace   ] GC(578) Metaspace: 68249K->68249K(1110016K)
[248.405s][info][gc             ] GC(578) Pause Young (Normal) (G1 Evacuation Pause) 698M->587M(1928M) 54.362ms
[248.405s][info][gc,cpu         ] GC(578) User=0.05s Sys=0.00s Real=0.05s
[248.467s][info][gc,start       ] GC(579) Pause Young (Normal) (G1 Evacuation Pause)
[248.467s][info][gc,task        ] GC(579) Using 1 workers of 1 for evacuation
[248.523s][info][gc,phases      ] GC(579)   Pre Evacuate Collection Set: 0.1ms
[248.523s][info][gc,phases      ] GC(579)   Evacuate Collection Set: 55.2ms
[248.523s][info][gc,phases      ] GC(579)   Post Evacuate Collection Set: 0.4ms
[248.523s][info][gc,phases      ] GC(579)   Other: 0.2ms
[248.523s][info][gc,heap        ] GC(579) Eden regions: 134->0(152)
[248.523s][info][gc,heap        ] GC(579) Survivor regions: 18->13(19)
[248.523s][info][gc,heap        ] GC(579) Old regions: 367->385
[248.523s][info][gc,heap        ] GC(579) Humongous regions: 204->204
[248.523s][info][gc,metaspace   ] GC(579) Metaspace: 68249K->68249K(1110016K)
[248.523s][info][gc             ] GC(579) Pause Young (Normal) (G1 Evacuation Pause) 721M->599M(1941M) 56.069ms
[248.523s][info][gc,cpu         ] GC(579) User=0.06s Sys=0.00s Real=0.06s
[248.540s][info][gc,task        ] GC(580) Using 1 workers of 1 for full compaction
[248.540s][info][gc,start       ] GC(580) Pause Full (System.gc())
[248.541s][info][gc,phases,start] GC(580) Phase 1: Mark live objects
[248.703s][info][gc,stringtable ] GC(580) Cleaned string and symbol table, strings: 23664 processed, 23 removed, symbols: 139769 processed, 1 removed
[248.703s][info][gc,phases      ] GC(580) Phase 1: Mark live objects 161.451ms
[248.703s][info][gc,phases,start] GC(580) Phase 2: Prepare for compaction
[248.733s][info][gc,phases      ] GC(580) Phase 2: Prepare for compaction 29.728ms
[248.733s][info][gc,phases,start] GC(580) Phase 3: Adjust pointers
[248.830s][info][gc,phases      ] GC(580) Phase 3: Adjust pointers 97.163ms
[248.830s][info][gc,phases,start] GC(580) Phase 4: Compact heap
[248.852s][info][gc,phases      ] GC(580) Phase 4: Compact heap 22.139ms
[248.895s][info][gc,heap        ] GC(580) Eden regions: 39->0(162)
[248.895s][info][gc,heap        ] GC(580) Survivor regions: 13->0(19)
[248.895s][info][gc,heap        ] GC(580) Old regions: 385->138
[248.895s][info][gc,heap        ] GC(580) Humongous regions: 204->9
[248.895s][info][gc,metaspace   ] GC(580) Metaspace: 68249K->68249K(1110016K)
[248.895s][info][gc             ] GC(580) Pause Full (System.gc()) 638M->145M(490M) 354.891ms
[248.895s][info][gc,cpu         ] GC(580) User=0.32s Sys=0.04s Real=0.35s
[249.308s][info][gc,start       ] GC(581) Pause Young (Normal) (G1 Evacuation Pause)
[249.308s][info][gc,task        ] GC(581) Using 1 workers of 1 for evacuation
[249.385s][info][gc,phases      ] GC(581)   Pre Evacuate Collection Set: 0.0ms
[249.385s][info][gc,phases      ] GC(581)   Evacuate Collection Set: 76.0ms
[249.385s][info][gc,phases      ] GC(581)   Post Evacuate Collection Set: 0.4ms
[249.385s][info][gc,phases      ] GC(581)   Other: 0.3ms
[249.385s][info][gc,heap        ] GC(581) Eden regions: 162->0(144)
[249.385s][info][gc,heap        ] GC(581) Survivor regions: 0->21(21)
[249.385s][info][gc,heap        ] GC(581) Old regions: 138->148
[249.385s][info][gc,heap        ] GC(581) Humongous regions: 31->26
[249.385s][info][gc,metaspace   ] GC(581) Metaspace: 68259K->68259K(1110016K)
[249.385s][info][gc             ] GC(581) Pause Young (Normal) (G1 Evacuation Pause) 329M->193M(490M) 76.779ms
[249.385s][info][gc,cpu         ] GC(581) User=0.08s Sys=0.00s Real=0.08s
[249.737s][info][gc,start       ] GC(582) Pause Young (Normal) (G1 Evacuation Pause)
[249.737s][info][gc,task        ] GC(582) Using 1 workers of 1 for evacuation
[249.826s][info][gc,phases      ] GC(582)   Pre Evacuate Collection Set: 0.0ms
[249.826s][info][gc,phases      ] GC(582)   Evacuate Collection Set: 88.0ms
[249.826s][info][gc,phases      ] GC(582)   Post Evacuate Collection Set: 0.4ms
[249.826s][info][gc,phases      ] GC(582)   Other: 0.3ms
[249.826s][info][gc,heap        ] GC(582) Eden regions: 144->0(144)
[249.826s][info][gc,heap        ] GC(582) Survivor regions: 21->12(21)
[249.826s][info][gc,heap        ] GC(582) Old regions: 148->169
[249.826s][info][gc,heap        ] GC(582) Humongous regions: 31->31
[249.826s][info][gc,metaspace   ] GC(582) Metaspace: 68259K->68259K(1110016K)
[249.826s][info][gc             ] GC(582) Pause Young (Normal) (G1 Evacuation Pause) 342M->210M(490M) 88.766ms
[249.826s][info][gc,cpu         ] GC(582) User=0.09s Sys=0.00s Real=0.08s
[250.171s][info][gc,start       ] GC(583) Pause Young (Normal) (G1 Evacuation Pause)
[250.171s][info][gc,task        ] GC(583) Using 1 workers of 1 for evacuation
[250.227s][info][gc,phases      ] GC(583)   Pre Evacuate Collection Set: 0.0ms
[250.227s][info][gc,phases      ] GC(583)   Evacuate Collection Set: 54.9ms
[250.227s][info][gc,phases      ] GC(583)   Post Evacuate Collection Set: 0.3ms
[250.227s][info][gc,phases      ] GC(583)   Other: 0.3ms
[250.227s][info][gc,heap        ] GC(583) Eden regions: 144->0(146)
[250.227s][info][gc,heap        ] GC(583) Survivor regions: 12->9(20)
[250.227s][info][gc,heap        ] GC(583) Old regions: 169->179
[250.227s][info][gc,heap        ] GC(583) Humongous regions: 31->31
[250.227s][info][gc,metaspace   ] GC(583) Metaspace: 68259K->68259K(1110016K)
[250.227s][info][gc             ] GC(583) Pause Young (Normal) (G1 Evacuation Pause) 354M->217M(490M) 55.521ms
[250.227s][info][gc,cpu         ] GC(583) User=0.06s Sys=0.00s Real=0.05s
[250.730s][info][gc,start       ] GC(584) Pause Young (Concurrent Start) (G1 Humongous Allocation)
[250.730s][info][gc,task        ] GC(584) Using 1 workers of 1 for evacuation
[250.800s][info][gc,phases      ] GC(584)   Pre Evacuate Collection Set: 0.3ms
[250.800s][info][gc,phases      ] GC(584)   Evacuate Collection Set: 67.1ms
[250.800s][info][gc,phases      ] GC(584)   Post Evacuate Collection Set: 2.2ms
[250.800s][info][gc,phases      ] GC(584)   Other: 0.3ms
[250.800s][info][gc,heap        ] GC(584) Eden regions: 130->0(228)
[250.800s][info][gc,heap        ] GC(584) Survivor regions: 9->16(20)
[250.800s][info][gc,heap        ] GC(584) Old regions: 179->179
[250.800s][info][gc,heap        ] GC(584) Humongous regions: 41->41
[250.800s][info][gc,metaspace   ] GC(584) Metaspace: 68259K->68259K(1110016K)
[250.800s][info][gc             ] GC(584) Pause Young (Concurrent Start) (G1 Humongous Allocation) 357M->234M(1001M) 69.989ms
[250.800s][info][gc,cpu         ] GC(584) User=0.07s Sys=0.00s Real=0.07s
[250.800s][info][gc             ] GC(585) Concurrent Cycle
[250.800s][info][gc,marking     ] GC(585) Concurrent Clear Claimed Marks
[250.800s][info][gc,marking     ] GC(585) Concurrent Clear Claimed Marks 0.266ms
[250.800s][info][gc,marking     ] GC(585) Concurrent Scan Root Regions
[250.831s][info][gc,marking     ] GC(585) Concurrent Scan Root Regions 30.573ms
[250.831s][info][gc,marking     ] GC(585) Concurrent Mark (250.831s)
[250.831s][info][gc,marking     ] GC(585) Concurrent Mark From Roots
[250.831s][info][gc,task        ] GC(585) Using 1 workers of 1 for marking
[251.281s][info][gc,marking     ] GC(585) Concurrent Mark From Roots 450.011ms
[251.281s][info][gc,marking     ] GC(585) Concurrent Preclean
[251.281s][info][gc,marking     ] GC(585) Concurrent Preclean 0.094ms
[251.281s][info][gc,marking     ] GC(585) Concurrent Mark (250.831s, 251.281s) 450.307ms
[251.284s][info][gc,start       ] GC(585) Pause Remark
[251.303s][info][gc,stringtable ] GC(585) Cleaned string and symbol table, strings: 23657 processed, 16 removed, symbols: 139768 processed, 0 removed
[251.304s][info][gc             ] GC(585) Pause Remark 236M->192M(1001M) 19.892ms
[251.304s][info][gc,cpu         ] GC(585) User=0.02s Sys=0.00s Real=0.02s
[251.309s][info][gc,marking     ] GC(585) Concurrent Rebuild Remembered Sets
[251.689s][info][gc,marking     ] GC(585) Concurrent Rebuild Remembered Sets 379.724ms
[251.691s][info][gc,start       ] GC(585) Pause Cleanup
[251.691s][info][gc             ] GC(585) Pause Cleanup 204M->204M(1001M) 0.243ms
[251.691s][info][gc,cpu         ] GC(585) User=0.00s Sys=0.00s Real=0.00s
[251.691s][info][gc,marking     ] GC(585) Concurrent Cleanup for Next Mark
[251.699s][info][gc,marking     ] GC(585) Concurrent Cleanup for Next Mark 8.232ms
[251.700s][info][gc             ] GC(585) Concurrent Cycle 899.443ms
[251.933s][info][gc,start       ] GC(586) Pause Young (Normal) (G1 Evacuation Pause)
[251.933s][info][gc,task        ] GC(586) Using 1 workers of 1 for evacuation
[252.044s][info][gc,phases      ] GC(586)   Pre Evacuate Collection Set: 0.0ms
[252.044s][info][gc,phases      ] GC(586)   Evacuate Collection Set: 110.5ms
[252.044s][info][gc,phases      ] GC(586)   Post Evacuate Collection Set: 0.4ms
[252.044s][info][gc,phases      ] GC(586)   Other: 0.3ms
[252.044s][info][gc,heap        ] GC(586) Eden regions: 100->0(167)
[252.044s][info][gc,heap        ] GC(586) Survivor regions: 16->15(15)
[252.044s][info][gc,heap        ] GC(586) Old regions: 157->181
[252.044s][info][gc,heap        ] GC(586) Humongous regions: 34->34
[252.044s][info][gc,metaspace   ] GC(586) Metaspace: 68260K->68260K(1110016K)
[252.044s][info][gc             ] GC(586) Pause Young (Normal) (G1 Evacuation Pause) 305M->228M(1001M) 111.383ms
[252.044s][info][gc,cpu         ] GC(586) User=0.10s Sys=0.01s Real=0.11s
[252.516s][info][gc,start       ] GC(587) Pause Young (Normal) (G1 Evacuation Pause)
[252.516s][info][gc,task        ] GC(587) Using 1 workers of 1 for evacuation
[252.650s][info][gc,phases      ] GC(587)   Pre Evacuate Collection Set: 0.0ms
[252.650s][info][gc,phases      ] GC(587)   Evacuate Collection Set: 132.2ms
[252.650s][info][gc,phases      ] GC(587)   Post Evacuate Collection Set: 1.2ms
[252.650s][info][gc,phases      ] GC(587)   Other: 0.3ms
[252.650s][info][gc,heap        ] GC(587) Eden regions: 167->0(154)
[252.650s][info][gc,heap        ] GC(587) Survivor regions: 15->16(23)
[252.650s][info][gc,heap        ] GC(587) Old regions: 181->196
[252.650s][info][gc,heap        ] GC(587) Humongous regions: 45->45
[252.650s][info][gc,metaspace   ] GC(587) Metaspace: 68260K->68260K(1110016K)
[252.650s][info][gc             ] GC(587) Pause Young (Normal) (G1 Evacuation Pause) 406M->255M(1001M) 133.898ms
[252.650s][info][gc,cpu         ] GC(587) User=0.13s Sys=0.00s Real=0.14s
[253.028s][info][gc,start       ] GC(588) Pause Young (Normal) (G1 Evacuation Pause)
[253.029s][info][gc,task        ] GC(588) Using 1 workers of 1 for evacuation
[253.096s][info][gc,phases      ] GC(588)   Pre Evacuate Collection Set: 0.0ms
[253.097s][info][gc,phases      ] GC(588)   Evacuate Collection Set: 67.3ms
[253.097s][info][gc,phases      ] GC(588)   Post Evacuate Collection Set: 0.4ms
[253.097s][info][gc,phases      ] GC(588)   Other: 0.3ms
[253.097s][info][gc,heap        ] GC(588) Eden regions: 154->0(180)
[253.097s][info][gc,heap        ] GC(588) Survivor regions: 16->10(22)
[253.097s][info][gc,heap        ] GC(588) Old regions: 196->211
[253.097s][info][gc,heap        ] GC(588) Humongous regions: 45->45
[253.097s][info][gc,metaspace   ] GC(588) Metaspace: 68260K->68260K(1110016K)
[253.097s][info][gc             ] GC(588) Pause Young (Normal) (G1 Evacuation Pause) 409M->263M(1001M) 68.088ms
[253.097s][info][gc,cpu         ] GC(588) User=0.07s Sys=0.00s Real=0.07s
[253.848s][info][gc,start       ] GC(589) Pause Young (Normal) (G1 Evacuation Pause)
[253.848s][info][gc,task        ] GC(589) Using 1 workers of 1 for evacuation
[253.935s][info][gc,phases      ] GC(589)   Pre Evacuate Collection Set: 0.0ms
[253.936s][info][gc,phases      ] GC(589)   Evacuate Collection Set: 85.3ms
[253.936s][info][gc,phases      ] GC(589)   Post Evacuate Collection Set: 1.9ms
[253.936s][info][gc,phases      ] GC(589)   Other: 0.3ms
[253.936s][info][gc,heap        ] GC(589) Eden regions: 150->0(46)
[253.936s][info][gc,heap        ] GC(589) Survivor regions: 10->17(20)
[253.936s][info][gc,heap        ] GC(589) Old regions: 211->211
[253.936s][info][gc,heap        ] GC(589) Humongous regions: 59->59
[253.936s][info][gc,metaspace   ] GC(589) Metaspace: 68268K->68268K(1110016K)
[253.936s][info][gc             ] GC(589) Pause Young (Normal) (G1 Evacuation Pause) 427M->285M(1266M) 87.613ms
[253.936s][info][gc,cpu         ] GC(589) User=0.08s Sys=0.00s Real=0.09s
[254.101s][info][gc,start       ] GC(590) Pause Young (Normal) (G1 Evacuation Pause)
[254.101s][info][gc,task        ] GC(590) Using 1 workers of 1 for evacuation
[254.233s][info][gc,phases      ] GC(590)   Pre Evacuate Collection Set: 0.0ms
[254.233s][info][gc,phases      ] GC(590)   Evacuate Collection Set: 131.4ms
[254.233s][info][gc,phases      ] GC(590)   Post Evacuate Collection Set: 0.4ms
[254.233s][info][gc,phases      ] GC(590)   Other: 0.3ms
[254.233s][info][gc,heap        ] GC(590) Eden regions: 46->0(55)
[254.233s][info][gc,heap        ] GC(590) Survivor regions: 17->8(8)
[254.233s][info][gc,heap        ] GC(590) Old regions: 211->230
[254.233s][info][gc,heap        ] GC(590) Humongous regions: 65->65
[254.233s][info][gc,metaspace   ] GC(590) Metaspace: 68275K->68275K(1110016K)
[254.234s][info][gc             ] GC(590) Pause Young (Normal) (G1 Evacuation Pause) 337M->301M(1266M) 132.148ms
[254.234s][info][gc,cpu         ] GC(590) User=0.11s Sys=0.00s Real=0.13s
[254.377s][info][gc,start       ] GC(591) Pause Young (Normal) (G1 Evacuation Pause)
[254.377s][info][gc,task        ] GC(591) Using 1 workers of 1 for evacuation
[254.473s][info][gc,phases      ] GC(591)   Pre Evacuate Collection Set: 0.1ms
[254.473s][info][gc,phases      ] GC(591)   Evacuate Collection Set: 95.7ms
[254.473s][info][gc,phases      ] GC(591)   Post Evacuate Collection Set: 0.6ms
[254.473s][info][gc,phases      ] GC(591)   Other: 0.3ms
[254.473s][info][gc,heap        ] GC(591) Eden regions: 55->0(58)
[254.473s][info][gc,heap        ] GC(591) Survivor regions: 8->8(8)
[254.473s][info][gc,heap        ] GC(591) Old regions: 230->246
[254.473s][info][gc,heap        ] GC(591) Humongous regions: 70->70
[254.473s][info][gc,metaspace   ] GC(591) Metaspace: 68275K->68275K(1110016K)
[254.473s][info][gc             ] GC(591) Pause Young (Normal) (G1 Evacuation Pause) 361M->322M(1266M) 96.742ms
[254.473s][info][gc,cpu         ] GC(591) User=0.09s Sys=0.00s Real=0.10s
[254.657s][info][gc,start       ] GC(592) Pause Young (Normal) (G1 Evacuation Pause)
[254.657s][info][gc,task        ] GC(592) Using 1 workers of 1 for evacuation
[254.711s][info][gc,phases      ] GC(592)   Pre Evacuate Collection Set: 0.1ms
[254.711s][info][gc,phases      ] GC(592)   Evacuate Collection Set: 54.0ms
[254.711s][info][gc,phases      ] GC(592)   Post Evacuate Collection Set: 0.4ms
[254.711s][info][gc,phases      ] GC(592)   Other: 0.2ms
[254.711s][info][gc,heap        ] GC(592) Eden regions: 58->0(70)
[254.711s][info][gc,heap        ] GC(592) Survivor regions: 8->7(9)
[254.711s][info][gc,heap        ] GC(592) Old regions: 246->254
[254.711s][info][gc,heap        ] GC(592) Humongous regions: 76->76
[254.711s][info][gc,metaspace   ] GC(592) Metaspace: 68275K->68275K(1110016K)
[254.712s][info][gc             ] GC(592) Pause Young (Normal) (G1 Evacuation Pause) 386M->334M(1266M) 54.782ms
[254.712s][info][gc,cpu         ] GC(592) User=0.06s Sys=0.00s Real=0.06s
[254.931s][info][gc,start       ] GC(593) Pause Young (Normal) (G1 Evacuation Pause)
[254.931s][info][gc,task        ] GC(593) Using 1 workers of 1 for evacuation
[254.993s][info][gc,phases      ] GC(593)   Pre Evacuate Collection Set: 0.1ms
[254.993s][info][gc,phases      ] GC(593)   Evacuate Collection Set: 60.1ms
[254.993s][info][gc,phases      ] GC(593)   Post Evacuate Collection Set: 1.1ms
[254.993s][info][gc,phases      ] GC(593)   Other: 0.3ms
[254.993s][info][gc,heap        ] GC(593) Eden regions: 70->0(76)
[254.993s][info][gc,heap        ] GC(593) Survivor regions: 7->7(10)
[254.993s][info][gc,heap        ] GC(593) Old regions: 254->260
[254.993s][info][gc,heap        ] GC(593) Humongous regions: 81->81
[254.993s][info][gc,metaspace   ] GC(593) Metaspace: 68275K->68275K(1110016K)
[254.993s][info][gc             ] GC(593) Pause Young (Normal) (G1 Evacuation Pause) 409M->346M(1411M) 61.612ms
[254.993s][info][gc,cpu         ] GC(593) User=0.06s Sys=0.00s Real=0.06s
[255.223s][info][gc,start       ] GC(594) Pause Young (Normal) (G1 Evacuation Pause)
[255.223s][info][gc,task        ] GC(594) Using 1 workers of 1 for evacuation
[255.268s][info][gc,phases      ] GC(594)   Pre Evacuate Collection Set: 0.1ms
[255.268s][info][gc,phases      ] GC(594)   Evacuate Collection Set: 44.7ms
[255.268s][info][gc,phases      ] GC(594)   Post Evacuate Collection Set: 0.4ms
[255.268s][info][gc,phases      ] GC(594)   Other: 0.3ms
[255.268s][info][gc,heap        ] GC(594) Eden regions: 76->0(101)
[255.268s][info][gc,heap        ] GC(594) Survivor regions: 7->6(11)
[255.268s][info][gc,heap        ] GC(594) Old regions: 260->266
[255.268s][info][gc,heap        ] GC(594) Humongous regions: 81->81
[255.268s][info][gc,metaspace   ] GC(594) Metaspace: 68275K->68275K(1110016K)
[255.268s][info][gc             ] GC(594) Pause Young (Normal) (G1 Evacuation Pause) 422M->351M(1411M) 45.449ms
[255.269s][info][gc,cpu         ] GC(594) User=0.04s Sys=0.00s Real=0.04s
[255.535s][info][gc,start       ] GC(595) Pause Young (Normal) (G1 Evacuation Pause)
[255.535s][info][gc,task        ] GC(595) Using 1 workers of 1 for evacuation
[255.570s][info][gc,phases      ] GC(595)   Pre Evacuate Collection Set: 0.1ms
[255.570s][info][gc,phases      ] GC(595)   Evacuate Collection Set: 33.7ms
[255.570s][info][gc,phases      ] GC(595)   Post Evacuate Collection Set: 0.4ms
[255.570s][info][gc,phases      ] GC(595)   Other: 0.3ms
[255.570s][info][gc,heap        ] GC(595) Eden regions: 101->0(126)
[255.570s][info][gc,heap        ] GC(595) Survivor regions: 6->11(14)
[255.570s][info][gc,heap        ] GC(595) Old regions: 266->266
[255.570s][info][gc,heap        ] GC(595) Humongous regions: 81->81
[255.570s][info][gc,metaspace   ] GC(595) Metaspace: 68275K->68275K(1110016K)
[255.570s][info][gc             ] GC(595) Pause Young (Normal) (G1 Evacuation Pause) 452M->356M(1411M) 34.429ms
[255.570s][info][gc,cpu         ] GC(595) User=0.03s Sys=0.00s Real=0.04s
[255.918s][info][gc,start       ] GC(596) Pause Young (Normal) (G1 Evacuation Pause)
[255.918s][info][gc,task        ] GC(596) Using 1 workers of 1 for evacuation
[255.985s][info][gc,phases      ] GC(596)   Pre Evacuate Collection Set: 0.1ms
[255.985s][info][gc,phases      ] GC(596)   Evacuate Collection Set: 65.8ms
[255.985s][info][gc,phases      ] GC(596)   Post Evacuate Collection Set: 0.5ms
[255.985s][info][gc,phases      ] GC(596)   Other: 0.3ms
[255.985s][info][gc,heap        ] GC(596) Eden regions: 126->0(110)
[255.985s][info][gc,heap        ] GC(596) Survivor regions: 11->14(18)
[255.985s][info][gc,heap        ] GC(596) Old regions: 266->270
[255.985s][info][gc,heap        ] GC(596) Humongous regions: 90->90
[255.985s][info][gc,metaspace   ] GC(596) Metaspace: 68275K->68275K(1110016K)
[255.985s][info][gc             ] GC(596) Pause Young (Normal) (G1 Evacuation Pause) 491M->372M(1411M) 66.756ms
[255.985s][info][gc,cpu         ] GC(596) User=0.07s Sys=0.00s Real=0.06s
[256.561s][info][gc,start       ] GC(597) Pause Young (Normal) (G1 Evacuation Pause)
[256.561s][info][gc,task        ] GC(597) Using 1 workers of 1 for evacuation
[256.637s][info][gc,phases      ] GC(597)   Pre Evacuate Collection Set: 0.1ms
[256.637s][info][gc,phases      ] GC(597)   Evacuate Collection Set: 75.3ms
[256.637s][info][gc,phases      ] GC(597)   Post Evacuate Collection Set: 0.6ms
[256.637s][info][gc,phases      ] GC(597)   Other: 0.3ms
[256.637s][info][gc,heap        ] GC(597) Eden regions: 56->0(125)
[256.637s][info][gc,heap        ] GC(597) Survivor regions: 14->4(9)
[256.637s][info][gc,heap        ] GC(597) Old regions: 270->283
[256.637s][info][gc,heap        ] GC(597) Humongous regions: 101->96
[256.637s][info][gc,metaspace   ] GC(597) Metaspace: 68282K->68282K(1110016K)
[256.637s][info][gc             ] GC(597) Pause Young (Normal) (G1 Evacuation Pause) 439M->381M(1411M) 76.249ms
[256.637s][info][gc,cpu         ] GC(597) User=0.08s Sys=0.00s Real=0.08s
[256.951s][info][gc,start       ] GC(598) Pause Young (Normal) (G1 Evacuation Pause)
[256.951s][info][gc,task        ] GC(598) Using 1 workers of 1 for evacuation
[257.048s][info][gc,phases      ] GC(598)   Pre Evacuate Collection Set: 0.1ms
[257.048s][info][gc,phases      ] GC(598)   Evacuate Collection Set: 96.0ms
[257.048s][info][gc,phases      ] GC(598)   Post Evacuate Collection Set: 0.9ms
[257.048s][info][gc,phases      ] GC(598)   Other: 0.3ms
[257.048s][info][gc,heap        ] GC(598) Eden regions: 81->0(97)
[257.048s][info][gc,heap        ] GC(598) Survivor regions: 4->11(11)
[257.048s][info][gc,heap        ] GC(598) Old regions: 283->302
[257.048s][info][gc,heap        ] GC(598) Humongous regions: 117->117
[257.048s][info][gc,metaspace   ] GC(598) Metaspace: 68282K->68282K(1110016K)
[257.048s][info][gc             ] GC(598) Pause Young (Normal) (G1 Evacuation Pause) 483M->428M(1509M) 97.239ms
[257.048s][info][gc,cpu         ] GC(598) User=0.09s Sys=0.00s Real=0.09s
[257.337s][info][gc,start       ] GC(599) Pause Young (Normal) (G1 Evacuation Pause)
[257.337s][info][gc,task        ] GC(599) Using 1 workers of 1 for evacuation
[257.478s][info][gc,phases      ] GC(599)   Pre Evacuate Collection Set: 0.1ms
[257.478s][info][gc,phases      ] GC(599)   Evacuate Collection Set: 139.4ms
[257.478s][info][gc,phases      ] GC(599)   Post Evacuate Collection Set: 0.8ms
[257.478s][info][gc,phases      ] GC(599)   Other: 0.3ms
[257.478s][info][gc,heap        ] GC(599) Eden regions: 97->0(85)
[257.478s][info][gc,heap        ] GC(599) Survivor regions: 11->14(14)
[257.478s][info][gc,heap        ] GC(599) Old regions: 302->314
[257.478s][info][gc,heap        ] GC(599) Humongous regions: 123->123
[257.478s][info][gc,metaspace   ] GC(599) Metaspace: 68282K->68282K(1110016K)
[257.478s][info][gc             ] GC(599) Pause Young (Normal) (G1 Evacuation Pause) 531M->449M(1509M) 140.644ms
[257.478s][info][gc,cpu         ] GC(599) User=0.14s Sys=0.00s Real=0.15s
[257.720s][info][gc,start       ] GC(600) Pause Young (Normal) (G1 Evacuation Pause)
[257.720s][info][gc,task        ] GC(600) Using 1 workers of 1 for evacuation
[257.798s][info][gc,phases      ] GC(600)   Pre Evacuate Collection Set: 0.1ms
[257.798s][info][gc,phases      ] GC(600)   Evacuate Collection Set: 76.9ms
[257.798s][info][gc,phases      ] GC(600)   Post Evacuate Collection Set: 0.4ms
[257.798s][info][gc,phases      ] GC(600)   Other: 0.3ms
[257.798s][info][gc,heap        ] GC(600) Eden regions: 85->0(105)
[257.798s][info][gc,heap        ] GC(600) Survivor regions: 14->8(13)
[257.798s][info][gc,heap        ] GC(600) Old regions: 314->328
[257.798s][info][gc,heap        ] GC(600) Humongous regions: 128->128
[257.798s][info][gc,metaspace   ] GC(600) Metaspace: 68282K->68282K(1110016K)
[257.798s][info][gc             ] GC(600) Pause Young (Normal) (G1 Evacuation Pause) 539M->462M(1509M) 77.825ms
[257.798s][info][gc,cpu         ] GC(600) User=0.08s Sys=0.00s Real=0.08s
[258.043s][info][gc,start       ] GC(601) Pause Young (Normal) (G1 Evacuation Pause)
[258.043s][info][gc,task        ] GC(601) Using 1 workers of 1 for evacuation
[258.087s][info][gc,phases      ] GC(601)   Pre Evacuate Collection Set: 0.1ms
[258.087s][info][gc,phases      ] GC(601)   Evacuate Collection Set: 42.9ms
[258.087s][info][gc,phases      ] GC(601)   Post Evacuate Collection Set: 0.4ms
[258.087s][info][gc,phases      ] GC(601)   Other: 0.3ms
[258.087s][info][gc,heap        ] GC(601) Eden regions: 105->0(127)
[258.087s][info][gc,heap        ] GC(601) Survivor regions: 8->8(15)
[258.087s][info][gc,heap        ] GC(601) Old regions: 328->335
[258.087s][info][gc,heap        ] GC(601) Humongous regions: 128->128
[258.087s][info][gc,metaspace   ] GC(601) Metaspace: 68282K->68282K(1110016K)
[258.087s][info][gc             ] GC(601) Pause Young (Normal) (G1 Evacuation Pause) 567M->469M(1509M) 43.624ms
[258.087s][info][gc,cpu         ] GC(601) User=0.05s Sys=0.00s Real=0.04s
[258.443s][info][gc,start       ] GC(602) Pause Young (Normal) (G1 Evacuation Pause)
[258.443s][info][gc,task        ] GC(602) Using 1 workers of 1 for evacuation
[258.504s][info][gc,phases      ] GC(602)   Pre Evacuate Collection Set: 0.1ms
[258.504s][info][gc,phases      ] GC(602)   Evacuate Collection Set: 59.6ms
[258.504s][info][gc,phases      ] GC(602)   Post Evacuate Collection Set: 1.0ms
[258.504s][info][gc,phases      ] GC(602)   Other: 0.3ms
[258.504s][info][gc,heap        ] GC(602) Eden regions: 127->0(105)
[258.504s][info][gc,heap        ] GC(602) Survivor regions: 8->14(17)
[258.504s][info][gc,heap        ] GC(602) Old regions: 335->335
[258.504s][info][gc,heap        ] GC(602) Humongous regions: 137->137
[258.504s][info][gc,metaspace   ] GC(602) Metaspace: 68282K->68282K(1110016K)
[258.504s][info][gc             ] GC(602) Pause Young (Normal) (G1 Evacuation Pause) 605M->484M(1638M) 61.078ms
[258.504s][info][gc,cpu         ] GC(602) User=0.06s Sys=0.00s Real=0.06s
[259.111s][info][gc,start       ] GC(603) Pause Young (Normal) (G1 Evacuation Pause)
[259.111s][info][gc,task        ] GC(603) Using 1 workers of 1 for evacuation
[259.209s][info][gc,phases      ] GC(603)   Pre Evacuate Collection Set: 0.1ms
[259.209s][info][gc,phases      ] GC(603)   Evacuate Collection Set: 96.4ms
[259.209s][info][gc,phases      ] GC(603)   Post Evacuate Collection Set: 0.6ms
[259.209s][info][gc,phases      ] GC(603)   Other: 0.3ms
[259.209s][info][gc,heap        ] GC(603) Eden regions: 77->0(115)
[259.209s][info][gc,heap        ] GC(603) Survivor regions: 14->6(12)
[259.209s][info][gc,heap        ] GC(603) Old regions: 335->349
[259.209s][info][gc,heap        ] GC(603) Humongous regions: 145->145
[259.209s][info][gc,metaspace   ] GC(603) Metaspace: 68288K->68288K(1110016K)
[259.209s][info][gc             ] GC(603) Pause Young (Normal) (G1 Evacuation Pause) 569M->497M(1638M) 97.405ms
[259.209s][info][gc,cpu         ] GC(603) User=0.09s Sys=0.00s Real=0.09s
[259.653s][info][gc,start       ] GC(604) Pause Young (Normal) (G1 Evacuation Pause)
[259.653s][info][gc,task        ] GC(604) Using 1 workers of 1 for evacuation
[259.774s][info][gc,phases      ] GC(604)   Pre Evacuate Collection Set: 0.1ms
[259.774s][info][gc,phases      ] GC(604)   Evacuate Collection Set: 120.5ms
[259.774s][info][gc,phases      ] GC(604)   Post Evacuate Collection Set: 0.5ms
[259.774s][info][gc,phases      ] GC(604)   Other: 0.3ms
[259.774s][info][gc,heap        ] GC(604) Eden regions: 115->0(65)
[259.774s][info][gc,heap        ] GC(604) Survivor regions: 6->16(16)
[259.774s][info][gc,heap        ] GC(604) Old regions: 349->372
[259.774s][info][gc,heap        ] GC(604) Humongous regions: 164->164
[259.774s][info][gc,metaspace   ] GC(604) Metaspace: 68290K->68290K(1110016K)
[259.774s][info][gc             ] GC(604) Pause Young (Normal) (G1 Evacuation Pause) 631M->550M(1638M) 121.390ms
[259.774s][info][gc,cpu         ] GC(604) User=0.11s Sys=0.01s Real=0.12s
[259.929s][info][gc,start       ] GC(605) Pause Young (Normal) (G1 Evacuation Pause)
[259.929s][info][gc,task        ] GC(605) Using 1 workers of 1 for evacuation
[260.005s][info][gc,phases      ] GC(605)   Pre Evacuate Collection Set: 0.1ms
[260.005s][info][gc,phases      ] GC(605)   Evacuate Collection Set: 75.1ms
[260.005s][info][gc,phases      ] GC(605)   Post Evacuate Collection Set: 0.5ms
[260.005s][info][gc,phases      ] GC(605)   Other: 0.2ms
[260.005s][info][gc,heap        ] GC(605) Eden regions: 65->0(74)
[260.005s][info][gc,heap        ] GC(605) Survivor regions: 16->7(11)
[260.005s][info][gc,heap        ] GC(605) Old regions: 372->388
[260.005s][info][gc,heap        ] GC(605) Humongous regions: 170->170
[260.005s][info][gc,metaspace   ] GC(605) Metaspace: 68290K->68290K(1110016K)
[260.005s][info][gc             ] GC(605) Pause Young (Normal) (G1 Evacuation Pause) 621M->563M(1638M) 76.027ms
[260.005s][info][gc,cpu         ] GC(605) User=0.07s Sys=0.00s Real=0.07s
[260.201s][info][gc,start       ] GC(606) Pause Young (Normal) (G1 Evacuation Pause)
[260.201s][info][gc,task        ] GC(606) Using 1 workers of 1 for evacuation
[260.255s][info][gc,phases      ] GC(606)   Pre Evacuate Collection Set: 0.1ms
[260.255s][info][gc,phases      ] GC(606)   Evacuate Collection Set: 53.2ms
[260.255s][info][gc,phases      ] GC(606)   Post Evacuate Collection Set: 0.7ms
[260.255s][info][gc,phases      ] GC(606)   Other: 0.3ms
[260.255s][info][gc,heap        ] GC(606) Eden regions: 74->0(84)
[260.255s][info][gc,heap        ] GC(606) Survivor regions: 7->7(11)
[260.255s][info][gc,heap        ] GC(606) Old regions: 388->395
[260.255s][info][gc,heap        ] GC(606) Humongous regions: 175->175
[260.255s][info][gc,metaspace   ] GC(606) Metaspace: 68290K->68290K(1110016K)
[260.255s][info][gc             ] GC(606) Pause Young (Normal) (G1 Evacuation Pause) 642M->575M(1716M) 54.315ms
[260.255s][info][gc,cpu         ] GC(606) User=0.05s Sys=0.01s Real=0.05s
[260.476s][info][gc,start       ] GC(607) Pause Young (Normal) (G1 Evacuation Pause)
[260.476s][info][gc,task        ] GC(607) Using 1 workers of 1 for evacuation
[260.517s][info][gc,phases      ] GC(607)   Pre Evacuate Collection Set: 0.1ms
[260.517s][info][gc,phases      ] GC(607)   Evacuate Collection Set: 40.1ms
[260.517s][info][gc,phases      ] GC(607)   Post Evacuate Collection Set: 0.4ms
[260.517s][info][gc,phases      ] GC(607)   Other: 0.3ms
[260.517s][info][gc,heap        ] GC(607) Eden regions: 84->0(109)
[260.517s][info][gc,heap        ] GC(607) Survivor regions: 7->7(12)
[260.517s][info][gc,heap        ] GC(607) Old regions: 395->401
[260.517s][info][gc,heap        ] GC(607) Humongous regions: 175->175
[260.517s][info][gc,metaspace   ] GC(607) Metaspace: 68290K->68290K(1110016K)
[260.517s][info][gc             ] GC(607) Pause Young (Normal) (G1 Evacuation Pause) 659M->581M(1716M) 40.838ms
[260.517s][info][gc,cpu         ] GC(607) User=0.04s Sys=0.00s Real=0.04s
[260.823s][info][gc,start       ] GC(608) Pause Young (Normal) (G1 Evacuation Pause)
[260.823s][info][gc,task        ] GC(608) Using 1 workers of 1 for evacuation
[260.856s][info][gc,phases      ] GC(608)   Pre Evacuate Collection Set: 0.1ms
[260.856s][info][gc,phases      ] GC(608)   Evacuate Collection Set: 32.8ms
[260.856s][info][gc,phases      ] GC(608)   Post Evacuate Collection Set: 0.4ms
[260.856s][info][gc,phases      ] GC(608)   Other: 0.3ms
[260.856s][info][gc,heap        ] GC(608) Eden regions: 109->0(135)
[260.856s][info][gc,heap        ] GC(608) Survivor regions: 7->12(15)
[260.856s][info][gc,heap        ] GC(608) Old regions: 401->401
[260.856s][info][gc,heap        ] GC(608) Humongous regions: 175->175
[260.856s][info][gc,metaspace   ] GC(608) Metaspace: 68290K->68290K(1110016K)
[260.856s][info][gc             ] GC(608) Pause Young (Normal) (G1 Evacuation Pause) 690M->586M(1716M) 33.627ms
[260.856s][info][gc,cpu         ] GC(608) User=0.04s Sys=0.00s Real=0.03s
[261.580s][info][gc,start       ] GC(609) Pause Young (Normal) (G1 Evacuation Pause)
[261.581s][info][gc,task        ] GC(609) Using 1 workers of 1 for evacuation
[261.674s][info][gc,phases      ] GC(609)   Pre Evacuate Collection Set: 0.1ms
[261.674s][info][gc,phases      ] GC(609)   Evacuate Collection Set: 92.3ms
[261.674s][info][gc,phases      ] GC(609)   Post Evacuate Collection Set: 0.7ms
[261.674s][info][gc,phases      ] GC(609)   Other: 0.3ms
[261.674s][info][gc,heap        ] GC(609) Eden regions: 119->0(128)
[261.674s][info][gc,heap        ] GC(609) Survivor regions: 12->14(17)
[261.674s][info][gc,heap        ] GC(609) Old regions: 401->406
[261.674s][info][gc,heap        ] GC(609) Humongous regions: 190->190
[261.674s][info][gc,metaspace   ] GC(609) Metaspace: 68291K->68291K(1110016K)
[261.674s][info][gc             ] GC(609) Pause Young (Normal) (G1 Evacuation Pause) 720M->608M(1716M) 93.417ms
[261.674s][info][gc,cpu         ] GC(609) User=0.09s Sys=0.00s Real=0.09s
[261.969s][info][gc,start       ] GC(610) Pause Young (Normal) (G1 Evacuation Pause)
[261.970s][info][gc,task        ] GC(610) Using 1 workers of 1 for evacuation
[262.094s][info][gc,phases      ] GC(610)   Pre Evacuate Collection Set: 0.1ms
[262.094s][info][gc,phases      ] GC(610)   Evacuate Collection Set: 123.6ms
[262.094s][info][gc,phases      ] GC(610)   Post Evacuate Collection Set: 0.7ms
[262.094s][info][gc,phases      ] GC(610)   Other: 0.6ms
[262.094s][info][gc,heap        ] GC(610) Eden regions: 71->0(92)
[262.094s][info][gc,heap        ] GC(610) Survivor regions: 14->11(11)
[262.094s][info][gc,heap        ] GC(610) Old regions: 406->429
[262.094s][info][gc,heap        ] GC(610) Humongous regions: 206->206
[262.094s][info][gc,metaspace   ] GC(610) Metaspace: 68291K->68291K(1110016K)
[262.094s][info][gc             ] GC(610) Pause Young (Normal) (G1 Evacuation Pause) 695M->644M(1758M) 125.031ms
[262.094s][info][gc,cpu         ] GC(610) User=0.12s Sys=0.00s Real=0.13s
[262.340s][info][gc,start       ] GC(611) Pause Young (Normal) (G1 Evacuation Pause)
[262.340s][info][gc,task        ] GC(611) Using 1 workers of 1 for evacuation
[262.525s][info][gc,phases      ] GC(611)   Pre Evacuate Collection Set: 0.1ms
[262.525s][info][gc,phases      ] GC(611)   Evacuate Collection Set: 183.9ms
[262.525s][info][gc,phases      ] GC(611)   Post Evacuate Collection Set: 0.6ms
[262.525s][info][gc,phases      ] GC(611)   Other: 0.3ms
[262.525s][info][gc,heap        ] GC(611) Eden regions: 92->0(74)
[262.525s][info][gc,heap        ] GC(611) Survivor regions: 11->13(13)
[262.525s][info][gc,heap        ] GC(611) Old regions: 429->446
[262.525s][info][gc,heap        ] GC(611) Humongous regions: 214->214
[262.525s][info][gc,metaspace   ] GC(611) Metaspace: 68291K->68291K(1110016K)
[262.525s][info][gc             ] GC(611) Pause Young (Normal) (G1 Evacuation Pause) 744M->671M(1758M) 184.899ms
[262.525s][info][gc,cpu         ] GC(611) User=0.18s Sys=0.01s Real=0.18s
[262.699s][info][gc,start       ] GC(612) Pause Young (Normal) (G1 Evacuation Pause)
[262.699s][info][gc,task        ] GC(612) Using 1 workers of 1 for evacuation
[262.757s][info][gc,phases      ] GC(612)   Pre Evacuate Collection Set: 0.1ms
[262.757s][info][gc,phases      ] GC(612)   Evacuate Collection Set: 56.8ms
[262.757s][info][gc,phases      ] GC(612)   Post Evacuate Collection Set: 0.4ms
[262.757s][info][gc,phases      ] GC(612)   Other: 0.2ms
[262.757s][info][gc,heap        ] GC(612) Eden regions: 74->0(79)
[262.757s][info][gc,heap        ] GC(612) Survivor regions: 13->8(11)
[262.757s][info][gc,heap        ] GC(612) Old regions: 446->459
[262.757s][info][gc,heap        ] GC(612) Humongous regions: 217->217
[262.757s][info][gc,metaspace   ] GC(612) Metaspace: 68291K->68291K(1110016K)
[262.757s][info][gc             ] GC(612) Pause Young (Normal) (G1 Evacuation Pause) 748M->682M(1758M) 57.509ms
[262.757s][info][gc,cpu         ] GC(612) User=0.06s Sys=0.00s Real=0.05s
[262.950s][info][gc,start       ] GC(613) Pause Young (Normal) (G1 Evacuation Pause)
[262.950s][info][gc,task        ] GC(613) Using 1 workers of 1 for evacuation
[263.022s][info][gc,phases      ] GC(613)   Pre Evacuate Collection Set: 0.1ms
[263.022s][info][gc,phases      ] GC(613)   Evacuate Collection Set: 71.3ms
[263.022s][info][gc,phases      ] GC(613)   Post Evacuate Collection Set: 0.9ms
[263.022s][info][gc,phases      ] GC(613)   Other: 0.3ms
[263.022s][info][gc,heap        ] GC(613) Eden regions: 79->0(91)
[263.022s][info][gc,heap        ] GC(613) Survivor regions: 8->7(11)
[263.022s][info][gc,heap        ] GC(613) Old regions: 459->466
[263.022s][info][gc,heap        ] GC(613) Humongous regions: 222->222
[263.022s][info][gc,metaspace   ] GC(613) Metaspace: 68291K->68291K(1110016K)
[263.022s][info][gc             ] GC(613) Pause Young (Normal) (G1 Evacuation Pause) 766M->693M(1758M) 72.723ms
[263.022s][info][gc,cpu         ] GC(613) User=0.07s Sys=0.00s Real=0.07s
[263.248s][info][gc,start       ] GC(614) Pause Young (Normal) (G1 Evacuation Pause)
[263.248s][info][gc,task        ] GC(614) Using 1 workers of 1 for evacuation
[263.284s][info][gc,phases      ] GC(614)   Pre Evacuate Collection Set: 0.1ms
[263.284s][info][gc,phases      ] GC(614)   Evacuate Collection Set: 34.3ms
[263.284s][info][gc,phases      ] GC(614)   Post Evacuate Collection Set: 0.7ms
[263.284s][info][gc,phases      ] GC(614)   Other: 0.3ms
[263.284s][info][gc,heap        ] GC(614) Eden regions: 91->0(111)
[263.284s][info][gc,heap        ] GC(614) Survivor regions: 7->12(13)
[263.284s][info][gc,heap        ] GC(614) Old regions: 466->466
[263.284s][info][gc,heap        ] GC(614) Humongous regions: 222->222
[263.284s][info][gc,metaspace   ] GC(614) Metaspace: 68291K->68291K(1110016K)
[263.284s][info][gc             ] GC(614) Pause Young (Normal) (G1 Evacuation Pause) 784M->698M(1825M) 35.419ms
[263.284s][info][gc,cpu         ] GC(614) User=0.03s Sys=0.00s Real=0.04s
[263.620s][info][gc,start       ] GC(615) Pause Young (Normal) (G1 Evacuation Pause)
[263.620s][info][gc,task        ] GC(615) Using 1 workers of 1 for evacuation
[263.692s][info][gc,phases      ] GC(615)   Pre Evacuate Collection Set: 0.1ms
[263.692s][info][gc,phases      ] GC(615)   Evacuate Collection Set: 71.4ms
[263.692s][info][gc,phases      ] GC(615)   Post Evacuate Collection Set: 0.6ms
[263.692s][info][gc,phases      ] GC(615)   Other: 0.3ms
[263.692s][info][gc,heap        ] GC(615) Eden regions: 111->0(94)
[263.692s][info][gc,heap        ] GC(615) Survivor regions: 12->13(16)
[263.692s][info][gc,heap        ] GC(615) Old regions: 466->471
[263.692s][info][gc,heap        ] GC(615) Humongous regions: 231->231
[263.692s][info][gc,metaspace   ] GC(615) Metaspace: 68291K->68291K(1110016K)
[263.692s][info][gc             ] GC(615) Pause Young (Normal) (G1 Evacuation Pause) 818M->712M(1825M) 72.464ms
[263.692s][info][gc,cpu         ] GC(615) User=0.07s Sys=0.00s Real=0.07s
[264.405s][info][gc,start       ] GC(616) Pause Young (Normal) (G1 Evacuation Pause)
[264.405s][info][gc,task        ] GC(616) Using 1 workers of 1 for evacuation
[264.508s][info][gc,phases      ] GC(616)   Pre Evacuate Collection Set: 0.1ms
[264.508s][info][gc,phases      ] GC(616)   Evacuate Collection Set: 102.1ms
[264.508s][info][gc,phases      ] GC(616)   Post Evacuate Collection Set: 0.7ms
[264.508s][info][gc,phases      ] GC(616)   Other: 0.4ms
[264.508s][info][gc,heap        ] GC(616) Eden regions: 78->0(80)
[264.508s][info][gc,heap        ] GC(616) Survivor regions: 13->12(12)
[264.508s][info][gc,heap        ] GC(616) Old regions: 471->483
[264.508s][info][gc,heap        ] GC(616) Humongous regions: 252->247
[264.508s][info][gc,metaspace   ] GC(616) Metaspace: 68297K->68297K(1110016K)
[264.508s][info][gc             ] GC(616) Pause Young (Normal) (G1 Evacuation Pause) 811M->740M(1825M) 103.416ms
[264.508s][info][gc,cpu         ] GC(616) User=0.10s Sys=0.00s Real=0.10s
[264.848s][info][gc,start       ] GC(617) Pause Young (Normal) (G1 Evacuation Pause)
[264.848s][info][gc,task        ] GC(617) Using 1 workers of 1 for evacuation
[264.945s][info][gc,phases      ] GC(617)   Pre Evacuate Collection Set: 0.1ms
[264.945s][info][gc,phases      ] GC(617)   Evacuate Collection Set: 96.4ms
[264.945s][info][gc,phases      ] GC(617)   Post Evacuate Collection Set: 0.6ms
[264.945s][info][gc,phases      ] GC(617)   Other: 0.3ms
[264.945s][info][gc,heap        ] GC(617) Eden regions: 80->0(100)
[264.945s][info][gc,heap        ] GC(617) Survivor regions: 12->12(12)
[264.945s][info][gc,heap        ] GC(617) Old regions: 483->496
[264.945s][info][gc,heap        ] GC(617) Humongous regions: 258->258
[264.945s][info][gc,metaspace   ] GC(617) Metaspace: 68297K->68297K(1110016K)
[264.945s][info][gc             ] GC(617) Pause Young (Normal) (G1 Evacuation Pause) 831M->764M(1825M) 97.410ms
[264.945s][info][gc,cpu         ] GC(617) User=0.09s Sys=0.00s Real=0.10s
[265.320s][info][gc,start       ] GC(618) Pause Young (Normal) (G1 Evacuation Pause)
[265.321s][info][gc,task        ] GC(618) Using 1 workers of 1 for evacuation
[265.429s][info][gc,phases      ] GC(618)   Pre Evacuate Collection Set: 0.1ms
[265.429s][info][gc,phases      ] GC(618)   Evacuate Collection Set: 107.0ms
[265.429s][info][gc,phases      ] GC(618)   Post Evacuate Collection Set: 0.7ms
[265.429s][info][gc,phases      ] GC(618)   Other: 0.3ms
[265.429s][info][gc,heap        ] GC(618) Eden regions: 100->0(101)
[265.429s][info][gc,heap        ] GC(618) Survivor regions: 12->14(14)
[265.429s][info][gc,heap        ] GC(618) Old regions: 496->509
[265.429s][info][gc,heap        ] GC(618) Humongous regions: 280->275
[265.429s][info][gc,metaspace   ] GC(618) Metaspace: 68308K->68308K(1110016K)
[265.429s][info][gc             ] GC(618) Pause Young (Normal) (G1 Evacuation Pause) 886M->796M(1858M) 108.143ms
[265.429s][info][gc,cpu         ] GC(618) User=0.11s Sys=0.01s Real=0.10s
[265.877s][info][gc,start       ] GC(619) Pause Young (Normal) (G1 Evacuation Pause)
[265.877s][info][gc,task        ] GC(619) Using 1 workers of 1 for evacuation
[265.989s][info][gc,phases      ] GC(619)   Pre Evacuate Collection Set: 0.1ms
[265.990s][info][gc,phases      ] GC(619)   Evacuate Collection Set: 111.1ms
[265.990s][info][gc,phases      ] GC(619)   Post Evacuate Collection Set: 0.6ms
[265.990s][info][gc,phases      ] GC(619)   Other: 0.3ms
[265.990s][info][gc,heap        ] GC(619) Eden regions: 101->0(109)
[265.990s][info][gc,heap        ] GC(619) Survivor regions: 14->15(15)
[265.990s][info][gc,heap        ] GC(619) Old regions: 509->526
[265.990s][info][gc,heap        ] GC(619) Humongous regions: 291->291
[265.990s][info][gc,metaspace   ] GC(619) Metaspace: 68325K->68325K(1110016K)
[265.990s][info][gc             ] GC(619) Pause Young (Normal) (G1 Evacuation Pause) 913M->830M(1858M) 112.226ms
[265.990s][info][gc,cpu         ] GC(619) User=0.10s Sys=0.01s Real=0.11s
[266.359s][info][gc,start       ] GC(620) Pause Young (Normal) (G1 Evacuation Pause)
[266.359s][info][gc,task        ] GC(620) Using 1 workers of 1 for evacuation
[266.466s][info][gc,phases      ] GC(620)   Pre Evacuate Collection Set: 0.1ms
[266.466s][info][gc,phases      ] GC(620)   Evacuate Collection Set: 105.3ms
[266.466s][info][gc,phases      ] GC(620)   Post Evacuate Collection Set: 0.5ms
[266.466s][info][gc,phases      ] GC(620)   Other: 0.3ms
[266.466s][info][gc,heap        ] GC(620) Eden regions: 109->0(112)
[266.466s][info][gc,heap        ] GC(620) Survivor regions: 15->12(16)
[266.466s][info][gc,heap        ] GC(620) Old regions: 526->541
[266.466s][info][gc,heap        ] GC(620) Humongous regions: 307->302
[266.466s][info][gc,metaspace   ] GC(620) Metaspace: 68332K->68332K(1110016K)
[266.466s][info][gc             ] GC(620) Pause Young (Normal) (G1 Evacuation Pause) 955M->853M(1858M) 106.337ms
[266.466s][info][gc,cpu         ] GC(620) User=0.11s Sys=0.00s Real=0.10s
[266.484s][info][gc,start       ] GC(621) Pause Young (Concurrent Start) (G1 Humongous Allocation)
[266.484s][info][gc,task        ] GC(621) Using 1 workers of 1 for evacuation
[266.522s][info][gc,phases      ] GC(621)   Pre Evacuate Collection Set: 0.3ms
[266.522s][info][gc,phases      ] GC(621)   Evacuate Collection Set: 36.5ms
[266.522s][info][gc,phases      ] GC(621)   Post Evacuate Collection Set: 0.3ms
[266.522s][info][gc,phases      ] GC(621)   Other: 0.2ms
[266.522s][info][gc,heap        ] GC(621) Eden regions: 7->0(158)
[266.522s][info][gc,heap        ] GC(621) Survivor regions: 12->2(16)
[266.522s][info][gc,heap        ] GC(621) Old regions: 541->553
[266.522s][info][gc,heap        ] GC(621) Humongous regions: 302->302
[266.522s][info][gc,metaspace   ] GC(621) Metaspace: 68332K->68332K(1110016K)
[266.522s][info][gc             ] GC(621) Pause Young (Concurrent Start) (G1 Humongous Allocation) 860M->854M(1858M) 37.398ms
[266.522s][info][gc,cpu         ] GC(621) User=0.03s Sys=0.00s Real=0.04s
[266.522s][info][gc             ] GC(622) Concurrent Cycle
[266.522s][info][gc,marking     ] GC(622) Concurrent Clear Claimed Marks
[266.522s][info][gc,marking     ] GC(622) Concurrent Clear Claimed Marks 0.250ms
[266.522s][info][gc,marking     ] GC(622) Concurrent Scan Root Regions
[266.523s][info][gc,marking     ] GC(622) Concurrent Scan Root Regions 1.230ms
[266.523s][info][gc,marking     ] GC(622) Concurrent Mark (266.523s)
[266.523s][info][gc,marking     ] GC(622) Concurrent Mark From Roots
[266.523s][info][gc,task        ] GC(622) Using 1 workers of 1 for marking
[266.859s][info][gc,marking     ] GC(622) Concurrent Mark From Roots 335.952ms
[266.859s][info][gc,marking     ] GC(622) Concurrent Preclean
[266.860s][info][gc,marking     ] GC(622) Concurrent Preclean 0.096ms
[266.860s][info][gc,marking     ] GC(622) Concurrent Mark (266.523s, 266.860s) 336.156ms
[266.863s][info][gc,start       ] GC(622) Pause Remark
[266.883s][info][gc,stringtable ] GC(622) Cleaned string and symbol table, strings: 23665 processed, 21 removed, symbols: 139768 processed, 0 removed
[266.883s][info][gc             ] GC(622) Pause Remark 890M->218M(1858M) 20.530ms
[266.883s][info][gc,cpu         ] GC(622) User=0.02s Sys=0.00s Real=0.02s
[266.888s][info][gc,marking     ] GC(622) Concurrent Rebuild Remembered Sets
[267.180s][info][gc,marking     ] GC(622) Concurrent Rebuild Remembered Sets 291.584ms
[267.182s][info][gc,start       ] GC(622) Pause Cleanup
[267.183s][info][gc             ] GC(622) Pause Cleanup 257M->257M(1858M) 0.337ms
[267.183s][info][gc,cpu         ] GC(622) User=0.00s Sys=0.00s Real=0.00s
[267.183s][info][gc,marking     ] GC(622) Concurrent Cleanup for Next Mark
[267.194s][info][gc,marking     ] GC(622) Concurrent Cleanup for Next Mark 11.839ms
[267.195s][info][gc             ] GC(622) Concurrent Cycle 672.643ms
[267.372s][info][gc,start       ] GC(623) Pause Young (Normal) (G1 Evacuation Pause)
[267.372s][info][gc,task        ] GC(623) Using 1 workers of 1 for evacuation
[267.434s][info][gc,phases      ] GC(623)   Pre Evacuate Collection Set: 0.1ms
[267.434s][info][gc,phases      ] GC(623)   Evacuate Collection Set: 60.9ms
[267.434s][info][gc,phases      ] GC(623)   Post Evacuate Collection Set: 0.7ms
[267.434s][info][gc,phases      ] GC(623)   Other: 0.3ms
[267.434s][info][gc,heap        ] GC(623) Eden regions: 122->0(104)
[267.434s][info][gc,heap        ] GC(623) Survivor regions: 2->13(16)
[267.434s][info][gc,heap        ] GC(623) Old regions: 174->174
[267.434s][info][gc,heap        ] GC(623) Humongous regions: 21->21
[267.434s][info][gc,metaspace   ] GC(623) Metaspace: 68351K->68351K(1110016K)
[267.434s][info][gc             ] GC(623) Pause Young (Normal) (G1 Evacuation Pause) 316M->205M(1888M) 61.928ms
[267.434s][info][gc,cpu         ] GC(623) User=0.06s Sys=0.00s Real=0.06s
[267.882s][info][gc,start       ] GC(624) Pause Young (Normal) (G1 Evacuation Pause)
[267.882s][info][gc,task        ] GC(624) Using 1 workers of 1 for evacuation
[267.955s][info][gc,phases      ] GC(624)   Pre Evacuate Collection Set: 0.1ms
[267.955s][info][gc,phases      ] GC(624)   Evacuate Collection Set: 71.6ms
[267.955s][info][gc,phases      ] GC(624)   Post Evacuate Collection Set: 0.5ms
[267.955s][info][gc,phases      ] GC(624)   Other: 0.3ms
[267.955s][info][gc,heap        ] GC(624) Eden regions: 104->0(131)
[267.955s][info][gc,heap        ] GC(624) Survivor regions: 13->11(15)
[267.955s][info][gc,heap        ] GC(624) Old regions: 174->186
[267.955s][info][gc,heap        ] GC(624) Humongous regions: 31->31
[267.955s][info][gc,metaspace   ] GC(624) Metaspace: 68351K->68351K(1110016K)
[267.955s][info][gc             ] GC(624) Pause Young (Normal) (G1 Evacuation Pause) 319M->226M(1888M) 72.546ms
[267.955s][info][gc,cpu         ] GC(624) User=0.07s Sys=0.00s Real=0.07s
[268.420s][info][gc,start       ] GC(625) Pause Young (Normal) (G1 Evacuation Pause)
[268.420s][info][gc,task        ] GC(625) Using 1 workers of 1 for evacuation
[268.493s][info][gc,phases      ] GC(625)   Pre Evacuate Collection Set: 0.1ms
[268.493s][info][gc,phases      ] GC(625)   Evacuate Collection Set: 72.3ms
[268.493s][info][gc,phases      ] GC(625)   Post Evacuate Collection Set: 0.6ms
[268.493s][info][gc,phases      ] GC(625)   Other: 0.3ms
[268.493s][info][gc,heap        ] GC(625) Eden regions: 131->0(149)
[268.493s][info][gc,heap        ] GC(625) Survivor regions: 11->13(18)
[268.493s][info][gc,heap        ] GC(625) Old regions: 186->196
[268.493s][info][gc,heap        ] GC(625) Humongous regions: 47->42
[268.493s][info][gc,metaspace   ] GC(625) Metaspace: 68352K->68352K(1110016K)
[268.493s][info][gc             ] GC(625) Pause Young (Normal) (G1 Evacuation Pause) 373M->249M(1888M) 73.286ms
[268.493s][info][gc,cpu         ] GC(625) User=0.08s Sys=0.00s Real=0.07s
[269.006s][info][gc,start       ] GC(626) Pause Young (Normal) (G1 Evacuation Pause)
[269.006s][info][gc,task        ] GC(626) Using 1 workers of 1 for evacuation
[269.137s][info][gc,phases      ] GC(626)   Pre Evacuate Collection Set: 0.1ms
[269.138s][info][gc,phases      ] GC(626)   Evacuate Collection Set: 130.2ms
[269.138s][info][gc,phases      ] GC(626)   Post Evacuate Collection Set: 0.6ms
[269.138s][info][gc,phases      ] GC(626)   Other: 0.4ms
[269.138s][info][gc,heap        ] GC(626) Eden regions: 149->0(147)
[269.138s][info][gc,heap        ] GC(626) Survivor regions: 13->21(21)
[269.138s][info][gc,heap        ] GC(626) Old regions: 196->208
[269.138s][info][gc,heap        ] GC(626) Humongous regions: 62->59
[269.138s][info][gc,metaspace   ] GC(626) Metaspace: 68352K->68352K(1110016K)
[269.138s][info][gc             ] GC(626) Pause Young (Normal) (G1 Evacuation Pause) 418M->286M(1888M) 131.283ms
[269.138s][info][gc,cpu         ] GC(626) User=0.13s Sys=0.00s Real=0.14s
[269.481s][info][gc,start       ] GC(627) Pause Young (Normal) (G1 Evacuation Pause)
[269.481s][info][gc,task        ] GC(627) Using 1 workers of 1 for evacuation
[269.614s][info][gc,phases      ] GC(627)   Pre Evacuate Collection Set: 0.1ms
[269.614s][info][gc,phases      ] GC(627)   Evacuate Collection Set: 132.1ms
[269.614s][info][gc,phases      ] GC(627)   Post Evacuate Collection Set: 0.7ms
[269.614s][info][gc,phases      ] GC(627)   Other: 0.3ms
[269.614s][info][gc,heap        ] GC(627) Eden regions: 120->0(155)
[269.614s][info][gc,heap        ] GC(627) Survivor regions: 21->14(18)
[269.614s][info][gc,heap        ] GC(627) Old regions: 208->229
[269.614s][info][gc,heap        ] GC(627) Humongous regions: 139->96
[269.614s][info][gc,metaspace   ] GC(627) Metaspace: 68355K->68355K(1110016K)
[269.614s][info][gc             ] GC(627) Pause Young (Normal) (G1 Evacuation Pause) 486M->337M(1909M) 133.222ms
[269.614s][info][gc,cpu         ] GC(627) User=0.14s Sys=0.00s Real=0.13s
[270.281s][info][gc,start       ] GC(628) Pause Young (Normal) (G1 Evacuation Pause)
[270.281s][info][gc,task        ] GC(628) Using 1 workers of 1 for evacuation
[270.473s][info][gc,phases      ] GC(628)   Pre Evacuate Collection Set: 0.1ms
[270.473s][info][gc,phases      ] GC(628)   Evacuate Collection Set: 190.7ms
[270.473s][info][gc,phases      ] GC(628)   Post Evacuate Collection Set: 0.6ms
[270.473s][info][gc,phases      ] GC(628)   Other: 0.3ms
[270.473s][info][gc,heap        ] GC(628) Eden regions: 155->0(132)
[270.473s][info][gc,heap        ] GC(628) Survivor regions: 14->21(22)
[270.473s][info][gc,heap        ] GC(628) Old regions: 229->243
[270.473s][info][gc,heap        ] GC(628) Humongous regions: 140->104
[270.473s][info][gc,metaspace   ] GC(628) Metaspace: 68355K->68355K(1110016K)
[270.473s][info][gc             ] GC(628) Pause Young (Normal) (G1 Evacuation Pause) 536M->365M(1909M) 191.785ms
[270.473s][info][gc,cpu         ] GC(628) User=0.19s Sys=0.00s Real=0.19s
[270.785s][info][gc,start       ] GC(629) Pause Young (Normal) (G1 Evacuation Pause)
[270.785s][info][gc,task        ] GC(629) Using 1 workers of 1 for evacuation
[270.922s][info][gc,phases      ] GC(629)   Pre Evacuate Collection Set: 0.1ms
[270.922s][info][gc,phases      ] GC(629)   Evacuate Collection Set: 136.4ms
[270.922s][info][gc,phases      ] GC(629)   Post Evacuate Collection Set: 0.6ms
[270.922s][info][gc,phases      ] GC(629)   Other: 0.3ms
[270.922s][info][gc,heap        ] GC(629) Eden regions: 123->0(79)
[270.922s][info][gc,heap        ] GC(629) Survivor regions: 21->16(18)
[270.922s][info][gc,heap        ] GC(629) Old regions: 243->263
[270.922s][info][gc,heap        ] GC(629) Humongous regions: 159->127
[270.922s][info][gc,metaspace   ] GC(629) Metaspace: 68360K->68360K(1110016K)
[270.922s][info][gc             ] GC(629) Pause Young (Normal) (G1 Evacuation Pause) 543M->404M(1909M) 137.481ms
[270.922s][info][gc,cpu         ] GC(629) User=0.14s Sys=0.00s Real=0.14s
[271.050s][info][gc,start       ] GC(630) Pause Young (Normal) (G1 Evacuation Pause)
[271.050s][info][gc,task        ] GC(630) Using 1 workers of 1 for evacuation
[271.145s][info][gc,phases      ] GC(630)   Pre Evacuate Collection Set: 0.1ms
[271.146s][info][gc,phases      ] GC(630)   Evacuate Collection Set: 95.0ms
[271.146s][info][gc,phases      ] GC(630)   Post Evacuate Collection Set: 0.4ms
[271.146s][info][gc,phases      ] GC(630)   Other: 0.3ms
[271.146s][info][gc,heap        ] GC(630) Eden regions: 79->0(83)
[271.146s][info][gc,heap        ] GC(630) Survivor regions: 16->12(12)
[271.146s][info][gc,heap        ] GC(630) Old regions: 263->280
[271.146s][info][gc,heap        ] GC(630) Humongous regions: 132->110
[271.146s][info][gc,metaspace   ] GC(630) Metaspace: 68360K->68360K(1110016K)
[271.146s][info][gc             ] GC(630) Pause Young (Normal) (G1 Evacuation Pause) 488M->400M(1909M) 95.839ms
[271.146s][info][gc,cpu         ] GC(630) User=0.09s Sys=0.00s Real=0.09s
[271.651s][info][gc,start       ] GC(631) Pause Young (Normal) (G1 Evacuation Pause)
[271.651s][info][gc,task        ] GC(631) Using 1 workers of 1 for evacuation
[271.749s][info][gc,phases      ] GC(631)   Pre Evacuate Collection Set: 0.1ms
[271.749s][info][gc,phases      ] GC(631)   Evacuate Collection Set: 97.1ms
[271.749s][info][gc,phases      ] GC(631)   Post Evacuate Collection Set: 0.7ms
[271.749s][info][gc,phases      ] GC(631)   Other: 0.3ms
[271.749s][info][gc,heap        ] GC(631) Eden regions: 83->0(88)
[271.749s][info][gc,heap        ] GC(631) Survivor regions: 12->8(12)
[271.749s][info][gc,heap        ] GC(631) Old regions: 280->292
[271.749s][info][gc,heap        ] GC(631) Humongous regions: 192->146
[271.749s][info][gc,metaspace   ] GC(631) Metaspace: 68365K->68365K(1110016K)
[271.749s][info][gc             ] GC(631) Pause Young (Normal) (G1 Evacuation Pause) 565M->444M(1933M) 98.213ms
[271.749s][info][gc,cpu         ] GC(631) User=0.10s Sys=0.01s Real=0.10s
[271.871s][info][gc,start       ] GC(632) Pause Young (Normal) (G1 Evacuation Pause)
[271.871s][info][gc,task        ] GC(632) Using 1 workers of 1 for evacuation
[271.968s][info][gc,phases      ] GC(632)   Pre Evacuate Collection Set: 0.1ms
[271.968s][info][gc,phases      ] GC(632)   Evacuate Collection Set: 96.3ms
[271.968s][info][gc,phases      ] GC(632)   Post Evacuate Collection Set: 0.5ms
[271.968s][info][gc,phases      ] GC(632)   Other: 0.3ms
[271.968s][info][gc,heap        ] GC(632) Eden regions: 88->0(84)
[271.968s][info][gc,heap        ] GC(632) Survivor regions: 8->12(12)
[271.968s][info][gc,heap        ] GC(632) Old regions: 292->315
[271.968s][info][gc,heap        ] GC(632) Humongous regions: 166->144
[271.968s][info][gc,metaspace   ] GC(632) Metaspace: 68370K->68370K(1110016K)
[271.968s][info][gc             ] GC(632) Pause Young (Normal) (G1 Evacuation Pause) 552M->469M(1933M) 97.159ms
[271.968s][info][gc,cpu         ] GC(632) User=0.10s Sys=0.00s Real=0.09s
[272.009s][info][gc,start       ] GC(633) Pause Young (Normal) (G1 Evacuation Pause)
[272.009s][info][gc,task        ] GC(633) Using 1 workers of 1 for evacuation
[272.043s][info][gc,phases      ] GC(633)   Pre Evacuate Collection Set: 0.1ms
[272.044s][info][gc,phases      ] GC(633)   Evacuate Collection Set: 34.0ms
[272.044s][info][gc,phases      ] GC(633)   Post Evacuate Collection Set: 0.3ms
[272.044s][info][gc,phases      ] GC(633)   Other: 0.2ms
[272.044s][info][gc,heap        ] GC(633) Eden regions: 84->0(95)
[272.044s][info][gc,heap        ] GC(633) Survivor regions: 12->1(12)
[272.044s][info][gc,heap        ] GC(633) Old regions: 315->327
[272.044s][info][gc,heap        ] GC(633) Humongous regions: 144->144
[272.044s][info][gc,metaspace   ] GC(633) Metaspace: 68370K->68370K(1110016K)
[272.044s][info][gc             ] GC(633) Pause Young (Normal) (G1 Evacuation Pause) 553M->470M(1933M) 35.251ms
[272.044s][info][gc,cpu         ] GC(633) User=0.04s Sys=0.00s Real=0.04s
[272.092s][info][gc,start       ] GC(634) Pause Young (Normal) (G1 Evacuation Pause)
[272.092s][info][gc,task        ] GC(634) Using 1 workers of 1 for evacuation
[272.095s][info][gc,phases      ] GC(634)   Pre Evacuate Collection Set: 0.1ms
[272.095s][info][gc,phases      ] GC(634)   Evacuate Collection Set: 1.9ms
[272.095s][info][gc,phases      ] GC(634)   Post Evacuate Collection Set: 0.3ms
[272.095s][info][gc,phases      ] GC(634)   Other: 0.3ms
[272.095s][info][gc,heap        ] GC(634) Eden regions: 95->0(95)
[272.095s][info][gc,heap        ] GC(634) Survivor regions: 1->1(12)
[272.095s][info][gc,heap        ] GC(634) Old regions: 327->327
[272.095s][info][gc,heap        ] GC(634) Humongous regions: 144->144
[272.095s][info][gc,metaspace   ] GC(634) Metaspace: 68370K->68370K(1110016K)
[272.095s][info][gc             ] GC(634) Pause Young (Normal) (G1 Evacuation Pause) 565M->470M(1933M) 2.592ms
[272.095s][info][gc,cpu         ] GC(634) User=0.01s Sys=0.00s Real=0.00s
[272.141s][info][gc,start       ] GC(635) Pause Young (Normal) (G1 Evacuation Pause)
[272.141s][info][gc,task        ] GC(635) Using 1 workers of 1 for evacuation
[272.143s][info][gc,phases      ] GC(635)   Pre Evacuate Collection Set: 0.1ms
[272.143s][info][gc,phases      ] GC(635)   Evacuate Collection Set: 1.8ms
[272.143s][info][gc,phases      ] GC(635)   Post Evacuate Collection Set: 0.3ms
[272.143s][info][gc,phases      ] GC(635)   Other: 0.2ms
[272.143s][info][gc,heap        ] GC(635) Eden regions: 95->0(120)
[272.143s][info][gc,heap        ] GC(635) Survivor regions: 1->1(12)
[272.143s][info][gc,heap        ] GC(635) Old regions: 327->327
[272.143s][info][gc,heap        ] GC(635) Humongous regions: 144->144
[272.143s][info][gc,metaspace   ] GC(635) Metaspace: 68370K->68370K(1110016K)
[272.143s][info][gc             ] GC(635) Pause Young (Normal) (G1 Evacuation Pause) 565M->469M(1933M) 2.469ms
[272.143s][info][gc,cpu         ] GC(635) User=0.01s Sys=0.00s Real=0.00s
[272.221s][info][gc,start       ] GC(636) Pause Young (Normal) (G1 Evacuation Pause)
[272.221s][info][gc,task        ] GC(636) Using 1 workers of 1 for evacuation
[272.293s][info][gc,phases      ] GC(636)   Pre Evacuate Collection Set: 0.1ms
[272.293s][info][gc,phases      ] GC(636)   Evacuate Collection Set: 72.0ms
[272.293s][info][gc,phases      ] GC(636)   Post Evacuate Collection Set: 0.5ms
[272.294s][info][gc,phases      ] GC(636)   Other: 0.3ms
[272.294s][info][gc,heap        ] GC(636) Eden regions: 120->0(94)
[272.294s][info][gc,heap        ] GC(636) Survivor regions: 1->16(16)
[272.294s][info][gc,heap        ] GC(636) Old regions: 327->353
[272.294s][info][gc,heap        ] GC(636) Humongous regions: 147->147
[272.294s][info][gc,metaspace   ] GC(636) Metaspace: 68370K->68370K(1110016K)
[272.294s][info][gc             ] GC(636) Pause Young (Normal) (G1 Evacuation Pause) 592M->513M(1933M) 72.932ms
[272.294s][info][gc,cpu         ] GC(636) User=0.08s Sys=0.00s Real=0.07s
[272.329s][info][gc,start       ] GC(637) Pause Young (Normal) (G1 Evacuation Pause)
[272.329s][info][gc,task        ] GC(637) Using 1 workers of 1 for evacuation
[272.371s][info][gc,phases      ] GC(637)   Pre Evacuate Collection Set: 0.1ms
[272.371s][info][gc,phases      ] GC(637)   Evacuate Collection Set: 42.0ms
[272.371s][info][gc,phases      ] GC(637)   Post Evacuate Collection Set: 0.3ms
[272.371s][info][gc,phases      ] GC(637)   Other: 0.2ms
[272.371s][info][gc,heap        ] GC(637) Eden regions: 94->0(122)
[272.371s][info][gc,heap        ] GC(637) Survivor regions: 16->1(14)
[272.371s][info][gc,heap        ] GC(637) Old regions: 353->369
[272.371s][info][gc,heap        ] GC(637) Humongous regions: 147->147
[272.371s][info][gc,metaspace   ] GC(637) Metaspace: 68370K->68370K(1110016K)
[272.371s][info][gc             ] GC(637) Pause Young (Normal) (G1 Evacuation Pause) 607M->514M(1933M) 42.700ms
[272.371s][info][gc,cpu         ] GC(637) User=0.04s Sys=0.00s Real=0.05s
[272.641s][info][gc,heap,exit   ] Heap
[272.641s][info][gc,heap,exit   ]  garbage-first heap   total 1979392K, used 623108K [0x0000000083a00000, 0x0000000100000000)
[272.641s][info][gc,heap,exit   ]   region size 1024K, 96 young (98304K), 1 survivors (1024K)
[272.641s][info][gc,heap,exit   ]  Metaspace       used 68879K, capacity 72884K, committed 72988K, reserved 1112064K
[272.641s][info][gc,heap,exit   ]   class space    used 9478K, capacity 11447K, committed 11468K, reserved 1048576K
