[0.155s][info][gc,init] Regions: 3977 x 512K
[0.224s][info][gc,init] Humongous object threshold: 512K
[0.224s][info][gc,init] Max TLAB size: 512K
[0.224s][info][gc,init] GC threads: 1 parallel, 1 concurrent
[0.226s][info][gc     ] Heuristics ergonomically sets -XX:+ExplicitGCInvokesConcurrent
[0.226s][info][gc     ] Heuristics ergonomically sets -XX:+ShenandoahImplicitGCInvokesConcurrent
[0.226s][info][gc,init] Shenandoah GC mode: Snapshot-At-The-Beginning (SATB)
[0.226s][info][gc,init] Shenandoah heuristics: Adaptive
[0.229s][info][gc,ergo] Pacer for Idle. Initial: 40724K, Alloc Tax Rate: 1.0x
[0.229s][info][gc,init] Initialize Shenandoah heap: 124M initial, 6656K min, 1988M max
[0.229s][info][gc,init] Safepointing mechanism: global-page poll
[0.229s][info][gc     ] Using Shenandoah
[0.229s][info][gc,heap,coops] Heap address: 0x0000000083b80000, size: 1988 MB, Compressed Oops mode: 32-bit
[0.602s][info][gc,init      ] Reference processing: serial discovery, serial processing
[0.707s][info][gc           ] Soft Max Heap Size: 1988M -> 1988M
[17.543s][info][gc           ] Trigger: Metadata GC Threshold
[17.543s][info][gc,ergo      ] Free: 1809M, Max: 512K regular, 1809M humongous, Frag: 0% external, 0% internal; Reserve: 101888K, Max: 512K
[17.543s][info][gc,start     ] GC(0) Concurrent reset
[17.544s][info][gc,task      ] GC(0) Using 1 of 1 workers for concurrent reset
[17.544s][info][gc,ergo      ] GC(0) Pacer for Reset. Non-Taxable: 1988M
[17.544s][info][gc           ] GC(0) Concurrent reset 0.092ms
[17.546s][info][gc,start     ] GC(0) Pause Init Mark (process weakrefs) (unload classes)
[17.546s][info][gc,task      ] GC(0) Using 1 of 1 workers for init marking
[17.612s][info][gc,ergo      ] GC(0) Pacer for Mark. Expected Live: 198M, Free: 1809M, Non-Taxable: 180M, Alloc Tax Rate: 0.1x
[17.612s][info][gc           ] GC(0) Pause Init Mark (process weakrefs) (unload classes) 65.511ms
[17.614s][info][gc,start     ] GC(0) Concurrent marking (process weakrefs) (unload classes)
[17.614s][info][gc,task      ] GC(0) Using 1 of 1 workers for concurrent marking
[17.666s][info][gc           ] GC(0) Concurrent marking (process weakrefs) (unload classes) 51.620ms
[17.666s][info][gc,start     ] GC(0) Concurrent precleaning
[17.666s][info][gc,task      ] GC(0) Using 1 of 1 workers for concurrent preclean
[17.666s][info][gc,ergo      ] GC(0) Pacer for Precleaning. Non-Taxable: 1988M
[17.666s][info][gc           ] GC(0) Concurrent precleaning 0.234ms
[17.666s][info][gc,start     ] GC(0) Pause Final Mark (process weakrefs) (unload classes)
[17.666s][info][gc,task      ] GC(0) Using 1 of 1 workers for final marking
[17.672s][info][gc,stringtable] GC(0) Cleaned string and symbol table, strings: 7971 processed, 0 removed, symbols: 40342 processed, 44 removed
[17.672s][info][gc,ergo       ] GC(0) Adaptive CSet Selection. Target Free: 281M, Actual Free: 1907M, Max CSet: 84823K, Min Garbage: 0B
[17.672s][info][gc,ergo       ] GC(0) Collectable Garbage: 62277K (98%), Immediate: 0B (0%), CSet: 62277K (98%)
[17.715s][info][gc,ergo       ] GC(0) Pacer for Evacuation. Used CSet: 69632K, Free: 1808M, Non-Taxable: 180M, Alloc Tax Rate: 1.1x
[17.715s][info][gc            ] GC(0) Pause Final Mark (process weakrefs) (unload classes) 49.009ms
[17.720s][info][gc,start      ] GC(0) Concurrent cleanup
[17.720s][info][gc            ] GC(0) Concurrent cleanup 81M->81M(126M) 0.253ms
[17.721s][info][gc,ergo       ] GC(0) Free: 1808M, Max: 512K regular, 1808M humongous, Frag: 0% external, 0% internal; Reserve: 100736K, Max: 512K
[17.721s][info][gc,start      ] GC(0) Concurrent evacuation
[17.721s][info][gc,task       ] GC(0) Using 1 of 1 workers for concurrent evacuation
[17.861s][info][gc            ] GC(0) Concurrent evacuation 140.799ms
[17.862s][info][gc,start      ] GC(0) Pause Init Update Refs
[17.862s][info][gc,ergo       ] GC(0) Pacer for Update Refs. Used: 90548K, Free: 1807M, Non-Taxable: 180M, Alloc Tax Rate: 1.1x
[17.862s][info][gc            ] GC(0) Pause Init Update Refs 0.023ms
[17.862s][info][gc,start      ] GC(0) Concurrent update references
[17.862s][info][gc,task       ] GC(0) Using 1 of 1 workers for concurrent reference update
[17.875s][info][gc            ] GC(0) Concurrent update references 13.315ms
[17.904s][info][gc,start      ] GC(0) Pause Final Update Refs
[17.904s][info][gc,task       ] GC(0) Using 1 of 1 workers for final reference update
[17.904s][info][gc            ] GC(0) Pause Final Update Refs 0.639ms
[17.905s][info][gc,start      ] GC(0) Concurrent cleanup
[17.905s][info][gc            ] GC(0) Concurrent cleanup 88M->20M(132M) 0.083ms
[17.905s][info][gc,ergo       ] Free: 1867M, Max: 512K regular, 1799M humongous, Frag: 4% external, 0% internal; Reserve: 101888K, Max: 512K
[17.905s][info][gc,stats      ] 
[17.905s][info][gc,stats      ] All times are wall-clock times, except per-root-class counters, that are sum over
[17.905s][info][gc,stats      ] all workers. Dividing the <total> over the root stage time estimates parallelism.
[17.905s][info][gc,stats      ] 
[17.905s][info][gc,stats      ] Concurrent Reset                     76 us
[17.905s][info][gc,stats      ] Pause Init Mark (G)               70566 us
[17.905s][info][gc,stats      ] Pause Init Mark (N)               65488 us
[17.905s][info][gc,stats      ]   Accumulate Stats                    2 us
[17.905s][info][gc,stats      ]   Make Parsable                       2 us
[17.905s][info][gc,stats      ]   Update Region States               43 us
[17.905s][info][gc,stats      ]   Scan Roots                      65370 us, parallelism: 1.00x
[17.905s][info][gc,stats      ]     S: <total>                    65313 us
[17.905s][info][gc,stats      ]     S: Thread Roots                2133 us, workers (us): 2133, 
[17.905s][info][gc,stats      ]     S: Universe Roots               642 us, workers (us): 642, 
[17.905s][info][gc,stats      ]     S: JNI Handles Roots              4 us, workers (us):   4, 
[17.905s][info][gc,stats      ]     S: Synchronizer Roots             0 us, workers (us):   0, 
[17.905s][info][gc,stats      ]     S: Management Roots               1 us, workers (us):   1, 
[17.905s][info][gc,stats      ]     S: System Dict Roots             28 us, workers (us):  28, 
[17.905s][info][gc,stats      ]     S: CLDG Roots                 62504 us, workers (us): 62504, 
[17.905s][info][gc,stats      ]     S: JVMTI Roots                    1 us, workers (us):   1, 
[17.905s][info][gc,stats      ]   Resize TLABs                        4 us
[17.905s][info][gc,stats      ] Concurrent Marking                51586 us
[17.905s][info][gc,stats      ] Concurrent Precleaning              227 us
[17.905s][info][gc,stats      ] Pause Final Mark (G)              54181 us
[17.905s][info][gc,stats      ] Pause Final Mark (N)              49000 us
[17.905s][info][gc,stats      ]   Finish Queues                      18 us
[17.905s][info][gc,stats      ]   Weak References                    65 us
[17.905s][info][gc,stats      ]     Process                          64 us
[17.905s][info][gc,stats      ]   System Purge                      100 us
[17.905s][info][gc,stats      ]     Unload Classes                  536 us
[17.905s][info][gc,stats      ]     Cleanup                        5145 us, parallelism: 0.99x
[17.905s][info][gc,stats      ]       CU: <total>                  5090 us
[17.905s][info][gc,stats      ]       CU: Code Cache Roots         1801 us, workers (us): 1801, 
[17.905s][info][gc,stats      ]       CU: Code Cache Cleaning       442 us, workers (us): 442, 
[17.905s][info][gc,stats      ]       CU: String Table Roots        849 us, workers (us): 849, 
[17.905s][info][gc,stats      ]       CU: Resolved Table Roots       27 us, workers (us):  27, 
[17.905s][info][gc,stats      ]       CU: CLDG Roots               1971 us, workers (us): 1971, 
[17.905s][info][gc,stats      ]     Weak Roots                      100 us
[17.905s][info][gc,stats      ]     CLDG                              0 us
[17.905s][info][gc,stats      ]   Update Region States               41 us
[17.905s][info][gc,stats      ]   Retire TLABs                        4 us
[17.905s][info][gc,stats      ]   Choose Collection Set              36 us
[17.905s][info][gc,stats      ]   Rebuild Free Set                   12 us
[17.905s][info][gc,stats      ]   Initial Evacuation              43036 us, parallelism: 0.98x
[17.905s][info][gc,stats      ]     E: <total>                    42214 us
[17.905s][info][gc,stats      ]     E: Thread Roots                 169 us, workers (us): 169, 
[17.905s][info][gc,stats      ]     E: Code Cache Roots            1562 us, workers (us): 1562, 
[17.905s][info][gc,stats      ]     E: Universe Roots                22 us, workers (us):  22, 
[17.905s][info][gc,stats      ]     E: JNI Handles Roots              3 us, workers (us):   3, 
[17.905s][info][gc,stats      ]     E: Synchronizer Roots             0 us, workers (us):   0, 
[17.905s][info][gc,stats      ]     E: Management Roots               1 us, workers (us):   1, 
[17.905s][info][gc,stats      ]     E: System Dict Roots             11 us, workers (us):  11, 
[17.905s][info][gc,stats      ]     E: CLDG Roots                 40445 us, workers (us): 40445, 
[17.905s][info][gc,stats      ]     E: JVMTI Roots                    1 us, workers (us):   1, 
[17.905s][info][gc,stats      ] Concurrent Cleanup                  195 us
[17.905s][info][gc,stats      ] Concurrent Evacuation            140785 us
[17.905s][info][gc,stats      ] Pause Init  Update Refs (G)         210 us
[17.905s][info][gc,stats      ] Pause Init  Update Refs (N)           8 us
[17.905s][info][gc,stats      ]   Retire GCLABs                       2 us
[17.905s][info][gc,stats      ] Concurrent Update Refs            13304 us
[17.905s][info][gc,stats      ] Pause Final Update Refs (G)       29741 us
[17.906s][info][gc,stats      ] Pause Final Update Refs (N)         585 us
[17.906s][info][gc,stats      ]   Update Roots                      513 us, parallelism: 0.97x
[17.906s][info][gc,stats      ]     UR: <total>                     501 us
[17.906s][info][gc,stats      ]     UR: Thread Roots                501 us, workers (us): 501, 
[17.906s][info][gc,stats      ]   Update Region States               40 us
[17.906s][info][gc,stats      ]   Trash Collection Set                2 us
[17.906s][info][gc,stats      ]   Rebuild Free Set                   15 us
[17.906s][info][gc,stats      ] Concurrent Cleanup                   69 us
[17.906s][info][gc,stats      ] 
[17.906s][info][gc,stats      ] Allocation pacing accrued:
[17.906s][info][gc,stats      ]       0 of 17677 ms (  0.0%): <total>
[17.906s][info][gc,stats      ]       0 of 17677 ms (  0.0%): <average total>
[17.906s][info][gc,stats      ] 
[17.906s][info][gc,metaspace  ] Metaspace: 20174K->20509K(1067008K)
[17.906s][info][gc,ergo       ] Pacer for Idle. Initial: 40724K, Alloc Tax Rate: 1.0x
[20.766s][info][gc            ] Trigger: Metadata GC Threshold
[20.766s][info][gc,ergo       ] Free: 1797M, Max: 512K regular, 1797M humongous, Frag: 0% external, 0% internal; Reserve: 101888K, Max: 512K
[20.766s][info][gc,start      ] GC(1) Concurrent reset
[20.766s][info][gc,task       ] GC(1) Using 1 of 1 workers for concurrent reset
[20.766s][info][gc,ergo       ] GC(1) Pacer for Reset. Non-Taxable: 1988M
[20.766s][info][gc            ] GC(1) Concurrent reset 0.191ms
[20.769s][info][gc,start      ] GC(1) Pause Init Mark (unload classes)
[20.769s][info][gc,task       ] GC(1) Using 1 of 1 workers for init marking
[20.801s][info][gc,ergo       ] GC(1) Pacer for Mark. Expected Live: 17446K, Free: 1797M, Non-Taxable: 179M, Alloc Tax Rate: 0.0x
[20.801s][info][gc            ] GC(1) Pause Init Mark (unload classes) 32.321ms
[20.803s][info][gc,start      ] GC(1) Concurrent marking (unload classes)
[20.803s][info][gc,task       ] GC(1) Using 1 of 1 workers for concurrent marking
[20.862s][info][gc            ] GC(1) Concurrent marking (unload classes) 59.133ms
[20.862s][info][gc,start      ] GC(1) Pause Final Mark (unload classes)
[20.862s][info][gc,task       ] GC(1) Using 1 of 1 workers for final marking
[20.873s][info][gc,stringtable] GC(1) Cleaned string and symbol table, strings: 13422 processed, 0 removed, symbols: 79907 processed, 44 removed
[20.873s][info][gc,ergo       ] GC(1) Adaptive CSet Selection. Target Free: 281M, Actual Free: 1897M, Max CSet: 84823K, Min Garbage: 0B
[20.873s][info][gc,ergo       ] GC(1) Collectable Garbage: 70112K (98%), Immediate: 512K (0%), CSet: 69600K (97%)
[20.875s][info][gc,ergo       ] GC(1) Pacer for Evacuation. Used CSet: 74752K, Free: 1797M, Non-Taxable: 179M, Alloc Tax Rate: 1.1x
[20.875s][info][gc            ] GC(1) Pause Final Mark (unload classes) 12.881ms
[20.879s][info][gc,start      ] GC(1) Concurrent cleanup
[20.880s][info][gc            ] GC(1) Concurrent cleanup 91M->91M(133M) 0.102ms
[20.880s][info][gc,ergo       ] GC(1) Free: 1797M, Max: 512K regular, 1797M humongous, Frag: 1% external, 0% internal; Reserve: 100864K, Max: 512K
[20.880s][info][gc,start      ] GC(1) Concurrent evacuation
[20.880s][info][gc,task       ] GC(1) Using 1 of 1 workers for concurrent evacuation
[21.045s][info][gc            ] GC(1) Concurrent evacuation 165.416ms
[21.046s][info][gc,start      ] GC(1) Pause Init Update Refs
[21.046s][info][gc,ergo       ] GC(1) Pacer for Update Refs. Used: 101294K, Free: 1794M, Non-Taxable: 179M, Alloc Tax Rate: 1.1x
[21.046s][info][gc            ] GC(1) Pause Init Update Refs 0.044ms
[21.046s][info][gc,start      ] GC(1) Concurrent update references
[21.046s][info][gc,task       ] GC(1) Using 1 of 1 workers for concurrent reference update
[21.095s][info][gc            ] GC(1) Concurrent update references 48.099ms
[21.096s][info][gc,start      ] GC(1) Pause Final Update Refs
[21.096s][info][gc,task       ] GC(1) Using 1 of 1 workers for final reference update
[21.097s][info][gc            ] GC(1) Pause Final Update Refs 0.583ms
[21.097s][info][gc,start      ] GC(1) Concurrent cleanup
[21.097s][info][gc            ] GC(1) Concurrent cleanup 98M->25M(138M) 0.077ms
[21.097s][info][gc,ergo       ] Free: 1862M, Max: 512K regular, 1790M humongous, Frag: 4% external, 0% internal; Reserve: 101888K, Max: 512K
[21.097s][info][gc,stats      ] 
[21.097s][info][gc,stats      ] All times are wall-clock times, except per-root-class counters, that are sum over
[21.097s][info][gc,stats      ] all workers. Dividing the <total> over the root stage time estimates parallelism.
[21.097s][info][gc,stats      ] 
[21.097s][info][gc,stats      ] Concurrent Reset                    176 us
[21.097s][info][gc,stats      ] Pause Init Mark (G)               36787 us
[21.097s][info][gc,stats      ] Pause Init Mark (N)               32299 us
[21.097s][info][gc,stats      ]   Accumulate Stats                    5 us
[21.097s][info][gc,stats      ]   Make Parsable                       8 us
[21.097s][info][gc,stats      ]   Update Region States               44 us
[21.097s][info][gc,stats      ]   Scan Roots                      32194 us, parallelism: 1.00x
[21.097s][info][gc,stats      ]     S: <total>                    32104 us
[21.097s][info][gc,stats      ]     S: Thread Roots               32014 us, workers (us): 32014, 
[21.097s][info][gc,stats      ]     S: Universe Roots                 2 us, workers (us):   2, 
[21.097s][info][gc,stats      ]     S: JNI Handles Roots              1 us, workers (us):   1, 
[21.097s][info][gc,stats      ]     S: Synchronizer Roots             0 us, workers (us):   0, 
[21.097s][info][gc,stats      ]     S: Management Roots               1 us, workers (us):   1, 
[21.097s][info][gc,stats      ]     S: System Dict Roots             19 us, workers (us):  19, 
[21.097s][info][gc,stats      ]     S: CLDG Roots                    67 us, workers (us):  67, 
[21.097s][info][gc,stats      ]     S: JVMTI Roots                    0 us, workers (us):   0, 
[21.097s][info][gc,stats      ]   Resize TLABs                        5 us
[21.097s][info][gc,stats      ] Concurrent Marking                59094 us
[21.097s][info][gc,stats      ] Pause Final Mark (G)              17067 us
[21.097s][info][gc,stats      ] Pause Final Mark (N)              12873 us
[21.097s][info][gc,stats      ]   Finish Queues                      40 us
[21.097s][info][gc,stats      ]   System Purge                      194 us
[21.097s][info][gc,stats      ]     Unload Classes                  380 us
[21.097s][info][gc,stats      ]     Cleanup                       10275 us, parallelism: 0.99x
[21.097s][info][gc,stats      ]       CU: <total>                 10220 us
[21.097s][info][gc,stats      ]       CU: Code Cache Roots         4554 us, workers (us): 4554, 
[21.097s][info][gc,stats      ]       CU: Code Cache Cleaning       617 us, workers (us): 617, 
[21.097s][info][gc,stats      ]       CU: String Table Roots       2051 us, workers (us): 2051, 
[21.097s][info][gc,stats      ]       CU: Resolved Table Roots       47 us, workers (us):  47, 
[21.097s][info][gc,stats      ]       CU: CLDG Roots               2951 us, workers (us): 2951, 
[21.097s][info][gc,stats      ]     Weak Roots                      193 us
[21.097s][info][gc,stats      ]     CLDG                              1 us
[21.097s][info][gc,stats      ]   Update Region States               41 us
[21.097s][info][gc,stats      ]   Retire TLABs                        9 us
[21.097s][info][gc,stats      ]   Choose Collection Set              45 us
[21.097s][info][gc,stats      ]   Rebuild Free Set                   12 us
[21.097s][info][gc,stats      ]   Initial Evacuation               1869 us, parallelism: 0.51x
[21.097s][info][gc,stats      ]     E: <total>                      950 us
[21.097s][info][gc,stats      ]     E: Thread Roots                 191 us, workers (us): 191, 
[21.097s][info][gc,stats      ]     E: Code Cache Roots             128 us, workers (us): 128, 
[21.097s][info][gc,stats      ]     E: Universe Roots                 1 us, workers (us):   1, 
[21.097s][info][gc,stats      ]     E: JNI Handles Roots              2 us, workers (us):   2, 
[21.097s][info][gc,stats      ]     E: Synchronizer Roots             0 us, workers (us):   0, 
[21.097s][info][gc,stats      ]     E: Management Roots               1 us, workers (us):   1, 
[21.097s][info][gc,stats      ]     E: System Dict Roots             53 us, workers (us):  53, 
[21.097s][info][gc,stats      ]     E: CLDG Roots                   573 us, workers (us): 573, 
[21.097s][info][gc,stats      ]     E: JVMTI Roots                    1 us, workers (us):   1, 
[21.097s][info][gc,stats      ] Concurrent Cleanup                   71 us
[21.097s][info][gc,stats      ] Concurrent Evacuation            165409 us
[21.097s][info][gc,stats      ] Pause Init  Update Refs (G)        1359 us
[21.097s][info][gc,stats      ] Pause Init  Update Refs (N)          15 us
[21.097s][info][gc,stats      ]   Retire GCLABs                       4 us
[21.097s][info][gc,stats      ] Concurrent Update Refs            48085 us
[21.097s][info][gc,stats      ] Pause Final Update Refs (G)        2151 us
[21.097s][info][gc,stats      ] Pause Final Update Refs (N)         552 us
[21.097s][info][gc,stats      ]   Update Roots                      489 us, parallelism: 0.98x
[21.097s][info][gc,stats      ]     UR: <total>                     478 us
[21.097s][info][gc,stats      ]     UR: Thread Roots                478 us, workers (us): 478, 
[21.097s][info][gc,stats      ]   Update Region States               40 us
[21.097s][info][gc,stats      ]   Trash Collection Set                2 us
[21.097s][info][gc,stats      ]   Rebuild Free Set                   14 us
[21.097s][info][gc,stats      ] Concurrent Cleanup                   71 us
[21.097s][info][gc,stats      ] 
[21.097s][info][gc,stats      ] Allocation pacing accrued:
[21.097s][info][gc,stats      ]       0 of  3191 ms (  0.0%): <total>
[21.097s][info][gc,stats      ]       0 of  3191 ms (  0.0%): <average total>
[21.097s][info][gc,stats      ] 
[21.097s][info][gc,metaspace  ] Metaspace: 34344K->35373K(1081344K)
[21.097s][info][gc,ergo       ] Pacer for Idle. Initial: 40724K, Alloc Tax Rate: 1.0x
[31.219s][info][gc            ] Trigger: Learning 3 of 5. Free (1391M) is below initial threshold (1391M)
[31.219s][info][gc,ergo       ] Free: 1392M, Max: 512K regular, 1392M humongous, Frag: 0% external, 0% internal; Reserve: 101888K, Max: 512K
[31.219s][info][gc,start      ] GC(2) Concurrent reset
[31.219s][info][gc,task       ] GC(2) Using 1 of 1 workers for concurrent reset
[31.219s][info][gc,ergo       ] GC(2) Pacer for Reset. Non-Taxable: 1988M
[31.219s][info][gc            ] GC(2) Concurrent reset 0.429ms
[31.220s][info][gc,start      ] GC(2) Pause Init Mark
[31.220s][info][gc,task       ] GC(2) Using 1 of 1 workers for init marking
[31.221s][info][gc,ergo       ] GC(2) Pacer for Mark. Expected Live: 19383K, Free: 1392M, Non-Taxable: 139M, Alloc Tax Rate: 0.0x
[31.221s][info][gc            ] GC(2) Pause Init Mark 1.799ms
[31.221s][info][gc,start      ] GC(2) Concurrent marking
[31.221s][info][gc,task       ] GC(2) Using 1 of 1 workers for concurrent marking
[32.689s][info][gc            ] GC(2) Concurrent marking 1467.304ms
[32.689s][info][gc,start      ] GC(2) Pause Final Mark
[32.689s][info][gc,task       ] GC(2) Using 1 of 1 workers for final marking
[32.689s][info][gc,ergo       ] GC(2) Adaptive CSet Selection. Target Free: 281M, Actual Free: 1398M, Max CSet: 84823K, Min Garbage: 0B
[32.689s][info][gc,ergo       ] GC(2) Collectable Garbage: 40267K (81%), Immediate: 0B (0%), CSet: 40267K (81%)
[32.691s][info][gc,ergo       ] GC(2) Pacer for Evacuation. Used CSet: 42953K, Free: 1298M, Non-Taxable: 129M, Alloc Tax Rate: 1.1x
[32.691s][info][gc            ] GC(2) Pause Final Mark 1.849ms
[32.691s][info][gc,start      ] GC(2) Concurrent cleanup
[32.691s][info][gc            ] GC(2) Concurrent cleanup 589M->589M(592M) 0.072ms
[32.691s][info][gc,ergo       ] GC(2) Free: 1298M, Max: 512K regular, 1298M humongous, Frag: 0% external, 0% internal; Reserve: 101376K, Max: 512K
[32.691s][info][gc,start      ] GC(2) Concurrent evacuation
[32.691s][info][gc,task       ] GC(2) Using 1 of 1 workers for concurrent evacuation
[32.740s][info][gc            ] GC(2) Concurrent evacuation 48.827ms
[32.740s][info][gc,start      ] GC(2) Pause Init Update Refs
[32.740s][info][gc,ergo       ] GC(2) Pacer for Update Refs. Used: 592M, Free: 1298M, Non-Taxable: 129M, Alloc Tax Rate: 1.1x
[32.740s][info][gc            ] GC(2) Pause Init Update Refs 0.016ms
[32.740s][info][gc,start      ] GC(2) Concurrent update references
[32.740s][info][gc,task       ] GC(2) Using 1 of 1 workers for concurrent reference update
[33.665s][info][gc            ] GC(2) Concurrent update references 925.709ms
[33.666s][info][gc,start      ] GC(2) Pause Final Update Refs
[33.666s][info][gc,task       ] GC(2) Using 1 of 1 workers for final reference update
[33.666s][info][gc            ] GC(2) Pause Final Update Refs 0.256ms
[33.666s][info][gc,start      ] GC(2) Concurrent cleanup
[33.666s][info][gc            ] GC(2) Concurrent cleanup 608M->566M(609M) 0.073ms
[33.666s][info][gc,ergo       ] Free: 1321M, Max: 512K regular, 1280M humongous, Frag: 4% external, 0% internal; Reserve: 101888K, Max: 512K
[33.666s][info][gc,stats      ] 
[33.666s][info][gc,stats      ] All times are wall-clock times, except per-root-class counters, that are sum over
[33.666s][info][gc,stats      ] all workers. Dividing the <total> over the root stage time estimates parallelism.
[33.666s][info][gc,stats      ] 
[33.666s][info][gc,stats      ] Concurrent Reset                    384 us
[33.666s][info][gc,stats      ] Pause Init Mark (G)                2095 us
[33.666s][info][gc,stats      ] Pause Init Mark (N)                1772 us
[33.666s][info][gc,stats      ]   Accumulate Stats                   12 us
[33.666s][info][gc,stats      ]   Make Parsable                      12 us
[33.666s][info][gc,stats      ]   Update Region States              106 us
[33.666s][info][gc,stats      ]   Scan Roots                       1599 us, parallelism: 0.89x
[33.666s][info][gc,stats      ]     S: <total>                     1429 us
[33.666s][info][gc,stats      ]     S: Thread Roots                 630 us, workers (us): 630, 
[33.666s][info][gc,stats      ]     S: Universe Roots                 3 us, workers (us):   3, 
[33.666s][info][gc,stats      ]     S: JNI Handles Roots              2 us, workers (us):   2, 
[33.666s][info][gc,stats      ]     S: Synchronizer Roots             0 us, workers (us):   0, 
[33.666s][info][gc,stats      ]     S: Management Roots               1 us, workers (us):   1, 
[33.666s][info][gc,stats      ]     S: System Dict Roots             32 us, workers (us):  32, 
[33.666s][info][gc,stats      ]     S: CLDG Roots                   760 us, workers (us): 760, 
[33.666s][info][gc,stats      ]     S: JVMTI Roots                    1 us, workers (us):   1, 
[33.666s][info][gc,stats      ]   Resize TLABs                        5 us
[33.666s][info][gc,stats      ] Concurrent Marking              1467291 us
[33.666s][info][gc,stats      ] Pause Final Mark (G)               1914 us
[33.666s][info][gc,stats      ] Pause Final Mark (N)               1832 us
[33.666s][info][gc,stats      ]   Finish Queues                      10 us
[33.666s][info][gc,stats      ]   System Purge                      186 us
[33.666s][info][gc,stats      ]     Weak Roots                      185 us
[33.666s][info][gc,stats      ]   Update Region States               42 us
[33.666s][info][gc,stats      ]   Retire TLABs                        7 us
[33.666s][info][gc,stats      ]   Choose Collection Set             123 us
[33.666s][info][gc,stats      ]   Rebuild Free Set                   13 us
[33.666s][info][gc,stats      ]   Initial Evacuation               1442 us, parallelism: 0.52x
[33.666s][info][gc,stats      ]     E: <total>                      749 us
[33.666s][info][gc,stats      ]     E: Thread Roots                 199 us, workers (us): 199, 
[33.666s][info][gc,stats      ]     E: Code Cache Roots             120 us, workers (us): 120, 
[33.666s][info][gc,stats      ]     E: Universe Roots                 1 us, workers (us):   1, 
[33.666s][info][gc,stats      ]     E: JNI Handles Roots              0 us, workers (us):   0, 
[33.666s][info][gc,stats      ]     E: Synchronizer Roots             0 us, workers (us):   0, 
[33.666s][info][gc,stats      ]     E: Management Roots               4 us, workers (us):   4, 
[33.666s][info][gc,stats      ]     E: System Dict Roots              7 us, workers (us):   7, 
[33.666s][info][gc,stats      ]     E: CLDG Roots                   417 us, workers (us): 417, 
[33.666s][info][gc,stats      ]     E: JVMTI Roots                    0 us, workers (us):   0, 
[33.666s][info][gc,stats      ] Concurrent Cleanup                   65 us
[33.666s][info][gc,stats      ] Concurrent Evacuation             48818 us
[33.666s][info][gc,stats      ] Pause Init  Update Refs (G)         131 us
[33.666s][info][gc,stats      ] Pause Init  Update Refs (N)           9 us
[33.666s][info][gc,stats      ]   Retire GCLABs                       3 us
[33.666s][info][gc,stats      ] Concurrent Update Refs           925699 us
[33.666s][info][gc,stats      ] Pause Final Update Refs (G)         382 us
[33.666s][info][gc,stats      ] Pause Final Update Refs (N)         229 us
[33.666s][info][gc,stats      ]   Update Roots                      159 us, parallelism: 0.97x
[33.666s][info][gc,stats      ]     UR: <total>                     154 us
[33.666s][info][gc,stats      ]     UR: Thread Roots                154 us, workers (us): 154, 
[33.666s][info][gc,stats      ]   Update Region States               42 us
[33.666s][info][gc,stats      ]   Trash Collection Set                2 us
[33.666s][info][gc,stats      ]   Rebuild Free Set                   12 us
[33.666s][info][gc,stats      ] Concurrent Cleanup                   68 us
[33.666s][info][gc,stats      ] 
[33.666s][info][gc,stats      ] Allocation pacing accrued:
[33.666s][info][gc,stats      ]       0 of 12569 ms (  0.0%): <total>
[33.666s][info][gc,stats      ]       0 of 12569 ms (  0.0%): <average total>
[33.666s][info][gc,stats      ] 
[33.666s][info][gc,metaspace  ] Metaspace: 43054K->43301K(1087488K)
[33.666s][info][gc,ergo       ] Pacer for Idle. Initial: 40724K, Alloc Tax Rate: 1.0x
[33.669s][info][gc            ] Trigger: Learning 4 of 5. Free (1319M) is below initial threshold (1391M)
[33.669s][info][gc,ergo       ] Free: 1320M, Max: 512K regular, 1280M humongous, Frag: 3% external, 0% internal; Reserve: 101888K, Max: 512K
[33.669s][info][gc,start      ] GC(3) Concurrent reset
[33.669s][info][gc,task       ] GC(3) Using 1 of 1 workers for concurrent reset
[33.669s][info][gc,ergo       ] GC(3) Pacer for Reset. Non-Taxable: 1988M
[33.669s][info][gc            ] GC(3) Concurrent reset 0.786ms
[33.670s][info][gc,start      ] GC(3) Pause Init Mark
[33.670s][info][gc,task       ] GC(3) Using 1 of 1 workers for init marking
[33.671s][info][gc,ergo       ] GC(3) Pacer for Mark. Expected Live: 161M, Free: 1320M, Non-Taxable: 132M, Alloc Tax Rate: 0.1x
[33.671s][info][gc            ] GC(3) Pause Init Mark 0.755ms
[33.671s][info][gc,start      ] GC(3) Concurrent marking
[33.671s][info][gc,task       ] GC(3) Using 1 of 1 workers for concurrent marking
[35.453s][info][gc            ] GC(3) Concurrent marking 1782.395ms
[35.453s][info][gc,start      ] GC(3) Pause Final Mark
[35.453s][info][gc,task       ] GC(3) Using 1 of 1 workers for final marking
[35.454s][info][gc,ergo       ] GC(3) Adaptive CSet Selection. Target Free: 281M, Actual Free: 1370M, Max CSet: 84823K, Min Garbage: 0B
[35.454s][info][gc,ergo       ] GC(3) Collectable Garbage: 4513K (30%), Immediate: 512K (3%), CSet: 4001K (26%)
[35.455s][info][gc,ergo       ] GC(3) Pacer for Evacuation. Used CSet: 4608K, Free: 1270M, Non-Taxable: 127M, Alloc Tax Rate: 1.1x
[35.455s][info][gc            ] GC(3) Pause Final Mark 1.446ms
[35.455s][info][gc,start      ] GC(3) Concurrent cleanup
[35.455s][info][gc            ] GC(3) Concurrent cleanup 617M->617M(620M) 0.098ms
[35.455s][info][gc,ergo       ] GC(3) Free: 1270M, Max: 512K regular, 1270M humongous, Frag: 1% external, 0% internal; Reserve: 101857K, Max: 512K
[35.455s][info][gc,start      ] GC(3) Concurrent evacuation
[35.455s][info][gc,task       ] GC(3) Using 1 of 1 workers for concurrent evacuation
[35.456s][info][gc            ] GC(3) Concurrent evacuation 0.599ms
[35.456s][info][gc,start      ] GC(3) Pause Init Update Refs
[35.456s][info][gc,ergo       ] GC(3) Pacer for Update Refs. Used: 618M, Free: 1270M, Non-Taxable: 127M, Alloc Tax Rate: 1.1x
[35.456s][info][gc            ] GC(3) Pause Init Update Refs 0.012ms
[35.456s][info][gc,start      ] GC(3) Concurrent update references
[35.456s][info][gc,task       ] GC(3) Using 1 of 1 workers for concurrent reference update
[36.569s][info][gc            ] GC(3) Concurrent update references 1113.521ms
[36.571s][info][gc,start      ] GC(3) Pause Final Update Refs
[36.571s][info][gc,task       ] GC(3) Using 1 of 1 workers for final reference update
[36.571s][info][gc            ] GC(3) Pause Final Update Refs 0.246ms
[36.571s][info][gc,start      ] GC(3) Concurrent cleanup
[36.572s][info][gc            ] GC(3) Concurrent cleanup 619M->614M(620M) 0.070ms
[36.572s][info][gc,ergo       ] Free: 1273M, Max: 512K regular, 1269M humongous, Frag: 1% external, 0% internal; Reserve: 101888K, Max: 512K
[36.572s][info][gc,stats      ] 
[36.572s][info][gc,stats      ] All times are wall-clock times, except per-root-class counters, that are sum over
[36.572s][info][gc,stats      ] all workers. Dividing the <total> over the root stage time estimates parallelism.
[36.572s][info][gc,stats      ] 
[36.572s][info][gc,stats      ] Concurrent Reset                    771 us
[36.572s][info][gc,stats      ] Pause Init Mark (G)                1283 us
[36.572s][info][gc,stats      ] Pause Init Mark (N)                 741 us
[36.572s][info][gc,stats      ]   Accumulate Stats                    7 us
[36.572s][info][gc,stats      ]   Make Parsable                       6 us
[36.572s][info][gc,stats      ]   Update Region States               35 us
[36.572s][info][gc,stats      ]   Scan Roots                        675 us, parallelism: 0.83x
[36.572s][info][gc,stats      ]     S: <total>                      559 us
[36.572s][info][gc,stats      ]     S: Thread Roots                 204 us, workers (us): 204, 
[36.572s][info][gc,stats      ]     S: Universe Roots                 2 us, workers (us):   2, 
[36.572s][info][gc,stats      ]     S: JNI Handles Roots              1 us, workers (us):   1, 
[36.572s][info][gc,stats      ]     S: Synchronizer Roots             0 us, workers (us):   0, 
[36.572s][info][gc,stats      ]     S: Management Roots               1 us, workers (us):   1, 
[36.572s][info][gc,stats      ]     S: System Dict Roots              7 us, workers (us):   7, 
[36.572s][info][gc,stats      ]     S: CLDG Roots                   343 us, workers (us): 343, 
[36.572s][info][gc,stats      ]     S: JVMTI Roots                    0 us, workers (us):   0, 
[36.572s][info][gc,stats      ]   Resize TLABs                        2 us
[36.572s][info][gc,stats      ] Concurrent Marking              1782388 us
[36.572s][info][gc,stats      ] Pause Final Mark (G)               1513 us
[36.572s][info][gc,stats      ] Pause Final Mark (N)               1420 us
[36.572s][info][gc,stats      ]   Finish Queues                      12 us
[36.572s][info][gc,stats      ]   System Purge                      165 us
[36.572s][info][gc,stats      ]     Weak Roots                      164 us
[36.572s][info][gc,stats      ]   Update Region States               45 us
[36.572s][info][gc,stats      ]   Retire TLABs                        5 us
[36.572s][info][gc,stats      ]   Choose Collection Set             161 us
[36.572s][info][gc,stats      ]   Rebuild Free Set                   14 us
[36.572s][info][gc,stats      ]   Initial Evacuation               1002 us, parallelism: 0.55x
[36.572s][info][gc,stats      ]     E: <total>                      556 us
[36.572s][info][gc,stats      ]     E: Thread Roots                 194 us, workers (us): 194, 
[36.572s][info][gc,stats      ]     E: Code Cache Roots              65 us, workers (us):  65, 
[36.572s][info][gc,stats      ]     E: Universe Roots                 1 us, workers (us):   1, 
[36.572s][info][gc,stats      ]     E: JNI Handles Roots              1 us, workers (us):   1, 
[36.572s][info][gc,stats      ]     E: Synchronizer Roots             0 us, workers (us):   0, 
[36.572s][info][gc,stats      ]     E: Management Roots               1 us, workers (us):   1, 
[36.572s][info][gc,stats      ]     E: System Dict Roots              6 us, workers (us):   6, 
[36.572s][info][gc,stats      ]     E: CLDG Roots                   287 us, workers (us): 287, 
[36.572s][info][gc,stats      ]     E: JVMTI Roots                    0 us, workers (us):   0, 
[36.572s][info][gc,stats      ] Concurrent Cleanup                   91 us
[36.572s][info][gc,stats      ] Concurrent Evacuation               594 us
[36.572s][info][gc,stats      ] Pause Init  Update Refs (G)          82 us
[36.572s][info][gc,stats      ] Pause Init  Update Refs (N)           6 us
[36.572s][info][gc,stats      ]   Retire GCLABs                       1 us
[36.572s][info][gc,stats      ] Concurrent Update Refs          1113510 us
[36.572s][info][gc,stats      ] Pause Final Update Refs (G)        2242 us
[36.572s][info][gc,stats      ] Pause Final Update Refs (N)         218 us
[36.572s][info][gc,stats      ]   Update Roots                      153 us, parallelism: 0.96x
[36.572s][info][gc,stats      ]     UR: <total>                     148 us
[36.572s][info][gc,stats      ]     UR: Thread Roots                148 us, workers (us): 148, 
[36.572s][info][gc,stats      ]   Update Region States               41 us
[36.572s][info][gc,stats      ]   Trash Collection Set                2 us
[36.572s][info][gc,stats      ]   Rebuild Free Set                   12 us
[36.572s][info][gc,stats      ] Concurrent Cleanup                   64 us
[36.572s][info][gc,stats      ] 
[36.572s][info][gc,stats      ] Allocation pacing accrued:
[36.572s][info][gc,stats      ]       0 of  2906 ms (  0.0%): <total>
[36.572s][info][gc,stats      ]       0 of  2906 ms (  0.0%): <average total>
[36.572s][info][gc,stats      ] 
[36.572s][info][gc,metaspace  ] Metaspace: 43301K->43324K(1087488K)
[36.572s][info][gc,ergo       ] Pacer for Idle. Initial: 40724K, Alloc Tax Rate: 1.0x
[36.574s][info][gc            ] Trigger: Learning 5 of 5. Free (1272M) is below initial threshold (1391M)
[36.574s][info][gc,ergo       ] Free: 1273M, Max: 512K regular, 1269M humongous, Frag: 1% external, 0% internal; Reserve: 101888K, Max: 512K
[36.574s][info][gc,start      ] GC(4) Concurrent reset
[36.574s][info][gc,task       ] GC(4) Using 1 of 1 workers for concurrent reset
[36.574s][info][gc,ergo       ] GC(4) Pacer for Reset. Non-Taxable: 1988M
[36.575s][info][gc            ] GC(4) Concurrent reset 0.915ms
[36.577s][info][gc,start      ] GC(4) Pause Init Mark
[36.577s][info][gc,task       ] GC(4) Using 1 of 1 workers for init marking
[36.577s][info][gc,ergo       ] GC(4) Pacer for Mark. Expected Live: 259M, Free: 1273M, Non-Taxable: 127M, Alloc Tax Rate: 0.2x
[36.577s][info][gc            ] GC(4) Pause Init Mark 0.670ms
[36.577s][info][gc,start      ] GC(4) Concurrent marking
[36.577s][info][gc,task       ] GC(4) Using 1 of 1 workers for concurrent marking
[37.899s][info][gc            ] GC(4) Concurrent marking 1321.895ms
[37.899s][info][gc,start      ] GC(4) Pause Final Mark
[37.900s][info][gc,task       ] GC(4) Using 1 of 1 workers for final marking
[37.900s][info][gc,ergo       ] GC(4) Adaptive CSet Selection. Target Free: 281M, Actual Free: 1371M, Max CSet: 84823K, Min Garbage: 0B
[37.900s][info][gc,ergo       ] GC(4) Collectable Garbage: 2095K (15%), Immediate: 362K (2%), CSet: 1733K (13%)
[37.901s][info][gc,ergo       ] GC(4) Pacer for Evacuation. Used CSet: 2560K, Free: 1272M, Non-Taxable: 127M, Alloc Tax Rate: 1.1x
[37.901s][info][gc            ] GC(4) Pause Final Mark 1.291ms
[37.901s][info][gc,start      ] GC(4) Concurrent cleanup
[37.901s][info][gc            ] GC(4) Concurrent cleanup 615M->615M(620M) 0.070ms
[37.901s][info][gc,ergo       ] GC(4) Free: 1272M, Max: 512K regular, 1269M humongous, Frag: 1% external, 0% internal; Reserve: 101885K, Max: 512K
[37.901s][info][gc,start      ] GC(4) Concurrent evacuation
[37.901s][info][gc,task       ] GC(4) Using 1 of 1 workers for concurrent evacuation
[37.902s][info][gc            ] GC(4) Concurrent evacuation 0.859ms
[37.902s][info][gc,start      ] GC(4) Pause Init Update Refs
[37.902s][info][gc,ergo       ] GC(4) Pacer for Update Refs. Used: 616M, Free: 1272M, Non-Taxable: 127M, Alloc Tax Rate: 1.1x
[37.902s][info][gc            ] GC(4) Pause Init Update Refs 0.013ms
[37.902s][info][gc,start      ] GC(4) Concurrent update references
[37.902s][info][gc,task       ] GC(4) Using 1 of 1 workers for concurrent reference update
[38.861s][info][gc            ] GC(4) Concurrent update references 959.428ms
[38.862s][info][gc,start      ] GC(4) Pause Final Update Refs
[38.862s][info][gc,task       ] GC(4) Using 1 of 1 workers for final reference update
[38.862s][info][gc            ] GC(4) Pause Final Update Refs 0.256ms
[38.862s][info][gc,start      ] GC(4) Concurrent cleanup
[38.862s][info][gc            ] GC(4) Concurrent cleanup 619M->616M(621M) 0.072ms
[38.862s][info][gc,ergo       ] Free: 1271M, Max: 512K regular, 1269M humongous, Frag: 1% external, 0% internal; Reserve: 101888K, Max: 512K
[38.862s][info][gc,stats      ] 
[38.862s][info][gc,stats      ] All times are wall-clock times, except per-root-class counters, that are sum over
[38.862s][info][gc,stats      ] all workers. Dividing the <total> over the root stage time estimates parallelism.
[38.862s][info][gc,stats      ] 
[38.862s][info][gc,stats      ] Concurrent Reset                    904 us
[38.862s][info][gc,stats      ] Pause Init Mark (G)                2732 us
[38.862s][info][gc,stats      ] Pause Init Mark (N)                 656 us
[38.862s][info][gc,stats      ]   Accumulate Stats                    6 us
[38.862s][info][gc,stats      ]   Make Parsable                       5 us
[38.862s][info][gc,stats      ]   Update Region States               38 us
[38.862s][info][gc,stats      ]   Scan Roots                        590 us, parallelism: 0.80x
[38.862s][info][gc,stats      ]     S: <total>                      473 us
[38.862s][info][gc,stats      ]     S: Thread Roots                 156 us, workers (us): 156, 
[38.862s][info][gc,stats      ]     S: Universe Roots                 2 us, workers (us):   2, 
[38.862s][info][gc,stats      ]     S: JNI Handles Roots              1 us, workers (us):   1, 
[38.862s][info][gc,stats      ]     S: Synchronizer Roots             0 us, workers (us):   0, 
[38.862s][info][gc,stats      ]     S: Management Roots               1 us, workers (us):   1, 
[38.862s][info][gc,stats      ]     S: System Dict Roots              7 us, workers (us):   7, 
[38.862s][info][gc,stats      ]     S: CLDG Roots                   306 us, workers (us): 306, 
[38.862s][info][gc,stats      ]     S: JVMTI Roots                    0 us, workers (us):   0, 
[38.862s][info][gc,stats      ]   Resize TLABs                        2 us
[38.862s][info][gc,stats      ] Concurrent Marking              1321890 us
[38.862s][info][gc,stats      ] Pause Final Mark (G)               1350 us
[38.862s][info][gc,stats      ] Pause Final Mark (N)               1267 us
[38.862s][info][gc,stats      ]   Finish Queues                      10 us
[38.862s][info][gc,stats      ]   System Purge                      209 us
[38.862s][info][gc,stats      ]     Weak Roots                      208 us
[38.862s][info][gc,stats      ]   Update Region States               42 us
[38.862s][info][gc,stats      ]   Retire TLABs                        6 us
[38.862s][info][gc,stats      ]   Choose Collection Set             139 us
[38.862s][info][gc,stats      ]   Rebuild Free Set                   12 us
[38.862s][info][gc,stats      ]   Initial Evacuation                834 us, parallelism: 0.61x
[38.862s][info][gc,stats      ]     E: <total>                      509 us
[38.862s][info][gc,stats      ]     E: Thread Roots                 180 us, workers (us): 180, 
[38.862s][info][gc,stats      ]     E: Code Cache Roots              68 us, workers (us):  68, 
[38.862s][info][gc,stats      ]     E: Universe Roots                 1 us, workers (us):   1, 
[38.862s][info][gc,stats      ]     E: JNI Handles Roots              1 us, workers (us):   1, 
[38.862s][info][gc,stats      ]     E: Synchronizer Roots             0 us, workers (us):   0, 
[38.862s][info][gc,stats      ]     E: Management Roots               1 us, workers (us):   1, 
[38.862s][info][gc,stats      ]     E: System Dict Roots              5 us, workers (us):   5, 
[38.862s][info][gc,stats      ]     E: CLDG Roots                   253 us, workers (us): 253, 
[38.862s][info][gc,stats      ]     E: JVMTI Roots                    0 us, workers (us):   0, 
[38.862s][info][gc,stats      ] Concurrent Cleanup                   64 us
[38.862s][info][gc,stats      ] Concurrent Evacuation               854 us
[38.862s][info][gc,stats      ] Pause Init  Update Refs (G)         182 us
[38.862s][info][gc,stats      ] Pause Init  Update Refs (N)           7 us
[38.862s][info][gc,stats      ]   Retire GCLABs                       3 us
[38.862s][info][gc,stats      ] Concurrent Update Refs           959414 us
[38.862s][info][gc,stats      ] Pause Final Update Refs (G)         365 us
[38.862s][info][gc,stats      ] Pause Final Update Refs (N)         235 us
[38.862s][info][gc,stats      ]   Update Roots                      165 us, parallelism: 0.96x
[38.862s][info][gc,stats      ]     UR: <total>                     159 us
[38.862s][info][gc,stats      ]     UR: Thread Roots                159 us, workers (us): 159, 
[38.862s][info][gc,stats      ]   Update Region States               46 us
[38.862s][info][gc,stats      ]   Trash Collection Set                2 us
[38.862s][info][gc,stats      ]   Rebuild Free Set                   12 us
[38.862s][info][gc,stats      ] Concurrent Cleanup                   67 us
[38.862s][info][gc,stats      ] 
[38.862s][info][gc,stats      ] Allocation pacing accrued:
[38.862s][info][gc,stats      ]       0 of  2290 ms (  0.0%): <total>
[38.862s][info][gc,stats      ]       0 of  2290 ms (  0.0%): <average total>
[38.862s][info][gc,stats      ] 
[38.862s][info][gc,metaspace  ] Metaspace: 43324K->43455K(1087488K)
[38.862s][info][gc,ergo       ] Pacer for Idle. Initial: 40724K, Alloc Tax Rate: 1.0x
[43.883s][info][gc            ] Trigger: Explicit GC request (System.gc())
[43.884s][info][gc,ergo       ] Free: 1220M, Max: 512K regular, 1220M humongous, Frag: 0% external, 0% internal; Reserve: 101888K, Max: 512K
[43.884s][info][gc,start      ] GC(5) Concurrent reset
[43.884s][info][gc,task       ] GC(5) Using 1 of 1 workers for concurrent reset
[43.884s][info][gc,ergo       ] GC(5) Pacer for Reset. Non-Taxable: 1988M
[43.889s][info][gc            ] GC(5) Concurrent reset 5.370ms
[43.889s][info][gc,start      ] GC(5) Pause Init Mark (process weakrefs) (unload classes)
[43.889s][info][gc,task       ] GC(5) Using 1 of 1 workers for init marking
[43.890s][info][gc,ergo       ] GC(5) Pacer for Mark. Expected Live: 328M, Free: 1220M, Non-Taxable: 122M, Alloc Tax Rate: 0.3x
[43.890s][info][gc            ] GC(5) Pause Init Mark (process weakrefs) (unload classes) 0.635ms
[43.890s][info][gc,start      ] GC(5) Concurrent marking (process weakrefs) (unload classes)
[43.890s][info][gc,task       ] GC(5) Using 1 of 1 workers for concurrent marking
[43.968s][info][gc            ] GC(5) Concurrent marking (process weakrefs) (unload classes) 77.727ms
[43.968s][info][gc,start      ] GC(5) Concurrent precleaning
[43.968s][info][gc,task       ] GC(5) Using 1 of 1 workers for concurrent preclean
[43.968s][info][gc,ergo       ] GC(5) Pacer for Precleaning. Non-Taxable: 1988M
[43.972s][info][gc            ] GC(5) Concurrent precleaning 3.882ms
[43.972s][info][gc,start      ] GC(5) Pause Final Mark (process weakrefs) (unload classes)
[43.972s][info][gc,task       ] GC(5) Using 1 of 1 workers for final marking
[44.017s][info][gc,stringtable] GC(5) Cleaned string and symbol table, strings: 17212 processed, 0 removed, symbols: 118940 processed, 33 removed
[44.020s][info][gc,ergo       ] GC(5) Collectable Garbage: 589M (91%), Immediate: 589M (91%), CSet: 0B (0%)
[44.020s][info][gc            ] GC(5) Pause Final Mark (process weakrefs) (unload classes) 47.877ms
[44.020s][info][gc,start      ] GC(5) Concurrent cleanup
[44.020s][info][gc            ] GC(5) Concurrent cleanup 666M->77M(669M) 0.117ms
[44.020s][info][gc,ergo       ] GC(5) Free: 1810M, Max: 512K regular, 1220M humongous, Frag: 33% external, 0% internal; Reserve: 101888K, Max: 512K
[44.020s][info][gc,ergo       ] Free: 1810M, Max: 512K regular, 1220M humongous, Frag: 33% external, 0% internal; Reserve: 101888K, Max: 512K
[44.020s][info][gc,stats      ] 
[44.020s][info][gc,stats      ] All times are wall-clock times, except per-root-class counters, that are sum over
[44.020s][info][gc,stats      ] all workers. Dividing the <total> over the root stage time estimates parallelism.
[44.020s][info][gc,stats      ] 
[44.020s][info][gc,stats      ] Concurrent Reset                   5315 us
[44.020s][info][gc,stats      ] Pause Init Mark (G)                 757 us
[44.020s][info][gc,stats      ] Pause Init Mark (N)                 627 us
[44.020s][info][gc,stats      ]   Accumulate Stats                    6 us
[44.020s][info][gc,stats      ]   Make Parsable                       7 us
[44.020s][info][gc,stats      ]   Update Region States               55 us
[44.020s][info][gc,stats      ]   Scan Roots                        535 us, parallelism: 0.70x
[44.020s][info][gc,stats      ]     S: <total>                      376 us
[44.020s][info][gc,stats      ]     S: Thread Roots                 232 us, workers (us): 232, 
[44.020s][info][gc,stats      ]     S: Universe Roots                 2 us, workers (us):   2, 
[44.020s][info][gc,stats      ]     S: JNI Handles Roots              3 us, workers (us):   3, 
[44.020s][info][gc,stats      ]     S: Synchronizer Roots             0 us, workers (us):   0, 
[44.020s][info][gc,stats      ]     S: Management Roots               1 us, workers (us):   1, 
[44.020s][info][gc,stats      ]     S: System Dict Roots             28 us, workers (us):  28, 
[44.020s][info][gc,stats      ]     S: CLDG Roots                   108 us, workers (us): 108, 
[44.020s][info][gc,stats      ]     S: JVMTI Roots                    0 us, workers (us):   0, 
[44.020s][info][gc,stats      ]   Resize TLABs                        3 us
[44.020s][info][gc,stats      ] Concurrent Marking                77719 us
[44.020s][info][gc,stats      ] Concurrent Precleaning             3868 us
[44.021s][info][gc,stats      ] Pause Final Mark (G)              48672 us
[44.021s][info][gc,stats      ] Pause Final Mark (N)              47816 us
[44.021s][info][gc,stats      ]   Finish Queues                      67 us
[44.021s][info][gc,stats      ]   Weak References                   719 us
[44.021s][info][gc,stats      ]     Process                         717 us
[44.021s][info][gc,stats      ]   System Purge                      244 us
[44.021s][info][gc,stats      ]     Unload Classes                  930 us
[44.021s][info][gc,stats      ]     Cleanup                       42656 us, parallelism: 1.00x
[44.021s][info][gc,stats      ]       CU: <total>                 42597 us
[44.021s][info][gc,stats      ]       CU: Code Cache Roots         4228 us, workers (us): 4228, 
[44.021s][info][gc,stats      ]       CU: Code Cache Cleaning      1087 us, workers (us): 1087, 
[44.021s][info][gc,stats      ]       CU: String Table Roots      16813 us, workers (us): 16813, 
[44.021s][info][gc,stats      ]       CU: Resolved Table Roots      477 us, workers (us): 477, 
[44.021s][info][gc,stats      ]       CU: CLDG Roots              19992 us, workers (us): 19992, 
[44.021s][info][gc,stats      ]     Weak Roots                      244 us
[44.021s][info][gc,stats      ]     CLDG                            221 us
[44.021s][info][gc,stats      ]   Update Region States             2891 us
[44.021s][info][gc,stats      ]   Retire TLABs                       13 us
[44.021s][info][gc,stats      ]   Choose Collection Set              50 us
[44.021s][info][gc,stats      ]   Rebuild Free Set                   13 us
[44.021s][info][gc,stats      ] Concurrent Cleanup                  109 us
[44.021s][info][gc,stats      ] 
[44.021s][info][gc,stats      ] Allocation pacing accrued:
[44.021s][info][gc,stats      ]       0 of  5158 ms (  0.0%): <total>
[44.021s][info][gc,stats      ]       0 of  5158 ms (  0.0%): <average total>
[44.021s][info][gc,stats      ] 
[44.021s][info][gc,metaspace  ] Metaspace: 51813K->51428K(1095680K)
[44.021s][info][gc,ergo       ] Pacer for Idle. Initial: 40724K, Alloc Tax Rate: 1.0x
[44.021s][info][gc,start      ] Concurrent uncommit
[44.059s][info][gc            ] Concurrent uncommit 77M->77M(78M) 37.999ms
[46.882s][info][gc            ] Trigger: Learning 2 of 5. Free (1391M) is below initial threshold (1391M)
[46.883s][info][gc,ergo       ] Free: 1391M, Max: 512K regular, 1220M humongous, Frag: 13% external, 0% internal; Reserve: 101888K, Max: 512K
[46.883s][info][gc,start      ] GC(6) Concurrent reset
[46.883s][info][gc,task       ] GC(6) Using 1 of 1 workers for concurrent reset
[46.883s][info][gc,ergo       ] GC(6) Pacer for Reset. Non-Taxable: 1988M
[46.883s][info][gc            ] GC(6) Concurrent reset 0.259ms
[46.886s][info][gc,start      ] GC(6) Pause Init Mark
[46.886s][info][gc,task       ] GC(6) Using 1 of 1 workers for init marking
[46.888s][info][gc,ergo       ] GC(6) Pacer for Mark. Expected Live: 329M, Free: 1391M, Non-Taxable: 139M, Alloc Tax Rate: 0.3x
[46.888s][info][gc            ] GC(6) Pause Init Mark 1.860ms
[46.888s][info][gc,start      ] GC(6) Concurrent marking
[46.888s][info][gc,task       ] GC(6) Using 1 of 1 workers for concurrent marking
[46.927s][info][gc            ] GC(6) Concurrent marking 39.666ms
[46.927s][info][gc,start      ] GC(6) Pause Final Mark
[46.927s][info][gc,task       ] GC(6) Using 1 of 1 workers for final marking
[46.928s][info][gc,ergo       ] GC(6) Adaptive CSet Selection. Target Free: 281M, Actual Free: 1834M, Max CSet: 84823K, Min Garbage: 0B
[46.928s][info][gc,ergo       ] GC(6) Collectable Garbage: 467M (99%), Immediate: 357M (76%), CSet: 110M (23%)
[46.931s][info][gc,ergo       ] GC(6) Pacer for Evacuation. Used CSet: 117M, Free: 1736M, Non-Taxable: 173M, Alloc Tax Rate: 1.1x
[46.931s][info][gc            ] GC(6) Pause Final Mark 3.450ms
[46.931s][info][gc,start      ] GC(6) Concurrent cleanup
[46.931s][info][gc            ] GC(6) Concurrent cleanup 509M->152M(512M) 0.116ms
[46.931s][info][gc,ergo       ] GC(6) Free: 1736M, Max: 512K regular, 1220M humongous, Frag: 30% external, 0% internal; Reserve: 100864K, Max: 512K
[46.931s][info][gc,start      ] GC(6) Concurrent evacuation
[46.931s][info][gc,task       ] GC(6) Using 1 of 1 workers for concurrent evacuation
[46.948s][info][gc            ] GC(6) Concurrent evacuation 16.750ms
[46.950s][info][gc,start      ] GC(6) Pause Init Update Refs
[46.950s][info][gc,ergo       ] GC(6) Pacer for Update Refs. Used: 168M, Free: 1726M, Non-Taxable: 172M, Alloc Tax Rate: 1.1x
[46.950s][info][gc            ] GC(6) Pause Init Update Refs 0.023ms
[46.950s][info][gc,start      ] GC(6) Concurrent update references
[46.950s][info][gc,task       ] GC(6) Using 1 of 1 workers for concurrent reference update
[46.986s][info][gc            ] GC(6) Concurrent update references 36.336ms
[46.988s][info][gc,start      ] GC(6) Pause Final Update Refs
[46.988s][info][gc,task       ] GC(6) Using 1 of 1 workers for final reference update
[46.988s][info][gc            ] GC(6) Pause Final Update Refs 0.244ms
[46.988s][info][gc,start      ] GC(6) Concurrent cleanup
[46.989s][info][gc            ] GC(6) Concurrent cleanup 183M->65M(519M) 0.079ms
[46.989s][info][gc,ergo       ] Free: 1822M, Max: 512K regular, 1423M humongous, Frag: 22% external, 0% internal; Reserve: 101888K, Max: 512K
[46.989s][info][gc,stats      ] 
[46.989s][info][gc,stats      ] All times are wall-clock times, except per-root-class counters, that are sum over
[46.989s][info][gc,stats      ] all workers. Dividing the <total> over the root stage time estimates parallelism.
[46.989s][info][gc,stats      ] 
[46.989s][info][gc,stats      ] Concurrent Reset                    231 us
[46.989s][info][gc,stats      ] Pause Init Mark (G)                4876 us
[46.989s][info][gc,stats      ] Pause Init Mark (N)                1817 us
[46.989s][info][gc,stats      ]   Accumulate Stats                    7 us
[46.989s][info][gc,stats      ]   Make Parsable                       8 us
[46.989s][info][gc,stats      ]   Update Region States               49 us
[46.989s][info][gc,stats      ]   Scan Roots                       1709 us, parallelism: 0.88x
[46.989s][info][gc,stats      ]     S: <total>                     1502 us
[46.989s][info][gc,stats      ]     S: Thread Roots                 760 us, workers (us): 760, 
[46.989s][info][gc,stats      ]     S: Universe Roots                 2 us, workers (us):   2, 
[46.989s][info][gc,stats      ]     S: JNI Handles Roots              1 us, workers (us):   1, 
[46.989s][info][gc,stats      ]     S: Synchronizer Roots             0 us, workers (us):   0, 
[46.989s][info][gc,stats      ]     S: Management Roots               2 us, workers (us):   2, 
[46.989s][info][gc,stats      ]     S: System Dict Roots             35 us, workers (us):  35, 
[46.989s][info][gc,stats      ]     S: CLDG Roots                   702 us, workers (us): 702, 
[46.989s][info][gc,stats      ]     S: JVMTI Roots                    1 us, workers (us):   1, 
[46.989s][info][gc,stats      ]   Resize TLABs                        5 us
[46.989s][info][gc,stats      ] Concurrent Marking                39658 us
[46.989s][info][gc,stats      ] Pause Final Mark (G)               3513 us
[46.989s][info][gc,stats      ] Pause Final Mark (N)               3443 us
[46.989s][info][gc,stats      ]   Finish Queues                       8 us
[46.989s][info][gc,stats      ]   System Purge                      303 us
[46.989s][info][gc,stats      ]     Weak Roots                      303 us
[46.989s][info][gc,stats      ]   Update Region States               41 us
[46.989s][info][gc,stats      ]   Retire TLABs                        5 us
[46.989s][info][gc,stats      ]   Choose Collection Set              50 us
[46.989s][info][gc,stats      ]   Rebuild Free Set                   13 us
[46.989s][info][gc,stats      ]   Initial Evacuation               3017 us, parallelism: 0.55x
[46.989s][info][gc,stats      ]     E: <total>                     1663 us
[46.989s][info][gc,stats      ]     E: Thread Roots                 221 us, workers (us): 221, 
[46.989s][info][gc,stats      ]     E: Code Cache Roots             433 us, workers (us): 433, 
[46.989s][info][gc,stats      ]     E: Universe Roots                 1 us, workers (us):   1, 
[46.989s][info][gc,stats      ]     E: JNI Handles Roots              2 us, workers (us):   2, 
[46.989s][info][gc,stats      ]     E: Synchronizer Roots             0 us, workers (us):   0, 
[46.989s][info][gc,stats      ]     E: Management Roots               1 us, workers (us):   1, 
[46.989s][info][gc,stats      ]     E: System Dict Roots             37 us, workers (us):  37, 
[46.989s][info][gc,stats      ]     E: CLDG Roots                   968 us, workers (us): 968, 
[46.989s][info][gc,stats      ]     E: JVMTI Roots                    1 us, workers (us):   1, 
[46.989s][info][gc,stats      ] Concurrent Cleanup                  108 us
[46.989s][info][gc,stats      ] Concurrent Evacuation             16737 us
[46.989s][info][gc,stats      ] Pause Init  Update Refs (G)        2010 us
[46.989s][info][gc,stats      ] Pause Init  Update Refs (N)           9 us
[46.989s][info][gc,stats      ]   Retire GCLABs                       3 us
[46.989s][info][gc,stats      ] Concurrent Update Refs            36326 us
[46.989s][info][gc,stats      ] Pause Final Update Refs (G)        2232 us
[46.989s][info][gc,stats      ] Pause Final Update Refs (N)         232 us
[46.989s][info][gc,stats      ]   Update Roots                      171 us, parallelism: 0.96x
[46.989s][info][gc,stats      ]     UR: <total>                     164 us
[46.989s][info][gc,stats      ]     UR: Thread Roots                164 us, workers (us): 164, 
[46.989s][info][gc,stats      ]   Update Region States               40 us
[46.989s][info][gc,stats      ]   Trash Collection Set                3 us
[46.989s][info][gc,stats      ]   Rebuild Free Set                   13 us
[46.989s][info][gc,stats      ] Concurrent Cleanup                   74 us
[46.989s][info][gc,stats      ] 
[46.989s][info][gc,stats      ] Allocation pacing accrued:
[46.989s][info][gc,stats      ]       0 of  2968 ms (  0.0%): <total>
[46.989s][info][gc,stats      ]       0 of  2968 ms (  0.0%): <average total>
[46.989s][info][gc,stats      ] 
[46.989s][info][gc,metaspace  ] Metaspace: 60020K->60020K(1103872K)
[46.989s][info][gc,ergo       ] Pacer for Idle. Initial: 40724K, Alloc Tax Rate: 1.0x
[47.299s][info][gc            ] Trigger: Average GC time (1576.19 ms) is above the time for allocation rate (884 MB/s) to deplete free headroom (1392M)
[47.299s][info][gc,ergo       ] Free headroom: 1491M (free) - 101788K (spike) - 0B (penalties) = 1392M
[47.300s][info][gc,ergo       ] Free: 1492M, Max: 512K regular, 1423M humongous, Frag: 5% external, 0% internal; Reserve: 101888K, Max: 512K
[47.300s][info][gc,start      ] GC(7) Concurrent reset
[47.300s][info][gc,task       ] GC(7) Using 1 of 1 workers for concurrent reset
[47.300s][info][gc,ergo       ] GC(7) Pacer for Reset. Non-Taxable: 1988M
[47.300s][info][gc            ] GC(7) Concurrent reset 0.255ms
[47.302s][info][gc,start      ] GC(7) Pause Init Mark
[47.302s][info][gc,task       ] GC(7) Using 1 of 1 workers for init marking
[47.303s][info][gc,ergo       ] GC(7) Pacer for Mark. Expected Live: 329M, Free: 1492M, Non-Taxable: 149M, Alloc Tax Rate: 0.3x
[47.303s][info][gc            ] GC(7) Pause Init Mark 0.967ms
[47.303s][info][gc,start      ] GC(7) Concurrent marking
[47.303s][info][gc,task       ] GC(7) Using 1 of 1 workers for concurrent marking
[47.338s][info][gc            ] GC(7) Concurrent marking 35.439ms
[47.338s][info][gc,start      ] GC(7) Pause Final Mark
[47.338s][info][gc,task       ] GC(7) Using 1 of 1 workers for final marking
[47.339s][info][gc,ergo       ] GC(7) Collectable Garbage: 367M (99%), Immediate: 367M (99%), CSet: 0B (0%)
[47.339s][info][gc            ] GC(7) Pause Final Mark 0.299ms
[47.339s][info][gc,start      ] GC(7) Concurrent cleanup
[47.339s][info][gc            ] GC(7) Concurrent cleanup 410M->43M(519M) 0.097ms
[47.339s][info][gc,ergo       ] GC(7) Free: 1844M, Max: 512K regular, 1491M humongous, Frag: 20% external, 0% internal; Reserve: 101888K, Max: 512K
[47.339s][info][gc,ergo       ] Free: 1844M, Max: 512K regular, 1491M humongous, Frag: 20% external, 0% internal; Reserve: 101888K, Max: 512K
[47.339s][info][gc,stats      ] 
[47.339s][info][gc,stats      ] All times are wall-clock times, except per-root-class counters, that are sum over
[47.339s][info][gc,stats      ] all workers. Dividing the <total> over the root stage time estimates parallelism.
[47.339s][info][gc,stats      ] 
[47.339s][info][gc,stats      ] Concurrent Reset                    248 us
[47.339s][info][gc,stats      ] Pause Init Mark (G)                2999 us
[47.339s][info][gc,stats      ] Pause Init Mark (N)                 951 us
[47.339s][info][gc,stats      ]   Accumulate Stats                    6 us
[47.339s][info][gc,stats      ]   Make Parsable                       5 us
[47.339s][info][gc,stats      ]   Update Region States               35 us
[47.339s][info][gc,stats      ]   Scan Roots                        885 us, parallelism: 0.78x
[47.339s][info][gc,stats      ]     S: <total>                      694 us
[47.339s][info][gc,stats      ]     S: Thread Roots                 187 us, workers (us): 187, 
[47.339s][info][gc,stats      ]     S: Universe Roots                 2 us, workers (us):   2, 
[47.339s][info][gc,stats      ]     S: JNI Handles Roots              1 us, workers (us):   1, 
[47.339s][info][gc,stats      ]     S: Synchronizer Roots             0 us, workers (us):   0, 
[47.339s][info][gc,stats      ]     S: Management Roots               1 us, workers (us):   1, 
[47.339s][info][gc,stats      ]     S: System Dict Roots             18 us, workers (us):  18, 
[47.339s][info][gc,stats      ]     S: CLDG Roots                   485 us, workers (us): 485, 
[47.339s][info][gc,stats      ]     S: JVMTI Roots                    0 us, workers (us):   0, 
[47.339s][info][gc,stats      ]   Resize TLABs                        3 us
[47.339s][info][gc,stats      ] Concurrent Marking                35433 us
[47.339s][info][gc,stats      ] Pause Final Mark (G)                344 us
[47.339s][info][gc,stats      ] Pause Final Mark (N)                293 us
[47.339s][info][gc,stats      ]   Finish Queues                       8 us
[47.339s][info][gc,stats      ]   System Purge                      206 us
[47.339s][info][gc,stats      ]     Weak Roots                      206 us
[47.339s][info][gc,stats      ]   Update Region States               40 us
[47.339s][info][gc,stats      ]   Retire TLABs                        4 us
[47.339s][info][gc,stats      ]   Choose Collection Set              17 us
[47.339s][info][gc,stats      ]   Rebuild Free Set                   13 us
[47.339s][info][gc,stats      ] Concurrent Cleanup                   92 us
[47.339s][info][gc,stats      ] 
[47.339s][info][gc,stats      ] Allocation pacing accrued:
[47.339s][info][gc,stats      ]       0 of   350 ms (  0.0%): <total>
[47.339s][info][gc,stats      ]       0 of   350 ms (  0.0%): <average total>
[47.339s][info][gc,stats      ] 
[47.339s][info][gc,metaspace  ] Metaspace: 60032K->60032K(1103872K)
[47.339s][info][gc,ergo       ] Pacer for Idle. Initial: 40724K, Alloc Tax Rate: 1.0x
[47.822s][info][gc            ] Trigger: Learning 4 of 5. Free (1391M) is below initial threshold (1391M)
[47.822s][info][gc,ergo       ] Free: 1392M, Max: 512K regular, 1392M humongous, Frag: 0% external, 0% internal; Reserve: 101888K, Max: 512K
[47.822s][info][gc,start      ] GC(8) Concurrent reset
[47.822s][info][gc,task       ] GC(8) Using 1 of 1 workers for concurrent reset
[47.822s][info][gc,ergo       ] GC(8) Pacer for Reset. Non-Taxable: 1988M
[47.822s][info][gc            ] GC(8) Concurrent reset 0.137ms
[47.824s][info][gc,start      ] GC(8) Pause Init Mark
[47.824s][info][gc,task       ] GC(8) Using 1 of 1 workers for init marking
[47.825s][info][gc,ergo       ] GC(8) Pacer for Mark. Expected Live: 245M, Free: 1392M, Non-Taxable: 139M, Alloc Tax Rate: 0.2x
[47.825s][info][gc            ] GC(8) Pause Init Mark 0.919ms
[47.825s][info][gc,start      ] GC(8) Concurrent marking
[47.825s][info][gc,task       ] GC(8) Using 1 of 1 workers for concurrent marking
[47.859s][info][gc            ] GC(8) Concurrent marking 34.293ms
[47.859s][info][gc,start      ] GC(8) Pause Final Mark
[47.859s][info][gc,task       ] GC(8) Using 1 of 1 workers for final marking
[47.860s][info][gc,ergo       ] GC(8) Collectable Garbage: 465M (98%), Immediate: 465M (98%), CSet: 0B (0%)
[47.860s][info][gc            ] GC(8) Pause Final Mark 0.322ms
[47.860s][info][gc,start      ] GC(8) Concurrent cleanup
[47.860s][info][gc            ] GC(8) Concurrent cleanup 510M->45M(565M) 0.104ms
[47.860s][info][gc,ergo       ] GC(8) Free: 1842M, Max: 512K regular, 1377M humongous, Frag: 26% external, 0% internal; Reserve: 101888K, Max: 512K
[47.860s][info][gc,ergo       ] Free: 1842M, Max: 512K regular, 1377M humongous, Frag: 26% external, 0% internal; Reserve: 101888K, Max: 512K
[47.860s][info][gc,stats      ] 
[47.860s][info][gc,stats      ] All times are wall-clock times, except per-root-class counters, that are sum over
[47.860s][info][gc,stats      ] all workers. Dividing the <total> over the root stage time estimates parallelism.
[47.860s][info][gc,stats      ] 
[47.860s][info][gc,stats      ] Concurrent Reset                    126 us
[47.860s][info][gc,stats      ] Pause Init Mark (G)                2943 us
[47.860s][info][gc,stats      ] Pause Init Mark (N)                 908 us
[47.860s][info][gc,stats      ]   Accumulate Stats                    5 us
[47.860s][info][gc,stats      ]   Make Parsable                       4 us
[47.860s][info][gc,stats      ]   Update Region States               34 us
[47.860s][info][gc,stats      ]   Scan Roots                        849 us, parallelism: 0.78x
[47.860s][info][gc,stats      ]     S: <total>                      661 us
[47.860s][info][gc,stats      ]     S: Thread Roots                 184 us, workers (us): 184, 
[47.860s][info][gc,stats      ]     S: Universe Roots                 2 us, workers (us):   2, 
[47.860s][info][gc,stats      ]     S: JNI Handles Roots              1 us, workers (us):   1, 
[47.860s][info][gc,stats      ]     S: Synchronizer Roots             0 us, workers (us):   0, 
[47.860s][info][gc,stats      ]     S: Management Roots               1 us, workers (us):   1, 
[47.860s][info][gc,stats      ]     S: System Dict Roots              9 us, workers (us):   9, 
[47.860s][info][gc,stats      ]     S: CLDG Roots                   464 us, workers (us): 464, 
[47.860s][info][gc,stats      ]     S: JVMTI Roots                    1 us, workers (us):   1, 
[47.860s][info][gc,stats      ]   Resize TLABs                        2 us
[47.860s][info][gc,stats      ] Concurrent Marking                34280 us
[47.860s][info][gc,stats      ] Pause Final Mark (G)                367 us
[47.860s][info][gc,stats      ] Pause Final Mark (N)                317 us
[47.860s][info][gc,stats      ]   Finish Queues                       9 us
[47.860s][info][gc,stats      ]   System Purge                      216 us
[47.860s][info][gc,stats      ]     Weak Roots                      216 us
[47.860s][info][gc,stats      ]   Update Region States               51 us
[47.860s][info][gc,stats      ]   Retire TLABs                        5 us
[47.860s][info][gc,stats      ]   Choose Collection Set              18 us
[47.860s][info][gc,stats      ]   Rebuild Free Set                   12 us
[47.860s][info][gc,stats      ] Concurrent Cleanup                   99 us
[47.860s][info][gc,stats      ] 
[47.860s][info][gc,stats      ] Allocation pacing accrued:
[47.860s][info][gc,stats      ]       0 of   521 ms (  0.0%): <total>
[47.860s][info][gc,stats      ]       0 of   521 ms (  0.0%): <average total>
[47.860s][info][gc,stats      ] 
[47.860s][info][gc,metaspace  ] Metaspace: 60048K->60048K(1103872K)
[47.860s][info][gc,ergo       ] Pacer for Idle. Initial: 40724K, Alloc Tax Rate: 1.0x
[48.318s][info][gc            ] Trigger: Learning 5 of 5. Free (1391M) is below initial threshold (1391M)
[48.318s][info][gc,ergo       ] Free: 1391M, Max: 512K regular, 1377M humongous, Frag: 2% external, 0% internal; Reserve: 101888K, Max: 512K
[48.318s][info][gc,start      ] GC(9) Concurrent reset
[48.318s][info][gc,task       ] GC(9) Using 1 of 1 workers for concurrent reset
[48.318s][info][gc,ergo       ] GC(9) Pacer for Reset. Non-Taxable: 1988M
[48.318s][info][gc            ] GC(9) Concurrent reset 0.143ms
[48.320s][info][gc,start      ] GC(9) Pause Init Mark
[48.320s][info][gc,task       ] GC(9) Using 1 of 1 workers for init marking
[48.321s][info][gc,ergo       ] GC(9) Pacer for Mark. Expected Live: 139M, Free: 1391M, Non-Taxable: 139M, Alloc Tax Rate: 0.1x
[48.321s][info][gc            ] GC(9) Pause Init Mark 0.959ms
[48.321s][info][gc,start      ] GC(9) Concurrent marking
[48.321s][info][gc,task       ] GC(9) Using 1 of 1 workers for concurrent marking
[48.356s][info][gc            ] GC(9) Concurrent marking 34.914ms
[48.356s][info][gc,start      ] GC(9) Pause Final Mark
[48.356s][info][gc,task       ] GC(9) Using 1 of 1 workers for final marking
[48.357s][info][gc,ergo       ] GC(9) Collectable Garbage: 464M (98%), Immediate: 464M (98%), CSet: 0B (0%)
[48.357s][info][gc            ] GC(9) Pause Final Mark 0.340ms
[48.357s][info][gc,start      ] GC(9) Concurrent cleanup
[48.357s][info][gc            ] GC(9) Concurrent cleanup 511M->46M(566M) 0.104ms
[48.357s][info][gc,ergo       ] GC(9) Free: 1841M, Max: 512K regular, 1376M humongous, Frag: 26% external, 0% internal; Reserve: 101888K, Max: 512K
[48.357s][info][gc,ergo       ] Free: 1841M, Max: 512K regular, 1376M humongous, Frag: 26% external, 0% internal; Reserve: 101888K, Max: 512K
[48.357s][info][gc,stats      ] 
[48.357s][info][gc,stats      ] All times are wall-clock times, except per-root-class counters, that are sum over
[48.357s][info][gc,stats      ] all workers. Dividing the <total> over the root stage time estimates parallelism.
[48.357s][info][gc,stats      ] 
[48.357s][info][gc,stats      ] Concurrent Reset                    135 us
[48.357s][info][gc,stats      ] Pause Init Mark (G)                2969 us
[48.357s][info][gc,stats      ] Pause Init Mark (N)                 945 us
[48.357s][info][gc,stats      ]   Accumulate Stats                    6 us
[48.357s][info][gc,stats      ]   Make Parsable                       5 us
[48.357s][info][gc,stats      ]   Update Region States               36 us
[48.357s][info][gc,stats      ]   Scan Roots                        873 us, parallelism: 0.79x
[48.357s][info][gc,stats      ]     S: <total>                      686 us
[48.357s][info][gc,stats      ]     S: Thread Roots                 197 us, workers (us): 197, 
[48.357s][info][gc,stats      ]     S: Universe Roots                 2 us, workers (us):   2, 
[48.357s][info][gc,stats      ]     S: JNI Handles Roots              1 us, workers (us):   1, 
[48.357s][info][gc,stats      ]     S: Synchronizer Roots             0 us, workers (us):   0, 
[48.357s][info][gc,stats      ]     S: Management Roots               1 us, workers (us):   1, 
[48.357s][info][gc,stats      ]     S: System Dict Roots              9 us, workers (us):   9, 
[48.357s][info][gc,stats      ]     S: CLDG Roots                   475 us, workers (us): 475, 
[48.357s][info][gc,stats      ]     S: JVMTI Roots                    0 us, workers (us):   0, 
[48.357s][info][gc,stats      ]   Resize TLABs                        3 us
[48.357s][info][gc,stats      ] Concurrent Marking                34907 us
[48.357s][info][gc,stats      ] Pause Final Mark (G)                389 us
[48.357s][info][gc,stats      ] Pause Final Mark (N)                334 us
[48.357s][info][gc,stats      ]   Finish Queues                      10 us
[48.357s][info][gc,stats      ]   System Purge                      234 us
[48.357s][info][gc,stats      ]     Weak Roots                      234 us
[48.357s][info][gc,stats      ]   Update Region States               49 us
[48.357s][info][gc,stats      ]   Retire TLABs                        5 us
[48.357s][info][gc,stats      ]   Choose Collection Set              18 us
[48.357s][info][gc,stats      ]   Rebuild Free Set                   13 us
[48.357s][info][gc,stats      ] Concurrent Cleanup                   99 us
[48.357s][info][gc,stats      ] 
[48.357s][info][gc,stats      ] Allocation pacing accrued:
[48.357s][info][gc,stats      ]       0 of   497 ms (  0.0%): <total>
[48.357s][info][gc,stats      ]       0 of   497 ms (  0.0%): <average total>
[48.357s][info][gc,stats      ] 
[48.357s][info][gc,metaspace  ] Metaspace: 60049K->60049K(1103872K)
[48.357s][info][gc,ergo       ] Pacer for Idle. Initial: 40724K, Alloc Tax Rate: 1.0x
[70.548s][info][gc            ] Trigger: Free (197M) is below minimum threshold (198M)
[70.548s][info][gc,ergo       ] Free: 198M, Max: 512K regular, 198M humongous, Frag: 0% external, 0% internal; Reserve: 101888K, Max: 512K
[70.548s][info][gc,start      ] GC(10) Concurrent reset
[70.548s][info][gc,task       ] GC(10) Using 1 of 1 workers for concurrent reset
[70.548s][info][gc,ergo       ] GC(10) Pacer for Reset. Non-Taxable: 1988M
[70.548s][info][gc            ] GC(10) Concurrent reset 0.185ms
[70.550s][info][gc,start      ] GC(10) Pause Init Mark (process weakrefs)
[70.550s][info][gc,task       ] GC(10) Using 1 of 1 workers for init marking
[70.551s][info][gc,ergo       ] GC(10) Pacer for Mark. Expected Live: 25066K, Free: 198M, Non-Taxable: 20275K, Alloc Tax Rate: 0.2x
[70.551s][info][gc            ] GC(10) Pause Init Mark (process weakrefs) 1.029ms
[70.551s][info][gc,start      ] GC(10) Concurrent marking (process weakrefs)
[70.551s][info][gc,task       ] GC(10) Using 1 of 1 workers for concurrent marking
[70.590s][info][gc            ] GC(10) Concurrent marking (process weakrefs) 38.643ms
[70.590s][info][gc,start      ] GC(10) Concurrent precleaning
[70.590s][info][gc,task       ] GC(10) Using 1 of 1 workers for concurrent preclean
[70.590s][info][gc,ergo       ] GC(10) Pacer for Precleaning. Non-Taxable: 1988M
[70.590s][info][gc            ] GC(10) Concurrent precleaning 0.558ms
[70.591s][info][gc,start      ] GC(10) Pause Final Mark (process weakrefs)
[70.591s][info][gc,task       ] GC(10) Using 1 of 1 workers for final marking
[70.591s][info][gc,ergo       ] GC(10) Collectable Garbage: 1643M (98%), Immediate: 1643M (98%), CSet: 0B (0%)
[70.591s][info][gc            ] GC(10) Pause Final Mark (process weakrefs) 0.418ms
[70.591s][info][gc,start      ] GC(10) Concurrent cleanup
[70.591s][info][gc            ] GC(10) Concurrent cleanup 1698M->55M(1705M) 0.196ms
[70.591s][info][gc,ergo       ] GC(10) Free: 1832M, Max: 512K regular, 854M humongous, Frag: 54% external, 0% internal; Reserve: 101888K, Max: 512K
[70.591s][info][gc,ergo       ] Free: 1832M, Max: 512K regular, 854M humongous, Frag: 54% external, 0% internal; Reserve: 101888K, Max: 512K
[70.591s][info][gc,stats      ] 
[70.591s][info][gc,stats      ] All times are wall-clock times, except per-root-class counters, that are sum over
[70.591s][info][gc,stats      ] all workers. Dividing the <total> over the root stage time estimates parallelism.
[70.591s][info][gc,stats      ] 
[70.591s][info][gc,stats      ] Concurrent Reset                    169 us
[70.591s][info][gc,stats      ] Pause Init Mark (G)                3109 us
[70.591s][info][gc,stats      ] Pause Init Mark (N)                1015 us
[70.591s][info][gc,stats      ]   Accumulate Stats                    6 us
[70.591s][info][gc,stats      ]   Make Parsable                       7 us
[70.591s][info][gc,stats      ]   Update Region States               40 us
[70.591s][info][gc,stats      ]   Scan Roots                        938 us, parallelism: 0.78x
[70.591s][info][gc,stats      ]     S: <total>                      736 us
[70.591s][info][gc,stats      ]     S: Thread Roots                 205 us, workers (us): 205, 
[70.591s][info][gc,stats      ]     S: Universe Roots                 2 us, workers (us):   2, 
[70.591s][info][gc,stats      ]     S: JNI Handles Roots              1 us, workers (us):   1, 
[70.591s][info][gc,stats      ]     S: Synchronizer Roots             0 us, workers (us):   0, 
[70.591s][info][gc,stats      ]     S: Management Roots               1 us, workers (us):   1, 
[70.591s][info][gc,stats      ]     S: System Dict Roots             10 us, workers (us):  10, 
[70.591s][info][gc,stats      ]     S: CLDG Roots                   517 us, workers (us): 517, 
[70.591s][info][gc,stats      ]     S: JVMTI Roots                    0 us, workers (us):   0, 
[70.591s][info][gc,stats      ]   Resize TLABs                        3 us
[70.591s][info][gc,stats      ] Concurrent Marking                38636 us
[70.591s][info][gc,stats      ] Concurrent Precleaning              552 us
[70.591s][info][gc,stats      ] Pause Final Mark (G)                472 us
[70.591s][info][gc,stats      ] Pause Final Mark (N)                412 us
[70.591s][info][gc,stats      ]   Finish Queues                       9 us
[70.591s][info][gc,stats      ]   Weak References                    67 us
[70.591s][info][gc,stats      ]     Process                          65 us
[70.591s][info][gc,stats      ]   System Purge                      240 us
[70.591s][info][gc,stats      ]     Weak Roots                      240 us
[70.591s][info][gc,stats      ]   Update Region States               47 us
[70.591s][info][gc,stats      ]   Retire TLABs                        5 us
[70.591s][info][gc,stats      ]   Choose Collection Set              28 us
[70.591s][info][gc,stats      ]   Rebuild Free Set                   12 us
[70.591s][info][gc,stats      ] Concurrent Cleanup                  190 us
[70.591s][info][gc,stats      ] 
[70.591s][info][gc,stats      ] Allocation pacing accrued:
[70.591s][info][gc,stats      ]       0 of 22234 ms (  0.0%): <total>
[70.591s][info][gc,stats      ]       0 of 22234 ms (  0.0%): <average total>
[70.591s][info][gc,stats      ] 
[70.591s][info][gc,metaspace  ] Metaspace: 60825K->60825K(1103872K)
[70.591s][info][gc,ergo       ] Pacer for Idle. Initial: 40724K, Alloc Tax Rate: 1.0x
[74.718s][info][gc            ] Trigger: Free (198M) is below minimum threshold (198M)
[74.718s][info][gc,ergo       ] Free: 199M, Max: 512K regular, 189M humongous, Frag: 5% external, 0% internal; Reserve: 101888K, Max: 512K
[74.718s][info][gc,start      ] GC(11) Concurrent reset
[74.718s][info][gc,task       ] GC(11) Using 1 of 1 workers for concurrent reset
[74.718s][info][gc,ergo       ] GC(11) Pacer for Reset. Non-Taxable: 1988M
[74.718s][info][gc            ] GC(11) Concurrent reset 0.203ms
[74.720s][info][gc,start      ] GC(11) Pause Init Mark
[74.720s][info][gc,task       ] GC(11) Using 1 of 1 workers for init marking
[74.722s][info][gc,ergo       ] GC(11) Pacer for Mark. Expected Live: 25880K, Free: 199M, Non-Taxable: 20377K, Alloc Tax Rate: 0.2x
[74.722s][info][gc            ] GC(11) Pause Init Mark 1.383ms
[74.722s][info][gc,start      ] GC(11) Concurrent marking
[74.722s][info][gc,task       ] GC(11) Using 1 of 1 workers for concurrent marking
[74.908s][info][gc            ] GC(11) Concurrent marking 185.902ms
[74.917s][info][gc,start      ] GC(11) Pause Final Mark
[74.917s][info][gc,task       ] GC(11) Using 1 of 1 workers for final marking
[74.917s][info][gc,ergo       ] GC(11) Collectable Garbage: 1495M (91%), Immediate: 1495M (91%), CSet: 0B (0%)
[74.917s][info][gc            ] GC(11) Pause Final Mark 0.405ms
[74.917s][info][gc,start      ] GC(11) Concurrent cleanup
[74.917s][info][gc            ] GC(11) Concurrent cleanup 1696M->201M(1706M) 0.184ms
[74.917s][info][gc,ergo       ] GC(11) Free: 1685M, Max: 512K regular, 395M humongous, Frag: 77% external, 0% internal; Reserve: 101888K, Max: 512K
[74.917s][info][gc,ergo       ] Free: 1685M, Max: 512K regular, 395M humongous, Frag: 77% external, 0% internal; Reserve: 101888K, Max: 512K
[74.917s][info][gc,stats      ] 
[74.917s][info][gc,stats      ] All times are wall-clock times, except per-root-class counters, that are sum over
[74.917s][info][gc,stats      ] all workers. Dividing the <total> over the root stage time estimates parallelism.
[74.917s][info][gc,stats      ] 
[74.917s][info][gc,stats      ] Concurrent Reset                    186 us
[74.917s][info][gc,stats      ] Pause Init Mark (G)                3433 us
[74.917s][info][gc,stats      ] Pause Init Mark (N)                1367 us
[74.917s][info][gc,stats      ]   Accumulate Stats                    6 us
[74.917s][info][gc,stats      ]   Make Parsable                       8 us
[74.917s][info][gc,stats      ]   Update Region States               37 us
[74.917s][info][gc,stats      ]   Scan Roots                       1275 us, parallelism: 0.83x
[74.917s][info][gc,stats      ]     S: <total>                     1058 us
[74.917s][info][gc,stats      ]     S: Thread Roots                 461 us, workers (us): 461, 
[74.917s][info][gc,stats      ]     S: Universe Roots                 2 us, workers (us):   2, 
[74.917s][info][gc,stats      ]     S: JNI Handles Roots              1 us, workers (us):   1, 
[74.917s][info][gc,stats      ]     S: Synchronizer Roots             0 us, workers (us):   0, 
[74.917s][info][gc,stats      ]     S: Management Roots               1 us, workers (us):   1, 
[74.917s][info][gc,stats      ]     S: System Dict Roots             15 us, workers (us):  15, 
[74.917s][info][gc,stats      ]     S: CLDG Roots                   578 us, workers (us): 578, 
[74.917s][info][gc,stats      ]     S: JVMTI Roots                    0 us, workers (us):   0, 
[74.917s][info][gc,stats      ]   Resize TLABs                        5 us
[74.917s][info][gc,stats      ] Concurrent Marking               185894 us
[74.917s][info][gc,stats      ] Pause Final Mark (G)               5247 us
[74.917s][info][gc,stats      ] Pause Final Mark (N)                364 us
[74.917s][info][gc,stats      ]   Finish Queues                      18 us
[74.917s][info][gc,stats      ]   System Purge                      246 us
[74.917s][info][gc,stats      ]     Weak Roots                      246 us
[74.917s][info][gc,stats      ]   Update Region States               47 us
[74.917s][info][gc,stats      ]   Retire TLABs                        6 us
[74.917s][info][gc,stats      ]   Choose Collection Set              29 us
[74.917s][info][gc,stats      ]   Rebuild Free Set                   13 us
[74.917s][info][gc,stats      ] Concurrent Cleanup                  178 us
[74.917s][info][gc,stats      ] 
[74.917s][info][gc,stats      ] Allocation pacing accrued:
[74.917s][info][gc,stats      ]       0 of  4326 ms (  0.0%): <total>
[74.917s][info][gc,stats      ]       0 of  4326 ms (  0.0%): <average total>
[74.917s][info][gc,stats      ] 
[74.917s][info][gc,metaspace  ] Metaspace: 62166K->62166K(1103872K)
[74.917s][info][gc,ergo       ] Pacer for Idle. Initial: 40724K, Alloc Tax Rate: 1.0x
[82.600s][info][gc            ] Trigger: Free (198M) is below minimum threshold (198M)
[82.600s][info][gc,ergo       ] Free: 199M, Max: 512K regular, 189M humongous, Frag: 6% external, 0% internal; Reserve: 101888K, Max: 512K
[82.600s][info][gc,start      ] GC(12) Concurrent reset
[82.600s][info][gc,task       ] GC(12) Using 1 of 1 workers for concurrent reset
[82.600s][info][gc,ergo       ] GC(12) Pacer for Reset. Non-Taxable: 1988M
[82.601s][info][gc            ] GC(12) Concurrent reset 0.362ms
[82.603s][info][gc,start      ] GC(12) Pause Init Mark
[82.603s][info][gc,task       ] GC(12) Using 1 of 1 workers for init marking
[82.604s][info][gc,ergo       ] GC(12) Pacer for Mark. Expected Live: 29916K, Free: 199M, Non-Taxable: 20377K, Alloc Tax Rate: 0.2x
[82.604s][info][gc            ] GC(12) Pause Init Mark 1.181ms
[82.604s][info][gc,start      ] GC(12) Concurrent marking
[82.604s][info][gc,task       ] GC(12) Using 1 of 1 workers for concurrent marking
[83.359s][info][gc            ] GC(12) Concurrent marking 755.145ms
[83.359s][info][gc,start      ] GC(12) Pause Final Mark
[83.359s][info][gc,task       ] GC(12) Using 1 of 1 workers for final marking
[83.360s][info][gc,ergo       ] GC(12) Adaptive CSet Selection. Target Free: 281M, Actual Free: 829M, Max CSet: 84823K, Min Garbage: 0B
[83.360s][info][gc,ergo       ] GC(12) Collectable Garbage: 1453M (96%), Immediate: 614M (40%), CSet: 838M (55%)
[83.362s][info][gc,ergo       ] GC(12) Pacer for Evacuation. Used CSet: 921M, Free: 744M, Non-Taxable: 76185K, Alloc Tax Rate: 3.0x
[83.362s][info][gc            ] GC(12) Pause Final Mark 2.791ms
[83.362s][info][gc,start      ] GC(12) Concurrent cleanup
[83.362s][info][gc            ] GC(12) Concurrent cleanup 1757M->1142M(1780M) 0.124ms
[83.362s][info][gc,ergo       ] GC(12) Free: 744M, Max: 512K regular, 177M humongous, Frag: 77% external, 0% internal; Reserve: 101761K, Max: 512K
[83.362s][info][gc,start      ] GC(12) Concurrent evacuation
[83.362s][info][gc,task       ] GC(12) Using 1 of 1 workers for concurrent evacuation
[83.713s][info][gc            ] GC(12) Concurrent evacuation 350.905ms
[83.715s][info][gc,start      ] GC(12) Pause Init Update Refs
[83.715s][info][gc,ergo       ] GC(12) Pacer for Update Refs. Used: 1227M, Free: 742M, Non-Taxable: 76006K, Alloc Tax Rate: 2.0x
[83.715s][info][gc            ] GC(12) Pause Init Update Refs 0.053ms
[83.715s][info][gc,start      ] GC(12) Concurrent update references
[83.715s][info][gc,task       ] GC(12) Using 1 of 1 workers for concurrent reference update
[84.283s][info][gc            ] GC(12) Concurrent update references 567.748ms
[84.285s][info][gc,start      ] GC(12) Pause Final Update Refs
[84.285s][info][gc,task       ] GC(12) Using 1 of 1 workers for final reference update
[84.285s][info][gc            ] GC(12) Pause Final Update Refs 0.317ms
[84.286s][info][gc,start      ] GC(12) Concurrent cleanup
[84.286s][info][gc            ] GC(12) Concurrent cleanup 1230M->308M(1857M) 0.141ms
[84.286s][info][gc,ergo       ] Free: 1576M, Max: 512K regular, 671M humongous, Frag: 58% external, 0% internal; Reserve: 101888K, Max: 512K
[84.286s][info][gc,stats      ] 
[84.286s][info][gc,stats      ] All times are wall-clock times, except per-root-class counters, that are sum over
[84.286s][info][gc,stats      ] all workers. Dividing the <total> over the root stage time estimates parallelism.
[84.286s][info][gc,stats      ] 
[84.286s][info][gc,stats      ] Concurrent Reset                    344 us
[84.286s][info][gc,stats      ] Pause Init Mark (G)                3237 us
[84.286s][info][gc,stats      ] Pause Init Mark (N)                1163 us
[84.286s][info][gc,stats      ]   Accumulate Stats                    7 us
[84.286s][info][gc,stats      ]   Make Parsable                       9 us
[84.286s][info][gc,stats      ]   Update Region States               40 us
[84.286s][info][gc,stats      ]   Scan Roots                       1080 us, parallelism: 0.79x
[84.286s][info][gc,stats      ]     S: <total>                      849 us
[84.286s][info][gc,stats      ]     S: Thread Roots                 244 us, workers (us): 244, 
[84.286s][info][gc,stats      ]     S: Universe Roots                 2 us, workers (us):   2, 
[84.286s][info][gc,stats      ]     S: JNI Handles Roots              1 us, workers (us):   1, 
[84.286s][info][gc,stats      ]     S: Synchronizer Roots             0 us, workers (us):   0, 
[84.286s][info][gc,stats      ]     S: Management Roots               1 us, workers (us):   1, 
[84.286s][info][gc,stats      ]     S: System Dict Roots             11 us, workers (us):  11, 
[84.286s][info][gc,stats      ]     S: CLDG Roots                   589 us, workers (us): 589, 
[84.286s][info][gc,stats      ]     S: JVMTI Roots                    0 us, workers (us):   0, 
[84.286s][info][gc,stats      ]   Resize TLABs                        4 us
[84.286s][info][gc,stats      ] Concurrent Marking               755138 us
[84.286s][info][gc,stats      ] Pause Final Mark (G)               2866 us
[84.286s][info][gc,stats      ] Pause Final Mark (N)               2780 us
[84.286s][info][gc,stats      ]   Finish Queues                      10 us
[84.286s][info][gc,stats      ]   System Purge                      314 us
[84.286s][info][gc,stats      ]     Weak Roots                      314 us
[84.286s][info][gc,stats      ]   Update Region States               45 us
[84.286s][info][gc,stats      ]   Retire TLABs                        7 us
[84.286s][info][gc,stats      ]   Choose Collection Set             312 us
[84.286s][info][gc,stats      ]   Rebuild Free Set                   13 us
[84.286s][info][gc,stats      ]   Initial Evacuation               2073 us, parallelism: 0.61x
[84.286s][info][gc,stats      ]     E: <total>                     1261 us
[84.286s][info][gc,stats      ]     E: Thread Roots                 281 us, workers (us): 281, 
[84.286s][info][gc,stats      ]     E: Code Cache Roots             459 us, workers (us): 459, 
[84.286s][info][gc,stats      ]     E: Universe Roots                 1 us, workers (us):   1, 
[84.286s][info][gc,stats      ]     E: JNI Handles Roots              1 us, workers (us):   1, 
[84.286s][info][gc,stats      ]     E: Synchronizer Roots             0 us, workers (us):   0, 
[84.286s][info][gc,stats      ]     E: Management Roots               1 us, workers (us):   1, 
[84.286s][info][gc,stats      ]     E: System Dict Roots             11 us, workers (us):  11, 
[84.286s][info][gc,stats      ]     E: CLDG Roots                   506 us, workers (us): 506, 
[84.286s][info][gc,stats      ]     E: JVMTI Roots                    0 us, workers (us):   0, 
[84.286s][info][gc,stats      ] Concurrent Cleanup                  117 us
[84.286s][info][gc,stats      ] Concurrent Evacuation            350895 us
[84.286s][info][gc,stats      ] Pause Init  Update Refs (G)        2109 us
[84.286s][info][gc,stats      ] Pause Init  Update Refs (N)          16 us
[84.286s][info][gc,stats      ]   Retire GCLABs                       8 us
[84.286s][info][gc,stats      ] Concurrent Update Refs           567739 us
[84.286s][info][gc,stats      ] Pause Final Update Refs (G)        2354 us
[84.286s][info][gc,stats      ] Pause Final Update Refs (N)         293 us
[84.286s][info][gc,stats      ]   Update Roots                      216 us, parallelism: 0.97x
[84.286s][info][gc,stats      ]     UR: <total>                     210 us
[84.286s][info][gc,stats      ]     UR: Thread Roots                210 us, workers (us): 210, 
[84.286s][info][gc,stats      ]   Update Region States               44 us
[84.286s][info][gc,stats      ]   Trash Collection Set               10 us
[84.286s][info][gc,stats      ]   Rebuild Free Set                   14 us
[84.286s][info][gc,stats      ] Concurrent Cleanup                  136 us
[84.286s][info][gc,stats      ] 
[84.286s][info][gc,stats      ] Allocation pacing accrued:
[84.286s][info][gc,stats      ]       0 of  9369 ms (  0.0%): <total>
[84.286s][info][gc,stats      ]       0 of  9369 ms (  0.0%): <average total>
[84.286s][info][gc,stats      ] 
[84.286s][info][gc,metaspace  ] Metaspace: 62959K->62959K(1105920K)
[84.286s][info][gc,ergo       ] Pacer for Idle. Initial: 40724K, Alloc Tax Rate: 1.0x
[89.236s][info][gc            ] Trigger: Free (198M) is below minimum threshold (198M)
[89.236s][info][gc,ergo       ] Free: 199M, Max: 512K regular, 52224K humongous, Frag: 75% external, 0% internal; Reserve: 101888K, Max: 512K
[89.236s][info][gc,start      ] GC(13) Concurrent reset
[89.236s][info][gc,task       ] GC(13) Using 1 of 1 workers for concurrent reset
[89.236s][info][gc,ergo       ] GC(13) Pacer for Reset. Non-Taxable: 1988M
[89.238s][info][gc            ] GC(13) Concurrent reset 1.762ms
[89.240s][info][gc,start      ] GC(13) Pause Init Mark
[89.240s][info][gc,task       ] GC(13) Using 1 of 1 workers for init marking
[89.241s][info][gc,ergo       ] GC(13) Pacer for Mark. Expected Live: 57616K, Free: 199M, Non-Taxable: 20377K, Alloc Tax Rate: 0.3x
[89.241s][info][gc            ] GC(13) Pause Init Mark 1.070ms
[89.241s][info][gc,start      ] GC(13) Concurrent marking
[89.241s][info][gc,task       ] GC(13) Using 1 of 1 workers for concurrent marking
[89.829s][info][gc            ] GC(13) Concurrent marking 587.714ms
[89.829s][info][gc,start      ] GC(13) Pause Final Mark
[89.829s][info][gc,task       ] GC(13) Using 1 of 1 workers for final marking
[89.829s][info][gc,ergo       ] GC(13) Adaptive CSet Selection. Target Free: 281M, Actual Free: 1040M, Max CSet: 84823K, Min Garbage: 0B
[89.829s][info][gc,ergo       ] GC(13) Collectable Garbage: 1454M (98%), Immediate: 804M (54%), CSet: 650M (44%)
[89.831s][info][gc,ergo       ] GC(13) Pacer for Evacuation. Used CSet: 732M, Free: 958M, Non-Taxable: 98099K, Alloc Tax Rate: 1.9x
[89.831s][info][gc            ] GC(13) Pause Final Mark 2.377ms
[89.831s][info][gc,start      ] GC(13) Concurrent cleanup
[89.831s][info][gc            ] GC(13) Concurrent cleanup 1731M->928M(1857M) 0.140ms
[89.831s][info][gc,ergo       ] GC(13) Free: 958M, Max: 512K regular, 515M humongous, Frag: 47% external, 0% internal; Reserve: 101761K, Max: 512K
[89.831s][info][gc,start      ] GC(13) Concurrent evacuation
[89.831s][info][gc,task       ] GC(13) Using 1 of 1 workers for concurrent evacuation
[90.128s][info][gc            ] GC(13) Concurrent evacuation 296.197ms
[90.130s][info][gc,start      ] GC(13) Pause Init Update Refs
[90.130s][info][gc,ergo       ] GC(13) Pacer for Update Refs. Used: 1038M, Free: 931M, Non-Taxable: 95334K, Alloc Tax Rate: 1.4x
[90.130s][info][gc            ] GC(13) Pause Init Update Refs 0.048ms
[90.130s][info][gc,start      ] GC(13) Concurrent update references
[90.130s][info][gc,task       ] GC(13) Using 1 of 1 workers for concurrent reference update
[90.651s][info][gc            ] GC(13) Concurrent update references 520.932ms
[90.653s][info][gc,start      ] GC(13) Pause Final Update Refs
[90.653s][info][gc,task       ] GC(13) Using 1 of 1 workers for final reference update
[90.653s][info][gc            ] GC(13) Pause Final Update Refs 0.304ms
[90.653s][info][gc,start      ] GC(13) Concurrent cleanup
[90.653s][info][gc            ] GC(13) Concurrent cleanup 1040M->307M(1913M) 0.130ms
[90.653s][info][gc,ergo       ] Free: 1577M, Max: 512K regular, 523M humongous, Frag: 67% external, 0% internal; Reserve: 101888K, Max: 512K
[90.653s][info][gc,stats      ] 
[90.653s][info][gc,stats      ] All times are wall-clock times, except per-root-class counters, that are sum over
[90.653s][info][gc,stats      ] all workers. Dividing the <total> over the root stage time estimates parallelism.
[90.653s][info][gc,stats      ] 
[90.653s][info][gc,stats      ] Concurrent Reset                   1742 us
[90.653s][info][gc,stats      ] Pause Init Mark (G)                3139 us
[90.653s][info][gc,stats      ] Pause Init Mark (N)                1054 us
[90.653s][info][gc,stats      ]   Accumulate Stats                    7 us
[90.653s][info][gc,stats      ]   Make Parsable                       8 us
[90.653s][info][gc,stats      ]   Update Region States               41 us
[90.653s][info][gc,stats      ]   Scan Roots                        976 us, parallelism: 0.77x
[90.653s][info][gc,stats      ]     S: <total>                      748 us
[90.653s][info][gc,stats      ]     S: Thread Roots                 201 us, workers (us): 201, 
[90.653s][info][gc,stats      ]     S: Universe Roots                 2 us, workers (us):   2, 
[90.653s][info][gc,stats      ]     S: JNI Handles Roots              2 us, workers (us):   2, 
[90.653s][info][gc,stats      ]     S: Synchronizer Roots             0 us, workers (us):   0, 
[90.653s][info][gc,stats      ]     S: Management Roots               1 us, workers (us):   1, 
[90.653s][info][gc,stats      ]     S: System Dict Roots             11 us, workers (us):  11, 
[90.653s][info][gc,stats      ]     S: CLDG Roots                   531 us, workers (us): 531, 
[90.653s][info][gc,stats      ]     S: JVMTI Roots                    1 us, workers (us):   1, 
[90.653s][info][gc,stats      ]   Resize TLABs                        3 us
[90.653s][info][gc,stats      ] Concurrent Marking               587707 us
[90.653s][info][gc,stats      ] Pause Final Mark (G)               2447 us
[90.653s][info][gc,stats      ] Pause Final Mark (N)               2365 us
[90.654s][info][gc,stats      ]   Finish Queues                      10 us
[90.654s][info][gc,stats      ]   System Purge                      268 us
[90.654s][info][gc,stats      ]     Weak Roots                      268 us
[90.654s][info][gc,stats      ]   Update Region States               44 us
[90.654s][info][gc,stats      ]   Retire TLABs                        7 us
[90.654s][info][gc,stats      ]   Choose Collection Set             241 us
[90.654s][info][gc,stats      ]   Rebuild Free Set                   13 us
[90.654s][info][gc,stats      ]   Initial Evacuation               1775 us, parallelism: 0.65x
[90.654s][info][gc,stats      ]     E: <total>                     1158 us
[90.654s][info][gc,stats      ]     E: Thread Roots                 208 us, workers (us): 208, 
[90.654s][info][gc,stats      ]     E: Code Cache Roots             461 us, workers (us): 461, 
[90.654s][info][gc,stats      ]     E: Universe Roots                 1 us, workers (us):   1, 
[90.654s][info][gc,stats      ]     E: JNI Handles Roots              1 us, workers (us):   1, 
[90.654s][info][gc,stats      ]     E: Synchronizer Roots             0 us, workers (us):   0, 
[90.654s][info][gc,stats      ]     E: Management Roots               1 us, workers (us):   1, 
[90.654s][info][gc,stats      ]     E: System Dict Roots             11 us, workers (us):  11, 
[90.654s][info][gc,stats      ]     E: CLDG Roots                   475 us, workers (us): 475, 
[90.654s][info][gc,stats      ]     E: JVMTI Roots                    0 us, workers (us):   0, 
[90.654s][info][gc,stats      ] Concurrent Cleanup                  133 us
[90.654s][info][gc,stats      ] Concurrent Evacuation            296186 us
[90.654s][info][gc,stats      ] Pause Init  Update Refs (G)        2082 us
[90.654s][info][gc,stats      ] Pause Init  Update Refs (N)          14 us
[90.654s][info][gc,stats      ]   Retire GCLABs                       3 us
[90.654s][info][gc,stats      ] Concurrent Update Refs           520922 us
[90.654s][info][gc,stats      ] Pause Final Update Refs (G)        2381 us
[90.654s][info][gc,stats      ] Pause Final Update Refs (N)         285 us
[90.654s][info][gc,stats      ]   Update Roots                      214 us, parallelism: 0.97x
[90.654s][info][gc,stats      ]     UR: <total>                     208 us
[90.654s][info][gc,stats      ]     UR: Thread Roots                208 us, workers (us): 208, 
[90.654s][info][gc,stats      ]   Update Region States               43 us
[90.654s][info][gc,stats      ]   Trash Collection Set                8 us
[90.654s][info][gc,stats      ]   Rebuild Free Set                   14 us
[90.654s][info][gc,stats      ] Concurrent Cleanup                  125 us
[90.654s][info][gc,stats      ] Pacing                           153633 us
[90.654s][info][gc,stats      ] 
[90.654s][info][gc,stats      ] Allocation pacing accrued:
[90.654s][info][gc,stats      ]     154 of  6368 ms (  2.4%): Executor task launch worker for task 0.0 in stage 2.0 (TID 6)
[90.654s][info][gc,stats      ]     154 of  6368 ms (  2.4%): <total>
[90.654s][info][gc,stats      ]       3 of  6368 ms (  0.0%): <average total>
[90.654s][info][gc,stats      ]     154 of  6368 ms (  2.4%): <average non-zero>
[90.654s][info][gc,stats      ] 
[90.654s][info][gc,metaspace  ] Metaspace: 63048K->63048K(1105920K)
[90.654s][info][gc,ergo       ] Pacer for Idle. Initial: 40724K, Alloc Tax Rate: 1.0x
[95.641s][info][gc            ] Trigger: Average GC time (676.67 ms) is above the time for allocation rate (222 MB/s) to deplete free headroom (149M)
[95.641s][info][gc,ergo       ] Free headroom: 249M (free) - 101788K (spike) - 0B (penalties) = 149M
[95.641s][info][gc,ergo       ] Free: 249M, Max: 512K regular, 118M humongous, Frag: 53% external, 0% internal; Reserve: 101888K, Max: 512K
[95.641s][info][gc,start      ] GC(14) Concurrent reset
[95.641s][info][gc,task       ] GC(14) Using 1 of 1 workers for concurrent reset
[95.641s][info][gc,ergo       ] GC(14) Pacer for Reset. Non-Taxable: 1988M
[95.643s][info][gc            ] GC(14) Concurrent reset 1.495ms
[95.645s][info][gc,start      ] GC(14) Pause Init Mark
[95.645s][info][gc,task       ] GC(14) Using 1 of 1 workers for init marking
[95.646s][info][gc,ergo       ] GC(14) Pacer for Mark. Expected Live: 92080K, Free: 249M, Non-Taxable: 25548K, Alloc Tax Rate: 0.4x
[95.646s][info][gc            ] GC(14) Pause Init Mark 1.193ms
[95.646s][info][gc,start      ] GC(14) Concurrent marking
[95.646s][info][gc,task       ] GC(14) Using 1 of 1 workers for concurrent marking
[96.043s][info][gc            ] GC(14) Concurrent marking 397.006ms
[96.043s][info][gc,start      ] GC(14) Pause Final Mark
[96.043s][info][gc,task       ] GC(14) Using 1 of 1 workers for final marking
[96.044s][info][gc,ergo       ] GC(14) Collectable Garbage: 1437M (97%), Immediate: 1437M (97%), CSet: 0B (0%)
[96.044s][info][gc            ] GC(14) Pause Final Mark 0.356ms
[96.044s][info][gc,start      ] GC(14) Concurrent cleanup
[96.044s][info][gc            ] GC(14) Concurrent cleanup 1649M->212M(1913M) 0.217ms
[96.044s][info][gc,ergo       ] GC(14) Free: 1673M, Max: 512K regular, 292M humongous, Frag: 83% external, 0% internal; Reserve: 101888K, Max: 512K
[96.044s][info][gc,ergo       ] Free: 1673M, Max: 512K regular, 292M humongous, Frag: 83% external, 0% internal; Reserve: 101888K, Max: 512K
[96.044s][info][gc,stats      ] 
[96.044s][info][gc,stats      ] All times are wall-clock times, except per-root-class counters, that are sum over
[96.044s][info][gc,stats      ] all workers. Dividing the <total> over the root stage time estimates parallelism.
[96.044s][info][gc,stats      ] 
[96.044s][info][gc,stats      ] Concurrent Reset                   1481 us
[96.044s][info][gc,stats      ] Pause Init Mark (G)                3282 us
[96.044s][info][gc,stats      ] Pause Init Mark (N)                1169 us
[96.044s][info][gc,stats      ]   Accumulate Stats                    7 us
[96.044s][info][gc,stats      ]   Make Parsable                       9 us
[96.044s][info][gc,stats      ]   Update Region States               49 us
[96.044s][info][gc,stats      ]   Scan Roots                       1075 us, parallelism: 0.78x
[96.044s][info][gc,stats      ]     S: <total>                      834 us
[96.044s][info][gc,stats      ]     S: Thread Roots                 283 us, workers (us): 283, 
[96.044s][info][gc,stats      ]     S: Universe Roots                 2 us, workers (us):   2, 
[96.044s][info][gc,stats      ]     S: JNI Handles Roots              1 us, workers (us):   1, 
[96.044s][info][gc,stats      ]     S: Synchronizer Roots             0 us, workers (us):   0, 
[96.044s][info][gc,stats      ]     S: Management Roots               1 us, workers (us):   1, 
[96.044s][info][gc,stats      ]     S: System Dict Roots             11 us, workers (us):  11, 
[96.044s][info][gc,stats      ]     S: CLDG Roots                   535 us, workers (us): 535, 
[96.044s][info][gc,stats      ]     S: JVMTI Roots                    0 us, workers (us):   0, 
[96.044s][info][gc,stats      ]   Resize TLABs                        5 us
[96.044s][info][gc,stats      ] Concurrent Marking               396999 us
[96.044s][info][gc,stats      ] Pause Final Mark (G)                408 us
[96.044s][info][gc,stats      ] Pause Final Mark (N)                346 us
[96.044s][info][gc,stats      ]   Finish Queues                       9 us
[96.044s][info][gc,stats      ]   System Purge                      223 us
[96.044s][info][gc,stats      ]     Weak Roots                      223 us
[96.044s][info][gc,stats      ]   Update Region States               49 us
[96.044s][info][gc,stats      ]   Retire TLABs                        6 us
[96.044s][info][gc,stats      ]   Choose Collection Set              41 us
[96.044s][info][gc,stats      ]   Rebuild Free Set                   13 us
[96.044s][info][gc,stats      ] Concurrent Cleanup                  211 us
[96.044s][info][gc,stats      ] 
[96.044s][info][gc,stats      ] Allocation pacing accrued:
[96.044s][info][gc,stats      ]       0 of  5390 ms (  0.0%): <total>
[96.044s][info][gc,stats      ]       0 of  5390 ms (  0.0%): <average total>
[96.044s][info][gc,stats      ] 
[96.044s][info][gc,metaspace  ] Metaspace: 63236K->63236K(1105920K)
[96.044s][info][gc,ergo       ] Pacer for Idle. Initial: 40724K, Alloc Tax Rate: 1.0x
[109.857s][info][gc            ] Trigger: Free (195M) is below minimum threshold (198M)
[109.858s][info][gc,ergo       ] Free: 195M, Max: 512K regular, 141M humongous, Frag: 28% external, 0% internal; Reserve: 101888K, Max: 512K
[109.858s][info][gc,start      ] GC(15) Concurrent reset
[109.858s][info][gc,task       ] GC(15) Using 1 of 1 workers for concurrent reset
[109.858s][info][gc,ergo       ] GC(15) Pacer for Reset. Non-Taxable: 1988M
[109.858s][info][gc            ] GC(15) Concurrent reset 0.419ms
[109.860s][info][gc,start      ] GC(15) Pause Init Mark (process weakrefs)
[109.860s][info][gc,task       ] GC(15) Using 1 of 1 workers for init marking
[109.862s][info][gc,ergo       ] GC(15) Pacer for Mark. Expected Live: 113M, Free: 195M, Non-Taxable: 20019K, Alloc Tax Rate: 0.7x
[109.862s][info][gc            ] GC(15) Pause Init Mark (process weakrefs) 1.882ms
[109.862s][info][gc,start      ] GC(15) Concurrent marking (process weakrefs)
[109.862s][info][gc,task       ] GC(15) Using 1 of 1 workers for concurrent marking
[110.375s][info][gc            ] GC(15) Concurrent marking (process weakrefs) 512.430ms
[110.375s][info][gc,start      ] GC(15) Concurrent precleaning
[110.375s][info][gc,task       ] GC(15) Using 1 of 1 workers for concurrent preclean
[110.375s][info][gc,ergo       ] GC(15) Pacer for Precleaning. Non-Taxable: 1988M
[110.376s][info][gc            ] GC(15) Concurrent precleaning 0.678ms
[110.376s][info][gc,start      ] GC(15) Pause Final Mark (process weakrefs)
[110.376s][info][gc,task       ] GC(15) Using 1 of 1 workers for final marking
[110.379s][info][gc,ergo       ] GC(15) Adaptive CSet Selection. Target Free: 281M, Actual Free: 1502M, Max CSet: 84823K, Min Garbage: 0B
[110.379s][info][gc,ergo       ] GC(15) Collectable Garbage: 1472M (99%), Immediate: 1270M (86%), CSet: 202M (13%)
[110.381s][info][gc,ergo       ] GC(15) Pacer for Evacuation. Used CSet: 225M, Free: 1442M, Non-Taxable: 144M, Alloc Tax Rate: 1.1x
[110.381s][info][gc            ] GC(15) Pause Final Mark (process weakrefs) 5.203ms
[110.381s][info][gc,start      ] GC(15) Concurrent cleanup
[110.384s][info][gc            ] GC(15) Concurrent cleanup 1712M->442M(1913M) 0.379ms
[110.384s][info][gc,ergo       ] GC(15) Free: 1442M, Max: 512K regular, 132M humongous, Frag: 91% external, 0% internal; Reserve: 101672K, Max: 512K
[110.384s][info][gc,start      ] GC(15) Concurrent evacuation
[110.384s][info][gc,task       ] GC(15) Using 1 of 1 workers for concurrent evacuation
[110.546s][info][gc            ] GC(15) Concurrent evacuation 162.575ms
[110.549s][info][gc,start      ] GC(15) Pause Init Update Refs
[110.549s][info][gc,ergo       ] GC(15) Pacer for Update Refs. Used: 504M, Free: 1402M, Non-Taxable: 140M, Alloc Tax Rate: 1.1x
[110.549s][info][gc            ] GC(15) Pause Init Update Refs 0.032ms
[110.549s][info][gc,start      ] GC(15) Concurrent update references
[110.549s][info][gc,task       ] GC(15) Using 1 of 1 workers for concurrent reference update
[111.137s][info][gc            ] GC(15) Concurrent update references 588.878ms
[111.140s][info][gc,start      ] GC(15) Pause Final Update Refs
[111.140s][info][gc,task       ] GC(15) Using 1 of 1 workers for final reference update
[111.140s][info][gc            ] GC(15) Pause Final Update Refs 0.390ms
[111.140s][info][gc,start      ] GC(15) Concurrent cleanup
[111.140s][info][gc            ] GC(15) Concurrent cleanup 632M->406M(1913M) 0.090ms
[111.140s][info][gc,ergo       ] Free: 1476M, Max: 512K regular, 712M humongous, Frag: 52% external, 0% internal; Reserve: 101888K, Max: 512K
[111.140s][info][gc,stats      ] 
[111.140s][info][gc,stats      ] All times are wall-clock times, except per-root-class counters, that are sum over
[111.140s][info][gc,stats      ] all workers. Dividing the <total> over the root stage time estimates parallelism.
[111.140s][info][gc,stats      ] 
[111.140s][info][gc,stats      ] Concurrent Reset                    403 us
[111.140s][info][gc,stats      ] Pause Init Mark (G)                4194 us
[111.140s][info][gc,stats      ] Pause Init Mark (N)                1854 us
[111.140s][info][gc,stats      ]   Accumulate Stats                    8 us
[111.140s][info][gc,stats      ]   Make Parsable                      14 us
[111.140s][info][gc,stats      ]   Update Region States               45 us
[111.140s][info][gc,stats      ]   Scan Roots                       1731 us, parallelism: 0.86x
[111.140s][info][gc,stats      ]     S: <total>                     1485 us
[111.140s][info][gc,stats      ]     S: Thread Roots                 827 us, workers (us): 827, 
[111.140s][info][gc,stats      ]     S: Universe Roots                 2 us, workers (us):   2, 
[111.140s][info][gc,stats      ]     S: JNI Handles Roots              1 us, workers (us):   1, 
[111.140s][info][gc,stats      ]     S: Synchronizer Roots             0 us, workers (us):   0, 
[111.140s][info][gc,stats      ]     S: Management Roots               1 us, workers (us):   1, 
[111.140s][info][gc,stats      ]     S: System Dict Roots             13 us, workers (us):  13, 
[111.140s][info][gc,stats      ]     S: CLDG Roots                   640 us, workers (us): 640, 
[111.140s][info][gc,stats      ]     S: JVMTI Roots                    1 us, workers (us):   1, 
[111.140s][info][gc,stats      ]   Resize TLABs                        6 us
[111.140s][info][gc,stats      ] Concurrent Marking               512416 us
[111.140s][info][gc,stats      ] Concurrent Precleaning              664 us
[111.140s][info][gc,stats      ] Pause Final Mark (G)               5602 us
[111.140s][info][gc,stats      ] Pause Final Mark (N)               5196 us
[111.141s][info][gc,stats      ]   Finish Queues                    2355 us
[111.141s][info][gc,stats      ]   Weak References                   142 us
[111.141s][info][gc,stats      ]     Process                         139 us
[111.141s][info][gc,stats      ]   System Purge                      292 us
[111.141s][info][gc,stats      ]     Weak Roots                      292 us
[111.141s][info][gc,stats      ]   Update Region States               45 us
[111.141s][info][gc,stats      ]   Retire TLABs                        7 us
[111.141s][info][gc,stats      ]   Choose Collection Set             148 us
[111.141s][info][gc,stats      ]   Rebuild Free Set                   14 us
[111.141s][info][gc,stats      ]   Initial Evacuation               2186 us, parallelism: 0.62x
[111.141s][info][gc,stats      ]     E: <total>                     1357 us
[111.141s][info][gc,stats      ]     E: Thread Roots                 363 us, workers (us): 363, 
[111.141s][info][gc,stats      ]     E: Code Cache Roots             360 us, workers (us): 360, 
[111.141s][info][gc,stats      ]     E: Universe Roots                 3 us, workers (us):   3, 
[111.141s][info][gc,stats      ]     E: JNI Handles Roots              1 us, workers (us):   1, 
[111.141s][info][gc,stats      ]     E: Synchronizer Roots             0 us, workers (us):   0, 
[111.141s][info][gc,stats      ]     E: Management Roots               2 us, workers (us):   2, 
[111.141s][info][gc,stats      ]     E: System Dict Roots             11 us, workers (us):  11, 
[111.141s][info][gc,stats      ]     E: CLDG Roots                   616 us, workers (us): 616, 
[111.141s][info][gc,stats      ]     E: JVMTI Roots                    1 us, workers (us):   1, 
[111.141s][info][gc,stats      ] Concurrent Cleanup                  366 us
[111.141s][info][gc,stats      ] Concurrent Evacuation            162566 us
[111.141s][info][gc,stats      ] Pause Init  Update Refs (G)        2310 us
[111.141s][info][gc,stats      ] Pause Init  Update Refs (N)          12 us
[111.141s][info][gc,stats      ]   Retire GCLABs                       6 us
[111.141s][info][gc,stats      ] Concurrent Update Refs           588867 us
[111.141s][info][gc,stats      ] Pause Final Update Refs (G)        2671 us
[111.141s][info][gc,stats      ] Pause Final Update Refs (N)         346 us
[111.141s][info][gc,stats      ]   Update Roots                      273 us, parallelism: 0.97x
[111.141s][info][gc,stats      ]     UR: <total>                     264 us
[111.141s][info][gc,stats      ]     UR: Thread Roots                264 us, workers (us): 264, 
[111.141s][info][gc,stats      ]   Update Region States               43 us
[111.141s][info][gc,stats      ]   Trash Collection Set                5 us
[111.141s][info][gc,stats      ]   Rebuild Free Set                   15 us
[111.141s][info][gc,stats      ] Concurrent Cleanup                   84 us
[111.141s][info][gc,stats      ] Pacing                           791617 us
[111.141s][info][gc,stats      ] 
[111.141s][info][gc,stats      ] Allocation pacing accrued:
[111.141s][info][gc,stats      ]     409 of 15097 ms (  2.7%): task-result-getter-3
[111.141s][info][gc,stats      ]     383 of 15097 ms (  2.5%): Executor task launch worker for task 2.0 in stage 12.0 (TID 20)
[111.141s][info][gc,stats      ]     792 of 15097 ms (  5.2%): <total>
[111.141s][info][gc,stats      ]       9 of 15097 ms (  0.1%): <average total>
[111.141s][info][gc,stats      ]     396 of 15097 ms (  2.6%): <average non-zero>
[111.141s][info][gc,stats      ] 
[111.141s][info][gc,metaspace  ] Metaspace: 65751K->65925K(1107968K)
[111.141s][info][gc,ergo       ] Pacer for Idle. Initial: 40724K, Alloc Tax Rate: 1.0x
[113.217s][info][gc            ] Trigger: Explicit GC request (System.gc())
[113.217s][info][gc,ergo       ] Free: 629M, Max: 512K regular, 400M humongous, Frag: 37% external, 0% internal; Reserve: 101888K, Max: 512K
[113.217s][info][gc,start      ] GC(16) Concurrent reset
[113.217s][info][gc,task       ] GC(16) Using 1 of 1 workers for concurrent reset
[113.217s][info][gc,ergo       ] GC(16) Pacer for Reset. Non-Taxable: 1988M
[113.217s][info][gc            ] GC(16) Concurrent reset 0.651ms
[113.218s][info][gc,start      ] GC(16) Pause Init Mark (process weakrefs) (unload classes)
[113.218s][info][gc,task       ] GC(16) Using 1 of 1 workers for init marking
[113.218s][info][gc,ergo       ] GC(16) Pacer for Mark. Expected Live: 143M, Free: 629M, Non-Taxable: 64443K, Alloc Tax Rate: 0.3x
[113.218s][info][gc            ] GC(16) Pause Init Mark (process weakrefs) (unload classes) 0.775ms
[113.218s][info][gc,start      ] GC(16) Concurrent marking (process weakrefs) (unload classes)
[113.218s][info][gc,task       ] GC(16) Using 1 of 1 workers for concurrent marking
[113.436s][info][gc            ] GC(16) Concurrent marking (process weakrefs) (unload classes) 217.791ms
[113.436s][info][gc,start      ] GC(16) Concurrent precleaning
[113.436s][info][gc,task       ] GC(16) Using 1 of 1 workers for concurrent preclean
[113.436s][info][gc,ergo       ] GC(16) Pacer for Precleaning. Non-Taxable: 1988M
[113.437s][info][gc            ] GC(16) Concurrent precleaning 0.358ms
[113.437s][info][gc,start      ] GC(16) Pause Final Mark (process weakrefs) (unload classes)
[113.437s][info][gc,task       ] GC(16) Using 1 of 1 workers for final marking
[113.463s][info][gc,stringtable] GC(16) Cleaned string and symbol table, strings: 19908 processed, 0 removed, symbols: 140008 processed, 110 removed
[113.463s][info][gc,ergo       ] GC(16) Collectable Garbage: 1061M (96%), Immediate: 1061M (96%), CSet: 0B (0%)
[113.463s][info][gc            ] GC(16) Pause Final Mark (process weakrefs) (unload classes) 26.283ms
[113.463s][info][gc,start      ] GC(16) Concurrent cleanup
[113.463s][info][gc            ] GC(16) Concurrent cleanup 1241M->179M(1913M) 0.153ms
[113.463s][info][gc,ergo       ] GC(16) Free: 1707M, Max: 512K regular, 532M humongous, Frag: 69% external, 0% internal; Reserve: 101888K, Max: 512K
[113.463s][info][gc,ergo       ] Free: 1707M, Max: 512K regular, 532M humongous, Frag: 69% external, 0% internal; Reserve: 101888K, Max: 512K
[113.463s][info][gc,stats      ] 
[113.463s][info][gc,stats      ] All times are wall-clock times, except per-root-class counters, that are sum over
[113.463s][info][gc,stats      ] all workers. Dividing the <total> over the root stage time estimates parallelism.
[113.463s][info][gc,stats      ] 
[113.463s][info][gc,stats      ] Concurrent Reset                    632 us
[113.463s][info][gc,stats      ] Pause Init Mark (G)                1036 us
[113.463s][info][gc,stats      ] Pause Init Mark (N)                 751 us
[113.463s][info][gc,stats      ]   Accumulate Stats                   13 us
[113.463s][info][gc,stats      ]   Make Parsable                      20 us
[113.463s][info][gc,stats      ]   Update Region States               40 us
[113.463s][info][gc,stats      ]   Scan Roots                        659 us, parallelism: 0.61x
[113.463s][info][gc,stats      ]     S: <total>                      404 us
[113.463s][info][gc,stats      ]     S: Thread Roots                 296 us, workers (us): 296, 
[113.463s][info][gc,stats      ]     S: Universe Roots                 2 us, workers (us):   2, 
[113.463s][info][gc,stats      ]     S: JNI Handles Roots              2 us, workers (us):   2, 
[113.463s][info][gc,stats      ]     S: Synchronizer Roots             0 us, workers (us):   0, 
[113.463s][info][gc,stats      ]     S: Management Roots               1 us, workers (us):   1, 
[113.463s][info][gc,stats      ]     S: System Dict Roots             11 us, workers (us):  11, 
[113.463s][info][gc,stats      ]     S: CLDG Roots                    91 us, workers (us):  91, 
[113.463s][info][gc,stats      ]     S: JVMTI Roots                    0 us, workers (us):   0, 
[113.463s][info][gc,stats      ]   Resize TLABs                        4 us
[113.463s][info][gc,stats      ] Concurrent Marking               217785 us
[113.463s][info][gc,stats      ] Concurrent Precleaning              347 us
[113.463s][info][gc,stats      ] Pause Final Mark (G)              26414 us
[113.463s][info][gc,stats      ] Pause Final Mark (N)              26276 us
[113.463s][info][gc,stats      ]   Finish Queues                      66 us
[113.463s][info][gc,stats      ]   Weak References                   109 us
[113.463s][info][gc,stats      ]     Process                         107 us
[113.463s][info][gc,stats      ]   System Purge                      274 us
[113.463s][info][gc,stats      ]     Unload Classes                 1180 us
[113.463s][info][gc,stats      ]     Cleanup                       24216 us, parallelism: 1.00x
[113.463s][info][gc,stats      ]       CU: <total>                 24156 us
[113.463s][info][gc,stats      ]       CU: Code Cache Roots         9821 us, workers (us): 9821, 
[113.463s][info][gc,stats      ]       CU: Code Cache Cleaning      1744 us, workers (us): 1744, 
[113.463s][info][gc,stats      ]       CU: String Table Roots       6510 us, workers (us): 6510, 
[113.463s][info][gc,stats      ]       CU: Resolved Table Roots      138 us, workers (us): 138, 
[113.463s][info][gc,stats      ]       CU: CLDG Roots               5943 us, workers (us): 5943, 
[113.463s][info][gc,stats      ]     Weak Roots                      274 us
[113.463s][info][gc,stats      ]     CLDG                            295 us
[113.463s][info][gc,stats      ]   Update Region States               51 us
[113.463s][info][gc,stats      ]   Retire TLABs                       20 us
[113.463s][info][gc,stats      ]   Choose Collection Set              43 us
[113.463s][info][gc,stats      ]   Rebuild Free Set                   14 us
[113.463s][info][gc,stats      ] Concurrent Cleanup                  147 us
[113.463s][info][gc,stats      ] 
[113.463s][info][gc,stats      ] Allocation pacing accrued:
[113.463s][info][gc,stats      ]       0 of  2323 ms (  0.0%): <total>
[113.463s][info][gc,stats      ]       0 of  2323 ms (  0.0%): <average total>
[113.463s][info][gc,stats      ] 
[113.464s][info][gc,metaspace  ] Metaspace: 66125K->65568K(1107968K)
[113.464s][info][gc,ergo       ] Pacer for Idle. Initial: 40724K, Alloc Tax Rate: 1.0x
[113.464s][info][gc,start      ] Concurrent uncommit
[113.555s][info][gc            ] Concurrent uncommit 179M->179M(181M) 91.285ms
[114.941s][info][gc            ] Trigger: Learning 2 of 5. Free (1391M) is below initial threshold (1391M)
[114.941s][info][gc,ergo       ] Free: 1391M, Max: 512K regular, 532M humongous, Frag: 62% external, 0% internal; Reserve: 101888K, Max: 512K
[114.941s][info][gc,start      ] GC(17) Concurrent reset
[114.941s][info][gc,task       ] GC(17) Using 1 of 1 workers for concurrent reset
[114.941s][info][gc,ergo       ] GC(17) Pacer for Reset. Non-Taxable: 1988M
[114.942s][info][gc            ] GC(17) Concurrent reset 0.336ms
[114.944s][info][gc,start      ] GC(17) Pause Init Mark
[114.944s][info][gc,task       ] GC(17) Using 1 of 1 workers for init marking
[114.946s][info][gc,ergo       ] GC(17) Pacer for Mark. Expected Live: 162M, Free: 1391M, Non-Taxable: 139M, Alloc Tax Rate: 0.1x
[114.946s][info][gc            ] GC(17) Pause Init Mark 1.448ms
[114.946s][info][gc,start      ] GC(17) Concurrent marking
[114.946s][info][gc,task       ] GC(17) Using 1 of 1 workers for concurrent marking
[115.478s][info][gc            ] GC(17) Concurrent marking 532.046ms
[115.481s][info][gc,start      ] GC(17) Pause Final Mark
[115.481s][info][gc,task       ] GC(17) Using 1 of 1 workers for final marking
[115.481s][info][gc,ergo       ] GC(17) Adaptive CSet Selection. Target Free: 281M, Actual Free: 1417M, Max CSet: 84823K, Min Garbage: 0B
[115.481s][info][gc,ergo       ] GC(17) Collectable Garbage: 301M (99%), Immediate: 17889K (5%), CSet: 284M (93%)
[115.484s][info][gc,ergo       ] GC(17) Pacer for Evacuation. Used CSet: 326M, Free: 1322M, Non-Taxable: 132M, Alloc Tax Rate: 1.1x
[115.484s][info][gc            ] GC(17) Pause Final Mark 3.632ms
[115.484s][info][gc,start      ] GC(17) Concurrent cleanup
[115.485s][info][gc            ] GC(17) Concurrent cleanup 581M->564M(589M) 0.194ms
[115.485s][info][gc,ergo       ] GC(17) Free: 1322M, Max: 512K regular, 533M humongous, Frag: 60% external, 0% internal; Reserve: 101376K, Max: 512K
[115.485s][info][gc,start      ] GC(17) Concurrent evacuation
[115.485s][info][gc,task       ] GC(17) Using 1 of 1 workers for concurrent evacuation
[115.590s][info][gc            ] GC(17) Concurrent evacuation 105.548ms
[115.593s][info][gc,start      ] GC(17) Pause Init Update Refs
[115.593s][info][gc,ergo       ] GC(17) Pacer for Update Refs. Used: 623M, Free: 1306M, Non-Taxable: 130M, Alloc Tax Rate: 1.1x
[115.593s][info][gc            ] GC(17) Pause Init Update Refs 0.032ms
[115.593s][info][gc,start      ] GC(17) Concurrent update references
[115.593s][info][gc,task       ] GC(17) Using 1 of 1 workers for concurrent reference update
[115.992s][info][gc            ] GC(17) Concurrent update references 398.697ms
[115.994s][info][gc,start      ] GC(17) Pause Final Update Refs
[115.994s][info][gc,task       ] GC(17) Using 1 of 1 workers for final reference update
[115.995s][info][gc            ] GC(17) Pause Final Update Refs 0.407ms
[115.995s][info][gc,start      ] GC(17) Concurrent cleanup
[115.995s][info][gc            ] GC(17) Concurrent cleanup 688M->361M(691M) 0.106ms
[115.995s][info][gc,ergo       ] Free: 1525M, Max: 512K regular, 701M humongous, Frag: 54% external, 0% internal; Reserve: 101888K, Max: 512K
[115.995s][info][gc,stats      ] 
[115.995s][info][gc,stats      ] All times are wall-clock times, except per-root-class counters, that are sum over
[115.995s][info][gc,stats      ] all workers. Dividing the <total> over the root stage time estimates parallelism.
[115.995s][info][gc,stats      ] 
[115.995s][info][gc,stats      ] Concurrent Reset                    319 us
[115.995s][info][gc,stats      ] Pause Init Mark (G)                3966 us
[115.995s][info][gc,stats      ] Pause Init Mark (N)                1425 us
[115.995s][info][gc,stats      ]   Accumulate Stats                   15 us
[115.995s][info][gc,stats      ]   Make Parsable                      14 us
[115.995s][info][gc,stats      ]   Update Region States               44 us
[115.995s][info][gc,stats      ]   Scan Roots                       1305 us, parallelism: 0.81x
[115.995s][info][gc,stats      ]     S: <total>                     1060 us
[115.995s][info][gc,stats      ]     S: Thread Roots                 403 us, workers (us): 403, 
[115.995s][info][gc,stats      ]     S: Universe Roots                 2 us, workers (us):   2, 
[115.995s][info][gc,stats      ]     S: JNI Handles Roots              1 us, workers (us):   1, 
[115.995s][info][gc,stats      ]     S: Synchronizer Roots             0 us, workers (us):   0, 
[115.995s][info][gc,stats      ]     S: Management Roots               2 us, workers (us):   2, 
[115.995s][info][gc,stats      ]     S: System Dict Roots             13 us, workers (us):  13, 
[115.995s][info][gc,stats      ]     S: CLDG Roots                   639 us, workers (us): 639, 
[115.995s][info][gc,stats      ]     S: JVMTI Roots                    1 us, workers (us):   1, 
[115.995s][info][gc,stats      ]   Resize TLABs                       10 us
[115.995s][info][gc,stats      ] Concurrent Marking               532038 us
[115.995s][info][gc,stats      ] Pause Final Mark (G)               6145 us
[115.995s][info][gc,stats      ] Pause Final Mark (N)               3599 us
[115.995s][info][gc,stats      ]   Finish Queues                      26 us
[115.995s][info][gc,stats      ]   System Purge                      288 us
[115.995s][info][gc,stats      ]     Weak Roots                      288 us
[115.995s][info][gc,stats      ]   Update Region States               41 us
[115.995s][info][gc,stats      ]   Retire TLABs                       10 us
[115.995s][info][gc,stats      ]   Choose Collection Set             126 us
[115.995s][info][gc,stats      ]   Rebuild Free Set                   14 us
[115.995s][info][gc,stats      ]   Initial Evacuation               3086 us, parallelism: 0.70x
[115.995s][info][gc,stats      ]     E: <total>                     2169 us
[115.995s][info][gc,stats      ]     E: Thread Roots                 482 us, workers (us): 482, 
[115.995s][info][gc,stats      ]     E: Code Cache Roots             993 us, workers (us): 993, 
[115.995s][info][gc,stats      ]     E: Universe Roots                 1 us, workers (us):   1, 
[115.995s][info][gc,stats      ]     E: JNI Handles Roots              1 us, workers (us):   1, 
[115.995s][info][gc,stats      ]     E: Synchronizer Roots             0 us, workers (us):   0, 
[115.995s][info][gc,stats      ]     E: Management Roots               1 us, workers (us):   1, 
[115.995s][info][gc,stats      ]     E: System Dict Roots             36 us, workers (us):  36, 
[115.995s][info][gc,stats      ]     E: CLDG Roots                   655 us, workers (us): 655, 
[115.995s][info][gc,stats      ]     E: JVMTI Roots                    0 us, workers (us):   0, 
[115.995s][info][gc,stats      ] Concurrent Cleanup                  185 us
[115.995s][info][gc,stats      ] Concurrent Evacuation            105537 us
[115.995s][info][gc,stats      ] Pause Init  Update Refs (G)        2662 us
[115.995s][info][gc,stats      ] Pause Init  Update Refs (N)          12 us
[115.995s][info][gc,stats      ]   Retire GCLABs                       6 us
[115.995s][info][gc,stats      ] Concurrent Update Refs           398686 us
[115.995s][info][gc,stats      ] Pause Final Update Refs (G)        2997 us
[115.995s][info][gc,stats      ] Pause Final Update Refs (N)         379 us
[115.995s][info][gc,stats      ]   Update Roots                      310 us, parallelism: 0.98x
[115.995s][info][gc,stats      ]     UR: <total>                     304 us
[115.995s][info][gc,stats      ]     UR: Thread Roots                304 us, workers (us): 304, 
[115.995s][info][gc,stats      ]   Update Region States               41 us
[115.995s][info][gc,stats      ]   Trash Collection Set                5 us
[115.995s][info][gc,stats      ]   Rebuild Free Set                   13 us
[115.995s][info][gc,stats      ] Concurrent Cleanup                   99 us
[115.995s][info][gc,stats      ] 
[115.995s][info][gc,stats      ] Allocation pacing accrued:
[115.995s][info][gc,stats      ]       0 of  2532 ms (  0.0%): <total>
[115.995s][info][gc,stats      ]       0 of  2532 ms (  0.0%): <average total>
[115.995s][info][gc,stats      ] 
[115.995s][info][gc,metaspace  ] Metaspace: 66071K->66071K(1107968K)
[115.995s][info][gc,ergo       ] Pacer for Idle. Initial: 40724K, Alloc Tax Rate: 1.0x
[116.495s][info][gc            ] Trigger: Learning 3 of 5. Free (1391M) is below initial threshold (1391M)
[116.495s][info][gc,ergo       ] Free: 1391M, Max: 512K regular, 701M humongous, Frag: 50% external, 0% internal; Reserve: 101888K, Max: 512K
[116.495s][info][gc,start      ] GC(18) Concurrent reset
[116.495s][info][gc,task       ] GC(18) Using 1 of 1 workers for concurrent reset
[116.495s][info][gc,ergo       ] GC(18) Pacer for Reset. Non-Taxable: 1988M
[116.496s][info][gc            ] GC(18) Concurrent reset 0.880ms
[116.499s][info][gc,start      ] GC(18) Pause Init Mark
[116.499s][info][gc,task       ] GC(18) Using 1 of 1 workers for init marking
[116.500s][info][gc,ergo       ] GC(18) Pacer for Mark. Expected Live: 167M, Free: 1391M, Non-Taxable: 139M, Alloc Tax Rate: 0.1x
[116.500s][info][gc            ] GC(18) Pause Init Mark 1.430ms
[116.500s][info][gc,start      ] GC(18) Concurrent marking
[116.500s][info][gc,task       ] GC(18) Using 1 of 1 workers for concurrent marking
[117.216s][info][gc            ] GC(18) Concurrent marking 715.421ms
[117.218s][info][gc,start      ] GC(18) Pause Final Mark
[117.218s][info][gc,task       ] GC(18) Using 1 of 1 workers for final marking
[117.218s][info][gc,ergo       ] GC(18) Adaptive CSet Selection. Target Free: 281M, Actual Free: 1518M, Max CSet: 84823K, Min Garbage: 0B
[117.218s][info][gc,ergo       ] GC(18) Collectable Garbage: 315M (98%), Immediate: 31232K (9%), CSet: 284M (89%)
[117.220s][info][gc,ergo       ] GC(18) Pacer for Evacuation. Used CSet: 303M, Free: 1420M, Non-Taxable: 142M, Alloc Tax Rate: 1.1x
[117.220s][info][gc            ] GC(18) Pause Final Mark 2.536ms
[117.221s][info][gc,start      ] GC(18) Concurrent cleanup
[117.221s][info][gc            ] GC(18) Concurrent cleanup 495M->465M(691M) 0.079ms
[117.221s][info][gc,ergo       ] GC(18) Free: 1420M, Max: 512K regular, 723M humongous, Frag: 50% external, 0% internal; Reserve: 101885K, Max: 512K
[117.221s][info][gc,start      ] GC(18) Concurrent evacuation
[117.221s][info][gc,task       ] GC(18) Using 1 of 1 workers for concurrent evacuation
[117.300s][info][gc            ] GC(18) Concurrent evacuation 79.403ms
[117.303s][info][gc,start      ] GC(18) Pause Init Update Refs
[117.303s][info][gc,ergo       ] GC(18) Pacer for Update Refs. Used: 483M, Free: 1420M, Non-Taxable: 142M, Alloc Tax Rate: 1.1x
[117.303s][info][gc            ] GC(18) Pause Init Update Refs 0.049ms
[117.303s][info][gc,start      ] GC(18) Concurrent update references
[117.303s][info][gc,task       ] GC(18) Using 1 of 1 workers for concurrent reference update
[117.663s][info][gc            ] GC(18) Concurrent update references 360.534ms
[117.666s][info][gc,start      ] GC(18) Pause Final Update Refs
[117.666s][info][gc,task       ] GC(18) Using 1 of 1 workers for final reference update
[117.667s][info][gc            ] GC(18) Pause Final Update Refs 0.454ms
[117.667s][info][gc,start      ] GC(18) Concurrent cleanup
[117.667s][info][gc            ] GC(18) Concurrent cleanup 502M->199M(691M) 0.106ms
[117.667s][info][gc,ergo       ] Free: 1687M, Max: 512K regular, 713M humongous, Frag: 58% external, 0% internal; Reserve: 101888K, Max: 512K
[117.667s][info][gc,stats      ] 
[117.667s][info][gc,stats      ] All times are wall-clock times, except per-root-class counters, that are sum over
[117.667s][info][gc,stats      ] all workers. Dividing the <total> over the root stage time estimates parallelism.
[117.667s][info][gc,stats      ] 
[117.667s][info][gc,stats      ] Concurrent Reset                    777 us
[117.667s][info][gc,stats      ] Pause Init Mark (G)                3951 us
[117.667s][info][gc,stats      ] Pause Init Mark (N)                1412 us
[117.667s][info][gc,stats      ]   Accumulate Stats                   13 us
[117.667s][info][gc,stats      ]   Make Parsable                      10 us
[117.667s][info][gc,stats      ]   Update Region States               40 us
[117.667s][info][gc,stats      ]   Scan Roots                       1302 us, parallelism: 0.80x
[117.667s][info][gc,stats      ]     S: <total>                     1040 us
[117.667s][info][gc,stats      ]     S: Thread Roots                 433 us, workers (us): 433, 
[117.667s][info][gc,stats      ]     S: Universe Roots                 2 us, workers (us):   2, 
[117.667s][info][gc,stats      ]     S: JNI Handles Roots              1 us, workers (us):   1, 
[117.667s][info][gc,stats      ]     S: Synchronizer Roots             0 us, workers (us):   0, 
[117.667s][info][gc,stats      ]     S: Management Roots               1 us, workers (us):   1, 
[117.667s][info][gc,stats      ]     S: System Dict Roots             29 us, workers (us):  29, 
[117.667s][info][gc,stats      ]     S: CLDG Roots                   573 us, workers (us): 573, 
[117.667s][info][gc,stats      ]     S: JVMTI Roots                    1 us, workers (us):   1, 
[117.667s][info][gc,stats      ]   Resize TLABs                       12 us
[117.667s][info][gc,stats      ] Concurrent Marking               715414 us
[117.667s][info][gc,stats      ] Pause Final Mark (G)               3294 us
[117.667s][info][gc,stats      ] Pause Final Mark (N)               2498 us
[117.667s][info][gc,stats      ]   Finish Queues                      30 us
[117.667s][info][gc,stats      ]   System Purge                      285 us
[117.667s][info][gc,stats      ]     Weak Roots                      285 us
[117.667s][info][gc,stats      ]   Update Region States               51 us
[117.667s][info][gc,stats      ]   Retire TLABs                       16 us
[117.667s][info][gc,stats      ]   Choose Collection Set             142 us
[117.667s][info][gc,stats      ]   Rebuild Free Set                   14 us
[117.667s][info][gc,stats      ]   Initial Evacuation               1951 us, parallelism: 0.67x
[117.667s][info][gc,stats      ]     E: <total>                     1299 us
[117.667s][info][gc,stats      ]     E: Thread Roots                 492 us, workers (us): 492, 
[117.667s][info][gc,stats      ]     E: Code Cache Roots             220 us, workers (us): 220, 
[117.667s][info][gc,stats      ]     E: Universe Roots                 1 us, workers (us):   1, 
[117.667s][info][gc,stats      ]     E: JNI Handles Roots              1 us, workers (us):   1, 
[117.667s][info][gc,stats      ]     E: Synchronizer Roots             0 us, workers (us):   0, 
[117.667s][info][gc,stats      ]     E: Management Roots               2 us, workers (us):   2, 
[117.667s][info][gc,stats      ]     E: System Dict Roots              9 us, workers (us):   9, 
[117.667s][info][gc,stats      ]     E: CLDG Roots                   574 us, workers (us): 574, 
[117.667s][info][gc,stats      ]     E: JVMTI Roots                    1 us, workers (us):   1, 
[117.667s][info][gc,stats      ] Concurrent Cleanup                   71 us
[117.667s][info][gc,stats      ] Concurrent Evacuation             79392 us
[117.667s][info][gc,stats      ] Pause Init  Update Refs (G)        2780 us
[117.667s][info][gc,stats      ] Pause Init  Update Refs (N)          14 us
[117.667s][info][gc,stats      ]   Retire GCLABs                       7 us
[117.667s][info][gc,stats      ] Concurrent Update Refs           360524 us
[117.667s][info][gc,stats      ] Pause Final Update Refs (G)        3056 us
[117.667s][info][gc,stats      ] Pause Final Update Refs (N)         419 us
[117.667s][info][gc,stats      ]   Update Roots                      351 us, parallelism: 0.98x
[117.667s][info][gc,stats      ]     UR: <total>                     345 us
[117.667s][info][gc,stats      ]     UR: Thread Roots                345 us, workers (us): 345, 
[117.667s][info][gc,stats      ]   Update Region States               40 us
[117.667s][info][gc,stats      ]   Trash Collection Set                4 us
[117.667s][info][gc,stats      ]   Rebuild Free Set                   15 us
[117.667s][info][gc,stats      ] Concurrent Cleanup                   99 us
[117.667s][info][gc,stats      ] 
[117.667s][info][gc,stats      ] Allocation pacing accrued:
[117.667s][info][gc,stats      ]       0 of  1672 ms (  0.0%): <total>
[117.667s][info][gc,stats      ]       0 of  1672 ms (  0.0%): <average total>
[117.667s][info][gc,stats      ] 
[117.667s][info][gc,metaspace  ] Metaspace: 66071K->66089K(1107968K)
[117.667s][info][gc,ergo       ] Pacer for Idle. Initial: 40724K, Alloc Tax Rate: 1.0x
[118.399s][info][gc            ] Trigger: Learning 4 of 5. Free (1391M) is below initial threshold (1391M)
[118.399s][info][gc,ergo       ] Free: 1392M, Max: 512K regular, 713M humongous, Frag: 49% external, 0% internal; Reserve: 101888K, Max: 512K
[118.399s][info][gc,start      ] GC(19) Concurrent reset
[118.399s][info][gc,task       ] GC(19) Using 1 of 1 workers for concurrent reset
[118.399s][info][gc,ergo       ] GC(19) Pacer for Reset. Non-Taxable: 1988M
[118.400s][info][gc            ] GC(19) Concurrent reset 1.177ms
[118.403s][info][gc,start      ] GC(19) Pause Init Mark
[118.403s][info][gc,task       ] GC(19) Using 1 of 1 workers for init marking
[118.404s][info][gc,ergo       ] GC(19) Pacer for Mark. Expected Live: 163M, Free: 1392M, Non-Taxable: 139M, Alloc Tax Rate: 0.1x
[118.404s][info][gc            ] GC(19) Pause Init Mark 1.340ms
[118.404s][info][gc,start      ] GC(19) Concurrent marking
[118.404s][info][gc,task       ] GC(19) Using 1 of 1 workers for concurrent marking
[118.987s][info][gc            ] GC(19) Concurrent marking 582.623ms
[118.987s][info][gc,start      ] GC(19) Pause Final Mark
[118.987s][info][gc,task       ] GC(19) Using 1 of 1 workers for final marking
[118.987s][info][gc,ergo       ] GC(19) Adaptive CSet Selection. Target Free: 281M, Actual Free: 1442M, Max CSet: 84823K, Min Garbage: 0B
[118.987s][info][gc,ergo       ] GC(19) Collectable Garbage: 300M (99%), Immediate: 52295K (16%), CSet: 249M (82%)
[118.989s][info][gc,ergo       ] GC(19) Pacer for Evacuation. Used CSet: 289M, Free: 1347M, Non-Taxable: 134M, Alloc Tax Rate: 1.1x
[118.989s][info][gc            ] GC(19) Pause Final Mark 2.227ms
[118.989s][info][gc,start      ] GC(19) Concurrent cleanup
[118.989s][info][gc            ] GC(19) Concurrent cleanup 589M->539M(691M) 0.078ms
[118.989s][info][gc,ergo       ] GC(19) Free: 1347M, Max: 512K regular, 734M humongous, Frag: 46% external, 0% internal; Reserve: 101881K, Max: 512K
[118.989s][info][gc,start      ] GC(19) Concurrent evacuation
[118.989s][info][gc,task       ] GC(19) Using 1 of 1 workers for concurrent evacuation
[119.070s][info][gc            ] GC(19) Concurrent evacuation 81.208ms
[119.073s][info][gc,start      ] GC(19) Pause Init Update Refs
[119.073s][info][gc,ergo       ] GC(19) Pacer for Update Refs. Used: 591M, Free: 1335M, Non-Taxable: 133M, Alloc Tax Rate: 1.1x
[119.073s][info][gc            ] GC(19) Pause Init Update Refs 0.032ms
[119.073s][info][gc,start      ] GC(19) Concurrent update references
[119.073s][info][gc,task       ] GC(19) Using 1 of 1 workers for concurrent reference update
[119.480s][info][gc            ] GC(19) Concurrent update references 406.580ms
[119.482s][info][gc,start      ] GC(19) Pause Final Update Refs
[119.482s][info][gc,task       ] GC(19) Using 1 of 1 workers for final reference update
[119.483s][info][gc            ] GC(19) Pause Final Update Refs 0.415ms
[119.483s][info][gc,start      ] GC(19) Concurrent cleanup
[119.483s][info][gc            ] GC(19) Concurrent cleanup 670M->381M(691M) 0.092ms
[119.483s][info][gc,ergo       ] Free: 1504M, Max: 512K regular, 700M humongous, Frag: 54% external, 0% internal; Reserve: 101888K, Max: 512K
[119.483s][info][gc,stats      ] 
[119.483s][info][gc,stats      ] All times are wall-clock times, except per-root-class counters, that are sum over
[119.483s][info][gc,stats      ] all workers. Dividing the <total> over the root stage time estimates parallelism.
[119.483s][info][gc,stats      ] 
[119.483s][info][gc,stats      ] Concurrent Reset                   1151 us
[119.483s][info][gc,stats      ] Pause Init Mark (G)                3982 us
[119.483s][info][gc,stats      ] Pause Init Mark (N)                1323 us
[119.483s][info][gc,stats      ]   Accumulate Stats                   13 us
[119.483s][info][gc,stats      ]   Make Parsable                      10 us
[119.483s][info][gc,stats      ]   Update Region States               40 us
[119.483s][info][gc,stats      ]   Scan Roots                       1219 us, parallelism: 0.80x
[119.483s][info][gc,stats      ]     S: <total>                      974 us
[119.483s][info][gc,stats      ]     S: Thread Roots                 355 us, workers (us): 355, 
[119.483s][info][gc,stats      ]     S: Universe Roots                 2 us, workers (us):   2, 
[119.483s][info][gc,stats      ]     S: JNI Handles Roots              1 us, workers (us):   1, 
[119.483s][info][gc,stats      ]     S: Synchronizer Roots             0 us, workers (us):   0, 
[119.483s][info][gc,stats      ]     S: Management Roots               1 us, workers (us):   1, 
[119.483s][info][gc,stats      ]     S: System Dict Roots             12 us, workers (us):  12, 
[119.483s][info][gc,stats      ]     S: CLDG Roots                   602 us, workers (us): 602, 
[119.483s][info][gc,stats      ]     S: JVMTI Roots                    1 us, workers (us):   1, 
[119.483s][info][gc,stats      ]   Resize TLABs                        9 us
[119.483s][info][gc,stats      ] Concurrent Marking               582616 us
[119.483s][info][gc,stats      ] Pause Final Mark (G)               2336 us
[119.483s][info][gc,stats      ] Pause Final Mark (N)               2208 us
[119.483s][info][gc,stats      ]   Finish Queues                      24 us
[119.483s][info][gc,stats      ]   System Purge                      233 us
[119.483s][info][gc,stats      ]     Weak Roots                      232 us
[119.483s][info][gc,stats      ]   Update Region States               42 us
[119.483s][info][gc,stats      ]   Retire TLABs                       14 us
[119.483s][info][gc,stats      ]   Choose Collection Set             119 us
[119.483s][info][gc,stats      ]   Rebuild Free Set                   14 us
[119.483s][info][gc,stats      ]   Initial Evacuation               1753 us, parallelism: 0.64x
[119.483s][info][gc,stats      ]     E: <total>                     1117 us
[119.483s][info][gc,stats      ]     E: Thread Roots                 395 us, workers (us): 395, 
[119.483s][info][gc,stats      ]     E: Code Cache Roots             227 us, workers (us): 227, 
[119.483s][info][gc,stats      ]     E: Universe Roots                 1 us, workers (us):   1, 
[119.483s][info][gc,stats      ]     E: JNI Handles Roots              1 us, workers (us):   1, 
[119.483s][info][gc,stats      ]     E: Synchronizer Roots             0 us, workers (us):   0, 
[119.483s][info][gc,stats      ]     E: Management Roots               1 us, workers (us):   1, 
[119.483s][info][gc,stats      ]     E: System Dict Roots             10 us, workers (us):  10, 
[119.483s][info][gc,stats      ]     E: CLDG Roots                   481 us, workers (us): 481, 
[119.483s][info][gc,stats      ]     E: JVMTI Roots                    0 us, workers (us):   0, 
[119.483s][info][gc,stats      ] Concurrent Cleanup                   71 us
[119.483s][info][gc,stats      ] Concurrent Evacuation             81198 us
[119.483s][info][gc,stats      ] Pause Init  Update Refs (G)        2572 us
[119.483s][info][gc,stats      ] Pause Init  Update Refs (N)          13 us
[119.483s][info][gc,stats      ]   Retire GCLABs                       6 us
[119.483s][info][gc,stats      ] Concurrent Update Refs           406568 us
[119.483s][info][gc,stats      ] Pause Final Update Refs (G)        2927 us
[119.483s][info][gc,stats      ] Pause Final Update Refs (N)         397 us
[119.483s][info][gc,stats      ]   Update Roots                      327 us, parallelism: 0.98x
[119.483s][info][gc,stats      ]     UR: <total>                     320 us
[119.483s][info][gc,stats      ]     UR: Thread Roots                320 us, workers (us): 320, 
[119.483s][info][gc,stats      ]   Update Region States               45 us
[119.483s][info][gc,stats      ]   Trash Collection Set                5 us
[119.483s][info][gc,stats      ]   Rebuild Free Set                   13 us
[119.483s][info][gc,stats      ] Concurrent Cleanup                   86 us
[119.483s][info][gc,stats      ] 
[119.483s][info][gc,stats      ] Allocation pacing accrued:
[119.483s][info][gc,stats      ]       0 of  1816 ms (  0.0%): <total>
[119.483s][info][gc,stats      ]       0 of  1816 ms (  0.0%): <average total>
[119.483s][info][gc,stats      ] 
[119.483s][info][gc,metaspace  ] Metaspace: 66089K->66090K(1107968K)
[119.483s][info][gc,ergo       ] Pacer for Idle. Initial: 40724K, Alloc Tax Rate: 1.0x
[120.263s][info][gc            ] Trigger: Learning 5 of 5. Free (1391M) is below initial threshold (1391M)
[120.263s][info][gc,ergo       ] Free: 1391M, Max: 512K regular, 700M humongous, Frag: 50% external, 0% internal; Reserve: 101888K, Max: 512K
[120.263s][info][gc,start      ] GC(20) Concurrent reset
[120.263s][info][gc,task       ] GC(20) Using 1 of 1 workers for concurrent reset
[120.263s][info][gc,ergo       ] GC(20) Pacer for Reset. Non-Taxable: 1988M
[120.264s][info][gc            ] GC(20) Concurrent reset 0.728ms
[120.272s][info][gc,start      ] GC(20) Pause Init Mark (process weakrefs)
[120.272s][info][gc,task       ] GC(20) Using 1 of 1 workers for init marking
[120.273s][info][gc,ergo       ] GC(20) Pacer for Mark. Expected Live: 172M, Free: 1391M, Non-Taxable: 139M, Alloc Tax Rate: 0.2x
[120.273s][info][gc            ] GC(20) Pause Init Mark (process weakrefs) 1.412ms
[120.273s][info][gc,start      ] GC(20) Concurrent marking (process weakrefs)
[120.273s][info][gc,task       ] GC(20) Using 1 of 1 workers for concurrent marking
[120.681s][info][gc            ] GC(20) Concurrent marking (process weakrefs) 407.615ms
[120.681s][info][gc,start      ] GC(20) Concurrent precleaning
[120.681s][info][gc,task       ] GC(20) Using 1 of 1 workers for concurrent preclean
[120.681s][info][gc,ergo       ] GC(20) Pacer for Precleaning. Non-Taxable: 1988M
[120.682s][info][gc            ] GC(20) Concurrent precleaning 0.598ms
[120.685s][info][gc,start      ] GC(20) Pause Final Mark (process weakrefs)
[120.685s][info][gc,task       ] GC(20) Using 1 of 1 workers for final marking
[120.685s][info][gc,ergo       ] GC(20) Collectable Garbage: 339M (96%), Immediate: 339M (96%), CSet: 0B (0%)
[120.685s][info][gc            ] GC(20) Pause Final Mark (process weakrefs) 0.453ms
[120.685s][info][gc,start      ] GC(20) Concurrent cleanup
[120.685s][info][gc            ] GC(20) Concurrent cleanup 558M->219M(691M) 0.121ms
[120.685s][info][gc,ergo       ] GC(20) Free: 1666M, Max: 512K regular, 738M humongous, Frag: 56% external, 0% internal; Reserve: 101888K, Max: 512K
[120.685s][info][gc,ergo       ] Free: 1666M, Max: 512K regular, 738M humongous, Frag: 56% external, 0% internal; Reserve: 101888K, Max: 512K
[120.685s][info][gc,stats      ] 
[120.685s][info][gc,stats      ] All times are wall-clock times, except per-root-class counters, that are sum over
[120.685s][info][gc,stats      ] all workers. Dividing the <total> over the root stage time estimates parallelism.
[120.685s][info][gc,stats      ] 
[120.685s][info][gc,stats      ] Concurrent Reset                    715 us
[120.685s][info][gc,stats      ] Pause Init Mark (G)                9480 us
[120.685s][info][gc,stats      ] Pause Init Mark (N)                1374 us
[120.685s][info][gc,stats      ]   Accumulate Stats                   13 us
[120.685s][info][gc,stats      ]   Make Parsable                      11 us
[120.685s][info][gc,stats      ]   Update Region States               53 us
[120.685s][info][gc,stats      ]   Scan Roots                       1249 us, parallelism: 0.80x
[120.685s][info][gc,stats      ]     S: <total>                     1000 us
[120.685s][info][gc,stats      ]     S: Thread Roots                 400 us, workers (us): 400, 
[120.685s][info][gc,stats      ]     S: Universe Roots                 2 us, workers (us):   2, 
[120.685s][info][gc,stats      ]     S: JNI Handles Roots              1 us, workers (us):   1, 
[120.685s][info][gc,stats      ]     S: Synchronizer Roots             0 us, workers (us):   0, 
[120.685s][info][gc,stats      ]     S: Management Roots               1 us, workers (us):   1, 
[120.685s][info][gc,stats      ]     S: System Dict Roots             12 us, workers (us):  12, 
[120.685s][info][gc,stats      ]     S: CLDG Roots                   583 us, workers (us): 583, 
[120.685s][info][gc,stats      ]     S: JVMTI Roots                    0 us, workers (us):   0, 
[120.685s][info][gc,stats      ]   Resize TLABs                        9 us
[120.685s][info][gc,stats      ] Concurrent Marking               407607 us
[120.685s][info][gc,stats      ] Concurrent Precleaning              572 us
[120.685s][info][gc,stats      ] Pause Final Mark (G)               3159 us
[120.685s][info][gc,stats      ] Pause Final Mark (N)                416 us
[120.685s][info][gc,stats      ]   Finish Queues                      23 us
[120.685s][info][gc,stats      ]   Weak References                    40 us
[120.685s][info][gc,stats      ]     Process                          38 us
[120.685s][info][gc,stats      ]   System Purge                      253 us
[120.685s][info][gc,stats      ]     Weak Roots                      253 us
[120.685s][info][gc,stats      ]   Update Region States               43 us
[120.685s][info][gc,stats      ]   Retire TLABs                       12 us
[120.685s][info][gc,stats      ]   Choose Collection Set              21 us
[120.685s][info][gc,stats      ]   Rebuild Free Set                   15 us
[120.685s][info][gc,stats      ] Concurrent Cleanup                   98 us
[120.685s][info][gc,stats      ] 
[120.685s][info][gc,stats      ] Allocation pacing accrued:
[120.685s][info][gc,stats      ]       0 of  1203 ms (  0.0%): <total>
[120.685s][info][gc,stats      ]       0 of  1203 ms (  0.0%): <average total>
[120.685s][info][gc,stats      ] 
[120.685s][info][gc,metaspace  ] Metaspace: 66110K->66110K(1107968K)
[120.685s][info][gc,ergo       ] Pacer for Idle. Initial: 40724K, Alloc Tax Rate: 1.0x
[125.697s][info][gc            ] Trigger: Average GC time (795.48 ms) is above the time for allocation rate (262 MB/s) to deplete free headroom (208M)
[125.697s][info][gc,ergo       ] Free headroom: 307M (free) - 101788K (spike) - 0B (penalties) = 208M
[125.697s][info][gc,ergo       ] Free: 308M, Max: 512K regular, 308M humongous, Frag: 0% external, 0% internal; Reserve: 101888K, Max: 512K
[125.697s][info][gc,start      ] GC(21) Concurrent reset
[125.697s][info][gc,task       ] GC(21) Using 1 of 1 workers for concurrent reset
[125.697s][info][gc,ergo       ] GC(21) Pacer for Reset. Non-Taxable: 1988M
[125.698s][info][gc            ] GC(21) Concurrent reset 0.306ms
[125.700s][info][gc,start      ] GC(21) Pause Init Mark
[125.700s][info][gc,task       ] GC(21) Using 1 of 1 workers for init marking
[125.702s][info][gc,ergo       ] GC(21) Pacer for Mark. Expected Live: 165M, Free: 308M, Non-Taxable: 31539K, Alloc Tax Rate: 0.7x
[125.702s][info][gc            ] GC(21) Pause Init Mark 1.411ms
[125.702s][info][gc,start      ] GC(21) Concurrent marking
[125.702s][info][gc,task       ] GC(21) Using 1 of 1 workers for concurrent marking
[126.087s][info][gc            ] GC(21) Concurrent marking 385.084ms
[126.087s][info][gc,start      ] GC(21) Pause Final Mark
[126.087s][info][gc,task       ] GC(21) Using 1 of 1 workers for final marking
[126.087s][info][gc,ergo       ] GC(21) Adaptive CSet Selection. Target Free: 281M, Actual Free: 1579M, Max CSet: 84823K, Min Garbage: 0B
[126.088s][info][gc,ergo       ] GC(21) Collectable Garbage: 1380M (99%), Immediate: 1222M (88%), CSet: 158M (11%)
[126.089s][info][gc,ergo       ] GC(21) Pacer for Evacuation. Used CSet: 189M, Free: 1498M, Non-Taxable: 149M, Alloc Tax Rate: 1.1x
[126.089s][info][gc            ] GC(21) Pause Final Mark 2.238ms
[126.089s][info][gc,start      ] GC(21) Concurrent cleanup
[126.090s][info][gc            ] GC(21) Concurrent cleanup 1610M->388M(1677M) 0.170ms
[126.090s][info][gc,ergo       ] GC(21) Free: 1498M, Max: 512K regular, 341M humongous, Frag: 78% external, 0% internal; Reserve: 101873K, Max: 512K
[126.090s][info][gc,start      ] GC(21) Concurrent evacuation
[126.090s][info][gc,task       ] GC(21) Using 1 of 1 workers for concurrent evacuation
[126.153s][info][gc            ] GC(21) Concurrent evacuation 63.129ms
[126.155s][info][gc,start      ] GC(21) Pause Init Update Refs
[126.155s][info][gc,ergo       ] GC(21) Pacer for Update Refs. Used: 429M, Free: 1488M, Non-Taxable: 148M, Alloc Tax Rate: 1.1x
[126.155s][info][gc            ] GC(21) Pause Init Update Refs 0.027ms
[126.155s][info][gc,start      ] GC(21) Concurrent update references
[126.155s][info][gc,task       ] GC(21) Using 1 of 1 workers for concurrent reference update
[126.447s][info][gc            ] GC(21) Concurrent update references 292.041ms
[126.450s][info][gc,start      ] GC(21) Pause Final Update Refs
[126.450s][info][gc,task       ] GC(21) Using 1 of 1 workers for final reference update
[126.450s][info][gc            ] GC(21) Pause Final Update Refs 0.399ms
[126.454s][info][gc,start      ] GC(21) Concurrent cleanup
[126.454s][info][gc            ] GC(21) Concurrent cleanup 477M->288M(1677M) 0.106ms
[126.454s][info][gc,ergo       ] Free: 1597M, Max: 512K regular, 712M humongous, Frag: 56% external, 0% internal; Reserve: 101888K, Max: 512K
[126.454s][info][gc,stats      ] 
[126.454s][info][gc,stats      ] All times are wall-clock times, except per-root-class counters, that are sum over
[126.454s][info][gc,stats      ] all workers. Dividing the <total> over the root stage time estimates parallelism.
[126.454s][info][gc,stats      ] 
[126.454s][info][gc,stats      ] Concurrent Reset                    294 us
[126.454s][info][gc,stats      ] Pause Init Mark (G)                4189 us
[126.454s][info][gc,stats      ] Pause Init Mark (N)                1385 us
[126.454s][info][gc,stats      ]   Accumulate Stats                   14 us
[126.454s][info][gc,stats      ]   Make Parsable                      12 us
[126.454s][info][gc,stats      ]   Update Region States               45 us
[126.454s][info][gc,stats      ]   Scan Roots                       1256 us, parallelism: 0.81x
[126.454s][info][gc,stats      ]     S: <total>                     1012 us
[126.454s][info][gc,stats      ]     S: Thread Roots                 379 us, workers (us): 379, 
[126.454s][info][gc,stats      ]     S: Universe Roots                 2 us, workers (us):   2, 
[126.454s][info][gc,stats      ]     S: JNI Handles Roots              1 us, workers (us):   1, 
[126.454s][info][gc,stats      ]     S: Synchronizer Roots             0 us, workers (us):   0, 
[126.454s][info][gc,stats      ]     S: Management Roots               1 us, workers (us):   1, 
[126.454s][info][gc,stats      ]     S: System Dict Roots             11 us, workers (us):  11, 
[126.454s][info][gc,stats      ]     S: CLDG Roots                   617 us, workers (us): 617, 
[126.454s][info][gc,stats      ]     S: JVMTI Roots                    0 us, workers (us):   0, 
[126.454s][info][gc,stats      ]   Resize TLABs                       21 us
[126.454s][info][gc,stats      ] Concurrent Marking               385075 us
[126.454s][info][gc,stats      ] Pause Final Mark (G)               2348 us
[126.454s][info][gc,stats      ] Pause Final Mark (N)               2226 us
[126.454s][info][gc,stats      ]   Finish Queues                      12 us
[126.454s][info][gc,stats      ]   System Purge                      243 us
[126.454s][info][gc,stats      ]     Weak Roots                      243 us
[126.454s][info][gc,stats      ]   Update Region States               43 us
[126.454s][info][gc,stats      ]   Retire TLABs                       11 us
[126.454s][info][gc,stats      ]   Choose Collection Set             107 us
[126.454s][info][gc,stats      ]   Rebuild Free Set                   13 us
[126.454s][info][gc,stats      ]   Initial Evacuation               1789 us, parallelism: 0.62x
[126.454s][info][gc,stats      ]     E: <total>                     1103 us
[126.454s][info][gc,stats      ]     E: Thread Roots                 356 us, workers (us): 356, 
[126.454s][info][gc,stats      ]     E: Code Cache Roots             241 us, workers (us): 241, 
[126.454s][info][gc,stats      ]     E: Universe Roots                 1 us, workers (us):   1, 
[126.454s][info][gc,stats      ]     E: JNI Handles Roots              1 us, workers (us):   1, 
[126.454s][info][gc,stats      ]     E: Synchronizer Roots             0 us, workers (us):   0, 
[126.454s][info][gc,stats      ]     E: Management Roots               1 us, workers (us):   1, 
[126.454s][info][gc,stats      ]     E: System Dict Roots             12 us, workers (us):  12, 
[126.454s][info][gc,stats      ]     E: CLDG Roots                   491 us, workers (us): 491, 
[126.454s][info][gc,stats      ]     E: JVMTI Roots                    0 us, workers (us):   0, 
[126.454s][info][gc,stats      ] Concurrent Cleanup                  163 us
[126.454s][info][gc,stats      ] Concurrent Evacuation             63118 us
[126.454s][info][gc,stats      ] Pause Init  Update Refs (G)        2617 us
[126.454s][info][gc,stats      ] Pause Init  Update Refs (N)          14 us
[126.454s][info][gc,stats      ]   Retire GCLABs                       7 us
[126.454s][info][gc,stats      ] Concurrent Update Refs           292031 us
[126.454s][info][gc,stats      ] Pause Final Update Refs (G)        6068 us
[126.454s][info][gc,stats      ] Pause Final Update Refs (N)         378 us
[126.454s][info][gc,stats      ]   Update Roots                      314 us, parallelism: 0.98x
[126.454s][info][gc,stats      ]     UR: <total>                     308 us
[126.454s][info][gc,stats      ]     UR: Thread Roots                308 us, workers (us): 308, 
[126.454s][info][gc,stats      ]   Update Region States               41 us
[126.454s][info][gc,stats      ]   Trash Collection Set                4 us
[126.454s][info][gc,stats      ]   Rebuild Free Set                   13 us
[126.454s][info][gc,stats      ] Concurrent Cleanup                   81 us
[126.454s][info][gc,stats      ] Pacing                            98093 us
[126.454s][info][gc,stats      ] 
[126.454s][info][gc,stats      ] Allocation pacing accrued:
[126.454s][info][gc,stats      ]      98 of  5768 ms (  1.7%): Executor task launch worker for task 1.0 in stage 15.0 (TID 25)
[126.454s][info][gc,stats      ]      98 of  5768 ms (  1.7%): <total>
[126.454s][info][gc,stats      ]       1 of  5768 ms (  0.0%): <average total>
[126.454s][info][gc,stats      ]      98 of  5768 ms (  1.7%): <average non-zero>
[126.454s][info][gc,stats      ] 
[126.454s][info][gc,metaspace  ] Metaspace: 66167K->66167K(1107968K)
[126.454s][info][gc,ergo       ] Pacer for Idle. Initial: 40724K, Alloc Tax Rate: 1.0x
[131.588s][info][gc            ] Trigger: Average GC time (897.44 ms) is above the time for allocation rate (237 MB/s) to deplete free headroom (211M)
[131.588s][info][gc,ergo       ] Free headroom: 311M (free) - 101788K (spike) - 0B (penalties) = 211M
[131.588s][info][gc,ergo       ] Free: 311M, Max: 512K regular, 229M humongous, Frag: 27% external, 0% internal; Reserve: 101888K, Max: 512K
[131.588s][info][gc,start      ] GC(22) Concurrent reset
[131.588s][info][gc,task       ] GC(22) Using 1 of 1 workers for concurrent reset
[131.588s][info][gc,ergo       ] GC(22) Pacer for Reset. Non-Taxable: 1988M
[131.589s][info][gc            ] GC(22) Concurrent reset 0.586ms
[131.591s][info][gc,start      ] GC(22) Pause Init Mark
[131.591s][info][gc,task       ] GC(22) Using 1 of 1 workers for init marking
[131.593s][info][gc,ergo       ] GC(22) Pacer for Mark. Expected Live: 172M, Free: 311M, Non-Taxable: 31897K, Alloc Tax Rate: 0.7x
[131.593s][info][gc            ] GC(22) Pause Init Mark 1.572ms
[131.593s][info][gc,start      ] GC(22) Concurrent marking
[131.593s][info][gc,task       ] GC(22) Using 1 of 1 workers for concurrent marking
[132.041s][info][gc            ] GC(22) Concurrent marking 448.162ms
[132.041s][info][gc,start      ] GC(22) Pause Final Mark
[132.041s][info][gc,task       ] GC(22) Using 1 of 1 workers for final marking
[132.041s][info][gc,ergo       ] GC(22) Collectable Garbage: 1348M (96%), Immediate: 1348M (96%), CSet: 0B (0%)
[132.042s][info][gc            ] GC(22) Pause Final Mark 0.439ms
[132.042s][info][gc,start      ] GC(22) Concurrent cleanup
[132.042s][info][gc            ] GC(22) Concurrent cleanup 1602M->253M(1677M) 0.178ms
[132.042s][info][gc,ergo       ] GC(22) Free: 1632M, Max: 512K regular, 343M humongous, Frag: 79% external, 0% internal; Reserve: 101888K, Max: 512K
[132.042s][info][gc,ergo       ] Free: 1632M, Max: 512K regular, 343M humongous, Frag: 79% external, 0% internal; Reserve: 101888K, Max: 512K
[132.042s][info][gc,stats      ] 
[132.042s][info][gc,stats      ] All times are wall-clock times, except per-root-class counters, that are sum over
[132.042s][info][gc,stats      ] all workers. Dividing the <total> over the root stage time estimates parallelism.
[132.042s][info][gc,stats      ] 
[132.042s][info][gc,stats      ] Concurrent Reset                    574 us
[132.042s][info][gc,stats      ] Pause Init Mark (G)                4162 us
[132.042s][info][gc,stats      ] Pause Init Mark (N)                1552 us
[132.042s][info][gc,stats      ]   Accumulate Stats                   14 us
[132.042s][info][gc,stats      ]   Make Parsable                      13 us
[132.042s][info][gc,stats      ]   Update Region States               41 us
[132.042s][info][gc,stats      ]   Scan Roots                       1430 us, parallelism: 0.82x
[132.042s][info][gc,stats      ]     S: <total>                     1169 us
[132.042s][info][gc,stats      ]     S: Thread Roots                 505 us, workers (us): 505, 
[132.042s][info][gc,stats      ]     S: Universe Roots                 2 us, workers (us):   2, 
[132.042s][info][gc,stats      ]     S: JNI Handles Roots              1 us, workers (us):   1, 
[132.042s][info][gc,stats      ]     S: Synchronizer Roots             0 us, workers (us):   0, 
[132.042s][info][gc,stats      ]     S: Management Roots               1 us, workers (us):   1, 
[132.042s][info][gc,stats      ]     S: System Dict Roots             11 us, workers (us):  11, 
[132.042s][info][gc,stats      ]     S: CLDG Roots                   648 us, workers (us): 648, 
[132.042s][info][gc,stats      ]     S: JVMTI Roots                    0 us, workers (us):   0, 
[132.042s][info][gc,stats      ]   Resize TLABs                       12 us
[132.042s][info][gc,stats      ] Concurrent Marking               448154 us
[132.042s][info][gc,stats      ] Pause Final Mark (G)                542 us
[132.042s][info][gc,stats      ] Pause Final Mark (N)                427 us
[132.042s][info][gc,stats      ]   Finish Queues                      14 us
[132.042s][info][gc,stats      ]   System Purge                      288 us
[132.042s][info][gc,stats      ]     Weak Roots                      287 us
[132.042s][info][gc,stats      ]   Update Region States               45 us
[132.042s][info][gc,stats      ]   Retire TLABs                       15 us
[132.042s][info][gc,stats      ]   Choose Collection Set              46 us
[132.042s][info][gc,stats      ]   Rebuild Free Set                   13 us
[132.042s][info][gc,stats      ] Concurrent Cleanup                  172 us
[132.042s][info][gc,stats      ] Pacing                            50879 us
[132.042s][info][gc,stats      ] 
[132.042s][info][gc,stats      ] Allocation pacing accrued:
[132.042s][info][gc,stats      ]      51 of  5588 ms (  0.9%): Executor task launch worker for task 2.0 in stage 20.0 (TID 32)
[132.042s][info][gc,stats      ]      51 of  5588 ms (  0.9%): <total>
[132.042s][info][gc,stats      ]       0 of  5588 ms (  0.0%): <average total>
[132.042s][info][gc,stats      ]      51 of  5588 ms (  0.9%): <average non-zero>
[132.042s][info][gc,stats      ] 
[132.042s][info][gc,metaspace  ] Metaspace: 66287K->66292K(1107968K)
[132.042s][info][gc,ergo       ] Pacer for Idle. Initial: 40724K, Alloc Tax Rate: 1.0x
[136.253s][info][gc            ] Trigger: Average GC time (777.51 ms) is above the time for allocation rate (291 MB/s) to deplete free headroom (225M)
[136.254s][info][gc,ergo       ] Free headroom: 325M (free) - 101788K (spike) - 0B (penalties) = 225M
[136.254s][info][gc,ergo       ] Free: 325M, Max: 512K regular, 325M humongous, Frag: 0% external, 0% internal; Reserve: 101888K, Max: 512K
[136.254s][info][gc,start      ] GC(23) Concurrent reset
[136.254s][info][gc,task       ] GC(23) Using 1 of 1 workers for concurrent reset
[136.254s][info][gc,ergo       ] GC(23) Pacer for Reset. Non-Taxable: 1988M
[136.254s][info][gc            ] GC(23) Concurrent reset 0.373ms
[136.257s][info][gc,start      ] GC(23) Pause Init Mark
[136.257s][info][gc,task       ] GC(23) Using 1 of 1 workers for init marking
[136.259s][info][gc,ergo       ] GC(23) Pacer for Mark. Expected Live: 165M, Free: 325M, Non-Taxable: 33331K, Alloc Tax Rate: 0.6x
[136.259s][info][gc            ] GC(23) Pause Init Mark 1.548ms
[136.259s][info][gc,start      ] GC(23) Concurrent marking
[136.259s][info][gc,task       ] GC(23) Using 1 of 1 workers for concurrent marking
[136.646s][info][gc            ] GC(23) Concurrent marking 387.722ms
[136.647s][info][gc,start      ] GC(23) Pause Final Mark
[136.647s][info][gc,task       ] GC(23) Using 1 of 1 workers for final marking
[136.647s][info][gc,ergo       ] GC(23) Adaptive CSet Selection. Target Free: 281M, Actual Free: 1429M, Max CSet: 84823K, Min Garbage: 0B
[136.647s][info][gc,ergo       ] GC(23) Collectable Garbage: 1339M (99%), Immediate: 1054M (78%), CSet: 285M (21%)
[136.649s][info][gc,ergo       ] GC(23) Pacer for Evacuation. Used CSet: 325M, Free: 1365M, Non-Taxable: 136M, Alloc Tax Rate: 1.1x
[136.649s][info][gc            ] GC(23) Pause Final Mark 2.435ms
[136.649s][info][gc,start      ] GC(23) Concurrent cleanup
[136.649s][info][gc            ] GC(23) Concurrent cleanup 1574M->520M(1677M) 0.210ms
[136.649s][info][gc,ergo       ] GC(23) Free: 1365M, Max: 512K regular, 276M humongous, Frag: 80% external, 0% internal; Reserve: 101857K, Max: 512K
[136.649s][info][gc,start      ] GC(23) Concurrent evacuation
[136.649s][info][gc,task       ] GC(23) Using 1 of 1 workers for concurrent evacuation
[136.757s][info][gc            ] GC(23) Concurrent evacuation 108.081ms
[136.760s][info][gc,start      ] GC(23) Pause Init Update Refs
[136.760s][info][gc,ergo       ] GC(23) Pacer for Update Refs. Used: 561M, Free: 1364M, Non-Taxable: 136M, Alloc Tax Rate: 1.1x
[136.760s][info][gc            ] GC(23) Pause Init Update Refs 0.034ms
[136.760s][info][gc,start      ] GC(23) Concurrent update references
[136.760s][info][gc,task       ] GC(23) Using 1 of 1 workers for concurrent reference update
[137.174s][info][gc            ] GC(23) Concurrent update references 414.113ms
[137.175s][info][gc,start      ] GC(23) Pause Final Update Refs
[137.175s][info][gc,task       ] GC(23) Using 1 of 1 workers for final reference update
[137.175s][info][gc            ] GC(23) Pause Final Update Refs 0.718ms
[137.175s][info][gc,start      ] GC(23) Concurrent cleanup
[137.175s][info][gc            ] GC(23) Concurrent cleanup 580M->255M(1677M) 0.100ms
[137.175s][info][gc,ergo       ] Free: 1628M, Max: 512K regular, 422M humongous, Frag: 75% external, 0% internal; Reserve: 101888K, Max: 512K
[137.175s][info][gc,stats      ] 
[137.175s][info][gc,stats      ] All times are wall-clock times, except per-root-class counters, that are sum over
[137.175s][info][gc,stats      ] all workers. Dividing the <total> over the root stage time estimates parallelism.
[137.175s][info][gc,stats      ] 
[137.175s][info][gc,stats      ] Concurrent Reset                    361 us
[137.175s][info][gc,stats      ] Pause Init Mark (G)                4354 us
[137.175s][info][gc,stats      ] Pause Init Mark (N)                1526 us
[137.175s][info][gc,stats      ]   Accumulate Stats                   15 us
[137.175s][info][gc,stats      ]   Make Parsable                      17 us
[137.175s][info][gc,stats      ]   Update Region States               40 us
[137.175s][info][gc,stats      ]   Scan Roots                       1403 us, parallelism: 0.78x
[137.175s][info][gc,stats      ]     S: <total>                     1101 us
[137.175s][info][gc,stats      ]     S: Thread Roots                 489 us, workers (us): 489, 
[137.175s][info][gc,stats      ]     S: Universe Roots                 2 us, workers (us):   2, 
[137.175s][info][gc,stats      ]     S: JNI Handles Roots              1 us, workers (us):   1, 
[137.175s][info][gc,stats      ]     S: Synchronizer Roots             0 us, workers (us):   0, 
[137.175s][info][gc,stats      ]     S: Management Roots               1 us, workers (us):   1, 
[137.175s][info][gc,stats      ]     S: System Dict Roots             13 us, workers (us):  13, 
[137.175s][info][gc,stats      ]     S: CLDG Roots                   594 us, workers (us): 594, 
[137.176s][info][gc,stats      ]     S: JVMTI Roots                    0 us, workers (us):   0, 
[137.176s][info][gc,stats      ]   Resize TLABs                       12 us
[137.176s][info][gc,stats      ] Concurrent Marking               387714 us
[137.176s][info][gc,stats      ] Pause Final Mark (G)               2551 us
[137.176s][info][gc,stats      ] Pause Final Mark (N)               2424 us
[137.176s][info][gc,stats      ]   Finish Queues                      12 us
[137.176s][info][gc,stats      ]   System Purge                      244 us
[137.176s][info][gc,stats      ]     Weak Roots                      244 us
[137.176s][info][gc,stats      ]   Update Region States               43 us
[137.176s][info][gc,stats      ]   Retire TLABs                       13 us
[137.176s][info][gc,stats      ]   Choose Collection Set             149 us
[137.176s][info][gc,stats      ]   Rebuild Free Set                   14 us
[137.176s][info][gc,stats      ]   Initial Evacuation               1942 us, parallelism: 0.64x
[137.176s][info][gc,stats      ]     E: <total>                     1243 us
[137.176s][info][gc,stats      ]     E: Thread Roots                 429 us, workers (us): 429, 
[137.176s][info][gc,stats      ]     E: Code Cache Roots             281 us, workers (us): 281, 
[137.176s][info][gc,stats      ]     E: Universe Roots                 1 us, workers (us):   1, 
[137.176s][info][gc,stats      ]     E: JNI Handles Roots              1 us, workers (us):   1, 
[137.176s][info][gc,stats      ]     E: Synchronizer Roots             0 us, workers (us):   0, 
[137.176s][info][gc,stats      ]     E: Management Roots               1 us, workers (us):   1, 
[137.176s][info][gc,stats      ]     E: System Dict Roots             10 us, workers (us):  10, 
[137.176s][info][gc,stats      ]     E: CLDG Roots                   520 us, workers (us): 520, 
[137.176s][info][gc,stats      ]     E: JVMTI Roots                    0 us, workers (us):   0, 
[137.176s][info][gc,stats      ] Concurrent Cleanup                  201 us
[137.176s][info][gc,stats      ] Concurrent Evacuation            108071 us
[137.176s][info][gc,stats      ] Pause Init  Update Refs (G)        2688 us
[137.176s][info][gc,stats      ] Pause Init  Update Refs (N)          13 us
[137.176s][info][gc,stats      ]   Retire GCLABs                       7 us
[137.176s][info][gc,stats      ] Concurrent Update Refs           414102 us
[137.176s][info][gc,stats      ] Pause Final Update Refs (G)         935 us
[137.176s][info][gc,stats      ] Pause Final Update Refs (N)         699 us
[137.176s][info][gc,stats      ]   Update Roots                      628 us, parallelism: 0.99x
[137.176s][info][gc,stats      ]     UR: <total>                     620 us
[137.176s][info][gc,stats      ]     UR: Thread Roots                620 us, workers (us): 620, 
[137.176s][info][gc,stats      ]   Update Region States               43 us
[137.176s][info][gc,stats      ]   Trash Collection Set                5 us
[137.176s][info][gc,stats      ]   Rebuild Free Set                   14 us
[137.176s][info][gc,stats      ] Concurrent Cleanup                   94 us
[137.176s][info][gc,stats      ] Pacing                           169418 us
[137.176s][info][gc,stats      ] 
[137.176s][info][gc,stats      ] Allocation pacing accrued:
[137.176s][info][gc,stats      ]     169 of  5134 ms (  3.3%): Executor task launch worker for task 2.0 in stage 25.0 (TID 38)
[137.176s][info][gc,stats      ]     169 of  5134 ms (  3.3%): <total>
[137.176s][info][gc,stats      ]       1 of  5134 ms (  0.0%): <average total>
[137.176s][info][gc,stats      ]     169 of  5134 ms (  3.3%): <average non-zero>
[137.176s][info][gc,stats      ] 
[137.176s][info][gc,metaspace  ] Metaspace: 66430K->66430K(1107968K)
[137.176s][info][gc,ergo       ] Pacer for Idle. Initial: 40724K, Alloc Tax Rate: 1.0x
[138.688s][info][gc            ] Trigger: Explicit GC request (System.gc())
[138.688s][info][gc,ergo       ] Free: 845M, Max: 512K regular, 325M humongous, Frag: 62% external, 0% internal; Reserve: 101888K, Max: 512K
[138.688s][info][gc,start      ] GC(24) Concurrent reset
[138.688s][info][gc,task       ] GC(24) Using 1 of 1 workers for concurrent reset
[138.688s][info][gc,ergo       ] GC(24) Pacer for Reset. Non-Taxable: 1988M
[138.689s][info][gc            ] GC(24) Concurrent reset 0.880ms
[138.689s][info][gc,start      ] GC(24) Pause Init Mark (process weakrefs) (unload classes)
[138.689s][info][gc,task       ] GC(24) Using 1 of 1 workers for init marking
[138.690s][info][gc,ergo       ] GC(24) Pacer for Mark. Expected Live: 167M, Free: 845M, Non-Taxable: 86545K, Alloc Tax Rate: 0.2x
[138.690s][info][gc            ] GC(24) Pause Init Mark (process weakrefs) (unload classes) 0.923ms
[138.690s][info][gc,start      ] GC(24) Concurrent marking (process weakrefs) (unload classes)
[138.690s][info][gc,task       ] GC(24) Using 1 of 1 workers for concurrent marking
[138.876s][info][gc            ] GC(24) Concurrent marking (process weakrefs) (unload classes) 185.482ms
[138.876s][info][gc,start      ] GC(24) Concurrent precleaning
[138.876s][info][gc,task       ] GC(24) Using 1 of 1 workers for concurrent preclean
[138.876s][info][gc,ergo       ] GC(24) Pacer for Precleaning. Non-Taxable: 1988M
[138.876s][info][gc            ] GC(24) Concurrent precleaning 0.317ms
[138.876s][info][gc,start      ] GC(24) Pause Final Mark (process weakrefs) (unload classes)
[138.876s][info][gc,task       ] GC(24) Using 1 of 1 workers for final marking
[138.928s][info][gc,stringtable] GC(24) Cleaned string and symbol table, strings: 19986 processed, 0 removed, symbols: 140180 processed, 262 removed
[138.929s][info][gc,ergo       ] GC(24) Collectable Garbage: 874M (98%), Immediate: 874M (98%), CSet: 0B (0%)
[138.929s][info][gc            ] GC(24) Pause Final Mark (process weakrefs) (unload classes) 52.825ms
[138.929s][info][gc,start      ] GC(24) Concurrent cleanup
[138.930s][info][gc            ] GC(24) Concurrent cleanup 1028M->154M(1677M) 0.427ms
[138.930s][info][gc,ergo       ] GC(24) Free: 1733M, Max: 512K regular, 735M humongous, Frag: 58% external, 0% internal; Reserve: 101888K, Max: 512K
[138.930s][info][gc,ergo       ] Free: 1733M, Max: 512K regular, 735M humongous, Frag: 58% external, 0% internal; Reserve: 101888K, Max: 512K
[138.930s][info][gc,stats      ] 
[138.930s][info][gc,stats      ] All times are wall-clock times, except per-root-class counters, that are sum over
[138.930s][info][gc,stats      ] all workers. Dividing the <total> over the root stage time estimates parallelism.
[138.930s][info][gc,stats      ] 
[138.930s][info][gc,stats      ] Concurrent Reset                    860 us
[138.930s][info][gc,stats      ] Pause Init Mark (G)                1164 us
[138.930s][info][gc,stats      ] Pause Init Mark (N)                 914 us
[138.930s][info][gc,stats      ]   Accumulate Stats                   16 us
[138.930s][info][gc,stats      ]   Make Parsable                      14 us
[138.930s][info][gc,stats      ]   Update Region States               35 us
[138.930s][info][gc,stats      ]   Scan Roots                        811 us, parallelism: 0.68x
[138.930s][info][gc,stats      ]     S: <total>                      551 us
[138.930s][info][gc,stats      ]     S: Thread Roots                 379 us, workers (us): 379, 
[138.930s][info][gc,stats      ]     S: Universe Roots                 3 us, workers (us):   3, 
[138.930s][info][gc,stats      ]     S: JNI Handles Roots              1 us, workers (us):   1, 
[138.930s][info][gc,stats      ]     S: Synchronizer Roots             0 us, workers (us):   0, 
[138.930s][info][gc,stats      ]     S: Management Roots               1 us, workers (us):   1, 
[138.930s][info][gc,stats      ]     S: System Dict Roots             12 us, workers (us):  12, 
[138.930s][info][gc,stats      ]     S: CLDG Roots                   155 us, workers (us): 155, 
[138.930s][info][gc,stats      ]     S: JVMTI Roots                    1 us, workers (us):   1, 
[138.930s][info][gc,stats      ]   Resize TLABs                        9 us
[138.930s][info][gc,stats      ] Concurrent Marking               185475 us
[138.930s][info][gc,stats      ] Concurrent Precleaning              309 us
[138.930s][info][gc,stats      ] Pause Final Mark (G)              53112 us
[138.930s][info][gc,stats      ] Pause Final Mark (N)              52815 us
[138.930s][info][gc,stats      ]   Finish Queues                     119 us
[138.930s][info][gc,stats      ]   Weak References                    82 us
[138.930s][info][gc,stats      ]     Process                          79 us
[138.930s][info][gc,stats      ]   System Purge                      285 us
[138.930s][info][gc,stats      ]     Unload Classes                 1237 us
[138.930s][info][gc,stats      ]     Cleanup                       50142 us, parallelism: 1.00x
[138.930s][info][gc,stats      ]       CU: <total>                 50012 us
[138.930s][info][gc,stats      ]       CU: Code Cache Roots        24309 us, workers (us): 24309, 
[138.930s][info][gc,stats      ]       CU: Code Cache Cleaning      3689 us, workers (us): 3689, 
[138.930s][info][gc,stats      ]       CU: String Table Roots      10503 us, workers (us): 10503, 
[138.930s][info][gc,stats      ]       CU: Resolved Table Roots      276 us, workers (us): 276, 
[138.930s][info][gc,stats      ]       CU: CLDG Roots              11235 us, workers (us): 11235, 
[138.930s][info][gc,stats      ]     Weak Roots                      285 us
[138.930s][info][gc,stats      ]     CLDG                            616 us
[138.930s][info][gc,stats      ]   Update Region States              127 us
[138.930s][info][gc,stats      ]   Retire TLABs                       43 us
[138.930s][info][gc,stats      ]   Choose Collection Set             113 us
[138.930s][info][gc,stats      ]   Rebuild Free Set                   41 us
[138.930s][info][gc,stats      ] Concurrent Cleanup                  404 us
[138.930s][info][gc,stats      ] 
[138.930s][info][gc,stats      ] Allocation pacing accrued:
[138.930s][info][gc,stats      ]       0 of  1754 ms (  0.0%): <total>
[138.930s][info][gc,stats      ]       0 of  1754 ms (  0.0%): <average total>
[138.930s][info][gc,stats      ] 
[138.930s][info][gc,metaspace  ] Metaspace: 66497K->66019K(1107968K)
[138.930s][info][gc,ergo       ] Pacer for Idle. Initial: 40724K, Alloc Tax Rate: 1.0x
[138.930s][info][gc,start      ] Concurrent uncommit
[138.988s][info][gc            ] Concurrent uncommit 154M->154M(156M) 57.475ms
[140.879s][info][gc            ] Trigger: Learning 2 of 5. Free (1391M) is below initial threshold (1391M)
[140.880s][info][gc,ergo       ] Free: 1391M, Max: 512K regular, 735M humongous, Frag: 48% external, 0% internal; Reserve: 101888K, Max: 512K
[140.880s][info][gc,start      ] GC(25) Concurrent reset
[140.880s][info][gc,task       ] GC(25) Using 1 of 1 workers for concurrent reset
[140.880s][info][gc,ergo       ] GC(25) Pacer for Reset. Non-Taxable: 1988M
[140.880s][info][gc            ] GC(25) Concurrent reset 0.344ms
[140.885s][info][gc,start      ] GC(25) Pause Init Mark (process weakrefs)
[140.885s][info][gc,task       ] GC(25) Using 1 of 1 workers for init marking
[140.887s][info][gc,ergo       ] GC(25) Pacer for Mark. Expected Live: 157M, Free: 1391M, Non-Taxable: 139M, Alloc Tax Rate: 0.1x
[140.887s][info][gc            ] GC(25) Pause Init Mark (process weakrefs) 1.895ms
[140.892s][info][gc,start      ] GC(25) Concurrent marking (process weakrefs)
[140.892s][info][gc,task       ] GC(25) Using 1 of 1 workers for concurrent marking
[141.451s][info][gc            ] GC(25) Concurrent marking (process weakrefs) 558.637ms
[141.451s][info][gc,start      ] GC(25) Concurrent precleaning
[141.451s][info][gc,task       ] GC(25) Using 1 of 1 workers for concurrent preclean
[141.451s][info][gc,ergo       ] GC(25) Pacer for Precleaning. Non-Taxable: 1988M
[141.452s][info][gc            ] GC(25) Concurrent precleaning 0.742ms
[141.455s][info][gc,start      ] GC(25) Pause Final Mark (process weakrefs)
[141.455s][info][gc,task       ] GC(25) Using 1 of 1 workers for final marking
[141.455s][info][gc,ergo       ] GC(25) Adaptive CSet Selection. Target Free: 281M, Actual Free: 1415M, Max CSet: 84823K, Min Garbage: 0B
[141.456s][info][gc,ergo       ] GC(25) Collectable Garbage: 301M (99%), Immediate: 17979K (5%), CSet: 283M (93%)
[141.459s][info][gc,ergo       ] GC(25) Pacer for Evacuation. Used CSet: 324M, Free: 1320M, Non-Taxable: 132M, Alloc Tax Rate: 1.1x
[141.459s][info][gc            ] GC(25) Pause Final Mark (process weakrefs) 3.895ms
[141.459s][info][gc,start      ] GC(25) Concurrent cleanup
[141.459s][info][gc            ] GC(25) Concurrent cleanup 584M->566M(591M) 0.075ms
[141.459s][info][gc,ergo       ] GC(25) Free: 1320M, Max: 512K regular, 735M humongous, Frag: 45% external, 0% internal; Reserve: 101376K, Max: 512K
[141.459s][info][gc,start      ] GC(25) Concurrent evacuation
[141.459s][info][gc,task       ] GC(25) Using 1 of 1 workers for concurrent evacuation
[141.563s][info][gc            ] GC(25) Concurrent evacuation 103.624ms
[141.566s][info][gc,start      ] GC(25) Pause Init Update Refs
[141.566s][info][gc,ergo       ] GC(25) Pacer for Update Refs. Used: 623M, Free: 1304M, Non-Taxable: 130M, Alloc Tax Rate: 1.1x
[141.566s][info][gc            ] GC(25) Pause Init Update Refs 0.035ms
[141.566s][info][gc,start      ] GC(25) Concurrent update references
[141.566s][info][gc,task       ] GC(25) Using 1 of 1 workers for concurrent reference update
[141.972s][info][gc            ] GC(25) Concurrent update references 406.727ms
[141.976s][info][gc,start      ] GC(25) Pause Final Update Refs
[141.976s][info][gc,task       ] GC(25) Using 1 of 1 workers for final reference update
[141.976s][info][gc            ] GC(25) Pause Final Update Refs 0.556ms
[141.976s][info][gc,start      ] GC(25) Concurrent cleanup
[141.976s][info][gc            ] GC(25) Concurrent cleanup 687M->363M(690M) 0.095ms
[141.976s][info][gc,ergo       ] Free: 1523M, Max: 512K regular, 701M humongous, Frag: 54% external, 0% internal; Reserve: 101888K, Max: 512K
[141.976s][info][gc,stats      ] 
[141.976s][info][gc,stats      ] All times are wall-clock times, except per-root-class counters, that are sum over
[141.976s][info][gc,stats      ] all workers. Dividing the <total> over the root stage time estimates parallelism.
[141.976s][info][gc,stats      ] 
[141.976s][info][gc,stats      ] Concurrent Reset                    318 us
[141.976s][info][gc,stats      ] Pause Init Mark (G)               12049 us
[141.976s][info][gc,stats      ] Pause Init Mark (N)                1849 us
[141.976s][info][gc,stats      ]   Accumulate Stats                   20 us
[141.976s][info][gc,stats      ]   Make Parsable                      28 us
[141.976s][info][gc,stats      ]   Update Region States               59 us
[141.976s][info][gc,stats      ]   Scan Roots                       1675 us, parallelism: 0.84x
[141.976s][info][gc,stats      ]     S: <total>                     1410 us
[141.976s][info][gc,stats      ]     S: Thread Roots                 720 us, workers (us): 720, 
[141.976s][info][gc,stats      ]     S: Universe Roots                 2 us, workers (us):   2, 
[141.976s][info][gc,stats      ]     S: JNI Handles Roots              1 us, workers (us):   1, 
[141.976s][info][gc,stats      ]     S: Synchronizer Roots             0 us, workers (us):   0, 
[141.976s][info][gc,stats      ]     S: Management Roots              16 us, workers (us):  16, 
[141.976s][info][gc,stats      ]     S: System Dict Roots             13 us, workers (us):  13, 
[141.976s][info][gc,stats      ]     S: CLDG Roots                   657 us, workers (us): 657, 
[141.976s][info][gc,stats      ]     S: JVMTI Roots                    1 us, workers (us):   1, 
[141.976s][info][gc,stats      ]   Resize TLABs                       19 us
[141.976s][info][gc,stats      ] Concurrent Marking               558597 us
[141.976s][info][gc,stats      ] Concurrent Precleaning              727 us
[141.976s][info][gc,stats      ] Pause Final Mark (G)               6973 us
[141.976s][info][gc,stats      ] Pause Final Mark (N)               3874 us
[141.976s][info][gc,stats      ]   Finish Queues                      28 us
[141.976s][info][gc,stats      ]   Weak References                    24 us
[141.976s][info][gc,stats      ]     Process                          22 us
[141.976s][info][gc,stats      ]   System Purge                      277 us
[141.976s][info][gc,stats      ]     Weak Roots                      277 us
[141.976s][info][gc,stats      ]   Update Region States               42 us
[141.976s][info][gc,stats      ]   Retire TLABs                       19 us
[141.976s][info][gc,stats      ]   Choose Collection Set             169 us
[141.976s][info][gc,stats      ]   Rebuild Free Set                   14 us
[141.976s][info][gc,stats      ]   Initial Evacuation               3295 us, parallelism: 0.71x
[141.976s][info][gc,stats      ]     E: <total>                     2330 us
[141.976s][info][gc,stats      ]     E: Thread Roots                 594 us, workers (us): 594, 
[141.976s][info][gc,stats      ]     E: Code Cache Roots            1012 us, workers (us): 1012, 
[141.976s][info][gc,stats      ]     E: Universe Roots                25 us, workers (us):  25, 
[141.976s][info][gc,stats      ]     E: JNI Handles Roots              1 us, workers (us):   1, 
[141.976s][info][gc,stats      ]     E: Synchronizer Roots             0 us, workers (us):   0, 
[141.976s][info][gc,stats      ]     E: Management Roots               1 us, workers (us):   1, 
[141.976s][info][gc,stats      ]     E: System Dict Roots             10 us, workers (us):  10, 
[141.976s][info][gc,stats      ]     E: CLDG Roots                   684 us, workers (us): 684, 
[141.976s][info][gc,stats      ]     E: JVMTI Roots                    1 us, workers (us):   1, 
[141.976s][info][gc,stats      ] Concurrent Cleanup                   68 us
[141.976s][info][gc,stats      ] Concurrent Evacuation            103613 us
[141.976s][info][gc,stats      ] Pause Init  Update Refs (G)        3105 us
[141.976s][info][gc,stats      ] Pause Init  Update Refs (N)          16 us
[141.976s][info][gc,stats      ]   Retire GCLABs                       9 us
[141.976s][info][gc,stats      ] Concurrent Update Refs           406716 us
[141.976s][info][gc,stats      ] Pause Final Update Refs (G)        3527 us
[141.976s][info][gc,stats      ] Pause Final Update Refs (N)         503 us
[141.976s][info][gc,stats      ]   Update Roots                      432 us, parallelism: 0.98x
[141.976s][info][gc,stats      ]     UR: <total>                     424 us
[141.976s][info][gc,stats      ]     UR: Thread Roots                424 us, workers (us): 424, 
[141.976s][info][gc,stats      ]   Update Region States               42 us
[141.976s][info][gc,stats      ]   Trash Collection Set                5 us
[141.976s][info][gc,stats      ]   Rebuild Free Set                   14 us
[141.976s][info][gc,stats      ] Concurrent Cleanup                   89 us
[141.976s][info][gc,stats      ] 
[141.976s][info][gc,stats      ] Allocation pacing accrued:
[141.976s][info][gc,stats      ]       0 of  3046 ms (  0.0%): <total>
[141.976s][info][gc,stats      ]       0 of  3046 ms (  0.0%): <average total>
[141.976s][info][gc,stats      ] 
[141.976s][info][gc,metaspace  ] Metaspace: 66440K->66440K(1107968K)
[141.976s][info][gc,ergo       ] Pacer for Idle. Initial: 40724K, Alloc Tax Rate: 1.0x
[142.783s][info][gc            ] Trigger: Learning 3 of 5. Free (1391M) is below initial threshold (1391M)
[142.784s][info][gc,ergo       ] Free: 1391M, Max: 512K regular, 701M humongous, Frag: 50% external, 0% internal; Reserve: 101888K, Max: 512K
[142.784s][info][gc,start      ] GC(26) Concurrent reset
[142.784s][info][gc,task       ] GC(26) Using 1 of 1 workers for concurrent reset
[142.784s][info][gc,ergo       ] GC(26) Pacer for Reset. Non-Taxable: 1988M
[142.784s][info][gc            ] GC(26) Concurrent reset 0.863ms
[142.787s][info][gc,start      ] GC(26) Pause Init Mark
[142.788s][info][gc,task       ] GC(26) Using 1 of 1 workers for init marking
[142.789s][info][gc,ergo       ] GC(26) Pacer for Mark. Expected Live: 167M, Free: 1391M, Non-Taxable: 139M, Alloc Tax Rate: 0.1x
[142.789s][info][gc            ] GC(26) Pause Init Mark 1.676ms
[142.789s][info][gc,start      ] GC(26) Concurrent marking
[142.789s][info][gc,task       ] GC(26) Using 1 of 1 workers for concurrent marking
[143.159s][info][gc            ] GC(26) Concurrent marking 370.053ms
[143.159s][info][gc,start      ] GC(26) Pause Final Mark
[143.159s][info][gc,task       ] GC(26) Using 1 of 1 workers for final marking
[143.160s][info][gc,ergo       ] GC(26) Collectable Garbage: 338M (95%), Immediate: 338M (95%), CSet: 0B (0%)
[143.160s][info][gc            ] GC(26) Pause Final Mark 0.442ms
[143.160s][info][gc,start      ] GC(26) Concurrent cleanup
[143.160s][info][gc            ] GC(26) Concurrent cleanup 559M->220M(690M) 0.096ms
[143.160s][info][gc,ergo       ] GC(26) Free: 1665M, Max: 512K regular, 735M humongous, Frag: 56% external, 0% internal; Reserve: 101888K, Max: 512K
[143.160s][info][gc,ergo       ] Free: 1665M, Max: 512K regular, 735M humongous, Frag: 56% external, 0% internal; Reserve: 101888K, Max: 512K
[143.160s][info][gc,stats      ] 
[143.160s][info][gc,stats      ] All times are wall-clock times, except per-root-class counters, that are sum over
[143.160s][info][gc,stats      ] all workers. Dividing the <total> over the root stage time estimates parallelism.
[143.160s][info][gc,stats      ] 
[143.160s][info][gc,stats      ] Concurrent Reset                    847 us
[143.160s][info][gc,stats      ] Pause Init Mark (G)                4721 us
[143.160s][info][gc,stats      ] Pause Init Mark (N)                1646 us
[143.160s][info][gc,stats      ]   Accumulate Stats                   23 us
[143.160s][info][gc,stats      ]   Make Parsable                      17 us
[143.160s][info][gc,stats      ]   Update Region States               51 us
[143.160s][info][gc,stats      ]   Scan Roots                       1492 us, parallelism: 0.82x
[143.160s][info][gc,stats      ]     S: <total>                     1228 us
[143.160s][info][gc,stats      ]     S: Thread Roots                 562 us, workers (us): 562, 
[143.160s][info][gc,stats      ]     S: Universe Roots                 2 us, workers (us):   2, 
[143.160s][info][gc,stats      ]     S: JNI Handles Roots              2 us, workers (us):   2, 
[143.160s][info][gc,stats      ]     S: Synchronizer Roots             0 us, workers (us):   0, 
[143.160s][info][gc,stats      ]     S: Management Roots               1 us, workers (us):   1, 
[143.160s][info][gc,stats      ]     S: System Dict Roots             22 us, workers (us):  22, 
[143.160s][info][gc,stats      ]     S: CLDG Roots                   638 us, workers (us): 638, 
[143.160s][info][gc,stats      ]     S: JVMTI Roots                    1 us, workers (us):   1, 
[143.160s][info][gc,stats      ]   Resize TLABs                       19 us
[143.160s][info][gc,stats      ] Concurrent Marking               370045 us
[143.160s][info][gc,stats      ] Pause Final Mark (G)                582 us
[143.160s][info][gc,stats      ] Pause Final Mark (N)                430 us
[143.160s][info][gc,stats      ]   Finish Queues                      16 us
[143.160s][info][gc,stats      ]   System Purge                      305 us
[143.160s][info][gc,stats      ]     Weak Roots                      304 us
[143.160s][info][gc,stats      ]   Update Region States               43 us
[143.160s][info][gc,stats      ]   Retire TLABs                       22 us
[143.160s][info][gc,stats      ]   Choose Collection Set              24 us
[143.160s][info][gc,stats      ]   Rebuild Free Set                   14 us
[143.160s][info][gc,stats      ] Concurrent Cleanup                   90 us
[143.160s][info][gc,stats      ] 
[143.160s][info][gc,stats      ] Allocation pacing accrued:
[143.160s][info][gc,stats      ]       0 of  1184 ms (  0.0%): <total>
[143.160s][info][gc,stats      ]       0 of  1184 ms (  0.0%): <average total>
[143.160s][info][gc,stats      ] 
[143.160s][info][gc,metaspace  ] Metaspace: 66463K->66463K(1107968K)
[143.160s][info][gc,ergo       ] Pacer for Idle. Initial: 40724K, Alloc Tax Rate: 1.0x
[143.954s][info][gc            ] Trigger: Learning 4 of 5. Free (1391M) is below initial threshold (1391M)
[143.954s][info][gc,ergo       ] Free: 1392M, Max: 512K regular, 735M humongous, Frag: 48% external, 0% internal; Reserve: 101888K, Max: 512K
[143.955s][info][gc,start      ] GC(27) Concurrent reset
[143.955s][info][gc,task       ] GC(27) Using 1 of 1 workers for concurrent reset
[143.955s][info][gc,ergo       ] GC(27) Pacer for Reset. Non-Taxable: 1988M
[143.955s][info][gc            ] GC(27) Concurrent reset 0.376ms
[143.957s][info][gc,start      ] GC(27) Pause Init Mark
[143.957s][info][gc,task       ] GC(27) Using 1 of 1 workers for init marking
[143.959s][info][gc,ergo       ] GC(27) Pacer for Mark. Expected Live: 160M, Free: 1392M, Non-Taxable: 139M, Alloc Tax Rate: 0.1x
[143.959s][info][gc            ] GC(27) Pause Init Mark 1.866ms
[143.959s][info][gc,start      ] GC(27) Concurrent marking
[143.959s][info][gc,task       ] GC(27) Using 1 of 1 workers for concurrent marking
[144.553s][info][gc            ] GC(27) Concurrent marking 594.046ms
[144.553s][info][gc,start      ] GC(27) Pause Final Mark
[144.554s][info][gc,task       ] GC(27) Using 1 of 1 workers for final marking
[144.554s][info][gc,ergo       ] GC(27) Adaptive CSet Selection. Target Free: 281M, Actual Free: 1395M, Max CSet: 84823K, Min Garbage: 0B
[144.554s][info][gc,ergo       ] GC(27) Collectable Garbage: 299M (99%), Immediate: 7168K (2%), CSet: 292M (96%)
[144.556s][info][gc,ergo       ] GC(27) Pacer for Evacuation. Used CSet: 334M, Free: 1299M, Non-Taxable: 129M, Alloc Tax Rate: 1.1x
[144.556s][info][gc            ] GC(27) Pause Final Mark 2.650ms
[144.556s][info][gc,start      ] GC(27) Concurrent cleanup
[144.556s][info][gc            ] GC(27) Concurrent cleanup 594M->587M(690M) 0.090ms
[144.556s][info][gc,ergo       ] GC(27) Free: 1299M, Max: 512K regular, 735M humongous, Frag: 44% external, 0% internal; Reserve: 101881K, Max: 512K
[144.556s][info][gc,start      ] GC(27) Concurrent evacuation
[144.556s][info][gc,task       ] GC(27) Using 1 of 1 workers for concurrent evacuation
[144.652s][info][gc            ] GC(27) Concurrent evacuation 95.432ms
[144.655s][info][gc,start      ] GC(27) Pause Init Update Refs
[144.655s][info][gc,ergo       ] GC(27) Pacer for Update Refs. Used: 645M, Free: 1284M, Non-Taxable: 128M, Alloc Tax Rate: 1.1x
[144.655s][info][gc            ] GC(27) Pause Init Update Refs 0.037ms
[144.655s][info][gc,start      ] GC(27) Concurrent update references
[144.655s][info][gc,task       ] GC(27) Using 1 of 1 workers for concurrent reference update
[145.060s][info][gc            ] GC(27) Concurrent update references 405.231ms
[145.063s][info][gc,start      ] GC(27) Pause Final Update Refs
[145.063s][info][gc,task       ] GC(27) Using 1 of 1 workers for final reference update
[145.064s][info][gc            ] GC(27) Pause Final Update Refs 0.562ms
[145.068s][info][gc,start      ] GC(27) Concurrent cleanup
[145.068s][info][gc            ] GC(27) Concurrent cleanup 699M->366M(704M) 0.141ms
[145.068s][info][gc,ergo       ] Free: 1519M, Max: 512K regular, 698M humongous, Frag: 55% external, 0% internal; Reserve: 101888K, Max: 512K
[145.068s][info][gc,stats      ] 
[145.068s][info][gc,stats      ] All times are wall-clock times, except per-root-class counters, that are sum over
[145.068s][info][gc,stats      ] all workers. Dividing the <total> over the root stage time estimates parallelism.
[145.068s][info][gc,stats      ] 
[145.068s][info][gc,stats      ] Concurrent Reset                    348 us
[145.068s][info][gc,stats      ] Pause Init Mark (G)                4321 us
[145.068s][info][gc,stats      ] Pause Init Mark (N)                1822 us
[145.068s][info][gc,stats      ]   Accumulate Stats                   27 us
[145.068s][info][gc,stats      ]   Make Parsable                      13 us
[145.068s][info][gc,stats      ]   Update Region States               58 us
[145.068s][info][gc,stats      ]   Scan Roots                       1654 us, parallelism: 0.83x
[145.068s][info][gc,stats      ]     S: <total>                     1373 us
[145.068s][info][gc,stats      ]     S: Thread Roots                 632 us, workers (us): 632, 
[145.068s][info][gc,stats      ]     S: Universe Roots                 2 us, workers (us):   2, 
[145.068s][info][gc,stats      ]     S: JNI Handles Roots              1 us, workers (us):   1, 
[145.068s][info][gc,stats      ]     S: Synchronizer Roots             0 us, workers (us):   0, 
[145.068s][info][gc,stats      ]     S: Management Roots               2 us, workers (us):   2, 
[145.068s][info][gc,stats      ]     S: System Dict Roots             15 us, workers (us):  15, 
[145.068s][info][gc,stats      ]     S: CLDG Roots                   720 us, workers (us): 720, 
[145.068s][info][gc,stats      ]     S: JVMTI Roots                    1 us, workers (us):   1, 
[145.068s][info][gc,stats      ]   Resize TLABs                       20 us
[145.068s][info][gc,stats      ] Concurrent Marking               594032 us
[145.068s][info][gc,stats      ] Pause Final Mark (G)               2795 us
[145.068s][info][gc,stats      ] Pause Final Mark (N)               2630 us
[145.068s][info][gc,stats      ]   Finish Queues                      16 us
[145.068s][info][gc,stats      ]   System Purge                      246 us
[145.068s][info][gc,stats      ]     Weak Roots                      246 us
[145.068s][info][gc,stats      ]   Update Region States               42 us
[145.068s][info][gc,stats      ]   Retire TLABs                       15 us
[145.068s][info][gc,stats      ]   Choose Collection Set             129 us
[145.068s][info][gc,stats      ]   Rebuild Free Set                   13 us
[145.068s][info][gc,stats      ]   Initial Evacuation               2159 us, parallelism: 0.71x
[145.068s][info][gc,stats      ]     E: <total>                     1523 us
[145.068s][info][gc,stats      ]     E: Thread Roots                 502 us, workers (us): 502, 
[145.068s][info][gc,stats      ]     E: Code Cache Roots             532 us, workers (us): 532, 
[145.068s][info][gc,stats      ]     E: Universe Roots                 1 us, workers (us):   1, 
[145.068s][info][gc,stats      ]     E: JNI Handles Roots              1 us, workers (us):   1, 
[145.068s][info][gc,stats      ]     E: Synchronizer Roots             0 us, workers (us):   0, 
[145.068s][info][gc,stats      ]     E: Management Roots               1 us, workers (us):   1, 
[145.068s][info][gc,stats      ]     E: System Dict Roots             10 us, workers (us):  10, 
[145.068s][info][gc,stats      ]     E: CLDG Roots                   475 us, workers (us): 475, 
[145.068s][info][gc,stats      ]     E: JVMTI Roots                    1 us, workers (us):   1, 
[145.068s][info][gc,stats      ] Concurrent Cleanup                   67 us
[145.068s][info][gc,stats      ] Concurrent Evacuation             95421 us
[145.068s][info][gc,stats      ] Pause Init  Update Refs (G)        3086 us
[145.068s][info][gc,stats      ] Pause Init  Update Refs (N)          17 us
[145.068s][info][gc,stats      ]   Retire GCLABs                       8 us
[145.068s][info][gc,stats      ] Concurrent Update Refs           405220 us
[145.068s][info][gc,stats      ] Pause Final Update Refs (G)        7453 us
[145.068s][info][gc,stats      ] Pause Final Update Refs (N)         534 us
[145.068s][info][gc,stats      ]   Update Roots                      433 us, parallelism: 0.99x
[145.068s][info][gc,stats      ]     UR: <total>                     427 us
[145.068s][info][gc,stats      ]     UR: Thread Roots                427 us, workers (us): 427, 
[145.068s][info][gc,stats      ]   Update Region States               72 us
[145.068s][info][gc,stats      ]   Trash Collection Set                4 us
[145.068s][info][gc,stats      ]   Rebuild Free Set                   13 us
[145.068s][info][gc,stats      ] Concurrent Cleanup                   96 us
[145.068s][info][gc,stats      ] 
[145.068s][info][gc,stats      ] Allocation pacing accrued:
[145.068s][info][gc,stats      ]       0 of  1908 ms (  0.0%): <total>
[145.068s][info][gc,stats      ]       0 of  1908 ms (  0.0%): <average total>
[145.068s][info][gc,stats      ] 
[145.068s][info][gc,metaspace  ] Metaspace: 66464K->66464K(1107968K)
[145.068s][info][gc,ergo       ] Pacer for Idle. Initial: 40724K, Alloc Tax Rate: 1.0x
[145.803s][info][gc            ] Trigger: Learning 5 of 5. Free (1391M) is below initial threshold (1391M)
[145.804s][info][gc,ergo       ] Free: 1391M, Max: 512K regular, 698M humongous, Frag: 50% external, 0% internal; Reserve: 101888K, Max: 512K
[145.804s][info][gc,start      ] GC(28) Concurrent reset
[145.804s][info][gc,task       ] GC(28) Using 1 of 1 workers for concurrent reset
[145.804s][info][gc,ergo       ] GC(28) Pacer for Reset. Non-Taxable: 1988M
[145.804s][info][gc            ] GC(28) Concurrent reset 0.747ms
[145.807s][info][gc,start      ] GC(28) Pause Init Mark
[145.807s][info][gc,task       ] GC(28) Using 1 of 1 workers for init marking
[145.809s][info][gc,ergo       ] GC(28) Pacer for Mark. Expected Live: 167M, Free: 1391M, Non-Taxable: 139M, Alloc Tax Rate: 0.1x
[145.809s][info][gc            ] GC(28) Pause Init Mark 1.470ms
[145.809s][info][gc,start      ] GC(28) Concurrent marking
[145.809s][info][gc,task       ] GC(28) Using 1 of 1 workers for concurrent marking
[146.226s][info][gc            ] GC(28) Concurrent marking 417.545ms
[146.227s][info][gc,start      ] GC(28) Pause Final Mark
[146.227s][info][gc,task       ] GC(28) Using 1 of 1 workers for final marking
[146.227s][info][gc,ergo       ] GC(28) Adaptive CSet Selection. Target Free: 281M, Actual Free: 1707M, Max CSet: 84823K, Min Garbage: 0B
[146.227s][info][gc,ergo       ] GC(28) Collectable Garbage: 333M (99%), Immediate: 297M (88%), CSet: 36434K (10%)
[146.229s][info][gc,ergo       ] GC(28) Pacer for Evacuation. Used CSet: 50688K, Free: 1611M, Non-Taxable: 161M, Alloc Tax Rate: 1.1x
[146.229s][info][gc            ] GC(28) Pause Final Mark 2.345ms
[146.229s][info][gc,start      ] GC(28) Concurrent cleanup
[146.229s][info][gc            ] GC(28) Concurrent cleanup 571M->274M(704M) 0.097ms
[146.229s][info][gc,ergo       ] GC(28) Free: 1611M, Max: 512K regular, 737M humongous, Frag: 55% external, 0% internal; Reserve: 101881K, Max: 512K
[146.229s][info][gc,start      ] GC(28) Concurrent evacuation
[146.229s][info][gc,task       ] GC(28) Using 1 of 1 workers for concurrent evacuation
[146.253s][info][gc            ] GC(28) Concurrent evacuation 24.021ms
[146.256s][info][gc,start      ] GC(28) Pause Init Update Refs
[146.256s][info][gc,ergo       ] GC(28) Pacer for Update Refs. Used: 293M, Free: 1606M, Non-Taxable: 160M, Alloc Tax Rate: 1.1x
[146.256s][info][gc            ] GC(28) Pause Init Update Refs 0.045ms
[146.256s][info][gc,start      ] GC(28) Concurrent update references
[146.256s][info][gc,task       ] GC(28) Using 1 of 1 workers for concurrent reference update
[146.539s][info][gc            ] GC(28) Concurrent update references 282.744ms
[146.542s][info][gc,start      ] GC(28) Pause Final Update Refs
[146.542s][info][gc,task       ] GC(28) Using 1 of 1 workers for final reference update
[146.542s][info][gc            ] GC(28) Pause Final Update Refs 0.572ms
[146.544s][info][gc,start      ] GC(28) Concurrent cleanup
[146.544s][info][gc            ] GC(28) Concurrent cleanup 346M->296M(704M) 0.089ms
[146.544s][info][gc,ergo       ] Free: 1588M, Max: 512K regular, 726M humongous, Frag: 55% external, 0% internal; Reserve: 101888K, Max: 512K
[146.544s][info][gc,stats      ] 
[146.544s][info][gc,stats      ] All times are wall-clock times, except per-root-class counters, that are sum over
[146.544s][info][gc,stats      ] all workers. Dividing the <total> over the root stage time estimates parallelism.
[146.544s][info][gc,stats      ] 
[146.544s][info][gc,stats      ] Concurrent Reset                    734 us
[146.544s][info][gc,stats      ] Pause Init Mark (G)                4529 us
[146.544s][info][gc,stats      ] Pause Init Mark (N)                1449 us
[146.544s][info][gc,stats      ]   Accumulate Stats                   21 us
[146.544s][info][gc,stats      ]   Make Parsable                      14 us
[146.544s][info][gc,stats      ]   Update Region States               39 us
[146.544s][info][gc,stats      ]   Scan Roots                       1327 us, parallelism: 0.81x
[146.544s][info][gc,stats      ]     S: <total>                     1081 us
[146.544s][info][gc,stats      ]     S: Thread Roots                 494 us, workers (us): 494, 
[146.544s][info][gc,stats      ]     S: Universe Roots                 2 us, workers (us):   2, 
[146.544s][info][gc,stats      ]     S: JNI Handles Roots              1 us, workers (us):   1, 
[146.544s][info][gc,stats      ]     S: Synchronizer Roots             0 us, workers (us):   0, 
[146.544s][info][gc,stats      ]     S: Management Roots               2 us, workers (us):   2, 
[146.544s][info][gc,stats      ]     S: System Dict Roots             12 us, workers (us):  12, 
[146.544s][info][gc,stats      ]     S: CLDG Roots                   570 us, workers (us): 570, 
[146.544s][info][gc,stats      ]     S: JVMTI Roots                    0 us, workers (us):   0, 
[146.544s][info][gc,stats      ]   Resize TLABs                       13 us
[146.544s][info][gc,stats      ] Concurrent Marking               417537 us
[146.544s][info][gc,stats      ] Pause Final Mark (G)               2493 us
[146.544s][info][gc,stats      ] Pause Final Mark (N)               2333 us
[146.544s][info][gc,stats      ]   Finish Queues                      15 us
[146.544s][info][gc,stats      ]   System Purge                      250 us
[146.544s][info][gc,stats      ]     Weak Roots                      250 us
[146.544s][info][gc,stats      ]   Update Region States               41 us
[146.544s][info][gc,stats      ]   Retire TLABs                       17 us
[146.544s][info][gc,stats      ]   Choose Collection Set              65 us
[146.544s][info][gc,stats      ]   Rebuild Free Set                   14 us
[146.544s][info][gc,stats      ]   Initial Evacuation               1923 us, parallelism: 0.66x
[146.544s][info][gc,stats      ]     E: <total>                     1271 us
[146.544s][info][gc,stats      ]     E: Thread Roots                 484 us, workers (us): 484, 
[146.544s][info][gc,stats      ]     E: Code Cache Roots             284 us, workers (us): 284, 
[146.544s][info][gc,stats      ]     E: Universe Roots                 1 us, workers (us):   1, 
[146.544s][info][gc,stats      ]     E: JNI Handles Roots              1 us, workers (us):   1, 
[146.544s][info][gc,stats      ]     E: Synchronizer Roots             0 us, workers (us):   0, 
[146.544s][info][gc,stats      ]     E: Management Roots               1 us, workers (us):   1, 
[146.544s][info][gc,stats      ]     E: System Dict Roots             12 us, workers (us):  12, 
[146.544s][info][gc,stats      ]     E: CLDG Roots                   486 us, workers (us): 486, 
[146.544s][info][gc,stats      ]     E: JVMTI Roots                    0 us, workers (us):   0, 
[146.544s][info][gc,stats      ] Concurrent Cleanup                   90 us
[146.544s][info][gc,stats      ] Concurrent Evacuation             24011 us
[146.544s][info][gc,stats      ] Pause Init  Update Refs (G)        3115 us
[146.544s][info][gc,stats      ] Pause Init  Update Refs (N)          16 us
[146.544s][info][gc,stats      ]   Retire GCLABs                       9 us
[146.544s][info][gc,stats      ] Concurrent Update Refs           282733 us
[146.544s][info][gc,stats      ] Pause Final Update Refs (G)        4622 us
[146.544s][info][gc,stats      ] Pause Final Update Refs (N)         528 us
[146.544s][info][gc,stats      ]   Update Roots                      460 us, parallelism: 0.98x
[146.544s][info][gc,stats      ]     UR: <total>                     449 us
[146.544s][info][gc,stats      ]     UR: Thread Roots                449 us, workers (us): 449, 
[146.544s][info][gc,stats      ]   Update Region States               41 us
[146.544s][info][gc,stats      ]   Trash Collection Set                2 us
[146.544s][info][gc,stats      ]   Rebuild Free Set                   13 us
[146.544s][info][gc,stats      ] Concurrent Cleanup                   69 us
[146.544s][info][gc,stats      ] 
[146.544s][info][gc,stats      ] Allocation pacing accrued:
[146.544s][info][gc,stats      ]       0 of  1476 ms (  0.0%): <total>
[146.544s][info][gc,stats      ]       0 of  1476 ms (  0.0%): <average total>
[146.544s][info][gc,stats      ] 
[146.544s][info][gc,metaspace  ] Metaspace: 66470K->66471K(1107968K)
[146.544s][info][gc,ergo       ] Pacer for Idle. Initial: 40724K, Alloc Tax Rate: 1.0x
[151.374s][info][gc            ] Trigger: Average GC time (713.68 ms) is above the time for allocation rate (259 MB/s) to deplete free headroom (184M)
[151.374s][info][gc,ergo       ] Free headroom: 284M (free) - 101788K (spike) - 0B (penalties) = 184M
[151.374s][info][gc,ergo       ] Free: 284M, Max: 512K regular, 284M humongous, Frag: 0% external, 0% internal; Reserve: 101888K, Max: 512K
[151.374s][info][gc,start      ] GC(29) Concurrent reset
[151.374s][info][gc,task       ] GC(29) Using 1 of 1 workers for concurrent reset
[151.374s][info][gc,ergo       ] GC(29) Pacer for Reset. Non-Taxable: 1988M
[151.374s][info][gc            ] GC(29) Concurrent reset 0.345ms
[151.377s][info][gc,start      ] GC(29) Pause Init Mark
[151.377s][info][gc,task       ] GC(29) Using 1 of 1 workers for init marking
[151.379s][info][gc,ergo       ] GC(29) Pacer for Mark. Expected Live: 162M, Free: 284M, Non-Taxable: 29132K, Alloc Tax Rate: 0.7x
[151.379s][info][gc            ] GC(29) Pause Init Mark 1.503ms
[151.379s][info][gc,start      ] GC(29) Concurrent marking
[151.379s][info][gc,task       ] GC(29) Using 1 of 1 workers for concurrent marking
[151.771s][info][gc            ] GC(29) Concurrent marking 391.865ms
[151.771s][info][gc,start      ] GC(29) Pause Final Mark
[151.771s][info][gc,task       ] GC(29) Using 1 of 1 workers for final marking
[151.772s][info][gc,ergo       ] GC(29) Adaptive CSet Selection. Target Free: 281M, Actual Free: 1525M, Max CSet: 84823K, Min Garbage: 0B
[151.772s][info][gc,ergo       ] GC(29) Collectable Garbage: 1400M (99%), Immediate: 1188M (84%), CSet: 211M (15%)
[151.774s][info][gc,ergo       ] GC(29) Pacer for Evacuation. Used CSet: 246M, Free: 1444M, Non-Taxable: 144M, Alloc Tax Rate: 1.1x
[151.774s][info][gc            ] GC(29) Pause Final Mark 2.598ms
[151.774s][info][gc,start      ] GC(29) Concurrent cleanup
[151.774s][info][gc            ] GC(29) Concurrent cleanup 1630M->442M(1685M) 0.194ms
[151.774s][info][gc,ergo       ] GC(29) Free: 1444M, Max: 512K regular, 359M humongous, Frag: 76% external, 0% internal; Reserve: 101873K, Max: 512K
[151.774s][info][gc,start      ] GC(29) Concurrent evacuation
[151.774s][info][gc,task       ] GC(29) Using 1 of 1 workers for concurrent evacuation
[151.881s][info][gc            ] GC(29) Concurrent evacuation 107.310ms
[151.884s][info][gc,start      ] GC(29) Pause Init Update Refs
[151.884s][info][gc,ergo       ] GC(29) Pacer for Update Refs. Used: 490M, Free: 1431M, Non-Taxable: 143M, Alloc Tax Rate: 1.1x
[151.884s][info][gc            ] GC(29) Pause Init Update Refs 0.033ms
[151.884s][info][gc,start      ] GC(29) Concurrent update references
[151.884s][info][gc,task       ] GC(29) Using 1 of 1 workers for concurrent reference update
[152.220s][info][gc            ] GC(29) Concurrent update references 334.998ms
[152.223s][info][gc,start      ] GC(29) Pause Final Update Refs
[152.223s][info][gc,task       ] GC(29) Using 1 of 1 workers for final reference update
[152.223s][info][gc            ] GC(29) Pause Final Update Refs 0.541ms
[152.226s][info][gc,start      ] GC(29) Concurrent cleanup
[152.227s][info][gc            ] GC(29) Concurrent cleanup 549M->302M(1685M) 0.128ms
[152.227s][info][gc,ergo       ] Free: 1583M, Max: 512K regular, 712M humongous, Frag: 56% external, 0% internal; Reserve: 101888K, Max: 512K
[152.227s][info][gc,stats      ] 
[152.227s][info][gc,stats      ] All times are wall-clock times, except per-root-class counters, that are sum over
[152.227s][info][gc,stats      ] all workers. Dividing the <total> over the root stage time estimates parallelism.
[152.227s][info][gc,stats      ] 
[152.227s][info][gc,stats      ] Concurrent Reset                    334 us
[152.227s][info][gc,stats      ] Pause Init Mark (G)                4649 us
[152.227s][info][gc,stats      ] Pause Init Mark (N)                1475 us
[152.227s][info][gc,stats      ]   Accumulate Stats                   30 us
[152.227s][info][gc,stats      ]   Make Parsable                      12 us
[152.227s][info][gc,stats      ]   Update Region States               47 us
[152.227s][info][gc,stats      ]   Scan Roots                       1350 us, parallelism: 0.82x
[152.227s][info][gc,stats      ]     S: <total>                     1108 us
[152.227s][info][gc,stats      ]     S: Thread Roots                 499 us, workers (us): 499, 
[152.227s][info][gc,stats      ]     S: Universe Roots                 2 us, workers (us):   2, 
[152.227s][info][gc,stats      ]     S: JNI Handles Roots              1 us, workers (us):   1, 
[152.227s][info][gc,stats      ]     S: Synchronizer Roots             0 us, workers (us):   0, 
[152.227s][info][gc,stats      ]     S: Management Roots               1 us, workers (us):   1, 
[152.227s][info][gc,stats      ]     S: System Dict Roots             11 us, workers (us):  11, 
[152.227s][info][gc,stats      ]     S: CLDG Roots                   594 us, workers (us): 594, 
[152.227s][info][gc,stats      ]     S: JVMTI Roots                    1 us, workers (us):   1, 
[152.227s][info][gc,stats      ]   Resize TLABs                       11 us
[152.227s][info][gc,stats      ] Concurrent Marking               391857 us
[152.227s][info][gc,stats      ] Pause Final Mark (G)               2824 us
[152.227s][info][gc,stats      ] Pause Final Mark (N)               2572 us
[152.227s][info][gc,stats      ]   Finish Queues                      25 us
[152.227s][info][gc,stats      ]   System Purge                      268 us
[152.227s][info][gc,stats      ]     Weak Roots                      267 us
[152.227s][info][gc,stats      ]   Update Region States               44 us
[152.227s][info][gc,stats      ]   Retire TLABs                       14 us
[152.227s][info][gc,stats      ]   Choose Collection Set             120 us
[152.227s][info][gc,stats      ]   Rebuild Free Set                   13 us
[152.227s][info][gc,stats      ]   Initial Evacuation               2080 us, parallelism: 0.66x
[152.227s][info][gc,stats      ]     E: <total>                     1367 us
[152.227s][info][gc,stats      ]     E: Thread Roots                 493 us, workers (us): 493, 
[152.227s][info][gc,stats      ]     E: Code Cache Roots             368 us, workers (us): 368, 
[152.227s][info][gc,stats      ]     E: Universe Roots                 1 us, workers (us):   1, 
[152.227s][info][gc,stats      ]     E: JNI Handles Roots              1 us, workers (us):   1, 
[152.227s][info][gc,stats      ]     E: Synchronizer Roots             0 us, workers (us):   0, 
[152.227s][info][gc,stats      ]     E: Management Roots               1 us, workers (us):   1, 
[152.227s][info][gc,stats      ]     E: System Dict Roots             10 us, workers (us):  10, 
[152.227s][info][gc,stats      ]     E: CLDG Roots                   492 us, workers (us): 492, 
[152.227s][info][gc,stats      ]     E: JVMTI Roots                    1 us, workers (us):   1, 
[152.227s][info][gc,stats      ] Concurrent Cleanup                  187 us
[152.227s][info][gc,stats      ] Concurrent Evacuation            107300 us
[152.227s][info][gc,stats      ] Pause Init  Update Refs (G)        3149 us
[152.227s][info][gc,stats      ] Pause Init  Update Refs (N)          16 us
[152.227s][info][gc,stats      ]   Retire GCLABs                       8 us
[152.227s][info][gc,stats      ] Concurrent Update Refs           334986 us
[152.227s][info][gc,stats      ] Pause Final Update Refs (G)        6702 us
[152.227s][info][gc,stats      ] Pause Final Update Refs (N)         497 us
[152.227s][info][gc,stats      ]   Update Roots                      428 us, parallelism: 0.98x
[152.227s][info][gc,stats      ]     UR: <total>                     421 us
[152.227s][info][gc,stats      ]     UR: Thread Roots                421 us, workers (us): 421, 
[152.227s][info][gc,stats      ]   Update Region States               41 us
[152.227s][info][gc,stats      ]   Trash Collection Set                4 us
[152.227s][info][gc,stats      ]   Rebuild Free Set                   13 us
[152.227s][info][gc,stats      ] Concurrent Cleanup                   87 us
[152.227s][info][gc,stats      ] Pacing                           128223 us
[152.227s][info][gc,stats      ] 
[152.227s][info][gc,stats      ] Allocation pacing accrued:
[152.227s][info][gc,stats      ]     128 of  5682 ms (  2.3%): Executor task launch worker for task 1.0 in stage 28.0 (TID 43)
[152.227s][info][gc,stats      ]     128 of  5682 ms (  2.3%): <total>
[152.227s][info][gc,stats      ]       1 of  5682 ms (  0.0%): <average total>
[152.227s][info][gc,stats      ]     128 of  5682 ms (  2.3%): <average non-zero>
[152.227s][info][gc,stats      ] 
[152.227s][info][gc,metaspace  ] Metaspace: 66535K->66535K(1107968K)
[152.227s][info][gc,ergo       ] Pacer for Idle. Initial: 40724K, Alloc Tax Rate: 1.0x
[157.640s][info][gc            ] Trigger: Average GC time (835.94 ms) is above the time for allocation rate (226 MB/s) to deplete free headroom (187M)
[157.640s][info][gc,ergo       ] Free headroom: 287M (free) - 101788K (spike) - 0B (penalties) = 187M
[157.640s][info][gc,ergo       ] Free: 287M, Max: 512K regular, 216M humongous, Frag: 25% external, 0% internal; Reserve: 101888K, Max: 512K
[157.640s][info][gc,start      ] GC(30) Concurrent reset
[157.640s][info][gc,task       ] GC(30) Using 1 of 1 workers for concurrent reset
[157.640s][info][gc,ergo       ] GC(30) Pacer for Reset. Non-Taxable: 1988M
[157.640s][info][gc            ] GC(30) Concurrent reset 0.682ms
[157.644s][info][gc,start      ] GC(30) Pause Init Mark (process weakrefs)
[157.644s][info][gc,task       ] GC(30) Using 1 of 1 workers for init marking
[157.645s][info][gc,ergo       ] GC(30) Pacer for Mark. Expected Live: 170M, Free: 287M, Non-Taxable: 29440K, Alloc Tax Rate: 0.7x
[157.645s][info][gc            ] GC(30) Pause Init Mark (process weakrefs) 1.570ms
[157.645s][info][gc,start      ] GC(30) Concurrent marking (process weakrefs)
[157.645s][info][gc,task       ] GC(30) Using 1 of 1 workers for concurrent marking
[158.266s][info][gc            ] GC(30) Concurrent marking (process weakrefs) 621.144ms
[158.268s][info][gc,start      ] GC(30) Concurrent precleaning
[158.268s][info][gc,task       ] GC(30) Using 1 of 1 workers for concurrent preclean
[158.268s][info][gc,ergo       ] GC(30) Pacer for Precleaning. Non-Taxable: 1988M
[158.269s][info][gc            ] GC(30) Concurrent precleaning 0.604ms
[158.269s][info][gc,start      ] GC(30) Pause Final Mark (process weakrefs)
[158.269s][info][gc,task       ] GC(30) Using 1 of 1 workers for final marking
[158.269s][info][gc,ergo       ] GC(30) Collectable Garbage: 1367M (96%), Immediate: 1367M (96%), CSet: 0B (0%)
[158.269s][info][gc            ] GC(30) Pause Final Mark (process weakrefs) 0.451ms
[158.269s][info][gc,start      ] GC(30) Concurrent cleanup
[158.270s][info][gc            ] GC(30) Concurrent cleanup 1627M->259M(1685M) 0.175ms
[158.270s][info][gc,ergo       ] GC(30) Free: 1625M, Max: 512K regular, 360M humongous, Frag: 78% external, 0% internal; Reserve: 101888K, Max: 512K
[158.270s][info][gc,ergo       ] Free: 1625M, Max: 512K regular, 360M humongous, Frag: 78% external, 0% internal; Reserve: 101888K, Max: 512K
[158.270s][info][gc,stats      ] 
[158.270s][info][gc,stats      ] All times are wall-clock times, except per-root-class counters, that are sum over
[158.270s][info][gc,stats      ] all workers. Dividing the <total> over the root stage time estimates parallelism.
[158.270s][info][gc,stats      ] 
[158.270s][info][gc,stats      ] Concurrent Reset                    669 us
[158.270s][info][gc,stats      ] Pause Init Mark (G)                4624 us
[158.270s][info][gc,stats      ] Pause Init Mark (N)                1549 us
[158.270s][info][gc,stats      ]   Accumulate Stats                   23 us
[158.270s][info][gc,stats      ]   Make Parsable                      16 us
[158.270s][info][gc,stats      ]   Update Region States               42 us
[158.270s][info][gc,stats      ]   Scan Roots                       1426 us, parallelism: 0.80x
[158.270s][info][gc,stats      ]     S: <total>                     1148 us
[158.270s][info][gc,stats      ]     S: Thread Roots                 529 us, workers (us): 529, 
[158.270s][info][gc,stats      ]     S: Universe Roots                 2 us, workers (us):   2, 
[158.270s][info][gc,stats      ]     S: JNI Handles Roots              1 us, workers (us):   1, 
[158.270s][info][gc,stats      ]     S: Synchronizer Roots             0 us, workers (us):   0, 
[158.270s][info][gc,stats      ]     S: Management Roots               2 us, workers (us):   2, 
[158.270s][info][gc,stats      ]     S: System Dict Roots             12 us, workers (us):  12, 
[158.270s][info][gc,stats      ]     S: CLDG Roots                   600 us, workers (us): 600, 
[158.270s][info][gc,stats      ]     S: JVMTI Roots                    1 us, workers (us):   1, 
[158.270s][info][gc,stats      ]   Resize TLABs                       14 us
[158.270s][info][gc,stats      ] Concurrent Marking               621136 us
[158.270s][info][gc,stats      ] Concurrent Precleaning              581 us
[158.270s][info][gc,stats      ] Pause Final Mark (G)                978 us
[158.270s][info][gc,stats      ] Pause Final Mark (N)                444 us
[158.270s][info][gc,stats      ]   Finish Queues                      24 us
[158.270s][info][gc,stats      ]   Weak References                    24 us
[158.270s][info][gc,stats      ]     Process                          22 us
[158.270s][info][gc,stats      ]   System Purge                      270 us
[158.270s][info][gc,stats      ]     Weak Roots                      270 us
[158.270s][info][gc,stats      ]   Update Region States               45 us
[158.270s][info][gc,stats      ]   Retire TLABs                       21 us
[158.270s][info][gc,stats      ]   Choose Collection Set              40 us
[158.270s][info][gc,stats      ]   Rebuild Free Set                   13 us
[158.270s][info][gc,stats      ] Concurrent Cleanup                  170 us
[158.270s][info][gc,stats      ] Pacing                           270013 us
[158.270s][info][gc,stats      ] 
[158.270s][info][gc,stats      ] Allocation pacing accrued:
[158.270s][info][gc,stats      ]     270 of  6043 ms (  4.5%): Executor task launch worker for task 0.0 in stage 37.0 (TID 51)
[158.270s][info][gc,stats      ]     270 of  6043 ms (  4.5%): <total>
[158.270s][info][gc,stats      ]       2 of  6043 ms (  0.0%): <average total>
[158.270s][info][gc,stats      ]     270 of  6043 ms (  4.5%): <average non-zero>
[158.270s][info][gc,stats      ] 
[158.270s][info][gc,metaspace  ] Metaspace: 66670K->66695K(1110016K)
[158.270s][info][gc,ergo       ] Pacer for Idle. Initial: 40724K, Alloc Tax Rate: 1.0x
[162.041s][info][gc            ] Trigger: Average GC time (742.62 ms) is above the time for allocation rate (307 MB/s) to deplete free headroom (228M)
[162.042s][info][gc,ergo       ] Free headroom: 327M (free) - 101788K (spike) - 0B (penalties) = 228M
[162.042s][info][gc,ergo       ] Free: 327M, Max: 512K regular, 313M humongous, Frag: 5% external, 1% internal; Reserve: 101888K, Max: 512K
[162.042s][info][gc,start      ] GC(31) Concurrent reset
[162.042s][info][gc,task       ] GC(31) Using 1 of 1 workers for concurrent reset
[162.042s][info][gc,ergo       ] GC(31) Pacer for Reset. Non-Taxable: 1988M
[162.042s][info][gc            ] GC(31) Concurrent reset 0.401ms
[162.045s][info][gc,start      ] GC(31) Pause Init Mark
[162.045s][info][gc,task       ] GC(31) Using 1 of 1 workers for init marking
[162.046s][info][gc,ergo       ] GC(31) Pacer for Mark. Expected Live: 163M, Free: 327M, Non-Taxable: 33580K, Alloc Tax Rate: 0.6x
[162.046s][info][gc            ] GC(31) Pause Init Mark 1.645ms
[162.046s][info][gc,start      ] GC(31) Concurrent marking
[162.046s][info][gc,task       ] GC(31) Using 1 of 1 workers for concurrent marking
[162.662s][info][gc            ] GC(31) Concurrent marking 615.701ms
[162.662s][info][gc,start      ] GC(31) Pause Final Mark
[162.662s][info][gc,task       ] GC(31) Using 1 of 1 workers for final marking
[162.663s][info][gc,ergo       ] GC(31) Adaptive CSet Selection. Target Free: 281M, Actual Free: 1373M, Max CSet: 84823K, Min Garbage: 0B
[162.663s][info][gc,ergo       ] GC(31) Collectable Garbage: 1338M (99%), Immediate: 992M (73%), CSet: 346M (25%)
[162.665s][info][gc,ergo       ] GC(31) Pacer for Evacuation. Used CSet: 387M, Free: 1306M, Non-Taxable: 130M, Alloc Tax Rate: 1.1x
[162.665s][info][gc            ] GC(31) Pause Final Mark 2.700ms
[162.668s][info][gc,start      ] GC(31) Concurrent cleanup
[162.668s][info][gc            ] GC(31) Concurrent cleanup 1570M->578M(1685M) 0.199ms
[162.668s][info][gc,ergo       ] GC(31) Free: 1305M, Max: 512K regular, 281M humongous, Frag: 79% external, 0% internal; Reserve: 101376K, Max: 512K
[162.668s][info][gc,start      ] GC(31) Concurrent evacuation
[162.668s][info][gc,task       ] GC(31) Using 1 of 1 workers for concurrent evacuation
[162.791s][info][gc            ] GC(31) Concurrent evacuation 122.599ms
[162.794s][info][gc,start      ] GC(31) Pause Init Update Refs
[162.794s][info][gc,ergo       ] GC(31) Pacer for Update Refs. Used: 633M, Free: 1289M, Non-Taxable: 128M, Alloc Tax Rate: 1.1x
[162.794s][info][gc            ] GC(31) Pause Init Update Refs 0.034ms
[162.794s][info][gc,start      ] GC(31) Concurrent update references
[162.794s][info][gc,task       ] GC(31) Using 1 of 1 workers for concurrent reference update
[163.288s][info][gc            ] GC(31) Concurrent update references 494.384ms
[163.292s][info][gc,start      ] GC(31) Pause Final Update Refs
[163.292s][info][gc,task       ] GC(31) Using 1 of 1 workers for final reference update
[163.292s][info][gc            ] GC(31) Pause Final Update Refs 0.593ms
[163.292s][info][gc,start      ] GC(31) Concurrent cleanup
[163.292s][info][gc            ] GC(31) Concurrent cleanup 731M->344M(1685M) 0.102ms
[163.292s][info][gc,ergo       ] Free: 1532M, Max: 512K regular, 356M humongous, Frag: 77% external, 0% internal; Reserve: 101888K, Max: 512K
[163.292s][info][gc,stats      ] 
[163.292s][info][gc,stats      ] All times are wall-clock times, except per-root-class counters, that are sum over
[163.292s][info][gc,stats      ] all workers. Dividing the <total> over the root stage time estimates parallelism.
[163.292s][info][gc,stats      ] 
[163.292s][info][gc,stats      ] Concurrent Reset                    390 us
[163.292s][info][gc,stats      ] Pause Init Mark (G)                4359 us
[163.292s][info][gc,stats      ] Pause Init Mark (N)                1615 us
[163.292s][info][gc,stats      ]   Accumulate Stats                   23 us
[163.292s][info][gc,stats      ]   Make Parsable                      23 us
[163.292s][info][gc,stats      ]   Update Region States               46 us
[163.292s][info][gc,stats      ]   Scan Roots                       1476 us, parallelism: 0.83x
[163.292s][info][gc,stats      ]     S: <total>                     1232 us
[163.292s][info][gc,stats      ]     S: Thread Roots                 603 us, workers (us): 603, 
[163.292s][info][gc,stats      ]     S: Universe Roots                 2 us, workers (us):   2, 
[163.292s][info][gc,stats      ]     S: JNI Handles Roots              1 us, workers (us):   1, 
[163.292s][info][gc,stats      ]     S: Synchronizer Roots             0 us, workers (us):   0, 
[163.292s][info][gc,stats      ]     S: Management Roots               1 us, workers (us):   1, 
[163.292s][info][gc,stats      ]     S: System Dict Roots             13 us, workers (us):  13, 
[163.292s][info][gc,stats      ]     S: CLDG Roots                   611 us, workers (us): 611, 
[163.292s][info][gc,stats      ]     S: JVMTI Roots                    1 us, workers (us):   1, 
[163.292s][info][gc,stats      ]   Resize TLABs                       16 us
[163.292s][info][gc,stats      ] Concurrent Marking               615693 us
[163.292s][info][gc,stats      ] Pause Final Mark (G)               5609 us
[163.292s][info][gc,stats      ] Pause Final Mark (N)               2688 us
[163.292s][info][gc,stats      ]   Finish Queues                      19 us
[163.292s][info][gc,stats      ]   System Purge                      248 us
[163.292s][info][gc,stats      ]     Weak Roots                      247 us
[163.292s][info][gc,stats      ]   Update Region States               44 us
[163.292s][info][gc,stats      ]   Retire TLABs                       19 us
[163.292s][info][gc,stats      ]   Choose Collection Set             222 us
[163.292s][info][gc,stats      ]   Rebuild Free Set                   16 us
[163.292s][info][gc,stats      ]   Initial Evacuation               2112 us, parallelism: 0.67x
[163.292s][info][gc,stats      ]     E: <total>                     1417 us
[163.293s][info][gc,stats      ]     E: Thread Roots                 567 us, workers (us): 567, 
[163.293s][info][gc,stats      ]     E: Code Cache Roots             292 us, workers (us): 292, 
[163.293s][info][gc,stats      ]     E: Universe Roots                 1 us, workers (us):   1, 
[163.293s][info][gc,stats      ]     E: JNI Handles Roots              1 us, workers (us):   1, 
[163.293s][info][gc,stats      ]     E: Synchronizer Roots             0 us, workers (us):   0, 
[163.293s][info][gc,stats      ]     E: Management Roots               1 us, workers (us):   1, 
[163.293s][info][gc,stats      ]     E: System Dict Roots             10 us, workers (us):  10, 
[163.293s][info][gc,stats      ]     E: CLDG Roots                   544 us, workers (us): 544, 
[163.293s][info][gc,stats      ]     E: JVMTI Roots                    0 us, workers (us):   0, 
[163.293s][info][gc,stats      ] Concurrent Cleanup                  150 us
[163.293s][info][gc,stats      ] Concurrent Evacuation            122589 us
[163.293s][info][gc,stats      ] Pause Init  Update Refs (G)        3316 us
[163.293s][info][gc,stats      ] Pause Init  Update Refs (N)          16 us
[163.293s][info][gc,stats      ]   Retire GCLABs                       9 us
[163.293s][info][gc,stats      ] Concurrent Update Refs           494373 us
[163.293s][info][gc,stats      ] Pause Final Update Refs (G)        3824 us
[163.293s][info][gc,stats      ] Pause Final Update Refs (N)         571 us
[163.293s][info][gc,stats      ]   Update Roots                      486 us, parallelism: 0.97x
[163.293s][info][gc,stats      ]     UR: <total>                     470 us
[163.293s][info][gc,stats      ]     UR: Thread Roots                470 us, workers (us): 470, 
[163.293s][info][gc,stats      ]   Update Region States               55 us
[163.293s][info][gc,stats      ]   Trash Collection Set                6 us
[163.293s][info][gc,stats      ]   Rebuild Free Set                   15 us
[163.293s][info][gc,stats      ] Concurrent Cleanup                   96 us
[163.293s][info][gc,stats      ] 
[163.293s][info][gc,stats      ] Allocation pacing accrued:
[163.293s][info][gc,stats      ]       0 of  5023 ms (  0.0%): <total>
[163.293s][info][gc,stats      ]       0 of  5023 ms (  0.0%): <average total>
[163.293s][info][gc,stats      ] 
[163.293s][info][gc,metaspace  ] Metaspace: 66796K->66802K(1110016K)
[163.293s][info][gc,ergo       ] Pacer for Idle. Initial: 40724K, Alloc Tax Rate: 1.0x
[164.007s][info][gc            ] Trigger: Explicit GC request (System.gc())
[164.007s][info][gc,ergo       ] Free: 892M, Max: 512K regular, 276M humongous, Frag: 70% external, 0% internal; Reserve: 101888K, Max: 512K
[164.007s][info][gc,start      ] GC(32) Concurrent reset
[164.007s][info][gc,task       ] GC(32) Using 1 of 1 workers for concurrent reset
[164.007s][info][gc,ergo       ] GC(32) Pacer for Reset. Non-Taxable: 1988M
[164.009s][info][gc            ] GC(32) Concurrent reset 1.339ms
[164.009s][info][gc,start      ] GC(32) Pause Init Mark (process weakrefs) (unload classes)
[164.009s][info][gc,task       ] GC(32) Using 1 of 1 workers for init marking
[164.010s][info][gc,ergo       ] GC(32) Pacer for Mark. Expected Live: 172M, Free: 892M, Non-Taxable: 91350K, Alloc Tax Rate: 0.2x
[164.010s][info][gc            ] GC(32) Pause Init Mark (process weakrefs) (unload classes) 1.254ms
[164.010s][info][gc,start      ] GC(32) Concurrent marking (process weakrefs) (unload classes)
[164.010s][info][gc,task       ] GC(32) Using 1 of 1 workers for concurrent marking
[164.193s][info][gc            ] GC(32) Concurrent marking (process weakrefs) (unload classes) 182.442ms
[164.193s][info][gc,start      ] GC(32) Concurrent precleaning
[164.193s][info][gc,task       ] GC(32) Using 1 of 1 workers for concurrent preclean
[164.193s][info][gc,ergo       ] GC(32) Pacer for Precleaning. Non-Taxable: 1988M
[164.193s][info][gc            ] GC(32) Concurrent precleaning 0.298ms
[164.193s][info][gc,start      ] GC(32) Pause Final Mark (process weakrefs) (unload classes)
[164.193s][info][gc,task       ] GC(32) Using 1 of 1 workers for final marking
[164.221s][info][gc,stringtable] GC(32) Cleaned string and symbol table, strings: 20052 processed, 0 removed, symbols: 140174 processed, 256 removed
[164.221s][info][gc,ergo       ] GC(32) Collectable Garbage: 827M (98%), Immediate: 827M (98%), CSet: 0B (0%)
[164.221s][info][gc            ] GC(32) Pause Final Mark (process weakrefs) (unload classes) 27.859ms
[164.221s][info][gc,start      ] GC(32) Concurrent cleanup
[164.221s][info][gc            ] GC(32) Concurrent cleanup 983M->155M(1685M) 0.135ms
[164.221s][info][gc,ergo       ] GC(32) Free: 1731M, Max: 512K regular, 733M humongous, Frag: 58% external, 0% internal; Reserve: 101888K, Max: 512K
[164.221s][info][gc,ergo       ] Free: 1731M, Max: 512K regular, 733M humongous, Frag: 58% external, 0% internal; Reserve: 101888K, Max: 512K
[164.221s][info][gc,stats      ] 
[164.221s][info][gc,stats      ] All times are wall-clock times, except per-root-class counters, that are sum over
[164.221s][info][gc,stats      ] all workers. Dividing the <total> over the root stage time estimates parallelism.
[164.221s][info][gc,stats      ] 
[164.221s][info][gc,stats      ] Concurrent Reset                   1310 us
[164.221s][info][gc,stats      ] Pause Init Mark (G)                1852 us
[164.221s][info][gc,stats      ] Pause Init Mark (N)                1235 us
[164.221s][info][gc,stats      ]   Accumulate Stats                   29 us
[164.221s][info][gc,stats      ]   Make Parsable                      24 us
[164.221s][info][gc,stats      ]   Update Region States               93 us
[164.221s][info][gc,stats      ]   Scan Roots                       1036 us, parallelism: 0.71x
[164.221s][info][gc,stats      ]     S: <total>                      740 us
[164.221s][info][gc,stats      ]     S: Thread Roots                 516 us, workers (us): 516, 
[164.221s][info][gc,stats      ]     S: Universe Roots                 3 us, workers (us):   3, 
[164.221s][info][gc,stats      ]     S: JNI Handles Roots              3 us, workers (us):   3, 
[164.221s][info][gc,stats      ]     S: Synchronizer Roots             0 us, workers (us):   0, 
[164.221s][info][gc,stats      ]     S: Management Roots               2 us, workers (us):   2, 
[164.221s][info][gc,stats      ]     S: System Dict Roots             40 us, workers (us):  40, 
[164.221s][info][gc,stats      ]     S: CLDG Roots                   175 us, workers (us): 175, 
[164.221s][info][gc,stats      ]     S: JVMTI Roots                    1 us, workers (us):   1, 
[164.221s][info][gc,stats      ]   Resize TLABs                       14 us
[164.221s][info][gc,stats      ] Concurrent Marking               182435 us
[164.221s][info][gc,stats      ] Concurrent Precleaning              283 us
[164.221s][info][gc,stats      ] Pause Final Mark (G)              28055 us
[164.222s][info][gc,stats      ] Pause Final Mark (N)              27845 us
[164.222s][info][gc,stats      ]   Finish Queues                     140 us
[164.222s][info][gc,stats      ]   Weak References                    66 us
[164.222s][info][gc,stats      ]     Process                          64 us
[164.222s][info][gc,stats      ]   System Purge                      275 us
[164.222s][info][gc,stats      ]     Unload Classes                 1059 us
[164.222s][info][gc,stats      ]     Cleanup                       25912 us, parallelism: 1.00x
[164.222s][info][gc,stats      ]       CU: <total>                 25836 us
[164.222s][info][gc,stats      ]       CU: Code Cache Roots        10679 us, workers (us): 10679, 
[164.222s][info][gc,stats      ]       CU: Code Cache Cleaning      1705 us, workers (us): 1705, 
[164.222s][info][gc,stats      ]       CU: String Table Roots       6692 us, workers (us): 6692, 
[164.222s][info][gc,stats      ]       CU: Resolved Table Roots      135 us, workers (us): 135, 
[164.222s][info][gc,stats      ]       CU: CLDG Roots               6625 us, workers (us): 6625, 
[164.222s][info][gc,stats      ]     Weak Roots                      275 us
[164.222s][info][gc,stats      ]     CLDG                            251 us
[164.222s][info][gc,stats      ]   Update Region States               45 us
[164.222s][info][gc,stats      ]   Retire TLABs                       36 us
[164.222s][info][gc,stats      ]   Choose Collection Set              39 us
[164.222s][info][gc,stats      ]   Rebuild Free Set                   13 us
[164.222s][info][gc,stats      ] Concurrent Cleanup                  128 us
[164.222s][info][gc,stats      ] 
[164.222s][info][gc,stats      ] Allocation pacing accrued:
[164.222s][info][gc,stats      ]       0 of   929 ms (  0.0%): <total>
[164.222s][info][gc,stats      ]       0 of   929 ms (  0.0%): <average total>
[164.222s][info][gc,stats      ] 
[164.222s][info][gc,metaspace  ] Metaspace: 66810K->66332K(1110016K)
[164.222s][info][gc,ergo       ] Pacer for Idle. Initial: 40724K, Alloc Tax Rate: 1.0x
[164.222s][info][gc,start      ] Concurrent uncommit
[164.276s][info][gc            ] Concurrent uncommit 155M->155M(157M) 54.400ms
[165.504s][info][gc            ] Trigger: Learning 2 of 5. Free (1390M) is below initial threshold (1391M)
[165.504s][info][gc,ergo       ] Free: 1391M, Max: 512K regular, 733M humongous, Frag: 48% external, 0% internal; Reserve: 101888K, Max: 512K
[165.504s][info][gc,start      ] GC(33) Concurrent reset
[165.504s][info][gc,task       ] GC(33) Using 1 of 1 workers for concurrent reset
[165.504s][info][gc,ergo       ] GC(33) Pacer for Reset. Non-Taxable: 1988M
[165.504s][info][gc            ] GC(33) Concurrent reset 0.293ms
[165.507s][info][gc,start      ] GC(33) Pause Init Mark
[165.507s][info][gc,task       ] GC(33) Using 1 of 1 workers for init marking
[165.508s][info][gc,ergo       ] GC(33) Pacer for Mark. Expected Live: 162M, Free: 1391M, Non-Taxable: 139M, Alloc Tax Rate: 0.1x
[165.508s][info][gc            ] GC(33) Pause Init Mark 1.709ms
[165.508s][info][gc,start      ] GC(33) Concurrent marking
[165.508s][info][gc,task       ] GC(33) Using 1 of 1 workers for concurrent marking
[166.088s][info][gc            ] GC(33) Concurrent marking 579.481ms
[166.088s][info][gc,start      ] GC(33) Pause Final Mark
[166.088s][info][gc,task       ] GC(33) Using 1 of 1 workers for final marking
[166.088s][info][gc,ergo       ] GC(33) Adaptive CSet Selection. Target Free: 281M, Actual Free: 1417M, Max CSet: 84823K, Min Garbage: 0B
[166.088s][info][gc,ergo       ] GC(33) Collectable Garbage: 300M (99%), Immediate: 20822K (6%), CSet: 280M (92%)
[166.092s][info][gc,ergo       ] GC(33) Pacer for Evacuation. Used CSet: 321M, Free: 1322M, Non-Taxable: 132M, Alloc Tax Rate: 1.1x
[166.092s][info][gc            ] GC(33) Pause Final Mark 3.841ms
[166.092s][info][gc,start      ] GC(33) Concurrent cleanup
[166.092s][info][gc            ] GC(33) Concurrent cleanup 585M->564M(592M) 0.121ms
[166.092s][info][gc,ergo       ] GC(33) Free: 1322M, Max: 512K regular, 733M humongous, Frag: 45% external, 0% internal; Reserve: 101376K, Max: 512K
[166.092s][info][gc,start      ] GC(33) Concurrent evacuation
[166.092s][info][gc,task       ] GC(33) Using 1 of 1 workers for concurrent evacuation
[166.201s][info][gc            ] GC(33) Concurrent evacuation 108.864ms
[166.203s][info][gc,start      ] GC(33) Pause Init Update Refs
[166.203s][info][gc,ergo       ] GC(33) Pacer for Update Refs. Used: 622M, Free: 1305M, Non-Taxable: 130M, Alloc Tax Rate: 1.1x
[166.203s][info][gc            ] GC(33) Pause Init Update Refs 0.033ms
[166.203s][info][gc,start      ] GC(33) Concurrent update references
[166.203s][info][gc,task       ] GC(33) Using 1 of 1 workers for concurrent reference update
[166.608s][info][gc            ] GC(33) Concurrent update references 404.507ms
[166.611s][info][gc,start      ] GC(33) Pause Final Update Refs
[166.611s][info][gc,task       ] GC(33) Using 1 of 1 workers for final reference update
[166.612s][info][gc            ] GC(33) Pause Final Update Refs 0.648ms
[166.612s][info][gc,start      ] GC(33) Concurrent cleanup
[166.612s][info][gc            ] GC(33) Concurrent cleanup 686M->365M(690M) 0.095ms
[166.612s][info][gc,ergo       ] Free: 1521M, Max: 512K regular, 700M humongous, Frag: 54% external, 0% internal; Reserve: 101888K, Max: 512K
[166.612s][info][gc,stats      ] 
[166.612s][info][gc,stats      ] All times are wall-clock times, except per-root-class counters, that are sum over
[166.612s][info][gc,stats      ] all workers. Dividing the <total> over the root stage time estimates parallelism.
[166.612s][info][gc,stats      ] 
[166.612s][info][gc,stats      ] Concurrent Reset                    277 us
[166.612s][info][gc,stats      ] Pause Init Mark (G)                4078 us
[166.612s][info][gc,stats      ] Pause Init Mark (N)                1687 us
[166.612s][info][gc,stats      ]   Accumulate Stats                   36 us
[166.612s][info][gc,stats      ]   Make Parsable                      20 us
[166.612s][info][gc,stats      ]   Update Region States               45 us
[166.612s][info][gc,stats      ]   Scan Roots                       1538 us, parallelism: 0.84x
[166.612s][info][gc,stats      ]     S: <total>                     1300 us
[166.612s][info][gc,stats      ]     S: Thread Roots                 685 us, workers (us): 685, 
[166.612s][info][gc,stats      ]     S: Universe Roots                 2 us, workers (us):   2, 
[166.612s][info][gc,stats      ]     S: JNI Handles Roots              1 us, workers (us):   1, 
[166.612s][info][gc,stats      ]     S: Synchronizer Roots             0 us, workers (us):   0, 
[166.612s][info][gc,stats      ]     S: Management Roots               1 us, workers (us):   1, 
[166.612s][info][gc,stats      ]     S: System Dict Roots             14 us, workers (us):  14, 
[166.612s][info][gc,stats      ]     S: CLDG Roots                   596 us, workers (us): 596, 
[166.612s][info][gc,stats      ]     S: JVMTI Roots                    0 us, workers (us):   0, 
[166.612s][info][gc,stats      ]   Resize TLABs                       15 us
[166.612s][info][gc,stats      ] Concurrent Marking               579473 us
[166.612s][info][gc,stats      ] Pause Final Mark (G)               4026 us
[166.612s][info][gc,stats      ] Pause Final Mark (N)               3828 us
[166.612s][info][gc,stats      ]   Finish Queues                      25 us
[166.612s][info][gc,stats      ]   System Purge                      253 us
[166.612s][info][gc,stats      ]     Weak Roots                      252 us
[166.612s][info][gc,stats      ]   Update Region States               42 us
[166.612s][info][gc,stats      ]   Retire TLABs                       19 us
[166.612s][info][gc,stats      ]   Choose Collection Set             127 us
[166.612s][info][gc,stats      ]   Rebuild Free Set                   13 us
[166.612s][info][gc,stats      ]   Initial Evacuation               3333 us, parallelism: 0.73x
[166.612s][info][gc,stats      ]     E: <total>                     2448 us
[166.612s][info][gc,stats      ]     E: Thread Roots                 662 us, workers (us): 662, 
[166.612s][info][gc,stats      ]     E: Code Cache Roots            1118 us, workers (us): 1118, 
[166.612s][info][gc,stats      ]     E: Universe Roots                 1 us, workers (us):   1, 
[166.612s][info][gc,stats      ]     E: JNI Handles Roots              1 us, workers (us):   1, 
[166.612s][info][gc,stats      ]     E: Synchronizer Roots             0 us, workers (us):   0, 
[166.612s][info][gc,stats      ]     E: Management Roots               1 us, workers (us):   1, 
[166.612s][info][gc,stats      ]     E: System Dict Roots             37 us, workers (us):  37, 
[166.612s][info][gc,stats      ]     E: CLDG Roots                   628 us, workers (us): 628, 
[166.612s][info][gc,stats      ]     E: JVMTI Roots                    0 us, workers (us):   0, 
[166.612s][info][gc,stats      ] Concurrent Cleanup                  114 us
[166.612s][info][gc,stats      ] Concurrent Evacuation            108854 us
[166.612s][info][gc,stats      ] Pause Init  Update Refs (G)        2345 us
[166.612s][info][gc,stats      ] Pause Init  Update Refs (N)          18 us
[166.612s][info][gc,stats      ]   Retire GCLABs                      11 us
[166.612s][info][gc,stats      ] Concurrent Update Refs           404495 us
[166.612s][info][gc,stats      ] Pause Final Update Refs (G)        4165 us
[166.612s][info][gc,stats      ] Pause Final Update Refs (N)         607 us
[166.612s][info][gc,stats      ]   Update Roots                      532 us, parallelism: 0.99x
[166.612s][info][gc,stats      ]     UR: <total>                     525 us
[166.612s][info][gc,stats      ]     UR: Thread Roots                525 us, workers (us): 525, 
[166.612s][info][gc,stats      ]   Update Region States               45 us
[166.612s][info][gc,stats      ]   Trash Collection Set                4 us
[166.612s][info][gc,stats      ]   Rebuild Free Set                   14 us
[166.612s][info][gc,stats      ] Concurrent Cleanup                   89 us
[166.612s][info][gc,stats      ] 
[166.612s][info][gc,stats      ] Allocation pacing accrued:
[166.612s][info][gc,stats      ]       0 of  2391 ms (  0.0%): <total>
[166.612s][info][gc,stats      ]       0 of  2391 ms (  0.0%): <average total>
[166.612s][info][gc,stats      ] 
[166.612s][info][gc,metaspace  ] Metaspace: 66752K->66752K(1110016K)
[166.612s][info][gc,ergo       ] Pacer for Idle. Initial: 40724K, Alloc Tax Rate: 1.0x
[167.476s][info][gc            ] Trigger: Learning 3 of 5. Free (1391M) is below initial threshold (1391M)
[167.476s][info][gc,ergo       ] Free: 1391M, Max: 512K regular, 700M humongous, Frag: 50% external, 0% internal; Reserve: 101888K, Max: 512K
[167.476s][info][gc,start      ] GC(34) Concurrent reset
[167.476s][info][gc,task       ] GC(34) Using 1 of 1 workers for concurrent reset
[167.476s][info][gc,ergo       ] GC(34) Pacer for Reset. Non-Taxable: 1988M
[167.476s][info][gc            ] GC(34) Concurrent reset 0.767ms
[167.479s][info][gc,start      ] GC(34) Pause Init Mark
[167.479s][info][gc,task       ] GC(34) Using 1 of 1 workers for init marking
[167.481s][info][gc,ergo       ] GC(34) Pacer for Mark. Expected Live: 168M, Free: 1391M, Non-Taxable: 139M, Alloc Tax Rate: 0.1x
[167.481s][info][gc            ] GC(34) Pause Init Mark 1.665ms
[167.481s][info][gc,start      ] GC(34) Concurrent marking
[167.481s][info][gc,task       ] GC(34) Using 1 of 1 workers for concurrent marking
[167.845s][info][gc            ] GC(34) Concurrent marking 364.215ms
[167.845s][info][gc,start      ] GC(34) Pause Final Mark
[167.845s][info][gc,task       ] GC(34) Using 1 of 1 workers for final marking
[167.845s][info][gc,ergo       ] GC(34) Collectable Garbage: 333M (94%), Immediate: 333M (94%), CSet: 0B (0%)
[167.845s][info][gc            ] GC(34) Pause Final Mark 0.404ms
[167.845s][info][gc,start      ] GC(34) Concurrent cleanup
[167.846s][info][gc            ] GC(34) Concurrent cleanup 556M->223M(690M) 0.097ms
[167.846s][info][gc,ergo       ] GC(34) Free: 1662M, Max: 512K regular, 735M humongous, Frag: 56% external, 0% internal; Reserve: 101888K, Max: 512K
[167.846s][info][gc,ergo       ] Free: 1662M, Max: 512K regular, 735M humongous, Frag: 56% external, 0% internal; Reserve: 101888K, Max: 512K
[167.846s][info][gc,stats      ] 
[167.846s][info][gc,stats      ] All times are wall-clock times, except per-root-class counters, that are sum over
[167.846s][info][gc,stats      ] all workers. Dividing the <total> over the root stage time estimates parallelism.
[167.846s][info][gc,stats      ] 
[167.846s][info][gc,stats      ] Concurrent Reset                    754 us
[167.846s][info][gc,stats      ] Pause Init Mark (G)                4054 us
[167.846s][info][gc,stats      ] Pause Init Mark (N)                1648 us
[167.846s][info][gc,stats      ]   Accumulate Stats                   24 us
[167.846s][info][gc,stats      ]   Make Parsable                      18 us
[167.846s][info][gc,stats      ]   Update Region States               37 us
[167.846s][info][gc,stats      ]   Scan Roots                       1520 us, parallelism: 0.84x
[167.846s][info][gc,stats      ]     S: <total>                     1274 us
[167.846s][info][gc,stats      ]     S: Thread Roots                 613 us, workers (us): 613, 
[167.846s][info][gc,stats      ]     S: Universe Roots                 2 us, workers (us):   2, 
[167.846s][info][gc,stats      ]     S: JNI Handles Roots              1 us, workers (us):   1, 
[167.846s][info][gc,stats      ]     S: Synchronizer Roots             0 us, workers (us):   0, 
[167.846s][info][gc,stats      ]     S: Management Roots               1 us, workers (us):   1, 
[167.846s][info][gc,stats      ]     S: System Dict Roots             19 us, workers (us):  19, 
[167.846s][info][gc,stats      ]     S: CLDG Roots                   635 us, workers (us): 635, 
[167.846s][info][gc,stats      ]     S: JVMTI Roots                    1 us, workers (us):   1, 
[167.846s][info][gc,stats      ]   Resize TLABs                       18 us
[167.846s][info][gc,stats      ] Concurrent Marking               364208 us
[167.846s][info][gc,stats      ] Pause Final Mark (G)                606 us
[167.846s][info][gc,stats      ] Pause Final Mark (N)                380 us
[167.846s][info][gc,stats      ]   Finish Queues                      26 us
[167.846s][info][gc,stats      ]   System Purge                      249 us
[167.846s][info][gc,stats      ]     Weak Roots                      248 us
[167.846s][info][gc,stats      ]   Update Region States               42 us
[167.846s][info][gc,stats      ]   Retire TLABs                       15 us
[167.846s][info][gc,stats      ]   Choose Collection Set              25 us
[167.846s][info][gc,stats      ]   Rebuild Free Set                   15 us
[167.846s][info][gc,stats      ] Concurrent Cleanup                   90 us
[167.846s][info][gc,stats      ] 
[167.846s][info][gc,stats      ] Allocation pacing accrued:
[167.846s][info][gc,stats      ]       0 of  1233 ms (  0.0%): <total>
[167.846s][info][gc,stats      ]       0 of  1233 ms (  0.0%): <average total>
[167.846s][info][gc,stats      ] 
[167.846s][info][gc,metaspace  ] Metaspace: 66795K->66802K(1110016K)
[167.846s][info][gc,ergo       ] Pacer for Idle. Initial: 40724K, Alloc Tax Rate: 1.0x
[168.567s][info][gc            ] Trigger: Learning 4 of 5. Free (1391M) is below initial threshold (1391M)
[168.567s][info][gc,ergo       ] Free: 1392M, Max: 512K regular, 735M humongous, Frag: 48% external, 0% internal; Reserve: 101888K, Max: 512K
[168.567s][info][gc,start      ] GC(35) Concurrent reset
[168.567s][info][gc,task       ] GC(35) Using 1 of 1 workers for concurrent reset
[168.567s][info][gc,ergo       ] GC(35) Pacer for Reset. Non-Taxable: 1988M
[168.567s][info][gc            ] GC(35) Concurrent reset 0.268ms
[168.570s][info][gc,start      ] GC(35) Pause Init Mark (process weakrefs)
[168.570s][info][gc,task       ] GC(35) Using 1 of 1 workers for init marking
[168.571s][info][gc,ergo       ] GC(35) Pacer for Mark. Expected Live: 160M, Free: 1392M, Non-Taxable: 139M, Alloc Tax Rate: 0.1x
[168.571s][info][gc            ] GC(35) Pause Init Mark (process weakrefs) 1.605ms
[168.571s][info][gc,start      ] GC(35) Concurrent marking (process weakrefs)
[168.571s][info][gc,task       ] GC(35) Using 1 of 1 workers for concurrent marking
[169.175s][info][gc            ] GC(35) Concurrent marking (process weakrefs) 603.675ms
[169.175s][info][gc,start      ] GC(35) Concurrent precleaning
[169.175s][info][gc,task       ] GC(35) Using 1 of 1 workers for concurrent preclean
[169.175s][info][gc,ergo       ] GC(35) Pacer for Precleaning. Non-Taxable: 1988M
[169.176s][info][gc            ] GC(35) Concurrent precleaning 0.589ms
[169.178s][info][gc,start      ] GC(35) Pause Final Mark (process weakrefs)
[169.178s][info][gc,task       ] GC(35) Using 1 of 1 workers for final marking
[169.178s][info][gc,ergo       ] GC(35) Adaptive CSet Selection. Target Free: 281M, Actual Free: 1397M, Max CSet: 84823K, Min Garbage: 0B
[169.178s][info][gc,ergo       ] GC(35) Collectable Garbage: 299M (99%), Immediate: 7168K (2%), CSet: 292M (96%)
[169.180s][info][gc,ergo       ] GC(35) Pacer for Evacuation. Used CSet: 334M, Free: 1300M, Non-Taxable: 130M, Alloc Tax Rate: 1.1x
[169.180s][info][gc            ] GC(35) Pause Final Mark (process weakrefs) 2.585ms
[169.180s][info][gc,start      ] GC(35) Concurrent cleanup
[169.180s][info][gc            ] GC(35) Concurrent cleanup 593M->586M(690M) 0.073ms
[169.180s][info][gc,ergo       ] GC(35) Free: 1300M, Max: 512K regular, 735M humongous, Frag: 44% external, 0% internal; Reserve: 101881K, Max: 512K
[169.180s][info][gc,start      ] GC(35) Concurrent evacuation
[169.180s][info][gc,task       ] GC(35) Using 1 of 1 workers for concurrent evacuation
[169.298s][info][gc            ] GC(35) Concurrent evacuation 117.657ms
[169.300s][info][gc,start      ] GC(35) Pause Init Update Refs
[169.301s][info][gc,ergo       ] GC(35) Pacer for Update Refs. Used: 645M, Free: 1284M, Non-Taxable: 128M, Alloc Tax Rate: 1.1x
[169.301s][info][gc            ] GC(35) Pause Init Update Refs 0.039ms
[169.301s][info][gc,start      ] GC(35) Concurrent update references
[169.301s][info][gc,task       ] GC(35) Using 1 of 1 workers for concurrent reference update
[169.710s][info][gc            ] GC(35) Concurrent update references 409.741ms
[169.713s][info][gc,start      ] GC(35) Pause Final Update Refs
[169.713s][info][gc,task       ] GC(35) Using 1 of 1 workers for final reference update
[169.713s][info][gc            ] GC(35) Pause Final Update Refs 0.654ms
[169.713s][info][gc,start      ] GC(35) Concurrent cleanup
[169.713s][info][gc            ] GC(35) Concurrent cleanup 699M->365M(704M) 0.097ms
[169.713s][info][gc,ergo       ] Free: 1521M, Max: 512K regular, 698M humongous, Frag: 55% external, 0% internal; Reserve: 101888K, Max: 512K
[169.713s][info][gc,stats      ] 
[169.713s][info][gc,stats      ] All times are wall-clock times, except per-root-class counters, that are sum over
[169.713s][info][gc,stats      ] all workers. Dividing the <total> over the root stage time estimates parallelism.
[169.713s][info][gc,stats      ] 
[169.714s][info][gc,stats      ] Concurrent Reset                    260 us
[169.714s][info][gc,stats      ] Pause Init Mark (G)                3962 us
[169.714s][info][gc,stats      ] Pause Init Mark (N)                1588 us
[169.714s][info][gc,stats      ]   Accumulate Stats                   23 us
[169.714s][info][gc,stats      ]   Make Parsable                      16 us
[169.714s][info][gc,stats      ]   Update Region States               37 us
[169.714s][info][gc,stats      ]   Scan Roots                       1467 us, parallelism: 0.80x
[169.714s][info][gc,stats      ]     S: <total>                     1175 us
[169.714s][info][gc,stats      ]     S: Thread Roots                 605 us, workers (us): 605, 
[169.714s][info][gc,stats      ]     S: Universe Roots                 2 us, workers (us):   2, 
[169.714s][info][gc,stats      ]     S: JNI Handles Roots              1 us, workers (us):   1, 
[169.714s][info][gc,stats      ]     S: Synchronizer Roots             0 us, workers (us):   0, 
[169.714s][info][gc,stats      ]     S: Management Roots               2 us, workers (us):   2, 
[169.714s][info][gc,stats      ]     S: System Dict Roots             11 us, workers (us):  11, 
[169.714s][info][gc,stats      ]     S: CLDG Roots                   554 us, workers (us): 554, 
[169.714s][info][gc,stats      ]     S: JVMTI Roots                    1 us, workers (us):   1, 
[169.714s][info][gc,stats      ]   Resize TLABs                       18 us
[169.714s][info][gc,stats      ] Concurrent Marking               603668 us
[169.714s][info][gc,stats      ] Concurrent Precleaning              560 us
[169.714s][info][gc,stats      ] Pause Final Mark (G)               4264 us
[169.714s][info][gc,stats      ] Pause Final Mark (N)               2575 us
[169.714s][info][gc,stats      ]   Finish Queues                      31 us
[169.714s][info][gc,stats      ]   Weak References                    22 us
[169.714s][info][gc,stats      ]     Process                          20 us
[169.714s][info][gc,stats      ]   System Purge                      269 us
[169.714s][info][gc,stats      ]     Weak Roots                      268 us
[169.714s][info][gc,stats      ]   Update Region States               43 us
[169.714s][info][gc,stats      ]   Retire TLABs                       22 us
[169.714s][info][gc,stats      ]   Choose Collection Set             150 us
[169.714s][info][gc,stats      ]   Rebuild Free Set                   14 us
[169.714s][info][gc,stats      ]   Initial Evacuation               2018 us, parallelism: 0.70x
[169.714s][info][gc,stats      ]     E: <total>                     1410 us
[169.714s][info][gc,stats      ]     E: Thread Roots                 591 us, workers (us): 591, 
[169.714s][info][gc,stats      ]     E: Code Cache Roots             279 us, workers (us): 279, 
[169.714s][info][gc,stats      ]     E: Universe Roots                 2 us, workers (us):   2, 
[169.714s][info][gc,stats      ]     E: JNI Handles Roots              1 us, workers (us):   1, 
[169.714s][info][gc,stats      ]     E: Synchronizer Roots             0 us, workers (us):   0, 
[169.714s][info][gc,stats      ]     E: Management Roots               1 us, workers (us):   1, 
[169.714s][info][gc,stats      ]     E: System Dict Roots             10 us, workers (us):  10, 
[169.714s][info][gc,stats      ]     E: CLDG Roots                   524 us, workers (us): 524, 
[169.714s][info][gc,stats      ]     E: JVMTI Roots                    1 us, workers (us):   1, 
[169.714s][info][gc,stats      ] Concurrent Cleanup                   67 us
[169.714s][info][gc,stats      ] Concurrent Evacuation            117646 us
[169.714s][info][gc,stats      ] Pause Init  Update Refs (G)        2425 us
[169.714s][info][gc,stats      ] Pause Init  Update Refs (N)          18 us
[169.714s][info][gc,stats      ]   Retire GCLABs                      10 us
[169.714s][info][gc,stats      ] Concurrent Update Refs           409731 us
[169.714s][info][gc,stats      ] Pause Final Update Refs (G)        2971 us
[169.714s][info][gc,stats      ] Pause Final Update Refs (N)         617 us
[169.714s][info][gc,stats      ]   Update Roots                      546 us, parallelism: 0.96x
[169.714s][info][gc,stats      ]     UR: <total>                     526 us
[169.714s][info][gc,stats      ]     UR: Thread Roots                526 us, workers (us): 526, 
[169.714s][info][gc,stats      ]   Update Region States               42 us
[169.714s][info][gc,stats      ]   Trash Collection Set                5 us
[169.714s][info][gc,stats      ]   Rebuild Free Set                   13 us
[169.714s][info][gc,stats      ] Concurrent Cleanup                   91 us
[169.714s][info][gc,stats      ] 
[169.714s][info][gc,stats      ] Allocation pacing accrued:
[169.714s][info][gc,stats      ]       0 of  1868 ms (  0.0%): <total>
[169.714s][info][gc,stats      ]       0 of  1868 ms (  0.0%): <average total>
[169.714s][info][gc,stats      ] 
[169.714s][info][gc,metaspace  ] Metaspace: 66803K->66803K(1110016K)
[169.714s][info][gc,ergo       ] Pacer for Idle. Initial: 40724K, Alloc Tax Rate: 1.0x
[170.436s][info][gc            ] Trigger: Learning 5 of 5. Free (1391M) is below initial threshold (1391M)
[170.436s][info][gc,ergo       ] Free: 1391M, Max: 512K regular, 698M humongous, Frag: 50% external, 0% internal; Reserve: 101888K, Max: 512K
[170.436s][info][gc,start      ] GC(36) Concurrent reset
[170.436s][info][gc,task       ] GC(36) Using 1 of 1 workers for concurrent reset
[170.436s][info][gc,ergo       ] GC(36) Pacer for Reset. Non-Taxable: 1988M
[170.437s][info][gc            ] GC(36) Concurrent reset 0.760ms
[170.439s][info][gc,start      ] GC(36) Pause Init Mark
[170.439s][info][gc,task       ] GC(36) Using 1 of 1 workers for init marking
[170.441s][info][gc,ergo       ] GC(36) Pacer for Mark. Expected Live: 168M, Free: 1391M, Non-Taxable: 139M, Alloc Tax Rate: 0.1x
[170.441s][info][gc            ] GC(36) Pause Init Mark 1.633ms
[170.441s][info][gc,start      ] GC(36) Concurrent marking
[170.441s][info][gc,task       ] GC(36) Using 1 of 1 workers for concurrent marking
[170.877s][info][gc            ] GC(36) Concurrent marking 435.680ms
[170.877s][info][gc,start      ] GC(36) Pause Final Mark
[170.877s][info][gc,task       ] GC(36) Using 1 of 1 workers for final marking
[170.878s][info][gc,ergo       ] GC(36) Adaptive CSet Selection. Target Free: 281M, Actual Free: 1703M, Max CSet: 84823K, Min Garbage: 0B
[170.878s][info][gc,ergo       ] GC(36) Collectable Garbage: 332M (99%), Immediate: 296M (88%), CSet: 37030K (10%)
[170.882s][info][gc,ergo       ] GC(36) Pacer for Evacuation. Used CSet: 52224K, Free: 1608M, Non-Taxable: 160M, Alloc Tax Rate: 1.1x
[170.882s][info][gc            ] GC(36) Pause Final Mark 5.168ms
[170.882s][info][gc,start      ] GC(36) Concurrent cleanup
[170.883s][info][gc            ] GC(36) Concurrent cleanup 573M->277M(704M) 0.234ms
[170.883s][info][gc,ergo       ] GC(36) Free: 1608M, Max: 512K regular, 737M humongous, Frag: 55% external, 0% internal; Reserve: 101881K, Max: 512K
[170.883s][info][gc,start      ] GC(36) Concurrent evacuation
[170.883s][info][gc,task       ] GC(36) Using 1 of 1 workers for concurrent evacuation
[170.927s][info][gc            ] GC(36) Concurrent evacuation 43.880ms
[170.930s][info][gc,start      ] GC(36) Pause Init Update Refs
[170.930s][info][gc,ergo       ] GC(36) Pacer for Update Refs. Used: 298M, Free: 1602M, Non-Taxable: 160M, Alloc Tax Rate: 1.1x
[170.930s][info][gc            ] GC(36) Pause Init Update Refs 0.042ms
[170.930s][info][gc,start      ] GC(36) Concurrent update references
[170.930s][info][gc,task       ] GC(36) Using 1 of 1 workers for concurrent reference update
[171.214s][info][gc            ] GC(36) Concurrent update references 284.068ms
[171.217s][info][gc,start      ] GC(36) Pause Final Update Refs
[171.217s][info][gc,task       ] GC(36) Using 1 of 1 workers for final reference update
[171.218s][info][gc            ] GC(36) Pause Final Update Refs 0.568ms
[171.218s][info][gc,start      ] GC(36) Concurrent cleanup
[171.218s][info][gc            ] GC(36) Concurrent cleanup 352M->301M(704M) 0.074ms
[171.218s][info][gc,ergo       ] Free: 1584M, Max: 512K regular, 725M humongous, Frag: 55% external, 0% internal; Reserve: 101888K, Max: 512K
[171.218s][info][gc,stats      ] 
[171.218s][info][gc,stats      ] All times are wall-clock times, except per-root-class counters, that are sum over
[171.218s][info][gc,stats      ] all workers. Dividing the <total> over the root stage time estimates parallelism.
[171.218s][info][gc,stats      ] 
[171.218s][info][gc,stats      ] Concurrent Reset                    748 us
[171.218s][info][gc,stats      ] Pause Init Mark (G)                4033 us
[171.218s][info][gc,stats      ] Pause Init Mark (N)                1616 us
[171.218s][info][gc,stats      ]   Accumulate Stats                   24 us
[171.218s][info][gc,stats      ]   Make Parsable                      16 us
[171.218s][info][gc,stats      ]   Update Region States               38 us
[171.218s][info][gc,stats      ]   Scan Roots                       1484 us, parallelism: 0.83x
[171.218s][info][gc,stats      ]     S: <total>                     1238 us
[171.218s][info][gc,stats      ]     S: Thread Roots                 605 us, workers (us): 605, 
[171.218s][info][gc,stats      ]     S: Universe Roots                 2 us, workers (us):   2, 
[171.218s][info][gc,stats      ]     S: JNI Handles Roots              1 us, workers (us):   1, 
[171.218s][info][gc,stats      ]     S: Synchronizer Roots             0 us, workers (us):   0, 
[171.218s][info][gc,stats      ]     S: Management Roots               1 us, workers (us):   1, 
[171.218s][info][gc,stats      ]     S: System Dict Roots             12 us, workers (us):  12, 
[171.218s][info][gc,stats      ]     S: CLDG Roots                   616 us, workers (us): 616, 
[171.218s][info][gc,stats      ]     S: JVMTI Roots                    0 us, workers (us):   0, 
[171.218s][info][gc,stats      ]   Resize TLABs                       17 us
[171.218s][info][gc,stats      ] Concurrent Marking               435672 us
[171.218s][info][gc,stats      ] Pause Final Mark (G)               5587 us
[171.218s][info][gc,stats      ] Pause Final Mark (N)               5135 us
[171.218s][info][gc,stats      ]   Finish Queues                      43 us
[171.218s][info][gc,stats      ]   System Purge                      546 us
[171.218s][info][gc,stats      ]     Weak Roots                      546 us
[171.218s][info][gc,stats      ]   Update Region States              112 us
[171.218s][info][gc,stats      ]   Retire TLABs                       27 us
[171.218s][info][gc,stats      ]   Choose Collection Set             178 us
[171.218s][info][gc,stats      ]   Rebuild Free Set                   44 us
[171.218s][info][gc,stats      ]   Initial Evacuation               4168 us, parallelism: 0.69x
[171.218s][info][gc,stats      ]     E: <total>                     2879 us
[171.218s][info][gc,stats      ]     E: Thread Roots                1281 us, workers (us): 1281, 
[171.218s][info][gc,stats      ]     E: Code Cache Roots             591 us, workers (us): 591, 
[171.218s][info][gc,stats      ]     E: Universe Roots                 2 us, workers (us):   2, 
[171.218s][info][gc,stats      ]     E: JNI Handles Roots              1 us, workers (us):   1, 
[171.218s][info][gc,stats      ]     E: Synchronizer Roots             0 us, workers (us):   0, 
[171.218s][info][gc,stats      ]     E: Management Roots               2 us, workers (us):   2, 
[171.218s][info][gc,stats      ]     E: System Dict Roots             17 us, workers (us):  17, 
[171.218s][info][gc,stats      ]     E: CLDG Roots                   984 us, workers (us): 984, 
[171.218s][info][gc,stats      ]     E: JVMTI Roots                    1 us, workers (us):   1, 
[171.218s][info][gc,stats      ] Concurrent Cleanup                  219 us
[171.218s][info][gc,stats      ] Concurrent Evacuation             43861 us
[171.218s][info][gc,stats      ] Pause Init  Update Refs (G)        3222 us
[171.218s][info][gc,stats      ] Pause Init  Update Refs (N)          16 us
[171.218s][info][gc,stats      ]   Retire GCLABs                       8 us
[171.218s][info][gc,stats      ] Concurrent Update Refs           284058 us
[171.218s][info][gc,stats      ] Pause Final Update Refs (G)        3717 us
[171.218s][info][gc,stats      ] Pause Final Update Refs (N)         518 us
[171.218s][info][gc,stats      ]   Update Roots                      449 us, parallelism: 0.99x
[171.218s][info][gc,stats      ]     UR: <total>                     443 us
[171.218s][info][gc,stats      ]     UR: Thread Roots                443 us, workers (us): 443, 
[171.218s][info][gc,stats      ]   Update Region States               42 us
[171.218s][info][gc,stats      ]   Trash Collection Set                2 us
[171.218s][info][gc,stats      ]   Rebuild Free Set                   14 us
[171.218s][info][gc,stats      ] Concurrent Cleanup                   68 us
[171.218s][info][gc,stats      ] 
[171.218s][info][gc,stats      ] Allocation pacing accrued:
[171.218s][info][gc,stats      ]       0 of  1504 ms (  0.0%): <total>
[171.218s][info][gc,stats      ]       0 of  1504 ms (  0.0%): <average total>
[171.218s][info][gc,stats      ] 
[171.218s][info][gc,metaspace  ] Metaspace: 66805K->66805K(1110016K)
[171.218s][info][gc,ergo       ] Pacer for Idle. Initial: 40724K, Alloc Tax Rate: 1.0x
[176.064s][info][gc            ] Trigger: Average GC time (724.08 ms) is above the time for allocation rate (256 MB/s) to deplete free headroom (185M)
[176.064s][info][gc,ergo       ] Free headroom: 284M (free) - 101788K (spike) - 0B (penalties) = 185M
[176.064s][info][gc,ergo       ] Free: 285M, Max: 512K regular, 285M humongous, Frag: 0% external, 0% internal; Reserve: 101888K, Max: 512K
[176.064s][info][gc,start      ] GC(37) Concurrent reset
[176.064s][info][gc,task       ] GC(37) Using 1 of 1 workers for concurrent reset
[176.064s][info][gc,ergo       ] GC(37) Pacer for Reset. Non-Taxable: 1988M
[176.064s][info][gc            ] GC(37) Concurrent reset 0.356ms
[176.067s][info][gc,start      ] GC(37) Pause Init Mark
[176.067s][info][gc,task       ] GC(37) Using 1 of 1 workers for init marking
[176.069s][info][gc,ergo       ] GC(37) Pacer for Mark. Expected Live: 162M, Free: 285M, Non-Taxable: 29184K, Alloc Tax Rate: 0.7x
[176.069s][info][gc            ] GC(37) Pause Init Mark 1.592ms
[176.069s][info][gc,start      ] GC(37) Concurrent marking
[176.069s][info][gc,task       ] GC(37) Using 1 of 1 workers for concurrent marking
[176.489s][info][gc            ] GC(37) Concurrent marking 420.302ms
[176.489s][info][gc,start      ] GC(37) Pause Final Mark
[176.489s][info][gc,task       ] GC(37) Using 1 of 1 workers for final marking
[176.490s][info][gc,ergo       ] GC(37) Adaptive CSet Selection. Target Free: 281M, Actual Free: 1526M, Max CSet: 84823K, Min Garbage: 0B
[176.490s][info][gc,ergo       ] GC(37) Collectable Garbage: 1399M (99%), Immediate: 1189M (84%), CSet: 210M (15%)
[176.492s][info][gc,ergo       ] GC(37) Pacer for Evacuation. Used CSet: 245M, Free: 1445M, Non-Taxable: 144M, Alloc Tax Rate: 1.1x
[176.492s][info][gc            ] GC(37) Pause Final Mark 2.572ms
[176.496s][info][gc,start      ] GC(37) Concurrent cleanup
[176.496s][info][gc            ] GC(37) Concurrent cleanup 1630M->443M(1685M) 0.197ms
[176.496s][info][gc,ergo       ] GC(37) Free: 1443M, Max: 512K regular, 391M humongous, Frag: 73% external, 0% internal; Reserve: 101376K, Max: 512K
[176.496s][info][gc,start      ] GC(37) Concurrent evacuation
[176.496s][info][gc,task       ] GC(37) Using 1 of 1 workers for concurrent evacuation
[176.567s][info][gc            ] GC(37) Concurrent evacuation 70.265ms
[176.570s][info][gc,start      ] GC(37) Pause Init Update Refs
[176.570s][info][gc,ergo       ] GC(37) Pacer for Update Refs. Used: 489M, Free: 1432M, Non-Taxable: 143M, Alloc Tax Rate: 1.1x
[176.570s][info][gc            ] GC(37) Pause Init Update Refs 0.036ms
[176.570s][info][gc,start      ] GC(37) Concurrent update references
[176.570s][info][gc,task       ] GC(37) Using 1 of 1 workers for concurrent reference update
[176.898s][info][gc            ] GC(37) Concurrent update references 328.489ms
[176.901s][info][gc,start      ] GC(37) Pause Final Update Refs
[176.901s][info][gc,task       ] GC(37) Using 1 of 1 workers for final reference update
[176.902s][info][gc            ] GC(37) Pause Final Update Refs 0.528ms
[176.904s][info][gc,start      ] GC(37) Concurrent cleanup
[176.904s][info][gc            ] GC(37) Concurrent cleanup 549M->303M(1685M) 0.098ms
[176.904s][info][gc,ergo       ] Free: 1582M, Max: 512K regular, 712M humongous, Frag: 56% external, 0% internal; Reserve: 101888K, Max: 512K
[176.904s][info][gc,stats      ] 
[176.904s][info][gc,stats      ] All times are wall-clock times, except per-root-class counters, that are sum over
[176.904s][info][gc,stats      ] all workers. Dividing the <total> over the root stage time estimates parallelism.
[176.904s][info][gc,stats      ] 
[176.904s][info][gc,stats      ] Concurrent Reset                    344 us
[176.904s][info][gc,stats      ] Pause Init Mark (G)                4556 us
[176.904s][info][gc,stats      ] Pause Init Mark (N)                1555 us
[176.904s][info][gc,stats      ]   Accumulate Stats                   18 us
[176.904s][info][gc,stats      ]   Make Parsable                      13 us
[176.904s][info][gc,stats      ]   Update Region States               48 us
[176.904s][info][gc,stats      ]   Scan Roots                       1412 us, parallelism: 0.83x
[176.904s][info][gc,stats      ]     S: <total>                     1167 us
[176.904s][info][gc,stats      ]     S: Thread Roots                 511 us, workers (us): 511, 
[176.904s][info][gc,stats      ]     S: Universe Roots                 2 us, workers (us):   2, 
[176.904s][info][gc,stats      ]     S: JNI Handles Roots              1 us, workers (us):   1, 
[176.904s][info][gc,stats      ]     S: Synchronizer Roots             0 us, workers (us):   0, 
[176.904s][info][gc,stats      ]     S: Management Roots               1 us, workers (us):   1, 
[176.904s][info][gc,stats      ]     S: System Dict Roots             53 us, workers (us):  53, 
[176.904s][info][gc,stats      ]     S: CLDG Roots                   598 us, workers (us): 598, 
[176.904s][info][gc,stats      ]     S: JVMTI Roots                    0 us, workers (us):   0, 
[176.904s][info][gc,stats      ]   Resize TLABs                       17 us
[176.904s][info][gc,stats      ] Concurrent Marking               420295 us
[176.904s][info][gc,stats      ] Pause Final Mark (G)               7075 us
[176.904s][info][gc,stats      ] Pause Final Mark (N)               2560 us
[176.904s][info][gc,stats      ]   Finish Queues                      16 us
[176.904s][info][gc,stats      ]   System Purge                      311 us
[176.904s][info][gc,stats      ]     Weak Roots                      310 us
[176.904s][info][gc,stats      ]   Update Region States               45 us
[176.904s][info][gc,stats      ]   Retire TLABs                       21 us
[176.904s][info][gc,stats      ]   Choose Collection Set             135 us
[176.904s][info][gc,stats      ]   Rebuild Free Set                   13 us
[176.904s][info][gc,stats      ]   Initial Evacuation               2012 us, parallelism: 0.67x
[176.904s][info][gc,stats      ]     E: <total>                     1356 us
[176.904s][info][gc,stats      ]     E: Thread Roots                 561 us, workers (us): 561, 
[176.904s][info][gc,stats      ]     E: Code Cache Roots             296 us, workers (us): 296, 
[176.904s][info][gc,stats      ]     E: Universe Roots                 1 us, workers (us):   1, 
[176.904s][info][gc,stats      ]     E: JNI Handles Roots              1 us, workers (us):   1, 
[176.904s][info][gc,stats      ]     E: Synchronizer Roots             0 us, workers (us):   0, 
[176.904s][info][gc,stats      ]     E: Management Roots               1 us, workers (us):   1, 
[176.904s][info][gc,stats      ]     E: System Dict Roots             11 us, workers (us):  11, 
[176.904s][info][gc,stats      ]     E: CLDG Roots                   485 us, workers (us): 485, 
[176.904s][info][gc,stats      ]     E: JVMTI Roots                    1 us, workers (us):   1, 
[176.904s][info][gc,stats      ] Concurrent Cleanup                  162 us
[176.904s][info][gc,stats      ] Concurrent Evacuation             70255 us
[176.904s][info][gc,stats      ] Pause Init  Update Refs (G)        2974 us
[176.904s][info][gc,stats      ] Pause Init  Update Refs (N)          15 us
[176.904s][info][gc,stats      ]   Retire GCLABs                       9 us
[176.904s][info][gc,stats      ] Concurrent Update Refs           328478 us
[176.904s][info][gc,stats      ] Pause Final Update Refs (G)        5373 us
[176.904s][info][gc,stats      ] Pause Final Update Refs (N)         482 us
[176.904s][info][gc,stats      ]   Update Roots                      402 us, parallelism: 0.99x
[176.904s][info][gc,stats      ]     UR: <total>                     396 us
[176.904s][info][gc,stats      ]     UR: Thread Roots                396 us, workers (us): 396, 
[176.904s][info][gc,stats      ]   Update Region States               52 us
[176.904s][info][gc,stats      ]   Trash Collection Set                4 us
[176.904s][info][gc,stats      ]   Rebuild Free Set                   13 us
[176.904s][info][gc,stats      ] Concurrent Cleanup                   85 us
[176.904s][info][gc,stats      ] Pacing                           152761 us
[176.904s][info][gc,stats      ] 
[176.904s][info][gc,stats      ] Allocation pacing accrued:
[176.904s][info][gc,stats      ]     153 of  5686 ms (  2.7%): Executor task launch worker for task 1.0 in stage 41.0 (TID 61)
[176.904s][info][gc,stats      ]     153 of  5686 ms (  2.7%): <total>
[176.904s][info][gc,stats      ]       1 of  5686 ms (  0.0%): <average total>
[176.904s][info][gc,stats      ]     153 of  5686 ms (  2.7%): <average non-zero>
[176.904s][info][gc,stats      ] 
[176.904s][info][gc,metaspace  ] Metaspace: 66856K->66856K(1110016K)
[176.904s][info][gc,ergo       ] Pacer for Idle. Initial: 40724K, Alloc Tax Rate: 1.0x
[181.684s][info][gc            ] Trigger: Average GC time (849.22 ms) is above the time for allocation rate (248 MB/s) to deplete free headroom (210M)
[181.684s][info][gc,ergo       ] Free headroom: 309M (free) - 101788K (spike) - 0B (penalties) = 210M
[181.684s][info][gc,ergo       ] Free: 310M, Max: 512K regular, 217M humongous, Frag: 30% external, 0% internal; Reserve: 101888K, Max: 512K
[181.684s][info][gc,start      ] GC(38) Concurrent reset
[181.684s][info][gc,task       ] GC(38) Using 1 of 1 workers for concurrent reset
[181.684s][info][gc,ergo       ] GC(38) Pacer for Reset. Non-Taxable: 1988M
[181.685s][info][gc            ] GC(38) Concurrent reset 0.676ms
[181.688s][info][gc,start      ] GC(38) Pause Init Mark
[181.688s][info][gc,task       ] GC(38) Using 1 of 1 workers for init marking
[181.690s][info][gc,ergo       ] GC(38) Pacer for Mark. Expected Live: 171M, Free: 310M, Non-Taxable: 31744K, Alloc Tax Rate: 0.7x
[181.690s][info][gc            ] GC(38) Pause Init Mark 1.523ms
[181.690s][info][gc,start      ] GC(38) Concurrent marking
[181.690s][info][gc,task       ] GC(38) Using 1 of 1 workers for concurrent marking
[182.052s][info][gc            ] GC(38) Concurrent marking 362.350ms
[182.052s][info][gc,start      ] GC(38) Pause Final Mark
[182.052s][info][gc,task       ] GC(38) Using 1 of 1 workers for final marking
[182.053s][info][gc,ergo       ] GC(38) Collectable Garbage: 1353M (96%), Immediate: 1353M (96%), CSet: 0B (0%)
[182.053s][info][gc            ] GC(38) Pause Final Mark 0.412ms
[182.053s][info][gc,start      ] GC(38) Concurrent cleanup
[182.053s][info][gc            ] GC(38) Concurrent cleanup 1600M->246M(1685M) 0.174ms
[182.053s][info][gc,ergo       ] GC(38) Free: 1639M, Max: 512K regular, 436M humongous, Frag: 74% external, 0% internal; Reserve: 101888K, Max: 512K
[182.053s][info][gc,ergo       ] Free: 1639M, Max: 512K regular, 436M humongous, Frag: 74% external, 0% internal; Reserve: 101888K, Max: 512K
[182.053s][info][gc,stats      ] 
[182.053s][info][gc,stats      ] All times are wall-clock times, except per-root-class counters, that are sum over
[182.053s][info][gc,stats      ] all workers. Dividing the <total> over the root stage time estimates parallelism.
[182.053s][info][gc,stats      ] 
[182.053s][info][gc,stats      ] Concurrent Reset                    663 us
[182.053s][info][gc,stats      ] Pause Init Mark (G)                4589 us
[182.053s][info][gc,stats      ] Pause Init Mark (N)                1496 us
[182.053s][info][gc,stats      ]   Accumulate Stats                   20 us
[182.053s][info][gc,stats      ]   Make Parsable                      14 us
[182.053s][info][gc,stats      ]   Update Region States               47 us
[182.053s][info][gc,stats      ]   Scan Roots                       1373 us, parallelism: 0.82x
[182.053s][info][gc,stats      ]     S: <total>                     1132 us
[182.053s][info][gc,stats      ]     S: Thread Roots                 502 us, workers (us): 502, 
[182.053s][info][gc,stats      ]     S: Universe Roots                 2 us, workers (us):   2, 
[182.053s][info][gc,stats      ]     S: JNI Handles Roots              1 us, workers (us):   1, 
[182.053s][info][gc,stats      ]     S: Synchronizer Roots             0 us, workers (us):   0, 
[182.053s][info][gc,stats      ]     S: Management Roots               1 us, workers (us):   1, 
[182.053s][info][gc,stats      ]     S: System Dict Roots             11 us, workers (us):  11, 
[182.053s][info][gc,stats      ]     S: CLDG Roots                   615 us, workers (us): 615, 
[182.053s][info][gc,stats      ]     S: JVMTI Roots                    1 us, workers (us):   1, 
[182.053s][info][gc,stats      ]   Resize TLABs                       12 us
[182.053s][info][gc,stats      ] Concurrent Marking               362342 us
[182.053s][info][gc,stats      ] Pause Final Mark (G)                547 us
[182.053s][info][gc,stats      ] Pause Final Mark (N)                401 us
[182.053s][info][gc,stats      ]   Finish Queues                      15 us
[182.053s][info][gc,stats      ]   System Purge                      249 us
[182.053s][info][gc,stats      ]     Weak Roots                      249 us
[182.053s][info][gc,stats      ]   Update Region States               43 us
[182.053s][info][gc,stats      ]   Retire TLABs                       17 us
[182.053s][info][gc,stats      ]   Choose Collection Set              56 us
[182.053s][info][gc,stats      ]   Rebuild Free Set                   14 us
[182.053s][info][gc,stats      ] Concurrent Cleanup                  169 us
[182.053s][info][gc,stats      ] Pacing                           205287 us
[182.053s][info][gc,stats      ] 
[182.053s][info][gc,stats      ] Allocation pacing accrued:
[182.053s][info][gc,stats      ]      12 of  5149 ms (  0.2%): C1 CompilerThread0
[182.053s][info][gc,stats      ]      24 of  5149 ms (  0.5%): dispatcher-event-loop-0
[182.053s][info][gc,stats      ]      13 of  5149 ms (  0.2%): dispatcher-BlockManagerMaster
[182.053s][info][gc,stats      ]      13 of  5149 ms (  0.2%): netty-rpc-env-timeout
[182.053s][info][gc,stats      ]      11 of  5149 ms (  0.2%): dag-scheduler-event-loop
[182.053s][info][gc,stats      ]      25 of  5149 ms (  0.5%): driver-heartbeater
[182.053s][info][gc,stats      ]      47 of  5149 ms (  0.9%): spark-listener-group-appStatus
[182.053s][info][gc,stats      ]      61 of  5149 ms (  1.2%): Executor task launch worker for task 0.0 in stage 50.0 (TID 69)
[182.053s][info][gc,stats      ]     205 of  5149 ms (  4.0%): <total>
[182.053s][info][gc,stats      ]       1 of  5149 ms (  0.0%): <average total>
[182.053s][info][gc,stats      ]      26 of  5149 ms (  0.5%): <average non-zero>
[182.053s][info][gc,stats      ] 
[182.053s][info][gc,metaspace  ] Metaspace: 67002K->67037K(1110016K)
[182.053s][info][gc,ergo       ] Pacer for Idle. Initial: 40724K, Alloc Tax Rate: 1.0x
[185.459s][info][gc            ] Trigger: Average GC time (701.25 ms) is above the time for allocation rate (355 MB/s) to deplete free headroom (248M)
[185.460s][info][gc,ergo       ] Free headroom: 347M (free) - 101788K (spike) - 0B (penalties) = 248M
[185.460s][info][gc,ergo       ] Free: 347M, Max: 512K regular, 341M humongous, Frag: 2% external, 0% internal; Reserve: 101888K, Max: 512K
[185.460s][info][gc,start      ] GC(39) Concurrent reset
[185.460s][info][gc,task       ] GC(39) Using 1 of 1 workers for concurrent reset
[185.460s][info][gc,ergo       ] GC(39) Pacer for Reset. Non-Taxable: 1988M
[185.460s][info][gc            ] GC(39) Concurrent reset 0.362ms
[185.463s][info][gc,start      ] GC(39) Pause Init Mark
[185.463s][info][gc,task       ] GC(39) Using 1 of 1 workers for init marking
[185.465s][info][gc,ergo       ] GC(39) Pacer for Mark. Expected Live: 163M, Free: 347M, Non-Taxable: 35627K, Alloc Tax Rate: 0.6x
[185.465s][info][gc            ] GC(39) Pause Init Mark 1.559ms
[185.465s][info][gc,start      ] GC(39) Concurrent marking
[185.465s][info][gc,task       ] GC(39) Using 1 of 1 workers for concurrent marking
[185.879s][info][gc            ] GC(39) Concurrent marking 413.885ms
[185.879s][info][gc,start      ] GC(39) Pause Final Mark
[185.879s][info][gc,task       ] GC(39) Using 1 of 1 workers for final marking
[185.880s][info][gc,ergo       ] GC(39) Adaptive CSet Selection. Target Free: 281M, Actual Free: 1408M, Max CSet: 84823K, Min Garbage: 0B
[185.880s][info][gc,ergo       ] GC(39) Collectable Garbage: 1322M (99%), Immediate: 1011M (76%), CSet: 310M (23%)
[185.883s][info][gc,ergo       ] GC(39) Pacer for Evacuation. Used CSet: 349M, Free: 1341M, Non-Taxable: 134M, Alloc Tax Rate: 1.1x
[185.883s][info][gc            ] GC(39) Pause Final Mark 3.709ms
[185.883s][info][gc,start      ] GC(39) Concurrent cleanup
[185.883s][info][gc            ] GC(39) Concurrent cleanup 1556M->544M(1685M) 0.214ms
[185.883s][info][gc,ergo       ] GC(39) Free: 1341M, Max: 512K regular, 297M humongous, Frag: 78% external, 0% internal; Reserve: 101857K, Max: 512K
[185.883s][info][gc,start      ] GC(39) Concurrent evacuation
[185.883s][info][gc,task       ] GC(39) Using 1 of 1 workers for concurrent evacuation
[185.993s][info][gc            ] GC(39) Concurrent evacuation 110.370ms
[185.997s][info][gc,start      ] GC(39) Pause Init Update Refs
[185.997s][info][gc,ergo       ] GC(39) Pacer for Update Refs. Used: 585M, Free: 1339M, Non-Taxable: 133M, Alloc Tax Rate: 1.1x
[185.997s][info][gc            ] GC(39) Pause Init Update Refs 0.044ms
[185.997s][info][gc,start      ] GC(39) Concurrent update references
[185.997s][info][gc,task       ] GC(39) Using 1 of 1 workers for concurrent reference update
[186.386s][info][gc            ] GC(39) Concurrent update references 389.317ms
[186.389s][info][gc,start      ] GC(39) Pause Final Update Refs
[186.389s][info][gc,task       ] GC(39) Using 1 of 1 workers for final reference update
[186.389s][info][gc            ] GC(39) Pause Final Update Refs 0.529ms
[186.389s][info][gc,start      ] GC(39) Concurrent cleanup
[186.390s][info][gc            ] GC(39) Concurrent cleanup 620M->270M(1685M) 0.098ms
[186.390s][info][gc,ergo       ] Free: 1610M, Max: 512K regular, 368M humongous, Frag: 78% external, 0% internal; Reserve: 101888K, Max: 512K
[186.390s][info][gc,stats      ] 
[186.390s][info][gc,stats      ] All times are wall-clock times, except per-root-class counters, that are sum over
[186.390s][info][gc,stats      ] all workers. Dividing the <total> over the root stage time estimates parallelism.
[186.390s][info][gc,stats      ] 
[186.390s][info][gc,stats      ] Concurrent Reset                    350 us
[186.390s][info][gc,stats      ] Pause Init Mark (G)                4805 us
[186.390s][info][gc,stats      ] Pause Init Mark (N)                1539 us
[186.390s][info][gc,stats      ]   Accumulate Stats                   19 us
[186.390s][info][gc,stats      ]   Make Parsable                      19 us
[186.390s][info][gc,stats      ]   Update Region States               41 us
[186.390s][info][gc,stats      ]   Scan Roots                       1420 us, parallelism: 0.83x
[186.390s][info][gc,stats      ]     S: <total>                     1173 us
[186.390s][info][gc,stats      ]     S: Thread Roots                 537 us, workers (us): 537, 
[186.390s][info][gc,stats      ]     S: Universe Roots                 2 us, workers (us):   2, 
[186.390s][info][gc,stats      ]     S: JNI Handles Roots              1 us, workers (us):   1, 
[186.390s][info][gc,stats      ]     S: Synchronizer Roots             0 us, workers (us):   0, 
[186.390s][info][gc,stats      ]     S: Management Roots               1 us, workers (us):   1, 
[186.390s][info][gc,stats      ]     S: System Dict Roots             13 us, workers (us):  13, 
[186.390s][info][gc,stats      ]     S: CLDG Roots                   618 us, workers (us): 618, 
[186.390s][info][gc,stats      ]     S: JVMTI Roots                    1 us, workers (us):   1, 
[186.390s][info][gc,stats      ]   Resize TLABs                       13 us
[186.390s][info][gc,stats      ] Concurrent Marking               413877 us
[186.390s][info][gc,stats      ] Pause Final Mark (G)               3926 us
[186.390s][info][gc,stats      ] Pause Final Mark (N)               3686 us
[186.390s][info][gc,stats      ]   Finish Queues                      67 us
[186.390s][info][gc,stats      ]   System Purge                      328 us
[186.390s][info][gc,stats      ]     Weak Roots                      327 us
[186.390s][info][gc,stats      ]   Update Region States               75 us
[186.390s][info][gc,stats      ]   Retire TLABs                       32 us
[186.390s][info][gc,stats      ]   Choose Collection Set             242 us
[186.390s][info][gc,stats      ]   Rebuild Free Set                   20 us
[186.390s][info][gc,stats      ]   Initial Evacuation               2913 us, parallelism: 0.64x
[186.390s][info][gc,stats      ]     E: <total>                     1856 us
[186.390s][info][gc,stats      ]     E: Thread Roots                 624 us, workers (us): 624, 
[186.390s][info][gc,stats      ]     E: Code Cache Roots             556 us, workers (us): 556, 
[186.390s][info][gc,stats      ]     E: Universe Roots                 1 us, workers (us):   1, 
[186.390s][info][gc,stats      ]     E: JNI Handles Roots              1 us, workers (us):   1, 
[186.390s][info][gc,stats      ]     E: Synchronizer Roots             0 us, workers (us):   0, 
[186.390s][info][gc,stats      ]     E: Management Roots               2 us, workers (us):   2, 
[186.390s][info][gc,stats      ]     E: System Dict Roots             11 us, workers (us):  11, 
[186.390s][info][gc,stats      ]     E: CLDG Roots                   659 us, workers (us): 659, 
[186.390s][info][gc,stats      ]     E: JVMTI Roots                    1 us, workers (us):   1, 
[186.390s][info][gc,stats      ] Concurrent Cleanup                  195 us
[186.390s][info][gc,stats      ] Concurrent Evacuation            110359 us
[186.390s][info][gc,stats      ] Pause Init  Update Refs (G)        3038 us
[186.390s][info][gc,stats      ] Pause Init  Update Refs (N)          25 us
[186.390s][info][gc,stats      ]   Retire GCLABs                       9 us
[186.390s][info][gc,stats      ] Concurrent Update Refs           389306 us
[186.390s][info][gc,stats      ] Pause Final Update Refs (G)        3468 us
[186.390s][info][gc,stats      ] Pause Final Update Refs (N)         487 us
[186.390s][info][gc,stats      ]   Update Roots                      415 us, parallelism: 0.98x
[186.390s][info][gc,stats      ]     UR: <total>                     406 us
[186.390s][info][gc,stats      ]     UR: Thread Roots                406 us, workers (us): 406, 
[186.390s][info][gc,stats      ]   Update Region States               42 us
[186.390s][info][gc,stats      ]   Trash Collection Set                5 us
[186.390s][info][gc,stats      ]   Rebuild Free Set                   15 us
[186.390s][info][gc,stats      ] Concurrent Cleanup                   93 us
[186.390s][info][gc,stats      ] Pacing                           194069 us
[186.390s][info][gc,stats      ] 
[186.390s][info][gc,stats      ] Allocation pacing accrued:
[186.390s][info][gc,stats      ]      10 of  4337 ms (  0.2%): RemoteBlock-temp-file-clean-thread
[186.390s][info][gc,stats      ]      11 of  4337 ms (  0.2%): driver-heartbeater
[186.390s][info][gc,stats      ]     174 of  4337 ms (  4.0%): Executor task launch worker for task 2.0 in stage 51.0 (TID 74)
[186.390s][info][gc,stats      ]     194 of  4337 ms (  4.5%): <total>
[186.390s][info][gc,stats      ]       1 of  4337 ms (  0.0%): <average total>
[186.390s][info][gc,stats      ]      65 of  4337 ms (  1.5%): <average non-zero>
[186.390s][info][gc,stats      ] 
[186.390s][info][gc,metaspace  ] Metaspace: 67091K->67092K(1110016K)
[186.390s][info][gc,ergo       ] Pacer for Idle. Initial: 40724K, Alloc Tax Rate: 1.0x
[186.957s][info][gc            ] Trigger: Explicit GC request (System.gc())
[186.957s][info][gc,ergo       ] Free: 867M, Max: 512K regular, 259M humongous, Frag: 71% external, 0% internal; Reserve: 101888K, Max: 512K
[186.957s][info][gc,start      ] GC(40) Concurrent reset
[186.957s][info][gc,task       ] GC(40) Using 1 of 1 workers for concurrent reset
[186.957s][info][gc,ergo       ] GC(40) Pacer for Reset. Non-Taxable: 1988M
[186.958s][info][gc            ] GC(40) Concurrent reset 0.880ms
[186.958s][info][gc,start      ] GC(40) Pause Init Mark (process weakrefs) (unload classes)
[186.958s][info][gc,task       ] GC(40) Using 1 of 1 workers for init marking
[186.959s][info][gc,ergo       ] GC(40) Pacer for Mark. Expected Live: 171M, Free: 867M, Non-Taxable: 88855K, Alloc Tax Rate: 0.2x
[186.959s][info][gc            ] GC(40) Pause Init Mark (process weakrefs) (unload classes) 0.985ms
[186.959s][info][gc,start      ] GC(40) Concurrent marking (process weakrefs) (unload classes)
[186.959s][info][gc,task       ] GC(40) Using 1 of 1 workers for concurrent marking
[187.141s][info][gc            ] GC(40) Concurrent marking (process weakrefs) (unload classes) 182.147ms
[187.141s][info][gc,start      ] GC(40) Concurrent precleaning
[187.141s][info][gc,task       ] GC(40) Using 1 of 1 workers for concurrent preclean
[187.141s][info][gc,ergo       ] GC(40) Pacer for Precleaning. Non-Taxable: 1988M
[187.142s][info][gc            ] GC(40) Concurrent precleaning 0.315ms
[187.142s][info][gc,start      ] GC(40) Pause Final Mark (process weakrefs) (unload classes)
[187.142s][info][gc,task       ] GC(40) Using 1 of 1 workers for final marking
[187.170s][info][gc,stringtable] GC(40) Cleaned string and symbol table, strings: 20149 processed, 0 removed, symbols: 140174 processed, 256 removed
[187.171s][info][gc,ergo       ] GC(40) Collectable Garbage: 850M (98%), Immediate: 850M (98%), CSet: 0B (0%)
[187.171s][info][gc            ] GC(40) Pause Final Mark (process weakrefs) (unload classes) 29.020ms
[187.171s][info][gc,start      ] GC(40) Concurrent cleanup
[187.171s][info][gc            ] GC(40) Concurrent cleanup 1005M->154M(1685M) 0.137ms
[187.171s][info][gc,ergo       ] GC(40) Free: 1732M, Max: 512K regular, 734M humongous, Frag: 58% external, 0% internal; Reserve: 101888K, Max: 512K
[187.171s][info][gc,ergo       ] Free: 1732M, Max: 512K regular, 734M humongous, Frag: 58% external, 0% internal; Reserve: 101888K, Max: 512K
[187.171s][info][gc,stats      ] 
[187.171s][info][gc,stats      ] All times are wall-clock times, except per-root-class counters, that are sum over
[187.171s][info][gc,stats      ] all workers. Dividing the <total> over the root stage time estimates parallelism.
[187.171s][info][gc,stats      ] 
[187.171s][info][gc,stats      ] Concurrent Reset                    867 us
[187.171s][info][gc,stats      ] Pause Init Mark (G)                1282 us
[187.171s][info][gc,stats      ] Pause Init Mark (N)                 975 us
[187.171s][info][gc,stats      ]   Accumulate Stats                   21 us
[187.171s][info][gc,stats      ]   Make Parsable                      17 us
[187.171s][info][gc,stats      ]   Update Region States               36 us
[187.171s][info][gc,stats      ]   Scan Roots                        860 us, parallelism: 0.70x
[187.171s][info][gc,stats      ]     S: <total>                      604 us
[187.171s][info][gc,stats      ]     S: Thread Roots                 496 us, workers (us): 496, 
[187.171s][info][gc,stats      ]     S: Universe Roots                 3 us, workers (us):   3, 
[187.171s][info][gc,stats      ]     S: JNI Handles Roots              1 us, workers (us):   1, 
[187.171s][info][gc,stats      ]     S: Synchronizer Roots             0 us, workers (us):   0, 
[187.171s][info][gc,stats      ]     S: Management Roots               1 us, workers (us):   1, 
[187.171s][info][gc,stats      ]     S: System Dict Roots             12 us, workers (us):  12, 
[187.171s][info][gc,stats      ]     S: CLDG Roots                    90 us, workers (us):  90, 
[187.171s][info][gc,stats      ]     S: JVMTI Roots                    1 us, workers (us):   1, 
[187.171s][info][gc,stats      ]   Resize TLABs                       11 us
[187.171s][info][gc,stats      ] Concurrent Marking               182141 us
[187.171s][info][gc,stats      ] Concurrent Precleaning              308 us
[187.171s][info][gc,stats      ] Pause Final Mark (G)              29194 us
[187.171s][info][gc,stats      ] Pause Final Mark (N)              29013 us
[187.171s][info][gc,stats      ]   Finish Queues                     117 us
[187.171s][info][gc,stats      ]   Weak References                    73 us
[187.171s][info][gc,stats      ]     Process                          70 us
[187.171s][info][gc,stats      ]   System Purge                      276 us
[187.171s][info][gc,stats      ]     Unload Classes                 1040 us
[187.171s][info][gc,stats      ]     Cleanup                       27071 us, parallelism: 1.00x
[187.171s][info][gc,stats      ]       CU: <total>                 26967 us
[187.171s][info][gc,stats      ]       CU: Code Cache Roots        11565 us, workers (us): 11565, 
[187.171s][info][gc,stats      ]       CU: Code Cache Cleaning      1923 us, workers (us): 1923, 
[187.171s][info][gc,stats      ]       CU: String Table Roots       6650 us, workers (us): 6650, 
[187.171s][info][gc,stats      ]       CU: Resolved Table Roots      136 us, workers (us): 136, 
[187.171s][info][gc,stats      ]       CU: CLDG Roots               6694 us, workers (us): 6694, 
[187.171s][info][gc,stats      ]     Weak Roots                      276 us
[187.171s][info][gc,stats      ]     CLDG                            257 us
[187.171s][info][gc,stats      ]   Update Region States               45 us
[187.171s][info][gc,stats      ]   Retire TLABs                       33 us
[187.171s][info][gc,stats      ]   Choose Collection Set              70 us
[187.171s][info][gc,stats      ]   Rebuild Free Set                   15 us
[187.171s][info][gc,stats      ] Concurrent Cleanup                  130 us
[187.171s][info][gc,stats      ] 
[187.171s][info][gc,stats      ] Allocation pacing accrued:
[187.171s][info][gc,stats      ]       0 of   781 ms (  0.0%): <total>
[187.171s][info][gc,stats      ]       0 of   781 ms (  0.0%): <average total>
[187.171s][info][gc,stats      ] 
[187.171s][info][gc,metaspace  ] Metaspace: 67105K->66626K(1110016K)
[187.171s][info][gc,ergo       ] Pacer for Idle. Initial: 40724K, Alloc Tax Rate: 1.0x
[187.171s][info][gc,start      ] Concurrent uncommit
[187.223s][info][gc            ] Concurrent uncommit 154M->154M(156M) 51.979ms
[188.305s][info][gc            ] Trigger: Learning 2 of 5. Free (1391M) is below initial threshold (1391M)
[188.305s][info][gc,ergo       ] Free: 1391M, Max: 512K regular, 734M humongous, Frag: 48% external, 0% internal; Reserve: 101888K, Max: 512K
[188.305s][info][gc,start      ] GC(41) Concurrent reset
[188.305s][info][gc,task       ] GC(41) Using 1 of 1 workers for concurrent reset
[188.305s][info][gc,ergo       ] GC(41) Pacer for Reset. Non-Taxable: 1988M
[188.306s][info][gc            ] GC(41) Concurrent reset 0.295ms
[188.308s][info][gc,start      ] GC(41) Pause Init Mark
[188.308s][info][gc,task       ] GC(41) Using 1 of 1 workers for init marking
[188.310s][info][gc,ergo       ] GC(41) Pacer for Mark. Expected Live: 161M, Free: 1391M, Non-Taxable: 139M, Alloc Tax Rate: 0.1x
[188.310s][info][gc            ] GC(41) Pause Init Mark 1.730ms
[188.310s][info][gc,start      ] GC(41) Concurrent marking
[188.310s][info][gc,task       ] GC(41) Using 1 of 1 workers for concurrent marking
[188.857s][info][gc            ] GC(41) Concurrent marking 547.278ms
[188.857s][info][gc,start      ] GC(41) Pause Final Mark
[188.857s][info][gc,task       ] GC(41) Using 1 of 1 workers for final marking
[188.858s][info][gc,ergo       ] GC(41) Adaptive CSet Selection. Target Free: 281M, Actual Free: 1417M, Max CSet: 84823K, Min Garbage: 0B
[188.858s][info][gc,ergo       ] GC(41) Collectable Garbage: 300M (99%), Immediate: 19384K (6%), CSet: 281M (92%)
[188.861s][info][gc,ergo       ] GC(41) Pacer for Evacuation. Used CSet: 322M, Free: 1322M, Non-Taxable: 132M, Alloc Tax Rate: 1.1x
[188.861s][info][gc            ] GC(41) Pause Final Mark 4.170ms
[188.861s][info][gc,start      ] GC(41) Concurrent cleanup
[188.861s][info][gc            ] GC(41) Concurrent cleanup 583M->564M(590M) 0.076ms
[188.861s][info][gc,ergo       ] GC(41) Free: 1322M, Max: 512K regular, 734M humongous, Frag: 45% external, 0% internal; Reserve: 101376K, Max: 512K
[188.861s][info][gc,start      ] GC(41) Concurrent evacuation
[188.861s][info][gc,task       ] GC(41) Using 1 of 1 workers for concurrent evacuation
[188.976s][info][gc            ] GC(41) Concurrent evacuation 114.631ms
[188.978s][info][gc,start      ] GC(41) Pause Init Update Refs
[188.978s][info][gc,ergo       ] GC(41) Pacer for Update Refs. Used: 622M, Free: 1305M, Non-Taxable: 130M, Alloc Tax Rate: 1.1x
[188.978s][info][gc            ] GC(41) Pause Init Update Refs 0.032ms
[188.979s][info][gc,start      ] GC(41) Concurrent update references
[188.979s][info][gc,task       ] GC(41) Using 1 of 1 workers for concurrent reference update
[189.371s][info][gc            ] GC(41) Concurrent update references 392.018ms
[189.373s][info][gc,start      ] GC(41) Pause Final Update Refs
[189.373s][info][gc,task       ] GC(41) Using 1 of 1 workers for final reference update
[189.374s][info][gc            ] GC(41) Pause Final Update Refs 0.602ms
[189.374s][info][gc,start      ] GC(41) Concurrent cleanup
[189.374s][info][gc            ] GC(41) Concurrent cleanup 685M->362M(688M) 0.096ms
[189.374s][info][gc,ergo       ] Free: 1524M, Max: 512K regular, 700M humongous, Frag: 55% external, 0% internal; Reserve: 101888K, Max: 512K
[189.374s][info][gc,stats      ] 
[189.374s][info][gc,stats      ] All times are wall-clock times, except per-root-class counters, that are sum over
[189.374s][info][gc,stats      ] all workers. Dividing the <total> over the root stage time estimates parallelism.
[189.374s][info][gc,stats      ] 
[189.374s][info][gc,stats      ] Concurrent Reset                    283 us
[189.374s][info][gc,stats      ] Pause Init Mark (G)                4103 us
[189.374s][info][gc,stats      ] Pause Init Mark (N)                1714 us
[189.374s][info][gc,stats      ]   Accumulate Stats                   25 us
[189.374s][info][gc,stats      ]   Make Parsable                      26 us
[189.374s][info][gc,stats      ]   Update Region States               88 us
[189.374s][info][gc,stats      ]   Scan Roots                       1524 us, parallelism: 0.84x
[189.374s][info][gc,stats      ]     S: <total>                     1278 us
[189.374s][info][gc,stats      ]     S: Thread Roots                 664 us, workers (us): 664, 
[189.374s][info][gc,stats      ]     S: Universe Roots                 2 us, workers (us):   2, 
[189.374s][info][gc,stats      ]     S: JNI Handles Roots              1 us, workers (us):   1, 
[189.374s][info][gc,stats      ]     S: Synchronizer Roots             0 us, workers (us):   0, 
[189.374s][info][gc,stats      ]     S: Management Roots               1 us, workers (us):   1, 
[189.374s][info][gc,stats      ]     S: System Dict Roots             12 us, workers (us):  12, 
[189.374s][info][gc,stats      ]     S: CLDG Roots                   598 us, workers (us): 598, 
[189.374s][info][gc,stats      ]     S: JVMTI Roots                    0 us, workers (us):   0, 
[189.374s][info][gc,stats      ]   Resize TLABs                       18 us
[189.374s][info][gc,stats      ] Concurrent Marking               547271 us
[189.374s][info][gc,stats      ] Pause Final Mark (G)               4349 us
[189.374s][info][gc,stats      ] Pause Final Mark (N)               4151 us
[189.374s][info][gc,stats      ]   Finish Queues                      17 us
[189.374s][info][gc,stats      ]   System Purge                      307 us
[189.374s][info][gc,stats      ]     Weak Roots                      306 us
[189.374s][info][gc,stats      ]   Update Region States               46 us
[189.374s][info][gc,stats      ]   Retire TLABs                       22 us
[189.374s][info][gc,stats      ]   Choose Collection Set             140 us
[189.374s][info][gc,stats      ]   Rebuild Free Set                   13 us
[189.374s][info][gc,stats      ]   Initial Evacuation               3598 us, parallelism: 0.74x
[189.374s][info][gc,stats      ]     E: <total>                     2656 us
[189.374s][info][gc,stats      ]     E: Thread Roots                 676 us, workers (us): 676, 
[189.374s][info][gc,stats      ]     E: Code Cache Roots            1260 us, workers (us): 1260, 
[189.374s][info][gc,stats      ]     E: Universe Roots                 1 us, workers (us):   1, 
[189.374s][info][gc,stats      ]     E: JNI Handles Roots              1 us, workers (us):   1, 
[189.374s][info][gc,stats      ]     E: Synchronizer Roots             0 us, workers (us):   0, 
[189.374s][info][gc,stats      ]     E: Management Roots               1 us, workers (us):   1, 
[189.374s][info][gc,stats      ]     E: System Dict Roots             39 us, workers (us):  39, 
[189.374s][info][gc,stats      ]     E: CLDG Roots                   677 us, workers (us): 677, 
[189.374s][info][gc,stats      ]     E: JVMTI Roots                    0 us, workers (us):   0, 
[189.374s][info][gc,stats      ] Concurrent Cleanup                   68 us
[189.374s][info][gc,stats      ] Concurrent Evacuation            114621 us
[189.374s][info][gc,stats      ] Pause Init  Update Refs (G)        2364 us
[189.374s][info][gc,stats      ] Pause Init  Update Refs (N)          17 us
[189.374s][info][gc,stats      ]   Retire GCLABs                      10 us
[189.374s][info][gc,stats      ] Concurrent Update Refs           392004 us
[189.374s][info][gc,stats      ] Pause Final Update Refs (G)        3358 us
[189.374s][info][gc,stats      ] Pause Final Update Refs (N)         567 us
[189.374s][info][gc,stats      ]   Update Roots                      500 us, parallelism: 0.98x
[189.374s][info][gc,stats      ]     UR: <total>                     490 us
[189.374s][info][gc,stats      ]     UR: Thread Roots                490 us, workers (us): 490, 
[189.374s][info][gc,stats      ]   Update Region States               40 us
[189.374s][info][gc,stats      ]   Trash Collection Set                4 us
[189.374s][info][gc,stats      ]   Rebuild Free Set                   15 us
[189.374s][info][gc,stats      ] Concurrent Cleanup                   89 us
[189.374s][info][gc,stats      ] 
[189.374s][info][gc,stats      ] Allocation pacing accrued:
[189.374s][info][gc,stats      ]       0 of  2203 ms (  0.0%): <total>
[189.374s][info][gc,stats      ]       0 of  2203 ms (  0.0%): <average total>
[189.374s][info][gc,stats      ] 
[189.374s][info][gc,metaspace  ] Metaspace: 67057K->67063K(1110016K)
[189.374s][info][gc,ergo       ] Pacer for Idle. Initial: 40724K, Alloc Tax Rate: 1.0x
[190.171s][info][gc            ] Trigger: Learning 3 of 5. Free (1391M) is below initial threshold (1391M)
[190.171s][info][gc,ergo       ] Free: 1391M, Max: 512K regular, 700M humongous, Frag: 50% external, 0% internal; Reserve: 101888K, Max: 512K
[190.171s][info][gc,start      ] GC(42) Concurrent reset
[190.171s][info][gc,task       ] GC(42) Using 1 of 1 workers for concurrent reset
[190.171s][info][gc,ergo       ] GC(42) Pacer for Reset. Non-Taxable: 1988M
[190.172s][info][gc            ] GC(42) Concurrent reset 1.156ms
[190.175s][info][gc,start      ] GC(42) Pause Init Mark
[190.175s][info][gc,task       ] GC(42) Using 1 of 1 workers for init marking
[190.176s][info][gc,ergo       ] GC(42) Pacer for Mark. Expected Live: 168M, Free: 1391M, Non-Taxable: 139M, Alloc Tax Rate: 0.1x
[190.176s][info][gc            ] GC(42) Pause Init Mark 1.691ms
[190.176s][info][gc,start      ] GC(42) Concurrent marking
[190.176s][info][gc,task       ] GC(42) Using 1 of 1 workers for concurrent marking
[190.529s][info][gc            ] GC(42) Concurrent marking 352.359ms
[190.530s][info][gc,start      ] GC(42) Pause Final Mark
[190.530s][info][gc,task       ] GC(42) Using 1 of 1 workers for final marking
[190.530s][info][gc,ergo       ] GC(42) Collectable Garbage: 338M (95%), Immediate: 338M (95%), CSet: 0B (0%)
[190.530s][info][gc            ] GC(42) Pause Final Mark 0.435ms
[190.530s][info][gc,start      ] GC(42) Concurrent cleanup
[190.530s][info][gc            ] GC(42) Concurrent cleanup 559M->221M(688M) 0.096ms
[190.530s][info][gc,ergo       ] GC(42) Free: 1664M, Max: 512K regular, 735M humongous, Frag: 56% external, 0% internal; Reserve: 101888K, Max: 512K
[190.530s][info][gc,ergo       ] Free: 1664M, Max: 512K regular, 735M humongous, Frag: 56% external, 0% internal; Reserve: 101888K, Max: 512K
[190.530s][info][gc,stats      ] 
[190.530s][info][gc,stats      ] All times are wall-clock times, except per-root-class counters, that are sum over
[190.530s][info][gc,stats      ] all workers. Dividing the <total> over the root stage time estimates parallelism.
[190.530s][info][gc,stats      ] 
[190.530s][info][gc,stats      ] Concurrent Reset                   1137 us
[190.530s][info][gc,stats      ] Pause Init Mark (G)                4033 us
[190.530s][info][gc,stats      ] Pause Init Mark (N)                1674 us
[190.530s][info][gc,stats      ]   Accumulate Stats                   23 us
[190.530s][info][gc,stats      ]   Make Parsable                      16 us
[190.530s][info][gc,stats      ]   Update Region States               38 us
[190.530s][info][gc,stats      ]   Scan Roots                       1544 us, parallelism: 0.83x
[190.530s][info][gc,stats      ]     S: <total>                     1281 us
[190.530s][info][gc,stats      ]     S: Thread Roots                 694 us, workers (us): 694, 
[190.530s][info][gc,stats      ]     S: Universe Roots                 2 us, workers (us):   2, 
[190.530s][info][gc,stats      ]     S: JNI Handles Roots              1 us, workers (us):   1, 
[190.530s][info][gc,stats      ]     S: Synchronizer Roots             0 us, workers (us):   0, 
[190.530s][info][gc,stats      ]     S: Management Roots               1 us, workers (us):   1, 
[190.530s][info][gc,stats      ]     S: System Dict Roots             21 us, workers (us):  21, 
[190.530s][info][gc,stats      ]     S: CLDG Roots                   562 us, workers (us): 562, 
[190.530s][info][gc,stats      ]     S: JVMTI Roots                    0 us, workers (us):   0, 
[190.530s][info][gc,stats      ]   Resize TLABs                       18 us
[190.530s][info][gc,stats      ] Concurrent Marking               352351 us
[190.530s][info][gc,stats      ] Pause Final Mark (G)                701 us
[190.530s][info][gc,stats      ] Pause Final Mark (N)                407 us
[190.530s][info][gc,stats      ]   Finish Queues                      41 us
[190.530s][info][gc,stats      ]   System Purge                      254 us
[190.530s][info][gc,stats      ]     Weak Roots                      254 us
[190.530s][info][gc,stats      ]   Update Region States               43 us
[190.530s][info][gc,stats      ]   Retire TLABs                       18 us
[190.530s][info][gc,stats      ]   Choose Collection Set              23 us
[190.530s][info][gc,stats      ]   Rebuild Free Set                   14 us
[190.530s][info][gc,stats      ] Concurrent Cleanup                   90 us
[190.530s][info][gc,stats      ] 
[190.530s][info][gc,stats      ] Allocation pacing accrued:
[190.530s][info][gc,stats      ]       0 of  1156 ms (  0.0%): <total>
[190.530s][info][gc,stats      ]       0 of  1156 ms (  0.0%): <average total>
[190.530s][info][gc,stats      ] 
[190.530s][info][gc,metaspace  ] Metaspace: 67084K->67085K(1110016K)
[190.530s][info][gc,ergo       ] Pacer for Idle. Initial: 40724K, Alloc Tax Rate: 1.0x
[191.206s][info][gc            ] Trigger: Learning 4 of 5. Free (1391M) is below initial threshold (1391M)
[191.206s][info][gc,ergo       ] Free: 1392M, Max: 512K regular, 735M humongous, Frag: 48% external, 0% internal; Reserve: 101888K, Max: 512K
[191.206s][info][gc,start      ] GC(43) Concurrent reset
[191.206s][info][gc,task       ] GC(43) Using 1 of 1 workers for concurrent reset
[191.206s][info][gc,ergo       ] GC(43) Pacer for Reset. Non-Taxable: 1988M
[191.206s][info][gc            ] GC(43) Concurrent reset 0.268ms
[191.209s][info][gc,start      ] GC(43) Pause Init Mark
[191.209s][info][gc,task       ] GC(43) Using 1 of 1 workers for init marking
[191.210s][info][gc,ergo       ] GC(43) Pacer for Mark. Expected Live: 159M, Free: 1392M, Non-Taxable: 139M, Alloc Tax Rate: 0.1x
[191.210s][info][gc            ] GC(43) Pause Init Mark 1.579ms
[191.210s][info][gc,start      ] GC(43) Concurrent marking
[191.210s][info][gc,task       ] GC(43) Using 1 of 1 workers for concurrent marking
[191.773s][info][gc            ] GC(43) Concurrent marking 562.267ms
[191.773s][info][gc,start      ] GC(43) Pause Final Mark
[191.773s][info][gc,task       ] GC(43) Using 1 of 1 workers for final marking
[191.773s][info][gc,ergo       ] GC(43) Adaptive CSet Selection. Target Free: 281M, Actual Free: 1394M, Max CSet: 84823K, Min Garbage: 0B
[191.773s][info][gc,ergo       ] GC(43) Collectable Garbage: 299M (99%), Immediate: 7168K (2%), CSet: 292M (96%)
[191.775s][info][gc,ergo       ] GC(43) Pacer for Evacuation. Used CSet: 334M, Free: 1298M, Non-Taxable: 129M, Alloc Tax Rate: 1.1x
[191.775s][info][gc            ] GC(43) Pause Final Mark 2.520ms
[191.775s][info][gc,start      ] GC(43) Concurrent cleanup
[191.775s][info][gc            ] GC(43) Concurrent cleanup 595M->588M(688M) 0.073ms
[191.775s][info][gc,ergo       ] GC(43) Free: 1298M, Max: 512K regular, 735M humongous, Frag: 44% external, 0% internal; Reserve: 101881K, Max: 512K
[191.775s][info][gc,start      ] GC(43) Concurrent evacuation
[191.775s][info][gc,task       ] GC(43) Using 1 of 1 workers for concurrent evacuation
[191.877s][info][gc            ] GC(43) Concurrent evacuation 101.354ms
[191.879s][info][gc,start      ] GC(43) Pause Init Update Refs
[191.879s][info][gc,ergo       ] GC(43) Pacer for Update Refs. Used: 645M, Free: 1283M, Non-Taxable: 128M, Alloc Tax Rate: 1.1x
[191.879s][info][gc            ] GC(43) Pause Init Update Refs 0.395ms
[191.880s][info][gc,start      ] GC(43) Concurrent update references
[191.880s][info][gc,task       ] GC(43) Using 1 of 1 workers for concurrent reference update
[192.282s][info][gc            ] GC(43) Concurrent update references 402.343ms
[192.284s][info][gc,start      ] GC(43) Pause Final Update Refs
[192.284s][info][gc,task       ] GC(43) Using 1 of 1 workers for final reference update
[192.285s][info][gc            ] GC(43) Pause Final Update Refs 0.616ms
[192.285s][info][gc,start      ] GC(43) Concurrent cleanup
[192.285s][info][gc            ] GC(43) Concurrent cleanup 699M->364M(703M) 0.096ms
[192.285s][info][gc,ergo       ] Free: 1521M, Max: 512K regular, 698M humongous, Frag: 55% external, 0% internal; Reserve: 101888K, Max: 512K
[192.285s][info][gc,stats      ] 
[192.285s][info][gc,stats      ] All times are wall-clock times, except per-root-class counters, that are sum over
[192.285s][info][gc,stats      ] all workers. Dividing the <total> over the root stage time estimates parallelism.
[192.285s][info][gc,stats      ] 
[192.285s][info][gc,stats      ] Concurrent Reset                    257 us
[192.285s][info][gc,stats      ] Pause Init Mark (G)                3912 us
[192.285s][info][gc,stats      ] Pause Init Mark (N)                1562 us
[192.285s][info][gc,stats      ]   Accumulate Stats                   23 us
[192.285s][info][gc,stats      ]   Make Parsable                      15 us
[192.285s][info][gc,stats      ]   Update Region States               35 us
[192.285s][info][gc,stats      ]   Scan Roots                       1439 us, parallelism: 0.82x
[192.285s][info][gc,stats      ]     S: <total>                     1175 us
[192.285s][info][gc,stats      ]     S: Thread Roots                 601 us, workers (us): 601, 
[192.285s][info][gc,stats      ]     S: Universe Roots                 2 us, workers (us):   2, 
[192.285s][info][gc,stats      ]     S: JNI Handles Roots              1 us, workers (us):   1, 
[192.285s][info][gc,stats      ]     S: Synchronizer Roots             0 us, workers (us):   0, 
[192.285s][info][gc,stats      ]     S: Management Roots               1 us, workers (us):   1, 
[192.285s][info][gc,stats      ]     S: System Dict Roots             11 us, workers (us):  11, 
[192.285s][info][gc,stats      ]     S: CLDG Roots                   558 us, workers (us): 558, 
[192.285s][info][gc,stats      ]     S: JVMTI Roots                    0 us, workers (us):   0, 
[192.285s][info][gc,stats      ]   Resize TLABs                       19 us
[192.285s][info][gc,stats      ] Concurrent Marking               562260 us
[192.285s][info][gc,stats      ] Pause Final Mark (G)               2710 us
[192.285s][info][gc,stats      ] Pause Final Mark (N)               2506 us
[192.285s][info][gc,stats      ]   Finish Queues                      17 us
[192.285s][info][gc,stats      ]   System Purge                      253 us
[192.285s][info][gc,stats      ]     Weak Roots                      252 us
[192.285s][info][gc,stats      ]   Update Region States               41 us
[192.285s][info][gc,stats      ]   Retire TLABs                       12 us
[192.285s][info][gc,stats      ]   Choose Collection Set             130 us
[192.285s][info][gc,stats      ]   Rebuild Free Set                   13 us
[192.285s][info][gc,stats      ]   Initial Evacuation               2033 us, parallelism: 0.69x
[192.285s][info][gc,stats      ]     E: <total>                     1397 us
[192.285s][info][gc,stats      ]     E: Thread Roots                 575 us, workers (us): 575, 
[192.285s][info][gc,stats      ]     E: Code Cache Roots             316 us, workers (us): 316, 
[192.285s][info][gc,stats      ]     E: Universe Roots                 1 us, workers (us):   1, 
[192.285s][info][gc,stats      ]     E: JNI Handles Roots              1 us, workers (us):   1, 
[192.285s][info][gc,stats      ]     E: Synchronizer Roots             0 us, workers (us):   0, 
[192.285s][info][gc,stats      ]     E: Management Roots               1 us, workers (us):   1, 
[192.285s][info][gc,stats      ]     E: System Dict Roots              9 us, workers (us):   9, 
[192.285s][info][gc,stats      ]     E: CLDG Roots                   494 us, workers (us): 494, 
[192.285s][info][gc,stats      ]     E: JVMTI Roots                    0 us, workers (us):   0, 
[192.285s][info][gc,stats      ] Concurrent Cleanup                   67 us
[192.285s][info][gc,stats      ] Concurrent Evacuation            101345 us
[192.285s][info][gc,stats      ] Pause Init  Update Refs (G)        2739 us
[192.285s][info][gc,stats      ] Pause Init  Update Refs (N)          23 us
[192.285s][info][gc,stats      ]   Retire GCLABs                      11 us
[192.285s][info][gc,stats      ] Concurrent Update Refs           402330 us
[192.285s][info][gc,stats      ] Pause Final Update Refs (G)        2967 us
[192.285s][info][gc,stats      ] Pause Final Update Refs (N)         591 us
[192.285s][info][gc,stats      ]   Update Roots                      498 us, parallelism: 0.98x
[192.285s][info][gc,stats      ]     UR: <total>                     489 us
[192.285s][info][gc,stats      ]     UR: Thread Roots                489 us, workers (us): 489, 
[192.285s][info][gc,stats      ]   Update Region States               60 us
[192.285s][info][gc,stats      ]   Trash Collection Set                5 us
[192.285s][info][gc,stats      ]   Rebuild Free Set                   18 us
[192.285s][info][gc,stats      ] Concurrent Cleanup                   90 us
[192.285s][info][gc,stats      ] 
[192.285s][info][gc,stats      ] Allocation pacing accrued:
[192.285s][info][gc,stats      ]       0 of  1755 ms (  0.0%): <total>
[192.285s][info][gc,stats      ]       0 of  1755 ms (  0.0%): <average total>
[192.285s][info][gc,stats      ] 
[192.285s][info][gc,metaspace  ] Metaspace: 67085K->67085K(1110016K)
[192.285s][info][gc,ergo       ] Pacer for Idle. Initial: 40724K, Alloc Tax Rate: 1.0x
[192.999s][info][gc            ] Trigger: Learning 5 of 5. Free (1391M) is below initial threshold (1391M)
[192.999s][info][gc,ergo       ] Free: 1391M, Max: 512K regular, 698M humongous, Frag: 50% external, 0% internal; Reserve: 101888K, Max: 512K
[192.999s][info][gc,start      ] GC(44) Concurrent reset
[192.999s][info][gc,task       ] GC(44) Using 1 of 1 workers for concurrent reset
[192.999s][info][gc,ergo       ] GC(44) Pacer for Reset. Non-Taxable: 1988M
[193.000s][info][gc            ] GC(44) Concurrent reset 0.741ms
[193.002s][info][gc,start      ] GC(44) Pause Init Mark
[193.002s][info][gc,task       ] GC(44) Using 1 of 1 workers for init marking
[193.004s][info][gc,ergo       ] GC(44) Pacer for Mark. Expected Live: 167M, Free: 1391M, Non-Taxable: 139M, Alloc Tax Rate: 0.1x
[193.004s][info][gc            ] GC(44) Pause Init Mark 1.743ms
[193.004s][info][gc,start      ] GC(44) Concurrent marking
[193.004s][info][gc,task       ] GC(44) Using 1 of 1 workers for concurrent marking
[193.470s][info][gc            ] GC(44) Concurrent marking 466.252ms
[193.471s][info][gc,start      ] GC(44) Pause Final Mark
[193.471s][info][gc,task       ] GC(44) Using 1 of 1 workers for final marking
[193.471s][info][gc,ergo       ] GC(44) Adaptive CSet Selection. Target Free: 281M, Actual Free: 1700M, Max CSet: 84823K, Min Garbage: 0B
[193.471s][info][gc,ergo       ] GC(44) Collectable Garbage: 332M (99%), Immediate: 296M (88%), CSet: 36650K (10%)
[193.473s][info][gc,ergo       ] GC(44) Pacer for Evacuation. Used CSet: 51712K, Free: 1604M, Non-Taxable: 160M, Alloc Tax Rate: 1.1x
[193.473s][info][gc            ] GC(44) Pause Final Mark 2.472ms
[193.473s][info][gc,start      ] GC(44) Concurrent cleanup
[193.473s][info][gc            ] GC(44) Concurrent cleanup 577M->281M(703M) 0.099ms
[193.473s][info][gc,ergo       ] GC(44) Free: 1604M, Max: 512K regular, 737M humongous, Frag: 55% external, 0% internal; Reserve: 101881K, Max: 512K
[193.473s][info][gc,start      ] GC(44) Concurrent evacuation
[193.473s][info][gc,task       ] GC(44) Using 1 of 1 workers for concurrent evacuation
[193.504s][info][gc            ] GC(44) Concurrent evacuation 30.277ms
[193.508s][info][gc,start      ] GC(44) Pause Init Update Refs
[193.508s][info][gc,ergo       ] GC(44) Pacer for Update Refs. Used: 303M, Free: 1597M, Non-Taxable: 159M, Alloc Tax Rate: 1.1x
[193.508s][info][gc            ] GC(44) Pause Init Update Refs 0.046ms
[193.508s][info][gc,start      ] GC(44) Concurrent update references
[193.508s][info][gc,task       ] GC(44) Using 1 of 1 workers for concurrent reference update
[193.814s][info][gc            ] GC(44) Concurrent update references 306.458ms
[193.817s][info][gc,start      ] GC(44) Pause Final Update Refs
[193.817s][info][gc,task       ] GC(44) Using 1 of 1 workers for final reference update
[193.817s][info][gc            ] GC(44) Pause Final Update Refs 0.661ms
[193.817s][info][gc,start      ] GC(44) Concurrent cleanup
[193.817s][info][gc            ] GC(44) Concurrent cleanup 358M->308M(703M) 0.074ms
[193.817s][info][gc,ergo       ] Free: 1577M, Max: 512K regular, 725M humongous, Frag: 54% external, 0% internal; Reserve: 101888K, Max: 512K
[193.817s][info][gc,stats      ] 
[193.817s][info][gc,stats      ] All times are wall-clock times, except per-root-class counters, that are sum over
[193.817s][info][gc,stats      ] all workers. Dividing the <total> over the root stage time estimates parallelism.
[193.817s][info][gc,stats      ] 
[193.817s][info][gc,stats      ] Concurrent Reset                    728 us
[193.817s][info][gc,stats      ] Pause Init Mark (G)                4135 us
[193.817s][info][gc,stats      ] Pause Init Mark (N)                1707 us
[193.817s][info][gc,stats      ]   Accumulate Stats                   24 us
[193.817s][info][gc,stats      ]   Make Parsable                      16 us
[193.817s][info][gc,stats      ]   Update Region States               49 us
[193.817s][info][gc,stats      ]   Scan Roots                       1564 us, parallelism: 0.84x
[193.817s][info][gc,stats      ]     S: <total>                     1320 us
[193.817s][info][gc,stats      ]     S: Thread Roots                 702 us, workers (us): 702, 
[193.817s][info][gc,stats      ]     S: Universe Roots                 2 us, workers (us):   2, 
[193.817s][info][gc,stats      ]     S: JNI Handles Roots              1 us, workers (us):   1, 
[193.817s][info][gc,stats      ]     S: Synchronizer Roots             0 us, workers (us):   0, 
[193.817s][info][gc,stats      ]     S: Management Roots               1 us, workers (us):   1, 
[193.817s][info][gc,stats      ]     S: System Dict Roots             10 us, workers (us):  10, 
[193.817s][info][gc,stats      ]     S: CLDG Roots                   603 us, workers (us): 603, 
[193.817s][info][gc,stats      ]     S: JVMTI Roots                    0 us, workers (us):   0, 
[193.817s][info][gc,stats      ]   Resize TLABs                       19 us
[193.817s][info][gc,stats      ] Concurrent Marking               466244 us
[193.817s][info][gc,stats      ] Pause Final Mark (G)               2649 us
[193.817s][info][gc,stats      ] Pause Final Mark (N)               2460 us
[193.817s][info][gc,stats      ]   Finish Queues                      17 us
[193.817s][info][gc,stats      ]   System Purge                      246 us
[193.817s][info][gc,stats      ]     Weak Roots                      246 us
[193.817s][info][gc,stats      ]   Update Region States               43 us
[193.817s][info][gc,stats      ]   Retire TLABs                       31 us
[193.817s][info][gc,stats      ]   Choose Collection Set              70 us
[193.817s][info][gc,stats      ]   Rebuild Free Set                   14 us
[193.817s][info][gc,stats      ]   Initial Evacuation               2032 us, parallelism: 0.70x
[193.817s][info][gc,stats      ]     E: <total>                     1413 us
[193.817s][info][gc,stats      ]     E: Thread Roots                 584 us, workers (us): 584, 
[193.817s][info][gc,stats      ]     E: Code Cache Roots             292 us, workers (us): 292, 
[193.817s][info][gc,stats      ]     E: Universe Roots                 1 us, workers (us):   1, 
[193.817s][info][gc,stats      ]     E: JNI Handles Roots              1 us, workers (us):   1, 
[193.817s][info][gc,stats      ]     E: Synchronizer Roots             0 us, workers (us):   0, 
[193.817s][info][gc,stats      ]     E: Management Roots               1 us, workers (us):   1, 
[193.817s][info][gc,stats      ]     E: System Dict Roots             10 us, workers (us):  10, 
[193.817s][info][gc,stats      ]     E: CLDG Roots                   523 us, workers (us): 523, 
[193.817s][info][gc,stats      ]     E: JVMTI Roots                    0 us, workers (us):   0, 
[193.817s][info][gc,stats      ] Concurrent Cleanup                   92 us
[193.817s][info][gc,stats      ] Concurrent Evacuation             30256 us
[193.817s][info][gc,stats      ] Pause Init  Update Refs (G)        4034 us
[193.817s][info][gc,stats      ] Pause Init  Update Refs (N)          18 us
[193.817s][info][gc,stats      ]   Retire GCLABs                      10 us
[193.817s][info][gc,stats      ] Concurrent Update Refs           306447 us
[193.817s][info][gc,stats      ] Pause Final Update Refs (G)        3018 us
[193.817s][info][gc,stats      ] Pause Final Update Refs (N)         637 us
[193.817s][info][gc,stats      ]   Update Roots                      539 us, parallelism: 0.98x
[193.817s][info][gc,stats      ]     UR: <total>                     530 us
[193.817s][info][gc,stats      ]     UR: Thread Roots                530 us, workers (us): 530, 
[193.817s][info][gc,stats      ]   Update Region States               70 us
[193.817s][info][gc,stats      ]   Trash Collection Set                3 us
[193.817s][info][gc,stats      ]   Rebuild Free Set                   17 us
[193.817s][info][gc,stats      ] Concurrent Cleanup                   68 us
[193.818s][info][gc,stats      ] 
[193.818s][info][gc,stats      ] Allocation pacing accrued:
[193.818s][info][gc,stats      ]       0 of  1532 ms (  0.0%): <total>
[193.818s][info][gc,stats      ]       0 of  1532 ms (  0.0%): <average total>
[193.818s][info][gc,stats      ] 
[193.818s][info][gc,metaspace  ] Metaspace: 67089K->67090K(1110016K)
[193.818s][info][gc,ergo       ] Pacer for Idle. Initial: 40724K, Alloc Tax Rate: 1.0x
[198.776s][info][gc            ] Trigger: Average GC time (707.76 ms) is above the time for allocation rate (252 MB/s) to deplete free headroom (174M)
[198.776s][info][gc,ergo       ] Free headroom: 274M (free) - 101788K (spike) - 0B (penalties) = 174M
[198.776s][info][gc,ergo       ] Free: 274M, Max: 512K regular, 274M humongous, Frag: 0% external, 0% internal; Reserve: 101888K, Max: 512K
[198.776s][info][gc,start      ] GC(45) Concurrent reset
[198.776s][info][gc,task       ] GC(45) Using 1 of 1 workers for concurrent reset
[198.776s][info][gc,ergo       ] GC(45) Pacer for Reset. Non-Taxable: 1988M
[198.777s][info][gc            ] GC(45) Concurrent reset 0.389ms
[198.779s][info][gc,start      ] GC(45) Pause Init Mark (process weakrefs)
[198.779s][info][gc,task       ] GC(45) Using 1 of 1 workers for init marking
[198.781s][info][gc,ergo       ] GC(45) Pacer for Mark. Expected Live: 162M, Free: 274M, Non-Taxable: 28108K, Alloc Tax Rate: 0.7x
[198.781s][info][gc            ] GC(45) Pause Init Mark (process weakrefs) 1.639ms
[198.781s][info][gc,start      ] GC(45) Concurrent marking (process weakrefs)
[198.781s][info][gc,task       ] GC(45) Using 1 of 1 workers for concurrent marking
[199.235s][info][gc            ] GC(45) Concurrent marking (process weakrefs) 454.214ms
[199.235s][info][gc,start      ] GC(45) Concurrent precleaning
[199.235s][info][gc,task       ] GC(45) Using 1 of 1 workers for concurrent preclean
[199.235s][info][gc,ergo       ] GC(45) Pacer for Precleaning. Non-Taxable: 1988M
[199.236s][info][gc            ] GC(45) Concurrent precleaning 0.578ms
[199.236s][info][gc,start      ] GC(45) Pause Final Mark (process weakrefs)
[199.236s][info][gc,task       ] GC(45) Using 1 of 1 workers for final marking
[199.236s][info][gc,ergo       ] GC(45) Adaptive CSet Selection. Target Free: 281M, Actual Free: 1516M, Max CSet: 84823K, Min Garbage: 0B
[199.236s][info][gc,ergo       ] GC(45) Collectable Garbage: 1405M (99%), Immediate: 1191M (84%), CSet: 214M (15%)
[199.238s][info][gc,ergo       ] GC(45) Pacer for Evacuation. Used CSet: 250M, Free: 1434M, Non-Taxable: 143M, Alloc Tax Rate: 1.1x
[199.238s][info][gc            ] GC(45) Pause Final Mark (process weakrefs) 2.479ms
[199.238s][info][gc,start      ] GC(45) Concurrent cleanup
[199.238s][info][gc            ] GC(45) Concurrent cleanup 1642M->451M(1696M) 0.171ms
[199.238s][info][gc,ergo       ] GC(45) Free: 1434M, Max: 512K regular, 390M humongous, Frag: 73% external, 0% internal; Reserve: 101873K, Max: 512K
[199.238s][info][gc,start      ] GC(45) Concurrent evacuation
[199.238s][info][gc,task       ] GC(45) Using 1 of 1 workers for concurrent evacuation
[199.323s][info][gc            ] GC(45) Concurrent evacuation 84.897ms
[199.326s][info][gc,start      ] GC(45) Pause Init Update Refs
[199.326s][info][gc,ergo       ] GC(45) Pacer for Update Refs. Used: 504M, Free: 1418M, Non-Taxable: 141M, Alloc Tax Rate: 1.1x
[199.326s][info][gc            ] GC(45) Pause Init Update Refs 0.032ms
[199.326s][info][gc,start      ] GC(45) Concurrent update references
[199.326s][info][gc,task       ] GC(45) Using 1 of 1 workers for concurrent reference update
[199.668s][info][gc            ] GC(45) Concurrent update references 341.377ms
[199.671s][info][gc,start      ] GC(45) Pause Final Update Refs
[199.671s][info][gc,task       ] GC(45) Using 1 of 1 workers for final reference update
[199.672s][info][gc            ] GC(45) Pause Final Update Refs 0.526ms
[199.672s][info][gc,start      ] GC(45) Concurrent cleanup
[199.672s][info][gc            ] GC(45) Concurrent cleanup 566M->316M(1696M) 0.094ms
[199.672s][info][gc,ergo       ] Free: 1569M, Max: 512K regular, 712M humongous, Frag: 55% external, 0% internal; Reserve: 101888K, Max: 512K
[199.672s][info][gc,stats      ] 
[199.672s][info][gc,stats      ] All times are wall-clock times, except per-root-class counters, that are sum over
[199.672s][info][gc,stats      ] all workers. Dividing the <total> over the root stage time estimates parallelism.
[199.672s][info][gc,stats      ] 
[199.672s][info][gc,stats      ] Concurrent Reset                    377 us
[199.672s][info][gc,stats      ] Pause Init Mark (G)                4037 us
[199.672s][info][gc,stats      ] Pause Init Mark (N)                1613 us
[199.672s][info][gc,stats      ]   Accumulate Stats                   26 us
[199.672s][info][gc,stats      ]   Make Parsable                      17 us
[199.672s][info][gc,stats      ]   Update Region States               39 us
[199.672s][info][gc,stats      ]   Scan Roots                       1479 us, parallelism: 0.84x
[199.672s][info][gc,stats      ]     S: <total>                     1236 us
[199.672s][info][gc,stats      ]     S: Thread Roots                 586 us, workers (us): 586, 
[199.672s][info][gc,stats      ]     S: Universe Roots                 2 us, workers (us):   2, 
[199.672s][info][gc,stats      ]     S: JNI Handles Roots              1 us, workers (us):   1, 
[199.672s][info][gc,stats      ]     S: Synchronizer Roots             0 us, workers (us):   0, 
[199.672s][info][gc,stats      ]     S: Management Roots               1 us, workers (us):   1, 
[199.672s][info][gc,stats      ]     S: System Dict Roots             11 us, workers (us):  11, 
[199.672s][info][gc,stats      ]     S: CLDG Roots                   634 us, workers (us): 634, 
[199.672s][info][gc,stats      ]     S: JVMTI Roots                    0 us, workers (us):   0, 
[199.672s][info][gc,stats      ]   Resize TLABs                       16 us
[199.672s][info][gc,stats      ] Concurrent Marking               454206 us
[199.672s][info][gc,stats      ] Concurrent Precleaning              567 us
[199.672s][info][gc,stats      ] Pause Final Mark (G)               2652 us
[199.672s][info][gc,stats      ] Pause Final Mark (N)               2472 us
[199.672s][info][gc,stats      ]   Finish Queues                      13 us
[199.672s][info][gc,stats      ]   Weak References                    22 us
[199.672s][info][gc,stats      ]     Process                          20 us
[199.672s][info][gc,stats      ]   System Purge                      269 us
[199.672s][info][gc,stats      ]     Weak Roots                      269 us
[199.672s][info][gc,stats      ]   Update Region States               44 us
[199.672s][info][gc,stats      ]   Retire TLABs                       13 us
[199.672s][info][gc,stats      ]   Choose Collection Set             149 us
[199.672s][info][gc,stats      ]   Rebuild Free Set                   14 us
[199.672s][info][gc,stats      ]   Initial Evacuation               1942 us, parallelism: 0.65x
[199.672s][info][gc,stats      ]     E: <total>                     1268 us
[199.672s][info][gc,stats      ]     E: Thread Roots                 448 us, workers (us): 448, 
[199.672s][info][gc,stats      ]     E: Code Cache Roots             318 us, workers (us): 318, 
[199.672s][info][gc,stats      ]     E: Universe Roots                 3 us, workers (us):   3, 
[199.672s][info][gc,stats      ]     E: JNI Handles Roots              1 us, workers (us):   1, 
[199.672s][info][gc,stats      ]     E: Synchronizer Roots             0 us, workers (us):   0, 
[199.672s][info][gc,stats      ]     E: Management Roots               1 us, workers (us):   1, 
[199.672s][info][gc,stats      ]     E: System Dict Roots              9 us, workers (us):   9, 
[199.672s][info][gc,stats      ]     E: CLDG Roots                   486 us, workers (us): 486, 
[199.672s][info][gc,stats      ]     E: JVMTI Roots                    0 us, workers (us):   0, 
[199.672s][info][gc,stats      ] Concurrent Cleanup                  162 us
[199.672s][info][gc,stats      ] Concurrent Evacuation             84888 us
[199.672s][info][gc,stats      ] Pause Init  Update Refs (G)        2973 us
[199.672s][info][gc,stats      ] Pause Init  Update Refs (N)          16 us
[199.672s][info][gc,stats      ]   Retire GCLABs                       9 us
[199.672s][info][gc,stats      ] Concurrent Update Refs           341364 us
[199.672s][info][gc,stats      ] Pause Final Update Refs (G)        4083 us
[199.672s][info][gc,stats      ] Pause Final Update Refs (N)         493 us
[199.672s][info][gc,stats      ]   Update Roots                      416 us, parallelism: 0.98x
[199.672s][info][gc,stats      ]     UR: <total>                     409 us
[199.672s][info][gc,stats      ]     UR: Thread Roots                409 us, workers (us): 409, 
[199.672s][info][gc,stats      ]   Update Region States               46 us
[199.672s][info][gc,stats      ]   Trash Collection Set                5 us
[199.672s][info][gc,stats      ]   Rebuild Free Set                   15 us
[199.672s][info][gc,stats      ] Concurrent Cleanup                   87 us
[199.672s][info][gc,stats      ] Pacing                           142371 us
[199.672s][info][gc,stats      ] 
[199.672s][info][gc,stats      ] Allocation pacing accrued:
[199.672s][info][gc,stats      ]     142 of  5855 ms (  2.4%): Executor task launch worker for task 1.0 in stage 54.0 (TID 79)
[199.672s][info][gc,stats      ]     142 of  5855 ms (  2.4%): <total>
[199.672s][info][gc,stats      ]       1 of  5855 ms (  0.0%): <average total>
[199.672s][info][gc,stats      ]     142 of  5855 ms (  2.4%): <average non-zero>
[199.672s][info][gc,stats      ] 
[199.672s][info][gc,metaspace  ] Metaspace: 67120K->67121K(1110016K)
[199.672s][info][gc,ergo       ] Pacer for Idle. Initial: 40724K, Alloc Tax Rate: 1.0x
[204.419s][info][gc            ] Trigger: Average GC time (844.09 ms) is above the time for allocation rate (246 MB/s) to deplete free headroom (207M)
[204.419s][info][gc,ergo       ] Free headroom: 307M (free) - 101788K (spike) - 0B (penalties) = 207M
[204.420s][info][gc,ergo       ] Free: 307M, Max: 512K regular, 204M humongous, Frag: 34% external, 0% internal; Reserve: 101888K, Max: 512K
[204.420s][info][gc,start      ] GC(46) Concurrent reset
[204.420s][info][gc,task       ] GC(46) Using 1 of 1 workers for concurrent reset
[204.420s][info][gc,ergo       ] GC(46) Pacer for Reset. Non-Taxable: 1988M
[204.420s][info][gc            ] GC(46) Concurrent reset 0.698ms
[204.423s][info][gc,start      ] GC(46) Pause Init Mark
[204.423s][info][gc,task       ] GC(46) Using 1 of 1 workers for init marking
[204.425s][info][gc,ergo       ] GC(46) Pacer for Mark. Expected Live: 171M, Free: 307M, Non-Taxable: 31488K, Alloc Tax Rate: 0.7x
[204.425s][info][gc            ] GC(46) Pause Init Mark 1.503ms
[204.425s][info][gc,start      ] GC(46) Concurrent marking
[204.425s][info][gc,task       ] GC(46) Using 1 of 1 workers for concurrent marking
[204.775s][info][gc            ] GC(46) Concurrent marking 349.844ms
[204.775s][info][gc,start      ] GC(46) Pause Final Mark
[204.775s][info][gc,task       ] GC(46) Using 1 of 1 workers for final marking
[204.775s][info][gc,ergo       ] GC(46) Collectable Garbage: 1346M (95%), Immediate: 1346M (95%), CSet: 0B (0%)
[204.775s][info][gc            ] GC(46) Pause Final Mark 0.437ms
[204.775s][info][gc,start      ] GC(46) Concurrent cleanup
[204.775s][info][gc            ] GC(46) Concurrent cleanup 1603M->256M(1696M) 0.174ms
[204.776s][info][gc,ergo       ] GC(46) Free: 1629M, Max: 512K regular, 471M humongous, Frag: 72% external, 0% internal; Reserve: 101888K, Max: 512K
[204.776s][info][gc,ergo       ] Free: 1629M, Max: 512K regular, 471M humongous, Frag: 72% external, 0% internal; Reserve: 101888K, Max: 512K
[204.776s][info][gc,stats      ] 
[204.776s][info][gc,stats      ] All times are wall-clock times, except per-root-class counters, that are sum over
[204.776s][info][gc,stats      ] all workers. Dividing the <total> over the root stage time estimates parallelism.
[204.776s][info][gc,stats      ] 
[204.776s][info][gc,stats      ] Concurrent Reset                    685 us
[204.776s][info][gc,stats      ] Pause Init Mark (G)                4548 us
[204.776s][info][gc,stats      ] Pause Init Mark (N)                1485 us
[204.776s][info][gc,stats      ]   Accumulate Stats                   20 us
[204.776s][info][gc,stats      ]   Make Parsable                      20 us
[204.776s][info][gc,stats      ]   Update Region States               41 us
[204.776s][info][gc,stats      ]   Scan Roots                       1366 us, parallelism: 0.82x
[204.776s][info][gc,stats      ]     S: <total>                     1123 us
[204.776s][info][gc,stats      ]     S: Thread Roots                 500 us, workers (us): 500, 
[204.776s][info][gc,stats      ]     S: Universe Roots                 2 us, workers (us):   2, 
[204.776s][info][gc,stats      ]     S: JNI Handles Roots              1 us, workers (us):   1, 
[204.776s][info][gc,stats      ]     S: Synchronizer Roots             0 us, workers (us):   0, 
[204.776s][info][gc,stats      ]     S: Management Roots               1 us, workers (us):   1, 
[204.776s][info][gc,stats      ]     S: System Dict Roots             12 us, workers (us):  12, 
[204.776s][info][gc,stats      ]     S: CLDG Roots                   605 us, workers (us): 605, 
[204.776s][info][gc,stats      ]     S: JVMTI Roots                    1 us, workers (us):   1, 
[204.776s][info][gc,stats      ]   Resize TLABs                       11 us
[204.776s][info][gc,stats      ] Concurrent Marking               349836 us
[204.776s][info][gc,stats      ] Pause Final Mark (G)                576 us
[204.776s][info][gc,stats      ] Pause Final Mark (N)                426 us
[204.776s][info][gc,stats      ]   Finish Queues                      14 us
[204.776s][info][gc,stats      ]   System Purge                      288 us
[204.776s][info][gc,stats      ]     Weak Roots                      288 us
[204.776s][info][gc,stats      ]   Update Region States               43 us
[204.776s][info][gc,stats      ]   Retire TLABs                       17 us
[204.776s][info][gc,stats      ]   Choose Collection Set              43 us
[204.776s][info][gc,stats      ]   Rebuild Free Set                   13 us
[204.776s][info][gc,stats      ] Concurrent Cleanup                  168 us
[204.776s][info][gc,stats      ] Pacing                           140033 us
[204.776s][info][gc,stats      ] 
[204.776s][info][gc,stats      ] Allocation pacing accrued:
[204.776s][info][gc,stats      ]     140 of  5103 ms (  2.7%): Executor task launch worker for task 0.0 in stage 63.0 (TID 87)
[204.776s][info][gc,stats      ]     140 of  5103 ms (  2.7%): <total>
[204.776s][info][gc,stats      ]       1 of  5103 ms (  0.0%): <average total>
[204.776s][info][gc,stats      ]     140 of  5103 ms (  2.7%): <average non-zero>
[204.776s][info][gc,stats      ] 
[204.776s][info][gc,metaspace  ] Metaspace: 67234K->67263K(1110016K)
[204.776s][info][gc,ergo       ] Pacer for Idle. Initial: 40724K, Alloc Tax Rate: 1.0x
[208.173s][info][gc            ] Trigger: Average GC time (701.51 ms) is above the time for allocation rate (355 MB/s) to deplete free headroom (248M)
[208.173s][info][gc,ergo       ] Free headroom: 347M (free) - 101788K (spike) - 0B (penalties) = 248M
[208.173s][info][gc,ergo       ] Free: 347M, Max: 512K regular, 345M humongous, Frag: 1% external, 0% internal; Reserve: 101888K, Max: 512K
[208.173s][info][gc,start      ] GC(47) Concurrent reset
[208.173s][info][gc,task       ] GC(47) Using 1 of 1 workers for concurrent reset
[208.173s][info][gc,ergo       ] GC(47) Pacer for Reset. Non-Taxable: 1988M
[208.173s][info][gc            ] GC(47) Concurrent reset 0.370ms
[208.176s][info][gc,start      ] GC(47) Pause Init Mark
[208.176s][info][gc,task       ] GC(47) Using 1 of 1 workers for init marking
[208.178s][info][gc,ergo       ] GC(47) Pacer for Mark. Expected Live: 164M, Free: 347M, Non-Taxable: 35627K, Alloc Tax Rate: 0.6x
[208.178s][info][gc            ] GC(47) Pause Init Mark 1.631ms
[208.178s][info][gc,start      ] GC(47) Concurrent marking
[208.178s][info][gc,task       ] GC(47) Using 1 of 1 workers for concurrent marking
[208.766s][info][gc            ] GC(47) Concurrent marking 587.853ms
[208.766s][info][gc,start      ] GC(47) Pause Final Mark
[208.766s][info][gc,task       ] GC(47) Using 1 of 1 workers for final marking
[208.766s][info][gc,ergo       ] GC(47) Adaptive CSet Selection. Target Free: 281M, Actual Free: 1386M, Max CSet: 84823K, Min Garbage: 0B
[208.766s][info][gc,ergo       ] GC(47) Collectable Garbage: 1315M (99%), Immediate: 971M (73%), CSet: 343M (26%)
[208.768s][info][gc,ergo       ] GC(47) Pacer for Evacuation. Used CSet: 387M, Free: 1319M, Non-Taxable: 131M, Alloc Tax Rate: 1.1x
[208.769s][info][gc            ] GC(47) Pause Final Mark 2.638ms
[208.769s][info][gc,start      ] GC(47) Concurrent cleanup
[208.769s][info][gc            ] GC(47) Concurrent cleanup 1537M->565M(1696M) 0.167ms
[208.769s][info][gc,ergo       ] GC(47) Free: 1319M, Max: 512K regular, 315M humongous, Frag: 77% external, 0% internal; Reserve: 101857K, Max: 512K
[208.769s][info][gc,start      ] GC(47) Concurrent evacuation
[208.769s][info][gc,task       ] GC(47) Using 1 of 1 workers for concurrent evacuation
[208.899s][info][gc            ] GC(47) Concurrent evacuation 129.858ms
[208.902s][info][gc,start      ] GC(47) Pause Init Update Refs
[208.902s][info][gc,ergo       ] GC(47) Pacer for Update Refs. Used: 615M, Free: 1313M, Non-Taxable: 131M, Alloc Tax Rate: 1.1x
[208.902s][info][gc            ] GC(47) Pause Init Update Refs 0.035ms
[208.902s][info][gc,start      ] GC(47) Concurrent update references
[208.902s][info][gc,task       ] GC(47) Using 1 of 1 workers for concurrent reference update
[209.322s][info][gc            ] GC(47) Concurrent update references 419.879ms
[209.322s][info][gc,start      ] GC(47) Pause Final Update Refs
[209.322s][info][gc,task       ] GC(47) Using 1 of 1 workers for final reference update
[209.323s][info][gc            ] GC(47) Pause Final Update Refs 0.518ms
[209.323s][info][gc,start      ] GC(47) Concurrent cleanup
[209.323s][info][gc            ] GC(47) Concurrent cleanup 663M->275M(1696M) 0.102ms
[209.323s][info][gc,ergo       ] Free: 1605M, Max: 512K regular, 368M humongous, Frag: 78% external, 0% internal; Reserve: 101888K, Max: 512K
[209.323s][info][gc,stats      ] 
[209.323s][info][gc,stats      ] All times are wall-clock times, except per-root-class counters, that are sum over
[209.323s][info][gc,stats      ] all workers. Dividing the <total> over the root stage time estimates parallelism.
[209.323s][info][gc,stats      ] 
[209.323s][info][gc,stats      ] Concurrent Reset                    358 us
[209.323s][info][gc,stats      ] Pause Init Mark (G)                4753 us
[209.323s][info][gc,stats      ] Pause Init Mark (N)                1606 us
[209.323s][info][gc,stats      ]   Accumulate Stats                   20 us
[209.323s][info][gc,stats      ]   Make Parsable                      18 us
[209.323s][info][gc,stats      ]   Update Region States               45 us
[209.323s][info][gc,stats      ]   Scan Roots                       1468 us, parallelism: 0.82x
[209.323s][info][gc,stats      ]     S: <total>                     1205 us
[209.323s][info][gc,stats      ]     S: Thread Roots                 579 us, workers (us): 579, 
[209.323s][info][gc,stats      ]     S: Universe Roots                 2 us, workers (us):   2, 
[209.323s][info][gc,stats      ]     S: JNI Handles Roots              2 us, workers (us):   2, 
[209.323s][info][gc,stats      ]     S: Synchronizer Roots             0 us, workers (us):   0, 
[209.323s][info][gc,stats      ]     S: Management Roots               1 us, workers (us):   1, 
[209.323s][info][gc,stats      ]     S: System Dict Roots             11 us, workers (us):  11, 
[209.323s][info][gc,stats      ]     S: CLDG Roots                   609 us, workers (us): 609, 
[209.323s][info][gc,stats      ]     S: JVMTI Roots                    1 us, workers (us):   1, 
[209.323s][info][gc,stats      ]   Resize TLABs                       15 us
[209.323s][info][gc,stats      ] Concurrent Marking               587845 us
[209.323s][info][gc,stats      ] Pause Final Mark (G)               2825 us
[209.323s][info][gc,stats      ] Pause Final Mark (N)               2624 us
[209.323s][info][gc,stats      ]   Finish Queues                      16 us
[209.323s][info][gc,stats      ]   System Purge                      248 us
[209.323s][info][gc,stats      ]     Weak Roots                      248 us
[209.323s][info][gc,stats      ]   Update Region States               45 us
[209.323s][info][gc,stats      ]   Retire TLABs                       14 us
[209.323s][info][gc,stats      ]   Choose Collection Set             161 us
[209.323s][info][gc,stats      ]   Rebuild Free Set                   14 us
[209.323s][info][gc,stats      ]   Initial Evacuation               2121 us, parallelism: 0.68x
[209.323s][info][gc,stats      ]     E: <total>                     1434 us
[209.323s][info][gc,stats      ]     E: Thread Roots                 532 us, workers (us): 532, 
[209.323s][info][gc,stats      ]     E: Code Cache Roots             394 us, workers (us): 394, 
[209.323s][info][gc,stats      ]     E: Universe Roots                 1 us, workers (us):   1, 
[209.323s][info][gc,stats      ]     E: JNI Handles Roots              1 us, workers (us):   1, 
[209.323s][info][gc,stats      ]     E: Synchronizer Roots             0 us, workers (us):   0, 
[209.323s][info][gc,stats      ]     E: Management Roots               1 us, workers (us):   1, 
[209.323s][info][gc,stats      ]     E: System Dict Roots             10 us, workers (us):  10, 
[209.323s][info][gc,stats      ]     E: CLDG Roots                   494 us, workers (us): 494, 
[209.323s][info][gc,stats      ]     E: JVMTI Roots                    0 us, workers (us):   0, 
[209.323s][info][gc,stats      ] Concurrent Cleanup                  156 us
[209.323s][info][gc,stats      ] Concurrent Evacuation            129848 us
[209.323s][info][gc,stats      ] Pause Init  Update Refs (G)        3089 us
[209.323s][info][gc,stats      ] Pause Init  Update Refs (N)          16 us
[209.323s][info][gc,stats      ]   Retire GCLABs                       9 us
[209.323s][info][gc,stats      ] Concurrent Update Refs           419868 us
[209.323s][info][gc,stats      ] Pause Final Update Refs (G)         838 us
[209.323s][info][gc,stats      ] Pause Final Update Refs (N)         489 us
[209.323s][info][gc,stats      ]   Update Roots                      415 us, parallelism: 0.99x
[209.323s][info][gc,stats      ]     UR: <total>                     409 us
[209.323s][info][gc,stats      ]     UR: Thread Roots                409 us, workers (us): 409, 
[209.323s][info][gc,stats      ]   Update Region States               45 us
[209.323s][info][gc,stats      ]   Trash Collection Set                6 us
[209.323s][info][gc,stats      ]   Rebuild Free Set                   14 us
[209.323s][info][gc,stats      ] Concurrent Cleanup                   96 us
[209.323s][info][gc,stats      ] Pacing                            12666 us
[209.323s][info][gc,stats      ] 
[209.323s][info][gc,stats      ] Allocation pacing accrued:
[209.323s][info][gc,stats      ]      13 of  4547 ms (  0.3%): Executor task launch worker for task 2.0 in stage 64.0 (TID 92)
[209.323s][info][gc,stats      ]      13 of  4547 ms (  0.3%): <total>
[209.323s][info][gc,stats      ]       0 of  4547 ms (  0.0%): <average total>
[209.323s][info][gc,stats      ]      13 of  4547 ms (  0.3%): <average non-zero>
[209.323s][info][gc,stats      ] 
[209.323s][info][gc,metaspace  ] Metaspace: 67358K->67362K(1110016K)
[209.323s][info][gc,ergo       ] Pacer for Idle. Initial: 40724K, Alloc Tax Rate: 1.0x
[209.923s][info][gc            ] Trigger: Explicit GC request (System.gc())
[209.923s][info][gc,ergo       ] Free: 860M, Max: 512K regular, 272M humongous, Frag: 69% external, 0% internal; Reserve: 101888K, Max: 512K
[209.923s][info][gc,start      ] GC(48) Concurrent reset
[209.923s][info][gc,task       ] GC(48) Using 1 of 1 workers for concurrent reset
[209.923s][info][gc,ergo       ] GC(48) Pacer for Reset. Non-Taxable: 1988M
[209.925s][info][gc            ] GC(48) Concurrent reset 2.008ms
[209.925s][info][gc,start      ] GC(48) Pause Init Mark (process weakrefs) (unload classes)
[209.925s][info][gc,task       ] GC(48) Using 1 of 1 workers for init marking
[209.926s][info][gc,ergo       ] GC(48) Pacer for Mark. Expected Live: 174M, Free: 860M, Non-Taxable: 88074K, Alloc Tax Rate: 0.2x
[209.926s][info][gc            ] GC(48) Pause Init Mark (process weakrefs) (unload classes) 0.926ms
[209.926s][info][gc,start      ] GC(48) Concurrent marking (process weakrefs) (unload classes)
[209.926s][info][gc,task       ] GC(48) Using 1 of 1 workers for concurrent marking
[210.121s][info][gc            ] GC(48) Concurrent marking (process weakrefs) (unload classes) 194.372ms
[210.121s][info][gc,start      ] GC(48) Concurrent precleaning
[210.121s][info][gc,task       ] GC(48) Using 1 of 1 workers for concurrent preclean
[210.121s][info][gc,ergo       ] GC(48) Pacer for Precleaning. Non-Taxable: 1988M
[210.121s][info][gc            ] GC(48) Concurrent precleaning 0.301ms
[210.121s][info][gc,start      ] GC(48) Pause Final Mark (process weakrefs) (unload classes)
[210.121s][info][gc,task       ] GC(48) Using 1 of 1 workers for final marking
[210.151s][info][gc,stringtable] GC(48) Cleaned string and symbol table, strings: 20206 processed, 0 removed, symbols: 140176 processed, 258 removed
[210.151s][info][gc,ergo       ] GC(48) Collectable Garbage: 858M (98%), Immediate: 858M (98%), CSet: 0B (0%)
[210.151s][info][gc            ] GC(48) Pause Final Mark (process weakrefs) (unload classes) 30.239ms
[210.151s][info][gc,start      ] GC(48) Concurrent cleanup
[210.152s][info][gc            ] GC(48) Concurrent cleanup 1014M->155M(1696M) 0.191ms
[210.152s][info][gc,ergo       ] GC(48) Free: 1732M, Max: 512K regular, 416M humongous, Frag: 76% external, 0% internal; Reserve: 101888K, Max: 512K
[210.152s][info][gc,ergo       ] Free: 1732M, Max: 512K regular, 416M humongous, Frag: 76% external, 0% internal; Reserve: 101888K, Max: 512K
[210.152s][info][gc,stats      ] 
[210.152s][info][gc,stats      ] All times are wall-clock times, except per-root-class counters, that are sum over
[210.152s][info][gc,stats      ] all workers. Dividing the <total> over the root stage time estimates parallelism.
[210.152s][info][gc,stats      ] 
[210.152s][info][gc,stats      ] Concurrent Reset                   1995 us
[210.152s][info][gc,stats      ] Pause Init Mark (G)                1218 us
[210.152s][info][gc,stats      ] Pause Init Mark (N)                 918 us
[210.152s][info][gc,stats      ]   Accumulate Stats                   20 us
[210.152s][info][gc,stats      ]   Make Parsable                      15 us
[210.152s][info][gc,stats      ]   Update Region States               36 us
[210.152s][info][gc,stats      ]   Scan Roots                        817 us, parallelism: 0.70x
[210.152s][info][gc,stats      ]     S: <total>                      573 us
[210.152s][info][gc,stats      ]     S: Thread Roots                 465 us, workers (us): 465, 
[210.152s][info][gc,stats      ]     S: Universe Roots                 2 us, workers (us):   2, 
[210.152s][info][gc,stats      ]     S: JNI Handles Roots              1 us, workers (us):   1, 
[210.152s][info][gc,stats      ]     S: Synchronizer Roots             0 us, workers (us):   0, 
[210.152s][info][gc,stats      ]     S: Management Roots               1 us, workers (us):   1, 
[210.152s][info][gc,stats      ]     S: System Dict Roots             11 us, workers (us):  11, 
[210.152s][info][gc,stats      ]     S: CLDG Roots                    92 us, workers (us):  92, 
[210.152s][info][gc,stats      ]     S: JVMTI Roots                    0 us, workers (us):   0, 
[210.152s][info][gc,stats      ]   Resize TLABs                       10 us
[210.152s][info][gc,stats      ] Concurrent Marking               194366 us
[210.152s][info][gc,stats      ] Concurrent Precleaning              294 us
[210.152s][info][gc,stats      ] Pause Final Mark (G)              30404 us
[210.152s][info][gc,stats      ] Pause Final Mark (N)              30231 us
[210.152s][info][gc,stats      ]   Finish Queues                     139 us
[210.152s][info][gc,stats      ]   Weak References                    75 us
[210.152s][info][gc,stats      ]     Process                          74 us
[210.152s][info][gc,stats      ]   System Purge                      278 us
[210.152s][info][gc,stats      ]     Unload Classes                 1117 us
[210.152s][info][gc,stats      ]     Cleanup                       28217 us, parallelism: 1.00x
[210.152s][info][gc,stats      ]       CU: <total>                 28136 us
[210.152s][info][gc,stats      ]       CU: Code Cache Roots        12381 us, workers (us): 12381, 
[210.152s][info][gc,stats      ]       CU: Code Cache Cleaning      2036 us, workers (us): 2036, 
[210.152s][info][gc,stats      ]       CU: String Table Roots       6322 us, workers (us): 6322, 
[210.152s][info][gc,stats      ]       CU: Resolved Table Roots      135 us, workers (us): 135, 
[210.152s][info][gc,stats      ]       CU: CLDG Roots               7263 us, workers (us): 7263, 
[210.152s][info][gc,stats      ]     Weak Roots                      278 us
[210.152s][info][gc,stats      ]     CLDG                            269 us
[210.152s][info][gc,stats      ]   Update Region States               45 us
[210.152s][info][gc,stats      ]   Retire TLABs                       34 us
[210.152s][info][gc,stats      ]   Choose Collection Set              36 us
[210.152s][info][gc,stats      ]   Rebuild Free Set                   13 us
[210.152s][info][gc,stats      ] Concurrent Cleanup                  184 us
[210.152s][info][gc,stats      ] 
[210.152s][info][gc,stats      ] Allocation pacing accrued:
[210.152s][info][gc,stats      ]       0 of   829 ms (  0.0%): <total>
[210.152s][info][gc,stats      ]       0 of   829 ms (  0.0%): <average total>
[210.152s][info][gc,stats      ] 
[210.152s][info][gc,metaspace  ] Metaspace: 67372K->66894K(1110016K)
[210.152s][info][gc,ergo       ] Pacer for Idle. Initial: 40724K, Alloc Tax Rate: 1.0x
[210.152s][info][gc,start      ] Concurrent uncommit
[210.210s][info][gc            ] Concurrent uncommit 155M->155M(157M) 57.960ms
[211.463s][info][gc            ] Trigger: Learning 2 of 5. Free (1391M) is below initial threshold (1391M)
[211.463s][info][gc,ergo       ] Free: 1391M, Max: 512K regular, 416M humongous, Frag: 71% external, 0% internal; Reserve: 101888K, Max: 512K
[211.463s][info][gc,start      ] GC(49) Concurrent reset
[211.463s][info][gc,task       ] GC(49) Using 1 of 1 workers for concurrent reset
[211.463s][info][gc,ergo       ] GC(49) Pacer for Reset. Non-Taxable: 1988M
[211.463s][info][gc            ] GC(49) Concurrent reset 0.290ms
[211.466s][info][gc,start      ] GC(49) Pause Init Mark
[211.466s][info][gc,task       ] GC(49) Using 1 of 1 workers for init marking
[211.468s][info][gc,ergo       ] GC(49) Pacer for Mark. Expected Live: 164M, Free: 1391M, Non-Taxable: 139M, Alloc Tax Rate: 0.1x
[211.468s][info][gc            ] GC(49) Pause Init Mark 1.744ms
[211.468s][info][gc,start      ] GC(49) Concurrent marking
[211.468s][info][gc,task       ] GC(49) Using 1 of 1 workers for concurrent marking
[212.054s][info][gc            ] GC(49) Concurrent marking 586.257ms
[212.054s][info][gc,start      ] GC(49) Pause Final Mark
[212.054s][info][gc,task       ] GC(49) Using 1 of 1 workers for final marking
[212.054s][info][gc,ergo       ] GC(49) Adaptive CSet Selection. Target Free: 281M, Actual Free: 1415M, Max CSet: 84823K, Min Garbage: 0B
[212.055s][info][gc,ergo       ] GC(49) Collectable Garbage: 300M (99%), Immediate: 19270K (6%), CSet: 281M (92%)
[212.058s][info][gc,ergo       ] GC(49) Pacer for Evacuation. Used CSet: 322M, Free: 1320M, Non-Taxable: 132M, Alloc Tax Rate: 1.1x
[212.058s][info][gc            ] GC(49) Pause Final Mark 4.146ms
[212.058s][info][gc,start      ] GC(49) Concurrent cleanup
[212.058s][info][gc            ] GC(49) Concurrent cleanup 585M->566M(592M) 0.076ms
[212.058s][info][gc,ergo       ] GC(49) Free: 1320M, Max: 512K regular, 416M humongous, Frag: 69% external, 0% internal; Reserve: 101376K, Max: 512K
[212.058s][info][gc,start      ] GC(49) Concurrent evacuation
[212.058s][info][gc,task       ] GC(49) Using 1 of 1 workers for concurrent evacuation
[212.165s][info][gc            ] GC(49) Concurrent evacuation 107.097ms
[212.168s][info][gc,start      ] GC(49) Pause Init Update Refs
[212.168s][info][gc,ergo       ] GC(49) Pacer for Update Refs. Used: 623M, Free: 1304M, Non-Taxable: 130M, Alloc Tax Rate: 1.1x
[212.168s][info][gc            ] GC(49) Pause Init Update Refs 0.035ms
[212.168s][info][gc,start      ] GC(49) Concurrent update references
[212.168s][info][gc,task       ] GC(49) Using 1 of 1 workers for concurrent reference update
[212.572s][info][gc            ] GC(49) Concurrent update references 404.263ms
[212.576s][info][gc,start      ] GC(49) Pause Final Update Refs
[212.576s][info][gc,task       ] GC(49) Using 1 of 1 workers for final reference update
[212.576s][info][gc            ] GC(49) Pause Final Update Refs 0.613ms
[212.576s][info][gc,start      ] GC(49) Concurrent cleanup
[212.576s][info][gc            ] GC(49) Concurrent cleanup 688M->366M(692M) 0.096ms
[212.576s][info][gc,ergo       ] Free: 1520M, Max: 512K regular, 700M humongous, Frag: 54% external, 0% internal; Reserve: 101888K, Max: 512K
[212.576s][info][gc,stats      ] 
[212.576s][info][gc,stats      ] All times are wall-clock times, except per-root-class counters, that are sum over
[212.576s][info][gc,stats      ] all workers. Dividing the <total> over the root stage time estimates parallelism.
[212.576s][info][gc,stats      ] 
[212.576s][info][gc,stats      ] Concurrent Reset                    273 us
[212.576s][info][gc,stats      ] Pause Init Mark (G)                4091 us
[212.576s][info][gc,stats      ] Pause Init Mark (N)                1724 us
[212.576s][info][gc,stats      ]   Accumulate Stats                   24 us
[212.576s][info][gc,stats      ]   Make Parsable                      25 us
[212.576s][info][gc,stats      ]   Update Region States               52 us
[212.576s][info][gc,stats      ]   Scan Roots                       1563 us, parallelism: 0.82x
[212.576s][info][gc,stats      ]     S: <total>                     1288 us
[212.576s][info][gc,stats      ]     S: Thread Roots                 672 us, workers (us): 672, 
[212.576s][info][gc,stats      ]     S: Universe Roots                 2 us, workers (us):   2, 
[212.576s][info][gc,stats      ]     S: JNI Handles Roots              2 us, workers (us):   2, 
[212.576s][info][gc,stats      ]     S: Synchronizer Roots             0 us, workers (us):   0, 
[212.576s][info][gc,stats      ]     S: Management Roots               1 us, workers (us):   1, 
[212.576s][info][gc,stats      ]     S: System Dict Roots             11 us, workers (us):  11, 
[212.576s][info][gc,stats      ]     S: CLDG Roots                   600 us, workers (us): 600, 
[212.576s][info][gc,stats      ]     S: JVMTI Roots                    0 us, workers (us):   0, 
[212.576s][info][gc,stats      ]   Resize TLABs                       20 us
[212.576s][info][gc,stats      ] Concurrent Marking               586249 us
[212.576s][info][gc,stats      ] Pause Final Mark (G)               4335 us
[212.577s][info][gc,stats      ] Pause Final Mark (N)               4134 us
[212.577s][info][gc,stats      ]   Finish Queues                      18 us
[212.577s][info][gc,stats      ]   System Purge                      275 us
[212.577s][info][gc,stats      ]     Weak Roots                      274 us
[212.577s][info][gc,stats      ]   Update Region States               43 us
[212.577s][info][gc,stats      ]   Retire TLABs                       18 us
[212.577s][info][gc,stats      ]   Choose Collection Set             132 us
[212.577s][info][gc,stats      ]   Rebuild Free Set                   13 us
[212.577s][info][gc,stats      ]   Initial Evacuation               3628 us, parallelism: 0.74x
[212.577s][info][gc,stats      ]     E: <total>                     2691 us
[212.577s][info][gc,stats      ]     E: Thread Roots                 657 us, workers (us): 657, 
[212.577s][info][gc,stats      ]     E: Code Cache Roots            1377 us, workers (us): 1377, 
[212.577s][info][gc,stats      ]     E: Universe Roots                 1 us, workers (us):   1, 
[212.577s][info][gc,stats      ]     E: JNI Handles Roots              1 us, workers (us):   1, 
[212.577s][info][gc,stats      ]     E: Synchronizer Roots             0 us, workers (us):   0, 
[212.577s][info][gc,stats      ]     E: Management Roots               1 us, workers (us):   1, 
[212.577s][info][gc,stats      ]     E: System Dict Roots             38 us, workers (us):  38, 
[212.577s][info][gc,stats      ]     E: CLDG Roots                   615 us, workers (us): 615, 
[212.577s][info][gc,stats      ]     E: JVMTI Roots                    0 us, workers (us):   0, 
[212.577s][info][gc,stats      ] Concurrent Cleanup                   68 us
[212.577s][info][gc,stats      ] Concurrent Evacuation            107087 us
[212.577s][info][gc,stats      ] Pause Init  Update Refs (G)        2391 us
[212.577s][info][gc,stats      ] Pause Init  Update Refs (N)          17 us
[212.577s][info][gc,stats      ]   Retire GCLABs                      11 us
[212.577s][info][gc,stats      ] Concurrent Update Refs           404252 us
[212.577s][info][gc,stats      ] Pause Final Update Refs (G)        4054 us
[212.577s][info][gc,stats      ] Pause Final Update Refs (N)         575 us
[212.577s][info][gc,stats      ]   Update Roots                      503 us, parallelism: 0.99x
[212.577s][info][gc,stats      ]     UR: <total>                     496 us
[212.577s][info][gc,stats      ]     UR: Thread Roots                496 us, workers (us): 496, 
[212.577s][info][gc,stats      ]   Update Region States               43 us
[212.577s][info][gc,stats      ]   Trash Collection Set                4 us
[212.577s][info][gc,stats      ]   Rebuild Free Set                   13 us
[212.577s][info][gc,stats      ] Concurrent Cleanup                   89 us
[212.577s][info][gc,stats      ] 
[212.577s][info][gc,stats      ] Allocation pacing accrued:
[212.577s][info][gc,stats      ]       0 of  2425 ms (  0.0%): <total>
[212.577s][info][gc,stats      ]       0 of  2425 ms (  0.0%): <average total>
[212.577s][info][gc,stats      ] 
[212.577s][info][gc,metaspace  ] Metaspace: 67279K->67280K(1110016K)
[212.577s][info][gc,ergo       ] Pacer for Idle. Initial: 40724K, Alloc Tax Rate: 1.0x
[213.360s][info][gc            ] Trigger: Learning 3 of 5. Free (1391M) is below initial threshold (1391M)
[213.360s][info][gc,ergo       ] Free: 1392M, Max: 512K regular, 700M humongous, Frag: 50% external, 0% internal; Reserve: 101888K, Max: 512K
[213.360s][info][gc,start      ] GC(50) Concurrent reset
[213.360s][info][gc,task       ] GC(50) Using 1 of 1 workers for concurrent reset
[213.360s][info][gc,ergo       ] GC(50) Pacer for Reset. Non-Taxable: 1988M
[213.361s][info][gc            ] GC(50) Concurrent reset 0.828ms
[213.363s][info][gc,start      ] GC(50) Pause Init Mark (process weakrefs)
[213.363s][info][gc,task       ] GC(50) Using 1 of 1 workers for init marking
[213.365s][info][gc,ergo       ] GC(50) Pacer for Mark. Expected Live: 170M, Free: 1392M, Non-Taxable: 139M, Alloc Tax Rate: 0.1x
[213.365s][info][gc            ] GC(50) Pause Init Mark (process weakrefs) 1.743ms
[213.365s][info][gc,start      ] GC(50) Concurrent marking (process weakrefs)
[213.365s][info][gc,task       ] GC(50) Using 1 of 1 workers for concurrent marking
[213.727s][info][gc            ] GC(50) Concurrent marking (process weakrefs) 362.557ms
[213.728s][info][gc,start      ] GC(50) Concurrent precleaning
[213.728s][info][gc,task       ] GC(50) Using 1 of 1 workers for concurrent preclean
[213.728s][info][gc,ergo       ] GC(50) Pacer for Precleaning. Non-Taxable: 1988M
[213.728s][info][gc            ] GC(50) Concurrent precleaning 0.503ms
[213.728s][info][gc,start      ] GC(50) Pause Final Mark (process weakrefs)
[213.728s][info][gc,task       ] GC(50) Using 1 of 1 workers for final marking
[213.729s][info][gc,ergo       ] GC(50) Collectable Garbage: 339M (96%), Immediate: 339M (96%), CSet: 0B (0%)
[213.729s][info][gc            ] GC(50) Pause Final Mark (process weakrefs) 0.421ms
[213.729s][info][gc,start      ] GC(50) Concurrent cleanup
[213.729s][info][gc            ] GC(50) Concurrent cleanup 558M->219M(692M) 0.095ms
[213.729s][info][gc,ergo       ] GC(50) Free: 1666M, Max: 512K regular, 735M humongous, Frag: 56% external, 0% internal; Reserve: 101888K, Max: 512K
[213.729s][info][gc,ergo       ] Free: 1666M, Max: 512K regular, 735M humongous, Frag: 56% external, 0% internal; Reserve: 101888K, Max: 512K
[213.729s][info][gc,stats      ] 
[213.729s][info][gc,stats      ] All times are wall-clock times, except per-root-class counters, that are sum over
[213.729s][info][gc,stats      ] all workers. Dividing the <total> over the root stage time estimates parallelism.
[213.729s][info][gc,stats      ] 
[213.729s][info][gc,stats      ] Concurrent Reset                    814 us
[213.729s][info][gc,stats      ] Pause Init Mark (G)                4146 us
[213.729s][info][gc,stats      ] Pause Init Mark (N)                1718 us
[213.729s][info][gc,stats      ]   Accumulate Stats                   24 us
[213.729s][info][gc,stats      ]   Make Parsable                      16 us
[213.729s][info][gc,stats      ]   Update Region States               43 us
[213.729s][info][gc,stats      ]   Scan Roots                       1579 us, parallelism: 0.84x
[213.729s][info][gc,stats      ]     S: <total>                     1328 us
[213.729s][info][gc,stats      ]     S: Thread Roots                 652 us, workers (us): 652, 
[213.729s][info][gc,stats      ]     S: Universe Roots                 2 us, workers (us):   2, 
[213.729s][info][gc,stats      ]     S: JNI Handles Roots              1 us, workers (us):   1, 
[213.729s][info][gc,stats      ]     S: Synchronizer Roots             0 us, workers (us):   0, 
[213.729s][info][gc,stats      ]     S: Management Roots               1 us, workers (us):   1, 
[213.729s][info][gc,stats      ]     S: System Dict Roots             24 us, workers (us):  24, 
[213.729s][info][gc,stats      ]     S: CLDG Roots                   648 us, workers (us): 648, 
[213.729s][info][gc,stats      ]     S: JVMTI Roots                    1 us, workers (us):   1, 
[213.729s][info][gc,stats      ]   Resize TLABs                       21 us
[213.729s][info][gc,stats      ] Concurrent Marking               362550 us
[213.729s][info][gc,stats      ] Concurrent Precleaning              493 us
[213.729s][info][gc,stats      ] Pause Final Mark (G)                618 us
[213.729s][info][gc,stats      ] Pause Final Mark (N)                415 us
[213.729s][info][gc,stats      ]   Finish Queues                      16 us
[213.729s][info][gc,stats      ]   Weak References                    19 us
[213.729s][info][gc,stats      ]     Process                          17 us
[213.729s][info][gc,stats      ]   System Purge                      271 us
[213.729s][info][gc,stats      ]     Weak Roots                      271 us
[213.729s][info][gc,stats      ]   Update Region States               47 us
[213.729s][info][gc,stats      ]   Retire TLABs                       14 us
[213.729s][info][gc,stats      ]   Choose Collection Set              27 us
[213.729s][info][gc,stats      ]   Rebuild Free Set                   14 us
[213.729s][info][gc,stats      ] Concurrent Cleanup                   90 us
[213.729s][info][gc,stats      ] 
[213.729s][info][gc,stats      ] Allocation pacing accrued:
[213.729s][info][gc,stats      ]       0 of  1152 ms (  0.0%): <total>
[213.729s][info][gc,stats      ]       0 of  1152 ms (  0.0%): <average total>
[213.729s][info][gc,stats      ] 
[213.729s][info][gc,metaspace  ] Metaspace: 67301K->67301K(1110016K)
[213.729s][info][gc,ergo       ] Pacer for Idle. Initial: 40724K, Alloc Tax Rate: 1.0x
[214.404s][info][gc            ] Trigger: Learning 4 of 5. Free (1391M) is below initial threshold (1391M)
[214.404s][info][gc,ergo       ] Free: 1391M, Max: 512K regular, 735M humongous, Frag: 48% external, 0% internal; Reserve: 101888K, Max: 512K
[214.404s][info][gc,start      ] GC(51) Concurrent reset
[214.404s][info][gc,task       ] GC(51) Using 1 of 1 workers for concurrent reset
[214.405s][info][gc,ergo       ] GC(51) Pacer for Reset. Non-Taxable: 1988M
[214.405s][info][gc            ] GC(51) Concurrent reset 0.274ms
[214.407s][info][gc,start      ] GC(51) Pause Init Mark
[214.407s][info][gc,task       ] GC(51) Using 1 of 1 workers for init marking
[214.409s][info][gc,ergo       ] GC(51) Pacer for Mark. Expected Live: 161M, Free: 1391M, Non-Taxable: 139M, Alloc Tax Rate: 0.1x
[214.409s][info][gc            ] GC(51) Pause Init Mark 1.601ms
[214.409s][info][gc,start      ] GC(51) Concurrent marking
[214.409s][info][gc,task       ] GC(51) Using 1 of 1 workers for concurrent marking
[214.997s][info][gc            ] GC(51) Concurrent marking 588.657ms
[214.998s][info][gc,start      ] GC(51) Pause Final Mark
[214.998s][info][gc,task       ] GC(51) Using 1 of 1 workers for final marking
[214.998s][info][gc,ergo       ] GC(51) Adaptive CSet Selection. Target Free: 281M, Actual Free: 1394M, Max CSet: 84823K, Min Garbage: 0B
[214.998s][info][gc,ergo       ] GC(51) Collectable Garbage: 299M (99%), Immediate: 7168K (2%), CSet: 292M (96%)
[215.000s][info][gc,ergo       ] GC(51) Pacer for Evacuation. Used CSet: 334M, Free: 1298M, Non-Taxable: 129M, Alloc Tax Rate: 1.1x
[215.000s][info][gc            ] GC(51) Pause Final Mark 2.583ms
[215.000s][info][gc,start      ] GC(51) Concurrent cleanup
[215.000s][info][gc            ] GC(51) Concurrent cleanup 595M->588M(692M) 0.075ms
[215.000s][info][gc,ergo       ] GC(51) Free: 1298M, Max: 512K regular, 735M humongous, Frag: 44% external, 0% internal; Reserve: 101881K, Max: 512K
[215.000s][info][gc,start      ] GC(51) Concurrent evacuation
[215.000s][info][gc,task       ] GC(51) Using 1 of 1 workers for concurrent evacuation
[215.098s][info][gc            ] GC(51) Concurrent evacuation 97.352ms
[215.101s][info][gc,start      ] GC(51) Pause Init Update Refs
[215.101s][info][gc,ergo       ] GC(51) Pacer for Update Refs. Used: 646M, Free: 1282M, Non-Taxable: 128M, Alloc Tax Rate: 1.1x
[215.101s][info][gc            ] GC(51) Pause Init Update Refs 0.048ms
[215.101s][info][gc,start      ] GC(51) Concurrent update references
[215.101s][info][gc,task       ] GC(51) Using 1 of 1 workers for concurrent reference update
[215.540s][info][gc            ] GC(51) Concurrent update references 438.375ms
[215.543s][info][gc,start      ] GC(51) Pause Final Update Refs
[215.543s][info][gc,task       ] GC(51) Using 1 of 1 workers for final reference update
[215.544s][info][gc            ] GC(51) Pause Final Update Refs 0.648ms
[215.544s][info][gc,start      ] GC(51) Concurrent cleanup
[215.544s][info][gc            ] GC(51) Concurrent cleanup 701M->366M(706M) 0.096ms
[215.544s][info][gc,ergo       ] Free: 1519M, Max: 512K regular, 698M humongous, Frag: 55% external, 0% internal; Reserve: 101888K, Max: 512K
[215.544s][info][gc,stats      ] 
[215.544s][info][gc,stats      ] All times are wall-clock times, except per-root-class counters, that are sum over
[215.544s][info][gc,stats      ] all workers. Dividing the <total> over the root stage time estimates parallelism.
[215.544s][info][gc,stats      ] 
[215.544s][info][gc,stats      ] Concurrent Reset                    262 us
[215.544s][info][gc,stats      ] Pause Init Mark (G)                3938 us
[215.544s][info][gc,stats      ] Pause Init Mark (N)                1587 us
[215.544s][info][gc,stats      ]   Accumulate Stats                   24 us
[215.544s][info][gc,stats      ]   Make Parsable                      16 us
[215.544s][info][gc,stats      ]   Update Region States               36 us
[215.544s][info][gc,stats      ]   Scan Roots                       1466 us, parallelism: 0.79x
[215.544s][info][gc,stats      ]     S: <total>                     1158 us
[215.544s][info][gc,stats      ]     S: Thread Roots                 596 us, workers (us): 596, 
[215.544s][info][gc,stats      ]     S: Universe Roots                 2 us, workers (us):   2, 
[215.544s][info][gc,stats      ]     S: JNI Handles Roots              1 us, workers (us):   1, 
[215.544s][info][gc,stats      ]     S: Synchronizer Roots             0 us, workers (us):   0, 
[215.544s][info][gc,stats      ]     S: Management Roots               1 us, workers (us):   1, 
[215.544s][info][gc,stats      ]     S: System Dict Roots             11 us, workers (us):  11, 
[215.544s][info][gc,stats      ]     S: CLDG Roots                   545 us, workers (us): 545, 
[215.544s][info][gc,stats      ]     S: JVMTI Roots                    0 us, workers (us):   0, 
[215.544s][info][gc,stats      ]   Resize TLABs                       17 us
[215.544s][info][gc,stats      ] Concurrent Marking               588650 us
[215.544s][info][gc,stats      ] Pause Final Mark (G)               2770 us
[215.544s][info][gc,stats      ] Pause Final Mark (N)               2563 us
[215.544s][info][gc,stats      ]   Finish Queues                      19 us
[215.544s][info][gc,stats      ]   System Purge                      250 us
[215.544s][info][gc,stats      ]     Weak Roots                      249 us
[215.544s][info][gc,stats      ]   Update Region States               48 us
[215.544s][info][gc,stats      ]   Retire TLABs                       13 us
[215.544s][info][gc,stats      ]   Choose Collection Set             138 us
[215.544s][info][gc,stats      ]   Rebuild Free Set                   13 us
[215.544s][info][gc,stats      ]   Initial Evacuation               2074 us, parallelism: 0.69x
[215.544s][info][gc,stats      ]     E: <total>                     1429 us
[215.544s][info][gc,stats      ]     E: Thread Roots                 552 us, workers (us): 552, 
[215.544s][info][gc,stats      ]     E: Code Cache Roots             380 us, workers (us): 380, 
[215.544s][info][gc,stats      ]     E: Universe Roots                 1 us, workers (us):   1, 
[215.544s][info][gc,stats      ]     E: JNI Handles Roots              1 us, workers (us):   1, 
[215.544s][info][gc,stats      ]     E: Synchronizer Roots             0 us, workers (us):   0, 
[215.544s][info][gc,stats      ]     E: Management Roots               1 us, workers (us):   1, 
[215.544s][info][gc,stats      ]     E: System Dict Roots              9 us, workers (us):   9, 
[215.544s][info][gc,stats      ]     E: CLDG Roots                   485 us, workers (us): 485, 
[215.544s][info][gc,stats      ]     E: JVMTI Roots                    1 us, workers (us):   1, 
[215.544s][info][gc,stats      ] Concurrent Cleanup                   67 us
[215.544s][info][gc,stats      ] Concurrent Evacuation             97342 us
[215.544s][info][gc,stats      ] Pause Init  Update Refs (G)        3574 us
[215.544s][info][gc,stats      ] Pause Init  Update Refs (N)          19 us
[215.544s][info][gc,stats      ]   Retire GCLABs                      10 us
[215.544s][info][gc,stats      ] Concurrent Update Refs           438364 us
[215.544s][info][gc,stats      ] Pause Final Update Refs (G)        4099 us
[215.544s][info][gc,stats      ] Pause Final Update Refs (N)         611 us
[215.544s][info][gc,stats      ]   Update Roots                      524 us, parallelism: 0.99x
[215.544s][info][gc,stats      ]     UR: <total>                     517 us
[215.544s][info][gc,stats      ]     UR: Thread Roots                517 us, workers (us): 517, 
[215.544s][info][gc,stats      ]   Update Region States               44 us
[215.544s][info][gc,stats      ]   Trash Collection Set                4 us
[215.544s][info][gc,stats      ]   Rebuild Free Set                   15 us
[215.544s][info][gc,stats      ] Concurrent Cleanup                   90 us
[215.544s][info][gc,stats      ] 
[215.544s][info][gc,stats      ] Allocation pacing accrued:
[215.544s][info][gc,stats      ]       0 of  1815 ms (  0.0%): <total>
[215.544s][info][gc,stats      ]       0 of  1815 ms (  0.0%): <average total>
[215.544s][info][gc,stats      ] 
[215.544s][info][gc,metaspace  ] Metaspace: 67301K->67301K(1110016K)
[215.544s][info][gc,ergo       ] Pacer for Idle. Initial: 40724K, Alloc Tax Rate: 1.0x
[216.245s][info][gc            ] Trigger: Learning 5 of 5. Free (1391M) is below initial threshold (1391M)
[216.245s][info][gc,ergo       ] Free: 1392M, Max: 512K regular, 698M humongous, Frag: 50% external, 0% internal; Reserve: 101888K, Max: 512K
[216.245s][info][gc,start      ] GC(52) Concurrent reset
[216.245s][info][gc,task       ] GC(52) Using 1 of 1 workers for concurrent reset
[216.245s][info][gc,ergo       ] GC(52) Pacer for Reset. Non-Taxable: 1988M
[216.246s][info][gc            ] GC(52) Concurrent reset 0.739ms
[216.250s][info][gc,start      ] GC(52) Pause Init Mark
[216.250s][info][gc,task       ] GC(52) Using 1 of 1 workers for init marking
[216.252s][info][gc,ergo       ] GC(52) Pacer for Mark. Expected Live: 168M, Free: 1392M, Non-Taxable: 139M, Alloc Tax Rate: 0.1x
[216.252s][info][gc            ] GC(52) Pause Init Mark 1.694ms
[216.252s][info][gc,start      ] GC(52) Concurrent marking
[216.252s][info][gc,task       ] GC(52) Using 1 of 1 workers for concurrent marking
[216.671s][info][gc            ] GC(52) Concurrent marking 419.189ms
[216.671s][info][gc,start      ] GC(52) Pause Final Mark
[216.671s][info][gc,task       ] GC(52) Using 1 of 1 workers for final marking
[216.672s][info][gc,ergo       ] GC(52) Adaptive CSet Selection. Target Free: 281M, Actual Free: 1706M, Max CSet: 84823K, Min Garbage: 0B
[216.672s][info][gc,ergo       ] GC(52) Collectable Garbage: 332M (99%), Immediate: 296M (88%), CSet: 36625K (10%)
[216.674s][info][gc,ergo       ] GC(52) Pacer for Evacuation. Used CSet: 51200K, Free: 1610M, Non-Taxable: 161M, Alloc Tax Rate: 1.1x
[216.674s][info][gc            ] GC(52) Pause Final Mark 2.565ms
[216.674s][info][gc,start      ] GC(52) Concurrent cleanup
[216.674s][info][gc            ] GC(52) Concurrent cleanup 571M->275M(706M) 0.099ms
[216.674s][info][gc,ergo       ] GC(52) Free: 1610M, Max: 512K regular, 736M humongous, Frag: 55% external, 0% internal; Reserve: 101881K, Max: 512K
[216.674s][info][gc,start      ] GC(52) Concurrent evacuation
[216.674s][info][gc,task       ] GC(52) Using 1 of 1 workers for concurrent evacuation
[216.699s][info][gc            ] GC(52) Concurrent evacuation 25.101ms
[216.702s][info][gc,start      ] GC(52) Pause Init Update Refs
[216.702s][info][gc,ergo       ] GC(52) Pacer for Update Refs. Used: 294M, Free: 1605M, Non-Taxable: 160M, Alloc Tax Rate: 1.1x
[216.702s][info][gc            ] GC(52) Pause Init Update Refs 0.062ms
[216.702s][info][gc,start      ] GC(52) Concurrent update references
[216.702s][info][gc,task       ] GC(52) Using 1 of 1 workers for concurrent reference update
[216.997s][info][gc            ] GC(52) Concurrent update references 294.953ms
[217.000s][info][gc,start      ] GC(52) Pause Final Update Refs
[217.000s][info][gc,task       ] GC(52) Using 1 of 1 workers for final reference update
[217.001s][info][gc            ] GC(52) Pause Final Update Refs 0.576ms
[217.001s][info][gc,start      ] GC(52) Concurrent cleanup
[217.001s][info][gc            ] GC(52) Concurrent cleanup 349M->299M(706M) 0.075ms
[217.001s][info][gc,ergo       ] Free: 1585M, Max: 512K regular, 726M humongous, Frag: 55% external, 0% internal; Reserve: 101888K, Max: 512K
[217.001s][info][gc,stats      ] 
[217.001s][info][gc,stats      ] All times are wall-clock times, except per-root-class counters, that are sum over
[217.001s][info][gc,stats      ] all workers. Dividing the <total> over the root stage time estimates parallelism.
[217.001s][info][gc,stats      ] 
[217.001s][info][gc,stats      ] Concurrent Reset                    728 us
[217.001s][info][gc,stats      ] Pause Init Mark (G)                5747 us
[217.001s][info][gc,stats      ] Pause Init Mark (N)                1657 us
[217.001s][info][gc,stats      ]   Accumulate Stats                   27 us
[217.001s][info][gc,stats      ]   Make Parsable                      15 us
[217.001s][info][gc,stats      ]   Update Region States               51 us
[217.001s][info][gc,stats      ]   Scan Roots                       1509 us, parallelism: 0.84x
[217.001s][info][gc,stats      ]     S: <total>                     1270 us
[217.001s][info][gc,stats      ]     S: Thread Roots                 618 us, workers (us): 618, 
[217.001s][info][gc,stats      ]     S: Universe Roots                 2 us, workers (us):   2, 
[217.001s][info][gc,stats      ]     S: JNI Handles Roots              1 us, workers (us):   1, 
[217.001s][info][gc,stats      ]     S: Synchronizer Roots             0 us, workers (us):   0, 
[217.001s][info][gc,stats      ]     S: Management Roots               1 us, workers (us):   1, 
[217.001s][info][gc,stats      ]     S: System Dict Roots             13 us, workers (us):  13, 
[217.001s][info][gc,stats      ]     S: CLDG Roots                   633 us, workers (us): 633, 
[217.001s][info][gc,stats      ]     S: JVMTI Roots                    1 us, workers (us):   1, 
[217.001s][info][gc,stats      ]   Resize TLABs                       17 us
[217.001s][info][gc,stats      ] Concurrent Marking               419181 us
[217.001s][info][gc,stats      ] Pause Final Mark (G)               2751 us
[217.001s][info][gc,stats      ] Pause Final Mark (N)               2553 us
[217.001s][info][gc,stats      ]   Finish Queues                      19 us
[217.001s][info][gc,stats      ]   System Purge                      320 us
[217.001s][info][gc,stats      ]     Weak Roots                      320 us
[217.001s][info][gc,stats      ]   Update Region States               42 us
[217.001s][info][gc,stats      ]   Retire TLABs                       17 us
[217.001s][info][gc,stats      ]   Choose Collection Set              72 us
[217.001s][info][gc,stats      ]   Rebuild Free Set                   14 us
[217.001s][info][gc,stats      ]   Initial Evacuation               2061 us, parallelism: 0.69x
[217.001s][info][gc,stats      ]     E: <total>                     1425 us
[217.001s][info][gc,stats      ]     E: Thread Roots                 597 us, workers (us): 597, 
[217.001s][info][gc,stats      ]     E: Code Cache Roots             302 us, workers (us): 302, 
[217.001s][info][gc,stats      ]     E: Universe Roots                 1 us, workers (us):   1, 
[217.001s][info][gc,stats      ]     E: JNI Handles Roots              1 us, workers (us):   1, 
[217.001s][info][gc,stats      ]     E: Synchronizer Roots             0 us, workers (us):   0, 
[217.001s][info][gc,stats      ]     E: Management Roots               1 us, workers (us):   1, 
[217.001s][info][gc,stats      ]     E: System Dict Roots             11 us, workers (us):  11, 
[217.001s][info][gc,stats      ]     E: CLDG Roots                   511 us, workers (us): 511, 
[217.001s][info][gc,stats      ]     E: JVMTI Roots                    0 us, workers (us):   0, 
[217.001s][info][gc,stats      ] Concurrent Cleanup                   91 us
[217.001s][info][gc,stats      ] Concurrent Evacuation             25091 us
[217.001s][info][gc,stats      ] Pause Init  Update Refs (G)        2436 us
[217.001s][info][gc,stats      ] Pause Init  Update Refs (N)          25 us
[217.001s][info][gc,stats      ]   Retire GCLABs                      16 us
[217.001s][info][gc,stats      ] Concurrent Update Refs           294939 us
[217.001s][info][gc,stats      ] Pause Final Update Refs (G)        3953 us
[217.001s][info][gc,stats      ] Pause Final Update Refs (N)         553 us
[217.001s][info][gc,stats      ]   Update Roots                      487 us, parallelism: 0.99x
[217.001s][info][gc,stats      ]     UR: <total>                     481 us
[217.001s][info][gc,stats      ]     UR: Thread Roots                481 us, workers (us): 481, 
[217.001s][info][gc,stats      ]   Update Region States               42 us
[217.001s][info][gc,stats      ]   Trash Collection Set                2 us
[217.001s][info][gc,stats      ]   Rebuild Free Set                   15 us
[217.001s][info][gc,stats      ] Concurrent Cleanup                   68 us
[217.001s][info][gc,stats      ] 
[217.001s][info][gc,stats      ] Allocation pacing accrued:
[217.001s][info][gc,stats      ]       0 of  1457 ms (  0.0%): <total>
[217.001s][info][gc,stats      ]       0 of  1457 ms (  0.0%): <average total>
[217.001s][info][gc,stats      ] 
[217.001s][info][gc,metaspace  ] Metaspace: 67313K->67313K(1110016K)
[217.001s][info][gc,ergo       ] Pacer for Idle. Initial: 40724K, Alloc Tax Rate: 1.0x
[221.798s][info][gc            ] Trigger: Average GC time (721.12 ms) is above the time for allocation rate (260 MB/s) to deplete free headroom (186M)
[221.798s][info][gc,ergo       ] Free headroom: 286M (free) - 101788K (spike) - 0B (penalties) = 186M
[221.798s][info][gc,ergo       ] Free: 286M, Max: 512K regular, 286M humongous, Frag: 0% external, 0% internal; Reserve: 101888K, Max: 512K
[221.798s][info][gc,start      ] GC(53) Concurrent reset
[221.798s][info][gc,task       ] GC(53) Using 1 of 1 workers for concurrent reset
[221.798s][info][gc,ergo       ] GC(53) Pacer for Reset. Non-Taxable: 1988M
[221.798s][info][gc            ] GC(53) Concurrent reset 0.365ms
[221.801s][info][gc,start      ] GC(53) Pause Init Mark
[221.801s][info][gc,task       ] GC(53) Using 1 of 1 workers for init marking
[221.802s][info][gc,ergo       ] GC(53) Pacer for Mark. Expected Live: 162M, Free: 286M, Non-Taxable: 29337K, Alloc Tax Rate: 0.7x
[221.802s][info][gc            ] GC(53) Pause Init Mark 1.579ms
[221.802s][info][gc,start      ] GC(53) Concurrent marking
[221.802s][info][gc,task       ] GC(53) Using 1 of 1 workers for concurrent marking
[222.221s][info][gc            ] GC(53) Concurrent marking 419.178ms
[222.222s][info][gc,start      ] GC(53) Pause Final Mark
[222.222s][info][gc,task       ] GC(53) Using 1 of 1 workers for final marking
[222.222s][info][gc,ergo       ] GC(53) Adaptive CSet Selection. Target Free: 281M, Actual Free: 1528M, Max CSet: 84823K, Min Garbage: 0B
[222.222s][info][gc,ergo       ] GC(53) Collectable Garbage: 1398M (99%), Immediate: 1189M (84%), CSet: 208M (14%)
[222.224s][info][gc,ergo       ] GC(53) Pacer for Evacuation. Used CSet: 243M, Free: 1446M, Non-Taxable: 144M, Alloc Tax Rate: 1.1x
[222.224s][info][gc            ] GC(53) Pause Final Mark 2.593ms
[222.224s][info][gc,start      ] GC(53) Concurrent cleanup
[222.224s][info][gc            ] GC(53) Concurrent cleanup 1629M->439M(1684M) 0.171ms
[222.224s][info][gc,ergo       ] GC(53) Free: 1446M, Max: 512K regular, 390M humongous, Frag: 74% external, 0% internal; Reserve: 101873K, Max: 512K
[222.224s][info][gc,start      ] GC(53) Concurrent evacuation
[222.225s][info][gc,task       ] GC(53) Using 1 of 1 workers for concurrent evacuation
[222.300s][info][gc            ] GC(53) Concurrent evacuation 75.946ms
[222.304s][info][gc,start      ] GC(53) Pause Init Update Refs
[222.304s][info][gc,ergo       ] GC(53) Pacer for Update Refs. Used: 488M, Free: 1433M, Non-Taxable: 143M, Alloc Tax Rate: 1.1x
[222.304s][info][gc            ] GC(53) Pause Init Update Refs 0.043ms
[222.304s][info][gc,start      ] GC(53) Concurrent update references
[222.304s][info][gc,task       ] GC(53) Using 1 of 1 workers for concurrent reference update
[222.623s][info][gc            ] GC(53) Concurrent update references 319.090ms
[222.626s][info][gc,start      ] GC(53) Pause Final Update Refs
[222.626s][info][gc,task       ] GC(53) Using 1 of 1 workers for final reference update
[222.627s][info][gc            ] GC(53) Pause Final Update Refs 0.559ms
[222.631s][info][gc,start      ] GC(53) Concurrent cleanup
[222.631s][info][gc            ] GC(53) Concurrent cleanup 548M->304M(1684M) 0.124ms
[222.632s][info][gc,ergo       ] Free: 1581M, Max: 512K regular, 712M humongous, Frag: 55% external, 0% internal; Reserve: 101888K, Max: 512K
[222.632s][info][gc,stats      ] 
[222.632s][info][gc,stats      ] All times are wall-clock times, except per-root-class counters, that are sum over
[222.632s][info][gc,stats      ] all workers. Dividing the <total> over the root stage time estimates parallelism.
[222.632s][info][gc,stats      ] 
[222.632s][info][gc,stats      ] Concurrent Reset                    353 us
[222.632s][info][gc,stats      ] Pause Init Mark (G)                3906 us
[222.632s][info][gc,stats      ] Pause Init Mark (N)                1551 us
[222.632s][info][gc,stats      ]   Accumulate Stats                   40 us
[222.632s][info][gc,stats      ]   Make Parsable                      16 us
[222.632s][info][gc,stats      ]   Update Region States               45 us
[222.632s][info][gc,stats      ]   Scan Roots                       1405 us, parallelism: 0.83x
[222.632s][info][gc,stats      ]     S: <total>                     1163 us
[222.632s][info][gc,stats      ]     S: Thread Roots                 565 us, workers (us): 565, 
[222.632s][info][gc,stats      ]     S: Universe Roots                 2 us, workers (us):   2, 
[222.632s][info][gc,stats      ]     S: JNI Handles Roots              1 us, workers (us):   1, 
[222.632s][info][gc,stats      ]     S: Synchronizer Roots             0 us, workers (us):   0, 
[222.632s][info][gc,stats      ]     S: Management Roots               1 us, workers (us):   1, 
[222.632s][info][gc,stats      ]     S: System Dict Roots             11 us, workers (us):  11, 
[222.632s][info][gc,stats      ]     S: CLDG Roots                   582 us, workers (us): 582, 
[222.632s][info][gc,stats      ]     S: JVMTI Roots                    1 us, workers (us):   1, 
[222.632s][info][gc,stats      ]   Resize TLABs                       14 us
[222.632s][info][gc,stats      ] Concurrent Marking               419171 us
[222.632s][info][gc,stats      ] Pause Final Mark (G)               2762 us
[222.632s][info][gc,stats      ] Pause Final Mark (N)               2581 us
[222.632s][info][gc,stats      ]   Finish Queues                      16 us
[222.632s][info][gc,stats      ]   System Purge                      281 us
[222.632s][info][gc,stats      ]     Weak Roots                      281 us
[222.632s][info][gc,stats      ]   Update Region States               44 us
[222.632s][info][gc,stats      ]   Retire TLABs                       18 us
[222.632s][info][gc,stats      ]   Choose Collection Set             126 us
[222.632s][info][gc,stats      ]   Rebuild Free Set                   13 us
[222.632s][info][gc,stats      ]   Initial Evacuation               2076 us, parallelism: 0.70x
[222.632s][info][gc,stats      ]     E: <total>                     1448 us
[222.632s][info][gc,stats      ]     E: Thread Roots                 580 us, workers (us): 580, 
[222.632s][info][gc,stats      ]     E: Code Cache Roots             316 us, workers (us): 316, 
[222.632s][info][gc,stats      ]     E: Universe Roots                 1 us, workers (us):   1, 
[222.632s][info][gc,stats      ]     E: JNI Handles Roots              1 us, workers (us):   1, 
[222.632s][info][gc,stats      ]     E: Synchronizer Roots             0 us, workers (us):   0, 
[222.632s][info][gc,stats      ]     E: Management Roots               1 us, workers (us):   1, 
[222.632s][info][gc,stats      ]     E: System Dict Roots              9 us, workers (us):   9, 
[222.632s][info][gc,stats      ]     E: CLDG Roots                   540 us, workers (us): 540, 
[222.632s][info][gc,stats      ]     E: JVMTI Roots                    0 us, workers (us):   0, 
[222.632s][info][gc,stats      ] Concurrent Cleanup                  164 us
[222.632s][info][gc,stats      ] Concurrent Evacuation             75935 us
[222.632s][info][gc,stats      ] Pause Init  Update Refs (G)        3313 us
[222.632s][info][gc,stats      ] Pause Init  Update Refs (N)          17 us
[222.632s][info][gc,stats      ]   Retire GCLABs                      10 us
[222.632s][info][gc,stats      ] Concurrent Update Refs           319079 us
[222.632s][info][gc,stats      ] Pause Final Update Refs (G)        8369 us
[222.632s][info][gc,stats      ] Pause Final Update Refs (N)         529 us
[222.632s][info][gc,stats      ]   Update Roots                      462 us, parallelism: 0.98x
[222.632s][info][gc,stats      ]     UR: <total>                     455 us
[222.632s][info][gc,stats      ]     UR: Thread Roots                455 us, workers (us): 455, 
[222.632s][info][gc,stats      ]   Update Region States               41 us
[222.632s][info][gc,stats      ]   Trash Collection Set                4 us
[222.632s][info][gc,stats      ]   Rebuild Free Set                   13 us
[222.632s][info][gc,stats      ] Concurrent Cleanup                   86 us
[222.632s][info][gc,stats      ] Pacing                           130951 us
[222.632s][info][gc,stats      ] 
[222.632s][info][gc,stats      ] Allocation pacing accrued:
[222.632s][info][gc,stats      ]     131 of  5631 ms (  2.3%): Executor task launch worker for task 1.0 in stage 67.0 (TID 97)
[222.632s][info][gc,stats      ]     131 of  5631 ms (  2.3%): <total>
[222.632s][info][gc,stats      ]       1 of  5631 ms (  0.0%): <average total>
[222.632s][info][gc,stats      ]     131 of  5631 ms (  2.3%): <average non-zero>
[222.632s][info][gc,stats      ] 
[222.632s][info][gc,metaspace  ] Metaspace: 67336K->67336K(1110016K)
[222.632s][info][gc,ergo       ] Pacer for Idle. Initial: 40724K, Alloc Tax Rate: 1.0x
[227.397s][info][gc            ] Trigger: Average GC time (842.10 ms) is above the time for allocation rate (249 MB/s) to deplete free headroom (208M)
[227.397s][info][gc,ergo       ] Free headroom: 307M (free) - 101788K (spike) - 0B (penalties) = 208M
[227.397s][info][gc,ergo       ] Free: 308M, Max: 512K regular, 217M humongous, Frag: 30% external, 0% internal; Reserve: 101888K, Max: 512K
[227.398s][info][gc,start      ] GC(54) Concurrent reset
[227.398s][info][gc,task       ] GC(54) Using 1 of 1 workers for concurrent reset
[227.398s][info][gc,ergo       ] GC(54) Pacer for Reset. Non-Taxable: 1988M
[227.398s][info][gc            ] GC(54) Concurrent reset 0.799ms
[227.401s][info][gc,start      ] GC(54) Pause Init Mark
[227.401s][info][gc,task       ] GC(54) Using 1 of 1 workers for init marking
[227.403s][info][gc,ergo       ] GC(54) Pacer for Mark. Expected Live: 170M, Free: 308M, Non-Taxable: 31539K, Alloc Tax Rate: 0.7x
[227.403s][info][gc            ] GC(54) Pause Init Mark 1.533ms
[227.403s][info][gc,start      ] GC(54) Concurrent marking
[227.403s][info][gc,task       ] GC(54) Using 1 of 1 workers for concurrent marking
[227.788s][info][gc            ] GC(54) Concurrent marking 385.436ms
[227.789s][info][gc,start      ] GC(54) Pause Final Mark
[227.789s][info][gc,task       ] GC(54) Using 1 of 1 workers for final marking
[227.789s][info][gc,ergo       ] GC(54) Collectable Garbage: 1353M (96%), Immediate: 1353M (96%), CSet: 0B (0%)
[227.789s][info][gc            ] GC(54) Pause Final Mark 0.389ms
[227.789s][info][gc,start      ] GC(54) Concurrent cleanup
[227.789s][info][gc            ] GC(54) Concurrent cleanup 1602M->248M(1684M) 0.191ms
[227.789s][info][gc,ergo       ] GC(54) Free: 1637M, Max: 512K regular, 580M humongous, Frag: 65% external, 0% internal; Reserve: 101888K, Max: 512K
[227.789s][info][gc,ergo       ] Free: 1637M, Max: 512K regular, 580M humongous, Frag: 65% external, 0% internal; Reserve: 101888K, Max: 512K
[227.789s][info][gc,stats      ] 
[227.789s][info][gc,stats      ] All times are wall-clock times, except per-root-class counters, that are sum over
[227.789s][info][gc,stats      ] all workers. Dividing the <total> over the root stage time estimates parallelism.
[227.789s][info][gc,stats      ] 
[227.789s][info][gc,stats      ] Concurrent Reset                    784 us
[227.789s][info][gc,stats      ] Pause Init Mark (G)                4598 us
[227.789s][info][gc,stats      ] Pause Init Mark (N)                1515 us
[227.789s][info][gc,stats      ]   Accumulate Stats                   19 us
[227.789s][info][gc,stats      ]   Make Parsable                      17 us
[227.789s][info][gc,stats      ]   Update Region States               42 us
[227.789s][info][gc,stats      ]   Scan Roots                       1392 us, parallelism: 0.82x
[227.789s][info][gc,stats      ]     S: <total>                     1148 us
[227.789s][info][gc,stats      ]     S: Thread Roots                 518 us, workers (us): 518, 
[227.789s][info][gc,stats      ]     S: Universe Roots                 2 us, workers (us):   2, 
[227.789s][info][gc,stats      ]     S: JNI Handles Roots              1 us, workers (us):   1, 
[227.789s][info][gc,stats      ]     S: Synchronizer Roots             0 us, workers (us):   0, 
[227.789s][info][gc,stats      ]     S: Management Roots               1 us, workers (us):   1, 
[227.789s][info][gc,stats      ]     S: System Dict Roots             12 us, workers (us):  12, 
[227.789s][info][gc,stats      ]     S: CLDG Roots                   613 us, workers (us): 613, 
[227.789s][info][gc,stats      ]     S: JVMTI Roots                    0 us, workers (us):   0, 
[227.789s][info][gc,stats      ]   Resize TLABs                       15 us
[227.789s][info][gc,stats      ] Concurrent Marking               385428 us
[227.789s][info][gc,stats      ] Pause Final Mark (G)                526 us
[227.789s][info][gc,stats      ] Pause Final Mark (N)                377 us
[227.789s][info][gc,stats      ]   Finish Queues                      15 us
[227.789s][info][gc,stats      ]   System Purge                      242 us
[227.789s][info][gc,stats      ]     Weak Roots                      242 us
[227.789s][info][gc,stats      ]   Update Region States               46 us
[227.789s][info][gc,stats      ]   Retire TLABs                       15 us
[227.789s][info][gc,stats      ]   Choose Collection Set              39 us
[227.789s][info][gc,stats      ]   Rebuild Free Set                   13 us
[227.789s][info][gc,stats      ] Concurrent Cleanup                  184 us
[227.789s][info][gc,stats      ] Pacing                           175669 us
[227.789s][info][gc,stats      ] 
[227.789s][info][gc,stats      ] Allocation pacing accrued:
[227.789s][info][gc,stats      ]      36 of  5158 ms (  0.7%): main
[227.789s][info][gc,stats      ]      24 of  5158 ms (  0.5%): dispatcher-event-loop-1
[227.789s][info][gc,stats      ]      13 of  5158 ms (  0.2%): dispatcher-BlockManagerMaster
[227.789s][info][gc,stats      ]      13 of  5158 ms (  0.2%): netty-rpc-env-timeout
[227.789s][info][gc,stats      ]      24 of  5158 ms (  0.5%): dag-scheduler-event-loop
[227.789s][info][gc,stats      ]      67 of  5158 ms (  1.3%): spark-listener-group-appStatus
[227.789s][info][gc,stats      ]     176 of  5158 ms (  3.4%): <total>
[227.789s][info][gc,stats      ]       1 of  5158 ms (  0.0%): <average total>
[227.789s][info][gc,stats      ]      29 of  5158 ms (  0.6%): <average non-zero>
[227.789s][info][gc,stats      ] 
[227.789s][info][gc,metaspace  ] Metaspace: 67477K->67507K(1110016K)
[227.789s][info][gc,ergo       ] Pacer for Idle. Initial: 40724K, Alloc Tax Rate: 1.0x
[231.331s][info][gc            ] Trigger: Average GC time (697.79 ms) is above the time for allocation rate (343 MB/s) to deplete free headroom (238M)
[231.332s][info][gc,ergo       ] Free headroom: 337M (free) - 101788K (spike) - 0B (penalties) = 238M
[231.332s][info][gc,ergo       ] Free: 338M, Max: 512K regular, 264M humongous, Frag: 22% external, 0% internal; Reserve: 101888K, Max: 512K
[231.332s][info][gc,start      ] GC(55) Concurrent reset
[231.332s][info][gc,task       ] GC(55) Using 1 of 1 workers for concurrent reset
[231.332s][info][gc,ergo       ] GC(55) Pacer for Reset. Non-Taxable: 1988M
[231.332s][info][gc            ] GC(55) Concurrent reset 0.365ms
[231.335s][info][gc,start      ] GC(55) Pause Init Mark (process weakrefs)
[231.335s][info][gc,task       ] GC(55) Using 1 of 1 workers for init marking
[231.337s][info][gc,ergo       ] GC(55) Pacer for Mark. Expected Live: 164M, Free: 338M, Non-Taxable: 34611K, Alloc Tax Rate: 0.6x
[231.337s][info][gc            ] GC(55) Pause Init Mark (process weakrefs) 1.661ms
[231.337s][info][gc,start      ] GC(55) Concurrent marking (process weakrefs)
[231.337s][info][gc,task       ] GC(55) Using 1 of 1 workers for concurrent marking
[231.953s][info][gc            ] GC(55) Concurrent marking (process weakrefs) 615.662ms
[231.953s][info][gc,start      ] GC(55) Concurrent precleaning
[231.953s][info][gc,task       ] GC(55) Using 1 of 1 workers for concurrent preclean
[231.953s][info][gc,ergo       ] GC(55) Pacer for Precleaning. Non-Taxable: 1988M
[231.953s][info][gc            ] GC(55) Concurrent precleaning 0.562ms
[231.953s][info][gc,start      ] GC(55) Pause Final Mark (process weakrefs)
[231.953s][info][gc,task       ] GC(55) Using 1 of 1 workers for final marking
[231.954s][info][gc,ergo       ] GC(55) Adaptive CSet Selection. Target Free: 281M, Actual Free: 1387M, Max CSet: 84823K, Min Garbage: 0B
[231.954s][info][gc,ergo       ] GC(55) Collectable Garbage: 1323M (99%), Immediate: 984M (74%), CSet: 339M (25%)
[231.956s][info][gc,ergo       ] GC(55) Pacer for Evacuation. Used CSet: 383M, Free: 1322M, Non-Taxable: 132M, Alloc Tax Rate: 1.1x
[231.956s][info][gc            ] GC(55) Pause Final Mark (process weakrefs) 2.679ms
[231.956s][info][gc,start      ] GC(55) Concurrent cleanup
[231.956s][info][gc            ] GC(55) Concurrent cleanup 1546M->561M(1684M) 0.156ms
[231.956s][info][gc,ergo       ] GC(55) Free: 1322M, Max: 512K regular, 264M humongous, Frag: 81% external, 0% internal; Reserve: 101857K, Max: 512K
[231.956s][info][gc,start      ] GC(55) Concurrent evacuation
[231.956s][info][gc,task       ] GC(55) Using 1 of 1 workers for concurrent evacuation
[232.100s][info][gc            ] GC(55) Concurrent evacuation 143.855ms
[232.103s][info][gc,start      ] GC(55) Pause Init Update Refs
[232.103s][info][gc,ergo       ] GC(55) Pacer for Update Refs. Used: 626M, Free: 1300M, Non-Taxable: 130M, Alloc Tax Rate: 1.1x
[232.103s][info][gc            ] GC(55) Pause Init Update Refs 0.033ms
[232.104s][info][gc,start      ] GC(55) Concurrent update references
[232.104s][info][gc,task       ] GC(55) Using 1 of 1 workers for concurrent reference update
[232.546s][info][gc            ] GC(55) Concurrent update references 442.123ms
[232.549s][info][gc,start      ] GC(55) Pause Final Update Refs
[232.549s][info][gc,task       ] GC(55) Using 1 of 1 workers for final reference update
[232.550s][info][gc            ] GC(55) Pause Final Update Refs 0.557ms
[232.550s][info][gc,start      ] GC(55) Concurrent cleanup
[232.550s][info][gc            ] GC(55) Concurrent cleanup 670M->287M(1684M) 0.102ms
[232.550s][info][gc,ergo       ] Free: 1592M, Max: 512K regular, 358M humongous, Frag: 78% external, 0% internal; Reserve: 101888K, Max: 512K
[232.550s][info][gc,stats      ] 
[232.550s][info][gc,stats      ] All times are wall-clock times, except per-root-class counters, that are sum over
[232.550s][info][gc,stats      ] all workers. Dividing the <total> over the root stage time estimates parallelism.
[232.550s][info][gc,stats      ] 
[232.550s][info][gc,stats      ] Concurrent Reset                    352 us
[232.550s][info][gc,stats      ] Pause Init Mark (G)                4829 us
[232.550s][info][gc,stats      ] Pause Init Mark (N)                1635 us
[232.550s][info][gc,stats      ]   Accumulate Stats                   20 us
[232.550s][info][gc,stats      ]   Make Parsable                      20 us
[232.550s][info][gc,stats      ]   Update Region States               45 us
[232.550s][info][gc,stats      ]   Scan Roots                       1494 us, parallelism: 0.80x
[232.550s][info][gc,stats      ]     S: <total>                     1196 us
[232.550s][info][gc,stats      ]     S: Thread Roots                 581 us, workers (us): 581, 
[232.550s][info][gc,stats      ]     S: Universe Roots                 2 us, workers (us):   2, 
[232.550s][info][gc,stats      ]     S: JNI Handles Roots              1 us, workers (us):   1, 
[232.550s][info][gc,stats      ]     S: Synchronizer Roots             0 us, workers (us):   0, 
[232.550s][info][gc,stats      ]     S: Management Roots               1 us, workers (us):   1, 
[232.550s][info][gc,stats      ]     S: System Dict Roots             12 us, workers (us):  12, 
[232.550s][info][gc,stats      ]     S: CLDG Roots                   599 us, workers (us): 599, 
[232.550s][info][gc,stats      ]     S: JVMTI Roots                    0 us, workers (us):   0, 
[232.550s][info][gc,stats      ]   Resize TLABs                       17 us
[232.550s][info][gc,stats      ] Concurrent Marking               615654 us
[232.550s][info][gc,stats      ] Concurrent Precleaning              552 us
[232.550s][info][gc,stats      ] Pause Final Mark (G)               2884 us
[232.550s][info][gc,stats      ] Pause Final Mark (N)               2672 us
[232.550s][info][gc,stats      ]   Finish Queues                      17 us
[232.550s][info][gc,stats      ]   Weak References                    33 us
[232.550s][info][gc,stats      ]     Process                          31 us
[232.550s][info][gc,stats      ]   System Purge                      279 us
[232.550s][info][gc,stats      ]     Weak Roots                      279 us
[232.550s][info][gc,stats      ]   Update Region States               45 us
[232.550s][info][gc,stats      ]   Retire TLABs                       14 us
[232.550s][info][gc,stats      ]   Choose Collection Set             176 us
[232.550s][info][gc,stats      ]   Rebuild Free Set                   14 us
[232.550s][info][gc,stats      ]   Initial Evacuation               2088 us, parallelism: 0.68x
[232.550s][info][gc,stats      ]     E: <total>                     1422 us
[232.550s][info][gc,stats      ]     E: Thread Roots                 547 us, workers (us): 547, 
[232.550s][info][gc,stats      ]     E: Code Cache Roots             355 us, workers (us): 355, 
[232.550s][info][gc,stats      ]     E: Universe Roots                 3 us, workers (us):   3, 
[232.550s][info][gc,stats      ]     E: JNI Handles Roots              1 us, workers (us):   1, 
[232.550s][info][gc,stats      ]     E: Synchronizer Roots             0 us, workers (us):   0, 
[232.550s][info][gc,stats      ]     E: Management Roots               1 us, workers (us):   1, 
[232.550s][info][gc,stats      ]     E: System Dict Roots              9 us, workers (us):   9, 
[232.550s][info][gc,stats      ]     E: CLDG Roots                   505 us, workers (us): 505, 
[232.550s][info][gc,stats      ]     E: JVMTI Roots                    0 us, workers (us):   0, 
[232.550s][info][gc,stats      ] Concurrent Cleanup                  149 us
[232.550s][info][gc,stats      ] Concurrent Evacuation            143846 us
[232.550s][info][gc,stats      ] Pause Init  Update Refs (G)        3365 us
[232.550s][info][gc,stats      ] Pause Init  Update Refs (N)          19 us
[232.550s][info][gc,stats      ]   Retire GCLABs                      11 us
[232.550s][info][gc,stats      ] Concurrent Update Refs           442112 us
[232.550s][info][gc,stats      ] Pause Final Update Refs (G)        3891 us
[232.550s][info][gc,stats      ] Pause Final Update Refs (N)         530 us
[232.550s][info][gc,stats      ]   Update Roots                      461 us, parallelism: 0.99x
[232.550s][info][gc,stats      ]     UR: <total>                     455 us
[232.550s][info][gc,stats      ]     UR: Thread Roots                455 us, workers (us): 455, 
[232.550s][info][gc,stats      ]   Update Region States               42 us
[232.550s][info][gc,stats      ]   Trash Collection Set                6 us
[232.550s][info][gc,stats      ]   Rebuild Free Set                   14 us
[232.550s][info][gc,stats      ] Concurrent Cleanup                   96 us
[232.550s][info][gc,stats      ] Pacing                            10015 us
[232.550s][info][gc,stats      ] 
[232.550s][info][gc,stats      ] Allocation pacing accrued:
[232.550s][info][gc,stats      ]      10 of  4761 ms (  0.2%): Executor task launch worker for task 1.0 in stage 77.0 (TID 109)
[232.550s][info][gc,stats      ]      10 of  4761 ms (  0.2%): <total>
[232.550s][info][gc,stats      ]       0 of  4761 ms (  0.0%): <average total>
[232.550s][info][gc,stats      ]      10 of  4761 ms (  0.2%): <average non-zero>
[232.550s][info][gc,stats      ] 
[232.550s][info][gc,metaspace  ] Metaspace: 67563K->67564K(1110016K)
[232.550s][info][gc,ergo       ] Pacer for Idle. Initial: 40724K, Alloc Tax Rate: 1.0x
[233.044s][info][gc            ] Trigger: Explicit GC request (System.gc())
[233.044s][info][gc,ergo       ] Free: 855M, Max: 512K regular, 262M humongous, Frag: 70% external, 0% internal; Reserve: 101888K, Max: 512K
[233.045s][info][gc,start      ] GC(56) Concurrent reset
[233.045s][info][gc,task       ] GC(56) Using 1 of 1 workers for concurrent reset
[233.045s][info][gc,ergo       ] GC(56) Pacer for Reset. Non-Taxable: 1988M
[233.045s][info][gc            ] GC(56) Concurrent reset 0.930ms
[233.046s][info][gc,start      ] GC(56) Pause Init Mark (process weakrefs) (unload classes)
[233.046s][info][gc,task       ] GC(56) Using 1 of 1 workers for init marking
[233.047s][info][gc,ergo       ] GC(56) Pacer for Mark. Expected Live: 173M, Free: 855M, Non-Taxable: 87576K, Alloc Tax Rate: 0.2x
[233.047s][info][gc            ] GC(56) Pause Init Mark (process weakrefs) (unload classes) 0.991ms
[233.047s][info][gc,start      ] GC(56) Concurrent marking (process weakrefs) (unload classes)
[233.047s][info][gc,task       ] GC(56) Using 1 of 1 workers for concurrent marking
[233.229s][info][gc            ] GC(56) Concurrent marking (process weakrefs) (unload classes) 182.394ms
[233.229s][info][gc,start      ] GC(56) Concurrent precleaning
[233.229s][info][gc,task       ] GC(56) Using 1 of 1 workers for concurrent preclean
[233.229s][info][gc,ergo       ] GC(56) Pacer for Precleaning. Non-Taxable: 1988M
[233.230s][info][gc            ] GC(56) Concurrent precleaning 0.274ms
[233.230s][info][gc,start      ] GC(56) Pause Final Mark (process weakrefs) (unload classes)
[233.230s][info][gc,task       ] GC(56) Using 1 of 1 workers for final marking
[233.260s][info][gc,stringtable] GC(56) Cleaned string and symbol table, strings: 20264 processed, 0 removed, symbols: 140175 processed, 257 removed
[233.261s][info][gc,ergo       ] GC(56) Collectable Garbage: 847M (96%), Immediate: 847M (96%), CSet: 0B (0%)
[233.261s][info][gc            ] GC(56) Pause Final Mark (process weakrefs) (unload classes) 30.982ms
[233.261s][info][gc,start      ] GC(56) Concurrent cleanup
[233.261s][info][gc            ] GC(56) Concurrent cleanup 1018M->170M(1684M) 0.137ms
[233.261s][info][gc,ergo       ] GC(56) Free: 1716M, Max: 512K regular, 732M humongous, Frag: 58% external, 0% internal; Reserve: 101888K, Max: 512K
[233.261s][info][gc,ergo       ] Free: 1716M, Max: 512K regular, 732M humongous, Frag: 58% external, 0% internal; Reserve: 101888K, Max: 512K
[233.261s][info][gc,stats      ] 
[233.261s][info][gc,stats      ] All times are wall-clock times, except per-root-class counters, that are sum over
[233.261s][info][gc,stats      ] all workers. Dividing the <total> over the root stage time estimates parallelism.
[233.261s][info][gc,stats      ] 
[233.261s][info][gc,stats      ] Concurrent Reset                    916 us
[233.261s][info][gc,stats      ] Pause Init Mark (G)                1346 us
[233.261s][info][gc,stats      ] Pause Init Mark (N)                 982 us
[233.261s][info][gc,stats      ]   Accumulate Stats                   25 us
[233.261s][info][gc,stats      ]   Make Parsable                      25 us
[233.261s][info][gc,stats      ]   Update Region States               35 us
[233.261s][info][gc,stats      ]   Scan Roots                        867 us, parallelism: 0.71x
[233.261s][info][gc,stats      ]     S: <total>                      611 us
[233.261s][info][gc,stats      ]     S: Thread Roots                 488 us, workers (us): 488, 
[233.261s][info][gc,stats      ]     S: Universe Roots                 2 us, workers (us):   2, 
[233.261s][info][gc,stats      ]     S: JNI Handles Roots              1 us, workers (us):   1, 
[233.261s][info][gc,stats      ]     S: Synchronizer Roots             0 us, workers (us):   0, 
[233.261s][info][gc,stats      ]     S: Management Roots               1 us, workers (us):   1, 
[233.261s][info][gc,stats      ]     S: System Dict Roots             13 us, workers (us):  13, 
[233.261s][info][gc,stats      ]     S: CLDG Roots                   105 us, workers (us): 105, 
[233.261s][info][gc,stats      ]     S: JVMTI Roots                    0 us, workers (us):   0, 
[233.261s][info][gc,stats      ]   Resize TLABs                        9 us
[233.261s][info][gc,stats      ] Concurrent Marking               182387 us
[233.261s][info][gc,stats      ] Concurrent Precleaning              267 us
[233.261s][info][gc,stats      ] Pause Final Mark (G)              31174 us
[233.261s][info][gc,stats      ] Pause Final Mark (N)              30975 us
[233.261s][info][gc,stats      ]   Finish Queues                     152 us
[233.261s][info][gc,stats      ]   Weak References                    56 us
[233.261s][info][gc,stats      ]     Process                          54 us
[233.261s][info][gc,stats      ]   System Purge                      276 us
[233.261s][info][gc,stats      ]     Unload Classes                 1067 us
[233.261s][info][gc,stats      ]     Cleanup                       29011 us, parallelism: 1.00x
[233.261s][info][gc,stats      ]       CU: <total>                 28927 us
[233.261s][info][gc,stats      ]       CU: Code Cache Roots        13011 us, workers (us): 13011, 
[233.261s][info][gc,stats      ]       CU: Code Cache Cleaning      2144 us, workers (us): 2144, 
[233.261s][info][gc,stats      ]       CU: String Table Roots       6596 us, workers (us): 6596, 
[233.261s][info][gc,stats      ]       CU: Resolved Table Roots      136 us, workers (us): 136, 
[233.261s][info][gc,stats      ]       CU: CLDG Roots               7041 us, workers (us): 7041, 
[233.261s][info][gc,stats      ]     Weak Roots                      276 us
[233.261s][info][gc,stats      ]     CLDG                            271 us
[233.261s][info][gc,stats      ]   Update Region States               46 us
[233.261s][info][gc,stats      ]   Retire TLABs                       37 us
[233.261s][info][gc,stats      ]   Choose Collection Set              37 us
[233.261s][info][gc,stats      ]   Rebuild Free Set                   14 us
[233.261s][info][gc,stats      ] Concurrent Cleanup                  130 us
[233.261s][info][gc,stats      ] 
[233.261s][info][gc,stats      ] Allocation pacing accrued:
[233.261s][info][gc,stats      ]       0 of   711 ms (  0.0%): <total>
[233.261s][info][gc,stats      ]       0 of   711 ms (  0.0%): <average total>
[233.261s][info][gc,stats      ] 
[233.261s][info][gc,metaspace  ] Metaspace: 67578K->67100K(1110016K)
[233.261s][info][gc,ergo       ] Pacer for Idle. Initial: 40724K, Alloc Tax Rate: 1.0x
[233.261s][info][gc,start      ] Concurrent uncommit
[233.315s][info][gc            ] Concurrent uncommit 170M->170M(172M) 53.583ms
[234.329s][info][gc            ] Trigger: Learning 2 of 5. Free (1391M) is below initial threshold (1391M)
[234.329s][info][gc,ergo       ] Free: 1391M, Max: 512K regular, 732M humongous, Frag: 48% external, 0% internal; Reserve: 101888K, Max: 512K
[234.329s][info][gc,start      ] GC(57) Concurrent reset
[234.330s][info][gc,task       ] GC(57) Using 1 of 1 workers for concurrent reset
[234.330s][info][gc,ergo       ] GC(57) Pacer for Reset. Non-Taxable: 1988M
[234.330s][info][gc            ] GC(57) Concurrent reset 0.321ms
[234.332s][info][gc,start      ] GC(57) Pause Init Mark
[234.332s][info][gc,task       ] GC(57) Using 1 of 1 workers for init marking
[234.334s][info][gc,ergo       ] GC(57) Pacer for Mark. Expected Live: 163M, Free: 1391M, Non-Taxable: 139M, Alloc Tax Rate: 0.1x
[234.334s][info][gc            ] GC(57) Pause Init Mark 1.640ms
[234.334s][info][gc,start      ] GC(57) Concurrent marking
[234.334s][info][gc,task       ] GC(57) Using 1 of 1 workers for concurrent marking
[234.894s][info][gc            ] GC(57) Concurrent marking 559.978ms
[234.894s][info][gc,start      ] GC(57) Pause Final Mark
[234.894s][info][gc,task       ] GC(57) Using 1 of 1 workers for final marking
[234.894s][info][gc,ergo       ] GC(57) Adaptive CSet Selection. Target Free: 281M, Actual Free: 1419M, Max CSet: 84823K, Min Garbage: 0B
[234.895s][info][gc,ergo       ] GC(57) Collectable Garbage: 300M (99%), Immediate: 19612K (6%), CSet: 281M (92%)
[234.898s][info][gc,ergo       ] GC(57) Pacer for Evacuation. Used CSet: 321M, Free: 1324M, Non-Taxable: 132M, Alloc Tax Rate: 1.1x
[234.898s][info][gc            ] GC(57) Pause Final Mark 4.234ms
[234.898s][info][gc,start      ] GC(57) Concurrent cleanup
[234.898s][info][gc            ] GC(57) Concurrent cleanup 580M->562M(589M) 0.075ms
[234.898s][info][gc,ergo       ] GC(57) Free: 1324M, Max: 512K regular, 733M humongous, Frag: 45% external, 0% internal; Reserve: 101373K, Max: 512K
[234.898s][info][gc,start      ] GC(57) Concurrent evacuation
[234.899s][info][gc,task       ] GC(57) Using 1 of 1 workers for concurrent evacuation
[235.007s][info][gc            ] GC(57) Concurrent evacuation 108.151ms
[235.010s][info][gc,start      ] GC(57) Pause Init Update Refs
[235.010s][info][gc,ergo       ] GC(57) Pacer for Update Refs. Used: 620M, Free: 1307M, Non-Taxable: 130M, Alloc Tax Rate: 1.1x
[235.010s][info][gc            ] GC(57) Pause Init Update Refs 0.037ms
[235.010s][info][gc,start      ] GC(57) Concurrent update references
[235.010s][info][gc,task       ] GC(57) Using 1 of 1 workers for concurrent reference update
[235.410s][info][gc            ] GC(57) Concurrent update references 400.008ms
[235.414s][info][gc,start      ] GC(57) Pause Final Update Refs
[235.414s][info][gc,task       ] GC(57) Using 1 of 1 workers for final reference update
[235.415s][info][gc            ] GC(57) Pause Final Update Refs 0.588ms
[235.415s][info][gc,start      ] GC(57) Concurrent cleanup
[235.415s][info][gc            ] GC(57) Concurrent cleanup 683M->362M(687M) 0.096ms
[235.415s][info][gc,ergo       ] Free: 1524M, Max: 512K regular, 700M humongous, Frag: 55% external, 0% internal; Reserve: 101888K, Max: 512K
[235.415s][info][gc,stats      ] 
[235.415s][info][gc,stats      ] All times are wall-clock times, except per-root-class counters, that are sum over
[235.415s][info][gc,stats      ] all workers. Dividing the <total> over the root stage time estimates parallelism.
[235.415s][info][gc,stats      ] 
[235.415s][info][gc,stats      ] Concurrent Reset                    310 us
[235.415s][info][gc,stats      ] Pause Init Mark (G)                4013 us
[235.415s][info][gc,stats      ] Pause Init Mark (N)                1615 us
[235.415s][info][gc,stats      ]   Accumulate Stats                   33 us
[235.415s][info][gc,stats      ]   Make Parsable                      20 us
[235.415s][info][gc,stats      ]   Update Region States               46 us
[235.415s][info][gc,stats      ]   Scan Roots                       1474 us, parallelism: 0.84x
[235.415s][info][gc,stats      ]     S: <total>                     1237 us
[235.415s][info][gc,stats      ]     S: Thread Roots                 607 us, workers (us): 607, 
[235.415s][info][gc,stats      ]     S: Universe Roots                 2 us, workers (us):   2, 
[235.415s][info][gc,stats      ]     S: JNI Handles Roots              2 us, workers (us):   2, 
[235.415s][info][gc,stats      ]     S: Synchronizer Roots             0 us, workers (us):   0, 
[235.415s][info][gc,stats      ]     S: Management Roots               1 us, workers (us):   1, 
[235.415s][info][gc,stats      ]     S: System Dict Roots             11 us, workers (us):  11, 
[235.415s][info][gc,stats      ]     S: CLDG Roots                   613 us, workers (us): 613, 
[235.415s][info][gc,stats      ]     S: JVMTI Roots                    1 us, workers (us):   1, 
[235.415s][info][gc,stats      ]   Resize TLABs                       14 us
[235.415s][info][gc,stats      ] Concurrent Marking               559970 us
[235.415s][info][gc,stats      ] Pause Final Mark (G)               4493 us
[235.415s][info][gc,stats      ] Pause Final Mark (N)               4212 us
[235.415s][info][gc,stats      ]   Finish Queues                      18 us
[235.415s][info][gc,stats      ]   System Purge                      259 us
[235.415s][info][gc,stats      ]     Weak Roots                      258 us
[235.415s][info][gc,stats      ]   Update Region States               41 us
[235.415s][info][gc,stats      ]   Retire TLABs                       14 us
[235.415s][info][gc,stats      ]   Choose Collection Set             130 us
[235.415s][info][gc,stats      ]   Rebuild Free Set                   13 us
[235.415s][info][gc,stats      ]   Initial Evacuation               3726 us, parallelism: 0.74x
[235.415s][info][gc,stats      ]     E: <total>                     2775 us
[235.415s][info][gc,stats      ]     E: Thread Roots                 654 us, workers (us): 654, 
[235.415s][info][gc,stats      ]     E: Code Cache Roots            1408 us, workers (us): 1408, 
[235.415s][info][gc,stats      ]     E: Universe Roots                 1 us, workers (us):   1, 
[235.415s][info][gc,stats      ]     E: JNI Handles Roots              1 us, workers (us):   1, 
[235.415s][info][gc,stats      ]     E: Synchronizer Roots             0 us, workers (us):   0, 
[235.415s][info][gc,stats      ]     E: Management Roots               1 us, workers (us):   1, 
[235.415s][info][gc,stats      ]     E: System Dict Roots             35 us, workers (us):  35, 
[235.415s][info][gc,stats      ]     E: CLDG Roots                   675 us, workers (us): 675, 
[235.415s][info][gc,stats      ]     E: JVMTI Roots                    0 us, workers (us):   0, 
[235.415s][info][gc,stats      ] Concurrent Cleanup                   68 us
[235.415s][info][gc,stats      ] Concurrent Evacuation            108140 us
[235.415s][info][gc,stats      ] Pause Init  Update Refs (G)        3608 us
[235.415s][info][gc,stats      ] Pause Init  Update Refs (N)          17 us
[235.415s][info][gc,stats      ]   Retire GCLABs                      10 us
[235.415s][info][gc,stats      ] Concurrent Update Refs           399997 us
[235.415s][info][gc,stats      ] Pause Final Update Refs (G)        4128 us
[235.415s][info][gc,stats      ] Pause Final Update Refs (N)         552 us
[235.415s][info][gc,stats      ]   Update Roots                      481 us, parallelism: 0.99x
[235.415s][info][gc,stats      ]     UR: <total>                     475 us
[235.415s][info][gc,stats      ]     UR: Thread Roots                475 us, workers (us): 475, 
[235.415s][info][gc,stats      ]   Update Region States               43 us
[235.415s][info][gc,stats      ]   Trash Collection Set                4 us
[235.415s][info][gc,stats      ]   Rebuild Free Set                   13 us
[235.415s][info][gc,stats      ] Concurrent Cleanup                   89 us
[235.415s][info][gc,stats      ] 
[235.415s][info][gc,stats      ] Allocation pacing accrued:
[235.415s][info][gc,stats      ]       0 of  2154 ms (  0.0%): <total>
[235.415s][info][gc,stats      ]       0 of  2154 ms (  0.0%): <average total>
[235.415s][info][gc,stats      ] 
[235.415s][info][gc,metaspace  ] Metaspace: 67464K->67464K(1110016K)
[235.415s][info][gc,ergo       ] Pacer for Idle. Initial: 40724K, Alloc Tax Rate: 1.0x
[236.168s][info][gc            ] Trigger: Learning 3 of 5. Free (1391M) is below initial threshold (1391M)
[236.168s][info][gc,ergo       ] Free: 1392M, Max: 512K regular, 700M humongous, Frag: 50% external, 0% internal; Reserve: 101888K, Max: 512K
[236.168s][info][gc,start      ] GC(58) Concurrent reset
[236.168s][info][gc,task       ] GC(58) Using 1 of 1 workers for concurrent reset
[236.168s][info][gc,ergo       ] GC(58) Pacer for Reset. Non-Taxable: 1988M
[236.169s][info][gc            ] GC(58) Concurrent reset 0.756ms
[236.172s][info][gc,start      ] GC(58) Pause Init Mark
[236.172s][info][gc,task       ] GC(58) Using 1 of 1 workers for init marking
[236.173s][info][gc,ergo       ] GC(58) Pacer for Mark. Expected Live: 169M, Free: 1392M, Non-Taxable: 139M, Alloc Tax Rate: 0.1x
[236.173s][info][gc            ] GC(58) Pause Init Mark 1.645ms
[236.173s][info][gc,start      ] GC(58) Concurrent marking
[236.173s][info][gc,task       ] GC(58) Using 1 of 1 workers for concurrent marking
[236.841s][info][gc            ] GC(58) Concurrent marking 668.216ms
[236.842s][info][gc,start      ] GC(58) Pause Final Mark
[236.842s][info][gc,task       ] GC(58) Using 1 of 1 workers for final marking
[236.842s][info][gc,ergo       ] GC(58) Adaptive CSet Selection. Target Free: 281M, Actual Free: 1414M, Max CSet: 84823K, Min Garbage: 0B
[236.842s][info][gc,ergo       ] GC(58) Collectable Garbage: 314M (98%), Immediate: 43591K (13%), CSet: 272M (85%)
[236.844s][info][gc,ergo       ] GC(58) Pacer for Evacuation. Used CSet: 290M, Free: 1317M, Non-Taxable: 131M, Alloc Tax Rate: 1.1x
[236.844s][info][gc            ] GC(58) Pause Final Mark 2.577ms
[236.844s][info][gc,start      ] GC(58) Concurrent cleanup
[236.844s][info][gc            ] GC(58) Concurrent cleanup 609M->567M(687M) 0.078ms
[236.844s][info][gc,ergo       ] GC(58) Free: 1317M, Max: 512K regular, 722M humongous, Frag: 46% external, 0% internal; Reserve: 101881K, Max: 512K
[236.844s][info][gc,start      ] GC(58) Concurrent evacuation
[236.844s][info][gc,task       ] GC(58) Using 1 of 1 workers for concurrent evacuation
[236.906s][info][gc            ] GC(58) Concurrent evacuation 61.898ms
[236.909s][info][gc,start      ] GC(58) Pause Init Update Refs
[236.909s][info][gc,ergo       ] GC(58) Pacer for Update Refs. Used: 598M, Free: 1304M, Non-Taxable: 130M, Alloc Tax Rate: 1.1x
[236.909s][info][gc            ] GC(58) Pause Init Update Refs 0.031ms
[236.909s][info][gc,start      ] GC(58) Concurrent update references
[236.909s][info][gc,task       ] GC(58) Using 1 of 1 workers for concurrent reference update
[237.338s][info][gc            ] GC(58) Concurrent update references 429.663ms
[237.341s][info][gc,start      ] GC(58) Pause Final Update Refs
[237.341s][info][gc,task       ] GC(58) Using 1 of 1 workers for final reference update
[237.341s][info][gc            ] GC(58) Pause Final Update Refs 0.577ms
[237.344s][info][gc,start      ] GC(58) Concurrent cleanup
[237.344s][info][gc            ] GC(58) Concurrent cleanup 678M->388M(696M) 0.115ms
[237.344s][info][gc,ergo       ] Free: 1495M, Max: 512K regular, 713M humongous, Frag: 53% external, 0% internal; Reserve: 101888K, Max: 512K
[237.344s][info][gc,stats      ] 
[237.344s][info][gc,stats      ] All times are wall-clock times, except per-root-class counters, that are sum over
[237.344s][info][gc,stats      ] all workers. Dividing the <total> over the root stage time estimates parallelism.
[237.344s][info][gc,stats      ] 
[237.344s][info][gc,stats      ] Concurrent Reset                    743 us
[237.344s][info][gc,stats      ] Pause Init Mark (G)                4078 us
[237.344s][info][gc,stats      ] Pause Init Mark (N)                1618 us
[237.344s][info][gc,stats      ]   Accumulate Stats                   23 us
[237.344s][info][gc,stats      ]   Make Parsable                      16 us
[237.344s][info][gc,stats      ]   Update Region States               41 us
[237.344s][info][gc,stats      ]   Scan Roots                       1483 us, parallelism: 0.83x
[237.344s][info][gc,stats      ]     S: <total>                     1234 us
[237.344s][info][gc,stats      ]     S: Thread Roots                 618 us, workers (us): 618, 
[237.344s][info][gc,stats      ]     S: Universe Roots                 2 us, workers (us):   2, 
[237.344s][info][gc,stats      ]     S: JNI Handles Roots              1 us, workers (us):   1, 
[237.344s][info][gc,stats      ]     S: Synchronizer Roots             0 us, workers (us):   0, 
[237.344s][info][gc,stats      ]     S: Management Roots               1 us, workers (us):   1, 
[237.344s][info][gc,stats      ]     S: System Dict Roots             25 us, workers (us):  25, 
[237.344s][info][gc,stats      ]     S: CLDG Roots                   585 us, workers (us): 585, 
[237.344s][info][gc,stats      ]     S: JVMTI Roots                    1 us, workers (us):   1, 
[237.344s][info][gc,stats      ]   Resize TLABs                       19 us
[237.344s][info][gc,stats      ] Concurrent Marking               668209 us
[237.344s][info][gc,stats      ] Pause Final Mark (G)               2765 us
[237.344s][info][gc,stats      ] Pause Final Mark (N)               2563 us
[237.344s][info][gc,stats      ]   Finish Queues                      26 us
[237.344s][info][gc,stats      ]   System Purge                      246 us
[237.344s][info][gc,stats      ]     Weak Roots                      246 us
[237.344s][info][gc,stats      ]   Update Region States               42 us
[237.344s][info][gc,stats      ]   Retire TLABs                       17 us
[237.344s][info][gc,stats      ]   Choose Collection Set             125 us
[237.344s][info][gc,stats      ]   Rebuild Free Set                   15 us
[237.344s][info][gc,stats      ]   Initial Evacuation               2086 us, parallelism: 0.69x
[237.344s][info][gc,stats      ]     E: <total>                     1435 us
[237.344s][info][gc,stats      ]     E: Thread Roots                 540 us, workers (us): 540, 
[237.344s][info][gc,stats      ]     E: Code Cache Roots             386 us, workers (us): 386, 
[237.344s][info][gc,stats      ]     E: Universe Roots                 1 us, workers (us):   1, 
[237.344s][info][gc,stats      ]     E: JNI Handles Roots              1 us, workers (us):   1, 
[237.344s][info][gc,stats      ]     E: Synchronizer Roots             0 us, workers (us):   0, 
[237.344s][info][gc,stats      ]     E: Management Roots               1 us, workers (us):   1, 
[237.344s][info][gc,stats      ]     E: System Dict Roots             11 us, workers (us):  11, 
[237.344s][info][gc,stats      ]     E: CLDG Roots                   494 us, workers (us): 494, 
[237.344s][info][gc,stats      ]     E: JVMTI Roots                    0 us, workers (us):   0, 
[237.344s][info][gc,stats      ] Concurrent Cleanup                   70 us
[237.344s][info][gc,stats      ] Concurrent Evacuation             61888 us
[237.344s][info][gc,stats      ] Pause Init  Update Refs (G)        2366 us
[237.344s][info][gc,stats      ] Pause Init  Update Refs (N)          19 us
[237.344s][info][gc,stats      ]   Retire GCLABs                      12 us
[237.344s][info][gc,stats      ] Concurrent Update Refs           429652 us
[237.344s][info][gc,stats      ] Pause Final Update Refs (G)        5323 us
[237.344s][info][gc,stats      ] Pause Final Update Refs (N)         551 us
[237.344s][info][gc,stats      ]   Update Roots                      485 us, parallelism: 0.98x
[237.344s][info][gc,stats      ]     UR: <total>                     477 us
[237.344s][info][gc,stats      ]     UR: Thread Roots                477 us, workers (us): 477, 
[237.344s][info][gc,stats      ]   Update Region States               41 us
[237.344s][info][gc,stats      ]   Trash Collection Set                4 us
[237.344s][info][gc,stats      ]   Rebuild Free Set                   13 us
[237.344s][info][gc,stats      ] Concurrent Cleanup                   89 us
[237.344s][info][gc,stats      ] 
[237.344s][info][gc,stats      ] Allocation pacing accrued:
[237.344s][info][gc,stats      ]       0 of  1929 ms (  0.0%): <total>
[237.344s][info][gc,stats      ]       0 of  1929 ms (  0.0%): <average total>
[237.344s][info][gc,stats      ] 
[237.344s][info][gc,metaspace  ] Metaspace: 67472K->67483K(1110016K)
[237.344s][info][gc,ergo       ] Pacer for Idle. Initial: 40724K, Alloc Tax Rate: 1.0x
[237.618s][info][gc            ] Trigger: Learning 4 of 5. Free (1391M) is below initial threshold (1391M)
[237.619s][info][gc,ergo       ] Free: 1392M, Max: 512K regular, 713M humongous, Frag: 49% external, 0% internal; Reserve: 101888K, Max: 512K
[237.619s][info][gc,start      ] GC(59) Concurrent reset
[237.619s][info][gc,task       ] GC(59) Using 1 of 1 workers for concurrent reset
[237.619s][info][gc,ergo       ] GC(59) Pacer for Reset. Non-Taxable: 1988M
[237.619s][info][gc            ] GC(59) Concurrent reset 0.714ms
[237.622s][info][gc,start      ] GC(59) Pause Init Mark
[237.622s][info][gc,task       ] GC(59) Using 1 of 1 workers for init marking
[237.623s][info][gc,ergo       ] GC(59) Pacer for Mark. Expected Live: 168M, Free: 1392M, Non-Taxable: 139M, Alloc Tax Rate: 0.1x
[237.623s][info][gc            ] GC(59) Pause Init Mark 1.554ms
[237.623s][info][gc,start      ] GC(59) Concurrent marking
[237.623s][info][gc,task       ] GC(59) Using 1 of 1 workers for concurrent marking
[238.197s][info][gc            ] GC(59) Concurrent marking 573.504ms
[238.199s][info][gc,start      ] GC(59) Pause Final Mark
[238.199s][info][gc,task       ] GC(59) Using 1 of 1 workers for final marking
[238.200s][info][gc,ergo       ] GC(59) Adaptive CSet Selection. Target Free: 281M, Actual Free: 1426M, Max CSet: 84823K, Min Garbage: 0B
[238.200s][info][gc,ergo       ] GC(59) Collectable Garbage: 299M (99%), Immediate: 39424K (12%), CSet: 261M (86%)
[238.202s][info][gc,ergo       ] GC(59) Pacer for Evacuation. Used CSet: 302M, Free: 1330M, Non-Taxable: 133M, Alloc Tax Rate: 1.1x
[238.202s][info][gc            ] GC(59) Pause Final Mark 2.697ms
[238.202s][info][gc,start      ] GC(59) Concurrent cleanup
[238.202s][info][gc            ] GC(59) Concurrent cleanup 594M->556M(696M) 0.078ms
[238.202s][info][gc,ergo       ] GC(59) Free: 1330M, Max: 512K regular, 735M humongous, Frag: 45% external, 0% internal; Reserve: 101881K, Max: 512K
[238.202s][info][gc,start      ] GC(59) Concurrent evacuation
[238.202s][info][gc,task       ] GC(59) Using 1 of 1 workers for concurrent evacuation
[238.290s][info][gc            ] GC(59) Concurrent evacuation 87.940ms
[238.292s][info][gc,start      ] GC(59) Pause Init Update Refs
[238.292s][info][gc,ergo       ] GC(59) Pacer for Update Refs. Used: 609M, Free: 1318M, Non-Taxable: 131M, Alloc Tax Rate: 1.1x
[238.292s][info][gc            ] GC(59) Pause Init Update Refs 0.030ms
[238.292s][info][gc,start      ] GC(59) Concurrent update references
[238.292s][info][gc,task       ] GC(59) Using 1 of 1 workers for concurrent reference update
[238.742s][info][gc            ] GC(59) Concurrent update references 449.502ms
[238.744s][info][gc,start      ] GC(59) Pause Final Update Refs
[238.744s][info][gc,task       ] GC(59) Using 1 of 1 workers for final reference update
[238.745s][info][gc            ] GC(59) Pause Final Update Refs 0.588ms
[238.745s][info][gc,start      ] GC(59) Concurrent cleanup
[238.745s][info][gc            ] GC(59) Concurrent cleanup 672M->370M(696M) 0.094ms
[238.745s][info][gc,ergo       ] Free: 1516M, Max: 512K regular, 699M humongous, Frag: 54% external, 0% internal; Reserve: 101888K, Max: 512K
[238.745s][info][gc,stats      ] 
[238.745s][info][gc,stats      ] All times are wall-clock times, except per-root-class counters, that are sum over
[238.745s][info][gc,stats      ] all workers. Dividing the <total> over the root stage time estimates parallelism.
[238.745s][info][gc,stats      ] 
[238.745s][info][gc,stats      ] Concurrent Reset                    704 us
[238.745s][info][gc,stats      ] Pause Init Mark (G)                3944 us
[238.745s][info][gc,stats      ] Pause Init Mark (N)                1531 us
[238.745s][info][gc,stats      ]   Accumulate Stats                   23 us
[238.745s][info][gc,stats      ]   Make Parsable                      17 us
[238.745s][info][gc,stats      ]   Update Region States               44 us
[238.745s][info][gc,stats      ]   Scan Roots                       1408 us, parallelism: 0.83x
[238.745s][info][gc,stats      ]     S: <total>                     1164 us
[238.745s][info][gc,stats      ]     S: Thread Roots                 564 us, workers (us): 564, 
[238.745s][info][gc,stats      ]     S: Universe Roots                 2 us, workers (us):   2, 
[238.745s][info][gc,stats      ]     S: JNI Handles Roots              1 us, workers (us):   1, 
[238.745s][info][gc,stats      ]     S: Synchronizer Roots             0 us, workers (us):   0, 
[238.745s][info][gc,stats      ]     S: Management Roots               1 us, workers (us):   1, 
[238.745s][info][gc,stats      ]     S: System Dict Roots             11 us, workers (us):  11, 
[238.745s][info][gc,stats      ]     S: CLDG Roots                   583 us, workers (us): 583, 
[238.745s][info][gc,stats      ]     S: JVMTI Roots                    1 us, workers (us):   1, 
[238.745s][info][gc,stats      ]   Resize TLABs                       15 us
[238.745s][info][gc,stats      ] Concurrent Marking               573497 us
[238.745s][info][gc,stats      ] Pause Final Mark (G)               4687 us
[238.745s][info][gc,stats      ] Pause Final Mark (N)               2644 us
[238.745s][info][gc,stats      ]   Finish Queues                      35 us
[238.745s][info][gc,stats      ]   System Purge                      271 us
[238.745s][info][gc,stats      ]     Weak Roots                      270 us
[238.745s][info][gc,stats      ]   Update Region States               42 us
[238.745s][info][gc,stats      ]   Retire TLABs                       16 us
[238.745s][info][gc,stats      ]   Choose Collection Set             126 us
[238.745s][info][gc,stats      ]   Rebuild Free Set                   14 us
[238.745s][info][gc,stats      ]   Initial Evacuation               2130 us, parallelism: 0.66x
[238.745s][info][gc,stats      ]     E: <total>                     1396 us
[238.745s][info][gc,stats      ]     E: Thread Roots                 575 us, workers (us): 575, 
[238.745s][info][gc,stats      ]     E: Code Cache Roots             320 us, workers (us): 320, 
[238.745s][info][gc,stats      ]     E: Universe Roots                 1 us, workers (us):   1, 
[238.745s][info][gc,stats      ]     E: JNI Handles Roots              1 us, workers (us):   1, 
[238.745s][info][gc,stats      ]     E: Synchronizer Roots             0 us, workers (us):   0, 
[238.745s][info][gc,stats      ]     E: Management Roots               1 us, workers (us):   1, 
[238.745s][info][gc,stats      ]     E: System Dict Roots             11 us, workers (us):  11, 
[238.745s][info][gc,stats      ]     E: CLDG Roots                   487 us, workers (us): 487, 
[238.745s][info][gc,stats      ]     E: JVMTI Roots                    1 us, workers (us):   1, 
[238.745s][info][gc,stats      ] Concurrent Cleanup                   70 us
[238.745s][info][gc,stats      ] Concurrent Evacuation             87930 us
[238.745s][info][gc,stats      ] Pause Init  Update Refs (G)        2361 us
[238.745s][info][gc,stats      ] Pause Init  Update Refs (N)          17 us
[238.745s][info][gc,stats      ]   Retire GCLABs                      11 us
[238.745s][info][gc,stats      ] Concurrent Update Refs           449492 us
[238.745s][info][gc,stats      ] Pause Final Update Refs (G)        2998 us
[238.745s][info][gc,stats      ] Pause Final Update Refs (N)         548 us
[238.745s][info][gc,stats      ]   Update Roots                      478 us, parallelism: 0.98x
[238.745s][info][gc,stats      ]     UR: <total>                     469 us
[238.745s][info][gc,stats      ]     UR: Thread Roots                469 us, workers (us): 469, 
[238.745s][info][gc,stats      ]   Update Region States               41 us
[238.745s][info][gc,stats      ]   Trash Collection Set                4 us
[238.745s][info][gc,stats      ]   Rebuild Free Set                   14 us
[238.745s][info][gc,stats      ] Concurrent Cleanup                   88 us
[238.745s][info][gc,stats      ] 
[238.745s][info][gc,stats      ] Allocation pacing accrued:
[238.745s][info][gc,stats      ]       0 of  1401 ms (  0.0%): <total>
[238.745s][info][gc,stats      ]       0 of  1401 ms (  0.0%): <average total>
[238.745s][info][gc,stats      ] 
[238.745s][info][gc,metaspace  ] Metaspace: 67483K->67483K(1110016K)
[238.745s][info][gc,ergo       ] Pacer for Idle. Initial: 40724K, Alloc Tax Rate: 1.0x
[239.471s][info][gc            ] Trigger: Learning 5 of 5. Free (1391M) is below initial threshold (1391M)
[239.471s][info][gc,ergo       ] Free: 1391M, Max: 512K regular, 699M humongous, Frag: 50% external, 0% internal; Reserve: 101888K, Max: 512K
[239.471s][info][gc,start      ] GC(60) Concurrent reset
[239.471s][info][gc,task       ] GC(60) Using 1 of 1 workers for concurrent reset
[239.471s][info][gc,ergo       ] GC(60) Pacer for Reset. Non-Taxable: 1988M
[239.472s][info][gc            ] GC(60) Concurrent reset 0.725ms
[239.475s][info][gc,start      ] GC(60) Pause Init Mark (process weakrefs)
[239.475s][info][gc,task       ] GC(60) Using 1 of 1 workers for init marking
[239.476s][info][gc,ergo       ] GC(60) Pacer for Mark. Expected Live: 175M, Free: 1391M, Non-Taxable: 139M, Alloc Tax Rate: 0.2x
[239.476s][info][gc            ] GC(60) Pause Init Mark (process weakrefs) 1.638ms
[239.476s][info][gc,start      ] GC(60) Concurrent marking (process weakrefs)
[239.476s][info][gc,task       ] GC(60) Using 1 of 1 workers for concurrent marking
[239.853s][info][gc            ] GC(60) Concurrent marking (process weakrefs) 377.079ms
[239.853s][info][gc,start      ] GC(60) Concurrent precleaning
[239.853s][info][gc,task       ] GC(60) Using 1 of 1 workers for concurrent preclean
[239.853s][info][gc,ergo       ] GC(60) Pacer for Precleaning. Non-Taxable: 1988M
[239.854s][info][gc            ] GC(60) Concurrent precleaning 0.536ms
[239.854s][info][gc,start      ] GC(60) Pause Final Mark (process weakrefs)
[239.854s][info][gc,task       ] GC(60) Using 1 of 1 workers for final marking
[239.854s][info][gc,ergo       ] GC(60) Collectable Garbage: 326M (93%), Immediate: 326M (93%), CSet: 0B (0%)
[239.855s][info][gc            ] GC(60) Pause Final Mark (process weakrefs) 0.412ms
[239.855s][info][gc,start      ] GC(60) Concurrent cleanup
[239.855s][info][gc            ] GC(60) Concurrent cleanup 555M->229M(696M) 0.095ms
[239.855s][info][gc,ergo       ] GC(60) Free: 1656M, Max: 512K regular, 738M humongous, Frag: 56% external, 0% internal; Reserve: 101888K, Max: 512K
[239.855s][info][gc,ergo       ] Free: 1656M, Max: 512K regular, 738M humongous, Frag: 56% external, 0% internal; Reserve: 101888K, Max: 512K
[239.855s][info][gc,stats      ] 
[239.855s][info][gc,stats      ] All times are wall-clock times, except per-root-class counters, that are sum over
[239.855s][info][gc,stats      ] all workers. Dividing the <total> over the root stage time estimates parallelism.
[239.855s][info][gc,stats      ] 
[239.855s][info][gc,stats      ] Concurrent Reset                    713 us
[239.855s][info][gc,stats      ] Pause Init Mark (G)                4034 us
[239.855s][info][gc,stats      ] Pause Init Mark (N)                1617 us
[239.855s][info][gc,stats      ]   Accumulate Stats                   23 us
[239.855s][info][gc,stats      ]   Make Parsable                      18 us
[239.855s][info][gc,stats      ]   Update Region States               43 us
[239.855s][info][gc,stats      ]   Scan Roots                       1480 us, parallelism: 0.84x
[239.855s][info][gc,stats      ]     S: <total>                     1239 us
[239.855s][info][gc,stats      ]     S: Thread Roots                 589 us, workers (us): 589, 
[239.855s][info][gc,stats      ]     S: Universe Roots                 2 us, workers (us):   2, 
[239.855s][info][gc,stats      ]     S: JNI Handles Roots              2 us, workers (us):   2, 
[239.855s][info][gc,stats      ]     S: Synchronizer Roots             0 us, workers (us):   0, 
[239.855s][info][gc,stats      ]     S: Management Roots               1 us, workers (us):   1, 
[239.855s][info][gc,stats      ]     S: System Dict Roots             11 us, workers (us):  11, 
[239.855s][info][gc,stats      ]     S: CLDG Roots                   633 us, workers (us): 633, 
[239.855s][info][gc,stats      ]     S: JVMTI Roots                    1 us, workers (us):   1, 
[239.855s][info][gc,stats      ]   Resize TLABs                       21 us
[239.855s][info][gc,stats      ] Concurrent Marking               377072 us
[239.855s][info][gc,stats      ] Concurrent Precleaning              526 us
[239.855s][info][gc,stats      ] Pause Final Mark (G)                627 us
[239.855s][info][gc,stats      ] Pause Final Mark (N)                406 us
[239.855s][info][gc,stats      ]   Finish Queues                      17 us
[239.855s][info][gc,stats      ]   Weak References                    20 us
[239.855s][info][gc,stats      ]     Process                          18 us
[239.855s][info][gc,stats      ]   System Purge                      271 us
[239.855s][info][gc,stats      ]     Weak Roots                      270 us
[239.855s][info][gc,stats      ]   Update Region States               43 us
[239.855s][info][gc,stats      ]   Retire TLABs                       16 us
[239.855s][info][gc,stats      ]   Choose Collection Set              20 us
[239.855s][info][gc,stats      ]   Rebuild Free Set                   14 us
[239.855s][info][gc,stats      ] Concurrent Cleanup                   89 us
[239.855s][info][gc,stats      ] 
[239.855s][info][gc,stats      ] Allocation pacing accrued:
[239.855s][info][gc,stats      ]       0 of  1110 ms (  0.0%): <total>
[239.855s][info][gc,stats      ]       0 of  1110 ms (  0.0%): <average total>
[239.855s][info][gc,stats      ] 
[239.855s][info][gc,metaspace  ] Metaspace: 67484K->67484K(1110016K)
[239.855s][info][gc,ergo       ] Pacer for Idle. Initial: 40724K, Alloc Tax Rate: 1.0x
[245.075s][info][gc            ] Trigger: Average GC time (797.34 ms) is above the time for allocation rate (253 MB/s) to deplete free headroom (201M)
[245.075s][info][gc,ergo       ] Free headroom: 300M (free) - 101788K (spike) - 0B (penalties) = 201M
[245.075s][info][gc,ergo       ] Free: 301M, Max: 512K regular, 301M humongous, Frag: 0% external, 0% internal; Reserve: 101888K, Max: 512K
[245.075s][info][gc,start      ] GC(61) Concurrent reset
[245.075s][info][gc,task       ] GC(61) Using 1 of 1 workers for concurrent reset
[245.075s][info][gc,ergo       ] GC(61) Pacer for Reset. Non-Taxable: 1988M
[245.075s][info][gc            ] GC(61) Concurrent reset 0.328ms
[245.077s][info][gc,start      ] GC(61) Pause Init Mark
[245.077s][info][gc,task       ] GC(61) Using 1 of 1 workers for init marking
[245.079s][info][gc,ergo       ] GC(61) Pacer for Mark. Expected Live: 166M, Free: 301M, Non-Taxable: 30822K, Alloc Tax Rate: 0.7x
[245.079s][info][gc            ] GC(61) Pause Init Mark 1.568ms
[245.079s][info][gc,start      ] GC(61) Concurrent marking
[245.079s][info][gc,task       ] GC(61) Using 1 of 1 workers for concurrent marking
[245.484s][info][gc            ] GC(61) Concurrent marking 404.734ms
[245.484s][info][gc,start      ] GC(61) Pause Final Mark
[245.484s][info][gc,task       ] GC(61) Using 1 of 1 workers for final marking
[245.484s][info][gc,ergo       ] GC(61) Adaptive CSet Selection. Target Free: 281M, Actual Free: 1571M, Max CSet: 84823K, Min Garbage: 0B
[245.484s][info][gc,ergo       ] GC(61) Collectable Garbage: 1386M (99%), Immediate: 1222M (87%), CSet: 164M (11%)
[245.487s][info][gc,ergo       ] GC(61) Pacer for Evacuation. Used CSet: 195M, Free: 1491M, Non-Taxable: 149M, Alloc Tax Rate: 1.1x
[245.487s][info][gc            ] GC(61) Pause Final Mark 2.827ms
[245.487s][info][gc,start      ] GC(61) Concurrent cleanup
[245.487s][info][gc            ] GC(61) Concurrent cleanup 1618M->395M(1685M) 0.194ms
[245.487s][info][gc,ergo       ] GC(61) Free: 1491M, Max: 512K regular, 341M humongous, Frag: 78% external, 0% internal; Reserve: 101873K, Max: 512K
[245.487s][info][gc,start      ] GC(61) Concurrent evacuation
[245.487s][info][gc,task       ] GC(61) Using 1 of 1 workers for concurrent evacuation
[245.580s][info][gc            ] GC(61) Concurrent evacuation 93.046ms
[245.584s][info][gc,start      ] GC(61) Pause Init Update Refs
[245.584s][info][gc,ergo       ] GC(61) Pacer for Update Refs. Used: 439M, Free: 1479M, Non-Taxable: 147M, Alloc Tax Rate: 1.1x
[245.584s][info][gc            ] GC(61) Pause Init Update Refs 0.038ms
[245.584s][info][gc,start      ] GC(61) Concurrent update references
[245.584s][info][gc,task       ] GC(61) Using 1 of 1 workers for concurrent reference update
[245.876s][info][gc            ] GC(61) Concurrent update references 292.751ms
[245.883s][info][gc,start      ] GC(61) Pause Final Update Refs
[245.883s][info][gc,task       ] GC(61) Using 1 of 1 workers for final reference update
[245.884s][info][gc            ] GC(61) Pause Final Update Refs 0.737ms
[245.884s][info][gc,start      ] GC(61) Concurrent cleanup
[245.884s][info][gc            ] GC(61) Concurrent cleanup 488M->293M(1685M) 0.091ms
[245.884s][info][gc,ergo       ] Free: 1593M, Max: 512K regular, 712M humongous, Frag: 56% external, 0% internal; Reserve: 101888K, Max: 512K
[245.884s][info][gc,stats      ] 
[245.884s][info][gc,stats      ] All times are wall-clock times, except per-root-class counters, that are sum over
[245.884s][info][gc,stats      ] all workers. Dividing the <total> over the root stage time estimates parallelism.
[245.884s][info][gc,stats      ] 
[245.884s][info][gc,stats      ] Concurrent Reset                    317 us
[245.884s][info][gc,stats      ] Pause Init Mark (G)                3940 us
[245.884s][info][gc,stats      ] Pause Init Mark (N)                1548 us
[245.884s][info][gc,stats      ]   Accumulate Stats                   35 us
[245.884s][info][gc,stats      ]   Make Parsable                      17 us
[245.884s][info][gc,stats      ]   Update Region States               42 us
[245.884s][info][gc,stats      ]   Scan Roots                       1416 us, parallelism: 0.83x
[245.884s][info][gc,stats      ]     S: <total>                     1174 us
[245.884s][info][gc,stats      ]     S: Thread Roots                 583 us, workers (us): 583, 
[245.884s][info][gc,stats      ]     S: Universe Roots                 2 us, workers (us):   2, 
[245.884s][info][gc,stats      ]     S: JNI Handles Roots              1 us, workers (us):   1, 
[245.884s][info][gc,stats      ]     S: Synchronizer Roots             0 us, workers (us):   0, 
[245.884s][info][gc,stats      ]     S: Management Roots               2 us, workers (us):   2, 
[245.884s][info][gc,stats      ]     S: System Dict Roots             11 us, workers (us):  11, 
[245.884s][info][gc,stats      ]     S: CLDG Roots                   575 us, workers (us): 575, 
[245.884s][info][gc,stats      ]     S: JVMTI Roots                    1 us, workers (us):   1, 
[245.884s][info][gc,stats      ]   Resize TLABs                       13 us
[245.884s][info][gc,stats      ] Concurrent Marking               404727 us
[245.884s][info][gc,stats      ] Pause Final Mark (G)               3026 us
[245.884s][info][gc,stats      ] Pause Final Mark (N)               2813 us
[245.884s][info][gc,stats      ]   Finish Queues                      19 us
[245.884s][info][gc,stats      ]   System Purge                      248 us
[245.884s][info][gc,stats      ]     Weak Roots                      247 us
[245.884s][info][gc,stats      ]   Update Region States               47 us
[245.884s][info][gc,stats      ]   Retire TLABs                       14 us
[245.884s][info][gc,stats      ]   Choose Collection Set             108 us
[245.884s][info][gc,stats      ]   Rebuild Free Set                   13 us
[245.884s][info][gc,stats      ]   Initial Evacuation               2356 us, parallelism: 0.72x
[245.884s][info][gc,stats      ]     E: <total>                     1707 us
[245.884s][info][gc,stats      ]     E: Thread Roots                 866 us, workers (us): 866, 
[245.884s][info][gc,stats      ]     E: Code Cache Roots             340 us, workers (us): 340, 
[245.884s][info][gc,stats      ]     E: Universe Roots                 1 us, workers (us):   1, 
[245.884s][info][gc,stats      ]     E: JNI Handles Roots              1 us, workers (us):   1, 
[245.884s][info][gc,stats      ]     E: Synchronizer Roots             0 us, workers (us):   0, 
[245.884s][info][gc,stats      ]     E: Management Roots               1 us, workers (us):   1, 
[245.884s][info][gc,stats      ]     E: System Dict Roots             10 us, workers (us):  10, 
[245.884s][info][gc,stats      ]     E: CLDG Roots                   488 us, workers (us): 488, 
[245.884s][info][gc,stats      ]     E: JVMTI Roots                    0 us, workers (us):   0, 
[245.884s][info][gc,stats      ] Concurrent Cleanup                  185 us
[245.884s][info][gc,stats      ] Concurrent Evacuation             93037 us
[245.884s][info][gc,stats      ] Pause Init  Update Refs (G)        3545 us
[245.884s][info][gc,stats      ] Pause Init  Update Refs (N)          18 us
[245.884s][info][gc,stats      ]   Retire GCLABs                       9 us
[245.884s][info][gc,stats      ] Concurrent Update Refs           292740 us
[245.884s][info][gc,stats      ] Pause Final Update Refs (G)        7339 us
[245.884s][info][gc,stats      ] Pause Final Update Refs (N)         644 us
[245.884s][info][gc,stats      ]   Update Roots                      564 us, parallelism: 0.98x
[245.884s][info][gc,stats      ]     UR: <total>                     553 us
[245.884s][info][gc,stats      ]     UR: Thread Roots                553 us, workers (us): 553, 
[245.884s][info][gc,stats      ]   Update Region States               48 us
[245.884s][info][gc,stats      ]   Trash Collection Set                4 us
[245.884s][info][gc,stats      ]   Rebuild Free Set                   13 us
[245.884s][info][gc,stats      ] Concurrent Cleanup                   82 us
[245.884s][info][gc,stats      ] Pacing                           101743 us
[245.884s][info][gc,stats      ] 
[245.884s][info][gc,stats      ] Allocation pacing accrued:
[245.884s][info][gc,stats      ]     102 of  6029 ms (  1.7%): Executor task launch worker for task 1.0 in stage 80.0 (TID 115)
[245.884s][info][gc,stats      ]     102 of  6029 ms (  1.7%): <total>
[245.884s][info][gc,stats      ]       0 of  6029 ms (  0.0%): <average total>
[245.884s][info][gc,stats      ]     102 of  6029 ms (  1.7%): <average non-zero>
[245.884s][info][gc,stats      ] 
[245.884s][info][gc,metaspace  ] Metaspace: 67502K->67502K(1110016K)
[245.884s][info][gc,ergo       ] Pacer for Idle. Initial: 40724K, Alloc Tax Rate: 1.0x
[250.506s][info][gc            ] Trigger: Average GC time (915.91 ms) is above the time for allocation rate (253 MB/s) to deplete free headroom (231M)
[250.506s][info][gc,ergo       ] Free headroom: 331M (free) - 101788K (spike) - 0B (penalties) = 231M
[250.506s][info][gc,ergo       ] Free: 331M, Max: 512K regular, 220M humongous, Frag: 34% external, 0% internal; Reserve: 101888K, Max: 512K
[250.506s][info][gc,start      ] GC(62) Concurrent reset
[250.506s][info][gc,task       ] GC(62) Using 1 of 1 workers for concurrent reset
[250.506s][info][gc,ergo       ] GC(62) Pacer for Reset. Non-Taxable: 1988M
[250.506s][info][gc            ] GC(62) Concurrent reset 0.586ms
[250.509s][info][gc,start      ] GC(62) Pause Init Mark
[250.509s][info][gc,task       ] GC(62) Using 1 of 1 workers for init marking
[250.511s][info][gc,ergo       ] GC(62) Pacer for Mark. Expected Live: 173M, Free: 331M, Non-Taxable: 33945K, Alloc Tax Rate: 0.6x
[250.511s][info][gc            ] GC(62) Pause Init Mark 1.554ms
[250.511s][info][gc,start      ] GC(62) Concurrent marking
[250.511s][info][gc,task       ] GC(62) Using 1 of 1 workers for concurrent marking
[250.896s][info][gc            ] GC(62) Concurrent marking 384.636ms
[250.896s][info][gc,start      ] GC(62) Pause Final Mark
[250.896s][info][gc,task       ] GC(62) Using 1 of 1 workers for final marking
[250.896s][info][gc,ergo       ] GC(62) Collectable Garbage: 1327M (96%), Immediate: 1327M (96%), CSet: 0B (0%)
[250.896s][info][gc            ] GC(62) Pause Final Mark 0.400ms
[250.896s][info][gc,start      ] GC(62) Concurrent cleanup
[250.896s][info][gc            ] GC(62) Concurrent cleanup 1587M->259M(1685M) 0.183ms
[250.896s][info][gc,ergo       ] GC(62) Free: 1626M, Max: 512K regular, 523M humongous, Frag: 68% external, 0% internal; Reserve: 101888K, Max: 512K
[250.896s][info][gc,ergo       ] Free: 1626M, Max: 512K regular, 523M humongous, Frag: 68% external, 0% internal; Reserve: 101888K, Max: 512K
[250.896s][info][gc,stats      ] 
[250.896s][info][gc,stats      ] All times are wall-clock times, except per-root-class counters, that are sum over
[250.896s][info][gc,stats      ] all workers. Dividing the <total> over the root stage time estimates parallelism.
[250.896s][info][gc,stats      ] 
[250.896s][info][gc,stats      ] Concurrent Reset                    574 us
[250.896s][info][gc,stats      ] Pause Init Mark (G)                4682 us
[250.896s][info][gc,stats      ] Pause Init Mark (N)                1521 us
[250.896s][info][gc,stats      ]   Accumulate Stats                   26 us
[250.897s][info][gc,stats      ]   Make Parsable                      15 us
[250.897s][info][gc,stats      ]   Update Region States               44 us
[250.897s][info][gc,stats      ]   Scan Roots                       1392 us, parallelism: 0.82x
[250.897s][info][gc,stats      ]     S: <total>                     1135 us
[250.897s][info][gc,stats      ]     S: Thread Roots                 513 us, workers (us): 513, 
[250.897s][info][gc,stats      ]     S: Universe Roots                 2 us, workers (us):   2, 
[250.897s][info][gc,stats      ]     S: JNI Handles Roots              1 us, workers (us):   1, 
[250.897s][info][gc,stats      ]     S: Synchronizer Roots             0 us, workers (us):   0, 
[250.897s][info][gc,stats      ]     S: Management Roots               1 us, workers (us):   1, 
[250.897s][info][gc,stats      ]     S: System Dict Roots             11 us, workers (us):  11, 
[250.897s][info][gc,stats      ]     S: CLDG Roots                   606 us, workers (us): 606, 
[250.897s][info][gc,stats      ]     S: JVMTI Roots                    1 us, workers (us):   1, 
[250.897s][info][gc,stats      ]   Resize TLABs                       14 us
[250.897s][info][gc,stats      ] Concurrent Marking               384629 us
[250.897s][info][gc,stats      ] Pause Final Mark (G)                551 us
[250.897s][info][gc,stats      ] Pause Final Mark (N)                389 us
[250.897s][info][gc,stats      ]   Finish Queues                      19 us
[250.897s][info][gc,stats      ]   System Purge                      247 us
[250.897s][info][gc,stats      ]     Weak Roots                      247 us
[250.897s][info][gc,stats      ]   Update Region States               44 us
[250.897s][info][gc,stats      ]   Retire TLABs                       15 us
[250.897s][info][gc,stats      ]   Choose Collection Set              43 us
[250.897s][info][gc,stats      ]   Rebuild Free Set                   13 us
[250.897s][info][gc,stats      ] Concurrent Cleanup                  177 us
[250.897s][info][gc,stats      ] Pacing                            90758 us
[250.897s][info][gc,stats      ] 
[250.897s][info][gc,stats      ] Allocation pacing accrued:
[250.897s][info][gc,stats      ]      91 of  5012 ms (  1.8%): Executor task launch worker for task 2.0 in stage 85.0 (TID 122)
[250.897s][info][gc,stats      ]      91 of  5012 ms (  1.8%): <total>
[250.897s][info][gc,stats      ]       1 of  5012 ms (  0.0%): <average total>
[250.897s][info][gc,stats      ]      91 of  5012 ms (  1.8%): <average non-zero>
[250.897s][info][gc,stats      ] 
[250.897s][info][gc,metaspace  ] Metaspace: 67596K->67599K(1110016K)
[250.897s][info][gc,ergo       ] Pacer for Idle. Initial: 40724K, Alloc Tax Rate: 1.0x
[254.669s][info][gc            ] Trigger: Average GC time (777.03 ms) is above the time for allocation rate (322 MB/s) to deplete free headroom (242M)
[254.669s][info][gc,ergo       ] Free headroom: 342M (free) - 101788K (spike) - 0B (penalties) = 242M
[254.669s][info][gc,ergo       ] Free: 342M, Max: 512K regular, 342M humongous, Frag: 0% external, 0% internal; Reserve: 101888K, Max: 512K
[254.670s][info][gc,start      ] GC(63) Concurrent reset
[254.670s][info][gc,task       ] GC(63) Using 1 of 1 workers for concurrent reset
[254.670s][info][gc,ergo       ] GC(63) Pacer for Reset. Non-Taxable: 1988M
[254.670s][info][gc            ] GC(63) Concurrent reset 0.408ms
[254.673s][info][gc,start      ] GC(63) Pause Init Mark
[254.673s][info][gc,task       ] GC(63) Using 1 of 1 workers for init marking
[254.675s][info][gc,ergo       ] GC(63) Pacer for Mark. Expected Live: 166M, Free: 342M, Non-Taxable: 35091K, Alloc Tax Rate: 0.6x
[254.675s][info][gc            ] GC(63) Pause Init Mark 1.557ms
[254.675s][info][gc,start      ] GC(63) Concurrent marking
[254.675s][info][gc,task       ] GC(63) Using 1 of 1 workers for concurrent marking
[255.076s][info][gc            ] GC(63) Concurrent marking 401.005ms
[255.083s][info][gc,start      ] GC(63) Pause Final Mark
[255.083s][info][gc,task       ] GC(63) Using 1 of 1 workers for final marking
[255.083s][info][gc,ergo       ] GC(63) Adaptive CSet Selection. Target Free: 281M, Actual Free: 1427M, Max CSet: 84823K, Min Garbage: 0B
[255.083s][info][gc,ergo       ] GC(63) Collectable Garbage: 1310M (99%), Immediate: 1082M (82%), CSet: 227M (17%)
[255.085s][info][gc,ergo       ] GC(63) Pacer for Evacuation. Used CSet: 254M, Free: 1360M, Non-Taxable: 136M, Alloc Tax Rate: 1.1x
[255.085s][info][gc            ] GC(63) Pause Final Mark 2.619ms
[255.085s][info][gc,start      ] GC(63) Concurrent cleanup
[255.086s][info][gc            ] GC(63) Concurrent cleanup 1605M->522M(1689M) 0.185ms
[255.086s][info][gc,ergo       ] GC(63) Free: 1360M, Max: 512K regular, 245M humongous, Frag: 82% external, 0% internal; Reserve: 101857K, Max: 512K
[255.086s][info][gc,start      ] GC(63) Concurrent evacuation
[255.086s][info][gc,task       ] GC(63) Using 1 of 1 workers for concurrent evacuation
[255.180s][info][gc            ] GC(63) Concurrent evacuation 94.114ms
[255.183s][info][gc,start      ] GC(63) Pause Init Update Refs
[255.183s][info][gc,ergo       ] GC(63) Pacer for Update Refs. Used: 566M, Free: 1342M, Non-Taxable: 134M, Alloc Tax Rate: 1.1x
[255.183s][info][gc            ] GC(63) Pause Init Update Refs 0.030ms
[255.183s][info][gc,start      ] GC(63) Concurrent update references
[255.183s][info][gc,task       ] GC(63) Using 1 of 1 workers for concurrent reference update
[255.719s][info][gc            ] GC(63) Concurrent update references 536.281ms
[255.722s][info][gc,start      ] GC(63) Pause Final Update Refs
[255.722s][info][gc,task       ] GC(63) Using 1 of 1 workers for final reference update
[255.723s][info][gc            ] GC(63) Pause Final Update Refs 0.554ms
[255.723s][info][gc,start      ] GC(63) Concurrent cleanup
[255.723s][info][gc            ] GC(63) Concurrent cleanup 589M->335M(1689M) 0.092ms
[255.723s][info][gc,ergo       ] Free: 1547M, Max: 512K regular, 453M humongous, Frag: 71% external, 0% internal; Reserve: 101888K, Max: 512K
[255.723s][info][gc,stats      ] 
[255.723s][info][gc,stats      ] All times are wall-clock times, except per-root-class counters, that are sum over
[255.723s][info][gc,stats      ] all workers. Dividing the <total> over the root stage time estimates parallelism.
[255.723s][info][gc,stats      ] 
[255.723s][info][gc,stats      ] Concurrent Reset                    397 us
[255.723s][info][gc,stats      ] Pause Init Mark (G)                4715 us
[255.723s][info][gc,stats      ] Pause Init Mark (N)                1526 us
[255.723s][info][gc,stats      ]   Accumulate Stats                   31 us
[255.723s][info][gc,stats      ]   Make Parsable                      17 us
[255.723s][info][gc,stats      ]   Update Region States               42 us
[255.723s][info][gc,stats      ]   Scan Roots                       1394 us, parallelism: 0.82x
[255.723s][info][gc,stats      ]     S: <total>                     1146 us
[255.723s][info][gc,stats      ]     S: Thread Roots                 566 us, workers (us): 566, 
[255.723s][info][gc,stats      ]     S: Universe Roots                 2 us, workers (us):   2, 
[255.723s][info][gc,stats      ]     S: JNI Handles Roots              1 us, workers (us):   1, 
[255.723s][info][gc,stats      ]     S: Synchronizer Roots             0 us, workers (us):   0, 
[255.723s][info][gc,stats      ]     S: Management Roots               1 us, workers (us):   1, 
[255.723s][info][gc,stats      ]     S: System Dict Roots             11 us, workers (us):  11, 
[255.723s][info][gc,stats      ]     S: CLDG Roots                   563 us, workers (us): 563, 
[255.723s][info][gc,stats      ]     S: JVMTI Roots                    0 us, workers (us):   0, 
[255.723s][info][gc,stats      ]   Resize TLABs                       12 us
[255.723s][info][gc,stats      ] Concurrent Marking               400998 us
[255.723s][info][gc,stats      ] Pause Final Mark (G)               5668 us
[255.723s][info][gc,stats      ] Pause Final Mark (N)               2578 us
[255.723s][info][gc,stats      ]   Finish Queues                      29 us
[255.723s][info][gc,stats      ]   System Purge                      256 us
[255.723s][info][gc,stats      ]     Weak Roots                      255 us
[255.723s][info][gc,stats      ]   Update Region States               54 us
[255.723s][info][gc,stats      ]   Retire TLABs                       17 us
[255.723s][info][gc,stats      ]   Choose Collection Set             144 us
[255.723s][info][gc,stats      ]   Rebuild Free Set                   13 us
[255.723s][info][gc,stats      ]   Initial Evacuation               2058 us, parallelism: 0.67x
[255.723s][info][gc,stats      ]     E: <total>                     1388 us
[255.723s][info][gc,stats      ]     E: Thread Roots                 481 us, workers (us): 481, 
[255.723s][info][gc,stats      ]     E: Code Cache Roots             399 us, workers (us): 399, 
[255.723s][info][gc,stats      ]     E: Universe Roots                 1 us, workers (us):   1, 
[255.723s][info][gc,stats      ]     E: JNI Handles Roots              1 us, workers (us):   1, 
[255.723s][info][gc,stats      ]     E: Synchronizer Roots             0 us, workers (us):   0, 
[255.723s][info][gc,stats      ]     E: Management Roots               1 us, workers (us):   1, 
[255.723s][info][gc,stats      ]     E: System Dict Roots             10 us, workers (us):  10, 
[255.723s][info][gc,stats      ]     E: CLDG Roots                   494 us, workers (us): 494, 
[255.723s][info][gc,stats      ]     E: JVMTI Roots                    0 us, workers (us):   0, 
[255.723s][info][gc,stats      ] Concurrent Cleanup                  176 us
[255.723s][info][gc,stats      ] Concurrent Evacuation             94105 us
[255.723s][info][gc,stats      ] Pause Init  Update Refs (G)        3083 us
[255.723s][info][gc,stats      ] Pause Init  Update Refs (N)          15 us
[255.723s][info][gc,stats      ]   Retire GCLABs                       9 us
[255.723s][info][gc,stats      ] Concurrent Update Refs           536271 us
[255.723s][info][gc,stats      ] Pause Final Update Refs (G)        3612 us
[255.723s][info][gc,stats      ] Pause Final Update Refs (N)         514 us
[255.723s][info][gc,stats      ]   Update Roots                      443 us, parallelism: 0.98x
[255.723s][info][gc,stats      ]     UR: <total>                     432 us
[255.723s][info][gc,stats      ]     UR: Thread Roots                432 us, workers (us): 432, 
[255.723s][info][gc,stats      ]   Update Region States               42 us
[255.723s][info][gc,stats      ]   Trash Collection Set                5 us
[255.723s][info][gc,stats      ]   Rebuild Free Set                   14 us
[255.723s][info][gc,stats      ] Concurrent Cleanup                   85 us
[255.723s][info][gc,stats      ] Pacing                           366506 us
[255.723s][info][gc,stats      ] 
[255.723s][info][gc,stats      ] Allocation pacing accrued:
[255.723s][info][gc,stats      ]      13 of  4827 ms (  0.3%): RemoteBlock-temp-file-clean-thread
[255.723s][info][gc,stats      ]     176 of  4827 ms (  3.6%): task-result-getter-3
[255.723s][info][gc,stats      ]     178 of  4827 ms (  3.7%): Executor task launch worker for task 2.0 in stage 90.0 (TID 128)
[255.723s][info][gc,stats      ]     367 of  4827 ms (  7.6%): <total>
[255.723s][info][gc,stats      ]       2 of  4827 ms (  0.0%): <average total>
[255.723s][info][gc,stats      ]     122 of  4827 ms (  2.5%): <average non-zero>
[255.723s][info][gc,stats      ] 
[255.723s][info][gc,metaspace  ] Metaspace: 67677K->67680K(1110016K)
[255.723s][info][gc,ergo       ] Pacer for Idle. Initial: 40724K, Alloc Tax Rate: 1.0x
[256.443s][info][gc            ] Trigger: Explicit GC request (System.gc())
[256.444s][info][gc,ergo       ] Free: 786M, Max: 512K regular, 221M humongous, Frag: 72% external, 0% internal; Reserve: 101888K, Max: 512K
[256.444s][info][gc,start      ] GC(64) Concurrent reset
[256.444s][info][gc,task       ] GC(64) Using 1 of 1 workers for concurrent reset
[256.444s][info][gc,ergo       ] GC(64) Pacer for Reset. Non-Taxable: 1988M
[256.444s][info][gc            ] GC(64) Concurrent reset 0.782ms
[256.445s][info][gc,start      ] GC(64) Pause Init Mark (process weakrefs) (unload classes)
[256.445s][info][gc,task       ] GC(64) Using 1 of 1 workers for init marking
[256.446s][info][gc,ergo       ] GC(64) Pacer for Mark. Expected Live: 171M, Free: 786M, Non-Taxable: 80575K, Alloc Tax Rate: 0.3x
[256.446s][info][gc            ] GC(64) Pause Init Mark (process weakrefs) (unload classes) 1.006ms
[256.446s][info][gc,start      ] GC(64) Concurrent marking (process weakrefs) (unload classes)
[256.446s][info][gc,task       ] GC(64) Using 1 of 1 workers for concurrent marking
[256.677s][info][gc            ] GC(64) Concurrent marking (process weakrefs) (unload classes) 231.134ms
[256.677s][info][gc,start      ] GC(64) Concurrent precleaning
[256.677s][info][gc,task       ] GC(64) Using 1 of 1 workers for concurrent preclean
[256.677s][info][gc,ergo       ] GC(64) Pacer for Precleaning. Non-Taxable: 1988M
[256.678s][info][gc            ] GC(64) Concurrent precleaning 0.720ms
[256.678s][info][gc,start      ] GC(64) Pause Final Mark (process weakrefs) (unload classes)
[256.678s][info][gc,task       ] GC(64) Using 1 of 1 workers for final marking
[256.725s][info][gc,stringtable] GC(64) Cleaned string and symbol table, strings: 20291 processed, 0 removed, symbols: 140174 processed, 256 removed
[256.725s][info][gc,ergo       ] GC(64) Collectable Garbage: 929M (98%), Immediate: 929M (98%), CSet: 0B (0%)
[256.725s][info][gc            ] GC(64) Pause Final Mark (process weakrefs) (unload classes) 46.783ms
[256.725s][info][gc,start      ] GC(64) Concurrent cleanup
[256.725s][info][gc            ] GC(64) Concurrent cleanup 1084M->156M(1689M) 0.146ms
[256.725s][info][gc,ergo       ] GC(64) Free: 1731M, Max: 512K regular, 465M humongous, Frag: 74% external, 0% internal; Reserve: 101888K, Max: 512K
[256.725s][info][gc,ergo       ] Free: 1731M, Max: 512K regular, 465M humongous, Frag: 74% external, 0% internal; Reserve: 101888K, Max: 512K
[256.725s][info][gc,stats      ] 
[256.725s][info][gc,stats      ] All times are wall-clock times, except per-root-class counters, that are sum over
[256.725s][info][gc,stats      ] all workers. Dividing the <total> over the root stage time estimates parallelism.
[256.725s][info][gc,stats      ] 
[256.725s][info][gc,stats      ] Concurrent Reset                    768 us
[256.725s][info][gc,stats      ] Pause Init Mark (G)                1390 us
[256.725s][info][gc,stats      ] Pause Init Mark (N)                 993 us
[256.725s][info][gc,stats      ]   Accumulate Stats                   30 us
[256.725s][info][gc,stats      ]   Make Parsable                      16 us
[256.725s][info][gc,stats      ]   Update Region States               38 us
[256.725s][info][gc,stats      ]   Scan Roots                        869 us, parallelism: 0.71x
[256.725s][info][gc,stats      ]     S: <total>                      619 us
[256.725s][info][gc,stats      ]     S: Thread Roots                 507 us, workers (us): 507, 
[256.725s][info][gc,stats      ]     S: Universe Roots                 2 us, workers (us):   2, 
[256.725s][info][gc,stats      ]     S: JNI Handles Roots              1 us, workers (us):   1, 
[256.725s][info][gc,stats      ]     S: Synchronizer Roots             0 us, workers (us):   0, 
[256.725s][info][gc,stats      ]     S: Management Roots               1 us, workers (us):   1, 
[256.725s][info][gc,stats      ]     S: System Dict Roots             12 us, workers (us):  12, 
[256.725s][info][gc,stats      ]     S: CLDG Roots                    94 us, workers (us):  94, 
[256.725s][info][gc,stats      ]     S: JVMTI Roots                    1 us, workers (us):   1, 
[256.725s][info][gc,stats      ]   Resize TLABs                       14 us
[256.725s][info][gc,stats      ] Concurrent Marking               231125 us
[256.725s][info][gc,stats      ] Concurrent Precleaning              691 us
[256.725s][info][gc,stats      ] Pause Final Mark (G)              47425 us
[256.726s][info][gc,stats      ] Pause Final Mark (N)              46759 us
[256.726s][info][gc,stats      ]   Finish Queues                    2533 us
[256.726s][info][gc,stats      ]   Weak References                   136 us
[256.726s][info][gc,stats      ]     Process                         133 us
[256.726s][info][gc,stats      ]   System Purge                      389 us
[256.726s][info][gc,stats      ]     Unload Classes                 1083 us
[256.726s][info][gc,stats      ]     Cleanup                       42167 us, parallelism: 1.00x
[256.726s][info][gc,stats      ]       CU: <total>                 42105 us
[256.726s][info][gc,stats      ]       CU: Code Cache Roots        27018 us, workers (us): 27018, 
[256.726s][info][gc,stats      ]       CU: Code Cache Cleaning      2132 us, workers (us): 2132, 
[256.726s][info][gc,stats      ]       CU: String Table Roots       5870 us, workers (us): 5870, 
[256.726s][info][gc,stats      ]       CU: Resolved Table Roots      139 us, workers (us): 139, 
[256.726s][info][gc,stats      ]       CU: CLDG Roots               6946 us, workers (us): 6946, 
[256.726s][info][gc,stats      ]     Weak Roots                      389 us
[256.726s][info][gc,stats      ]     CLDG                            270 us
[256.726s][info][gc,stats      ]   Update Region States               46 us
[256.726s][info][gc,stats      ]   Retire TLABs                       34 us
[256.726s][info][gc,stats      ]   Choose Collection Set              39 us
[256.726s][info][gc,stats      ]   Rebuild Free Set                   42 us
[256.726s][info][gc,stats      ] Concurrent Cleanup                  138 us
[256.726s][info][gc,stats      ] 
[256.726s][info][gc,stats      ] Allocation pacing accrued:
[256.726s][info][gc,stats      ]       0 of  1002 ms (  0.0%): <total>
[256.726s][info][gc,stats      ]       0 of  1002 ms (  0.0%): <average total>
[256.726s][info][gc,stats      ] 
[256.726s][info][gc,metaspace  ] Metaspace: 67688K->67209K(1110016K)
[256.726s][info][gc,ergo       ] Pacer for Idle. Initial: 40724K, Alloc Tax Rate: 1.0x
[256.726s][info][gc,start      ] Concurrent uncommit
[256.837s][info][gc            ] Concurrent uncommit 156M->157M(160M) 110.904ms
[258.151s][info][gc            ] Trigger: Learning 2 of 5. Free (1391M) is below initial threshold (1391M)
[258.152s][info][gc,ergo       ] Free: 1391M, Max: 512K regular, 465M humongous, Frag: 67% external, 0% internal; Reserve: 101888K, Max: 512K
[258.152s][info][gc,start      ] GC(65) Concurrent reset
[258.152s][info][gc,task       ] GC(65) Using 1 of 1 workers for concurrent reset
[258.152s][info][gc,ergo       ] GC(65) Pacer for Reset. Non-Taxable: 1988M
[258.152s][info][gc            ] GC(65) Concurrent reset 0.296ms
[258.154s][info][gc,start      ] GC(65) Pause Init Mark (process weakrefs)
[258.154s][info][gc,task       ] GC(65) Using 1 of 1 workers for init marking
[258.156s][info][gc,ergo       ] GC(65) Pacer for Mark. Expected Live: 161M, Free: 1391M, Non-Taxable: 139M, Alloc Tax Rate: 0.1x
[258.156s][info][gc            ] GC(65) Pause Init Mark (process weakrefs) 1.710ms
[258.156s][info][gc,start      ] GC(65) Concurrent marking (process weakrefs)
[258.156s][info][gc,task       ] GC(65) Using 1 of 1 workers for concurrent marking
[258.722s][info][gc            ] GC(65) Concurrent marking (process weakrefs) 566.001ms
[258.722s][info][gc,start      ] GC(65) Concurrent precleaning
[258.722s][info][gc,task       ] GC(65) Using 1 of 1 workers for concurrent preclean
[258.722s][info][gc,ergo       ] GC(65) Pacer for Precleaning. Non-Taxable: 1988M
[258.723s][info][gc            ] GC(65) Concurrent precleaning 0.540ms
[258.723s][info][gc,start      ] GC(65) Pause Final Mark (process weakrefs)
[258.723s][info][gc,task       ] GC(65) Using 1 of 1 workers for final marking
[258.723s][info][gc,ergo       ] GC(65) Adaptive CSet Selection. Target Free: 281M, Actual Free: 1412M, Max CSet: 84823K, Min Garbage: 0B
[258.723s][info][gc,ergo       ] GC(65) Collectable Garbage: 299M (99%), Immediate: 19099K (6%), CSet: 281M (92%)
[258.727s][info][gc,ergo       ] GC(65) Pacer for Evacuation. Used CSet: 322M, Free: 1317M, Non-Taxable: 131M, Alloc Tax Rate: 1.1x
[258.727s][info][gc            ] GC(65) Pause Final Mark (process weakrefs) 4.503ms
[258.727s][info][gc,start      ] GC(65) Concurrent cleanup
[258.727s][info][gc            ] GC(65) Concurrent cleanup 588M->569M(595M) 0.075ms
[258.727s][info][gc,ergo       ] GC(65) Free: 1317M, Max: 512K regular, 465M humongous, Frag: 65% external, 0% internal; Reserve: 101376K, Max: 512K
[258.727s][info][gc,start      ] GC(65) Concurrent evacuation
[258.727s][info][gc,task       ] GC(65) Using 1 of 1 workers for concurrent evacuation
[258.836s][info][gc            ] GC(65) Concurrent evacuation 109.060ms
[258.839s][info][gc,start      ] GC(65) Pause Init Update Refs
[258.839s][info][gc,ergo       ] GC(65) Pacer for Update Refs. Used: 627M, Free: 1300M, Non-Taxable: 130M, Alloc Tax Rate: 1.1x
[258.839s][info][gc            ] GC(65) Pause Init Update Refs 0.033ms
[258.839s][info][gc,start      ] GC(65) Concurrent update references
[258.839s][info][gc,task       ] GC(65) Using 1 of 1 workers for concurrent reference update
[259.253s][info][gc            ] GC(65) Concurrent update references 414.395ms
[259.257s][info][gc,start      ] GC(65) Pause Final Update Refs
[259.257s][info][gc,task       ] GC(65) Using 1 of 1 workers for final reference update
[259.258s][info][gc            ] GC(65) Pause Final Update Refs 0.614ms
[259.258s][info][gc,start      ] GC(65) Concurrent cleanup
[259.258s][info][gc            ] GC(65) Concurrent cleanup 692M->370M(696M) 0.096ms
[259.258s][info][gc,ergo       ] Free: 1516M, Max: 512K regular, 700M humongous, Frag: 54% external, 0% internal; Reserve: 101888K, Max: 512K
[259.258s][info][gc,stats      ] 
[259.258s][info][gc,stats      ] All times are wall-clock times, except per-root-class counters, that are sum over
[259.258s][info][gc,stats      ] all workers. Dividing the <total> over the root stage time estimates parallelism.
[259.258s][info][gc,stats      ] 
[259.258s][info][gc,stats      ] Concurrent Reset                    278 us
[259.258s][info][gc,stats      ] Pause Init Mark (G)                4074 us
[259.258s][info][gc,stats      ] Pause Init Mark (N)                1690 us
[259.258s][info][gc,stats      ]   Accumulate Stats                   25 us
[259.258s][info][gc,stats      ]   Make Parsable                      38 us
[259.258s][info][gc,stats      ]   Update Region States               37 us
[259.258s][info][gc,stats      ]   Scan Roots                       1539 us, parallelism: 0.84x
[259.258s][info][gc,stats      ]     S: <total>                     1296 us
[259.258s][info][gc,stats      ]     S: Thread Roots                 682 us, workers (us): 682, 
[259.258s][info][gc,stats      ]     S: Universe Roots                 2 us, workers (us):   2, 
[259.258s][info][gc,stats      ]     S: JNI Handles Roots              2 us, workers (us):   2, 
[259.258s][info][gc,stats      ]     S: Synchronizer Roots             0 us, workers (us):   0, 
[259.258s][info][gc,stats      ]     S: Management Roots               1 us, workers (us):   1, 
[259.258s][info][gc,stats      ]     S: System Dict Roots             11 us, workers (us):  11, 
[259.258s][info][gc,stats      ]     S: CLDG Roots                   597 us, workers (us): 597, 
[259.258s][info][gc,stats      ]     S: JVMTI Roots                    1 us, workers (us):   1, 
[259.258s][info][gc,stats      ]   Resize TLABs                       18 us
[259.258s][info][gc,stats      ] Concurrent Marking               565993 us
[259.258s][info][gc,stats      ] Concurrent Precleaning              523 us
[259.258s][info][gc,stats      ] Pause Final Mark (G)               4726 us
[259.258s][info][gc,stats      ] Pause Final Mark (N)               4496 us
[259.258s][info][gc,stats      ]   Finish Queues                      18 us
[259.258s][info][gc,stats      ]   Weak References                    18 us
[259.258s][info][gc,stats      ]     Process                          16 us
[259.258s][info][gc,stats      ]   System Purge                      316 us
[259.258s][info][gc,stats      ]     Weak Roots                      315 us
[259.258s][info][gc,stats      ]   Update Region States               54 us
[259.258s][info][gc,stats      ]   Retire TLABs                       28 us
[259.258s][info][gc,stats      ]   Choose Collection Set             158 us
[259.258s][info][gc,stats      ]   Rebuild Free Set                   13 us
[259.258s][info][gc,stats      ]   Initial Evacuation               3885 us, parallelism: 0.72x
[259.258s][info][gc,stats      ]     E: <total>                     2802 us
[259.258s][info][gc,stats      ]     E: Thread Roots                 658 us, workers (us): 658, 
[259.258s][info][gc,stats      ]     E: Code Cache Roots            1453 us, workers (us): 1453, 
[259.258s][info][gc,stats      ]     E: Universe Roots                26 us, workers (us):  26, 
[259.258s][info][gc,stats      ]     E: JNI Handles Roots              1 us, workers (us):   1, 
[259.258s][info][gc,stats      ]     E: Synchronizer Roots             0 us, workers (us):   0, 
[259.258s][info][gc,stats      ]     E: Management Roots               1 us, workers (us):   1, 
[259.258s][info][gc,stats      ]     E: System Dict Roots             10 us, workers (us):  10, 
[259.258s][info][gc,stats      ]     E: CLDG Roots                   653 us, workers (us): 653, 
[259.258s][info][gc,stats      ]     E: JVMTI Roots                    1 us, workers (us):   1, 
[259.258s][info][gc,stats      ] Concurrent Cleanup                   68 us
[259.258s][info][gc,stats      ] Concurrent Evacuation            109050 us
[259.258s][info][gc,stats      ] Pause Init  Update Refs (G)        2387 us
[259.258s][info][gc,stats      ] Pause Init  Update Refs (N)          18 us
[259.258s][info][gc,stats      ]   Retire GCLABs                      11 us
[259.258s][info][gc,stats      ] Concurrent Update Refs           414385 us
[259.258s][info][gc,stats      ] Pause Final Update Refs (G)        4196 us
[259.258s][info][gc,stats      ] Pause Final Update Refs (N)         563 us
[259.258s][info][gc,stats      ]   Update Roots                      490 us, parallelism: 0.98x
[259.258s][info][gc,stats      ]     UR: <total>                     482 us
[259.258s][info][gc,stats      ]     UR: Thread Roots                482 us, workers (us): 482, 
[259.258s][info][gc,stats      ]   Update Region States               42 us
[259.258s][info][gc,stats      ]   Trash Collection Set                4 us
[259.258s][info][gc,stats      ]   Rebuild Free Set                   15 us
[259.258s][info][gc,stats      ] Concurrent Cleanup                   90 us
[259.258s][info][gc,stats      ] 
[259.258s][info][gc,stats      ] Allocation pacing accrued:
[259.258s][info][gc,stats      ]       0 of  2532 ms (  0.0%): <total>
[259.258s][info][gc,stats      ]       0 of  2532 ms (  0.0%): <average total>
[259.258s][info][gc,stats      ] 
[259.258s][info][gc,metaspace  ] Metaspace: 67584K->67584K(1110016K)
[259.258s][info][gc,ergo       ] Pacer for Idle. Initial: 40724K, Alloc Tax Rate: 1.0x
[260.006s][info][gc            ] Trigger: Learning 3 of 5. Free (1391M) is below initial threshold (1391M)
[260.007s][info][gc,ergo       ] Free: 1391M, Max: 512K regular, 700M humongous, Frag: 50% external, 0% internal; Reserve: 101888K, Max: 512K
[260.007s][info][gc,start      ] GC(66) Concurrent reset
[260.007s][info][gc,task       ] GC(66) Using 1 of 1 workers for concurrent reset
[260.007s][info][gc,ergo       ] GC(66) Pacer for Reset. Non-Taxable: 1988M
[260.008s][info][gc            ] GC(66) Concurrent reset 0.801ms
[260.013s][info][gc,start      ] GC(66) Pause Init Mark
[260.013s][info][gc,task       ] GC(66) Using 1 of 1 workers for init marking
[260.014s][info][gc,ergo       ] GC(66) Pacer for Mark. Expected Live: 170M, Free: 1391M, Non-Taxable: 139M, Alloc Tax Rate: 0.1x
[260.014s][info][gc            ] GC(66) Pause Init Mark 1.697ms
[260.015s][info][gc,start      ] GC(66) Concurrent marking
[260.015s][info][gc,task       ] GC(66) Using 1 of 1 workers for concurrent marking
[260.402s][info][gc            ] GC(66) Concurrent marking 387.845ms
[260.403s][info][gc,start      ] GC(66) Pause Final Mark
[260.403s][info][gc,task       ] GC(66) Using 1 of 1 workers for final marking
[260.403s][info][gc,ergo       ] GC(66) Collectable Garbage: 338M (96%), Immediate: 338M (96%), CSet: 0B (0%)
[260.403s][info][gc            ] GC(66) Pause Final Mark 0.406ms
[260.403s][info][gc,start      ] GC(66) Concurrent cleanup
[260.403s][info][gc            ] GC(66) Concurrent cleanup 560M->221M(696M) 0.096ms
[260.403s][info][gc,ergo       ] GC(66) Free: 1664M, Max: 512K regular, 735M humongous, Frag: 56% external, 0% internal; Reserve: 101888K, Max: 512K
[260.403s][info][gc,ergo       ] Free: 1664M, Max: 512K regular, 735M humongous, Frag: 56% external, 0% internal; Reserve: 101888K, Max: 512K
[260.403s][info][gc,stats      ] 
[260.403s][info][gc,stats      ] All times are wall-clock times, except per-root-class counters, that are sum over
[260.403s][info][gc,stats      ] all workers. Dividing the <total> over the root stage time estimates parallelism.
[260.403s][info][gc,stats      ] 
[260.403s][info][gc,stats      ] Concurrent Reset                    787 us
[260.403s][info][gc,stats      ] Pause Init Mark (G)                6939 us
[260.403s][info][gc,stats      ] Pause Init Mark (N)                1660 us
[260.403s][info][gc,stats      ]   Accumulate Stats                   23 us
[260.403s][info][gc,stats      ]   Make Parsable                      15 us
[260.403s][info][gc,stats      ]   Update Region States               50 us
[260.403s][info][gc,stats      ]   Scan Roots                       1506 us, parallelism: 0.83x
[260.403s][info][gc,stats      ]     S: <total>                     1253 us
[260.403s][info][gc,stats      ]     S: Thread Roots                 627 us, workers (us): 627, 
[260.403s][info][gc,stats      ]     S: Universe Roots                 2 us, workers (us):   2, 
[260.403s][info][gc,stats      ]     S: JNI Handles Roots              1 us, workers (us):   1, 
[260.403s][info][gc,stats      ]     S: Synchronizer Roots             0 us, workers (us):   0, 
[260.403s][info][gc,stats      ]     S: Management Roots               1 us, workers (us):   1, 
[260.403s][info][gc,stats      ]     S: System Dict Roots             17 us, workers (us):  17, 
[260.403s][info][gc,stats      ]     S: CLDG Roots                   604 us, workers (us): 604, 
[260.403s][info][gc,stats      ]     S: JVMTI Roots                    0 us, workers (us):   0, 
[260.403s][info][gc,stats      ]   Resize TLABs                       20 us
[260.403s][info][gc,stats      ] Concurrent Marking               387838 us
[260.403s][info][gc,stats      ] Pause Final Mark (G)                602 us
[260.403s][info][gc,stats      ] Pause Final Mark (N)                392 us
[260.403s][info][gc,stats      ]   Finish Queues                      20 us
[260.403s][info][gc,stats      ]   System Purge                      274 us
[260.403s][info][gc,stats      ]     Weak Roots                      274 us
[260.403s][info][gc,stats      ]   Update Region States               41 us
[260.403s][info][gc,stats      ]   Retire TLABs                       15 us
[260.403s][info][gc,stats      ]   Choose Collection Set              21 us
[260.403s][info][gc,stats      ]   Rebuild Free Set                   14 us
[260.403s][info][gc,stats      ] Concurrent Cleanup                   90 us
[260.403s][info][gc,stats      ] 
[260.403s][info][gc,stats      ] Allocation pacing accrued:
[260.403s][info][gc,stats      ]       0 of  1145 ms (  0.0%): <total>
[260.403s][info][gc,stats      ]       0 of  1145 ms (  0.0%): <average total>
[260.403s][info][gc,stats      ] 
[260.403s][info][gc,metaspace  ] Metaspace: 67602K->67602K(1110016K)
[260.403s][info][gc,ergo       ] Pacer for Idle. Initial: 40724K, Alloc Tax Rate: 1.0x
[261.090s][info][gc            ] Trigger: Learning 4 of 5. Free (1391M) is below initial threshold (1391M)
[261.091s][info][gc,ergo       ] Free: 1392M, Max: 512K regular, 735M humongous, Frag: 48% external, 0% internal; Reserve: 101888K, Max: 512K
[261.091s][info][gc,start      ] GC(67) Concurrent reset
[261.091s][info][gc,task       ] GC(67) Using 1 of 1 workers for concurrent reset
[261.091s][info][gc,ergo       ] GC(67) Pacer for Reset. Non-Taxable: 1988M
[261.091s][info][gc            ] GC(67) Concurrent reset 0.265ms
[261.093s][info][gc,start      ] GC(67) Pause Init Mark
[261.093s][info][gc,task       ] GC(67) Using 1 of 1 workers for init marking
[261.095s][info][gc,ergo       ] GC(67) Pacer for Mark. Expected Live: 163M, Free: 1392M, Non-Taxable: 139M, Alloc Tax Rate: 0.1x
[261.095s][info][gc            ] GC(67) Pause Init Mark 1.601ms
[261.095s][info][gc,start      ] GC(67) Concurrent marking
[261.095s][info][gc,task       ] GC(67) Using 1 of 1 workers for concurrent marking
[261.701s][info][gc            ] GC(67) Concurrent marking 605.764ms
[261.701s][info][gc,start      ] GC(67) Pause Final Mark
[261.701s][info][gc,task       ] GC(67) Using 1 of 1 workers for final marking
[261.701s][info][gc,ergo       ] GC(67) Adaptive CSet Selection. Target Free: 281M, Actual Free: 1392M, Max CSet: 84823K, Min Garbage: 0B
[261.701s][info][gc,ergo       ] GC(67) Collectable Garbage: 298M (99%), Immediate: 7168K (2%), CSet: 291M (96%)
[261.703s][info][gc,ergo       ] GC(67) Pacer for Evacuation. Used CSet: 334M, Free: 1295M, Non-Taxable: 129M, Alloc Tax Rate: 1.1x
[261.703s][info][gc            ] GC(67) Pause Final Mark 2.578ms
[261.703s][info][gc,start      ] GC(67) Concurrent cleanup
[261.704s][info][gc            ] GC(67) Concurrent cleanup 598M->591M(696M) 0.074ms
[261.704s][info][gc,ergo       ] GC(67) Free: 1295M, Max: 512K regular, 735M humongous, Frag: 44% external, 0% internal; Reserve: 101881K, Max: 512K
[261.704s][info][gc,start      ] GC(67) Concurrent evacuation
[261.704s][info][gc,task       ] GC(67) Using 1 of 1 workers for concurrent evacuation
[261.799s][info][gc            ] GC(67) Concurrent evacuation 95.336ms
[261.801s][info][gc,start      ] GC(67) Pause Init Update Refs
[261.801s][info][gc,ergo       ] GC(67) Pacer for Update Refs. Used: 648M, Free: 1281M, Non-Taxable: 128M, Alloc Tax Rate: 1.1x
[261.801s][info][gc            ] GC(67) Pause Init Update Refs 0.043ms
[261.801s][info][gc,start      ] GC(67) Concurrent update references
[261.801s][info][gc,task       ] GC(67) Using 1 of 1 workers for concurrent reference update
[262.252s][info][gc            ] GC(67) Concurrent update references 450.777ms
[262.256s][info][gc,start      ] GC(67) Pause Final Update Refs
[262.256s][info][gc,task       ] GC(67) Using 1 of 1 workers for final reference update
[262.256s][info][gc            ] GC(67) Pause Final Update Refs 0.593ms
[262.256s][info][gc,start      ] GC(67) Concurrent cleanup
[262.256s][info][gc            ] GC(67) Concurrent cleanup 702M->368M(709M) 0.110ms
[262.256s][info][gc,ergo       ] Free: 1517M, Max: 512K regular, 697M humongous, Frag: 55% external, 0% internal; Reserve: 101888K, Max: 512K
[262.256s][info][gc,stats      ] 
[262.256s][info][gc,stats      ] All times are wall-clock times, except per-root-class counters, that are sum over
[262.256s][info][gc,stats      ] all workers. Dividing the <total> over the root stage time estimates parallelism.
[262.256s][info][gc,stats      ] 
[262.257s][info][gc,stats      ] Concurrent Reset                    254 us
[262.257s][info][gc,stats      ] Pause Init Mark (G)                3946 us
[262.257s][info][gc,stats      ] Pause Init Mark (N)                1584 us
[262.257s][info][gc,stats      ]   Accumulate Stats                   23 us
[262.257s][info][gc,stats      ]   Make Parsable                      16 us
[262.257s][info][gc,stats      ]   Update Region States               35 us
[262.257s][info][gc,stats      ]   Scan Roots                       1457 us, parallelism: 0.81x
[262.257s][info][gc,stats      ]     S: <total>                     1185 us
[262.257s][info][gc,stats      ]     S: Thread Roots                 605 us, workers (us): 605, 
[262.257s][info][gc,stats      ]     S: Universe Roots                 2 us, workers (us):   2, 
[262.257s][info][gc,stats      ]     S: JNI Handles Roots              1 us, workers (us):   1, 
[262.257s][info][gc,stats      ]     S: Synchronizer Roots             0 us, workers (us):   0, 
[262.257s][info][gc,stats      ]     S: Management Roots               1 us, workers (us):   1, 
[262.257s][info][gc,stats      ]     S: System Dict Roots             12 us, workers (us):  12, 
[262.257s][info][gc,stats      ]     S: CLDG Roots                   564 us, workers (us): 564, 
[262.257s][info][gc,stats      ]     S: JVMTI Roots                    0 us, workers (us):   0, 
[262.257s][info][gc,stats      ]   Resize TLABs                       17 us
[262.257s][info][gc,stats      ] Concurrent Marking               605757 us
[262.257s][info][gc,stats      ] Pause Final Mark (G)               2776 us
[262.257s][info][gc,stats      ] Pause Final Mark (N)               2560 us
[262.257s][info][gc,stats      ]   Finish Queues                      18 us
[262.257s][info][gc,stats      ]   System Purge                      250 us
[262.257s][info][gc,stats      ]     Weak Roots                      250 us
[262.257s][info][gc,stats      ]   Update Region States               45 us
[262.257s][info][gc,stats      ]   Retire TLABs                       14 us
[262.257s][info][gc,stats      ]   Choose Collection Set             130 us
[262.257s][info][gc,stats      ]   Rebuild Free Set                   13 us
[262.257s][info][gc,stats      ]   Initial Evacuation               2081 us, parallelism: 0.69x
[262.257s][info][gc,stats      ]     E: <total>                     1427 us
[262.257s][info][gc,stats      ]     E: Thread Roots                 603 us, workers (us): 603, 
[262.257s][info][gc,stats      ]     E: Code Cache Roots             336 us, workers (us): 336, 
[262.257s][info][gc,stats      ]     E: Universe Roots                 1 us, workers (us):   1, 
[262.257s][info][gc,stats      ]     E: JNI Handles Roots              1 us, workers (us):   1, 
[262.257s][info][gc,stats      ]     E: Synchronizer Roots             0 us, workers (us):   0, 
[262.257s][info][gc,stats      ]     E: Management Roots               1 us, workers (us):   1, 
[262.257s][info][gc,stats      ]     E: System Dict Roots             10 us, workers (us):  10, 
[262.257s][info][gc,stats      ]     E: CLDG Roots                   475 us, workers (us): 475, 
[262.257s][info][gc,stats      ]     E: JVMTI Roots                    0 us, workers (us):   0, 
[262.257s][info][gc,stats      ] Concurrent Cleanup                   67 us
[262.257s][info][gc,stats      ] Concurrent Evacuation             95326 us
[262.257s][info][gc,stats      ] Pause Init  Update Refs (G)        2451 us
[262.257s][info][gc,stats      ] Pause Init  Update Refs (N)          19 us
[262.257s][info][gc,stats      ]   Retire GCLABs                      10 us
[262.257s][info][gc,stats      ] Concurrent Update Refs           450765 us
[262.257s][info][gc,stats      ] Pause Final Update Refs (G)        4054 us
[262.257s][info][gc,stats      ] Pause Final Update Refs (N)         541 us
[262.257s][info][gc,stats      ]   Update Roots                      471 us, parallelism: 0.99x
[262.257s][info][gc,stats      ]     UR: <total>                     464 us
[262.257s][info][gc,stats      ]     UR: Thread Roots                464 us, workers (us): 464, 
[262.257s][info][gc,stats      ]   Update Region States               42 us
[262.257s][info][gc,stats      ]   Trash Collection Set                4 us
[262.257s][info][gc,stats      ]   Rebuild Free Set                   13 us
[262.257s][info][gc,stats      ] Concurrent Cleanup                  102 us
[262.257s][info][gc,stats      ] 
[262.257s][info][gc,stats      ] Allocation pacing accrued:
[262.257s][info][gc,stats      ]       0 of  1853 ms (  0.0%): <total>
[262.257s][info][gc,stats      ]       0 of  1853 ms (  0.0%): <average total>
[262.257s][info][gc,stats      ] 
[262.257s][info][gc,metaspace  ] Metaspace: 67602K->67602K(1110016K)
[262.257s][info][gc,ergo       ] Pacer for Idle. Initial: 40724K, Alloc Tax Rate: 1.0x
[262.982s][info][gc            ] Trigger: Learning 5 of 5. Free (1391M) is below initial threshold (1391M)
[262.982s][info][gc,ergo       ] Free: 1392M, Max: 512K regular, 697M humongous, Frag: 50% external, 0% internal; Reserve: 101888K, Max: 512K
[262.982s][info][gc,start      ] GC(68) Concurrent reset
[262.982s][info][gc,task       ] GC(68) Using 1 of 1 workers for concurrent reset
[262.982s][info][gc,ergo       ] GC(68) Pacer for Reset. Non-Taxable: 1988M
[262.983s][info][gc            ] GC(68) Concurrent reset 0.758ms
[262.985s][info][gc,start      ] GC(68) Pause Init Mark
[262.985s][info][gc,task       ] GC(68) Using 1 of 1 workers for init marking
[262.987s][info][gc,ergo       ] GC(68) Pacer for Mark. Expected Live: 170M, Free: 1392M, Non-Taxable: 139M, Alloc Tax Rate: 0.1x
[262.987s][info][gc            ] GC(68) Pause Init Mark 1.618ms
[262.987s][info][gc,start      ] GC(68) Concurrent marking
[262.987s][info][gc,task       ] GC(68) Using 1 of 1 workers for concurrent marking
[263.411s][info][gc            ] GC(68) Concurrent marking 424.629ms
[263.412s][info][gc,start      ] GC(68) Pause Final Mark
[263.412s][info][gc,task       ] GC(68) Using 1 of 1 workers for final marking
[263.412s][info][gc,ergo       ] GC(68) Adaptive CSet Selection. Target Free: 281M, Actual Free: 1705M, Max CSet: 84823K, Min Garbage: 0B
[263.412s][info][gc,ergo       ] GC(68) Collectable Garbage: 332M (99%), Immediate: 297M (88%), CSet: 35997K (10%)
[263.414s][info][gc,ergo       ] GC(68) Pacer for Evacuation. Used CSet: 49664K, Free: 1610M, Non-Taxable: 161M, Alloc Tax Rate: 1.1x
[263.414s][info][gc            ] GC(68) Pause Final Mark 2.582ms
[263.414s][info][gc,start      ] GC(68) Concurrent cleanup
[263.414s][info][gc            ] GC(68) Concurrent cleanup 572M->275M(709M) 0.097ms
[263.414s][info][gc,ergo       ] GC(68) Free: 1610M, Max: 512K regular, 737M humongous, Frag: 55% external, 0% internal; Reserve: 101881K, Max: 512K
[263.414s][info][gc,start      ] GC(68) Concurrent evacuation
[263.414s][info][gc,task       ] GC(68) Using 1 of 1 workers for concurrent evacuation
[263.435s][info][gc            ] GC(68) Concurrent evacuation 20.190ms
[263.437s][info][gc,start      ] GC(68) Pause Init Update Refs
[263.437s][info][gc,ergo       ] GC(68) Pacer for Update Refs. Used: 293M, Free: 1606M, Non-Taxable: 160M, Alloc Tax Rate: 1.1x
[263.437s][info][gc            ] GC(68) Pause Init Update Refs 0.031ms
[263.437s][info][gc,start      ] GC(68) Concurrent update references
[263.437s][info][gc,task       ] GC(68) Using 1 of 1 workers for concurrent reference update
[263.720s][info][gc            ] GC(68) Concurrent update references 282.490ms
[263.722s][info][gc,start      ] GC(68) Pause Final Update Refs
[263.722s][info][gc,task       ] GC(68) Using 1 of 1 workers for final reference update
[263.723s][info][gc            ] GC(68) Pause Final Update Refs 0.557ms
[263.723s][info][gc,start      ] GC(68) Concurrent cleanup
[263.723s][info][gc            ] GC(68) Concurrent cleanup 346M->297M(709M) 0.074ms
[263.723s][info][gc,ergo       ] Free: 1587M, Max: 512K regular, 726M humongous, Frag: 55% external, 0% internal; Reserve: 101888K, Max: 512K
[263.723s][info][gc,stats      ] 
[263.723s][info][gc,stats      ] All times are wall-clock times, except per-root-class counters, that are sum over
[263.723s][info][gc,stats      ] all workers. Dividing the <total> over the root stage time estimates parallelism.
[263.723s][info][gc,stats      ] 
[263.723s][info][gc,stats      ] Concurrent Reset                    746 us
[263.723s][info][gc,stats      ] Pause Init Mark (G)                3992 us
[263.723s][info][gc,stats      ] Pause Init Mark (N)                1598 us
[263.723s][info][gc,stats      ]   Accumulate Stats                   25 us
[263.723s][info][gc,stats      ]   Make Parsable                      18 us
[263.723s][info][gc,stats      ]   Update Region States               37 us
[263.723s][info][gc,stats      ]   Scan Roots                       1453 us, parallelism: 0.83x
[263.723s][info][gc,stats      ]     S: <total>                     1208 us
[263.723s][info][gc,stats      ]     S: Thread Roots                 604 us, workers (us): 604, 
[263.723s][info][gc,stats      ]     S: Universe Roots                 2 us, workers (us):   2, 
[263.723s][info][gc,stats      ]     S: JNI Handles Roots              1 us, workers (us):   1, 
[263.723s][info][gc,stats      ]     S: Synchronizer Roots             0 us, workers (us):   0, 
[263.723s][info][gc,stats      ]     S: Management Roots               1 us, workers (us):   1, 
[263.723s][info][gc,stats      ]     S: System Dict Roots             12 us, workers (us):  12, 
[263.723s][info][gc,stats      ]     S: CLDG Roots                   587 us, workers (us): 587, 
[263.723s][info][gc,stats      ]     S: JVMTI Roots                    0 us, workers (us):   0, 
[263.723s][info][gc,stats      ]   Resize TLABs                       18 us
[263.723s][info][gc,stats      ] Concurrent Marking               424622 us
[263.723s][info][gc,stats      ] Pause Final Mark (G)               2772 us
[263.723s][info][gc,stats      ] Pause Final Mark (N)               2569 us
[263.723s][info][gc,stats      ]   Finish Queues                      18 us
[263.723s][info][gc,stats      ]   System Purge                      287 us
[263.723s][info][gc,stats      ]     Weak Roots                      287 us
[263.723s][info][gc,stats      ]   Update Region States               43 us
[263.723s][info][gc,stats      ]   Retire TLABs                       29 us
[263.723s][info][gc,stats      ]   Choose Collection Set              69 us
[263.723s][info][gc,stats      ]   Rebuild Free Set                   14 us
[263.723s][info][gc,stats      ]   Initial Evacuation               2102 us, parallelism: 0.70x
[263.723s][info][gc,stats      ]     E: <total>                     1481 us
[263.723s][info][gc,stats      ]     E: Thread Roots                 612 us, workers (us): 612, 
[263.723s][info][gc,stats      ]     E: Code Cache Roots             334 us, workers (us): 334, 
[263.723s][info][gc,stats      ]     E: Universe Roots                 1 us, workers (us):   1, 
[263.723s][info][gc,stats      ]     E: JNI Handles Roots              1 us, workers (us):   1, 
[263.723s][info][gc,stats      ]     E: Synchronizer Roots             0 us, workers (us):   0, 
[263.723s][info][gc,stats      ]     E: Management Roots               1 us, workers (us):   1, 
[263.723s][info][gc,stats      ]     E: System Dict Roots             10 us, workers (us):  10, 
[263.723s][info][gc,stats      ]     E: CLDG Roots                   522 us, workers (us): 522, 
[263.723s][info][gc,stats      ]     E: JVMTI Roots                    1 us, workers (us):   1, 
[263.723s][info][gc,stats      ] Concurrent Cleanup                   91 us
[263.723s][info][gc,stats      ] Concurrent Evacuation             20179 us
[263.723s][info][gc,stats      ] Pause Init  Update Refs (G)        2373 us
[263.723s][info][gc,stats      ] Pause Init  Update Refs (N)          19 us
[263.723s][info][gc,stats      ]   Retire GCLABs                      12 us
[263.723s][info][gc,stats      ] Concurrent Update Refs           282479 us
[263.723s][info][gc,stats      ] Pause Final Update Refs (G)        2911 us
[263.723s][info][gc,stats      ] Pause Final Update Refs (N)         534 us
[263.723s][info][gc,stats      ]   Update Roots                      471 us, parallelism: 0.98x
[263.723s][info][gc,stats      ]     UR: <total>                     463 us
[263.723s][info][gc,stats      ]     UR: Thread Roots                463 us, workers (us): 463, 
[263.723s][info][gc,stats      ]   Update Region States               40 us
[263.723s][info][gc,stats      ]   Trash Collection Set                2 us
[263.723s][info][gc,stats      ]   Rebuild Free Set                   13 us
[263.723s][info][gc,stats      ] Concurrent Cleanup                   68 us
[263.723s][info][gc,stats      ] 
[263.723s][info][gc,stats      ] Allocation pacing accrued:
[263.723s][info][gc,stats      ]       0 of  1466 ms (  0.0%): <total>
[263.723s][info][gc,stats      ]       0 of  1466 ms (  0.0%): <average total>
[263.723s][info][gc,stats      ] 
[263.723s][info][gc,metaspace  ] Metaspace: 67604K->67604K(1110016K)
[263.723s][info][gc,ergo       ] Pacer for Idle. Initial: 40724K, Alloc Tax Rate: 1.0x
[268.521s][info][gc            ] Trigger: Average GC time (738.17 ms) is above the time for allocation rate (260 MB/s) to deplete free headroom (191M)
[268.521s][info][gc,ergo       ] Free headroom: 290M (free) - 101788K (spike) - 0B (penalties) = 191M
[268.521s][info][gc,ergo       ] Free: 291M, Max: 512K regular, 291M humongous, Frag: 0% external, 0% internal; Reserve: 101888K, Max: 512K
[268.521s][info][gc,start      ] GC(69) Concurrent reset
[268.521s][info][gc,task       ] GC(69) Using 1 of 1 workers for concurrent reset
[268.521s][info][gc,ergo       ] GC(69) Pacer for Reset. Non-Taxable: 1988M
[268.522s][info][gc            ] GC(69) Concurrent reset 0.357ms
[268.524s][info][gc,start      ] GC(69) Pause Init Mark
[268.524s][info][gc,task       ] GC(69) Using 1 of 1 workers for init marking
[268.525s][info][gc,ergo       ] GC(69) Pacer for Mark. Expected Live: 162M, Free: 291M, Non-Taxable: 29798K, Alloc Tax Rate: 0.7x
[268.526s][info][gc            ] GC(69) Pause Init Mark 1.625ms
[268.526s][info][gc,start      ] GC(69) Concurrent marking
[268.526s][info][gc,task       ] GC(69) Using 1 of 1 workers for concurrent marking
[268.936s][info][gc            ] GC(69) Concurrent marking 410.321ms
[268.936s][info][gc,start      ] GC(69) Pause Final Mark
[268.936s][info][gc,task       ] GC(69) Using 1 of 1 workers for final marking
[268.936s][info][gc,ergo       ] GC(69) Adaptive CSet Selection. Target Free: 281M, Actual Free: 1533M, Max CSet: 84823K, Min Garbage: 0B
[268.937s][info][gc,ergo       ] GC(69) Collectable Garbage: 1393M (99%), Immediate: 1191M (85%), CSet: 202M (14%)
[268.939s][info][gc,ergo       ] GC(69) Pacer for Evacuation. Used CSet: 237M, Free: 1452M, Non-Taxable: 145M, Alloc Tax Rate: 1.1x
[268.939s][info][gc            ] GC(69) Pause Final Mark 2.610ms
[268.939s][info][gc,start      ] GC(69) Concurrent cleanup
[268.939s][info][gc            ] GC(69) Concurrent cleanup 1625M->434M(1680M) 0.169ms
[268.939s][info][gc,ergo       ] GC(69) Free: 1451M, Max: 512K regular, 389M humongous, Frag: 74% external, 0% internal; Reserve: 101871K, Max: 512K
[268.939s][info][gc,start      ] GC(69) Concurrent evacuation
[268.939s][info][gc,task       ] GC(69) Using 1 of 1 workers for concurrent evacuation
[269.006s][info][gc            ] GC(69) Concurrent evacuation 67.293ms
[269.009s][info][gc,start      ] GC(69) Pause Init Update Refs
[269.009s][info][gc,ergo       ] GC(69) Pacer for Update Refs. Used: 479M, Free: 1441M, Non-Taxable: 144M, Alloc Tax Rate: 1.1x
[269.009s][info][gc            ] GC(69) Pause Init Update Refs 0.030ms
[269.009s][info][gc,start      ] GC(69) Concurrent update references
[269.009s][info][gc,task       ] GC(69) Using 1 of 1 workers for concurrent reference update
[269.338s][info][gc            ] GC(69) Concurrent update references 329.009ms
[269.340s][info][gc,start      ] GC(69) Pause Final Update Refs
[269.340s][info][gc,task       ] GC(69) Using 1 of 1 workers for final reference update
[269.341s][info][gc            ] GC(69) Pause Final Update Refs 0.578ms
[269.341s][info][gc,start      ] GC(69) Concurrent cleanup
[269.341s][info][gc            ] GC(69) Concurrent cleanup 540M->303M(1680M) 0.109ms
[269.341s][info][gc,ergo       ] Free: 1583M, Max: 512K regular, 712M humongous, Frag: 56% external, 0% internal; Reserve: 101888K, Max: 512K
[269.341s][info][gc,stats      ] 
[269.341s][info][gc,stats      ] All times are wall-clock times, except per-root-class counters, that are sum over
[269.341s][info][gc,stats      ] all workers. Dividing the <total> over the root stage time estimates parallelism.
[269.341s][info][gc,stats      ] 
[269.341s][info][gc,stats      ] Concurrent Reset                    346 us
[269.341s][info][gc,stats      ] Pause Init Mark (G)                3969 us
[269.341s][info][gc,stats      ] Pause Init Mark (N)                1611 us
[269.341s][info][gc,stats      ]   Accumulate Stats                   74 us
[269.341s][info][gc,stats      ]   Make Parsable                      17 us
[269.341s][info][gc,stats      ]   Update Region States               40 us
[269.341s][info][gc,stats      ]   Scan Roots                       1435 us, parallelism: 0.82x
[269.341s][info][gc,stats      ]     S: <total>                     1181 us
[269.341s][info][gc,stats      ]     S: Thread Roots                 596 us, workers (us): 596, 
[269.341s][info][gc,stats      ]     S: Universe Roots                 2 us, workers (us):   2, 
[269.341s][info][gc,stats      ]     S: JNI Handles Roots              1 us, workers (us):   1, 
[269.341s][info][gc,stats      ]     S: Synchronizer Roots             0 us, workers (us):   0, 
[269.341s][info][gc,stats      ]     S: Management Roots               1 us, workers (us):   1, 
[269.341s][info][gc,stats      ]     S: System Dict Roots             12 us, workers (us):  12, 
[269.341s][info][gc,stats      ]     S: CLDG Roots                   568 us, workers (us): 568, 
[269.341s][info][gc,stats      ]     S: JVMTI Roots                    1 us, workers (us):   1, 
[269.341s][info][gc,stats      ]   Resize TLABs                       14 us
[269.341s][info][gc,stats      ] Concurrent Marking               410315 us
[269.341s][info][gc,stats      ] Pause Final Mark (G)               2824 us
[269.341s][info][gc,stats      ] Pause Final Mark (N)               2598 us
[269.341s][info][gc,stats      ]   Finish Queues                      16 us
[269.341s][info][gc,stats      ]   System Purge                      286 us
[269.341s][info][gc,stats      ]     Weak Roots                      285 us
[269.341s][info][gc,stats      ]   Update Region States               43 us
[269.341s][info][gc,stats      ]   Retire TLABs                       17 us
[269.341s][info][gc,stats      ]   Choose Collection Set             117 us
[269.341s][info][gc,stats      ]   Rebuild Free Set                   13 us
[269.341s][info][gc,stats      ]   Initial Evacuation               2099 us, parallelism: 0.70x
[269.341s][info][gc,stats      ]     E: <total>                     1477 us
[269.341s][info][gc,stats      ]     E: Thread Roots                 556 us, workers (us): 556, 
[269.341s][info][gc,stats      ]     E: Code Cache Roots             376 us, workers (us): 376, 
[269.341s][info][gc,stats      ]     E: Universe Roots                 1 us, workers (us):   1, 
[269.341s][info][gc,stats      ]     E: JNI Handles Roots              1 us, workers (us):   1, 
[269.341s][info][gc,stats      ]     E: Synchronizer Roots             0 us, workers (us):   0, 
[269.341s][info][gc,stats      ]     E: Management Roots               1 us, workers (us):   1, 
[269.341s][info][gc,stats      ]     E: System Dict Roots              9 us, workers (us):   9, 
[269.341s][info][gc,stats      ]     E: CLDG Roots                   533 us, workers (us): 533, 
[269.341s][info][gc,stats      ]     E: JVMTI Roots                    0 us, workers (us):   0, 
[269.341s][info][gc,stats      ] Concurrent Cleanup                  162 us
[269.341s][info][gc,stats      ] Concurrent Evacuation             67283 us
[269.341s][info][gc,stats      ] Pause Init  Update Refs (G)        2372 us
[269.341s][info][gc,stats      ] Pause Init  Update Refs (N)          17 us
[269.341s][info][gc,stats      ]   Retire GCLABs                       9 us
[269.341s][info][gc,stats      ] Concurrent Update Refs           328998 us
[269.341s][info][gc,stats      ] Pause Final Update Refs (G)        3021 us
[269.341s][info][gc,stats      ] Pause Final Update Refs (N)         531 us
[269.341s][info][gc,stats      ]   Update Roots                      461 us, parallelism: 0.98x
[269.341s][info][gc,stats      ]     UR: <total>                     451 us
[269.341s][info][gc,stats      ]     UR: Thread Roots                451 us, workers (us): 451, 
[269.341s][info][gc,stats      ]   Update Region States               41 us
[269.341s][info][gc,stats      ]   Trash Collection Set                4 us
[269.341s][info][gc,stats      ]   Rebuild Free Set                   13 us
[269.341s][info][gc,stats      ] Concurrent Cleanup                  101 us
[269.341s][info][gc,stats      ] Pacing                           118550 us
[269.341s][info][gc,stats      ] 
[269.341s][info][gc,stats      ] Allocation pacing accrued:
[269.341s][info][gc,stats      ]     119 of  5618 ms (  2.1%): Executor task launch worker for task 1.0 in stage 93.0 (TID 133)
[269.341s][info][gc,stats      ]     119 of  5618 ms (  2.1%): <total>
[269.341s][info][gc,stats      ]       1 of  5618 ms (  0.0%): <average total>
[269.341s][info][gc,stats      ]     119 of  5618 ms (  2.1%): <average non-zero>
[269.341s][info][gc,stats      ] 
[269.341s][info][gc,metaspace  ] Metaspace: 67647K->67647K(1110016K)
[269.341s][info][gc,ergo       ] Pacer for Idle. Initial: 40724K, Alloc Tax Rate: 1.0x
[274.230s][info][gc            ] Trigger: Average GC time (845.75 ms) is above the time for allocation rate (245 MB/s) to deplete free headroom (204M)
[274.230s][info][gc,ergo       ] Free headroom: 303M (free) - 101788K (spike) - 0B (penalties) = 204M
[274.230s][info][gc,ergo       ] Free: 304M, Max: 512K regular, 221M humongous, Frag: 28% external, 0% internal; Reserve: 101888K, Max: 512K
[274.230s][info][gc,start      ] GC(70) Concurrent reset
[274.230s][info][gc,task       ] GC(70) Using 1 of 1 workers for concurrent reset
[274.230s][info][gc,ergo       ] GC(70) Pacer for Reset. Non-Taxable: 1988M
[274.231s][info][gc            ] GC(70) Concurrent reset 0.771ms
[274.234s][info][gc,start      ] GC(70) Pause Init Mark (process weakrefs)
[274.234s][info][gc,task       ] GC(70) Using 1 of 1 workers for init marking
[274.236s][info][gc,ergo       ] GC(70) Pacer for Mark. Expected Live: 170M, Free: 304M, Non-Taxable: 31129K, Alloc Tax Rate: 0.7x
[274.236s][info][gc            ] GC(70) Pause Init Mark (process weakrefs) 1.528ms
[274.236s][info][gc,start      ] GC(70) Concurrent marking (process weakrefs)
[274.236s][info][gc,task       ] GC(70) Using 1 of 1 workers for concurrent marking
[274.616s][info][gc            ] GC(70) Concurrent marking (process weakrefs) 380.712ms
[274.616s][info][gc,start      ] GC(70) Concurrent precleaning
[274.616s][info][gc,task       ] GC(70) Using 1 of 1 workers for concurrent preclean
[274.616s][info][gc,ergo       ] GC(70) Pacer for Precleaning. Non-Taxable: 1988M
[274.624s][info][gc            ] GC(70) Concurrent precleaning 7.405ms
[274.627s][info][gc,start      ] GC(70) Pause Final Mark (process weakrefs)
[274.627s][info][gc,task       ] GC(70) Using 1 of 1 workers for final marking
[274.627s][info][gc,ergo       ] GC(70) Collectable Garbage: 1359M (96%), Immediate: 1359M (96%), CSet: 0B (0%)
[274.627s][info][gc            ] GC(70) Pause Final Mark (process weakrefs) 0.455ms
[274.627s][info][gc,start      ] GC(70) Concurrent cleanup
[274.627s][info][gc            ] GC(70) Concurrent cleanup 1611M->252M(1680M) 0.176ms
[274.627s][info][gc,ergo       ] GC(70) Free: 1633M, Max: 512K regular, 591M humongous, Frag: 64% external, 0% internal; Reserve: 101888K, Max: 512K
[274.627s][info][gc,ergo       ] Free: 1633M, Max: 512K regular, 591M humongous, Frag: 64% external, 0% internal; Reserve: 101888K, Max: 512K
[274.627s][info][gc,stats      ] 
[274.627s][info][gc,stats      ] All times are wall-clock times, except per-root-class counters, that are sum over
[274.627s][info][gc,stats      ] all workers. Dividing the <total> over the root stage time estimates parallelism.
[274.627s][info][gc,stats      ] 
[274.627s][info][gc,stats      ] Concurrent Reset                    758 us
[274.627s][info][gc,stats      ] Pause Init Mark (G)                4601 us
[274.627s][info][gc,stats      ] Pause Init Mark (N)                1508 us
[274.627s][info][gc,stats      ]   Accumulate Stats                   19 us
[274.627s][info][gc,stats      ]   Make Parsable                      16 us
[274.627s][info][gc,stats      ]   Update Region States               41 us
[274.627s][info][gc,stats      ]   Scan Roots                       1394 us, parallelism: 0.83x
[274.627s][info][gc,stats      ]     S: <total>                     1151 us
[274.627s][info][gc,stats      ]     S: Thread Roots                 515 us, workers (us): 515, 
[274.627s][info][gc,stats      ]     S: Universe Roots                 2 us, workers (us):   2, 
[274.627s][info][gc,stats      ]     S: JNI Handles Roots              1 us, workers (us):   1, 
[274.627s][info][gc,stats      ]     S: Synchronizer Roots             0 us, workers (us):   0, 
[274.627s][info][gc,stats      ]     S: Management Roots               1 us, workers (us):   1, 
[274.627s][info][gc,stats      ]     S: System Dict Roots             12 us, workers (us):  12, 
[274.628s][info][gc,stats      ]     S: CLDG Roots                   618 us, workers (us): 618, 
[274.628s][info][gc,stats      ]     S: JVMTI Roots                    1 us, workers (us):   1, 
[274.628s][info][gc,stats      ]   Resize TLABs                       12 us
[274.628s][info][gc,stats      ] Concurrent Marking               380705 us
[274.628s][info][gc,stats      ] Concurrent Precleaning             7392 us
[274.628s][info][gc,stats      ] Pause Final Mark (G)               3382 us
[274.628s][info][gc,stats      ] Pause Final Mark (N)                440 us
[274.628s][info][gc,stats      ]   Finish Queues                      32 us
[274.628s][info][gc,stats      ]   Weak References                    31 us
[274.628s][info][gc,stats      ]     Process                          29 us
[274.628s][info][gc,stats      ]   System Purge                      256 us
[274.628s][info][gc,stats      ]     Weak Roots                      256 us
[274.628s][info][gc,stats      ]   Update Region States               46 us
[274.628s][info][gc,stats      ]   Retire TLABs                       15 us
[274.628s][info][gc,stats      ]   Choose Collection Set              39 us
[274.628s][info][gc,stats      ]   Rebuild Free Set                   14 us
[274.628s][info][gc,stats      ] Concurrent Cleanup                  169 us
[274.628s][info][gc,stats      ] Pacing                           130539 us
[274.628s][info][gc,stats      ] 
[274.628s][info][gc,stats      ] Allocation pacing accrued:
[274.628s][info][gc,stats      ]      35 of  5286 ms (  0.7%): main
[274.628s][info][gc,stats      ]      17 of  5286 ms (  0.3%): dispatcher-event-loop-0
[274.628s][info][gc,stats      ]      12 of  5286 ms (  0.2%): dispatcher-BlockManagerMaster
[274.628s][info][gc,stats      ]      12 of  5286 ms (  0.2%): netty-rpc-env-timeout
[274.628s][info][gc,stats      ]      28 of  5286 ms (  0.5%): dag-scheduler-event-loop
[274.628s][info][gc,stats      ]      13 of  5286 ms (  0.2%): spark-listener-group-appStatus
[274.628s][info][gc,stats      ]      13 of  5286 ms (  0.2%): Executor task launch worker for task 0.0 in stage 102.0 (TID 141)
[274.628s][info][gc,stats      ]     131 of  5286 ms (  2.5%): <total>
[274.628s][info][gc,stats      ]       1 of  5286 ms (  0.0%): <average total>
[274.628s][info][gc,stats      ]      19 of  5286 ms (  0.4%): <average non-zero>
[274.628s][info][gc,stats      ] 
[274.628s][info][gc,metaspace  ] Metaspace: 67761K->67864K(1110016K)
[274.628s][info][gc,ergo       ] Pacer for Idle. Initial: 40724K, Alloc Tax Rate: 1.0x
[277.901s][info][gc            ] Trigger: Average GC time (703.96 ms) is above the time for allocation rate (363 MB/s) to deplete free headroom (254M)
[277.901s][info][gc,ergo       ] Free headroom: 354M (free) - 101788K (spike) - 0B (penalties) = 254M
[277.901s][info][gc,ergo       ] Free: 354M, Max: 512K regular, 331M humongous, Frag: 7% external, 1% internal; Reserve: 101888K, Max: 512K
[277.901s][info][gc,start      ] GC(71) Concurrent reset
[277.901s][info][gc,task       ] GC(71) Using 1 of 1 workers for concurrent reset
[277.901s][info][gc,ergo       ] GC(71) Pacer for Reset. Non-Taxable: 1988M
[277.902s][info][gc            ] GC(71) Concurrent reset 0.375ms
[277.910s][info][gc,start      ] GC(71) Pause Init Mark
[277.910s][info][gc,task       ] GC(71) Using 1 of 1 workers for init marking
[277.912s][info][gc,ergo       ] GC(71) Pacer for Mark. Expected Live: 164M, Free: 354M, Non-Taxable: 36319K, Alloc Tax Rate: 0.6x
[277.912s][info][gc            ] GC(71) Pause Init Mark 1.709ms
[277.912s][info][gc,start      ] GC(71) Concurrent marking
[277.912s][info][gc,task       ] GC(71) Using 1 of 1 workers for concurrent marking
[278.538s][info][gc            ] GC(71) Concurrent marking 625.571ms
[278.538s][info][gc,start      ] GC(71) Pause Final Mark
[278.538s][info][gc,task       ] GC(71) Using 1 of 1 workers for final marking
[278.538s][info][gc,ergo       ] GC(71) Adaptive CSet Selection. Target Free: 281M, Actual Free: 1375M, Max CSet: 84823K, Min Garbage: 0B
[278.538s][info][gc,ergo       ] GC(71) Collectable Garbage: 1303M (99%), Immediate: 945M (72%), CSet: 357M (27%)
[278.541s][info][gc,ergo       ] GC(71) Pacer for Evacuation. Used CSet: 404M, Free: 1311M, Non-Taxable: 131M, Alloc Tax Rate: 1.1x
[278.541s][info][gc            ] GC(71) Pause Final Mark 2.678ms
[278.541s][info][gc,start      ] GC(71) Concurrent cleanup
[278.541s][info][gc            ] GC(71) Concurrent cleanup 1519M->573M(1680M) 0.152ms
[278.541s][info][gc,ergo       ] GC(71) Free: 1311M, Max: 512K regular, 330M humongous, Frag: 75% external, 0% internal; Reserve: 101857K, Max: 512K
[278.541s][info][gc,start      ] GC(71) Concurrent evacuation
[278.541s][info][gc,task       ] GC(71) Using 1 of 1 workers for concurrent evacuation
[278.670s][info][gc            ] GC(71) Concurrent evacuation 128.892ms
[278.673s][info][gc,start      ] GC(71) Pause Init Update Refs
[278.673s][info][gc,ergo       ] GC(71) Pacer for Update Refs. Used: 627M, Free: 1303M, Non-Taxable: 130M, Alloc Tax Rate: 1.1x
[278.673s][info][gc            ] GC(71) Pause Init Update Refs 0.038ms
[278.673s][info][gc,start      ] GC(71) Concurrent update references
[278.673s][info][gc,task       ] GC(71) Using 1 of 1 workers for concurrent reference update
[279.109s][info][gc            ] GC(71) Concurrent update references 435.666ms
[279.109s][info][gc,start      ] GC(71) Pause Final Update Refs
[279.109s][info][gc,task       ] GC(71) Using 1 of 1 workers for final reference update
[279.110s][info][gc            ] GC(71) Pause Final Update Refs 0.521ms
[279.110s][info][gc,start      ] GC(71) Concurrent cleanup
[279.110s][info][gc            ] GC(71) Concurrent cleanup 666M->262M(1682M) 0.103ms
[279.110s][info][gc,ergo       ] Free: 1618M, Max: 512K regular, 355M humongous, Frag: 79% external, 0% internal; Reserve: 101888K, Max: 512K
[279.110s][info][gc,stats      ] 
[279.110s][info][gc,stats      ] All times are wall-clock times, except per-root-class counters, that are sum over
[279.110s][info][gc,stats      ] all workers. Dividing the <total> over the root stage time estimates parallelism.
[279.110s][info][gc,stats      ] 
[279.110s][info][gc,stats      ] Concurrent Reset                    364 us
[279.110s][info][gc,stats      ] Pause Init Mark (G)               10448 us
[279.110s][info][gc,stats      ] Pause Init Mark (N)                1667 us
[279.110s][info][gc,stats      ]   Accumulate Stats                   21 us
[279.110s][info][gc,stats      ]   Make Parsable                      22 us
[279.110s][info][gc,stats      ]   Update Region States               56 us
[279.110s][info][gc,stats      ]   Scan Roots                       1515 us, parallelism: 0.84x
[279.110s][info][gc,stats      ]     S: <total>                     1267 us
[279.110s][info][gc,stats      ]     S: Thread Roots                 636 us, workers (us): 636, 
[279.110s][info][gc,stats      ]     S: Universe Roots                 2 us, workers (us):   2, 
[279.110s][info][gc,stats      ]     S: JNI Handles Roots              2 us, workers (us):   2, 
[279.110s][info][gc,stats      ]     S: Synchronizer Roots             0 us, workers (us):   0, 
[279.110s][info][gc,stats      ]     S: Management Roots               2 us, workers (us):   2, 
[279.110s][info][gc,stats      ]     S: System Dict Roots             13 us, workers (us):  13, 
[279.110s][info][gc,stats      ]     S: CLDG Roots                   613 us, workers (us): 613, 
[279.110s][info][gc,stats      ]     S: JVMTI Roots                    1 us, workers (us):   1, 
[279.110s][info][gc,stats      ]   Resize TLABs                       17 us
[279.110s][info][gc,stats      ] Concurrent Marking               625563 us
[279.110s][info][gc,stats      ] Pause Final Mark (G)               2848 us
[279.110s][info][gc,stats      ] Pause Final Mark (N)               2667 us
[279.110s][info][gc,stats      ]   Finish Queues                      16 us
[279.110s][info][gc,stats      ]   System Purge                      248 us
[279.110s][info][gc,stats      ]     Weak Roots                      247 us
[279.110s][info][gc,stats      ]   Update Region States               44 us
[279.110s][info][gc,stats      ]   Retire TLABs                       13 us
[279.110s][info][gc,stats      ]   Choose Collection Set             179 us
[279.110s][info][gc,stats      ]   Rebuild Free Set                   14 us
[279.110s][info][gc,stats      ]   Initial Evacuation               2146 us, parallelism: 0.69x
[279.110s][info][gc,stats      ]     E: <total>                     1483 us
[279.110s][info][gc,stats      ]     E: Thread Roots                 534 us, workers (us): 534, 
[279.110s][info][gc,stats      ]     E: Code Cache Roots             380 us, workers (us): 380, 
[279.110s][info][gc,stats      ]     E: Universe Roots                 1 us, workers (us):   1, 
[279.110s][info][gc,stats      ]     E: JNI Handles Roots              1 us, workers (us):   1, 
[279.110s][info][gc,stats      ]     E: Synchronizer Roots             0 us, workers (us):   0, 
[279.110s][info][gc,stats      ]     E: Management Roots               1 us, workers (us):   1, 
[279.110s][info][gc,stats      ]     E: System Dict Roots              8 us, workers (us):   8, 
[279.110s][info][gc,stats      ]     E: CLDG Roots                   558 us, workers (us): 558, 
[279.110s][info][gc,stats      ]     E: JVMTI Roots                    0 us, workers (us):   0, 
[279.110s][info][gc,stats      ] Concurrent Cleanup                  145 us
[279.110s][info][gc,stats      ] Concurrent Evacuation            128882 us
[279.110s][info][gc,stats      ] Pause Init  Update Refs (G)        3345 us
[279.110s][info][gc,stats      ] Pause Init  Update Refs (N)          17 us
[279.110s][info][gc,stats      ]   Retire GCLABs                      10 us
[279.110s][info][gc,stats      ] Concurrent Update Refs           435656 us
[279.110s][info][gc,stats      ] Pause Final Update Refs (G)         884 us
[279.110s][info][gc,stats      ] Pause Final Update Refs (N)         494 us
[279.110s][info][gc,stats      ]   Update Roots                      423 us, parallelism: 0.99x
[279.110s][info][gc,stats      ]     UR: <total>                     417 us
[279.110s][info][gc,stats      ]     UR: Thread Roots                417 us, workers (us): 417, 
[279.110s][info][gc,stats      ]   Update Region States               43 us
[279.110s][info][gc,stats      ]   Trash Collection Set                6 us
[279.110s][info][gc,stats      ]   Rebuild Free Set                   15 us
[279.110s][info][gc,stats      ] Concurrent Cleanup                   97 us
[279.110s][info][gc,stats      ] 
[279.110s][info][gc,stats      ] Allocation pacing accrued:
[279.110s][info][gc,stats      ]       0 of  4482 ms (  0.0%): <total>
[279.110s][info][gc,stats      ]       0 of  4482 ms (  0.0%): <average total>
[279.110s][info][gc,stats      ] 
[279.110s][info][gc,metaspace  ] Metaspace: 67921K->67922K(1110016K)
[279.110s][info][gc,ergo       ] Pacer for Idle. Initial: 40724K, Alloc Tax Rate: 1.0x
[279.734s][info][gc            ] Trigger: Explicit GC request (System.gc())
[279.734s][info][gc,ergo       ] Free: 822M, Max: 512K regular, 285M humongous, Frag: 66% external, 0% internal; Reserve: 101888K, Max: 512K
[279.735s][info][gc,start      ] GC(72) Concurrent reset
[279.735s][info][gc,task       ] GC(72) Using 1 of 1 workers for concurrent reset
[279.735s][info][gc,ergo       ] GC(72) Pacer for Reset. Non-Taxable: 1988M
[279.736s][info][gc            ] GC(72) Concurrent reset 1.107ms
[279.736s][info][gc,start      ] GC(72) Pause Init Mark (process weakrefs) (unload classes)
[279.736s][info][gc,task       ] GC(72) Using 1 of 1 workers for init marking
[279.737s][info][gc,ergo       ] GC(72) Pacer for Mark. Expected Live: 173M, Free: 822M, Non-Taxable: 84196K, Alloc Tax Rate: 0.3x
[279.737s][info][gc            ] GC(72) Pause Init Mark (process weakrefs) (unload classes) 0.970ms
[279.737s][info][gc,start      ] GC(72) Concurrent marking (process weakrefs) (unload classes)
[279.737s][info][gc,task       ] GC(72) Using 1 of 1 workers for concurrent marking
[279.952s][info][gc            ] GC(72) Concurrent marking (process weakrefs) (unload classes) 215.337ms
[279.952s][info][gc,start      ] GC(72) Concurrent precleaning
[279.952s][info][gc,task       ] GC(72) Using 1 of 1 workers for concurrent preclean
[279.952s][info][gc,ergo       ] GC(72) Pacer for Precleaning. Non-Taxable: 1988M
[279.953s][info][gc            ] GC(72) Concurrent precleaning 0.292ms
[279.953s][info][gc,start      ] GC(72) Pause Final Mark (process weakrefs) (unload classes)
[279.953s][info][gc,task       ] GC(72) Using 1 of 1 workers for final marking
[279.984s][info][gc,stringtable] GC(72) Cleaned string and symbol table, strings: 20398 processed, 0 removed, symbols: 140175 processed, 257 removed
[279.985s][info][gc,ergo       ] GC(72) Collectable Garbage: 893M (98%), Immediate: 893M (98%), CSet: 0B (0%)
[279.985s][info][gc            ] GC(72) Pause Final Mark (process weakrefs) (unload classes) 31.944ms
[279.985s][info][gc,start      ] GC(72) Concurrent cleanup
[279.985s][info][gc            ] GC(72) Concurrent cleanup 1049M->156M(1682M) 0.140ms
[279.985s][info][gc,ergo       ] GC(72) Free: 1731M, Max: 512K regular, 413M humongous, Frag: 77% external, 0% internal; Reserve: 101888K, Max: 512K
[279.985s][info][gc,ergo       ] Free: 1731M, Max: 512K regular, 413M humongous, Frag: 77% external, 0% internal; Reserve: 101888K, Max: 512K
[279.985s][info][gc,stats      ] 
[279.985s][info][gc,stats      ] All times are wall-clock times, except per-root-class counters, that are sum over
[279.985s][info][gc,stats      ] all workers. Dividing the <total> over the root stage time estimates parallelism.
[279.985s][info][gc,stats      ] 
[279.985s][info][gc,stats      ] Concurrent Reset                   1084 us
[279.985s][info][gc,stats      ] Pause Init Mark (G)                1320 us
[279.985s][info][gc,stats      ] Pause Init Mark (N)                 960 us
[279.985s][info][gc,stats      ]   Accumulate Stats                   22 us
[279.985s][info][gc,stats      ]   Make Parsable                      18 us
[279.985s][info][gc,stats      ]   Update Region States               36 us
[279.985s][info][gc,stats      ]   Scan Roots                        852 us, parallelism: 0.67x
[279.985s][info][gc,stats      ]     S: <total>                      573 us
[279.985s][info][gc,stats      ]     S: Thread Roots                 458 us, workers (us): 458, 
[279.985s][info][gc,stats      ]     S: Universe Roots                 2 us, workers (us):   2, 
[279.985s][info][gc,stats      ]     S: JNI Handles Roots              1 us, workers (us):   1, 
[279.985s][info][gc,stats      ]     S: Synchronizer Roots             0 us, workers (us):   0, 
[279.985s][info][gc,stats      ]     S: Management Roots               2 us, workers (us):   2, 
[279.985s][info][gc,stats      ]     S: System Dict Roots             10 us, workers (us):  10, 
[279.985s][info][gc,stats      ]     S: CLDG Roots                    99 us, workers (us):  99, 
[279.985s][info][gc,stats      ]     S: JVMTI Roots                    0 us, workers (us):   0, 
[279.985s][info][gc,stats      ]   Resize TLABs                        8 us
[279.985s][info][gc,stats      ] Concurrent Marking               215330 us
[279.985s][info][gc,stats      ] Concurrent Precleaning              282 us
[279.985s][info][gc,stats      ] Pause Final Mark (G)              32148 us
[279.985s][info][gc,stats      ] Pause Final Mark (N)              31936 us
[279.985s][info][gc,stats      ]   Finish Queues                     160 us
[279.985s][info][gc,stats      ]   Weak References                    63 us
[279.985s][info][gc,stats      ]     Process                          62 us
[279.985s][info][gc,stats      ]   System Purge                      296 us
[279.985s][info][gc,stats      ]     Unload Classes                 1043 us
[279.985s][info][gc,stats      ]     Cleanup                       29940 us, parallelism: 1.00x
[279.985s][info][gc,stats      ]       CU: <total>                 29880 us
[279.985s][info][gc,stats      ]       CU: Code Cache Roots        13877 us, workers (us): 13877, 
[279.985s][info][gc,stats      ]       CU: Code Cache Cleaning      2312 us, workers (us): 2312, 
[279.985s][info][gc,stats      ]       CU: String Table Roots       6060 us, workers (us): 6060, 
[279.985s][info][gc,stats      ]       CU: Resolved Table Roots      136 us, workers (us): 136, 
[279.985s][info][gc,stats      ]       CU: CLDG Roots               7494 us, workers (us): 7494, 
[279.985s][info][gc,stats      ]     Weak Roots                      295 us
[279.985s][info][gc,stats      ]     CLDG                            292 us
[279.985s][info][gc,stats      ]   Update Region States               46 us
[279.985s][info][gc,stats      ]   Retire TLABs                       35 us
[279.985s][info][gc,stats      ]   Choose Collection Set              39 us
[279.985s][info][gc,stats      ]   Rebuild Free Set                   14 us
[279.985s][info][gc,stats      ] Concurrent Cleanup                  134 us
[279.985s][info][gc,stats      ] 
[279.985s][info][gc,stats      ] Allocation pacing accrued:
[279.985s][info][gc,stats      ]       0 of   875 ms (  0.0%): <total>
[279.985s][info][gc,stats      ]       0 of   875 ms (  0.0%): <average total>
[279.985s][info][gc,stats      ] 
[279.985s][info][gc,metaspace  ] Metaspace: 67956K->67477K(1110016K)
[279.985s][info][gc,ergo       ] Pacer for Idle. Initial: 40724K, Alloc Tax Rate: 1.0x
[279.985s][info][gc,start      ] Concurrent uncommit
[280.041s][info][gc            ] Concurrent uncommit 156M->156M(158M) 55.724ms
[281.112s][info][gc            ] Trigger: Learning 2 of 5. Free (1391M) is below initial threshold (1391M)
[281.112s][info][gc,ergo       ] Free: 1391M, Max: 512K regular, 413M humongous, Frag: 71% external, 0% internal; Reserve: 101888K, Max: 512K
[281.112s][info][gc,start      ] GC(73) Concurrent reset
[281.112s][info][gc,task       ] GC(73) Using 1 of 1 workers for concurrent reset
[281.112s][info][gc,ergo       ] GC(73) Pacer for Reset. Non-Taxable: 1988M
[281.112s][info][gc            ] GC(73) Concurrent reset 0.292ms
[281.115s][info][gc,start      ] GC(73) Pause Init Mark
[281.115s][info][gc,task       ] GC(73) Using 1 of 1 workers for init marking
[281.116s][info][gc,ergo       ] GC(73) Pacer for Mark. Expected Live: 163M, Free: 1391M, Non-Taxable: 139M, Alloc Tax Rate: 0.1x
[281.116s][info][gc            ] GC(73) Pause Init Mark 1.760ms
[281.117s][info][gc,start      ] GC(73) Concurrent marking
[281.117s][info][gc,task       ] GC(73) Using 1 of 1 workers for concurrent marking
[281.667s][info][gc            ] GC(73) Concurrent marking 550.166ms
[281.667s][info][gc,start      ] GC(73) Pause Final Mark
[281.667s][info][gc,task       ] GC(73) Using 1 of 1 workers for final marking
[281.667s][info][gc,ergo       ] GC(73) Adaptive CSet Selection. Target Free: 281M, Actual Free: 1418M, Max CSet: 84823K, Min Garbage: 0B
[281.667s][info][gc,ergo       ] GC(73) Collectable Garbage: 299M (99%), Immediate: 19985K (6%), CSet: 280M (92%)
[281.671s][info][gc,ergo       ] GC(73) Pacer for Evacuation. Used CSet: 321M, Free: 1323M, Non-Taxable: 132M, Alloc Tax Rate: 1.1x
[281.671s][info][gc            ] GC(73) Pause Final Mark 4.519ms
[281.671s][info][gc,start      ] GC(73) Concurrent cleanup
[281.672s][info][gc            ] GC(73) Concurrent cleanup 582M->563M(590M) 0.075ms
[281.672s][info][gc,ergo       ] GC(73) Free: 1323M, Max: 512K regular, 413M humongous, Frag: 69% external, 0% internal; Reserve: 101376K, Max: 512K
[281.672s][info][gc,start      ] GC(73) Concurrent evacuation
[281.672s][info][gc,task       ] GC(73) Using 1 of 1 workers for concurrent evacuation
[281.778s][info][gc            ] GC(73) Concurrent evacuation 106.491ms
[281.780s][info][gc,start      ] GC(73) Pause Init Update Refs
[281.781s][info][gc,ergo       ] GC(73) Pacer for Update Refs. Used: 619M, Free: 1308M, Non-Taxable: 130M, Alloc Tax Rate: 1.1x
[281.781s][info][gc            ] GC(73) Pause Init Update Refs 0.035ms
[281.781s][info][gc,start      ] GC(73) Concurrent update references
[281.781s][info][gc,task       ] GC(73) Using 1 of 1 workers for concurrent reference update
[282.201s][info][gc            ] GC(73) Concurrent update references 420.590ms
[282.205s][info][gc,start      ] GC(73) Pause Final Update Refs
[282.205s][info][gc,task       ] GC(73) Using 1 of 1 workers for final reference update
[282.205s][info][gc            ] GC(73) Pause Final Update Refs 0.623ms
[282.205s][info][gc,start      ] GC(73) Concurrent cleanup
[282.206s][info][gc            ] GC(73) Concurrent cleanup 686M->365M(689M) 0.096ms
[282.206s][info][gc,ergo       ] Free: 1521M, Max: 512K regular, 700M humongous, Frag: 54% external, 0% internal; Reserve: 101888K, Max: 512K
[282.206s][info][gc,stats      ] 
[282.206s][info][gc,stats      ] All times are wall-clock times, except per-root-class counters, that are sum over
[282.206s][info][gc,stats      ] all workers. Dividing the <total> over the root stage time estimates parallelism.
[282.206s][info][gc,stats      ] 
[282.206s][info][gc,stats      ] Concurrent Reset                    274 us
[282.206s][info][gc,stats      ] Pause Init Mark (G)                4203 us
[282.206s][info][gc,stats      ] Pause Init Mark (N)                1735 us
[282.206s][info][gc,stats      ]   Accumulate Stats                   28 us
[282.206s][info][gc,stats      ]   Make Parsable                      20 us
[282.206s][info][gc,stats      ]   Update Region States               43 us
[282.206s][info][gc,stats      ]   Scan Roots                       1582 us, parallelism: 0.84x
[282.206s][info][gc,stats      ]     S: <total>                     1327 us
[282.206s][info][gc,stats      ]     S: Thread Roots                 649 us, workers (us): 649, 
[282.206s][info][gc,stats      ]     S: Universe Roots                 2 us, workers (us):   2, 
[282.206s][info][gc,stats      ]     S: JNI Handles Roots              1 us, workers (us):   1, 
[282.206s][info][gc,stats      ]     S: Synchronizer Roots             0 us, workers (us):   0, 
[282.206s][info][gc,stats      ]     S: Management Roots               1 us, workers (us):   1, 
[282.206s][info][gc,stats      ]     S: System Dict Roots             11 us, workers (us):  11, 
[282.206s][info][gc,stats      ]     S: CLDG Roots                   661 us, workers (us): 661, 
[282.206s][info][gc,stats      ]     S: JVMTI Roots                    1 us, workers (us):   1, 
[282.206s][info][gc,stats      ]   Resize TLABs                       20 us
[282.206s][info][gc,stats      ] Concurrent Marking               550158 us
[282.206s][info][gc,stats      ] Pause Final Mark (G)               4728 us
[282.206s][info][gc,stats      ] Pause Final Mark (N)               4505 us
[282.206s][info][gc,stats      ]   Finish Queues                      17 us
[282.206s][info][gc,stats      ]   System Purge                      264 us
[282.206s][info][gc,stats      ]     Weak Roots                      264 us
[282.206s][info][gc,stats      ]   Update Region States               41 us
[282.206s][info][gc,stats      ]   Retire TLABs                       12 us
[282.206s][info][gc,stats      ]   Choose Collection Set             123 us
[282.206s][info][gc,stats      ]   Rebuild Free Set                   13 us
[282.206s][info][gc,stats      ]   Initial Evacuation               4028 us, parallelism: 0.74x
[282.206s][info][gc,stats      ]     E: <total>                     2997 us
[282.206s][info][gc,stats      ]     E: Thread Roots                 663 us, workers (us): 663, 
[282.206s][info][gc,stats      ]     E: Code Cache Roots            1574 us, workers (us): 1574, 
[282.206s][info][gc,stats      ]     E: Universe Roots                 1 us, workers (us):   1, 
[282.206s][info][gc,stats      ]     E: JNI Handles Roots              1 us, workers (us):   1, 
[282.206s][info][gc,stats      ]     E: Synchronizer Roots             0 us, workers (us):   0, 
[282.206s][info][gc,stats      ]     E: Management Roots               1 us, workers (us):   1, 
[282.206s][info][gc,stats      ]     E: System Dict Roots             33 us, workers (us):  33, 
[282.206s][info][gc,stats      ]     E: CLDG Roots                   723 us, workers (us): 723, 
[282.206s][info][gc,stats      ]     E: JVMTI Roots                    0 us, workers (us):   0, 
[282.206s][info][gc,stats      ] Concurrent Cleanup                   68 us
[282.206s][info][gc,stats      ] Concurrent Evacuation            106481 us
[282.206s][info][gc,stats      ] Pause Init  Update Refs (G)        2407 us
[282.206s][info][gc,stats      ] Pause Init  Update Refs (N)          17 us
[282.206s][info][gc,stats      ]   Retire GCLABs                      11 us
[282.206s][info][gc,stats      ] Concurrent Update Refs           420579 us
[282.206s][info][gc,stats      ] Pause Final Update Refs (G)        4238 us
[282.206s][info][gc,stats      ] Pause Final Update Refs (N)         571 us
[282.206s][info][gc,stats      ]   Update Roots                      495 us, parallelism: 0.98x
[282.206s][info][gc,stats      ]     UR: <total>                     486 us
[282.206s][info][gc,stats      ]     UR: Thread Roots                486 us, workers (us): 486, 
[282.206s][info][gc,stats      ]   Update Region States               43 us
[282.206s][info][gc,stats      ]   Trash Collection Set                4 us
[282.206s][info][gc,stats      ]   Rebuild Free Set                   18 us
[282.206s][info][gc,stats      ] Concurrent Cleanup                   89 us
[282.206s][info][gc,stats      ] 
[282.206s][info][gc,stats      ] Allocation pacing accrued:
[282.206s][info][gc,stats      ]       0 of  2221 ms (  0.0%): <total>
[282.206s][info][gc,stats      ]       0 of  2221 ms (  0.0%): <average total>
[282.206s][info][gc,stats      ] 
[282.206s][info][gc,metaspace  ] Metaspace: 67852K->67852K(1110016K)
[282.206s][info][gc,ergo       ] Pacer for Idle. Initial: 40724K, Alloc Tax Rate: 1.0x
[282.997s][info][gc            ] Trigger: Learning 3 of 5. Free (1391M) is below initial threshold (1391M)
[282.997s][info][gc,ergo       ] Free: 1392M, Max: 512K regular, 700M humongous, Frag: 50% external, 0% internal; Reserve: 101888K, Max: 512K
[282.997s][info][gc,start      ] GC(74) Concurrent reset
[282.997s][info][gc,task       ] GC(74) Using 1 of 1 workers for concurrent reset
[282.997s][info][gc,ergo       ] GC(74) Pacer for Reset. Non-Taxable: 1988M
[282.998s][info][gc            ] GC(74) Concurrent reset 0.781ms
[283.000s][info][gc,start      ] GC(74) Pause Init Mark
[283.000s][info][gc,task       ] GC(74) Using 1 of 1 workers for init marking
[283.002s][info][gc,ergo       ] GC(74) Pacer for Mark. Expected Live: 170M, Free: 1392M, Non-Taxable: 139M, Alloc Tax Rate: 0.1x
[283.002s][info][gc            ] GC(74) Pause Init Mark 1.661ms
[283.002s][info][gc,start      ] GC(74) Concurrent marking
[283.002s][info][gc,task       ] GC(74) Using 1 of 1 workers for concurrent marking
[283.368s][info][gc            ] GC(74) Concurrent marking 365.929ms
[283.368s][info][gc,start      ] GC(74) Pause Final Mark
[283.368s][info][gc,task       ] GC(74) Using 1 of 1 workers for final marking
[283.368s][info][gc,ergo       ] GC(74) Collectable Garbage: 335M (95%), Immediate: 335M (95%), CSet: 0B (0%)
[283.368s][info][gc            ] GC(74) Pause Final Mark 0.434ms
[283.368s][info][gc,start      ] GC(74) Concurrent cleanup
[283.368s][info][gc            ] GC(74) Concurrent cleanup 559M->223M(689M) 0.096ms
[283.369s][info][gc,ergo       ] GC(74) Free: 1662M, Max: 512K regular, 735M humongous, Frag: 56% external, 0% internal; Reserve: 101888K, Max: 512K
[283.369s][info][gc,ergo       ] Free: 1662M, Max: 512K regular, 735M humongous, Frag: 56% external, 0% internal; Reserve: 101888K, Max: 512K
[283.369s][info][gc,stats      ] 
[283.369s][info][gc,stats      ] All times are wall-clock times, except per-root-class counters, that are sum over
[283.369s][info][gc,stats      ] all workers. Dividing the <total> over the root stage time estimates parallelism.
[283.369s][info][gc,stats      ] 
[283.369s][info][gc,stats      ] Concurrent Reset                    768 us
[283.369s][info][gc,stats      ] Pause Init Mark (G)                4078 us
[283.369s][info][gc,stats      ] Pause Init Mark (N)                1643 us
[283.369s][info][gc,stats      ]   Accumulate Stats                   23 us
[283.369s][info][gc,stats      ]   Make Parsable                      18 us
[283.369s][info][gc,stats      ]   Update Region States               37 us
[283.369s][info][gc,stats      ]   Scan Roots                       1504 us, parallelism: 0.83x
[283.369s][info][gc,stats      ]     S: <total>                     1254 us
[283.369s][info][gc,stats      ]     S: Thread Roots                 619 us, workers (us): 619, 
[283.369s][info][gc,stats      ]     S: Universe Roots                 2 us, workers (us):   2, 
[283.369s][info][gc,stats      ]     S: JNI Handles Roots              1 us, workers (us):   1, 
[283.369s][info][gc,stats      ]     S: Synchronizer Roots             0 us, workers (us):   0, 
[283.369s][info][gc,stats      ]     S: Management Roots               1 us, workers (us):   1, 
[283.369s][info][gc,stats      ]     S: System Dict Roots             20 us, workers (us):  20, 
[283.369s][info][gc,stats      ]     S: CLDG Roots                   609 us, workers (us): 609, 
[283.369s][info][gc,stats      ]     S: JVMTI Roots                    0 us, workers (us):   0, 
[283.369s][info][gc,stats      ]   Resize TLABs                       21 us
[283.369s][info][gc,stats      ] Concurrent Marking               365922 us
[283.369s][info][gc,stats      ] Pause Final Mark (G)                628 us
[283.369s][info][gc,stats      ] Pause Final Mark (N)                423 us
[283.369s][info][gc,stats      ]   Finish Queues                      18 us
[283.369s][info][gc,stats      ]   System Purge                      295 us
[283.369s][info][gc,stats      ]     Weak Roots                      294 us
[283.369s][info][gc,stats      ]   Update Region States               43 us
[283.369s][info][gc,stats      ]   Retire TLABs                       21 us
[283.369s][info][gc,stats      ]   Choose Collection Set              25 us
[283.369s][info][gc,stats      ]   Rebuild Free Set                   14 us
[283.369s][info][gc,stats      ] Concurrent Cleanup                   90 us
[283.369s][info][gc,stats      ] 
[283.369s][info][gc,stats      ] Allocation pacing accrued:
[283.369s][info][gc,stats      ]       0 of  1163 ms (  0.0%): <total>
[283.369s][info][gc,stats      ]       0 of  1163 ms (  0.0%): <average total>
[283.369s][info][gc,stats      ] 
[283.369s][info][gc,metaspace  ] Metaspace: 67870K->67870K(1110016K)
[283.369s][info][gc,ergo       ] Pacer for Idle. Initial: 40724K, Alloc Tax Rate: 1.0x
[284.009s][info][gc            ] Trigger: Learning 4 of 5. Free (1391M) is below initial threshold (1391M)
[284.009s][info][gc,ergo       ] Free: 1392M, Max: 512K regular, 735M humongous, Frag: 48% external, 0% internal; Reserve: 101888K, Max: 512K
[284.009s][info][gc,start      ] GC(75) Concurrent reset
[284.009s][info][gc,task       ] GC(75) Using 1 of 1 workers for concurrent reset
[284.009s][info][gc,ergo       ] GC(75) Pacer for Reset. Non-Taxable: 1988M
[284.009s][info][gc            ] GC(75) Concurrent reset 0.268ms
[284.012s][info][gc,start      ] GC(75) Pause Init Mark (process weakrefs)
[284.012s][info][gc,task       ] GC(75) Using 1 of 1 workers for init marking
[284.013s][info][gc,ergo       ] GC(75) Pacer for Mark. Expected Live: 162M, Free: 1392M, Non-Taxable: 139M, Alloc Tax Rate: 0.1x
[284.013s][info][gc            ] GC(75) Pause Init Mark (process weakrefs) 1.635ms
[284.013s][info][gc,start      ] GC(75) Concurrent marking (process weakrefs)
[284.013s][info][gc,task       ] GC(75) Using 1 of 1 workers for concurrent marking
[284.600s][info][gc            ] GC(75) Concurrent marking (process weakrefs) 586.755ms
[284.600s][info][gc,start      ] GC(75) Concurrent precleaning
[284.600s][info][gc,task       ] GC(75) Using 1 of 1 workers for concurrent preclean
[284.600s][info][gc,ergo       ] GC(75) Pacer for Precleaning. Non-Taxable: 1988M
[284.601s][info][gc            ] GC(75) Concurrent precleaning 0.552ms
[284.601s][info][gc,start      ] GC(75) Pause Final Mark (process weakrefs)
[284.601s][info][gc,task       ] GC(75) Using 1 of 1 workers for final marking
[284.601s][info][gc,ergo       ] GC(75) Adaptive CSet Selection. Target Free: 281M, Actual Free: 1392M, Max CSet: 84823K, Min Garbage: 0B
[284.602s][info][gc,ergo       ] GC(75) Collectable Garbage: 298M (99%), Immediate: 7168K (2%), CSet: 291M (96%)
[284.604s][info][gc,ergo       ] GC(75) Pacer for Evacuation. Used CSet: 333M, Free: 1296M, Non-Taxable: 129M, Alloc Tax Rate: 1.1x
[284.604s][info][gc            ] GC(75) Pause Final Mark (process weakrefs) 2.733ms
[284.604s][info][gc,start      ] GC(75) Concurrent cleanup
[284.604s][info][gc            ] GC(75) Concurrent cleanup 597M->590M(689M) 0.073ms
[284.604s][info][gc,ergo       ] GC(75) Free: 1296M, Max: 512K regular, 735M humongous, Frag: 44% external, 0% internal; Reserve: 101881K, Max: 512K
[284.604s][info][gc,start      ] GC(75) Concurrent evacuation
[284.604s][info][gc,task       ] GC(75) Using 1 of 1 workers for concurrent evacuation
[284.701s][info][gc            ] GC(75) Concurrent evacuation 97.216ms
[284.705s][info][gc,start      ] GC(75) Pause Init Update Refs
[284.705s][info][gc,ergo       ] GC(75) Pacer for Update Refs. Used: 648M, Free: 1281M, Non-Taxable: 128M, Alloc Tax Rate: 1.1x
[284.705s][info][gc            ] GC(75) Pause Init Update Refs 0.037ms
[284.705s][info][gc,start      ] GC(75) Concurrent update references
[284.705s][info][gc,task       ] GC(75) Using 1 of 1 workers for concurrent reference update
[285.149s][info][gc            ] GC(75) Concurrent update references 444.451ms
[285.153s][info][gc,start      ] GC(75) Pause Final Update Refs
[285.153s][info][gc,task       ] GC(75) Using 1 of 1 workers for final reference update
[285.153s][info][gc            ] GC(75) Pause Final Update Refs 0.614ms
[285.153s][info][gc,start      ] GC(75) Concurrent cleanup
[285.154s][info][gc            ] GC(75) Concurrent cleanup 701M->367M(707M) 0.096ms
[285.154s][info][gc,ergo       ] Free: 1518M, Max: 512K regular, 697M humongous, Frag: 55% external, 0% internal; Reserve: 101888K, Max: 512K
[285.154s][info][gc,stats      ] 
[285.154s][info][gc,stats      ] All times are wall-clock times, except per-root-class counters, that are sum over
[285.154s][info][gc,stats      ] all workers. Dividing the <total> over the root stage time estimates parallelism.
[285.154s][info][gc,stats      ] 
[285.154s][info][gc,stats      ] Concurrent Reset                    257 us
[285.154s][info][gc,stats      ] Pause Init Mark (G)                4000 us
[285.154s][info][gc,stats      ] Pause Init Mark (N)                1614 us
[285.154s][info][gc,stats      ]   Accumulate Stats                   24 us
[285.154s][info][gc,stats      ]   Make Parsable                      16 us
[285.154s][info][gc,stats      ]   Update Region States               37 us
[285.154s][info][gc,stats      ]   Scan Roots                       1490 us, parallelism: 0.79x
[285.154s][info][gc,stats      ]     S: <total>                     1182 us
[285.154s][info][gc,stats      ]     S: Thread Roots                 601 us, workers (us): 601, 
[285.154s][info][gc,stats      ]     S: Universe Roots                 2 us, workers (us):   2, 
[285.154s][info][gc,stats      ]     S: JNI Handles Roots              1 us, workers (us):   1, 
[285.154s][info][gc,stats      ]     S: Synchronizer Roots             0 us, workers (us):   0, 
[285.154s][info][gc,stats      ]     S: Management Roots               1 us, workers (us):   1, 
[285.154s][info][gc,stats      ]     S: System Dict Roots             12 us, workers (us):  12, 
[285.154s][info][gc,stats      ]     S: CLDG Roots                   564 us, workers (us): 564, 
[285.154s][info][gc,stats      ]     S: JVMTI Roots                    1 us, workers (us):   1, 
[285.154s][info][gc,stats      ]   Resize TLABs                       17 us
[285.154s][info][gc,stats      ] Concurrent Marking               586747 us
[285.154s][info][gc,stats      ] Concurrent Precleaning              535 us
[285.154s][info][gc,stats      ] Pause Final Mark (G)               2948 us
[285.154s][info][gc,stats      ] Pause Final Mark (N)               2726 us
[285.154s][info][gc,stats      ]   Finish Queues                      16 us
[285.154s][info][gc,stats      ]   Weak References                    19 us
[285.154s][info][gc,stats      ]     Process                          17 us
[285.154s][info][gc,stats      ]   System Purge                      290 us
[285.154s][info][gc,stats      ]     Weak Roots                      290 us
[285.154s][info][gc,stats      ]   Update Region States               47 us
[285.154s][info][gc,stats      ]   Retire TLABs                       21 us
[285.154s][info][gc,stats      ]   Choose Collection Set             133 us
[285.154s][info][gc,stats      ]   Rebuild Free Set                   14 us
[285.154s][info][gc,stats      ]   Initial Evacuation               2180 us, parallelism: 0.70x
[285.154s][info][gc,stats      ]     E: <total>                     1529 us
[285.154s][info][gc,stats      ]     E: Thread Roots                 641 us, workers (us): 641, 
[285.154s][info][gc,stats      ]     E: Code Cache Roots             349 us, workers (us): 349, 
[285.154s][info][gc,stats      ]     E: Universe Roots                 3 us, workers (us):   3, 
[285.154s][info][gc,stats      ]     E: JNI Handles Roots              1 us, workers (us):   1, 
[285.154s][info][gc,stats      ]     E: Synchronizer Roots             0 us, workers (us):   0, 
[285.154s][info][gc,stats      ]     E: Management Roots               1 us, workers (us):   1, 
[285.154s][info][gc,stats      ]     E: System Dict Roots              9 us, workers (us):   9, 
[285.154s][info][gc,stats      ]     E: CLDG Roots                   526 us, workers (us): 526, 
[285.154s][info][gc,stats      ]     E: JVMTI Roots                    0 us, workers (us):   0, 
[285.154s][info][gc,stats      ] Concurrent Cleanup                   67 us
[285.154s][info][gc,stats      ] Concurrent Evacuation             97207 us
[285.154s][info][gc,stats      ] Pause Init  Update Refs (G)        3570 us
[285.154s][info][gc,stats      ] Pause Init  Update Refs (N)          18 us
[285.154s][info][gc,stats      ]   Retire GCLABs                      10 us
[285.154s][info][gc,stats      ] Concurrent Update Refs           444432 us
[285.154s][info][gc,stats      ] Pause Final Update Refs (G)        4149 us
[285.154s][info][gc,stats      ] Pause Final Update Refs (N)         575 us
[285.154s][info][gc,stats      ]   Update Roots                      504 us, parallelism: 0.98x
[285.154s][info][gc,stats      ]     UR: <total>                     492 us
[285.154s][info][gc,stats      ]     UR: Thread Roots                492 us, workers (us): 492, 
[285.154s][info][gc,stats      ]   Update Region States               42 us
[285.154s][info][gc,stats      ]   Trash Collection Set                4 us
[285.154s][info][gc,stats      ]   Rebuild Free Set                   13 us
[285.154s][info][gc,stats      ] Concurrent Cleanup                   90 us
[285.154s][info][gc,stats      ] 
[285.154s][info][gc,stats      ] Allocation pacing accrued:
[285.154s][info][gc,stats      ]       0 of  1785 ms (  0.0%): <total>
[285.154s][info][gc,stats      ]       0 of  1785 ms (  0.0%): <average total>
[285.154s][info][gc,stats      ] 
[285.154s][info][gc,metaspace  ] Metaspace: 67870K->67870K(1110016K)
[285.154s][info][gc,ergo       ] Pacer for Idle. Initial: 40724K, Alloc Tax Rate: 1.0x
[285.873s][info][gc            ] Trigger: Learning 5 of 5. Free (1391M) is below initial threshold (1391M)
[285.874s][info][gc,ergo       ] Free: 1392M, Max: 512K regular, 697M humongous, Frag: 50% external, 0% internal; Reserve: 101888K, Max: 512K
[285.874s][info][gc,start      ] GC(76) Concurrent reset
[285.874s][info][gc,task       ] GC(76) Using 1 of 1 workers for concurrent reset
[285.874s][info][gc,ergo       ] GC(76) Pacer for Reset. Non-Taxable: 1988M
[285.874s][info][gc            ] GC(76) Concurrent reset 0.771ms
[285.877s][info][gc,start      ] GC(76) Pause Init Mark
[285.877s][info][gc,task       ] GC(76) Using 1 of 1 workers for init marking
[285.878s][info][gc,ergo       ] GC(76) Pacer for Mark. Expected Live: 169M, Free: 1392M, Non-Taxable: 139M, Alloc Tax Rate: 0.1x
[285.878s][info][gc            ] GC(76) Pause Init Mark 1.763ms
[285.879s][info][gc,start      ] GC(76) Concurrent marking
[285.879s][info][gc,task       ] GC(76) Using 1 of 1 workers for concurrent marking
[286.369s][info][gc            ] GC(76) Concurrent marking 490.208ms
[286.369s][info][gc,start      ] GC(76) Pause Final Mark
[286.369s][info][gc,task       ] GC(76) Using 1 of 1 workers for final marking
[286.369s][info][gc,ergo       ] GC(76) Adaptive CSet Selection. Target Free: 281M, Actual Free: 1706M, Max CSet: 84823K, Min Garbage: 0B
[286.369s][info][gc,ergo       ] GC(76) Collectable Garbage: 331M (99%), Immediate: 297M (88%), CSet: 35070K (10%)
[286.371s][info][gc,ergo       ] GC(76) Pacer for Evacuation. Used CSet: 49664K, Free: 1610M, Non-Taxable: 161M, Alloc Tax Rate: 1.1x
[286.371s][info][gc            ] GC(76) Pause Final Mark 2.500ms
[286.372s][info][gc,start      ] GC(76) Concurrent cleanup
[286.372s][info][gc            ] GC(76) Concurrent cleanup 572M->275M(707M) 0.099ms
[286.372s][info][gc,ergo       ] GC(76) Free: 1610M, Max: 512K regular, 737M humongous, Frag: 55% external, 0% internal; Reserve: 101881K, Max: 512K
[286.372s][info][gc,start      ] GC(76) Concurrent evacuation
[286.372s][info][gc,task       ] GC(76) Using 1 of 1 workers for concurrent evacuation
[286.395s][info][gc            ] GC(76) Concurrent evacuation 23.237ms
[286.397s][info][gc,start      ] GC(76) Pause Init Update Refs
[286.397s][info][gc,ergo       ] GC(76) Pacer for Update Refs. Used: 294M, Free: 1606M, Non-Taxable: 160M, Alloc Tax Rate: 1.1x
[286.397s][info][gc            ] GC(76) Pause Init Update Refs 0.050ms
[286.397s][info][gc,start      ] GC(76) Concurrent update references
[286.397s][info][gc,task       ] GC(76) Using 1 of 1 workers for concurrent reference update
[286.678s][info][gc            ] GC(76) Concurrent update references 280.644ms
[286.680s][info][gc,start      ] GC(76) Pause Final Update Refs
[286.680s][info][gc,task       ] GC(76) Using 1 of 1 workers for final reference update
[286.681s][info][gc            ] GC(76) Pause Final Update Refs 0.785ms
[286.681s][info][gc,start      ] GC(76) Concurrent cleanup
[286.681s][info][gc            ] GC(76) Concurrent cleanup 347M->299M(707M) 0.080ms
[286.681s][info][gc,ergo       ] Free: 1586M, Max: 512K regular, 725M humongous, Frag: 55% external, 0% internal; Reserve: 101888K, Max: 512K
[286.681s][info][gc,stats      ] 
[286.681s][info][gc,stats      ] All times are wall-clock times, except per-root-class counters, that are sum over
[286.681s][info][gc,stats      ] all workers. Dividing the <total> over the root stage time estimates parallelism.
[286.681s][info][gc,stats      ] 
[286.681s][info][gc,stats      ] Concurrent Reset                    761 us
[286.681s][info][gc,stats      ] Pause Init Mark (G)                4162 us
[286.681s][info][gc,stats      ] Pause Init Mark (N)                1730 us
[286.681s][info][gc,stats      ]   Accumulate Stats                   23 us
[286.681s][info][gc,stats      ]   Make Parsable                      16 us
[286.681s][info][gc,stats      ]   Update Region States               46 us
[286.681s][info][gc,stats      ]   Scan Roots                       1568 us, parallelism: 0.84x
[286.681s][info][gc,stats      ]     S: <total>                     1318 us
[286.681s][info][gc,stats      ]     S: Thread Roots                 673 us, workers (us): 673, 
[286.681s][info][gc,stats      ]     S: Universe Roots                 2 us, workers (us):   2, 
[286.681s][info][gc,stats      ]     S: JNI Handles Roots              2 us, workers (us):   2, 
[286.681s][info][gc,stats      ]     S: Synchronizer Roots             0 us, workers (us):   0, 
[286.681s][info][gc,stats      ]     S: Management Roots               1 us, workers (us):   1, 
[286.681s][info][gc,stats      ]     S: System Dict Roots             11 us, workers (us):  11, 
[286.681s][info][gc,stats      ]     S: CLDG Roots                   628 us, workers (us): 628, 
[286.682s][info][gc,stats      ]     S: JVMTI Roots                    1 us, workers (us):   1, 
[286.682s][info][gc,stats      ]   Resize TLABs                       25 us
[286.682s][info][gc,stats      ] Concurrent Marking               490199 us
[286.682s][info][gc,stats      ] Pause Final Mark (G)               2727 us
[286.682s][info][gc,stats      ] Pause Final Mark (N)               2479 us
[286.682s][info][gc,stats      ]   Finish Queues                      21 us
[286.682s][info][gc,stats      ]   System Purge                      273 us
[286.682s][info][gc,stats      ]     Weak Roots                      273 us
[286.682s][info][gc,stats      ]   Update Region States               41 us
[286.682s][info][gc,stats      ]   Retire TLABs                       16 us
[286.682s][info][gc,stats      ]   Choose Collection Set              69 us
[286.682s][info][gc,stats      ]   Rebuild Free Set                   16 us
[286.682s][info][gc,stats      ]   Initial Evacuation               2035 us, parallelism: 0.69x
[286.682s][info][gc,stats      ]     E: <total>                     1407 us
[286.682s][info][gc,stats      ]     E: Thread Roots                 572 us, workers (us): 572, 
[286.682s][info][gc,stats      ]     E: Code Cache Roots             348 us, workers (us): 348, 
[286.682s][info][gc,stats      ]     E: Universe Roots                 1 us, workers (us):   1, 
[286.682s][info][gc,stats      ]     E: JNI Handles Roots              1 us, workers (us):   1, 
[286.682s][info][gc,stats      ]     E: Synchronizer Roots             0 us, workers (us):   0, 
[286.682s][info][gc,stats      ]     E: Management Roots               1 us, workers (us):   1, 
[286.682s][info][gc,stats      ]     E: System Dict Roots              9 us, workers (us):   9, 
[286.682s][info][gc,stats      ]     E: CLDG Roots                   474 us, workers (us): 474, 
[286.682s][info][gc,stats      ]     E: JVMTI Roots                    0 us, workers (us):   0, 
[286.682s][info][gc,stats      ] Concurrent Cleanup                   92 us
[286.682s][info][gc,stats      ] Concurrent Evacuation             23225 us
[286.682s][info][gc,stats      ] Pause Init  Update Refs (G)        2420 us
[286.682s][info][gc,stats      ] Pause Init  Update Refs (N)          19 us
[286.682s][info][gc,stats      ]   Retire GCLABs                      10 us
[286.682s][info][gc,stats      ] Concurrent Update Refs           280632 us
[286.682s][info][gc,stats      ] Pause Final Update Refs (G)        3216 us
[286.682s][info][gc,stats      ] Pause Final Update Refs (N)         725 us
[286.682s][info][gc,stats      ]   Update Roots                      641 us, parallelism: 0.97x
[286.682s][info][gc,stats      ]     UR: <total>                     622 us
[286.682s][info][gc,stats      ]     UR: Thread Roots                622 us, workers (us): 622, 
[286.682s][info][gc,stats      ]   Update Region States               50 us
[286.682s][info][gc,stats      ]   Trash Collection Set                3 us
[286.682s][info][gc,stats      ]   Rebuild Free Set                   18 us
[286.682s][info][gc,stats      ] Concurrent Cleanup                   70 us
[286.682s][info][gc,stats      ] 
[286.682s][info][gc,stats      ] Allocation pacing accrued:
[286.682s][info][gc,stats      ]       0 of  1528 ms (  0.0%): <total>
[286.682s][info][gc,stats      ]       0 of  1528 ms (  0.0%): <average total>
[286.682s][info][gc,stats      ] 
[286.682s][info][gc,metaspace  ] Metaspace: 67875K->67875K(1110016K)
[286.682s][info][gc,ergo       ] Pacer for Idle. Initial: 40724K, Alloc Tax Rate: 1.0x
[291.447s][info][gc            ] Trigger: Average GC time (733.58 ms) is above the time for allocation rate (258 MB/s) to deplete free headroom (189M)
[291.448s][info][gc,ergo       ] Free headroom: 288M (free) - 101788K (spike) - 0B (penalties) = 189M
[291.448s][info][gc,ergo       ] Free: 289M, Max: 512K regular, 289M humongous, Frag: 0% external, 0% internal; Reserve: 101888K, Max: 512K
[291.448s][info][gc,start      ] GC(77) Concurrent reset
[291.448s][info][gc,task       ] GC(77) Using 1 of 1 workers for concurrent reset
[291.448s][info][gc,ergo       ] GC(77) Pacer for Reset. Non-Taxable: 1988M
[291.448s][info][gc            ] GC(77) Concurrent reset 0.370ms
[291.450s][info][gc,start      ] GC(77) Pause Init Mark
[291.450s][info][gc,task       ] GC(77) Using 1 of 1 workers for init marking
[291.452s][info][gc,ergo       ] GC(77) Pacer for Mark. Expected Live: 162M, Free: 289M, Non-Taxable: 29593K, Alloc Tax Rate: 0.7x
[291.452s][info][gc            ] GC(77) Pause Init Mark 1.659ms
[291.452s][info][gc,start      ] GC(77) Concurrent marking
[291.452s][info][gc,task       ] GC(77) Using 1 of 1 workers for concurrent marking
[291.880s][info][gc            ] GC(77) Concurrent marking 427.856ms
[291.880s][info][gc,start      ] GC(77) Pause Final Mark
[291.880s][info][gc,task       ] GC(77) Using 1 of 1 workers for final marking
[291.881s][info][gc,ergo       ] GC(77) Adaptive CSet Selection. Target Free: 281M, Actual Free: 1531M, Max CSet: 84823K, Min Garbage: 0B
[291.881s][info][gc,ergo       ] GC(77) Collectable Garbage: 1395M (99%), Immediate: 1190M (85%), CSet: 205M (14%)
[291.883s][info][gc,ergo       ] GC(77) Pacer for Evacuation. Used CSet: 240M, Free: 1449M, Non-Taxable: 144M, Alloc Tax Rate: 1.1x
[291.883s][info][gc            ] GC(77) Pause Final Mark 2.947ms
[291.888s][info][gc,start      ] GC(77) Concurrent cleanup
[291.888s][info][gc            ] GC(77) Concurrent cleanup 1627M->438M(1682M) 0.209ms
[291.888s][info][gc,ergo       ] GC(77) Free: 1448M, Max: 512K regular, 390M humongous, Frag: 74% external, 0% internal; Reserve: 101376K, Max: 512K
[291.888s][info][gc,start      ] GC(77) Concurrent evacuation
[291.888s][info][gc,task       ] GC(77) Using 1 of 1 workers for concurrent evacuation
[291.957s][info][gc            ] GC(77) Concurrent evacuation 69.165ms
[291.959s][info][gc,start      ] GC(77) Pause Init Update Refs
[291.959s][info][gc,ergo       ] GC(77) Pacer for Update Refs. Used: 484M, Free: 1437M, Non-Taxable: 143M, Alloc Tax Rate: 1.1x
[291.959s][info][gc            ] GC(77) Pause Init Update Refs 0.029ms
[291.959s][info][gc,start      ] GC(77) Concurrent update references
[291.959s][info][gc,task       ] GC(77) Using 1 of 1 workers for concurrent reference update
[292.313s][info][gc            ] GC(77) Concurrent update references 353.475ms
[292.316s][info][gc,start      ] GC(77) Pause Final Update Refs
[292.316s][info][gc,task       ] GC(77) Using 1 of 1 workers for final reference update
[292.317s][info][gc            ] GC(77) Pause Final Update Refs 0.570ms
[292.317s][info][gc,start      ] GC(77) Concurrent cleanup
[292.317s][info][gc            ] GC(77) Concurrent cleanup 549M->309M(1682M) 0.089ms
[292.317s][info][gc,ergo       ] Free: 1577M, Max: 512K regular, 712M humongous, Frag: 55% external, 0% internal; Reserve: 101888K, Max: 512K
[292.317s][info][gc,stats      ] 
[292.317s][info][gc,stats      ] All times are wall-clock times, except per-root-class counters, that are sum over
[292.317s][info][gc,stats      ] all workers. Dividing the <total> over the root stage time estimates parallelism.
[292.317s][info][gc,stats      ] 
[292.317s][info][gc,stats      ] Concurrent Reset                    358 us
[292.317s][info][gc,stats      ] Pause Init Mark (G)                4036 us
[292.317s][info][gc,stats      ] Pause Init Mark (N)                1643 us
[292.317s][info][gc,stats      ]   Accumulate Stats                   34 us
[292.317s][info][gc,stats      ]   Make Parsable                      17 us
[292.317s][info][gc,stats      ]   Update Region States               37 us
[292.317s][info][gc,stats      ]   Scan Roots                       1502 us, parallelism: 0.84x
[292.317s][info][gc,stats      ]     S: <total>                     1254 us
[292.317s][info][gc,stats      ]     S: Thread Roots                 667 us, workers (us): 667, 
[292.317s][info][gc,stats      ]     S: Universe Roots                 2 us, workers (us):   2, 
[292.317s][info][gc,stats      ]     S: JNI Handles Roots              1 us, workers (us):   1, 
[292.317s][info][gc,stats      ]     S: Synchronizer Roots             0 us, workers (us):   0, 
[292.317s][info][gc,stats      ]     S: Management Roots               1 us, workers (us):   1, 
[292.317s][info][gc,stats      ]     S: System Dict Roots             12 us, workers (us):  12, 
[292.317s][info][gc,stats      ]     S: CLDG Roots                   570 us, workers (us): 570, 
[292.317s][info][gc,stats      ]     S: JVMTI Roots                    0 us, workers (us):   0, 
[292.317s][info][gc,stats      ]   Resize TLABs                       18 us
[292.317s][info][gc,stats      ] Concurrent Marking               427848 us
[292.317s][info][gc,stats      ] Pause Final Mark (G)               7613 us
[292.317s][info][gc,stats      ] Pause Final Mark (N)               2932 us
[292.317s][info][gc,stats      ]   Finish Queues                      23 us
[292.317s][info][gc,stats      ]   System Purge                      269 us
[292.317s][info][gc,stats      ]     Weak Roots                      268 us
[292.317s][info][gc,stats      ]   Update Region States               47 us
[292.317s][info][gc,stats      ]   Retire TLABs                       17 us
[292.317s][info][gc,stats      ]   Choose Collection Set             169 us
[292.317s][info][gc,stats      ]   Rebuild Free Set                   16 us
[292.317s][info][gc,stats      ]   Initial Evacuation               2383 us, parallelism: 0.72x
[292.317s][info][gc,stats      ]     E: <total>                     1709 us
[292.317s][info][gc,stats      ]     E: Thread Roots                 594 us, workers (us): 594, 
[292.317s][info][gc,stats      ]     E: Code Cache Roots             598 us, workers (us): 598, 
[292.317s][info][gc,stats      ]     E: Universe Roots                 1 us, workers (us):   1, 
[292.317s][info][gc,stats      ]     E: JNI Handles Roots              1 us, workers (us):   1, 
[292.317s][info][gc,stats      ]     E: Synchronizer Roots             0 us, workers (us):   0, 
[292.317s][info][gc,stats      ]     E: Management Roots               1 us, workers (us):   1, 
[292.317s][info][gc,stats      ]     E: System Dict Roots             11 us, workers (us):  11, 
[292.317s][info][gc,stats      ]     E: CLDG Roots                   503 us, workers (us): 503, 
[292.317s][info][gc,stats      ]     E: JVMTI Roots                    0 us, workers (us):   0, 
[292.317s][info][gc,stats      ] Concurrent Cleanup                  172 us
[292.317s][info][gc,stats      ] Concurrent Evacuation             69155 us
[292.317s][info][gc,stats      ] Pause Init  Update Refs (G)        2397 us
[292.317s][info][gc,stats      ] Pause Init  Update Refs (N)          17 us
[292.317s][info][gc,stats      ]   Retire GCLABs                      11 us
[292.317s][info][gc,stats      ] Concurrent Update Refs           353464 us
[292.317s][info][gc,stats      ] Pause Final Update Refs (G)        3820 us
[292.317s][info][gc,stats      ] Pause Final Update Refs (N)         538 us
[292.317s][info][gc,stats      ]   Update Roots                      452 us, parallelism: 0.98x
[292.317s][info][gc,stats      ]     UR: <total>                     443 us
[292.317s][info][gc,stats      ]     UR: Thread Roots                443 us, workers (us): 443, 
[292.317s][info][gc,stats      ]   Update Region States               53 us
[292.317s][info][gc,stats      ]   Trash Collection Set                5 us
[292.317s][info][gc,stats      ]   Rebuild Free Set                   16 us
[292.317s][info][gc,stats      ] Concurrent Cleanup                   83 us
[292.317s][info][gc,stats      ] Pacing                           120860 us
[292.317s][info][gc,stats      ] 
[292.317s][info][gc,stats      ] Allocation pacing accrued:
[292.317s][info][gc,stats      ]     121 of  5635 ms (  2.1%): Executor task launch worker for task 1.0 in stage 106.0 (TID 151)
[292.317s][info][gc,stats      ]     121 of  5635 ms (  2.1%): <total>
[292.317s][info][gc,stats      ]       1 of  5635 ms (  0.0%): <average total>
[292.317s][info][gc,stats      ]     121 of  5635 ms (  2.1%): <average non-zero>
[292.317s][info][gc,stats      ] 
[292.317s][info][gc,metaspace  ] Metaspace: 67913K->67913K(1110016K)
[292.317s][info][gc,ergo       ] Pacer for Idle. Initial: 40724K, Alloc Tax Rate: 1.0x
[296.966s][info][gc            ] Trigger: Average GC time (857.34 ms) is above the time for allocation rate (251 MB/s) to deplete free headroom (215M)
[296.966s][info][gc,ergo       ] Free headroom: 314M (free) - 101788K (spike) - 0B (penalties) = 215M
[296.966s][info][gc,ergo       ] Free: 315M, Max: 512K regular, 220M humongous, Frag: 31% external, 0% internal; Reserve: 101888K, Max: 512K
[296.966s][info][gc,start      ] GC(78) Concurrent reset
[296.966s][info][gc,task       ] GC(78) Using 1 of 1 workers for concurrent reset
[296.966s][info][gc,ergo       ] GC(78) Pacer for Reset. Non-Taxable: 1988M
[296.967s][info][gc            ] GC(78) Concurrent reset 0.703ms
[296.970s][info][gc,start      ] GC(78) Pause Init Mark
[296.970s][info][gc,task       ] GC(78) Using 1 of 1 workers for init marking
[296.972s][info][gc,ergo       ] GC(78) Pacer for Mark. Expected Live: 171M, Free: 315M, Non-Taxable: 32256K, Alloc Tax Rate: 0.7x
[296.972s][info][gc            ] GC(78) Pause Init Mark 1.544ms
[296.972s][info][gc,start      ] GC(78) Concurrent marking
[296.972s][info][gc,task       ] GC(78) Using 1 of 1 workers for concurrent marking
[297.340s][info][gc            ] GC(78) Concurrent marking 368.479ms
[297.341s][info][gc,start      ] GC(78) Pause Final Mark
[297.341s][info][gc,task       ] GC(78) Using 1 of 1 workers for final marking
[297.341s][info][gc,ergo       ] GC(78) Collectable Garbage: 1356M (96%), Immediate: 1356M (96%), CSet: 0B (0%)
[297.341s][info][gc            ] GC(78) Pause Final Mark 0.420ms
[297.341s][info][gc,start      ] GC(78) Concurrent cleanup
[297.341s][info][gc            ] GC(78) Concurrent cleanup 1593M->237M(1682M) 0.206ms
[297.341s][info][gc,ergo       ] GC(78) Free: 1649M, Max: 512K regular, 606M humongous, Frag: 64% external, 0% internal; Reserve: 101888K, Max: 512K
[297.341s][info][gc,ergo       ] Free: 1649M, Max: 512K regular, 606M humongous, Frag: 64% external, 0% internal; Reserve: 101888K, Max: 512K
[297.341s][info][gc,stats      ] 
[297.341s][info][gc,stats      ] All times are wall-clock times, except per-root-class counters, that are sum over
[297.341s][info][gc,stats      ] all workers. Dividing the <total> over the root stage time estimates parallelism.
[297.341s][info][gc,stats      ] 
[297.341s][info][gc,stats      ] Concurrent Reset                    690 us
[297.341s][info][gc,stats      ] Pause Init Mark (G)                4669 us
[297.341s][info][gc,stats      ] Pause Init Mark (N)                1519 us
[297.341s][info][gc,stats      ]   Accumulate Stats                   23 us
[297.341s][info][gc,stats      ]   Make Parsable                      18 us
[297.341s][info][gc,stats      ]   Update Region States               49 us
[297.341s][info][gc,stats      ]   Scan Roots                       1392 us, parallelism: 0.82x
[297.341s][info][gc,stats      ]     S: <total>                     1144 us
[297.341s][info][gc,stats      ]     S: Thread Roots                 515 us, workers (us): 515, 
[297.341s][info][gc,stats      ]     S: Universe Roots                 2 us, workers (us):   2, 
[297.341s][info][gc,stats      ]     S: JNI Handles Roots              1 us, workers (us):   1, 
[297.341s][info][gc,stats      ]     S: Synchronizer Roots             0 us, workers (us):   0, 
[297.341s][info][gc,stats      ]     S: Management Roots               1 us, workers (us):   1, 
[297.341s][info][gc,stats      ]     S: System Dict Roots             12 us, workers (us):  12, 
[297.341s][info][gc,stats      ]     S: CLDG Roots                   612 us, workers (us): 612, 
[297.341s][info][gc,stats      ]     S: JVMTI Roots                    0 us, workers (us):   0, 
[297.341s][info][gc,stats      ]   Resize TLABs                       12 us
[297.341s][info][gc,stats      ] Concurrent Marking               368471 us
[297.341s][info][gc,stats      ] Pause Final Mark (G)                640 us
[297.341s][info][gc,stats      ] Pause Final Mark (N)                400 us
[297.341s][info][gc,stats      ]   Finish Queues                      22 us
[297.341s][info][gc,stats      ]   System Purge                      258 us
[297.341s][info][gc,stats      ]     Weak Roots                      257 us
[297.341s][info][gc,stats      ]   Update Region States               44 us
[297.341s][info][gc,stats      ]   Retire TLABs                       13 us
[297.341s][info][gc,stats      ]   Choose Collection Set              41 us
[297.341s][info][gc,stats      ]   Rebuild Free Set                   13 us
[297.341s][info][gc,stats      ] Concurrent Cleanup                  200 us
[297.341s][info][gc,stats      ] Pacing                            56773 us
[297.341s][info][gc,stats      ] 
[297.341s][info][gc,stats      ] Allocation pacing accrued:
[297.341s][info][gc,stats      ]      11 of  5024 ms (  0.2%): dispatcher-event-loop-1
[297.341s][info][gc,stats      ]      45 of  5024 ms (  0.9%): Executor task launch worker for task 2.0 in stage 111.0 (TID 158)
[297.341s][info][gc,stats      ]      57 of  5024 ms (  1.1%): <total>
[297.341s][info][gc,stats      ]       0 of  5024 ms (  0.0%): <average total>
[297.341s][info][gc,stats      ]      28 of  5024 ms (  0.6%): <average non-zero>
[297.341s][info][gc,stats      ] 
[297.341s][info][gc,metaspace  ] Metaspace: 68042K->68042K(1110016K)
[297.341s][info][gc,ergo       ] Pacer for Idle. Initial: 40724K, Alloc Tax Rate: 1.0x
[303.683s][info][gc            ] Trigger: Average GC time (713.65 ms) is above the time for allocation rate (215 MB/s) to deplete free headroom (149M)
[303.688s][info][gc,ergo       ] Free headroom: 248M (free) - 101788K (spike) - 0B (penalties) = 149M
[303.688s][info][gc,ergo       ] Free: 249M, Max: 512K regular, 249M humongous, Frag: 0% external, 0% internal; Reserve: 101888K, Max: 512K
[303.688s][info][gc,start      ] GC(79) Concurrent reset
[303.688s][info][gc,task       ] GC(79) Using 1 of 1 workers for concurrent reset
[303.688s][info][gc,ergo       ] GC(79) Pacer for Reset. Non-Taxable: 1988M
[303.688s][info][gc            ] GC(79) Concurrent reset 0.373ms
[303.692s][info][gc,start      ] GC(79) Pause Init Mark
[303.692s][info][gc,task       ] GC(79) Using 1 of 1 workers for init marking
[303.693s][info][gc,ergo       ] GC(79) Pacer for Mark. Expected Live: 163M, Free: 249M, Non-Taxable: 25497K, Alloc Tax Rate: 0.8x
[303.693s][info][gc            ] GC(79) Pause Init Mark 1.532ms
[303.693s][info][gc,start      ] GC(79) Concurrent marking
[303.693s][info][gc,task       ] GC(79) Using 1 of 1 workers for concurrent marking
[304.699s][info][gc            ] GC(79) Concurrent marking 1005.785ms
[304.712s][info][gc,start      ] GC(79) Pause Final Mark
[304.712s][info][gc,task       ] GC(79) Using 1 of 1 workers for final marking
[304.712s][info][gc,ergo       ] GC(79) Adaptive CSet Selection. Target Free: 281M, Actual Free: 1320M, Max CSet: 84823K, Min Garbage: 0B
[304.713s][info][gc,ergo       ] GC(79) Collectable Garbage: 1402M (99%), Immediate: 1032M (73%), CSet: 370M (26%)
[304.715s][info][gc,ergo       ] GC(79) Pacer for Evacuation. Used CSet: 407M, Free: 1261M, Non-Taxable: 126M, Alloc Tax Rate: 1.1x
[304.715s][info][gc            ] GC(79) Pause Final Mark 2.721ms
[304.715s][info][gc,start      ] GC(79) Concurrent cleanup
[304.715s][info][gc            ] GC(79) Concurrent cleanup 1651M->618M(1745M) 0.165ms
[304.715s][info][gc,ergo       ] GC(79) Free: 1261M, Max: 512K regular, 198M humongous, Frag: 85% external, 0% internal; Reserve: 101857K, Max: 512K
[304.715s][info][gc,start      ] GC(79) Concurrent evacuation
[304.715s][info][gc,task       ] GC(79) Using 1 of 1 workers for concurrent evacuation
[304.972s][info][gc            ] GC(79) Concurrent evacuation 257.548ms
[304.979s][info][gc,start      ] GC(79) Pause Init Update Refs
[304.979s][info][gc,ergo       ] GC(79) Pacer for Update Refs. Used: 693M, Free: 1223M, Non-Taxable: 122M, Alloc Tax Rate: 1.1x
[304.979s][info][gc            ] GC(79) Pause Init Update Refs 0.055ms
[304.979s][info][gc,start      ] GC(79) Concurrent update references
[304.979s][info][gc,task       ] GC(79) Using 1 of 1 workers for concurrent reference update
[305.764s][info][gc            ] GC(79) Concurrent update references 785.199ms
[305.771s][info][gc,start      ] GC(79) Pause Final Update Refs
[305.771s][info][gc,task       ] GC(79) Using 1 of 1 workers for final reference update
[305.772s][info][gc            ] GC(79) Pause Final Update Refs 1.482ms
[305.772s][info][gc,start      ] GC(79) Concurrent cleanup
[305.773s][info][gc            ] GC(79) Concurrent cleanup 878M->470M(1745M) 0.311ms
[305.773s][info][gc,ergo       ] Free: 1408M, Max: 512K regular, 394M humongous, Frag: 72% external, 0% internal; Reserve: 101888K, Max: 512K
[305.773s][info][gc,stats      ] 
[305.773s][info][gc,stats      ] All times are wall-clock times, except per-root-class counters, that are sum over
[305.773s][info][gc,stats      ] all workers. Dividing the <total> over the root stage time estimates parallelism.
[305.773s][info][gc,stats      ] 
[305.773s][info][gc,stats      ] Concurrent Reset                    361 us
[305.773s][info][gc,stats      ] Pause Init Mark (G)                5167 us
[305.773s][info][gc,stats      ] Pause Init Mark (N)                1505 us
[305.773s][info][gc,stats      ]   Accumulate Stats                   19 us
[305.773s][info][gc,stats      ]   Make Parsable                      19 us
[305.773s][info][gc,stats      ]   Update Region States               47 us
[305.773s][info][gc,stats      ]   Scan Roots                       1381 us, parallelism: 0.82x
[305.773s][info][gc,stats      ]     S: <total>                     1137 us
[305.773s][info][gc,stats      ]     S: Thread Roots                 518 us, workers (us): 518, 
[305.773s][info][gc,stats      ]     S: Universe Roots                 2 us, workers (us):   2, 
[305.773s][info][gc,stats      ]     S: JNI Handles Roots              2 us, workers (us):   2, 
[305.773s][info][gc,stats      ]     S: Synchronizer Roots             0 us, workers (us):   0, 
[305.773s][info][gc,stats      ]     S: Management Roots               1 us, workers (us):   1, 
[305.773s][info][gc,stats      ]     S: System Dict Roots             11 us, workers (us):  11, 
[305.773s][info][gc,stats      ]     S: CLDG Roots                   602 us, workers (us): 602, 
[305.773s][info][gc,stats      ]     S: JVMTI Roots                    0 us, workers (us):   0, 
[305.773s][info][gc,stats      ]   Resize TLABs                       11 us
[305.773s][info][gc,stats      ] Concurrent Marking              1005778 us
[305.773s][info][gc,stats      ] Pause Final Mark (G)               7947 us
[305.773s][info][gc,stats      ] Pause Final Mark (N)               2639 us
[305.773s][info][gc,stats      ]   Finish Queues                      33 us
[305.773s][info][gc,stats      ]   System Purge                      261 us
[305.773s][info][gc,stats      ]     Weak Roots                      261 us
[305.773s][info][gc,stats      ]   Update Region States               47 us
[305.773s][info][gc,stats      ]   Retire TLABs                       16 us
[305.773s][info][gc,stats      ]   Choose Collection Set             189 us
[305.773s][info][gc,stats      ]   Rebuild Free Set                   14 us
[305.773s][info][gc,stats      ]   Initial Evacuation               2068 us, parallelism: 0.67x
[305.773s][info][gc,stats      ]     E: <total>                     1391 us
[305.773s][info][gc,stats      ]     E: Thread Roots                 489 us, workers (us): 489, 
[305.773s][info][gc,stats      ]     E: Code Cache Roots             381 us, workers (us): 381, 
[305.773s][info][gc,stats      ]     E: Universe Roots                 1 us, workers (us):   1, 
[305.773s][info][gc,stats      ]     E: JNI Handles Roots              1 us, workers (us):   1, 
[305.773s][info][gc,stats      ]     E: Synchronizer Roots             0 us, workers (us):   0, 
[305.773s][info][gc,stats      ]     E: Management Roots               1 us, workers (us):   1, 
[305.773s][info][gc,stats      ]     E: System Dict Roots             11 us, workers (us):  11, 
[305.773s][info][gc,stats      ]     E: CLDG Roots                   506 us, workers (us): 506, 
[305.773s][info][gc,stats      ]     E: JVMTI Roots                    1 us, workers (us):   1, 
[305.773s][info][gc,stats      ] Concurrent Cleanup                  158 us
[305.773s][info][gc,stats      ] Concurrent Evacuation            257538 us
[305.773s][info][gc,stats      ] Pause Init  Update Refs (G)        6146 us
[305.773s][info][gc,stats      ] Pause Init  Update Refs (N)          17 us
[305.773s][info][gc,stats      ]   Retire GCLABs                       9 us
[305.773s][info][gc,stats      ] Concurrent Update Refs           785185 us
[305.773s][info][gc,stats      ] Pause Final Update Refs (G)        4137 us
[305.773s][info][gc,stats      ] Pause Final Update Refs (N)        1362 us
[305.773s][info][gc,stats      ]   Update Roots                     1155 us, parallelism: 0.98x
[305.773s][info][gc,stats      ]     UR: <total>                    1131 us
[305.773s][info][gc,stats      ]     UR: Thread Roots               1131 us, workers (us): 1131, 
[305.773s][info][gc,stats      ]   Update Region States              114 us
[305.773s][info][gc,stats      ]   Trash Collection Set               17 us
[305.773s][info][gc,stats      ]   Rebuild Free Set                   44 us
[305.773s][info][gc,stats      ] Concurrent Cleanup                  295 us
[305.773s][info][gc,stats      ] Pacing                           313068 us
[305.773s][info][gc,stats      ] 
[305.773s][info][gc,stats      ] Allocation pacing accrued:
[305.773s][info][gc,stats      ]      10 of  8432 ms (  0.1%): dispatcher-event-loop-1
[305.773s][info][gc,stats      ]     266 of  8432 ms (  3.2%): task-result-getter-0
[305.773s][info][gc,stats      ]      10 of  8432 ms (  0.1%): task-result-getter-2
[305.773s][info][gc,stats      ]      26 of  8432 ms (  0.3%): shuffle-client-5-1
[305.773s][info][gc,stats      ]     313 of  8432 ms (  3.7%): <total>
[305.773s][info][gc,stats      ]       2 of  8432 ms (  0.0%): <average total>
[305.773s][info][gc,stats      ]      78 of  8432 ms (  0.9%): <average non-zero>
[305.773s][info][gc,stats      ] 
[305.773s][info][gc,metaspace  ] Metaspace: 68094K->68163K(1110016K)
[305.773s][info][gc,ergo       ] Pacer for Idle. Initial: 40724K, Alloc Tax Rate: 1.0x
[306.212s][info][gc            ] Trigger: Explicit GC request (System.gc())
[306.212s][info][gc,ergo       ] Free: 950M, Max: 512K regular, 371M humongous, Frag: 61% external, 0% internal; Reserve: 101888K, Max: 512K
[306.212s][info][gc,start      ] GC(80) Concurrent reset
[306.212s][info][gc,task       ] GC(80) Using 1 of 1 workers for concurrent reset
[306.212s][info][gc,ergo       ] GC(80) Pacer for Reset. Non-Taxable: 1988M
[306.213s][info][gc            ] GC(80) Concurrent reset 1.283ms
[306.214s][info][gc,start      ] GC(80) Pause Init Mark (process weakrefs) (unload classes)
[306.214s][info][gc,task       ] GC(80) Using 1 of 1 workers for init marking
[306.215s][info][gc,ergo       ] GC(80) Pacer for Mark. Expected Live: 173M, Free: 950M, Non-Taxable: 97281K, Alloc Tax Rate: 0.2x
[306.215s][info][gc            ] GC(80) Pause Init Mark (process weakrefs) (unload classes) 0.920ms
[306.215s][info][gc,start      ] GC(80) Concurrent marking (process weakrefs) (unload classes)
[306.215s][info][gc,task       ] GC(80) Using 1 of 1 workers for concurrent marking
[306.567s][info][gc            ] GC(80) Concurrent marking (process weakrefs) (unload classes) 352.458ms
[306.571s][info][gc,start      ] GC(80) Concurrent precleaning
[306.571s][info][gc,task       ] GC(80) Using 1 of 1 workers for concurrent preclean
[306.571s][info][gc,ergo       ] GC(80) Pacer for Precleaning. Non-Taxable: 1988M
[306.572s][info][gc            ] GC(80) Concurrent precleaning 0.400ms
[306.572s][info][gc,start      ] GC(80) Pause Final Mark (process weakrefs) (unload classes)
[306.572s][info][gc,task       ] GC(80) Using 1 of 1 workers for final marking
[306.640s][info][gc,stringtable] GC(80) Cleaned string and symbol table, strings: 20408 processed, 0 removed, symbols: 140175 processed, 257 removed
[306.641s][info][gc,ergo       ] GC(80) Collectable Garbage: 774M (98%), Immediate: 774M (98%), CSet: 0B (0%)
[306.641s][info][gc            ] GC(80) Pause Final Mark (process weakrefs) (unload classes) 68.695ms
[306.641s][info][gc,start      ] GC(80) Concurrent cleanup
[306.641s][info][gc            ] GC(80) Concurrent cleanup 928M->154M(1745M) 0.131ms
[306.641s][info][gc,ergo       ] GC(80) Free: 1732M, Max: 512K regular, 506M humongous, Frag: 71% external, 0% internal; Reserve: 101888K, Max: 512K
[306.641s][info][gc,ergo       ] Free: 1732M, Max: 512K regular, 506M humongous, Frag: 71% external, 0% internal; Reserve: 101888K, Max: 512K
[306.641s][info][gc,stats      ] 
[306.641s][info][gc,stats      ] All times are wall-clock times, except per-root-class counters, that are sum over
[306.641s][info][gc,stats      ] all workers. Dividing the <total> over the root stage time estimates parallelism.
[306.641s][info][gc,stats      ] 
[306.641s][info][gc,stats      ] Concurrent Reset                   1268 us
[306.641s][info][gc,stats      ] Pause Init Mark (G)                1316 us
[306.641s][info][gc,stats      ] Pause Init Mark (N)                 908 us
[306.641s][info][gc,stats      ]   Accumulate Stats                   21 us
[306.641s][info][gc,stats      ]   Make Parsable                      14 us
[306.641s][info][gc,stats      ]   Update Region States               39 us
[306.641s][info][gc,stats      ]   Scan Roots                        808 us, parallelism: 0.69x
[306.641s][info][gc,stats      ]     S: <total>                      559 us
[306.641s][info][gc,stats      ]     S: Thread Roots                 451 us, workers (us): 451, 
[306.641s][info][gc,stats      ]     S: Universe Roots                 2 us, workers (us):   2, 
[306.641s][info][gc,stats      ]     S: JNI Handles Roots              1 us, workers (us):   1, 
[306.641s][info][gc,stats      ]     S: Synchronizer Roots             0 us, workers (us):   0, 
[306.641s][info][gc,stats      ]     S: Management Roots               1 us, workers (us):   1, 
[306.641s][info][gc,stats      ]     S: System Dict Roots             11 us, workers (us):  11, 
[306.641s][info][gc,stats      ]     S: CLDG Roots                    91 us, workers (us):  91, 
[306.641s][info][gc,stats      ]     S: JVMTI Roots                    1 us, workers (us):   1, 
[306.641s][info][gc,stats      ]   Resize TLABs                        7 us
[306.641s][info][gc,stats      ] Concurrent Marking               352452 us
[306.641s][info][gc,stats      ] Concurrent Precleaning              351 us
[306.641s][info][gc,stats      ] Pause Final Mark (G)              69038 us
[306.641s][info][gc,stats      ] Pause Final Mark (N)              68686 us
[306.641s][info][gc,stats      ]   Finish Queues                     160 us
[306.641s][info][gc,stats      ]   Weak References                    87 us
[306.641s][info][gc,stats      ]     Process                          85 us
[306.641s][info][gc,stats      ]   System Purge                      283 us
[306.641s][info][gc,stats      ]     Unload Classes                 1051 us
[306.641s][info][gc,stats      ]     Cleanup                       66569 us, parallelism: 1.00x
[306.641s][info][gc,stats      ]       CU: <total>                 66504 us
[306.641s][info][gc,stats      ]       CU: Code Cache Roots        30374 us, workers (us): 30374, 
[306.641s][info][gc,stats      ]       CU: Code Cache Cleaning      2343 us, workers (us): 2343, 
[306.641s][info][gc,stats      ]       CU: String Table Roots      10246 us, workers (us): 10246, 
[306.641s][info][gc,stats      ]       CU: Resolved Table Roots     6101 us, workers (us): 6101, 
[306.641s][info][gc,stats      ]       CU: CLDG Roots              17440 us, workers (us): 17440, 
[306.641s][info][gc,stats      ]     Weak Roots                      282 us
[306.641s][info][gc,stats      ]     CLDG                            274 us
[306.641s][info][gc,stats      ]   Update Region States              150 us
[306.641s][info][gc,stats      ]   Retire TLABs                       50 us
[306.641s][info][gc,stats      ]   Choose Collection Set              39 us
[306.641s][info][gc,stats      ]   Rebuild Free Set                   14 us
[306.641s][info][gc,stats      ] Concurrent Cleanup                  123 us
[306.641s][info][gc,stats      ] 
[306.641s][info][gc,stats      ] Allocation pacing accrued:
[306.641s][info][gc,stats      ]       0 of   868 ms (  0.0%): <total>
[306.641s][info][gc,stats      ]       0 of   868 ms (  0.0%): <average total>
[306.641s][info][gc,stats      ] 
[306.641s][info][gc,metaspace  ] Metaspace: 68163K->67684K(1110016K)
[306.641s][info][gc,ergo       ] Pacer for Idle. Initial: 40724K, Alloc Tax Rate: 1.0x
[306.641s][info][gc,start      ] Concurrent uncommit
[306.757s][info][gc            ] Concurrent uncommit 154M->155M(157M) 115.511ms
[307.917s][info][gc            ] Trigger: Learning 2 of 5. Free (1391M) is below initial threshold (1391M)
[307.917s][info][gc,ergo       ] Free: 1391M, Max: 512K regular, 506M humongous, Frag: 64% external, 0% internal; Reserve: 101888K, Max: 512K
[307.917s][info][gc,start      ] GC(81) Concurrent reset
[307.917s][info][gc,task       ] GC(81) Using 1 of 1 workers for concurrent reset
[307.917s][info][gc,ergo       ] GC(81) Pacer for Reset. Non-Taxable: 1988M
[307.917s][info][gc            ] GC(81) Concurrent reset 0.290ms
[307.920s][info][gc,start      ] GC(81) Pause Init Mark
[307.920s][info][gc,task       ] GC(81) Using 1 of 1 workers for init marking
[307.921s][info][gc,ergo       ] GC(81) Pacer for Mark. Expected Live: 163M, Free: 1391M, Non-Taxable: 139M, Alloc Tax Rate: 0.1x
[307.921s][info][gc            ] GC(81) Pause Init Mark 1.794ms
[307.922s][info][gc,start      ] GC(81) Concurrent marking
[307.922s][info][gc,task       ] GC(81) Using 1 of 1 workers for concurrent marking
[308.476s][info][gc            ] GC(81) Concurrent marking 554.082ms
[308.476s][info][gc,start      ] GC(81) Pause Final Mark
[308.476s][info][gc,task       ] GC(81) Using 1 of 1 workers for final marking
[308.476s][info][gc,ergo       ] GC(81) Adaptive CSet Selection. Target Free: 281M, Actual Free: 1418M, Max CSet: 84823K, Min Garbage: 0B
[308.476s][info][gc,ergo       ] GC(81) Collectable Garbage: 299M (99%), Immediate: 18778K (6%), CSet: 281M (93%)
[308.480s][info][gc,ergo       ] GC(81) Pacer for Evacuation. Used CSet: 322M, Free: 1323M, Non-Taxable: 132M, Alloc Tax Rate: 1.1x
[308.480s][info][gc            ] GC(81) Pause Final Mark 4.494ms
[308.480s][info][gc,start      ] GC(81) Concurrent cleanup
[308.480s][info][gc            ] GC(81) Concurrent cleanup 581M->563M(588M) 0.076ms
[308.480s][info][gc,ergo       ] GC(81) Free: 1323M, Max: 512K regular, 526M humongous, Frag: 61% external, 0% internal; Reserve: 101376K, Max: 512K
[308.480s][info][gc,start      ] GC(81) Concurrent evacuation
[308.480s][info][gc,task       ] GC(81) Using 1 of 1 workers for concurrent evacuation
[308.592s][info][gc            ] GC(81) Concurrent evacuation 111.491ms
[308.596s][info][gc,start      ] GC(81) Pause Init Update Refs
[308.596s][info][gc,ergo       ] GC(81) Pacer for Update Refs. Used: 620M, Free: 1307M, Non-Taxable: 130M, Alloc Tax Rate: 1.1x
[308.596s][info][gc            ] GC(81) Pause Init Update Refs 0.036ms
[308.596s][info][gc,start      ] GC(81) Concurrent update references
[308.596s][info][gc,task       ] GC(81) Using 1 of 1 workers for concurrent reference update
[309.042s][info][gc            ] GC(81) Concurrent update references 446.001ms
[309.045s][info][gc,start      ] GC(81) Pause Final Update Refs
[309.045s][info][gc,task       ] GC(81) Using 1 of 1 workers for final reference update
[309.046s][info][gc            ] GC(81) Pause Final Update Refs 0.615ms
[309.046s][info][gc,start      ] GC(81) Concurrent cleanup
[309.046s][info][gc            ] GC(81) Concurrent cleanup 684M->362M(688M) 0.096ms
[309.046s][info][gc,ergo       ] Free: 1524M, Max: 512K regular, 700M humongous, Frag: 55% external, 0% internal; Reserve: 101888K, Max: 512K
[309.046s][info][gc,stats      ] 
[309.046s][info][gc,stats      ] All times are wall-clock times, except per-root-class counters, that are sum over
[309.046s][info][gc,stats      ] all workers. Dividing the <total> over the root stage time estimates parallelism.
[309.046s][info][gc,stats      ] 
[309.046s][info][gc,stats      ] Concurrent Reset                    273 us
[309.046s][info][gc,stats      ] Pause Init Mark (G)                4154 us
[309.046s][info][gc,stats      ] Pause Init Mark (N)                1775 us
[309.046s][info][gc,stats      ]   Accumulate Stats                   24 us
[309.046s][info][gc,stats      ]   Make Parsable                      26 us
[309.046s][info][gc,stats      ]   Update Region States              118 us
[309.046s][info][gc,stats      ]   Scan Roots                       1547 us, parallelism: 0.84x
[309.046s][info][gc,stats      ]     S: <total>                     1297 us
[309.046s][info][gc,stats      ]     S: Thread Roots                 675 us, workers (us): 675, 
[309.046s][info][gc,stats      ]     S: Universe Roots                 2 us, workers (us):   2, 
[309.046s][info][gc,stats      ]     S: JNI Handles Roots              1 us, workers (us):   1, 
[309.046s][info][gc,stats      ]     S: Synchronizer Roots             0 us, workers (us):   0, 
[309.046s][info][gc,stats      ]     S: Management Roots               2 us, workers (us):   2, 
[309.046s][info][gc,stats      ]     S: System Dict Roots             12 us, workers (us):  12, 
[309.046s][info][gc,stats      ]     S: CLDG Roots                   605 us, workers (us): 605, 
[309.046s][info][gc,stats      ]     S: JVMTI Roots                    1 us, workers (us):   1, 
[309.046s][info][gc,stats      ]   Resize TLABs                       19 us
[309.046s][info][gc,stats      ] Concurrent Marking               554074 us
[309.046s][info][gc,stats      ] Pause Final Mark (G)               4708 us
[309.046s][info][gc,stats      ] Pause Final Mark (N)               4479 us
[309.046s][info][gc,stats      ]   Finish Queues                      20 us
[309.046s][info][gc,stats      ]   System Purge                      269 us
[309.046s][info][gc,stats      ]     Weak Roots                      269 us
[309.046s][info][gc,stats      ]   Update Region States               42 us
[309.046s][info][gc,stats      ]   Retire TLABs                       17 us
[309.046s][info][gc,stats      ]   Choose Collection Set             129 us
[309.046s][info][gc,stats      ]   Rebuild Free Set                   13 us
[309.046s][info][gc,stats      ]   Initial Evacuation               3981 us, parallelism: 0.75x
[309.046s][info][gc,stats      ]     E: <total>                     2987 us
[309.046s][info][gc,stats      ]     E: Thread Roots                 723 us, workers (us): 723, 
[309.046s][info][gc,stats      ]     E: Code Cache Roots            1573 us, workers (us): 1573, 
[309.046s][info][gc,stats      ]     E: Universe Roots                 1 us, workers (us):   1, 
[309.046s][info][gc,stats      ]     E: JNI Handles Roots              1 us, workers (us):   1, 
[309.046s][info][gc,stats      ]     E: Synchronizer Roots             0 us, workers (us):   0, 
[309.046s][info][gc,stats      ]     E: Management Roots               2 us, workers (us):   2, 
[309.046s][info][gc,stats      ]     E: System Dict Roots             37 us, workers (us):  37, 
[309.046s][info][gc,stats      ]     E: CLDG Roots                   650 us, workers (us): 650, 
[309.046s][info][gc,stats      ]     E: JVMTI Roots                    0 us, workers (us):   0, 
[309.046s][info][gc,stats      ] Concurrent Cleanup                   68 us
[309.046s][info][gc,stats      ] Concurrent Evacuation            111481 us
[309.046s][info][gc,stats      ] Pause Init  Update Refs (G)        3605 us
[309.046s][info][gc,stats      ] Pause Init  Update Refs (N)          18 us
[309.046s][info][gc,stats      ]   Retire GCLABs                      11 us
[309.046s][info][gc,stats      ] Concurrent Update Refs           445989 us
[309.046s][info][gc,stats      ] Pause Final Update Refs (G)        4129 us
[309.046s][info][gc,stats      ] Pause Final Update Refs (N)         568 us
[309.046s][info][gc,stats      ]   Update Roots                      497 us, parallelism: 0.98x
[309.046s][info][gc,stats      ]     UR: <total>                     489 us
[309.046s][info][gc,stats      ]     UR: Thread Roots                489 us, workers (us): 489, 
[309.046s][info][gc,stats      ]   Update Region States               43 us
[309.046s][info][gc,stats      ]   Trash Collection Set                5 us
[309.046s][info][gc,stats      ]   Rebuild Free Set                   13 us
[309.046s][info][gc,stats      ] Concurrent Cleanup                   90 us
[309.046s][info][gc,stats      ] 
[309.046s][info][gc,stats      ] Allocation pacing accrued:
[309.046s][info][gc,stats      ]       0 of  2405 ms (  0.0%): <total>
[309.046s][info][gc,stats      ]       0 of  2405 ms (  0.0%): <average total>
[309.046s][info][gc,stats      ] 
[309.046s][info][gc,metaspace  ] Metaspace: 68048K->68048K(1110016K)
[309.046s][info][gc,ergo       ] Pacer for Idle. Initial: 40724K, Alloc Tax Rate: 1.0x
[309.839s][info][gc            ] Trigger: Learning 3 of 5. Free (1391M) is below initial threshold (1391M)
[309.839s][info][gc,ergo       ] Free: 1391M, Max: 512K regular, 700M humongous, Frag: 50% external, 0% internal; Reserve: 101888K, Max: 512K
[309.839s][info][gc,start      ] GC(82) Concurrent reset
[309.839s][info][gc,task       ] GC(82) Using 1 of 1 workers for concurrent reset
[309.839s][info][gc,ergo       ] GC(82) Pacer for Reset. Non-Taxable: 1988M
[309.840s][info][gc            ] GC(82) Concurrent reset 0.890ms
[309.842s][info][gc,start      ] GC(82) Pause Init Mark
[309.842s][info][gc,task       ] GC(82) Using 1 of 1 workers for init marking
[309.844s][info][gc,ergo       ] GC(82) Pacer for Mark. Expected Live: 169M, Free: 1391M, Non-Taxable: 139M, Alloc Tax Rate: 0.1x
[309.844s][info][gc            ] GC(82) Pause Init Mark 1.694ms
[309.844s][info][gc,start      ] GC(82) Concurrent marking
[309.844s][info][gc,task       ] GC(82) Using 1 of 1 workers for concurrent marking
[310.224s][info][gc            ] GC(82) Concurrent marking 379.660ms
[310.224s][info][gc,start      ] GC(82) Pause Final Mark
[310.224s][info][gc,task       ] GC(82) Using 1 of 1 workers for final marking
[310.224s][info][gc,ergo       ] GC(82) Collectable Garbage: 342M (97%), Immediate: 342M (97%), CSet: 0B (0%)
[310.224s][info][gc            ] GC(82) Pause Final Mark 0.380ms
[310.224s][info][gc,start      ] GC(82) Concurrent cleanup
[310.225s][info][gc            ] GC(82) Concurrent cleanup 564M->222M(688M) 0.096ms
[310.225s][info][gc,ergo       ] GC(82) Free: 1663M, Max: 512K regular, 737M humongous, Frag: 56% external, 0% internal; Reserve: 101888K, Max: 512K
[310.225s][info][gc,ergo       ] Free: 1663M, Max: 512K regular, 737M humongous, Frag: 56% external, 0% internal; Reserve: 101888K, Max: 512K
[310.225s][info][gc,stats      ] 
[310.225s][info][gc,stats      ] All times are wall-clock times, except per-root-class counters, that are sum over
[310.225s][info][gc,stats      ] all workers. Dividing the <total> over the root stage time estimates parallelism.
[310.225s][info][gc,stats      ] 
[310.225s][info][gc,stats      ] Concurrent Reset                    876 us
[310.225s][info][gc,stats      ] Pause Init Mark (G)                4062 us
[310.225s][info][gc,stats      ] Pause Init Mark (N)                1681 us
[310.225s][info][gc,stats      ]   Accumulate Stats                   24 us
[310.225s][info][gc,stats      ]   Make Parsable                      17 us
[310.225s][info][gc,stats      ]   Update Region States               36 us
[310.225s][info][gc,stats      ]   Scan Roots                       1547 us, parallelism: 0.84x
[310.225s][info][gc,stats      ]     S: <total>                     1301 us
[310.225s][info][gc,stats      ]     S: Thread Roots                 672 us, workers (us): 672, 
[310.225s][info][gc,stats      ]     S: Universe Roots                 2 us, workers (us):   2, 
[310.225s][info][gc,stats      ]     S: JNI Handles Roots              1 us, workers (us):   1, 
[310.225s][info][gc,stats      ]     S: Synchronizer Roots             0 us, workers (us):   0, 
[310.225s][info][gc,stats      ]     S: Management Roots               1 us, workers (us):   1, 
[310.225s][info][gc,stats      ]     S: System Dict Roots             21 us, workers (us):  21, 
[310.225s][info][gc,stats      ]     S: CLDG Roots                   603 us, workers (us): 603, 
[310.225s][info][gc,stats      ]     S: JVMTI Roots                    0 us, workers (us):   0, 
[310.225s][info][gc,stats      ]   Resize TLABs                       20 us
[310.225s][info][gc,stats      ] Concurrent Marking               379652 us
[310.225s][info][gc,stats      ] Pause Final Mark (G)                578 us
[310.225s][info][gc,stats      ] Pause Final Mark (N)                367 us
[310.225s][info][gc,stats      ]   Finish Queues                      18 us
[310.225s][info][gc,stats      ]   System Purge                      254 us
[310.225s][info][gc,stats      ]     Weak Roots                      254 us
[310.225s][info][gc,stats      ]   Update Region States               42 us
[310.225s][info][gc,stats      ]   Retire TLABs                       12 us
[310.225s][info][gc,stats      ]   Choose Collection Set              20 us
[310.225s][info][gc,stats      ]   Rebuild Free Set                   14 us
[310.225s][info][gc,stats      ] Concurrent Cleanup                   90 us
[310.225s][info][gc,stats      ] 
[310.225s][info][gc,stats      ] Allocation pacing accrued:
[310.225s][info][gc,stats      ]       0 of  1179 ms (  0.0%): <total>
[310.225s][info][gc,stats      ]       0 of  1179 ms (  0.0%): <average total>
[310.225s][info][gc,stats      ] 
[310.225s][info][gc,metaspace  ] Metaspace: 68067K->68067K(1110016K)
[310.225s][info][gc,ergo       ] Pacer for Idle. Initial: 40724K, Alloc Tax Rate: 1.0x
[310.882s][info][gc            ] Trigger: Learning 4 of 5. Free (1391M) is below initial threshold (1391M)
[310.882s][info][gc,ergo       ] Free: 1392M, Max: 512K regular, 737M humongous, Frag: 48% external, 0% internal; Reserve: 101888K, Max: 512K
[310.882s][info][gc,start      ] GC(83) Concurrent reset
[310.882s][info][gc,task       ] GC(83) Using 1 of 1 workers for concurrent reset
[310.882s][info][gc,ergo       ] GC(83) Pacer for Reset. Non-Taxable: 1988M
[310.882s][info][gc            ] GC(83) Concurrent reset 0.262ms
[310.884s][info][gc,start      ] GC(83) Pause Init Mark
[310.884s][info][gc,task       ] GC(83) Using 1 of 1 workers for init marking
[310.886s][info][gc,ergo       ] GC(83) Pacer for Mark. Expected Live: 161M, Free: 1392M, Non-Taxable: 139M, Alloc Tax Rate: 0.1x
[310.886s][info][gc            ] GC(83) Pause Init Mark 1.571ms
[310.886s][info][gc,start      ] GC(83) Concurrent marking
[310.886s][info][gc,task       ] GC(83) Using 1 of 1 workers for concurrent marking
[311.462s][info][gc            ] GC(83) Concurrent marking 575.903ms
[311.462s][info][gc,start      ] GC(83) Pause Final Mark
[311.462s][info][gc,task       ] GC(83) Using 1 of 1 workers for final marking
[311.463s][info][gc,ergo       ] GC(83) Adaptive CSet Selection. Target Free: 281M, Actual Free: 1395M, Max CSet: 84823K, Min Garbage: 0B
[311.463s][info][gc,ergo       ] GC(83) Collectable Garbage: 298M (99%), Immediate: 7168K (2%), CSet: 291M (96%)
[311.465s][info][gc,ergo       ] GC(83) Pacer for Evacuation. Used CSet: 333M, Free: 1299M, Non-Taxable: 129M, Alloc Tax Rate: 1.1x
[311.465s][info][gc            ] GC(83) Pause Final Mark 2.685ms
[311.465s][info][gc,start      ] GC(83) Concurrent cleanup
[311.465s][info][gc            ] GC(83) Concurrent cleanup 594M->587M(688M) 0.074ms
[311.465s][info][gc,ergo       ] GC(83) Free: 1299M, Max: 512K regular, 737M humongous, Frag: 44% external, 0% internal; Reserve: 101881K, Max: 512K
[311.465s][info][gc,start      ] GC(83) Concurrent evacuation
[311.465s][info][gc,task       ] GC(83) Using 1 of 1 workers for concurrent evacuation
[311.576s][info][gc            ] GC(83) Concurrent evacuation 111.031ms
[311.580s][info][gc,start      ] GC(83) Pause Init Update Refs
[311.580s][info][gc,ergo       ] GC(83) Pacer for Update Refs. Used: 646M, Free: 1283M, Non-Taxable: 128M, Alloc Tax Rate: 1.1x
[311.580s][info][gc            ] GC(83) Pause Init Update Refs 0.035ms
[311.580s][info][gc,start      ] GC(83) Concurrent update references
[311.580s][info][gc,task       ] GC(83) Using 1 of 1 workers for concurrent reference update
[311.982s][info][gc            ] GC(83) Concurrent update references 401.989ms
[311.984s][info][gc,start      ] GC(83) Pause Final Update Refs
[311.984s][info][gc,task       ] GC(83) Using 1 of 1 workers for final reference update
[311.985s][info][gc            ] GC(83) Pause Final Update Refs 0.573ms
[311.986s][info][gc,start      ] GC(83) Concurrent cleanup
[311.986s][info][gc            ] GC(83) Concurrent cleanup 697M->364M(704M) 0.104ms
[311.986s][info][gc,ergo       ] Free: 1522M, Max: 512K regular, 697M humongous, Frag: 55% external, 0% internal; Reserve: 101888K, Max: 512K
[311.986s][info][gc,stats      ] 
[311.986s][info][gc,stats      ] All times are wall-clock times, except per-root-class counters, that are sum over
[311.986s][info][gc,stats      ] all workers. Dividing the <total> over the root stage time estimates parallelism.
[311.986s][info][gc,stats      ] 
[311.986s][info][gc,stats      ] Concurrent Reset                    253 us
[311.986s][info][gc,stats      ] Pause Init Mark (G)                3944 us
[311.986s][info][gc,stats      ] Pause Init Mark (N)                1552 us
[311.986s][info][gc,stats      ]   Accumulate Stats                   24 us
[311.986s][info][gc,stats      ]   Make Parsable                      15 us
[311.986s][info][gc,stats      ]   Update Region States               36 us
[311.986s][info][gc,stats      ]   Scan Roots                       1423 us, parallelism: 0.82x
[311.986s][info][gc,stats      ]     S: <total>                     1164 us
[311.986s][info][gc,stats      ]     S: Thread Roots                 606 us, workers (us): 606, 
[311.986s][info][gc,stats      ]     S: Universe Roots                 2 us, workers (us):   2, 
[311.986s][info][gc,stats      ]     S: JNI Handles Roots              1 us, workers (us):   1, 
[311.986s][info][gc,stats      ]     S: Synchronizer Roots             0 us, workers (us):   0, 
[311.986s][info][gc,stats      ]     S: Management Roots               1 us, workers (us):   1, 
[311.986s][info][gc,stats      ]     S: System Dict Roots             11 us, workers (us):  11, 
[311.986s][info][gc,stats      ]     S: CLDG Roots                   542 us, workers (us): 542, 
[311.986s][info][gc,stats      ]     S: JVMTI Roots                    1 us, workers (us):   1, 
[311.986s][info][gc,stats      ]   Resize TLABs                       17 us
[311.986s][info][gc,stats      ] Concurrent Marking               575895 us
[311.986s][info][gc,stats      ] Pause Final Mark (G)               2902 us
[311.986s][info][gc,stats      ] Pause Final Mark (N)               2661 us
[311.986s][info][gc,stats      ]   Finish Queues                      20 us
[311.986s][info][gc,stats      ]   System Purge                      273 us
[311.986s][info][gc,stats      ]     Weak Roots                      273 us
[311.986s][info][gc,stats      ]   Update Region States               42 us
[311.986s][info][gc,stats      ]   Retire TLABs                       12 us
[311.986s][info][gc,stats      ]   Choose Collection Set             135 us
[311.986s][info][gc,stats      ]   Rebuild Free Set                   13 us
[311.986s][info][gc,stats      ]   Initial Evacuation               2155 us, parallelism: 0.69x
[311.986s][info][gc,stats      ]     E: <total>                     1487 us
[311.986s][info][gc,stats      ]     E: Thread Roots                 542 us, workers (us): 542, 
[311.986s][info][gc,stats      ]     E: Code Cache Roots             451 us, workers (us): 451, 
[311.986s][info][gc,stats      ]     E: Universe Roots                 1 us, workers (us):   1, 
[311.986s][info][gc,stats      ]     E: JNI Handles Roots              1 us, workers (us):   1, 
[311.986s][info][gc,stats      ]     E: Synchronizer Roots             0 us, workers (us):   0, 
[311.986s][info][gc,stats      ]     E: Management Roots               1 us, workers (us):   1, 
[311.986s][info][gc,stats      ]     E: System Dict Roots             10 us, workers (us):  10, 
[311.986s][info][gc,stats      ]     E: CLDG Roots                   481 us, workers (us): 481, 
[311.986s][info][gc,stats      ]     E: JVMTI Roots                    0 us, workers (us):   0, 
[311.986s][info][gc,stats      ] Concurrent Cleanup                   67 us
[311.986s][info][gc,stats      ] Concurrent Evacuation            111020 us
[311.986s][info][gc,stats      ] Pause Init  Update Refs (G)        3644 us
[311.986s][info][gc,stats      ] Pause Init  Update Refs (N)          18 us
[311.986s][info][gc,stats      ]   Retire GCLABs                      11 us
[311.986s][info][gc,stats      ] Concurrent Update Refs           401979 us
[311.986s][info][gc,stats      ] Pause Final Update Refs (G)        3987 us
[311.986s][info][gc,stats      ] Pause Final Update Refs (N)         547 us
[311.986s][info][gc,stats      ]   Update Roots                      477 us, parallelism: 0.98x
[311.986s][info][gc,stats      ]     UR: <total>                     470 us
[311.986s][info][gc,stats      ]     UR: Thread Roots                470 us, workers (us): 470, 
[311.986s][info][gc,stats      ]   Update Region States               41 us
[311.986s][info][gc,stats      ]   Trash Collection Set                4 us
[311.986s][info][gc,stats      ]   Rebuild Free Set                   14 us
[311.986s][info][gc,stats      ] Concurrent Cleanup                   91 us
[311.986s][info][gc,stats      ] 
[311.986s][info][gc,stats      ] Allocation pacing accrued:
[311.986s][info][gc,stats      ]       0 of  1761 ms (  0.0%): <total>
[311.986s][info][gc,stats      ]       0 of  1761 ms (  0.0%): <average total>
[311.986s][info][gc,stats      ] 
[311.986s][info][gc,metaspace  ] Metaspace: 68067K->68067K(1110016K)
[311.986s][info][gc,ergo       ] Pacer for Idle. Initial: 40724K, Alloc Tax Rate: 1.0x
[312.702s][info][gc            ] Trigger: Learning 5 of 5. Free (1391M) is below initial threshold (1391M)
[312.703s][info][gc,ergo       ] Free: 1392M, Max: 512K regular, 697M humongous, Frag: 50% external, 0% internal; Reserve: 101888K, Max: 512K
[312.703s][info][gc,start      ] GC(84) Concurrent reset
[312.703s][info][gc,task       ] GC(84) Using 1 of 1 workers for concurrent reset
[312.703s][info][gc,ergo       ] GC(84) Pacer for Reset. Non-Taxable: 1988M
[312.703s][info][gc            ] GC(84) Concurrent reset 0.735ms
[312.706s][info][gc,start      ] GC(84) Pause Init Mark
[312.706s][info][gc,task       ] GC(84) Using 1 of 1 workers for init marking
[312.707s][info][gc,ergo       ] GC(84) Pacer for Mark. Expected Live: 169M, Free: 1392M, Non-Taxable: 139M, Alloc Tax Rate: 0.1x
[312.707s][info][gc            ] GC(84) Pause Init Mark 1.581ms
[312.707s][info][gc,start      ] GC(84) Concurrent marking
[312.707s][info][gc,task       ] GC(84) Using 1 of 1 workers for concurrent marking
[313.159s][info][gc            ] GC(84) Concurrent marking 451.243ms
[313.159s][info][gc,start      ] GC(84) Pause Final Mark
[313.159s][info][gc,task       ] GC(84) Using 1 of 1 workers for final marking
[313.159s][info][gc,ergo       ] GC(84) Adaptive CSet Selection. Target Free: 281M, Actual Free: 1705M, Max CSet: 84823K, Min Garbage: 0B
[313.159s][info][gc,ergo       ] GC(84) Collectable Garbage: 331M (99%), Immediate: 295M (88%), CSet: 37115K (10%)
[313.161s][info][gc,ergo       ] GC(84) Pacer for Evacuation. Used CSet: 51712K, Free: 1610M, Non-Taxable: 161M, Alloc Tax Rate: 1.1x
[313.161s][info][gc            ] GC(84) Pause Final Mark 2.576ms
[313.161s][info][gc,start      ] GC(84) Concurrent cleanup
[313.162s][info][gc            ] GC(84) Concurrent cleanup 570M->275M(704M) 0.099ms
[313.162s][info][gc,ergo       ] GC(84) Free: 1610M, Max: 512K regular, 735M humongous, Frag: 55% external, 0% internal; Reserve: 101881K, Max: 512K
[313.162s][info][gc,start      ] GC(84) Concurrent evacuation
[313.162s][info][gc,task       ] GC(84) Using 1 of 1 workers for concurrent evacuation
[313.189s][info][gc            ] GC(84) Concurrent evacuation 26.997ms
[313.192s][info][gc,start      ] GC(84) Pause Init Update Refs
[313.192s][info][gc,ergo       ] GC(84) Pacer for Update Refs. Used: 296M, Free: 1604M, Non-Taxable: 160M, Alloc Tax Rate: 1.1x
[313.192s][info][gc            ] GC(84) Pause Init Update Refs 0.042ms
[313.192s][info][gc,start      ] GC(84) Concurrent update references
[313.192s][info][gc,task       ] GC(84) Using 1 of 1 workers for concurrent reference update
[313.466s][info][gc            ] GC(84) Concurrent update references 273.768ms
[313.468s][info][gc,start      ] GC(84) Pause Final Update Refs
[313.468s][info][gc,task       ] GC(84) Using 1 of 1 workers for final reference update
[313.469s][info][gc            ] GC(84) Pause Final Update Refs 0.580ms
[313.469s][info][gc,start      ] GC(84) Concurrent cleanup
[313.469s][info][gc            ] GC(84) Concurrent cleanup 347M->297M(704M) 0.074ms
[313.469s][info][gc,ergo       ] Free: 1588M, Max: 512K regular, 725M humongous, Frag: 55% external, 0% internal; Reserve: 101888K, Max: 512K
[313.469s][info][gc,stats      ] 
[313.469s][info][gc,stats      ] All times are wall-clock times, except per-root-class counters, that are sum over
[313.469s][info][gc,stats      ] all workers. Dividing the <total> over the root stage time estimates parallelism.
[313.469s][info][gc,stats      ] 
[313.469s][info][gc,stats      ] Concurrent Reset                    725 us
[313.469s][info][gc,stats      ] Pause Init Mark (G)                4055 us
[313.469s][info][gc,stats      ] Pause Init Mark (N)                1555 us
[313.469s][info][gc,stats      ]   Accumulate Stats                   24 us
[313.469s][info][gc,stats      ]   Make Parsable                      18 us
[313.469s][info][gc,stats      ]   Update Region States               40 us
[313.469s][info][gc,stats      ]   Scan Roots                       1424 us, parallelism: 0.83x
[313.469s][info][gc,stats      ]     S: <total>                     1179 us
[313.469s][info][gc,stats      ]     S: Thread Roots                 577 us, workers (us): 577, 
[313.469s][info][gc,stats      ]     S: Universe Roots                 2 us, workers (us):   2, 
[313.469s][info][gc,stats      ]     S: JNI Handles Roots              1 us, workers (us):   1, 
[313.469s][info][gc,stats      ]     S: Synchronizer Roots             0 us, workers (us):   0, 
[313.469s][info][gc,stats      ]     S: Management Roots               1 us, workers (us):   1, 
[313.469s][info][gc,stats      ]     S: System Dict Roots             11 us, workers (us):  11, 
[313.469s][info][gc,stats      ]     S: CLDG Roots                   586 us, workers (us): 586, 
[313.469s][info][gc,stats      ]     S: JVMTI Roots                    0 us, workers (us):   0, 
[313.469s][info][gc,stats      ]   Resize TLABs                       16 us
[313.469s][info][gc,stats      ] Concurrent Marking               451229 us
[313.469s][info][gc,stats      ] Pause Final Mark (G)               2783 us
[313.469s][info][gc,stats      ] Pause Final Mark (N)               2561 us
[313.469s][info][gc,stats      ]   Finish Queues                      17 us
[313.469s][info][gc,stats      ]   System Purge                      251 us
[313.469s][info][gc,stats      ]     Weak Roots                      251 us
[313.469s][info][gc,stats      ]   Update Region States               47 us
[313.469s][info][gc,stats      ]   Retire TLABs                       14 us
[313.469s][info][gc,stats      ]   Choose Collection Set              65 us
[313.469s][info][gc,stats      ]   Rebuild Free Set                   14 us
[313.469s][info][gc,stats      ]   Initial Evacuation               2146 us, parallelism: 0.68x
[313.469s][info][gc,stats      ]     E: <total>                     1450 us
[313.469s][info][gc,stats      ]     E: Thread Roots                 558 us, workers (us): 558, 
[313.469s][info][gc,stats      ]     E: Code Cache Roots             394 us, workers (us): 394, 
[313.469s][info][gc,stats      ]     E: Universe Roots                 1 us, workers (us):   1, 
[313.469s][info][gc,stats      ]     E: JNI Handles Roots              1 us, workers (us):   1, 
[313.469s][info][gc,stats      ]     E: Synchronizer Roots             0 us, workers (us):   0, 
[313.469s][info][gc,stats      ]     E: Management Roots               1 us, workers (us):   1, 
[313.469s][info][gc,stats      ]     E: System Dict Roots             10 us, workers (us):  10, 
[313.469s][info][gc,stats      ]     E: CLDG Roots                   485 us, workers (us): 485, 
[313.469s][info][gc,stats      ]     E: JVMTI Roots                    0 us, workers (us):   0, 
[313.469s][info][gc,stats      ] Concurrent Cleanup                   92 us
[313.469s][info][gc,stats      ] Concurrent Evacuation             26987 us
[313.469s][info][gc,stats      ] Pause Init  Update Refs (G)        3533 us
[313.469s][info][gc,stats      ] Pause Init  Update Refs (N)          18 us
[313.469s][info][gc,stats      ]   Retire GCLABs                      10 us
[313.469s][info][gc,stats      ] Concurrent Update Refs           273757 us
[313.469s][info][gc,stats      ] Pause Final Update Refs (G)        2934 us
[313.469s][info][gc,stats      ] Pause Final Update Refs (N)         558 us
[313.469s][info][gc,stats      ]   Update Roots                      493 us, parallelism: 0.98x
[313.469s][info][gc,stats      ]     UR: <total>                     485 us
[313.469s][info][gc,stats      ]     UR: Thread Roots                485 us, workers (us): 485, 
[313.469s][info][gc,stats      ]   Update Region States               41 us
[313.469s][info][gc,stats      ]   Trash Collection Set                2 us
[313.469s][info][gc,stats      ]   Rebuild Free Set                   14 us
[313.469s][info][gc,stats      ] Concurrent Cleanup                   68 us
[313.469s][info][gc,stats      ] 
[313.469s][info][gc,stats      ] Allocation pacing accrued:
[313.469s][info][gc,stats      ]       0 of  1483 ms (  0.0%): <total>
[313.469s][info][gc,stats      ]       0 of  1483 ms (  0.0%): <average total>
[313.469s][info][gc,stats      ] 
[313.469s][info][gc,metaspace  ] Metaspace: 68081K->68081K(1110016K)
[313.469s][info][gc,ergo       ] Pacer for Idle. Initial: 40724K, Alloc Tax Rate: 1.0x
[318.321s][info][gc            ] Trigger: Average GC time (762.75 ms) is above the time for allocation rate (255 MB/s) to deplete free headroom (193M)
[318.321s][info][gc,ergo       ] Free headroom: 293M (free) - 101788K (spike) - 0B (penalties) = 193M
[318.321s][info][gc,ergo       ] Free: 293M, Max: 512K regular, 293M humongous, Frag: 0% external, 0% internal; Reserve: 101888K, Max: 512K
[318.321s][info][gc,start      ] GC(85) Concurrent reset
[318.321s][info][gc,task       ] GC(85) Using 1 of 1 workers for concurrent reset
[318.321s][info][gc,ergo       ] GC(85) Pacer for Reset. Non-Taxable: 1988M
[318.321s][info][gc            ] GC(85) Concurrent reset 0.359ms
[318.325s][info][gc,start      ] GC(85) Pause Init Mark (process weakrefs)
[318.325s][info][gc,task       ] GC(85) Using 1 of 1 workers for init marking
[318.326s][info][gc,ergo       ] GC(85) Pacer for Mark. Expected Live: 163M, Free: 293M, Non-Taxable: 30054K, Alloc Tax Rate: 0.7x
[318.326s][info][gc            ] GC(85) Pause Init Mark (process weakrefs) 1.498ms
[318.326s][info][gc,start      ] GC(85) Concurrent marking (process weakrefs)
[318.326s][info][gc,task       ] GC(85) Using 1 of 1 workers for concurrent marking
[318.784s][info][gc            ] GC(85) Concurrent marking (process weakrefs) 457.519ms
[318.784s][info][gc,start      ] GC(85) Concurrent precleaning
[318.784s][info][gc,task       ] GC(85) Using 1 of 1 workers for concurrent preclean
[318.784s][info][gc,ergo       ] GC(85) Pacer for Precleaning. Non-Taxable: 1988M
[318.784s][info][gc            ] GC(85) Concurrent precleaning 0.532ms
[318.784s][info][gc,start      ] GC(85) Pause Final Mark (process weakrefs)
[318.784s][info][gc,task       ] GC(85) Using 1 of 1 workers for final marking
[318.785s][info][gc,ergo       ] GC(85) Adaptive CSet Selection. Target Free: 281M, Actual Free: 1534M, Max CSet: 84823K, Min Garbage: 0B
[318.785s][info][gc,ergo       ] GC(85) Collectable Garbage: 1391M (99%), Immediate: 1190M (85%), CSet: 200M (14%)
[318.787s][info][gc,ergo       ] GC(85) Pacer for Evacuation. Used CSet: 235M, Free: 1452M, Non-Taxable: 145M, Alloc Tax Rate: 1.1x
[318.787s][info][gc            ] GC(85) Pause Final Mark (process weakrefs) 2.580ms
[318.790s][info][gc,start      ] GC(85) Concurrent cleanup
[318.790s][info][gc            ] GC(85) Concurrent cleanup 1624M->434M(1679M) 0.195ms
[318.790s][info][gc,ergo       ] GC(85) Free: 1451M, Max: 512K regular, 390M humongous, Frag: 74% external, 0% internal; Reserve: 101617K, Max: 512K
[318.790s][info][gc,start      ] GC(85) Concurrent evacuation
[318.790s][info][gc,task       ] GC(85) Using 1 of 1 workers for concurrent evacuation
[318.865s][info][gc            ] GC(85) Concurrent evacuation 75.104ms
[318.869s][info][gc,start      ] GC(85) Pause Init Update Refs
[318.869s][info][gc,ergo       ] GC(85) Pacer for Update Refs. Used: 484M, Free: 1437M, Non-Taxable: 143M, Alloc Tax Rate: 1.1x
[318.869s][info][gc            ] GC(85) Pause Init Update Refs 0.034ms
[318.869s][info][gc,start      ] GC(85) Concurrent update references
[318.869s][info][gc,task       ] GC(85) Using 1 of 1 workers for concurrent reference update
[319.205s][info][gc            ] GC(85) Concurrent update references 336.569ms
[319.208s][info][gc,start      ] GC(85) Pause Final Update Refs
[319.208s][info][gc,task       ] GC(85) Using 1 of 1 workers for final reference update
[319.208s][info][gc            ] GC(85) Pause Final Update Refs 0.538ms
[319.208s][info][gc,start      ] GC(85) Concurrent cleanup
[319.208s][info][gc            ] GC(85) Concurrent cleanup 544M->308M(1679M) 0.089ms
[319.208s][info][gc,ergo       ] Free: 1577M, Max: 512K regular, 712M humongous, Frag: 55% external, 0% internal; Reserve: 101888K, Max: 512K
[319.208s][info][gc,stats      ] 
[319.208s][info][gc,stats      ] All times are wall-clock times, except per-root-class counters, that are sum over
[319.208s][info][gc,stats      ] all workers. Dividing the <total> over the root stage time estimates parallelism.
[319.208s][info][gc,stats      ] 
[319.208s][info][gc,stats      ] Concurrent Reset                    348 us
[319.208s][info][gc,stats      ] Pause Init Mark (G)                4669 us
[319.208s][info][gc,stats      ] Pause Init Mark (N)                1475 us
[319.208s][info][gc,stats      ]   Accumulate Stats                   19 us
[319.208s][info][gc,stats      ]   Make Parsable                      15 us
[319.208s][info][gc,stats      ]   Update Region States               41 us
[319.208s][info][gc,stats      ]   Scan Roots                       1354 us, parallelism: 0.81x
[319.208s][info][gc,stats      ]     S: <total>                     1096 us
[319.208s][info][gc,stats      ]     S: Thread Roots                 502 us, workers (us): 502, 
[319.208s][info][gc,stats      ]     S: Universe Roots                 2 us, workers (us):   2, 
[319.208s][info][gc,stats      ]     S: JNI Handles Roots              1 us, workers (us):   1, 
[319.208s][info][gc,stats      ]     S: Synchronizer Roots             0 us, workers (us):   0, 
[319.208s][info][gc,stats      ]     S: Management Roots               1 us, workers (us):   1, 
[319.208s][info][gc,stats      ]     S: System Dict Roots             11 us, workers (us):  11, 
[319.208s][info][gc,stats      ]     S: CLDG Roots                   578 us, workers (us): 578, 
[319.208s][info][gc,stats      ]     S: JVMTI Roots                    0 us, workers (us):   0, 
[319.208s][info][gc,stats      ]   Resize TLABs                       12 us
[319.208s][info][gc,stats      ] Concurrent Marking               457510 us
[319.208s][info][gc,stats      ] Concurrent Precleaning              522 us
[319.208s][info][gc,stats      ] Pause Final Mark (G)               5792 us
[319.208s][info][gc,stats      ] Pause Final Mark (N)               2574 us
[319.208s][info][gc,stats      ]   Finish Queues                      12 us
[319.208s][info][gc,stats      ]   Weak References                    21 us
[319.208s][info][gc,stats      ]     Process                          19 us
[319.208s][info][gc,stats      ]   System Purge                      278 us
[319.208s][info][gc,stats      ]     Weak Roots                      277 us
[319.208s][info][gc,stats      ]   Update Region States               44 us
[319.208s][info][gc,stats      ]   Retire TLABs                       14 us
[319.208s][info][gc,stats      ]   Choose Collection Set             116 us
[319.208s][info][gc,stats      ]   Rebuild Free Set                   13 us
[319.208s][info][gc,stats      ]   Initial Evacuation               2069 us, parallelism: 0.67x
[319.208s][info][gc,stats      ]     E: <total>                     1378 us
[319.208s][info][gc,stats      ]     E: Thread Roots                 446 us, workers (us): 446, 
[319.208s][info][gc,stats      ]     E: Code Cache Roots             423 us, workers (us): 423, 
[319.208s][info][gc,stats      ]     E: Universe Roots                 3 us, workers (us):   3, 
[319.208s][info][gc,stats      ]     E: JNI Handles Roots              1 us, workers (us):   1, 
[319.208s][info][gc,stats      ]     E: Synchronizer Roots             0 us, workers (us):   0, 
[319.208s][info][gc,stats      ]     E: Management Roots               1 us, workers (us):   1, 
[319.208s][info][gc,stats      ]     E: System Dict Roots              9 us, workers (us):   9, 
[319.208s][info][gc,stats      ]     E: CLDG Roots                   494 us, workers (us): 494, 
[319.208s][info][gc,stats      ]     E: JVMTI Roots                    1 us, workers (us):   1, 
[319.208s][info][gc,stats      ] Concurrent Cleanup                  164 us
[319.208s][info][gc,stats      ] Concurrent Evacuation             75094 us
[319.208s][info][gc,stats      ] Pause Init  Update Refs (G)        3194 us
[319.208s][info][gc,stats      ] Pause Init  Update Refs (N)          16 us
[319.208s][info][gc,stats      ]   Retire GCLABs                       9 us
[319.208s][info][gc,stats      ] Concurrent Update Refs           336557 us
[319.208s][info][gc,stats      ] Pause Final Update Refs (G)        2850 us
[319.208s][info][gc,stats      ] Pause Final Update Refs (N)         472 us
[319.208s][info][gc,stats      ]   Update Roots                      404 us, parallelism: 0.98x
[319.208s][info][gc,stats      ]     UR: <total>                     394 us
[319.208s][info][gc,stats      ]     UR: Thread Roots                394 us, workers (us): 394, 
[319.208s][info][gc,stats      ]   Update Region States               42 us
[319.209s][info][gc,stats      ]   Trash Collection Set                4 us
[319.209s][info][gc,stats      ]   Rebuild Free Set                   13 us
[319.209s][info][gc,stats      ] Concurrent Cleanup                   83 us
[319.209s][info][gc,stats      ] Pacing                           144981 us
[319.209s][info][gc,stats      ] 
[319.209s][info][gc,stats      ] Allocation pacing accrued:
[319.209s][info][gc,stats      ]     145 of  5739 ms (  2.5%): Executor task launch worker for task 1.0 in stage 119.0 (TID 169)
[319.209s][info][gc,stats      ]     145 of  5739 ms (  2.5%): <total>
[319.209s][info][gc,stats      ]       1 of  5739 ms (  0.0%): <average total>
[319.209s][info][gc,stats      ]     145 of  5739 ms (  2.5%): <average non-zero>
[319.209s][info][gc,stats      ] 
[319.209s][info][gc,metaspace  ] Metaspace: 68113K->68113K(1110016K)
[319.209s][info][gc,ergo       ] Pacer for Idle. Initial: 40724K, Alloc Tax Rate: 1.0x
[323.838s][info][gc            ] Trigger: Average GC time (854.42 ms) is above the time for allocation rate (252 MB/s) to deplete free headroom (214M)
[323.839s][info][gc,ergo       ] Free headroom: 314M (free) - 101788K (spike) - 0B (penalties) = 214M
[323.839s][info][gc,ergo       ] Free: 314M, Max: 512K regular, 224M humongous, Frag: 29% external, 0% internal; Reserve: 101888K, Max: 512K
[323.839s][info][gc,start      ] GC(86) Concurrent reset
[323.839s][info][gc,task       ] GC(86) Using 1 of 1 workers for concurrent reset
[323.839s][info][gc,ergo       ] GC(86) Pacer for Reset. Non-Taxable: 1988M
[323.839s][info][gc            ] GC(86) Concurrent reset 0.679ms
[323.843s][info][gc,start      ] GC(86) Pause Init Mark
[323.843s][info][gc,task       ] GC(86) Using 1 of 1 workers for init marking
[323.844s][info][gc,ergo       ] GC(86) Pacer for Mark. Expected Live: 171M, Free: 314M, Non-Taxable: 32204K, Alloc Tax Rate: 0.7x
[323.844s][info][gc            ] GC(86) Pause Init Mark 1.619ms
[323.844s][info][gc,start      ] GC(86) Concurrent marking
[323.844s][info][gc,task       ] GC(86) Using 1 of 1 workers for concurrent marking
[324.214s][info][gc            ] GC(86) Concurrent marking 369.874ms
[324.214s][info][gc,start      ] GC(86) Pause Final Mark
[324.214s][info][gc,task       ] GC(86) Using 1 of 1 workers for final marking
[324.215s][info][gc,ergo       ] GC(86) Collectable Garbage: 1357M (96%), Immediate: 1357M (96%), CSet: 0B (0%)
[324.215s][info][gc            ] GC(86) Pause Final Mark 0.413ms
[324.215s][info][gc,start      ] GC(86) Concurrent cleanup
[324.215s][info][gc            ] GC(86) Concurrent cleanup 1593M->235M(1679M) 0.175ms
[324.215s][info][gc,ergo       ] GC(86) Free: 1651M, Max: 512K regular, 462M humongous, Frag: 72% external, 0% internal; Reserve: 101888K, Max: 512K
[324.215s][info][gc,ergo       ] Free: 1651M, Max: 512K regular, 462M humongous, Frag: 72% external, 0% internal; Reserve: 101888K, Max: 512K
[324.215s][info][gc,stats      ] 
[324.215s][info][gc,stats      ] All times are wall-clock times, except per-root-class counters, that are sum over
[324.215s][info][gc,stats      ] all workers. Dividing the <total> over the root stage time estimates parallelism.
[324.215s][info][gc,stats      ] 
[324.215s][info][gc,stats      ] Concurrent Reset                    657 us
[324.215s][info][gc,stats      ] Pause Init Mark (G)                4834 us
[324.215s][info][gc,stats      ] Pause Init Mark (N)                1595 us
[324.215s][info][gc,stats      ]   Accumulate Stats                   20 us
[324.215s][info][gc,stats      ]   Make Parsable                      20 us
[324.215s][info][gc,stats      ]   Update Region States               43 us
[324.215s][info][gc,stats      ]   Scan Roots                       1462 us, parallelism: 0.83x
[324.215s][info][gc,stats      ]     S: <total>                     1210 us
[324.215s][info][gc,stats      ]     S: Thread Roots                 551 us, workers (us): 551, 
[324.215s][info][gc,stats      ]     S: Universe Roots                 2 us, workers (us):   2, 
[324.215s][info][gc,stats      ]     S: JNI Handles Roots              1 us, workers (us):   1, 
[324.215s][info][gc,stats      ]     S: Synchronizer Roots             0 us, workers (us):   0, 
[324.215s][info][gc,stats      ]     S: Management Roots               1 us, workers (us):   1, 
[324.215s][info][gc,stats      ]     S: System Dict Roots             11 us, workers (us):  11, 
[324.215s][info][gc,stats      ]     S: CLDG Roots                   644 us, workers (us): 644, 
[324.215s][info][gc,stats      ]     S: JVMTI Roots                    0 us, workers (us):   0, 
[324.215s][info][gc,stats      ]   Resize TLABs                       14 us
[324.215s][info][gc,stats      ] Concurrent Marking               369867 us
[324.215s][info][gc,stats      ] Pause Final Mark (G)                566 us
[324.215s][info][gc,stats      ] Pause Final Mark (N)                402 us
[324.215s][info][gc,stats      ]   Finish Queues                      15 us
[324.215s][info][gc,stats      ]   System Purge                      256 us
[324.215s][info][gc,stats      ]     Weak Roots                      256 us
[324.215s][info][gc,stats      ]   Update Region States               44 us
[324.215s][info][gc,stats      ]   Retire TLABs                       25 us
[324.215s][info][gc,stats      ]   Choose Collection Set              42 us
[324.215s][info][gc,stats      ]   Rebuild Free Set                   13 us
[324.215s][info][gc,stats      ] Concurrent Cleanup                  169 us
[324.215s][info][gc,stats      ] Pacing                            25427 us
[324.215s][info][gc,stats      ] 
[324.215s][info][gc,stats      ] Allocation pacing accrued:
[324.215s][info][gc,stats      ]      25 of  5007 ms (  0.5%): Executor task launch worker for task 2.0 in stage 124.0 (TID 176)
[324.215s][info][gc,stats      ]      25 of  5007 ms (  0.5%): <total>
[324.215s][info][gc,stats      ]       0 of  5007 ms (  0.0%): <average total>
[324.215s][info][gc,stats      ]      25 of  5007 ms (  0.5%): <average non-zero>
[324.215s][info][gc,stats      ] 
[324.215s][info][gc,metaspace  ] Metaspace: 68214K->68214K(1110016K)
[324.215s][info][gc,ergo       ] Pacer for Idle. Initial: 40724K, Alloc Tax Rate: 1.0x
[327.687s][info][gc            ] Trigger: Average GC time (703.90 ms) is above the time for allocation rate (351 MB/s) to deplete free headroom (246M)
[327.687s][info][gc,ergo       ] Free headroom: 346M (free) - 101788K (spike) - 0B (penalties) = 246M
[327.687s][info][gc,ergo       ] Free: 346M, Max: 512K regular, 286M humongous, Frag: 18% external, 0% internal; Reserve: 101888K, Max: 512K
[327.687s][info][gc,start      ] GC(87) Concurrent reset
[327.687s][info][gc,task       ] GC(87) Using 1 of 1 workers for concurrent reset
[327.687s][info][gc,ergo       ] GC(87) Pacer for Reset. Non-Taxable: 1988M
[327.688s][info][gc            ] GC(87) Concurrent reset 0.394ms
[327.690s][info][gc,start      ] GC(87) Pause Init Mark
[327.690s][info][gc,task       ] GC(87) Using 1 of 1 workers for init marking
[327.692s][info][gc,ergo       ] GC(87) Pacer for Mark. Expected Live: 163M, Free: 346M, Non-Taxable: 35481K, Alloc Tax Rate: 0.6x
[327.692s][info][gc            ] GC(87) Pause Init Mark 1.664ms
[327.692s][info][gc,start      ] GC(87) Concurrent marking
[327.692s][info][gc,task       ] GC(87) Using 1 of 1 workers for concurrent marking
[328.255s][info][gc            ] GC(87) Concurrent marking 563.451ms
[328.255s][info][gc,start      ] GC(87) Pause Final Mark
[328.255s][info][gc,task       ] GC(87) Using 1 of 1 workers for final marking
[328.256s][info][gc,ergo       ] GC(87) Adaptive CSet Selection. Target Free: 281M, Actual Free: 1393M, Max CSet: 84823K, Min Garbage: 0B
[328.256s][info][gc,ergo       ] GC(87) Collectable Garbage: 1318M (99%), Immediate: 999M (75%), CSet: 319M (24%)
[328.258s][info][gc,ergo       ] GC(87) Pacer for Evacuation. Used CSet: 359M, Free: 1328M, Non-Taxable: 132M, Alloc Tax Rate: 1.1x
[328.258s][info][gc            ] GC(87) Pause Final Mark 2.741ms
[328.258s][info][gc,start      ] GC(87) Concurrent cleanup
[328.258s][info][gc            ] GC(87) Concurrent cleanup 1555M->556M(1679M) 0.158ms
[328.258s][info][gc,ergo       ] GC(87) Free: 1328M, Max: 512K regular, 286M humongous, Frag: 79% external, 0% internal; Reserve: 101857K, Max: 512K
[328.258s][info][gc,start      ] GC(87) Concurrent evacuation
[328.258s][info][gc,task       ] GC(87) Using 1 of 1 workers for concurrent evacuation
[328.373s][info][gc            ] GC(87) Concurrent evacuation 114.917ms
[328.376s][info][gc,start      ] GC(87) Pause Init Update Refs
[328.376s][info][gc,ergo       ] GC(87) Pacer for Update Refs. Used: 602M, Free: 1320M, Non-Taxable: 132M, Alloc Tax Rate: 1.1x
[328.376s][info][gc            ] GC(87) Pause Init Update Refs 0.031ms
[328.376s][info][gc,start      ] GC(87) Concurrent update references
[328.377s][info][gc,task       ] GC(87) Using 1 of 1 workers for concurrent reference update
[328.826s][info][gc            ] GC(87) Concurrent update references 449.871ms
[328.830s][info][gc,start      ] GC(87) Pause Final Update Refs
[328.830s][info][gc,task       ] GC(87) Using 1 of 1 workers for final reference update
[328.830s][info][gc            ] GC(87) Pause Final Update Refs 0.538ms
[328.835s][info][gc,start      ] GC(87) Concurrent cleanup
[328.835s][info][gc            ] GC(87) Concurrent cleanup 641M->282M(1679M) 0.148ms
[328.835s][info][gc,ergo       ] Free: 1598M, Max: 512K regular, 392M humongous, Frag: 76% external, 0% internal; Reserve: 101888K, Max: 512K
[328.835s][info][gc,stats      ] 
[328.835s][info][gc,stats      ] All times are wall-clock times, except per-root-class counters, that are sum over
[328.835s][info][gc,stats      ] all workers. Dividing the <total> over the root stage time estimates parallelism.
[328.835s][info][gc,stats      ] 
[328.835s][info][gc,stats      ] Concurrent Reset                    383 us
[328.835s][info][gc,stats      ] Pause Init Mark (G)                3986 us
[328.835s][info][gc,stats      ] Pause Init Mark (N)                1609 us
[328.835s][info][gc,stats      ]   Accumulate Stats                   25 us
[328.835s][info][gc,stats      ]   Make Parsable                      21 us
[328.835s][info][gc,stats      ]   Update Region States               44 us
[328.835s][info][gc,stats      ]   Scan Roots                       1476 us, parallelism: 0.82x
[328.835s][info][gc,stats      ]     S: <total>                     1211 us
[328.835s][info][gc,stats      ]     S: Thread Roots                 585 us, workers (us): 585, 
[328.835s][info][gc,stats      ]     S: Universe Roots                 2 us, workers (us):   2, 
[328.835s][info][gc,stats      ]     S: JNI Handles Roots              1 us, workers (us):   1, 
[328.835s][info][gc,stats      ]     S: Synchronizer Roots             0 us, workers (us):   0, 
[328.835s][info][gc,stats      ]     S: Management Roots               2 us, workers (us):   2, 
[328.835s][info][gc,stats      ]     S: System Dict Roots             12 us, workers (us):  12, 
[328.835s][info][gc,stats      ]     S: CLDG Roots                   609 us, workers (us): 609, 
[328.835s][info][gc,stats      ]     S: JVMTI Roots                    0 us, workers (us):   0, 
[328.835s][info][gc,stats      ]   Resize TLABs                       14 us
[328.835s][info][gc,stats      ] Concurrent Marking               563444 us
[328.835s][info][gc,stats      ] Pause Final Mark (G)               2919 us
[328.835s][info][gc,stats      ] Pause Final Mark (N)               2728 us
[328.835s][info][gc,stats      ]   Finish Queues                      17 us
[328.835s][info][gc,stats      ]   System Purge                      256 us
[328.835s][info][gc,stats      ]     Weak Roots                      256 us
[328.835s][info][gc,stats      ]   Update Region States               45 us
[328.835s][info][gc,stats      ]   Retire TLABs                       11 us
[328.835s][info][gc,stats      ]   Choose Collection Set             223 us
[328.835s][info][gc,stats      ]   Rebuild Free Set                   16 us
[328.836s][info][gc,stats      ]   Initial Evacuation               2153 us, parallelism: 0.67x
[328.836s][info][gc,stats      ]     E: <total>                     1440 us
[328.836s][info][gc,stats      ]     E: Thread Roots                 514 us, workers (us): 514, 
[328.836s][info][gc,stats      ]     E: Code Cache Roots             388 us, workers (us): 388, 
[328.836s][info][gc,stats      ]     E: Universe Roots                 1 us, workers (us):   1, 
[328.836s][info][gc,stats      ]     E: JNI Handles Roots              1 us, workers (us):   1, 
[328.836s][info][gc,stats      ]     E: Synchronizer Roots             0 us, workers (us):   0, 
[328.836s][info][gc,stats      ]     E: Management Roots               1 us, workers (us):   1, 
[328.836s][info][gc,stats      ]     E: System Dict Roots             10 us, workers (us):  10, 
[328.836s][info][gc,stats      ]     E: CLDG Roots                   525 us, workers (us): 525, 
[328.836s][info][gc,stats      ]     E: JVMTI Roots                    0 us, workers (us):   0, 
[328.836s][info][gc,stats      ] Concurrent Cleanup                  150 us
[328.836s][info][gc,stats      ] Concurrent Evacuation            114907 us
[328.836s][info][gc,stats      ] Pause Init  Update Refs (G)        3308 us
[328.836s][info][gc,stats      ] Pause Init  Update Refs (N)          16 us
[328.836s][info][gc,stats      ]   Retire GCLABs                       9 us
[328.836s][info][gc,stats      ] Concurrent Update Refs           449860 us
[328.836s][info][gc,stats      ] Pause Final Update Refs (G)        8742 us
[328.836s][info][gc,stats      ] Pause Final Update Refs (N)         497 us
[328.836s][info][gc,stats      ]   Update Roots                      410 us, parallelism: 0.99x
[328.836s][info][gc,stats      ]     UR: <total>                     404 us
[328.836s][info][gc,stats      ]     UR: Thread Roots                404 us, workers (us): 404, 
[328.836s][info][gc,stats      ]   Update Region States               54 us
[328.836s][info][gc,stats      ]   Trash Collection Set                6 us
[328.836s][info][gc,stats      ]   Rebuild Free Set                   15 us
[328.836s][info][gc,stats      ] Concurrent Cleanup                  101 us
[328.836s][info][gc,stats      ] Pacing                            33028 us
[328.836s][info][gc,stats      ] 
[328.836s][info][gc,stats      ] Allocation pacing accrued:
[328.836s][info][gc,stats      ]      23 of  4621 ms (  0.5%): Executor task launch worker for task 2.0 in stage 129.0 (TID 182)
[328.836s][info][gc,stats      ]      10 of  4621 ms (  0.2%): Executor task launch worker for task 1.0 in stage 129.0 (TID 181)
[328.836s][info][gc,stats      ]      33 of  4621 ms (  0.7%): <total>
[328.836s][info][gc,stats      ]       0 of  4621 ms (  0.0%): <average total>
[328.836s][info][gc,stats      ]      17 of  4621 ms (  0.4%): <average non-zero>
[328.836s][info][gc,stats      ] 
[328.836s][info][gc,metaspace  ] Metaspace: 68263K->68264K(1110016K)
[328.836s][info][gc,ergo       ] Pacer for Idle. Initial: 40724K, Alloc Tax Rate: 1.0x
[329.589s][info][gc            ] Cancelling GC: Stopping VM
[329.589s][info][gc,heap,exit  ] Heap
[329.589s][info][gc,heap,exit  ] Shenandoah Heap
[329.589s][info][gc,heap,exit  ]  1988M max, 1988M soft max, 1679M committed, 1054M used
[329.589s][info][gc,heap,exit  ]  3977 x 512K regions
[329.589s][info][gc,heap,exit  ] Status: cancelled
[329.589s][info][gc,heap,exit  ] Reserved region:
[329.589s][info][gc,heap,exit  ]  - [0x0000000083b80000, 0x0000000100000000) 
[329.589s][info][gc,heap,exit  ] Collection set:
[329.589s][info][gc,heap,exit  ]  - map (vanilla): 0x0000000000011077
[329.589s][info][gc,heap,exit  ]  - map (biased):  0x0000000000010000
[329.589s][info][gc,heap,exit  ] 
[329.589s][info][gc,heap,exit  ]  Metaspace       used 68800K, capacity 72625K, committed 72880K, reserved 1112064K
[329.589s][info][gc,heap,exit  ]   class space    used 9400K, capacity 11263K, committed 11264K, reserved 1048576K
[329.589s][info][gc,stats      ] 
[329.589s][info][gc,stats      ] GC STATISTICS:
[329.589s][info][gc,stats      ]   "(G)" (gross) pauses include VM time: time to notify and block threads, do the pre-
[329.589s][info][gc,stats      ]         and post-safepoint housekeeping. Use -XX:+PrintSafepointStatistics to dissect.
[329.589s][info][gc,stats      ]   "(N)" (net) pauses are the times spent in the actual GC code.
[329.589s][info][gc,stats      ]   "a" is average time for each phase, look at levels to see if average makes sense.
[329.589s][info][gc,stats      ]   "lvls" are quantiles: 0% (minimum), 25%, 50% (median), 75%, 100% (maximum).
[329.589s][info][gc,stats      ] 
[329.589s][info][gc,stats      ]   All times are wall-clock times, except per-root-class counters, that are sum over
[329.589s][info][gc,stats      ]   all workers. Dividing the <total> over the root stage time estimates parallelism.
[329.589s][info][gc,stats      ] 
[329.589s][info][gc,stats      ]   Pacing delays are measured from entering the pacing code till exiting it. Therefore,
[329.589s][info][gc,stats      ]   observed pacing delays may be higher than the threshold when paced thread spent more
[329.589s][info][gc,stats      ]   time in the pacing code. It usually happens when thread is de-scheduled while paced,
[329.589s][info][gc,stats      ]   OS takes longer to unblock the thread, or JVM experiences an STW pause.
[329.589s][info][gc,stats      ] 
[329.589s][info][gc,stats      ]   Higher delay would prevent application outpacing the GC, but it will hide the GC latencies
[329.589s][info][gc,stats      ]   from the STW pause times. Pacing affects the individual threads, and so it would also be
[329.589s][info][gc,stats      ]   invisible to the usual profiling tools, but would add up to end-to-end application latency.
[329.589s][info][gc,stats      ]   Raise max pacing delay with care.
[329.589s][info][gc,stats      ] 
[329.589s][info][gc,stats      ] Concurrent Reset               =    0.055 s (a =      628 us) (n =    88) (lvls, us =       76,      309,      396,      760,     5315)
[329.589s][info][gc,stats      ] Pause Init Mark (G)            =    0.452 s (a =     5135 us) (n =    88) (lvls, us =      756,     3906,     4043,     4570,    70566)
[329.589s][info][gc,stats      ] Pause Init Mark (N)            =    0.223 s (a =     2530 us) (n =    88) (lvls, us =      625,     1367,     1543,     1641,    65488)
[329.589s][info][gc,stats      ]   Accumulate Stats             =    0.002 s (a =       20 us) (n =    88) (lvls, us =        2,       14,       22,       24,       74)
[329.589s][info][gc,stats      ]   Make Parsable                =    0.001 s (a =       16 us) (n =    88) (lvls, us =        2,       13,       16,       18,       38)
[329.589s][info][gc,stats      ]   Update Region States         =    0.004 s (a =       45 us) (n =    88) (lvls, us =       34,       37,       41,       46,      118)
[329.589s][info][gc,stats      ]   Scan Roots                   =    0.212 s (a =     2403 us) (n =    88) (lvls, us =      535,     1250,     1406,     1504,    65370)
[329.589s][info][gc,stats      ]     S: <total>                 =    0.190 s (a =     2162 us) (n =    88) (lvls, us =      375,      996,     1152,     1250,    65313)
[329.589s][info][gc,stats      ]     S: Thread Roots            =    0.079 s (a =      901 us) (n =    88) (lvls, us =      154,      486,      564,      617,    32014)
[329.589s][info][gc,stats      ]     S: Universe Roots          =    0.001 s (a =        9 us) (n =    88) (lvls, us =        2,        2,        2,        2,      642)
[329.589s][info][gc,stats      ]     S: JNI Handles Roots       =    0.000 s (a =        1 us) (n =    88) (lvls, us =        1,        1,        1,        1,        4)
[329.589s][info][gc,stats      ]     S: Synchronizer Roots      =    0.000 s (a =        0 us) (n =    88) (lvls, us =        0,        0,        0,        0,        0)
[329.589s][info][gc,stats      ]     S: Management Roots        =    0.000 s (a =        1 us) (n =    88) (lvls, us =        1,        1,        1,        1,       16)
[329.589s][info][gc,stats      ]     S: System Dict Roots       =    0.001 s (a =       14 us) (n =    88) (lvls, us =        7,       11,       12,       13,       53)
[329.589s][info][gc,stats      ]     S: CLDG Roots              =    0.109 s (a =     1234 us) (n =    88) (lvls, us =       67,      553,      596,      611,    62504)
[329.589s][info][gc,stats      ]     S: JVMTI Roots             =    0.000 s (a =        1 us) (n =    88) (lvls, us =        0,        0,        0,        1,        1)
[329.589s][info][gc,stats      ]   Resize TLABs                 =    0.001 s (a =       13 us) (n =    88) (lvls, us =        2,        9,       14,       17,       25)
[329.589s][info][gc,stats      ] Concurrent Marking             =   40.145 s (a =   456195 us) (n =    88) (lvls, us =    34180,   361328,   417969,   572266,  1782388)
[329.589s][info][gc,stats      ] Concurrent Precleaning         =    0.022 s (a =      880 us) (n =    25) (lvls, us =      227,      307,      521,      566,     7392)
[329.589s][info][gc,stats      ] Pause Final Mark (G)           =    0.684 s (a =     7776 us) (n =    88) (lvls, us =      344,     1348,     2812,     5234,    69038)
[329.589s][info][gc,stats      ] Pause Final Mark (N)           =    0.615 s (a =     6994 us) (n =    88) (lvls, us =      293,      430,     2559,     3672,    68686)
[329.589s][info][gc,stats      ]   Finish Queues                =    0.008 s (a =       85 us) (n =    88) (lvls, us =        8,       16,       18,       26,     2533)
[329.589s][info][gc,stats      ]   Weak References              =    0.002 s (a =       81 us) (n =    25) (lvls, us =       17,       21,       40,       72,      719)
[329.589s][info][gc,stats      ]     Process                    =    0.002 s (a =       79 us) (n =    25) (lvls, us =       16,       20,       38,       70,      717)
[329.589s][info][gc,stats      ]   System Purge                 =    0.023 s (a =      266 us) (n =    88) (lvls, us =      100,      246,      266,      279,      546)
[329.589s][info][gc,stats      ]     Unload Classes             =    0.012 s (a =      977 us) (n =    12) (lvls, us =      379,      930,     1035,     1074,     1237)
[329.589s][info][gc,stats      ]     Cleanup                    =    0.381 s (a =    31777 us) (n =    12) (lvls, us =     5137,    24023,    28125,    41992,    66569)
[329.589s][info][gc,stats      ]       CU: <total>              =    0.380 s (a =    31703 us) (n =    12) (lvls, us =     5078,    24023,    28125,    41992,    66504)
[329.589s][info][gc,stats      ]       CU: Code Cache Roots     =    0.164 s (a =    13635 us) (n =    12) (lvls, us =     1797,     4551,    11523,    13867,    30374)
[329.589s][info][gc,stats      ]       CU: Code Cache Cleaning  =    0.022 s (a =     1848 us) (n =    12) (lvls, us =      441,     1074,     1914,     2129,     3689)
[329.589s][info][gc,stats      ]       CU: String Table Roots   =    0.085 s (a =     7097 us) (n =    12) (lvls, us =      848,     5859,     6504,     6680,    16813)
[329.589s][info][gc,stats      ]       CU: Resolved Table Roots =    0.008 s (a =      657 us) (n =    12) (lvls, us =       27,      133,      135,      139,     6101)
[329.589s][info][gc,stats      ]       CU: CLDG Roots           =    0.102 s (a =     8466 us) (n =    12) (lvls, us =     1953,     5938,     6934,     7480,    19992)
[329.589s][info][gc,stats      ]     Weak Roots                 =    0.023 s (a =      266 us) (n =    88) (lvls, us =      100,      246,      266,      279,      546)
[329.589s][info][gc,stats      ]     CLDG                       =    0.003 s (a =      252 us) (n =    12) (lvls, us =        0,      221,      268,      273,      616)
[329.589s][info][gc,stats      ]   Update Region States         =    0.007 s (a =       80 us) (n =    88) (lvls, us =       40,       42,       44,       46,     2891)
[329.589s][info][gc,stats      ]   Retire TLABs                 =    0.001 s (a =       17 us) (n =    88) (lvls, us =        4,       12,       15,       19,       50)
[329.589s][info][gc,stats      ]   Choose Collection Set        =    0.009 s (a =       98 us) (n =    88) (lvls, us =       17,       39,      107,      137,      312)
[329.589s][info][gc,stats      ]   Rebuild Free Set             =    0.001 s (a =       15 us) (n =    88) (lvls, us =       12,       13,       13,       14,       44)
[329.589s][info][gc,stats      ]   Initial Evacuation           =    0.167 s (a =     3098 us) (n =    54) (lvls, us =      834,     2012,     2070,     2344,    43036)
[329.589s][info][gc,stats      ]     E: <total>                 =    0.127 s (a =     2351 us) (n =    54) (lvls, us =      508,     1348,     1426,     1660,    42214)
[329.589s][info][gc,stats      ]     E: Thread Roots            =    0.028 s (a =      520 us) (n =    54) (lvls, us =      168,      445,      547,      594,     1281)
[329.589s][info][gc,stats      ]     E: Code Cache Roots        =    0.028 s (a =      527 us) (n =    54) (lvls, us =       65,      295,      375,      461,     1574)
[329.589s][info][gc,stats      ]     E: Universe Roots          =    0.000 s (a =        3 us) (n =    54) (lvls, us =        1,        1,        1,        1,       26)
[329.589s][info][gc,stats      ]     E: JNI Handles Roots       =    0.000 s (a =        1 us) (n =    54) (lvls, us =        0,        1,        1,        1,        3)
[329.589s][info][gc,stats      ]     E: Synchronizer Roots      =    0.000 s (a =        0 us) (n =    54) (lvls, us =        0,        0,        0,        0,        0)
[329.589s][info][gc,stats      ]     E: Management Roots        =    0.000 s (a =        1 us) (n =    54) (lvls, us =        1,        1,        1,        1,        4)
[329.589s][info][gc,stats      ]     E: System Dict Roots       =    0.001 s (a =       15 us) (n =    54) (lvls, us =        5,        9,       10,       11,       53)
[329.589s][info][gc,stats      ]     E: CLDG Roots              =    0.069 s (a =     1283 us) (n =    54) (lvls, us =      252,      486,      506,      572,    40445)
[329.589s][info][gc,stats      ]     E: JVMTI Roots             =    0.000 s (a =        0 us) (n =    54) (lvls, us =        0,        0,        0,        1,        1)
[329.589s][info][gc,stats      ] Concurrent Cleanup             =    0.011 s (a =      130 us) (n =    88) (lvls, us =       64,       89,      115,      168,      404)
[329.589s][info][gc,stats      ] Concurrent Evacuation          =    5.293 s (a =    98023 us) (n =    54) (lvls, us =      594,    63086,    97070,   109375,   350895)
[329.589s][info][gc,stats      ] Pause Init  Update Refs (G)    =    0.146 s (a =     2703 us) (n =    54) (lvls, us =       82,     2363,     2676,     3203,     6146)
[329.589s][info][gc,stats      ] Pause Init  Update Refs (N)    =    0.001 s (a =       16 us) (n =    54) (lvls, us =        6,       15,       17,       18,       25)
[329.589s][info][gc,stats      ]   Retire GCLABs                =    0.000 s (a =        9 us) (n =    54) (lvls, us =        1,        7,        9,       10,       16)
[329.589s][info][gc,stats      ] Concurrent Update Refs         =   22.359 s (a =   414065 us) (n =    54) (lvls, us =    13281,   318359,   402344,   441406,  1113510)
[329.589s][info][gc,stats      ] Pause Final Update Refs (G)    =    0.226 s (a =     4178 us) (n =    54) (lvls, us =      363,     2910,     3594,     4121,    29741)
[329.589s][info][gc,stats      ] Pause Final Update Refs (N)    =    0.028 s (a =      520 us) (n =    54) (lvls, us =      217,      482,      533,      566,     1362)
[329.589s][info][gc,stats      ]   Update Roots                 =    0.024 s (a =      444 us) (n =    54) (lvls, us =      152,      402,      461,      494,     1155)
[329.589s][info][gc,stats      ]     UR: <total>                =    0.023 s (a =      435 us) (n =    54) (lvls, us =      146,      395,      453,      486,     1131)
[329.589s][info][gc,stats      ]     UR: Thread Roots           =    0.023 s (a =      435 us) (n =    54) (lvls, us =      146,      395,      453,      486,     1131)
[329.590s][info][gc,stats      ]   Update Region States         =    0.002 s (a =       46 us) (n =    54) (lvls, us =       39,       41,       42,       45,      114)
[329.590s][info][gc,stats      ]   Trash Collection Set         =    0.000 s (a =        4 us) (n =    54) (lvls, us =        2,        3,        4,        5,       17)
[329.590s][info][gc,stats      ]   Rebuild Free Set             =    0.001 s (a =       15 us) (n =    54) (lvls, us =       12,       13,       13,       15,       44)
[329.590s][info][gc,stats      ] Concurrent Cleanup             =    0.005 s (a =       91 us) (n =    54) (lvls, us =       64,       74,       89,       92,      295)
[329.590s][info][gc,stats      ] Concurrent Uncommit            =    0.675 s (a =    67525 us) (n =    10) (lvls, us =    37891,    51953,    55664,    57812,   110893)
[329.590s][info][gc,stats      ] Pacing                         =    4.328 s (a =    49181 us) (n =    88) (lvls, us =        0,        0,        0,    50781,   791617)
[329.590s][info][gc,stats      ] 
[329.590s][info][gc,stats      ] 
[329.590s][info][gc,stats      ] Under allocation pressure, concurrent cycles may cancel, and either continue cycle
[329.590s][info][gc,stats      ] under stop-the-world pause or result in stop-the-world Full GC. Increase heap size,
[329.590s][info][gc,stats      ] tune GC heuristics, set more aggressive pacing delay, or lower allocation rate
[329.590s][info][gc,stats      ] to avoid Degenerated and Full GC cycles.
[329.590s][info][gc,stats      ] 
[329.590s][info][gc,stats      ]    88 successful concurrent GCs
[329.590s][info][gc,stats      ]      10 invoked explicitly
[329.590s][info][gc,stats      ]       0 invoked implicitly
[329.590s][info][gc,stats      ] 
[329.590s][info][gc,stats      ]     0 Degenerated GCs
[329.590s][info][gc,stats      ]       0 caused by allocation failure
[329.590s][info][gc,stats      ]       0 upgraded to Full GC
[329.590s][info][gc,stats      ] 
[329.590s][info][gc,stats      ]     0 Full GCs
[329.590s][info][gc,stats      ]       0 invoked explicitly
[329.590s][info][gc,stats      ]       0 invoked implicitly
[329.590s][info][gc,stats      ]       0 caused by allocation failure
[329.590s][info][gc,stats      ]       0 upgraded from Degenerated GC
[329.590s][info][gc,stats      ] 
[329.590s][info][gc,stats      ] 
