[0.009s][info][gc,init] Initializing The Z Garbage Collector
[0.009s][info][gc,init] Version: 11.0.15+10-Ubuntu-0ubuntu0.20.04.1 (release)
[0.009s][info][gc,init] NUMA Support: Disabled
[0.009s][info][gc,init] CPUs: 1 total, 1 available
[0.009s][info][gc,init] Memory: 7952M
[0.009s][info][gc,init] Large Page Support: Disabled
[0.009s][info][gc,init] Workers: 1 parallel, 1 concurrent
[0.009s][info][gc,init] Heap backed by file: /memfd:java_heap
[0.009s][info][gc,init] Available space on backing filesystem: N/A
[0.035s][info][gc,init] Pre-touching: Disabled
[0.035s][info][gc,init] Pre-mapping: 126M
[0.042s][info][gc,init] Runtime Workers: 1 parallel
[0.042s][info][gc     ] Using The Z Garbage Collector
[3.135s][info][gc,start] GC(0) Garbage Collection (Metadata GC Threshold)
[3.137s][info][gc,phases] GC(0) Pause Mark Start 0.645ms
[3.179s][info][gc,phases] GC(0) Concurrent Mark 42.552ms
[3.180s][info][gc,phases] GC(0) Pause Mark End 0.097ms
[3.180s][info][gc,phases] GC(0) Concurrent Process Non-Strong References 0.399ms
[3.180s][info][gc,phases] GC(0) Concurrent Reset Relocation Set 0.000ms
[3.180s][info][gc,phases] GC(0) Concurrent Destroy Detached Pages 0.000ms
[3.183s][info][gc,phases] GC(0) Concurrent Select Relocation Set 2.715ms
[3.183s][info][gc,phases] GC(0) Concurrent Prepare Relocation Set 0.339ms
[3.184s][info][gc,phases] GC(0) Pause Relocate Start 0.809ms
[3.210s][info][gc,phases] GC(0) Concurrent Relocate 19.010ms
[3.210s][info][gc,load  ] GC(0) Load: 2.03/1.60/0.94
[3.210s][info][gc,mmu   ] GC(0) MMU: 2ms/59.5%, 5ms/81.9%, 10ms/90.9%, 20ms/95.5%, 50ms/96.9%, 100ms/98.4%
[3.210s][info][gc,marking] GC(0) Mark: 1 stripe(s), 3 proactive flush(es), 1 terminate flush(es), 0 completion(s), 0 continuation(s) 
[3.210s][info][gc,reloc  ] GC(0) Relocation: Successful, 17M relocated
[3.210s][info][gc,nmethod] GC(0) NMethods: 338 registered, 0 unregistered
[3.210s][info][gc,metaspace] GC(0) Metaspace: 20M used, 21M capacity, 21M committed, 22M reserved
[3.210s][info][gc,ref      ] GC(0) Soft: 356 encountered, 0 discovered, 0 enqueued
[3.210s][info][gc,ref      ] GC(0) Weak: 711 encountered, 650 discovered, 188 enqueued
[3.210s][info][gc,ref      ] GC(0) Final: 2 encountered, 0 discovered, 0 enqueued
[3.210s][info][gc,ref      ] GC(0) Phantom: 839 encountered, 644 discovered, 245 enqueued
[3.210s][info][gc,heap     ] GC(0)                Mark Start          Mark End        Relocate Start      Relocate End           High               Low         
[3.210s][info][gc,heap     ] GC(0)  Capacity:      160M (8%)          160M (8%)          160M (8%)          160M (8%)          160M (8%)          160M (8%)     
[3.210s][info][gc,heap     ] GC(0)   Reserve:       34M (2%)           34M (2%)           34M (2%)           34M (2%)           34M (2%)           34M (2%)     
[3.210s][info][gc,heap     ] GC(0)      Free:     1866M (94%)        1864M (94%)        1864M (94%)        1904M (96%)        1904M (96%)        1860M (93%)    
[3.210s][info][gc,heap     ] GC(0)      Used:       90M (5%)           92M (5%)           92M (5%)           52M (3%)           96M (5%)           52M (3%)     
[3.210s][info][gc,heap     ] GC(0)      Live:         -                17M (1%)           17M (1%)           17M (1%)             -                  -          
[3.210s][info][gc,heap     ] GC(0) Allocated:         -                 2M (0%)            2M (0%)           14M (1%)             -                  -          
[3.210s][info][gc,heap     ] GC(0)   Garbage:         -                72M (4%)           72M (4%)           32M (2%)             -                  -          
[3.210s][info][gc,heap     ] GC(0) Reclaimed:         -                  -                 0M (0%)           40M (2%)             -                  -          
[3.210s][info][gc          ] GC(0) Garbage Collection (Metadata GC Threshold) 90M(5%)->52M(3%)
[4.655s][info][gc,start    ] GC(1) Garbage Collection (Metadata GC Threshold)
[4.656s][info][gc,phases   ] GC(1) Pause Mark Start 1.233ms
[4.709s][info][gc,phases   ] GC(1) Concurrent Mark 52.565ms
[4.709s][info][gc,phases   ] GC(1) Pause Mark End 0.142ms
[4.710s][info][gc,phases   ] GC(1) Concurrent Process Non-Strong References 0.971ms
[4.710s][info][gc,phases   ] GC(1) Concurrent Reset Relocation Set 0.053ms
[4.710s][info][gc,phases   ] GC(1) Concurrent Destroy Detached Pages 0.000ms
[4.712s][info][gc,phases   ] GC(1) Concurrent Select Relocation Set 1.737ms
[4.712s][info][gc,phases   ] GC(1) Concurrent Prepare Relocation Set 0.371ms
[4.714s][info][gc,phases   ] GC(1) Pause Relocate Start 1.654ms
[4.734s][info][gc,phases   ] GC(1) Concurrent Relocate 17.736ms
[4.734s][info][gc,load     ] GC(1) Load: 2.03/1.60/0.94
[4.734s][info][gc,mmu      ] GC(1) MMU: 2ms/17.3%, 5ms/64.8%, 10ms/82.0%, 20ms/91.0%, 50ms/96.4%, 100ms/97.0%
[4.734s][info][gc,marking  ] GC(1) Mark: 1 stripe(s), 2 proactive flush(es), 1 terminate flush(es), 0 completion(s), 0 continuation(s) 
[4.734s][info][gc,reloc    ] GC(1) Relocation: Successful, 13M relocated
[4.734s][info][gc,nmethod  ] GC(1) NMethods: 673 registered, 0 unregistered
[4.734s][info][gc,metaspace] GC(1) Metaspace: 35M used, 36M capacity, 36M committed, 38M reserved
[4.734s][info][gc,ref      ] GC(1) Soft: 2902 encountered, 0 discovered, 0 enqueued
[4.734s][info][gc,ref      ] GC(1) Weak: 1460 encountered, 1122 discovered, 227 enqueued
[4.734s][info][gc,ref      ] GC(1) Final: 26 encountered, 13 discovered, 13 enqueued
[4.734s][info][gc,ref      ] GC(1) Phantom: 907 encountered, 765 discovered, 295 enqueued
[4.734s][info][gc,heap     ] GC(1)                Mark Start          Mark End        Relocate Start      Relocate End           High               Low         
[4.734s][info][gc,heap     ] GC(1)  Capacity:      160M (8%)          160M (8%)          160M (8%)          160M (8%)          160M (8%)          160M (8%)     
[4.734s][info][gc,heap     ] GC(1)   Reserve:       34M (2%)           34M (2%)           34M (2%)           34M (2%)           34M (2%)           34M (2%)     
[4.734s][info][gc,heap     ] GC(1)      Free:     1848M (93%)        1844M (93%)        1844M (93%)        1902M (96%)        1902M (96%)        1842M (93%)    
[4.734s][info][gc,heap     ] GC(1)      Used:      108M (5%)          112M (6%)          112M (6%)           54M (3%)          114M (6%)           54M (3%)     
[4.734s][info][gc,heap     ] GC(1)      Live:         -                21M (1%)           21M (1%)           21M (1%)             -                  -          
[4.734s][info][gc,heap     ] GC(1) Allocated:         -                 4M (0%)            4M (0%)           14M (1%)             -                  -          
[4.734s][info][gc,heap     ] GC(1)   Garbage:         -                86M (4%)           86M (4%)           28M (1%)             -                  -          
[4.734s][info][gc,heap     ] GC(1) Reclaimed:         -                  -                 0M (0%)           58M (3%)             -                  -          
[4.734s][info][gc          ] GC(1) Garbage Collection (Metadata GC Threshold) 108M(5%)->54M(3%)
[7.193s][info][gc,start    ] GC(2) Garbage Collection (Warmup)
[7.196s][info][gc,phases   ] GC(2) Pause Mark Start 1.930ms
[8.756s][info][gc,phases   ] GC(2) Concurrent Mark 1560.269ms
[8.759s][info][gc,phases   ] GC(2) Pause Mark End 0.353ms
[8.761s][info][gc,phases   ] GC(2) Concurrent Process Non-Strong References 1.860ms
[8.761s][info][gc,phases   ] GC(2) Concurrent Reset Relocation Set 0.006ms
[8.761s][info][gc,phases   ] GC(2) Concurrent Destroy Detached Pages 0.000ms
[8.763s][info][gc,phases   ] GC(2) Concurrent Select Relocation Set 1.515ms
[8.763s][info][gc,phases   ] GC(2) Concurrent Prepare Relocation Set 0.124ms
[8.765s][info][gc,phases   ] GC(2) Pause Relocate Start 2.353ms
[8.798s][info][gc,phases   ] GC(2) Concurrent Relocate 32.697ms
[8.798s][info][gc,load     ] GC(2) Load: 2.03/1.61/0.95
[8.798s][info][gc,mmu      ] GC(2) MMU: 2ms/0.0%, 5ms/52.9%, 10ms/72.9%, 20ms/86.5%, 50ms/94.6%, 100ms/97.0%
[8.798s][info][gc,marking  ] GC(2) Mark: 1 stripe(s), 3 proactive flush(es), 1 terminate flush(es), 1 completion(s), 0 continuation(s) 
[8.798s][info][gc,reloc    ] GC(2) Relocation: Successful, 11M relocated
[8.798s][info][gc,nmethod  ] GC(2) NMethods: 1081 registered, 0 unregistered
[8.798s][info][gc,metaspace] GC(2) Metaspace: 51M used, 53M capacity, 53M committed, 54M reserved
[8.798s][info][gc,ref      ] GC(2) Soft: 3457 encountered, 0 discovered, 0 enqueued
[8.798s][info][gc,ref      ] GC(2) Weak: 2460 encountered, 1915 discovered, 266 enqueued
[8.798s][info][gc,ref      ] GC(2) Final: 30 encountered, 6 discovered, 6 enqueued
[8.798s][info][gc,ref      ] GC(2) Phantom: 1110 encountered, 917 discovered, 476 enqueued
[8.798s][info][gc,heap     ] GC(2)                Mark Start          Mark End        Relocate Start      Relocate End           High               Low         
[8.798s][info][gc,heap     ] GC(2)  Capacity:      696M (35%)         942M (47%)         942M (47%)         944M (47%)         944M (47%)         696M (35%)    
[8.798s][info][gc,heap     ] GC(2)   Reserve:       34M (2%)           34M (2%)           34M (2%)           34M (2%)           34M (2%)           34M (2%)     
[8.798s][info][gc,heap     ] GC(2)      Free:     1294M (65%)        1048M (53%)        1048M (53%)        1130M (57%)        1294M (65%)        1046M (53%)    
[8.798s][info][gc,heap     ] GC(2)      Used:      662M (33%)         908M (46%)         908M (46%)         826M (42%)         910M (46%)         662M (33%)    
[8.798s][info][gc,heap     ] GC(2)      Live:         -               543M (27%)         543M (27%)         543M (27%)            -                  -          
[8.798s][info][gc,heap     ] GC(2) Allocated:         -               246M (12%)         246M (12%)         254M (13%)            -                  -          
[8.798s][info][gc,heap     ] GC(2)   Garbage:         -               118M (6%)          118M (6%)           36M (2%)             -                  -          
[8.798s][info][gc,heap     ] GC(2) Reclaimed:         -                  -                 0M (0%)           82M (4%)             -                  -          
[8.798s][info][gc          ] GC(2) Garbage Collection (Warmup) 662M(33%)->826M(42%)
[8.893s][info][gc,start    ] GC(3) Garbage Collection (Allocation Rate)
[8.895s][info][gc,phases   ] GC(3) Pause Mark Start 1.583ms
[8.983s][info][gc,phases   ] GC(3) Concurrent Mark 88.047ms
[8.987s][info][gc,phases   ] GC(3) Pause Mark End 0.367ms
[8.988s][info][gc,phases   ] GC(3) Concurrent Process Non-Strong References 1.254ms
[8.988s][info][gc,phases   ] GC(3) Concurrent Reset Relocation Set 0.004ms
[8.988s][info][gc,phases   ] GC(3) Concurrent Destroy Detached Pages 0.000ms
[8.990s][info][gc,phases   ] GC(3) Concurrent Select Relocation Set 1.590ms
[8.990s][info][gc,phases   ] GC(3) Concurrent Prepare Relocation Set 0.006ms
[8.992s][info][gc,phases   ] GC(3) Pause Relocate Start 1.459ms
[8.993s][info][gc,phases   ] GC(3) Concurrent Relocate 1.265ms
[8.993s][info][gc,load     ] GC(3) Load: 2.03/1.61/0.95
[8.993s][info][gc,mmu      ] GC(3) MMU: 2ms/0.0%, 5ms/52.9%, 10ms/72.9%, 20ms/86.5%, 50ms/94.6%, 100ms/96.6%
[8.993s][info][gc,marking  ] GC(3) Mark: 1 stripe(s), 2 proactive flush(es), 1 terminate flush(es), 0 completion(s), 0 continuation(s) 
[8.993s][info][gc,reloc    ] GC(3) Relocation: Successful, 7M relocated
[8.993s][info][gc,nmethod  ] GC(3) NMethods: 1093 registered, 0 unregistered
[8.993s][info][gc,metaspace] GC(3) Metaspace: 52M used, 54M capacity, 54M committed, 56M reserved
[8.993s][info][gc,ref      ] GC(3) Soft: 3489 encountered, 0 discovered, 0 enqueued
[8.993s][info][gc,ref      ] GC(3) Weak: 2256 encountered, 1711 discovered, 31 enqueued
[8.993s][info][gc,ref      ] GC(3) Final: 25 encountered, 0 discovered, 0 enqueued
[8.993s][info][gc,ref      ] GC(3) Phantom: 672 encountered, 540 discovered, 39 enqueued
[8.993s][info][gc,heap     ] GC(3)                Mark Start          Mark End        Relocate Start      Relocate End           High               Low         
[8.993s][info][gc,heap     ] GC(3)  Capacity:      944M (47%)         944M (47%)         944M (47%)         944M (47%)         944M (47%)         944M (47%)    
[8.993s][info][gc,heap     ] GC(3)   Reserve:       34M (2%)           34M (2%)           34M (2%)           34M (2%)           34M (2%)           34M (2%)     
[8.993s][info][gc,heap     ] GC(3)      Free:     1128M (57%)        1124M (56%)        1874M (94%)        1896M (95%)        1896M (95%)        1124M (56%)    
[8.993s][info][gc,heap     ] GC(3)      Used:      828M (42%)         832M (42%)          82M (4%)           60M (3%)          832M (42%)          60M (3%)     
[8.993s][info][gc,heap     ] GC(3)      Live:         -                26M (1%)           26M (1%)           26M (1%)             -                  -          
[8.993s][info][gc,heap     ] GC(3) Allocated:         -                 4M (0%)            4M (0%)            6M (0%)             -                  -          
[8.993s][info][gc,heap     ] GC(3)   Garbage:         -               801M (40%)          51M (3%)           29M (1%)             -                  -          
[8.993s][info][gc,heap     ] GC(3) Reclaimed:         -                  -               750M (38%)         772M (39%)            -                  -          
[8.993s][info][gc          ] GC(3) Garbage Collection (Allocation Rate) 828M(42%)->60M(3%)
[10.041s][info][gc,start    ] GC(4) Garbage Collection (System.gc())
[10.043s][info][gc,phases   ] GC(4) Pause Mark Start 1.423ms
[10.093s][info][gc,stats    ] === Garbage Collection Statistics =======================================================================================================================
[10.093s][info][gc,stats    ]                                                              Last 10s              Last 10m              Last 10h                Total
[10.093s][info][gc,stats    ]                                                              Avg / Max             Avg / Max             Avg / Max             Avg / Max
[10.093s][info][gc,stats    ]   Collector: Garbage Collection Cycle                    464.422 / 1604.634    464.422 / 1604.634    464.422 / 1604.634    464.422 / 1604.634    ms
[10.093s][info][gc,stats    ]  Contention: Mark Segment Reset Contention                     0 / 0                 0 / 0                 0 / 0                 0 / 0           ops/s
[10.093s][info][gc,stats    ]  Contention: Mark SeqNum Reset Contention                      0 / 0                 0 / 0                 0 / 0                 0 / 0           ops/s
[10.093s][info][gc,stats    ]  Contention: Relocation Contention                             0 / 0                 0 / 0                 0 / 0                 0 / 0           ops/s
[10.093s][info][gc,stats    ]    Critical: Allocation Stall                              0.000 / 0.000         0.000 / 0.000         0.000 / 0.000         0.000 / 0.000       ms
[10.093s][info][gc,stats    ]    Critical: Allocation Stall                                  0 / 0                 0 / 0                 0 / 0                 0 / 0           ops/s
[10.093s][info][gc,stats    ]    Critical: GC Locker Stall                               0.000 / 0.000         0.000 / 0.000         0.000 / 0.000         0.000 / 0.000       ms
[10.093s][info][gc,stats    ]    Critical: GC Locker Stall                                   0 / 0                 0 / 0                 0 / 0                 0 / 0           ops/s
[10.093s][info][gc,stats    ]      Memory: Allocation Rate                                 110 / 446             110 / 446             110 / 446             110 / 446         MB/s
[10.093s][info][gc,stats    ]      Memory: Heap Used After Mark                            486 / 908             486 / 908             486 / 908             486 / 908         MB
[10.093s][info][gc,stats    ]      Memory: Heap Used After Relocation                      248 / 826             248 / 826             248 / 826             248 / 826         MB
[10.093s][info][gc,stats    ]      Memory: Heap Used Before Mark                           366 / 828             366 / 828             366 / 828             366 / 828         MB
[10.093s][info][gc,stats    ]      Memory: Heap Used Before Relocation                     298 / 908             298 / 908             298 / 908             298 / 908         MB
[10.093s][info][gc,stats    ]      Memory: Out Of Memory                                     0 / 0                 0 / 0                 0 / 0                 0 / 0           ops/s
[10.093s][info][gc,stats    ]      Memory: Page Cache Flush                                  0 / 0                 0 / 0                 0 / 0                 0 / 0           MB/s
[10.093s][info][gc,stats    ]      Memory: Page Cache Hit L1                                 8 / 21                8 / 21                8 / 21                8 / 21          ops/s
[10.093s][info][gc,stats    ]      Memory: Page Cache Hit L2                                 0 / 0                 0 / 0                 0 / 0                 0 / 0           ops/s
[10.093s][info][gc,stats    ]      Memory: Page Cache Miss                                  44 / 223              44 / 223              44 / 223              44 / 223         ops/s
[10.093s][info][gc,stats    ]      Memory: Undo Object Allocation Failed                     0 / 0                 0 / 0                 0 / 0                 0 / 0           ops/s
[10.093s][info][gc,stats    ]      Memory: Undo Object Allocation Succeeded                  0 / 0                 0 / 0                 0 / 0                 0 / 0           ops/s
[10.093s][info][gc,stats    ]      Memory: Undo Page Allocation                              0 / 0                 0 / 0                 0 / 0                 0 / 0           ops/s
[10.093s][info][gc,stats    ]       Phase: Concurrent Destroy Detached Pages             0.000 / 0.000         0.000 / 0.000         0.000 / 0.000         0.000 / 0.000       ms
[10.093s][info][gc,stats    ]       Phase: Concurrent Mark                             435.858 / 1560.269    435.858 / 1560.269    435.858 / 1560.269    435.858 / 1560.269    ms
[10.093s][info][gc,stats    ]       Phase: Concurrent Mark Continue                      0.000 / 0.000         0.000 / 0.000         0.000 / 0.000         0.000 / 0.000       ms
[10.093s][info][gc,stats    ]       Phase: Concurrent Prepare Relocation Set             0.210 / 0.371         0.210 / 0.371         0.210 / 0.371         0.210 / 0.371       ms
[10.093s][info][gc,stats    ]       Phase: Concurrent Process Non-Strong References      1.121 / 1.860         1.121 / 1.860         1.121 / 1.860         1.121 / 1.860       ms
[10.093s][info][gc,stats    ]       Phase: Concurrent Relocate                          17.677 / 32.697       17.677 / 32.697       17.677 / 32.697       17.677 / 32.697      ms
[10.093s][info][gc,stats    ]       Phase: Concurrent Reset Relocation Set               0.016 / 0.053         0.016 / 0.053         0.016 / 0.053         0.016 / 0.053       ms
[10.093s][info][gc,stats    ]       Phase: Concurrent Select Relocation Set              1.890 / 2.715         1.890 / 2.715         1.890 / 2.715         1.890 / 2.715       ms
[10.093s][info][gc,stats    ]       Phase: Pause Mark End                                0.240 / 0.367         0.240 / 0.367         0.240 / 0.367         0.240 / 0.367       ms
[10.093s][info][gc,stats    ]       Phase: Pause Mark Start                              1.363 / 1.930         1.363 / 1.930         1.363 / 1.930         1.363 / 1.930       ms
[10.093s][info][gc,stats    ]       Phase: Pause Relocate Start                          1.569 / 2.353         1.569 / 2.353         1.569 / 2.353         1.569 / 2.353       ms
[10.093s][info][gc,stats    ]    Subphase: Concurrent Mark                             435.842 / 1560.247    435.842 / 1560.247    435.842 / 1560.247    435.842 / 1560.247    ms
[10.093s][info][gc,stats    ]    Subphase: Concurrent Mark Idle                          0.000 / 0.000         0.000 / 0.000         0.000 / 0.000         0.000 / 0.000       ms
[10.093s][info][gc,stats    ]    Subphase: Concurrent Mark Try Flush                     2.980 / 8.788         2.980 / 8.788         2.980 / 8.788         2.980 / 8.788       ms
[10.093s][info][gc,stats    ]    Subphase: Concurrent Mark Try Terminate                 0.489 / 1.018         0.489 / 1.018         0.489 / 1.018         0.489 / 1.018       ms
[10.093s][info][gc,stats    ]    Subphase: Concurrent References Enqueue                 0.003 / 0.004         0.003 / 0.004         0.003 / 0.004         0.003 / 0.004       ms
[10.093s][info][gc,stats    ]    Subphase: Concurrent References Process                 0.375 / 0.579         0.375 / 0.579         0.375 / 0.579         0.375 / 0.579       ms
[10.093s][info][gc,stats    ]    Subphase: Concurrent Weak Roots                         0.734 / 1.256         0.734 / 1.256         0.734 / 1.256         0.734 / 1.256       ms
[10.093s][info][gc,stats    ]    Subphase: Concurrent Weak Roots JNIWeakHandles          0.000 / 0.000         0.000 / 0.000         0.000 / 0.000         0.000 / 0.000       ms
[10.093s][info][gc,stats    ]    Subphase: Concurrent Weak Roots StringTable             0.593 / 1.046         0.593 / 1.046         0.593 / 1.046         0.593 / 1.046       ms
[10.093s][info][gc,stats    ]    Subphase: Concurrent Weak Roots VMWeakHandles           0.140 / 0.208         0.140 / 0.208         0.140 / 0.208         0.140 / 0.208       ms
[10.093s][info][gc,stats    ]    Subphase: Pause Mark Try Complete                       0.001 / 0.001         0.001 / 0.001         0.001 / 0.001         0.001 / 0.001       ms
[10.093s][info][gc,stats    ]    Subphase: Pause Remap TLABS                             0.001 / 0.001         0.001 / 0.001         0.001 / 0.001         0.001 / 0.001       ms
[10.093s][info][gc,stats    ]    Subphase: Pause Retire TLABS                            0.010 / 0.016         0.010 / 0.016         0.010 / 0.016         0.010 / 0.016       ms
[10.093s][info][gc,stats    ]    Subphase: Pause Roots                                   0.994 / 2.192         0.994 / 2.192         0.994 / 2.192         0.994 / 2.192       ms
[10.093s][info][gc,stats    ]    Subphase: Pause Roots ClassLoaderDataGraph              0.545 / 1.151         0.545 / 1.151         0.545 / 1.151         0.545 / 1.151       ms
[10.093s][info][gc,stats    ]    Subphase: Pause Roots CodeCache                         0.361 / 0.530         0.361 / 0.530         0.361 / 0.530         0.361 / 0.530       ms
[10.093s][info][gc,stats    ]    Subphase: Pause Roots JNIHandles                        0.001 / 0.005         0.001 / 0.005         0.001 / 0.005         0.001 / 0.005       ms
[10.093s][info][gc,stats    ]    Subphase: Pause Roots JNIWeakHandles                    0.000 / 0.000         0.000 / 0.000         0.000 / 0.000         0.000 / 0.000       ms
[10.093s][info][gc,stats    ]    Subphase: Pause Roots JRFWeak                           0.000 / 0.000         0.000 / 0.000         0.000 / 0.000         0.000 / 0.000       ms
[10.093s][info][gc,stats    ]    Subphase: Pause Roots JVMTIExport                       0.000 / 0.001         0.000 / 0.001         0.000 / 0.001         0.000 / 0.001       ms
[10.093s][info][gc,stats    ]    Subphase: Pause Roots JVMTIWeakExport                   0.001 / 0.001         0.001 / 0.001         0.001 / 0.001         0.001 / 0.001       ms
[10.093s][info][gc,stats    ]    Subphase: Pause Roots Management                        0.038 / 0.337         0.038 / 0.337         0.038 / 0.337         0.038 / 0.337       ms
[10.093s][info][gc,stats    ]    Subphase: Pause Roots ObjectSynchronizer                0.000 / 0.000         0.000 / 0.000         0.000 / 0.000         0.000 / 0.000       ms
[10.093s][info][gc,stats    ]    Subphase: Pause Roots Setup                             0.060 / 0.146         0.060 / 0.146         0.060 / 0.146         0.060 / 0.146       ms
[10.093s][info][gc,stats    ]    Subphase: Pause Roots StringTable                       0.000 / 0.000         0.000 / 0.000         0.000 / 0.000         0.000 / 0.000       ms
[10.093s][info][gc,stats    ]    Subphase: Pause Roots SystemDictionary                  0.011 / 0.020         0.011 / 0.020         0.011 / 0.020         0.011 / 0.020       ms
[10.093s][info][gc,stats    ]    Subphase: Pause Roots Teardown                          0.001 / 0.001         0.001 / 0.001         0.001 / 0.001         0.001 / 0.001       ms
[10.093s][info][gc,stats    ]    Subphase: Pause Roots Threads                           0.327 / 0.956         0.327 / 0.956         0.327 / 0.956         0.327 / 0.956       ms
[10.093s][info][gc,stats    ]    Subphase: Pause Roots Universe                          0.005 / 0.020         0.005 / 0.020         0.005 / 0.020         0.005 / 0.020       ms
[10.093s][info][gc,stats    ]    Subphase: Pause Roots VMWeakHandles                     0.000 / 0.000         0.000 / 0.000         0.000 / 0.000         0.000 / 0.000       ms
[10.093s][info][gc,stats    ]    Subphase: Pause Weak Roots                              0.002 / 0.005         0.002 / 0.005         0.002 / 0.005         0.002 / 0.005       ms
[10.093s][info][gc,stats    ]    Subphase: Pause Weak Roots JFRWeak                      0.000 / 0.001         0.000 / 0.001         0.000 / 0.001         0.000 / 0.001       ms
[10.093s][info][gc,stats    ]    Subphase: Pause Weak Roots JNIWeakHandles               0.000 / 0.000         0.000 / 0.000         0.000 / 0.000         0.000 / 0.000       ms
[10.093s][info][gc,stats    ]    Subphase: Pause Weak Roots JVMTIWeakExport              0.002 / 0.005         0.002 / 0.005         0.002 / 0.005         0.002 / 0.005       ms
[10.093s][info][gc,stats    ]    Subphase: Pause Weak Roots Setup                        0.000 / 0.000         0.000 / 0.000         0.000 / 0.000         0.000 / 0.000       ms
[10.093s][info][gc,stats    ]    Subphase: Pause Weak Roots StringTable                  0.000 / 0.000         0.000 / 0.000         0.000 / 0.000         0.000 / 0.000       ms
[10.093s][info][gc,stats    ]    Subphase: Pause Weak Roots SymbolTable                  0.000 / 0.000         0.000 / 0.000         0.000 / 0.000         0.000 / 0.000       ms
[10.093s][info][gc,stats    ]    Subphase: Pause Weak Roots Teardown                     0.000 / 0.000         0.000 / 0.000         0.000 / 0.000         0.000 / 0.000       ms
[10.093s][info][gc,stats    ]    Subphase: Pause Weak Roots VMWeakHandles                0.000 / 0.000         0.000 / 0.000         0.000 / 0.000         0.000 / 0.000       ms
[10.093s][info][gc,stats    ]      System: Java Threads                                     29 / 48               29 / 48               29 / 48               29 / 48          threads
[10.093s][info][gc,stats    ] =========================================================================================================================================================
[10.104s][info][gc,phases   ] GC(4) Concurrent Mark 61.350ms
[10.104s][info][gc,phases   ] GC(4) Pause Mark End 0.230ms
[10.109s][info][gc,phases   ] GC(4) Concurrent Process Non-Strong References 4.591ms
[10.109s][info][gc,phases   ] GC(4) Concurrent Reset Relocation Set 0.002ms
[10.109s][info][gc,phases   ] GC(4) Concurrent Destroy Detached Pages 0.000ms
[10.110s][info][gc,phases   ] GC(4) Concurrent Select Relocation Set 1.514ms
[10.111s][info][gc,phases   ] GC(4) Concurrent Prepare Relocation Set 0.057ms
[10.112s][info][gc,phases   ] GC(4) Pause Relocate Start 1.460ms
[10.122s][info][gc,phases   ] GC(4) Concurrent Relocate 10.041ms
[10.122s][info][gc,load     ] GC(4) Load: 2.03/1.61/0.95
[10.122s][info][gc,mmu      ] GC(4) MMU: 2ms/0.0%, 5ms/52.9%, 10ms/72.9%, 20ms/86.5%, 50ms/94.6%, 100ms/96.6%
[10.122s][info][gc,marking  ] GC(4) Mark: 1 stripe(s), 1 proactive flush(es), 1 terminate flush(es), 0 completion(s), 0 continuation(s) 
[10.122s][info][gc,reloc    ] GC(4) Relocation: Successful, 10M relocated
[10.122s][info][gc,nmethod  ] GC(4) NMethods: 1371 registered, 0 unregistered
[10.122s][info][gc,metaspace] GC(4) Metaspace: 58M used, 61M capacity, 61M committed, 62M reserved
[10.122s][info][gc,ref      ] GC(4) Soft: 3878 encountered, 0 discovered, 0 enqueued
[10.122s][info][gc,ref      ] GC(4) Weak: 2918 encountered, 2236 discovered, 181 enqueued
[10.122s][info][gc,ref      ] GC(4) Final: 34 encountered, 8 discovered, 8 enqueued
[10.122s][info][gc,ref      ] GC(4) Phantom: 873 encountered, 808 discovered, 232 enqueued
[10.122s][info][gc,heap     ] GC(4)                Mark Start          Mark End        Relocate Start      Relocate End           High               Low         
[10.122s][info][gc,heap     ] GC(4)  Capacity:      982M (49%)         982M (49%)         982M (49%)         982M (49%)         982M (49%)         982M (49%)    
[10.122s][info][gc,heap     ] GC(4)   Reserve:       34M (2%)           34M (2%)           34M (2%)           34M (2%)           34M (2%)           34M (2%)     
[10.122s][info][gc,heap     ] GC(4)      Free:     1814M (91%)        1814M (91%)        1852M (93%)        1894M (95%)        1894M (95%)        1814M (91%)    
[10.122s][info][gc,heap     ] GC(4)      Used:      142M (7%)          142M (7%)          104M (5%)           62M (3%)          142M (7%)           62M (3%)     
[10.122s][info][gc,heap     ] GC(4)      Live:         -                29M (1%)           29M (1%)           29M (1%)             -                  -          
[10.122s][info][gc,heap     ] GC(4) Allocated:         -                 0M (0%)            0M (0%)            6M (0%)             -                  -          
[10.122s][info][gc,heap     ] GC(4)   Garbage:         -               112M (6%)           74M (4%)           32M (2%)             -                  -          
[10.122s][info][gc,heap     ] GC(4) Reclaimed:         -                  -                38M (2%)           80M (4%)             -                  -          
[10.122s][info][gc          ] GC(4) Garbage Collection (System.gc()) 142M(7%)->62M(3%)
[12.594s][info][gc,start    ] GC(5) Garbage Collection (Allocation Rate)
[12.598s][info][gc,phases   ] GC(5) Pause Mark Start 2.254ms
[12.677s][info][gc,phases   ] GC(5) Concurrent Mark 78.634ms
[12.679s][info][gc,phases   ] GC(5) Pause Mark End 0.178ms
[12.681s][info][gc,phases   ] GC(5) Concurrent Process Non-Strong References 1.784ms
[12.681s][info][gc,phases   ] GC(5) Concurrent Reset Relocation Set 0.004ms
[12.681s][info][gc,phases   ] GC(5) Concurrent Destroy Detached Pages 0.000ms
[12.682s][info][gc,phases   ] GC(5) Concurrent Select Relocation Set 1.532ms
[12.682s][info][gc,phases   ] GC(5) Concurrent Prepare Relocation Set 0.069ms
[12.684s][info][gc,phases   ] GC(5) Pause Relocate Start 1.808ms
[12.702s][info][gc,phases   ] GC(5) Concurrent Relocate 16.020ms
[12.703s][info][gc,load     ] GC(5) Load: 2.03/1.62/0.95
[12.703s][info][gc,mmu      ] GC(5) MMU: 2ms/0.0%, 5ms/52.9%, 10ms/72.9%, 20ms/86.5%, 50ms/94.6%, 100ms/95.8%
[12.703s][info][gc,marking  ] GC(5) Mark: 1 stripe(s), 2 proactive flush(es), 1 terminate flush(es), 0 completion(s), 0 continuation(s) 
[12.703s][info][gc,reloc    ] GC(5) Relocation: Successful, 12M relocated
[12.703s][info][gc,nmethod  ] GC(5) NMethods: 1850 registered, 0 unregistered
[12.703s][info][gc,metaspace] GC(5) Metaspace: 67M used, 70M capacity, 70M committed, 72M reserved
[12.703s][info][gc,ref      ] GC(5) Soft: 4438 encountered, 0 discovered, 0 enqueued
[12.703s][info][gc,ref      ] GC(5) Weak: 4206 encountered, 3307 discovered, 323 enqueued
[12.703s][info][gc,ref      ] GC(5) Final: 29 encountered, 3 discovered, 3 enqueued
[12.703s][info][gc,ref      ] GC(5) Phantom: 1058 encountered, 1005 discovered, 402 enqueued
[12.703s][info][gc,heap     ] GC(5)                Mark Start          Mark End        Relocate Start      Relocate End           High               Low         
[12.703s][info][gc,heap     ] GC(5)  Capacity:      982M (49%)         982M (49%)         982M (49%)         982M (49%)         982M (49%)         982M (49%)    
[12.703s][info][gc,heap     ] GC(5)   Reserve:       34M (2%)           34M (2%)           34M (2%)           34M (2%)           34M (2%)           34M (2%)     
[12.703s][info][gc,heap     ] GC(5)      Free:     1234M (62%)        1182M (59%)        1754M (88%)        1824M (92%)        1832M (92%)        1182M (59%)    
[12.703s][info][gc,heap     ] GC(5)      Used:      722M (36%)         774M (39%)         202M (10%)         132M (7%)          774M (39%)         124M (6%)     
[12.703s][info][gc,heap     ] GC(5)      Live:         -                32M (2%)           32M (2%)           32M (2%)             -                  -          
[12.703s][info][gc,heap     ] GC(5) Allocated:         -                52M (3%)           52M (3%)           74M (4%)             -                  -          
[12.703s][info][gc,heap     ] GC(5)   Garbage:         -               689M (35%)         117M (6%)           33M (2%)             -                  -          
[12.703s][info][gc,heap     ] GC(5) Reclaimed:         -                  -               572M (29%)         656M (33%)            -                  -          
[12.703s][info][gc          ] GC(5) Garbage Collection (Allocation Rate) 722M(36%)->132M(7%)
[12.993s][info][gc,start    ] GC(6) Garbage Collection (Allocation Rate)
[12.997s][info][gc,phases   ] GC(6) Pause Mark Start 1.779ms
[13.072s][info][gc,phases   ] GC(6) Concurrent Mark 75.244ms
[13.075s][info][gc,phases   ] GC(6) Pause Mark End 0.195ms
[13.076s][info][gc,phases   ] GC(6) Concurrent Process Non-Strong References 1.537ms
[13.076s][info][gc,phases   ] GC(6) Concurrent Reset Relocation Set 0.005ms
[13.076s][info][gc,phases   ] GC(6) Concurrent Destroy Detached Pages 0.000ms
[13.078s][info][gc,phases   ] GC(6) Concurrent Select Relocation Set 1.569ms
[13.078s][info][gc,phases   ] GC(6) Concurrent Prepare Relocation Set 0.004ms
[13.079s][info][gc,phases   ] GC(6) Pause Relocate Start 1.454ms
[13.080s][info][gc,phases   ] GC(6) Concurrent Relocate 0.465ms
[13.080s][info][gc,load     ] GC(6) Load: 2.03/1.62/0.95
[13.080s][info][gc,mmu      ] GC(6) MMU: 2ms/0.0%, 5ms/52.9%, 10ms/72.9%, 20ms/86.5%, 50ms/94.6%, 100ms/95.8%
[13.080s][info][gc,marking  ] GC(6) Mark: 1 stripe(s), 2 proactive flush(es), 1 terminate flush(es), 0 completion(s), 0 continuation(s) 
[13.080s][info][gc,reloc    ] GC(6) Relocation: Successful, 8M relocated
[13.080s][info][gc,nmethod  ] GC(6) NMethods: 1881 registered, 0 unregistered
[13.080s][info][gc,metaspace] GC(6) Metaspace: 67M used, 70M capacity, 70M committed, 72M reserved
[13.080s][info][gc,ref      ] GC(6) Soft: 4438 encountered, 0 discovered, 0 enqueued
[13.080s][info][gc,ref      ] GC(6) Weak: 3883 encountered, 2984 discovered, 0 enqueued
[13.080s][info][gc,ref      ] GC(6) Final: 26 encountered, 0 discovered, 0 enqueued
[13.080s][info][gc,ref      ] GC(6) Phantom: 656 encountered, 653 discovered, 0 enqueued
[13.080s][info][gc,heap     ] GC(6)                Mark Start          Mark End        Relocate Start      Relocate End           High               Low         
[13.080s][info][gc,heap     ] GC(6)  Capacity:      982M (49%)         982M (49%)         982M (49%)         982M (49%)         982M (49%)         982M (49%)    
[13.080s][info][gc,heap     ] GC(6)   Reserve:       34M (2%)           34M (2%)           34M (2%)           34M (2%)           34M (2%)           34M (2%)     
[13.080s][info][gc,heap     ] GC(6)      Free:     1476M (74%)        1414M (71%)        1820M (91%)        1832M (92%)        1832M (92%)        1414M (71%)    
[13.080s][info][gc,heap     ] GC(6)      Used:      480M (24%)         542M (27%)         136M (7%)          124M (6%)          542M (27%)         124M (6%)     
[13.080s][info][gc,heap     ] GC(6)      Live:         -                32M (2%)           32M (2%)           32M (2%)             -                  -          
[13.080s][info][gc,heap     ] GC(6) Allocated:         -                62M (3%)           62M (3%)           64M (3%)             -                  -          
[13.080s][info][gc,heap     ] GC(6)   Garbage:         -               447M (22%)          41M (2%)           29M (1%)             -                  -          
[13.080s][info][gc,heap     ] GC(6) Reclaimed:         -                  -               406M (20%)         418M (21%)            -                  -          
[13.080s][info][gc          ] GC(6) Garbage Collection (Allocation Rate) 480M(24%)->124M(6%)
[13.393s][info][gc,start    ] GC(7) Garbage Collection (Allocation Rate)
[13.397s][info][gc,phases   ] GC(7) Pause Mark Start 1.760ms
[13.462s][info][gc,phases   ] GC(7) Concurrent Mark 65.405ms
[13.464s][info][gc,phases   ] GC(7) Pause Mark End 0.175ms
[13.466s][info][gc,phases   ] GC(7) Concurrent Process Non-Strong References 1.194ms
[13.466s][info][gc,phases   ] GC(7) Concurrent Reset Relocation Set 0.002ms
[13.466s][info][gc,phases   ] GC(7) Concurrent Destroy Detached Pages 0.000ms
[13.467s][info][gc,phases   ] GC(7) Concurrent Select Relocation Set 1.552ms
[13.467s][info][gc,phases   ] GC(7) Concurrent Prepare Relocation Set 0.014ms
[13.469s][info][gc,phases   ] GC(7) Pause Relocate Start 1.465ms
[13.470s][info][gc,phases   ] GC(7) Concurrent Relocate 0.986ms
[13.470s][info][gc,load     ] GC(7) Load: 2.03/1.62/0.95
[13.470s][info][gc,mmu      ] GC(7) MMU: 2ms/0.0%, 5ms/52.9%, 10ms/72.9%, 20ms/86.5%, 50ms/94.6%, 100ms/95.8%
[13.470s][info][gc,marking  ] GC(7) Mark: 1 stripe(s), 2 proactive flush(es), 1 terminate flush(es), 0 completion(s), 0 continuation(s) 
[13.470s][info][gc,reloc    ] GC(7) Relocation: Successful, 6M relocated
[13.470s][info][gc,nmethod  ] GC(7) NMethods: 1894 registered, 0 unregistered
[13.470s][info][gc,metaspace] GC(7) Metaspace: 67M used, 70M capacity, 70M committed, 72M reserved
[13.470s][info][gc,ref      ] GC(7) Soft: 4438 encountered, 0 discovered, 0 enqueued
[13.470s][info][gc,ref      ] GC(7) Weak: 3883 encountered, 2984 discovered, 0 enqueued
[13.470s][info][gc,ref      ] GC(7) Final: 26 encountered, 0 discovered, 0 enqueued
[13.470s][info][gc,ref      ] GC(7) Phantom: 656 encountered, 653 discovered, 0 enqueued
[13.470s][info][gc,heap     ] GC(7)                Mark Start          Mark End        Relocate Start      Relocate End           High               Low         
[13.470s][info][gc,heap     ] GC(7)  Capacity:      982M (49%)         982M (49%)         982M (49%)         982M (49%)         982M (49%)         982M (49%)    
[13.470s][info][gc,heap     ] GC(7)   Reserve:       34M (2%)           34M (2%)           34M (2%)           34M (2%)           34M (2%)           34M (2%)     
[13.470s][info][gc,heap     ] GC(7)      Free:     1328M (67%)        1284M (65%)        1842M (93%)        1850M (93%)        1850M (93%)        1284M (65%)    
[13.470s][info][gc,heap     ] GC(7)      Used:      628M (32%)         672M (34%)         114M (6%)          106M (5%)          672M (34%)         106M (5%)     
[13.470s][info][gc,heap     ] GC(7)      Live:         -                32M (2%)           32M (2%)           32M (2%)             -                  -          
[13.470s][info][gc,heap     ] GC(7) Allocated:         -                44M (2%)           44M (2%)           46M (2%)             -                  -          
[13.470s][info][gc,heap     ] GC(7)   Garbage:         -               595M (30%)          37M (2%)           29M (1%)             -                  -          
[13.470s][info][gc,heap     ] GC(7) Reclaimed:         -                  -               558M (28%)         566M (28%)            -                  -          
[13.470s][info][gc          ] GC(7) Garbage Collection (Allocation Rate) 628M(32%)->106M(5%)
[14.693s][info][gc,start    ] GC(8) Garbage Collection (Allocation Rate)
[14.696s][info][gc,phases   ] GC(8) Pause Mark Start 1.856ms
[14.801s][info][gc,phases   ] GC(8) Concurrent Mark 100.653ms
[14.804s][info][gc,phases   ] GC(8) Pause Mark End 0.196ms
[14.805s][info][gc,phases   ] GC(8) Concurrent Process Non-Strong References 1.376ms
[14.805s][info][gc,phases   ] GC(8) Concurrent Reset Relocation Set 0.001ms
[14.805s][info][gc,phases   ] GC(8) Concurrent Destroy Detached Pages 0.000ms
[14.807s][info][gc,phases   ] GC(8) Concurrent Select Relocation Set 1.564ms
[14.807s][info][gc,phases   ] GC(8) Concurrent Prepare Relocation Set 0.010ms
[14.808s][info][gc,phases   ] GC(8) Pause Relocate Start 1.599ms
[14.813s][info][gc,phases   ] GC(8) Concurrent Relocate 4.364ms
[14.813s][info][gc,load     ] GC(8) Load: 2.03/1.62/0.95
[14.813s][info][gc,mmu      ] GC(8) MMU: 2ms/0.0%, 5ms/52.9%, 10ms/72.9%, 20ms/86.5%, 50ms/94.6%, 100ms/95.8%
[14.813s][info][gc,marking  ] GC(8) Mark: 1 stripe(s), 2 proactive flush(es), 1 terminate flush(es), 0 completion(s), 0 continuation(s) 
[14.813s][info][gc,reloc    ] GC(8) Relocation: Successful, 8M relocated
[14.813s][info][gc,nmethod  ] GC(8) NMethods: 1974 registered, 0 unregistered
[14.813s][info][gc,metaspace] GC(8) Metaspace: 67M used, 71M capacity, 71M committed, 72M reserved
[14.813s][info][gc,ref      ] GC(8) Soft: 4485 encountered, 0 discovered, 0 enqueued
[14.813s][info][gc,ref      ] GC(8) Weak: 4191 encountered, 3286 discovered, 135 enqueued
[14.813s][info][gc,ref      ] GC(8) Final: 26 encountered, 0 discovered, 0 enqueued
[14.813s][info][gc,ref      ] GC(8) Phantom: 732 encountered, 729 discovered, 76 enqueued
[14.813s][info][gc,heap     ] GC(8)                Mark Start          Mark End        Relocate Start      Relocate End           High               Low         
[14.813s][info][gc,heap     ] GC(8)  Capacity:     1386M (70%)        1418M (71%)        1418M (71%)        1418M (71%)        1418M (71%)        1386M (70%)    
[14.813s][info][gc,heap     ] GC(8)   Reserve:       34M (2%)           34M (2%)           34M (2%)           34M (2%)           34M (2%)           34M (2%)     
[14.813s][info][gc,heap     ] GC(8)      Free:      642M (32%)         610M (31%)        1836M (92%)        1856M (93%)        1856M (93%)         610M (31%)    
[14.813s][info][gc,heap     ] GC(8)      Used:     1314M (66%)        1346M (68%)         120M (6%)          100M (5%)         1346M (68%)         100M (5%)     
[14.813s][info][gc,heap     ] GC(8)      Live:         -                33M (2%)           33M (2%)           33M (2%)             -                  -          
[14.813s][info][gc,heap     ] GC(8) Allocated:         -                32M (2%)           32M (2%)           38M (2%)             -                  -          
[14.813s][info][gc,heap     ] GC(8)   Garbage:         -              1280M (64%)          54M (3%)           30M (2%)             -                  -          
[14.813s][info][gc,heap     ] GC(8) Reclaimed:         -                  -              1226M (62%)        1250M (63%)            -                  -          
[14.813s][info][gc          ] GC(8) Garbage Collection (Allocation Rate) 1314M(66%)->100M(5%)
[15.694s][info][gc,start    ] GC(9) Garbage Collection (Allocation Rate)
[15.700s][info][gc,phases   ] GC(9) Pause Mark Start 4.144ms
[15.790s][info][gc,phases   ] GC(9) Concurrent Mark 90.017ms
[15.792s][info][gc,phases   ] GC(9) Pause Mark End 0.174ms
[15.794s][info][gc,phases   ] GC(9) Concurrent Process Non-Strong References 1.244ms
[15.794s][info][gc,phases   ] GC(9) Concurrent Reset Relocation Set 0.002ms
[15.794s][info][gc,phases   ] GC(9) Concurrent Destroy Detached Pages 0.000ms
[15.795s][info][gc,phases   ] GC(9) Concurrent Select Relocation Set 1.596ms
[15.795s][info][gc,phases   ] GC(9) Concurrent Prepare Relocation Set 0.015ms
[15.797s][info][gc,phases   ] GC(9) Pause Relocate Start 1.624ms
[15.798s][info][gc,phases   ] GC(9) Concurrent Relocate 0.899ms
[15.798s][info][gc,load     ] GC(9) Load: 2.03/1.62/0.95
[15.798s][info][gc,mmu      ] GC(9) MMU: 2ms/0.0%, 5ms/17.1%, 10ms/58.6%, 20ms/79.3%, 50ms/91.7%, 100ms/95.2%
[15.798s][info][gc,marking  ] GC(9) Mark: 1 stripe(s), 2 proactive flush(es), 1 terminate flush(es), 0 completion(s), 0 continuation(s) 
[15.798s][info][gc,reloc    ] GC(9) Relocation: Successful, 8M relocated
[15.798s][info][gc,nmethod  ] GC(9) NMethods: 1990 registered, 0 unregistered
[15.798s][info][gc,metaspace] GC(9) Metaspace: 67M used, 71M capacity, 71M committed, 72M reserved
[15.798s][info][gc,ref      ] GC(9) Soft: 4485 encountered, 0 discovered, 0 enqueued
[15.798s][info][gc,ref      ] GC(9) Weak: 4056 encountered, 3151 discovered, 0 enqueued
[15.798s][info][gc,ref      ] GC(9) Final: 26 encountered, 0 discovered, 0 enqueued
[15.798s][info][gc,ref      ] GC(9) Phantom: 656 encountered, 653 discovered, 0 enqueued
[15.798s][info][gc,heap     ] GC(9)                Mark Start          Mark End        Relocate Start      Relocate End           High               Low         
[15.798s][info][gc,heap     ] GC(9)  Capacity:     1418M (71%)        1418M (71%)        1418M (71%)        1418M (71%)        1418M (71%)        1418M (71%)    
[15.798s][info][gc,heap     ] GC(9)   Reserve:       34M (2%)           34M (2%)           34M (2%)           34M (2%)           34M (2%)           34M (2%)     
[15.798s][info][gc,heap     ] GC(9)      Free:      716M (36%)         676M (34%)        1838M (92%)        1852M (93%)        1852M (93%)         676M (34%)    
[15.798s][info][gc,heap     ] GC(9)      Used:     1240M (62%)        1280M (64%)         118M (6%)          104M (5%)         1280M (64%)         104M (5%)     
[15.798s][info][gc,heap     ] GC(9)      Live:         -                33M (2%)           33M (2%)           33M (2%)             -                  -          
[15.798s][info][gc,heap     ] GC(9) Allocated:         -                40M (2%)           40M (2%)           42M (2%)             -                  -          
[15.798s][info][gc,heap     ] GC(9)   Garbage:         -              1206M (61%)          44M (2%)           30M (2%)             -                  -          
[15.798s][info][gc,heap     ] GC(9) Reclaimed:         -                  -              1162M (58%)        1176M (59%)            -                  -          
[15.798s][info][gc          ] GC(9) Garbage Collection (Allocation Rate) 1240M(62%)->104M(5%)
[17.393s][info][gc,start    ] GC(10) Garbage Collection (Allocation Rate)
[17.397s][info][gc,phases   ] GC(10) Pause Mark Start 1.903ms
[17.462s][info][gc,phases   ] GC(10) Concurrent Mark 64.300ms
[17.464s][info][gc,phases   ] GC(10) Pause Mark End 0.180ms
[17.465s][info][gc,phases   ] GC(10) Concurrent Process Non-Strong References 1.339ms
[17.465s][info][gc,phases   ] GC(10) Concurrent Reset Relocation Set 0.002ms
[17.465s][info][gc,phases   ] GC(10) Concurrent Destroy Detached Pages 0.000ms
[17.467s][info][gc,phases   ] GC(10) Concurrent Select Relocation Set 1.575ms
[17.467s][info][gc,phases   ] GC(10) Concurrent Prepare Relocation Set 0.012ms
[17.469s][info][gc,phases   ] GC(10) Pause Relocate Start 1.671ms
[17.473s][info][gc,phases   ] GC(10) Concurrent Relocate 4.608ms
[17.473s][info][gc,load     ] GC(10) Load: 1.94/1.61/0.95
[17.473s][info][gc,mmu      ] GC(10) MMU: 2ms/0.0%, 5ms/17.1%, 10ms/58.6%, 20ms/79.3%, 50ms/91.7%, 100ms/95.2%
[17.473s][info][gc,marking  ] GC(10) Mark: 1 stripe(s), 2 proactive flush(es), 1 terminate flush(es), 0 completion(s), 0 continuation(s) 
[17.473s][info][gc,reloc    ] GC(10) Relocation: Successful, 8M relocated
[17.473s][info][gc,nmethod  ] GC(10) NMethods: 2078 registered, 0 unregistered
[17.473s][info][gc,metaspace] GC(10) Metaspace: 67M used, 71M capacity, 71M committed, 72M reserved
[17.473s][info][gc,ref      ] GC(10) Soft: 4485 encountered, 0 discovered, 0 enqueued
[17.473s][info][gc,ref      ] GC(10) Weak: 4132 encountered, 3228 discovered, 74 enqueued
[17.473s][info][gc,ref      ] GC(10) Final: 26 encountered, 0 discovered, 0 enqueued
[17.473s][info][gc,ref      ] GC(10) Phantom: 656 encountered, 653 discovered, 0 enqueued
[17.473s][info][gc,heap     ] GC(10)                Mark Start          Mark End        Relocate Start      Relocate End           High               Low         
[17.473s][info][gc,heap     ] GC(10)  Capacity:     1600M (80%)        1630M (82%)        1630M (82%)        1630M (82%)        1630M (82%)        1600M (80%)    
[17.473s][info][gc,heap     ] GC(10)   Reserve:       34M (2%)           34M (2%)           34M (2%)           34M (2%)           34M (2%)           34M (2%)     
[17.473s][info][gc,heap     ] GC(10)      Free:      428M (22%)         398M (20%)        1838M (92%)        1858M (93%)        1858M (93%)         398M (20%)    
[17.473s][info][gc,heap     ] GC(10)      Used:     1528M (77%)        1558M (78%)         118M (6%)           98M (5%)         1558M (78%)          98M (5%)     
[17.473s][info][gc,heap     ] GC(10)      Live:         -                33M (2%)           33M (2%)           33M (2%)             -                  -          
[17.473s][info][gc,heap     ] GC(10) Allocated:         -                30M (2%)           30M (2%)           36M (2%)             -                  -          
[17.473s][info][gc,heap     ] GC(10)   Garbage:         -              1494M (75%)          54M (3%)           30M (2%)             -                  -          
[17.473s][info][gc,heap     ] GC(10) Reclaimed:         -                  -              1440M (72%)        1464M (74%)            -                  -          
[17.473s][info][gc          ] GC(10) Garbage Collection (Allocation Rate) 1528M(77%)->98M(5%)
[20.093s][info][gc,stats    ] === Garbage Collection Statistics =======================================================================================================================
[20.093s][info][gc,stats    ]                                                              Last 10s              Last 10m              Last 10h                Total
[20.093s][info][gc,stats    ]                                                              Avg / Max             Avg / Max             Avg / Max             Avg / Max
[20.093s][info][gc,stats    ]   Collector: Garbage Collection Cycle                     94.022 / 120.058     228.713 / 1604.634    228.713 / 1604.634    228.713 / 1604.634    ms
[20.093s][info][gc,stats    ]  Contention: Mark Segment Reset Contention                     0 / 0                 0 / 0                 0 / 0                 0 / 0           ops/s
[20.093s][info][gc,stats    ]  Contention: Mark SeqNum Reset Contention                      0 / 0                 0 / 0                 0 / 0                 0 / 0           ops/s
[20.093s][info][gc,stats    ]  Contention: Relocation Contention                             0 / 0                 0 / 0                 0 / 0                 0 / 0           ops/s
[20.093s][info][gc,stats    ]    Critical: Allocation Stall                              0.000 / 0.000         0.000 / 0.000         0.000 / 0.000         0.000 / 0.000       ms
[20.093s][info][gc,stats    ]    Critical: Allocation Stall                                  0 / 0                 0 / 0                 0 / 0                 0 / 0           ops/s
[20.093s][info][gc,stats    ]    Critical: GC Locker Stall                               0.000 / 0.000         0.000 / 0.000         0.000 / 0.000         0.000 / 0.000       ms
[20.093s][info][gc,stats    ]    Critical: GC Locker Stall                                   0 / 0                 0 / 0                 0 / 0                 0 / 0           ops/s
[20.093s][info][gc,stats    ]      Memory: Allocation Rate                                 696 / 1282            403 / 1282            403 / 1282            403 / 1282        MB/s
[20.093s][info][gc,stats    ]      Memory: Heap Used After Mark                            902 / 1558            750 / 1558            750 / 1558            750 / 1558        MB
[20.093s][info][gc,stats    ]      Memory: Heap Used After Relocation                      103 / 132             156 / 826             156 / 826             156 / 826         MB
[20.093s][info][gc,stats    ]      Memory: Heap Used Before Mark                           985 / 1528            703 / 1528            703 / 1528            703 / 1528        MB
[20.093s][info][gc,stats    ]      Memory: Heap Used Before Relocation                     130 / 202             191 / 908             191 / 908             191 / 908         MB
[20.093s][info][gc,stats    ]      Memory: Out Of Memory                                     0 / 0                 0 / 0                 0 / 0                 0 / 0           ops/s
[20.093s][info][gc,stats    ]      Memory: Page Cache Flush                                  0 / 0                 0 / 0                 0 / 0                 0 / 0           MB/s
[20.093s][info][gc,stats    ]      Memory: Page Cache Hit L1                               313 / 642             161 / 642             161 / 642             161 / 642         ops/s
[20.093s][info][gc,stats    ]      Memory: Page Cache Hit L2                                 0 / 0                 0 / 0                 0 / 0                 0 / 0           ops/s
[20.093s][info][gc,stats    ]      Memory: Page Cache Miss                                  32 / 218              38 / 223              38 / 223              38 / 223         ops/s
[20.093s][info][gc,stats    ]      Memory: Undo Object Allocation Failed                     0 / 0                 0 / 0                 0 / 0                 0 / 0           ops/s
[20.093s][info][gc,stats    ]      Memory: Undo Object Allocation Succeeded                  0 / 0                 0 / 0                 0 / 0                 0 / 0           ops/s
[20.093s][info][gc,stats    ]      Memory: Undo Page Allocation                              0 / 0                 0 / 0                 0 / 0                 0 / 0           ops/s
[20.093s][info][gc,stats    ]       Phase: Concurrent Destroy Detached Pages             0.000 / 0.000         0.000 / 0.000         0.000 / 0.000         0.000 / 0.000       ms
[20.093s][info][gc,stats    ]       Phase: Concurrent Mark                              76.515 / 100.653     207.185 / 1560.269    207.185 / 1560.269    207.185 / 1560.269    ms
[20.093s][info][gc,stats    ]       Phase: Concurrent Mark Continue                      0.000 / 0.000         0.000 / 0.000         0.000 / 0.000         0.000 / 0.000       ms
[20.093s][info][gc,stats    ]       Phase: Concurrent Prepare Relocation Set             0.026 / 0.069         0.093 / 0.371         0.093 / 0.371         0.093 / 0.371       ms
[20.093s][info][gc,stats    ]       Phase: Concurrent Process Non-Strong References      1.866 / 4.591         1.595 / 4.591         1.595 / 4.591         1.595 / 4.591       ms
[20.093s][info][gc,stats    ]       Phase: Concurrent Relocate                           5.340 / 16.020        9.826 / 32.697        9.826 / 32.697        9.826 / 32.697      ms
[20.093s][info][gc,stats    ]       Phase: Concurrent Reset Relocation Set               0.003 / 0.005         0.007 / 0.053         0.007 / 0.053         0.007 / 0.053       ms
[20.093s][info][gc,stats    ]       Phase: Concurrent Select Relocation Set              1.558 / 1.596         1.678 / 2.715         1.678 / 2.715         1.678 / 2.715       ms
[20.093s][info][gc,stats    ]       Phase: Pause Mark End                                0.190 / 0.230         0.208 / 0.367         0.208 / 0.367         0.208 / 0.367       ms
[20.093s][info][gc,stats    ]       Phase: Pause Mark Start                              2.283 / 4.144         1.865 / 4.144         1.865 / 4.144         1.865 / 4.144       ms
[20.093s][info][gc,stats    ]       Phase: Pause Relocate Start                          1.583 / 1.808         1.578 / 2.353         1.578 / 2.353         1.578 / 2.353       ms
[20.093s][info][gc,stats    ]    Subphase: Concurrent Mark                              75.355 / 100.632     206.441 / 1560.247    206.441 / 1560.247    206.441 / 1560.247    ms
[20.093s][info][gc,stats    ]    Subphase: Concurrent Mark Idle                          0.000 / 0.000         0.000 / 0.000         0.000 / 0.000         0.000 / 0.000       ms
[20.093s][info][gc,stats    ]    Subphase: Concurrent Mark Try Flush                     1.009 / 4.916         1.821 / 8.788         1.821 / 8.788         1.821 / 8.788       ms
[20.093s][info][gc,stats    ]    Subphase: Concurrent Mark Try Terminate                 0.366 / 1.017         0.411 / 1.018         0.411 / 1.018         0.411 / 1.018       ms
[20.093s][info][gc,stats    ]    Subphase: Concurrent References Enqueue                 0.002 / 0.004         0.002 / 0.004         0.002 / 0.004         0.002 / 0.004       ms
[20.093s][info][gc,stats    ]    Subphase: Concurrent References Process                 0.560 / 0.712         0.493 / 0.712         0.493 / 0.712         0.493 / 0.712       ms
[20.093s][info][gc,stats    ]    Subphase: Concurrent Weak Roots                         0.808 / 1.061         0.781 / 1.256         0.781 / 1.256         0.781 / 1.256       ms
[20.093s][info][gc,stats    ]    Subphase: Concurrent Weak Roots JNIWeakHandles          0.000 / 0.000         0.000 / 0.000         0.000 / 0.000         0.000 / 0.000       ms
[20.093s][info][gc,stats    ]    Subphase: Concurrent Weak Roots StringTable             0.603 / 0.823         0.600 / 1.046         0.600 / 1.046         0.600 / 1.046       ms
[20.093s][info][gc,stats    ]    Subphase: Concurrent Weak Roots VMWeakHandles           0.203 / 0.292         0.180 / 0.292         0.180 / 0.292         0.180 / 0.292       ms
[20.093s][info][gc,stats    ]    Subphase: Pause Mark Try Complete                       0.000 / 0.000         0.001 / 0.001         0.001 / 0.001         0.001 / 0.001       ms
[20.093s][info][gc,stats    ]    Subphase: Pause Remap TLABS                             0.001 / 0.001         0.001 / 0.001         0.001 / 0.001         0.001 / 0.001       ms
[20.093s][info][gc,stats    ]    Subphase: Pause Retire TLABS                            0.011 / 0.015         0.010 / 0.016         0.010 / 0.016         0.010 / 0.016       ms
[20.093s][info][gc,stats    ]    Subphase: Pause Roots                                   1.151 / 3.808         1.090 / 3.808         1.090 / 3.808         1.090 / 3.808       ms
[20.093s][info][gc,stats    ]    Subphase: Pause Roots ClassLoaderDataGraph              0.647 / 1.672         0.605 / 1.672         0.605 / 1.672         0.605 / 1.672       ms
[20.093s][info][gc,stats    ]    Subphase: Pause Roots CodeCache                         0.761 / 1.479         0.597 / 1.479         0.597 / 1.479         0.597 / 1.479       ms
[20.093s][info][gc,stats    ]    Subphase: Pause Roots JNIHandles                        0.001 / 0.002         0.001 / 0.005         0.001 / 0.005         0.001 / 0.005       ms
[20.093s][info][gc,stats    ]    Subphase: Pause Roots JNIWeakHandles                    0.000 / 0.000         0.000 / 0.000         0.000 / 0.000         0.000 / 0.000       ms
[20.093s][info][gc,stats    ]    Subphase: Pause Roots JRFWeak                           0.000 / 0.000         0.000 / 0.000         0.000 / 0.000         0.000 / 0.000       ms
[20.093s][info][gc,stats    ]    Subphase: Pause Roots JVMTIExport                       0.000 / 0.001         0.000 / 0.001         0.000 / 0.001         0.000 / 0.001       ms
[20.093s][info][gc,stats    ]    Subphase: Pause Roots JVMTIWeakExport                   0.001 / 0.001         0.001 / 0.001         0.001 / 0.001         0.001 / 0.001       ms
[20.094s][info][gc,stats    ]    Subphase: Pause Roots Management                        0.001 / 0.002         0.016 / 0.337         0.016 / 0.337         0.016 / 0.337       ms
[20.094s][info][gc,stats    ]    Subphase: Pause Roots ObjectSynchronizer                0.000 / 0.001         0.000 / 0.001         0.000 / 0.001         0.000 / 0.001       ms
[20.094s][info][gc,stats    ]    Subphase: Pause Roots Setup                             0.128 / 0.268         0.101 / 0.268         0.101 / 0.268         0.101 / 0.268       ms
[20.094s][info][gc,stats    ]    Subphase: Pause Roots StringTable                       0.000 / 0.000         0.000 / 0.000         0.000 / 0.000         0.000 / 0.000       ms
[20.094s][info][gc,stats    ]    Subphase: Pause Roots SystemDictionary                  0.012 / 0.024         0.012 / 0.024         0.012 / 0.024         0.012 / 0.024       ms
[20.094s][info][gc,stats    ]    Subphase: Pause Roots Teardown                          0.001 / 0.002         0.001 / 0.002         0.001 / 0.002         0.001 / 0.002       ms
[20.094s][info][gc,stats    ]    Subphase: Pause Roots Threads                           0.222 / 0.624         0.263 / 0.956         0.263 / 0.956         0.263 / 0.956       ms
[20.094s][info][gc,stats    ]    Subphase: Pause Roots Universe                          0.003 / 0.015         0.004 / 0.020         0.004 / 0.020         0.004 / 0.020       ms
[20.094s][info][gc,stats    ]    Subphase: Pause Roots VMWeakHandles                     0.000 / 0.000         0.000 / 0.000         0.000 / 0.000         0.000 / 0.000       ms
[20.094s][info][gc,stats    ]    Subphase: Pause Weak Roots                              0.001 / 0.002         0.002 / 0.005         0.002 / 0.005         0.002 / 0.005       ms
[20.094s][info][gc,stats    ]    Subphase: Pause Weak Roots JFRWeak                      0.001 / 0.001         0.000 / 0.001         0.000 / 0.001         0.000 / 0.001       ms
[20.094s][info][gc,stats    ]    Subphase: Pause Weak Roots JNIWeakHandles               0.000 / 0.000         0.000 / 0.000         0.000 / 0.000         0.000 / 0.000       ms
[20.094s][info][gc,stats    ]    Subphase: Pause Weak Roots JVMTIWeakExport              0.000 / 0.001         0.001 / 0.005         0.001 / 0.005         0.001 / 0.005       ms
[20.094s][info][gc,stats    ]    Subphase: Pause Weak Roots Setup                        0.000 / 0.000         0.000 / 0.000         0.000 / 0.000         0.000 / 0.000       ms
[20.094s][info][gc,stats    ]    Subphase: Pause Weak Roots StringTable                  0.000 / 0.000         0.000 / 0.000         0.000 / 0.000         0.000 / 0.000       ms
[20.094s][info][gc,stats    ]    Subphase: Pause Weak Roots SymbolTable                  0.000 / 0.000         0.000 / 0.000         0.000 / 0.000         0.000 / 0.000       ms
[20.094s][info][gc,stats    ]    Subphase: Pause Weak Roots Teardown                     0.000 / 0.001         0.000 / 0.001         0.000 / 0.001         0.000 / 0.001       ms
[20.094s][info][gc,stats    ]    Subphase: Pause Weak Roots VMWeakHandles                0.000 / 0.000         0.000 / 0.000         0.000 / 0.000         0.000 / 0.000       ms
[20.094s][info][gc,stats    ]      System: Java Threads                                     48 / 50               40 / 50               40 / 50               40 / 50          threads
[20.094s][info][gc,stats    ] =========================================================================================================================================================
[21.593s][info][gc,start    ] GC(11) Garbage Collection (Allocation Rate)
[21.595s][info][gc,phases   ] GC(11) Pause Mark Start 2.218ms
[22.344s][info][gc,phases   ] GC(11) Concurrent Mark 748.354ms
[22.346s][info][gc,phases   ] GC(11) Pause Mark End 0.218ms
[22.348s][info][gc,phases   ] GC(11) Concurrent Process Non-Strong References 1.386ms
[22.349s][info][gc,phases   ] GC(11) Concurrent Reset Relocation Set 0.004ms
[22.349s][info][gc,phases   ] GC(11) Concurrent Destroy Detached Pages 0.000ms
[22.351s][info][gc,phases   ] GC(11) Concurrent Select Relocation Set 1.631ms
[22.414s][info][gc,phases   ] GC(11) Concurrent Prepare Relocation Set 63.748ms
[22.418s][info][gc,phases   ] GC(11) Pause Relocate Start 2.045ms
[22.821s][info][gc,phases   ] GC(11) Concurrent Relocate 393.686ms
[22.821s][info][gc,load     ] GC(11) Load: 2.03/1.63/0.96
[22.821s][info][gc,mmu      ] GC(11) MMU: 2ms/0.0%, 5ms/17.1%, 10ms/58.6%, 20ms/79.3%, 50ms/91.7%, 100ms/95.2%
[22.821s][info][gc,marking  ] GC(11) Mark: 1 stripe(s), 2 proactive flush(es), 1 terminate flush(es), 0 completion(s), 0 continuation(s) 
[22.821s][info][gc,reloc    ] GC(11) Relocation: Successful, 94M relocated
[22.821s][info][gc,nmethod  ] GC(11) NMethods: 2744 registered, 0 unregistered
[22.821s][info][gc,metaspace] GC(11) Metaspace: 70M used, 73M capacity, 73M committed, 74M reserved
[22.821s][info][gc,ref      ] GC(11) Soft: 4614 encountered, 0 discovered, 0 enqueued
[22.821s][info][gc,ref      ] GC(11) Weak: 4408 encountered, 3416 discovered, 141 enqueued
[22.821s][info][gc,ref      ] GC(11) Final: 26 encountered, 0 discovered, 0 enqueued
[22.821s][info][gc,ref      ] GC(11) Phantom: 785 encountered, 781 discovered, 132 enqueued
[22.821s][info][gc,heap     ] GC(11)                Mark Start          Mark End        Relocate Start      Relocate End           High               Low         
[22.821s][info][gc,heap     ] GC(11)  Capacity:     1862M (94%)        1954M (98%)        1954M (98%)        1954M (98%)        1954M (98%)        1862M (94%)    
[22.821s][info][gc,heap     ] GC(11)   Reserve:       34M (2%)           34M (2%)           34M (2%)           34M (2%)           34M (2%)           34M (2%)     
[22.821s][info][gc,heap     ] GC(11)      Free:      128M (6%)           36M (2%)         1286M (65%)        1664M (84%)        1666M (84%)          36M (2%)     
[22.821s][info][gc,heap     ] GC(11)      Used:     1828M (92%)        1920M (96%)         670M (34%)         292M (15%)        1920M (96%)         290M (15%)    
[22.821s][info][gc,heap     ] GC(11)      Live:         -               128M (6%)          128M (6%)          128M (6%)             -                  -          
[22.821s][info][gc,heap     ] GC(11) Allocated:         -                92M (5%)           98M (5%)          224M (11%)            -                  -          
[22.821s][info][gc,heap     ] GC(11)   Garbage:         -              1699M (85%)         443M (22%)          55M (3%)             -                  -          
[22.821s][info][gc,heap     ] GC(11) Reclaimed:         -                  -              1256M (63%)        1644M (83%)            -                  -          
[22.821s][info][gc          ] GC(11) Garbage Collection (Allocation Rate) 1828M(92%)->292M(15%)
[23.293s][info][gc,start    ] GC(12) Garbage Collection (Allocation Rate)
[23.297s][info][gc,phases   ] GC(12) Pause Mark Start 2.343ms
[24.202s][info][gc,phases   ] GC(12) Concurrent Mark 904.919ms
[24.204s][info][gc,phases   ] GC(12) Pause Mark End 0.199ms
[24.206s][info][gc,phases   ] GC(12) Concurrent Process Non-Strong References 1.436ms
[24.207s][info][gc,phases   ] GC(12) Concurrent Reset Relocation Set 0.853ms
[24.207s][info][gc,phases   ] GC(12) Concurrent Destroy Detached Pages 0.000ms
[24.209s][info][gc,phases   ] GC(12) Concurrent Select Relocation Set 1.603ms
[24.217s][info][gc,phases   ] GC(12) Concurrent Prepare Relocation Set 8.116ms
[24.221s][info][gc,phases   ] GC(12) Pause Relocate Start 2.069ms
[24.428s][info][gc,phases   ] GC(12) Concurrent Relocate 199.236ms
[24.428s][info][gc,load     ] GC(12) Load: 2.03/1.63/0.96
[24.428s][info][gc,mmu      ] GC(12) MMU: 2ms/0.0%, 5ms/17.1%, 10ms/58.6%, 20ms/79.3%, 50ms/91.7%, 100ms/95.2%
[24.428s][info][gc,marking  ] GC(12) Mark: 1 stripe(s), 2 proactive flush(es), 1 terminate flush(es), 0 completion(s), 0 continuation(s) 
[24.428s][info][gc,reloc    ] GC(12) Relocation: Successful, 57M relocated
[24.428s][info][gc,nmethod  ] GC(12) NMethods: 2744 registered, 0 unregistered
[24.428s][info][gc,metaspace] GC(12) Metaspace: 70M used, 73M capacity, 73M committed, 74M reserved
[24.428s][info][gc,ref      ] GC(12) Soft: 4642 encountered, 0 discovered, 0 enqueued
[24.428s][info][gc,ref      ] GC(12) Weak: 4420 encountered, 3423 discovered, 53 enqueued
[24.428s][info][gc,ref      ] GC(12) Final: 26 encountered, 0 discovered, 0 enqueued
[24.428s][info][gc,ref      ] GC(12) Phantom: 711 encountered, 707 discovered, 57 enqueued
[24.428s][info][gc,heap     ] GC(12)                Mark Start          Mark End        Relocate Start      Relocate End           High               Low         
[24.428s][info][gc,heap     ] GC(12)  Capacity:     1954M (98%)        1954M (98%)        1954M (98%)        1972M (99%)        1972M (99%)        1954M (98%)    
[24.428s][info][gc,heap     ] GC(12)   Reserve:       34M (2%)           34M (2%)           34M (2%)           34M (2%)           34M (2%)           34M (2%)     
[24.428s][info][gc,heap     ] GC(12)      Free:     1424M (72%)        1224M (62%)        1230M (62%)        1520M (76%)        1520M (76%)        1224M (62%)    
[24.428s][info][gc,heap     ] GC(12)      Used:      532M (27%)         732M (37%)         726M (36%)         436M (22%)         732M (37%)         436M (22%)    
[24.428s][info][gc,heap     ] GC(12)      Live:         -               163M (8%)          163M (8%)          163M (8%)             -                  -          
[24.428s][info][gc,heap     ] GC(12) Allocated:         -               200M (10%)         200M (10%)         272M (14%)            -                  -          
[24.428s][info][gc,heap     ] GC(12)   Garbage:         -               368M (19%)         362M (18%)          54M (3%)             -                  -          
[24.428s][info][gc,heap     ] GC(12) Reclaimed:         -                  -                 6M (0%)          314M (16%)            -                  -          
[24.428s][info][gc          ] GC(12) Garbage Collection (Allocation Rate) 532M(27%)->436M(22%)
[26.794s][info][gc,start    ] GC(13) Garbage Collection (Allocation Rate)
[26.798s][info][gc,phases   ] GC(13) Pause Mark Start 2.581ms
[27.214s][info][gc,phases   ] GC(13) Concurrent Mark 415.338ms
[27.216s][info][gc,phases   ] GC(13) Pause Mark End 0.235ms
[27.218s][info][gc,phases   ] GC(13) Concurrent Process Non-Strong References 1.437ms
[27.218s][info][gc,phases   ] GC(13) Concurrent Reset Relocation Set 0.734ms
[27.218s][info][gc,phases   ] GC(13) Concurrent Destroy Detached Pages 0.000ms
[27.220s][info][gc,phases   ] GC(13) Concurrent Select Relocation Set 1.597ms
[27.228s][info][gc,phases   ] GC(13) Concurrent Prepare Relocation Set 8.429ms
[27.233s][info][gc,phases   ] GC(13) Pause Relocate Start 2.180ms
[27.440s][info][gc,phases   ] GC(13) Concurrent Relocate 203.414ms
[27.440s][info][gc,load     ] GC(13) Load: 2.03/1.64/0.97
[27.440s][info][gc,mmu      ] GC(13) MMU: 2ms/0.0%, 5ms/17.1%, 10ms/58.6%, 20ms/79.3%, 50ms/91.7%, 100ms/95.2%
[27.440s][info][gc,marking  ] GC(13) Mark: 1 stripe(s), 2 proactive flush(es), 1 terminate flush(es), 0 completion(s), 0 continuation(s) 
[27.440s][info][gc,reloc    ] GC(13) Relocation: Successful, 53M relocated
[27.440s][info][gc,nmethod  ] GC(13) NMethods: 2910 registered, 0 unregistered
[27.440s][info][gc,metaspace] GC(13) Metaspace: 70M used, 74M capacity, 74M committed, 76M reserved
[27.440s][info][gc,ref      ] GC(13) Soft: 4660 encountered, 0 discovered, 0 enqueued
[27.440s][info][gc,ref      ] GC(13) Weak: 4679 encountered, 3594 discovered, 131 enqueued
[27.440s][info][gc,ref      ] GC(13) Final: 26 encountered, 0 discovered, 0 enqueued
[27.440s][info][gc,ref      ] GC(13) Phantom: 692 encountered, 688 discovered, 35 enqueued
[27.440s][info][gc,heap     ] GC(13)                Mark Start          Mark End        Relocate Start      Relocate End           High               Low         
[27.440s][info][gc,heap     ] GC(13)  Capacity:     1972M (99%)        1982M (100%)       1982M (100%)       1982M (100%)       1982M (100%)       1972M (99%)    
[27.440s][info][gc,heap     ] GC(13)   Reserve:       34M (2%)           34M (2%)           34M (2%)           34M (2%)           34M (2%)           34M (2%)     
[27.440s][info][gc,heap     ] GC(13)      Free:     1118M (56%)        1056M (53%)        1506M (76%)        1648M (83%)        1650M (83%)        1056M (53%)    
[27.440s][info][gc,heap     ] GC(13)      Used:      838M (42%)         900M (45%)         450M (23%)         308M (15%)         900M (45%)         306M (15%)    
[27.440s][info][gc,heap     ] GC(13)      Live:         -               125M (6%)          125M (6%)          125M (6%)             -                  -          
[27.440s][info][gc,heap     ] GC(13) Allocated:         -                62M (3%)           62M (3%)          194M (10%)            -                  -          
[27.440s][info][gc,heap     ] GC(13)   Garbage:         -               712M (36%)         262M (13%)          78M (4%)             -                  -          
[27.440s][info][gc,heap     ] GC(13) Reclaimed:         -                  -               450M (23%)         634M (32%)            -                  -          
[27.440s][info][gc          ] GC(13) Garbage Collection (Allocation Rate) 838M(42%)->308M(15%)
[28.193s][info][gc,start    ] GC(14) Garbage Collection (Allocation Rate)
[28.198s][info][gc,phases   ] GC(14) Pause Mark Start 2.446ms
[29.075s][info][gc,phases   ] GC(14) Concurrent Mark 876.981ms
[29.077s][info][gc,phases   ] GC(14) Pause Mark End 0.192ms
[29.078s][info][gc,phases   ] GC(14) Concurrent Process Non-Strong References 1.405ms
[29.079s][info][gc,phases   ] GC(14) Concurrent Reset Relocation Set 0.566ms
[29.079s][info][gc,phases   ] GC(14) Concurrent Destroy Detached Pages 0.000ms
[29.081s][info][gc,phases   ] GC(14) Concurrent Select Relocation Set 1.584ms
[29.107s][info][gc,phases   ] GC(14) Concurrent Prepare Relocation Set 26.064ms
[29.111s][info][gc,phases   ] GC(14) Pause Relocate Start 2.074ms
[29.406s][info][gc,phases   ] GC(14) Concurrent Relocate 288.715ms
[29.406s][info][gc,load     ] GC(14) Load: 2.03/1.64/0.97
[29.406s][info][gc,mmu      ] GC(14) MMU: 2ms/0.0%, 5ms/17.1%, 10ms/58.6%, 20ms/79.3%, 50ms/91.7%, 100ms/95.2%
[29.406s][info][gc,marking  ] GC(14) Mark: 1 stripe(s), 2 proactive flush(es), 1 terminate flush(es), 0 completion(s), 0 continuation(s) 
[29.406s][info][gc,reloc    ] GC(14) Relocation: Successful, 84M relocated
[29.406s][info][gc,nmethod  ] GC(14) NMethods: 2925 registered, 0 unregistered
[29.406s][info][gc,metaspace] GC(14) Metaspace: 70M used, 74M capacity, 74M committed, 76M reserved
[29.406s][info][gc,ref      ] GC(14) Soft: 4661 encountered, 0 discovered, 0 enqueued
[29.406s][info][gc,ref      ] GC(14) Weak: 4550 encountered, 3548 discovered, 1 enqueued
[29.406s][info][gc,ref      ] GC(14) Final: 26 encountered, 0 discovered, 0 enqueued
[29.406s][info][gc,ref      ] GC(14) Phantom: 656 encountered, 652 discovered, 0 enqueued
[29.406s][info][gc,heap     ] GC(14)                Mark Start          Mark End        Relocate Start      Relocate End           High               Low         
[29.406s][info][gc,heap     ] GC(14)  Capacity:     1982M (100%)       1982M (100%)       1982M (100%)       1982M (100%)       1982M (100%)       1982M (100%)   
[29.406s][info][gc,heap     ] GC(14)   Reserve:       34M (2%)           34M (2%)           34M (2%)           34M (2%)           34M (2%)           34M (2%)     
[29.406s][info][gc,heap     ] GC(14)      Free:     1298M (65%)        1094M (55%)        1116M (56%)        1444M (73%)        1446M (73%)        1080M (54%)    
[29.406s][info][gc,heap     ] GC(14)      Used:      658M (33%)         862M (43%)         840M (42%)         512M (26%)         876M (44%)         510M (26%)    
[29.406s][info][gc,heap     ] GC(14)      Live:         -               210M (11%)         210M (11%)         210M (11%)            -                  -          
[29.406s][info][gc,heap     ] GC(14) Allocated:         -               204M (10%)         210M (11%)         358M (18%)            -                  -          
[29.406s][info][gc,heap     ] GC(14)   Garbage:         -               447M (22%)         419M (21%)          75M (4%)             -                  -          
[29.406s][info][gc,heap     ] GC(14) Reclaimed:         -                  -                28M (1%)          372M (19%)            -                  -          
[29.406s][info][gc          ] GC(14) Garbage Collection (Allocation Rate) 658M(33%)->512M(26%)
[30.093s][info][gc,stats    ] === Garbage Collection Statistics =======================================================================================================================
[30.093s][info][gc,stats    ]                                                              Last 10s              Last 10m              Last 10h                Total
[30.093s][info][gc,stats    ]                                                              Avg / Max             Avg / Max             Avg / Max             Avg / Max
[30.093s][info][gc,stats    ]   Collector: Garbage Collection Cycle                   1055.464 / 1227.665    449.180 / 1604.634    449.180 / 1604.634    449.180 / 1604.634    ms
[30.093s][info][gc,stats    ]  Contention: Mark Segment Reset Contention                     0 / 0                 0 / 0                 0 / 0                 0 / 0           ops/s
[30.093s][info][gc,stats    ]  Contention: Mark SeqNum Reset Contention                      0 / 0                 0 / 0                 0 / 0                 0 / 0           ops/s
[30.093s][info][gc,stats    ]  Contention: Relocation Contention                             0 / 1                 0 / 1                 0 / 1                 0 / 1           ops/s
[30.093s][info][gc,stats    ]    Critical: Allocation Stall                              0.000 / 0.000         0.000 / 0.000         0.000 / 0.000         0.000 / 0.000       ms
[30.093s][info][gc,stats    ]    Critical: Allocation Stall                                  0 / 0                 0 / 0                 0 / 0                 0 / 0           ops/s
[30.093s][info][gc,stats    ]    Critical: GC Locker Stall                               0.000 / 0.000         0.000 / 0.000         0.000 / 0.000         0.000 / 0.000       ms
[30.093s][info][gc,stats    ]    Critical: GC Locker Stall                                   0 / 0                 0 / 0                 0 / 0                 0 / 0           ops/s
[30.093s][info][gc,stats    ]      Memory: Allocation Rate                                 236 / 412             347 / 1282            347 / 1282            347 / 1282        MB/s
[30.093s][info][gc,stats    ]      Memory: Heap Used After Mark                           1103 / 1920            844 / 1920            844 / 1920            844 / 1920        MB
[30.093s][info][gc,stats    ]      Memory: Heap Used After Relocation                      387 / 512             217 / 826             217 / 826             217 / 826         MB
[30.093s][info][gc,stats    ]      Memory: Heap Used Before Mark                           964 / 1828            773 / 1828            773 / 1828            773 / 1828        MB
[30.093s][info][gc,stats    ]      Memory: Heap Used Before Relocation                     671 / 840             319 / 908             319 / 908             319 / 908         MB
[30.093s][info][gc,stats    ]      Memory: Out Of Memory                                     0 / 0                 0 / 0                 0 / 0                 0 / 0           ops/s
[30.093s][info][gc,stats    ]      Memory: Page Cache Flush                                  0 / 0                 0 / 0                 0 / 0                 0 / 0           MB/s
[30.093s][info][gc,stats    ]      Memory: Page Cache Hit L1                               104 / 204             142 / 642             142 / 642             142 / 642         ops/s
[30.093s][info][gc,stats    ]      Memory: Page Cache Hit L2                                 0 / 0                 0 / 0                 0 / 0                 0 / 0           ops/s
[30.093s][info][gc,stats    ]      Memory: Page Cache Miss                                  13 / 65               30 / 223              30 / 223              30 / 223         ops/s
[30.093s][info][gc,stats    ]      Memory: Undo Object Allocation Failed                     0 / 0                 0 / 0                 0 / 0                 0 / 0           ops/s
[30.093s][info][gc,stats    ]      Memory: Undo Object Allocation Succeeded                  0 / 1                 0 / 1                 0 / 1                 0 / 1           ops/s
[30.093s][info][gc,stats    ]      Memory: Undo Page Allocation                              0 / 0                 0 / 0                 0 / 0                 0 / 0           ops/s
[30.093s][info][gc,stats    ]       Phase: Concurrent Destroy Detached Pages             0.000 / 0.000         0.000 / 0.000         0.000 / 0.000         0.000 / 0.000       ms
[30.093s][info][gc,stats    ]       Phase: Concurrent Mark                             736.398 / 904.919     348.308 / 1560.269    348.308 / 1560.269    348.308 / 1560.269    ms
[30.093s][info][gc,stats    ]       Phase: Concurrent Mark Continue                      0.000 / 0.000         0.000 / 0.000         0.000 / 0.000         0.000 / 0.000       ms
[30.093s][info][gc,stats    ]       Phase: Concurrent Prepare Relocation Set            26.589 / 63.748        7.159 / 63.748        7.159 / 63.748        7.159 / 63.748      ms
[30.093s][info][gc,stats    ]       Phase: Concurrent Process Non-Strong References      1.416 / 1.437         1.548 / 4.591         1.548 / 4.591         1.548 / 4.591       ms
[30.093s][info][gc,stats    ]       Phase: Concurrent Relocate                         271.263 / 393.686      79.543 / 393.686      79.543 / 393.686      79.543 / 393.686     ms
[30.093s][info][gc,stats    ]       Phase: Concurrent Reset Relocation Set               0.539 / 0.853         0.149 / 0.853         0.149 / 0.853         0.149 / 0.853       ms
[30.093s][info][gc,stats    ]       Phase: Concurrent Select Relocation Set              1.604 / 1.631         1.658 / 2.715         1.658 / 2.715         1.658 / 2.715       ms
[30.093s][info][gc,stats    ]       Phase: Pause Mark End                                0.211 / 0.235         0.209 / 0.367         0.209 / 0.367         0.209 / 0.367       ms
[30.093s][info][gc,stats    ]       Phase: Pause Mark Start                              2.397 / 2.581         2.007 / 4.144         2.007 / 4.144         2.007 / 4.144       ms
[30.093s][info][gc,stats    ]       Phase: Pause Relocate Start                          2.092 / 2.180         1.715 / 2.353         1.715 / 2.353         1.715 / 2.353       ms
[30.093s][info][gc,stats    ]    Subphase: Concurrent Mark                             736.375 / 904.894     347.757 / 1560.247    347.757 / 1560.247    347.757 / 1560.247    ms
[30.093s][info][gc,stats    ]    Subphase: Concurrent Mark Idle                          0.000 / 0.000         0.000 / 0.000         0.000 / 0.000         0.000 / 0.000       ms
[30.093s][info][gc,stats    ]    Subphase: Concurrent Mark Try Flush                     1.469 / 5.288         1.729 / 8.788         1.729 / 8.788         1.729 / 8.788       ms
[30.093s][info][gc,stats    ]    Subphase: Concurrent Mark Try Terminate                 0.485 / 0.982         0.430 / 1.018         0.430 / 1.018         0.430 / 1.018       ms
[30.093s][info][gc,stats    ]    Subphase: Concurrent References Enqueue                 0.002 / 0.003         0.002 / 0.004         0.002 / 0.004         0.002 / 0.004       ms
[30.093s][info][gc,stats    ]    Subphase: Concurrent References Process                 0.644 / 0.663         0.533 / 0.712         0.533 / 0.712         0.533 / 0.712       ms
[30.093s][info][gc,stats    ]    Subphase: Concurrent Weak Roots                         0.764 / 0.796         0.776 / 1.256         0.776 / 1.256         0.776 / 1.256       ms
[30.093s][info][gc,stats    ]    Subphase: Concurrent Weak Roots JNIWeakHandles          0.000 / 0.000         0.000 / 0.000         0.000 / 0.000         0.000 / 0.000       ms
[30.093s][info][gc,stats    ]    Subphase: Concurrent Weak Roots StringTable             0.552 / 0.568         0.587 / 1.046         0.587 / 1.046         0.587 / 1.046       ms
[30.093s][info][gc,stats    ]    Subphase: Concurrent Weak Roots VMWeakHandles           0.211 / 0.239         0.188 / 0.292         0.188 / 0.292         0.188 / 0.292       ms
[30.093s][info][gc,stats    ]    Subphase: Pause Mark Try Complete                       0.000 / 0.000         0.001 / 0.001         0.001 / 0.001         0.001 / 0.001       ms
[30.093s][info][gc,stats    ]    Subphase: Pause Remap TLABS                             0.001 / 0.002         0.001 / 0.002         0.001 / 0.002         0.001 / 0.002       ms
[30.093s][info][gc,stats    ]    Subphase: Pause Retire TLABS                            0.013 / 0.022         0.011 / 0.022         0.011 / 0.022         0.011 / 0.022       ms
[30.093s][info][gc,stats    ]    Subphase: Pause Roots                                   1.373 / 2.308         1.165 / 3.808         1.165 / 3.808         1.165 / 3.808       ms
[30.093s][info][gc,stats    ]    Subphase: Pause Roots ClassLoaderDataGraph              0.625 / 0.722         0.611 / 1.672         0.611 / 1.672         0.611 / 1.672       ms
[30.093s][info][gc,stats    ]    Subphase: Pause Roots CodeCache                         1.057 / 1.254         0.720 / 1.479         0.720 / 1.479         0.720 / 1.479       ms
[30.093s][info][gc,stats    ]    Subphase: Pause Roots JNIHandles                        0.001 / 0.001         0.001 / 0.005         0.001 / 0.005         0.001 / 0.005       ms
[30.093s][info][gc,stats    ]    Subphase: Pause Roots JNIWeakHandles                    0.000 / 0.000         0.000 / 0.000         0.000 / 0.000         0.000 / 0.000       ms
[30.093s][info][gc,stats    ]    Subphase: Pause Roots JRFWeak                           0.000 / 0.000         0.000 / 0.000         0.000 / 0.000         0.000 / 0.000       ms
[30.093s][info][gc,stats    ]    Subphase: Pause Roots JVMTIExport                       0.000 / 0.001         0.000 / 0.001         0.000 / 0.001         0.000 / 0.001       ms
[30.093s][info][gc,stats    ]    Subphase: Pause Roots JVMTIWeakExport                   0.001 / 0.001         0.001 / 0.001         0.001 / 0.001         0.001 / 0.001       ms
[30.093s][info][gc,stats    ]    Subphase: Pause Roots Management                        0.001 / 0.001         0.012 / 0.337         0.012 / 0.337         0.012 / 0.337       ms
[30.093s][info][gc,stats    ]    Subphase: Pause Roots ObjectSynchronizer                0.000 / 0.000         0.000 / 0.001         0.000 / 0.001         0.000 / 0.001       ms
[30.093s][info][gc,stats    ]    Subphase: Pause Roots Setup                             0.162 / 0.275         0.117 / 0.275         0.117 / 0.275         0.117 / 0.275       ms
[30.093s][info][gc,stats    ]    Subphase: Pause Roots StringTable                       0.000 / 0.000         0.000 / 0.000         0.000 / 0.000         0.000 / 0.000       ms
[30.093s][info][gc,stats    ]    Subphase: Pause Roots SystemDictionary                  0.016 / 0.026         0.013 / 0.026         0.013 / 0.026         0.013 / 0.026       ms
[30.093s][info][gc,stats    ]    Subphase: Pause Roots Teardown                          0.001 / 0.001         0.001 / 0.002         0.001 / 0.002         0.001 / 0.002       ms
[30.093s][info][gc,stats    ]    Subphase: Pause Roots Threads                           0.236 / 0.424         0.256 / 0.956         0.256 / 0.956         0.256 / 0.956       ms
[30.093s][info][gc,stats    ]    Subphase: Pause Roots Universe                          0.002 / 0.002         0.003 / 0.020         0.003 / 0.020         0.003 / 0.020       ms
[30.093s][info][gc,stats    ]    Subphase: Pause Roots VMWeakHandles                     0.000 / 0.000         0.000 / 0.000         0.000 / 0.000         0.000 / 0.000       ms
[30.093s][info][gc,stats    ]    Subphase: Pause Weak Roots                              0.001 / 0.001         0.002 / 0.005         0.002 / 0.005         0.002 / 0.005       ms
[30.093s][info][gc,stats    ]    Subphase: Pause Weak Roots JFRWeak                      0.000 / 0.001         0.000 / 0.001         0.000 / 0.001         0.000 / 0.001       ms
[30.093s][info][gc,stats    ]    Subphase: Pause Weak Roots JNIWeakHandles               0.000 / 0.000         0.000 / 0.000         0.000 / 0.000         0.000 / 0.000       ms
[30.093s][info][gc,stats    ]    Subphase: Pause Weak Roots JVMTIWeakExport              0.000 / 0.000         0.001 / 0.005         0.001 / 0.005         0.001 / 0.005       ms
[30.093s][info][gc,stats    ]    Subphase: Pause Weak Roots Setup                        0.000 / 0.000         0.000 / 0.000         0.000 / 0.000         0.000 / 0.000       ms
[30.093s][info][gc,stats    ]    Subphase: Pause Weak Roots StringTable                  0.000 / 0.000         0.000 / 0.000         0.000 / 0.000         0.000 / 0.000       ms
[30.093s][info][gc,stats    ]    Subphase: Pause Weak Roots SymbolTable                  0.000 / 0.000         0.000 / 0.000         0.000 / 0.000         0.000 / 0.000       ms
[30.093s][info][gc,stats    ]    Subphase: Pause Weak Roots Teardown                     0.001 / 0.001         0.000 / 0.001         0.000 / 0.001         0.000 / 0.001       ms
[30.093s][info][gc,stats    ]    Subphase: Pause Weak Roots VMWeakHandles                0.000 / 0.000         0.000 / 0.000         0.000 / 0.000         0.000 / 0.000       ms
[30.093s][info][gc,stats    ]      System: Java Threads                                     56 / 58               45 / 58               45 / 58               45 / 58          threads
[30.093s][info][gc,stats    ] =========================================================================================================================================================
[31.193s][info][gc,start    ] GC(15) Garbage Collection (Allocation Rate)
[31.199s][info][gc,phases   ] GC(15) Pause Mark Start 2.474ms
[31.826s][info][gc,heap     ] Page Cache Flushed: 2M requested, 6M(746M->740M) flushed
[32.019s][info][gc,phases   ] GC(15) Concurrent Mark 819.511ms
[32.021s][info][gc,phases   ] GC(15) Pause Mark End 0.209ms
[32.023s][info][gc,phases   ] GC(15) Concurrent Process Non-Strong References 1.576ms
[32.024s][info][gc,phases   ] GC(15) Concurrent Reset Relocation Set 1.059ms
[32.024s][info][gc,phases   ] GC(15) Concurrent Destroy Detached Pages 0.002ms
[32.025s][info][gc,phases   ] GC(15) Concurrent Select Relocation Set 1.571ms
[32.035s][info][gc,phases   ] GC(15) Concurrent Prepare Relocation Set 9.004ms
[32.039s][info][gc,phases   ] GC(15) Pause Relocate Start 1.987ms
[32.246s][info][gc,phases   ] GC(15) Concurrent Relocate 201.597ms
[32.246s][info][gc,load     ] GC(15) Load: 2.03/1.64/0.97
[32.246s][info][gc,mmu      ] GC(15) MMU: 2ms/0.0%, 5ms/17.1%, 10ms/58.6%, 20ms/79.3%, 50ms/91.7%, 100ms/95.2%
[32.246s][info][gc,marking  ] GC(15) Mark: 1 stripe(s), 2 proactive flush(es), 1 terminate flush(es), 0 completion(s), 0 continuation(s) 
[32.246s][info][gc,reloc    ] GC(15) Relocation: Successful, 65M relocated
[32.246s][info][gc,nmethod  ] GC(15) NMethods: 2994 registered, 0 unregistered
[32.246s][info][gc,metaspace] GC(15) Metaspace: 70M used, 74M capacity, 74M committed, 76M reserved
[32.246s][info][gc,ref      ] GC(15) Soft: 4662 encountered, 0 discovered, 0 enqueued
[32.246s][info][gc,ref      ] GC(15) Weak: 4485 encountered, 3483 discovered, 30 enqueued
[32.246s][info][gc,ref      ] GC(15) Final: 26 encountered, 0 discovered, 0 enqueued
[32.246s][info][gc,ref      ] GC(15) Phantom: 657 encountered, 653 discovered, 0 enqueued
[32.246s][info][gc,heap     ] GC(15)                Mark Start          Mark End        Relocate Start      Relocate End           High               Low         
[32.246s][info][gc,heap     ] GC(15)  Capacity:     1982M (100%)       1990M (100%)       1990M (100%)       1990M (100%)       1990M (100%)       1982M (100%)   
[32.246s][info][gc,heap     ] GC(15)   Reserve:       34M (2%)           34M (2%)           34M (2%)           34M (2%)           34M (2%)           34M (2%)     
[32.246s][info][gc,heap     ] GC(15)      Free:      940M (47%)         718M (36%)        1224M (62%)        1470M (74%)        1474M (74%)         718M (36%)    
[32.246s][info][gc,heap     ] GC(15)      Used:     1016M (51%)        1238M (62%)         732M (37%)         486M (24%)        1238M (62%)         482M (24%)    
[32.246s][info][gc,heap     ] GC(15)      Live:         -               189M (10%)         189M (10%)         189M (10%)            -                  -          
[32.246s][info][gc,heap     ] GC(15) Allocated:         -               222M (11%)         224M (11%)         312M (16%)            -                  -          
[32.246s][info][gc,heap     ] GC(15)   Garbage:         -               826M (42%)         318M (16%)          62M (3%)             -                  -          
[32.246s][info][gc,heap     ] GC(15) Reclaimed:         -                  -               508M (26%)         764M (38%)            -                  -          
[32.246s][info][gc          ] GC(15) Garbage Collection (Allocation Rate) 1016M(51%)->486M(24%)
[32.893s][info][gc,start    ] GC(16) Garbage Collection (Allocation Rate)
[32.898s][info][gc,phases   ] GC(16) Pause Mark Start 2.408ms
[34.059s][info][gc,phases   ] GC(16) Concurrent Mark 1160.619ms
[34.061s][info][gc,phases   ] GC(16) Pause Mark End 0.203ms
[34.063s][info][gc,phases   ] GC(16) Concurrent Process Non-Strong References 1.328ms
[34.063s][info][gc,phases   ] GC(16) Concurrent Reset Relocation Set 0.645ms
[34.063s][info][gc,phases   ] GC(16) Concurrent Destroy Detached Pages 0.001ms
[34.065s][info][gc,phases   ] GC(16) Concurrent Select Relocation Set 1.612ms
[34.085s][info][gc,phases   ] GC(16) Concurrent Prepare Relocation Set 19.676ms
[34.089s][info][gc,phases   ] GC(16) Pause Relocate Start 2.026ms
[34.402s][info][gc,phases   ] GC(16) Concurrent Relocate 308.847ms
[34.402s][info][gc,load     ] GC(16) Load: 1.94/1.63/0.97
[34.402s][info][gc,mmu      ] GC(16) MMU: 2ms/0.0%, 5ms/17.1%, 10ms/58.6%, 20ms/79.3%, 50ms/91.7%, 100ms/95.2%
[34.402s][info][gc,marking  ] GC(16) Mark: 1 stripe(s), 2 proactive flush(es), 1 terminate flush(es), 0 completion(s), 0 continuation(s) 
[34.402s][info][gc,reloc    ] GC(16) Relocation: Successful, 90M relocated
[34.402s][info][gc,nmethod  ] GC(16) NMethods: 2996 registered, 0 unregistered
[34.402s][info][gc,metaspace] GC(16) Metaspace: 70M used, 74M capacity, 74M committed, 76M reserved
[34.402s][info][gc,ref      ] GC(16) Soft: 4664 encountered, 0 discovered, 0 enqueued
[34.402s][info][gc,ref      ] GC(16) Weak: 4456 encountered, 3449 discovered, 4 enqueued
[34.402s][info][gc,ref      ] GC(16) Final: 26 encountered, 0 discovered, 0 enqueued
[34.402s][info][gc,ref      ] GC(16) Phantom: 656 encountered, 652 discovered, 0 enqueued
[34.402s][info][gc,heap     ] GC(16)                Mark Start          Mark End        Relocate Start      Relocate End           High               Low         
[34.402s][info][gc,heap     ] GC(16)  Capacity:     1990M (100%)       1990M (100%)       1990M (100%)       1990M (100%)       1990M (100%)       1990M (100%)   
[34.402s][info][gc,heap     ] GC(16)   Reserve:       34M (2%)           34M (2%)           34M (2%)           34M (2%)           34M (2%)           34M (2%)     
[34.402s][info][gc,heap     ] GC(16)      Free:     1170M (59%)         932M (47%)         954M (48%)        1378M (69%)        1382M (69%)         920M (46%)    
[34.402s][info][gc,heap     ] GC(16)      Used:      786M (39%)        1024M (51%)        1002M (50%)         578M (29%)        1036M (52%)         574M (29%)    
[34.402s][info][gc,heap     ] GC(16)      Live:         -               268M (13%)         268M (13%)         268M (13%)            -                  -          
[34.402s][info][gc,heap     ] GC(16) Allocated:         -               238M (12%)         238M (12%)         366M (18%)            -                  -          
[34.402s][info][gc,heap     ] GC(16)   Garbage:         -               517M (26%)         495M (25%)          55M (3%)             -                  -          
[34.402s][info][gc,heap     ] GC(16) Reclaimed:         -                  -                22M (1%)          462M (23%)            -                  -          
[34.402s][info][gc          ] GC(16) Garbage Collection (Allocation Rate) 786M(39%)->578M(29%)
[35.739s][info][gc,heap     ] Page Cache Flushed: 2M requested, 10M(1136M->1126M) flushed
[35.803s][info][gc,heap     ] Page Cache Flushed: 2M requested, 32M(1102M->1070M) flushed
[35.994s][info][gc,start    ] GC(17) Garbage Collection (Allocation Rate)
[35.998s][info][gc,phases   ] GC(17) Pause Mark Start 2.435ms
[36.853s][info][gc,phases   ] GC(17) Concurrent Mark 854.298ms
[36.855s][info][gc,phases   ] GC(17) Pause Mark End 0.192ms
[36.856s][info][gc,phases   ] GC(17) Concurrent Process Non-Strong References 1.355ms
[36.858s][info][gc,phases   ] GC(17) Concurrent Reset Relocation Set 1.076ms
[36.858s][info][gc,phases   ] GC(17) Concurrent Destroy Detached Pages 0.003ms
[36.859s][info][gc,phases   ] GC(17) Concurrent Select Relocation Set 1.538ms
[36.875s][info][gc,phases   ] GC(17) Concurrent Prepare Relocation Set 15.449ms
[36.881s][info][gc,phases   ] GC(17) Pause Relocate Start 2.146ms
[37.050s][info][gc,phases   ] GC(17) Concurrent Relocate 169.209ms
[37.051s][info][gc,load     ] GC(17) Load: 1.94/1.63/0.97
[37.051s][info][gc,mmu      ] GC(17) MMU: 2ms/0.0%, 5ms/17.1%, 10ms/58.6%, 20ms/79.3%, 50ms/91.7%, 100ms/95.2%
[37.051s][info][gc,marking  ] GC(17) Mark: 1 stripe(s), 2 proactive flush(es), 1 terminate flush(es), 0 completion(s), 0 continuation(s) 
[37.051s][info][gc,reloc    ] GC(17) Relocation: Successful, 71M relocated
[37.051s][info][gc,nmethod  ] GC(17) NMethods: 3098 registered, 0 unregistered
[37.051s][info][gc,metaspace] GC(17) Metaspace: 70M used, 74M capacity, 74M committed, 76M reserved
[37.051s][info][gc,ref      ] GC(17) Soft: 4675 encountered, 0 discovered, 0 enqueued
[37.051s][info][gc,ref      ] GC(17) Weak: 4727 encountered, 3670 discovered, 117 enqueued
[37.051s][info][gc,ref      ] GC(17) Final: 26 encountered, 0 discovered, 0 enqueued
[37.051s][info][gc,ref      ] GC(17) Phantom: 662 encountered, 658 discovered, 6 enqueued
[37.051s][info][gc,heap     ] GC(17)                Mark Start          Mark End        Relocate Start      Relocate End           High               Low         
[37.051s][info][gc,heap     ] GC(17)  Capacity:     1990M (100%)       1990M (100%)       1990M (100%)       1990M (100%)       1990M (100%)       1990M (100%)   
[37.051s][info][gc,heap     ] GC(17)   Reserve:       34M (2%)           34M (2%)           34M (2%)           34M (2%)           34M (2%)           34M (2%)     
[37.051s][info][gc,heap     ] GC(17)      Free:     1012M (51%)         766M (38%)        1216M (61%)        1386M (70%)        1390M (70%)         766M (38%)    
[37.051s][info][gc,heap     ] GC(17)      Used:      944M (47%)        1190M (60%)         740M (37%)         570M (29%)        1190M (60%)         566M (28%)    
[37.051s][info][gc,heap     ] GC(17)      Live:         -               242M (12%)         242M (12%)         242M (12%)            -                  -          
[37.051s][info][gc,heap     ] GC(17) Allocated:         -               246M (12%)         252M (13%)         328M (16%)            -                  -          
[37.051s][info][gc,heap     ] GC(17)   Garbage:         -               701M (35%)         245M (12%)          53M (3%)             -                  -          
[37.051s][info][gc,heap     ] GC(17) Reclaimed:         -                  -               456M (23%)         648M (33%)            -                  -          
[37.051s][info][gc          ] GC(17) Garbage Collection (Allocation Rate) 944M(47%)->570M(29%)
[37.494s][info][gc,start    ] GC(18) Garbage Collection (Allocation Rate)
[37.499s][info][gc,phases   ] GC(18) Pause Mark Start 2.415ms
[38.243s][info][gc,heap     ] Page Cache Flushed: 18M requested, 20M(1044M->1024M) flushed
[38.655s][info][gc,phases   ] GC(18) Concurrent Mark 1155.801ms
[38.657s][info][gc,phases   ] GC(18) Pause Mark End 0.278ms
[38.658s][info][gc,phases   ] GC(18) Concurrent Process Non-Strong References 1.363ms
[38.659s][info][gc,phases   ] GC(18) Concurrent Reset Relocation Set 0.572ms
[38.659s][info][gc,phases   ] GC(18) Concurrent Destroy Detached Pages 0.002ms
[38.660s][info][gc,phases   ] GC(18) Concurrent Select Relocation Set 1.602ms
[38.669s][info][gc,phases   ] GC(18) Concurrent Prepare Relocation Set 8.666ms
[38.673s][info][gc,phases   ] GC(18) Pause Relocate Start 2.062ms
[38.891s][info][gc,phases   ] GC(18) Concurrent Relocate 213.644ms
[38.891s][info][gc,load     ] GC(18) Load: 1.87/1.62/0.97
[38.891s][info][gc,mmu      ] GC(18) MMU: 2ms/0.0%, 5ms/17.1%, 10ms/58.6%, 20ms/79.3%, 50ms/91.7%, 100ms/95.2%
[38.891s][info][gc,marking  ] GC(18) Mark: 1 stripe(s), 2 proactive flush(es), 1 terminate flush(es), 0 completion(s), 0 continuation(s) 
[38.891s][info][gc,reloc    ] GC(18) Relocation: Successful, 58M relocated
[38.891s][info][gc,nmethod  ] GC(18) NMethods: 3100 registered, 0 unregistered
[38.891s][info][gc,metaspace] GC(18) Metaspace: 70M used, 74M capacity, 74M committed, 76M reserved
[38.891s][info][gc,ref      ] GC(18) Soft: 4675 encountered, 0 discovered, 0 enqueued
[38.891s][info][gc,ref      ] GC(18) Weak: 4619 encountered, 3564 discovered, 47 enqueued
[38.891s][info][gc,ref      ] GC(18) Final: 26 encountered, 0 discovered, 0 enqueued
[38.891s][info][gc,ref      ] GC(18) Phantom: 656 encountered, 652 discovered, 0 enqueued
[38.891s][info][gc,heap     ] GC(18)                Mark Start          Mark End        Relocate Start      Relocate End           High               Low         
[38.891s][info][gc,heap     ] GC(18)  Capacity:     1990M (100%)       1990M (100%)       1990M (100%)       1990M (100%)       1990M (100%)       1990M (100%)   
[38.891s][info][gc,heap     ] GC(18)   Reserve:       34M (2%)           34M (2%)           34M (2%)           34M (2%)           34M (2%)           34M (2%)     
[38.891s][info][gc,heap     ] GC(18)      Free:     1184M (59%)        1026M (52%)        1064M (53%)        1482M (74%)        1482M (74%)        1026M (52%)    
[38.891s][info][gc,heap     ] GC(18)      Used:      772M (39%)         930M (47%)         892M (45%)         474M (24%)         930M (47%)         474M (24%)    
[38.891s][info][gc,heap     ] GC(18)      Live:         -               275M (14%)         275M (14%)         275M (14%)            -                  -          
[38.891s][info][gc,heap     ] GC(18) Allocated:         -               158M (8%)          158M (8%)          190M (10%)            -                  -          
[38.891s][info][gc,heap     ] GC(18)   Garbage:         -               496M (25%)         458M (23%)          40M (2%)             -                  -          
[38.891s][info][gc,heap     ] GC(18) Reclaimed:         -                  -                38M (2%)          456M (23%)            -                  -          
[38.891s][info][gc          ] GC(18) Garbage Collection (Allocation Rate) 772M(39%)->474M(24%)
[39.528s][info][gc,heap     ] Page Cache Flushed: 8M requested, 12M(1314M->1302M) flushed
[39.794s][info][gc,start    ] GC(19) Garbage Collection (Allocation Rate)
[39.798s][info][gc,phases   ] GC(19) Pause Mark Start 2.433ms
[39.926s][info][gc,heap     ] Page Cache Flushed: 2M requested, 32M(1174M->1142M) flushed
[40.094s][info][gc,stats    ] === Garbage Collection Statistics =======================================================================================================================
[40.094s][info][gc,stats    ]                                                              Last 10s              Last 10m              Last 10h                Total
[40.094s][info][gc,stats    ]                                                              Avg / Max             Avg / Max             Avg / Max             Avg / Max
[40.094s][info][gc,stats    ]   Collector: Garbage Collection Cycle                   1253.747 / 1508.608    618.563 / 1604.634    618.563 / 1604.634    618.563 / 1604.634    ms
[40.094s][info][gc,stats    ]  Contention: Mark Segment Reset Contention                     0 / 0                 0 / 0                 0 / 0                 0 / 0           ops/s
[40.094s][info][gc,stats    ]  Contention: Mark SeqNum Reset Contention                      0 / 0                 0 / 0                 0 / 0                 0 / 0           ops/s
[40.094s][info][gc,stats    ]  Contention: Relocation Contention                             0 / 2                 0 / 2                 0 / 2                 0 / 2           ops/s
[40.094s][info][gc,stats    ]    Critical: Allocation Stall                              0.000 / 0.000         0.000 / 0.000         0.000 / 0.000         0.000 / 0.000       ms
[40.094s][info][gc,stats    ]    Critical: Allocation Stall                                  0 / 0                 0 / 0                 0 / 0                 0 / 0           ops/s
[40.094s][info][gc,stats    ]    Critical: GC Locker Stall                               0.000 / 0.000         0.000 / 0.000         0.000 / 0.000         0.000 / 0.000       ms
[40.094s][info][gc,stats    ]    Critical: GC Locker Stall                                   0 / 0                 0 / 0                 0 / 0                 0 / 0           ops/s
[40.094s][info][gc,stats    ]      Memory: Allocation Rate                                 250 / 374             323 / 1282            323 / 1282            323 / 1282        MB/s
[40.094s][info][gc,stats    ]      Memory: Heap Used After Mark                           1095 / 1238            897 / 1920            897 / 1920            897 / 1920        MB
[40.094s][info][gc,stats    ]      Memory: Heap Used After Relocation                      527 / 578             282 / 826             282 / 826             282 / 826         MB
[40.094s][info][gc,stats    ]      Memory: Heap Used Before Mark                           852 / 1016            793 / 1828            793 / 1828            793 / 1828        MB
[40.094s][info][gc,stats    ]      Memory: Heap Used Before Relocation                     841 / 1002            429 / 1002            429 / 1002            429 / 1002        MB
[40.094s][info][gc,stats    ]      Memory: Out Of Memory                                     0 / 0                 0 / 0                 0 / 0                 0 / 0           ops/s
[40.094s][info][gc,stats    ]      Memory: Page Cache Flush                                 11 / 44                2 / 44                2 / 44                2 / 44          MB/s
[40.094s][info][gc,stats    ]      Memory: Page Cache Hit L1                               121 / 195             137 / 642             137 / 642             137 / 642         ops/s
[40.094s][info][gc,stats    ]      Memory: Page Cache Hit L2                                 0 / 0                 0 / 0                 0 / 0                 0 / 0           ops/s
[40.094s][info][gc,stats    ]      Memory: Page Cache Miss                                   0 / 2                22 / 223              22 / 223              22 / 223         ops/s
[40.094s][info][gc,stats    ]      Memory: Undo Object Allocation Failed                     0 / 0                 0 / 0                 0 / 0                 0 / 0           ops/s
[40.094s][info][gc,stats    ]      Memory: Undo Object Allocation Succeeded                  0 / 2                 0 / 2                 0 / 2                 0 / 2           ops/s
[40.094s][info][gc,stats    ]      Memory: Undo Page Allocation                              0 / 0                 0 / 0                 0 / 0                 0 / 0           ops/s
[40.094s][info][gc,stats    ]       Phase: Concurrent Destroy Detached Pages             0.002 / 0.003         0.001 / 0.003         0.001 / 0.003         0.001 / 0.003       ms
[40.094s][info][gc,stats    ]       Phase: Concurrent Mark                             997.557 / 1160.619    484.992 / 1560.269    484.992 / 1560.269    484.992 / 1560.269    ms
[40.094s][info][gc,stats    ]       Phase: Concurrent Mark Continue                      0.000 / 0.000         0.000 / 0.000         0.000 / 0.000         0.000 / 0.000       ms
[40.094s][info][gc,stats    ]       Phase: Concurrent Prepare Relocation Set            13.199 / 19.676        8.430 / 63.748        8.430 / 63.748        8.430 / 63.748      ms
[40.094s][info][gc,stats    ]       Phase: Concurrent Process Non-Strong References      1.406 / 1.576         1.518 / 4.591         1.518 / 4.591         1.518 / 4.591       ms
[40.094s][info][gc,stats    ]       Phase: Concurrent Relocate                         223.324 / 308.847     109.813 / 393.686     109.813 / 393.686     109.813 / 393.686     ms
[40.094s][info][gc,stats    ]       Phase: Concurrent Reset Relocation Set               0.838 / 1.076         0.294 / 1.076         0.294 / 1.076         0.294 / 1.076       ms
[40.094s][info][gc,stats    ]       Phase: Concurrent Select Relocation Set              1.581 / 1.612         1.642 / 2.715         1.642 / 2.715         1.642 / 2.715       ms
[40.094s][info][gc,stats    ]       Phase: Pause Mark End                                0.221 / 0.278         0.211 / 0.367         0.211 / 0.367         0.211 / 0.367       ms
[40.094s][info][gc,stats    ]       Phase: Pause Mark Start                              2.433 / 2.474         2.113 / 4.144         2.113 / 4.144         2.113 / 4.144       ms
[40.094s][info][gc,stats    ]       Phase: Pause Relocate Start                          2.055 / 2.146         1.787 / 2.353         1.787 / 2.353         1.787 / 2.353       ms
[40.094s][info][gc,stats    ]    Subphase: Concurrent Mark                             997.532 / 1160.592    484.552 / 1560.247    484.552 / 1560.247    484.552 / 1560.247    ms
[40.094s][info][gc,stats    ]    Subphase: Concurrent Mark Idle                          0.000 / 0.000         0.000 / 0.000         0.000 / 0.000         0.000 / 0.000       ms
[40.094s][info][gc,stats    ]    Subphase: Concurrent Mark Try Flush                     1.481 / 6.602         1.678 / 8.788         1.678 / 8.788         1.678 / 8.788       ms
[40.094s][info][gc,stats    ]    Subphase: Concurrent Mark Try Terminate                 0.501 / 1.039         0.445 / 1.039         0.445 / 1.039         0.445 / 1.039       ms
[40.094s][info][gc,stats    ]    Subphase: Concurrent References Enqueue                 0.003 / 0.004         0.002 / 0.004         0.002 / 0.004         0.002 / 0.004       ms
[40.094s][info][gc,stats    ]    Subphase: Concurrent References Process                 0.686 / 0.855         0.565 / 0.855         0.565 / 0.855         0.565 / 0.855       ms
[40.094s][info][gc,stats    ]    Subphase: Concurrent Weak Roots                         0.710 / 0.726         0.762 / 1.256         0.762 / 1.256         0.762 / 1.256       ms
[40.094s][info][gc,stats    ]    Subphase: Concurrent Weak Roots JNIWeakHandles          0.000 / 0.000         0.000 / 0.000         0.000 / 0.000         0.000 / 0.000       ms
[40.094s][info][gc,stats    ]    Subphase: Concurrent Weak Roots StringTable             0.537 / 0.545         0.577 / 1.046         0.577 / 1.046         0.577 / 1.046       ms
[40.094s][info][gc,stats    ]    Subphase: Concurrent Weak Roots VMWeakHandles           0.172 / 0.180         0.185 / 0.292         0.185 / 0.292         0.185 / 0.292       ms
[40.094s][info][gc,stats    ]    Subphase: Pause Mark Try Complete                       0.000 / 0.000         0.001 / 0.001         0.001 / 0.001         0.001 / 0.001       ms
[40.094s][info][gc,stats    ]    Subphase: Pause Remap TLABS                             0.001 / 0.001         0.001 / 0.002         0.001 / 0.002         0.001 / 0.002       ms
[40.094s][info][gc,stats    ]    Subphase: Pause Retire TLABS                            0.012 / 0.014         0.011 / 0.022         0.011 / 0.022         0.011 / 0.022       ms
[40.094s][info][gc,stats    ]    Subphase: Pause Roots                                   1.436 / 2.194         1.226 / 3.808         1.226 / 3.808         1.226 / 3.808       ms
[40.094s][info][gc,stats    ]    Subphase: Pause Roots ClassLoaderDataGraph              0.608 / 0.719         0.610 / 1.672         0.610 / 1.672         0.610 / 1.672       ms
[40.094s][info][gc,stats    ]    Subphase: Pause Roots CodeCache                         1.122 / 1.213         0.813 / 1.479         0.813 / 1.479         0.813 / 1.479       ms
[40.094s][info][gc,stats    ]    Subphase: Pause Roots JNIHandles                        0.002 / 0.005         0.001 / 0.005         0.001 / 0.005         0.001 / 0.005       ms
[40.094s][info][gc,stats    ]    Subphase: Pause Roots JNIWeakHandles                    0.000 / 0.000         0.000 / 0.000         0.000 / 0.000         0.000 / 0.000       ms
[40.094s][info][gc,stats    ]    Subphase: Pause Roots JRFWeak                           0.000 / 0.000         0.000 / 0.000         0.000 / 0.000         0.000 / 0.000       ms
[40.094s][info][gc,stats    ]    Subphase: Pause Roots JVMTIExport                       0.000 / 0.001         0.000 / 0.001         0.000 / 0.001         0.000 / 0.001       ms
[40.094s][info][gc,stats    ]    Subphase: Pause Roots JVMTIWeakExport                   0.001 / 0.001         0.001 / 0.001         0.001 / 0.001         0.001 / 0.001       ms
[40.094s][info][gc,stats    ]    Subphase: Pause Roots Management                        0.001 / 0.001         0.010 / 0.337         0.010 / 0.337         0.010 / 0.337       ms
[40.094s][info][gc,stats    ]    Subphase: Pause Roots ObjectSynchronizer                0.000 / 0.001         0.000 / 0.001         0.000 / 0.001         0.000 / 0.001       ms
[40.094s][info][gc,stats    ]    Subphase: Pause Roots Setup                             0.168 / 0.256         0.129 / 0.275         0.129 / 0.275         0.129 / 0.275       ms
[40.094s][info][gc,stats    ]    Subphase: Pause Roots StringTable                       0.000 / 0.000         0.000 / 0.000         0.000 / 0.000         0.000 / 0.000       ms
[40.094s][info][gc,stats    ]    Subphase: Pause Roots SystemDictionary                  0.011 / 0.012         0.013 / 0.026         0.013 / 0.026         0.013 / 0.026       ms
[40.094s][info][gc,stats    ]    Subphase: Pause Roots Teardown                          0.001 / 0.001         0.001 / 0.002         0.001 / 0.002         0.001 / 0.002       ms
[40.094s][info][gc,stats    ]    Subphase: Pause Roots Threads                           0.224 / 0.316         0.249 / 0.956         0.249 / 0.956         0.249 / 0.956       ms
[40.094s][info][gc,stats    ]    Subphase: Pause Roots Universe                          0.004 / 0.018         0.003 / 0.020         0.003 / 0.020         0.003 / 0.020       ms
[40.094s][info][gc,stats    ]    Subphase: Pause Roots VMWeakHandles                     0.000 / 0.000         0.000 / 0.000         0.000 / 0.000         0.000 / 0.000       ms
[40.094s][info][gc,stats    ]    Subphase: Pause Weak Roots                              0.001 / 0.001         0.001 / 0.005         0.001 / 0.005         0.001 / 0.005       ms
[40.094s][info][gc,stats    ]    Subphase: Pause Weak Roots JFRWeak                      0.000 / 0.001         0.000 / 0.001         0.000 / 0.001         0.000 / 0.001       ms
[40.094s][info][gc,stats    ]    Subphase: Pause Weak Roots JNIWeakHandles               0.000 / 0.000         0.000 / 0.000         0.000 / 0.000         0.000 / 0.000       ms
[40.094s][info][gc,stats    ]    Subphase: Pause Weak Roots JVMTIWeakExport              0.000 / 0.000         0.001 / 0.005         0.001 / 0.005         0.001 / 0.005       ms
[40.094s][info][gc,stats    ]    Subphase: Pause Weak Roots Setup                        0.000 / 0.000         0.000 / 0.000         0.000 / 0.000         0.000 / 0.000       ms
[40.094s][info][gc,stats    ]    Subphase: Pause Weak Roots StringTable                  0.000 / 0.000         0.000 / 0.000         0.000 / 0.000         0.000 / 0.000       ms
[40.094s][info][gc,stats    ]    Subphase: Pause Weak Roots SymbolTable                  0.000 / 0.000         0.000 / 0.000         0.000 / 0.000         0.000 / 0.000       ms
[40.094s][info][gc,stats    ]    Subphase: Pause Weak Roots Teardown                     0.000 / 0.000         0.000 / 0.001         0.000 / 0.001         0.000 / 0.001       ms
[40.094s][info][gc,stats    ]    Subphase: Pause Weak Roots VMWeakHandles                0.000 / 0.000         0.000 / 0.000         0.000 / 0.000         0.000 / 0.000       ms
[40.094s][info][gc,stats    ]      System: Java Threads                                     59 / 63               48 / 63               48 / 63               48 / 63          threads
[40.094s][info][gc,stats    ] =========================================================================================================================================================
[40.587s][info][gc,phases   ] GC(19) Concurrent Mark 788.801ms
[40.589s][info][gc,phases   ] GC(19) Pause Mark End 0.202ms
[40.591s][info][gc,phases   ] GC(19) Concurrent Process Non-Strong References 1.338ms
[40.591s][info][gc,phases   ] GC(19) Concurrent Reset Relocation Set 0.638ms
[40.591s][info][gc,phases   ] GC(19) Concurrent Destroy Detached Pages 0.003ms
[40.593s][info][gc,phases   ] GC(19) Concurrent Select Relocation Set 1.579ms
[40.602s][info][gc,phases   ] GC(19) Concurrent Prepare Relocation Set 8.517ms
[40.606s][info][gc,phases   ] GC(19) Pause Relocate Start 2.067ms
[40.778s][info][gc,phases   ] GC(19) Concurrent Relocate 165.734ms
[40.778s][info][gc,load     ] GC(19) Load: 1.87/1.62/0.97
[40.778s][info][gc,mmu      ] GC(19) MMU: 2ms/0.0%, 5ms/17.1%, 10ms/58.6%, 20ms/79.3%, 50ms/91.7%, 100ms/95.2%
[40.778s][info][gc,marking  ] GC(19) Mark: 1 stripe(s), 2 proactive flush(es), 1 terminate flush(es), 0 completion(s), 0 continuation(s) 
[40.778s][info][gc,reloc    ] GC(19) Relocation: Successful, 69M relocated
[40.778s][info][gc,nmethod  ] GC(19) NMethods: 3147 registered, 0 unregistered
[40.778s][info][gc,metaspace] GC(19) Metaspace: 70M used, 74M capacity, 74M committed, 76M reserved
[40.778s][info][gc,ref      ] GC(19) Soft: 4676 encountered, 0 discovered, 0 enqueued
[40.778s][info][gc,ref      ] GC(19) Weak: 4539 encountered, 3483 discovered, 26 enqueued
[40.778s][info][gc,ref      ] GC(19) Final: 26 encountered, 0 discovered, 0 enqueued
[40.778s][info][gc,ref      ] GC(19) Phantom: 657 encountered, 653 discovered, 1 enqueued
[40.778s][info][gc,heap     ] GC(19)                Mark Start          Mark End        Relocate Start      Relocate End           High               Low         
[40.778s][info][gc,heap     ] GC(19)  Capacity:     1990M (100%)       1990M (100%)       1990M (100%)       1990M (100%)       1990M (100%)       1990M (100%)   
[40.778s][info][gc,heap     ] GC(19)   Reserve:       34M (2%)           34M (2%)           34M (2%)           34M (2%)           34M (2%)           34M (2%)     
[40.778s][info][gc,heap     ] GC(19)      Free:     1210M (61%)        1008M (51%)        1240M (62%)        1436M (72%)        1438M (72%)        1008M (51%)    
[40.778s][info][gc,heap     ] GC(19)      Used:      746M (37%)         948M (48%)         716M (36%)         520M (26%)         948M (48%)         518M (26%)    
[40.778s][info][gc,heap     ] GC(19)      Live:         -               244M (12%)         244M (12%)         244M (12%)            -                  -          
[40.778s][info][gc,heap     ] GC(19) Allocated:         -               202M (10%)         204M (10%)         310M (16%)            -                  -          
[40.778s][info][gc,heap     ] GC(19)   Garbage:         -               501M (25%)         267M (13%)          61M (3%)             -                  -          
[40.778s][info][gc,heap     ] GC(19) Reclaimed:         -                  -               234M (12%)         440M (22%)            -                  -          
[40.778s][info][gc          ] GC(19) Garbage Collection (Allocation Rate) 746M(37%)->520M(26%)
[41.293s][info][gc,start    ] GC(20) Garbage Collection (Allocation Rate)
[41.298s][info][gc,phases   ] GC(20) Pause Mark Start 2.437ms
[42.594s][info][gc,phases   ] GC(20) Concurrent Mark 1296.160ms
[42.597s][info][gc,phases   ] GC(20) Pause Mark End 0.243ms
[42.598s][info][gc,phases   ] GC(20) Concurrent Process Non-Strong References 1.339ms
[42.599s][info][gc,phases   ] GC(20) Concurrent Reset Relocation Set 0.579ms
[42.599s][info][gc,phases   ] GC(20) Concurrent Destroy Detached Pages 0.000ms
[42.600s][info][gc,phases   ] GC(20) Concurrent Select Relocation Set 1.603ms
[42.610s][info][gc,phases   ] GC(20) Concurrent Prepare Relocation Set 9.776ms
[42.614s][info][gc,phases   ] GC(20) Pause Relocate Start 2.014ms
[42.801s][info][gc,phases   ] GC(20) Concurrent Relocate 180.292ms
[42.801s][info][gc,load     ] GC(20) Load: 1.88/1.62/0.98
[42.801s][info][gc,mmu      ] GC(20) MMU: 2ms/0.0%, 5ms/17.1%, 10ms/58.6%, 20ms/79.3%, 50ms/91.7%, 100ms/95.2%
[42.801s][info][gc,marking  ] GC(20) Mark: 1 stripe(s), 2 proactive flush(es), 1 terminate flush(es), 0 completion(s), 0 continuation(s) 
[42.801s][info][gc,reloc    ] GC(20) Relocation: Successful, 56M relocated
[42.801s][info][gc,nmethod  ] GC(20) NMethods: 3149 registered, 0 unregistered
[42.801s][info][gc,metaspace] GC(20) Metaspace: 70M used, 74M capacity, 74M committed, 76M reserved
[42.801s][info][gc,ref      ] GC(20) Soft: 4676 encountered, 0 discovered, 0 enqueued
[42.801s][info][gc,ref      ] GC(20) Weak: 4513 encountered, 3457 discovered, 0 enqueued
[42.801s][info][gc,ref      ] GC(20) Final: 26 encountered, 0 discovered, 0 enqueued
[42.801s][info][gc,ref      ] GC(20) Phantom: 656 encountered, 652 discovered, 0 enqueued
[42.801s][info][gc,heap     ] GC(20)                Mark Start          Mark End        Relocate Start      Relocate End           High               Low         
[42.801s][info][gc,heap     ] GC(20)  Capacity:     1990M (100%)       1990M (100%)       1990M (100%)       1990M (100%)       1990M (100%)       1990M (100%)   
[42.801s][info][gc,heap     ] GC(20)   Reserve:       34M (2%)           34M (2%)           34M (2%)           34M (2%)           34M (2%)           34M (2%)     
[42.801s][info][gc,heap     ] GC(20)      Free:     1176M (59%)        1066M (54%)        1072M (54%)        1508M (76%)        1508M (76%)        1066M (54%)    
[42.801s][info][gc,heap     ] GC(20)      Used:      780M (39%)         890M (45%)         884M (44%)         448M (23%)         890M (45%)         448M (23%)    
[42.801s][info][gc,heap     ] GC(20)      Live:         -               294M (15%)         294M (15%)         294M (15%)            -                  -          
[42.801s][info][gc,heap     ] GC(20) Allocated:         -               110M (6%)          110M (6%)          148M (7%)             -                  -          
[42.801s][info][gc,heap     ] GC(20)   Garbage:         -               485M (24%)         479M (24%)          41M (2%)             -                  -          
[42.801s][info][gc,heap     ] GC(20) Reclaimed:         -                  -                 6M (0%)          444M (22%)            -                  -          
[42.801s][info][gc          ] GC(20) Garbage Collection (Allocation Rate) 780M(39%)->448M(23%)
[43.493s][info][gc,start    ] GC(21) Garbage Collection (Allocation Rate)
[43.499s][info][gc,phases   ] GC(21) Pause Mark Start 2.451ms
[44.300s][info][gc,phases   ] GC(21) Concurrent Mark 800.740ms
[44.302s][info][gc,phases   ] GC(21) Pause Mark End 0.203ms
[44.303s][info][gc,phases   ] GC(21) Concurrent Process Non-Strong References 1.365ms
[44.304s][info][gc,phases   ] GC(21) Concurrent Reset Relocation Set 0.652ms
[44.304s][info][gc,phases   ] GC(21) Concurrent Destroy Detached Pages 0.000ms
[44.306s][info][gc,phases   ] GC(21) Concurrent Select Relocation Set 1.597ms
[44.314s][info][gc,phases   ] GC(21) Concurrent Prepare Relocation Set 8.366ms
[44.318s][info][gc,phases   ] GC(21) Pause Relocate Start 2.150ms
[44.480s][info][gc,phases   ] GC(21) Concurrent Relocate 161.707ms
[44.480s][info][gc,load     ] GC(21) Load: 1.88/1.62/0.98
[44.480s][info][gc,mmu      ] GC(21) MMU: 2ms/0.0%, 5ms/17.1%, 10ms/58.6%, 20ms/79.3%, 50ms/91.7%, 100ms/95.2%
[44.480s][info][gc,marking  ] GC(21) Mark: 1 stripe(s), 2 proactive flush(es), 1 terminate flush(es), 0 completion(s), 0 continuation(s) 
[44.480s][info][gc,reloc    ] GC(21) Relocation: Successful, 67M relocated
[44.480s][info][gc,nmethod  ] GC(21) NMethods: 3186 registered, 0 unregistered
[44.480s][info][gc,metaspace] GC(21) Metaspace: 70M used, 74M capacity, 74M committed, 76M reserved
[44.480s][info][gc,ref      ] GC(21) Soft: 4687 encountered, 0 discovered, 0 enqueued
[44.480s][info][gc,ref      ] GC(21) Weak: 4720 encountered, 3665 discovered, 103 enqueued
[44.480s][info][gc,ref      ] GC(21) Final: 26 encountered, 0 discovered, 0 enqueued
[44.480s][info][gc,ref      ] GC(21) Phantom: 656 encountered, 652 discovered, 0 enqueued
[44.480s][info][gc,heap     ] GC(21)                Mark Start          Mark End        Relocate Start      Relocate End           High               Low         
[44.480s][info][gc,heap     ] GC(21)  Capacity:     1990M (100%)       1990M (100%)       1990M (100%)       1990M (100%)       1990M (100%)       1990M (100%)   
[44.480s][info][gc,heap     ] GC(21)   Reserve:       34M (2%)           34M (2%)           34M (2%)           34M (2%)           34M (2%)           34M (2%)     
[44.480s][info][gc,heap     ] GC(21)      Free:     1232M (62%)        1034M (52%)        1232M (62%)        1442M (72%)        1442M (72%)        1034M (52%)    
[44.480s][info][gc,heap     ] GC(21)      Used:      724M (36%)         922M (46%)         724M (36%)         514M (26%)         922M (46%)         514M (26%)    
[44.480s][info][gc,heap     ] GC(21)      Live:         -               245M (12%)         245M (12%)         245M (12%)            -                  -          
[44.480s][info][gc,heap     ] GC(21) Allocated:         -               198M (10%)         200M (10%)         298M (15%)            -                  -          
[44.480s][info][gc,heap     ] GC(21)   Garbage:         -               478M (24%)         278M (14%)          58M (3%)             -                  -          
[44.480s][info][gc,heap     ] GC(21) Reclaimed:         -                  -               200M (10%)         420M (21%)            -                  -          
[44.480s][info][gc          ] GC(21) Garbage Collection (Allocation Rate) 724M(36%)->514M(26%)
[44.993s][info][gc,start    ] GC(22) Garbage Collection (Allocation Rate)
[44.998s][info][gc,phases   ] GC(22) Pause Mark Start 2.454ms
[46.132s][info][gc,phases   ] GC(22) Concurrent Mark 1133.748ms
[46.134s][info][gc,phases   ] GC(22) Pause Mark End 0.205ms
[46.135s][info][gc,phases   ] GC(22) Concurrent Process Non-Strong References 1.337ms
[46.136s][info][gc,phases   ] GC(22) Concurrent Reset Relocation Set 0.536ms
[46.136s][info][gc,phases   ] GC(22) Concurrent Destroy Detached Pages 0.001ms
[46.138s][info][gc,phases   ] GC(22) Concurrent Select Relocation Set 1.580ms
[46.146s][info][gc,phases   ] GC(22) Concurrent Prepare Relocation Set 8.281ms
[46.150s][info][gc,phases   ] GC(22) Pause Relocate Start 2.094ms
[46.339s][info][gc,phases   ] GC(22) Concurrent Relocate 189.370ms
[46.340s][info][gc,load     ] GC(22) Load: 1.88/1.62/0.98
[46.340s][info][gc,mmu      ] GC(22) MMU: 2ms/0.0%, 5ms/17.1%, 10ms/58.6%, 20ms/79.3%, 50ms/91.7%, 100ms/95.2%
[46.340s][info][gc,marking  ] GC(22) Mark: 1 stripe(s), 2 proactive flush(es), 1 terminate flush(es), 0 completion(s), 0 continuation(s) 
[46.340s][info][gc,reloc    ] GC(22) Relocation: Successful, 56M relocated
[46.340s][info][gc,nmethod  ] GC(22) NMethods: 3201 registered, 0 unregistered
[46.340s][info][gc,metaspace] GC(22) Metaspace: 70M used, 74M capacity, 74M committed, 76M reserved
[46.340s][info][gc,ref      ] GC(22) Soft: 4687 encountered, 0 discovered, 0 enqueued
[46.340s][info][gc,ref      ] GC(22) Weak: 4617 encountered, 3583 discovered, 0 enqueued
[46.340s][info][gc,ref      ] GC(22) Final: 26 encountered, 0 discovered, 0 enqueued
[46.340s][info][gc,ref      ] GC(22) Phantom: 656 encountered, 652 discovered, 0 enqueued
[46.340s][info][gc,heap     ] GC(22)                Mark Start          Mark End        Relocate Start      Relocate End           High               Low         
[46.340s][info][gc,heap     ] GC(22)  Capacity:     1990M (100%)       1990M (100%)       1990M (100%)       1990M (100%)       1990M (100%)       1990M (100%)   
[46.340s][info][gc,heap     ] GC(22)   Reserve:       34M (2%)           34M (2%)           34M (2%)           34M (2%)           34M (2%)           34M (2%)     
[46.340s][info][gc,heap     ] GC(22)      Free:     1224M (62%)        1076M (54%)        1082M (54%)        1490M (75%)        1490M (75%)        1076M (54%)    
[46.340s][info][gc,heap     ] GC(22)      Used:      732M (37%)         880M (44%)         874M (44%)         466M (23%)         880M (44%)         466M (23%)    
[46.340s][info][gc,heap     ] GC(22)      Live:         -               275M (14%)         275M (14%)         275M (14%)            -                  -          
[46.340s][info][gc,heap     ] GC(22) Allocated:         -               148M (7%)          148M (7%)          176M (9%)             -                  -          
[46.340s][info][gc,heap     ] GC(22)   Garbage:         -               456M (23%)         450M (23%)          42M (2%)             -                  -          
[46.340s][info][gc,heap     ] GC(22) Reclaimed:         -                  -                 6M (0%)          414M (21%)            -                  -          
[46.340s][info][gc          ] GC(22) Garbage Collection (Allocation Rate) 732M(37%)->466M(23%)
[47.241s][info][gc,heap     ] Page Cache Flushed: 6M requested, 10M(1260M->1250M) flushed
[47.293s][info][gc,start    ] GC(23) Garbage Collection (Allocation Rate)
[47.298s][info][gc,phases   ] GC(23) Pause Mark Start 2.570ms
[47.408s][info][gc,heap     ] Page Cache Flushed: 10M requested, 32M(1226M->1194M) flushed
[47.650s][info][gc,heap     ] Page Cache Flushed: 18M requested, 18M(1158M->1140M) flushed
[47.850s][info][gc,heap     ] Page Cache Flushed: 6M requested, 6M(1132M->1126M) flushed
[48.076s][info][gc,heap     ] Page Cache Flushed: 6M requested, 6M(1100M->1094M) flushed
[48.211s][info][gc,phases   ] GC(23) Concurrent Mark 913.009ms
[48.217s][info][gc,phases   ] GC(23) Pause Mark End 0.369ms
[48.222s][info][gc,phases   ] GC(23) Concurrent Process Non-Strong References 5.637ms
[48.223s][info][gc,phases   ] GC(23) Concurrent Reset Relocation Set 0.580ms
[48.223s][info][gc,phases   ] GC(23) Concurrent Destroy Detached Pages 0.007ms
[48.225s][info][gc,phases   ] GC(23) Concurrent Select Relocation Set 1.557ms
[48.228s][info][gc,phases   ] GC(23) Concurrent Prepare Relocation Set 3.841ms
[48.236s][info][gc,phases   ] GC(23) Pause Relocate Start 2.186ms
[48.366s][info][gc,phases   ] GC(23) Concurrent Relocate 124.299ms
[48.366s][info][gc,load     ] GC(23) Load: 1.89/1.63/0.98
[48.366s][info][gc,mmu      ] GC(23) MMU: 2ms/0.0%, 5ms/17.1%, 10ms/58.6%, 20ms/79.3%, 50ms/91.7%, 100ms/95.2%
[48.366s][info][gc,marking  ] GC(23) Mark: 1 stripe(s), 2 proactive flush(es), 1 terminate flush(es), 0 completion(s), 0 continuation(s) 
[48.366s][info][gc,reloc    ] GC(23) Relocation: Successful, 29M relocated
[48.366s][info][gc,nmethod  ] GC(23) NMethods: 3367 registered, 0 unregistered
[48.366s][info][gc,metaspace] GC(23) Metaspace: 71M used, 75M capacity, 75M committed, 76M reserved
[48.366s][info][gc,ref      ] GC(23) Soft: 4699 encountered, 0 discovered, 0 enqueued
[48.366s][info][gc,ref      ] GC(23) Weak: 4756 encountered, 3803 discovered, 12 enqueued
[48.366s][info][gc,ref      ] GC(23) Final: 26 encountered, 0 discovered, 0 enqueued
[48.366s][info][gc,ref      ] GC(23) Phantom: 662 encountered, 658 discovered, 5 enqueued
[48.366s][info][gc,heap     ] GC(23)                Mark Start          Mark End        Relocate Start      Relocate End           High               Low         
[48.366s][info][gc,heap     ] GC(23)  Capacity:     1990M (100%)       1990M (100%)       1990M (100%)       1990M (100%)       1990M (100%)       1990M (100%)   
[48.366s][info][gc,heap     ] GC(23)   Reserve:       34M (2%)           34M (2%)           34M (2%)           34M (2%)           34M (2%)           34M (2%)     
[48.366s][info][gc,heap     ] GC(23)      Free:     1230M (62%)        1084M (54%)        1496M (75%)        1562M (78%)        1562M (78%)        1084M (54%)    
[48.366s][info][gc,heap     ] GC(23)      Used:      726M (36%)         872M (44%)         460M (23%)         394M (20%)         872M (44%)         394M (20%)    
[48.366s][info][gc,heap     ] GC(23)      Live:         -               203M (10%)         203M (10%)         203M (10%)            -                  -          
[48.366s][info][gc,heap     ] GC(23) Allocated:         -               146M (7%)          148M (7%)          172M (9%)             -                  -          
[48.366s][info][gc,heap     ] GC(23)   Garbage:         -               522M (26%)         108M (5%)           32M (2%)             -                  -          
[48.366s][info][gc,heap     ] GC(23) Reclaimed:         -                  -               414M (21%)         490M (25%)            -                  -          
[48.366s][info][gc          ] GC(23) Garbage Collection (Allocation Rate) 726M(36%)->394M(20%)
[49.366s][info][gc,heap     ] Page Cache Flushed: 6M requested, 10M(1252M->1242M) flushed
[49.644s][info][gc,heap     ] Page Cache Flushed: 6M requested, 18M(1220M->1202M) flushed
[50.093s][info][gc,stats    ] === Garbage Collection Statistics =======================================================================================================================
[50.093s][info][gc,stats    ]                                                              Last 10s              Last 10m              Last 10h                Total
[50.093s][info][gc,stats    ]                                                              Avg / Max             Avg / Max             Avg / Max             Avg / Max
[50.093s][info][gc,stats    ]   Collector: Garbage Collection Cycle                   1179.575 / 1507.613    735.440 / 1604.634    735.440 / 1604.634    735.440 / 1604.634    ms
[50.093s][info][gc,stats    ]  Contention: Mark Segment Reset Contention                     0 / 0                 0 / 0                 0 / 0                 0 / 0           ops/s
[50.093s][info][gc,stats    ]  Contention: Mark SeqNum Reset Contention                      0 / 0                 0 / 0                 0 / 0                 0 / 0           ops/s
[50.093s][info][gc,stats    ]  Contention: Relocation Contention                             0 / 1                 0 / 2                 0 / 2                 0 / 2           ops/s
[50.093s][info][gc,stats    ]    Critical: Allocation Stall                              0.000 / 0.000         0.000 / 0.000         0.000 / 0.000         0.000 / 0.000       ms
[50.093s][info][gc,stats    ]    Critical: Allocation Stall                                  0 / 0                 0 / 0                 0 / 0                 0 / 0           ops/s
[50.093s][info][gc,stats    ]    Critical: GC Locker Stall                               0.000 / 0.000         0.000 / 0.000         0.000 / 0.000         0.000 / 0.000       ms
[50.093s][info][gc,stats    ]    Critical: GC Locker Stall                                   0 / 0                 0 / 0                 0 / 0                 0 / 0           ops/s
[50.093s][info][gc,stats    ]      Memory: Allocation Rate                                 222 / 364             303 / 1282            303 / 1282            303 / 1282        MB/s
[50.093s][info][gc,stats    ]      Memory: Heap Used After Mark                            902 / 948             898 / 1920            898 / 1920            898 / 1920        MB
[50.093s][info][gc,stats    ]      Memory: Heap Used After Relocation                      468 / 520             321 / 826             321 / 826             321 / 826         MB
[50.093s][info][gc,stats    ]      Memory: Heap Used Before Mark                           740 / 780             784 / 1828            784 / 1828            784 / 1828        MB
[50.093s][info][gc,stats    ]      Memory: Heap Used Before Relocation                     731 / 884             492 / 1002            492 / 1002            492 / 1002        MB
[50.093s][info][gc,stats    ]      Memory: Out Of Memory                                     0 / 0                 0 / 0                 0 / 0                 0 / 0           ops/s
[50.093s][info][gc,stats    ]      Memory: Page Cache Flush                                 10 / 72                4 / 72                4 / 72                4 / 72          MB/s
[50.093s][info][gc,stats    ]      Memory: Page Cache Hit L1                               104 / 180             130 / 642             130 / 642             130 / 642         ops/s
[50.093s][info][gc,stats    ]      Memory: Page Cache Hit L2                                 0 / 0                 0 / 0                 0 / 0                 0 / 0           ops/s
[50.093s][info][gc,stats    ]      Memory: Page Cache Miss                                   0 / 5                18 / 223              18 / 223              18 / 223         ops/s
[50.093s][info][gc,stats    ]      Memory: Undo Object Allocation Failed                     0 / 0                 0 / 0                 0 / 0                 0 / 0           ops/s
[50.093s][info][gc,stats    ]      Memory: Undo Object Allocation Succeeded                  0 / 1                 0 / 2                 0 / 2                 0 / 2           ops/s
[50.093s][info][gc,stats    ]      Memory: Undo Page Allocation                              0 / 0                 0 / 0                 0 / 0                 0 / 0           ops/s
[50.093s][info][gc,stats    ]       Phase: Concurrent Destroy Detached Pages             0.002 / 0.007         0.001 / 0.007         0.001 / 0.007         0.001 / 0.007       ms
[50.093s][info][gc,stats    ]       Phase: Concurrent Mark                             986.492 / 1296.160    589.471 / 1560.269    589.471 / 1560.269    589.471 / 1560.269    ms
[50.093s][info][gc,stats    ]       Phase: Concurrent Mark Continue                      0.000 / 0.000         0.000 / 0.000         0.000 / 0.000         0.000 / 0.000       ms
[50.093s][info][gc,stats    ]       Phase: Concurrent Prepare Relocation Set             7.756 / 9.776         8.290 / 63.748        8.290 / 63.748        8.290 / 63.748      ms
[50.093s][info][gc,stats    ]       Phase: Concurrent Process Non-Strong References      2.203 / 5.637         1.660 / 5.637         1.660 / 5.637         1.660 / 5.637       ms
[50.093s][info][gc,stats    ]       Phase: Concurrent Relocate                         164.280 / 189.370     121.160 / 393.686     121.160 / 393.686     121.160 / 393.686     ms
[50.093s][info][gc,stats    ]       Phase: Concurrent Reset Relocation Set               0.597 / 0.652         0.357 / 1.076         0.357 / 1.076         0.357 / 1.076       ms
[50.093s][info][gc,stats    ]       Phase: Concurrent Select Relocation Set              1.583 / 1.603         1.630 / 2.715         1.630 / 2.715         1.630 / 2.715       ms
[50.093s][info][gc,stats    ]       Phase: Pause Mark End                                0.244 / 0.369         0.218 / 0.369         0.218 / 0.369         0.218 / 0.369       ms
[50.093s][info][gc,stats    ]       Phase: Pause Mark Start                              2.478 / 2.570         2.174 / 4.144         2.174 / 4.144         2.174 / 4.144       ms
[50.093s][info][gc,stats    ]       Phase: Pause Relocate Start                          2.102 / 2.186         1.852 / 2.353         1.852 / 2.353         1.852 / 2.353       ms
[50.093s][info][gc,stats    ]    Subphase: Concurrent Mark                             986.468 / 1296.131    589.118 / 1560.247    589.118 / 1560.247    589.118 / 1560.247    ms
[50.093s][info][gc,stats    ]    Subphase: Concurrent Mark Idle                          0.000 / 0.000         0.000 / 0.000         0.000 / 0.000         0.000 / 0.000       ms
[50.093s][info][gc,stats    ]    Subphase: Concurrent Mark Try Flush                     1.729 / 8.954         1.688 / 8.954         1.688 / 8.954         1.688 / 8.954       ms
[50.093s][info][gc,stats    ]    Subphase: Concurrent Mark Try Terminate                 0.493 / 1.018         0.455 / 1.039         0.455 / 1.039         0.455 / 1.039       ms
[50.093s][info][gc,stats    ]    Subphase: Concurrent References Enqueue                 0.002 / 0.004         0.002 / 0.004         0.002 / 0.004         0.002 / 0.004       ms
[50.093s][info][gc,stats    ]    Subphase: Concurrent References Process                 1.477 / 4.886         0.755 / 4.886         0.755 / 4.886         0.755 / 4.886       ms
[50.093s][info][gc,stats    ]    Subphase: Concurrent Weak Roots                         0.717 / 0.735         0.753 / 1.256         0.753 / 1.256         0.753 / 1.256       ms
[50.093s][info][gc,stats    ]    Subphase: Concurrent Weak Roots JNIWeakHandles          0.000 / 0.001         0.000 / 0.001         0.000 / 0.001         0.000 / 0.001       ms
[50.093s][info][gc,stats    ]    Subphase: Concurrent Weak Roots StringTable             0.540 / 0.555         0.569 / 1.046         0.569 / 1.046         0.569 / 1.046       ms
[50.093s][info][gc,stats    ]    Subphase: Concurrent Weak Roots VMWeakHandles           0.176 / 0.181         0.183 / 0.292         0.183 / 0.292         0.183 / 0.292       ms
[50.093s][info][gc,stats    ]    Subphase: Pause Mark Try Complete                       0.000 / 0.000         0.001 / 0.001         0.001 / 0.001         0.001 / 0.001       ms
[50.093s][info][gc,stats    ]    Subphase: Pause Remap TLABS                             0.001 / 0.002         0.001 / 0.002         0.001 / 0.002         0.001 / 0.002       ms
[50.093s][info][gc,stats    ]    Subphase: Pause Retire TLABS                            0.012 / 0.016         0.011 / 0.022         0.011 / 0.022         0.011 / 0.022       ms
[50.093s][info][gc,stats    ]    Subphase: Pause Roots                                   1.360 / 2.294         1.252 / 3.808         1.252 / 3.808         1.252 / 3.808       ms
[50.093s][info][gc,stats    ]    Subphase: Pause Roots ClassLoaderDataGraph              0.590 / 0.719         0.606 / 1.672         0.606 / 1.672         0.606 / 1.672       ms
[50.093s][info][gc,stats    ]    Subphase: Pause Roots CodeCache                         1.146 / 1.276         0.875 / 1.479         0.875 / 1.479         0.875 / 1.479       ms
[50.093s][info][gc,stats    ]    Subphase: Pause Roots JNIHandles                        0.002 / 0.006         0.001 / 0.006         0.001 / 0.006         0.001 / 0.006       ms
[50.093s][info][gc,stats    ]    Subphase: Pause Roots JNIWeakHandles                    0.000 / 0.000         0.000 / 0.000         0.000 / 0.000         0.000 / 0.000       ms
[50.093s][info][gc,stats    ]    Subphase: Pause Roots JRFWeak                           0.000 / 0.000         0.000 / 0.000         0.000 / 0.000         0.000 / 0.000       ms
[50.093s][info][gc,stats    ]    Subphase: Pause Roots JVMTIExport                       0.000 / 0.000         0.000 / 0.001         0.000 / 0.001         0.000 / 0.001       ms
[50.093s][info][gc,stats    ]    Subphase: Pause Roots JVMTIWeakExport                   0.001 / 0.001         0.001 / 0.001         0.001 / 0.001         0.001 / 0.001       ms
[50.093s][info][gc,stats    ]    Subphase: Pause Roots Management                        0.001 / 0.002         0.008 / 0.337         0.008 / 0.337         0.008 / 0.337       ms
[50.093s][info][gc,stats    ]    Subphase: Pause Roots ObjectSynchronizer                0.000 / 0.000         0.000 / 0.001         0.000 / 0.001         0.000 / 0.001       ms
[50.093s][info][gc,stats    ]    Subphase: Pause Roots Setup                             0.157 / 0.259         0.134 / 0.275         0.134 / 0.275         0.134 / 0.275       ms
[50.093s][info][gc,stats    ]    Subphase: Pause Roots StringTable                       0.000 / 0.000         0.000 / 0.000         0.000 / 0.000         0.000 / 0.000       ms
[50.093s][info][gc,stats    ]    Subphase: Pause Roots SystemDictionary                  0.012 / 0.013         0.012 / 0.026         0.012 / 0.026         0.012 / 0.026       ms
[50.093s][info][gc,stats    ]    Subphase: Pause Roots Teardown                          0.001 / 0.002         0.001 / 0.002         0.001 / 0.002         0.001 / 0.002       ms
[50.093s][info][gc,stats    ]    Subphase: Pause Roots Threads                           0.231 / 0.343         0.245 / 0.956         0.245 / 0.956         0.245 / 0.956       ms
[50.093s][info][gc,stats    ]    Subphase: Pause Roots Universe                          0.002 / 0.003         0.003 / 0.020         0.003 / 0.020         0.003 / 0.020       ms
[50.093s][info][gc,stats    ]    Subphase: Pause Roots VMWeakHandles                     0.000 / 0.000         0.000 / 0.000         0.000 / 0.000         0.000 / 0.000       ms
[50.093s][info][gc,stats    ]    Subphase: Pause Weak Roots                              0.001 / 0.002         0.001 / 0.005         0.001 / 0.005         0.001 / 0.005       ms
[50.093s][info][gc,stats    ]    Subphase: Pause Weak Roots JFRWeak                      0.001 / 0.001         0.000 / 0.001         0.000 / 0.001         0.000 / 0.001       ms
[50.093s][info][gc,stats    ]    Subphase: Pause Weak Roots JNIWeakHandles               0.000 / 0.000         0.000 / 0.000         0.000 / 0.000         0.000 / 0.000       ms
[50.093s][info][gc,stats    ]    Subphase: Pause Weak Roots JVMTIWeakExport              0.000 / 0.001         0.001 / 0.005         0.001 / 0.005         0.001 / 0.005       ms
[50.093s][info][gc,stats    ]    Subphase: Pause Weak Roots Setup                        0.000 / 0.000         0.000 / 0.000         0.000 / 0.000         0.000 / 0.000       ms
[50.093s][info][gc,stats    ]    Subphase: Pause Weak Roots StringTable                  0.000 / 0.000         0.000 / 0.000         0.000 / 0.000         0.000 / 0.000       ms
[50.093s][info][gc,stats    ]    Subphase: Pause Weak Roots SymbolTable                  0.000 / 0.000         0.000 / 0.000         0.000 / 0.000         0.000 / 0.000       ms
[50.093s][info][gc,stats    ]    Subphase: Pause Weak Roots Teardown                     0.000 / 0.001         0.000 / 0.001         0.000 / 0.001         0.000 / 0.001       ms
[50.093s][info][gc,stats    ]    Subphase: Pause Weak Roots VMWeakHandles                0.000 / 0.000         0.000 / 0.000         0.000 / 0.000         0.000 / 0.000       ms
[50.093s][info][gc,stats    ]      System: Java Threads                                     63 / 64               51 / 64               51 / 64               51 / 64          threads
[50.093s][info][gc,stats    ] =========================================================================================================================================================
[51.143s][info][gc,heap     ] Page Cache Flushed: 4M requested, 32M(1048M->1016M) flushed
[52.894s][info][gc,start    ] GC(24) Garbage Collection (Allocation Rate)
[52.897s][info][gc,phases   ] GC(24) Pause Mark Start 2.812ms
[52.931s][info][gc,heap     ] Page Cache Flushed: 26M requested, 26M(714M->688M) flushed
[53.823s][info][gc,phases   ] GC(24) Concurrent Mark 926.111ms
[53.828s][info][gc,phases   ] GC(24) Pause Mark End 0.262ms
[53.834s][info][gc,phases   ] GC(24) Concurrent Process Non-Strong References 5.947ms
[53.837s][info][gc,phases   ] GC(24) Concurrent Reset Relocation Set 0.700ms
[53.837s][info][gc,phases   ] GC(24) Concurrent Destroy Detached Pages 0.011ms
[53.839s][info][gc,phases   ] GC(24) Concurrent Select Relocation Set 1.569ms
[53.839s][info][gc,phases   ] GC(24) Concurrent Prepare Relocation Set 0.582ms
[53.850s][info][gc,phases   ] GC(24) Pause Relocate Start 2.401ms
[53.912s][info][gc,phases   ] GC(24) Concurrent Relocate 62.365ms
[53.912s][info][gc,load     ] GC(24) Load: 1.90/1.64/0.99
[53.912s][info][gc,mmu      ] GC(24) MMU: 2ms/0.0%, 5ms/17.1%, 10ms/58.6%, 20ms/79.3%, 50ms/91.7%, 100ms/95.2%
[53.912s][info][gc,marking  ] GC(24) Mark: 1 stripe(s), 2 proactive flush(es), 1 terminate flush(es), 0 completion(s), 0 continuation(s) 
[53.912s][info][gc,reloc    ] GC(24) Relocation: Successful, 22M relocated
[53.912s][info][gc,nmethod  ] GC(24) NMethods: 3645 registered, 0 unregistered
[53.912s][info][gc,metaspace] GC(24) Metaspace: 71M used, 75M capacity, 75M committed, 76M reserved
[53.912s][info][gc,ref      ] GC(24) Soft: 4838 encountered, 0 discovered, 0 enqueued
[53.912s][info][gc,ref      ] GC(24) Weak: 5178 encountered, 4134 discovered, 473 enqueued
[53.912s][info][gc,ref      ] GC(24) Final: 26 encountered, 0 discovered, 0 enqueued
[53.912s][info][gc,ref      ] GC(24) Phantom: 713 encountered, 709 discovered, 56 enqueued
[53.912s][info][gc,heap     ] GC(24)                Mark Start          Mark End        Relocate Start      Relocate End           High               Low         
[53.912s][info][gc,heap     ] GC(24)  Capacity:     1990M (100%)       1990M (100%)       1990M (100%)       1990M (100%)       1990M (100%)       1990M (100%)   
[53.912s][info][gc,heap     ] GC(24)   Reserve:       34M (2%)           34M (2%)           34M (2%)           34M (2%)           34M (2%)           34M (2%)     
[53.912s][info][gc,heap     ] GC(24)      Free:      726M (36%)         588M (30%)        1468M (74%)        1612M (81%)        1612M (81%)         586M (29%)    
[53.912s][info][gc,heap     ] GC(24)      Used:     1230M (62%)        1368M (69%)         488M (25%)         344M (17%)        1370M (69%)         344M (17%)    
[53.912s][info][gc,heap     ] GC(24)      Live:         -               192M (10%)         192M (10%)         192M (10%)            -                  -          
[53.912s][info][gc,heap     ] GC(24) Allocated:         -               138M (7%)          140M (7%)          158M (8%)             -                  -          
[53.912s][info][gc,heap     ] GC(24)   Garbage:         -              1037M (52%)         155M (8%)            5M (0%)             -                  -          
[53.912s][info][gc,heap     ] GC(24) Reclaimed:         -                  -               882M (44%)        1032M (52%)            -                  -          
[53.912s][info][gc          ] GC(24) Garbage Collection (Allocation Rate) 1230M(62%)->344M(17%)
[59.793s][info][gc,start    ] GC(25) Garbage Collection (Allocation Rate)
[59.798s][info][gc,phases   ] GC(25) Pause Mark Start 2.923ms
[60.093s][info][gc,stats    ] === Garbage Collection Statistics =======================================================================================================================
[60.093s][info][gc,stats    ]                                                              Last 10s              Last 10m              Last 10h                Total
[60.093s][info][gc,stats    ]                                                              Avg / Max             Avg / Max             Avg / Max             Avg / Max
[60.093s][info][gc,stats    ]   Collector: Garbage Collection Cycle                   1018.865 / 1018.865    746.777 / 1604.634    746.777 / 1604.634    746.777 / 1604.634    ms
[60.093s][info][gc,stats    ]  Contention: Mark Segment Reset Contention                     0 / 0                 0 / 0                 0 / 0                 0 / 0           ops/s
[60.093s][info][gc,stats    ]  Contention: Mark SeqNum Reset Contention                      0 / 0                 0 / 0                 0 / 0                 0 / 0           ops/s
[60.093s][info][gc,stats    ]  Contention: Relocation Contention                             0 / 0                 0 / 2                 0 / 2                 0 / 2           ops/s
[60.093s][info][gc,stats    ]    Critical: Allocation Stall                              0.000 / 0.000         0.000 / 0.000         0.000 / 0.000         0.000 / 0.000       ms
[60.093s][info][gc,stats    ]    Critical: Allocation Stall                                  0 / 0                 0 / 0                 0 / 0                 0 / 0           ops/s
[60.093s][info][gc,stats    ]    Critical: GC Locker Stall                               0.000 / 0.000         0.000 / 0.000         0.000 / 0.000         0.000 / 0.000       ms
[60.093s][info][gc,stats    ]    Critical: GC Locker Stall                                   0 / 0                 0 / 0                 0 / 0                 0 / 0           ops/s
[60.093s][info][gc,stats    ]      Memory: Allocation Rate                                 127 / 300             273 / 1282            273 / 1282            273 / 1282        MB/s
[60.093s][info][gc,stats    ]      Memory: Heap Used After Mark                           1368 / 1368            917 / 1920            917 / 1920            917 / 1920        MB
[60.093s][info][gc,stats    ]      Memory: Heap Used After Relocation                      344 / 344             322 / 826             322 / 826             322 / 826         MB
[60.093s][info][gc,stats    ]      Memory: Heap Used Before Mark                          1104 / 1230            808 / 1828            808 / 1828            808 / 1828        MB
[60.093s][info][gc,stats    ]      Memory: Heap Used Before Relocation                     488 / 488             492 / 1002            492 / 1002            492 / 1002        MB
[60.093s][info][gc,stats    ]      Memory: Out Of Memory                                     0 / 0                 0 / 0                 0 / 0                 0 / 0           ops/s
[60.093s][info][gc,stats    ]      Memory: Page Cache Flush                                  5 / 32                4 / 72                4 / 72                4 / 72          MB/s
[60.093s][info][gc,stats    ]      Memory: Page Cache Hit L1                                54 / 129             117 / 642             117 / 642             117 / 642         ops/s
[60.093s][info][gc,stats    ]      Memory: Page Cache Hit L2                                 0 / 0                 0 / 0                 0 / 0                 0 / 0           ops/s
[60.093s][info][gc,stats    ]      Memory: Page Cache Miss                                   0 / 3                15 / 223              15 / 223              15 / 223         ops/s
[60.093s][info][gc,stats    ]      Memory: Undo Object Allocation Failed                     0 / 0                 0 / 0                 0 / 0                 0 / 0           ops/s
[60.093s][info][gc,stats    ]      Memory: Undo Object Allocation Succeeded                  0 / 0                 0 / 2                 0 / 2                 0 / 2           ops/s
[60.093s][info][gc,stats    ]      Memory: Undo Page Allocation                              0 / 0                 0 / 0                 0 / 0                 0 / 0           ops/s
[60.093s][info][gc,stats    ]       Phase: Concurrent Destroy Detached Pages             0.011 / 0.011         0.001 / 0.011         0.001 / 0.011         0.001 / 0.011       ms
[60.093s][info][gc,stats    ]       Phase: Concurrent Mark                             926.111 / 926.111     602.937 / 1560.269    602.937 / 1560.269    602.937 / 1560.269    ms
[60.093s][info][gc,stats    ]       Phase: Concurrent Mark Continue                      0.000 / 0.000         0.000 / 0.000         0.000 / 0.000         0.000 / 0.000       ms
[60.093s][info][gc,stats    ]       Phase: Concurrent Prepare Relocation Set             0.582 / 0.582         7.981 / 63.748        7.981 / 63.748        7.981 / 63.748      ms
[60.093s][info][gc,stats    ]       Phase: Concurrent Process Non-Strong References      5.947 / 5.947         1.832 / 5.947         1.832 / 5.947         1.832 / 5.947       ms
[60.093s][info][gc,stats    ]       Phase: Concurrent Relocate                          62.365 / 62.365      118.808 / 393.686     118.808 / 393.686     118.808 / 393.686     ms
[60.093s][info][gc,stats    ]       Phase: Concurrent Reset Relocation Set               0.700 / 0.700         0.371 / 1.076         0.371 / 1.076         0.371 / 1.076       ms
[60.093s][info][gc,stats    ]       Phase: Concurrent Select Relocation Set              1.569 / 1.569         1.627 / 2.715         1.627 / 2.715         1.627 / 2.715       ms
[60.093s][info][gc,stats    ]       Phase: Pause Mark End                                0.262 / 0.262         0.220 / 0.369         0.220 / 0.369         0.220 / 0.369       ms
[60.093s][info][gc,stats    ]       Phase: Pause Mark Start                              2.868 / 2.923         2.227 / 4.144         2.227 / 4.144         2.227 / 4.144       ms
[60.093s][info][gc,stats    ]       Phase: Pause Relocate Start                          2.401 / 2.401         1.874 / 2.401         1.874 / 2.401         1.874 / 2.401       ms
[60.093s][info][gc,stats    ]    Subphase: Concurrent Mark                             926.094 / 926.094     602.597 / 1560.247    602.597 / 1560.247    602.597 / 1560.247    ms
[60.093s][info][gc,stats    ]    Subphase: Concurrent Mark Idle                          0.000 / 0.000         0.000 / 0.000         0.000 / 0.000         0.000 / 0.000       ms
[60.093s][info][gc,stats    ]    Subphase: Concurrent Mark Try Flush                     5.120 / 13.453        1.824 / 13.453        1.824 / 13.453        1.824 / 13.453      ms
[60.093s][info][gc,stats    ]    Subphase: Concurrent Mark Try Terminate                 0.479 / 0.959         0.456 / 1.039         0.456 / 1.039         0.456 / 1.039       ms
[60.093s][info][gc,stats    ]    Subphase: Concurrent References Enqueue                 0.004 / 0.004         0.002 / 0.004         0.002 / 0.004         0.002 / 0.004       ms
[60.093s][info][gc,stats    ]    Subphase: Concurrent References Process                 5.130 / 5.130         0.930 / 5.130         0.930 / 5.130         0.930 / 5.130       ms
[60.093s][info][gc,stats    ]    Subphase: Concurrent Weak Roots                         0.797 / 0.797         0.755 / 1.256         0.755 / 1.256         0.755 / 1.256       ms
[60.093s][info][gc,stats    ]    Subphase: Concurrent Weak Roots JNIWeakHandles          0.001 / 0.001         0.000 / 0.001         0.000 / 0.001         0.000 / 0.001       ms
[60.093s][info][gc,stats    ]    Subphase: Concurrent Weak Roots StringTable             0.596 / 0.596         0.570 / 1.046         0.570 / 1.046         0.570 / 1.046       ms
[60.093s][info][gc,stats    ]    Subphase: Concurrent Weak Roots VMWeakHandles           0.200 / 0.200         0.184 / 0.292         0.184 / 0.292         0.184 / 0.292       ms
[60.093s][info][gc,stats    ]    Subphase: Pause Mark Try Complete                       0.000 / 0.000         0.001 / 0.001         0.001 / 0.001         0.001 / 0.001       ms
[60.093s][info][gc,stats    ]    Subphase: Pause Remap TLABS                             0.002 / 0.002         0.001 / 0.002         0.001 / 0.002         0.001 / 0.002       ms
[60.093s][info][gc,stats    ]    Subphase: Pause Retire TLABS                            0.022 / 0.023         0.012 / 0.023         0.012 / 0.023         0.012 / 0.023       ms
[60.093s][info][gc,stats    ]    Subphase: Pause Roots                                   1.872 / 2.618         1.285 / 3.808         1.285 / 3.808         1.285 / 3.808       ms
[60.093s][info][gc,stats    ]    Subphase: Pause Roots ClassLoaderDataGraph              0.701 / 0.746         0.612 / 1.672         0.612 / 1.672         0.612 / 1.672       ms
[60.093s][info][gc,stats    ]    Subphase: Pause Roots CodeCache                         1.407 / 1.539         0.907 / 1.539         0.907 / 1.539         0.907 / 1.539       ms
[60.093s][info][gc,stats    ]    Subphase: Pause Roots JNIHandles                        0.001 / 0.001         0.001 / 0.006         0.001 / 0.006         0.001 / 0.006       ms
[60.093s][info][gc,stats    ]    Subphase: Pause Roots JNIWeakHandles                    0.000 / 0.000         0.000 / 0.000         0.000 / 0.000         0.000 / 0.000       ms
[60.093s][info][gc,stats    ]    Subphase: Pause Roots JRFWeak                           0.000 / 0.000         0.000 / 0.000         0.000 / 0.000         0.000 / 0.000       ms
[60.093s][info][gc,stats    ]    Subphase: Pause Roots JVMTIExport                       0.000 / 0.000         0.000 / 0.001         0.000 / 0.001         0.000 / 0.001       ms
[60.093s][info][gc,stats    ]    Subphase: Pause Roots JVMTIWeakExport                   0.001 / 0.001         0.001 / 0.001         0.001 / 0.001         0.001 / 0.001       ms
[60.093s][info][gc,stats    ]    Subphase: Pause Roots Management                        0.001 / 0.001         0.008 / 0.337         0.008 / 0.337         0.008 / 0.337       ms
[60.093s][info][gc,stats    ]    Subphase: Pause Roots ObjectSynchronizer                0.000 / 0.000         0.000 / 0.001         0.000 / 0.001         0.000 / 0.001       ms
[60.093s][info][gc,stats    ]    Subphase: Pause Roots Setup                             0.190 / 0.256         0.137 / 0.275         0.137 / 0.275         0.137 / 0.275       ms
[60.093s][info][gc,stats    ]    Subphase: Pause Roots StringTable                       0.000 / 0.000         0.000 / 0.000         0.000 / 0.000         0.000 / 0.000       ms
[60.093s][info][gc,stats    ]    Subphase: Pause Roots SystemDictionary                  0.014 / 0.017         0.012 / 0.026         0.012 / 0.026         0.012 / 0.026       ms
[60.093s][info][gc,stats    ]    Subphase: Pause Roots Teardown                          0.001 / 0.002         0.001 / 0.002         0.001 / 0.002         0.001 / 0.002       ms
[60.093s][info][gc,stats    ]    Subphase: Pause Roots Threads                           0.275 / 0.314         0.247 / 0.956         0.247 / 0.956         0.247 / 0.956       ms
[60.093s][info][gc,stats    ]    Subphase: Pause Roots Universe                          0.002 / 0.003         0.003 / 0.020         0.003 / 0.020         0.003 / 0.020       ms
[60.093s][info][gc,stats    ]    Subphase: Pause Roots VMWeakHandles                     0.000 / 0.000         0.000 / 0.000         0.000 / 0.000         0.000 / 0.000       ms
[60.093s][info][gc,stats    ]    Subphase: Pause Weak Roots                              0.001 / 0.001         0.001 / 0.005         0.001 / 0.005         0.001 / 0.005       ms
[60.093s][info][gc,stats    ]    Subphase: Pause Weak Roots JFRWeak                      0.000 / 0.000         0.000 / 0.001         0.000 / 0.001         0.000 / 0.001       ms
[60.093s][info][gc,stats    ]    Subphase: Pause Weak Roots JNIWeakHandles               0.000 / 0.000         0.000 / 0.000         0.000 / 0.000         0.000 / 0.000       ms
[60.093s][info][gc,stats    ]    Subphase: Pause Weak Roots JVMTIWeakExport              0.000 / 0.000         0.001 / 0.005         0.001 / 0.005         0.001 / 0.005       ms
[60.093s][info][gc,stats    ]    Subphase: Pause Weak Roots Setup                        0.000 / 0.000         0.000 / 0.000         0.000 / 0.000         0.000 / 0.000       ms
[60.093s][info][gc,stats    ]    Subphase: Pause Weak Roots StringTable                  0.000 / 0.000         0.000 / 0.000         0.000 / 0.000         0.000 / 0.000       ms
[60.093s][info][gc,stats    ]    Subphase: Pause Weak Roots SymbolTable                  0.000 / 0.000         0.000 / 0.000         0.000 / 0.000         0.000 / 0.000       ms
[60.094s][info][gc,stats    ]    Subphase: Pause Weak Roots Teardown                     0.000 / 0.000         0.000 / 0.001         0.000 / 0.001         0.000 / 0.001       ms
[60.094s][info][gc,stats    ]    Subphase: Pause Weak Roots VMWeakHandles                0.000 / 0.000         0.000 / 0.000         0.000 / 0.000         0.000 / 0.000       ms
[60.094s][info][gc,stats    ]      System: Java Threads                                     73 / 89               52 / 89               52 / 89               52 / 89          threads
[60.094s][info][gc,stats    ] =========================================================================================================================================================
[61.021s][info][gc,heap     ] Page Cache Flushed: 6M requested, 10M(908M->898M) flushed
[61.092s][info][gc,phases   ] GC(25) Concurrent Mark 1293.327ms
[61.095s][info][gc,phases   ] GC(25) Pause Mark End 0.595ms
[61.096s][info][gc,phases   ] GC(25) Concurrent Process Non-Strong References 1.604ms
[61.096s][info][gc,phases   ] GC(25) Concurrent Reset Relocation Set 0.010ms
[61.096s][info][gc,phases   ] GC(25) Concurrent Destroy Detached Pages 0.003ms
[61.099s][info][gc,phases   ] GC(25) Concurrent Select Relocation Set 2.956ms
[61.164s][info][gc,phases   ] GC(25) Concurrent Prepare Relocation Set 64.267ms
[61.171s][info][gc,phases   ] GC(25) Pause Relocate Start 4.816ms
[61.497s][info][gc,phases   ] GC(25) Concurrent Relocate 323.517ms
[61.498s][info][gc,load     ] GC(25) Load: 1.91/1.64/0.99
[61.498s][info][gc,mmu      ] GC(25) MMU: 2ms/0.0%, 5ms/3.7%, 10ms/51.8%, 20ms/75.9%, 50ms/90.4%, 100ms/94.6%
[61.498s][info][gc,marking  ] GC(25) Mark: 1 stripe(s), 2 proactive flush(es), 1 terminate flush(es), 0 completion(s), 0 continuation(s) 
[61.498s][info][gc,reloc    ] GC(25) Relocation: Successful, 63M relocated
[61.498s][info][gc,nmethod  ] GC(25) NMethods: 3854 registered, 5 unregistered
[61.498s][info][gc,metaspace] GC(25) Metaspace: 73M used, 77M capacity, 77M committed, 78M reserved
[61.498s][info][gc,ref      ] GC(25) Soft: 4898 encountered, 0 discovered, 0 enqueued
[61.498s][info][gc,ref      ] GC(25) Weak: 4891 encountered, 3841 discovered, 58 enqueued
[61.498s][info][gc,ref      ] GC(25) Final: 28 encountered, 0 discovered, 0 enqueued
[61.498s][info][gc,ref      ] GC(25) Phantom: 711 encountered, 636 discovered, 48 enqueued
[61.498s][info][gc,heap     ] GC(25)                Mark Start          Mark End        Relocate Start      Relocate End           High               Low         
[61.498s][info][gc,heap     ] GC(25)  Capacity:     1990M (100%)       1990M (100%)       1990M (100%)       1990M (100%)       1990M (100%)       1990M (100%)   
[61.498s][info][gc,heap     ] GC(25)   Reserve:       34M (2%)           34M (2%)           34M (2%)           34M (2%)           34M (2%)           34M (2%)     
[61.498s][info][gc,heap     ] GC(25)      Free:      978M (49%)         898M (45%)        1226M (62%)        1572M (79%)        1572M (79%)         898M (45%)    
[61.498s][info][gc,heap     ] GC(25)      Used:      978M (49%)        1058M (53%)         730M (37%)         384M (19%)        1058M (53%)         384M (19%)    
[61.498s][info][gc,heap     ] GC(25)      Live:         -               242M (12%)         242M (12%)         242M (12%)            -                  -          
[61.498s][info][gc,heap     ] GC(25) Allocated:         -                80M (4%)           84M (4%)          190M (10%)            -                  -          
[61.498s][info][gc,heap     ] GC(25)   Garbage:         -               735M (37%)         403M (20%)          41M (2%)             -                  -          
[61.498s][info][gc,heap     ] GC(25) Reclaimed:         -                  -               332M (17%)         694M (35%)            -                  -          
[61.498s][info][gc          ] GC(25) Garbage Collection (Allocation Rate) 978M(49%)->384M(19%)
[61.642s][info][gc,heap     ] Page Cache Flushed: 4M requested, 10M(1530M->1520M) flushed
[61.647s][info][gc,heap     ] Page Cache Flushed: 2M requested, 10M(1520M->1510M) flushed
[61.893s][info][gc,start    ] GC(26) Garbage Collection (Allocation Rate)
[61.901s][info][gc,phases   ] GC(26) Pause Mark Start 3.038ms
[63.078s][info][gc,phases   ] GC(26) Concurrent Mark 1177.120ms
[63.081s][info][gc,phases   ] GC(26) Pause Mark End 0.276ms
[63.082s][info][gc,phases   ] GC(26) Concurrent Process Non-Strong References 1.544ms
[63.083s][info][gc,phases   ] GC(26) Concurrent Reset Relocation Set 0.954ms
[63.083s][info][gc,phases   ] GC(26) Concurrent Destroy Detached Pages 0.003ms
[63.085s][info][gc,phases   ] GC(26) Concurrent Select Relocation Set 1.520ms
[63.096s][info][gc,phases   ] GC(26) Concurrent Prepare Relocation Set 11.105ms
[63.101s][info][gc,phases   ] GC(26) Pause Relocate Start 2.614ms
[63.284s][info][gc,phases   ] GC(26) Concurrent Relocate 183.167ms
[63.285s][info][gc,load     ] GC(26) Load: 1.99/1.66/1.01
[63.285s][info][gc,mmu      ] GC(26) MMU: 2ms/0.0%, 5ms/3.7%, 10ms/51.8%, 20ms/75.9%, 50ms/90.4%, 100ms/94.6%
[63.285s][info][gc,marking  ] GC(26) Mark: 1 stripe(s), 2 proactive flush(es), 1 terminate flush(es), 0 completion(s), 0 continuation(s) 
[63.285s][info][gc,reloc    ] GC(26) Relocation: Successful, 56M relocated
[63.285s][info][gc,nmethod  ] GC(26) NMethods: 3925 registered, 5 unregistered
[63.285s][info][gc,metaspace] GC(26) Metaspace: 73M used, 77M capacity, 77M committed, 78M reserved
[63.285s][info][gc,ref      ] GC(26) Soft: 4898 encountered, 0 discovered, 0 enqueued
[63.285s][info][gc,ref      ] GC(26) Weak: 4851 encountered, 3817 discovered, 10 enqueued
[63.285s][info][gc,ref      ] GC(26) Final: 28 encountered, 0 discovered, 0 enqueued
[63.285s][info][gc,ref      ] GC(26) Phantom: 663 encountered, 659 discovered, 0 enqueued
[63.285s][info][gc,heap     ] GC(26)                Mark Start          Mark End        Relocate Start      Relocate End           High               Low         
[63.285s][info][gc,heap     ] GC(26)  Capacity:     1990M (100%)       1990M (100%)       1990M (100%)       1990M (100%)       1990M (100%)       1990M (100%)   
[63.285s][info][gc,heap     ] GC(26)   Reserve:       34M (2%)           34M (2%)           34M (2%)           34M (2%)           34M (2%)           34M (2%)     
[63.285s][info][gc,heap     ] GC(26)      Free:     1376M (69%)        1132M (57%)        1238M (62%)        1408M (71%)        1408M (71%)        1132M (57%)    
[63.285s][info][gc,heap     ] GC(26)      Used:      580M (29%)         824M (41%)         718M (36%)         548M (28%)         824M (41%)         548M (28%)    
[63.285s][info][gc,heap     ] GC(26)      Live:         -               259M (13%)         259M (13%)         259M (13%)            -                  -          
[63.285s][info][gc,heap     ] GC(26) Allocated:         -               244M (12%)         246M (12%)         322M (16%)            -                  -          
[63.285s][info][gc,heap     ] GC(26)   Garbage:         -               320M (16%)         212M (11%)          30M (2%)             -                  -          
[63.285s][info][gc,heap     ] GC(26) Reclaimed:         -                  -               108M (5%)          290M (15%)            -                  -          
[63.285s][info][gc          ] GC(26) Garbage Collection (Allocation Rate) 580M(29%)->548M(28%)
[63.494s][info][gc,start    ] GC(27) Garbage Collection (Allocation Rate)
[63.499s][info][gc,phases   ] GC(27) Pause Mark Start 2.922ms
[63.540s][info][gc,heap     ] Page Cache Flushed: 6M requested, 10M(1236M->1226M) flushed
[63.592s][info][gc,heap     ] Page Cache Flushed: 2M requested, 8M(1224M->1216M) flushed
[64.568s][info][gc,heap     ] Page Cache Flushed: 6M requested, 32M(704M->672M) flushed
[64.654s][info][gc,phases   ] GC(27) Concurrent Mark 1155.477ms
[64.658s][info][gc,phases   ] GC(27) Pause Mark End 0.281ms
[64.662s][info][gc,phases   ] GC(27) Concurrent Process Non-Strong References 4.012ms
[64.662s][info][gc,phases   ] GC(27) Concurrent Reset Relocation Set 0.488ms
[64.662s][info][gc,phases   ] GC(27) Concurrent Destroy Detached Pages 0.004ms
[64.664s][info][gc,phases   ] GC(27) Concurrent Select Relocation Set 1.530ms
[64.669s][info][gc,phases   ] GC(27) Concurrent Prepare Relocation Set 4.797ms
[64.674s][info][gc,phases   ] GC(27) Pause Relocate Start 2.620ms
[65.007s][info][gc,phases   ] GC(27) Concurrent Relocate 322.563ms
[65.007s][info][gc,load     ] GC(27) Load: 1.99/1.66/1.01
[65.007s][info][gc,mmu      ] GC(27) MMU: 2ms/0.0%, 5ms/3.7%, 10ms/51.8%, 20ms/75.9%, 50ms/90.4%, 100ms/94.6%
[65.007s][info][gc,marking  ] GC(27) Mark: 1 stripe(s), 2 proactive flush(es), 1 terminate flush(es), 0 completion(s), 0 continuation(s) 
[65.007s][info][gc,reloc    ] GC(27) Relocation: Successful, 50M relocated
[65.007s][info][gc,nmethod  ] GC(27) NMethods: 4042 registered, 5 unregistered
[65.007s][info][gc,metaspace] GC(27) Metaspace: 73M used, 77M capacity, 77M committed, 78M reserved
[65.007s][info][gc,ref      ] GC(27) Soft: 4897 encountered, 0 discovered, 0 enqueued
[65.007s][info][gc,ref      ] GC(27) Weak: 4853 encountered, 3914 discovered, 6 enqueued
[65.007s][info][gc,ref      ] GC(27) Final: 28 encountered, 0 discovered, 0 enqueued
[65.007s][info][gc,ref      ] GC(27) Phantom: 662 encountered, 658 discovered, 0 enqueued
[65.007s][info][gc,heap     ] GC(27)                Mark Start          Mark End        Relocate Start      Relocate End           High               Low         
[65.007s][info][gc,heap     ] GC(27)  Capacity:     1990M (100%)       1990M (100%)       1990M (100%)       1990M (100%)       1990M (100%)       1990M (100%)   
[65.007s][info][gc,heap     ] GC(27)   Reserve:       34M (2%)           34M (2%)           34M (2%)           34M (2%)           34M (2%)           34M (2%)     
[65.007s][info][gc,heap     ] GC(27)      Free:     1258M (63%)         656M (33%)         842M (42%)         832M (42%)        1258M (63%)         654M (33%)    
[65.007s][info][gc,heap     ] GC(27)      Used:      698M (35%)        1300M (65%)        1114M (56%)        1124M (56%)        1302M (65%)         698M (35%)    
[65.007s][info][gc,heap     ] GC(27)      Live:         -               273M (14%)         273M (14%)         273M (14%)            -                  -          
[65.007s][info][gc,heap     ] GC(27) Allocated:         -               602M (30%)         604M (30%)         882M (44%)            -                  -          
[65.007s][info][gc,heap     ] GC(27)   Garbage:         -               424M (21%)         236M (12%)          28M (1%)             -                  -          
[65.007s][info][gc,heap     ] GC(27) Reclaimed:         -                  -               188M (9%)          396M (20%)            -                  -          
[65.007s][info][gc          ] GC(27) Garbage Collection (Allocation Rate) 698M(35%)->1124M(56%)
[65.010s][info][gc,start    ] GC(28) Garbage Collection (System.gc())
[65.014s][info][gc,phases   ] GC(28) Pause Mark Start 2.950ms
[65.317s][info][gc,phases   ] GC(28) Concurrent Mark 303.409ms
[65.318s][info][gc,phases   ] GC(28) Pause Mark End 0.255ms
[65.319s][info][gc,phases   ] GC(28) Concurrent Process Non-Strong References 1.425ms
[65.319s][info][gc,phases   ] GC(28) Concurrent Reset Relocation Set 0.538ms
[65.320s][info][gc,phases   ] GC(28) Concurrent Destroy Detached Pages 0.000ms
[65.322s][info][gc,phases   ] GC(28) Concurrent Select Relocation Set 2.778ms
[65.322s][info][gc,phases   ] GC(28) Concurrent Prepare Relocation Set 0.044ms
[65.327s][info][gc,phases   ] GC(28) Pause Relocate Start 2.507ms
[65.331s][info][gc,phases   ] GC(28) Concurrent Relocate 3.467ms
[65.331s][info][gc,load     ] GC(28) Load: 1.99/1.66/1.01
[65.331s][info][gc,mmu      ] GC(28) MMU: 2ms/0.0%, 5ms/3.7%, 10ms/51.8%, 20ms/75.9%, 50ms/90.4%, 100ms/94.6%
[65.331s][info][gc,marking  ] GC(28) Mark: 1 stripe(s), 2 proactive flush(es), 1 terminate flush(es), 0 completion(s), 0 continuation(s) 
[65.331s][info][gc,reloc    ] GC(28) Relocation: Successful, 17M relocated
[65.331s][info][gc,nmethod  ] GC(28) NMethods: 4050 registered, 5 unregistered
[65.331s][info][gc,metaspace] GC(28) Metaspace: 73M used, 77M capacity, 77M committed, 78M reserved
[65.331s][info][gc,ref      ] GC(28) Soft: 4908 encountered, 0 discovered, 0 enqueued
[65.331s][info][gc,ref      ] GC(28) Weak: 4886 encountered, 3969 discovered, 119 enqueued
[65.331s][info][gc,ref      ] GC(28) Final: 28 encountered, 0 discovered, 0 enqueued
[65.331s][info][gc,ref      ] GC(28) Phantom: 673 encountered, 669 discovered, 11 enqueued
[65.331s][info][gc,heap     ] GC(28)                Mark Start          Mark End        Relocate Start      Relocate End           High               Low         
[65.331s][info][gc,heap     ] GC(28)  Capacity:     1990M (100%)       1990M (100%)       1990M (100%)       1990M (100%)       1990M (100%)       1990M (100%)   
[65.331s][info][gc,heap     ] GC(28)   Reserve:       34M (2%)           34M (2%)           34M (2%)           34M (2%)           34M (2%)           34M (2%)     
[65.331s][info][gc,heap     ] GC(28)      Free:      824M (41%)         820M (41%)        1692M (85%)        1726M (87%)        1726M (87%)         820M (41%)    
[65.331s][info][gc,heap     ] GC(28)      Used:     1132M (57%)        1136M (57%)         264M (13%)         230M (12%)        1136M (57%)         230M (12%)    
[65.331s][info][gc,heap     ] GC(28)      Live:         -               191M (10%)         191M (10%)         191M (10%)            -                  -          
[65.331s][info][gc,heap     ] GC(28) Allocated:         -                 4M (0%)            6M (0%)            8M (0%)             -                  -          
[65.331s][info][gc,heap     ] GC(28)   Garbage:         -               940M (47%)          66M (3%)           32M (2%)             -                  -          
[65.331s][info][gc,heap     ] GC(28) Reclaimed:         -                  -               874M (44%)         908M (46%)            -                  -          
[65.331s][info][gc          ] GC(28) Garbage Collection (System.gc()) 1132M(57%)->230M(12%)
[65.493s][info][gc,start    ] GC(29) Garbage Collection (Allocation Rate)
[65.499s][info][gc,phases   ] GC(29) Pause Mark Start 3.152ms
[66.413s][info][gc,phases   ] GC(29) Concurrent Mark 913.591ms
[66.418s][info][gc,phases   ] GC(29) Pause Mark End 0.342ms
[66.422s][info][gc,phases   ] GC(29) Concurrent Process Non-Strong References 3.822ms
[66.422s][info][gc,phases   ] GC(29) Concurrent Reset Relocation Set 0.004ms
[66.422s][info][gc,phases   ] GC(29) Concurrent Destroy Detached Pages 0.000ms
[66.424s][info][gc,phases   ] GC(29) Concurrent Select Relocation Set 1.519ms
[66.424s][info][gc,phases   ] GC(29) Concurrent Prepare Relocation Set 0.078ms
[66.428s][info][gc,phases   ] GC(29) Pause Relocate Start 2.613ms
[66.447s][info][gc,phases   ] GC(29) Concurrent Relocate 18.974ms
[66.447s][info][gc,load     ] GC(29) Load: 1.99/1.66/1.01
[66.447s][info][gc,mmu      ] GC(29) MMU: 2ms/0.0%, 5ms/3.7%, 10ms/51.8%, 20ms/75.9%, 50ms/90.4%, 100ms/94.6%
[66.447s][info][gc,marking  ] GC(29) Mark: 1 stripe(s), 2 proactive flush(es), 1 terminate flush(es), 0 completion(s), 0 continuation(s) 
[66.447s][info][gc,reloc    ] GC(29) Relocation: Successful, 16M relocated
[66.447s][info][gc,nmethod  ] GC(29) NMethods: 4121 registered, 5 unregistered
[66.447s][info][gc,metaspace] GC(29) Metaspace: 73M used, 77M capacity, 77M committed, 78M reserved
[66.447s][info][gc,ref      ] GC(29) Soft: 4910 encountered, 0 discovered, 0 enqueued
[66.447s][info][gc,ref      ] GC(29) Weak: 4837 encountered, 3904 discovered, 18 enqueued
[66.447s][info][gc,ref      ] GC(29) Final: 28 encountered, 0 discovered, 0 enqueued
[66.447s][info][gc,ref      ] GC(29) Phantom: 672 encountered, 668 discovered, 10 enqueued
[66.447s][info][gc,heap     ] GC(29)                Mark Start          Mark End        Relocate Start      Relocate End           High               Low         
[66.447s][info][gc,heap     ] GC(29)  Capacity:     1990M (100%)       1990M (100%)       1990M (100%)       1990M (100%)       1990M (100%)       1990M (100%)   
[66.447s][info][gc,heap     ] GC(29)   Reserve:       34M (2%)           34M (2%)           34M (2%)           34M (2%)           34M (2%)           34M (2%)     
[66.447s][info][gc,heap     ] GC(29)      Free:     1676M (84%)        1462M (73%)        1462M (73%)        1546M (78%)        1676M (84%)        1460M (73%)    
[66.447s][info][gc,heap     ] GC(29)      Used:      280M (14%)         494M (25%)         494M (25%)         410M (21%)         496M (25%)         280M (14%)    
[66.447s][info][gc,heap     ] GC(29)      Live:         -               191M (10%)         191M (10%)         191M (10%)            -                  -          
[66.447s][info][gc,heap     ] GC(29) Allocated:         -               214M (11%)         214M (11%)         222M (11%)            -                  -          
[66.447s][info][gc,heap     ] GC(29)   Garbage:         -                88M (4%)           88M (4%)            2M (0%)             -                  -          
[66.447s][info][gc,heap     ] GC(29) Reclaimed:         -                  -                 0M (0%)           86M (4%)             -                  -          
[66.447s][info][gc          ] GC(29) Garbage Collection (Allocation Rate) 280M(14%)->410M(21%)
[67.093s][info][gc,start    ] GC(30) Garbage Collection (Allocation Rate)
[67.099s][info][gc,phases   ] GC(30) Pause Mark Start 3.191ms
[67.980s][info][gc,heap     ] Page Cache Flushed: 18M requested, 18M(1052M->1034M) flushed
[68.146s][info][gc,phases   ] GC(30) Concurrent Mark 1046.454ms
[68.149s][info][gc,phases   ] GC(30) Pause Mark End 0.317ms
[68.150s][info][gc,phases   ] GC(30) Concurrent Process Non-Strong References 1.482ms
[68.150s][info][gc,phases   ] GC(30) Concurrent Reset Relocation Set 0.004ms
[68.150s][info][gc,phases   ] GC(30) Concurrent Destroy Detached Pages 0.003ms
[68.153s][info][gc,phases   ] GC(30) Concurrent Select Relocation Set 2.981ms
[68.164s][info][gc,phases   ] GC(30) Concurrent Prepare Relocation Set 10.718ms
[68.169s][info][gc,phases   ] GC(30) Pause Relocate Start 2.585ms
[68.409s][info][gc,phases   ] GC(30) Concurrent Relocate 232.287ms
[68.410s][info][gc,load     ] GC(30) Load: 1.99/1.67/1.01
[68.410s][info][gc,mmu      ] GC(30) MMU: 2ms/0.0%, 5ms/3.7%, 10ms/51.8%, 20ms/75.9%, 50ms/90.4%, 100ms/94.6%
[68.410s][info][gc,marking  ] GC(30) Mark: 1 stripe(s), 2 proactive flush(es), 1 terminate flush(es), 0 completion(s), 0 continuation(s) 
[68.410s][info][gc,reloc    ] GC(30) Relocation: Successful, 73M relocated
[68.410s][info][gc,nmethod  ] GC(30) NMethods: 4129 registered, 5 unregistered
[68.410s][info][gc,metaspace] GC(30) Metaspace: 73M used, 77M capacity, 77M committed, 78M reserved
[68.410s][info][gc,ref      ] GC(30) Soft: 4913 encountered, 0 discovered, 0 enqueued
[68.410s][info][gc,ref      ] GC(30) Weak: 4885 encountered, 3883 discovered, 14 enqueued
[68.410s][info][gc,ref      ] GC(30) Final: 28 encountered, 0 discovered, 0 enqueued
[68.410s][info][gc,ref      ] GC(30) Phantom: 662 encountered, 658 discovered, 0 enqueued
[68.410s][info][gc,heap     ] GC(30)                Mark Start          Mark End        Relocate Start      Relocate End           High               Low         
[68.410s][info][gc,heap     ] GC(30)  Capacity:     1990M (100%)       1990M (100%)       1990M (100%)       1990M (100%)       1990M (100%)       1990M (100%)   
[68.410s][info][gc,heap     ] GC(30)   Reserve:       34M (2%)           34M (2%)           34M (2%)           34M (2%)           34M (2%)           34M (2%)     
[68.410s][info][gc,heap     ] GC(30)      Free:     1240M (62%)        1026M (52%)        1044M (52%)        1388M (70%)        1388M (70%)        1026M (52%)    
[68.410s][info][gc,heap     ] GC(30)      Used:      716M (36%)         930M (47%)         912M (46%)         568M (29%)         930M (47%)         568M (29%)    
[68.410s][info][gc,heap     ] GC(30)      Live:         -               270M (14%)         270M (14%)         270M (14%)            -                  -          
[68.410s][info][gc,heap     ] GC(30) Allocated:         -               214M (11%)         214M (11%)         300M (15%)            -                  -          
[68.410s][info][gc,heap     ] GC(30)   Garbage:         -               445M (22%)         427M (21%)          79M (4%)             -                  -          
[68.410s][info][gc,heap     ] GC(30) Reclaimed:         -                  -                18M (1%)          366M (18%)            -                  -          
[68.410s][info][gc          ] GC(30) Garbage Collection (Allocation Rate) 716M(36%)->568M(29%)
[69.593s][info][gc,start    ] GC(31) Garbage Collection (Allocation Rate)
[69.599s][info][gc,phases   ] GC(31) Pause Mark Start 3.062ms
[70.086s][info][gc,heap     ] Page Cache Flushed: 10M requested, 12M(948M->936M) flushed
[70.093s][info][gc,stats    ] === Garbage Collection Statistics =======================================================================================================================
[70.093s][info][gc,stats    ]                                                              Last 10s              Last 10m              Last 10h                Total
[70.093s][info][gc,stats    ]                                                              Avg / Max             Avg / Max             Avg / Max             Avg / Max
[70.093s][info][gc,stats    ]   Collector: Garbage Collection Cycle                   1200.079 / 1704.378    834.513 / 1704.378    834.513 / 1704.378    834.513 / 1704.378    ms
[70.093s][info][gc,stats    ]  Contention: Mark Segment Reset Contention                     0 / 0                 0 / 0                 0 / 0                 0 / 0           ops/s
[70.093s][info][gc,stats    ]  Contention: Mark SeqNum Reset Contention                      0 / 0                 0 / 0                 0 / 0                 0 / 0           ops/s
[70.093s][info][gc,stats    ]  Contention: Relocation Contention                             0 / 0                 0 / 2                 0 / 2                 0 / 2           ops/s
[70.093s][info][gc,stats    ]    Critical: Allocation Stall                              0.000 / 0.000         0.000 / 0.000         0.000 / 0.000         0.000 / 0.000       ms
[70.093s][info][gc,stats    ]    Critical: Allocation Stall                                  0 / 0                 0 / 0                 0 / 0                 0 / 0           ops/s
[70.093s][info][gc,stats    ]    Critical: GC Locker Stall                               0.000 / 0.000         0.000 / 0.000         0.000 / 0.000         0.000 / 0.000       ms
[70.093s][info][gc,stats    ]    Critical: GC Locker Stall                                   0 / 0                 0 / 0                 0 / 0                 0 / 0           ops/s
[70.093s][info][gc,stats    ]      Memory: Allocation Rate                                 281 / 534             274 / 1282            274 / 1282            274 / 1282        MB/s
[70.093s][info][gc,stats    ]      Memory: Heap Used After Mark                            957 / 1300            925 / 1920            925 / 1920            925 / 1920        MB
[70.093s][info][gc,stats    ]      Memory: Heap Used After Relocation                      544 / 1124            365 / 1124            365 / 1124            365 / 1124        MB
[70.093s][info][gc,stats    ]      Memory: Heap Used Before Mark                           717 / 1132            791 / 1828            791 / 1828            791 / 1828        MB
[70.093s][info][gc,stats    ]      Memory: Heap Used Before Relocation                     705 / 1114            533 / 1114            533 / 1114            533 / 1114        MB
[70.093s][info][gc,stats    ]      Memory: Out Of Memory                                     0 / 0                 0 / 0                 0 / 0                 0 / 0           ops/s
[70.093s][info][gc,stats    ]      Memory: Page Cache Flush                                 11 / 32                5 / 72                5 / 72                5 / 72          MB/s
[70.093s][info][gc,stats    ]      Memory: Page Cache Hit L1                               131 / 278             119 / 642             119 / 642             119 / 642         ops/s
[70.093s][info][gc,stats    ]      Memory: Page Cache Hit L2                                 0 / 0                 0 / 0                 0 / 0                 0 / 0           ops/s
[70.093s][info][gc,stats    ]      Memory: Page Cache Miss                                   1 / 3                13 / 223              13 / 223              13 / 223         ops/s
[70.093s][info][gc,stats    ]      Memory: Undo Object Allocation Failed                     0 / 0                 0 / 0                 0 / 0                 0 / 0           ops/s
[70.093s][info][gc,stats    ]      Memory: Undo Object Allocation Succeeded                  0 / 0                 0 / 2                 0 / 2                 0 / 2           ops/s
[70.093s][info][gc,stats    ]      Memory: Undo Page Allocation                              0 / 0                 0 / 0                 0 / 0                 0 / 0           ops/s
[70.093s][info][gc,stats    ]       Phase: Concurrent Destroy Detached Pages             0.002 / 0.004         0.002 / 0.011         0.002 / 0.011         0.002 / 0.011       ms
[70.093s][info][gc,stats    ]       Phase: Concurrent Mark                             981.563 / 1293.327    676.219 / 1560.269    676.219 / 1560.269    676.219 / 1560.269    ms
[70.093s][info][gc,stats    ]       Phase: Concurrent Mark Continue                      0.000 / 0.000         0.000 / 0.000         0.000 / 0.000         0.000 / 0.000       ms
[70.093s][info][gc,stats    ]       Phase: Concurrent Prepare Relocation Set            15.168 / 64.267        9.372 / 64.267        9.372 / 64.267        9.372 / 64.267      ms
[70.093s][info][gc,stats    ]       Phase: Concurrent Process Non-Strong References      2.315 / 4.012         1.925 / 5.947         1.925 / 5.947         1.925 / 5.947       ms
[70.093s][info][gc,stats    ]       Phase: Concurrent Relocate                         180.662 / 323.517     130.780 / 393.686     130.780 / 393.686     130.780 / 393.686     ms
[70.093s][info][gc,stats    ]       Phase: Concurrent Reset Relocation Set               0.333 / 0.954         0.364 / 1.076         0.364 / 1.076         0.364 / 1.076       ms
[70.093s][info][gc,stats    ]       Phase: Concurrent Select Relocation Set              2.214 / 2.981         1.741 / 2.981         1.741 / 2.981         1.741 / 2.981       ms
[70.093s][info][gc,stats    ]       Phase: Pause Mark End                                0.344 / 0.595         0.244 / 0.595         0.244 / 0.595         0.244 / 0.595       ms
[70.093s][info][gc,stats    ]       Phase: Pause Mark Start                              3.052 / 3.191         2.382 / 4.144         2.382 / 4.144         2.382 / 4.144       ms
[70.093s][info][gc,stats    ]       Phase: Pause Relocate Start                          2.959 / 4.816         2.084 / 4.816         2.084 / 4.816         2.084 / 4.816       ms
[70.093s][info][gc,stats    ]    Subphase: Concurrent Mark                             978.988 / 1290.817    675.447 / 1560.247    675.447 / 1560.247    675.447 / 1560.247    ms
[70.093s][info][gc,stats    ]    Subphase: Concurrent Mark Idle                          0.000 / 0.000         0.000 / 0.000         0.000 / 0.000         0.000 / 0.000       ms
[70.093s][info][gc,stats    ]    Subphase: Concurrent Mark Try Flush                     1.433 / 5.673         1.749 / 13.453        1.749 / 13.453        1.749 / 13.453      ms
[70.093s][info][gc,stats    ]    Subphase: Concurrent Mark Try Terminate                 0.493 / 1.981         0.463 / 1.981         0.463 / 1.981         0.463 / 1.981       ms
[70.093s][info][gc,stats    ]    Subphase: Concurrent References Enqueue                 0.003 / 0.003         0.002 / 0.004         0.002 / 0.004         0.002 / 0.004       ms
[70.094s][info][gc,stats    ]    Subphase: Concurrent References Process                 1.464 / 3.140         1.033 / 5.130         1.033 / 5.130         1.033 / 5.130       ms
[70.094s][info][gc,stats    ]    Subphase: Concurrent Weak Roots                         0.839 / 0.912         0.771 / 1.256         0.771 / 1.256         0.771 / 1.256       ms
[70.094s][info][gc,stats    ]    Subphase: Concurrent Weak Roots JNIWeakHandles          0.000 / 0.000         0.000 / 0.001         0.000 / 0.001         0.000 / 0.001       ms
[70.094s][info][gc,stats    ]    Subphase: Concurrent Weak Roots StringTable             0.618 / 0.696         0.579 / 1.046         0.579 / 1.046         0.579 / 1.046       ms
[70.094s][info][gc,stats    ]    Subphase: Concurrent Weak Roots VMWeakHandles           0.220 / 0.235         0.191 / 0.292         0.191 / 0.292         0.191 / 0.292       ms
[70.094s][info][gc,stats    ]    Subphase: Pause Mark Try Complete                       0.000 / 0.000         0.001 / 0.001         0.001 / 0.001         0.001 / 0.001       ms
[70.094s][info][gc,stats    ]    Subphase: Pause Remap TLABS                             0.002 / 0.005         0.001 / 0.005         0.001 / 0.005         0.001 / 0.005       ms
[70.094s][info][gc,stats    ]    Subphase: Pause Retire TLABS                            0.022 / 0.029         0.014 / 0.029         0.014 / 0.029         0.014 / 0.029       ms
[70.094s][info][gc,stats    ]    Subphase: Pause Roots                                   1.892 / 4.397         1.401 / 4.397         1.401 / 4.397         1.401 / 4.397       ms
[70.094s][info][gc,stats    ]    Subphase: Pause Roots ClassLoaderDataGraph              0.734 / 1.308         0.635 / 1.672         0.635 / 1.672         0.635 / 1.672       ms
[70.094s][info][gc,stats    ]    Subphase: Pause Roots CodeCache                         1.551 / 2.345         1.029 / 2.345         1.029 / 2.345         1.029 / 2.345       ms
[70.094s][info][gc,stats    ]    Subphase: Pause Roots JNIHandles                        0.001 / 0.002         0.001 / 0.006         0.001 / 0.006         0.001 / 0.006       ms
[70.094s][info][gc,stats    ]    Subphase: Pause Roots JNIWeakHandles                    0.000 / 0.000         0.000 / 0.000         0.000 / 0.000         0.000 / 0.000       ms
[70.094s][info][gc,stats    ]    Subphase: Pause Roots JRFWeak                           0.000 / 0.000         0.000 / 0.000         0.000 / 0.000         0.000 / 0.000       ms
[70.094s][info][gc,stats    ]    Subphase: Pause Roots JVMTIExport                       0.000 / 0.001         0.000 / 0.001         0.000 / 0.001         0.000 / 0.001       ms
[70.094s][info][gc,stats    ]    Subphase: Pause Roots JVMTIWeakExport                   0.001 / 0.001         0.001 / 0.001         0.001 / 0.001         0.001 / 0.001       ms
[70.094s][info][gc,stats    ]    Subphase: Pause Roots Management                        0.001 / 0.002         0.006 / 0.337         0.006 / 0.337         0.006 / 0.337       ms
[70.094s][info][gc,stats    ]    Subphase: Pause Roots ObjectSynchronizer                0.000 / 0.001         0.000 / 0.001         0.000 / 0.001         0.000 / 0.001       ms
[70.094s][info][gc,stats    ]    Subphase: Pause Roots Setup                             0.189 / 0.423         0.147 / 0.423         0.147 / 0.423         0.147 / 0.423       ms
[70.094s][info][gc,stats    ]    Subphase: Pause Roots StringTable                       0.000 / 0.000         0.000 / 0.000         0.000 / 0.000         0.000 / 0.000       ms
[70.094s][info][gc,stats    ]    Subphase: Pause Roots SystemDictionary                  0.015 / 0.029         0.013 / 0.029         0.013 / 0.029         0.013 / 0.029       ms
[70.094s][info][gc,stats    ]    Subphase: Pause Roots Teardown                          0.001 / 0.002         0.001 / 0.002         0.001 / 0.002         0.001 / 0.002       ms
[70.094s][info][gc,stats    ]    Subphase: Pause Roots Threads                           0.353 / 0.700         0.267 / 0.956         0.267 / 0.956         0.267 / 0.956       ms
[70.094s][info][gc,stats    ]    Subphase: Pause Roots Universe                          0.002 / 0.002         0.003 / 0.020         0.003 / 0.020         0.003 / 0.020       ms
[70.094s][info][gc,stats    ]    Subphase: Pause Roots VMWeakHandles                     0.000 / 0.000         0.000 / 0.000         0.000 / 0.000         0.000 / 0.000       ms
[70.094s][info][gc,stats    ]    Subphase: Pause Weak Roots                              0.001 / 0.002         0.001 / 0.005         0.001 / 0.005         0.001 / 0.005       ms
[70.094s][info][gc,stats    ]    Subphase: Pause Weak Roots JFRWeak                      0.001 / 0.001         0.000 / 0.001         0.000 / 0.001         0.000 / 0.001       ms
[70.094s][info][gc,stats    ]    Subphase: Pause Weak Roots JNIWeakHandles               0.000 / 0.000         0.000 / 0.000         0.000 / 0.000         0.000 / 0.000       ms
[70.094s][info][gc,stats    ]    Subphase: Pause Weak Roots JVMTIWeakExport              0.000 / 0.000         0.001 / 0.005         0.001 / 0.005         0.001 / 0.005       ms
[70.094s][info][gc,stats    ]    Subphase: Pause Weak Roots Setup                        0.000 / 0.000         0.000 / 0.000         0.000 / 0.000         0.000 / 0.000       ms
[70.094s][info][gc,stats    ]    Subphase: Pause Weak Roots StringTable                  0.000 / 0.000         0.000 / 0.000         0.000 / 0.000         0.000 / 0.000       ms
[70.094s][info][gc,stats    ]    Subphase: Pause Weak Roots SymbolTable                  0.000 / 0.000         0.000 / 0.000         0.000 / 0.000         0.000 / 0.000       ms
[70.094s][info][gc,stats    ]    Subphase: Pause Weak Roots Teardown                     0.000 / 0.001         0.000 / 0.001         0.000 / 0.001         0.000 / 0.001       ms
[70.094s][info][gc,stats    ]    Subphase: Pause Weak Roots VMWeakHandles                0.000 / 0.000         0.000 / 0.000         0.000 / 0.000         0.000 / 0.000       ms
[70.094s][info][gc,stats    ]      System: Java Threads                                    102 / 117              62 / 117              62 / 117              62 / 117         threads
[70.094s][info][gc,stats    ] =========================================================================================================================================================
[70.407s][info][gc,phases   ] GC(31) Concurrent Mark 808.254ms
[70.410s][info][gc,phases   ] GC(31) Pause Mark End 0.362ms
[70.412s][info][gc,phases   ] GC(31) Concurrent Process Non-Strong References 1.575ms
[70.413s][info][gc,phases   ] GC(31) Concurrent Reset Relocation Set 1.179ms
[70.413s][info][gc,phases   ] GC(31) Concurrent Destroy Detached Pages 0.004ms
[70.416s][info][gc,phases   ] GC(31) Concurrent Select Relocation Set 2.825ms
[70.429s][info][gc,phases   ] GC(31) Concurrent Prepare Relocation Set 12.852ms
[70.435s][info][gc,phases   ] GC(31) Pause Relocate Start 3.078ms
[70.584s][info][gc,phases   ] GC(31) Concurrent Relocate 149.367ms
[70.584s][info][gc,load     ] GC(31) Load: 1.99/1.67/1.01
[70.584s][info][gc,mmu      ] GC(31) MMU: 2ms/0.0%, 5ms/3.7%, 10ms/51.8%, 20ms/75.9%, 50ms/90.4%, 100ms/94.6%
[70.585s][info][gc,marking  ] GC(31) Mark: 1 stripe(s), 2 proactive flush(es), 1 terminate flush(es), 0 completion(s), 0 continuation(s) 
[70.585s][info][gc,reloc    ] GC(31) Relocation: Successful, 61M relocated
[70.585s][info][gc,nmethod  ] GC(31) NMethods: 4155 registered, 5 unregistered
[70.585s][info][gc,metaspace] GC(31) Metaspace: 73M used, 77M capacity, 77M committed, 78M reserved
[70.585s][info][gc,ref      ] GC(31) Soft: 4914 encountered, 0 discovered, 0 enqueued
[70.585s][info][gc,ref      ] GC(31) Weak: 4838 encountered, 3838 discovered, 26 enqueued
[70.585s][info][gc,ref      ] GC(31) Final: 28 encountered, 0 discovered, 0 enqueued
[70.585s][info][gc,ref      ] GC(31) Phantom: 662 encountered, 658 discovered, 0 enqueued
[70.585s][info][gc,heap     ] GC(31)                Mark Start          Mark End        Relocate Start      Relocate End           High               Low         
[70.585s][info][gc,heap     ] GC(31)  Capacity:     1990M (100%)       1990M (100%)       1990M (100%)       1990M (100%)       1990M (100%)       1990M (100%)   
[70.585s][info][gc,heap     ] GC(31)   Reserve:       34M (2%)           34M (2%)           34M (2%)           34M (2%)           34M (2%)           34M (2%)     
[70.585s][info][gc,heap     ] GC(31)      Free:     1060M (53%)         860M (43%)        1290M (65%)        1434M (72%)        1436M (72%)         860M (43%)    
[70.585s][info][gc,heap     ] GC(31)      Used:      896M (45%)        1096M (55%)         666M (33%)         522M (26%)        1096M (55%)         520M (26%)    
[70.585s][info][gc,heap     ] GC(31)      Live:         -               247M (12%)         247M (12%)         247M (12%)            -                  -          
[70.585s][info][gc,heap     ] GC(31) Allocated:         -               200M (10%)         204M (10%)         300M (15%)            -                  -          
[70.585s][info][gc,heap     ] GC(31)   Garbage:         -               648M (33%)         214M (11%)          58M (3%)             -                  -          
[70.585s][info][gc,heap     ] GC(31) Reclaimed:         -                  -               434M (22%)         590M (30%)            -                  -          
[70.585s][info][gc          ] GC(31) Garbage Collection (Allocation Rate) 896M(45%)->522M(26%)
[71.093s][info][gc,start    ] GC(32) Garbage Collection (Allocation Rate)
[71.098s][info][gc,phases   ] GC(32) Pause Mark Start 3.051ms
[72.374s][info][gc,phases   ] GC(32) Concurrent Mark 1275.931ms
[72.377s][info][gc,phases   ] GC(32) Pause Mark End 0.320ms
[72.379s][info][gc,phases   ] GC(32) Concurrent Process Non-Strong References 1.444ms
[72.379s][info][gc,phases   ] GC(32) Concurrent Reset Relocation Set 0.508ms
[72.379s][info][gc,phases   ] GC(32) Concurrent Destroy Detached Pages 0.001ms
[72.382s][info][gc,phases   ] GC(32) Concurrent Select Relocation Set 2.631ms
[72.391s][info][gc,phases   ] GC(32) Concurrent Prepare Relocation Set 8.812ms
[72.396s][info][gc,phases   ] GC(32) Pause Relocate Start 2.523ms
[72.564s][info][gc,phases   ] GC(32) Concurrent Relocate 168.694ms
[72.565s][info][gc,load     ] GC(32) Load: 2.00/1.68/1.02
[72.565s][info][gc,mmu      ] GC(32) MMU: 2ms/0.0%, 5ms/3.7%, 10ms/51.8%, 20ms/75.9%, 50ms/90.4%, 100ms/94.6%
[72.565s][info][gc,marking  ] GC(32) Mark: 1 stripe(s), 2 proactive flush(es), 1 terminate flush(es), 0 completion(s), 0 continuation(s) 
[72.565s][info][gc,reloc    ] GC(32) Relocation: Successful, 53M relocated
[72.565s][info][gc,nmethod  ] GC(32) NMethods: 4155 registered, 5 unregistered
[72.565s][info][gc,metaspace] GC(32) Metaspace: 73M used, 77M capacity, 77M committed, 78M reserved
[72.565s][info][gc,ref      ] GC(32) Soft: 4914 encountered, 0 discovered, 0 enqueued
[72.565s][info][gc,ref      ] GC(32) Weak: 4812 encountered, 3812 discovered, 0 enqueued
[72.565s][info][gc,ref      ] GC(32) Final: 28 encountered, 0 discovered, 0 enqueued
[72.565s][info][gc,ref      ] GC(32) Phantom: 662 encountered, 658 discovered, 0 enqueued
[72.565s][info][gc,heap     ] GC(32)                Mark Start          Mark End        Relocate Start      Relocate End           High               Low         
[72.565s][info][gc,heap     ] GC(32)  Capacity:     1990M (100%)       1990M (100%)       1990M (100%)       1990M (100%)       1990M (100%)       1990M (100%)   
[72.565s][info][gc,heap     ] GC(32)   Reserve:       34M (2%)           34M (2%)           34M (2%)           34M (2%)           34M (2%)           34M (2%)     
[72.565s][info][gc,heap     ] GC(32)      Free:     1176M (59%)        1022M (51%)        1028M (52%)        1466M (74%)        1466M (74%)        1022M (51%)    
[72.565s][info][gc,heap     ] GC(32)      Used:      780M (39%)         934M (47%)         928M (47%)         490M (25%)         934M (47%)         490M (25%)    
[72.565s][info][gc,heap     ] GC(32)      Live:         -               295M (15%)         295M (15%)         295M (15%)            -                  -          
[72.565s][info][gc,heap     ] GC(32) Allocated:         -               154M (8%)          154M (8%)          178M (9%)             -                  -          
[72.565s][info][gc,heap     ] GC(32)   Garbage:         -               484M (24%)         478M (24%)          40M (2%)             -                  -          
[72.565s][info][gc,heap     ] GC(32) Reclaimed:         -                  -                 6M (0%)          444M (22%)            -                  -          
[72.565s][info][gc          ] GC(32) Garbage Collection (Allocation Rate) 780M(39%)->490M(25%)
[73.293s][info][gc,start    ] GC(33) Garbage Collection (Allocation Rate)
[73.299s][info][gc,phases   ] GC(33) Pause Mark Start 3.131ms
[74.154s][info][gc,phases   ] GC(33) Concurrent Mark 855.820ms
[74.157s][info][gc,phases   ] GC(33) Pause Mark End 0.313ms
[74.159s][info][gc,phases   ] GC(33) Concurrent Process Non-Strong References 1.455ms
[74.159s][info][gc,phases   ] GC(33) Concurrent Reset Relocation Set 0.518ms
[74.159s][info][gc,phases   ] GC(33) Concurrent Destroy Detached Pages 0.000ms
[74.161s][info][gc,phases   ] GC(33) Concurrent Select Relocation Set 1.595ms
[74.169s][info][gc,phases   ] GC(33) Concurrent Prepare Relocation Set 8.040ms
[74.174s][info][gc,phases   ] GC(33) Pause Relocate Start 2.680ms
[74.326s][info][gc,phases   ] GC(33) Concurrent Relocate 152.269ms
[74.326s][info][gc,load     ] GC(33) Load: 2.00/1.68/1.02
[74.326s][info][gc,mmu      ] GC(33) MMU: 2ms/0.0%, 5ms/3.7%, 10ms/51.8%, 20ms/75.9%, 50ms/90.4%, 100ms/94.6%
[74.326s][info][gc,marking  ] GC(33) Mark: 1 stripe(s), 2 proactive flush(es), 1 terminate flush(es), 0 completion(s), 0 continuation(s) 
[74.326s][info][gc,reloc    ] GC(33) Relocation: Successful, 63M relocated
[74.326s][info][gc,nmethod  ] GC(33) NMethods: 4187 registered, 5 unregistered
[74.326s][info][gc,metaspace] GC(33) Metaspace: 73M used, 77M capacity, 77M committed, 78M reserved
[74.326s][info][gc,ref      ] GC(33) Soft: 4914 encountered, 0 discovered, 0 enqueued
[74.326s][info][gc,ref      ] GC(33) Weak: 5010 encountered, 4009 discovered, 142 enqueued
[74.326s][info][gc,ref      ] GC(33) Final: 28 encountered, 0 discovered, 0 enqueued
[74.327s][info][gc,ref      ] GC(33) Phantom: 662 encountered, 658 discovered, 0 enqueued
[74.327s][info][gc,heap     ] GC(33)                Mark Start          Mark End        Relocate Start      Relocate End           High               Low         
[74.327s][info][gc,heap     ] GC(33)  Capacity:     1990M (100%)       1990M (100%)       1990M (100%)       1990M (100%)       1990M (100%)       1990M (100%)   
[74.327s][info][gc,heap     ] GC(33)   Reserve:       34M (2%)           34M (2%)           34M (2%)           34M (2%)           34M (2%)           34M (2%)     
[74.327s][info][gc,heap     ] GC(33)      Free:     1194M (60%)         988M (50%)        1264M (64%)        1418M (71%)        1422M (71%)         988M (50%)    
[74.327s][info][gc,heap     ] GC(33)      Used:      762M (38%)         968M (49%)         692M (35%)         538M (27%)         968M (49%)         534M (27%)    
[74.327s][info][gc,heap     ] GC(33)      Live:         -               255M (13%)         255M (13%)         255M (13%)            -                  -          
[74.327s][info][gc,heap     ] GC(33) Allocated:         -               206M (10%)         208M (10%)         272M (14%)            -                  -          
[74.327s][info][gc,heap     ] GC(33)   Garbage:         -               506M (25%)         228M (11%)          58M (3%)             -                  -          
[74.327s][info][gc,heap     ] GC(33) Reclaimed:         -                  -               278M (14%)         448M (23%)            -                  -          
[74.327s][info][gc          ] GC(33) Garbage Collection (Allocation Rate) 762M(38%)->538M(27%)
[74.794s][info][gc,start    ] GC(34) Garbage Collection (Allocation Rate)
[74.799s][info][gc,phases   ] GC(34) Pause Mark Start 3.029ms
[76.088s][info][gc,phases   ] GC(34) Concurrent Mark 1289.285ms
[76.091s][info][gc,phases   ] GC(34) Pause Mark End 0.312ms
[76.093s][info][gc,phases   ] GC(34) Concurrent Process Non-Strong References 1.462ms
[76.093s][info][gc,phases   ] GC(34) Concurrent Reset Relocation Set 0.759ms
[76.093s][info][gc,phases   ] GC(34) Concurrent Destroy Detached Pages 0.000ms
[76.095s][info][gc,phases   ] GC(34) Concurrent Select Relocation Set 1.531ms
[76.102s][info][gc,phases   ] GC(34) Concurrent Prepare Relocation Set 7.146ms
[76.107s][info][gc,phases   ] GC(34) Pause Relocate Start 2.587ms
[76.250s][info][gc,phases   ] GC(34) Concurrent Relocate 143.114ms
[76.250s][info][gc,load     ] GC(34) Load: 2.00/1.68/1.02
[76.250s][info][gc,mmu      ] GC(34) MMU: 2ms/0.0%, 5ms/3.7%, 10ms/51.8%, 20ms/75.9%, 50ms/90.4%, 100ms/94.6%
[76.250s][info][gc,marking  ] GC(34) Mark: 1 stripe(s), 2 proactive flush(es), 1 terminate flush(es), 0 completion(s), 0 continuation(s) 
[76.250s][info][gc,reloc    ] GC(34) Relocation: Successful, 53M relocated
[76.250s][info][gc,nmethod  ] GC(34) NMethods: 4200 registered, 5 unregistered
[76.250s][info][gc,metaspace] GC(34) Metaspace: 73M used, 77M capacity, 77M committed, 78M reserved
[76.250s][info][gc,ref      ] GC(34) Soft: 4914 encountered, 0 discovered, 0 enqueued
[76.250s][info][gc,ref      ] GC(34) Weak: 4868 encountered, 3889 discovered, 0 enqueued
[76.250s][info][gc,ref      ] GC(34) Final: 28 encountered, 0 discovered, 0 enqueued
[76.250s][info][gc,ref      ] GC(34) Phantom: 662 encountered, 658 discovered, 0 enqueued
[76.250s][info][gc,heap     ] GC(34)                Mark Start          Mark End        Relocate Start      Relocate End           High               Low         
[76.250s][info][gc,heap     ] GC(34)  Capacity:     1990M (100%)       1990M (100%)       1990M (100%)       1990M (100%)       1990M (100%)       1990M (100%)   
[76.250s][info][gc,heap     ] GC(34)   Reserve:       34M (2%)           34M (2%)           34M (2%)           34M (2%)           34M (2%)           34M (2%)     
[76.250s][info][gc,heap     ] GC(34)      Free:     1224M (62%)        1064M (53%)        1070M (54%)        1454M (73%)        1454M (73%)        1064M (53%)    
[76.250s][info][gc,heap     ] GC(34)      Used:      732M (37%)         892M (45%)         886M (45%)         502M (25%)         892M (45%)         502M (25%)    
[76.250s][info][gc,heap     ] GC(34)      Live:         -               295M (15%)         295M (15%)         295M (15%)            -                  -          
[76.250s][info][gc,heap     ] GC(34) Allocated:         -               160M (8%)          160M (8%)          186M (9%)             -                  -          
[76.250s][info][gc,heap     ] GC(34)   Garbage:         -               436M (22%)         430M (22%)          46M (2%)             -                  -          
[76.250s][info][gc,heap     ] GC(34) Reclaimed:         -                  -                 6M (0%)          390M (20%)            -                  -          
[76.250s][info][gc          ] GC(34) Garbage Collection (Allocation Rate) 732M(37%)->502M(25%)
[76.993s][info][gc,start    ] GC(35) Garbage Collection (Allocation Rate)
[76.999s][info][gc,phases   ] GC(35) Pause Mark Start 3.127ms
[77.641s][info][gc,heap     ] Page Cache Flushed: 10M requested, 16M(1006M->990M) flushed
[77.751s][info][gc,phases   ] GC(35) Concurrent Mark 751.736ms
[77.755s][info][gc,phases   ] GC(35) Pause Mark End 0.561ms
[77.758s][info][gc,phases   ] GC(35) Concurrent Process Non-Strong References 2.515ms
[77.758s][info][gc,phases   ] GC(35) Concurrent Reset Relocation Set 0.836ms
[77.758s][info][gc,phases   ] GC(35) Concurrent Destroy Detached Pages 0.004ms
[77.764s][info][gc,phases   ] GC(35) Concurrent Select Relocation Set 5.376ms
[77.776s][info][gc,phases   ] GC(35) Concurrent Prepare Relocation Set 11.651ms
[77.783s][info][gc,phases   ] GC(35) Pause Relocate Start 3.066ms
[77.889s][info][gc,phases   ] GC(35) Concurrent Relocate 100.122ms
[77.889s][info][gc,load     ] GC(35) Load: 2.00/1.68/1.02
[77.889s][info][gc,mmu      ] GC(35) MMU: 2ms/0.0%, 5ms/3.7%, 10ms/51.8%, 20ms/75.9%, 50ms/90.4%, 100ms/94.6%
[77.889s][info][gc,marking  ] GC(35) Mark: 1 stripe(s), 2 proactive flush(es), 1 terminate flush(es), 0 completion(s), 0 continuation(s) 
[77.889s][info][gc,reloc    ] GC(35) Relocation: Successful, 53M relocated
[77.889s][info][gc,nmethod  ] GC(35) NMethods: 4259 registered, 5 unregistered
[77.889s][info][gc,metaspace] GC(35) Metaspace: 73M used, 77M capacity, 77M committed, 78M reserved
[77.889s][info][gc,ref      ] GC(35) Soft: 4917 encountered, 0 discovered, 0 enqueued
[77.889s][info][gc,ref      ] GC(35) Weak: 5085 encountered, 4032 discovered, 87 enqueued
[77.889s][info][gc,ref      ] GC(35) Final: 28 encountered, 0 discovered, 0 enqueued
[77.889s][info][gc,ref      ] GC(35) Phantom: 662 encountered, 658 discovered, 0 enqueued
[77.889s][info][gc,heap     ] GC(35)                Mark Start          Mark End        Relocate Start      Relocate End           High               Low         
[77.889s][info][gc,heap     ] GC(35)  Capacity:     1990M (100%)       1990M (100%)       1990M (100%)       1990M (100%)       1990M (100%)       1990M (100%)   
[77.889s][info][gc,heap     ] GC(35)   Reserve:       34M (2%)           34M (2%)           34M (2%)           34M (2%)           34M (2%)           34M (2%)     
[77.889s][info][gc,heap     ] GC(35)      Free:     1204M (61%)         974M (49%)        1258M (63%)        1448M (73%)        1452M (73%)         974M (49%)    
[77.889s][info][gc,heap     ] GC(35)      Used:      752M (38%)         982M (49%)         698M (35%)         508M (26%)         982M (49%)         504M (25%)    
[77.889s][info][gc,heap     ] GC(35)      Live:         -               240M (12%)         240M (12%)         240M (12%)            -                  -          
[77.889s][info][gc,heap     ] GC(35) Allocated:         -               230M (12%)         232M (12%)         284M (14%)            -                  -          
[77.889s][info][gc,heap     ] GC(35)   Garbage:         -               511M (26%)         225M (11%)          15M (1%)             -                  -          
[77.889s][info][gc,heap     ] GC(35) Reclaimed:         -                  -               286M (14%)         496M (25%)            -                  -          
[77.889s][info][gc          ] GC(35) Garbage Collection (Allocation Rate) 752M(38%)->508M(26%)
[78.393s][info][gc,start    ] GC(36) Garbage Collection (Allocation Rate)
[78.399s][info][gc,phases   ] GC(36) Pause Mark Start 3.080ms
[79.546s][info][gc,phases   ] GC(36) Concurrent Mark 1147.415ms
[79.549s][info][gc,phases   ] GC(36) Pause Mark End 0.325ms
[79.551s][info][gc,phases   ] GC(36) Concurrent Process Non-Strong References 1.465ms
[79.551s][info][gc,phases   ] GC(36) Concurrent Reset Relocation Set 0.022ms
[79.551s][info][gc,phases   ] GC(36) Concurrent Destroy Detached Pages 0.000ms
[79.553s][info][gc,phases   ] GC(36) Concurrent Select Relocation Set 1.783ms
[79.561s][info][gc,phases   ] GC(36) Concurrent Prepare Relocation Set 8.855ms
[79.567s][info][gc,phases   ] GC(36) Pause Relocate Start 2.594ms
[79.777s][info][gc,phases   ] GC(36) Concurrent Relocate 210.811ms
[79.778s][info][gc,load     ] GC(36) Load: 2.00/1.68/1.02
[79.778s][info][gc,mmu      ] GC(36) MMU: 2ms/0.0%, 5ms/3.7%, 10ms/51.8%, 20ms/75.9%, 50ms/90.4%, 100ms/94.6%
[79.778s][info][gc,marking  ] GC(36) Mark: 1 stripe(s), 2 proactive flush(es), 1 terminate flush(es), 0 completion(s), 0 continuation(s) 
[79.778s][info][gc,reloc    ] GC(36) Relocation: Successful, 55M relocated
[79.778s][info][gc,nmethod  ] GC(36) NMethods: 4259 registered, 5 unregistered
[79.778s][info][gc,metaspace] GC(36) Metaspace: 73M used, 77M capacity, 77M committed, 78M reserved
[79.778s][info][gc,ref      ] GC(36) Soft: 4917 encountered, 0 discovered, 0 enqueued
[79.778s][info][gc,ref      ] GC(36) Weak: 5007 encountered, 3956 discovered, 78 enqueued
[79.778s][info][gc,ref      ] GC(36) Final: 28 encountered, 0 discovered, 0 enqueued
[79.778s][info][gc,ref      ] GC(36) Phantom: 662 encountered, 658 discovered, 0 enqueued
[79.778s][info][gc,heap     ] GC(36)                Mark Start          Mark End        Relocate Start      Relocate End           High               Low         
[79.778s][info][gc,heap     ] GC(36)  Capacity:     1990M (100%)       1990M (100%)       1990M (100%)       1990M (100%)       1990M (100%)       1990M (100%)   
[79.778s][info][gc,heap     ] GC(36)   Reserve:       34M (2%)           34M (2%)           34M (2%)           34M (2%)           34M (2%)           34M (2%)     
[79.778s][info][gc,heap     ] GC(36)      Free:     1200M (60%)        1036M (52%)        1042M (52%)        1478M (74%)        1478M (74%)        1036M (52%)    
[79.778s][info][gc,heap     ] GC(36)      Used:      756M (38%)         920M (46%)         914M (46%)         478M (24%)         920M (46%)         478M (24%)    
[79.778s][info][gc,heap     ] GC(36)      Live:         -               276M (14%)         276M (14%)         276M (14%)            -                  -          
[79.778s][info][gc,heap     ] GC(36) Allocated:         -               164M (8%)          164M (8%)          198M (10%)            -                  -          
[79.778s][info][gc,heap     ] GC(36)   Garbage:         -               479M (24%)         473M (24%)          37M (2%)             -                  -          
[79.778s][info][gc,heap     ] GC(36) Reclaimed:         -                  -                 6M (0%)          442M (22%)            -                  -          
[79.778s][info][gc          ] GC(36) Garbage Collection (Allocation Rate) 756M(38%)->478M(24%)
[80.093s][info][gc,stats    ] === Garbage Collection Statistics =======================================================================================================================
[80.093s][info][gc,stats    ]                                                              Last 10s              Last 10m              Last 10h                Total
[80.093s][info][gc,stats    ]                                                              Avg / Max             Avg / Max             Avg / Max             Avg / Max
[80.093s][info][gc,stats    ]   Collector: Garbage Collection Cycle                   1205.564 / 1471.606    894.683 / 1704.378    894.683 / 1704.378    894.683 / 1704.378    ms
[80.093s][info][gc,stats    ]  Contention: Mark Segment Reset Contention                     0 / 0                 0 / 0                 0 / 0                 0 / 0           ops/s
[80.093s][info][gc,stats    ]  Contention: Mark SeqNum Reset Contention                      0 / 0                 0 / 0                 0 / 0                 0 / 0           ops/s
[80.093s][info][gc,stats    ]  Contention: Relocation Contention                             0 / 1                 0 / 2                 0 / 2                 0 / 2           ops/s
[80.093s][info][gc,stats    ]    Critical: Allocation Stall                              0.000 / 0.000         0.000 / 0.000         0.000 / 0.000         0.000 / 0.000       ms
[80.093s][info][gc,stats    ]    Critical: Allocation Stall                                  0 / 0                 0 / 0                 0 / 0                 0 / 0           ops/s
[80.093s][info][gc,stats    ]    Critical: GC Locker Stall                               0.000 / 0.000         0.000 / 0.000         0.000 / 0.000         0.000 / 0.000       ms
[80.093s][info][gc,stats    ]    Critical: GC Locker Stall                                   0 / 0                 0 / 0                 0 / 0                 0 / 0           ops/s
[80.093s][info][gc,stats    ]      Memory: Allocation Rate                                 233 / 366             269 / 1282            269 / 1282            269 / 1282        MB/s
[80.093s][info][gc,stats    ]      Memory: Heap Used After Mark                            965 / 1096            931 / 1920            931 / 1920            931 / 1920        MB
[80.093s][info][gc,stats    ]      Memory: Heap Used After Relocation                      506 / 538             388 / 1124            388 / 1124            388 / 1124        MB
[80.093s][info][gc,stats    ]      Memory: Heap Used Before Mark                           756 / 780             786 / 1828            786 / 1828            786 / 1828        MB
[80.093s][info][gc,stats    ]      Memory: Heap Used Before Relocation                     797 / 928             576 / 1114            576 / 1114            576 / 1114        MB
[80.093s][info][gc,stats    ]      Memory: Out Of Memory                                     0 / 0                 0 / 0                 0 / 0                 0 / 0           ops/s
[80.093s][info][gc,stats    ]      Memory: Page Cache Flush                                  1 / 16                4 / 72                4 / 72                4 / 72          MB/s
[80.093s][info][gc,stats    ]      Memory: Page Cache Hit L1                               113 / 192             119 / 642             119 / 642             119 / 642         ops/s
[80.093s][info][gc,stats    ]      Memory: Page Cache Hit L2                                 0 / 0                 0 / 0                 0 / 0                 0 / 0           ops/s
[80.093s][info][gc,stats    ]      Memory: Page Cache Miss                                   0 / 1                11 / 223              11 / 223              11 / 223         ops/s
[80.093s][info][gc,stats    ]      Memory: Undo Object Allocation Failed                     0 / 0                 0 / 0                 0 / 0                 0 / 0           ops/s
[80.093s][info][gc,stats    ]      Memory: Undo Object Allocation Succeeded                  0 / 1                 0 / 2                 0 / 2                 0 / 2           ops/s
[80.093s][info][gc,stats    ]      Memory: Undo Page Allocation                              0 / 0                 0 / 0                 0 / 0                 0 / 0           ops/s
[80.093s][info][gc,stats    ]       Phase: Concurrent Destroy Detached Pages             0.002 / 0.004         0.002 / 0.011         0.002 / 0.011         0.002 / 0.011       ms
[80.093s][info][gc,stats    ]       Phase: Concurrent Mark                            1021.407 / 1289.285    732.196 / 1560.269    732.196 / 1560.269    732.196 / 1560.269    ms
[80.093s][info][gc,stats    ]       Phase: Concurrent Mark Continue                      0.000 / 0.000         0.000 / 0.000         0.000 / 0.000         0.000 / 0.000       ms
[80.093s][info][gc,stats    ]       Phase: Concurrent Prepare Relocation Set             9.560 / 12.852        9.403 / 64.267        9.403 / 64.267        9.403 / 64.267      ms
[80.093s][info][gc,stats    ]       Phase: Concurrent Process Non-Strong References      1.652 / 2.515         1.881 / 5.947         1.881 / 5.947         1.881 / 5.947       ms
[80.093s][info][gc,stats    ]       Phase: Concurrent Relocate                         154.063 / 210.811     134.556 / 393.686     134.556 / 393.686     134.556 / 393.686     ms
[80.093s][info][gc,stats    ]       Phase: Concurrent Reset Relocation Set               0.637 / 1.179         0.408 / 1.179         0.408 / 1.179         0.408 / 1.179       ms
[80.093s][info][gc,stats    ]       Phase: Concurrent Select Relocation Set              2.624 / 5.376         1.884 / 5.376         1.884 / 5.376         1.884 / 5.376       ms
[80.093s][info][gc,stats    ]       Phase: Pause Mark End                                0.365 / 0.561         0.264 / 0.595         0.264 / 0.595         0.264 / 0.595       ms
[80.093s][info][gc,stats    ]       Phase: Pause Mark Start                              3.084 / 3.131         2.477 / 4.144         2.477 / 4.144         2.477 / 4.144       ms
[80.093s][info][gc,stats    ]       Phase: Pause Relocate Start                          2.755 / 3.078         2.193 / 4.816         2.193 / 4.816         2.193 / 4.816       ms
[80.093s][info][gc,stats    ]    Subphase: Concurrent Mark                            1021.380 / 1289.262    731.544 / 1560.247    731.544 / 1560.247    731.544 / 1560.247    ms
[80.093s][info][gc,stats    ]    Subphase: Concurrent Mark Idle                          0.000 / 0.000         0.000 / 0.000         0.000 / 0.000         0.000 / 0.000       ms
[80.093s][info][gc,stats    ]    Subphase: Concurrent Mark Try Flush                     1.538 / 5.997         1.715 / 13.453        1.715 / 13.453        1.715 / 13.453      ms
[80.093s][info][gc,stats    ]    Subphase: Concurrent Mark Try Terminate                 0.493 / 1.143         0.468 / 1.981         0.468 / 1.981         0.468 / 1.981       ms
[80.093s][info][gc,stats    ]    Subphase: Concurrent References Enqueue                 0.002 / 0.005         0.002 / 0.005         0.002 / 0.005         0.002 / 0.005       ms
[80.093s][info][gc,stats    ]    Subphase: Concurrent References Process                 0.727 / 0.953         0.984 / 5.130         0.984 / 5.130         0.984 / 5.130       ms
[80.093s][info][gc,stats    ]    Subphase: Concurrent Weak Roots                         0.913 / 1.540         0.794 / 1.540         0.794 / 1.540         0.794 / 1.540       ms
[80.093s][info][gc,stats    ]    Subphase: Concurrent Weak Roots JNIWeakHandles          0.000 / 0.000         0.000 / 0.001         0.000 / 0.001         0.000 / 0.001       ms
[80.093s][info][gc,stats    ]    Subphase: Concurrent Weak Roots StringTable             0.686 / 1.123         0.597 / 1.123         0.597 / 1.123         0.597 / 1.123       ms
[80.093s][info][gc,stats    ]    Subphase: Concurrent Weak Roots VMWeakHandles           0.226 / 0.415         0.196 / 0.415         0.196 / 0.415         0.196 / 0.415       ms
[80.093s][info][gc,stats    ]    Subphase: Pause Mark Try Complete                       0.000 / 0.000         0.001 / 0.001         0.001 / 0.001         0.001 / 0.001       ms
[80.093s][info][gc,stats    ]    Subphase: Pause Remap TLABS                             0.003 / 0.004         0.001 / 0.005         0.001 / 0.005         0.001 / 0.005       ms
[80.093s][info][gc,stats    ]    Subphase: Pause Retire TLABS                            0.019 / 0.021         0.015 / 0.029         0.015 / 0.029         0.015 / 0.029       ms
[80.093s][info][gc,stats    ]    Subphase: Pause Roots                                   1.794 / 2.821         1.461 / 4.397         1.461 / 4.397         1.461 / 4.397       ms
[80.093s][info][gc,stats    ]    Subphase: Pause Roots ClassLoaderDataGraph              0.668 / 0.814         0.640 / 1.672         0.640 / 1.672         0.640 / 1.672       ms
[80.093s][info][gc,stats    ]    Subphase: Pause Roots CodeCache                         1.528 / 1.864         1.103 / 2.345         1.103 / 2.345         1.103 / 2.345       ms
[80.093s][info][gc,stats    ]    Subphase: Pause Roots JNIHandles                        0.001 / 0.001         0.001 / 0.006         0.001 / 0.006         0.001 / 0.006       ms
[80.093s][info][gc,stats    ]    Subphase: Pause Roots JNIWeakHandles                    0.000 / 0.000         0.000 / 0.000         0.000 / 0.000         0.000 / 0.000       ms
[80.093s][info][gc,stats    ]    Subphase: Pause Roots JRFWeak                           0.000 / 0.000         0.000 / 0.000         0.000 / 0.000         0.000 / 0.000       ms
[80.093s][info][gc,stats    ]    Subphase: Pause Roots JVMTIExport                       0.000 / 0.001         0.000 / 0.001         0.000 / 0.001         0.000 / 0.001       ms
[80.093s][info][gc,stats    ]    Subphase: Pause Roots JVMTIWeakExport                   0.001 / 0.001         0.001 / 0.001         0.001 / 0.001         0.001 / 0.001       ms
[80.093s][info][gc,stats    ]    Subphase: Pause Roots Management                        0.001 / 0.002         0.006 / 0.337         0.006 / 0.337         0.006 / 0.337       ms
[80.093s][info][gc,stats    ]    Subphase: Pause Roots ObjectSynchronizer                0.000 / 0.001         0.000 / 0.001         0.000 / 0.001         0.000 / 0.001       ms
[80.093s][info][gc,stats    ]    Subphase: Pause Roots Setup                             0.177 / 0.370         0.152 / 0.423         0.152 / 0.423         0.152 / 0.423       ms
[80.093s][info][gc,stats    ]    Subphase: Pause Roots StringTable                       0.000 / 0.000         0.000 / 0.000         0.000 / 0.000         0.000 / 0.000       ms
[80.093s][info][gc,stats    ]    Subphase: Pause Roots SystemDictionary                  0.013 / 0.021         0.013 / 0.029         0.013 / 0.029         0.013 / 0.029       ms
[80.093s][info][gc,stats    ]    Subphase: Pause Roots Teardown                          0.001 / 0.002         0.001 / 0.002         0.001 / 0.002         0.001 / 0.002       ms
[80.093s][info][gc,stats    ]    Subphase: Pause Roots Threads                           0.359 / 0.520         0.281 / 0.956         0.281 / 0.956         0.281 / 0.956       ms
[80.093s][info][gc,stats    ]    Subphase: Pause Roots Universe                          0.002 / 0.003         0.003 / 0.020         0.003 / 0.020         0.003 / 0.020       ms
[80.093s][info][gc,stats    ]    Subphase: Pause Roots VMWeakHandles                     0.000 / 0.000         0.000 / 0.000         0.000 / 0.000         0.000 / 0.000       ms
[80.093s][info][gc,stats    ]    Subphase: Pause Weak Roots                              0.002 / 0.002         0.001 / 0.005         0.001 / 0.005         0.001 / 0.005       ms
[80.093s][info][gc,stats    ]    Subphase: Pause Weak Roots JFRWeak                      0.001 / 0.001         0.001 / 0.001         0.001 / 0.001         0.001 / 0.001       ms
[80.093s][info][gc,stats    ]    Subphase: Pause Weak Roots JNIWeakHandles               0.000 / 0.000         0.000 / 0.000         0.000 / 0.000         0.000 / 0.000       ms
[80.093s][info][gc,stats    ]    Subphase: Pause Weak Roots JVMTIWeakExport              0.001 / 0.001         0.001 / 0.005         0.001 / 0.005         0.001 / 0.005       ms
[80.093s][info][gc,stats    ]    Subphase: Pause Weak Roots Setup                        0.000 / 0.000         0.000 / 0.000         0.000 / 0.000         0.000 / 0.000       ms
[80.093s][info][gc,stats    ]    Subphase: Pause Weak Roots StringTable                  0.000 / 0.000         0.000 / 0.000         0.000 / 0.000         0.000 / 0.000       ms
[80.093s][info][gc,stats    ]    Subphase: Pause Weak Roots SymbolTable                  0.000 / 0.000         0.000 / 0.000         0.000 / 0.000         0.000 / 0.000       ms
[80.093s][info][gc,stats    ]    Subphase: Pause Weak Roots Teardown                     0.000 / 0.001         0.000 / 0.001         0.000 / 0.001         0.000 / 0.001       ms
[80.093s][info][gc,stats    ]    Subphase: Pause Weak Roots VMWeakHandles                0.000 / 0.000         0.000 / 0.000         0.000 / 0.000         0.000 / 0.000       ms
[80.093s][info][gc,stats    ]      System: Java Threads                                    118 / 122              70 / 122              70 / 122              70 / 122         threads
[80.093s][info][gc,stats    ] =========================================================================================================================================================
[80.693s][info][gc,start    ] GC(37) Garbage Collection (Allocation Rate)
[80.699s][info][gc,phases   ] GC(37) Pause Mark Start 3.138ms
[81.518s][info][gc,phases   ] GC(37) Concurrent Mark 818.977ms
[81.520s][info][gc,phases   ] GC(37) Pause Mark End 0.323ms
[81.522s][info][gc,phases   ] GC(37) Concurrent Process Non-Strong References 1.505ms
[81.523s][info][gc,phases   ] GC(37) Concurrent Reset Relocation Set 0.681ms
[81.523s][info][gc,phases   ] GC(37) Concurrent Destroy Detached Pages 0.000ms
[81.524s][info][gc,phases   ] GC(37) Concurrent Select Relocation Set 1.524ms
[81.528s][info][gc,phases   ] GC(37) Concurrent Prepare Relocation Set 3.684ms
[81.531s][info][gc,phases   ] GC(37) Pause Relocate Start 2.758ms
[81.670s][info][gc,phases   ] GC(37) Concurrent Relocate 133.963ms
[81.670s][info][gc,load     ] GC(37) Load: 2.00/1.68/1.02
[81.670s][info][gc,mmu      ] GC(37) MMU: 2ms/0.0%, 5ms/3.7%, 10ms/51.8%, 20ms/75.9%, 50ms/90.4%, 100ms/94.6%
[81.670s][info][gc,marking  ] GC(37) Mark: 1 stripe(s), 2 proactive flush(es), 1 terminate flush(es), 0 completion(s), 0 continuation(s) 
[81.670s][info][gc,reloc    ] GC(37) Relocation: Successful, 60M relocated
[81.670s][info][gc,nmethod  ] GC(37) NMethods: 4277 registered, 5 unregistered
[81.670s][info][gc,metaspace] GC(37) Metaspace: 73M used, 77M capacity, 77M committed, 78M reserved
[81.670s][info][gc,ref      ] GC(37) Soft: 4918 encountered, 0 discovered, 0 enqueued
[81.670s][info][gc,ref      ] GC(37) Weak: 4892 encountered, 3842 discovered, 24 enqueued
[81.670s][info][gc,ref      ] GC(37) Final: 28 encountered, 0 discovered, 0 enqueued
[81.670s][info][gc,ref      ] GC(37) Phantom: 662 encountered, 658 discovered, 0 enqueued
[81.670s][info][gc,heap     ] GC(37)                Mark Start          Mark End        Relocate Start      Relocate End           High               Low         
[81.670s][info][gc,heap     ] GC(37)  Capacity:     1990M (100%)       1990M (100%)       1990M (100%)       1990M (100%)       1990M (100%)       1990M (100%)   
[81.670s][info][gc,heap     ] GC(37)   Reserve:       34M (2%)           34M (2%)           34M (2%)           34M (2%)           34M (2%)           34M (2%)     
[81.670s][info][gc,heap     ] GC(37)      Free:     1194M (60%)         990M (50%)        1244M (63%)        1440M (72%)        1442M (72%)         990M (50%)    
[81.670s][info][gc,heap     ] GC(37)      Used:      762M (38%)         966M (49%)         712M (36%)         516M (26%)         966M (49%)         514M (26%)    
[81.670s][info][gc,heap     ] GC(37)      Live:         -               246M (12%)         246M (12%)         246M (12%)            -                  -          
[81.670s][info][gc,heap     ] GC(37) Allocated:         -               204M (10%)         204M (10%)         296M (15%)            -                  -          
[81.670s][info][gc,heap     ] GC(37)   Garbage:         -               515M (26%)         261M (13%)          59M (3%)             -                  -          
[81.670s][info][gc,heap     ] GC(37) Reclaimed:         -                  -               254M (13%)         456M (23%)            -                  -          
[81.670s][info][gc          ] GC(37) Garbage Collection (Allocation Rate) 762M(38%)->516M(26%)
[82.193s][info][gc,start    ] GC(38) Garbage Collection (Allocation Rate)
[82.199s][info][gc,phases   ] GC(38) Pause Mark Start 3.111ms
[83.447s][info][gc,phases   ] GC(38) Concurrent Mark 1247.878ms
[83.449s][info][gc,phases   ] GC(38) Pause Mark End 0.333ms
[83.451s][info][gc,phases   ] GC(38) Concurrent Process Non-Strong References 1.441ms
[83.451s][info][gc,phases   ] GC(38) Concurrent Reset Relocation Set 0.449ms
[83.451s][info][gc,phases   ] GC(38) Concurrent Destroy Detached Pages 0.001ms
[83.453s][info][gc,phases   ] GC(38) Concurrent Select Relocation Set 1.650ms
[83.461s][info][gc,phases   ] GC(38) Concurrent Prepare Relocation Set 8.114ms
[83.466s][info][gc,phases   ] GC(38) Pause Relocate Start 2.668ms
[83.635s][info][gc,phases   ] GC(38) Concurrent Relocate 168.320ms
[83.635s][info][gc,load     ] GC(38) Load: 2.00/1.69/1.03
[83.635s][info][gc,mmu      ] GC(38) MMU: 2ms/0.0%, 5ms/3.7%, 10ms/51.8%, 20ms/75.9%, 50ms/90.4%, 100ms/94.6%
[83.635s][info][gc,marking  ] GC(38) Mark: 1 stripe(s), 2 proactive flush(es), 1 terminate flush(es), 0 completion(s), 0 continuation(s) 
[83.635s][info][gc,reloc    ] GC(38) Relocation: Successful, 52M relocated
[83.635s][info][gc,nmethod  ] GC(38) NMethods: 4281 registered, 5 unregistered
[83.635s][info][gc,metaspace] GC(38) Metaspace: 73M used, 77M capacity, 77M committed, 78M reserved
[83.635s][info][gc,ref      ] GC(38) Soft: 4918 encountered, 0 discovered, 0 enqueued
[83.635s][info][gc,ref      ] GC(38) Weak: 4868 encountered, 3839 discovered, 0 enqueued
[83.635s][info][gc,ref      ] GC(38) Final: 28 encountered, 0 discovered, 0 enqueued
[83.635s][info][gc,ref      ] GC(38) Phantom: 662 encountered, 658 discovered, 0 enqueued
[83.635s][info][gc,heap     ] GC(38)                Mark Start          Mark End        Relocate Start      Relocate End           High               Low         
[83.635s][info][gc,heap     ] GC(38)  Capacity:     1990M (100%)       1990M (100%)       1990M (100%)       1990M (100%)       1990M (100%)       1990M (100%)   
[83.635s][info][gc,heap     ] GC(38)   Reserve:       34M (2%)           34M (2%)           34M (2%)           34M (2%)           34M (2%)           34M (2%)     
[83.635s][info][gc,heap     ] GC(38)      Free:     1186M (60%)        1078M (54%)        1084M (54%)        1510M (76%)        1510M (76%)        1078M (54%)    
[83.635s][info][gc,heap     ] GC(38)      Used:      770M (39%)         878M (44%)         872M (44%)         446M (22%)         878M (44%)         446M (22%)    
[83.635s][info][gc,heap     ] GC(38)      Live:         -               295M (15%)         295M (15%)         295M (15%)            -                  -          
[83.635s][info][gc,heap     ] GC(38) Allocated:         -               108M (5%)          108M (5%)          136M (7%)             -                  -          
[83.635s][info][gc,heap     ] GC(38)   Garbage:         -               474M (24%)         468M (24%)          42M (2%)             -                  -          
[83.635s][info][gc,heap     ] GC(38) Reclaimed:         -                  -                 6M (0%)          432M (22%)            -                  -          
[83.635s][info][gc          ] GC(38) Garbage Collection (Allocation Rate) 770M(39%)->446M(22%)
[84.393s][info][gc,start    ] GC(39) Garbage Collection (Allocation Rate)
[84.399s][info][gc,phases   ] GC(39) Pause Mark Start 3.072ms
[85.195s][info][gc,phases   ] GC(39) Concurrent Mark 795.720ms
[85.197s][info][gc,phases   ] GC(39) Pause Mark End 0.311ms
[85.199s][info][gc,phases   ] GC(39) Concurrent Process Non-Strong References 1.441ms
[85.199s][info][gc,phases   ] GC(39) Concurrent Reset Relocation Set 0.575ms
[85.199s][info][gc,phases   ] GC(39) Concurrent Destroy Detached Pages 0.000ms
[85.201s][info][gc,phases   ] GC(39) Concurrent Select Relocation Set 1.627ms
[85.204s][info][gc,phases   ] GC(39) Concurrent Prepare Relocation Set 3.286ms
[85.213s][info][gc,phases   ] GC(39) Pause Relocate Start 2.692ms
[85.339s][info][gc,phases   ] GC(39) Concurrent Relocate 125.166ms
[85.339s][info][gc,load     ] GC(39) Load: 2.00/1.69/1.03
[85.339s][info][gc,mmu      ] GC(39) MMU: 2ms/0.0%, 5ms/3.7%, 10ms/51.8%, 20ms/75.9%, 50ms/90.4%, 100ms/94.6%
[85.339s][info][gc,marking  ] GC(39) Mark: 1 stripe(s), 2 proactive flush(es), 1 terminate flush(es), 0 completion(s), 0 continuation(s) 
[85.339s][info][gc,reloc    ] GC(39) Relocation: Successful, 58M relocated
[85.339s][info][gc,nmethod  ] GC(39) NMethods: 4311 registered, 5 unregistered
[85.339s][info][gc,metaspace] GC(39) Metaspace: 73M used, 77M capacity, 77M committed, 78M reserved
[85.339s][info][gc,ref      ] GC(39) Soft: 4918 encountered, 0 discovered, 0 enqueued
[85.339s][info][gc,ref      ] GC(39) Weak: 5071 encountered, 4017 discovered, 101 enqueued
[85.339s][info][gc,ref      ] GC(39) Final: 28 encountered, 0 discovered, 0 enqueued
[85.339s][info][gc,ref      ] GC(39) Phantom: 662 encountered, 658 discovered, 0 enqueued
[85.339s][info][gc,heap     ] GC(39)                Mark Start          Mark End        Relocate Start      Relocate End           High               Low         
[85.339s][info][gc,heap     ] GC(39)  Capacity:     1990M (100%)       1990M (100%)       1990M (100%)       1990M (100%)       1990M (100%)       1990M (100%)   
[85.339s][info][gc,heap     ] GC(39)   Reserve:       34M (2%)           34M (2%)           34M (2%)           34M (2%)           34M (2%)           34M (2%)     
[85.339s][info][gc,heap     ] GC(39)      Free:     1242M (62%)        1040M (52%)        1266M (64%)        1444M (73%)        1444M (73%)        1040M (52%)    
[85.339s][info][gc,heap     ] GC(39)      Used:      714M (36%)         916M (46%)         690M (35%)         512M (26%)         916M (46%)         512M (26%)    
[85.339s][info][gc,heap     ] GC(39)      Live:         -               244M (12%)         244M (12%)         244M (12%)            -                  -          
[85.339s][info][gc,heap     ] GC(39) Allocated:         -               202M (10%)         204M (10%)         292M (15%)            -                  -          
[85.339s][info][gc,heap     ] GC(39)   Garbage:         -               469M (24%)         241M (12%)          63M (3%)             -                  -          
[85.339s][info][gc,heap     ] GC(39) Reclaimed:         -                  -               228M (11%)         406M (20%)            -                  -          
[85.339s][info][gc          ] GC(39) Garbage Collection (Allocation Rate) 714M(36%)->512M(26%)
[85.893s][info][gc,start    ] GC(40) Garbage Collection (Allocation Rate)
[85.899s][info][gc,phases   ] GC(40) Pause Mark Start 3.106ms
[86.983s][info][gc,phases   ] GC(40) Concurrent Mark 1083.918ms
[86.986s][info][gc,phases   ] GC(40) Pause Mark End 0.323ms
[86.987s][info][gc,phases   ] GC(40) Concurrent Process Non-Strong References 1.461ms
[86.988s][info][gc,phases   ] GC(40) Concurrent Reset Relocation Set 0.408ms
[86.988s][info][gc,phases   ] GC(40) Concurrent Destroy Detached Pages 0.000ms
[86.989s][info][gc,phases   ] GC(40) Concurrent Select Relocation Set 1.578ms
[87.002s][info][gc,phases   ] GC(40) Concurrent Prepare Relocation Set 12.470ms
[87.007s][info][gc,phases   ] GC(40) Pause Relocate Start 2.594ms
[87.190s][info][gc,phases   ] GC(40) Concurrent Relocate 182.783ms
[87.190s][info][gc,load     ] GC(40) Load: 2.00/1.69/1.03
[87.190s][info][gc,mmu      ] GC(40) MMU: 2ms/0.0%, 5ms/3.7%, 10ms/51.8%, 20ms/75.9%, 50ms/90.4%, 100ms/94.6%
[87.190s][info][gc,marking  ] GC(40) Mark: 1 stripe(s), 2 proactive flush(es), 1 terminate flush(es), 0 completion(s), 0 continuation(s) 
[87.190s][info][gc,reloc    ] GC(40) Relocation: Successful, 53M relocated
[87.190s][info][gc,nmethod  ] GC(40) NMethods: 4311 registered, 5 unregistered
[87.190s][info][gc,metaspace] GC(40) Metaspace: 73M used, 77M capacity, 77M committed, 78M reserved
[87.190s][info][gc,ref      ] GC(40) Soft: 4918 encountered, 0 discovered, 0 enqueued
[87.190s][info][gc,ref      ] GC(40) Weak: 4975 encountered, 3922 discovered, 5 enqueued
[87.190s][info][gc,ref      ] GC(40) Final: 28 encountered, 0 discovered, 0 enqueued
[87.190s][info][gc,ref      ] GC(40) Phantom: 662 encountered, 658 discovered, 0 enqueued
[87.190s][info][gc,heap     ] GC(40)                Mark Start          Mark End        Relocate Start      Relocate End           High               Low         
[87.190s][info][gc,heap     ] GC(40)  Capacity:     1990M (100%)       1990M (100%)       1990M (100%)       1990M (100%)       1990M (100%)       1990M (100%)   
[87.190s][info][gc,heap     ] GC(40)   Reserve:       34M (2%)           34M (2%)           34M (2%)           34M (2%)           34M (2%)           34M (2%)     
[87.190s][info][gc,heap     ] GC(40)      Free:     1194M (60%)        1062M (53%)        1068M (54%)        1506M (76%)        1506M (76%)        1062M (53%)    
[87.190s][info][gc,heap     ] GC(40)      Used:      762M (38%)         894M (45%)         888M (45%)         450M (23%)         894M (45%)         450M (23%)    
[87.190s][info][gc,heap     ] GC(40)      Live:         -               277M (14%)         277M (14%)         277M (14%)            -                  -          
[87.190s][info][gc,heap     ] GC(40) Allocated:         -               132M (7%)          132M (7%)          164M (8%)             -                  -          
[87.190s][info][gc,heap     ] GC(40)   Garbage:         -               484M (24%)         478M (24%)          40M (2%)             -                  -          
[87.190s][info][gc,heap     ] GC(40) Reclaimed:         -                  -                 6M (0%)          444M (22%)            -                  -          
[87.190s][info][gc          ] GC(40) Garbage Collection (Allocation Rate) 762M(38%)->450M(23%)
[88.293s][info][gc,start    ] GC(41) Garbage Collection (Allocation Rate)
[88.299s][info][gc,phases   ] GC(41) Pause Mark Start 3.146ms
[89.136s][info][gc,heap     ] Page Cache Flushed: 8M requested, 12M(1088M->1076M) flushed
[89.282s][info][gc,phases   ] GC(41) Concurrent Mark 983.193ms
[89.286s][info][gc,phases   ] GC(41) Pause Mark End 0.341ms
[89.290s][info][gc,phases   ] GC(41) Concurrent Process Non-Strong References 4.041ms
[89.290s][info][gc,phases   ] GC(41) Concurrent Reset Relocation Set 0.619ms
[89.290s][info][gc,phases   ] GC(41) Concurrent Destroy Detached Pages 0.004ms
[89.292s][info][gc,phases   ] GC(41) Concurrent Select Relocation Set 1.539ms
[89.298s][info][gc,phases   ] GC(41) Concurrent Prepare Relocation Set 5.682ms
[89.307s][info][gc,phases   ] GC(41) Pause Relocate Start 2.728ms
[89.421s][info][gc,phases   ] GC(41) Concurrent Relocate 114.253ms
[89.421s][info][gc,load     ] GC(41) Load: 1.92/1.68/1.03
[89.421s][info][gc,mmu      ] GC(41) MMU: 2ms/0.0%, 5ms/3.7%, 10ms/51.8%, 20ms/75.9%, 50ms/90.4%, 100ms/94.6%
[89.421s][info][gc,marking  ] GC(41) Mark: 1 stripe(s), 2 proactive flush(es), 1 terminate flush(es), 0 completion(s), 0 continuation(s) 
[89.421s][info][gc,reloc    ] GC(41) Relocation: Successful, 23M relocated
[89.421s][info][gc,nmethod  ] GC(41) NMethods: 4410 registered, 5 unregistered
[89.421s][info][gc,metaspace] GC(41) Metaspace: 73M used, 77M capacity, 77M committed, 78M reserved
[89.421s][info][gc,ref      ] GC(41) Soft: 4917 encountered, 0 discovered, 0 enqueued
[89.421s][info][gc,ref      ] GC(41) Weak: 5077 encountered, 4089 discovered, 4 enqueued
[89.421s][info][gc,ref      ] GC(41) Final: 28 encountered, 0 discovered, 0 enqueued
[89.421s][info][gc,ref      ] GC(41) Phantom: 663 encountered, 659 discovered, 0 enqueued
[89.421s][info][gc,heap     ] GC(41)                Mark Start          Mark End        Relocate Start      Relocate End           High               Low         
[89.421s][info][gc,heap     ] GC(41)  Capacity:     1990M (100%)       1990M (100%)       1990M (100%)       1990M (100%)       1990M (100%)       1990M (100%)   
[89.421s][info][gc,heap     ] GC(41)   Reserve:       34M (2%)           34M (2%)           34M (2%)           34M (2%)           34M (2%)           34M (2%)     
[89.422s][info][gc,heap     ] GC(41)      Free:     1234M (62%)        1070M (54%)        1502M (75%)        1532M (77%)        1536M (77%)        1070M (54%)    
[89.422s][info][gc,heap     ] GC(41)      Used:      722M (36%)         886M (45%)         454M (23%)         424M (21%)         886M (45%)         420M (21%)    
[89.422s][info][gc,heap     ] GC(41)      Live:         -               206M (10%)         206M (10%)         206M (10%)            -                  -          
[89.422s][info][gc,heap     ] GC(41) Allocated:         -               166M (8%)          166M (8%)          198M (10%)            -                  -          
[89.422s][info][gc,heap     ] GC(41)   Garbage:         -               515M (26%)          83M (4%)           33M (2%)             -                  -          
[89.422s][info][gc,heap     ] GC(41) Reclaimed:         -                  -               432M (22%)         482M (24%)            -                  -          
[89.422s][info][gc          ] GC(41) Garbage Collection (Allocation Rate) 722M(36%)->424M(21%)
[90.093s][info][gc,stats    ] === Garbage Collection Statistics =======================================================================================================================
[90.093s][info][gc,stats    ]                                                              Last 10s              Last 10m              Last 10h                Total
[90.093s][info][gc,stats    ]                                                              Avg / Max             Avg / Max             Avg / Max             Avg / Max
[90.093s][info][gc,stats    ]   Collector: Garbage Collection Cycle                   1157.753 / 1441.696    926.001 / 1704.378    926.001 / 1704.378    926.001 / 1704.378    ms
[90.093s][info][gc,stats    ]  Contention: Mark Segment Reset Contention                     0 / 0                 0 / 0                 0 / 0                 0 / 0           ops/s
[90.093s][info][gc,stats    ]  Contention: Mark SeqNum Reset Contention                      0 / 0                 0 / 0                 0 / 0                 0 / 0           ops/s
[90.093s][info][gc,stats    ]  Contention: Relocation Contention                             0 / 1                 0 / 2                 0 / 2                 0 / 2           ops/s
[90.093s][info][gc,stats    ]    Critical: Allocation Stall                              0.000 / 0.000         0.000 / 0.000         0.000 / 0.000         0.000 / 0.000       ms
[90.093s][info][gc,stats    ]    Critical: Allocation Stall                                  0 / 0                 0 / 0                 0 / 0                 0 / 0           ops/s
[90.093s][info][gc,stats    ]    Critical: GC Locker Stall                               0.000 / 0.000         0.000 / 0.000         0.000 / 0.000         0.000 / 0.000       ms
[90.093s][info][gc,stats    ]    Critical: GC Locker Stall                                   0 / 0                 0 / 0                 0 / 0                 0 / 0           ops/s
[90.093s][info][gc,stats    ]      Memory: Allocation Rate                                 239 / 370             266 / 1282            266 / 1282            266 / 1282        MB/s
[90.093s][info][gc,stats    ]      Memory: Heap Used After Mark                            908 / 966             928 / 1920            928 / 1920            928 / 1920        MB
[90.093s][info][gc,stats    ]      Memory: Heap Used After Relocation                      469 / 516             397 / 1124            397 / 1124            397 / 1124        MB
[90.093s][info][gc,stats    ]      Memory: Heap Used Before Mark                           746 / 770             782 / 1828            782 / 1828            782 / 1828        MB
[90.093s][info][gc,stats    ]      Memory: Heap Used Before Relocation                     723 / 888             593 / 1114            593 / 1114            593 / 1114        MB
[90.093s][info][gc,stats    ]      Memory: Out Of Memory                                     0 / 0                 0 / 0                 0 / 0                 0 / 0           ops/s
[90.093s][info][gc,stats    ]      Memory: Page Cache Flush                                  1 / 12                4 / 72                4 / 72                4 / 72          MB/s
[90.093s][info][gc,stats    ]      Memory: Page Cache Hit L1                               112 / 176             118 / 642             118 / 642             118 / 642         ops/s
[90.093s][info][gc,stats    ]      Memory: Page Cache Hit L2                                 0 / 0                 0 / 0                 0 / 0                 0 / 0           ops/s
[90.093s][info][gc,stats    ]      Memory: Page Cache Miss                                   0 / 1                10 / 223              10 / 223              10 / 223         ops/s
[90.093s][info][gc,stats    ]      Memory: Undo Object Allocation Failed                     0 / 0                 0 / 0                 0 / 0                 0 / 0           ops/s
[90.093s][info][gc,stats    ]      Memory: Undo Object Allocation Succeeded                  0 / 1                 0 / 2                 0 / 2                 0 / 2           ops/s
[90.093s][info][gc,stats    ]      Memory: Undo Page Allocation                              0 / 1                 0 / 1                 0 / 1                 0 / 1           ops/s
[90.093s][info][gc,stats    ]       Phase: Concurrent Destroy Detached Pages             0.001 / 0.004         0.001 / 0.011         0.001 / 0.011         0.001 / 0.011       ms
[90.093s][info][gc,stats    ]       Phase: Concurrent Mark                             985.937 / 1247.878    762.403 / 1560.269    762.403 / 1560.269    762.403 / 1560.269    ms
[90.093s][info][gc,stats    ]       Phase: Concurrent Mark Continue                      0.000 / 0.000         0.000 / 0.000         0.000 / 0.000         0.000 / 0.000       ms
[90.093s][info][gc,stats    ]       Phase: Concurrent Prepare Relocation Set             6.647 / 12.470        9.075 / 64.267        9.075 / 64.267        9.075 / 64.267      ms
[90.093s][info][gc,stats    ]       Phase: Concurrent Process Non-Strong References      1.978 / 4.041         1.893 / 5.947         1.893 / 5.947         1.893 / 5.947       ms
[90.093s][info][gc,stats    ]       Phase: Concurrent Relocate                         144.897 / 182.783     135.787 / 393.686     135.787 / 393.686     135.787 / 393.686     ms
[90.093s][info][gc,stats    ]       Phase: Concurrent Reset Relocation Set               0.546 / 0.681         0.424 / 1.179         0.424 / 1.179         0.424 / 1.179       ms
[90.093s][info][gc,stats    ]       Phase: Concurrent Select Relocation Set              1.584 / 1.650         1.848 / 5.376         1.848 / 5.376         1.848 / 5.376       ms
[90.093s][info][gc,stats    ]       Phase: Pause Mark End                                0.326 / 0.341         0.271 / 0.595         0.271 / 0.595         0.271 / 0.595       ms
[90.093s][info][gc,stats    ]       Phase: Pause Mark Start                              3.115 / 3.146         2.553 / 4.144         2.553 / 4.144         2.553 / 4.144       ms
[90.093s][info][gc,stats    ]       Phase: Pause Relocate Start                          2.688 / 2.758         2.252 / 4.816         2.252 / 4.816         2.252 / 4.816       ms
[90.093s][info][gc,stats    ]    Subphase: Concurrent Mark                             985.913 / 1247.848    761.826 / 1560.247    761.826 / 1560.247    761.826 / 1560.247    ms
[90.093s][info][gc,stats    ]    Subphase: Concurrent Mark Idle                          0.000 / 0.000         0.000 / 0.000         0.000 / 0.000         0.000 / 0.000       ms
[90.093s][info][gc,stats    ]    Subphase: Concurrent Mark Try Flush                     1.235 / 5.035         1.658 / 13.453        1.658 / 13.453        1.658 / 13.453      ms
[90.093s][info][gc,stats    ]    Subphase: Concurrent Mark Try Terminate                 0.488 / 1.003         0.470 / 1.981         0.470 / 1.981         0.470 / 1.981       ms
[90.093s][info][gc,stats    ]    Subphase: Concurrent References Enqueue                 0.002 / 0.003         0.002 / 0.005         0.002 / 0.005         0.002 / 0.005       ms
[90.093s][info][gc,stats    ]    Subphase: Concurrent References Process                 0.698 / 0.730         0.950 / 5.130         0.950 / 5.130         0.950 / 5.130       ms
[90.094s][info][gc,stats    ]    Subphase: Concurrent Weak Roots                         0.760 / 0.767         0.790 / 1.540         0.790 / 1.540         0.790 / 1.540       ms
[90.094s][info][gc,stats    ]    Subphase: Concurrent Weak Roots JNIWeakHandles          0.000 / 0.001         0.000 / 0.001         0.000 / 0.001         0.000 / 0.001       ms
[90.094s][info][gc,stats    ]    Subphase: Concurrent Weak Roots StringTable             0.567 / 0.582         0.593 / 1.123         0.593 / 1.123         0.593 / 1.123       ms
[90.094s][info][gc,stats    ]    Subphase: Concurrent Weak Roots VMWeakHandles           0.192 / 0.220         0.196 / 0.415         0.196 / 0.415         0.196 / 0.415       ms
[90.094s][info][gc,stats    ]    Subphase: Pause Mark Try Complete                       0.000 / 0.000         0.001 / 0.001         0.001 / 0.001         0.001 / 0.001       ms
[90.094s][info][gc,stats    ]    Subphase: Pause Remap TLABS                             0.002 / 0.003         0.002 / 0.005         0.002 / 0.005         0.002 / 0.005       ms
[90.094s][info][gc,stats    ]    Subphase: Pause Retire TLABS                            0.020 / 0.021         0.015 / 0.029         0.015 / 0.029         0.015 / 0.029       ms
[90.094s][info][gc,stats    ]    Subphase: Pause Roots                                   1.818 / 2.835         1.504 / 4.397         1.504 / 4.397         1.504 / 4.397       ms
[90.094s][info][gc,stats    ]    Subphase: Pause Roots ClassLoaderDataGraph              0.659 / 0.791         0.642 / 1.672         0.642 / 1.672         0.642 / 1.672       ms
[90.094s][info][gc,stats    ]    Subphase: Pause Roots CodeCache                         1.530 / 1.634         1.154 / 2.345         1.154 / 2.345         1.154 / 2.345       ms
[90.094s][info][gc,stats    ]    Subphase: Pause Roots JNIHandles                        0.001 / 0.001         0.001 / 0.006         0.001 / 0.006         0.001 / 0.006       ms
[90.094s][info][gc,stats    ]    Subphase: Pause Roots JNIWeakHandles                    0.000 / 0.000         0.000 / 0.000         0.000 / 0.000         0.000 / 0.000       ms
[90.094s][info][gc,stats    ]    Subphase: Pause Roots JRFWeak                           0.000 / 0.000         0.000 / 0.000         0.000 / 0.000         0.000 / 0.000       ms
[90.094s][info][gc,stats    ]    Subphase: Pause Roots JVMTIExport                       0.000 / 0.000         0.000 / 0.001         0.000 / 0.001         0.000 / 0.001       ms
[90.094s][info][gc,stats    ]    Subphase: Pause Roots JVMTIWeakExport                   0.001 / 0.001         0.001 / 0.001         0.001 / 0.001         0.001 / 0.001       ms
[90.094s][info][gc,stats    ]    Subphase: Pause Roots Management                        0.001 / 0.001         0.005 / 0.337         0.005 / 0.337         0.005 / 0.337       ms
[90.094s][info][gc,stats    ]    Subphase: Pause Roots ObjectSynchronizer                0.000 / 0.000         0.000 / 0.001         0.000 / 0.001         0.000 / 0.001       ms
[90.094s][info][gc,stats    ]    Subphase: Pause Roots Setup                             0.185 / 0.378         0.156 / 0.423         0.156 / 0.423         0.156 / 0.423       ms
[90.094s][info][gc,stats    ]    Subphase: Pause Roots StringTable                       0.000 / 0.000         0.000 / 0.000         0.000 / 0.000         0.000 / 0.000       ms
[90.094s][info][gc,stats    ]    Subphase: Pause Roots SystemDictionary                  0.012 / 0.014         0.013 / 0.029         0.013 / 0.029         0.013 / 0.029       ms
[90.094s][info][gc,stats    ]    Subphase: Pause Roots Teardown                          0.001 / 0.002         0.001 / 0.002         0.001 / 0.002         0.001 / 0.002       ms
[90.094s][info][gc,stats    ]    Subphase: Pause Roots Threads                           0.345 / 0.403         0.289 / 0.956         0.289 / 0.956         0.289 / 0.956       ms
[90.094s][info][gc,stats    ]    Subphase: Pause Roots Universe                          0.002 / 0.003         0.003 / 0.020         0.003 / 0.020         0.003 / 0.020       ms
[90.094s][info][gc,stats    ]    Subphase: Pause Roots VMWeakHandles                     0.000 / 0.000         0.000 / 0.000         0.000 / 0.000         0.000 / 0.000       ms
[90.094s][info][gc,stats    ]    Subphase: Pause Weak Roots                              0.001 / 0.002         0.001 / 0.005         0.001 / 0.005         0.001 / 0.005       ms
[90.094s][info][gc,stats    ]    Subphase: Pause Weak Roots JFRWeak                      0.001 / 0.001         0.001 / 0.001         0.001 / 0.001         0.001 / 0.001       ms
[90.094s][info][gc,stats    ]    Subphase: Pause Weak Roots JNIWeakHandles               0.000 / 0.000         0.000 / 0.000         0.000 / 0.000         0.000 / 0.000       ms
[90.094s][info][gc,stats    ]    Subphase: Pause Weak Roots JVMTIWeakExport              0.000 / 0.001         0.001 / 0.005         0.001 / 0.005         0.001 / 0.005       ms
[90.094s][info][gc,stats    ]    Subphase: Pause Weak Roots Setup                        0.000 / 0.000         0.000 / 0.000         0.000 / 0.000         0.000 / 0.000       ms
[90.094s][info][gc,stats    ]    Subphase: Pause Weak Roots StringTable                  0.000 / 0.000         0.000 / 0.000         0.000 / 0.000         0.000 / 0.000       ms
[90.094s][info][gc,stats    ]    Subphase: Pause Weak Roots SymbolTable                  0.000 / 0.000         0.000 / 0.000         0.000 / 0.000         0.000 / 0.000       ms
[90.094s][info][gc,stats    ]    Subphase: Pause Weak Roots Teardown                     0.000 / 0.000         0.000 / 0.001         0.000 / 0.001         0.000 / 0.001       ms
[90.094s][info][gc,stats    ]    Subphase: Pause Weak Roots VMWeakHandles                0.000 / 0.000         0.000 / 0.000         0.000 / 0.000         0.000 / 0.000       ms
[90.094s][info][gc,stats    ]      System: Java Threads                                    117 / 122              76 / 122              76 / 122              76 / 122         threads
[90.094s][info][gc,stats    ] =========================================================================================================================================================
[91.393s][info][gc,start    ] GC(42) Garbage Collection (Allocation Rate)
[91.399s][info][gc,phases   ] GC(42) Pause Mark Start 3.474ms
[91.514s][info][gc,heap     ] Page Cache Flushed: 2M requested, 18M(884M->866M) flushed
[92.013s][info][gc,phases   ] GC(42) Concurrent Mark 614.423ms
[92.016s][info][gc,phases   ] GC(42) Pause Mark End 0.322ms
[92.018s][info][gc,phases   ] GC(42) Concurrent Process Non-Strong References 1.483ms
[92.020s][info][gc,phases   ] GC(42) Concurrent Reset Relocation Set 0.011ms
[92.021s][info][gc,phases   ] GC(42) Concurrent Destroy Detached Pages 0.002ms
[92.022s][info][gc,phases   ] GC(42) Concurrent Select Relocation Set 1.548ms
[92.022s][info][gc,phases   ] GC(42) Concurrent Prepare Relocation Set 0.182ms
[92.028s][info][gc,phases   ] GC(42) Pause Relocate Start 2.734ms
[92.054s][info][gc,phases   ] GC(42) Concurrent Relocate 26.099ms
[92.054s][info][gc,load     ] GC(42) Load: 1.92/1.68/1.03
[92.054s][info][gc,mmu      ] GC(42) MMU: 2ms/0.0%, 5ms/3.7%, 10ms/51.8%, 20ms/75.9%, 50ms/90.4%, 100ms/94.6%
[92.054s][info][gc,marking  ] GC(42) Mark: 1 stripe(s), 2 proactive flush(es), 1 terminate flush(es), 0 completion(s), 0 continuation(s) 
[92.054s][info][gc,reloc    ] GC(42) Relocation: Successful, 15M relocated
[92.054s][info][gc,nmethod  ] GC(42) NMethods: 4527 registered, 5 unregistered
[92.054s][info][gc,metaspace] GC(42) Metaspace: 73M used, 77M capacity, 77M committed, 78M reserved
[92.054s][info][gc,ref      ] GC(42) Soft: 4922 encountered, 0 discovered, 0 enqueued
[92.054s][info][gc,ref      ] GC(42) Weak: 5253 encountered, 4219 discovered, 283 enqueued
[92.054s][info][gc,ref      ] GC(42) Final: 28 encountered, 0 discovered, 0 enqueued
[92.054s][info][gc,ref      ] GC(42) Phantom: 663 encountered, 468 discovered, 0 enqueued
[92.054s][info][gc,heap     ] GC(42)                Mark Start          Mark End        Relocate Start      Relocate End           High               Low         
[92.054s][info][gc,heap     ] GC(42)  Capacity:     1990M (100%)       1990M (100%)       1990M (100%)       1990M (100%)       1990M (100%)       1990M (100%)   
[92.054s][info][gc,heap     ] GC(42)   Reserve:       34M (2%)           34M (2%)           34M (2%)           34M (2%)           34M (2%)           34M (2%)     
[92.054s][info][gc,heap     ] GC(42)      Free:      944M (47%)         808M (41%)        1548M (78%)        1588M (80%)        1590M (80%)         806M (41%)    
[92.054s][info][gc,heap     ] GC(42)      Used:     1012M (51%)        1148M (58%)         408M (21%)         368M (18%)        1150M (58%)         366M (18%)    
[92.054s][info][gc,heap     ] GC(42)      Live:         -               191M (10%)         191M (10%)         191M (10%)            -                  -          
[92.054s][info][gc,heap     ] GC(42) Allocated:         -               136M (7%)          138M (7%)          150M (8%)             -                  -          
[92.054s][info][gc,heap     ] GC(42)   Garbage:         -               820M (41%)          78M (4%)           34M (2%)             -                  -          
[92.054s][info][gc,heap     ] GC(42) Reclaimed:         -                  -               742M (37%)         786M (39%)            -                  -          
[92.054s][info][gc          ] GC(42) Garbage Collection (Allocation Rate) 1012M(51%)->368M(18%)
[93.093s][info][gc,start    ] GC(43) Garbage Collection (Allocation Rate)
[93.100s][info][gc,phases   ] GC(43) Pause Mark Start 3.914ms
[93.107s][info][gc,heap     ] Page Cache Flushed: 26M requested, 30M(1144M->1114M) flushed
[93.354s][info][gc,heap     ] Page Cache Flushed: 2M requested, 10M(986M->976M) flushed
[93.609s][info][gc,heap     ] Page Cache Flushed: 4M requested, 4M(848M->844M) flushed
[93.884s][info][gc,phases   ] GC(43) Concurrent Mark 783.611ms
[93.887s][info][gc,phases   ] GC(43) Pause Mark End 0.413ms
[93.888s][info][gc,phases   ] GC(43) Concurrent Process Non-Strong References 1.463ms
[93.888s][info][gc,phases   ] GC(43) Concurrent Reset Relocation Set 0.005ms
[93.888s][info][gc,phases   ] GC(43) Concurrent Destroy Detached Pages 0.006ms
[93.891s][info][gc,phases   ] GC(43) Concurrent Select Relocation Set 2.709ms
[93.891s][info][gc,phases   ] GC(43) Concurrent Prepare Relocation Set 0.039ms
[93.896s][info][gc,phases   ] GC(43) Pause Relocate Start 2.696ms
[93.904s][info][gc,phases   ] GC(43) Concurrent Relocate 7.728ms
[93.904s][info][gc,load     ] GC(43) Load: 1.84/1.66/1.03
[93.904s][info][gc,mmu      ] GC(43) MMU: 2ms/0.0%, 5ms/3.7%, 10ms/51.8%, 20ms/75.9%, 50ms/90.4%, 100ms/94.6%
[93.904s][info][gc,marking  ] GC(43) Mark: 1 stripe(s), 2 proactive flush(es), 1 terminate flush(es), 0 completion(s), 0 continuation(s) 
[93.904s][info][gc,reloc    ] GC(43) Relocation: Successful, 11M relocated
[93.904s][info][gc,nmethod  ] GC(43) NMethods: 4576 registered, 5 unregistered
[93.904s][info][gc,metaspace] GC(43) Metaspace: 73M used, 77M capacity, 77M committed, 78M reserved
[93.904s][info][gc,ref      ] GC(43) Soft: 4921 encountered, 0 discovered, 0 enqueued
[93.904s][info][gc,ref      ] GC(43) Weak: 5046 encountered, 3989 discovered, 94 enqueued
[93.904s][info][gc,ref      ] GC(43) Final: 28 encountered, 0 discovered, 0 enqueued
[93.904s][info][gc,ref      ] GC(43) Phantom: 663 encountered, 659 discovered, 0 enqueued
[93.904s][info][gc,heap     ] GC(43)                Mark Start          Mark End        Relocate Start      Relocate End           High               Low         
[93.904s][info][gc,heap     ] GC(43)  Capacity:     1990M (100%)       1990M (100%)       1990M (100%)       1990M (100%)       1990M (100%)       1990M (100%)   
[93.904s][info][gc,heap     ] GC(43)   Reserve:       34M (2%)           34M (2%)           34M (2%)           34M (2%)           34M (2%)           34M (2%)     
[93.904s][info][gc,heap     ] GC(43)      Free:     1170M (59%)         788M (40%)        1308M (66%)        1340M (67%)        1340M (67%)         788M (40%)    
[93.904s][info][gc,heap     ] GC(43)      Used:      786M (39%)        1168M (59%)         648M (33%)         616M (31%)        1168M (59%)         616M (31%)    
[93.904s][info][gc,heap     ] GC(43)      Live:         -               201M (10%)         201M (10%)         201M (10%)            -                  -          
[93.904s][info][gc,heap     ] GC(43) Allocated:         -               384M (19%)         384M (19%)         386M (19%)            -                  -          
[93.904s][info][gc,heap     ] GC(43)   Garbage:         -               584M (29%)          64M (3%)           32M (2%)             -                  -          
[93.904s][info][gc,heap     ] GC(43) Reclaimed:         -                  -               520M (26%)         552M (28%)            -                  -          
[93.904s][info][gc          ] GC(43) Garbage Collection (Allocation Rate) 786M(39%)->616M(31%)
[94.512s][info][gc,heap     ] Page Cache Flushed: 6M requested, 32M(1066M->1034M) flushed
[94.593s][info][gc,start    ] GC(44) Garbage Collection (Allocation Rate)
[94.599s][info][gc,phases   ] GC(44) Pause Mark Start 3.332ms
[94.911s][info][gc,heap     ] Page Cache Flushed: 18M requested, 18M(828M->810M) flushed
[95.456s][info][gc,phases   ] GC(44) Concurrent Mark 857.186ms
[95.459s][info][gc,phases   ] GC(44) Pause Mark End 0.429ms
[95.461s][info][gc,phases   ] GC(44) Concurrent Process Non-Strong References 1.484ms
[95.461s][info][gc,phases   ] GC(44) Concurrent Reset Relocation Set 0.005ms
[95.461s][info][gc,phases   ] GC(44) Concurrent Destroy Detached Pages 0.005ms
[95.463s][info][gc,phases   ] GC(44) Concurrent Select Relocation Set 1.542ms
[95.481s][info][gc,phases   ] GC(44) Concurrent Prepare Relocation Set 18.504ms
[95.487s][info][gc,phases   ] GC(44) Pause Relocate Start 2.786ms
[95.805s][info][gc,phases   ] GC(44) Concurrent Relocate 318.495ms
[95.805s][info][gc,load     ] GC(44) Load: 1.84/1.66/1.03
[95.805s][info][gc,mmu      ] GC(44) MMU: 2ms/0.0%, 5ms/3.7%, 10ms/51.8%, 20ms/75.9%, 50ms/90.4%, 100ms/94.6%
[95.805s][info][gc,marking  ] GC(44) Mark: 1 stripe(s), 2 proactive flush(es), 1 terminate flush(es), 0 completion(s), 0 continuation(s) 
[95.805s][info][gc,reloc    ] GC(44) Relocation: Successful, 55M relocated
[95.805s][info][gc,nmethod  ] GC(44) NMethods: 4624 registered, 5 unregistered
[95.805s][info][gc,metaspace] GC(44) Metaspace: 73M used, 77M capacity, 77M committed, 78M reserved
[95.805s][info][gc,ref      ] GC(44) Soft: 4921 encountered, 0 discovered, 0 enqueued
[95.805s][info][gc,ref      ] GC(44) Weak: 4971 encountered, 3941 discovered, 6 enqueued
[95.805s][info][gc,ref      ] GC(44) Final: 28 encountered, 0 discovered, 0 enqueued
[95.805s][info][gc,ref      ] GC(44) Phantom: 663 encountered, 659 discovered, 0 enqueued
[95.805s][info][gc,heap     ] GC(44)                Mark Start          Mark End        Relocate Start      Relocate End           High               Low         
[95.805s][info][gc,heap     ] GC(44)  Capacity:     1990M (100%)       1990M (100%)       1990M (100%)       1990M (100%)       1990M (100%)       1990M (100%)   
[95.805s][info][gc,heap     ] GC(44)   Reserve:       34M (2%)           34M (2%)           34M (2%)           34M (2%)           34M (2%)           34M (2%)     
[95.805s][info][gc,heap     ] GC(44)      Free:      980M (49%)         796M (40%)        1090M (55%)        1466M (74%)        1466M (74%)         796M (40%)    
[95.805s][info][gc,heap     ] GC(44)      Used:      976M (49%)        1160M (58%)         866M (44%)         490M (25%)        1160M (58%)         490M (25%)    
[95.805s][info][gc,heap     ] GC(44)      Live:         -               246M (12%)         246M (12%)         246M (12%)            -                  -          
[95.805s][info][gc,heap     ] GC(44) Allocated:         -               184M (9%)          184M (9%)          288M (14%)            -                  -          
[95.805s][info][gc,heap     ] GC(44)   Garbage:         -               729M (37%)         435M (22%)          21M (1%)             -                  -          
[95.805s][info][gc,heap     ] GC(44) Reclaimed:         -                  -               294M (15%)         708M (36%)            -                  -          
[95.805s][info][gc          ] GC(44) Garbage Collection (Allocation Rate) 976M(49%)->490M(25%)
[95.980s][info][gc,heap     ] Page Cache Flushed: 8M requested, 12M(1414M->1402M) flushed
[95.981s][info][gc,heap     ] Page Cache Flushed: 4M requested, 6M(1402M->1396M) flushed
[95.985s][info][gc,heap     ] Page Cache Flushed: 6M requested, 6M(1396M->1390M) flushed
[96.094s][info][gc,start    ] GC(45) Garbage Collection (Allocation Rate)
[96.099s][info][gc,phases   ] GC(45) Pause Mark Start 3.303ms
[97.234s][info][gc,phases   ] GC(45) Concurrent Mark 1134.919ms
[97.237s][info][gc,phases   ] GC(45) Pause Mark End 0.372ms
[97.239s][info][gc,phases   ] GC(45) Concurrent Process Non-Strong References 1.461ms
[97.240s][info][gc,phases   ] GC(45) Concurrent Reset Relocation Set 0.884ms
[97.240s][info][gc,phases   ] GC(45) Concurrent Destroy Detached Pages 0.004ms
[97.241s][info][gc,phases   ] GC(45) Concurrent Select Relocation Set 1.591ms
[97.250s][info][gc,phases   ] GC(45) Concurrent Prepare Relocation Set 8.483ms
[97.255s][info][gc,phases   ] GC(45) Pause Relocate Start 2.787ms
[97.438s][info][gc,phases   ] GC(45) Concurrent Relocate 182.266ms
[97.438s][info][gc,load     ] GC(45) Load: 1.85/1.67/1.03
[97.438s][info][gc,mmu      ] GC(45) MMU: 2ms/0.0%, 5ms/3.7%, 10ms/51.8%, 20ms/75.9%, 50ms/90.4%, 100ms/94.6%
[97.438s][info][gc,marking  ] GC(45) Mark: 1 stripe(s), 2 proactive flush(es), 1 terminate flush(es), 0 completion(s), 0 continuation(s) 
[97.438s][info][gc,reloc    ] GC(45) Relocation: Successful, 39M relocated
[97.438s][info][gc,nmethod  ] GC(45) NMethods: 4683 registered, 5 unregistered
[97.438s][info][gc,metaspace] GC(45) Metaspace: 73M used, 77M capacity, 77M committed, 78M reserved
[97.438s][info][gc,ref      ] GC(45) Soft: 4920 encountered, 0 discovered, 0 enqueued
[97.438s][info][gc,ref      ] GC(45) Weak: 4979 encountered, 4042 discovered, 10 enqueued
[97.438s][info][gc,ref      ] GC(45) Final: 28 encountered, 0 discovered, 0 enqueued
[97.438s][info][gc,ref      ] GC(45) Phantom: 662 encountered, 658 discovered, 0 enqueued
[97.438s][info][gc,heap     ] GC(45)                Mark Start          Mark End        Relocate Start      Relocate End           High               Low         
[97.438s][info][gc,heap     ] GC(45)  Capacity:     1990M (100%)       1990M (100%)       1990M (100%)       1990M (100%)       1990M (100%)       1990M (100%)   
[97.438s][info][gc,heap     ] GC(45)   Reserve:       34M (2%)           34M (2%)           34M (2%)           34M (2%)           34M (2%)           34M (2%)     
[97.438s][info][gc,heap     ] GC(45)      Free:     1264M (64%)         678M (34%)         906M (46%)         912M (46%)        1264M (64%)         678M (34%)    
[97.438s][info][gc,heap     ] GC(45)      Used:      692M (35%)        1278M (64%)        1050M (53%)        1044M (52%)        1278M (64%)         692M (35%)    
[97.438s][info][gc,heap     ] GC(45)      Live:         -               279M (14%)         279M (14%)         279M (14%)            -                  -          
[97.438s][info][gc,heap     ] GC(45) Allocated:         -               586M (29%)         592M (30%)         790M (40%)            -                  -          
[97.438s][info][gc,heap     ] GC(45)   Garbage:         -               412M (21%)         178M (9%)           30M (2%)             -                  -          
[97.438s][info][gc,heap     ] GC(45) Reclaimed:         -                  -               234M (12%)         382M (19%)            -                  -          
[97.438s][info][gc          ] GC(45) Garbage Collection (Allocation Rate) 692M(35%)->1044M(52%)
[97.478s][info][gc,start    ] GC(46) Garbage Collection (System.gc())
[97.481s][info][gc,phases   ] GC(46) Pause Mark Start 3.288ms
[97.776s][info][gc,phases   ] GC(46) Concurrent Mark 294.243ms
[97.776s][info][gc,phases   ] GC(46) Pause Mark End 0.351ms
[97.778s][info][gc,phases   ] GC(46) Concurrent Process Non-Strong References 1.464ms
[97.778s][info][gc,phases   ] GC(46) Concurrent Reset Relocation Set 0.444ms
[97.778s][info][gc,phases   ] GC(46) Concurrent Destroy Detached Pages 0.001ms
[97.780s][info][gc,phases   ] GC(46) Concurrent Select Relocation Set 2.023ms
[97.780s][info][gc,phases   ] GC(46) Concurrent Prepare Relocation Set 0.042ms
[97.783s][info][gc,phases   ] GC(46) Pause Relocate Start 2.731ms
[97.786s][info][gc,phases   ] GC(46) Concurrent Relocate 3.011ms
[97.786s][info][gc,load     ] GC(46) Load: 1.85/1.67/1.03
[97.786s][info][gc,mmu      ] GC(46) MMU: 2ms/0.0%, 5ms/3.7%, 10ms/51.8%, 20ms/75.9%, 50ms/90.4%, 100ms/94.6%
[97.786s][info][gc,marking  ] GC(46) Mark: 1 stripe(s), 2 proactive flush(es), 1 terminate flush(es), 0 completion(s), 0 continuation(s) 
[97.786s][info][gc,reloc    ] GC(46) Relocation: Successful, 11M relocated
[97.786s][info][gc,nmethod  ] GC(46) NMethods: 4684 registered, 5 unregistered
[97.786s][info][gc,metaspace] GC(46) Metaspace: 73M used, 77M capacity, 77M committed, 78M reserved
[97.786s][info][gc,ref      ] GC(46) Soft: 4920 encountered, 0 discovered, 0 enqueued
[97.786s][info][gc,ref      ] GC(46) Weak: 4965 encountered, 4030 discovered, 107 enqueued
[97.786s][info][gc,ref      ] GC(46) Final: 28 encountered, 0 discovered, 0 enqueued
[97.786s][info][gc,ref      ] GC(46) Phantom: 662 encountered, 658 discovered, 0 enqueued
[97.786s][info][gc,heap     ] GC(46)                Mark Start          Mark End        Relocate Start      Relocate End           High               Low         
[97.786s][info][gc,heap     ] GC(46)  Capacity:     1990M (100%)       1990M (100%)       1990M (100%)       1990M (100%)       1990M (100%)       1990M (100%)   
[97.786s][info][gc,heap     ] GC(46)   Reserve:       34M (2%)           34M (2%)           34M (2%)           34M (2%)           34M (2%)           34M (2%)     
[97.786s][info][gc,heap     ] GC(46)      Free:      832M (42%)         830M (42%)        1712M (86%)        1730M (87%)        1730M (87%)         830M (42%)    
[97.786s][info][gc,heap     ] GC(46)      Used:     1124M (56%)        1126M (57%)         244M (12%)         226M (11%)        1126M (57%)         226M (11%)    
[97.786s][info][gc,heap     ] GC(46)      Live:         -               191M (10%)         191M (10%)         191M (10%)            -                  -          
[97.786s][info][gc,heap     ] GC(46) Allocated:         -                 2M (0%)            2M (0%)            4M (0%)             -                  -          
[97.786s][info][gc,heap     ] GC(46)   Garbage:         -               932M (47%)          50M (3%)           32M (2%)             -                  -          
[97.786s][info][gc,heap     ] GC(46) Reclaimed:         -                  -               882M (44%)         900M (45%)            -                  -          
[97.787s][info][gc          ] GC(46) Garbage Collection (System.gc()) 1124M(56%)->226M(11%)
[97.793s][info][gc,start    ] GC(47) Garbage Collection (Allocation Rate)
[97.803s][info][gc,phases   ] GC(47) Pause Mark Start 3.644ms
[98.514s][info][gc,phases   ] GC(47) Concurrent Mark 710.924ms
[98.517s][info][gc,phases   ] GC(47) Pause Mark End 0.495ms
[98.519s][info][gc,phases   ] GC(47) Concurrent Process Non-Strong References 1.561ms
[98.519s][info][gc,phases   ] GC(47) Concurrent Reset Relocation Set 0.004ms
[98.519s][info][gc,phases   ] GC(47) Concurrent Destroy Detached Pages 0.001ms
[98.521s][info][gc,phases   ] GC(47) Concurrent Select Relocation Set 1.590ms
[98.521s][info][gc,phases   ] GC(47) Concurrent Prepare Relocation Set 0.029ms
[98.524s][info][gc,phases   ] GC(47) Pause Relocate Start 3.004ms
[98.531s][info][gc,phases   ] GC(47) Concurrent Relocate 6.973ms
[98.531s][info][gc,load     ] GC(47) Load: 1.85/1.67/1.03
[98.531s][info][gc,mmu      ] GC(47) MMU: 2ms/0.0%, 5ms/3.7%, 10ms/51.8%, 20ms/75.9%, 50ms/86.5%, 100ms/93.3%
[98.531s][info][gc,marking  ] GC(47) Mark: 1 stripe(s), 2 proactive flush(es), 1 terminate flush(es), 0 completion(s), 0 continuation(s) 
[98.531s][info][gc,reloc    ] GC(47) Relocation: Successful, 11M relocated
[98.531s][info][gc,nmethod  ] GC(47) NMethods: 4760 registered, 5 unregistered
[98.531s][info][gc,metaspace] GC(47) Metaspace: 74M used, 78M capacity, 78M committed, 80M reserved
[98.531s][info][gc,ref      ] GC(47) Soft: 4920 encountered, 0 discovered, 0 enqueued
[98.531s][info][gc,ref      ] GC(47) Weak: 4863 encountered, 3926 discovered, 0 enqueued
[98.531s][info][gc,ref      ] GC(47) Final: 28 encountered, 0 discovered, 0 enqueued
[98.531s][info][gc,ref      ] GC(47) Phantom: 662 encountered, 658 discovered, 0 enqueued
[98.531s][info][gc,heap     ] GC(47)                Mark Start          Mark End        Relocate Start      Relocate End           High               Low         
[98.531s][info][gc,heap     ] GC(47)  Capacity:     1990M (100%)       1990M (100%)       1990M (100%)       1990M (100%)       1990M (100%)       1990M (100%)   
[98.531s][info][gc,heap     ] GC(47)   Reserve:       34M (2%)           34M (2%)           34M (2%)           34M (2%)           34M (2%)           34M (2%)     
[98.531s][info][gc,heap     ] GC(47)      Free:     1728M (87%)        1502M (75%)        1502M (75%)        1502M (75%)        1728M (87%)        1496M (75%)    
[98.531s][info][gc,heap     ] GC(47)      Used:      228M (11%)         454M (23%)         454M (23%)         454M (23%)         460M (23%)         228M (11%)    
[98.531s][info][gc,heap     ] GC(47)      Live:         -               191M (10%)         191M (10%)         191M (10%)            -                  -          
[98.531s][info][gc,heap     ] GC(47) Allocated:         -               226M (11%)         226M (11%)         232M (12%)            -                  -          
[98.531s][info][gc,heap     ] GC(47)   Garbage:         -                36M (2%)           36M (2%)           32M (2%)             -                  -          
[98.531s][info][gc,heap     ] GC(47) Reclaimed:         -                  -                 0M (0%)            4M (0%)             -                  -          
[98.531s][info][gc          ] GC(47) Garbage Collection (Allocation Rate) 228M(11%)->454M(23%)
[98.894s][info][gc,start    ] GC(48) Garbage Collection (Allocation Rate)
[98.900s][info][gc,phases   ] GC(48) Pause Mark Start 3.413ms
[99.814s][info][gc,phases   ] GC(48) Concurrent Mark 914.226ms
[99.818s][info][gc,phases   ] GC(48) Pause Mark End 0.407ms
[99.819s][info][gc,phases   ] GC(48) Concurrent Process Non-Strong References 1.466ms
[99.819s][info][gc,phases   ] GC(48) Concurrent Reset Relocation Set 0.002ms
[99.819s][info][gc,phases   ] GC(48) Concurrent Destroy Detached Pages 0.000ms
[99.821s][info][gc,phases   ] GC(48) Concurrent Select Relocation Set 1.960ms
[99.831s][info][gc,phases   ] GC(48) Concurrent Prepare Relocation Set 10.141ms
[99.837s][info][gc,phases   ] GC(48) Pause Relocate Start 2.927ms
[100.029s][info][gc,phases   ] GC(48) Concurrent Relocate 191.424ms
[100.029s][info][gc,load     ] GC(48) Load: 1.85/1.67/1.03
[100.029s][info][gc,mmu      ] GC(48) MMU: 2ms/0.0%, 5ms/3.7%, 10ms/51.8%, 20ms/75.9%, 50ms/86.5%, 100ms/93.3%
[100.029s][info][gc,marking  ] GC(48) Mark: 1 stripe(s), 2 proactive flush(es), 1 terminate flush(es), 0 completion(s), 0 continuation(s) 
[100.029s][info][gc,reloc    ] GC(48) Relocation: Successful, 65M relocated
[100.029s][info][gc,nmethod  ] GC(48) NMethods: 4761 registered, 5 unregistered
[100.029s][info][gc,metaspace] GC(48) Metaspace: 74M used, 78M capacity, 78M committed, 80M reserved
[100.029s][info][gc,ref      ] GC(48) Soft: 4924 encountered, 0 discovered, 0 enqueued
[100.029s][info][gc,ref      ] GC(48) Weak: 4975 encountered, 3973 discovered, 25 enqueued
[100.029s][info][gc,ref      ] GC(48) Final: 28 encountered, 0 discovered, 0 enqueued
[100.029s][info][gc,ref      ] GC(48) Phantom: 662 encountered, 658 discovered, 0 enqueued
[100.029s][info][gc,heap     ] GC(48)                Mark Start          Mark End        Relocate Start      Relocate End           High               Low         
[100.029s][info][gc,heap     ] GC(48)  Capacity:     1990M (100%)       1990M (100%)       1990M (100%)       1990M (100%)       1990M (100%)       1990M (100%)   
[100.029s][info][gc,heap     ] GC(48)   Reserve:       34M (2%)           34M (2%)           34M (2%)           34M (2%)           34M (2%)           34M (2%)     
[100.029s][info][gc,heap     ] GC(48)      Free:     1314M (66%)        1094M (55%)        1140M (57%)        1390M (70%)        1392M (70%)        1094M (55%)    
[100.029s][info][gc,heap     ] GC(48)      Used:      642M (32%)         862M (43%)         816M (41%)         566M (28%)         862M (43%)         564M (28%)    
[100.029s][info][gc,heap     ] GC(48)      Live:         -               265M (13%)         265M (13%)         265M (13%)            -                  -          
[100.029s][info][gc,heap     ] GC(48) Allocated:         -               220M (11%)         224M (11%)         296M (15%)            -                  -          
[100.029s][info][gc,heap     ] GC(48)   Garbage:         -               376M (19%)         326M (16%)          72M (4%)             -                  -          
[100.029s][info][gc,heap     ] GC(48) Reclaimed:         -                  -                50M (3%)          304M (15%)            -                  -          
[100.029s][info][gc          ] GC(48) Garbage Collection (Allocation Rate) 642M(32%)->566M(28%)
[100.093s][info][gc,stats    ] === Garbage Collection Statistics =======================================================================================================================
[100.094s][info][gc,stats    ]                                                              Last 10s              Last 10m              Last 10h                Total
[100.094s][info][gc,stats    ]                                                              Avg / Max             Avg / Max             Avg / Max             Avg / Max
[100.094s][info][gc,stats    ]   Collector: Garbage Collection Cycle                    887.188 / 1344.322    920.456 / 1704.378    920.456 / 1704.378    920.456 / 1704.378    ms
[100.094s][info][gc,stats    ]  Contention: Mark Segment Reset Contention                     0 / 0                 0 / 0                 0 / 0                 0 / 0           ops/s
[100.094s][info][gc,stats    ]  Contention: Mark SeqNum Reset Contention                      0 / 0                 0 / 0                 0 / 0                 0 / 0           ops/s
[100.094s][info][gc,stats    ]  Contention: Relocation Contention                             0 / 0                 0 / 2                 0 / 2                 0 / 2           ops/s
[100.094s][info][gc,stats    ]    Critical: Allocation Stall                              0.000 / 0.000         0.000 / 0.000         0.000 / 0.000         0.000 / 0.000       ms
[100.094s][info][gc,stats    ]    Critical: Allocation Stall                                  0 / 0                 0 / 0                 0 / 0                 0 / 0           ops/s
[100.094s][info][gc,stats    ]    Critical: GC Locker Stall                               0.000 / 0.000         0.000 / 0.000         0.000 / 0.000         0.000 / 0.000       ms
[100.094s][info][gc,stats    ]    Critical: GC Locker Stall                                   0 / 0                 0 / 0                 0 / 0                 0 / 0           ops/s
[100.094s][info][gc,stats    ]      Memory: Allocation Rate                                 369 / 518             276 / 1282            276 / 1282            276 / 1282        MB/s
[100.094s][info][gc,stats    ]      Memory: Heap Used After Mark                           1028 / 1278            942 / 1920            942 / 1920            942 / 1920        MB
[100.094s][info][gc,stats    ]      Memory: Heap Used After Relocation                      537 / 1044            417 / 1124            417 / 1124            417 / 1124        MB
[100.094s][info][gc,stats    ]      Memory: Heap Used Before Mark                           780 / 1124            781 / 1828            781 / 1828            781 / 1828        MB
[100.094s][info][gc,stats    ]      Memory: Heap Used Before Relocation                     640 / 1050            600 / 1114            600 / 1114            600 / 1114        MB
[100.094s][info][gc,stats    ]      Memory: Out Of Memory                                     0 / 0                 0 / 0                 0 / 0                 0 / 0           ops/s
[100.094s][info][gc,stats    ]      Memory: Page Cache Flush                                 13 / 50                5 / 72                5 / 72                5 / 72          MB/s
[100.094s][info][gc,stats    ]      Memory: Page Cache Hit L1                               165 / 232             123 / 642             123 / 642             123 / 642         ops/s
[100.094s][info][gc,stats    ]      Memory: Page Cache Hit L2                                 0 / 0                 0 / 0                 0 / 0                 0 / 0           ops/s
[100.094s][info][gc,stats    ]      Memory: Page Cache Miss                                   1 / 4                 9 / 223               9 / 223               9 / 223         ops/s
[100.094s][info][gc,stats    ]      Memory: Undo Object Allocation Failed                     0 / 0                 0 / 0                 0 / 0                 0 / 0           ops/s
[100.094s][info][gc,stats    ]      Memory: Undo Object Allocation Succeeded                  0 / 0                 0 / 2                 0 / 2                 0 / 2           ops/s
[100.094s][info][gc,stats    ]      Memory: Undo Page Allocation                              0 / 1                 0 / 1                 0 / 1                 0 / 1           ops/s
[100.094s][info][gc,stats    ]       Phase: Concurrent Destroy Detached Pages             0.003 / 0.006         0.002 / 0.011         0.002 / 0.011         0.002 / 0.011       ms
[100.094s][info][gc,stats    ]       Phase: Concurrent Mark                             758.505 / 1134.919    761.846 / 1560.269    761.846 / 1560.269    761.846 / 1560.269    ms
[100.094s][info][gc,stats    ]       Phase: Concurrent Mark Continue                      0.000 / 0.000         0.000 / 0.000         0.000 / 0.000         0.000 / 0.000       ms
[100.094s][info][gc,stats    ]       Phase: Concurrent Prepare Relocation Set             5.346 / 18.504        8.542 / 64.267        8.542 / 64.267        8.542 / 64.267      ms
[100.094s][info][gc,stats    ]       Phase: Concurrent Process Non-Strong References      1.483 / 1.561         1.834 / 5.947         1.834 / 5.947         1.834 / 5.947       ms
[100.094s][info][gc,stats    ]       Phase: Concurrent Relocate                         105.142 / 318.495     131.409 / 393.686     131.409 / 393.686     131.409 / 393.686     ms
[100.094s][info][gc,stats    ]       Phase: Concurrent Reset Relocation Set               0.194 / 0.884         0.391 / 1.179         0.391 / 1.179         0.391 / 1.179       ms
[100.094s][info][gc,stats    ]       Phase: Concurrent Select Relocation Set              1.852 / 2.709         1.849 / 5.376         1.849 / 5.376         1.849 / 5.376       ms
[100.094s][info][gc,stats    ]       Phase: Pause Mark End                                0.399 / 0.495         0.289 / 0.595         0.289 / 0.595         0.289 / 0.595       ms
[100.094s][info][gc,stats    ]       Phase: Pause Mark Start                              3.481 / 3.914         2.685 / 4.144         2.685 / 4.144         2.685 / 4.144       ms
[100.094s][info][gc,stats    ]       Phase: Pause Relocate Start                          2.809 / 3.004         2.332 / 4.816         2.332 / 4.816         2.332 / 4.816       ms
[100.094s][info][gc,stats    ]    Subphase: Concurrent Mark                             752.000 / 1134.895    760.422 / 1560.247    760.422 / 1560.247    760.422 / 1560.247    ms
[100.094s][info][gc,stats    ]    Subphase: Concurrent Mark Idle                          0.000 / 0.000         0.000 / 0.000         0.000 / 0.000         0.000 / 0.000       ms
[100.094s][info][gc,stats    ]    Subphase: Concurrent Mark Try Flush                     1.191 / 6.252         1.592 / 13.453        1.592 / 13.453        1.592 / 13.453      ms
[100.094s][info][gc,stats    ]    Subphase: Concurrent Mark Try Terminate                 0.420 / 1.005         0.463 / 1.981         0.463 / 1.981         0.463 / 1.981       ms
[100.094s][info][gc,stats    ]    Subphase: Concurrent References Enqueue                 0.002 / 0.003         0.002 / 0.005         0.002 / 0.005         0.002 / 0.005       ms
[100.094s][info][gc,stats    ]    Subphase: Concurrent References Process                 0.693 / 0.718         0.913 / 5.130         0.913 / 5.130         0.913 / 5.130       ms
[100.094s][info][gc,stats    ]    Subphase: Concurrent Weak Roots                         0.779 / 0.827         0.788 / 1.540         0.788 / 1.540         0.788 / 1.540       ms
[100.094s][info][gc,stats    ]    Subphase: Concurrent Weak Roots JNIWeakHandles          0.000 / 0.000         0.000 / 0.001         0.000 / 0.001         0.000 / 0.001       ms
[100.094s][info][gc,stats    ]    Subphase: Concurrent Weak Roots StringTable             0.573 / 0.580         0.590 / 1.123         0.590 / 1.123         0.590 / 1.123       ms
[100.094s][info][gc,stats    ]    Subphase: Concurrent Weak Roots VMWeakHandles           0.205 / 0.258         0.197 / 0.415         0.197 / 0.415         0.197 / 0.415       ms
[100.094s][info][gc,stats    ]    Subphase: Pause Mark Try Complete                       0.000 / 0.000         0.001 / 0.001         0.001 / 0.001         0.001 / 0.001       ms
[100.094s][info][gc,stats    ]    Subphase: Pause Remap TLABS                             0.002 / 0.003         0.002 / 0.005         0.002 / 0.005         0.002 / 0.005       ms
[100.094s][info][gc,stats    ]    Subphase: Pause Retire TLABS                            0.027 / 0.033         0.017 / 0.033         0.017 / 0.033         0.017 / 0.033       ms
[100.094s][info][gc,stats    ]    Subphase: Pause Roots                                   2.003 / 3.536         1.575 / 4.397         1.575 / 4.397         1.575 / 4.397       ms
[100.094s][info][gc,stats    ]    Subphase: Pause Roots ClassLoaderDataGraph              0.663 / 0.934         0.645 / 1.672         0.645 / 1.672         0.645 / 1.672       ms
[100.094s][info][gc,stats    ]    Subphase: Pause Roots CodeCache                         1.638 / 1.825         1.223 / 2.345         1.223 / 2.345         1.223 / 2.345       ms
[100.094s][info][gc,stats    ]    Subphase: Pause Roots JNIHandles                        0.001 / 0.001         0.001 / 0.006         0.001 / 0.006         0.001 / 0.006       ms
[100.094s][info][gc,stats    ]    Subphase: Pause Roots JNIWeakHandles                    0.000 / 0.000         0.000 / 0.000         0.000 / 0.000         0.000 / 0.000       ms
[100.094s][info][gc,stats    ]    Subphase: Pause Roots JRFWeak                           0.000 / 0.000         0.000 / 0.000         0.000 / 0.000         0.000 / 0.000       ms
[100.094s][info][gc,stats    ]    Subphase: Pause Roots JVMTIExport                       0.000 / 0.001         0.000 / 0.001         0.000 / 0.001         0.000 / 0.001       ms
[100.094s][info][gc,stats    ]    Subphase: Pause Roots JVMTIWeakExport                   0.001 / 0.001         0.001 / 0.001         0.001 / 0.001         0.001 / 0.001       ms
[100.094s][info][gc,stats    ]    Subphase: Pause Roots Management                        0.001 / 0.001         0.004 / 0.337         0.004 / 0.337         0.004 / 0.337       ms
[100.094s][info][gc,stats    ]    Subphase: Pause Roots ObjectSynchronizer                0.000 / 0.001         0.000 / 0.001         0.000 / 0.001         0.000 / 0.001       ms
[100.094s][info][gc,stats    ]    Subphase: Pause Roots Setup                             0.185 / 0.330         0.160 / 0.423         0.160 / 0.423         0.160 / 0.423       ms
[100.094s][info][gc,stats    ]    Subphase: Pause Roots StringTable                       0.000 / 0.000         0.000 / 0.000         0.000 / 0.000         0.000 / 0.000       ms
[100.094s][info][gc,stats    ]    Subphase: Pause Roots SystemDictionary                  0.012 / 0.014         0.013 / 0.029         0.013 / 0.029         0.013 / 0.029       ms
[100.094s][info][gc,stats    ]    Subphase: Pause Roots Teardown                          0.001 / 0.001         0.001 / 0.002         0.001 / 0.002         0.001 / 0.002       ms
[100.094s][info][gc,stats    ]    Subphase: Pause Roots Threads                           0.455 / 0.755         0.313 / 0.956         0.313 / 0.956         0.313 / 0.956       ms
[100.094s][info][gc,stats    ]    Subphase: Pause Roots Universe                          0.002 / 0.005         0.003 / 0.020         0.003 / 0.020         0.003 / 0.020       ms
[100.094s][info][gc,stats    ]    Subphase: Pause Roots VMWeakHandles                     0.000 / 0.000         0.000 / 0.000         0.000 / 0.000         0.000 / 0.000       ms
[100.094s][info][gc,stats    ]    Subphase: Pause Weak Roots                              0.001 / 0.002         0.001 / 0.005         0.001 / 0.005         0.001 / 0.005       ms
[100.094s][info][gc,stats    ]    Subphase: Pause Weak Roots JFRWeak                      0.001 / 0.001         0.001 / 0.001         0.001 / 0.001         0.001 / 0.001       ms
[100.094s][info][gc,stats    ]    Subphase: Pause Weak Roots JNIWeakHandles               0.000 / 0.000         0.000 / 0.000         0.000 / 0.000         0.000 / 0.000       ms
[100.094s][info][gc,stats    ]    Subphase: Pause Weak Roots JVMTIWeakExport              0.000 / 0.001         0.001 / 0.005         0.001 / 0.005         0.001 / 0.005       ms
[100.094s][info][gc,stats    ]    Subphase: Pause Weak Roots Setup                        0.000 / 0.000         0.000 / 0.000         0.000 / 0.000         0.000 / 0.000       ms
[100.094s][info][gc,stats    ]    Subphase: Pause Weak Roots StringTable                  0.000 / 0.000         0.000 / 0.000         0.000 / 0.000         0.000 / 0.000       ms
[100.094s][info][gc,stats    ]    Subphase: Pause Weak Roots SymbolTable                  0.000 / 0.000         0.000 / 0.000         0.000 / 0.000         0.000 / 0.000       ms
[100.094s][info][gc,stats    ]    Subphase: Pause Weak Roots Teardown                     0.000 / 0.001         0.000 / 0.001         0.000 / 0.001         0.000 / 0.001       ms
[100.094s][info][gc,stats    ]    Subphase: Pause Weak Roots VMWeakHandles                0.000 / 0.000         0.000 / 0.000         0.000 / 0.000         0.000 / 0.000       ms
[100.094s][info][gc,stats    ]      System: Java Threads                                    143 / 163              85 / 163              85 / 163              85 / 163         threads
[100.094s][info][gc,stats    ] =========================================================================================================================================================
[100.167s][info][gc,heap     ] Page Cache Flushed: 18M requested, 20M(1330M->1310M) flushed
[100.593s][info][gc,start    ] GC(49) Garbage Collection (Allocation Rate)
[100.599s][info][gc,phases   ] GC(49) Pause Mark Start 3.635ms
[101.605s][info][gc,phases   ] GC(49) Concurrent Mark 1005.616ms
[101.606s][info][gc,phases   ] GC(49) Pause Mark End 0.408ms
[101.607s][info][gc,phases   ] GC(49) Concurrent Process Non-Strong References 1.373ms
[101.608s][info][gc,phases   ] GC(49) Concurrent Reset Relocation Set 0.946ms
[101.608s][info][gc,phases   ] GC(49) Concurrent Destroy Detached Pages 0.005ms
[101.611s][info][gc,phases   ] GC(49) Concurrent Select Relocation Set 2.707ms
[101.618s][info][gc,phases   ] GC(49) Concurrent Prepare Relocation Set 7.278ms
[101.624s][info][gc,phases   ] GC(49) Pause Relocate Start 2.829ms
[101.787s][info][gc,phases   ] GC(49) Concurrent Relocate 158.722ms
[101.787s][info][gc,load     ] GC(49) Load: 1.85/1.67/1.03
[101.787s][info][gc,mmu      ] GC(49) MMU: 2ms/0.0%, 5ms/3.7%, 10ms/51.8%, 20ms/75.9%, 50ms/86.5%, 100ms/93.3%
[101.787s][info][gc,marking  ] GC(49) Mark: 1 stripe(s), 2 proactive flush(es), 1 terminate flush(es), 0 completion(s), 0 continuation(s) 
[101.787s][info][gc,reloc    ] GC(49) Relocation: Successful, 39M relocated
[101.787s][info][gc,nmethod  ] GC(49) NMethods: 4776 registered, 5 unregistered
[101.787s][info][gc,metaspace] GC(49) Metaspace: 74M used, 78M capacity, 78M committed, 80M reserved
[101.787s][info][gc,ref      ] GC(49) Soft: 4924 encountered, 0 discovered, 0 enqueued
[101.787s][info][gc,ref      ] GC(49) Weak: 4947 encountered, 3905 discovered, 0 enqueued
[101.787s][info][gc,ref      ] GC(49) Final: 28 encountered, 0 discovered, 0 enqueued
[101.787s][info][gc,ref      ] GC(49) Phantom: 662 encountered, 658 discovered, 0 enqueued
[101.787s][info][gc,heap     ] GC(49)                Mark Start          Mark End        Relocate Start      Relocate End           High               Low         
[101.787s][info][gc,heap     ] GC(49)  Capacity:     1990M (100%)       1990M (100%)       1990M (100%)       1990M (100%)       1990M (100%)       1990M (100%)   
[101.787s][info][gc,heap     ] GC(49)   Reserve:       34M (2%)           34M (2%)           34M (2%)           34M (2%)           34M (2%)           34M (2%)     
[101.787s][info][gc,heap     ] GC(49)      Free:     1158M (58%)        1048M (53%)        1110M (56%)        1554M (78%)        1554M (78%)        1048M (53%)    
[101.787s][info][gc,heap     ] GC(49)      Used:      798M (40%)         908M (46%)         846M (43%)         402M (20%)         908M (46%)         402M (20%)    
[101.787s][info][gc,heap     ] GC(49)      Live:         -               242M (12%)         242M (12%)         242M (12%)            -                  -          
[101.787s][info][gc,heap     ] GC(49) Allocated:         -               110M (6%)          112M (6%)          180M (9%)             -                  -          
[101.787s][info][gc,heap     ] GC(49)   Garbage:         -               555M (28%)         491M (25%)           3M (0%)             -                  -          
[101.787s][info][gc,heap     ] GC(49) Reclaimed:         -                  -                64M (3%)          552M (28%)            -                  -          
[101.787s][info][gc          ] GC(49) Garbage Collection (Allocation Rate) 798M(40%)->402M(20%)
[102.193s][info][gc,start    ] GC(50) Garbage Collection (Allocation Rate)
[102.199s][info][gc,phases   ] GC(50) Pause Mark Start 3.389ms
[103.115s][info][gc,phases   ] GC(50) Concurrent Mark 915.904ms
[103.118s][info][gc,phases   ] GC(50) Pause Mark End 0.428ms
[103.120s][info][gc,phases   ] GC(50) Concurrent Process Non-Strong References 1.450ms
[103.121s][info][gc,phases   ] GC(50) Concurrent Reset Relocation Set 0.531ms
[103.121s][info][gc,phases   ] GC(50) Concurrent Destroy Detached Pages 0.000ms
[103.122s][info][gc,phases   ] GC(50) Concurrent Select Relocation Set 1.817ms
[103.131s][info][gc,phases   ] GC(50) Concurrent Prepare Relocation Set 8.366ms
[103.136s][info][gc,phases   ] GC(50) Pause Relocate Start 2.915ms
[103.331s][info][gc,phases   ] GC(50) Concurrent Relocate 190.381ms
[103.331s][info][gc,load     ] GC(50) Load: 1.87/1.68/1.04
[103.331s][info][gc,mmu      ] GC(50) MMU: 2ms/0.0%, 5ms/3.7%, 10ms/51.8%, 20ms/75.9%, 50ms/86.5%, 100ms/93.3%
[103.331s][info][gc,marking  ] GC(50) Mark: 1 stripe(s), 2 proactive flush(es), 1 terminate flush(es), 0 completion(s), 0 continuation(s) 
[103.331s][info][gc,reloc    ] GC(50) Relocation: Successful, 63M relocated
[103.331s][info][gc,nmethod  ] GC(50) NMethods: 4778 registered, 5 unregistered
[103.331s][info][gc,metaspace] GC(50) Metaspace: 74M used, 78M capacity, 78M committed, 80M reserved
[103.331s][info][gc,ref      ] GC(50) Soft: 4924 encountered, 0 discovered, 0 enqueued
[103.331s][info][gc,ref      ] GC(50) Weak: 4912 encountered, 3933 discovered, 23 enqueued
[103.331s][info][gc,ref      ] GC(50) Final: 28 encountered, 0 discovered, 0 enqueued
[103.331s][info][gc,ref      ] GC(50) Phantom: 662 encountered, 658 discovered, 0 enqueued
[103.331s][info][gc,heap     ] GC(50)                Mark Start          Mark End        Relocate Start      Relocate End           High               Low         
[103.331s][info][gc,heap     ] GC(50)  Capacity:     1990M (100%)       1990M (100%)       1990M (100%)       1990M (100%)       1990M (100%)       1990M (100%)   
[103.331s][info][gc,heap     ] GC(50)   Reserve:       34M (2%)           34M (2%)           34M (2%)           34M (2%)           34M (2%)           34M (2%)     
[103.331s][info][gc,heap     ] GC(50)      Free:     1334M (67%)        1106M (56%)        1164M (58%)        1382M (69%)        1382M (69%)        1106M (56%)    
[103.331s][info][gc,heap     ] GC(50)      Used:      622M (31%)         850M (43%)         792M (40%)         574M (29%)         850M (43%)         574M (29%)    
[103.331s][info][gc,heap     ] GC(50)      Live:         -               269M (14%)         269M (14%)         269M (14%)            -                  -          
[103.331s][info][gc,heap     ] GC(50) Allocated:         -               228M (11%)         228M (11%)         306M (15%)            -                  -          
[103.331s][info][gc,heap     ] GC(50)   Garbage:         -               352M (18%)         294M (15%)          64M (3%)             -                  -          
[103.331s][info][gc,heap     ] GC(50) Reclaimed:         -                  -                58M (3%)          288M (14%)            -                  -          
[103.331s][info][gc          ] GC(50) Garbage Collection (Allocation Rate) 622M(31%)->574M(29%)
[103.893s][info][gc,start    ] GC(51) Garbage Collection (Allocation Rate)
[103.899s][info][gc,phases   ] GC(51) Pause Mark Start 3.423ms
[104.875s][info][gc,phases   ] GC(51) Concurrent Mark 975.896ms
[104.879s][info][gc,phases   ] GC(51) Pause Mark End 0.742ms
[104.882s][info][gc,phases   ] GC(51) Concurrent Process Non-Strong References 2.851ms
[104.884s][info][gc,phases   ] GC(51) Concurrent Reset Relocation Set 1.918ms
[104.884s][info][gc,phases   ] GC(51) Concurrent Destroy Detached Pages 0.001ms
[104.889s][info][gc,phases   ] GC(51) Concurrent Select Relocation Set 4.755ms
[104.906s][info][gc,phases   ] GC(51) Concurrent Prepare Relocation Set 17.616ms
[104.912s][info][gc,phases   ] GC(51) Pause Relocate Start 2.824ms
[105.072s][info][gc,phases   ] GC(51) Concurrent Relocate 155.999ms
[105.072s][info][gc,load     ] GC(51) Load: 1.87/1.68/1.04
[105.072s][info][gc,mmu      ] GC(51) MMU: 2ms/0.0%, 5ms/3.7%, 10ms/51.8%, 20ms/75.9%, 50ms/86.5%, 100ms/93.3%
[105.072s][info][gc,marking  ] GC(51) Mark: 1 stripe(s), 3 proactive flush(es), 1 terminate flush(es), 0 completion(s), 0 continuation(s) 
[105.072s][info][gc,reloc    ] GC(51) Relocation: Successful, 37M relocated
[105.072s][info][gc,nmethod  ] GC(51) NMethods: 4794 registered, 5 unregistered
[105.072s][info][gc,metaspace] GC(51) Metaspace: 74M used, 78M capacity, 78M committed, 80M reserved
[105.072s][info][gc,ref      ] GC(51) Soft: 4924 encountered, 0 discovered, 0 enqueued
[105.072s][info][gc,ref      ] GC(51) Weak: 4890 encountered, 3886 discovered, 1 enqueued
[105.072s][info][gc,ref      ] GC(51) Final: 28 encountered, 0 discovered, 0 enqueued
[105.072s][info][gc,ref      ] GC(51) Phantom: 662 encountered, 658 discovered, 0 enqueued
[105.072s][info][gc,heap     ] GC(51)                Mark Start          Mark End        Relocate Start      Relocate End           High               Low         
[105.072s][info][gc,heap     ] GC(51)  Capacity:     1990M (100%)       1990M (100%)       1990M (100%)       1990M (100%)       1990M (100%)       1990M (100%)   
[105.072s][info][gc,heap     ] GC(51)   Reserve:       34M (2%)           34M (2%)           34M (2%)           34M (2%)           34M (2%)           34M (2%)     
[105.072s][info][gc,heap     ] GC(51)      Free:     1128M (57%)        1072M (54%)        1132M (57%)        1592M (80%)        1594M (80%)        1072M (54%)    
[105.072s][info][gc,heap     ] GC(51)      Used:      828M (42%)         884M (44%)         824M (41%)         364M (18%)         884M (44%)         362M (18%)    
[105.072s][info][gc,heap     ] GC(51)      Live:         -               241M (12%)         241M (12%)         241M (12%)            -                  -          
[105.072s][info][gc,heap     ] GC(51) Allocated:         -                56M (3%)           62M (3%)          142M (7%)             -                  -          
[105.072s][info][gc,heap     ] GC(51)   Garbage:         -               586M (29%)         520M (26%)           4M (0%)             -                  -          
[105.072s][info][gc,heap     ] GC(51) Reclaimed:         -                  -                66M (3%)          582M (29%)            -                  -          
[105.072s][info][gc          ] GC(51) Garbage Collection (Allocation Rate) 828M(42%)->364M(18%)
[105.594s][info][gc,start    ] GC(52) Garbage Collection (Allocation Rate)
[105.600s][info][gc,phases   ] GC(52) Pause Mark Start 3.393ms
[106.486s][info][gc,phases   ] GC(52) Concurrent Mark 885.849ms
[106.489s][info][gc,phases   ] GC(52) Pause Mark End 0.420ms
[106.490s][info][gc,phases   ] GC(52) Concurrent Process Non-Strong References 1.461ms
[106.491s][info][gc,phases   ] GC(52) Concurrent Reset Relocation Set 0.493ms
[106.491s][info][gc,phases   ] GC(52) Concurrent Destroy Detached Pages 0.000ms
[106.495s][info][gc,phases   ] GC(52) Concurrent Select Relocation Set 4.555ms
[106.507s][info][gc,phases   ] GC(52) Concurrent Prepare Relocation Set 11.367ms
[106.515s][info][gc,phases   ] GC(52) Pause Relocate Start 4.385ms
[106.710s][info][gc,phases   ] GC(52) Concurrent Relocate 195.582ms
[106.710s][info][gc,load     ] GC(52) Load: 1.87/1.68/1.04
[106.710s][info][gc,mmu      ] GC(52) MMU: 2ms/0.0%, 5ms/3.7%, 10ms/51.8%, 20ms/75.9%, 50ms/86.5%, 100ms/93.3%
[106.710s][info][gc,marking  ] GC(52) Mark: 1 stripe(s), 2 proactive flush(es), 1 terminate flush(es), 0 completion(s), 0 continuation(s) 
[106.710s][info][gc,reloc    ] GC(52) Relocation: Successful, 64M relocated
[106.710s][info][gc,nmethod  ] GC(52) NMethods: 4802 registered, 5 unregistered
[106.710s][info][gc,metaspace] GC(52) Metaspace: 74M used, 78M capacity, 78M committed, 80M reserved
[106.710s][info][gc,ref      ] GC(52) Soft: 4924 encountered, 0 discovered, 0 enqueued
[106.710s][info][gc,ref      ] GC(52) Weak: 5102 encountered, 4097 discovered, 147 enqueued
[106.710s][info][gc,ref      ] GC(52) Final: 28 encountered, 0 discovered, 0 enqueued
[106.710s][info][gc,ref      ] GC(52) Phantom: 662 encountered, 658 discovered, 0 enqueued
[106.710s][info][gc,heap     ] GC(52)                Mark Start          Mark End        Relocate Start      Relocate End           High               Low         
[106.710s][info][gc,heap     ] GC(52)  Capacity:     1990M (100%)       1990M (100%)       1990M (100%)       1990M (100%)       1990M (100%)       1990M (100%)   
[106.710s][info][gc,heap     ] GC(52)   Reserve:       34M (2%)           34M (2%)           34M (2%)           34M (2%)           34M (2%)           34M (2%)     
[106.710s][info][gc,heap     ] GC(52)      Free:     1318M (66%)        1102M (55%)        1172M (59%)        1396M (70%)        1396M (70%)        1102M (55%)    
[106.710s][info][gc,heap     ] GC(52)      Used:      638M (32%)         854M (43%)         784M (39%)         560M (28%)         854M (43%)         560M (28%)    
[106.710s][info][gc,heap     ] GC(52)      Live:         -               264M (13%)         264M (13%)         264M (13%)            -                  -          
[106.710s][info][gc,heap     ] GC(52) Allocated:         -               216M (11%)         218M (11%)         294M (15%)            -                  -          
[106.710s][info][gc,heap     ] GC(52)   Garbage:         -               373M (19%)         301M (15%)          61M (3%)             -                  -          
[106.710s][info][gc,heap     ] GC(52) Reclaimed:         -                  -                72M (4%)          312M (16%)            -                  -          
[106.710s][info][gc          ] GC(52) Garbage Collection (Allocation Rate) 638M(32%)->560M(28%)
[108.151s][info][gc,heap     ] Page Cache Flushed: 8M requested, 12M(968M->956M) flushed
[108.393s][info][gc,start    ] GC(53) Garbage Collection (Allocation Rate)
[108.399s][info][gc,phases   ] GC(53) Pause Mark Start 3.450ms
[108.900s][info][gc,heap     ] Page Cache Flushed: 6M requested, 6M(718M->712M) flushed
[109.230s][info][gc,phases   ] GC(53) Concurrent Mark 830.862ms
[109.233s][info][gc,phases   ] GC(53) Pause Mark End 0.407ms
[109.235s][info][gc,phases   ] GC(53) Concurrent Process Non-Strong References 1.467ms
[109.236s][info][gc,phases   ] GC(53) Concurrent Reset Relocation Set 0.774ms
[109.236s][info][gc,phases   ] GC(53) Concurrent Destroy Detached Pages 0.004ms
[109.238s][info][gc,phases   ] GC(53) Concurrent Select Relocation Set 1.552ms
[109.249s][info][gc,phases   ] GC(53) Concurrent Prepare Relocation Set 10.550ms
[109.254s][info][gc,phases   ] GC(53) Pause Relocate Start 2.992ms
[109.376s][info][gc,phases   ] GC(53) Concurrent Relocate 120.914ms
[109.376s][info][gc,load     ] GC(53) Load: 1.80/1.66/1.04
[109.376s][info][gc,mmu      ] GC(53) MMU: 2ms/0.0%, 5ms/3.7%, 10ms/51.8%, 20ms/75.9%, 50ms/86.5%, 100ms/93.3%
[109.376s][info][gc,marking  ] GC(53) Mark: 1 stripe(s), 2 proactive flush(es), 1 terminate flush(es), 0 completion(s), 0 continuation(s) 
[109.376s][info][gc,reloc    ] GC(53) Relocation: Successful, 56M relocated
[109.376s][info][gc,nmethod  ] GC(53) NMethods: 4859 registered, 5 unregistered
[109.376s][info][gc,metaspace] GC(53) Metaspace: 74M used, 78M capacity, 78M committed, 80M reserved
[109.376s][info][gc,ref      ] GC(53) Soft: 4925 encountered, 0 discovered, 0 enqueued
[109.376s][info][gc,ref      ] GC(53) Weak: 5154 encountered, 4100 discovered, 80 enqueued
[109.376s][info][gc,ref      ] GC(53) Final: 28 encountered, 0 discovered, 0 enqueued
[109.376s][info][gc,ref      ] GC(53) Phantom: 662 encountered, 658 discovered, 0 enqueued
[109.376s][info][gc,heap     ] GC(53)                Mark Start          Mark End        Relocate Start      Relocate End           High               Low         
[109.376s][info][gc,heap     ] GC(53)  Capacity:     1990M (100%)       1990M (100%)       1990M (100%)       1990M (100%)       1990M (100%)       1990M (100%)   
[109.376s][info][gc,heap     ] GC(53)   Reserve:       34M (2%)           34M (2%)           34M (2%)           34M (2%)           34M (2%)           34M (2%)     
[109.376s][info][gc,heap     ] GC(53)      Free:      850M (43%)         640M (32%)        1230M (62%)        1428M (72%)        1428M (72%)         640M (32%)    
[109.376s][info][gc,heap     ] GC(53)      Used:     1106M (56%)        1316M (66%)         726M (36%)         528M (27%)        1316M (66%)         528M (27%)    
[109.376s][info][gc,heap     ] GC(53)      Live:         -               246M (12%)         246M (12%)         246M (12%)            -                  -          
[109.376s][info][gc,heap     ] GC(53) Allocated:         -               210M (11%)         214M (11%)         300M (15%)            -                  -          
[109.376s][info][gc,heap     ] GC(53)   Garbage:         -               859M (43%)         265M (13%)          67M (3%)             -                  -          
[109.376s][info][gc,heap     ] GC(53) Reclaimed:         -                  -               594M (30%)         792M (40%)            -                  -          
[109.376s][info][gc          ] GC(53) Garbage Collection (Allocation Rate) 1106M(56%)->528M(27%)
[110.093s][info][gc,stats    ] === Garbage Collection Statistics =======================================================================================================================
[110.096s][info][gc,stats    ]                                                              Last 10s              Last 10m              Last 10h                Total
[110.096s][info][gc,stats    ]                                                              Avg / Max             Avg / Max             Avg / Max             Avg / Max
[110.096s][info][gc,stats    ]   Collector: Garbage Collection Cycle                   1122.209 / 1194.552    939.137 / 1704.378    939.137 / 1704.378    939.137 / 1704.378    ms
[110.096s][info][gc,stats    ]  Contention: Mark Segment Reset Contention                     0 / 0                 0 / 0                 0 / 0                 0 / 0           ops/s
[110.096s][info][gc,stats    ]  Contention: Mark SeqNum Reset Contention                      0 / 0                 0 / 0                 0 / 0                 0 / 0           ops/s
[110.096s][info][gc,stats    ]  Contention: Relocation Contention                             0 / 2                 0 / 2                 0 / 2                 0 / 2           ops/s
[110.096s][info][gc,stats    ]    Critical: Allocation Stall                              0.000 / 0.000         0.000 / 0.000         0.000 / 0.000         0.000 / 0.000       ms
[110.096s][info][gc,stats    ]    Critical: Allocation Stall                                  0 / 0                 0 / 0                 0 / 0                 0 / 0           ops/s
[110.096s][info][gc,stats    ]    Critical: GC Locker Stall                               0.000 / 0.000         0.000 / 0.000         0.000 / 0.000         0.000 / 0.000       ms
[110.096s][info][gc,stats    ]    Critical: GC Locker Stall                                   0 / 0                 0 / 0                 0 / 0                 0 / 0           ops/s
[110.096s][info][gc,stats    ]      Memory: Allocation Rate                                 286 / 388             277 / 1282            277 / 1282            277 / 1282        MB/s
[110.096s][info][gc,stats    ]      Memory: Heap Used After Mark                            962 / 1316            944 / 1920            944 / 1920            944 / 1920        MB
[110.096s][info][gc,stats    ]      Memory: Heap Used After Relocation                      485 / 574             424 / 1124            424 / 1124            424 / 1124        MB
[110.096s][info][gc,stats    ]      Memory: Heap Used Before Mark                           798 / 1106            783 / 1828            783 / 1828            783 / 1828        MB
[110.096s][info][gc,stats    ]      Memory: Heap Used Before Relocation                     794 / 846             618 / 1114            618 / 1114            618 / 1114        MB
[110.096s][info][gc,stats    ]      Memory: Out Of Memory                                     0 / 0                 0 / 0                 0 / 0                 0 / 0           ops/s
[110.096s][info][gc,stats    ]      Memory: Page Cache Flush                                  3 / 20                5 / 72                5 / 72                5 / 72          MB/s
[110.096s][info][gc,stats    ]      Memory: Page Cache Hit L1                               135 / 200             124 / 642             124 / 642             124 / 642         ops/s
[110.096s][info][gc,stats    ]      Memory: Page Cache Hit L2                                 0 / 0                 0 / 0                 0 / 0                 0 / 0           ops/s
[110.096s][info][gc,stats    ]      Memory: Page Cache Miss                                   0 / 2                 8 / 223               8 / 223               8 / 223         ops/s
[110.096s][info][gc,stats    ]      Memory: Undo Object Allocation Failed                     0 / 0                 0 / 0                 0 / 0                 0 / 0           ops/s
[110.096s][info][gc,stats    ]      Memory: Undo Object Allocation Succeeded                  0 / 2                 0 / 2                 0 / 2                 0 / 2           ops/s
[110.096s][info][gc,stats    ]      Memory: Undo Page Allocation                              0 / 0                 0 / 1                 0 / 1                 0 / 1           ops/s
[110.096s][info][gc,stats    ]       Phase: Concurrent Destroy Detached Pages             0.002 / 0.005         0.002 / 0.011         0.002 / 0.011         0.002 / 0.011       ms
[110.096s][info][gc,stats    ]       Phase: Concurrent Mark                             922.825 / 1005.616    776.752 / 1560.269    776.752 / 1560.269    776.752 / 1560.269    ms
[110.096s][info][gc,stats    ]       Phase: Concurrent Mark Continue                      0.000 / 0.000         0.000 / 0.000         0.000 / 0.000         0.000 / 0.000       ms
[110.096s][info][gc,stats    ]       Phase: Concurrent Prepare Relocation Set            11.035 / 17.616        8.773 / 64.267        8.773 / 64.267        8.773 / 64.267      ms
[110.096s][info][gc,stats    ]       Phase: Concurrent Process Non-Strong References      1.720 / 2.851         1.824 / 5.947         1.824 / 5.947         1.824 / 5.947       ms
[110.096s][info][gc,stats    ]       Phase: Concurrent Relocate                         164.319 / 195.582     134.456 / 393.686     134.456 / 393.686     134.456 / 393.686     ms
[110.096s][info][gc,stats    ]       Phase: Concurrent Reset Relocation Set               0.932 / 1.918         0.442 / 1.918         0.442 / 1.918         0.442 / 1.918       ms
[110.096s][info][gc,stats    ]       Phase: Concurrent Select Relocation Set              3.077 / 4.755         1.963 / 5.376         1.963 / 5.376         1.963 / 5.376       ms
[110.097s][info][gc,stats    ]       Phase: Pause Mark End                                0.481 / 0.742         0.307 / 0.742         0.307 / 0.742         0.307 / 0.742       ms
[110.097s][info][gc,stats    ]       Phase: Pause Mark Start                              3.458 / 3.635         2.757 / 4.144         2.757 / 4.144         2.757 / 4.144       ms
[110.097s][info][gc,stats    ]       Phase: Pause Relocate Start                          3.189 / 4.385         2.411 / 4.816         2.411 / 4.816         2.411 / 4.816       ms
[110.097s][info][gc,stats    ]    Subphase: Concurrent Mark                             917.572 / 1000.397    774.973 / 1560.247    774.973 / 1560.247    774.973 / 1560.247    ms
[110.097s][info][gc,stats    ]    Subphase: Concurrent Mark Idle                          0.000 / 0.000         0.000 / 0.000         0.000 / 0.000         0.000 / 0.000       ms
[110.097s][info][gc,stats    ]    Subphase: Concurrent Mark Try Flush                     1.273 / 5.122         1.561 / 13.453        1.561 / 13.453        1.561 / 13.453      ms
[110.097s][info][gc,stats    ]    Subphase: Concurrent Mark Try Terminate                 0.390 / 0.977         0.456 / 1.981         0.456 / 1.981         0.456 / 1.981       ms
[110.097s][info][gc,stats    ]    Subphase: Concurrent References Enqueue                 0.003 / 0.005         0.002 / 0.005         0.002 / 0.005         0.002 / 0.005       ms
[110.097s][info][gc,stats    ]    Subphase: Concurrent References Process                 0.732 / 0.955         0.896 / 5.130         0.896 / 5.130         0.896 / 5.130       ms
[110.097s][info][gc,stats    ]    Subphase: Concurrent Weak Roots                         0.976 / 1.873         0.806 / 1.873         0.806 / 1.873         0.806 / 1.873       ms
[110.097s][info][gc,stats    ]    Subphase: Concurrent Weak Roots JNIWeakHandles          0.000 / 0.001         0.000 / 0.001         0.000 / 0.001         0.000 / 0.001       ms
[110.097s][info][gc,stats    ]    Subphase: Concurrent Weak Roots StringTable             0.730 / 1.421         0.603 / 1.421         0.603 / 1.421         0.603 / 1.421       ms
[110.097s][info][gc,stats    ]    Subphase: Concurrent Weak Roots VMWeakHandles           0.245 / 0.448         0.202 / 0.448         0.202 / 0.448         0.202 / 0.448       ms
[110.097s][info][gc,stats    ]    Subphase: Pause Mark Try Complete                       0.000 / 0.000         0.001 / 0.001         0.001 / 0.001         0.001 / 0.001       ms
[110.097s][info][gc,stats    ]    Subphase: Pause Remap TLABS                             0.003 / 0.004         0.002 / 0.005         0.002 / 0.005         0.002 / 0.005       ms
[110.097s][info][gc,stats    ]    Subphase: Pause Retire TLABS                            0.026 / 0.026         0.018 / 0.033         0.018 / 0.033         0.018 / 0.033       ms
[110.097s][info][gc,stats    ]    Subphase: Pause Roots                                   2.151 / 4.092         1.628 / 4.397         1.628 / 4.397         1.628 / 4.397       ms
[110.097s][info][gc,stats    ]    Subphase: Pause Roots ClassLoaderDataGraph              0.646 / 0.827         0.645 / 1.672         0.645 / 1.672         0.645 / 1.672       ms
[110.097s][info][gc,stats    ]    Subphase: Pause Roots CodeCache                         1.855 / 3.073         1.282 / 3.073         1.282 / 3.073         1.282 / 3.073       ms
[110.097s][info][gc,stats    ]    Subphase: Pause Roots JNIHandles                        0.001 / 0.001         0.001 / 0.006         0.001 / 0.006         0.001 / 0.006       ms
[110.097s][info][gc,stats    ]    Subphase: Pause Roots JNIWeakHandles                    0.000 / 0.000         0.000 / 0.000         0.000 / 0.000         0.000 / 0.000       ms
[110.097s][info][gc,stats    ]    Subphase: Pause Roots JRFWeak                           0.000 / 0.000         0.000 / 0.000         0.000 / 0.000         0.000 / 0.000       ms
[110.097s][info][gc,stats    ]    Subphase: Pause Roots JVMTIExport                       0.000 / 0.001         0.000 / 0.001         0.000 / 0.001         0.000 / 0.001       ms
[110.097s][info][gc,stats    ]    Subphase: Pause Roots JVMTIWeakExport                   0.001 / 0.001         0.001 / 0.001         0.001 / 0.001         0.001 / 0.001       ms
[110.097s][info][gc,stats    ]    Subphase: Pause Roots Management                        0.001 / 0.002         0.004 / 0.337         0.004 / 0.337         0.004 / 0.337       ms
[110.097s][info][gc,stats    ]    Subphase: Pause Roots ObjectSynchronizer                0.000 / 0.001         0.000 / 0.001         0.000 / 0.001         0.000 / 0.001       ms
[110.097s][info][gc,stats    ]    Subphase: Pause Roots Setup                             0.184 / 0.295         0.162 / 0.423         0.162 / 0.423         0.162 / 0.423       ms
[110.097s][info][gc,stats    ]    Subphase: Pause Roots StringTable                       0.000 / 0.000         0.000 / 0.000         0.000 / 0.000         0.000 / 0.000       ms
[110.097s][info][gc,stats    ]    Subphase: Pause Roots SystemDictionary                  0.012 / 0.014         0.013 / 0.029         0.013 / 0.029         0.013 / 0.029       ms
[110.097s][info][gc,stats    ]    Subphase: Pause Roots Teardown                          0.001 / 0.001         0.001 / 0.002         0.001 / 0.002         0.001 / 0.002       ms
[110.097s][info][gc,stats    ]    Subphase: Pause Roots Threads                           0.470 / 0.703         0.327 / 0.956         0.327 / 0.956         0.327 / 0.956       ms
[110.097s][info][gc,stats    ]    Subphase: Pause Roots Universe                          0.002 / 0.003         0.002 / 0.020         0.002 / 0.020         0.002 / 0.020       ms
[110.097s][info][gc,stats    ]    Subphase: Pause Roots VMWeakHandles                     0.000 / 0.000         0.000 / 0.000         0.000 / 0.000         0.000 / 0.000       ms
[110.097s][info][gc,stats    ]    Subphase: Pause Weak Roots                              0.002 / 0.002         0.001 / 0.005         0.001 / 0.005         0.001 / 0.005       ms
[110.097s][info][gc,stats    ]    Subphase: Pause Weak Roots JFRWeak                      0.001 / 0.001         0.001 / 0.001         0.001 / 0.001         0.001 / 0.001       ms
[110.097s][info][gc,stats    ]    Subphase: Pause Weak Roots JNIWeakHandles               0.000 / 0.000         0.000 / 0.000         0.000 / 0.000         0.000 / 0.000       ms
[110.097s][info][gc,stats    ]    Subphase: Pause Weak Roots JVMTIWeakExport              0.001 / 0.001         0.001 / 0.005         0.001 / 0.005         0.001 / 0.005       ms
[110.097s][info][gc,stats    ]    Subphase: Pause Weak Roots Setup                        0.000 / 0.000         0.000 / 0.000         0.000 / 0.000         0.000 / 0.000       ms
[110.097s][info][gc,stats    ]    Subphase: Pause Weak Roots StringTable                  0.000 / 0.000         0.000 / 0.000         0.000 / 0.000         0.000 / 0.000       ms
[110.097s][info][gc,stats    ]    Subphase: Pause Weak Roots SymbolTable                  0.000 / 0.000         0.000 / 0.000         0.000 / 0.000         0.000 / 0.000       ms
[110.097s][info][gc,stats    ]    Subphase: Pause Weak Roots Teardown                     0.000 / 0.001         0.000 / 0.001         0.000 / 0.001         0.000 / 0.001       ms
[110.097s][info][gc,stats    ]    Subphase: Pause Weak Roots VMWeakHandles                0.000 / 0.000         0.000 / 0.000         0.000 / 0.000         0.000 / 0.000       ms
[110.097s][info][gc,stats    ]      System: Java Threads                                    162 / 163              92 / 163              92 / 163              92 / 163         threads
[110.097s][info][gc,stats    ] =========================================================================================================================================================
[110.096s][info][gc,start    ] GC(54) Garbage Collection (Allocation Rate)
[110.106s][info][gc,phases   ] GC(54) Pause Mark Start 3.474ms
[111.082s][info][gc,phases   ] GC(54) Concurrent Mark 976.287ms
[111.086s][info][gc,phases   ] GC(54) Pause Mark End 0.413ms
[111.087s][info][gc,phases   ] GC(54) Concurrent Process Non-Strong References 1.486ms
[111.088s][info][gc,phases   ] GC(54) Concurrent Reset Relocation Set 0.441ms
[111.088s][info][gc,phases   ] GC(54) Concurrent Destroy Detached Pages 0.000ms
[111.089s][info][gc,phases   ] GC(54) Concurrent Select Relocation Set 1.816ms
[111.098s][info][gc,phases   ] GC(54) Concurrent Prepare Relocation Set 8.675ms
[111.104s][info][gc,phases   ] GC(54) Pause Relocate Start 2.882ms
[111.319s][info][gc,phases   ] GC(54) Concurrent Relocate 210.241ms
[111.319s][info][gc,load     ] GC(54) Load: 1.80/1.66/1.04
[111.319s][info][gc,mmu      ] GC(54) MMU: 2ms/0.0%, 5ms/3.7%, 10ms/51.8%, 20ms/75.9%, 50ms/86.5%, 100ms/93.3%
[111.319s][info][gc,marking  ] GC(54) Mark: 1 stripe(s), 2 proactive flush(es), 1 terminate flush(es), 0 completion(s), 0 continuation(s) 
[111.319s][info][gc,reloc    ] GC(54) Relocation: Successful, 40M relocated
[111.319s][info][gc,nmethod  ] GC(54) NMethods: 4877 registered, 5 unregistered
[111.319s][info][gc,metaspace] GC(54) Metaspace: 74M used, 78M capacity, 78M committed, 80M reserved
[111.319s][info][gc,ref      ] GC(54) Soft: 4925 encountered, 0 discovered, 0 enqueued
[111.319s][info][gc,ref      ] GC(54) Weak: 5082 encountered, 4031 discovered, 81 enqueued
[111.319s][info][gc,ref      ] GC(54) Final: 28 encountered, 0 discovered, 0 enqueued
[111.319s][info][gc,ref      ] GC(54) Phantom: 662 encountered, 658 discovered, 0 enqueued
[111.319s][info][gc,heap     ] GC(54)                Mark Start          Mark End        Relocate Start      Relocate End           High               Low         
[111.319s][info][gc,heap     ] GC(54)  Capacity:     1990M (100%)       1990M (100%)       1990M (100%)       1990M (100%)       1990M (100%)       1990M (100%)   
[111.319s][info][gc,heap     ] GC(54)   Reserve:       34M (2%)           34M (2%)           34M (2%)           34M (2%)           34M (2%)           34M (2%)     
[111.319s][info][gc,heap     ] GC(54)      Free:     1104M (55%)        1058M (53%)        1122M (56%)        1610M (81%)        1610M (81%)        1058M (53%)    
[111.319s][info][gc,heap     ] GC(54)      Used:      852M (43%)         898M (45%)         834M (42%)         346M (17%)         898M (45%)         346M (17%)    
[111.319s][info][gc,heap     ] GC(54)      Live:         -               240M (12%)         240M (12%)         240M (12%)            -                  -          
[111.319s][info][gc,heap     ] GC(54) Allocated:         -                46M (2%)           46M (2%)          102M (5%)             -                  -          
[111.319s][info][gc,heap     ] GC(54)   Garbage:         -               611M (31%)         547M (28%)          35M (2%)             -                  -          
[111.319s][info][gc,heap     ] GC(54) Reclaimed:         -                  -                64M (3%)          576M (29%)            -                  -          
[111.319s][info][gc          ] GC(54) Garbage Collection (Allocation Rate) 852M(43%)->346M(17%)
[111.894s][info][gc,start    ] GC(55) Garbage Collection (Allocation Rate)
[111.900s][info][gc,phases   ] GC(55) Pause Mark Start 3.403ms
[112.733s][info][gc,phases   ] GC(55) Concurrent Mark 833.590ms
[112.737s][info][gc,phases   ] GC(55) Pause Mark End 0.416ms
[112.738s][info][gc,phases   ] GC(55) Concurrent Process Non-Strong References 1.504ms
[112.739s][info][gc,phases   ] GC(55) Concurrent Reset Relocation Set 0.659ms
[112.739s][info][gc,phases   ] GC(55) Concurrent Destroy Detached Pages 0.000ms
[112.740s][info][gc,phases   ] GC(55) Concurrent Select Relocation Set 1.554ms
[112.753s][info][gc,phases   ] GC(55) Concurrent Prepare Relocation Set 12.283ms
[112.764s][info][gc,phases   ] GC(55) Pause Relocate Start 4.438ms
[112.934s][info][gc,phases   ] GC(55) Concurrent Relocate 169.999ms
[112.934s][info][gc,load     ] GC(55) Load: 1.81/1.67/1.04
[112.934s][info][gc,mmu      ] GC(55) MMU: 2ms/0.0%, 5ms/3.7%, 10ms/51.8%, 20ms/75.9%, 50ms/86.5%, 100ms/93.3%
[112.934s][info][gc,marking  ] GC(55) Mark: 1 stripe(s), 2 proactive flush(es), 1 terminate flush(es), 1 completion(s), 0 continuation(s) 
[112.934s][info][gc,reloc    ] GC(55) Relocation: Successful, 57M relocated
[112.934s][info][gc,nmethod  ] GC(55) NMethods: 4883 registered, 5 unregistered
[112.934s][info][gc,metaspace] GC(55) Metaspace: 74M used, 78M capacity, 78M committed, 80M reserved
[112.934s][info][gc,ref      ] GC(55) Soft: 4925 encountered, 0 discovered, 0 enqueued
[112.934s][info][gc,ref      ] GC(55) Weak: 4964 encountered, 3916 discovered, 24 enqueued
[112.934s][info][gc,ref      ] GC(55) Final: 28 encountered, 0 discovered, 0 enqueued
[112.934s][info][gc,ref      ] GC(55) Phantom: 662 encountered, 658 discovered, 0 enqueued
[112.934s][info][gc,heap     ] GC(55)                Mark Start          Mark End        Relocate Start      Relocate End           High               Low         
[112.934s][info][gc,heap     ] GC(55)  Capacity:     1990M (100%)       1990M (100%)       1990M (100%)       1990M (100%)       1990M (100%)       1990M (100%)   
[112.934s][info][gc,heap     ] GC(55)   Reserve:       34M (2%)           34M (2%)           34M (2%)           34M (2%)           34M (2%)           34M (2%)     
[112.934s][info][gc,heap     ] GC(55)      Free:     1320M (66%)        1108M (56%)        1208M (61%)        1422M (71%)        1424M (72%)        1108M (56%)    
[112.934s][info][gc,heap     ] GC(55)      Used:      636M (32%)         848M (43%)         748M (38%)         534M (27%)         848M (43%)         532M (27%)    
[112.934s][info][gc,heap     ] GC(55)      Live:         -               253M (13%)         253M (13%)         253M (13%)            -                  -          
[112.934s][info][gc,heap     ] GC(55) Allocated:         -               212M (11%)         216M (11%)         274M (14%)            -                  -          
[112.934s][info][gc,heap     ] GC(55)   Garbage:         -               382M (19%)         278M (14%)          50M (3%)             -                  -          
[112.934s][info][gc,heap     ] GC(55) Reclaimed:         -                  -               104M (5%)          332M (17%)            -                  -          
[112.934s][info][gc          ] GC(55) Garbage Collection (Allocation Rate) 636M(32%)->534M(27%)
[113.593s][info][gc,start    ] GC(56) Garbage Collection (Allocation Rate)
[113.599s][info][gc,phases   ] GC(56) Pause Mark Start 3.507ms
[114.682s][info][gc,phases   ] GC(56) Concurrent Mark 1083.050ms
[114.686s][info][gc,phases   ] GC(56) Pause Mark End 0.408ms
[114.690s][info][gc,phases   ] GC(56) Concurrent Process Non-Strong References 3.875ms
[114.690s][info][gc,phases   ] GC(56) Concurrent Reset Relocation Set 0.570ms
[114.690s][info][gc,phases   ] GC(56) Concurrent Destroy Detached Pages 0.000ms
[114.692s][info][gc,phases   ] GC(56) Concurrent Select Relocation Set 1.519ms
[114.704s][info][gc,phases   ] GC(56) Concurrent Prepare Relocation Set 12.003ms
[114.709s][info][gc,phases   ] GC(56) Pause Relocate Start 2.881ms
[114.922s][info][gc,phases   ] GC(56) Concurrent Relocate 209.202ms
[114.922s][info][gc,load     ] GC(56) Load: 1.81/1.67/1.04
[114.922s][info][gc,mmu      ] GC(56) MMU: 2ms/0.0%, 5ms/3.7%, 10ms/51.8%, 20ms/75.9%, 50ms/86.5%, 100ms/93.3%
[114.922s][info][gc,marking  ] GC(56) Mark: 1 stripe(s), 2 proactive flush(es), 1 terminate flush(es), 0 completion(s), 0 continuation(s) 
[114.922s][info][gc,reloc    ] GC(56) Relocation: Successful, 40M relocated
[114.922s][info][gc,nmethod  ] GC(56) NMethods: 4892 registered, 5 unregistered
[114.922s][info][gc,metaspace] GC(56) Metaspace: 74M used, 78M capacity, 78M committed, 80M reserved
[114.922s][info][gc,ref      ] GC(56) Soft: 4925 encountered, 0 discovered, 0 enqueued
[114.922s][info][gc,ref      ] GC(56) Weak: 4926 encountered, 3856 discovered, 1 enqueued
[114.922s][info][gc,ref      ] GC(56) Final: 28 encountered, 0 discovered, 0 enqueued
[114.922s][info][gc,ref      ] GC(56) Phantom: 662 encountered, 658 discovered, 0 enqueued
[114.922s][info][gc,heap     ] GC(56)                Mark Start          Mark End        Relocate Start      Relocate End           High               Low         
[114.922s][info][gc,heap     ] GC(56)  Capacity:     1990M (100%)       1990M (100%)       1990M (100%)       1990M (100%)       1990M (100%)       1990M (100%)   
[114.922s][info][gc,heap     ] GC(56)   Reserve:       34M (2%)           34M (2%)           34M (2%)           34M (2%)           34M (2%)           34M (2%)     
[114.922s][info][gc,heap     ] GC(56)      Free:     1114M (56%)        1042M (52%)        1110M (56%)        1616M (81%)        1616M (81%)        1042M (52%)    
[114.922s][info][gc,heap     ] GC(56)      Used:      842M (42%)         914M (46%)         846M (43%)         340M (17%)         914M (46%)         340M (17%)    
[114.922s][info][gc,heap     ] GC(56)      Live:         -               240M (12%)         240M (12%)         240M (12%)            -                  -          
[114.922s][info][gc,heap     ] GC(56) Allocated:         -                72M (4%)           72M (4%)          124M (6%)             -                  -          
[114.922s][info][gc,heap     ] GC(56)   Garbage:         -               601M (30%)         533M (27%)           1M (0%)             -                  -          
[114.922s][info][gc,heap     ] GC(56) Reclaimed:         -                  -                68M (3%)          600M (30%)            -                  -          
[114.922s][info][gc          ] GC(56) Garbage Collection (Allocation Rate) 842M(42%)->340M(17%)
[115.393s][info][gc,start    ] GC(57) Garbage Collection (Allocation Rate)
[115.399s][info][gc,phases   ] GC(57) Pause Mark Start 3.424ms
[116.221s][info][gc,phases   ] GC(57) Concurrent Mark 821.897ms
[116.224s][info][gc,phases   ] GC(57) Pause Mark End 0.416ms
[116.226s][info][gc,phases   ] GC(57) Concurrent Process Non-Strong References 1.457ms
[116.226s][info][gc,phases   ] GC(57) Concurrent Reset Relocation Set 0.578ms
[116.227s][info][gc,phases   ] GC(57) Concurrent Destroy Detached Pages 0.000ms
[116.229s][info][gc,phases   ] GC(57) Concurrent Select Relocation Set 2.464ms
[116.233s][info][gc,phases   ] GC(57) Concurrent Prepare Relocation Set 3.856ms
[116.236s][info][gc,phases   ] GC(57) Pause Relocate Start 2.893ms
[116.376s][info][gc,phases   ] GC(57) Concurrent Relocate 135.261ms
[116.376s][info][gc,load     ] GC(57) Load: 1.81/1.67/1.04
[116.376s][info][gc,mmu      ] GC(57) MMU: 2ms/0.0%, 5ms/3.7%, 10ms/51.8%, 20ms/75.9%, 50ms/86.5%, 100ms/93.3%
[116.376s][info][gc,marking  ] GC(57) Mark: 1 stripe(s), 2 proactive flush(es), 1 terminate flush(es), 0 completion(s), 0 continuation(s) 
[116.376s][info][gc,reloc    ] GC(57) Relocation: Successful, 56M relocated
[116.376s][info][gc,nmethod  ] GC(57) NMethods: 4900 registered, 5 unregistered
[116.376s][info][gc,metaspace] GC(57) Metaspace: 74M used, 78M capacity, 78M committed, 80M reserved
[116.376s][info][gc,ref      ] GC(57) Soft: 4925 encountered, 0 discovered, 0 enqueued
[116.376s][info][gc,ref      ] GC(57) Weak: 5122 encountered, 4074 discovered, 150 enqueued
[116.376s][info][gc,ref      ] GC(57) Final: 28 encountered, 0 discovered, 0 enqueued
[116.376s][info][gc,ref      ] GC(57) Phantom: 662 encountered, 658 discovered, 0 enqueued
[116.376s][info][gc,heap     ] GC(57)                Mark Start          Mark End        Relocate Start      Relocate End           High               Low         
[116.376s][info][gc,heap     ] GC(57)  Capacity:     1990M (100%)       1990M (100%)       1990M (100%)       1990M (100%)       1990M (100%)       1990M (100%)   
[116.376s][info][gc,heap     ] GC(57)   Reserve:       34M (2%)           34M (2%)           34M (2%)           34M (2%)           34M (2%)           34M (2%)     
[116.376s][info][gc,heap     ] GC(57)      Free:     1362M (68%)        1158M (58%)        1242M (62%)        1426M (72%)        1428M (72%)        1158M (58%)    
[116.376s][info][gc,heap     ] GC(57)      Used:      594M (30%)         798M (40%)         714M (36%)         530M (27%)         798M (40%)         528M (27%)    
[116.376s][info][gc,heap     ] GC(57)      Live:         -               252M (13%)         252M (13%)         252M (13%)            -                  -          
[116.376s][info][gc,heap     ] GC(57) Allocated:         -               204M (10%)         204M (10%)         266M (13%)            -                  -          
[116.376s][info][gc,heap     ] GC(57)   Garbage:         -               341M (17%)         257M (13%)          59M (3%)             -                  -          
[116.376s][info][gc,heap     ] GC(57) Reclaimed:         -                  -                84M (4%)          282M (14%)            -                  -          
[116.376s][info][gc          ] GC(57) Garbage Collection (Allocation Rate) 594M(30%)->530M(27%)
[116.993s][info][gc,start    ] GC(58) Garbage Collection (Allocation Rate)
[116.999s][info][gc,phases   ] GC(58) Pause Mark Start 3.436ms
[118.198s][info][gc,phases   ] GC(58) Concurrent Mark 1198.198ms
[118.201s][info][gc,phases   ] GC(58) Pause Mark End 0.458ms
[118.202s][info][gc,phases   ] GC(58) Concurrent Process Non-Strong References 1.423ms
[118.203s][info][gc,phases   ] GC(58) Concurrent Reset Relocation Set 0.527ms
[118.203s][info][gc,phases   ] GC(58) Concurrent Destroy Detached Pages 0.000ms
[118.204s][info][gc,phases   ] GC(58) Concurrent Select Relocation Set 1.523ms
[118.213s][info][gc,phases   ] GC(58) Concurrent Prepare Relocation Set 8.519ms
[118.218s][info][gc,phases   ] GC(58) Pause Relocate Start 2.847ms
[118.417s][info][gc,phases   ] GC(58) Concurrent Relocate 198.834ms
[118.417s][info][gc,load     ] GC(58) Load: 1.83/1.68/1.05
[118.417s][info][gc,mmu      ] GC(58) MMU: 2ms/0.0%, 5ms/3.7%, 10ms/51.8%, 20ms/75.9%, 50ms/86.5%, 100ms/93.3%
[118.417s][info][gc,marking  ] GC(58) Mark: 1 stripe(s), 2 proactive flush(es), 1 terminate flush(es), 0 completion(s), 0 continuation(s) 
[118.417s][info][gc,reloc    ] GC(58) Relocation: Successful, 53M relocated
[118.417s][info][gc,nmethod  ] GC(58) NMethods: 4929 registered, 5 unregistered
[118.417s][info][gc,metaspace] GC(58) Metaspace: 74M used, 78M capacity, 78M committed, 80M reserved
[118.417s][info][gc,ref      ] GC(58) Soft: 4925 encountered, 0 discovered, 0 enqueued
[118.417s][info][gc,ref      ] GC(58) Weak: 4972 encountered, 3922 discovered, 0 enqueued
[118.417s][info][gc,ref      ] GC(58) Final: 28 encountered, 0 discovered, 0 enqueued
[118.417s][info][gc,ref      ] GC(58) Phantom: 662 encountered, 658 discovered, 0 enqueued
[118.417s][info][gc,heap     ] GC(58)                Mark Start          Mark End        Relocate Start      Relocate End           High               Low         
[118.417s][info][gc,heap     ] GC(58)  Capacity:     1990M (100%)       1990M (100%)       1990M (100%)       1990M (100%)       1990M (100%)       1990M (100%)   
[118.417s][info][gc,heap     ] GC(58)   Reserve:       34M (2%)           34M (2%)           34M (2%)           34M (2%)           34M (2%)           34M (2%)     
[118.417s][info][gc,heap     ] GC(58)      Free:     1142M (57%)        1060M (53%)        1074M (54%)        1516M (76%)        1516M (76%)        1060M (53%)    
[118.417s][info][gc,heap     ] GC(58)      Used:      814M (41%)         896M (45%)         882M (44%)         440M (22%)         896M (45%)         440M (22%)    
[118.417s][info][gc,heap     ] GC(58)      Live:         -               287M (14%)         287M (14%)         287M (14%)            -                  -          
[118.417s][info][gc,heap     ] GC(58) Allocated:         -                82M (4%)           84M (4%)          142M (7%)             -                  -          
[118.417s][info][gc,heap     ] GC(58)   Garbage:         -               526M (26%)         510M (26%)          40M (2%)             -                  -          
[118.417s][info][gc,heap     ] GC(58) Reclaimed:         -                  -                16M (1%)          486M (24%)            -                  -          
[118.417s][info][gc          ] GC(58) Garbage Collection (Allocation Rate) 814M(41%)->440M(22%)
[118.993s][info][gc,start    ] GC(59) Garbage Collection (Allocation Rate)
[118.999s][info][gc,phases   ] GC(59) Pause Mark Start 3.517ms
[119.735s][info][gc,phases   ] GC(59) Concurrent Mark 735.331ms
[119.738s][info][gc,phases   ] GC(59) Pause Mark End 0.429ms
[119.739s][info][gc,phases   ] GC(59) Concurrent Process Non-Strong References 1.427ms
[119.741s][info][gc,phases   ] GC(59) Concurrent Reset Relocation Set 0.739ms
[119.741s][info][gc,phases   ] GC(59) Concurrent Destroy Detached Pages 0.000ms
[119.742s][info][gc,phases   ] GC(59) Concurrent Select Relocation Set 1.530ms
[119.744s][info][gc,phases   ] GC(59) Concurrent Prepare Relocation Set 1.310ms
[119.750s][info][gc,phases   ] GC(59) Pause Relocate Start 3.444ms
[119.828s][info][gc,phases   ] GC(59) Concurrent Relocate 74.516ms
[119.828s][info][gc,load     ] GC(59) Load: 1.83/1.68/1.05
[119.828s][info][gc,mmu      ] GC(59) MMU: 2ms/0.0%, 5ms/3.7%, 10ms/51.8%, 20ms/75.9%, 50ms/86.5%, 100ms/93.3%
[119.828s][info][gc,marking  ] GC(59) Mark: 1 stripe(s), 2 proactive flush(es), 1 terminate flush(es), 0 completion(s), 0 continuation(s) 
[119.828s][info][gc,reloc    ] GC(59) Relocation: Successful, 20M relocated
[119.828s][info][gc,nmethod  ] GC(59) NMethods: 4982 registered, 5 unregistered
[119.828s][info][gc,metaspace] GC(59) Metaspace: 74M used, 78M capacity, 78M committed, 80M reserved
[119.828s][info][gc,ref      ] GC(59) Soft: 4925 encountered, 0 discovered, 0 enqueued
[119.828s][info][gc,ref      ] GC(59) Weak: 5183 encountered, 4053 discovered, 3 enqueued
[119.828s][info][gc,ref      ] GC(59) Final: 28 encountered, 0 discovered, 0 enqueued
[119.828s][info][gc,ref      ] GC(59) Phantom: 663 encountered, 468 discovered, 0 enqueued
[119.828s][info][gc,heap     ] GC(59)                Mark Start          Mark End        Relocate Start      Relocate End           High               Low         
[119.828s][info][gc,heap     ] GC(59)  Capacity:     1990M (100%)       1990M (100%)       1990M (100%)       1990M (100%)       1990M (100%)       1990M (100%)   
[119.828s][info][gc,heap     ] GC(59)   Reserve:       34M (2%)           34M (2%)           34M (2%)           34M (2%)           34M (2%)           34M (2%)     
[119.828s][info][gc,heap     ] GC(59)      Free:     1314M (66%)        1134M (57%)        1480M (74%)        1520M (76%)        1520M (76%)        1134M (57%)    
[119.828s][info][gc,heap     ] GC(59)      Used:      642M (32%)         822M (41%)         476M (24%)         436M (22%)         822M (41%)         436M (22%)    
[119.828s][info][gc,heap     ] GC(59)      Live:         -               206M (10%)         206M (10%)         206M (10%)            -                  -          
[119.828s][info][gc,heap     ] GC(59) Allocated:         -               180M (9%)          180M (9%)          208M (10%)            -                  -          
[119.828s][info][gc,heap     ] GC(59)   Garbage:         -               435M (22%)          89M (5%)           31M (2%)             -                  -          
[119.828s][info][gc,heap     ] GC(59) Reclaimed:         -                  -               346M (17%)         404M (20%)            -                  -          
[119.828s][info][gc          ] GC(59) Garbage Collection (Allocation Rate) 642M(32%)->436M(22%)
[120.093s][info][gc,stats    ] === Garbage Collection Statistics =======================================================================================================================
[120.093s][info][gc,stats    ]                                                              Last 10s              Last 10m              Last 10h                Total
[120.093s][info][gc,stats    ]                                                              Avg / Max             Avg / Max             Avg / Max             Avg / Max
[120.093s][info][gc,stats    ]   Collector: Garbage Collection Cycle                   1139.098 / 1423.962    959.133 / 1704.378    959.133 / 1704.378    959.133 / 1704.378    ms
[120.093s][info][gc,stats    ]  Contention: Mark Segment Reset Contention                     0 / 0                 0 / 0                 0 / 0                 0 / 0           ops/s
[120.093s][info][gc,stats    ]  Contention: Mark SeqNum Reset Contention                      0 / 0                 0 / 0                 0 / 0                 0 / 0           ops/s
[120.093s][info][gc,stats    ]  Contention: Relocation Contention                             0 / 1                 0 / 2                 0 / 2                 0 / 2           ops/s
[120.093s][info][gc,stats    ]    Critical: Allocation Stall                              0.000 / 0.000         0.000 / 0.000         0.000 / 0.000         0.000 / 0.000       ms
[120.093s][info][gc,stats    ]    Critical: Allocation Stall                                  0 / 0                 0 / 0                 0 / 0                 0 / 0           ops/s
[120.093s][info][gc,stats    ]    Critical: GC Locker Stall                               0.000 / 0.000         0.000 / 0.000         0.000 / 0.000         0.000 / 0.000       ms
[120.093s][info][gc,stats    ]    Critical: GC Locker Stall                                   0 / 0                 0 / 0                 0 / 0                 0 / 0           ops/s
[120.093s][info][gc,stats    ]      Memory: Allocation Rate                                 237 / 368             274 / 1282            274 / 1282            274 / 1282        MB/s
[120.093s][info][gc,stats    ]      Memory: Heap Used After Mark                            862 / 914             936 / 1920            936 / 1920            936 / 1920        MB
[120.093s][info][gc,stats    ]      Memory: Heap Used After Relocation                      437 / 534             425 / 1124            425 / 1124            425 / 1124        MB
[120.093s][info][gc,stats    ]      Memory: Heap Used Before Mark                           730 / 852             777 / 1828            777 / 1828            777 / 1828        MB
[120.093s][info][gc,stats    ]      Memory: Heap Used Before Relocation                     750 / 882             631 / 1114            631 / 1114            631 / 1114        MB
[120.093s][info][gc,stats    ]      Memory: Out Of Memory                                     0 / 0                 0 / 0                 0 / 0                 0 / 0           ops/s
[120.093s][info][gc,stats    ]      Memory: Page Cache Flush                                  0 / 0                 4 / 72                4 / 72                4 / 72          MB/s
[120.093s][info][gc,stats    ]      Memory: Page Cache Hit L1                               110 / 187             122 / 642             122 / 642             122 / 642         ops/s
[120.093s][info][gc,stats    ]      Memory: Page Cache Hit L2                                 0 / 0                 0 / 0                 0 / 0                 0 / 0           ops/s
[120.093s][info][gc,stats    ]      Memory: Page Cache Miss                                   0 / 0                 7 / 223               7 / 223               7 / 223         ops/s
[120.093s][info][gc,stats    ]      Memory: Undo Object Allocation Failed                     0 / 0                 0 / 0                 0 / 0                 0 / 0           ops/s
[120.093s][info][gc,stats    ]      Memory: Undo Object Allocation Succeeded                  0 / 1                 0 / 2                 0 / 2                 0 / 2           ops/s
[120.093s][info][gc,stats    ]      Memory: Undo Page Allocation                              0 / 0                 0 / 1                 0 / 1                 0 / 1           ops/s
[120.093s][info][gc,stats    ]       Phase: Concurrent Destroy Detached Pages             0.000 / 0.000         0.002 / 0.011         0.002 / 0.011         0.002 / 0.011       ms
[120.093s][info][gc,stats    ]       Phase: Concurrent Mark                             941.392 / 1198.198    793.216 / 1560.269    793.216 / 1560.269    793.216 / 1560.269    ms
[120.093s][info][gc,stats    ]       Phase: Concurrent Mark Continue                      0.000 / 0.000         0.000 / 0.000         0.000 / 0.000         0.000 / 0.000       ms
[120.093s][info][gc,stats    ]       Phase: Concurrent Prepare Relocation Set             7.775 / 12.283        8.673 / 64.267        8.673 / 64.267        8.673 / 64.267      ms
[120.093s][info][gc,stats    ]       Phase: Concurrent Process Non-Strong References      1.862 / 3.875         1.827 / 5.947         1.827 / 5.947         1.827 / 5.947       ms
[120.093s][info][gc,stats    ]       Phase: Concurrent Relocate                         166.342 / 210.241     137.645 / 393.686     137.645 / 393.686     137.645 / 393.686     ms
[120.093s][info][gc,stats    ]       Phase: Concurrent Reset Relocation Set               0.586 / 0.739         0.456 / 1.918         0.456 / 1.918         0.456 / 1.918       ms
[120.093s][info][gc,stats    ]       Phase: Concurrent Select Relocation Set              1.734 / 2.464         1.940 / 5.376         1.940 / 5.376         1.940 / 5.376       ms
[120.093s][info][gc,stats    ]       Phase: Pause Mark End                                0.423 / 0.458         0.319 / 0.742         0.319 / 0.742         0.319 / 0.742       ms
[120.093s][info][gc,stats    ]       Phase: Pause Mark Start                              3.460 / 3.517         2.827 / 4.144         2.827 / 4.144         2.827 / 4.144       ms
[120.093s][info][gc,stats    ]       Phase: Pause Relocate Start                          3.231 / 4.438         2.493 / 4.816         2.493 / 4.816         2.493 / 4.816       ms
[120.093s][info][gc,stats    ]    Subphase: Concurrent Mark                             937.221 / 1196.484    791.198 / 1560.247    791.198 / 1560.247    791.198 / 1560.247    ms
[120.093s][info][gc,stats    ]    Subphase: Concurrent Mark Idle                          0.000 / 0.000         0.000 / 0.000         0.000 / 0.000         0.000 / 0.000       ms
[120.093s][info][gc,stats    ]    Subphase: Concurrent Mark Try Flush                     1.618 / 6.544         1.567 / 13.453        1.567 / 13.453        1.567 / 13.453      ms
[120.093s][info][gc,stats    ]    Subphase: Concurrent Mark Try Terminate                 0.618 / 2.462         0.473 / 2.462         0.473 / 2.462         0.473 / 2.462       ms
[120.093s][info][gc,stats    ]    Subphase: Concurrent References Enqueue                 0.002 / 0.005         0.002 / 0.005         0.002 / 0.005         0.002 / 0.005       ms
[120.093s][info][gc,stats    ]    Subphase: Concurrent References Process                 1.085 / 3.099         0.915 / 5.130         0.915 / 5.130         0.915 / 5.130       ms
[120.093s][info][gc,stats    ]    Subphase: Concurrent Weak Roots                         0.767 / 0.779         0.802 / 1.873         0.802 / 1.873         0.802 / 1.873       ms
[120.093s][info][gc,stats    ]    Subphase: Concurrent Weak Roots JNIWeakHandles          0.000 / 0.000         0.000 / 0.001         0.000 / 0.001         0.000 / 0.001       ms
[120.093s][info][gc,stats    ]    Subphase: Concurrent Weak Roots StringTable             0.571 / 0.588         0.600 / 1.421         0.600 / 1.421         0.600 / 1.421       ms
[120.093s][info][gc,stats    ]    Subphase: Concurrent Weak Roots VMWeakHandles           0.195 / 0.207         0.201 / 0.448         0.201 / 0.448         0.201 / 0.448       ms
[120.093s][info][gc,stats    ]    Subphase: Pause Mark Try Complete                       0.002 / 0.002         0.002 / 0.002         0.002 / 0.002         0.002 / 0.002       ms
[120.093s][info][gc,stats    ]    Subphase: Pause Remap TLABS                             0.003 / 0.006         0.002 / 0.006         0.002 / 0.006         0.002 / 0.006       ms
[120.093s][info][gc,stats    ]    Subphase: Pause Retire TLABS                            0.025 / 0.031         0.018 / 0.033         0.018 / 0.033         0.018 / 0.033       ms
[120.093s][info][gc,stats    ]    Subphase: Pause Roots                                   2.143 / 4.085         1.680 / 4.397         1.680 / 4.397         1.680 / 4.397       ms
[120.093s][info][gc,stats    ]    Subphase: Pause Roots ClassLoaderDataGraph              0.686 / 0.946         0.649 / 1.672         0.649 / 1.672         0.649 / 1.672       ms
[120.093s][info][gc,stats    ]    Subphase: Pause Roots CodeCache                         1.816 / 2.137         1.335 / 3.073         1.335 / 3.073         1.335 / 3.073       ms
[120.094s][info][gc,stats    ]    Subphase: Pause Roots JNIHandles                        0.001 / 0.001         0.001 / 0.006         0.001 / 0.006         0.001 / 0.006       ms
[120.094s][info][gc,stats    ]    Subphase: Pause Roots JNIWeakHandles                    0.000 / 0.000         0.000 / 0.000         0.000 / 0.000         0.000 / 0.000       ms
[120.094s][info][gc,stats    ]    Subphase: Pause Roots JRFWeak                           0.000 / 0.000         0.000 / 0.000         0.000 / 0.000         0.000 / 0.000       ms
[120.094s][info][gc,stats    ]    Subphase: Pause Roots JVMTIExport                       0.000 / 0.001         0.000 / 0.001         0.000 / 0.001         0.000 / 0.001       ms
[120.094s][info][gc,stats    ]    Subphase: Pause Roots JVMTIWeakExport                   0.001 / 0.001         0.001 / 0.001         0.001 / 0.001         0.001 / 0.001       ms
[120.094s][info][gc,stats    ]    Subphase: Pause Roots Management                        0.001 / 0.002         0.004 / 0.337         0.004 / 0.337         0.004 / 0.337       ms
[120.094s][info][gc,stats    ]    Subphase: Pause Roots ObjectSynchronizer                0.000 / 0.000         0.000 / 0.001         0.000 / 0.001         0.000 / 0.001       ms
[120.094s][info][gc,stats    ]    Subphase: Pause Roots Setup                             0.186 / 0.314         0.164 / 0.423         0.164 / 0.423         0.164 / 0.423       ms
[120.094s][info][gc,stats    ]    Subphase: Pause Roots StringTable                       0.000 / 0.000         0.000 / 0.000         0.000 / 0.000         0.000 / 0.000       ms
[120.094s][info][gc,stats    ]    Subphase: Pause Roots SystemDictionary                  0.012 / 0.018         0.013 / 0.029         0.013 / 0.029         0.013 / 0.029       ms
[120.094s][info][gc,stats    ]    Subphase: Pause Roots Teardown                          0.001 / 0.002         0.001 / 0.002         0.001 / 0.002         0.001 / 0.002       ms
[120.094s][info][gc,stats    ]    Subphase: Pause Roots Threads                           0.461 / 0.973         0.341 / 0.973         0.341 / 0.973         0.341 / 0.973       ms
[120.094s][info][gc,stats    ]    Subphase: Pause Roots Universe                          0.002 / 0.003         0.002 / 0.020         0.002 / 0.020         0.002 / 0.020       ms
[120.094s][info][gc,stats    ]    Subphase: Pause Roots VMWeakHandles                     0.000 / 0.000         0.000 / 0.000         0.000 / 0.000         0.000 / 0.000       ms
[120.094s][info][gc,stats    ]    Subphase: Pause Weak Roots                              0.001 / 0.002         0.001 / 0.005         0.001 / 0.005         0.001 / 0.005       ms
[120.094s][info][gc,stats    ]    Subphase: Pause Weak Roots JFRWeak                      0.000 / 0.001         0.001 / 0.001         0.001 / 0.001         0.001 / 0.001       ms
[120.094s][info][gc,stats    ]    Subphase: Pause Weak Roots JNIWeakHandles               0.000 / 0.000         0.000 / 0.000         0.000 / 0.000         0.000 / 0.000       ms
[120.094s][info][gc,stats    ]    Subphase: Pause Weak Roots JVMTIWeakExport              0.000 / 0.001         0.001 / 0.005         0.001 / 0.005         0.001 / 0.005       ms
[120.094s][info][gc,stats    ]    Subphase: Pause Weak Roots Setup                        0.000 / 0.000         0.000 / 0.000         0.000 / 0.000         0.000 / 0.000       ms
[120.094s][info][gc,stats    ]    Subphase: Pause Weak Roots StringTable                  0.000 / 0.000         0.000 / 0.000         0.000 / 0.000         0.000 / 0.000       ms
[120.094s][info][gc,stats    ]    Subphase: Pause Weak Roots SymbolTable                  0.000 / 0.000         0.000 / 0.000         0.000 / 0.000         0.000 / 0.000       ms
[120.094s][info][gc,stats    ]    Subphase: Pause Weak Roots Teardown                     0.000 / 0.001         0.000 / 0.001         0.000 / 0.001         0.000 / 0.001       ms
[120.094s][info][gc,stats    ]    Subphase: Pause Weak Roots VMWeakHandles                0.000 / 0.000         0.000 / 0.000         0.000 / 0.000         0.000 / 0.000       ms
[120.094s][info][gc,stats    ]      System: Java Threads                                    153 / 163              98 / 163              98 / 163              98 / 163         threads
[120.094s][info][gc,stats    ] =========================================================================================================================================================
[120.522s][info][gc,heap     ] Page Cache Flushed: 6M requested, 8M(1264M->1256M) flushed
[120.693s][info][gc,start    ] GC(60) Garbage Collection (Allocation Rate)
[120.699s][info][gc,phases   ] GC(60) Pause Mark Start 3.458ms
[121.272s][info][gc,heap     ] Page Cache Flushed: 4M requested, 8M(1056M->1048M) flushed
[121.417s][info][gc,phases   ] GC(60) Concurrent Mark 717.942ms
[121.420s][info][gc,phases   ] GC(60) Pause Mark End 0.405ms
[121.421s][info][gc,phases   ] GC(60) Concurrent Process Non-Strong References 1.485ms
[121.421s][info][gc,phases   ] GC(60) Concurrent Reset Relocation Set 0.010ms
[121.421s][info][gc,phases   ] GC(60) Concurrent Destroy Detached Pages 0.002ms
[121.423s][info][gc,phases   ] GC(60) Concurrent Select Relocation Set 1.663ms
[121.424s][info][gc,phases   ] GC(60) Concurrent Prepare Relocation Set 0.859ms
[121.427s][info][gc,phases   ] GC(60) Pause Relocate Start 3.095ms
[121.506s][info][gc,phases   ] GC(60) Concurrent Relocate 77.951ms
[121.506s][info][gc,load     ] GC(60) Load: 1.83/1.68/1.05
[121.506s][info][gc,mmu      ] GC(60) MMU: 2ms/0.0%, 5ms/3.7%, 10ms/51.8%, 20ms/75.9%, 50ms/86.5%, 100ms/93.3%
[121.506s][info][gc,marking  ] GC(60) Mark: 1 stripe(s), 2 proactive flush(es), 1 terminate flush(es), 0 completion(s), 0 continuation(s) 
[121.506s][info][gc,reloc    ] GC(60) Relocation: Successful, 21M relocated
[121.506s][info][gc,nmethod  ] GC(60) NMethods: 5080 registered, 5 unregistered
[121.506s][info][gc,metaspace] GC(60) Metaspace: 74M used, 78M capacity, 78M committed, 80M reserved
[121.506s][info][gc,ref      ] GC(60) Soft: 4927 encountered, 0 discovered, 0 enqueued
[121.506s][info][gc,ref      ] GC(60) Weak: 5301 encountered, 4290 discovered, 212 enqueued
[121.506s][info][gc,ref      ] GC(60) Final: 28 encountered, 0 discovered, 0 enqueued
[121.506s][info][gc,ref      ] GC(60) Phantom: 665 encountered, 470 discovered, 0 enqueued
[121.506s][info][gc,heap     ] GC(60)                Mark Start          Mark End        Relocate Start      Relocate End           High               Low         
[121.506s][info][gc,heap     ] GC(60)  Capacity:     1990M (100%)       1990M (100%)       1990M (100%)       1990M (100%)       1990M (100%)       1990M (100%)   
[121.506s][info][gc,heap     ] GC(60)   Reserve:       34M (2%)           34M (2%)           34M (2%)           34M (2%)           34M (2%)           34M (2%)     
[121.506s][info][gc,heap     ] GC(60)      Free:     1208M (61%)        1036M (52%)        1454M (73%)        1520M (76%)        1522M (76%)        1036M (52%)    
[121.506s][info][gc,heap     ] GC(60)      Used:      748M (38%)         920M (46%)         502M (25%)         436M (22%)         920M (46%)         434M (22%)    
[121.506s][info][gc,heap     ] GC(60)      Live:         -               211M (11%)         211M (11%)         211M (11%)            -                  -          
[121.506s][info][gc,heap     ] GC(60) Allocated:         -               172M (9%)          172M (9%)          202M (10%)            -                  -          
[121.506s][info][gc,heap     ] GC(60)   Garbage:         -               536M (27%)         118M (6%)           38M (2%)             -                  -          
[121.506s][info][gc,heap     ] GC(60) Reclaimed:         -                  -               418M (21%)         498M (25%)            -                  -          
[121.506s][info][gc          ] GC(60) Garbage Collection (Allocation Rate) 748M(38%)->436M(22%)
[122.393s][info][gc,start    ] GC(61) Garbage Collection (Allocation Rate)
[122.399s][info][gc,phases   ] GC(61) Pause Mark Start 3.481ms
[123.125s][info][gc,phases   ] GC(61) Concurrent Mark 725.526ms
[123.128s][info][gc,phases   ] GC(61) Pause Mark End 0.420ms
[123.129s][info][gc,phases   ] GC(61) Concurrent Process Non-Strong References 1.507ms
[123.130s][info][gc,phases   ] GC(61) Concurrent Reset Relocation Set 0.012ms
[123.130s][info][gc,phases   ] GC(61) Concurrent Destroy Detached Pages 0.000ms
[123.132s][info][gc,phases   ] GC(61) Concurrent Select Relocation Set 1.542ms
[123.133s][info][gc,phases   ] GC(61) Concurrent Prepare Relocation Set 1.434ms
[123.141s][info][gc,phases   ] GC(61) Pause Relocate Start 3.080ms
[123.238s][info][gc,phases   ] GC(61) Concurrent Relocate 96.606ms
[123.238s][info][gc,load     ] GC(61) Load: 1.76/1.66/1.05
[123.238s][info][gc,mmu      ] GC(61) MMU: 2ms/0.0%, 5ms/3.7%, 10ms/51.8%, 20ms/75.9%, 50ms/86.5%, 100ms/93.3%
[123.238s][info][gc,marking  ] GC(61) Mark: 1 stripe(s), 2 proactive flush(es), 1 terminate flush(es), 0 completion(s), 0 continuation(s) 
[123.238s][info][gc,reloc    ] GC(61) Relocation: Successful, 25M relocated
[123.238s][info][gc,nmethod  ] GC(61) NMethods: 5115 registered, 5 unregistered
[123.238s][info][gc,metaspace] GC(61) Metaspace: 74M used, 78M capacity, 78M committed, 80M reserved
[123.238s][info][gc,ref      ] GC(61) Soft: 4928 encountered, 0 discovered, 0 enqueued
[123.238s][info][gc,ref      ] GC(61) Weak: 5150 encountered, 4118 discovered, 155 enqueued
[123.238s][info][gc,ref      ] GC(61) Final: 28 encountered, 0 discovered, 0 enqueued
[123.238s][info][gc,ref      ] GC(61) Phantom: 663 encountered, 659 discovered, 0 enqueued
[123.238s][info][gc,heap     ] GC(61)                Mark Start          Mark End        Relocate Start      Relocate End           High               Low         
[123.238s][info][gc,heap     ] GC(61)  Capacity:     1990M (100%)       1990M (100%)       1990M (100%)       1990M (100%)       1990M (100%)       1990M (100%)   
[123.238s][info][gc,heap     ] GC(61)   Reserve:       34M (2%)           34M (2%)           34M (2%)           34M (2%)           34M (2%)           34M (2%)     
[123.238s][info][gc,heap     ] GC(61)      Free:     1124M (56%)         942M (47%)        1382M (69%)        1568M (79%)        1568M (79%)         940M (47%)    
[123.238s][info][gc,heap     ] GC(61)      Used:      832M (42%)        1014M (51%)         574M (29%)         388M (19%)        1016M (51%)         388M (19%)    
[123.238s][info][gc,heap     ] GC(61)      Live:         -               205M (10%)         205M (10%)         205M (10%)            -                  -          
[123.238s][info][gc,heap     ] GC(61) Allocated:         -               182M (9%)          184M (9%)          198M (10%)            -                  -          
[123.238s][info][gc,heap     ] GC(61)   Garbage:         -               626M (31%)         184M (9%)     17592186044414M (8         -                  -          
[123.238s][info][gc,heap     ] GC(61) Reclaimed:         -                  -               442M (22%)         628M (32%)            -                  -          
[123.238s][info][gc          ] GC(61) Garbage Collection (Allocation Rate) 832M(42%)->388M(19%)
[123.717s][info][gc,heap     ] Page Cache Flushed: 4M requested, 18M(1420M->1402M) flushed
[123.724s][info][gc,heap     ] Page Cache Flushed: 2M requested, 10M(1402M->1392M) flushed
[123.993s][info][gc,start    ] GC(62) Garbage Collection (Allocation Rate)
[123.999s][info][gc,phases   ] GC(62) Pause Mark Start 3.518ms
[124.787s][info][gc,phases   ] GC(62) Concurrent Mark 788.089ms
[124.790s][info][gc,phases   ] GC(62) Pause Mark End 0.427ms
[124.792s][info][gc,phases   ] GC(62) Concurrent Process Non-Strong References 1.497ms
[124.792s][info][gc,phases   ] GC(62) Concurrent Reset Relocation Set 0.020ms
[124.792s][info][gc,phases   ] GC(62) Concurrent Destroy Detached Pages 0.003ms
[124.794s][info][gc,phases   ] GC(62) Concurrent Select Relocation Set 1.571ms
[124.803s][info][gc,phases   ] GC(62) Concurrent Prepare Relocation Set 9.137ms
[124.808s][info][gc,phases   ] GC(62) Pause Relocate Start 2.976ms
[125.068s][info][gc,phases   ] GC(62) Concurrent Relocate 254.717ms
[125.068s][info][gc,load     ] GC(62) Load: 1.76/1.66/1.05
[125.068s][info][gc,mmu      ] GC(62) MMU: 2ms/0.0%, 5ms/3.7%, 10ms/51.8%, 20ms/75.9%, 50ms/86.5%, 100ms/93.3%
[125.068s][info][gc,marking  ] GC(62) Mark: 1 stripe(s), 2 proactive flush(es), 1 terminate flush(es), 0 completion(s), 0 continuation(s) 
[125.068s][info][gc,reloc    ] GC(62) Relocation: Successful, 49M relocated
[125.068s][info][gc,nmethod  ] GC(62) NMethods: 5153 registered, 5 unregistered
[125.068s][info][gc,metaspace] GC(62) Metaspace: 74M used, 78M capacity, 78M committed, 80M reserved
[125.068s][info][gc,ref      ] GC(62) Soft: 4928 encountered, 0 discovered, 0 enqueued
[125.068s][info][gc,ref      ] GC(62) Weak: 5006 encountered, 3960 discovered, 11 enqueued
[125.068s][info][gc,ref      ] GC(62) Final: 28 encountered, 0 discovered, 0 enqueued
[125.068s][info][gc,ref      ] GC(62) Phantom: 663 encountered, 659 discovered, 0 enqueued
[125.068s][info][gc,heap     ] GC(62)                Mark Start          Mark End        Relocate Start      Relocate End           High               Low         
[125.068s][info][gc,heap     ] GC(62)  Capacity:     1990M (100%)       1990M (100%)       1990M (100%)       1990M (100%)       1990M (100%)       1990M (100%)   
[125.068s][info][gc,heap     ] GC(62)   Reserve:       34M (2%)           34M (2%)           34M (2%)           34M (2%)           34M (2%)           34M (2%)     
[125.068s][info][gc,heap     ] GC(62)      Free:     1126M (57%)         980M (49%)        1272M (64%)        1524M (77%)        1524M (77%)         980M (49%)    
[125.068s][info][gc,heap     ] GC(62)      Used:      830M (42%)         976M (49%)         684M (34%)         432M (22%)         976M (49%)         432M (22%)    
[125.068s][info][gc,heap     ] GC(62)      Live:         -               229M (12%)         229M (12%)         229M (12%)            -                  -          
[125.068s][info][gc,heap     ] GC(62) Allocated:         -               146M (7%)          146M (7%)          242M (12%)            -                  -          
[125.068s][info][gc,heap     ] GC(62)   Garbage:         -               600M (30%)         308M (16%)          40M (2%)             -                  -          
[125.068s][info][gc,heap     ] GC(62) Reclaimed:         -                  -               292M (15%)         560M (28%)            -                  -          
[125.068s][info][gc          ] GC(62) Garbage Collection (Allocation Rate) 830M(42%)->432M(22%)
[125.393s][info][gc,start    ] GC(63) Garbage Collection (Allocation Rate)
[125.399s][info][gc,phases   ] GC(63) Pause Mark Start 3.544ms
[125.535s][info][gc,heap     ] Page Cache Flushed: 4M requested, 10M(1204M->1194M) flushed
[126.322s][info][gc,phases   ] GC(63) Concurrent Mark 923.065ms
[126.325s][info][gc,phases   ] GC(63) Pause Mark End 0.376ms
[126.327s][info][gc,phases   ] GC(63) Concurrent Process Non-Strong References 1.466ms
[126.328s][info][gc,phases   ] GC(63) Concurrent Reset Relocation Set 0.781ms
[126.328s][info][gc,phases   ] GC(63) Concurrent Destroy Detached Pages 0.002ms
[126.329s][info][gc,phases   ] GC(63) Concurrent Select Relocation Set 1.573ms
[126.340s][info][gc,phases   ] GC(63) Concurrent Prepare Relocation Set 11.004ms
[126.344s][info][gc,phases   ] GC(63) Pause Relocate Start 3.114ms
[126.560s][info][gc,phases   ] GC(63) Concurrent Relocate 216.063ms
[126.560s][info][gc,load     ] GC(63) Load: 1.76/1.66/1.05
[126.560s][info][gc,mmu      ] GC(63) MMU: 2ms/0.0%, 5ms/3.7%, 10ms/51.8%, 20ms/75.9%, 50ms/86.5%, 100ms/93.3%
[126.560s][info][gc,marking  ] GC(63) Mark: 1 stripe(s), 2 proactive flush(es), 1 terminate flush(es), 0 completion(s), 0 continuation(s) 
[126.560s][info][gc,reloc    ] GC(63) Relocation: Successful, 48M relocated
[126.560s][info][gc,nmethod  ] GC(63) NMethods: 5181 registered, 5 unregistered
[126.560s][info][gc,metaspace] GC(63) Metaspace: 74M used, 78M capacity, 78M committed, 80M reserved
[126.560s][info][gc,ref      ] GC(63) Soft: 4928 encountered, 0 discovered, 0 enqueued
[126.560s][info][gc,ref      ] GC(63) Weak: 4993 encountered, 3927 discovered, 18 enqueued
[126.560s][info][gc,ref      ] GC(63) Final: 28 encountered, 0 discovered, 0 enqueued
[126.560s][info][gc,ref      ] GC(63) Phantom: 663 encountered, 659 discovered, 0 enqueued
[126.560s][info][gc,heap     ] GC(63)                Mark Start          Mark End        Relocate Start      Relocate End           High               Low         
[126.560s][info][gc,heap     ] GC(63)  Capacity:     1990M (100%)       1990M (100%)       1990M (100%)       1990M (100%)       1990M (100%)       1990M (100%)   
[126.560s][info][gc,heap     ] GC(63)   Reserve:       34M (2%)           34M (2%)           34M (2%)           34M (2%)           34M (2%)           34M (2%)     
[126.560s][info][gc,heap     ] GC(63)      Free:     1268M (64%)        1088M (55%)        1250M (63%)        1446M (73%)        1446M (73%)        1088M (55%)    
[126.560s][info][gc,heap     ] GC(63)      Used:      688M (35%)         868M (44%)         706M (35%)         510M (26%)         868M (44%)         510M (26%)    
[126.560s][info][gc,heap     ] GC(63)      Live:         -               273M (14%)         273M (14%)         273M (14%)            -                  -          
[126.560s][info][gc,heap     ] GC(63) Allocated:         -               180M (9%)          180M (9%)          270M (14%)            -                  -          
[126.560s][info][gc,heap     ] GC(63)   Garbage:         -               414M (21%)         252M (13%)          38M (2%)             -                  -          
[126.560s][info][gc,heap     ] GC(63) Reclaimed:         -                  -               162M (8%)          376M (19%)            -                  -          
[126.560s][info][gc          ] GC(63) Garbage Collection (Allocation Rate) 688M(35%)->510M(26%)
[126.648s][info][gc,heap     ] Page Cache Flushed: 6M requested, 8M(1344M->1336M) flushed
[126.649s][info][gc,heap     ] Page Cache Flushed: 4M requested, 8M(1336M->1328M) flushed
[126.685s][info][gc,heap     ] Page Cache Flushed: 2M requested, 8M(1300M->1292M) flushed
[126.781s][info][gc,heap     ] Page Cache Flushed: 6M requested, 32M(1264M->1232M) flushed
[126.793s][info][gc,start    ] GC(64) Garbage Collection (Allocation Rate)
[126.798s][info][gc,phases   ] GC(64) Pause Mark Start 3.593ms
[127.543s][info][gc,phases   ] GC(64) Concurrent Mark 744.889ms
[127.544s][info][gc,phases   ] GC(64) Pause Mark End 0.347ms
[127.545s][info][gc,phases   ] GC(64) Concurrent Process Non-Strong References 1.448ms
[127.547s][info][gc,phases   ] GC(64) Concurrent Reset Relocation Set 0.663ms
[127.547s][info][gc,phases   ] GC(64) Concurrent Destroy Detached Pages 0.004ms
[127.548s][info][gc,phases   ] GC(64) Concurrent Select Relocation Set 1.521ms
[127.556s][info][gc,phases   ] GC(64) Concurrent Prepare Relocation Set 7.207ms
[127.562s][info][gc,phases   ] GC(64) Pause Relocate Start 3.066ms
[127.643s][info][gc,phases   ] GC(64) Concurrent Relocate 81.336ms
[127.643s][info][gc,load     ] GC(64) Load: 1.78/1.67/1.05
[127.643s][info][gc,mmu      ] GC(64) MMU: 2ms/0.0%, 5ms/3.7%, 10ms/51.8%, 20ms/75.9%, 50ms/86.5%, 100ms/93.3%
[127.643s][info][gc,marking  ] GC(64) Mark: 1 stripe(s), 2 proactive flush(es), 1 terminate flush(es), 0 completion(s), 0 continuation(s) 
[127.643s][info][gc,reloc    ] GC(64) Relocation: Successful, 34M relocated
[127.643s][info][gc,nmethod  ] GC(64) NMethods: 5210 registered, 5 unregistered
[127.643s][info][gc,metaspace] GC(64) Metaspace: 74M used, 78M capacity, 78M committed, 80M reserved
[127.643s][info][gc,ref      ] GC(64) Soft: 4927 encountered, 0 discovered, 0 enqueued
[127.643s][info][gc,ref      ] GC(64) Weak: 4984 encountered, 4049 discovered, 108 enqueued
[127.643s][info][gc,ref      ] GC(64) Final: 28 encountered, 0 discovered, 0 enqueued
[127.643s][info][gc,ref      ] GC(64) Phantom: 662 encountered, 658 discovered, 0 enqueued
[127.643s][info][gc,heap     ] GC(64)                Mark Start          Mark End        Relocate Start      Relocate End           High               Low         
[127.643s][info][gc,heap     ] GC(64)  Capacity:     1990M (100%)       1990M (100%)       1990M (100%)       1990M (100%)       1990M (100%)       1990M (100%)   
[127.643s][info][gc,heap     ] GC(64)   Reserve:       34M (2%)           34M (2%)           34M (2%)           34M (2%)           34M (2%)           34M (2%)     
[127.643s][info][gc,heap     ] GC(64)      Free:     1238M (62%)         496M (25%)         756M (38%)         892M (45%)        1238M (62%)         496M (25%)    
[127.643s][info][gc,heap     ] GC(64)      Used:      718M (36%)        1460M (73%)        1200M (60%)        1064M (53%)        1460M (73%)         718M (36%)    
[127.643s][info][gc,heap     ] GC(64)      Live:         -               282M (14%)         282M (14%)         282M (14%)            -                  -          
[127.643s][info][gc,heap     ] GC(64) Allocated:         -               742M (37%)         742M (37%)         802M (40%)            -                  -          
[127.643s][info][gc,heap     ] GC(64)   Garbage:         -               435M (22%)         175M (9%)           37M (2%)             -                  -          
[127.643s][info][gc,heap     ] GC(64) Reclaimed:         -                  -               260M (13%)         398M (20%)            -                  -          
[127.643s][info][gc          ] GC(64) Garbage Collection (Allocation Rate) 718M(36%)->1064M(53%)
[127.643s][info][gc,start    ] GC(65) Garbage Collection (System.gc())
[127.647s][info][gc,phases   ] GC(65) Pause Mark Start 3.568ms
[127.951s][info][gc,phases   ] GC(65) Concurrent Mark 303.455ms
[127.951s][info][gc,phases   ] GC(65) Pause Mark End 0.407ms
[127.953s][info][gc,phases   ] GC(65) Concurrent Process Non-Strong References 1.571ms
[127.954s][info][gc,phases   ] GC(65) Concurrent Reset Relocation Set 0.513ms
[127.954s][info][gc,phases   ] GC(65) Concurrent Destroy Detached Pages 0.000ms
[127.955s][info][gc,phases   ] GC(65) Concurrent Select Relocation Set 1.916ms
[127.956s][info][gc,phases   ] GC(65) Concurrent Prepare Relocation Set 0.035ms
[127.959s][info][gc,phases   ] GC(65) Pause Relocate Start 3.047ms
[127.962s][info][gc,phases   ] GC(65) Concurrent Relocate 3.298ms
[127.962s][info][gc,load     ] GC(65) Load: 1.78/1.67/1.05
[127.962s][info][gc,mmu      ] GC(65) MMU: 2ms/0.0%, 5ms/3.7%, 10ms/51.8%, 20ms/75.9%, 50ms/86.5%, 100ms/93.3%
[127.962s][info][gc,marking  ] GC(65) Mark: 1 stripe(s), 2 proactive flush(es), 1 terminate flush(es), 0 completion(s), 0 continuation(s) 
[127.962s][info][gc,reloc    ] GC(65) Relocation: Successful, 11M relocated
[127.962s][info][gc,nmethod  ] GC(65) NMethods: 5211 registered, 5 unregistered
[127.962s][info][gc,metaspace] GC(65) Metaspace: 74M used, 78M capacity, 78M committed, 80M reserved
[127.962s][info][gc,ref      ] GC(65) Soft: 4927 encountered, 0 discovered, 0 enqueued
[127.962s][info][gc,ref      ] GC(65) Weak: 4895 encountered, 3959 discovered, 6 enqueued
[127.962s][info][gc,ref      ] GC(65) Final: 28 encountered, 0 discovered, 0 enqueued
[127.962s][info][gc,ref      ] GC(65) Phantom: 662 encountered, 658 discovered, 0 enqueued
[127.962s][info][gc,heap     ] GC(65)                Mark Start          Mark End        Relocate Start      Relocate End           High               Low         
[127.962s][info][gc,heap     ] GC(65)  Capacity:     1990M (100%)       1990M (100%)       1990M (100%)       1990M (100%)       1990M (100%)       1990M (100%)   
[127.962s][info][gc,heap     ] GC(65)   Reserve:       34M (2%)           34M (2%)           34M (2%)           34M (2%)           34M (2%)           34M (2%)     
[127.962s][info][gc,heap     ] GC(65)      Free:      892M (45%)         890M (45%)        1706M (86%)        1730M (87%)        1730M (87%)         890M (45%)    
[127.962s][info][gc,heap     ] GC(65)      Used:     1064M (53%)        1066M (54%)         250M (13%)         226M (11%)        1066M (54%)         226M (11%)    
[127.962s][info][gc,heap     ] GC(65)      Live:         -               191M (10%)         191M (10%)         191M (10%)            -                  -          
[127.962s][info][gc,heap     ] GC(65) Allocated:         -                 2M (0%)            2M (0%)            4M (0%)             -                  -          
[127.962s][info][gc,heap     ] GC(65)   Garbage:         -               872M (44%)          56M (3%)           32M (2%)             -                  -          
[127.962s][info][gc,heap     ] GC(65) Reclaimed:         -                  -               816M (41%)         840M (42%)            -                  -          
[127.962s][info][gc          ] GC(65) Garbage Collection (System.gc()) 1064M(53%)->226M(11%)
[128.293s][info][gc,start    ] GC(66) Garbage Collection (Allocation Rate)
[128.300s][info][gc,phases   ] GC(66) Pause Mark Start 3.614ms
[129.059s][info][gc,phases   ] GC(66) Concurrent Mark 759.608ms
[129.063s][info][gc,phases   ] GC(66) Pause Mark End 0.425ms
[129.064s][info][gc,phases   ] GC(66) Concurrent Process Non-Strong References 1.785ms
[129.065s][info][gc,phases   ] GC(66) Concurrent Reset Relocation Set 0.005ms
[129.065s][info][gc,phases   ] GC(66) Concurrent Destroy Detached Pages 0.000ms
[129.066s][info][gc,phases   ] GC(66) Concurrent Select Relocation Set 1.518ms
[129.069s][info][gc,phases   ] GC(66) Concurrent Prepare Relocation Set 3.198ms
[129.073s][info][gc,phases   ] GC(66) Pause Relocate Start 3.064ms
[129.186s][info][gc,phases   ] GC(66) Concurrent Relocate 111.032ms
[129.186s][info][gc,load     ] GC(66) Load: 1.78/1.67/1.05
[129.186s][info][gc,mmu      ] GC(66) MMU: 2ms/0.0%, 5ms/3.7%, 10ms/51.8%, 20ms/75.9%, 50ms/86.5%, 100ms/93.3%
[129.186s][info][gc,marking  ] GC(66) Mark: 1 stripe(s), 2 proactive flush(es), 1 terminate flush(es), 0 completion(s), 0 continuation(s) 
[129.186s][info][gc,reloc    ] GC(66) Relocation: Successful, 50M relocated
[129.186s][info][gc,nmethod  ] GC(66) NMethods: 5241 registered, 5 unregistered
[129.186s][info][gc,metaspace] GC(66) Metaspace: 74M used, 78M capacity, 78M committed, 80M reserved
[129.186s][info][gc,ref      ] GC(66) Soft: 4928 encountered, 0 discovered, 0 enqueued
[129.186s][info][gc,ref      ] GC(66) Weak: 4986 encountered, 3981 discovered, 22 enqueued
[129.186s][info][gc,ref      ] GC(66) Final: 28 encountered, 0 discovered, 0 enqueued
[129.186s][info][gc,ref      ] GC(66) Phantom: 662 encountered, 658 discovered, 0 enqueued
[129.186s][info][gc,heap     ] GC(66)                Mark Start          Mark End        Relocate Start      Relocate End           High               Low         
[129.186s][info][gc,heap     ] GC(66)  Capacity:     1990M (100%)       1990M (100%)       1990M (100%)       1990M (100%)       1990M (100%)       1990M (100%)   
[129.186s][info][gc,heap     ] GC(66)   Reserve:       34M (2%)           34M (2%)           34M (2%)           34M (2%)           34M (2%)           34M (2%)     
[129.186s][info][gc,heap     ] GC(66)      Free:     1536M (77%)        1306M (66%)        1350M (68%)        1420M (71%)        1536M (77%)        1306M (66%)    
[129.186s][info][gc,heap     ] GC(66)      Used:      420M (21%)         650M (33%)         606M (30%)         536M (27%)         650M (33%)         420M (21%)    
[129.186s][info][gc,heap     ] GC(66)      Live:         -               240M (12%)         240M (12%)         240M (12%)            -                  -          
[129.186s][info][gc,heap     ] GC(66) Allocated:         -               230M (12%)         230M (12%)         286M (14%)            -                  -          
[129.186s][info][gc,heap     ] GC(66)   Garbage:         -               179M (9%)          135M (7%)           61M (3%)             -                  -          
[129.186s][info][gc,heap     ] GC(66) Reclaimed:         -                  -                44M (2%)          118M (6%)             -                  -          
[129.186s][info][gc          ] GC(66) Garbage Collection (Allocation Rate) 420M(21%)->536M(27%)
[129.893s][info][gc,start    ] GC(67) Garbage Collection (Allocation Rate)
[129.900s][info][gc,phases   ] GC(67) Pause Mark Start 3.552ms
[130.093s][info][gc,stats    ] === Garbage Collection Statistics =======================================================================================================================
[130.093s][info][gc,stats    ]                                                              Last 10s              Last 10m              Last 10h                Total
[130.093s][info][gc,stats    ]                                                              Avg / Max             Avg / Max             Avg / Max             Avg / Max
[130.093s][info][gc,stats    ]   Collector: Garbage Collection Cycle                    851.670 / 1166.916    947.906 / 1704.378    947.906 / 1704.378    947.906 / 1704.378    ms
[130.093s][info][gc,stats    ]  Contention: Mark Segment Reset Contention                     0 / 0                 0 / 0                 0 / 0                 0 / 0           ops/s
[130.093s][info][gc,stats    ]  Contention: Mark SeqNum Reset Contention                      0 / 0                 0 / 0                 0 / 0                 0 / 0           ops/s
[130.093s][info][gc,stats    ]  Contention: Relocation Contention                             0 / 2                 0 / 2                 0 / 2                 0 / 2           ops/s
[130.093s][info][gc,stats    ]    Critical: Allocation Stall                              0.000 / 0.000         0.000 / 0.000         0.000 / 0.000         0.000 / 0.000       ms
[130.093s][info][gc,stats    ]    Critical: Allocation Stall                                  0 / 0                 0 / 0                 0 / 0                 0 / 0           ops/s
[130.093s][info][gc,stats    ]    Critical: GC Locker Stall                               0.000 / 0.000         0.000 / 0.000         0.000 / 0.000         0.000 / 0.000       ms
[130.093s][info][gc,stats    ]    Critical: GC Locker Stall                                   0 / 0                 0 / 0                 0 / 0                 0 / 0           ops/s
[130.093s][info][gc,stats    ]      Memory: Allocation Rate                                 384 / 654             282 / 1282            282 / 1282            282 / 1282        MB/s
[130.093s][info][gc,stats    ]      Memory: Heap Used After Mark                            993 / 1460            942 / 1920            942 / 1920            942 / 1920        MB
[130.093s][info][gc,stats    ]      Memory: Heap Used After Relocation                      513 / 1064            434 / 1124            434 / 1124            434 / 1124        MB
[130.093s][info][gc,stats    ]      Memory: Heap Used Before Mark                           771 / 1064            777 / 1828            777 / 1828            777 / 1828        MB
[130.093s][info][gc,stats    ]      Memory: Heap Used Before Relocation                     646 / 1200            633 / 1200            633 / 1200            633 / 1200        MB
[130.093s][info][gc,stats    ]      Memory: Out Of Memory                                     0 / 0                 0 / 0                 0 / 0                 0 / 0           ops/s
[130.093s][info][gc,stats    ]      Memory: Page Cache Flush                                 11 / 56                5 / 72                5 / 72                5 / 72          MB/s
[130.093s][info][gc,stats    ]      Memory: Page Cache Hit L1                               173 / 306             126 / 642             126 / 642             126 / 642         ops/s
[130.093s][info][gc,stats    ]      Memory: Page Cache Hit L2                                 0 / 0                 0 / 0                 0 / 0                 0 / 0           ops/s
[130.093s][info][gc,stats    ]      Memory: Page Cache Miss                                   1 / 6                 7 / 223               7 / 223               7 / 223         ops/s
[130.093s][info][gc,stats    ]      Memory: Undo Object Allocation Failed                     0 / 0                 0 / 0                 0 / 0                 0 / 0           ops/s
[130.093s][info][gc,stats    ]      Memory: Undo Object Allocation Succeeded                  0 / 2                 0 / 2                 0 / 2                 0 / 2           ops/s
[130.093s][info][gc,stats    ]      Memory: Undo Page Allocation                              0 / 1                 0 / 1                 0 / 1                 0 / 1           ops/s
[130.093s][info][gc,stats    ]       Phase: Concurrent Destroy Detached Pages             0.002 / 0.004         0.002 / 0.011         0.002 / 0.011         0.002 / 0.011       ms
[130.093s][info][gc,stats    ]       Phase: Concurrent Mark                             708.939 / 923.065     784.411 / 1560.269    784.411 / 1560.269    784.411 / 1560.269    ms
[130.093s][info][gc,stats    ]       Phase: Concurrent Mark Continue                      0.000 / 0.000         0.000 / 0.000         0.000 / 0.000         0.000 / 0.000       ms
[130.093s][info][gc,stats    ]       Phase: Concurrent Prepare Relocation Set             4.696 / 11.004        8.258 / 64.267        8.258 / 64.267        8.258 / 64.267      ms
[130.093s][info][gc,stats    ]       Phase: Concurrent Process Non-Strong References      1.537 / 1.785         1.797 / 5.947         1.797 / 5.947         1.797 / 5.947       ms
[130.093s][info][gc,stats    ]       Phase: Concurrent Relocate                         120.143 / 254.717     135.816 / 393.686     135.816 / 393.686     135.816 / 393.686     ms
[130.093s][info][gc,stats    ]       Phase: Concurrent Reset Relocation Set               0.286 / 0.781         0.438 / 1.918         0.438 / 1.918         0.438 / 1.918       ms
[130.093s][info][gc,stats    ]       Phase: Concurrent Select Relocation Set              1.615 / 1.916         1.906 / 5.376         1.906 / 5.376         1.906 / 5.376       ms
[130.093s][info][gc,stats    ]       Phase: Pause Mark End                                0.401 / 0.427         0.327 / 0.742         0.327 / 0.742         0.327 / 0.742       ms
[130.093s][info][gc,stats    ]       Phase: Pause Mark Start                              3.541 / 3.614         2.911 / 4.144         2.911 / 4.144         2.911 / 4.144       ms
[130.093s][info][gc,stats    ]       Phase: Pause Relocate Start                          3.063 / 3.114         2.553 / 4.816         2.553 / 4.816         2.553 / 4.816       ms
[130.093s][info][gc,stats    ]    Subphase: Concurrent Mark                             704.759 / 920.549     782.167 / 1560.247    782.167 / 1560.247    782.167 / 1560.247    ms
[130.093s][info][gc,stats    ]    Subphase: Concurrent Mark Idle                          0.000 / 0.000         0.000 / 0.000         0.000 / 0.000         0.000 / 0.000       ms
[130.093s][info][gc,stats    ]    Subphase: Concurrent Mark Try Flush                     0.685 / 2.083         1.475 / 13.453        1.475 / 13.453        1.475 / 13.453      ms
[130.093s][info][gc,stats    ]    Subphase: Concurrent Mark Try Terminate                 0.358 / 1.036         0.461 / 2.462         0.461 / 2.462         0.461 / 2.462       ms
[130.093s][info][gc,stats    ]    Subphase: Concurrent References Enqueue                 0.003 / 0.004         0.002 / 0.005         0.002 / 0.005         0.002 / 0.005       ms
[130.093s][info][gc,stats    ]    Subphase: Concurrent References Process                 0.732 / 0.940         0.896 / 5.130         0.896 / 5.130         0.896 / 5.130       ms
[130.093s][info][gc,stats    ]    Subphase: Concurrent Weak Roots                         0.795 / 0.834         0.801 / 1.873         0.801 / 1.873         0.801 / 1.873       ms
[130.093s][info][gc,stats    ]    Subphase: Concurrent Weak Roots JNIWeakHandles          0.000 / 0.000         0.000 / 0.001         0.000 / 0.001         0.000 / 0.001       ms
[130.093s][info][gc,stats    ]    Subphase: Concurrent Weak Roots StringTable             0.587 / 0.641         0.598 / 1.421         0.598 / 1.421         0.598 / 1.421       ms
[130.093s][info][gc,stats    ]    Subphase: Concurrent Weak Roots VMWeakHandles           0.207 / 0.260         0.201 / 0.448         0.201 / 0.448         0.201 / 0.448       ms
[130.093s][info][gc,stats    ]    Subphase: Pause Mark Try Complete                       0.000 / 0.000         0.002 / 0.002         0.002 / 0.002         0.002 / 0.002       ms
[130.093s][info][gc,stats    ]    Subphase: Pause Remap TLABS                             0.003 / 0.004         0.002 / 0.006         0.002 / 0.006         0.002 / 0.006       ms
[130.093s][info][gc,stats    ]    Subphase: Pause Retire TLABS                            0.028 / 0.031         0.020 / 0.033         0.020 / 0.033         0.020 / 0.033       ms
[130.093s][info][gc,stats    ]    Subphase: Pause Roots                                   2.154 / 3.250         1.731 / 4.397         1.731 / 4.397         1.731 / 4.397       ms
[130.093s][info][gc,stats    ]    Subphase: Pause Roots ClassLoaderDataGraph              0.673 / 0.857         0.652 / 1.672         0.652 / 1.672         0.652 / 1.672       ms
[130.093s][info][gc,stats    ]    Subphase: Pause Roots CodeCache                         1.818 / 1.984         1.389 / 3.073         1.389 / 3.073         1.389 / 3.073       ms
[130.093s][info][gc,stats    ]    Subphase: Pause Roots JNIHandles                        0.001 / 0.001         0.001 / 0.006         0.001 / 0.006         0.001 / 0.006       ms
[130.093s][info][gc,stats    ]    Subphase: Pause Roots JNIWeakHandles                    0.000 / 0.000         0.000 / 0.000         0.000 / 0.000         0.000 / 0.000       ms
[130.093s][info][gc,stats    ]    Subphase: Pause Roots JRFWeak                           0.000 / 0.000         0.000 / 0.000         0.000 / 0.000         0.000 / 0.000       ms
[130.093s][info][gc,stats    ]    Subphase: Pause Roots JVMTIExport                       0.000 / 0.001         0.000 / 0.001         0.000 / 0.001         0.000 / 0.001       ms
[130.093s][info][gc,stats    ]    Subphase: Pause Roots JVMTIWeakExport                   0.001 / 0.001         0.001 / 0.001         0.001 / 0.001         0.001 / 0.001       ms
[130.093s][info][gc,stats    ]    Subphase: Pause Roots Management                        0.001 / 0.002         0.004 / 0.337         0.004 / 0.337         0.004 / 0.337       ms
[130.093s][info][gc,stats    ]    Subphase: Pause Roots ObjectSynchronizer                0.000 / 0.000         0.000 / 0.001         0.000 / 0.001         0.000 / 0.001       ms
[130.093s][info][gc,stats    ]    Subphase: Pause Roots Setup                             0.194 / 0.384         0.168 / 0.423         0.168 / 0.423         0.168 / 0.423       ms
[130.093s][info][gc,stats    ]    Subphase: Pause Roots StringTable                       0.000 / 0.000         0.000 / 0.000         0.000 / 0.000         0.000 / 0.000       ms
[130.093s][info][gc,stats    ]    Subphase: Pause Roots SystemDictionary                  0.012 / 0.014         0.013 / 0.029         0.013 / 0.029         0.013 / 0.029       ms
[130.093s][info][gc,stats    ]    Subphase: Pause Roots Teardown                          0.001 / 0.002         0.001 / 0.002         0.001 / 0.002         0.001 / 0.002       ms
[130.093s][info][gc,stats    ]    Subphase: Pause Roots Threads                           0.442 / 0.537         0.352 / 0.973         0.352 / 0.973         0.352 / 0.973       ms
[130.093s][info][gc,stats    ]    Subphase: Pause Roots Universe                          0.002 / 0.007         0.002 / 0.020         0.002 / 0.020         0.002 / 0.020       ms
[130.093s][info][gc,stats    ]    Subphase: Pause Roots VMWeakHandles                     0.000 / 0.000         0.000 / 0.000         0.000 / 0.000         0.000 / 0.000       ms
[130.093s][info][gc,stats    ]    Subphase: Pause Weak Roots                              0.002 / 0.002         0.001 / 0.005         0.001 / 0.005         0.001 / 0.005       ms
[130.093s][info][gc,stats    ]    Subphase: Pause Weak Roots JFRWeak                      0.001 / 0.001         0.001 / 0.001         0.001 / 0.001         0.001 / 0.001       ms
[130.093s][info][gc,stats    ]    Subphase: Pause Weak Roots JNIWeakHandles               0.000 / 0.000         0.000 / 0.000         0.000 / 0.000         0.000 / 0.000       ms
[130.093s][info][gc,stats    ]    Subphase: Pause Weak Roots JVMTIWeakExport              0.000 / 0.001         0.001 / 0.005         0.001 / 0.005         0.001 / 0.005       ms
[130.093s][info][gc,stats    ]    Subphase: Pause Weak Roots Setup                        0.000 / 0.000         0.000 / 0.000         0.000 / 0.000         0.000 / 0.000       ms
[130.093s][info][gc,stats    ]    Subphase: Pause Weak Roots StringTable                  0.000 / 0.000         0.000 / 0.000         0.000 / 0.000         0.000 / 0.000       ms
[130.093s][info][gc,stats    ]    Subphase: Pause Weak Roots SymbolTable                  0.000 / 0.000         0.000 / 0.000         0.000 / 0.000         0.000 / 0.000       ms
[130.093s][info][gc,stats    ]    Subphase: Pause Weak Roots Teardown                     0.001 / 0.001         0.000 / 0.001         0.000 / 0.001         0.000 / 0.001       ms
[130.093s][info][gc,stats    ]    Subphase: Pause Weak Roots VMWeakHandles                0.000 / 0.000         0.000 / 0.000         0.000 / 0.000         0.000 / 0.000       ms
[130.093s][info][gc,stats    ]      System: Java Threads                                    155 / 168             105 / 168             105 / 168             105 / 168         threads
[130.093s][info][gc,stats    ] =========================================================================================================================================================
[131.202s][info][gc,phases   ] GC(67) Concurrent Mark 1302.268ms
[131.206s][info][gc,phases   ] GC(67) Pause Mark End 0.977ms
[131.211s][info][gc,phases   ] GC(67) Concurrent Process Non-Strong References 4.941ms
[131.211s][info][gc,phases   ] GC(67) Concurrent Reset Relocation Set 0.023ms
[131.211s][info][gc,phases   ] GC(67) Concurrent Destroy Detached Pages 0.001ms
[131.213s][info][gc,phases   ] GC(67) Concurrent Select Relocation Set 1.662ms
[131.216s][info][gc,phases   ] GC(67) Concurrent Prepare Relocation Set 3.440ms
[131.222s][info][gc,phases   ] GC(67) Pause Relocate Start 3.106ms
[131.409s][info][gc,phases   ] GC(67) Concurrent Relocate 184.816ms
[131.409s][info][gc,load     ] GC(67) Load: 1.78/1.67/1.05
[131.409s][info][gc,mmu      ] GC(67) MMU: 2ms/0.0%, 5ms/3.7%, 10ms/51.8%, 20ms/75.9%, 50ms/86.5%, 100ms/93.3%
[131.409s][info][gc,marking  ] GC(67) Mark: 1 stripe(s), 2 proactive flush(es), 1 terminate flush(es), 0 completion(s), 0 continuation(s) 
[131.409s][info][gc,reloc    ] GC(67) Relocation: Successful, 51M relocated
[131.409s][info][gc,nmethod  ] GC(67) NMethods: 5242 registered, 5 unregistered
[131.409s][info][gc,metaspace] GC(67) Metaspace: 74M used, 78M capacity, 78M committed, 80M reserved
[131.410s][info][gc,ref      ] GC(67) Soft: 4928 encountered, 0 discovered, 0 enqueued
[131.410s][info][gc,ref      ] GC(67) Weak: 4964 encountered, 3959 discovered, 0 enqueued
[131.410s][info][gc,ref      ] GC(67) Final: 28 encountered, 0 discovered, 0 enqueued
[131.410s][info][gc,ref      ] GC(67) Phantom: 662 encountered, 658 discovered, 0 enqueued
[131.410s][info][gc,heap     ] GC(67)                Mark Start          Mark End        Relocate Start      Relocate End           High               Low         
[131.410s][info][gc,heap     ] GC(67)  Capacity:     1990M (100%)       1990M (100%)       1990M (100%)       1990M (100%)       1990M (100%)       1990M (100%)   
[131.410s][info][gc,heap     ] GC(67)   Reserve:       34M (2%)           34M (2%)           34M (2%)           34M (2%)           34M (2%)           34M (2%)     
[131.410s][info][gc,heap     ] GC(67)      Free:     1088M (55%)         932M (47%)         970M (49%)        1466M (74%)        1466M (74%)         932M (47%)    
[131.410s][info][gc,heap     ] GC(67)      Used:      868M (44%)        1024M (51%)         986M (50%)         490M (25%)        1024M (51%)         490M (25%)    
[131.410s][info][gc,heap     ] GC(67)      Live:         -               295M (15%)         295M (15%)         295M (15%)            -                  -          
[131.410s][info][gc,heap     ] GC(67) Allocated:         -               156M (8%)          156M (8%)          188M (9%)             -                  -          
[131.410s][info][gc,heap     ] GC(67)   Garbage:         -               572M (29%)         534M (27%)          38M (2%)             -                  -          
[131.410s][info][gc,heap     ] GC(67) Reclaimed:         -                  -                38M (2%)          534M (27%)            -                  -          
[131.410s][info][gc          ] GC(67) Garbage Collection (Allocation Rate) 868M(44%)->490M(25%)
[132.093s][info][gc,start    ] GC(68) Garbage Collection (Allocation Rate)
[132.100s][info][gc,phases   ] GC(68) Pause Mark Start 3.881ms
[132.369s][info][gc,heap     ] Page Cache Flushed: 8M requested, 12M(1132M->1120M) flushed
[132.974s][info][gc,phases   ] GC(68) Concurrent Mark 874.014ms
[132.980s][info][gc,phases   ] GC(68) Pause Mark End 0.414ms
[132.982s][info][gc,phases   ] GC(68) Concurrent Process Non-Strong References 1.549ms
[132.983s][info][gc,phases   ] GC(68) Concurrent Reset Relocation Set 0.742ms
[132.983s][info][gc,phases   ] GC(68) Concurrent Destroy Detached Pages 0.005ms
[132.985s][info][gc,phases   ] GC(68) Concurrent Select Relocation Set 2.430ms
[132.996s][info][gc,phases   ] GC(68) Concurrent Prepare Relocation Set 10.398ms
[133.001s][info][gc,phases   ] GC(68) Pause Relocate Start 3.446ms
[133.188s][info][gc,phases   ] GC(68) Concurrent Relocate 182.844ms
[133.188s][info][gc,load     ] GC(68) Load: 1.80/1.68/1.06
[133.188s][info][gc,mmu      ] GC(68) MMU: 2ms/0.0%, 5ms/3.7%, 10ms/51.8%, 20ms/75.9%, 50ms/86.5%, 100ms/93.3%
[133.188s][info][gc,marking  ] GC(68) Mark: 1 stripe(s), 2 proactive flush(es), 1 terminate flush(es), 0 completion(s), 0 continuation(s) 
[133.188s][info][gc,reloc    ] GC(68) Relocation: Successful, 59M relocated
[133.188s][info][gc,nmethod  ] GC(68) NMethods: 5265 registered, 5 unregistered
[133.188s][info][gc,metaspace] GC(68) Metaspace: 74M used, 78M capacity, 78M committed, 80M reserved
[133.188s][info][gc,ref      ] GC(68) Soft: 4928 encountered, 0 discovered, 0 enqueued
[133.188s][info][gc,ref      ] GC(68) Weak: 4931 encountered, 3949 discovered, 26 enqueued
[133.188s][info][gc,ref      ] GC(68) Final: 28 encountered, 0 discovered, 0 enqueued
[133.188s][info][gc,ref      ] GC(68) Phantom: 662 encountered, 658 discovered, 0 enqueued
[133.188s][info][gc,heap     ] GC(68)                Mark Start          Mark End        Relocate Start      Relocate End           High               Low         
[133.188s][info][gc,heap     ] GC(68)  Capacity:     1990M (100%)       1990M (100%)       1990M (100%)       1990M (100%)       1990M (100%)       1990M (100%)   
[133.188s][info][gc,heap     ] GC(68)   Reserve:       34M (2%)           34M (2%)           34M (2%)           34M (2%)           34M (2%)           34M (2%)     
[133.188s][info][gc,heap     ] GC(68)      Free:     1196M (60%)         982M (49%)        1260M (63%)        1414M (71%)        1414M (71%)         982M (49%)    
[133.188s][info][gc,heap     ] GC(68)      Used:      760M (38%)         974M (49%)         696M (35%)         542M (27%)         974M (49%)         542M (27%)    
[133.188s][info][gc,heap     ] GC(68)      Live:         -               255M (13%)         255M (13%)         255M (13%)            -                  -          
[133.188s][info][gc,heap     ] GC(68) Allocated:         -               214M (11%)         216M (11%)         290M (15%)            -                  -          
[133.188s][info][gc,heap     ] GC(68)   Garbage:         -               504M (25%)         224M (11%)          70M (4%)             -                  -          
[133.188s][info][gc,heap     ] GC(68) Reclaimed:         -                  -               280M (14%)         434M (22%)            -                  -          
[133.188s][info][gc          ] GC(68) Garbage Collection (Allocation Rate) 760M(38%)->542M(27%)
[133.593s][info][gc,start    ] GC(69) Garbage Collection (Allocation Rate)
[133.599s][info][gc,phases   ] GC(69) Pause Mark Start 3.628ms
[134.870s][info][gc,phases   ] GC(69) Concurrent Mark 1270.721ms
[134.873s][info][gc,phases   ] GC(69) Pause Mark End 0.670ms
[134.875s][info][gc,phases   ] GC(69) Concurrent Process Non-Strong References 1.497ms
[134.876s][info][gc,phases   ] GC(69) Concurrent Reset Relocation Set 0.642ms
[134.876s][info][gc,phases   ] GC(69) Concurrent Destroy Detached Pages 0.000ms
[134.877s][info][gc,phases   ] GC(69) Concurrent Select Relocation Set 1.608ms
[134.885s][info][gc,phases   ] GC(69) Concurrent Prepare Relocation Set 7.717ms
[134.891s][info][gc,phases   ] GC(69) Pause Relocate Start 2.951ms
[135.057s][info][gc,phases   ] GC(69) Concurrent Relocate 165.702ms
[135.057s][info][gc,load     ] GC(69) Load: 1.80/1.68/1.06
[135.057s][info][gc,mmu      ] GC(69) MMU: 2ms/0.0%, 5ms/3.7%, 10ms/51.8%, 20ms/75.9%, 50ms/86.5%, 100ms/93.3%
[135.057s][info][gc,marking  ] GC(69) Mark: 1 stripe(s), 2 proactive flush(es), 1 terminate flush(es), 0 completion(s), 0 continuation(s) 
[135.057s][info][gc,reloc    ] GC(69) Relocation: Successful, 43M relocated
[135.057s][info][gc,nmethod  ] GC(69) NMethods: 5266 registered, 5 unregistered
[135.057s][info][gc,metaspace] GC(69) Metaspace: 74M used, 78M capacity, 78M committed, 80M reserved
[135.057s][info][gc,ref      ] GC(69) Soft: 4928 encountered, 0 discovered, 0 enqueued
[135.057s][info][gc,ref      ] GC(69) Weak: 4906 encountered, 3903 discovered, 1 enqueued
[135.057s][info][gc,ref      ] GC(69) Final: 28 encountered, 0 discovered, 0 enqueued
[135.057s][info][gc,ref      ] GC(69) Phantom: 662 encountered, 658 discovered, 0 enqueued
[135.057s][info][gc,heap     ] GC(69)                Mark Start          Mark End        Relocate Start      Relocate End           High               Low         
[135.057s][info][gc,heap     ] GC(69)  Capacity:     1990M (100%)       1990M (100%)       1990M (100%)       1990M (100%)       1990M (100%)       1990M (100%)   
[135.057s][info][gc,heap     ] GC(69)   Reserve:       34M (2%)           34M (2%)           34M (2%)           34M (2%)           34M (2%)           34M (2%)     
[135.057s][info][gc,heap     ] GC(69)      Free:     1224M (62%)        1070M (54%)        1076M (54%)        1468M (74%)        1468M (74%)        1070M (54%)    
[135.057s][info][gc,heap     ] GC(69)      Used:      732M (37%)         886M (45%)         880M (44%)         488M (25%)         886M (45%)         488M (25%)    
[135.057s][info][gc,heap     ] GC(69)      Live:         -               295M (15%)         295M (15%)         295M (15%)            -                  -          
[135.057s][info][gc,heap     ] GC(69) Allocated:         -               154M (8%)          154M (8%)          176M (9%)             -                  -          
[135.057s][info][gc,heap     ] GC(69)   Garbage:         -               436M (22%)         430M (22%)          38M (2%)             -                  -          
[135.057s][info][gc,heap     ] GC(69) Reclaimed:         -                  -                 6M (0%)          398M (20%)            -                  -          
[135.057s][info][gc          ] GC(69) Garbage Collection (Allocation Rate) 732M(37%)->488M(25%)
[135.693s][info][gc,start    ] GC(70) Garbage Collection (Allocation Rate)
[135.699s][info][gc,phases   ] GC(70) Pause Mark Start 3.559ms
[136.545s][info][gc,phases   ] GC(70) Concurrent Mark 845.620ms
[136.549s][info][gc,phases   ] GC(70) Pause Mark End 0.727ms
[136.553s][info][gc,phases   ] GC(70) Concurrent Process Non-Strong References 4.475ms
[136.554s][info][gc,phases   ] GC(70) Concurrent Reset Relocation Set 0.962ms
[136.554s][info][gc,phases   ] GC(70) Concurrent Destroy Detached Pages 0.001ms
[136.563s][info][gc,phases   ] GC(70) Concurrent Select Relocation Set 8.406ms
[136.584s][info][gc,phases   ] GC(70) Concurrent Prepare Relocation Set 21.355ms
[136.590s][info][gc,phases   ] GC(70) Pause Relocate Start 3.047ms
[136.762s][info][gc,phases   ] GC(70) Concurrent Relocate 171.785ms
[136.762s][info][gc,load     ] GC(70) Load: 1.80/1.68/1.06
[136.762s][info][gc,mmu      ] GC(70) MMU: 2ms/0.0%, 5ms/3.7%, 10ms/51.8%, 20ms/75.9%, 50ms/86.5%, 100ms/93.3%
[136.762s][info][gc,marking  ] GC(70) Mark: 1 stripe(s), 2 proactive flush(es), 1 terminate flush(es), 0 completion(s), 0 continuation(s) 
[136.762s][info][gc,reloc    ] GC(70) Relocation: Successful, 59M relocated
[136.762s][info][gc,nmethod  ] GC(70) NMethods: 5274 registered, 5 unregistered
[136.762s][info][gc,metaspace] GC(70) Metaspace: 74M used, 78M capacity, 78M committed, 80M reserved
[136.762s][info][gc,ref      ] GC(70) Soft: 4928 encountered, 0 discovered, 0 enqueued
[136.762s][info][gc,ref      ] GC(70) Weak: 5101 encountered, 4098 discovered, 142 enqueued
[136.762s][info][gc,ref      ] GC(70) Final: 28 encountered, 0 discovered, 0 enqueued
[136.762s][info][gc,ref      ] GC(70) Phantom: 662 encountered, 658 discovered, 0 enqueued
[136.762s][info][gc,heap     ] GC(70)                Mark Start          Mark End        Relocate Start      Relocate End           High               Low         
[136.762s][info][gc,heap     ] GC(70)  Capacity:     1990M (100%)       1990M (100%)       1990M (100%)       1990M (100%)       1990M (100%)       1990M (100%)   
[136.762s][info][gc,heap     ] GC(70)   Reserve:       34M (2%)           34M (2%)           34M (2%)           34M (2%)           34M (2%)           34M (2%)     
[136.762s][info][gc,heap     ] GC(70)      Free:     1198M (60%)         992M (50%)        1262M (63%)        1412M (71%)        1418M (71%)         992M (50%)    
[136.762s][info][gc,heap     ] GC(70)      Used:      758M (38%)         964M (48%)         694M (35%)         544M (27%)         964M (48%)         538M (27%)    
[136.762s][info][gc,heap     ] GC(70)      Live:         -               255M (13%)         255M (13%)         255M (13%)            -                  -          
[136.762s][info][gc,heap     ] GC(70) Allocated:         -               206M (10%)         210M (11%)         284M (14%)            -                  -          
[136.762s][info][gc,heap     ] GC(70)   Garbage:         -               502M (25%)         228M (11%)          58M (3%)             -                  -          
[136.762s][info][gc,heap     ] GC(70) Reclaimed:         -                  -               274M (14%)         444M (22%)            -                  -          
[136.762s][info][gc          ] GC(70) Garbage Collection (Allocation Rate) 758M(38%)->544M(27%)
[137.193s][info][gc,start    ] GC(71) Garbage Collection (Allocation Rate)
[137.199s][info][gc,phases   ] GC(71) Pause Mark Start 3.549ms
[138.452s][info][gc,phases   ] GC(71) Concurrent Mark 1253.170ms
[138.456s][info][gc,phases   ] GC(71) Pause Mark End 0.426ms
[138.457s][info][gc,phases   ] GC(71) Concurrent Process Non-Strong References 1.473ms
[138.458s][info][gc,phases   ] GC(71) Concurrent Reset Relocation Set 0.607ms
[138.458s][info][gc,phases   ] GC(71) Concurrent Destroy Detached Pages 0.000ms
[138.462s][info][gc,phases   ] GC(71) Concurrent Select Relocation Set 4.097ms
[138.470s][info][gc,phases   ] GC(71) Concurrent Prepare Relocation Set 8.450ms
[138.476s][info][gc,phases   ] GC(71) Pause Relocate Start 3.015ms
[138.618s][info][gc,phases   ] GC(71) Concurrent Relocate 141.902ms
[138.618s][info][gc,load     ] GC(71) Load: 1.81/1.68/1.06
[138.618s][info][gc,mmu      ] GC(71) MMU: 2ms/0.0%, 5ms/3.7%, 10ms/51.8%, 20ms/75.9%, 50ms/86.5%, 100ms/93.3%
[138.618s][info][gc,marking  ] GC(71) Mark: 1 stripe(s), 2 proactive flush(es), 1 terminate flush(es), 0 completion(s), 0 continuation(s) 
[138.618s][info][gc,reloc    ] GC(71) Relocation: Successful, 45M relocated
[138.618s][info][gc,nmethod  ] GC(71) NMethods: 5275 registered, 5 unregistered
[138.618s][info][gc,metaspace] GC(71) Metaspace: 74M used, 78M capacity, 78M committed, 80M reserved
[138.618s][info][gc,ref      ] GC(71) Soft: 4928 encountered, 0 discovered, 0 enqueued
[138.618s][info][gc,ref      ] GC(71) Weak: 4954 encountered, 3947 discovered, 0 enqueued
[138.618s][info][gc,ref      ] GC(71) Final: 28 encountered, 0 discovered, 0 enqueued
[138.618s][info][gc,ref      ] GC(71) Phantom: 662 encountered, 658 discovered, 0 enqueued
[138.618s][info][gc,heap     ] GC(71)                Mark Start          Mark End        Relocate Start      Relocate End           High               Low         
[138.618s][info][gc,heap     ] GC(71)  Capacity:     1990M (100%)       1990M (100%)       1990M (100%)       1990M (100%)       1990M (100%)       1990M (100%)   
[138.618s][info][gc,heap     ] GC(71)   Reserve:       34M (2%)           34M (2%)           34M (2%)           34M (2%)           34M (2%)           34M (2%)     
[138.618s][info][gc,heap     ] GC(71)      Free:     1222M (61%)        1064M (53%)        1070M (54%)        1460M (73%)        1460M (73%)        1064M (53%)    
[138.618s][info][gc,heap     ] GC(71)      Used:      734M (37%)         892M (45%)         886M (45%)         496M (25%)         892M (45%)         496M (25%)    
[138.618s][info][gc,heap     ] GC(71)      Live:         -               295M (15%)         295M (15%)         295M (15%)            -                  -          
[138.618s][info][gc,heap     ] GC(71) Allocated:         -               158M (8%)          158M (8%)          182M (9%)             -                  -          
[138.618s][info][gc,heap     ] GC(71)   Garbage:         -               438M (22%)         432M (22%)          42M (2%)             -                  -          
[138.618s][info][gc,heap     ] GC(71) Reclaimed:         -                  -                 6M (0%)          396M (20%)            -                  -          
[138.618s][info][gc          ] GC(71) Garbage Collection (Allocation Rate) 734M(37%)->496M(25%)
[139.393s][info][gc,start    ] GC(72) Garbage Collection (Allocation Rate)
[139.400s][info][gc,phases   ] GC(72) Pause Mark Start 3.551ms
[140.002s][info][gc,heap     ] Page Cache Flushed: 6M requested, 6M(1002M->996M) flushed
[140.093s][info][gc,stats    ] === Garbage Collection Statistics =======================================================================================================================
[140.093s][info][gc,stats    ]                                                              Last 10s              Last 10m              Last 10h                Total
[140.093s][info][gc,stats    ]                                                              Avg / Max             Avg / Max             Avg / Max             Avg / Max
[140.093s][info][gc,stats    ]   Collector: Garbage Collection Cycle                   1313.780 / 1515.963    973.314 / 1704.378    973.314 / 1704.378    973.314 / 1704.378    ms
[140.093s][info][gc,stats    ]  Contention: Mark Segment Reset Contention                     0 / 0                 0 / 0                 0 / 0                 0 / 0           ops/s
[140.093s][info][gc,stats    ]  Contention: Mark SeqNum Reset Contention                      0 / 0                 0 / 0                 0 / 0                 0 / 0           ops/s
[140.093s][info][gc,stats    ]  Contention: Relocation Contention                             0 / 3                 0 / 3                 0 / 3                 0 / 3           ops/s
[140.093s][info][gc,stats    ]    Critical: Allocation Stall                              0.000 / 0.000         0.000 / 0.000         0.000 / 0.000         0.000 / 0.000       ms
[140.093s][info][gc,stats    ]    Critical: Allocation Stall                                  0 / 0                 0 / 0                 0 / 0                 0 / 0           ops/s
[140.093s][info][gc,stats    ]    Critical: GC Locker Stall                               0.000 / 0.000         0.000 / 0.000         0.000 / 0.000         0.000 / 0.000       ms
[140.093s][info][gc,stats    ]    Critical: GC Locker Stall                                   0 / 0                 0 / 0                 0 / 0                 0 / 0           ops/s
[140.093s][info][gc,stats    ]      Memory: Allocation Rate                                 236 / 362             279 / 1282            279 / 1282            279 / 1282        MB/s
[140.093s][info][gc,stats    ]      Memory: Heap Used After Mark                            948 / 1024            942 / 1920            942 / 1920            942 / 1920        MB
[140.093s][info][gc,stats    ]      Memory: Heap Used After Relocation                      512 / 544             440 / 1124            440 / 1124            440 / 1124        MB
[140.093s][info][gc,stats    ]      Memory: Heap Used Before Mark                           750 / 768             775 / 1828            775 / 1828            775 / 1828        MB
[140.093s][info][gc,stats    ]      Memory: Heap Used Before Relocation                     828 / 986             646 / 1200            646 / 1200            646 / 1200        MB
[140.093s][info][gc,stats    ]      Memory: Out Of Memory                                     0 / 0                 0 / 0                 0 / 0                 0 / 0           ops/s
[140.093s][info][gc,stats    ]      Memory: Page Cache Flush                                  1 / 12                5 / 72                5 / 72                5 / 72          MB/s
[140.093s][info][gc,stats    ]      Memory: Page Cache Hit L1                               112 / 172             125 / 642             125 / 642             125 / 642         ops/s
[140.093s][info][gc,stats    ]      Memory: Page Cache Hit L2                                 0 / 0                 0 / 0                 0 / 0                 0 / 0           ops/s
[140.093s][info][gc,stats    ]      Memory: Page Cache Miss                                   0 / 1                 6 / 223               6 / 223               6 / 223         ops/s
[140.093s][info][gc,stats    ]      Memory: Undo Object Allocation Failed                     0 / 0                 0 / 0                 0 / 0                 0 / 0           ops/s
[140.093s][info][gc,stats    ]      Memory: Undo Object Allocation Succeeded                  0 / 3                 0 / 3                 0 / 3                 0 / 3           ops/s
[140.093s][info][gc,stats    ]      Memory: Undo Page Allocation                              0 / 0                 0 / 1                 0 / 1                 0 / 1           ops/s
[140.093s][info][gc,stats    ]       Phase: Concurrent Destroy Detached Pages             0.001 / 0.005         0.002 / 0.011         0.002 / 0.011         0.002 / 0.011       ms
[140.093s][info][gc,stats    ]       Phase: Concurrent Mark                            1109.159 / 1302.268    806.963 / 1560.269    806.963 / 1560.269    806.963 / 1560.269    ms
[140.093s][info][gc,stats    ]       Phase: Concurrent Mark Continue                      0.000 / 0.000         0.000 / 0.000         0.000 / 0.000         0.000 / 0.000       ms
[140.093s][info][gc,stats    ]       Phase: Concurrent Prepare Relocation Set            10.272 / 21.355        8.397 / 64.267        8.397 / 64.267        8.397 / 64.267      ms
[140.093s][info][gc,stats    ]       Phase: Concurrent Process Non-Strong References      2.787 / 4.941         1.866 / 5.947         1.866 / 5.947         1.866 / 5.947       ms
[140.093s][info][gc,stats    ]       Phase: Concurrent Relocate                         169.410 / 184.816     138.149 / 393.686     138.149 / 393.686     138.149 / 393.686     ms
[140.093s][info][gc,stats    ]       Phase: Concurrent Reset Relocation Set               0.595 / 0.962         0.449 / 1.918         0.449 / 1.918         0.449 / 1.918       ms
[140.093s][info][gc,stats    ]       Phase: Concurrent Select Relocation Set              3.641 / 8.406         2.026 / 8.406         2.026 / 8.406         2.026 / 8.406       ms
[140.093s][info][gc,stats    ]       Phase: Pause Mark End                                0.643 / 0.977         0.349 / 0.977         0.349 / 0.977         0.349 / 0.977       ms
[140.093s][info][gc,stats    ]       Phase: Pause Mark Start                              3.634 / 3.881         2.961 / 4.144         2.961 / 4.144         2.961 / 4.144       ms
[140.093s][info][gc,stats    ]       Phase: Pause Relocate Start                          3.113 / 3.446         2.591 / 4.816         2.591 / 4.816         2.591 / 4.816       ms
[140.093s][info][gc,stats    ]    Subphase: Concurrent Mark                            1104.115 / 1297.840    804.524 / 1560.247    804.524 / 1560.247    804.524 / 1560.247    ms
[140.093s][info][gc,stats    ]    Subphase: Concurrent Mark Idle                          0.000 / 0.000         0.000 / 0.000         0.000 / 0.000         0.000 / 0.000       ms
[140.093s][info][gc,stats    ]    Subphase: Concurrent Mark Try Flush                     2.298 / 11.985        1.532 / 13.453        1.532 / 13.453        1.532 / 13.453      ms
[140.093s][info][gc,stats    ]    Subphase: Concurrent Mark Try Terminate                 0.457 / 1.078         0.460 / 2.462         0.460 / 2.462         0.460 / 2.462       ms
[140.093s][info][gc,stats    ]    Subphase: Concurrent References Enqueue                 0.003 / 0.007         0.002 / 0.007         0.002 / 0.007         0.002 / 0.007       ms
[140.093s][info][gc,stats    ]    Subphase: Concurrent References Process                 0.886 / 1.143         0.895 / 5.130         0.895 / 5.130         0.895 / 5.130       ms
[140.093s][info][gc,stats    ]    Subphase: Concurrent Weak Roots                         1.486 / 3.282         0.849 / 3.282         0.849 / 3.282         0.849 / 3.282       ms
[140.093s][info][gc,stats    ]    Subphase: Concurrent Weak Roots JNIWeakHandles          0.000 / 0.001         0.000 / 0.001         0.000 / 0.001         0.000 / 0.001       ms
[140.093s][info][gc,stats    ]    Subphase: Concurrent Weak Roots StringTable             1.182 / 2.798         0.639 / 2.798         0.639 / 2.798         0.639 / 2.798       ms
[140.093s][info][gc,stats    ]    Subphase: Concurrent Weak Roots VMWeakHandles           0.301 / 0.480         0.208 / 0.480         0.208 / 0.480         0.208 / 0.480       ms
[140.093s][info][gc,stats    ]    Subphase: Pause Mark Try Complete                       0.000 / 0.000         0.002 / 0.002         0.002 / 0.002         0.002 / 0.002       ms
[140.093s][info][gc,stats    ]    Subphase: Pause Remap TLABS                             0.003 / 0.005         0.002 / 0.006         0.002 / 0.006         0.002 / 0.006       ms
[140.093s][info][gc,stats    ]    Subphase: Pause Retire TLABS                            0.036 / 0.074         0.021 / 0.074         0.021 / 0.074         0.021 / 0.074       ms
[140.093s][info][gc,stats    ]    Subphase: Pause Roots                                   2.234 / 3.516         1.766 / 4.397         1.766 / 4.397         1.766 / 4.397       ms
[140.093s][info][gc,stats    ]    Subphase: Pause Roots ClassLoaderDataGraph              0.652 / 0.784         0.652 / 1.672         0.652 / 1.672         0.652 / 1.672       ms
[140.093s][info][gc,stats    ]    Subphase: Pause Roots CodeCache                         1.903 / 2.271         1.424 / 3.073         1.424 / 3.073         1.424 / 3.073       ms
[140.093s][info][gc,stats    ]    Subphase: Pause Roots JNIHandles                        0.001 / 0.001         0.001 / 0.006         0.001 / 0.006         0.001 / 0.006       ms
[140.093s][info][gc,stats    ]    Subphase: Pause Roots JNIWeakHandles                    0.000 / 0.000         0.000 / 0.000         0.000 / 0.000         0.000 / 0.000       ms
[140.093s][info][gc,stats    ]    Subphase: Pause Roots JRFWeak                           0.000 / 0.000         0.000 / 0.000         0.000 / 0.000         0.000 / 0.000       ms
[140.093s][info][gc,stats    ]    Subphase: Pause Roots JVMTIExport                       0.000 / 0.001         0.000 / 0.001         0.000 / 0.001         0.000 / 0.001       ms
[140.093s][info][gc,stats    ]    Subphase: Pause Roots JVMTIWeakExport                   0.001 / 0.001         0.001 / 0.001         0.001 / 0.001         0.001 / 0.001       ms
[140.093s][info][gc,stats    ]    Subphase: Pause Roots Management                        0.001 / 0.001         0.003 / 0.337         0.003 / 0.337         0.003 / 0.337       ms
[140.093s][info][gc,stats    ]    Subphase: Pause Roots ObjectSynchronizer                0.000 / 0.001         0.000 / 0.001         0.000 / 0.001         0.000 / 0.001       ms
[140.093s][info][gc,stats    ]    Subphase: Pause Roots Setup                             0.182 / 0.298         0.169 / 0.423         0.169 / 0.423         0.169 / 0.423       ms
[140.094s][info][gc,stats    ]    Subphase: Pause Roots StringTable                       0.000 / 0.000         0.000 / 0.000         0.000 / 0.000         0.000 / 0.000       ms
[140.094s][info][gc,stats    ]    Subphase: Pause Roots SystemDictionary                  0.012 / 0.013         0.012 / 0.029         0.012 / 0.029         0.012 / 0.029       ms
[140.094s][info][gc,stats    ]    Subphase: Pause Roots Teardown                          0.001 / 0.002         0.001 / 0.002         0.001 / 0.002         0.001 / 0.002       ms
[140.094s][info][gc,stats    ]    Subphase: Pause Roots Threads                           0.517 / 0.926         0.363 / 0.973         0.363 / 0.973         0.363 / 0.973       ms
[140.094s][info][gc,stats    ]    Subphase: Pause Roots Universe                          0.002 / 0.002         0.002 / 0.020         0.002 / 0.020         0.002 / 0.020       ms
[140.094s][info][gc,stats    ]    Subphase: Pause Roots VMWeakHandles                     0.000 / 0.000         0.000 / 0.000         0.000 / 0.000         0.000 / 0.000       ms
[140.094s][info][gc,stats    ]    Subphase: Pause Weak Roots                              0.002 / 0.002         0.001 / 0.005         0.001 / 0.005         0.001 / 0.005       ms
[140.094s][info][gc,stats    ]    Subphase: Pause Weak Roots JFRWeak                      0.001 / 0.001         0.001 / 0.001         0.001 / 0.001         0.001 / 0.001       ms
[140.094s][info][gc,stats    ]    Subphase: Pause Weak Roots JNIWeakHandles               0.000 / 0.000         0.000 / 0.000         0.000 / 0.000         0.000 / 0.000       ms
[140.094s][info][gc,stats    ]    Subphase: Pause Weak Roots JVMTIWeakExport              0.001 / 0.001         0.001 / 0.005         0.001 / 0.005         0.001 / 0.005       ms
[140.094s][info][gc,stats    ]    Subphase: Pause Weak Roots Setup                        0.000 / 0.000         0.000 / 0.000         0.000 / 0.000         0.000 / 0.000       ms
[140.094s][info][gc,stats    ]    Subphase: Pause Weak Roots StringTable                  0.000 / 0.000         0.000 / 0.000         0.000 / 0.000         0.000 / 0.000       ms
[140.094s][info][gc,stats    ]    Subphase: Pause Weak Roots SymbolTable                  0.000 / 0.000         0.000 / 0.000         0.000 / 0.000         0.000 / 0.000       ms
[140.094s][info][gc,stats    ]    Subphase: Pause Weak Roots Teardown                     0.001 / 0.001         0.000 / 0.001         0.000 / 0.001         0.000 / 0.001       ms
[140.094s][info][gc,stats    ]    Subphase: Pause Weak Roots VMWeakHandles                0.000 / 0.000         0.000 / 0.000         0.000 / 0.000         0.000 / 0.000       ms
[140.094s][info][gc,stats    ]      System: Java Threads                                    167 / 168             109 / 168             109 / 168             109 / 168         threads
[140.094s][info][gc,stats    ] =========================================================================================================================================================
[140.194s][info][gc,phases   ] GC(72) Concurrent Mark 793.877ms
[140.197s][info][gc,phases   ] GC(72) Pause Mark End 0.419ms
[140.198s][info][gc,phases   ] GC(72) Concurrent Process Non-Strong References 1.475ms
[140.199s][info][gc,phases   ] GC(72) Concurrent Reset Relocation Set 0.522ms
[140.199s][info][gc,phases   ] GC(72) Concurrent Destroy Detached Pages 0.003ms
[140.202s][info][gc,phases   ] GC(72) Concurrent Select Relocation Set 2.642ms
[140.210s][info][gc,phases   ] GC(72) Concurrent Prepare Relocation Set 8.177ms
[140.216s][info][gc,phases   ] GC(72) Pause Relocate Start 3.091ms
[140.336s][info][gc,phases   ] GC(72) Concurrent Relocate 119.927ms
[140.336s][info][gc,load     ] GC(72) Load: 1.81/1.68/1.06
[140.336s][info][gc,mmu      ] GC(72) MMU: 2ms/0.0%, 5ms/3.7%, 10ms/51.8%, 20ms/75.9%, 50ms/86.5%, 100ms/93.3%
[140.336s][info][gc,marking  ] GC(72) Mark: 1 stripe(s), 2 proactive flush(es), 1 terminate flush(es), 0 completion(s), 0 continuation(s) 
[140.336s][info][gc,reloc    ] GC(72) Relocation: Successful, 53M relocated
[140.336s][info][gc,nmethod  ] GC(72) NMethods: 5300 registered, 5 unregistered
[140.336s][info][gc,metaspace] GC(72) Metaspace: 74M used, 78M capacity, 78M committed, 80M reserved
[140.336s][info][gc,ref      ] GC(72) Soft: 4929 encountered, 0 discovered, 0 enqueued
[140.336s][info][gc,ref      ] GC(72) Weak: 5164 encountered, 4113 discovered, 84 enqueued
[140.336s][info][gc,ref      ] GC(72) Final: 28 encountered, 0 discovered, 0 enqueued
[140.336s][info][gc,ref      ] GC(72) Phantom: 662 encountered, 658 discovered, 0 enqueued
[140.336s][info][gc,heap     ] GC(72)                Mark Start          Mark End        Relocate Start      Relocate End           High               Low         
[140.336s][info][gc,heap     ] GC(72)  Capacity:     1990M (100%)       1990M (100%)       1990M (100%)       1990M (100%)       1990M (100%)       1990M (100%)   
[140.336s][info][gc,heap     ] GC(72)   Reserve:       34M (2%)           34M (2%)           34M (2%)           34M (2%)           34M (2%)           34M (2%)     
[140.336s][info][gc,heap     ] GC(72)      Free:     1188M (60%)         960M (48%)        1244M (63%)        1448M (73%)        1448M (73%)         960M (48%)    
[140.336s][info][gc,heap     ] GC(72)      Used:      768M (39%)         996M (50%)         712M (36%)         508M (26%)         996M (50%)         508M (26%)    
[140.336s][info][gc,heap     ] GC(72)      Live:         -               243M (12%)         243M (12%)         243M (12%)            -                  -          
[140.336s][info][gc,heap     ] GC(72) Allocated:         -               228M (11%)         232M (12%)         286M (14%)            -                  -          
[140.336s][info][gc,heap     ] GC(72)   Garbage:         -               524M (26%)         236M (12%)          24M (1%)             -                  -          
[140.336s][info][gc,heap     ] GC(72) Reclaimed:         -                  -               288M (14%)         500M (25%)            -                  -          
[140.336s][info][gc          ] GC(72) Garbage Collection (Allocation Rate) 768M(39%)->508M(26%)
[140.893s][info][gc,start    ] GC(73) Garbage Collection (Allocation Rate)
[140.900s][info][gc,phases   ] GC(73) Pause Mark Start 3.596ms
[142.122s][info][gc,phases   ] GC(73) Concurrent Mark 1222.291ms
[142.126s][info][gc,phases   ] GC(73) Pause Mark End 0.406ms
[142.127s][info][gc,phases   ] GC(73) Concurrent Process Non-Strong References 1.486ms
[142.127s][info][gc,phases   ] GC(73) Concurrent Reset Relocation Set 0.024ms
[142.127s][info][gc,phases   ] GC(73) Concurrent Destroy Detached Pages 0.000ms
[142.129s][info][gc,phases   ] GC(73) Concurrent Select Relocation Set 1.830ms
[142.132s][info][gc,phases   ] GC(73) Concurrent Prepare Relocation Set 2.985ms
[142.136s][info][gc,phases   ] GC(73) Pause Relocate Start 3.167ms
[142.309s][info][gc,phases   ] GC(73) Concurrent Relocate 168.760ms
[142.309s][info][gc,load     ] GC(73) Load: 1.81/1.68/1.06
[142.309s][info][gc,mmu      ] GC(73) MMU: 2ms/0.0%, 5ms/3.7%, 10ms/51.8%, 20ms/75.9%, 50ms/86.5%, 100ms/93.3%
[142.309s][info][gc,marking  ] GC(73) Mark: 1 stripe(s), 2 proactive flush(es), 1 terminate flush(es), 0 completion(s), 0 continuation(s) 
[142.309s][info][gc,reloc    ] GC(73) Relocation: Successful, 50M relocated
[142.309s][info][gc,nmethod  ] GC(73) NMethods: 5300 registered, 5 unregistered
[142.309s][info][gc,metaspace] GC(73) Metaspace: 74M used, 78M capacity, 78M committed, 80M reserved
[142.309s][info][gc,ref      ] GC(73) Soft: 4929 encountered, 0 discovered, 0 enqueued
[142.309s][info][gc,ref      ] GC(73) Weak: 5089 encountered, 4040 discovered, 78 enqueued
[142.309s][info][gc,ref      ] GC(73) Final: 28 encountered, 0 discovered, 0 enqueued
[142.309s][info][gc,ref      ] GC(73) Phantom: 662 encountered, 658 discovered, 0 enqueued
[142.309s][info][gc,heap     ] GC(73)                Mark Start          Mark End        Relocate Start      Relocate End           High               Low         
[142.309s][info][gc,heap     ] GC(73)  Capacity:     1990M (100%)       1990M (100%)       1990M (100%)       1990M (100%)       1990M (100%)       1990M (100%)   
[142.309s][info][gc,heap     ] GC(73)   Reserve:       34M (2%)           34M (2%)           34M (2%)           34M (2%)           34M (2%)           34M (2%)     
[142.309s][info][gc,heap     ] GC(73)      Free:     1206M (61%)        1054M (53%)        1060M (53%)        1488M (75%)        1488M (75%)        1054M (53%)    
[142.309s][info][gc,heap     ] GC(73)      Used:      750M (38%)         902M (45%)         896M (45%)         468M (24%)         902M (45%)         468M (24%)    
[142.309s][info][gc,heap     ] GC(73)      Live:         -               276M (14%)         276M (14%)         276M (14%)            -                  -          
[142.309s][info][gc,heap     ] GC(73) Allocated:         -               152M (8%)          152M (8%)          180M (9%)             -                  -          
[142.309s][info][gc,heap     ] GC(73)   Garbage:         -               473M (24%)         467M (23%)          39M (2%)             -                  -          
[142.309s][info][gc,heap     ] GC(73) Reclaimed:         -                  -                 6M (0%)          434M (22%)            -                  -          
[142.309s][info][gc          ] GC(73) Garbage Collection (Allocation Rate) 750M(38%)->468M(24%)
[143.093s][info][gc,start    ] GC(74) Garbage Collection (Allocation Rate)
[143.100s][info][gc,phases   ] GC(74) Pause Mark Start 3.642ms
[143.907s][info][gc,phases   ] GC(74) Concurrent Mark 807.335ms
[143.910s][info][gc,phases   ] GC(74) Pause Mark End 0.431ms
[143.912s][info][gc,phases   ] GC(74) Concurrent Process Non-Strong References 1.433ms
[143.912s][info][gc,phases   ] GC(74) Concurrent Reset Relocation Set 0.651ms
[143.912s][info][gc,phases   ] GC(74) Concurrent Destroy Detached Pages 0.000ms
[143.914s][info][gc,phases   ] GC(74) Concurrent Select Relocation Set 1.597ms
[143.921s][info][gc,phases   ] GC(74) Concurrent Prepare Relocation Set 7.167ms
[143.927s][info][gc,phases   ] GC(74) Pause Relocate Start 3.102ms
[144.052s][info][gc,phases   ] GC(74) Concurrent Relocate 124.856ms
[144.052s][info][gc,load     ] GC(74) Load: 1.75/1.67/1.06
[144.052s][info][gc,mmu      ] GC(74) MMU: 2ms/0.0%, 5ms/3.7%, 10ms/51.8%, 20ms/75.9%, 50ms/86.5%, 100ms/93.3%
[144.052s][info][gc,marking  ] GC(74) Mark: 1 stripe(s), 2 proactive flush(es), 1 terminate flush(es), 0 completion(s), 0 continuation(s) 
[144.052s][info][gc,reloc    ] GC(74) Relocation: Successful, 55M relocated
[144.052s][info][gc,nmethod  ] GC(74) NMethods: 5321 registered, 5 unregistered
[144.052s][info][gc,metaspace] GC(74) Metaspace: 74M used, 78M capacity, 78M committed, 80M reserved
[144.052s][info][gc,ref      ] GC(74) Soft: 4929 encountered, 0 discovered, 0 enqueued
[144.052s][info][gc,ref      ] GC(74) Weak: 4975 encountered, 3925 discovered, 25 enqueued
[144.052s][info][gc,ref      ] GC(74) Final: 28 encountered, 0 discovered, 0 enqueued
[144.052s][info][gc,ref      ] GC(74) Phantom: 662 encountered, 658 discovered, 0 enqueued
[144.052s][info][gc,heap     ] GC(74)                Mark Start          Mark End        Relocate Start      Relocate End           High               Low         
[144.052s][info][gc,heap     ] GC(74)  Capacity:     1990M (100%)       1990M (100%)       1990M (100%)       1990M (100%)       1990M (100%)       1990M (100%)   
[144.052s][info][gc,heap     ] GC(74)   Reserve:       34M (2%)           34M (2%)           34M (2%)           34M (2%)           34M (2%)           34M (2%)     
[144.052s][info][gc,heap     ] GC(74)      Free:     1214M (61%)        1008M (51%)        1242M (62%)        1438M (72%)        1438M (72%)        1008M (51%)    
[144.052s][info][gc,heap     ] GC(74)      Used:      742M (37%)         948M (48%)         714M (36%)         518M (26%)         948M (48%)         518M (26%)    
[144.052s][info][gc,heap     ] GC(74)      Live:         -               245M (12%)         245M (12%)         245M (12%)            -                  -          
[144.052s][info][gc,heap     ] GC(74) Allocated:         -               206M (10%)         208M (10%)         294M (15%)            -                  -          
[144.052s][info][gc,heap     ] GC(74)   Garbage:         -               496M (25%)         260M (13%)          56M (3%)             -                  -          
[144.052s][info][gc,heap     ] GC(74) Reclaimed:         -                  -               236M (12%)         440M (22%)            -                  -          
[144.052s][info][gc          ] GC(74) Garbage Collection (Allocation Rate) 742M(37%)->518M(26%)
[144.493s][info][gc,start    ] GC(75) Garbage Collection (Allocation Rate)
[144.500s][info][gc,phases   ] GC(75) Pause Mark Start 3.597ms
[145.612s][info][gc,phases   ] GC(75) Concurrent Mark 1112.373ms
[145.615s][info][gc,phases   ] GC(75) Pause Mark End 0.426ms
[145.617s][info][gc,phases   ] GC(75) Concurrent Process Non-Strong References 1.702ms
[145.618s][info][gc,phases   ] GC(75) Concurrent Reset Relocation Set 0.451ms
[145.618s][info][gc,phases   ] GC(75) Concurrent Destroy Detached Pages 0.001ms
[145.619s][info][gc,phases   ] GC(75) Concurrent Select Relocation Set 1.527ms
[145.628s][info][gc,phases   ] GC(75) Concurrent Prepare Relocation Set 8.629ms
[145.634s][info][gc,phases   ] GC(75) Pause Relocate Start 3.563ms
[145.834s][info][gc,phases   ] GC(75) Concurrent Relocate 199.581ms
[145.834s][info][gc,load     ] GC(75) Load: 1.75/1.67/1.06
[145.834s][info][gc,mmu      ] GC(75) MMU: 2ms/0.0%, 5ms/3.7%, 10ms/51.8%, 20ms/75.9%, 50ms/86.5%, 100ms/93.3%
[145.834s][info][gc,marking  ] GC(75) Mark: 1 stripe(s), 2 proactive flush(es), 1 terminate flush(es), 0 completion(s), 0 continuation(s) 
[145.834s][info][gc,reloc    ] GC(75) Relocation: Successful, 51M relocated
[145.834s][info][gc,nmethod  ] GC(75) NMethods: 5328 registered, 5 unregistered
[145.834s][info][gc,metaspace] GC(75) Metaspace: 74M used, 78M capacity, 78M committed, 80M reserved
[145.834s][info][gc,ref      ] GC(75) Soft: 4929 encountered, 0 discovered, 0 enqueued
[145.834s][info][gc,ref      ] GC(75) Weak: 4950 encountered, 3921 discovered, 0 enqueued
[145.834s][info][gc,ref      ] GC(75) Final: 28 encountered, 0 discovered, 0 enqueued
[145.834s][info][gc,ref      ] GC(75) Phantom: 662 encountered, 658 discovered, 0 enqueued
[145.834s][info][gc,heap     ] GC(75)                Mark Start          Mark End        Relocate Start      Relocate End           High               Low         
[145.834s][info][gc,heap     ] GC(75)  Capacity:     1990M (100%)       1990M (100%)       1990M (100%)       1990M (100%)       1990M (100%)       1990M (100%)   
[145.834s][info][gc,heap     ] GC(75)   Reserve:       34M (2%)           34M (2%)           34M (2%)           34M (2%)           34M (2%)           34M (2%)     
[145.834s][info][gc,heap     ] GC(75)      Free:     1222M (61%)        1064M (53%)        1070M (54%)        1482M (74%)        1482M (74%)        1064M (53%)    
[145.834s][info][gc,heap     ] GC(75)      Used:      734M (37%)         892M (45%)         886M (45%)         474M (24%)         892M (45%)         474M (24%)    
[145.834s][info][gc,heap     ] GC(75)      Live:         -               276M (14%)         276M (14%)         276M (14%)            -                  -          
[145.834s][info][gc,heap     ] GC(75) Allocated:         -               158M (8%)          158M (8%)          188M (9%)             -                  -          
[145.834s][info][gc,heap     ] GC(75)   Garbage:         -               457M (23%)         451M (23%)          39M (2%)             -                  -          
[145.835s][info][gc,heap     ] GC(75) Reclaimed:         -                  -                 6M (0%)          418M (21%)            -                  -          
[145.835s][info][gc          ] GC(75) Garbage Collection (Allocation Rate) 734M(37%)->474M(24%)
[146.593s][info][gc,start    ] GC(76) Garbage Collection (Allocation Rate)
[146.600s][info][gc,phases   ] GC(76) Pause Mark Start 3.582ms
[147.401s][info][gc,phases   ] GC(76) Concurrent Mark 801.615ms
[147.405s][info][gc,phases   ] GC(76) Pause Mark End 0.402ms
[147.407s][info][gc,phases   ] GC(76) Concurrent Process Non-Strong References 1.507ms
[147.408s][info][gc,phases   ] GC(76) Concurrent Reset Relocation Set 0.909ms
[147.408s][info][gc,phases   ] GC(76) Concurrent Destroy Detached Pages 0.001ms
[147.409s][info][gc,phases   ] GC(76) Concurrent Select Relocation Set 1.740ms
[147.417s][info][gc,phases   ] GC(76) Concurrent Prepare Relocation Set 7.591ms
[147.423s][info][gc,phases   ] GC(76) Pause Relocate Start 3.222ms
[147.565s][info][gc,phases   ] GC(76) Concurrent Relocate 142.078ms
[147.565s][info][gc,load     ] GC(76) Load: 1.85/1.69/1.07
[147.565s][info][gc,mmu      ] GC(76) MMU: 2ms/0.0%, 5ms/3.7%, 10ms/51.8%, 20ms/75.9%, 50ms/86.5%, 100ms/93.3%
[147.565s][info][gc,marking  ] GC(76) Mark: 1 stripe(s), 2 proactive flush(es), 1 terminate flush(es), 0 completion(s), 0 continuation(s) 
[147.565s][info][gc,reloc    ] GC(76) Relocation: Successful, 55M relocated
[147.565s][info][gc,nmethod  ] GC(76) NMethods: 5338 registered, 5 unregistered
[147.565s][info][gc,metaspace] GC(76) Metaspace: 74M used, 78M capacity, 78M committed, 80M reserved
[147.565s][info][gc,ref      ] GC(76) Soft: 4929 encountered, 0 discovered, 0 enqueued
[147.565s][info][gc,ref      ] GC(76) Weak: 5167 encountered, 4117 discovered, 109 enqueued
[147.565s][info][gc,ref      ] GC(76) Final: 28 encountered, 0 discovered, 0 enqueued
[147.565s][info][gc,ref      ] GC(76) Phantom: 662 encountered, 658 discovered, 0 enqueued
[147.565s][info][gc,heap     ] GC(76)                Mark Start          Mark End        Relocate Start      Relocate End           High               Low         
[147.565s][info][gc,heap     ] GC(76)  Capacity:     1990M (100%)       1990M (100%)       1990M (100%)       1990M (100%)       1990M (100%)       1990M (100%)   
[147.565s][info][gc,heap     ] GC(76)   Reserve:       34M (2%)           34M (2%)           34M (2%)           34M (2%)           34M (2%)           34M (2%)     
[147.565s][info][gc,heap     ] GC(76)      Free:     1210M (61%)        1010M (51%)        1258M (63%)        1442M (72%)        1444M (73%)        1010M (51%)    
[147.565s][info][gc,heap     ] GC(76)      Used:      746M (37%)         946M (48%)         698M (35%)         514M (26%)         946M (48%)         512M (26%)    
[147.565s][info][gc,heap     ] GC(76)      Live:         -               245M (12%)         245M (12%)         245M (12%)            -                  -          
[147.565s][info][gc,heap     ] GC(76) Allocated:         -               200M (10%)         202M (10%)         296M (15%)            -                  -          
[147.565s][info][gc,heap     ] GC(76)   Garbage:         -               500M (25%)         250M (13%)          54M (3%)             -                  -          
[147.565s][info][gc,heap     ] GC(76) Reclaimed:         -                  -               250M (13%)         446M (22%)            -                  -          
[147.565s][info][gc          ] GC(76) Garbage Collection (Allocation Rate) 746M(37%)->514M(26%)
[148.193s][info][gc,start    ] GC(77) Garbage Collection (Allocation Rate)
[148.199s][info][gc,phases   ] GC(77) Pause Mark Start 3.613ms
[149.396s][info][gc,phases   ] GC(77) Concurrent Mark 1196.348ms
[149.399s][info][gc,phases   ] GC(77) Pause Mark End 0.427ms
[149.400s][info][gc,phases   ] GC(77) Concurrent Process Non-Strong References 1.475ms
[149.401s][info][gc,phases   ] GC(77) Concurrent Reset Relocation Set 0.557ms
[149.401s][info][gc,phases   ] GC(77) Concurrent Destroy Detached Pages 0.001ms
[149.403s][info][gc,phases   ] GC(77) Concurrent Select Relocation Set 2.310ms
[149.412s][info][gc,phases   ] GC(77) Concurrent Prepare Relocation Set 8.599ms
[149.418s][info][gc,phases   ] GC(77) Pause Relocate Start 3.003ms
[149.595s][info][gc,phases   ] GC(77) Concurrent Relocate 173.860ms
[149.595s][info][gc,load     ] GC(77) Load: 1.85/1.69/1.07
[149.595s][info][gc,mmu      ] GC(77) MMU: 2ms/0.0%, 5ms/3.7%, 10ms/51.8%, 20ms/75.9%, 50ms/86.5%, 100ms/93.3%
[149.595s][info][gc,marking  ] GC(77) Mark: 1 stripe(s), 2 proactive flush(es), 1 terminate flush(es), 0 completion(s), 0 continuation(s) 
[149.595s][info][gc,reloc    ] GC(77) Relocation: Successful, 49M relocated
[149.595s][info][gc,nmethod  ] GC(77) NMethods: 5339 registered, 5 unregistered
[149.595s][info][gc,metaspace] GC(77) Metaspace: 74M used, 78M capacity, 78M committed, 80M reserved
[149.595s][info][gc,ref      ] GC(77) Soft: 4929 encountered, 0 discovered, 0 enqueued
[149.595s][info][gc,ref      ] GC(77) Weak: 5058 encountered, 4008 discovered, 0 enqueued
[149.595s][info][gc,ref      ] GC(77) Final: 28 encountered, 0 discovered, 0 enqueued
[149.595s][info][gc,ref      ] GC(77) Phantom: 662 encountered, 658 discovered, 0 enqueued
[149.595s][info][gc,heap     ] GC(77)                Mark Start          Mark End        Relocate Start      Relocate End           High               Low         
[149.595s][info][gc,heap     ] GC(77)  Capacity:     1990M (100%)       1990M (100%)       1990M (100%)       1990M (100%)       1990M (100%)       1990M (100%)   
[149.595s][info][gc,heap     ] GC(77)   Reserve:       34M (2%)           34M (2%)           34M (2%)           34M (2%)           34M (2%)           34M (2%)     
[149.595s][info][gc,heap     ] GC(77)      Free:     1166M (59%)        1064M (53%)        1078M (54%)        1522M (76%)        1522M (76%)        1064M (53%)    
[149.595s][info][gc,heap     ] GC(77)      Used:      790M (40%)         892M (45%)         878M (44%)         434M (22%)         892M (45%)         434M (22%)    
[149.595s][info][gc,heap     ] GC(77)      Live:         -               286M (14%)         286M (14%)         286M (14%)            -                  -          
[149.595s][info][gc,heap     ] GC(77) Allocated:         -               102M (5%)          104M (5%)          140M (7%)             -                  -          
[149.595s][info][gc,heap     ] GC(77)   Garbage:         -               503M (25%)         487M (25%)          43M (2%)             -                  -          
[149.595s][info][gc,heap     ] GC(77) Reclaimed:         -                  -                16M (1%)          460M (23%)            -                  -          
[149.595s][info][gc          ] GC(77) Garbage Collection (Allocation Rate) 790M(40%)->434M(22%)
[150.094s][info][gc,stats    ] === Garbage Collection Statistics =======================================================================================================================
[150.094s][info][gc,stats    ]                                                              Last 10s              Last 10m              Last 10h                Total
[150.094s][info][gc,stats    ]                                                              Avg / Max             Avg / Max             Avg / Max             Avg / Max
[150.094s][info][gc,stats    ]   Collector: Garbage Collection Cycle                   1171.897 / 1415.249    988.589 / 1704.378    988.589 / 1704.378    988.589 / 1704.378    ms
[150.094s][info][gc,stats    ]  Contention: Mark Segment Reset Contention                     0 / 0                 0 / 0                 0 / 0                 0 / 0           ops/s
[150.094s][info][gc,stats    ]  Contention: Mark SeqNum Reset Contention                      0 / 0                 0 / 0                 0 / 0                 0 / 0           ops/s
[150.094s][info][gc,stats    ]  Contention: Relocation Contention                             0 / 1                 0 / 3                 0 / 3                 0 / 3           ops/s
[150.094s][info][gc,stats    ]    Critical: Allocation Stall                              0.000 / 0.000         0.000 / 0.000         0.000 / 0.000         0.000 / 0.000       ms
[150.094s][info][gc,stats    ]    Critical: Allocation Stall                                  0 / 0                 0 / 0                 0 / 0                 0 / 0           ops/s
[150.094s][info][gc,stats    ]    Critical: GC Locker Stall                               0.000 / 0.000         0.000 / 0.000         0.000 / 0.000         0.000 / 0.000       ms
[150.094s][info][gc,stats    ]    Critical: GC Locker Stall                                   0 / 0                 0 / 0                 0 / 0                 0 / 0           ops/s
[150.094s][info][gc,stats    ]      Memory: Allocation Rate                                 237 / 376             276 / 1282            276 / 1282            276 / 1282        MB/s
[150.094s][info][gc,stats    ]      Memory: Heap Used After Mark                            929 / 996             941 / 1920            941 / 1920            941 / 1920        MB
[150.094s][info][gc,stats    ]      Memory: Heap Used After Relocation                      486 / 518             443 / 1124            443 / 1124            443 / 1124        MB
[150.094s][info][gc,stats    ]      Memory: Heap Used Before Mark                           752 / 790             773 / 1828            773 / 1828            773 / 1828        MB
[150.094s][info][gc,stats    ]      Memory: Heap Used Before Relocation                     797 / 896             658 / 1200            658 / 1200            658 / 1200        MB
[150.094s][info][gc,stats    ]      Memory: Out Of Memory                                     0 / 0                 0 / 0                 0 / 0                 0 / 0           ops/s
[150.094s][info][gc,stats    ]      Memory: Page Cache Flush                                  0 / 0                 4 / 72                4 / 72                4 / 72          MB/s
[150.094s][info][gc,stats    ]      Memory: Page Cache Hit L1                               115 / 183             125 / 642             125 / 642             125 / 642         ops/s
[150.094s][info][gc,stats    ]      Memory: Page Cache Hit L2                                 0 / 0                 0 / 0                 0 / 0                 0 / 0           ops/s
[150.094s][info][gc,stats    ]      Memory: Page Cache Miss                                   0 / 0                 6 / 223               6 / 223               6 / 223         ops/s
[150.094s][info][gc,stats    ]      Memory: Undo Object Allocation Failed                     0 / 0                 0 / 0                 0 / 0                 0 / 0           ops/s
[150.094s][info][gc,stats    ]      Memory: Undo Object Allocation Succeeded                  0 / 1                 0 / 3                 0 / 3                 0 / 3           ops/s
[150.094s][info][gc,stats    ]      Memory: Undo Page Allocation                              0 / 0                 0 / 1                 0 / 1                 0 / 1           ops/s
[150.094s][info][gc,stats    ]       Phase: Concurrent Destroy Detached Pages             0.001 / 0.003         0.001 / 0.011         0.001 / 0.011         0.001 / 0.011       ms
[150.094s][info][gc,stats    ]       Phase: Concurrent Mark                             988.973 / 1222.291    820.963 / 1560.269    820.963 / 1560.269    820.963 / 1560.269    ms
[150.094s][info][gc,stats    ]       Phase: Concurrent Mark Continue                      0.000 / 0.000         0.000 / 0.000         0.000 / 0.000         0.000 / 0.000       ms
[150.094s][info][gc,stats    ]       Phase: Concurrent Prepare Relocation Set             7.191 / 8.629         8.305 / 64.267        8.305 / 64.267        8.305 / 64.267      ms
[150.094s][info][gc,stats    ]       Phase: Concurrent Process Non-Strong References      1.513 / 1.702         1.839 / 5.947         1.839 / 5.947         1.839 / 5.947       ms
[150.094s][info][gc,stats    ]       Phase: Concurrent Relocate                         154.844 / 199.581     139.433 / 393.686     139.433 / 393.686     139.433 / 393.686     ms
[150.094s][info][gc,stats    ]       Phase: Concurrent Reset Relocation Set               0.519 / 0.909         0.454 / 1.918         0.454 / 1.918         0.454 / 1.918       ms
[150.094s][info][gc,stats    ]       Phase: Concurrent Select Relocation Set              1.941 / 2.642         2.020 / 8.406         2.020 / 8.406         2.020 / 8.406       ms
[150.094s][info][gc,stats    ]       Phase: Pause Mark End                                0.418 / 0.431         0.355 / 0.977         0.355 / 0.977         0.355 / 0.977       ms
[150.094s][info][gc,stats    ]       Phase: Pause Mark Start                              3.606 / 3.642         3.002 / 4.144         3.002 / 4.144         3.002 / 4.144       ms
[150.094s][info][gc,stats    ]       Phase: Pause Relocate Start                          3.191 / 3.563         2.638 / 4.816         2.638 / 4.816         2.638 / 4.816       ms
[150.094s][info][gc,stats    ]    Subphase: Concurrent Mark                             984.435 / 1217.033    818.364 / 1560.247    818.364 / 1560.247    818.364 / 1560.247    ms
[150.094s][info][gc,stats    ]    Subphase: Concurrent Mark Idle                          0.000 / 0.000         0.000 / 0.000         0.000 / 0.000         0.000 / 0.000       ms
[150.094s][info][gc,stats    ]    Subphase: Concurrent Mark Try Flush                     1.032 / 4.131         1.494 / 13.453        1.494 / 13.453        1.494 / 13.453      ms
[150.094s][info][gc,stats    ]    Subphase: Concurrent Mark Try Terminate                 0.488 / 1.008         0.463 / 2.462         0.463 / 2.462         0.463 / 2.462       ms
[150.094s][info][gc,stats    ]    Subphase: Concurrent References Enqueue                 0.002 / 0.003         0.002 / 0.007         0.002 / 0.007         0.002 / 0.007       ms
[150.094s][info][gc,stats    ]    Subphase: Concurrent References Process                 0.714 / 0.804         0.881 / 5.130         0.881 / 5.130         0.881 / 5.130       ms
[150.094s][info][gc,stats    ]    Subphase: Concurrent Weak Roots                         0.786 / 0.868         0.844 / 3.282         0.844 / 3.282         0.844 / 3.282       ms
[150.094s][info][gc,stats    ]    Subphase: Concurrent Weak Roots JNIWeakHandles          0.000 / 0.000         0.000 / 0.001         0.000 / 0.001         0.000 / 0.001       ms
[150.094s][info][gc,stats    ]    Subphase: Concurrent Weak Roots StringTable             0.596 / 0.658         0.636 / 2.798         0.636 / 2.798         0.636 / 2.798       ms
[150.094s][info][gc,stats    ]    Subphase: Concurrent Weak Roots VMWeakHandles           0.188 / 0.208         0.207 / 0.480         0.207 / 0.480         0.207 / 0.480       ms
[150.094s][info][gc,stats    ]    Subphase: Pause Mark Try Complete                       0.000 / 0.000         0.002 / 0.002         0.002 / 0.002         0.002 / 0.002       ms
[150.094s][info][gc,stats    ]    Subphase: Pause Remap TLABS                             0.003 / 0.003         0.002 / 0.006         0.002 / 0.006         0.002 / 0.006       ms
[150.094s][info][gc,stats    ]    Subphase: Pause Retire TLABS                            0.028 / 0.041         0.021 / 0.074         0.021 / 0.074         0.021 / 0.074       ms
[150.094s][info][gc,stats    ]    Subphase: Pause Roots                                   2.114 / 3.287         1.791 / 4.397         1.791 / 4.397         1.791 / 4.397       ms
[150.094s][info][gc,stats    ]    Subphase: Pause Roots ClassLoaderDataGraph              0.647 / 0.804         0.652 / 1.672         0.652 / 1.672         0.652 / 1.672       ms
[150.094s][info][gc,stats    ]    Subphase: Pause Roots CodeCache                         1.917 / 2.271         1.459 / 3.073         1.459 / 3.073         1.459 / 3.073       ms
[150.094s][info][gc,stats    ]    Subphase: Pause Roots JNIHandles                        0.001 / 0.001         0.001 / 0.006         0.001 / 0.006         0.001 / 0.006       ms
[150.094s][info][gc,stats    ]    Subphase: Pause Roots JNIWeakHandles                    0.000 / 0.000         0.000 / 0.000         0.000 / 0.000         0.000 / 0.000       ms
[150.094s][info][gc,stats    ]    Subphase: Pause Roots JRFWeak                           0.000 / 0.000         0.000 / 0.000         0.000 / 0.000         0.000 / 0.000       ms
[150.094s][info][gc,stats    ]    Subphase: Pause Roots JVMTIExport                       0.000 / 0.000         0.000 / 0.001         0.000 / 0.001         0.000 / 0.001       ms
[150.094s][info][gc,stats    ]    Subphase: Pause Roots JVMTIWeakExport                   0.001 / 0.001         0.001 / 0.001         0.001 / 0.001         0.001 / 0.001       ms
[150.094s][info][gc,stats    ]    Subphase: Pause Roots Management                        0.001 / 0.001         0.003 / 0.337         0.003 / 0.337         0.003 / 0.337       ms
[150.094s][info][gc,stats    ]    Subphase: Pause Roots ObjectSynchronizer                0.000 / 0.000         0.000 / 0.001         0.000 / 0.001         0.000 / 0.001       ms
[150.094s][info][gc,stats    ]    Subphase: Pause Roots Setup                             0.180 / 0.301         0.169 / 0.423         0.169 / 0.423         0.169 / 0.423       ms
[150.094s][info][gc,stats    ]    Subphase: Pause Roots StringTable                       0.000 / 0.000         0.000 / 0.000         0.000 / 0.000         0.000 / 0.000       ms
[150.094s][info][gc,stats    ]    Subphase: Pause Roots SystemDictionary                  0.012 / 0.013         0.012 / 0.029         0.012 / 0.029         0.012 / 0.029       ms
[150.094s][info][gc,stats    ]    Subphase: Pause Roots Teardown                          0.001 / 0.002         0.001 / 0.002         0.001 / 0.002         0.001 / 0.002       ms
[150.094s][info][gc,stats    ]    Subphase: Pause Roots Threads                           0.441 / 0.557         0.369 / 0.973         0.369 / 0.973         0.369 / 0.973       ms
[150.094s][info][gc,stats    ]    Subphase: Pause Roots Universe                          0.002 / 0.003         0.002 / 0.020         0.002 / 0.020         0.002 / 0.020       ms
[150.094s][info][gc,stats    ]    Subphase: Pause Roots VMWeakHandles                     0.000 / 0.000         0.000 / 0.000         0.000 / 0.000         0.000 / 0.000       ms
[150.094s][info][gc,stats    ]    Subphase: Pause Weak Roots                              0.001 / 0.002         0.001 / 0.005         0.001 / 0.005         0.001 / 0.005       ms
[150.094s][info][gc,stats    ]    Subphase: Pause Weak Roots JFRWeak                      0.001 / 0.001         0.001 / 0.001         0.001 / 0.001         0.001 / 0.001       ms
[150.094s][info][gc,stats    ]    Subphase: Pause Weak Roots JNIWeakHandles               0.000 / 0.000         0.000 / 0.000         0.000 / 0.000         0.000 / 0.000       ms
[150.094s][info][gc,stats    ]    Subphase: Pause Weak Roots JVMTIWeakExport              0.000 / 0.001         0.001 / 0.005         0.001 / 0.005         0.001 / 0.005       ms
[150.094s][info][gc,stats    ]    Subphase: Pause Weak Roots Setup                        0.000 / 0.000         0.000 / 0.000         0.000 / 0.000         0.000 / 0.000       ms
[150.094s][info][gc,stats    ]    Subphase: Pause Weak Roots StringTable                  0.000 / 0.000         0.000 / 0.000         0.000 / 0.000         0.000 / 0.000       ms
[150.094s][info][gc,stats    ]    Subphase: Pause Weak Roots SymbolTable                  0.000 / 0.000         0.000 / 0.000         0.000 / 0.000         0.000 / 0.000       ms
[150.094s][info][gc,stats    ]    Subphase: Pause Weak Roots Teardown                     0.000 / 0.001         0.000 / 0.001         0.000 / 0.001         0.000 / 0.001       ms
[150.094s][info][gc,stats    ]    Subphase: Pause Weak Roots VMWeakHandles                0.000 / 0.000         0.000 / 0.000         0.000 / 0.000         0.000 / 0.000       ms
[150.094s][info][gc,stats    ]      System: Java Threads                                    166 / 168             113 / 168             113 / 168             113 / 168         threads
[150.094s][info][gc,stats    ] =========================================================================================================================================================
[150.394s][info][gc,start    ] GC(78) Garbage Collection (Allocation Rate)
[150.400s][info][gc,phases   ] GC(78) Pause Mark Start 3.649ms
[151.104s][info][gc,phases   ] GC(78) Concurrent Mark 703.618ms
[151.108s][info][gc,phases   ] GC(78) Pause Mark End 0.415ms
[151.109s][info][gc,phases   ] GC(78) Concurrent Process Non-Strong References 1.507ms
[151.112s][info][gc,phases   ] GC(78) Concurrent Reset Relocation Set 0.663ms
[151.112s][info][gc,phases   ] GC(78) Concurrent Destroy Detached Pages 0.000ms
[151.114s][info][gc,phases   ] GC(78) Concurrent Select Relocation Set 2.050ms
[151.115s][info][gc,phases   ] GC(78) Concurrent Prepare Relocation Set 1.140ms
[151.120s][info][gc,phases   ] GC(78) Pause Relocate Start 3.160ms
[151.179s][info][gc,phases   ] GC(78) Concurrent Relocate 57.954ms
[151.179s][info][gc,load     ] GC(78) Load: 1.85/1.69/1.07
[151.179s][info][gc,mmu      ] GC(78) MMU: 2ms/0.0%, 5ms/3.7%, 10ms/51.8%, 20ms/75.9%, 50ms/86.5%, 100ms/93.3%
[151.179s][info][gc,marking  ] GC(78) Mark: 1 stripe(s), 2 proactive flush(es), 1 terminate flush(es), 0 completion(s), 0 continuation(s) 
[151.179s][info][gc,reloc    ] GC(78) Relocation: Successful, 19M relocated
[151.179s][info][gc,nmethod  ] GC(78) NMethods: 5429 registered, 5 unregistered
[151.179s][info][gc,metaspace] GC(78) Metaspace: 74M used, 78M capacity, 78M committed, 80M reserved
[151.179s][info][gc,ref      ] GC(78) Soft: 4928 encountered, 0 discovered, 0 enqueued
[151.179s][info][gc,ref      ] GC(78) Weak: 5215 encountered, 4087 discovered, 2 enqueued
[151.179s][info][gc,ref      ] GC(78) Final: 28 encountered, 0 discovered, 0 enqueued
[151.179s][info][gc,ref      ] GC(78) Phantom: 663 encountered, 468 discovered, 0 enqueued
[151.179s][info][gc,heap     ] GC(78)                Mark Start          Mark End        Relocate Start      Relocate End           High               Low         
[151.179s][info][gc,heap     ] GC(78)  Capacity:     1990M (100%)       1990M (100%)       1990M (100%)       1990M (100%)       1990M (100%)       1990M (100%)   
[151.179s][info][gc,heap     ] GC(78)   Reserve:       34M (2%)           34M (2%)           34M (2%)           34M (2%)           34M (2%)           34M (2%)     
[151.179s][info][gc,heap     ] GC(78)      Free:     1268M (64%)        1100M (55%)        1500M (75%)        1540M (77%)        1542M (77%)        1100M (55%)    
[151.179s][info][gc,heap     ] GC(78)      Used:      688M (35%)         856M (43%)         456M (23%)         416M (21%)         856M (43%)         414M (21%)    
[151.179s][info][gc,heap     ] GC(78)      Live:         -               205M (10%)         205M (10%)         205M (10%)            -                  -          
[151.179s][info][gc,heap     ] GC(78) Allocated:         -               168M (8%)          168M (8%)          186M (9%)             -                  -          
[151.179s][info][gc,heap     ] GC(78)   Garbage:         -               482M (24%)          82M (4%)           36M (2%)             -                  -          
[151.179s][info][gc,heap     ] GC(78) Reclaimed:         -                  -               400M (20%)         446M (22%)            -                  -          
[151.179s][info][gc          ] GC(78) Garbage Collection (Allocation Rate) 688M(35%)->416M(21%)
[152.193s][info][gc,start    ] GC(79) Garbage Collection (Allocation Rate)
[152.200s][info][gc,phases   ] GC(79) Pause Mark Start 3.625ms
[152.804s][info][gc,heap     ] Page Cache Flushed: 10M requested, 12M(1022M->1010M) flushed
[152.888s][info][gc,phases   ] GC(79) Concurrent Mark 688.329ms
[152.891s][info][gc,phases   ] GC(79) Pause Mark End 0.408ms
[152.893s][info][gc,phases   ] GC(79) Concurrent Process Non-Strong References 1.497ms
[152.893s][info][gc,phases   ] GC(79) Concurrent Reset Relocation Set 0.008ms
[152.893s][info][gc,phases   ] GC(79) Concurrent Destroy Detached Pages 0.002ms
[152.894s][info][gc,phases   ] GC(79) Concurrent Select Relocation Set 1.548ms
[152.895s][info][gc,phases   ] GC(79) Concurrent Prepare Relocation Set 0.891ms
[152.899s][info][gc,phases   ] GC(79) Pause Relocate Start 3.189ms
[152.975s][info][gc,phases   ] GC(79) Concurrent Relocate 74.455ms
[152.976s][info][gc,load     ] GC(79) Load: 1.86/1.70/1.08
[152.976s][info][gc,mmu      ] GC(79) MMU: 2ms/0.0%, 5ms/3.7%, 10ms/51.8%, 20ms/75.9%, 50ms/86.5%, 100ms/93.3%
[152.976s][info][gc,marking  ] GC(79) Mark: 1 stripe(s), 2 proactive flush(es), 1 terminate flush(es), 0 completion(s), 0 continuation(s) 
[152.976s][info][gc,reloc    ] GC(79) Relocation: Successful, 22M relocated
[152.976s][info][gc,nmethod  ] GC(79) NMethods: 5496 registered, 5 unregistered
[152.976s][info][gc,metaspace] GC(79) Metaspace: 74M used, 78M capacity, 78M committed, 80M reserved
[152.976s][info][gc,ref      ] GC(79) Soft: 4929 encountered, 0 discovered, 0 enqueued
[152.976s][info][gc,ref      ] GC(79) Weak: 5315 encountered, 4303 discovered, 211 enqueued
[152.976s][info][gc,ref      ] GC(79) Final: 28 encountered, 0 discovered, 0 enqueued
[152.976s][info][gc,ref      ] GC(79) Phantom: 665 encountered, 470 discovered, 0 enqueued
[152.976s][info][gc,heap     ] GC(79)                Mark Start          Mark End        Relocate Start      Relocate End           High               Low         
[152.976s][info][gc,heap     ] GC(79)  Capacity:     1990M (100%)       1990M (100%)       1990M (100%)       1990M (100%)       1990M (100%)       1990M (100%)   
[152.976s][info][gc,heap     ] GC(79)   Reserve:       34M (2%)           34M (2%)           34M (2%)           34M (2%)           34M (2%)           34M (2%)     
[152.976s][info][gc,heap     ] GC(79)      Free:     1162M (58%)        1004M (50%)        1464M (74%)        1538M (77%)        1538M (77%)        1004M (50%)    
[152.976s][info][gc,heap     ] GC(79)      Used:      794M (40%)         952M (48%)         492M (25%)         418M (21%)         952M (48%)         418M (21%)    
[152.976s][info][gc,heap     ] GC(79)      Live:         -               211M (11%)         211M (11%)         211M (11%)            -                  -          
[152.976s][info][gc,heap     ] GC(79) Allocated:         -               158M (8%)          158M (8%)          184M (9%)             -                  -          
[152.976s][info][gc,heap     ] GC(79)   Garbage:         -               582M (29%)         122M (6%)           36M (2%)             -                  -          
[152.976s][info][gc,heap     ] GC(79) Reclaimed:         -                  -               460M (23%)         546M (27%)            -                  -          
[152.976s][info][gc          ] GC(79) Garbage Collection (Allocation Rate) 794M(40%)->418M(21%)
[153.793s][info][gc,start    ] GC(80) Garbage Collection (Allocation Rate)
[153.800s][info][gc,phases   ] GC(80) Pause Mark Start 3.694ms
[154.569s][info][gc,phases   ] GC(80) Concurrent Mark 769.258ms
[154.572s][info][gc,phases   ] GC(80) Pause Mark End 0.407ms
[154.574s][info][gc,phases   ] GC(80) Concurrent Process Non-Strong References 1.514ms
[154.574s][info][gc,phases   ] GC(80) Concurrent Reset Relocation Set 0.013ms
[154.574s][info][gc,phases   ] GC(80) Concurrent Destroy Detached Pages 0.000ms
[154.576s][info][gc,phases   ] GC(80) Concurrent Select Relocation Set 1.588ms
[154.579s][info][gc,phases   ] GC(80) Concurrent Prepare Relocation Set 2.781ms
[154.584s][info][gc,phases   ] GC(80) Pause Relocate Start 3.204ms
[154.732s][info][gc,phases   ] GC(80) Concurrent Relocate 141.664ms
[154.732s][info][gc,load     ] GC(80) Load: 1.86/1.70/1.08
[154.732s][info][gc,mmu      ] GC(80) MMU: 2ms/0.0%, 5ms/3.7%, 10ms/51.8%, 20ms/75.9%, 50ms/86.5%, 100ms/93.3%
[154.732s][info][gc,marking  ] GC(80) Mark: 1 stripe(s), 2 proactive flush(es), 1 terminate flush(es), 0 completion(s), 0 continuation(s) 
[154.732s][info][gc,reloc    ] GC(80) Relocation: Successful, 30M relocated
[154.732s][info][gc,nmethod  ] GC(80) NMethods: 5525 registered, 5 unregistered
[154.732s][info][gc,metaspace] GC(80) Metaspace: 74M used, 78M capacity, 78M committed, 80M reserved
[154.732s][info][gc,ref      ] GC(80) Soft: 4930 encountered, 0 discovered, 0 enqueued
[154.732s][info][gc,ref      ] GC(80) Weak: 5170 encountered, 4115 discovered, 157 enqueued
[154.732s][info][gc,ref      ] GC(80) Final: 28 encountered, 0 discovered, 0 enqueued
[154.732s][info][gc,ref      ] GC(80) Phantom: 663 encountered, 659 discovered, 0 enqueued
[154.732s][info][gc,heap     ] GC(80)                Mark Start          Mark End        Relocate Start      Relocate End           High               Low         
[154.732s][info][gc,heap     ] GC(80)  Capacity:     1990M (100%)       1990M (100%)       1990M (100%)       1990M (100%)       1990M (100%)       1990M (100%)   
[154.732s][info][gc,heap     ] GC(80)   Reserve:       34M (2%)           34M (2%)           34M (2%)           34M (2%)           34M (2%)           34M (2%)     
[154.732s][info][gc,heap     ] GC(80)      Free:     1106M (56%)         992M (50%)        1424M (72%)        1578M (79%)        1578M (79%)         990M (50%)    
[154.732s][info][gc,heap     ] GC(80)      Used:      850M (43%)         964M (48%)         532M (27%)         378M (19%)         966M (49%)         378M (19%)    
[154.732s][info][gc,heap     ] GC(80)      Live:         -               215M (11%)         215M (11%)         215M (11%)            -                  -          
[154.732s][info][gc,heap     ] GC(80) Allocated:         -               114M (6%)          116M (6%)          150M (8%)             -                  -          
[154.732s][info][gc,heap     ] GC(80)   Garbage:         -               634M (32%)         200M (10%)          40M (2%)             -                  -          
[154.732s][info][gc,heap     ] GC(80) Reclaimed:         -                  -               434M (22%)         594M (30%)            -                  -          
[154.732s][info][gc          ] GC(80) Garbage Collection (Allocation Rate) 850M(43%)->378M(19%)
[155.193s][info][gc,start    ] GC(81) Garbage Collection (Allocation Rate)
[155.197s][info][gc,phases   ] GC(81) Pause Mark Start 3.682ms
[155.522s][info][gc,heap     ] Page Cache Flushed: 30M requested, 30M(1098M->1068M) flushed
[155.971s][info][gc,phases   ] GC(81) Concurrent Mark 773.678ms
[155.974s][info][gc,phases   ] GC(81) Pause Mark End 0.426ms
[155.976s][info][gc,phases   ] GC(81) Concurrent Process Non-Strong References 1.474ms
[155.976s][info][gc,phases   ] GC(81) Concurrent Reset Relocation Set 0.025ms
[155.976s][info][gc,phases   ] GC(81) Concurrent Destroy Detached Pages 0.003ms
[155.977s][info][gc,phases   ] GC(81) Concurrent Select Relocation Set 1.627ms
[155.985s][info][gc,phases   ] GC(81) Concurrent Prepare Relocation Set 7.326ms
[155.991s][info][gc,phases   ] GC(81) Pause Relocate Start 3.200ms
[156.194s][info][gc,phases   ] GC(81) Concurrent Relocate 202.870ms
[156.194s][info][gc,load     ] GC(81) Load: 1.86/1.70/1.08
[156.194s][info][gc,mmu      ] GC(81) MMU: 2ms/0.0%, 5ms/3.7%, 10ms/51.8%, 20ms/75.9%, 50ms/86.5%, 100ms/93.3%
[156.194s][info][gc,marking  ] GC(81) Mark: 1 stripe(s), 2 proactive flush(es), 1 terminate flush(es), 0 completion(s), 0 continuation(s) 
[156.194s][info][gc,reloc    ] GC(81) Relocation: Successful, 43M relocated
[156.194s][info][gc,nmethod  ] GC(81) NMethods: 5554 registered, 5 unregistered
[156.194s][info][gc,metaspace] GC(81) Metaspace: 74M used, 78M capacity, 78M committed, 80M reserved
[156.194s][info][gc,ref      ] GC(81) Soft: 4930 encountered, 0 discovered, 0 enqueued
[156.194s][info][gc,ref      ] GC(81) Weak: 5009 encountered, 3963 discovered, 11 enqueued
[156.194s][info][gc,ref      ] GC(81) Final: 28 encountered, 0 discovered, 0 enqueued
[156.194s][info][gc,ref      ] GC(81) Phantom: 663 encountered, 659 discovered, 0 enqueued
[156.194s][info][gc,heap     ] GC(81)                Mark Start          Mark End        Relocate Start      Relocate End           High               Low         
[156.194s][info][gc,heap     ] GC(81)  Capacity:     1990M (100%)       1990M (100%)       1990M (100%)       1990M (100%)       1990M (100%)       1990M (100%)   
[156.194s][info][gc,heap     ] GC(81)   Reserve:       34M (2%)           34M (2%)           34M (2%)           34M (2%)           34M (2%)           34M (2%)     
[156.194s][info][gc,heap     ] GC(81)      Free:     1232M (62%)        1058M (53%)        1254M (63%)        1544M (78%)        1544M (78%)        1058M (53%)    
[156.194s][info][gc,heap     ] GC(81)      Used:      724M (36%)         898M (45%)         702M (35%)         412M (21%)         898M (45%)         412M (21%)    
[156.194s][info][gc,heap     ] GC(81)      Live:         -               222M (11%)         222M (11%)         222M (11%)            -                  -          
[156.194s][info][gc,heap     ] GC(81) Allocated:         -               174M (9%)          174M (9%)          220M (11%)            -                  -          
[156.194s][info][gc,heap     ] GC(81)   Garbage:         -               501M (25%)         305M (15%)          13M (1%)             -                  -          
[156.194s][info][gc,heap     ] GC(81) Reclaimed:         -                  -               196M (10%)         488M (25%)            -                  -          
[156.194s][info][gc          ] GC(81) Garbage Collection (Allocation Rate) 724M(36%)->412M(21%)
[156.467s][info][gc,heap     ] Page Cache Flushed: 8M requested, 10M(1436M->1426M) flushed
[156.471s][info][gc,heap     ] Page Cache Flushed: 6M requested, 10M(1426M->1416M) flushed
[156.482s][info][gc,heap     ] Page Cache Flushed: 4M requested, 10M(1412M->1402M) flushed
[156.693s][info][gc,start    ] GC(82) Garbage Collection (Allocation Rate)
[156.700s][info][gc,phases   ] GC(82) Pause Mark Start 3.780ms
[157.629s][info][gc,phases   ] GC(82) Concurrent Mark 929.453ms
[157.633s][info][gc,phases   ] GC(82) Pause Mark End 0.392ms
[157.635s][info][gc,phases   ] GC(82) Concurrent Process Non-Strong References 1.477ms
[157.635s][info][gc,phases   ] GC(82) Concurrent Reset Relocation Set 0.608ms
[157.635s][info][gc,phases   ] GC(82) Concurrent Destroy Detached Pages 0.003ms
[157.637s][info][gc,phases   ] GC(82) Concurrent Select Relocation Set 2.174ms
[157.650s][info][gc,phases   ] GC(82) Concurrent Prepare Relocation Set 12.223ms
[157.656s][info][gc,phases   ] GC(82) Pause Relocate Start 3.166ms
[157.875s][info][gc,phases   ] GC(82) Concurrent Relocate 219.053ms
[157.875s][info][gc,load     ] GC(82) Load: 1.87/1.70/1.08
[157.875s][info][gc,mmu      ] GC(82) MMU: 2ms/0.0%, 5ms/3.7%, 10ms/51.8%, 20ms/75.9%, 50ms/86.5%, 100ms/93.3%
[157.875s][info][gc,marking  ] GC(82) Mark: 1 stripe(s), 2 proactive flush(es), 1 terminate flush(es), 0 completion(s), 0 continuation(s) 
[157.875s][info][gc,reloc    ] GC(82) Relocation: Successful, 49M relocated
[157.875s][info][gc,nmethod  ] GC(82) NMethods: 5578 registered, 5 unregistered
[157.875s][info][gc,metaspace] GC(82) Metaspace: 74M used, 78M capacity, 78M committed, 80M reserved
[157.875s][info][gc,ref      ] GC(82) Soft: 4930 encountered, 0 discovered, 0 enqueued
[157.875s][info][gc,ref      ] GC(82) Weak: 5013 encountered, 3963 discovered, 16 enqueued
[157.875s][info][gc,ref      ] GC(82) Final: 28 encountered, 0 discovered, 0 enqueued
[157.875s][info][gc,ref      ] GC(82) Phantom: 663 encountered, 659 discovered, 0 enqueued
[157.875s][info][gc,heap     ] GC(82)                Mark Start          Mark End        Relocate Start      Relocate End           High               Low         
[157.875s][info][gc,heap     ] GC(82)  Capacity:     1990M (100%)       1990M (100%)       1990M (100%)       1990M (100%)       1990M (100%)       1990M (100%)   
[157.875s][info][gc,heap     ] GC(82)   Reserve:       34M (2%)           34M (2%)           34M (2%)           34M (2%)           34M (2%)           34M (2%)     
[157.875s][info][gc,heap     ] GC(82)      Free:     1196M (60%)        1004M (50%)        1232M (62%)        1434M (72%)        1438M (72%)        1004M (50%)    
[157.875s][info][gc,heap     ] GC(82)      Used:      760M (38%)         952M (48%)         724M (36%)         522M (26%)         952M (48%)         518M (26%)    
[157.875s][info][gc,heap     ] GC(82)      Live:         -               275M (14%)         275M (14%)         275M (14%)            -                  -          
[157.875s][info][gc,heap     ] GC(82) Allocated:         -               192M (10%)         192M (10%)         282M (14%)            -                  -          
[157.875s][info][gc,heap     ] GC(82)   Garbage:         -               484M (24%)         256M (13%)          38M (2%)             -                  -          
[157.875s][info][gc,heap     ] GC(82) Reclaimed:         -                  -               228M (11%)         446M (22%)            -                  -          
[157.875s][info][gc          ] GC(82) Garbage Collection (Allocation Rate) 760M(38%)->522M(26%)
[158.061s][info][gc,heap     ] Page Cache Flushed: 6M requested, 8M(1282M->1274M) flushed
[158.077s][info][gc,heap     ] Page Cache Flushed: 4M requested, 32M(1272M->1240M) flushed
[158.093s][info][gc,start    ] GC(83) Garbage Collection (Allocation Rate)
[158.099s][info][gc,phases   ] GC(83) Pause Mark Start 3.640ms
[158.862s][info][gc,phases   ] GC(83) Concurrent Mark 762.404ms
[158.862s][info][gc,phases   ] GC(83) Pause Mark End 0.335ms
[158.865s][info][gc,phases   ] GC(83) Concurrent Process Non-Strong References 3.061ms
[158.867s][info][gc,phases   ] GC(83) Concurrent Reset Relocation Set 0.722ms
[158.867s][info][gc,phases   ] GC(83) Concurrent Destroy Detached Pages 0.003ms
[158.868s][info][gc,phases   ] GC(83) Concurrent Select Relocation Set 1.521ms
[158.875s][info][gc,phases   ] GC(83) Concurrent Prepare Relocation Set 6.609ms
[158.892s][info][gc,phases   ] GC(83) Pause Relocate Start 3.863ms
[158.975s][info][gc,phases   ] GC(83) Concurrent Relocate 81.812ms
[158.975s][info][gc,load     ] GC(83) Load: 1.87/1.70/1.08
[158.975s][info][gc,mmu      ] GC(83) MMU: 2ms/0.0%, 5ms/3.7%, 10ms/51.8%, 20ms/75.9%, 50ms/86.5%, 100ms/93.3%
[158.975s][info][gc,marking  ] GC(83) Mark: 1 stripe(s), 2 proactive flush(es), 1 terminate flush(es), 0 completion(s), 0 continuation(s) 
[158.975s][info][gc,reloc    ] GC(83) Relocation: Successful, 35M relocated
[158.975s][info][gc,nmethod  ] GC(83) NMethods: 5589 registered, 5 unregistered
[158.975s][info][gc,metaspace] GC(83) Metaspace: 74M used, 78M capacity, 78M committed, 80M reserved
[158.975s][info][gc,ref      ] GC(83) Soft: 4929 encountered, 0 discovered, 0 enqueued
[158.975s][info][gc,ref      ] GC(83) Weak: 4977 encountered, 4043 discovered, 104 enqueued
[158.975s][info][gc,ref      ] GC(83) Final: 28 encountered, 0 discovered, 0 enqueued
[158.975s][info][gc,ref      ] GC(83) Phantom: 662 encountered, 658 discovered, 0 enqueued
[158.975s][info][gc,heap     ] GC(83)                Mark Start          Mark End        Relocate Start      Relocate End           High               Low         
[158.975s][info][gc,heap     ] GC(83)  Capacity:     1990M (100%)       1990M (100%)       1990M (100%)       1990M (100%)       1990M (100%)       1990M (100%)   
[158.975s][info][gc,heap     ] GC(83)   Reserve:       34M (2%)           34M (2%)           34M (2%)           34M (2%)           34M (2%)           34M (2%)     
[158.975s][info][gc,heap     ] GC(83)      Free:     1258M (63%)         472M (24%)         728M (37%)         872M (44%)        1258M (63%)         472M (24%)    
[158.975s][info][gc,heap     ] GC(83)      Used:      698M (35%)        1484M (75%)        1228M (62%)        1084M (54%)        1484M (75%)         698M (35%)    
[158.975s][info][gc,heap     ] GC(83)      Live:         -               259M (13%)         259M (13%)         259M (13%)            -                  -          
[158.975s][info][gc,heap     ] GC(83) Allocated:         -               786M (39%)         786M (39%)         846M (43%)            -                  -          
[158.975s][info][gc,heap     ] GC(83)   Garbage:         -               438M (22%)         182M (9%)           36M (2%)             -                  -          
[158.975s][info][gc,heap     ] GC(83) Reclaimed:         -                  -               256M (13%)         402M (20%)            -                  -          
[158.975s][info][gc          ] GC(83) Garbage Collection (Allocation Rate) 698M(35%)->1084M(54%)
[158.975s][info][gc,start    ] GC(84) Garbage Collection (System.gc())
[158.979s][info][gc,phases   ] GC(84) Pause Mark Start 3.686ms
[159.263s][info][gc,phases   ] GC(84) Concurrent Mark 283.253ms
[159.263s][info][gc,phases   ] GC(84) Pause Mark End 0.393ms
[159.265s][info][gc,phases   ] GC(84) Concurrent Process Non-Strong References 1.467ms
[159.265s][info][gc,phases   ] GC(84) Concurrent Reset Relocation Set 0.554ms
[159.265s][info][gc,phases   ] GC(84) Concurrent Destroy Detached Pages 0.000ms
[159.267s][info][gc,phases   ] GC(84) Concurrent Select Relocation Set 1.563ms
[159.267s][info][gc,phases   ] GC(84) Concurrent Prepare Relocation Set 0.040ms
[159.270s][info][gc,phases   ] GC(84) Pause Relocate Start 3.117ms
[159.274s][info][gc,phases   ] GC(84) Concurrent Relocate 3.691ms
[159.274s][info][gc,load     ] GC(84) Load: 1.87/1.70/1.08
[159.274s][info][gc,mmu      ] GC(84) MMU: 2ms/0.0%, 5ms/3.7%, 10ms/51.8%, 20ms/75.9%, 50ms/86.5%, 100ms/92.5%
[159.274s][info][gc,marking  ] GC(84) Mark: 1 stripe(s), 2 proactive flush(es), 1 terminate flush(es), 0 completion(s), 0 continuation(s) 
[159.274s][info][gc,reloc    ] GC(84) Relocation: Successful, 13M relocated
[159.274s][info][gc,nmethod  ] GC(84) NMethods: 5591 registered, 5 unregistered
[159.274s][info][gc,metaspace] GC(84) Metaspace: 74M used, 78M capacity, 78M committed, 80M reserved
[159.274s][info][gc,ref      ] GC(84) Soft: 4929 encountered, 0 discovered, 0 enqueued
[159.274s][info][gc,ref      ] GC(84) Weak: 4892 encountered, 3957 discovered, 6 enqueued
[159.274s][info][gc,ref      ] GC(84) Final: 28 encountered, 0 discovered, 0 enqueued
[159.274s][info][gc,ref      ] GC(84) Phantom: 662 encountered, 658 discovered, 0 enqueued
[159.274s][info][gc,heap     ] GC(84)                Mark Start          Mark End        Relocate Start      Relocate End           High               Low         
[159.274s][info][gc,heap     ] GC(84)  Capacity:     1990M (100%)       1990M (100%)       1990M (100%)       1990M (100%)       1990M (100%)       1990M (100%)   
[159.274s][info][gc,heap     ] GC(84)   Reserve:       34M (2%)           34M (2%)           34M (2%)           34M (2%)           34M (2%)           34M (2%)     
[159.274s][info][gc,heap     ] GC(84)      Free:      872M (44%)         870M (44%)        1710M (86%)        1730M (87%)        1730M (87%)         870M (44%)    
[159.274s][info][gc,heap     ] GC(84)      Used:     1084M (54%)        1086M (55%)         246M (12%)         226M (11%)        1086M (55%)         226M (11%)    
[159.274s][info][gc,heap     ] GC(84)      Live:         -               191M (10%)         191M (10%)         191M (10%)            -                  -          
[159.274s][info][gc,heap     ] GC(84) Allocated:         -                 2M (0%)            2M (0%)            4M (0%)             -                  -          
[159.274s][info][gc,heap     ] GC(84)   Garbage:         -               892M (45%)          52M (3%)           32M (2%)             -                  -          
[159.274s][info][gc,heap     ] GC(84) Reclaimed:         -                  -               840M (42%)         860M (43%)            -                  -          
[159.274s][info][gc          ] GC(84) Garbage Collection (System.gc()) 1084M(54%)->226M(11%)
[159.294s][info][gc,start    ] GC(85) Garbage Collection (Allocation Rate)
[159.307s][info][gc,phases   ] GC(85) Pause Mark Start 6.797ms
[159.985s][info][gc,phases   ] GC(85) Concurrent Mark 678.028ms
[159.989s][info][gc,phases   ] GC(85) Pause Mark End 1.103ms
[159.995s][info][gc,phases   ] GC(85) Concurrent Process Non-Strong References 5.983ms
[159.995s][info][gc,phases   ] GC(85) Concurrent Reset Relocation Set 0.011ms
[159.995s][info][gc,phases   ] GC(85) Concurrent Destroy Detached Pages 0.001ms
[160.000s][info][gc,phases   ] GC(85) Concurrent Select Relocation Set 4.790ms
[160.000s][info][gc,phases   ] GC(85) Concurrent Prepare Relocation Set 0.043ms
[160.009s][info][gc,phases   ] GC(85) Pause Relocate Start 5.766ms
[160.019s][info][gc,phases   ] GC(85) Concurrent Relocate 6.192ms
[160.019s][info][gc,load     ] GC(85) Load: 1.87/1.70/1.08
[160.019s][info][gc,mmu      ] GC(85) MMU: 2ms/0.0%, 5ms/0.0%, 10ms/32.0%, 20ms/66.0%, 50ms/79.4%, 100ms/89.7%
[160.019s][info][gc,marking  ] GC(85) Mark: 1 stripe(s), 2 proactive flush(es), 1 terminate flush(es), 0 completion(s), 0 continuation(s) 
[160.019s][info][gc,reloc    ] GC(85) Relocation: Successful, 13M relocated
[160.019s][info][gc,nmethod  ] GC(85) NMethods: 5629 registered, 5 unregistered
[160.019s][info][gc,metaspace] GC(85) Metaspace: 74M used, 78M capacity, 78M committed, 80M reserved
[160.019s][info][gc,ref      ] GC(85) Soft: 4929 encountered, 0 discovered, 0 enqueued
[160.019s][info][gc,ref      ] GC(85) Weak: 4903 encountered, 3963 discovered, 2 enqueued
[160.019s][info][gc,ref      ] GC(85) Final: 28 encountered, 0 discovered, 0 enqueued
[160.019s][info][gc,ref      ] GC(85) Phantom: 662 encountered, 658 discovered, 0 enqueued
[160.019s][info][gc,heap     ] GC(85)                Mark Start          Mark End        Relocate Start      Relocate End           High               Low         
[160.019s][info][gc,heap     ] GC(85)  Capacity:     1990M (100%)       1990M (100%)       1990M (100%)       1990M (100%)       1990M (100%)       1990M (100%)   
[160.019s][info][gc,heap     ] GC(85)   Reserve:       34M (2%)           34M (2%)           34M (2%)           34M (2%)           34M (2%)           34M (2%)     
[160.019s][info][gc,heap     ] GC(85)      Free:     1722M (87%)        1492M (75%)        1492M (75%)        1498M (75%)        1722M (87%)        1486M (75%)    
[160.019s][info][gc,heap     ] GC(85)      Used:      234M (12%)         464M (23%)         464M (23%)         458M (23%)         470M (24%)         234M (12%)    
[160.019s][info][gc,heap     ] GC(85)      Live:         -               191M (10%)         191M (10%)         191M (10%)            -                  -          
[160.019s][info][gc,heap     ] GC(85) Allocated:         -               230M (12%)         230M (12%)         236M (12%)            -                  -          
[160.019s][info][gc,heap     ] GC(85)   Garbage:         -                42M (2%)           42M (2%)           36M (2%)             -                  -          
[160.019s][info][gc,heap     ] GC(85) Reclaimed:         -                  -                 0M (0%)            6M (0%)             -                  -          
[160.019s][info][gc          ] GC(85) Garbage Collection (Allocation Rate) 234M(12%)->458M(23%)
[160.093s][info][gc,stats    ] === Garbage Collection Statistics =======================================================================================================================
[160.093s][info][gc,stats    ]                                                              Last 10s              Last 10m              Last 10h                Total
[160.093s][info][gc,stats    ]                                                              Avg / Max             Avg / Max             Avg / Max             Avg / Max
[160.093s][info][gc,stats    ]   Collector: Garbage Collection Cycle                    824.343 / 1181.515    973.311 / 1704.378    973.311 / 1704.378    973.311 / 1704.378    ms
[160.093s][info][gc,stats    ]  Contention: Mark Segment Reset Contention                     0 / 0                 0 / 0                 0 / 0                 0 / 0           ops/s
[160.093s][info][gc,stats    ]  Contention: Mark SeqNum Reset Contention                      0 / 0                 0 / 0                 0 / 0                 0 / 0           ops/s
[160.093s][info][gc,stats    ]  Contention: Relocation Contention                             0 / 0                 0 / 3                 0 / 3                 0 / 3           ops/s
[160.093s][info][gc,stats    ]    Critical: Allocation Stall                              0.000 / 0.000         0.000 / 0.000         0.000 / 0.000         0.000 / 0.000       ms
[160.093s][info][gc,stats    ]    Critical: Allocation Stall                                  0 / 0                 0 / 0                 0 / 0                 0 / 0           ops/s
[160.093s][info][gc,stats    ]    Critical: GC Locker Stall                               0.000 / 0.000         0.000 / 0.000         0.000 / 0.000         0.000 / 0.000       ms
[160.093s][info][gc,stats    ]    Critical: GC Locker Stall                                   0 / 0                 0 / 0                 0 / 0                 0 / 0           ops/s
[160.093s][info][gc,stats    ]      Memory: Allocation Rate                                 376 / 792             282 / 1282            282 / 1282            282 / 1282        MB/s
[160.093s][info][gc,stats    ]      Memory: Heap Used After Mark                            957 / 1484            943 / 1920            943 / 1920            943 / 1920        MB
[160.093s][info][gc,stats    ]      Memory: Heap Used After Relocation                      489 / 1084            447 / 1124            447 / 1124            447 / 1124        MB
[160.093s][info][gc,stats    ]      Memory: Heap Used Before Mark                           729 / 1084            769 / 1828            769 / 1828            769 / 1828        MB
[160.093s][info][gc,stats    ]      Memory: Heap Used Before Relocation                     605 / 1228            653 / 1228            653 / 1228            653 / 1228        MB
[160.093s][info][gc,stats    ]      Memory: Out Of Memory                                     0 / 0                 0 / 0                 0 / 0                 0 / 0           ops/s
[160.093s][info][gc,stats    ]      Memory: Page Cache Flush                                 11 / 40                5 / 72                5 / 72                5 / 72          MB/s
[160.093s][info][gc,stats    ]      Memory: Page Cache Hit L1                               166 / 403             127 / 642             127 / 642             127 / 642         ops/s
[160.093s][info][gc,stats    ]      Memory: Page Cache Hit L2                                 0 / 0                 0 / 0                 0 / 0                 0 / 0           ops/s
[160.093s][info][gc,stats    ]      Memory: Page Cache Miss                                   1 / 3                 6 / 223               6 / 223               6 / 223         ops/s
[160.093s][info][gc,stats    ]      Memory: Undo Object Allocation Failed                     0 / 0                 0 / 0                 0 / 0                 0 / 0           ops/s
[160.093s][info][gc,stats    ]      Memory: Undo Object Allocation Succeeded                  0 / 0                 0 / 3                 0 / 3                 0 / 3           ops/s
[160.093s][info][gc,stats    ]      Memory: Undo Page Allocation                              0 / 0                 0 / 1                 0 / 1                 0 / 1           ops/s
[160.093s][info][gc,stats    ]       Phase: Concurrent Destroy Detached Pages             0.002 / 0.003         0.002 / 0.011         0.002 / 0.011         0.002 / 0.011       ms
[160.093s][info][gc,stats    ]       Phase: Concurrent Mark                             698.503 / 929.453     809.572 / 1560.269    809.572 / 1560.269    809.572 / 1560.269    ms
[160.093s][info][gc,stats    ]       Phase: Concurrent Mark Continue                      0.000 / 0.000         0.000 / 0.000         0.000 / 0.000         0.000 / 0.000       ms
[160.093s][info][gc,stats    ]       Phase: Concurrent Prepare Relocation Set             3.881 / 12.223        7.893 / 64.267        7.893 / 64.267        7.893 / 64.267      ms
[160.093s][info][gc,stats    ]       Phase: Concurrent Process Non-Strong References      2.248 / 5.983         1.877 / 5.983         1.877 / 5.983         1.877 / 5.983       ms
[160.093s][info][gc,stats    ]       Phase: Concurrent Relocate                          98.461 / 219.053     135.622 / 393.686     135.622 / 393.686     135.622 / 393.686     ms
[160.093s][info][gc,stats    ]       Phase: Concurrent Reset Relocation Set               0.326 / 0.722         0.442 / 1.918         0.442 / 1.918         0.442 / 1.918       ms
[160.093s][info][gc,stats    ]       Phase: Concurrent Select Relocation Set              2.108 / 4.790         2.028 / 8.406         2.028 / 8.406         2.028 / 8.406       ms
[160.093s][info][gc,stats    ]       Phase: Pause Mark End                                0.485 / 1.103         0.367 / 1.103         0.367 / 1.103         0.367 / 1.103       ms
[160.093s][info][gc,stats    ]       Phase: Pause Mark Start                              4.069 / 6.797         3.101 / 6.797         3.101 / 6.797         3.101 / 6.797       ms
[160.093s][info][gc,stats    ]       Phase: Pause Relocate Start                          3.583 / 5.766         2.726 / 5.766         2.726 / 5.766         2.726 / 5.766       ms
[160.093s][info][gc,stats    ]    Subphase: Concurrent Mark                             695.312 / 920.475     806.917 / 1560.247    806.917 / 1560.247    806.917 / 1560.247    ms
[160.093s][info][gc,stats    ]    Subphase: Concurrent Mark Idle                          0.000 / 0.000         0.000 / 0.000         0.000 / 0.000         0.000 / 0.000       ms
[160.093s][info][gc,stats    ]    Subphase: Concurrent Mark Try Flush                     0.620 / 1.099         1.413 / 13.453        1.413 / 13.453        1.413 / 13.453      ms
[160.093s][info][gc,stats    ]    Subphase: Concurrent Mark Try Terminate                 0.336 / 1.016         0.451 / 2.462         0.451 / 2.462         0.451 / 2.462       ms
[160.093s][info][gc,stats    ]    Subphase: Concurrent References Enqueue                 0.003 / 0.006         0.002 / 0.007         0.002 / 0.007         0.002 / 0.007       ms
[160.093s][info][gc,stats    ]    Subphase: Concurrent References Process                 0.943 / 2.188         0.887 / 5.130         0.887 / 5.130         0.887 / 5.130       ms
[160.093s][info][gc,stats    ]    Subphase: Concurrent Weak Roots                         0.962 / 2.095         0.855 / 3.282         0.855 / 3.282         0.855 / 3.282       ms
[160.093s][info][gc,stats    ]    Subphase: Concurrent Weak Roots JNIWeakHandles          0.000 / 0.000         0.000 / 0.001         0.000 / 0.001         0.000 / 0.001       ms
[160.093s][info][gc,stats    ]    Subphase: Concurrent Weak Roots StringTable             0.714 / 1.598         0.643 / 2.798         0.643 / 2.798         0.643 / 2.798       ms
[160.093s][info][gc,stats    ]    Subphase: Concurrent Weak Roots VMWeakHandles           0.247 / 0.492         0.211 / 0.492         0.211 / 0.492         0.211 / 0.492       ms
[160.093s][info][gc,stats    ]    Subphase: Pause Mark Try Complete                       0.000 / 0.000         0.002 / 0.002         0.002 / 0.002         0.002 / 0.002       ms
[160.093s][info][gc,stats    ]    Subphase: Pause Remap TLABS                             0.003 / 0.007         0.002 / 0.007         0.002 / 0.007         0.002 / 0.007       ms
[160.093s][info][gc,stats    ]    Subphase: Pause Retire TLABS                            0.029 / 0.033         0.022 / 0.074         0.022 / 0.074         0.022 / 0.074       ms
[160.093s][info][gc,stats    ]    Subphase: Pause Roots                                   2.462 / 6.471         1.854 / 6.471         1.854 / 6.471         1.854 / 6.471       ms
[160.093s][info][gc,stats    ]    Subphase: Pause Roots ClassLoaderDataGraph              0.884 / 3.608         0.673 / 3.608         0.673 / 3.608         0.673 / 3.608       ms
[160.093s][info][gc,stats    ]    Subphase: Pause Roots CodeCache                         2.010 / 3.037         1.510 / 3.073         1.510 / 3.073         1.510 / 3.073       ms
[160.093s][info][gc,stats    ]    Subphase: Pause Roots JNIHandles                        0.001 / 0.002         0.001 / 0.006         0.001 / 0.006         0.001 / 0.006       ms
[160.093s][info][gc,stats    ]    Subphase: Pause Roots JNIWeakHandles                    0.000 / 0.000         0.000 / 0.000         0.000 / 0.000         0.000 / 0.000       ms
[160.093s][info][gc,stats    ]    Subphase: Pause Roots JRFWeak                           0.000 / 0.000         0.000 / 0.000         0.000 / 0.000         0.000 / 0.000       ms
[160.093s][info][gc,stats    ]    Subphase: Pause Roots JVMTIExport                       0.000 / 0.001         0.000 / 0.001         0.000 / 0.001         0.000 / 0.001       ms
[160.093s][info][gc,stats    ]    Subphase: Pause Roots JVMTIWeakExport                   0.001 / 0.001         0.001 / 0.001         0.001 / 0.001         0.001 / 0.001       ms
[160.093s][info][gc,stats    ]    Subphase: Pause Roots Management                        0.001 / 0.002         0.003 / 0.337         0.003 / 0.337         0.003 / 0.337       ms
[160.093s][info][gc,stats    ]    Subphase: Pause Roots ObjectSynchronizer                0.000 / 0.001         0.000 / 0.001         0.000 / 0.001         0.000 / 0.001       ms
[160.093s][info][gc,stats    ]    Subphase: Pause Roots Setup                             0.199 / 0.414         0.172 / 0.423         0.172 / 0.423         0.172 / 0.423       ms
[160.093s][info][gc,stats    ]    Subphase: Pause Roots StringTable                       0.000 / 0.000         0.000 / 0.000         0.000 / 0.000         0.000 / 0.000       ms
[160.093s][info][gc,stats    ]    Subphase: Pause Roots SystemDictionary                  0.012 / 0.022         0.012 / 0.029         0.012 / 0.029         0.012 / 0.029       ms
[160.093s][info][gc,stats    ]    Subphase: Pause Roots Teardown                          0.001 / 0.002         0.001 / 0.002         0.001 / 0.002         0.001 / 0.002       ms
[160.093s][info][gc,stats    ]    Subphase: Pause Roots Threads                           0.518 / 1.214         0.383 / 1.214         0.383 / 1.214         0.383 / 1.214       ms
[160.093s][info][gc,stats    ]    Subphase: Pause Roots Universe                          0.002 / 0.006         0.002 / 0.020         0.002 / 0.020         0.002 / 0.020       ms
[160.093s][info][gc,stats    ]    Subphase: Pause Roots VMWeakHandles                     0.000 / 0.000         0.000 / 0.000         0.000 / 0.000         0.000 / 0.000       ms
[160.093s][info][gc,stats    ]    Subphase: Pause Weak Roots                              0.002 / 0.003         0.002 / 0.005         0.002 / 0.005         0.002 / 0.005       ms
[160.093s][info][gc,stats    ]    Subphase: Pause Weak Roots JFRWeak                      0.001 / 0.001         0.001 / 0.001         0.001 / 0.001         0.001 / 0.001       ms
[160.093s][info][gc,stats    ]    Subphase: Pause Weak Roots JNIWeakHandles               0.000 / 0.000         0.000 / 0.000         0.000 / 0.000         0.000 / 0.000       ms
[160.093s][info][gc,stats    ]    Subphase: Pause Weak Roots JVMTIWeakExport              0.001 / 0.001         0.001 / 0.005         0.001 / 0.005         0.001 / 0.005       ms
[160.093s][info][gc,stats    ]    Subphase: Pause Weak Roots Setup                        0.000 / 0.000         0.000 / 0.000         0.000 / 0.000         0.000 / 0.000       ms
[160.093s][info][gc,stats    ]    Subphase: Pause Weak Roots StringTable                  0.000 / 0.000         0.000 / 0.000         0.000 / 0.000         0.000 / 0.000       ms
[160.093s][info][gc,stats    ]    Subphase: Pause Weak Roots SymbolTable                  0.000 / 0.000         0.000 / 0.000         0.000 / 0.000         0.000 / 0.000       ms
[160.093s][info][gc,stats    ]    Subphase: Pause Weak Roots Teardown                     0.001 / 0.001         0.000 / 0.001         0.000 / 0.001         0.000 / 0.001       ms
[160.093s][info][gc,stats    ]    Subphase: Pause Weak Roots VMWeakHandles                0.000 / 0.000         0.000 / 0.000         0.000 / 0.000         0.000 / 0.000       ms
[160.093s][info][gc,stats    ]      System: Java Threads                                    160 / 168             117 / 168             117 / 168             117 / 168         threads
[160.093s][info][gc,stats    ] =========================================================================================================================================================
[160.693s][info][gc,start    ] GC(86) Garbage Collection (Allocation Rate)
[160.699s][info][gc,phases   ] GC(86) Pause Mark Start 3.776ms
[161.334s][info][gc,heap     ] Page Cache Flushed: 2M requested, 10M(988M->978M) flushed
[161.710s][info][gc,phases   ] GC(86) Concurrent Mark 1010.502ms
[161.713s][info][gc,phases   ] GC(86) Pause Mark End 0.412ms
[161.715s][info][gc,phases   ] GC(86) Concurrent Process Non-Strong References 1.486ms
[161.715s][info][gc,phases   ] GC(86) Concurrent Reset Relocation Set 0.003ms
[161.715s][info][gc,phases   ] GC(86) Concurrent Destroy Detached Pages 0.002ms
[161.717s][info][gc,phases   ] GC(86) Concurrent Select Relocation Set 2.234ms
[161.728s][info][gc,phases   ] GC(86) Concurrent Prepare Relocation Set 11.264ms
[161.734s][info][gc,phases   ] GC(86) Pause Relocate Start 3.122ms
[162.000s][info][gc,phases   ] GC(86) Concurrent Relocate 259.836ms
[162.000s][info][gc,load     ] GC(86) Load: 1.87/1.70/1.08
[162.000s][info][gc,mmu      ] GC(86) MMU: 2ms/0.0%, 5ms/0.0%, 10ms/32.0%, 20ms/66.0%, 50ms/79.4%, 100ms/89.7%
[162.000s][info][gc,marking  ] GC(86) Mark: 1 stripe(s), 2 proactive flush(es), 1 terminate flush(es), 0 completion(s), 0 continuation(s) 
[162.000s][info][gc,reloc    ] GC(86) Relocation: Successful, 74M relocated
[162.000s][info][gc,nmethod  ] GC(86) NMethods: 5629 registered, 5 unregistered
[162.000s][info][gc,metaspace] GC(86) Metaspace: 74M used, 78M capacity, 78M committed, 80M reserved
[162.000s][info][gc,ref      ] GC(86) Soft: 4930 encountered, 0 discovered, 0 enqueued
[162.000s][info][gc,ref      ] GC(86) Weak: 4981 encountered, 3978 discovered, 20 enqueued
[162.000s][info][gc,ref      ] GC(86) Final: 28 encountered, 0 discovered, 0 enqueued
[162.000s][info][gc,ref      ] GC(86) Phantom: 662 encountered, 658 discovered, 0 enqueued
[162.000s][info][gc,heap     ] GC(86)                Mark Start          Mark End        Relocate Start      Relocate End           High               Low         
[162.000s][info][gc,heap     ] GC(86)  Capacity:     1990M (100%)       1990M (100%)       1990M (100%)       1990M (100%)       1990M (100%)       1990M (100%)   
[162.000s][info][gc,heap     ] GC(86)   Reserve:       34M (2%)           34M (2%)           34M (2%)           34M (2%)           34M (2%)           34M (2%)     
[162.000s][info][gc,heap     ] GC(86)      Free:     1146M (58%)         920M (46%)         968M (49%)        1364M (69%)        1364M (69%)         920M (46%)    
[162.000s][info][gc,heap     ] GC(86)      Used:      810M (41%)        1036M (52%)         988M (50%)         592M (30%)        1036M (52%)         592M (30%)    
[162.000s][info][gc,heap     ] GC(86)      Live:         -               273M (14%)         273M (14%)         273M (14%)            -                  -          
[162.000s][info][gc,heap     ] GC(86) Allocated:         -               226M (11%)         228M (11%)         326M (16%)            -                  -          
[162.000s][info][gc,heap     ] GC(86)   Garbage:         -               536M (27%)         486M (24%)          72M (4%)             -                  -          
[162.000s][info][gc,heap     ] GC(86) Reclaimed:         -                  -                50M (3%)          464M (23%)            -                  -          
[162.000s][info][gc          ] GC(86) Garbage Collection (Allocation Rate) 810M(41%)->592M(30%)
[162.641s][info][gc,heap     ] Page Cache Flushed: 2M requested, 6M(1228M->1222M) flushed
[162.893s][info][gc,start    ] GC(87) Garbage Collection (Allocation Rate)
[162.900s][info][gc,phases   ] GC(87) Pause Mark Start 3.695ms
[163.291s][info][gc,heap     ] Page Cache Flushed: 6M requested, 6M(990M->984M) flushed
[163.762s][info][gc,phases   ] GC(87) Concurrent Mark 862.209ms
[163.766s][info][gc,phases   ] GC(87) Pause Mark End 0.951ms
[163.774s][info][gc,phases   ] GC(87) Concurrent Process Non-Strong References 8.400ms
[163.776s][info][gc,phases   ] GC(87) Concurrent Reset Relocation Set 2.228ms
[163.776s][info][gc,phases   ] GC(87) Concurrent Destroy Detached Pages 0.007ms
[163.781s][info][gc,phases   ] GC(87) Concurrent Select Relocation Set 4.211ms
[163.789s][info][gc,phases   ] GC(87) Concurrent Prepare Relocation Set 8.341ms
[163.795s][info][gc,phases   ] GC(87) Pause Relocate Start 3.130ms
[163.950s][info][gc,phases   ] GC(87) Concurrent Relocate 148.735ms
[163.950s][info][gc,load     ] GC(87) Load: 1.80/1.69/1.08
[163.950s][info][gc,mmu      ] GC(87) MMU: 2ms/0.0%, 5ms/0.0%, 10ms/32.0%, 20ms/66.0%, 50ms/79.4%, 100ms/89.7%
[163.950s][info][gc,marking  ] GC(87) Mark: 1 stripe(s), 2 proactive flush(es), 1 terminate flush(es), 0 completion(s), 0 continuation(s) 
[163.950s][info][gc,reloc    ] GC(87) Relocation: Successful, 59M relocated
[163.950s][info][gc,nmethod  ] GC(87) NMethods: 5636 registered, 5 unregistered
[163.950s][info][gc,metaspace] GC(87) Metaspace: 74M used, 78M capacity, 78M committed, 80M reserved
[163.950s][info][gc,ref      ] GC(87) Soft: 4930 encountered, 0 discovered, 0 enqueued
[163.950s][info][gc,ref      ] GC(87) Weak: 4929 encountered, 3926 discovered, 27 enqueued
[163.950s][info][gc,ref      ] GC(87) Final: 28 encountered, 0 discovered, 0 enqueued
[163.950s][info][gc,ref      ] GC(87) Phantom: 662 encountered, 658 discovered, 0 enqueued
[163.950s][info][gc,heap     ] GC(87)                Mark Start          Mark End        Relocate Start      Relocate End           High               Low         
[163.950s][info][gc,heap     ] GC(87)  Capacity:     1990M (100%)       1990M (100%)       1990M (100%)       1990M (100%)       1990M (100%)       1990M (100%)   
[163.950s][info][gc,heap     ] GC(87)   Reserve:       34M (2%)           34M (2%)           34M (2%)           34M (2%)           34M (2%)           34M (2%)     
[163.950s][info][gc,heap     ] GC(87)      Free:     1088M (55%)         876M (44%)        1288M (65%)        1416M (71%)        1420M (71%)         876M (44%)    
[163.950s][info][gc,heap     ] GC(87)      Used:      868M (44%)        1080M (54%)         668M (34%)         540M (27%)        1080M (54%)         536M (27%)    
[163.950s][info][gc,heap     ] GC(87)      Live:         -               253M (13%)         253M (13%)         253M (13%)            -                  -          
[163.950s][info][gc,heap     ] GC(87) Allocated:         -               212M (11%)         214M (11%)         278M (14%)            -                  -          
[163.950s][info][gc,heap     ] GC(87)   Garbage:         -               614M (31%)         200M (10%)          66M (3%)             -                  -          
[163.950s][info][gc,heap     ] GC(87) Reclaimed:         -                  -               414M (21%)         548M (28%)            -                  -          
[163.950s][info][gc          ] GC(87) Garbage Collection (Allocation Rate) 868M(44%)->540M(27%)
[164.393s][info][gc,start    ] GC(88) Garbage Collection (Allocation Rate)
[164.400s][info][gc,phases   ] GC(88) Pause Mark Start 3.692ms
[165.660s][info][gc,phases   ] GC(88) Concurrent Mark 1260.797ms
[165.664s][info][gc,phases   ] GC(88) Pause Mark End 0.418ms
[165.665s][info][gc,phases   ] GC(88) Concurrent Process Non-Strong References 1.477ms
[165.666s][info][gc,phases   ] GC(88) Concurrent Reset Relocation Set 0.576ms
[165.666s][info][gc,phases   ] GC(88) Concurrent Destroy Detached Pages 0.001ms
[165.667s][info][gc,phases   ] GC(88) Concurrent Select Relocation Set 1.523ms
[165.674s][info][gc,phases   ] GC(88) Concurrent Prepare Relocation Set 6.241ms
[165.679s][info][gc,phases   ] GC(88) Pause Relocate Start 3.106ms
[165.846s][info][gc,phases   ] GC(88) Concurrent Relocate 161.058ms
[165.846s][info][gc,load     ] GC(88) Load: 1.80/1.69/1.08
[165.846s][info][gc,mmu      ] GC(88) MMU: 2ms/0.0%, 5ms/0.0%, 10ms/32.0%, 20ms/66.0%, 50ms/79.4%, 100ms/89.7%
[165.846s][info][gc,marking  ] GC(88) Mark: 1 stripe(s), 2 proactive flush(es), 1 terminate flush(es), 0 completion(s), 0 continuation(s) 
[165.846s][info][gc,reloc    ] GC(88) Relocation: Successful, 51M relocated
[165.846s][info][gc,nmethod  ] GC(88) NMethods: 5640 registered, 5 unregistered
[165.846s][info][gc,metaspace] GC(88) Metaspace: 74M used, 78M capacity, 78M committed, 80M reserved
[165.846s][info][gc,ref      ] GC(88) Soft: 4930 encountered, 0 discovered, 0 enqueued
[165.846s][info][gc,ref      ] GC(88) Weak: 4902 encountered, 3920 discovered, 0 enqueued
[165.846s][info][gc,ref      ] GC(88) Final: 28 encountered, 0 discovered, 0 enqueued
[165.846s][info][gc,ref      ] GC(88) Phantom: 662 encountered, 658 discovered, 0 enqueued
[165.846s][info][gc,heap     ] GC(88)                Mark Start          Mark End        Relocate Start      Relocate End           High               Low         
[165.846s][info][gc,heap     ] GC(88)  Capacity:     1990M (100%)       1990M (100%)       1990M (100%)       1990M (100%)       1990M (100%)       1990M (100%)   
[165.846s][info][gc,heap     ] GC(88)   Reserve:       34M (2%)           34M (2%)           34M (2%)           34M (2%)           34M (2%)           34M (2%)     
[165.846s][info][gc,heap     ] GC(88)      Free:     1192M (60%)        1036M (52%)        1042M (52%)        1464M (74%)        1464M (74%)        1036M (52%)    
[165.846s][info][gc,heap     ] GC(88)      Used:      764M (38%)         920M (46%)         914M (46%)         492M (25%)         920M (46%)         492M (25%)    
[165.846s][info][gc,heap     ] GC(88)      Live:         -               295M (15%)         295M (15%)         295M (15%)            -                  -          
[165.846s][info][gc,heap     ] GC(88) Allocated:         -               156M (8%)          156M (8%)          184M (9%)             -                  -          
[165.846s][info][gc,heap     ] GC(88)   Garbage:         -               468M (24%)         462M (23%)          40M (2%)             -                  -          
[165.846s][info][gc,heap     ] GC(88) Reclaimed:         -                  -                 6M (0%)          428M (22%)            -                  -          
[165.846s][info][gc          ] GC(88) Garbage Collection (Allocation Rate) 764M(38%)->492M(25%)
[166.493s][info][gc,start    ] GC(89) Garbage Collection (Allocation Rate)
[166.500s][info][gc,phases   ] GC(89) Pause Mark Start 3.723ms
[167.378s][info][gc,phases   ] GC(89) Concurrent Mark 878.533ms
[167.381s][info][gc,phases   ] GC(89) Pause Mark End 0.420ms
[167.383s][info][gc,phases   ] GC(89) Concurrent Process Non-Strong References 1.459ms
[167.384s][info][gc,phases   ] GC(89) Concurrent Reset Relocation Set 0.623ms
[167.384s][info][gc,phases   ] GC(89) Concurrent Destroy Detached Pages 0.000ms
[167.385s][info][gc,phases   ] GC(89) Concurrent Select Relocation Set 1.575ms
[167.394s][info][gc,phases   ] GC(89) Concurrent Prepare Relocation Set 8.326ms
[167.399s][info][gc,phases   ] GC(89) Pause Relocate Start 3.098ms
[167.564s][info][gc,phases   ] GC(89) Concurrent Relocate 164.117ms
[167.564s][info][gc,load     ] GC(89) Load: 1.82/1.70/1.09
[167.564s][info][gc,mmu      ] GC(89) MMU: 2ms/0.0%, 5ms/0.0%, 10ms/32.0%, 20ms/66.0%, 50ms/79.4%, 100ms/89.7%
[167.564s][info][gc,marking  ] GC(89) Mark: 1 stripe(s), 2 proactive flush(es), 1 terminate flush(es), 0 completion(s), 0 continuation(s) 
[167.564s][info][gc,reloc    ] GC(89) Relocation: Successful, 62M relocated
[167.564s][info][gc,nmethod  ] GC(89) NMethods: 5647 registered, 5 unregistered
[167.564s][info][gc,metaspace] GC(89) Metaspace: 74M used, 78M capacity, 78M committed, 80M reserved
[167.564s][info][gc,ref      ] GC(89) Soft: 4930 encountered, 0 discovered, 0 enqueued
[167.564s][info][gc,ref      ] GC(89) Weak: 5106 encountered, 4103 discovered, 146 enqueued
[167.564s][info][gc,ref      ] GC(89) Final: 28 encountered, 0 discovered, 0 enqueued
[167.564s][info][gc,ref      ] GC(89) Phantom: 662 encountered, 658 discovered, 0 enqueued
[167.564s][info][gc,heap     ] GC(89)                Mark Start          Mark End        Relocate Start      Relocate End           High               Low         
[167.564s][info][gc,heap     ] GC(89)  Capacity:     1990M (100%)       1990M (100%)       1990M (100%)       1990M (100%)       1990M (100%)       1990M (100%)   
[167.564s][info][gc,heap     ] GC(89)   Reserve:       34M (2%)           34M (2%)           34M (2%)           34M (2%)           34M (2%)           34M (2%)     
[167.564s][info][gc,heap     ] GC(89)      Free:     1186M (60%)         974M (49%)        1252M (63%)        1410M (71%)        1414M (71%)         974M (49%)    
[167.564s][info][gc,heap     ] GC(89)      Used:      770M (39%)         982M (49%)         704M (35%)         546M (27%)         982M (49%)         542M (27%)    
[167.564s][info][gc,heap     ] GC(89)      Live:         -               256M (13%)         256M (13%)         256M (13%)            -                  -          
[167.564s][info][gc,heap     ] GC(89) Allocated:         -               212M (11%)         214M (11%)         282M (14%)            -                  -          
[167.564s][info][gc,heap     ] GC(89)   Garbage:         -               513M (26%)         233M (12%)          61M (3%)             -                  -          
[167.564s][info][gc,heap     ] GC(89) Reclaimed:         -                  -               280M (14%)         452M (23%)            -                  -          
[167.564s][info][gc          ] GC(89) Garbage Collection (Allocation Rate) 770M(39%)->546M(27%)
[168.094s][info][gc,start    ] GC(90) Garbage Collection (Allocation Rate)
[168.100s][info][gc,phases   ] GC(90) Pause Mark Start 3.633ms
[169.411s][info][gc,phases   ] GC(90) Concurrent Mark 1310.642ms
[169.414s][info][gc,phases   ] GC(90) Pause Mark End 0.412ms
[169.415s][info][gc,phases   ] GC(90) Concurrent Process Non-Strong References 1.457ms
[169.416s][info][gc,phases   ] GC(90) Concurrent Reset Relocation Set 0.667ms
[169.416s][info][gc,phases   ] GC(90) Concurrent Destroy Detached Pages 0.001ms
[169.418s][info][gc,phases   ] GC(90) Concurrent Select Relocation Set 1.770ms
[169.426s][info][gc,phases   ] GC(90) Concurrent Prepare Relocation Set 7.800ms
[169.432s][info][gc,phases   ] GC(90) Pause Relocate Start 3.096ms
[169.590s][info][gc,phases   ] GC(90) Concurrent Relocate 157.909ms
[169.590s][info][gc,load     ] GC(90) Load: 1.82/1.70/1.09
[169.590s][info][gc,mmu      ] GC(90) MMU: 2ms/0.0%, 5ms/0.0%, 10ms/32.0%, 20ms/66.0%, 50ms/79.4%, 100ms/89.7%
[169.590s][info][gc,marking  ] GC(90) Mark: 1 stripe(s), 2 proactive flush(es), 1 terminate flush(es), 0 completion(s), 0 continuation(s) 
[169.590s][info][gc,reloc    ] GC(90) Relocation: Successful, 51M relocated
[169.590s][info][gc,nmethod  ] GC(90) NMethods: 5647 registered, 5 unregistered
[169.590s][info][gc,metaspace] GC(90) Metaspace: 74M used, 78M capacity, 78M committed, 80M reserved
[169.590s][info][gc,ref      ] GC(90) Soft: 4930 encountered, 0 discovered, 0 enqueued
[169.590s][info][gc,ref      ] GC(90) Weak: 4960 encountered, 3957 discovered, 0 enqueued
[169.590s][info][gc,ref      ] GC(90) Final: 28 encountered, 0 discovered, 0 enqueued
[169.590s][info][gc,ref      ] GC(90) Phantom: 662 encountered, 658 discovered, 0 enqueued
[169.590s][info][gc,heap     ] GC(90)                Mark Start          Mark End        Relocate Start      Relocate End           High               Low         
[169.590s][info][gc,heap     ] GC(90)  Capacity:     1990M (100%)       1990M (100%)       1990M (100%)       1990M (100%)       1990M (100%)       1990M (100%)   
[169.590s][info][gc,heap     ] GC(90)   Reserve:       34M (2%)           34M (2%)           34M (2%)           34M (2%)           34M (2%)           34M (2%)     
[169.590s][info][gc,heap     ] GC(90)      Free:     1184M (59%)        1072M (54%)        1088M (55%)        1510M (76%)        1510M (76%)        1072M (54%)    
[169.590s][info][gc,heap     ] GC(90)      Used:      772M (39%)         884M (44%)         868M (44%)         446M (22%)         884M (44%)         446M (22%)    
[169.590s][info][gc,heap     ] GC(90)      Live:         -               287M (14%)         287M (14%)         287M (14%)            -                  -          
[169.590s][info][gc,heap     ] GC(90) Allocated:         -               112M (6%)          112M (6%)          144M (7%)             -                  -          
[169.590s][info][gc,heap     ] GC(90)   Garbage:         -               484M (24%)         468M (24%)          46M (2%)             -                  -          
[169.590s][info][gc,heap     ] GC(90) Reclaimed:         -                  -                16M (1%)          438M (22%)            -                  -          
[169.590s][info][gc          ] GC(90) Garbage Collection (Allocation Rate) 772M(39%)->446M(22%)
[170.093s][info][gc,stats    ] === Garbage Collection Statistics =======================================================================================================================
[170.093s][info][gc,stats    ]                                                              Last 10s              Last 10m              Last 10h                Total
[170.093s][info][gc,stats    ]                                                              Avg / Max             Avg / Max             Avg / Max             Avg / Max
[170.093s][info][gc,stats    ]   Collector: Garbage Collection Cycle                   1276.777 / 1496.129    989.985 / 1704.378    989.985 / 1704.378    989.985 / 1704.378    ms
[170.093s][info][gc,stats    ]  Contention: Mark Segment Reset Contention                     0 / 0                 0 / 0                 0 / 0                 0 / 0           ops/s
[170.093s][info][gc,stats    ]  Contention: Mark SeqNum Reset Contention                      0 / 0                 0 / 0                 0 / 0                 0 / 0           ops/s
[170.093s][info][gc,stats    ]  Contention: Relocation Contention                             0 / 2                 0 / 3                 0 / 3                 0 / 3           ops/s
[170.093s][info][gc,stats    ]    Critical: Allocation Stall                              0.000 / 0.000         0.000 / 0.000         0.000 / 0.000         0.000 / 0.000       ms
[170.093s][info][gc,stats    ]    Critical: Allocation Stall                                  0 / 0                 0 / 0                 0 / 0                 0 / 0           ops/s
[170.093s][info][gc,stats    ]    Critical: GC Locker Stall                               0.000 / 0.000         0.000 / 0.000         0.000 / 0.000         0.000 / 0.000       ms
[170.093s][info][gc,stats    ]    Critical: GC Locker Stall                                   0 / 0                 0 / 0                 0 / 0                 0 / 0           ops/s
[170.093s][info][gc,stats    ]      Memory: Allocation Rate                                 255 / 400             281 / 1282            281 / 1282            281 / 1282        MB/s
[170.093s][info][gc,stats    ]      Memory: Heap Used After Mark                            980 / 1080            945 / 1920            945 / 1920            945 / 1920        MB
[170.093s][info][gc,stats    ]      Memory: Heap Used After Relocation                      523 / 592             451 / 1124            451 / 1124            451 / 1124        MB
[170.093s][info][gc,stats    ]      Memory: Heap Used Before Mark                           796 / 868             771 / 1828            771 / 1828            771 / 1828        MB
[170.093s][info][gc,stats    ]      Memory: Heap Used Before Relocation                     828 / 988             662 / 1228            662 / 1228            662 / 1228        MB
[170.093s][info][gc,stats    ]      Memory: Out Of Memory                                     0 / 0                 0 / 0                 0 / 0                 0 / 0           ops/s
[170.093s][info][gc,stats    ]      Memory: Page Cache Flush                                  2 / 10                4 / 72                4 / 72                4 / 72          MB/s
[170.093s][info][gc,stats    ]      Memory: Page Cache Hit L1                               124 / 196             127 / 642             127 / 642             127 / 642         ops/s
[170.093s][info][gc,stats    ]      Memory: Page Cache Hit L2                                 0 / 0                 0 / 0                 0 / 0                 0 / 0           ops/s
[170.093s][info][gc,stats    ]      Memory: Page Cache Miss                                   0 / 1                 5 / 223               5 / 223               5 / 223         ops/s
[170.093s][info][gc,stats    ]      Memory: Undo Object Allocation Failed                     0 / 0                 0 / 0                 0 / 0                 0 / 0           ops/s
[170.093s][info][gc,stats    ]      Memory: Undo Object Allocation Succeeded                  0 / 2                 0 / 3                 0 / 3                 0 / 3           ops/s
[170.093s][info][gc,stats    ]      Memory: Undo Page Allocation                              0 / 0                 0 / 1                 0 / 1                 0 / 1           ops/s
[170.093s][info][gc,stats    ]       Phase: Concurrent Destroy Detached Pages             0.002 / 0.007         0.002 / 0.011         0.002 / 0.011         0.002 / 0.011       ms
[170.093s][info][gc,stats    ]       Phase: Concurrent Mark                            1064.537 / 1310.642    823.581 / 1560.269    823.581 / 1560.269    823.581 / 1560.269    ms
[170.093s][info][gc,stats    ]       Phase: Concurrent Mark Continue                      0.000 / 0.000         0.000 / 0.000         0.000 / 0.000         0.000 / 0.000       ms
[170.093s][info][gc,stats    ]       Phase: Concurrent Prepare Relocation Set             8.394 / 11.264        7.921 / 64.267        7.921 / 64.267        7.921 / 64.267      ms
[170.093s][info][gc,stats    ]       Phase: Concurrent Process Non-Strong References      2.856 / 8.400         1.931 / 8.400         1.931 / 8.400         1.931 / 8.400       ms
[170.093s][info][gc,stats    ]       Phase: Concurrent Relocate                         178.331 / 259.836     137.969 / 393.686     137.969 / 393.686     137.969 / 393.686     ms
[170.093s][info][gc,stats    ]       Phase: Concurrent Reset Relocation Set               0.819 / 2.228         0.463 / 2.228         0.463 / 2.228         0.463 / 2.228       ms
[170.093s][info][gc,stats    ]       Phase: Concurrent Select Relocation Set              2.263 / 4.211         2.041 / 8.406         2.041 / 8.406         2.041 / 8.406       ms
[170.093s][info][gc,stats    ]       Phase: Pause Mark End                                0.523 / 0.951         0.375 / 1.103         0.375 / 1.103         0.375 / 1.103       ms
[170.093s][info][gc,stats    ]       Phase: Pause Mark Start                              3.704 / 3.776         3.134 / 6.797         3.134 / 6.797         3.134 / 6.797       ms
[170.093s][info][gc,stats    ]       Phase: Pause Relocate Start                          3.111 / 3.130         2.747 / 5.766         2.747 / 5.766         2.747 / 5.766       ms
[170.093s][info][gc,stats    ]    Subphase: Concurrent Mark                            1060.376 / 1306.418    820.843 / 1560.247    820.843 / 1560.247    820.843 / 1560.247    ms
[170.093s][info][gc,stats    ]    Subphase: Concurrent Mark Idle                          0.000 / 0.000         0.000 / 0.000         0.000 / 0.000         0.000 / 0.000       ms
[170.093s][info][gc,stats    ]    Subphase: Concurrent Mark Try Flush                     1.527 / 5.839         1.419 / 13.453        1.419 / 13.453        1.419 / 13.453      ms
[170.093s][info][gc,stats    ]    Subphase: Concurrent Mark Try Terminate                 0.489 / 0.998         0.453 / 2.462         0.453 / 2.462         0.453 / 2.462       ms
[170.093s][info][gc,stats    ]    Subphase: Concurrent References Enqueue                 0.002 / 0.007         0.002 / 0.007         0.002 / 0.007         0.002 / 0.007       ms
[170.093s][info][gc,stats    ]    Subphase: Concurrent References Process                 0.758 / 1.000         0.880 / 5.130         0.880 / 5.130         0.880 / 5.130       ms
[170.093s][info][gc,stats    ]    Subphase: Concurrent Weak Roots                         0.954 / 1.711         0.860 / 3.282         0.860 / 3.282         0.860 / 3.282       ms
[170.093s][info][gc,stats    ]    Subphase: Concurrent Weak Roots JNIWeakHandles          0.000 / 0.001         0.000 / 0.001         0.000 / 0.001         0.000 / 0.001       ms
[170.093s][info][gc,stats    ]    Subphase: Concurrent Weak Roots StringTable             0.711 / 1.243         0.647 / 2.798         0.647 / 2.798         0.647 / 2.798       ms
[170.093s][info][gc,stats    ]    Subphase: Concurrent Weak Roots VMWeakHandles           0.242 / 0.462         0.212 / 0.492         0.212 / 0.492         0.212 / 0.492       ms
[170.093s][info][gc,stats    ]    Subphase: Pause Mark Try Complete                       0.000 / 0.000         0.002 / 0.002         0.002 / 0.002         0.002 / 0.002       ms
[170.093s][info][gc,stats    ]    Subphase: Pause Remap TLABS                             0.002 / 0.003         0.002 / 0.007         0.002 / 0.007         0.002 / 0.007       ms
[170.093s][info][gc,stats    ]    Subphase: Pause Retire TLABS                            0.027 / 0.031         0.022 / 0.074         0.022 / 0.074         0.022 / 0.074       ms
[170.093s][info][gc,stats    ]    Subphase: Pause Roots                                   2.220 / 3.429         1.874 / 6.471         1.874 / 6.471         1.874 / 6.471       ms
[170.093s][info][gc,stats    ]    Subphase: Pause Roots ClassLoaderDataGraph              0.657 / 0.809         0.672 / 3.608         0.672 / 3.608         0.672 / 3.608       ms
[170.093s][info][gc,stats    ]    Subphase: Pause Roots CodeCache                         1.966 / 2.141         1.535 / 3.073         1.535 / 3.073         1.535 / 3.073       ms
[170.093s][info][gc,stats    ]    Subphase: Pause Roots JNIHandles                        0.001 / 0.001         0.001 / 0.006         0.001 / 0.006         0.001 / 0.006       ms
[170.093s][info][gc,stats    ]    Subphase: Pause Roots JNIWeakHandles                    0.000 / 0.000         0.000 / 0.000         0.000 / 0.000         0.000 / 0.000       ms
[170.093s][info][gc,stats    ]    Subphase: Pause Roots JRFWeak                           0.000 / 0.000         0.000 / 0.000         0.000 / 0.000         0.000 / 0.000       ms
[170.093s][info][gc,stats    ]    Subphase: Pause Roots JVMTIExport                       0.000 / 0.000         0.000 / 0.001         0.000 / 0.001         0.000 / 0.001       ms
[170.093s][info][gc,stats    ]    Subphase: Pause Roots JVMTIWeakExport                   0.001 / 0.001         0.001 / 0.001         0.001 / 0.001         0.001 / 0.001       ms
[170.093s][info][gc,stats    ]    Subphase: Pause Roots Management                        0.001 / 0.001         0.003 / 0.337         0.003 / 0.337         0.003 / 0.337       ms
[170.093s][info][gc,stats    ]    Subphase: Pause Roots ObjectSynchronizer                0.000 / 0.000         0.000 / 0.001         0.000 / 0.001         0.000 / 0.001       ms
[170.093s][info][gc,stats    ]    Subphase: Pause Roots Setup                             0.183 / 0.292         0.173 / 0.423         0.173 / 0.423         0.173 / 0.423       ms
[170.093s][info][gc,stats    ]    Subphase: Pause Roots StringTable                       0.000 / 0.000         0.000 / 0.000         0.000 / 0.000         0.000 / 0.000       ms
[170.093s][info][gc,stats    ]    Subphase: Pause Roots SystemDictionary                  0.016 / 0.041         0.013 / 0.041         0.013 / 0.041         0.013 / 0.041       ms
[170.093s][info][gc,stats    ]    Subphase: Pause Roots Teardown                          0.001 / 0.001         0.001 / 0.002         0.001 / 0.002         0.001 / 0.002       ms
[170.093s][info][gc,stats    ]    Subphase: Pause Roots Threads                           0.455 / 0.891         0.387 / 1.214         0.387 / 1.214         0.387 / 1.214       ms
[170.093s][info][gc,stats    ]    Subphase: Pause Roots Universe                          0.002 / 0.003         0.002 / 0.020         0.002 / 0.020         0.002 / 0.020       ms
[170.093s][info][gc,stats    ]    Subphase: Pause Roots VMWeakHandles                     0.000 / 0.000         0.000 / 0.000         0.000 / 0.000         0.000 / 0.000       ms
[170.093s][info][gc,stats    ]    Subphase: Pause Weak Roots                              0.002 / 0.003         0.002 / 0.005         0.002 / 0.005         0.002 / 0.005       ms
[170.093s][info][gc,stats    ]    Subphase: Pause Weak Roots JFRWeak                      0.001 / 0.001         0.001 / 0.001         0.001 / 0.001         0.001 / 0.001       ms
[170.093s][info][gc,stats    ]    Subphase: Pause Weak Roots JNIWeakHandles               0.000 / 0.000         0.000 / 0.000         0.000 / 0.000         0.000 / 0.000       ms
[170.093s][info][gc,stats    ]    Subphase: Pause Weak Roots JVMTIWeakExport              0.001 / 0.001         0.001 / 0.005         0.001 / 0.005         0.001 / 0.005       ms
[170.093s][info][gc,stats    ]    Subphase: Pause Weak Roots Setup                        0.000 / 0.000         0.000 / 0.000         0.000 / 0.000         0.000 / 0.000       ms
[170.093s][info][gc,stats    ]    Subphase: Pause Weak Roots StringTable                  0.000 / 0.000         0.000 / 0.000         0.000 / 0.000         0.000 / 0.000       ms
[170.093s][info][gc,stats    ]    Subphase: Pause Weak Roots SymbolTable                  0.000 / 0.000         0.000 / 0.000         0.000 / 0.000         0.000 / 0.000       ms
[170.093s][info][gc,stats    ]    Subphase: Pause Weak Roots Teardown                     0.001 / 0.001         0.000 / 0.001         0.000 / 0.001         0.000 / 0.001       ms
[170.093s][info][gc,stats    ]    Subphase: Pause Weak Roots VMWeakHandles                0.000 / 0.000         0.000 / 0.000         0.000 / 0.000         0.000 / 0.000       ms
[170.093s][info][gc,stats    ]      System: Java Threads                                    167 / 168             120 / 168             120 / 168             120 / 168         threads
[170.093s][info][gc,stats    ] =========================================================================================================================================================
[170.293s][info][gc,start    ] GC(91) Garbage Collection (Allocation Rate)
[170.301s][info][gc,phases   ] GC(91) Pause Mark Start 5.337ms
[171.094s][info][gc,phases   ] GC(91) Concurrent Mark 793.083ms
[171.098s][info][gc,phases   ] GC(91) Pause Mark End 0.406ms
[171.099s][info][gc,phases   ] GC(91) Concurrent Process Non-Strong References 1.475ms
[171.101s][info][gc,phases   ] GC(91) Concurrent Reset Relocation Set 0.551ms
[171.101s][info][gc,phases   ] GC(91) Concurrent Destroy Detached Pages 0.000ms
[171.103s][info][gc,phases   ] GC(91) Concurrent Select Relocation Set 1.531ms
[171.106s][info][gc,phases   ] GC(91) Concurrent Prepare Relocation Set 3.066ms
[171.111s][info][gc,phases   ] GC(91) Pause Relocate Start 3.144ms
[171.236s][info][gc,phases   ] GC(91) Concurrent Relocate 118.729ms
[171.236s][info][gc,load     ] GC(91) Load: 1.82/1.70/1.09
[171.236s][info][gc,mmu      ] GC(91) MMU: 2ms/0.0%, 5ms/0.0%, 10ms/32.0%, 20ms/66.0%, 50ms/79.4%, 100ms/89.7%
[171.236s][info][gc,marking  ] GC(91) Mark: 1 stripe(s), 2 proactive flush(es), 1 terminate flush(es), 0 completion(s), 0 continuation(s) 
[171.236s][info][gc,reloc    ] GC(91) Relocation: Successful, 53M relocated
[171.236s][info][gc,nmethod  ] GC(91) NMethods: 5666 registered, 5 unregistered
[171.236s][info][gc,metaspace] GC(91) Metaspace: 74M used, 78M capacity, 78M committed, 80M reserved
[171.236s][info][gc,ref      ] GC(91) Soft: 4931 encountered, 0 discovered, 0 enqueued
[171.236s][info][gc,ref      ] GC(91) Weak: 5161 encountered, 4110 discovered, 82 enqueued
[171.236s][info][gc,ref      ] GC(91) Final: 28 encountered, 0 discovered, 0 enqueued
[171.236s][info][gc,ref      ] GC(91) Phantom: 662 encountered, 658 discovered, 0 enqueued
[171.236s][info][gc,heap     ] GC(91)                Mark Start          Mark End        Relocate Start      Relocate End           High               Low         
[171.236s][info][gc,heap     ] GC(91)  Capacity:     1990M (100%)       1990M (100%)       1990M (100%)       1990M (100%)       1990M (100%)       1990M (100%)   
[171.236s][info][gc,heap     ] GC(91)   Reserve:       34M (2%)           34M (2%)           34M (2%)           34M (2%)           34M (2%)           34M (2%)     
[171.236s][info][gc,heap     ] GC(91)      Free:     1254M (63%)        1018M (51%)        1248M (63%)        1442M (72%)        1442M (72%)        1018M (51%)    
[171.236s][info][gc,heap     ] GC(91)      Used:      702M (35%)         938M (47%)         708M (36%)         514M (26%)         938M (47%)         514M (26%)    
[171.236s][info][gc,heap     ] GC(91)      Live:         -               242M (12%)         242M (12%)         242M (12%)            -                  -          
[171.236s][info][gc,heap     ] GC(91) Allocated:         -               236M (12%)         236M (12%)         294M (15%)            -                  -          
[171.236s][info][gc,heap     ] GC(91)   Garbage:         -               459M (23%)         229M (12%)          25M (1%)             -                  -          
[171.236s][info][gc,heap     ] GC(91) Reclaimed:         -                  -               230M (12%)         434M (22%)            -                  -          
[171.236s][info][gc          ] GC(91) Garbage Collection (Allocation Rate) 702M(35%)->514M(26%)
[171.693s][info][gc,start    ] GC(92) Garbage Collection (Allocation Rate)
[171.700s][info][gc,phases   ] GC(92) Pause Mark Start 3.703ms
[172.745s][info][gc,phases   ] GC(92) Concurrent Mark 1044.905ms
[172.748s][info][gc,phases   ] GC(92) Pause Mark End 0.421ms
[172.750s][info][gc,phases   ] GC(92) Concurrent Process Non-Strong References 1.502ms
[172.750s][info][gc,phases   ] GC(92) Concurrent Reset Relocation Set 0.023ms
[172.750s][info][gc,phases   ] GC(92) Concurrent Destroy Detached Pages 0.000ms
[172.751s][info][gc,phases   ] GC(92) Concurrent Select Relocation Set 1.518ms
[172.759s][info][gc,phases   ] GC(92) Concurrent Prepare Relocation Set 7.863ms
[172.766s][info][gc,phases   ] GC(92) Pause Relocate Start 3.532ms
[172.961s][info][gc,phases   ] GC(92) Concurrent Relocate 194.171ms
[172.961s][info][gc,load     ] GC(92) Load: 1.83/1.70/1.09
[172.961s][info][gc,mmu      ] GC(92) MMU: 2ms/0.0%, 5ms/0.0%, 10ms/32.0%, 20ms/66.0%, 50ms/79.4%, 100ms/89.7%
[172.961s][info][gc,marking  ] GC(92) Mark: 1 stripe(s), 2 proactive flush(es), 1 terminate flush(es), 0 completion(s), 0 continuation(s) 
[172.961s][info][gc,reloc    ] GC(92) Relocation: Successful, 51M relocated
[172.961s][info][gc,nmethod  ] GC(92) NMethods: 5668 registered, 5 unregistered
[172.961s][info][gc,metaspace] GC(92) Metaspace: 74M used, 78M capacity, 78M committed, 80M reserved
[172.961s][info][gc,ref      ] GC(92) Soft: 4931 encountered, 0 discovered, 0 enqueued
[172.961s][info][gc,ref      ] GC(92) Weak: 5088 encountered, 4039 discovered, 78 enqueued
[172.961s][info][gc,ref      ] GC(92) Final: 28 encountered, 0 discovered, 0 enqueued
[172.961s][info][gc,ref      ] GC(92) Phantom: 662 encountered, 658 discovered, 0 enqueued
[172.961s][info][gc,heap     ] GC(92)                Mark Start          Mark End        Relocate Start      Relocate End           High               Low         
[172.961s][info][gc,heap     ] GC(92)  Capacity:     1990M (100%)       1990M (100%)       1990M (100%)       1990M (100%)       1990M (100%)       1990M (100%)   
[172.961s][info][gc,heap     ] GC(92)   Reserve:       34M (2%)           34M (2%)           34M (2%)           34M (2%)           34M (2%)           34M (2%)     
[172.961s][info][gc,heap     ] GC(92)      Free:     1228M (62%)        1044M (52%)        1050M (53%)        1458M (73%)        1458M (73%)        1044M (52%)    
[172.961s][info][gc,heap     ] GC(92)      Used:      728M (37%)         912M (46%)         906M (46%)         498M (25%)         912M (46%)         498M (25%)    
[172.961s][info][gc,heap     ] GC(92)      Live:         -               275M (14%)         275M (14%)         275M (14%)            -                  -          
[172.961s][info][gc,heap     ] GC(92) Allocated:         -               184M (9%)          184M (9%)          214M (11%)            -                  -          
[172.961s][info][gc,heap     ] GC(92)   Garbage:         -               452M (23%)         446M (22%)          38M (2%)             -                  -          
[172.961s][info][gc,heap     ] GC(92) Reclaimed:         -                  -                 6M (0%)          414M (21%)            -                  -          
[172.961s][info][gc          ] GC(92) Garbage Collection (Allocation Rate) 728M(37%)->498M(25%)
[173.893s][info][gc,start    ] GC(93) Garbage Collection (Allocation Rate)
[173.900s][info][gc,phases   ] GC(93) Pause Mark Start 3.741ms
[174.318s][info][gc,heap     ] Page Cache Flushed: 10M requested, 12M(1048M->1036M) flushed
[174.738s][info][gc,phases   ] GC(93) Concurrent Mark 838.536ms
[174.741s][info][gc,phases   ] GC(93) Pause Mark End 0.417ms
[174.743s][info][gc,phases   ] GC(93) Concurrent Process Non-Strong References 1.459ms
[174.744s][info][gc,phases   ] GC(93) Concurrent Reset Relocation Set 0.686ms
[174.744s][info][gc,phases   ] GC(93) Concurrent Destroy Detached Pages 0.003ms
[174.745s][info][gc,phases   ] GC(93) Concurrent Select Relocation Set 1.603ms
[174.753s][info][gc,phases   ] GC(93) Concurrent Prepare Relocation Set 7.797ms
[174.762s][info][gc,phases   ] GC(93) Pause Relocate Start 4.799ms
[174.974s][info][gc,phases   ] GC(93) Concurrent Relocate 209.259ms
[174.974s][info][gc,load     ] GC(93) Load: 1.83/1.70/1.09
[174.974s][info][gc,mmu      ] GC(93) MMU: 2ms/0.0%, 5ms/0.0%, 10ms/32.0%, 20ms/66.0%, 50ms/79.4%, 100ms/89.7%
[174.974s][info][gc,marking  ] GC(93) Mark: 1 stripe(s), 2 proactive flush(es), 1 terminate flush(es), 0 completion(s), 0 continuation(s) 
[174.974s][info][gc,reloc    ] GC(93) Relocation: Successful, 58M relocated
[174.974s][info][gc,nmethod  ] GC(93) NMethods: 5674 registered, 5 unregistered
[174.974s][info][gc,metaspace] GC(93) Metaspace: 74M used, 78M capacity, 78M committed, 80M reserved
[174.974s][info][gc,ref      ] GC(93) Soft: 4931 encountered, 0 discovered, 0 enqueued
[174.974s][info][gc,ref      ] GC(93) Weak: 4974 encountered, 3926 discovered, 25 enqueued
[174.974s][info][gc,ref      ] GC(93) Final: 28 encountered, 0 discovered, 0 enqueued
[174.974s][info][gc,ref      ] GC(93) Phantom: 662 encountered, 658 discovered, 0 enqueued
[174.974s][info][gc,heap     ] GC(93)                Mark Start          Mark End        Relocate Start      Relocate End           High               Low         
[174.974s][info][gc,heap     ] GC(93)  Capacity:     1990M (100%)       1990M (100%)       1990M (100%)       1990M (100%)       1990M (100%)       1990M (100%)   
[174.974s][info][gc,heap     ] GC(93)   Reserve:       34M (2%)           34M (2%)           34M (2%)           34M (2%)           34M (2%)           34M (2%)     
[174.974s][info][gc,heap     ] GC(93)      Free:     1144M (57%)         940M (47%)        1248M (63%)        1426M (72%)        1428M (72%)         940M (47%)    
[174.974s][info][gc,heap     ] GC(93)      Used:      812M (41%)        1016M (51%)         708M (36%)         530M (27%)        1016M (51%)         528M (27%)    
[174.974s][info][gc,heap     ] GC(93)      Live:         -               253M (13%)         253M (13%)         253M (13%)            -                  -          
[174.974s][info][gc,heap     ] GC(93) Allocated:         -               204M (10%)         206M (10%)         266M (13%)            -                  -          
[174.974s][info][gc,heap     ] GC(93)   Garbage:         -               558M (28%)         248M (13%)          56M (3%)             -                  -          
[174.974s][info][gc,heap     ] GC(93) Reclaimed:         -                  -               310M (16%)         502M (25%)            -                  -          
[174.974s][info][gc          ] GC(93) Garbage Collection (Allocation Rate) 812M(41%)->530M(27%)
[175.593s][info][gc,start    ] GC(94) Garbage Collection (Allocation Rate)
[175.599s][info][gc,phases   ] GC(94) Pause Mark Start 3.712ms
[176.824s][info][gc,phases   ] GC(94) Concurrent Mark 1224.546ms
[176.827s][info][gc,phases   ] GC(94) Pause Mark End 0.424ms
[176.829s][info][gc,phases   ] GC(94) Concurrent Process Non-Strong References 1.478ms
[176.829s][info][gc,phases   ] GC(94) Concurrent Reset Relocation Set 0.560ms
[176.829s][info][gc,phases   ] GC(94) Concurrent Destroy Detached Pages 0.000ms
[176.831s][info][gc,phases   ] GC(94) Concurrent Select Relocation Set 1.524ms
[176.839s][info][gc,phases   ] GC(94) Concurrent Prepare Relocation Set 8.475ms
[176.845s][info][gc,phases   ] GC(94) Pause Relocate Start 3.152ms
[177.039s][info][gc,phases   ] GC(94) Concurrent Relocate 193.039ms
[177.039s][info][gc,load     ] GC(94) Load: 1.83/1.70/1.09
[177.039s][info][gc,mmu      ] GC(94) MMU: 2ms/0.0%, 5ms/0.0%, 10ms/32.0%, 20ms/66.0%, 50ms/79.4%, 100ms/89.7%
[177.039s][info][gc,marking  ] GC(94) Mark: 1 stripe(s), 2 proactive flush(es), 1 terminate flush(es), 0 completion(s), 0 continuation(s) 
[177.039s][info][gc,reloc    ] GC(94) Relocation: Successful, 54M relocated
[177.039s][info][gc,nmethod  ] GC(94) NMethods: 5691 registered, 5 unregistered
[177.039s][info][gc,metaspace] GC(94) Metaspace: 74M used, 78M capacity, 78M committed, 80M reserved
[177.039s][info][gc,ref      ] GC(94) Soft: 4931 encountered, 0 discovered, 0 enqueued
[177.039s][info][gc,ref      ] GC(94) Weak: 4950 encountered, 3900 discovered, 1 enqueued
[177.039s][info][gc,ref      ] GC(94) Final: 28 encountered, 0 discovered, 0 enqueued
[177.039s][info][gc,ref      ] GC(94) Phantom: 662 encountered, 658 discovered, 0 enqueued
[177.039s][info][gc,heap     ] GC(94)                Mark Start          Mark End        Relocate Start      Relocate End           High               Low         
[177.039s][info][gc,heap     ] GC(94)  Capacity:     1990M (100%)       1990M (100%)       1990M (100%)       1990M (100%)       1990M (100%)       1990M (100%)   
[177.039s][info][gc,heap     ] GC(94)   Reserve:       34M (2%)           34M (2%)           34M (2%)           34M (2%)           34M (2%)           34M (2%)     
[177.039s][info][gc,heap     ] GC(94)      Free:     1144M (57%)        1068M (54%)        1080M (54%)        1518M (76%)        1520M (76%)        1068M (54%)    
[177.039s][info][gc,heap     ] GC(94)      Used:      812M (41%)         888M (45%)         876M (44%)         438M (22%)         888M (45%)         436M (22%)    
[177.039s][info][gc,heap     ] GC(94)      Live:         -               287M (14%)         287M (14%)         287M (14%)            -                  -          
[177.039s][info][gc,heap     ] GC(94) Allocated:         -                76M (4%)           80M (4%)          140M (7%)             -                  -          
[177.039s][info][gc,heap     ] GC(94)   Garbage:         -               524M (26%)         508M (26%)          40M (2%)             -                  -          
[177.039s][info][gc,heap     ] GC(94) Reclaimed:         -                  -                16M (1%)          484M (24%)            -                  -          
[177.039s][info][gc          ] GC(94) Garbage Collection (Allocation Rate) 812M(41%)->438M(22%)
[177.493s][info][gc,start    ] GC(95) Garbage Collection (Allocation Rate)
[177.500s][info][gc,phases   ] GC(95) Pause Mark Start 3.773ms
[178.286s][info][gc,phases   ] GC(95) Concurrent Mark 785.817ms
[178.290s][info][gc,phases   ] GC(95) Pause Mark End 0.392ms
[178.291s][info][gc,phases   ] GC(95) Concurrent Process Non-Strong References 1.485ms
[178.292s][info][gc,phases   ] GC(95) Concurrent Reset Relocation Set 0.862ms
[178.292s][info][gc,phases   ] GC(95) Concurrent Destroy Detached Pages 0.001ms
[178.294s][info][gc,phases   ] GC(95) Concurrent Select Relocation Set 1.669ms
[178.302s][info][gc,phases   ] GC(95) Concurrent Prepare Relocation Set 7.825ms
[178.308s][info][gc,phases   ] GC(95) Pause Relocate Start 3.185ms
[178.441s][info][gc,phases   ] GC(95) Concurrent Relocate 132.734ms
[178.441s][info][gc,load     ] GC(95) Load: 1.77/1.69/1.09
[178.441s][info][gc,mmu      ] GC(95) MMU: 2ms/0.0%, 5ms/0.0%, 10ms/32.0%, 20ms/66.0%, 50ms/79.4%, 100ms/89.7%
[178.441s][info][gc,marking  ] GC(95) Mark: 1 stripe(s), 2 proactive flush(es), 1 terminate flush(es), 0 completion(s), 0 continuation(s) 
[178.441s][info][gc,reloc    ] GC(95) Relocation: Successful, 60M relocated
[178.441s][info][gc,nmethod  ] GC(95) NMethods: 5692 registered, 5 unregistered
[178.441s][info][gc,metaspace] GC(95) Metaspace: 74M used, 78M capacity, 78M committed, 80M reserved
[178.441s][info][gc,ref      ] GC(95) Soft: 4931 encountered, 0 discovered, 0 enqueued
[178.441s][info][gc,ref      ] GC(95) Weak: 5157 encountered, 4109 discovered, 104 enqueued
[178.441s][info][gc,ref      ] GC(95) Final: 28 encountered, 0 discovered, 0 enqueued
[178.441s][info][gc,ref      ] GC(95) Phantom: 662 encountered, 658 discovered, 0 enqueued
[178.441s][info][gc,heap     ] GC(95)                Mark Start          Mark End        Relocate Start      Relocate End           High               Low         
[178.441s][info][gc,heap     ] GC(95)  Capacity:     1990M (100%)       1990M (100%)       1990M (100%)       1990M (100%)       1990M (100%)       1990M (100%)   
[178.441s][info][gc,heap     ] GC(95)   Reserve:       34M (2%)           34M (2%)           34M (2%)           34M (2%)           34M (2%)           34M (2%)     
[178.441s][info][gc,heap     ] GC(95)      Free:     1278M (64%)        1074M (54%)        1230M (62%)        1436M (72%)        1438M (72%)        1074M (54%)    
[178.441s][info][gc,heap     ] GC(95)      Used:      678M (34%)         882M (44%)         726M (36%)         520M (26%)         882M (44%)         518M (26%)    
[178.441s][info][gc,heap     ] GC(95)      Live:         -               248M (12%)         248M (12%)         248M (12%)            -                  -          
[178.441s][info][gc,heap     ] GC(95) Allocated:         -               204M (10%)         206M (10%)         292M (15%)            -                  -          
[178.441s][info][gc,heap     ] GC(95)   Garbage:         -               429M (22%)         271M (14%)          65M (3%)             -                  -          
[178.441s][info][gc,heap     ] GC(95) Reclaimed:         -                  -               158M (8%)          364M (18%)            -                  -          
[178.441s][info][gc          ] GC(95) Garbage Collection (Allocation Rate) 678M(34%)->520M(26%)
[178.993s][info][gc,start    ] GC(96) Garbage Collection (Allocation Rate)
[179.000s][info][gc,phases   ] GC(96) Pause Mark Start 3.699ms
[180.093s][info][gc,stats    ] === Garbage Collection Statistics =======================================================================================================================
[180.093s][info][gc,stats    ]                                                              Last 10s              Last 10m              Last 10h                Total
[180.093s][info][gc,stats    ]                                                              Avg / Max             Avg / Max             Avg / Max             Avg / Max
[180.093s][info][gc,stats    ]   Collector: Garbage Collection Cycle                   1136.924 / 1445.775    997.638 / 1704.378    997.638 / 1704.378    997.638 / 1704.378    ms
[180.093s][info][gc,stats    ]  Contention: Mark Segment Reset Contention                     0 / 0                 0 / 0                 0 / 0                 0 / 0           ops/s
[180.093s][info][gc,stats    ]  Contention: Mark SeqNum Reset Contention                      0 / 0                 0 / 0                 0 / 0                 0 / 0           ops/s
[180.093s][info][gc,stats    ]  Contention: Relocation Contention                             0 / 2                 0 / 3                 0 / 3                 0 / 3           ops/s
[180.093s][info][gc,stats    ]    Critical: Allocation Stall                              0.000 / 0.000         0.000 / 0.000         0.000 / 0.000         0.000 / 0.000       ms
[180.093s][info][gc,stats    ]    Critical: Allocation Stall                                  0 / 0                 0 / 0                 0 / 0                 0 / 0           ops/s
[180.093s][info][gc,stats    ]    Critical: GC Locker Stall                               0.000 / 0.000         0.000 / 0.000         0.000 / 0.000         0.000 / 0.000       ms
[180.093s][info][gc,stats    ]    Critical: GC Locker Stall                                   0 / 0                 0 / 0                 0 / 0                 0 / 0           ops/s
[180.093s][info][gc,stats    ]      Memory: Allocation Rate                                 250 / 372             279 / 1282            279 / 1282            279 / 1282        MB/s
[180.093s][info][gc,stats    ]      Memory: Heap Used After Mark                            927 / 1016            944 / 1920            944 / 1920            944 / 1920        MB
[180.093s][info][gc,stats    ]      Memory: Heap Used After Relocation                      500 / 530             454 / 1124            454 / 1124            454 / 1124        MB
[180.093s][info][gc,stats    ]      Memory: Heap Used Before Mark                           747 / 812             769 / 1828            769 / 1828            769 / 1828        MB
[180.093s][info][gc,stats    ]      Memory: Heap Used Before Relocation                     784 / 906             669 / 1228            669 / 1228            669 / 1228        MB
[180.093s][info][gc,stats    ]      Memory: Out Of Memory                                     0 / 0                 0 / 0                 0 / 0                 0 / 0           ops/s
[180.093s][info][gc,stats    ]      Memory: Page Cache Flush                                  1 / 12                4 / 72                4 / 72                4 / 72          MB/s
[180.093s][info][gc,stats    ]      Memory: Page Cache Hit L1                               119 / 174             127 / 642             127 / 642             127 / 642         ops/s
[180.093s][info][gc,stats    ]      Memory: Page Cache Hit L2                                 0 / 0                 0 / 0                 0 / 0                 0 / 0           ops/s
[180.093s][info][gc,stats    ]      Memory: Page Cache Miss                                   0 / 1                 5 / 223               5 / 223               5 / 223         ops/s
[180.093s][info][gc,stats    ]      Memory: Undo Object Allocation Failed                     0 / 0                 0 / 0                 0 / 0                 0 / 0           ops/s
[180.093s][info][gc,stats    ]      Memory: Undo Object Allocation Succeeded                  0 / 2                 0 / 3                 0 / 3                 0 / 3           ops/s
[180.093s][info][gc,stats    ]      Memory: Undo Page Allocation                              0 / 0                 0 / 1                 0 / 1                 0 / 1           ops/s
[180.093s][info][gc,stats    ]       Phase: Concurrent Destroy Detached Pages             0.001 / 0.003         0.002 / 0.011         0.002 / 0.011         0.002 / 0.011       ms
[180.093s][info][gc,stats    ]       Phase: Concurrent Mark                             937.378 / 1224.546    829.508 / 1560.269    829.508 / 1560.269    829.508 / 1560.269    ms
[180.093s][info][gc,stats    ]       Phase: Concurrent Mark Continue                      0.000 / 0.000         0.000 / 0.000         0.000 / 0.000         0.000 / 0.000       ms
[180.093s][info][gc,stats    ]       Phase: Concurrent Prepare Relocation Set             7.005 / 8.475         7.873 / 64.267        7.873 / 64.267        7.873 / 64.267      ms
[180.093s][info][gc,stats    ]       Phase: Concurrent Process Non-Strong References      1.480 / 1.502         1.907 / 8.400         1.907 / 8.400         1.907 / 8.400       ms
[180.093s][info][gc,stats    ]       Phase: Concurrent Relocate                         169.586 / 209.259     139.615 / 393.686     139.615 / 393.686     139.615 / 393.686     ms
[180.093s][info][gc,stats    ]       Phase: Concurrent Reset Relocation Set               0.536 / 0.862         0.467 / 2.228         0.467 / 2.228         0.467 / 2.228       ms
[180.093s][info][gc,stats    ]       Phase: Concurrent Select Relocation Set              1.569 / 1.669         2.016 / 8.406         2.016 / 8.406         2.016 / 8.406       ms
[180.093s][info][gc,stats    ]       Phase: Pause Mark End                                0.412 / 0.424         0.377 / 1.103         0.377 / 1.103         0.377 / 1.103       ms
[180.093s][info][gc,stats    ]       Phase: Pause Mark Start                              3.994 / 5.337         3.188 / 6.797         3.188 / 6.797         3.188 / 6.797       ms
[180.093s][info][gc,stats    ]       Phase: Pause Relocate Start                          3.562 / 4.799         2.789 / 5.766         2.789 / 5.766         2.789 / 5.766       ms
[180.093s][info][gc,stats    ]    Subphase: Concurrent Mark                             932.303 / 1219.415    826.648 / 1560.247    826.648 / 1560.247    826.648 / 1560.247    ms
[180.093s][info][gc,stats    ]    Subphase: Concurrent Mark Idle                          0.000 / 0.000         0.000 / 0.000         0.000 / 0.000         0.000 / 0.000       ms
[180.093s][info][gc,stats    ]    Subphase: Concurrent Mark Try Flush                     1.446 / 4.019         1.421 / 13.453        1.421 / 13.453        1.421 / 13.453      ms
[180.093s][info][gc,stats    ]    Subphase: Concurrent Mark Try Terminate                 0.483 / 1.007         0.454 / 2.462         0.454 / 2.462         0.454 / 2.462       ms
[180.093s][info][gc,stats    ]    Subphase: Concurrent References Enqueue                 0.003 / 0.003         0.002 / 0.007         0.002 / 0.007         0.002 / 0.007       ms
[180.093s][info][gc,stats    ]    Subphase: Concurrent References Process                 0.703 / 0.727         0.871 / 5.130         0.871 / 5.130         0.871 / 5.130       ms
[180.093s][info][gc,stats    ]    Subphase: Concurrent Weak Roots                         0.766 / 0.770         0.855 / 3.282         0.855 / 3.282         0.855 / 3.282       ms
[180.093s][info][gc,stats    ]    Subphase: Concurrent Weak Roots JNIWeakHandles          0.000 / 0.000         0.000 / 0.001         0.000 / 0.001         0.000 / 0.001       ms
[180.093s][info][gc,stats    ]    Subphase: Concurrent Weak Roots StringTable             0.574 / 0.583         0.643 / 2.798         0.643 / 2.798         0.643 / 2.798       ms
[180.093s][info][gc,stats    ]    Subphase: Concurrent Weak Roots VMWeakHandles           0.191 / 0.195         0.211 / 0.492         0.211 / 0.492         0.211 / 0.492       ms
[180.093s][info][gc,stats    ]    Subphase: Pause Mark Try Complete                       0.000 / 0.000         0.002 / 0.002         0.002 / 0.002         0.002 / 0.002       ms
[180.093s][info][gc,stats    ]    Subphase: Pause Remap TLABS                             0.004 / 0.006         0.002 / 0.007         0.002 / 0.007         0.002 / 0.007       ms
[180.093s][info][gc,stats    ]    Subphase: Pause Retire TLABS                            0.026 / 0.027         0.022 / 0.074         0.022 / 0.074         0.022 / 0.074       ms
[180.093s][info][gc,stats    ]    Subphase: Pause Roots                                   2.500 / 5.000         1.908 / 6.471         1.908 / 6.471         1.908 / 6.471       ms
[180.093s][info][gc,stats    ]    Subphase: Pause Roots ClassLoaderDataGraph              0.704 / 0.888         0.674 / 3.608         0.674 / 3.608         0.674 / 3.608       ms
[180.093s][info][gc,stats    ]    Subphase: Pause Roots CodeCache                         2.205 / 3.370         1.574 / 3.370         1.574 / 3.370         1.574 / 3.370       ms
[180.093s][info][gc,stats    ]    Subphase: Pause Roots JNIHandles                        0.001 / 0.001         0.001 / 0.006         0.001 / 0.006         0.001 / 0.006       ms
[180.093s][info][gc,stats    ]    Subphase: Pause Roots JNIWeakHandles                    0.000 / 0.000         0.000 / 0.000         0.000 / 0.000         0.000 / 0.000       ms
[180.093s][info][gc,stats    ]    Subphase: Pause Roots JRFWeak                           0.000 / 0.000         0.000 / 0.000         0.000 / 0.000         0.000 / 0.000       ms
[180.093s][info][gc,stats    ]    Subphase: Pause Roots JVMTIExport                       0.000 / 0.001         0.000 / 0.001         0.000 / 0.001         0.000 / 0.001       ms
[180.093s][info][gc,stats    ]    Subphase: Pause Roots JVMTIWeakExport                   0.001 / 0.001         0.001 / 0.001         0.001 / 0.001         0.001 / 0.001       ms
[180.093s][info][gc,stats    ]    Subphase: Pause Roots Management                        0.001 / 0.001         0.003 / 0.337         0.003 / 0.337         0.003 / 0.337       ms
[180.093s][info][gc,stats    ]    Subphase: Pause Roots ObjectSynchronizer                0.000 / 0.000         0.000 / 0.001         0.000 / 0.001         0.000 / 0.001       ms
[180.093s][info][gc,stats    ]    Subphase: Pause Roots Setup                             0.199 / 0.343         0.174 / 0.423         0.174 / 0.423         0.174 / 0.423       ms
[180.093s][info][gc,stats    ]    Subphase: Pause Roots StringTable                       0.000 / 0.000         0.000 / 0.000         0.000 / 0.000         0.000 / 0.000       ms
[180.093s][info][gc,stats    ]    Subphase: Pause Roots SystemDictionary                  0.012 / 0.017         0.013 / 0.041         0.013 / 0.041         0.013 / 0.041       ms
[180.093s][info][gc,stats    ]    Subphase: Pause Roots Teardown                          0.001 / 0.002         0.001 / 0.002         0.001 / 0.002         0.001 / 0.002       ms
[180.093s][info][gc,stats    ]    Subphase: Pause Roots Threads                           0.486 / 0.917         0.392 / 1.214         0.392 / 1.214         0.392 / 1.214       ms
[180.093s][info][gc,stats    ]    Subphase: Pause Roots Universe                          0.002 / 0.003         0.002 / 0.020         0.002 / 0.020         0.002 / 0.020       ms
[180.093s][info][gc,stats    ]    Subphase: Pause Roots VMWeakHandles                     0.000 / 0.000         0.000 / 0.000         0.000 / 0.000         0.000 / 0.000       ms
[180.093s][info][gc,stats    ]    Subphase: Pause Weak Roots                              0.001 / 0.002         0.002 / 0.005         0.002 / 0.005         0.002 / 0.005       ms
[180.093s][info][gc,stats    ]    Subphase: Pause Weak Roots JFRWeak                      0.001 / 0.001         0.001 / 0.001         0.001 / 0.001         0.001 / 0.001       ms
[180.093s][info][gc,stats    ]    Subphase: Pause Weak Roots JNIWeakHandles               0.000 / 0.000         0.000 / 0.000         0.000 / 0.000         0.000 / 0.000       ms
[180.093s][info][gc,stats    ]    Subphase: Pause Weak Roots JVMTIWeakExport              0.000 / 0.001         0.001 / 0.005         0.001 / 0.005         0.001 / 0.005       ms
[180.093s][info][gc,stats    ]    Subphase: Pause Weak Roots Setup                        0.000 / 0.000         0.000 / 0.000         0.000 / 0.000         0.000 / 0.000       ms
[180.093s][info][gc,stats    ]    Subphase: Pause Weak Roots StringTable                  0.000 / 0.000         0.000 / 0.000         0.000 / 0.000         0.000 / 0.000       ms
[180.093s][info][gc,stats    ]    Subphase: Pause Weak Roots SymbolTable                  0.000 / 0.000         0.000 / 0.000         0.000 / 0.000         0.000 / 0.000       ms
[180.093s][info][gc,stats    ]    Subphase: Pause Weak Roots Teardown                     0.000 / 0.001         0.000 / 0.001         0.000 / 0.001         0.000 / 0.001       ms
[180.093s][info][gc,stats    ]    Subphase: Pause Weak Roots VMWeakHandles                0.000 / 0.000         0.000 / 0.000         0.000 / 0.000         0.000 / 0.000       ms
[180.093s][info][gc,stats    ]      System: Java Threads                                    167 / 168             123 / 168             123 / 168             123 / 168         threads
[180.093s][info][gc,stats    ] =========================================================================================================================================================
[180.326s][info][gc,phases   ] GC(96) Concurrent Mark 1326.331ms
[180.329s][info][gc,phases   ] GC(96) Pause Mark End 0.408ms
[180.331s][info][gc,phases   ] GC(96) Concurrent Process Non-Strong References 1.454ms
[180.331s][info][gc,phases   ] GC(96) Concurrent Reset Relocation Set 0.518ms
[180.331s][info][gc,phases   ] GC(96) Concurrent Destroy Detached Pages 0.001ms
[180.333s][info][gc,phases   ] GC(96) Concurrent Select Relocation Set 1.971ms
[180.342s][info][gc,phases   ] GC(96) Concurrent Prepare Relocation Set 8.819ms
[180.348s][info][gc,phases   ] GC(96) Pause Relocate Start 3.123ms
[180.521s][info][gc,phases   ] GC(96) Concurrent Relocate 172.779ms
[180.521s][info][gc,load     ] GC(96) Load: 1.77/1.69/1.09
[180.521s][info][gc,mmu      ] GC(96) MMU: 2ms/0.0%, 5ms/0.0%, 10ms/32.0%, 20ms/66.0%, 50ms/79.4%, 100ms/89.7%
[180.521s][info][gc,marking  ] GC(96) Mark: 1 stripe(s), 2 proactive flush(es), 1 terminate flush(es), 0 completion(s), 0 continuation(s) 
[180.521s][info][gc,reloc    ] GC(96) Relocation: Successful, 55M relocated
[180.521s][info][gc,nmethod  ] GC(96) NMethods: 5692 registered, 5 unregistered
[180.521s][info][gc,metaspace] GC(96) Metaspace: 74M used, 78M capacity, 78M committed, 80M reserved
[180.521s][info][gc,ref      ] GC(96) Soft: 4931 encountered, 0 discovered, 0 enqueued
[180.521s][info][gc,ref      ] GC(96) Weak: 5053 encountered, 4005 discovered, 0 enqueued
[180.521s][info][gc,ref      ] GC(96) Final: 28 encountered, 0 discovered, 0 enqueued
[180.521s][info][gc,ref      ] GC(96) Phantom: 662 encountered, 658 discovered, 0 enqueued
[180.521s][info][gc,heap     ] GC(96)                Mark Start          Mark End        Relocate Start      Relocate End           High               Low         
[180.521s][info][gc,heap     ] GC(96)  Capacity:     1990M (100%)       1990M (100%)       1990M (100%)       1990M (100%)       1990M (100%)       1990M (100%)   
[180.521s][info][gc,heap     ] GC(96)   Reserve:       34M (2%)           34M (2%)           34M (2%)           34M (2%)           34M (2%)           34M (2%)     
[180.521s][info][gc,heap     ] GC(96)      Free:     1202M (60%)        1086M (55%)        1092M (55%)        1496M (75%)        1496M (75%)        1086M (55%)    
[180.521s][info][gc,heap     ] GC(96)      Used:      754M (38%)         870M (44%)         864M (43%)         460M (23%)         870M (44%)         460M (23%)    
[180.521s][info][gc,heap     ] GC(96)      Live:         -               295M (15%)         295M (15%)         295M (15%)            -                  -          
[180.521s][info][gc,heap     ] GC(96) Allocated:         -               116M (6%)          116M (6%)          148M (7%)             -                  -          
[180.521s][info][gc,heap     ] GC(96)   Garbage:         -               458M (23%)         452M (23%)          48M (2%)             -                  -          
[180.521s][info][gc,heap     ] GC(96) Reclaimed:         -                  -                 6M (0%)          410M (21%)            -                  -          
[180.521s][info][gc          ] GC(96) Garbage Collection (Allocation Rate) 754M(38%)->460M(23%)
[181.193s][info][gc,start    ] GC(97) Garbage Collection (Allocation Rate)
[181.200s][info][gc,phases   ] GC(97) Pause Mark Start 3.888ms
[181.852s][info][gc,phases   ] GC(97) Concurrent Mark 651.813ms
[181.855s][info][gc,phases   ] GC(97) Pause Mark End 0.394ms
[181.856s][info][gc,phases   ] GC(97) Concurrent Process Non-Strong References 1.459ms
[181.858s][info][gc,phases   ] GC(97) Concurrent Reset Relocation Set 0.634ms
[181.858s][info][gc,phases   ] GC(97) Concurrent Destroy Detached Pages 0.000ms
[181.859s][info][gc,phases   ] GC(97) Concurrent Select Relocation Set 1.520ms
[181.860s][info][gc,phases   ] GC(97) Concurrent Prepare Relocation Set 1.070ms
[181.866s][info][gc,phases   ] GC(97) Pause Relocate Start 3.274ms
[181.922s][info][gc,phases   ] GC(97) Concurrent Relocate 49.414ms
[181.923s][info][gc,load     ] GC(97) Load: 1.77/1.69/1.09
[181.923s][info][gc,mmu      ] GC(97) MMU: 2ms/0.0%, 5ms/0.0%, 10ms/32.0%, 20ms/66.0%, 50ms/79.4%, 100ms/89.7%
[181.923s][info][gc,marking  ] GC(97) Mark: 1 stripe(s), 2 proactive flush(es), 1 terminate flush(es), 0 completion(s), 0 continuation(s) 
[181.923s][info][gc,reloc    ] GC(97) Relocation: Successful, 20M relocated
[181.923s][info][gc,nmethod  ] GC(97) NMethods: 5744 registered, 0 unregistered
[181.923s][info][gc,metaspace] GC(97) Metaspace: 74M used, 78M capacity, 78M committed, 80M reserved
[181.923s][info][gc,ref      ] GC(97) Soft: 4930 encountered, 0 discovered, 0 enqueued
[181.923s][info][gc,ref      ] GC(97) Weak: 5204 encountered, 4069 discovered, 3 enqueued
[181.923s][info][gc,ref      ] GC(97) Final: 28 encountered, 0 discovered, 0 enqueued
[181.923s][info][gc,ref      ] GC(97) Phantom: 663 encountered, 468 discovered, 0 enqueued
[181.923s][info][gc,heap     ] GC(97)                Mark Start          Mark End        Relocate Start      Relocate End           High               Low         
[181.923s][info][gc,heap     ] GC(97)  Capacity:     1990M (100%)       1990M (100%)       1990M (100%)       1990M (100%)       1990M (100%)       1990M (100%)   
[181.923s][info][gc,heap     ] GC(97)   Reserve:       34M (2%)           34M (2%)           34M (2%)           34M (2%)           34M (2%)           34M (2%)     
[181.923s][info][gc,heap     ] GC(97)      Free:     1250M (63%)        1094M (55%)        1518M (76%)        1546M (78%)        1554M (78%)        1094M (55%)    
[181.923s][info][gc,heap     ] GC(97)      Used:      706M (35%)         862M (43%)         438M (22%)         410M (21%)         862M (43%)         402M (20%)    
[181.923s][info][gc,heap     ] GC(97)      Live:         -               204M (10%)         204M (10%)         204M (10%)            -                  -          
[181.923s][info][gc,heap     ] GC(97) Allocated:         -               156M (8%)          156M (8%)          182M (9%)             -                  -          
[181.923s][info][gc,heap     ] GC(97)   Garbage:         -               501M (25%)          77M (4%)           35M (2%)             -                  -          
[181.923s][info][gc,heap     ] GC(97) Reclaimed:         -                  -               424M (21%)         466M (23%)            -                  -          
[181.923s][info][gc          ] GC(97) Garbage Collection (Allocation Rate) 706M(35%)->410M(21%)
[182.593s][info][gc,start    ] GC(98) Garbage Collection (Allocation Rate)
[182.600s][info][gc,phases   ] GC(98) Pause Mark Start 3.831ms
[183.221s][info][gc,phases   ] GC(98) Concurrent Mark 620.724ms
[183.224s][info][gc,phases   ] GC(98) Pause Mark End 0.388ms
[183.225s][info][gc,phases   ] GC(98) Concurrent Process Non-Strong References 1.541ms
[183.225s][info][gc,phases   ] GC(98) Concurrent Reset Relocation Set 0.008ms
[183.225s][info][gc,phases   ] GC(98) Concurrent Destroy Detached Pages 0.000ms
[183.227s][info][gc,phases   ] GC(98) Concurrent Select Relocation Set 1.526ms
[183.227s][info][gc,phases   ] GC(98) Concurrent Prepare Relocation Set 0.114ms
[183.231s][info][gc,phases   ] GC(98) Pause Relocate Start 3.372ms
[183.251s][info][gc,phases   ] GC(98) Concurrent Relocate 18.872ms
[183.251s][info][gc,load     ] GC(98) Load: 1.71/1.68/1.09
[183.251s][info][gc,mmu      ] GC(98) MMU: 2ms/0.0%, 5ms/0.0%, 10ms/32.0%, 20ms/66.0%, 50ms/79.4%, 100ms/89.7%
[183.251s][info][gc,marking  ] GC(98) Mark: 1 stripe(s), 2 proactive flush(es), 1 terminate flush(es), 0 completion(s), 0 continuation(s) 
[183.251s][info][gc,reloc    ] GC(98) Relocation: Successful, 15M relocated
[183.251s][info][gc,nmethod  ] GC(98) NMethods: 5799 registered, 0 unregistered
[183.251s][info][gc,metaspace] GC(98) Metaspace: 74M used, 78M capacity, 78M committed, 80M reserved
[183.251s][info][gc,ref      ] GC(98) Soft: 4930 encountered, 0 discovered, 0 enqueued
[183.251s][info][gc,ref      ] GC(98) Weak: 5320 encountered, 4329 discovered, 287 enqueued
[183.251s][info][gc,ref      ] GC(98) Final: 28 encountered, 0 discovered, 0 enqueued
[183.251s][info][gc,ref      ] GC(98) Phantom: 663 encountered, 468 discovered, 0 enqueued
[183.251s][info][gc,heap     ] GC(98)                Mark Start          Mark End        Relocate Start      Relocate End           High               Low         
[183.251s][info][gc,heap     ] GC(98)  Capacity:     1990M (100%)       1990M (100%)       1990M (100%)       1990M (100%)       1990M (100%)       1990M (100%)   
[183.251s][info][gc,heap     ] GC(98)   Reserve:       34M (2%)           34M (2%)           34M (2%)           34M (2%)           34M (2%)           34M (2%)     
[183.251s][info][gc,heap     ] GC(98)      Free:     1258M (63%)        1120M (56%)        1508M (76%)        1618M (81%)        1618M (81%)        1120M (56%)    
[183.251s][info][gc,heap     ] GC(98)      Used:      698M (35%)         836M (42%)         448M (23%)         338M (17%)         836M (42%)         338M (17%)    
[183.251s][info][gc,heap     ] GC(98)      Live:         -               193M (10%)         193M (10%)         193M (10%)            -                  -          
[183.251s][info][gc,heap     ] GC(98) Allocated:         -               138M (7%)          138M (7%)          148M (7%)             -                  -          
[183.251s][info][gc,heap     ] GC(98)   Garbage:         -               504M (25%)         116M (6%)            6M (0%)             -                  -          
[183.251s][info][gc,heap     ] GC(98) Reclaimed:         -                  -               388M (19%)         498M (25%)            -                  -          
[183.251s][info][gc          ] GC(98) Garbage Collection (Allocation Rate) 698M(35%)->338M(17%)
[184.293s][info][gc,start    ] GC(99) Garbage Collection (Allocation Rate)
[184.300s][info][gc,phases   ] GC(99) Pause Mark Start 3.780ms
[184.978s][info][gc,phases   ] GC(99) Concurrent Mark 678.317ms
[184.982s][info][gc,phases   ] GC(99) Pause Mark End 0.403ms
[184.983s][info][gc,phases   ] GC(99) Concurrent Process Non-Strong References 1.490ms
[184.984s][info][gc,phases   ] GC(99) Concurrent Reset Relocation Set 0.008ms
[184.984s][info][gc,phases   ] GC(99) Concurrent Destroy Detached Pages 0.000ms
[184.986s][info][gc,phases   ] GC(99) Concurrent Select Relocation Set 2.418ms
[184.986s][info][gc,phases   ] GC(99) Concurrent Prepare Relocation Set 0.348ms
[184.993s][info][gc,phases   ] GC(99) Pause Relocate Start 3.254ms
[185.039s][info][gc,phases   ] GC(99) Concurrent Relocate 46.545ms
[185.039s][info][gc,load     ] GC(99) Load: 1.71/1.68/1.09
[185.039s][info][gc,mmu      ] GC(99) MMU: 2ms/0.0%, 5ms/0.0%, 10ms/32.0%, 20ms/66.0%, 50ms/79.4%, 100ms/89.7%
[185.039s][info][gc,marking  ] GC(99) Mark: 1 stripe(s), 2 proactive flush(es), 1 terminate flush(es), 0 completion(s), 0 continuation(s) 
[185.039s][info][gc,reloc    ] GC(99) Relocation: Successful, 19M relocated
[185.039s][info][gc,nmethod  ] GC(99) NMethods: 5820 registered, 0 unregistered
[185.039s][info][gc,metaspace] GC(99) Metaspace: 74M used, 78M capacity, 78M committed, 80M reserved
[185.039s][info][gc,ref      ] GC(99) Soft: 4930 encountered, 0 discovered, 0 enqueued
[185.039s][info][gc,ref      ] GC(99) Weak: 5157 encountered, 4104 discovered, 155 enqueued
[185.039s][info][gc,ref      ] GC(99) Final: 28 encountered, 0 discovered, 0 enqueued
[185.039s][info][gc,ref      ] GC(99) Phantom: 663 encountered, 659 discovered, 0 enqueued
[185.039s][info][gc,heap     ] GC(99)                Mark Start          Mark End        Relocate Start      Relocate End           High               Low         
[185.039s][info][gc,heap     ] GC(99)  Capacity:     1990M (100%)       1990M (100%)       1990M (100%)       1990M (100%)       1990M (100%)       1990M (100%)   
[185.039s][info][gc,heap     ] GC(99)   Reserve:       34M (2%)           34M (2%)           34M (2%)           34M (2%)           34M (2%)           34M (2%)     
[185.039s][info][gc,heap     ] GC(99)      Free:     1160M (58%)         982M (49%)        1464M (74%)        1544M (78%)        1544M (78%)         982M (49%)    
[185.039s][info][gc,heap     ] GC(99)      Used:      796M (40%)         974M (49%)         492M (25%)         412M (21%)         974M (49%)         412M (21%)    
[185.039s][info][gc,heap     ] GC(99)      Live:         -               197M (10%)         197M (10%)         197M (10%)            -                  -          
[185.039s][info][gc,heap     ] GC(99) Allocated:         -               178M (9%)          178M (9%)          190M (10%)            -                  -          
[185.039s][info][gc,heap     ] GC(99)   Garbage:         -               598M (30%)         116M (6%)           34M (2%)             -                  -          
[185.039s][info][gc,heap     ] GC(99) Reclaimed:         -                  -               482M (24%)         564M (28%)            -                  -          
[185.039s][info][gc          ] GC(99) Garbage Collection (Allocation Rate) 796M(40%)->412M(21%)
[185.593s][info][gc,start    ] GC(100) Garbage Collection (Allocation Rate)
[185.600s][info][gc,phases   ] GC(100) Pause Mark Start 3.830ms
[185.719s][info][gc,heap     ] Page Cache Flushed: 30M requested, 40M(1070M->1030M) flushed
[186.435s][info][gc,phases   ] GC(100) Concurrent Mark 835.477ms
[186.439s][info][gc,phases   ] GC(100) Pause Mark End 0.414ms
[186.440s][info][gc,phases   ] GC(100) Concurrent Process Non-Strong References 1.479ms
[186.440s][info][gc,phases   ] GC(100) Concurrent Reset Relocation Set 0.012ms
[186.440s][info][gc,phases   ] GC(100) Concurrent Destroy Detached Pages 0.004ms
[186.442s][info][gc,phases   ] GC(100) Concurrent Select Relocation Set 1.624ms
[186.454s][info][gc,phases   ] GC(100) Concurrent Prepare Relocation Set 12.559ms
[186.460s][info][gc,phases   ] GC(100) Pause Relocate Start 3.249ms
[186.704s][info][gc,phases   ] GC(100) Concurrent Relocate 238.849ms
[186.704s][info][gc,load     ] GC(100) Load: 1.71/1.68/1.09
[186.704s][info][gc,mmu      ] GC(100) MMU: 2ms/0.0%, 5ms/0.0%, 10ms/32.0%, 20ms/66.0%, 50ms/79.4%, 100ms/89.7%
[186.704s][info][gc,marking  ] GC(100) Mark: 1 stripe(s), 2 proactive flush(es), 1 terminate flush(es), 0 completion(s), 0 continuation(s) 
[186.704s][info][gc,reloc    ] GC(100) Relocation: Successful, 46M relocated
[186.704s][info][gc,nmethod  ] GC(100) NMethods: 5836 registered, 0 unregistered
[186.704s][info][gc,metaspace] GC(100) Metaspace: 74M used, 78M capacity, 78M committed, 80M reserved
[186.704s][info][gc,ref      ] GC(100) Soft: 4930 encountered, 0 discovered, 0 enqueued
[186.704s][info][gc,ref      ] GC(100) Weak: 5019 encountered, 3972 discovered, 16 enqueued
[186.704s][info][gc,ref      ] GC(100) Final: 28 encountered, 0 discovered, 0 enqueued
[186.704s][info][gc,ref      ] GC(100) Phantom: 663 encountered, 659 discovered, 0 enqueued
[186.704s][info][gc,heap     ] GC(100)                Mark Start          Mark End        Relocate Start      Relocate End           High               Low         
[186.704s][info][gc,heap     ] GC(100)  Capacity:     1990M (100%)       1990M (100%)       1990M (100%)       1990M (100%)       1990M (100%)       1990M (100%)   
[186.704s][info][gc,heap     ] GC(100)   Reserve:       34M (2%)           34M (2%)           34M (2%)           34M (2%)           34M (2%)           34M (2%)     
[186.704s][info][gc,heap     ] GC(100)      Free:     1120M (56%)        1002M (50%)        1288M (65%)        1546M (78%)        1546M (78%)        1002M (50%)    
[186.704s][info][gc,heap     ] GC(100)      Used:      836M (42%)         954M (48%)         668M (34%)         410M (21%)         954M (48%)         410M (21%)    
[186.704s][info][gc,heap     ] GC(100)      Live:         -               232M (12%)         232M (12%)         232M (12%)            -                  -          
[186.704s][info][gc,heap     ] GC(100) Allocated:         -               118M (6%)          118M (6%)          210M (11%)            -                  -          
[186.704s][info][gc,heap     ] GC(100)   Garbage:         -               603M (30%)         317M (16%)          43M (2%)             -                  -          
[186.704s][info][gc,heap     ] GC(100) Reclaimed:         -                  -               286M (14%)         560M (28%)            -                  -          
[186.704s][info][gc          ] GC(100) Garbage Collection (Allocation Rate) 836M(42%)->410M(21%)
[186.993s][info][gc,start    ] GC(101) Garbage Collection (Allocation Rate)
[187.000s][info][gc,phases   ] GC(101) Pause Mark Start 3.848ms
[187.867s][info][gc,phases   ] GC(101) Concurrent Mark 866.776ms
[187.870s][info][gc,phases   ] GC(101) Pause Mark End 0.384ms
[187.872s][info][gc,phases   ] GC(101) Concurrent Process Non-Strong References 1.571ms
[187.872s][info][gc,phases   ] GC(101) Concurrent Reset Relocation Set 0.743ms
[187.872s][info][gc,phases   ] GC(101) Concurrent Destroy Detached Pages 0.000ms
[187.874s][info][gc,phases   ] GC(101) Concurrent Select Relocation Set 1.567ms
[187.881s][info][gc,phases   ] GC(101) Concurrent Prepare Relocation Set 7.311ms
[187.887s][info][gc,phases   ] GC(101) Pause Relocate Start 3.308ms
[188.034s][info][gc,phases   ] GC(101) Concurrent Relocate 146.621ms
[188.034s][info][gc,load     ] GC(101) Load: 1.73/1.68/1.10
[188.034s][info][gc,mmu      ] GC(101) MMU: 2ms/0.0%, 5ms/0.0%, 10ms/32.0%, 20ms/66.0%, 50ms/79.4%, 100ms/89.7%
[188.034s][info][gc,marking  ] GC(101) Mark: 1 stripe(s), 2 proactive flush(es), 1 terminate flush(es), 0 completion(s), 0 continuation(s) 
[188.034s][info][gc,reloc    ] GC(101) Relocation: Successful, 37M relocated
[188.034s][info][gc,nmethod  ] GC(101) NMethods: 5853 registered, 0 unregistered
[188.034s][info][gc,metaspace] GC(101) Metaspace: 74M used, 78M capacity, 78M committed, 80M reserved
[188.034s][info][gc,ref      ] GC(101) Soft: 4930 encountered, 0 discovered, 0 enqueued
[188.034s][info][gc,ref      ] GC(101) Weak: 5013 encountered, 3962 discovered, 13 enqueued
[188.034s][info][gc,ref      ] GC(101) Final: 28 encountered, 0 discovered, 0 enqueued
[188.034s][info][gc,ref      ] GC(101) Phantom: 663 encountered, 659 discovered, 0 enqueued
[188.034s][info][gc,heap     ] GC(101)                Mark Start          Mark End        Relocate Start      Relocate End           High               Low         
[188.034s][info][gc,heap     ] GC(101)  Capacity:     1990M (100%)       1990M (100%)       1990M (100%)       1990M (100%)       1990M (100%)       1990M (100%)   
[188.034s][info][gc,heap     ] GC(101)   Reserve:       34M (2%)           34M (2%)           34M (2%)           34M (2%)           34M (2%)           34M (2%)     
[188.034s][info][gc,heap     ] GC(101)      Free:     1348M (68%)        1088M (55%)        1236M (62%)        1430M (72%)        1430M (72%)        1088M (55%)    
[188.034s][info][gc,heap     ] GC(101)      Used:      608M (31%)         868M (44%)         720M (36%)         526M (26%)         868M (44%)         526M (26%)    
[188.034s][info][gc,heap     ] GC(101)      Live:         -               259M (13%)         259M (13%)         259M (13%)            -                  -          
[188.034s][info][gc,heap     ] GC(101) Allocated:         -               260M (13%)         260M (13%)         290M (15%)            -                  -          
[188.034s][info][gc,heap     ] GC(101)   Garbage:         -               348M (18%)         200M (10%)           4M (0%)             -                  -          
[188.034s][info][gc,heap     ] GC(101) Reclaimed:         -                  -               148M (7%)          344M (17%)            -                  -          
[188.034s][info][gc          ] GC(101) Garbage Collection (Allocation Rate) 608M(31%)->526M(26%)
[188.376s][info][gc,heap     ] Page Cache Flushed: 4M requested, 10M(1308M->1298M) flushed
[188.378s][info][gc,heap     ] Page Cache Flushed: 2M requested, 10M(1298M->1288M) flushed
[188.493s][info][gc,start    ] GC(102) Garbage Collection (Allocation Rate)
[188.499s][info][gc,phases   ] GC(102) Pause Mark Start 3.839ms
[188.552s][info][gc,heap     ] Page Cache Flushed: 6M requested, 32M(1144M->1112M) flushed
[189.330s][info][gc,phases   ] GC(102) Concurrent Mark 830.118ms
[189.330s][info][gc,phases   ] GC(102) Pause Mark End 0.329ms
[189.333s][info][gc,phases   ] GC(102) Concurrent Process Non-Strong References 3.085ms
[189.334s][info][gc,phases   ] GC(102) Concurrent Reset Relocation Set 0.544ms
[189.334s][info][gc,phases   ] GC(102) Concurrent Destroy Detached Pages 0.005ms
[189.339s][info][gc,phases   ] GC(102) Concurrent Select Relocation Set 5.376ms
[189.345s][info][gc,phases   ] GC(102) Concurrent Prepare Relocation Set 5.721ms
[189.354s][info][gc,phases   ] GC(102) Pause Relocate Start 8.275ms
[189.459s][info][gc,phases   ] GC(102) Concurrent Relocate 105.223ms
[189.459s][info][gc,load     ] GC(102) Load: 1.73/1.68/1.10
[189.459s][info][gc,mmu      ] GC(102) MMU: 2ms/0.0%, 5ms/0.0%, 10ms/17.2%, 20ms/58.6%, 50ms/79.4%, 100ms/89.7%
[189.459s][info][gc,marking  ] GC(102) Mark: 1 stripe(s), 2 proactive flush(es), 1 terminate flush(es), 0 completion(s), 0 continuation(s) 
[189.459s][info][gc,reloc    ] GC(102) Relocation: Successful, 48M relocated
[189.459s][info][gc,nmethod  ] GC(102) NMethods: 5875 registered, 0 unregistered
[189.459s][info][gc,metaspace] GC(102) Metaspace: 74M used, 78M capacity, 78M committed, 80M reserved
[189.459s][info][gc,ref      ] GC(102) Soft: 4929 encountered, 0 discovered, 0 enqueued
[189.459s][info][gc,ref      ] GC(102) Weak: 4976 encountered, 4041 discovered, 5 enqueued
[189.459s][info][gc,ref      ] GC(102) Final: 28 encountered, 0 discovered, 0 enqueued
[189.459s][info][gc,ref      ] GC(102) Phantom: 662 encountered, 658 discovered, 0 enqueued
[189.459s][info][gc,heap     ] GC(102)                Mark Start          Mark End        Relocate Start      Relocate End           High               Low         
[189.459s][info][gc,heap     ] GC(102)  Capacity:     1990M (100%)       1990M (100%)       1990M (100%)       1990M (100%)       1990M (100%)       1990M (100%)   
[189.459s][info][gc,heap     ] GC(102)   Reserve:       34M (2%)           34M (2%)           34M (2%)           34M (2%)           34M (2%)           34M (2%)     
[189.459s][info][gc,heap     ] GC(102)      Free:     1158M (58%)         346M (17%)         626M (31%)         834M (42%)        1158M (58%)         346M (17%)    
[189.459s][info][gc,heap     ] GC(102)      Used:      798M (40%)        1610M (81%)        1330M (67%)        1122M (56%)        1610M (81%)         798M (40%)    
[189.459s][info][gc,heap     ] GC(102)      Live:         -               280M (14%)         280M (14%)         280M (14%)            -                  -          
[189.459s][info][gc,heap     ] GC(102) Allocated:         -               812M (41%)         812M (41%)         872M (44%)            -                  -          
[189.459s][info][gc,heap     ] GC(102)   Garbage:         -               517M (26%)         237M (12%)          29M (1%)             -                  -          
[189.459s][info][gc,heap     ] GC(102) Reclaimed:         -                  -               280M (14%)         488M (25%)            -                  -          
[189.459s][info][gc          ] GC(102) Garbage Collection (Allocation Rate) 798M(40%)->1122M(56%)
[189.459s][info][gc,start    ] GC(103) Garbage Collection (System.gc())
[189.463s][info][gc,phases   ] GC(103) Pause Mark Start 3.799ms
[189.735s][info][gc,phases   ] GC(103) Concurrent Mark 271.680ms
[189.736s][info][gc,phases   ] GC(103) Pause Mark End 0.334ms
[189.737s][info][gc,phases   ] GC(103) Concurrent Process Non-Strong References 1.492ms
[189.739s][info][gc,phases   ] GC(103) Concurrent Reset Relocation Set 0.639ms
[189.740s][info][gc,phases   ] GC(103) Concurrent Destroy Detached Pages 0.000ms
[189.741s][info][gc,phases   ] GC(103) Concurrent Select Relocation Set 1.697ms
[189.741s][info][gc,phases   ] GC(103) Concurrent Prepare Relocation Set 0.064ms
[189.747s][info][gc,phases   ] GC(103) Pause Relocate Start 3.219ms
[189.754s][info][gc,phases   ] GC(103) Concurrent Relocate 6.903ms
[189.754s][info][gc,load     ] GC(103) Load: 1.73/1.68/1.10
[189.754s][info][gc,mmu      ] GC(103) MMU: 2ms/0.0%, 5ms/0.0%, 10ms/17.2%, 20ms/58.6%, 50ms/79.4%, 100ms/89.7%
[189.754s][info][gc,marking  ] GC(103) Mark: 1 stripe(s), 2 proactive flush(es), 1 terminate flush(es), 0 completion(s), 0 continuation(s) 
[189.754s][info][gc,reloc    ] GC(103) Relocation: Successful, 13M relocated
[189.754s][info][gc,nmethod  ] GC(103) NMethods: 5879 registered, 0 unregistered
[189.754s][info][gc,metaspace] GC(103) Metaspace: 74M used, 78M capacity, 78M committed, 80M reserved
[189.754s][info][gc,ref      ] GC(103) Soft: 4929 encountered, 0 discovered, 0 enqueued
[189.754s][info][gc,ref      ] GC(103) Weak: 4978 encountered, 4043 discovered, 108 enqueued
[189.754s][info][gc,ref      ] GC(103) Final: 28 encountered, 0 discovered, 0 enqueued
[189.754s][info][gc,ref      ] GC(103) Phantom: 662 encountered, 658 discovered, 0 enqueued
[189.754s][info][gc,heap     ] GC(103)                Mark Start          Mark End        Relocate Start      Relocate End           High               Low         
[189.754s][info][gc,heap     ] GC(103)  Capacity:     1990M (100%)       1990M (100%)       1990M (100%)       1990M (100%)       1990M (100%)       1990M (100%)   
[189.754s][info][gc,heap     ] GC(103)   Reserve:       34M (2%)           34M (2%)           34M (2%)           34M (2%)           34M (2%)           34M (2%)     
[189.754s][info][gc,heap     ] GC(103)      Free:      834M (42%)         832M (42%)        1712M (86%)        1728M (87%)        1728M (87%)         832M (42%)    
[189.754s][info][gc,heap     ] GC(103)      Used:     1122M (56%)        1124M (56%)         244M (12%)         228M (11%)        1124M (56%)         228M (11%)    
[189.754s][info][gc,heap     ] GC(103)      Live:         -               191M (10%)         191M (10%)         191M (10%)            -                  -          
[189.754s][info][gc,heap     ] GC(103) Allocated:         -                 2M (0%)            2M (0%)            6M (0%)             -                  -          
[189.754s][info][gc,heap     ] GC(103)   Garbage:         -               930M (47%)          50M (3%)           34M (2%)             -                  -          
[189.754s][info][gc,heap     ] GC(103) Reclaimed:         -                  -               880M (44%)         896M (45%)            -                  -          
[189.754s][info][gc          ] GC(103) Garbage Collection (System.gc()) 1122M(56%)->228M(11%)
[189.793s][info][gc,start    ] GC(104) Garbage Collection (Allocation Rate)
[189.805s][info][gc,phases   ] GC(104) Pause Mark Start 3.957ms
[190.093s][info][gc,stats    ] === Garbage Collection Statistics =======================================================================================================================
[190.093s][info][gc,stats    ]                                                              Last 10s              Last 10m              Last 10h                Total
[190.093s][info][gc,stats    ]                                                              Avg / Max             Avg / Max             Avg / Max             Avg / Max
[190.093s][info][gc,stats    ]   Collector: Garbage Collection Cycle                    884.138 / 1527.550    988.907 / 1704.378    988.907 / 1704.378    988.907 / 1704.378    ms
[190.093s][info][gc,stats    ]  Contention: Mark Segment Reset Contention                     0 / 0                 0 / 0                 0 / 0                 0 / 0           ops/s
[190.093s][info][gc,stats    ]  Contention: Mark SeqNum Reset Contention                      0 / 0                 0 / 0                 0 / 0                 0 / 0           ops/s
[190.093s][info][gc,stats    ]  Contention: Relocation Contention                             0 / 1                 0 / 3                 0 / 3                 0 / 3           ops/s
[190.093s][info][gc,stats    ]    Critical: Allocation Stall                              0.000 / 0.000         0.000 / 0.000         0.000 / 0.000         0.000 / 0.000       ms
[190.093s][info][gc,stats    ]    Critical: Allocation Stall                                  0 / 0                 0 / 0                 0 / 0                 0 / 0           ops/s
[190.093s][info][gc,stats    ]    Critical: GC Locker Stall                               0.000 / 0.000         0.000 / 0.000         0.000 / 0.000         0.000 / 0.000       ms
[190.093s][info][gc,stats    ]    Critical: GC Locker Stall                                   0 / 0                 0 / 0                 0 / 0                 0 / 0           ops/s
[190.093s][info][gc,stats    ]      Memory: Allocation Rate                                 382 / 826             284 / 1282            284 / 1282            284 / 1282        MB/s
[190.093s][info][gc,stats    ]      Memory: Heap Used After Mark                           1012 / 1610            949 / 1920            949 / 1920            949 / 1920        MB
[190.093s][info][gc,stats    ]      Memory: Heap Used After Relocation                      488 / 1122            457 / 1124            457 / 1124            457 / 1124        MB
[190.093s][info][gc,stats    ]      Memory: Heap Used Before Mark                           730 / 1122            766 / 1828            766 / 1828            766 / 1828        MB
[190.093s][info][gc,stats    ]      Memory: Heap Used Before Relocation                     650 / 1330            667 / 1330            667 / 1330            667 / 1330        MB
[190.093s][info][gc,stats    ]      Memory: Out Of Memory                                     0 / 0                 0 / 0                 0 / 0                 0 / 0           ops/s
[190.093s][info][gc,stats    ]      Memory: Page Cache Flush                                  9 / 52                4 / 72                4 / 72                4 / 72          MB/s
[190.093s][info][gc,stats    ]      Memory: Page Cache Hit L1                               167 / 372             129 / 642             129 / 642             129 / 642         ops/s
[190.093s][info][gc,stats    ]      Memory: Page Cache Hit L2                                 0 / 0                 0 / 0                 0 / 0                 0 / 0           ops/s
[190.093s][info][gc,stats    ]      Memory: Page Cache Miss                                   0 / 6                 5 / 223               5 / 223               5 / 223         ops/s
[190.093s][info][gc,stats    ]      Memory: Undo Object Allocation Failed                     0 / 0                 0 / 0                 0 / 0                 0 / 0           ops/s
[190.093s][info][gc,stats    ]      Memory: Undo Object Allocation Succeeded                  0 / 1                 0 / 3                 0 / 3                 0 / 3           ops/s
[190.093s][info][gc,stats    ]      Memory: Undo Page Allocation                              0 / 0                 0 / 1                 0 / 1                 0 / 1           ops/s
[190.093s][info][gc,stats    ]       Phase: Concurrent Destroy Detached Pages             0.001 / 0.005         0.001 / 0.011         0.001 / 0.011         0.001 / 0.011       ms
[190.093s][info][gc,stats    ]       Phase: Concurrent Mark                             760.154 / 1326.331    824.173 / 1560.269    824.173 / 1560.269    824.173 / 1560.269    ms
[190.093s][info][gc,stats    ]       Phase: Concurrent Mark Continue                      0.000 / 0.000         0.000 / 0.000         0.000 / 0.000         0.000 / 0.000       ms
[190.093s][info][gc,stats    ]       Phase: Concurrent Prepare Relocation Set             4.501 / 12.559        7.614 / 64.267        7.614 / 64.267        7.614 / 64.267      ms
[190.093s][info][gc,stats    ]       Phase: Concurrent Process Non-Strong References      1.696 / 3.085         1.891 / 8.400         1.891 / 8.400         1.891 / 8.400       ms
[190.093s][info][gc,stats    ]       Phase: Concurrent Relocate                          98.151 / 238.849     136.426 / 393.686     136.426 / 393.686     136.426 / 393.686     ms
[190.093s][info][gc,stats    ]       Phase: Concurrent Reset Relocation Set               0.388 / 0.743         0.461 / 2.228         0.461 / 2.228         0.461 / 2.228       ms
[190.093s][info][gc,stats    ]       Phase: Concurrent Select Relocation Set              2.212 / 5.376         2.031 / 8.406         2.031 / 8.406         2.031 / 8.406       ms
[190.093s][info][gc,stats    ]       Phase: Pause Mark End                                0.382 / 0.414         0.378 / 1.103         0.378 / 1.103         0.378 / 1.103       ms
[190.093s][info][gc,stats    ]       Phase: Pause Mark Start                              3.847 / 3.957         3.238 / 6.797         3.238 / 6.797         3.238 / 6.797       ms
[190.093s][info][gc,stats    ]       Phase: Pause Relocate Start                          3.884 / 8.275         2.873 / 8.275         2.873 / 8.275         2.873 / 8.275       ms
[190.093s][info][gc,stats    ]    Subphase: Concurrent Mark                             756.905 / 1322.086    821.284 / 1560.247    821.284 / 1560.247    821.284 / 1560.247    ms
[190.093s][info][gc,stats    ]    Subphase: Concurrent Mark Idle                          0.000 / 0.000         0.000 / 0.000         0.000 / 0.000         0.000 / 0.000       ms
[190.093s][info][gc,stats    ]    Subphase: Concurrent Mark Try Flush                     1.052 / 6.201         1.393 / 13.453        1.393 / 13.453        1.393 / 13.453      ms
[190.093s][info][gc,stats    ]    Subphase: Concurrent Mark Try Terminate                 0.369 / 1.027         0.448 / 2.462         0.448 / 2.462         0.448 / 2.462       ms
[190.093s][info][gc,stats    ]    Subphase: Concurrent References Enqueue                 0.003 / 0.004         0.002 / 0.007         0.002 / 0.007         0.002 / 0.007       ms
[190.093s][info][gc,stats    ]    Subphase: Concurrent References Process                 0.875 / 2.201         0.871 / 5.130         0.871 / 5.130         0.871 / 5.130       ms
[190.093s][info][gc,stats    ]    Subphase: Concurrent Weak Roots                         0.806 / 0.888         0.852 / 3.282         0.852 / 3.282         0.852 / 3.282       ms
[190.093s][info][gc,stats    ]    Subphase: Concurrent Weak Roots JNIWeakHandles          0.000 / 0.000         0.000 / 0.001         0.000 / 0.001         0.000 / 0.001       ms
[190.093s][info][gc,stats    ]    Subphase: Concurrent Weak Roots StringTable             0.585 / 0.602         0.638 / 2.798         0.638 / 2.798         0.638 / 2.798       ms
[190.093s][info][gc,stats    ]    Subphase: Concurrent Weak Roots VMWeakHandles           0.220 / 0.310         0.212 / 0.492         0.212 / 0.492         0.212 / 0.492       ms
[190.093s][info][gc,stats    ]    Subphase: Pause Mark Try Complete                       0.000 / 0.000         0.002 / 0.002         0.002 / 0.002         0.002 / 0.002       ms
[190.093s][info][gc,stats    ]    Subphase: Pause Remap TLABS                             0.002 / 0.003         0.002 / 0.007         0.002 / 0.007         0.002 / 0.007       ms
[190.093s][info][gc,stats    ]    Subphase: Pause Retire TLABS                            0.028 / 0.037         0.023 / 0.074         0.023 / 0.074         0.023 / 0.074       ms
[190.093s][info][gc,stats    ]    Subphase: Pause Roots                                   2.476 / 7.938         1.952 / 7.938         1.952 / 7.938         1.952 / 7.938       ms
[190.093s][info][gc,stats    ]    Subphase: Pause Roots ClassLoaderDataGraph              0.914 / 4.845         0.693 / 4.845         0.693 / 4.845         0.693 / 4.845       ms
[190.093s][info][gc,stats    ]    Subphase: Pause Roots CodeCache                         2.114 / 2.421         1.615 / 3.370         1.615 / 3.370         1.615 / 3.370       ms
[190.093s][info][gc,stats    ]    Subphase: Pause Roots JNIHandles                        0.001 / 0.001         0.001 / 0.006         0.001 / 0.006         0.001 / 0.006       ms
[190.093s][info][gc,stats    ]    Subphase: Pause Roots JNIWeakHandles                    0.000 / 0.000         0.000 / 0.000         0.000 / 0.000         0.000 / 0.000       ms
[190.093s][info][gc,stats    ]    Subphase: Pause Roots JRFWeak                           0.000 / 0.000         0.000 / 0.000         0.000 / 0.000         0.000 / 0.000       ms
[190.093s][info][gc,stats    ]    Subphase: Pause Roots JVMTIExport                       0.000 / 0.001         0.000 / 0.001         0.000 / 0.001         0.000 / 0.001       ms
[190.093s][info][gc,stats    ]    Subphase: Pause Roots JVMTIWeakExport                   0.001 / 0.001         0.001 / 0.001         0.001 / 0.001         0.001 / 0.001       ms
[190.093s][info][gc,stats    ]    Subphase: Pause Roots Management                        0.001 / 0.001         0.003 / 0.337         0.003 / 0.337         0.003 / 0.337       ms
[190.093s][info][gc,stats    ]    Subphase: Pause Roots ObjectSynchronizer                0.000 / 0.001         0.000 / 0.001         0.000 / 0.001         0.000 / 0.001       ms
[190.093s][info][gc,stats    ]    Subphase: Pause Roots Setup                             0.186 / 0.320         0.175 / 0.423         0.175 / 0.423         0.175 / 0.423       ms
[190.093s][info][gc,stats    ]    Subphase: Pause Roots StringTable                       0.000 / 0.000         0.000 / 0.000         0.000 / 0.000         0.000 / 0.000       ms
[190.093s][info][gc,stats    ]    Subphase: Pause Roots SystemDictionary                  0.012 / 0.014         0.013 / 0.041         0.013 / 0.041         0.013 / 0.041       ms
[190.093s][info][gc,stats    ]    Subphase: Pause Roots Teardown                          0.001 / 0.002         0.001 / 0.002         0.001 / 0.002         0.001 / 0.002       ms
[190.093s][info][gc,stats    ]    Subphase: Pause Roots Threads                           0.444 / 0.645         0.396 / 1.214         0.396 / 1.214         0.396 / 1.214       ms
[190.093s][info][gc,stats    ]    Subphase: Pause Roots Universe                          0.002 / 0.005         0.002 / 0.020         0.002 / 0.020         0.002 / 0.020       ms
[190.093s][info][gc,stats    ]    Subphase: Pause Roots VMWeakHandles                     0.000 / 0.000         0.000 / 0.000         0.000 / 0.000         0.000 / 0.000       ms
[190.093s][info][gc,stats    ]    Subphase: Pause Weak Roots                              0.001 / 0.002         0.002 / 0.005         0.002 / 0.005         0.002 / 0.005       ms
[190.093s][info][gc,stats    ]    Subphase: Pause Weak Roots JFRWeak                      0.001 / 0.001         0.001 / 0.001         0.001 / 0.001         0.001 / 0.001       ms
[190.093s][info][gc,stats    ]    Subphase: Pause Weak Roots JNIWeakHandles               0.000 / 0.000         0.000 / 0.000         0.000 / 0.000         0.000 / 0.000       ms
[190.093s][info][gc,stats    ]    Subphase: Pause Weak Roots JVMTIWeakExport              0.000 / 0.001         0.001 / 0.005         0.001 / 0.005         0.001 / 0.005       ms
[190.093s][info][gc,stats    ]    Subphase: Pause Weak Roots Setup                        0.000 / 0.000         0.000 / 0.000         0.000 / 0.000         0.000 / 0.000       ms
[190.093s][info][gc,stats    ]    Subphase: Pause Weak Roots StringTable                  0.000 / 0.000         0.000 / 0.000         0.000 / 0.000         0.000 / 0.000       ms
[190.093s][info][gc,stats    ]    Subphase: Pause Weak Roots SymbolTable                  0.000 / 0.000         0.000 / 0.000         0.000 / 0.000         0.000 / 0.000       ms
[190.093s][info][gc,stats    ]    Subphase: Pause Weak Roots Teardown                     0.001 / 0.001         0.000 / 0.001         0.000 / 0.001         0.000 / 0.001       ms
[190.093s][info][gc,stats    ]    Subphase: Pause Weak Roots VMWeakHandles                0.000 / 0.000         0.000 / 0.000         0.000 / 0.000         0.000 / 0.000       ms
[190.093s][info][gc,stats    ]      System: Java Threads                                    156 / 165             125 / 168             125 / 168             125 / 168         threads
[190.093s][info][gc,stats    ] =========================================================================================================================================================
[190.448s][info][gc,phases   ] GC(104) Concurrent Mark 642.283ms
[190.451s][info][gc,phases   ] GC(104) Pause Mark End 0.413ms
[190.452s][info][gc,phases   ] GC(104) Concurrent Process Non-Strong References 1.486ms
[190.452s][info][gc,phases   ] GC(104) Concurrent Reset Relocation Set 0.003ms
[190.452s][info][gc,phases   ] GC(104) Concurrent Destroy Detached Pages 0.000ms
[190.454s][info][gc,phases   ] GC(104) Concurrent Select Relocation Set 1.587ms
[190.454s][info][gc,phases   ] GC(104) Concurrent Prepare Relocation Set 0.069ms
[190.458s][info][gc,phases   ] GC(104) Pause Relocate Start 3.304ms
[190.464s][info][gc,phases   ] GC(104) Concurrent Relocate 5.822ms
[190.464s][info][gc,load     ] GC(104) Load: 1.73/1.68/1.10
[190.464s][info][gc,mmu      ] GC(104) MMU: 2ms/0.0%, 5ms/0.0%, 10ms/17.2%, 20ms/58.6%, 50ms/79.4%, 100ms/89.7%
[190.464s][info][gc,marking  ] GC(104) Mark: 1 stripe(s), 2 proactive flush(es), 1 terminate flush(es), 0 completion(s), 0 continuation(s) 
[190.464s][info][gc,reloc    ] GC(104) Relocation: Successful, 11M relocated
[190.464s][info][gc,nmethod  ] GC(104) NMethods: 5907 registered, 0 unregistered
[190.464s][info][gc,metaspace] GC(104) Metaspace: 74M used, 78M capacity, 78M committed, 80M reserved
[190.464s][info][gc,ref      ] GC(104) Soft: 4929 encountered, 0 discovered, 0 enqueued
[190.464s][info][gc,ref      ] GC(104) Weak: 4912 encountered, 3970 discovered, 6 enqueued
[190.464s][info][gc,ref      ] GC(104) Final: 28 encountered, 0 discovered, 0 enqueued
[190.464s][info][gc,ref      ] GC(104) Phantom: 662 encountered, 658 discovered, 0 enqueued
[190.464s][info][gc,heap     ] GC(104)                Mark Start          Mark End        Relocate Start      Relocate End           High               Low         
[190.464s][info][gc,heap     ] GC(104)  Capacity:     1990M (100%)       1990M (100%)       1990M (100%)       1990M (100%)       1990M (100%)       1990M (100%)   
[190.464s][info][gc,heap     ] GC(104)   Reserve:       34M (2%)           34M (2%)           34M (2%)           34M (2%)           34M (2%)           34M (2%)     
[190.464s][info][gc,heap     ] GC(104)      Free:     1676M (84%)        1442M (72%)        1474M (74%)        1496M (75%)        1676M (84%)        1442M (72%)    
[190.464s][info][gc,heap     ] GC(104)      Used:      280M (14%)         514M (26%)         482M (24%)         460M (23%)         514M (26%)         280M (14%)    
[190.464s][info][gc,heap     ] GC(104)      Live:         -               191M (10%)         191M (10%)         191M (10%)            -                  -          
[190.464s][info][gc,heap     ] GC(104) Allocated:         -               234M (12%)         234M (12%)         238M (12%)            -                  -          
[190.464s][info][gc,heap     ] GC(104)   Garbage:         -                88M (4%)           56M (3%)           34M (2%)             -                  -          
[190.464s][info][gc,heap     ] GC(104) Reclaimed:         -                  -                32M (2%)           54M (3%)             -                  -          
[190.464s][info][gc          ] GC(104) Garbage Collection (Allocation Rate) 280M(14%)->460M(23%)
[191.193s][info][gc,start    ] GC(105) Garbage Collection (Allocation Rate)
[191.203s][info][gc,phases   ] GC(105) Pause Mark Start 6.960ms
[191.808s][info][gc,heap     ] Page Cache Flushed: 4M requested, 10M(1000M->990M) flushed
[192.267s][info][gc,phases   ] GC(105) Concurrent Mark 1058.211ms
[192.270s][info][gc,phases   ] GC(105) Pause Mark End 0.400ms
[192.272s][info][gc,phases   ] GC(105) Concurrent Process Non-Strong References 1.449ms
[192.272s][info][gc,phases   ] GC(105) Concurrent Reset Relocation Set 0.005ms
[192.272s][info][gc,phases   ] GC(105) Concurrent Destroy Detached Pages 0.002ms
[192.273s][info][gc,phases   ] GC(105) Concurrent Select Relocation Set 1.599ms
[192.290s][info][gc,phases   ] GC(105) Concurrent Prepare Relocation Set 16.666ms
[192.296s][info][gc,phases   ] GC(105) Pause Relocate Start 3.247ms
[192.577s][info][gc,phases   ] GC(105) Concurrent Relocate 280.340ms
[192.577s][info][gc,load     ] GC(105) Load: 1.75/1.69/1.10
[192.577s][info][gc,mmu      ] GC(105) MMU: 2ms/0.0%, 5ms/0.0%, 10ms/17.2%, 20ms/58.6%, 50ms/79.4%, 100ms/89.7%
[192.577s][info][gc,marking  ] GC(105) Mark: 1 stripe(s), 2 proactive flush(es), 1 terminate flush(es), 0 completion(s), 0 continuation(s) 
[192.577s][info][gc,reloc    ] GC(105) Relocation: Successful, 72M relocated
[192.577s][info][gc,nmethod  ] GC(105) NMethods: 5907 registered, 0 unregistered
[192.577s][info][gc,metaspace] GC(105) Metaspace: 74M used, 78M capacity, 78M committed, 80M reserved
[192.577s][info][gc,ref      ] GC(105) Soft: 4930 encountered, 0 discovered, 0 enqueued
[192.577s][info][gc,ref      ] GC(105) Weak: 4981 encountered, 3976 discovered, 17 enqueued
[192.577s][info][gc,ref      ] GC(105) Final: 28 encountered, 0 discovered, 0 enqueued
[192.577s][info][gc,ref      ] GC(105) Phantom: 662 encountered, 658 discovered, 0 enqueued
[192.577s][info][gc,heap     ] GC(105)                Mark Start          Mark End        Relocate Start      Relocate End           High               Low         
[192.577s][info][gc,heap     ] GC(105)  Capacity:     1990M (100%)       1990M (100%)       1990M (100%)       1990M (100%)       1990M (100%)       1990M (100%)   
[192.577s][info][gc,heap     ] GC(105)   Reserve:       34M (2%)           34M (2%)           34M (2%)           34M (2%)           34M (2%)           34M (2%)     
[192.577s][info][gc,heap     ] GC(105)      Free:     1134M (57%)         920M (46%)         966M (49%)        1384M (70%)        1384M (70%)         920M (46%)    
[192.577s][info][gc,heap     ] GC(105)      Used:      822M (41%)        1036M (52%)         990M (50%)         572M (29%)        1036M (52%)         572M (29%)    
[192.577s][info][gc,heap     ] GC(105)      Live:         -               274M (14%)         274M (14%)         274M (14%)            -                  -          
[192.577s][info][gc,heap     ] GC(105) Allocated:         -               214M (11%)         218M (11%)         316M (16%)            -                  -          
[192.577s][info][gc,heap     ] GC(105)   Garbage:         -               547M (28%)         497M (25%)          79M (4%)             -                  -          
[192.577s][info][gc,heap     ] GC(105) Reclaimed:         -                  -                50M (3%)          468M (24%)            -                  -          
[192.577s][info][gc          ] GC(105) Garbage Collection (Allocation Rate) 822M(41%)->572M(29%)
[193.224s][info][gc,heap     ] Page Cache Flushed: 4M requested, 6M(1254M->1248M) flushed
[193.493s][info][gc,start    ] GC(106) Garbage Collection (Allocation Rate)
[193.500s][info][gc,phases   ] GC(106) Pause Mark Start 3.898ms
[193.874s][info][gc,heap     ] Page Cache Flushed: 8M requested, 12M(1016M->1004M) flushed
[194.366s][info][gc,phases   ] GC(106) Concurrent Mark 866.044ms
[194.370s][info][gc,phases   ] GC(106) Pause Mark End 0.405ms
[194.371s][info][gc,phases   ] GC(106) Concurrent Process Non-Strong References 1.433ms
[194.372s][info][gc,phases   ] GC(106) Concurrent Reset Relocation Set 1.040ms
[194.372s][info][gc,phases   ] GC(106) Concurrent Destroy Detached Pages 0.003ms
[194.374s][info][gc,phases   ] GC(106) Concurrent Select Relocation Set 1.628ms
[194.383s][info][gc,phases   ] GC(106) Concurrent Prepare Relocation Set 8.967ms
[194.389s][info][gc,phases   ] GC(106) Pause Relocate Start 3.412ms
[194.533s][info][gc,phases   ] GC(106) Concurrent Relocate 144.352ms
[194.533s][info][gc,load     ] GC(106) Load: 1.75/1.69/1.10
[194.533s][info][gc,mmu      ] GC(106) MMU: 2ms/0.0%, 5ms/0.0%, 10ms/17.2%, 20ms/58.6%, 50ms/79.4%, 100ms/89.7%
[194.533s][info][gc,marking  ] GC(106) Mark: 1 stripe(s), 2 proactive flush(es), 1 terminate flush(es), 0 completion(s), 0 continuation(s) 
[194.533s][info][gc,reloc    ] GC(106) Relocation: Successful, 56M relocated
[194.533s][info][gc,nmethod  ] GC(106) NMethods: 5920 registered, 0 unregistered
[194.533s][info][gc,metaspace] GC(106) Metaspace: 74M used, 78M capacity, 78M committed, 80M reserved
[194.533s][info][gc,ref      ] GC(106) Soft: 4930 encountered, 0 discovered, 0 enqueued
[194.533s][info][gc,ref      ] GC(106) Weak: 4932 encountered, 3929 discovered, 27 enqueued
[194.533s][info][gc,ref      ] GC(106) Final: 28 encountered, 0 discovered, 0 enqueued
[194.533s][info][gc,ref      ] GC(106) Phantom: 662 encountered, 658 discovered, 0 enqueued
[194.533s][info][gc,heap     ] GC(106)                Mark Start          Mark End        Relocate Start      Relocate End           High               Low         
[194.533s][info][gc,heap     ] GC(106)  Capacity:     1990M (100%)       1990M (100%)       1990M (100%)       1990M (100%)       1990M (100%)       1990M (100%)   
[194.534s][info][gc,heap     ] GC(106)   Reserve:       34M (2%)           34M (2%)           34M (2%)           34M (2%)           34M (2%)           34M (2%)     
[194.534s][info][gc,heap     ] GC(106)      Free:     1104M (55%)         896M (45%)        1284M (65%)        1418M (71%)        1422M (71%)         896M (45%)    
[194.534s][info][gc,heap     ] GC(106)      Used:      852M (43%)        1060M (53%)         672M (34%)         538M (27%)        1060M (53%)         534M (27%)    
[194.534s][info][gc,heap     ] GC(106)      Live:         -               254M (13%)         254M (13%)         254M (13%)            -                  -          
[194.534s][info][gc,heap     ] GC(106) Allocated:         -               208M (10%)         210M (11%)         272M (14%)            -                  -          
[194.534s][info][gc,heap     ] GC(106)   Garbage:         -               597M (30%)         207M (10%)          57M (3%)             -                  -          
[194.534s][info][gc,heap     ] GC(106) Reclaimed:         -                  -               390M (20%)         540M (27%)            -                  -          
[194.534s][info][gc          ] GC(106) Garbage Collection (Allocation Rate) 852M(43%)->538M(27%)
[195.093s][info][gc,start    ] GC(107) Garbage Collection (Allocation Rate)
[195.100s][info][gc,phases   ] GC(107) Pause Mark Start 3.878ms
[196.273s][info][gc,phases   ] GC(107) Concurrent Mark 1172.572ms
[196.276s][info][gc,phases   ] GC(107) Pause Mark End 0.427ms
[196.278s][info][gc,phases   ] GC(107) Concurrent Process Non-Strong References 1.519ms
[196.278s][info][gc,phases   ] GC(107) Concurrent Reset Relocation Set 0.563ms
[196.278s][info][gc,phases   ] GC(107) Concurrent Destroy Detached Pages 0.001ms
[196.280s][info][gc,phases   ] GC(107) Concurrent Select Relocation Set 1.557ms
[196.288s][info][gc,phases   ] GC(107) Concurrent Prepare Relocation Set 7.783ms
[196.294s][info][gc,phases   ] GC(107) Pause Relocate Start 3.278ms
[196.448s][info][gc,phases   ] GC(107) Concurrent Relocate 153.838ms
[196.448s][info][gc,load     ] GC(107) Load: 1.75/1.69/1.10
[196.448s][info][gc,mmu      ] GC(107) MMU: 2ms/0.0%, 5ms/0.0%, 10ms/17.2%, 20ms/58.6%, 50ms/79.4%, 100ms/89.7%
[196.448s][info][gc,marking  ] GC(107) Mark: 1 stripe(s), 2 proactive flush(es), 1 terminate flush(es), 0 completion(s), 0 continuation(s) 
[196.448s][info][gc,reloc    ] GC(107) Relocation: Successful, 50M relocated
[196.448s][info][gc,nmethod  ] GC(107) NMethods: 5922 registered, 0 unregistered
[196.448s][info][gc,metaspace] GC(107) Metaspace: 74M used, 78M capacity, 78M committed, 80M reserved
[196.448s][info][gc,ref      ] GC(107) Soft: 4930 encountered, 0 discovered, 0 enqueued
[196.448s][info][gc,ref      ] GC(107) Weak: 4905 encountered, 3925 discovered, 0 enqueued
[196.448s][info][gc,ref      ] GC(107) Final: 28 encountered, 0 discovered, 0 enqueued
[196.448s][info][gc,ref      ] GC(107) Phantom: 662 encountered, 658 discovered, 0 enqueued
[196.448s][info][gc,heap     ] GC(107)                Mark Start          Mark End        Relocate Start      Relocate End           High               Low         
[196.448s][info][gc,heap     ] GC(107)  Capacity:     1990M (100%)       1990M (100%)       1990M (100%)       1990M (100%)       1990M (100%)       1990M (100%)   
[196.448s][info][gc,heap     ] GC(107)   Reserve:       34M (2%)           34M (2%)           34M (2%)           34M (2%)           34M (2%)           34M (2%)     
[196.448s][info][gc,heap     ] GC(107)      Free:     1190M (60%)        1042M (52%)        1058M (53%)        1480M (74%)        1480M (74%)        1042M (52%)    
[196.448s][info][gc,heap     ] GC(107)      Used:      766M (38%)         914M (46%)         898M (45%)         476M (24%)         914M (46%)         476M (24%)    
[196.448s][info][gc,heap     ] GC(107)      Live:         -               286M (14%)         286M (14%)         286M (14%)            -                  -          
[196.448s][info][gc,heap     ] GC(107) Allocated:         -               148M (7%)          148M (7%)          172M (9%)             -                  -          
[196.448s][info][gc,heap     ] GC(107)   Garbage:         -               479M (24%)         463M (23%)          41M (2%)             -                  -          
[196.448s][info][gc,heap     ] GC(107) Reclaimed:         -                  -                16M (1%)          438M (22%)            -                  -          
[196.448s][info][gc          ] GC(107) Garbage Collection (Allocation Rate) 766M(38%)->476M(24%)
[197.094s][info][gc,start    ] GC(108) Garbage Collection (Allocation Rate)
[197.100s][info][gc,phases   ] GC(108) Pause Mark Start 3.813ms
[197.966s][info][gc,phases   ] GC(108) Concurrent Mark 865.841ms
[197.969s][info][gc,phases   ] GC(108) Pause Mark End 0.405ms
[197.971s][info][gc,phases   ] GC(108) Concurrent Process Non-Strong References 1.443ms
[197.971s][info][gc,phases   ] GC(108) Concurrent Reset Relocation Set 0.588ms
[197.971s][info][gc,phases   ] GC(108) Concurrent Destroy Detached Pages 0.000ms
[197.973s][info][gc,phases   ] GC(108) Concurrent Select Relocation Set 1.600ms
[197.981s][info][gc,phases   ] GC(108) Concurrent Prepare Relocation Set 8.232ms
[197.987s][info][gc,phases   ] GC(108) Pause Relocate Start 3.305ms
[198.144s][info][gc,phases   ] GC(108) Concurrent Relocate 156.032ms
[198.144s][info][gc,load     ] GC(108) Load: 1.77/1.70/1.11
[198.144s][info][gc,mmu      ] GC(108) MMU: 2ms/0.0%, 5ms/0.0%, 10ms/17.2%, 20ms/58.6%, 50ms/79.4%, 100ms/89.7%
[198.144s][info][gc,marking  ] GC(108) Mark: 1 stripe(s), 2 proactive flush(es), 1 terminate flush(es), 0 completion(s), 0 continuation(s) 
[198.144s][info][gc,reloc    ] GC(108) Relocation: Successful, 58M relocated
[198.144s][info][gc,nmethod  ] GC(108) NMethods: 5936 registered, 0 unregistered
[198.144s][info][gc,metaspace] GC(108) Metaspace: 74M used, 78M capacity, 78M committed, 80M reserved
[198.144s][info][gc,ref      ] GC(108) Soft: 4930 encountered, 0 discovered, 0 enqueued
[198.144s][info][gc,ref      ] GC(108) Weak: 5101 encountered, 4098 discovered, 142 enqueued
[198.144s][info][gc,ref      ] GC(108) Final: 28 encountered, 0 discovered, 0 enqueued
[198.144s][info][gc,ref      ] GC(108) Phantom: 662 encountered, 658 discovered, 0 enqueued
[198.144s][info][gc,heap     ] GC(108)                Mark Start          Mark End        Relocate Start      Relocate End           High               Low         
[198.144s][info][gc,heap     ] GC(108)  Capacity:     1990M (100%)       1990M (100%)       1990M (100%)       1990M (100%)       1990M (100%)       1990M (100%)   
[198.144s][info][gc,heap     ] GC(108)   Reserve:       34M (2%)           34M (2%)           34M (2%)           34M (2%)           34M (2%)           34M (2%)     
[198.144s][info][gc,heap     ] GC(108)      Free:     1208M (61%)        1002M (50%)        1264M (64%)        1418M (71%)        1420M (71%)        1002M (50%)    
[198.144s][info][gc,heap     ] GC(108)      Used:      748M (38%)         954M (48%)         692M (35%)         538M (27%)         954M (48%)         536M (27%)    
[198.144s][info][gc,heap     ] GC(108)      Live:         -               256M (13%)         256M (13%)         256M (13%)            -                  -          
[198.144s][info][gc,heap     ] GC(108) Allocated:         -               206M (10%)         208M (10%)         272M (14%)            -                  -          
[198.144s][info][gc,heap     ] GC(108)   Garbage:         -               491M (25%)         227M (11%)          61M (3%)             -                  -          
[198.144s][info][gc,heap     ] GC(108) Reclaimed:         -                  -               264M (13%)         430M (22%)            -                  -          
[198.144s][info][gc          ] GC(108) Garbage Collection (Allocation Rate) 748M(38%)->538M(27%)
[198.793s][info][gc,start    ] GC(109) Garbage Collection (Allocation Rate)
[198.800s][info][gc,phases   ] GC(109) Pause Mark Start 4.143ms
[200.022s][info][gc,phases   ] GC(109) Concurrent Mark 1221.963ms
[200.026s][info][gc,phases   ] GC(109) Pause Mark End 0.867ms
[200.028s][info][gc,phases   ] GC(109) Concurrent Process Non-Strong References 2.833ms
[200.030s][info][gc,phases   ] GC(109) Concurrent Reset Relocation Set 1.211ms
[200.030s][info][gc,phases   ] GC(109) Concurrent Destroy Detached Pages 0.001ms
[200.038s][info][gc,phases   ] GC(109) Concurrent Select Relocation Set 7.794ms
[200.053s][info][gc,phases   ] GC(109) Concurrent Prepare Relocation Set 15.663ms
[200.062s][info][gc,phases   ] GC(109) Pause Relocate Start 4.573ms
[200.093s][info][gc,stats    ] === Garbage Collection Statistics =======================================================================================================================
[200.093s][info][gc,stats    ]                                                              Last 10s              Last 10m              Last 10h                Total
[200.093s][info][gc,stats    ]                                                              Avg / Max             Avg / Max             Avg / Max             Avg / Max
[200.093s][info][gc,stats    ]   Collector: Garbage Collection Cycle                   1099.748 / 1383.537    993.991 / 1704.378    993.991 / 1704.378    993.991 / 1704.378    ms
[200.093s][info][gc,stats    ]  Contention: Mark Segment Reset Contention                     0 / 0                 0 / 0                 0 / 0                 0 / 0           ops/s
[200.093s][info][gc,stats    ]  Contention: Mark SeqNum Reset Contention                      0 / 0                 0 / 0                 0 / 0                 0 / 0           ops/s
[200.093s][info][gc,stats    ]  Contention: Relocation Contention                             0 / 1                 0 / 3                 0 / 3                 0 / 3           ops/s
[200.093s][info][gc,stats    ]    Critical: Allocation Stall                              0.000 / 0.000         0.000 / 0.000         0.000 / 0.000         0.000 / 0.000       ms
[200.093s][info][gc,stats    ]    Critical: Allocation Stall                                  0 / 0                 0 / 0                 0 / 0                 0 / 0           ops/s
[200.093s][info][gc,stats    ]    Critical: GC Locker Stall                               0.000 / 0.000         0.000 / 0.000         0.000 / 0.000         0.000 / 0.000       ms
[200.093s][info][gc,stats    ]    Critical: GC Locker Stall                                   0 / 0                 0 / 0                 0 / 0                 0 / 0           ops/s
[200.093s][info][gc,stats    ]      Memory: Allocation Rate                                 250 / 412             283 / 1282            283 / 1282            283 / 1282        MB/s
[200.093s][info][gc,stats    ]      Memory: Heap Used After Mark                            896 / 1060            946 / 1920            946 / 1920            946 / 1920        MB
[200.094s][info][gc,stats    ]      Memory: Heap Used After Relocation                      516 / 572             459 / 1124            459 / 1124            459 / 1124        MB
[200.094s][info][gc,stats    ]      Memory: Heap Used Before Mark                           800 / 852             768 / 1828            768 / 1828            768 / 1828        MB
[200.094s][info][gc,stats    ]      Memory: Heap Used Before Relocation                     769 / 990             673 / 1330            673 / 1330            673 / 1330        MB
[200.094s][info][gc,stats    ]      Memory: Out Of Memory                                     0 / 0                 0 / 0                 0 / 0                 0 / 0           ops/s
[200.094s][info][gc,stats    ]      Memory: Page Cache Flush                                  2 / 18                4 / 72                4 / 72                4 / 72          MB/s
[200.094s][info][gc,stats    ]      Memory: Page Cache Hit L1                               121 / 201             128 / 642             128 / 642             128 / 642         ops/s
[200.094s][info][gc,stats    ]      Memory: Page Cache Hit L2                                 0 / 0                 0 / 0                 0 / 0                 0 / 0           ops/s
[200.094s][info][gc,stats    ]      Memory: Page Cache Miss                                   0 / 2                 4 / 223               4 / 223               4 / 223         ops/s
[200.094s][info][gc,stats    ]      Memory: Undo Object Allocation Failed                     0 / 0                 0 / 0                 0 / 0                 0 / 0           ops/s
[200.094s][info][gc,stats    ]      Memory: Undo Object Allocation Succeeded                  0 / 1                 0 / 3                 0 / 3                 0 / 3           ops/s
[200.094s][info][gc,stats    ]      Memory: Undo Page Allocation                              0 / 0                 0 / 1                 0 / 1                 0 / 1           ops/s
[200.094s][info][gc,stats    ]       Phase: Concurrent Destroy Detached Pages             0.001 / 0.003         0.001 / 0.011         0.001 / 0.011         0.001 / 0.011       ms
[200.094s][info][gc,stats    ]       Phase: Concurrent Mark                             971.152 / 1221.963    832.190 / 1560.269    832.190 / 1560.269    832.190 / 1560.269    ms
[200.094s][info][gc,stats    ]       Phase: Concurrent Mark Continue                      0.000 / 0.000         0.000 / 0.000         0.000 / 0.000         0.000 / 0.000       ms
[200.094s][info][gc,stats    ]       Phase: Concurrent Prepare Relocation Set             9.563 / 16.666        7.720 / 64.267        7.720 / 64.267        7.720 / 64.267      ms
[200.094s][info][gc,stats    ]       Phase: Concurrent Process Non-Strong References      1.694 / 2.833         1.880 / 8.400         1.880 / 8.400         1.880 / 8.400       ms
[200.094s][info][gc,stats    ]       Phase: Concurrent Relocate                         148.077 / 280.340     136.960 / 393.686     136.960 / 393.686     136.960 / 393.686     ms
[200.094s][info][gc,stats    ]       Phase: Concurrent Reset Relocation Set               0.569 / 1.211         0.467 / 2.228         0.467 / 2.228         0.467 / 2.228       ms
[200.094s][info][gc,stats    ]       Phase: Concurrent Select Relocation Set              2.627 / 7.794         2.064 / 8.406         2.064 / 8.406         2.064 / 8.406       ms
[200.094s][info][gc,stats    ]       Phase: Pause Mark End                                0.486 / 0.867         0.383 / 1.103         0.383 / 1.103         0.383 / 1.103       ms
[200.094s][info][gc,stats    ]       Phase: Pause Mark Start                              4.538 / 6.960         3.297 / 6.960         3.297 / 6.960         3.297 / 6.960       ms
[200.094s][info][gc,stats    ]       Phase: Pause Relocate Start                          3.520 / 4.573         2.909 / 8.275         2.909 / 8.275         2.909 / 8.275       ms
[200.094s][info][gc,stats    ]    Subphase: Concurrent Mark                             968.952 / 1217.533    829.338 / 1560.247    829.338 / 1560.247    829.338 / 1560.247    ms
[200.094s][info][gc,stats    ]    Subphase: Concurrent Mark Idle                          0.000 / 0.000         0.000 / 0.000         0.000 / 0.000         0.000 / 0.000       ms
[200.094s][info][gc,stats    ]    Subphase: Concurrent Mark Try Flush                     1.423 / 7.956         1.394 / 13.453        1.394 / 13.453        1.394 / 13.453      ms
[200.094s][info][gc,stats    ]    Subphase: Concurrent Mark Try Terminate                 0.488 / 1.015         0.450 / 2.462         0.450 / 2.462         0.450 / 2.462       ms
[200.094s][info][gc,stats    ]    Subphase: Concurrent References Enqueue                 0.002 / 0.002         0.002 / 0.007         0.002 / 0.007         0.002 / 0.007       ms
[200.094s][info][gc,stats    ]    Subphase: Concurrent References Process                 0.768 / 1.101         0.865 / 5.130         0.865 / 5.130         0.865 / 5.130       ms
[200.094s][info][gc,stats    ]    Subphase: Concurrent Weak Roots                         0.916 / 1.716         0.855 / 3.282         0.855 / 3.282         0.855 / 3.282       ms
[200.094s][info][gc,stats    ]    Subphase: Concurrent Weak Roots JNIWeakHandles          0.000 / 0.000         0.000 / 0.001         0.000 / 0.001         0.000 / 0.001       ms
[200.094s][info][gc,stats    ]    Subphase: Concurrent Weak Roots StringTable             0.689 / 1.293         0.641 / 2.798         0.641 / 2.798         0.641 / 2.798       ms
[200.094s][info][gc,stats    ]    Subphase: Concurrent Weak Roots VMWeakHandles           0.226 / 0.420         0.213 / 0.492         0.213 / 0.492         0.213 / 0.492       ms
[200.094s][info][gc,stats    ]    Subphase: Pause Mark Try Complete                       0.000 / 0.000         0.002 / 0.002         0.002 / 0.002         0.002 / 0.002       ms
[200.094s][info][gc,stats    ]    Subphase: Pause Remap TLABS                             0.003 / 0.008         0.002 / 0.008         0.002 / 0.008         0.002 / 0.008       ms
[200.094s][info][gc,stats    ]    Subphase: Pause Retire TLABS                            0.031 / 0.047         0.023 / 0.074         0.023 / 0.074         0.023 / 0.074       ms
[200.094s][info][gc,stats    ]    Subphase: Pause Roots                                   2.523 / 6.560         1.981 / 7.938         1.981 / 7.938         1.981 / 7.938       ms
[200.094s][info][gc,stats    ]    Subphase: Pause Roots ClassLoaderDataGraph              0.749 / 1.540         0.695 / 4.845         0.695 / 4.845         0.695 / 4.845       ms
[200.094s][info][gc,stats    ]    Subphase: Pause Roots CodeCache                         2.343 / 3.889         1.651 / 3.889         1.651 / 3.889         1.651 / 3.889       ms
[200.094s][info][gc,stats    ]    Subphase: Pause Roots JNIHandles                        0.001 / 0.002         0.001 / 0.006         0.001 / 0.006         0.001 / 0.006       ms
[200.094s][info][gc,stats    ]    Subphase: Pause Roots JNIWeakHandles                    0.000 / 0.000         0.000 / 0.000         0.000 / 0.000         0.000 / 0.000       ms
[200.094s][info][gc,stats    ]    Subphase: Pause Roots JRFWeak                           0.000 / 0.000         0.000 / 0.000         0.000 / 0.000         0.000 / 0.000       ms
[200.094s][info][gc,stats    ]    Subphase: Pause Roots JVMTIExport                       0.000 / 0.001         0.000 / 0.001         0.000 / 0.001         0.000 / 0.001       ms
[200.094s][info][gc,stats    ]    Subphase: Pause Roots JVMTIWeakExport                   0.001 / 0.001         0.001 / 0.001         0.001 / 0.001         0.001 / 0.001       ms
[200.094s][info][gc,stats    ]    Subphase: Pause Roots Management                        0.001 / 0.002         0.003 / 0.337         0.003 / 0.337         0.003 / 0.337       ms
[200.094s][info][gc,stats    ]    Subphase: Pause Roots ObjectSynchronizer                0.000 / 0.000         0.000 / 0.001         0.000 / 0.001         0.000 / 0.001       ms
[200.094s][info][gc,stats    ]    Subphase: Pause Roots Setup                             0.183 / 0.366         0.175 / 0.423         0.175 / 0.423         0.175 / 0.423       ms
[200.094s][info][gc,stats    ]    Subphase: Pause Roots StringTable                       0.000 / 0.000         0.000 / 0.000         0.000 / 0.000         0.000 / 0.000       ms
[200.094s][info][gc,stats    ]    Subphase: Pause Roots SystemDictionary                  0.013 / 0.019         0.013 / 0.041         0.013 / 0.041         0.013 / 0.041       ms
[200.094s][info][gc,stats    ]    Subphase: Pause Roots Teardown                          0.001 / 0.005         0.001 / 0.005         0.001 / 0.005         0.001 / 0.005       ms
[200.094s][info][gc,stats    ]    Subphase: Pause Roots Threads                           0.508 / 1.097         0.402 / 1.214         0.402 / 1.214         0.402 / 1.214       ms
[200.094s][info][gc,stats    ]    Subphase: Pause Roots Universe                          0.002 / 0.004         0.002 / 0.020         0.002 / 0.020         0.002 / 0.020       ms
[200.094s][info][gc,stats    ]    Subphase: Pause Roots VMWeakHandles                     0.000 / 0.000         0.000 / 0.000         0.000 / 0.000         0.000 / 0.000       ms
[200.094s][info][gc,stats    ]    Subphase: Pause Weak Roots                              0.002 / 0.003         0.002 / 0.005         0.002 / 0.005         0.002 / 0.005       ms
[200.094s][info][gc,stats    ]    Subphase: Pause Weak Roots JFRWeak                      0.001 / 0.001         0.001 / 0.001         0.001 / 0.001         0.001 / 0.001       ms
[200.094s][info][gc,stats    ]    Subphase: Pause Weak Roots JNIWeakHandles               0.000 / 0.000         0.000 / 0.000         0.000 / 0.000         0.000 / 0.000       ms
[200.094s][info][gc,stats    ]    Subphase: Pause Weak Roots JVMTIWeakExport              0.001 / 0.001         0.001 / 0.005         0.001 / 0.005         0.001 / 0.005       ms
[200.094s][info][gc,stats    ]    Subphase: Pause Weak Roots Setup                        0.000 / 0.000         0.000 / 0.000         0.000 / 0.000         0.000 / 0.000       ms
[200.094s][info][gc,stats    ]    Subphase: Pause Weak Roots StringTable                  0.000 / 0.000         0.000 / 0.000         0.000 / 0.000         0.000 / 0.000       ms
[200.094s][info][gc,stats    ]    Subphase: Pause Weak Roots SymbolTable                  0.000 / 0.000         0.000 / 0.000         0.000 / 0.000         0.000 / 0.000       ms
[200.094s][info][gc,stats    ]    Subphase: Pause Weak Roots Teardown                     0.001 / 0.001         0.000 / 0.001         0.000 / 0.001         0.000 / 0.001       ms
[200.094s][info][gc,stats    ]    Subphase: Pause Weak Roots VMWeakHandles                0.000 / 0.000         0.000 / 0.000         0.000 / 0.000         0.000 / 0.000       ms
[200.094s][info][gc,stats    ]      System: Java Threads                                    168 / 168             127 / 168             127 / 168             127 / 168         threads
[200.094s][info][gc,stats    ] =========================================================================================================================================================
[200.262s][info][gc,phases   ] GC(109) Concurrent Relocate 200.112ms
[200.262s][info][gc,load     ] GC(109) Load: 1.77/1.70/1.11
[200.262s][info][gc,mmu      ] GC(109) MMU: 2ms/0.0%, 5ms/0.0%, 10ms/17.2%, 20ms/58.6%, 50ms/79.4%, 100ms/89.7%
[200.262s][info][gc,marking  ] GC(109) Mark: 1 stripe(s), 2 proactive flush(es), 1 terminate flush(es), 0 completion(s), 0 continuation(s) 
[200.262s][info][gc,reloc    ] GC(109) Relocation: Successful, 51M relocated
[200.262s][info][gc,nmethod  ] GC(109) NMethods: 5937 registered, 0 unregistered
[200.262s][info][gc,metaspace] GC(109) Metaspace: 74M used, 78M capacity, 78M committed, 80M reserved
[200.262s][info][gc,ref      ] GC(109) Soft: 4930 encountered, 0 discovered, 0 enqueued
[200.262s][info][gc,ref      ] GC(109) Weak: 4959 encountered, 3954 discovered, 0 enqueued
[200.262s][info][gc,ref      ] GC(109) Final: 28 encountered, 0 discovered, 0 enqueued
[200.262s][info][gc,ref      ] GC(109) Phantom: 662 encountered, 658 discovered, 0 enqueued
[200.262s][info][gc,heap     ] GC(109)                Mark Start          Mark End        Relocate Start      Relocate End           High               Low         
[200.262s][info][gc,heap     ] GC(109)  Capacity:     1990M (100%)       1990M (100%)       1990M (100%)       1990M (100%)       1990M (100%)       1990M (100%)   
[200.262s][info][gc,heap     ] GC(109)   Reserve:       34M (2%)           34M (2%)           34M (2%)           34M (2%)           34M (2%)           34M (2%)     
[200.262s][info][gc,heap     ] GC(109)      Free:     1140M (57%)        1056M (53%)        1072M (54%)        1538M (77%)        1538M (77%)        1056M (53%)    
[200.262s][info][gc,heap     ] GC(109)      Used:      816M (41%)         900M (45%)         884M (44%)         418M (21%)         900M (45%)         418M (21%)    
[200.262s][info][gc,heap     ] GC(109)      Live:         -               288M (14%)         288M (14%)         288M (14%)            -                  -          
[200.262s][info][gc,heap     ] GC(109) Allocated:         -                84M (4%)           84M (4%)          122M (6%)             -                  -          
[200.262s][info][gc,heap     ] GC(109)   Garbage:         -               527M (27%)         511M (26%)          45M (2%)             -                  -          
[200.262s][info][gc,heap     ] GC(109) Reclaimed:         -                  -                16M (1%)          482M (24%)            -                  -          
[200.262s][info][gc          ] GC(109) Garbage Collection (Allocation Rate) 816M(41%)->418M(21%)
[200.893s][info][gc,start    ] GC(110) Garbage Collection (Allocation Rate)
[200.899s][info][gc,phases   ] GC(110) Pause Mark Start 3.875ms
[201.714s][info][gc,phases   ] GC(110) Concurrent Mark 814.920ms
[201.718s][info][gc,phases   ] GC(110) Pause Mark End 0.417ms
[201.719s][info][gc,phases   ] GC(110) Concurrent Process Non-Strong References 1.485ms
[201.720s][info][gc,phases   ] GC(110) Concurrent Reset Relocation Set 0.714ms
[201.720s][info][gc,phases   ] GC(110) Concurrent Destroy Detached Pages 0.001ms
[201.722s][info][gc,phases   ] GC(110) Concurrent Select Relocation Set 1.536ms
[201.730s][info][gc,phases   ] GC(110) Concurrent Prepare Relocation Set 7.863ms
[201.736s][info][gc,phases   ] GC(110) Pause Relocate Start 3.251ms
[201.859s][info][gc,phases   ] GC(110) Concurrent Relocate 122.596ms
[201.859s][info][gc,load     ] GC(110) Load: 1.77/1.70/1.11
[201.859s][info][gc,mmu      ] GC(110) MMU: 2ms/0.0%, 5ms/0.0%, 10ms/17.2%, 20ms/58.6%, 50ms/79.4%, 100ms/89.7%
[201.859s][info][gc,marking  ] GC(110) Mark: 1 stripe(s), 2 proactive flush(es), 1 terminate flush(es), 0 completion(s), 0 continuation(s) 
[201.859s][info][gc,reloc    ] GC(110) Relocation: Successful, 55M relocated
[201.859s][info][gc,nmethod  ] GC(110) NMethods: 5959 registered, 0 unregistered
[201.859s][info][gc,metaspace] GC(110) Metaspace: 74M used, 78M capacity, 78M committed, 80M reserved
[201.859s][info][gc,ref      ] GC(110) Soft: 4931 encountered, 0 discovered, 0 enqueued
[201.859s][info][gc,ref      ] GC(110) Weak: 5164 encountered, 4112 discovered, 84 enqueued
[201.859s][info][gc,ref      ] GC(110) Final: 28 encountered, 0 discovered, 0 enqueued
[201.859s][info][gc,ref      ] GC(110) Phantom: 662 encountered, 658 discovered, 0 enqueued
[201.859s][info][gc,heap     ] GC(110)                Mark Start          Mark End        Relocate Start      Relocate End           High               Low         
[201.859s][info][gc,heap     ] GC(110)  Capacity:     1990M (100%)       1990M (100%)       1990M (100%)       1990M (100%)       1990M (100%)       1990M (100%)   
[201.859s][info][gc,heap     ] GC(110)   Reserve:       34M (2%)           34M (2%)           34M (2%)           34M (2%)           34M (2%)           34M (2%)     
[201.859s][info][gc,heap     ] GC(110)      Free:     1260M (63%)        1056M (53%)        1244M (63%)        1434M (72%)        1436M (72%)        1054M (53%)    
[201.859s][info][gc,heap     ] GC(110)      Used:      696M (35%)         900M (45%)         712M (36%)         522M (26%)         902M (45%)         520M (26%)    
[201.859s][info][gc,heap     ] GC(110)      Live:         -               246M (12%)         246M (12%)         246M (12%)            -                  -          
[201.859s][info][gc,heap     ] GC(110) Allocated:         -               204M (10%)         208M (10%)         294M (15%)            -                  -          
[201.859s][info][gc,heap     ] GC(110)   Garbage:         -               449M (23%)         257M (13%)          65M (3%)             -                  -          
[201.859s][info][gc,heap     ] GC(110) Reclaimed:         -                  -               192M (10%)         384M (19%)            -                  -          
[201.859s][info][gc          ] GC(110) Garbage Collection (Allocation Rate) 696M(35%)->522M(26%)
[202.293s][info][gc,start    ] GC(111) Garbage Collection (Allocation Rate)
[202.300s][info][gc,phases   ] GC(111) Pause Mark Start 3.890ms
[203.524s][info][gc,phases   ] GC(111) Concurrent Mark 1224.367ms
[203.527s][info][gc,phases   ] GC(111) Pause Mark End 0.419ms
[203.529s][info][gc,phases   ] GC(111) Concurrent Process Non-Strong References 1.793ms
[203.530s][info][gc,phases   ] GC(111) Concurrent Reset Relocation Set 0.466ms
[203.530s][info][gc,phases   ] GC(111) Concurrent Destroy Detached Pages 0.000ms
[203.531s][info][gc,phases   ] GC(111) Concurrent Select Relocation Set 1.546ms
[203.540s][info][gc,phases   ] GC(111) Concurrent Prepare Relocation Set 8.666ms
[203.546s][info][gc,phases   ] GC(111) Pause Relocate Start 3.289ms
[203.718s][info][gc,phases   ] GC(111) Concurrent Relocate 167.539ms
[203.718s][info][gc,load     ] GC(111) Load: 1.79/1.70/1.11
[203.718s][info][gc,mmu      ] GC(111) MMU: 2ms/0.0%, 5ms/0.0%, 10ms/17.2%, 20ms/58.6%, 50ms/79.4%, 100ms/89.7%
[203.718s][info][gc,marking  ] GC(111) Mark: 1 stripe(s), 2 proactive flush(es), 1 terminate flush(es), 0 completion(s), 0 continuation(s) 
[203.718s][info][gc,reloc    ] GC(111) Relocation: Successful, 54M relocated
[203.718s][info][gc,nmethod  ] GC(111) NMethods: 5960 registered, 0 unregistered
[203.718s][info][gc,metaspace] GC(111) Metaspace: 74M used, 78M capacity, 78M committed, 80M reserved
[203.718s][info][gc,ref      ] GC(111) Soft: 4931 encountered, 0 discovered, 0 enqueued
[203.718s][info][gc,ref      ] GC(111) Weak: 5089 encountered, 4060 discovered, 78 enqueued
[203.718s][info][gc,ref      ] GC(111) Final: 28 encountered, 0 discovered, 0 enqueued
[203.718s][info][gc,ref      ] GC(111) Phantom: 662 encountered, 658 discovered, 0 enqueued
[203.718s][info][gc,heap     ] GC(111)                Mark Start          Mark End        Relocate Start      Relocate End           High               Low         
[203.718s][info][gc,heap     ] GC(111)  Capacity:     1990M (100%)       1990M (100%)       1990M (100%)       1990M (100%)       1990M (100%)       1990M (100%)   
[203.718s][info][gc,heap     ] GC(111)   Reserve:       34M (2%)           34M (2%)           34M (2%)           34M (2%)           34M (2%)           34M (2%)     
[203.718s][info][gc,heap     ] GC(111)      Free:     1224M (62%)        1070M (54%)        1076M (54%)        1482M (74%)        1482M (74%)        1070M (54%)    
[203.718s][info][gc,heap     ] GC(111)      Used:      732M (37%)         886M (45%)         880M (44%)         474M (24%)         886M (45%)         474M (24%)    
[203.718s][info][gc,heap     ] GC(111)      Live:         -               277M (14%)         277M (14%)         277M (14%)            -                  -          
[203.718s][info][gc,heap     ] GC(111) Allocated:         -               154M (8%)          154M (8%)          184M (9%)             -                  -          
[203.718s][info][gc,heap     ] GC(111)   Garbage:         -               454M (23%)         448M (23%)          42M (2%)             -                  -          
[203.718s][info][gc,heap     ] GC(111) Reclaimed:         -                  -                 6M (0%)          412M (21%)            -                  -          
[203.718s][info][gc          ] GC(111) Garbage Collection (Allocation Rate) 732M(37%)->474M(24%)
[204.494s][info][gc,start    ] GC(112) Garbage Collection (Allocation Rate)
[204.500s][info][gc,phases   ] GC(112) Pause Mark Start 3.837ms
[205.106s][info][gc,heap     ] Page Cache Flushed: 6M requested, 8M(1036M->1028M) flushed
[205.265s][info][gc,phases   ] GC(112) Concurrent Mark 764.180ms
[205.268s][info][gc,phases   ] GC(112) Pause Mark End 0.402ms
[205.269s][info][gc,phases   ] GC(112) Concurrent Process Non-Strong References 1.488ms
[205.270s][info][gc,phases   ] GC(112) Concurrent Reset Relocation Set 0.648ms
[205.270s][info][gc,phases   ] GC(112) Concurrent Destroy Detached Pages 0.003ms
[205.272s][info][gc,phases   ] GC(112) Concurrent Select Relocation Set 1.561ms
[205.275s][info][gc,phases   ] GC(112) Concurrent Prepare Relocation Set 3.005ms
[205.278s][info][gc,phases   ] GC(112) Pause Relocate Start 3.321ms
[205.392s][info][gc,phases   ] GC(112) Concurrent Relocate 107.935ms
[205.392s][info][gc,load     ] GC(112) Load: 1.79/1.70/1.11
[205.392s][info][gc,mmu      ] GC(112) MMU: 2ms/0.0%, 5ms/0.0%, 10ms/17.2%, 20ms/58.6%, 50ms/79.4%, 100ms/89.7%
[205.392s][info][gc,marking  ] GC(112) Mark: 1 stripe(s), 2 proactive flush(es), 1 terminate flush(es), 0 completion(s), 0 continuation(s) 
[205.392s][info][gc,reloc    ] GC(112) Relocation: Successful, 51M relocated
[205.392s][info][gc,nmethod  ] GC(112) NMethods: 5974 registered, 0 unregistered
[205.392s][info][gc,metaspace] GC(112) Metaspace: 74M used, 78M capacity, 78M committed, 80M reserved
[205.392s][info][gc,ref      ] GC(112) Soft: 4931 encountered, 0 discovered, 0 enqueued
[205.392s][info][gc,ref      ] GC(112) Weak: 4976 encountered, 3924 discovered, 21 enqueued
[205.392s][info][gc,ref      ] GC(112) Final: 28 encountered, 0 discovered, 0 enqueued
[205.392s][info][gc,ref      ] GC(112) Phantom: 662 encountered, 658 discovered, 0 enqueued
[205.392s][info][gc,heap     ] GC(112)                Mark Start          Mark End        Relocate Start      Relocate End           High               Low         
[205.392s][info][gc,heap     ] GC(112)  Capacity:     1990M (100%)       1990M (100%)       1990M (100%)       1990M (100%)       1990M (100%)       1990M (100%)   
[205.392s][info][gc,heap     ] GC(112)   Reserve:       34M (2%)           34M (2%)           34M (2%)           34M (2%)           34M (2%)           34M (2%)     
[205.392s][info][gc,heap     ] GC(112)      Free:     1232M (62%)         998M (50%)        1250M (63%)        1448M (73%)        1452M (73%)         998M (50%)    
[205.392s][info][gc,heap     ] GC(112)      Used:      724M (36%)         958M (48%)         706M (35%)         508M (26%)         958M (48%)         504M (25%)    
[205.392s][info][gc,heap     ] GC(112)      Live:         -               243M (12%)         243M (12%)         243M (12%)            -                  -          
[205.392s][info][gc,heap     ] GC(112) Allocated:         -               238M (12%)         238M (12%)         292M (15%)            -                  -          
[205.392s][info][gc,heap     ] GC(112)   Garbage:         -               480M (24%)         228M (11%)          26M (1%)             -                  -          
[205.392s][info][gc,heap     ] GC(112) Reclaimed:         -                  -               252M (13%)         454M (23%)            -                  -          
[205.392s][info][gc          ] GC(112) Garbage Collection (Allocation Rate) 724M(36%)->508M(26%)
[205.893s][info][gc,start    ] GC(113) Garbage Collection (Allocation Rate)
[205.900s][info][gc,phases   ] GC(113) Pause Mark Start 3.833ms
[207.023s][info][gc,phases   ] GC(113) Concurrent Mark 1122.875ms
[207.026s][info][gc,phases   ] GC(113) Pause Mark End 0.407ms
[207.028s][info][gc,phases   ] GC(113) Concurrent Process Non-Strong References 1.462ms
[207.028s][info][gc,phases   ] GC(113) Concurrent Reset Relocation Set 0.035ms
[207.028s][info][gc,phases   ] GC(113) Concurrent Destroy Detached Pages 0.000ms
[207.030s][info][gc,phases   ] GC(113) Concurrent Select Relocation Set 2.170ms
[207.037s][info][gc,phases   ] GC(113) Concurrent Prepare Relocation Set 7.377ms
[207.044s][info][gc,phases   ] GC(113) Pause Relocate Start 3.312ms
[207.231s][info][gc,phases   ] GC(113) Concurrent Relocate 186.919ms
[207.231s][info][gc,load     ] GC(113) Load: 1.79/1.70/1.11
[207.231s][info][gc,mmu      ] GC(113) MMU: 2ms/0.0%, 5ms/0.0%, 10ms/17.2%, 20ms/58.6%, 50ms/79.4%, 100ms/89.7%
[207.231s][info][gc,marking  ] GC(113) Mark: 1 stripe(s), 2 proactive flush(es), 1 terminate flush(es), 0 completion(s), 0 continuation(s) 
[207.231s][info][gc,reloc    ] GC(113) Relocation: Successful, 49M relocated
[207.231s][info][gc,nmethod  ] GC(113) NMethods: 5974 registered, 0 unregistered
[207.231s][info][gc,metaspace] GC(113) Metaspace: 74M used, 78M capacity, 78M committed, 80M reserved
[207.231s][info][gc,ref      ] GC(113) Soft: 4931 encountered, 0 discovered, 0 enqueued
[207.231s][info][gc,ref      ] GC(113) Weak: 4960 encountered, 3909 discovered, 5 enqueued
[207.231s][info][gc,ref      ] GC(113) Final: 28 encountered, 0 discovered, 0 enqueued
[207.231s][info][gc,ref      ] GC(113) Phantom: 662 encountered, 658 discovered, 0 enqueued
[207.231s][info][gc,heap     ] GC(113)                Mark Start          Mark End        Relocate Start      Relocate End           High               Low         
[207.231s][info][gc,heap     ] GC(113)  Capacity:     1990M (100%)       1990M (100%)       1990M (100%)       1990M (100%)       1990M (100%)       1990M (100%)   
[207.231s][info][gc,heap     ] GC(113)   Reserve:       34M (2%)           34M (2%)           34M (2%)           34M (2%)           34M (2%)           34M (2%)     
[207.231s][info][gc,heap     ] GC(113)      Free:     1204M (61%)        1046M (53%)        1052M (53%)        1484M (75%)        1484M (75%)        1046M (53%)    
[207.231s][info][gc,heap     ] GC(113)      Used:      752M (38%)         910M (46%)         904M (45%)         472M (24%)         910M (46%)         472M (24%)    
[207.231s][info][gc,heap     ] GC(113)      Live:         -               276M (14%)         276M (14%)         276M (14%)            -                  -          
[207.231s][info][gc,heap     ] GC(113) Allocated:         -               158M (8%)          158M (8%)          190M (10%)            -                  -          
[207.231s][info][gc,heap     ] GC(113)   Garbage:         -               475M (24%)         469M (24%)          37M (2%)             -                  -          
[207.231s][info][gc,heap     ] GC(113) Reclaimed:         -                  -                 6M (0%)          438M (22%)            -                  -          
[207.231s][info][gc          ] GC(113) Garbage Collection (Allocation Rate) 752M(38%)->472M(24%)
[208.093s][info][gc,start    ] GC(114) Garbage Collection (Allocation Rate)
[208.100s][info][gc,phases   ] GC(114) Pause Mark Start 3.911ms
[208.899s][info][gc,phases   ] GC(114) Concurrent Mark 799.006ms
[208.902s][info][gc,phases   ] GC(114) Pause Mark End 0.391ms
[208.904s][info][gc,phases   ] GC(114) Concurrent Process Non-Strong References 1.509ms
[208.905s][info][gc,phases   ] GC(114) Concurrent Reset Relocation Set 0.760ms
[208.905s][info][gc,phases   ] GC(114) Concurrent Destroy Detached Pages 0.000ms
[208.907s][info][gc,phases   ] GC(114) Concurrent Select Relocation Set 1.701ms
[208.915s][info][gc,phases   ] GC(114) Concurrent Prepare Relocation Set 8.433ms
[208.921s][info][gc,phases   ] GC(114) Pause Relocate Start 3.286ms
[209.086s][info][gc,phases   ] GC(114) Concurrent Relocate 161.868ms
[209.086s][info][gc,load     ] GC(114) Load: 1.73/1.69/1.11
[209.086s][info][gc,mmu      ] GC(114) MMU: 2ms/0.0%, 5ms/0.0%, 10ms/17.2%, 20ms/58.6%, 50ms/79.4%, 100ms/89.7%
[209.086s][info][gc,marking  ] GC(114) Mark: 1 stripe(s), 2 proactive flush(es), 1 terminate flush(es), 0 completion(s), 0 continuation(s) 
[209.086s][info][gc,reloc    ] GC(114) Relocation: Successful, 57M relocated
[209.086s][info][gc,nmethod  ] GC(114) NMethods: 5984 registered, 0 unregistered
[209.086s][info][gc,metaspace] GC(114) Metaspace: 74M used, 78M capacity, 78M committed, 80M reserved
[209.086s][info][gc,ref      ] GC(114) Soft: 4931 encountered, 0 discovered, 0 enqueued
[209.086s][info][gc,ref      ] GC(114) Weak: 5164 encountered, 4113 discovered, 106 enqueued
[209.086s][info][gc,ref      ] GC(114) Final: 28 encountered, 0 discovered, 0 enqueued
[209.086s][info][gc,ref      ] GC(114) Phantom: 662 encountered, 658 discovered, 0 enqueued
[209.086s][info][gc,heap     ] GC(114)                Mark Start          Mark End        Relocate Start      Relocate End           High               Low         
[209.086s][info][gc,heap     ] GC(114)  Capacity:     1990M (100%)       1990M (100%)       1990M (100%)       1990M (100%)       1990M (100%)       1990M (100%)   
[209.086s][info][gc,heap     ] GC(114)   Reserve:       34M (2%)           34M (2%)           34M (2%)           34M (2%)           34M (2%)           34M (2%)     
[209.086s][info][gc,heap     ] GC(114)      Free:     1172M (59%)         964M (48%)        1216M (61%)        1422M (71%)        1426M (72%)         964M (48%)    
[209.086s][info][gc,heap     ] GC(114)      Used:      784M (39%)         992M (50%)         740M (37%)         534M (27%)         992M (50%)         530M (27%)    
[209.086s][info][gc,heap     ] GC(114)      Live:         -               255M (13%)         255M (13%)         255M (13%)            -                  -          
[209.086s][info][gc,heap     ] GC(114) Allocated:         -               208M (10%)         210M (11%)         316M (16%)            -                  -          
[209.086s][info][gc,heap     ] GC(114)   Garbage:         -               528M (27%)         274M (14%)          64M (3%)             -                  -          
[209.086s][info][gc,heap     ] GC(114) Reclaimed:         -                  -               254M (13%)         464M (23%)            -                  -          
[209.086s][info][gc          ] GC(114) Garbage Collection (Allocation Rate) 784M(39%)->534M(27%)
[209.693s][info][gc,start    ] GC(115) Garbage Collection (Allocation Rate)
[209.700s][info][gc,phases   ] GC(115) Pause Mark Start 3.900ms
[210.093s][info][gc,stats    ] === Garbage Collection Statistics =======================================================================================================================
[210.093s][info][gc,stats    ]                                                              Last 10s              Last 10m              Last 10h                Total
[210.093s][info][gc,stats    ]                                                              Avg / Max             Avg / Max             Avg / Max             Avg / Max
[210.093s][info][gc,stats    ]   Collector: Garbage Collection Cycle                   1181.646 / 1469.337   1003.782 / 1704.378   1003.782 / 1704.378   1003.782 / 1704.378    ms
[210.093s][info][gc,stats    ]  Contention: Mark Segment Reset Contention                     0 / 0                 0 / 0                 0 / 0                 0 / 0           ops/s
[210.093s][info][gc,stats    ]  Contention: Mark SeqNum Reset Contention                      0 / 0                 0 / 0                 0 / 0                 0 / 0           ops/s
[210.093s][info][gc,stats    ]  Contention: Relocation Contention                             0 / 2                 0 / 3                 0 / 3                 0 / 3           ops/s
[210.093s][info][gc,stats    ]    Critical: Allocation Stall                              0.000 / 0.000         0.000 / 0.000         0.000 / 0.000         0.000 / 0.000       ms
[210.093s][info][gc,stats    ]    Critical: Allocation Stall                                  0 / 0                 0 / 0                 0 / 0                 0 / 0           ops/s
[210.093s][info][gc,stats    ]    Critical: GC Locker Stall                               0.000 / 0.000         0.000 / 0.000         0.000 / 0.000         0.000 / 0.000       ms
[210.093s][info][gc,stats    ]    Critical: GC Locker Stall                                   0 / 0                 0 / 0                 0 / 0                 0 / 0           ops/s
[210.093s][info][gc,stats    ]      Memory: Allocation Rate                                 269 / 388             282 / 1282            282 / 1282            282 / 1282        MB/s
[210.093s][info][gc,stats    ]      Memory: Heap Used After Mark                            929 / 992             945 / 1920            945 / 1920            945 / 1920        MB
[210.093s][info][gc,stats    ]      Memory: Heap Used After Relocation                      488 / 534             461 / 1124            461 / 1124            461 / 1124        MB
[210.093s][info][gc,stats    ]      Memory: Heap Used Before Mark                           748 / 804             767 / 1828            767 / 1828            767 / 1828        MB
[210.093s][info][gc,stats    ]      Memory: Heap Used Before Relocation                     788 / 904             678 / 1330            678 / 1330            678 / 1330        MB
[210.093s][info][gc,stats    ]      Memory: Out Of Memory                                     0 / 0                 0 / 0                 0 / 0                 0 / 0           ops/s
[210.093s][info][gc,stats    ]      Memory: Page Cache Flush                                  0 / 8                 4 / 72                4 / 72                4 / 72          MB/s
[210.093s][info][gc,stats    ]      Memory: Page Cache Hit L1                               129 / 186             128 / 642             128 / 642             128 / 642         ops/s
[210.093s][info][gc,stats    ]      Memory: Page Cache Hit L2                                 0 / 0                 0 / 0                 0 / 0                 0 / 0           ops/s
[210.093s][info][gc,stats    ]      Memory: Page Cache Miss                                   0 / 1                 4 / 223               4 / 223               4 / 223         ops/s
[210.093s][info][gc,stats    ]      Memory: Undo Object Allocation Failed                     0 / 0                 0 / 0                 0 / 0                 0 / 0           ops/s
[210.093s][info][gc,stats    ]      Memory: Undo Object Allocation Succeeded                  0 / 2                 0 / 3                 0 / 3                 0 / 3           ops/s
[210.093s][info][gc,stats    ]      Memory: Undo Page Allocation                              0 / 2                 0 / 2                 0 / 2                 0 / 2           ops/s
[210.093s][info][gc,stats    ]       Phase: Concurrent Destroy Detached Pages             0.001 / 0.003         0.001 / 0.011         0.001 / 0.011         0.001 / 0.011       ms
[210.093s][info][gc,stats    ]       Phase: Concurrent Mark                             945.070 / 1224.367    837.098 / 1560.269    837.098 / 1560.269    837.098 / 1560.269    ms
[210.093s][info][gc,stats    ]       Phase: Concurrent Mark Continue                      0.000 / 0.000         0.000 / 0.000         0.000 / 0.000         0.000 / 0.000       ms
[210.093s][info][gc,stats    ]       Phase: Concurrent Prepare Relocation Set             7.069 / 8.666         7.692 / 64.267        7.692 / 64.267        7.692 / 64.267      ms
[210.093s][info][gc,stats    ]       Phase: Concurrent Process Non-Strong References      1.547 / 1.793         1.866 / 8.400         1.866 / 8.400         1.866 / 8.400       ms
[210.093s][info][gc,stats    ]       Phase: Concurrent Relocate                         157.828 / 200.112     138.049 / 393.686     138.049 / 393.686     138.049 / 393.686     ms
[210.093s][info][gc,stats    ]       Phase: Concurrent Reset Relocation Set               0.525 / 0.760         0.469 / 2.228         0.469 / 2.228         0.469 / 2.228       ms
[210.093s][info][gc,stats    ]       Phase: Concurrent Select Relocation Set              1.703 / 2.170         2.048 / 8.406         2.048 / 8.406         2.048 / 8.406       ms
[210.093s][info][gc,stats    ]       Phase: Pause Mark End                                0.407 / 0.419         0.384 / 1.103         0.384 / 1.103         0.384 / 1.103       ms
[210.093s][info][gc,stats    ]       Phase: Pause Mark Start                              3.874 / 3.911         3.327 / 6.960         3.327 / 6.960         3.327 / 6.960       ms
[210.093s][info][gc,stats    ]       Phase: Pause Relocate Start                          3.291 / 3.321         2.925 / 8.275         2.925 / 8.275         2.925 / 8.275       ms
[210.093s][info][gc,stats    ]    Subphase: Concurrent Mark                             940.570 / 1219.456    834.174 / 1560.247    834.174 / 1560.247    834.174 / 1560.247    ms
[210.093s][info][gc,stats    ]    Subphase: Concurrent Mark Idle                          0.000 / 0.000         0.000 / 0.000         0.000 / 0.000         0.000 / 0.000       ms
[210.093s][info][gc,stats    ]    Subphase: Concurrent Mark Try Flush                     1.789 / 9.406         1.411 / 13.453        1.411 / 13.453        1.411 / 13.453      ms
[210.093s][info][gc,stats    ]    Subphase: Concurrent Mark Try Terminate                 0.497 / 1.024         0.452 / 2.462         0.452 / 2.462         0.452 / 2.462       ms
[210.093s][info][gc,stats    ]    Subphase: Concurrent References Enqueue                 0.003 / 0.003         0.002 / 0.007         0.002 / 0.007         0.002 / 0.007       ms
[210.093s][info][gc,stats    ]    Subphase: Concurrent References Process                 0.710 / 0.717         0.859 / 5.130         0.859 / 5.130         0.859 / 5.130       ms
[210.093s][info][gc,stats    ]    Subphase: Concurrent Weak Roots                         0.828 / 1.070         0.854 / 3.282         0.854 / 3.282         0.854 / 3.282       ms
[210.093s][info][gc,stats    ]    Subphase: Concurrent Weak Roots JNIWeakHandles          0.000 / 0.000         0.000 / 0.001         0.000 / 0.001         0.000 / 0.001       ms
[210.093s][info][gc,stats    ]    Subphase: Concurrent Weak Roots StringTable             0.639 / 0.879         0.641 / 2.798         0.641 / 2.798         0.641 / 2.798       ms
[210.093s][info][gc,stats    ]    Subphase: Concurrent Weak Roots VMWeakHandles           0.189 / 0.192         0.212 / 0.492         0.212 / 0.492         0.212 / 0.492       ms
[210.093s][info][gc,stats    ]    Subphase: Pause Mark Try Complete                       0.000 / 0.000         0.002 / 0.002         0.002 / 0.002         0.002 / 0.002       ms
[210.093s][info][gc,stats    ]    Subphase: Pause Remap TLABS                             0.003 / 0.004         0.002 / 0.008         0.002 / 0.008         0.002 / 0.008       ms
[210.093s][info][gc,stats    ]    Subphase: Pause Retire TLABS                            0.030 / 0.040         0.024 / 0.074         0.024 / 0.074         0.024 / 0.074       ms
[210.093s][info][gc,stats    ]    Subphase: Pause Roots                                   2.376 / 3.588         2.000 / 7.938         2.000 / 7.938         2.000 / 7.938       ms
[210.093s][info][gc,stats    ]    Subphase: Pause Roots ClassLoaderDataGraph              0.666 / 0.796         0.694 / 4.845         0.694 / 4.845         0.694 / 4.845       ms
[210.093s][info][gc,stats    ]    Subphase: Pause Roots CodeCache                         2.153 / 2.326         1.675 / 3.889         1.675 / 3.889         1.675 / 3.889       ms
[210.093s][info][gc,stats    ]    Subphase: Pause Roots JNIHandles                        0.001 / 0.001         0.001 / 0.006         0.001 / 0.006         0.001 / 0.006       ms
[210.093s][info][gc,stats    ]    Subphase: Pause Roots JNIWeakHandles                    0.000 / 0.000         0.000 / 0.000         0.000 / 0.000         0.000 / 0.000       ms
[210.093s][info][gc,stats    ]    Subphase: Pause Roots JRFWeak                           0.000 / 0.000         0.000 / 0.000         0.000 / 0.000         0.000 / 0.000       ms
[210.093s][info][gc,stats    ]    Subphase: Pause Roots JVMTIExport                       0.000 / 0.000         0.000 / 0.001         0.000 / 0.001         0.000 / 0.001       ms
[210.093s][info][gc,stats    ]    Subphase: Pause Roots JVMTIWeakExport                   0.001 / 0.001         0.001 / 0.001         0.001 / 0.001         0.001 / 0.001       ms
[210.093s][info][gc,stats    ]    Subphase: Pause Roots Management                        0.001 / 0.002         0.003 / 0.337         0.003 / 0.337         0.003 / 0.337       ms
[210.093s][info][gc,stats    ]    Subphase: Pause Roots ObjectSynchronizer                0.000 / 0.001         0.000 / 0.001         0.000 / 0.001         0.000 / 0.001       ms
[210.093s][info][gc,stats    ]    Subphase: Pause Roots Setup                             0.189 / 0.306         0.176 / 0.423         0.176 / 0.423         0.176 / 0.423       ms
[210.093s][info][gc,stats    ]    Subphase: Pause Roots StringTable                       0.000 / 0.000         0.000 / 0.000         0.000 / 0.000         0.000 / 0.000       ms
[210.093s][info][gc,stats    ]    Subphase: Pause Roots SystemDictionary                  0.012 / 0.013         0.013 / 0.041         0.013 / 0.041         0.013 / 0.041       ms
[210.093s][info][gc,stats    ]    Subphase: Pause Roots Teardown                          0.001 / 0.002         0.001 / 0.005         0.001 / 0.005         0.001 / 0.005       ms
[210.093s][info][gc,stats    ]    Subphase: Pause Roots Threads                           0.421 / 0.472         0.403 / 1.214         0.403 / 1.214         0.403 / 1.214       ms
[210.093s][info][gc,stats    ]    Subphase: Pause Roots Universe                          0.002 / 0.003         0.002 / 0.020         0.002 / 0.020         0.002 / 0.020       ms
[210.093s][info][gc,stats    ]    Subphase: Pause Roots VMWeakHandles                     0.000 / 0.000         0.000 / 0.000         0.000 / 0.000         0.000 / 0.000       ms
[210.093s][info][gc,stats    ]    Subphase: Pause Weak Roots                              0.002 / 0.002         0.002 / 0.005         0.002 / 0.005         0.002 / 0.005       ms
[210.093s][info][gc,stats    ]    Subphase: Pause Weak Roots JFRWeak                      0.001 / 0.001         0.001 / 0.001         0.001 / 0.001         0.001 / 0.001       ms
[210.093s][info][gc,stats    ]    Subphase: Pause Weak Roots JNIWeakHandles               0.000 / 0.000         0.000 / 0.000         0.000 / 0.000         0.000 / 0.000       ms
[210.093s][info][gc,stats    ]    Subphase: Pause Weak Roots JVMTIWeakExport              0.000 / 0.001         0.001 / 0.005         0.001 / 0.005         0.001 / 0.005       ms
[210.093s][info][gc,stats    ]    Subphase: Pause Weak Roots Setup                        0.000 / 0.000         0.000 / 0.000         0.000 / 0.000         0.000 / 0.000       ms
[210.093s][info][gc,stats    ]    Subphase: Pause Weak Roots StringTable                  0.000 / 0.000         0.000 / 0.000         0.000 / 0.000         0.000 / 0.000       ms
[210.093s][info][gc,stats    ]    Subphase: Pause Weak Roots SymbolTable                  0.000 / 0.000         0.000 / 0.000         0.000 / 0.000         0.000 / 0.000       ms
[210.093s][info][gc,stats    ]    Subphase: Pause Weak Roots Teardown                     0.001 / 0.001         0.000 / 0.001         0.000 / 0.001         0.000 / 0.001       ms
[210.093s][info][gc,stats    ]    Subphase: Pause Weak Roots VMWeakHandles                0.000 / 0.000         0.000 / 0.000         0.000 / 0.000         0.000 / 0.000       ms
[210.093s][info][gc,stats    ]      System: Java Threads                                    167 / 168             129 / 168             129 / 168             129 / 168         threads
[210.093s][info][gc,stats    ] =========================================================================================================================================================
[210.903s][info][gc,phases   ] GC(115) Concurrent Mark 1202.944ms
[210.906s][info][gc,phases   ] GC(115) Pause Mark End 0.423ms
[210.908s][info][gc,phases   ] GC(115) Concurrent Process Non-Strong References 1.459ms
[210.908s][info][gc,phases   ] GC(115) Concurrent Reset Relocation Set 0.639ms
[210.908s][info][gc,phases   ] GC(115) Concurrent Destroy Detached Pages 0.000ms
[210.910s][info][gc,phases   ] GC(115) Concurrent Select Relocation Set 1.763ms
[210.918s][info][gc,phases   ] GC(115) Concurrent Prepare Relocation Set 8.541ms
[210.925s][info][gc,phases   ] GC(115) Pause Relocate Start 3.338ms
[211.131s][info][gc,phases   ] GC(115) Concurrent Relocate 203.301ms
[211.132s][info][gc,load     ] GC(115) Load: 1.73/1.69/1.11
[211.132s][info][gc,mmu      ] GC(115) MMU: 2ms/0.0%, 5ms/0.0%, 10ms/17.2%, 20ms/58.6%, 50ms/79.4%, 100ms/89.7%
[211.132s][info][gc,marking  ] GC(115) Mark: 1 stripe(s), 2 proactive flush(es), 1 terminate flush(es), 0 completion(s), 0 continuation(s) 
[211.132s][info][gc,reloc    ] GC(115) Relocation: Successful, 45M relocated
[211.132s][info][gc,nmethod  ] GC(115) NMethods: 6002 registered, 0 unregistered
[211.132s][info][gc,metaspace] GC(115) Metaspace: 74M used, 78M capacity, 78M committed, 80M reserved
[211.132s][info][gc,ref      ] GC(115) Soft: 4931 encountered, 0 discovered, 0 enqueued
[211.132s][info][gc,ref      ] GC(115) Weak: 5058 encountered, 4006 discovered, 0 enqueued
[211.132s][info][gc,ref      ] GC(115) Final: 28 encountered, 0 discovered, 0 enqueued
[211.132s][info][gc,ref      ] GC(115) Phantom: 662 encountered, 658 discovered, 0 enqueued
[211.132s][info][gc,heap     ] GC(115)                Mark Start          Mark End        Relocate Start      Relocate End           High               Low         
[211.132s][info][gc,heap     ] GC(115)  Capacity:     1990M (100%)       1990M (100%)       1990M (100%)       1990M (100%)       1990M (100%)       1990M (100%)   
[211.132s][info][gc,heap     ] GC(115)   Reserve:       34M (2%)           34M (2%)           34M (2%)           34M (2%)           34M (2%)           34M (2%)     
[211.132s][info][gc,heap     ] GC(115)      Free:     1152M (58%)        1086M (55%)        1102M (55%)        1528M (77%)        1530M (77%)        1086M (55%)    
[211.132s][info][gc,heap     ] GC(115)      Used:      804M (40%)         870M (44%)         854M (43%)         428M (22%)         870M (44%)         426M (21%)    
[211.132s][info][gc,heap     ] GC(115)      Live:         -               287M (14%)         287M (14%)         287M (14%)            -                  -          
[211.132s][info][gc,heap     ] GC(115) Allocated:         -                66M (3%)           66M (3%)          134M (7%)             -                  -          
[211.132s][info][gc,heap     ] GC(115)   Garbage:         -               516M (26%)         500M (25%)          40M (2%)             -                  -          
[211.132s][info][gc,heap     ] GC(115) Reclaimed:         -                  -                16M (1%)          476M (24%)            -                  -          
[211.132s][info][gc          ] GC(115) Garbage Collection (Allocation Rate) 804M(40%)->428M(22%)
[211.793s][info][gc,start    ] GC(116) Garbage Collection (Allocation Rate)
[211.800s][info][gc,phases   ] GC(116) Pause Mark Start 3.893ms
[212.448s][info][gc,phases   ] GC(116) Concurrent Mark 647.903ms
[212.451s][info][gc,phases   ] GC(116) Pause Mark End 0.410ms
[212.452s][info][gc,phases   ] GC(116) Concurrent Process Non-Strong References 1.446ms
[212.454s][info][gc,phases   ] GC(116) Concurrent Reset Relocation Set 0.670ms
[212.454s][info][gc,phases   ] GC(116) Concurrent Destroy Detached Pages 0.000ms
[212.455s][info][gc,phases   ] GC(116) Concurrent Select Relocation Set 1.533ms
[212.456s][info][gc,phases   ] GC(116) Concurrent Prepare Relocation Set 0.944ms
[212.462s][info][gc,phases   ] GC(116) Pause Relocate Start 3.354ms
[212.521s][info][gc,phases   ] GC(116) Concurrent Relocate 56.470ms
[212.521s][info][gc,load     ] GC(116) Load: 1.75/1.69/1.12
[212.521s][info][gc,mmu      ] GC(116) MMU: 2ms/0.0%, 5ms/0.0%, 10ms/17.2%, 20ms/58.6%, 50ms/79.4%, 100ms/89.7%
[212.521s][info][gc,marking  ] GC(116) Mark: 1 stripe(s), 2 proactive flush(es), 1 terminate flush(es), 0 completion(s), 0 continuation(s) 
[212.521s][info][gc,reloc    ] GC(116) Relocation: Successful, 17M relocated
[212.521s][info][gc,nmethod  ] GC(116) NMethods: 6042 registered, 0 unregistered
[212.521s][info][gc,metaspace] GC(116) Metaspace: 74M used, 78M capacity, 78M committed, 80M reserved
[212.521s][info][gc,ref      ] GC(116) Soft: 4930 encountered, 0 discovered, 0 enqueued
[212.521s][info][gc,ref      ] GC(116) Weak: 5162 encountered, 4167 discovered, 2 enqueued
[212.521s][info][gc,ref      ] GC(116) Final: 28 encountered, 0 discovered, 0 enqueued
[212.521s][info][gc,ref      ] GC(116) Phantom: 663 encountered, 468 discovered, 0 enqueued
[212.521s][info][gc,heap     ] GC(116)                Mark Start          Mark End        Relocate Start      Relocate End           High               Low         
[212.521s][info][gc,heap     ] GC(116)  Capacity:     1990M (100%)       1990M (100%)       1990M (100%)       1990M (100%)       1990M (100%)       1990M (100%)   
[212.521s][info][gc,heap     ] GC(116)   Reserve:       34M (2%)           34M (2%)           34M (2%)           34M (2%)           34M (2%)           34M (2%)     
[212.521s][info][gc,heap     ] GC(116)      Free:     1318M (66%)        1152M (58%)        1510M (76%)        1544M (78%)        1546M (78%)        1150M (58%)    
[212.521s][info][gc,heap     ] GC(116)      Used:      638M (32%)         804M (40%)         446M (22%)         412M (21%)         806M (41%)         410M (21%)    
[212.521s][info][gc,heap     ] GC(116)      Live:         -               205M (10%)         205M (10%)         205M (10%)            -                  -          
[212.521s][info][gc,heap     ] GC(116) Allocated:         -               166M (8%)          168M (8%)          180M (9%)             -                  -          
[212.521s][info][gc,heap     ] GC(116)   Garbage:         -               432M (22%)          72M (4%)           34M (2%)             -                  -          
[212.521s][info][gc,heap     ] GC(116) Reclaimed:         -                  -               360M (18%)         398M (20%)            -                  -          
[212.521s][info][gc          ] GC(116) Garbage Collection (Allocation Rate) 638M(32%)->412M(21%)
[213.393s][info][gc,start    ] GC(117) Garbage Collection (Allocation Rate)
[213.400s][info][gc,phases   ] GC(117) Pause Mark Start 3.873ms
[214.103s][info][gc,phases   ] GC(117) Concurrent Mark 703.209ms
[214.107s][info][gc,phases   ] GC(117) Pause Mark End 0.404ms
[214.108s][info][gc,phases   ] GC(117) Concurrent Process Non-Strong References 1.470ms
[214.109s][info][gc,phases   ] GC(117) Concurrent Reset Relocation Set 0.008ms
[214.109s][info][gc,phases   ] GC(117) Concurrent Destroy Detached Pages 0.000ms
[214.110s][info][gc,phases   ] GC(117) Concurrent Select Relocation Set 1.612ms
[214.111s][info][gc,phases   ] GC(117) Concurrent Prepare Relocation Set 0.876ms
[214.116s][info][gc,phases   ] GC(117) Pause Relocate Start 3.282ms
[214.190s][info][gc,phases   ] GC(117) Concurrent Relocate 73.927ms
[214.190s][info][gc,load     ] GC(117) Load: 1.75/1.69/1.12
[214.190s][info][gc,mmu      ] GC(117) MMU: 2ms/0.0%, 5ms/0.0%, 10ms/17.2%, 20ms/58.6%, 50ms/79.4%, 100ms/89.7%
[214.190s][info][gc,marking  ] GC(117) Mark: 1 stripe(s), 2 proactive flush(es), 1 terminate flush(es), 0 completion(s), 0 continuation(s) 
[214.190s][info][gc,reloc    ] GC(117) Relocation: Successful, 20M relocated
[214.190s][info][gc,nmethod  ] GC(117) NMethods: 6086 registered, 0 unregistered
[214.190s][info][gc,metaspace] GC(117) Metaspace: 74M used, 78M capacity, 79M committed, 80M reserved
[214.190s][info][gc,ref      ] GC(117) Soft: 4933 encountered, 0 discovered, 0 enqueued
[214.190s][info][gc,ref      ] GC(117) Weak: 5316 encountered, 4303 discovered, 212 enqueued
[214.190s][info][gc,ref      ] GC(117) Final: 28 encountered, 0 discovered, 0 enqueued
[214.190s][info][gc,ref      ] GC(117) Phantom: 665 encountered, 470 discovered, 0 enqueued
[214.190s][info][gc,heap     ] GC(117)                Mark Start          Mark End        Relocate Start      Relocate End           High               Low         
[214.190s][info][gc,heap     ] GC(117)  Capacity:     1990M (100%)       1990M (100%)       1990M (100%)       1990M (100%)       1990M (100%)       1990M (100%)   
[214.190s][info][gc,heap     ] GC(117)   Reserve:       34M (2%)           34M (2%)           34M (2%)           34M (2%)           34M (2%)           34M (2%)     
[214.190s][info][gc,heap     ] GC(117)      Free:     1196M (60%)        1024M (51%)        1456M (73%)        1520M (76%)        1524M (77%)        1022M (51%)    
[214.190s][info][gc,heap     ] GC(117)      Used:      760M (38%)         932M (47%)         500M (25%)         436M (22%)         934M (47%)         432M (22%)    
[214.191s][info][gc,heap     ] GC(117)      Live:         -               211M (11%)         211M (11%)         211M (11%)            -                  -          
[214.191s][info][gc,heap     ] GC(117) Allocated:         -               172M (9%)          174M (9%)          202M (10%)            -                  -          
[214.191s][info][gc,heap     ] GC(117)   Garbage:         -               548M (28%)         114M (6%)           34M (2%)             -                  -          
[214.191s][info][gc,heap     ] GC(117) Reclaimed:         -                  -               434M (22%)         514M (26%)            -                  -          
[214.191s][info][gc          ] GC(117) Garbage Collection (Allocation Rate) 760M(38%)->436M(22%)
[214.994s][info][gc,start    ] GC(118) Garbage Collection (Allocation Rate)
[215.001s][info][gc,phases   ] GC(118) Pause Mark Start 3.968ms
[215.652s][info][gc,phases   ] GC(118) Concurrent Mark 651.574ms
[215.655s][info][gc,phases   ] GC(118) Pause Mark End 0.414ms
[215.657s][info][gc,phases   ] GC(118) Concurrent Process Non-Strong References 1.468ms
[215.657s][info][gc,phases   ] GC(118) Concurrent Reset Relocation Set 0.014ms
[215.657s][info][gc,phases   ] GC(118) Concurrent Destroy Detached Pages 0.000ms
[215.660s][info][gc,phases   ] GC(118) Concurrent Select Relocation Set 2.508ms
[215.660s][info][gc,phases   ] GC(118) Concurrent Prepare Relocation Set 0.681ms
[215.667s][info][gc,phases   ] GC(118) Pause Relocate Start 3.346ms
[215.728s][info][gc,phases   ] GC(118) Concurrent Relocate 55.176ms
[215.728s][info][gc,load     ] GC(118) Load: 1.75/1.69/1.12
[215.728s][info][gc,mmu      ] GC(118) MMU: 2ms/0.0%, 5ms/0.0%, 10ms/17.2%, 20ms/58.6%, 50ms/79.4%, 100ms/89.7%
[215.728s][info][gc,marking  ] GC(118) Mark: 1 stripe(s), 2 proactive flush(es), 1 terminate flush(es), 0 completion(s), 0 continuation(s) 
[215.728s][info][gc,reloc    ] GC(118) Relocation: Successful, 21M relocated
[215.728s][info][gc,nmethod  ] GC(118) NMethods: 6103 registered, 0 unregistered
[215.728s][info][gc,metaspace] GC(118) Metaspace: 74M used, 78M capacity, 79M committed, 80M reserved
[215.728s][info][gc,ref      ] GC(118) Soft: 4932 encountered, 0 discovered, 0 enqueued
[215.728s][info][gc,ref      ] GC(118) Weak: 5167 encountered, 4130 discovered, 156 enqueued
[215.728s][info][gc,ref      ] GC(118) Final: 28 encountered, 0 discovered, 0 enqueued
[215.728s][info][gc,ref      ] GC(118) Phantom: 663 encountered, 659 discovered, 0 enqueued
[215.728s][info][gc,heap     ] GC(118)                Mark Start          Mark End        Relocate Start      Relocate End           High               Low         
[215.728s][info][gc,heap     ] GC(118)  Capacity:     1990M (100%)       1990M (100%)       1990M (100%)       1990M (100%)       1990M (100%)       1990M (100%)   
[215.728s][info][gc,heap     ] GC(118)   Reserve:       34M (2%)           34M (2%)           34M (2%)           34M (2%)           34M (2%)           34M (2%)     
[215.728s][info][gc,heap     ] GC(118)      Free:     1146M (58%)         978M (49%)        1424M (72%)        1580M (79%)        1580M (79%)         978M (49%)    
[215.728s][info][gc,heap     ] GC(118)      Used:      810M (41%)         978M (49%)         532M (27%)         376M (19%)         978M (49%)         376M (19%)    
[215.728s][info][gc,heap     ] GC(118)      Live:         -               202M (10%)         202M (10%)         202M (10%)            -                  -          
[215.728s][info][gc,heap     ] GC(118) Allocated:         -               168M (8%)          168M (8%)          182M (9%)             -                  -          
[215.728s][info][gc,heap     ] GC(118)   Garbage:         -               607M (31%)         161M (8%)            5M (0%)             -                  -          
[215.728s][info][gc,heap     ] GC(118) Reclaimed:         -                  -               446M (22%)         602M (30%)            -                  -          
[215.728s][info][gc          ] GC(118) Garbage Collection (Allocation Rate) 810M(41%)->376M(19%)
[216.393s][info][gc,start    ] GC(119) Garbage Collection (Allocation Rate)
[216.400s][info][gc,phases   ] GC(119) Pause Mark Start 3.898ms
[217.155s][info][gc,heap     ] Page Cache Flushed: 4M requested, 8M(1032M->1024M) flushed
[217.238s][info][gc,phases   ] GC(119) Concurrent Mark 838.214ms
[217.241s][info][gc,phases   ] GC(119) Pause Mark End 0.405ms
[217.243s][info][gc,phases   ] GC(119) Concurrent Process Non-Strong References 1.444ms
[217.243s][info][gc,phases   ] GC(119) Concurrent Reset Relocation Set 0.015ms
[217.243s][info][gc,phases   ] GC(119) Concurrent Destroy Detached Pages 0.002ms
[217.244s][info][gc,phases   ] GC(119) Concurrent Select Relocation Set 1.591ms
[217.274s][info][gc,phases   ] GC(119) Concurrent Prepare Relocation Set 29.637ms
[217.280s][info][gc,phases   ] GC(119) Pause Relocate Start 3.535ms
[217.589s][info][gc,phases   ] GC(119) Concurrent Relocate 309.022ms
[217.589s][info][gc,load     ] GC(119) Load: 1.77/1.70/1.12
[217.589s][info][gc,mmu      ] GC(119) MMU: 2ms/0.0%, 5ms/0.0%, 10ms/17.2%, 20ms/58.6%, 50ms/79.4%, 100ms/89.7%
[217.589s][info][gc,marking  ] GC(119) Mark: 1 stripe(s), 2 proactive flush(es), 1 terminate flush(es), 0 completion(s), 0 continuation(s) 
[217.589s][info][gc,reloc    ] GC(119) Relocation: Successful, 53M relocated
[217.589s][info][gc,nmethod  ] GC(119) NMethods: 6122 registered, 0 unregistered
[217.589s][info][gc,metaspace] GC(119) Metaspace: 74M used, 78M capacity, 79M committed, 80M reserved
[217.589s][info][gc,ref      ] GC(119) Soft: 4932 encountered, 0 discovered, 0 enqueued
[217.589s][info][gc,ref      ] GC(119) Weak: 5014 encountered, 3970 discovered, 10 enqueued
[217.589s][info][gc,ref      ] GC(119) Final: 28 encountered, 0 discovered, 0 enqueued
[217.589s][info][gc,ref      ] GC(119) Phantom: 662 encountered, 658 discovered, 0 enqueued
[217.590s][info][gc,heap     ] GC(119)                Mark Start          Mark End        Relocate Start      Relocate End           High               Low         
[217.590s][info][gc,heap     ] GC(119)  Capacity:     1990M (100%)       1990M (100%)       1990M (100%)       1990M (100%)       1990M (100%)       1990M (100%)   
[217.590s][info][gc,heap     ] GC(119)   Reserve:       34M (2%)           34M (2%)           34M (2%)           34M (2%)           34M (2%)           34M (2%)     
[217.590s][info][gc,heap     ] GC(119)      Free:     1112M (56%)        1012M (51%)        1256M (63%)        1578M (79%)        1578M (79%)        1012M (51%)    
[217.590s][info][gc,heap     ] GC(119)      Used:      844M (42%)         944M (47%)         700M (35%)         378M (19%)         944M (47%)         378M (19%)    
[217.590s][info][gc,heap     ] GC(119)      Live:         -               239M (12%)         239M (12%)         239M (12%)            -                  -          
[217.590s][info][gc,heap     ] GC(119) Allocated:         -               100M (5%)          102M (5%)          182M (9%)             -                  -          
[217.590s][info][gc,heap     ] GC(119)   Garbage:         -               604M (30%)         358M (18%)          36M (2%)             -                  -          
[217.590s][info][gc,heap     ] GC(119) Reclaimed:         -                  -               246M (12%)         568M (29%)            -                  -          
[217.590s][info][gc          ] GC(119) Garbage Collection (Allocation Rate) 844M(42%)->378M(19%)
[217.793s][info][gc,start    ] GC(120) Garbage Collection (Allocation Rate)
[217.800s][info][gc,phases   ] GC(120) Pause Mark Start 4.074ms
[218.752s][info][gc,phases   ] GC(120) Concurrent Mark 951.966ms
[218.756s][info][gc,phases   ] GC(120) Pause Mark End 0.471ms
[218.758s][info][gc,phases   ] GC(120) Concurrent Process Non-Strong References 1.615ms
[218.759s][info][gc,phases   ] GC(120) Concurrent Reset Relocation Set 1.207ms
[218.759s][info][gc,phases   ] GC(120) Concurrent Destroy Detached Pages 0.001ms
[218.761s][info][gc,phases   ] GC(120) Concurrent Select Relocation Set 1.977ms
[218.769s][info][gc,phases   ] GC(120) Concurrent Prepare Relocation Set 8.272ms
[218.776s][info][gc,phases   ] GC(120) Pause Relocate Start 3.813ms
[218.941s][info][gc,phases   ] GC(120) Concurrent Relocate 159.865ms
[218.941s][info][gc,load     ] GC(120) Load: 1.77/1.70/1.12
[218.941s][info][gc,mmu      ] GC(120) MMU: 2ms/0.0%, 5ms/0.0%, 10ms/17.2%, 20ms/58.6%, 50ms/79.4%, 100ms/89.7%
[218.941s][info][gc,marking  ] GC(120) Mark: 1 stripe(s), 2 proactive flush(es), 1 terminate flush(es), 0 completion(s), 0 continuation(s) 
[218.941s][info][gc,reloc    ] GC(120) Relocation: Successful, 43M relocated
[218.941s][info][gc,nmethod  ] GC(120) NMethods: 6158 registered, 0 unregistered
[218.941s][info][gc,metaspace] GC(120) Metaspace: 74M used, 78M capacity, 79M committed, 80M reserved
[218.941s][info][gc,ref      ] GC(120) Soft: 4932 encountered, 0 discovered, 0 enqueued
[218.941s][info][gc,ref      ] GC(120) Weak: 5020 encountered, 3965 discovered, 15 enqueued
[218.941s][info][gc,ref      ] GC(120) Final: 28 encountered, 0 discovered, 0 enqueued
[218.941s][info][gc,ref      ] GC(120) Phantom: 663 encountered, 659 discovered, 0 enqueued
[218.941s][info][gc,heap     ] GC(120)                Mark Start          Mark End        Relocate Start      Relocate End           High               Low         
[218.941s][info][gc,heap     ] GC(120)  Capacity:     1990M (100%)       1990M (100%)       1990M (100%)       1990M (100%)       1990M (100%)       1990M (100%)   
[218.941s][info][gc,heap     ] GC(120)   Reserve:       34M (2%)           34M (2%)           34M (2%)           34M (2%)           34M (2%)           34M (2%)     
[218.941s][info][gc,heap     ] GC(120)      Free:     1396M (70%)        1140M (57%)        1242M (62%)        1398M (70%)        1422M (71%)        1140M (57%)    
[218.941s][info][gc,heap     ] GC(120)      Used:      560M (28%)         816M (41%)         714M (36%)         558M (28%)         816M (41%)         534M (27%)    
[218.941s][info][gc,heap     ] GC(120)      Live:         -               265M (13%)         265M (13%)         265M (13%)            -                  -          
[218.941s][info][gc,heap     ] GC(120) Allocated:         -               256M (13%)         256M (13%)         322M (16%)            -                  -          
[218.941s][info][gc,heap     ] GC(120)   Garbage:         -               294M (15%)         192M (10%)    17592186044414M (8         -                  -          
[218.941s][info][gc,heap     ] GC(120) Reclaimed:         -                  -               102M (5%)          296M (15%)            -                  -          
[218.941s][info][gc          ] GC(120) Garbage Collection (Allocation Rate) 560M(28%)->558M(28%)
[219.271s][info][gc,heap     ] Page Cache Flushed: 4M requested, 18M(1308M->1290M) flushed
[219.393s][info][gc,start    ] GC(121) Garbage Collection (Allocation Rate)
[219.400s][info][gc,phases   ] GC(121) Pause Mark Start 3.999ms
[219.909s][info][gc,heap     ] Page Cache Flushed: 6M requested, 10M(604M->594M) flushed
[220.093s][info][gc,stats    ] === Garbage Collection Statistics =======================================================================================================================
[220.093s][info][gc,stats    ]                                                              Last 10s              Last 10m              Last 10h                Total
[220.093s][info][gc,stats    ]                                                              Avg / Max             Avg / Max             Avg / Max             Avg / Max
[220.093s][info][gc,stats    ]   Collector: Garbage Collection Cycle                   1007.019 / 1438.596   1003.943 / 1704.378   1003.943 / 1704.378   1003.943 / 1704.378    ms
[220.093s][info][gc,stats    ]  Contention: Mark Segment Reset Contention                     0 / 0                 0 / 0                 0 / 0                 0 / 0           ops/s
[220.093s][info][gc,stats    ]  Contention: Mark SeqNum Reset Contention                      0 / 0                 0 / 0                 0 / 0                 0 / 0           ops/s
[220.093s][info][gc,stats    ]  Contention: Relocation Contention                             0 / 2                 0 / 3                 0 / 3                 0 / 3           ops/s
[220.093s][info][gc,stats    ]    Critical: Allocation Stall                              0.000 / 0.000         0.000 / 0.000         0.000 / 0.000         0.000 / 0.000       ms
[220.093s][info][gc,stats    ]    Critical: Allocation Stall                                  0 / 0                 0 / 0                 0 / 0                 0 / 0           ops/s
[220.093s][info][gc,stats    ]    Critical: GC Locker Stall                               0.000 / 0.000         0.000 / 0.000         0.000 / 0.000         0.000 / 0.000       ms
[220.093s][info][gc,stats    ]    Critical: GC Locker Stall                                   0 / 0                 0 / 0                 0 / 0                 0 / 0           ops/s
[220.093s][info][gc,stats    ]      Memory: Allocation Rate                                 356 / 952             285 / 1282            285 / 1282            285 / 1282        MB/s
[220.093s][info][gc,stats    ]      Memory: Heap Used After Mark                            890 / 978             943 / 1920            943 / 1920            943 / 1920        MB
[220.093s][info][gc,stats    ]      Memory: Heap Used After Relocation                      431 / 558             459 / 1124            459 / 1124            459 / 1124        MB
[220.093s][info][gc,stats    ]      Memory: Heap Used Before Mark                           739 / 844             765 / 1828            765 / 1828            765 / 1828        MB
[220.093s][info][gc,stats    ]      Memory: Heap Used Before Relocation                     624 / 854             675 / 1330            675 / 1330            675 / 1330        MB
[220.093s][info][gc,stats    ]      Memory: Out Of Memory                                     0 / 0                 0 / 0                 0 / 0                 0 / 0           ops/s
[220.093s][info][gc,stats    ]      Memory: Page Cache Flush                                  3 / 28                4 / 72                4 / 72                4 / 72          MB/s
[220.093s][info][gc,stats    ]      Memory: Page Cache Hit L1                               156 / 424             130 / 642             130 / 642             130 / 642         ops/s
[220.093s][info][gc,stats    ]      Memory: Page Cache Hit L2                                 0 / 0                 0 / 0                 0 / 0                 0 / 0           ops/s
[220.093s][info][gc,stats    ]      Memory: Page Cache Miss                                   0 / 4                 4 / 223               4 / 223               4 / 223         ops/s
[220.093s][info][gc,stats    ]      Memory: Undo Object Allocation Failed                     0 / 0                 0 / 0                 0 / 0                 0 / 0           ops/s
[220.093s][info][gc,stats    ]      Memory: Undo Object Allocation Succeeded                  0 / 2                 0 / 3                 0 / 3                 0 / 3           ops/s
[220.093s][info][gc,stats    ]      Memory: Undo Page Allocation                              0 / 0                 0 / 2                 0 / 2                 0 / 2           ops/s
[220.093s][info][gc,stats    ]       Phase: Concurrent Destroy Detached Pages             0.001 / 0.002         0.001 / 0.011         0.001 / 0.011         0.001 / 0.011       ms
[220.093s][info][gc,stats    ]       Phase: Concurrent Mark                             832.635 / 1202.944    836.876 / 1560.269    836.876 / 1560.269    836.876 / 1560.269    ms
[220.093s][info][gc,stats    ]       Phase: Concurrent Mark Continue                      0.000 / 0.000         0.000 / 0.000         0.000 / 0.000         0.000 / 0.000       ms
[220.093s][info][gc,stats    ]       Phase: Concurrent Prepare Relocation Set             8.158 / 29.637        7.715 / 64.267        7.715 / 64.267        7.715 / 64.267      ms
[220.093s][info][gc,stats    ]       Phase: Concurrent Process Non-Strong References      1.484 / 1.615         1.847 / 8.400         1.847 / 8.400         1.847 / 8.400       ms
[220.093s][info][gc,stats    ]       Phase: Concurrent Relocate                         142.960 / 309.022     138.293 / 393.686     138.293 / 393.686     138.293 / 393.686     ms
[220.093s][info][gc,stats    ]       Phase: Concurrent Reset Relocation Set               0.426 / 1.207         0.467 / 2.228         0.467 / 2.228         0.467 / 2.228       ms
[220.093s][info][gc,stats    ]       Phase: Concurrent Select Relocation Set              1.831 / 2.508         2.037 / 8.406         2.037 / 8.406         2.037 / 8.406       ms
[220.093s][info][gc,stats    ]       Phase: Pause Mark End                                0.421 / 0.471         0.386 / 1.103         0.386 / 1.103         0.386 / 1.103       ms
[220.093s][info][gc,stats    ]       Phase: Pause Mark Start                              3.951 / 4.074         3.357 / 6.960         3.357 / 6.960         3.357 / 6.960       ms
[220.093s][info][gc,stats    ]       Phase: Pause Relocate Start                          3.444 / 3.813         2.951 / 8.275         2.951 / 8.275         2.951 / 8.275       ms
[220.093s][info][gc,stats    ]    Subphase: Concurrent Mark                             827.451 / 1198.052    833.841 / 1560.247    833.841 / 1560.247    833.841 / 1560.247    ms
[220.093s][info][gc,stats    ]    Subphase: Concurrent Mark Idle                          0.000 / 0.000         0.000 / 0.000         0.000 / 0.000         0.000 / 0.000       ms
[220.093s][info][gc,stats    ]    Subphase: Concurrent Mark Try Flush                     1.188 / 5.050         1.400 / 13.453        1.400 / 13.453        1.400 / 13.453      ms
[220.093s][info][gc,stats    ]    Subphase: Concurrent Mark Try Terminate                 0.678 / 3.245         0.463 / 3.245         0.463 / 3.245         0.463 / 3.245       ms
[220.093s][info][gc,stats    ]    Subphase: Concurrent References Enqueue                 0.002 / 0.004         0.002 / 0.007         0.002 / 0.007         0.002 / 0.007       ms
[220.093s][info][gc,stats    ]    Subphase: Concurrent References Process                 0.708 / 0.767         0.851 / 5.130         0.851 / 5.130         0.851 / 5.130       ms
[220.093s][info][gc,stats    ]    Subphase: Concurrent Weak Roots                         0.765 / 0.833         0.850 / 3.282         0.850 / 3.282         0.850 / 3.282       ms
[220.093s][info][gc,stats    ]    Subphase: Concurrent Weak Roots JNIWeakHandles          0.000 / 0.000         0.000 / 0.001         0.000 / 0.001         0.000 / 0.001       ms
[220.093s][info][gc,stats    ]    Subphase: Concurrent Weak Roots StringTable             0.571 / 0.622         0.638 / 2.798         0.638 / 2.798         0.638 / 2.798       ms
[220.093s][info][gc,stats    ]    Subphase: Concurrent Weak Roots VMWeakHandles           0.193 / 0.209         0.211 / 0.492         0.211 / 0.492         0.211 / 0.492       ms
[220.093s][info][gc,stats    ]    Subphase: Pause Mark Try Complete                       0.000 / 0.000         0.002 / 0.002         0.002 / 0.002         0.002 / 0.002       ms
[220.093s][info][gc,stats    ]    Subphase: Pause Remap TLABS                             0.003 / 0.003         0.002 / 0.008         0.002 / 0.008         0.002 / 0.008       ms
[220.093s][info][gc,stats    ]    Subphase: Pause Retire TLABS                            0.030 / 0.033         0.024 / 0.074         0.024 / 0.074         0.024 / 0.074       ms
[220.093s][info][gc,stats    ]    Subphase: Pause Roots                                   2.380 / 3.723         2.019 / 7.938         2.019 / 7.938         2.019 / 7.938       ms
[220.093s][info][gc,stats    ]    Subphase: Pause Roots ClassLoaderDataGraph              0.662 / 0.824         0.692 / 4.845         0.692 / 4.845         0.692 / 4.845       ms
[220.093s][info][gc,stats    ]    Subphase: Pause Roots CodeCache                         2.227 / 2.417         1.702 / 3.889         1.702 / 3.889         1.702 / 3.889       ms
[220.093s][info][gc,stats    ]    Subphase: Pause Roots JNIHandles                        0.001 / 0.001         0.001 / 0.006         0.001 / 0.006         0.001 / 0.006       ms
[220.093s][info][gc,stats    ]    Subphase: Pause Roots JNIWeakHandles                    0.000 / 0.000         0.000 / 0.000         0.000 / 0.000         0.000 / 0.000       ms
[220.093s][info][gc,stats    ]    Subphase: Pause Roots JRFWeak                           0.000 / 0.000         0.000 / 0.000         0.000 / 0.000         0.000 / 0.000       ms
[220.093s][info][gc,stats    ]    Subphase: Pause Roots JVMTIExport                       0.000 / 0.001         0.000 / 0.001         0.000 / 0.001         0.000 / 0.001       ms
[220.093s][info][gc,stats    ]    Subphase: Pause Roots JVMTIWeakExport                   0.001 / 0.001         0.001 / 0.001         0.001 / 0.001         0.001 / 0.001       ms
[220.093s][info][gc,stats    ]    Subphase: Pause Roots Management                        0.001 / 0.001         0.002 / 0.337         0.002 / 0.337         0.002 / 0.337       ms
[220.093s][info][gc,stats    ]    Subphase: Pause Roots ObjectSynchronizer                0.000 / 0.000         0.000 / 0.001         0.000 / 0.001         0.000 / 0.001       ms
[220.093s][info][gc,stats    ]    Subphase: Pause Roots Setup                             0.185 / 0.297         0.177 / 0.423         0.177 / 0.423         0.177 / 0.423       ms
[220.093s][info][gc,stats    ]    Subphase: Pause Roots StringTable                       0.000 / 0.000         0.000 / 0.000         0.000 / 0.000         0.000 / 0.000       ms
[220.093s][info][gc,stats    ]    Subphase: Pause Roots SystemDictionary                  0.012 / 0.014         0.013 / 0.041         0.013 / 0.041         0.013 / 0.041       ms
[220.093s][info][gc,stats    ]    Subphase: Pause Roots Teardown                          0.001 / 0.002         0.001 / 0.005         0.001 / 0.005         0.001 / 0.005       ms
[220.093s][info][gc,stats    ]    Subphase: Pause Roots Threads                           0.441 / 0.547         0.405 / 1.214         0.405 / 1.214         0.405 / 1.214       ms
[220.093s][info][gc,stats    ]    Subphase: Pause Roots Universe                          0.002 / 0.003         0.002 / 0.020         0.002 / 0.020         0.002 / 0.020       ms
[220.093s][info][gc,stats    ]    Subphase: Pause Roots VMWeakHandles                     0.000 / 0.000         0.000 / 0.000         0.000 / 0.000         0.000 / 0.000       ms
[220.093s][info][gc,stats    ]    Subphase: Pause Weak Roots                              0.002 / 0.002         0.002 / 0.005         0.002 / 0.005         0.002 / 0.005       ms
[220.093s][info][gc,stats    ]    Subphase: Pause Weak Roots JFRWeak                      0.001 / 0.001         0.001 / 0.001         0.001 / 0.001         0.001 / 0.001       ms
[220.093s][info][gc,stats    ]    Subphase: Pause Weak Roots JNIWeakHandles               0.000 / 0.000         0.000 / 0.000         0.000 / 0.000         0.000 / 0.000       ms
[220.093s][info][gc,stats    ]    Subphase: Pause Weak Roots JVMTIWeakExport              0.001 / 0.001         0.001 / 0.005         0.001 / 0.005         0.001 / 0.005       ms
[220.093s][info][gc,stats    ]    Subphase: Pause Weak Roots Setup                        0.000 / 0.000         0.000 / 0.000         0.000 / 0.000         0.000 / 0.000       ms
[220.093s][info][gc,stats    ]    Subphase: Pause Weak Roots StringTable                  0.000 / 0.000         0.000 / 0.000         0.000 / 0.000         0.000 / 0.000       ms
[220.093s][info][gc,stats    ]    Subphase: Pause Weak Roots SymbolTable                  0.000 / 0.000         0.000 / 0.000         0.000 / 0.000         0.000 / 0.000       ms
[220.093s][info][gc,stats    ]    Subphase: Pause Weak Roots Teardown                     0.000 / 0.001         0.000 / 0.001         0.000 / 0.001         0.000 / 0.001       ms
[220.093s][info][gc,stats    ]    Subphase: Pause Weak Roots VMWeakHandles                0.000 / 0.000         0.000 / 0.000         0.000 / 0.000         0.000 / 0.000       ms
[220.093s][info][gc,stats    ]      System: Java Threads                                    162 / 168             131 / 168             131 / 168             131 / 168         threads
[220.093s][info][gc,stats    ] =========================================================================================================================================================
[220.199s][info][gc,phases   ] GC(121) Concurrent Mark 799.516ms
[220.200s][info][gc,phases   ] GC(121) Pause Mark End 0.324ms
[220.202s][info][gc,phases   ] GC(121) Concurrent Process Non-Strong References 1.481ms
[220.202s][info][gc,phases   ] GC(121) Concurrent Reset Relocation Set 0.519ms
[220.202s][info][gc,phases   ] GC(121) Concurrent Destroy Detached Pages 0.003ms
[220.204s][info][gc,phases   ] GC(121) Concurrent Select Relocation Set 1.566ms
[220.210s][info][gc,phases   ] GC(121) Concurrent Prepare Relocation Set 6.320ms
[220.223s][info][gc,phases   ] GC(121) Pause Relocate Start 4.072ms
[220.323s][info][gc,phases   ] GC(121) Concurrent Relocate 100.605ms
[220.324s][info][gc,load     ] GC(121) Load: 1.77/1.70/1.12
[220.324s][info][gc,mmu      ] GC(121) MMU: 2ms/0.0%, 5ms/0.0%, 10ms/17.2%, 20ms/58.6%, 50ms/79.4%, 100ms/89.7%
[220.324s][info][gc,marking  ] GC(121) Mark: 1 stripe(s), 2 proactive flush(es), 1 terminate flush(es), 0 completion(s), 0 continuation(s) 
[220.324s][info][gc,reloc    ] GC(121) Relocation: Successful, 43M relocated
[220.324s][info][gc,nmethod  ] GC(121) NMethods: 6164 registered, 0 unregistered
[220.324s][info][gc,metaspace] GC(121) Metaspace: 74M used, 78M capacity, 79M committed, 80M reserved
[220.324s][info][gc,ref      ] GC(121) Soft: 4931 encountered, 0 discovered, 0 enqueued
[220.324s][info][gc,ref      ] GC(121) Weak: 4971 encountered, 3900 discovered, 104 enqueued
[220.324s][info][gc,ref      ] GC(121) Final: 28 encountered, 0 discovered, 0 enqueued
[220.324s][info][gc,ref      ] GC(121) Phantom: 662 encountered, 658 discovered, 0 enqueued
[220.324s][info][gc,heap     ] GC(121)                Mark Start          Mark End        Relocate Start      Relocate End           High               Low         
[220.324s][info][gc,heap     ] GC(121)  Capacity:     1990M (100%)       1990M (100%)       1990M (100%)       1990M (100%)       1990M (100%)       1990M (100%)   
[220.324s][info][gc,heap     ] GC(121)   Reserve:       34M (2%)           34M (2%)           34M (2%)           34M (2%)           34M (2%)           34M (2%)     
[220.324s][info][gc,heap     ] GC(121)      Free:     1130M (57%)         328M (16%)         660M (33%)         864M (43%)        1130M (57%)         328M (16%)    
[220.324s][info][gc,heap     ] GC(121)      Used:      826M (42%)        1628M (82%)        1296M (65%)        1092M (55%)        1628M (82%)         826M (42%)    
[220.324s][info][gc,heap     ] GC(121)      Live:         -               258M (13%)         258M (13%)         258M (13%)            -                  -          
[220.324s][info][gc,heap     ] GC(121) Allocated:         -               802M (40%)         804M (40%)         862M (43%)            -                  -          
[220.324s][info][gc,heap     ] GC(121)   Garbage:         -               567M (29%)         233M (12%)          29M (1%)             -                  -          
[220.324s][info][gc,heap     ] GC(121) Reclaimed:         -                  -               334M (17%)         538M (27%)            -                  -          
[220.324s][info][gc          ] GC(121) Garbage Collection (Allocation Rate) 826M(42%)->1092M(55%)
[220.324s][info][gc,start    ] GC(122) Garbage Collection (System.gc())
[220.328s][info][gc,phases   ] GC(122) Pause Mark Start 3.898ms
[220.603s][info][gc,phases   ] GC(122) Concurrent Mark 275.205ms
[220.604s][info][gc,phases   ] GC(122) Pause Mark End 0.331ms
[220.605s][info][gc,phases   ] GC(122) Concurrent Process Non-Strong References 1.455ms
[220.606s][info][gc,phases   ] GC(122) Concurrent Reset Relocation Set 0.645ms
[220.606s][info][gc,phases   ] GC(122) Concurrent Destroy Detached Pages 0.000ms
[220.608s][info][gc,phases   ] GC(122) Concurrent Select Relocation Set 1.920ms
[220.608s][info][gc,phases   ] GC(122) Concurrent Prepare Relocation Set 0.059ms
[220.612s][info][gc,phases   ] GC(122) Pause Relocate Start 3.402ms
[220.621s][info][gc,phases   ] GC(122) Concurrent Relocate 9.248ms
[220.621s][info][gc,load     ] GC(122) Load: 1.77/1.70/1.12
[220.621s][info][gc,mmu      ] GC(122) MMU: 2ms/0.0%, 5ms/0.0%, 10ms/17.2%, 20ms/58.6%, 50ms/79.4%, 100ms/89.7%
[220.621s][info][gc,marking  ] GC(122) Mark: 1 stripe(s), 2 proactive flush(es), 1 terminate flush(es), 0 completion(s), 0 continuation(s) 
[220.621s][info][gc,reloc    ] GC(122) Relocation: Successful, 11M relocated
[220.621s][info][gc,nmethod  ] GC(122) NMethods: 6167 registered, 0 unregistered
[220.621s][info][gc,metaspace] GC(122) Metaspace: 74M used, 78M capacity, 79M committed, 80M reserved
[220.621s][info][gc,ref      ] GC(122) Soft: 4931 encountered, 0 discovered, 0 enqueued
[220.621s][info][gc,ref      ] GC(122) Weak: 4885 encountered, 3947 discovered, 7 enqueued
[220.621s][info][gc,ref      ] GC(122) Final: 28 encountered, 0 discovered, 0 enqueued
[220.621s][info][gc,ref      ] GC(122) Phantom: 662 encountered, 658 discovered, 0 enqueued
[220.621s][info][gc,heap     ] GC(122)                Mark Start          Mark End        Relocate Start      Relocate End           High               Low         
[220.621s][info][gc,heap     ] GC(122)  Capacity:     1990M (100%)       1990M (100%)       1990M (100%)       1990M (100%)       1990M (100%)       1990M (100%)   
[220.621s][info][gc,heap     ] GC(122)   Reserve:       34M (2%)           34M (2%)           34M (2%)           34M (2%)           34M (2%)           34M (2%)     
[220.621s][info][gc,heap     ] GC(122)      Free:      864M (43%)         862M (43%)        1710M (86%)        1730M (87%)        1730M (87%)         862M (43%)    
[220.621s][info][gc,heap     ] GC(122)      Used:     1092M (55%)        1094M (55%)         246M (12%)         226M (11%)        1094M (55%)         226M (11%)    
[220.621s][info][gc,heap     ] GC(122)      Live:         -               191M (10%)         191M (10%)         191M (10%)            -                  -          
[220.621s][info][gc,heap     ] GC(122) Allocated:         -                 2M (0%)            2M (0%)            4M (0%)             -                  -          
[220.621s][info][gc,heap     ] GC(122)   Garbage:         -               900M (45%)          52M (3%)           32M (2%)             -                  -          
[220.621s][info][gc,heap     ] GC(122) Reclaimed:         -                  -               848M (43%)         868M (44%)            -                  -          
[220.621s][info][gc          ] GC(122) Garbage Collection (System.gc()) 1092M(55%)->226M(11%)
[220.693s][info][gc,start    ] GC(123) Garbage Collection (Allocation Rate)
[220.700s][info][gc,phases   ] GC(123) Pause Mark Start 4.198ms
[221.287s][info][gc,phases   ] GC(123) Concurrent Mark 586.612ms
[221.290s][info][gc,phases   ] GC(123) Pause Mark End 0.418ms
[221.291s][info][gc,phases   ] GC(123) Concurrent Process Non-Strong References 1.462ms
[221.292s][info][gc,phases   ] GC(123) Concurrent Reset Relocation Set 0.004ms
[221.292s][info][gc,phases   ] GC(123) Concurrent Destroy Detached Pages 0.000ms
[221.293s][info][gc,phases   ] GC(123) Concurrent Select Relocation Set 1.571ms
[221.293s][info][gc,phases   ] GC(123) Concurrent Prepare Relocation Set 0.005ms
[221.297s][info][gc,phases   ] GC(123) Pause Relocate Start 3.426ms
[221.301s][info][gc,phases   ] GC(123) Concurrent Relocate 3.984ms
[221.301s][info][gc,load     ] GC(123) Load: 1.77/1.70/1.12
[221.301s][info][gc,mmu      ] GC(123) MMU: 2ms/0.0%, 5ms/0.0%, 10ms/17.2%, 20ms/58.6%, 50ms/79.4%, 100ms/89.7%
[221.301s][info][gc,marking  ] GC(123) Mark: 1 stripe(s), 2 proactive flush(es), 1 terminate flush(es), 0 completion(s), 0 continuation(s) 
[221.301s][info][gc,reloc    ] GC(123) Relocation: Successful, 10M relocated
[221.301s][info][gc,nmethod  ] GC(123) NMethods: 6191 registered, 0 unregistered
[221.301s][info][gc,metaspace] GC(123) Metaspace: 74M used, 78M capacity, 79M committed, 80M reserved
[221.301s][info][gc,ref      ] GC(123) Soft: 4932 encountered, 0 discovered, 0 enqueued
[221.301s][info][gc,ref      ] GC(123) Weak: 4983 encountered, 3977 discovered, 22 enqueued
[221.301s][info][gc,ref      ] GC(123) Final: 28 encountered, 0 discovered, 0 enqueued
[221.301s][info][gc,ref      ] GC(123) Phantom: 662 encountered, 658 discovered, 0 enqueued
[221.301s][info][gc,heap     ] GC(123)                Mark Start          Mark End        Relocate Start      Relocate End           High               Low         
[221.301s][info][gc,heap     ] GC(123)  Capacity:     1990M (100%)       1990M (100%)       1990M (100%)       1990M (100%)       1990M (100%)       1990M (100%)   
[221.301s][info][gc,heap     ] GC(123)   Reserve:       34M (2%)           34M (2%)           34M (2%)           34M (2%)           34M (2%)           34M (2%)     
[221.301s][info][gc,heap     ] GC(123)      Free:     1668M (84%)        1454M (73%)        1492M (75%)        1514M (76%)        1668M (84%)        1454M (73%)    
[221.301s][info][gc,heap     ] GC(123)      Used:      288M (14%)         502M (25%)         464M (23%)         442M (22%)         502M (25%)         288M (14%)    
[221.301s][info][gc,heap     ] GC(123)      Live:         -               192M (10%)         192M (10%)         192M (10%)            -                  -          
[221.301s][info][gc,heap     ] GC(123) Allocated:         -               214M (11%)         214M (11%)         218M (11%)            -                  -          
[221.301s][info][gc,heap     ] GC(123)   Garbage:         -                95M (5%)           57M (3%)           33M (2%)             -                  -          
[221.301s][info][gc,heap     ] GC(123) Reclaimed:         -                  -                38M (2%)           62M (3%)             -                  -          
[221.301s][info][gc          ] GC(123) Garbage Collection (Allocation Rate) 288M(14%)->442M(22%)
[222.093s][info][gc,start    ] GC(124) Garbage Collection (Allocation Rate)
[222.100s][info][gc,phases   ] GC(124) Pause Mark Start 3.953ms
[222.484s][info][gc,heap     ] Page Cache Flushed: 14M requested, 20M(1020M->1000M) flushed
[223.212s][info][gc,phases   ] GC(124) Concurrent Mark 1111.600ms
[223.216s][info][gc,phases   ] GC(124) Pause Mark End 1.931ms
[223.218s][info][gc,phases   ] GC(124) Concurrent Process Non-Strong References 1.497ms
[223.218s][info][gc,phases   ] GC(124) Concurrent Reset Relocation Set 0.004ms
[223.218s][info][gc,phases   ] GC(124) Concurrent Destroy Detached Pages 0.003ms
[223.220s][info][gc,phases   ] GC(124) Concurrent Select Relocation Set 1.534ms
[223.231s][info][gc,phases   ] GC(124) Concurrent Prepare Relocation Set 11.461ms
[223.238s][info][gc,phases   ] GC(124) Pause Relocate Start 3.644ms
[223.502s][info][gc,phases   ] GC(124) Concurrent Relocate 260.736ms
[223.502s][info][gc,load     ] GC(124) Load: 1.79/1.70/1.12
[223.502s][info][gc,mmu      ] GC(124) MMU: 2ms/0.0%, 5ms/0.0%, 10ms/17.2%, 20ms/58.6%, 50ms/79.4%, 100ms/89.7%
[223.502s][info][gc,marking  ] GC(124) Mark: 1 stripe(s), 2 proactive flush(es), 1 terminate flush(es), 0 completion(s), 0 continuation(s) 
[223.502s][info][gc,reloc    ] GC(124) Relocation: Successful, 73M relocated
[223.502s][info][gc,nmethod  ] GC(124) NMethods: 6192 registered, 0 unregistered
[223.502s][info][gc,metaspace] GC(124) Metaspace: 74M used, 78M capacity, 79M committed, 80M reserved
[223.502s][info][gc,ref      ] GC(124) Soft: 4932 encountered, 0 discovered, 0 enqueued
[223.502s][info][gc,ref      ] GC(124) Weak: 4961 encountered, 3975 discovered, 0 enqueued
[223.502s][info][gc,ref      ] GC(124) Final: 28 encountered, 0 discovered, 0 enqueued
[223.502s][info][gc,ref      ] GC(124) Phantom: 662 encountered, 658 discovered, 0 enqueued
[223.502s][info][gc,heap     ] GC(124)                Mark Start          Mark End        Relocate Start      Relocate End           High               Low         
[223.502s][info][gc,heap     ] GC(124)  Capacity:     1990M (100%)       1990M (100%)       1990M (100%)       1990M (100%)       1990M (100%)       1990M (100%)   
[223.502s][info][gc,heap     ] GC(124)   Reserve:       34M (2%)           34M (2%)           34M (2%)           34M (2%)           34M (2%)           34M (2%)     
[223.502s][info][gc,heap     ] GC(124)      Free:     1106M (56%)         882M (44%)         894M (45%)        1380M (69%)        1380M (69%)         882M (44%)    
[223.502s][info][gc,heap     ] GC(124)      Used:      850M (43%)        1074M (54%)        1062M (53%)         576M (29%)        1074M (54%)         576M (29%)    
[223.502s][info][gc,heap     ] GC(124)      Live:         -               275M (14%)         275M (14%)         275M (14%)            -                  -          
[223.502s][info][gc,heap     ] GC(124) Allocated:         -               224M (11%)         256M (13%)         304M (15%)            -                  -          
[223.502s][info][gc,heap     ] GC(124)   Garbage:         -               574M (29%)         530M (27%)          44M (2%)             -                  -          
[223.502s][info][gc,heap     ] GC(124) Reclaimed:         -                  -                44M (2%)          530M (27%)            -                  -          
[223.502s][info][gc          ] GC(124) Garbage Collection (Allocation Rate) 850M(43%)->576M(29%)
[224.072s][info][gc,heap     ] Page Cache Flushed: 4M requested, 6M(1284M->1278M) flushed
[224.393s][info][gc,start    ] GC(125) Garbage Collection (Allocation Rate)
[224.407s][info][gc,phases   ] GC(125) Pause Mark Start 7.120ms
[224.666s][info][gc,heap     ] Page Cache Flushed: 8M requested, 14M(1046M->1032M) flushed
[225.287s][info][gc,phases   ] GC(125) Concurrent Mark 875.063ms
[225.291s][info][gc,phases   ] GC(125) Pause Mark End 0.412ms
[225.292s][info][gc,phases   ] GC(125) Concurrent Process Non-Strong References 1.467ms
[225.293s][info][gc,phases   ] GC(125) Concurrent Reset Relocation Set 1.126ms
[225.293s][info][gc,phases   ] GC(125) Concurrent Destroy Detached Pages 0.004ms
[225.295s][info][gc,phases   ] GC(125) Concurrent Select Relocation Set 1.531ms
[225.304s][info][gc,phases   ] GC(125) Concurrent Prepare Relocation Set 9.576ms
[225.311s][info][gc,phases   ] GC(125) Pause Relocate Start 3.380ms
[225.477s][info][gc,phases   ] GC(125) Concurrent Relocate 165.962ms
[225.477s][info][gc,load     ] GC(125) Load: 1.79/1.70/1.12
[225.477s][info][gc,mmu      ] GC(125) MMU: 2ms/0.0%, 5ms/0.0%, 10ms/17.2%, 20ms/58.6%, 50ms/79.4%, 100ms/89.7%
[225.477s][info][gc,marking  ] GC(125) Mark: 1 stripe(s), 2 proactive flush(es), 1 terminate flush(es), 0 completion(s), 0 continuation(s) 
[225.477s][info][gc,reloc    ] GC(125) Relocation: Successful, 59M relocated
[225.477s][info][gc,nmethod  ] GC(125) NMethods: 6200 registered, 0 unregistered
[225.477s][info][gc,metaspace] GC(125) Metaspace: 74M used, 78M capacity, 79M committed, 80M reserved
[225.477s][info][gc,ref      ] GC(125) Soft: 4932 encountered, 0 discovered, 0 enqueued
[225.477s][info][gc,ref      ] GC(125) Weak: 4929 encountered, 3922 discovered, 26 enqueued
[225.477s][info][gc,ref      ] GC(125) Final: 28 encountered, 0 discovered, 0 enqueued
[225.477s][info][gc,ref      ] GC(125) Phantom: 662 encountered, 658 discovered, 0 enqueued
[225.477s][info][gc,heap     ] GC(125)                Mark Start          Mark End        Relocate Start      Relocate End           High               Low         
[225.477s][info][gc,heap     ] GC(125)  Capacity:     1990M (100%)       1990M (100%)       1990M (100%)       1990M (100%)       1990M (100%)       1990M (100%)   
[225.477s][info][gc,heap     ] GC(125)   Reserve:       34M (2%)           34M (2%)           34M (2%)           34M (2%)           34M (2%)           34M (2%)     
[225.477s][info][gc,heap     ] GC(125)      Free:     1102M (55%)         888M (45%)        1248M (63%)        1410M (71%)        1414M (71%)         888M (45%)    
[225.477s][info][gc,heap     ] GC(125)      Used:      854M (43%)        1068M (54%)         708M (36%)         546M (27%)        1068M (54%)         542M (27%)    
[225.477s][info][gc,heap     ] GC(125)      Live:         -               256M (13%)         256M (13%)         256M (13%)            -                  -          
[225.477s][info][gc,heap     ] GC(125) Allocated:         -               214M (11%)         216M (11%)         282M (14%)            -                  -          
[225.477s][info][gc,heap     ] GC(125)   Garbage:         -               597M (30%)         235M (12%)          59M (3%)             -                  -          
[225.477s][info][gc,heap     ] GC(125) Reclaimed:         -                  -               362M (18%)         538M (27%)            -                  -          
[225.477s][info][gc          ] GC(125) Garbage Collection (Allocation Rate) 854M(43%)->546M(27%)
[225.793s][info][gc,start    ] GC(126) Garbage Collection (Allocation Rate)
[225.803s][info][gc,phases   ] GC(126) Pause Mark Start 4.795ms
[226.975s][info][gc,phases   ] GC(126) Concurrent Mark 1172.080ms
[226.979s][info][gc,phases   ] GC(126) Pause Mark End 0.413ms
[226.980s][info][gc,phases   ] GC(126) Concurrent Process Non-Strong References 1.458ms
[226.981s][info][gc,phases   ] GC(126) Concurrent Reset Relocation Set 0.654ms
[226.981s][info][gc,phases   ] GC(126) Concurrent Destroy Detached Pages 0.000ms
[226.985s][info][gc,phases   ] GC(126) Concurrent Select Relocation Set 3.559ms
[226.997s][info][gc,phases   ] GC(126) Concurrent Prepare Relocation Set 12.531ms
[227.003s][info][gc,phases   ] GC(126) Pause Relocate Start 3.373ms
[227.141s][info][gc,phases   ] GC(126) Concurrent Relocate 138.022ms
[227.141s][info][gc,load     ] GC(126) Load: 1.79/1.70/1.12
[227.141s][info][gc,mmu      ] GC(126) MMU: 2ms/0.0%, 5ms/0.0%, 10ms/17.2%, 20ms/58.6%, 50ms/79.4%, 100ms/89.7%
[227.141s][info][gc,marking  ] GC(126) Mark: 1 stripe(s), 2 proactive flush(es), 1 terminate flush(es), 0 completion(s), 0 continuation(s) 
[227.141s][info][gc,reloc    ] GC(126) Relocation: Successful, 45M relocated
[227.141s][info][gc,nmethod  ] GC(126) NMethods: 6200 registered, 0 unregistered
[227.141s][info][gc,metaspace] GC(126) Metaspace: 74M used, 78M capacity, 79M committed, 80M reserved
[227.141s][info][gc,ref      ] GC(126) Soft: 4932 encountered, 0 discovered, 0 enqueued
[227.141s][info][gc,ref      ] GC(126) Weak: 4909 encountered, 3902 discovered, 3 enqueued
[227.141s][info][gc,ref      ] GC(126) Final: 28 encountered, 0 discovered, 0 enqueued
[227.141s][info][gc,ref      ] GC(126) Phantom: 662 encountered, 658 discovered, 0 enqueued
[227.141s][info][gc,heap     ] GC(126)                Mark Start          Mark End        Relocate Start      Relocate End           High               Low         
[227.141s][info][gc,heap     ] GC(126)  Capacity:     1990M (100%)       1990M (100%)       1990M (100%)       1990M (100%)       1990M (100%)       1990M (100%)   
[227.141s][info][gc,heap     ] GC(126)   Reserve:       34M (2%)           34M (2%)           34M (2%)           34M (2%)           34M (2%)           34M (2%)     
[227.141s][info][gc,heap     ] GC(126)      Free:     1268M (64%)        1072M (54%)        1078M (54%)        1442M (72%)        1442M (72%)        1072M (54%)    
[227.141s][info][gc,heap     ] GC(126)      Used:      688M (35%)         884M (44%)         878M (44%)         514M (26%)         884M (44%)         514M (26%)    
[227.141s][info][gc,heap     ] GC(126)      Live:         -               277M (14%)         277M (14%)         277M (14%)            -                  -          
[227.141s][info][gc,heap     ] GC(126) Allocated:         -               196M (10%)         196M (10%)         218M (11%)            -                  -          
[227.141s][info][gc,heap     ] GC(126)   Garbage:         -               410M (21%)         404M (20%)          40M (2%)             -                  -          
[227.141s][info][gc,heap     ] GC(126) Reclaimed:         -                  -                 6M (0%)          370M (19%)            -                  -          
[227.141s][info][gc          ] GC(126) Garbage Collection (Allocation Rate) 688M(35%)->514M(26%)
[227.993s][info][gc,start    ] GC(127) Garbage Collection (Allocation Rate)
[228.000s][info][gc,phases   ] GC(127) Pause Mark Start 4.083ms
[228.897s][info][gc,phases   ] GC(127) Concurrent Mark 896.821ms
[228.900s][info][gc,phases   ] GC(127) Pause Mark End 0.395ms
[228.902s][info][gc,phases   ] GC(127) Concurrent Process Non-Strong References 1.600ms
[228.902s][info][gc,phases   ] GC(127) Concurrent Reset Relocation Set 0.560ms
[228.902s][info][gc,phases   ] GC(127) Concurrent Destroy Detached Pages 0.000ms
[228.904s][info][gc,phases   ] GC(127) Concurrent Select Relocation Set 1.527ms
[228.913s][info][gc,phases   ] GC(127) Concurrent Prepare Relocation Set 9.182ms
[228.919s][info][gc,phases   ] GC(127) Pause Relocate Start 3.404ms
[229.106s][info][gc,phases   ] GC(127) Concurrent Relocate 181.979ms
[229.106s][info][gc,load     ] GC(127) Load: 1.72/1.69/1.12
[229.106s][info][gc,mmu      ] GC(127) MMU: 2ms/0.0%, 5ms/0.0%, 10ms/17.2%, 20ms/58.6%, 50ms/79.4%, 100ms/89.7%
[229.106s][info][gc,marking  ] GC(127) Mark: 1 stripe(s), 2 proactive flush(es), 1 terminate flush(es), 0 completion(s), 0 continuation(s) 
[229.106s][info][gc,reloc    ] GC(127) Relocation: Successful, 60M relocated
[229.106s][info][gc,nmethod  ] GC(127) NMethods: 6204 registered, 0 unregistered
[229.106s][info][gc,metaspace] GC(127) Metaspace: 74M used, 78M capacity, 79M committed, 80M reserved
[229.106s][info][gc,ref      ] GC(127) Soft: 4932 encountered, 0 discovered, 0 enqueued
[229.106s][info][gc,ref      ] GC(127) Weak: 5103 encountered, 4096 discovered, 143 enqueued
[229.106s][info][gc,ref      ] GC(127) Final: 28 encountered, 0 discovered, 0 enqueued
[229.106s][info][gc,ref      ] GC(127) Phantom: 662 encountered, 658 discovered, 0 enqueued
[229.106s][info][gc,heap     ] GC(127)                Mark Start          Mark End        Relocate Start      Relocate End           High               Low         
[229.106s][info][gc,heap     ] GC(127)  Capacity:     1990M (100%)       1990M (100%)       1990M (100%)       1990M (100%)       1990M (100%)       1990M (100%)   
[229.106s][info][gc,heap     ] GC(127)   Reserve:       34M (2%)           34M (2%)           34M (2%)           34M (2%)           34M (2%)           34M (2%)     
[229.106s][info][gc,heap     ] GC(127)      Free:     1138M (57%)         928M (47%)        1230M (62%)        1410M (71%)        1412M (71%)         928M (47%)    
[229.106s][info][gc,heap     ] GC(127)      Used:      818M (41%)        1028M (52%)         726M (36%)         546M (27%)        1028M (52%)         544M (27%)    
[229.106s][info][gc,heap     ] GC(127)      Live:         -               258M (13%)         258M (13%)         258M (13%)            -                  -          
[229.106s][info][gc,heap     ] GC(127) Allocated:         -               210M (11%)         212M (11%)         288M (14%)            -                  -          
[229.106s][info][gc,heap     ] GC(127)   Garbage:         -               559M (28%)         255M (13%)          59M (3%)             -                  -          
[229.106s][info][gc,heap     ] GC(127) Reclaimed:         -                  -               304M (15%)         500M (25%)            -                  -          
[229.106s][info][gc          ] GC(127) Garbage Collection (Allocation Rate) 818M(41%)->546M(27%)
[229.693s][info][gc,start    ] GC(128) Garbage Collection (Allocation Rate)
[229.700s][info][gc,phases   ] GC(128) Pause Mark Start 4.115ms
[230.093s][info][gc,stats    ] === Garbage Collection Statistics =======================================================================================================================
[230.093s][info][gc,stats    ]                                                              Last 10s              Last 10m              Last 10h                Total
[230.093s][info][gc,stats    ]                                                              Avg / Max             Avg / Max             Avg / Max             Avg / Max
[230.093s][info][gc,stats    ]   Collector: Garbage Collection Cycle                    969.887 / 1408.616   1002.080 / 1704.378   1002.080 / 1704.378   1002.080 / 1704.378    ms
[230.093s][info][gc,stats    ]  Contention: Mark Segment Reset Contention                     0 / 0                 0 / 0                 0 / 0                 0 / 0           ops/s
[230.093s][info][gc,stats    ]  Contention: Mark SeqNum Reset Contention                      0 / 0                 0 / 0                 0 / 0                 0 / 0           ops/s
[230.093s][info][gc,stats    ]  Contention: Relocation Contention                             0 / 3                 0 / 3                 0 / 3                 0 / 3           ops/s
[230.093s][info][gc,stats    ]    Critical: Allocation Stall                              0.000 / 0.000         0.000 / 0.000         0.000 / 0.000         0.000 / 0.000       ms
[230.093s][info][gc,stats    ]    Critical: Allocation Stall                                  0 / 0                 0 / 0                 0 / 0                 0 / 0           ops/s
[230.093s][info][gc,stats    ]    Critical: GC Locker Stall                               0.000 / 0.000         0.000 / 0.000         0.000 / 0.000         0.000 / 0.000       ms
[230.093s][info][gc,stats    ]    Critical: GC Locker Stall                                   0 / 0                 0 / 0                 0 / 0                 0 / 0           ops/s
[230.093s][info][gc,stats    ]      Memory: Allocation Rate                                 277 / 474             285 / 1282            285 / 1282            285 / 1282        MB/s
[230.093s][info][gc,stats    ]      Memory: Heap Used After Mark                           1039 / 1628            948 / 1920            948 / 1920            948 / 1920        MB
[230.093s][info][gc,stats    ]      Memory: Heap Used After Relocation                      563 / 1092            465 / 1124            465 / 1124            465 / 1124        MB
[230.093s][info][gc,stats    ]      Memory: Heap Used Before Mark                           772 / 1092            766 / 1828            766 / 1828            766 / 1828        MB
[230.093s][info][gc,stats    ]      Memory: Heap Used Before Relocation                     768 / 1296            680 / 1330            680 / 1330            680 / 1330        MB
[230.093s][info][gc,stats    ]      Memory: Out Of Memory                                     0 / 0                 0 / 0                 0 / 0                 0 / 0           ops/s
[230.093s][info][gc,stats    ]      Memory: Page Cache Flush                                  4 / 20                4 / 72                4 / 72                4 / 72          MB/s
[230.093s][info][gc,stats    ]      Memory: Page Cache Hit L1                               133 / 232             130 / 642             130 / 642             130 / 642         ops/s
[230.093s][info][gc,stats    ]      Memory: Page Cache Hit L2                                 0 / 0                 0 / 0                 0 / 0                 0 / 0           ops/s
[230.093s][info][gc,stats    ]      Memory: Page Cache Miss                                   0 / 1                 4 / 223               4 / 223               4 / 223         ops/s
[230.093s][info][gc,stats    ]      Memory: Undo Object Allocation Failed                     0 / 0                 0 / 0                 0 / 0                 0 / 0           ops/s
[230.093s][info][gc,stats    ]      Memory: Undo Object Allocation Succeeded                  0 / 3                 0 / 3                 0 / 3                 0 / 3           ops/s
[230.093s][info][gc,stats    ]      Memory: Undo Page Allocation                              0 / 0                 0 / 2                 0 / 2                 0 / 2           ops/s
[230.093s][info][gc,stats    ]       Phase: Concurrent Destroy Detached Pages             0.002 / 0.004         0.001 / 0.011         0.001 / 0.011         0.001 / 0.011       ms
[230.093s][info][gc,stats    ]       Phase: Concurrent Mark                             816.699 / 1172.080    835.773 / 1560.269    835.773 / 1560.269    835.773 / 1560.269    ms
[230.093s][info][gc,stats    ]       Phase: Concurrent Mark Continue                      0.000 / 0.000         0.000 / 0.000         0.000 / 0.000         0.000 / 0.000       ms
[230.093s][info][gc,stats    ]       Phase: Concurrent Prepare Relocation Set             7.019 / 12.531        7.677 / 64.267        7.677 / 64.267        7.677 / 64.267      ms
[230.093s][info][gc,stats    ]       Phase: Concurrent Process Non-Strong References      1.489 / 1.600         1.827 / 8.400         1.827 / 8.400         1.827 / 8.400       ms
[230.093s][info][gc,stats    ]       Phase: Concurrent Relocate                         122.934 / 260.736     137.453 / 393.686     137.453 / 393.686     137.453 / 393.686     ms
[230.093s][info][gc,stats    ]       Phase: Concurrent Reset Relocation Set               0.502 / 1.126         0.469 / 2.228         0.469 / 2.228         0.469 / 2.228       ms
[230.093s][info][gc,stats    ]       Phase: Concurrent Select Relocation Set              1.887 / 3.559         2.029 / 8.406         2.029 / 8.406         2.029 / 8.406       ms
[230.093s][info][gc,stats    ]       Phase: Pause Mark End                                0.603 / 1.931         0.398 / 1.931         0.398 / 1.931         0.398 / 1.931       ms
[230.093s][info][gc,stats    ]       Phase: Pause Mark Start                              4.595 / 7.120         3.425 / 7.120         3.425 / 7.120         3.425 / 7.120       ms
[230.093s][info][gc,stats    ]       Phase: Pause Relocate Start                          3.529 / 4.072         2.983 / 8.275         2.983 / 8.275         2.983 / 8.275       ms
[230.093s][info][gc,stats    ]    Subphase: Concurrent Mark                             813.739 / 1167.235    832.742 / 1560.247    832.742 / 1560.247    832.742 / 1560.247    ms
[230.093s][info][gc,stats    ]    Subphase: Concurrent Mark Idle                          0.000 / 0.000         0.000 / 0.000         0.000 / 0.000         0.000 / 0.000       ms
[230.093s][info][gc,stats    ]    Subphase: Concurrent Mark Try Flush                     0.860 / 5.160         1.371 / 13.453        1.371 / 13.453        1.371 / 13.453      ms
[230.093s][info][gc,stats    ]    Subphase: Concurrent Mark Try Terminate                 0.354 / 1.004         0.457 / 3.245         0.457 / 3.245         0.457 / 3.245       ms
[230.093s][info][gc,stats    ]    Subphase: Concurrent References Enqueue                 0.002 / 0.003         0.002 / 0.007         0.002 / 0.007         0.002 / 0.007       ms
[230.093s][info][gc,stats    ]    Subphase: Concurrent References Process                 0.717 / 0.801         0.844 / 5.130         0.844 / 5.130         0.844 / 5.130       ms
[230.093s][info][gc,stats    ]    Subphase: Concurrent Weak Roots                         0.763 / 0.787         0.845 / 3.282         0.845 / 3.282         0.845 / 3.282       ms
[230.093s][info][gc,stats    ]    Subphase: Concurrent Weak Roots JNIWeakHandles          0.000 / 0.000         0.000 / 0.001         0.000 / 0.001         0.000 / 0.001       ms
[230.093s][info][gc,stats    ]    Subphase: Concurrent Weak Roots StringTable             0.574 / 0.589         0.634 / 2.798         0.634 / 2.798         0.634 / 2.798       ms
[230.093s][info][gc,stats    ]    Subphase: Concurrent Weak Roots VMWeakHandles           0.188 / 0.209         0.209 / 0.492         0.209 / 0.492         0.209 / 0.492       ms
[230.093s][info][gc,stats    ]    Subphase: Pause Mark Try Complete                       0.000 / 0.000         0.002 / 0.002         0.002 / 0.002         0.002 / 0.002       ms
[230.093s][info][gc,stats    ]    Subphase: Pause Remap TLABS                             0.003 / 0.006         0.002 / 0.008         0.002 / 0.008         0.002 / 0.008       ms
[230.093s][info][gc,stats    ]    Subphase: Pause Retire TLABS                            0.029 / 0.033         0.024 / 0.074         0.024 / 0.074         0.024 / 0.074       ms
[230.093s][info][gc,stats    ]    Subphase: Pause Roots                                   2.674 / 6.706         2.054 / 7.938         2.054 / 7.938         2.054 / 7.938       ms
[230.093s][info][gc,stats    ]    Subphase: Pause Roots ClassLoaderDataGraph              0.676 / 0.890         0.691 / 4.845         0.691 / 4.845         0.691 / 4.845       ms
[230.093s][info][gc,stats    ]    Subphase: Pause Roots CodeCache                         2.313 / 2.750         1.736 / 3.889         1.736 / 3.889         1.736 / 3.889       ms
[230.093s][info][gc,stats    ]    Subphase: Pause Roots JNIHandles                        0.001 / 0.001         0.001 / 0.006         0.001 / 0.006         0.001 / 0.006       ms
[230.093s][info][gc,stats    ]    Subphase: Pause Roots JNIWeakHandles                    0.000 / 0.000         0.000 / 0.000         0.000 / 0.000         0.000 / 0.000       ms
[230.093s][info][gc,stats    ]    Subphase: Pause Roots JRFWeak                           0.000 / 0.000         0.000 / 0.000         0.000 / 0.000         0.000 / 0.000       ms
[230.093s][info][gc,stats    ]    Subphase: Pause Roots JVMTIExport                       0.000 / 0.001         0.000 / 0.001         0.000 / 0.001         0.000 / 0.001       ms
[230.093s][info][gc,stats    ]    Subphase: Pause Roots JVMTIWeakExport                   0.001 / 0.001         0.001 / 0.001         0.001 / 0.001         0.001 / 0.001       ms
[230.093s][info][gc,stats    ]    Subphase: Pause Roots Management                        0.001 / 0.002         0.002 / 0.337         0.002 / 0.337         0.002 / 0.337       ms
[230.093s][info][gc,stats    ]    Subphase: Pause Roots ObjectSynchronizer                0.000 / 0.000         0.000 / 0.001         0.000 / 0.001         0.000 / 0.001       ms
[230.093s][info][gc,stats    ]    Subphase: Pause Roots Setup                             0.193 / 0.402         0.177 / 0.423         0.177 / 0.423         0.177 / 0.423       ms
[230.093s][info][gc,stats    ]    Subphase: Pause Roots StringTable                       0.000 / 0.000         0.000 / 0.000         0.000 / 0.000         0.000 / 0.000       ms
[230.093s][info][gc,stats    ]    Subphase: Pause Roots SystemDictionary                  0.013 / 0.027         0.013 / 0.041         0.013 / 0.041         0.013 / 0.041       ms
[230.093s][info][gc,stats    ]    Subphase: Pause Roots Teardown                          0.001 / 0.002         0.001 / 0.005         0.001 / 0.005         0.001 / 0.005       ms
[230.093s][info][gc,stats    ]    Subphase: Pause Roots Threads                           0.666 / 3.473         0.419 / 3.473         0.419 / 3.473         0.419 / 3.473       ms
[230.093s][info][gc,stats    ]    Subphase: Pause Roots Universe                          0.002 / 0.005         0.002 / 0.020         0.002 / 0.020         0.002 / 0.020       ms
[230.093s][info][gc,stats    ]    Subphase: Pause Roots VMWeakHandles                     0.000 / 0.000         0.000 / 0.000         0.000 / 0.000         0.000 / 0.000       ms
[230.093s][info][gc,stats    ]    Subphase: Pause Weak Roots                              0.002 / 0.002         0.002 / 0.005         0.002 / 0.005         0.002 / 0.005       ms
[230.093s][info][gc,stats    ]    Subphase: Pause Weak Roots JFRWeak                      0.001 / 0.001         0.001 / 0.001         0.001 / 0.001         0.001 / 0.001       ms
[230.093s][info][gc,stats    ]    Subphase: Pause Weak Roots JNIWeakHandles               0.000 / 0.000         0.000 / 0.000         0.000 / 0.000         0.000 / 0.000       ms
[230.093s][info][gc,stats    ]    Subphase: Pause Weak Roots JVMTIWeakExport              0.001 / 0.001         0.001 / 0.005         0.001 / 0.005         0.001 / 0.005       ms
[230.093s][info][gc,stats    ]    Subphase: Pause Weak Roots Setup                        0.000 / 0.000         0.000 / 0.000         0.000 / 0.000         0.000 / 0.000       ms
[230.093s][info][gc,stats    ]    Subphase: Pause Weak Roots StringTable                  0.000 / 0.000         0.000 / 0.000         0.000 / 0.000         0.000 / 0.000       ms
[230.093s][info][gc,stats    ]    Subphase: Pause Weak Roots SymbolTable                  0.000 / 0.000         0.000 / 0.000         0.000 / 0.000         0.000 / 0.000       ms
[230.093s][info][gc,stats    ]    Subphase: Pause Weak Roots Teardown                     0.000 / 0.001         0.000 / 0.001         0.000 / 0.001         0.000 / 0.001       ms
[230.093s][info][gc,stats    ]    Subphase: Pause Weak Roots VMWeakHandles                0.000 / 0.000         0.000 / 0.000         0.000 / 0.000         0.000 / 0.000       ms
[230.093s][info][gc,stats    ]      System: Java Threads                                    164 / 168             133 / 168             133 / 168             133 / 168         threads
[230.093s][info][gc,stats    ] =========================================================================================================================================================
[230.922s][info][gc,phases   ] GC(128) Concurrent Mark 1220.953ms
[230.925s][info][gc,phases   ] GC(128) Pause Mark End 0.418ms
[230.926s][info][gc,phases   ] GC(128) Concurrent Process Non-Strong References 1.471ms
[230.927s][info][gc,phases   ] GC(128) Concurrent Reset Relocation Set 0.729ms
[230.927s][info][gc,phases   ] GC(128) Concurrent Destroy Detached Pages 0.001ms
[230.929s][info][gc,phases   ] GC(128) Concurrent Select Relocation Set 1.571ms
[230.938s][info][gc,phases   ] GC(128) Concurrent Prepare Relocation Set 9.821ms
[230.947s][info][gc,phases   ] GC(128) Pause Relocate Start 6.113ms
[231.137s][info][gc,phases   ] GC(128) Concurrent Relocate 184.293ms
[231.137s][info][gc,load     ] GC(128) Load: 1.72/1.69/1.12
[231.137s][info][gc,mmu      ] GC(128) MMU: 2ms/0.0%, 5ms/0.0%, 10ms/17.2%, 20ms/58.6%, 50ms/79.4%, 100ms/89.7%
[231.137s][info][gc,marking  ] GC(128) Mark: 1 stripe(s), 2 proactive flush(es), 1 terminate flush(es), 0 completion(s), 0 continuation(s) 
[231.137s][info][gc,reloc    ] GC(128) Relocation: Successful, 44M relocated
[231.137s][info][gc,nmethod  ] GC(128) NMethods: 6216 registered, 0 unregistered
[231.137s][info][gc,metaspace] GC(128) Metaspace: 75M used, 78M capacity, 79M committed, 80M reserved
[231.137s][info][gc,ref      ] GC(128) Soft: 4932 encountered, 0 discovered, 0 enqueued
[231.137s][info][gc,ref      ] GC(128) Weak: 4960 encountered, 3957 discovered, 0 enqueued
[231.137s][info][gc,ref      ] GC(128) Final: 28 encountered, 0 discovered, 0 enqueued
[231.137s][info][gc,ref      ] GC(128) Phantom: 662 encountered, 658 discovered, 0 enqueued
[231.137s][info][gc,heap     ] GC(128)                Mark Start          Mark End        Relocate Start      Relocate End           High               Low         
[231.137s][info][gc,heap     ] GC(128)  Capacity:     1990M (100%)       1990M (100%)       1990M (100%)       1990M (100%)       1990M (100%)       1990M (100%)   
[231.137s][info][gc,heap     ] GC(128)   Reserve:       34M (2%)           34M (2%)           34M (2%)           34M (2%)           34M (2%)           34M (2%)     
[231.137s][info][gc,heap     ] GC(128)      Free:     1142M (57%)        1062M (53%)        1076M (54%)        1516M (76%)        1516M (76%)        1062M (53%)    
[231.137s][info][gc,heap     ] GC(128)      Used:      814M (41%)         894M (45%)         880M (44%)         440M (22%)         894M (45%)         440M (22%)    
[231.137s][info][gc,heap     ] GC(128)      Live:         -               289M (15%)         289M (15%)         289M (15%)            -                  -          
[231.137s][info][gc,heap     ] GC(128) Allocated:         -                80M (4%)           82M (4%)          132M (7%)             -                  -          
[231.137s][info][gc,heap     ] GC(128)   Garbage:         -               524M (26%)         508M (26%)          42M (2%)             -                  -          
[231.137s][info][gc,heap     ] GC(128) Reclaimed:         -                  -                16M (1%)          482M (24%)            -                  -          
[231.137s][info][gc          ] GC(128) Garbage Collection (Allocation Rate) 814M(41%)->440M(22%)
[231.593s][info][gc,start    ] GC(129) Garbage Collection (Allocation Rate)
[231.600s][info][gc,phases   ] GC(129) Pause Mark Start 4.445ms
[232.439s][info][gc,phases   ] GC(129) Concurrent Mark 838.164ms
[232.442s][info][gc,phases   ] GC(129) Pause Mark End 0.402ms
[232.444s][info][gc,phases   ] GC(129) Concurrent Process Non-Strong References 1.514ms
[232.447s][info][gc,phases   ] GC(129) Concurrent Reset Relocation Set 0.585ms
[232.447s][info][gc,phases   ] GC(129) Concurrent Destroy Detached Pages 0.000ms
[232.449s][info][gc,phases   ] GC(129) Concurrent Select Relocation Set 2.239ms
[232.458s][info][gc,phases   ] GC(129) Concurrent Prepare Relocation Set 8.081ms
[232.468s][info][gc,phases   ] GC(129) Pause Relocate Start 4.036ms
[232.615s][info][gc,phases   ] GC(129) Concurrent Relocate 146.697ms
[232.615s][info][gc,load     ] GC(129) Load: 1.75/1.70/1.13
[232.615s][info][gc,mmu      ] GC(129) MMU: 2ms/0.0%, 5ms/0.0%, 10ms/17.2%, 20ms/58.6%, 50ms/79.4%, 100ms/89.7%
[232.615s][info][gc,marking  ] GC(129) Mark: 1 stripe(s), 2 proactive flush(es), 1 terminate flush(es), 0 completion(s), 0 continuation(s) 
[232.615s][info][gc,reloc    ] GC(129) Relocation: Successful, 52M relocated
[232.615s][info][gc,nmethod  ] GC(129) NMethods: 6219 registered, 0 unregistered
[232.615s][info][gc,metaspace] GC(129) Metaspace: 75M used, 78M capacity, 79M committed, 80M reserved
[232.615s][info][gc,ref      ] GC(129) Soft: 4935 encountered, 0 discovered, 0 enqueued
[232.615s][info][gc,ref      ] GC(129) Weak: 5161 encountered, 4107 discovered, 82 enqueued
[232.615s][info][gc,ref      ] GC(129) Final: 28 encountered, 0 discovered, 0 enqueued
[232.615s][info][gc,ref      ] GC(129) Phantom: 662 encountered, 658 discovered, 0 enqueued
[232.615s][info][gc,heap     ] GC(129)                Mark Start          Mark End        Relocate Start      Relocate End           High               Low         
[232.615s][info][gc,heap     ] GC(129)  Capacity:     1990M (100%)       1990M (100%)       1990M (100%)       1990M (100%)       1990M (100%)       1990M (100%)   
[232.615s][info][gc,heap     ] GC(129)   Reserve:       34M (2%)           34M (2%)           34M (2%)           34M (2%)           34M (2%)           34M (2%)     
[232.615s][info][gc,heap     ] GC(129)      Free:     1306M (66%)        1074M (54%)        1234M (62%)        1440M (72%)        1444M (73%)        1074M (54%)    
[232.615s][info][gc,heap     ] GC(129)      Used:      650M (33%)         882M (44%)         722M (36%)         516M (26%)         882M (44%)         512M (26%)    
[232.615s][info][gc,heap     ] GC(129)      Live:         -               244M (12%)         244M (12%)         244M (12%)            -                  -          
[232.615s][info][gc,heap     ] GC(129) Allocated:         -               232M (12%)         238M (12%)         294M (15%)            -                  -          
[232.615s][info][gc,heap     ] GC(129)   Garbage:         -               405M (20%)         239M (12%)          27M (1%)             -                  -          
[232.615s][info][gc,heap     ] GC(129) Reclaimed:         -                  -               166M (8%)          378M (19%)            -                  -          
[232.615s][info][gc          ] GC(129) Garbage Collection (Allocation Rate) 650M(33%)->516M(26%)
[233.093s][info][gc,start    ] GC(130) Garbage Collection (Allocation Rate)
[233.100s][info][gc,phases   ] GC(130) Pause Mark Start 3.933ms
[234.257s][info][gc,phases   ] GC(130) Concurrent Mark 1157.078ms
[234.260s][info][gc,phases   ] GC(130) Pause Mark End 0.402ms
[234.262s][info][gc,phases   ] GC(130) Concurrent Process Non-Strong References 1.561ms
[234.262s][info][gc,phases   ] GC(130) Concurrent Reset Relocation Set 0.025ms
[234.262s][info][gc,phases   ] GC(130) Concurrent Destroy Detached Pages 0.000ms
[234.264s][info][gc,phases   ] GC(130) Concurrent Select Relocation Set 1.529ms
[234.267s][info][gc,phases   ] GC(130) Concurrent Prepare Relocation Set 3.316ms
[234.271s][info][gc,phases   ] GC(130) Pause Relocate Start 3.498ms
[234.440s][info][gc,phases   ] GC(130) Concurrent Relocate 163.662ms
[234.440s][info][gc,load     ] GC(130) Load: 1.75/1.70/1.13
[234.440s][info][gc,mmu      ] GC(130) MMU: 2ms/0.0%, 5ms/0.0%, 10ms/17.2%, 20ms/58.6%, 50ms/79.4%, 100ms/89.7%
[234.440s][info][gc,marking  ] GC(130) Mark: 1 stripe(s), 2 proactive flush(es), 1 terminate flush(es), 0 completion(s), 0 continuation(s) 
[234.440s][info][gc,reloc    ] GC(130) Relocation: Successful, 49M relocated
[234.440s][info][gc,nmethod  ] GC(130) NMethods: 6221 registered, 0 unregistered
[234.440s][info][gc,metaspace] GC(130) Metaspace: 75M used, 78M capacity, 79M committed, 80M reserved
[234.440s][info][gc,ref      ] GC(130) Soft: 4935 encountered, 0 discovered, 0 enqueued
[234.440s][info][gc,ref      ] GC(130) Weak: 5089 encountered, 4037 discovered, 79 enqueued
[234.440s][info][gc,ref      ] GC(130) Final: 28 encountered, 0 discovered, 0 enqueued
[234.440s][info][gc,ref      ] GC(130) Phantom: 662 encountered, 658 discovered, 0 enqueued
[234.440s][info][gc,heap     ] GC(130)                Mark Start          Mark End        Relocate Start      Relocate End           High               Low         
[234.440s][info][gc,heap     ] GC(130)  Capacity:     1990M (100%)       1990M (100%)       1990M (100%)       1990M (100%)       1990M (100%)       1990M (100%)   
[234.440s][info][gc,heap     ] GC(130)   Reserve:       34M (2%)           34M (2%)           34M (2%)           34M (2%)           34M (2%)           34M (2%)     
[234.440s][info][gc,heap     ] GC(130)      Free:     1216M (61%)        1054M (53%)        1060M (53%)        1478M (74%)        1478M (74%)        1054M (53%)    
[234.440s][info][gc,heap     ] GC(130)      Used:      740M (37%)         902M (45%)         896M (45%)         478M (24%)         902M (45%)         478M (24%)    
[234.440s][info][gc,heap     ] GC(130)      Live:         -               276M (14%)         276M (14%)         276M (14%)            -                  -          
[234.440s][info][gc,heap     ] GC(130) Allocated:         -               162M (8%)          162M (8%)          190M (10%)            -                  -          
[234.440s][info][gc,heap     ] GC(130)   Garbage:         -               463M (23%)         457M (23%)          39M (2%)             -                  -          
[234.440s][info][gc,heap     ] GC(130) Reclaimed:         -                  -                 6M (0%)          424M (21%)            -                  -          
[234.440s][info][gc          ] GC(130) Garbage Collection (Allocation Rate) 740M(37%)->478M(24%)
[235.293s][info][gc,start    ] GC(131) Garbage Collection (Allocation Rate)
[235.300s][info][gc,phases   ] GC(131) Pause Mark Start 3.979ms
[235.775s][info][gc,heap     ] Page Cache Flushed: 4M requested, 8M(1062M->1054M) flushed
[236.119s][info][gc,phases   ] GC(131) Concurrent Mark 818.733ms
[236.122s][info][gc,phases   ] GC(131) Pause Mark End 0.426ms
[236.123s][info][gc,phases   ] GC(131) Concurrent Process Non-Strong References 1.471ms
[236.124s][info][gc,phases   ] GC(131) Concurrent Reset Relocation Set 0.910ms
[236.124s][info][gc,phases   ] GC(131) Concurrent Destroy Detached Pages 0.003ms
[236.126s][info][gc,phases   ] GC(131) Concurrent Select Relocation Set 1.589ms
[236.138s][info][gc,phases   ] GC(131) Concurrent Prepare Relocation Set 11.835ms
[236.144s][info][gc,phases   ] GC(131) Pause Relocate Start 3.385ms
[236.293s][info][gc,phases   ] GC(131) Concurrent Relocate 148.669ms
[236.293s][info][gc,load     ] GC(131) Load: 1.75/1.70/1.13
[236.293s][info][gc,mmu      ] GC(131) MMU: 2ms/0.0%, 5ms/0.0%, 10ms/17.2%, 20ms/58.6%, 50ms/79.4%, 100ms/89.7%
[236.293s][info][gc,marking  ] GC(131) Mark: 1 stripe(s), 2 proactive flush(es), 1 terminate flush(es), 0 completion(s), 0 continuation(s) 
[236.293s][info][gc,reloc    ] GC(131) Relocation: Successful, 56M relocated
[236.293s][info][gc,nmethod  ] GC(131) NMethods: 6226 registered, 0 unregistered
[236.293s][info][gc,metaspace] GC(131) Metaspace: 75M used, 78M capacity, 79M committed, 80M reserved
[236.293s][info][gc,ref      ] GC(131) Soft: 4935 encountered, 0 discovered, 0 enqueued
[236.293s][info][gc,ref      ] GC(131) Weak: 4972 encountered, 3922 discovered, 26 enqueued
[236.293s][info][gc,ref      ] GC(131) Final: 28 encountered, 0 discovered, 0 enqueued
[236.293s][info][gc,ref      ] GC(131) Phantom: 662 encountered, 658 discovered, 0 enqueued
[236.293s][info][gc,heap     ] GC(131)                Mark Start          Mark End        Relocate Start      Relocate End           High               Low         
[236.293s][info][gc,heap     ] GC(131)  Capacity:     1990M (100%)       1990M (100%)       1990M (100%)       1990M (100%)       1990M (100%)       1990M (100%)   
[236.293s][info][gc,heap     ] GC(131)   Reserve:       34M (2%)           34M (2%)           34M (2%)           34M (2%)           34M (2%)           34M (2%)     
[236.293s][info][gc,heap     ] GC(131)      Free:     1180M (59%)         980M (49%)        1234M (62%)        1438M (72%)        1438M (72%)         980M (49%)    
[236.293s][info][gc,heap     ] GC(131)      Used:      776M (39%)         976M (49%)         722M (36%)         518M (26%)         976M (49%)         518M (26%)    
[236.293s][info][gc,heap     ] GC(131)      Live:         -               248M (12%)         248M (12%)         248M (12%)            -                  -          
[236.293s][info][gc,heap     ] GC(131) Allocated:         -               200M (10%)         204M (10%)         296M (15%)            -                  -          
[236.293s][info][gc,heap     ] GC(131)   Garbage:         -               527M (27%)         269M (14%)          65M (3%)             -                  -          
[236.293s][info][gc,heap     ] GC(131) Reclaimed:         -                  -               258M (13%)         462M (23%)            -                  -          
[236.293s][info][gc          ] GC(131) Garbage Collection (Allocation Rate) 776M(39%)->518M(26%)
[236.793s][info][gc,start    ] GC(132) Garbage Collection (Allocation Rate)
[236.802s][info][gc,phases   ] GC(132) Pause Mark Start 6.446ms
[238.071s][info][gc,phases   ] GC(132) Concurrent Mark 1266.338ms
[238.074s][info][gc,phases   ] GC(132) Pause Mark End 0.435ms
[238.076s][info][gc,phases   ] GC(132) Concurrent Process Non-Strong References 1.457ms
[238.076s][info][gc,phases   ] GC(132) Concurrent Reset Relocation Set 0.598ms
[238.076s][info][gc,phases   ] GC(132) Concurrent Destroy Detached Pages 0.000ms
[238.078s][info][gc,phases   ] GC(132) Concurrent Select Relocation Set 1.930ms
[238.087s][info][gc,phases   ] GC(132) Concurrent Prepare Relocation Set 8.487ms
[238.093s][info][gc,phases   ] GC(132) Pause Relocate Start 3.585ms
[238.270s][info][gc,phases   ] GC(132) Concurrent Relocate 173.667ms
[238.270s][info][gc,load     ] GC(132) Load: 1.77/1.70/1.13
[238.270s][info][gc,mmu      ] GC(132) MMU: 2ms/0.0%, 5ms/0.0%, 10ms/17.2%, 20ms/58.6%, 50ms/79.4%, 100ms/89.7%
[238.270s][info][gc,marking  ] GC(132) Mark: 1 stripe(s), 2 proactive flush(es), 1 terminate flush(es), 0 completion(s), 0 continuation(s) 
[238.270s][info][gc,reloc    ] GC(132) Relocation: Successful, 49M relocated
[238.270s][info][gc,nmethod  ] GC(132) NMethods: 6227 registered, 0 unregistered
[238.270s][info][gc,metaspace] GC(132) Metaspace: 75M used, 78M capacity, 79M committed, 80M reserved
[238.270s][info][gc,ref      ] GC(132) Soft: 4935 encountered, 0 discovered, 0 enqueued
[238.270s][info][gc,ref      ] GC(132) Weak: 4946 encountered, 3896 discovered, 0 enqueued
[238.270s][info][gc,ref      ] GC(132) Final: 28 encountered, 0 discovered, 0 enqueued
[238.270s][info][gc,ref      ] GC(132) Phantom: 662 encountered, 658 discovered, 0 enqueued
[238.270s][info][gc,heap     ] GC(132)                Mark Start          Mark End        Relocate Start      Relocate End           High               Low         
[238.270s][info][gc,heap     ] GC(132)  Capacity:     1990M (100%)       1990M (100%)       1990M (100%)       1990M (100%)       1990M (100%)       1990M (100%)   
[238.270s][info][gc,heap     ] GC(132)   Reserve:       34M (2%)           34M (2%)           34M (2%)           34M (2%)           34M (2%)           34M (2%)     
[238.270s][info][gc,heap     ] GC(132)      Free:     1198M (60%)        1088M (55%)        1094M (55%)        1504M (76%)        1504M (76%)        1088M (55%)    
[238.270s][info][gc,heap     ] GC(132)      Used:      758M (38%)         868M (44%)         862M (43%)         452M (23%)         868M (44%)         452M (23%)    
[238.270s][info][gc,heap     ] GC(132)      Live:         -               296M (15%)         296M (15%)         296M (15%)            -                  -          
[238.270s][info][gc,heap     ] GC(132) Allocated:         -               110M (6%)          110M (6%)          144M (7%)             -                  -          
[238.270s][info][gc,heap     ] GC(132)   Garbage:         -               461M (23%)         455M (23%)          45M (2%)             -                  -          
[238.270s][info][gc,heap     ] GC(132) Reclaimed:         -                  -                 6M (0%)          416M (21%)            -                  -          
[238.270s][info][gc          ] GC(132) Garbage Collection (Allocation Rate) 758M(38%)->452M(23%)
[238.894s][info][gc,start    ] GC(133) Garbage Collection (Allocation Rate)
[238.900s][info][gc,phases   ] GC(133) Pause Mark Start 3.961ms
[239.689s][info][gc,phases   ] GC(133) Concurrent Mark 788.064ms
[239.692s][info][gc,phases   ] GC(133) Pause Mark End 0.397ms
[239.693s][info][gc,phases   ] GC(133) Concurrent Process Non-Strong References 1.475ms
[239.694s][info][gc,phases   ] GC(133) Concurrent Reset Relocation Set 0.684ms
[239.694s][info][gc,phases   ] GC(133) Concurrent Destroy Detached Pages 0.000ms
[239.696s][info][gc,phases   ] GC(133) Concurrent Select Relocation Set 1.533ms
[239.699s][info][gc,phases   ] GC(133) Concurrent Prepare Relocation Set 3.358ms
[239.703s][info][gc,phases   ] GC(133) Pause Relocate Start 3.605ms
[239.833s][info][gc,phases   ] GC(133) Concurrent Relocate 123.600ms
[239.833s][info][gc,load     ] GC(133) Load: 1.77/1.70/1.13
[239.833s][info][gc,mmu      ] GC(133) MMU: 2ms/0.0%, 5ms/0.0%, 10ms/17.2%, 20ms/58.6%, 50ms/79.4%, 100ms/89.7%
[239.833s][info][gc,marking  ] GC(133) Mark: 1 stripe(s), 2 proactive flush(es), 1 terminate flush(es), 0 completion(s), 0 continuation(s) 
[239.833s][info][gc,reloc    ] GC(133) Relocation: Successful, 55M relocated
[239.833s][info][gc,nmethod  ] GC(133) NMethods: 6234 registered, 0 unregistered
[239.833s][info][gc,metaspace] GC(133) Metaspace: 75M used, 78M capacity, 79M committed, 80M reserved
[239.833s][info][gc,ref      ] GC(133) Soft: 4935 encountered, 0 discovered, 0 enqueued
[239.833s][info][gc,ref      ] GC(133) Weak: 5157 encountered, 4106 discovered, 104 enqueued
[239.833s][info][gc,ref      ] GC(133) Final: 28 encountered, 0 discovered, 0 enqueued
[239.833s][info][gc,ref      ] GC(133) Phantom: 662 encountered, 658 discovered, 0 enqueued
[239.833s][info][gc,heap     ] GC(133)                Mark Start          Mark End        Relocate Start      Relocate End           High               Low         
[239.833s][info][gc,heap     ] GC(133)  Capacity:     1990M (100%)       1990M (100%)       1990M (100%)       1990M (100%)       1990M (100%)       1990M (100%)   
[239.833s][info][gc,heap     ] GC(133)   Reserve:       34M (2%)           34M (2%)           34M (2%)           34M (2%)           34M (2%)           34M (2%)     
[239.833s][info][gc,heap     ] GC(133)      Free:     1228M (62%)        1028M (52%)        1258M (63%)        1440M (72%)        1442M (72%)        1028M (52%)    
[239.833s][info][gc,heap     ] GC(133)      Used:      728M (37%)         928M (47%)         698M (35%)         516M (26%)         928M (47%)         514M (26%)    
[239.833s][info][gc,heap     ] GC(133)      Live:         -               247M (12%)         247M (12%)         247M (12%)            -                  -          
[239.833s][info][gc,heap     ] GC(133) Allocated:         -               200M (10%)         200M (10%)         288M (14%)            -                  -          
[239.833s][info][gc,heap     ] GC(133)   Garbage:         -               480M (24%)         250M (13%)          58M (3%)             -                  -          
[239.833s][info][gc,heap     ] GC(133) Reclaimed:         -                  -               230M (12%)         422M (21%)            -                  -          
[239.833s][info][gc          ] GC(133) Garbage Collection (Allocation Rate) 728M(37%)->516M(26%)
[240.093s][info][gc,stats    ] === Garbage Collection Statistics =======================================================================================================================
[240.093s][info][gc,stats    ]                                                              Last 10s              Last 10m              Last 10h                Total
[240.093s][info][gc,stats    ]                                                              Avg / Max             Avg / Max             Avg / Max             Avg / Max
[240.093s][info][gc,stats    ]   Collector: Garbage Collection Cycle                   1204.904 / 1477.180   1011.162 / 1704.378   1011.162 / 1704.378   1011.162 / 1704.378    ms
[240.093s][info][gc,stats    ]  Contention: Mark Segment Reset Contention                     0 / 0                 0 / 0                 0 / 0                 0 / 0           ops/s
[240.093s][info][gc,stats    ]  Contention: Mark SeqNum Reset Contention                      0 / 0                 0 / 0                 0 / 0                 0 / 0           ops/s
[240.093s][info][gc,stats    ]  Contention: Relocation Contention                             0 / 2                 0 / 3                 0 / 3                 0 / 3           ops/s
[240.093s][info][gc,stats    ]    Critical: Allocation Stall                              0.000 / 0.000         0.000 / 0.000         0.000 / 0.000         0.000 / 0.000       ms
[240.093s][info][gc,stats    ]    Critical: Allocation Stall                                  0 / 0                 0 / 0                 0 / 0                 0 / 0           ops/s
[240.093s][info][gc,stats    ]    Critical: GC Locker Stall                               0.000 / 0.000         0.000 / 0.000         0.000 / 0.000         0.000 / 0.000       ms
[240.093s][info][gc,stats    ]    Critical: GC Locker Stall                                   0 / 0                 0 / 0                 0 / 0                 0 / 0           ops/s
[240.093s][info][gc,stats    ]      Memory: Allocation Rate                                 245 / 366             283 / 1282            283 / 1282            283 / 1282        MB/s
[240.093s][info][gc,stats    ]      Memory: Heap Used After Mark                            908 / 976             946 / 1920            946 / 1920            946 / 1920        MB
[240.093s][info][gc,stats    ]      Memory: Heap Used After Relocation                      486 / 518             466 / 1124            466 / 1124            466 / 1124        MB
[240.093s][info][gc,stats    ]      Memory: Heap Used Before Mark                           730 / 776             764 / 1828            764 / 1828            764 / 1828        MB
[240.093s][info][gc,stats    ]      Memory: Heap Used Before Relocation                     796 / 896             685 / 1330            685 / 1330            685 / 1330        MB
[240.093s][info][gc,stats    ]      Memory: Out Of Memory                                     0 / 0                 0 / 0                 0 / 0                 0 / 0           ops/s
[240.093s][info][gc,stats    ]      Memory: Page Cache Flush                                  0 / 8                 4 / 72                4 / 72                4 / 72          MB/s
[240.093s][info][gc,stats    ]      Memory: Page Cache Hit L1                               118 / 178             129 / 642             129 / 642             129 / 642         ops/s
[240.093s][info][gc,stats    ]      Memory: Page Cache Hit L2                                 0 / 0                 0 / 0                 0 / 0                 0 / 0           ops/s
[240.093s][info][gc,stats    ]      Memory: Page Cache Miss                                   0 / 1                 4 / 223               4 / 223               4 / 223         ops/s
[240.093s][info][gc,stats    ]      Memory: Undo Object Allocation Failed                     0 / 0                 0 / 0                 0 / 0                 0 / 0           ops/s
[240.093s][info][gc,stats    ]      Memory: Undo Object Allocation Succeeded                  0 / 2                 0 / 3                 0 / 3                 0 / 3           ops/s
[240.093s][info][gc,stats    ]      Memory: Undo Page Allocation                              0 / 0                 0 / 2                 0 / 2                 0 / 2           ops/s
[240.093s][info][gc,stats    ]       Phase: Concurrent Destroy Detached Pages             0.001 / 0.003         0.001 / 0.011         0.001 / 0.011         0.001 / 0.011       ms
[240.093s][info][gc,stats    ]       Phase: Concurrent Mark                            1014.888 / 1266.338    843.793 / 1560.269    843.793 / 1560.269    843.793 / 1560.269    ms
[240.093s][info][gc,stats    ]       Phase: Concurrent Mark Continue                      0.000 / 0.000         0.000 / 0.000         0.000 / 0.000         0.000 / 0.000       ms
[240.093s][info][gc,stats    ]       Phase: Concurrent Prepare Relocation Set             7.483 / 11.835        7.668 / 64.267        7.668 / 64.267        7.668 / 64.267      ms
[240.093s][info][gc,stats    ]       Phase: Concurrent Process Non-Strong References      1.492 / 1.561         1.812 / 8.400         1.812 / 8.400         1.812 / 8.400       ms
[240.093s][info][gc,stats    ]       Phase: Concurrent Relocate                         156.765 / 184.293     138.317 / 393.686     138.317 / 393.686     138.317 / 393.686     ms
[240.093s][info][gc,stats    ]       Phase: Concurrent Reset Relocation Set               0.589 / 0.910         0.474 / 2.228         0.474 / 2.228         0.474 / 2.228       ms
[240.093s][info][gc,stats    ]       Phase: Concurrent Select Relocation Set              1.732 / 2.239         2.016 / 8.406         2.016 / 8.406         2.016 / 8.406       ms
[240.093s][info][gc,stats    ]       Phase: Pause Mark End                                0.413 / 0.435         0.399 / 1.931         0.399 / 1.931         0.399 / 1.931       ms
[240.093s][info][gc,stats    ]       Phase: Pause Mark Start                              4.553 / 6.446         3.467 / 7.120         3.467 / 7.120         3.467 / 7.120       ms
[240.093s][info][gc,stats    ]       Phase: Pause Relocate Start                          4.037 / 6.113         3.030 / 8.275         3.030 / 8.275         3.030 / 8.275       ms
[240.093s][info][gc,stats    ]    Subphase: Concurrent Mark                            1012.013 / 1262.407    840.769 / 1560.247    840.769 / 1560.247    840.769 / 1560.247    ms
[240.093s][info][gc,stats    ]    Subphase: Concurrent Mark Idle                          0.000 / 0.000         0.000 / 0.000         0.000 / 0.000         0.000 / 0.000       ms
[240.093s][info][gc,stats    ]    Subphase: Concurrent Mark Try Flush                     1.609 / 5.453         1.382 / 13.453        1.382 / 13.453        1.382 / 13.453      ms
[240.093s][info][gc,stats    ]    Subphase: Concurrent Mark Try Terminate                 0.488 / 1.012         0.459 / 3.245         0.459 / 3.245         0.459 / 3.245       ms
[240.093s][info][gc,stats    ]    Subphase: Concurrent References Enqueue                 0.002 / 0.004         0.002 / 0.007         0.002 / 0.007         0.002 / 0.007       ms
[240.093s][info][gc,stats    ]    Subphase: Concurrent References Process                 0.715 / 0.775         0.838 / 5.130         0.838 / 5.130         0.838 / 5.130       ms
[240.093s][info][gc,stats    ]    Subphase: Concurrent Weak Roots                         0.766 / 0.781         0.841 / 3.282         0.841 / 3.282         0.841 / 3.282       ms
[240.093s][info][gc,stats    ]    Subphase: Concurrent Weak Roots JNIWeakHandles          0.000 / 0.000         0.000 / 0.001         0.000 / 0.001         0.000 / 0.001       ms
[240.093s][info][gc,stats    ]    Subphase: Concurrent Weak Roots StringTable             0.579 / 0.594         0.632 / 2.798         0.632 / 2.798         0.632 / 2.798       ms
[240.093s][info][gc,stats    ]    Subphase: Concurrent Weak Roots VMWeakHandles           0.186 / 0.195         0.208 / 0.492         0.208 / 0.492         0.208 / 0.492       ms
[240.093s][info][gc,stats    ]    Subphase: Pause Mark Try Complete                       0.000 / 0.000         0.002 / 0.002         0.002 / 0.002         0.002 / 0.002       ms
[240.093s][info][gc,stats    ]    Subphase: Pause Remap TLABS                             0.005 / 0.012         0.003 / 0.012         0.003 / 0.012         0.003 / 0.012       ms
[240.093s][info][gc,stats    ]    Subphase: Pause Retire TLABS                            0.028 / 0.032         0.024 / 0.074         0.024 / 0.074         0.024 / 0.074       ms
[240.093s][info][gc,stats    ]    Subphase: Pause Roots                                   2.680 / 6.109         2.081 / 7.938         2.081 / 7.938         2.081 / 7.938       ms
[240.093s][info][gc,stats    ]    Subphase: Pause Roots ClassLoaderDataGraph              0.740 / 1.052         0.693 / 4.845         0.693 / 4.845         0.693 / 4.845       ms
[240.093s][info][gc,stats    ]    Subphase: Pause Roots CodeCache                         2.634 / 4.648         1.773 / 4.648         1.773 / 4.648         1.773 / 4.648       ms
[240.093s][info][gc,stats    ]    Subphase: Pause Roots JNIHandles                        0.001 / 0.002         0.001 / 0.006         0.001 / 0.006         0.001 / 0.006       ms
[240.093s][info][gc,stats    ]    Subphase: Pause Roots JNIWeakHandles                    0.000 / 0.000         0.000 / 0.000         0.000 / 0.000         0.000 / 0.000       ms
[240.093s][info][gc,stats    ]    Subphase: Pause Roots JRFWeak                           0.000 / 0.000         0.000 / 0.000         0.000 / 0.000         0.000 / 0.000       ms
[240.093s][info][gc,stats    ]    Subphase: Pause Roots JVMTIExport                       0.000 / 0.001         0.000 / 0.001         0.000 / 0.001         0.000 / 0.001       ms
[240.093s][info][gc,stats    ]    Subphase: Pause Roots JVMTIWeakExport                   0.001 / 0.001         0.001 / 0.001         0.001 / 0.001         0.001 / 0.001       ms
[240.093s][info][gc,stats    ]    Subphase: Pause Roots Management                        0.001 / 0.002         0.002 / 0.337         0.002 / 0.337         0.002 / 0.337       ms
[240.093s][info][gc,stats    ]    Subphase: Pause Roots ObjectSynchronizer                0.000 / 0.000         0.000 / 0.001         0.000 / 0.001         0.000 / 0.001       ms
[240.093s][info][gc,stats    ]    Subphase: Pause Roots Setup                             0.184 / 0.370         0.178 / 0.423         0.178 / 0.423         0.178 / 0.423       ms
[240.093s][info][gc,stats    ]    Subphase: Pause Roots StringTable                       0.000 / 0.000         0.000 / 0.000         0.000 / 0.000         0.000 / 0.000       ms
[240.093s][info][gc,stats    ]    Subphase: Pause Roots SystemDictionary                  0.012 / 0.019         0.013 / 0.041         0.013 / 0.041         0.013 / 0.041       ms
[240.093s][info][gc,stats    ]    Subphase: Pause Roots Teardown                          0.001 / 0.002         0.001 / 0.005         0.001 / 0.005         0.001 / 0.005       ms
[240.093s][info][gc,stats    ]    Subphase: Pause Roots Threads                           0.482 / 0.980         0.422 / 3.473         0.422 / 3.473         0.422 / 3.473       ms
[240.093s][info][gc,stats    ]    Subphase: Pause Roots Universe                          0.002 / 0.003         0.002 / 0.020         0.002 / 0.020         0.002 / 0.020       ms
[240.093s][info][gc,stats    ]    Subphase: Pause Roots VMWeakHandles                     0.000 / 0.000         0.000 / 0.000         0.000 / 0.000         0.000 / 0.000       ms
[240.093s][info][gc,stats    ]    Subphase: Pause Weak Roots                              0.001 / 0.002         0.002 / 0.005         0.002 / 0.005         0.002 / 0.005       ms
[240.093s][info][gc,stats    ]    Subphase: Pause Weak Roots JFRWeak                      0.001 / 0.001         0.001 / 0.001         0.001 / 0.001         0.001 / 0.001       ms
[240.093s][info][gc,stats    ]    Subphase: Pause Weak Roots JNIWeakHandles               0.000 / 0.000         0.000 / 0.000         0.000 / 0.000         0.000 / 0.000       ms
[240.093s][info][gc,stats    ]    Subphase: Pause Weak Roots JVMTIWeakExport              0.000 / 0.001         0.001 / 0.005         0.001 / 0.005         0.001 / 0.005       ms
[240.093s][info][gc,stats    ]    Subphase: Pause Weak Roots Setup                        0.000 / 0.000         0.000 / 0.000         0.000 / 0.000         0.000 / 0.000       ms
[240.093s][info][gc,stats    ]    Subphase: Pause Weak Roots StringTable                  0.000 / 0.000         0.000 / 0.000         0.000 / 0.000         0.000 / 0.000       ms
[240.093s][info][gc,stats    ]    Subphase: Pause Weak Roots SymbolTable                  0.000 / 0.000         0.000 / 0.000         0.000 / 0.000         0.000 / 0.000       ms
[240.093s][info][gc,stats    ]    Subphase: Pause Weak Roots Teardown                     0.001 / 0.001         0.000 / 0.001         0.000 / 0.001         0.000 / 0.001       ms
[240.093s][info][gc,stats    ]    Subphase: Pause Weak Roots VMWeakHandles                0.000 / 0.000         0.000 / 0.000         0.000 / 0.000         0.000 / 0.000       ms
[240.093s][info][gc,stats    ]      System: Java Threads                                    167 / 168             134 / 168             134 / 168             134 / 168         threads
[240.094s][info][gc,stats    ] =========================================================================================================================================================
[240.293s][info][gc,start    ] GC(134) Garbage Collection (Allocation Rate)
[240.300s][info][gc,phases   ] GC(134) Pause Mark Start 4.002ms
[241.387s][info][gc,phases   ] GC(134) Concurrent Mark 1086.922ms
[241.390s][info][gc,phases   ] GC(134) Pause Mark End 0.405ms
[241.392s][info][gc,phases   ] GC(134) Concurrent Process Non-Strong References 1.453ms
[241.392s][info][gc,phases   ] GC(134) Concurrent Reset Relocation Set 0.042ms
[241.392s][info][gc,phases   ] GC(134) Concurrent Destroy Detached Pages 0.000ms
[241.395s][info][gc,phases   ] GC(134) Concurrent Select Relocation Set 3.192ms
[241.403s][info][gc,phases   ] GC(134) Concurrent Prepare Relocation Set 7.911ms
[241.409s][info][gc,phases   ] GC(134) Pause Relocate Start 3.377ms
[241.585s][info][gc,phases   ] GC(134) Concurrent Relocate 175.577ms
[241.585s][info][gc,load     ] GC(134) Load: 1.77/1.70/1.13
[241.585s][info][gc,mmu      ] GC(134) MMU: 2ms/0.0%, 5ms/0.0%, 10ms/17.2%, 20ms/58.6%, 50ms/79.4%, 100ms/89.7%
[241.585s][info][gc,marking  ] GC(134) Mark: 1 stripe(s), 2 proactive flush(es), 1 terminate flush(es), 0 completion(s), 0 continuation(s) 
[241.585s][info][gc,reloc    ] GC(134) Relocation: Successful, 52M relocated
[241.585s][info][gc,nmethod  ] GC(134) NMethods: 6234 registered, 0 unregistered
[241.585s][info][gc,metaspace] GC(134) Metaspace: 75M used, 78M capacity, 79M committed, 80M reserved
[241.585s][info][gc,ref      ] GC(134) Soft: 4935 encountered, 0 discovered, 0 enqueued
[241.585s][info][gc,ref      ] GC(134) Weak: 5053 encountered, 4002 discovered, 0 enqueued
[241.585s][info][gc,ref      ] GC(134) Final: 28 encountered, 0 discovered, 0 enqueued
[241.585s][info][gc,ref      ] GC(134) Phantom: 662 encountered, 658 discovered, 0 enqueued
[241.585s][info][gc,heap     ] GC(134)                Mark Start          Mark End        Relocate Start      Relocate End           High               Low         
[241.585s][info][gc,heap     ] GC(134)  Capacity:     1990M (100%)       1990M (100%)       1990M (100%)       1990M (100%)       1990M (100%)       1990M (100%)   
[241.585s][info][gc,heap     ] GC(134)   Reserve:       34M (2%)           34M (2%)           34M (2%)           34M (2%)           34M (2%)           34M (2%)     
[241.585s][info][gc,heap     ] GC(134)      Free:     1222M (61%)        1074M (54%)        1080M (54%)        1488M (75%)        1488M (75%)        1074M (54%)    
[241.585s][info][gc,heap     ] GC(134)      Used:      734M (37%)         882M (44%)         876M (44%)         468M (24%)         882M (44%)         468M (24%)    
[241.585s][info][gc,heap     ] GC(134)      Live:         -               277M (14%)         277M (14%)         277M (14%)            -                  -          
[241.585s][info][gc,heap     ] GC(134) Allocated:         -               148M (7%)          148M (7%)          180M (9%)             -                  -          
[241.585s][info][gc,heap     ] GC(134)   Garbage:         -               456M (23%)         450M (23%)          42M (2%)             -                  -          
[241.585s][info][gc,heap     ] GC(134) Reclaimed:         -                  -                 6M (0%)          414M (21%)            -                  -          
[241.585s][info][gc          ] GC(134) Garbage Collection (Allocation Rate) 734M(37%)->468M(24%)
[242.493s][info][gc,start    ] GC(135) Garbage Collection (Allocation Rate)
[242.500s][info][gc,phases   ] GC(135) Pause Mark Start 3.976ms
[243.107s][info][gc,heap     ] Page Cache Flushed: 6M requested, 6M(1070M->1064M) flushed
[243.203s][info][gc,phases   ] GC(135) Concurrent Mark 702.457ms
[243.206s][info][gc,phases   ] GC(135) Pause Mark End 0.404ms
[243.207s][info][gc,phases   ] GC(135) Concurrent Process Non-Strong References 1.444ms
[243.208s][info][gc,phases   ] GC(135) Concurrent Reset Relocation Set 0.704ms
[243.208s][info][gc,phases   ] GC(135) Concurrent Destroy Detached Pages 0.003ms
[243.211s][info][gc,phases   ] GC(135) Concurrent Select Relocation Set 3.124ms
[243.212s][info][gc,phases   ] GC(135) Concurrent Prepare Relocation Set 1.125ms
[243.218s][info][gc,phases   ] GC(135) Pause Relocate Start 3.439ms
[243.286s][info][gc,phases   ] GC(135) Concurrent Relocate 65.686ms
[243.286s][info][gc,load     ] GC(135) Load: 1.71/1.69/1.13
[243.286s][info][gc,mmu      ] GC(135) MMU: 2ms/0.0%, 5ms/0.0%, 10ms/17.2%, 20ms/58.6%, 50ms/79.4%, 100ms/89.7%
[243.286s][info][gc,marking  ] GC(135) Mark: 1 stripe(s), 2 proactive flush(es), 1 terminate flush(es), 0 completion(s), 0 continuation(s) 
[243.286s][info][gc,reloc    ] GC(135) Relocation: Successful, 18M relocated
[243.286s][info][gc,nmethod  ] GC(135) NMethods: 6298 registered, 0 unregistered
[243.286s][info][gc,metaspace] GC(135) Metaspace: 75M used, 78M capacity, 79M committed, 80M reserved
[243.286s][info][gc,ref      ] GC(135) Soft: 4934 encountered, 0 discovered, 0 enqueued
[243.286s][info][gc,ref      ] GC(135) Weak: 5214 encountered, 4105 discovered, 3 enqueued
[243.286s][info][gc,ref      ] GC(135) Final: 28 encountered, 0 discovered, 0 enqueued
[243.286s][info][gc,ref      ] GC(135) Phantom: 663 encountered, 468 discovered, 0 enqueued
[243.286s][info][gc,heap     ] GC(135)                Mark Start          Mark End        Relocate Start      Relocate End           High               Low         
[243.286s][info][gc,heap     ] GC(135)  Capacity:     1990M (100%)       1990M (100%)       1990M (100%)       1990M (100%)       1990M (100%)       1990M (100%)   
[243.286s][info][gc,heap     ] GC(135)   Reserve:       34M (2%)           34M (2%)           34M (2%)           34M (2%)           34M (2%)           34M (2%)     
[243.286s][info][gc,heap     ] GC(135)      Free:     1222M (61%)        1054M (53%)        1498M (75%)        1530M (77%)        1536M (77%)        1054M (53%)    
[243.286s][info][gc,heap     ] GC(135)      Used:      734M (37%)         902M (45%)         458M (23%)         426M (21%)         902M (45%)         420M (21%)    
[243.286s][info][gc,heap     ] GC(135)      Live:         -               206M (10%)         206M (10%)         206M (10%)            -                  -          
[243.286s][info][gc,heap     ] GC(135) Allocated:         -               168M (8%)          170M (9%)          196M (10%)            -                  -          
[243.286s][info][gc,heap     ] GC(135)   Garbage:         -               527M (27%)          81M (4%)           33M (2%)             -                  -          
[243.286s][info][gc,heap     ] GC(135) Reclaimed:         -                  -               446M (22%)         494M (25%)            -                  -          
[243.286s][info][gc          ] GC(135) Garbage Collection (Allocation Rate) 734M(37%)->426M(21%)
[245.094s][info][gc,start    ] GC(136) Garbage Collection (Allocation Rate)
[245.100s][info][gc,phases   ] GC(136) Pause Mark Start 3.982ms
[245.253s][info][gc,heap     ] Page Cache Flushed: 10M requested, 14M(884M->870M) flushed
[245.731s][info][gc,phases   ] GC(136) Concurrent Mark 630.417ms
[245.734s][info][gc,phases   ] GC(136) Pause Mark End 0.368ms
[245.735s][info][gc,phases   ] GC(136) Concurrent Process Non-Strong References 1.452ms
[245.735s][info][gc,phases   ] GC(136) Concurrent Reset Relocation Set 0.009ms
[245.735s][info][gc,phases   ] GC(136) Concurrent Destroy Detached Pages 0.003ms
[245.738s][info][gc,phases   ] GC(136) Concurrent Select Relocation Set 2.365ms
[245.738s][info][gc,phases   ] GC(136) Concurrent Prepare Relocation Set 0.465ms
[245.744s][info][gc,phases   ] GC(136) Pause Relocate Start 3.397ms
[245.792s][info][gc,phases   ] GC(136) Concurrent Relocate 47.368ms
[245.792s][info][gc,load     ] GC(136) Load: 1.71/1.69/1.13
[245.792s][info][gc,mmu      ] GC(136) MMU: 2ms/0.0%, 5ms/0.0%, 10ms/17.2%, 20ms/58.6%, 50ms/79.4%, 100ms/89.7%
[245.792s][info][gc,marking  ] GC(136) Mark: 1 stripe(s), 2 proactive flush(es), 1 terminate flush(es), 0 completion(s), 0 continuation(s) 
[245.792s][info][gc,reloc    ] GC(136) Relocation: Successful, 17M relocated
[245.792s][info][gc,nmethod  ] GC(136) NMethods: 6371 registered, 0 unregistered
[245.792s][info][gc,metaspace] GC(136) Metaspace: 75M used, 79M capacity, 79M committed, 80M reserved
[245.792s][info][gc,ref      ] GC(136) Soft: 4934 encountered, 0 discovered, 0 enqueued
[245.792s][info][gc,ref      ] GC(136) Weak: 5312 encountered, 4293 discovered, 285 enqueued
[245.792s][info][gc,ref      ] GC(136) Final: 28 encountered, 0 discovered, 0 enqueued
[245.792s][info][gc,ref      ] GC(136) Phantom: 663 encountered, 659 discovered, 0 enqueued
[245.792s][info][gc,heap     ] GC(136)                Mark Start          Mark End        Relocate Start      Relocate End           High               Low         
[245.792s][info][gc,heap     ] GC(136)  Capacity:     1990M (100%)       1990M (100%)       1990M (100%)       1990M (100%)       1990M (100%)       1990M (100%)   
[245.792s][info][gc,heap     ] GC(136)   Reserve:       34M (2%)           34M (2%)           34M (2%)           34M (2%)           34M (2%)           34M (2%)     
[245.792s][info][gc,heap     ] GC(136)      Free:      902M (45%)         782M (39%)        1530M (77%)        1584M (80%)        1588M (80%)         782M (39%)    
[245.792s][info][gc,heap     ] GC(136)      Used:     1054M (53%)        1174M (59%)         426M (21%)         372M (19%)        1174M (59%)         368M (18%)    
[245.792s][info][gc,heap     ] GC(136)      Live:         -               205M (10%)         205M (10%)         205M (10%)            -                  -          
[245.792s][info][gc,heap     ] GC(136) Allocated:         -               120M (6%)          120M (6%)          140M (7%)             -                  -          
[245.792s][info][gc,heap     ] GC(136)   Garbage:         -               848M (43%)         100M (5%)           46M (2%)             -                  -          
[245.792s][info][gc,heap     ] GC(136) Reclaimed:         -                  -               748M (38%)         802M (40%)            -                  -          
[245.792s][info][gc          ] GC(136) Garbage Collection (Allocation Rate) 1054M(53%)->372M(19%)
[246.732s][info][gc,heap     ] Page Cache Flushed: 4M requested, 6M(1152M->1146M) flushed
[246.734s][info][gc,heap     ] Page Cache Flushed: 6M requested, 18M(1146M->1128M) flushed
[246.793s][info][gc,start    ] GC(137) Garbage Collection (Allocation Rate)
[246.801s][info][gc,phases   ] GC(137) Pause Mark Start 5.311ms
[246.817s][info][gc,heap     ] Page Cache Flushed: 28M requested, 32M(1072M->1040M) flushed
[246.924s][info][gc,heap     ] Page Cache Flushed: 2M requested, 10M(966M->956M) flushed
[247.528s][info][gc,phases   ] GC(137) Concurrent Mark 726.771ms
[247.531s][info][gc,phases   ] GC(137) Pause Mark End 0.536ms
[247.533s][info][gc,phases   ] GC(137) Concurrent Process Non-Strong References 1.779ms
[247.533s][info][gc,phases   ] GC(137) Concurrent Reset Relocation Set 0.014ms
[247.533s][info][gc,phases   ] GC(137) Concurrent Destroy Detached Pages 0.007ms
[247.537s][info][gc,phases   ] GC(137) Concurrent Select Relocation Set 4.055ms
[247.538s][info][gc,phases   ] GC(137) Concurrent Prepare Relocation Set 0.409ms
[247.543s][info][gc,phases   ] GC(137) Pause Relocate Start 3.965ms
[247.592s][info][gc,phases   ] GC(137) Concurrent Relocate 46.752ms
[247.592s][info][gc,load     ] GC(137) Load: 1.73/1.70/1.14
[247.592s][info][gc,mmu      ] GC(137) MMU: 2ms/0.0%, 5ms/0.0%, 10ms/17.2%, 20ms/58.6%, 50ms/79.4%, 100ms/89.7%
[247.592s][info][gc,marking  ] GC(137) Mark: 1 stripe(s), 2 proactive flush(es), 1 terminate flush(es), 0 completion(s), 0 continuation(s) 
[247.592s][info][gc,reloc    ] GC(137) Relocation: Successful, 20M relocated
[247.592s][info][gc,nmethod  ] GC(137) NMethods: 6447 registered, 0 unregistered
[247.592s][info][gc,metaspace] GC(137) Metaspace: 75M used, 79M capacity, 79M committed, 80M reserved
[247.592s][info][gc,ref      ] GC(137) Soft: 4934 encountered, 0 discovered, 0 enqueued
[247.592s][info][gc,ref      ] GC(137) Weak: 5101 encountered, 4042 discovered, 99 enqueued
[247.592s][info][gc,ref      ] GC(137) Final: 28 encountered, 0 discovered, 0 enqueued
[247.592s][info][gc,ref      ] GC(137) Phantom: 663 encountered, 659 discovered, 0 enqueued
[247.592s][info][gc,heap     ] GC(137)                Mark Start          Mark End        Relocate Start      Relocate End           High               Low         
[247.592s][info][gc,heap     ] GC(137)  Capacity:     1990M (100%)       1990M (100%)       1990M (100%)       1990M (100%)       1990M (100%)       1990M (100%)   
[247.592s][info][gc,heap     ] GC(137)   Reserve:       34M (2%)           34M (2%)           34M (2%)           34M (2%)           34M (2%)           34M (2%)     
[247.592s][info][gc,heap     ] GC(137)      Free:     1086M (55%)         728M (37%)        1230M (62%)        1370M (69%)        1370M (69%)         728M (37%)    
[247.592s][info][gc,heap     ] GC(137)      Used:      870M (44%)        1228M (62%)         726M (36%)         586M (29%)        1228M (62%)         586M (29%)    
[247.592s][info][gc,heap     ] GC(137)      Live:         -               228M (11%)         228M (11%)         228M (11%)            -                  -          
[247.592s][info][gc,heap     ] GC(137) Allocated:         -               358M (18%)         358M (18%)         366M (18%)            -                  -          
[247.592s][info][gc,heap     ] GC(137)   Garbage:         -               641M (32%)         139M (7%)     17592186044415M (8         -                  -          
[247.592s][info][gc,heap     ] GC(137) Reclaimed:         -                  -               502M (25%)         642M (32%)            -                  -          
[247.592s][info][gc          ] GC(137) Garbage Collection (Allocation Rate) 870M(44%)->586M(29%)
[248.164s][info][gc,heap     ] Page Cache Flushed: 6M requested, 10M(1226M->1216M) flushed
[248.168s][info][gc,heap     ] Page Cache Flushed: 4M requested, 6M(1216M->1210M) flushed
[248.293s][info][gc,start    ] GC(138) Garbage Collection (Allocation Rate)
[248.300s][info][gc,phases   ] GC(138) Pause Mark Start 4.119ms
[248.615s][info][gc,heap     ] Page Cache Flushed: 4M requested, 4M(858M->854M) flushed
[249.395s][info][gc,phases   ] GC(138) Concurrent Mark 1095.312ms
[249.399s][info][gc,phases   ] GC(138) Pause Mark End 0.472ms
[249.400s][info][gc,phases   ] GC(138) Concurrent Process Non-Strong References 1.633ms
[249.401s][info][gc,phases   ] GC(138) Concurrent Reset Relocation Set 0.012ms
[249.401s][info][gc,phases   ] GC(138) Concurrent Destroy Detached Pages 0.006ms
[249.402s][info][gc,phases   ] GC(138) Concurrent Select Relocation Set 1.730ms
[249.411s][info][gc,phases   ] GC(138) Concurrent Prepare Relocation Set 8.644ms
[249.417s][info][gc,phases   ] GC(138) Pause Relocate Start 3.583ms
[249.694s][info][gc,phases   ] GC(138) Concurrent Relocate 276.797ms
[249.694s][info][gc,load     ] GC(138) Load: 1.73/1.70/1.14
[249.694s][info][gc,mmu      ] GC(138) MMU: 2ms/0.0%, 5ms/0.0%, 10ms/17.2%, 20ms/58.6%, 50ms/79.4%, 100ms/89.7%
[249.695s][info][gc,marking  ] GC(138) Mark: 1 stripe(s), 2 proactive flush(es), 1 terminate flush(es), 0 completion(s), 0 continuation(s) 
[249.695s][info][gc,reloc    ] GC(138) Relocation: Successful, 49M relocated
[249.695s][info][gc,nmethod  ] GC(138) NMethods: 6537 registered, 0 unregistered
[249.695s][info][gc,metaspace] GC(138) Metaspace: 75M used, 79M capacity, 79M committed, 80M reserved
[249.695s][info][gc,ref      ] GC(138) Soft: 4934 encountered, 0 discovered, 0 enqueued
[249.695s][info][gc,ref      ] GC(138) Weak: 5007 encountered, 3957 discovered, 7 enqueued
[249.695s][info][gc,ref      ] GC(138) Final: 28 encountered, 0 discovered, 0 enqueued
[249.695s][info][gc,ref      ] GC(138) Phantom: 663 encountered, 659 discovered, 0 enqueued
[249.695s][info][gc,heap     ] GC(138)                Mark Start          Mark End        Relocate Start      Relocate End           High               Low         
[249.695s][info][gc,heap     ] GC(138)  Capacity:     1990M (100%)       1990M (100%)       1990M (100%)       1990M (100%)       1990M (100%)       1990M (100%)   
[249.695s][info][gc,heap     ] GC(138)   Reserve:       34M (2%)           34M (2%)           34M (2%)           34M (2%)           34M (2%)           34M (2%)     
[249.695s][info][gc,heap     ] GC(138)      Free:     1062M (53%)         808M (41%)        1108M (56%)        1398M (70%)        1398M (70%)         808M (41%)    
[249.695s][info][gc,heap     ] GC(138)      Used:      894M (45%)        1148M (58%)         848M (43%)         558M (28%)        1148M (58%)         558M (28%)    
[249.695s][info][gc,heap     ] GC(138)      Live:         -               258M (13%)         258M (13%)         258M (13%)            -                  -          
[249.695s][info][gc,heap     ] GC(138) Allocated:         -               254M (13%)         254M (13%)         336M (17%)            -                  -          
[249.695s][info][gc,heap     ] GC(138)   Garbage:         -               635M (32%)         335M (17%)          37M (2%)             -                  -          
[249.695s][info][gc,heap     ] GC(138) Reclaimed:         -                  -               300M (15%)         598M (30%)            -                  -          
[249.695s][info][gc          ] GC(138) Garbage Collection (Allocation Rate) 894M(45%)->558M(28%)
[249.793s][info][gc,start    ] GC(139) Garbage Collection (Allocation Rate)
[249.805s][info][gc,phases   ] GC(139) Pause Mark Start 8.443ms
[249.933s][info][gc,heap     ] Page Cache Flushed: 6M requested, 8M(1240M->1232M) flushed
[249.934s][info][gc,heap     ] Page Cache Flushed: 4M requested, 8M(1232M->1224M) flushed
[249.993s][info][gc,heap     ] Page Cache Flushed: 2M requested, 8M(1202M->1194M) flushed
[250.071s][info][gc,heap     ] Page Cache Flushed: 6M requested, 32M(1166M->1134M) flushed
[250.093s][info][gc,stats    ] === Garbage Collection Statistics =======================================================================================================================
[250.093s][info][gc,stats    ]                                                              Last 10s              Last 10m              Last 10h                Total
[250.093s][info][gc,stats    ]                                                              Avg / Max             Avg / Max             Avg / Max             Avg / Max
[250.093s][info][gc,stats    ]   Collector: Garbage Collection Cycle                    996.689 / 1401.526   1010.641 / 1704.378   1010.641 / 1704.378   1010.641 / 1704.378    ms
[250.093s][info][gc,stats    ]  Contention: Mark Segment Reset Contention                     0 / 0                 0 / 0                 0 / 0                 0 / 0           ops/s
[250.093s][info][gc,stats    ]  Contention: Mark SeqNum Reset Contention                      0 / 0                 0 / 0                 0 / 0                 0 / 0           ops/s
[250.093s][info][gc,stats    ]  Contention: Relocation Contention                             0 / 0                 0 / 3                 0 / 3                 0 / 3           ops/s
[250.093s][info][gc,stats    ]    Critical: Allocation Stall                              0.000 / 0.000         0.000 / 0.000         0.000 / 0.000         0.000 / 0.000       ms
[250.093s][info][gc,stats    ]    Critical: Allocation Stall                                  0 / 0                 0 / 0                 0 / 0                 0 / 0           ops/s
[250.093s][info][gc,stats    ]    Critical: GC Locker Stall                               0.000 / 0.000         0.000 / 0.000         0.000 / 0.000         0.000 / 0.000       ms
[250.093s][info][gc,stats    ]    Critical: GC Locker Stall                                   0 / 0                 0 / 0                 0 / 0                 0 / 0           ops/s
[250.093s][info][gc,stats    ]      Memory: Allocation Rate                                 314 / 442             284 / 1282            284 / 1282            284 / 1282        MB/s
[250.093s][info][gc,stats    ]      Memory: Heap Used After Mark                           1066 / 1228            950 / 1920            950 / 1920            950 / 1920        MB
[250.093s][info][gc,stats    ]      Memory: Heap Used After Relocation                      482 / 586             466 / 1124            466 / 1124            466 / 1124        MB
[250.093s][info][gc,stats    ]      Memory: Heap Used Before Mark                           819 / 1054            767 / 1828            767 / 1828            767 / 1828        MB
[250.093s][info][gc,stats    ]      Memory: Heap Used Before Relocation                     666 / 876             685 / 1330            685 / 1330            685 / 1330        MB
[250.093s][info][gc,stats    ]      Memory: Out Of Memory                                     0 / 0                 0 / 0                 0 / 0                 0 / 0           ops/s
[250.093s][info][gc,stats    ]      Memory: Page Cache Flush                                 16 / 66                4 / 72                4 / 72                4 / 72          MB/s
[250.093s][info][gc,stats    ]      Memory: Page Cache Hit L1                               130 / 191             129 / 642             129 / 642             129 / 642         ops/s
[250.093s][info][gc,stats    ]      Memory: Page Cache Hit L2                                 0 / 0                 0 / 0                 0 / 0                 0 / 0           ops/s
[250.093s][info][gc,stats    ]      Memory: Page Cache Miss                                   1 / 5                 4 / 223               4 / 223               4 / 223         ops/s
[250.093s][info][gc,stats    ]      Memory: Undo Object Allocation Failed                     0 / 0                 0 / 0                 0 / 0                 0 / 0           ops/s
[250.093s][info][gc,stats    ]      Memory: Undo Object Allocation Succeeded                  0 / 0                 0 / 3                 0 / 3                 0 / 3           ops/s
[250.093s][info][gc,stats    ]      Memory: Undo Page Allocation                              0 / 0                 0 / 2                 0 / 2                 0 / 2           ops/s
[250.093s][info][gc,stats    ]       Phase: Concurrent Destroy Detached Pages             0.004 / 0.007         0.001 / 0.011         0.001 / 0.011         0.001 / 0.011       ms
[250.093s][info][gc,stats    ]       Phase: Concurrent Mark                             848.376 / 1095.312    843.958 / 1560.269    843.958 / 1560.269    843.958 / 1560.269    ms
[250.093s][info][gc,stats    ]       Phase: Concurrent Mark Continue                      0.000 / 0.000         0.000 / 0.000         0.000 / 0.000         0.000 / 0.000       ms
[250.093s][info][gc,stats    ]       Phase: Concurrent Prepare Relocation Set             3.711 / 8.644         7.526 / 64.267        7.526 / 64.267        7.526 / 64.267      ms
[250.093s][info][gc,stats    ]       Phase: Concurrent Process Non-Strong References      1.552 / 1.779         1.803 / 8.400         1.803 / 8.400         1.803 / 8.400       ms
[250.093s][info][gc,stats    ]       Phase: Concurrent Relocate                         122.436 / 276.797     137.746 / 393.686     137.746 / 393.686     137.746 / 393.686     ms
[250.093s][info][gc,stats    ]       Phase: Concurrent Reset Relocation Set               0.156 / 0.704         0.463 / 2.228         0.463 / 2.228         0.463 / 2.228       ms
[250.093s][info][gc,stats    ]       Phase: Concurrent Select Relocation Set              2.893 / 4.055         2.047 / 8.406         2.047 / 8.406         2.047 / 8.406       ms
[250.093s][info][gc,stats    ]       Phase: Pause Mark End                                0.437 / 0.536         0.400 / 1.931         0.400 / 1.931         0.400 / 1.931       ms
[250.093s][info][gc,stats    ]       Phase: Pause Mark Start                              4.972 / 8.443         3.531 / 8.443         3.531 / 8.443         3.531 / 8.443       ms
[250.093s][info][gc,stats    ]       Phase: Pause Relocate Start                          3.552 / 3.965         3.049 / 8.275         3.049 / 8.275         3.049 / 8.275       ms
[250.093s][info][gc,stats    ]    Subphase: Concurrent Mark                             842.604 / 1086.688    840.835 / 1560.247    840.835 / 1560.247    840.835 / 1560.247    ms
[250.093s][info][gc,stats    ]    Subphase: Concurrent Mark Idle                          0.000 / 0.000         0.000 / 0.000         0.000 / 0.000         0.000 / 0.000       ms
[250.093s][info][gc,stats    ]    Subphase: Concurrent Mark Try Flush                     1.237 / 4.450         1.376 / 13.453        1.376 / 13.453        1.376 / 13.453      ms
[250.093s][info][gc,stats    ]    Subphase: Concurrent Mark Try Terminate                 0.497 / 1.046         0.460 / 3.245         0.460 / 3.245         0.460 / 3.245       ms
[250.093s][info][gc,stats    ]    Subphase: Concurrent References Enqueue                 0.002 / 0.004         0.002 / 0.007         0.002 / 0.007         0.002 / 0.007       ms
[250.093s][info][gc,stats    ]    Subphase: Concurrent References Process                 0.724 / 0.821         0.834 / 5.130         0.834 / 5.130         0.834 / 5.130       ms
[250.093s][info][gc,stats    ]    Subphase: Concurrent Weak Roots                         0.816 / 0.940         0.840 / 3.282         0.840 / 3.282         0.840 / 3.282       ms
[250.093s][info][gc,stats    ]    Subphase: Concurrent Weak Roots JNIWeakHandles          0.000 / 0.000         0.000 / 0.001         0.000 / 0.001         0.000 / 0.001       ms
[250.093s][info][gc,stats    ]    Subphase: Concurrent Weak Roots StringTable             0.606 / 0.706         0.631 / 2.798         0.631 / 2.798         0.631 / 2.798       ms
[250.093s][info][gc,stats    ]    Subphase: Concurrent Weak Roots VMWeakHandles           0.209 / 0.232         0.208 / 0.492         0.208 / 0.492         0.208 / 0.492       ms
[250.093s][info][gc,stats    ]    Subphase: Pause Mark Try Complete                       0.000 / 0.000         0.002 / 0.002         0.002 / 0.002         0.002 / 0.002       ms
[250.093s][info][gc,stats    ]    Subphase: Pause Remap TLABS                             0.003 / 0.005         0.003 / 0.012         0.003 / 0.012         0.003 / 0.012       ms
[250.093s][info][gc,stats    ]    Subphase: Pause Retire TLABS                            0.031 / 0.053         0.025 / 0.074         0.025 / 0.074         0.025 / 0.074       ms
[250.093s][info][gc,stats    ]    Subphase: Pause Roots                                   2.867 / 8.065         2.111 / 8.065         2.111 / 8.065         2.111 / 8.065       ms
[250.093s][info][gc,stats    ]    Subphase: Pause Roots ClassLoaderDataGraph              1.023 / 3.521         0.706 / 4.845         0.706 / 4.845         0.706 / 4.845       ms
[250.093s][info][gc,stats    ]    Subphase: Pause Roots CodeCache                         2.471 / 3.938         1.800 / 4.648         1.800 / 4.648         1.800 / 4.648       ms
[250.093s][info][gc,stats    ]    Subphase: Pause Roots JNIHandles                        0.001 / 0.001         0.001 / 0.006         0.001 / 0.006         0.001 / 0.006       ms
[250.093s][info][gc,stats    ]    Subphase: Pause Roots JNIWeakHandles                    0.000 / 0.000         0.000 / 0.000         0.000 / 0.000         0.000 / 0.000       ms
[250.093s][info][gc,stats    ]    Subphase: Pause Roots JRFWeak                           0.000 / 0.000         0.000 / 0.000         0.000 / 0.000         0.000 / 0.000       ms
[250.093s][info][gc,stats    ]    Subphase: Pause Roots JVMTIExport                       0.000 / 0.000         0.000 / 0.001         0.000 / 0.001         0.000 / 0.001       ms
[250.093s][info][gc,stats    ]    Subphase: Pause Roots JVMTIWeakExport                   0.001 / 0.001         0.001 / 0.001         0.001 / 0.001         0.001 / 0.001       ms
[250.093s][info][gc,stats    ]    Subphase: Pause Roots Management                        0.001 / 0.001         0.002 / 0.337         0.002 / 0.337         0.002 / 0.337       ms
[250.093s][info][gc,stats    ]    Subphase: Pause Roots ObjectSynchronizer                0.000 / 0.001         0.000 / 0.001         0.000 / 0.001         0.000 / 0.001       ms
[250.093s][info][gc,stats    ]    Subphase: Pause Roots Setup                             0.196 / 0.306         0.178 / 0.423         0.178 / 0.423         0.178 / 0.423       ms
[250.093s][info][gc,stats    ]    Subphase: Pause Roots StringTable                       0.000 / 0.000         0.000 / 0.000         0.000 / 0.000         0.000 / 0.000       ms
[250.093s][info][gc,stats    ]    Subphase: Pause Roots SystemDictionary                  0.012 / 0.014         0.013 / 0.041         0.013 / 0.041         0.013 / 0.041       ms
[250.093s][info][gc,stats    ]    Subphase: Pause Roots Teardown                          0.001 / 0.002         0.001 / 0.005         0.001 / 0.005         0.001 / 0.005       ms
[250.093s][info][gc,stats    ]    Subphase: Pause Roots Threads                           0.450 / 0.583         0.423 / 3.473         0.423 / 3.473         0.423 / 3.473       ms
[250.093s][info][gc,stats    ]    Subphase: Pause Roots Universe                          0.002 / 0.003         0.002 / 0.020         0.002 / 0.020         0.002 / 0.020       ms
[250.093s][info][gc,stats    ]    Subphase: Pause Roots VMWeakHandles                     0.000 / 0.000         0.000 / 0.000         0.000 / 0.000         0.000 / 0.000       ms
[250.093s][info][gc,stats    ]    Subphase: Pause Weak Roots                              0.002 / 0.002         0.002 / 0.005         0.002 / 0.005         0.002 / 0.005       ms
[250.093s][info][gc,stats    ]    Subphase: Pause Weak Roots JFRWeak                      0.001 / 0.001         0.001 / 0.001         0.001 / 0.001         0.001 / 0.001       ms
[250.093s][info][gc,stats    ]    Subphase: Pause Weak Roots JNIWeakHandles               0.000 / 0.000         0.000 / 0.000         0.000 / 0.000         0.000 / 0.000       ms
[250.093s][info][gc,stats    ]    Subphase: Pause Weak Roots JVMTIWeakExport              0.000 / 0.001         0.001 / 0.005         0.001 / 0.005         0.001 / 0.005       ms
[250.093s][info][gc,stats    ]    Subphase: Pause Weak Roots Setup                        0.000 / 0.000         0.000 / 0.000         0.000 / 0.000         0.000 / 0.000       ms
[250.093s][info][gc,stats    ]    Subphase: Pause Weak Roots StringTable                  0.000 / 0.000         0.000 / 0.000         0.000 / 0.000         0.000 / 0.000       ms
[250.093s][info][gc,stats    ]    Subphase: Pause Weak Roots SymbolTable                  0.000 / 0.000         0.000 / 0.000         0.000 / 0.000         0.000 / 0.000       ms
[250.093s][info][gc,stats    ]    Subphase: Pause Weak Roots Teardown                     0.001 / 0.001         0.001 / 0.001         0.001 / 0.001         0.001 / 0.001       ms
[250.093s][info][gc,stats    ]    Subphase: Pause Weak Roots VMWeakHandles                0.000 / 0.000         0.000 / 0.000         0.000 / 0.000         0.000 / 0.000       ms
[250.093s][info][gc,stats    ]      System: Java Threads                                    160 / 168             135 / 168             135 / 168             135 / 168         threads
[250.093s][info][gc,stats    ] =========================================================================================================================================================
[250.679s][info][gc,phases   ] GC(139) Concurrent Mark 870.160ms
[250.682s][info][gc,phases   ] GC(139) Pause Mark End 0.448ms
[250.684s][info][gc,phases   ] GC(139) Concurrent Process Non-Strong References 2.157ms
[250.685s][info][gc,phases   ] GC(139) Concurrent Reset Relocation Set 0.644ms
[250.685s][info][gc,phases   ] GC(139) Concurrent Destroy Detached Pages 0.004ms
[250.687s][info][gc,phases   ] GC(139) Concurrent Select Relocation Set 1.636ms
[250.695s][info][gc,phases   ] GC(139) Concurrent Prepare Relocation Set 7.984ms
[250.702s][info][gc,phases   ] GC(139) Pause Relocate Start 3.708ms
[250.820s][info][gc,phases   ] GC(139) Concurrent Relocate 118.122ms
[250.820s][info][gc,load     ] GC(139) Load: 1.73/1.70/1.14
[250.820s][info][gc,mmu      ] GC(139) MMU: 2ms/0.0%, 5ms/0.0%, 10ms/15.6%, 20ms/57.8%, 50ms/79.4%, 100ms/89.7%
[250.820s][info][gc,marking  ] GC(139) Mark: 1 stripe(s), 2 proactive flush(es), 1 terminate flush(es), 0 completion(s), 0 continuation(s) 
[250.820s][info][gc,reloc    ] GC(139) Relocation: Successful, 33M relocated
[250.820s][info][gc,nmethod  ] GC(139) NMethods: 6560 registered, 0 unregistered
[250.820s][info][gc,metaspace] GC(139) Metaspace: 75M used, 79M capacity, 79M committed, 80M reserved
[250.820s][info][gc,ref      ] GC(139) Soft: 4933 encountered, 0 discovered, 0 enqueued
[250.820s][info][gc,ref      ] GC(139) Weak: 4986 encountered, 3923 discovered, 10 enqueued
[250.820s][info][gc,ref      ] GC(139) Final: 28 encountered, 0 discovered, 0 enqueued
[250.820s][info][gc,ref      ] GC(139) Phantom: 662 encountered, 658 discovered, 0 enqueued
[250.820s][info][gc,heap     ] GC(139)                Mark Start          Mark End        Relocate Start      Relocate End           High               Low         
[250.820s][info][gc,heap     ] GC(139)  Capacity:     1990M (100%)       1990M (100%)       1990M (100%)       1990M (100%)       1990M (100%)       1990M (100%)   
[250.820s][info][gc,heap     ] GC(139)   Reserve:       34M (2%)           34M (2%)           34M (2%)           34M (2%)           34M (2%)           34M (2%)     
[250.820s][info][gc,heap     ] GC(139)      Free:     1328M (67%)         510M (26%)         716M (36%)         776M (39%)        1328M (67%)         510M (26%)    
[250.820s][info][gc,heap     ] GC(139)      Used:      628M (32%)        1446M (73%)        1240M (62%)        1180M (59%)        1446M (73%)         628M (32%)    
[250.820s][info][gc,heap     ] GC(139)      Live:         -               255M (13%)         255M (13%)         255M (13%)            -                  -          
[250.820s][info][gc,heap     ] GC(139) Allocated:         -               818M (41%)         826M (42%)         944M (47%)            -                  -          
[250.821s][info][gc,heap     ] GC(139)   Garbage:         -               372M (19%)         158M (8%)     17592186044412M (8         -                  -          
[250.821s][info][gc,heap     ] GC(139) Reclaimed:         -                  -               214M (11%)         376M (19%)            -                  -          
[250.821s][info][gc          ] GC(139) Garbage Collection (Allocation Rate) 628M(32%)->1180M(59%)
[250.821s][info][gc,start    ] GC(140) Garbage Collection (System.gc())
[250.825s][info][gc,phases   ] GC(140) Pause Mark Start 4.047ms
[251.107s][info][gc,phases   ] GC(140) Concurrent Mark 282.587ms
[251.108s][info][gc,phases   ] GC(140) Pause Mark End 0.320ms
[251.110s][info][gc,phases   ] GC(140) Concurrent Process Non-Strong References 1.426ms
[251.110s][info][gc,phases   ] GC(140) Concurrent Reset Relocation Set 0.017ms
[251.110s][info][gc,phases   ] GC(140) Concurrent Destroy Detached Pages 0.000ms
[251.112s][info][gc,phases   ] GC(140) Concurrent Select Relocation Set 1.967ms
[251.112s][info][gc,phases   ] GC(140) Concurrent Prepare Relocation Set 0.009ms
[251.115s][info][gc,phases   ] GC(140) Pause Relocate Start 3.319ms
[251.116s][info][gc,phases   ] GC(140) Concurrent Relocate 0.930ms
[251.116s][info][gc,load     ] GC(140) Load: 1.73/1.70/1.14
[251.116s][info][gc,mmu      ] GC(140) MMU: 2ms/0.0%, 5ms/0.0%, 10ms/15.6%, 20ms/57.8%, 50ms/79.4%, 100ms/89.7%
[251.116s][info][gc,marking  ] GC(140) Mark: 1 stripe(s), 2 proactive flush(es), 1 terminate flush(es), 0 completion(s), 0 continuation(s) 
[251.116s][info][gc,reloc    ] GC(140) Relocation: Successful, 10M relocated
[251.116s][info][gc,nmethod  ] GC(140) NMethods: 6560 registered, 0 unregistered
[251.116s][info][gc,metaspace] GC(140) Metaspace: 75M used, 79M capacity, 79M committed, 80M reserved
[251.116s][info][gc,ref      ] GC(140) Soft: 4933 encountered, 0 discovered, 0 enqueued
[251.116s][info][gc,ref      ] GC(140) Weak: 4978 encountered, 4039 discovered, 108 enqueued
[251.116s][info][gc,ref      ] GC(140) Final: 28 encountered, 0 discovered, 0 enqueued
[251.116s][info][gc,ref      ] GC(140) Phantom: 662 encountered, 658 discovered, 0 enqueued
[251.116s][info][gc,heap     ] GC(140)                Mark Start          Mark End        Relocate Start      Relocate End           High               Low         
[251.116s][info][gc,heap     ] GC(140)  Capacity:     1990M (100%)       1990M (100%)       1990M (100%)       1990M (100%)       1990M (100%)       1990M (100%)   
[251.116s][info][gc,heap     ] GC(140)   Reserve:       34M (2%)           34M (2%)           34M (2%)           34M (2%)           34M (2%)           34M (2%)     
[251.116s][info][gc,heap     ] GC(140)      Free:      776M (39%)         774M (39%)        1710M (86%)        1728M (87%)        1728M (87%)         774M (39%)    
[251.116s][info][gc,heap     ] GC(140)      Used:     1180M (59%)        1182M (59%)         246M (12%)         228M (11%)        1182M (59%)         228M (11%)    
[251.116s][info][gc,heap     ] GC(140)      Live:         -               192M (10%)         192M (10%)         192M (10%)            -                  -          
[251.116s][info][gc,heap     ] GC(140) Allocated:         -                 2M (0%)            2M (0%)            4M (0%)             -                  -          
[251.116s][info][gc,heap     ] GC(140)   Garbage:         -               987M (50%)          51M (3%)           33M (2%)             -                  -          
[251.116s][info][gc,heap     ] GC(140) Reclaimed:         -                  -               936M (47%)         954M (48%)            -                  -          
[251.116s][info][gc          ] GC(140) Garbage Collection (System.gc()) 1180M(59%)->228M(11%)
[251.194s][info][gc,start    ] GC(141) Garbage Collection (Allocation Rate)
[251.205s][info][gc,phases   ] GC(141) Pause Mark Start 7.929ms
[251.877s][info][gc,phases   ] GC(141) Concurrent Mark 671.054ms
[251.880s][info][gc,phases   ] GC(141) Pause Mark End 0.416ms
[251.882s][info][gc,phases   ] GC(141) Concurrent Process Non-Strong References 1.527ms
[251.882s][info][gc,phases   ] GC(141) Concurrent Reset Relocation Set 0.004ms
[251.882s][info][gc,phases   ] GC(141) Concurrent Destroy Detached Pages 0.000ms
[251.883s][info][gc,phases   ] GC(141) Concurrent Select Relocation Set 1.508ms
[251.883s][info][gc,phases   ] GC(141) Concurrent Prepare Relocation Set 0.012ms
[251.887s][info][gc,phases   ] GC(141) Pause Relocate Start 3.471ms
[251.893s][info][gc,phases   ] GC(141) Concurrent Relocate 6.142ms
[251.893s][info][gc,load     ] GC(141) Load: 1.73/1.70/1.14
[251.893s][info][gc,mmu      ] GC(141) MMU: 2ms/0.0%, 5ms/0.0%, 10ms/15.6%, 20ms/57.8%, 50ms/79.4%, 100ms/88.4%
[251.893s][info][gc,marking  ] GC(141) Mark: 1 stripe(s), 2 proactive flush(es), 1 terminate flush(es), 0 completion(s), 0 continuation(s) 
[251.893s][info][gc,reloc    ] GC(141) Relocation: Successful, 10M relocated
[251.893s][info][gc,nmethod  ] GC(141) NMethods: 6587 registered, 0 unregistered
[251.893s][info][gc,metaspace] GC(141) Metaspace: 75M used, 79M capacity, 79M committed, 80M reserved
[251.893s][info][gc,ref      ] GC(141) Soft: 4934 encountered, 0 discovered, 0 enqueued
[251.893s][info][gc,ref      ] GC(141) Weak: 4983 encountered, 3978 discovered, 25 enqueued
[251.893s][info][gc,ref      ] GC(141) Final: 28 encountered, 0 discovered, 0 enqueued
[251.893s][info][gc,ref      ] GC(141) Phantom: 662 encountered, 658 discovered, 0 enqueued
[251.893s][info][gc,heap     ] GC(141)                Mark Start          Mark End        Relocate Start      Relocate End           High               Low         
[251.893s][info][gc,heap     ] GC(141)  Capacity:     1990M (100%)       1990M (100%)       1990M (100%)       1990M (100%)       1990M (100%)       1990M (100%)   
[251.893s][info][gc,heap     ] GC(141)   Reserve:       34M (2%)           34M (2%)           34M (2%)           34M (2%)           34M (2%)           34M (2%)     
[251.893s][info][gc,heap     ] GC(141)      Free:     1660M (83%)        1448M (73%)        1486M (75%)        1516M (76%)        1660M (83%)        1448M (73%)    
[251.893s][info][gc,heap     ] GC(141)      Used:      296M (15%)         508M (26%)         470M (24%)         440M (22%)         508M (26%)         296M (15%)    
[251.893s][info][gc,heap     ] GC(141)      Live:         -               192M (10%)         192M (10%)         192M (10%)            -                  -          
[251.893s][info][gc,heap     ] GC(141) Allocated:         -               212M (11%)         212M (11%)         216M (11%)            -                  -          
[251.893s][info][gc,heap     ] GC(141)   Garbage:         -               103M (5%)           65M (3%)           33M (2%)             -                  -          
[251.893s][info][gc,heap     ] GC(141) Reclaimed:         -                  -                38M (2%)           70M (4%)             -                  -          
[251.893s][info][gc          ] GC(141) Garbage Collection (Allocation Rate) 296M(15%)->440M(22%)
[252.693s][info][gc,start    ] GC(142) Garbage Collection (Allocation Rate)
[252.700s][info][gc,phases   ] GC(142) Pause Mark Start 4.103ms
[253.767s][info][gc,phases   ] GC(142) Concurrent Mark 1066.846ms
[253.768s][info][gc,phases   ] GC(142) Pause Mark End 0.403ms
[253.769s][info][gc,phases   ] GC(142) Concurrent Process Non-Strong References 1.536ms
[253.769s][info][gc,phases   ] GC(142) Concurrent Reset Relocation Set 0.005ms
[253.769s][info][gc,phases   ] GC(142) Concurrent Destroy Detached Pages 0.000ms
[253.771s][info][gc,phases   ] GC(142) Concurrent Select Relocation Set 1.524ms
[253.786s][info][gc,phases   ] GC(142) Concurrent Prepare Relocation Set 15.600ms
[253.793s][info][gc,phases   ] GC(142) Pause Relocate Start 3.538ms
[254.118s][info][gc,phases   ] GC(142) Concurrent Relocate 325.430ms
[254.118s][info][gc,load     ] GC(142) Load: 1.67/1.69/1.14
[254.118s][info][gc,mmu      ] GC(142) MMU: 2ms/0.0%, 5ms/0.0%, 10ms/15.6%, 20ms/57.8%, 50ms/79.4%, 100ms/88.4%
[254.118s][info][gc,marking  ] GC(142) Mark: 1 stripe(s), 2 proactive flush(es), 1 terminate flush(es), 0 completion(s), 0 continuation(s) 
[254.118s][info][gc,reloc    ] GC(142) Relocation: Successful, 73M relocated
[254.118s][info][gc,nmethod  ] GC(142) NMethods: 6588 registered, 0 unregistered
[254.118s][info][gc,metaspace] GC(142) Metaspace: 75M used, 79M capacity, 79M committed, 80M reserved
[254.118s][info][gc,ref      ] GC(142) Soft: 4934 encountered, 0 discovered, 0 enqueued
[254.118s][info][gc,ref      ] GC(142) Weak: 4962 encountered, 3978 discovered, 0 enqueued
[254.118s][info][gc,ref      ] GC(142) Final: 28 encountered, 0 discovered, 0 enqueued
[254.118s][info][gc,ref      ] GC(142) Phantom: 662 encountered, 658 discovered, 0 enqueued
[254.118s][info][gc,heap     ] GC(142)                Mark Start          Mark End        Relocate Start      Relocate End           High               Low         
[254.118s][info][gc,heap     ] GC(142)  Capacity:     1990M (100%)       1990M (100%)       1990M (100%)       1990M (100%)       1990M (100%)       1990M (100%)   
[254.118s][info][gc,heap     ] GC(142)   Reserve:       34M (2%)           34M (2%)           34M (2%)           34M (2%)           34M (2%)           34M (2%)     
[254.118s][info][gc,heap     ] GC(142)      Free:     1118M (56%)         886M (45%)         930M (47%)        1380M (69%)        1380M (69%)         886M (45%)    
[254.118s][info][gc,heap     ] GC(142)      Used:      838M (42%)        1070M (54%)        1026M (52%)         576M (29%)        1070M (54%)         576M (29%)    
[254.118s][info][gc,heap     ] GC(142)      Live:         -               275M (14%)         275M (14%)         275M (14%)            -                  -          
[254.118s][info][gc,heap     ] GC(142) Allocated:         -               232M (12%)         232M (12%)         318M (16%)            -                  -          
[254.118s][info][gc,heap     ] GC(142)   Garbage:         -               562M (28%)         518M (26%)          36M (2%)             -                  -          
[254.118s][info][gc,heap     ] GC(142) Reclaimed:         -                  -                44M (2%)          526M (26%)            -                  -          
[254.118s][info][gc          ] GC(142) Garbage Collection (Allocation Rate) 838M(42%)->576M(29%)
[254.994s][info][gc,start    ] GC(143) Garbage Collection (Allocation Rate)
[255.002s][info][gc,phases   ] GC(143) Pause Mark Start 4.399ms
[255.198s][info][gc,heap     ] Page Cache Flushed: 8M requested, 8M(1042M->1034M) flushed
[255.876s][info][gc,phases   ] GC(143) Concurrent Mark 873.887ms
[255.879s][info][gc,phases   ] GC(143) Pause Mark End 0.404ms
[255.880s][info][gc,phases   ] GC(143) Concurrent Process Non-Strong References 1.473ms
[255.881s][info][gc,phases   ] GC(143) Concurrent Reset Relocation Set 1.175ms
[255.881s][info][gc,phases   ] GC(143) Concurrent Destroy Detached Pages 0.002ms
[255.883s][info][gc,phases   ] GC(143) Concurrent Select Relocation Set 1.534ms
[255.894s][info][gc,phases   ] GC(143) Concurrent Prepare Relocation Set 10.716ms
[255.900s][info][gc,phases   ] GC(143) Pause Relocate Start 3.486ms
[256.117s][info][gc,phases   ] GC(143) Concurrent Relocate 217.102ms
[256.117s][info][gc,load     ] GC(143) Load: 1.67/1.69/1.14
[256.117s][info][gc,mmu      ] GC(143) MMU: 2ms/0.0%, 5ms/0.0%, 10ms/15.6%, 20ms/57.8%, 50ms/79.4%, 100ms/88.4%
[256.117s][info][gc,marking  ] GC(143) Mark: 1 stripe(s), 2 proactive flush(es), 1 terminate flush(es), 0 completion(s), 0 continuation(s) 
[256.117s][info][gc,reloc    ] GC(143) Relocation: Successful, 60M relocated
[256.117s][info][gc,nmethod  ] GC(143) NMethods: 6593 registered, 0 unregistered
[256.117s][info][gc,metaspace] GC(143) Metaspace: 75M used, 79M capacity, 79M committed, 80M reserved
[256.117s][info][gc,ref      ] GC(143) Soft: 4934 encountered, 0 discovered, 0 enqueued
[256.117s][info][gc,ref      ] GC(143) Weak: 4925 encountered, 3920 discovered, 23 enqueued
[256.117s][info][gc,ref      ] GC(143) Final: 28 encountered, 0 discovered, 0 enqueued
[256.117s][info][gc,ref      ] GC(143) Phantom: 662 encountered, 658 discovered, 0 enqueued
[256.117s][info][gc,heap     ] GC(143)                Mark Start          Mark End        Relocate Start      Relocate End           High               Low         
[256.117s][info][gc,heap     ] GC(143)  Capacity:     1990M (100%)       1990M (100%)       1990M (100%)       1990M (100%)       1990M (100%)       1990M (100%)   
[256.117s][info][gc,heap     ] GC(143)   Reserve:       34M (2%)           34M (2%)           34M (2%)           34M (2%)           34M (2%)           34M (2%)     
[256.117s][info][gc,heap     ] GC(143)      Free:     1092M (55%)         880M (44%)        1234M (62%)        1406M (71%)        1410M (71%)         880M (44%)    
[256.117s][info][gc,heap     ] GC(143)      Used:      864M (43%)        1076M (54%)         722M (36%)         550M (28%)        1076M (54%)         546M (27%)    
[256.117s][info][gc,heap     ] GC(143)      Live:         -               257M (13%)         257M (13%)         257M (13%)            -                  -          
[256.117s][info][gc,heap     ] GC(143) Allocated:         -               212M (11%)         216M (11%)         290M (15%)            -                  -          
[256.117s][info][gc,heap     ] GC(143)   Garbage:         -               606M (30%)         248M (12%)          62M (3%)             -                  -          
[256.117s][info][gc,heap     ] GC(143) Reclaimed:         -                  -               358M (18%)         544M (27%)            -                  -          
[256.117s][info][gc          ] GC(143) Garbage Collection (Allocation Rate) 864M(43%)->550M(28%)
[256.693s][info][gc,start    ] GC(144) Garbage Collection (Allocation Rate)
[256.700s][info][gc,phases   ] GC(144) Pause Mark Start 4.135ms
[257.957s][info][gc,phases   ] GC(144) Concurrent Mark 1256.633ms
[257.960s][info][gc,phases   ] GC(144) Pause Mark End 0.409ms
[257.962s][info][gc,phases   ] GC(144) Concurrent Process Non-Strong References 1.791ms
[257.963s][info][gc,phases   ] GC(144) Concurrent Reset Relocation Set 0.707ms
[257.963s][info][gc,phases   ] GC(144) Concurrent Destroy Detached Pages 0.000ms
[257.964s][info][gc,phases   ] GC(144) Concurrent Select Relocation Set 1.514ms
[257.973s][info][gc,phases   ] GC(144) Concurrent Prepare Relocation Set 8.300ms
[257.979s][info][gc,phases   ] GC(144) Pause Relocate Start 3.428ms
[258.161s][info][gc,phases   ] GC(144) Concurrent Relocate 181.748ms
[258.161s][info][gc,load     ] GC(144) Load: 1.70/1.69/1.14
[258.161s][info][gc,mmu      ] GC(144) MMU: 2ms/0.0%, 5ms/0.0%, 10ms/15.6%, 20ms/57.8%, 50ms/79.4%, 100ms/88.4%
[258.161s][info][gc,marking  ] GC(144) Mark: 1 stripe(s), 2 proactive flush(es), 1 terminate flush(es), 0 completion(s), 0 continuation(s) 
[258.161s][info][gc,reloc    ] GC(144) Relocation: Successful, 45M relocated
[258.161s][info][gc,nmethod  ] GC(144) NMethods: 6594 registered, 0 unregistered
[258.161s][info][gc,metaspace] GC(144) Metaspace: 75M used, 79M capacity, 79M committed, 80M reserved
[258.161s][info][gc,ref      ] GC(144) Soft: 4934 encountered, 0 discovered, 0 enqueued
[258.161s][info][gc,ref      ] GC(144) Weak: 4900 encountered, 3898 discovered, 4 enqueued
[258.161s][info][gc,ref      ] GC(144) Final: 28 encountered, 0 discovered, 0 enqueued
[258.161s][info][gc,ref      ] GC(144) Phantom: 662 encountered, 658 discovered, 0 enqueued
[258.161s][info][gc,heap     ] GC(144)                Mark Start          Mark End        Relocate Start      Relocate End           High               Low         
[258.161s][info][gc,heap     ] GC(144)  Capacity:     1990M (100%)       1990M (100%)       1990M (100%)       1990M (100%)       1990M (100%)       1990M (100%)   
[258.161s][info][gc,heap     ] GC(144)   Reserve:       34M (2%)           34M (2%)           34M (2%)           34M (2%)           34M (2%)           34M (2%)     
[258.161s][info][gc,heap     ] GC(144)      Free:     1170M (59%)        1076M (54%)        1090M (55%)        1526M (77%)        1526M (77%)        1076M (54%)    
[258.161s][info][gc,heap     ] GC(144)      Used:      786M (39%)         880M (44%)         866M (44%)         430M (22%)         880M (44%)         430M (22%)    
[258.161s][info][gc,heap     ] GC(144)      Live:         -               288M (14%)         288M (14%)         288M (14%)            -                  -          
[258.161s][info][gc,heap     ] GC(144) Allocated:         -                94M (5%)           96M (5%)          126M (6%)             -                  -          
[258.161s][info][gc,heap     ] GC(144)   Garbage:         -               497M (25%)         481M (24%)          45M (2%)             -                  -          
[258.161s][info][gc,heap     ] GC(144) Reclaimed:         -                  -                16M (1%)          452M (23%)            -                  -          
[258.161s][info][gc          ] GC(144) Garbage Collection (Allocation Rate) 786M(39%)->430M(22%)
[258.593s][info][gc,start    ] GC(145) Garbage Collection (Allocation Rate)
[258.600s][info][gc,phases   ] GC(145) Pause Mark Start 4.102ms
[259.457s][info][gc,phases   ] GC(145) Concurrent Mark 856.839ms
[259.460s][info][gc,phases   ] GC(145) Pause Mark End 0.401ms
[259.462s][info][gc,phases   ] GC(145) Concurrent Process Non-Strong References 1.536ms
[259.462s][info][gc,phases   ] GC(145) Concurrent Reset Relocation Set 0.573ms
[259.462s][info][gc,phases   ] GC(145) Concurrent Destroy Detached Pages 0.000ms
[259.464s][info][gc,phases   ] GC(145) Concurrent Select Relocation Set 1.655ms
[259.472s][info][gc,phases   ] GC(145) Concurrent Prepare Relocation Set 8.319ms
[259.479s][info][gc,phases   ] GC(145) Pause Relocate Start 3.524ms
[259.638s][info][gc,phases   ] GC(145) Concurrent Relocate 158.780ms
[259.638s][info][gc,load     ] GC(145) Load: 1.70/1.69/1.14
[259.638s][info][gc,mmu      ] GC(145) MMU: 2ms/0.0%, 5ms/0.0%, 10ms/15.6%, 20ms/57.8%, 50ms/79.4%, 100ms/88.4%
[259.638s][info][gc,marking  ] GC(145) Mark: 1 stripe(s), 2 proactive flush(es), 1 terminate flush(es), 0 completion(s), 0 continuation(s) 
[259.638s][info][gc,reloc    ] GC(145) Relocation: Successful, 58M relocated
[259.638s][info][gc,nmethod  ] GC(145) NMethods: 6598 registered, 0 unregistered
[259.638s][info][gc,metaspace] GC(145) Metaspace: 75M used, 79M capacity, 79M committed, 80M reserved
[259.638s][info][gc,ref      ] GC(145) Soft: 4934 encountered, 0 discovered, 0 enqueued
[259.638s][info][gc,ref      ] GC(145) Weak: 5105 encountered, 4099 discovered, 144 enqueued
[259.638s][info][gc,ref      ] GC(145) Final: 28 encountered, 0 discovered, 0 enqueued
[259.638s][info][gc,ref      ] GC(145) Phantom: 662 encountered, 658 discovered, 0 enqueued
[259.638s][info][gc,heap     ] GC(145)                Mark Start          Mark End        Relocate Start      Relocate End           High               Low         
[259.638s][info][gc,heap     ] GC(145)  Capacity:     1990M (100%)       1990M (100%)       1990M (100%)       1990M (100%)       1990M (100%)       1990M (100%)   
[259.638s][info][gc,heap     ] GC(145)   Reserve:       34M (2%)           34M (2%)           34M (2%)           34M (2%)           34M (2%)           34M (2%)     
[259.638s][info][gc,heap     ] GC(145)      Free:     1268M (64%)        1062M (53%)        1262M (63%)        1418M (71%)        1420M (71%)        1062M (53%)    
[259.638s][info][gc,heap     ] GC(145)      Used:      688M (35%)         894M (45%)         694M (35%)         538M (27%)         894M (45%)         536M (27%)    
[259.638s][info][gc,heap     ] GC(145)      Live:         -               256M (13%)         256M (13%)         256M (13%)            -                  -          
[259.638s][info][gc,heap     ] GC(145) Allocated:         -               206M (10%)         208M (10%)         272M (14%)            -                  -          
[259.638s][info][gc,heap     ] GC(145)   Garbage:         -               431M (22%)         229M (12%)          61M (3%)             -                  -          
[259.638s][info][gc,heap     ] GC(145) Reclaimed:         -                  -               202M (10%)         370M (19%)            -                  -          
[259.638s][info][gc          ] GC(145) Garbage Collection (Allocation Rate) 688M(35%)->538M(27%)
[260.093s][info][gc,stats    ] === Garbage Collection Statistics =======================================================================================================================
[260.093s][info][gc,stats    ]                                                              Last 10s              Last 10m              Last 10h                Total
[260.093s][info][gc,stats    ]                                                              Avg / Max             Avg / Max             Avg / Max             Avg / Max
[260.093s][info][gc,stats    ]   Collector: Garbage Collection Cycle                   1011.937 / 1467.482   1010.703 / 1704.378   1010.703 / 1704.378   1010.703 / 1704.378    ms
[260.093s][info][gc,stats    ]  Contention: Mark Segment Reset Contention                     0 / 0                 0 / 0                 0 / 0                 0 / 0           ops/s
[260.093s][info][gc,stats    ]  Contention: Mark SeqNum Reset Contention                      0 / 0                 0 / 0                 0 / 0                 0 / 0           ops/s
[260.093s][info][gc,stats    ]  Contention: Relocation Contention                             0 / 0                 0 / 3                 0 / 3                 0 / 3           ops/s
[260.093s][info][gc,stats    ]    Critical: Allocation Stall                              0.000 / 0.000         0.000 / 0.000         0.000 / 0.000         0.000 / 0.000       ms
[260.093s][info][gc,stats    ]    Critical: Allocation Stall                                  0 / 0                 0 / 0                 0 / 0                 0 / 0           ops/s
[260.094s][info][gc,stats    ]    Critical: GC Locker Stall                               0.000 / 0.000         0.000 / 0.000         0.000 / 0.000         0.000 / 0.000       ms
[260.094s][info][gc,stats    ]    Critical: GC Locker Stall                                   0 / 0                 0 / 0                 0 / 0                 0 / 0           ops/s
[260.094s][info][gc,stats    ]      Memory: Allocation Rate                                 327 / 754             286 / 1282            286 / 1282            286 / 1282        MB/s
[260.094s][info][gc,stats    ]      Memory: Heap Used After Mark                           1008 / 1446            953 / 1920            953 / 1920            953 / 1920        MB
[260.094s][info][gc,stats    ]      Memory: Heap Used After Relocation                      563 / 1180            471 / 1180            471 / 1180            471 / 1180        MB
[260.094s][info][gc,stats    ]      Memory: Heap Used Before Mark                           775 / 1180            767 / 1828            767 / 1828            767 / 1828        MB
[260.094s][info][gc,stats    ]      Memory: Heap Used Before Relocation                     752 / 1240            688 / 1330            688 / 1330            688 / 1330        MB
[260.094s][info][gc,stats    ]      Memory: Out Of Memory                                     0 / 0                 0 / 0                 0 / 0                 0 / 0           ops/s
[260.094s][info][gc,stats    ]      Memory: Page Cache Flush                                  0 / 8                 4 / 72                4 / 72                4 / 72          MB/s
[260.094s][info][gc,stats    ]      Memory: Page Cache Hit L1                               159 / 382             130 / 642             130 / 642             130 / 642         ops/s
[260.094s][info][gc,stats    ]      Memory: Page Cache Hit L2                                 0 / 0                 0 / 0                 0 / 0                 0 / 0           ops/s
[260.094s][info][gc,stats    ]      Memory: Page Cache Miss                                   0 / 1                 3 / 223               3 / 223               3 / 223         ops/s
[260.094s][info][gc,stats    ]      Memory: Undo Object Allocation Failed                     0 / 0                 0 / 0                 0 / 0                 0 / 0           ops/s
[260.094s][info][gc,stats    ]      Memory: Undo Object Allocation Succeeded                  0 / 0                 0 / 3                 0 / 3                 0 / 3           ops/s
[260.094s][info][gc,stats    ]      Memory: Undo Page Allocation                              0 / 0                 0 / 2                 0 / 2                 0 / 2           ops/s
[260.094s][info][gc,stats    ]       Phase: Concurrent Destroy Detached Pages             0.001 / 0.004         0.001 / 0.011         0.001 / 0.011         0.001 / 0.011       ms
[260.094s][info][gc,stats    ]       Phase: Concurrent Mark                             839.715 / 1256.633    843.755 / 1560.269    843.755 / 1560.269    843.755 / 1560.269    ms
[260.094s][info][gc,stats    ]       Phase: Concurrent Mark Continue                      0.000 / 0.000         0.000 / 0.000         0.000 / 0.000         0.000 / 0.000       ms
[260.094s][info][gc,stats    ]       Phase: Concurrent Prepare Relocation Set             7.277 / 15.600        7.514 / 64.267        7.514 / 64.267        7.514 / 64.267      ms
[260.094s][info][gc,stats    ]       Phase: Concurrent Process Non-Strong References      1.635 / 2.157         1.795 / 8.400         1.795 / 8.400         1.795 / 8.400       ms
[260.094s][info][gc,stats    ]       Phase: Concurrent Relocate                         144.037 / 325.430     138.048 / 393.686     138.048 / 393.686     138.048 / 393.686     ms
[260.094s][info][gc,stats    ]       Phase: Concurrent Reset Relocation Set               0.446 / 1.175         0.462 / 2.228         0.462 / 2.228         0.462 / 2.228       ms
[260.094s][info][gc,stats    ]       Phase: Concurrent Select Relocation Set              1.620 / 1.967         2.027 / 8.406         2.027 / 8.406         2.027 / 8.406       ms
[260.094s][info][gc,stats    ]       Phase: Pause Mark End                                0.400 / 0.448         0.400 / 1.931         0.400 / 1.931         0.400 / 1.931       ms
[260.094s][info][gc,stats    ]       Phase: Pause Mark Start                              4.786 / 7.929         3.583 / 8.443         3.583 / 8.443         3.583 / 8.443       ms
[260.094s][info][gc,stats    ]       Phase: Pause Relocate Start                          3.496 / 3.708         3.070 / 8.275         3.070 / 8.275         3.070 / 8.275       ms
[260.094s][info][gc,stats    ]    Subphase: Concurrent Mark                             837.451 / 1253.871    840.673 / 1560.247    840.673 / 1560.247    840.673 / 1560.247    ms
[260.094s][info][gc,stats    ]    Subphase: Concurrent Mark Idle                          0.000 / 0.000         0.000 / 0.000         0.000 / 0.000         0.000 / 0.000       ms
[260.094s][info][gc,stats    ]    Subphase: Concurrent Mark Try Flush                     0.963 / 4.512         1.357 / 13.453        1.357 / 13.453        1.357 / 13.453      ms
[260.094s][info][gc,stats    ]    Subphase: Concurrent Mark Try Terminate                 0.375 / 1.034         0.456 / 3.245         0.456 / 3.245         0.456 / 3.245       ms
[260.094s][info][gc,stats    ]    Subphase: Concurrent References Enqueue                 0.002 / 0.003         0.002 / 0.007         0.002 / 0.007         0.002 / 0.007       ms
[260.094s][info][gc,stats    ]    Subphase: Concurrent References Process                 0.757 / 1.009         0.830 / 5.130         0.830 / 5.130         0.830 / 5.130       ms
[260.094s][info][gc,stats    ]    Subphase: Concurrent Weak Roots                         0.867 / 1.409         0.842 / 3.282         0.842 / 3.282         0.842 / 3.282       ms
[260.094s][info][gc,stats    ]    Subphase: Concurrent Weak Roots JNIWeakHandles          0.000 / 0.000         0.000 / 0.001         0.000 / 0.001         0.000 / 0.001       ms
[260.094s][info][gc,stats    ]    Subphase: Concurrent Weak Roots StringTable             0.675 / 1.191         0.633 / 2.798         0.633 / 2.798         0.633 / 2.798       ms
[260.094s][info][gc,stats    ]    Subphase: Concurrent Weak Roots VMWeakHandles           0.191 / 0.216         0.208 / 0.492         0.208 / 0.492         0.208 / 0.492       ms
[260.094s][info][gc,stats    ]    Subphase: Pause Mark Try Complete                       0.000 / 0.000         0.002 / 0.002         0.002 / 0.002         0.002 / 0.002       ms
[260.094s][info][gc,stats    ]    Subphase: Pause Remap TLABS                             0.002 / 0.005         0.003 / 0.012         0.003 / 0.012         0.003 / 0.012       ms
[260.094s][info][gc,stats    ]    Subphase: Pause Retire TLABS                            0.033 / 0.053         0.025 / 0.074         0.025 / 0.074         0.025 / 0.074       ms
[260.094s][info][gc,stats    ]    Subphase: Pause Roots                                   2.572 / 7.443         2.132 / 8.065         2.132 / 8.065         2.132 / 8.065       ms
[260.094s][info][gc,stats    ]    Subphase: Pause Roots ClassLoaderDataGraph              0.696 / 1.420         0.706 / 4.845         0.706 / 4.845         0.706 / 4.845       ms
[260.094s][info][gc,stats    ]    Subphase: Pause Roots CodeCache                         2.560 / 5.039         1.834 / 5.039         1.834 / 5.039         1.834 / 5.039       ms
[260.094s][info][gc,stats    ]    Subphase: Pause Roots JNIHandles                        0.001 / 0.002         0.001 / 0.006         0.001 / 0.006         0.001 / 0.006       ms
[260.094s][info][gc,stats    ]    Subphase: Pause Roots JNIWeakHandles                    0.000 / 0.000         0.000 / 0.000         0.000 / 0.000         0.000 / 0.000       ms
[260.094s][info][gc,stats    ]    Subphase: Pause Roots JRFWeak                           0.000 / 0.000         0.000 / 0.000         0.000 / 0.000         0.000 / 0.000       ms
[260.094s][info][gc,stats    ]    Subphase: Pause Roots JVMTIExport                       0.000 / 0.001         0.000 / 0.001         0.000 / 0.001         0.000 / 0.001       ms
[260.094s][info][gc,stats    ]    Subphase: Pause Roots JVMTIWeakExport                   0.001 / 0.001         0.001 / 0.001         0.001 / 0.001         0.001 / 0.001       ms
[260.094s][info][gc,stats    ]    Subphase: Pause Roots Management                        0.001 / 0.002         0.002 / 0.337         0.002 / 0.337         0.002 / 0.337       ms
[260.094s][info][gc,stats    ]    Subphase: Pause Roots ObjectSynchronizer                0.000 / 0.000         0.000 / 0.001         0.000 / 0.001         0.000 / 0.001       ms
[260.094s][info][gc,stats    ]    Subphase: Pause Roots Setup                             0.185 / 0.374         0.179 / 0.423         0.179 / 0.423         0.179 / 0.423       ms
[260.094s][info][gc,stats    ]    Subphase: Pause Roots StringTable                       0.000 / 0.000         0.000 / 0.000         0.000 / 0.000         0.000 / 0.000       ms
[260.094s][info][gc,stats    ]    Subphase: Pause Roots SystemDictionary                  0.013 / 0.020         0.013 / 0.041         0.013 / 0.041         0.013 / 0.041       ms
[260.094s][info][gc,stats    ]    Subphase: Pause Roots Teardown                          0.001 / 0.002         0.001 / 0.005         0.001 / 0.005         0.001 / 0.005       ms
[260.094s][info][gc,stats    ]    Subphase: Pause Roots Threads                           0.442 / 0.949         0.424 / 3.473         0.424 / 3.473         0.424 / 3.473       ms
[260.094s][info][gc,stats    ]    Subphase: Pause Roots Universe                          0.002 / 0.004         0.002 / 0.020         0.002 / 0.020         0.002 / 0.020       ms
[260.094s][info][gc,stats    ]    Subphase: Pause Roots VMWeakHandles                     0.000 / 0.000         0.000 / 0.000         0.000 / 0.000         0.000 / 0.000       ms
[260.094s][info][gc,stats    ]    Subphase: Pause Weak Roots                              0.001 / 0.002         0.002 / 0.005         0.002 / 0.005         0.002 / 0.005       ms
[260.094s][info][gc,stats    ]    Subphase: Pause Weak Roots JFRWeak                      0.000 / 0.001         0.001 / 0.001         0.001 / 0.001         0.001 / 0.001       ms
[260.094s][info][gc,stats    ]    Subphase: Pause Weak Roots JNIWeakHandles               0.000 / 0.000         0.000 / 0.000         0.000 / 0.000         0.000 / 0.000       ms
[260.094s][info][gc,stats    ]    Subphase: Pause Weak Roots JVMTIWeakExport              0.000 / 0.001         0.001 / 0.005         0.001 / 0.005         0.001 / 0.005       ms
[260.094s][info][gc,stats    ]    Subphase: Pause Weak Roots Setup                        0.000 / 0.000         0.000 / 0.000         0.000 / 0.000         0.000 / 0.000       ms
[260.094s][info][gc,stats    ]    Subphase: Pause Weak Roots StringTable                  0.000 / 0.000         0.000 / 0.000         0.000 / 0.000         0.000 / 0.000       ms
[260.094s][info][gc,stats    ]    Subphase: Pause Weak Roots SymbolTable                  0.000 / 0.000         0.000 / 0.000         0.000 / 0.000         0.000 / 0.000       ms
[260.094s][info][gc,stats    ]    Subphase: Pause Weak Roots Teardown                     0.000 / 0.001         0.000 / 0.001         0.000 / 0.001         0.000 / 0.001       ms
[260.094s][info][gc,stats    ]    Subphase: Pause Weak Roots VMWeakHandles                0.000 / 0.000         0.000 / 0.000         0.000 / 0.000         0.000 / 0.000       ms
[260.094s][info][gc,stats    ]      System: Java Threads                                    162 / 168             136 / 168             136 / 168             136 / 168         threads
[260.094s][info][gc,stats    ] =========================================================================================================================================================
[260.093s][info][gc,start    ] GC(146) Garbage Collection (Allocation Rate)
[260.101s][info][gc,phases   ] GC(146) Pause Mark Start 4.431ms
[261.350s][info][gc,phases   ] GC(146) Concurrent Mark 1249.084ms
[261.354s][info][gc,phases   ] GC(146) Pause Mark End 0.407ms
[261.355s][info][gc,phases   ] GC(146) Concurrent Process Non-Strong References 1.461ms
[261.356s][info][gc,phases   ] GC(146) Concurrent Reset Relocation Set 0.655ms
[261.356s][info][gc,phases   ] GC(146) Concurrent Destroy Detached Pages 0.001ms
[261.357s][info][gc,phases   ] GC(146) Concurrent Select Relocation Set 1.575ms
[261.366s][info][gc,phases   ] GC(146) Concurrent Prepare Relocation Set 8.569ms
[261.372s][info][gc,phases   ] GC(146) Pause Relocate Start 3.434ms
[261.515s][info][gc,phases   ] GC(146) Concurrent Relocate 143.163ms
[261.516s][info][gc,load     ] GC(146) Load: 1.70/1.69/1.14
[261.516s][info][gc,mmu      ] GC(146) MMU: 2ms/0.0%, 5ms/0.0%, 10ms/15.6%, 20ms/57.8%, 50ms/79.4%, 100ms/88.4%
[261.516s][info][gc,marking  ] GC(146) Mark: 1 stripe(s), 2 proactive flush(es), 1 terminate flush(es), 0 completion(s), 0 continuation(s) 
[261.516s][info][gc,reloc    ] GC(146) Relocation: Successful, 48M relocated
[261.516s][info][gc,nmethod  ] GC(146) NMethods: 6600 registered, 0 unregistered
[261.516s][info][gc,metaspace] GC(146) Metaspace: 75M used, 79M capacity, 79M committed, 80M reserved
[261.516s][info][gc,ref      ] GC(146) Soft: 4934 encountered, 0 discovered, 0 enqueued
[261.516s][info][gc,ref      ] GC(146) Weak: 4961 encountered, 3955 discovered, 0 enqueued
[261.516s][info][gc,ref      ] GC(146) Final: 28 encountered, 0 discovered, 0 enqueued
[261.516s][info][gc,ref      ] GC(146) Phantom: 662 encountered, 658 discovered, 0 enqueued
[261.516s][info][gc,heap     ] GC(146)                Mark Start          Mark End        Relocate Start      Relocate End           High               Low         
[261.516s][info][gc,heap     ] GC(146)  Capacity:     1990M (100%)       1990M (100%)       1990M (100%)       1990M (100%)       1990M (100%)       1990M (100%)   
[261.516s][info][gc,heap     ] GC(146)   Reserve:       34M (2%)           34M (2%)           34M (2%)           34M (2%)           34M (2%)           34M (2%)     
[261.516s][info][gc,heap     ] GC(146)      Free:     1222M (61%)        1064M (53%)        1070M (54%)        1458M (73%)        1458M (73%)        1064M (53%)    
[261.516s][info][gc,heap     ] GC(146)      Used:      734M (37%)         892M (45%)         886M (45%)         498M (25%)         892M (45%)         498M (25%)    
[261.516s][info][gc,heap     ] GC(146)      Live:         -               296M (15%)         296M (15%)         296M (15%)            -                  -          
[261.516s][info][gc,heap     ] GC(146) Allocated:         -               158M (8%)          158M (8%)          182M (9%)             -                  -          
[261.516s][info][gc,heap     ] GC(146)   Garbage:         -               437M (22%)         431M (22%)          43M (2%)             -                  -          
[261.516s][info][gc,heap     ] GC(146) Reclaimed:         -                  -                 6M (0%)          394M (20%)            -                  -          
[261.516s][info][gc          ] GC(146) Garbage Collection (Allocation Rate) 734M(37%)->498M(25%)
[262.293s][info][gc,start    ] GC(147) Garbage Collection (Allocation Rate)
[262.301s][info][gc,phases   ] GC(147) Pause Mark Start 4.503ms
[262.843s][info][gc,heap     ] Page Cache Flushed: 10M requested, 14M(1036M->1022M) flushed
[263.070s][info][gc,phases   ] GC(147) Concurrent Mark 769.307ms
[263.073s][info][gc,phases   ] GC(147) Pause Mark End 0.387ms
[263.075s][info][gc,phases   ] GC(147) Concurrent Process Non-Strong References 1.538ms
[263.076s][info][gc,phases   ] GC(147) Concurrent Reset Relocation Set 0.566ms
[263.076s][info][gc,phases   ] GC(147) Concurrent Destroy Detached Pages 0.003ms
[263.078s][info][gc,phases   ] GC(147) Concurrent Select Relocation Set 1.633ms
[263.081s][info][gc,phases   ] GC(147) Concurrent Prepare Relocation Set 3.122ms
[263.086s][info][gc,phases   ] GC(147) Pause Relocate Start 3.512ms
[263.216s][info][gc,phases   ] GC(147) Concurrent Relocate 126.522ms
[263.216s][info][gc,load     ] GC(147) Load: 1.72/1.70/1.15
[263.216s][info][gc,mmu      ] GC(147) MMU: 2ms/0.0%, 5ms/0.0%, 10ms/15.6%, 20ms/57.8%, 50ms/79.4%, 100ms/88.4%
[263.216s][info][gc,marking  ] GC(147) Mark: 1 stripe(s), 2 proactive flush(es), 1 terminate flush(es), 0 completion(s), 0 continuation(s) 
[263.216s][info][gc,reloc    ] GC(147) Relocation: Successful, 55M relocated
[263.216s][info][gc,nmethod  ] GC(147) NMethods: 6614 registered, 0 unregistered
[263.216s][info][gc,metaspace] GC(147) Metaspace: 75M used, 79M capacity, 79M committed, 80M reserved
[263.216s][info][gc,ref      ] GC(147) Soft: 4935 encountered, 0 discovered, 0 enqueued
[263.216s][info][gc,ref      ] GC(147) Weak: 5164 encountered, 4128 discovered, 80 enqueued
[263.216s][info][gc,ref      ] GC(147) Final: 28 encountered, 0 discovered, 0 enqueued
[263.216s][info][gc,ref      ] GC(147) Phantom: 662 encountered, 658 discovered, 0 enqueued
[263.216s][info][gc,heap     ] GC(147)                Mark Start          Mark End        Relocate Start      Relocate End           High               Low         
[263.216s][info][gc,heap     ] GC(147)  Capacity:     1990M (100%)       1990M (100%)       1990M (100%)       1990M (100%)       1990M (100%)       1990M (100%)   
[263.216s][info][gc,heap     ] GC(147)   Reserve:       34M (2%)           34M (2%)           34M (2%)           34M (2%)           34M (2%)           34M (2%)     
[263.216s][info][gc,heap     ] GC(147)      Free:     1180M (59%)         982M (49%)        1270M (64%)        1444M (73%)        1446M (73%)         980M (49%)    
[263.216s][info][gc,heap     ] GC(147)      Used:      776M (39%)         974M (49%)         686M (34%)         512M (26%)         976M (49%)         510M (26%)    
[263.216s][info][gc,heap     ] GC(147)      Live:         -               246M (12%)         246M (12%)         246M (12%)            -                  -          
[263.216s][info][gc,heap     ] GC(147) Allocated:         -               198M (10%)         200M (10%)         286M (14%)            -                  -          
[263.216s][info][gc,heap     ] GC(147)   Garbage:         -               529M (27%)         239M (12%)          59M (3%)             -                  -          
[263.216s][info][gc,heap     ] GC(147) Reclaimed:         -                  -               290M (15%)         470M (24%)            -                  -          
[263.216s][info][gc          ] GC(147) Garbage Collection (Allocation Rate) 776M(39%)->512M(26%)
[263.793s][info][gc,start    ] GC(148) Garbage Collection (Allocation Rate)
[263.805s][info][gc,phases   ] GC(148) Pause Mark Start 9.022ms
[264.899s][info][gc,phases   ] GC(148) Concurrent Mark 1090.616ms
[264.903s][info][gc,phases   ] GC(148) Pause Mark End 0.381ms
[264.909s][info][gc,phases   ] GC(148) Concurrent Process Non-Strong References 6.603ms
[264.909s][info][gc,phases   ] GC(148) Concurrent Reset Relocation Set 0.027ms
[264.909s][info][gc,phases   ] GC(148) Concurrent Destroy Detached Pages 0.001ms
[264.911s][info][gc,phases   ] GC(148) Concurrent Select Relocation Set 1.951ms
[264.914s][info][gc,phases   ] GC(148) Concurrent Prepare Relocation Set 3.050ms
[264.921s][info][gc,phases   ] GC(148) Pause Relocate Start 3.544ms
[265.107s][info][gc,phases   ] GC(148) Concurrent Relocate 186.097ms
[265.107s][info][gc,load     ] GC(148) Load: 1.72/1.70/1.15
[265.107s][info][gc,mmu      ] GC(148) MMU: 2ms/0.0%, 5ms/0.0%, 10ms/9.8%, 20ms/54.9%, 50ms/79.4%, 100ms/88.4%
[265.107s][info][gc,marking  ] GC(148) Mark: 1 stripe(s), 2 proactive flush(es), 1 terminate flush(es), 0 completion(s), 0 continuation(s) 
[265.107s][info][gc,reloc    ] GC(148) Relocation: Successful, 53M relocated
[265.107s][info][gc,nmethod  ] GC(148) NMethods: 6614 registered, 0 unregistered
[265.107s][info][gc,metaspace] GC(148) Metaspace: 75M used, 79M capacity, 79M committed, 80M reserved
[265.107s][info][gc,ref      ] GC(148) Soft: 4935 encountered, 0 discovered, 0 enqueued
[265.107s][info][gc,ref      ] GC(148) Weak: 5093 encountered, 4041 discovered, 82 enqueued
[265.107s][info][gc,ref      ] GC(148) Final: 28 encountered, 0 discovered, 0 enqueued
[265.107s][info][gc,ref      ] GC(148) Phantom: 662 encountered, 658 discovered, 0 enqueued
[265.108s][info][gc,heap     ] GC(148)                Mark Start          Mark End        Relocate Start      Relocate End           High               Low         
[265.108s][info][gc,heap     ] GC(148)  Capacity:     1990M (100%)       1990M (100%)       1990M (100%)       1990M (100%)       1990M (100%)       1990M (100%)   
[265.108s][info][gc,heap     ] GC(148)   Reserve:       34M (2%)           34M (2%)           34M (2%)           34M (2%)           34M (2%)           34M (2%)     
[265.108s][info][gc,heap     ] GC(148)      Free:     1188M (60%)        1056M (53%)        1062M (53%)        1504M (76%)        1504M (76%)        1056M (53%)    
[265.108s][info][gc,heap     ] GC(148)      Used:      768M (39%)         900M (45%)         894M (45%)         452M (23%)         900M (45%)         452M (23%)    
[265.108s][info][gc,heap     ] GC(148)      Live:         -               278M (14%)         278M (14%)         278M (14%)            -                  -          
[265.108s][info][gc,heap     ] GC(148) Allocated:         -               132M (7%)          132M (7%)          158M (8%)             -                  -          
[265.108s][info][gc,heap     ] GC(148)   Garbage:         -               489M (25%)         483M (24%)          41M (2%)             -                  -          
[265.108s][info][gc,heap     ] GC(148) Reclaimed:         -                  -                 6M (0%)          448M (23%)            -                  -          
[265.108s][info][gc          ] GC(148) Garbage Collection (Allocation Rate) 768M(39%)->452M(23%)
[265.894s][info][gc,start    ] GC(149) Garbage Collection (Allocation Rate)
[265.900s][info][gc,phases   ] GC(149) Pause Mark Start 4.106ms
[266.691s][info][gc,phases   ] GC(149) Concurrent Mark 790.291ms
[266.694s][info][gc,phases   ] GC(149) Pause Mark End 0.392ms
[266.696s][info][gc,phases   ] GC(149) Concurrent Process Non-Strong References 1.467ms
[266.696s][info][gc,phases   ] GC(149) Concurrent Reset Relocation Set 0.702ms
[266.696s][info][gc,phases   ] GC(149) Concurrent Destroy Detached Pages 0.000ms
[266.698s][info][gc,phases   ] GC(149) Concurrent Select Relocation Set 1.631ms
[266.706s][info][gc,phases   ] GC(149) Concurrent Prepare Relocation Set 7.554ms
[266.712s][info][gc,phases   ] GC(149) Pause Relocate Start 3.466ms
[266.856s][info][gc,phases   ] GC(149) Concurrent Relocate 143.665ms
[266.856s][info][gc,load     ] GC(149) Load: 1.72/1.70/1.15
[266.856s][info][gc,mmu      ] GC(149) MMU: 2ms/0.0%, 5ms/0.0%, 10ms/9.8%, 20ms/54.9%, 50ms/79.4%, 100ms/88.4%
[266.856s][info][gc,marking  ] GC(149) Mark: 1 stripe(s), 2 proactive flush(es), 1 terminate flush(es), 0 completion(s), 0 continuation(s) 
[266.856s][info][gc,reloc    ] GC(149) Relocation: Successful, 57M relocated
[266.856s][info][gc,nmethod  ] GC(149) NMethods: 6625 registered, 0 unregistered
[266.856s][info][gc,metaspace] GC(149) Metaspace: 75M used, 79M capacity, 79M committed, 80M reserved
[266.856s][info][gc,ref      ] GC(149) Soft: 4935 encountered, 0 discovered, 0 enqueued
[266.856s][info][gc,ref      ] GC(149) Weak: 4981 encountered, 3927 discovered, 29 enqueued
[266.856s][info][gc,ref      ] GC(149) Final: 28 encountered, 0 discovered, 0 enqueued
[266.856s][info][gc,ref      ] GC(149) Phantom: 662 encountered, 658 discovered, 0 enqueued
[266.856s][info][gc,heap     ] GC(149)                Mark Start          Mark End        Relocate Start      Relocate End           High               Low         
[266.856s][info][gc,heap     ] GC(149)  Capacity:     1990M (100%)       1990M (100%)       1990M (100%)       1990M (100%)       1990M (100%)       1990M (100%)   
[266.856s][info][gc,heap     ] GC(149)   Reserve:       34M (2%)           34M (2%)           34M (2%)           34M (2%)           34M (2%)           34M (2%)     
[266.856s][info][gc,heap     ] GC(149)      Free:     1204M (61%)         998M (50%)        1224M (62%)        1434M (72%)        1434M (72%)         998M (50%)    
[266.856s][info][gc,heap     ] GC(149)      Used:      752M (38%)         958M (48%)         732M (37%)         522M (26%)         958M (48%)         522M (26%)    
[266.856s][info][gc,heap     ] GC(149)      Live:         -               248M (13%)         248M (13%)         248M (13%)            -                  -          
[266.856s][info][gc,heap     ] GC(149) Allocated:         -               206M (10%)         208M (10%)         294M (15%)            -                  -          
[266.856s][info][gc,heap     ] GC(149)   Garbage:         -               503M (25%)         275M (14%)          63M (3%)             -                  -          
[266.856s][info][gc,heap     ] GC(149) Reclaimed:         -                  -               228M (11%)         440M (22%)            -                  -          
[266.856s][info][gc          ] GC(149) Garbage Collection (Allocation Rate) 752M(38%)->522M(26%)
[267.393s][info][gc,start    ] GC(150) Garbage Collection (Allocation Rate)
[267.400s][info][gc,phases   ] GC(150) Pause Mark Start 4.142ms
[268.587s][info][gc,phases   ] GC(150) Concurrent Mark 1186.034ms
[268.590s][info][gc,phases   ] GC(150) Pause Mark End 0.401ms
[268.591s][info][gc,phases   ] GC(150) Concurrent Process Non-Strong References 1.453ms
[268.592s][info][gc,phases   ] GC(150) Concurrent Reset Relocation Set 0.543ms
[268.592s][info][gc,phases   ] GC(150) Concurrent Destroy Detached Pages 0.001ms
[268.595s][info][gc,phases   ] GC(150) Concurrent Select Relocation Set 2.934ms
[268.599s][info][gc,phases   ] GC(150) Concurrent Prepare Relocation Set 4.518ms
[268.603s][info][gc,phases   ] GC(150) Pause Relocate Start 3.476ms
[268.767s][info][gc,phases   ] GC(150) Concurrent Relocate 158.345ms
[268.767s][info][gc,load     ] GC(150) Load: 1.74/1.70/1.15
[268.767s][info][gc,mmu      ] GC(150) MMU: 2ms/0.0%, 5ms/0.0%, 10ms/9.8%, 20ms/54.9%, 50ms/79.4%, 100ms/88.4%
[268.767s][info][gc,marking  ] GC(150) Mark: 1 stripe(s), 2 proactive flush(es), 1 terminate flush(es), 0 completion(s), 0 continuation(s) 
[268.767s][info][gc,reloc    ] GC(150) Relocation: Successful, 52M relocated
[268.767s][info][gc,nmethod  ] GC(150) NMethods: 6625 registered, 0 unregistered
[268.767s][info][gc,metaspace] GC(150) Metaspace: 75M used, 79M capacity, 79M committed, 80M reserved
[268.767s][info][gc,ref      ] GC(150) Soft: 4935 encountered, 0 discovered, 0 enqueued
[268.768s][info][gc,ref      ] GC(150) Weak: 4952 encountered, 3898 discovered, 0 enqueued
[268.768s][info][gc,ref      ] GC(150) Final: 28 encountered, 0 discovered, 0 enqueued
[268.768s][info][gc,ref      ] GC(150) Phantom: 662 encountered, 658 discovered, 0 enqueued
[268.768s][info][gc,heap     ] GC(150)                Mark Start          Mark End        Relocate Start      Relocate End           High               Low         
[268.768s][info][gc,heap     ] GC(150)  Capacity:     1990M (100%)       1990M (100%)       1990M (100%)       1990M (100%)       1990M (100%)       1990M (100%)   
[268.768s][info][gc,heap     ] GC(150)   Reserve:       34M (2%)           34M (2%)           34M (2%)           34M (2%)           34M (2%)           34M (2%)     
[268.768s][info][gc,heap     ] GC(150)      Free:     1188M (60%)        1086M (55%)        1102M (55%)        1518M (76%)        1518M (76%)        1086M (55%)    
[268.768s][info][gc,heap     ] GC(150)      Used:      768M (39%)         870M (44%)         854M (43%)         438M (22%)         870M (44%)         438M (22%)    
[268.768s][info][gc,heap     ] GC(150)      Live:         -               286M (14%)         286M (14%)         286M (14%)            -                  -          
[268.768s][info][gc,heap     ] GC(150) Allocated:         -               102M (5%)          102M (5%)          136M (7%)             -                  -          
[268.768s][info][gc,heap     ] GC(150)   Garbage:         -               481M (24%)         465M (23%)          49M (2%)             -                  -          
[268.768s][info][gc,heap     ] GC(150) Reclaimed:         -                  -                16M (1%)          432M (22%)            -                  -          
[268.768s][info][gc          ] GC(150) Garbage Collection (Allocation Rate) 768M(39%)->438M(22%)
[269.393s][info][gc,start    ] GC(151) Garbage Collection (Allocation Rate)
[269.400s][info][gc,phases   ] GC(151) Pause Mark Start 4.080ms
[270.093s][info][gc,stats    ] === Garbage Collection Statistics =======================================================================================================================
[270.093s][info][gc,stats    ]                                                              Last 10s              Last 10m              Last 10h                Total
[270.093s][info][gc,stats    ]                                                              Avg / Max             Avg / Max             Avg / Max             Avg / Max
[270.094s][info][gc,stats    ]   Collector: Garbage Collection Cycle                   1199.106 / 1422.241   1016.942 / 1704.378   1016.942 / 1704.378   1016.942 / 1704.378    ms
[270.094s][info][gc,stats    ]  Contention: Mark Segment Reset Contention                     0 / 0                 0 / 0                 0 / 0                 0 / 0           ops/s
[270.094s][info][gc,stats    ]  Contention: Mark SeqNum Reset Contention                      0 / 0                 0 / 0                 0 / 0                 0 / 0           ops/s
[270.094s][info][gc,stats    ]  Contention: Relocation Contention                             0 / 3                 0 / 3                 0 / 3                 0 / 3           ops/s
[270.094s][info][gc,stats    ]    Critical: Allocation Stall                              0.000 / 0.000         0.000 / 0.000         0.000 / 0.000         0.000 / 0.000       ms
[270.094s][info][gc,stats    ]    Critical: Allocation Stall                                  0 / 0                 0 / 0                 0 / 0                 0 / 0           ops/s
[270.094s][info][gc,stats    ]    Critical: GC Locker Stall                               0.000 / 0.000         0.000 / 0.000         0.000 / 0.000         0.000 / 0.000       ms
[270.094s][info][gc,stats    ]    Critical: GC Locker Stall                                   0 / 0                 0 / 0                 0 / 0                 0 / 0           ops/s
[270.094s][info][gc,stats    ]      Memory: Allocation Rate                                 240 / 350             284 / 1282            284 / 1282            284 / 1282        MB/s
[270.094s][info][gc,stats    ]      Memory: Heap Used After Mark                            918 / 974             952 / 1920            952 / 1920            952 / 1920        MB
[270.094s][info][gc,stats    ]      Memory: Heap Used After Relocation                      484 / 522             471 / 1180            471 / 1180            471 / 1180        MB
[270.094s][info][gc,stats    ]      Memory: Heap Used Before Mark                           754 / 776             767 / 1828            767 / 1828            767 / 1828        MB
[270.094s][info][gc,stats    ]      Memory: Heap Used Before Relocation                     810 / 894             692 / 1330            692 / 1330            692 / 1330        MB
[270.094s][info][gc,stats    ]      Memory: Out Of Memory                                     0 / 0                 0 / 0                 0 / 0                 0 / 0           ops/s
[270.094s][info][gc,stats    ]      Memory: Page Cache Flush                                  1 / 14                4 / 72                4 / 72                4 / 72          MB/s
[270.094s][info][gc,stats    ]      Memory: Page Cache Hit L1                               114 / 168             130 / 642             130 / 642             130 / 642         ops/s
[270.094s][info][gc,stats    ]      Memory: Page Cache Hit L2                                 0 / 0                 0 / 0                 0 / 0                 0 / 0           ops/s
[270.094s][info][gc,stats    ]      Memory: Page Cache Miss                                   0 / 1                 3 / 223               3 / 223               3 / 223         ops/s
[270.094s][info][gc,stats    ]      Memory: Undo Object Allocation Failed                     0 / 0                 0 / 0                 0 / 0                 0 / 0           ops/s
[270.094s][info][gc,stats    ]      Memory: Undo Object Allocation Succeeded                  0 / 3                 0 / 3                 0 / 3                 0 / 3           ops/s
[270.094s][info][gc,stats    ]      Memory: Undo Page Allocation                              0 / 0                 0 / 2                 0 / 2                 0 / 2           ops/s
[270.094s][info][gc,stats    ]       Phase: Concurrent Destroy Detached Pages             0.001 / 0.003         0.001 / 0.011         0.001 / 0.011         0.001 / 0.011       ms
[270.094s][info][gc,stats    ]       Phase: Concurrent Mark                            1017.067 / 1249.084    849.493 / 1560.269    849.493 / 1560.269    849.493 / 1560.269    ms
[270.094s][info][gc,stats    ]       Phase: Concurrent Mark Continue                      0.000 / 0.000         0.000 / 0.000         0.000 / 0.000         0.000 / 0.000       ms
[270.094s][info][gc,stats    ]       Phase: Concurrent Prepare Relocation Set             5.363 / 8.569         7.443 / 64.267        7.443 / 64.267        7.443 / 64.267      ms
[270.094s][info][gc,stats    ]       Phase: Concurrent Process Non-Strong References      2.505 / 6.603         1.818 / 8.400         1.818 / 8.400         1.818 / 8.400       ms
[270.094s][info][gc,stats    ]       Phase: Concurrent Relocate                         151.558 / 186.097     138.495 / 393.686     138.495 / 393.686     138.495 / 393.686     ms
[270.094s][info][gc,stats    ]       Phase: Concurrent Reset Relocation Set               0.499 / 0.702         0.463 / 2.228         0.463 / 2.228         0.463 / 2.228       ms
[270.094s][info][gc,stats    ]       Phase: Concurrent Select Relocation Set              1.945 / 2.934         2.024 / 8.406         2.024 / 8.406         2.024 / 8.406       ms
[270.094s][info][gc,stats    ]       Phase: Pause Mark End                                0.394 / 0.407         0.400 / 1.931         0.400 / 1.931         0.400 / 1.931       ms
[270.094s][info][gc,stats    ]       Phase: Pause Mark Start                              5.047 / 9.022         3.641 / 9.022         3.641 / 9.022         3.641 / 9.022       ms
[270.094s][info][gc,stats    ]       Phase: Pause Relocate Start                          3.486 / 3.544         3.084 / 8.275         3.084 / 8.275         3.084 / 8.275       ms
[270.094s][info][gc,stats    ]    Subphase: Concurrent Mark                            1013.204 / 1245.500    846.386 / 1560.247    846.386 / 1560.247    846.386 / 1560.247    ms
[270.094s][info][gc,stats    ]    Subphase: Concurrent Mark Idle                          0.000 / 0.000         0.000 / 0.000         0.000 / 0.000         0.000 / 0.000       ms
[270.094s][info][gc,stats    ]    Subphase: Concurrent Mark Try Flush                     1.913 / 5.678         1.375 / 13.453        1.375 / 13.453        1.375 / 13.453      ms
[270.094s][info][gc,stats    ]    Subphase: Concurrent Mark Try Terminate                 0.406 / 0.983         0.454 / 3.245         0.454 / 3.245         0.454 / 3.245       ms
[270.094s][info][gc,stats    ]    Subphase: Concurrent References Enqueue                 0.002 / 0.005         0.002 / 0.007         0.002 / 0.007         0.002 / 0.007       ms
[270.094s][info][gc,stats    ]    Subphase: Concurrent References Process                 0.691 / 0.711         0.826 / 5.130         0.826 / 5.130         0.826 / 5.130       ms
[270.094s][info][gc,stats    ]    Subphase: Concurrent Weak Roots                         1.802 / 5.871         0.873 / 5.871         0.873 / 5.871         0.873 / 5.871       ms
[270.094s][info][gc,stats    ]    Subphase: Concurrent Weak Roots JNIWeakHandles          0.000 / 0.000         0.000 / 0.001         0.000 / 0.001         0.000 / 0.001       ms
[270.094s][info][gc,stats    ]    Subphase: Concurrent Weak Roots StringTable             1.608 / 5.676         0.665 / 5.676         0.665 / 5.676         0.665 / 5.676       ms
[270.094s][info][gc,stats    ]    Subphase: Concurrent Weak Roots VMWeakHandles           0.193 / 0.209         0.207 / 0.492         0.207 / 0.492         0.207 / 0.492       ms
[270.094s][info][gc,stats    ]    Subphase: Pause Mark Try Complete                       0.000 / 0.000         0.002 / 0.002         0.002 / 0.002         0.002 / 0.002       ms
[270.094s][info][gc,stats    ]    Subphase: Pause Remap TLABS                             0.002 / 0.003         0.003 / 0.012         0.003 / 0.012         0.003 / 0.012       ms
[270.094s][info][gc,stats    ]    Subphase: Pause Retire TLABS                            0.026 / 0.029         0.025 / 0.074         0.025 / 0.074         0.025 / 0.074       ms
[270.094s][info][gc,stats    ]    Subphase: Pause Roots                                   2.872 / 8.688         2.158 / 8.688         2.158 / 8.688         2.158 / 8.688       ms
[270.094s][info][gc,stats    ]    Subphase: Pause Roots ClassLoaderDataGraph              0.668 / 0.820         0.705 / 4.845         0.705 / 4.845         0.705 / 4.845       ms
[270.094s][info][gc,stats    ]    Subphase: Pause Roots CodeCache                         2.866 / 7.337         1.871 / 7.337         1.871 / 7.337         1.871 / 7.337       ms
[270.094s][info][gc,stats    ]    Subphase: Pause Roots JNIHandles                        0.001 / 0.001         0.001 / 0.006         0.001 / 0.006         0.001 / 0.006       ms
[270.094s][info][gc,stats    ]    Subphase: Pause Roots JNIWeakHandles                    0.000 / 0.000         0.000 / 0.000         0.000 / 0.000         0.000 / 0.000       ms
[270.094s][info][gc,stats    ]    Subphase: Pause Roots JRFWeak                           0.000 / 0.000         0.000 / 0.000         0.000 / 0.000         0.000 / 0.000       ms
[270.094s][info][gc,stats    ]    Subphase: Pause Roots JVMTIExport                       0.000 / 0.000         0.000 / 0.001         0.000 / 0.001         0.000 / 0.001       ms
[270.094s][info][gc,stats    ]    Subphase: Pause Roots JVMTIWeakExport                   0.001 / 0.001         0.001 / 0.001         0.001 / 0.001         0.001 / 0.001       ms
[270.094s][info][gc,stats    ]    Subphase: Pause Roots Management                        0.001 / 0.001         0.002 / 0.337         0.002 / 0.337         0.002 / 0.337       ms
[270.094s][info][gc,stats    ]    Subphase: Pause Roots ObjectSynchronizer                0.000 / 0.000         0.000 / 0.001         0.000 / 0.001         0.000 / 0.001       ms
[270.094s][info][gc,stats    ]    Subphase: Pause Roots Setup                             0.194 / 0.302         0.179 / 0.423         0.179 / 0.423         0.179 / 0.423       ms
[270.094s][info][gc,stats    ]    Subphase: Pause Roots StringTable                       0.000 / 0.000         0.000 / 0.000         0.000 / 0.000         0.000 / 0.000       ms
[270.094s][info][gc,stats    ]    Subphase: Pause Roots SystemDictionary                  0.012 / 0.014         0.013 / 0.041         0.013 / 0.041         0.013 / 0.041       ms
[270.094s][info][gc,stats    ]    Subphase: Pause Roots Teardown                          0.001 / 0.002         0.001 / 0.005         0.001 / 0.005         0.001 / 0.005       ms
[270.094s][info][gc,stats    ]    Subphase: Pause Roots Threads                           0.428 / 0.542         0.424 / 3.473         0.424 / 3.473         0.424 / 3.473       ms
[270.094s][info][gc,stats    ]    Subphase: Pause Roots Universe                          0.002 / 0.002         0.002 / 0.020         0.002 / 0.020         0.002 / 0.020       ms
[270.094s][info][gc,stats    ]    Subphase: Pause Roots VMWeakHandles                     0.000 / 0.000         0.000 / 0.000         0.000 / 0.000         0.000 / 0.000       ms
[270.094s][info][gc,stats    ]    Subphase: Pause Weak Roots                              0.001 / 0.002         0.002 / 0.005         0.002 / 0.005         0.002 / 0.005       ms
[270.094s][info][gc,stats    ]    Subphase: Pause Weak Roots JFRWeak                      0.001 / 0.001         0.001 / 0.001         0.001 / 0.001         0.001 / 0.001       ms
[270.094s][info][gc,stats    ]    Subphase: Pause Weak Roots JNIWeakHandles               0.000 / 0.000         0.000 / 0.000         0.000 / 0.000         0.000 / 0.000       ms
[270.094s][info][gc,stats    ]    Subphase: Pause Weak Roots JVMTIWeakExport              0.001 / 0.001         0.001 / 0.005         0.001 / 0.005         0.001 / 0.005       ms
[270.094s][info][gc,stats    ]    Subphase: Pause Weak Roots Setup                        0.000 / 0.000         0.000 / 0.000         0.000 / 0.000         0.000 / 0.000       ms
[270.094s][info][gc,stats    ]    Subphase: Pause Weak Roots StringTable                  0.000 / 0.000         0.000 / 0.000         0.000 / 0.000         0.000 / 0.000       ms
[270.094s][info][gc,stats    ]    Subphase: Pause Weak Roots SymbolTable                  0.000 / 0.000         0.000 / 0.000         0.000 / 0.000         0.000 / 0.000       ms
[270.094s][info][gc,stats    ]    Subphase: Pause Weak Roots Teardown                     0.000 / 0.001         0.000 / 0.001         0.000 / 0.001         0.000 / 0.001       ms
[270.094s][info][gc,stats    ]    Subphase: Pause Weak Roots VMWeakHandles                0.000 / 0.000         0.000 / 0.000         0.000 / 0.000         0.000 / 0.000       ms
[270.094s][info][gc,stats    ]      System: Java Threads                                    167 / 168             137 / 168             137 / 168             137 / 168         threads
[270.094s][info][gc,stats    ] =========================================================================================================================================================
[270.203s][info][gc,phases   ] GC(151) Concurrent Mark 802.893ms
[270.206s][info][gc,phases   ] GC(151) Pause Mark End 0.384ms
[270.208s][info][gc,phases   ] GC(151) Concurrent Process Non-Strong References 1.499ms
[270.209s][info][gc,phases   ] GC(151) Concurrent Reset Relocation Set 0.669ms
[270.209s][info][gc,phases   ] GC(151) Concurrent Destroy Detached Pages 0.000ms
[270.211s][info][gc,phases   ] GC(151) Concurrent Select Relocation Set 2.040ms
[270.220s][info][gc,phases   ] GC(151) Concurrent Prepare Relocation Set 9.135ms
[270.227s][info][gc,phases   ] GC(151) Pause Relocate Start 3.923ms
[270.366s][info][gc,phases   ] GC(151) Concurrent Relocate 139.409ms
[270.366s][info][gc,load     ] GC(151) Load: 1.74/1.70/1.15
[270.366s][info][gc,mmu      ] GC(151) MMU: 2ms/0.0%, 5ms/0.0%, 10ms/9.8%, 20ms/54.9%, 50ms/79.4%, 100ms/88.4%
[270.366s][info][gc,marking  ] GC(151) Mark: 1 stripe(s), 2 proactive flush(es), 1 terminate flush(es), 0 completion(s), 0 continuation(s) 
[270.366s][info][gc,reloc    ] GC(151) Relocation: Successful, 56M relocated
[270.366s][info][gc,nmethod  ] GC(151) NMethods: 6634 registered, 0 unregistered
[270.366s][info][gc,metaspace] GC(151) Metaspace: 75M used, 79M capacity, 79M committed, 80M reserved
[270.366s][info][gc,ref      ] GC(151) Soft: 4935 encountered, 0 discovered, 0 enqueued
[270.366s][info][gc,ref      ] GC(151) Weak: 5162 encountered, 4109 discovered, 104 enqueued
[270.366s][info][gc,ref      ] GC(151) Final: 28 encountered, 0 discovered, 0 enqueued
[270.366s][info][gc,ref      ] GC(151) Phantom: 662 encountered, 658 discovered, 0 enqueued
[270.366s][info][gc,heap     ] GC(151)                Mark Start          Mark End        Relocate Start      Relocate End           High               Low         
[270.366s][info][gc,heap     ] GC(151)  Capacity:     1990M (100%)       1990M (100%)       1990M (100%)       1990M (100%)       1990M (100%)       1990M (100%)   
[270.366s][info][gc,heap     ] GC(151)   Reserve:       34M (2%)           34M (2%)           34M (2%)           34M (2%)           34M (2%)           34M (2%)     
[270.366s][info][gc,heap     ] GC(151)      Free:     1230M (62%)        1034M (52%)        1242M (62%)        1444M (73%)        1444M (73%)        1034M (52%)    
[270.366s][info][gc,heap     ] GC(151)      Used:      726M (36%)         922M (46%)         714M (36%)         512M (26%)         922M (46%)         512M (26%)    
[270.366s][info][gc,heap     ] GC(151)      Live:         -               248M (12%)         248M (12%)         248M (12%)            -                  -          
[270.366s][info][gc,heap     ] GC(151) Allocated:         -               196M (10%)         200M (10%)         290M (15%)            -                  -          
[270.366s][info][gc,heap     ] GC(151)   Garbage:         -               477M (24%)         265M (13%)          61M (3%)             -                  -          
[270.366s][info][gc,heap     ] GC(151) Reclaimed:         -                  -               212M (11%)         416M (21%)            -                  -          
[270.366s][info][gc          ] GC(151) Garbage Collection (Allocation Rate) 726M(36%)->512M(26%)
[270.993s][info][gc,start    ] GC(152) Garbage Collection (Allocation Rate)
[271.000s][info][gc,phases   ] GC(152) Pause Mark Start 4.212ms
[272.179s][info][gc,phases   ] GC(152) Concurrent Mark 1178.159ms
[272.182s][info][gc,phases   ] GC(152) Pause Mark End 0.410ms
[272.183s][info][gc,phases   ] GC(152) Concurrent Process Non-Strong References 1.467ms
[272.184s][info][gc,phases   ] GC(152) Concurrent Reset Relocation Set 0.597ms
[272.184s][info][gc,phases   ] GC(152) Concurrent Destroy Detached Pages 0.001ms
[272.186s][info][gc,phases   ] GC(152) Concurrent Select Relocation Set 2.420ms
[272.195s][info][gc,phases   ] GC(152) Concurrent Prepare Relocation Set 8.393ms
[272.201s][info][gc,phases   ] GC(152) Pause Relocate Start 3.593ms
[272.373s][info][gc,phases   ] GC(152) Concurrent Relocate 169.377ms
[272.373s][info][gc,load     ] GC(152) Load: 1.74/1.70/1.15
[272.373s][info][gc,mmu      ] GC(152) MMU: 2ms/0.0%, 5ms/0.0%, 10ms/9.8%, 20ms/54.9%, 50ms/79.4%, 100ms/88.4%
[272.373s][info][gc,marking  ] GC(152) Mark: 1 stripe(s), 2 proactive flush(es), 1 terminate flush(es), 0 completion(s), 0 continuation(s) 
[272.373s][info][gc,reloc    ] GC(152) Relocation: Successful, 49M relocated
[272.373s][info][gc,nmethod  ] GC(152) NMethods: 6634 registered, 0 unregistered
[272.373s][info][gc,metaspace] GC(152) Metaspace: 75M used, 79M capacity, 79M committed, 80M reserved
[272.373s][info][gc,ref      ] GC(152) Soft: 4935 encountered, 0 discovered, 0 enqueued
[272.373s][info][gc,ref      ] GC(152) Weak: 5058 encountered, 4005 discovered, 0 enqueued
[272.373s][info][gc,ref      ] GC(152) Final: 28 encountered, 0 discovered, 0 enqueued
[272.373s][info][gc,ref      ] GC(152) Phantom: 662 encountered, 658 discovered, 0 enqueued
[272.373s][info][gc,heap     ] GC(152)                Mark Start          Mark End        Relocate Start      Relocate End           High               Low         
[272.373s][info][gc,heap     ] GC(152)  Capacity:     1990M (100%)       1990M (100%)       1990M (100%)       1990M (100%)       1990M (100%)       1990M (100%)   
[272.373s][info][gc,heap     ] GC(152)   Reserve:       34M (2%)           34M (2%)           34M (2%)           34M (2%)           34M (2%)           34M (2%)     
[272.373s][info][gc,heap     ] GC(152)      Free:     1170M (59%)        1082M (54%)        1098M (55%)        1534M (77%)        1534M (77%)        1082M (54%)    
[272.373s][info][gc,heap     ] GC(152)      Used:      786M (39%)         874M (44%)         858M (43%)         422M (21%)         874M (44%)         422M (21%)    
[272.374s][info][gc,heap     ] GC(152)      Live:         -               287M (14%)         287M (14%)         287M (14%)            -                  -          
[272.374s][info][gc,heap     ] GC(152) Allocated:         -                88M (4%)           88M (4%)          120M (6%)             -                  -          
[272.374s][info][gc,heap     ] GC(152)   Garbage:         -               498M (25%)         482M (24%)          46M (2%)             -                  -          
[272.374s][info][gc,heap     ] GC(152) Reclaimed:         -                  -                16M (1%)          452M (23%)            -                  -          
[272.374s][info][gc          ] GC(152) Garbage Collection (Allocation Rate) 786M(39%)->422M(21%)
[272.994s][info][gc,start    ] GC(153) Garbage Collection (Allocation Rate)
[273.001s][info][gc,phases   ] GC(153) Pause Mark Start 4.638ms
[273.683s][info][gc,phases   ] GC(153) Concurrent Mark 681.810ms
[273.686s][info][gc,phases   ] GC(153) Pause Mark End 0.404ms
[273.688s][info][gc,phases   ] GC(153) Concurrent Process Non-Strong References 1.467ms
[273.689s][info][gc,phases   ] GC(153) Concurrent Reset Relocation Set 0.662ms
[273.689s][info][gc,phases   ] GC(153) Concurrent Destroy Detached Pages 0.001ms
[273.690s][info][gc,phases   ] GC(153) Concurrent Select Relocation Set 1.527ms
[273.691s][info][gc,phases   ] GC(153) Concurrent Prepare Relocation Set 0.927ms
[273.697s][info][gc,phases   ] GC(153) Pause Relocate Start 3.584ms
[273.743s][info][gc,phases   ] GC(153) Concurrent Relocate 42.341ms
[273.743s][info][gc,load     ] GC(153) Load: 1.68/1.69/1.15
[273.743s][info][gc,mmu      ] GC(153) MMU: 2ms/0.0%, 5ms/0.0%, 10ms/9.8%, 20ms/54.9%, 50ms/79.4%, 100ms/88.4%
[273.743s][info][gc,marking  ] GC(153) Mark: 1 stripe(s), 2 proactive flush(es), 1 terminate flush(es), 0 completion(s), 0 continuation(s) 
[273.743s][info][gc,reloc    ] GC(153) Relocation: Successful, 16M relocated
[273.743s][info][gc,nmethod  ] GC(153) NMethods: 6676 registered, 0 unregistered
[273.743s][info][gc,metaspace] GC(153) Metaspace: 75M used, 79M capacity, 79M committed, 80M reserved
[273.743s][info][gc,ref      ] GC(153) Soft: 4934 encountered, 0 discovered, 0 enqueued
[273.743s][info][gc,ref      ] GC(153) Weak: 5163 encountered, 4162 discovered, 3 enqueued
[273.743s][info][gc,ref      ] GC(153) Final: 28 encountered, 0 discovered, 0 enqueued
[273.743s][info][gc,ref      ] GC(153) Phantom: 663 encountered, 659 discovered, 0 enqueued
[273.743s][info][gc,heap     ] GC(153)                Mark Start          Mark End        Relocate Start      Relocate End           High               Low         
[273.743s][info][gc,heap     ] GC(153)  Capacity:     1990M (100%)       1990M (100%)       1990M (100%)       1990M (100%)       1990M (100%)       1990M (100%)   
[273.743s][info][gc,heap     ] GC(153)   Reserve:       34M (2%)           34M (2%)           34M (2%)           34M (2%)           34M (2%)           34M (2%)     
[273.743s][info][gc,heap     ] GC(153)      Free:     1292M (65%)        1134M (57%)        1522M (76%)        1544M (78%)        1554M (78%)        1134M (57%)    
[273.743s][info][gc,heap     ] GC(153)      Used:      664M (33%)         822M (41%)         434M (22%)         412M (21%)         822M (41%)         402M (20%)    
[273.743s][info][gc,heap     ] GC(153)      Live:         -               204M (10%)         204M (10%)         204M (10%)            -                  -          
[273.743s][info][gc,heap     ] GC(153) Allocated:         -               158M (8%)          158M (8%)          182M (9%)             -                  -          
[273.743s][info][gc,heap     ] GC(153)   Garbage:         -               459M (23%)          71M (4%)           33M (2%)             -                  -          
[273.743s][info][gc,heap     ] GC(153) Reclaimed:         -                  -               388M (19%)         426M (21%)            -                  -          
[273.743s][info][gc          ] GC(153) Garbage Collection (Allocation Rate) 664M(33%)->412M(21%)
[274.693s][info][gc,start    ] GC(154) Garbage Collection (Allocation Rate)
[274.700s][info][gc,phases   ] GC(154) Pause Mark Start 4.177ms
[275.554s][info][gc,phases   ] GC(154) Concurrent Mark 853.104ms
[275.557s][info][gc,phases   ] GC(154) Pause Mark End 0.414ms
[275.561s][info][gc,phases   ] GC(154) Concurrent Process Non-Strong References 4.130ms
[275.563s][info][gc,phases   ] GC(154) Concurrent Reset Relocation Set 0.010ms
[275.563s][info][gc,phases   ] GC(154) Concurrent Destroy Detached Pages 0.000ms
[275.565s][info][gc,phases   ] GC(154) Concurrent Select Relocation Set 2.045ms
[275.566s][info][gc,phases   ] GC(154) Concurrent Prepare Relocation Set 0.745ms
[275.575s][info][gc,phases   ] GC(154) Pause Relocate Start 3.967ms
[275.645s][info][gc,phases   ] GC(154) Concurrent Relocate 69.134ms
[275.645s][info][gc,load     ] GC(154) Load: 1.68/1.69/1.15
[275.645s][info][gc,mmu      ] GC(154) MMU: 2ms/0.0%, 5ms/0.0%, 10ms/9.8%, 20ms/54.9%, 50ms/79.4%, 100ms/88.4%
[275.645s][info][gc,marking  ] GC(154) Mark: 1 stripe(s), 2 proactive flush(es), 1 terminate flush(es), 0 completion(s), 0 continuation(s) 
[275.645s][info][gc,reloc    ] GC(154) Relocation: Successful, 19M relocated
[275.645s][info][gc,nmethod  ] GC(154) NMethods: 6725 registered, 0 unregistered
[275.645s][info][gc,metaspace] GC(154) Metaspace: 75M used, 79M capacity, 79M committed, 80M reserved
[275.645s][info][gc,ref      ] GC(154) Soft: 4934 encountered, 0 discovered, 0 enqueued
[275.645s][info][gc,ref      ] GC(154) Weak: 5314 encountered, 4319 discovered, 211 enqueued
[275.645s][info][gc,ref      ] GC(154) Final: 28 encountered, 0 discovered, 0 enqueued
[275.645s][info][gc,ref      ] GC(154) Phantom: 663 encountered, 659 discovered, 0 enqueued
[275.645s][info][gc,heap     ] GC(154)                Mark Start          Mark End        Relocate Start      Relocate End           High               Low         
[275.645s][info][gc,heap     ] GC(154)  Capacity:     1990M (100%)       1990M (100%)       1990M (100%)       1990M (100%)       1990M (100%)       1990M (100%)   
[275.645s][info][gc,heap     ] GC(154)   Reserve:       34M (2%)           34M (2%)           34M (2%)           34M (2%)           34M (2%)           34M (2%)     
[275.645s][info][gc,heap     ] GC(154)      Free:     1204M (61%)        1040M (52%)        1462M (73%)        1530M (77%)        1530M (77%)        1038M (52%)    
[275.645s][info][gc,heap     ] GC(154)      Used:      752M (38%)         916M (46%)         494M (25%)         426M (21%)         918M (46%)         426M (21%)    
[275.645s][info][gc,heap     ] GC(154)      Live:         -               211M (11%)         211M (11%)         211M (11%)            -                  -          
[275.645s][info][gc,heap     ] GC(154) Allocated:         -               164M (8%)          172M (9%)          190M (10%)            -                  -          
[275.645s][info][gc,heap     ] GC(154)   Garbage:         -               540M (27%)         110M (6%)           34M (2%)             -                  -          
[275.645s][info][gc,heap     ] GC(154) Reclaimed:         -                  -               430M (22%)         506M (25%)            -                  -          
[275.645s][info][gc          ] GC(154) Garbage Collection (Allocation Rate) 752M(38%)->426M(21%)
[276.392s][info][gc,start    ] GC(155) Garbage Collection (Allocation Rate)
[276.402s][info][gc,phases   ] GC(155) Pause Mark Start 7.283ms
[277.114s][info][gc,phases   ] GC(155) Concurrent Mark 709.765ms
[277.117s][info][gc,phases   ] GC(155) Pause Mark End 0.401ms
[277.119s][info][gc,phases   ] GC(155) Concurrent Process Non-Strong References 1.469ms
[277.119s][info][gc,phases   ] GC(155) Concurrent Reset Relocation Set 0.012ms
[277.119s][info][gc,phases   ] GC(155) Concurrent Destroy Detached Pages 0.000ms
[277.121s][info][gc,phases   ] GC(155) Concurrent Select Relocation Set 1.539ms
[277.122s][info][gc,phases   ] GC(155) Concurrent Prepare Relocation Set 1.070ms
[277.126s][info][gc,phases   ] GC(155) Pause Relocate Start 3.652ms
[277.204s][info][gc,phases   ] GC(155) Concurrent Relocate 78.193ms
[277.204s][info][gc,load     ] GC(155) Load: 1.68/1.69/1.15
[277.204s][info][gc,mmu      ] GC(155) MMU: 2ms/0.0%, 5ms/0.0%, 10ms/9.8%, 20ms/54.9%, 50ms/79.4%, 100ms/88.4%
[277.204s][info][gc,marking  ] GC(155) Mark: 1 stripe(s), 2 proactive flush(es), 1 terminate flush(es), 0 completion(s), 0 continuation(s) 
[277.204s][info][gc,reloc    ] GC(155) Relocation: Successful, 20M relocated
[277.204s][info][gc,nmethod  ] GC(155) NMethods: 6732 registered, 0 unregistered
[277.204s][info][gc,metaspace] GC(155) Metaspace: 75M used, 79M capacity, 79M committed, 80M reserved
[277.204s][info][gc,ref      ] GC(155) Soft: 4935 encountered, 0 discovered, 0 enqueued
[277.204s][info][gc,ref      ] GC(155) Weak: 5100 encountered, 4096 discovered, 66 enqueued
[277.204s][info][gc,ref      ] GC(155) Final: 28 encountered, 0 discovered, 0 enqueued
[277.204s][info][gc,ref      ] GC(155) Phantom: 665 encountered, 470 discovered, 0 enqueued
[277.204s][info][gc,heap     ] GC(155)                Mark Start          Mark End        Relocate Start      Relocate End           High               Low         
[277.204s][info][gc,heap     ] GC(155)  Capacity:     1990M (100%)       1990M (100%)       1990M (100%)       1990M (100%)       1990M (100%)       1990M (100%)   
[277.204s][info][gc,heap     ] GC(155)   Reserve:       34M (2%)           34M (2%)           34M (2%)           34M (2%)           34M (2%)           34M (2%)     
[277.204s][info][gc,heap     ] GC(155)      Free:     1230M (62%)         978M (49%)        1384M (70%)        1456M (73%)        1456M (73%)         978M (49%)    
[277.204s][info][gc,heap     ] GC(155)      Used:      726M (36%)         978M (49%)         572M (29%)         500M (25%)         978M (49%)         500M (25%)    
[277.204s][info][gc,heap     ] GC(155)      Live:         -               211M (11%)         211M (11%)         211M (11%)            -                  -          
[277.204s][info][gc,heap     ] GC(155) Allocated:         -               252M (13%)         252M (13%)         266M (13%)            -                  -          
[277.204s][info][gc,heap     ] GC(155)   Garbage:         -               514M (26%)         108M (5%)           34M (2%)             -                  -          
[277.204s][info][gc,heap     ] GC(155) Reclaimed:         -                  -               406M (20%)         480M (24%)            -                  -          
[277.204s][info][gc          ] GC(155) Garbage Collection (Allocation Rate) 726M(36%)->500M(25%)
[278.096s][info][gc,start    ] GC(156) Garbage Collection (Allocation Rate)
[278.109s][info][gc,phases   ] GC(156) Pause Mark Start 9.293ms
[278.131s][info][gc,heap     ] Page Cache Flushed: 28M requested, 36M(1006M->970M) flushed
[279.591s][info][gc,heap     ] Page Cache Flushed: 4M requested, 10M(932M->922M) flushed
[279.839s][info][gc,phases   ] GC(156) Concurrent Mark 1729.885ms
[279.848s][info][gc,phases   ] GC(156) Pause Mark End 0.365ms
[279.850s][info][gc,phases   ] GC(156) Concurrent Process Non-Strong References 1.556ms
[279.851s][info][gc,phases   ] GC(156) Concurrent Reset Relocation Set 0.013ms
[279.851s][info][gc,phases   ] GC(156) Concurrent Destroy Detached Pages 0.004ms
[279.857s][info][gc,phases   ] GC(156) Concurrent Select Relocation Set 5.616ms
[279.876s][info][gc,phases   ] GC(156) Concurrent Prepare Relocation Set 19.063ms
[279.890s][info][gc,phases   ] GC(156) Pause Relocate Start 3.537ms
[280.096s][info][gc,stats    ] === Garbage Collection Statistics =======================================================================================================================
[280.097s][info][gc,stats    ]                                                              Last 10s              Last 10m              Last 10h                Total
[280.097s][info][gc,stats    ]                                                              Avg / Max             Avg / Max             Avg / Max             Avg / Max
[280.097s][info][gc,stats    ]   Collector: Garbage Collection Cycle                    973.124 / 1380.095   1015.537 / 1704.378   1015.537 / 1704.378   1015.537 / 1704.378    ms
[280.097s][info][gc,stats    ]  Contention: Mark Segment Reset Contention                     0 / 0                 0 / 0                 0 / 0                 0 / 0           ops/s
[280.097s][info][gc,stats    ]  Contention: Mark SeqNum Reset Contention                      0 / 0                 0 / 0                 0 / 0                 0 / 0           ops/s
[280.097s][info][gc,stats    ]  Contention: Relocation Contention                             0 / 0                 0 / 3                 0 / 3                 0 / 3           ops/s
[280.097s][info][gc,stats    ]    Critical: Allocation Stall                              0.000 / 0.000         0.000 / 0.000         0.000 / 0.000         0.000 / 0.000       ms
[280.097s][info][gc,stats    ]    Critical: Allocation Stall                                  0 / 0                 0 / 0                 0 / 0                 0 / 0           ops/s
[280.097s][info][gc,stats    ]    Critical: GC Locker Stall                               0.000 / 0.000         0.000 / 0.000         0.000 / 0.000         0.000 / 0.000       ms
[280.097s][info][gc,stats    ]    Critical: GC Locker Stall                                   0 / 0                 0 / 0                 0 / 0                 0 / 0           ops/s
[280.097s][info][gc,stats    ]      Memory: Allocation Rate                                 252 / 448             283 / 1282            283 / 1282            283 / 1282        MB/s
[280.097s][info][gc,stats    ]      Memory: Heap Used After Mark                            926 / 1048            951 / 1920            951 / 1920            951 / 1920        MB
[280.097s][info][gc,stats    ]      Memory: Heap Used After Relocation                      454 / 512             471 / 1180            471 / 1180            471 / 1180        MB
[280.097s][info][gc,stats    ]      Memory: Heap Used Before Mark                           774 / 946             767 / 1828            767 / 1828            767 / 1828        MB
[280.097s][info][gc,stats    ]      Memory: Heap Used Before Relocation                     623 / 858             689 / 1330            689 / 1330            689 / 1330        MB
[280.097s][info][gc,stats    ]      Memory: Out Of Memory                                     0 / 0                 0 / 0                 0 / 0                 0 / 0           ops/s
[280.097s][info][gc,stats    ]      Memory: Page Cache Flush                                  4 / 36                4 / 72                4 / 72                4 / 72          MB/s
[280.097s][info][gc,stats    ]      Memory: Page Cache Hit L1                               109 / 189             129 / 642             129 / 642             129 / 642         ops/s
[280.097s][info][gc,stats    ]      Memory: Page Cache Hit L2                                 0 / 0                 0 / 0                 0 / 0                 0 / 0           ops/s
[280.097s][info][gc,stats    ]      Memory: Page Cache Miss                                   0 / 2                 3 / 223               3 / 223               3 / 223         ops/s
[280.097s][info][gc,stats    ]      Memory: Undo Object Allocation Failed                     0 / 0                 0 / 0                 0 / 0                 0 / 0           ops/s
[280.097s][info][gc,stats    ]      Memory: Undo Object Allocation Succeeded                  0 / 0                 0 / 3                 0 / 3                 0 / 3           ops/s
[280.097s][info][gc,stats    ]      Memory: Undo Page Allocation                              0 / 0                 0 / 2                 0 / 2                 0 / 2           ops/s
[280.097s][info][gc,stats    ]       Phase: Concurrent Destroy Detached Pages             0.001 / 0.004         0.001 / 0.011         0.001 / 0.011         0.001 / 0.011       ms
[280.097s][info][gc,stats    ]       Phase: Concurrent Mark                             992.603 / 1729.885    854.962 / 1729.885    854.962 / 1729.885    854.962 / 1729.885    ms
[280.097s][info][gc,stats    ]       Phase: Concurrent Mark Continue                      0.000 / 0.000         0.000 / 0.000         0.000 / 0.000         0.000 / 0.000       ms
[280.097s][info][gc,stats    ]       Phase: Concurrent Prepare Relocation Set             6.555 / 19.063        7.409 / 64.267        7.409 / 64.267        7.409 / 64.267      ms
[280.097s][info][gc,stats    ]       Phase: Concurrent Process Non-Strong References      1.931 / 4.130         1.823 / 8.400         1.823 / 8.400         1.823 / 8.400       ms
[280.097s][info][gc,stats    ]       Phase: Concurrent Relocate                          99.691 / 169.377     137.251 / 393.686     137.251 / 393.686     137.251 / 393.686     ms
[280.097s][info][gc,stats    ]       Phase: Concurrent Reset Relocation Set               0.327 / 0.669         0.458 / 2.228         0.458 / 2.228         0.458 / 2.228       ms
[280.097s][info][gc,stats    ]       Phase: Concurrent Select Relocation Set              2.531 / 5.616         2.044 / 8.406         2.044 / 8.406         2.044 / 8.406       ms
[280.097s][info][gc,stats    ]       Phase: Pause Mark End                                0.396 / 0.414         0.400 / 1.931         0.400 / 1.931         0.400 / 1.931       ms
[280.097s][info][gc,stats    ]       Phase: Pause Mark Start                              5.921 / 9.293         3.713 / 9.293         3.713 / 9.293         3.713 / 9.293       ms
[280.097s][info][gc,stats    ]       Phase: Pause Relocate Start                          3.709 / 3.967         3.108 / 8.275         3.108 / 8.275         3.108 / 8.275       ms
[280.097s][info][gc,stats    ]    Subphase: Concurrent Mark                             989.430 / 1728.745    851.852 / 1728.745    851.852 / 1728.745    851.852 / 1728.745    ms
[280.097s][info][gc,stats    ]    Subphase: Concurrent Mark Idle                          0.000 / 0.000         0.000 / 0.000         0.000 / 0.000         0.000 / 0.000       ms
[280.097s][info][gc,stats    ]    Subphase: Concurrent Mark Try Flush                     2.105 / 11.878        1.403 / 13.453        1.403 / 13.453        1.403 / 13.453      ms
[280.097s][info][gc,stats    ]    Subphase: Concurrent Mark Try Terminate                 0.423 / 0.992         0.453 / 3.245         0.453 / 3.245         0.453 / 3.245       ms
[280.097s][info][gc,stats    ]    Subphase: Concurrent References Enqueue                 0.002 / 0.005         0.002 / 0.007         0.002 / 0.007         0.002 / 0.007       ms
[280.097s][info][gc,stats    ]    Subphase: Concurrent References Process                 0.725 / 0.791         0.822 / 5.130         0.822 / 5.130         0.822 / 5.130       ms
[280.097s][info][gc,stats    ]    Subphase: Concurrent Weak Roots                         0.797 / 0.932         0.871 / 5.871         0.871 / 5.871         0.871 / 5.871       ms
[280.097s][info][gc,stats    ]    Subphase: Concurrent Weak Roots JNIWeakHandles          0.000 / 0.001         0.000 / 0.001         0.000 / 0.001         0.000 / 0.001       ms
[280.097s][info][gc,stats    ]    Subphase: Concurrent Weak Roots StringTable             0.599 / 0.682         0.663 / 5.676         0.663 / 5.676         0.663 / 5.676       ms
[280.097s][info][gc,stats    ]    Subphase: Concurrent Weak Roots VMWeakHandles           0.197 / 0.247         0.207 / 0.492         0.207 / 0.492         0.207 / 0.492       ms
[280.097s][info][gc,stats    ]    Subphase: Pause Mark Try Complete                       0.000 / 0.000         0.002 / 0.002         0.002 / 0.002         0.002 / 0.002       ms
[280.097s][info][gc,stats    ]    Subphase: Pause Remap TLABS                             0.003 / 0.003         0.003 / 0.012         0.003 / 0.012         0.003 / 0.012       ms
[280.097s][info][gc,stats    ]    Subphase: Pause Retire TLABS                            0.031 / 0.040         0.025 / 0.074         0.025 / 0.074         0.025 / 0.074       ms
[280.097s][info][gc,stats    ]    Subphase: Pause Roots                                   2.663 / 6.942         2.176 / 8.688         2.176 / 8.688         2.176 / 8.688       ms
[280.097s][info][gc,stats    ]    Subphase: Pause Roots ClassLoaderDataGraph              0.711 / 1.285         0.705 / 4.845         0.705 / 4.845         0.705 / 4.845       ms
[280.097s][info][gc,stats    ]    Subphase: Pause Roots CodeCache                         2.728 / 5.554         1.901 / 7.337         1.901 / 7.337         1.901 / 7.337       ms
[280.097s][info][gc,stats    ]    Subphase: Pause Roots JNIHandles                        0.001 / 0.001         0.001 / 0.006         0.001 / 0.006         0.001 / 0.006       ms
[280.097s][info][gc,stats    ]    Subphase: Pause Roots JNIWeakHandles                    0.000 / 0.000         0.000 / 0.000         0.000 / 0.000         0.000 / 0.000       ms
[280.097s][info][gc,stats    ]    Subphase: Pause Roots JRFWeak                           0.000 / 0.000         0.000 / 0.000         0.000 / 0.000         0.000 / 0.000       ms
[280.097s][info][gc,stats    ]    Subphase: Pause Roots JVMTIExport                       0.000 / 0.001         0.000 / 0.001         0.000 / 0.001         0.000 / 0.001       ms
[280.097s][info][gc,stats    ]    Subphase: Pause Roots JVMTIWeakExport                   0.001 / 0.001         0.001 / 0.001         0.001 / 0.001         0.001 / 0.001       ms
[280.097s][info][gc,stats    ]    Subphase: Pause Roots Management                        0.001 / 0.001         0.002 / 0.337         0.002 / 0.337         0.002 / 0.337       ms
[280.098s][info][gc,stats    ]    Subphase: Pause Roots ObjectSynchronizer                0.000 / 0.001         0.000 / 0.001         0.000 / 0.001         0.000 / 0.001       ms
[280.098s][info][gc,stats    ]    Subphase: Pause Roots Setup                             0.184 / 0.351         0.179 / 0.423         0.179 / 0.423         0.179 / 0.423       ms
[280.098s][info][gc,stats    ]    Subphase: Pause Roots StringTable                       0.000 / 0.000         0.000 / 0.000         0.000 / 0.000         0.000 / 0.000       ms
[280.098s][info][gc,stats    ]    Subphase: Pause Roots SystemDictionary                  0.012 / 0.015         0.012 / 0.041         0.012 / 0.041         0.012 / 0.041       ms
[280.098s][info][gc,stats    ]    Subphase: Pause Roots Teardown                          0.001 / 0.003         0.001 / 0.005         0.001 / 0.005         0.001 / 0.005       ms
[280.098s][info][gc,stats    ]    Subphase: Pause Roots Threads                           0.424 / 0.531         0.424 / 3.473         0.424 / 3.473         0.424 / 3.473       ms
[280.098s][info][gc,stats    ]    Subphase: Pause Roots Universe                          0.002 / 0.003         0.002 / 0.020         0.002 / 0.020         0.002 / 0.020       ms
[280.098s][info][gc,stats    ]    Subphase: Pause Roots VMWeakHandles                     0.000 / 0.000         0.000 / 0.000         0.000 / 0.000         0.000 / 0.000       ms
[280.098s][info][gc,stats    ]    Subphase: Pause Weak Roots                              0.002 / 0.002         0.002 / 0.005         0.002 / 0.005         0.002 / 0.005       ms
[280.098s][info][gc,stats    ]    Subphase: Pause Weak Roots JFRWeak                      0.001 / 0.001         0.001 / 0.001         0.001 / 0.001         0.001 / 0.001       ms
[280.098s][info][gc,stats    ]    Subphase: Pause Weak Roots JNIWeakHandles               0.000 / 0.000         0.000 / 0.000         0.000 / 0.000         0.000 / 0.000       ms
[280.098s][info][gc,stats    ]    Subphase: Pause Weak Roots JVMTIWeakExport              0.000 / 0.001         0.001 / 0.005         0.001 / 0.005         0.001 / 0.005       ms
[280.098s][info][gc,stats    ]    Subphase: Pause Weak Roots Setup                        0.000 / 0.000         0.000 / 0.000         0.000 / 0.000         0.000 / 0.000       ms
[280.098s][info][gc,stats    ]    Subphase: Pause Weak Roots StringTable                  0.000 / 0.000         0.000 / 0.000         0.000 / 0.000         0.000 / 0.000       ms
[280.098s][info][gc,stats    ]    Subphase: Pause Weak Roots SymbolTable                  0.000 / 0.000         0.000 / 0.000         0.000 / 0.000         0.000 / 0.000       ms
[280.098s][info][gc,stats    ]    Subphase: Pause Weak Roots Teardown                     0.000 / 0.001         0.000 / 0.001         0.000 / 0.001         0.000 / 0.001       ms
[280.098s][info][gc,stats    ]    Subphase: Pause Weak Roots VMWeakHandles                0.000 / 0.000         0.000 / 0.000         0.000 / 0.000         0.000 / 0.000       ms
[280.098s][info][gc,stats    ]      System: Java Threads                                    162 / 168             138 / 168             138 / 168             138 / 168         threads
[280.098s][info][gc,stats    ] =========================================================================================================================================================
[280.715s][info][gc,phases   ] GC(156) Concurrent Relocate 822.347ms
[280.716s][info][gc,load     ] GC(156) Load: 1.95/1.75/1.17
[280.716s][info][gc,mmu      ] GC(156) MMU: 2ms/0.0%, 5ms/0.0%, 10ms/7.1%, 20ms/53.5%, 50ms/79.4%, 100ms/88.4%
[280.716s][info][gc,marking  ] GC(156) Mark: 1 stripe(s), 2 proactive flush(es), 1 terminate flush(es), 0 completion(s), 0 continuation(s) 
[280.716s][info][gc,reloc    ] GC(156) Relocation: Successful, 48M relocated
[280.716s][info][gc,nmethod  ] GC(156) NMethods: 6743 registered, 0 unregistered
[280.716s][info][gc,metaspace] GC(156) Metaspace: 75M used, 79M capacity, 79M committed, 80M reserved
[280.716s][info][gc,ref      ] GC(156) Soft: 4934 encountered, 0 discovered, 0 enqueued
[280.717s][info][gc,ref      ] GC(156) Weak: 5093 encountered, 4042 discovered, 95 enqueued
[280.717s][info][gc,ref      ] GC(156) Final: 28 encountered, 0 discovered, 0 enqueued
[280.717s][info][gc,ref      ] GC(156) Phantom: 662 encountered, 658 discovered, 0 enqueued
[280.717s][info][gc,heap     ] GC(156)                Mark Start          Mark End        Relocate Start      Relocate End           High               Low         
[280.717s][info][gc,heap     ] GC(156)  Capacity:     1990M (100%)       1990M (100%)       1990M (100%)       1990M (100%)       1990M (100%)       1990M (100%)   
[280.717s][info][gc,heap     ] GC(156)   Reserve:       34M (2%)           34M (2%)           34M (2%)           34M (2%)           34M (2%)           34M (2%)     
[280.717s][info][gc,heap     ] GC(156)      Free:     1010M (51%)         908M (46%)        1286M (65%)        1338M (67%)        1410M (71%)         908M (46%)    
[280.717s][info][gc,heap     ] GC(156)      Used:      946M (48%)        1048M (53%)         670M (34%)         618M (31%)        1048M (53%)         546M (27%)    
[280.717s][info][gc,heap     ] GC(156)      Live:         -               235M (12%)         235M (12%)         235M (12%)            -                  -          
[280.717s][info][gc,heap     ] GC(156) Allocated:         -               102M (5%)          104M (5%)          418M (21%)            -                  -          
[280.717s][info][gc,heap     ] GC(156)   Garbage:         -               710M (36%)         330M (17%)          34M (2%)             -                  -          
[280.717s][info][gc,heap     ] GC(156) Reclaimed:         -                  -               380M (19%)         676M (34%)            -                  -          
[280.717s][info][gc          ] GC(156) Garbage Collection (Allocation Rate) 946M(48%)->618M(31%)
[280.797s][info][gc,start    ] GC(157) Garbage Collection (Allocation Rate)
[280.809s][info][gc,phases   ] GC(157) Pause Mark Start 8.594ms
[282.028s][info][gc,phases   ] GC(157) Concurrent Mark 1219.443ms
[282.031s][info][gc,phases   ] GC(157) Pause Mark End 0.366ms
[282.033s][info][gc,phases   ] GC(157) Concurrent Process Non-Strong References 1.491ms
[282.034s][info][gc,phases   ] GC(157) Concurrent Reset Relocation Set 0.859ms
[282.034s][info][gc,phases   ] GC(157) Concurrent Destroy Detached Pages 0.000ms
[282.035s][info][gc,phases   ] GC(157) Concurrent Select Relocation Set 1.562ms
[282.047s][info][gc,phases   ] GC(157) Concurrent Prepare Relocation Set 12.086ms
[282.054s][info][gc,phases   ] GC(157) Pause Relocate Start 3.593ms
[282.324s][info][gc,phases   ] GC(157) Concurrent Relocate 263.046ms
[282.324s][info][gc,load     ] GC(157) Load: 1.95/1.75/1.17
[282.324s][info][gc,mmu      ] GC(157) MMU: 2ms/0.0%, 5ms/0.0%, 10ms/7.1%, 20ms/53.5%, 50ms/79.4%, 100ms/88.4%
[282.324s][info][gc,marking  ] GC(157) Mark: 1 stripe(s), 2 proactive flush(es), 1 terminate flush(es), 0 completion(s), 0 continuation(s) 
[282.324s][info][gc,reloc    ] GC(157) Relocation: Successful, 53M relocated
[282.324s][info][gc,nmethod  ] GC(157) NMethods: 6743 registered, 0 unregistered
[282.324s][info][gc,metaspace] GC(157) Metaspace: 75M used, 79M capacity, 79M committed, 80M reserved
[282.324s][info][gc,ref      ] GC(157) Soft: 4934 encountered, 0 discovered, 0 enqueued
[282.324s][info][gc,ref      ] GC(157) Weak: 4976 encountered, 3922 discovered, 9 enqueued
[282.324s][info][gc,ref      ] GC(157) Final: 28 encountered, 0 discovered, 0 enqueued
[282.324s][info][gc,ref      ] GC(157) Phantom: 663 encountered, 659 discovered, 0 enqueued
[282.324s][info][gc,heap     ] GC(157)                Mark Start          Mark End        Relocate Start      Relocate End           High               Low         
[282.324s][info][gc,heap     ] GC(157)  Capacity:     1990M (100%)       1990M (100%)       1990M (100%)       1990M (100%)       1990M (100%)       1990M (100%)   
[282.324s][info][gc,heap     ] GC(157)   Reserve:       34M (2%)           34M (2%)           34M (2%)           34M (2%)           34M (2%)           34M (2%)     
[282.324s][info][gc,heap     ] GC(157)      Free:     1300M (65%)        1126M (57%)        1248M (63%)        1494M (75%)        1526M (77%)        1126M (57%)    
[282.324s][info][gc,heap     ] GC(157)      Used:      656M (33%)         830M (42%)         708M (36%)         462M (23%)         830M (42%)         430M (22%)    
[282.324s][info][gc,heap     ] GC(157)      Live:         -               238M (12%)         238M (12%)         238M (12%)            -                  -          
[282.324s][info][gc,heap     ] GC(157) Allocated:         -               174M (9%)          174M (9%)          266M (13%)            -                  -          
[282.324s][info][gc,heap     ] GC(157)   Garbage:         -               417M (21%)         295M (15%)          11M (1%)             -                  -          
[282.324s][info][gc,heap     ] GC(157) Reclaimed:         -                  -               122M (6%)          406M (20%)            -                  -          
[282.324s][info][gc          ] GC(157) Garbage Collection (Allocation Rate) 656M(33%)->462M(23%)
[282.629s][info][gc,heap     ] Page Cache Flushed: 6M requested, 10M(1426M->1416M) flushed
[282.669s][info][gc,heap     ] Page Cache Flushed: 4M requested, 6M(1396M->1390M) flushed
[282.670s][info][gc,heap     ] Page Cache Flushed: 6M requested, 6M(1390M->1384M) flushed
[282.674s][info][gc,heap     ] Page Cache Flushed: 8M requested, 16M(1384M->1368M) flushed
[282.693s][info][gc,start    ] GC(158) Garbage Collection (Allocation Rate)
[282.700s][info][gc,phases   ] GC(158) Pause Mark Start 4.134ms
[282.917s][info][gc,heap     ] Page Cache Flushed: 4M requested, 6M(1190M->1184M) flushed
[282.927s][info][gc,heap     ] Page Cache Flushed: 10M requested, 12M(1184M->1172M) flushed
[282.941s][info][gc,heap     ] Page Cache Flushed: 4M requested, 32M(1166M->1134M) flushed
[283.438s][info][gc,phases   ] GC(158) Concurrent Mark 738.584ms
[283.441s][info][gc,phases   ] GC(158) Pause Mark End 0.347ms
[283.443s][info][gc,phases   ] GC(158) Concurrent Process Non-Strong References 1.459ms
[283.444s][info][gc,phases   ] GC(158) Concurrent Reset Relocation Set 0.841ms
[283.444s][info][gc,phases   ] GC(158) Concurrent Destroy Detached Pages 0.006ms
[283.445s][info][gc,phases   ] GC(158) Concurrent Select Relocation Set 1.583ms
[283.446s][info][gc,phases   ] GC(158) Concurrent Prepare Relocation Set 1.015ms
[283.450s][info][gc,phases   ] GC(158) Pause Relocate Start 3.603ms
[283.513s][info][gc,phases   ] GC(158) Concurrent Relocate 60.055ms
[283.513s][info][gc,load     ] GC(158) Load: 1.95/1.75/1.18
[283.513s][info][gc,mmu      ] GC(158) MMU: 2ms/0.0%, 5ms/0.0%, 10ms/7.1%, 20ms/53.5%, 50ms/79.4%, 100ms/88.4%
[283.513s][info][gc,marking  ] GC(158) Mark: 1 stripe(s), 2 proactive flush(es), 1 terminate flush(es), 0 completion(s), 0 continuation(s) 
[283.513s][info][gc,reloc    ] GC(158) Relocation: Successful, 28M relocated
[283.513s][info][gc,nmethod  ] GC(158) NMethods: 6760 registered, 0 unregistered
[283.513s][info][gc,metaspace] GC(158) Metaspace: 75M used, 79M capacity, 79M committed, 80M reserved
[283.513s][info][gc,ref      ] GC(158) Soft: 4933 encountered, 0 discovered, 0 enqueued
[283.513s][info][gc,ref      ] GC(158) Weak: 4977 encountered, 4059 discovered, 8 enqueued
[283.513s][info][gc,ref      ] GC(158) Final: 28 encountered, 0 discovered, 0 enqueued
[283.513s][info][gc,ref      ] GC(158) Phantom: 662 encountered, 658 discovered, 0 enqueued
[283.513s][info][gc,heap     ] GC(158)                Mark Start          Mark End        Relocate Start      Relocate End           High               Low         
[283.513s][info][gc,heap     ] GC(158)  Capacity:     1990M (100%)       1990M (100%)       1990M (100%)       1990M (100%)       1990M (100%)       1990M (100%)   
[283.513s][info][gc,heap     ] GC(158)   Reserve:       34M (2%)           34M (2%)           34M (2%)           34M (2%)           34M (2%)           34M (2%)     
[283.513s][info][gc,heap     ] GC(158)      Free:     1358M (68%)         698M (35%)         952M (48%)         964M (48%)        1358M (68%)         698M (35%)    
[283.513s][info][gc,heap     ] GC(158)      Used:      598M (30%)        1258M (63%)        1004M (50%)         992M (50%)        1258M (63%)         598M (30%)    
[283.513s][info][gc,heap     ] GC(158)      Live:         -               254M (13%)         254M (13%)         254M (13%)            -                  -          
[283.513s][info][gc,heap     ] GC(158) Allocated:         -               660M (33%)         660M (33%)         750M (38%)            -                  -          
[283.513s][info][gc,heap     ] GC(158)   Garbage:         -               343M (17%)          89M (4%)     17592186044413M (8         -                  -          
[283.513s][info][gc,heap     ] GC(158) Reclaimed:         -                  -               254M (13%)         346M (17%)            -                  -          
[283.513s][info][gc          ] GC(158) Garbage Collection (Allocation Rate) 598M(30%)->992M(50%)
[283.593s][info][gc,start    ] GC(159) Garbage Collection (Allocation Rate)
[283.600s][info][gc,phases   ] GC(159) Pause Mark Start 4.173ms
[284.141s][info][gc,phases   ] GC(159) Concurrent Mark 541.051ms
[284.141s][info][gc,phases   ] GC(159) Pause Mark End 0.342ms
[284.143s][info][gc,phases   ] GC(159) Concurrent Process Non-Strong References 1.784ms
[284.144s][info][gc,phases   ] GC(159) Concurrent Reset Relocation Set 0.010ms
[284.144s][info][gc,phases   ] GC(159) Concurrent Destroy Detached Pages 0.000ms
[284.148s][info][gc,phases   ] GC(159) Concurrent Select Relocation Set 3.887ms
[284.152s][info][gc,phases   ] GC(159) Concurrent Prepare Relocation Set 3.767ms
[284.162s][info][gc,phases   ] GC(159) Pause Relocate Start 4.789ms
[284.239s][info][gc,phases   ] GC(159) Concurrent Relocate 75.550ms
[284.239s][info][gc,load     ] GC(159) Load: 1.95/1.75/1.18
[284.239s][info][gc,mmu      ] GC(159) MMU: 2ms/0.0%, 5ms/0.0%, 10ms/7.1%, 20ms/53.5%, 50ms/79.4%, 100ms/88.4%
[284.239s][info][gc,marking  ] GC(159) Mark: 1 stripe(s), 2 proactive flush(es), 1 terminate flush(es), 0 completion(s), 0 continuation(s) 
[284.239s][info][gc,reloc    ] GC(159) Relocation: Successful, 32M relocated
[284.239s][info][gc,nmethod  ] GC(159) NMethods: 6763 registered, 0 unregistered
[284.239s][info][gc,metaspace] GC(159) Metaspace: 75M used, 79M capacity, 79M committed, 80M reserved
[284.239s][info][gc,ref      ] GC(159) Soft: 4933 encountered, 0 discovered, 0 enqueued
[284.239s][info][gc,ref      ] GC(159) Weak: 4977 encountered, 4039 discovered, 106 enqueued
[284.239s][info][gc,ref      ] GC(159) Final: 28 encountered, 0 discovered, 0 enqueued
[284.239s][info][gc,ref      ] GC(159) Phantom: 662 encountered, 658 discovered, 0 enqueued
[284.239s][info][gc,heap     ] GC(159)                Mark Start          Mark End        Relocate Start      Relocate End           High               Low         
[284.239s][info][gc,heap     ] GC(159)  Capacity:     1990M (100%)       1990M (100%)       1990M (100%)       1990M (100%)       1990M (100%)       1990M (100%)   
[284.239s][info][gc,heap     ] GC(159)   Reserve:       34M (2%)           34M (2%)           34M (2%)           34M (2%)           34M (2%)           34M (2%)     
[284.239s][info][gc,heap     ] GC(159)      Free:      816M (41%)         706M (35%)        1368M (69%)        1474M (74%)        1474M (74%)         706M (35%)    
[284.239s][info][gc,heap     ] GC(159)      Used:     1140M (57%)        1250M (63%)         588M (30%)         482M (24%)        1250M (63%)         482M (24%)    
[284.239s][info][gc,heap     ] GC(159)      Live:         -               332M (17%)         332M (17%)         332M (17%)            -                  -          
[284.239s][info][gc,heap     ] GC(159) Allocated:         -               110M (6%)          110M (6%)          136M (7%)             -                  -          
[284.239s][info][gc,heap     ] GC(159)   Garbage:         -               807M (41%)         145M (7%)           39M (2%)             -                  -          
[284.239s][info][gc,heap     ] GC(159) Reclaimed:         -                  -               662M (33%)         768M (39%)            -                  -          
[284.239s][info][gc          ] GC(159) Garbage Collection (Allocation Rate) 1140M(57%)->482M(24%)
[284.239s][info][gc,start    ] GC(160) Garbage Collection (System.gc())
[284.243s][info][gc,phases   ] GC(160) Pause Mark Start 4.153ms
[284.522s][info][gc,phases   ] GC(160) Concurrent Mark 278.758ms
[284.523s][info][gc,phases   ] GC(160) Pause Mark End 0.337ms
[284.524s][info][gc,phases   ] GC(160) Concurrent Process Non-Strong References 1.423ms
[284.525s][info][gc,phases   ] GC(160) Concurrent Reset Relocation Set 0.457ms
[284.525s][info][gc,phases   ] GC(160) Concurrent Destroy Detached Pages 0.000ms
[284.527s][info][gc,phases   ] GC(160) Concurrent Select Relocation Set 2.624ms
[284.527s][info][gc,phases   ] GC(160) Concurrent Prepare Relocation Set 0.012ms
[284.535s][info][gc,phases   ] GC(160) Pause Relocate Start 3.568ms
[284.537s][info][gc,phases   ] GC(160) Concurrent Relocate 1.956ms
[284.537s][info][gc,load     ] GC(160) Load: 1.95/1.75/1.18
[284.537s][info][gc,mmu      ] GC(160) MMU: 2ms/0.0%, 5ms/0.0%, 10ms/7.1%, 20ms/53.5%, 50ms/79.4%, 100ms/88.4%
[284.537s][info][gc,marking  ] GC(160) Mark: 1 stripe(s), 2 proactive flush(es), 1 terminate flush(es), 0 completion(s), 0 continuation(s) 
[284.537s][info][gc,reloc    ] GC(160) Relocation: Successful, 10M relocated
[284.537s][info][gc,nmethod  ] GC(160) NMethods: 6764 registered, 0 unregistered
[284.537s][info][gc,metaspace] GC(160) Metaspace: 75M used, 79M capacity, 79M committed, 80M reserved
[284.537s][info][gc,ref      ] GC(160) Soft: 4933 encountered, 0 discovered, 0 enqueued
[284.537s][info][gc,ref      ] GC(160) Weak: 4892 encountered, 3953 discovered, 4 enqueued
[284.537s][info][gc,ref      ] GC(160) Final: 28 encountered, 0 discovered, 0 enqueued
[284.537s][info][gc,ref      ] GC(160) Phantom: 662 encountered, 658 discovered, 0 enqueued
[284.537s][info][gc,heap     ] GC(160)                Mark Start          Mark End        Relocate Start      Relocate End           High               Low         
[284.537s][info][gc,heap     ] GC(160)  Capacity:     1990M (100%)       1990M (100%)       1990M (100%)       1990M (100%)       1990M (100%)       1990M (100%)   
[284.537s][info][gc,heap     ] GC(160)   Reserve:       34M (2%)           34M (2%)           34M (2%)           34M (2%)           34M (2%)           34M (2%)     
[284.537s][info][gc,heap     ] GC(160)      Free:     1474M (74%)        1472M (74%)        1704M (86%)        1728M (87%)        1728M (87%)        1472M (74%)    
[284.537s][info][gc,heap     ] GC(160)      Used:      482M (24%)         484M (24%)         252M (13%)         228M (11%)         484M (24%)         228M (11%)    
[284.537s][info][gc,heap     ] GC(160)      Live:         -               192M (10%)         192M (10%)         192M (10%)            -                  -          
[284.537s][info][gc,heap     ] GC(160) Allocated:         -                 2M (0%)            2M (0%)            4M (0%)             -                  -          
[284.537s][info][gc,heap     ] GC(160)   Garbage:         -               289M (15%)          57M (3%)           33M (2%)             -                  -          
[284.537s][info][gc,heap     ] GC(160) Reclaimed:         -                  -               232M (12%)         256M (13%)            -                  -          
[284.537s][info][gc          ] GC(160) Garbage Collection (System.gc()) 482M(24%)->228M(11%)
[285.293s][info][gc,start    ] GC(161) Garbage Collection (Allocation Rate)
[285.300s][info][gc,phases   ] GC(161) Pause Mark Start 4.190ms
[286.263s][info][gc,phases   ] GC(161) Concurrent Mark 962.770ms
[286.266s][info][gc,phases   ] GC(161) Pause Mark End 0.398ms
[286.268s][info][gc,phases   ] GC(161) Concurrent Process Non-Strong References 1.524ms
[286.268s][info][gc,phases   ] GC(161) Concurrent Reset Relocation Set 0.004ms
[286.268s][info][gc,phases   ] GC(161) Concurrent Destroy Detached Pages 0.000ms
[286.271s][info][gc,phases   ] GC(161) Concurrent Select Relocation Set 3.529ms
[286.286s][info][gc,phases   ] GC(161) Concurrent Prepare Relocation Set 14.555ms
[286.292s][info][gc,phases   ] GC(161) Pause Relocate Start 3.662ms
[286.521s][info][gc,heap     ] Page Cache Flushed: 2M requested, 6M(1362M->1356M) flushed
[286.546s][info][gc,phases   ] GC(161) Concurrent Relocate 252.992ms
[286.546s][info][gc,load     ] GC(161) Load: 1.95/1.75/1.18
[286.546s][info][gc,mmu      ] GC(161) MMU: 2ms/0.0%, 5ms/0.0%, 10ms/7.1%, 20ms/53.5%, 50ms/79.4%, 100ms/88.4%
[286.546s][info][gc,marking  ] GC(161) Mark: 1 stripe(s), 2 proactive flush(es), 1 terminate flush(es), 0 completion(s), 0 continuation(s) 
[286.546s][info][gc,reloc    ] GC(161) Relocation: Successful, 66M relocated
[286.546s][info][gc,nmethod  ] GC(161) NMethods: 6786 registered, 0 unregistered
[286.546s][info][gc,metaspace] GC(161) Metaspace: 75M used, 79M capacity, 79M committed, 80M reserved
[286.546s][info][gc,ref      ] GC(161) Soft: 4934 encountered, 0 discovered, 0 enqueued
[286.546s][info][gc,ref      ] GC(161) Weak: 4984 encountered, 3977 discovered, 23 enqueued
[286.546s][info][gc,ref      ] GC(161) Final: 28 encountered, 0 discovered, 0 enqueued
[286.546s][info][gc,ref      ] GC(161) Phantom: 662 encountered, 658 discovered, 0 enqueued
[286.546s][info][gc,heap     ] GC(161)                Mark Start          Mark End        Relocate Start      Relocate End           High               Low         
[286.546s][info][gc,heap     ] GC(161)  Capacity:     1990M (100%)       1990M (100%)       1990M (100%)       1990M (100%)       1990M (100%)       1990M (100%)   
[286.546s][info][gc,heap     ] GC(161)   Reserve:       34M (2%)           34M (2%)           34M (2%)           34M (2%)           34M (2%)           34M (2%)     
[286.546s][info][gc,heap     ] GC(161)      Free:     1264M (64%)        1036M (52%)        1082M (54%)        1364M (69%)        1378M (69%)        1036M (52%)    
[286.546s][info][gc,heap     ] GC(161)      Used:      692M (35%)         920M (46%)         874M (44%)         592M (30%)         920M (46%)         578M (29%)    
[286.546s][info][gc,heap     ] GC(161)      Live:         -               268M (13%)         268M (13%)         268M (13%)            -                  -          
[286.546s][info][gc,heap     ] GC(161) Allocated:         -               228M (11%)         232M (12%)         334M (17%)            -                  -          
[286.546s][info][gc,heap     ] GC(161)   Garbage:         -               423M (21%)         373M (19%)          65M (3%)             -                  -          
[286.546s][info][gc,heap     ] GC(161) Reclaimed:         -                  -                50M (3%)          358M (18%)            -                  -          
[286.546s][info][gc          ] GC(161) Garbage Collection (Allocation Rate) 692M(35%)->592M(30%)
[286.893s][info][gc,start    ] GC(162) Garbage Collection (Allocation Rate)
[286.900s][info][gc,phases   ] GC(162) Pause Mark Start 4.219ms
[287.897s][info][gc,phases   ] GC(162) Concurrent Mark 996.465ms
[287.901s][info][gc,phases   ] GC(162) Pause Mark End 0.386ms
[287.903s][info][gc,phases   ] GC(162) Concurrent Process Non-Strong References 1.474ms
[287.904s][info][gc,phases   ] GC(162) Concurrent Reset Relocation Set 0.953ms
[287.904s][info][gc,phases   ] GC(162) Concurrent Destroy Detached Pages 0.003ms
[287.905s][info][gc,phases   ] GC(162) Concurrent Select Relocation Set 1.561ms
[287.914s][info][gc,phases   ] GC(162) Concurrent Prepare Relocation Set 8.965ms
[287.920s][info][gc,phases   ] GC(162) Pause Relocate Start 3.492ms
[288.074s][info][gc,phases   ] GC(162) Concurrent Relocate 153.728ms
[288.074s][info][gc,load     ] GC(162) Load: 1.96/1.75/1.18
[288.074s][info][gc,mmu      ] GC(162) MMU: 2ms/0.0%, 5ms/0.0%, 10ms/7.1%, 20ms/53.5%, 50ms/79.4%, 100ms/88.4%
[288.074s][info][gc,marking  ] GC(162) Mark: 1 stripe(s), 2 proactive flush(es), 3 terminate flush(es), 0 completion(s), 0 continuation(s) 
[288.074s][info][gc,reloc    ] GC(162) Relocation: Successful, 33M relocated
[288.074s][info][gc,nmethod  ] GC(162) NMethods: 6788 registered, 0 unregistered
[288.074s][info][gc,metaspace] GC(162) Metaspace: 75M used, 79M capacity, 79M committed, 80M reserved
[288.074s][info][gc,ref      ] GC(162) Soft: 4934 encountered, 0 discovered, 0 enqueued
[288.074s][info][gc,ref      ] GC(162) Weak: 4961 encountered, 3909 discovered, 0 enqueued
[288.074s][info][gc,ref      ] GC(162) Final: 28 encountered, 0 discovered, 0 enqueued
[288.074s][info][gc,ref      ] GC(162) Phantom: 662 encountered, 658 discovered, 0 enqueued
[288.074s][info][gc,heap     ] GC(162)                Mark Start          Mark End        Relocate Start      Relocate End           High               Low         
[288.074s][info][gc,heap     ] GC(162)  Capacity:     1990M (100%)       1990M (100%)       1990M (100%)       1990M (100%)       1990M (100%)       1990M (100%)   
[288.074s][info][gc,heap     ] GC(162)   Reserve:       34M (2%)           34M (2%)           34M (2%)           34M (2%)           34M (2%)           34M (2%)     
[288.074s][info][gc,heap     ] GC(162)      Free:     1208M (61%)        1152M (58%)        1204M (61%)        1594M (80%)        1596M (80%)        1152M (58%)    
[288.074s][info][gc,heap     ] GC(162)      Used:      748M (38%)         804M (40%)         752M (38%)         362M (18%)         804M (40%)         360M (18%)    
[288.074s][info][gc,heap     ] GC(162)      Live:         -               242M (12%)         242M (12%)         242M (12%)            -                  -          
[288.074s][info][gc,heap     ] GC(162) Allocated:         -                56M (3%)           62M (3%)          138M (7%)             -                  -          
[288.074s][info][gc,heap     ] GC(162)   Garbage:         -               505M (25%)         447M (23%)           3M (0%)             -                  -          
[288.074s][info][gc,heap     ] GC(162) Reclaimed:         -                  -                58M (3%)          502M (25%)            -                  -          
[288.074s][info][gc          ] GC(162) Garbage Collection (Allocation Rate) 748M(38%)->362M(18%)
[288.494s][info][gc,start    ] GC(163) Garbage Collection (Allocation Rate)
[288.501s][info][gc,phases   ] GC(163) Pause Mark Start 4.245ms
[289.403s][info][gc,phases   ] GC(163) Concurrent Mark 902.569ms
[289.406s][info][gc,phases   ] GC(163) Pause Mark End 0.447ms
[289.408s][info][gc,phases   ] GC(163) Concurrent Process Non-Strong References 1.901ms
[289.408s][info][gc,phases   ] GC(163) Concurrent Reset Relocation Set 0.054ms
[289.408s][info][gc,phases   ] GC(163) Concurrent Destroy Detached Pages 0.000ms
[289.410s][info][gc,phases   ] GC(163) Concurrent Select Relocation Set 1.727ms
[289.413s][info][gc,phases   ] GC(163) Concurrent Prepare Relocation Set 2.861ms
[289.417s][info][gc,phases   ] GC(163) Pause Relocate Start 3.856ms
[289.584s][info][gc,phases   ] GC(163) Concurrent Relocate 162.652ms
[289.584s][info][gc,load     ] GC(163) Load: 1.96/1.75/1.18
[289.584s][info][gc,mmu      ] GC(163) MMU: 2ms/0.0%, 5ms/0.0%, 10ms/7.1%, 20ms/53.5%, 50ms/79.4%, 100ms/88.4%
[289.584s][info][gc,marking  ] GC(163) Mark: 1 stripe(s), 2 proactive flush(es), 1 terminate flush(es), 0 completion(s), 0 continuation(s) 
[289.584s][info][gc,reloc    ] GC(163) Relocation: Successful, 61M relocated
[289.584s][info][gc,nmethod  ] GC(163) NMethods: 6788 registered, 0 unregistered
[289.584s][info][gc,metaspace] GC(163) Metaspace: 75M used, 79M capacity, 79M committed, 80M reserved
[289.584s][info][gc,ref      ] GC(163) Soft: 4934 encountered, 0 discovered, 0 enqueued
[289.584s][info][gc,ref      ] GC(163) Weak: 4931 encountered, 3927 discovered, 29 enqueued
[289.584s][info][gc,ref      ] GC(163) Final: 28 encountered, 0 discovered, 0 enqueued
[289.584s][info][gc,ref      ] GC(163) Phantom: 662 encountered, 658 discovered, 0 enqueued
[289.584s][info][gc,heap     ] GC(163)                Mark Start          Mark End        Relocate Start      Relocate End           High               Low         
[289.584s][info][gc,heap     ] GC(163)  Capacity:     1990M (100%)       1990M (100%)       1990M (100%)       1990M (100%)       1990M (100%)       1990M (100%)   
[289.584s][info][gc,heap     ] GC(163)   Reserve:       34M (2%)           34M (2%)           34M (2%)           34M (2%)           34M (2%)           34M (2%)     
[289.584s][info][gc,heap     ] GC(163)      Free:     1372M (69%)        1162M (58%)        1232M (62%)        1410M (71%)        1412M (71%)        1162M (58%)    
[289.584s][info][gc,heap     ] GC(163)      Used:      584M (29%)         794M (40%)         724M (36%)         546M (27%)         794M (40%)         544M (27%)    
[289.584s][info][gc,heap     ] GC(163)      Live:         -               258M (13%)         258M (13%)         258M (13%)            -                  -          
[289.584s][info][gc,heap     ] GC(163) Allocated:         -               210M (11%)         210M (11%)         276M (14%)            -                  -          
[289.584s][info][gc,heap     ] GC(163)   Garbage:         -               325M (16%)         255M (13%)          69M (3%)             -                  -          
[289.584s][info][gc,heap     ] GC(163) Reclaimed:         -                  -                70M (4%)          256M (13%)            -                  -          
[289.584s][info][gc          ] GC(163) Garbage Collection (Allocation Rate) 584M(29%)->546M(27%)
[290.093s][info][gc,stats    ] === Garbage Collection Statistics =======================================================================================================================
[290.093s][info][gc,stats    ]                                                              Last 10s              Last 10m              Last 10h                Total
[290.093s][info][gc,stats    ]                                                              Avg / Max             Avg / Max             Avg / Max             Avg / Max
[290.093s][info][gc,stats    ]   Collector: Garbage Collection Cycle                   1179.375 / 2620.137   1023.529 / 2620.137   1023.529 / 2620.137   1023.529 / 2620.137    ms
[290.093s][info][gc,stats    ]  Contention: Mark Segment Reset Contention                     0 / 0                 0 / 0                 0 / 0                 0 / 0           ops/s
[290.093s][info][gc,stats    ]  Contention: Mark SeqNum Reset Contention                      0 / 0                 0 / 0                 0 / 0                 0 / 0           ops/s
[290.093s][info][gc,stats    ]  Contention: Relocation Contention                             0 / 3                 0 / 3                 0 / 3                 0 / 3           ops/s
[290.093s][info][gc,stats    ]    Critical: Allocation Stall                              0.000 / 0.000         0.000 / 0.000         0.000 / 0.000         0.000 / 0.000       ms
[290.093s][info][gc,stats    ]    Critical: Allocation Stall                                  0 / 0                 0 / 0                 0 / 0                 0 / 0           ops/s
[290.093s][info][gc,stats    ]    Critical: GC Locker Stall                               0.000 / 0.000         0.000 / 0.000         0.000 / 0.000         0.000 / 0.000       ms
[290.093s][info][gc,stats    ]    Critical: GC Locker Stall                                   0 / 0                 0 / 0                 0 / 0                 0 / 0           ops/s
[290.093s][info][gc,stats    ]      Memory: Allocation Rate                                 332 / 780             285 / 1282            285 / 1282            285 / 1282        MB/s
[290.093s][info][gc,stats    ]      Memory: Heap Used After Mark                            905 / 1258            949 / 1920            949 / 1920            949 / 1920        MB
[290.093s][info][gc,stats    ]      Memory: Heap Used After Relocation                      535 / 992             474 / 1180            474 / 1180            474 / 1180        MB
[290.093s][info][gc,stats    ]      Memory: Heap Used Before Mark                           700 / 1140            764 / 1828            764 / 1828            764 / 1828        MB
[290.093s][info][gc,stats    ]      Memory: Heap Used Before Relocation                     700 / 1004            690 / 1330            690 / 1330            690 / 1330        MB
[290.093s][info][gc,stats    ]      Memory: Out Of Memory                                     0 / 0                 0 / 0                 0 / 0                 0 / 0           ops/s
[290.093s][info][gc,stats    ]      Memory: Page Cache Flush                                  9 / 88                4 / 88                4 / 88                4 / 88          MB/s
[290.093s][info][gc,stats    ]      Memory: Page Cache Hit L1                               155 / 390             130 / 642             130 / 642             130 / 642         ops/s
[290.093s][info][gc,stats    ]      Memory: Page Cache Hit L2                                 0 / 0                 0 / 0                 0 / 0                 0 / 0           ops/s
[290.093s][info][gc,stats    ]      Memory: Page Cache Miss                                   1 / 8                 3 / 223               3 / 223               3 / 223         ops/s
[290.093s][info][gc,stats    ]      Memory: Undo Object Allocation Failed                     0 / 0                 0 / 0                 0 / 0                 0 / 0           ops/s
[290.093s][info][gc,stats    ]      Memory: Undo Object Allocation Succeeded                  0 / 3                 0 / 3                 0 / 3                 0 / 3           ops/s
[290.093s][info][gc,stats    ]      Memory: Undo Page Allocation                              0 / 0                 0 / 2                 0 / 2                 0 / 2           ops/s
[290.093s][info][gc,stats    ]       Phase: Concurrent Destroy Detached Pages             0.002 / 0.006         0.001 / 0.011         0.001 / 0.011         0.001 / 0.011       ms
[290.093s][info][gc,stats    ]       Phase: Concurrent Mark                             805.663 / 1219.443    852.858 / 1729.885    852.858 / 1729.885    852.858 / 1729.885    ms
[290.093s][info][gc,stats    ]       Phase: Concurrent Mark Continue                      0.000 / 0.000         0.000 / 0.000         0.000 / 0.000         0.000 / 0.000       ms
[290.093s][info][gc,stats    ]       Phase: Concurrent Prepare Relocation Set             6.180 / 14.555        7.356 / 64.267        7.356 / 64.267        7.356 / 64.267      ms
[290.093s][info][gc,stats    ]       Phase: Concurrent Process Non-Strong References      1.579 / 1.901         1.812 / 8.400         1.812 / 8.400         1.812 / 8.400       ms
[290.093s][info][gc,stats    ]       Phase: Concurrent Relocate                         224.041 / 822.347     141.485 / 822.347     141.485 / 822.347     141.485 / 822.347     ms
[290.093s][info][gc,stats    ]       Phase: Concurrent Reset Relocation Set               0.454 / 0.953         0.458 / 2.228         0.458 / 2.228         0.458 / 2.228       ms
[290.093s][info][gc,stats    ]       Phase: Concurrent Select Relocation Set              2.353 / 3.887         2.057 / 8.406         2.057 / 8.406         2.057 / 8.406       ms
[290.093s][info][gc,stats    ]       Phase: Pause Mark End                                0.375 / 0.447         0.399 / 1.931         0.399 / 1.931         0.399 / 1.931       ms
[290.093s][info][gc,stats    ]       Phase: Pause Mark Start                              4.816 / 8.594         3.760 / 9.293         3.760 / 9.293         3.760 / 9.293       ms
[290.093s][info][gc,stats    ]       Phase: Pause Relocate Start                          3.795 / 4.789         3.137 / 8.275         3.137 / 8.275         3.137 / 8.275       ms
[290.093s][info][gc,stats    ]    Subphase: Concurrent Mark                             801.527 / 1211.987    849.704 / 1728.745    849.704 / 1728.745    849.704 / 1728.745    ms
[290.093s][info][gc,stats    ]    Subphase: Concurrent Mark Idle                          0.000 / 0.000         0.000 / 0.000         0.000 / 0.000         0.000 / 0.000       ms
[290.093s][info][gc,stats    ]    Subphase: Concurrent Mark Try Flush                     1.302 / 5.878         1.398 / 13.453        1.398 / 13.453        1.398 / 13.453      ms
[290.093s][info][gc,stats    ]    Subphase: Concurrent Mark Try Terminate                 0.736 / 3.570         0.467 / 3.570         0.467 / 3.570         0.467 / 3.570       ms
[290.093s][info][gc,stats    ]    Subphase: Concurrent References Enqueue                 0.003 / 0.005         0.002 / 0.007         0.002 / 0.007         0.002 / 0.007       ms
[290.093s][info][gc,stats    ]    Subphase: Concurrent References Process                 0.686 / 0.732         0.816 / 5.130         0.816 / 5.130         0.816 / 5.130       ms
[290.093s][info][gc,stats    ]    Subphase: Concurrent Weak Roots                         0.878 / 1.171         0.871 / 5.871         0.871 / 5.871         0.871 / 5.871       ms
[290.093s][info][gc,stats    ]    Subphase: Concurrent Weak Roots JNIWeakHandles          0.000 / 0.000         0.000 / 0.001         0.000 / 0.001         0.000 / 0.001       ms
[290.093s][info][gc,stats    ]    Subphase: Concurrent Weak Roots StringTable             0.636 / 0.881         0.661 / 5.676         0.661 / 5.676         0.661 / 5.676       ms
[290.093s][info][gc,stats    ]    Subphase: Concurrent Weak Roots VMWeakHandles           0.241 / 0.392         0.208 / 0.492         0.208 / 0.492         0.208 / 0.492       ms
[290.093s][info][gc,stats    ]    Subphase: Pause Mark Try Complete                       0.000 / 0.000         0.002 / 0.002         0.002 / 0.002         0.002 / 0.002       ms
[290.093s][info][gc,stats    ]    Subphase: Pause Remap TLABS                             0.002 / 0.003         0.003 / 0.012         0.003 / 0.012         0.003 / 0.012       ms
[290.093s][info][gc,stats    ]    Subphase: Pause Retire TLABS                            0.029 / 0.043         0.025 / 0.074         0.025 / 0.074         0.025 / 0.074       ms
[290.093s][info][gc,stats    ]    Subphase: Pause Roots                                   2.553 / 4.389         2.192 / 8.688         2.192 / 8.688         2.192 / 8.688       ms
[290.093s][info][gc,stats    ]    Subphase: Pause Roots ClassLoaderDataGraph              0.673 / 0.804         0.704 / 4.845         0.704 / 4.845         0.704 / 4.845       ms
[290.093s][info][gc,stats    ]    Subphase: Pause Roots CodeCache                         2.515 / 3.159         1.928 / 7.337         1.928 / 7.337         1.928 / 7.337       ms
[290.093s][info][gc,stats    ]    Subphase: Pause Roots JNIHandles                        0.001 / 0.001         0.001 / 0.006         0.001 / 0.006         0.001 / 0.006       ms
[290.093s][info][gc,stats    ]    Subphase: Pause Roots JNIWeakHandles                    0.000 / 0.000         0.000 / 0.000         0.000 / 0.000         0.000 / 0.000       ms
[290.093s][info][gc,stats    ]    Subphase: Pause Roots JRFWeak                           0.000 / 0.000         0.000 / 0.000         0.000 / 0.000         0.000 / 0.000       ms
[290.093s][info][gc,stats    ]    Subphase: Pause Roots JVMTIExport                       0.000 / 0.000         0.000 / 0.001         0.000 / 0.001         0.000 / 0.001       ms
[290.093s][info][gc,stats    ]    Subphase: Pause Roots JVMTIWeakExport                   0.001 / 0.001         0.001 / 0.001         0.001 / 0.001         0.001 / 0.001       ms
[290.093s][info][gc,stats    ]    Subphase: Pause Roots Management                        0.001 / 0.001         0.002 / 0.337         0.002 / 0.337         0.002 / 0.337       ms
[290.093s][info][gc,stats    ]    Subphase: Pause Roots ObjectSynchronizer                0.000 / 0.001         0.000 / 0.001         0.000 / 0.001         0.000 / 0.001       ms
[290.093s][info][gc,stats    ]    Subphase: Pause Roots Setup                             0.186 / 0.368         0.180 / 0.423         0.180 / 0.423         0.180 / 0.423       ms
[290.093s][info][gc,stats    ]    Subphase: Pause Roots StringTable                       0.000 / 0.000         0.000 / 0.000         0.000 / 0.000         0.000 / 0.000       ms
[290.093s][info][gc,stats    ]    Subphase: Pause Roots SystemDictionary                  0.012 / 0.014         0.012 / 0.041         0.012 / 0.041         0.012 / 0.041       ms
[290.093s][info][gc,stats    ]    Subphase: Pause Roots Teardown                          0.001 / 0.002         0.001 / 0.005         0.001 / 0.005         0.001 / 0.005       ms
[290.094s][info][gc,stats    ]    Subphase: Pause Roots Threads                           0.414 / 0.543         0.423 / 3.473         0.423 / 3.473         0.423 / 3.473       ms
[290.094s][info][gc,stats    ]    Subphase: Pause Roots Universe                          0.002 / 0.003         0.002 / 0.020         0.002 / 0.020         0.002 / 0.020       ms
[290.094s][info][gc,stats    ]    Subphase: Pause Roots VMWeakHandles                     0.000 / 0.000         0.000 / 0.000         0.000 / 0.000         0.000 / 0.000       ms
[290.094s][info][gc,stats    ]    Subphase: Pause Weak Roots                              0.001 / 0.002         0.002 / 0.005         0.002 / 0.005         0.002 / 0.005       ms
[290.094s][info][gc,stats    ]    Subphase: Pause Weak Roots JFRWeak                      0.001 / 0.001         0.001 / 0.001         0.001 / 0.001         0.001 / 0.001       ms
[290.094s][info][gc,stats    ]    Subphase: Pause Weak Roots JNIWeakHandles               0.000 / 0.000         0.000 / 0.000         0.000 / 0.000         0.000 / 0.000       ms
[290.094s][info][gc,stats    ]    Subphase: Pause Weak Roots JVMTIWeakExport              0.001 / 0.001         0.001 / 0.005         0.001 / 0.005         0.001 / 0.005       ms
[290.094s][info][gc,stats    ]    Subphase: Pause Weak Roots Setup                        0.000 / 0.000         0.000 / 0.000         0.000 / 0.000         0.000 / 0.000       ms
[290.094s][info][gc,stats    ]    Subphase: Pause Weak Roots StringTable                  0.000 / 0.000         0.000 / 0.000         0.000 / 0.000         0.000 / 0.000       ms
[290.094s][info][gc,stats    ]    Subphase: Pause Weak Roots SymbolTable                  0.000 / 0.000         0.000 / 0.000         0.000 / 0.000         0.000 / 0.000       ms
[290.094s][info][gc,stats    ]    Subphase: Pause Weak Roots Teardown                     0.000 / 0.001         0.000 / 0.001         0.000 / 0.001         0.000 / 0.001       ms
[290.094s][info][gc,stats    ]    Subphase: Pause Weak Roots VMWeakHandles                0.000 / 0.000         0.000 / 0.000         0.000 / 0.000         0.000 / 0.000       ms
[290.094s][info][gc,stats    ]      System: Java Threads                                    157 / 168             139 / 168             139 / 168             139 / 168         threads
[290.094s][info][gc,stats    ] =========================================================================================================================================================
[290.193s][info][gc,start    ] GC(164) Garbage Collection (Allocation Rate)
[290.200s][info][gc,phases   ] GC(164) Pause Mark Start 4.209ms
[291.431s][info][gc,phases   ] GC(164) Concurrent Mark 1231.469ms
[291.435s][info][gc,phases   ] GC(164) Pause Mark End 0.398ms
[291.436s][info][gc,phases   ] GC(164) Concurrent Process Non-Strong References 1.460ms
[291.437s][info][gc,phases   ] GC(164) Concurrent Reset Relocation Set 0.657ms
[291.437s][info][gc,phases   ] GC(164) Concurrent Destroy Detached Pages 0.001ms
[291.439s][info][gc,phases   ] GC(164) Concurrent Select Relocation Set 1.524ms
[291.447s][info][gc,phases   ] GC(164) Concurrent Prepare Relocation Set 8.140ms
[291.453s][info][gc,phases   ] GC(164) Pause Relocate Start 3.525ms
[291.634s][info][gc,phases   ] GC(164) Concurrent Relocate 180.599ms
[291.634s][info][gc,load     ] GC(164) Load: 1.96/1.75/1.18
[291.634s][info][gc,mmu      ] GC(164) MMU: 2ms/0.0%, 5ms/0.0%, 10ms/7.1%, 20ms/53.5%, 50ms/79.4%, 100ms/88.4%
[291.634s][info][gc,marking  ] GC(164) Mark: 1 stripe(s), 2 proactive flush(es), 1 terminate flush(es), 0 completion(s), 0 continuation(s) 
[291.634s][info][gc,reloc    ] GC(164) Relocation: Successful, 52M relocated
[291.634s][info][gc,nmethod  ] GC(164) NMethods: 6795 registered, 0 unregistered
[291.634s][info][gc,metaspace] GC(164) Metaspace: 75M used, 79M capacity, 79M committed, 80M reserved
[291.634s][info][gc,ref      ] GC(164) Soft: 4934 encountered, 0 discovered, 0 enqueued
[291.634s][info][gc,ref      ] GC(164) Weak: 4902 encountered, 3897 discovered, 0 enqueued
[291.634s][info][gc,ref      ] GC(164) Final: 28 encountered, 0 discovered, 0 enqueued
[291.634s][info][gc,ref      ] GC(164) Phantom: 662 encountered, 658 discovered, 0 enqueued
[291.634s][info][gc,heap     ] GC(164)                Mark Start          Mark End        Relocate Start      Relocate End           High               Low         
[291.634s][info][gc,heap     ] GC(164)  Capacity:     1990M (100%)       1990M (100%)       1990M (100%)       1990M (100%)       1990M (100%)       1990M (100%)   
[291.634s][info][gc,heap     ] GC(164)   Reserve:       34M (2%)           34M (2%)           34M (2%)           34M (2%)           34M (2%)           34M (2%)     
[291.634s][info][gc,heap     ] GC(164)      Free:     1132M (57%)        1040M (52%)        1054M (53%)        1472M (74%)        1472M (74%)        1040M (52%)    
[291.634s][info][gc,heap     ] GC(164)      Used:      824M (41%)         916M (46%)         902M (45%)         484M (24%)         916M (46%)         484M (24%)    
[291.634s][info][gc,heap     ] GC(164)      Live:         -               289M (15%)         289M (15%)         289M (15%)            -                  -          
[291.634s][info][gc,heap     ] GC(164) Allocated:         -                92M (5%)           94M (5%)          180M (9%)             -                  -          
[291.634s][info][gc,heap     ] GC(164)   Garbage:         -               534M (27%)         518M (26%)          42M (2%)             -                  -          
[291.634s][info][gc,heap     ] GC(164) Reclaimed:         -                  -                16M (1%)          492M (25%)            -                  -          
[291.634s][info][gc          ] GC(164) Garbage Collection (Allocation Rate) 824M(41%)->484M(24%)
[291.893s][info][gc,start    ] GC(165) Garbage Collection (Allocation Rate)
[291.900s][info][gc,phases   ] GC(165) Pause Mark Start 4.192ms
[292.157s][info][gc,heap     ] Page Cache Flushed: 6M requested, 8M(1252M->1244M) flushed
[292.778s][info][gc,phases   ] GC(165) Concurrent Mark 878.218ms
[292.782s][info][gc,phases   ] GC(165) Pause Mark End 0.406ms
[292.783s][info][gc,phases   ] GC(165) Concurrent Process Non-Strong References 1.499ms
[292.784s][info][gc,phases   ] GC(165) Concurrent Reset Relocation Set 0.640ms
[292.784s][info][gc,phases   ] GC(165) Concurrent Destroy Detached Pages 0.002ms
[292.785s][info][gc,phases   ] GC(165) Concurrent Select Relocation Set 1.578ms
[292.795s][info][gc,phases   ] GC(165) Concurrent Prepare Relocation Set 9.387ms
[292.802s][info][gc,phases   ] GC(165) Pause Relocate Start 3.791ms
[292.966s][info][gc,phases   ] GC(165) Concurrent Relocate 164.041ms
[292.966s][info][gc,load     ] GC(165) Load: 1.96/1.76/1.19
[292.966s][info][gc,mmu      ] GC(165) MMU: 2ms/0.0%, 5ms/0.0%, 10ms/7.1%, 20ms/53.5%, 50ms/79.4%, 100ms/88.4%
[292.966s][info][gc,marking  ] GC(165) Mark: 1 stripe(s), 2 proactive flush(es), 1 terminate flush(es), 0 completion(s), 0 continuation(s) 
[292.966s][info][gc,reloc    ] GC(165) Relocation: Successful, 59M relocated
[292.966s][info][gc,nmethod  ] GC(165) NMethods: 6796 registered, 0 unregistered
[292.966s][info][gc,metaspace] GC(165) Metaspace: 75M used, 79M capacity, 79M committed, 80M reserved
[292.966s][info][gc,ref      ] GC(165) Soft: 4934 encountered, 0 discovered, 0 enqueued
[292.966s][info][gc,ref      ] GC(165) Weak: 5100 encountered, 4093 discovered, 140 enqueued
[292.966s][info][gc,ref      ] GC(165) Final: 28 encountered, 0 discovered, 0 enqueued
[292.966s][info][gc,ref      ] GC(165) Phantom: 662 encountered, 658 discovered, 0 enqueued
[292.966s][info][gc,heap     ] GC(165)                Mark Start          Mark End        Relocate Start      Relocate End           High               Low         
[292.966s][info][gc,heap     ] GC(165)  Capacity:     1990M (100%)       1990M (100%)       1990M (100%)       1990M (100%)       1990M (100%)       1990M (100%)   
[292.966s][info][gc,heap     ] GC(165)   Reserve:       34M (2%)           34M (2%)           34M (2%)           34M (2%)           34M (2%)           34M (2%)     
[292.966s][info][gc,heap     ] GC(165)      Free:     1318M (66%)        1104M (55%)        1256M (63%)        1408M (71%)        1410M (71%)        1104M (55%)    
[292.966s][info][gc,heap     ] GC(165)      Used:      638M (32%)         852M (43%)         700M (35%)         548M (28%)         852M (43%)         546M (27%)    
[292.966s][info][gc,heap     ] GC(165)      Live:         -               256M (13%)         256M (13%)         256M (13%)            -                  -          
[292.966s][info][gc,heap     ] GC(165) Allocated:         -               214M (11%)         218M (11%)         284M (14%)            -                  -          
[292.966s][info][gc,heap     ] GC(165)   Garbage:         -               381M (19%)         225M (11%)          59M (3%)             -                  -          
[292.966s][info][gc,heap     ] GC(165) Reclaimed:         -                  -               156M (8%)          322M (16%)            -                  -          
[292.966s][info][gc          ] GC(165) Garbage Collection (Allocation Rate) 638M(32%)->548M(28%)
[293.593s][info][gc,start    ] GC(166) Garbage Collection (Allocation Rate)
[293.600s][info][gc,phases   ] GC(166) Pause Mark Start 4.235ms
[294.821s][info][gc,phases   ] GC(166) Concurrent Mark 1219.942ms
[294.824s][info][gc,phases   ] GC(166) Pause Mark End 0.392ms
[294.825s][info][gc,phases   ] GC(166) Concurrent Process Non-Strong References 1.486ms
[294.826s][info][gc,phases   ] GC(166) Concurrent Reset Relocation Set 0.659ms
[294.826s][info][gc,phases   ] GC(166) Concurrent Destroy Detached Pages 0.001ms
[294.828s][info][gc,phases   ] GC(166) Concurrent Select Relocation Set 1.777ms
[294.836s][info][gc,phases   ] GC(166) Concurrent Prepare Relocation Set 7.884ms
[294.842s][info][gc,phases   ] GC(166) Pause Relocate Start 3.514ms
[295.001s][info][gc,phases   ] GC(166) Concurrent Relocate 159.268ms
[295.002s][info][gc,load     ] GC(166) Load: 1.96/1.76/1.19
[295.002s][info][gc,mmu      ] GC(166) MMU: 2ms/0.0%, 5ms/0.0%, 10ms/7.1%, 20ms/53.5%, 50ms/79.4%, 100ms/88.4%
[295.002s][info][gc,marking  ] GC(166) Mark: 1 stripe(s), 2 proactive flush(es), 1 terminate flush(es), 0 completion(s), 0 continuation(s) 
[295.002s][info][gc,reloc    ] GC(166) Relocation: Successful, 49M relocated
[295.002s][info][gc,nmethod  ] GC(166) NMethods: 6800 registered, 0 unregistered
[295.002s][info][gc,metaspace] GC(166) Metaspace: 75M used, 79M capacity, 79M committed, 80M reserved
[295.002s][info][gc,ref      ] GC(166) Soft: 4934 encountered, 0 discovered, 0 enqueued
[295.002s][info][gc,ref      ] GC(166) Weak: 4952 encountered, 3945 discovered, 1 enqueued
[295.002s][info][gc,ref      ] GC(166) Final: 28 encountered, 0 discovered, 0 enqueued
[295.002s][info][gc,ref      ] GC(166) Phantom: 662 encountered, 658 discovered, 0 enqueued
[295.002s][info][gc,heap     ] GC(166)                Mark Start          Mark End        Relocate Start      Relocate End           High               Low         
[295.002s][info][gc,heap     ] GC(166)  Capacity:     1990M (100%)       1990M (100%)       1990M (100%)       1990M (100%)       1990M (100%)       1990M (100%)   
[295.002s][info][gc,heap     ] GC(166)   Reserve:       34M (2%)           34M (2%)           34M (2%)           34M (2%)           34M (2%)           34M (2%)     
[295.002s][info][gc,heap     ] GC(166)      Free:     1148M (58%)        1056M (53%)        1072M (54%)        1526M (77%)        1528M (77%)        1056M (53%)    
[295.002s][info][gc,heap     ] GC(166)      Used:      808M (41%)         900M (45%)         884M (44%)         430M (22%)         900M (45%)         428M (22%)    
[295.002s][info][gc,heap     ] GC(166)      Live:         -               288M (15%)         288M (15%)         288M (15%)            -                  -          
[295.002s][info][gc,heap     ] GC(166) Allocated:         -                92M (5%)           92M (5%)          124M (6%)             -                  -          
[295.002s][info][gc,heap     ] GC(166)   Garbage:         -               519M (26%)         503M (25%)          47M (2%)             -                  -          
[295.002s][info][gc,heap     ] GC(166) Reclaimed:         -                  -                16M (1%)          472M (24%)            -                  -          
[295.002s][info][gc          ] GC(166) Garbage Collection (Allocation Rate) 808M(41%)->430M(22%)
[295.594s][info][gc,start    ] GC(167) Garbage Collection (Allocation Rate)
[295.601s][info][gc,phases   ] GC(167) Pause Mark Start 4.229ms
[296.098s][info][gc,heap     ] Page Cache Flushed: 8M requested, 18M(1116M->1098M) flushed
[296.389s][info][gc,phases   ] GC(167) Concurrent Mark 787.998ms
[296.392s][info][gc,phases   ] GC(167) Pause Mark End 0.407ms
[296.394s][info][gc,phases   ] GC(167) Concurrent Process Non-Strong References 1.630ms
[296.394s][info][gc,phases   ] GC(167) Concurrent Reset Relocation Set 0.676ms
[296.394s][info][gc,phases   ] GC(167) Concurrent Destroy Detached Pages 0.005ms
[296.403s][info][gc,phases   ] GC(167) Concurrent Select Relocation Set 8.994ms
[296.411s][info][gc,phases   ] GC(167) Concurrent Prepare Relocation Set 7.996ms
[296.419s][info][gc,phases   ] GC(167) Pause Relocate Start 3.638ms
[296.545s][info][gc,phases   ] GC(167) Concurrent Relocate 125.871ms
[296.545s][info][gc,load     ] GC(167) Load: 1.96/1.76/1.19
[296.545s][info][gc,mmu      ] GC(167) MMU: 2ms/0.0%, 5ms/0.0%, 10ms/7.1%, 20ms/53.5%, 50ms/79.4%, 100ms/88.4%
[296.545s][info][gc,marking  ] GC(167) Mark: 1 stripe(s), 2 proactive flush(es), 1 terminate flush(es), 0 completion(s), 0 continuation(s) 
[296.545s][info][gc,reloc    ] GC(167) Relocation: Successful, 55M relocated
[296.545s][info][gc,nmethod  ] GC(167) NMethods: 6815 registered, 0 unregistered
[296.545s][info][gc,metaspace] GC(167) Metaspace: 75M used, 79M capacity, 79M committed, 80M reserved
[296.545s][info][gc,ref      ] GC(167) Soft: 4935 encountered, 0 discovered, 0 enqueued
[296.545s][info][gc,ref      ] GC(167) Weak: 5160 encountered, 4108 discovered, 159 enqueued
[296.545s][info][gc,ref      ] GC(167) Final: 28 encountered, 0 discovered, 0 enqueued
[296.545s][info][gc,ref      ] GC(167) Phantom: 662 encountered, 658 discovered, 0 enqueued
[296.545s][info][gc,heap     ] GC(167)                Mark Start          Mark End        Relocate Start      Relocate End           High               Low         
[296.545s][info][gc,heap     ] GC(167)  Capacity:     1990M (100%)       1990M (100%)       1990M (100%)       1990M (100%)       1990M (100%)       1990M (100%)   
[296.545s][info][gc,heap     ] GC(167)   Reserve:       34M (2%)           34M (2%)           34M (2%)           34M (2%)           34M (2%)           34M (2%)     
[296.545s][info][gc,heap     ] GC(167)      Free:     1246M (63%)        1042M (52%)        1238M (62%)        1434M (72%)        1434M (72%)        1042M (52%)    
[296.545s][info][gc,heap     ] GC(167)      Used:      710M (36%)         914M (46%)         718M (36%)         522M (26%)         914M (46%)         522M (26%)    
[296.545s][info][gc,heap     ] GC(167)      Live:         -               247M (12%)         247M (12%)         247M (12%)            -                  -          
[296.545s][info][gc,heap     ] GC(167) Allocated:         -               204M (10%)         210M (11%)         296M (15%)            -                  -          
[296.545s][info][gc,heap     ] GC(167)   Garbage:         -               462M (23%)         260M (13%)          60M (3%)             -                  -          
[296.545s][info][gc,heap     ] GC(167) Reclaimed:         -                  -               202M (10%)         402M (20%)            -                  -          
[296.545s][info][gc          ] GC(167) Garbage Collection (Allocation Rate) 710M(36%)->522M(26%)
[296.994s][info][gc,start    ] GC(168) Garbage Collection (Allocation Rate)
[297.001s][info][gc,phases   ] GC(168) Pause Mark Start 4.208ms
[298.138s][info][gc,phases   ] GC(168) Concurrent Mark 1137.157ms
[298.141s][info][gc,phases   ] GC(168) Pause Mark End 0.401ms
[298.143s][info][gc,phases   ] GC(168) Concurrent Process Non-Strong References 1.468ms
[298.143s][info][gc,phases   ] GC(168) Concurrent Reset Relocation Set 0.026ms
[298.143s][info][gc,phases   ] GC(168) Concurrent Destroy Detached Pages 0.000ms
[298.144s][info][gc,phases   ] GC(168) Concurrent Select Relocation Set 1.524ms
[298.148s][info][gc,phases   ] GC(168) Concurrent Prepare Relocation Set 3.889ms
[298.152s][info][gc,phases   ] GC(168) Pause Relocate Start 3.534ms
[298.336s][info][gc,phases   ] GC(168) Concurrent Relocate 180.645ms
[298.336s][info][gc,load     ] GC(168) Load: 1.96/1.76/1.19
[298.336s][info][gc,mmu      ] GC(168) MMU: 2ms/0.0%, 5ms/0.0%, 10ms/7.1%, 20ms/53.5%, 50ms/79.4%, 100ms/88.4%
[298.336s][info][gc,marking  ] GC(168) Mark: 1 stripe(s), 2 proactive flush(es), 1 terminate flush(es), 0 completion(s), 0 continuation(s) 
[298.336s][info][gc,reloc    ] GC(168) Relocation: Successful, 52M relocated
[298.336s][info][gc,nmethod  ] GC(168) NMethods: 6815 registered, 0 unregistered
[298.336s][info][gc,metaspace] GC(168) Metaspace: 75M used, 79M capacity, 79M committed, 80M reserved
[298.336s][info][gc,ref      ] GC(168) Soft: 4935 encountered, 0 discovered, 0 enqueued
[298.336s][info][gc,ref      ] GC(168) Weak: 5010 encountered, 3960 discovered, 2 enqueued
[298.336s][info][gc,ref      ] GC(168) Final: 28 encountered, 0 discovered, 0 enqueued
[298.336s][info][gc,ref      ] GC(168) Phantom: 662 encountered, 658 discovered, 0 enqueued
[298.336s][info][gc,heap     ] GC(168)                Mark Start          Mark End        Relocate Start      Relocate End           High               Low         
[298.336s][info][gc,heap     ] GC(168)  Capacity:     1990M (100%)       1990M (100%)       1990M (100%)       1990M (100%)       1990M (100%)       1990M (100%)   
[298.336s][info][gc,heap     ] GC(168)   Reserve:       34M (2%)           34M (2%)           34M (2%)           34M (2%)           34M (2%)           34M (2%)     
[298.336s][info][gc,heap     ] GC(168)      Free:     1214M (61%)        1070M (54%)        1076M (54%)        1494M (75%)        1494M (75%)        1070M (54%)    
[298.336s][info][gc,heap     ] GC(168)      Used:      742M (37%)         886M (45%)         880M (44%)         462M (23%)         886M (45%)         462M (23%)    
[298.336s][info][gc,heap     ] GC(168)      Live:         -               277M (14%)         277M (14%)         277M (14%)            -                  -          
[298.336s][info][gc,heap     ] GC(168) Allocated:         -               144M (7%)          144M (7%)          172M (9%)             -                  -          
[298.336s][info][gc,heap     ] GC(168)   Garbage:         -               464M (23%)         458M (23%)          40M (2%)             -                  -          
[298.336s][info][gc,heap     ] GC(168) Reclaimed:         -                  -                 6M (0%)          424M (21%)            -                  -          
[298.336s][info][gc          ] GC(168) Garbage Collection (Allocation Rate) 742M(37%)->462M(23%)
[299.093s][info][gc,start    ] GC(169) Garbage Collection (Allocation Rate)
[299.100s][info][gc,phases   ] GC(169) Pause Mark Start 4.212ms
[299.883s][info][gc,phases   ] GC(169) Concurrent Mark 782.410ms
[299.886s][info][gc,phases   ] GC(169) Pause Mark End 0.406ms
[299.888s][info][gc,phases   ] GC(169) Concurrent Process Non-Strong References 1.499ms
[299.888s][info][gc,phases   ] GC(169) Concurrent Reset Relocation Set 0.691ms
[299.888s][info][gc,phases   ] GC(169) Concurrent Destroy Detached Pages 0.000ms
[299.890s][info][gc,phases   ] GC(169) Concurrent Select Relocation Set 1.563ms
[299.898s][info][gc,phases   ] GC(169) Concurrent Prepare Relocation Set 7.454ms
[299.904s][info][gc,phases   ] GC(169) Pause Relocate Start 3.607ms
[300.031s][info][gc,phases   ] GC(169) Concurrent Relocate 126.871ms
[300.031s][info][gc,load     ] GC(169) Load: 1.96/1.76/1.19
[300.031s][info][gc,mmu      ] GC(169) MMU: 2ms/0.0%, 5ms/0.0%, 10ms/7.1%, 20ms/53.5%, 50ms/79.4%, 100ms/88.4%
[300.031s][info][gc,marking  ] GC(169) Mark: 1 stripe(s), 2 proactive flush(es), 1 terminate flush(es), 0 completion(s), 0 continuation(s) 
[300.031s][info][gc,reloc    ] GC(169) Relocation: Successful, 55M relocated
[300.031s][info][gc,nmethod  ] GC(169) NMethods: 6820 registered, 0 unregistered
[300.031s][info][gc,metaspace] GC(169) Metaspace: 75M used, 79M capacity, 79M committed, 80M reserved
[300.031s][info][gc,ref      ] GC(169) Soft: 4935 encountered, 0 discovered, 0 enqueued
[300.031s][info][gc,ref      ] GC(169) Weak: 4971 encountered, 3920 discovered, 24 enqueued
[300.031s][info][gc,ref      ] GC(169) Final: 28 encountered, 0 discovered, 0 enqueued
[300.031s][info][gc,ref      ] GC(169) Phantom: 662 encountered, 658 discovered, 0 enqueued
[300.031s][info][gc,heap     ] GC(169)                Mark Start          Mark End        Relocate Start      Relocate End           High               Low         
[300.031s][info][gc,heap     ] GC(169)  Capacity:     1990M (100%)       1990M (100%)       1990M (100%)       1990M (100%)       1990M (100%)       1990M (100%)   
[300.031s][info][gc,heap     ] GC(169)   Reserve:       34M (2%)           34M (2%)           34M (2%)           34M (2%)           34M (2%)           34M (2%)     
[300.031s][info][gc,heap     ] GC(169)      Free:     1212M (61%)        1008M (51%)        1246M (63%)        1438M (72%)        1438M (72%)        1008M (51%)    
[300.031s][info][gc,heap     ] GC(169)      Used:      744M (37%)         948M (48%)         710M (36%)         518M (26%)         948M (48%)         518M (26%)    
[300.031s][info][gc,heap     ] GC(169)      Live:         -               247M (12%)         247M (12%)         247M (12%)            -                  -          
[300.031s][info][gc,heap     ] GC(169) Allocated:         -               204M (10%)         206M (10%)         292M (15%)            -                  -          
[300.031s][info][gc,heap     ] GC(169)   Garbage:         -               496M (25%)         256M (13%)          60M (3%)             -                  -          
[300.031s][info][gc,heap     ] GC(169) Reclaimed:         -                  -               240M (12%)         436M (22%)            -                  -          
[300.031s][info][gc          ] GC(169) Garbage Collection (Allocation Rate) 744M(37%)->518M(26%)
[300.093s][info][gc,stats    ] === Garbage Collection Statistics =======================================================================================================================
[300.093s][info][gc,stats    ]                                                              Last 10s              Last 10m              Last 10h                Total
[300.093s][info][gc,stats    ]                                                              Avg / Max             Avg / Max             Avg / Max             Avg / Max
[300.093s][info][gc,stats    ]   Collector: Garbage Collection Cycle                   1192.178 / 1440.838   1029.482 / 2620.137   1029.482 / 2620.137   1029.482 / 2620.137    ms
[300.093s][info][gc,stats    ]  Contention: Mark Segment Reset Contention                     0 / 0                 0 / 0                 0 / 0                 0 / 0           ops/s
[300.093s][info][gc,stats    ]  Contention: Mark SeqNum Reset Contention                      0 / 0                 0 / 0                 0 / 0                 0 / 0           ops/s
[300.093s][info][gc,stats    ]  Contention: Relocation Contention                             0 / 0                 0 / 3                 0 / 3                 0 / 3           ops/s
[300.093s][info][gc,stats    ]    Critical: Allocation Stall                              0.000 / 0.000         0.000 / 0.000         0.000 / 0.000         0.000 / 0.000       ms
[300.093s][info][gc,stats    ]    Critical: Allocation Stall                                  0 / 0                 0 / 0                 0 / 0                 0 / 0           ops/s
[300.093s][info][gc,stats    ]    Critical: GC Locker Stall                               0.000 / 0.000         0.000 / 0.000         0.000 / 0.000         0.000 / 0.000       ms
[300.093s][info][gc,stats    ]    Critical: GC Locker Stall                                   0 / 0                 0 / 0                 0 / 0                 0 / 0           ops/s
[300.093s][info][gc,stats    ]      Memory: Allocation Rate                                 240 / 366             283 / 1282            283 / 1282            283 / 1282        MB/s
[300.093s][info][gc,stats    ]      Memory: Heap Used After Mark                            902 / 948             947 / 1920            947 / 1920            947 / 1920        MB
[300.093s][info][gc,stats    ]      Memory: Heap Used After Relocation                      494 / 548             475 / 1180            475 / 1180            475 / 1180        MB
[300.093s][info][gc,stats    ]      Memory: Heap Used Before Mark                           744 / 824             763 / 1828            763 / 1828            763 / 1828        MB
[300.093s][info][gc,stats    ]      Memory: Heap Used Before Relocation                     799 / 902             694 / 1330            694 / 1330            694 / 1330        MB
[300.093s][info][gc,stats    ]      Memory: Out Of Memory                                     0 / 0                 0 / 0                 0 / 0                 0 / 0           ops/s
[300.093s][info][gc,stats    ]      Memory: Page Cache Flush                                  2 / 18                4 / 88                4 / 88                4 / 88          MB/s
[300.093s][info][gc,stats    ]      Memory: Page Cache Hit L1                               117 / 185             130 / 642             130 / 642             130 / 642         ops/s
[300.093s][info][gc,stats    ]      Memory: Page Cache Hit L2                                 0 / 0                 0 / 0                 0 / 0                 0 / 0           ops/s
[300.093s][info][gc,stats    ]      Memory: Page Cache Miss                                   0 / 1                 3 / 223               3 / 223               3 / 223         ops/s
[300.093s][info][gc,stats    ]      Memory: Undo Object Allocation Failed                     0 / 0                 0 / 0                 0 / 0                 0 / 0           ops/s
[300.093s][info][gc,stats    ]      Memory: Undo Object Allocation Succeeded                  0 / 0                 0 / 3                 0 / 3                 0 / 3           ops/s
[300.093s][info][gc,stats    ]      Memory: Undo Page Allocation                              0 / 0                 0 / 2                 0 / 2                 0 / 2           ops/s
[300.093s][info][gc,stats    ]       Phase: Concurrent Destroy Detached Pages             0.002 / 0.005         0.001 / 0.011         0.001 / 0.011         0.001 / 0.011       ms
[300.093s][info][gc,stats    ]       Phase: Concurrent Mark                            1006.199 / 1231.469    858.270 / 1729.885    858.270 / 1729.885    858.270 / 1729.885    ms
[300.093s][info][gc,stats    ]       Phase: Concurrent Mark Continue                      0.000 / 0.000         0.000 / 0.000         0.000 / 0.000         0.000 / 0.000       ms
[300.093s][info][gc,stats    ]       Phase: Concurrent Prepare Relocation Set             7.458 / 9.387         7.360 / 64.267        7.360 / 64.267        7.360 / 64.267      ms
[300.093s][info][gc,stats    ]       Phase: Concurrent Process Non-Strong References      1.507 / 1.630         1.801 / 8.400         1.801 / 8.400         1.801 / 8.400       ms
[300.093s][info][gc,stats    ]       Phase: Concurrent Relocate                         156.216 / 180.645     142.005 / 822.347     142.005 / 822.347     142.005 / 822.347     ms
[300.093s][info][gc,stats    ]       Phase: Concurrent Reset Relocation Set               0.558 / 0.691         0.462 / 2.228         0.462 / 2.228         0.462 / 2.228       ms
[300.093s][info][gc,stats    ]       Phase: Concurrent Select Relocation Set              2.827 / 8.994         2.084 / 8.994         2.084 / 8.994         2.084 / 8.994       ms
[300.093s][info][gc,stats    ]       Phase: Pause Mark End                                0.402 / 0.407         0.399 / 1.931         0.399 / 1.931         0.399 / 1.931       ms
[300.093s][info][gc,stats    ]       Phase: Pause Mark Start                              4.214 / 4.235         3.776 / 9.293         3.776 / 9.293         3.776 / 9.293       ms
[300.093s][info][gc,stats    ]       Phase: Pause Relocate Start                          3.602 / 3.791         3.154 / 8.275         3.154 / 8.275         3.154 / 8.275       ms
[300.093s][info][gc,stats    ]    Subphase: Concurrent Mark                            1002.562 / 1226.831    855.099 / 1728.745    855.099 / 1728.745    855.099 / 1728.745    ms
[300.093s][info][gc,stats    ]    Subphase: Concurrent Mark Idle                          0.000 / 0.000         0.000 / 0.000         0.000 / 0.000         0.000 / 0.000       ms
[300.093s][info][gc,stats    ]    Subphase: Concurrent Mark Try Flush                     1.377 / 5.110         1.397 / 13.453        1.397 / 13.453        1.397 / 13.453      ms
[300.093s][info][gc,stats    ]    Subphase: Concurrent Mark Try Terminate                 0.491 / 1.010         0.468 / 3.570         0.468 / 3.570         0.468 / 3.570       ms
[300.093s][info][gc,stats    ]    Subphase: Concurrent References Enqueue                 0.003 / 0.007         0.002 / 0.007         0.002 / 0.007         0.002 / 0.007       ms
[300.093s][info][gc,stats    ]    Subphase: Concurrent References Process                 0.728 / 0.777         0.813 / 5.130         0.813 / 5.130         0.813 / 5.130       ms
[300.093s][info][gc,stats    ]    Subphase: Concurrent Weak Roots                         0.767 / 0.828         0.867 / 5.871         0.867 / 5.871         0.867 / 5.871       ms
[300.093s][info][gc,stats    ]    Subphase: Concurrent Weak Roots JNIWeakHandles          0.000 / 0.000         0.000 / 0.001         0.000 / 0.001         0.000 / 0.001       ms
[300.093s][info][gc,stats    ]    Subphase: Concurrent Weak Roots StringTable             0.571 / 0.620         0.658 / 5.676         0.658 / 5.676         0.658 / 5.676       ms
[300.093s][info][gc,stats    ]    Subphase: Concurrent Weak Roots VMWeakHandles           0.195 / 0.206         0.208 / 0.492         0.208 / 0.492         0.208 / 0.492       ms
[300.093s][info][gc,stats    ]    Subphase: Pause Mark Try Complete                       0.000 / 0.000         0.002 / 0.002         0.002 / 0.002         0.002 / 0.002       ms
[300.093s][info][gc,stats    ]    Subphase: Pause Remap TLABS                             0.003 / 0.004         0.003 / 0.012         0.003 / 0.012         0.003 / 0.012       ms
[300.093s][info][gc,stats    ]    Subphase: Pause Retire TLABS                            0.026 / 0.028         0.025 / 0.074         0.025 / 0.074         0.025 / 0.074       ms
[300.093s][info][gc,stats    ]    Subphase: Pause Roots                                   2.512 / 3.906         2.204 / 8.688         2.204 / 8.688         2.204 / 8.688       ms
[300.093s][info][gc,stats    ]    Subphase: Pause Roots ClassLoaderDataGraph              0.652 / 0.821         0.702 / 4.845         0.702 / 4.845         0.702 / 4.845       ms
[300.093s][info][gc,stats    ]    Subphase: Pause Roots CodeCache                         2.465 / 2.690         1.947 / 7.337         1.947 / 7.337         1.947 / 7.337       ms
[300.093s][info][gc,stats    ]    Subphase: Pause Roots JNIHandles                        0.001 / 0.002         0.001 / 0.006         0.001 / 0.006         0.001 / 0.006       ms
[300.093s][info][gc,stats    ]    Subphase: Pause Roots JNIWeakHandles                    0.000 / 0.000         0.000 / 0.000         0.000 / 0.000         0.000 / 0.000       ms
[300.093s][info][gc,stats    ]    Subphase: Pause Roots JRFWeak                           0.000 / 0.000         0.000 / 0.000         0.000 / 0.000         0.000 / 0.000       ms
[300.093s][info][gc,stats    ]    Subphase: Pause Roots JVMTIExport                       0.000 / 0.001         0.000 / 0.001         0.000 / 0.001         0.000 / 0.001       ms
[300.093s][info][gc,stats    ]    Subphase: Pause Roots JVMTIWeakExport                   0.001 / 0.001         0.001 / 0.001         0.001 / 0.001         0.001 / 0.001       ms
[300.093s][info][gc,stats    ]    Subphase: Pause Roots Management                        0.001 / 0.001         0.002 / 0.337         0.002 / 0.337         0.002 / 0.337       ms
[300.093s][info][gc,stats    ]    Subphase: Pause Roots ObjectSynchronizer                0.000 / 0.000         0.000 / 0.001         0.000 / 0.001         0.000 / 0.001       ms
[300.093s][info][gc,stats    ]    Subphase: Pause Roots Setup                             0.187 / 0.303         0.180 / 0.423         0.180 / 0.423         0.180 / 0.423       ms
[300.093s][info][gc,stats    ]    Subphase: Pause Roots StringTable                       0.000 / 0.000         0.000 / 0.000         0.000 / 0.000         0.000 / 0.000       ms
[300.093s][info][gc,stats    ]    Subphase: Pause Roots SystemDictionary                  0.012 / 0.012         0.012 / 0.041         0.012 / 0.041         0.012 / 0.041       ms
[300.093s][info][gc,stats    ]    Subphase: Pause Roots Teardown                          0.001 / 0.002         0.001 / 0.005         0.001 / 0.005         0.001 / 0.005       ms
[300.093s][info][gc,stats    ]    Subphase: Pause Roots Threads                           0.421 / 0.504         0.423 / 3.473         0.423 / 3.473         0.423 / 3.473       ms
[300.093s][info][gc,stats    ]    Subphase: Pause Roots Universe                          0.002 / 0.003         0.002 / 0.020         0.002 / 0.020         0.002 / 0.020       ms
[300.093s][info][gc,stats    ]    Subphase: Pause Roots VMWeakHandles                     0.000 / 0.000         0.000 / 0.000         0.000 / 0.000         0.000 / 0.000       ms
[300.093s][info][gc,stats    ]    Subphase: Pause Weak Roots                              0.001 / 0.002         0.002 / 0.005         0.002 / 0.005         0.002 / 0.005       ms
[300.093s][info][gc,stats    ]    Subphase: Pause Weak Roots JFRWeak                      0.001 / 0.001         0.001 / 0.001         0.001 / 0.001         0.001 / 0.001       ms
[300.093s][info][gc,stats    ]    Subphase: Pause Weak Roots JNIWeakHandles               0.000 / 0.000         0.000 / 0.000         0.000 / 0.000         0.000 / 0.000       ms
[300.093s][info][gc,stats    ]    Subphase: Pause Weak Roots JVMTIWeakExport              0.000 / 0.001         0.001 / 0.005         0.001 / 0.005         0.001 / 0.005       ms
[300.093s][info][gc,stats    ]    Subphase: Pause Weak Roots Setup                        0.000 / 0.000         0.000 / 0.000         0.000 / 0.000         0.000 / 0.000       ms
[300.093s][info][gc,stats    ]    Subphase: Pause Weak Roots StringTable                  0.000 / 0.000         0.000 / 0.000         0.000 / 0.000         0.000 / 0.000       ms
[300.093s][info][gc,stats    ]    Subphase: Pause Weak Roots SymbolTable                  0.000 / 0.000         0.000 / 0.000         0.000 / 0.000         0.000 / 0.000       ms
[300.093s][info][gc,stats    ]    Subphase: Pause Weak Roots Teardown                     0.001 / 0.001         0.000 / 0.001         0.000 / 0.001         0.000 / 0.001       ms
[300.093s][info][gc,stats    ]    Subphase: Pause Weak Roots VMWeakHandles                0.000 / 0.000         0.000 / 0.000         0.000 / 0.000         0.000 / 0.000       ms
[300.093s][info][gc,stats    ]      System: Java Threads                                    166 / 168             140 / 168             140 / 168             140 / 168         threads
[300.093s][info][gc,stats    ] =========================================================================================================================================================
[300.694s][info][gc,start    ] GC(170) Garbage Collection (Allocation Rate)
[300.701s][info][gc,phases   ] GC(170) Pause Mark Start 4.278ms
[301.912s][info][gc,phases   ] GC(170) Concurrent Mark 1211.538ms
[301.915s][info][gc,phases   ] GC(170) Pause Mark End 0.419ms
[301.917s][info][gc,phases   ] GC(170) Concurrent Process Non-Strong References 1.538ms
[301.917s][info][gc,phases   ] GC(170) Concurrent Reset Relocation Set 0.029ms
[301.917s][info][gc,phases   ] GC(170) Concurrent Destroy Detached Pages 0.000ms
[301.919s][info][gc,phases   ] GC(170) Concurrent Select Relocation Set 2.008ms
[301.926s][info][gc,phases   ] GC(170) Concurrent Prepare Relocation Set 6.658ms
[301.932s][info][gc,phases   ] GC(170) Pause Relocate Start 3.507ms
[302.104s][info][gc,phases   ] GC(170) Concurrent Relocate 171.708ms
[302.104s][info][gc,load     ] GC(170) Load: 1.96/1.76/1.19
[302.104s][info][gc,mmu      ] GC(170) MMU: 2ms/0.0%, 5ms/0.0%, 10ms/7.1%, 20ms/53.5%, 50ms/79.4%, 100ms/88.4%
[302.104s][info][gc,marking  ] GC(170) Mark: 1 stripe(s), 2 proactive flush(es), 1 terminate flush(es), 0 completion(s), 0 continuation(s) 
[302.104s][info][gc,reloc    ] GC(170) Relocation: Successful, 52M relocated
[302.104s][info][gc,nmethod  ] GC(170) NMethods: 6820 registered, 0 unregistered
[302.104s][info][gc,metaspace] GC(170) Metaspace: 75M used, 79M capacity, 79M committed, 80M reserved
[302.104s][info][gc,ref      ] GC(170) Soft: 4935 encountered, 0 discovered, 0 enqueued
[302.104s][info][gc,ref      ] GC(170) Weak: 4947 encountered, 3896 discovered, 0 enqueued
[302.104s][info][gc,ref      ] GC(170) Final: 28 encountered, 0 discovered, 0 enqueued
[302.104s][info][gc,ref      ] GC(170) Phantom: 662 encountered, 658 discovered, 0 enqueued
[302.104s][info][gc,heap     ] GC(170)                Mark Start          Mark End        Relocate Start      Relocate End           High               Low         
[302.104s][info][gc,heap     ] GC(170)  Capacity:     1990M (100%)       1990M (100%)       1990M (100%)       1990M (100%)       1990M (100%)       1990M (100%)   
[302.104s][info][gc,heap     ] GC(170)   Reserve:       34M (2%)           34M (2%)           34M (2%)           34M (2%)           34M (2%)           34M (2%)     
[302.104s][info][gc,heap     ] GC(170)      Free:     1162M (58%)        1068M (54%)        1084M (54%)        1528M (77%)        1528M (77%)        1068M (54%)    
[302.104s][info][gc,heap     ] GC(170)      Used:      794M (40%)         888M (45%)         872M (44%)         428M (22%)         888M (45%)         428M (22%)    
[302.104s][info][gc,heap     ] GC(170)      Live:         -               286M (14%)         286M (14%)         286M (14%)            -                  -          
[302.104s][info][gc,heap     ] GC(170) Allocated:         -                94M (5%)           94M (5%)          128M (6%)             -                  -          
[302.104s][info][gc,heap     ] GC(170)   Garbage:         -               507M (25%)         491M (25%)          47M (2%)             -                  -          
[302.104s][info][gc,heap     ] GC(170) Reclaimed:         -                  -                16M (1%)          460M (23%)            -                  -          
[302.104s][info][gc          ] GC(170) Garbage Collection (Allocation Rate) 794M(40%)->428M(22%)
[302.693s][info][gc,start    ] GC(171) Garbage Collection (Allocation Rate)
[302.700s][info][gc,phases   ] GC(171) Pause Mark Start 4.183ms
[303.507s][info][gc,phases   ] GC(171) Concurrent Mark 806.805ms
[303.510s][info][gc,phases   ] GC(171) Pause Mark End 0.546ms
[303.512s][info][gc,phases   ] GC(171) Concurrent Process Non-Strong References 1.516ms
[303.513s][info][gc,phases   ] GC(171) Concurrent Reset Relocation Set 0.703ms
[303.513s][info][gc,phases   ] GC(171) Concurrent Destroy Detached Pages 0.000ms
[303.514s][info][gc,phases   ] GC(171) Concurrent Select Relocation Set 1.574ms
[303.522s][info][gc,phases   ] GC(171) Concurrent Prepare Relocation Set 7.639ms
[303.528s][info][gc,phases   ] GC(171) Pause Relocate Start 3.593ms
[303.658s][info][gc,phases   ] GC(171) Concurrent Relocate 130.206ms
[303.659s][info][gc,load     ] GC(171) Load: 1.89/1.75/1.19
[303.659s][info][gc,mmu      ] GC(171) MMU: 2ms/0.0%, 5ms/0.0%, 10ms/7.1%, 20ms/53.5%, 50ms/79.4%, 100ms/88.4%
[303.659s][info][gc,marking  ] GC(171) Mark: 1 stripe(s), 2 proactive flush(es), 1 terminate flush(es), 0 completion(s), 0 continuation(s) 
[303.659s][info][gc,reloc    ] GC(171) Relocation: Successful, 57M relocated
[303.659s][info][gc,nmethod  ] GC(171) NMethods: 6824 registered, 0 unregistered
[303.659s][info][gc,metaspace] GC(171) Metaspace: 75M used, 79M capacity, 79M committed, 80M reserved
[303.659s][info][gc,ref      ] GC(171) Soft: 4935 encountered, 0 discovered, 0 enqueued
[303.659s][info][gc,ref      ] GC(171) Weak: 5157 encountered, 4128 discovered, 104 enqueued
[303.659s][info][gc,ref      ] GC(171) Final: 28 encountered, 0 discovered, 0 enqueued
[303.659s][info][gc,ref      ] GC(171) Phantom: 662 encountered, 658 discovered, 0 enqueued
[303.659s][info][gc,heap     ] GC(171)                Mark Start          Mark End        Relocate Start      Relocate End           High               Low         
[303.659s][info][gc,heap     ] GC(171)  Capacity:     1990M (100%)       1990M (100%)       1990M (100%)       1990M (100%)       1990M (100%)       1990M (100%)   
[303.659s][info][gc,heap     ] GC(171)   Reserve:       34M (2%)           34M (2%)           34M (2%)           34M (2%)           34M (2%)           34M (2%)     
[303.659s][info][gc,heap     ] GC(171)      Free:     1244M (63%)        1034M (52%)        1226M (62%)        1428M (72%)        1430M (72%)        1034M (52%)    
[303.659s][info][gc,heap     ] GC(171)      Used:      712M (36%)         922M (46%)         730M (37%)         528M (27%)         922M (46%)         526M (26%)    
[303.659s][info][gc,heap     ] GC(171)      Live:         -               248M (12%)         248M (12%)         248M (12%)            -                  -          
[303.659s][info][gc,heap     ] GC(171) Allocated:         -               210M (11%)         212M (11%)         300M (15%)            -                  -          
[303.659s][info][gc,heap     ] GC(171)   Garbage:         -               463M (23%)         269M (14%)          55M (3%)             -                  -          
[303.659s][info][gc,heap     ] GC(171) Reclaimed:         -                  -               194M (10%)         408M (21%)            -                  -          
[303.659s][info][gc          ] GC(171) Garbage Collection (Allocation Rate) 712M(36%)->528M(27%)
[304.193s][info][gc,start    ] GC(172) Garbage Collection (Allocation Rate)
[304.200s][info][gc,phases   ] GC(172) Pause Mark Start 4.160ms
[305.380s][info][gc,phases   ] GC(172) Concurrent Mark 1180.262ms
[305.383s][info][gc,phases   ] GC(172) Pause Mark End 0.392ms
[305.385s][info][gc,phases   ] GC(172) Concurrent Process Non-Strong References 1.448ms
[305.385s][info][gc,phases   ] GC(172) Concurrent Reset Relocation Set 0.602ms
[305.385s][info][gc,phases   ] GC(172) Concurrent Destroy Detached Pages 0.000ms
[305.387s][info][gc,phases   ] GC(172) Concurrent Select Relocation Set 1.557ms
[305.398s][info][gc,phases   ] GC(172) Concurrent Prepare Relocation Set 11.261ms
[305.406s][info][gc,phases   ] GC(172) Pause Relocate Start 3.937ms
[305.568s][info][gc,phases   ] GC(172) Concurrent Relocate 162.282ms
[305.568s][info][gc,load     ] GC(172) Load: 1.89/1.75/1.19
[305.568s][info][gc,mmu      ] GC(172) MMU: 2ms/0.0%, 5ms/0.0%, 10ms/7.1%, 20ms/53.5%, 50ms/79.4%, 100ms/88.4%
[305.568s][info][gc,marking  ] GC(172) Mark: 1 stripe(s), 2 proactive flush(es), 1 terminate flush(es), 0 completion(s), 0 continuation(s) 
[305.568s][info][gc,reloc    ] GC(172) Relocation: Successful, 52M relocated
[305.568s][info][gc,nmethod  ] GC(172) NMethods: 6826 registered, 0 unregistered
[305.568s][info][gc,metaspace] GC(172) Metaspace: 75M used, 79M capacity, 79M committed, 80M reserved
[305.568s][info][gc,ref      ] GC(172) Soft: 4935 encountered, 0 discovered, 0 enqueued
[305.568s][info][gc,ref      ] GC(172) Weak: 5045 encountered, 3995 discovered, 0 enqueued
[305.568s][info][gc,ref      ] GC(172) Final: 28 encountered, 0 discovered, 0 enqueued
[305.568s][info][gc,ref      ] GC(172) Phantom: 662 encountered, 658 discovered, 0 enqueued
[305.568s][info][gc,heap     ] GC(172)                Mark Start          Mark End        Relocate Start      Relocate End           High               Low         
[305.568s][info][gc,heap     ] GC(172)  Capacity:     1990M (100%)       1990M (100%)       1990M (100%)       1990M (100%)       1990M (100%)       1990M (100%)   
[305.568s][info][gc,heap     ] GC(172)   Reserve:       34M (2%)           34M (2%)           34M (2%)           34M (2%)           34M (2%)           34M (2%)     
[305.568s][info][gc,heap     ] GC(172)      Free:     1194M (60%)        1082M (54%)        1096M (55%)        1508M (76%)        1508M (76%)        1082M (54%)    
[305.568s][info][gc,heap     ] GC(172)      Used:      762M (38%)         874M (44%)         860M (43%)         448M (23%)         874M (44%)         448M (23%)    
[305.568s][info][gc,heap     ] GC(172)      Live:         -               286M (14%)         286M (14%)         286M (14%)            -                  -          
[305.568s][info][gc,heap     ] GC(172) Allocated:         -               112M (6%)          114M (6%)          146M (7%)             -                  -          
[305.568s][info][gc,heap     ] GC(172)   Garbage:         -               475M (24%)         459M (23%)          47M (2%)             -                  -          
[305.568s][info][gc,heap     ] GC(172) Reclaimed:         -                  -                16M (1%)          428M (22%)            -                  -          
[305.568s][info][gc          ] GC(172) Garbage Collection (Allocation Rate) 762M(38%)->448M(23%)
[306.394s][info][gc,start    ] GC(173) Garbage Collection (Allocation Rate)
[306.404s][info][gc,phases   ] GC(173) Pause Mark Start 6.694ms
[307.111s][info][gc,phases   ] GC(173) Concurrent Mark 702.594ms
[307.114s][info][gc,phases   ] GC(173) Pause Mark End 0.377ms
[307.115s][info][gc,phases   ] GC(173) Concurrent Process Non-Strong References 1.463ms
[307.116s][info][gc,phases   ] GC(173) Concurrent Reset Relocation Set 0.684ms
[307.116s][info][gc,phases   ] GC(173) Concurrent Destroy Detached Pages 0.000ms
[307.118s][info][gc,phases   ] GC(173) Concurrent Select Relocation Set 1.602ms
[307.119s][info][gc,phases   ] GC(173) Concurrent Prepare Relocation Set 1.113ms
[307.126s][info][gc,phases   ] GC(173) Pause Relocate Start 3.608ms
[307.184s][info][gc,phases   ] GC(173) Concurrent Relocate 56.010ms
[307.184s][info][gc,load     ] GC(173) Load: 1.89/1.75/1.19
[307.184s][info][gc,mmu      ] GC(173) MMU: 2ms/0.0%, 5ms/0.0%, 10ms/7.1%, 20ms/53.5%, 50ms/79.4%, 100ms/88.4%
[307.184s][info][gc,marking  ] GC(173) Mark: 1 stripe(s), 2 proactive flush(es), 1 terminate flush(es), 0 completion(s), 0 continuation(s) 
[307.184s][info][gc,reloc    ] GC(173) Relocation: Successful, 18M relocated
[307.184s][info][gc,nmethod  ] GC(173) NMethods: 6890 registered, 0 unregistered
[307.184s][info][gc,metaspace] GC(173) Metaspace: 75M used, 79M capacity, 79M committed, 80M reserved
[307.184s][info][gc,ref      ] GC(173) Soft: 4934 encountered, 0 discovered, 0 enqueued
[307.184s][info][gc,ref      ] GC(173) Weak: 5150 encountered, 4150 discovered, 8 enqueued
[307.184s][info][gc,ref      ] GC(173) Final: 28 encountered, 0 discovered, 0 enqueued
[307.184s][info][gc,ref      ] GC(173) Phantom: 663 encountered, 468 discovered, 0 enqueued
[307.184s][info][gc,heap     ] GC(173)                Mark Start          Mark End        Relocate Start      Relocate End           High               Low         
[307.185s][info][gc,heap     ] GC(173)  Capacity:     1990M (100%)       1990M (100%)       1990M (100%)       1990M (100%)       1990M (100%)       1990M (100%)   
[307.185s][info][gc,heap     ] GC(173)   Reserve:       34M (2%)           34M (2%)           34M (2%)           34M (2%)           34M (2%)           34M (2%)     
[307.185s][info][gc,heap     ] GC(173)      Free:     1250M (63%)        1082M (54%)        1488M (75%)        1534M (77%)        1538M (77%)        1080M (54%)    
[307.185s][info][gc,heap     ] GC(173)      Used:      706M (35%)         874M (44%)         468M (24%)         422M (21%)         876M (44%)         418M (21%)    
[307.185s][info][gc,heap     ] GC(173)      Live:         -               206M (10%)         206M (10%)         206M (10%)            -                  -          
[307.185s][info][gc,heap     ] GC(173) Allocated:         -               168M (8%)          170M (9%)          192M (10%)            -                  -          
[307.185s][info][gc,heap     ] GC(173)   Garbage:         -               499M (25%)          91M (5%)           33M (2%)             -                  -          
[307.185s][info][gc,heap     ] GC(173) Reclaimed:         -                  -               408M (21%)         466M (23%)            -                  -          
[307.185s][info][gc          ] GC(173) Garbage Collection (Allocation Rate) 706M(35%)->422M(21%)
[307.993s][info][gc,start    ] GC(174) Garbage Collection (Allocation Rate)
[308.000s][info][gc,phases   ] GC(174) Pause Mark Start 4.242ms
[308.714s][info][gc,phases   ] GC(174) Concurrent Mark 714.080ms
[308.717s][info][gc,phases   ] GC(174) Pause Mark End 0.404ms
[308.719s][info][gc,phases   ] GC(174) Concurrent Process Non-Strong References 1.621ms
[308.720s][info][gc,phases   ] GC(174) Concurrent Reset Relocation Set 0.012ms
[308.720s][info][gc,phases   ] GC(174) Concurrent Destroy Detached Pages 0.000ms
[308.722s][info][gc,phases   ] GC(174) Concurrent Select Relocation Set 1.997ms
[308.723s][info][gc,phases   ] GC(174) Concurrent Prepare Relocation Set 1.110ms
[308.728s][info][gc,phases   ] GC(174) Pause Relocate Start 3.860ms
[308.802s][info][gc,phases   ] GC(174) Concurrent Relocate 69.492ms
[308.802s][info][gc,load     ] GC(174) Load: 1.82/1.74/1.19
[308.802s][info][gc,mmu      ] GC(174) MMU: 2ms/0.0%, 5ms/0.0%, 10ms/7.1%, 20ms/53.5%, 50ms/79.4%, 100ms/88.4%
[308.802s][info][gc,marking  ] GC(174) Mark: 1 stripe(s), 2 proactive flush(es), 1 terminate flush(es), 0 completion(s), 0 continuation(s) 
[308.802s][info][gc,reloc    ] GC(174) Relocation: Successful, 20M relocated
[308.802s][info][gc,nmethod  ] GC(174) NMethods: 6908 registered, 0 unregistered
[308.802s][info][gc,metaspace] GC(174) Metaspace: 75M used, 79M capacity, 79M committed, 80M reserved
[308.802s][info][gc,ref      ] GC(174) Soft: 4934 encountered, 0 discovered, 0 enqueued
[308.802s][info][gc,ref      ] GC(174) Weak: 5303 encountered, 4292 discovered, 212 enqueued
[308.802s][info][gc,ref      ] GC(174) Final: 28 encountered, 0 discovered, 0 enqueued
[308.802s][info][gc,ref      ] GC(174) Phantom: 663 encountered, 659 discovered, 0 enqueued
[308.802s][info][gc,heap     ] GC(174)                Mark Start          Mark End        Relocate Start      Relocate End           High               Low         
[308.802s][info][gc,heap     ] GC(174)  Capacity:     1990M (100%)       1990M (100%)       1990M (100%)       1990M (100%)       1990M (100%)       1990M (100%)   
[308.802s][info][gc,heap     ] GC(174)   Reserve:       34M (2%)           34M (2%)           34M (2%)           34M (2%)           34M (2%)           34M (2%)     
[308.802s][info][gc,heap     ] GC(174)      Free:     1208M (61%)        1034M (52%)        1462M (73%)        1528M (77%)        1528M (77%)        1034M (52%)    
[308.802s][info][gc,heap     ] GC(174)      Used:      748M (38%)         922M (46%)         494M (25%)         428M (22%)         922M (46%)         428M (22%)    
[308.802s][info][gc,heap     ] GC(174)      Live:         -               211M (11%)         211M (11%)         211M (11%)            -                  -          
[308.802s][info][gc,heap     ] GC(174) Allocated:         -               174M (9%)          174M (9%)          194M (10%)            -                  -          
[308.802s][info][gc,heap     ] GC(174)   Garbage:         -               536M (27%)         108M (5%)           32M (2%)             -                  -          
[308.802s][info][gc,heap     ] GC(174) Reclaimed:         -                  -               428M (22%)         504M (25%)            -                  -          
[308.802s][info][gc          ] GC(174) Garbage Collection (Allocation Rate) 748M(38%)->428M(22%)
[309.795s][info][gc,start    ] GC(175) Garbage Collection (Allocation Rate)
[309.803s][info][gc,phases   ] GC(175) Pause Mark Start 4.882ms
[310.093s][info][gc,stats    ] === Garbage Collection Statistics =======================================================================================================================
[310.093s][info][gc,stats    ]                                                              Last 10s              Last 10m              Last 10h                Total
[310.093s][info][gc,stats    ]                                                              Avg / Max             Avg / Max             Avg / Max             Avg / Max
[310.093s][info][gc,stats    ]   Collector: Garbage Collection Cycle                   1070.313 / 1410.509   1030.648 / 2620.137   1030.648 / 2620.137   1030.648 / 2620.137    ms
[310.093s][info][gc,stats    ]  Contention: Mark Segment Reset Contention                     0 / 0                 0 / 0                 0 / 0                 0 / 0           ops/s
[310.093s][info][gc,stats    ]  Contention: Mark SeqNum Reset Contention                      0 / 0                 0 / 0                 0 / 0                 0 / 0           ops/s
[310.093s][info][gc,stats    ]  Contention: Relocation Contention                             0 / 0                 0 / 3                 0 / 3                 0 / 3           ops/s
[310.093s][info][gc,stats    ]    Critical: Allocation Stall                              0.000 / 0.000         0.000 / 0.000         0.000 / 0.000         0.000 / 0.000       ms
[310.093s][info][gc,stats    ]    Critical: Allocation Stall                                  0 / 0                 0 / 0                 0 / 0                 0 / 0           ops/s
[310.093s][info][gc,stats    ]    Critical: GC Locker Stall                               0.000 / 0.000         0.000 / 0.000         0.000 / 0.000         0.000 / 0.000       ms
[310.093s][info][gc,stats    ]    Critical: GC Locker Stall                                   0 / 0                 0 / 0                 0 / 0                 0 / 0           ops/s
[310.093s][info][gc,stats    ]      Memory: Allocation Rate                                 274 / 444             283 / 1282            283 / 1282            283 / 1282        MB/s
[310.093s][info][gc,stats    ]      Memory: Heap Used After Mark                            896 / 922             946 / 1920            946 / 1920            946 / 1920        MB
[310.093s][info][gc,stats    ]      Memory: Heap Used After Relocation                      450 / 528             474 / 1180            474 / 1180            474 / 1180        MB
[310.093s][info][gc,stats    ]      Memory: Heap Used Before Mark                           762 / 854             763 / 1828            763 / 1828            763 / 1828        MB
[310.093s][info][gc,stats    ]      Memory: Heap Used Before Relocation                     684 / 872             693 / 1330            693 / 1330            693 / 1330        MB
[310.093s][info][gc,stats    ]      Memory: Out Of Memory                                     0 / 0                 0 / 0                 0 / 0                 0 / 0           ops/s
[310.093s][info][gc,stats    ]      Memory: Page Cache Flush                                  0 / 0                 4 / 88                4 / 88                4 / 88          MB/s
[310.093s][info][gc,stats    ]      Memory: Page Cache Hit L1                               125 / 197             129 / 642             129 / 642             129 / 642         ops/s
[310.093s][info][gc,stats    ]      Memory: Page Cache Hit L2                                 0 / 0                 0 / 0                 0 / 0                 0 / 0           ops/s
[310.093s][info][gc,stats    ]      Memory: Page Cache Miss                                   0 / 0                 3 / 223               3 / 223               3 / 223         ops/s
[310.093s][info][gc,stats    ]      Memory: Undo Object Allocation Failed                     0 / 0                 0 / 0                 0 / 0                 0 / 0           ops/s
[310.093s][info][gc,stats    ]      Memory: Undo Object Allocation Succeeded                  0 / 0                 0 / 3                 0 / 3                 0 / 3           ops/s
[310.093s][info][gc,stats    ]      Memory: Undo Page Allocation                              0 / 0                 0 / 2                 0 / 2                 0 / 2           ops/s
[310.093s][info][gc,stats    ]       Phase: Concurrent Destroy Detached Pages             0.000 / 0.000         0.001 / 0.011         0.001 / 0.011         0.001 / 0.011       ms
[310.093s][info][gc,stats    ]       Phase: Concurrent Mark                             923.056 / 1211.538    860.121 / 1729.885    860.121 / 1729.885    860.121 / 1729.885    ms
[310.093s][info][gc,stats    ]       Phase: Concurrent Mark Continue                      0.000 / 0.000         0.000 / 0.000         0.000 / 0.000         0.000 / 0.000       ms
[310.093s][info][gc,stats    ]       Phase: Concurrent Prepare Relocation Set             5.556 / 11.261        7.308 / 64.267        7.308 / 64.267        7.308 / 64.267      ms
[310.093s][info][gc,stats    ]       Phase: Concurrent Process Non-Strong References      1.517 / 1.621         1.793 / 8.400         1.793 / 8.400         1.793 / 8.400       ms
[310.093s][info][gc,stats    ]       Phase: Concurrent Relocate                         117.940 / 171.708     141.317 / 822.347     141.317 / 822.347     141.317 / 822.347     ms
[310.093s][info][gc,stats    ]       Phase: Concurrent Reset Relocation Set               0.406 / 0.703         0.460 / 2.228         0.460 / 2.228         0.460 / 2.228       ms
[310.093s][info][gc,stats    ]       Phase: Concurrent Select Relocation Set              1.747 / 2.008         2.074 / 8.994         2.074 / 8.994         2.074 / 8.994       ms
[310.093s][info][gc,stats    ]       Phase: Pause Mark End                                0.427 / 0.546         0.400 / 1.931         0.400 / 1.931         0.400 / 1.931       ms
[310.093s][info][gc,stats    ]       Phase: Pause Mark Start                              4.740 / 6.694         3.809 / 9.293         3.809 / 9.293         3.809 / 9.293       ms
[310.093s][info][gc,stats    ]       Phase: Pause Relocate Start                          3.701 / 3.937         3.169 / 8.275         3.169 / 8.275         3.169 / 8.275       ms
[310.093s][info][gc,stats    ]    Subphase: Concurrent Mark                             919.525 / 1207.938    856.940 / 1728.745    856.940 / 1728.745    856.940 / 1728.745    ms
[310.093s][info][gc,stats    ]    Subphase: Concurrent Mark Idle                          0.000 / 0.000         0.000 / 0.000         0.000 / 0.000         0.000 / 0.000       ms
[310.093s][info][gc,stats    ]    Subphase: Concurrent Mark Try Flush                     1.307 / 4.452         1.395 / 13.453        1.395 / 13.453        1.395 / 13.453      ms
[310.093s][info][gc,stats    ]    Subphase: Concurrent Mark Try Terminate                 0.495 / 1.003         0.468 / 3.570         0.468 / 3.570         0.468 / 3.570       ms
[310.093s][info][gc,stats    ]    Subphase: Concurrent References Enqueue                 0.002 / 0.005         0.002 / 0.007         0.002 / 0.007         0.002 / 0.007       ms
[310.093s][info][gc,stats    ]    Subphase: Concurrent References Process                 0.718 / 0.757         0.810 / 5.130         0.810 / 5.130         0.810 / 5.130       ms
[310.093s][info][gc,stats    ]    Subphase: Concurrent Weak Roots                         0.787 / 0.844         0.865 / 5.871         0.865 / 5.871         0.865 / 5.871       ms
[310.093s][info][gc,stats    ]    Subphase: Concurrent Weak Roots JNIWeakHandles          0.000 / 0.000         0.000 / 0.001         0.000 / 0.001         0.000 / 0.001       ms
[310.093s][info][gc,stats    ]    Subphase: Concurrent Weak Roots StringTable             0.594 / 0.646         0.656 / 5.676         0.656 / 5.676         0.656 / 5.676       ms
[310.093s][info][gc,stats    ]    Subphase: Concurrent Weak Roots VMWeakHandles           0.192 / 0.202         0.207 / 0.492         0.207 / 0.492         0.207 / 0.492       ms
[310.093s][info][gc,stats    ]    Subphase: Pause Mark Try Complete                       0.000 / 0.000         0.002 / 0.002         0.002 / 0.002         0.002 / 0.002       ms
[310.093s][info][gc,stats    ]    Subphase: Pause Remap TLABS                             0.002 / 0.003         0.003 / 0.012         0.003 / 0.012         0.003 / 0.012       ms
[310.093s][info][gc,stats    ]    Subphase: Pause Retire TLABS                            0.027 / 0.031         0.025 / 0.074         0.025 / 0.074         0.025 / 0.074       ms
[310.093s][info][gc,stats    ]    Subphase: Pause Roots                                   2.827 / 6.358         2.223 / 8.688         2.223 / 8.688         2.223 / 8.688       ms
[310.093s][info][gc,stats    ]    Subphase: Pause Roots ClassLoaderDataGraph              0.877 / 3.025         0.707 / 4.845         0.707 / 4.845         0.707 / 4.845       ms
[310.093s][info][gc,stats    ]    Subphase: Pause Roots CodeCache                         2.565 / 3.346         1.966 / 7.337         1.966 / 7.337         1.966 / 7.337       ms
[310.093s][info][gc,stats    ]    Subphase: Pause Roots JNIHandles                        0.001 / 0.002         0.001 / 0.006         0.001 / 0.006         0.001 / 0.006       ms
[310.093s][info][gc,stats    ]    Subphase: Pause Roots JNIWeakHandles                    0.000 / 0.000         0.000 / 0.000         0.000 / 0.000         0.000 / 0.000       ms
[310.093s][info][gc,stats    ]    Subphase: Pause Roots JRFWeak                           0.000 / 0.000         0.000 / 0.000         0.000 / 0.000         0.000 / 0.000       ms
[310.093s][info][gc,stats    ]    Subphase: Pause Roots JVMTIExport                       0.000 / 0.001         0.000 / 0.001         0.000 / 0.001         0.000 / 0.001       ms
[310.093s][info][gc,stats    ]    Subphase: Pause Roots JVMTIWeakExport                   0.001 / 0.001         0.001 / 0.001         0.001 / 0.001         0.001 / 0.001       ms
[310.093s][info][gc,stats    ]    Subphase: Pause Roots Management                        0.001 / 0.001         0.002 / 0.337         0.002 / 0.337         0.002 / 0.337       ms
[310.093s][info][gc,stats    ]    Subphase: Pause Roots ObjectSynchronizer                0.000 / 0.001         0.000 / 0.001         0.000 / 0.001         0.000 / 0.001       ms
[310.093s][info][gc,stats    ]    Subphase: Pause Roots Setup                             0.193 / 0.375         0.180 / 0.423         0.180 / 0.423         0.180 / 0.423       ms
[310.093s][info][gc,stats    ]    Subphase: Pause Roots StringTable                       0.000 / 0.000         0.000 / 0.000         0.000 / 0.000         0.000 / 0.000       ms
[310.093s][info][gc,stats    ]    Subphase: Pause Roots SystemDictionary                  0.012 / 0.014         0.012 / 0.041         0.012 / 0.041         0.012 / 0.041       ms
[310.093s][info][gc,stats    ]    Subphase: Pause Roots Teardown                          0.001 / 0.002         0.001 / 0.005         0.001 / 0.005         0.001 / 0.005       ms
[310.093s][info][gc,stats    ]    Subphase: Pause Roots Threads                           0.446 / 0.631         0.424 / 3.473         0.424 / 3.473         0.424 / 3.473       ms
[310.093s][info][gc,stats    ]    Subphase: Pause Roots Universe                          0.002 / 0.003         0.002 / 0.020         0.002 / 0.020         0.002 / 0.020       ms
[310.093s][info][gc,stats    ]    Subphase: Pause Roots VMWeakHandles                     0.000 / 0.000         0.000 / 0.000         0.000 / 0.000         0.000 / 0.000       ms
[310.093s][info][gc,stats    ]    Subphase: Pause Weak Roots                              0.002 / 0.002         0.002 / 0.005         0.002 / 0.005         0.002 / 0.005       ms
[310.093s][info][gc,stats    ]    Subphase: Pause Weak Roots JFRWeak                      0.001 / 0.001         0.001 / 0.001         0.001 / 0.001         0.001 / 0.001       ms
[310.093s][info][gc,stats    ]    Subphase: Pause Weak Roots JNIWeakHandles               0.000 / 0.000         0.000 / 0.000         0.000 / 0.000         0.000 / 0.000       ms
[310.093s][info][gc,stats    ]    Subphase: Pause Weak Roots JVMTIWeakExport              0.000 / 0.001         0.001 / 0.005         0.001 / 0.005         0.001 / 0.005       ms
[310.093s][info][gc,stats    ]    Subphase: Pause Weak Roots Setup                        0.000 / 0.000         0.000 / 0.000         0.000 / 0.000         0.000 / 0.000       ms
[310.093s][info][gc,stats    ]    Subphase: Pause Weak Roots StringTable                  0.000 / 0.000         0.000 / 0.000         0.000 / 0.000         0.000 / 0.000       ms
[310.093s][info][gc,stats    ]    Subphase: Pause Weak Roots SymbolTable                  0.000 / 0.000         0.000 / 0.000         0.000 / 0.000         0.000 / 0.000       ms
[310.093s][info][gc,stats    ]    Subphase: Pause Weak Roots Teardown                     0.000 / 0.001         0.000 / 0.001         0.000 / 0.001         0.000 / 0.001       ms
[310.093s][info][gc,stats    ]    Subphase: Pause Weak Roots VMWeakHandles                0.000 / 0.000         0.000 / 0.000         0.000 / 0.000         0.000 / 0.000       ms
[310.093s][info][gc,stats    ]      System: Java Threads                                    158 / 168             141 / 168             141 / 168             141 / 168         threads
[310.093s][info][gc,stats    ] =========================================================================================================================================================
[310.507s][info][gc,phases   ] GC(175) Concurrent Mark 704.045ms
[310.510s][info][gc,phases   ] GC(175) Pause Mark End 0.370ms
[310.512s][info][gc,phases   ] GC(175) Concurrent Process Non-Strong References 1.481ms
[310.512s][info][gc,phases   ] GC(175) Concurrent Reset Relocation Set 0.012ms
[310.512s][info][gc,phases   ] GC(175) Concurrent Destroy Detached Pages 0.000ms
[310.514s][info][gc,phases   ] GC(175) Concurrent Select Relocation Set 1.575ms
[310.515s][info][gc,phases   ] GC(175) Concurrent Prepare Relocation Set 1.578ms
[310.524s][info][gc,phases   ] GC(175) Pause Relocate Start 6.622ms
[310.626s][info][gc,phases   ] GC(175) Concurrent Relocate 100.829ms
[310.626s][info][gc,load     ] GC(175) Load: 1.82/1.74/1.19
[310.626s][info][gc,mmu      ] GC(175) MMU: 2ms/0.0%, 5ms/0.0%, 10ms/7.1%, 20ms/53.5%, 50ms/79.4%, 100ms/88.4%
[310.626s][info][gc,marking  ] GC(175) Mark: 1 stripe(s), 2 proactive flush(es), 1 terminate flush(es), 0 completion(s), 0 continuation(s) 
[310.626s][info][gc,reloc    ] GC(175) Relocation: Successful, 26M relocated
[310.626s][info][gc,nmethod  ] GC(175) NMethods: 6913 registered, 0 unregistered
[310.626s][info][gc,metaspace] GC(175) Metaspace: 75M used, 79M capacity, 79M committed, 80M reserved
[310.626s][info][gc,ref      ] GC(175) Soft: 4934 encountered, 0 discovered, 0 enqueued
[310.626s][info][gc,ref      ] GC(175) Weak: 5152 encountered, 4202 discovered, 155 enqueued
[310.626s][info][gc,ref      ] GC(175) Final: 28 encountered, 0 discovered, 0 enqueued
[310.626s][info][gc,ref      ] GC(175) Phantom: 663 encountered, 659 discovered, 0 enqueued
[310.626s][info][gc,heap     ] GC(175)                Mark Start          Mark End        Relocate Start      Relocate End           High               Low         
[310.626s][info][gc,heap     ] GC(175)  Capacity:     1990M (100%)       1990M (100%)       1990M (100%)       1990M (100%)       1990M (100%)       1990M (100%)   
[310.626s][info][gc,heap     ] GC(175)   Reserve:       34M (2%)           34M (2%)           34M (2%)           34M (2%)           34M (2%)           34M (2%)     
[310.626s][info][gc,heap     ] GC(175)      Free:     1102M (55%)         952M (48%)        1400M (70%)        1588M (80%)        1588M (80%)         950M (48%)    
[310.626s][info][gc,heap     ] GC(175)      Used:      854M (43%)        1004M (50%)         556M (28%)         368M (18%)        1006M (51%)         368M (18%)    
[310.626s][info][gc,heap     ] GC(175)      Live:         -               207M (10%)         207M (10%)         207M (10%)            -                  -          
[310.626s][info][gc,heap     ] GC(175) Allocated:         -               150M (8%)          152M (8%)          174M (9%)             -                  -          
[310.626s][info][gc,heap     ] GC(175)   Garbage:         -               646M (32%)         196M (10%)           6M (0%)             -                  -          
[310.626s][info][gc,heap     ] GC(175) Reclaimed:         -                  -               450M (23%)         640M (32%)            -                  -          
[310.626s][info][gc          ] GC(175) Garbage Collection (Allocation Rate) 854M(43%)->368M(18%)
[310.960s][info][gc,heap     ] Page Cache Flushed: 8M requested, 12M(1454M->1442M) flushed
[311.292s][info][gc,start    ] GC(176) Garbage Collection (Allocation Rate)
[311.299s][info][gc,phases   ] GC(176) Pause Mark Start 4.262ms
[312.271s][info][gc,phases   ] GC(176) Concurrent Mark 971.088ms
[312.274s][info][gc,phases   ] GC(176) Pause Mark End 0.361ms
[312.275s][info][gc,phases   ] GC(176) Concurrent Process Non-Strong References 1.480ms
[312.275s][info][gc,phases   ] GC(176) Concurrent Reset Relocation Set 0.021ms
[312.275s][info][gc,phases   ] GC(176) Concurrent Destroy Detached Pages 0.002ms
[312.277s][info][gc,phases   ] GC(176) Concurrent Select Relocation Set 1.604ms
[312.283s][info][gc,phases   ] GC(176) Concurrent Prepare Relocation Set 6.150ms
[312.287s][info][gc,phases   ] GC(176) Pause Relocate Start 3.611ms
[312.661s][info][gc,phases   ] GC(176) Concurrent Relocate 368.349ms
[312.663s][info][gc,load     ] GC(176) Load: 1.83/1.74/1.19
[312.663s][info][gc,mmu      ] GC(176) MMU: 2ms/0.0%, 5ms/0.0%, 10ms/7.1%, 20ms/53.5%, 50ms/79.4%, 100ms/88.4%
[312.663s][info][gc,marking  ] GC(176) Mark: 1 stripe(s), 2 proactive flush(es), 1 terminate flush(es), 0 completion(s), 0 continuation(s) 
[312.663s][info][gc,reloc    ] GC(176) Relocation: Successful, 49M relocated
[312.663s][info][gc,nmethod  ] GC(176) NMethods: 6922 registered, 0 unregistered
[312.663s][info][gc,metaspace] GC(176) Metaspace: 75M used, 79M capacity, 79M committed, 80M reserved
[312.663s][info][gc,ref      ] GC(176) Soft: 4934 encountered, 0 discovered, 0 enqueued
[312.663s][info][gc,ref      ] GC(176) Weak: 4974 encountered, 3924 discovered, 10 enqueued
[312.663s][info][gc,ref      ] GC(176) Final: 28 encountered, 0 discovered, 0 enqueued
[312.663s][info][gc,ref      ] GC(176) Phantom: 663 encountered, 659 discovered, 0 enqueued
[312.663s][info][gc,heap     ] GC(176)                Mark Start          Mark End        Relocate Start      Relocate End           High               Low         
[312.663s][info][gc,heap     ] GC(176)  Capacity:     1990M (100%)       1990M (100%)       1990M (100%)       1990M (100%)       1990M (100%)       1990M (100%)   
[312.663s][info][gc,heap     ] GC(176)   Reserve:       34M (2%)           34M (2%)           34M (2%)           34M (2%)           34M (2%)           34M (2%)     
[312.663s][info][gc,heap     ] GC(176)      Free:     1136M (57%)        1030M (52%)        1274M (64%)        1554M (78%)        1554M (78%)        1030M (52%)    
[312.663s][info][gc,heap     ] GC(176)      Used:      820M (41%)         926M (47%)         682M (34%)         402M (20%)         926M (47%)         402M (20%)    
[312.663s][info][gc,heap     ] GC(176)      Live:         -               237M (12%)         237M (12%)         237M (12%)            -                  -          
[312.663s][info][gc,heap     ] GC(176) Allocated:         -               106M (5%)          106M (5%)          204M (10%)            -                  -          
[312.663s][info][gc,heap     ] GC(176)   Garbage:         -               582M (29%)         338M (17%)          42M (2%)             -                  -          
[312.663s][info][gc,heap     ] GC(176) Reclaimed:         -                  -               244M (12%)         540M (27%)            -                  -          
[312.663s][info][gc          ] GC(176) Garbage Collection (Allocation Rate) 820M(41%)->402M(20%)
[312.978s][info][gc,heap     ] Page Cache Flushed: 2M requested, 12M(1370M->1358M) flushed
[313.094s][info][gc,start    ] GC(177) Garbage Collection (Allocation Rate)
[313.106s][info][gc,phases   ] GC(177) Pause Mark Start 9.250ms
[314.143s][info][gc,phases   ] GC(177) Concurrent Mark 1037.061ms
[314.146s][info][gc,phases   ] GC(177) Pause Mark End 0.345ms
[314.147s][info][gc,phases   ] GC(177) Concurrent Process Non-Strong References 1.445ms
[314.148s][info][gc,phases   ] GC(177) Concurrent Reset Relocation Set 0.916ms
[314.148s][info][gc,phases   ] GC(177) Concurrent Destroy Detached Pages 0.003ms
[314.150s][info][gc,phases   ] GC(177) Concurrent Select Relocation Set 1.585ms
[314.162s][info][gc,phases   ] GC(177) Concurrent Prepare Relocation Set 12.406ms
[314.179s][info][gc,phases   ] GC(177) Pause Relocate Start 13.391ms
[314.582s][info][gc,phases   ] GC(177) Concurrent Relocate 393.842ms
[314.582s][info][gc,load     ] GC(177) Load: 1.83/1.74/1.19
[314.582s][info][gc,mmu      ] GC(177) MMU: 2ms/0.0%, 5ms/0.0%, 10ms/0.0%, 20ms/33.0%, 50ms/72.5%, 100ms/86.3%
[314.582s][info][gc,marking  ] GC(177) Mark: 1 stripe(s), 2 proactive flush(es), 1 terminate flush(es), 0 completion(s), 0 continuation(s) 
[314.582s][info][gc,reloc    ] GC(177) Relocation: Successful, 48M relocated
[314.582s][info][gc,nmethod  ] GC(177) NMethods: 6934 registered, 0 unregistered
[314.582s][info][gc,metaspace] GC(177) Metaspace: 75M used, 79M capacity, 79M committed, 80M reserved
[314.582s][info][gc,ref      ] GC(177) Soft: 4934 encountered, 0 discovered, 0 enqueued
[314.582s][info][gc,ref      ] GC(177) Weak: 4981 encountered, 3927 discovered, 15 enqueued
[314.582s][info][gc,ref      ] GC(177) Final: 28 encountered, 0 discovered, 0 enqueued
[314.582s][info][gc,ref      ] GC(177) Phantom: 663 encountered, 659 discovered, 0 enqueued
[314.582s][info][gc,heap     ] GC(177)                Mark Start          Mark End        Relocate Start      Relocate End           High               Low         
[314.582s][info][gc,heap     ] GC(177)  Capacity:     1990M (100%)       1990M (100%)       1990M (100%)       1990M (100%)       1990M (100%)       1990M (100%)   
[314.582s][info][gc,heap     ] GC(177)   Reserve:       34M (2%)           34M (2%)           34M (2%)           34M (2%)           34M (2%)           34M (2%)     
[314.582s][info][gc,heap     ] GC(177)      Free:     1302M (65%)        1114M (56%)        1240M (62%)        1442M (72%)        1444M (73%)        1114M (56%)    
[314.582s][info][gc,heap     ] GC(177)      Used:      654M (33%)         842M (42%)         716M (36%)         514M (26%)         842M (42%)         512M (26%)    
[314.582s][info][gc,heap     ] GC(177)      Live:         -               271M (14%)         271M (14%)         271M (14%)            -                  -          
[314.582s][info][gc,heap     ] GC(177) Allocated:         -               188M (9%)          188M (9%)          278M (14%)            -                  -          
[314.582s][info][gc,heap     ] GC(177)   Garbage:         -               382M (19%)         256M (13%)          38M (2%)             -                  -          
[314.582s][info][gc,heap     ] GC(177) Reclaimed:         -                  -               126M (6%)          344M (17%)            -                  -          
[314.582s][info][gc          ] GC(177) Garbage Collection (Allocation Rate) 654M(33%)->514M(26%)
[314.721s][info][gc,heap     ] Page Cache Flushed: 2M requested, 18M(1386M->1368M) flushed
[314.879s][info][gc,heap     ] Page Cache Flushed: 2M requested, 10M(1260M->1250M) flushed
[314.893s][info][gc,start    ] GC(178) Garbage Collection (Allocation Rate)
[314.916s][info][gc,phases   ] GC(178) Pause Mark Start 4.297ms
[315.186s][info][gc,heap     ] Page Cache Flushed: 4M requested, 10M(1218M->1208M) flushed
[315.967s][info][gc,phases   ] GC(178) Concurrent Mark 1050.927ms
[315.968s][info][gc,phases   ] GC(178) Pause Mark End 0.658ms
[315.969s][info][gc,phases   ] GC(178) Concurrent Process Non-Strong References 1.602ms
[315.971s][info][gc,phases   ] GC(178) Concurrent Reset Relocation Set 0.779ms
[315.971s][info][gc,phases   ] GC(178) Concurrent Destroy Detached Pages 0.005ms
[315.972s][info][gc,phases   ] GC(178) Concurrent Select Relocation Set 1.659ms
[315.978s][info][gc,phases   ] GC(178) Concurrent Prepare Relocation Set 5.665ms
[315.987s][info][gc,phases   ] GC(178) Pause Relocate Start 5.479ms
[316.123s][info][gc,phases   ] GC(178) Concurrent Relocate 135.494ms
[316.123s][info][gc,load     ] GC(178) Load: 1.83/1.74/1.19
[316.123s][info][gc,mmu      ] GC(178) MMU: 2ms/0.0%, 5ms/0.0%, 10ms/0.0%, 20ms/33.0%, 50ms/72.5%, 100ms/86.3%
[316.123s][info][gc,marking  ] GC(178) Mark: 1 stripe(s), 2 proactive flush(es), 1 terminate flush(es), 0 completion(s), 0 continuation(s) 
[316.123s][info][gc,reloc    ] GC(178) Relocation: Successful, 39M relocated
[316.123s][info][gc,nmethod  ] GC(178) NMethods: 6949 registered, 0 unregistered
[316.123s][info][gc,metaspace] GC(178) Metaspace: 75M used, 79M capacity, 79M committed, 80M reserved
[316.123s][info][gc,ref      ] GC(178) Soft: 4933 encountered, 0 discovered, 0 enqueued
[316.123s][info][gc,ref      ] GC(178) Weak: 4979 encountered, 4061 discovered, 106 enqueued
[316.123s][info][gc,ref      ] GC(178) Final: 28 encountered, 0 discovered, 0 enqueued
[316.123s][info][gc,ref      ] GC(178) Phantom: 662 encountered, 658 discovered, 0 enqueued
[316.123s][info][gc,heap     ] GC(178)                Mark Start          Mark End        Relocate Start      Relocate End           High               Low         
[316.123s][info][gc,heap     ] GC(178)  Capacity:     1990M (100%)       1990M (100%)       1990M (100%)       1990M (100%)       1990M (100%)       1990M (100%)   
[316.123s][info][gc,heap     ] GC(178)   Reserve:       34M (2%)           34M (2%)           34M (2%)           34M (2%)           34M (2%)           34M (2%)     
[316.123s][info][gc,heap     ] GC(178)      Free:     1258M (63%)         454M (23%)         730M (37%)         870M (44%)        1258M (63%)         454M (23%)    
[316.123s][info][gc,heap     ] GC(178)      Used:      698M (35%)        1502M (75%)        1226M (62%)        1086M (55%)        1502M (75%)         698M (35%)    
[316.123s][info][gc,heap     ] GC(178)      Live:         -               248M (12%)         248M (12%)         248M (12%)            -                  -          
[316.123s][info][gc,heap     ] GC(178) Allocated:         -               804M (40%)         804M (40%)         860M (43%)            -                  -          
[316.123s][info][gc,heap     ] GC(178)   Garbage:         -               449M (23%)         173M (9%)           31M (2%)             -                  -          
[316.123s][info][gc,heap     ] GC(178) Reclaimed:         -                  -               276M (14%)         418M (21%)            -                  -          
[316.123s][info][gc          ] GC(178) Garbage Collection (Allocation Rate) 698M(35%)->1086M(55%)
[316.123s][info][gc,start    ] GC(179) Garbage Collection (System.gc())
[316.128s][info][gc,phases   ] GC(179) Pause Mark Start 4.929ms
[316.466s][info][gc,phases   ] GC(179) Concurrent Mark 338.257ms
[316.472s][info][gc,phases   ] GC(179) Pause Mark End 5.757ms
[316.478s][info][gc,phases   ] GC(179) Concurrent Process Non-Strong References 5.378ms
[316.480s][info][gc,phases   ] GC(179) Concurrent Reset Relocation Set 0.879ms
[316.480s][info][gc,phases   ] GC(179) Concurrent Destroy Detached Pages 0.001ms
[316.481s][info][gc,phases   ] GC(179) Concurrent Select Relocation Set 1.633ms
[316.481s][info][gc,phases   ] GC(179) Concurrent Prepare Relocation Set 0.024ms
[316.545s][info][gc,phases   ] GC(179) Pause Relocate Start 17.405ms
[316.551s][info][gc,phases   ] GC(179) Concurrent Relocate 5.402ms
[316.551s][info][gc,load     ] GC(179) Load: 1.83/1.74/1.19
[316.551s][info][gc,mmu      ] GC(179) MMU: 2ms/0.0%, 5ms/0.0%, 10ms/0.0%, 20ms/13.0%, 50ms/65.2%, 100ms/76.8%
[316.551s][info][gc,marking  ] GC(179) Mark: 1 stripe(s), 2 proactive flush(es), 1 terminate flush(es), 0 completion(s), 0 continuation(s) 
[316.551s][info][gc,reloc    ] GC(179) Relocation: Successful, 10M relocated
[316.551s][info][gc,nmethod  ] GC(179) NMethods: 6951 registered, 0 unregistered
[316.551s][info][gc,metaspace] GC(179) Metaspace: 75M used, 79M capacity, 79M committed, 80M reserved
[316.551s][info][gc,ref      ] GC(179) Soft: 4933 encountered, 0 discovered, 0 enqueued
[316.551s][info][gc,ref      ] GC(179) Weak: 4887 encountered, 3949 discovered, 8 enqueued
[316.551s][info][gc,ref      ] GC(179) Final: 28 encountered, 0 discovered, 0 enqueued
[316.551s][info][gc,ref      ] GC(179) Phantom: 662 encountered, 658 discovered, 0 enqueued
[316.551s][info][gc,heap     ] GC(179)                Mark Start          Mark End        Relocate Start      Relocate End           High               Low         
[316.551s][info][gc,heap     ] GC(179)  Capacity:     1990M (100%)       1990M (100%)       1990M (100%)       1990M (100%)       1990M (100%)       1990M (100%)   
[316.551s][info][gc,heap     ] GC(179)   Reserve:       34M (2%)           34M (2%)           34M (2%)           34M (2%)           34M (2%)           34M (2%)     
[316.551s][info][gc,heap     ] GC(179)      Free:      870M (44%)         868M (44%)        1710M (86%)        1728M (87%)        1728M (87%)         868M (44%)    
[316.551s][info][gc,heap     ] GC(179)      Used:     1086M (55%)        1088M (55%)         246M (12%)         228M (11%)        1088M (55%)         228M (11%)    
[316.551s][info][gc,heap     ] GC(179)      Live:         -               192M (10%)         192M (10%)         192M (10%)            -                  -          
[316.551s][info][gc,heap     ] GC(179) Allocated:         -                 2M (0%)            2M (0%)            4M (0%)             -                  -          
[316.551s][info][gc,heap     ] GC(179)   Garbage:         -               893M (45%)          51M (3%)           33M (2%)             -                  -          
[316.551s][info][gc,heap     ] GC(179) Reclaimed:         -                  -               842M (42%)         860M (43%)            -                  -          
[316.551s][info][gc          ] GC(179) Garbage Collection (System.gc()) 1086M(55%)->228M(11%)
[316.593s][info][gc,start    ] GC(180) Garbage Collection (Allocation Rate)
[316.608s][info][gc,phases   ] GC(180) Pause Mark Start 9.673ms
[317.465s][info][gc,phases   ] GC(180) Concurrent Mark 856.738ms
[317.480s][info][gc,phases   ] GC(180) Pause Mark End 0.399ms
[317.481s][info][gc,phases   ] GC(180) Concurrent Process Non-Strong References 1.556ms
[317.482s][info][gc,phases   ] GC(180) Concurrent Reset Relocation Set 0.004ms
[317.482s][info][gc,phases   ] GC(180) Concurrent Destroy Detached Pages 0.000ms
[317.483s][info][gc,phases   ] GC(180) Concurrent Select Relocation Set 1.530ms
[317.483s][info][gc,phases   ] GC(180) Concurrent Prepare Relocation Set 0.019ms
[317.497s][info][gc,phases   ] GC(180) Pause Relocate Start 11.310ms
[317.511s][info][gc,phases   ] GC(180) Concurrent Relocate 12.403ms
[317.511s][info][gc,load     ] GC(180) Load: 1.83/1.74/1.19
[317.511s][info][gc,mmu      ] GC(180) MMU: 2ms/0.0%, 5ms/0.0%, 10ms/0.0%, 20ms/13.0%, 50ms/65.2%, 100ms/72.9%
[317.511s][info][gc,marking  ] GC(180) Mark: 1 stripe(s), 2 proactive flush(es), 1 terminate flush(es), 0 completion(s), 0 continuation(s) 
[317.511s][info][gc,reloc    ] GC(180) Relocation: Successful, 11M relocated
[317.511s][info][gc,nmethod  ] GC(180) NMethods: 6970 registered, 0 unregistered
[317.511s][info][gc,metaspace] GC(180) Metaspace: 75M used, 79M capacity, 79M committed, 80M reserved
[317.511s][info][gc,ref      ] GC(180) Soft: 4933 encountered, 0 discovered, 0 enqueued
[317.511s][info][gc,ref      ] GC(180) Weak: 4909 encountered, 3966 discovered, 3 enqueued
[317.511s][info][gc,ref      ] GC(180) Final: 28 encountered, 0 discovered, 0 enqueued
[317.511s][info][gc,ref      ] GC(180) Phantom: 662 encountered, 655 discovered, 0 enqueued
[317.511s][info][gc,heap     ] GC(180)                Mark Start          Mark End        Relocate Start      Relocate End           High               Low         
[317.511s][info][gc,heap     ] GC(180)  Capacity:     1990M (100%)       1990M (100%)       1990M (100%)       1990M (100%)       1990M (100%)       1990M (100%)   
[317.511s][info][gc,heap     ] GC(180)   Reserve:       34M (2%)           34M (2%)           34M (2%)           34M (2%)           34M (2%)           34M (2%)     
[317.511s][info][gc,heap     ] GC(180)      Free:     1716M (86%)        1486M (75%)        1486M (75%)        1498M (75%)        1716M (86%)        1482M (74%)    
[317.511s][info][gc,heap     ] GC(180)      Used:      240M (12%)         470M (24%)         470M (24%)         458M (23%)         474M (24%)         240M (12%)    
[317.511s][info][gc,heap     ] GC(180)      Live:         -               192M (10%)         192M (10%)         192M (10%)            -                  -          
[317.511s][info][gc,heap     ] GC(180) Allocated:         -               230M (12%)         230M (12%)         234M (12%)            -                  -          
[317.511s][info][gc,heap     ] GC(180)   Garbage:         -                47M (2%)           47M (2%)           33M (2%)             -                  -          
[317.511s][info][gc,heap     ] GC(180) Reclaimed:         -                  -                 0M (0%)           14M (1%)             -                  -          
[317.511s][info][gc          ] GC(180) Garbage Collection (Allocation Rate) 240M(12%)->458M(23%)
[318.293s][info][gc,start    ] GC(181) Garbage Collection (Allocation Rate)
[318.305s][info][gc,phases   ] GC(181) Pause Mark Start 9.317ms
[319.257s][info][gc,heap     ] Page Cache Flushed: 18M requested, 24M(1006M->982M) flushed
[319.651s][info][gc,phases   ] GC(181) Concurrent Mark 1345.894ms
[319.654s][info][gc,phases   ] GC(181) Pause Mark End 0.433ms
[319.656s][info][gc,phases   ] GC(181) Concurrent Process Non-Strong References 1.504ms
[319.656s][info][gc,phases   ] GC(181) Concurrent Reset Relocation Set 0.003ms
[319.656s][info][gc,phases   ] GC(181) Concurrent Destroy Detached Pages 0.003ms
[319.658s][info][gc,phases   ] GC(181) Concurrent Select Relocation Set 1.641ms
[319.673s][info][gc,phases   ] GC(181) Concurrent Prepare Relocation Set 15.404ms
[319.690s][info][gc,phases   ] GC(181) Pause Relocate Start 3.766ms
[320.059s][info][gc,phases   ] GC(181) Concurrent Relocate 365.869ms
[320.059s][info][gc,load     ] GC(181) Load: 1.76/1.73/1.19
[320.059s][info][gc,mmu      ] GC(181) MMU: 2ms/0.0%, 5ms/0.0%, 10ms/0.0%, 20ms/13.0%, 50ms/65.2%, 100ms/72.9%
[320.059s][info][gc,marking  ] GC(181) Mark: 1 stripe(s), 2 proactive flush(es), 1 terminate flush(es), 0 completion(s), 0 continuation(s) 
[320.059s][info][gc,reloc    ] GC(181) Relocation: Successful, 71M relocated
[320.059s][info][gc,nmethod  ] GC(181) NMethods: 6970 registered, 0 unregistered
[320.059s][info][gc,metaspace] GC(181) Metaspace: 75M used, 79M capacity, 79M committed, 80M reserved
[320.059s][info][gc,ref      ] GC(181) Soft: 4934 encountered, 0 discovered, 0 enqueued
[320.059s][info][gc,ref      ] GC(181) Weak: 4981 encountered, 3974 discovered, 19 enqueued
[320.059s][info][gc,ref      ] GC(181) Final: 28 encountered, 0 discovered, 0 enqueued
[320.059s][info][gc,ref      ] GC(181) Phantom: 662 encountered, 658 discovered, 0 enqueued
[320.059s][info][gc,heap     ] GC(181)                Mark Start          Mark End        Relocate Start      Relocate End           High               Low         
[320.059s][info][gc,heap     ] GC(181)  Capacity:     1990M (100%)       1990M (100%)       1990M (100%)       1990M (100%)       1990M (100%)       1990M (100%)   
[320.059s][info][gc,heap     ] GC(181)   Reserve:       34M (2%)           34M (2%)           34M (2%)           34M (2%)           34M (2%)           34M (2%)     
[320.059s][info][gc,heap     ] GC(181)      Free:     1170M (59%)         944M (47%)         990M (50%)        1364M (69%)        1364M (69%)         944M (47%)    
[320.059s][info][gc,heap     ] GC(181)      Used:      786M (39%)        1012M (51%)         966M (49%)         592M (30%)        1012M (51%)         592M (30%)    
[320.059s][info][gc,heap     ] GC(181)      Live:         -               272M (14%)         272M (14%)         272M (14%)            -                  -          
[320.059s][info][gc,heap     ] GC(181) Allocated:         -               226M (11%)         230M (12%)         324M (16%)            -                  -          
[320.059s][info][gc,heap     ] GC(181)   Garbage:         -               513M (26%)         463M (23%)          77M (4%)             -                  -          
[320.059s][info][gc,heap     ] GC(181) Reclaimed:         -                  -                50M (3%)          436M (22%)            -                  -          
[320.059s][info][gc          ] GC(181) Garbage Collection (Allocation Rate) 786M(39%)->592M(30%)
[320.093s][info][gc,stats    ] === Garbage Collection Statistics =======================================================================================================================
[320.093s][info][gc,stats    ]                                                              Last 10s              Last 10m              Last 10h                Total
[320.093s][info][gc,stats    ]                                                              Avg / Max             Avg / Max             Avg / Max             Avg / Max
[320.093s][info][gc,stats    ]   Collector: Garbage Collection Cycle                   1147.228 / 1766.207   1035.132 / 2620.137   1035.132 / 2620.137   1035.132 / 2620.137    ms
[320.093s][info][gc,stats    ]  Contention: Mark Segment Reset Contention                     0 / 0                 0 / 0                 0 / 0                 0 / 0           ops/s
[320.093s][info][gc,stats    ]  Contention: Mark SeqNum Reset Contention                      0 / 0                 0 / 0                 0 / 0                 0 / 0           ops/s
[320.093s][info][gc,stats    ]  Contention: Relocation Contention                             0 / 2                 0 / 3                 0 / 3                 0 / 3           ops/s
[320.093s][info][gc,stats    ]    Critical: Allocation Stall                              0.000 / 0.000         0.000 / 0.000         0.000 / 0.000         0.000 / 0.000       ms
[320.093s][info][gc,stats    ]    Critical: Allocation Stall                                  0 / 0                 0 / 0                 0 / 0                 0 / 0           ops/s
[320.093s][info][gc,stats    ]    Critical: GC Locker Stall                               0.000 / 0.000         0.000 / 0.000         0.000 / 0.000         0.000 / 0.000       ms
[320.093s][info][gc,stats    ]    Critical: GC Locker Stall                                   0 / 0                 0 / 0                 0 / 0                 0 / 0           ops/s
[320.093s][info][gc,stats    ]      Memory: Allocation Rate                                 294 / 786             283 / 1282            283 / 1282            283 / 1282        MB/s
[320.093s][info][gc,stats    ]      Memory: Heap Used After Mark                            977 / 1502            947 / 1920            947 / 1920            947 / 1920        MB
[320.093s][info][gc,stats    ]      Memory: Heap Used After Relocation                      521 / 1086            476 / 1180            476 / 1180            476 / 1180        MB
[320.093s][info][gc,stats    ]      Memory: Heap Used Before Mark                           714 / 1086            762 / 1828            762 / 1828            762 / 1828        MB
[320.093s][info][gc,stats    ]      Memory: Heap Used Before Relocation                     694 / 1226            693 / 1330            693 / 1330            693 / 1330        MB
[320.093s][info][gc,stats    ]      Memory: Out Of Memory                                     0 / 0                 0 / 0                 0 / 0                 0 / 0           ops/s
[320.093s][info][gc,stats    ]      Memory: Page Cache Flush                                  8 / 28                4 / 88                4 / 88                4 / 88          MB/s
[320.093s][info][gc,stats    ]      Memory: Page Cache Hit L1                               136 / 396             130 / 642             130 / 642             130 / 642         ops/s
[320.093s][info][gc,stats    ]      Memory: Page Cache Hit L2                                 0 / 0                 0 / 0                 0 / 0                 0 / 0           ops/s
[320.093s][info][gc,stats    ]      Memory: Page Cache Miss                                   1 / 5                 3 / 223               3 / 223               3 / 223         ops/s
[320.093s][info][gc,stats    ]      Memory: Undo Object Allocation Failed                     0 / 0                 0 / 0                 0 / 0                 0 / 0           ops/s
[320.093s][info][gc,stats    ]      Memory: Undo Object Allocation Succeeded                  0 / 2                 0 / 3                 0 / 3                 0 / 3           ops/s
[320.093s][info][gc,stats    ]      Memory: Undo Page Allocation                              0 / 0                 0 / 2                 0 / 2                 0 / 2           ops/s
[320.093s][info][gc,stats    ]       Phase: Concurrent Destroy Detached Pages             0.002 / 0.005         0.001 / 0.011         0.001 / 0.011         0.001 / 0.011       ms
[320.093s][info][gc,stats    ]       Phase: Concurrent Mark                             900.573 / 1345.894    861.677 / 1729.885    861.677 / 1729.885    861.677 / 1729.885    ms
[320.093s][info][gc,stats    ]       Phase: Concurrent Mark Continue                      0.000 / 0.000         0.000 / 0.000         0.000 / 0.000         0.000 / 0.000       ms
[320.093s][info][gc,stats    ]       Phase: Concurrent Prepare Relocation Set             5.892 / 15.404        7.254 / 64.267        7.254 / 64.267        7.254 / 64.267      ms
[320.093s][info][gc,stats    ]       Phase: Concurrent Process Non-Strong References      2.064 / 5.378         1.804 / 8.400         1.804 / 8.400         1.804 / 8.400       ms
[320.093s][info][gc,stats    ]       Phase: Concurrent Relocate                         197.455 / 393.842     143.476 / 822.347     143.476 / 822.347     143.476 / 822.347     ms
[320.093s][info][gc,stats    ]       Phase: Concurrent Reset Relocation Set               0.374 / 0.916         0.457 / 2.228         0.457 / 2.228         0.457 / 2.228       ms
[320.093s][info][gc,stats    ]       Phase: Concurrent Select Relocation Set              1.604 / 1.659         2.056 / 8.994         2.056 / 8.994         2.056 / 8.994       ms
[320.093s][info][gc,stats    ]       Phase: Pause Mark End                                1.189 / 5.757         0.430 / 5.757         0.430 / 5.757         0.430 / 5.757       ms
[320.093s][info][gc,stats    ]       Phase: Pause Mark Start                              6.955 / 9.673         3.913 / 9.673         3.913 / 9.673         3.913 / 9.673       ms
[320.093s][info][gc,stats    ]       Phase: Pause Relocate Start                          8.798 / 17.405        3.386 / 17.405        3.386 / 17.405        3.386 / 17.405      ms
[320.093s][info][gc,stats    ]    Subphase: Concurrent Mark                             896.975 / 1339.725    858.480 / 1728.745    858.480 / 1728.745    858.480 / 1728.745    ms
[320.093s][info][gc,stats    ]    Subphase: Concurrent Mark Idle                          0.000 / 0.000         0.000 / 0.000         0.000 / 0.000         0.000 / 0.000       ms
[320.093s][info][gc,stats    ]    Subphase: Concurrent Mark Try Flush                     1.579 / 8.383         1.402 / 13.453        1.402 / 13.453        1.402 / 13.453      ms
[320.093s][info][gc,stats    ]    Subphase: Concurrent Mark Try Terminate                 0.572 / 4.063         0.472 / 4.063         0.472 / 4.063         0.472 / 4.063       ms
[320.093s][info][gc,stats    ]    Subphase: Concurrent References Enqueue                 0.004 / 0.006         0.002 / 0.007         0.002 / 0.007         0.002 / 0.007       ms
[320.093s][info][gc,stats    ]    Subphase: Concurrent References Process                 0.729 / 0.902         0.807 / 5.130         0.807 / 5.130         0.807 / 5.130       ms
[320.093s][info][gc,stats    ]    Subphase: Concurrent Weak Roots                         1.319 / 4.439         0.882 / 5.871         0.882 / 5.871         0.882 / 5.871       ms
[320.093s][info][gc,stats    ]    Subphase: Concurrent Weak Roots JNIWeakHandles          0.000 / 0.001         0.000 / 0.001         0.000 / 0.001         0.000 / 0.001       ms
[320.093s][info][gc,stats    ]    Subphase: Concurrent Weak Roots StringTable             0.617 / 0.683         0.655 / 5.676         0.655 / 5.676         0.655 / 5.676       ms
[320.093s][info][gc,stats    ]    Subphase: Concurrent Weak Roots VMWeakHandles           0.700 / 3.748         0.226 / 3.748         0.226 / 3.748         0.226 / 3.748       ms
[320.093s][info][gc,stats    ]    Subphase: Pause Mark Try Complete                       0.000 / 0.000         0.002 / 0.002         0.002 / 0.002         0.002 / 0.002       ms
[320.093s][info][gc,stats    ]    Subphase: Pause Remap TLABS                             0.003 / 0.006         0.003 / 0.012         0.003 / 0.012         0.003 / 0.012       ms
[320.093s][info][gc,stats    ]    Subphase: Pause Retire TLABS                            0.031 / 0.049         0.026 / 0.074         0.026 / 0.074         0.026 / 0.074       ms
[320.093s][info][gc,stats    ]    Subphase: Pause Roots                                   5.312 / 17.042        2.336 / 17.042        2.336 / 17.042        2.336 / 17.042      ms
[320.093s][info][gc,stats    ]    Subphase: Pause Roots ClassLoaderDataGraph              1.136 / 5.679         0.722 / 5.679         0.722 / 5.679         0.722 / 5.679       ms
[320.093s][info][gc,stats    ]    Subphase: Pause Roots CodeCache                         5.858 / 15.185        2.105 / 15.185        2.105 / 15.185        2.105 / 15.185      ms
[320.093s][info][gc,stats    ]    Subphase: Pause Roots JNIHandles                        0.001 / 0.001         0.001 / 0.006         0.001 / 0.006         0.001 / 0.006       ms
[320.093s][info][gc,stats    ]    Subphase: Pause Roots JNIWeakHandles                    0.000 / 0.000         0.000 / 0.000         0.000 / 0.000         0.000 / 0.000       ms
[320.093s][info][gc,stats    ]    Subphase: Pause Roots JRFWeak                           0.000 / 0.000         0.000 / 0.000         0.000 / 0.000         0.000 / 0.000       ms
[320.093s][info][gc,stats    ]    Subphase: Pause Roots JVMTIExport                       0.000 / 0.001         0.000 / 0.001         0.000 / 0.001         0.000 / 0.001       ms
[320.093s][info][gc,stats    ]    Subphase: Pause Roots JVMTIWeakExport                   0.001 / 0.001         0.001 / 0.001         0.001 / 0.001         0.001 / 0.001       ms
[320.093s][info][gc,stats    ]    Subphase: Pause Roots Management                        0.001 / 0.001         0.002 / 0.337         0.002 / 0.337         0.002 / 0.337       ms
[320.093s][info][gc,stats    ]    Subphase: Pause Roots ObjectSynchronizer                0.000 / 0.000         0.000 / 0.001         0.000 / 0.001         0.000 / 0.001       ms
[320.093s][info][gc,stats    ]    Subphase: Pause Roots Setup                             0.180 / 0.313         0.180 / 0.423         0.180 / 0.423         0.180 / 0.423       ms
[320.093s][info][gc,stats    ]    Subphase: Pause Roots StringTable                       0.000 / 0.000         0.000 / 0.000         0.000 / 0.000         0.000 / 0.000       ms
[320.093s][info][gc,stats    ]    Subphase: Pause Roots SystemDictionary                  0.013 / 0.016         0.012 / 0.041         0.012 / 0.041         0.012 / 0.041       ms
[320.093s][info][gc,stats    ]    Subphase: Pause Roots Teardown                          0.001 / 0.002         0.001 / 0.005         0.001 / 0.005         0.001 / 0.005       ms
[320.093s][info][gc,stats    ]    Subphase: Pause Roots Threads                           0.751 / 5.701         0.436 / 5.701         0.436 / 5.701         0.436 / 5.701       ms
[320.093s][info][gc,stats    ]    Subphase: Pause Roots Universe                          0.002 / 0.003         0.002 / 0.020         0.002 / 0.020         0.002 / 0.020       ms
[320.093s][info][gc,stats    ]    Subphase: Pause Roots VMWeakHandles                     0.000 / 0.000         0.000 / 0.000         0.000 / 0.000         0.000 / 0.000       ms
[320.093s][info][gc,stats    ]    Subphase: Pause Weak Roots                              0.002 / 0.003         0.002 / 0.005         0.002 / 0.005         0.002 / 0.005       ms
[320.093s][info][gc,stats    ]    Subphase: Pause Weak Roots JFRWeak                      0.001 / 0.001         0.001 / 0.001         0.001 / 0.001         0.001 / 0.001       ms
[320.093s][info][gc,stats    ]    Subphase: Pause Weak Roots JNIWeakHandles               0.000 / 0.000         0.000 / 0.000         0.000 / 0.000         0.000 / 0.000       ms
[320.093s][info][gc,stats    ]    Subphase: Pause Weak Roots JVMTIWeakExport              0.001 / 0.001         0.001 / 0.005         0.001 / 0.005         0.001 / 0.005       ms
[320.093s][info][gc,stats    ]    Subphase: Pause Weak Roots Setup                        0.000 / 0.000         0.000 / 0.000         0.000 / 0.000         0.000 / 0.000       ms
[320.093s][info][gc,stats    ]    Subphase: Pause Weak Roots StringTable                  0.000 / 0.000         0.000 / 0.000         0.000 / 0.000         0.000 / 0.000       ms
[320.093s][info][gc,stats    ]    Subphase: Pause Weak Roots SymbolTable                  0.000 / 0.000         0.000 / 0.000         0.000 / 0.000         0.000 / 0.000       ms
[320.093s][info][gc,stats    ]    Subphase: Pause Weak Roots Teardown                     0.001 / 0.001         0.000 / 0.001         0.000 / 0.001         0.000 / 0.001       ms
[320.093s][info][gc,stats    ]    Subphase: Pause Weak Roots VMWeakHandles                0.000 / 0.000         0.000 / 0.000         0.000 / 0.000         0.000 / 0.000       ms
[320.093s][info][gc,stats    ]      System: Java Threads                                    153 / 168             141 / 168             141 / 168             141 / 168         threads
[320.093s][info][gc,stats    ] =========================================================================================================================================================
[321.093s][info][gc,start    ] GC(182) Garbage Collection (Allocation Rate)
[321.100s][info][gc,phases   ] GC(182) Pause Mark Start 4.305ms
[321.704s][info][gc,heap     ] Page Cache Flushed: 4M requested, 6M(966M->960M) flushed
[321.908s][info][gc,phases   ] GC(182) Concurrent Mark 807.807ms
[321.912s][info][gc,phases   ] GC(182) Pause Mark End 0.448ms
[321.916s][info][gc,phases   ] GC(182) Concurrent Process Non-Strong References 4.356ms
[321.920s][info][gc,phases   ] GC(182) Concurrent Reset Relocation Set 4.092ms
[321.920s][info][gc,phases   ] GC(182) Concurrent Destroy Detached Pages 0.003ms
[321.922s][info][gc,phases   ] GC(182) Concurrent Select Relocation Set 1.579ms
[321.930s][info][gc,phases   ] GC(182) Concurrent Prepare Relocation Set 8.443ms
[321.937s][info][gc,phases   ] GC(182) Pause Relocate Start 3.910ms
[322.070s][info][gc,phases   ] GC(182) Concurrent Relocate 133.012ms
[322.070s][info][gc,load     ] GC(182) Load: 1.76/1.73/1.19
[322.070s][info][gc,mmu      ] GC(182) MMU: 2ms/0.0%, 5ms/0.0%, 10ms/0.0%, 20ms/13.0%, 50ms/65.2%, 100ms/72.9%
[322.070s][info][gc,marking  ] GC(182) Mark: 1 stripe(s), 2 proactive flush(es), 1 terminate flush(es), 0 completion(s), 0 continuation(s) 
[322.070s][info][gc,reloc    ] GC(182) Relocation: Successful, 54M relocated
[322.070s][info][gc,nmethod  ] GC(182) NMethods: 6973 registered, 0 unregistered
[322.070s][info][gc,metaspace] GC(182) Metaspace: 75M used, 79M capacity, 79M committed, 80M reserved
[322.070s][info][gc,ref      ] GC(182) Soft: 4934 encountered, 0 discovered, 0 enqueued
[322.070s][info][gc,ref      ] GC(182) Weak: 4929 encountered, 3924 discovered, 26 enqueued
[322.070s][info][gc,ref      ] GC(182) Final: 28 encountered, 0 discovered, 0 enqueued
[322.070s][info][gc,ref      ] GC(182) Phantom: 662 encountered, 658 discovered, 0 enqueued
[322.070s][info][gc,heap     ] GC(182)                Mark Start          Mark End        Relocate Start      Relocate End           High               Low         
[322.070s][info][gc,heap     ] GC(182)  Capacity:     1990M (100%)       1990M (100%)       1990M (100%)       1990M (100%)       1990M (100%)       1990M (100%)   
[322.070s][info][gc,heap     ] GC(182)   Reserve:       34M (2%)           34M (2%)           34M (2%)           34M (2%)           34M (2%)           34M (2%)     
[322.070s][info][gc,heap     ] GC(182)      Free:     1120M (56%)         922M (46%)        1324M (67%)        1442M (72%)        1444M (73%)         922M (46%)    
[322.070s][info][gc,heap     ] GC(182)      Used:      836M (42%)        1034M (52%)         632M (32%)         514M (26%)        1034M (52%)         512M (26%)    
[322.070s][info][gc,heap     ] GC(182)      Live:         -               246M (12%)         246M (12%)         246M (12%)            -                  -          
[322.070s][info][gc,heap     ] GC(182) Allocated:         -               198M (10%)         200M (10%)         290M (15%)            -                  -          
[322.070s][info][gc,heap     ] GC(182)   Garbage:         -               589M (30%)         185M (9%)           47M (2%)             -                  -          
[322.070s][info][gc,heap     ] GC(182) Reclaimed:         -                  -               404M (20%)         542M (27%)            -                  -          
[322.070s][info][gc          ] GC(182) Garbage Collection (Allocation Rate) 836M(42%)->514M(26%)
[322.494s][info][gc,start    ] GC(183) Garbage Collection (Allocation Rate)
[322.503s][info][gc,phases   ] GC(183) Pause Mark Start 5.768ms
[323.663s][info][gc,phases   ] GC(183) Concurrent Mark 1159.994ms
[323.666s][info][gc,phases   ] GC(183) Pause Mark End 0.920ms
[323.670s][info][gc,phases   ] GC(183) Concurrent Process Non-Strong References 3.365ms
[323.671s][info][gc,phases   ] GC(183) Concurrent Reset Relocation Set 1.284ms
[323.671s][info][gc,phases   ] GC(183) Concurrent Destroy Detached Pages 0.001ms
[323.676s][info][gc,phases   ] GC(183) Concurrent Select Relocation Set 4.511ms
[323.693s][info][gc,phases   ] GC(183) Concurrent Prepare Relocation Set 17.373ms
[323.700s][info][gc,phases   ] GC(183) Pause Relocate Start 3.689ms
[323.876s][info][gc,phases   ] GC(183) Concurrent Relocate 176.789ms
[323.877s][info][gc,load     ] GC(183) Load: 1.78/1.73/1.19
[323.877s][info][gc,mmu      ] GC(183) MMU: 2ms/0.0%, 5ms/0.0%, 10ms/0.0%, 20ms/13.0%, 50ms/65.2%, 100ms/72.9%
[323.877s][info][gc,marking  ] GC(183) Mark: 1 stripe(s), 2 proactive flush(es), 1 terminate flush(es), 0 completion(s), 0 continuation(s) 
[323.877s][info][gc,reloc    ] GC(183) Relocation: Successful, 49M relocated
[323.877s][info][gc,nmethod  ] GC(183) NMethods: 6973 registered, 0 unregistered
[323.877s][info][gc,metaspace] GC(183) Metaspace: 75M used, 79M capacity, 79M committed, 80M reserved
[323.877s][info][gc,ref      ] GC(183) Soft: 4934 encountered, 0 discovered, 0 enqueued
[323.877s][info][gc,ref      ] GC(183) Weak: 4903 encountered, 3919 discovered, 0 enqueued
[323.877s][info][gc,ref      ] GC(183) Final: 28 encountered, 0 discovered, 0 enqueued
[323.877s][info][gc,ref      ] GC(183) Phantom: 662 encountered, 658 discovered, 0 enqueued
[323.877s][info][gc,heap     ] GC(183)                Mark Start          Mark End        Relocate Start      Relocate End           High               Low         
[323.877s][info][gc,heap     ] GC(183)  Capacity:     1990M (100%)       1990M (100%)       1990M (100%)       1990M (100%)       1990M (100%)       1990M (100%)   
[323.877s][info][gc,heap     ] GC(183)   Reserve:       34M (2%)           34M (2%)           34M (2%)           34M (2%)           34M (2%)           34M (2%)     
[323.877s][info][gc,heap     ] GC(183)      Free:     1246M (63%)         994M (50%)        1000M (50%)        1386M (70%)        1386M (70%)         994M (50%)    
[323.877s][info][gc,heap     ] GC(183)      Used:      710M (36%)         962M (48%)         956M (48%)         570M (29%)         962M (48%)         570M (29%)    
[323.877s][info][gc,heap     ] GC(183)      Live:         -               276M (14%)         276M (14%)         276M (14%)            -                  -          
[323.877s][info][gc,heap     ] GC(183) Allocated:         -               252M (13%)         252M (13%)         278M (14%)            -                  -          
[323.877s][info][gc,heap     ] GC(183)   Garbage:         -               433M (22%)         427M (22%)          41M (2%)             -                  -          
[323.877s][info][gc,heap     ] GC(183) Reclaimed:         -                  -                 6M (0%)          392M (20%)            -                  -          
[323.877s][info][gc          ] GC(183) Garbage Collection (Allocation Rate) 710M(36%)->570M(29%)
[324.694s][info][gc,start    ] GC(184) Garbage Collection (Allocation Rate)
[324.701s][info][gc,phases   ] GC(184) Pause Mark Start 4.239ms
[325.583s][info][gc,phases   ] GC(184) Concurrent Mark 882.026ms
[325.586s][info][gc,phases   ] GC(184) Pause Mark End 0.381ms
[325.587s][info][gc,phases   ] GC(184) Concurrent Process Non-Strong References 1.471ms
[325.588s][info][gc,phases   ] GC(184) Concurrent Reset Relocation Set 0.686ms
[325.588s][info][gc,phases   ] GC(184) Concurrent Destroy Detached Pages 0.000ms
[325.590s][info][gc,phases   ] GC(184) Concurrent Select Relocation Set 1.606ms
[325.602s][info][gc,phases   ] GC(184) Concurrent Prepare Relocation Set 12.365ms
[325.609s][info][gc,phases   ] GC(184) Pause Relocate Start 3.733ms
[325.755s][info][gc,phases   ] GC(184) Concurrent Relocate 145.770ms
[325.755s][info][gc,load     ] GC(184) Load: 1.78/1.73/1.19
[325.755s][info][gc,mmu      ] GC(184) MMU: 2ms/0.0%, 5ms/0.0%, 10ms/0.0%, 20ms/13.0%, 50ms/65.2%, 100ms/72.9%
[325.755s][info][gc,marking  ] GC(184) Mark: 1 stripe(s), 2 proactive flush(es), 1 terminate flush(es), 0 completion(s), 0 continuation(s) 
[325.755s][info][gc,reloc    ] GC(184) Relocation: Successful, 58M relocated
[325.755s][info][gc,nmethod  ] GC(184) NMethods: 6990 registered, 0 unregistered
[325.755s][info][gc,metaspace] GC(184) Metaspace: 75M used, 79M capacity, 79M committed, 80M reserved
[325.755s][info][gc,ref      ] GC(184) Soft: 4934 encountered, 0 discovered, 0 enqueued
[325.755s][info][gc,ref      ] GC(184) Weak: 5092 encountered, 4084 discovered, 141 enqueued
[325.755s][info][gc,ref      ] GC(184) Final: 28 encountered, 0 discovered, 0 enqueued
[325.755s][info][gc,ref      ] GC(184) Phantom: 662 encountered, 658 discovered, 0 enqueued
[325.755s][info][gc,heap     ] GC(184)                Mark Start          Mark End        Relocate Start      Relocate End           High               Low         
[325.755s][info][gc,heap     ] GC(184)  Capacity:     1990M (100%)       1990M (100%)       1990M (100%)       1990M (100%)       1990M (100%)       1990M (100%)   
[325.755s][info][gc,heap     ] GC(184)   Reserve:       34M (2%)           34M (2%)           34M (2%)           34M (2%)           34M (2%)           34M (2%)     
[325.755s][info][gc,heap     ] GC(184)      Free:     1128M (57%)         918M (46%)        1270M (64%)        1414M (71%)        1414M (71%)         918M (46%)    
[325.755s][info][gc,heap     ] GC(184)      Used:      828M (42%)        1038M (52%)         686M (34%)         542M (27%)        1038M (52%)         542M (27%)    
[325.755s][info][gc,heap     ] GC(184)      Live:         -               255M (13%)         255M (13%)         255M (13%)            -                  -          
[325.755s][info][gc,heap     ] GC(184) Allocated:         -               210M (11%)         214M (11%)         274M (14%)            -                  -          
[325.755s][info][gc,heap     ] GC(184)   Garbage:         -               572M (29%)         216M (11%)          58M (3%)             -                  -          
[325.755s][info][gc,heap     ] GC(184) Reclaimed:         -                  -               356M (18%)         514M (26%)            -                  -          
[325.755s][info][gc          ] GC(184) Garbage Collection (Allocation Rate) 828M(42%)->542M(27%)
[326.193s][info][gc,start    ] GC(185) Garbage Collection (Allocation Rate)
[326.203s][info][gc,phases   ] GC(185) Pause Mark Start 5.882ms
[327.372s][info][gc,phases   ] GC(185) Concurrent Mark 1169.244ms
[327.375s][info][gc,phases   ] GC(185) Pause Mark End 0.391ms
[327.377s][info][gc,phases   ] GC(185) Concurrent Process Non-Strong References 1.476ms
[327.377s][info][gc,phases   ] GC(185) Concurrent Reset Relocation Set 0.699ms
[327.377s][info][gc,phases   ] GC(185) Concurrent Destroy Detached Pages 0.000ms
[327.379s][info][gc,phases   ] GC(185) Concurrent Select Relocation Set 1.718ms
[327.385s][info][gc,phases   ] GC(185) Concurrent Prepare Relocation Set 6.106ms
[327.392s][info][gc,phases   ] GC(185) Pause Relocate Start 3.611ms
[327.556s][info][gc,phases   ] GC(185) Concurrent Relocate 160.051ms
[327.557s][info][gc,load     ] GC(185) Load: 1.78/1.73/1.19
[327.557s][info][gc,mmu      ] GC(185) MMU: 2ms/0.0%, 5ms/0.0%, 10ms/0.0%, 20ms/13.0%, 50ms/65.2%, 100ms/72.9%
[327.557s][info][gc,marking  ] GC(185) Mark: 1 stripe(s), 2 proactive flush(es), 1 terminate flush(es), 0 completion(s), 0 continuation(s) 
[327.557s][info][gc,reloc    ] GC(185) Relocation: Successful, 50M relocated
[327.557s][info][gc,nmethod  ] GC(185) NMethods: 6990 registered, 0 unregistered
[327.557s][info][gc,metaspace] GC(185) Metaspace: 75M used, 79M capacity, 79M committed, 80M reserved
[327.557s][info][gc,ref      ] GC(185) Soft: 4934 encountered, 0 discovered, 0 enqueued
[327.557s][info][gc,ref      ] GC(185) Weak: 4957 encountered, 3949 discovered, 3 enqueued
[327.557s][info][gc,ref      ] GC(185) Final: 28 encountered, 0 discovered, 0 enqueued
[327.557s][info][gc,ref      ] GC(185) Phantom: 662 encountered, 658 discovered, 0 enqueued
[327.557s][info][gc,heap     ] GC(185)                Mark Start          Mark End        Relocate Start      Relocate End           High               Low         
[327.557s][info][gc,heap     ] GC(185)  Capacity:     1990M (100%)       1990M (100%)       1990M (100%)       1990M (100%)       1990M (100%)       1990M (100%)   
[327.557s][info][gc,heap     ] GC(185)   Reserve:       34M (2%)           34M (2%)           34M (2%)           34M (2%)           34M (2%)           34M (2%)     
[327.557s][info][gc,heap     ] GC(185)      Free:     1208M (61%)        1050M (53%)        1056M (53%)        1458M (73%)        1458M (73%)        1050M (53%)    
[327.557s][info][gc,heap     ] GC(185)      Used:      748M (38%)         906M (46%)         900M (45%)         498M (25%)         906M (46%)         498M (25%)    
[327.557s][info][gc,heap     ] GC(185)      Live:         -               296M (15%)         296M (15%)         296M (15%)            -                  -          
[327.557s][info][gc,heap     ] GC(185) Allocated:         -               158M (8%)          158M (8%)          186M (9%)             -                  -          
[327.557s][info][gc,heap     ] GC(185)   Garbage:         -               451M (23%)         445M (22%)          43M (2%)             -                  -          
[327.557s][info][gc,heap     ] GC(185) Reclaimed:         -                  -                 6M (0%)          408M (21%)            -                  -          
[327.557s][info][gc          ] GC(185) Garbage Collection (Allocation Rate) 748M(38%)->498M(25%)
[328.394s][info][gc,start    ] GC(186) Garbage Collection (Allocation Rate)
[328.401s][info][gc,phases   ] GC(186) Pause Mark Start 4.554ms
[328.828s][info][gc,heap     ] Page Cache Flushed: 8M requested, 12M(1034M->1022M) flushed
[329.190s][info][gc,phases   ] GC(186) Concurrent Mark 788.902ms
[329.193s][info][gc,phases   ] GC(186) Pause Mark End 0.388ms
[329.195s][info][gc,phases   ] GC(186) Concurrent Process Non-Strong References 1.511ms
[329.196s][info][gc,phases   ] GC(186) Concurrent Reset Relocation Set 0.639ms
[329.196s][info][gc,phases   ] GC(186) Concurrent Destroy Detached Pages 0.003ms
[329.197s][info][gc,phases   ] GC(186) Concurrent Select Relocation Set 1.572ms
[329.207s][info][gc,phases   ] GC(186) Concurrent Prepare Relocation Set 9.396ms
[329.215s][info][gc,phases   ] GC(186) Pause Relocate Start 3.684ms
[329.355s][info][gc,phases   ] GC(186) Concurrent Relocate 139.274ms
[329.355s][info][gc,load     ] GC(186) Load: 1.80/1.74/1.20
[329.355s][info][gc,mmu      ] GC(186) MMU: 2ms/0.0%, 5ms/0.0%, 10ms/0.0%, 20ms/13.0%, 50ms/65.2%, 100ms/72.9%
[329.355s][info][gc,marking  ] GC(186) Mark: 1 stripe(s), 2 proactive flush(es), 1 terminate flush(es), 0 completion(s), 0 continuation(s) 
[329.355s][info][gc,reloc    ] GC(186) Relocation: Successful, 57M relocated
[329.355s][info][gc,nmethod  ] GC(186) NMethods: 7016 registered, 0 unregistered
[329.355s][info][gc,metaspace] GC(186) Metaspace: 75M used, 79M capacity, 79M committed, 80M reserved
[329.355s][info][gc,ref      ] GC(186) Soft: 4935 encountered, 0 discovered, 0 enqueued
[329.355s][info][gc,ref      ] GC(186) Weak: 5168 encountered, 4114 discovered, 86 enqueued
[329.355s][info][gc,ref      ] GC(186) Final: 28 encountered, 0 discovered, 0 enqueued
[329.355s][info][gc,ref      ] GC(186) Phantom: 662 encountered, 658 discovered, 0 enqueued
[329.355s][info][gc,heap     ] GC(186)                Mark Start          Mark End        Relocate Start      Relocate End           High               Low         
[329.355s][info][gc,heap     ] GC(186)  Capacity:     1990M (100%)       1990M (100%)       1990M (100%)       1990M (100%)       1990M (100%)       1990M (100%)   
[329.355s][info][gc,heap     ] GC(186)   Reserve:       34M (2%)           34M (2%)           34M (2%)           34M (2%)           34M (2%)           34M (2%)     
[329.355s][info][gc,heap     ] GC(186)      Free:     1146M (58%)         942M (47%)        1218M (61%)        1432M (72%)        1432M (72%)         942M (47%)    
[329.355s][info][gc,heap     ] GC(186)      Used:      810M (41%)        1014M (51%)         738M (37%)         524M (26%)        1014M (51%)         524M (26%)    
[329.355s][info][gc,heap     ] GC(186)      Live:         -               249M (13%)         249M (13%)         249M (13%)            -                  -          
[329.355s][info][gc,heap     ] GC(186) Allocated:         -               204M (10%)         210M (11%)         298M (15%)            -                  -          
[329.355s][info][gc,heap     ] GC(186)   Garbage:         -               560M (28%)         278M (14%)          60M (3%)             -                  -          
[329.355s][info][gc,heap     ] GC(186) Reclaimed:         -                  -               282M (14%)         500M (25%)            -                  -          
[329.355s][info][gc          ] GC(186) Garbage Collection (Allocation Rate) 810M(41%)->524M(26%)
[329.993s][info][gc,start    ] GC(187) Garbage Collection (Allocation Rate)
[330.003s][info][gc,phases   ] GC(187) Pause Mark Start 7.129ms
[330.094s][info][gc,stats    ] === Garbage Collection Statistics =======================================================================================================================
[330.094s][info][gc,stats    ]                                                              Last 10s              Last 10m              Last 10h                Total
[330.094s][info][gc,stats    ]                                                              Avg / Max             Avg / Max             Avg / Max             Avg / Max
[330.094s][info][gc,stats    ]   Collector: Garbage Collection Cycle                   1149.044 / 1382.941   1038.178 / 2620.137   1038.178 / 2620.137   1038.178 / 2620.137    ms
[330.094s][info][gc,stats    ]  Contention: Mark Segment Reset Contention                     0 / 0                 0 / 0                 0 / 0                 0 / 0           ops/s
[330.094s][info][gc,stats    ]  Contention: Mark SeqNum Reset Contention                      0 / 0                 0 / 0                 0 / 0                 0 / 0           ops/s
[330.094s][info][gc,stats    ]  Contention: Relocation Contention                             0 / 2                 0 / 3                 0 / 3                 0 / 3           ops/s
[330.094s][info][gc,stats    ]    Critical: Allocation Stall                              0.000 / 0.000         0.000 / 0.000         0.000 / 0.000         0.000 / 0.000       ms
[330.094s][info][gc,stats    ]    Critical: Allocation Stall                                  0 / 0                 0 / 0                 0 / 0                 0 / 0           ops/s
[330.094s][info][gc,stats    ]    Critical: GC Locker Stall                               0.000 / 0.000         0.000 / 0.000         0.000 / 0.000         0.000 / 0.000       ms
[330.094s][info][gc,stats    ]    Critical: GC Locker Stall                                   0 / 0                 0 / 0                 0 / 0                 0 / 0           ops/s
[330.094s][info][gc,stats    ]      Memory: Allocation Rate                                 263 / 362             283 / 1282            283 / 1282            283 / 1282        MB/s
[330.094s][info][gc,stats    ]      Memory: Heap Used After Mark                            990 / 1038            948 / 1920            948 / 1920            948 / 1920        MB
[330.094s][info][gc,stats    ]      Memory: Heap Used After Relocation                      529 / 570             477 / 1180            477 / 1180            477 / 1180        MB
[330.094s][info][gc,stats    ]      Memory: Heap Used Before Mark                           789 / 836             762 / 1828            762 / 1828            762 / 1828        MB
[330.094s][info][gc,stats    ]      Memory: Heap Used Before Relocation                     782 / 956             696 / 1330            696 / 1330            696 / 1330        MB
[330.094s][info][gc,stats    ]      Memory: Out Of Memory                                     0 / 0                 0 / 0                 0 / 0                 0 / 0           ops/s
[330.094s][info][gc,stats    ]      Memory: Page Cache Flush                                  1 / 12                4 / 88                4 / 88                4 / 88          MB/s
[330.094s][info][gc,stats    ]      Memory: Page Cache Hit L1                               126 / 188             130 / 642             130 / 642             130 / 642         ops/s
[330.094s][info][gc,stats    ]      Memory: Page Cache Hit L2                                 0 / 0                 0 / 0                 0 / 0                 0 / 0           ops/s
[330.094s][info][gc,stats    ]      Memory: Page Cache Miss                                   0 / 1                 3 / 223               3 / 223               3 / 223         ops/s
[330.094s][info][gc,stats    ]      Memory: Undo Object Allocation Failed                     0 / 0                 0 / 0                 0 / 0                 0 / 0           ops/s
[330.094s][info][gc,stats    ]      Memory: Undo Object Allocation Succeeded                  0 / 2                 0 / 3                 0 / 3                 0 / 3           ops/s
[330.094s][info][gc,stats    ]      Memory: Undo Page Allocation                              0 / 0                 0 / 2                 0 / 2                 0 / 2           ops/s
[330.094s][info][gc,stats    ]       Phase: Concurrent Destroy Detached Pages             0.002 / 0.003         0.001 / 0.011         0.001 / 0.011         0.001 / 0.011       ms
[330.094s][info][gc,stats    ]       Phase: Concurrent Mark                             961.595 / 1169.244    864.349 / 1729.885    864.349 / 1729.885    864.349 / 1729.885    ms
[330.094s][info][gc,stats    ]       Phase: Concurrent Mark Continue                      0.000 / 0.000         0.000 / 0.000         0.000 / 0.000         0.000 / 0.000       ms
[330.094s][info][gc,stats    ]       Phase: Concurrent Prepare Relocation Set            10.737 / 17.373        7.347 / 64.267        7.347 / 64.267        7.347 / 64.267      ms
[330.094s][info][gc,stats    ]       Phase: Concurrent Process Non-Strong References      2.436 / 4.356         1.821 / 8.400         1.821 / 8.400         1.821 / 8.400       ms
[330.094s][info][gc,stats    ]       Phase: Concurrent Relocate                         150.979 / 176.789     143.677 / 822.347     143.677 / 822.347     143.677 / 822.347     ms
[330.094s][info][gc,stats    ]       Phase: Concurrent Reset Relocation Set               1.480 / 4.092         0.484 / 4.092         0.484 / 4.092         0.484 / 4.092       ms
[330.094s][info][gc,stats    ]       Phase: Concurrent Select Relocation Set              2.197 / 4.511         2.060 / 8.994         2.060 / 8.994         2.060 / 8.994       ms
[330.094s][info][gc,stats    ]       Phase: Pause Mark End                                0.506 / 0.920         0.432 / 5.757         0.432 / 5.757         0.432 / 5.757       ms
[330.094s][info][gc,stats    ]       Phase: Pause Mark Start                              5.313 / 7.129         3.957 / 9.673         3.957 / 9.673         3.957 / 9.673       ms
[330.094s][info][gc,stats    ]       Phase: Pause Relocate Start                          3.725 / 3.910         3.395 / 17.405        3.395 / 17.405        3.395 / 17.405      ms
[330.094s][info][gc,stats    ]    Subphase: Concurrent Mark                             957.052 / 1163.751    861.115 / 1728.745    861.115 / 1728.745    861.115 / 1728.745    ms
[330.094s][info][gc,stats    ]    Subphase: Concurrent Mark Idle                          0.000 / 0.000         0.000 / 0.000         0.000 / 0.000         0.000 / 0.000       ms
[330.094s][info][gc,stats    ]    Subphase: Concurrent Mark Try Flush                     1.212 / 5.173         1.397 / 13.453        1.397 / 13.453        1.397 / 13.453      ms
[330.094s][info][gc,stats    ]    Subphase: Concurrent Mark Try Terminate                 0.489 / 1.014         0.473 / 4.063         0.473 / 4.063         0.473 / 4.063       ms
[330.094s][info][gc,stats    ]    Subphase: Concurrent References Enqueue                 0.002 / 0.004         0.002 / 0.007         0.002 / 0.007         0.002 / 0.007       ms
[330.094s][info][gc,stats    ]    Subphase: Concurrent References Process                 1.365 / 3.563         0.822 / 5.130         0.822 / 5.130         0.822 / 5.130       ms
[330.094s][info][gc,stats    ]    Subphase: Concurrent Weak Roots                         1.056 / 2.130         0.887 / 5.871         0.887 / 5.871         0.887 / 5.871       ms
[330.094s][info][gc,stats    ]    Subphase: Concurrent Weak Roots JNIWeakHandles          0.000 / 0.000         0.000 / 0.001         0.000 / 0.001         0.000 / 0.001       ms
[330.094s][info][gc,stats    ]    Subphase: Concurrent Weak Roots StringTable             0.791 / 1.647         0.659 / 5.676         0.659 / 5.676         0.659 / 5.676       ms
[330.094s][info][gc,stats    ]    Subphase: Concurrent Weak Roots VMWeakHandles           0.263 / 0.480         0.227 / 3.748         0.227 / 3.748         0.227 / 3.748       ms
[330.094s][info][gc,stats    ]    Subphase: Pause Mark Try Complete                       0.000 / 0.000         0.002 / 0.002         0.002 / 0.002         0.002 / 0.002       ms
[330.094s][info][gc,stats    ]    Subphase: Pause Remap TLABS                             0.002 / 0.003         0.003 / 0.012         0.003 / 0.012         0.003 / 0.012       ms
[330.094s][info][gc,stats    ]    Subphase: Pause Retire TLABS                            0.028 / 0.040         0.026 / 0.074         0.026 / 0.074         0.026 / 0.074       ms
[330.094s][info][gc,stats    ]    Subphase: Pause Roots                                   3.077 / 6.788         2.357 / 17.042        2.357 / 17.042        2.357 / 17.042      ms
[330.094s][info][gc,stats    ]    Subphase: Pause Roots ClassLoaderDataGraph              0.684 / 0.812         0.721 / 5.679         0.721 / 5.679         0.721 / 5.679       ms
[330.094s][info][gc,stats    ]    Subphase: Pause Roots CodeCache                         3.089 / 5.530         2.134 / 15.185        2.134 / 15.185        2.134 / 15.185      ms
[330.094s][info][gc,stats    ]    Subphase: Pause Roots JNIHandles                        0.001 / 0.001         0.001 / 0.006         0.001 / 0.006         0.001 / 0.006       ms
[330.094s][info][gc,stats    ]    Subphase: Pause Roots JNIWeakHandles                    0.000 / 0.000         0.000 / 0.000         0.000 / 0.000         0.000 / 0.000       ms
[330.094s][info][gc,stats    ]    Subphase: Pause Roots JRFWeak                           0.000 / 0.000         0.000 / 0.000         0.000 / 0.000         0.000 / 0.000       ms
[330.094s][info][gc,stats    ]    Subphase: Pause Roots JVMTIExport                       0.000 / 0.001         0.000 / 0.001         0.000 / 0.001         0.000 / 0.001       ms
[330.094s][info][gc,stats    ]    Subphase: Pause Roots JVMTIWeakExport                   0.001 / 0.001         0.001 / 0.001         0.001 / 0.001         0.001 / 0.001       ms
[330.094s][info][gc,stats    ]    Subphase: Pause Roots Management                        0.001 / 0.001         0.002 / 0.337         0.002 / 0.337         0.002 / 0.337       ms
[330.094s][info][gc,stats    ]    Subphase: Pause Roots ObjectSynchronizer                0.000 / 0.000         0.000 / 0.001         0.000 / 0.001         0.000 / 0.001       ms
[330.094s][info][gc,stats    ]    Subphase: Pause Roots Setup                             0.192 / 0.307         0.181 / 0.423         0.181 / 0.423         0.181 / 0.423       ms
[330.094s][info][gc,stats    ]    Subphase: Pause Roots StringTable                       0.000 / 0.000         0.000 / 0.000         0.000 / 0.000         0.000 / 0.000       ms
[330.094s][info][gc,stats    ]    Subphase: Pause Roots SystemDictionary                  0.012 / 0.013         0.012 / 0.041         0.012 / 0.041         0.012 / 0.041       ms
[330.094s][info][gc,stats    ]    Subphase: Pause Roots Teardown                          0.001 / 0.002         0.001 / 0.005         0.001 / 0.005         0.001 / 0.005       ms
[330.094s][info][gc,stats    ]    Subphase: Pause Roots Threads                           0.469 / 0.869         0.437 / 5.701         0.437 / 5.701         0.437 / 5.701       ms
[330.094s][info][gc,stats    ]    Subphase: Pause Roots Universe                          0.002 / 0.003         0.002 / 0.020         0.002 / 0.020         0.002 / 0.020       ms
[330.094s][info][gc,stats    ]    Subphase: Pause Roots VMWeakHandles                     0.000 / 0.000         0.000 / 0.000         0.000 / 0.000         0.000 / 0.000       ms
[330.094s][info][gc,stats    ]    Subphase: Pause Weak Roots                              0.002 / 0.003         0.002 / 0.005         0.002 / 0.005         0.002 / 0.005       ms
[330.094s][info][gc,stats    ]    Subphase: Pause Weak Roots JFRWeak                      0.001 / 0.001         0.001 / 0.001         0.001 / 0.001         0.001 / 0.001       ms
[330.094s][info][gc,stats    ]    Subphase: Pause Weak Roots JNIWeakHandles               0.000 / 0.000         0.000 / 0.000         0.000 / 0.000         0.000 / 0.000       ms
[330.094s][info][gc,stats    ]    Subphase: Pause Weak Roots JVMTIWeakExport              0.001 / 0.001         0.001 / 0.005         0.001 / 0.005         0.001 / 0.005       ms
[330.094s][info][gc,stats    ]    Subphase: Pause Weak Roots Setup                        0.000 / 0.000         0.000 / 0.000         0.000 / 0.000         0.000 / 0.000       ms
[330.094s][info][gc,stats    ]    Subphase: Pause Weak Roots StringTable                  0.000 / 0.000         0.000 / 0.000         0.000 / 0.000         0.000 / 0.000       ms
[330.094s][info][gc,stats    ]    Subphase: Pause Weak Roots SymbolTable                  0.000 / 0.000         0.000 / 0.000         0.000 / 0.000         0.000 / 0.000       ms
[330.094s][info][gc,stats    ]    Subphase: Pause Weak Roots Teardown                     0.001 / 0.001         0.000 / 0.001         0.000 / 0.001         0.000 / 0.001       ms
[330.094s][info][gc,stats    ]    Subphase: Pause Weak Roots VMWeakHandles                0.000 / 0.000         0.000 / 0.000         0.000 / 0.000         0.000 / 0.000       ms
[330.094s][info][gc,stats    ]      System: Java Threads                                    164 / 168             142 / 168             142 / 168             142 / 168         threads
[330.094s][info][gc,stats    ] =========================================================================================================================================================
[331.207s][info][gc,phases   ] GC(187) Concurrent Mark 1202.199ms
[331.210s][info][gc,phases   ] GC(187) Pause Mark End 0.407ms
[331.212s][info][gc,phases   ] GC(187) Concurrent Process Non-Strong References 1.468ms
[331.212s][info][gc,phases   ] GC(187) Concurrent Reset Relocation Set 0.598ms
[331.212s][info][gc,phases   ] GC(187) Concurrent Destroy Detached Pages 0.001ms
[331.214s][info][gc,phases   ] GC(187) Concurrent Select Relocation Set 1.827ms
[331.223s][info][gc,phases   ] GC(187) Concurrent Prepare Relocation Set 8.592ms
[331.229s][info][gc,phases   ] GC(187) Pause Relocate Start 3.612ms
[331.440s][info][gc,phases   ] GC(187) Concurrent Relocate 207.361ms
[331.440s][info][gc,load     ] GC(187) Load: 1.80/1.74/1.20
[331.440s][info][gc,mmu      ] GC(187) MMU: 2ms/0.0%, 5ms/0.0%, 10ms/0.0%, 20ms/13.0%, 50ms/65.2%, 100ms/72.9%
[331.440s][info][gc,marking  ] GC(187) Mark: 1 stripe(s), 2 proactive flush(es), 1 terminate flush(es), 0 completion(s), 0 continuation(s) 
[331.440s][info][gc,reloc    ] GC(187) Relocation: Successful, 53M relocated
[331.440s][info][gc,nmethod  ] GC(187) NMethods: 7024 registered, 0 unregistered
[331.440s][info][gc,metaspace] GC(187) Metaspace: 75M used, 79M capacity, 79M committed, 80M reserved
[331.440s][info][gc,ref      ] GC(187) Soft: 4935 encountered, 0 discovered, 0 enqueued
[331.440s][info][gc,ref      ] GC(187) Weak: 5091 encountered, 4038 discovered, 78 enqueued
[331.440s][info][gc,ref      ] GC(187) Final: 28 encountered, 0 discovered, 0 enqueued
[331.440s][info][gc,ref      ] GC(187) Phantom: 662 encountered, 658 discovered, 0 enqueued
[331.440s][info][gc,heap     ] GC(187)                Mark Start          Mark End        Relocate Start      Relocate End           High               Low         
[331.440s][info][gc,heap     ] GC(187)  Capacity:     1990M (100%)       1990M (100%)       1990M (100%)       1990M (100%)       1990M (100%)       1990M (100%)   
[331.440s][info][gc,heap     ] GC(187)   Reserve:       34M (2%)           34M (2%)           34M (2%)           34M (2%)           34M (2%)           34M (2%)     
[331.440s][info][gc,heap     ] GC(187)      Free:     1152M (58%)        1076M (54%)        1090M (55%)        1510M (76%)        1510M (76%)        1076M (54%)    
[331.440s][info][gc,heap     ] GC(187)      Used:      804M (40%)         880M (44%)         866M (44%)         446M (22%)         880M (44%)         446M (22%)    
[331.440s][info][gc,heap     ] GC(187)      Live:         -               287M (14%)         287M (14%)         287M (14%)            -                  -          
[331.440s][info][gc,heap     ] GC(187) Allocated:         -                76M (4%)           78M (4%)          148M (7%)             -                  -          
[331.440s][info][gc,heap     ] GC(187)   Garbage:         -               516M (26%)         500M (25%)          42M (2%)             -                  -          
[331.440s][info][gc,heap     ] GC(187) Reclaimed:         -                  -                16M (1%)          474M (24%)            -                  -          
[331.440s][info][gc          ] GC(187) Garbage Collection (Allocation Rate) 804M(40%)->446M(22%)
[331.893s][info][gc,start    ] GC(188) Garbage Collection (Allocation Rate)
[331.900s][info][gc,phases   ] GC(188) Pause Mark Start 4.359ms
[332.711s][info][gc,phases   ] GC(188) Concurrent Mark 810.627ms
[332.714s][info][gc,phases   ] GC(188) Pause Mark End 0.381ms
[332.716s][info][gc,phases   ] GC(188) Concurrent Process Non-Strong References 1.481ms
[332.717s][info][gc,phases   ] GC(188) Concurrent Reset Relocation Set 0.801ms
[332.717s][info][gc,phases   ] GC(188) Concurrent Destroy Detached Pages 0.001ms
[332.718s][info][gc,phases   ] GC(188) Concurrent Select Relocation Set 1.686ms
[332.726s][info][gc,phases   ] GC(188) Concurrent Prepare Relocation Set 7.428ms
[332.732s][info][gc,phases   ] GC(188) Pause Relocate Start 3.688ms
[332.859s][info][gc,phases   ] GC(188) Concurrent Relocate 127.178ms
[332.859s][info][gc,load     ] GC(188) Load: 1.82/1.74/1.20
[332.860s][info][gc,mmu      ] GC(188) MMU: 2ms/0.0%, 5ms/0.0%, 10ms/0.0%, 20ms/13.0%, 50ms/65.2%, 100ms/72.9%
[332.860s][info][gc,marking  ] GC(188) Mark: 1 stripe(s), 2 proactive flush(es), 1 terminate flush(es), 0 completion(s), 0 continuation(s) 
[332.860s][info][gc,reloc    ] GC(188) Relocation: Successful, 55M relocated
[332.860s][info][gc,nmethod  ] GC(188) NMethods: 7033 registered, 0 unregistered
[332.860s][info][gc,metaspace] GC(188) Metaspace: 75M used, 79M capacity, 79M committed, 80M reserved
[332.860s][info][gc,ref      ] GC(188) Soft: 4935 encountered, 0 discovered, 0 enqueued
[332.860s][info][gc,ref      ] GC(188) Weak: 4976 encountered, 3922 discovered, 24 enqueued
[332.860s][info][gc,ref      ] GC(188) Final: 28 encountered, 0 discovered, 0 enqueued
[332.860s][info][gc,ref      ] GC(188) Phantom: 662 encountered, 658 discovered, 0 enqueued
[332.860s][info][gc,heap     ] GC(188)                Mark Start          Mark End        Relocate Start      Relocate End           High               Low         
[332.860s][info][gc,heap     ] GC(188)  Capacity:     1990M (100%)       1990M (100%)       1990M (100%)       1990M (100%)       1990M (100%)       1990M (100%)   
[332.860s][info][gc,heap     ] GC(188)   Reserve:       34M (2%)           34M (2%)           34M (2%)           34M (2%)           34M (2%)           34M (2%)     
[332.860s][info][gc,heap     ] GC(188)      Free:     1282M (64%)        1078M (54%)        1240M (62%)        1434M (72%)        1438M (72%)        1078M (54%)    
[332.860s][info][gc,heap     ] GC(188)      Used:      674M (34%)         878M (44%)         716M (36%)         522M (26%)         878M (44%)         518M (26%)    
[332.860s][info][gc,heap     ] GC(188)      Live:         -               247M (12%)         247M (12%)         247M (12%)            -                  -          
[332.860s][info][gc,heap     ] GC(188) Allocated:         -               204M (10%)         206M (10%)         296M (15%)            -                  -          
[332.860s][info][gc,heap     ] GC(188)   Garbage:         -               426M (21%)         262M (13%)          64M (3%)             -                  -          
[332.860s][info][gc,heap     ] GC(188) Reclaimed:         -                  -               164M (8%)          362M (18%)            -                  -          
[332.860s][info][gc          ] GC(188) Garbage Collection (Allocation Rate) 674M(34%)->522M(26%)
[333.293s][info][gc,start    ] GC(189) Garbage Collection (Allocation Rate)
[333.300s][info][gc,phases   ] GC(189) Pause Mark Start 4.286ms
[334.447s][info][gc,phases   ] GC(189) Concurrent Mark 1146.848ms
[334.450s][info][gc,phases   ] GC(189) Pause Mark End 0.408ms
[334.451s][info][gc,phases   ] GC(189) Concurrent Process Non-Strong References 1.449ms
[334.451s][info][gc,phases   ] GC(189) Concurrent Reset Relocation Set 0.027ms
[334.451s][info][gc,phases   ] GC(189) Concurrent Destroy Detached Pages 0.000ms
[334.453s][info][gc,phases   ] GC(189) Concurrent Select Relocation Set 1.567ms
[334.456s][info][gc,phases   ] GC(189) Concurrent Prepare Relocation Set 3.087ms
[334.460s][info][gc,phases   ] GC(189) Pause Relocate Start 3.580ms
[334.642s][info][gc,phases   ] GC(189) Concurrent Relocate 178.790ms
[334.642s][info][gc,load     ] GC(189) Load: 1.82/1.74/1.20
[334.642s][info][gc,mmu      ] GC(189) MMU: 2ms/0.0%, 5ms/0.0%, 10ms/0.0%, 20ms/13.0%, 50ms/65.2%, 100ms/72.9%
[334.642s][info][gc,marking  ] GC(189) Mark: 1 stripe(s), 2 proactive flush(es), 1 terminate flush(es), 0 completion(s), 0 continuation(s) 
[334.642s][info][gc,reloc    ] GC(189) Relocation: Successful, 51M relocated
[334.642s][info][gc,nmethod  ] GC(189) NMethods: 7033 registered, 0 unregistered
[334.642s][info][gc,metaspace] GC(189) Metaspace: 75M used, 79M capacity, 79M committed, 80M reserved
[334.642s][info][gc,ref      ] GC(189) Soft: 4935 encountered, 0 discovered, 0 enqueued
[334.642s][info][gc,ref      ] GC(189) Weak: 4953 encountered, 3899 discovered, 1 enqueued
[334.642s][info][gc,ref      ] GC(189) Final: 28 encountered, 0 discovered, 0 enqueued
[334.642s][info][gc,ref      ] GC(189) Phantom: 662 encountered, 658 discovered, 0 enqueued
[334.642s][info][gc,heap     ] GC(189)                Mark Start          Mark End        Relocate Start      Relocate End           High               Low         
[334.642s][info][gc,heap     ] GC(189)  Capacity:     1990M (100%)       1990M (100%)       1990M (100%)       1990M (100%)       1990M (100%)       1990M (100%)   
[334.642s][info][gc,heap     ] GC(189)   Reserve:       34M (2%)           34M (2%)           34M (2%)           34M (2%)           34M (2%)           34M (2%)     
[334.642s][info][gc,heap     ] GC(189)      Free:     1226M (62%)        1072M (54%)        1078M (54%)        1486M (75%)        1486M (75%)        1072M (54%)    
[334.642s][info][gc,heap     ] GC(189)      Used:      730M (37%)         884M (44%)         878M (44%)         470M (24%)         884M (44%)         470M (24%)    
[334.642s][info][gc,heap     ] GC(189)      Live:         -               277M (14%)         277M (14%)         277M (14%)            -                  -          
[334.642s][info][gc,heap     ] GC(189) Allocated:         -               154M (8%)          154M (8%)          186M (9%)             -                  -          
[334.642s][info][gc,heap     ] GC(189)   Garbage:         -               452M (23%)         446M (22%)          38M (2%)             -                  -          
[334.642s][info][gc,heap     ] GC(189) Reclaimed:         -                  -                 6M (0%)          414M (21%)            -                  -          
[334.642s][info][gc          ] GC(189) Garbage Collection (Allocation Rate) 730M(37%)->470M(24%)
[335.393s][info][gc,start    ] GC(190) Garbage Collection (Allocation Rate)
[335.400s][info][gc,phases   ] GC(190) Pause Mark Start 4.272ms
[336.216s][info][gc,phases   ] GC(190) Concurrent Mark 816.075ms
[336.220s][info][gc,phases   ] GC(190) Pause Mark End 0.366ms
[336.221s][info][gc,phases   ] GC(190) Concurrent Process Non-Strong References 1.490ms
[336.222s][info][gc,phases   ] GC(190) Concurrent Reset Relocation Set 0.753ms
[336.222s][info][gc,phases   ] GC(190) Concurrent Destroy Detached Pages 0.000ms
[336.223s][info][gc,phases   ] GC(190) Concurrent Select Relocation Set 1.527ms
[336.231s][info][gc,phases   ] GC(190) Concurrent Prepare Relocation Set 7.640ms
[336.238s][info][gc,phases   ] GC(190) Pause Relocate Start 3.794ms
[336.371s][info][gc,phases   ] GC(190) Concurrent Relocate 133.520ms
[336.371s][info][gc,load     ] GC(190) Load: 1.82/1.74/1.20
[336.371s][info][gc,mmu      ] GC(190) MMU: 2ms/0.0%, 5ms/0.0%, 10ms/0.0%, 20ms/13.0%, 50ms/65.2%, 100ms/72.9%
[336.371s][info][gc,marking  ] GC(190) Mark: 1 stripe(s), 2 proactive flush(es), 1 terminate flush(es), 0 completion(s), 0 continuation(s) 
[336.371s][info][gc,reloc    ] GC(190) Relocation: Successful, 55M relocated
[336.371s][info][gc,nmethod  ] GC(190) NMethods: 7038 registered, 0 unregistered
[336.371s][info][gc,metaspace] GC(190) Metaspace: 75M used, 79M capacity, 79M committed, 80M reserved
[336.371s][info][gc,ref      ] GC(190) Soft: 4935 encountered, 0 discovered, 0 enqueued
[336.371s][info][gc,ref      ] GC(190) Weak: 5142 encountered, 4082 discovered, 150 enqueued
[336.371s][info][gc,ref      ] GC(190) Final: 28 encountered, 0 discovered, 0 enqueued
[336.371s][info][gc,ref      ] GC(190) Phantom: 662 encountered, 658 discovered, 0 enqueued
[336.371s][info][gc,heap     ] GC(190)                Mark Start          Mark End        Relocate Start      Relocate End           High               Low         
[336.371s][info][gc,heap     ] GC(190)  Capacity:     1990M (100%)       1990M (100%)       1990M (100%)       1990M (100%)       1990M (100%)       1990M (100%)   
[336.371s][info][gc,heap     ] GC(190)   Reserve:       34M (2%)           34M (2%)           34M (2%)           34M (2%)           34M (2%)           34M (2%)     
[336.371s][info][gc,heap     ] GC(190)      Free:     1216M (61%)        1016M (51%)        1262M (63%)        1442M (72%)        1444M (73%)        1016M (51%)    
[336.371s][info][gc,heap     ] GC(190)      Used:      740M (37%)         940M (47%)         694M (35%)         514M (26%)         940M (47%)         512M (26%)    
[336.371s][info][gc,heap     ] GC(190)      Live:         -               247M (12%)         247M (12%)         247M (12%)            -                  -          
[336.371s][info][gc,heap     ] GC(190) Allocated:         -               200M (10%)         202M (10%)         296M (15%)            -                  -          
[336.371s][info][gc,heap     ] GC(190)   Garbage:         -               492M (25%)         244M (12%)          52M (3%)             -                  -          
[336.371s][info][gc,heap     ] GC(190) Reclaimed:         -                  -               248M (12%)         440M (22%)            -                  -          
[336.371s][info][gc          ] GC(190) Garbage Collection (Allocation Rate) 740M(37%)->514M(26%)
[336.893s][info][gc,start    ] GC(191) Garbage Collection (Allocation Rate)
[336.900s][info][gc,phases   ] GC(191) Pause Mark Start 4.253ms
[337.995s][info][gc,phases   ] GC(191) Concurrent Mark 1095.169ms
[337.999s][info][gc,phases   ] GC(191) Pause Mark End 0.775ms
[338.001s][info][gc,phases   ] GC(191) Concurrent Process Non-Strong References 1.638ms
[338.001s][info][gc,phases   ] GC(191) Concurrent Reset Relocation Set 0.621ms
[338.001s][info][gc,phases   ] GC(191) Concurrent Destroy Detached Pages 0.001ms
[338.003s][info][gc,phases   ] GC(191) Concurrent Select Relocation Set 1.518ms
[338.012s][info][gc,phases   ] GC(191) Concurrent Prepare Relocation Set 8.741ms
[338.018s][info][gc,phases   ] GC(191) Pause Relocate Start 3.598ms
[338.193s][info][gc,phases   ] GC(191) Concurrent Relocate 168.193ms
[338.193s][info][gc,load     ] GC(191) Load: 1.83/1.75/1.21
[338.193s][info][gc,mmu      ] GC(191) MMU: 2ms/0.0%, 5ms/0.0%, 10ms/0.0%, 20ms/13.0%, 50ms/65.2%, 100ms/72.9%
[338.193s][info][gc,marking  ] GC(191) Mark: 1 stripe(s), 2 proactive flush(es), 1 terminate flush(es), 0 completion(s), 0 continuation(s) 
[338.193s][info][gc,reloc    ] GC(191) Relocation: Successful, 47M relocated
[338.193s][info][gc,nmethod  ] GC(191) NMethods: 7039 registered, 0 unregistered
[338.193s][info][gc,metaspace] GC(191) Metaspace: 75M used, 79M capacity, 79M committed, 80M reserved
[338.193s][info][gc,ref      ] GC(191) Soft: 4935 encountered, 0 discovered, 0 enqueued
[338.193s][info][gc,ref      ] GC(191) Weak: 4984 encountered, 3932 discovered, 0 enqueued
[338.193s][info][gc,ref      ] GC(191) Final: 28 encountered, 0 discovered, 0 enqueued
[338.193s][info][gc,ref      ] GC(191) Phantom: 662 encountered, 658 discovered, 0 enqueued
[338.193s][info][gc,heap     ] GC(191)                Mark Start          Mark End        Relocate Start      Relocate End           High               Low         
[338.193s][info][gc,heap     ] GC(191)  Capacity:     1990M (100%)       1990M (100%)       1990M (100%)       1990M (100%)       1990M (100%)       1990M (100%)   
[338.193s][info][gc,heap     ] GC(191)   Reserve:       34M (2%)           34M (2%)           34M (2%)           34M (2%)           34M (2%)           34M (2%)     
[338.193s][info][gc,heap     ] GC(191)      Free:     1198M (60%)        1062M (53%)        1068M (54%)        1502M (75%)        1502M (75%)        1062M (53%)    
[338.193s][info][gc,heap     ] GC(191)      Used:      758M (38%)         894M (45%)         888M (45%)         454M (23%)         894M (45%)         454M (23%)    
[338.193s][info][gc,heap     ] GC(191)      Live:         -               278M (14%)         278M (14%)         278M (14%)            -                  -          
[338.193s][info][gc,heap     ] GC(191) Allocated:         -               136M (7%)          136M (7%)          166M (8%)             -                  -          
[338.193s][info][gc,heap     ] GC(191)   Garbage:         -               479M (24%)         473M (24%)          39M (2%)             -                  -          
[338.193s][info][gc,heap     ] GC(191) Reclaimed:         -                  -                 6M (0%)          440M (22%)            -                  -          
[338.193s][info][gc          ] GC(191) Garbage Collection (Allocation Rate) 758M(38%)->454M(23%)
[339.094s][info][gc,start    ] GC(192) Garbage Collection (Allocation Rate)
[339.101s][info][gc,phases   ] GC(192) Pause Mark Start 4.317ms
[339.627s][info][gc,heap     ] Page Cache Flushed: 6M requested, 6M(1082M->1076M) flushed
[339.808s][info][gc,phases   ] GC(192) Concurrent Mark 707.158ms
[339.811s][info][gc,phases   ] GC(192) Pause Mark End 0.379ms
[339.812s][info][gc,phases   ] GC(192) Concurrent Process Non-Strong References 1.457ms
[339.814s][info][gc,phases   ] GC(192) Concurrent Reset Relocation Set 1.270ms
[339.814s][info][gc,phases   ] GC(192) Concurrent Destroy Detached Pages 0.003ms
[339.815s][info][gc,phases   ] GC(192) Concurrent Select Relocation Set 1.530ms
[339.816s][info][gc,phases   ] GC(192) Concurrent Prepare Relocation Set 1.115ms
[339.822s][info][gc,phases   ] GC(192) Pause Relocate Start 3.640ms
[339.893s][info][gc,phases   ] GC(192) Concurrent Relocate 68.271ms
[339.893s][info][gc,load     ] GC(192) Load: 1.83/1.75/1.21
[339.893s][info][gc,mmu      ] GC(192) MMU: 2ms/0.0%, 5ms/0.0%, 10ms/0.0%, 20ms/13.0%, 50ms/65.2%, 100ms/72.9%
[339.893s][info][gc,marking  ] GC(192) Mark: 1 stripe(s), 2 proactive flush(es), 1 terminate flush(es), 0 completion(s), 0 continuation(s) 
[339.893s][info][gc,reloc    ] GC(192) Relocation: Successful, 19M relocated
[339.893s][info][gc,nmethod  ] GC(192) NMethods: 7057 registered, 0 unregistered
[339.893s][info][gc,metaspace] GC(192) Metaspace: 75M used, 79M capacity, 79M committed, 80M reserved
[339.893s][info][gc,ref      ] GC(192) Soft: 4934 encountered, 0 discovered, 0 enqueued
[339.893s][info][gc,ref      ] GC(192) Weak: 5188 encountered, 4058 discovered, 2 enqueued
[339.893s][info][gc,ref      ] GC(192) Final: 28 encountered, 0 discovered, 0 enqueued
[339.893s][info][gc,ref      ] GC(192) Phantom: 663 encountered, 468 discovered, 0 enqueued
[339.893s][info][gc,heap     ] GC(192)                Mark Start          Mark End        Relocate Start      Relocate End           High               Low         
[339.893s][info][gc,heap     ] GC(192)  Capacity:     1990M (100%)       1990M (100%)       1990M (100%)       1990M (100%)       1990M (100%)       1990M (100%)   
[339.893s][info][gc,heap     ] GC(192)   Reserve:       34M (2%)           34M (2%)           34M (2%)           34M (2%)           34M (2%)           34M (2%)     
[339.893s][info][gc,heap     ] GC(192)      Free:     1220M (61%)        1042M (52%)        1476M (74%)        1500M (75%)        1506M (76%)        1042M (52%)    
[339.893s][info][gc,heap     ] GC(192)      Used:      736M (37%)         914M (46%)         480M (24%)         456M (23%)         914M (46%)         450M (23%)    
[339.893s][info][gc,heap     ] GC(192)      Live:         -               217M (11%)         217M (11%)         217M (11%)            -                  -          
[339.893s][info][gc,heap     ] GC(192) Allocated:         -               178M (9%)          178M (9%)          214M (11%)            -                  -          
[339.893s][info][gc,heap     ] GC(192)   Garbage:         -               518M (26%)          84M (4%)           34M (2%)             -                  -          
[339.893s][info][gc,heap     ] GC(192) Reclaimed:         -                  -               434M (22%)         484M (24%)            -                  -          
[339.893s][info][gc          ] GC(192) Garbage Collection (Allocation Rate) 736M(37%)->456M(23%)
[340.093s][info][gc,stats    ] === Garbage Collection Statistics =======================================================================================================================
[340.093s][info][gc,stats    ]                                                              Last 10s              Last 10m              Last 10h                Total
[340.093s][info][gc,stats    ]                                                              Avg / Max             Avg / Max             Avg / Max             Avg / Max
[340.093s][info][gc,stats    ]   Collector: Garbage Collection Cycle                   1140.036 / 1446.747   1041.345 / 2620.137   1041.345 / 2620.137   1041.345 / 2620.137    ms
[340.093s][info][gc,stats    ]  Contention: Mark Segment Reset Contention                     0 / 0                 0 / 0                 0 / 0                 0 / 0           ops/s
[340.093s][info][gc,stats    ]  Contention: Mark SeqNum Reset Contention                      0 / 0                 0 / 0                 0 / 0                 0 / 0           ops/s
[340.093s][info][gc,stats    ]  Contention: Relocation Contention                             0 / 2                 0 / 3                 0 / 3                 0 / 3           ops/s
[340.093s][info][gc,stats    ]    Critical: Allocation Stall                              0.000 / 0.000         0.000 / 0.000         0.000 / 0.000         0.000 / 0.000       ms
[340.093s][info][gc,stats    ]    Critical: Allocation Stall                                  0 / 0                 0 / 0                 0 / 0                 0 / 0           ops/s
[340.093s][info][gc,stats    ]    Critical: GC Locker Stall                               0.000 / 0.000         0.000 / 0.000         0.000 / 0.000         0.000 / 0.000       ms
[340.093s][info][gc,stats    ]    Critical: GC Locker Stall                                   0 / 0                 0 / 0                 0 / 0                 0 / 0           ops/s
[340.093s][info][gc,stats    ]      Memory: Allocation Rate                                 236 / 338             281 / 1282            281 / 1282            281 / 1282        MB/s
[340.093s][info][gc,stats    ]      Memory: Heap Used After Mark                            898 / 940             947 / 1920            947 / 1920            947 / 1920        MB
[340.094s][info][gc,stats    ]      Memory: Heap Used After Relocation                      477 / 522             477 / 1180            477 / 1180            477 / 1180        MB
[340.094s][info][gc,stats    ]      Memory: Heap Used Before Mark                           727 / 758             761 / 1828            761 / 1828            761 / 1828        MB
[340.094s][info][gc,stats    ]      Memory: Heap Used Before Relocation                     753 / 888             698 / 1330            698 / 1330            698 / 1330        MB
[340.094s][info][gc,stats    ]      Memory: Out Of Memory                                     0 / 0                 0 / 0                 0 / 0                 0 / 0           ops/s
[340.094s][info][gc,stats    ]      Memory: Page Cache Flush                                  0 / 6                 4 / 88                4 / 88                4 / 88          MB/s
[340.094s][info][gc,stats    ]      Memory: Page Cache Hit L1                               111 / 178             129 / 642             129 / 642             129 / 642         ops/s
[340.094s][info][gc,stats    ]      Memory: Page Cache Hit L2                                 0 / 0                 0 / 0                 0 / 0                 0 / 0           ops/s
[340.094s][info][gc,stats    ]      Memory: Page Cache Miss                                   0 / 1                 3 / 223               3 / 223               3 / 223         ops/s
[340.094s][info][gc,stats    ]      Memory: Undo Object Allocation Failed                     0 / 0                 0 / 0                 0 / 0                 0 / 0           ops/s
[340.094s][info][gc,stats    ]      Memory: Undo Object Allocation Succeeded                  0 / 2                 0 / 3                 0 / 3                 0 / 3           ops/s
[340.094s][info][gc,stats    ]      Memory: Undo Page Allocation                              0 / 0                 0 / 2                 0 / 2                 0 / 2           ops/s
[340.094s][info][gc,stats    ]       Phase: Concurrent Destroy Detached Pages             0.001 / 0.003         0.001 / 0.011         0.001 / 0.011         0.001 / 0.011       ms
[340.094s][info][gc,stats    ]       Phase: Concurrent Mark                             963.013 / 1202.199    867.416 / 1729.885    867.416 / 1729.885    867.416 / 1729.885    ms
[340.094s][info][gc,stats    ]       Phase: Concurrent Mark Continue                      0.000 / 0.000         0.000 / 0.000         0.000 / 0.000         0.000 / 0.000       ms
[340.094s][info][gc,stats    ]       Phase: Concurrent Prepare Relocation Set             6.101 / 8.741         7.308 / 64.267        7.308 / 64.267        7.308 / 64.267      ms
[340.094s][info][gc,stats    ]       Phase: Concurrent Process Non-Strong References      1.497 / 1.638         1.811 / 8.400         1.811 / 8.400         1.811 / 8.400       ms
[340.094s][info][gc,stats    ]       Phase: Concurrent Relocate                         147.219 / 207.361     143.787 / 822.347     143.787 / 822.347     143.787 / 822.347     ms
[340.094s][info][gc,stats    ]       Phase: Concurrent Reset Relocation Set               0.678 / 1.270         0.490 / 4.092         0.490 / 4.092         0.490 / 4.092       ms
[340.094s][info][gc,stats    ]       Phase: Concurrent Select Relocation Set              1.609 / 1.827         2.046 / 8.994         2.046 / 8.994         2.046 / 8.994       ms
[340.094s][info][gc,stats    ]       Phase: Pause Mark End                                0.453 / 0.775         0.433 / 5.757         0.433 / 5.757         0.433 / 5.757       ms
[340.094s][info][gc,stats    ]       Phase: Pause Mark Start                              4.298 / 4.359         3.966 / 9.673         3.966 / 9.673         3.966 / 9.673       ms
[340.094s][info][gc,stats    ]       Phase: Pause Relocate Start                          3.652 / 3.794         3.403 / 17.405        3.403 / 17.405        3.403 / 17.405      ms
[340.094s][info][gc,stats    ]    Subphase: Concurrent Mark                             958.774 / 1198.245    864.151 / 1728.745    864.151 / 1728.745    864.151 / 1728.745    ms
[340.094s][info][gc,stats    ]    Subphase: Concurrent Mark Idle                          0.000 / 0.000         0.000 / 0.000         0.000 / 0.000         0.000 / 0.000       ms
[340.094s][info][gc,stats    ]    Subphase: Concurrent Mark Try Flush                     1.219 / 6.191         1.391 / 13.453        1.391 / 13.453        1.391 / 13.453      ms
[340.094s][info][gc,stats    ]    Subphase: Concurrent Mark Try Terminate                 0.489 / 0.997         0.473 / 4.063         0.473 / 4.063         0.473 / 4.063       ms
[340.094s][info][gc,stats    ]    Subphase: Concurrent References Enqueue                 0.002 / 0.003         0.002 / 0.007         0.002 / 0.007         0.002 / 0.007       ms
[340.094s][info][gc,stats    ]    Subphase: Concurrent References Process                 0.680 / 0.699         0.818 / 5.130         0.818 / 5.130         0.818 / 5.130       ms
[340.094s][info][gc,stats    ]    Subphase: Concurrent Weak Roots                         0.807 / 0.936         0.885 / 5.871         0.885 / 5.871         0.885 / 5.871       ms
[340.094s][info][gc,stats    ]    Subphase: Concurrent Weak Roots JNIWeakHandles          0.000 / 0.000         0.000 / 0.001         0.000 / 0.001         0.000 / 0.001       ms
[340.094s][info][gc,stats    ]    Subphase: Concurrent Weak Roots StringTable             0.607 / 0.741         0.657 / 5.676         0.657 / 5.676         0.657 / 5.676       ms
[340.094s][info][gc,stats    ]    Subphase: Concurrent Weak Roots VMWeakHandles           0.199 / 0.227         0.226 / 3.748         0.226 / 3.748         0.226 / 3.748       ms
[340.094s][info][gc,stats    ]    Subphase: Pause Mark Try Complete                       0.000 / 0.000         0.002 / 0.002         0.002 / 0.002         0.002 / 0.002       ms
[340.094s][info][gc,stats    ]    Subphase: Pause Remap TLABS                             0.003 / 0.003         0.003 / 0.012         0.003 / 0.012         0.003 / 0.012       ms
[340.094s][info][gc,stats    ]    Subphase: Pause Retire TLABS                            0.025 / 0.027         0.026 / 0.074         0.026 / 0.074         0.026 / 0.074       ms
[340.094s][info][gc,stats    ]    Subphase: Pause Roots                                   2.496 / 4.026         2.361 / 17.042        2.361 / 17.042        2.361 / 17.042      ms
[340.094s][info][gc,stats    ]    Subphase: Pause Roots ClassLoaderDataGraph              0.651 / 0.829         0.719 / 5.679         0.719 / 5.679         0.719 / 5.679       ms
[340.094s][info][gc,stats    ]    Subphase: Pause Roots CodeCache                         2.517 / 2.776         2.145 / 15.185        2.145 / 15.185        2.145 / 15.185      ms
[340.094s][info][gc,stats    ]    Subphase: Pause Roots JNIHandles                        0.001 / 0.001         0.001 / 0.006         0.001 / 0.006         0.001 / 0.006       ms
[340.094s][info][gc,stats    ]    Subphase: Pause Roots JNIWeakHandles                    0.000 / 0.000         0.000 / 0.000         0.000 / 0.000         0.000 / 0.000       ms
[340.094s][info][gc,stats    ]    Subphase: Pause Roots JRFWeak                           0.000 / 0.000         0.000 / 0.000         0.000 / 0.000         0.000 / 0.000       ms
[340.094s][info][gc,stats    ]    Subphase: Pause Roots JVMTIExport                       0.000 / 0.000         0.000 / 0.001         0.000 / 0.001         0.000 / 0.001       ms
[340.094s][info][gc,stats    ]    Subphase: Pause Roots JVMTIWeakExport                   0.001 / 0.001         0.001 / 0.001         0.001 / 0.001         0.001 / 0.001       ms
[340.094s][info][gc,stats    ]    Subphase: Pause Roots Management                        0.001 / 0.002         0.002 / 0.337         0.002 / 0.337         0.002 / 0.337       ms
[340.094s][info][gc,stats    ]    Subphase: Pause Roots ObjectSynchronizer                0.000 / 0.001         0.000 / 0.001         0.000 / 0.001         0.000 / 0.001       ms
[340.094s][info][gc,stats    ]    Subphase: Pause Roots Setup                             0.177 / 0.299         0.181 / 0.423         0.181 / 0.423         0.181 / 0.423       ms
[340.094s][info][gc,stats    ]    Subphase: Pause Roots StringTable                       0.000 / 0.000         0.000 / 0.000         0.000 / 0.000         0.000 / 0.000       ms
[340.094s][info][gc,stats    ]    Subphase: Pause Roots SystemDictionary                  0.013 / 0.023         0.012 / 0.041         0.012 / 0.041         0.012 / 0.041       ms
[340.094s][info][gc,stats    ]    Subphase: Pause Roots Teardown                          0.001 / 0.002         0.001 / 0.005         0.001 / 0.005         0.001 / 0.005       ms
[340.094s][info][gc,stats    ]    Subphase: Pause Roots Threads                           0.432 / 0.715         0.437 / 5.701         0.437 / 5.701         0.437 / 5.701       ms
[340.094s][info][gc,stats    ]    Subphase: Pause Roots Universe                          0.002 / 0.002         0.002 / 0.020         0.002 / 0.020         0.002 / 0.020       ms
[340.094s][info][gc,stats    ]    Subphase: Pause Roots VMWeakHandles                     0.000 / 0.000         0.000 / 0.000         0.000 / 0.000         0.000 / 0.000       ms
[340.094s][info][gc,stats    ]    Subphase: Pause Weak Roots                              0.001 / 0.002         0.002 / 0.005         0.002 / 0.005         0.002 / 0.005       ms
[340.094s][info][gc,stats    ]    Subphase: Pause Weak Roots JFRWeak                      0.001 / 0.001         0.001 / 0.001         0.001 / 0.001         0.001 / 0.001       ms
[340.094s][info][gc,stats    ]    Subphase: Pause Weak Roots JNIWeakHandles               0.000 / 0.000         0.000 / 0.000         0.000 / 0.000         0.000 / 0.000       ms
[340.094s][info][gc,stats    ]    Subphase: Pause Weak Roots JVMTIWeakExport              0.001 / 0.001         0.001 / 0.005         0.001 / 0.005         0.001 / 0.005       ms
[340.094s][info][gc,stats    ]    Subphase: Pause Weak Roots Setup                        0.000 / 0.000         0.000 / 0.000         0.000 / 0.000         0.000 / 0.000       ms
[340.094s][info][gc,stats    ]    Subphase: Pause Weak Roots StringTable                  0.000 / 0.000         0.000 / 0.000         0.000 / 0.000         0.000 / 0.000       ms
[340.094s][info][gc,stats    ]    Subphase: Pause Weak Roots SymbolTable                  0.000 / 0.000         0.000 / 0.000         0.000 / 0.000         0.000 / 0.000       ms
[340.094s][info][gc,stats    ]    Subphase: Pause Weak Roots Teardown                     0.000 / 0.001         0.000 / 0.001         0.000 / 0.001         0.000 / 0.001       ms
[340.094s][info][gc,stats    ]    Subphase: Pause Weak Roots VMWeakHandles                0.000 / 0.000         0.000 / 0.000         0.000 / 0.000         0.000 / 0.000       ms
[340.094s][info][gc,stats    ]      System: Java Threads                                    158 / 168             142 / 168             142 / 168             142 / 168         threads
[340.094s][info][gc,stats    ] =========================================================================================================================================================
[340.793s][info][gc,start    ] GC(193) Garbage Collection (Allocation Rate)
[340.801s][info][gc,phases   ] GC(193) Pause Mark Start 4.733ms
[341.507s][info][gc,phases   ] GC(193) Concurrent Mark 706.377ms
[341.510s][info][gc,phases   ] GC(193) Pause Mark End 0.364ms
[341.512s][info][gc,phases   ] GC(193) Concurrent Process Non-Strong References 1.484ms
[341.512s][info][gc,phases   ] GC(193) Concurrent Reset Relocation Set 0.010ms
[341.512s][info][gc,phases   ] GC(193) Concurrent Destroy Detached Pages 0.000ms
[341.514s][info][gc,phases   ] GC(193) Concurrent Select Relocation Set 2.648ms
[341.515s][info][gc,phases   ] GC(193) Concurrent Prepare Relocation Set 1.093ms
[341.522s][info][gc,phases   ] GC(193) Pause Relocate Start 3.702ms
[341.598s][info][gc,phases   ] GC(193) Concurrent Relocate 75.533ms
[341.598s][info][gc,load     ] GC(193) Load: 1.83/1.75/1.21
[341.598s][info][gc,mmu      ] GC(193) MMU: 2ms/0.0%, 5ms/0.0%, 10ms/0.0%, 20ms/13.0%, 50ms/65.2%, 100ms/72.9%
[341.598s][info][gc,marking  ] GC(193) Mark: 1 stripe(s), 2 proactive flush(es), 1 terminate flush(es), 0 completion(s), 0 continuation(s) 
[341.598s][info][gc,reloc    ] GC(193) Relocation: Successful, 20M relocated
[341.598s][info][gc,nmethod  ] GC(193) NMethods: 7098 registered, 0 unregistered
[341.598s][info][gc,metaspace] GC(193) Metaspace: 75M used, 79M capacity, 79M committed, 80M reserved
[341.598s][info][gc,ref      ] GC(193) Soft: 4935 encountered, 0 discovered, 0 enqueued
[341.598s][info][gc,ref      ] GC(193) Weak: 5290 encountered, 4278 discovered, 211 enqueued
[341.598s][info][gc,ref      ] GC(193) Final: 28 encountered, 0 discovered, 0 enqueued
[341.598s][info][gc,ref      ] GC(193) Phantom: 665 encountered, 470 discovered, 0 enqueued
[341.598s][info][gc,heap     ] GC(193)                Mark Start          Mark End        Relocate Start      Relocate End           High               Low         
[341.598s][info][gc,heap     ] GC(193)  Capacity:     1990M (100%)       1990M (100%)       1990M (100%)       1990M (100%)       1990M (100%)       1990M (100%)   
[341.598s][info][gc,heap     ] GC(193)   Reserve:       34M (2%)           34M (2%)           34M (2%)           34M (2%)           34M (2%)           34M (2%)     
[341.598s][info][gc,heap     ] GC(193)      Free:     1148M (58%)         982M (49%)        1452M (73%)        1526M (77%)        1528M (77%)         982M (49%)    
[341.598s][info][gc,heap     ] GC(193)      Used:      808M (41%)         974M (49%)         504M (25%)         430M (22%)         974M (49%)         428M (22%)    
[341.598s][info][gc,heap     ] GC(193)      Live:         -               212M (11%)         212M (11%)         212M (11%)            -                  -          
[341.598s][info][gc,heap     ] GC(193) Allocated:         -               166M (8%)          166M (8%)          196M (10%)            -                  -          
[341.598s][info][gc,heap     ] GC(193)   Garbage:         -               595M (30%)         125M (6%)           33M (2%)             -                  -          
[341.598s][info][gc,heap     ] GC(193) Reclaimed:         -                  -               470M (24%)         562M (28%)            -                  -          
[341.598s][info][gc          ] GC(193) Garbage Collection (Allocation Rate) 808M(41%)->430M(22%)
[342.393s][info][gc,start    ] GC(194) Garbage Collection (Allocation Rate)
[342.403s][info][gc,phases   ] GC(194) Pause Mark Start 7.010ms
[343.204s][info][gc,phases   ] GC(194) Concurrent Mark 799.379ms
[343.208s][info][gc,phases   ] GC(194) Pause Mark End 0.359ms
[343.212s][info][gc,phases   ] GC(194) Concurrent Process Non-Strong References 4.101ms
[343.213s][info][gc,phases   ] GC(194) Concurrent Reset Relocation Set 0.013ms
[343.213s][info][gc,phases   ] GC(194) Concurrent Destroy Detached Pages 0.000ms
[343.215s][info][gc,phases   ] GC(194) Concurrent Select Relocation Set 1.915ms
[343.219s][info][gc,phases   ] GC(194) Concurrent Prepare Relocation Set 3.959ms
[343.231s][info][gc,phases   ] GC(194) Pause Relocate Start 3.666ms
[343.415s][info][gc,phases   ] GC(194) Concurrent Relocate 184.638ms
[343.416s][info][gc,load     ] GC(194) Load: 1.85/1.75/1.21
[343.416s][info][gc,mmu      ] GC(194) MMU: 2ms/0.0%, 5ms/0.0%, 10ms/0.0%, 20ms/13.0%, 50ms/65.2%, 100ms/72.9%
[343.416s][info][gc,marking  ] GC(194) Mark: 1 stripe(s), 2 proactive flush(es), 1 terminate flush(es), 0 completion(s), 0 continuation(s) 
[343.416s][info][gc,reloc    ] GC(194) Relocation: Successful, 36M relocated
[343.416s][info][gc,nmethod  ] GC(194) NMethods: 7103 registered, 0 unregistered
[343.416s][info][gc,metaspace] GC(194) Metaspace: 75M used, 79M capacity, 79M committed, 80M reserved
[343.416s][info][gc,ref      ] GC(194) Soft: 4934 encountered, 0 discovered, 0 enqueued
[343.416s][info][gc,ref      ] GC(194) Weak: 5149 encountered, 4119 discovered, 156 enqueued
[343.416s][info][gc,ref      ] GC(194) Final: 28 encountered, 0 discovered, 0 enqueued
[343.416s][info][gc,ref      ] GC(194) Phantom: 662 encountered, 658 discovered, 0 enqueued
[343.416s][info][gc,heap     ] GC(194)                Mark Start          Mark End        Relocate Start      Relocate End           High               Low         
[343.416s][info][gc,heap     ] GC(194)  Capacity:     1990M (100%)       1990M (100%)       1990M (100%)       1990M (100%)       1990M (100%)       1990M (100%)   
[343.416s][info][gc,heap     ] GC(194)   Reserve:       34M (2%)           34M (2%)           34M (2%)           34M (2%)           34M (2%)           34M (2%)     
[343.416s][info][gc,heap     ] GC(194)      Free:     1072M (54%)         990M (50%)        1392M (70%)        1592M (80%)        1592M (80%)         990M (50%)    
[343.416s][info][gc,heap     ] GC(194)      Used:      884M (44%)         966M (49%)         564M (28%)         364M (18%)         966M (49%)         364M (18%)    
[343.416s][info][gc,heap     ] GC(194)      Live:         -               223M (11%)         223M (11%)         223M (11%)            -                  -          
[343.416s][info][gc,heap     ] GC(194) Allocated:         -                82M (4%)           90M (5%)          134M (7%)             -                  -          
[343.416s][info][gc,heap     ] GC(194)   Garbage:         -               660M (33%)         250M (13%)          40M (2%)             -                  -          
[343.416s][info][gc,heap     ] GC(194) Reclaimed:         -                  -               410M (21%)         620M (31%)            -                  -          
[343.416s][info][gc          ] GC(194) Garbage Collection (Allocation Rate) 884M(44%)->364M(18%)
[343.793s][info][gc,start    ] GC(195) Garbage Collection (Allocation Rate)
[343.800s][info][gc,phases   ] GC(195) Pause Mark Start 4.277ms
[344.026s][info][gc,heap     ] Page Cache Flushed: 32M requested, 36M(1162M->1126M) flushed
[344.588s][info][gc,phases   ] GC(195) Concurrent Mark 787.301ms
[344.590s][info][gc,phases   ] GC(195) Pause Mark End 0.346ms
[344.592s][info][gc,phases   ] GC(195) Concurrent Process Non-Strong References 1.480ms
[344.593s][info][gc,phases   ] GC(195) Concurrent Reset Relocation Set 0.657ms
[344.593s][info][gc,phases   ] GC(195) Concurrent Destroy Detached Pages 0.004ms
[344.594s][info][gc,phases   ] GC(195) Concurrent Select Relocation Set 1.531ms
[344.603s][info][gc,phases   ] GC(195) Concurrent Prepare Relocation Set 8.310ms
[344.607s][info][gc,phases   ] GC(195) Pause Relocate Start 3.679ms
[344.830s][info][gc,phases   ] GC(195) Concurrent Relocate 221.195ms
[344.830s][info][gc,load     ] GC(195) Load: 1.85/1.75/1.21
[344.830s][info][gc,mmu      ] GC(195) MMU: 2ms/0.0%, 5ms/0.0%, 10ms/0.0%, 20ms/13.0%, 50ms/65.2%, 100ms/72.9%
[344.830s][info][gc,marking  ] GC(195) Mark: 1 stripe(s), 2 proactive flush(es), 1 terminate flush(es), 0 completion(s), 0 continuation(s) 
[344.830s][info][gc,reloc    ] GC(195) Relocation: Successful, 43M relocated
[344.830s][info][gc,nmethod  ] GC(195) NMethods: 7111 registered, 0 unregistered
[344.830s][info][gc,metaspace] GC(195) Metaspace: 75M used, 79M capacity, 79M committed, 80M reserved
[344.830s][info][gc,ref      ] GC(195) Soft: 4934 encountered, 0 discovered, 0 enqueued
[344.830s][info][gc,ref      ] GC(195) Weak: 5002 encountered, 3953 discovered, 10 enqueued
[344.830s][info][gc,ref      ] GC(195) Final: 28 encountered, 0 discovered, 0 enqueued
[344.830s][info][gc,ref      ] GC(195) Phantom: 663 encountered, 659 discovered, 0 enqueued
[344.830s][info][gc,heap     ] GC(195)                Mark Start          Mark End        Relocate Start      Relocate End           High               Low         
[344.830s][info][gc,heap     ] GC(195)  Capacity:     1990M (100%)       1990M (100%)       1990M (100%)       1990M (100%)       1990M (100%)       1990M (100%)   
[344.830s][info][gc,heap     ] GC(195)   Reserve:       34M (2%)           34M (2%)           34M (2%)           34M (2%)           34M (2%)           34M (2%)     
[344.830s][info][gc,heap     ] GC(195)      Free:     1262M (63%)        1108M (56%)        1258M (63%)        1528M (77%)        1528M (77%)        1108M (56%)    
[344.830s][info][gc,heap     ] GC(195)      Used:      694M (35%)         848M (43%)         698M (35%)         428M (22%)         848M (43%)         428M (22%)    
[344.830s][info][gc,heap     ] GC(195)      Live:         -               225M (11%)         225M (11%)         225M (11%)            -                  -          
[344.830s][info][gc,heap     ] GC(195) Allocated:         -               154M (8%)          154M (8%)          234M (12%)            -                  -          
[344.830s][info][gc,heap     ] GC(195)   Garbage:         -               468M (24%)         318M (16%)          10M (1%)             -                  -          
[344.830s][info][gc,heap     ] GC(195) Reclaimed:         -                  -               150M (8%)          458M (23%)            -                  -          
[344.830s][info][gc          ] GC(195) Garbage Collection (Allocation Rate) 694M(35%)->428M(22%)
[345.193s][info][gc,start    ] GC(196) Garbage Collection (Allocation Rate)
[345.201s][info][gc,phases   ] GC(196) Pause Mark Start 4.732ms
[346.023s][info][gc,phases   ] GC(196) Concurrent Mark 822.050ms
[346.026s][info][gc,phases   ] GC(196) Pause Mark End 0.353ms
[346.027s][info][gc,phases   ] GC(196) Concurrent Process Non-Strong References 1.470ms
[346.028s][info][gc,phases   ] GC(196) Concurrent Reset Relocation Set 0.722ms
[346.028s][info][gc,phases   ] GC(196) Concurrent Destroy Detached Pages 0.000ms
[346.030s][info][gc,phases   ] GC(196) Concurrent Select Relocation Set 1.853ms
[346.039s][info][gc,phases   ] GC(196) Concurrent Prepare Relocation Set 9.310ms
[346.046s][info][gc,phases   ] GC(196) Pause Relocate Start 4.160ms
[346.276s][info][gc,phases   ] GC(196) Concurrent Relocate 227.160ms
[346.276s][info][gc,load     ] GC(196) Load: 1.85/1.75/1.21
[346.276s][info][gc,mmu      ] GC(196) MMU: 2ms/0.0%, 5ms/0.0%, 10ms/0.0%, 20ms/13.0%, 50ms/65.2%, 100ms/72.9%
[346.276s][info][gc,marking  ] GC(196) Mark: 1 stripe(s), 2 proactive flush(es), 1 terminate flush(es), 0 completion(s), 0 continuation(s) 
[346.276s][info][gc,reloc    ] GC(196) Relocation: Successful, 42M relocated
[346.276s][info][gc,nmethod  ] GC(196) NMethods: 7120 registered, 0 unregistered
[346.276s][info][gc,metaspace] GC(196) Metaspace: 75M used, 79M capacity, 79M committed, 80M reserved
[346.276s][info][gc,ref      ] GC(196) Soft: 4934 encountered, 0 discovered, 0 enqueued
[346.276s][info][gc,ref      ] GC(196) Weak: 4987 encountered, 3931 discovered, 18 enqueued
[346.276s][info][gc,ref      ] GC(196) Final: 28 encountered, 0 discovered, 0 enqueued
[346.276s][info][gc,ref      ] GC(196) Phantom: 663 encountered, 659 discovered, 0 enqueued
[346.276s][info][gc,heap     ] GC(196)                Mark Start          Mark End        Relocate Start      Relocate End           High               Low         
[346.276s][info][gc,heap     ] GC(196)  Capacity:     1990M (100%)       1990M (100%)       1990M (100%)       1990M (100%)       1990M (100%)       1990M (100%)   
[346.276s][info][gc,heap     ] GC(196)   Reserve:       34M (2%)           34M (2%)           34M (2%)           34M (2%)           34M (2%)           34M (2%)     
[346.276s][info][gc,heap     ] GC(196)      Free:     1272M (64%)        1054M (53%)        1244M (63%)        1424M (72%)        1424M (72%)        1054M (53%)    
[346.276s][info][gc,heap     ] GC(196)      Used:      684M (34%)         902M (45%)         712M (36%)         532M (27%)         902M (45%)         532M (27%)    
[346.276s][info][gc,heap     ] GC(196)      Live:         -               266M (13%)         266M (13%)         266M (13%)            -                  -          
[346.276s][info][gc,heap     ] GC(196) Allocated:         -               218M (11%)         218M (11%)         298M (15%)            -                  -          
[346.276s][info][gc,heap     ] GC(196)   Garbage:         -               417M (21%)         227M (11%)           7M (0%)             -                  -          
[346.276s][info][gc,heap     ] GC(196) Reclaimed:         -                  -               190M (10%)         410M (21%)            -                  -          
[346.276s][info][gc          ] GC(196) Garbage Collection (Allocation Rate) 684M(34%)->532M(27%)
[346.475s][info][gc,heap     ] Page Cache Flushed: 2M requested, 10M(1354M->1344M) flushed
[346.540s][info][gc,heap     ] Page Cache Flushed: 4M requested, 10M(1276M->1266M) flushed
[346.597s][info][gc,heap     ] Page Cache Flushed: 6M requested, 10M(1224M->1214M) flushed
[346.637s][info][gc,heap     ] Page Cache Flushed: 2M requested, 32M(1186M->1154M) flushed
[346.694s][info][gc,start    ] GC(197) Garbage Collection (Allocation Rate)
[346.701s][info][gc,phases   ] GC(197) Pause Mark Start 4.297ms
[347.641s][info][gc,phases   ] GC(197) Concurrent Mark 940.497ms
[347.641s][info][gc,phases   ] GC(197) Pause Mark End 0.197ms
[347.643s][info][gc,phases   ] GC(197) Concurrent Process Non-Strong References 1.565ms
[347.644s][info][gc,phases   ] GC(197) Concurrent Reset Relocation Set 0.726ms
[347.644s][info][gc,phases   ] GC(197) Concurrent Destroy Detached Pages 0.004ms
[347.645s][info][gc,phases   ] GC(197) Concurrent Select Relocation Set 1.576ms
[347.651s][info][gc,phases   ] GC(197) Concurrent Prepare Relocation Set 4.989ms
[347.654s][info][gc,phases   ] GC(197) Pause Relocate Start 3.271ms
[347.747s][info][gc,phases   ] GC(197) Concurrent Relocate 92.822ms
[347.747s][info][gc,load     ] GC(197) Load: 1.86/1.76/1.22
[347.747s][info][gc,mmu      ] GC(197) MMU: 2ms/0.0%, 5ms/0.0%, 10ms/0.0%, 20ms/13.0%, 50ms/65.2%, 100ms/72.9%
[347.747s][info][gc,marking  ] GC(197) Mark: 1 stripe(s), 2 proactive flush(es), 1 terminate flush(es), 0 completion(s), 0 continuation(s) 
[347.747s][info][gc,reloc    ] GC(197) Relocation: Successful, 36M relocated
[347.747s][info][gc,nmethod  ] GC(197) NMethods: 6726 registered, 434 unregistered
[347.747s][info][gc,metaspace] GC(197) Metaspace: 76M used, 80M capacity, 80M committed, 82M reserved
[347.747s][info][gc,ref      ] GC(197) Soft: 4933 encountered, 0 discovered, 0 enqueued
[347.747s][info][gc,ref      ] GC(197) Weak: 4947 encountered, 3963 discovered, 106 enqueued
[347.747s][info][gc,ref      ] GC(197) Final: 28 encountered, 0 discovered, 0 enqueued
[347.747s][info][gc,ref      ] GC(197) Phantom: 662 encountered, 658 discovered, 0 enqueued
[347.747s][info][gc,heap     ] GC(197)                Mark Start          Mark End        Relocate Start      Relocate End           High               Low         
[347.747s][info][gc,heap     ] GC(197)  Capacity:     1990M (100%)       1990M (100%)       1990M (100%)       1990M (100%)       1990M (100%)       1990M (100%)   
[347.747s][info][gc,heap     ] GC(197)   Reserve:       34M (2%)           34M (2%)           34M (2%)           34M (2%)           34M (2%)           34M (2%)     
[347.747s][info][gc,heap     ] GC(197)      Free:     1030M (52%)         386M (19%)         848M (43%)         994M (50%)        1030M (52%)         386M (19%)    
[347.747s][info][gc,heap     ] GC(197)      Used:      926M (47%)        1570M (79%)        1108M (56%)         962M (48%)        1570M (79%)         926M (47%)    
[347.747s][info][gc,heap     ] GC(197)      Live:         -               283M (14%)         283M (14%)         283M (14%)            -                  -          
[347.747s][info][gc,heap     ] GC(197) Allocated:         -               644M (32%)         644M (32%)         672M (34%)            -                  -          
[347.747s][info][gc,heap     ] GC(197)   Garbage:         -               642M (32%)         180M (9%)           34M (2%)             -                  -          
[347.747s][info][gc,heap     ] GC(197) Reclaimed:         -                  -               462M (23%)         608M (31%)            -                  -          
[347.747s][info][gc          ] GC(197) Garbage Collection (Allocation Rate) 926M(47%)->962M(48%)
[347.747s][info][gc,heap,exit] Heap
[347.747s][info][gc,heap,exit]  ZHeap           used 962M, capacity 1990M, max capacity 1990M
[347.747s][info][gc,heap,exit]  Metaspace       used 77890K, capacity 82017K, committed 82092K, reserved 83968K
