[0.003s][info][gc,heap] Heap region size: 1M
[0.004s][info][gc     ] Using G1
[0.004s][info][gc,heap,coops] Heap address: 0x0000000083a00000, size: 1990 MB, Compressed Oops mode: 32-bit
[0.487s][info][gc,start     ] GC(0) Pause Young (Normal) (G1 Evacuation Pause)
[0.488s][info][gc,task      ] GC(0) Using 1 workers of 1 for evacuation
[0.493s][info][gc,phases    ] GC(0)   Pre Evacuate Collection Set: 0.0ms
[0.493s][info][gc,phases    ] GC(0)   Evacuate Collection Set: 3.9ms
[0.493s][info][gc,phases    ] GC(0)   Post Evacuate Collection Set: 1.2ms
[0.493s][info][gc,phases    ] GC(0)   Other: 0.1ms
[0.493s][info][gc,heap      ] GC(0) Eden regions: 6->0(5)
[0.493s][info][gc,heap      ] GC(0) Survivor regions: 0->1(1)
[0.493s][info][gc,heap      ] GC(0) Old regions: 0->2
[0.493s][info][gc,heap      ] GC(0) Humongous regions: 0->0
[0.493s][info][gc,metaspace ] GC(0) Metaspace: 2148K->2148K(1056768K)
[0.493s][info][gc           ] GC(0) Pause Young (Normal) (G1 Evacuation Pause) 6M->2M(126M) 5.366ms
[0.493s][info][gc,cpu       ] GC(0) User=0.00s Sys=0.00s Real=0.01s
[0.636s][info][gc,start     ] GC(1) Pause Young (Normal) (G1 Evacuation Pause)
[0.636s][info][gc,task      ] GC(1) Using 1 workers of 1 for evacuation
[0.638s][info][gc,phases    ] GC(1)   Pre Evacuate Collection Set: 0.0ms
[0.638s][info][gc,phases    ] GC(1)   Evacuate Collection Set: 2.2ms
[0.638s][info][gc,phases    ] GC(1)   Post Evacuate Collection Set: 0.0ms
[0.638s][info][gc,phases    ] GC(1)   Other: 0.1ms
[0.638s][info][gc,heap      ] GC(1) Eden regions: 5->0(6)
[0.638s][info][gc,heap      ] GC(1) Survivor regions: 1->1(1)
[0.638s][info][gc,heap      ] GC(1) Old regions: 2->3
[0.638s][info][gc,heap      ] GC(1) Humongous regions: 0->0
[0.638s][info][gc,metaspace ] GC(1) Metaspace: 4284K->4284K(1056768K)
[0.638s][info][gc           ] GC(1) Pause Young (Normal) (G1 Evacuation Pause) 7M->2M(126M) 2.425ms
[0.638s][info][gc,cpu       ] GC(1) User=0.01s Sys=0.00s Real=0.00s
[0.850s][info][gc,start     ] GC(2) Pause Young (Normal) (G1 Evacuation Pause)
[0.850s][info][gc,task      ] GC(2) Using 1 workers of 1 for evacuation
[0.852s][info][gc,phases    ] GC(2)   Pre Evacuate Collection Set: 0.0ms
[0.852s][info][gc,phases    ] GC(2)   Evacuate Collection Set: 1.4ms
[0.852s][info][gc,phases    ] GC(2)   Post Evacuate Collection Set: 0.0ms
[0.852s][info][gc,phases    ] GC(2)   Other: 0.1ms
[0.852s][info][gc,heap      ] GC(2) Eden regions: 6->0(13)
[0.852s][info][gc,heap      ] GC(2) Survivor regions: 1->1(1)
[0.852s][info][gc,heap      ] GC(2) Old regions: 3->3
[0.852s][info][gc,heap      ] GC(2) Humongous regions: 0->0
[0.852s][info][gc,metaspace ] GC(2) Metaspace: 6643K->6643K(1058816K)
[0.852s][info][gc           ] GC(2) Pause Young (Normal) (G1 Evacuation Pause) 8M->2M(126M) 1.618ms
[0.852s][info][gc,cpu       ] GC(2) User=0.01s Sys=0.00s Real=0.00s
[1.247s][info][gc,task      ] GC(3) Using 1 workers of 1 for full compaction
[1.247s][info][gc,start     ] GC(3) Pause Full (System.gc())
[1.247s][info][gc,phases,start] GC(3) Phase 1: Mark live objects
[1.252s][info][gc,stringtable ] GC(3) Cleaned string and symbol table, strings: 4266 processed, 8 removed, symbols: 16722 processed, 6 removed
[1.253s][info][gc,phases      ] GC(3) Phase 1: Mark live objects 5.036ms
[1.253s][info][gc,phases,start] GC(3) Phase 2: Prepare for compaction
[1.258s][info][gc,phases      ] GC(3) Phase 2: Prepare for compaction 5.004ms
[1.258s][info][gc,phases,start] GC(3) Phase 3: Adjust pointers
[1.268s][info][gc,phases      ] GC(3) Phase 3: Adjust pointers 10.516ms
[1.268s][info][gc,phases,start] GC(3) Phase 4: Compact heap
[1.274s][info][gc,phases      ] GC(3) Phase 4: Compact heap 5.535ms
[1.282s][info][gc,heap        ] GC(3) Eden regions: 5->0(4)
[1.282s][info][gc,heap        ] GC(3) Survivor regions: 1->0(1)
[1.282s][info][gc,heap        ] GC(3) Old regions: 3->4
[1.282s][info][gc,heap        ] GC(3) Humongous regions: 0->0
[1.282s][info][gc,metaspace   ] GC(3) Metaspace: 8377K->8377K(1058816K)
[1.282s][info][gc             ] GC(3) Pause Full (System.gc()) 7M->3M(14M) 34.237ms
[1.282s][info][gc,cpu         ] GC(3) User=0.02s Sys=0.00s Real=0.03s
[1.403s][info][gc,start       ] GC(4) Pause Young (Normal) (G1 Evacuation Pause)
[1.403s][info][gc,task        ] GC(4) Using 1 workers of 1 for evacuation
[1.404s][info][gc,phases      ] GC(4)   Pre Evacuate Collection Set: 0.0ms
[1.404s][info][gc,phases      ] GC(4)   Evacuate Collection Set: 1.4ms
[1.404s][info][gc,phases      ] GC(4)   Post Evacuate Collection Set: 0.0ms
[1.404s][info][gc,phases      ] GC(4)   Other: 0.1ms
[1.404s][info][gc,heap        ] GC(4) Eden regions: 4->0(4)
[1.404s][info][gc,heap        ] GC(4) Survivor regions: 0->1(1)
[1.405s][info][gc,heap        ] GC(4) Old regions: 4->4
[1.405s][info][gc,heap        ] GC(4) Humongous regions: 0->0
[1.405s][info][gc,metaspace   ] GC(4) Metaspace: 9594K->9594K(1058816K)
[1.405s][info][gc             ] GC(4) Pause Young (Normal) (G1 Evacuation Pause) 7M->4M(14M) 1.633ms
[1.405s][info][gc,cpu         ] GC(4) User=0.00s Sys=0.00s Real=0.01s
[1.545s][info][gc,start       ] GC(5) Pause Young (Normal) (G1 Evacuation Pause)
[1.545s][info][gc,task        ] GC(5) Using 1 workers of 1 for evacuation
[1.546s][info][gc,phases      ] GC(5)   Pre Evacuate Collection Set: 0.0ms
[1.546s][info][gc,phases      ] GC(5)   Evacuate Collection Set: 1.4ms
[1.546s][info][gc,phases      ] GC(5)   Post Evacuate Collection Set: 0.0ms
[1.546s][info][gc,phases      ] GC(5)   Other: 0.1ms
[1.546s][info][gc,heap        ] GC(5) Eden regions: 4->0(3)
[1.546s][info][gc,heap        ] GC(5) Survivor regions: 1->1(1)
[1.546s][info][gc,heap        ] GC(5) Old regions: 4->5
[1.546s][info][gc,heap        ] GC(5) Humongous regions: 0->0
[1.546s][info][gc,metaspace   ] GC(5) Metaspace: 11271K->11271K(1060864K)
[1.546s][info][gc             ] GC(5) Pause Young (Normal) (G1 Evacuation Pause) 8M->4M(14M) 1.619ms
[1.546s][info][gc,cpu         ] GC(5) User=0.00s Sys=0.00s Real=0.01s
[1.644s][info][gc,start       ] GC(6) Pause Young (Normal) (G1 Evacuation Pause)
[1.645s][info][gc,task        ] GC(6) Using 1 workers of 1 for evacuation
[1.645s][info][gc,phases      ] GC(6)   Pre Evacuate Collection Set: 0.0ms
[1.645s][info][gc,phases      ] GC(6)   Evacuate Collection Set: 0.8ms
[1.645s][info][gc,phases      ] GC(6)   Post Evacuate Collection Set: 0.0ms
[1.645s][info][gc,phases      ] GC(6)   Other: 0.2ms
[1.645s][info][gc,heap        ] GC(6) Eden regions: 3->0(3)
[1.645s][info][gc,heap        ] GC(6) Survivor regions: 1->1(1)
[1.645s][info][gc,heap        ] GC(6) Old regions: 5->5
[1.645s][info][gc,heap        ] GC(6) Humongous regions: 0->0
[1.645s][info][gc,metaspace   ] GC(6) Metaspace: 12130K->12130K(1062912K)
[1.645s][info][gc             ] GC(6) Pause Young (Normal) (G1 Evacuation Pause) 7M->4M(14M) 1.007ms
[1.646s][info][gc,cpu         ] GC(6) User=0.00s Sys=0.00s Real=0.01s
[1.726s][info][gc,start       ] GC(7) Pause Young (Normal) (G1 Evacuation Pause)
[1.726s][info][gc,task        ] GC(7) Using 1 workers of 1 for evacuation
[1.727s][info][gc,phases      ] GC(7)   Pre Evacuate Collection Set: 0.0ms
[1.727s][info][gc,phases      ] GC(7)   Evacuate Collection Set: 1.1ms
[1.727s][info][gc,phases      ] GC(7)   Post Evacuate Collection Set: 0.0ms
[1.727s][info][gc,phases      ] GC(7)   Other: 0.1ms
[1.727s][info][gc,heap        ] GC(7) Eden regions: 3->0(2)
[1.727s][info][gc,heap        ] GC(7) Survivor regions: 1->1(1)
[1.727s][info][gc,heap        ] GC(7) Old regions: 5->6
[1.727s][info][gc,heap        ] GC(7) Humongous regions: 0->0
[1.727s][info][gc,metaspace   ] GC(7) Metaspace: 13328K->13328K(1062912K)
[1.727s][info][gc             ] GC(7) Pause Young (Normal) (G1 Evacuation Pause) 7M->4M(14M) 1.348ms
[1.727s][info][gc,cpu         ] GC(7) User=0.01s Sys=0.00s Real=0.00s
[1.839s][info][gc,start       ] GC(8) Pause Young (Normal) (G1 Evacuation Pause)
[1.839s][info][gc,task        ] GC(8) Using 1 workers of 1 for evacuation
[1.840s][info][gc,phases      ] GC(8)   Pre Evacuate Collection Set: 0.0ms
[1.840s][info][gc,phases      ] GC(8)   Evacuate Collection Set: 0.9ms
[1.840s][info][gc,phases      ] GC(8)   Post Evacuate Collection Set: 0.0ms
[1.840s][info][gc,phases      ] GC(8)   Other: 0.1ms
[1.840s][info][gc,heap        ] GC(8) Eden regions: 2->0(3)
[1.840s][info][gc,heap        ] GC(8) Survivor regions: 1->1(1)
[1.840s][info][gc,heap        ] GC(8) Old regions: 6->6
[1.840s][info][gc,heap        ] GC(8) Humongous regions: 0->0
[1.840s][info][gc,metaspace   ] GC(8) Metaspace: 13552K->13552K(1062912K)
[1.840s][info][gc             ] GC(8) Pause Young (Normal) (G1 Evacuation Pause) 6M->5M(14M) 1.107ms
[1.840s][info][gc,cpu         ] GC(8) User=0.00s Sys=0.00s Real=0.00s
[1.896s][info][gc,start       ] GC(9) Pause Young (Normal) (G1 Evacuation Pause)
[1.896s][info][gc,task        ] GC(9) Using 1 workers of 1 for evacuation
[1.897s][info][gc,phases      ] GC(9)   Pre Evacuate Collection Set: 0.0ms
[1.897s][info][gc,phases      ] GC(9)   Evacuate Collection Set: 0.8ms
[1.897s][info][gc,phases      ] GC(9)   Post Evacuate Collection Set: 0.0ms
[1.897s][info][gc,phases      ] GC(9)   Other: 0.1ms
[1.897s][info][gc,heap        ] GC(9) Eden regions: 3->0(3)
[1.897s][info][gc,heap        ] GC(9) Survivor regions: 1->1(1)
[1.897s][info][gc,heap        ] GC(9) Old regions: 6->6
[1.897s][info][gc,heap        ] GC(9) Humongous regions: 0->0
[1.897s][info][gc,metaspace   ] GC(9) Metaspace: 13555K->13555K(1062912K)
[1.897s][info][gc             ] GC(9) Pause Young (Normal) (G1 Evacuation Pause) 8M->5M(14M) 0.957ms
[1.897s][info][gc,cpu         ] GC(9) User=0.01s Sys=0.00s Real=0.00s
[1.939s][info][gc,start       ] GC(10) Pause Young (Normal) (G1 Evacuation Pause)
[1.939s][info][gc,task        ] GC(10) Using 1 workers of 1 for evacuation
[1.940s][info][gc,phases      ] GC(10)   Pre Evacuate Collection Set: 0.0ms
[1.940s][info][gc,phases      ] GC(10)   Evacuate Collection Set: 0.7ms
[1.940s][info][gc,phases      ] GC(10)   Post Evacuate Collection Set: 0.0ms
[1.940s][info][gc,phases      ] GC(10)   Other: 0.1ms
[1.940s][info][gc,heap        ] GC(10) Eden regions: 3->0(3)
[1.940s][info][gc,heap        ] GC(10) Survivor regions: 1->1(1)
[1.940s][info][gc,heap        ] GC(10) Old regions: 6->6
[1.940s][info][gc,heap        ] GC(10) Humongous regions: 0->0
[1.940s][info][gc,metaspace   ] GC(10) Metaspace: 13556K->13556K(1062912K)
[1.940s][info][gc             ] GC(10) Pause Young (Normal) (G1 Evacuation Pause) 8M->5M(14M) 0.913ms
[1.940s][info][gc,cpu         ] GC(10) User=0.00s Sys=0.00s Real=0.00s
[1.969s][info][gc,start       ] GC(11) Pause Young (Normal) (G1 Evacuation Pause)
[1.969s][info][gc,task        ] GC(11) Using 1 workers of 1 for evacuation
[1.970s][info][gc,phases      ] GC(11)   Pre Evacuate Collection Set: 0.0ms
[1.970s][info][gc,phases      ] GC(11)   Evacuate Collection Set: 0.9ms
[1.970s][info][gc,phases      ] GC(11)   Post Evacuate Collection Set: 0.0ms
[1.970s][info][gc,phases      ] GC(11)   Other: 0.1ms
[1.970s][info][gc,heap        ] GC(11) Eden regions: 3->0(3)
[1.970s][info][gc,heap        ] GC(11) Survivor regions: 1->1(1)
[1.970s][info][gc,heap        ] GC(11) Old regions: 6->6
[1.970s][info][gc,heap        ] GC(11) Humongous regions: 0->0
[1.970s][info][gc,metaspace   ] GC(11) Metaspace: 13639K->13639K(1062912K)
[1.970s][info][gc             ] GC(11) Pause Young (Normal) (G1 Evacuation Pause) 8M->5M(14M) 1.070ms
[1.970s][info][gc,cpu         ] GC(11) User=0.00s Sys=0.00s Real=0.00s
[2.015s][info][gc,start       ] GC(12) Pause Young (Normal) (G1 Evacuation Pause)
[2.015s][info][gc,task        ] GC(12) Using 1 workers of 1 for evacuation
[2.016s][info][gc,phases      ] GC(12)   Pre Evacuate Collection Set: 0.0ms
[2.016s][info][gc,phases      ] GC(12)   Evacuate Collection Set: 0.8ms
[2.016s][info][gc,phases      ] GC(12)   Post Evacuate Collection Set: 0.3ms
[2.016s][info][gc,phases      ] GC(12)   Other: 0.1ms
[2.016s][info][gc,heap        ] GC(12) Eden regions: 3->0(34)
[2.016s][info][gc,heap        ] GC(12) Survivor regions: 1->1(1)
[2.016s][info][gc,heap        ] GC(12) Old regions: 6->6
[2.016s][info][gc,heap        ] GC(12) Humongous regions: 0->0
[2.016s][info][gc,metaspace   ] GC(12) Metaspace: 13642K->13642K(1062912K)
[2.016s][info][gc             ] GC(12) Pause Young (Normal) (G1 Evacuation Pause) 8M->5M(70M) 1.192ms
[2.016s][info][gc,cpu         ] GC(12) User=0.00s Sys=0.00s Real=0.00s
[2.369s][info][gc,start       ] GC(13) Pause Young (Normal) (G1 Evacuation Pause)
[2.369s][info][gc,task        ] GC(13) Using 1 workers of 1 for evacuation
[2.370s][info][gc,phases      ] GC(13)   Pre Evacuate Collection Set: 0.0ms
[2.370s][info][gc,phases      ] GC(13)   Evacuate Collection Set: 0.9ms
[2.370s][info][gc,phases      ] GC(13)   Post Evacuate Collection Set: 0.1ms
[2.370s][info][gc,phases      ] GC(13)   Other: 0.1ms
[2.370s][info][gc,heap        ] GC(13) Eden regions: 34->0(41)
[2.370s][info][gc,heap        ] GC(13) Survivor regions: 1->1(5)
[2.370s][info][gc,heap        ] GC(13) Old regions: 6->6
[2.370s][info][gc,heap        ] GC(13) Humongous regions: 0->0
[2.370s][info][gc,metaspace   ] GC(13) Metaspace: 13663K->13663K(1062912K)
[2.370s][info][gc             ] GC(13) Pause Young (Normal) (G1 Evacuation Pause) 39M->5M(70M) 1.147ms
[2.370s][info][gc,cpu         ] GC(13) User=0.00s Sys=0.00s Real=0.00s
[2.552s][info][gc,start       ] GC(14) Pause Young (Normal) (G1 Evacuation Pause)
[2.553s][info][gc,task        ] GC(14) Using 1 workers of 1 for evacuation
[2.554s][info][gc,phases      ] GC(14)   Pre Evacuate Collection Set: 0.0ms
[2.554s][info][gc,phases      ] GC(14)   Evacuate Collection Set: 0.9ms
[2.554s][info][gc,phases      ] GC(14)   Post Evacuate Collection Set: 0.1ms
[2.554s][info][gc,phases      ] GC(14)   Other: 0.1ms
[2.554s][info][gc,heap        ] GC(14) Eden regions: 41->0(41)
[2.554s][info][gc,heap        ] GC(14) Survivor regions: 1->1(6)
[2.554s][info][gc,heap        ] GC(14) Old regions: 6->6
[2.554s][info][gc,heap        ] GC(14) Humongous regions: 0->0
[2.554s][info][gc,metaspace   ] GC(14) Metaspace: 13673K->13673K(1062912K)
[2.554s][info][gc             ] GC(14) Pause Young (Normal) (G1 Evacuation Pause) 46M->5M(70M) 1.170ms
[2.554s][info][gc,cpu         ] GC(14) User=0.00s Sys=0.00s Real=0.00s
[2.703s][info][gc,start       ] GC(15) Pause Young (Normal) (G1 Evacuation Pause)
[2.703s][info][gc,task        ] GC(15) Using 1 workers of 1 for evacuation
[2.704s][info][gc,phases      ] GC(15)   Pre Evacuate Collection Set: 0.0ms
[2.704s][info][gc,phases      ] GC(15)   Evacuate Collection Set: 0.8ms
[2.704s][info][gc,phases      ] GC(15)   Post Evacuate Collection Set: 0.1ms
[2.704s][info][gc,phases      ] GC(15)   Other: 0.1ms
[2.704s][info][gc,heap        ] GC(15) Eden regions: 41->0(41)
[2.704s][info][gc,heap        ] GC(15) Survivor regions: 1->1(6)
[2.704s][info][gc,heap        ] GC(15) Old regions: 6->6
[2.704s][info][gc,heap        ] GC(15) Humongous regions: 0->0
[2.704s][info][gc,metaspace   ] GC(15) Metaspace: 13692K->13692K(1062912K)
[2.704s][info][gc             ] GC(15) Pause Young (Normal) (G1 Evacuation Pause) 46M->5M(70M) 1.043ms
[2.705s][info][gc,cpu         ] GC(15) User=0.00s Sys=0.00s Real=0.00s
[2.817s][info][gc,task        ] GC(16) Using 1 workers of 1 for full compaction
[2.817s][info][gc,start       ] GC(16) Pause Full (System.gc())
[2.817s][info][gc,phases,start] GC(16) Phase 1: Mark live objects
[2.830s][info][gc,stringtable ] GC(16) Cleaned string and symbol table, strings: 4840 processed, 5 removed, symbols: 25019 processed, 12 removed
[2.830s][info][gc,phases      ] GC(16) Phase 1: Mark live objects 12.622ms
[2.830s][info][gc,phases,start] GC(16) Phase 2: Prepare for compaction
[2.831s][info][gc,phases      ] GC(16) Phase 2: Prepare for compaction 0.998ms
[2.831s][info][gc,phases,start] GC(16) Phase 3: Adjust pointers
[2.835s][info][gc,phases      ] GC(16) Phase 3: Adjust pointers 3.548ms
[2.835s][info][gc,phases,start] GC(16) Phase 4: Compact heap
[2.842s][info][gc,phases      ] GC(16) Phase 4: Compact heap 7.058ms
[2.851s][info][gc,heap        ] GC(16) Eden regions: 36->0(10)
[2.851s][info][gc,heap        ] GC(16) Survivor regions: 1->0(6)
[2.851s][info][gc,heap        ] GC(16) Old regions: 6->6
[2.851s][info][gc,heap        ] GC(16) Humongous regions: 0->0
[2.851s][info][gc,metaspace   ] GC(16) Metaspace: 13798K->13798K(1062912K)
[2.851s][info][gc             ] GC(16) Pause Full (System.gc()) 40M->4M(20M) 33.456ms
[2.851s][info][gc,cpu         ] GC(16) User=0.02s Sys=0.00s Real=0.03s
[2.903s][info][gc,start       ] GC(17) Pause Young (Normal) (G1 Evacuation Pause)
[2.903s][info][gc,task        ] GC(17) Using 1 workers of 1 for evacuation
[2.903s][info][gc,phases      ] GC(17)   Pre Evacuate Collection Set: 0.0ms
[2.903s][info][gc,phases      ] GC(17)   Evacuate Collection Set: 0.4ms
[2.903s][info][gc,phases      ] GC(17)   Post Evacuate Collection Set: 0.0ms
[2.903s][info][gc,phases      ] GC(17)   Other: 0.1ms
[2.903s][info][gc,heap        ] GC(17) Eden regions: 10->0(9)
[2.903s][info][gc,heap        ] GC(17) Survivor regions: 0->1(2)
[2.903s][info][gc,heap        ] GC(17) Old regions: 6->6
[2.903s][info][gc,heap        ] GC(17) Humongous regions: 0->0
[2.903s][info][gc,metaspace   ] GC(17) Metaspace: 13807K->13807K(1062912K)
[2.903s][info][gc             ] GC(17) Pause Young (Normal) (G1 Evacuation Pause) 14M->5M(20M) 0.512ms
[2.903s][info][gc,cpu         ] GC(17) User=0.00s Sys=0.00s Real=0.00s
[2.942s][info][gc,start       ] GC(18) Pause Young (Normal) (G1 Evacuation Pause)
[2.942s][info][gc,task        ] GC(18) Using 1 workers of 1 for evacuation
[2.943s][info][gc,phases      ] GC(18)   Pre Evacuate Collection Set: 0.0ms
[2.943s][info][gc,phases      ] GC(18)   Evacuate Collection Set: 0.3ms
[2.943s][info][gc,phases      ] GC(18)   Post Evacuate Collection Set: 0.0ms
[2.943s][info][gc,phases      ] GC(18)   Other: 0.1ms
[2.943s][info][gc,heap        ] GC(18) Eden regions: 9->0(10)
[2.943s][info][gc,heap        ] GC(18) Survivor regions: 1->1(2)
[2.943s][info][gc,heap        ] GC(18) Old regions: 6->6
[2.943s][info][gc,heap        ] GC(18) Humongous regions: 0->0
[2.943s][info][gc,metaspace   ] GC(18) Metaspace: 13807K->13807K(1062912K)
[2.943s][info][gc             ] GC(18) Pause Young (Normal) (G1 Evacuation Pause) 14M->5M(20M) 0.440ms
[2.943s][info][gc,cpu         ] GC(18) User=0.00s Sys=0.00s Real=0.00s
[2.983s][info][gc,start       ] GC(19) Pause Young (Normal) (G1 Evacuation Pause)
[2.983s][info][gc,task        ] GC(19) Using 1 workers of 1 for evacuation
[2.983s][info][gc,phases      ] GC(19)   Pre Evacuate Collection Set: 0.0ms
[2.983s][info][gc,phases      ] GC(19)   Evacuate Collection Set: 0.3ms
[2.983s][info][gc,phases      ] GC(19)   Post Evacuate Collection Set: 0.0ms
[2.983s][info][gc,phases      ] GC(19)   Other: 0.1ms
[2.983s][info][gc,heap        ] GC(19) Eden regions: 10->0(10)
[2.983s][info][gc,heap        ] GC(19) Survivor regions: 1->1(2)
[2.983s][info][gc,heap        ] GC(19) Old regions: 6->6
[2.983s][info][gc,heap        ] GC(19) Humongous regions: 0->0
[2.983s][info][gc,metaspace   ] GC(19) Metaspace: 13807K->13807K(1062912K)
[2.983s][info][gc             ] GC(19) Pause Young (Normal) (G1 Evacuation Pause) 15M->5M(20M) 0.441ms
[2.983s][info][gc,cpu         ] GC(19) User=0.00s Sys=0.00s Real=0.00s
[3.023s][info][gc,start       ] GC(20) Pause Young (Normal) (G1 Evacuation Pause)
[3.023s][info][gc,task        ] GC(20) Using 1 workers of 1 for evacuation
[3.023s][info][gc,phases      ] GC(20)   Pre Evacuate Collection Set: 0.0ms
[3.023s][info][gc,phases      ] GC(20)   Evacuate Collection Set: 0.3ms
[3.023s][info][gc,phases      ] GC(20)   Post Evacuate Collection Set: 0.0ms
[3.023s][info][gc,phases      ] GC(20)   Other: 0.1ms
[3.023s][info][gc,heap        ] GC(20) Eden regions: 10->0(10)
[3.023s][info][gc,heap        ] GC(20) Survivor regions: 1->1(2)
[3.023s][info][gc,heap        ] GC(20) Old regions: 6->6
[3.023s][info][gc,heap        ] GC(20) Humongous regions: 0->0
[3.023s][info][gc,metaspace   ] GC(20) Metaspace: 13811K->13811K(1062912K)
[3.023s][info][gc             ] GC(20) Pause Young (Normal) (G1 Evacuation Pause) 15M->4M(20M) 0.413ms
[3.023s][info][gc,cpu         ] GC(20) User=0.00s Sys=0.00s Real=0.00s
[3.058s][info][gc,start       ] GC(21) Pause Young (Normal) (G1 Evacuation Pause)
[3.058s][info][gc,task        ] GC(21) Using 1 workers of 1 for evacuation
[3.059s][info][gc,phases      ] GC(21)   Pre Evacuate Collection Set: 0.0ms
[3.059s][info][gc,phases      ] GC(21)   Evacuate Collection Set: 0.3ms
[3.059s][info][gc,phases      ] GC(21)   Post Evacuate Collection Set: 0.0ms
[3.059s][info][gc,phases      ] GC(21)   Other: 0.1ms
[3.059s][info][gc,heap        ] GC(21) Eden regions: 10->0(10)
[3.059s][info][gc,heap        ] GC(21) Survivor regions: 1->1(2)
[3.059s][info][gc,heap        ] GC(21) Old regions: 6->6
[3.059s][info][gc,heap        ] GC(21) Humongous regions: 0->0
[3.059s][info][gc,metaspace   ] GC(21) Metaspace: 13822K->13822K(1062912K)
[3.059s][info][gc             ] GC(21) Pause Young (Normal) (G1 Evacuation Pause) 14M->4M(20M) 0.457ms
[3.059s][info][gc,cpu         ] GC(21) User=0.00s Sys=0.00s Real=0.00s
[3.091s][info][gc,start       ] GC(22) Pause Young (Normal) (G1 Evacuation Pause)
[3.091s][info][gc,task        ] GC(22) Using 1 workers of 1 for evacuation
[3.092s][info][gc,phases      ] GC(22)   Pre Evacuate Collection Set: 0.0ms
[3.092s][info][gc,phases      ] GC(22)   Evacuate Collection Set: 0.3ms
[3.092s][info][gc,phases      ] GC(22)   Post Evacuate Collection Set: 0.0ms
[3.092s][info][gc,phases      ] GC(22)   Other: 0.1ms
[3.092s][info][gc,heap        ] GC(22) Eden regions: 10->0(10)
[3.092s][info][gc,heap        ] GC(22) Survivor regions: 1->1(2)
[3.092s][info][gc,heap        ] GC(22) Old regions: 6->6
[3.092s][info][gc,heap        ] GC(22) Humongous regions: 0->0
[3.092s][info][gc,metaspace   ] GC(22) Metaspace: 13825K->13825K(1062912K)
[3.092s][info][gc             ] GC(22) Pause Young (Normal) (G1 Evacuation Pause) 14M->4M(20M) 0.427ms
[3.092s][info][gc,cpu         ] GC(22) User=0.00s Sys=0.00s Real=0.00s
[3.119s][info][gc,start       ] GC(23) Pause Young (Normal) (G1 Evacuation Pause)
[3.119s][info][gc,task        ] GC(23) Using 1 workers of 1 for evacuation
[3.119s][info][gc,phases      ] GC(23)   Pre Evacuate Collection Set: 0.0ms
[3.119s][info][gc,phases      ] GC(23)   Evacuate Collection Set: 0.3ms
[3.119s][info][gc,phases      ] GC(23)   Post Evacuate Collection Set: 0.0ms
[3.119s][info][gc,phases      ] GC(23)   Other: 0.1ms
[3.119s][info][gc,heap        ] GC(23) Eden regions: 10->0(10)
[3.119s][info][gc,heap        ] GC(23) Survivor regions: 1->1(2)
[3.119s][info][gc,heap        ] GC(23) Old regions: 6->6
[3.119s][info][gc,heap        ] GC(23) Humongous regions: 0->0
[3.119s][info][gc,metaspace   ] GC(23) Metaspace: 13825K->13825K(1062912K)
[3.119s][info][gc             ] GC(23) Pause Young (Normal) (G1 Evacuation Pause) 14M->4M(20M) 0.469ms
[3.119s][info][gc,cpu         ] GC(23) User=0.00s Sys=0.00s Real=0.00s
[3.149s][info][gc,start       ] GC(24) Pause Young (Normal) (G1 Evacuation Pause)
[3.149s][info][gc,task        ] GC(24) Using 1 workers of 1 for evacuation
[3.149s][info][gc,phases      ] GC(24)   Pre Evacuate Collection Set: 0.0ms
[3.149s][info][gc,phases      ] GC(24)   Evacuate Collection Set: 0.3ms
[3.149s][info][gc,phases      ] GC(24)   Post Evacuate Collection Set: 0.0ms
[3.149s][info][gc,phases      ] GC(24)   Other: 0.1ms
[3.149s][info][gc,heap        ] GC(24) Eden regions: 10->0(10)
[3.149s][info][gc,heap        ] GC(24) Survivor regions: 1->1(2)
[3.149s][info][gc,heap        ] GC(24) Old regions: 6->6
[3.149s][info][gc,heap        ] GC(24) Humongous regions: 0->0
[3.149s][info][gc,metaspace   ] GC(24) Metaspace: 13825K->13825K(1062912K)
[3.149s][info][gc             ] GC(24) Pause Young (Normal) (G1 Evacuation Pause) 14M->4M(20M) 0.423ms
[3.149s][info][gc,cpu         ] GC(24) User=0.00s Sys=0.00s Real=0.00s
[3.179s][info][gc,start       ] GC(25) Pause Young (Normal) (G1 Evacuation Pause)
[3.180s][info][gc,task        ] GC(25) Using 1 workers of 1 for evacuation
[3.180s][info][gc,phases      ] GC(25)   Pre Evacuate Collection Set: 0.0ms
[3.180s][info][gc,phases      ] GC(25)   Evacuate Collection Set: 0.3ms
[3.180s][info][gc,phases      ] GC(25)   Post Evacuate Collection Set: 0.0ms
[3.180s][info][gc,phases      ] GC(25)   Other: 0.4ms
[3.180s][info][gc,heap        ] GC(25) Eden regions: 10->0(10)
[3.180s][info][gc,heap        ] GC(25) Survivor regions: 1->1(2)
[3.180s][info][gc,heap        ] GC(25) Old regions: 6->6
[3.180s][info][gc,heap        ] GC(25) Humongous regions: 0->0
[3.180s][info][gc,metaspace   ] GC(25) Metaspace: 13825K->13825K(1062912K)
[3.180s][info][gc             ] GC(25) Pause Young (Normal) (G1 Evacuation Pause) 14M->4M(20M) 0.756ms
[3.180s][info][gc,cpu         ] GC(25) User=0.00s Sys=0.00s Real=0.00s
[3.200s][info][gc,start       ] GC(26) Pause Young (Normal) (G1 Evacuation Pause)
[3.200s][info][gc,task        ] GC(26) Using 1 workers of 1 for evacuation
[3.200s][info][gc,phases      ] GC(26)   Pre Evacuate Collection Set: 0.0ms
[3.200s][info][gc,phases      ] GC(26)   Evacuate Collection Set: 0.3ms
[3.200s][info][gc,phases      ] GC(26)   Post Evacuate Collection Set: 0.0ms
[3.200s][info][gc,phases      ] GC(26)   Other: 0.1ms
[3.200s][info][gc,heap        ] GC(26) Eden regions: 10->0(10)
[3.200s][info][gc,heap        ] GC(26) Survivor regions: 1->1(2)
[3.200s][info][gc,heap        ] GC(26) Old regions: 6->6
[3.200s][info][gc,heap        ] GC(26) Humongous regions: 0->0
[3.200s][info][gc,metaspace   ] GC(26) Metaspace: 13825K->13825K(1062912K)
[3.200s][info][gc             ] GC(26) Pause Young (Normal) (G1 Evacuation Pause) 14M->4M(20M) 0.497ms
[3.200s][info][gc,cpu         ] GC(26) User=0.00s Sys=0.00s Real=0.00s
[3.210s][info][gc,start       ] GC(27) Pause Young (Normal) (G1 Evacuation Pause)
[3.210s][info][gc,task        ] GC(27) Using 1 workers of 1 for evacuation
[3.210s][info][gc,phases      ] GC(27)   Pre Evacuate Collection Set: 0.0ms
[3.210s][info][gc,phases      ] GC(27)   Evacuate Collection Set: 0.3ms
[3.210s][info][gc,phases      ] GC(27)   Post Evacuate Collection Set: 0.0ms
[3.210s][info][gc,phases      ] GC(27)   Other: 0.1ms
[3.210s][info][gc,heap        ] GC(27) Eden regions: 10->0(10)
[3.210s][info][gc,heap        ] GC(27) Survivor regions: 1->1(2)
[3.210s][info][gc,heap        ] GC(27) Old regions: 6->6
[3.210s][info][gc,heap        ] GC(27) Humongous regions: 0->0
[3.210s][info][gc,metaspace   ] GC(27) Metaspace: 13825K->13825K(1062912K)
[3.210s][info][gc             ] GC(27) Pause Young (Normal) (G1 Evacuation Pause) 14M->4M(20M) 0.449ms
[3.210s][info][gc,cpu         ] GC(27) User=0.00s Sys=0.00s Real=0.00s
[3.220s][info][gc,start       ] GC(28) Pause Young (Normal) (G1 Evacuation Pause)
[3.220s][info][gc,task        ] GC(28) Using 1 workers of 1 for evacuation
[3.220s][info][gc,phases      ] GC(28)   Pre Evacuate Collection Set: 0.0ms
[3.220s][info][gc,phases      ] GC(28)   Evacuate Collection Set: 0.3ms
[3.220s][info][gc,phases      ] GC(28)   Post Evacuate Collection Set: 0.0ms
[3.220s][info][gc,phases      ] GC(28)   Other: 0.1ms
[3.220s][info][gc,heap        ] GC(28) Eden regions: 10->0(10)
[3.220s][info][gc,heap        ] GC(28) Survivor regions: 1->1(2)
[3.220s][info][gc,heap        ] GC(28) Old regions: 6->6
[3.220s][info][gc,heap        ] GC(28) Humongous regions: 0->0
[3.220s][info][gc,metaspace   ] GC(28) Metaspace: 13825K->13825K(1062912K)
[3.220s][info][gc             ] GC(28) Pause Young (Normal) (G1 Evacuation Pause) 14M->4M(20M) 0.426ms
[3.220s][info][gc,cpu         ] GC(28) User=0.00s Sys=0.00s Real=0.00s
[3.229s][info][gc,start       ] GC(29) Pause Young (Normal) (G1 Evacuation Pause)
[3.229s][info][gc,task        ] GC(29) Using 1 workers of 1 for evacuation
[3.230s][info][gc,phases      ] GC(29)   Pre Evacuate Collection Set: 0.0ms
[3.230s][info][gc,phases      ] GC(29)   Evacuate Collection Set: 0.3ms
[3.230s][info][gc,phases      ] GC(29)   Post Evacuate Collection Set: 0.0ms
[3.230s][info][gc,phases      ] GC(29)   Other: 0.1ms
[3.230s][info][gc,heap        ] GC(29) Eden regions: 10->0(10)
[3.230s][info][gc,heap        ] GC(29) Survivor regions: 1->1(2)
[3.230s][info][gc,heap        ] GC(29) Old regions: 6->6
[3.230s][info][gc,heap        ] GC(29) Humongous regions: 0->0
[3.230s][info][gc,metaspace   ] GC(29) Metaspace: 13825K->13825K(1062912K)
[3.230s][info][gc             ] GC(29) Pause Young (Normal) (G1 Evacuation Pause) 14M->4M(20M) 0.442ms
[3.230s][info][gc,cpu         ] GC(29) User=0.00s Sys=0.00s Real=0.00s
[3.239s][info][gc,start       ] GC(30) Pause Young (Normal) (G1 Evacuation Pause)
[3.239s][info][gc,task        ] GC(30) Using 1 workers of 1 for evacuation
[3.239s][info][gc,phases      ] GC(30)   Pre Evacuate Collection Set: 0.0ms
[3.240s][info][gc,phases      ] GC(30)   Evacuate Collection Set: 0.3ms
[3.240s][info][gc,phases      ] GC(30)   Post Evacuate Collection Set: 0.3ms
[3.240s][info][gc,phases      ] GC(30)   Other: 0.1ms
[3.240s][info][gc,heap        ] GC(30) Eden regions: 10->0(42)
[3.240s][info][gc,heap        ] GC(30) Survivor regions: 1->1(2)
[3.240s][info][gc,heap        ] GC(30) Old regions: 6->6
[3.240s][info][gc,heap        ] GC(30) Humongous regions: 0->0
[3.240s][info][gc,metaspace   ] GC(30) Metaspace: 13825K->13825K(1062912K)
[3.240s][info][gc             ] GC(30) Pause Young (Normal) (G1 Evacuation Pause) 14M->4M(73M) 0.616ms
[3.240s][info][gc,cpu         ] GC(30) User=0.00s Sys=0.00s Real=0.00s
[3.274s][info][gc,task        ] GC(31) Using 1 workers of 1 for full compaction
[3.274s][info][gc,start       ] GC(31) Pause Full (System.gc())
[3.274s][info][gc,phases,start] GC(31) Phase 1: Mark live objects
[3.285s][info][gc,stringtable ] GC(31) Cleaned string and symbol table, strings: 4835 processed, 0 removed, symbols: 25007 processed, 0 removed
[3.285s][info][gc,phases      ] GC(31) Phase 1: Mark live objects 10.139ms
[3.285s][info][gc,phases,start] GC(31) Phase 2: Prepare for compaction
[3.288s][info][gc,phases      ] GC(31) Phase 2: Prepare for compaction 3.090ms
[3.288s][info][gc,phases,start] GC(31) Phase 3: Adjust pointers
[3.294s][info][gc,phases      ] GC(31) Phase 3: Adjust pointers 6.484ms
[3.294s][info][gc,phases,start] GC(31) Phase 4: Compact heap
[3.295s][info][gc,phases      ] GC(31) Phase 4: Compact heap 0.846ms
[3.296s][info][gc,heap        ] GC(31) Eden regions: 16->0(11)
[3.296s][info][gc,heap        ] GC(31) Survivor regions: 1->0(2)
[3.296s][info][gc,heap        ] GC(31) Old regions: 6->6
[3.296s][info][gc,heap        ] GC(31) Humongous regions: 0->0
[3.297s][info][gc,metaspace   ] GC(31) Metaspace: 13830K->13830K(1062912K)
[3.297s][info][gc             ] GC(31) Pause Full (System.gc()) 20M->4M(20M) 22.118ms
[3.297s][info][gc,cpu         ] GC(31) User=0.01s Sys=0.00s Real=0.02s
[3.316s][info][gc,start       ] GC(32) Pause Young (Normal) (G1 Evacuation Pause)
[3.316s][info][gc,task        ] GC(32) Using 1 workers of 1 for evacuation
[3.316s][info][gc,phases      ] GC(32)   Pre Evacuate Collection Set: 0.0ms
[3.316s][info][gc,phases      ] GC(32)   Evacuate Collection Set: 0.3ms
[3.316s][info][gc,phases      ] GC(32)   Post Evacuate Collection Set: 0.0ms
[3.316s][info][gc,phases      ] GC(32)   Other: 0.1ms
[3.316s][info][gc,heap        ] GC(32) Eden regions: 11->0(10)
[3.316s][info][gc,heap        ] GC(32) Survivor regions: 0->1(2)
[3.316s][info][gc,heap        ] GC(32) Old regions: 6->6
[3.316s][info][gc,heap        ] GC(32) Humongous regions: 0->0
[3.316s][info][gc,metaspace   ] GC(32) Metaspace: 13830K->13830K(1062912K)
[3.316s][info][gc             ] GC(32) Pause Young (Normal) (G1 Evacuation Pause) 15M->4M(20M) 0.413ms
[3.316s][info][gc,cpu         ] GC(32) User=0.00s Sys=0.00s Real=0.00s
[3.326s][info][gc,start       ] GC(33) Pause Young (Normal) (G1 Evacuation Pause)
[3.326s][info][gc,task        ] GC(33) Using 1 workers of 1 for evacuation
[3.326s][info][gc,phases      ] GC(33)   Pre Evacuate Collection Set: 0.0ms
[3.326s][info][gc,phases      ] GC(33)   Evacuate Collection Set: 0.3ms
[3.326s][info][gc,phases      ] GC(33)   Post Evacuate Collection Set: 0.1ms
[3.326s][info][gc,phases      ] GC(33)   Other: 0.1ms
[3.326s][info][gc,heap        ] GC(33) Eden regions: 10->0(10)
[3.326s][info][gc,heap        ] GC(33) Survivor regions: 1->1(2)
[3.326s][info][gc,heap        ] GC(33) Old regions: 6->6
[3.326s][info][gc,heap        ] GC(33) Humongous regions: 0->0
[3.326s][info][gc,metaspace   ] GC(33) Metaspace: 13832K->13832K(1062912K)
[3.326s][info][gc             ] GC(33) Pause Young (Normal) (G1 Evacuation Pause) 14M->4M(20M) 0.466ms
[3.326s][info][gc,cpu         ] GC(33) User=0.00s Sys=0.00s Real=0.00s
[3.338s][info][gc,start       ] GC(34) Pause Young (Normal) (G1 Evacuation Pause)
[3.338s][info][gc,task        ] GC(34) Using 1 workers of 1 for evacuation
[3.339s][info][gc,phases      ] GC(34)   Pre Evacuate Collection Set: 0.0ms
[3.339s][info][gc,phases      ] GC(34)   Evacuate Collection Set: 0.3ms
[3.339s][info][gc,phases      ] GC(34)   Post Evacuate Collection Set: 0.0ms
[3.339s][info][gc,phases      ] GC(34)   Other: 0.1ms
[3.339s][info][gc,heap        ] GC(34) Eden regions: 10->0(10)
[3.339s][info][gc,heap        ] GC(34) Survivor regions: 1->1(2)
[3.339s][info][gc,heap        ] GC(34) Old regions: 6->6
[3.339s][info][gc,heap        ] GC(34) Humongous regions: 0->0
[3.339s][info][gc,metaspace   ] GC(34) Metaspace: 13832K->13832K(1062912K)
[3.339s][info][gc             ] GC(34) Pause Young (Normal) (G1 Evacuation Pause) 14M->4M(20M) 0.405ms
[3.339s][info][gc,cpu         ] GC(34) User=0.00s Sys=0.00s Real=0.00s
[3.357s][info][gc,start       ] GC(35) Pause Young (Normal) (G1 Evacuation Pause)
[3.357s][info][gc,task        ] GC(35) Using 1 workers of 1 for evacuation
[3.358s][info][gc,phases      ] GC(35)   Pre Evacuate Collection Set: 0.0ms
[3.358s][info][gc,phases      ] GC(35)   Evacuate Collection Set: 0.3ms
[3.358s][info][gc,phases      ] GC(35)   Post Evacuate Collection Set: 0.3ms
[3.358s][info][gc,phases      ] GC(35)   Other: 0.1ms
[3.358s][info][gc,heap        ] GC(35) Eden regions: 10->0(42)
[3.358s][info][gc,heap        ] GC(35) Survivor regions: 1->1(2)
[3.358s][info][gc,heap        ] GC(35) Old regions: 6->6
[3.358s][info][gc,heap        ] GC(35) Humongous regions: 0->0
[3.358s][info][gc,metaspace   ] GC(35) Metaspace: 13832K->13832K(1062912K)
[3.358s][info][gc             ] GC(35) Pause Young (Normal) (G1 Evacuation Pause) 14M->4M(73M) 0.653ms
[3.358s][info][gc,cpu         ] GC(35) User=0.00s Sys=0.00s Real=0.00s
[3.409s][info][gc,start       ] GC(36) Pause Young (Normal) (G1 Evacuation Pause)
[3.409s][info][gc,task        ] GC(36) Using 1 workers of 1 for evacuation
[3.410s][info][gc,phases      ] GC(36)   Pre Evacuate Collection Set: 0.0ms
[3.410s][info][gc,phases      ] GC(36)   Evacuate Collection Set: 0.3ms
[3.410s][info][gc,phases      ] GC(36)   Post Evacuate Collection Set: 0.1ms
[3.410s][info][gc,phases      ] GC(36)   Other: 0.1ms
[3.410s][info][gc,heap        ] GC(36) Eden regions: 42->0(42)
[3.410s][info][gc,heap        ] GC(36) Survivor regions: 1->1(6)
[3.410s][info][gc,heap        ] GC(36) Old regions: 6->6
[3.410s][info][gc,heap        ] GC(36) Humongous regions: 0->0
[3.410s][info][gc,metaspace   ] GC(36) Metaspace: 13837K->13837K(1062912K)
[3.410s][info][gc             ] GC(36) Pause Young (Normal) (G1 Evacuation Pause) 46M->4M(73M) 0.484ms
[3.410s][info][gc,cpu         ] GC(36) User=0.00s Sys=0.00s Real=0.00s
[3.451s][info][gc,start       ] GC(37) Pause Young (Normal) (G1 Evacuation Pause)
[3.451s][info][gc,task        ] GC(37) Using 1 workers of 1 for evacuation
[3.452s][info][gc,phases      ] GC(37)   Pre Evacuate Collection Set: 0.0ms
[3.452s][info][gc,phases      ] GC(37)   Evacuate Collection Set: 0.3ms
[3.452s][info][gc,phases      ] GC(37)   Post Evacuate Collection Set: 0.1ms
[3.452s][info][gc,phases      ] GC(37)   Other: 0.1ms
[3.452s][info][gc,heap        ] GC(37) Eden regions: 42->0(42)
[3.452s][info][gc,heap        ] GC(37) Survivor regions: 1->1(6)
[3.452s][info][gc,heap        ] GC(37) Old regions: 6->6
[3.452s][info][gc,heap        ] GC(37) Humongous regions: 0->0
[3.452s][info][gc,metaspace   ] GC(37) Metaspace: 13838K->13838K(1062912K)
[3.452s][info][gc             ] GC(37) Pause Young (Normal) (G1 Evacuation Pause) 46M->4M(73M) 0.479ms
[3.452s][info][gc,cpu         ] GC(37) User=0.00s Sys=0.00s Real=0.00s
[3.489s][info][gc,task        ] GC(38) Using 1 workers of 1 for full compaction
[3.489s][info][gc,start       ] GC(38) Pause Full (System.gc())
[3.489s][info][gc,phases,start] GC(38) Phase 1: Mark live objects
[3.495s][info][gc,stringtable ] GC(38) Cleaned string and symbol table, strings: 4857 processed, 0 removed, symbols: 25007 processed, 0 removed
[3.495s][info][gc,phases      ] GC(38) Phase 1: Mark live objects 6.104ms
[3.495s][info][gc,phases,start] GC(38) Phase 2: Prepare for compaction
[3.496s][info][gc,phases      ] GC(38) Phase 2: Prepare for compaction 0.931ms
[3.496s][info][gc,phases,start] GC(38) Phase 3: Adjust pointers
[3.502s][info][gc,phases      ] GC(38) Phase 3: Adjust pointers 5.696ms
[3.502s][info][gc,phases,start] GC(38) Phase 4: Compact heap
[3.503s][info][gc,phases      ] GC(38) Phase 4: Compact heap 0.765ms
[3.505s][info][gc,heap        ] GC(38) Eden regions: 29->0(11)
[3.505s][info][gc,heap        ] GC(38) Survivor regions: 1->0(6)
[3.505s][info][gc,heap        ] GC(38) Old regions: 6->6
[3.505s][info][gc,heap        ] GC(38) Humongous regions: 0->0
[3.505s][info][gc,metaspace   ] GC(38) Metaspace: 13839K->13839K(1062912K)
[3.505s][info][gc             ] GC(38) Pause Full (System.gc()) 33M->4M(20M) 16.011ms
[3.505s][info][gc,cpu         ] GC(38) User=0.01s Sys=0.00s Real=0.02s
[3.520s][info][gc,start       ] GC(39) Pause Young (Normal) (G1 Evacuation Pause)
[3.520s][info][gc,task        ] GC(39) Using 1 workers of 1 for evacuation
[3.521s][info][gc,phases      ] GC(39)   Pre Evacuate Collection Set: 0.0ms
[3.521s][info][gc,phases      ] GC(39)   Evacuate Collection Set: 0.3ms
[3.521s][info][gc,phases      ] GC(39)   Post Evacuate Collection Set: 0.0ms
[3.521s][info][gc,phases      ] GC(39)   Other: 0.1ms
[3.521s][info][gc,heap        ] GC(39) Eden regions: 11->0(10)
[3.521s][info][gc,heap        ] GC(39) Survivor regions: 0->1(2)
[3.521s][info][gc,heap        ] GC(39) Old regions: 6->6
[3.521s][info][gc,heap        ] GC(39) Humongous regions: 0->0
[3.521s][info][gc,metaspace   ] GC(39) Metaspace: 13846K->13846K(1062912K)
[3.521s][info][gc             ] GC(39) Pause Young (Normal) (G1 Evacuation Pause) 15M->4M(20M) 0.458ms
[3.521s][info][gc,cpu         ] GC(39) User=0.00s Sys=0.00s Real=0.00s
[3.534s][info][gc,start       ] GC(40) Pause Young (Normal) (G1 Evacuation Pause)
[3.534s][info][gc,task        ] GC(40) Using 1 workers of 1 for evacuation
[3.535s][info][gc,phases      ] GC(40)   Pre Evacuate Collection Set: 0.0ms
[3.535s][info][gc,phases      ] GC(40)   Evacuate Collection Set: 0.3ms
[3.535s][info][gc,phases      ] GC(40)   Post Evacuate Collection Set: 0.2ms
[3.535s][info][gc,phases      ] GC(40)   Other: 0.1ms
[3.535s][info][gc,heap        ] GC(40) Eden regions: 10->0(42)
[3.535s][info][gc,heap        ] GC(40) Survivor regions: 1->1(2)
[3.535s][info][gc,heap        ] GC(40) Old regions: 6->6
[3.535s][info][gc,heap        ] GC(40) Humongous regions: 0->0
[3.535s][info][gc,metaspace   ] GC(40) Metaspace: 13846K->13846K(1062912K)
[3.535s][info][gc             ] GC(40) Pause Young (Normal) (G1 Evacuation Pause) 14M->4M(73M) 0.599ms
[3.535s][info][gc,cpu         ] GC(40) User=0.00s Sys=0.00s Real=0.00s
[3.583s][info][gc,start       ] GC(41) Pause Young (Normal) (G1 Evacuation Pause)
[3.583s][info][gc,task        ] GC(41) Using 1 workers of 1 for evacuation
[3.583s][info][gc,phases      ] GC(41)   Pre Evacuate Collection Set: 0.0ms
[3.583s][info][gc,phases      ] GC(41)   Evacuate Collection Set: 0.3ms
[3.583s][info][gc,phases      ] GC(41)   Post Evacuate Collection Set: 0.1ms
[3.583s][info][gc,phases      ] GC(41)   Other: 0.1ms
[3.583s][info][gc,heap        ] GC(41) Eden regions: 42->0(42)
[3.583s][info][gc,heap        ] GC(41) Survivor regions: 1->1(6)
[3.583s][info][gc,heap        ] GC(41) Old regions: 6->6
[3.583s][info][gc,heap        ] GC(41) Humongous regions: 0->0
[3.583s][info][gc,metaspace   ] GC(41) Metaspace: 13846K->13846K(1062912K)
[3.583s][info][gc             ] GC(41) Pause Young (Normal) (G1 Evacuation Pause) 46M->4M(73M) 0.505ms
[3.583s][info][gc,cpu         ] GC(41) User=0.00s Sys=0.00s Real=0.00s
[3.630s][info][gc,start       ] GC(42) Pause Young (Normal) (G1 Evacuation Pause)
[3.630s][info][gc,task        ] GC(42) Using 1 workers of 1 for evacuation
[3.631s][info][gc,phases      ] GC(42)   Pre Evacuate Collection Set: 0.0ms
[3.631s][info][gc,phases      ] GC(42)   Evacuate Collection Set: 0.3ms
[3.631s][info][gc,phases      ] GC(42)   Post Evacuate Collection Set: 0.1ms
[3.631s][info][gc,phases      ] GC(42)   Other: 0.1ms
[3.631s][info][gc,heap        ] GC(42) Eden regions: 42->0(42)
[3.631s][info][gc,heap        ] GC(42) Survivor regions: 1->1(6)
[3.631s][info][gc,heap        ] GC(42) Old regions: 6->6
[3.631s][info][gc,heap        ] GC(42) Humongous regions: 0->0
[3.631s][info][gc,metaspace   ] GC(42) Metaspace: 13853K->13853K(1062912K)
[3.631s][info][gc             ] GC(42) Pause Young (Normal) (G1 Evacuation Pause) 46M->4M(73M) 0.477ms
[3.631s][info][gc,cpu         ] GC(42) User=0.00s Sys=0.00s Real=0.00s
[3.668s][info][gc,start       ] GC(43) Pause Young (Normal) (G1 Evacuation Pause)
[3.668s][info][gc,task        ] GC(43) Using 1 workers of 1 for evacuation
[3.668s][info][gc,phases      ] GC(43)   Pre Evacuate Collection Set: 0.0ms
[3.668s][info][gc,phases      ] GC(43)   Evacuate Collection Set: 0.3ms
[3.668s][info][gc,phases      ] GC(43)   Post Evacuate Collection Set: 0.1ms
[3.668s][info][gc,phases      ] GC(43)   Other: 0.1ms
[3.668s][info][gc,heap        ] GC(43) Eden regions: 42->0(42)
[3.668s][info][gc,heap        ] GC(43) Survivor regions: 1->1(6)
[3.668s][info][gc,heap        ] GC(43) Old regions: 6->6
[3.668s][info][gc,heap        ] GC(43) Humongous regions: 0->0
[3.668s][info][gc,metaspace   ] GC(43) Metaspace: 13853K->13853K(1062912K)
[3.668s][info][gc             ] GC(43) Pause Young (Normal) (G1 Evacuation Pause) 46M->4M(73M) 0.454ms
[3.668s][info][gc,cpu         ] GC(43) User=0.00s Sys=0.00s Real=0.00s
[3.676s][info][gc,task        ] GC(44) Using 1 workers of 1 for full compaction
[3.676s][info][gc,start       ] GC(44) Pause Full (System.gc())
[3.676s][info][gc,phases,start] GC(44) Phase 1: Mark live objects
[3.682s][info][gc,stringtable ] GC(44) Cleaned string and symbol table, strings: 4858 processed, 0 removed, symbols: 25007 processed, 0 removed
[3.682s][info][gc,phases      ] GC(44) Phase 1: Mark live objects 6.209ms
[3.682s][info][gc,phases,start] GC(44) Phase 2: Prepare for compaction
[3.683s][info][gc,phases      ] GC(44) Phase 2: Prepare for compaction 0.911ms
[3.683s][info][gc,phases,start] GC(44) Phase 3: Adjust pointers
[3.688s][info][gc,phases      ] GC(44) Phase 3: Adjust pointers 4.407ms
[3.688s][info][gc,phases,start] GC(44) Phase 4: Compact heap
[3.688s][info][gc,phases      ] GC(44) Phase 4: Compact heap 0.725ms
[3.691s][info][gc,heap        ] GC(44) Eden regions: 8->0(11)
[3.691s][info][gc,heap        ] GC(44) Survivor regions: 1->0(6)
[3.691s][info][gc,heap        ] GC(44) Old regions: 6->6
[3.691s][info][gc,heap        ] GC(44) Humongous regions: 0->0
[3.691s][info][gc,metaspace   ] GC(44) Metaspace: 13854K->13854K(1062912K)
[3.691s][info][gc             ] GC(44) Pause Full (System.gc()) 12M->4M(20M) 14.801ms
[3.691s][info][gc,cpu         ] GC(44) User=0.01s Sys=0.00s Real=0.01s
[3.706s][info][gc,start       ] GC(45) Pause Young (Normal) (G1 Evacuation Pause)
[3.706s][info][gc,task        ] GC(45) Using 1 workers of 1 for evacuation
[3.707s][info][gc,phases      ] GC(45)   Pre Evacuate Collection Set: 0.0ms
[3.707s][info][gc,phases      ] GC(45)   Evacuate Collection Set: 0.3ms
[3.707s][info][gc,phases      ] GC(45)   Post Evacuate Collection Set: 0.2ms
[3.707s][info][gc,phases      ] GC(45)   Other: 0.1ms
[3.707s][info][gc,heap        ] GC(45) Eden regions: 11->0(42)
[3.707s][info][gc,heap        ] GC(45) Survivor regions: 0->1(2)
[3.707s][info][gc,heap        ] GC(45) Old regions: 6->6
[3.707s][info][gc,heap        ] GC(45) Humongous regions: 0->0
[3.707s][info][gc,metaspace   ] GC(45) Metaspace: 13855K->13855K(1062912K)
[3.707s][info][gc             ] GC(45) Pause Young (Normal) (G1 Evacuation Pause) 15M->4M(73M) 0.624ms
[3.707s][info][gc,cpu         ] GC(45) User=0.00s Sys=0.00s Real=0.00s
[3.761s][info][gc,start       ] GC(46) Pause Young (Normal) (G1 Evacuation Pause)
[3.761s][info][gc,task        ] GC(46) Using 1 workers of 1 for evacuation
[3.761s][info][gc,phases      ] GC(46)   Pre Evacuate Collection Set: 0.0ms
[3.761s][info][gc,phases      ] GC(46)   Evacuate Collection Set: 0.3ms
[3.761s][info][gc,phases      ] GC(46)   Post Evacuate Collection Set: 0.1ms
[3.761s][info][gc,phases      ] GC(46)   Other: 0.1ms
[3.761s][info][gc,heap        ] GC(46) Eden regions: 42->0(42)
[3.761s][info][gc,heap        ] GC(46) Survivor regions: 1->1(6)
[3.761s][info][gc,heap        ] GC(46) Old regions: 6->6
[3.761s][info][gc,heap        ] GC(46) Humongous regions: 0->0
[3.761s][info][gc,metaspace   ] GC(46) Metaspace: 13858K->13858K(1062912K)
[3.761s][info][gc             ] GC(46) Pause Young (Normal) (G1 Evacuation Pause) 46M->4M(73M) 0.514ms
[3.761s][info][gc,cpu         ] GC(46) User=0.00s Sys=0.00s Real=0.00s
[3.799s][info][gc,start       ] GC(47) Pause Young (Normal) (G1 Evacuation Pause)
[3.799s][info][gc,task        ] GC(47) Using 1 workers of 1 for evacuation
[3.800s][info][gc,phases      ] GC(47)   Pre Evacuate Collection Set: 0.0ms
[3.800s][info][gc,phases      ] GC(47)   Evacuate Collection Set: 0.3ms
[3.800s][info][gc,phases      ] GC(47)   Post Evacuate Collection Set: 0.0ms
[3.800s][info][gc,phases      ] GC(47)   Other: 0.1ms
[3.800s][info][gc,heap        ] GC(47) Eden regions: 42->0(42)
[3.800s][info][gc,heap        ] GC(47) Survivor regions: 1->1(6)
[3.800s][info][gc,heap        ] GC(47) Old regions: 6->6
[3.800s][info][gc,heap        ] GC(47) Humongous regions: 0->0
[3.800s][info][gc,metaspace   ] GC(47) Metaspace: 13859K->13859K(1062912K)
[3.800s][info][gc             ] GC(47) Pause Young (Normal) (G1 Evacuation Pause) 46M->4M(73M) 0.468ms
[3.800s][info][gc,cpu         ] GC(47) User=0.00s Sys=0.00s Real=0.00s
[3.838s][info][gc,start       ] GC(48) Pause Young (Normal) (G1 Evacuation Pause)
[3.838s][info][gc,task        ] GC(48) Using 1 workers of 1 for evacuation
[3.838s][info][gc,phases      ] GC(48)   Pre Evacuate Collection Set: 0.0ms
[3.838s][info][gc,phases      ] GC(48)   Evacuate Collection Set: 0.3ms
[3.838s][info][gc,phases      ] GC(48)   Post Evacuate Collection Set: 0.0ms
[3.838s][info][gc,phases      ] GC(48)   Other: 0.1ms
[3.838s][info][gc,heap        ] GC(48) Eden regions: 42->0(42)
[3.838s][info][gc,heap        ] GC(48) Survivor regions: 1->1(6)
[3.838s][info][gc,heap        ] GC(48) Old regions: 6->6
[3.838s][info][gc,heap        ] GC(48) Humongous regions: 0->0
[3.838s][info][gc,metaspace   ] GC(48) Metaspace: 13859K->13859K(1062912K)
[3.838s][info][gc             ] GC(48) Pause Young (Normal) (G1 Evacuation Pause) 46M->4M(73M) 0.441ms
[3.838s][info][gc,cpu         ] GC(48) User=0.00s Sys=0.00s Real=0.00s
[3.860s][info][gc,task        ] GC(49) Using 1 workers of 1 for full compaction
[3.860s][info][gc,start       ] GC(49) Pause Full (System.gc())
[3.860s][info][gc,phases,start] GC(49) Phase 1: Mark live objects
[3.866s][info][gc,stringtable ] GC(49) Cleaned string and symbol table, strings: 4859 processed, 0 removed, symbols: 25007 processed, 0 removed
[3.866s][info][gc,phases      ] GC(49) Phase 1: Mark live objects 6.319ms
[3.866s][info][gc,phases,start] GC(49) Phase 2: Prepare for compaction
[3.867s][info][gc,phases      ] GC(49) Phase 2: Prepare for compaction 0.925ms
[3.867s][info][gc,phases,start] GC(49) Phase 3: Adjust pointers
[3.872s][info][gc,phases      ] GC(49) Phase 3: Adjust pointers 4.359ms
[3.872s][info][gc,phases,start] GC(49) Phase 4: Compact heap
[3.872s][info][gc,phases      ] GC(49) Phase 4: Compact heap 0.750ms
[3.875s][info][gc,heap        ] GC(49) Eden regions: 18->0(11)
[3.875s][info][gc,heap        ] GC(49) Survivor regions: 1->0(6)
[3.875s][info][gc,heap        ] GC(49) Old regions: 6->6
[3.875s][info][gc,heap        ] GC(49) Humongous regions: 0->0
[3.875s][info][gc,metaspace   ] GC(49) Metaspace: 13859K->13859K(1062912K)
[3.875s][info][gc             ] GC(49) Pause Full (System.gc()) 22M->4M(20M) 14.930ms
[3.875s][info][gc,cpu         ] GC(49) User=0.01s Sys=0.00s Real=0.02s
[3.891s][info][gc,start       ] GC(50) Pause Young (Normal) (G1 Evacuation Pause)
[3.891s][info][gc,task        ] GC(50) Using 1 workers of 1 for evacuation
[3.891s][info][gc,phases      ] GC(50)   Pre Evacuate Collection Set: 0.0ms
[3.891s][info][gc,phases      ] GC(50)   Evacuate Collection Set: 0.3ms
[3.891s][info][gc,phases      ] GC(50)   Post Evacuate Collection Set: 0.3ms
[3.891s][info][gc,phases      ] GC(50)   Other: 0.1ms
[3.891s][info][gc,heap        ] GC(50) Eden regions: 11->0(42)
[3.891s][info][gc,heap        ] GC(50) Survivor regions: 0->1(2)
[3.891s][info][gc,heap        ] GC(50) Old regions: 6->6
[3.891s][info][gc,heap        ] GC(50) Humongous regions: 0->0
[3.891s][info][gc,metaspace   ] GC(50) Metaspace: 13859K->13859K(1062912K)
[3.891s][info][gc             ] GC(50) Pause Young (Normal) (G1 Evacuation Pause) 15M->4M(73M) 0.649ms
[3.891s][info][gc,cpu         ] GC(50) User=0.00s Sys=0.00s Real=0.00s
[3.944s][info][gc,start       ] GC(51) Pause Young (Normal) (G1 Evacuation Pause)
[3.944s][info][gc,task        ] GC(51) Using 1 workers of 1 for evacuation
[3.944s][info][gc,phases      ] GC(51)   Pre Evacuate Collection Set: 0.0ms
[3.944s][info][gc,phases      ] GC(51)   Evacuate Collection Set: 0.3ms
[3.944s][info][gc,phases      ] GC(51)   Post Evacuate Collection Set: 0.1ms
[3.944s][info][gc,phases      ] GC(51)   Other: 0.1ms
[3.944s][info][gc,heap        ] GC(51) Eden regions: 42->0(42)
[3.944s][info][gc,heap        ] GC(51) Survivor regions: 1->1(6)
[3.944s][info][gc,heap        ] GC(51) Old regions: 6->6
[3.944s][info][gc,heap        ] GC(51) Humongous regions: 0->0
[3.944s][info][gc,metaspace   ] GC(51) Metaspace: 13860K->13860K(1062912K)
[3.944s][info][gc             ] GC(51) Pause Young (Normal) (G1 Evacuation Pause) 46M->4M(73M) 0.514ms
[3.944s][info][gc,cpu         ] GC(51) User=0.00s Sys=0.00s Real=0.00s
[3.981s][info][gc,start       ] GC(52) Pause Young (Normal) (G1 Evacuation Pause)
[3.981s][info][gc,task        ] GC(52) Using 1 workers of 1 for evacuation
[3.981s][info][gc,phases      ] GC(52)   Pre Evacuate Collection Set: 0.0ms
[3.981s][info][gc,phases      ] GC(52)   Evacuate Collection Set: 0.3ms
[3.981s][info][gc,phases      ] GC(52)   Post Evacuate Collection Set: 0.1ms
[3.981s][info][gc,phases      ] GC(52)   Other: 0.1ms
[3.981s][info][gc,heap        ] GC(52) Eden regions: 42->0(42)
[3.981s][info][gc,heap        ] GC(52) Survivor regions: 1->1(6)
[3.981s][info][gc,heap        ] GC(52) Old regions: 6->6
[3.981s][info][gc,heap        ] GC(52) Humongous regions: 0->0
[3.981s][info][gc,metaspace   ] GC(52) Metaspace: 13860K->13860K(1062912K)
[3.981s][info][gc             ] GC(52) Pause Young (Normal) (G1 Evacuation Pause) 46M->4M(73M) 0.503ms
[3.981s][info][gc,cpu         ] GC(52) User=0.00s Sys=0.00s Real=0.00s
[4.023s][info][gc,start       ] GC(53) Pause Young (Normal) (G1 Evacuation Pause)
[4.023s][info][gc,task        ] GC(53) Using 1 workers of 1 for evacuation
[4.023s][info][gc,phases      ] GC(53)   Pre Evacuate Collection Set: 0.0ms
[4.023s][info][gc,phases      ] GC(53)   Evacuate Collection Set: 0.3ms
[4.023s][info][gc,phases      ] GC(53)   Post Evacuate Collection Set: 0.1ms
[4.023s][info][gc,phases      ] GC(53)   Other: 0.1ms
[4.023s][info][gc,heap        ] GC(53) Eden regions: 42->0(42)
[4.023s][info][gc,heap        ] GC(53) Survivor regions: 1->1(6)
[4.023s][info][gc,heap        ] GC(53) Old regions: 6->6
[4.023s][info][gc,heap        ] GC(53) Humongous regions: 0->0
[4.023s][info][gc,metaspace   ] GC(53) Metaspace: 13860K->13860K(1062912K)
[4.023s][info][gc             ] GC(53) Pause Young (Normal) (G1 Evacuation Pause) 46M->4M(73M) 0.468ms
[4.023s][info][gc,cpu         ] GC(53) User=0.00s Sys=0.00s Real=0.00s
[4.049s][info][gc,task        ] GC(54) Using 1 workers of 1 for full compaction
[4.050s][info][gc,start       ] GC(54) Pause Full (System.gc())
[4.050s][info][gc,phases,start] GC(54) Phase 1: Mark live objects
[4.056s][info][gc,stringtable ] GC(54) Cleaned string and symbol table, strings: 4859 processed, 0 removed, symbols: 25007 processed, 0 removed
[4.056s][info][gc,phases      ] GC(54) Phase 1: Mark live objects 6.398ms
[4.056s][info][gc,phases,start] GC(54) Phase 2: Prepare for compaction
[4.057s][info][gc,phases      ] GC(54) Phase 2: Prepare for compaction 0.972ms
[4.057s][info][gc,phases,start] GC(54) Phase 3: Adjust pointers
[4.063s][info][gc,phases      ] GC(54) Phase 3: Adjust pointers 5.696ms
[4.063s][info][gc,phases,start] GC(54) Phase 4: Compact heap
[4.063s][info][gc,phases      ] GC(54) Phase 4: Compact heap 0.768ms
[4.066s][info][gc,heap        ] GC(54) Eden regions: 18->0(11)
[4.066s][info][gc,heap        ] GC(54) Survivor regions: 1->0(6)
[4.066s][info][gc,heap        ] GC(54) Old regions: 6->6
[4.066s][info][gc,heap        ] GC(54) Humongous regions: 0->0
[4.066s][info][gc,metaspace   ] GC(54) Metaspace: 13860K->13860K(1062912K)
[4.066s][info][gc             ] GC(54) Pause Full (System.gc()) 22M->4M(20M) 16.446ms
[4.066s][info][gc,cpu         ] GC(54) User=0.01s Sys=0.00s Real=0.02s
[4.086s][info][gc,start       ] GC(55) Pause Young (Normal) (G1 Evacuation Pause)
[4.086s][info][gc,task        ] GC(55) Using 1 workers of 1 for evacuation
[4.086s][info][gc,phases      ] GC(55)   Pre Evacuate Collection Set: 0.0ms
[4.086s][info][gc,phases      ] GC(55)   Evacuate Collection Set: 0.3ms
[4.086s][info][gc,phases      ] GC(55)   Post Evacuate Collection Set: 0.2ms
[4.086s][info][gc,phases      ] GC(55)   Other: 0.1ms
[4.086s][info][gc,heap        ] GC(55) Eden regions: 11->0(42)
[4.086s][info][gc,heap        ] GC(55) Survivor regions: 0->1(2)
[4.086s][info][gc,heap        ] GC(55) Old regions: 6->6
[4.086s][info][gc,heap        ] GC(55) Humongous regions: 0->0
[4.086s][info][gc,metaspace   ] GC(55) Metaspace: 13861K->13861K(1062912K)
[4.087s][info][gc             ] GC(55) Pause Young (Normal) (G1 Evacuation Pause) 15M->4M(73M) 0.599ms
[4.087s][info][gc,cpu         ] GC(55) User=0.00s Sys=0.00s Real=0.00s
[4.136s][info][gc,start       ] GC(56) Pause Young (Normal) (G1 Evacuation Pause)
[4.136s][info][gc,task        ] GC(56) Using 1 workers of 1 for evacuation
[4.137s][info][gc,phases      ] GC(56)   Pre Evacuate Collection Set: 0.0ms
[4.137s][info][gc,phases      ] GC(56)   Evacuate Collection Set: 0.4ms
[4.137s][info][gc,phases      ] GC(56)   Post Evacuate Collection Set: 0.1ms
[4.137s][info][gc,phases      ] GC(56)   Other: 0.1ms
[4.137s][info][gc,heap        ] GC(56) Eden regions: 42->0(42)
[4.137s][info][gc,heap        ] GC(56) Survivor regions: 1->1(6)
[4.137s][info][gc,heap        ] GC(56) Old regions: 6->6
[4.137s][info][gc,heap        ] GC(56) Humongous regions: 0->0
[4.137s][info][gc,metaspace   ] GC(56) Metaspace: 13862K->13862K(1062912K)
[4.137s][info][gc             ] GC(56) Pause Young (Normal) (G1 Evacuation Pause) 46M->4M(73M) 0.559ms
[4.137s][info][gc,cpu         ] GC(56) User=0.00s Sys=0.00s Real=0.00s
[4.174s][info][gc,start       ] GC(57) Pause Young (Normal) (G1 Evacuation Pause)
[4.174s][info][gc,task        ] GC(57) Using 1 workers of 1 for evacuation
[4.174s][info][gc,phases      ] GC(57)   Pre Evacuate Collection Set: 0.0ms
[4.174s][info][gc,phases      ] GC(57)   Evacuate Collection Set: 0.3ms
[4.174s][info][gc,phases      ] GC(57)   Post Evacuate Collection Set: 0.0ms
[4.174s][info][gc,phases      ] GC(57)   Other: 0.1ms
[4.174s][info][gc,heap        ] GC(57) Eden regions: 42->0(42)
[4.174s][info][gc,heap        ] GC(57) Survivor regions: 1->1(6)
[4.174s][info][gc,heap        ] GC(57) Old regions: 6->6
[4.174s][info][gc,heap        ] GC(57) Humongous regions: 0->0
[4.174s][info][gc,metaspace   ] GC(57) Metaspace: 13862K->13862K(1062912K)
[4.174s][info][gc             ] GC(57) Pause Young (Normal) (G1 Evacuation Pause) 46M->4M(73M) 0.491ms
[4.174s][info][gc,cpu         ] GC(57) User=0.00s Sys=0.00s Real=0.00s
[4.214s][info][gc,start       ] GC(58) Pause Young (Normal) (G1 Evacuation Pause)
[4.214s][info][gc,task        ] GC(58) Using 1 workers of 1 for evacuation
[4.214s][info][gc,phases      ] GC(58)   Pre Evacuate Collection Set: 0.0ms
[4.214s][info][gc,phases      ] GC(58)   Evacuate Collection Set: 0.3ms
[4.214s][info][gc,phases      ] GC(58)   Post Evacuate Collection Set: 0.0ms
[4.214s][info][gc,phases      ] GC(58)   Other: 0.1ms
[4.214s][info][gc,heap        ] GC(58) Eden regions: 42->0(42)
[4.214s][info][gc,heap        ] GC(58) Survivor regions: 1->1(6)
[4.214s][info][gc,heap        ] GC(58) Old regions: 6->6
[4.214s][info][gc,heap        ] GC(58) Humongous regions: 0->0
[4.214s][info][gc,metaspace   ] GC(58) Metaspace: 13862K->13862K(1062912K)
[4.214s][info][gc             ] GC(58) Pause Young (Normal) (G1 Evacuation Pause) 46M->4M(73M) 0.456ms
[4.214s][info][gc,cpu         ] GC(58) User=0.00s Sys=0.00s Real=0.00s
[4.234s][info][gc,task        ] GC(59) Using 1 workers of 1 for full compaction
[4.234s][info][gc,start       ] GC(59) Pause Full (System.gc())
[4.234s][info][gc,phases,start] GC(59) Phase 1: Mark live objects
[4.240s][info][gc,stringtable ] GC(59) Cleaned string and symbol table, strings: 4859 processed, 0 removed, symbols: 25007 processed, 0 removed
[4.240s][info][gc,phases      ] GC(59) Phase 1: Mark live objects 6.330ms
[4.240s][info][gc,phases,start] GC(59) Phase 2: Prepare for compaction
[4.241s][info][gc,phases      ] GC(59) Phase 2: Prepare for compaction 0.992ms
[4.241s][info][gc,phases,start] GC(59) Phase 3: Adjust pointers
[4.247s][info][gc,phases      ] GC(59) Phase 3: Adjust pointers 5.683ms
[4.247s][info][gc,phases,start] GC(59) Phase 4: Compact heap
[4.248s][info][gc,phases      ] GC(59) Phase 4: Compact heap 0.716ms
[4.250s][info][gc,heap        ] GC(59) Eden regions: 18->0(11)
[4.250s][info][gc,heap        ] GC(59) Survivor regions: 1->0(6)
[4.250s][info][gc,heap        ] GC(59) Old regions: 6->6
[4.250s][info][gc,heap        ] GC(59) Humongous regions: 0->0
[4.250s][info][gc,metaspace   ] GC(59) Metaspace: 13862K->13862K(1062912K)
[4.250s][info][gc             ] GC(59) Pause Full (System.gc()) 22M->4M(20M) 16.273ms
[4.250s][info][gc,cpu         ] GC(59) User=0.01s Sys=0.01s Real=0.01s
[4.283s][info][gc,start       ] GC(60) Pause Young (Normal) (G1 Evacuation Pause)
[4.283s][info][gc,task        ] GC(60) Using 1 workers of 1 for evacuation
[4.283s][info][gc,phases      ] GC(60)   Pre Evacuate Collection Set: 0.0ms
[4.283s][info][gc,phases      ] GC(60)   Evacuate Collection Set: 0.3ms
[4.283s][info][gc,phases      ] GC(60)   Post Evacuate Collection Set: 0.1ms
[4.283s][info][gc,phases      ] GC(60)   Other: 0.1ms
[4.283s][info][gc,heap        ] GC(60) Eden regions: 11->0(10)
[4.283s][info][gc,heap        ] GC(60) Survivor regions: 0->1(2)
[4.283s][info][gc,heap        ] GC(60) Old regions: 6->6
[4.283s][info][gc,heap        ] GC(60) Humongous regions: 0->0
[4.283s][info][gc,metaspace   ] GC(60) Metaspace: 13869K->13869K(1062912K)
[4.283s][info][gc             ] GC(60) Pause Young (Normal) (G1 Evacuation Pause) 15M->4M(20M) 0.459ms
[4.283s][info][gc,cpu         ] GC(60) User=0.01s Sys=0.00s Real=0.00s
[4.292s][info][gc,start       ] GC(61) Pause Young (Normal) (G1 Evacuation Pause)
[4.293s][info][gc,task        ] GC(61) Using 1 workers of 1 for evacuation
[4.293s][info][gc,phases      ] GC(61)   Pre Evacuate Collection Set: 0.0ms
[4.293s][info][gc,phases      ] GC(61)   Evacuate Collection Set: 0.3ms
[4.293s][info][gc,phases      ] GC(61)   Post Evacuate Collection Set: 0.0ms
[4.293s][info][gc,phases      ] GC(61)   Other: 0.1ms
[4.293s][info][gc,heap        ] GC(61) Eden regions: 10->0(10)
[4.293s][info][gc,heap        ] GC(61) Survivor regions: 1->1(2)
[4.293s][info][gc,heap        ] GC(61) Old regions: 6->6
[4.293s][info][gc,heap        ] GC(61) Humongous regions: 0->0
[4.293s][info][gc,metaspace   ] GC(61) Metaspace: 13869K->13869K(1062912K)
[4.293s][info][gc             ] GC(61) Pause Young (Normal) (G1 Evacuation Pause) 14M->4M(20M) 0.449ms
[4.293s][info][gc,cpu         ] GC(61) User=0.00s Sys=0.00s Real=0.01s
[4.304s][info][gc,start       ] GC(62) Pause Young (Normal) (G1 Evacuation Pause)
[4.304s][info][gc,task        ] GC(62) Using 1 workers of 1 for evacuation
[4.304s][info][gc,phases      ] GC(62)   Pre Evacuate Collection Set: 0.0ms
[4.304s][info][gc,phases      ] GC(62)   Evacuate Collection Set: 0.3ms
[4.304s][info][gc,phases      ] GC(62)   Post Evacuate Collection Set: 0.0ms
[4.304s][info][gc,phases      ] GC(62)   Other: 0.1ms
[4.304s][info][gc,heap        ] GC(62) Eden regions: 10->0(10)
[4.304s][info][gc,heap        ] GC(62) Survivor regions: 1->1(2)
[4.304s][info][gc,heap        ] GC(62) Old regions: 6->6
[4.304s][info][gc,heap        ] GC(62) Humongous regions: 0->0
[4.304s][info][gc,metaspace   ] GC(62) Metaspace: 13955K->13955K(1062912K)
[4.304s][info][gc             ] GC(62) Pause Young (Normal) (G1 Evacuation Pause) 14M->4M(20M) 0.465ms
[4.304s][info][gc,cpu         ] GC(62) User=0.00s Sys=0.00s Real=0.00s
[4.313s][info][gc,start       ] GC(63) Pause Young (Normal) (G1 Evacuation Pause)
[4.313s][info][gc,task        ] GC(63) Using 1 workers of 1 for evacuation
[4.314s][info][gc,phases      ] GC(63)   Pre Evacuate Collection Set: 0.0ms
[4.314s][info][gc,phases      ] GC(63)   Evacuate Collection Set: 0.3ms
[4.314s][info][gc,phases      ] GC(63)   Post Evacuate Collection Set: 0.2ms
[4.314s][info][gc,phases      ] GC(63)   Other: 0.0ms
[4.314s][info][gc,heap        ] GC(63) Eden regions: 10->0(42)
[4.314s][info][gc,heap        ] GC(63) Survivor regions: 1->1(2)
[4.314s][info][gc,heap        ] GC(63) Old regions: 6->6
[4.314s][info][gc,heap        ] GC(63) Humongous regions: 0->0
[4.314s][info][gc,metaspace   ] GC(63) Metaspace: 13955K->13955K(1062912K)
[4.314s][info][gc             ] GC(63) Pause Young (Normal) (G1 Evacuation Pause) 14M->4M(73M) 0.581ms
[4.314s][info][gc,cpu         ] GC(63) User=0.00s Sys=0.00s Real=0.00s
[4.362s][info][gc,start       ] GC(64) Pause Young (Normal) (G1 Evacuation Pause)
[4.362s][info][gc,task        ] GC(64) Using 1 workers of 1 for evacuation
[4.362s][info][gc,phases      ] GC(64)   Pre Evacuate Collection Set: 0.0ms
[4.362s][info][gc,phases      ] GC(64)   Evacuate Collection Set: 0.4ms
[4.362s][info][gc,phases      ] GC(64)   Post Evacuate Collection Set: 0.1ms
[4.362s][info][gc,phases      ] GC(64)   Other: 0.1ms
[4.362s][info][gc,heap        ] GC(64) Eden regions: 42->0(42)
[4.362s][info][gc,heap        ] GC(64) Survivor regions: 1->1(6)
[4.362s][info][gc,heap        ] GC(64) Old regions: 6->6
[4.362s][info][gc,heap        ] GC(64) Humongous regions: 0->0
[4.362s][info][gc,metaspace   ] GC(64) Metaspace: 13955K->13955K(1062912K)
[4.362s][info][gc             ] GC(64) Pause Young (Normal) (G1 Evacuation Pause) 46M->5M(73M) 0.548ms
[4.362s][info][gc,cpu         ] GC(64) User=0.00s Sys=0.00s Real=0.00s
[4.399s][info][gc,start       ] GC(65) Pause Young (Normal) (G1 Evacuation Pause)
[4.399s][info][gc,task        ] GC(65) Using 1 workers of 1 for evacuation
[4.400s][info][gc,phases      ] GC(65)   Pre Evacuate Collection Set: 0.0ms
[4.400s][info][gc,phases      ] GC(65)   Evacuate Collection Set: 0.4ms
[4.400s][info][gc,phases      ] GC(65)   Post Evacuate Collection Set: 0.0ms
[4.400s][info][gc,phases      ] GC(65)   Other: 0.1ms
[4.400s][info][gc,heap        ] GC(65) Eden regions: 42->0(42)
[4.400s][info][gc,heap        ] GC(65) Survivor regions: 1->1(6)
[4.400s][info][gc,heap        ] GC(65) Old regions: 6->6
[4.400s][info][gc,heap        ] GC(65) Humongous regions: 0->0
[4.400s][info][gc,metaspace   ] GC(65) Metaspace: 13955K->13955K(1062912K)
[4.400s][info][gc             ] GC(65) Pause Young (Normal) (G1 Evacuation Pause) 47M->5M(73M) 0.547ms
[4.400s][info][gc,cpu         ] GC(65) User=0.00s Sys=0.00s Real=0.00s
[4.435s][info][gc,task        ] GC(66) Using 1 workers of 1 for full compaction
[4.436s][info][gc,start       ] GC(66) Pause Full (System.gc())
[4.436s][info][gc,phases,start] GC(66) Phase 1: Mark live objects
[4.442s][info][gc,stringtable ] GC(66) Cleaned string and symbol table, strings: 4873 processed, 0 removed, symbols: 25305 processed, 0 removed
[4.442s][info][gc,phases      ] GC(66) Phase 1: Mark live objects 6.360ms
[4.442s][info][gc,phases,start] GC(66) Phase 2: Prepare for compaction
[4.443s][info][gc,phases      ] GC(66) Phase 2: Prepare for compaction 0.957ms
[4.443s][info][gc,phases,start] GC(66) Phase 3: Adjust pointers
[4.449s][info][gc,phases      ] GC(66) Phase 3: Adjust pointers 5.612ms
[4.449s][info][gc,phases,start] GC(66) Phase 4: Compact heap
[4.449s][info][gc,phases      ] GC(66) Phase 4: Compact heap 0.881ms
[4.452s][info][gc,heap        ] GC(66) Eden regions: 29->0(11)
[4.452s][info][gc,heap        ] GC(66) Survivor regions: 1->0(6)
[4.452s][info][gc,heap        ] GC(66) Old regions: 6->6
[4.452s][info][gc,heap        ] GC(66) Humongous regions: 0->0
[4.452s][info][gc,metaspace   ] GC(66) Metaspace: 13955K->13955K(1062912K)
[4.452s][info][gc             ] GC(66) Pause Full (System.gc()) 33M->4M(20M) 16.350ms
[4.452s][info][gc,cpu         ] GC(66) User=0.01s Sys=0.00s Real=0.01s
[4.466s][info][gc,start       ] GC(67) Pause Young (Normal) (G1 Evacuation Pause)
[4.466s][info][gc,task        ] GC(67) Using 1 workers of 1 for evacuation
[4.466s][info][gc,phases      ] GC(67)   Pre Evacuate Collection Set: 0.0ms
[4.466s][info][gc,phases      ] GC(67)   Evacuate Collection Set: 0.3ms
[4.466s][info][gc,phases      ] GC(67)   Post Evacuate Collection Set: 0.0ms
[4.466s][info][gc,phases      ] GC(67)   Other: 0.1ms
[4.466s][info][gc,heap        ] GC(67) Eden regions: 11->0(10)
[4.466s][info][gc,heap        ] GC(67) Survivor regions: 0->1(2)
[4.466s][info][gc,heap        ] GC(67) Old regions: 6->6
[4.466s][info][gc,heap        ] GC(67) Humongous regions: 0->0
[4.466s][info][gc,metaspace   ] GC(67) Metaspace: 13955K->13955K(1062912K)
[4.466s][info][gc             ] GC(67) Pause Young (Normal) (G1 Evacuation Pause) 15M->4M(20M) 0.456ms
[4.466s][info][gc,cpu         ] GC(67) User=0.00s Sys=0.00s Real=0.00s
[4.476s][info][gc,start       ] GC(68) Pause Young (Normal) (G1 Evacuation Pause)
[4.476s][info][gc,task        ] GC(68) Using 1 workers of 1 for evacuation
[4.476s][info][gc,phases      ] GC(68)   Pre Evacuate Collection Set: 0.0ms
[4.476s][info][gc,phases      ] GC(68)   Evacuate Collection Set: 0.3ms
[4.476s][info][gc,phases      ] GC(68)   Post Evacuate Collection Set: 0.2ms
[4.476s][info][gc,phases      ] GC(68)   Other: 0.1ms
[4.476s][info][gc,heap        ] GC(68) Eden regions: 10->0(42)
[4.476s][info][gc,heap        ] GC(68) Survivor regions: 1->1(2)
[4.476s][info][gc,heap        ] GC(68) Old regions: 6->6
[4.476s][info][gc,heap        ] GC(68) Humongous regions: 0->0
[4.476s][info][gc,metaspace   ] GC(68) Metaspace: 13955K->13955K(1062912K)
[4.476s][info][gc             ] GC(68) Pause Young (Normal) (G1 Evacuation Pause) 14M->4M(73M) 0.606ms
[4.476s][info][gc,cpu         ] GC(68) User=0.00s Sys=0.00s Real=0.00s
[4.527s][info][gc,start       ] GC(69) Pause Young (Normal) (G1 Evacuation Pause)
[4.527s][info][gc,task        ] GC(69) Using 1 workers of 1 for evacuation
[4.528s][info][gc,phases      ] GC(69)   Pre Evacuate Collection Set: 0.0ms
[4.528s][info][gc,phases      ] GC(69)   Evacuate Collection Set: 0.4ms
[4.528s][info][gc,phases      ] GC(69)   Post Evacuate Collection Set: 0.1ms
[4.528s][info][gc,phases      ] GC(69)   Other: 0.1ms
[4.528s][info][gc,heap        ] GC(69) Eden regions: 42->0(42)
[4.528s][info][gc,heap        ] GC(69) Survivor regions: 1->1(6)
[4.528s][info][gc,heap        ] GC(69) Old regions: 6->6
[4.528s][info][gc,heap        ] GC(69) Humongous regions: 0->0
[4.528s][info][gc,metaspace   ] GC(69) Metaspace: 13955K->13955K(1062912K)
[4.528s][info][gc             ] GC(69) Pause Young (Normal) (G1 Evacuation Pause) 46M->4M(73M) 0.537ms
[4.528s][info][gc,cpu         ] GC(69) User=0.00s Sys=0.00s Real=0.00s
[4.565s][info][gc,start       ] GC(70) Pause Young (Normal) (G1 Evacuation Pause)
[4.565s][info][gc,task        ] GC(70) Using 1 workers of 1 for evacuation
[4.565s][info][gc,phases      ] GC(70)   Pre Evacuate Collection Set: 0.0ms
[4.565s][info][gc,phases      ] GC(70)   Evacuate Collection Set: 0.3ms
[4.565s][info][gc,phases      ] GC(70)   Post Evacuate Collection Set: 0.0ms
[4.565s][info][gc,phases      ] GC(70)   Other: 0.1ms
[4.565s][info][gc,heap        ] GC(70) Eden regions: 42->0(42)
[4.565s][info][gc,heap        ] GC(70) Survivor regions: 1->1(6)
[4.565s][info][gc,heap        ] GC(70) Old regions: 6->6
[4.565s][info][gc,heap        ] GC(70) Humongous regions: 0->0
[4.565s][info][gc,metaspace   ] GC(70) Metaspace: 13955K->13955K(1062912K)
[4.565s][info][gc             ] GC(70) Pause Young (Normal) (G1 Evacuation Pause) 46M->4M(73M) 0.475ms
[4.565s][info][gc,cpu         ] GC(70) User=0.00s Sys=0.00s Real=0.00s
[4.604s][info][gc,start       ] GC(71) Pause Young (Normal) (G1 Evacuation Pause)
[4.605s][info][gc,task        ] GC(71) Using 1 workers of 1 for evacuation
[4.605s][info][gc,phases      ] GC(71)   Pre Evacuate Collection Set: 0.0ms
[4.605s][info][gc,phases      ] GC(71)   Evacuate Collection Set: 0.3ms
[4.605s][info][gc,phases      ] GC(71)   Post Evacuate Collection Set: 0.1ms
[4.605s][info][gc,phases      ] GC(71)   Other: 0.1ms
[4.605s][info][gc,heap        ] GC(71) Eden regions: 42->0(42)
[4.605s][info][gc,heap        ] GC(71) Survivor regions: 1->1(6)
[4.605s][info][gc,heap        ] GC(71) Old regions: 6->6
[4.605s][info][gc,heap        ] GC(71) Humongous regions: 0->0
[4.605s][info][gc,metaspace   ] GC(71) Metaspace: 13955K->13955K(1062912K)
[4.605s][info][gc             ] GC(71) Pause Young (Normal) (G1 Evacuation Pause) 46M->4M(73M) 0.506ms
[4.605s][info][gc,cpu         ] GC(71) User=0.00s Sys=0.00s Real=0.01s
[4.620s][info][gc,task        ] GC(72) Using 1 workers of 1 for full compaction
[4.620s][info][gc,start       ] GC(72) Pause Full (System.gc())
[4.620s][info][gc,phases,start] GC(72) Phase 1: Mark live objects
[4.627s][info][gc,stringtable ] GC(72) Cleaned string and symbol table, strings: 4873 processed, 0 removed, symbols: 25305 processed, 0 removed
[4.627s][info][gc,phases      ] GC(72) Phase 1: Mark live objects 6.188ms
[4.627s][info][gc,phases,start] GC(72) Phase 2: Prepare for compaction
[4.628s][info][gc,phases      ] GC(72) Phase 2: Prepare for compaction 0.909ms
[4.628s][info][gc,phases,start] GC(72) Phase 3: Adjust pointers
[4.632s][info][gc,phases      ] GC(72) Phase 3: Adjust pointers 4.350ms
[4.632s][info][gc,phases,start] GC(72) Phase 4: Compact heap
[4.633s][info][gc,phases      ] GC(72) Phase 4: Compact heap 0.688ms
[4.635s][info][gc,heap        ] GC(72) Eden regions: 8->0(11)
[4.635s][info][gc,heap        ] GC(72) Survivor regions: 1->0(6)
[4.635s][info][gc,heap        ] GC(72) Old regions: 6->6
[4.635s][info][gc,heap        ] GC(72) Humongous regions: 0->0
[4.635s][info][gc,metaspace   ] GC(72) Metaspace: 13956K->13956K(1062912K)
[4.635s][info][gc             ] GC(72) Pause Full (System.gc()) 12M->4M(20M) 14.730ms
[4.635s][info][gc,cpu         ] GC(72) User=0.01s Sys=0.01s Real=0.02s
[4.647s][info][gc,start       ] GC(73) Pause Young (Normal) (G1 Evacuation Pause)
[4.647s][info][gc,task        ] GC(73) Using 1 workers of 1 for evacuation
[4.651s][info][gc,phases      ] GC(73)   Pre Evacuate Collection Set: 0.0ms
[4.651s][info][gc,phases      ] GC(73)   Evacuate Collection Set: 0.3ms
[4.651s][info][gc,phases      ] GC(73)   Post Evacuate Collection Set: 3.2ms
[4.651s][info][gc,phases      ] GC(73)   Other: 0.1ms
[4.651s][info][gc,heap        ] GC(73) Eden regions: 11->0(42)
[4.651s][info][gc,heap        ] GC(73) Survivor regions: 0->1(2)
[4.651s][info][gc,heap        ] GC(73) Old regions: 6->6
[4.651s][info][gc,heap        ] GC(73) Humongous regions: 0->0
[4.651s][info][gc,metaspace   ] GC(73) Metaspace: 13956K->13956K(1062912K)
[4.651s][info][gc             ] GC(73) Pause Young (Normal) (G1 Evacuation Pause) 15M->4M(73M) 3.643ms
[4.651s][info][gc,cpu         ] GC(73) User=0.00s Sys=0.00s Real=0.00s
[4.703s][info][gc,start       ] GC(74) Pause Young (Normal) (G1 Evacuation Pause)
[4.703s][info][gc,task        ] GC(74) Using 1 workers of 1 for evacuation
[4.704s][info][gc,phases      ] GC(74)   Pre Evacuate Collection Set: 0.0ms
[4.704s][info][gc,phases      ] GC(74)   Evacuate Collection Set: 0.3ms
[4.704s][info][gc,phases      ] GC(74)   Post Evacuate Collection Set: 0.1ms
[4.704s][info][gc,phases      ] GC(74)   Other: 0.1ms
[4.704s][info][gc,heap        ] GC(74) Eden regions: 42->0(42)
[4.704s][info][gc,heap        ] GC(74) Survivor regions: 1->1(6)
[4.704s][info][gc,heap        ] GC(74) Old regions: 6->6
[4.704s][info][gc,heap        ] GC(74) Humongous regions: 0->0
[4.704s][info][gc,metaspace   ] GC(74) Metaspace: 13957K->13957K(1062912K)
[4.704s][info][gc             ] GC(74) Pause Young (Normal) (G1 Evacuation Pause) 46M->4M(73M) 0.495ms
[4.704s][info][gc,cpu         ] GC(74) User=0.00s Sys=0.00s Real=0.00s
[4.742s][info][gc,start       ] GC(75) Pause Young (Normal) (G1 Evacuation Pause)
[4.742s][info][gc,task        ] GC(75) Using 1 workers of 1 for evacuation
[4.743s][info][gc,phases      ] GC(75)   Pre Evacuate Collection Set: 0.0ms
[4.743s][info][gc,phases      ] GC(75)   Evacuate Collection Set: 0.3ms
[4.743s][info][gc,phases      ] GC(75)   Post Evacuate Collection Set: 0.1ms
[4.743s][info][gc,phases      ] GC(75)   Other: 0.1ms
[4.743s][info][gc,heap        ] GC(75) Eden regions: 42->0(42)
[4.743s][info][gc,heap        ] GC(75) Survivor regions: 1->1(6)
[4.743s][info][gc,heap        ] GC(75) Old regions: 6->6
[4.743s][info][gc,heap        ] GC(75) Humongous regions: 0->0
[4.743s][info][gc,metaspace   ] GC(75) Metaspace: 13957K->13957K(1062912K)
[4.743s][info][gc             ] GC(75) Pause Young (Normal) (G1 Evacuation Pause) 46M->4M(73M) 0.481ms
[4.743s][info][gc,cpu         ] GC(75) User=0.00s Sys=0.00s Real=0.00s
[4.780s][info][gc,start       ] GC(76) Pause Young (Normal) (G1 Evacuation Pause)
[4.780s][info][gc,task        ] GC(76) Using 1 workers of 1 for evacuation
[4.781s][info][gc,phases      ] GC(76)   Pre Evacuate Collection Set: 0.0ms
[4.781s][info][gc,phases      ] GC(76)   Evacuate Collection Set: 0.3ms
[4.781s][info][gc,phases      ] GC(76)   Post Evacuate Collection Set: 0.1ms
[4.781s][info][gc,phases      ] GC(76)   Other: 0.1ms
[4.781s][info][gc,heap        ] GC(76) Eden regions: 42->0(42)
[4.781s][info][gc,heap        ] GC(76) Survivor regions: 1->1(6)
[4.781s][info][gc,heap        ] GC(76) Old regions: 6->6
[4.781s][info][gc,heap        ] GC(76) Humongous regions: 0->0
[4.781s][info][gc,metaspace   ] GC(76) Metaspace: 13957K->13957K(1062912K)
[4.781s][info][gc             ] GC(76) Pause Young (Normal) (G1 Evacuation Pause) 46M->4M(73M) 0.481ms
[4.781s][info][gc,cpu         ] GC(76) User=0.01s Sys=0.00s Real=0.00s
[4.810s][info][gc,heap,exit   ] Heap
[4.810s][info][gc,heap,exit   ]  garbage-first heap   total 74752K, used 23551K [0x0000000083a00000, 0x0000000100000000)
[4.810s][info][gc,heap,exit   ]   region size 1024K, 20 young (20480K), 1 survivors (1024K)
[4.810s][info][gc,heap,exit   ]  Metaspace       used 14034K, capacity 15928K, committed 16256K, reserved 1062912K
[4.810s][info][gc,heap,exit   ]   class space    used 2045K, capacity 2399K, committed 2432K, reserved 1048576K
