[0.004s][info][gc,heap] Heap region size: 1M
[0.005s][info][gc     ] Using G1
[0.005s][info][gc,heap,coops] Heap address: 0x00000000c2a00000, size: 982 MB, Compressed Oops mode: 32-bit
[0.440s][info][gc,start     ] GC(0) Pause Young (Normal) (G1 Evacuation Pause)
[0.440s][info][gc,task      ] GC(0) Using 1 workers of 1 for evacuation
[0.447s][info][gc,phases    ] GC(0)   Pre Evacuate Collection Set: 0.0ms
[0.447s][info][gc,phases    ] GC(0)   Evacuate Collection Set: 6.9ms
[0.447s][info][gc,phases    ] GC(0)   Post Evacuate Collection Set: 0.0ms
[0.447s][info][gc,phases    ] GC(0)   Other: 0.2ms
[0.447s][info][gc,heap      ] GC(0) Eden regions: 3->0(36)
[0.447s][info][gc,heap      ] GC(0) Survivor regions: 0->1(1)
[0.447s][info][gc,heap      ] GC(0) Old regions: 0->0
[0.447s][info][gc,heap      ] GC(0) Humongous regions: 0->0
[0.447s][info][gc,metaspace ] GC(0) Metaspace: 1033K->1033K(1056768K)
[0.447s][info][gc           ] GC(0) Pause Young (Normal) (G1 Evacuation Pause) 3M->0M(62M) 7.325ms
[0.447s][info][gc,cpu       ] GC(0) User=0.00s Sys=0.00s Real=0.00s
[4.736s][info][gc,start     ] GC(1) Pause Young (Normal) (G1 Evacuation Pause)
[4.736s][info][gc,task      ] GC(1) Using 1 workers of 1 for evacuation
[4.762s][info][gc,phases    ] GC(1)   Pre Evacuate Collection Set: 0.0ms
[4.762s][info][gc,phases    ] GC(1)   Evacuate Collection Set: 25.0ms
[4.762s][info][gc,phases    ] GC(1)   Post Evacuate Collection Set: 0.3ms
[4.762s][info][gc,phases    ] GC(1)   Other: 0.7ms
[4.762s][info][gc,heap      ] GC(1) Eden regions: 36->0(10)
[4.762s][info][gc,heap      ] GC(1) Survivor regions: 1->5(5)
[4.762s][info][gc,heap      ] GC(1) Old regions: 0->0
[4.762s][info][gc,heap      ] GC(1) Humongous regions: 0->0
[4.762s][info][gc,metaspace ] GC(1) Metaspace: 7139K->7139K(1056768K)
[4.762s][info][gc           ] GC(1) Pause Young (Normal) (G1 Evacuation Pause) 36M->4M(62M) 26.460ms
[4.762s][info][gc,cpu       ] GC(1) User=0.01s Sys=0.00s Real=0.03s
[5.282s][info][gc,start     ] GC(2) Pause Young (Normal) (G1 Evacuation Pause)
[5.282s][info][gc,task      ] GC(2) Using 1 workers of 1 for evacuation
[5.302s][info][gc,phases    ] GC(2)   Pre Evacuate Collection Set: 0.0ms
[5.302s][info][gc,phases    ] GC(2)   Evacuate Collection Set: 16.0ms
[5.302s][info][gc,phases    ] GC(2)   Post Evacuate Collection Set: 3.1ms
[5.302s][info][gc,phases    ] GC(2)   Other: 0.4ms
[5.302s][info][gc,heap      ] GC(2) Eden regions: 10->0(25)
[5.302s][info][gc,heap      ] GC(2) Survivor regions: 5->1(2)
[5.302s][info][gc,heap      ] GC(2) Old regions: 0->5
[5.302s][info][gc,heap      ] GC(2) Humongous regions: 0->0
[5.302s][info][gc,metaspace ] GC(2) Metaspace: 7778K->7778K(1056768K)
[5.302s][info][gc           ] GC(2) Pause Young (Normal) (G1 Evacuation Pause) 14M->4M(62M) 19.694ms
[5.302s][info][gc,cpu       ] GC(2) User=0.02s Sys=0.00s Real=0.02s
[6.577s][info][gc,start     ] GC(3) Pause Young (Normal) (G1 Evacuation Pause)
[6.578s][info][gc,task      ] GC(3) Using 1 workers of 1 for evacuation
[6.587s][info][gc,phases    ] GC(3)   Pre Evacuate Collection Set: 0.0ms
[6.587s][info][gc,phases    ] GC(3)   Evacuate Collection Set: 7.7ms
[6.587s][info][gc,phases    ] GC(3)   Post Evacuate Collection Set: 0.2ms
[6.587s][info][gc,phases    ] GC(3)   Other: 1.3ms
[6.587s][info][gc,heap      ] GC(3) Eden regions: 21->0(28)
[6.587s][info][gc,heap      ] GC(3) Survivor regions: 1->2(3)
[6.587s][info][gc,heap      ] GC(3) Old regions: 5->5
[6.587s][info][gc,heap      ] GC(3) Humongous regions: 0->0
[6.587s][info][gc,metaspace ] GC(3) Metaspace: 12703K->12703K(1060864K)
[6.587s][info][gc           ] GC(3) Pause Young (Normal) (G1 Evacuation Pause) 25M->5M(62M) 9.439ms
[6.587s][info][gc,cpu       ] GC(3) User=0.00s Sys=0.00s Real=0.00s
[7.574s][info][gc,start     ] GC(4) Pause Young (Normal) (G1 Evacuation Pause)
[7.574s][info][gc,task      ] GC(4) Using 1 workers of 1 for evacuation
[7.594s][info][gc,phases    ] GC(4)   Pre Evacuate Collection Set: 0.0ms
[7.596s][info][gc,phases    ] GC(4)   Evacuate Collection Set: 15.2ms
[7.596s][info][gc,phases    ] GC(4)   Post Evacuate Collection Set: 4.4ms
[7.596s][info][gc,phases    ] GC(4)   Other: 0.4ms
[7.596s][info][gc,heap      ] GC(4) Eden regions: 28->0(32)
[7.596s][info][gc,heap      ] GC(4) Survivor regions: 2->4(4)
[7.596s][info][gc,heap      ] GC(4) Old regions: 5->5
[7.596s][info][gc,heap      ] GC(4) Humongous regions: 0->0
[7.596s][info][gc,metaspace ] GC(4) Metaspace: 14916K->14916K(1062912K)
[7.596s][info][gc           ] GC(4) Pause Young (Normal) (G1 Evacuation Pause) 33M->7M(62M) 22.833ms
[7.596s][info][gc,cpu       ] GC(4) User=0.01s Sys=0.00s Real=0.02s
[9.109s][info][gc,start     ] GC(5) Pause Young (Normal) (G1 Evacuation Pause)
[9.110s][info][gc,task      ] GC(5) Using 1 workers of 1 for evacuation
[9.175s][info][gc,phases    ] GC(5)   Pre Evacuate Collection Set: 0.0ms
[9.177s][info][gc,phases    ] GC(5)   Evacuate Collection Set: 55.1ms
[9.177s][info][gc,phases    ] GC(5)   Post Evacuate Collection Set: 10.1ms
[9.177s][info][gc,phases    ] GC(5)   Other: 0.8ms
[9.177s][info][gc,heap      ] GC(5) Eden regions: 32->0(36)
[9.177s][info][gc,heap      ] GC(5) Survivor regions: 4->4(5)
[9.177s][info][gc,heap      ] GC(5) Old regions: 5->6
[9.177s][info][gc,heap      ] GC(5) Humongous regions: 0->0
[9.177s][info][gc,metaspace ] GC(5) Metaspace: 18960K->18960K(1067008K)
[9.178s][info][gc           ] GC(5) Pause Young (Normal) (G1 Evacuation Pause) 39M->9M(75M) 68.632ms
[9.178s][info][gc,cpu       ] GC(5) User=0.02s Sys=0.00s Real=0.07s
[9.482s][info][gc,start     ] GC(6) Pause Young (Concurrent Start) (Metadata GC Threshold)
[9.482s][info][gc,task      ] GC(6) Using 1 workers of 1 for evacuation
[9.500s][info][gc,phases    ] GC(6)   Pre Evacuate Collection Set: 0.0ms
[9.501s][info][gc,phases    ] GC(6)   Evacuate Collection Set: 17.9ms
[9.501s][info][gc,phases    ] GC(6)   Post Evacuate Collection Set: 0.2ms
[9.501s][info][gc,phases    ] GC(6)   Other: 0.1ms
[9.501s][info][gc,heap      ] GC(6) Eden regions: 5->0(29)
[9.501s][info][gc,heap      ] GC(6) Survivor regions: 4->1(5)
[9.501s][info][gc,heap      ] GC(6) Old regions: 6->10
[9.501s][info][gc,heap      ] GC(6) Humongous regions: 0->0
[9.501s][info][gc,metaspace ] GC(6) Metaspace: 20084K->20084K(1067008K)
[9.501s][info][gc           ] GC(6) Pause Young (Concurrent Start) (Metadata GC Threshold) 14M->9M(75M) 19.380ms
[9.501s][info][gc,cpu       ] GC(6) User=0.01s Sys=0.00s Real=0.02s
[9.502s][info][gc           ] GC(7) Concurrent Cycle
[9.511s][info][gc,marking   ] GC(7) Concurrent Clear Claimed Marks
[9.511s][info][gc,marking   ] GC(7) Concurrent Clear Claimed Marks 0.377ms
[9.511s][info][gc,marking   ] GC(7) Concurrent Scan Root Regions
[9.512s][info][gc,marking   ] GC(7) Concurrent Scan Root Regions 0.358ms
[9.512s][info][gc,marking   ] GC(7) Concurrent Mark (9.512s)
[9.513s][info][gc,marking   ] GC(7) Concurrent Mark From Roots
[9.513s][info][gc,task      ] GC(7) Using 1 workers of 1 for marking
[9.636s][info][gc,marking   ] GC(7) Concurrent Mark From Roots 123.720ms
[9.636s][info][gc,marking   ] GC(7) Concurrent Preclean
[9.636s][info][gc,marking   ] GC(7) Concurrent Preclean 0.077ms
[9.636s][info][gc,marking   ] GC(7) Concurrent Mark (9.512s, 9.636s) 124.263ms
[9.637s][info][gc,start     ] GC(7) Pause Remark
[9.658s][info][gc,stringtable] GC(7) Cleaned string and symbol table, strings: 9243 processed, 23 removed, symbols: 37866 processed, 29 removed
[9.658s][info][gc            ] GC(7) Pause Remark 12M->12M(75M) 21.330ms
[9.658s][info][gc,cpu        ] GC(7) User=0.00s Sys=0.00s Real=0.03s
[9.680s][info][gc,marking    ] GC(7) Concurrent Rebuild Remembered Sets
[9.801s][info][gc,marking    ] GC(7) Concurrent Rebuild Remembered Sets 120.155ms
[9.804s][info][gc,start      ] GC(7) Pause Cleanup
[9.804s][info][gc            ] GC(7) Pause Cleanup 13M->13M(75M) 0.507ms
[9.804s][info][gc,cpu        ] GC(7) User=0.00s Sys=0.00s Real=0.00s
[9.804s][info][gc,marking    ] GC(7) Concurrent Cleanup for Next Mark
[9.811s][info][gc,marking    ] GC(7) Concurrent Cleanup for Next Mark 6.534ms
[9.811s][info][gc            ] GC(7) Concurrent Cycle 309.395ms
[10.281s][info][gc,start      ] GC(8) Pause Young (Concurrent Start) (G1 Evacuation Pause)
[10.282s][info][gc,task       ] GC(8) Using 1 workers of 1 for evacuation
[10.289s][info][gc,phases     ] GC(8)   Pre Evacuate Collection Set: 0.1ms
[10.290s][info][gc,phases     ] GC(8)   Evacuate Collection Set: 7.0ms
[10.290s][info][gc,phases     ] GC(8)   Post Evacuate Collection Set: 0.5ms
[10.290s][info][gc,phases     ] GC(8)   Other: 0.5ms
[10.290s][info][gc,heap       ] GC(8) Eden regions: 30->0(32)
[10.290s][info][gc,heap       ] GC(8) Survivor regions: 1->3(4)
[10.290s][info][gc,heap       ] GC(8) Old regions: 10->10
[10.290s][info][gc,heap       ] GC(8) Humongous regions: 0->0
[10.290s][info][gc,metaspace  ] GC(8) Metaspace: 23332K->23332K(1071104K)
[10.290s][info][gc            ] GC(8) Pause Young (Concurrent Start) (G1 Evacuation Pause) 39M->11M(75M) 8.298ms
[10.290s][info][gc,cpu        ] GC(8) User=0.01s Sys=0.00s Real=0.01s
[10.290s][info][gc            ] GC(9) Concurrent Cycle
[10.290s][info][gc,marking    ] GC(9) Concurrent Clear Claimed Marks
[10.290s][info][gc,marking    ] GC(9) Concurrent Clear Claimed Marks 0.041ms
[10.290s][info][gc,marking    ] GC(9) Concurrent Scan Root Regions
[10.306s][info][gc,marking    ] GC(9) Concurrent Scan Root Regions 15.721ms
[10.306s][info][gc,marking    ] GC(9) Concurrent Mark (10.306s)
[10.306s][info][gc,marking    ] GC(9) Concurrent Mark From Roots
[10.306s][info][gc,task       ] GC(9) Using 1 workers of 1 for marking
[10.387s][info][gc,marking    ] GC(9) Concurrent Mark From Roots 81.832ms
[10.387s][info][gc,marking    ] GC(9) Concurrent Preclean
[10.388s][info][gc,marking    ] GC(9) Concurrent Preclean 0.054ms
[10.388s][info][gc,marking    ] GC(9) Concurrent Mark (10.306s, 10.388s) 81.994ms
[10.392s][info][gc,start      ] GC(9) Pause Remark
[10.396s][info][gc,stringtable] GC(9) Cleaned string and symbol table, strings: 10260 processed, 3 removed, symbols: 45022 processed, 18 removed
[10.396s][info][gc            ] GC(9) Pause Remark 14M->14M(75M) 4.215ms
[10.396s][info][gc,cpu        ] GC(9) User=0.00s Sys=0.00s Real=0.00s
[10.396s][info][gc,marking    ] GC(9) Concurrent Rebuild Remembered Sets
[10.413s][info][gc,marking    ] GC(9) Concurrent Rebuild Remembered Sets 17.153ms
[10.418s][info][gc,start      ] GC(9) Pause Cleanup
[10.418s][info][gc            ] GC(9) Pause Cleanup 15M->15M(75M) 0.067ms
[10.418s][info][gc,cpu        ] GC(9) User=0.00s Sys=0.00s Real=0.00s
[10.418s][info][gc,marking    ] GC(9) Concurrent Cleanup for Next Mark
[10.427s][info][gc,marking    ] GC(9) Concurrent Cleanup for Next Mark 9.218ms
[10.427s][info][gc            ] GC(9) Concurrent Cycle 137.303ms
[10.772s][info][gc,start      ] GC(10) Pause Young (Normal) (G1 Evacuation Pause)
[10.772s][info][gc,task       ] GC(10) Using 1 workers of 1 for evacuation
[10.818s][info][gc,phases     ] GC(10)   Pre Evacuate Collection Set: 0.0ms
[10.818s][info][gc,phases     ] GC(10)   Evacuate Collection Set: 45.0ms
[10.818s][info][gc,phases     ] GC(10)   Post Evacuate Collection Set: 0.5ms
[10.818s][info][gc,phases     ] GC(10)   Other: 0.4ms
[10.818s][info][gc,heap       ] GC(10) Eden regions: 32->0(32)
[10.818s][info][gc,heap       ] GC(10) Survivor regions: 3->5(5)
[10.818s][info][gc,heap       ] GC(10) Old regions: 10->11
[10.818s][info][gc,heap       ] GC(10) Humongous regions: 0->0
[10.818s][info][gc,metaspace  ] GC(10) Metaspace: 25048K->25048K(1073152K)
[10.818s][info][gc            ] GC(10) Pause Young (Normal) (G1 Evacuation Pause) 43M->15M(75M) 46.166ms
[10.818s][info][gc,cpu        ] GC(10) User=0.02s Sys=0.00s Real=0.05s
[11.122s][info][gc,start      ] GC(11) Pause Young (Normal) (G1 Evacuation Pause)
[11.123s][info][gc,task       ] GC(11) Using 1 workers of 1 for evacuation
[11.138s][info][gc,phases     ] GC(11)   Pre Evacuate Collection Set: 0.0ms
[11.138s][info][gc,phases     ] GC(11)   Evacuate Collection Set: 14.5ms
[11.138s][info][gc,phases     ] GC(11)   Post Evacuate Collection Set: 0.4ms
[11.138s][info][gc,phases     ] GC(11)   Other: 0.3ms
[11.138s][info][gc,heap       ] GC(11) Eden regions: 32->0(32)
[11.138s][info][gc,heap       ] GC(11) Survivor regions: 5->2(5)
[11.138s][info][gc,heap       ] GC(11) Old regions: 11->16
[11.138s][info][gc,heap       ] GC(11) Humongous regions: 0->0
[11.138s][info][gc,metaspace  ] GC(11) Metaspace: 26863K->26863K(1075200K)
[11.138s][info][gc            ] GC(11) Pause Young (Normal) (G1 Evacuation Pause) 47M->16M(75M) 15.383ms
[11.138s][info][gc,cpu        ] GC(11) User=0.01s Sys=0.00s Real=0.02s
[11.633s][info][gc,start      ] GC(12) Pause Young (Normal) (G1 Evacuation Pause)
[11.633s][info][gc,task       ] GC(12) Using 1 workers of 1 for evacuation
[11.642s][info][gc,phases     ] GC(12)   Pre Evacuate Collection Set: 0.0ms
[11.642s][info][gc,phases     ] GC(12)   Evacuate Collection Set: 8.5ms
[11.642s][info][gc,phases     ] GC(12)   Post Evacuate Collection Set: 0.5ms
[11.642s][info][gc,phases     ] GC(12)   Other: 0.5ms
[11.642s][info][gc,heap       ] GC(12) Eden regions: 32->0(39)
[11.642s][info][gc,heap       ] GC(12) Survivor regions: 2->4(5)
[11.642s][info][gc,heap       ] GC(12) Old regions: 16->16
[11.642s][info][gc,heap       ] GC(12) Humongous regions: 0->0
[11.642s][info][gc,metaspace  ] GC(12) Metaspace: 30392K->30392K(1077248K)
[11.642s][info][gc            ] GC(12) Pause Young (Normal) (G1 Evacuation Pause) 48M->19M(93M) 9.655ms
[11.642s][info][gc,cpu        ] GC(12) User=0.01s Sys=0.00s Real=0.01s
[12.132s][info][gc,start      ] GC(13) Pause Young (Normal) (G1 Evacuation Pause)
[12.132s][info][gc,task       ] GC(13) Using 1 workers of 1 for evacuation
[12.144s][info][gc,phases     ] GC(13)   Pre Evacuate Collection Set: 0.0ms
[12.145s][info][gc,phases     ] GC(13)   Evacuate Collection Set: 11.5ms
[12.145s][info][gc,phases     ] GC(13)   Post Evacuate Collection Set: 0.7ms
[12.145s][info][gc,phases     ] GC(13)   Other: 0.3ms
[12.145s][info][gc,heap       ] GC(13) Eden regions: 39->0(40)
[12.145s][info][gc,heap       ] GC(13) Survivor regions: 4->5(6)
[12.145s][info][gc,heap       ] GC(13) Old regions: 16->17
[12.145s][info][gc,heap       ] GC(13) Humongous regions: 0->0
[12.145s][info][gc,metaspace  ] GC(13) Metaspace: 33452K->33452K(1081344K)
[12.145s][info][gc            ] GC(13) Pause Young (Normal) (G1 Evacuation Pause) 58M->21M(93M) 12.686ms
[12.145s][info][gc,cpu        ] GC(13) User=0.02s Sys=0.00s Real=0.01s
[12.612s][info][gc,start      ] GC(14) Pause Young (Normal) (G1 Evacuation Pause)
[12.613s][info][gc,task       ] GC(14) Using 1 workers of 1 for evacuation
[12.635s][info][gc,phases     ] GC(14)   Pre Evacuate Collection Set: 0.0ms
[12.635s][info][gc,phases     ] GC(14)   Evacuate Collection Set: 21.2ms
[12.635s][info][gc,phases     ] GC(14)   Post Evacuate Collection Set: 0.5ms
[12.635s][info][gc,phases     ] GC(14)   Other: 0.5ms
[12.635s][info][gc,heap       ] GC(14) Eden regions: 40->0(41)
[12.635s][info][gc,heap       ] GC(14) Survivor regions: 5->4(6)
[12.635s][info][gc,heap       ] GC(14) Old regions: 17->19
[12.635s][info][gc,heap       ] GC(14) Humongous regions: 0->0
[12.635s][info][gc,metaspace  ] GC(14) Metaspace: 35829K->35829K(1083392K)
[12.635s][info][gc            ] GC(14) Pause Young (Normal) (G1 Evacuation Pause) 61M->22M(93M) 22.389ms
[12.635s][info][gc,cpu        ] GC(14) User=0.02s Sys=0.00s Real=0.02s
[13.194s][info][gc,start      ] GC(15) Pause Young (Concurrent Start) (Metadata GC Threshold)
[13.194s][info][gc,task       ] GC(15) Using 1 workers of 1 for evacuation
[13.217s][info][gc,phases     ] GC(15)   Pre Evacuate Collection Set: 0.1ms
[13.217s][info][gc,phases     ] GC(15)   Evacuate Collection Set: 21.9ms
[13.217s][info][gc,phases     ] GC(15)   Post Evacuate Collection Set: 0.6ms
[13.217s][info][gc,phases     ] GC(15)   Other: 0.5ms
[13.217s][info][gc,heap       ] GC(15) Eden regions: 40->0(40)
[13.217s][info][gc,heap       ] GC(15) Survivor regions: 4->5(6)
[13.217s][info][gc,heap       ] GC(15) Old regions: 19->22
[13.217s][info][gc,heap       ] GC(15) Humongous regions: 0->0
[13.217s][info][gc,metaspace  ] GC(15) Metaspace: 39541K->39541K(1085440K)
[13.217s][info][gc            ] GC(15) Pause Young (Concurrent Start) (Metadata GC Threshold) 62M->25M(93M) 23.257ms
[13.217s][info][gc,cpu        ] GC(15) User=0.02s Sys=0.00s Real=0.02s
[13.217s][info][gc            ] GC(16) Concurrent Cycle
[13.217s][info][gc,marking    ] GC(16) Concurrent Clear Claimed Marks
[13.217s][info][gc,marking    ] GC(16) Concurrent Clear Claimed Marks 0.127ms
[13.217s][info][gc,marking    ] GC(16) Concurrent Scan Root Regions
[13.222s][info][gc,marking    ] GC(16) Concurrent Scan Root Regions 5.039ms
[13.222s][info][gc,marking    ] GC(16) Concurrent Mark (13.222s)
[13.222s][info][gc,marking    ] GC(16) Concurrent Mark From Roots
[13.222s][info][gc,task       ] GC(16) Using 1 workers of 1 for marking
[13.285s][info][gc,marking    ] GC(16) Concurrent Mark From Roots 62.348ms
[13.285s][info][gc,marking    ] GC(16) Concurrent Preclean
[13.285s][info][gc,marking    ] GC(16) Concurrent Preclean 0.086ms
[13.285s][info][gc,marking    ] GC(16) Concurrent Mark (13.222s, 13.285s) 62.538ms
[13.285s][info][gc,start      ] GC(16) Pause Remark
[13.292s][info][gc,stringtable] GC(16) Cleaned string and symbol table, strings: 19499 processed, 3 removed, symbols: 93245 processed, 63 removed
[13.294s][info][gc            ] GC(16) Pause Remark 28M->28M(93M) 8.666ms
[13.294s][info][gc,cpu        ] GC(16) User=0.01s Sys=0.00s Real=0.01s
[13.294s][info][gc,marking    ] GC(16) Concurrent Rebuild Remembered Sets
[13.360s][info][gc,marking    ] GC(16) Concurrent Rebuild Remembered Sets 65.176ms
[13.363s][info][gc,start      ] GC(16) Pause Cleanup
[13.363s][info][gc            ] GC(16) Pause Cleanup 31M->31M(93M) 0.086ms
[13.363s][info][gc,cpu        ] GC(16) User=0.00s Sys=0.00s Real=0.00s
[13.363s][info][gc,marking    ] GC(16) Concurrent Cleanup for Next Mark
[13.363s][info][gc,marking    ] GC(16) Concurrent Cleanup for Next Mark 0.352ms
[13.363s][info][gc            ] GC(16) Concurrent Cycle 146.344ms
[13.410s][info][gc,task       ] GC(17) Using 1 workers of 1 for full compaction
[13.410s][info][gc,start      ] GC(17) Pause Full (System.gc())
[13.411s][info][gc,phases,start] GC(17) Phase 1: Mark live objects
[13.460s][info][gc,stringtable ] GC(17) Cleaned string and symbol table, strings: 21139 processed, 3 removed, symbols: 94875 processed, 10 removed
[13.460s][info][gc,phases      ] GC(17) Phase 1: Mark live objects 48.672ms
[13.460s][info][gc,phases,start] GC(17) Phase 2: Prepare for compaction
[13.471s][info][gc,phases      ] GC(17) Phase 2: Prepare for compaction 10.797ms
[13.471s][info][gc,phases,start] GC(17) Phase 3: Adjust pointers
[13.501s][info][gc,phases      ] GC(17) Phase 3: Adjust pointers 29.784ms
[13.501s][info][gc,phases,start] GC(17) Phase 4: Compact heap
[13.527s][info][gc,phases      ] GC(17) Phase 4: Compact heap 26.114ms
[13.531s][info][gc,heap        ] GC(17) Eden regions: 8->0(37)
[13.531s][info][gc,heap        ] GC(17) Survivor regions: 5->0(6)
[13.531s][info][gc,heap        ] GC(17) Old regions: 22->25
[13.531s][info][gc,heap        ] GC(17) Humongous regions: 0->0
[13.531s][info][gc,metaspace   ] GC(17) Metaspace: 40488K->40488K(1087488K)
[13.531s][info][gc             ] GC(17) Pause Full (System.gc()) 33M->24M(84M) 121.026ms
[13.531s][info][gc,cpu         ] GC(17) User=0.10s Sys=0.00s Real=0.12s
[13.538s][info][gc,task        ] GC(18) Using 1 workers of 1 for full compaction
[13.538s][info][gc,start       ] GC(18) Pause Full (System.gc())
[13.539s][info][gc,phases,start] GC(18) Phase 1: Mark live objects
[13.586s][info][gc,stringtable ] GC(18) Cleaned string and symbol table, strings: 21138 processed, 0 removed, symbols: 94869 processed, 0 removed
[13.586s][info][gc,phases      ] GC(18) Phase 1: Mark live objects 47.529ms
[13.586s][info][gc,phases,start] GC(18) Phase 2: Prepare for compaction
[13.592s][info][gc,phases      ] GC(18) Phase 2: Prepare for compaction 5.130ms
[13.592s][info][gc,phases,start] GC(18) Phase 3: Adjust pointers
[13.607s][info][gc,phases      ] GC(18) Phase 3: Adjust pointers 14.889ms
[13.607s][info][gc,phases,start] GC(18) Phase 4: Compact heap
[13.611s][info][gc,phases      ] GC(18) Phase 4: Compact heap 4.749ms
[13.613s][info][gc,heap        ] GC(18) Eden regions: 2->0(37)
[13.613s][info][gc,heap        ] GC(18) Survivor regions: 0->0(6)
[13.613s][info][gc,heap        ] GC(18) Old regions: 25->25
[13.613s][info][gc,heap        ] GC(18) Humongous regions: 0->0
[13.613s][info][gc,metaspace   ] GC(18) Metaspace: 40494K->40494K(1087488K)
[13.613s][info][gc             ] GC(18) Pause Full (System.gc()) 26M->24M(84M) 75.727ms
[13.614s][info][gc,cpu         ] GC(18) User=0.07s Sys=0.00s Real=0.07s
[14.538s][info][gc,start       ] GC(19) Pause Young (Normal) (G1 Evacuation Pause)
[14.538s][info][gc,task        ] GC(19) Using 1 workers of 1 for evacuation
[14.543s][info][gc,phases      ] GC(19)   Pre Evacuate Collection Set: 0.0ms
[14.543s][info][gc,phases      ] GC(19)   Evacuate Collection Set: 4.0ms
[14.543s][info][gc,phases      ] GC(19)   Post Evacuate Collection Set: 0.5ms
[14.543s][info][gc,phases      ] GC(19)   Other: 0.5ms
[14.543s][info][gc,heap        ] GC(19) Eden regions: 37->0(36)
[14.543s][info][gc,heap        ] GC(19) Survivor regions: 0->3(5)
[14.543s][info][gc,heap        ] GC(19) Old regions: 25->25
[14.543s][info][gc,heap        ] GC(19) Humongous regions: 0->0
[14.543s][info][gc,metaspace   ] GC(19) Metaspace: 45765K->45765K(1091584K)
[14.543s][info][gc             ] GC(19) Pause Young (Normal) (G1 Evacuation Pause) 61M->26M(84M) 5.175ms
[14.543s][info][gc,cpu         ] GC(19) User=0.00s Sys=0.00s Real=0.00s
[15.308s][info][gc,start       ] GC(20) Pause Young (Normal) (G1 Evacuation Pause)
[15.308s][info][gc,task        ] GC(20) Using 1 workers of 1 for evacuation
[15.320s][info][gc,phases      ] GC(20)   Pre Evacuate Collection Set: 0.0ms
[15.320s][info][gc,phases      ] GC(20)   Evacuate Collection Set: 10.7ms
[15.320s][info][gc,phases      ] GC(20)   Post Evacuate Collection Set: 0.6ms
[15.320s][info][gc,phases      ] GC(20)   Other: 0.6ms
[15.320s][info][gc,heap        ] GC(20) Eden regions: 36->0(37)
[15.320s][info][gc,heap        ] GC(20) Survivor regions: 3->4(5)
[15.320s][info][gc,heap        ] GC(20) Old regions: 25->25
[15.320s][info][gc,heap        ] GC(20) Humongous regions: 0->0
[15.320s][info][gc,metaspace   ] GC(20) Metaspace: 49456K->49456K(1095680K)
[15.320s][info][gc             ] GC(20) Pause Young (Normal) (G1 Evacuation Pause) 62M->27M(84M) 11.960ms
[15.320s][info][gc,cpu         ] GC(20) User=0.01s Sys=0.00s Real=0.02s
[15.827s][info][gc,start       ] GC(21) Pause Young (Normal) (G1 Evacuation Pause)
[15.828s][info][gc,task        ] GC(21) Using 1 workers of 1 for evacuation
[15.839s][info][gc,phases      ] GC(21)   Pre Evacuate Collection Set: 0.0ms
[15.839s][info][gc,phases      ] GC(21)   Evacuate Collection Set: 10.6ms
[15.839s][info][gc,phases      ] GC(21)   Post Evacuate Collection Set: 0.7ms
[15.839s][info][gc,phases      ] GC(21)   Other: 0.6ms
[15.839s][info][gc,heap        ] GC(21) Eden regions: 37->0(45)
[15.839s][info][gc,heap        ] GC(21) Survivor regions: 4->3(6)
[15.839s][info][gc,heap        ] GC(21) Old regions: 25->27
[15.839s][info][gc,heap        ] GC(21) Humongous regions: 1->1
[15.839s][info][gc,metaspace   ] GC(21) Metaspace: 51511K->51511K(1097728K)
[15.839s][info][gc             ] GC(21) Pause Young (Normal) (G1 Evacuation Pause) 65M->29M(101M) 12.013ms
[15.839s][info][gc,cpu         ] GC(21) User=0.01s Sys=0.00s Real=0.02s
[16.551s][info][gc,start       ] GC(22) Pause Young (Normal) (G1 Evacuation Pause)
[16.551s][info][gc,task        ] GC(22) Using 1 workers of 1 for evacuation
[16.566s][info][gc,phases      ] GC(22)   Pre Evacuate Collection Set: 0.0ms
[16.566s][info][gc,phases      ] GC(22)   Evacuate Collection Set: 13.7ms
[16.566s][info][gc,phases      ] GC(22)   Post Evacuate Collection Set: 0.7ms
[16.566s][info][gc,phases      ] GC(22)   Other: 0.5ms
[16.566s][info][gc,heap        ] GC(22) Eden regions: 45->0(44)
[16.566s][info][gc,heap        ] GC(22) Survivor regions: 3->6(6)
[16.566s][info][gc,heap        ] GC(22) Old regions: 27->27
[16.566s][info][gc,heap        ] GC(22) Humongous regions: 1->1
[16.566s][info][gc,metaspace   ] GC(22) Metaspace: 54308K->54308K(1099776K)
[16.566s][info][gc             ] GC(22) Pause Young (Normal) (G1 Evacuation Pause) 74M->32M(101M) 15.174ms
[16.566s][info][gc,cpu         ] GC(22) User=0.01s Sys=0.00s Real=0.01s
[17.106s][info][gc,start       ] GC(23) Pause Young (Normal) (G1 Evacuation Pause)
[17.106s][info][gc,task        ] GC(23) Using 1 workers of 1 for evacuation
[17.125s][info][gc,phases      ] GC(23)   Pre Evacuate Collection Set: 0.0ms
[17.125s][info][gc,phases      ] GC(23)   Evacuate Collection Set: 17.6ms
[17.125s][info][gc,phases      ] GC(23)   Post Evacuate Collection Set: 2.0ms
[17.125s][info][gc,phases      ] GC(23)   Other: 0.3ms
[17.125s][info][gc,heap        ] GC(23) Eden regions: 44->0(45)
[17.125s][info][gc,heap        ] GC(23) Survivor regions: 6->4(7)
[17.125s][info][gc,heap        ] GC(23) Old regions: 27->30
[17.125s][info][gc,heap        ] GC(23) Humongous regions: 1->1
[17.125s][info][gc,metaspace   ] GC(23) Metaspace: 56257K->56257K(1101824K)
[17.126s][info][gc             ] GC(23) Pause Young (Normal) (G1 Evacuation Pause) 76M->33M(101M) 19.998ms
[17.126s][info][gc,cpu         ] GC(23) User=0.02s Sys=0.00s Real=0.02s
[17.763s][info][gc,start       ] GC(24) Pause Young (Normal) (G1 Evacuation Pause)
[17.763s][info][gc,task        ] GC(24) Using 1 workers of 1 for evacuation
[17.783s][info][gc,phases      ] GC(24)   Pre Evacuate Collection Set: 0.0ms
[17.783s][info][gc,phases      ] GC(24)   Evacuate Collection Set: 18.7ms
[17.783s][info][gc,phases      ] GC(24)   Post Evacuate Collection Set: 0.6ms
[17.783s][info][gc,phases      ] GC(24)   Other: 0.3ms
[17.783s][info][gc,heap        ] GC(24) Eden regions: 45->0(44)
[17.783s][info][gc,heap        ] GC(24) Survivor regions: 4->4(7)
[17.783s][info][gc,heap        ] GC(24) Old regions: 30->32
[17.783s][info][gc,heap        ] GC(24) Humongous regions: 1->1
[17.783s][info][gc,metaspace   ] GC(24) Metaspace: 59789K->59789K(1103872K)
[17.783s][info][gc             ] GC(24) Pause Young (Normal) (G1 Evacuation Pause) 78M->35M(101M) 19.852ms
[17.783s][info][gc,cpu         ] GC(24) User=0.02s Sys=0.00s Real=0.02s
[18.623s][info][gc,task        ] GC(25) Using 1 workers of 1 for full compaction
[18.623s][info][gc,start       ] GC(25) Pause Full (System.gc())
[18.625s][info][gc,phases,start] GC(25) Phase 1: Mark live objects
[18.713s][info][gc,stringtable ] GC(25) Cleaned string and symbol table, strings: 27623 processed, 6 removed, symbols: 133826 processed, 99 removed
[18.714s][info][gc,phases      ] GC(25) Phase 1: Mark live objects 88.592ms
[18.714s][info][gc,phases,start] GC(25) Phase 2: Prepare for compaction
[18.726s][info][gc,phases      ] GC(25) Phase 2: Prepare for compaction 12.194ms
[18.726s][info][gc,phases,start] GC(25) Phase 3: Adjust pointers
[18.772s][info][gc,phases      ] GC(25) Phase 3: Adjust pointers 46.144ms
[18.772s][info][gc,phases,start] GC(25) Phase 4: Compact heap
[18.795s][info][gc,phases      ] GC(25) Phase 4: Compact heap 22.943ms
[18.798s][info][gc,heap        ] GC(25) Eden regions: 30->0(45)
[18.798s][info][gc,heap        ] GC(25) Survivor regions: 4->0(7)
[18.798s][info][gc,heap        ] GC(25) Old regions: 32->35
[18.798s][info][gc,heap        ] GC(25) Humongous regions: 1->1
[18.798s][info][gc,metaspace   ] GC(25) Metaspace: 61131K->61124K(1105920K)
[18.798s][info][gc             ] GC(25) Pause Full (System.gc()) 64M->35M(101M) 174.286ms
[18.798s][info][gc,cpu         ] GC(25) User=0.17s Sys=0.00s Real=0.18s
[19.763s][info][gc,start       ] GC(26) Pause Young (Normal) (G1 Evacuation Pause)
[19.763s][info][gc,task        ] GC(26) Using 1 workers of 1 for evacuation
[19.768s][info][gc,phases      ] GC(26)   Pre Evacuate Collection Set: 0.0ms
[19.768s][info][gc,phases      ] GC(26)   Evacuate Collection Set: 4.6ms
[19.768s][info][gc,phases      ] GC(26)   Post Evacuate Collection Set: 0.4ms
[19.768s][info][gc,phases      ] GC(26)   Other: 0.5ms
[19.768s][info][gc,heap        ] GC(26) Eden regions: 45->0(54)
[19.768s][info][gc,heap        ] GC(26) Survivor regions: 0->1(6)
[19.768s][info][gc,heap        ] GC(26) Old regions: 35->35
[19.768s][info][gc,heap        ] GC(26) Humongous regions: 1->1
[19.768s][info][gc,metaspace   ] GC(26) Metaspace: 62296K->62296K(1107968K)
[19.768s][info][gc             ] GC(26) Pause Young (Normal) (G1 Evacuation Pause) 80M->36M(122M) 5.655ms
[19.768s][info][gc,cpu         ] GC(26) User=0.00s Sys=0.00s Real=0.00s
[20.214s][info][gc,start       ] GC(27) Pause Young (Normal) (G1 Evacuation Pause)
[20.215s][info][gc,task        ] GC(27) Using 1 workers of 1 for evacuation
[20.223s][info][gc,phases      ] GC(27)   Pre Evacuate Collection Set: 0.0ms
[20.223s][info][gc,phases      ] GC(27)   Evacuate Collection Set: 7.4ms
[20.223s][info][gc,phases      ] GC(27)   Post Evacuate Collection Set: 0.1ms
[20.223s][info][gc,phases      ] GC(27)   Other: 0.7ms
[20.223s][info][gc,heap        ] GC(27) Eden regions: 54->0(56)
[20.223s][info][gc,heap        ] GC(27) Survivor regions: 1->2(7)
[20.223s][info][gc,heap        ] GC(27) Old regions: 35->35
[20.223s][info][gc,heap        ] GC(27) Humongous regions: 1->1
[20.223s][info][gc,metaspace   ] GC(27) Metaspace: 62345K->62345K(1107968K)
[20.223s][info][gc             ] GC(27) Pause Young (Normal) (G1 Evacuation Pause) 90M->36M(122M) 8.400ms
[20.223s][info][gc,cpu         ] GC(27) User=0.01s Sys=0.00s Real=0.01s
[20.555s][info][gc,start       ] GC(28) Pause Young (Normal) (G1 Evacuation Pause)
[20.555s][info][gc,task        ] GC(28) Using 1 workers of 1 for evacuation
[20.560s][info][gc,phases      ] GC(28)   Pre Evacuate Collection Set: 0.0ms
[20.560s][info][gc,phases      ] GC(28)   Evacuate Collection Set: 4.4ms
[20.560s][info][gc,phases      ] GC(28)   Post Evacuate Collection Set: 0.1ms
[20.560s][info][gc,phases      ] GC(28)   Other: 0.6ms
[20.560s][info][gc,heap        ] GC(28) Eden regions: 56->0(60)
[20.560s][info][gc,heap        ] GC(28) Survivor regions: 2->2(8)
[20.560s][info][gc,heap        ] GC(28) Old regions: 35->35
[20.560s][info][gc,heap        ] GC(28) Humongous regions: 1->1
[20.560s][info][gc,metaspace   ] GC(28) Metaspace: 62345K->62345K(1107968K)
[20.560s][info][gc             ] GC(28) Pause Young (Normal) (G1 Evacuation Pause) 92M->37M(122M) 5.258ms
[20.560s][info][gc,cpu         ] GC(28) User=0.01s Sys=0.00s Real=0.01s
[20.962s][info][gc,start       ] GC(29) Pause Young (Normal) (G1 Evacuation Pause)
[20.962s][info][gc,task        ] GC(29) Using 1 workers of 1 for evacuation
[20.968s][info][gc,phases      ] GC(29)   Pre Evacuate Collection Set: 0.0ms
[20.968s][info][gc,phases      ] GC(29)   Evacuate Collection Set: 5.2ms
[20.968s][info][gc,phases      ] GC(29)   Post Evacuate Collection Set: 0.1ms
[20.968s][info][gc,phases      ] GC(29)   Other: 0.3ms
[20.968s][info][gc,heap        ] GC(29) Eden regions: 60->0(61)
[20.968s][info][gc,heap        ] GC(29) Survivor regions: 2->2(8)
[20.968s][info][gc,heap        ] GC(29) Old regions: 35->35
[20.968s][info][gc,heap        ] GC(29) Humongous regions: 1->1
[20.968s][info][gc,metaspace   ] GC(29) Metaspace: 62346K->62346K(1107968K)
[20.968s][info][gc             ] GC(29) Pause Young (Normal) (G1 Evacuation Pause) 97M->37M(122M) 5.727ms
[20.968s][info][gc,cpu         ] GC(29) User=0.01s Sys=0.00s Real=0.00s
[21.271s][info][gc,start       ] GC(30) Pause Young (Normal) (G1 Evacuation Pause)
[21.271s][info][gc,task        ] GC(30) Using 1 workers of 1 for evacuation
[21.282s][info][gc,phases      ] GC(30)   Pre Evacuate Collection Set: 0.0ms
[21.282s][info][gc,phases      ] GC(30)   Evacuate Collection Set: 10.9ms
[21.282s][info][gc,phases      ] GC(30)   Post Evacuate Collection Set: 0.1ms
[21.282s][info][gc,phases      ] GC(30)   Other: 0.5ms
[21.282s][info][gc,heap        ] GC(30) Eden regions: 61->0(61)
[21.282s][info][gc,heap        ] GC(30) Survivor regions: 2->3(8)
[21.282s][info][gc,heap        ] GC(30) Old regions: 35->35
[21.282s][info][gc,heap        ] GC(30) Humongous regions: 1->1
[21.282s][info][gc,metaspace   ] GC(30) Metaspace: 62348K->62348K(1107968K)
[21.283s][info][gc             ] GC(30) Pause Young (Normal) (G1 Evacuation Pause) 98M->37M(122M) 11.663ms
[21.283s][info][gc,cpu         ] GC(30) User=0.01s Sys=0.00s Real=0.01s
[21.562s][info][gc,start       ] GC(31) Pause Young (Normal) (G1 Evacuation Pause)
[21.562s][info][gc,task        ] GC(31) Using 1 workers of 1 for evacuation
[21.573s][info][gc,phases      ] GC(31)   Pre Evacuate Collection Set: 0.0ms
[21.574s][info][gc,phases      ] GC(31)   Evacuate Collection Set: 6.2ms
[21.574s][info][gc,phases      ] GC(31)   Post Evacuate Collection Set: 5.3ms
[21.574s][info][gc,phases      ] GC(31)   Other: 0.4ms
[21.574s][info][gc,heap        ] GC(31) Eden regions: 61->0(61)
[21.574s][info][gc,heap        ] GC(31) Survivor regions: 3->3(8)
[21.574s][info][gc,heap        ] GC(31) Old regions: 35->35
[21.574s][info][gc,heap        ] GC(31) Humongous regions: 1->1
[21.574s][info][gc,metaspace   ] GC(31) Metaspace: 62353K->62353K(1107968K)
[21.574s][info][gc             ] GC(31) Pause Young (Normal) (G1 Evacuation Pause) 98M->38M(122M) 12.068ms
[21.574s][info][gc,cpu         ] GC(31) User=0.02s Sys=0.00s Real=0.01s
[21.899s][info][gc,start       ] GC(32) Pause Young (Normal) (G1 Evacuation Pause)
[21.900s][info][gc,task        ] GC(32) Using 1 workers of 1 for evacuation
[21.909s][info][gc,phases      ] GC(32)   Pre Evacuate Collection Set: 0.0ms
[21.909s][info][gc,phases      ] GC(32)   Evacuate Collection Set: 8.7ms
[21.909s][info][gc,phases      ] GC(32)   Post Evacuate Collection Set: 0.1ms
[21.909s][info][gc,phases      ] GC(32)   Other: 0.3ms
[21.909s][info][gc,heap        ] GC(32) Eden regions: 61->0(61)
[21.909s][info][gc,heap        ] GC(32) Survivor regions: 3->4(8)
[21.909s][info][gc,heap        ] GC(32) Old regions: 35->35
[21.909s][info][gc,heap        ] GC(32) Humongous regions: 1->1
[21.909s][info][gc,metaspace   ] GC(32) Metaspace: 62353K->62353K(1107968K)
[21.909s][info][gc             ] GC(32) Pause Young (Normal) (G1 Evacuation Pause) 99M->38M(122M) 9.345ms
[21.909s][info][gc,cpu         ] GC(32) User=0.01s Sys=0.00s Real=0.00s
[22.182s][info][gc,start       ] GC(33) Pause Young (Normal) (G1 Evacuation Pause)
[22.182s][info][gc,task        ] GC(33) Using 1 workers of 1 for evacuation
[22.198s][info][gc,phases      ] GC(33)   Pre Evacuate Collection Set: 0.0ms
[22.198s][info][gc,phases      ] GC(33)   Evacuate Collection Set: 15.6ms
[22.198s][info][gc,phases      ] GC(33)   Post Evacuate Collection Set: 0.1ms
[22.198s][info][gc,phases      ] GC(33)   Other: 0.3ms
[22.198s][info][gc,heap        ] GC(33) Eden regions: 61->0(62)
[22.198s][info][gc,heap        ] GC(33) Survivor regions: 4->4(9)
[22.198s][info][gc,heap        ] GC(33) Old regions: 35->35
[22.198s][info][gc,heap        ] GC(33) Humongous regions: 1->1
[22.198s][info][gc,metaspace   ] GC(33) Metaspace: 62353K->62353K(1107968K)
[22.198s][info][gc             ] GC(33) Pause Young (Normal) (G1 Evacuation Pause) 99M->38M(122M) 16.270ms
[22.198s][info][gc,cpu         ] GC(33) User=0.01s Sys=0.00s Real=0.02s
[23.618s][info][gc,start       ] GC(34) Pause Young (Normal) (G1 Evacuation Pause)
[23.619s][info][gc,task        ] GC(34) Using 1 workers of 1 for evacuation
[23.640s][info][gc,phases      ] GC(34)   Pre Evacuate Collection Set: 0.0ms
[23.640s][info][gc,phases      ] GC(34)   Evacuate Collection Set: 14.9ms
[23.640s][info][gc,phases      ] GC(34)   Post Evacuate Collection Set: 6.1ms
[23.640s][info][gc,phases      ] GC(34)   Other: 0.5ms
[23.640s][info][gc,heap        ] GC(34) Eden regions: 62->0(47)
[23.640s][info][gc,heap        ] GC(34) Survivor regions: 4->9(9)
[23.640s][info][gc,heap        ] GC(34) Old regions: 35->41
[23.640s][info][gc,heap        ] GC(34) Humongous regions: 1->1
[23.640s][info][gc,metaspace   ] GC(34) Metaspace: 63965K->63965K(1107968K)
[23.640s][info][gc             ] GC(34) Pause Young (Normal) (G1 Evacuation Pause) 100M->49M(122M) 21.708ms
[23.640s][info][gc,cpu         ] GC(34) User=0.03s Sys=0.00s Real=0.02s
[24.256s][info][gc,start       ] GC(35) Pause Young (Normal) (G1 Evacuation Pause)
[24.256s][info][gc,task        ] GC(35) Using 1 workers of 1 for evacuation
[24.276s][info][gc,phases      ] GC(35)   Pre Evacuate Collection Set: 0.0ms
[24.276s][info][gc,phases      ] GC(35)   Evacuate Collection Set: 13.2ms
[24.276s][info][gc,phases      ] GC(35)   Post Evacuate Collection Set: 6.9ms
[24.276s][info][gc,phases      ] GC(35)   Other: 0.3ms
[24.276s][info][gc,heap        ] GC(35) Eden regions: 47->0(40)
[24.276s][info][gc,heap        ] GC(35) Survivor regions: 9->7(7)
[24.276s][info][gc,heap        ] GC(35) Old regions: 41->48
[24.276s][info][gc,heap        ] GC(35) Humongous regions: 1->1
[24.276s][info][gc,metaspace   ] GC(35) Metaspace: 64384K->64384K(1110016K)
[24.276s][info][gc             ] GC(35) Pause Young (Normal) (G1 Evacuation Pause) 96M->55M(122M) 20.686ms
[24.276s][info][gc,cpu         ] GC(35) User=0.02s Sys=0.00s Real=0.02s
[24.735s][info][gc,start       ] GC(36) Pause Young (Normal) (G1 Evacuation Pause)
[24.736s][info][gc,task        ] GC(36) Using 1 workers of 1 for evacuation
[24.746s][info][gc,phases      ] GC(36)   Pre Evacuate Collection Set: 0.0ms
[24.746s][info][gc,phases      ] GC(36)   Evacuate Collection Set: 4.1ms
[24.746s][info][gc,phases      ] GC(36)   Post Evacuate Collection Set: 5.7ms
[24.746s][info][gc,phases      ] GC(36)   Other: 0.4ms
[24.746s][info][gc,heap        ] GC(36) Eden regions: 40->0(57)
[24.746s][info][gc,heap        ] GC(36) Survivor regions: 7->6(6)
[24.746s][info][gc,heap        ] GC(36) Old regions: 48->50
[24.746s][info][gc,heap        ] GC(36) Humongous regions: 1->1
[24.746s][info][gc,metaspace   ] GC(36) Metaspace: 64739K->64739K(1110016K)
[24.746s][info][gc             ] GC(36) Pause Young (Normal) (G1 Evacuation Pause) 95M->56M(147M) 10.354ms
[24.746s][info][gc,cpu         ] GC(36) User=0.01s Sys=0.00s Real=0.01s
[25.345s][info][gc,start       ] GC(37) Pause Young (Normal) (G1 Evacuation Pause)
[25.345s][info][gc,task        ] GC(37) Using 1 workers of 1 for evacuation
[25.365s][info][gc,phases      ] GC(37)   Pre Evacuate Collection Set: 0.0ms
[25.365s][info][gc,phases      ] GC(37)   Evacuate Collection Set: 3.5ms
[25.365s][info][gc,phases      ] GC(37)   Post Evacuate Collection Set: 16.2ms
[25.365s][info][gc,phases      ] GC(37)   Other: 0.3ms
[25.365s][info][gc,heap        ] GC(37) Eden regions: 57->0(50)
[25.365s][info][gc,heap        ] GC(37) Survivor regions: 6->8(8)
[25.366s][info][gc,heap        ] GC(37) Old regions: 50->54
[25.366s][info][gc,heap        ] GC(37) Humongous regions: 1->1
[25.366s][info][gc,metaspace   ] GC(37) Metaspace: 65057K->65057K(1110016K)
[25.366s][info][gc             ] GC(37) Pause Young (Normal) (G1 Evacuation Pause) 113M->61M(147M) 20.237ms
[25.366s][info][gc,cpu         ] GC(37) User=0.02s Sys=0.00s Real=0.02s
[25.814s][info][gc,start       ] GC(38) Pause Young (Normal) (G1 Evacuation Pause)
[25.814s][info][gc,task        ] GC(38) Using 1 workers of 1 for evacuation
[25.822s][info][gc,phases      ] GC(38)   Pre Evacuate Collection Set: 0.0ms
[25.822s][info][gc,phases      ] GC(38)   Evacuate Collection Set: 2.5ms
[25.823s][info][gc,phases      ] GC(38)   Post Evacuate Collection Set: 6.2ms
[25.823s][info][gc,phases      ] GC(38)   Other: 0.3ms
[25.823s][info][gc,heap        ] GC(38) Eden regions: 50->0(47)
[25.823s][info][gc,heap        ] GC(38) Survivor regions: 8->8(8)
[25.823s][info][gc,heap        ] GC(38) Old regions: 54->56
[25.823s][info][gc,heap        ] GC(38) Humongous regions: 1->1
[25.823s][info][gc,metaspace   ] GC(38) Metaspace: 65255K->65255K(1110016K)
[25.823s][info][gc             ] GC(38) Pause Young (Normal) (G1 Evacuation Pause) 111M->63M(147M) 9.117ms
[25.823s][info][gc,cpu         ] GC(38) User=0.01s Sys=0.00s Real=0.01s
[26.200s][info][gc,start       ] GC(39) Pause Young (Normal) (G1 Evacuation Pause)
[26.200s][info][gc,task        ] GC(39) Using 1 workers of 1 for evacuation
[26.213s][info][gc,phases      ] GC(39)   Pre Evacuate Collection Set: 0.0ms
[26.213s][info][gc,phases      ] GC(39)   Evacuate Collection Set: 2.2ms
[26.213s][info][gc,phases      ] GC(39)   Post Evacuate Collection Set: 11.3ms
[26.213s][info][gc,phases      ] GC(39)   Other: 0.3ms
[26.213s][info][gc,heap        ] GC(39) Eden regions: 47->0(46)
[26.213s][info][gc,heap        ] GC(39) Survivor regions: 8->7(7)
[26.214s][info][gc,heap        ] GC(39) Old regions: 56->58
[26.214s][info][gc,heap        ] GC(39) Humongous regions: 1->1
[26.214s][info][gc,metaspace   ] GC(39) Metaspace: 65389K->65389K(1110016K)
[26.214s][info][gc             ] GC(39) Pause Young (Normal) (G1 Evacuation Pause) 110M->65M(147M) 13.952ms
[26.214s][info][gc,cpu         ] GC(39) User=0.01s Sys=0.00s Real=0.01s
[26.585s][info][gc,start       ] GC(40) Pause Young (Normal) (G1 Evacuation Pause)
[26.585s][info][gc,task        ] GC(40) Using 1 workers of 1 for evacuation
[26.597s][info][gc,phases      ] GC(40)   Pre Evacuate Collection Set: 0.0ms
[26.597s][info][gc,phases      ] GC(40)   Evacuate Collection Set: 2.1ms
[26.597s][info][gc,phases      ] GC(40)   Post Evacuate Collection Set: 10.1ms
[26.597s][info][gc,phases      ] GC(40)   Other: 0.3ms
[26.597s][info][gc,heap        ] GC(40) Eden regions: 46->0(44)
[26.597s][info][gc,heap        ] GC(40) Survivor regions: 7->7(7)
[26.598s][info][gc,heap        ] GC(40) Old regions: 58->60
[26.598s][info][gc,heap        ] GC(40) Humongous regions: 1->1
[26.598s][info][gc,metaspace   ] GC(40) Metaspace: 65528K->65528K(1110016K)
[26.598s][info][gc             ] GC(40) Pause Young (Normal) (G1 Evacuation Pause) 111M->67M(147M) 12.678ms
[26.598s][info][gc,cpu         ] GC(40) User=0.01s Sys=0.00s Real=0.02s
[26.899s][info][gc,start       ] GC(41) Pause Young (Normal) (G1 Evacuation Pause)
[26.899s][info][gc,task        ] GC(41) Using 1 workers of 1 for evacuation
[26.909s][info][gc,phases      ] GC(41)   Pre Evacuate Collection Set: 0.0ms
[26.909s][info][gc,phases      ] GC(41)   Evacuate Collection Set: 3.5ms
[26.909s][info][gc,phases      ] GC(41)   Post Evacuate Collection Set: 6.0ms
[26.909s][info][gc,phases      ] GC(41)   Other: 0.4ms
[26.909s][info][gc,heap        ] GC(41) Eden regions: 44->0(42)
[26.909s][info][gc,heap        ] GC(41) Survivor regions: 7->7(7)
[26.909s][info][gc,heap        ] GC(41) Old regions: 60->62
[26.909s][info][gc,heap        ] GC(41) Humongous regions: 1->1
[26.909s][info][gc,metaspace   ] GC(41) Metaspace: 65599K->65599K(1110016K)
[26.909s][info][gc             ] GC(41) Pause Young (Normal) (G1 Evacuation Pause) 111M->69M(147M) 10.051ms
[26.909s][info][gc,cpu         ] GC(41) User=0.00s Sys=0.00s Real=0.00s
[27.192s][info][gc,start       ] GC(42) Pause Young (Normal) (G1 Evacuation Pause)
[27.192s][info][gc,task        ] GC(42) Using 1 workers of 1 for evacuation
[27.205s][info][gc,phases      ] GC(42)   Pre Evacuate Collection Set: 0.0ms
[27.205s][info][gc,phases      ] GC(42)   Evacuate Collection Set: 2.0ms
[27.205s][info][gc,phases      ] GC(42)   Post Evacuate Collection Set: 11.4ms
[27.205s][info][gc,phases      ] GC(42)   Other: 0.3ms
[27.205s][info][gc,heap        ] GC(42) Eden regions: 42->0(41)
[27.205s][info][gc,heap        ] GC(42) Survivor regions: 7->7(7)
[27.205s][info][gc,heap        ] GC(42) Old regions: 62->64
[27.205s][info][gc,heap        ] GC(42) Humongous regions: 1->1
[27.205s][info][gc,metaspace   ] GC(42) Metaspace: 65626K->65626K(1110016K)
[27.206s][info][gc             ] GC(42) Pause Young (Normal) (G1 Evacuation Pause) 111M->70M(147M) 13.808ms
[27.206s][info][gc,cpu         ] GC(42) User=0.02s Sys=0.00s Real=0.01s
[27.487s][info][gc,start       ] GC(43) Pause Young (Normal) (G1 Evacuation Pause)
[27.487s][info][gc,task        ] GC(43) Using 1 workers of 1 for evacuation
[27.494s][info][gc,phases      ] GC(43)   Pre Evacuate Collection Set: 0.0ms
[27.494s][info][gc,phases      ] GC(43)   Evacuate Collection Set: 2.0ms
[27.494s][info][gc,phases      ] GC(43)   Post Evacuate Collection Set: 4.9ms
[27.494s][info][gc,phases      ] GC(43)   Other: 0.3ms
[27.494s][info][gc,heap        ] GC(43) Eden regions: 41->0(40)
[27.494s][info][gc,heap        ] GC(43) Survivor regions: 7->6(6)
[27.494s][info][gc,heap        ] GC(43) Old regions: 64->66
[27.494s][info][gc,heap        ] GC(43) Humongous regions: 1->1
[27.494s][info][gc,metaspace   ] GC(43) Metaspace: 65706K->65706K(1110016K)
[27.494s][info][gc             ] GC(43) Pause Young (Normal) (G1 Evacuation Pause) 111M->71M(147M) 7.306ms
[27.495s][info][gc,cpu         ] GC(43) User=0.00s Sys=0.00s Real=0.01s
[27.754s][info][gc,start       ] GC(44) Pause Young (Concurrent Start) (G1 Evacuation Pause)
[27.754s][info][gc,task        ] GC(44) Using 1 workers of 1 for evacuation
[27.765s][info][gc,phases      ] GC(44)   Pre Evacuate Collection Set: 0.1ms
[27.765s][info][gc,phases      ] GC(44)   Evacuate Collection Set: 2.7ms
[27.765s][info][gc,phases      ] GC(44)   Post Evacuate Collection Set: 8.3ms
[27.765s][info][gc,phases      ] GC(44)   Other: 0.4ms
[27.765s][info][gc,heap        ] GC(44) Eden regions: 40->0(39)
[27.765s][info][gc,heap        ] GC(44) Survivor regions: 6->6(6)
[27.765s][info][gc,heap        ] GC(44) Old regions: 66->68
[27.765s][info][gc,heap        ] GC(44) Humongous regions: 1->1
[27.765s][info][gc,metaspace   ] GC(44) Metaspace: 65768K->65768K(1110016K)
[27.765s][info][gc             ] GC(44) Pause Young (Concurrent Start) (G1 Evacuation Pause) 111M->74M(147M) 11.610ms
[27.765s][info][gc,cpu         ] GC(44) User=0.01s Sys=0.00s Real=0.01s
[27.765s][info][gc             ] GC(45) Concurrent Cycle
[27.765s][info][gc,marking     ] GC(45) Concurrent Clear Claimed Marks
[27.765s][info][gc,marking     ] GC(45) Concurrent Clear Claimed Marks 0.074ms
[27.765s][info][gc,marking     ] GC(45) Concurrent Scan Root Regions
[27.767s][info][gc,marking     ] GC(45) Concurrent Scan Root Regions 1.337ms
[27.767s][info][gc,marking     ] GC(45) Concurrent Mark (27.767s)
[27.767s][info][gc,marking     ] GC(45) Concurrent Mark From Roots
[27.767s][info][gc,task        ] GC(45) Using 1 workers of 1 for marking
[27.973s][info][gc,marking     ] GC(45) Concurrent Mark From Roots 206.125ms
[27.973s][info][gc,marking     ] GC(45) Concurrent Preclean
[27.973s][info][gc,marking     ] GC(45) Concurrent Preclean 0.128ms
[27.973s][info][gc,marking     ] GC(45) Concurrent Mark (27.767s, 27.973s) 206.448ms
[27.974s][info][gc,start       ] GC(45) Pause Remark
[27.997s][info][gc,stringtable ] GC(45) Cleaned string and symbol table, strings: 29680 processed, 4 removed, symbols: 134156 processed, 30 removed
[27.997s][info][gc             ] GC(45) Pause Remark 96M->82M(147M) 23.061ms
[27.997s][info][gc,cpu         ] GC(45) User=0.03s Sys=0.00s Real=0.02s
[27.997s][info][gc,marking     ] GC(45) Concurrent Rebuild Remembered Sets
[28.117s][info][gc,start       ] GC(46) Pause Young (Normal) (G1 Evacuation Pause)
[28.117s][info][gc,task        ] GC(46) Using 1 workers of 1 for evacuation
[28.125s][info][gc,phases      ] GC(46)   Pre Evacuate Collection Set: 0.0ms
[28.125s][info][gc,phases      ] GC(46)   Evacuate Collection Set: 2.4ms
[28.125s][info][gc,phases      ] GC(46)   Post Evacuate Collection Set: 5.6ms
[28.125s][info][gc,phases      ] GC(46)   Other: 0.3ms
[28.125s][info][gc,heap        ] GC(46) Eden regions: 39->0(72)
[28.125s][info][gc,heap        ] GC(46) Survivor regions: 6->6(6)
[28.125s][info][gc,heap        ] GC(46) Old regions: 54->56
[28.125s][info][gc,heap        ] GC(46) Humongous regions: 1->1
[28.125s][info][gc,metaspace   ] GC(46) Metaspace: 65801K->65801K(1110016K)
[28.125s][info][gc             ] GC(46) Pause Young (Normal) (G1 Evacuation Pause) 99M->62M(177M) 8.423ms
[28.125s][info][gc,cpu         ] GC(46) User=0.00s Sys=0.00s Real=0.01s
[28.139s][info][gc,marking     ] GC(45) Concurrent Rebuild Remembered Sets 142.115ms
[28.140s][info][gc,start       ] GC(45) Pause Cleanup
[28.140s][info][gc             ] GC(45) Pause Cleanup 63M->63M(177M) 0.085ms
[28.140s][info][gc,cpu         ] GC(45) User=0.00s Sys=0.00s Real=0.00s
[28.140s][info][gc,marking     ] GC(45) Concurrent Cleanup for Next Mark
[28.142s][info][gc,marking     ] GC(45) Concurrent Cleanup for Next Mark 2.148ms
[28.142s][info][gc             ] GC(45) Concurrent Cycle 376.809ms
[28.553s][info][gc,start       ] GC(47) Pause Young (Prepare Mixed) (G1 Evacuation Pause)
[28.554s][info][gc,task        ] GC(47) Using 1 workers of 1 for evacuation
[28.569s][info][gc,phases      ] GC(47)   Pre Evacuate Collection Set: 0.0ms
[28.569s][info][gc,phases      ] GC(47)   Evacuate Collection Set: 3.1ms
[28.569s][info][gc,phases      ] GC(47)   Post Evacuate Collection Set: 12.6ms
[28.569s][info][gc,phases      ] GC(47)   Other: 0.3ms
[28.569s][info][gc,heap        ] GC(47) Eden regions: 72->0(1)
[28.569s][info][gc,heap        ] GC(47) Survivor regions: 6->10(10)
[28.569s][info][gc,heap        ] GC(47) Old regions: 56->61
[28.570s][info][gc,heap        ] GC(47) Humongous regions: 1->1
[28.570s][info][gc,metaspace   ] GC(47) Metaspace: 65846K->65846K(1110016K)
[28.570s][info][gc             ] GC(47) Pause Young (Prepare Mixed) (G1 Evacuation Pause) 134M->70M(177M) 16.146ms
[28.570s][info][gc,cpu         ] GC(47) User=0.02s Sys=0.00s Real=0.02s
[28.578s][info][gc,start       ] GC(48) Pause Young (Mixed) (G1 Evacuation Pause)
[28.578s][info][gc,task        ] GC(48) Using 1 workers of 1 for evacuation
[28.582s][info][gc,phases      ] GC(48)   Pre Evacuate Collection Set: 0.0ms
[28.582s][info][gc,phases      ] GC(48)   Evacuate Collection Set: 3.3ms
[28.582s][info][gc,phases      ] GC(48)   Post Evacuate Collection Set: 0.1ms
[28.582s][info][gc,phases      ] GC(48)   Other: 0.2ms
[28.582s][info][gc,heap        ] GC(48) Eden regions: 1->0(68)
[28.582s][info][gc,heap        ] GC(48) Survivor regions: 10->1(2)
[28.582s][info][gc,heap        ] GC(48) Old regions: 61->59
[28.582s][info][gc,heap        ] GC(48) Humongous regions: 1->1
[28.582s][info][gc,metaspace   ] GC(48) Metaspace: 65856K->65856K(1110016K)
[28.582s][info][gc             ] GC(48) Pause Young (Mixed) (G1 Evacuation Pause) 71M->59M(177M) 3.811ms
[28.582s][info][gc,cpu         ] GC(48) User=0.00s Sys=0.00s Real=0.00s
[28.928s][info][gc,start       ] GC(49) Pause Young (Normal) (G1 Evacuation Pause)
[28.928s][info][gc,task        ] GC(49) Using 1 workers of 1 for evacuation
[28.942s][info][gc,phases      ] GC(49)   Pre Evacuate Collection Set: 0.0ms
[28.942s][info][gc,phases      ] GC(49)   Evacuate Collection Set: 1.8ms
[28.942s][info][gc,phases      ] GC(49)   Post Evacuate Collection Set: 11.9ms
[28.942s][info][gc,phases      ] GC(49)   Other: 0.3ms
[28.942s][info][gc,heap        ] GC(49) Eden regions: 68->0(59)
[28.942s][info][gc,heap        ] GC(49) Survivor regions: 1->9(9)
[28.942s][info][gc,heap        ] GC(49) Old regions: 59->64
[28.942s][info][gc,heap        ] GC(49) Humongous regions: 1->1
[28.942s][info][gc,metaspace   ] GC(49) Metaspace: 65857K->65857K(1110016K)
[28.942s][info][gc             ] GC(49) Pause Young (Normal) (G1 Evacuation Pause) 127M->72M(177M) 14.156ms
[28.942s][info][gc,cpu         ] GC(49) User=0.01s Sys=0.00s Real=0.02s
[29.225s][info][gc,start       ] GC(50) Pause Young (Normal) (G1 Evacuation Pause)
[29.225s][info][gc,task        ] GC(50) Using 1 workers of 1 for evacuation
[29.238s][info][gc,phases      ] GC(50)   Pre Evacuate Collection Set: 0.0ms
[29.238s][info][gc,phases      ] GC(50)   Evacuate Collection Set: 2.5ms
[29.238s][info][gc,phases      ] GC(50)   Post Evacuate Collection Set: 10.9ms
[29.239s][info][gc,phases      ] GC(50)   Other: 0.3ms
[29.239s][info][gc,heap        ] GC(50) Eden regions: 59->0(57)
[29.239s][info][gc,heap        ] GC(50) Survivor regions: 9->9(9)
[29.239s][info][gc,heap        ] GC(50) Old regions: 64->66
[29.239s][info][gc,heap        ] GC(50) Humongous regions: 1->1
[29.239s][info][gc,metaspace   ] GC(50) Metaspace: 65857K->65857K(1110016K)
[29.239s][info][gc             ] GC(50) Pause Young (Normal) (G1 Evacuation Pause) 131M->75M(177M) 13.919ms
[29.239s][info][gc,cpu         ] GC(50) User=0.01s Sys=0.00s Real=0.02s
[29.518s][info][gc,start       ] GC(51) Pause Young (Normal) (G1 Evacuation Pause)
[29.518s][info][gc,task        ] GC(51) Using 1 workers of 1 for evacuation
[29.528s][info][gc,phases      ] GC(51)   Pre Evacuate Collection Set: 0.0ms
[29.528s][info][gc,phases      ] GC(51)   Evacuate Collection Set: 2.3ms
[29.528s][info][gc,phases      ] GC(51)   Post Evacuate Collection Set: 7.2ms
[29.528s][info][gc,phases      ] GC(51)   Other: 0.3ms
[29.528s][info][gc,heap        ] GC(51) Eden regions: 57->0(55)
[29.528s][info][gc,heap        ] GC(51) Survivor regions: 9->9(9)
[29.528s][info][gc,heap        ] GC(51) Old regions: 66->69
[29.528s][info][gc,heap        ] GC(51) Humongous regions: 1->1
[29.528s][info][gc,metaspace   ] GC(51) Metaspace: 65857K->65857K(1110016K)
[29.528s][info][gc             ] GC(51) Pause Young (Normal) (G1 Evacuation Pause) 132M->77M(177M) 10.016ms
[29.528s][info][gc,cpu         ] GC(51) User=0.01s Sys=0.00s Real=0.00s
[29.807s][info][gc,start       ] GC(52) Pause Young (Normal) (G1 Evacuation Pause)
[29.807s][info][gc,task        ] GC(52) Using 1 workers of 1 for evacuation
[29.820s][info][gc,phases      ] GC(52)   Pre Evacuate Collection Set: 0.0ms
[29.820s][info][gc,phases      ] GC(52)   Evacuate Collection Set: 2.5ms
[29.820s][info][gc,phases      ] GC(52)   Post Evacuate Collection Set: 10.0ms
[29.820s][info][gc,phases      ] GC(52)   Other: 0.3ms
[29.820s][info][gc,heap        ] GC(52) Eden regions: 55->0(78)
[29.820s][info][gc,heap        ] GC(52) Survivor regions: 9->8(8)
[29.820s][info][gc,heap        ] GC(52) Old regions: 69->72
[29.820s][info][gc,heap        ] GC(52) Humongous regions: 1->1
[29.820s][info][gc,metaspace   ] GC(52) Metaspace: 65863K->65863K(1110016K)
[29.820s][info][gc             ] GC(52) Pause Young (Normal) (G1 Evacuation Pause) 132M->79M(210M) 12.963ms
[29.820s][info][gc,cpu         ] GC(52) User=0.01s Sys=0.00s Real=0.02s
[30.235s][info][gc,start       ] GC(53) Pause Young (Normal) (G1 Evacuation Pause)
[30.235s][info][gc,task        ] GC(53) Using 1 workers of 1 for evacuation
[30.253s][info][gc,phases      ] GC(53)   Pre Evacuate Collection Set: 0.0ms
[30.253s][info][gc,phases      ] GC(53)   Evacuate Collection Set: 2.6ms
[30.253s][info][gc,phases      ] GC(53)   Post Evacuate Collection Set: 15.2ms
[30.253s][info][gc,phases      ] GC(53)   Other: 0.3ms
[30.253s][info][gc,heap        ] GC(53) Eden regions: 78->0(71)
[30.253s][info][gc,heap        ] GC(53) Survivor regions: 8->11(11)
[30.253s][info][gc,heap        ] GC(53) Old regions: 72->76
[30.253s][info][gc,heap        ] GC(53) Humongous regions: 1->1
[30.253s][info][gc,metaspace   ] GC(53) Metaspace: 65867K->65867K(1110016K)
[30.253s][info][gc             ] GC(53) Pause Young (Normal) (G1 Evacuation Pause) 157M->87M(210M) 18.361ms
[30.253s][info][gc,cpu         ] GC(53) User=0.01s Sys=0.01s Real=0.02s
[30.601s][info][gc,start       ] GC(54) Pause Young (Normal) (G1 Evacuation Pause)
[30.601s][info][gc,task        ] GC(54) Using 1 workers of 1 for evacuation
[30.617s][info][gc,phases      ] GC(54)   Pre Evacuate Collection Set: 0.0ms
[30.617s][info][gc,phases      ] GC(54)   Evacuate Collection Set: 2.5ms
[30.617s][info][gc,phases      ] GC(54)   Post Evacuate Collection Set: 14.0ms
[30.617s][info][gc,phases      ] GC(54)   Other: 0.3ms
[30.617s][info][gc,heap        ] GC(54) Eden regions: 71->0(67)
[30.617s][info][gc,heap        ] GC(54) Survivor regions: 11->11(11)
[30.617s][info][gc,heap        ] GC(54) Old regions: 76->79
[30.617s][info][gc,heap        ] GC(54) Humongous regions: 1->1
[30.621s][info][gc,metaspace   ] GC(54) Metaspace: 65868K->65868K(1110016K)
[30.621s][info][gc             ] GC(54) Pause Young (Normal) (G1 Evacuation Pause) 158M->90M(210M) 20.751ms
[30.621s][info][gc,cpu         ] GC(54) User=0.02s Sys=0.00s Real=0.02s
[31.141s][info][gc,start       ] GC(55) Pause Young (Normal) (G1 Evacuation Pause)
[31.142s][info][gc,task        ] GC(55) Using 1 workers of 1 for evacuation
[31.171s][info][gc,phases      ] GC(55)   Pre Evacuate Collection Set: 0.0ms
[31.171s][info][gc,phases      ] GC(55)   Evacuate Collection Set: 9.3ms
[31.171s][info][gc,phases      ] GC(55)   Post Evacuate Collection Set: 19.9ms
[31.171s][info][gc,phases      ] GC(55)   Other: 0.8ms
[31.171s][info][gc,heap        ] GC(55) Eden regions: 67->0(65)
[31.171s][info][gc,heap        ] GC(55) Survivor regions: 11->10(10)
[31.171s][info][gc,heap        ] GC(55) Old regions: 79->83
[31.171s][info][gc,heap        ] GC(55) Humongous regions: 1->1
[31.171s][info][gc,metaspace   ] GC(55) Metaspace: 65869K->65869K(1110016K)
[31.171s][info][gc             ] GC(55) Pause Young (Normal) (G1 Evacuation Pause) 157M->92M(210M) 30.064ms
[31.171s][info][gc,cpu         ] GC(55) User=0.02s Sys=0.00s Real=0.03s
[31.994s][info][gc,start       ] GC(56) Pause Young (Normal) (G1 Evacuation Pause)
[31.994s][info][gc,task        ] GC(56) Using 1 workers of 1 for evacuation
[32.047s][info][gc,phases      ] GC(56)   Pre Evacuate Collection Set: 0.0ms
[32.073s][info][gc,phases      ] GC(56)   Evacuate Collection Set: 14.9ms
[32.073s][info][gc,phases      ] GC(56)   Post Evacuate Collection Set: 38.1ms
[32.073s][info][gc,phases      ] GC(56)   Other: 0.8ms
[32.073s][info][gc,heap        ] GC(56) Eden regions: 65->0(98)
[32.073s][info][gc,heap        ] GC(56) Survivor regions: 10->10(10)
[32.073s][info][gc,heap        ] GC(56) Old regions: 83->86
[32.073s][info][gc,heap        ] GC(56) Humongous regions: 1->1
[32.073s][info][gc,metaspace   ] GC(56) Metaspace: 65870K->65870K(1110016K)
[32.073s][info][gc             ] GC(56) Pause Young (Normal) (G1 Evacuation Pause) 157M->95M(265M) 79.073ms
[32.073s][info][gc,cpu         ] GC(56) User=0.03s Sys=0.00s Real=0.08s
[33.024s][info][gc,start       ] GC(57) Pause Young (Normal) (G1 Evacuation Pause)
[33.024s][info][gc,task        ] GC(57) Using 1 workers of 1 for evacuation
[33.046s][info][gc,phases      ] GC(57)   Pre Evacuate Collection Set: 0.0ms
[33.046s][info][gc,phases      ] GC(57)   Evacuate Collection Set: 2.7ms
[33.046s][info][gc,phases      ] GC(57)   Post Evacuate Collection Set: 19.3ms
[33.046s][info][gc,phases      ] GC(57)   Other: 0.3ms
[33.046s][info][gc,heap        ] GC(57) Eden regions: 98->0(87)
[33.046s][info][gc,heap        ] GC(57) Survivor regions: 10->14(14)
[33.046s][info][gc,heap        ] GC(57) Old regions: 86->91
[33.046s][info][gc,heap        ] GC(57) Humongous regions: 1->1
[33.046s][info][gc,metaspace   ] GC(57) Metaspace: 65874K->65874K(1110016K)
[33.046s][info][gc             ] GC(57) Pause Young (Normal) (G1 Evacuation Pause) 193M->105M(265M) 22.563ms
[33.049s][info][gc,cpu         ] GC(57) User=0.02s Sys=0.00s Real=0.03s
[33.486s][info][gc,start       ] GC(58) Pause Young (Normal) (G1 Evacuation Pause)
[33.487s][info][gc,task        ] GC(58) Using 1 workers of 1 for evacuation
[33.514s][info][gc,phases      ] GC(58)   Pre Evacuate Collection Set: 0.0ms
[33.514s][info][gc,phases      ] GC(58)   Evacuate Collection Set: 2.9ms
[33.514s][info][gc,phases      ] GC(58)   Post Evacuate Collection Set: 24.0ms
[33.514s][info][gc,phases      ] GC(58)   Other: 0.4ms
[33.514s][info][gc,heap        ] GC(58) Eden regions: 87->0(86)
[33.514s][info][gc,heap        ] GC(58) Survivor regions: 14->13(13)
[33.514s][info][gc,heap        ] GC(58) Old regions: 91->96
[33.514s][info][gc,heap        ] GC(58) Humongous regions: 1->1
[33.514s][info][gc,metaspace   ] GC(58) Metaspace: 65876K->65876K(1110016K)
[33.514s][info][gc             ] GC(58) Pause Young (Normal) (G1 Evacuation Pause) 192M->109M(265M) 27.419ms
[33.514s][info][gc,cpu         ] GC(58) User=0.03s Sys=0.00s Real=0.03s
[33.965s][info][gc,start       ] GC(59) Pause Young (Normal) (G1 Evacuation Pause)
[33.965s][info][gc,task        ] GC(59) Using 1 workers of 1 for evacuation
[33.986s][info][gc,phases      ] GC(59)   Pre Evacuate Collection Set: 0.0ms
[33.986s][info][gc,phases      ] GC(59)   Evacuate Collection Set: 2.9ms
[33.986s][info][gc,phases      ] GC(59)   Post Evacuate Collection Set: 18.1ms
[33.986s][info][gc,phases      ] GC(59)   Other: 0.3ms
[33.986s][info][gc,heap        ] GC(59) Eden regions: 86->0(83)
[33.986s][info][gc,heap        ] GC(59) Survivor regions: 13->13(13)
[33.986s][info][gc,heap        ] GC(59) Old regions: 96->101
[33.986s][info][gc,heap        ] GC(59) Humongous regions: 1->1
[33.986s][info][gc,metaspace   ] GC(59) Metaspace: 65876K->65876K(1110016K)
[33.986s][info][gc             ] GC(59) Pause Young (Normal) (G1 Evacuation Pause) 195M->113M(265M) 21.413ms
[33.986s][info][gc,cpu         ] GC(59) User=0.02s Sys=0.00s Real=0.02s
[34.414s][info][gc,start       ] GC(60) Pause Young (Normal) (G1 Evacuation Pause)
[34.414s][info][gc,task        ] GC(60) Using 1 workers of 1 for evacuation
[34.432s][info][gc,phases      ] GC(60)   Pre Evacuate Collection Set: 0.0ms
[34.432s][info][gc,phases      ] GC(60)   Evacuate Collection Set: 3.3ms
[34.432s][info][gc,phases      ] GC(60)   Post Evacuate Collection Set: 14.5ms
[34.432s][info][gc,phases      ] GC(60)   Other: 0.3ms
[34.432s][info][gc,heap        ] GC(60) Eden regions: 83->0(119)
[34.432s][info][gc,heap        ] GC(60) Survivor regions: 13->12(12)
[34.432s][info][gc,heap        ] GC(60) Old regions: 101->106
[34.432s][info][gc,heap        ] GC(60) Humongous regions: 1->1
[34.432s][info][gc,metaspace   ] GC(60) Metaspace: 65877K->65877K(1110016K)
[34.432s][info][gc             ] GC(60) Pause Young (Normal) (G1 Evacuation Pause) 196M->117M(319M) 18.309ms
[34.432s][info][gc,cpu         ] GC(60) User=0.02s Sys=0.00s Real=0.02s
[35.082s][info][gc,start       ] GC(61) Pause Young (Normal) (G1 Evacuation Pause)
[35.082s][info][gc,task        ] GC(61) Using 1 workers of 1 for evacuation
[35.100s][info][gc,phases      ] GC(61)   Pre Evacuate Collection Set: 0.0ms
[35.100s][info][gc,phases      ] GC(61)   Evacuate Collection Set: 2.9ms
[35.100s][info][gc,phases      ] GC(61)   Post Evacuate Collection Set: 14.7ms
[35.100s][info][gc,phases      ] GC(61)   Other: 0.4ms
[35.100s][info][gc,heap        ] GC(61) Eden regions: 119->0(105)
[35.100s][info][gc,heap        ] GC(61) Survivor regions: 12->17(17)
[35.100s][info][gc,heap        ] GC(61) Old regions: 106->113
[35.100s][info][gc,heap        ] GC(61) Humongous regions: 1->1
[35.100s][info][gc,metaspace   ] GC(61) Metaspace: 65877K->65877K(1110016K)
[35.100s][info][gc             ] GC(61) Pause Young (Normal) (G1 Evacuation Pause) 236M->130M(319M) 18.114ms
[35.100s][info][gc,cpu         ] GC(61) User=0.02s Sys=0.00s Real=0.02s
[35.634s][info][gc,start       ] GC(62) Pause Young (Normal) (G1 Evacuation Pause)
[35.634s][info][gc,task        ] GC(62) Using 1 workers of 1 for evacuation
[35.651s][info][gc,phases      ] GC(62)   Pre Evacuate Collection Set: 0.0ms
[35.651s][info][gc,phases      ] GC(62)   Evacuate Collection Set: 3.6ms
[35.651s][info][gc,phases      ] GC(62)   Post Evacuate Collection Set: 13.0ms
[35.651s][info][gc,phases      ] GC(62)   Other: 0.3ms
[35.651s][info][gc,heap        ] GC(62) Eden regions: 105->0(102)
[35.651s][info][gc,heap        ] GC(62) Survivor regions: 17->16(16)
[35.651s][info][gc,heap        ] GC(62) Old regions: 113->119
[35.651s][info][gc,heap        ] GC(62) Humongous regions: 1->1
[35.651s][info][gc,metaspace   ] GC(62) Metaspace: 65880K->65880K(1110016K)
[35.651s][info][gc             ] GC(62) Pause Young (Normal) (G1 Evacuation Pause) 235M->134M(319M) 17.137ms
[35.651s][info][gc,cpu         ] GC(62) User=0.02s Sys=0.00s Real=0.02s
[36.175s][info][gc,start       ] GC(63) Pause Young (Normal) (G1 Evacuation Pause)
[36.175s][info][gc,task        ] GC(63) Using 1 workers of 1 for evacuation
[36.193s][info][gc,phases      ] GC(63)   Pre Evacuate Collection Set: 0.0ms
[36.193s][info][gc,phases      ] GC(63)   Evacuate Collection Set: 3.2ms
[36.193s][info][gc,phases      ] GC(63)   Post Evacuate Collection Set: 14.5ms
[36.193s][info][gc,phases      ] GC(63)   Other: 0.3ms
[36.193s][info][gc,heap        ] GC(63) Eden regions: 102->0(100)
[36.193s][info][gc,heap        ] GC(63) Survivor regions: 16->15(15)
[36.193s][info][gc,heap        ] GC(63) Old regions: 119->124
[36.193s][info][gc,heap        ] GC(63) Humongous regions: 1->1
[36.193s][info][gc,metaspace   ] GC(63) Metaspace: 65910K->65910K(1110016K)
[36.193s][info][gc             ] GC(63) Pause Young (Normal) (G1 Evacuation Pause) 236M->138M(319M) 18.198ms
[36.194s][info][gc,cpu         ] GC(63) User=0.02s Sys=0.00s Real=0.02s
[36.667s][info][gc,start       ] GC(64) Pause Young (Normal) (G1 Evacuation Pause)
[36.667s][info][gc,task        ] GC(64) Using 1 workers of 1 for evacuation
[36.688s][info][gc,phases      ] GC(64)   Pre Evacuate Collection Set: 0.0ms
[36.688s][info][gc,phases      ] GC(64)   Evacuate Collection Set: 3.1ms
[36.688s][info][gc,phases      ] GC(64)   Post Evacuate Collection Set: 17.5ms
[36.688s][info][gc,phases      ] GC(64)   Other: 0.3ms
[36.688s][info][gc,heap        ] GC(64) Eden regions: 100->0(97)
[36.688s][info][gc,heap        ] GC(64) Survivor regions: 15->15(15)
[36.688s][info][gc,heap        ] GC(64) Old regions: 124->129
[36.688s][info][gc,heap        ] GC(64) Humongous regions: 1->1
[36.688s][info][gc,metaspace   ] GC(64) Metaspace: 65910K->65910K(1110016K)
[36.688s][info][gc             ] GC(64) Pause Young (Normal) (G1 Evacuation Pause) 238M->143M(319M) 21.172ms
[36.688s][info][gc,cpu         ] GC(64) User=0.02s Sys=0.00s Real=0.02s
[37.210s][info][gc,start       ] GC(65) Pause Young (Normal) (G1 Evacuation Pause)
[37.210s][info][gc,task        ] GC(65) Using 1 workers of 1 for evacuation
[37.229s][info][gc,phases      ] GC(65)   Pre Evacuate Collection Set: 0.0ms
[37.229s][info][gc,phases      ] GC(65)   Evacuate Collection Set: 3.3ms
[37.229s][info][gc,phases      ] GC(65)   Post Evacuate Collection Set: 15.4ms
[37.229s][info][gc,phases      ] GC(65)   Other: 0.3ms
[37.229s][info][gc,heap        ] GC(65) Eden regions: 97->0(94)
[37.229s][info][gc,heap        ] GC(65) Survivor regions: 15->14(14)
[37.229s][info][gc,heap        ] GC(65) Old regions: 129->134
[37.229s][info][gc,heap        ] GC(65) Humongous regions: 1->1
[37.229s][info][gc,metaspace   ] GC(65) Metaspace: 65910K->65910K(1110016K)
[37.229s][info][gc             ] GC(65) Pause Young (Normal) (G1 Evacuation Pause) 240M->148M(319M) 19.270ms
[37.229s][info][gc,cpu         ] GC(65) User=0.02s Sys=0.00s Real=0.01s
[37.704s][info][gc,start       ] GC(66) Pause Young (Normal) (G1 Evacuation Pause)
[37.704s][info][gc,task        ] GC(66) Using 1 workers of 1 for evacuation
[37.720s][info][gc,phases      ] GC(66)   Pre Evacuate Collection Set: 0.0ms
[37.720s][info][gc,phases      ] GC(66)   Evacuate Collection Set: 3.1ms
[37.720s][info][gc,phases      ] GC(66)   Post Evacuate Collection Set: 12.7ms
[37.720s][info][gc,phases      ] GC(66)   Other: 0.3ms
[37.720s][info][gc,heap        ] GC(66) Eden regions: 94->0(90)
[37.720s][info][gc,heap        ] GC(66) Survivor regions: 14->14(14)
[37.720s][info][gc,heap        ] GC(66) Old regions: 134->140
[37.720s][info][gc,heap        ] GC(66) Humongous regions: 1->1
[37.720s][info][gc,metaspace   ] GC(66) Metaspace: 65910K->65910K(1110016K)
[37.720s][info][gc             ] GC(66) Pause Young (Normal) (G1 Evacuation Pause) 242M->153M(319M) 16.253ms
[37.720s][info][gc,cpu         ] GC(66) User=0.02s Sys=0.00s Real=0.02s
[38.183s][info][gc,start       ] GC(67) Pause Young (Normal) (G1 Evacuation Pause)
[38.183s][info][gc,task        ] GC(67) Using 1 workers of 1 for evacuation
[38.199s][info][gc,phases      ] GC(67)   Pre Evacuate Collection Set: 0.0ms
[38.199s][info][gc,phases      ] GC(67)   Evacuate Collection Set: 3.3ms
[38.199s][info][gc,phases      ] GC(67)   Post Evacuate Collection Set: 12.6ms
[38.199s][info][gc,phases      ] GC(67)   Other: 0.4ms
[38.199s][info][gc,heap        ] GC(67) Eden regions: 90->0(87)
[38.199s][info][gc,heap        ] GC(67) Survivor regions: 14->13(13)
[38.199s][info][gc,heap        ] GC(67) Old regions: 140->145
[38.199s][info][gc,heap        ] GC(67) Humongous regions: 1->1
[38.199s][info][gc,metaspace   ] GC(67) Metaspace: 65915K->65915K(1110016K)
[38.199s][info][gc             ] GC(67) Pause Young (Normal) (G1 Evacuation Pause) 243M->158M(319M) 16.507ms
[38.199s][info][gc,cpu         ] GC(67) User=0.02s Sys=0.00s Real=0.02s
[38.655s][info][gc,start       ] GC(68) Pause Young (Concurrent Start) (G1 Evacuation Pause)
[38.655s][info][gc,task        ] GC(68) Using 1 workers of 1 for evacuation
[38.672s][info][gc,phases      ] GC(68)   Pre Evacuate Collection Set: 0.1ms
[38.672s][info][gc,phases      ] GC(68)   Evacuate Collection Set: 3.7ms
[38.672s][info][gc,phases      ] GC(68)   Post Evacuate Collection Set: 12.9ms
[38.672s][info][gc,phases      ] GC(68)   Other: 0.3ms
[38.672s][info][gc,heap        ] GC(68) Eden regions: 87->0(84)
[38.672s][info][gc,heap        ] GC(68) Survivor regions: 13->13(13)
[38.672s][info][gc,heap        ] GC(68) Old regions: 145->150
[38.672s][info][gc,heap        ] GC(68) Humongous regions: 1->1
[38.672s][info][gc,metaspace   ] GC(68) Metaspace: 65916K->65916K(1110016K)
[38.672s][info][gc             ] GC(68) Pause Young (Concurrent Start) (G1 Evacuation Pause) 245M->162M(319M) 17.192ms
[38.672s][info][gc,cpu         ] GC(68) User=0.02s Sys=0.00s Real=0.02s
[38.672s][info][gc             ] GC(69) Concurrent Cycle
[38.672s][info][gc,marking     ] GC(69) Concurrent Clear Claimed Marks
[38.672s][info][gc,marking     ] GC(69) Concurrent Clear Claimed Marks 0.097ms
[38.672s][info][gc,marking     ] GC(69) Concurrent Scan Root Regions
[38.676s][info][gc,marking     ] GC(69) Concurrent Scan Root Regions 3.089ms
[38.676s][info][gc,marking     ] GC(69) Concurrent Mark (38.676s)
[38.676s][info][gc,marking     ] GC(69) Concurrent Mark From Roots
[38.676s][info][gc,task        ] GC(69) Using 1 workers of 1 for marking
[38.899s][info][gc,marking     ] GC(69) Concurrent Mark From Roots 223.046ms
[38.899s][info][gc,marking     ] GC(69) Concurrent Preclean
[38.899s][info][gc,marking     ] GC(69) Concurrent Preclean 0.170ms
[38.899s][info][gc,marking     ] GC(69) Concurrent Mark (38.676s, 38.899s) 223.447ms
[38.901s][info][gc,start       ] GC(69) Pause Remark
[38.942s][info][gc,stringtable ] GC(69) Cleaned string and symbol table, strings: 30041 processed, 0 removed, symbols: 134128 processed, 2 removed
[38.943s][info][gc             ] GC(69) Pause Remark 192M->125M(319M) 41.099ms
[38.943s][info][gc,cpu         ] GC(69) User=0.04s Sys=0.00s Real=0.04s
[38.943s][info][gc,marking     ] GC(69) Concurrent Rebuild Remembered Sets
[39.104s][info][gc,marking     ] GC(69) Concurrent Rebuild Remembered Sets 161.659ms
[39.105s][info][gc,start       ] GC(69) Pause Cleanup
[39.105s][info][gc             ] GC(69) Pause Cleanup 147M->147M(319M) 0.170ms
[39.105s][info][gc,cpu         ] GC(69) User=0.00s Sys=0.00s Real=0.00s
[39.105s][info][gc,marking     ] GC(69) Concurrent Cleanup for Next Mark
[39.110s][info][gc,marking     ] GC(69) Concurrent Cleanup for Next Mark 4.953ms
[39.110s][info][gc             ] GC(69) Concurrent Cycle 437.833ms
[39.268s][info][gc,start       ] GC(70) Pause Young (Prepare Mixed) (G1 Evacuation Pause)
[39.269s][info][gc,task        ] GC(70) Using 1 workers of 1 for evacuation
[39.283s][info][gc,phases      ] GC(70)   Pre Evacuate Collection Set: 0.0ms
[39.283s][info][gc,phases      ] GC(70)   Evacuate Collection Set: 3.2ms
[39.283s][info][gc,phases      ] GC(70)   Post Evacuate Collection Set: 11.3ms
[39.283s][info][gc,phases      ] GC(70)   Other: 0.3ms
[39.283s][info][gc,heap        ] GC(70) Eden regions: 84->0(2)
[39.283s][info][gc,heap        ] GC(70) Survivor regions: 13->13(13)
[39.283s][info][gc,heap        ] GC(70) Old regions: 83->87
[39.283s][info][gc,heap        ] GC(70) Humongous regions: 1->1
[39.283s][info][gc,metaspace   ] GC(70) Metaspace: 65919K->65919K(1110016K)
[39.283s][info][gc             ] GC(70) Pause Young (Prepare Mixed) (G1 Evacuation Pause) 179M->99M(319M) 14.922ms
[39.283s][info][gc,cpu         ] GC(70) User=0.02s Sys=0.00s Real=0.02s
[39.296s][info][gc,start       ] GC(71) Pause Young (Mixed) (G1 Evacuation Pause)
[39.297s][info][gc,task        ] GC(71) Using 1 workers of 1 for evacuation
[39.302s][info][gc,phases      ] GC(71)   Pre Evacuate Collection Set: 0.0ms
[39.302s][info][gc,phases      ] GC(71)   Evacuate Collection Set: 5.2ms
[39.302s][info][gc,phases      ] GC(71)   Post Evacuate Collection Set: 0.3ms
[39.302s][info][gc,phases      ] GC(71)   Other: 0.2ms
[39.302s][info][gc,heap        ] GC(71) Eden regions: 2->0(170)
[39.302s][info][gc,heap        ] GC(71) Survivor regions: 13->1(2)
[39.302s][info][gc,heap        ] GC(71) Old regions: 87->67
[39.302s][info][gc,heap        ] GC(71) Humongous regions: 1->1
[39.302s][info][gc,metaspace   ] GC(71) Metaspace: 65919K->65919K(1110016K)
[39.302s][info][gc             ] GC(71) Pause Young (Mixed) (G1 Evacuation Pause) 101M->67M(319M) 5.878ms
[39.302s][info][gc,cpu         ] GC(71) User=0.00s Sys=0.00s Real=0.01s
[40.164s][info][gc,start       ] GC(72) Pause Young (Normal) (G1 Evacuation Pause)
[40.164s][info][gc,task        ] GC(72) Using 1 workers of 1 for evacuation
[40.191s][info][gc,phases      ] GC(72)   Pre Evacuate Collection Set: 0.0ms
[40.191s][info][gc,phases      ] GC(72)   Evacuate Collection Set: 3.0ms
[40.191s][info][gc,phases      ] GC(72)   Post Evacuate Collection Set: 23.5ms
[40.191s][info][gc,phases      ] GC(72)   Other: 0.4ms
[40.191s][info][gc,heap        ] GC(72) Eden regions: 170->0(128)
[40.191s][info][gc,heap        ] GC(72) Survivor regions: 1->22(22)
[40.191s][info][gc,heap        ] GC(72) Old regions: 67->79
[40.191s][info][gc,heap        ] GC(72) Humongous regions: 1->1
[40.191s][info][gc,metaspace   ] GC(72) Metaspace: 66034K->66034K(1110016K)
[40.191s][info][gc             ] GC(72) Pause Young (Normal) (G1 Evacuation Pause) 237M->101M(319M) 27.122ms
[40.191s][info][gc,cpu         ] GC(72) User=0.03s Sys=0.00s Real=0.03s
[40.823s][info][gc,start       ] GC(73) Pause Young (Normal) (G1 Evacuation Pause)
[40.823s][info][gc,task        ] GC(73) Using 1 workers of 1 for evacuation
[40.850s][info][gc,phases      ] GC(73)   Pre Evacuate Collection Set: 0.0ms
[40.850s][info][gc,phases      ] GC(73)   Evacuate Collection Set: 4.5ms
[40.850s][info][gc,phases      ] GC(73)   Post Evacuate Collection Set: 22.0ms
[40.850s][info][gc,phases      ] GC(73)   Other: 0.4ms
[40.850s][info][gc,heap        ] GC(73) Eden regions: 128->0(125)
[40.850s][info][gc,heap        ] GC(73) Survivor regions: 22->19(19)
[40.850s][info][gc,heap        ] GC(73) Old regions: 79->86
[40.850s][info][gc,heap        ] GC(73) Humongous regions: 1->1
[40.850s][info][gc,metaspace   ] GC(73) Metaspace: 66036K->66036K(1110016K)
[40.850s][info][gc             ] GC(73) Pause Young (Normal) (G1 Evacuation Pause) 229M->105M(319M) 27.092ms
[40.850s][info][gc,cpu         ] GC(73) User=0.03s Sys=0.00s Real=0.03s
[41.437s][info][gc,start       ] GC(74) Pause Young (Normal) (G1 Evacuation Pause)
[41.437s][info][gc,task        ] GC(74) Using 1 workers of 1 for evacuation
[41.459s][info][gc,phases      ] GC(74)   Pre Evacuate Collection Set: 0.0ms
[41.459s][info][gc,phases      ] GC(74)   Evacuate Collection Set: 3.9ms
[41.459s][info][gc,phases      ] GC(74)   Post Evacuate Collection Set: 18.2ms
[41.459s][info][gc,phases      ] GC(74)   Other: 0.5ms
[41.459s][info][gc,heap        ] GC(74) Eden regions: 125->0(120)
[41.459s][info][gc,heap        ] GC(74) Survivor regions: 19->18(18)
[41.459s][info][gc,heap        ] GC(74) Old regions: 86->94
[41.459s][info][gc,heap        ] GC(74) Humongous regions: 1->1
[41.459s][info][gc,metaspace   ] GC(74) Metaspace: 66036K->66036K(1110016K)
[41.459s][info][gc             ] GC(74) Pause Young (Normal) (G1 Evacuation Pause) 230M->112M(319M) 22.801ms
[41.459s][info][gc,cpu         ] GC(74) User=0.02s Sys=0.00s Real=0.03s
[42.019s][info][gc,start       ] GC(75) Pause Young (Normal) (G1 Evacuation Pause)
[42.019s][info][gc,task        ] GC(75) Using 1 workers of 1 for evacuation
[42.040s][info][gc,phases      ] GC(75)   Pre Evacuate Collection Set: 0.0ms
[42.040s][info][gc,phases      ] GC(75)   Evacuate Collection Set: 4.3ms
[42.040s][info][gc,phases      ] GC(75)   Post Evacuate Collection Set: 16.2ms
[42.040s][info][gc,phases      ] GC(75)   Other: 0.4ms
[42.040s][info][gc,heap        ] GC(75) Eden regions: 120->0(114)
[42.040s][info][gc,heap        ] GC(75) Survivor regions: 18->18(18)
[42.040s][info][gc,heap        ] GC(75) Old regions: 94->101
[42.040s][info][gc,heap        ] GC(75) Humongous regions: 1->1
[42.040s][info][gc,metaspace   ] GC(75) Metaspace: 66036K->66036K(1110016K)
[42.040s][info][gc             ] GC(75) Pause Young (Normal) (G1 Evacuation Pause) 232M->118M(319M) 21.088ms
[42.040s][info][gc,cpu         ] GC(75) User=0.02s Sys=0.00s Real=0.02s
[42.548s][info][gc,start       ] GC(76) Pause Young (Normal) (G1 Evacuation Pause)
[42.548s][info][gc,task        ] GC(76) Using 1 workers of 1 for evacuation
[42.570s][info][gc,phases      ] GC(76)   Pre Evacuate Collection Set: 0.0ms
[42.571s][info][gc,phases      ] GC(76)   Evacuate Collection Set: 4.3ms
[42.571s][info][gc,phases      ] GC(76)   Post Evacuate Collection Set: 18.1ms
[42.571s][info][gc,phases      ] GC(76)   Other: 0.3ms
[42.571s][info][gc,heap        ] GC(76) Eden regions: 114->0(110)
[42.571s][info][gc,heap        ] GC(76) Survivor regions: 18->17(17)
[42.571s][info][gc,heap        ] GC(76) Old regions: 101->107
[42.571s][info][gc,heap        ] GC(76) Humongous regions: 1->1
[42.571s][info][gc,metaspace   ] GC(76) Metaspace: 66039K->66039K(1110016K)
[42.571s][info][gc             ] GC(76) Pause Young (Normal) (G1 Evacuation Pause) 232M->123M(319M) 22.955ms
[42.571s][info][gc,cpu         ] GC(76) User=0.02s Sys=0.00s Real=0.03s
[43.056s][info][gc,start       ] GC(77) Pause Young (Normal) (G1 Evacuation Pause)
[43.056s][info][gc,task        ] GC(77) Using 1 workers of 1 for evacuation
[43.083s][info][gc,phases      ] GC(77)   Pre Evacuate Collection Set: 0.0ms
[43.083s][info][gc,phases      ] GC(77)   Evacuate Collection Set: 3.7ms
[43.083s][info][gc,phases      ] GC(77)   Post Evacuate Collection Set: 23.2ms
[43.083s][info][gc,phases      ] GC(77)   Other: 0.4ms
[43.083s][info][gc,heap        ] GC(77) Eden regions: 110->0(106)
[43.083s][info][gc,heap        ] GC(77) Survivor regions: 17->16(16)
[43.083s][info][gc,heap        ] GC(77) Old regions: 107->114
[43.083s][info][gc,heap        ] GC(77) Humongous regions: 1->1
[43.083s][info][gc,metaspace   ] GC(77) Metaspace: 66039K->66039K(1110016K)
[43.083s][info][gc             ] GC(77) Pause Young (Normal) (G1 Evacuation Pause) 233M->129M(319M) 27.488ms
[43.083s][info][gc,cpu         ] GC(77) User=0.03s Sys=0.00s Real=0.03s
[43.556s][info][gc,start       ] GC(78) Pause Young (Normal) (G1 Evacuation Pause)
[43.556s][info][gc,task        ] GC(78) Using 1 workers of 1 for evacuation
[43.588s][info][gc,phases      ] GC(78)   Pre Evacuate Collection Set: 0.0ms
[43.588s][info][gc,phases      ] GC(78)   Evacuate Collection Set: 3.7ms
[43.588s][info][gc,phases      ] GC(78)   Post Evacuate Collection Set: 27.6ms
[43.588s][info][gc,phases      ] GC(78)   Other: 0.3ms
[43.588s][info][gc,heap        ] GC(78) Eden regions: 106->0(102)
[43.588s][info][gc,heap        ] GC(78) Survivor regions: 16->16(16)
[43.588s][info][gc,heap        ] GC(78) Old regions: 114->119
[43.588s][info][gc,heap        ] GC(78) Humongous regions: 1->1
[43.588s][info][gc,metaspace   ] GC(78) Metaspace: 66041K->66041K(1110016K)
[43.588s][info][gc             ] GC(78) Pause Young (Normal) (G1 Evacuation Pause) 235M->135M(319M) 31.849ms
[43.588s][info][gc,cpu         ] GC(78) User=0.03s Sys=0.00s Real=0.03s
[44.079s][info][gc,start       ] GC(79) Pause Young (Normal) (G1 Evacuation Pause)
[44.080s][info][gc,task        ] GC(79) Using 1 workers of 1 for evacuation
[44.098s][info][gc,phases      ] GC(79)   Pre Evacuate Collection Set: 0.0ms
[44.098s][info][gc,phases      ] GC(79)   Evacuate Collection Set: 3.4ms
[44.098s][info][gc,phases      ] GC(79)   Post Evacuate Collection Set: 14.6ms
[44.098s][info][gc,phases      ] GC(79)   Other: 0.3ms
[44.098s][info][gc,heap        ] GC(79) Eden regions: 102->0(117)
[44.098s][info][gc,heap        ] GC(79) Survivor regions: 16->15(15)
[44.098s][info][gc,heap        ] GC(79) Old regions: 119->125
[44.098s][info][gc,heap        ] GC(79) Humongous regions: 1->1
[44.098s][info][gc,metaspace   ] GC(79) Metaspace: 66042K->66042K(1110016K)
[44.098s][info][gc             ] GC(79) Pause Young (Normal) (G1 Evacuation Pause) 237M->139M(346M) 18.521ms
[44.098s][info][gc,cpu         ] GC(79) User=0.02s Sys=0.00s Real=0.02s
[44.670s][info][gc,start       ] GC(80) Pause Young (Normal) (G1 Evacuation Pause)
[44.671s][info][gc,task        ] GC(80) Using 1 workers of 1 for evacuation
[44.690s][info][gc,phases      ] GC(80)   Pre Evacuate Collection Set: 0.0ms
[44.690s][info][gc,phases      ] GC(80)   Evacuate Collection Set: 3.5ms
[44.690s][info][gc,phases      ] GC(80)   Post Evacuate Collection Set: 16.0ms
[44.690s][info][gc,phases      ] GC(80)   Other: 0.4ms
[44.690s][info][gc,heap        ] GC(80) Eden regions: 117->0(110)
[44.690s][info][gc,heap        ] GC(80) Survivor regions: 15->17(17)
[44.690s][info][gc,heap        ] GC(80) Old regions: 125->132
[44.690s][info][gc,heap        ] GC(80) Humongous regions: 1->1
[44.690s][info][gc,metaspace   ] GC(80) Metaspace: 66044K->66044K(1110016K)
[44.690s][info][gc             ] GC(80) Pause Young (Normal) (G1 Evacuation Pause) 256M->148M(346M) 20.057ms
[44.690s][info][gc,cpu         ] GC(80) User=0.02s Sys=0.00s Real=0.02s
[45.251s][info][gc,start       ] GC(81) Pause Young (Normal) (G1 Evacuation Pause)
[45.251s][info][gc,task        ] GC(81) Using 1 workers of 1 for evacuation
[45.270s][info][gc,phases      ] GC(81)   Pre Evacuate Collection Set: 0.0ms
[45.270s][info][gc,phases      ] GC(81)   Evacuate Collection Set: 3.6ms
[45.270s][info][gc,phases      ] GC(81)   Post Evacuate Collection Set: 15.1ms
[45.270s][info][gc,phases      ] GC(81)   Other: 0.3ms
[45.270s][info][gc,heap        ] GC(81) Eden regions: 110->0(105)
[45.270s][info][gc,heap        ] GC(81) Survivor regions: 17->16(16)
[45.270s][info][gc,heap        ] GC(81) Old regions: 132->139
[45.270s][info][gc,heap        ] GC(81) Humongous regions: 1->1
[45.270s][info][gc,metaspace   ] GC(81) Metaspace: 66056K->66056K(1110016K)
[45.270s][info][gc             ] GC(81) Pause Young (Normal) (G1 Evacuation Pause) 258M->154M(346M) 19.242ms
[45.270s][info][gc,cpu         ] GC(81) User=0.02s Sys=0.00s Real=0.02s
[45.799s][info][gc,start       ] GC(82) Pause Young (Normal) (G1 Evacuation Pause)
[45.799s][info][gc,task        ] GC(82) Using 1 workers of 1 for evacuation
[45.828s][info][gc,phases      ] GC(82)   Pre Evacuate Collection Set: 0.0ms
[45.833s][info][gc,phases      ] GC(82)   Evacuate Collection Set: 3.5ms
[45.833s][info][gc,phases      ] GC(82)   Post Evacuate Collection Set: 25.3ms
[45.833s][info][gc,phases      ] GC(82)   Other: 0.3ms
[45.833s][info][gc,heap        ] GC(82) Eden regions: 105->0(101)
[45.833s][info][gc,heap        ] GC(82) Survivor regions: 16->16(16)
[45.833s][info][gc,heap        ] GC(82) Old regions: 139->144
[45.833s][info][gc,heap        ] GC(82) Humongous regions: 1->1
[45.833s][info][gc,metaspace   ] GC(82) Metaspace: 66066K->66066K(1110016K)
[45.833s][info][gc             ] GC(82) Pause Young (Normal) (G1 Evacuation Pause) 259M->160M(346M) 34.256ms
[45.833s][info][gc,cpu         ] GC(82) User=0.03s Sys=0.00s Real=0.03s
[46.078s][info][gc,heap,exit   ] Heap
[46.078s][info][gc,heap,exit   ]  garbage-first heap   total 354304K, used 174362K [0x00000000c2a00000, 0x0000000100000000)
[46.078s][info][gc,heap,exit   ]   region size 1024K, 27 young (27648K), 16 survivors (16384K)
[46.081s][info][gc,heap,exit   ]  Metaspace       used 66118K, capacity 69853K, committed 69960K, reserved 1110016K
[46.081s][info][gc,heap,exit   ]   class space    used 7519K, capacity 8551K, committed 8572K, reserved 1048576K
