[0.010s][info][gc,heap] Heap region size: 1M
[0.015s][info][gc     ] Using G1
[0.015s][info][gc,heap,coops] Heap address: 0x00000000b1e00000, size: 1250 MB, Compressed Oops mode: 32-bit
[0.466s][info][gc,start     ] GC(0) Pause Young (Normal) (G1 Evacuation Pause)
[0.467s][info][gc,task      ] GC(0) Using 1 workers of 1 for evacuation
[0.471s][info][gc,phases    ] GC(0)   Pre Evacuate Collection Set: 0.0ms
[0.471s][info][gc,phases    ] GC(0)   Evacuate Collection Set: 4.5ms
[0.471s][info][gc,phases    ] GC(0)   Post Evacuate Collection Set: 0.1ms
[0.471s][info][gc,phases    ] GC(0)   Other: 0.3ms
[0.471s][info][gc,heap      ] GC(0) Eden regions: 6->0(5)
[0.471s][info][gc,heap      ] GC(0) Survivor regions: 0->1(1)
[0.471s][info][gc,heap      ] GC(0) Old regions: 0->2
[0.471s][info][gc,heap      ] GC(0) Humongous regions: 0->0
[0.471s][info][gc,metaspace ] GC(0) Metaspace: 2155K->2155K(1056768K)
[0.471s][info][gc           ] GC(0) Pause Young (Normal) (G1 Evacuation Pause) 6M->2M(126M) 4.937ms
[0.471s][info][gc,cpu       ] GC(0) User=0.01s Sys=0.00s Real=0.01s
[0.628s][info][gc,start     ] GC(1) Pause Young (Normal) (G1 Evacuation Pause)
[0.628s][info][gc,task      ] GC(1) Using 1 workers of 1 for evacuation
[0.630s][info][gc,phases    ] GC(1)   Pre Evacuate Collection Set: 0.0ms
[0.630s][info][gc,phases    ] GC(1)   Evacuate Collection Set: 2.4ms
[0.630s][info][gc,phases    ] GC(1)   Post Evacuate Collection Set: 0.1ms
[0.630s][info][gc,phases    ] GC(1)   Other: 0.1ms
[0.630s][info][gc,heap      ] GC(1) Eden regions: 5->0(6)
[0.630s][info][gc,heap      ] GC(1) Survivor regions: 1->1(1)
[0.630s][info][gc,heap      ] GC(1) Old regions: 2->3
[0.630s][info][gc,heap      ] GC(1) Humongous regions: 0->0
[0.630s][info][gc,metaspace ] GC(1) Metaspace: 4300K->4300K(1056768K)
[0.630s][info][gc           ] GC(1) Pause Young (Normal) (G1 Evacuation Pause) 7M->2M(126M) 2.626ms
[0.630s][info][gc,cpu       ] GC(1) User=0.00s Sys=0.00s Real=0.00s
[0.914s][info][gc,start     ] GC(2) Pause Young (Normal) (G1 Evacuation Pause)
[0.914s][info][gc,task      ] GC(2) Using 1 workers of 1 for evacuation
[0.916s][info][gc,phases    ] GC(2)   Pre Evacuate Collection Set: 0.0ms
[0.916s][info][gc,phases    ] GC(2)   Evacuate Collection Set: 1.6ms
[0.916s][info][gc,phases    ] GC(2)   Post Evacuate Collection Set: 0.0ms
[0.916s][info][gc,phases    ] GC(2)   Other: 0.2ms
[0.916s][info][gc,heap      ] GC(2) Eden regions: 6->0(13)
[0.916s][info][gc,heap      ] GC(2) Survivor regions: 1->1(1)
[0.916s][info][gc,heap      ] GC(2) Old regions: 3->3
[0.916s][info][gc,heap      ] GC(2) Humongous regions: 0->0
[0.916s][info][gc,metaspace ] GC(2) Metaspace: 6640K->6640K(1058816K)
[0.916s][info][gc           ] GC(2) Pause Young (Normal) (G1 Evacuation Pause) 8M->2M(126M) 1.920ms
[0.916s][info][gc,cpu       ] GC(2) User=0.00s Sys=0.00s Real=0.00s
[2.813s][info][gc,start     ] GC(3) Pause Young (Normal) (G1 Evacuation Pause)
[2.813s][info][gc,task      ] GC(3) Using 1 workers of 1 for evacuation
[2.817s][info][gc,phases    ] GC(3)   Pre Evacuate Collection Set: 0.0ms
[2.817s][info][gc,phases    ] GC(3)   Evacuate Collection Set: 3.5ms
[2.817s][info][gc,phases    ] GC(3)   Post Evacuate Collection Set: 0.1ms
[2.817s][info][gc,phases    ] GC(3)   Other: 0.4ms
[2.817s][info][gc,heap      ] GC(3) Eden regions: 13->0(18)
[2.817s][info][gc,heap      ] GC(3) Survivor regions: 1->2(2)
[2.817s][info][gc,heap      ] GC(3) Old regions: 3->3
[2.817s][info][gc,heap      ] GC(3) Humongous regions: 0->0
[2.817s][info][gc,metaspace ] GC(3) Metaspace: 8507K->8507K(1058816K)
[2.817s][info][gc           ] GC(3) Pause Young (Normal) (G1 Evacuation Pause) 15M->4M(126M) 4.174ms
[2.817s][info][gc,cpu       ] GC(3) User=0.00s Sys=0.00s Real=0.00s
[3.204s][info][gc,start     ] GC(4) Pause Young (Normal) (G1 Evacuation Pause)
[3.204s][info][gc,task      ] GC(4) Using 1 workers of 1 for evacuation
[3.211s][info][gc,phases    ] GC(4)   Pre Evacuate Collection Set: 0.0ms
[3.211s][info][gc,phases    ] GC(4)   Evacuate Collection Set: 6.2ms
[3.211s][info][gc,phases    ] GC(4)   Post Evacuate Collection Set: 0.2ms
[3.211s][info][gc,phases    ] GC(4)   Other: 0.2ms
[3.211s][info][gc,heap      ] GC(4) Eden regions: 18->0(20)
[3.211s][info][gc,heap      ] GC(4) Survivor regions: 2->3(3)
[3.211s][info][gc,heap      ] GC(4) Old regions: 3->10
[3.211s][info][gc,heap      ] GC(4) Humongous regions: 6->6
[3.211s][info][gc,metaspace ] GC(4) Metaspace: 12256K->12256K(1060864K)
[3.211s][info][gc           ] GC(4) Pause Young (Normal) (G1 Evacuation Pause) 27M->18M(126M) 6.619ms
[3.211s][info][gc,cpu       ] GC(4) User=0.00s Sys=0.01s Real=0.01s
[3.976s][info][gc,start     ] GC(5) Pause Young (Normal) (G1 Evacuation Pause)
[3.976s][info][gc,task      ] GC(5) Using 1 workers of 1 for evacuation
[3.982s][info][gc,phases    ] GC(5)   Pre Evacuate Collection Set: 0.0ms
[3.983s][info][gc,phases    ] GC(5)   Evacuate Collection Set: 6.2ms
[3.983s][info][gc,phases    ] GC(5)   Post Evacuate Collection Set: 0.2ms
[3.983s][info][gc,phases    ] GC(5)   Other: 0.3ms
[3.983s][info][gc,heap      ] GC(5) Eden regions: 20->0(23)
[3.983s][info][gc,heap      ] GC(5) Survivor regions: 3->3(3)
[3.983s][info][gc,heap      ] GC(5) Old regions: 10->12
[3.983s][info][gc,heap      ] GC(5) Humongous regions: 6->6
[3.983s][info][gc,metaspace ] GC(5) Metaspace: 18297K->18297K(1067008K)
[3.983s][info][gc           ] GC(5) Pause Young (Normal) (G1 Evacuation Pause) 38M->20M(126M) 6.836ms
[3.983s][info][gc,cpu       ] GC(5) User=0.01s Sys=0.01s Real=0.01s
[4.161s][info][gc,start     ] GC(6) Pause Young (Concurrent Start) (Metadata GC Threshold)
[4.161s][info][gc,task      ] GC(6) Using 1 workers of 1 for evacuation
[4.166s][info][gc,phases    ] GC(6)   Pre Evacuate Collection Set: 0.1ms
[4.166s][info][gc,phases    ] GC(6)   Evacuate Collection Set: 4.4ms
[4.166s][info][gc,phases    ] GC(6)   Post Evacuate Collection Set: 0.2ms
[4.166s][info][gc,phases    ] GC(6)   Other: 0.1ms
[4.166s][info][gc,heap      ] GC(6) Eden regions: 7->0(28)
[4.166s][info][gc,heap      ] GC(6) Survivor regions: 3->1(4)
[4.166s][info][gc,heap      ] GC(6) Old regions: 12->15
[4.166s][info][gc,heap      ] GC(6) Humongous regions: 6->6
[4.166s][info][gc,metaspace ] GC(6) Metaspace: 20189K->20189K(1067008K)
[4.166s][info][gc           ] GC(6) Pause Young (Concurrent Start) (Metadata GC Threshold) 27M->20M(126M) 4.855ms
[4.166s][info][gc,cpu       ] GC(6) User=0.01s Sys=0.00s Real=0.00s
[4.166s][info][gc           ] GC(7) Concurrent Cycle
[4.166s][info][gc,marking   ] GC(7) Concurrent Clear Claimed Marks
[4.166s][info][gc,marking   ] GC(7) Concurrent Clear Claimed Marks 0.050ms
[4.166s][info][gc,marking   ] GC(7) Concurrent Scan Root Regions
[4.166s][info][gc,marking   ] GC(7) Concurrent Scan Root Regions 0.271ms
[4.166s][info][gc,marking   ] GC(7) Concurrent Mark (4.166s)
[4.166s][info][gc,marking   ] GC(7) Concurrent Mark From Roots
[4.166s][info][gc,task      ] GC(7) Using 1 workers of 1 for marking
[4.195s][info][gc,marking   ] GC(7) Concurrent Mark From Roots 29.446ms
[4.196s][info][gc,marking   ] GC(7) Concurrent Preclean
[4.196s][info][gc,marking   ] GC(7) Concurrent Preclean 0.056ms
[4.196s][info][gc,marking   ] GC(7) Concurrent Mark (4.166s, 4.196s) 29.564ms
[4.201s][info][gc,start     ] GC(7) Pause Remark
[4.205s][info][gc,stringtable] GC(7) Cleaned string and symbol table, strings: 7653 processed, 7 removed, symbols: 40349 processed, 43 removed
[4.211s][info][gc            ] GC(7) Pause Remark 21M->21M(126M) 9.849ms
[4.211s][info][gc,cpu        ] GC(7) User=0.01s Sys=0.00s Real=0.01s
[4.211s][info][gc,marking    ] GC(7) Concurrent Rebuild Remembered Sets
[4.224s][info][gc,marking    ] GC(7) Concurrent Rebuild Remembered Sets 13.769ms
[4.231s][info][gc,start      ] GC(7) Pause Cleanup
[4.231s][info][gc            ] GC(7) Pause Cleanup 21M->21M(126M) 0.120ms
[4.231s][info][gc,cpu        ] GC(7) User=0.00s Sys=0.00s Real=0.00s
[4.231s][info][gc,marking    ] GC(7) Concurrent Cleanup for Next Mark
[4.232s][info][gc,marking    ] GC(7) Concurrent Cleanup for Next Mark 1.024ms
[4.232s][info][gc            ] GC(7) Concurrent Cycle 66.616ms
[5.145s][info][gc,start      ] GC(8) Pause Young (Normal) (G1 Evacuation Pause)
[5.146s][info][gc,task       ] GC(8) Using 1 workers of 1 for evacuation
[5.155s][info][gc,phases     ] GC(8)   Pre Evacuate Collection Set: 0.0ms
[5.155s][info][gc,phases     ] GC(8)   Evacuate Collection Set: 8.8ms
[5.155s][info][gc,phases     ] GC(8)   Post Evacuate Collection Set: 0.2ms
[5.155s][info][gc,phases     ] GC(8)   Other: 1.0ms
[5.155s][info][gc,heap       ] GC(8) Eden regions: 29->0(52)
[5.155s][info][gc,heap       ] GC(8) Survivor regions: 1->2(4)
[5.155s][info][gc,heap       ] GC(8) Old regions: 15->15
[5.155s][info][gc,heap       ] GC(8) Humongous regions: 6->6
[5.155s][info][gc,metaspace  ] GC(8) Metaspace: 26598K->26598K(1073152K)
[5.155s][info][gc            ] GC(8) Pause Young (Normal) (G1 Evacuation Pause) 49M->22M(126M) 10.087ms
[5.155s][info][gc,cpu        ] GC(8) User=0.01s Sys=0.00s Real=0.01s
[6.500s][info][gc,start      ] GC(9) Pause Young (Concurrent Start) (Metadata GC Threshold)
[6.501s][info][gc,task       ] GC(9) Using 1 workers of 1 for evacuation
[6.512s][info][gc,phases     ] GC(9)   Pre Evacuate Collection Set: 0.2ms
[6.512s][info][gc,phases     ] GC(9)   Evacuate Collection Set: 10.5ms
[6.512s][info][gc,phases     ] GC(9)   Post Evacuate Collection Set: 0.3ms
[6.512s][info][gc,phases     ] GC(9)   Other: 0.3ms
[6.512s][info][gc,heap       ] GC(9) Eden regions: 39->0(49)
[6.512s][info][gc,heap       ] GC(9) Survivor regions: 2->4(7)
[6.512s][info][gc,heap       ] GC(9) Old regions: 15->15
[6.512s][info][gc,heap       ] GC(9) Humongous regions: 6->6
[6.512s][info][gc,metaspace  ] GC(9) Metaspace: 34499K->34499K(1079296K)
[6.512s][info][gc            ] GC(9) Pause Young (Concurrent Start) (Metadata GC Threshold) 60M->24M(126M) 11.425ms
[6.512s][info][gc,cpu        ] GC(9) User=0.01s Sys=0.00s Real=0.01s
[6.512s][info][gc            ] GC(10) Concurrent Cycle
[6.512s][info][gc,marking    ] GC(10) Concurrent Clear Claimed Marks
[6.512s][info][gc,marking    ] GC(10) Concurrent Clear Claimed Marks 0.099ms
[6.512s][info][gc,marking    ] GC(10) Concurrent Scan Root Regions
[6.517s][info][gc,marking    ] GC(10) Concurrent Scan Root Regions 5.192ms
[6.517s][info][gc,marking    ] GC(10) Concurrent Mark (6.517s)
[6.517s][info][gc,marking    ] GC(10) Concurrent Mark From Roots
[6.517s][info][gc,task       ] GC(10) Using 1 workers of 1 for marking
[6.547s][info][gc,marking    ] GC(10) Concurrent Mark From Roots 29.953ms
[6.547s][info][gc,marking    ] GC(10) Concurrent Preclean
[6.547s][info][gc,marking    ] GC(10) Concurrent Preclean 0.049ms
[6.547s][info][gc,marking    ] GC(10) Concurrent Mark (6.517s, 6.547s) 30.052ms
[6.548s][info][gc,start      ] GC(10) Pause Remark
[6.554s][info][gc,stringtable] GC(10) Cleaned string and symbol table, strings: 13660 processed, 18 removed, symbols: 80214 processed, 44 removed
[6.554s][info][gc            ] GC(10) Pause Remark 24M->24M(126M) 6.279ms
[6.554s][info][gc,cpu        ] GC(10) User=0.00s Sys=0.00s Real=0.00s
[6.554s][info][gc,marking    ] GC(10) Concurrent Rebuild Remembered Sets
[6.572s][info][gc,marking    ] GC(10) Concurrent Rebuild Remembered Sets 18.546ms
[6.573s][info][gc,start      ] GC(10) Pause Cleanup
[6.573s][info][gc            ] GC(10) Pause Cleanup 25M->25M(126M) 0.050ms
[6.573s][info][gc,cpu        ] GC(10) User=0.00s Sys=0.00s Real=0.00s
[6.573s][info][gc,marking    ] GC(10) Concurrent Cleanup for Next Mark
[6.575s][info][gc,marking    ] GC(10) Concurrent Cleanup for Next Mark 1.842ms
[6.575s][info][gc            ] GC(10) Concurrent Cycle 62.630ms
[7.769s][info][gc,start      ] GC(11) Pause Young (Normal) (G1 Evacuation Pause)
[7.769s][info][gc,task       ] GC(11) Using 1 workers of 1 for evacuation
[7.795s][info][gc,phases     ] GC(11)   Pre Evacuate Collection Set: 0.0ms
[7.795s][info][gc,phases     ] GC(11)   Evacuate Collection Set: 24.8ms
[7.795s][info][gc,phases     ] GC(11)   Post Evacuate Collection Set: 0.9ms
[7.795s][info][gc,phases     ] GC(11)   Other: 0.4ms
[7.795s][info][gc,heap       ] GC(11) Eden regions: 49->0(55)
[7.795s][info][gc,heap       ] GC(11) Survivor regions: 4->5(7)
[7.795s][info][gc,heap       ] GC(11) Old regions: 15->16
[7.795s][info][gc,heap       ] GC(11) Humongous regions: 6->6
[7.795s][info][gc,metaspace  ] GC(11) Metaspace: 44899K->44899K(1089536K)
[7.795s][info][gc            ] GC(11) Pause Young (Normal) (G1 Evacuation Pause) 73M->26M(126M) 26.406ms
[7.795s][info][gc,cpu        ] GC(11) User=0.02s Sys=0.00s Real=0.02s
[9.548s][info][gc,start      ] GC(12) Pause Young (Normal) (G1 Evacuation Pause)
[9.548s][info][gc,task       ] GC(12) Using 1 workers of 1 for evacuation
[9.590s][info][gc,phases     ] GC(12)   Pre Evacuate Collection Set: 0.0ms
[9.590s][info][gc,phases     ] GC(12)   Evacuate Collection Set: 40.4ms
[9.590s][info][gc,phases     ] GC(12)   Post Evacuate Collection Set: 1.5ms
[9.590s][info][gc,phases     ] GC(12)   Other: 0.4ms
[9.590s][info][gc,heap       ] GC(12) Eden regions: 55->0(75)
[9.590s][info][gc,heap       ] GC(12) Survivor regions: 5->6(8)
[9.590s][info][gc,heap       ] GC(12) Old regions: 16->18
[9.590s][info][gc,heap       ] GC(12) Humongous regions: 21->6
[9.590s][info][gc,metaspace  ] GC(12) Metaspace: 54663K->54663K(1097728K)
[9.590s][info][gc            ] GC(12) Pause Young (Normal) (G1 Evacuation Pause) 96M->29M(152M) 42.543ms
[9.590s][info][gc,cpu        ] GC(12) User=0.04s Sys=0.00s Real=0.04s
[10.703s][info][gc,start      ] GC(13) Pause Young (Normal) (G1 Evacuation Pause)
[10.703s][info][gc,task       ] GC(13) Using 1 workers of 1 for evacuation
[10.750s][info][gc,phases     ] GC(13)   Pre Evacuate Collection Set: 0.0ms
[10.750s][info][gc,phases     ] GC(13)   Evacuate Collection Set: 45.8ms
[10.750s][info][gc,phases     ] GC(13)   Post Evacuate Collection Set: 0.6ms
[10.750s][info][gc,phases     ] GC(13)   Other: 0.7ms
[10.750s][info][gc,heap       ] GC(13) Eden regions: 75->0(82)
[10.750s][info][gc,heap       ] GC(13) Survivor regions: 6->9(11)
[10.750s][info][gc,heap       ] GC(13) Old regions: 18->18
[10.750s][info][gc,heap       ] GC(13) Humongous regions: 11->6
[10.750s][info][gc,metaspace  ] GC(13) Metaspace: 56606K->56606K(1099776K)
[10.750s][info][gc            ] GC(13) Pause Young (Normal) (G1 Evacuation Pause) 109M->32M(152M) 47.106ms
[10.750s][info][gc,cpu        ] GC(13) User=0.04s Sys=0.00s Real=0.05s
[11.388s][info][gc,start      ] GC(14) Pause Young (Concurrent Start) (Metadata GC Threshold)
[11.388s][info][gc,task       ] GC(14) Using 1 workers of 1 for evacuation
[11.412s][info][gc,phases     ] GC(14)   Pre Evacuate Collection Set: 0.4ms
[11.412s][info][gc,phases     ] GC(14)   Evacuate Collection Set: 23.3ms
[11.412s][info][gc,phases     ] GC(14)   Post Evacuate Collection Set: 0.4ms
[11.412s][info][gc,phases     ] GC(14)   Other: 0.5ms
[11.412s][info][gc,heap       ] GC(14) Eden regions: 59->0(77)
[11.412s][info][gc,heap       ] GC(14) Survivor regions: 9->7(12)
[11.412s][info][gc,heap       ] GC(14) Old regions: 18->23
[11.412s][info][gc,heap       ] GC(14) Humongous regions: 7->7
[11.412s][info][gc,metaspace  ] GC(14) Metaspace: 56953K->56953K(1099776K)
[11.412s][info][gc            ] GC(14) Pause Young (Concurrent Start) (Metadata GC Threshold) 92M->36M(152M) 24.651ms
[11.412s][info][gc,cpu        ] GC(14) User=0.02s Sys=0.00s Real=0.02s
[11.412s][info][gc            ] GC(15) Concurrent Cycle
[11.412s][info][gc,marking    ] GC(15) Concurrent Clear Claimed Marks
[11.413s][info][gc,marking    ] GC(15) Concurrent Clear Claimed Marks 0.235ms
[11.413s][info][gc,marking    ] GC(15) Concurrent Scan Root Regions
[11.426s][info][gc,marking    ] GC(15) Concurrent Scan Root Regions 13.149ms
[11.426s][info][gc,marking    ] GC(15) Concurrent Mark (11.426s)
[11.426s][info][gc,marking    ] GC(15) Concurrent Mark From Roots
[11.426s][info][gc,task       ] GC(15) Using 1 workers of 1 for marking
[11.497s][info][gc,marking    ] GC(15) Concurrent Mark From Roots 71.306ms
[11.497s][info][gc,marking    ] GC(15) Concurrent Preclean
[11.497s][info][gc,marking    ] GC(15) Concurrent Preclean 0.130ms
[11.497s][info][gc,marking    ] GC(15) Concurrent Mark (11.426s, 11.497s) 71.512ms
[11.498s][info][gc,start      ] GC(15) Pause Remark
[11.517s][info][gc,stringtable] GC(15) Cleaned string and symbol table, strings: 21154 processed, 193 removed, symbols: 126458 processed, 28 removed
[11.518s][info][gc            ] GC(15) Pause Remark 40M->39M(152M) 20.034ms
[11.518s][info][gc,cpu        ] GC(15) User=0.02s Sys=0.00s Real=0.02s
[11.522s][info][gc,marking    ] GC(15) Concurrent Rebuild Remembered Sets
[11.562s][info][gc,marking    ] GC(15) Concurrent Rebuild Remembered Sets 39.690ms
[11.562s][info][gc,start      ] GC(15) Pause Cleanup
[11.562s][info][gc            ] GC(15) Pause Cleanup 40M->40M(152M) 0.050ms
[11.562s][info][gc,cpu        ] GC(15) User=0.00s Sys=0.00s Real=0.00s
[11.562s][info][gc,marking    ] GC(15) Concurrent Cleanup for Next Mark
[11.567s][info][gc,marking    ] GC(15) Concurrent Cleanup for Next Mark 4.862ms
[11.567s][info][gc            ] GC(15) Concurrent Cycle 154.665ms
[13.211s][info][gc,start      ] GC(16) Pause Young (Normal) (G1 Evacuation Pause)
[13.211s][info][gc,task       ] GC(16) Using 1 workers of 1 for evacuation
[13.238s][info][gc,phases     ] GC(16)   Pre Evacuate Collection Set: 0.0ms
[13.238s][info][gc,phases     ] GC(16)   Evacuate Collection Set: 26.0ms
[13.238s][info][gc,phases     ] GC(16)   Post Evacuate Collection Set: 0.4ms
[13.238s][info][gc,phases     ] GC(16)   Other: 0.4ms
[13.238s][info][gc,heap       ] GC(16) Eden regions: 77->0(78)
[13.238s][info][gc,heap       ] GC(16) Survivor regions: 7->5(11)
[13.238s][info][gc,heap       ] GC(16) Old regions: 23->26
[13.238s][info][gc,heap       ] GC(16) Humongous regions: 26->6
[13.238s][info][gc,metaspace  ] GC(16) Metaspace: 62933K->62933K(1105920K)
[13.238s][info][gc            ] GC(16) Pause Young (Normal) (G1 Evacuation Pause) 132M->37M(152M) 26.964ms
[13.238s][info][gc,cpu        ] GC(16) User=0.03s Sys=0.00s Real=0.02s
[14.272s][info][gc,start      ] GC(17) Pause Young (Normal) (G1 Evacuation Pause)
[14.272s][info][gc,task       ] GC(17) Using 1 workers of 1 for evacuation
[14.296s][info][gc,phases     ] GC(17)   Pre Evacuate Collection Set: 0.0ms
[14.297s][info][gc,phases     ] GC(17)   Evacuate Collection Set: 23.0ms
[14.297s][info][gc,phases     ] GC(17)   Post Evacuate Collection Set: 1.0ms
[14.297s][info][gc,phases     ] GC(17)   Other: 0.4ms
[14.297s][info][gc,heap       ] GC(17) Eden regions: 78->0(88)
[14.297s][info][gc,heap       ] GC(17) Survivor regions: 5->7(11)
[14.297s][info][gc,heap       ] GC(17) Old regions: 26->26
[14.297s][info][gc,heap       ] GC(17) Humongous regions: 33->6
[14.297s][info][gc,metaspace  ] GC(17) Metaspace: 63537K->63537K(1105920K)
[14.297s][info][gc            ] GC(17) Pause Young (Normal) (G1 Evacuation Pause) 142M->38M(185M) 24.544ms
[14.297s][info][gc,cpu        ] GC(17) User=0.02s Sys=0.00s Real=0.02s
[14.579s][info][gc,task       ] GC(18) Using 1 workers of 1 for full compaction
[14.579s][info][gc,start      ] GC(18) Pause Full (System.gc())
[14.580s][info][gc,phases,start] GC(18) Phase 1: Mark live objects
[14.657s][info][gc,stringtable ] GC(18) Cleaned string and symbol table, strings: 21938 processed, 33 removed, symbols: 137632 processed, 13 removed
[14.657s][info][gc,phases      ] GC(18) Phase 1: Mark live objects 77.407ms
[14.657s][info][gc,phases,start] GC(18) Phase 2: Prepare for compaction
[14.672s][info][gc,phases      ] GC(18) Phase 2: Prepare for compaction 14.795ms
[14.672s][info][gc,phases,start] GC(18) Phase 3: Adjust pointers
[14.716s][info][gc,phases      ] GC(18) Phase 3: Adjust pointers 44.137ms
[14.716s][info][gc,phases,start] GC(18) Phase 4: Compact heap
[14.735s][info][gc,phases      ] GC(18) Phase 4: Compact heap 19.107ms
[14.743s][info][gc,heap        ] GC(18) Eden regions: 23->0(65)
[14.743s][info][gc,heap        ] GC(18) Survivor regions: 7->0(11)
[14.743s][info][gc,heap        ] GC(18) Old regions: 26->32
[14.743s][info][gc,heap        ] GC(18) Humongous regions: 11->6
[14.743s][info][gc,metaspace   ] GC(18) Metaspace: 63627K->63627K(1105920K)
[14.743s][info][gc             ] GC(18) Pause Full (System.gc()) 66M->35M(127M) 164.280ms
[14.743s][info][gc,cpu         ] GC(18) User=0.16s Sys=0.00s Real=0.16s
[15.492s][info][gc,start       ] GC(19) Pause Young (Concurrent Start) (G1 Humongous Allocation)
[15.492s][info][gc,task        ] GC(19) Using 1 workers of 1 for evacuation
[15.500s][info][gc,phases      ] GC(19)   Pre Evacuate Collection Set: 0.3ms
[15.500s][info][gc,phases      ] GC(19)   Evacuate Collection Set: 4.4ms
[15.500s][info][gc,phases      ] GC(19)   Post Evacuate Collection Set: 2.8ms
[15.500s][info][gc,phases      ] GC(19)   Other: 0.3ms
[15.500s][info][gc,heap        ] GC(19) Eden regions: 45->0(64)
[15.500s][info][gc,heap        ] GC(19) Survivor regions: 0->2(9)
[15.500s][info][gc,heap        ] GC(19) Old regions: 32->32
[15.500s][info][gc,heap        ] GC(19) Humongous regions: 26->6
[15.500s][info][gc,metaspace   ] GC(19) Metaspace: 64821K->64821K(1107968K)
[15.500s][info][gc             ] GC(19) Pause Young (Concurrent Start) (G1 Humongous Allocation) 100M->37M(127M) 7.935ms
[15.500s][info][gc,cpu         ] GC(19) User=0.01s Sys=0.00s Real=0.01s
[15.500s][info][gc             ] GC(20) Concurrent Cycle
[15.500s][info][gc,marking     ] GC(20) Concurrent Clear Claimed Marks
[15.501s][info][gc,marking     ] GC(20) Concurrent Clear Claimed Marks 0.292ms
[15.501s][info][gc,marking     ] GC(20) Concurrent Scan Root Regions
[15.502s][info][gc,marking     ] GC(20) Concurrent Scan Root Regions 1.060ms
[15.502s][info][gc,marking     ] GC(20) Concurrent Mark (15.502s)
[15.502s][info][gc,marking     ] GC(20) Concurrent Mark From Roots
[15.502s][info][gc,task        ] GC(20) Using 1 workers of 1 for marking
[15.645s][info][gc,marking     ] GC(20) Concurrent Mark From Roots 143.080ms
[15.645s][info][gc,marking     ] GC(20) Concurrent Preclean
[15.645s][info][gc,marking     ] GC(20) Concurrent Preclean 0.131ms
[15.645s][info][gc,marking     ] GC(20) Concurrent Mark (15.502s, 15.645s) 143.282ms
[15.649s][info][gc,start       ] GC(20) Pause Remark
[15.664s][info][gc,stringtable ] GC(20) Cleaned string and symbol table, strings: 22262 processed, 0 removed, symbols: 139468 processed, 2 removed
[15.664s][info][gc             ] GC(20) Pause Remark 50M->50M(127M) 15.606ms
[15.664s][info][gc,cpu         ] GC(20) User=0.02s Sys=0.00s Real=0.01s
[15.666s][info][gc,marking     ] GC(20) Concurrent Rebuild Remembered Sets
[15.732s][info][gc,marking     ] GC(20) Concurrent Rebuild Remembered Sets 66.102ms
[15.735s][info][gc,start       ] GC(20) Pause Cleanup
[15.735s][info][gc             ] GC(20) Pause Cleanup 54M->54M(127M) 0.082ms
[15.735s][info][gc,cpu         ] GC(20) User=0.00s Sys=0.00s Real=0.00s
[15.735s][info][gc,marking     ] GC(20) Concurrent Cleanup for Next Mark
[15.737s][info][gc,marking     ] GC(20) Concurrent Cleanup for Next Mark 1.401ms
[15.737s][info][gc             ] GC(20) Concurrent Cycle 236.590ms
[16.094s][info][gc,start       ] GC(21) Pause Young (Concurrent Start) (G1 Humongous Allocation)
[16.094s][info][gc,task        ] GC(21) Using 1 workers of 1 for evacuation
[16.102s][info][gc,phases      ] GC(21)   Pre Evacuate Collection Set: 0.3ms
[16.102s][info][gc,phases      ] GC(21)   Evacuate Collection Set: 7.0ms
[16.102s][info][gc,phases      ] GC(21)   Post Evacuate Collection Set: 0.4ms
[16.102s][info][gc,phases      ] GC(21)   Other: 0.4ms
[16.102s][info][gc,heap        ] GC(21) Eden regions: 38->0(55)
[16.102s][info][gc,heap        ] GC(21) Survivor regions: 2->3(9)
[16.102s][info][gc,heap        ] GC(21) Old regions: 32->32
[16.102s][info][gc,heap        ] GC(21) Humongous regions: 26->6
[16.102s][info][gc,metaspace   ] GC(21) Metaspace: 65090K->65090K(1107968K)
[16.102s][info][gc             ] GC(21) Pause Young (Concurrent Start) (G1 Humongous Allocation) 95M->38M(127M) 8.144ms
[16.102s][info][gc,cpu         ] GC(21) User=0.01s Sys=0.00s Real=0.01s
[16.102s][info][gc             ] GC(22) Concurrent Cycle
[16.102s][info][gc,marking     ] GC(22) Concurrent Clear Claimed Marks
[16.103s][info][gc,marking     ] GC(22) Concurrent Clear Claimed Marks 0.312ms
[16.103s][info][gc,marking     ] GC(22) Concurrent Scan Root Regions
[16.104s][info][gc,marking     ] GC(22) Concurrent Scan Root Regions 1.226ms
[16.104s][info][gc,marking     ] GC(22) Concurrent Mark (16.104s)
[16.104s][info][gc,marking     ] GC(22) Concurrent Mark From Roots
[16.104s][info][gc,task        ] GC(22) Using 1 workers of 1 for marking
[16.251s][info][gc,marking     ] GC(22) Concurrent Mark From Roots 147.425ms
[16.251s][info][gc,marking     ] GC(22) Concurrent Preclean
[16.252s][info][gc,marking     ] GC(22) Concurrent Preclean 0.177ms
[16.252s][info][gc,marking     ] GC(22) Concurrent Mark (16.104s, 16.252s) 147.744ms
[16.260s][info][gc,start       ] GC(22) Pause Remark
[16.296s][info][gc,stringtable ] GC(22) Cleaned string and symbol table, strings: 22327 processed, 0 removed, symbols: 139590 processed, 0 removed
[16.296s][info][gc             ] GC(22) Pause Remark 51M->51M(127M) 36.600ms
[16.296s][info][gc,cpu         ] GC(22) User=0.04s Sys=0.00s Real=0.03s
[16.296s][info][gc,marking     ] GC(22) Concurrent Rebuild Remembered Sets
[16.363s][info][gc,marking     ] GC(22) Concurrent Rebuild Remembered Sets 66.915ms
[16.369s][info][gc,start       ] GC(22) Pause Cleanup
[16.369s][info][gc             ] GC(22) Pause Cleanup 55M->55M(127M) 0.103ms
[16.369s][info][gc,cpu         ] GC(22) User=0.00s Sys=0.00s Real=0.00s
[16.369s][info][gc,marking     ] GC(22) Concurrent Cleanup for Next Mark
[16.369s][info][gc,marking     ] GC(22) Concurrent Cleanup for Next Mark 0.165ms
[16.369s][info][gc             ] GC(22) Concurrent Cycle 267.056ms
[16.990s][info][gc,start       ] GC(23) Pause Young (Normal) (G1 Evacuation Pause)
[16.990s][info][gc,task        ] GC(23) Using 1 workers of 1 for evacuation
[17.011s][info][gc,phases      ] GC(23)   Pre Evacuate Collection Set: 0.0ms
[17.011s][info][gc,phases      ] GC(23)   Evacuate Collection Set: 17.2ms
[17.011s][info][gc,phases      ] GC(23)   Post Evacuate Collection Set: 3.2ms
[17.011s][info][gc,phases      ] GC(23)   Other: 0.8ms
[17.011s][info][gc,heap        ] GC(23) Eden regions: 55->0(56)
[17.011s][info][gc,heap        ] GC(23) Survivor regions: 3->4(8)
[17.011s][info][gc,heap        ] GC(23) Old regions: 32->32
[17.011s][info][gc,heap        ] GC(23) Humongous regions: 16->6
[17.011s][info][gc,metaspace   ] GC(23) Metaspace: 66399K->66399K(1107968K)
[17.011s][info][gc             ] GC(23) Pause Young (Normal) (G1 Evacuation Pause) 103M->39M(127M) 21.238ms
[17.011s][info][gc,cpu         ] GC(23) User=0.02s Sys=0.00s Real=0.02s
[17.552s][info][gc,start       ] GC(24) Pause Young (Normal) (G1 Evacuation Pause)
[17.552s][info][gc,task        ] GC(24) Using 1 workers of 1 for evacuation
[17.559s][info][gc,phases      ] GC(24)   Pre Evacuate Collection Set: 0.0ms
[17.559s][info][gc,phases      ] GC(24)   Evacuate Collection Set: 4.9ms
[17.559s][info][gc,phases      ] GC(24)   Post Evacuate Collection Set: 1.6ms
[17.559s][info][gc,phases      ] GC(24)   Other: 0.4ms
[17.559s][info][gc,heap        ] GC(24) Eden regions: 56->0(58)
[17.559s][info][gc,heap        ] GC(24) Survivor regions: 4->4(8)
[17.559s][info][gc,heap        ] GC(24) Old regions: 32->32
[17.559s][info][gc,heap        ] GC(24) Humongous regions: 11->6
[17.559s][info][gc,metaspace   ] GC(24) Metaspace: 68880K->68880K(1112064K)
[17.559s][info][gc             ] GC(24) Pause Young (Normal) (G1 Evacuation Pause) 100M->39M(127M) 7.014ms
[17.559s][info][gc,cpu         ] GC(24) User=0.01s Sys=0.00s Real=0.01s
[17.775s][info][gc,start       ] GC(25) Pause Young (Normal) (G1 Evacuation Pause)
[17.776s][info][gc,task        ] GC(25) Using 1 workers of 1 for evacuation
[17.783s][info][gc,phases      ] GC(25)   Pre Evacuate Collection Set: 0.0ms
[17.783s][info][gc,phases      ] GC(25)   Evacuate Collection Set: 4.7ms
[17.783s][info][gc,phases      ] GC(25)   Post Evacuate Collection Set: 2.5ms
[17.783s][info][gc,phases      ] GC(25)   Other: 0.7ms
[17.783s][info][gc,heap        ] GC(25) Eden regions: 58->0(59)
[17.783s][info][gc,heap        ] GC(25) Survivor regions: 4->4(8)
[17.783s][info][gc,heap        ] GC(25) Old regions: 32->32
[17.783s][info][gc,heap        ] GC(25) Humongous regions: 6->6
[17.783s][info][gc,metaspace   ] GC(25) Metaspace: 68888K->68888K(1112064K)
[17.783s][info][gc             ] GC(25) Pause Young (Normal) (G1 Evacuation Pause) 97M->39M(127M) 7.979ms
[17.783s][info][gc,cpu         ] GC(25) User=0.00s Sys=0.00s Real=0.01s
[17.989s][info][gc,start       ] GC(26) Pause Young (Normal) (G1 Evacuation Pause)
[17.989s][info][gc,task        ] GC(26) Using 1 workers of 1 for evacuation
[17.995s][info][gc,phases      ] GC(26)   Pre Evacuate Collection Set: 0.0ms
[17.995s][info][gc,phases      ] GC(26)   Evacuate Collection Set: 5.1ms
[17.995s][info][gc,phases      ] GC(26)   Post Evacuate Collection Set: 0.4ms
[17.995s][info][gc,phases      ] GC(26)   Other: 0.3ms
[17.995s][info][gc,heap        ] GC(26) Eden regions: 59->0(61)
[17.995s][info][gc,heap        ] GC(26) Survivor regions: 4->4(8)
[17.995s][info][gc,heap        ] GC(26) Old regions: 32->32
[17.995s][info][gc,heap        ] GC(26) Humongous regions: 6->6
[17.995s][info][gc,metaspace   ] GC(26) Metaspace: 68901K->68901K(1112064K)
[17.995s][info][gc             ] GC(26) Pause Young (Normal) (G1 Evacuation Pause) 98M->39M(127M) 5.861ms
[17.995s][info][gc,cpu         ] GC(26) User=0.01s Sys=0.00s Real=0.00s
[18.215s][info][gc,start       ] GC(27) Pause Young (Normal) (G1 Evacuation Pause)
[18.215s][info][gc,task        ] GC(27) Using 1 workers of 1 for evacuation
[18.221s][info][gc,phases      ] GC(27)   Pre Evacuate Collection Set: 0.0ms
[18.221s][info][gc,phases      ] GC(27)   Evacuate Collection Set: 5.6ms
[18.221s][info][gc,phases      ] GC(27)   Post Evacuate Collection Set: 0.3ms
[18.221s][info][gc,phases      ] GC(27)   Other: 0.3ms
[18.221s][info][gc,heap        ] GC(27) Eden regions: 61->0(62)
[18.221s][info][gc,heap        ] GC(27) Survivor regions: 4->4(9)
[18.221s][info][gc,heap        ] GC(27) Old regions: 32->32
[18.221s][info][gc,heap        ] GC(27) Humongous regions: 6->6
[18.221s][info][gc,metaspace   ] GC(27) Metaspace: 68901K->68901K(1112064K)
[18.221s][info][gc             ] GC(27) Pause Young (Normal) (G1 Evacuation Pause) 100M->39M(127M) 6.211ms
[18.221s][info][gc,cpu         ] GC(27) User=0.00s Sys=0.00s Real=0.01s
[18.403s][info][gc,start       ] GC(28) Pause Young (Normal) (G1 Evacuation Pause)
[18.403s][info][gc,task        ] GC(28) Using 1 workers of 1 for evacuation
[18.409s][info][gc,phases      ] GC(28)   Pre Evacuate Collection Set: 0.0ms
[18.409s][info][gc,phases      ] GC(28)   Evacuate Collection Set: 4.7ms
[18.409s][info][gc,phases      ] GC(28)   Post Evacuate Collection Set: 0.3ms
[18.409s][info][gc,phases      ] GC(28)   Other: 0.2ms
[18.409s][info][gc,heap        ] GC(28) Eden regions: 62->0(63)
[18.409s][info][gc,heap        ] GC(28) Survivor regions: 4->4(9)
[18.409s][info][gc,heap        ] GC(28) Old regions: 32->32
[18.409s][info][gc,heap        ] GC(28) Humongous regions: 6->6
[18.409s][info][gc,metaspace   ] GC(28) Metaspace: 68901K->68901K(1112064K)
[18.409s][info][gc             ] GC(28) Pause Young (Normal) (G1 Evacuation Pause) 101M->39M(127M) 5.317ms
[18.409s][info][gc,cpu         ] GC(28) User=0.00s Sys=0.00s Real=0.01s
[18.542s][info][gc,start       ] GC(29) Pause Young (Normal) (G1 Evacuation Pause)
[18.542s][info][gc,task        ] GC(29) Using 1 workers of 1 for evacuation
[18.547s][info][gc,phases      ] GC(29)   Pre Evacuate Collection Set: 0.0ms
[18.547s][info][gc,phases      ] GC(29)   Evacuate Collection Set: 4.7ms
[18.547s][info][gc,phases      ] GC(29)   Post Evacuate Collection Set: 0.4ms
[18.547s][info][gc,phases      ] GC(29)   Other: 0.3ms
[18.547s][info][gc,heap        ] GC(29) Eden regions: 63->0(65)
[18.547s][info][gc,heap        ] GC(29) Survivor regions: 4->4(9)
[18.547s][info][gc,heap        ] GC(29) Old regions: 32->32
[18.547s][info][gc,heap        ] GC(29) Humongous regions: 6->6
[18.547s][info][gc,metaspace   ] GC(29) Metaspace: 68901K->68901K(1112064K)
[18.547s][info][gc             ] GC(29) Pause Young (Normal) (G1 Evacuation Pause) 102M->39M(127M) 5.479ms
[18.547s][info][gc,cpu         ] GC(29) User=0.01s Sys=0.00s Real=0.01s
[18.718s][info][gc,start       ] GC(30) Pause Young (Normal) (G1 Evacuation Pause)
[18.719s][info][gc,task        ] GC(30) Using 1 workers of 1 for evacuation
[18.724s][info][gc,phases      ] GC(30)   Pre Evacuate Collection Set: 0.0ms
[18.724s][info][gc,phases      ] GC(30)   Evacuate Collection Set: 4.5ms
[18.724s][info][gc,phases      ] GC(30)   Post Evacuate Collection Set: 0.3ms
[18.724s][info][gc,phases      ] GC(30)   Other: 0.2ms
[18.724s][info][gc,heap        ] GC(30) Eden regions: 65->0(65)
[18.724s][info][gc,heap        ] GC(30) Survivor regions: 4->4(9)
[18.724s][info][gc,heap        ] GC(30) Old regions: 32->32
[18.724s][info][gc,heap        ] GC(30) Humongous regions: 6->6
[18.724s][info][gc,metaspace   ] GC(30) Metaspace: 68901K->68901K(1112064K)
[18.724s][info][gc             ] GC(30) Pause Young (Normal) (G1 Evacuation Pause) 104M->39M(127M) 5.126ms
[18.724s][info][gc,cpu         ] GC(30) User=0.00s Sys=0.00s Real=0.00s
[18.851s][info][gc,start       ] GC(31) Pause Young (Normal) (G1 Evacuation Pause)
[18.851s][info][gc,task        ] GC(31) Using 1 workers of 1 for evacuation
[18.856s][info][gc,phases      ] GC(31)   Pre Evacuate Collection Set: 0.0ms
[18.856s][info][gc,phases      ] GC(31)   Evacuate Collection Set: 4.5ms
[18.856s][info][gc,phases      ] GC(31)   Post Evacuate Collection Set: 0.4ms
[18.856s][info][gc,phases      ] GC(31)   Other: 0.4ms
[18.856s][info][gc,heap        ] GC(31) Eden regions: 65->0(81)
[18.856s][info][gc,heap        ] GC(31) Survivor regions: 4->4(9)
[18.856s][info][gc,heap        ] GC(31) Old regions: 32->32
[18.856s][info][gc,heap        ] GC(31) Humongous regions: 6->6
[18.856s][info][gc,metaspace   ] GC(31) Metaspace: 68901K->68901K(1112064K)
[18.856s][info][gc             ] GC(31) Pause Young (Normal) (G1 Evacuation Pause) 104M->39M(153M) 5.361ms
[18.856s][info][gc,cpu         ] GC(31) User=0.01s Sys=0.00s Real=0.00s
[19.009s][info][gc,start       ] GC(32) Pause Young (Normal) (G1 Evacuation Pause)
[19.009s][info][gc,task        ] GC(32) Using 1 workers of 1 for evacuation
[19.014s][info][gc,phases      ] GC(32)   Pre Evacuate Collection Set: 0.0ms
[19.014s][info][gc,phases      ] GC(32)   Evacuate Collection Set: 4.7ms
[19.014s][info][gc,phases      ] GC(32)   Post Evacuate Collection Set: 0.3ms
[19.014s][info][gc,phases      ] GC(32)   Other: 0.3ms
[19.014s][info][gc,heap        ] GC(32) Eden regions: 81->0(84)
[19.014s][info][gc,heap        ] GC(32) Survivor regions: 4->4(11)
[19.014s][info][gc,heap        ] GC(32) Old regions: 32->32
[19.014s][info][gc,heap        ] GC(32) Humongous regions: 6->6
[19.014s][info][gc,metaspace   ] GC(32) Metaspace: 68901K->68901K(1112064K)
[19.014s][info][gc             ] GC(32) Pause Young (Normal) (G1 Evacuation Pause) 120M->39M(153M) 5.326ms
[19.014s][info][gc,cpu         ] GC(32) User=0.00s Sys=0.00s Real=0.00s
[19.180s][info][gc,start       ] GC(33) Pause Young (Normal) (G1 Evacuation Pause)
[19.180s][info][gc,task        ] GC(33) Using 1 workers of 1 for evacuation
[19.185s][info][gc,phases      ] GC(33)   Pre Evacuate Collection Set: 0.0ms
[19.185s][info][gc,phases      ] GC(33)   Evacuate Collection Set: 4.7ms
[19.185s][info][gc,phases      ] GC(33)   Post Evacuate Collection Set: 0.3ms
[19.185s][info][gc,phases      ] GC(33)   Other: 0.3ms
[19.185s][info][gc,heap        ] GC(33) Eden regions: 84->0(85)
[19.185s][info][gc,heap        ] GC(33) Survivor regions: 4->4(11)
[19.185s][info][gc,heap        ] GC(33) Old regions: 32->32
[19.185s][info][gc,heap        ] GC(33) Humongous regions: 6->6
[19.185s][info][gc,metaspace   ] GC(33) Metaspace: 68901K->68901K(1112064K)
[19.185s][info][gc             ] GC(33) Pause Young (Normal) (G1 Evacuation Pause) 123M->39M(153M) 5.330ms
[19.186s][info][gc,cpu         ] GC(33) User=0.00s Sys=0.00s Real=0.00s
[19.306s][info][gc,start       ] GC(34) Pause Young (Normal) (G1 Evacuation Pause)
[19.306s][info][gc,task        ] GC(34) Using 1 workers of 1 for evacuation
[19.311s][info][gc,phases      ] GC(34)   Pre Evacuate Collection Set: 0.0ms
[19.311s][info][gc,phases      ] GC(34)   Evacuate Collection Set: 4.6ms
[19.311s][info][gc,phases      ] GC(34)   Post Evacuate Collection Set: 0.3ms
[19.311s][info][gc,phases      ] GC(34)   Other: 0.3ms
[19.311s][info][gc,heap        ] GC(34) Eden regions: 85->0(86)
[19.311s][info][gc,heap        ] GC(34) Survivor regions: 4->4(12)
[19.311s][info][gc,heap        ] GC(34) Old regions: 32->32
[19.311s][info][gc,heap        ] GC(34) Humongous regions: 6->6
[19.311s][info][gc,metaspace   ] GC(34) Metaspace: 68901K->68901K(1112064K)
[19.311s][info][gc             ] GC(34) Pause Young (Normal) (G1 Evacuation Pause) 124M->39M(153M) 5.316ms
[19.311s][info][gc,cpu         ] GC(34) User=0.00s Sys=0.00s Real=0.01s
[19.420s][info][gc,start       ] GC(35) Pause Young (Normal) (G1 Evacuation Pause)
[19.420s][info][gc,task        ] GC(35) Using 1 workers of 1 for evacuation
[19.425s][info][gc,phases      ] GC(35)   Pre Evacuate Collection Set: 0.0ms
[19.425s][info][gc,phases      ] GC(35)   Evacuate Collection Set: 4.7ms
[19.425s][info][gc,phases      ] GC(35)   Post Evacuate Collection Set: 0.3ms
[19.425s][info][gc,phases      ] GC(35)   Other: 0.2ms
[19.425s][info][gc,heap        ] GC(35) Eden regions: 86->0(86)
[19.425s][info][gc,heap        ] GC(35) Survivor regions: 4->4(12)
[19.425s][info][gc,heap        ] GC(35) Old regions: 32->32
[19.425s][info][gc,heap        ] GC(35) Humongous regions: 6->6
[19.425s][info][gc,metaspace   ] GC(35) Metaspace: 68901K->68901K(1112064K)
[19.425s][info][gc             ] GC(35) Pause Young (Normal) (G1 Evacuation Pause) 125M->39M(153M) 5.248ms
[19.425s][info][gc,cpu         ] GC(35) User=0.01s Sys=0.00s Real=0.00s
[19.535s][info][gc,start       ] GC(36) Pause Young (Normal) (G1 Evacuation Pause)
[19.535s][info][gc,task        ] GC(36) Using 1 workers of 1 for evacuation
[19.543s][info][gc,phases      ] GC(36)   Pre Evacuate Collection Set: 0.0ms
[19.543s][info][gc,phases      ] GC(36)   Evacuate Collection Set: 7.7ms
[19.543s][info][gc,phases      ] GC(36)   Post Evacuate Collection Set: 0.3ms
[19.543s][info][gc,phases      ] GC(36)   Other: 0.2ms
[19.543s][info][gc,heap        ] GC(36) Eden regions: 86->0(87)
[19.543s][info][gc,heap        ] GC(36) Survivor regions: 4->2(12)
[19.543s][info][gc,heap        ] GC(36) Old regions: 32->34
[19.543s][info][gc,heap        ] GC(36) Humongous regions: 6->6
[19.543s][info][gc,metaspace   ] GC(36) Metaspace: 68901K->68901K(1112064K)
[19.543s][info][gc             ] GC(36) Pause Young (Normal) (G1 Evacuation Pause) 125M->39M(153M) 8.274ms
[19.543s][info][gc,cpu         ] GC(36) User=0.01s Sys=0.00s Real=0.01s
[19.648s][info][gc,start       ] GC(37) Pause Young (Normal) (G1 Evacuation Pause)
[19.648s][info][gc,task        ] GC(37) Using 1 workers of 1 for evacuation
[19.652s][info][gc,phases      ] GC(37)   Pre Evacuate Collection Set: 0.0ms
[19.652s][info][gc,phases      ] GC(37)   Evacuate Collection Set: 3.6ms
[19.652s][info][gc,phases      ] GC(37)   Post Evacuate Collection Set: 0.4ms
[19.652s][info][gc,phases      ] GC(37)   Other: 0.2ms
[19.652s][info][gc,heap        ] GC(37) Eden regions: 87->0(95)
[19.652s][info][gc,heap        ] GC(37) Survivor regions: 2->2(12)
[19.652s][info][gc,heap        ] GC(37) Old regions: 34->35
[19.652s][info][gc,heap        ] GC(37) Humongous regions: 6->6
[19.652s][info][gc,metaspace   ] GC(37) Metaspace: 68901K->68901K(1112064K)
[19.652s][info][gc             ] GC(37) Pause Young (Normal) (G1 Evacuation Pause) 126M->39M(184M) 4.308ms
[19.652s][info][gc,cpu         ] GC(37) User=0.00s Sys=0.00s Real=0.00s
[19.738s][info][gc,start       ] GC(38) Pause Young (Normal) (G1 Evacuation Pause)
[19.738s][info][gc,task        ] GC(38) Using 1 workers of 1 for evacuation
[19.742s][info][gc,phases      ] GC(38)   Pre Evacuate Collection Set: 0.0ms
[19.742s][info][gc,phases      ] GC(38)   Evacuate Collection Set: 3.3ms
[19.742s][info][gc,phases      ] GC(38)   Post Evacuate Collection Set: 0.3ms
[19.742s][info][gc,phases      ] GC(38)   Other: 0.3ms
[19.742s][info][gc,heap        ] GC(38) Eden regions: 95->0(106)
[19.742s][info][gc,heap        ] GC(38) Survivor regions: 2->1(13)
[19.742s][info][gc,heap        ] GC(38) Old regions: 35->36
[19.742s][info][gc,heap        ] GC(38) Humongous regions: 6->6
[19.742s][info][gc,metaspace   ] GC(38) Metaspace: 68901K->68901K(1112064K)
[19.742s][info][gc             ] GC(38) Pause Young (Normal) (G1 Evacuation Pause) 134M->39M(184M) 4.001ms
[19.742s][info][gc,cpu         ] GC(38) User=0.01s Sys=0.00s Real=0.01s
[19.809s][info][gc,start       ] GC(39) Pause Young (Normal) (G1 Evacuation Pause)
[19.809s][info][gc,task        ] GC(39) Using 1 workers of 1 for evacuation
[19.812s][info][gc,phases      ] GC(39)   Pre Evacuate Collection Set: 0.0ms
[19.812s][info][gc,phases      ] GC(39)   Evacuate Collection Set: 2.5ms
[19.812s][info][gc,phases      ] GC(39)   Post Evacuate Collection Set: 0.3ms
[19.812s][info][gc,phases      ] GC(39)   Other: 0.2ms
[19.812s][info][gc,heap        ] GC(39) Eden regions: 106->0(109)
[19.812s][info][gc,heap        ] GC(39) Survivor regions: 1->1(14)
[19.812s][info][gc,heap        ] GC(39) Old regions: 36->36
[19.812s][info][gc,heap        ] GC(39) Humongous regions: 6->6
[19.812s][info][gc,metaspace   ] GC(39) Metaspace: 68901K->68901K(1112064K)
[19.812s][info][gc             ] GC(39) Pause Young (Normal) (G1 Evacuation Pause) 145M->39M(184M) 3.034ms
[19.812s][info][gc,cpu         ] GC(39) User=0.01s Sys=0.00s Real=0.00s
[19.875s][info][gc,start       ] GC(40) Pause Young (Normal) (G1 Evacuation Pause)
[19.875s][info][gc,task        ] GC(40) Using 1 workers of 1 for evacuation
[19.877s][info][gc,phases      ] GC(40)   Pre Evacuate Collection Set: 0.0ms
[19.877s][info][gc,phases      ] GC(40)   Evacuate Collection Set: 1.7ms
[19.877s][info][gc,phases      ] GC(40)   Post Evacuate Collection Set: 0.2ms
[19.877s][info][gc,phases      ] GC(40)   Other: 0.2ms
[19.877s][info][gc,heap        ] GC(40) Eden regions: 109->0(109)
[19.877s][info][gc,heap        ] GC(40) Survivor regions: 1->1(14)
[19.877s][info][gc,heap        ] GC(40) Old regions: 36->36
[19.877s][info][gc,heap        ] GC(40) Humongous regions: 6->6
[19.877s][info][gc,metaspace   ] GC(40) Metaspace: 68901K->68901K(1112064K)
[19.877s][info][gc             ] GC(40) Pause Young (Normal) (G1 Evacuation Pause) 148M->39M(184M) 2.235ms
[19.877s][info][gc,cpu         ] GC(40) User=0.00s Sys=0.00s Real=0.00s
[19.939s][info][gc,start       ] GC(41) Pause Young (Normal) (G1 Evacuation Pause)
[19.939s][info][gc,task        ] GC(41) Using 1 workers of 1 for evacuation
[19.941s][info][gc,phases      ] GC(41)   Pre Evacuate Collection Set: 0.0ms
[19.941s][info][gc,phases      ] GC(41)   Evacuate Collection Set: 1.8ms
[19.941s][info][gc,phases      ] GC(41)   Post Evacuate Collection Set: 0.2ms
[19.941s][info][gc,phases      ] GC(41)   Other: 0.2ms
[19.941s][info][gc,heap        ] GC(41) Eden regions: 109->0(109)
[19.941s][info][gc,heap        ] GC(41) Survivor regions: 1->1(14)
[19.941s][info][gc,heap        ] GC(41) Old regions: 36->36
[19.941s][info][gc,heap        ] GC(41) Humongous regions: 6->6
[19.941s][info][gc,metaspace   ] GC(41) Metaspace: 68906K->68906K(1112064K)
[19.941s][info][gc             ] GC(41) Pause Young (Normal) (G1 Evacuation Pause) 148M->39M(184M) 2.300ms
[19.941s][info][gc,cpu         ] GC(41) User=0.00s Sys=0.00s Real=0.00s
[20.547s][info][gc,start       ] GC(42) Pause Young (Normal) (G1 Evacuation Pause)
[20.547s][info][gc,task        ] GC(42) Using 1 workers of 1 for evacuation
[20.554s][info][gc,phases      ] GC(42)   Pre Evacuate Collection Set: 0.0ms
[20.554s][info][gc,phases      ] GC(42)   Evacuate Collection Set: 6.7ms
[20.554s][info][gc,phases      ] GC(42)   Post Evacuate Collection Set: 0.4ms
[20.554s][info][gc,phases      ] GC(42)   Other: 0.4ms
[20.554s][info][gc,heap        ] GC(42) Eden regions: 109->0(109)
[20.554s][info][gc,heap        ] GC(42) Survivor regions: 1->1(14)
[20.554s][info][gc,heap        ] GC(42) Old regions: 36->36
[20.554s][info][gc,heap        ] GC(42) Humongous regions: 21->6
[20.554s][info][gc,metaspace   ] GC(42) Metaspace: 69172K->69172K(1112064K)
[20.554s][info][gc             ] GC(42) Pause Young (Normal) (G1 Evacuation Pause) 163M->40M(184M) 7.622ms
[20.554s][info][gc,cpu         ] GC(42) User=0.00s Sys=0.00s Real=0.00s
[21.271s][info][gc,start       ] GC(43) Pause Young (Normal) (G1 Evacuation Pause)
[21.271s][info][gc,task        ] GC(43) Using 1 workers of 1 for evacuation
[21.274s][info][gc,phases      ] GC(43)   Pre Evacuate Collection Set: 0.0ms
[21.274s][info][gc,phases      ] GC(43)   Evacuate Collection Set: 2.9ms
[21.274s][info][gc,phases      ] GC(43)   Post Evacuate Collection Set: 0.3ms
[21.274s][info][gc,phases      ] GC(43)   Other: 0.4ms
[21.274s][info][gc,heap        ] GC(43) Eden regions: 109->0(108)
[21.274s][info][gc,heap        ] GC(43) Survivor regions: 1->2(14)
[21.274s][info][gc,heap        ] GC(43) Old regions: 36->36
[21.274s][info][gc,heap        ] GC(43) Humongous regions: 6->6
[21.274s][info][gc,metaspace   ] GC(43) Metaspace: 69356K->69356K(1112064K)
[21.274s][info][gc             ] GC(43) Pause Young (Normal) (G1 Evacuation Pause) 149M->40M(184M) 3.681ms
[21.274s][info][gc,cpu         ] GC(43) User=0.00s Sys=0.00s Real=0.00s
[21.790s][info][gc,start       ] GC(44) Pause Young (Normal) (G1 Evacuation Pause)
[21.791s][info][gc,task        ] GC(44) Using 1 workers of 1 for evacuation
[21.795s][info][gc,phases      ] GC(44)   Pre Evacuate Collection Set: 0.0ms
[21.795s][info][gc,phases      ] GC(44)   Evacuate Collection Set: 3.9ms
[21.795s][info][gc,phases      ] GC(44)   Post Evacuate Collection Set: 0.4ms
[21.795s][info][gc,phases      ] GC(44)   Other: 0.3ms
[21.795s][info][gc,heap        ] GC(44) Eden regions: 108->0(108)
[21.795s][info][gc,heap        ] GC(44) Survivor regions: 2->2(14)
[21.795s][info][gc,heap        ] GC(44) Old regions: 36->36
[21.795s][info][gc,heap        ] GC(44) Humongous regions: 16->6
[21.795s][info][gc,metaspace   ] GC(44) Metaspace: 69597K->69597K(1112064K)
[21.795s][info][gc             ] GC(44) Pause Young (Normal) (G1 Evacuation Pause) 158M->41M(184M) 4.701ms
[21.795s][info][gc,cpu         ] GC(44) User=0.01s Sys=0.00s Real=0.00s
[21.941s][info][gc,start       ] GC(45) Pause Young (Normal) (G1 Evacuation Pause)
[21.941s][info][gc,task        ] GC(45) Using 1 workers of 1 for evacuation
[21.945s][info][gc,phases      ] GC(45)   Pre Evacuate Collection Set: 0.0ms
[21.945s][info][gc,phases      ] GC(45)   Evacuate Collection Set: 3.9ms
[21.945s][info][gc,phases      ] GC(45)   Post Evacuate Collection Set: 0.3ms
[21.945s][info][gc,phases      ] GC(45)   Other: 0.3ms
[21.945s][info][gc,heap        ] GC(45) Eden regions: 108->0(108)
[21.945s][info][gc,heap        ] GC(45) Survivor regions: 2->2(14)
[21.945s][info][gc,heap        ] GC(45) Old regions: 36->36
[21.945s][info][gc,heap        ] GC(45) Humongous regions: 6->6
[21.945s][info][gc,metaspace   ] GC(45) Metaspace: 69601K->69601K(1112064K)
[21.945s][info][gc             ] GC(45) Pause Young (Normal) (G1 Evacuation Pause) 149M->41M(184M) 4.459ms
[21.945s][info][gc,cpu         ] GC(45) User=0.01s Sys=0.00s Real=0.00s
[22.055s][info][gc,start       ] GC(46) Pause Young (Normal) (G1 Evacuation Pause)
[22.055s][info][gc,task        ] GC(46) Using 1 workers of 1 for evacuation
[22.060s][info][gc,phases      ] GC(46)   Pre Evacuate Collection Set: 0.0ms
[22.060s][info][gc,phases      ] GC(46)   Evacuate Collection Set: 4.0ms
[22.060s][info][gc,phases      ] GC(46)   Post Evacuate Collection Set: 0.3ms
[22.060s][info][gc,phases      ] GC(46)   Other: 0.3ms
[22.060s][info][gc,heap        ] GC(46) Eden regions: 108->0(108)
[22.060s][info][gc,heap        ] GC(46) Survivor regions: 2->2(14)
[22.060s][info][gc,heap        ] GC(46) Old regions: 36->36
[22.060s][info][gc,heap        ] GC(46) Humongous regions: 6->6
[22.060s][info][gc,metaspace   ] GC(46) Metaspace: 69601K->69601K(1112064K)
[22.060s][info][gc             ] GC(46) Pause Young (Normal) (G1 Evacuation Pause) 149M->40M(184M) 4.559ms
[22.060s][info][gc,cpu         ] GC(46) User=0.00s Sys=0.00s Real=0.01s
[22.200s][info][gc,start       ] GC(47) Pause Young (Normal) (G1 Evacuation Pause)
[22.200s][info][gc,task        ] GC(47) Using 1 workers of 1 for evacuation
[22.205s][info][gc,phases      ] GC(47)   Pre Evacuate Collection Set: 0.0ms
[22.205s][info][gc,phases      ] GC(47)   Evacuate Collection Set: 3.9ms
[22.205s][info][gc,phases      ] GC(47)   Post Evacuate Collection Set: 0.3ms
[22.205s][info][gc,phases      ] GC(47)   Other: 0.3ms
[22.205s][info][gc,heap        ] GC(47) Eden regions: 108->0(108)
[22.205s][info][gc,heap        ] GC(47) Survivor regions: 2->2(14)
[22.205s][info][gc,heap        ] GC(47) Old regions: 36->36
[22.205s][info][gc,heap        ] GC(47) Humongous regions: 6->6
[22.205s][info][gc,metaspace   ] GC(47) Metaspace: 69601K->69601K(1112064K)
[22.205s][info][gc             ] GC(47) Pause Young (Normal) (G1 Evacuation Pause) 148M->40M(184M) 4.615ms
[22.205s][info][gc,cpu         ] GC(47) User=0.01s Sys=0.00s Real=0.00s
[22.319s][info][gc,start       ] GC(48) Pause Young (Normal) (G1 Evacuation Pause)
[22.319s][info][gc,task        ] GC(48) Using 1 workers of 1 for evacuation
[22.323s][info][gc,phases      ] GC(48)   Pre Evacuate Collection Set: 0.0ms
[22.323s][info][gc,phases      ] GC(48)   Evacuate Collection Set: 3.8ms
[22.323s][info][gc,phases      ] GC(48)   Post Evacuate Collection Set: 0.3ms
[22.323s][info][gc,phases      ] GC(48)   Other: 0.2ms
[22.323s][info][gc,heap        ] GC(48) Eden regions: 108->0(108)
[22.323s][info][gc,heap        ] GC(48) Survivor regions: 2->2(14)
[22.323s][info][gc,heap        ] GC(48) Old regions: 36->36
[22.323s][info][gc,heap        ] GC(48) Humongous regions: 6->6
[22.323s][info][gc,metaspace   ] GC(48) Metaspace: 69601K->69601K(1112064K)
[22.323s][info][gc             ] GC(48) Pause Young (Normal) (G1 Evacuation Pause) 148M->40M(184M) 4.394ms
[22.323s][info][gc,cpu         ] GC(48) User=0.01s Sys=0.00s Real=0.00s
[22.378s][info][gc,start       ] GC(49) Pause Young (Normal) (G1 Evacuation Pause)
[22.378s][info][gc,task        ] GC(49) Using 1 workers of 1 for evacuation
[22.382s][info][gc,phases      ] GC(49)   Pre Evacuate Collection Set: 0.0ms
[22.382s][info][gc,phases      ] GC(49)   Evacuate Collection Set: 3.5ms
[22.382s][info][gc,phases      ] GC(49)   Post Evacuate Collection Set: 0.3ms
[22.382s][info][gc,phases      ] GC(49)   Other: 0.2ms
[22.382s][info][gc,heap        ] GC(49) Eden regions: 108->0(108)
[22.382s][info][gc,heap        ] GC(49) Survivor regions: 2->2(14)
[22.382s][info][gc,heap        ] GC(49) Old regions: 36->36
[22.382s][info][gc,heap        ] GC(49) Humongous regions: 6->6
[22.382s][info][gc,metaspace   ] GC(49) Metaspace: 69601K->69601K(1112064K)
[22.382s][info][gc             ] GC(49) Pause Young (Normal) (G1 Evacuation Pause) 148M->40M(184M) 4.063ms
[22.382s][info][gc,cpu         ] GC(49) User=0.00s Sys=0.00s Real=0.01s
[22.437s][info][gc,start       ] GC(50) Pause Young (Normal) (G1 Evacuation Pause)
[22.437s][info][gc,task        ] GC(50) Using 1 workers of 1 for evacuation
[22.441s][info][gc,phases      ] GC(50)   Pre Evacuate Collection Set: 0.0ms
[22.441s][info][gc,phases      ] GC(50)   Evacuate Collection Set: 3.5ms
[22.441s][info][gc,phases      ] GC(50)   Post Evacuate Collection Set: 0.3ms
[22.441s][info][gc,phases      ] GC(50)   Other: 0.2ms
[22.441s][info][gc,heap        ] GC(50) Eden regions: 108->0(108)
[22.441s][info][gc,heap        ] GC(50) Survivor regions: 2->2(14)
[22.441s][info][gc,heap        ] GC(50) Old regions: 36->36
[22.441s][info][gc,heap        ] GC(50) Humongous regions: 6->6
[22.441s][info][gc,metaspace   ] GC(50) Metaspace: 69601K->69601K(1112064K)
[22.442s][info][gc             ] GC(50) Pause Young (Normal) (G1 Evacuation Pause) 148M->40M(184M) 4.082ms
[22.442s][info][gc,cpu         ] GC(50) User=0.00s Sys=0.00s Real=0.01s
[22.523s][info][gc,start       ] GC(51) Pause Young (Normal) (G1 Evacuation Pause)
[22.523s][info][gc,task        ] GC(51) Using 1 workers of 1 for evacuation
[22.533s][info][gc,phases      ] GC(51)   Pre Evacuate Collection Set: 0.0ms
[22.533s][info][gc,phases      ] GC(51)   Evacuate Collection Set: 9.1ms
[22.533s][info][gc,phases      ] GC(51)   Post Evacuate Collection Set: 0.5ms
[22.533s][info][gc,phases      ] GC(51)   Other: 0.4ms
[22.533s][info][gc,heap        ] GC(51) Eden regions: 108->0(108)
[22.533s][info][gc,heap        ] GC(51) Survivor regions: 2->2(14)
[22.533s][info][gc,heap        ] GC(51) Old regions: 36->36
[22.533s][info][gc,heap        ] GC(51) Humongous regions: 6->6
[22.533s][info][gc,metaspace   ] GC(51) Metaspace: 69601K->69601K(1112064K)
[22.533s][info][gc             ] GC(51) Pause Young (Normal) (G1 Evacuation Pause) 148M->41M(184M) 10.120ms
[22.533s][info][gc,cpu         ] GC(51) User=0.01s Sys=0.00s Real=0.01s
[22.622s][info][gc,start       ] GC(52) Pause Young (Normal) (G1 Evacuation Pause)
[22.622s][info][gc,task        ] GC(52) Using 1 workers of 1 for evacuation
[22.626s][info][gc,phases      ] GC(52)   Pre Evacuate Collection Set: 0.0ms
[22.626s][info][gc,phases      ] GC(52)   Evacuate Collection Set: 3.7ms
[22.626s][info][gc,phases      ] GC(52)   Post Evacuate Collection Set: 0.3ms
[22.626s][info][gc,phases      ] GC(52)   Other: 0.2ms
[22.626s][info][gc,heap        ] GC(52) Eden regions: 108->0(108)
[22.626s][info][gc,heap        ] GC(52) Survivor regions: 2->2(14)
[22.626s][info][gc,heap        ] GC(52) Old regions: 36->36
[22.626s][info][gc,heap        ] GC(52) Humongous regions: 6->6
[22.626s][info][gc,metaspace   ] GC(52) Metaspace: 69601K->69601K(1112064K)
[22.626s][info][gc             ] GC(52) Pause Young (Normal) (G1 Evacuation Pause) 149M->41M(184M) 4.235ms
[22.626s][info][gc,cpu         ] GC(52) User=0.01s Sys=0.00s Real=0.00s
[22.724s][info][gc,start       ] GC(53) Pause Young (Normal) (G1 Evacuation Pause)
[22.724s][info][gc,task        ] GC(53) Using 1 workers of 1 for evacuation
[22.732s][info][gc,phases      ] GC(53)   Pre Evacuate Collection Set: 0.0ms
[22.732s][info][gc,phases      ] GC(53)   Evacuate Collection Set: 6.6ms
[22.732s][info][gc,phases      ] GC(53)   Post Evacuate Collection Set: 0.5ms
[22.732s][info][gc,phases      ] GC(53)   Other: 0.3ms
[22.732s][info][gc,heap        ] GC(53) Eden regions: 108->0(108)
[22.732s][info][gc,heap        ] GC(53) Survivor regions: 2->2(14)
[22.732s][info][gc,heap        ] GC(53) Old regions: 36->36
[22.732s][info][gc,heap        ] GC(53) Humongous regions: 6->6
[22.732s][info][gc,metaspace   ] GC(53) Metaspace: 69601K->69601K(1112064K)
[22.732s][info][gc             ] GC(53) Pause Young (Normal) (G1 Evacuation Pause) 149M->41M(184M) 7.477ms
[22.732s][info][gc,cpu         ] GC(53) User=0.01s Sys=0.00s Real=0.01s
[22.805s][info][gc,start       ] GC(54) Pause Young (Normal) (G1 Evacuation Pause)
[22.805s][info][gc,task        ] GC(54) Using 1 workers of 1 for evacuation
[22.811s][info][gc,phases      ] GC(54)   Pre Evacuate Collection Set: 0.0ms
[22.811s][info][gc,phases      ] GC(54)   Evacuate Collection Set: 5.3ms
[22.811s][info][gc,phases      ] GC(54)   Post Evacuate Collection Set: 0.4ms
[22.811s][info][gc,phases      ] GC(54)   Other: 0.7ms
[22.811s][info][gc,heap        ] GC(54) Eden regions: 108->0(108)
[22.811s][info][gc,heap        ] GC(54) Survivor regions: 2->2(14)
[22.811s][info][gc,heap        ] GC(54) Old regions: 36->36
[22.811s][info][gc,heap        ] GC(54) Humongous regions: 6->6
[22.811s][info][gc,metaspace   ] GC(54) Metaspace: 69601K->69601K(1112064K)
[22.811s][info][gc             ] GC(54) Pause Young (Normal) (G1 Evacuation Pause) 149M->41M(184M) 6.476ms
[22.812s][info][gc,cpu         ] GC(54) User=0.01s Sys=0.00s Real=0.01s
[22.963s][info][gc,start       ] GC(55) Pause Young (Normal) (G1 Evacuation Pause)
[22.963s][info][gc,task        ] GC(55) Using 1 workers of 1 for evacuation
[22.967s][info][gc,phases      ] GC(55)   Pre Evacuate Collection Set: 0.0ms
[22.967s][info][gc,phases      ] GC(55)   Evacuate Collection Set: 3.5ms
[22.967s][info][gc,phases      ] GC(55)   Post Evacuate Collection Set: 0.3ms
[22.967s][info][gc,phases      ] GC(55)   Other: 0.3ms
[22.967s][info][gc,heap        ] GC(55) Eden regions: 108->0(108)
[22.967s][info][gc,heap        ] GC(55) Survivor regions: 2->2(14)
[22.967s][info][gc,heap        ] GC(55) Old regions: 36->36
[22.967s][info][gc,heap        ] GC(55) Humongous regions: 6->6
[22.967s][info][gc,metaspace   ] GC(55) Metaspace: 69601K->69601K(1112064K)
[22.967s][info][gc             ] GC(55) Pause Young (Normal) (G1 Evacuation Pause) 149M->41M(184M) 4.157ms
[22.967s][info][gc,cpu         ] GC(55) User=0.00s Sys=0.00s Real=0.01s
[23.055s][info][gc,start       ] GC(56) Pause Young (Normal) (G1 Evacuation Pause)
[23.055s][info][gc,task        ] GC(56) Using 1 workers of 1 for evacuation
[23.060s][info][gc,phases      ] GC(56)   Pre Evacuate Collection Set: 0.0ms
[23.060s][info][gc,phases      ] GC(56)   Evacuate Collection Set: 3.8ms
[23.060s][info][gc,phases      ] GC(56)   Post Evacuate Collection Set: 0.5ms
[23.060s][info][gc,phases      ] GC(56)   Other: 0.3ms
[23.060s][info][gc,heap        ] GC(56) Eden regions: 108->0(138)
[23.060s][info][gc,heap        ] GC(56) Survivor regions: 2->2(14)
[23.060s][info][gc,heap        ] GC(56) Old regions: 36->36
[23.060s][info][gc,heap        ] GC(56) Humongous regions: 6->6
[23.060s][info][gc,metaspace   ] GC(56) Metaspace: 69601K->69601K(1112064K)
[23.060s][info][gc             ] GC(56) Pause Young (Normal) (G1 Evacuation Pause) 149M->41M(238M) 4.729ms
[23.060s][info][gc,cpu         ] GC(56) User=0.01s Sys=0.00s Real=0.01s
[23.166s][info][gc,start       ] GC(57) Pause Young (Normal) (G1 Evacuation Pause)
[23.166s][info][gc,task        ] GC(57) Using 1 workers of 1 for evacuation
[23.171s][info][gc,phases      ] GC(57)   Pre Evacuate Collection Set: 0.0ms
[23.171s][info][gc,phases      ] GC(57)   Evacuate Collection Set: 4.5ms
[23.171s][info][gc,phases      ] GC(57)   Post Evacuate Collection Set: 0.3ms
[23.171s][info][gc,phases      ] GC(57)   Other: 0.3ms
[23.171s][info][gc,heap        ] GC(57) Eden regions: 138->0(140)
[23.171s][info][gc,heap        ] GC(57) Survivor regions: 2->2(18)
[23.171s][info][gc,heap        ] GC(57) Old regions: 36->36
[23.171s][info][gc,heap        ] GC(57) Humongous regions: 6->6
[23.171s][info][gc,metaspace   ] GC(57) Metaspace: 69601K->69601K(1112064K)
[23.171s][info][gc             ] GC(57) Pause Young (Normal) (G1 Evacuation Pause) 179M->41M(238M) 5.203ms
[23.171s][info][gc,cpu         ] GC(57) User=0.01s Sys=0.00s Real=0.01s
[23.247s][info][gc,start       ] GC(58) Pause Young (Normal) (G1 Evacuation Pause)
[23.247s][info][gc,task        ] GC(58) Using 1 workers of 1 for evacuation
[23.251s][info][gc,phases      ] GC(58)   Pre Evacuate Collection Set: 0.0ms
[23.251s][info][gc,phases      ] GC(58)   Evacuate Collection Set: 3.2ms
[23.251s][info][gc,phases      ] GC(58)   Post Evacuate Collection Set: 0.3ms
[23.251s][info][gc,phases      ] GC(58)   Other: 0.2ms
[23.251s][info][gc,heap        ] GC(58) Eden regions: 140->0(141)
[23.251s][info][gc,heap        ] GC(58) Survivor regions: 2->1(18)
[23.251s][info][gc,heap        ] GC(58) Old regions: 36->37
[23.251s][info][gc,heap        ] GC(58) Humongous regions: 6->6
[23.251s][info][gc,metaspace   ] GC(58) Metaspace: 69601K->69601K(1112064K)
[23.251s][info][gc             ] GC(58) Pause Young (Normal) (G1 Evacuation Pause) 181M->41M(238M) 3.863ms
[23.251s][info][gc,cpu         ] GC(58) User=0.01s Sys=0.00s Real=0.00s
[23.480s][info][gc,start       ] GC(59) Pause Young (Normal) (G1 Evacuation Pause)
[23.480s][info][gc,task        ] GC(59) Using 1 workers of 1 for evacuation
[23.491s][info][gc,phases      ] GC(59)   Pre Evacuate Collection Set: 0.0ms
[23.491s][info][gc,phases      ] GC(59)   Evacuate Collection Set: 3.2ms
[23.491s][info][gc,phases      ] GC(59)   Post Evacuate Collection Set: 7.0ms
[23.491s][info][gc,phases      ] GC(59)   Other: 0.3ms
[23.491s][info][gc,heap        ] GC(59) Eden regions: 141->0(141)
[23.491s][info][gc,heap        ] GC(59) Survivor regions: 1->1(18)
[23.491s][info][gc,heap        ] GC(59) Old regions: 37->37
[23.491s][info][gc,heap        ] GC(59) Humongous regions: 11->6
[23.491s][info][gc,metaspace   ] GC(59) Metaspace: 69617K->69617K(1112064K)
[23.491s][info][gc             ] GC(59) Pause Young (Normal) (G1 Evacuation Pause) 187M->40M(238M) 10.612ms
[23.491s][info][gc,cpu         ] GC(59) User=0.01s Sys=0.00s Real=0.01s
[23.632s][info][gc,start       ] GC(60) Pause Young (Normal) (G1 Evacuation Pause)
[23.632s][info][gc,task        ] GC(60) Using 1 workers of 1 for evacuation
[23.635s][info][gc,phases      ] GC(60)   Pre Evacuate Collection Set: 0.0ms
[23.635s][info][gc,phases      ] GC(60)   Evacuate Collection Set: 2.1ms
[23.635s][info][gc,phases      ] GC(60)   Post Evacuate Collection Set: 0.7ms
[23.635s][info][gc,phases      ] GC(60)   Other: 0.3ms
[23.635s][info][gc,heap        ] GC(60) Eden regions: 141->0(183)
[23.635s][info][gc,heap        ] GC(60) Survivor regions: 1->1(18)
[23.635s][info][gc,heap        ] GC(60) Old regions: 37->37
[23.635s][info][gc,heap        ] GC(60) Humongous regions: 6->6
[23.635s][info][gc,metaspace   ] GC(60) Metaspace: 69617K->69617K(1112064K)
[23.635s][info][gc             ] GC(60) Pause Young (Normal) (G1 Evacuation Pause) 181M->40M(311M) 3.145ms
[23.635s][info][gc,cpu         ] GC(60) User=0.00s Sys=0.00s Real=0.00s
[23.844s][info][gc,start       ] GC(61) Pause Young (Normal) (G1 Evacuation Pause)
[23.844s][info][gc,task        ] GC(61) Using 1 workers of 1 for evacuation
[23.846s][info][gc,phases      ] GC(61)   Pre Evacuate Collection Set: 0.0ms
[23.847s][info][gc,phases      ] GC(61)   Evacuate Collection Set: 1.9ms
[23.847s][info][gc,phases      ] GC(61)   Post Evacuate Collection Set: 0.3ms
[23.847s][info][gc,phases      ] GC(61)   Other: 0.3ms
[23.847s][info][gc,heap        ] GC(61) Eden regions: 183->0(185)
[23.847s][info][gc,heap        ] GC(61) Survivor regions: 1->1(23)
[23.847s][info][gc,heap        ] GC(61) Old regions: 37->37
[23.847s][info][gc,heap        ] GC(61) Humongous regions: 6->6
[23.847s][info][gc,metaspace   ] GC(61) Metaspace: 69617K->69617K(1112064K)
[23.847s][info][gc             ] GC(61) Pause Young (Normal) (G1 Evacuation Pause) 223M->40M(311M) 2.586ms
[23.847s][info][gc,cpu         ] GC(61) User=0.00s Sys=0.00s Real=0.00s
[23.970s][info][gc,start       ] GC(62) Pause Young (Normal) (G1 Evacuation Pause)
[23.970s][info][gc,task        ] GC(62) Using 1 workers of 1 for evacuation
[23.972s][info][gc,phases      ] GC(62)   Pre Evacuate Collection Set: 0.0ms
[23.973s][info][gc,phases      ] GC(62)   Evacuate Collection Set: 2.3ms
[23.973s][info][gc,phases      ] GC(62)   Post Evacuate Collection Set: 0.3ms
[23.973s][info][gc,phases      ] GC(62)   Other: 0.3ms
[23.973s][info][gc,heap        ] GC(62) Eden regions: 185->0(185)
[23.973s][info][gc,heap        ] GC(62) Survivor regions: 1->1(24)
[23.973s][info][gc,heap        ] GC(62) Old regions: 37->37
[23.973s][info][gc,heap        ] GC(62) Humongous regions: 6->6
[23.973s][info][gc,metaspace   ] GC(62) Metaspace: 69617K->69617K(1112064K)
[23.973s][info][gc             ] GC(62) Pause Young (Normal) (G1 Evacuation Pause) 225M->40M(311M) 2.914ms
[23.973s][info][gc,cpu         ] GC(62) User=0.01s Sys=0.00s Real=0.00s
[24.069s][info][gc,start       ] GC(63) Pause Young (Normal) (G1 Evacuation Pause)
[24.069s][info][gc,task        ] GC(63) Using 1 workers of 1 for evacuation
[24.071s][info][gc,phases      ] GC(63)   Pre Evacuate Collection Set: 0.0ms
[24.071s][info][gc,phases      ] GC(63)   Evacuate Collection Set: 2.0ms
[24.071s][info][gc,phases      ] GC(63)   Post Evacuate Collection Set: 0.3ms
[24.071s][info][gc,phases      ] GC(63)   Other: 0.2ms
[24.071s][info][gc,heap        ] GC(63) Eden regions: 185->0(185)
[24.071s][info][gc,heap        ] GC(63) Survivor regions: 1->1(24)
[24.071s][info][gc,heap        ] GC(63) Old regions: 37->37
[24.071s][info][gc,heap        ] GC(63) Humongous regions: 6->6
[24.071s][info][gc,metaspace   ] GC(63) Metaspace: 69617K->69617K(1112064K)
[24.071s][info][gc             ] GC(63) Pause Young (Normal) (G1 Evacuation Pause) 225M->40M(311M) 2.607ms
[24.072s][info][gc,cpu         ] GC(63) User=0.00s Sys=0.00s Real=0.00s
[24.177s][info][gc,start       ] GC(64) Pause Young (Normal) (G1 Evacuation Pause)
[24.177s][info][gc,task        ] GC(64) Using 1 workers of 1 for evacuation
[24.180s][info][gc,phases      ] GC(64)   Pre Evacuate Collection Set: 0.0ms
[24.180s][info][gc,phases      ] GC(64)   Evacuate Collection Set: 2.1ms
[24.180s][info][gc,phases      ] GC(64)   Post Evacuate Collection Set: 0.3ms
[24.180s][info][gc,phases      ] GC(64)   Other: 0.3ms
[24.180s][info][gc,heap        ] GC(64) Eden regions: 185->0(185)
[24.180s][info][gc,heap        ] GC(64) Survivor regions: 1->1(24)
[24.180s][info][gc,heap        ] GC(64) Old regions: 37->37
[24.180s][info][gc,heap        ] GC(64) Humongous regions: 6->6
[24.180s][info][gc,metaspace   ] GC(64) Metaspace: 69617K->69617K(1112064K)
[24.180s][info][gc             ] GC(64) Pause Young (Normal) (G1 Evacuation Pause) 225M->40M(311M) 2.749ms
[24.180s][info][gc,cpu         ] GC(64) User=0.00s Sys=0.00s Real=0.01s
[24.274s][info][gc,start       ] GC(65) Pause Young (Normal) (G1 Evacuation Pause)
[24.274s][info][gc,task        ] GC(65) Using 1 workers of 1 for evacuation
[24.277s][info][gc,phases      ] GC(65)   Pre Evacuate Collection Set: 0.0ms
[24.277s][info][gc,phases      ] GC(65)   Evacuate Collection Set: 2.1ms
[24.277s][info][gc,phases      ] GC(65)   Post Evacuate Collection Set: 0.3ms
[24.277s][info][gc,phases      ] GC(65)   Other: 0.3ms
[24.277s][info][gc,heap        ] GC(65) Eden regions: 185->0(185)
[24.277s][info][gc,heap        ] GC(65) Survivor regions: 1->1(24)
[24.277s][info][gc,heap        ] GC(65) Old regions: 37->37
[24.277s][info][gc,heap        ] GC(65) Humongous regions: 6->6
[24.277s][info][gc,metaspace   ] GC(65) Metaspace: 69617K->69617K(1112064K)
[24.277s][info][gc             ] GC(65) Pause Young (Normal) (G1 Evacuation Pause) 225M->40M(311M) 2.741ms
[24.277s][info][gc,cpu         ] GC(65) User=0.00s Sys=0.00s Real=0.00s
[24.380s][info][gc,start       ] GC(66) Pause Young (Normal) (G1 Evacuation Pause)
[24.380s][info][gc,task        ] GC(66) Using 1 workers of 1 for evacuation
[24.383s][info][gc,phases      ] GC(66)   Pre Evacuate Collection Set: 0.0ms
[24.383s][info][gc,phases      ] GC(66)   Evacuate Collection Set: 2.2ms
[24.383s][info][gc,phases      ] GC(66)   Post Evacuate Collection Set: 0.3ms
[24.383s][info][gc,phases      ] GC(66)   Other: 0.3ms
[24.383s][info][gc,heap        ] GC(66) Eden regions: 185->0(185)
[24.383s][info][gc,heap        ] GC(66) Survivor regions: 1->1(24)
[24.383s][info][gc,heap        ] GC(66) Old regions: 37->37
[24.383s][info][gc,heap        ] GC(66) Humongous regions: 6->6
[24.383s][info][gc,metaspace   ] GC(66) Metaspace: 69617K->69617K(1112064K)
[24.383s][info][gc             ] GC(66) Pause Young (Normal) (G1 Evacuation Pause) 225M->41M(311M) 2.832ms
[24.383s][info][gc,cpu         ] GC(66) User=0.01s Sys=0.00s Real=0.00s
[24.594s][info][gc,start       ] GC(67) Pause Young (Normal) (G1 Evacuation Pause)
[24.594s][info][gc,task        ] GC(67) Using 1 workers of 1 for evacuation
[24.597s][info][gc,phases      ] GC(67)   Pre Evacuate Collection Set: 0.0ms
[24.597s][info][gc,phases      ] GC(67)   Evacuate Collection Set: 2.2ms
[24.597s][info][gc,phases      ] GC(67)   Post Evacuate Collection Set: 0.3ms
[24.597s][info][gc,phases      ] GC(67)   Other: 0.3ms
[24.597s][info][gc,heap        ] GC(67) Eden regions: 185->0(185)
[24.597s][info][gc,heap        ] GC(67) Survivor regions: 1->1(24)
[24.597s][info][gc,heap        ] GC(67) Old regions: 37->37
[24.597s][info][gc,heap        ] GC(67) Humongous regions: 11->6
[24.597s][info][gc,metaspace   ] GC(67) Metaspace: 69628K->69628K(1112064K)
[24.597s][info][gc             ] GC(67) Pause Young (Normal) (G1 Evacuation Pause) 231M->40M(311M) 2.840ms
[24.597s][info][gc,cpu         ] GC(67) User=0.00s Sys=0.00s Real=0.00s
[24.925s][info][gc,start       ] GC(68) Pause Young (Normal) (G1 Evacuation Pause)
[24.925s][info][gc,task        ] GC(68) Using 1 workers of 1 for evacuation
[24.928s][info][gc,phases      ] GC(68)   Pre Evacuate Collection Set: 0.0ms
[24.928s][info][gc,phases      ] GC(68)   Evacuate Collection Set: 2.6ms
[24.928s][info][gc,phases      ] GC(68)   Post Evacuate Collection Set: 0.3ms
[24.928s][info][gc,phases      ] GC(68)   Other: 0.3ms
[24.928s][info][gc,heap        ] GC(68) Eden regions: 185->0(185)
[24.928s][info][gc,heap        ] GC(68) Survivor regions: 1->1(24)
[24.928s][info][gc,heap        ] GC(68) Old regions: 37->37
[24.928s][info][gc,heap        ] GC(68) Humongous regions: 6->6
[24.928s][info][gc,metaspace   ] GC(68) Metaspace: 69635K->69635K(1112064K)
[24.928s][info][gc             ] GC(68) Pause Young (Normal) (G1 Evacuation Pause) 225M->41M(311M) 3.292ms
[24.928s][info][gc,cpu         ] GC(68) User=0.00s Sys=0.00s Real=0.01s
[25.180s][info][gc,start       ] GC(69) Pause Young (Normal) (G1 Evacuation Pause)
[25.180s][info][gc,task        ] GC(69) Using 1 workers of 1 for evacuation
[25.183s][info][gc,phases      ] GC(69)   Pre Evacuate Collection Set: 0.0ms
[25.183s][info][gc,phases      ] GC(69)   Evacuate Collection Set: 2.6ms
[25.183s][info][gc,phases      ] GC(69)   Post Evacuate Collection Set: 0.4ms
[25.183s][info][gc,phases      ] GC(69)   Other: 0.4ms
[25.183s][info][gc,heap        ] GC(69) Eden regions: 185->0(185)
[25.183s][info][gc,heap        ] GC(69) Survivor regions: 1->1(24)
[25.183s][info][gc,heap        ] GC(69) Old regions: 37->37
[25.183s][info][gc,heap        ] GC(69) Humongous regions: 6->6
[25.183s][info][gc,metaspace   ] GC(69) Metaspace: 69639K->69639K(1112064K)
[25.183s][info][gc             ] GC(69) Pause Young (Normal) (G1 Evacuation Pause) 226M->41M(311M) 3.434ms
[25.183s][info][gc,cpu         ] GC(69) User=0.00s Sys=0.00s Real=0.00s
[25.358s][info][gc,start       ] GC(70) Pause Young (Normal) (G1 Evacuation Pause)
[25.358s][info][gc,task        ] GC(70) Using 1 workers of 1 for evacuation
[25.361s][info][gc,phases      ] GC(70)   Pre Evacuate Collection Set: 0.0ms
[25.361s][info][gc,phases      ] GC(70)   Evacuate Collection Set: 2.3ms
[25.361s][info][gc,phases      ] GC(70)   Post Evacuate Collection Set: 0.3ms
[25.361s][info][gc,phases      ] GC(70)   Other: 0.3ms
[25.361s][info][gc,heap        ] GC(70) Eden regions: 185->0(185)
[25.361s][info][gc,heap        ] GC(70) Survivor regions: 1->1(24)
[25.361s][info][gc,heap        ] GC(70) Old regions: 37->37
[25.361s][info][gc,heap        ] GC(70) Humongous regions: 6->6
[25.361s][info][gc,metaspace   ] GC(70) Metaspace: 69639K->69639K(1112064K)
[25.361s][info][gc             ] GC(70) Pause Young (Normal) (G1 Evacuation Pause) 226M->41M(311M) 3.013ms
[25.361s][info][gc,cpu         ] GC(70) User=0.00s Sys=0.00s Real=0.01s
[25.462s][info][gc,start       ] GC(71) Pause Young (Normal) (G1 Evacuation Pause)
[25.462s][info][gc,task        ] GC(71) Using 1 workers of 1 for evacuation
[25.465s][info][gc,phases      ] GC(71)   Pre Evacuate Collection Set: 0.0ms
[25.465s][info][gc,phases      ] GC(71)   Evacuate Collection Set: 2.5ms
[25.465s][info][gc,phases      ] GC(71)   Post Evacuate Collection Set: 0.4ms
[25.465s][info][gc,phases      ] GC(71)   Other: 0.3ms
[25.465s][info][gc,heap        ] GC(71) Eden regions: 185->0(185)
[25.465s][info][gc,heap        ] GC(71) Survivor regions: 1->1(24)
[25.465s][info][gc,heap        ] GC(71) Old regions: 37->37
[25.465s][info][gc,heap        ] GC(71) Humongous regions: 6->6
[25.465s][info][gc,metaspace   ] GC(71) Metaspace: 69639K->69639K(1112064K)
[25.465s][info][gc             ] GC(71) Pause Young (Normal) (G1 Evacuation Pause) 226M->41M(311M) 3.223ms
[25.466s][info][gc,cpu         ] GC(71) User=0.00s Sys=0.00s Real=0.00s
[25.576s][info][gc,start       ] GC(72) Pause Young (Normal) (G1 Evacuation Pause)
[25.576s][info][gc,task        ] GC(72) Using 1 workers of 1 for evacuation
[25.579s][info][gc,phases      ] GC(72)   Pre Evacuate Collection Set: 0.0ms
[25.579s][info][gc,phases      ] GC(72)   Evacuate Collection Set: 2.4ms
[25.579s][info][gc,phases      ] GC(72)   Post Evacuate Collection Set: 0.3ms
[25.579s][info][gc,phases      ] GC(72)   Other: 0.3ms
[25.579s][info][gc,heap        ] GC(72) Eden regions: 185->0(185)
[25.579s][info][gc,heap        ] GC(72) Survivor regions: 1->1(24)
[25.579s][info][gc,heap        ] GC(72) Old regions: 37->37
[25.579s][info][gc,heap        ] GC(72) Humongous regions: 6->6
[25.579s][info][gc,metaspace   ] GC(72) Metaspace: 69639K->69639K(1112064K)
[25.579s][info][gc             ] GC(72) Pause Young (Normal) (G1 Evacuation Pause) 226M->41M(311M) 3.110ms
[25.579s][info][gc,cpu         ] GC(72) User=0.01s Sys=0.00s Real=0.01s
[25.701s][info][gc,start       ] GC(73) Pause Young (Normal) (G1 Evacuation Pause)
[25.701s][info][gc,task        ] GC(73) Using 1 workers of 1 for evacuation
[25.707s][info][gc,phases      ] GC(73)   Pre Evacuate Collection Set: 0.0ms
[25.707s][info][gc,phases      ] GC(73)   Evacuate Collection Set: 5.2ms
[25.707s][info][gc,phases      ] GC(73)   Post Evacuate Collection Set: 0.4ms
[25.707s][info][gc,phases      ] GC(73)   Other: 0.4ms
[25.707s][info][gc,heap        ] GC(73) Eden regions: 185->0(185)
[25.707s][info][gc,heap        ] GC(73) Survivor regions: 1->1(24)
[25.707s][info][gc,heap        ] GC(73) Old regions: 37->37
[25.707s][info][gc,heap        ] GC(73) Humongous regions: 6->6
[25.707s][info][gc,metaspace   ] GC(73) Metaspace: 69639K->69639K(1112064K)
[25.707s][info][gc             ] GC(73) Pause Young (Normal) (G1 Evacuation Pause) 226M->41M(311M) 6.044ms
[25.707s][info][gc,cpu         ] GC(73) User=0.00s Sys=0.00s Real=0.01s
[25.827s][info][gc,start       ] GC(74) Pause Young (Normal) (G1 Evacuation Pause)
[25.827s][info][gc,task        ] GC(74) Using 1 workers of 1 for evacuation
[25.830s][info][gc,phases      ] GC(74)   Pre Evacuate Collection Set: 0.0ms
[25.830s][info][gc,phases      ] GC(74)   Evacuate Collection Set: 2.4ms
[25.830s][info][gc,phases      ] GC(74)   Post Evacuate Collection Set: 0.4ms
[25.830s][info][gc,phases      ] GC(74)   Other: 0.3ms
[25.830s][info][gc,heap        ] GC(74) Eden regions: 185->0(185)
[25.830s][info][gc,heap        ] GC(74) Survivor regions: 1->1(24)
[25.830s][info][gc,heap        ] GC(74) Old regions: 37->37
[25.830s][info][gc,heap        ] GC(74) Humongous regions: 6->6
[25.830s][info][gc,metaspace   ] GC(74) Metaspace: 69639K->69639K(1112064K)
[25.830s][info][gc             ] GC(74) Pause Young (Normal) (G1 Evacuation Pause) 226M->41M(311M) 3.072ms
[25.830s][info][gc,cpu         ] GC(74) User=0.00s Sys=0.00s Real=0.00s
[25.954s][info][gc,start       ] GC(75) Pause Young (Normal) (G1 Evacuation Pause)
[25.954s][info][gc,task        ] GC(75) Using 1 workers of 1 for evacuation
[25.957s][info][gc,phases      ] GC(75)   Pre Evacuate Collection Set: 0.0ms
[25.957s][info][gc,phases      ] GC(75)   Evacuate Collection Set: 2.5ms
[25.957s][info][gc,phases      ] GC(75)   Post Evacuate Collection Set: 0.3ms
[25.957s][info][gc,phases      ] GC(75)   Other: 0.3ms
[25.957s][info][gc,heap        ] GC(75) Eden regions: 185->0(185)
[25.957s][info][gc,heap        ] GC(75) Survivor regions: 1->1(24)
[25.957s][info][gc,heap        ] GC(75) Old regions: 37->37
[25.957s][info][gc,heap        ] GC(75) Humongous regions: 6->6
[25.957s][info][gc,metaspace   ] GC(75) Metaspace: 69639K->69639K(1112064K)
[25.957s][info][gc             ] GC(75) Pause Young (Normal) (G1 Evacuation Pause) 226M->41M(311M) 3.207ms
[25.957s][info][gc,cpu         ] GC(75) User=0.00s Sys=0.00s Real=0.00s
[26.082s][info][gc,start       ] GC(76) Pause Young (Normal) (G1 Evacuation Pause)
[26.082s][info][gc,task        ] GC(76) Using 1 workers of 1 for evacuation
[26.085s][info][gc,phases      ] GC(76)   Pre Evacuate Collection Set: 0.0ms
[26.085s][info][gc,phases      ] GC(76)   Evacuate Collection Set: 2.3ms
[26.085s][info][gc,phases      ] GC(76)   Post Evacuate Collection Set: 0.3ms
[26.085s][info][gc,phases      ] GC(76)   Other: 0.4ms
[26.085s][info][gc,heap        ] GC(76) Eden regions: 185->0(185)
[26.085s][info][gc,heap        ] GC(76) Survivor regions: 1->1(24)
[26.085s][info][gc,heap        ] GC(76) Old regions: 37->37
[26.085s][info][gc,heap        ] GC(76) Humongous regions: 6->6
[26.085s][info][gc,metaspace   ] GC(76) Metaspace: 69639K->69639K(1112064K)
[26.085s][info][gc             ] GC(76) Pause Young (Normal) (G1 Evacuation Pause) 226M->41M(311M) 3.071ms
[26.085s][info][gc,cpu         ] GC(76) User=0.00s Sys=0.00s Real=0.00s
[26.373s][info][gc,start       ] GC(77) Pause Young (Normal) (G1 Evacuation Pause)
[26.374s][info][gc,task        ] GC(77) Using 1 workers of 1 for evacuation
[26.377s][info][gc,phases      ] GC(77)   Pre Evacuate Collection Set: 0.0ms
[26.377s][info][gc,phases      ] GC(77)   Evacuate Collection Set: 3.0ms
[26.377s][info][gc,phases      ] GC(77)   Post Evacuate Collection Set: 0.5ms
[26.377s][info][gc,phases      ] GC(77)   Other: 0.8ms
[26.377s][info][gc,heap        ] GC(77) Eden regions: 185->0(185)
[26.377s][info][gc,heap        ] GC(77) Survivor regions: 1->1(24)
[26.377s][info][gc,heap        ] GC(77) Old regions: 37->37
[26.377s][info][gc,heap        ] GC(77) Humongous regions: 11->6
[26.377s][info][gc,metaspace   ] GC(77) Metaspace: 69655K->69655K(1112064K)
[26.377s][info][gc             ] GC(77) Pause Young (Normal) (G1 Evacuation Pause) 231M->40M(311M) 4.107ms
[26.378s][info][gc,cpu         ] GC(77) User=0.00s Sys=0.00s Real=0.00s
[26.528s][info][gc,start       ] GC(78) Pause Young (Normal) (G1 Evacuation Pause)
[26.528s][info][gc,task        ] GC(78) Using 1 workers of 1 for evacuation
[26.532s][info][gc,phases      ] GC(78)   Pre Evacuate Collection Set: 0.0ms
[26.532s][info][gc,phases      ] GC(78)   Evacuate Collection Set: 3.0ms
[26.532s][info][gc,phases      ] GC(78)   Post Evacuate Collection Set: 0.5ms
[26.532s][info][gc,phases      ] GC(78)   Other: 0.4ms
[26.532s][info][gc,heap        ] GC(78) Eden regions: 185->0(185)
[26.532s][info][gc,heap        ] GC(78) Survivor regions: 1->1(24)
[26.532s][info][gc,heap        ] GC(78) Old regions: 37->37
[26.532s][info][gc,heap        ] GC(78) Humongous regions: 6->6
[26.532s][info][gc,metaspace   ] GC(78) Metaspace: 69663K->69663K(1112064K)
[26.532s][info][gc             ] GC(78) Pause Young (Normal) (G1 Evacuation Pause) 225M->40M(311M) 3.996ms
[26.532s][info][gc,cpu         ] GC(78) User=0.00s Sys=0.00s Real=0.00s
[26.638s][info][gc,start       ] GC(79) Pause Young (Normal) (G1 Evacuation Pause)
[26.638s][info][gc,task        ] GC(79) Using 1 workers of 1 for evacuation
[26.640s][info][gc,phases      ] GC(79)   Pre Evacuate Collection Set: 0.0ms
[26.640s][info][gc,phases      ] GC(79)   Evacuate Collection Set: 2.2ms
[26.640s][info][gc,phases      ] GC(79)   Post Evacuate Collection Set: 0.3ms
[26.640s][info][gc,phases      ] GC(79)   Other: 0.3ms
[26.640s][info][gc,heap        ] GC(79) Eden regions: 185->0(185)
[26.640s][info][gc,heap        ] GC(79) Survivor regions: 1->1(24)
[26.640s][info][gc,heap        ] GC(79) Old regions: 37->37
[26.640s][info][gc,heap        ] GC(79) Humongous regions: 6->6
[26.640s][info][gc,metaspace   ] GC(79) Metaspace: 69663K->69663K(1112064K)
[26.641s][info][gc             ] GC(79) Pause Young (Normal) (G1 Evacuation Pause) 225M->40M(311M) 2.835ms
[26.641s][info][gc,cpu         ] GC(79) User=0.00s Sys=0.00s Real=0.01s
[26.740s][info][gc,start       ] GC(80) Pause Young (Normal) (G1 Evacuation Pause)
[26.740s][info][gc,task        ] GC(80) Using 1 workers of 1 for evacuation
[26.742s][info][gc,phases      ] GC(80)   Pre Evacuate Collection Set: 0.0ms
[26.743s][info][gc,phases      ] GC(80)   Evacuate Collection Set: 2.1ms
[26.743s][info][gc,phases      ] GC(80)   Post Evacuate Collection Set: 0.3ms
[26.743s][info][gc,phases      ] GC(80)   Other: 0.2ms
[26.743s][info][gc,heap        ] GC(80) Eden regions: 185->0(185)
[26.743s][info][gc,heap        ] GC(80) Survivor regions: 1->1(24)
[26.743s][info][gc,heap        ] GC(80) Old regions: 37->37
[26.743s][info][gc,heap        ] GC(80) Humongous regions: 6->6
[26.743s][info][gc,metaspace   ] GC(80) Metaspace: 69663K->69663K(1112064K)
[26.743s][info][gc             ] GC(80) Pause Young (Normal) (G1 Evacuation Pause) 225M->40M(311M) 2.706ms
[26.743s][info][gc,cpu         ] GC(80) User=0.00s Sys=0.00s Real=0.00s
[26.861s][info][gc,start       ] GC(81) Pause Young (Normal) (G1 Evacuation Pause)
[26.861s][info][gc,task        ] GC(81) Using 1 workers of 1 for evacuation
[26.864s][info][gc,phases      ] GC(81)   Pre Evacuate Collection Set: 0.0ms
[26.864s][info][gc,phases      ] GC(81)   Evacuate Collection Set: 2.5ms
[26.864s][info][gc,phases      ] GC(81)   Post Evacuate Collection Set: 0.5ms
[26.864s][info][gc,phases      ] GC(81)   Other: 0.3ms
[26.864s][info][gc,heap        ] GC(81) Eden regions: 185->0(185)
[26.864s][info][gc,heap        ] GC(81) Survivor regions: 1->1(24)
[26.864s][info][gc,heap        ] GC(81) Old regions: 37->37
[26.864s][info][gc,heap        ] GC(81) Humongous regions: 6->6
[26.864s][info][gc,metaspace   ] GC(81) Metaspace: 69663K->69663K(1112064K)
[26.864s][info][gc             ] GC(81) Pause Young (Normal) (G1 Evacuation Pause) 225M->40M(311M) 3.363ms
[26.864s][info][gc,cpu         ] GC(81) User=0.00s Sys=0.00s Real=0.00s
[26.986s][info][gc,start       ] GC(82) Pause Young (Normal) (G1 Evacuation Pause)
[26.986s][info][gc,task        ] GC(82) Using 1 workers of 1 for evacuation
[26.989s][info][gc,phases      ] GC(82)   Pre Evacuate Collection Set: 0.1ms
[26.989s][info][gc,phases      ] GC(82)   Evacuate Collection Set: 2.3ms
[26.989s][info][gc,phases      ] GC(82)   Post Evacuate Collection Set: 0.3ms
[26.989s][info][gc,phases      ] GC(82)   Other: 0.3ms
[26.989s][info][gc,heap        ] GC(82) Eden regions: 185->0(185)
[26.989s][info][gc,heap        ] GC(82) Survivor regions: 1->1(24)
[26.989s][info][gc,heap        ] GC(82) Old regions: 37->37
[26.989s][info][gc,heap        ] GC(82) Humongous regions: 6->6
[26.989s][info][gc,metaspace   ] GC(82) Metaspace: 69663K->69663K(1112064K)
[26.989s][info][gc             ] GC(82) Pause Young (Normal) (G1 Evacuation Pause) 225M->41M(311M) 3.055ms
[26.989s][info][gc,cpu         ] GC(82) User=0.01s Sys=0.00s Real=0.01s
[27.086s][info][gc,start       ] GC(83) Pause Young (Normal) (G1 Evacuation Pause)
[27.086s][info][gc,task        ] GC(83) Using 1 workers of 1 for evacuation
[27.089s][info][gc,phases      ] GC(83)   Pre Evacuate Collection Set: 0.0ms
[27.089s][info][gc,phases      ] GC(83)   Evacuate Collection Set: 2.4ms
[27.089s][info][gc,phases      ] GC(83)   Post Evacuate Collection Set: 0.3ms
[27.089s][info][gc,phases      ] GC(83)   Other: 0.2ms
[27.089s][info][gc,heap        ] GC(83) Eden regions: 185->0(185)
[27.089s][info][gc,heap        ] GC(83) Survivor regions: 1->1(24)
[27.089s][info][gc,heap        ] GC(83) Old regions: 37->37
[27.089s][info][gc,heap        ] GC(83) Humongous regions: 6->6
[27.089s][info][gc,metaspace   ] GC(83) Metaspace: 69663K->69663K(1112064K)
[27.089s][info][gc             ] GC(83) Pause Young (Normal) (G1 Evacuation Pause) 226M->41M(311M) 3.069ms
[27.089s][info][gc,cpu         ] GC(83) User=0.01s Sys=0.00s Real=0.01s
[27.219s][info][gc,start       ] GC(84) Pause Young (Normal) (G1 Evacuation Pause)
[27.219s][info][gc,task        ] GC(84) Using 1 workers of 1 for evacuation
[27.224s][info][gc,phases      ] GC(84)   Pre Evacuate Collection Set: 0.0ms
[27.224s][info][gc,phases      ] GC(84)   Evacuate Collection Set: 4.1ms
[27.224s][info][gc,phases      ] GC(84)   Post Evacuate Collection Set: 0.5ms
[27.224s][info][gc,phases      ] GC(84)   Other: 0.3ms
[27.224s][info][gc,heap        ] GC(84) Eden regions: 185->0(185)
[27.224s][info][gc,heap        ] GC(84) Survivor regions: 1->1(24)
[27.224s][info][gc,heap        ] GC(84) Old regions: 37->37
[27.224s][info][gc,heap        ] GC(84) Humongous regions: 6->6
[27.224s][info][gc,metaspace   ] GC(84) Metaspace: 69663K->69663K(1112064K)
[27.224s][info][gc             ] GC(84) Pause Young (Normal) (G1 Evacuation Pause) 226M->41M(311M) 5.019ms
[27.224s][info][gc,cpu         ] GC(84) User=0.00s Sys=0.00s Real=0.00s
[27.440s][info][gc,start       ] GC(85) Pause Young (Normal) (G1 Evacuation Pause)
[27.440s][info][gc,task        ] GC(85) Using 1 workers of 1 for evacuation
[27.443s][info][gc,phases      ] GC(85)   Pre Evacuate Collection Set: 0.0ms
[27.443s][info][gc,phases      ] GC(85)   Evacuate Collection Set: 2.5ms
[27.443s][info][gc,phases      ] GC(85)   Post Evacuate Collection Set: 0.3ms
[27.443s][info][gc,phases      ] GC(85)   Other: 0.3ms
[27.443s][info][gc,heap        ] GC(85) Eden regions: 185->0(185)
[27.443s][info][gc,heap        ] GC(85) Survivor regions: 1->1(24)
[27.443s][info][gc,heap        ] GC(85) Old regions: 37->37
[27.443s][info][gc,heap        ] GC(85) Humongous regions: 11->6
[27.443s][info][gc,metaspace   ] GC(85) Metaspace: 69685K->69685K(1112064K)
[27.443s][info][gc             ] GC(85) Pause Young (Normal) (G1 Evacuation Pause) 231M->41M(311M) 3.231ms
[27.443s][info][gc,cpu         ] GC(85) User=0.00s Sys=0.00s Real=0.00s
[27.588s][info][gc,start       ] GC(86) Pause Young (Normal) (G1 Evacuation Pause)
[27.588s][info][gc,task        ] GC(86) Using 1 workers of 1 for evacuation
[27.593s][info][gc,phases      ] GC(86)   Pre Evacuate Collection Set: 0.0ms
[27.593s][info][gc,phases      ] GC(86)   Evacuate Collection Set: 4.4ms
[27.593s][info][gc,phases      ] GC(86)   Post Evacuate Collection Set: 0.3ms
[27.593s][info][gc,phases      ] GC(86)   Other: 0.3ms
[27.593s][info][gc,heap        ] GC(86) Eden regions: 185->0(185)
[27.593s][info][gc,heap        ] GC(86) Survivor regions: 1->1(24)
[27.593s][info][gc,heap        ] GC(86) Old regions: 37->37
[27.593s][info][gc,heap        ] GC(86) Humongous regions: 6->6
[27.593s][info][gc,metaspace   ] GC(86) Metaspace: 69692K->69692K(1112064K)
[27.593s][info][gc             ] GC(86) Pause Young (Normal) (G1 Evacuation Pause) 226M->41M(311M) 5.030ms
[27.593s][info][gc,cpu         ] GC(86) User=0.01s Sys=0.00s Real=0.00s
[27.686s][info][gc,start       ] GC(87) Pause Young (Normal) (G1 Evacuation Pause)
[27.686s][info][gc,task        ] GC(87) Using 1 workers of 1 for evacuation
[27.689s][info][gc,phases      ] GC(87)   Pre Evacuate Collection Set: 0.0ms
[27.689s][info][gc,phases      ] GC(87)   Evacuate Collection Set: 2.4ms
[27.689s][info][gc,phases      ] GC(87)   Post Evacuate Collection Set: 0.3ms
[27.689s][info][gc,phases      ] GC(87)   Other: 0.3ms
[27.689s][info][gc,heap        ] GC(87) Eden regions: 185->0(185)
[27.689s][info][gc,heap        ] GC(87) Survivor regions: 1->1(24)
[27.689s][info][gc,heap        ] GC(87) Old regions: 37->37
[27.689s][info][gc,heap        ] GC(87) Humongous regions: 6->6
[27.689s][info][gc,metaspace   ] GC(87) Metaspace: 69692K->69692K(1112064K)
[27.689s][info][gc             ] GC(87) Pause Young (Normal) (G1 Evacuation Pause) 226M->41M(311M) 3.044ms
[27.689s][info][gc,cpu         ] GC(87) User=0.00s Sys=0.00s Real=0.01s
[27.781s][info][gc,start       ] GC(88) Pause Young (Normal) (G1 Evacuation Pause)
[27.781s][info][gc,task        ] GC(88) Using 1 workers of 1 for evacuation
[27.784s][info][gc,phases      ] GC(88)   Pre Evacuate Collection Set: 0.0ms
[27.784s][info][gc,phases      ] GC(88)   Evacuate Collection Set: 2.3ms
[27.784s][info][gc,phases      ] GC(88)   Post Evacuate Collection Set: 0.3ms
[27.784s][info][gc,phases      ] GC(88)   Other: 0.3ms
[27.784s][info][gc,heap        ] GC(88) Eden regions: 185->0(185)
[27.784s][info][gc,heap        ] GC(88) Survivor regions: 1->1(24)
[27.784s][info][gc,heap        ] GC(88) Old regions: 37->37
[27.784s][info][gc,heap        ] GC(88) Humongous regions: 6->6
[27.784s][info][gc,metaspace   ] GC(88) Metaspace: 69692K->69692K(1112064K)
[27.784s][info][gc             ] GC(88) Pause Young (Normal) (G1 Evacuation Pause) 226M->41M(311M) 2.956ms
[27.784s][info][gc,cpu         ] GC(88) User=0.01s Sys=0.00s Real=0.00s
[27.932s][info][gc,start       ] GC(89) Pause Young (Normal) (G1 Evacuation Pause)
[27.932s][info][gc,task        ] GC(89) Using 1 workers of 1 for evacuation
[27.935s][info][gc,phases      ] GC(89)   Pre Evacuate Collection Set: 0.0ms
[27.935s][info][gc,phases      ] GC(89)   Evacuate Collection Set: 2.5ms
[27.935s][info][gc,phases      ] GC(89)   Post Evacuate Collection Set: 0.3ms
[27.935s][info][gc,phases      ] GC(89)   Other: 0.6ms
[27.935s][info][gc,heap        ] GC(89) Eden regions: 185->0(185)
[27.935s][info][gc,heap        ] GC(89) Survivor regions: 1->1(24)
[27.935s][info][gc,heap        ] GC(89) Old regions: 37->37
[27.935s][info][gc,heap        ] GC(89) Humongous regions: 6->6
[27.935s][info][gc,metaspace   ] GC(89) Metaspace: 69692K->69692K(1112064K)
[27.935s][info][gc             ] GC(89) Pause Young (Normal) (G1 Evacuation Pause) 226M->41M(311M) 3.464ms
[27.935s][info][gc,cpu         ] GC(89) User=0.01s Sys=0.00s Real=0.00s
[28.053s][info][gc,start       ] GC(90) Pause Young (Normal) (G1 Evacuation Pause)
[28.053s][info][gc,task        ] GC(90) Using 1 workers of 1 for evacuation
[28.060s][info][gc,phases      ] GC(90)   Pre Evacuate Collection Set: 0.0ms
[28.060s][info][gc,phases      ] GC(90)   Evacuate Collection Set: 5.8ms
[28.060s][info][gc,phases      ] GC(90)   Post Evacuate Collection Set: 0.7ms
[28.060s][info][gc,phases      ] GC(90)   Other: 0.5ms
[28.060s][info][gc,heap        ] GC(90) Eden regions: 185->0(185)
[28.060s][info][gc,heap        ] GC(90) Survivor regions: 1->1(24)
[28.060s][info][gc,heap        ] GC(90) Old regions: 37->37
[28.060s][info][gc,heap        ] GC(90) Humongous regions: 6->6
[28.060s][info][gc,metaspace   ] GC(90) Metaspace: 69692K->69692K(1112064K)
[28.060s][info][gc             ] GC(90) Pause Young (Normal) (G1 Evacuation Pause) 226M->41M(311M) 7.131ms
[28.060s][info][gc,cpu         ] GC(90) User=0.01s Sys=0.00s Real=0.01s
[28.208s][info][gc,start       ] GC(91) Pause Young (Normal) (G1 Evacuation Pause)
[28.208s][info][gc,task        ] GC(91) Using 1 workers of 1 for evacuation
[28.211s][info][gc,phases      ] GC(91)   Pre Evacuate Collection Set: 0.0ms
[28.211s][info][gc,phases      ] GC(91)   Evacuate Collection Set: 2.4ms
[28.211s][info][gc,phases      ] GC(91)   Post Evacuate Collection Set: 0.3ms
[28.211s][info][gc,phases      ] GC(91)   Other: 0.2ms
[28.211s][info][gc,heap        ] GC(91) Eden regions: 185->0(185)
[28.211s][info][gc,heap        ] GC(91) Survivor regions: 1->1(24)
[28.211s][info][gc,heap        ] GC(91) Old regions: 37->37
[28.211s][info][gc,heap        ] GC(91) Humongous regions: 6->6
[28.211s][info][gc,metaspace   ] GC(91) Metaspace: 69692K->69692K(1112064K)
[28.211s][info][gc             ] GC(91) Pause Young (Normal) (G1 Evacuation Pause) 226M->41M(311M) 2.964ms
[28.211s][info][gc,cpu         ] GC(91) User=0.00s Sys=0.00s Real=0.00s
[28.301s][info][gc,start       ] GC(92) Pause Young (Normal) (G1 Evacuation Pause)
[28.302s][info][gc,task        ] GC(92) Using 1 workers of 1 for evacuation
[28.304s][info][gc,phases      ] GC(92)   Pre Evacuate Collection Set: 0.0ms
[28.304s][info][gc,phases      ] GC(92)   Evacuate Collection Set: 2.4ms
[28.304s][info][gc,phases      ] GC(92)   Post Evacuate Collection Set: 0.3ms
[28.304s][info][gc,phases      ] GC(92)   Other: 0.3ms
[28.304s][info][gc,heap        ] GC(92) Eden regions: 185->0(185)
[28.304s][info][gc,heap        ] GC(92) Survivor regions: 1->1(24)
[28.304s][info][gc,heap        ] GC(92) Old regions: 37->37
[28.304s][info][gc,heap        ] GC(92) Humongous regions: 6->6
[28.304s][info][gc,metaspace   ] GC(92) Metaspace: 69692K->69692K(1112064K)
[28.305s][info][gc             ] GC(92) Pause Young (Normal) (G1 Evacuation Pause) 226M->41M(311M) 3.023ms
[28.305s][info][gc,cpu         ] GC(92) User=0.01s Sys=0.00s Real=0.00s
[28.419s][info][gc,start       ] GC(93) Pause Young (Normal) (G1 Evacuation Pause)
[28.419s][info][gc,task        ] GC(93) Using 1 workers of 1 for evacuation
[28.422s][info][gc,phases      ] GC(93)   Pre Evacuate Collection Set: 0.0ms
[28.422s][info][gc,phases      ] GC(93)   Evacuate Collection Set: 2.2ms
[28.422s][info][gc,phases      ] GC(93)   Post Evacuate Collection Set: 0.3ms
[28.422s][info][gc,phases      ] GC(93)   Other: 0.2ms
[28.422s][info][gc,heap        ] GC(93) Eden regions: 185->0(185)
[28.422s][info][gc,heap        ] GC(93) Survivor regions: 1->1(24)
[28.422s][info][gc,heap        ] GC(93) Old regions: 37->37
[28.422s][info][gc,heap        ] GC(93) Humongous regions: 6->6
[28.422s][info][gc,metaspace   ] GC(93) Metaspace: 69692K->69692K(1112064K)
[28.422s][info][gc             ] GC(93) Pause Young (Normal) (G1 Evacuation Pause) 226M->41M(311M) 2.828ms
[28.422s][info][gc,cpu         ] GC(93) User=0.00s Sys=0.00s Real=0.00s
[28.557s][info][gc,start       ] GC(94) Pause Young (Normal) (G1 Evacuation Pause)
[28.557s][info][gc,task        ] GC(94) Using 1 workers of 1 for evacuation
[28.560s][info][gc,phases      ] GC(94)   Pre Evacuate Collection Set: 0.0ms
[28.560s][info][gc,phases      ] GC(94)   Evacuate Collection Set: 2.1ms
[28.560s][info][gc,phases      ] GC(94)   Post Evacuate Collection Set: 0.3ms
[28.560s][info][gc,phases      ] GC(94)   Other: 0.3ms
[28.560s][info][gc,heap        ] GC(94) Eden regions: 185->0(185)
[28.560s][info][gc,heap        ] GC(94) Survivor regions: 1->1(24)
[28.560s][info][gc,heap        ] GC(94) Old regions: 37->37
[28.560s][info][gc,heap        ] GC(94) Humongous regions: 11->6
[28.560s][info][gc,metaspace   ] GC(94) Metaspace: 69703K->69703K(1112064K)
[28.560s][info][gc             ] GC(94) Pause Young (Normal) (G1 Evacuation Pause) 231M->40M(311M) 2.792ms
[28.560s][info][gc,cpu         ] GC(94) User=0.01s Sys=0.00s Real=0.01s
[28.659s][info][gc,start       ] GC(95) Pause Young (Normal) (G1 Evacuation Pause)
[28.660s][info][gc,task        ] GC(95) Using 1 workers of 1 for evacuation
[28.662s][info][gc,phases      ] GC(95)   Pre Evacuate Collection Set: 0.0ms
[28.662s][info][gc,phases      ] GC(95)   Evacuate Collection Set: 2.1ms
[28.662s][info][gc,phases      ] GC(95)   Post Evacuate Collection Set: 0.3ms
[28.662s][info][gc,phases      ] GC(95)   Other: 0.2ms
[28.662s][info][gc,heap        ] GC(95) Eden regions: 185->0(185)
[28.662s][info][gc,heap        ] GC(95) Survivor regions: 1->1(24)
[28.662s][info][gc,heap        ] GC(95) Old regions: 37->37
[28.662s][info][gc,heap        ] GC(95) Humongous regions: 6->6
[28.662s][info][gc,metaspace   ] GC(95) Metaspace: 69703K->69703K(1112064K)
[28.662s][info][gc             ] GC(95) Pause Young (Normal) (G1 Evacuation Pause) 225M->40M(311M) 2.625ms
[28.662s][info][gc,cpu         ] GC(95) User=0.01s Sys=0.00s Real=0.00s
[28.757s][info][gc,start       ] GC(96) Pause Young (Normal) (G1 Evacuation Pause)
[28.757s][info][gc,task        ] GC(96) Using 1 workers of 1 for evacuation
[28.760s][info][gc,phases      ] GC(96)   Pre Evacuate Collection Set: 0.0ms
[28.760s][info][gc,phases      ] GC(96)   Evacuate Collection Set: 2.4ms
[28.760s][info][gc,phases      ] GC(96)   Post Evacuate Collection Set: 0.3ms
[28.760s][info][gc,phases      ] GC(96)   Other: 0.3ms
[28.760s][info][gc,heap        ] GC(96) Eden regions: 185->0(185)
[28.760s][info][gc,heap        ] GC(96) Survivor regions: 1->1(24)
[28.760s][info][gc,heap        ] GC(96) Old regions: 37->37
[28.760s][info][gc,heap        ] GC(96) Humongous regions: 6->6
[28.760s][info][gc,metaspace   ] GC(96) Metaspace: 69703K->69703K(1112064K)
[28.760s][info][gc             ] GC(96) Pause Young (Normal) (G1 Evacuation Pause) 225M->40M(311M) 3.019ms
[28.760s][info][gc,cpu         ] GC(96) User=0.01s Sys=0.00s Real=0.01s
[28.871s][info][gc,start       ] GC(97) Pause Young (Normal) (G1 Evacuation Pause)
[28.871s][info][gc,task        ] GC(97) Using 1 workers of 1 for evacuation
[28.874s][info][gc,phases      ] GC(97)   Pre Evacuate Collection Set: 0.0ms
[28.874s][info][gc,phases      ] GC(97)   Evacuate Collection Set: 2.1ms
[28.874s][info][gc,phases      ] GC(97)   Post Evacuate Collection Set: 0.3ms
[28.874s][info][gc,phases      ] GC(97)   Other: 0.2ms
[28.874s][info][gc,heap        ] GC(97) Eden regions: 185->0(185)
[28.874s][info][gc,heap        ] GC(97) Survivor regions: 1->1(24)
[28.874s][info][gc,heap        ] GC(97) Old regions: 37->37
[28.874s][info][gc,heap        ] GC(97) Humongous regions: 6->6
[28.874s][info][gc,metaspace   ] GC(97) Metaspace: 69703K->69703K(1112064K)
[28.874s][info][gc             ] GC(97) Pause Young (Normal) (G1 Evacuation Pause) 225M->40M(311M) 2.697ms
[28.874s][info][gc,cpu         ] GC(97) User=0.00s Sys=0.00s Real=0.00s
[28.986s][info][gc,start       ] GC(98) Pause Young (Normal) (G1 Evacuation Pause)
[28.986s][info][gc,task        ] GC(98) Using 1 workers of 1 for evacuation
[28.988s][info][gc,phases      ] GC(98)   Pre Evacuate Collection Set: 0.0ms
[28.988s][info][gc,phases      ] GC(98)   Evacuate Collection Set: 2.2ms
[28.988s][info][gc,phases      ] GC(98)   Post Evacuate Collection Set: 0.3ms
[28.988s][info][gc,phases      ] GC(98)   Other: 0.2ms
[28.988s][info][gc,heap        ] GC(98) Eden regions: 185->0(185)
[28.988s][info][gc,heap        ] GC(98) Survivor regions: 1->1(24)
[28.988s][info][gc,heap        ] GC(98) Old regions: 37->37
[28.988s][info][gc,heap        ] GC(98) Humongous regions: 6->6
[28.988s][info][gc,metaspace   ] GC(98) Metaspace: 69703K->69703K(1112064K)
[28.988s][info][gc             ] GC(98) Pause Young (Normal) (G1 Evacuation Pause) 225M->41M(311M) 2.793ms
[28.989s][info][gc,cpu         ] GC(98) User=0.00s Sys=0.00s Real=0.01s
[29.081s][info][gc,start       ] GC(99) Pause Young (Normal) (G1 Evacuation Pause)
[29.081s][info][gc,task        ] GC(99) Using 1 workers of 1 for evacuation
[29.084s][info][gc,phases      ] GC(99)   Pre Evacuate Collection Set: 0.0ms
[29.084s][info][gc,phases      ] GC(99)   Evacuate Collection Set: 2.2ms
[29.084s][info][gc,phases      ] GC(99)   Post Evacuate Collection Set: 0.3ms
[29.084s][info][gc,phases      ] GC(99)   Other: 0.3ms
[29.084s][info][gc,heap        ] GC(99) Eden regions: 185->0(185)
[29.084s][info][gc,heap        ] GC(99) Survivor regions: 1->1(24)
[29.084s][info][gc,heap        ] GC(99) Old regions: 37->37
[29.084s][info][gc,heap        ] GC(99) Humongous regions: 6->6
[29.084s][info][gc,metaspace   ] GC(99) Metaspace: 69703K->69703K(1112064K)
[29.084s][info][gc             ] GC(99) Pause Young (Normal) (G1 Evacuation Pause) 226M->41M(311M) 2.798ms
[29.084s][info][gc,cpu         ] GC(99) User=0.00s Sys=0.00s Real=0.00s
[29.177s][info][gc,start       ] GC(100) Pause Young (Normal) (G1 Evacuation Pause)
[29.177s][info][gc,task        ] GC(100) Using 1 workers of 1 for evacuation
[29.180s][info][gc,phases      ] GC(100)   Pre Evacuate Collection Set: 0.1ms
[29.180s][info][gc,phases      ] GC(100)   Evacuate Collection Set: 2.2ms
[29.180s][info][gc,phases      ] GC(100)   Post Evacuate Collection Set: 0.3ms
[29.180s][info][gc,phases      ] GC(100)   Other: 0.3ms
[29.180s][info][gc,heap        ] GC(100) Eden regions: 185->0(185)
[29.180s][info][gc,heap        ] GC(100) Survivor regions: 1->1(24)
[29.180s][info][gc,heap        ] GC(100) Old regions: 37->37
[29.180s][info][gc,heap        ] GC(100) Humongous regions: 6->6
[29.180s][info][gc,metaspace   ] GC(100) Metaspace: 69703K->69703K(1112064K)
[29.180s][info][gc             ] GC(100) Pause Young (Normal) (G1 Evacuation Pause) 226M->41M(311M) 2.852ms
[29.180s][info][gc,cpu         ] GC(100) User=0.00s Sys=0.00s Real=0.01s
[29.346s][info][gc,start       ] GC(101) Pause Young (Normal) (G1 Evacuation Pause)
[29.346s][info][gc,task        ] GC(101) Using 1 workers of 1 for evacuation
[29.349s][info][gc,phases      ] GC(101)   Pre Evacuate Collection Set: 0.0ms
[29.349s][info][gc,phases      ] GC(101)   Evacuate Collection Set: 2.4ms
[29.349s][info][gc,phases      ] GC(101)   Post Evacuate Collection Set: 0.3ms
[29.349s][info][gc,phases      ] GC(101)   Other: 0.4ms
[29.349s][info][gc,heap        ] GC(101) Eden regions: 185->0(185)
[29.349s][info][gc,heap        ] GC(101) Survivor regions: 1->1(24)
[29.349s][info][gc,heap        ] GC(101) Old regions: 37->37
[29.349s][info][gc,heap        ] GC(101) Humongous regions: 6->6
[29.349s][info][gc,metaspace   ] GC(101) Metaspace: 69703K->69703K(1112064K)
[29.349s][info][gc             ] GC(101) Pause Young (Normal) (G1 Evacuation Pause) 226M->41M(311M) 3.204ms
[29.349s][info][gc,cpu         ] GC(101) User=0.00s Sys=0.00s Real=0.01s
[29.477s][info][gc,start       ] GC(102) Pause Young (Normal) (G1 Evacuation Pause)
[29.477s][info][gc,task        ] GC(102) Using 1 workers of 1 for evacuation
[29.480s][info][gc,phases      ] GC(102)   Pre Evacuate Collection Set: 0.0ms
[29.480s][info][gc,phases      ] GC(102)   Evacuate Collection Set: 2.3ms
[29.480s][info][gc,phases      ] GC(102)   Post Evacuate Collection Set: 0.3ms
[29.480s][info][gc,phases      ] GC(102)   Other: 0.3ms
[29.480s][info][gc,heap        ] GC(102) Eden regions: 185->0(185)
[29.480s][info][gc,heap        ] GC(102) Survivor regions: 1->1(24)
[29.480s][info][gc,heap        ] GC(102) Old regions: 37->37
[29.480s][info][gc,heap        ] GC(102) Humongous regions: 6->6
[29.480s][info][gc,metaspace   ] GC(102) Metaspace: 69703K->69703K(1112064K)
[29.480s][info][gc             ] GC(102) Pause Young (Normal) (G1 Evacuation Pause) 226M->41M(311M) 2.866ms
[29.480s][info][gc,cpu         ] GC(102) User=0.00s Sys=0.00s Real=0.01s
[29.664s][info][gc,start       ] GC(103) Pause Young (Normal) (G1 Evacuation Pause)
[29.664s][info][gc,task        ] GC(103) Using 1 workers of 1 for evacuation
[29.667s][info][gc,phases      ] GC(103)   Pre Evacuate Collection Set: 0.0ms
[29.667s][info][gc,phases      ] GC(103)   Evacuate Collection Set: 2.5ms
[29.667s][info][gc,phases      ] GC(103)   Post Evacuate Collection Set: 0.3ms
[29.667s][info][gc,phases      ] GC(103)   Other: 0.3ms
[29.667s][info][gc,heap        ] GC(103) Eden regions: 185->0(185)
[29.667s][info][gc,heap        ] GC(103) Survivor regions: 1->1(24)
[29.667s][info][gc,heap        ] GC(103) Old regions: 37->37
[29.667s][info][gc,heap        ] GC(103) Humongous regions: 11->6
[29.667s][info][gc,metaspace   ] GC(103) Metaspace: 69723K->69723K(1112064K)
[29.667s][info][gc             ] GC(103) Pause Young (Normal) (G1 Evacuation Pause) 231M->41M(311M) 3.166ms
[29.667s][info][gc,cpu         ] GC(103) User=0.01s Sys=0.00s Real=0.01s
[29.815s][info][gc,start       ] GC(104) Pause Young (Normal) (G1 Evacuation Pause)
[29.815s][info][gc,task        ] GC(104) Using 1 workers of 1 for evacuation
[29.819s][info][gc,phases      ] GC(104)   Pre Evacuate Collection Set: 0.0ms
[29.819s][info][gc,phases      ] GC(104)   Evacuate Collection Set: 3.0ms
[29.819s][info][gc,phases      ] GC(104)   Post Evacuate Collection Set: 0.4ms
[29.819s][info][gc,phases      ] GC(104)   Other: 0.3ms
[29.819s][info][gc,heap        ] GC(104) Eden regions: 185->0(185)
[29.819s][info][gc,heap        ] GC(104) Survivor regions: 1->1(24)
[29.819s][info][gc,heap        ] GC(104) Old regions: 37->37
[29.819s][info][gc,heap        ] GC(104) Humongous regions: 6->6
[29.819s][info][gc,metaspace   ] GC(104) Metaspace: 69723K->69723K(1112064K)
[29.819s][info][gc             ] GC(104) Pause Young (Normal) (G1 Evacuation Pause) 226M->41M(311M) 3.774ms
[29.819s][info][gc,cpu         ] GC(104) User=0.01s Sys=0.00s Real=0.01s
[29.945s][info][gc,start       ] GC(105) Pause Young (Normal) (G1 Evacuation Pause)
[29.945s][info][gc,task        ] GC(105) Using 1 workers of 1 for evacuation
[29.949s][info][gc,phases      ] GC(105)   Pre Evacuate Collection Set: 0.0ms
[29.949s][info][gc,phases      ] GC(105)   Evacuate Collection Set: 3.0ms
[29.949s][info][gc,phases      ] GC(105)   Post Evacuate Collection Set: 0.4ms
[29.949s][info][gc,phases      ] GC(105)   Other: 0.4ms
[29.949s][info][gc,heap        ] GC(105) Eden regions: 185->0(185)
[29.949s][info][gc,heap        ] GC(105) Survivor regions: 1->1(24)
[29.949s][info][gc,heap        ] GC(105) Old regions: 37->37
[29.949s][info][gc,heap        ] GC(105) Humongous regions: 6->6
[29.949s][info][gc,metaspace   ] GC(105) Metaspace: 69723K->69723K(1112064K)
[29.949s][info][gc             ] GC(105) Pause Young (Normal) (G1 Evacuation Pause) 226M->41M(311M) 3.897ms
[29.949s][info][gc,cpu         ] GC(105) User=0.01s Sys=0.00s Real=0.01s
[30.074s][info][gc,start       ] GC(106) Pause Young (Normal) (G1 Evacuation Pause)
[30.074s][info][gc,task        ] GC(106) Using 1 workers of 1 for evacuation
[30.078s][info][gc,phases      ] GC(106)   Pre Evacuate Collection Set: 0.0ms
[30.078s][info][gc,phases      ] GC(106)   Evacuate Collection Set: 3.2ms
[30.078s][info][gc,phases      ] GC(106)   Post Evacuate Collection Set: 0.3ms
[30.078s][info][gc,phases      ] GC(106)   Other: 0.6ms
[30.078s][info][gc,heap        ] GC(106) Eden regions: 185->0(185)
[30.078s][info][gc,heap        ] GC(106) Survivor regions: 1->1(24)
[30.078s][info][gc,heap        ] GC(106) Old regions: 37->37
[30.078s][info][gc,heap        ] GC(106) Humongous regions: 6->6
[30.078s][info][gc,metaspace   ] GC(106) Metaspace: 69723K->69723K(1112064K)
[30.078s][info][gc             ] GC(106) Pause Young (Normal) (G1 Evacuation Pause) 226M->41M(311M) 4.180ms
[30.078s][info][gc,cpu         ] GC(106) User=0.00s Sys=0.00s Real=0.00s
[30.205s][info][gc,start       ] GC(107) Pause Young (Normal) (G1 Evacuation Pause)
[30.205s][info][gc,task        ] GC(107) Using 1 workers of 1 for evacuation
[30.209s][info][gc,phases      ] GC(107)   Pre Evacuate Collection Set: 0.0ms
[30.209s][info][gc,phases      ] GC(107)   Evacuate Collection Set: 3.0ms
[30.209s][info][gc,phases      ] GC(107)   Post Evacuate Collection Set: 0.3ms
[30.209s][info][gc,phases      ] GC(107)   Other: 0.6ms
[30.209s][info][gc,heap        ] GC(107) Eden regions: 185->0(185)
[30.209s][info][gc,heap        ] GC(107) Survivor regions: 1->1(24)
[30.209s][info][gc,heap        ] GC(107) Old regions: 37->37
[30.209s][info][gc,heap        ] GC(107) Humongous regions: 6->6
[30.209s][info][gc,metaspace   ] GC(107) Metaspace: 69723K->69723K(1112064K)
[30.209s][info][gc             ] GC(107) Pause Young (Normal) (G1 Evacuation Pause) 226M->41M(311M) 3.949ms
[30.209s][info][gc,cpu         ] GC(107) User=0.01s Sys=0.00s Real=0.01s
[30.338s][info][gc,start       ] GC(108) Pause Young (Normal) (G1 Evacuation Pause)
[30.338s][info][gc,task        ] GC(108) Using 1 workers of 1 for evacuation
[30.342s][info][gc,phases      ] GC(108)   Pre Evacuate Collection Set: 0.0ms
[30.342s][info][gc,phases      ] GC(108)   Evacuate Collection Set: 3.0ms
[30.342s][info][gc,phases      ] GC(108)   Post Evacuate Collection Set: 0.4ms
[30.342s][info][gc,phases      ] GC(108)   Other: 0.3ms
[30.342s][info][gc,heap        ] GC(108) Eden regions: 185->0(185)
[30.342s][info][gc,heap        ] GC(108) Survivor regions: 1->1(24)
[30.342s][info][gc,heap        ] GC(108) Old regions: 37->37
[30.342s][info][gc,heap        ] GC(108) Humongous regions: 6->6
[30.342s][info][gc,metaspace   ] GC(108) Metaspace: 69723K->69723K(1112064K)
[30.342s][info][gc             ] GC(108) Pause Young (Normal) (G1 Evacuation Pause) 226M->41M(311M) 3.845ms
[30.342s][info][gc,cpu         ] GC(108) User=0.01s Sys=0.00s Real=0.01s
[30.517s][info][gc,start       ] GC(109) Pause Young (Normal) (G1 Evacuation Pause)
[30.517s][info][gc,task        ] GC(109) Using 1 workers of 1 for evacuation
[30.520s][info][gc,phases      ] GC(109)   Pre Evacuate Collection Set: 0.0ms
[30.521s][info][gc,phases      ] GC(109)   Evacuate Collection Set: 3.0ms
[30.521s][info][gc,phases      ] GC(109)   Post Evacuate Collection Set: 0.4ms
[30.521s][info][gc,phases      ] GC(109)   Other: 0.5ms
[30.521s][info][gc,heap        ] GC(109) Eden regions: 185->0(185)
[30.521s][info][gc,heap        ] GC(109) Survivor regions: 1->1(24)
[30.521s][info][gc,heap        ] GC(109) Old regions: 37->37
[30.521s][info][gc,heap        ] GC(109) Humongous regions: 6->6
[30.521s][info][gc,metaspace   ] GC(109) Metaspace: 69723K->69723K(1112064K)
[30.521s][info][gc             ] GC(109) Pause Young (Normal) (G1 Evacuation Pause) 226M->41M(311M) 4.051ms
[30.521s][info][gc,cpu         ] GC(109) User=0.01s Sys=0.00s Real=0.01s
[30.629s][info][gc,start       ] GC(110) Pause Young (Normal) (G1 Evacuation Pause)
[30.629s][info][gc,task        ] GC(110) Using 1 workers of 1 for evacuation
[30.633s][info][gc,phases      ] GC(110)   Pre Evacuate Collection Set: 0.1ms
[30.633s][info][gc,phases      ] GC(110)   Evacuate Collection Set: 2.7ms
[30.633s][info][gc,phases      ] GC(110)   Post Evacuate Collection Set: 0.4ms
[30.633s][info][gc,phases      ] GC(110)   Other: 0.3ms
[30.633s][info][gc,heap        ] GC(110) Eden regions: 185->0(185)
[30.633s][info][gc,heap        ] GC(110) Survivor regions: 1->1(24)
[30.633s][info][gc,heap        ] GC(110) Old regions: 37->37
[30.633s][info][gc,heap        ] GC(110) Humongous regions: 6->6
[30.633s][info][gc,metaspace   ] GC(110) Metaspace: 69723K->69723K(1112064K)
[30.633s][info][gc             ] GC(110) Pause Young (Normal) (G1 Evacuation Pause) 226M->41M(311M) 3.479ms
[30.633s][info][gc,cpu         ] GC(110) User=0.01s Sys=0.00s Real=0.00s
[30.784s][info][gc,start       ] GC(111) Pause Young (Normal) (G1 Evacuation Pause)
[30.784s][info][gc,task        ] GC(111) Using 1 workers of 1 for evacuation
[30.790s][info][gc,phases      ] GC(111)   Pre Evacuate Collection Set: 0.0ms
[30.790s][info][gc,phases      ] GC(111)   Evacuate Collection Set: 4.8ms
[30.790s][info][gc,phases      ] GC(111)   Post Evacuate Collection Set: 0.4ms
[30.790s][info][gc,phases      ] GC(111)   Other: 0.5ms
[30.790s][info][gc,heap        ] GC(111) Eden regions: 185->0(185)
[30.790s][info][gc,heap        ] GC(111) Survivor regions: 1->1(24)
[30.790s][info][gc,heap        ] GC(111) Old regions: 37->37
[30.790s][info][gc,heap        ] GC(111) Humongous regions: 6->6
[30.790s][info][gc,metaspace   ] GC(111) Metaspace: 69723K->69723K(1112064K)
[30.790s][info][gc             ] GC(111) Pause Young (Normal) (G1 Evacuation Pause) 226M->41M(311M) 5.865ms
[30.790s][info][gc,cpu         ] GC(111) User=0.01s Sys=0.00s Real=0.01s
[31.173s][info][gc,start       ] GC(112) Pause Young (Normal) (G1 Evacuation Pause)
[31.173s][info][gc,task        ] GC(112) Using 1 workers of 1 for evacuation
[31.176s][info][gc,phases      ] GC(112)   Pre Evacuate Collection Set: 0.0ms
[31.176s][info][gc,phases      ] GC(112)   Evacuate Collection Set: 2.2ms
[31.176s][info][gc,phases      ] GC(112)   Post Evacuate Collection Set: 0.3ms
[31.176s][info][gc,phases      ] GC(112)   Other: 0.4ms
[31.176s][info][gc,heap        ] GC(112) Eden regions: 185->0(185)
[31.176s][info][gc,heap        ] GC(112) Survivor regions: 1->1(24)
[31.176s][info][gc,heap        ] GC(112) Old regions: 37->37
[31.176s][info][gc,heap        ] GC(112) Humongous regions: 11->6
[31.176s][info][gc,metaspace   ] GC(112) Metaspace: 69739K->69739K(1112064K)
[31.176s][info][gc             ] GC(112) Pause Young (Normal) (G1 Evacuation Pause) 231M->41M(311M) 2.980ms
[31.176s][info][gc,cpu         ] GC(112) User=0.01s Sys=0.00s Real=0.00s
[31.293s][info][gc,start       ] GC(113) Pause Young (Normal) (G1 Evacuation Pause)
[31.293s][info][gc,task        ] GC(113) Using 1 workers of 1 for evacuation
[31.296s][info][gc,phases      ] GC(113)   Pre Evacuate Collection Set: 0.0ms
[31.296s][info][gc,phases      ] GC(113)   Evacuate Collection Set: 2.2ms
[31.296s][info][gc,phases      ] GC(113)   Post Evacuate Collection Set: 0.3ms
[31.296s][info][gc,phases      ] GC(113)   Other: 0.3ms
[31.296s][info][gc,heap        ] GC(113) Eden regions: 185->0(185)
[31.296s][info][gc,heap        ] GC(113) Survivor regions: 1->1(24)
[31.296s][info][gc,heap        ] GC(113) Old regions: 37->37
[31.296s][info][gc,heap        ] GC(113) Humongous regions: 6->6
[31.296s][info][gc,metaspace   ] GC(113) Metaspace: 69741K->69741K(1112064K)
[31.296s][info][gc             ] GC(113) Pause Young (Normal) (G1 Evacuation Pause) 226M->41M(311M) 2.859ms
[31.296s][info][gc,cpu         ] GC(113) User=0.00s Sys=0.00s Real=0.00s
[31.397s][info][gc,start       ] GC(114) Pause Young (Normal) (G1 Evacuation Pause)
[31.397s][info][gc,task        ] GC(114) Using 1 workers of 1 for evacuation
[31.400s][info][gc,phases      ] GC(114)   Pre Evacuate Collection Set: 0.0ms
[31.400s][info][gc,phases      ] GC(114)   Evacuate Collection Set: 2.1ms
[31.400s][info][gc,phases      ] GC(114)   Post Evacuate Collection Set: 0.3ms
[31.400s][info][gc,phases      ] GC(114)   Other: 0.3ms
[31.400s][info][gc,heap        ] GC(114) Eden regions: 185->0(185)
[31.400s][info][gc,heap        ] GC(114) Survivor regions: 1->1(24)
[31.400s][info][gc,heap        ] GC(114) Old regions: 37->37
[31.400s][info][gc,heap        ] GC(114) Humongous regions: 6->6
[31.400s][info][gc,metaspace   ] GC(114) Metaspace: 69741K->69741K(1112064K)
[31.400s][info][gc             ] GC(114) Pause Young (Normal) (G1 Evacuation Pause) 226M->41M(311M) 2.751ms
[31.400s][info][gc,cpu         ] GC(114) User=0.00s Sys=0.00s Real=0.01s
[31.538s][info][gc,start       ] GC(115) Pause Young (Normal) (G1 Evacuation Pause)
[31.538s][info][gc,task        ] GC(115) Using 1 workers of 1 for evacuation
[31.541s][info][gc,phases      ] GC(115)   Pre Evacuate Collection Set: 0.0ms
[31.541s][info][gc,phases      ] GC(115)   Evacuate Collection Set: 2.5ms
[31.541s][info][gc,phases      ] GC(115)   Post Evacuate Collection Set: 0.3ms
[31.541s][info][gc,phases      ] GC(115)   Other: 0.3ms
[31.541s][info][gc,heap        ] GC(115) Eden regions: 185->0(185)
[31.541s][info][gc,heap        ] GC(115) Survivor regions: 1->1(24)
[31.541s][info][gc,heap        ] GC(115) Old regions: 37->37
[31.541s][info][gc,heap        ] GC(115) Humongous regions: 6->6
[31.541s][info][gc,metaspace   ] GC(115) Metaspace: 69784K->69784K(1112064K)
[31.541s][info][gc             ] GC(115) Pause Young (Normal) (G1 Evacuation Pause) 226M->41M(311M) 3.207ms
[31.541s][info][gc,cpu         ] GC(115) User=0.00s Sys=0.00s Real=0.01s
[31.643s][info][gc,start       ] GC(116) Pause Young (Normal) (G1 Evacuation Pause)
[31.643s][info][gc,task        ] GC(116) Using 1 workers of 1 for evacuation
[31.646s][info][gc,phases      ] GC(116)   Pre Evacuate Collection Set: 0.0ms
[31.646s][info][gc,phases      ] GC(116)   Evacuate Collection Set: 2.6ms
[31.646s][info][gc,phases      ] GC(116)   Post Evacuate Collection Set: 0.3ms
[31.646s][info][gc,phases      ] GC(116)   Other: 0.3ms
[31.646s][info][gc,heap        ] GC(116) Eden regions: 185->0(185)
[31.646s][info][gc,heap        ] GC(116) Survivor regions: 1->1(24)
[31.646s][info][gc,heap        ] GC(116) Old regions: 37->37
[31.646s][info][gc,heap        ] GC(116) Humongous regions: 6->6
[31.646s][info][gc,metaspace   ] GC(116) Metaspace: 69784K->69784K(1112064K)
[31.646s][info][gc             ] GC(116) Pause Young (Normal) (G1 Evacuation Pause) 226M->41M(311M) 3.172ms
[31.646s][info][gc,cpu         ] GC(116) User=0.00s Sys=0.00s Real=0.00s
[31.786s][info][gc,start       ] GC(117) Pause Young (Normal) (G1 Evacuation Pause)
[31.786s][info][gc,task        ] GC(117) Using 1 workers of 1 for evacuation
[31.793s][info][gc,phases      ] GC(117)   Pre Evacuate Collection Set: 0.0ms
[31.793s][info][gc,phases      ] GC(117)   Evacuate Collection Set: 5.4ms
[31.793s][info][gc,phases      ] GC(117)   Post Evacuate Collection Set: 0.8ms
[31.793s][info][gc,phases      ] GC(117)   Other: 0.7ms
[31.793s][info][gc,heap        ] GC(117) Eden regions: 185->0(185)
[31.793s][info][gc,heap        ] GC(117) Survivor regions: 1->1(24)
[31.793s][info][gc,heap        ] GC(117) Old regions: 37->37
[31.793s][info][gc,heap        ] GC(117) Humongous regions: 6->6
[31.793s][info][gc,metaspace   ] GC(117) Metaspace: 69784K->69784K(1112064K)
[31.793s][info][gc             ] GC(117) Pause Young (Normal) (G1 Evacuation Pause) 226M->41M(311M) 6.996ms
[31.793s][info][gc,cpu         ] GC(117) User=0.01s Sys=0.00s Real=0.01s
[31.985s][info][gc,start       ] GC(118) Pause Young (Normal) (G1 Evacuation Pause)
[31.985s][info][gc,task        ] GC(118) Using 1 workers of 1 for evacuation
[31.994s][info][gc,phases      ] GC(118)   Pre Evacuate Collection Set: 0.1ms
[31.994s][info][gc,phases      ] GC(118)   Evacuate Collection Set: 7.4ms
[31.994s][info][gc,phases      ] GC(118)   Post Evacuate Collection Set: 0.8ms
[31.994s][info][gc,phases      ] GC(118)   Other: 0.7ms
[31.994s][info][gc,heap        ] GC(118) Eden regions: 185->0(185)
[31.994s][info][gc,heap        ] GC(118) Survivor regions: 1->1(24)
[31.994s][info][gc,heap        ] GC(118) Old regions: 37->37
[31.994s][info][gc,heap        ] GC(118) Humongous regions: 6->6
[31.994s][info][gc,metaspace   ] GC(118) Metaspace: 69784K->69784K(1112064K)
[31.994s][info][gc             ] GC(118) Pause Young (Normal) (G1 Evacuation Pause) 226M->41M(311M) 9.152ms
[31.994s][info][gc,cpu         ] GC(118) User=0.01s Sys=0.00s Real=0.01s
[32.231s][info][gc,start       ] GC(119) Pause Young (Normal) (G1 Evacuation Pause)
[32.231s][info][gc,task        ] GC(119) Using 1 workers of 1 for evacuation
[32.235s][info][gc,phases      ] GC(119)   Pre Evacuate Collection Set: 0.0ms
[32.235s][info][gc,phases      ] GC(119)   Evacuate Collection Set: 2.6ms
[32.235s][info][gc,phases      ] GC(119)   Post Evacuate Collection Set: 0.3ms
[32.235s][info][gc,phases      ] GC(119)   Other: 0.3ms
[32.235s][info][gc,heap        ] GC(119) Eden regions: 185->0(185)
[32.235s][info][gc,heap        ] GC(119) Survivor regions: 1->1(24)
[32.235s][info][gc,heap        ] GC(119) Old regions: 37->37
[32.235s][info][gc,heap        ] GC(119) Humongous regions: 6->6
[32.235s][info][gc,metaspace   ] GC(119) Metaspace: 69784K->69784K(1112064K)
[32.235s][info][gc             ] GC(119) Pause Young (Normal) (G1 Evacuation Pause) 226M->41M(311M) 3.265ms
[32.235s][info][gc,cpu         ] GC(119) User=0.00s Sys=0.00s Real=0.00s
[32.415s][info][gc,start       ] GC(120) Pause Young (Normal) (G1 Evacuation Pause)
[32.415s][info][gc,task        ] GC(120) Using 1 workers of 1 for evacuation
[32.418s][info][gc,phases      ] GC(120)   Pre Evacuate Collection Set: 0.0ms
[32.418s][info][gc,phases      ] GC(120)   Evacuate Collection Set: 2.6ms
[32.418s][info][gc,phases      ] GC(120)   Post Evacuate Collection Set: 0.4ms
[32.418s][info][gc,phases      ] GC(120)   Other: 0.3ms
[32.418s][info][gc,heap        ] GC(120) Eden regions: 185->0(185)
[32.418s][info][gc,heap        ] GC(120) Survivor regions: 1->1(24)
[32.418s][info][gc,heap        ] GC(120) Old regions: 37->37
[32.418s][info][gc,heap        ] GC(120) Humongous regions: 11->6
[32.418s][info][gc,metaspace   ] GC(120) Metaspace: 69800K->69800K(1112064K)
[32.418s][info][gc             ] GC(120) Pause Young (Normal) (G1 Evacuation Pause) 231M->41M(311M) 3.279ms
[32.418s][info][gc,cpu         ] GC(120) User=0.00s Sys=0.00s Real=0.00s
[32.577s][info][gc,start       ] GC(121) Pause Young (Normal) (G1 Evacuation Pause)
[32.577s][info][gc,task        ] GC(121) Using 1 workers of 1 for evacuation
[32.581s][info][gc,phases      ] GC(121)   Pre Evacuate Collection Set: 0.0ms
[32.581s][info][gc,phases      ] GC(121)   Evacuate Collection Set: 2.9ms
[32.581s][info][gc,phases      ] GC(121)   Post Evacuate Collection Set: 0.8ms
[32.581s][info][gc,phases      ] GC(121)   Other: 0.5ms
[32.581s][info][gc,heap        ] GC(121) Eden regions: 185->0(185)
[32.581s][info][gc,heap        ] GC(121) Survivor regions: 1->1(24)
[32.581s][info][gc,heap        ] GC(121) Old regions: 37->37
[32.581s][info][gc,heap        ] GC(121) Humongous regions: 6->6
[32.581s][info][gc,metaspace   ] GC(121) Metaspace: 69805K->69805K(1112064K)
[32.581s][info][gc             ] GC(121) Pause Young (Normal) (G1 Evacuation Pause) 226M->41M(311M) 4.498ms
[32.581s][info][gc,cpu         ] GC(121) User=0.01s Sys=0.00s Real=0.01s
[32.765s][info][gc,start       ] GC(122) Pause Young (Normal) (G1 Evacuation Pause)
[32.766s][info][gc,task        ] GC(122) Using 1 workers of 1 for evacuation
[32.774s][info][gc,phases      ] GC(122)   Pre Evacuate Collection Set: 0.0ms
[32.774s][info][gc,phases      ] GC(122)   Evacuate Collection Set: 7.0ms
[32.774s][info][gc,phases      ] GC(122)   Post Evacuate Collection Set: 0.9ms
[32.774s][info][gc,phases      ] GC(122)   Other: 0.6ms
[32.774s][info][gc,heap        ] GC(122) Eden regions: 185->0(185)
[32.774s][info][gc,heap        ] GC(122) Survivor regions: 1->1(24)
[32.774s][info][gc,heap        ] GC(122) Old regions: 37->37
[32.774s][info][gc,heap        ] GC(122) Humongous regions: 6->6
[32.774s][info][gc,metaspace   ] GC(122) Metaspace: 69805K->69805K(1112064K)
[32.774s][info][gc             ] GC(122) Pause Young (Normal) (G1 Evacuation Pause) 226M->41M(311M) 8.761ms
[32.774s][info][gc,cpu         ] GC(122) User=0.01s Sys=0.00s Real=0.01s
[33.074s][info][gc,start       ] GC(123) Pause Young (Normal) (G1 Evacuation Pause)
[33.074s][info][gc,task        ] GC(123) Using 1 workers of 1 for evacuation
[33.086s][info][gc,phases      ] GC(123)   Pre Evacuate Collection Set: 0.0ms
[33.086s][info][gc,phases      ] GC(123)   Evacuate Collection Set: 10.2ms
[33.086s][info][gc,phases      ] GC(123)   Post Evacuate Collection Set: 1.4ms
[33.086s][info][gc,phases      ] GC(123)   Other: 0.6ms
[33.086s][info][gc,heap        ] GC(123) Eden regions: 185->0(185)
[33.086s][info][gc,heap        ] GC(123) Survivor regions: 1->1(24)
[33.086s][info][gc,heap        ] GC(123) Old regions: 37->37
[33.086s][info][gc,heap        ] GC(123) Humongous regions: 6->6
[33.086s][info][gc,metaspace   ] GC(123) Metaspace: 69805K->69805K(1112064K)
[33.086s][info][gc             ] GC(123) Pause Young (Normal) (G1 Evacuation Pause) 226M->41M(311M) 12.300ms
[33.086s][info][gc,cpu         ] GC(123) User=0.01s Sys=0.00s Real=0.01s
[33.273s][info][gc,start       ] GC(124) Pause Young (Normal) (G1 Evacuation Pause)
[33.273s][info][gc,task        ] GC(124) Using 1 workers of 1 for evacuation
[33.276s][info][gc,phases      ] GC(124)   Pre Evacuate Collection Set: 0.0ms
[33.276s][info][gc,phases      ] GC(124)   Evacuate Collection Set: 2.7ms
[33.276s][info][gc,phases      ] GC(124)   Post Evacuate Collection Set: 0.5ms
[33.276s][info][gc,phases      ] GC(124)   Other: 0.3ms
[33.276s][info][gc,heap        ] GC(124) Eden regions: 185->0(208)
[33.276s][info][gc,heap        ] GC(124) Survivor regions: 1->1(24)
[33.276s][info][gc,heap        ] GC(124) Old regions: 37->37
[33.276s][info][gc,heap        ] GC(124) Humongous regions: 6->6
[33.276s][info][gc,metaspace   ] GC(124) Metaspace: 69805K->69805K(1112064K)
[33.276s][info][gc             ] GC(124) Pause Young (Normal) (G1 Evacuation Pause) 226M->41M(349M) 3.682ms
[33.276s][info][gc,cpu         ] GC(124) User=0.00s Sys=0.00s Real=0.00s
[33.387s][info][gc,start       ] GC(125) Pause Young (Normal) (G1 Evacuation Pause)
[33.388s][info][gc,task        ] GC(125) Using 1 workers of 1 for evacuation
[33.392s][info][gc,phases      ] GC(125)   Pre Evacuate Collection Set: 0.0ms
[33.392s][info][gc,phases      ] GC(125)   Evacuate Collection Set: 3.4ms
[33.392s][info][gc,phases      ] GC(125)   Post Evacuate Collection Set: 0.5ms
[33.392s][info][gc,phases      ] GC(125)   Other: 0.4ms
[33.392s][info][gc,heap        ] GC(125) Eden regions: 208->0(208)
[33.392s][info][gc,heap        ] GC(125) Survivor regions: 1->1(27)
[33.392s][info][gc,heap        ] GC(125) Old regions: 37->37
[33.392s][info][gc,heap        ] GC(125) Humongous regions: 6->6
[33.392s][info][gc,metaspace   ] GC(125) Metaspace: 69805K->69805K(1112064K)
[33.392s][info][gc             ] GC(125) Pause Young (Normal) (G1 Evacuation Pause) 249M->41M(349M) 4.344ms
[33.392s][info][gc,cpu         ] GC(125) User=0.00s Sys=0.00s Real=0.00s
[33.502s][info][gc,start       ] GC(126) Pause Young (Normal) (G1 Evacuation Pause)
[33.502s][info][gc,task        ] GC(126) Using 1 workers of 1 for evacuation
[33.506s][info][gc,phases      ] GC(126)   Pre Evacuate Collection Set: 0.0ms
[33.506s][info][gc,phases      ] GC(126)   Evacuate Collection Set: 3.2ms
[33.506s][info][gc,phases      ] GC(126)   Post Evacuate Collection Set: 0.3ms
[33.506s][info][gc,phases      ] GC(126)   Other: 0.3ms
[33.506s][info][gc,heap        ] GC(126) Eden regions: 208->0(208)
[33.506s][info][gc,heap        ] GC(126) Survivor regions: 1->1(27)
[33.506s][info][gc,heap        ] GC(126) Old regions: 37->37
[33.506s][info][gc,heap        ] GC(126) Humongous regions: 6->6
[33.506s][info][gc,metaspace   ] GC(126) Metaspace: 69805K->69805K(1112064K)
[33.506s][info][gc             ] GC(126) Pause Young (Normal) (G1 Evacuation Pause) 249M->41M(349M) 3.856ms
[33.506s][info][gc,cpu         ] GC(126) User=0.01s Sys=0.00s Real=0.00s
[33.636s][info][gc,start       ] GC(127) Pause Young (Normal) (G1 Evacuation Pause)
[33.636s][info][gc,task        ] GC(127) Using 1 workers of 1 for evacuation
[33.640s][info][gc,phases      ] GC(127)   Pre Evacuate Collection Set: 0.0ms
[33.640s][info][gc,phases      ] GC(127)   Evacuate Collection Set: 3.0ms
[33.640s][info][gc,phases      ] GC(127)   Post Evacuate Collection Set: 0.4ms
[33.640s][info][gc,phases      ] GC(127)   Other: 0.3ms
[33.640s][info][gc,heap        ] GC(127) Eden regions: 208->0(208)
[33.640s][info][gc,heap        ] GC(127) Survivor regions: 1->1(27)
[33.640s][info][gc,heap        ] GC(127) Old regions: 37->37
[33.640s][info][gc,heap        ] GC(127) Humongous regions: 6->6
[33.640s][info][gc,metaspace   ] GC(127) Metaspace: 69805K->69805K(1112064K)
[33.640s][info][gc             ] GC(127) Pause Young (Normal) (G1 Evacuation Pause) 249M->41M(349M) 3.766ms
[33.640s][info][gc,cpu         ] GC(127) User=0.00s Sys=0.00s Real=0.01s
[33.794s][info][gc,start       ] GC(128) Pause Young (Normal) (G1 Evacuation Pause)
[33.794s][info][gc,task        ] GC(128) Using 1 workers of 1 for evacuation
[33.797s][info][gc,phases      ] GC(128)   Pre Evacuate Collection Set: 0.0ms
[33.797s][info][gc,phases      ] GC(128)   Evacuate Collection Set: 2.8ms
[33.797s][info][gc,phases      ] GC(128)   Post Evacuate Collection Set: 0.3ms
[33.797s][info][gc,phases      ] GC(128)   Other: 0.4ms
[33.797s][info][gc,heap        ] GC(128) Eden regions: 208->0(208)
[33.797s][info][gc,heap        ] GC(128) Survivor regions: 1->1(27)
[33.797s][info][gc,heap        ] GC(128) Old regions: 37->37
[33.797s][info][gc,heap        ] GC(128) Humongous regions: 6->6
[33.797s][info][gc,metaspace   ] GC(128) Metaspace: 69805K->69805K(1112064K)
[33.797s][info][gc             ] GC(128) Pause Young (Normal) (G1 Evacuation Pause) 249M->41M(349M) 3.566ms
[33.798s][info][gc,cpu         ] GC(128) User=0.01s Sys=0.00s Real=0.00s
[33.999s][info][gc,start       ] GC(129) Pause Young (Normal) (G1 Evacuation Pause)
[34.000s][info][gc,task        ] GC(129) Using 1 workers of 1 for evacuation
[34.003s][info][gc,phases      ] GC(129)   Pre Evacuate Collection Set: 0.0ms
[34.003s][info][gc,phases      ] GC(129)   Evacuate Collection Set: 2.4ms
[34.003s][info][gc,phases      ] GC(129)   Post Evacuate Collection Set: 0.4ms
[34.003s][info][gc,phases      ] GC(129)   Other: 0.3ms
[34.003s][info][gc,heap        ] GC(129) Eden regions: 208->0(208)
[34.003s][info][gc,heap        ] GC(129) Survivor regions: 1->1(27)
[34.003s][info][gc,heap        ] GC(129) Old regions: 37->37
[34.003s][info][gc,heap        ] GC(129) Humongous regions: 11->6
[34.003s][info][gc,metaspace   ] GC(129) Metaspace: 69815K->69815K(1112064K)
[34.003s][info][gc             ] GC(129) Pause Young (Normal) (G1 Evacuation Pause) 254M->41M(349M) 3.158ms
[34.003s][info][gc,cpu         ] GC(129) User=0.00s Sys=0.00s Real=0.00s
[34.118s][info][gc,start       ] GC(130) Pause Young (Normal) (G1 Evacuation Pause)
[34.118s][info][gc,task        ] GC(130) Using 1 workers of 1 for evacuation
[34.121s][info][gc,phases      ] GC(130)   Pre Evacuate Collection Set: 0.0ms
[34.121s][info][gc,phases      ] GC(130)   Evacuate Collection Set: 2.4ms
[34.121s][info][gc,phases      ] GC(130)   Post Evacuate Collection Set: 0.3ms
[34.121s][info][gc,phases      ] GC(130)   Other: 0.3ms
[34.121s][info][gc,heap        ] GC(130) Eden regions: 208->0(208)
[34.121s][info][gc,heap        ] GC(130) Survivor regions: 1->1(27)
[34.121s][info][gc,heap        ] GC(130) Old regions: 37->37
[34.121s][info][gc,heap        ] GC(130) Humongous regions: 6->6
[34.121s][info][gc,metaspace   ] GC(130) Metaspace: 69816K->69816K(1112064K)
[34.121s][info][gc             ] GC(130) Pause Young (Normal) (G1 Evacuation Pause) 249M->41M(349M) 3.117ms
[34.121s][info][gc,cpu         ] GC(130) User=0.00s Sys=0.00s Real=0.01s
[34.226s][info][gc,start       ] GC(131) Pause Young (Normal) (G1 Evacuation Pause)
[34.226s][info][gc,task        ] GC(131) Using 1 workers of 1 for evacuation
[34.228s][info][gc,phases      ] GC(131)   Pre Evacuate Collection Set: 0.0ms
[34.228s][info][gc,phases      ] GC(131)   Evacuate Collection Set: 2.2ms
[34.228s][info][gc,phases      ] GC(131)   Post Evacuate Collection Set: 0.3ms
[34.228s][info][gc,phases      ] GC(131)   Other: 0.3ms
[34.228s][info][gc,heap        ] GC(131) Eden regions: 208->0(208)
[34.228s][info][gc,heap        ] GC(131) Survivor regions: 1->1(27)
[34.228s][info][gc,heap        ] GC(131) Old regions: 37->37
[34.228s][info][gc,heap        ] GC(131) Humongous regions: 6->6
[34.228s][info][gc,metaspace   ] GC(131) Metaspace: 69816K->69816K(1112064K)
[34.228s][info][gc             ] GC(131) Pause Young (Normal) (G1 Evacuation Pause) 249M->41M(349M) 2.822ms
[34.228s][info][gc,cpu         ] GC(131) User=0.01s Sys=0.00s Real=0.01s
[34.339s][info][gc,start       ] GC(132) Pause Young (Normal) (G1 Evacuation Pause)
[34.339s][info][gc,task        ] GC(132) Using 1 workers of 1 for evacuation
[34.341s][info][gc,phases      ] GC(132)   Pre Evacuate Collection Set: 0.0ms
[34.341s][info][gc,phases      ] GC(132)   Evacuate Collection Set: 2.3ms
[34.341s][info][gc,phases      ] GC(132)   Post Evacuate Collection Set: 0.3ms
[34.341s][info][gc,phases      ] GC(132)   Other: 0.3ms
[34.341s][info][gc,heap        ] GC(132) Eden regions: 208->0(208)
[34.341s][info][gc,heap        ] GC(132) Survivor regions: 1->1(27)
[34.341s][info][gc,heap        ] GC(132) Old regions: 37->37
[34.341s][info][gc,heap        ] GC(132) Humongous regions: 6->6
[34.342s][info][gc,metaspace   ] GC(132) Metaspace: 69816K->69816K(1112064K)
[34.342s][info][gc             ] GC(132) Pause Young (Normal) (G1 Evacuation Pause) 249M->41M(349M) 3.009ms
[34.342s][info][gc,cpu         ] GC(132) User=0.00s Sys=0.00s Real=0.00s
[34.453s][info][gc,start       ] GC(133) Pause Young (Normal) (G1 Evacuation Pause)
[34.453s][info][gc,task        ] GC(133) Using 1 workers of 1 for evacuation
[34.456s][info][gc,phases      ] GC(133)   Pre Evacuate Collection Set: 0.0ms
[34.456s][info][gc,phases      ] GC(133)   Evacuate Collection Set: 2.3ms
[34.456s][info][gc,phases      ] GC(133)   Post Evacuate Collection Set: 0.3ms
[34.456s][info][gc,phases      ] GC(133)   Other: 0.3ms
[34.456s][info][gc,heap        ] GC(133) Eden regions: 208->0(208)
[34.456s][info][gc,heap        ] GC(133) Survivor regions: 1->1(27)
[34.456s][info][gc,heap        ] GC(133) Old regions: 37->37
[34.456s][info][gc,heap        ] GC(133) Humongous regions: 6->6
[34.456s][info][gc,metaspace   ] GC(133) Metaspace: 69816K->69816K(1112064K)
[34.456s][info][gc             ] GC(133) Pause Young (Normal) (G1 Evacuation Pause) 249M->41M(349M) 2.997ms
[34.456s][info][gc,cpu         ] GC(133) User=0.01s Sys=0.00s Real=0.00s
[34.602s][info][gc,start       ] GC(134) Pause Young (Normal) (G1 Evacuation Pause)
[34.602s][info][gc,task        ] GC(134) Using 1 workers of 1 for evacuation
[34.605s][info][gc,phases      ] GC(134)   Pre Evacuate Collection Set: 0.0ms
[34.605s][info][gc,phases      ] GC(134)   Evacuate Collection Set: 2.2ms
[34.605s][info][gc,phases      ] GC(134)   Post Evacuate Collection Set: 0.4ms
[34.605s][info][gc,phases      ] GC(134)   Other: 0.3ms
[34.605s][info][gc,heap        ] GC(134) Eden regions: 208->0(208)
[34.605s][info][gc,heap        ] GC(134) Survivor regions: 1->1(27)
[34.605s][info][gc,heap        ] GC(134) Old regions: 37->37
[34.605s][info][gc,heap        ] GC(134) Humongous regions: 6->6
[34.605s][info][gc,metaspace   ] GC(134) Metaspace: 69816K->69816K(1112064K)
[34.605s][info][gc             ] GC(134) Pause Young (Normal) (G1 Evacuation Pause) 249M->41M(349M) 2.883ms
[34.605s][info][gc,cpu         ] GC(134) User=0.00s Sys=0.00s Real=0.00s
[34.717s][info][gc,start       ] GC(135) Pause Young (Normal) (G1 Evacuation Pause)
[34.717s][info][gc,task        ] GC(135) Using 1 workers of 1 for evacuation
[34.723s][info][gc,phases      ] GC(135)   Pre Evacuate Collection Set: 0.0ms
[34.723s][info][gc,phases      ] GC(135)   Evacuate Collection Set: 5.1ms
[34.723s][info][gc,phases      ] GC(135)   Post Evacuate Collection Set: 0.8ms
[34.723s][info][gc,phases      ] GC(135)   Other: 0.4ms
[34.723s][info][gc,heap        ] GC(135) Eden regions: 208->0(208)
[34.723s][info][gc,heap        ] GC(135) Survivor regions: 1->1(27)
[34.723s][info][gc,heap        ] GC(135) Old regions: 37->37
[34.723s][info][gc,heap        ] GC(135) Humongous regions: 6->6
[34.723s][info][gc,metaspace   ] GC(135) Metaspace: 69816K->69816K(1112064K)
[34.723s][info][gc             ] GC(135) Pause Young (Normal) (G1 Evacuation Pause) 249M->41M(349M) 6.462ms
[34.723s][info][gc,cpu         ] GC(135) User=0.01s Sys=0.00s Real=0.01s
[34.908s][info][gc,start       ] GC(136) Pause Young (Normal) (G1 Evacuation Pause)
[34.908s][info][gc,task        ] GC(136) Using 1 workers of 1 for evacuation
[34.911s][info][gc,phases      ] GC(136)   Pre Evacuate Collection Set: 0.0ms
[34.911s][info][gc,phases      ] GC(136)   Evacuate Collection Set: 2.7ms
[34.911s][info][gc,phases      ] GC(136)   Post Evacuate Collection Set: 0.4ms
[34.911s][info][gc,phases      ] GC(136)   Other: 0.3ms
[34.911s][info][gc,heap        ] GC(136) Eden regions: 208->0(208)
[34.911s][info][gc,heap        ] GC(136) Survivor regions: 1->1(27)
[34.911s][info][gc,heap        ] GC(136) Old regions: 37->37
[34.911s][info][gc,heap        ] GC(136) Humongous regions: 11->6
[34.911s][info][gc,metaspace   ] GC(136) Metaspace: 69828K->69828K(1112064K)
[34.912s][info][gc             ] GC(136) Pause Young (Normal) (G1 Evacuation Pause) 254M->41M(349M) 3.374ms
[34.912s][info][gc,cpu         ] GC(136) User=0.00s Sys=0.00s Real=0.00s
[35.073s][info][gc,start       ] GC(137) Pause Young (Normal) (G1 Evacuation Pause)
[35.073s][info][gc,task        ] GC(137) Using 1 workers of 1 for evacuation
[35.076s][info][gc,phases      ] GC(137)   Pre Evacuate Collection Set: 0.0ms
[35.076s][info][gc,phases      ] GC(137)   Evacuate Collection Set: 2.7ms
[35.076s][info][gc,phases      ] GC(137)   Post Evacuate Collection Set: 0.4ms
[35.076s][info][gc,phases      ] GC(137)   Other: 0.4ms
[35.076s][info][gc,heap        ] GC(137) Eden regions: 208->0(208)
[35.076s][info][gc,heap        ] GC(137) Survivor regions: 1->1(27)
[35.076s][info][gc,heap        ] GC(137) Old regions: 37->37
[35.076s][info][gc,heap        ] GC(137) Humongous regions: 6->6
[35.076s][info][gc,metaspace   ] GC(137) Metaspace: 69828K->69828K(1112064K)
[35.076s][info][gc             ] GC(137) Pause Young (Normal) (G1 Evacuation Pause) 249M->41M(349M) 3.623ms
[35.076s][info][gc,cpu         ] GC(137) User=0.00s Sys=0.00s Real=0.00s
[35.247s][info][gc,start       ] GC(138) Pause Young (Normal) (G1 Evacuation Pause)
[35.247s][info][gc,task        ] GC(138) Using 1 workers of 1 for evacuation
[35.252s][info][gc,phases      ] GC(138)   Pre Evacuate Collection Set: 0.0ms
[35.252s][info][gc,phases      ] GC(138)   Evacuate Collection Set: 3.4ms
[35.252s][info][gc,phases      ] GC(138)   Post Evacuate Collection Set: 0.4ms
[35.252s][info][gc,phases      ] GC(138)   Other: 0.4ms
[35.252s][info][gc,heap        ] GC(138) Eden regions: 208->0(208)
[35.252s][info][gc,heap        ] GC(138) Survivor regions: 1->1(27)
[35.252s][info][gc,heap        ] GC(138) Old regions: 37->37
[35.252s][info][gc,heap        ] GC(138) Humongous regions: 6->6
[35.252s][info][gc,metaspace   ] GC(138) Metaspace: 69828K->69828K(1112064K)
[35.252s][info][gc             ] GC(138) Pause Young (Normal) (G1 Evacuation Pause) 249M->41M(349M) 4.287ms
[35.252s][info][gc,cpu         ] GC(138) User=0.00s Sys=0.00s Real=0.00s
[35.423s][info][gc,start       ] GC(139) Pause Young (Normal) (G1 Evacuation Pause)
[35.423s][info][gc,task        ] GC(139) Using 1 workers of 1 for evacuation
[35.426s][info][gc,phases      ] GC(139)   Pre Evacuate Collection Set: 0.0ms
[35.426s][info][gc,phases      ] GC(139)   Evacuate Collection Set: 2.4ms
[35.426s][info][gc,phases      ] GC(139)   Post Evacuate Collection Set: 0.3ms
[35.426s][info][gc,phases      ] GC(139)   Other: 0.4ms
[35.426s][info][gc,heap        ] GC(139) Eden regions: 208->0(208)
[35.426s][info][gc,heap        ] GC(139) Survivor regions: 1->1(27)
[35.426s][info][gc,heap        ] GC(139) Old regions: 37->37
[35.426s][info][gc,heap        ] GC(139) Humongous regions: 6->6
[35.426s][info][gc,metaspace   ] GC(139) Metaspace: 69828K->69828K(1112064K)
[35.426s][info][gc             ] GC(139) Pause Young (Normal) (G1 Evacuation Pause) 249M->41M(349M) 3.174ms
[35.426s][info][gc,cpu         ] GC(139) User=0.00s Sys=0.01s Real=0.00s
[35.576s][info][gc,start       ] GC(140) Pause Young (Normal) (G1 Evacuation Pause)
[35.576s][info][gc,task        ] GC(140) Using 1 workers of 1 for evacuation
[35.583s][info][gc,phases      ] GC(140)   Pre Evacuate Collection Set: 0.0ms
[35.583s][info][gc,phases      ] GC(140)   Evacuate Collection Set: 5.7ms
[35.583s][info][gc,phases      ] GC(140)   Post Evacuate Collection Set: 0.8ms
[35.583s][info][gc,phases      ] GC(140)   Other: 0.5ms
[35.583s][info][gc,heap        ] GC(140) Eden regions: 208->0(208)
[35.583s][info][gc,heap        ] GC(140) Survivor regions: 1->1(27)
[35.583s][info][gc,heap        ] GC(140) Old regions: 37->37
[35.583s][info][gc,heap        ] GC(140) Humongous regions: 6->6
[35.583s][info][gc,metaspace   ] GC(140) Metaspace: 69828K->69828K(1112064K)
[35.583s][info][gc             ] GC(140) Pause Young (Normal) (G1 Evacuation Pause) 249M->41M(349M) 7.185ms
[35.583s][info][gc,cpu         ] GC(140) User=0.01s Sys=0.00s Real=0.01s
[35.693s][info][gc,start       ] GC(141) Pause Young (Normal) (G1 Evacuation Pause)
[35.693s][info][gc,task        ] GC(141) Using 1 workers of 1 for evacuation
[35.696s][info][gc,phases      ] GC(141)   Pre Evacuate Collection Set: 0.0ms
[35.696s][info][gc,phases      ] GC(141)   Evacuate Collection Set: 2.4ms
[35.696s][info][gc,phases      ] GC(141)   Post Evacuate Collection Set: 0.3ms
[35.696s][info][gc,phases      ] GC(141)   Other: 0.3ms
[35.696s][info][gc,heap        ] GC(141) Eden regions: 208->0(208)
[35.696s][info][gc,heap        ] GC(141) Survivor regions: 1->1(27)
[35.696s][info][gc,heap        ] GC(141) Old regions: 37->37
[35.696s][info][gc,heap        ] GC(141) Humongous regions: 6->6
[35.696s][info][gc,metaspace   ] GC(141) Metaspace: 69828K->69828K(1112064K)
[35.696s][info][gc             ] GC(141) Pause Young (Normal) (G1 Evacuation Pause) 249M->41M(349M) 3.060ms
[35.696s][info][gc,cpu         ] GC(141) User=0.00s Sys=0.00s Real=0.00s
[35.810s][info][gc,start       ] GC(142) Pause Young (Normal) (G1 Evacuation Pause)
[35.810s][info][gc,task        ] GC(142) Using 1 workers of 1 for evacuation
[35.813s][info][gc,phases      ] GC(142)   Pre Evacuate Collection Set: 0.0ms
[35.813s][info][gc,phases      ] GC(142)   Evacuate Collection Set: 2.5ms
[35.813s][info][gc,phases      ] GC(142)   Post Evacuate Collection Set: 0.3ms
[35.814s][info][gc,phases      ] GC(142)   Other: 0.3ms
[35.814s][info][gc,heap        ] GC(142) Eden regions: 208->0(208)
[35.814s][info][gc,heap        ] GC(142) Survivor regions: 1->1(27)
[35.814s][info][gc,heap        ] GC(142) Old regions: 37->37
[35.814s][info][gc,heap        ] GC(142) Humongous regions: 6->6
[35.814s][info][gc,metaspace   ] GC(142) Metaspace: 69828K->69828K(1112064K)
[35.814s][info][gc             ] GC(142) Pause Young (Normal) (G1 Evacuation Pause) 249M->41M(349M) 3.197ms
[35.814s][info][gc,cpu         ] GC(142) User=0.00s Sys=0.00s Real=0.00s
[35.963s][info][gc,start       ] GC(143) Pause Young (Normal) (G1 Evacuation Pause)
[35.963s][info][gc,task        ] GC(143) Using 1 workers of 1 for evacuation
[35.968s][info][gc,phases      ] GC(143)   Pre Evacuate Collection Set: 0.0ms
[35.968s][info][gc,phases      ] GC(143)   Evacuate Collection Set: 3.9ms
[35.968s][info][gc,phases      ] GC(143)   Post Evacuate Collection Set: 0.7ms
[35.968s][info][gc,phases      ] GC(143)   Other: 0.5ms
[35.968s][info][gc,heap        ] GC(143) Eden regions: 208->0(208)
[35.968s][info][gc,heap        ] GC(143) Survivor regions: 1->1(27)
[35.968s][info][gc,heap        ] GC(143) Old regions: 37->37
[35.968s][info][gc,heap        ] GC(143) Humongous regions: 6->6
[35.968s][info][gc,metaspace   ] GC(143) Metaspace: 69828K->69828K(1112064K)
[35.968s][info][gc             ] GC(143) Pause Young (Normal) (G1 Evacuation Pause) 249M->41M(349M) 5.363ms
[35.968s][info][gc,cpu         ] GC(143) User=0.00s Sys=0.00s Real=0.01s
[36.103s][info][gc,start       ] GC(144) Pause Young (Normal) (G1 Evacuation Pause)
[36.104s][info][gc,task        ] GC(144) Using 1 workers of 1 for evacuation
[36.106s][info][gc,phases      ] GC(144)   Pre Evacuate Collection Set: 0.0ms
[36.106s][info][gc,phases      ] GC(144)   Evacuate Collection Set: 2.4ms
[36.106s][info][gc,phases      ] GC(144)   Post Evacuate Collection Set: 0.3ms
[36.106s][info][gc,phases      ] GC(144)   Other: 0.3ms
[36.106s][info][gc,heap        ] GC(144) Eden regions: 208->0(208)
[36.106s][info][gc,heap        ] GC(144) Survivor regions: 1->1(27)
[36.107s][info][gc,heap        ] GC(144) Old regions: 37->37
[36.107s][info][gc,heap        ] GC(144) Humongous regions: 6->6
[36.107s][info][gc,metaspace   ] GC(144) Metaspace: 69828K->69828K(1112064K)
[36.107s][info][gc             ] GC(144) Pause Young (Normal) (G1 Evacuation Pause) 249M->41M(349M) 3.054ms
[36.107s][info][gc,cpu         ] GC(144) User=0.00s Sys=0.00s Real=0.01s
[36.293s][info][gc,start       ] GC(145) Pause Young (Normal) (G1 Evacuation Pause)
[36.293s][info][gc,task        ] GC(145) Using 1 workers of 1 for evacuation
[36.296s][info][gc,phases      ] GC(145)   Pre Evacuate Collection Set: 0.0ms
[36.296s][info][gc,phases      ] GC(145)   Evacuate Collection Set: 2.4ms
[36.296s][info][gc,phases      ] GC(145)   Post Evacuate Collection Set: 0.3ms
[36.296s][info][gc,phases      ] GC(145)   Other: 0.4ms
[36.296s][info][gc,heap        ] GC(145) Eden regions: 208->0(208)
[36.296s][info][gc,heap        ] GC(145) Survivor regions: 1->1(27)
[36.296s][info][gc,heap        ] GC(145) Old regions: 37->37
[36.296s][info][gc,heap        ] GC(145) Humongous regions: 11->6
[36.296s][info][gc,metaspace   ] GC(145) Metaspace: 69842K->69842K(1112064K)
[36.296s][info][gc             ] GC(145) Pause Young (Normal) (G1 Evacuation Pause) 254M->41M(349M) 3.152ms
[36.296s][info][gc,cpu         ] GC(145) User=0.00s Sys=0.00s Real=0.00s
[36.423s][info][gc,start       ] GC(146) Pause Young (Normal) (G1 Evacuation Pause)
[36.423s][info][gc,task        ] GC(146) Using 1 workers of 1 for evacuation
[36.426s][info][gc,phases      ] GC(146)   Pre Evacuate Collection Set: 0.0ms
[36.426s][info][gc,phases      ] GC(146)   Evacuate Collection Set: 2.5ms
[36.426s][info][gc,phases      ] GC(146)   Post Evacuate Collection Set: 0.3ms
[36.426s][info][gc,phases      ] GC(146)   Other: 0.3ms
[36.426s][info][gc,heap        ] GC(146) Eden regions: 208->0(208)
[36.426s][info][gc,heap        ] GC(146) Survivor regions: 1->1(27)
[36.426s][info][gc,heap        ] GC(146) Old regions: 37->37
[36.426s][info][gc,heap        ] GC(146) Humongous regions: 6->6
[36.426s][info][gc,metaspace   ] GC(146) Metaspace: 69846K->69846K(1112064K)
[36.426s][info][gc             ] GC(146) Pause Young (Normal) (G1 Evacuation Pause) 249M->41M(349M) 3.201ms
[36.427s][info][gc,cpu         ] GC(146) User=0.00s Sys=0.00s Real=0.01s
[36.558s][info][gc,start       ] GC(147) Pause Young (Normal) (G1 Evacuation Pause)
[36.558s][info][gc,task        ] GC(147) Using 1 workers of 1 for evacuation
[36.561s][info][gc,phases      ] GC(147)   Pre Evacuate Collection Set: 0.0ms
[36.561s][info][gc,phases      ] GC(147)   Evacuate Collection Set: 2.2ms
[36.561s][info][gc,phases      ] GC(147)   Post Evacuate Collection Set: 0.3ms
[36.561s][info][gc,phases      ] GC(147)   Other: 0.3ms
[36.561s][info][gc,heap        ] GC(147) Eden regions: 208->0(208)
[36.561s][info][gc,heap        ] GC(147) Survivor regions: 1->1(27)
[36.561s][info][gc,heap        ] GC(147) Old regions: 37->37
[36.561s][info][gc,heap        ] GC(147) Humongous regions: 6->6
[36.561s][info][gc,metaspace   ] GC(147) Metaspace: 69846K->69846K(1112064K)
[36.561s][info][gc             ] GC(147) Pause Young (Normal) (G1 Evacuation Pause) 249M->41M(349M) 2.881ms
[36.561s][info][gc,cpu         ] GC(147) User=0.00s Sys=0.00s Real=0.01s
[36.668s][info][gc,start       ] GC(148) Pause Young (Normal) (G1 Evacuation Pause)
[36.668s][info][gc,task        ] GC(148) Using 1 workers of 1 for evacuation
[36.671s][info][gc,phases      ] GC(148)   Pre Evacuate Collection Set: 0.0ms
[36.671s][info][gc,phases      ] GC(148)   Evacuate Collection Set: 2.2ms
[36.671s][info][gc,phases      ] GC(148)   Post Evacuate Collection Set: 0.3ms
[36.671s][info][gc,phases      ] GC(148)   Other: 0.3ms
[36.671s][info][gc,heap        ] GC(148) Eden regions: 208->0(208)
[36.671s][info][gc,heap        ] GC(148) Survivor regions: 1->1(27)
[36.671s][info][gc,heap        ] GC(148) Old regions: 37->37
[36.671s][info][gc,heap        ] GC(148) Humongous regions: 6->6
[36.671s][info][gc,metaspace   ] GC(148) Metaspace: 69846K->69846K(1112064K)
[36.671s][info][gc             ] GC(148) Pause Young (Normal) (G1 Evacuation Pause) 249M->41M(349M) 2.880ms
[36.671s][info][gc,cpu         ] GC(148) User=0.00s Sys=0.00s Real=0.00s
[36.794s][info][gc,start       ] GC(149) Pause Young (Normal) (G1 Evacuation Pause)
[36.794s][info][gc,task        ] GC(149) Using 1 workers of 1 for evacuation
[36.797s][info][gc,phases      ] GC(149)   Pre Evacuate Collection Set: 0.0ms
[36.797s][info][gc,phases      ] GC(149)   Evacuate Collection Set: 2.4ms
[36.797s][info][gc,phases      ] GC(149)   Post Evacuate Collection Set: 0.3ms
[36.797s][info][gc,phases      ] GC(149)   Other: 0.3ms
[36.797s][info][gc,heap        ] GC(149) Eden regions: 208->0(208)
[36.797s][info][gc,heap        ] GC(149) Survivor regions: 1->1(27)
[36.797s][info][gc,heap        ] GC(149) Old regions: 37->37
[36.797s][info][gc,heap        ] GC(149) Humongous regions: 6->6
[36.797s][info][gc,metaspace   ] GC(149) Metaspace: 69846K->69846K(1112064K)
[36.797s][info][gc             ] GC(149) Pause Young (Normal) (G1 Evacuation Pause) 249M->41M(349M) 3.040ms
[36.797s][info][gc,cpu         ] GC(149) User=0.01s Sys=0.00s Real=0.00s
[36.906s][info][gc,start       ] GC(150) Pause Young (Normal) (G1 Evacuation Pause)
[36.906s][info][gc,task        ] GC(150) Using 1 workers of 1 for evacuation
[36.909s][info][gc,phases      ] GC(150)   Pre Evacuate Collection Set: 0.0ms
[36.909s][info][gc,phases      ] GC(150)   Evacuate Collection Set: 2.7ms
[36.909s][info][gc,phases      ] GC(150)   Post Evacuate Collection Set: 0.4ms
[36.909s][info][gc,phases      ] GC(150)   Other: 0.3ms
[36.909s][info][gc,heap        ] GC(150) Eden regions: 208->0(208)
[36.909s][info][gc,heap        ] GC(150) Survivor regions: 1->1(27)
[36.909s][info][gc,heap        ] GC(150) Old regions: 37->37
[36.909s][info][gc,heap        ] GC(150) Humongous regions: 6->6
[36.909s][info][gc,metaspace   ] GC(150) Metaspace: 69848K->69848K(1112064K)
[36.909s][info][gc             ] GC(150) Pause Young (Normal) (G1 Evacuation Pause) 249M->41M(349M) 3.479ms
[36.910s][info][gc,cpu         ] GC(150) User=0.01s Sys=0.00s Real=0.01s
[37.170s][info][gc,start       ] GC(151) Pause Young (Normal) (G1 Evacuation Pause)
[37.170s][info][gc,task        ] GC(151) Using 1 workers of 1 for evacuation
[37.177s][info][gc,phases      ] GC(151)   Pre Evacuate Collection Set: 0.1ms
[37.178s][info][gc,phases      ] GC(151)   Evacuate Collection Set: 5.8ms
[37.178s][info][gc,phases      ] GC(151)   Post Evacuate Collection Set: 0.8ms
[37.178s][info][gc,phases      ] GC(151)   Other: 0.8ms
[37.178s][info][gc,heap        ] GC(151) Eden regions: 208->0(208)
[37.178s][info][gc,heap        ] GC(151) Survivor regions: 1->1(27)
[37.178s][info][gc,heap        ] GC(151) Old regions: 37->37
[37.178s][info][gc,heap        ] GC(151) Humongous regions: 6->6
[37.178s][info][gc,metaspace   ] GC(151) Metaspace: 69848K->69848K(1112064K)
[37.178s][info][gc             ] GC(151) Pause Young (Normal) (G1 Evacuation Pause) 249M->41M(349M) 7.398ms
[37.178s][info][gc,cpu         ] GC(151) User=0.00s Sys=0.01s Real=0.00s
[37.343s][info][gc,start       ] GC(152) Pause Young (Normal) (G1 Evacuation Pause)
[37.343s][info][gc,task        ] GC(152) Using 1 workers of 1 for evacuation
[37.346s][info][gc,phases      ] GC(152)   Pre Evacuate Collection Set: 0.0ms
[37.346s][info][gc,phases      ] GC(152)   Evacuate Collection Set: 2.6ms
[37.346s][info][gc,phases      ] GC(152)   Post Evacuate Collection Set: 0.3ms
[37.346s][info][gc,phases      ] GC(152)   Other: 0.4ms
[37.346s][info][gc,heap        ] GC(152) Eden regions: 208->0(208)
[37.346s][info][gc,heap        ] GC(152) Survivor regions: 1->1(27)
[37.346s][info][gc,heap        ] GC(152) Old regions: 37->37
[37.346s][info][gc,heap        ] GC(152) Humongous regions: 11->6
[37.346s][info][gc,metaspace   ] GC(152) Metaspace: 69860K->69860K(1112064K)
[37.346s][info][gc             ] GC(152) Pause Young (Normal) (G1 Evacuation Pause) 254M->41M(349M) 3.399ms
[37.346s][info][gc,cpu         ] GC(152) User=0.01s Sys=0.00s Real=0.01s
[37.535s][info][gc,start       ] GC(153) Pause Young (Normal) (G1 Evacuation Pause)
[37.535s][info][gc,task        ] GC(153) Using 1 workers of 1 for evacuation
[37.538s][info][gc,phases      ] GC(153)   Pre Evacuate Collection Set: 0.0ms
[37.538s][info][gc,phases      ] GC(153)   Evacuate Collection Set: 2.5ms
[37.538s][info][gc,phases      ] GC(153)   Post Evacuate Collection Set: 0.3ms
[37.538s][info][gc,phases      ] GC(153)   Other: 0.3ms
[37.538s][info][gc,heap        ] GC(153) Eden regions: 208->0(208)
[37.538s][info][gc,heap        ] GC(153) Survivor regions: 1->1(27)
[37.538s][info][gc,heap        ] GC(153) Old regions: 37->37
[37.538s][info][gc,heap        ] GC(153) Humongous regions: 6->6
[37.538s][info][gc,metaspace   ] GC(153) Metaspace: 69861K->69861K(1112064K)
[37.538s][info][gc             ] GC(153) Pause Young (Normal) (G1 Evacuation Pause) 249M->41M(349M) 3.095ms
[37.539s][info][gc,cpu         ] GC(153) User=0.00s Sys=0.00s Real=0.01s
[37.646s][info][gc,start       ] GC(154) Pause Young (Normal) (G1 Evacuation Pause)
[37.646s][info][gc,task        ] GC(154) Using 1 workers of 1 for evacuation
[37.649s][info][gc,phases      ] GC(154)   Pre Evacuate Collection Set: 0.0ms
[37.649s][info][gc,phases      ] GC(154)   Evacuate Collection Set: 2.4ms
[37.649s][info][gc,phases      ] GC(154)   Post Evacuate Collection Set: 0.3ms
[37.649s][info][gc,phases      ] GC(154)   Other: 0.3ms
[37.649s][info][gc,heap        ] GC(154) Eden regions: 208->0(208)
[37.649s][info][gc,heap        ] GC(154) Survivor regions: 1->1(27)
[37.649s][info][gc,heap        ] GC(154) Old regions: 37->37
[37.649s][info][gc,heap        ] GC(154) Humongous regions: 6->6
[37.649s][info][gc,metaspace   ] GC(154) Metaspace: 69861K->69861K(1112064K)
[37.649s][info][gc             ] GC(154) Pause Young (Normal) (G1 Evacuation Pause) 249M->41M(349M) 3.107ms
[37.649s][info][gc,cpu         ] GC(154) User=0.00s Sys=0.00s Real=0.01s
[37.834s][info][gc,start       ] GC(155) Pause Young (Normal) (G1 Evacuation Pause)
[37.834s][info][gc,task        ] GC(155) Using 1 workers of 1 for evacuation
[37.838s][info][gc,phases      ] GC(155)   Pre Evacuate Collection Set: 0.0ms
[37.838s][info][gc,phases      ] GC(155)   Evacuate Collection Set: 3.3ms
[37.838s][info][gc,phases      ] GC(155)   Post Evacuate Collection Set: 0.3ms
[37.838s][info][gc,phases      ] GC(155)   Other: 0.3ms
[37.838s][info][gc,heap        ] GC(155) Eden regions: 208->0(208)
[37.838s][info][gc,heap        ] GC(155) Survivor regions: 1->1(27)
[37.838s][info][gc,heap        ] GC(155) Old regions: 37->37
[37.838s][info][gc,heap        ] GC(155) Humongous regions: 6->6
[37.838s][info][gc,metaspace   ] GC(155) Metaspace: 69861K->69861K(1112064K)
[37.838s][info][gc             ] GC(155) Pause Young (Normal) (G1 Evacuation Pause) 249M->41M(349M) 3.939ms
[37.838s][info][gc,cpu         ] GC(155) User=0.01s Sys=0.00s Real=0.00s
[37.952s][info][gc,start       ] GC(156) Pause Young (Normal) (G1 Evacuation Pause)
[37.952s][info][gc,task        ] GC(156) Using 1 workers of 1 for evacuation
[37.956s][info][gc,phases      ] GC(156)   Pre Evacuate Collection Set: 0.0ms
[37.956s][info][gc,phases      ] GC(156)   Evacuate Collection Set: 3.5ms
[37.957s][info][gc,phases      ] GC(156)   Post Evacuate Collection Set: 0.6ms
[37.957s][info][gc,phases      ] GC(156)   Other: 0.4ms
[37.957s][info][gc,heap        ] GC(156) Eden regions: 208->0(208)
[37.957s][info][gc,heap        ] GC(156) Survivor regions: 1->1(27)
[37.957s][info][gc,heap        ] GC(156) Old regions: 37->37
[37.957s][info][gc,heap        ] GC(156) Humongous regions: 6->6
[37.957s][info][gc,metaspace   ] GC(156) Metaspace: 69861K->69861K(1112064K)
[37.957s][info][gc             ] GC(156) Pause Young (Normal) (G1 Evacuation Pause) 249M->41M(349M) 4.605ms
[37.957s][info][gc,cpu         ] GC(156) User=0.01s Sys=0.00s Real=0.00s
[38.127s][info][gc,start       ] GC(157) Pause Young (Normal) (G1 Evacuation Pause)
[38.128s][info][gc,task        ] GC(157) Using 1 workers of 1 for evacuation
[38.132s][info][gc,phases      ] GC(157)   Pre Evacuate Collection Set: 0.0ms
[38.132s][info][gc,phases      ] GC(157)   Evacuate Collection Set: 3.8ms
[38.132s][info][gc,phases      ] GC(157)   Post Evacuate Collection Set: 0.4ms
[38.132s][info][gc,phases      ] GC(157)   Other: 1.0ms
[38.132s][info][gc,heap        ] GC(157) Eden regions: 208->0(208)
[38.132s][info][gc,heap        ] GC(157) Survivor regions: 1->1(27)
[38.132s][info][gc,heap        ] GC(157) Old regions: 37->37
[38.132s][info][gc,heap        ] GC(157) Humongous regions: 6->6
[38.132s][info][gc,metaspace   ] GC(157) Metaspace: 69861K->69861K(1112064K)
[38.132s][info][gc             ] GC(157) Pause Young (Normal) (G1 Evacuation Pause) 249M->41M(349M) 5.233ms
[38.132s][info][gc,cpu         ] GC(157) User=0.00s Sys=0.00s Real=0.01s
[38.249s][info][gc,start       ] GC(158) Pause Young (Normal) (G1 Evacuation Pause)
[38.249s][info][gc,task        ] GC(158) Using 1 workers of 1 for evacuation
[38.252s][info][gc,phases      ] GC(158)   Pre Evacuate Collection Set: 0.0ms
[38.252s][info][gc,phases      ] GC(158)   Evacuate Collection Set: 2.6ms
[38.252s][info][gc,phases      ] GC(158)   Post Evacuate Collection Set: 0.3ms
[38.252s][info][gc,phases      ] GC(158)   Other: 0.3ms
[38.252s][info][gc,heap        ] GC(158) Eden regions: 208->0(208)
[38.252s][info][gc,heap        ] GC(158) Survivor regions: 1->1(27)
[38.252s][info][gc,heap        ] GC(158) Old regions: 37->37
[38.252s][info][gc,heap        ] GC(158) Humongous regions: 6->6
[38.252s][info][gc,metaspace   ] GC(158) Metaspace: 69861K->69861K(1112064K)
[38.252s][info][gc             ] GC(158) Pause Young (Normal) (G1 Evacuation Pause) 249M->41M(349M) 3.286ms
[38.252s][info][gc,cpu         ] GC(158) User=0.00s Sys=0.00s Real=0.00s
[38.387s][info][gc,start       ] GC(159) Pause Young (Normal) (G1 Evacuation Pause)
[38.388s][info][gc,task        ] GC(159) Using 1 workers of 1 for evacuation
[38.392s][info][gc,phases      ] GC(159)   Pre Evacuate Collection Set: 0.0ms
[38.392s][info][gc,phases      ] GC(159)   Evacuate Collection Set: 3.4ms
[38.392s][info][gc,phases      ] GC(159)   Post Evacuate Collection Set: 0.4ms
[38.392s][info][gc,phases      ] GC(159)   Other: 0.3ms
[38.392s][info][gc,heap        ] GC(159) Eden regions: 208->0(208)
[38.392s][info][gc,heap        ] GC(159) Survivor regions: 1->1(27)
[38.392s][info][gc,heap        ] GC(159) Old regions: 37->37
[38.392s][info][gc,heap        ] GC(159) Humongous regions: 6->6
[38.392s][info][gc,metaspace   ] GC(159) Metaspace: 69861K->69861K(1112064K)
[38.392s][info][gc             ] GC(159) Pause Young (Normal) (G1 Evacuation Pause) 249M->41M(349M) 4.165ms
[38.392s][info][gc,cpu         ] GC(159) User=0.00s Sys=0.00s Real=0.00s
[38.493s][info][gc,start       ] GC(160) Pause Young (Normal) (G1 Evacuation Pause)
[38.493s][info][gc,task        ] GC(160) Using 1 workers of 1 for evacuation
[38.496s][info][gc,phases      ] GC(160)   Pre Evacuate Collection Set: 0.0ms
[38.496s][info][gc,phases      ] GC(160)   Evacuate Collection Set: 2.5ms
[38.496s][info][gc,phases      ] GC(160)   Post Evacuate Collection Set: 0.3ms
[38.496s][info][gc,phases      ] GC(160)   Other: 0.3ms
[38.496s][info][gc,heap        ] GC(160) Eden regions: 208->0(208)
[38.496s][info][gc,heap        ] GC(160) Survivor regions: 1->1(27)
[38.496s][info][gc,heap        ] GC(160) Old regions: 37->37
[38.496s][info][gc,heap        ] GC(160) Humongous regions: 6->6
[38.496s][info][gc,metaspace   ] GC(160) Metaspace: 69861K->69861K(1112064K)
[38.496s][info][gc             ] GC(160) Pause Young (Normal) (G1 Evacuation Pause) 249M->41M(349M) 3.135ms
[38.496s][info][gc,cpu         ] GC(160) User=0.00s Sys=0.00s Real=0.00s
[38.652s][info][gc,start       ] GC(161) Pause Young (Normal) (G1 Evacuation Pause)
[38.652s][info][gc,task        ] GC(161) Using 1 workers of 1 for evacuation
[38.655s][info][gc,phases      ] GC(161)   Pre Evacuate Collection Set: 0.0ms
[38.655s][info][gc,phases      ] GC(161)   Evacuate Collection Set: 2.3ms
[38.655s][info][gc,phases      ] GC(161)   Post Evacuate Collection Set: 0.3ms
[38.655s][info][gc,phases      ] GC(161)   Other: 0.4ms
[38.655s][info][gc,heap        ] GC(161) Eden regions: 208->0(208)
[38.655s][info][gc,heap        ] GC(161) Survivor regions: 1->1(27)
[38.655s][info][gc,heap        ] GC(161) Old regions: 37->37
[38.655s][info][gc,heap        ] GC(161) Humongous regions: 11->6
[38.655s][info][gc,metaspace   ] GC(161) Metaspace: 69869K->69869K(1112064K)
[38.655s][info][gc             ] GC(161) Pause Young (Normal) (G1 Evacuation Pause) 254M->41M(349M) 3.062ms
[38.655s][info][gc,cpu         ] GC(161) User=0.00s Sys=0.00s Real=0.00s
[38.764s][info][gc,start       ] GC(162) Pause Young (Normal) (G1 Evacuation Pause)
[38.764s][info][gc,task        ] GC(162) Using 1 workers of 1 for evacuation
[38.767s][info][gc,phases      ] GC(162)   Pre Evacuate Collection Set: 0.0ms
[38.767s][info][gc,phases      ] GC(162)   Evacuate Collection Set: 2.3ms
[38.767s][info][gc,phases      ] GC(162)   Post Evacuate Collection Set: 0.3ms
[38.767s][info][gc,phases      ] GC(162)   Other: 0.3ms
[38.767s][info][gc,heap        ] GC(162) Eden regions: 208->0(208)
[38.767s][info][gc,heap        ] GC(162) Survivor regions: 1->1(27)
[38.767s][info][gc,heap        ] GC(162) Old regions: 37->37
[38.767s][info][gc,heap        ] GC(162) Humongous regions: 6->6
[38.767s][info][gc,metaspace   ] GC(162) Metaspace: 69880K->69880K(1112064K)
[38.767s][info][gc             ] GC(162) Pause Young (Normal) (G1 Evacuation Pause) 249M->41M(349M) 3.014ms
[38.767s][info][gc,cpu         ] GC(162) User=0.01s Sys=0.00s Real=0.01s
[38.869s][info][gc,start       ] GC(163) Pause Young (Normal) (G1 Evacuation Pause)
[38.869s][info][gc,task        ] GC(163) Using 1 workers of 1 for evacuation
[38.872s][info][gc,phases      ] GC(163)   Pre Evacuate Collection Set: 0.0ms
[38.872s][info][gc,phases      ] GC(163)   Evacuate Collection Set: 2.3ms
[38.872s][info][gc,phases      ] GC(163)   Post Evacuate Collection Set: 0.3ms
[38.872s][info][gc,phases      ] GC(163)   Other: 0.3ms
[38.872s][info][gc,heap        ] GC(163) Eden regions: 208->0(208)
[38.872s][info][gc,heap        ] GC(163) Survivor regions: 1->1(27)
[38.872s][info][gc,heap        ] GC(163) Old regions: 37->37
[38.872s][info][gc,heap        ] GC(163) Humongous regions: 6->6
[38.872s][info][gc,metaspace   ] GC(163) Metaspace: 69880K->69880K(1112064K)
[38.872s][info][gc             ] GC(163) Pause Young (Normal) (G1 Evacuation Pause) 249M->41M(349M) 3.016ms
[38.872s][info][gc,cpu         ] GC(163) User=0.00s Sys=0.00s Real=0.00s
[38.974s][info][gc,start       ] GC(164) Pause Young (Normal) (G1 Evacuation Pause)
[38.974s][info][gc,task        ] GC(164) Using 1 workers of 1 for evacuation
[38.977s][info][gc,phases      ] GC(164)   Pre Evacuate Collection Set: 0.0ms
[38.977s][info][gc,phases      ] GC(164)   Evacuate Collection Set: 2.3ms
[38.977s][info][gc,phases      ] GC(164)   Post Evacuate Collection Set: 0.3ms
[38.977s][info][gc,phases      ] GC(164)   Other: 0.3ms
[38.977s][info][gc,heap        ] GC(164) Eden regions: 208->0(208)
[38.977s][info][gc,heap        ] GC(164) Survivor regions: 1->1(27)
[38.977s][info][gc,heap        ] GC(164) Old regions: 37->37
[38.977s][info][gc,heap        ] GC(164) Humongous regions: 6->6
[38.977s][info][gc,metaspace   ] GC(164) Metaspace: 69880K->69880K(1112064K)
[38.977s][info][gc             ] GC(164) Pause Young (Normal) (G1 Evacuation Pause) 249M->41M(349M) 2.967ms
[38.977s][info][gc,cpu         ] GC(164) User=0.01s Sys=0.00s Real=0.00s
[39.088s][info][gc,start       ] GC(165) Pause Young (Normal) (G1 Evacuation Pause)
[39.088s][info][gc,task        ] GC(165) Using 1 workers of 1 for evacuation
[39.091s][info][gc,phases      ] GC(165)   Pre Evacuate Collection Set: 0.0ms
[39.091s][info][gc,phases      ] GC(165)   Evacuate Collection Set: 2.4ms
[39.091s][info][gc,phases      ] GC(165)   Post Evacuate Collection Set: 0.3ms
[39.091s][info][gc,phases      ] GC(165)   Other: 0.3ms
[39.091s][info][gc,heap        ] GC(165) Eden regions: 208->0(208)
[39.091s][info][gc,heap        ] GC(165) Survivor regions: 1->1(27)
[39.091s][info][gc,heap        ] GC(165) Old regions: 37->37
[39.091s][info][gc,heap        ] GC(165) Humongous regions: 6->6
[39.091s][info][gc,metaspace   ] GC(165) Metaspace: 69880K->69880K(1112064K)
[39.091s][info][gc             ] GC(165) Pause Young (Normal) (G1 Evacuation Pause) 249M->41M(349M) 2.994ms
[39.091s][info][gc,cpu         ] GC(165) User=0.00s Sys=0.00s Real=0.00s
[39.221s][info][gc,start       ] GC(166) Pause Young (Normal) (G1 Evacuation Pause)
[39.221s][info][gc,task        ] GC(166) Using 1 workers of 1 for evacuation
[39.228s][info][gc,phases      ] GC(166)   Pre Evacuate Collection Set: 0.1ms
[39.228s][info][gc,phases      ] GC(166)   Evacuate Collection Set: 5.3ms
[39.228s][info][gc,phases      ] GC(166)   Post Evacuate Collection Set: 0.8ms
[39.228s][info][gc,phases      ] GC(166)   Other: 0.5ms
[39.228s][info][gc,heap        ] GC(166) Eden regions: 208->0(208)
[39.228s][info][gc,heap        ] GC(166) Survivor regions: 1->1(27)
[39.228s][info][gc,heap        ] GC(166) Old regions: 37->37
[39.228s][info][gc,heap        ] GC(166) Humongous regions: 6->6
[39.228s][info][gc,metaspace   ] GC(166) Metaspace: 69880K->69880K(1112064K)
[39.228s][info][gc             ] GC(166) Pause Young (Normal) (G1 Evacuation Pause) 249M->41M(349M) 6.803ms
[39.228s][info][gc,cpu         ] GC(166) User=0.01s Sys=0.00s Real=0.01s
[39.372s][info][gc,start       ] GC(167) Pause Young (Normal) (G1 Evacuation Pause)
[39.372s][info][gc,task        ] GC(167) Using 1 workers of 1 for evacuation
[39.375s][info][gc,phases      ] GC(167)   Pre Evacuate Collection Set: 0.0ms
[39.375s][info][gc,phases      ] GC(167)   Evacuate Collection Set: 2.5ms
[39.375s][info][gc,phases      ] GC(167)   Post Evacuate Collection Set: 0.3ms
[39.375s][info][gc,phases      ] GC(167)   Other: 0.3ms
[39.375s][info][gc,heap        ] GC(167) Eden regions: 208->0(208)
[39.375s][info][gc,heap        ] GC(167) Survivor regions: 1->1(27)
[39.375s][info][gc,heap        ] GC(167) Old regions: 37->38
[39.375s][info][gc,heap        ] GC(167) Humongous regions: 6->6
[39.375s][info][gc,metaspace   ] GC(167) Metaspace: 69880K->69880K(1112064K)
[39.376s][info][gc             ] GC(167) Pause Young (Normal) (G1 Evacuation Pause) 249M->41M(349M) 3.157ms
[39.376s][info][gc,cpu         ] GC(167) User=0.00s Sys=0.00s Real=0.00s
[39.552s][info][gc,start       ] GC(168) Pause Young (Normal) (G1 Evacuation Pause)
[39.552s][info][gc,task        ] GC(168) Using 1 workers of 1 for evacuation
[39.555s][info][gc,phases      ] GC(168)   Pre Evacuate Collection Set: 0.0ms
[39.555s][info][gc,phases      ] GC(168)   Evacuate Collection Set: 2.4ms
[39.555s][info][gc,phases      ] GC(168)   Post Evacuate Collection Set: 0.3ms
[39.555s][info][gc,phases      ] GC(168)   Other: 0.3ms
[39.555s][info][gc,heap        ] GC(168) Eden regions: 208->0(208)
[39.555s][info][gc,heap        ] GC(168) Survivor regions: 1->1(27)
[39.555s][info][gc,heap        ] GC(168) Old regions: 38->38
[39.555s][info][gc,heap        ] GC(168) Humongous regions: 6->6
[39.555s][info][gc,metaspace   ] GC(168) Metaspace: 69880K->69880K(1112064K)
[39.555s][info][gc             ] GC(168) Pause Young (Normal) (G1 Evacuation Pause) 249M->41M(349M) 3.100ms
[39.555s][info][gc,cpu         ] GC(168) User=0.00s Sys=0.00s Real=0.00s
[39.912s][info][gc,start       ] GC(169) Pause Young (Normal) (G1 Evacuation Pause)
[39.912s][info][gc,task        ] GC(169) Using 1 workers of 1 for evacuation
[39.915s][info][gc,phases      ] GC(169)   Pre Evacuate Collection Set: 0.0ms
[39.915s][info][gc,phases      ] GC(169)   Evacuate Collection Set: 2.7ms
[39.915s][info][gc,phases      ] GC(169)   Post Evacuate Collection Set: 0.3ms
[39.915s][info][gc,phases      ] GC(169)   Other: 0.4ms
[39.915s][info][gc,heap        ] GC(169) Eden regions: 208->0(208)
[39.915s][info][gc,heap        ] GC(169) Survivor regions: 1->1(27)
[39.915s][info][gc,heap        ] GC(169) Old regions: 38->38
[39.915s][info][gc,heap        ] GC(169) Humongous regions: 11->6
[39.915s][info][gc,metaspace   ] GC(169) Metaspace: 69902K->69902K(1112064K)
[39.915s][info][gc             ] GC(169) Pause Young (Normal) (G1 Evacuation Pause) 254M->41M(349M) 3.465ms
[39.915s][info][gc,cpu         ] GC(169) User=0.00s Sys=0.00s Real=0.00s
[40.029s][info][gc,start       ] GC(170) Pause Young (Normal) (G1 Evacuation Pause)
[40.029s][info][gc,task        ] GC(170) Using 1 workers of 1 for evacuation
[40.032s][info][gc,phases      ] GC(170)   Pre Evacuate Collection Set: 0.0ms
[40.032s][info][gc,phases      ] GC(170)   Evacuate Collection Set: 2.5ms
[40.032s][info][gc,phases      ] GC(170)   Post Evacuate Collection Set: 0.3ms
[40.032s][info][gc,phases      ] GC(170)   Other: 0.3ms
[40.032s][info][gc,heap        ] GC(170) Eden regions: 208->0(208)
[40.032s][info][gc,heap        ] GC(170) Survivor regions: 1->1(27)
[40.032s][info][gc,heap        ] GC(170) Old regions: 38->38
[40.032s][info][gc,heap        ] GC(170) Humongous regions: 6->6
[40.032s][info][gc,metaspace   ] GC(170) Metaspace: 69906K->69906K(1112064K)
[40.032s][info][gc             ] GC(170) Pause Young (Normal) (G1 Evacuation Pause) 249M->41M(349M) 3.118ms
[40.032s][info][gc,cpu         ] GC(170) User=0.00s Sys=0.00s Real=0.00s
[40.152s][info][gc,start       ] GC(171) Pause Young (Normal) (G1 Evacuation Pause)
[40.152s][info][gc,task        ] GC(171) Using 1 workers of 1 for evacuation
[40.158s][info][gc,phases      ] GC(171)   Pre Evacuate Collection Set: 0.0ms
[40.158s][info][gc,phases      ] GC(171)   Evacuate Collection Set: 4.9ms
[40.158s][info][gc,phases      ] GC(171)   Post Evacuate Collection Set: 0.7ms
[40.158s][info][gc,phases      ] GC(171)   Other: 0.5ms
[40.158s][info][gc,heap        ] GC(171) Eden regions: 208->0(208)
[40.158s][info][gc,heap        ] GC(171) Survivor regions: 1->1(27)
[40.158s][info][gc,heap        ] GC(171) Old regions: 38->38
[40.158s][info][gc,heap        ] GC(171) Humongous regions: 6->6
[40.158s][info][gc,metaspace   ] GC(171) Metaspace: 69906K->69906K(1112064K)
[40.158s][info][gc             ] GC(171) Pause Young (Normal) (G1 Evacuation Pause) 249M->41M(349M) 6.098ms
[40.158s][info][gc,cpu         ] GC(171) User=0.00s Sys=0.00s Real=0.00s
[40.383s][info][gc,start       ] GC(172) Pause Young (Normal) (G1 Evacuation Pause)
[40.383s][info][gc,task        ] GC(172) Using 1 workers of 1 for evacuation
[40.387s][info][gc,phases      ] GC(172)   Pre Evacuate Collection Set: 0.0ms
[40.387s][info][gc,phases      ] GC(172)   Evacuate Collection Set: 2.9ms
[40.387s][info][gc,phases      ] GC(172)   Post Evacuate Collection Set: 0.4ms
[40.387s][info][gc,phases      ] GC(172)   Other: 0.4ms
[40.387s][info][gc,heap        ] GC(172) Eden regions: 208->0(208)
[40.387s][info][gc,heap        ] GC(172) Survivor regions: 1->1(27)
[40.387s][info][gc,heap        ] GC(172) Old regions: 38->38
[40.387s][info][gc,heap        ] GC(172) Humongous regions: 6->6
[40.387s][info][gc,metaspace   ] GC(172) Metaspace: 69906K->69906K(1112064K)
[40.387s][info][gc             ] GC(172) Pause Young (Normal) (G1 Evacuation Pause) 249M->41M(349M) 3.893ms
[40.387s][info][gc,cpu         ] GC(172) User=0.00s Sys=0.00s Real=0.01s
[40.489s][info][gc,start       ] GC(173) Pause Young (Normal) (G1 Evacuation Pause)
[40.489s][info][gc,task        ] GC(173) Using 1 workers of 1 for evacuation
[40.492s][info][gc,phases      ] GC(173)   Pre Evacuate Collection Set: 0.0ms
[40.492s][info][gc,phases      ] GC(173)   Evacuate Collection Set: 2.4ms
[40.492s][info][gc,phases      ] GC(173)   Post Evacuate Collection Set: 0.3ms
[40.492s][info][gc,phases      ] GC(173)   Other: 0.3ms
[40.492s][info][gc,heap        ] GC(173) Eden regions: 208->0(208)
[40.492s][info][gc,heap        ] GC(173) Survivor regions: 1->1(27)
[40.492s][info][gc,heap        ] GC(173) Old regions: 38->38
[40.492s][info][gc,heap        ] GC(173) Humongous regions: 6->6
[40.492s][info][gc,metaspace   ] GC(173) Metaspace: 69906K->69906K(1112064K)
[40.492s][info][gc             ] GC(173) Pause Young (Normal) (G1 Evacuation Pause) 249M->41M(349M) 3.132ms
[40.492s][info][gc,cpu         ] GC(173) User=0.01s Sys=0.00s Real=0.00s
[40.607s][info][gc,start       ] GC(174) Pause Young (Normal) (G1 Evacuation Pause)
[40.607s][info][gc,task        ] GC(174) Using 1 workers of 1 for evacuation
[40.610s][info][gc,phases      ] GC(174)   Pre Evacuate Collection Set: 0.0ms
[40.610s][info][gc,phases      ] GC(174)   Evacuate Collection Set: 2.5ms
[40.610s][info][gc,phases      ] GC(174)   Post Evacuate Collection Set: 0.3ms
[40.611s][info][gc,phases      ] GC(174)   Other: 0.3ms
[40.611s][info][gc,heap        ] GC(174) Eden regions: 208->0(208)
[40.611s][info][gc,heap        ] GC(174) Survivor regions: 1->1(27)
[40.611s][info][gc,heap        ] GC(174) Old regions: 38->38
[40.611s][info][gc,heap        ] GC(174) Humongous regions: 6->6
[40.611s][info][gc,metaspace   ] GC(174) Metaspace: 69906K->69906K(1112064K)
[40.611s][info][gc             ] GC(174) Pause Young (Normal) (G1 Evacuation Pause) 249M->41M(349M) 3.196ms
[40.611s][info][gc,cpu         ] GC(174) User=0.00s Sys=0.00s Real=0.00s
[40.773s][info][gc,start       ] GC(175) Pause Young (Normal) (G1 Evacuation Pause)
[40.773s][info][gc,task        ] GC(175) Using 1 workers of 1 for evacuation
[40.776s][info][gc,phases      ] GC(175)   Pre Evacuate Collection Set: 0.0ms
[40.776s][info][gc,phases      ] GC(175)   Evacuate Collection Set: 2.7ms
[40.776s][info][gc,phases      ] GC(175)   Post Evacuate Collection Set: 0.3ms
[40.776s][info][gc,phases      ] GC(175)   Other: 0.3ms
[40.776s][info][gc,heap        ] GC(175) Eden regions: 208->0(208)
[40.776s][info][gc,heap        ] GC(175) Survivor regions: 1->1(27)
[40.776s][info][gc,heap        ] GC(175) Old regions: 38->38
[40.776s][info][gc,heap        ] GC(175) Humongous regions: 6->6
[40.776s][info][gc,metaspace   ] GC(175) Metaspace: 69906K->69906K(1112064K)
[40.776s][info][gc             ] GC(175) Pause Young (Normal) (G1 Evacuation Pause) 249M->41M(349M) 3.404ms
[40.776s][info][gc,cpu         ] GC(175) User=0.01s Sys=0.00s Real=0.00s
[40.887s][info][gc,start       ] GC(176) Pause Young (Normal) (G1 Evacuation Pause)
[40.887s][info][gc,task        ] GC(176) Using 1 workers of 1 for evacuation
[40.893s][info][gc,phases      ] GC(176)   Pre Evacuate Collection Set: 0.1ms
[40.893s][info][gc,phases      ] GC(176)   Evacuate Collection Set: 5.2ms
[40.893s][info][gc,phases      ] GC(176)   Post Evacuate Collection Set: 0.4ms
[40.893s][info][gc,phases      ] GC(176)   Other: 0.5ms
[40.893s][info][gc,heap        ] GC(176) Eden regions: 208->0(208)
[40.893s][info][gc,heap        ] GC(176) Survivor regions: 1->1(27)
[40.893s][info][gc,heap        ] GC(176) Old regions: 38->38
[40.893s][info][gc,heap        ] GC(176) Humongous regions: 6->6
[40.893s][info][gc,metaspace   ] GC(176) Metaspace: 69906K->69906K(1112064K)
[40.893s][info][gc             ] GC(176) Pause Young (Normal) (G1 Evacuation Pause) 249M->41M(349M) 6.140ms
[40.893s][info][gc,cpu         ] GC(176) User=0.00s Sys=0.00s Real=0.00s
[41.112s][info][gc,start       ] GC(177) Pause Young (Normal) (G1 Evacuation Pause)
[41.112s][info][gc,task        ] GC(177) Using 1 workers of 1 for evacuation
[41.118s][info][gc,phases      ] GC(177)   Pre Evacuate Collection Set: 0.0ms
[41.118s][info][gc,phases      ] GC(177)   Evacuate Collection Set: 4.6ms
[41.118s][info][gc,phases      ] GC(177)   Post Evacuate Collection Set: 0.4ms
[41.118s][info][gc,phases      ] GC(177)   Other: 0.6ms
[41.118s][info][gc,heap        ] GC(177) Eden regions: 208->0(208)
[41.118s][info][gc,heap        ] GC(177) Survivor regions: 1->1(27)
[41.118s][info][gc,heap        ] GC(177) Old regions: 38->38
[41.118s][info][gc,heap        ] GC(177) Humongous regions: 11->6
[41.118s][info][gc,metaspace   ] GC(177) Metaspace: 69928K->69928K(1112064K)
[41.118s][info][gc             ] GC(177) Pause Young (Normal) (G1 Evacuation Pause) 254M->41M(349M) 5.685ms
[41.118s][info][gc,cpu         ] GC(177) User=0.01s Sys=0.00s Real=0.00s
[41.265s][info][gc,start       ] GC(178) Pause Young (Normal) (G1 Evacuation Pause)
[41.265s][info][gc,task        ] GC(178) Using 1 workers of 1 for evacuation
[41.268s][info][gc,phases      ] GC(178)   Pre Evacuate Collection Set: 0.0ms
[41.268s][info][gc,phases      ] GC(178)   Evacuate Collection Set: 2.4ms
[41.268s][info][gc,phases      ] GC(178)   Post Evacuate Collection Set: 0.4ms
[41.268s][info][gc,phases      ] GC(178)   Other: 0.3ms
[41.268s][info][gc,heap        ] GC(178) Eden regions: 208->0(208)
[41.268s][info][gc,heap        ] GC(178) Survivor regions: 1->1(27)
[41.268s][info][gc,heap        ] GC(178) Old regions: 38->38
[41.268s][info][gc,heap        ] GC(178) Humongous regions: 6->6
[41.268s][info][gc,metaspace   ] GC(178) Metaspace: 69929K->69929K(1112064K)
[41.268s][info][gc             ] GC(178) Pause Young (Normal) (G1 Evacuation Pause) 249M->41M(349M) 3.171ms
[41.268s][info][gc,cpu         ] GC(178) User=0.00s Sys=0.00s Real=0.01s
[41.412s][info][gc,start       ] GC(179) Pause Young (Normal) (G1 Evacuation Pause)
[41.412s][info][gc,task        ] GC(179) Using 1 workers of 1 for evacuation
[41.416s][info][gc,phases      ] GC(179)   Pre Evacuate Collection Set: 0.0ms
[41.416s][info][gc,phases      ] GC(179)   Evacuate Collection Set: 2.5ms
[41.416s][info][gc,phases      ] GC(179)   Post Evacuate Collection Set: 0.3ms
[41.416s][info][gc,phases      ] GC(179)   Other: 0.4ms
[41.416s][info][gc,heap        ] GC(179) Eden regions: 208->0(208)
[41.416s][info][gc,heap        ] GC(179) Survivor regions: 1->1(27)
[41.416s][info][gc,heap        ] GC(179) Old regions: 38->38
[41.416s][info][gc,heap        ] GC(179) Humongous regions: 6->6
[41.416s][info][gc,metaspace   ] GC(179) Metaspace: 69929K->69929K(1112064K)
[41.416s][info][gc             ] GC(179) Pause Young (Normal) (G1 Evacuation Pause) 249M->41M(349M) 3.401ms
[41.416s][info][gc,cpu         ] GC(179) User=0.01s Sys=0.00s Real=0.00s
[41.531s][info][gc,start       ] GC(180) Pause Young (Normal) (G1 Evacuation Pause)
[41.531s][info][gc,task        ] GC(180) Using 1 workers of 1 for evacuation
[41.534s][info][gc,phases      ] GC(180)   Pre Evacuate Collection Set: 0.0ms
[41.534s][info][gc,phases      ] GC(180)   Evacuate Collection Set: 2.3ms
[41.534s][info][gc,phases      ] GC(180)   Post Evacuate Collection Set: 0.3ms
[41.534s][info][gc,phases      ] GC(180)   Other: 0.3ms
[41.534s][info][gc,heap        ] GC(180) Eden regions: 208->0(208)
[41.534s][info][gc,heap        ] GC(180) Survivor regions: 1->1(27)
[41.534s][info][gc,heap        ] GC(180) Old regions: 38->38
[41.534s][info][gc,heap        ] GC(180) Humongous regions: 6->6
[41.534s][info][gc,metaspace   ] GC(180) Metaspace: 69929K->69929K(1112064K)
[41.534s][info][gc             ] GC(180) Pause Young (Normal) (G1 Evacuation Pause) 249M->41M(349M) 2.956ms
[41.534s][info][gc,cpu         ] GC(180) User=0.00s Sys=0.00s Real=0.00s
[41.651s][info][gc,start       ] GC(181) Pause Young (Normal) (G1 Evacuation Pause)
[41.651s][info][gc,task        ] GC(181) Using 1 workers of 1 for evacuation
[41.654s][info][gc,phases      ] GC(181)   Pre Evacuate Collection Set: 0.0ms
[41.654s][info][gc,phases      ] GC(181)   Evacuate Collection Set: 2.4ms
[41.654s][info][gc,phases      ] GC(181)   Post Evacuate Collection Set: 0.3ms
[41.654s][info][gc,phases      ] GC(181)   Other: 0.3ms
[41.654s][info][gc,heap        ] GC(181) Eden regions: 208->0(208)
[41.654s][info][gc,heap        ] GC(181) Survivor regions: 1->1(27)
[41.654s][info][gc,heap        ] GC(181) Old regions: 38->38
[41.654s][info][gc,heap        ] GC(181) Humongous regions: 6->6
[41.655s][info][gc,metaspace   ] GC(181) Metaspace: 69929K->69929K(1112064K)
[41.655s][info][gc             ] GC(181) Pause Young (Normal) (G1 Evacuation Pause) 249M->41M(349M) 3.080ms
[41.655s][info][gc,cpu         ] GC(181) User=0.00s Sys=0.00s Real=0.00s
[41.800s][info][gc,start       ] GC(182) Pause Young (Normal) (G1 Evacuation Pause)
[41.800s][info][gc,task        ] GC(182) Using 1 workers of 1 for evacuation
[41.803s][info][gc,phases      ] GC(182)   Pre Evacuate Collection Set: 0.0ms
[41.803s][info][gc,phases      ] GC(182)   Evacuate Collection Set: 2.4ms
[41.803s][info][gc,phases      ] GC(182)   Post Evacuate Collection Set: 0.3ms
[41.803s][info][gc,phases      ] GC(182)   Other: 0.3ms
[41.803s][info][gc,heap        ] GC(182) Eden regions: 208->0(208)
[41.803s][info][gc,heap        ] GC(182) Survivor regions: 1->1(27)
[41.803s][info][gc,heap        ] GC(182) Old regions: 38->38
[41.803s][info][gc,heap        ] GC(182) Humongous regions: 6->6
[41.803s][info][gc,metaspace   ] GC(182) Metaspace: 69929K->69929K(1112064K)
[41.803s][info][gc             ] GC(182) Pause Young (Normal) (G1 Evacuation Pause) 249M->41M(349M) 3.063ms
[41.803s][info][gc,cpu         ] GC(182) User=0.00s Sys=0.00s Real=0.00s
[41.933s][info][gc,start       ] GC(183) Pause Young (Normal) (G1 Evacuation Pause)
[41.933s][info][gc,task        ] GC(183) Using 1 workers of 1 for evacuation
[41.936s][info][gc,phases      ] GC(183)   Pre Evacuate Collection Set: 0.0ms
[41.936s][info][gc,phases      ] GC(183)   Evacuate Collection Set: 2.7ms
[41.936s][info][gc,phases      ] GC(183)   Post Evacuate Collection Set: 0.4ms
[41.936s][info][gc,phases      ] GC(183)   Other: 0.4ms
[41.936s][info][gc,heap        ] GC(183) Eden regions: 208->0(208)
[41.936s][info][gc,heap        ] GC(183) Survivor regions: 1->1(27)
[41.936s][info][gc,heap        ] GC(183) Old regions: 38->38
[41.936s][info][gc,heap        ] GC(183) Humongous regions: 6->6
[41.936s][info][gc,metaspace   ] GC(183) Metaspace: 69929K->69929K(1112064K)
[41.936s][info][gc             ] GC(183) Pause Young (Normal) (G1 Evacuation Pause) 249M->41M(349M) 3.559ms
[41.936s][info][gc,cpu         ] GC(183) User=0.00s Sys=0.00s Real=0.00s
[42.120s][info][gc,start       ] GC(184) Pause Young (Normal) (G1 Evacuation Pause)
[42.120s][info][gc,task        ] GC(184) Using 1 workers of 1 for evacuation
[42.123s][info][gc,phases      ] GC(184)   Pre Evacuate Collection Set: 0.0ms
[42.123s][info][gc,phases      ] GC(184)   Evacuate Collection Set: 2.6ms
[42.123s][info][gc,phases      ] GC(184)   Post Evacuate Collection Set: 0.3ms
[42.123s][info][gc,phases      ] GC(184)   Other: 0.3ms
[42.123s][info][gc,heap        ] GC(184) Eden regions: 208->0(208)
[42.123s][info][gc,heap        ] GC(184) Survivor regions: 1->1(27)
[42.123s][info][gc,heap        ] GC(184) Old regions: 38->38
[42.123s][info][gc,heap        ] GC(184) Humongous regions: 6->6
[42.123s][info][gc,metaspace   ] GC(184) Metaspace: 69929K->69929K(1112064K)
[42.123s][info][gc             ] GC(184) Pause Young (Normal) (G1 Evacuation Pause) 249M->41M(349M) 3.230ms
[42.123s][info][gc,cpu         ] GC(184) User=0.00s Sys=0.00s Real=0.00s
[42.304s][info][gc,start       ] GC(185) Pause Young (Normal) (G1 Evacuation Pause)
[42.304s][info][gc,task        ] GC(185) Using 1 workers of 1 for evacuation
[42.309s][info][gc,phases      ] GC(185)   Pre Evacuate Collection Set: 0.0ms
[42.309s][info][gc,phases      ] GC(185)   Evacuate Collection Set: 3.9ms
[42.309s][info][gc,phases      ] GC(185)   Post Evacuate Collection Set: 0.6ms
[42.309s][info][gc,phases      ] GC(185)   Other: 0.4ms
[42.309s][info][gc,heap        ] GC(185) Eden regions: 208->0(208)
[42.309s][info][gc,heap        ] GC(185) Survivor regions: 1->1(27)
[42.309s][info][gc,heap        ] GC(185) Old regions: 38->38
[42.309s][info][gc,heap        ] GC(185) Humongous regions: 11->6
[42.309s][info][gc,metaspace   ] GC(185) Metaspace: 69934K->69934K(1112064K)
[42.309s][info][gc             ] GC(185) Pause Young (Normal) (G1 Evacuation Pause) 254M->41M(349M) 4.977ms
[42.309s][info][gc,cpu         ] GC(185) User=0.01s Sys=0.00s Real=0.01s
[42.433s][info][gc,start       ] GC(186) Pause Young (Normal) (G1 Evacuation Pause)
[42.433s][info][gc,task        ] GC(186) Using 1 workers of 1 for evacuation
[42.436s][info][gc,phases      ] GC(186)   Pre Evacuate Collection Set: 0.0ms
[42.436s][info][gc,phases      ] GC(186)   Evacuate Collection Set: 2.6ms
[42.436s][info][gc,phases      ] GC(186)   Post Evacuate Collection Set: 0.3ms
[42.436s][info][gc,phases      ] GC(186)   Other: 0.3ms
[42.436s][info][gc,heap        ] GC(186) Eden regions: 208->0(208)
[42.436s][info][gc,heap        ] GC(186) Survivor regions: 1->1(27)
[42.436s][info][gc,heap        ] GC(186) Old regions: 38->38
[42.436s][info][gc,heap        ] GC(186) Humongous regions: 6->6
[42.436s][info][gc,metaspace   ] GC(186) Metaspace: 69934K->69934K(1112064K)
[42.436s][info][gc             ] GC(186) Pause Young (Normal) (G1 Evacuation Pause) 249M->41M(349M) 3.244ms
[42.437s][info][gc,cpu         ] GC(186) User=0.00s Sys=0.00s Real=0.00s
[42.539s][info][gc,start       ] GC(187) Pause Young (Normal) (G1 Evacuation Pause)
[42.539s][info][gc,task        ] GC(187) Using 1 workers of 1 for evacuation
[42.543s][info][gc,phases      ] GC(187)   Pre Evacuate Collection Set: 0.0ms
[42.543s][info][gc,phases      ] GC(187)   Evacuate Collection Set: 2.8ms
[42.543s][info][gc,phases      ] GC(187)   Post Evacuate Collection Set: 0.3ms
[42.543s][info][gc,phases      ] GC(187)   Other: 0.3ms
[42.543s][info][gc,heap        ] GC(187) Eden regions: 208->0(208)
[42.543s][info][gc,heap        ] GC(187) Survivor regions: 1->1(27)
[42.543s][info][gc,heap        ] GC(187) Old regions: 38->38
[42.543s][info][gc,heap        ] GC(187) Humongous regions: 6->6
[42.543s][info][gc,metaspace   ] GC(187) Metaspace: 69934K->69934K(1112064K)
[42.543s][info][gc             ] GC(187) Pause Young (Normal) (G1 Evacuation Pause) 249M->41M(349M) 3.447ms
[42.543s][info][gc,cpu         ] GC(187) User=0.00s Sys=0.00s Real=0.00s
[42.665s][info][gc,start       ] GC(188) Pause Young (Normal) (G1 Evacuation Pause)
[42.665s][info][gc,task        ] GC(188) Using 1 workers of 1 for evacuation
[42.669s][info][gc,phases      ] GC(188)   Pre Evacuate Collection Set: 0.0ms
[42.669s][info][gc,phases      ] GC(188)   Evacuate Collection Set: 2.7ms
[42.669s][info][gc,phases      ] GC(188)   Post Evacuate Collection Set: 0.3ms
[42.669s][info][gc,phases      ] GC(188)   Other: 0.3ms
[42.669s][info][gc,heap        ] GC(188) Eden regions: 208->0(208)
[42.669s][info][gc,heap        ] GC(188) Survivor regions: 1->1(27)
[42.669s][info][gc,heap        ] GC(188) Old regions: 38->38
[42.669s][info][gc,heap        ] GC(188) Humongous regions: 6->6
[42.669s][info][gc,metaspace   ] GC(188) Metaspace: 69934K->69934K(1112064K)
[42.669s][info][gc             ] GC(188) Pause Young (Normal) (G1 Evacuation Pause) 249M->41M(349M) 3.407ms
[42.669s][info][gc,cpu         ] GC(188) User=0.01s Sys=0.00s Real=0.01s
[42.774s][info][gc,start       ] GC(189) Pause Young (Normal) (G1 Evacuation Pause)
[42.774s][info][gc,task        ] GC(189) Using 1 workers of 1 for evacuation
[42.777s][info][gc,phases      ] GC(189)   Pre Evacuate Collection Set: 0.0ms
[42.777s][info][gc,phases      ] GC(189)   Evacuate Collection Set: 2.6ms
[42.777s][info][gc,phases      ] GC(189)   Post Evacuate Collection Set: 0.3ms
[42.777s][info][gc,phases      ] GC(189)   Other: 0.3ms
[42.777s][info][gc,heap        ] GC(189) Eden regions: 208->0(208)
[42.777s][info][gc,heap        ] GC(189) Survivor regions: 1->1(27)
[42.777s][info][gc,heap        ] GC(189) Old regions: 38->38
[42.777s][info][gc,heap        ] GC(189) Humongous regions: 6->6
[42.777s][info][gc,metaspace   ] GC(189) Metaspace: 69934K->69934K(1112064K)
[42.777s][info][gc             ] GC(189) Pause Young (Normal) (G1 Evacuation Pause) 249M->41M(349M) 3.318ms
[42.777s][info][gc,cpu         ] GC(189) User=0.00s Sys=0.00s Real=0.00s
[42.886s][info][gc,start       ] GC(190) Pause Young (Normal) (G1 Evacuation Pause)
[42.887s][info][gc,task        ] GC(190) Using 1 workers of 1 for evacuation
[42.891s][info][gc,phases      ] GC(190)   Pre Evacuate Collection Set: 0.0ms
[42.892s][info][gc,phases      ] GC(190)   Evacuate Collection Set: 4.0ms
[42.892s][info][gc,phases      ] GC(190)   Post Evacuate Collection Set: 0.7ms
[42.892s][info][gc,phases      ] GC(190)   Other: 0.4ms
[42.892s][info][gc,heap        ] GC(190) Eden regions: 208->0(208)
[42.892s][info][gc,heap        ] GC(190) Survivor regions: 1->1(27)
[42.892s][info][gc,heap        ] GC(190) Old regions: 38->38
[42.892s][info][gc,heap        ] GC(190) Humongous regions: 6->6
[42.892s][info][gc,metaspace   ] GC(190) Metaspace: 69934K->69934K(1112064K)
[42.892s][info][gc             ] GC(190) Pause Young (Normal) (G1 Evacuation Pause) 249M->41M(349M) 5.246ms
[42.892s][info][gc,cpu         ] GC(190) User=0.01s Sys=0.00s Real=0.00s
[43.010s][info][gc,start       ] GC(191) Pause Young (Normal) (G1 Evacuation Pause)
[43.011s][info][gc,task        ] GC(191) Using 1 workers of 1 for evacuation
[43.017s][info][gc,phases      ] GC(191)   Pre Evacuate Collection Set: 0.0ms
[43.017s][info][gc,phases      ] GC(191)   Evacuate Collection Set: 5.3ms
[43.017s][info][gc,phases      ] GC(191)   Post Evacuate Collection Set: 0.6ms
[43.017s][info][gc,phases      ] GC(191)   Other: 0.7ms
[43.017s][info][gc,heap        ] GC(191) Eden regions: 208->0(208)
[43.017s][info][gc,heap        ] GC(191) Survivor regions: 1->1(27)
[43.017s][info][gc,heap        ] GC(191) Old regions: 38->38
[43.017s][info][gc,heap        ] GC(191) Humongous regions: 6->6
[43.017s][info][gc,metaspace   ] GC(191) Metaspace: 69934K->69934K(1112064K)
[43.017s][info][gc             ] GC(191) Pause Young (Normal) (G1 Evacuation Pause) 249M->41M(349M) 6.729ms
[43.017s][info][gc,cpu         ] GC(191) User=0.00s Sys=0.00s Real=0.00s
[43.180s][info][gc,start       ] GC(192) Pause Young (Normal) (G1 Evacuation Pause)
[43.181s][info][gc,task        ] GC(192) Using 1 workers of 1 for evacuation
[43.184s][info][gc,phases      ] GC(192)   Pre Evacuate Collection Set: 0.0ms
[43.184s][info][gc,phases      ] GC(192)   Evacuate Collection Set: 2.6ms
[43.184s][info][gc,phases      ] GC(192)   Post Evacuate Collection Set: 0.3ms
[43.184s][info][gc,phases      ] GC(192)   Other: 0.7ms
[43.184s][info][gc,heap        ] GC(192) Eden regions: 208->0(208)
[43.184s][info][gc,heap        ] GC(192) Survivor regions: 1->1(27)
[43.184s][info][gc,heap        ] GC(192) Old regions: 38->38
[43.184s][info][gc,heap        ] GC(192) Humongous regions: 6->6
[43.184s][info][gc,metaspace   ] GC(192) Metaspace: 69934K->69934K(1112064K)
[43.184s][info][gc             ] GC(192) Pause Young (Normal) (G1 Evacuation Pause) 249M->41M(349M) 3.624ms
[43.184s][info][gc,cpu         ] GC(192) User=0.00s Sys=0.00s Real=0.00s
[43.285s][info][gc,start       ] GC(193) Pause Young (Normal) (G1 Evacuation Pause)
[43.285s][info][gc,task        ] GC(193) Using 1 workers of 1 for evacuation
[43.289s][info][gc,phases      ] GC(193)   Pre Evacuate Collection Set: 0.0ms
[43.289s][info][gc,phases      ] GC(193)   Evacuate Collection Set: 3.2ms
[43.289s][info][gc,phases      ] GC(193)   Post Evacuate Collection Set: 0.4ms
[43.289s][info][gc,phases      ] GC(193)   Other: 0.3ms
[43.289s][info][gc,heap        ] GC(193) Eden regions: 208->0(208)
[43.289s][info][gc,heap        ] GC(193) Survivor regions: 1->1(27)
[43.289s][info][gc,heap        ] GC(193) Old regions: 38->38
[43.289s][info][gc,heap        ] GC(193) Humongous regions: 6->6
[43.289s][info][gc,metaspace   ] GC(193) Metaspace: 69934K->69934K(1112064K)
[43.289s][info][gc             ] GC(193) Pause Young (Normal) (G1 Evacuation Pause) 249M->41M(349M) 3.924ms
[43.289s][info][gc,cpu         ] GC(193) User=0.00s Sys=0.00s Real=0.01s
[43.464s][info][gc,start       ] GC(194) Pause Young (Normal) (G1 Evacuation Pause)
[43.464s][info][gc,task        ] GC(194) Using 1 workers of 1 for evacuation
[43.467s][info][gc,phases      ] GC(194)   Pre Evacuate Collection Set: 0.0ms
[43.467s][info][gc,phases      ] GC(194)   Evacuate Collection Set: 2.4ms
[43.467s][info][gc,phases      ] GC(194)   Post Evacuate Collection Set: 0.3ms
[43.467s][info][gc,phases      ] GC(194)   Other: 0.4ms
[43.467s][info][gc,heap        ] GC(194) Eden regions: 208->0(208)
[43.467s][info][gc,heap        ] GC(194) Survivor regions: 1->1(27)
[43.467s][info][gc,heap        ] GC(194) Old regions: 38->38
[43.467s][info][gc,heap        ] GC(194) Humongous regions: 11->6
[43.467s][info][gc,metaspace   ] GC(194) Metaspace: 69943K->69943K(1112064K)
[43.467s][info][gc             ] GC(194) Pause Young (Normal) (G1 Evacuation Pause) 254M->41M(349M) 3.172ms
[43.468s][info][gc,cpu         ] GC(194) User=0.00s Sys=0.00s Real=0.01s
[43.595s][info][gc,start       ] GC(195) Pause Young (Normal) (G1 Evacuation Pause)
[43.595s][info][gc,task        ] GC(195) Using 1 workers of 1 for evacuation
[43.598s][info][gc,phases      ] GC(195)   Pre Evacuate Collection Set: 0.0ms
[43.598s][info][gc,phases      ] GC(195)   Evacuate Collection Set: 2.3ms
[43.598s][info][gc,phases      ] GC(195)   Post Evacuate Collection Set: 0.3ms
[43.598s][info][gc,phases      ] GC(195)   Other: 0.3ms
[43.598s][info][gc,heap        ] GC(195) Eden regions: 208->0(208)
[43.598s][info][gc,heap        ] GC(195) Survivor regions: 1->1(27)
[43.598s][info][gc,heap        ] GC(195) Old regions: 38->38
[43.598s][info][gc,heap        ] GC(195) Humongous regions: 6->6
[43.598s][info][gc,metaspace   ] GC(195) Metaspace: 69943K->69943K(1112064K)
[43.598s][info][gc             ] GC(195) Pause Young (Normal) (G1 Evacuation Pause) 249M->41M(349M) 2.908ms
[43.598s][info][gc,cpu         ] GC(195) User=0.00s Sys=0.00s Real=0.00s
[43.740s][info][gc,start       ] GC(196) Pause Young (Normal) (G1 Evacuation Pause)
[43.740s][info][gc,task        ] GC(196) Using 1 workers of 1 for evacuation
[43.747s][info][gc,phases      ] GC(196)   Pre Evacuate Collection Set: 0.1ms
[43.747s][info][gc,phases      ] GC(196)   Evacuate Collection Set: 5.4ms
[43.747s][info][gc,phases      ] GC(196)   Post Evacuate Collection Set: 1.3ms
[43.747s][info][gc,phases      ] GC(196)   Other: 0.9ms
[43.747s][info][gc,heap        ] GC(196) Eden regions: 208->0(208)
[43.747s][info][gc,heap        ] GC(196) Survivor regions: 1->1(27)
[43.747s][info][gc,heap        ] GC(196) Old regions: 38->38
[43.747s][info][gc,heap        ] GC(196) Humongous regions: 6->6
[43.747s][info][gc,metaspace   ] GC(196) Metaspace: 69943K->69943K(1112064K)
[43.747s][info][gc             ] GC(196) Pause Young (Normal) (G1 Evacuation Pause) 249M->41M(349M) 7.792ms
[43.748s][info][gc,cpu         ] GC(196) User=0.01s Sys=0.00s Real=0.01s
[43.970s][info][gc,start       ] GC(197) Pause Young (Normal) (G1 Evacuation Pause)
[43.970s][info][gc,task        ] GC(197) Using 1 workers of 1 for evacuation
[43.973s][info][gc,phases      ] GC(197)   Pre Evacuate Collection Set: 0.0ms
[43.973s][info][gc,phases      ] GC(197)   Evacuate Collection Set: 2.2ms
[43.973s][info][gc,phases      ] GC(197)   Post Evacuate Collection Set: 0.3ms
[43.973s][info][gc,phases      ] GC(197)   Other: 0.4ms
[43.973s][info][gc,heap        ] GC(197) Eden regions: 208->0(208)
[43.973s][info][gc,heap        ] GC(197) Survivor regions: 1->1(27)
[43.973s][info][gc,heap        ] GC(197) Old regions: 38->38
[43.973s][info][gc,heap        ] GC(197) Humongous regions: 6->6
[43.973s][info][gc,metaspace   ] GC(197) Metaspace: 69943K->69943K(1112064K)
[43.973s][info][gc             ] GC(197) Pause Young (Normal) (G1 Evacuation Pause) 249M->41M(349M) 2.948ms
[43.973s][info][gc,cpu         ] GC(197) User=0.00s Sys=0.00s Real=0.00s
[44.094s][info][gc,start       ] GC(198) Pause Young (Normal) (G1 Evacuation Pause)
[44.094s][info][gc,task        ] GC(198) Using 1 workers of 1 for evacuation
[44.097s][info][gc,phases      ] GC(198)   Pre Evacuate Collection Set: 0.0ms
[44.097s][info][gc,phases      ] GC(198)   Evacuate Collection Set: 2.3ms
[44.097s][info][gc,phases      ] GC(198)   Post Evacuate Collection Set: 0.3ms
[44.097s][info][gc,phases      ] GC(198)   Other: 0.3ms
[44.097s][info][gc,heap        ] GC(198) Eden regions: 208->0(208)
[44.097s][info][gc,heap        ] GC(198) Survivor regions: 1->1(27)
[44.097s][info][gc,heap        ] GC(198) Old regions: 38->38
[44.097s][info][gc,heap        ] GC(198) Humongous regions: 6->6
[44.097s][info][gc,metaspace   ] GC(198) Metaspace: 69943K->69943K(1112064K)
[44.097s][info][gc             ] GC(198) Pause Young (Normal) (G1 Evacuation Pause) 249M->41M(349M) 2.921ms
[44.097s][info][gc,cpu         ] GC(198) User=0.01s Sys=0.00s Real=0.00s
[44.233s][info][gc,start       ] GC(199) Pause Young (Normal) (G1 Evacuation Pause)
[44.233s][info][gc,task        ] GC(199) Using 1 workers of 1 for evacuation
[44.236s][info][gc,phases      ] GC(199)   Pre Evacuate Collection Set: 0.0ms
[44.236s][info][gc,phases      ] GC(199)   Evacuate Collection Set: 2.6ms
[44.236s][info][gc,phases      ] GC(199)   Post Evacuate Collection Set: 0.3ms
[44.236s][info][gc,phases      ] GC(199)   Other: 0.3ms
[44.236s][info][gc,heap        ] GC(199) Eden regions: 208->0(208)
[44.236s][info][gc,heap        ] GC(199) Survivor regions: 1->1(27)
[44.236s][info][gc,heap        ] GC(199) Old regions: 38->38
[44.236s][info][gc,heap        ] GC(199) Humongous regions: 6->6
[44.236s][info][gc,metaspace   ] GC(199) Metaspace: 69943K->69943K(1112064K)
[44.236s][info][gc             ] GC(199) Pause Young (Normal) (G1 Evacuation Pause) 249M->41M(349M) 3.292ms
[44.237s][info][gc,cpu         ] GC(199) User=0.01s Sys=0.00s Real=0.00s
[44.369s][info][gc,start       ] GC(200) Pause Young (Normal) (G1 Evacuation Pause)
[44.369s][info][gc,task        ] GC(200) Using 1 workers of 1 for evacuation
[44.373s][info][gc,phases      ] GC(200)   Pre Evacuate Collection Set: 0.0ms
[44.373s][info][gc,phases      ] GC(200)   Evacuate Collection Set: 2.8ms
[44.373s][info][gc,phases      ] GC(200)   Post Evacuate Collection Set: 1.0ms
[44.373s][info][gc,phases      ] GC(200)   Other: 0.3ms
[44.373s][info][gc,heap        ] GC(200) Eden regions: 208->0(208)
[44.373s][info][gc,heap        ] GC(200) Survivor regions: 1->1(27)
[44.373s][info][gc,heap        ] GC(200) Old regions: 38->38
[44.373s][info][gc,heap        ] GC(200) Humongous regions: 6->6
[44.373s][info][gc,metaspace   ] GC(200) Metaspace: 69943K->69943K(1112064K)
[44.373s][info][gc             ] GC(200) Pause Young (Normal) (G1 Evacuation Pause) 249M->41M(349M) 4.283ms
[44.373s][info][gc,cpu         ] GC(200) User=0.00s Sys=0.00s Real=0.00s
[44.531s][info][gc,start       ] GC(201) Pause Young (Normal) (G1 Evacuation Pause)
[44.531s][info][gc,task        ] GC(201) Using 1 workers of 1 for evacuation
[44.534s][info][gc,phases      ] GC(201)   Pre Evacuate Collection Set: 0.0ms
[44.534s][info][gc,phases      ] GC(201)   Evacuate Collection Set: 2.6ms
[44.534s][info][gc,phases      ] GC(201)   Post Evacuate Collection Set: 0.3ms
[44.534s][info][gc,phases      ] GC(201)   Other: 0.4ms
[44.534s][info][gc,heap        ] GC(201) Eden regions: 208->0(208)
[44.534s][info][gc,heap        ] GC(201) Survivor regions: 1->1(27)
[44.534s][info][gc,heap        ] GC(201) Old regions: 38->38
[44.534s][info][gc,heap        ] GC(201) Humongous regions: 6->6
[44.534s][info][gc,metaspace   ] GC(201) Metaspace: 69943K->69943K(1112064K)
[44.534s][info][gc             ] GC(201) Pause Young (Normal) (G1 Evacuation Pause) 249M->41M(349M) 3.355ms
[44.534s][info][gc,cpu         ] GC(201) User=0.00s Sys=0.00s Real=0.00s
[44.698s][info][gc,start       ] GC(202) Pause Young (Normal) (G1 Evacuation Pause)
[44.699s][info][gc,task        ] GC(202) Using 1 workers of 1 for evacuation
[44.702s][info][gc,phases      ] GC(202)   Pre Evacuate Collection Set: 0.0ms
[44.702s][info][gc,phases      ] GC(202)   Evacuate Collection Set: 2.6ms
[44.702s][info][gc,phases      ] GC(202)   Post Evacuate Collection Set: 0.4ms
[44.702s][info][gc,phases      ] GC(202)   Other: 0.3ms
[44.702s][info][gc,heap        ] GC(202) Eden regions: 208->0(208)
[44.702s][info][gc,heap        ] GC(202) Survivor regions: 1->1(27)
[44.702s][info][gc,heap        ] GC(202) Old regions: 38->38
[44.702s][info][gc,heap        ] GC(202) Humongous regions: 11->6
[44.702s][info][gc,metaspace   ] GC(202) Metaspace: 69957K->69957K(1112064K)
[44.702s][info][gc             ] GC(202) Pause Young (Normal) (G1 Evacuation Pause) 254M->41M(349M) 3.372ms
[44.702s][info][gc,cpu         ] GC(202) User=0.01s Sys=0.00s Real=0.01s
[44.924s][info][gc,start       ] GC(203) Pause Young (Normal) (G1 Evacuation Pause)
[44.925s][info][gc,task        ] GC(203) Using 1 workers of 1 for evacuation
[44.928s][info][gc,phases      ] GC(203)   Pre Evacuate Collection Set: 0.0ms
[44.928s][info][gc,phases      ] GC(203)   Evacuate Collection Set: 3.0ms
[44.928s][info][gc,phases      ] GC(203)   Post Evacuate Collection Set: 0.4ms
[44.928s][info][gc,phases      ] GC(203)   Other: 0.4ms
[44.928s][info][gc,heap        ] GC(203) Eden regions: 208->0(208)
[44.928s][info][gc,heap        ] GC(203) Survivor regions: 1->1(27)
[44.928s][info][gc,heap        ] GC(203) Old regions: 38->38
[44.928s][info][gc,heap        ] GC(203) Humongous regions: 6->6
[44.928s][info][gc,metaspace   ] GC(203) Metaspace: 69961K->69961K(1112064K)
[44.928s][info][gc             ] GC(203) Pause Young (Normal) (G1 Evacuation Pause) 249M->41M(349M) 3.913ms
[44.928s][info][gc,cpu         ] GC(203) User=0.00s Sys=0.00s Real=0.01s
[45.032s][info][gc,start       ] GC(204) Pause Young (Normal) (G1 Evacuation Pause)
[45.032s][info][gc,task        ] GC(204) Using 1 workers of 1 for evacuation
[45.035s][info][gc,phases      ] GC(204)   Pre Evacuate Collection Set: 0.0ms
[45.035s][info][gc,phases      ] GC(204)   Evacuate Collection Set: 2.4ms
[45.035s][info][gc,phases      ] GC(204)   Post Evacuate Collection Set: 0.4ms
[45.035s][info][gc,phases      ] GC(204)   Other: 0.3ms
[45.035s][info][gc,heap        ] GC(204) Eden regions: 208->0(208)
[45.035s][info][gc,heap        ] GC(204) Survivor regions: 1->1(27)
[45.035s][info][gc,heap        ] GC(204) Old regions: 38->38
[45.035s][info][gc,heap        ] GC(204) Humongous regions: 6->6
[45.035s][info][gc,metaspace   ] GC(204) Metaspace: 69961K->69961K(1112064K)
[45.035s][info][gc             ] GC(204) Pause Young (Normal) (G1 Evacuation Pause) 249M->41M(349M) 3.061ms
[45.035s][info][gc,cpu         ] GC(204) User=0.00s Sys=0.00s Real=0.00s
[45.138s][info][gc,start       ] GC(205) Pause Young (Normal) (G1 Evacuation Pause)
[45.138s][info][gc,task        ] GC(205) Using 1 workers of 1 for evacuation
[45.141s][info][gc,phases      ] GC(205)   Pre Evacuate Collection Set: 0.0ms
[45.141s][info][gc,phases      ] GC(205)   Evacuate Collection Set: 2.4ms
[45.141s][info][gc,phases      ] GC(205)   Post Evacuate Collection Set: 0.3ms
[45.141s][info][gc,phases      ] GC(205)   Other: 0.3ms
[45.141s][info][gc,heap        ] GC(205) Eden regions: 208->0(208)
[45.141s][info][gc,heap        ] GC(205) Survivor regions: 1->1(27)
[45.141s][info][gc,heap        ] GC(205) Old regions: 38->38
[45.141s][info][gc,heap        ] GC(205) Humongous regions: 6->6
[45.141s][info][gc,metaspace   ] GC(205) Metaspace: 69961K->69961K(1112064K)
[45.141s][info][gc             ] GC(205) Pause Young (Normal) (G1 Evacuation Pause) 249M->41M(349M) 3.048ms
[45.141s][info][gc,cpu         ] GC(205) User=0.01s Sys=0.00s Real=0.01s
[45.273s][info][gc,start       ] GC(206) Pause Young (Normal) (G1 Evacuation Pause)
[45.273s][info][gc,task        ] GC(206) Using 1 workers of 1 for evacuation
[45.279s][info][gc,phases      ] GC(206)   Pre Evacuate Collection Set: 0.2ms
[45.279s][info][gc,phases      ] GC(206)   Evacuate Collection Set: 4.7ms
[45.279s][info][gc,phases      ] GC(206)   Post Evacuate Collection Set: 0.9ms
[45.279s][info][gc,phases      ] GC(206)   Other: 0.7ms
[45.279s][info][gc,heap        ] GC(206) Eden regions: 208->0(208)
[45.279s][info][gc,heap        ] GC(206) Survivor regions: 1->1(27)
[45.279s][info][gc,heap        ] GC(206) Old regions: 38->38
[45.279s][info][gc,heap        ] GC(206) Humongous regions: 6->6
[45.279s][info][gc,metaspace   ] GC(206) Metaspace: 69961K->69961K(1112064K)
[45.279s][info][gc             ] GC(206) Pause Young (Normal) (G1 Evacuation Pause) 249M->41M(349M) 6.534ms
[45.279s][info][gc,cpu         ] GC(206) User=0.00s Sys=0.00s Real=0.01s
[45.423s][info][gc,start       ] GC(207) Pause Young (Normal) (G1 Evacuation Pause)
[45.423s][info][gc,task        ] GC(207) Using 1 workers of 1 for evacuation
[45.426s][info][gc,phases      ] GC(207)   Pre Evacuate Collection Set: 0.0ms
[45.427s][info][gc,phases      ] GC(207)   Evacuate Collection Set: 2.6ms
[45.427s][info][gc,phases      ] GC(207)   Post Evacuate Collection Set: 0.4ms
[45.427s][info][gc,phases      ] GC(207)   Other: 0.4ms
[45.427s][info][gc,heap        ] GC(207) Eden regions: 208->0(208)
[45.427s][info][gc,heap        ] GC(207) Survivor regions: 1->1(27)
[45.427s][info][gc,heap        ] GC(207) Old regions: 38->38
[45.427s][info][gc,heap        ] GC(207) Humongous regions: 6->6
[45.427s][info][gc,metaspace   ] GC(207) Metaspace: 69961K->69961K(1112064K)
[45.427s][info][gc             ] GC(207) Pause Young (Normal) (G1 Evacuation Pause) 249M->41M(349M) 3.558ms
[45.427s][info][gc,cpu         ] GC(207) User=0.00s Sys=0.00s Real=0.00s
[45.553s][info][gc,start       ] GC(208) Pause Young (Normal) (G1 Evacuation Pause)
[45.553s][info][gc,task        ] GC(208) Using 1 workers of 1 for evacuation
[45.556s][info][gc,phases      ] GC(208)   Pre Evacuate Collection Set: 0.0ms
[45.556s][info][gc,phases      ] GC(208)   Evacuate Collection Set: 2.4ms
[45.556s][info][gc,phases      ] GC(208)   Post Evacuate Collection Set: 0.3ms
[45.556s][info][gc,phases      ] GC(208)   Other: 0.3ms
[45.556s][info][gc,heap        ] GC(208) Eden regions: 208->0(208)
[45.556s][info][gc,heap        ] GC(208) Survivor regions: 1->1(27)
[45.556s][info][gc,heap        ] GC(208) Old regions: 38->38
[45.556s][info][gc,heap        ] GC(208) Humongous regions: 6->6
[45.556s][info][gc,metaspace   ] GC(208) Metaspace: 69961K->69961K(1112064K)
[45.556s][info][gc             ] GC(208) Pause Young (Normal) (G1 Evacuation Pause) 249M->41M(349M) 3.058ms
[45.556s][info][gc,cpu         ] GC(208) User=0.00s Sys=0.00s Real=0.00s
[45.818s][info][gc,start       ] GC(209) Pause Young (Normal) (G1 Evacuation Pause)
[45.818s][info][gc,task        ] GC(209) Using 1 workers of 1 for evacuation
[45.825s][info][gc,phases      ] GC(209)   Pre Evacuate Collection Set: 0.1ms
[45.826s][info][gc,phases      ] GC(209)   Evacuate Collection Set: 6.0ms
[45.826s][info][gc,phases      ] GC(209)   Post Evacuate Collection Set: 0.9ms
[45.826s][info][gc,phases      ] GC(209)   Other: 0.8ms
[45.826s][info][gc,heap        ] GC(209) Eden regions: 208->0(208)
[45.826s][info][gc,heap        ] GC(209) Survivor regions: 1->1(27)
[45.826s][info][gc,heap        ] GC(209) Old regions: 38->38
[45.826s][info][gc,heap        ] GC(209) Humongous regions: 6->6
[45.826s][info][gc,metaspace   ] GC(209) Metaspace: 69961K->69961K(1112064K)
[45.826s][info][gc             ] GC(209) Pause Young (Normal) (G1 Evacuation Pause) 249M->41M(349M) 7.994ms
[45.826s][info][gc,cpu         ] GC(209) User=0.01s Sys=0.00s Real=0.01s
[46.127s][info][gc,start       ] GC(210) Pause Young (Normal) (G1 Evacuation Pause)
[46.127s][info][gc,task        ] GC(210) Using 1 workers of 1 for evacuation
[46.130s][info][gc,phases      ] GC(210)   Pre Evacuate Collection Set: 0.0ms
[46.130s][info][gc,phases      ] GC(210)   Evacuate Collection Set: 2.4ms
[46.130s][info][gc,phases      ] GC(210)   Post Evacuate Collection Set: 0.3ms
[46.130s][info][gc,phases      ] GC(210)   Other: 0.4ms
[46.130s][info][gc,heap        ] GC(210) Eden regions: 208->0(208)
[46.130s][info][gc,heap        ] GC(210) Survivor regions: 1->1(27)
[46.130s][info][gc,heap        ] GC(210) Old regions: 38->38
[46.130s][info][gc,heap        ] GC(210) Humongous regions: 6->6
[46.130s][info][gc,metaspace   ] GC(210) Metaspace: 69961K->69961K(1112064K)
[46.130s][info][gc             ] GC(210) Pause Young (Normal) (G1 Evacuation Pause) 249M->41M(349M) 3.175ms
[46.130s][info][gc,cpu         ] GC(210) User=0.00s Sys=0.00s Real=0.00s
[46.299s][info][gc,start       ] GC(211) Pause Young (Normal) (G1 Evacuation Pause)
[46.299s][info][gc,task        ] GC(211) Using 1 workers of 1 for evacuation
[46.302s][info][gc,phases      ] GC(211)   Pre Evacuate Collection Set: 0.0ms
[46.302s][info][gc,phases      ] GC(211)   Evacuate Collection Set: 2.3ms
[46.302s][info][gc,phases      ] GC(211)   Post Evacuate Collection Set: 0.3ms
[46.302s][info][gc,phases      ] GC(211)   Other: 0.3ms
[46.302s][info][gc,heap        ] GC(211) Eden regions: 208->0(208)
[46.302s][info][gc,heap        ] GC(211) Survivor regions: 1->1(27)
[46.302s][info][gc,heap        ] GC(211) Old regions: 38->38
[46.302s][info][gc,heap        ] GC(211) Humongous regions: 11->6
[46.302s][info][gc,metaspace   ] GC(211) Metaspace: 69970K->69970K(1112064K)
[46.302s][info][gc             ] GC(211) Pause Young (Normal) (G1 Evacuation Pause) 254M->41M(349M) 3.022ms
[46.302s][info][gc,cpu         ] GC(211) User=0.00s Sys=0.00s Real=0.00s
[46.505s][info][gc,start       ] GC(212) Pause Young (Normal) (G1 Evacuation Pause)
[46.505s][info][gc,task        ] GC(212) Using 1 workers of 1 for evacuation
[46.508s][info][gc,phases      ] GC(212)   Pre Evacuate Collection Set: 0.0ms
[46.508s][info][gc,phases      ] GC(212)   Evacuate Collection Set: 2.5ms
[46.508s][info][gc,phases      ] GC(212)   Post Evacuate Collection Set: 0.4ms
[46.508s][info][gc,phases      ] GC(212)   Other: 0.4ms
[46.508s][info][gc,heap        ] GC(212) Eden regions: 208->0(208)
[46.508s][info][gc,heap        ] GC(212) Survivor regions: 1->1(27)
[46.508s][info][gc,heap        ] GC(212) Old regions: 38->38
[46.508s][info][gc,heap        ] GC(212) Humongous regions: 6->6
[46.508s][info][gc,metaspace   ] GC(212) Metaspace: 69970K->69970K(1112064K)
[46.508s][info][gc             ] GC(212) Pause Young (Normal) (G1 Evacuation Pause) 249M->41M(349M) 3.383ms
[46.508s][info][gc,cpu         ] GC(212) User=0.00s Sys=0.00s Real=0.01s
[46.624s][info][gc,start       ] GC(213) Pause Young (Normal) (G1 Evacuation Pause)
[46.624s][info][gc,task        ] GC(213) Using 1 workers of 1 for evacuation
[46.627s][info][gc,phases      ] GC(213)   Pre Evacuate Collection Set: 0.0ms
[46.627s][info][gc,phases      ] GC(213)   Evacuate Collection Set: 2.3ms
[46.627s][info][gc,phases      ] GC(213)   Post Evacuate Collection Set: 0.3ms
[46.627s][info][gc,phases      ] GC(213)   Other: 0.3ms
[46.627s][info][gc,heap        ] GC(213) Eden regions: 208->0(208)
[46.627s][info][gc,heap        ] GC(213) Survivor regions: 1->1(27)
[46.627s][info][gc,heap        ] GC(213) Old regions: 38->38
[46.627s][info][gc,heap        ] GC(213) Humongous regions: 6->6
[46.627s][info][gc,metaspace   ] GC(213) Metaspace: 69970K->69970K(1112064K)
[46.627s][info][gc             ] GC(213) Pause Young (Normal) (G1 Evacuation Pause) 249M->41M(349M) 3.132ms
[46.627s][info][gc,cpu         ] GC(213) User=0.00s Sys=0.01s Real=0.01s
[46.736s][info][gc,start       ] GC(214) Pause Young (Normal) (G1 Evacuation Pause)
[46.736s][info][gc,task        ] GC(214) Using 1 workers of 1 for evacuation
[46.739s][info][gc,phases      ] GC(214)   Pre Evacuate Collection Set: 0.0ms
[46.739s][info][gc,phases      ] GC(214)   Evacuate Collection Set: 2.4ms
[46.739s][info][gc,phases      ] GC(214)   Post Evacuate Collection Set: 0.4ms
[46.739s][info][gc,phases      ] GC(214)   Other: 0.3ms
[46.739s][info][gc,heap        ] GC(214) Eden regions: 208->0(208)
[46.739s][info][gc,heap        ] GC(214) Survivor regions: 1->1(27)
[46.739s][info][gc,heap        ] GC(214) Old regions: 38->38
[46.739s][info][gc,heap        ] GC(214) Humongous regions: 6->6
[46.739s][info][gc,metaspace   ] GC(214) Metaspace: 69970K->69970K(1112064K)
[46.739s][info][gc             ] GC(214) Pause Young (Normal) (G1 Evacuation Pause) 249M->41M(349M) 3.147ms
[46.739s][info][gc,cpu         ] GC(214) User=0.01s Sys=0.00s Real=0.01s
[46.871s][info][gc,start       ] GC(215) Pause Young (Normal) (G1 Evacuation Pause)
[46.871s][info][gc,task        ] GC(215) Using 1 workers of 1 for evacuation
[46.874s][info][gc,phases      ] GC(215)   Pre Evacuate Collection Set: 0.0ms
[46.874s][info][gc,phases      ] GC(215)   Evacuate Collection Set: 2.6ms
[46.874s][info][gc,phases      ] GC(215)   Post Evacuate Collection Set: 0.4ms
[46.874s][info][gc,phases      ] GC(215)   Other: 0.5ms
[46.874s][info][gc,heap        ] GC(215) Eden regions: 208->0(208)
[46.874s][info][gc,heap        ] GC(215) Survivor regions: 1->1(27)
[46.874s][info][gc,heap        ] GC(215) Old regions: 38->38
[46.874s][info][gc,heap        ] GC(215) Humongous regions: 6->6
[46.874s][info][gc,metaspace   ] GC(215) Metaspace: 69972K->69972K(1112064K)
[46.874s][info][gc             ] GC(215) Pause Young (Normal) (G1 Evacuation Pause) 249M->41M(349M) 3.564ms
[46.874s][info][gc,cpu         ] GC(215) User=0.00s Sys=0.00s Real=0.00s
[47.000s][info][gc,start       ] GC(216) Pause Young (Normal) (G1 Evacuation Pause)
[47.000s][info][gc,task        ] GC(216) Using 1 workers of 1 for evacuation
[47.003s][info][gc,phases      ] GC(216)   Pre Evacuate Collection Set: 0.0ms
[47.003s][info][gc,phases      ] GC(216)   Evacuate Collection Set: 2.4ms
[47.003s][info][gc,phases      ] GC(216)   Post Evacuate Collection Set: 0.3ms
[47.003s][info][gc,phases      ] GC(216)   Other: 0.4ms
[47.003s][info][gc,heap        ] GC(216) Eden regions: 208->0(208)
[47.003s][info][gc,heap        ] GC(216) Survivor regions: 1->1(27)
[47.003s][info][gc,heap        ] GC(216) Old regions: 38->38
[47.003s][info][gc,heap        ] GC(216) Humongous regions: 6->6
[47.003s][info][gc,metaspace   ] GC(216) Metaspace: 69972K->69972K(1112064K)
[47.003s][info][gc             ] GC(216) Pause Young (Normal) (G1 Evacuation Pause) 249M->41M(349M) 3.188ms
[47.003s][info][gc,cpu         ] GC(216) User=0.00s Sys=0.00s Real=0.00s
[47.143s][info][gc,start       ] GC(217) Pause Young (Normal) (G1 Evacuation Pause)
[47.143s][info][gc,task        ] GC(217) Using 1 workers of 1 for evacuation
[47.146s][info][gc,phases      ] GC(217)   Pre Evacuate Collection Set: 0.0ms
[47.146s][info][gc,phases      ] GC(217)   Evacuate Collection Set: 2.3ms
[47.146s][info][gc,phases      ] GC(217)   Post Evacuate Collection Set: 0.4ms
[47.146s][info][gc,phases      ] GC(217)   Other: 0.3ms
[47.146s][info][gc,heap        ] GC(217) Eden regions: 208->0(208)
[47.146s][info][gc,heap        ] GC(217) Survivor regions: 1->1(27)
[47.146s][info][gc,heap        ] GC(217) Old regions: 38->38
[47.146s][info][gc,heap        ] GC(217) Humongous regions: 6->6
[47.146s][info][gc,metaspace   ] GC(217) Metaspace: 69972K->69972K(1112064K)
[47.146s][info][gc             ] GC(217) Pause Young (Normal) (G1 Evacuation Pause) 249M->41M(349M) 3.084ms
[47.146s][info][gc,cpu         ] GC(217) User=0.01s Sys=0.00s Real=0.00s
[47.256s][info][gc,start       ] GC(218) Pause Young (Normal) (G1 Evacuation Pause)
[47.256s][info][gc,task        ] GC(218) Using 1 workers of 1 for evacuation
[47.262s][info][gc,phases      ] GC(218)   Pre Evacuate Collection Set: 0.0ms
[47.262s][info][gc,phases      ] GC(218)   Evacuate Collection Set: 4.9ms
[47.262s][info][gc,phases      ] GC(218)   Post Evacuate Collection Set: 0.4ms
[47.262s][info][gc,phases      ] GC(218)   Other: 0.4ms
[47.262s][info][gc,heap        ] GC(218) Eden regions: 208->0(208)
[47.262s][info][gc,heap        ] GC(218) Survivor regions: 1->1(27)
[47.262s][info][gc,heap        ] GC(218) Old regions: 38->38
[47.262s][info][gc,heap        ] GC(218) Humongous regions: 6->6
[47.262s][info][gc,metaspace   ] GC(218) Metaspace: 69972K->69972K(1112064K)
[47.262s][info][gc             ] GC(218) Pause Young (Normal) (G1 Evacuation Pause) 249M->41M(349M) 5.802ms
[47.262s][info][gc,cpu         ] GC(218) User=0.00s Sys=0.00s Real=0.01s
[47.693s][info][gc,start       ] GC(219) Pause Young (Normal) (G1 Evacuation Pause)
[47.693s][info][gc,task        ] GC(219) Using 1 workers of 1 for evacuation
[47.697s][info][gc,phases      ] GC(219)   Pre Evacuate Collection Set: 0.0ms
[47.697s][info][gc,phases      ] GC(219)   Evacuate Collection Set: 3.4ms
[47.697s][info][gc,phases      ] GC(219)   Post Evacuate Collection Set: 0.5ms
[47.697s][info][gc,phases      ] GC(219)   Other: 0.5ms
[47.697s][info][gc,heap        ] GC(219) Eden regions: 208->0(207)
[47.697s][info][gc,heap        ] GC(219) Survivor regions: 1->2(27)
[47.697s][info][gc,heap        ] GC(219) Old regions: 38->38
[47.697s][info][gc,heap        ] GC(219) Humongous regions: 21->6
[47.697s][info][gc,metaspace   ] GC(219) Metaspace: 70183K->70183K(1112064K)
[47.697s][info][gc             ] GC(219) Pause Young (Normal) (G1 Evacuation Pause) 264M->42M(349M) 4.519ms
[47.697s][info][gc,cpu         ] GC(219) User=0.01s Sys=0.00s Real=0.00s
[48.386s][info][gc,start       ] GC(220) Pause Young (Normal) (G1 Evacuation Pause)
[48.387s][info][gc,task        ] GC(220) Using 1 workers of 1 for evacuation
[48.399s][info][gc,phases      ] GC(220)   Pre Evacuate Collection Set: 0.0ms
[48.399s][info][gc,phases      ] GC(220)   Evacuate Collection Set: 5.6ms
[48.399s][info][gc,phases      ] GC(220)   Post Evacuate Collection Set: 6.2ms
[48.399s][info][gc,phases      ] GC(220)   Other: 0.5ms
[48.399s][info][gc,heap        ] GC(220) Eden regions: 207->0(207)
[48.399s][info][gc,heap        ] GC(220) Survivor regions: 2->2(27)
[48.399s][info][gc,heap        ] GC(220) Old regions: 38->38
[48.399s][info][gc,heap        ] GC(220) Humongous regions: 16->6
[48.399s][info][gc,metaspace   ] GC(220) Metaspace: 70331K->70331K(1112064K)
[48.399s][info][gc             ] GC(220) Pause Young (Normal) (G1 Evacuation Pause) 259M->42M(349M) 12.397ms
[48.399s][info][gc,cpu         ] GC(220) User=0.00s Sys=0.01s Real=0.02s
[48.541s][info][gc,start       ] GC(221) Pause Young (Normal) (G1 Evacuation Pause)
[48.542s][info][gc,task        ] GC(221) Using 1 workers of 1 for evacuation
[48.546s][info][gc,phases      ] GC(221)   Pre Evacuate Collection Set: 0.0ms
[48.546s][info][gc,phases      ] GC(221)   Evacuate Collection Set: 3.7ms
[48.546s][info][gc,phases      ] GC(221)   Post Evacuate Collection Set: 0.3ms
[48.546s][info][gc,phases      ] GC(221)   Other: 0.4ms
[48.546s][info][gc,heap        ] GC(221) Eden regions: 207->0(207)
[48.546s][info][gc,heap        ] GC(221) Survivor regions: 2->2(27)
[48.546s][info][gc,heap        ] GC(221) Old regions: 38->38
[48.546s][info][gc,heap        ] GC(221) Humongous regions: 6->6
[48.546s][info][gc,metaspace   ] GC(221) Metaspace: 70331K->70331K(1112064K)
[48.546s][info][gc             ] GC(221) Pause Young (Normal) (G1 Evacuation Pause) 249M->42M(349M) 4.560ms
[48.546s][info][gc,cpu         ] GC(221) User=0.00s Sys=0.00s Real=0.00s
[48.693s][info][gc,start       ] GC(222) Pause Young (Normal) (G1 Evacuation Pause)
[48.693s][info][gc,task        ] GC(222) Using 1 workers of 1 for evacuation
[48.703s][info][gc,phases      ] GC(222)   Pre Evacuate Collection Set: 0.0ms
[48.703s][info][gc,phases      ] GC(222)   Evacuate Collection Set: 8.7ms
[48.703s][info][gc,phases      ] GC(222)   Post Evacuate Collection Set: 0.8ms
[48.703s][info][gc,phases      ] GC(222)   Other: 0.5ms
[48.703s][info][gc,heap        ] GC(222) Eden regions: 207->0(207)
[48.703s][info][gc,heap        ] GC(222) Survivor regions: 2->2(27)
[48.703s][info][gc,heap        ] GC(222) Old regions: 38->38
[48.703s][info][gc,heap        ] GC(222) Humongous regions: 6->6
[48.703s][info][gc,metaspace   ] GC(222) Metaspace: 70331K->70331K(1112064K)
[48.703s][info][gc             ] GC(222) Pause Young (Normal) (G1 Evacuation Pause) 249M->43M(349M) 10.099ms
[48.703s][info][gc,cpu         ] GC(222) User=0.01s Sys=0.00s Real=0.01s
[48.830s][info][gc,start       ] GC(223) Pause Young (Normal) (G1 Evacuation Pause)
[48.830s][info][gc,task        ] GC(223) Using 1 workers of 1 for evacuation
[48.834s][info][gc,phases      ] GC(223)   Pre Evacuate Collection Set: 0.0ms
[48.834s][info][gc,phases      ] GC(223)   Evacuate Collection Set: 3.8ms
[48.834s][info][gc,phases      ] GC(223)   Post Evacuate Collection Set: 0.5ms
[48.834s][info][gc,phases      ] GC(223)   Other: 0.3ms
[48.834s][info][gc,heap        ] GC(223) Eden regions: 207->0(207)
[48.834s][info][gc,heap        ] GC(223) Survivor regions: 2->2(27)
[48.834s][info][gc,heap        ] GC(223) Old regions: 38->38
[48.834s][info][gc,heap        ] GC(223) Humongous regions: 6->6
[48.834s][info][gc,metaspace   ] GC(223) Metaspace: 70331K->70331K(1112064K)
[48.834s][info][gc             ] GC(223) Pause Young (Normal) (G1 Evacuation Pause) 250M->42M(349M) 4.644ms
[48.834s][info][gc,cpu         ] GC(223) User=0.01s Sys=0.00s Real=0.00s
[48.943s][info][gc,start       ] GC(224) Pause Young (Normal) (G1 Evacuation Pause)
[48.943s][info][gc,task        ] GC(224) Using 1 workers of 1 for evacuation
[48.948s][info][gc,phases      ] GC(224)   Pre Evacuate Collection Set: 0.0ms
[48.948s][info][gc,phases      ] GC(224)   Evacuate Collection Set: 4.5ms
[48.948s][info][gc,phases      ] GC(224)   Post Evacuate Collection Set: 0.4ms
[48.949s][info][gc,phases      ] GC(224)   Other: 0.4ms
[48.949s][info][gc,heap        ] GC(224) Eden regions: 207->0(207)
[48.949s][info][gc,heap        ] GC(224) Survivor regions: 2->2(27)
[48.949s][info][gc,heap        ] GC(224) Old regions: 38->38
[48.949s][info][gc,heap        ] GC(224) Humongous regions: 6->6
[48.949s][info][gc,metaspace   ] GC(224) Metaspace: 70331K->70331K(1112064K)
[48.949s][info][gc             ] GC(224) Pause Young (Normal) (G1 Evacuation Pause) 249M->42M(349M) 5.373ms
[48.949s][info][gc,cpu         ] GC(224) User=0.00s Sys=0.00s Real=0.01s
[49.099s][info][gc,start       ] GC(225) Pause Young (Normal) (G1 Evacuation Pause)
[49.099s][info][gc,task        ] GC(225) Using 1 workers of 1 for evacuation
[49.108s][info][gc,phases      ] GC(225)   Pre Evacuate Collection Set: 0.0ms
[49.108s][info][gc,phases      ] GC(225)   Evacuate Collection Set: 8.2ms
[49.108s][info][gc,phases      ] GC(225)   Post Evacuate Collection Set: 0.7ms
[49.108s][info][gc,phases      ] GC(225)   Other: 0.4ms
[49.108s][info][gc,heap        ] GC(225) Eden regions: 207->0(207)
[49.108s][info][gc,heap        ] GC(225) Survivor regions: 2->2(27)
[49.108s][info][gc,heap        ] GC(225) Old regions: 38->38
[49.108s][info][gc,heap        ] GC(225) Humongous regions: 6->6
[49.108s][info][gc,metaspace   ] GC(225) Metaspace: 70331K->70331K(1112064K)
[49.108s][info][gc             ] GC(225) Pause Young (Normal) (G1 Evacuation Pause) 249M->42M(349M) 9.499ms
[49.109s][info][gc,cpu         ] GC(225) User=0.01s Sys=0.00s Real=0.01s
[49.226s][info][gc,start       ] GC(226) Pause Young (Normal) (G1 Evacuation Pause)
[49.226s][info][gc,task        ] GC(226) Using 1 workers of 1 for evacuation
[49.230s][info][gc,phases      ] GC(226)   Pre Evacuate Collection Set: 0.0ms
[49.230s][info][gc,phases      ] GC(226)   Evacuate Collection Set: 3.8ms
[49.230s][info][gc,phases      ] GC(226)   Post Evacuate Collection Set: 0.4ms
[49.230s][info][gc,phases      ] GC(226)   Other: 0.3ms
[49.230s][info][gc,heap        ] GC(226) Eden regions: 207->0(207)
[49.230s][info][gc,heap        ] GC(226) Survivor regions: 2->2(27)
[49.230s][info][gc,heap        ] GC(226) Old regions: 38->38
[49.230s][info][gc,heap        ] GC(226) Humongous regions: 6->6
[49.230s][info][gc,metaspace   ] GC(226) Metaspace: 70331K->70331K(1112064K)
[49.230s][info][gc             ] GC(226) Pause Young (Normal) (G1 Evacuation Pause) 249M->42M(349M) 4.479ms
[49.230s][info][gc,cpu         ] GC(226) User=0.00s Sys=0.00s Real=0.01s
[49.348s][info][gc,start       ] GC(227) Pause Young (Normal) (G1 Evacuation Pause)
[49.349s][info][gc,task        ] GC(227) Using 1 workers of 1 for evacuation
[49.354s][info][gc,phases      ] GC(227)   Pre Evacuate Collection Set: 0.0ms
[49.354s][info][gc,phases      ] GC(227)   Evacuate Collection Set: 5.0ms
[49.354s][info][gc,phases      ] GC(227)   Post Evacuate Collection Set: 0.4ms
[49.354s][info][gc,phases      ] GC(227)   Other: 0.5ms
[49.354s][info][gc,heap        ] GC(227) Eden regions: 207->0(207)
[49.354s][info][gc,heap        ] GC(227) Survivor regions: 2->2(27)
[49.354s][info][gc,heap        ] GC(227) Old regions: 38->38
[49.354s][info][gc,heap        ] GC(227) Humongous regions: 6->6
[49.354s][info][gc,metaspace   ] GC(227) Metaspace: 70331K->70331K(1112064K)
[49.354s][info][gc             ] GC(227) Pause Young (Normal) (G1 Evacuation Pause) 249M->42M(349M) 6.013ms
[49.355s][info][gc,cpu         ] GC(227) User=0.01s Sys=0.00s Real=0.00s
[49.484s][info][gc,start       ] GC(228) Pause Young (Normal) (G1 Evacuation Pause)
[49.484s][info][gc,task        ] GC(228) Using 1 workers of 1 for evacuation
[49.489s][info][gc,phases      ] GC(228)   Pre Evacuate Collection Set: 0.0ms
[49.489s][info][gc,phases      ] GC(228)   Evacuate Collection Set: 4.1ms
[49.489s][info][gc,phases      ] GC(228)   Post Evacuate Collection Set: 0.4ms
[49.489s][info][gc,phases      ] GC(228)   Other: 0.3ms
[49.489s][info][gc,heap        ] GC(228) Eden regions: 207->0(207)
[49.489s][info][gc,heap        ] GC(228) Survivor regions: 2->2(27)
[49.489s][info][gc,heap        ] GC(228) Old regions: 38->38
[49.489s][info][gc,heap        ] GC(228) Humongous regions: 6->6
[49.489s][info][gc,metaspace   ] GC(228) Metaspace: 70331K->70331K(1112064K)
[49.489s][info][gc             ] GC(228) Pause Young (Normal) (G1 Evacuation Pause) 249M->42M(349M) 4.863ms
[49.489s][info][gc,cpu         ] GC(228) User=0.00s Sys=0.00s Real=0.01s
[49.654s][info][gc,start       ] GC(229) Pause Young (Normal) (G1 Evacuation Pause)
[49.654s][info][gc,task        ] GC(229) Using 1 workers of 1 for evacuation
[49.658s][info][gc,phases      ] GC(229)   Pre Evacuate Collection Set: 0.0ms
[49.658s][info][gc,phases      ] GC(229)   Evacuate Collection Set: 3.6ms
[49.658s][info][gc,phases      ] GC(229)   Post Evacuate Collection Set: 0.3ms
[49.658s][info][gc,phases      ] GC(229)   Other: 0.3ms
[49.658s][info][gc,heap        ] GC(229) Eden regions: 207->0(207)
[49.658s][info][gc,heap        ] GC(229) Survivor regions: 2->2(27)
[49.658s][info][gc,heap        ] GC(229) Old regions: 38->38
[49.658s][info][gc,heap        ] GC(229) Humongous regions: 11->6
[49.658s][info][gc,metaspace   ] GC(229) Metaspace: 70347K->70347K(1112064K)
[49.658s][info][gc             ] GC(229) Pause Young (Normal) (G1 Evacuation Pause) 254M->42M(349M) 4.297ms
[49.658s][info][gc,cpu         ] GC(229) User=0.00s Sys=0.00s Real=0.00s
[49.782s][info][gc,start       ] GC(230) Pause Young (Normal) (G1 Evacuation Pause)
[49.782s][info][gc,task        ] GC(230) Using 1 workers of 1 for evacuation
[49.786s][info][gc,phases      ] GC(230)   Pre Evacuate Collection Set: 0.0ms
[49.786s][info][gc,phases      ] GC(230)   Evacuate Collection Set: 3.5ms
[49.786s][info][gc,phases      ] GC(230)   Post Evacuate Collection Set: 0.3ms
[49.786s][info][gc,phases      ] GC(230)   Other: 0.3ms
[49.786s][info][gc,heap        ] GC(230) Eden regions: 207->0(207)
[49.786s][info][gc,heap        ] GC(230) Survivor regions: 2->2(27)
[49.786s][info][gc,heap        ] GC(230) Old regions: 38->38
[49.786s][info][gc,heap        ] GC(230) Humongous regions: 6->6
[49.786s][info][gc,metaspace   ] GC(230) Metaspace: 70348K->70348K(1112064K)
[49.786s][info][gc             ] GC(230) Pause Young (Normal) (G1 Evacuation Pause) 249M->42M(349M) 4.255ms
[49.787s][info][gc,cpu         ] GC(230) User=0.01s Sys=0.00s Real=0.00s
[49.925s][info][gc,start       ] GC(231) Pause Young (Normal) (G1 Evacuation Pause)
[49.925s][info][gc,task        ] GC(231) Using 1 workers of 1 for evacuation
[49.929s][info][gc,phases      ] GC(231)   Pre Evacuate Collection Set: 0.0ms
[49.929s][info][gc,phases      ] GC(231)   Evacuate Collection Set: 3.6ms
[49.929s][info][gc,phases      ] GC(231)   Post Evacuate Collection Set: 0.3ms
[49.929s][info][gc,phases      ] GC(231)   Other: 0.4ms
[49.929s][info][gc,heap        ] GC(231) Eden regions: 207->0(207)
[49.929s][info][gc,heap        ] GC(231) Survivor regions: 2->2(27)
[49.929s][info][gc,heap        ] GC(231) Old regions: 38->38
[49.929s][info][gc,heap        ] GC(231) Humongous regions: 6->6
[49.929s][info][gc,metaspace   ] GC(231) Metaspace: 70348K->70348K(1112064K)
[49.929s][info][gc             ] GC(231) Pause Young (Normal) (G1 Evacuation Pause) 249M->42M(349M) 4.381ms
[49.929s][info][gc,cpu         ] GC(231) User=0.00s Sys=0.00s Real=0.01s
[50.066s][info][gc,start       ] GC(232) Pause Young (Normal) (G1 Evacuation Pause)
[50.067s][info][gc,task        ] GC(232) Using 1 workers of 1 for evacuation
[50.071s][info][gc,phases      ] GC(232)   Pre Evacuate Collection Set: 0.1ms
[50.071s][info][gc,phases      ] GC(232)   Evacuate Collection Set: 3.6ms
[50.071s][info][gc,phases      ] GC(232)   Post Evacuate Collection Set: 0.3ms
[50.071s][info][gc,phases      ] GC(232)   Other: 1.0ms
[50.071s][info][gc,heap        ] GC(232) Eden regions: 207->0(207)
[50.071s][info][gc,heap        ] GC(232) Survivor regions: 2->2(27)
[50.071s][info][gc,heap        ] GC(232) Old regions: 38->38
[50.071s][info][gc,heap        ] GC(232) Humongous regions: 6->6
[50.071s][info][gc,metaspace   ] GC(232) Metaspace: 70348K->70348K(1112064K)
[50.071s][info][gc             ] GC(232) Pause Young (Normal) (G1 Evacuation Pause) 249M->42M(349M) 5.005ms
[50.071s][info][gc,cpu         ] GC(232) User=0.00s Sys=0.00s Real=0.01s
[50.193s][info][gc,start       ] GC(233) Pause Young (Normal) (G1 Evacuation Pause)
[50.193s][info][gc,task        ] GC(233) Using 1 workers of 1 for evacuation
[50.197s][info][gc,phases      ] GC(233)   Pre Evacuate Collection Set: 0.0ms
[50.197s][info][gc,phases      ] GC(233)   Evacuate Collection Set: 3.4ms
[50.197s][info][gc,phases      ] GC(233)   Post Evacuate Collection Set: 0.4ms
[50.197s][info][gc,phases      ] GC(233)   Other: 0.3ms
[50.197s][info][gc,heap        ] GC(233) Eden regions: 207->0(207)
[50.197s][info][gc,heap        ] GC(233) Survivor regions: 2->2(27)
[50.197s][info][gc,heap        ] GC(233) Old regions: 38->38
[50.197s][info][gc,heap        ] GC(233) Humongous regions: 6->6
[50.197s][info][gc,metaspace   ] GC(233) Metaspace: 70348K->70348K(1112064K)
[50.197s][info][gc             ] GC(233) Pause Young (Normal) (G1 Evacuation Pause) 249M->42M(349M) 4.163ms
[50.197s][info][gc,cpu         ] GC(233) User=0.00s Sys=0.00s Real=0.00s
[50.299s][info][gc,start       ] GC(234) Pause Young (Normal) (G1 Evacuation Pause)
[50.299s][info][gc,task        ] GC(234) Using 1 workers of 1 for evacuation
[50.304s][info][gc,phases      ] GC(234)   Pre Evacuate Collection Set: 0.0ms
[50.304s][info][gc,phases      ] GC(234)   Evacuate Collection Set: 3.6ms
[50.304s][info][gc,phases      ] GC(234)   Post Evacuate Collection Set: 0.3ms
[50.304s][info][gc,phases      ] GC(234)   Other: 0.3ms
[50.304s][info][gc,heap        ] GC(234) Eden regions: 207->0(208)
[50.304s][info][gc,heap        ] GC(234) Survivor regions: 2->1(27)
[50.304s][info][gc,heap        ] GC(234) Old regions: 38->38
[50.304s][info][gc,heap        ] GC(234) Humongous regions: 6->6
[50.304s][info][gc,metaspace   ] GC(234) Metaspace: 70348K->70348K(1112064K)
[50.304s][info][gc             ] GC(234) Pause Young (Normal) (G1 Evacuation Pause) 249M->42M(349M) 4.382ms
[50.304s][info][gc,cpu         ] GC(234) User=0.00s Sys=0.00s Real=0.00s
[50.411s][info][gc,start       ] GC(235) Pause Young (Normal) (G1 Evacuation Pause)
[50.411s][info][gc,task        ] GC(235) Using 1 workers of 1 for evacuation
[50.414s][info][gc,phases      ] GC(235)   Pre Evacuate Collection Set: 0.0ms
[50.414s][info][gc,phases      ] GC(235)   Evacuate Collection Set: 2.9ms
[50.414s][info][gc,phases      ] GC(235)   Post Evacuate Collection Set: 0.4ms
[50.414s][info][gc,phases      ] GC(235)   Other: 0.3ms
[50.414s][info][gc,heap        ] GC(235) Eden regions: 208->0(208)
[50.414s][info][gc,heap        ] GC(235) Survivor regions: 1->1(27)
[50.414s][info][gc,heap        ] GC(235) Old regions: 38->39
[50.414s][info][gc,heap        ] GC(235) Humongous regions: 6->6
[50.414s][info][gc,metaspace   ] GC(235) Metaspace: 70348K->70348K(1112064K)
[50.414s][info][gc             ] GC(235) Pause Young (Normal) (G1 Evacuation Pause) 250M->42M(349M) 3.634ms
[50.414s][info][gc,cpu         ] GC(235) User=0.01s Sys=0.00s Real=0.00s
[50.520s][info][gc,start       ] GC(236) Pause Young (Normal) (G1 Evacuation Pause)
[50.520s][info][gc,task        ] GC(236) Using 1 workers of 1 for evacuation
[50.523s][info][gc,phases      ] GC(236)   Pre Evacuate Collection Set: 0.0ms
[50.523s][info][gc,phases      ] GC(236)   Evacuate Collection Set: 2.3ms
[50.523s][info][gc,phases      ] GC(236)   Post Evacuate Collection Set: 0.3ms
[50.523s][info][gc,phases      ] GC(236)   Other: 0.3ms
[50.523s][info][gc,heap        ] GC(236) Eden regions: 208->0(208)
[50.523s][info][gc,heap        ] GC(236) Survivor regions: 1->1(27)
[50.523s][info][gc,heap        ] GC(236) Old regions: 39->39
[50.523s][info][gc,heap        ] GC(236) Humongous regions: 6->6
[50.523s][info][gc,metaspace   ] GC(236) Metaspace: 70348K->70348K(1112064K)
[50.523s][info][gc             ] GC(236) Pause Young (Normal) (G1 Evacuation Pause) 250M->42M(349M) 2.989ms
[50.523s][info][gc,cpu         ] GC(236) User=0.00s Sys=0.00s Real=0.00s
[50.640s][info][gc,start       ] GC(237) Pause Young (Normal) (G1 Evacuation Pause)
[50.641s][info][gc,task        ] GC(237) Using 1 workers of 1 for evacuation
[50.644s][info][gc,phases      ] GC(237)   Pre Evacuate Collection Set: 0.1ms
[50.644s][info][gc,phases      ] GC(237)   Evacuate Collection Set: 2.6ms
[50.644s][info][gc,phases      ] GC(237)   Post Evacuate Collection Set: 0.3ms
[50.644s][info][gc,phases      ] GC(237)   Other: 0.3ms
[50.644s][info][gc,heap        ] GC(237) Eden regions: 208->0(208)
[50.644s][info][gc,heap        ] GC(237) Survivor regions: 1->1(27)
[50.644s][info][gc,heap        ] GC(237) Old regions: 39->39
[50.644s][info][gc,heap        ] GC(237) Humongous regions: 6->6
[50.644s][info][gc,metaspace   ] GC(237) Metaspace: 70348K->70348K(1112064K)
[50.644s][info][gc             ] GC(237) Pause Young (Normal) (G1 Evacuation Pause) 250M->42M(349M) 3.402ms
[50.644s][info][gc,cpu         ] GC(237) User=0.01s Sys=0.00s Real=0.00s
[50.802s][info][gc,start       ] GC(238) Pause Young (Normal) (G1 Evacuation Pause)
[50.802s][info][gc,task        ] GC(238) Using 1 workers of 1 for evacuation
[50.805s][info][gc,phases      ] GC(238)   Pre Evacuate Collection Set: 0.0ms
[50.805s][info][gc,phases      ] GC(238)   Evacuate Collection Set: 2.6ms
[50.805s][info][gc,phases      ] GC(238)   Post Evacuate Collection Set: 0.3ms
[50.805s][info][gc,phases      ] GC(238)   Other: 0.3ms
[50.805s][info][gc,heap        ] GC(238) Eden regions: 208->0(208)
[50.805s][info][gc,heap        ] GC(238) Survivor regions: 1->1(27)
[50.805s][info][gc,heap        ] GC(238) Old regions: 39->39
[50.806s][info][gc,heap        ] GC(238) Humongous regions: 11->6
[50.806s][info][gc,metaspace   ] GC(238) Metaspace: 70358K->70358K(1112064K)
[50.806s][info][gc             ] GC(238) Pause Young (Normal) (G1 Evacuation Pause) 255M->42M(349M) 3.340ms
[50.806s][info][gc,cpu         ] GC(238) User=0.01s Sys=0.00s Real=0.00s
[50.918s][info][gc,start       ] GC(239) Pause Young (Normal) (G1 Evacuation Pause)
[50.918s][info][gc,task        ] GC(239) Using 1 workers of 1 for evacuation
[50.921s][info][gc,phases      ] GC(239)   Pre Evacuate Collection Set: 0.0ms
[50.921s][info][gc,phases      ] GC(239)   Evacuate Collection Set: 2.5ms
[50.921s][info][gc,phases      ] GC(239)   Post Evacuate Collection Set: 0.3ms
[50.921s][info][gc,phases      ] GC(239)   Other: 0.3ms
[50.921s][info][gc,heap        ] GC(239) Eden regions: 208->0(208)
[50.921s][info][gc,heap        ] GC(239) Survivor regions: 1->1(27)
[50.921s][info][gc,heap        ] GC(239) Old regions: 39->39
[50.921s][info][gc,heap        ] GC(239) Humongous regions: 6->6
[50.921s][info][gc,metaspace   ] GC(239) Metaspace: 70358K->70358K(1112064K)
[50.921s][info][gc             ] GC(239) Pause Young (Normal) (G1 Evacuation Pause) 250M->42M(349M) 3.197ms
[50.921s][info][gc,cpu         ] GC(239) User=0.00s Sys=0.00s Real=0.01s
[51.025s][info][gc,start       ] GC(240) Pause Young (Normal) (G1 Evacuation Pause)
[51.025s][info][gc,task        ] GC(240) Using 1 workers of 1 for evacuation
[51.028s][info][gc,phases      ] GC(240)   Pre Evacuate Collection Set: 0.0ms
[51.028s][info][gc,phases      ] GC(240)   Evacuate Collection Set: 2.4ms
[51.028s][info][gc,phases      ] GC(240)   Post Evacuate Collection Set: 0.3ms
[51.028s][info][gc,phases      ] GC(240)   Other: 0.3ms
[51.028s][info][gc,heap        ] GC(240) Eden regions: 208->0(208)
[51.028s][info][gc,heap        ] GC(240) Survivor regions: 1->1(27)
[51.028s][info][gc,heap        ] GC(240) Old regions: 39->39
[51.028s][info][gc,heap        ] GC(240) Humongous regions: 6->6
[51.028s][info][gc,metaspace   ] GC(240) Metaspace: 70358K->70358K(1112064K)
[51.028s][info][gc             ] GC(240) Pause Young (Normal) (G1 Evacuation Pause) 250M->43M(349M) 3.087ms
[51.028s][info][gc,cpu         ] GC(240) User=0.01s Sys=0.00s Real=0.01s
[51.178s][info][gc,start       ] GC(241) Pause Young (Normal) (G1 Evacuation Pause)
[51.178s][info][gc,task        ] GC(241) Using 1 workers of 1 for evacuation
[51.181s][info][gc,phases      ] GC(241)   Pre Evacuate Collection Set: 0.0ms
[51.181s][info][gc,phases      ] GC(241)   Evacuate Collection Set: 2.4ms
[51.181s][info][gc,phases      ] GC(241)   Post Evacuate Collection Set: 0.3ms
[51.181s][info][gc,phases      ] GC(241)   Other: 0.3ms
[51.181s][info][gc,heap        ] GC(241) Eden regions: 208->0(208)
[51.181s][info][gc,heap        ] GC(241) Survivor regions: 1->1(27)
[51.181s][info][gc,heap        ] GC(241) Old regions: 39->39
[51.181s][info][gc,heap        ] GC(241) Humongous regions: 6->6
[51.181s][info][gc,metaspace   ] GC(241) Metaspace: 70358K->70358K(1112064K)
[51.181s][info][gc             ] GC(241) Pause Young (Normal) (G1 Evacuation Pause) 251M->43M(349M) 3.085ms
[51.181s][info][gc,cpu         ] GC(241) User=0.00s Sys=0.00s Real=0.01s
[51.283s][info][gc,start       ] GC(242) Pause Young (Normal) (G1 Evacuation Pause)
[51.283s][info][gc,task        ] GC(242) Using 1 workers of 1 for evacuation
[51.286s][info][gc,phases      ] GC(242)   Pre Evacuate Collection Set: 0.0ms
[51.286s][info][gc,phases      ] GC(242)   Evacuate Collection Set: 2.4ms
[51.286s][info][gc,phases      ] GC(242)   Post Evacuate Collection Set: 0.3ms
[51.286s][info][gc,phases      ] GC(242)   Other: 0.3ms
[51.286s][info][gc,heap        ] GC(242) Eden regions: 208->0(208)
[51.286s][info][gc,heap        ] GC(242) Survivor regions: 1->1(27)
[51.286s][info][gc,heap        ] GC(242) Old regions: 39->39
[51.286s][info][gc,heap        ] GC(242) Humongous regions: 6->6
[51.286s][info][gc,metaspace   ] GC(242) Metaspace: 70358K->70358K(1112064K)
[51.286s][info][gc             ] GC(242) Pause Young (Normal) (G1 Evacuation Pause) 251M->43M(349M) 3.023ms
[51.286s][info][gc,cpu         ] GC(242) User=0.01s Sys=0.00s Real=0.00s
[51.446s][info][gc,start       ] GC(243) Pause Young (Normal) (G1 Evacuation Pause)
[51.446s][info][gc,task        ] GC(243) Using 1 workers of 1 for evacuation
[51.449s][info][gc,phases      ] GC(243)   Pre Evacuate Collection Set: 0.0ms
[51.449s][info][gc,phases      ] GC(243)   Evacuate Collection Set: 2.5ms
[51.449s][info][gc,phases      ] GC(243)   Post Evacuate Collection Set: 0.3ms
[51.449s][info][gc,phases      ] GC(243)   Other: 0.4ms
[51.449s][info][gc,heap        ] GC(243) Eden regions: 208->0(208)
[51.449s][info][gc,heap        ] GC(243) Survivor regions: 1->1(27)
[51.449s][info][gc,heap        ] GC(243) Old regions: 39->39
[51.449s][info][gc,heap        ] GC(243) Humongous regions: 6->6
[51.449s][info][gc,metaspace   ] GC(243) Metaspace: 70358K->70358K(1112064K)
[51.449s][info][gc             ] GC(243) Pause Young (Normal) (G1 Evacuation Pause) 251M->43M(349M) 3.168ms
[51.449s][info][gc,cpu         ] GC(243) User=0.00s Sys=0.00s Real=0.01s
[51.559s][info][gc,start       ] GC(244) Pause Young (Normal) (G1 Evacuation Pause)
[51.559s][info][gc,task        ] GC(244) Using 1 workers of 1 for evacuation
[51.562s][info][gc,phases      ] GC(244)   Pre Evacuate Collection Set: 0.0ms
[51.562s][info][gc,phases      ] GC(244)   Evacuate Collection Set: 2.5ms
[51.562s][info][gc,phases      ] GC(244)   Post Evacuate Collection Set: 0.4ms
[51.562s][info][gc,phases      ] GC(244)   Other: 0.3ms
[51.562s][info][gc,heap        ] GC(244) Eden regions: 208->0(208)
[51.562s][info][gc,heap        ] GC(244) Survivor regions: 1->1(27)
[51.562s][info][gc,heap        ] GC(244) Old regions: 39->39
[51.562s][info][gc,heap        ] GC(244) Humongous regions: 6->6
[51.562s][info][gc,metaspace   ] GC(244) Metaspace: 70362K->70362K(1112064K)
[51.562s][info][gc             ] GC(244) Pause Young (Normal) (G1 Evacuation Pause) 251M->43M(349M) 3.205ms
[51.562s][info][gc,cpu         ] GC(244) User=0.01s Sys=0.00s Real=0.00s
[51.670s][info][gc,start       ] GC(245) Pause Young (Normal) (G1 Evacuation Pause)
[51.670s][info][gc,task        ] GC(245) Using 1 workers of 1 for evacuation
[51.673s][info][gc,phases      ] GC(245)   Pre Evacuate Collection Set: 0.0ms
[51.673s][info][gc,phases      ] GC(245)   Evacuate Collection Set: 2.5ms
[51.673s][info][gc,phases      ] GC(245)   Post Evacuate Collection Set: 0.3ms
[51.673s][info][gc,phases      ] GC(245)   Other: 0.3ms
[51.673s][info][gc,heap        ] GC(245) Eden regions: 208->0(208)
[51.673s][info][gc,heap        ] GC(245) Survivor regions: 1->1(27)
[51.673s][info][gc,heap        ] GC(245) Old regions: 39->39
[51.673s][info][gc,heap        ] GC(245) Humongous regions: 6->6
[51.673s][info][gc,metaspace   ] GC(245) Metaspace: 70362K->70362K(1112064K)
[51.673s][info][gc             ] GC(245) Pause Young (Normal) (G1 Evacuation Pause) 251M->43M(349M) 3.115ms
[51.673s][info][gc,cpu         ] GC(245) User=0.01s Sys=0.00s Real=0.00s
[52.002s][info][gc,start       ] GC(246) Pause Young (Normal) (G1 Evacuation Pause)
[52.002s][info][gc,task        ] GC(246) Using 1 workers of 1 for evacuation
[52.009s][info][gc,phases      ] GC(246)   Pre Evacuate Collection Set: 0.0ms
[52.009s][info][gc,phases      ] GC(246)   Evacuate Collection Set: 6.0ms
[52.010s][info][gc,phases      ] GC(246)   Post Evacuate Collection Set: 0.7ms
[52.010s][info][gc,phases      ] GC(246)   Other: 0.7ms
[52.010s][info][gc,heap        ] GC(246) Eden regions: 208->0(208)
[52.010s][info][gc,heap        ] GC(246) Survivor regions: 1->1(27)
[52.010s][info][gc,heap        ] GC(246) Old regions: 39->39
[52.010s][info][gc,heap        ] GC(246) Humongous regions: 6->6
[52.010s][info][gc,metaspace   ] GC(246) Metaspace: 70362K->70362K(1112064K)
[52.010s][info][gc             ] GC(246) Pause Young (Normal) (G1 Evacuation Pause) 251M->43M(349M) 7.627ms
[52.010s][info][gc,cpu         ] GC(246) User=0.00s Sys=0.00s Real=0.01s
[52.183s][info][gc,start       ] GC(247) Pause Young (Normal) (G1 Evacuation Pause)
[52.183s][info][gc,task        ] GC(247) Using 1 workers of 1 for evacuation
[52.186s][info][gc,phases      ] GC(247)   Pre Evacuate Collection Set: 0.0ms
[52.186s][info][gc,phases      ] GC(247)   Evacuate Collection Set: 2.4ms
[52.186s][info][gc,phases      ] GC(247)   Post Evacuate Collection Set: 0.3ms
[52.186s][info][gc,phases      ] GC(247)   Other: 0.3ms
[52.186s][info][gc,heap        ] GC(247) Eden regions: 208->0(208)
[52.186s][info][gc,heap        ] GC(247) Survivor regions: 1->1(27)
[52.186s][info][gc,heap        ] GC(247) Old regions: 39->39
[52.186s][info][gc,heap        ] GC(247) Humongous regions: 11->6
[52.186s][info][gc,metaspace   ] GC(247) Metaspace: 70366K->70366K(1112064K)
[52.186s][info][gc             ] GC(247) Pause Young (Normal) (G1 Evacuation Pause) 256M->42M(349M) 3.092ms
[52.186s][info][gc,cpu         ] GC(247) User=0.00s Sys=0.00s Real=0.00s
[52.301s][info][gc,start       ] GC(248) Pause Young (Normal) (G1 Evacuation Pause)
[52.301s][info][gc,task        ] GC(248) Using 1 workers of 1 for evacuation
[52.304s][info][gc,phases      ] GC(248)   Pre Evacuate Collection Set: 0.0ms
[52.304s][info][gc,phases      ] GC(248)   Evacuate Collection Set: 2.5ms
[52.304s][info][gc,phases      ] GC(248)   Post Evacuate Collection Set: 0.3ms
[52.304s][info][gc,phases      ] GC(248)   Other: 0.3ms
[52.304s][info][gc,heap        ] GC(248) Eden regions: 208->0(208)
[52.304s][info][gc,heap        ] GC(248) Survivor regions: 1->1(27)
[52.304s][info][gc,heap        ] GC(248) Old regions: 39->39
[52.304s][info][gc,heap        ] GC(248) Humongous regions: 6->6
[52.304s][info][gc,metaspace   ] GC(248) Metaspace: 70370K->70370K(1112064K)
[52.304s][info][gc             ] GC(248) Pause Young (Normal) (G1 Evacuation Pause) 250M->42M(349M) 3.149ms
[52.304s][info][gc,cpu         ] GC(248) User=0.01s Sys=0.00s Real=0.00s
[52.408s][info][gc,start       ] GC(249) Pause Young (Normal) (G1 Evacuation Pause)
[52.408s][info][gc,task        ] GC(249) Using 1 workers of 1 for evacuation
[52.411s][info][gc,phases      ] GC(249)   Pre Evacuate Collection Set: 0.0ms
[52.411s][info][gc,phases      ] GC(249)   Evacuate Collection Set: 2.2ms
[52.411s][info][gc,phases      ] GC(249)   Post Evacuate Collection Set: 0.3ms
[52.411s][info][gc,phases      ] GC(249)   Other: 0.3ms
[52.411s][info][gc,heap        ] GC(249) Eden regions: 208->0(208)
[52.411s][info][gc,heap        ] GC(249) Survivor regions: 1->1(27)
[52.411s][info][gc,heap        ] GC(249) Old regions: 39->39
[52.411s][info][gc,heap        ] GC(249) Humongous regions: 6->6
[52.411s][info][gc,metaspace   ] GC(249) Metaspace: 70370K->70370K(1112064K)
[52.411s][info][gc             ] GC(249) Pause Young (Normal) (G1 Evacuation Pause) 250M->42M(349M) 2.872ms
[52.411s][info][gc,cpu         ] GC(249) User=0.00s Sys=0.00s Real=0.00s
[52.514s][info][gc,start       ] GC(250) Pause Young (Normal) (G1 Evacuation Pause)
[52.514s][info][gc,task        ] GC(250) Using 1 workers of 1 for evacuation
[52.517s][info][gc,phases      ] GC(250)   Pre Evacuate Collection Set: 0.0ms
[52.517s][info][gc,phases      ] GC(250)   Evacuate Collection Set: 2.3ms
[52.517s][info][gc,phases      ] GC(250)   Post Evacuate Collection Set: 0.3ms
[52.517s][info][gc,phases      ] GC(250)   Other: 0.4ms
[52.517s][info][gc,heap        ] GC(250) Eden regions: 208->0(208)
[52.517s][info][gc,heap        ] GC(250) Survivor regions: 1->1(27)
[52.517s][info][gc,heap        ] GC(250) Old regions: 39->39
[52.517s][info][gc,heap        ] GC(250) Humongous regions: 6->6
[52.517s][info][gc,metaspace   ] GC(250) Metaspace: 70370K->70370K(1112064K)
[52.517s][info][gc             ] GC(250) Pause Young (Normal) (G1 Evacuation Pause) 250M->42M(349M) 3.091ms
[52.517s][info][gc,cpu         ] GC(250) User=0.00s Sys=0.00s Real=0.00s
[52.623s][info][gc,start       ] GC(251) Pause Young (Normal) (G1 Evacuation Pause)
[52.623s][info][gc,task        ] GC(251) Using 1 workers of 1 for evacuation
[52.626s][info][gc,phases      ] GC(251)   Pre Evacuate Collection Set: 0.0ms
[52.626s][info][gc,phases      ] GC(251)   Evacuate Collection Set: 2.4ms
[52.626s][info][gc,phases      ] GC(251)   Post Evacuate Collection Set: 0.4ms
[52.626s][info][gc,phases      ] GC(251)   Other: 0.4ms
[52.626s][info][gc,heap        ] GC(251) Eden regions: 208->0(208)
[52.626s][info][gc,heap        ] GC(251) Survivor regions: 1->1(27)
[52.626s][info][gc,heap        ] GC(251) Old regions: 39->39
[52.626s][info][gc,heap        ] GC(251) Humongous regions: 6->6
[52.626s][info][gc,metaspace   ] GC(251) Metaspace: 70370K->70370K(1112064K)
[52.626s][info][gc             ] GC(251) Pause Young (Normal) (G1 Evacuation Pause) 250M->42M(349M) 3.320ms
[52.627s][info][gc,cpu         ] GC(251) User=0.01s Sys=0.00s Real=0.01s
[52.733s][info][gc,start       ] GC(252) Pause Young (Normal) (G1 Evacuation Pause)
[52.733s][info][gc,task        ] GC(252) Using 1 workers of 1 for evacuation
[52.736s][info][gc,phases      ] GC(252)   Pre Evacuate Collection Set: 0.0ms
[52.736s][info][gc,phases      ] GC(252)   Evacuate Collection Set: 2.4ms
[52.736s][info][gc,phases      ] GC(252)   Post Evacuate Collection Set: 0.3ms
[52.736s][info][gc,phases      ] GC(252)   Other: 0.3ms
[52.736s][info][gc,heap        ] GC(252) Eden regions: 208->0(208)
[52.736s][info][gc,heap        ] GC(252) Survivor regions: 1->1(27)
[52.736s][info][gc,heap        ] GC(252) Old regions: 39->39
[52.736s][info][gc,heap        ] GC(252) Humongous regions: 6->6
[52.736s][info][gc,metaspace   ] GC(252) Metaspace: 70370K->70370K(1112064K)
[52.736s][info][gc             ] GC(252) Pause Young (Normal) (G1 Evacuation Pause) 250M->42M(349M) 3.023ms
[52.736s][info][gc,cpu         ] GC(252) User=0.01s Sys=0.00s Real=0.00s
[52.842s][info][gc,start       ] GC(253) Pause Young (Normal) (G1 Evacuation Pause)
[52.843s][info][gc,task        ] GC(253) Using 1 workers of 1 for evacuation
[52.845s][info][gc,phases      ] GC(253)   Pre Evacuate Collection Set: 0.0ms
[52.846s][info][gc,phases      ] GC(253)   Evacuate Collection Set: 2.4ms
[52.846s][info][gc,phases      ] GC(253)   Post Evacuate Collection Set: 0.3ms
[52.846s][info][gc,phases      ] GC(253)   Other: 0.3ms
[52.846s][info][gc,heap        ] GC(253) Eden regions: 208->0(208)
[52.846s][info][gc,heap        ] GC(253) Survivor regions: 1->1(27)
[52.846s][info][gc,heap        ] GC(253) Old regions: 39->39
[52.846s][info][gc,heap        ] GC(253) Humongous regions: 6->6
[52.846s][info][gc,metaspace   ] GC(253) Metaspace: 70370K->70370K(1112064K)
[52.846s][info][gc             ] GC(253) Pause Young (Normal) (G1 Evacuation Pause) 250M->42M(349M) 3.097ms
[52.846s][info][gc,cpu         ] GC(253) User=0.01s Sys=0.00s Real=0.00s
[52.954s][info][gc,start       ] GC(254) Pause Young (Normal) (G1 Evacuation Pause)
[52.954s][info][gc,task        ] GC(254) Using 1 workers of 1 for evacuation
[52.957s][info][gc,phases      ] GC(254)   Pre Evacuate Collection Set: 0.0ms
[52.957s][info][gc,phases      ] GC(254)   Evacuate Collection Set: 2.5ms
[52.957s][info][gc,phases      ] GC(254)   Post Evacuate Collection Set: 0.3ms
[52.957s][info][gc,phases      ] GC(254)   Other: 0.3ms
[52.957s][info][gc,heap        ] GC(254) Eden regions: 208->0(208)
[52.957s][info][gc,heap        ] GC(254) Survivor regions: 1->1(27)
[52.957s][info][gc,heap        ] GC(254) Old regions: 39->39
[52.957s][info][gc,heap        ] GC(254) Humongous regions: 6->6
[52.957s][info][gc,metaspace   ] GC(254) Metaspace: 70370K->70370K(1112064K)
[52.957s][info][gc             ] GC(254) Pause Young (Normal) (G1 Evacuation Pause) 250M->42M(349M) 3.223ms
[52.957s][info][gc,cpu         ] GC(254) User=0.00s Sys=0.00s Real=0.00s
[53.152s][info][gc,start       ] GC(255) Pause Young (Normal) (G1 Evacuation Pause)
[53.153s][info][gc,task        ] GC(255) Using 1 workers of 1 for evacuation
[53.156s][info][gc,phases      ] GC(255)   Pre Evacuate Collection Set: 0.0ms
[53.157s][info][gc,phases      ] GC(255)   Evacuate Collection Set: 3.0ms
[53.157s][info][gc,phases      ] GC(255)   Post Evacuate Collection Set: 0.6ms
[53.157s][info][gc,phases      ] GC(255)   Other: 0.4ms
[53.157s][info][gc,heap        ] GC(255) Eden regions: 208->0(208)
[53.157s][info][gc,heap        ] GC(255) Survivor regions: 1->1(27)
[53.157s][info][gc,heap        ] GC(255) Old regions: 39->39
[53.157s][info][gc,heap        ] GC(255) Humongous regions: 11->6
[53.157s][info][gc,metaspace   ] GC(255) Metaspace: 70390K->70390K(1112064K)
[53.157s][info][gc             ] GC(255) Pause Young (Normal) (G1 Evacuation Pause) 255M->43M(349M) 4.252ms
[53.157s][info][gc,cpu         ] GC(255) User=0.00s Sys=0.00s Real=0.00s
[53.276s][info][gc,start       ] GC(256) Pause Young (Normal) (G1 Evacuation Pause)
[53.276s][info][gc,task        ] GC(256) Using 1 workers of 1 for evacuation
[53.279s][info][gc,phases      ] GC(256)   Pre Evacuate Collection Set: 0.0ms
[53.279s][info][gc,phases      ] GC(256)   Evacuate Collection Set: 2.5ms
[53.279s][info][gc,phases      ] GC(256)   Post Evacuate Collection Set: 0.3ms
[53.279s][info][gc,phases      ] GC(256)   Other: 0.3ms
[53.279s][info][gc,heap        ] GC(256) Eden regions: 208->0(208)
[53.279s][info][gc,heap        ] GC(256) Survivor regions: 1->1(27)
[53.279s][info][gc,heap        ] GC(256) Old regions: 39->39
[53.279s][info][gc,heap        ] GC(256) Humongous regions: 6->6
[53.279s][info][gc,metaspace   ] GC(256) Metaspace: 70391K->70391K(1112064K)
[53.279s][info][gc             ] GC(256) Pause Young (Normal) (G1 Evacuation Pause) 251M->43M(349M) 3.118ms
[53.279s][info][gc,cpu         ] GC(256) User=0.00s Sys=0.00s Real=0.00s
[53.385s][info][gc,start       ] GC(257) Pause Young (Normal) (G1 Evacuation Pause)
[53.387s][info][gc,task        ] GC(257) Using 1 workers of 1 for evacuation
[53.391s][info][gc,phases      ] GC(257)   Pre Evacuate Collection Set: 0.0ms
[53.391s][info][gc,phases      ] GC(257)   Evacuate Collection Set: 3.1ms
[53.391s][info][gc,phases      ] GC(257)   Post Evacuate Collection Set: 0.4ms
[53.391s][info][gc,phases      ] GC(257)   Other: 2.6ms
[53.391s][info][gc,heap        ] GC(257) Eden regions: 208->0(208)
[53.391s][info][gc,heap        ] GC(257) Survivor regions: 1->1(27)
[53.391s][info][gc,heap        ] GC(257) Old regions: 39->39
[53.391s][info][gc,heap        ] GC(257) Humongous regions: 6->6
[53.391s][info][gc,metaspace   ] GC(257) Metaspace: 70391K->70391K(1112064K)
[53.391s][info][gc             ] GC(257) Pause Young (Normal) (G1 Evacuation Pause) 251M->42M(349M) 6.066ms
[53.391s][info][gc,cpu         ] GC(257) User=0.00s Sys=0.00s Real=0.01s
[53.504s][info][gc,start       ] GC(258) Pause Young (Normal) (G1 Evacuation Pause)
[53.504s][info][gc,task        ] GC(258) Using 1 workers of 1 for evacuation
[53.507s][info][gc,phases      ] GC(258)   Pre Evacuate Collection Set: 0.0ms
[53.507s][info][gc,phases      ] GC(258)   Evacuate Collection Set: 2.4ms
[53.507s][info][gc,phases      ] GC(258)   Post Evacuate Collection Set: 0.3ms
[53.507s][info][gc,phases      ] GC(258)   Other: 0.3ms
[53.507s][info][gc,heap        ] GC(258) Eden regions: 208->0(208)
[53.507s][info][gc,heap        ] GC(258) Survivor regions: 1->1(27)
[53.507s][info][gc,heap        ] GC(258) Old regions: 39->39
[53.507s][info][gc,heap        ] GC(258) Humongous regions: 6->6
[53.507s][info][gc,metaspace   ] GC(258) Metaspace: 70391K->70391K(1112064K)
[53.507s][info][gc             ] GC(258) Pause Young (Normal) (G1 Evacuation Pause) 250M->43M(349M) 3.034ms
[53.507s][info][gc,cpu         ] GC(258) User=0.01s Sys=0.00s Real=0.01s
[53.613s][info][gc,start       ] GC(259) Pause Young (Normal) (G1 Evacuation Pause)
[53.613s][info][gc,task        ] GC(259) Using 1 workers of 1 for evacuation
[53.616s][info][gc,phases      ] GC(259)   Pre Evacuate Collection Set: 0.0ms
[53.616s][info][gc,phases      ] GC(259)   Evacuate Collection Set: 2.5ms
[53.616s][info][gc,phases      ] GC(259)   Post Evacuate Collection Set: 0.3ms
[53.616s][info][gc,phases      ] GC(259)   Other: 0.3ms
[53.616s][info][gc,heap        ] GC(259) Eden regions: 208->0(208)
[53.616s][info][gc,heap        ] GC(259) Survivor regions: 1->1(27)
[53.616s][info][gc,heap        ] GC(259) Old regions: 39->39
[53.616s][info][gc,heap        ] GC(259) Humongous regions: 6->6
[53.616s][info][gc,metaspace   ] GC(259) Metaspace: 70391K->70391K(1112064K)
[53.616s][info][gc             ] GC(259) Pause Young (Normal) (G1 Evacuation Pause) 251M->43M(349M) 3.204ms
[53.616s][info][gc,cpu         ] GC(259) User=0.01s Sys=0.00s Real=0.00s
[53.741s][info][gc,start       ] GC(260) Pause Young (Normal) (G1 Evacuation Pause)
[53.741s][info][gc,task        ] GC(260) Using 1 workers of 1 for evacuation
[53.744s][info][gc,phases      ] GC(260)   Pre Evacuate Collection Set: 0.0ms
[53.744s][info][gc,phases      ] GC(260)   Evacuate Collection Set: 2.8ms
[53.744s][info][gc,phases      ] GC(260)   Post Evacuate Collection Set: 0.3ms
[53.744s][info][gc,phases      ] GC(260)   Other: 0.3ms
[53.744s][info][gc,heap        ] GC(260) Eden regions: 208->0(208)
[53.744s][info][gc,heap        ] GC(260) Survivor regions: 1->1(27)
[53.744s][info][gc,heap        ] GC(260) Old regions: 39->39
[53.744s][info][gc,heap        ] GC(260) Humongous regions: 6->6
[53.744s][info][gc,metaspace   ] GC(260) Metaspace: 70391K->70391K(1112064K)
[53.744s][info][gc             ] GC(260) Pause Young (Normal) (G1 Evacuation Pause) 251M->43M(349M) 3.444ms
[53.744s][info][gc,cpu         ] GC(260) User=0.00s Sys=0.00s Real=0.00s
[53.859s][info][gc,start       ] GC(261) Pause Young (Normal) (G1 Evacuation Pause)
[53.859s][info][gc,task        ] GC(261) Using 1 workers of 1 for evacuation
[53.862s][info][gc,phases      ] GC(261)   Pre Evacuate Collection Set: 0.0ms
[53.862s][info][gc,phases      ] GC(261)   Evacuate Collection Set: 2.3ms
[53.862s][info][gc,phases      ] GC(261)   Post Evacuate Collection Set: 0.3ms
[53.862s][info][gc,phases      ] GC(261)   Other: 0.3ms
[53.862s][info][gc,heap        ] GC(261) Eden regions: 208->0(208)
[53.862s][info][gc,heap        ] GC(261) Survivor regions: 1->1(27)
[53.862s][info][gc,heap        ] GC(261) Old regions: 39->39
[53.862s][info][gc,heap        ] GC(261) Humongous regions: 6->6
[53.862s][info][gc,metaspace   ] GC(261) Metaspace: 70391K->70391K(1112064K)
[53.862s][info][gc             ] GC(261) Pause Young (Normal) (G1 Evacuation Pause) 251M->43M(349M) 2.972ms
[53.862s][info][gc,cpu         ] GC(261) User=0.00s Sys=0.00s Real=0.00s
[53.965s][info][gc,start       ] GC(262) Pause Young (Normal) (G1 Evacuation Pause)
[53.965s][info][gc,task        ] GC(262) Using 1 workers of 1 for evacuation
[53.968s][info][gc,phases      ] GC(262)   Pre Evacuate Collection Set: 0.0ms
[53.968s][info][gc,phases      ] GC(262)   Evacuate Collection Set: 2.4ms
[53.968s][info][gc,phases      ] GC(262)   Post Evacuate Collection Set: 0.3ms
[53.968s][info][gc,phases      ] GC(262)   Other: 0.3ms
[53.968s][info][gc,heap        ] GC(262) Eden regions: 208->0(208)
[53.968s][info][gc,heap        ] GC(262) Survivor regions: 1->1(27)
[53.968s][info][gc,heap        ] GC(262) Old regions: 39->39
[53.968s][info][gc,heap        ] GC(262) Humongous regions: 6->6
[53.968s][info][gc,metaspace   ] GC(262) Metaspace: 70391K->70391K(1112064K)
[53.968s][info][gc             ] GC(262) Pause Young (Normal) (G1 Evacuation Pause) 251M->43M(349M) 3.083ms
[53.968s][info][gc,cpu         ] GC(262) User=0.01s Sys=0.00s Real=0.01s
[54.073s][info][gc,start       ] GC(263) Pause Young (Normal) (G1 Evacuation Pause)
[54.073s][info][gc,task        ] GC(263) Using 1 workers of 1 for evacuation
[54.076s][info][gc,phases      ] GC(263)   Pre Evacuate Collection Set: 0.0ms
[54.077s][info][gc,phases      ] GC(263)   Evacuate Collection Set: 2.4ms
[54.077s][info][gc,phases      ] GC(263)   Post Evacuate Collection Set: 0.4ms
[54.077s][info][gc,phases      ] GC(263)   Other: 0.3ms
[54.077s][info][gc,heap        ] GC(263) Eden regions: 208->0(208)
[54.077s][info][gc,heap        ] GC(263) Survivor regions: 1->1(27)
[54.077s][info][gc,heap        ] GC(263) Old regions: 39->39
[54.077s][info][gc,heap        ] GC(263) Humongous regions: 6->6
[54.077s][info][gc,metaspace   ] GC(263) Metaspace: 70391K->70391K(1112064K)
[54.077s][info][gc             ] GC(263) Pause Young (Normal) (G1 Evacuation Pause) 251M->43M(349M) 3.122ms
[54.077s][info][gc,cpu         ] GC(263) User=0.00s Sys=0.00s Real=0.00s
[54.196s][info][gc,start       ] GC(264) Pause Young (Normal) (G1 Evacuation Pause)
[54.196s][info][gc,task        ] GC(264) Using 1 workers of 1 for evacuation
[54.199s][info][gc,phases      ] GC(264)   Pre Evacuate Collection Set: 0.0ms
[54.199s][info][gc,phases      ] GC(264)   Evacuate Collection Set: 2.4ms
[54.199s][info][gc,phases      ] GC(264)   Post Evacuate Collection Set: 0.3ms
[54.199s][info][gc,phases      ] GC(264)   Other: 0.3ms
[54.199s][info][gc,heap        ] GC(264) Eden regions: 208->0(208)
[54.199s][info][gc,heap        ] GC(264) Survivor regions: 1->1(27)
[54.199s][info][gc,heap        ] GC(264) Old regions: 39->39
[54.199s][info][gc,heap        ] GC(264) Humongous regions: 6->6
[54.199s][info][gc,metaspace   ] GC(264) Metaspace: 70391K->70391K(1112064K)
[54.199s][info][gc             ] GC(264) Pause Young (Normal) (G1 Evacuation Pause) 251M->43M(349M) 3.164ms
[54.199s][info][gc,cpu         ] GC(264) User=0.01s Sys=0.00s Real=0.01s
[54.351s][info][gc,start       ] GC(265) Pause Young (Normal) (G1 Evacuation Pause)
[54.351s][info][gc,task        ] GC(265) Using 1 workers of 1 for evacuation
[54.354s][info][gc,phases      ] GC(265)   Pre Evacuate Collection Set: 0.0ms
[54.354s][info][gc,phases      ] GC(265)   Evacuate Collection Set: 2.2ms
[54.354s][info][gc,phases      ] GC(265)   Post Evacuate Collection Set: 0.3ms
[54.354s][info][gc,phases      ] GC(265)   Other: 0.3ms
[54.354s][info][gc,heap        ] GC(265) Eden regions: 208->0(208)
[54.354s][info][gc,heap        ] GC(265) Survivor regions: 1->1(27)
[54.354s][info][gc,heap        ] GC(265) Old regions: 39->39
[54.354s][info][gc,heap        ] GC(265) Humongous regions: 11->6
[54.354s][info][gc,metaspace   ] GC(265) Metaspace: 70404K->70404K(1112064K)
[54.354s][info][gc             ] GC(265) Pause Young (Normal) (G1 Evacuation Pause) 256M->42M(349M) 2.947ms
[54.354s][info][gc,cpu         ] GC(265) User=0.00s Sys=0.00s Real=0.00s
[54.477s][info][gc,start       ] GC(266) Pause Young (Normal) (G1 Evacuation Pause)
[54.477s][info][gc,task        ] GC(266) Using 1 workers of 1 for evacuation
[54.480s][info][gc,phases      ] GC(266)   Pre Evacuate Collection Set: 0.0ms
[54.480s][info][gc,phases      ] GC(266)   Evacuate Collection Set: 2.2ms
[54.480s][info][gc,phases      ] GC(266)   Post Evacuate Collection Set: 0.3ms
[54.480s][info][gc,phases      ] GC(266)   Other: 0.3ms
[54.480s][info][gc,heap        ] GC(266) Eden regions: 208->0(208)
[54.480s][info][gc,heap        ] GC(266) Survivor regions: 1->1(27)
[54.480s][info][gc,heap        ] GC(266) Old regions: 39->39
[54.480s][info][gc,heap        ] GC(266) Humongous regions: 6->6
[54.480s][info][gc,metaspace   ] GC(266) Metaspace: 70404K->70404K(1112064K)
[54.480s][info][gc             ] GC(266) Pause Young (Normal) (G1 Evacuation Pause) 250M->42M(349M) 2.919ms
[54.480s][info][gc,cpu         ] GC(266) User=0.00s Sys=0.00s Real=0.01s
[54.583s][info][gc,start       ] GC(267) Pause Young (Normal) (G1 Evacuation Pause)
[54.583s][info][gc,task        ] GC(267) Using 1 workers of 1 for evacuation
[54.586s][info][gc,phases      ] GC(267)   Pre Evacuate Collection Set: 0.0ms
[54.586s][info][gc,phases      ] GC(267)   Evacuate Collection Set: 2.2ms
[54.586s][info][gc,phases      ] GC(267)   Post Evacuate Collection Set: 0.3ms
[54.586s][info][gc,phases      ] GC(267)   Other: 0.3ms
[54.586s][info][gc,heap        ] GC(267) Eden regions: 208->0(208)
[54.586s][info][gc,heap        ] GC(267) Survivor regions: 1->1(27)
[54.586s][info][gc,heap        ] GC(267) Old regions: 39->39
[54.586s][info][gc,heap        ] GC(267) Humongous regions: 6->6
[54.586s][info][gc,metaspace   ] GC(267) Metaspace: 70404K->70404K(1112064K)
[54.586s][info][gc             ] GC(267) Pause Young (Normal) (G1 Evacuation Pause) 250M->42M(349M) 2.881ms
[54.586s][info][gc,cpu         ] GC(267) User=0.01s Sys=0.00s Real=0.00s
[54.693s][info][gc,start       ] GC(268) Pause Young (Normal) (G1 Evacuation Pause)
[54.693s][info][gc,task        ] GC(268) Using 1 workers of 1 for evacuation
[54.699s][info][gc,phases      ] GC(268)   Pre Evacuate Collection Set: 0.0ms
[54.699s][info][gc,phases      ] GC(268)   Evacuate Collection Set: 5.5ms
[54.699s][info][gc,phases      ] GC(268)   Post Evacuate Collection Set: 0.6ms
[54.699s][info][gc,phases      ] GC(268)   Other: 0.5ms
[54.699s][info][gc,heap        ] GC(268) Eden regions: 208->0(208)
[54.699s][info][gc,heap        ] GC(268) Survivor regions: 1->1(27)
[54.699s][info][gc,heap        ] GC(268) Old regions: 39->39
[54.700s][info][gc,heap        ] GC(268) Humongous regions: 6->6
[54.700s][info][gc,metaspace   ] GC(268) Metaspace: 70404K->70404K(1112064K)
[54.700s][info][gc             ] GC(268) Pause Young (Normal) (G1 Evacuation Pause) 250M->42M(349M) 6.688ms
[54.700s][info][gc,cpu         ] GC(268) User=0.01s Sys=0.00s Real=0.01s
[54.807s][info][gc,start       ] GC(269) Pause Young (Normal) (G1 Evacuation Pause)
[54.807s][info][gc,task        ] GC(269) Using 1 workers of 1 for evacuation
[54.810s][info][gc,phases      ] GC(269)   Pre Evacuate Collection Set: 0.0ms
[54.810s][info][gc,phases      ] GC(269)   Evacuate Collection Set: 2.6ms
[54.810s][info][gc,phases      ] GC(269)   Post Evacuate Collection Set: 0.3ms
[54.810s][info][gc,phases      ] GC(269)   Other: 0.4ms
[54.810s][info][gc,heap        ] GC(269) Eden regions: 208->0(208)
[54.810s][info][gc,heap        ] GC(269) Survivor regions: 1->1(27)
[54.810s][info][gc,heap        ] GC(269) Old regions: 39->39
[54.810s][info][gc,heap        ] GC(269) Humongous regions: 6->6
[54.810s][info][gc,metaspace   ] GC(269) Metaspace: 70404K->70404K(1112064K)
[54.810s][info][gc             ] GC(269) Pause Young (Normal) (G1 Evacuation Pause) 250M->42M(349M) 3.383ms
[54.810s][info][gc,cpu         ] GC(269) User=0.00s Sys=0.00s Real=0.00s
[54.916s][info][gc,start       ] GC(270) Pause Young (Normal) (G1 Evacuation Pause)
[54.916s][info][gc,task        ] GC(270) Using 1 workers of 1 for evacuation
[54.920s][info][gc,phases      ] GC(270)   Pre Evacuate Collection Set: 0.0ms
[54.920s][info][gc,phases      ] GC(270)   Evacuate Collection Set: 2.5ms
[54.920s][info][gc,phases      ] GC(270)   Post Evacuate Collection Set: 0.3ms
[54.920s][info][gc,phases      ] GC(270)   Other: 0.4ms
[54.920s][info][gc,heap        ] GC(270) Eden regions: 208->0(208)
[54.920s][info][gc,heap        ] GC(270) Survivor regions: 1->1(27)
[54.920s][info][gc,heap        ] GC(270) Old regions: 39->39
[54.920s][info][gc,heap        ] GC(270) Humongous regions: 6->6
[54.920s][info][gc,metaspace   ] GC(270) Metaspace: 70404K->70404K(1112064K)
[54.920s][info][gc             ] GC(270) Pause Young (Normal) (G1 Evacuation Pause) 250M->42M(349M) 3.308ms
[54.920s][info][gc,cpu         ] GC(270) User=0.00s Sys=0.00s Real=0.01s
[55.027s][info][gc,start       ] GC(271) Pause Young (Normal) (G1 Evacuation Pause)
[55.027s][info][gc,task        ] GC(271) Using 1 workers of 1 for evacuation
[55.029s][info][gc,phases      ] GC(271)   Pre Evacuate Collection Set: 0.0ms
[55.029s][info][gc,phases      ] GC(271)   Evacuate Collection Set: 2.3ms
[55.029s][info][gc,phases      ] GC(271)   Post Evacuate Collection Set: 0.4ms
[55.029s][info][gc,phases      ] GC(271)   Other: 0.3ms
[55.029s][info][gc,heap        ] GC(271) Eden regions: 208->0(208)
[55.029s][info][gc,heap        ] GC(271) Survivor regions: 1->1(27)
[55.029s][info][gc,heap        ] GC(271) Old regions: 39->39
[55.029s][info][gc,heap        ] GC(271) Humongous regions: 6->6
[55.029s][info][gc,metaspace   ] GC(271) Metaspace: 70404K->70404K(1112064K)
[55.030s][info][gc             ] GC(271) Pause Young (Normal) (G1 Evacuation Pause) 250M->42M(349M) 3.002ms
[55.030s][info][gc,cpu         ] GC(271) User=0.00s Sys=0.00s Real=0.00s
[55.157s][info][gc,start       ] GC(272) Pause Young (Normal) (G1 Evacuation Pause)
[55.157s][info][gc,task        ] GC(272) Using 1 workers of 1 for evacuation
[55.160s][info][gc,phases      ] GC(272)   Pre Evacuate Collection Set: 0.0ms
[55.160s][info][gc,phases      ] GC(272)   Evacuate Collection Set: 2.4ms
[55.160s][info][gc,phases      ] GC(272)   Post Evacuate Collection Set: 0.3ms
[55.160s][info][gc,phases      ] GC(272)   Other: 0.3ms
[55.160s][info][gc,heap        ] GC(272) Eden regions: 208->0(208)
[55.160s][info][gc,heap        ] GC(272) Survivor regions: 1->1(27)
[55.160s][info][gc,heap        ] GC(272) Old regions: 39->39
[55.160s][info][gc,heap        ] GC(272) Humongous regions: 6->6
[55.160s][info][gc,metaspace   ] GC(272) Metaspace: 70404K->70404K(1112064K)
[55.160s][info][gc             ] GC(272) Pause Young (Normal) (G1 Evacuation Pause) 250M->42M(349M) 3.037ms
[55.160s][info][gc,cpu         ] GC(272) User=0.00s Sys=0.00s Real=0.01s
[55.304s][info][gc,start       ] GC(273) Pause Young (Normal) (G1 Evacuation Pause)
[55.304s][info][gc,task        ] GC(273) Using 1 workers of 1 for evacuation
[55.308s][info][gc,phases      ] GC(273)   Pre Evacuate Collection Set: 0.0ms
[55.308s][info][gc,phases      ] GC(273)   Evacuate Collection Set: 2.6ms
[55.308s][info][gc,phases      ] GC(273)   Post Evacuate Collection Set: 0.4ms
[55.308s][info][gc,phases      ] GC(273)   Other: 0.3ms
[55.308s][info][gc,heap        ] GC(273) Eden regions: 208->0(208)
[55.308s][info][gc,heap        ] GC(273) Survivor regions: 1->1(27)
[55.308s][info][gc,heap        ] GC(273) Old regions: 39->39
[55.308s][info][gc,heap        ] GC(273) Humongous regions: 11->6
[55.308s][info][gc,metaspace   ] GC(273) Metaspace: 70414K->70414K(1112064K)
[55.308s][info][gc             ] GC(273) Pause Young (Normal) (G1 Evacuation Pause) 255M->43M(349M) 3.358ms
[55.308s][info][gc,cpu         ] GC(273) User=0.01s Sys=0.00s Real=0.01s
[55.418s][info][gc,start       ] GC(274) Pause Young (Normal) (G1 Evacuation Pause)
[55.418s][info][gc,task        ] GC(274) Using 1 workers of 1 for evacuation
[55.421s][info][gc,phases      ] GC(274)   Pre Evacuate Collection Set: 0.0ms
[55.421s][info][gc,phases      ] GC(274)   Evacuate Collection Set: 2.7ms
[55.421s][info][gc,phases      ] GC(274)   Post Evacuate Collection Set: 0.3ms
[55.421s][info][gc,phases      ] GC(274)   Other: 0.3ms
[55.421s][info][gc,heap        ] GC(274) Eden regions: 208->0(208)
[55.421s][info][gc,heap        ] GC(274) Survivor regions: 1->1(27)
[55.421s][info][gc,heap        ] GC(274) Old regions: 39->39
[55.421s][info][gc,heap        ] GC(274) Humongous regions: 6->6
[55.421s][info][gc,metaspace   ] GC(274) Metaspace: 70415K->70415K(1112064K)
[55.421s][info][gc             ] GC(274) Pause Young (Normal) (G1 Evacuation Pause) 251M->43M(349M) 3.357ms
[55.421s][info][gc,cpu         ] GC(274) User=0.00s Sys=0.00s Real=0.01s
[55.546s][info][gc,start       ] GC(275) Pause Young (Normal) (G1 Evacuation Pause)
[55.546s][info][gc,task        ] GC(275) Using 1 workers of 1 for evacuation
[55.549s][info][gc,phases      ] GC(275)   Pre Evacuate Collection Set: 0.0ms
[55.549s][info][gc,phases      ] GC(275)   Evacuate Collection Set: 2.5ms
[55.549s][info][gc,phases      ] GC(275)   Post Evacuate Collection Set: 0.3ms
[55.549s][info][gc,phases      ] GC(275)   Other: 0.3ms
[55.549s][info][gc,heap        ] GC(275) Eden regions: 208->0(208)
[55.549s][info][gc,heap        ] GC(275) Survivor regions: 1->1(27)
[55.549s][info][gc,heap        ] GC(275) Old regions: 39->39
[55.549s][info][gc,heap        ] GC(275) Humongous regions: 6->6
[55.549s][info][gc,metaspace   ] GC(275) Metaspace: 70415K->70415K(1112064K)
[55.549s][info][gc             ] GC(275) Pause Young (Normal) (G1 Evacuation Pause) 251M->43M(349M) 3.122ms
[55.550s][info][gc,cpu         ] GC(275) User=0.00s Sys=0.00s Real=0.01s
[55.673s][info][gc,start       ] GC(276) Pause Young (Normal) (G1 Evacuation Pause)
[55.673s][info][gc,task        ] GC(276) Using 1 workers of 1 for evacuation
[55.676s][info][gc,phases      ] GC(276)   Pre Evacuate Collection Set: 0.0ms
[55.677s][info][gc,phases      ] GC(276)   Evacuate Collection Set: 2.5ms
[55.677s][info][gc,phases      ] GC(276)   Post Evacuate Collection Set: 0.3ms
[55.677s][info][gc,phases      ] GC(276)   Other: 0.3ms
[55.677s][info][gc,heap        ] GC(276) Eden regions: 208->0(208)
[55.677s][info][gc,heap        ] GC(276) Survivor regions: 1->1(27)
[55.677s][info][gc,heap        ] GC(276) Old regions: 39->39
[55.677s][info][gc,heap        ] GC(276) Humongous regions: 6->6
[55.677s][info][gc,metaspace   ] GC(276) Metaspace: 70415K->70415K(1112064K)
[55.677s][info][gc             ] GC(276) Pause Young (Normal) (G1 Evacuation Pause) 251M->43M(349M) 3.149ms
[55.677s][info][gc,cpu         ] GC(276) User=0.01s Sys=0.00s Real=0.00s
[55.783s][info][gc,start       ] GC(277) Pause Young (Normal) (G1 Evacuation Pause)
[55.783s][info][gc,task        ] GC(277) Using 1 workers of 1 for evacuation
[55.786s][info][gc,phases      ] GC(277)   Pre Evacuate Collection Set: 0.0ms
[55.786s][info][gc,phases      ] GC(277)   Evacuate Collection Set: 2.4ms
[55.786s][info][gc,phases      ] GC(277)   Post Evacuate Collection Set: 0.3ms
[55.786s][info][gc,phases      ] GC(277)   Other: 0.3ms
[55.786s][info][gc,heap        ] GC(277) Eden regions: 208->0(208)
[55.786s][info][gc,heap        ] GC(277) Survivor regions: 1->1(27)
[55.786s][info][gc,heap        ] GC(277) Old regions: 39->39
[55.786s][info][gc,heap        ] GC(277) Humongous regions: 6->6
[55.786s][info][gc,metaspace   ] GC(277) Metaspace: 70415K->70415K(1112064K)
[55.786s][info][gc             ] GC(277) Pause Young (Normal) (G1 Evacuation Pause) 251M->43M(349M) 3.159ms
[55.786s][info][gc,cpu         ] GC(277) User=0.00s Sys=0.00s Real=0.00s
[55.904s][info][gc,start       ] GC(278) Pause Young (Normal) (G1 Evacuation Pause)
[55.904s][info][gc,task        ] GC(278) Using 1 workers of 1 for evacuation
[55.910s][info][gc,phases      ] GC(278)   Pre Evacuate Collection Set: 0.0ms
[55.911s][info][gc,phases      ] GC(278)   Evacuate Collection Set: 5.3ms
[55.911s][info][gc,phases      ] GC(278)   Post Evacuate Collection Set: 0.7ms
[55.911s][info][gc,phases      ] GC(278)   Other: 0.6ms
[55.911s][info][gc,heap        ] GC(278) Eden regions: 208->0(208)
[55.911s][info][gc,heap        ] GC(278) Survivor regions: 1->1(27)
[55.911s][info][gc,heap        ] GC(278) Old regions: 39->39
[55.911s][info][gc,heap        ] GC(278) Humongous regions: 6->6
[55.911s][info][gc,metaspace   ] GC(278) Metaspace: 70415K->70415K(1112064K)
[55.911s][info][gc             ] GC(278) Pause Young (Normal) (G1 Evacuation Pause) 251M->43M(349M) 6.783ms
[55.911s][info][gc,cpu         ] GC(278) User=0.01s Sys=0.00s Real=0.01s
[56.047s][info][gc,start       ] GC(279) Pause Young (Normal) (G1 Evacuation Pause)
[56.047s][info][gc,task        ] GC(279) Using 1 workers of 1 for evacuation
[56.050s][info][gc,phases      ] GC(279)   Pre Evacuate Collection Set: 0.0ms
[56.050s][info][gc,phases      ] GC(279)   Evacuate Collection Set: 2.4ms
[56.050s][info][gc,phases      ] GC(279)   Post Evacuate Collection Set: 0.4ms
[56.050s][info][gc,phases      ] GC(279)   Other: 0.3ms
[56.050s][info][gc,heap        ] GC(279) Eden regions: 208->0(208)
[56.050s][info][gc,heap        ] GC(279) Survivor regions: 1->1(27)
[56.050s][info][gc,heap        ] GC(279) Old regions: 39->39
[56.050s][info][gc,heap        ] GC(279) Humongous regions: 6->6
[56.050s][info][gc,metaspace   ] GC(279) Metaspace: 70415K->70415K(1112064K)
[56.050s][info][gc             ] GC(279) Pause Young (Normal) (G1 Evacuation Pause) 251M->43M(349M) 3.116ms
[56.050s][info][gc,cpu         ] GC(279) User=0.00s Sys=0.00s Real=0.00s
[56.155s][info][gc,start       ] GC(280) Pause Young (Normal) (G1 Evacuation Pause)
[56.155s][info][gc,task        ] GC(280) Using 1 workers of 1 for evacuation
[56.162s][info][gc,phases      ] GC(280)   Pre Evacuate Collection Set: 0.0ms
[56.162s][info][gc,phases      ] GC(280)   Evacuate Collection Set: 5.1ms
[56.162s][info][gc,phases      ] GC(280)   Post Evacuate Collection Set: 0.8ms
[56.162s][info][gc,phases      ] GC(280)   Other: 0.4ms
[56.162s][info][gc,heap        ] GC(280) Eden regions: 208->0(208)
[56.162s][info][gc,heap        ] GC(280) Survivor regions: 1->1(27)
[56.162s][info][gc,heap        ] GC(280) Old regions: 39->39
[56.162s][info][gc,heap        ] GC(280) Humongous regions: 6->6
[56.162s][info][gc,metaspace   ] GC(280) Metaspace: 70415K->70415K(1112064K)
[56.162s][info][gc             ] GC(280) Pause Young (Normal) (G1 Evacuation Pause) 251M->43M(349M) 6.498ms
[56.162s][info][gc,cpu         ] GC(280) User=0.01s Sys=0.00s Real=0.01s
[56.367s][info][gc,start       ] GC(281) Pause Young (Normal) (G1 Evacuation Pause)
[56.367s][info][gc,task        ] GC(281) Using 1 workers of 1 for evacuation
[56.371s][info][gc,phases      ] GC(281)   Pre Evacuate Collection Set: 0.0ms
[56.371s][info][gc,phases      ] GC(281)   Evacuate Collection Set: 2.7ms
[56.371s][info][gc,phases      ] GC(281)   Post Evacuate Collection Set: 0.6ms
[56.371s][info][gc,phases      ] GC(281)   Other: 0.4ms
[56.371s][info][gc,heap        ] GC(281) Eden regions: 208->0(208)
[56.371s][info][gc,heap        ] GC(281) Survivor regions: 1->1(27)
[56.371s][info][gc,heap        ] GC(281) Old regions: 39->39
[56.371s][info][gc,heap        ] GC(281) Humongous regions: 6->6
[56.371s][info][gc,metaspace   ] GC(281) Metaspace: 70415K->70415K(1112064K)
[56.371s][info][gc             ] GC(281) Pause Young (Normal) (G1 Evacuation Pause) 251M->43M(349M) 3.825ms
[56.371s][info][gc,cpu         ] GC(281) User=0.00s Sys=0.00s Real=0.00s
[56.514s][info][gc,start       ] GC(282) Pause Young (Normal) (G1 Evacuation Pause)
[56.514s][info][gc,task        ] GC(282) Using 1 workers of 1 for evacuation
[56.517s][info][gc,phases      ] GC(282)   Pre Evacuate Collection Set: 0.0ms
[56.517s][info][gc,phases      ] GC(282)   Evacuate Collection Set: 2.3ms
[56.517s][info][gc,phases      ] GC(282)   Post Evacuate Collection Set: 0.3ms
[56.517s][info][gc,phases      ] GC(282)   Other: 0.3ms
[56.517s][info][gc,heap        ] GC(282) Eden regions: 208->0(208)
[56.517s][info][gc,heap        ] GC(282) Survivor regions: 1->1(27)
[56.517s][info][gc,heap        ] GC(282) Old regions: 39->39
[56.517s][info][gc,heap        ] GC(282) Humongous regions: 11->6
[56.517s][info][gc,metaspace   ] GC(282) Metaspace: 70420K->70420K(1112064K)
[56.517s][info][gc             ] GC(282) Pause Young (Normal) (G1 Evacuation Pause) 256M->42M(349M) 3.027ms
[56.517s][info][gc,cpu         ] GC(282) User=0.01s Sys=0.00s Real=0.00s
[56.627s][info][gc,start       ] GC(283) Pause Young (Normal) (G1 Evacuation Pause)
[56.627s][info][gc,task        ] GC(283) Using 1 workers of 1 for evacuation
[56.630s][info][gc,phases      ] GC(283)   Pre Evacuate Collection Set: 0.0ms
[56.630s][info][gc,phases      ] GC(283)   Evacuate Collection Set: 2.3ms
[56.630s][info][gc,phases      ] GC(283)   Post Evacuate Collection Set: 0.3ms
[56.630s][info][gc,phases      ] GC(283)   Other: 0.4ms
[56.630s][info][gc,heap        ] GC(283) Eden regions: 208->0(208)
[56.630s][info][gc,heap        ] GC(283) Survivor regions: 1->1(27)
[56.630s][info][gc,heap        ] GC(283) Old regions: 39->39
[56.630s][info][gc,heap        ] GC(283) Humongous regions: 6->6
[56.630s][info][gc,metaspace   ] GC(283) Metaspace: 70420K->70420K(1112064K)
[56.630s][info][gc             ] GC(283) Pause Young (Normal) (G1 Evacuation Pause) 250M->42M(349M) 2.988ms
[56.630s][info][gc,cpu         ] GC(283) User=0.00s Sys=0.00s Real=0.00s
[56.738s][info][gc,start       ] GC(284) Pause Young (Normal) (G1 Evacuation Pause)
[56.738s][info][gc,task        ] GC(284) Using 1 workers of 1 for evacuation
[56.741s][info][gc,phases      ] GC(284)   Pre Evacuate Collection Set: 0.0ms
[56.741s][info][gc,phases      ] GC(284)   Evacuate Collection Set: 2.3ms
[56.741s][info][gc,phases      ] GC(284)   Post Evacuate Collection Set: 0.3ms
[56.741s][info][gc,phases      ] GC(284)   Other: 0.3ms
[56.741s][info][gc,heap        ] GC(284) Eden regions: 208->0(208)
[56.741s][info][gc,heap        ] GC(284) Survivor regions: 1->1(27)
[56.741s][info][gc,heap        ] GC(284) Old regions: 39->39
[56.741s][info][gc,heap        ] GC(284) Humongous regions: 6->6
[56.741s][info][gc,metaspace   ] GC(284) Metaspace: 70420K->70420K(1112064K)
[56.741s][info][gc             ] GC(284) Pause Young (Normal) (G1 Evacuation Pause) 250M->42M(349M) 2.914ms
[56.741s][info][gc,cpu         ] GC(284) User=0.00s Sys=0.00s Real=0.01s
[56.853s][info][gc,start       ] GC(285) Pause Young (Normal) (G1 Evacuation Pause)
[56.853s][info][gc,task        ] GC(285) Using 1 workers of 1 for evacuation
[56.856s][info][gc,phases      ] GC(285)   Pre Evacuate Collection Set: 0.0ms
[56.856s][info][gc,phases      ] GC(285)   Evacuate Collection Set: 2.3ms
[56.856s][info][gc,phases      ] GC(285)   Post Evacuate Collection Set: 0.3ms
[56.856s][info][gc,phases      ] GC(285)   Other: 0.3ms
[56.856s][info][gc,heap        ] GC(285) Eden regions: 208->0(208)
[56.856s][info][gc,heap        ] GC(285) Survivor regions: 1->1(27)
[56.856s][info][gc,heap        ] GC(285) Old regions: 39->39
[56.856s][info][gc,heap        ] GC(285) Humongous regions: 6->6
[56.856s][info][gc,metaspace   ] GC(285) Metaspace: 70433K->70433K(1112064K)
[56.856s][info][gc             ] GC(285) Pause Young (Normal) (G1 Evacuation Pause) 250M->42M(349M) 2.950ms
[56.856s][info][gc,cpu         ] GC(285) User=0.00s Sys=0.00s Real=0.00s
[56.965s][info][gc,start       ] GC(286) Pause Young (Normal) (G1 Evacuation Pause)
[56.965s][info][gc,task        ] GC(286) Using 1 workers of 1 for evacuation
[56.968s][info][gc,phases      ] GC(286)   Pre Evacuate Collection Set: 0.0ms
[56.968s][info][gc,phases      ] GC(286)   Evacuate Collection Set: 2.3ms
[56.968s][info][gc,phases      ] GC(286)   Post Evacuate Collection Set: 0.4ms
[56.968s][info][gc,phases      ] GC(286)   Other: 0.3ms
[56.968s][info][gc,heap        ] GC(286) Eden regions: 208->0(208)
[56.968s][info][gc,heap        ] GC(286) Survivor regions: 1->1(27)
[56.968s][info][gc,heap        ] GC(286) Old regions: 39->39
[56.968s][info][gc,heap        ] GC(286) Humongous regions: 6->6
[56.968s][info][gc,metaspace   ] GC(286) Metaspace: 70433K->70433K(1112064K)
[56.968s][info][gc             ] GC(286) Pause Young (Normal) (G1 Evacuation Pause) 250M->42M(349M) 2.989ms
[56.968s][info][gc,cpu         ] GC(286) User=0.01s Sys=0.00s Real=0.01s
[57.078s][info][gc,start       ] GC(287) Pause Young (Normal) (G1 Evacuation Pause)
[57.078s][info][gc,task        ] GC(287) Using 1 workers of 1 for evacuation
[57.081s][info][gc,phases      ] GC(287)   Pre Evacuate Collection Set: 0.0ms
[57.081s][info][gc,phases      ] GC(287)   Evacuate Collection Set: 2.3ms
[57.081s][info][gc,phases      ] GC(287)   Post Evacuate Collection Set: 0.3ms
[57.081s][info][gc,phases      ] GC(287)   Other: 0.3ms
[57.081s][info][gc,heap        ] GC(287) Eden regions: 208->0(208)
[57.081s][info][gc,heap        ] GC(287) Survivor regions: 1->1(27)
[57.081s][info][gc,heap        ] GC(287) Old regions: 39->39
[57.081s][info][gc,heap        ] GC(287) Humongous regions: 6->6
[57.081s][info][gc,metaspace   ] GC(287) Metaspace: 70433K->70433K(1112064K)
[57.081s][info][gc             ] GC(287) Pause Young (Normal) (G1 Evacuation Pause) 250M->42M(349M) 2.936ms
[57.081s][info][gc,cpu         ] GC(287) User=0.00s Sys=0.00s Real=0.00s
[57.300s][info][gc,start       ] GC(288) Pause Young (Normal) (G1 Evacuation Pause)
[57.300s][info][gc,task        ] GC(288) Using 1 workers of 1 for evacuation
[57.307s][info][gc,phases      ] GC(288)   Pre Evacuate Collection Set: 0.0ms
[57.307s][info][gc,phases      ] GC(288)   Evacuate Collection Set: 5.6ms
[57.307s][info][gc,phases      ] GC(288)   Post Evacuate Collection Set: 0.3ms
[57.307s][info][gc,phases      ] GC(288)   Other: 0.8ms
[57.307s][info][gc,heap        ] GC(288) Eden regions: 208->0(208)
[57.307s][info][gc,heap        ] GC(288) Survivor regions: 1->1(27)
[57.307s][info][gc,heap        ] GC(288) Old regions: 39->39
[57.307s][info][gc,heap        ] GC(288) Humongous regions: 6->6
[57.307s][info][gc,metaspace   ] GC(288) Metaspace: 70433K->70433K(1112064K)
[57.307s][info][gc             ] GC(288) Pause Young (Normal) (G1 Evacuation Pause) 250M->42M(349M) 6.740ms
[57.307s][info][gc,cpu         ] GC(288) User=0.00s Sys=0.00s Real=0.01s
[57.448s][info][gc,start       ] GC(289) Pause Young (Normal) (G1 Evacuation Pause)
[57.448s][info][gc,task        ] GC(289) Using 1 workers of 1 for evacuation
[57.454s][info][gc,phases      ] GC(289)   Pre Evacuate Collection Set: 0.0ms
[57.454s][info][gc,phases      ] GC(289)   Evacuate Collection Set: 5.0ms
[57.454s][info][gc,phases      ] GC(289)   Post Evacuate Collection Set: 0.9ms
[57.454s][info][gc,phases      ] GC(289)   Other: 0.4ms
[57.454s][info][gc,heap        ] GC(289) Eden regions: 208->0(208)
[57.454s][info][gc,heap        ] GC(289) Survivor regions: 1->1(27)
[57.454s][info][gc,heap        ] GC(289) Old regions: 39->39
[57.454s][info][gc,heap        ] GC(289) Humongous regions: 6->6
[57.454s][info][gc,metaspace   ] GC(289) Metaspace: 70433K->70433K(1112064K)
[57.454s][info][gc             ] GC(289) Pause Young (Normal) (G1 Evacuation Pause) 250M->43M(349M) 6.636ms
[57.454s][info][gc,cpu         ] GC(289) User=0.00s Sys=0.00s Real=0.00s
[57.604s][info][gc,start       ] GC(290) Pause Young (Normal) (G1 Evacuation Pause)
[57.604s][info][gc,task        ] GC(290) Using 1 workers of 1 for evacuation
[57.607s][info][gc,phases      ] GC(290)   Pre Evacuate Collection Set: 0.0ms
[57.607s][info][gc,phases      ] GC(290)   Evacuate Collection Set: 2.5ms
[57.607s][info][gc,phases      ] GC(290)   Post Evacuate Collection Set: 0.4ms
[57.607s][info][gc,phases      ] GC(290)   Other: 0.4ms
[57.607s][info][gc,heap        ] GC(290) Eden regions: 208->0(208)
[57.607s][info][gc,heap        ] GC(290) Survivor regions: 1->1(27)
[57.607s][info][gc,heap        ] GC(290) Old regions: 39->39
[57.607s][info][gc,heap        ] GC(290) Humongous regions: 6->6
[57.607s][info][gc,metaspace   ] GC(290) Metaspace: 70433K->70433K(1112064K)
[57.607s][info][gc             ] GC(290) Pause Young (Normal) (G1 Evacuation Pause) 251M->43M(349M) 3.379ms
[57.607s][info][gc,cpu         ] GC(290) User=0.00s Sys=0.00s Real=0.01s
[57.770s][info][gc,start       ] GC(291) Pause Young (Normal) (G1 Evacuation Pause)
[57.770s][info][gc,task        ] GC(291) Using 1 workers of 1 for evacuation
[57.773s][info][gc,phases      ] GC(291)   Pre Evacuate Collection Set: 0.0ms
[57.773s][info][gc,phases      ] GC(291)   Evacuate Collection Set: 2.6ms
[57.773s][info][gc,phases      ] GC(291)   Post Evacuate Collection Set: 0.5ms
[57.773s][info][gc,phases      ] GC(291)   Other: 0.3ms
[57.773s][info][gc,heap        ] GC(291) Eden regions: 208->0(208)
[57.773s][info][gc,heap        ] GC(291) Survivor regions: 1->1(27)
[57.773s][info][gc,heap        ] GC(291) Old regions: 39->39
[57.773s][info][gc,heap        ] GC(291) Humongous regions: 11->6
[57.773s][info][gc,metaspace   ] GC(291) Metaspace: 70454K->70454K(1112064K)
[57.773s][info][gc             ] GC(291) Pause Young (Normal) (G1 Evacuation Pause) 256M->43M(349M) 3.441ms
[57.774s][info][gc,cpu         ] GC(291) User=0.00s Sys=0.00s Real=0.00s
[57.949s][info][gc,start       ] GC(292) Pause Young (Normal) (G1 Evacuation Pause)
[57.949s][info][gc,task        ] GC(292) Using 1 workers of 1 for evacuation
[57.956s][info][gc,phases      ] GC(292)   Pre Evacuate Collection Set: 0.0ms
[57.957s][info][gc,phases      ] GC(292)   Evacuate Collection Set: 6.0ms
[57.957s][info][gc,phases      ] GC(292)   Post Evacuate Collection Set: 0.8ms
[57.957s][info][gc,phases      ] GC(292)   Other: 0.5ms
[57.957s][info][gc,heap        ] GC(292) Eden regions: 208->0(208)
[57.957s][info][gc,heap        ] GC(292) Survivor regions: 1->1(27)
[57.957s][info][gc,heap        ] GC(292) Old regions: 39->39
[57.957s][info][gc,heap        ] GC(292) Humongous regions: 6->6
[57.957s][info][gc,metaspace   ] GC(292) Metaspace: 70455K->70455K(1112064K)
[57.957s][info][gc             ] GC(292) Pause Young (Normal) (G1 Evacuation Pause) 251M->43M(349M) 7.536ms
[57.957s][info][gc,cpu         ] GC(292) User=0.01s Sys=0.00s Real=0.00s
[58.113s][info][gc,start       ] GC(293) Pause Young (Normal) (G1 Evacuation Pause)
[58.113s][info][gc,task        ] GC(293) Using 1 workers of 1 for evacuation
[58.116s][info][gc,phases      ] GC(293)   Pre Evacuate Collection Set: 0.0ms
[58.116s][info][gc,phases      ] GC(293)   Evacuate Collection Set: 2.5ms
[58.116s][info][gc,phases      ] GC(293)   Post Evacuate Collection Set: 0.3ms
[58.116s][info][gc,phases      ] GC(293)   Other: 0.3ms
[58.116s][info][gc,heap        ] GC(293) Eden regions: 208->0(208)
[58.116s][info][gc,heap        ] GC(293) Survivor regions: 1->1(27)
[58.116s][info][gc,heap        ] GC(293) Old regions: 39->39
[58.116s][info][gc,heap        ] GC(293) Humongous regions: 6->6
[58.116s][info][gc,metaspace   ] GC(293) Metaspace: 70455K->70455K(1112064K)
[58.116s][info][gc             ] GC(293) Pause Young (Normal) (G1 Evacuation Pause) 251M->43M(349M) 3.232ms
[58.116s][info][gc,cpu         ] GC(293) User=0.00s Sys=0.00s Real=0.00s
[58.308s][info][gc,start       ] GC(294) Pause Young (Normal) (G1 Evacuation Pause)
[58.308s][info][gc,task        ] GC(294) Using 1 workers of 1 for evacuation
[58.315s][info][gc,phases      ] GC(294)   Pre Evacuate Collection Set: 0.0ms
[58.315s][info][gc,phases      ] GC(294)   Evacuate Collection Set: 5.2ms
[58.315s][info][gc,phases      ] GC(294)   Post Evacuate Collection Set: 0.8ms
[58.315s][info][gc,phases      ] GC(294)   Other: 0.7ms
[58.315s][info][gc,heap        ] GC(294) Eden regions: 208->0(208)
[58.315s][info][gc,heap        ] GC(294) Survivor regions: 1->1(27)
[58.315s][info][gc,heap        ] GC(294) Old regions: 39->39
[58.315s][info][gc,heap        ] GC(294) Humongous regions: 6->6
[58.315s][info][gc,metaspace   ] GC(294) Metaspace: 70455K->70455K(1112064K)
[58.315s][info][gc             ] GC(294) Pause Young (Normal) (G1 Evacuation Pause) 251M->43M(349M) 6.700ms
[58.315s][info][gc,cpu         ] GC(294) User=0.01s Sys=0.00s Real=0.00s
[58.517s][info][gc,start       ] GC(295) Pause Young (Normal) (G1 Evacuation Pause)
[58.517s][info][gc,task        ] GC(295) Using 1 workers of 1 for evacuation
[58.520s][info][gc,phases      ] GC(295)   Pre Evacuate Collection Set: 0.0ms
[58.520s][info][gc,phases      ] GC(295)   Evacuate Collection Set: 2.7ms
[58.520s][info][gc,phases      ] GC(295)   Post Evacuate Collection Set: 0.3ms
[58.520s][info][gc,phases      ] GC(295)   Other: 0.7ms
[58.520s][info][gc,heap        ] GC(295) Eden regions: 208->0(208)
[58.521s][info][gc,heap        ] GC(295) Survivor regions: 1->1(27)
[58.521s][info][gc,heap        ] GC(295) Old regions: 39->39
[58.521s][info][gc,heap        ] GC(295) Humongous regions: 6->6
[58.521s][info][gc,metaspace   ] GC(295) Metaspace: 70455K->70455K(1112064K)
[58.521s][info][gc             ] GC(295) Pause Young (Normal) (G1 Evacuation Pause) 251M->43M(349M) 3.783ms
[58.521s][info][gc,cpu         ] GC(295) User=0.00s Sys=0.00s Real=0.01s
[58.645s][info][gc,start       ] GC(296) Pause Young (Normal) (G1 Evacuation Pause)
[58.645s][info][gc,task        ] GC(296) Using 1 workers of 1 for evacuation
[58.648s][info][gc,phases      ] GC(296)   Pre Evacuate Collection Set: 0.0ms
[58.648s][info][gc,phases      ] GC(296)   Evacuate Collection Set: 2.8ms
[58.648s][info][gc,phases      ] GC(296)   Post Evacuate Collection Set: 0.4ms
[58.648s][info][gc,phases      ] GC(296)   Other: 0.3ms
[58.648s][info][gc,heap        ] GC(296) Eden regions: 208->0(208)
[58.648s][info][gc,heap        ] GC(296) Survivor regions: 1->1(27)
[58.648s][info][gc,heap        ] GC(296) Old regions: 39->39
[58.648s][info][gc,heap        ] GC(296) Humongous regions: 6->6
[58.648s][info][gc,metaspace   ] GC(296) Metaspace: 70455K->70455K(1112064K)
[58.648s][info][gc             ] GC(296) Pause Young (Normal) (G1 Evacuation Pause) 251M->43M(349M) 3.629ms
[58.648s][info][gc,cpu         ] GC(296) User=0.00s Sys=0.00s Real=0.01s
[58.781s][info][gc,start       ] GC(297) Pause Young (Normal) (G1 Evacuation Pause)
[58.781s][info][gc,task        ] GC(297) Using 1 workers of 1 for evacuation
[58.784s][info][gc,phases      ] GC(297)   Pre Evacuate Collection Set: 0.0ms
[58.784s][info][gc,phases      ] GC(297)   Evacuate Collection Set: 2.5ms
[58.784s][info][gc,phases      ] GC(297)   Post Evacuate Collection Set: 0.3ms
[58.784s][info][gc,phases      ] GC(297)   Other: 0.3ms
[58.784s][info][gc,heap        ] GC(297) Eden regions: 208->0(208)
[58.784s][info][gc,heap        ] GC(297) Survivor regions: 1->1(27)
[58.784s][info][gc,heap        ] GC(297) Old regions: 39->39
[58.784s][info][gc,heap        ] GC(297) Humongous regions: 6->6
[58.784s][info][gc,metaspace   ] GC(297) Metaspace: 70455K->70455K(1112064K)
[58.784s][info][gc             ] GC(297) Pause Young (Normal) (G1 Evacuation Pause) 251M->43M(349M) 3.112ms
[58.784s][info][gc,cpu         ] GC(297) User=0.01s Sys=0.00s Real=0.00s
[58.888s][info][gc,start       ] GC(298) Pause Young (Normal) (G1 Evacuation Pause)
[58.888s][info][gc,task        ] GC(298) Using 1 workers of 1 for evacuation
[58.891s][info][gc,phases      ] GC(298)   Pre Evacuate Collection Set: 0.0ms
[58.891s][info][gc,phases      ] GC(298)   Evacuate Collection Set: 2.4ms
[58.891s][info][gc,phases      ] GC(298)   Post Evacuate Collection Set: 0.3ms
[58.891s][info][gc,phases      ] GC(298)   Other: 0.3ms
[58.891s][info][gc,heap        ] GC(298) Eden regions: 208->0(208)
[58.891s][info][gc,heap        ] GC(298) Survivor regions: 1->1(27)
[58.891s][info][gc,heap        ] GC(298) Old regions: 39->39
[58.891s][info][gc,heap        ] GC(298) Humongous regions: 6->6
[58.891s][info][gc,metaspace   ] GC(298) Metaspace: 70455K->70455K(1112064K)
[58.891s][info][gc             ] GC(298) Pause Young (Normal) (G1 Evacuation Pause) 251M->43M(349M) 3.093ms
[58.891s][info][gc,cpu         ] GC(298) User=0.00s Sys=0.00s Real=0.00s
[58.994s][info][gc,start       ] GC(299) Pause Young (Normal) (G1 Evacuation Pause)
[58.994s][info][gc,task        ] GC(299) Using 1 workers of 1 for evacuation
[58.997s][info][gc,phases      ] GC(299)   Pre Evacuate Collection Set: 0.0ms
[58.997s][info][gc,phases      ] GC(299)   Evacuate Collection Set: 2.5ms
[58.997s][info][gc,phases      ] GC(299)   Post Evacuate Collection Set: 0.3ms
[58.997s][info][gc,phases      ] GC(299)   Other: 0.4ms
[58.997s][info][gc,heap        ] GC(299) Eden regions: 208->0(208)
[58.997s][info][gc,heap        ] GC(299) Survivor regions: 1->1(27)
[58.997s][info][gc,heap        ] GC(299) Old regions: 39->39
[58.997s][info][gc,heap        ] GC(299) Humongous regions: 6->6
[58.997s][info][gc,metaspace   ] GC(299) Metaspace: 70455K->70455K(1112064K)
[58.997s][info][gc             ] GC(299) Pause Young (Normal) (G1 Evacuation Pause) 251M->43M(349M) 3.202ms
[58.997s][info][gc,cpu         ] GC(299) User=0.00s Sys=0.00s Real=0.00s
[59.134s][info][gc,start       ] GC(300) Pause Young (Normal) (G1 Evacuation Pause)
[59.134s][info][gc,task        ] GC(300) Using 1 workers of 1 for evacuation
[59.137s][info][gc,phases      ] GC(300)   Pre Evacuate Collection Set: 0.0ms
[59.137s][info][gc,phases      ] GC(300)   Evacuate Collection Set: 2.3ms
[59.137s][info][gc,phases      ] GC(300)   Post Evacuate Collection Set: 0.3ms
[59.137s][info][gc,phases      ] GC(300)   Other: 0.4ms
[59.137s][info][gc,heap        ] GC(300) Eden regions: 208->0(208)
[59.137s][info][gc,heap        ] GC(300) Survivor regions: 1->1(27)
[59.137s][info][gc,heap        ] GC(300) Old regions: 39->39
[59.137s][info][gc,heap        ] GC(300) Humongous regions: 11->6
[59.137s][info][gc,metaspace   ] GC(300) Metaspace: 70462K->70462K(1112064K)
[59.137s][info][gc             ] GC(300) Pause Young (Normal) (G1 Evacuation Pause) 256M->42M(349M) 3.072ms
[59.137s][info][gc,cpu         ] GC(300) User=0.00s Sys=0.00s Real=0.00s
[59.356s][info][gc,start       ] GC(301) Pause Young (Normal) (G1 Evacuation Pause)
[59.356s][info][gc,task        ] GC(301) Using 1 workers of 1 for evacuation
[59.359s][info][gc,phases      ] GC(301)   Pre Evacuate Collection Set: 0.0ms
[59.359s][info][gc,phases      ] GC(301)   Evacuate Collection Set: 2.4ms
[59.359s][info][gc,phases      ] GC(301)   Post Evacuate Collection Set: 0.5ms
[59.359s][info][gc,phases      ] GC(301)   Other: 0.4ms
[59.359s][info][gc,heap        ] GC(301) Eden regions: 208->0(208)
[59.359s][info][gc,heap        ] GC(301) Survivor regions: 1->1(27)
[59.359s][info][gc,heap        ] GC(301) Old regions: 39->39
[59.359s][info][gc,heap        ] GC(301) Humongous regions: 6->6
[59.359s][info][gc,metaspace   ] GC(301) Metaspace: 70462K->70462K(1112064K)
[59.359s][info][gc             ] GC(301) Pause Young (Normal) (G1 Evacuation Pause) 250M->42M(349M) 3.364ms
[59.359s][info][gc,cpu         ] GC(301) User=0.00s Sys=0.00s Real=0.01s
[59.465s][info][gc,start       ] GC(302) Pause Young (Normal) (G1 Evacuation Pause)
[59.465s][info][gc,task        ] GC(302) Using 1 workers of 1 for evacuation
[59.468s][info][gc,phases      ] GC(302)   Pre Evacuate Collection Set: 0.0ms
[59.468s][info][gc,phases      ] GC(302)   Evacuate Collection Set: 2.3ms
[59.468s][info][gc,phases      ] GC(302)   Post Evacuate Collection Set: 0.3ms
[59.468s][info][gc,phases      ] GC(302)   Other: 0.3ms
[59.468s][info][gc,heap        ] GC(302) Eden regions: 208->0(208)
[59.468s][info][gc,heap        ] GC(302) Survivor regions: 1->1(27)
[59.468s][info][gc,heap        ] GC(302) Old regions: 39->39
[59.468s][info][gc,heap        ] GC(302) Humongous regions: 6->6
[59.468s][info][gc,metaspace   ] GC(302) Metaspace: 70462K->70462K(1112064K)
[59.468s][info][gc             ] GC(302) Pause Young (Normal) (G1 Evacuation Pause) 250M->42M(349M) 2.980ms
[59.468s][info][gc,cpu         ] GC(302) User=0.00s Sys=0.00s Real=0.01s
[59.574s][info][gc,start       ] GC(303) Pause Young (Normal) (G1 Evacuation Pause)
[59.574s][info][gc,task        ] GC(303) Using 1 workers of 1 for evacuation
[59.576s][info][gc,phases      ] GC(303)   Pre Evacuate Collection Set: 0.0ms
[59.576s][info][gc,phases      ] GC(303)   Evacuate Collection Set: 2.2ms
[59.576s][info][gc,phases      ] GC(303)   Post Evacuate Collection Set: 0.3ms
[59.577s][info][gc,phases      ] GC(303)   Other: 0.3ms
[59.577s][info][gc,heap        ] GC(303) Eden regions: 208->0(208)
[59.577s][info][gc,heap        ] GC(303) Survivor regions: 1->1(27)
[59.577s][info][gc,heap        ] GC(303) Old regions: 39->39
[59.577s][info][gc,heap        ] GC(303) Humongous regions: 6->6
[59.577s][info][gc,metaspace   ] GC(303) Metaspace: 70462K->70462K(1112064K)
[59.577s][info][gc             ] GC(303) Pause Young (Normal) (G1 Evacuation Pause) 250M->42M(349M) 2.863ms
[59.577s][info][gc,cpu         ] GC(303) User=0.00s Sys=0.00s Real=0.00s
[59.697s][info][gc,start       ] GC(304) Pause Young (Normal) (G1 Evacuation Pause)
[59.697s][info][gc,task        ] GC(304) Using 1 workers of 1 for evacuation
[59.700s][info][gc,phases      ] GC(304)   Pre Evacuate Collection Set: 0.0ms
[59.700s][info][gc,phases      ] GC(304)   Evacuate Collection Set: 2.2ms
[59.700s][info][gc,phases      ] GC(304)   Post Evacuate Collection Set: 0.3ms
[59.700s][info][gc,phases      ] GC(304)   Other: 0.3ms
[59.700s][info][gc,heap        ] GC(304) Eden regions: 208->0(208)
[59.700s][info][gc,heap        ] GC(304) Survivor regions: 1->1(27)
[59.700s][info][gc,heap        ] GC(304) Old regions: 39->39
[59.700s][info][gc,heap        ] GC(304) Humongous regions: 6->6
[59.700s][info][gc,metaspace   ] GC(304) Metaspace: 70462K->70462K(1112064K)
[59.700s][info][gc             ] GC(304) Pause Young (Normal) (G1 Evacuation Pause) 250M->42M(349M) 2.878ms
[59.700s][info][gc,cpu         ] GC(304) User=0.00s Sys=0.00s Real=0.01s
[59.865s][info][gc,start       ] GC(305) Pause Young (Normal) (G1 Evacuation Pause)
[59.865s][info][gc,task        ] GC(305) Using 1 workers of 1 for evacuation
[59.868s][info][gc,phases      ] GC(305)   Pre Evacuate Collection Set: 0.0ms
[59.868s][info][gc,phases      ] GC(305)   Evacuate Collection Set: 2.3ms
[59.868s][info][gc,phases      ] GC(305)   Post Evacuate Collection Set: 0.3ms
[59.868s][info][gc,phases      ] GC(305)   Other: 0.3ms
[59.868s][info][gc,heap        ] GC(305) Eden regions: 208->0(208)
[59.868s][info][gc,heap        ] GC(305) Survivor regions: 1->1(27)
[59.868s][info][gc,heap        ] GC(305) Old regions: 39->39
[59.868s][info][gc,heap        ] GC(305) Humongous regions: 6->6
[59.868s][info][gc,metaspace   ] GC(305) Metaspace: 70462K->70462K(1112064K)
[59.868s][info][gc             ] GC(305) Pause Young (Normal) (G1 Evacuation Pause) 250M->42M(349M) 3.007ms
[59.868s][info][gc,cpu         ] GC(305) User=0.00s Sys=0.00s Real=0.01s
[59.980s][info][gc,start       ] GC(306) Pause Young (Normal) (G1 Evacuation Pause)
[59.980s][info][gc,task        ] GC(306) Using 1 workers of 1 for evacuation
[59.983s][info][gc,phases      ] GC(306)   Pre Evacuate Collection Set: 0.0ms
[59.983s][info][gc,phases      ] GC(306)   Evacuate Collection Set: 2.5ms
[59.983s][info][gc,phases      ] GC(306)   Post Evacuate Collection Set: 0.3ms
[59.983s][info][gc,phases      ] GC(306)   Other: 0.3ms
[59.983s][info][gc,heap        ] GC(306) Eden regions: 208->0(208)
[59.983s][info][gc,heap        ] GC(306) Survivor regions: 1->1(27)
[59.983s][info][gc,heap        ] GC(306) Old regions: 39->39
[59.983s][info][gc,heap        ] GC(306) Humongous regions: 6->6
[59.983s][info][gc,metaspace   ] GC(306) Metaspace: 70462K->70462K(1112064K)
[59.983s][info][gc             ] GC(306) Pause Young (Normal) (G1 Evacuation Pause) 250M->42M(349M) 3.152ms
[59.983s][info][gc,cpu         ] GC(306) User=0.00s Sys=0.00s Real=0.00s
[60.109s][info][gc,start       ] GC(307) Pause Young (Normal) (G1 Evacuation Pause)
[60.109s][info][gc,task        ] GC(307) Using 1 workers of 1 for evacuation
[60.112s][info][gc,phases      ] GC(307)   Pre Evacuate Collection Set: 0.0ms
[60.112s][info][gc,phases      ] GC(307)   Evacuate Collection Set: 2.3ms
[60.112s][info][gc,phases      ] GC(307)   Post Evacuate Collection Set: 0.3ms
[60.112s][info][gc,phases      ] GC(307)   Other: 0.3ms
[60.112s][info][gc,heap        ] GC(307) Eden regions: 208->0(208)
[60.112s][info][gc,heap        ] GC(307) Survivor regions: 1->1(27)
[60.112s][info][gc,heap        ] GC(307) Old regions: 39->39
[60.112s][info][gc,heap        ] GC(307) Humongous regions: 6->6
[60.112s][info][gc,metaspace   ] GC(307) Metaspace: 70462K->70462K(1112064K)
[60.112s][info][gc             ] GC(307) Pause Young (Normal) (G1 Evacuation Pause) 250M->43M(349M) 2.991ms
[60.112s][info][gc,cpu         ] GC(307) User=0.00s Sys=0.00s Real=0.00s
[60.304s][info][gc,start       ] GC(308) Pause Young (Normal) (G1 Evacuation Pause)
[60.305s][info][gc,task        ] GC(308) Using 1 workers of 1 for evacuation
[60.308s][info][gc,phases      ] GC(308)   Pre Evacuate Collection Set: 0.0ms
[60.308s][info][gc,phases      ] GC(308)   Evacuate Collection Set: 2.4ms
[60.308s][info][gc,phases      ] GC(308)   Post Evacuate Collection Set: 0.3ms
[60.308s][info][gc,phases      ] GC(308)   Other: 0.4ms
[60.308s][info][gc,heap        ] GC(308) Eden regions: 208->0(208)
[60.308s][info][gc,heap        ] GC(308) Survivor regions: 1->1(27)
[60.308s][info][gc,heap        ] GC(308) Old regions: 39->39
[60.308s][info][gc,heap        ] GC(308) Humongous regions: 6->6
[60.308s][info][gc,metaspace   ] GC(308) Metaspace: 70462K->70462K(1112064K)
[60.308s][info][gc             ] GC(308) Pause Young (Normal) (G1 Evacuation Pause) 251M->43M(349M) 3.231ms
[60.308s][info][gc,cpu         ] GC(308) User=0.01s Sys=0.00s Real=0.01s
[60.458s][info][gc,start       ] GC(309) Pause Young (Normal) (G1 Evacuation Pause)
[60.458s][info][gc,task        ] GC(309) Using 1 workers of 1 for evacuation
[60.461s][info][gc,phases      ] GC(309)   Pre Evacuate Collection Set: 0.0ms
[60.461s][info][gc,phases      ] GC(309)   Evacuate Collection Set: 2.5ms
[60.461s][info][gc,phases      ] GC(309)   Post Evacuate Collection Set: 0.4ms
[60.461s][info][gc,phases      ] GC(309)   Other: 0.3ms
[60.461s][info][gc,heap        ] GC(309) Eden regions: 208->0(208)
[60.461s][info][gc,heap        ] GC(309) Survivor regions: 1->1(27)
[60.461s][info][gc,heap        ] GC(309) Old regions: 39->39
[60.461s][info][gc,heap        ] GC(309) Humongous regions: 11->6
[60.461s][info][gc,metaspace   ] GC(309) Metaspace: 70474K->70474K(1112064K)
[60.461s][info][gc             ] GC(309) Pause Young (Normal) (G1 Evacuation Pause) 256M->43M(349M) 3.206ms
[60.461s][info][gc,cpu         ] GC(309) User=0.00s Sys=0.00s Real=0.01s
[60.598s][info][gc,start       ] GC(310) Pause Young (Normal) (G1 Evacuation Pause)
[60.598s][info][gc,task        ] GC(310) Using 1 workers of 1 for evacuation
[60.604s][info][gc,phases      ] GC(310)   Pre Evacuate Collection Set: 0.0ms
[60.604s][info][gc,phases      ] GC(310)   Evacuate Collection Set: 4.7ms
[60.604s][info][gc,phases      ] GC(310)   Post Evacuate Collection Set: 0.7ms
[60.604s][info][gc,phases      ] GC(310)   Other: 0.8ms
[60.604s][info][gc,heap        ] GC(310) Eden regions: 208->0(208)
[60.604s][info][gc,heap        ] GC(310) Survivor regions: 1->1(27)
[60.604s][info][gc,heap        ] GC(310) Old regions: 39->39
[60.604s][info][gc,heap        ] GC(310) Humongous regions: 6->6
[60.604s][info][gc,metaspace   ] GC(310) Metaspace: 70474K->70474K(1112064K)
[60.604s][info][gc             ] GC(310) Pause Young (Normal) (G1 Evacuation Pause) 251M->43M(349M) 6.357ms
[60.604s][info][gc,cpu         ] GC(310) User=0.00s Sys=0.00s Real=0.01s
[60.748s][info][gc,start       ] GC(311) Pause Young (Normal) (G1 Evacuation Pause)
[60.748s][info][gc,task        ] GC(311) Using 1 workers of 1 for evacuation
[60.751s][info][gc,phases      ] GC(311)   Pre Evacuate Collection Set: 0.0ms
[60.751s][info][gc,phases      ] GC(311)   Evacuate Collection Set: 2.4ms
[60.751s][info][gc,phases      ] GC(311)   Post Evacuate Collection Set: 0.3ms
[60.751s][info][gc,phases      ] GC(311)   Other: 0.3ms
[60.751s][info][gc,heap        ] GC(311) Eden regions: 208->0(208)
[60.751s][info][gc,heap        ] GC(311) Survivor regions: 1->1(27)
[60.751s][info][gc,heap        ] GC(311) Old regions: 39->39
[60.751s][info][gc,heap        ] GC(311) Humongous regions: 6->6
[60.751s][info][gc,metaspace   ] GC(311) Metaspace: 70474K->70474K(1112064K)
[60.751s][info][gc             ] GC(311) Pause Young (Normal) (G1 Evacuation Pause) 251M->43M(349M) 3.096ms
[60.751s][info][gc,cpu         ] GC(311) User=0.00s Sys=0.00s Real=0.00s
[60.903s][info][gc,start       ] GC(312) Pause Young (Normal) (G1 Evacuation Pause)
[60.903s][info][gc,task        ] GC(312) Using 1 workers of 1 for evacuation
[60.908s][info][gc,phases      ] GC(312)   Pre Evacuate Collection Set: 0.0ms
[60.908s][info][gc,phases      ] GC(312)   Evacuate Collection Set: 4.3ms
[60.908s][info][gc,phases      ] GC(312)   Post Evacuate Collection Set: 0.4ms
[60.908s][info][gc,phases      ] GC(312)   Other: 0.6ms
[60.908s][info][gc,heap        ] GC(312) Eden regions: 208->0(208)
[60.908s][info][gc,heap        ] GC(312) Survivor regions: 1->1(27)
[60.908s][info][gc,heap        ] GC(312) Old regions: 39->39
[60.908s][info][gc,heap        ] GC(312) Humongous regions: 6->6
[60.908s][info][gc,metaspace   ] GC(312) Metaspace: 70474K->70474K(1112064K)
[60.908s][info][gc             ] GC(312) Pause Young (Normal) (G1 Evacuation Pause) 251M->43M(349M) 5.291ms
[60.908s][info][gc,cpu         ] GC(312) User=0.01s Sys=0.00s Real=0.01s
[61.144s][info][gc,start       ] GC(313) Pause Young (Normal) (G1 Evacuation Pause)
[61.145s][info][gc,task        ] GC(313) Using 1 workers of 1 for evacuation
[61.149s][info][gc,phases      ] GC(313)   Pre Evacuate Collection Set: 0.1ms
[61.149s][info][gc,phases      ] GC(313)   Evacuate Collection Set: 3.4ms
[61.149s][info][gc,phases      ] GC(313)   Post Evacuate Collection Set: 0.4ms
[61.149s][info][gc,phases      ] GC(313)   Other: 0.8ms
[61.149s][info][gc,heap        ] GC(313) Eden regions: 208->0(208)
[61.149s][info][gc,heap        ] GC(313) Survivor regions: 1->1(27)
[61.149s][info][gc,heap        ] GC(313) Old regions: 39->39
[61.149s][info][gc,heap        ] GC(313) Humongous regions: 6->6
[61.149s][info][gc,metaspace   ] GC(313) Metaspace: 70474K->70474K(1112064K)
[61.149s][info][gc             ] GC(313) Pause Young (Normal) (G1 Evacuation Pause) 251M->43M(349M) 4.652ms
[61.149s][info][gc,cpu         ] GC(313) User=0.01s Sys=0.00s Real=0.01s
[61.284s][info][gc,start       ] GC(314) Pause Young (Normal) (G1 Evacuation Pause)
[61.284s][info][gc,task        ] GC(314) Using 1 workers of 1 for evacuation
[61.287s][info][gc,phases      ] GC(314)   Pre Evacuate Collection Set: 0.0ms
[61.287s][info][gc,phases      ] GC(314)   Evacuate Collection Set: 2.6ms
[61.287s][info][gc,phases      ] GC(314)   Post Evacuate Collection Set: 0.4ms
[61.287s][info][gc,phases      ] GC(314)   Other: 0.4ms
[61.287s][info][gc,heap        ] GC(314) Eden regions: 208->0(208)
[61.287s][info][gc,heap        ] GC(314) Survivor regions: 1->1(27)
[61.287s][info][gc,heap        ] GC(314) Old regions: 39->39
[61.287s][info][gc,heap        ] GC(314) Humongous regions: 6->6
[61.287s][info][gc,metaspace   ] GC(314) Metaspace: 70474K->70474K(1112064K)
[61.287s][info][gc             ] GC(314) Pause Young (Normal) (G1 Evacuation Pause) 251M->43M(349M) 3.499ms
[61.287s][info][gc,cpu         ] GC(314) User=0.00s Sys=0.00s Real=0.01s
[61.462s][info][gc,start       ] GC(315) Pause Young (Normal) (G1 Evacuation Pause)
[61.463s][info][gc,task        ] GC(315) Using 1 workers of 1 for evacuation
[61.466s][info][gc,phases      ] GC(315)   Pre Evacuate Collection Set: 0.0ms
[61.466s][info][gc,phases      ] GC(315)   Evacuate Collection Set: 2.5ms
[61.466s][info][gc,phases      ] GC(315)   Post Evacuate Collection Set: 0.3ms
[61.466s][info][gc,phases      ] GC(315)   Other: 0.4ms
[61.466s][info][gc,heap        ] GC(315) Eden regions: 208->0(208)
[61.466s][info][gc,heap        ] GC(315) Survivor regions: 1->1(27)
[61.466s][info][gc,heap        ] GC(315) Old regions: 39->39
[61.466s][info][gc,heap        ] GC(315) Humongous regions: 6->6
[61.466s][info][gc,metaspace   ] GC(315) Metaspace: 70475K->70475K(1112064K)
[61.466s][info][gc             ] GC(315) Pause Young (Normal) (G1 Evacuation Pause) 251M->43M(349M) 3.255ms
[61.466s][info][gc,cpu         ] GC(315) User=0.00s Sys=0.01s Real=0.00s
[61.569s][info][gc,start       ] GC(316) Pause Young (Normal) (G1 Evacuation Pause)
[61.569s][info][gc,task        ] GC(316) Using 1 workers of 1 for evacuation
[61.572s][info][gc,phases      ] GC(316)   Pre Evacuate Collection Set: 0.0ms
[61.572s][info][gc,phases      ] GC(316)   Evacuate Collection Set: 2.4ms
[61.572s][info][gc,phases      ] GC(316)   Post Evacuate Collection Set: 0.3ms
[61.572s][info][gc,phases      ] GC(316)   Other: 0.3ms
[61.572s][info][gc,heap        ] GC(316) Eden regions: 208->0(208)
[61.572s][info][gc,heap        ] GC(316) Survivor regions: 1->1(27)
[61.572s][info][gc,heap        ] GC(316) Old regions: 39->39
[61.572s][info][gc,heap        ] GC(316) Humongous regions: 6->6
[61.572s][info][gc,metaspace   ] GC(316) Metaspace: 70475K->70475K(1112064K)
[61.572s][info][gc             ] GC(316) Pause Young (Normal) (G1 Evacuation Pause) 251M->43M(349M) 3.113ms
[61.572s][info][gc,cpu         ] GC(316) User=0.00s Sys=0.00s Real=0.00s
[61.765s][info][gc,start       ] GC(317) Pause Young (Normal) (G1 Evacuation Pause)
[61.765s][info][gc,task        ] GC(317) Using 1 workers of 1 for evacuation
[61.772s][info][gc,phases      ] GC(317)   Pre Evacuate Collection Set: 0.1ms
[61.772s][info][gc,phases      ] GC(317)   Evacuate Collection Set: 6.1ms
[61.772s][info][gc,phases      ] GC(317)   Post Evacuate Collection Set: 0.8ms
[61.772s][info][gc,phases      ] GC(317)   Other: 0.7ms
[61.772s][info][gc,heap        ] GC(317) Eden regions: 208->0(208)
[61.772s][info][gc,heap        ] GC(317) Survivor regions: 1->1(27)
[61.772s][info][gc,heap        ] GC(317) Old regions: 39->39
[61.772s][info][gc,heap        ] GC(317) Humongous regions: 6->6
[61.772s][info][gc,metaspace   ] GC(317) Metaspace: 70475K->70475K(1112064K)
[61.772s][info][gc             ] GC(317) Pause Young (Normal) (G1 Evacuation Pause) 251M->43M(349M) 7.780ms
[61.773s][info][gc,cpu         ] GC(317) User=0.01s Sys=0.00s Real=0.01s
[61.984s][info][gc,start       ] GC(318) Pause Young (Normal) (G1 Evacuation Pause)
[61.984s][info][gc,task        ] GC(318) Using 1 workers of 1 for evacuation
[61.987s][info][gc,phases      ] GC(318)   Pre Evacuate Collection Set: 0.0ms
[61.987s][info][gc,phases      ] GC(318)   Evacuate Collection Set: 2.6ms
[61.987s][info][gc,phases      ] GC(318)   Post Evacuate Collection Set: 0.3ms
[61.987s][info][gc,phases      ] GC(318)   Other: 0.4ms
[61.987s][info][gc,heap        ] GC(318) Eden regions: 208->0(208)
[61.987s][info][gc,heap        ] GC(318) Survivor regions: 1->1(27)
[61.987s][info][gc,heap        ] GC(318) Old regions: 39->39
[61.987s][info][gc,heap        ] GC(318) Humongous regions: 6->6
[61.987s][info][gc,metaspace   ] GC(318) Metaspace: 70475K->70475K(1112064K)
[61.987s][info][gc             ] GC(318) Pause Young (Normal) (G1 Evacuation Pause) 251M->43M(349M) 3.321ms
[61.987s][info][gc,cpu         ] GC(318) User=0.00s Sys=0.00s Real=0.01s
[62.154s][info][gc,start       ] GC(319) Pause Young (Normal) (G1 Evacuation Pause)
[62.154s][info][gc,task        ] GC(319) Using 1 workers of 1 for evacuation
[62.158s][info][gc,phases      ] GC(319)   Pre Evacuate Collection Set: 0.2ms
[62.158s][info][gc,phases      ] GC(319)   Evacuate Collection Set: 3.0ms
[62.158s][info][gc,phases      ] GC(319)   Post Evacuate Collection Set: 0.4ms
[62.158s][info][gc,phases      ] GC(319)   Other: 0.5ms
[62.158s][info][gc,heap        ] GC(319) Eden regions: 208->0(208)
[62.158s][info][gc,heap        ] GC(319) Survivor regions: 1->1(27)
[62.158s][info][gc,heap        ] GC(319) Old regions: 39->39
[62.158s][info][gc,heap        ] GC(319) Humongous regions: 11->6
[62.158s][info][gc,metaspace   ] GC(319) Metaspace: 70479K->70479K(1112064K)
[62.158s][info][gc             ] GC(319) Pause Young (Normal) (G1 Evacuation Pause) 256M->42M(349M) 4.147ms
[62.158s][info][gc,cpu         ] GC(319) User=0.00s Sys=0.00s Real=0.00s
[62.337s][info][gc,start       ] GC(320) Pause Young (Normal) (G1 Evacuation Pause)
[62.337s][info][gc,task        ] GC(320) Using 1 workers of 1 for evacuation
[62.340s][info][gc,phases      ] GC(320)   Pre Evacuate Collection Set: 0.0ms
[62.340s][info][gc,phases      ] GC(320)   Evacuate Collection Set: 2.4ms
[62.340s][info][gc,phases      ] GC(320)   Post Evacuate Collection Set: 0.3ms
[62.340s][info][gc,phases      ] GC(320)   Other: 0.3ms
[62.340s][info][gc,heap        ] GC(320) Eden regions: 208->0(208)
[62.340s][info][gc,heap        ] GC(320) Survivor regions: 1->1(27)
[62.340s][info][gc,heap        ] GC(320) Old regions: 39->39
[62.340s][info][gc,heap        ] GC(320) Humongous regions: 6->6
[62.340s][info][gc,metaspace   ] GC(320) Metaspace: 70481K->70481K(1112064K)
[62.340s][info][gc             ] GC(320) Pause Young (Normal) (G1 Evacuation Pause) 250M->42M(349M) 3.083ms
[62.340s][info][gc,cpu         ] GC(320) User=0.00s Sys=0.00s Real=0.01s
[62.451s][info][gc,start       ] GC(321) Pause Young (Normal) (G1 Evacuation Pause)
[62.451s][info][gc,task        ] GC(321) Using 1 workers of 1 for evacuation
[62.454s][info][gc,phases      ] GC(321)   Pre Evacuate Collection Set: 0.0ms
[62.454s][info][gc,phases      ] GC(321)   Evacuate Collection Set: 2.3ms
[62.454s][info][gc,phases      ] GC(321)   Post Evacuate Collection Set: 0.3ms
[62.454s][info][gc,phases      ] GC(321)   Other: 0.3ms
[62.454s][info][gc,heap        ] GC(321) Eden regions: 208->0(208)
[62.454s][info][gc,heap        ] GC(321) Survivor regions: 1->1(27)
[62.454s][info][gc,heap        ] GC(321) Old regions: 39->39
[62.454s][info][gc,heap        ] GC(321) Humongous regions: 6->6
[62.454s][info][gc,metaspace   ] GC(321) Metaspace: 70481K->70481K(1112064K)
[62.454s][info][gc             ] GC(321) Pause Young (Normal) (G1 Evacuation Pause) 250M->42M(349M) 3.033ms
[62.454s][info][gc,cpu         ] GC(321) User=0.01s Sys=0.00s Real=0.00s
[62.559s][info][gc,start       ] GC(322) Pause Young (Normal) (G1 Evacuation Pause)
[62.559s][info][gc,task        ] GC(322) Using 1 workers of 1 for evacuation
[62.562s][info][gc,phases      ] GC(322)   Pre Evacuate Collection Set: 0.0ms
[62.562s][info][gc,phases      ] GC(322)   Evacuate Collection Set: 2.4ms
[62.562s][info][gc,phases      ] GC(322)   Post Evacuate Collection Set: 0.3ms
[62.562s][info][gc,phases      ] GC(322)   Other: 0.3ms
[62.562s][info][gc,heap        ] GC(322) Eden regions: 208->0(208)
[62.562s][info][gc,heap        ] GC(322) Survivor regions: 1->1(27)
[62.562s][info][gc,heap        ] GC(322) Old regions: 39->39
[62.562s][info][gc,heap        ] GC(322) Humongous regions: 6->6
[62.562s][info][gc,metaspace   ] GC(322) Metaspace: 70481K->70481K(1112064K)
[62.562s][info][gc             ] GC(322) Pause Young (Normal) (G1 Evacuation Pause) 250M->42M(349M) 3.078ms
[62.562s][info][gc,cpu         ] GC(322) User=0.00s Sys=0.00s Real=0.00s
[62.673s][info][gc,start       ] GC(323) Pause Young (Normal) (G1 Evacuation Pause)
[62.673s][info][gc,task        ] GC(323) Using 1 workers of 1 for evacuation
[62.676s][info][gc,phases      ] GC(323)   Pre Evacuate Collection Set: 0.0ms
[62.676s][info][gc,phases      ] GC(323)   Evacuate Collection Set: 2.3ms
[62.676s][info][gc,phases      ] GC(323)   Post Evacuate Collection Set: 0.3ms
[62.676s][info][gc,phases      ] GC(323)   Other: 0.3ms
[62.676s][info][gc,heap        ] GC(323) Eden regions: 208->0(208)
[62.676s][info][gc,heap        ] GC(323) Survivor regions: 1->1(27)
[62.676s][info][gc,heap        ] GC(323) Old regions: 39->39
[62.676s][info][gc,heap        ] GC(323) Humongous regions: 6->6
[62.676s][info][gc,metaspace   ] GC(323) Metaspace: 70481K->70481K(1112064K)
[62.676s][info][gc             ] GC(323) Pause Young (Normal) (G1 Evacuation Pause) 250M->42M(349M) 3.095ms
[62.676s][info][gc,cpu         ] GC(323) User=0.00s Sys=0.00s Real=0.00s
[62.781s][info][gc,start       ] GC(324) Pause Young (Normal) (G1 Evacuation Pause)
[62.781s][info][gc,task        ] GC(324) Using 1 workers of 1 for evacuation
[62.784s][info][gc,phases      ] GC(324)   Pre Evacuate Collection Set: 0.0ms
[62.784s][info][gc,phases      ] GC(324)   Evacuate Collection Set: 2.4ms
[62.784s][info][gc,phases      ] GC(324)   Post Evacuate Collection Set: 0.3ms
[62.784s][info][gc,phases      ] GC(324)   Other: 0.3ms
[62.784s][info][gc,heap        ] GC(324) Eden regions: 208->0(208)
[62.784s][info][gc,heap        ] GC(324) Survivor regions: 1->1(27)
[62.784s][info][gc,heap        ] GC(324) Old regions: 39->39
[62.784s][info][gc,heap        ] GC(324) Humongous regions: 6->6
[62.784s][info][gc,metaspace   ] GC(324) Metaspace: 70481K->70481K(1112064K)
[62.784s][info][gc             ] GC(324) Pause Young (Normal) (G1 Evacuation Pause) 250M->43M(349M) 3.076ms
[62.784s][info][gc,cpu         ] GC(324) User=0.00s Sys=0.00s Real=0.00s
[62.890s][info][gc,start       ] GC(325) Pause Young (Normal) (G1 Evacuation Pause)
[62.890s][info][gc,task        ] GC(325) Using 1 workers of 1 for evacuation
[62.893s][info][gc,phases      ] GC(325)   Pre Evacuate Collection Set: 0.0ms
[62.893s][info][gc,phases      ] GC(325)   Evacuate Collection Set: 2.4ms
[62.893s][info][gc,phases      ] GC(325)   Post Evacuate Collection Set: 0.3ms
[62.893s][info][gc,phases      ] GC(325)   Other: 0.3ms
[62.893s][info][gc,heap        ] GC(325) Eden regions: 208->0(208)
[62.893s][info][gc,heap        ] GC(325) Survivor regions: 1->1(27)
[62.893s][info][gc,heap        ] GC(325) Old regions: 39->39
[62.893s][info][gc,heap        ] GC(325) Humongous regions: 6->6
[62.893s][info][gc,metaspace   ] GC(325) Metaspace: 70481K->70481K(1112064K)
[62.893s][info][gc             ] GC(325) Pause Young (Normal) (G1 Evacuation Pause) 251M->43M(349M) 3.003ms
[62.893s][info][gc,cpu         ] GC(325) User=0.00s Sys=0.00s Real=0.00s
[63.023s][info][gc,start       ] GC(326) Pause Young (Normal) (G1 Evacuation Pause)
[63.023s][info][gc,task        ] GC(326) Using 1 workers of 1 for evacuation
[63.026s][info][gc,phases      ] GC(326)   Pre Evacuate Collection Set: 0.0ms
[63.026s][info][gc,phases      ] GC(326)   Evacuate Collection Set: 2.5ms
[63.026s][info][gc,phases      ] GC(326)   Post Evacuate Collection Set: 0.3ms
[63.026s][info][gc,phases      ] GC(326)   Other: 0.4ms
[63.026s][info][gc,heap        ] GC(326) Eden regions: 208->0(208)
[63.026s][info][gc,heap        ] GC(326) Survivor regions: 1->1(27)
[63.026s][info][gc,heap        ] GC(326) Old regions: 39->39
[63.026s][info][gc,heap        ] GC(326) Humongous regions: 6->6
[63.026s][info][gc,metaspace   ] GC(326) Metaspace: 70481K->70481K(1112064K)
[63.026s][info][gc             ] GC(326) Pause Young (Normal) (G1 Evacuation Pause) 251M->43M(349M) 3.368ms
[63.027s][info][gc,cpu         ] GC(326) User=0.00s Sys=0.00s Real=0.01s
[63.146s][info][gc,start       ] GC(327) Pause Young (Normal) (G1 Evacuation Pause)
[63.146s][info][gc,task        ] GC(327) Using 1 workers of 1 for evacuation
[63.150s][info][gc,phases      ] GC(327)   Pre Evacuate Collection Set: 0.0ms
[63.150s][info][gc,phases      ] GC(327)   Evacuate Collection Set: 3.3ms
[63.150s][info][gc,phases      ] GC(327)   Post Evacuate Collection Set: 0.4ms
[63.150s][info][gc,phases      ] GC(327)   Other: 0.3ms
[63.150s][info][gc,heap        ] GC(327) Eden regions: 208->0(208)
[63.150s][info][gc,heap        ] GC(327) Survivor regions: 1->1(27)
[63.150s][info][gc,heap        ] GC(327) Old regions: 39->39
[63.150s][info][gc,heap        ] GC(327) Humongous regions: 6->6
[63.150s][info][gc,metaspace   ] GC(327) Metaspace: 70481K->70481K(1112064K)
[63.150s][info][gc             ] GC(327) Pause Young (Normal) (G1 Evacuation Pause) 251M->43M(349M) 4.090ms
[63.150s][info][gc,cpu         ] GC(327) User=0.01s Sys=0.00s Real=0.01s
[63.324s][info][gc,start       ] GC(328) Pause Young (Normal) (G1 Evacuation Pause)
[63.324s][info][gc,task        ] GC(328) Using 1 workers of 1 for evacuation
[63.328s][info][gc,phases      ] GC(328)   Pre Evacuate Collection Set: 0.0ms
[63.328s][info][gc,phases      ] GC(328)   Evacuate Collection Set: 3.1ms
[63.328s][info][gc,phases      ] GC(328)   Post Evacuate Collection Set: 0.4ms
[63.328s][info][gc,phases      ] GC(328)   Other: 0.3ms
[63.328s][info][gc,heap        ] GC(328) Eden regions: 208->0(208)
[63.328s][info][gc,heap        ] GC(328) Survivor regions: 1->1(27)
[63.328s][info][gc,heap        ] GC(328) Old regions: 39->39
[63.328s][info][gc,heap        ] GC(328) Humongous regions: 11->6
[63.328s][info][gc,metaspace   ] GC(328) Metaspace: 70497K->70497K(1112064K)
[63.328s][info][gc             ] GC(328) Pause Young (Normal) (G1 Evacuation Pause) 256M->43M(349M) 3.854ms
[63.328s][info][gc,cpu         ] GC(328) User=0.01s Sys=0.00s Real=0.01s
[63.478s][info][gc,start       ] GC(329) Pause Young (Normal) (G1 Evacuation Pause)
[63.478s][info][gc,task        ] GC(329) Using 1 workers of 1 for evacuation
[63.481s][info][gc,phases      ] GC(329)   Pre Evacuate Collection Set: 0.0ms
[63.481s][info][gc,phases      ] GC(329)   Evacuate Collection Set: 2.5ms
[63.481s][info][gc,phases      ] GC(329)   Post Evacuate Collection Set: 0.3ms
[63.481s][info][gc,phases      ] GC(329)   Other: 0.3ms
[63.481s][info][gc,heap        ] GC(329) Eden regions: 208->0(208)
[63.481s][info][gc,heap        ] GC(329) Survivor regions: 1->1(27)
[63.481s][info][gc,heap        ] GC(329) Old regions: 39->39
[63.481s][info][gc,heap        ] GC(329) Humongous regions: 6->6
[63.481s][info][gc,metaspace   ] GC(329) Metaspace: 70497K->70497K(1112064K)
[63.481s][info][gc             ] GC(329) Pause Young (Normal) (G1 Evacuation Pause) 251M->43M(349M) 3.151ms
[63.481s][info][gc,cpu         ] GC(329) User=0.01s Sys=0.00s Real=0.01s
[63.585s][info][gc,start       ] GC(330) Pause Young (Normal) (G1 Evacuation Pause)
[63.585s][info][gc,task        ] GC(330) Using 1 workers of 1 for evacuation
[63.588s][info][gc,phases      ] GC(330)   Pre Evacuate Collection Set: 0.0ms
[63.588s][info][gc,phases      ] GC(330)   Evacuate Collection Set: 2.5ms
[63.588s][info][gc,phases      ] GC(330)   Post Evacuate Collection Set: 0.3ms
[63.588s][info][gc,phases      ] GC(330)   Other: 0.7ms
[63.588s][info][gc,heap        ] GC(330) Eden regions: 208->0(208)
[63.588s][info][gc,heap        ] GC(330) Survivor regions: 1->1(27)
[63.588s][info][gc,heap        ] GC(330) Old regions: 39->39
[63.588s][info][gc,heap        ] GC(330) Humongous regions: 6->6
[63.588s][info][gc,metaspace   ] GC(330) Metaspace: 70497K->70497K(1112064K)
[63.588s][info][gc             ] GC(330) Pause Young (Normal) (G1 Evacuation Pause) 251M->43M(349M) 3.599ms
[63.588s][info][gc,cpu         ] GC(330) User=0.00s Sys=0.00s Real=0.01s
[63.694s][info][gc,start       ] GC(331) Pause Young (Normal) (G1 Evacuation Pause)
[63.694s][info][gc,task        ] GC(331) Using 1 workers of 1 for evacuation
[63.697s][info][gc,phases      ] GC(331)   Pre Evacuate Collection Set: 0.1ms
[63.697s][info][gc,phases      ] GC(331)   Evacuate Collection Set: 2.3ms
[63.697s][info][gc,phases      ] GC(331)   Post Evacuate Collection Set: 0.3ms
[63.697s][info][gc,phases      ] GC(331)   Other: 0.3ms
[63.697s][info][gc,heap        ] GC(331) Eden regions: 208->0(208)
[63.697s][info][gc,heap        ] GC(331) Survivor regions: 1->1(27)
[63.697s][info][gc,heap        ] GC(331) Old regions: 39->39
[63.697s][info][gc,heap        ] GC(331) Humongous regions: 6->6
[63.697s][info][gc,metaspace   ] GC(331) Metaspace: 70497K->70497K(1112064K)
[63.697s][info][gc             ] GC(331) Pause Young (Normal) (G1 Evacuation Pause) 251M->43M(349M) 3.002ms
[63.697s][info][gc,cpu         ] GC(331) User=0.00s Sys=0.00s Real=0.00s
[63.830s][info][gc,start       ] GC(332) Pause Young (Normal) (G1 Evacuation Pause)
[63.830s][info][gc,task        ] GC(332) Using 1 workers of 1 for evacuation
[63.833s][info][gc,phases      ] GC(332)   Pre Evacuate Collection Set: 0.0ms
[63.833s][info][gc,phases      ] GC(332)   Evacuate Collection Set: 2.5ms
[63.833s][info][gc,phases      ] GC(332)   Post Evacuate Collection Set: 0.3ms
[63.833s][info][gc,phases      ] GC(332)   Other: 0.3ms
[63.833s][info][gc,heap        ] GC(332) Eden regions: 208->0(208)
[63.833s][info][gc,heap        ] GC(332) Survivor regions: 1->1(27)
[63.833s][info][gc,heap        ] GC(332) Old regions: 39->39
[63.833s][info][gc,heap        ] GC(332) Humongous regions: 6->6
[63.833s][info][gc,metaspace   ] GC(332) Metaspace: 70497K->70497K(1112064K)
[63.833s][info][gc             ] GC(332) Pause Young (Normal) (G1 Evacuation Pause) 251M->43M(349M) 3.192ms
[63.833s][info][gc,cpu         ] GC(332) User=0.00s Sys=0.00s Real=0.00s
[63.940s][info][gc,start       ] GC(333) Pause Young (Normal) (G1 Evacuation Pause)
[63.940s][info][gc,task        ] GC(333) Using 1 workers of 1 for evacuation
[63.943s][info][gc,phases      ] GC(333)   Pre Evacuate Collection Set: 0.0ms
[63.943s][info][gc,phases      ] GC(333)   Evacuate Collection Set: 2.5ms
[63.943s][info][gc,phases      ] GC(333)   Post Evacuate Collection Set: 0.3ms
[63.943s][info][gc,phases      ] GC(333)   Other: 0.3ms
[63.943s][info][gc,heap        ] GC(333) Eden regions: 208->0(208)
[63.943s][info][gc,heap        ] GC(333) Survivor regions: 1->1(27)
[63.943s][info][gc,heap        ] GC(333) Old regions: 39->39
[63.943s][info][gc,heap        ] GC(333) Humongous regions: 6->6
[63.943s][info][gc,metaspace   ] GC(333) Metaspace: 70497K->70497K(1112064K)
[63.943s][info][gc             ] GC(333) Pause Young (Normal) (G1 Evacuation Pause) 251M->43M(349M) 3.249ms
[63.943s][info][gc,cpu         ] GC(333) User=0.00s Sys=0.00s Real=0.00s
[64.048s][info][gc,start       ] GC(334) Pause Young (Normal) (G1 Evacuation Pause)
[64.048s][info][gc,task        ] GC(334) Using 1 workers of 1 for evacuation
[64.051s][info][gc,phases      ] GC(334)   Pre Evacuate Collection Set: 0.0ms
[64.051s][info][gc,phases      ] GC(334)   Evacuate Collection Set: 2.4ms
[64.051s][info][gc,phases      ] GC(334)   Post Evacuate Collection Set: 0.3ms
[64.051s][info][gc,phases      ] GC(334)   Other: 0.3ms
[64.051s][info][gc,heap        ] GC(334) Eden regions: 208->0(208)
[64.051s][info][gc,heap        ] GC(334) Survivor regions: 1->1(27)
[64.051s][info][gc,heap        ] GC(334) Old regions: 39->39
[64.051s][info][gc,heap        ] GC(334) Humongous regions: 6->6
[64.051s][info][gc,metaspace   ] GC(334) Metaspace: 70497K->70497K(1112064K)
[64.051s][info][gc             ] GC(334) Pause Young (Normal) (G1 Evacuation Pause) 251M->43M(349M) 3.162ms
[64.051s][info][gc,cpu         ] GC(334) User=0.01s Sys=0.00s Real=0.00s
[64.161s][info][gc,start       ] GC(335) Pause Young (Normal) (G1 Evacuation Pause)
[64.161s][info][gc,task        ] GC(335) Using 1 workers of 1 for evacuation
[64.164s][info][gc,phases      ] GC(335)   Pre Evacuate Collection Set: 0.0ms
[64.164s][info][gc,phases      ] GC(335)   Evacuate Collection Set: 2.4ms
[64.164s][info][gc,phases      ] GC(335)   Post Evacuate Collection Set: 0.3ms
[64.164s][info][gc,phases      ] GC(335)   Other: 0.3ms
[64.164s][info][gc,heap        ] GC(335) Eden regions: 208->0(208)
[64.164s][info][gc,heap        ] GC(335) Survivor regions: 1->1(27)
[64.164s][info][gc,heap        ] GC(335) Old regions: 39->39
[64.164s][info][gc,heap        ] GC(335) Humongous regions: 6->6
[64.164s][info][gc,metaspace   ] GC(335) Metaspace: 70497K->70497K(1112064K)
[64.165s][info][gc             ] GC(335) Pause Young (Normal) (G1 Evacuation Pause) 251M->43M(349M) 3.065ms
[64.165s][info][gc,cpu         ] GC(335) User=0.00s Sys=0.00s Real=0.00s
[64.269s][info][gc,start       ] GC(336) Pause Young (Normal) (G1 Evacuation Pause)
[64.269s][info][gc,task        ] GC(336) Using 1 workers of 1 for evacuation
[64.272s][info][gc,phases      ] GC(336)   Pre Evacuate Collection Set: 0.0ms
[64.272s][info][gc,phases      ] GC(336)   Evacuate Collection Set: 2.3ms
[64.272s][info][gc,phases      ] GC(336)   Post Evacuate Collection Set: 0.3ms
[64.272s][info][gc,phases      ] GC(336)   Other: 0.3ms
[64.272s][info][gc,heap        ] GC(336) Eden regions: 208->0(208)
[64.272s][info][gc,heap        ] GC(336) Survivor regions: 1->1(27)
[64.272s][info][gc,heap        ] GC(336) Old regions: 39->39
[64.272s][info][gc,heap        ] GC(336) Humongous regions: 6->6
[64.272s][info][gc,metaspace   ] GC(336) Metaspace: 70497K->70497K(1112064K)
[64.272s][info][gc             ] GC(336) Pause Young (Normal) (G1 Evacuation Pause) 251M->43M(349M) 3.016ms
[64.272s][info][gc,cpu         ] GC(336) User=0.01s Sys=0.00s Real=0.00s
[64.488s][info][gc,start       ] GC(337) Pause Young (Normal) (G1 Evacuation Pause)
[64.488s][info][gc,task        ] GC(337) Using 1 workers of 1 for evacuation
[64.491s][info][gc,phases      ] GC(337)   Pre Evacuate Collection Set: 0.0ms
[64.491s][info][gc,phases      ] GC(337)   Evacuate Collection Set: 2.5ms
[64.491s][info][gc,phases      ] GC(337)   Post Evacuate Collection Set: 0.3ms
[64.491s][info][gc,phases      ] GC(337)   Other: 0.4ms
[64.491s][info][gc,heap        ] GC(337) Eden regions: 208->0(208)
[64.491s][info][gc,heap        ] GC(337) Survivor regions: 1->1(27)
[64.491s][info][gc,heap        ] GC(337) Old regions: 39->39
[64.491s][info][gc,heap        ] GC(337) Humongous regions: 11->6
[64.491s][info][gc,metaspace   ] GC(337) Metaspace: 70522K->70522K(1112064K)
[64.491s][info][gc             ] GC(337) Pause Young (Normal) (G1 Evacuation Pause) 256M->43M(349M) 3.245ms
[64.491s][info][gc,cpu         ] GC(337) User=0.01s Sys=0.00s Real=0.00s
[64.600s][info][gc,start       ] GC(338) Pause Young (Normal) (G1 Evacuation Pause)
[64.600s][info][gc,task        ] GC(338) Using 1 workers of 1 for evacuation
[64.603s][info][gc,phases      ] GC(338)   Pre Evacuate Collection Set: 0.0ms
[64.603s][info][gc,phases      ] GC(338)   Evacuate Collection Set: 2.9ms
[64.603s][info][gc,phases      ] GC(338)   Post Evacuate Collection Set: 0.4ms
[64.603s][info][gc,phases      ] GC(338)   Other: 0.4ms
[64.603s][info][gc,heap        ] GC(338) Eden regions: 208->0(208)
[64.603s][info][gc,heap        ] GC(338) Survivor regions: 1->1(27)
[64.603s][info][gc,heap        ] GC(338) Old regions: 39->39
[64.603s][info][gc,heap        ] GC(338) Humongous regions: 6->6
[64.603s][info][gc,metaspace   ] GC(338) Metaspace: 70522K->70522K(1112064K)
[64.603s][info][gc             ] GC(338) Pause Young (Normal) (G1 Evacuation Pause) 251M->42M(349M) 3.725ms
[64.603s][info][gc,cpu         ] GC(338) User=0.01s Sys=0.00s Real=0.00s
[64.707s][info][gc,start       ] GC(339) Pause Young (Normal) (G1 Evacuation Pause)
[64.707s][info][gc,task        ] GC(339) Using 1 workers of 1 for evacuation
[64.710s][info][gc,phases      ] GC(339)   Pre Evacuate Collection Set: 0.0ms
[64.710s][info][gc,phases      ] GC(339)   Evacuate Collection Set: 2.2ms
[64.710s][info][gc,phases      ] GC(339)   Post Evacuate Collection Set: 0.3ms
[64.710s][info][gc,phases      ] GC(339)   Other: 0.3ms
[64.710s][info][gc,heap        ] GC(339) Eden regions: 208->0(208)
[64.710s][info][gc,heap        ] GC(339) Survivor regions: 1->1(27)
[64.710s][info][gc,heap        ] GC(339) Old regions: 39->39
[64.710s][info][gc,heap        ] GC(339) Humongous regions: 6->6
[64.710s][info][gc,metaspace   ] GC(339) Metaspace: 70522K->70522K(1112064K)
[64.710s][info][gc             ] GC(339) Pause Young (Normal) (G1 Evacuation Pause) 250M->42M(349M) 2.933ms
[64.710s][info][gc,cpu         ] GC(339) User=0.00s Sys=0.00s Real=0.00s
[64.869s][info][gc,start       ] GC(340) Pause Young (Normal) (G1 Evacuation Pause)
[64.869s][info][gc,task        ] GC(340) Using 1 workers of 1 for evacuation
[64.874s][info][gc,phases      ] GC(340)   Pre Evacuate Collection Set: 0.0ms
[64.874s][info][gc,phases      ] GC(340)   Evacuate Collection Set: 4.2ms
[64.874s][info][gc,phases      ] GC(340)   Post Evacuate Collection Set: 0.7ms
[64.874s][info][gc,phases      ] GC(340)   Other: 0.4ms
[64.874s][info][gc,heap        ] GC(340) Eden regions: 208->0(208)
[64.874s][info][gc,heap        ] GC(340) Survivor regions: 1->1(27)
[64.874s][info][gc,heap        ] GC(340) Old regions: 39->39
[64.874s][info][gc,heap        ] GC(340) Humongous regions: 6->6
[64.874s][info][gc,metaspace   ] GC(340) Metaspace: 70522K->70522K(1112064K)
[64.874s][info][gc             ] GC(340) Pause Young (Normal) (G1 Evacuation Pause) 250M->42M(349M) 5.381ms
[64.874s][info][gc,cpu         ] GC(340) User=0.01s Sys=0.00s Real=0.00s
[64.991s][info][gc,start       ] GC(341) Pause Young (Normal) (G1 Evacuation Pause)
[64.991s][info][gc,task        ] GC(341) Using 1 workers of 1 for evacuation
[64.994s][info][gc,phases      ] GC(341)   Pre Evacuate Collection Set: 0.0ms
[64.994s][info][gc,phases      ] GC(341)   Evacuate Collection Set: 2.3ms
[64.994s][info][gc,phases      ] GC(341)   Post Evacuate Collection Set: 0.3ms
[64.994s][info][gc,phases      ] GC(341)   Other: 0.4ms
[64.994s][info][gc,heap        ] GC(341) Eden regions: 208->0(208)
[64.994s][info][gc,heap        ] GC(341) Survivor regions: 1->1(27)
[64.994s][info][gc,heap        ] GC(341) Old regions: 39->39
[64.994s][info][gc,heap        ] GC(341) Humongous regions: 6->6
[64.994s][info][gc,metaspace   ] GC(341) Metaspace: 70522K->70522K(1112064K)
[64.994s][info][gc             ] GC(341) Pause Young (Normal) (G1 Evacuation Pause) 250M->43M(349M) 3.020ms
[64.994s][info][gc,cpu         ] GC(341) User=0.00s Sys=0.01s Real=0.00s
[65.098s][info][gc,start       ] GC(342) Pause Young (Normal) (G1 Evacuation Pause)
[65.099s][info][gc,task        ] GC(342) Using 1 workers of 1 for evacuation
[65.102s][info][gc,phases      ] GC(342)   Pre Evacuate Collection Set: 0.0ms
[65.102s][info][gc,phases      ] GC(342)   Evacuate Collection Set: 2.6ms
[65.102s][info][gc,phases      ] GC(342)   Post Evacuate Collection Set: 0.6ms
[65.102s][info][gc,phases      ] GC(342)   Other: 0.3ms
[65.102s][info][gc,heap        ] GC(342) Eden regions: 208->0(208)
[65.102s][info][gc,heap        ] GC(342) Survivor regions: 1->1(27)
[65.102s][info][gc,heap        ] GC(342) Old regions: 39->39
[65.102s][info][gc,heap        ] GC(342) Humongous regions: 6->6
[65.102s][info][gc,metaspace   ] GC(342) Metaspace: 70522K->70522K(1112064K)
[65.102s][info][gc             ] GC(342) Pause Young (Normal) (G1 Evacuation Pause) 251M->43M(349M) 3.801ms
[65.102s][info][gc,cpu         ] GC(342) User=0.00s Sys=0.00s Real=0.00s
[65.364s][info][gc,start       ] GC(343) Pause Young (Normal) (G1 Evacuation Pause)
[65.364s][info][gc,task        ] GC(343) Using 1 workers of 1 for evacuation
[65.368s][info][gc,phases      ] GC(343)   Pre Evacuate Collection Set: 0.0ms
[65.368s][info][gc,phases      ] GC(343)   Evacuate Collection Set: 2.8ms
[65.368s][info][gc,phases      ] GC(343)   Post Evacuate Collection Set: 0.4ms
[65.368s][info][gc,phases      ] GC(343)   Other: 0.6ms
[65.368s][info][gc,heap        ] GC(343) Eden regions: 208->0(208)
[65.368s][info][gc,heap        ] GC(343) Survivor regions: 1->1(27)
[65.368s][info][gc,heap        ] GC(343) Old regions: 39->39
[65.368s][info][gc,heap        ] GC(343) Humongous regions: 6->6
[65.368s][info][gc,metaspace   ] GC(343) Metaspace: 70522K->70522K(1112064K)
[65.368s][info][gc             ] GC(343) Pause Young (Normal) (G1 Evacuation Pause) 251M->43M(349M) 3.961ms
[65.368s][info][gc,cpu         ] GC(343) User=0.01s Sys=0.00s Real=0.01s
[65.495s][info][gc,start       ] GC(344) Pause Young (Normal) (G1 Evacuation Pause)
[65.495s][info][gc,task        ] GC(344) Using 1 workers of 1 for evacuation
[65.498s][info][gc,phases      ] GC(344)   Pre Evacuate Collection Set: 0.0ms
[65.498s][info][gc,phases      ] GC(344)   Evacuate Collection Set: 2.5ms
[65.498s][info][gc,phases      ] GC(344)   Post Evacuate Collection Set: 0.3ms
[65.498s][info][gc,phases      ] GC(344)   Other: 0.3ms
[65.498s][info][gc,heap        ] GC(344) Eden regions: 208->0(208)
[65.498s][info][gc,heap        ] GC(344) Survivor regions: 1->1(27)
[65.498s][info][gc,heap        ] GC(344) Old regions: 39->39
[65.498s][info][gc,heap        ] GC(344) Humongous regions: 6->6
[65.498s][info][gc,metaspace   ] GC(344) Metaspace: 70522K->70522K(1112064K)
[65.498s][info][gc             ] GC(344) Pause Young (Normal) (G1 Evacuation Pause) 251M->43M(349M) 3.197ms
[65.498s][info][gc,cpu         ] GC(344) User=0.01s Sys=0.00s Real=0.00s
[65.607s][info][gc,start       ] GC(345) Pause Young (Normal) (G1 Evacuation Pause)
[65.607s][info][gc,task        ] GC(345) Using 1 workers of 1 for evacuation
[65.611s][info][gc,phases      ] GC(345)   Pre Evacuate Collection Set: 0.0ms
[65.611s][info][gc,phases      ] GC(345)   Evacuate Collection Set: 2.6ms
[65.611s][info][gc,phases      ] GC(345)   Post Evacuate Collection Set: 0.4ms
[65.611s][info][gc,phases      ] GC(345)   Other: 0.3ms
[65.611s][info][gc,heap        ] GC(345) Eden regions: 208->0(208)
[65.611s][info][gc,heap        ] GC(345) Survivor regions: 1->1(27)
[65.611s][info][gc,heap        ] GC(345) Old regions: 39->39
[65.611s][info][gc,heap        ] GC(345) Humongous regions: 6->6
[65.611s][info][gc,metaspace   ] GC(345) Metaspace: 70522K->70522K(1112064K)
[65.611s][info][gc             ] GC(345) Pause Young (Normal) (G1 Evacuation Pause) 251M->43M(349M) 3.354ms
[65.611s][info][gc,cpu         ] GC(345) User=0.01s Sys=0.00s Real=0.00s
[65.803s][info][gc,start       ] GC(346) Pause Young (Normal) (G1 Evacuation Pause)
[65.804s][info][gc,task        ] GC(346) Using 1 workers of 1 for evacuation
[65.807s][info][gc,phases      ] GC(346)   Pre Evacuate Collection Set: 0.0ms
[65.807s][info][gc,phases      ] GC(346)   Evacuate Collection Set: 2.8ms
[65.807s][info][gc,phases      ] GC(346)   Post Evacuate Collection Set: 0.5ms
[65.807s][info][gc,phases      ] GC(346)   Other: 0.4ms
[65.807s][info][gc,heap        ] GC(346) Eden regions: 208->0(208)
[65.807s][info][gc,heap        ] GC(346) Survivor regions: 1->1(27)
[65.807s][info][gc,heap        ] GC(346) Old regions: 39->39
[65.807s][info][gc,heap        ] GC(346) Humongous regions: 11->6
[65.807s][info][gc,metaspace   ] GC(346) Metaspace: 70531K->70531K(1112064K)
[65.807s][info][gc             ] GC(346) Pause Young (Normal) (G1 Evacuation Pause) 256M->43M(349M) 3.724ms
[65.807s][info][gc,cpu         ] GC(346) User=0.00s Sys=0.00s Real=0.01s
[65.929s][info][gc,start       ] GC(347) Pause Young (Normal) (G1 Evacuation Pause)
[65.930s][info][gc,task        ] GC(347) Using 1 workers of 1 for evacuation
[65.933s][info][gc,phases      ] GC(347)   Pre Evacuate Collection Set: 0.0ms
[65.933s][info][gc,phases      ] GC(347)   Evacuate Collection Set: 3.3ms
[65.933s][info][gc,phases      ] GC(347)   Post Evacuate Collection Set: 0.3ms
[65.933s][info][gc,phases      ] GC(347)   Other: 0.3ms
[65.933s][info][gc,heap        ] GC(347) Eden regions: 208->0(208)
[65.933s][info][gc,heap        ] GC(347) Survivor regions: 1->1(27)
[65.933s][info][gc,heap        ] GC(347) Old regions: 39->39
[65.933s][info][gc,heap        ] GC(347) Humongous regions: 6->6
[65.933s][info][gc,metaspace   ] GC(347) Metaspace: 70531K->70531K(1112064K)
[65.933s][info][gc             ] GC(347) Pause Young (Normal) (G1 Evacuation Pause) 251M->43M(349M) 3.978ms
[65.934s][info][gc,cpu         ] GC(347) User=0.01s Sys=0.00s Real=0.00s
[66.052s][info][gc,start       ] GC(348) Pause Young (Normal) (G1 Evacuation Pause)
[66.052s][info][gc,task        ] GC(348) Using 1 workers of 1 for evacuation
[66.055s][info][gc,phases      ] GC(348)   Pre Evacuate Collection Set: 0.0ms
[66.055s][info][gc,phases      ] GC(348)   Evacuate Collection Set: 2.4ms
[66.055s][info][gc,phases      ] GC(348)   Post Evacuate Collection Set: 0.4ms
[66.055s][info][gc,phases      ] GC(348)   Other: 0.4ms
[66.055s][info][gc,heap        ] GC(348) Eden regions: 208->0(208)
[66.055s][info][gc,heap        ] GC(348) Survivor regions: 1->1(27)
[66.055s][info][gc,heap        ] GC(348) Old regions: 39->39
[66.055s][info][gc,heap        ] GC(348) Humongous regions: 6->6
[66.055s][info][gc,metaspace   ] GC(348) Metaspace: 70531K->70531K(1112064K)
[66.055s][info][gc             ] GC(348) Pause Young (Normal) (G1 Evacuation Pause) 251M->43M(349M) 3.221ms
[66.055s][info][gc,cpu         ] GC(348) User=0.01s Sys=0.00s Real=0.00s
[66.180s][info][gc,start       ] GC(349) Pause Young (Normal) (G1 Evacuation Pause)
[66.180s][info][gc,task        ] GC(349) Using 1 workers of 1 for evacuation
[66.184s][info][gc,phases      ] GC(349)   Pre Evacuate Collection Set: 0.0ms
[66.184s][info][gc,phases      ] GC(349)   Evacuate Collection Set: 3.1ms
[66.184s][info][gc,phases      ] GC(349)   Post Evacuate Collection Set: 0.5ms
[66.184s][info][gc,phases      ] GC(349)   Other: 0.4ms
[66.184s][info][gc,heap        ] GC(349) Eden regions: 208->0(208)
[66.184s][info][gc,heap        ] GC(349) Survivor regions: 1->1(27)
[66.184s][info][gc,heap        ] GC(349) Old regions: 39->39
[66.184s][info][gc,heap        ] GC(349) Humongous regions: 6->6
[66.184s][info][gc,metaspace   ] GC(349) Metaspace: 70531K->70531K(1112064K)
[66.184s][info][gc             ] GC(349) Pause Young (Normal) (G1 Evacuation Pause) 251M->43M(349M) 4.052ms
[66.184s][info][gc,cpu         ] GC(349) User=0.01s Sys=0.00s Real=0.00s
[66.307s][info][gc,start       ] GC(350) Pause Young (Normal) (G1 Evacuation Pause)
[66.307s][info][gc,task        ] GC(350) Using 1 workers of 1 for evacuation
[66.314s][info][gc,phases      ] GC(350)   Pre Evacuate Collection Set: 0.1ms
[66.314s][info][gc,phases      ] GC(350)   Evacuate Collection Set: 5.5ms
[66.314s][info][gc,phases      ] GC(350)   Post Evacuate Collection Set: 0.7ms
[66.314s][info][gc,phases      ] GC(350)   Other: 0.3ms
[66.314s][info][gc,heap        ] GC(350) Eden regions: 208->0(208)
[66.314s][info][gc,heap        ] GC(350) Survivor regions: 1->1(27)
[66.314s][info][gc,heap        ] GC(350) Old regions: 39->39
[66.314s][info][gc,heap        ] GC(350) Humongous regions: 6->6
[66.314s][info][gc,metaspace   ] GC(350) Metaspace: 70531K->70531K(1112064K)
[66.314s][info][gc             ] GC(350) Pause Young (Normal) (G1 Evacuation Pause) 251M->43M(349M) 6.731ms
[66.314s][info][gc,cpu         ] GC(350) User=0.01s Sys=0.00s Real=0.00s
[66.434s][info][gc,start       ] GC(351) Pause Young (Normal) (G1 Evacuation Pause)
[66.434s][info][gc,task        ] GC(351) Using 1 workers of 1 for evacuation
[66.437s][info][gc,phases      ] GC(351)   Pre Evacuate Collection Set: 0.0ms
[66.437s][info][gc,phases      ] GC(351)   Evacuate Collection Set: 2.7ms
[66.437s][info][gc,phases      ] GC(351)   Post Evacuate Collection Set: 0.3ms
[66.437s][info][gc,phases      ] GC(351)   Other: 0.3ms
[66.437s][info][gc,heap        ] GC(351) Eden regions: 208->0(208)
[66.437s][info][gc,heap        ] GC(351) Survivor regions: 1->1(27)
[66.437s][info][gc,heap        ] GC(351) Old regions: 39->39
[66.437s][info][gc,heap        ] GC(351) Humongous regions: 6->6
[66.437s][info][gc,metaspace   ] GC(351) Metaspace: 70531K->70531K(1112064K)
[66.437s][info][gc             ] GC(351) Pause Young (Normal) (G1 Evacuation Pause) 251M->43M(349M) 3.399ms
[66.437s][info][gc,cpu         ] GC(351) User=0.00s Sys=0.00s Real=0.00s
[66.545s][info][gc,start       ] GC(352) Pause Young (Normal) (G1 Evacuation Pause)
[66.545s][info][gc,task        ] GC(352) Using 1 workers of 1 for evacuation
[66.549s][info][gc,phases      ] GC(352)   Pre Evacuate Collection Set: 0.0ms
[66.549s][info][gc,phases      ] GC(352)   Evacuate Collection Set: 2.8ms
[66.549s][info][gc,phases      ] GC(352)   Post Evacuate Collection Set: 0.4ms
[66.549s][info][gc,phases      ] GC(352)   Other: 0.4ms
[66.549s][info][gc,heap        ] GC(352) Eden regions: 208->0(208)
[66.549s][info][gc,heap        ] GC(352) Survivor regions: 1->1(27)
[66.549s][info][gc,heap        ] GC(352) Old regions: 39->39
[66.549s][info][gc,heap        ] GC(352) Humongous regions: 6->6
[66.549s][info][gc,metaspace   ] GC(352) Metaspace: 70531K->70531K(1112064K)
[66.549s][info][gc             ] GC(352) Pause Young (Normal) (G1 Evacuation Pause) 251M->43M(349M) 3.601ms
[66.549s][info][gc,cpu         ] GC(352) User=0.00s Sys=0.00s Real=0.01s
[66.662s][info][gc,start       ] GC(353) Pause Young (Normal) (G1 Evacuation Pause)
[66.662s][info][gc,task        ] GC(353) Using 1 workers of 1 for evacuation
[66.665s][info][gc,phases      ] GC(353)   Pre Evacuate Collection Set: 0.0ms
[66.665s][info][gc,phases      ] GC(353)   Evacuate Collection Set: 2.4ms
[66.665s][info][gc,phases      ] GC(353)   Post Evacuate Collection Set: 0.3ms
[66.665s][info][gc,phases      ] GC(353)   Other: 0.3ms
[66.665s][info][gc,heap        ] GC(353) Eden regions: 208->0(208)
[66.665s][info][gc,heap        ] GC(353) Survivor regions: 1->1(27)
[66.665s][info][gc,heap        ] GC(353) Old regions: 39->39
[66.665s][info][gc,heap        ] GC(353) Humongous regions: 6->6
[66.665s][info][gc,metaspace   ] GC(353) Metaspace: 70531K->70531K(1112064K)
[66.665s][info][gc             ] GC(353) Pause Young (Normal) (G1 Evacuation Pause) 251M->43M(349M) 3.034ms
[66.665s][info][gc,cpu         ] GC(353) User=0.01s Sys=0.00s Real=0.00s
[66.771s][info][gc,start       ] GC(354) Pause Young (Normal) (G1 Evacuation Pause)
[66.771s][info][gc,task        ] GC(354) Using 1 workers of 1 for evacuation
[66.777s][info][gc,phases      ] GC(354)   Pre Evacuate Collection Set: 0.1ms
[66.777s][info][gc,phases      ] GC(354)   Evacuate Collection Set: 5.4ms
[66.777s][info][gc,phases      ] GC(354)   Post Evacuate Collection Set: 0.6ms
[66.777s][info][gc,phases      ] GC(354)   Other: 0.4ms
[66.777s][info][gc,heap        ] GC(354) Eden regions: 208->0(208)
[66.777s][info][gc,heap        ] GC(354) Survivor regions: 1->1(27)
[66.777s][info][gc,heap        ] GC(354) Old regions: 39->39
[66.777s][info][gc,heap        ] GC(354) Humongous regions: 6->6
[66.777s][info][gc,metaspace   ] GC(354) Metaspace: 70531K->70531K(1112064K)
[66.777s][info][gc             ] GC(354) Pause Young (Normal) (G1 Evacuation Pause) 251M->43M(349M) 6.509ms
[66.777s][info][gc,cpu         ] GC(354) User=0.01s Sys=0.00s Real=0.00s
[66.956s][info][gc,start       ] GC(355) Pause Young (Normal) (G1 Evacuation Pause)
[66.956s][info][gc,task        ] GC(355) Using 1 workers of 1 for evacuation
[66.959s][info][gc,phases      ] GC(355)   Pre Evacuate Collection Set: 0.0ms
[66.959s][info][gc,phases      ] GC(355)   Evacuate Collection Set: 2.3ms
[66.959s][info][gc,phases      ] GC(355)   Post Evacuate Collection Set: 0.4ms
[66.959s][info][gc,phases      ] GC(355)   Other: 0.4ms
[66.959s][info][gc,heap        ] GC(355) Eden regions: 208->0(208)
[66.959s][info][gc,heap        ] GC(355) Survivor regions: 1->1(27)
[66.959s][info][gc,heap        ] GC(355) Old regions: 39->39
[66.959s][info][gc,heap        ] GC(355) Humongous regions: 11->6
[66.959s][info][gc,metaspace   ] GC(355) Metaspace: 70537K->70537K(1112064K)
[66.959s][info][gc             ] GC(355) Pause Young (Normal) (G1 Evacuation Pause) 256M->43M(349M) 3.174ms
[66.959s][info][gc,cpu         ] GC(355) User=0.00s Sys=0.00s Real=0.01s
[67.069s][info][gc,start       ] GC(356) Pause Young (Normal) (G1 Evacuation Pause)
[67.069s][info][gc,task        ] GC(356) Using 1 workers of 1 for evacuation
[67.071s][info][gc,phases      ] GC(356)   Pre Evacuate Collection Set: 0.0ms
[67.072s][info][gc,phases      ] GC(356)   Evacuate Collection Set: 2.2ms
[67.072s][info][gc,phases      ] GC(356)   Post Evacuate Collection Set: 0.4ms
[67.072s][info][gc,phases      ] GC(356)   Other: 0.3ms
[67.072s][info][gc,heap        ] GC(356) Eden regions: 208->0(208)
[67.072s][info][gc,heap        ] GC(356) Survivor regions: 1->1(27)
[67.072s][info][gc,heap        ] GC(356) Old regions: 39->39
[67.072s][info][gc,heap        ] GC(356) Humongous regions: 6->6
[67.072s][info][gc,metaspace   ] GC(356) Metaspace: 70537K->70537K(1112064K)
[67.072s][info][gc             ] GC(356) Pause Young (Normal) (G1 Evacuation Pause) 251M->43M(349M) 2.958ms
[67.072s][info][gc,cpu         ] GC(356) User=0.00s Sys=0.00s Real=0.00s
[67.195s][info][gc,start       ] GC(357) Pause Young (Normal) (G1 Evacuation Pause)
[67.195s][info][gc,task        ] GC(357) Using 1 workers of 1 for evacuation
[67.199s][info][gc,phases      ] GC(357)   Pre Evacuate Collection Set: 0.0ms
[67.199s][info][gc,phases      ] GC(357)   Evacuate Collection Set: 2.5ms
[67.199s][info][gc,phases      ] GC(357)   Post Evacuate Collection Set: 0.4ms
[67.199s][info][gc,phases      ] GC(357)   Other: 0.3ms
[67.199s][info][gc,heap        ] GC(357) Eden regions: 208->0(208)
[67.199s][info][gc,heap        ] GC(357) Survivor regions: 1->1(27)
[67.199s][info][gc,heap        ] GC(357) Old regions: 39->39
[67.199s][info][gc,heap        ] GC(357) Humongous regions: 6->6
[67.199s][info][gc,metaspace   ] GC(357) Metaspace: 70537K->70537K(1112064K)
[67.199s][info][gc             ] GC(357) Pause Young (Normal) (G1 Evacuation Pause) 251M->43M(349M) 3.309ms
[67.199s][info][gc,cpu         ] GC(357) User=0.00s Sys=0.00s Real=0.01s
[67.305s][info][gc,start       ] GC(358) Pause Young (Normal) (G1 Evacuation Pause)
[67.305s][info][gc,task        ] GC(358) Using 1 workers of 1 for evacuation
[67.308s][info][gc,phases      ] GC(358)   Pre Evacuate Collection Set: 0.0ms
[67.308s][info][gc,phases      ] GC(358)   Evacuate Collection Set: 2.3ms
[67.308s][info][gc,phases      ] GC(358)   Post Evacuate Collection Set: 0.3ms
[67.308s][info][gc,phases      ] GC(358)   Other: 0.3ms
[67.308s][info][gc,heap        ] GC(358) Eden regions: 208->0(208)
[67.308s][info][gc,heap        ] GC(358) Survivor regions: 1->1(27)
[67.308s][info][gc,heap        ] GC(358) Old regions: 39->39
[67.308s][info][gc,heap        ] GC(358) Humongous regions: 6->6
[67.308s][info][gc,metaspace   ] GC(358) Metaspace: 70537K->70537K(1112064K)
[67.308s][info][gc             ] GC(358) Pause Young (Normal) (G1 Evacuation Pause) 251M->43M(349M) 2.977ms
[67.308s][info][gc,cpu         ] GC(358) User=0.01s Sys=0.00s Real=0.01s
[67.447s][info][gc,start       ] GC(359) Pause Young (Normal) (G1 Evacuation Pause)
[67.448s][info][gc,task        ] GC(359) Using 1 workers of 1 for evacuation
[67.450s][info][gc,phases      ] GC(359)   Pre Evacuate Collection Set: 0.0ms
[67.450s][info][gc,phases      ] GC(359)   Evacuate Collection Set: 2.2ms
[67.450s][info][gc,phases      ] GC(359)   Post Evacuate Collection Set: 0.3ms
[67.450s][info][gc,phases      ] GC(359)   Other: 0.3ms
[67.450s][info][gc,heap        ] GC(359) Eden regions: 208->0(208)
[67.450s][info][gc,heap        ] GC(359) Survivor regions: 1->1(27)
[67.450s][info][gc,heap        ] GC(359) Old regions: 39->39
[67.450s][info][gc,heap        ] GC(359) Humongous regions: 6->6
[67.450s][info][gc,metaspace   ] GC(359) Metaspace: 70537K->70537K(1112064K)
[67.450s][info][gc             ] GC(359) Pause Young (Normal) (G1 Evacuation Pause) 251M->43M(349M) 2.850ms
[67.450s][info][gc,cpu         ] GC(359) User=0.00s Sys=0.00s Real=0.00s
[67.554s][info][gc,start       ] GC(360) Pause Young (Normal) (G1 Evacuation Pause)
[67.554s][info][gc,task        ] GC(360) Using 1 workers of 1 for evacuation
[67.556s][info][gc,phases      ] GC(360)   Pre Evacuate Collection Set: 0.0ms
[67.556s][info][gc,phases      ] GC(360)   Evacuate Collection Set: 2.2ms
[67.556s][info][gc,phases      ] GC(360)   Post Evacuate Collection Set: 0.3ms
[67.556s][info][gc,phases      ] GC(360)   Other: 0.3ms
[67.556s][info][gc,heap        ] GC(360) Eden regions: 208->0(208)
[67.556s][info][gc,heap        ] GC(360) Survivor regions: 1->1(27)
[67.557s][info][gc,heap        ] GC(360) Old regions: 39->39
[67.557s][info][gc,heap        ] GC(360) Humongous regions: 6->6
[67.557s][info][gc,metaspace   ] GC(360) Metaspace: 70537K->70537K(1112064K)
[67.557s][info][gc             ] GC(360) Pause Young (Normal) (G1 Evacuation Pause) 251M->43M(349M) 2.844ms
[67.557s][info][gc,cpu         ] GC(360) User=0.01s Sys=0.00s Real=0.00s
[67.670s][info][gc,start       ] GC(361) Pause Young (Normal) (G1 Evacuation Pause)
[67.670s][info][gc,task        ] GC(361) Using 1 workers of 1 for evacuation
[67.673s][info][gc,phases      ] GC(361)   Pre Evacuate Collection Set: 0.0ms
[67.673s][info][gc,phases      ] GC(361)   Evacuate Collection Set: 2.2ms
[67.673s][info][gc,phases      ] GC(361)   Post Evacuate Collection Set: 0.3ms
[67.673s][info][gc,phases      ] GC(361)   Other: 0.3ms
[67.673s][info][gc,heap        ] GC(361) Eden regions: 208->0(208)
[67.673s][info][gc,heap        ] GC(361) Survivor regions: 1->1(27)
[67.673s][info][gc,heap        ] GC(361) Old regions: 39->39
[67.673s][info][gc,heap        ] GC(361) Humongous regions: 6->6
[67.673s][info][gc,metaspace   ] GC(361) Metaspace: 70537K->70537K(1112064K)
[67.673s][info][gc             ] GC(361) Pause Young (Normal) (G1 Evacuation Pause) 251M->43M(349M) 2.937ms
[67.673s][info][gc,cpu         ] GC(361) User=0.00s Sys=0.00s Real=0.00s
[67.819s][info][gc,start       ] GC(362) Pause Young (Normal) (G1 Evacuation Pause)
[67.820s][info][gc,task        ] GC(362) Using 1 workers of 1 for evacuation
[67.823s][info][gc,phases      ] GC(362)   Pre Evacuate Collection Set: 0.0ms
[67.823s][info][gc,phases      ] GC(362)   Evacuate Collection Set: 2.4ms
[67.823s][info][gc,phases      ] GC(362)   Post Evacuate Collection Set: 0.4ms
[67.823s][info][gc,phases      ] GC(362)   Other: 0.4ms
[67.823s][info][gc,heap        ] GC(362) Eden regions: 208->0(208)
[67.823s][info][gc,heap        ] GC(362) Survivor regions: 1->1(27)
[67.823s][info][gc,heap        ] GC(362) Old regions: 39->39
[67.823s][info][gc,heap        ] GC(362) Humongous regions: 6->6
[67.823s][info][gc,metaspace   ] GC(362) Metaspace: 70537K->70537K(1112064K)
[67.823s][info][gc             ] GC(362) Pause Young (Normal) (G1 Evacuation Pause) 251M->43M(349M) 3.252ms
[67.823s][info][gc,cpu         ] GC(362) User=0.00s Sys=0.00s Real=0.00s
[67.950s][info][gc,start       ] GC(363) Pause Young (Normal) (G1 Evacuation Pause)
[67.950s][info][gc,task        ] GC(363) Using 1 workers of 1 for evacuation
[67.953s][info][gc,phases      ] GC(363)   Pre Evacuate Collection Set: 0.0ms
[67.953s][info][gc,phases      ] GC(363)   Evacuate Collection Set: 2.4ms
[67.953s][info][gc,phases      ] GC(363)   Post Evacuate Collection Set: 0.3ms
[67.953s][info][gc,phases      ] GC(363)   Other: 0.3ms
[67.953s][info][gc,heap        ] GC(363) Eden regions: 208->0(208)
[67.953s][info][gc,heap        ] GC(363) Survivor regions: 1->1(27)
[67.953s][info][gc,heap        ] GC(363) Old regions: 39->39
[67.953s][info][gc,heap        ] GC(363) Humongous regions: 6->6
[67.953s][info][gc,metaspace   ] GC(363) Metaspace: 70537K->70537K(1112064K)
[67.953s][info][gc             ] GC(363) Pause Young (Normal) (G1 Evacuation Pause) 251M->43M(349M) 3.115ms
[67.953s][info][gc,cpu         ] GC(363) User=0.00s Sys=0.00s Real=0.00s
[68.172s][info][gc,start       ] GC(364) Pause Young (Normal) (G1 Evacuation Pause)
[68.172s][info][gc,task        ] GC(364) Using 1 workers of 1 for evacuation
[68.176s][info][gc,phases      ] GC(364)   Pre Evacuate Collection Set: 0.0ms
[68.176s][info][gc,phases      ] GC(364)   Evacuate Collection Set: 2.7ms
[68.176s][info][gc,phases      ] GC(364)   Post Evacuate Collection Set: 0.4ms
[68.176s][info][gc,phases      ] GC(364)   Other: 0.4ms
[68.176s][info][gc,heap        ] GC(364) Eden regions: 208->0(208)
[68.176s][info][gc,heap        ] GC(364) Survivor regions: 1->1(27)
[68.176s][info][gc,heap        ] GC(364) Old regions: 39->39
[68.176s][info][gc,heap        ] GC(364) Humongous regions: 11->6
[68.176s][info][gc,metaspace   ] GC(364) Metaspace: 70555K->70555K(1112064K)
[68.176s][info][gc             ] GC(364) Pause Young (Normal) (G1 Evacuation Pause) 256M->43M(349M) 3.601ms
[68.176s][info][gc,cpu         ] GC(364) User=0.00s Sys=0.00s Real=0.00s
[68.283s][info][gc,start       ] GC(365) Pause Young (Normal) (G1 Evacuation Pause)
[68.283s][info][gc,task        ] GC(365) Using 1 workers of 1 for evacuation
[68.287s][info][gc,phases      ] GC(365)   Pre Evacuate Collection Set: 0.0ms
[68.287s][info][gc,phases      ] GC(365)   Evacuate Collection Set: 2.5ms
[68.287s][info][gc,phases      ] GC(365)   Post Evacuate Collection Set: 0.4ms
[68.287s][info][gc,phases      ] GC(365)   Other: 0.3ms
[68.287s][info][gc,heap        ] GC(365) Eden regions: 208->0(208)
[68.287s][info][gc,heap        ] GC(365) Survivor regions: 1->1(27)
[68.287s][info][gc,heap        ] GC(365) Old regions: 39->39
[68.287s][info][gc,heap        ] GC(365) Humongous regions: 6->6
[68.287s][info][gc,metaspace   ] GC(365) Metaspace: 70557K->70557K(1112064K)
[68.287s][info][gc             ] GC(365) Pause Young (Normal) (G1 Evacuation Pause) 251M->43M(349M) 3.350ms
[68.287s][info][gc,cpu         ] GC(365) User=0.01s Sys=0.00s Real=0.01s
[68.394s][info][gc,start       ] GC(366) Pause Young (Normal) (G1 Evacuation Pause)
[68.394s][info][gc,task        ] GC(366) Using 1 workers of 1 for evacuation
[68.397s][info][gc,phases      ] GC(366)   Pre Evacuate Collection Set: 0.0ms
[68.397s][info][gc,phases      ] GC(366)   Evacuate Collection Set: 2.4ms
[68.397s][info][gc,phases      ] GC(366)   Post Evacuate Collection Set: 0.3ms
[68.397s][info][gc,phases      ] GC(366)   Other: 0.3ms
[68.397s][info][gc,heap        ] GC(366) Eden regions: 208->0(208)
[68.397s][info][gc,heap        ] GC(366) Survivor regions: 1->1(27)
[68.397s][info][gc,heap        ] GC(366) Old regions: 39->39
[68.397s][info][gc,heap        ] GC(366) Humongous regions: 6->6
[68.397s][info][gc,metaspace   ] GC(366) Metaspace: 70557K->70557K(1112064K)
[68.397s][info][gc             ] GC(366) Pause Young (Normal) (G1 Evacuation Pause) 251M->43M(349M) 3.096ms
[68.397s][info][gc,cpu         ] GC(366) User=0.01s Sys=0.00s Real=0.00s
[68.603s][info][gc,start       ] GC(367) Pause Young (Normal) (G1 Evacuation Pause)
[68.603s][info][gc,task        ] GC(367) Using 1 workers of 1 for evacuation
[68.611s][info][gc,phases      ] GC(367)   Pre Evacuate Collection Set: 0.0ms
[68.611s][info][gc,phases      ] GC(367)   Evacuate Collection Set: 6.2ms
[68.611s][info][gc,phases      ] GC(367)   Post Evacuate Collection Set: 1.0ms
[68.611s][info][gc,phases      ] GC(367)   Other: 1.5ms
[68.611s][info][gc,heap        ] GC(367) Eden regions: 208->0(208)
[68.611s][info][gc,heap        ] GC(367) Survivor regions: 1->1(27)
[68.611s][info][gc,heap        ] GC(367) Old regions: 39->39
[68.611s][info][gc,heap        ] GC(367) Humongous regions: 6->6
[68.611s][info][gc,metaspace   ] GC(367) Metaspace: 70557K->70557K(1112064K)
[68.611s][info][gc             ] GC(367) Pause Young (Normal) (G1 Evacuation Pause) 251M->43M(349M) 8.915ms
[68.612s][info][gc,cpu         ] GC(367) User=0.01s Sys=0.00s Real=0.01s
[68.740s][info][gc,start       ] GC(368) Pause Young (Normal) (G1 Evacuation Pause)
[68.740s][info][gc,task        ] GC(368) Using 1 workers of 1 for evacuation
[68.748s][info][gc,phases      ] GC(368)   Pre Evacuate Collection Set: 0.0ms
[68.748s][info][gc,phases      ] GC(368)   Evacuate Collection Set: 6.6ms
[68.748s][info][gc,phases      ] GC(368)   Post Evacuate Collection Set: 0.8ms
[68.748s][info][gc,phases      ] GC(368)   Other: 0.5ms
[68.748s][info][gc,heap        ] GC(368) Eden regions: 208->0(208)
[68.748s][info][gc,heap        ] GC(368) Survivor regions: 1->1(27)
[68.748s][info][gc,heap        ] GC(368) Old regions: 39->39
[68.748s][info][gc,heap        ] GC(368) Humongous regions: 6->6
[68.748s][info][gc,metaspace   ] GC(368) Metaspace: 70557K->70557K(1112064K)
[68.748s][info][gc             ] GC(368) Pause Young (Normal) (G1 Evacuation Pause) 251M->43M(349M) 8.045ms
[68.748s][info][gc,cpu         ] GC(368) User=0.00s Sys=0.00s Real=0.01s
[68.885s][info][gc,start       ] GC(369) Pause Young (Normal) (G1 Evacuation Pause)
[68.885s][info][gc,task        ] GC(369) Using 1 workers of 1 for evacuation
[68.888s][info][gc,phases      ] GC(369)   Pre Evacuate Collection Set: 0.0ms
[68.888s][info][gc,phases      ] GC(369)   Evacuate Collection Set: 2.5ms
[68.888s][info][gc,phases      ] GC(369)   Post Evacuate Collection Set: 0.3ms
[68.888s][info][gc,phases      ] GC(369)   Other: 0.3ms
[68.888s][info][gc,heap        ] GC(369) Eden regions: 208->0(208)
[68.888s][info][gc,heap        ] GC(369) Survivor regions: 1->1(27)
[68.888s][info][gc,heap        ] GC(369) Old regions: 39->39
[68.888s][info][gc,heap        ] GC(369) Humongous regions: 6->6
[68.888s][info][gc,metaspace   ] GC(369) Metaspace: 70557K->70557K(1112064K)
[68.888s][info][gc             ] GC(369) Pause Young (Normal) (G1 Evacuation Pause) 251M->43M(349M) 3.163ms
[68.888s][info][gc,cpu         ] GC(369) User=0.00s Sys=0.00s Real=0.01s
[69.094s][info][gc,start       ] GC(370) Pause Young (Normal) (G1 Evacuation Pause)
[69.094s][info][gc,task        ] GC(370) Using 1 workers of 1 for evacuation
[69.098s][info][gc,phases      ] GC(370)   Pre Evacuate Collection Set: 0.0ms
[69.098s][info][gc,phases      ] GC(370)   Evacuate Collection Set: 3.2ms
[69.098s][info][gc,phases      ] GC(370)   Post Evacuate Collection Set: 0.3ms
[69.098s][info][gc,phases      ] GC(370)   Other: 0.5ms
[69.098s][info][gc,heap        ] GC(370) Eden regions: 208->0(208)
[69.098s][info][gc,heap        ] GC(370) Survivor regions: 1->1(27)
[69.098s][info][gc,heap        ] GC(370) Old regions: 39->39
[69.098s][info][gc,heap        ] GC(370) Humongous regions: 6->6
[69.098s][info][gc,metaspace   ] GC(370) Metaspace: 70557K->70557K(1112064K)
[69.098s][info][gc             ] GC(370) Pause Young (Normal) (G1 Evacuation Pause) 251M->43M(349M) 4.093ms
[69.098s][info][gc,cpu         ] GC(370) User=0.00s Sys=0.00s Real=0.00s
[69.432s][info][gc,start       ] GC(371) Pause Young (Normal) (G1 Evacuation Pause)
[69.432s][info][gc,task        ] GC(371) Using 1 workers of 1 for evacuation
[69.435s][info][gc,phases      ] GC(371)   Pre Evacuate Collection Set: 0.0ms
[69.435s][info][gc,phases      ] GC(371)   Evacuate Collection Set: 2.8ms
[69.435s][info][gc,phases      ] GC(371)   Post Evacuate Collection Set: 0.4ms
[69.435s][info][gc,phases      ] GC(371)   Other: 0.5ms
[69.435s][info][gc,heap        ] GC(371) Eden regions: 208->0(208)
[69.435s][info][gc,heap        ] GC(371) Survivor regions: 1->1(27)
[69.435s][info][gc,heap        ] GC(371) Old regions: 39->39
[69.435s][info][gc,heap        ] GC(371) Humongous regions: 6->6
[69.435s][info][gc,metaspace   ] GC(371) Metaspace: 70557K->70557K(1112064K)
[69.435s][info][gc             ] GC(371) Pause Young (Normal) (G1 Evacuation Pause) 251M->43M(349M) 3.779ms
[69.436s][info][gc,cpu         ] GC(371) User=0.00s Sys=0.00s Real=0.00s
[69.554s][info][gc,start       ] GC(372) Pause Young (Normal) (G1 Evacuation Pause)
[69.554s][info][gc,task        ] GC(372) Using 1 workers of 1 for evacuation
[69.558s][info][gc,phases      ] GC(372)   Pre Evacuate Collection Set: 0.0ms
[69.558s][info][gc,phases      ] GC(372)   Evacuate Collection Set: 2.8ms
[69.558s][info][gc,phases      ] GC(372)   Post Evacuate Collection Set: 0.4ms
[69.558s][info][gc,phases      ] GC(372)   Other: 0.4ms
[69.558s][info][gc,heap        ] GC(372) Eden regions: 208->0(208)
[69.558s][info][gc,heap        ] GC(372) Survivor regions: 1->1(27)
[69.558s][info][gc,heap        ] GC(372) Old regions: 39->39
[69.558s][info][gc,heap        ] GC(372) Humongous regions: 6->6
[69.558s][info][gc,metaspace   ] GC(372) Metaspace: 70557K->70557K(1112064K)
[69.558s][info][gc             ] GC(372) Pause Young (Normal) (G1 Evacuation Pause) 251M->43M(349M) 3.653ms
[69.558s][info][gc,cpu         ] GC(372) User=0.00s Sys=0.00s Real=0.00s
[69.708s][info][gc,start       ] GC(373) Pause Young (Normal) (G1 Evacuation Pause)
[69.708s][info][gc,task        ] GC(373) Using 1 workers of 1 for evacuation
[69.719s][info][gc,phases      ] GC(373)   Pre Evacuate Collection Set: 0.1ms
[69.719s][info][gc,phases      ] GC(373)   Evacuate Collection Set: 7.6ms
[69.719s][info][gc,phases      ] GC(373)   Post Evacuate Collection Set: 2.0ms
[69.719s][info][gc,phases      ] GC(373)   Other: 0.8ms
[69.719s][info][gc,heap        ] GC(373) Eden regions: 208->0(208)
[69.719s][info][gc,heap        ] GC(373) Survivor regions: 1->1(27)
[69.719s][info][gc,heap        ] GC(373) Old regions: 39->39
[69.719s][info][gc,heap        ] GC(373) Humongous regions: 6->6
[69.719s][info][gc,metaspace   ] GC(373) Metaspace: 70557K->70557K(1112064K)
[69.719s][info][gc             ] GC(373) Pause Young (Normal) (G1 Evacuation Pause) 251M->43M(349M) 10.570ms
[69.719s][info][gc,cpu         ] GC(373) User=0.01s Sys=0.00s Real=0.01s
[70.022s][info][gc,start       ] GC(374) Pause Young (Normal) (G1 Evacuation Pause)
[70.022s][info][gc,task        ] GC(374) Using 1 workers of 1 for evacuation
[70.025s][info][gc,phases      ] GC(374)   Pre Evacuate Collection Set: 0.0ms
[70.025s][info][gc,phases      ] GC(374)   Evacuate Collection Set: 2.5ms
[70.025s][info][gc,phases      ] GC(374)   Post Evacuate Collection Set: 0.3ms
[70.025s][info][gc,phases      ] GC(374)   Other: 0.4ms
[70.025s][info][gc,heap        ] GC(374) Eden regions: 208->0(208)
[70.025s][info][gc,heap        ] GC(374) Survivor regions: 1->1(27)
[70.025s][info][gc,heap        ] GC(374) Old regions: 39->39
[70.025s][info][gc,heap        ] GC(374) Humongous regions: 11->6
[70.025s][info][gc,metaspace   ] GC(374) Metaspace: 70562K->70562K(1112064K)
[70.025s][info][gc             ] GC(374) Pause Young (Normal) (G1 Evacuation Pause) 256M->43M(349M) 3.240ms
[70.025s][info][gc,cpu         ] GC(374) User=0.00s Sys=0.00s Real=0.00s
[70.172s][info][gc,start       ] GC(375) Pause Young (Normal) (G1 Evacuation Pause)
[70.172s][info][gc,task        ] GC(375) Using 1 workers of 1 for evacuation
[70.174s][info][gc,phases      ] GC(375)   Pre Evacuate Collection Set: 0.0ms
[70.175s][info][gc,phases      ] GC(375)   Evacuate Collection Set: 2.2ms
[70.175s][info][gc,phases      ] GC(375)   Post Evacuate Collection Set: 0.3ms
[70.175s][info][gc,phases      ] GC(375)   Other: 0.4ms
[70.175s][info][gc,heap        ] GC(375) Eden regions: 208->0(208)
[70.175s][info][gc,heap        ] GC(375) Survivor regions: 1->1(27)
[70.175s][info][gc,heap        ] GC(375) Old regions: 39->39
[70.175s][info][gc,heap        ] GC(375) Humongous regions: 6->6
[70.175s][info][gc,metaspace   ] GC(375) Metaspace: 70562K->70562K(1112064K)
[70.175s][info][gc             ] GC(375) Pause Young (Normal) (G1 Evacuation Pause) 251M->43M(349M) 2.966ms
[70.175s][info][gc,cpu         ] GC(375) User=0.01s Sys=0.00s Real=0.00s
[70.278s][info][gc,start       ] GC(376) Pause Young (Normal) (G1 Evacuation Pause)
[70.278s][info][gc,task        ] GC(376) Using 1 workers of 1 for evacuation
[70.281s][info][gc,phases      ] GC(376)   Pre Evacuate Collection Set: 0.0ms
[70.281s][info][gc,phases      ] GC(376)   Evacuate Collection Set: 2.3ms
[70.281s][info][gc,phases      ] GC(376)   Post Evacuate Collection Set: 0.3ms
[70.281s][info][gc,phases      ] GC(376)   Other: 0.3ms
[70.281s][info][gc,heap        ] GC(376) Eden regions: 208->0(208)
[70.281s][info][gc,heap        ] GC(376) Survivor regions: 1->1(27)
[70.281s][info][gc,heap        ] GC(376) Old regions: 39->39
[70.281s][info][gc,heap        ] GC(376) Humongous regions: 6->6
[70.281s][info][gc,metaspace   ] GC(376) Metaspace: 70562K->70562K(1112064K)
[70.281s][info][gc             ] GC(376) Pause Young (Normal) (G1 Evacuation Pause) 251M->43M(349M) 2.966ms
[70.281s][info][gc,cpu         ] GC(376) User=0.00s Sys=0.00s Real=0.01s
[70.503s][info][gc,start       ] GC(377) Pause Young (Normal) (G1 Evacuation Pause)
[70.503s][info][gc,task        ] GC(377) Using 1 workers of 1 for evacuation
[70.506s][info][gc,phases      ] GC(377)   Pre Evacuate Collection Set: 0.0ms
[70.506s][info][gc,phases      ] GC(377)   Evacuate Collection Set: 2.3ms
[70.506s][info][gc,phases      ] GC(377)   Post Evacuate Collection Set: 0.4ms
[70.506s][info][gc,phases      ] GC(377)   Other: 0.4ms
[70.506s][info][gc,heap        ] GC(377) Eden regions: 208->0(208)
[70.506s][info][gc,heap        ] GC(377) Survivor regions: 1->1(27)
[70.506s][info][gc,heap        ] GC(377) Old regions: 39->39
[70.506s][info][gc,heap        ] GC(377) Humongous regions: 6->6
[70.506s][info][gc,metaspace   ] GC(377) Metaspace: 70562K->70562K(1112064K)
[70.506s][info][gc             ] GC(377) Pause Young (Normal) (G1 Evacuation Pause) 251M->43M(349M) 3.115ms
[70.506s][info][gc,cpu         ] GC(377) User=0.00s Sys=0.00s Real=0.01s
[70.614s][info][gc,start       ] GC(378) Pause Young (Normal) (G1 Evacuation Pause)
[70.614s][info][gc,task        ] GC(378) Using 1 workers of 1 for evacuation
[70.617s][info][gc,phases      ] GC(378)   Pre Evacuate Collection Set: 0.0ms
[70.617s][info][gc,phases      ] GC(378)   Evacuate Collection Set: 2.3ms
[70.617s][info][gc,phases      ] GC(378)   Post Evacuate Collection Set: 0.3ms
[70.617s][info][gc,phases      ] GC(378)   Other: 0.3ms
[70.617s][info][gc,heap        ] GC(378) Eden regions: 208->0(208)
[70.617s][info][gc,heap        ] GC(378) Survivor regions: 1->1(27)
[70.617s][info][gc,heap        ] GC(378) Old regions: 39->39
[70.617s][info][gc,heap        ] GC(378) Humongous regions: 6->6
[70.617s][info][gc,metaspace   ] GC(378) Metaspace: 70562K->70562K(1112064K)
[70.617s][info][gc             ] GC(378) Pause Young (Normal) (G1 Evacuation Pause) 251M->43M(349M) 2.930ms
[70.617s][info][gc,cpu         ] GC(378) User=0.00s Sys=0.00s Real=0.00s
[70.726s][info][gc,start       ] GC(379) Pause Young (Normal) (G1 Evacuation Pause)
[70.726s][info][gc,task        ] GC(379) Using 1 workers of 1 for evacuation
[70.729s][info][gc,phases      ] GC(379)   Pre Evacuate Collection Set: 0.0ms
[70.729s][info][gc,phases      ] GC(379)   Evacuate Collection Set: 2.3ms
[70.729s][info][gc,phases      ] GC(379)   Post Evacuate Collection Set: 0.3ms
[70.729s][info][gc,phases      ] GC(379)   Other: 0.3ms
[70.729s][info][gc,heap        ] GC(379) Eden regions: 208->0(208)
[70.729s][info][gc,heap        ] GC(379) Survivor regions: 1->1(27)
[70.729s][info][gc,heap        ] GC(379) Old regions: 39->39
[70.729s][info][gc,heap        ] GC(379) Humongous regions: 6->6
[70.729s][info][gc,metaspace   ] GC(379) Metaspace: 70562K->70562K(1112064K)
[70.729s][info][gc             ] GC(379) Pause Young (Normal) (G1 Evacuation Pause) 251M->43M(349M) 2.951ms
[70.729s][info][gc,cpu         ] GC(379) User=0.00s Sys=0.00s Real=0.01s
[70.909s][info][gc,start       ] GC(380) Pause Young (Normal) (G1 Evacuation Pause)
[70.909s][info][gc,task        ] GC(380) Using 1 workers of 1 for evacuation
[70.912s][info][gc,phases      ] GC(380)   Pre Evacuate Collection Set: 0.0ms
[70.912s][info][gc,phases      ] GC(380)   Evacuate Collection Set: 2.4ms
[70.912s][info][gc,phases      ] GC(380)   Post Evacuate Collection Set: 0.3ms
[70.912s][info][gc,phases      ] GC(380)   Other: 0.4ms
[70.912s][info][gc,heap        ] GC(380) Eden regions: 208->0(208)
[70.912s][info][gc,heap        ] GC(380) Survivor regions: 1->1(27)
[70.912s][info][gc,heap        ] GC(380) Old regions: 39->39
[70.912s][info][gc,heap        ] GC(380) Humongous regions: 6->6
[70.912s][info][gc,metaspace   ] GC(380) Metaspace: 70562K->70562K(1112064K)
[70.912s][info][gc             ] GC(380) Pause Young (Normal) (G1 Evacuation Pause) 251M->43M(349M) 3.193ms
[70.912s][info][gc,cpu         ] GC(380) User=0.00s Sys=0.00s Real=0.00s
[71.041s][info][gc,start       ] GC(381) Pause Young (Normal) (G1 Evacuation Pause)
[71.041s][info][gc,task        ] GC(381) Using 1 workers of 1 for evacuation
[71.044s][info][gc,phases      ] GC(381)   Pre Evacuate Collection Set: 0.0ms
[71.044s][info][gc,phases      ] GC(381)   Evacuate Collection Set: 2.4ms
[71.044s][info][gc,phases      ] GC(381)   Post Evacuate Collection Set: 0.3ms
[71.044s][info][gc,phases      ] GC(381)   Other: 0.3ms
[71.044s][info][gc,heap        ] GC(381) Eden regions: 208->0(208)
[71.044s][info][gc,heap        ] GC(381) Survivor regions: 1->1(27)
[71.044s][info][gc,heap        ] GC(381) Old regions: 39->39
[71.044s][info][gc,heap        ] GC(381) Humongous regions: 6->6
[71.044s][info][gc,metaspace   ] GC(381) Metaspace: 70562K->70562K(1112064K)
[71.044s][info][gc             ] GC(381) Pause Young (Normal) (G1 Evacuation Pause) 251M->43M(349M) 3.039ms
[71.044s][info][gc,cpu         ] GC(381) User=0.00s Sys=0.00s Real=0.00s
[71.152s][info][gc,start       ] GC(382) Pause Young (Normal) (G1 Evacuation Pause)
[71.152s][info][gc,task        ] GC(382) Using 1 workers of 1 for evacuation
[71.155s][info][gc,phases      ] GC(382)   Pre Evacuate Collection Set: 0.0ms
[71.155s][info][gc,phases      ] GC(382)   Evacuate Collection Set: 2.5ms
[71.155s][info][gc,phases      ] GC(382)   Post Evacuate Collection Set: 0.3ms
[71.155s][info][gc,phases      ] GC(382)   Other: 0.3ms
[71.155s][info][gc,heap        ] GC(382) Eden regions: 208->0(208)
[71.155s][info][gc,heap        ] GC(382) Survivor regions: 1->1(27)
[71.155s][info][gc,heap        ] GC(382) Old regions: 39->39
[71.155s][info][gc,heap        ] GC(382) Humongous regions: 6->6
[71.155s][info][gc,metaspace   ] GC(382) Metaspace: 70562K->70562K(1112064K)
[71.155s][info][gc             ] GC(382) Pause Young (Normal) (G1 Evacuation Pause) 251M->43M(349M) 3.219ms
[71.155s][info][gc,cpu         ] GC(382) User=0.00s Sys=0.00s Real=0.00s
[71.299s][info][gc,start       ] GC(383) Pause Young (Normal) (G1 Evacuation Pause)
[71.299s][info][gc,task        ] GC(383) Using 1 workers of 1 for evacuation
[71.302s][info][gc,phases      ] GC(383)   Pre Evacuate Collection Set: 0.0ms
[71.302s][info][gc,phases      ] GC(383)   Evacuate Collection Set: 2.8ms
[71.302s][info][gc,phases      ] GC(383)   Post Evacuate Collection Set: 0.3ms
[71.302s][info][gc,phases      ] GC(383)   Other: 0.3ms
[71.302s][info][gc,heap        ] GC(383) Eden regions: 208->0(208)
[71.302s][info][gc,heap        ] GC(383) Survivor regions: 1->1(27)
[71.302s][info][gc,heap        ] GC(383) Old regions: 39->39
[71.302s][info][gc,heap        ] GC(383) Humongous regions: 11->6
[71.302s][info][gc,metaspace   ] GC(383) Metaspace: 70576K->70576K(1112064K)
[71.302s][info][gc             ] GC(383) Pause Young (Normal) (G1 Evacuation Pause) 256M->43M(349M) 3.437ms
[71.302s][info][gc,cpu         ] GC(383) User=0.00s Sys=0.00s Real=0.00s
[71.416s][info][gc,start       ] GC(384) Pause Young (Normal) (G1 Evacuation Pause)
[71.416s][info][gc,task        ] GC(384) Using 1 workers of 1 for evacuation
[71.419s][info][gc,phases      ] GC(384)   Pre Evacuate Collection Set: 0.0ms
[71.419s][info][gc,phases      ] GC(384)   Evacuate Collection Set: 2.5ms
[71.419s][info][gc,phases      ] GC(384)   Post Evacuate Collection Set: 0.4ms
[71.419s][info][gc,phases      ] GC(384)   Other: 0.4ms
[71.419s][info][gc,heap        ] GC(384) Eden regions: 208->0(208)
[71.419s][info][gc,heap        ] GC(384) Survivor regions: 1->1(27)
[71.419s][info][gc,heap        ] GC(384) Old regions: 39->39
[71.419s][info][gc,heap        ] GC(384) Humongous regions: 6->6
[71.419s][info][gc,metaspace   ] GC(384) Metaspace: 70576K->70576K(1112064K)
[71.419s][info][gc             ] GC(384) Pause Young (Normal) (G1 Evacuation Pause) 251M->43M(349M) 3.268ms
[71.419s][info][gc,cpu         ] GC(384) User=0.00s Sys=0.00s Real=0.01s
[71.534s][info][gc,start       ] GC(385) Pause Young (Normal) (G1 Evacuation Pause)
[71.534s][info][gc,task        ] GC(385) Using 1 workers of 1 for evacuation
[71.537s][info][gc,phases      ] GC(385)   Pre Evacuate Collection Set: 0.0ms
[71.537s][info][gc,phases      ] GC(385)   Evacuate Collection Set: 2.5ms
[71.537s][info][gc,phases      ] GC(385)   Post Evacuate Collection Set: 0.3ms
[71.537s][info][gc,phases      ] GC(385)   Other: 0.3ms
[71.537s][info][gc,heap        ] GC(385) Eden regions: 208->0(208)
[71.537s][info][gc,heap        ] GC(385) Survivor regions: 1->1(27)
[71.537s][info][gc,heap        ] GC(385) Old regions: 39->39
[71.537s][info][gc,heap        ] GC(385) Humongous regions: 6->6
[71.537s][info][gc,metaspace   ] GC(385) Metaspace: 70581K->70581K(1112064K)
[71.537s][info][gc             ] GC(385) Pause Young (Normal) (G1 Evacuation Pause) 251M->43M(349M) 3.107ms
[71.537s][info][gc,cpu         ] GC(385) User=0.00s Sys=0.00s Real=0.00s
[71.643s][info][gc,start       ] GC(386) Pause Young (Normal) (G1 Evacuation Pause)
[71.643s][info][gc,task        ] GC(386) Using 1 workers of 1 for evacuation
[71.646s][info][gc,phases      ] GC(386)   Pre Evacuate Collection Set: 0.0ms
[71.646s][info][gc,phases      ] GC(386)   Evacuate Collection Set: 2.4ms
[71.646s][info][gc,phases      ] GC(386)   Post Evacuate Collection Set: 0.3ms
[71.646s][info][gc,phases      ] GC(386)   Other: 0.2ms
[71.646s][info][gc,heap        ] GC(386) Eden regions: 208->0(208)
[71.646s][info][gc,heap        ] GC(386) Survivor regions: 1->1(27)
[71.646s][info][gc,heap        ] GC(386) Old regions: 39->39
[71.646s][info][gc,heap        ] GC(386) Humongous regions: 6->6
[71.646s][info][gc,metaspace   ] GC(386) Metaspace: 70581K->70581K(1112064K)
[71.646s][info][gc             ] GC(386) Pause Young (Normal) (G1 Evacuation Pause) 251M->43M(349M) 3.031ms
[71.646s][info][gc,cpu         ] GC(386) User=0.00s Sys=0.00s Real=0.00s
[71.789s][info][gc,start       ] GC(387) Pause Young (Normal) (G1 Evacuation Pause)
[71.789s][info][gc,task        ] GC(387) Using 1 workers of 1 for evacuation
[71.793s][info][gc,phases      ] GC(387)   Pre Evacuate Collection Set: 0.0ms
[71.793s][info][gc,phases      ] GC(387)   Evacuate Collection Set: 2.9ms
[71.793s][info][gc,phases      ] GC(387)   Post Evacuate Collection Set: 0.3ms
[71.793s][info][gc,phases      ] GC(387)   Other: 0.4ms
[71.793s][info][gc,heap        ] GC(387) Eden regions: 208->0(208)
[71.793s][info][gc,heap        ] GC(387) Survivor regions: 1->1(27)
[71.793s][info][gc,heap        ] GC(387) Old regions: 39->39
[71.793s][info][gc,heap        ] GC(387) Humongous regions: 6->6
[71.793s][info][gc,metaspace   ] GC(387) Metaspace: 70581K->70581K(1112064K)
[71.793s][info][gc             ] GC(387) Pause Young (Normal) (G1 Evacuation Pause) 251M->43M(349M) 3.640ms
[71.793s][info][gc,cpu         ] GC(387) User=0.00s Sys=0.00s Real=0.00s
[71.953s][info][gc,start       ] GC(388) Pause Young (Normal) (G1 Evacuation Pause)
[71.953s][info][gc,task        ] GC(388) Using 1 workers of 1 for evacuation
[71.956s][info][gc,phases      ] GC(388)   Pre Evacuate Collection Set: 0.0ms
[71.956s][info][gc,phases      ] GC(388)   Evacuate Collection Set: 2.6ms
[71.956s][info][gc,phases      ] GC(388)   Post Evacuate Collection Set: 0.3ms
[71.956s][info][gc,phases      ] GC(388)   Other: 0.3ms
[71.956s][info][gc,heap        ] GC(388) Eden regions: 208->0(208)
[71.956s][info][gc,heap        ] GC(388) Survivor regions: 1->1(27)
[71.956s][info][gc,heap        ] GC(388) Old regions: 39->39
[71.956s][info][gc,heap        ] GC(388) Humongous regions: 6->6
[71.956s][info][gc,metaspace   ] GC(388) Metaspace: 70581K->70581K(1112064K)
[71.956s][info][gc             ] GC(388) Pause Young (Normal) (G1 Evacuation Pause) 251M->43M(349M) 3.249ms
[71.956s][info][gc,cpu         ] GC(388) User=0.00s Sys=0.00s Real=0.00s
[72.068s][info][gc,start       ] GC(389) Pause Young (Normal) (G1 Evacuation Pause)
[72.068s][info][gc,task        ] GC(389) Using 1 workers of 1 for evacuation
[72.071s][info][gc,phases      ] GC(389)   Pre Evacuate Collection Set: 0.0ms
[72.071s][info][gc,phases      ] GC(389)   Evacuate Collection Set: 2.5ms
[72.071s][info][gc,phases      ] GC(389)   Post Evacuate Collection Set: 0.3ms
[72.071s][info][gc,phases      ] GC(389)   Other: 0.3ms
[72.071s][info][gc,heap        ] GC(389) Eden regions: 208->0(208)
[72.071s][info][gc,heap        ] GC(389) Survivor regions: 1->1(27)
[72.071s][info][gc,heap        ] GC(389) Old regions: 39->39
[72.071s][info][gc,heap        ] GC(389) Humongous regions: 6->6
[72.071s][info][gc,metaspace   ] GC(389) Metaspace: 70581K->70581K(1112064K)
[72.071s][info][gc             ] GC(389) Pause Young (Normal) (G1 Evacuation Pause) 251M->43M(349M) 3.194ms
[72.071s][info][gc,cpu         ] GC(389) User=0.01s Sys=0.00s Real=0.00s
[72.174s][info][gc,start       ] GC(390) Pause Young (Normal) (G1 Evacuation Pause)
[72.174s][info][gc,task        ] GC(390) Using 1 workers of 1 for evacuation
[72.177s][info][gc,phases      ] GC(390)   Pre Evacuate Collection Set: 0.0ms
[72.177s][info][gc,phases      ] GC(390)   Evacuate Collection Set: 2.4ms
[72.177s][info][gc,phases      ] GC(390)   Post Evacuate Collection Set: 0.3ms
[72.177s][info][gc,phases      ] GC(390)   Other: 0.3ms
[72.177s][info][gc,heap        ] GC(390) Eden regions: 208->0(208)
[72.177s][info][gc,heap        ] GC(390) Survivor regions: 1->1(27)
[72.177s][info][gc,heap        ] GC(390) Old regions: 39->39
[72.177s][info][gc,heap        ] GC(390) Humongous regions: 6->6
[72.177s][info][gc,metaspace   ] GC(390) Metaspace: 70581K->70581K(1112064K)
[72.177s][info][gc             ] GC(390) Pause Young (Normal) (G1 Evacuation Pause) 251M->43M(349M) 3.120ms
[72.177s][info][gc,cpu         ] GC(390) User=0.00s Sys=0.00s Real=0.00s
[72.281s][info][gc,start       ] GC(391) Pause Young (Normal) (G1 Evacuation Pause)
[72.281s][info][gc,task        ] GC(391) Using 1 workers of 1 for evacuation
[72.284s][info][gc,phases      ] GC(391)   Pre Evacuate Collection Set: 0.0ms
[72.284s][info][gc,phases      ] GC(391)   Evacuate Collection Set: 2.4ms
[72.284s][info][gc,phases      ] GC(391)   Post Evacuate Collection Set: 0.3ms
[72.284s][info][gc,phases      ] GC(391)   Other: 0.3ms
[72.284s][info][gc,heap        ] GC(391) Eden regions: 208->0(208)
[72.284s][info][gc,heap        ] GC(391) Survivor regions: 1->1(27)
[72.284s][info][gc,heap        ] GC(391) Old regions: 39->39
[72.284s][info][gc,heap        ] GC(391) Humongous regions: 6->6
[72.284s][info][gc,metaspace   ] GC(391) Metaspace: 70581K->70581K(1112064K)
[72.284s][info][gc             ] GC(391) Pause Young (Normal) (G1 Evacuation Pause) 251M->43M(349M) 3.084ms
[72.284s][info][gc,cpu         ] GC(391) User=0.00s Sys=0.00s Real=0.00s
[72.551s][info][gc,start       ] GC(392) Pause Young (Normal) (G1 Evacuation Pause)
[72.551s][info][gc,task        ] GC(392) Using 1 workers of 1 for evacuation
[72.555s][info][gc,phases      ] GC(392)   Pre Evacuate Collection Set: 0.0ms
[72.555s][info][gc,phases      ] GC(392)   Evacuate Collection Set: 3.0ms
[72.555s][info][gc,phases      ] GC(392)   Post Evacuate Collection Set: 0.3ms
[72.555s][info][gc,phases      ] GC(392)   Other: 0.4ms
[72.555s][info][gc,heap        ] GC(392) Eden regions: 208->0(208)
[72.555s][info][gc,heap        ] GC(392) Survivor regions: 1->1(27)
[72.555s][info][gc,heap        ] GC(392) Old regions: 39->39
[72.555s][info][gc,heap        ] GC(392) Humongous regions: 11->6
[72.555s][info][gc,metaspace   ] GC(392) Metaspace: 70647K->70647K(1114112K)
[72.555s][info][gc             ] GC(392) Pause Young (Normal) (G1 Evacuation Pause) 256M->43M(349M) 3.859ms
[72.555s][info][gc,cpu         ] GC(392) User=0.00s Sys=0.00s Real=0.00s
[72.671s][info][gc,start       ] GC(393) Pause Young (Normal) (G1 Evacuation Pause)
[72.671s][info][gc,task        ] GC(393) Using 1 workers of 1 for evacuation
[72.675s][info][gc,phases      ] GC(393)   Pre Evacuate Collection Set: 0.0ms
[72.675s][info][gc,phases      ] GC(393)   Evacuate Collection Set: 2.7ms
[72.675s][info][gc,phases      ] GC(393)   Post Evacuate Collection Set: 0.4ms
[72.675s][info][gc,phases      ] GC(393)   Other: 0.3ms
[72.675s][info][gc,heap        ] GC(393) Eden regions: 208->0(208)
[72.675s][info][gc,heap        ] GC(393) Survivor regions: 1->1(27)
[72.675s][info][gc,heap        ] GC(393) Old regions: 39->39
[72.675s][info][gc,heap        ] GC(393) Humongous regions: 6->6
[72.675s][info][gc,metaspace   ] GC(393) Metaspace: 70647K->70647K(1114112K)
[72.675s][info][gc             ] GC(393) Pause Young (Normal) (G1 Evacuation Pause) 251M->43M(349M) 3.429ms
[72.675s][info][gc,cpu         ] GC(393) User=0.00s Sys=0.00s Real=0.00s
[72.780s][info][gc,start       ] GC(394) Pause Young (Normal) (G1 Evacuation Pause)
[72.780s][info][gc,task        ] GC(394) Using 1 workers of 1 for evacuation
[72.783s][info][gc,phases      ] GC(394)   Pre Evacuate Collection Set: 0.0ms
[72.783s][info][gc,phases      ] GC(394)   Evacuate Collection Set: 2.9ms
[72.783s][info][gc,phases      ] GC(394)   Post Evacuate Collection Set: 0.4ms
[72.783s][info][gc,phases      ] GC(394)   Other: 0.3ms
[72.783s][info][gc,heap        ] GC(394) Eden regions: 208->0(208)
[72.783s][info][gc,heap        ] GC(394) Survivor regions: 1->1(27)
[72.783s][info][gc,heap        ] GC(394) Old regions: 39->39
[72.783s][info][gc,heap        ] GC(394) Humongous regions: 6->6
[72.783s][info][gc,metaspace   ] GC(394) Metaspace: 70647K->70647K(1114112K)
[72.783s][info][gc             ] GC(394) Pause Young (Normal) (G1 Evacuation Pause) 251M->43M(349M) 3.641ms
[72.783s][info][gc,cpu         ] GC(394) User=0.00s Sys=0.00s Real=0.00s
[72.890s][info][gc,start       ] GC(395) Pause Young (Normal) (G1 Evacuation Pause)
[72.890s][info][gc,task        ] GC(395) Using 1 workers of 1 for evacuation
[72.894s][info][gc,phases      ] GC(395)   Pre Evacuate Collection Set: 0.0ms
[72.894s][info][gc,phases      ] GC(395)   Evacuate Collection Set: 3.0ms
[72.894s][info][gc,phases      ] GC(395)   Post Evacuate Collection Set: 0.3ms
[72.894s][info][gc,phases      ] GC(395)   Other: 0.3ms
[72.894s][info][gc,heap        ] GC(395) Eden regions: 208->0(208)
[72.894s][info][gc,heap        ] GC(395) Survivor regions: 1->1(27)
[72.894s][info][gc,heap        ] GC(395) Old regions: 39->39
[72.894s][info][gc,heap        ] GC(395) Humongous regions: 6->6
[72.894s][info][gc,metaspace   ] GC(395) Metaspace: 70647K->70647K(1114112K)
[72.894s][info][gc             ] GC(395) Pause Young (Normal) (G1 Evacuation Pause) 251M->43M(349M) 3.663ms
[72.894s][info][gc,cpu         ] GC(395) User=0.00s Sys=0.00s Real=0.00s
[73.000s][info][gc,start       ] GC(396) Pause Young (Normal) (G1 Evacuation Pause)
[73.000s][info][gc,task        ] GC(396) Using 1 workers of 1 for evacuation
[73.004s][info][gc,phases      ] GC(396)   Pre Evacuate Collection Set: 0.0ms
[73.004s][info][gc,phases      ] GC(396)   Evacuate Collection Set: 2.9ms
[73.004s][info][gc,phases      ] GC(396)   Post Evacuate Collection Set: 0.3ms
[73.004s][info][gc,phases      ] GC(396)   Other: 0.3ms
[73.004s][info][gc,heap        ] GC(396) Eden regions: 208->0(208)
[73.004s][info][gc,heap        ] GC(396) Survivor regions: 1->1(27)
[73.004s][info][gc,heap        ] GC(396) Old regions: 39->39
[73.004s][info][gc,heap        ] GC(396) Humongous regions: 6->6
[73.004s][info][gc,metaspace   ] GC(396) Metaspace: 70647K->70647K(1114112K)
[73.004s][info][gc             ] GC(396) Pause Young (Normal) (G1 Evacuation Pause) 251M->43M(349M) 3.585ms
[73.004s][info][gc,cpu         ] GC(396) User=0.00s Sys=0.00s Real=0.00s
[73.127s][info][gc,start       ] GC(397) Pause Young (Normal) (G1 Evacuation Pause)
[73.127s][info][gc,task        ] GC(397) Using 1 workers of 1 for evacuation
[73.131s][info][gc,phases      ] GC(397)   Pre Evacuate Collection Set: 0.0ms
[73.131s][info][gc,phases      ] GC(397)   Evacuate Collection Set: 2.8ms
[73.131s][info][gc,phases      ] GC(397)   Post Evacuate Collection Set: 0.3ms
[73.131s][info][gc,phases      ] GC(397)   Other: 0.3ms
[73.131s][info][gc,heap        ] GC(397) Eden regions: 208->0(208)
[73.131s][info][gc,heap        ] GC(397) Survivor regions: 1->1(27)
[73.131s][info][gc,heap        ] GC(397) Old regions: 39->39
[73.131s][info][gc,heap        ] GC(397) Humongous regions: 6->6
[73.131s][info][gc,metaspace   ] GC(397) Metaspace: 70647K->70647K(1114112K)
[73.131s][info][gc             ] GC(397) Pause Young (Normal) (G1 Evacuation Pause) 251M->43M(349M) 3.462ms
[73.131s][info][gc,cpu         ] GC(397) User=0.00s Sys=0.01s Real=0.00s
[73.237s][info][gc,start       ] GC(398) Pause Young (Normal) (G1 Evacuation Pause)
[73.237s][info][gc,task        ] GC(398) Using 1 workers of 1 for evacuation
[73.240s][info][gc,phases      ] GC(398)   Pre Evacuate Collection Set: 0.0ms
[73.240s][info][gc,phases      ] GC(398)   Evacuate Collection Set: 2.9ms
[73.240s][info][gc,phases      ] GC(398)   Post Evacuate Collection Set: 0.3ms
[73.240s][info][gc,phases      ] GC(398)   Other: 0.3ms
[73.240s][info][gc,heap        ] GC(398) Eden regions: 208->0(208)
[73.240s][info][gc,heap        ] GC(398) Survivor regions: 1->1(27)
[73.240s][info][gc,heap        ] GC(398) Old regions: 39->39
[73.240s][info][gc,heap        ] GC(398) Humongous regions: 6->6
[73.240s][info][gc,metaspace   ] GC(398) Metaspace: 70647K->70647K(1114112K)
[73.240s][info][gc             ] GC(398) Pause Young (Normal) (G1 Evacuation Pause) 251M->43M(349M) 3.633ms
[73.240s][info][gc,cpu         ] GC(398) User=0.01s Sys=0.00s Real=0.01s
[73.348s][info][gc,start       ] GC(399) Pause Young (Normal) (G1 Evacuation Pause)
[73.348s][info][gc,task        ] GC(399) Using 1 workers of 1 for evacuation
[73.351s][info][gc,phases      ] GC(399)   Pre Evacuate Collection Set: 0.0ms
[73.351s][info][gc,phases      ] GC(399)   Evacuate Collection Set: 2.9ms
[73.351s][info][gc,phases      ] GC(399)   Post Evacuate Collection Set: 0.3ms
[73.351s][info][gc,phases      ] GC(399)   Other: 0.3ms
[73.351s][info][gc,heap        ] GC(399) Eden regions: 208->0(208)
[73.351s][info][gc,heap        ] GC(399) Survivor regions: 1->1(27)
[73.351s][info][gc,heap        ] GC(399) Old regions: 39->39
[73.351s][info][gc,heap        ] GC(399) Humongous regions: 6->6
[73.351s][info][gc,metaspace   ] GC(399) Metaspace: 70647K->70647K(1114112K)
[73.351s][info][gc             ] GC(399) Pause Young (Normal) (G1 Evacuation Pause) 251M->43M(349M) 3.625ms
[73.351s][info][gc,cpu         ] GC(399) User=0.00s Sys=0.00s Real=0.00s
[73.478s][info][gc,start       ] GC(400) Pause Young (Normal) (G1 Evacuation Pause)
[73.478s][info][gc,task        ] GC(400) Using 1 workers of 1 for evacuation
[73.481s][info][gc,phases      ] GC(400)   Pre Evacuate Collection Set: 0.0ms
[73.482s][info][gc,phases      ] GC(400)   Evacuate Collection Set: 2.8ms
[73.482s][info][gc,phases      ] GC(400)   Post Evacuate Collection Set: 0.3ms
[73.482s][info][gc,phases      ] GC(400)   Other: 0.3ms
[73.482s][info][gc,heap        ] GC(400) Eden regions: 208->0(208)
[73.482s][info][gc,heap        ] GC(400) Survivor regions: 1->1(27)
[73.482s][info][gc,heap        ] GC(400) Old regions: 39->39
[73.482s][info][gc,heap        ] GC(400) Humongous regions: 6->6
[73.482s][info][gc,metaspace   ] GC(400) Metaspace: 70647K->70647K(1114112K)
[73.482s][info][gc             ] GC(400) Pause Young (Normal) (G1 Evacuation Pause) 251M->43M(349M) 3.545ms
[73.482s][info][gc,cpu         ] GC(400) User=0.00s Sys=0.00s Real=0.01s
[74.312s][info][gc,start       ] GC(401) Pause Young (Normal) (G1 Evacuation Pause)
[74.312s][info][gc,task        ] GC(401) Using 1 workers of 1 for evacuation
[74.323s][info][gc,phases      ] GC(401)   Pre Evacuate Collection Set: 0.0ms
[74.323s][info][gc,phases      ] GC(401)   Evacuate Collection Set: 10.7ms
[74.323s][info][gc,phases      ] GC(401)   Post Evacuate Collection Set: 0.4ms
[74.323s][info][gc,phases      ] GC(401)   Other: 0.4ms
[74.323s][info][gc,heap        ] GC(401) Eden regions: 208->0(205)
[74.323s][info][gc,heap        ] GC(401) Survivor regions: 1->4(27)
[74.323s][info][gc,heap        ] GC(401) Old regions: 39->39
[74.323s][info][gc,heap        ] GC(401) Humongous regions: 41->6
[74.323s][info][gc,metaspace   ] GC(401) Metaspace: 71140K->71140K(1114112K)
[74.323s][info][gc             ] GC(401) Pause Young (Normal) (G1 Evacuation Pause) 286M->46M(349M) 11.654ms
[74.323s][info][gc,cpu         ] GC(401) User=0.01s Sys=0.00s Real=0.01s
[74.719s][info][gc,start       ] GC(402) Pause Young (Normal) (G1 Evacuation Pause)
[74.719s][info][gc,task        ] GC(402) Using 1 workers of 1 for evacuation
[74.732s][info][gc,phases      ] GC(402)   Pre Evacuate Collection Set: 0.0ms
[74.732s][info][gc,phases      ] GC(402)   Evacuate Collection Set: 12.4ms
[74.732s][info][gc,phases      ] GC(402)   Post Evacuate Collection Set: 0.3ms
[74.732s][info][gc,phases      ] GC(402)   Other: 0.4ms
[74.732s][info][gc,heap        ] GC(402) Eden regions: 205->0(205)
[74.732s][info][gc,heap        ] GC(402) Survivor regions: 4->4(27)
[74.733s][info][gc,heap        ] GC(402) Old regions: 39->39
[74.733s][info][gc,heap        ] GC(402) Humongous regions: 6->6
[74.733s][info][gc,metaspace   ] GC(402) Metaspace: 71211K->71211K(1114112K)
[74.733s][info][gc             ] GC(402) Pause Young (Normal) (G1 Evacuation Pause) 251M->46M(349M) 13.195ms
[74.733s][info][gc,cpu         ] GC(402) User=0.01s Sys=0.00s Real=0.01s
[75.065s][info][gc,start       ] GC(403) Pause Young (Normal) (G1 Evacuation Pause)
[75.066s][info][gc,task        ] GC(403) Using 1 workers of 1 for evacuation
[75.091s][info][gc,phases      ] GC(403)   Pre Evacuate Collection Set: 0.0ms
[75.091s][info][gc,phases      ] GC(403)   Evacuate Collection Set: 23.3ms
[75.091s][info][gc,phases      ] GC(403)   Post Evacuate Collection Set: 1.0ms
[75.091s][info][gc,phases      ] GC(403)   Other: 0.8ms
[75.091s][info][gc,heap        ] GC(403) Eden regions: 205->0(205)
[75.091s][info][gc,heap        ] GC(403) Survivor regions: 4->4(27)
[75.091s][info][gc,heap        ] GC(403) Old regions: 39->39
[75.091s][info][gc,heap        ] GC(403) Humongous regions: 6->6
[75.091s][info][gc,metaspace   ] GC(403) Metaspace: 71211K->71211K(1114112K)
[75.091s][info][gc             ] GC(403) Pause Young (Normal) (G1 Evacuation Pause) 251M->46M(349M) 25.430ms
[75.091s][info][gc,cpu         ] GC(403) User=0.03s Sys=0.00s Real=0.03s
[75.332s][info][gc,start       ] GC(404) Pause Young (Normal) (G1 Evacuation Pause)
[75.332s][info][gc,task        ] GC(404) Using 1 workers of 1 for evacuation
[75.345s][info][gc,phases      ] GC(404)   Pre Evacuate Collection Set: 0.0ms
[75.345s][info][gc,phases      ] GC(404)   Evacuate Collection Set: 12.1ms
[75.345s][info][gc,phases      ] GC(404)   Post Evacuate Collection Set: 0.7ms
[75.345s][info][gc,phases      ] GC(404)   Other: 0.4ms
[75.345s][info][gc,heap        ] GC(404) Eden regions: 205->0(205)
[75.345s][info][gc,heap        ] GC(404) Survivor regions: 4->4(27)
[75.345s][info][gc,heap        ] GC(404) Old regions: 39->39
[75.345s][info][gc,heap        ] GC(404) Humongous regions: 6->6
[75.345s][info][gc,metaspace   ] GC(404) Metaspace: 71211K->71211K(1114112K)
[75.345s][info][gc             ] GC(404) Pause Young (Normal) (G1 Evacuation Pause) 251M->46M(349M) 13.364ms
[75.346s][info][gc,cpu         ] GC(404) User=0.01s Sys=0.00s Real=0.01s
[75.577s][info][gc,start       ] GC(405) Pause Young (Normal) (G1 Evacuation Pause)
[75.577s][info][gc,task        ] GC(405) Using 1 workers of 1 for evacuation
[75.586s][info][gc,phases      ] GC(405)   Pre Evacuate Collection Set: 0.0ms
[75.586s][info][gc,phases      ] GC(405)   Evacuate Collection Set: 8.3ms
[75.586s][info][gc,phases      ] GC(405)   Post Evacuate Collection Set: 0.7ms
[75.586s][info][gc,phases      ] GC(405)   Other: 0.3ms
[75.586s][info][gc,heap        ] GC(405) Eden regions: 205->0(238)
[75.586s][info][gc,heap        ] GC(405) Survivor regions: 4->4(27)
[75.586s][info][gc,heap        ] GC(405) Old regions: 39->39
[75.586s][info][gc,heap        ] GC(405) Humongous regions: 6->6
[75.586s][info][gc,metaspace   ] GC(405) Metaspace: 71211K->71211K(1114112K)
[75.586s][info][gc             ] GC(405) Pause Young (Normal) (G1 Evacuation Pause) 251M->46M(404M) 9.353ms
[75.586s][info][gc,cpu         ] GC(405) User=0.01s Sys=0.00s Real=0.01s
[76.620s][info][gc,start       ] GC(406) Pause Young (Normal) (G1 Evacuation Pause)
[76.620s][info][gc,task        ] GC(406) Using 1 workers of 1 for evacuation
[76.627s][info][gc,phases      ] GC(406)   Pre Evacuate Collection Set: 0.0ms
[76.627s][info][gc,phases      ] GC(406)   Evacuate Collection Set: 6.1ms
[76.627s][info][gc,phases      ] GC(406)   Post Evacuate Collection Set: 0.5ms
[76.627s][info][gc,phases      ] GC(406)   Other: 0.6ms
[76.627s][info][gc,heap        ] GC(406) Eden regions: 238->0(238)
[76.627s][info][gc,heap        ] GC(406) Survivor regions: 4->4(31)
[76.627s][info][gc,heap        ] GC(406) Old regions: 39->39
[76.627s][info][gc,heap        ] GC(406) Humongous regions: 61->6
[76.627s][info][gc,metaspace   ] GC(406) Metaspace: 71338K->71338K(1114112K)
[76.627s][info][gc             ] GC(406) Pause Young (Normal) (G1 Evacuation Pause) 339M->46M(404M) 7.337ms
[76.627s][info][gc,cpu         ] GC(406) User=0.00s Sys=0.00s Real=0.01s
[77.013s][info][gc,start       ] GC(407) Pause Young (Normal) (G1 Evacuation Pause)
[77.014s][info][gc,task        ] GC(407) Using 1 workers of 1 for evacuation
[77.020s][info][gc,phases      ] GC(407)   Pre Evacuate Collection Set: 0.0ms
[77.020s][info][gc,phases      ] GC(407)   Evacuate Collection Set: 5.7ms
[77.020s][info][gc,phases      ] GC(407)   Post Evacuate Collection Set: 0.4ms
[77.020s][info][gc,phases      ] GC(407)   Other: 0.4ms
[77.020s][info][gc,heap        ] GC(407) Eden regions: 238->0(238)
[77.020s][info][gc,heap        ] GC(407) Survivor regions: 4->4(31)
[77.020s][info][gc,heap        ] GC(407) Old regions: 39->40
[77.020s][info][gc,heap        ] GC(407) Humongous regions: 11->6
[77.020s][info][gc,metaspace   ] GC(407) Metaspace: 71366K->71366K(1114112K)
[77.020s][info][gc             ] GC(407) Pause Young (Normal) (G1 Evacuation Pause) 289M->47M(404M) 6.681ms
[77.020s][info][gc,cpu         ] GC(407) User=0.01s Sys=0.00s Real=0.01s
[77.316s][info][gc,start       ] GC(408) Pause Young (Normal) (G1 Evacuation Pause)
[77.316s][info][gc,task        ] GC(408) Using 1 workers of 1 for evacuation
[77.323s][info][gc,phases      ] GC(408)   Pre Evacuate Collection Set: 0.0ms
[77.323s][info][gc,phases      ] GC(408)   Evacuate Collection Set: 5.7ms
[77.323s][info][gc,phases      ] GC(408)   Post Evacuate Collection Set: 0.9ms
[77.323s][info][gc,phases      ] GC(408)   Other: 0.4ms
[77.323s][info][gc,heap        ] GC(408) Eden regions: 238->0(238)
[77.323s][info][gc,heap        ] GC(408) Survivor regions: 4->4(31)
[77.323s][info][gc,heap        ] GC(408) Old regions: 40->40
[77.323s][info][gc,heap        ] GC(408) Humongous regions: 6->6
[77.323s][info][gc,metaspace   ] GC(408) Metaspace: 71367K->71367K(1114112K)
[77.323s][info][gc             ] GC(408) Pause Young (Normal) (G1 Evacuation Pause) 285M->46M(404M) 7.151ms
[77.323s][info][gc,cpu         ] GC(408) User=0.00s Sys=0.00s Real=0.01s
[77.480s][info][gc,start       ] GC(409) Pause Young (Normal) (G1 Evacuation Pause)
[77.480s][info][gc,task        ] GC(409) Using 1 workers of 1 for evacuation
[77.486s][info][gc,phases      ] GC(409)   Pre Evacuate Collection Set: 0.0ms
[77.486s][info][gc,phases      ] GC(409)   Evacuate Collection Set: 5.3ms
[77.486s][info][gc,phases      ] GC(409)   Post Evacuate Collection Set: 0.4ms
[77.486s][info][gc,phases      ] GC(409)   Other: 0.3ms
[77.486s][info][gc,heap        ] GC(409) Eden regions: 238->0(238)
[77.486s][info][gc,heap        ] GC(409) Survivor regions: 4->4(31)
[77.486s][info][gc,heap        ] GC(409) Old regions: 40->40
[77.486s][info][gc,heap        ] GC(409) Humongous regions: 6->6
[77.486s][info][gc,metaspace   ] GC(409) Metaspace: 71367K->71367K(1114112K)
[77.486s][info][gc             ] GC(409) Pause Young (Normal) (G1 Evacuation Pause) 284M->46M(404M) 6.091ms
[77.486s][info][gc,cpu         ] GC(409) User=0.01s Sys=0.00s Real=0.00s
[77.621s][info][gc,start       ] GC(410) Pause Young (Normal) (G1 Evacuation Pause)
[77.621s][info][gc,task        ] GC(410) Using 1 workers of 1 for evacuation
[77.627s][info][gc,phases      ] GC(410)   Pre Evacuate Collection Set: 0.0ms
[77.627s][info][gc,phases      ] GC(410)   Evacuate Collection Set: 5.7ms
[77.627s][info][gc,phases      ] GC(410)   Post Evacuate Collection Set: 0.4ms
[77.627s][info][gc,phases      ] GC(410)   Other: 0.4ms
[77.627s][info][gc,heap        ] GC(410) Eden regions: 238->0(238)
[77.627s][info][gc,heap        ] GC(410) Survivor regions: 4->4(31)
[77.627s][info][gc,heap        ] GC(410) Old regions: 40->40
[77.627s][info][gc,heap        ] GC(410) Humongous regions: 6->6
[77.627s][info][gc,metaspace   ] GC(410) Metaspace: 71367K->71367K(1114112K)
[77.627s][info][gc             ] GC(410) Pause Young (Normal) (G1 Evacuation Pause) 284M->46M(404M) 6.518ms
[77.627s][info][gc,cpu         ] GC(410) User=0.01s Sys=0.00s Real=0.01s
[77.745s][info][gc,start       ] GC(411) Pause Young (Normal) (G1 Evacuation Pause)
[77.745s][info][gc,task        ] GC(411) Using 1 workers of 1 for evacuation
[77.751s][info][gc,phases      ] GC(411)   Pre Evacuate Collection Set: 0.0ms
[77.751s][info][gc,phases      ] GC(411)   Evacuate Collection Set: 5.7ms
[77.751s][info][gc,phases      ] GC(411)   Post Evacuate Collection Set: 0.4ms
[77.751s][info][gc,phases      ] GC(411)   Other: 0.3ms
[77.751s][info][gc,heap        ] GC(411) Eden regions: 238->0(238)
[77.751s][info][gc,heap        ] GC(411) Survivor regions: 4->4(31)
[77.751s][info][gc,heap        ] GC(411) Old regions: 40->40
[77.751s][info][gc,heap        ] GC(411) Humongous regions: 6->6
[77.751s][info][gc,metaspace   ] GC(411) Metaspace: 71367K->71367K(1114112K)
[77.751s][info][gc             ] GC(411) Pause Young (Normal) (G1 Evacuation Pause) 284M->46M(404M) 6.505ms
[77.751s][info][gc,cpu         ] GC(411) User=0.01s Sys=0.00s Real=0.01s
[77.892s][info][gc,start       ] GC(412) Pause Young (Normal) (G1 Evacuation Pause)
[77.892s][info][gc,task        ] GC(412) Using 1 workers of 1 for evacuation
[77.898s][info][gc,phases      ] GC(412)   Pre Evacuate Collection Set: 0.0ms
[77.898s][info][gc,phases      ] GC(412)   Evacuate Collection Set: 5.5ms
[77.898s][info][gc,phases      ] GC(412)   Post Evacuate Collection Set: 0.4ms
[77.898s][info][gc,phases      ] GC(412)   Other: 0.3ms
[77.898s][info][gc,heap        ] GC(412) Eden regions: 238->0(238)
[77.898s][info][gc,heap        ] GC(412) Survivor regions: 4->4(31)
[77.898s][info][gc,heap        ] GC(412) Old regions: 40->40
[77.898s][info][gc,heap        ] GC(412) Humongous regions: 6->6
[77.898s][info][gc,metaspace   ] GC(412) Metaspace: 71367K->71367K(1114112K)
[77.898s][info][gc             ] GC(412) Pause Young (Normal) (G1 Evacuation Pause) 284M->47M(404M) 6.310ms
[77.898s][info][gc,cpu         ] GC(412) User=0.01s Sys=0.00s Real=0.00s
[78.030s][info][gc,start       ] GC(413) Pause Young (Normal) (G1 Evacuation Pause)
[78.030s][info][gc,task        ] GC(413) Using 1 workers of 1 for evacuation
[78.036s][info][gc,phases      ] GC(413)   Pre Evacuate Collection Set: 0.0ms
[78.037s][info][gc,phases      ] GC(413)   Evacuate Collection Set: 5.8ms
[78.037s][info][gc,phases      ] GC(413)   Post Evacuate Collection Set: 0.4ms
[78.037s][info][gc,phases      ] GC(413)   Other: 0.4ms
[78.037s][info][gc,heap        ] GC(413) Eden regions: 238->0(237)
[78.037s][info][gc,heap        ] GC(413) Survivor regions: 4->5(31)
[78.037s][info][gc,heap        ] GC(413) Old regions: 40->40
[78.037s][info][gc,heap        ] GC(413) Humongous regions: 6->6
[78.037s][info][gc,metaspace   ] GC(413) Metaspace: 71367K->71367K(1114112K)
[78.037s][info][gc             ] GC(413) Pause Young (Normal) (G1 Evacuation Pause) 285M->47M(404M) 6.634ms
[78.037s][info][gc,cpu         ] GC(413) User=0.01s Sys=0.00s Real=0.00s
[78.335s][info][gc,start       ] GC(414) Pause Young (Normal) (G1 Evacuation Pause)
[78.335s][info][gc,task        ] GC(414) Using 1 workers of 1 for evacuation
[78.342s][info][gc,phases      ] GC(414)   Pre Evacuate Collection Set: 0.0ms
[78.342s][info][gc,phases      ] GC(414)   Evacuate Collection Set: 6.1ms
[78.342s][info][gc,phases      ] GC(414)   Post Evacuate Collection Set: 0.4ms
[78.342s][info][gc,phases      ] GC(414)   Other: 0.5ms
[78.342s][info][gc,heap        ] GC(414) Eden regions: 237->0(237)
[78.342s][info][gc,heap        ] GC(414) Survivor regions: 5->5(31)
[78.342s][info][gc,heap        ] GC(414) Old regions: 40->40
[78.342s][info][gc,heap        ] GC(414) Humongous regions: 21->6
[78.342s][info][gc,metaspace   ] GC(414) Metaspace: 71373K->71373K(1114112K)
[78.342s][info][gc             ] GC(414) Pause Young (Normal) (G1 Evacuation Pause) 299M->47M(404M) 7.071ms
[78.342s][info][gc,cpu         ] GC(414) User=0.01s Sys=0.00s Real=0.01s
[78.919s][info][gc,start       ] GC(415) Pause Young (Normal) (G1 Evacuation Pause)
[78.920s][info][gc,task        ] GC(415) Using 1 workers of 1 for evacuation
[78.932s][info][gc,phases      ] GC(415)   Pre Evacuate Collection Set: 0.0ms
[78.932s][info][gc,phases      ] GC(415)   Evacuate Collection Set: 11.3ms
[78.932s][info][gc,phases      ] GC(415)   Post Evacuate Collection Set: 0.4ms
[78.932s][info][gc,phases      ] GC(415)   Other: 1.1ms
[78.932s][info][gc,heap        ] GC(415) Eden regions: 237->0(236)
[78.932s][info][gc,heap        ] GC(415) Survivor regions: 5->6(31)
[78.932s][info][gc,heap        ] GC(415) Old regions: 40->40
[78.932s][info][gc,heap        ] GC(415) Humongous regions: 16->6
[78.932s][info][gc,metaspace   ] GC(415) Metaspace: 71430K->71430K(1114112K)
[78.932s][info][gc             ] GC(415) Pause Young (Normal) (G1 Evacuation Pause) 294M->48M(404M) 12.815ms
[78.932s][info][gc,cpu         ] GC(415) User=0.02s Sys=0.00s Real=0.01s
[79.195s][info][gc,start       ] GC(416) Pause Young (Normal) (G1 Evacuation Pause)
[79.196s][info][gc,task        ] GC(416) Using 1 workers of 1 for evacuation
[79.204s][info][gc,phases      ] GC(416)   Pre Evacuate Collection Set: 0.0ms
[79.204s][info][gc,phases      ] GC(416)   Evacuate Collection Set: 7.9ms
[79.204s][info][gc,phases      ] GC(416)   Post Evacuate Collection Set: 0.5ms
[79.204s][info][gc,phases      ] GC(416)   Other: 0.6ms
[79.204s][info][gc,heap        ] GC(416) Eden regions: 236->0(238)
[79.204s][info][gc,heap        ] GC(416) Survivor regions: 6->4(31)
[79.204s][info][gc,heap        ] GC(416) Old regions: 40->41
[79.204s][info][gc,heap        ] GC(416) Humongous regions: 6->6
[79.204s][info][gc,metaspace   ] GC(416) Metaspace: 71431K->71431K(1114112K)
[79.204s][info][gc             ] GC(416) Pause Young (Normal) (G1 Evacuation Pause) 284M->48M(404M) 9.031ms
[79.204s][info][gc,cpu         ] GC(416) User=0.01s Sys=0.00s Real=0.01s
[79.394s][info][gc,start       ] GC(417) Pause Young (Normal) (G1 Evacuation Pause)
[79.394s][info][gc,task        ] GC(417) Using 1 workers of 1 for evacuation
[79.399s][info][gc,phases      ] GC(417)   Pre Evacuate Collection Set: 0.0ms
[79.399s][info][gc,phases      ] GC(417)   Evacuate Collection Set: 4.6ms
[79.399s][info][gc,phases      ] GC(417)   Post Evacuate Collection Set: 0.4ms
[79.399s][info][gc,phases      ] GC(417)   Other: 0.3ms
[79.399s][info][gc,heap        ] GC(417) Eden regions: 238->0(238)
[79.399s][info][gc,heap        ] GC(417) Survivor regions: 4->4(31)
[79.399s][info][gc,heap        ] GC(417) Old regions: 41->41
[79.399s][info][gc,heap        ] GC(417) Humongous regions: 6->6
[79.399s][info][gc,metaspace   ] GC(417) Metaspace: 71431K->71431K(1114112K)
[79.399s][info][gc             ] GC(417) Pause Young (Normal) (G1 Evacuation Pause) 286M->48M(404M) 5.405ms
[79.399s][info][gc,cpu         ] GC(417) User=0.00s Sys=0.00s Real=0.01s
[79.527s][info][gc,start       ] GC(418) Pause Young (Normal) (G1 Evacuation Pause)
[79.527s][info][gc,task        ] GC(418) Using 1 workers of 1 for evacuation
[79.532s][info][gc,phases      ] GC(418)   Pre Evacuate Collection Set: 0.0ms
[79.532s][info][gc,phases      ] GC(418)   Evacuate Collection Set: 4.3ms
[79.532s][info][gc,phases      ] GC(418)   Post Evacuate Collection Set: 0.4ms
[79.532s][info][gc,phases      ] GC(418)   Other: 0.3ms
[79.532s][info][gc,heap        ] GC(418) Eden regions: 238->0(238)
[79.532s][info][gc,heap        ] GC(418) Survivor regions: 4->4(31)
[79.532s][info][gc,heap        ] GC(418) Old regions: 41->41
[79.532s][info][gc,heap        ] GC(418) Humongous regions: 6->6
[79.532s][info][gc,metaspace   ] GC(418) Metaspace: 71431K->71431K(1114112K)
[79.532s][info][gc             ] GC(418) Pause Young (Normal) (G1 Evacuation Pause) 286M->48M(404M) 5.030ms
[79.532s][info][gc,cpu         ] GC(418) User=0.00s Sys=0.00s Real=0.00s
[79.659s][info][gc,start       ] GC(419) Pause Young (Normal) (G1 Evacuation Pause)
[79.659s][info][gc,task        ] GC(419) Using 1 workers of 1 for evacuation
[79.664s][info][gc,phases      ] GC(419)   Pre Evacuate Collection Set: 0.0ms
[79.665s][info][gc,phases      ] GC(419)   Evacuate Collection Set: 4.5ms
[79.665s][info][gc,phases      ] GC(419)   Post Evacuate Collection Set: 0.4ms
[79.665s][info][gc,phases      ] GC(419)   Other: 0.3ms
[79.665s][info][gc,heap        ] GC(419) Eden regions: 238->0(238)
[79.665s][info][gc,heap        ] GC(419) Survivor regions: 4->4(31)
[79.665s][info][gc,heap        ] GC(419) Old regions: 41->41
[79.665s][info][gc,heap        ] GC(419) Humongous regions: 6->6
[79.665s][info][gc,metaspace   ] GC(419) Metaspace: 71431K->71431K(1114112K)
[79.665s][info][gc             ] GC(419) Pause Young (Normal) (G1 Evacuation Pause) 286M->48M(404M) 5.297ms
[79.665s][info][gc,cpu         ] GC(419) User=0.00s Sys=0.00s Real=0.00s
[79.789s][info][gc,start       ] GC(420) Pause Young (Normal) (G1 Evacuation Pause)
[79.789s][info][gc,task        ] GC(420) Using 1 workers of 1 for evacuation
[79.794s][info][gc,phases      ] GC(420)   Pre Evacuate Collection Set: 0.0ms
[79.794s][info][gc,phases      ] GC(420)   Evacuate Collection Set: 4.3ms
[79.794s][info][gc,phases      ] GC(420)   Post Evacuate Collection Set: 0.4ms
[79.794s][info][gc,phases      ] GC(420)   Other: 0.3ms
[79.794s][info][gc,heap        ] GC(420) Eden regions: 238->0(238)
[79.794s][info][gc,heap        ] GC(420) Survivor regions: 4->4(31)
[79.794s][info][gc,heap        ] GC(420) Old regions: 41->41
[79.794s][info][gc,heap        ] GC(420) Humongous regions: 6->6
[79.794s][info][gc,metaspace   ] GC(420) Metaspace: 71431K->71431K(1114112K)
[79.794s][info][gc             ] GC(420) Pause Young (Normal) (G1 Evacuation Pause) 286M->48M(404M) 5.071ms
[79.794s][info][gc,cpu         ] GC(420) User=0.00s Sys=0.00s Real=0.00s
[80.018s][info][gc,start       ] GC(421) Pause Young (Normal) (G1 Evacuation Pause)
[80.018s][info][gc,task        ] GC(421) Using 1 workers of 1 for evacuation
[80.023s][info][gc,phases      ] GC(421)   Pre Evacuate Collection Set: 0.0ms
[80.023s][info][gc,phases      ] GC(421)   Evacuate Collection Set: 4.3ms
[80.023s][info][gc,phases      ] GC(421)   Post Evacuate Collection Set: 0.4ms
[80.023s][info][gc,phases      ] GC(421)   Other: 0.4ms
[80.023s][info][gc,heap        ] GC(421) Eden regions: 238->0(240)
[80.023s][info][gc,heap        ] GC(421) Survivor regions: 4->2(31)
[80.023s][info][gc,heap        ] GC(421) Old regions: 41->44
[80.023s][info][gc,heap        ] GC(421) Humongous regions: 6->6
[80.023s][info][gc,metaspace   ] GC(421) Metaspace: 71431K->71431K(1114112K)
[80.023s][info][gc             ] GC(421) Pause Young (Normal) (G1 Evacuation Pause) 286M->48M(404M) 5.220ms
[80.023s][info][gc,cpu         ] GC(421) User=0.01s Sys=0.00s Real=0.01s
[80.148s][info][gc,start       ] GC(422) Pause Young (Normal) (G1 Evacuation Pause)
[80.148s][info][gc,task        ] GC(422) Using 1 workers of 1 for evacuation
[80.153s][info][gc,phases      ] GC(422)   Pre Evacuate Collection Set: 0.1ms
[80.153s][info][gc,phases      ] GC(422)   Evacuate Collection Set: 4.2ms
[80.153s][info][gc,phases      ] GC(422)   Post Evacuate Collection Set: 0.4ms
[80.153s][info][gc,phases      ] GC(422)   Other: 0.6ms
[80.153s][info][gc,heap        ] GC(422) Eden regions: 240->0(240)
[80.153s][info][gc,heap        ] GC(422) Survivor regions: 2->2(31)
[80.153s][info][gc,heap        ] GC(422) Old regions: 44->44
[80.153s][info][gc,heap        ] GC(422) Humongous regions: 6->6
[80.153s][info][gc,metaspace   ] GC(422) Metaspace: 71431K->71431K(1114112K)
[80.153s][info][gc             ] GC(422) Pause Young (Normal) (G1 Evacuation Pause) 288M->48M(404M) 5.246ms
[80.153s][info][gc,cpu         ] GC(422) User=0.01s Sys=0.00s Real=0.00s
[80.366s][info][gc,start       ] GC(423) Pause Young (Normal) (G1 Evacuation Pause)
[80.366s][info][gc,task        ] GC(423) Using 1 workers of 1 for evacuation
[80.371s][info][gc,phases      ] GC(423)   Pre Evacuate Collection Set: 0.0ms
[80.371s][info][gc,phases      ] GC(423)   Evacuate Collection Set: 4.3ms
[80.371s][info][gc,phases      ] GC(423)   Post Evacuate Collection Set: 0.4ms
[80.371s][info][gc,phases      ] GC(423)   Other: 0.4ms
[80.371s][info][gc,heap        ] GC(423) Eden regions: 240->0(240)
[80.371s][info][gc,heap        ] GC(423) Survivor regions: 2->2(31)
[80.371s][info][gc,heap        ] GC(423) Old regions: 44->44
[80.371s][info][gc,heap        ] GC(423) Humongous regions: 6->6
[80.371s][info][gc,metaspace   ] GC(423) Metaspace: 71431K->71431K(1114112K)
[80.371s][info][gc             ] GC(423) Pause Young (Normal) (G1 Evacuation Pause) 288M->48M(404M) 5.191ms
[80.372s][info][gc,cpu         ] GC(423) User=0.01s Sys=0.00s Real=0.01s
[80.594s][info][gc,start       ] GC(424) Pause Young (Normal) (G1 Evacuation Pause)
[80.594s][info][gc,task        ] GC(424) Using 1 workers of 1 for evacuation
[80.599s][info][gc,phases      ] GC(424)   Pre Evacuate Collection Set: 0.0ms
[80.599s][info][gc,phases      ] GC(424)   Evacuate Collection Set: 4.7ms
[80.599s][info][gc,phases      ] GC(424)   Post Evacuate Collection Set: 0.5ms
[80.599s][info][gc,phases      ] GC(424)   Other: 0.5ms
[80.599s][info][gc,heap        ] GC(424) Eden regions: 240->0(240)
[80.599s][info][gc,heap        ] GC(424) Survivor regions: 2->2(31)
[80.599s][info][gc,heap        ] GC(424) Old regions: 44->44
[80.599s][info][gc,heap        ] GC(424) Humongous regions: 11->6
[80.599s][info][gc,metaspace   ] GC(424) Metaspace: 71444K->71444K(1114112K)
[80.599s][info][gc             ] GC(424) Pause Young (Normal) (G1 Evacuation Pause) 293M->48M(404M) 5.844ms
[80.600s][info][gc,cpu         ] GC(424) User=0.00s Sys=0.00s Real=0.01s
[80.737s][info][gc,start       ] GC(425) Pause Young (Normal) (G1 Evacuation Pause)
[80.737s][info][gc,task        ] GC(425) Using 1 workers of 1 for evacuation
[80.742s][info][gc,phases      ] GC(425)   Pre Evacuate Collection Set: 0.0ms
[80.742s][info][gc,phases      ] GC(425)   Evacuate Collection Set: 3.5ms
[80.742s][info][gc,phases      ] GC(425)   Post Evacuate Collection Set: 0.4ms
[80.742s][info][gc,phases      ] GC(425)   Other: 0.4ms
[80.742s][info][gc,heap        ] GC(425) Eden regions: 240->0(240)
[80.742s][info][gc,heap        ] GC(425) Survivor regions: 2->2(31)
[80.742s][info][gc,heap        ] GC(425) Old regions: 44->44
[80.742s][info][gc,heap        ] GC(425) Humongous regions: 6->6
[80.742s][info][gc,metaspace   ] GC(425) Metaspace: 71445K->71445K(1114112K)
[80.742s][info][gc             ] GC(425) Pause Young (Normal) (G1 Evacuation Pause) 288M->48M(404M) 4.302ms
[80.742s][info][gc,cpu         ] GC(425) User=0.01s Sys=0.00s Real=0.01s
[80.896s][info][gc,start       ] GC(426) Pause Young (Normal) (G1 Evacuation Pause)
[80.896s][info][gc,task        ] GC(426) Using 1 workers of 1 for evacuation
[80.900s][info][gc,phases      ] GC(426)   Pre Evacuate Collection Set: 0.0ms
[80.900s][info][gc,phases      ] GC(426)   Evacuate Collection Set: 3.2ms
[80.900s][info][gc,phases      ] GC(426)   Post Evacuate Collection Set: 0.4ms
[80.900s][info][gc,phases      ] GC(426)   Other: 0.3ms
[80.900s][info][gc,heap        ] GC(426) Eden regions: 240->0(240)
[80.900s][info][gc,heap        ] GC(426) Survivor regions: 2->2(31)
[80.900s][info][gc,heap        ] GC(426) Old regions: 44->44
[80.900s][info][gc,heap        ] GC(426) Humongous regions: 6->6
[80.900s][info][gc,metaspace   ] GC(426) Metaspace: 71445K->71445K(1114112K)
[80.900s][info][gc             ] GC(426) Pause Young (Normal) (G1 Evacuation Pause) 288M->48M(404M) 3.990ms
[80.900s][info][gc,cpu         ] GC(426) User=0.00s Sys=0.00s Real=0.01s
[81.099s][info][gc,start       ] GC(427) Pause Young (Normal) (G1 Evacuation Pause)
[81.099s][info][gc,task        ] GC(427) Using 1 workers of 1 for evacuation
[81.107s][info][gc,phases      ] GC(427)   Pre Evacuate Collection Set: 0.0ms
[81.107s][info][gc,phases      ] GC(427)   Evacuate Collection Set: 6.4ms
[81.107s][info][gc,phases      ] GC(427)   Post Evacuate Collection Set: 0.3ms
[81.107s][info][gc,phases      ] GC(427)   Other: 0.6ms
[81.107s][info][gc,heap        ] GC(427) Eden regions: 240->0(240)
[81.107s][info][gc,heap        ] GC(427) Survivor regions: 2->2(31)
[81.107s][info][gc,heap        ] GC(427) Old regions: 44->44
[81.107s][info][gc,heap        ] GC(427) Humongous regions: 6->6
[81.107s][info][gc,metaspace   ] GC(427) Metaspace: 71445K->71445K(1114112K)
[81.107s][info][gc             ] GC(427) Pause Young (Normal) (G1 Evacuation Pause) 288M->48M(404M) 7.444ms
[81.107s][info][gc,cpu         ] GC(427) User=0.01s Sys=0.00s Real=0.01s
[81.394s][info][gc,start       ] GC(428) Pause Young (Normal) (G1 Evacuation Pause)
[81.394s][info][gc,task        ] GC(428) Using 1 workers of 1 for evacuation
[81.398s][info][gc,phases      ] GC(428)   Pre Evacuate Collection Set: 0.0ms
[81.398s][info][gc,phases      ] GC(428)   Evacuate Collection Set: 3.2ms
[81.398s][info][gc,phases      ] GC(428)   Post Evacuate Collection Set: 0.4ms
[81.398s][info][gc,phases      ] GC(428)   Other: 0.4ms
[81.398s][info][gc,heap        ] GC(428) Eden regions: 240->0(240)
[81.398s][info][gc,heap        ] GC(428) Survivor regions: 2->2(31)
[81.398s][info][gc,heap        ] GC(428) Old regions: 44->44
[81.398s][info][gc,heap        ] GC(428) Humongous regions: 6->6
[81.398s][info][gc,metaspace   ] GC(428) Metaspace: 71445K->71445K(1114112K)
[81.398s][info][gc             ] GC(428) Pause Young (Normal) (G1 Evacuation Pause) 288M->48M(404M) 4.134ms
[81.398s][info][gc,cpu         ] GC(428) User=0.00s Sys=0.00s Real=0.00s
[81.567s][info][gc,start       ] GC(429) Pause Young (Normal) (G1 Evacuation Pause)
[81.567s][info][gc,task        ] GC(429) Using 1 workers of 1 for evacuation
[81.571s][info][gc,phases      ] GC(429)   Pre Evacuate Collection Set: 0.0ms
[81.571s][info][gc,phases      ] GC(429)   Evacuate Collection Set: 3.1ms
[81.571s][info][gc,phases      ] GC(429)   Post Evacuate Collection Set: 0.4ms
[81.571s][info][gc,phases      ] GC(429)   Other: 0.4ms
[81.571s][info][gc,heap        ] GC(429) Eden regions: 240->0(241)
[81.571s][info][gc,heap        ] GC(429) Survivor regions: 2->1(31)
[81.571s][info][gc,heap        ] GC(429) Old regions: 44->44
[81.571s][info][gc,heap        ] GC(429) Humongous regions: 6->6
[81.571s][info][gc,metaspace   ] GC(429) Metaspace: 71446K->71446K(1114112K)
[81.571s][info][gc             ] GC(429) Pause Young (Normal) (G1 Evacuation Pause) 288M->48M(404M) 3.965ms
[81.571s][info][gc,cpu         ] GC(429) User=0.00s Sys=0.00s Real=0.00s
[81.768s][info][gc,start       ] GC(430) Pause Young (Normal) (G1 Evacuation Pause)
[81.768s][info][gc,task        ] GC(430) Using 1 workers of 1 for evacuation
[81.772s][info][gc,phases      ] GC(430)   Pre Evacuate Collection Set: 0.0ms
[81.772s][info][gc,phases      ] GC(430)   Evacuate Collection Set: 3.1ms
[81.772s][info][gc,phases      ] GC(430)   Post Evacuate Collection Set: 0.4ms
[81.772s][info][gc,phases      ] GC(430)   Other: 0.4ms
[81.772s][info][gc,heap        ] GC(430) Eden regions: 241->0(241)
[81.772s][info][gc,heap        ] GC(430) Survivor regions: 1->1(31)
[81.772s][info][gc,heap        ] GC(430) Old regions: 44->45
[81.772s][info][gc,heap        ] GC(430) Humongous regions: 6->6
[81.772s][info][gc,metaspace   ] GC(430) Metaspace: 71446K->71446K(1114112K)
[81.772s][info][gc             ] GC(430) Pause Young (Normal) (G1 Evacuation Pause) 289M->48M(404M) 4.016ms
[81.772s][info][gc,cpu         ] GC(430) User=0.00s Sys=0.00s Real=0.00s
[81.971s][info][gc,start       ] GC(431) Pause Young (Normal) (G1 Evacuation Pause)
[81.971s][info][gc,task        ] GC(431) Using 1 workers of 1 for evacuation
[81.975s][info][gc,phases      ] GC(431)   Pre Evacuate Collection Set: 0.0ms
[81.975s][info][gc,phases      ] GC(431)   Evacuate Collection Set: 2.7ms
[81.975s][info][gc,phases      ] GC(431)   Post Evacuate Collection Set: 0.5ms
[81.975s][info][gc,phases      ] GC(431)   Other: 0.4ms
[81.975s][info][gc,heap        ] GC(431) Eden regions: 241->0(241)
[81.975s][info][gc,heap        ] GC(431) Survivor regions: 1->1(31)
[81.975s][info][gc,heap        ] GC(431) Old regions: 45->45
[81.975s][info][gc,heap        ] GC(431) Humongous regions: 11->6
[81.975s][info][gc,metaspace   ] GC(431) Metaspace: 71452K->71452K(1114112K)
[81.975s][info][gc             ] GC(431) Pause Young (Normal) (G1 Evacuation Pause) 294M->48M(404M) 3.573ms
[81.975s][info][gc,cpu         ] GC(431) User=0.00s Sys=0.00s Real=0.00s
[82.187s][info][gc,start       ] GC(432) Pause Young (Normal) (G1 Evacuation Pause)
[82.188s][info][gc,task        ] GC(432) Using 1 workers of 1 for evacuation
[82.191s][info][gc,phases      ] GC(432)   Pre Evacuate Collection Set: 0.0ms
[82.191s][info][gc,phases      ] GC(432)   Evacuate Collection Set: 2.6ms
[82.191s][info][gc,phases      ] GC(432)   Post Evacuate Collection Set: 0.4ms
[82.191s][info][gc,phases      ] GC(432)   Other: 0.4ms
[82.191s][info][gc,heap        ] GC(432) Eden regions: 241->0(241)
[82.191s][info][gc,heap        ] GC(432) Survivor regions: 1->1(31)
[82.191s][info][gc,heap        ] GC(432) Old regions: 45->45
[82.191s][info][gc,heap        ] GC(432) Humongous regions: 6->6
[82.191s][info][gc,metaspace   ] GC(432) Metaspace: 71452K->71452K(1114112K)
[82.191s][info][gc             ] GC(432) Pause Young (Normal) (G1 Evacuation Pause) 289M->49M(404M) 3.460ms
[82.191s][info][gc,cpu         ] GC(432) User=0.01s Sys=0.00s Real=0.00s
[82.357s][info][gc,start       ] GC(433) Pause Young (Normal) (G1 Evacuation Pause)
[82.358s][info][gc,task        ] GC(433) Using 1 workers of 1 for evacuation
[82.364s][info][gc,phases      ] GC(433)   Pre Evacuate Collection Set: 0.0ms
[82.364s][info][gc,phases      ] GC(433)   Evacuate Collection Set: 5.4ms
[82.364s][info][gc,phases      ] GC(433)   Post Evacuate Collection Set: 0.7ms
[82.364s][info][gc,phases      ] GC(433)   Other: 0.7ms
[82.364s][info][gc,heap        ] GC(433) Eden regions: 241->0(241)
[82.364s][info][gc,heap        ] GC(433) Survivor regions: 1->1(31)
[82.364s][info][gc,heap        ] GC(433) Old regions: 45->45
[82.364s][info][gc,heap        ] GC(433) Humongous regions: 6->6
[82.364s][info][gc,metaspace   ] GC(433) Metaspace: 71452K->71452K(1114112K)
[82.364s][info][gc             ] GC(433) Pause Young (Normal) (G1 Evacuation Pause) 290M->49M(404M) 6.909ms
[82.364s][info][gc,cpu         ] GC(433) User=0.01s Sys=0.00s Real=0.01s
[82.503s][info][gc,start       ] GC(434) Pause Young (Normal) (G1 Evacuation Pause)
[82.503s][info][gc,task        ] GC(434) Using 1 workers of 1 for evacuation
[82.506s][info][gc,phases      ] GC(434)   Pre Evacuate Collection Set: 0.0ms
[82.506s][info][gc,phases      ] GC(434)   Evacuate Collection Set: 2.5ms
[82.506s][info][gc,phases      ] GC(434)   Post Evacuate Collection Set: 0.4ms
[82.506s][info][gc,phases      ] GC(434)   Other: 0.3ms
[82.506s][info][gc,heap        ] GC(434) Eden regions: 241->0(241)
[82.506s][info][gc,heap        ] GC(434) Survivor regions: 1->1(31)
[82.506s][info][gc,heap        ] GC(434) Old regions: 45->45
[82.506s][info][gc,heap        ] GC(434) Humongous regions: 6->6
[82.506s][info][gc,metaspace   ] GC(434) Metaspace: 71452K->71452K(1114112K)
[82.506s][info][gc             ] GC(434) Pause Young (Normal) (G1 Evacuation Pause) 290M->48M(404M) 3.264ms
[82.506s][info][gc,cpu         ] GC(434) User=0.00s Sys=0.00s Real=0.01s
[82.631s][info][gc,start       ] GC(435) Pause Young (Normal) (G1 Evacuation Pause)
[82.631s][info][gc,task        ] GC(435) Using 1 workers of 1 for evacuation
[82.634s][info][gc,phases      ] GC(435)   Pre Evacuate Collection Set: 0.0ms
[82.634s][info][gc,phases      ] GC(435)   Evacuate Collection Set: 2.6ms
[82.634s][info][gc,phases      ] GC(435)   Post Evacuate Collection Set: 0.3ms
[82.634s][info][gc,phases      ] GC(435)   Other: 0.3ms
[82.634s][info][gc,heap        ] GC(435) Eden regions: 241->0(241)
[82.634s][info][gc,heap        ] GC(435) Survivor regions: 1->1(31)
[82.634s][info][gc,heap        ] GC(435) Old regions: 45->45
[82.634s][info][gc,heap        ] GC(435) Humongous regions: 6->6
[82.634s][info][gc,metaspace   ] GC(435) Metaspace: 71452K->71452K(1114112K)
[82.634s][info][gc             ] GC(435) Pause Young (Normal) (G1 Evacuation Pause) 289M->49M(404M) 3.256ms
[82.634s][info][gc,cpu         ] GC(435) User=0.00s Sys=0.00s Real=0.00s
[82.787s][info][gc,start       ] GC(436) Pause Young (Normal) (G1 Evacuation Pause)
[82.787s][info][gc,task        ] GC(436) Using 1 workers of 1 for evacuation
[82.791s][info][gc,phases      ] GC(436)   Pre Evacuate Collection Set: 0.0ms
[82.791s][info][gc,phases      ] GC(436)   Evacuate Collection Set: 2.9ms
[82.791s][info][gc,phases      ] GC(436)   Post Evacuate Collection Set: 0.5ms
[82.791s][info][gc,phases      ] GC(436)   Other: 0.4ms
[82.791s][info][gc,heap        ] GC(436) Eden regions: 241->0(241)
[82.791s][info][gc,heap        ] GC(436) Survivor regions: 1->1(31)
[82.791s][info][gc,heap        ] GC(436) Old regions: 45->45
[82.791s][info][gc,heap        ] GC(436) Humongous regions: 6->6
[82.791s][info][gc,metaspace   ] GC(436) Metaspace: 71452K->71452K(1114112K)
[82.791s][info][gc             ] GC(436) Pause Young (Normal) (G1 Evacuation Pause) 290M->48M(404M) 3.759ms
[82.791s][info][gc,cpu         ] GC(436) User=0.01s Sys=0.00s Real=0.00s
[82.912s][info][gc,start       ] GC(437) Pause Young (Normal) (G1 Evacuation Pause)
[82.912s][info][gc,task        ] GC(437) Using 1 workers of 1 for evacuation
[82.915s][info][gc,phases      ] GC(437)   Pre Evacuate Collection Set: 0.0ms
[82.915s][info][gc,phases      ] GC(437)   Evacuate Collection Set: 2.6ms
[82.915s][info][gc,phases      ] GC(437)   Post Evacuate Collection Set: 0.3ms
[82.915s][info][gc,phases      ] GC(437)   Other: 0.3ms
[82.915s][info][gc,heap        ] GC(437) Eden regions: 241->0(241)
[82.915s][info][gc,heap        ] GC(437) Survivor regions: 1->1(31)
[82.915s][info][gc,heap        ] GC(437) Old regions: 45->45
[82.915s][info][gc,heap        ] GC(437) Humongous regions: 6->6
[82.915s][info][gc,metaspace   ] GC(437) Metaspace: 71452K->71452K(1114112K)
[82.915s][info][gc             ] GC(437) Pause Young (Normal) (G1 Evacuation Pause) 289M->49M(404M) 3.360ms
[82.915s][info][gc,cpu         ] GC(437) User=0.00s Sys=0.00s Real=0.00s
[83.066s][info][gc,start       ] GC(438) Pause Young (Normal) (G1 Evacuation Pause)
[83.066s][info][gc,task        ] GC(438) Using 1 workers of 1 for evacuation
[83.069s][info][gc,phases      ] GC(438)   Pre Evacuate Collection Set: 0.0ms
[83.069s][info][gc,phases      ] GC(438)   Evacuate Collection Set: 3.0ms
[83.069s][info][gc,phases      ] GC(438)   Post Evacuate Collection Set: 0.4ms
[83.069s][info][gc,phases      ] GC(438)   Other: 0.3ms
[83.069s][info][gc,heap        ] GC(438) Eden regions: 241->0(241)
[83.069s][info][gc,heap        ] GC(438) Survivor regions: 1->1(31)
[83.069s][info][gc,heap        ] GC(438) Old regions: 45->45
[83.069s][info][gc,heap        ] GC(438) Humongous regions: 6->6
[83.069s][info][gc,metaspace   ] GC(438) Metaspace: 71452K->71452K(1114112K)
[83.069s][info][gc             ] GC(438) Pause Young (Normal) (G1 Evacuation Pause) 290M->49M(404M) 3.822ms
[83.069s][info][gc,cpu         ] GC(438) User=0.00s Sys=0.00s Real=0.01s
[83.210s][info][gc,start       ] GC(439) Pause Young (Normal) (G1 Evacuation Pause)
[83.210s][info][gc,task        ] GC(439) Using 1 workers of 1 for evacuation
[83.217s][info][gc,phases      ] GC(439)   Pre Evacuate Collection Set: 0.1ms
[83.217s][info][gc,phases      ] GC(439)   Evacuate Collection Set: 5.6ms
[83.217s][info][gc,phases      ] GC(439)   Post Evacuate Collection Set: 0.8ms
[83.217s][info][gc,phases      ] GC(439)   Other: 0.8ms
[83.217s][info][gc,heap        ] GC(439) Eden regions: 241->0(241)
[83.217s][info][gc,heap        ] GC(439) Survivor regions: 1->1(31)
[83.217s][info][gc,heap        ] GC(439) Old regions: 45->45
[83.217s][info][gc,heap        ] GC(439) Humongous regions: 6->6
[83.217s][info][gc,metaspace   ] GC(439) Metaspace: 71452K->71452K(1114112K)
[83.218s][info][gc             ] GC(439) Pause Young (Normal) (G1 Evacuation Pause) 290M->48M(404M) 7.381ms
[83.218s][info][gc,cpu         ] GC(439) User=0.01s Sys=0.00s Real=0.00s
[83.513s][info][gc,start       ] GC(440) Pause Young (Normal) (G1 Evacuation Pause)
[83.513s][info][gc,task        ] GC(440) Using 1 workers of 1 for evacuation
[83.516s][info][gc,phases      ] GC(440)   Pre Evacuate Collection Set: 0.0ms
[83.516s][info][gc,phases      ] GC(440)   Evacuate Collection Set: 2.5ms
[83.516s][info][gc,phases      ] GC(440)   Post Evacuate Collection Set: 0.4ms
[83.516s][info][gc,phases      ] GC(440)   Other: 0.4ms
[83.516s][info][gc,heap        ] GC(440) Eden regions: 241->0(241)
[83.516s][info][gc,heap        ] GC(440) Survivor regions: 1->1(31)
[83.516s][info][gc,heap        ] GC(440) Old regions: 45->45
[83.516s][info][gc,heap        ] GC(440) Humongous regions: 11->6
[83.516s][info][gc,metaspace   ] GC(440) Metaspace: 71499K->71499K(1114112K)
[83.517s][info][gc             ] GC(440) Pause Young (Normal) (G1 Evacuation Pause) 294M->48M(404M) 3.323ms
[83.517s][info][gc,cpu         ] GC(440) User=0.01s Sys=0.00s Real=0.00s
[83.654s][info][gc,start       ] GC(441) Pause Young (Normal) (G1 Evacuation Pause)
[83.654s][info][gc,task        ] GC(441) Using 1 workers of 1 for evacuation
[83.657s][info][gc,phases      ] GC(441)   Pre Evacuate Collection Set: 0.0ms
[83.657s][info][gc,phases      ] GC(441)   Evacuate Collection Set: 2.7ms
[83.657s][info][gc,phases      ] GC(441)   Post Evacuate Collection Set: 0.4ms
[83.657s][info][gc,phases      ] GC(441)   Other: 0.3ms
[83.657s][info][gc,heap        ] GC(441) Eden regions: 241->0(241)
[83.657s][info][gc,heap        ] GC(441) Survivor regions: 1->1(31)
[83.657s][info][gc,heap        ] GC(441) Old regions: 45->45
[83.657s][info][gc,heap        ] GC(441) Humongous regions: 6->6
[83.657s][info][gc,metaspace   ] GC(441) Metaspace: 71500K->71500K(1114112K)
[83.657s][info][gc             ] GC(441) Pause Young (Normal) (G1 Evacuation Pause) 289M->48M(404M) 3.479ms
[83.657s][info][gc,cpu         ] GC(441) User=0.01s Sys=0.00s Real=0.00s
[83.813s][info][gc,start       ] GC(442) Pause Young (Normal) (G1 Evacuation Pause)
[83.813s][info][gc,task        ] GC(442) Using 1 workers of 1 for evacuation
[83.816s][info][gc,phases      ] GC(442)   Pre Evacuate Collection Set: 0.0ms
[83.816s][info][gc,phases      ] GC(442)   Evacuate Collection Set: 2.7ms
[83.816s][info][gc,phases      ] GC(442)   Post Evacuate Collection Set: 0.4ms
[83.816s][info][gc,phases      ] GC(442)   Other: 0.3ms
[83.816s][info][gc,heap        ] GC(442) Eden regions: 241->0(241)
[83.816s][info][gc,heap        ] GC(442) Survivor regions: 1->1(31)
[83.816s][info][gc,heap        ] GC(442) Old regions: 45->45
[83.816s][info][gc,heap        ] GC(442) Humongous regions: 6->6
[83.816s][info][gc,metaspace   ] GC(442) Metaspace: 71500K->71500K(1114112K)
[83.816s][info][gc             ] GC(442) Pause Young (Normal) (G1 Evacuation Pause) 289M->48M(404M) 3.431ms
[83.816s][info][gc,cpu         ] GC(442) User=0.01s Sys=0.00s Real=0.00s
[84.045s][info][gc,start       ] GC(443) Pause Young (Normal) (G1 Evacuation Pause)
[84.045s][info][gc,task        ] GC(443) Using 1 workers of 1 for evacuation
[84.049s][info][gc,phases      ] GC(443)   Pre Evacuate Collection Set: 0.0ms
[84.049s][info][gc,phases      ] GC(443)   Evacuate Collection Set: 2.9ms
[84.049s][info][gc,phases      ] GC(443)   Post Evacuate Collection Set: 0.3ms
[84.049s][info][gc,phases      ] GC(443)   Other: 0.7ms
[84.049s][info][gc,heap        ] GC(443) Eden regions: 241->0(241)
[84.049s][info][gc,heap        ] GC(443) Survivor regions: 1->1(31)
[84.049s][info][gc,heap        ] GC(443) Old regions: 45->45
[84.049s][info][gc,heap        ] GC(443) Humongous regions: 6->6
[84.049s][info][gc,metaspace   ] GC(443) Metaspace: 71500K->71500K(1114112K)
[84.049s][info][gc             ] GC(443) Pause Young (Normal) (G1 Evacuation Pause) 289M->48M(404M) 3.972ms
[84.049s][info][gc,cpu         ] GC(443) User=0.01s Sys=0.00s Real=0.01s
[84.228s][info][gc,start       ] GC(444) Pause Young (Normal) (G1 Evacuation Pause)
[84.228s][info][gc,task        ] GC(444) Using 1 workers of 1 for evacuation
[84.231s][info][gc,phases      ] GC(444)   Pre Evacuate Collection Set: 0.0ms
[84.232s][info][gc,phases      ] GC(444)   Evacuate Collection Set: 2.5ms
[84.232s][info][gc,phases      ] GC(444)   Post Evacuate Collection Set: 0.3ms
[84.232s][info][gc,phases      ] GC(444)   Other: 0.3ms
[84.232s][info][gc,heap        ] GC(444) Eden regions: 241->0(241)
[84.232s][info][gc,heap        ] GC(444) Survivor regions: 1->1(31)
[84.232s][info][gc,heap        ] GC(444) Old regions: 45->45
[84.232s][info][gc,heap        ] GC(444) Humongous regions: 6->6
[84.232s][info][gc,metaspace   ] GC(444) Metaspace: 71500K->71500K(1114112K)
[84.232s][info][gc             ] GC(444) Pause Young (Normal) (G1 Evacuation Pause) 289M->48M(404M) 3.220ms
[84.232s][info][gc,cpu         ] GC(444) User=0.00s Sys=0.00s Real=0.00s
[84.437s][info][gc,start       ] GC(445) Pause Young (Normal) (G1 Evacuation Pause)
[84.437s][info][gc,task        ] GC(445) Using 1 workers of 1 for evacuation
[84.440s][info][gc,phases      ] GC(445)   Pre Evacuate Collection Set: 0.0ms
[84.440s][info][gc,phases      ] GC(445)   Evacuate Collection Set: 2.5ms
[84.440s][info][gc,phases      ] GC(445)   Post Evacuate Collection Set: 0.4ms
[84.440s][info][gc,phases      ] GC(445)   Other: 0.4ms
[84.440s][info][gc,heap        ] GC(445) Eden regions: 241->0(241)
[84.440s][info][gc,heap        ] GC(445) Survivor regions: 1->1(31)
[84.440s][info][gc,heap        ] GC(445) Old regions: 45->45
[84.440s][info][gc,heap        ] GC(445) Humongous regions: 6->6
[84.440s][info][gc,metaspace   ] GC(445) Metaspace: 71500K->71500K(1114112K)
[84.440s][info][gc             ] GC(445) Pause Young (Normal) (G1 Evacuation Pause) 289M->48M(404M) 3.364ms
[84.440s][info][gc,cpu         ] GC(445) User=0.01s Sys=0.00s Real=0.01s
[84.590s][info][gc,start       ] GC(446) Pause Young (Normal) (G1 Evacuation Pause)
[84.590s][info][gc,task        ] GC(446) Using 1 workers of 1 for evacuation
[84.596s][info][gc,phases      ] GC(446)   Pre Evacuate Collection Set: 0.0ms
[84.596s][info][gc,phases      ] GC(446)   Evacuate Collection Set: 4.9ms
[84.596s][info][gc,phases      ] GC(446)   Post Evacuate Collection Set: 0.4ms
[84.596s][info][gc,phases      ] GC(446)   Other: 0.3ms
[84.596s][info][gc,heap        ] GC(446) Eden regions: 241->0(241)
[84.596s][info][gc,heap        ] GC(446) Survivor regions: 1->1(31)
[84.596s][info][gc,heap        ] GC(446) Old regions: 45->45
[84.596s][info][gc,heap        ] GC(446) Humongous regions: 6->6
[84.596s][info][gc,metaspace   ] GC(446) Metaspace: 71500K->71500K(1114112K)
[84.596s][info][gc             ] GC(446) Pause Young (Normal) (G1 Evacuation Pause) 289M->48M(404M) 5.640ms
[84.596s][info][gc,cpu         ] GC(446) User=0.00s Sys=0.00s Real=0.00s
[84.719s][info][gc,start       ] GC(447) Pause Young (Normal) (G1 Evacuation Pause)
[84.719s][info][gc,task        ] GC(447) Using 1 workers of 1 for evacuation
[84.722s][info][gc,phases      ] GC(447)   Pre Evacuate Collection Set: 0.1ms
[84.722s][info][gc,phases      ] GC(447)   Evacuate Collection Set: 2.5ms
[84.722s][info][gc,phases      ] GC(447)   Post Evacuate Collection Set: 0.4ms
[84.722s][info][gc,phases      ] GC(447)   Other: 0.4ms
[84.722s][info][gc,heap        ] GC(447) Eden regions: 241->0(241)
[84.722s][info][gc,heap        ] GC(447) Survivor regions: 1->1(31)
[84.722s][info][gc,heap        ] GC(447) Old regions: 45->45
[84.722s][info][gc,heap        ] GC(447) Humongous regions: 6->6
[84.722s][info][gc,metaspace   ] GC(447) Metaspace: 71500K->71500K(1114112K)
[84.722s][info][gc             ] GC(447) Pause Young (Normal) (G1 Evacuation Pause) 289M->48M(404M) 3.429ms
[84.722s][info][gc,cpu         ] GC(447) User=0.01s Sys=0.00s Real=0.00s
[84.900s][info][gc,start       ] GC(448) Pause Young (Normal) (G1 Evacuation Pause)
[84.900s][info][gc,task        ] GC(448) Using 1 workers of 1 for evacuation
[84.903s][info][gc,phases      ] GC(448)   Pre Evacuate Collection Set: 0.0ms
[84.903s][info][gc,phases      ] GC(448)   Evacuate Collection Set: 2.7ms
[84.903s][info][gc,phases      ] GC(448)   Post Evacuate Collection Set: 0.4ms
[84.903s][info][gc,phases      ] GC(448)   Other: 0.3ms
[84.903s][info][gc,heap        ] GC(448) Eden regions: 241->0(241)
[84.903s][info][gc,heap        ] GC(448) Survivor regions: 1->1(31)
[84.903s][info][gc,heap        ] GC(448) Old regions: 45->45
[84.903s][info][gc,heap        ] GC(448) Humongous regions: 11->6
[84.903s][info][gc,metaspace   ] GC(448) Metaspace: 71506K->71506K(1114112K)
[84.903s][info][gc             ] GC(448) Pause Young (Normal) (G1 Evacuation Pause) 294M->49M(404M) 3.421ms
[84.903s][info][gc,cpu         ] GC(448) User=0.00s Sys=0.00s Real=0.00s
[85.052s][info][gc,start       ] GC(449) Pause Young (Normal) (G1 Evacuation Pause)
[85.052s][info][gc,task        ] GC(449) Using 1 workers of 1 for evacuation
[85.055s][info][gc,phases      ] GC(449)   Pre Evacuate Collection Set: 0.0ms
[85.055s][info][gc,phases      ] GC(449)   Evacuate Collection Set: 2.6ms
[85.055s][info][gc,phases      ] GC(449)   Post Evacuate Collection Set: 0.3ms
[85.055s][info][gc,phases      ] GC(449)   Other: 0.4ms
[85.055s][info][gc,heap        ] GC(449) Eden regions: 241->0(241)
[85.055s][info][gc,heap        ] GC(449) Survivor regions: 1->1(31)
[85.055s][info][gc,heap        ] GC(449) Old regions: 45->45
[85.055s][info][gc,heap        ] GC(449) Humongous regions: 6->6
[85.055s][info][gc,metaspace   ] GC(449) Metaspace: 71506K->71506K(1114112K)
[85.055s][info][gc             ] GC(449) Pause Young (Normal) (G1 Evacuation Pause) 290M->49M(404M) 3.323ms
[85.055s][info][gc,cpu         ] GC(449) User=0.00s Sys=0.00s Real=0.00s
[85.175s][info][gc,start       ] GC(450) Pause Young (Normal) (G1 Evacuation Pause)
[85.175s][info][gc,task        ] GC(450) Using 1 workers of 1 for evacuation
[85.178s][info][gc,phases      ] GC(450)   Pre Evacuate Collection Set: 0.0ms
[85.178s][info][gc,phases      ] GC(450)   Evacuate Collection Set: 2.5ms
[85.178s][info][gc,phases      ] GC(450)   Post Evacuate Collection Set: 0.4ms
[85.178s][info][gc,phases      ] GC(450)   Other: 0.3ms
[85.178s][info][gc,heap        ] GC(450) Eden regions: 241->0(241)
[85.178s][info][gc,heap        ] GC(450) Survivor regions: 1->1(31)
[85.178s][info][gc,heap        ] GC(450) Old regions: 45->45
[85.178s][info][gc,heap        ] GC(450) Humongous regions: 6->6
[85.178s][info][gc,metaspace   ] GC(450) Metaspace: 71506K->71506K(1114112K)
[85.178s][info][gc             ] GC(450) Pause Young (Normal) (G1 Evacuation Pause) 290M->49M(404M) 3.245ms
[85.178s][info][gc,cpu         ] GC(450) User=0.00s Sys=0.00s Real=0.00s
[85.304s][info][gc,start       ] GC(451) Pause Young (Normal) (G1 Evacuation Pause)
[85.304s][info][gc,task        ] GC(451) Using 1 workers of 1 for evacuation
[85.307s][info][gc,phases      ] GC(451)   Pre Evacuate Collection Set: 0.0ms
[85.307s][info][gc,phases      ] GC(451)   Evacuate Collection Set: 2.5ms
[85.307s][info][gc,phases      ] GC(451)   Post Evacuate Collection Set: 0.3ms
[85.307s][info][gc,phases      ] GC(451)   Other: 0.3ms
[85.307s][info][gc,heap        ] GC(451) Eden regions: 241->0(241)
[85.307s][info][gc,heap        ] GC(451) Survivor regions: 1->1(31)
[85.307s][info][gc,heap        ] GC(451) Old regions: 45->45
[85.307s][info][gc,heap        ] GC(451) Humongous regions: 6->6
[85.307s][info][gc,metaspace   ] GC(451) Metaspace: 71506K->71506K(1114112K)
[85.307s][info][gc             ] GC(451) Pause Young (Normal) (G1 Evacuation Pause) 290M->49M(404M) 3.163ms
[85.307s][info][gc,cpu         ] GC(451) User=0.00s Sys=0.00s Real=0.01s
[85.426s][info][gc,start       ] GC(452) Pause Young (Normal) (G1 Evacuation Pause)
[85.426s][info][gc,task        ] GC(452) Using 1 workers of 1 for evacuation
[85.429s][info][gc,phases      ] GC(452)   Pre Evacuate Collection Set: 0.0ms
[85.429s][info][gc,phases      ] GC(452)   Evacuate Collection Set: 2.5ms
[85.429s][info][gc,phases      ] GC(452)   Post Evacuate Collection Set: 0.3ms
[85.429s][info][gc,phases      ] GC(452)   Other: 0.3ms
[85.429s][info][gc,heap        ] GC(452) Eden regions: 241->0(241)
[85.429s][info][gc,heap        ] GC(452) Survivor regions: 1->1(31)
[85.429s][info][gc,heap        ] GC(452) Old regions: 45->45
[85.429s][info][gc,heap        ] GC(452) Humongous regions: 6->6
[85.429s][info][gc,metaspace   ] GC(452) Metaspace: 71506K->71506K(1114112K)
[85.429s][info][gc             ] GC(452) Pause Young (Normal) (G1 Evacuation Pause) 290M->49M(404M) 3.169ms
[85.429s][info][gc,cpu         ] GC(452) User=0.00s Sys=0.00s Real=0.01s
[85.556s][info][gc,start       ] GC(453) Pause Young (Normal) (G1 Evacuation Pause)
[85.556s][info][gc,task        ] GC(453) Using 1 workers of 1 for evacuation
[85.559s][info][gc,phases      ] GC(453)   Pre Evacuate Collection Set: 0.0ms
[85.559s][info][gc,phases      ] GC(453)   Evacuate Collection Set: 2.5ms
[85.559s][info][gc,phases      ] GC(453)   Post Evacuate Collection Set: 0.3ms
[85.559s][info][gc,phases      ] GC(453)   Other: 0.3ms
[85.559s][info][gc,heap        ] GC(453) Eden regions: 241->0(241)
[85.559s][info][gc,heap        ] GC(453) Survivor regions: 1->1(31)
[85.559s][info][gc,heap        ] GC(453) Old regions: 45->45
[85.559s][info][gc,heap        ] GC(453) Humongous regions: 6->6
[85.559s][info][gc,metaspace   ] GC(453) Metaspace: 71506K->71506K(1114112K)
[85.559s][info][gc             ] GC(453) Pause Young (Normal) (G1 Evacuation Pause) 290M->49M(404M) 3.245ms
[85.559s][info][gc,cpu         ] GC(453) User=0.00s Sys=0.00s Real=0.01s
[85.681s][info][gc,start       ] GC(454) Pause Young (Normal) (G1 Evacuation Pause)
[85.682s][info][gc,task        ] GC(454) Using 1 workers of 1 for evacuation
[85.685s][info][gc,phases      ] GC(454)   Pre Evacuate Collection Set: 0.0ms
[85.685s][info][gc,phases      ] GC(454)   Evacuate Collection Set: 2.5ms
[85.685s][info][gc,phases      ] GC(454)   Post Evacuate Collection Set: 0.3ms
[85.685s][info][gc,phases      ] GC(454)   Other: 0.3ms
[85.685s][info][gc,heap        ] GC(454) Eden regions: 241->0(241)
[85.685s][info][gc,heap        ] GC(454) Survivor regions: 1->1(31)
[85.685s][info][gc,heap        ] GC(454) Old regions: 45->45
[85.685s][info][gc,heap        ] GC(454) Humongous regions: 6->6
[85.685s][info][gc,metaspace   ] GC(454) Metaspace: 71506K->71506K(1114112K)
[85.685s][info][gc             ] GC(454) Pause Young (Normal) (G1 Evacuation Pause) 290M->49M(404M) 3.166ms
[85.685s][info][gc,cpu         ] GC(454) User=0.00s Sys=0.00s Real=0.00s
[85.822s][info][gc,start       ] GC(455) Pause Young (Normal) (G1 Evacuation Pause)
[85.822s][info][gc,task        ] GC(455) Using 1 workers of 1 for evacuation
[85.825s][info][gc,phases      ] GC(455)   Pre Evacuate Collection Set: 0.0ms
[85.825s][info][gc,phases      ] GC(455)   Evacuate Collection Set: 2.5ms
[85.825s][info][gc,phases      ] GC(455)   Post Evacuate Collection Set: 0.4ms
[85.825s][info][gc,phases      ] GC(455)   Other: 0.3ms
[85.825s][info][gc,heap        ] GC(455) Eden regions: 241->0(241)
[85.825s][info][gc,heap        ] GC(455) Survivor regions: 1->1(31)
[85.825s][info][gc,heap        ] GC(455) Old regions: 45->45
[85.825s][info][gc,heap        ] GC(455) Humongous regions: 6->6
[85.825s][info][gc,metaspace   ] GC(455) Metaspace: 71506K->71506K(1114112K)
[85.825s][info][gc             ] GC(455) Pause Young (Normal) (G1 Evacuation Pause) 290M->48M(404M) 3.226ms
[85.825s][info][gc,cpu         ] GC(455) User=0.00s Sys=0.00s Real=0.00s
[86.029s][info][gc,start       ] GC(456) Pause Young (Normal) (G1 Evacuation Pause)
[86.029s][info][gc,task        ] GC(456) Using 1 workers of 1 for evacuation
[86.032s][info][gc,phases      ] GC(456)   Pre Evacuate Collection Set: 0.0ms
[86.032s][info][gc,phases      ] GC(456)   Evacuate Collection Set: 2.4ms
[86.032s][info][gc,phases      ] GC(456)   Post Evacuate Collection Set: 0.4ms
[86.032s][info][gc,phases      ] GC(456)   Other: 0.4ms
[86.032s][info][gc,heap        ] GC(456) Eden regions: 241->0(241)
[86.032s][info][gc,heap        ] GC(456) Survivor regions: 1->1(31)
[86.032s][info][gc,heap        ] GC(456) Old regions: 45->45
[86.032s][info][gc,heap        ] GC(456) Humongous regions: 11->6
[86.032s][info][gc,metaspace   ] GC(456) Metaspace: 71511K->71511K(1114112K)
[86.032s][info][gc             ] GC(456) Pause Young (Normal) (G1 Evacuation Pause) 294M->48M(404M) 3.189ms
[86.032s][info][gc,cpu         ] GC(456) User=0.01s Sys=0.00s Real=0.00s
[86.171s][info][gc,start       ] GC(457) Pause Young (Normal) (G1 Evacuation Pause)
[86.171s][info][gc,task        ] GC(457) Using 1 workers of 1 for evacuation
[86.175s][info][gc,phases      ] GC(457)   Pre Evacuate Collection Set: 0.0ms
[86.175s][info][gc,phases      ] GC(457)   Evacuate Collection Set: 2.8ms
[86.175s][info][gc,phases      ] GC(457)   Post Evacuate Collection Set: 0.4ms
[86.175s][info][gc,phases      ] GC(457)   Other: 0.4ms
[86.175s][info][gc,heap        ] GC(457) Eden regions: 241->0(241)
[86.175s][info][gc,heap        ] GC(457) Survivor regions: 1->1(31)
[86.175s][info][gc,heap        ] GC(457) Old regions: 45->45
[86.175s][info][gc,heap        ] GC(457) Humongous regions: 6->6
[86.175s][info][gc,metaspace   ] GC(457) Metaspace: 71511K->71511K(1114112K)
[86.175s][info][gc             ] GC(457) Pause Young (Normal) (G1 Evacuation Pause) 289M->48M(404M) 3.624ms
[86.175s][info][gc,cpu         ] GC(457) User=0.01s Sys=0.00s Real=0.00s
[86.304s][info][gc,start       ] GC(458) Pause Young (Normal) (G1 Evacuation Pause)
[86.304s][info][gc,task        ] GC(458) Using 1 workers of 1 for evacuation
[86.308s][info][gc,phases      ] GC(458)   Pre Evacuate Collection Set: 0.0ms
[86.308s][info][gc,phases      ] GC(458)   Evacuate Collection Set: 2.8ms
[86.308s][info][gc,phases      ] GC(458)   Post Evacuate Collection Set: 0.5ms
[86.308s][info][gc,phases      ] GC(458)   Other: 0.3ms
[86.308s][info][gc,heap        ] GC(458) Eden regions: 241->0(241)
[86.308s][info][gc,heap        ] GC(458) Survivor regions: 1->1(31)
[86.308s][info][gc,heap        ] GC(458) Old regions: 45->45
[86.308s][info][gc,heap        ] GC(458) Humongous regions: 6->6
[86.308s][info][gc,metaspace   ] GC(458) Metaspace: 71511K->71511K(1114112K)
[86.308s][info][gc             ] GC(458) Pause Young (Normal) (G1 Evacuation Pause) 289M->48M(404M) 3.890ms
[86.308s][info][gc,cpu         ] GC(458) User=0.00s Sys=0.00s Real=0.01s
[86.460s][info][gc,start       ] GC(459) Pause Young (Normal) (G1 Evacuation Pause)
[86.460s][info][gc,task        ] GC(459) Using 1 workers of 1 for evacuation
[86.463s][info][gc,phases      ] GC(459)   Pre Evacuate Collection Set: 0.0ms
[86.463s][info][gc,phases      ] GC(459)   Evacuate Collection Set: 2.4ms
[86.463s][info][gc,phases      ] GC(459)   Post Evacuate Collection Set: 0.3ms
[86.463s][info][gc,phases      ] GC(459)   Other: 0.4ms
[86.463s][info][gc,heap        ] GC(459) Eden regions: 241->0(241)
[86.463s][info][gc,heap        ] GC(459) Survivor regions: 1->1(31)
[86.463s][info][gc,heap        ] GC(459) Old regions: 45->45
[86.463s][info][gc,heap        ] GC(459) Humongous regions: 6->6
[86.463s][info][gc,metaspace   ] GC(459) Metaspace: 71511K->71511K(1114112K)
[86.463s][info][gc             ] GC(459) Pause Young (Normal) (G1 Evacuation Pause) 289M->48M(404M) 3.156ms
[86.463s][info][gc,cpu         ] GC(459) User=0.01s Sys=0.00s Real=0.00s
[86.595s][info][gc,start       ] GC(460) Pause Young (Normal) (G1 Evacuation Pause)
[86.595s][info][gc,task        ] GC(460) Using 1 workers of 1 for evacuation
[86.598s][info][gc,phases      ] GC(460)   Pre Evacuate Collection Set: 0.0ms
[86.598s][info][gc,phases      ] GC(460)   Evacuate Collection Set: 2.8ms
[86.598s][info][gc,phases      ] GC(460)   Post Evacuate Collection Set: 0.4ms
[86.598s][info][gc,phases      ] GC(460)   Other: 0.4ms
[86.598s][info][gc,heap        ] GC(460) Eden regions: 241->0(241)
[86.598s][info][gc,heap        ] GC(460) Survivor regions: 1->1(31)
[86.598s][info][gc,heap        ] GC(460) Old regions: 45->45
[86.598s][info][gc,heap        ] GC(460) Humongous regions: 6->6
[86.598s][info][gc,metaspace   ] GC(460) Metaspace: 71511K->71511K(1114112K)
[86.598s][info][gc             ] GC(460) Pause Young (Normal) (G1 Evacuation Pause) 289M->48M(404M) 3.691ms
[86.598s][info][gc,cpu         ] GC(460) User=0.00s Sys=0.00s Real=0.01s
[86.727s][info][gc,start       ] GC(461) Pause Young (Normal) (G1 Evacuation Pause)
[86.727s][info][gc,task        ] GC(461) Using 1 workers of 1 for evacuation
[86.730s][info][gc,phases      ] GC(461)   Pre Evacuate Collection Set: 0.0ms
[86.730s][info][gc,phases      ] GC(461)   Evacuate Collection Set: 2.4ms
[86.730s][info][gc,phases      ] GC(461)   Post Evacuate Collection Set: 0.4ms
[86.730s][info][gc,phases      ] GC(461)   Other: 0.3ms
[86.730s][info][gc,heap        ] GC(461) Eden regions: 241->0(241)
[86.730s][info][gc,heap        ] GC(461) Survivor regions: 1->1(31)
[86.730s][info][gc,heap        ] GC(461) Old regions: 45->45
[86.730s][info][gc,heap        ] GC(461) Humongous regions: 6->6
[86.730s][info][gc,metaspace   ] GC(461) Metaspace: 71511K->71511K(1114112K)
[86.730s][info][gc             ] GC(461) Pause Young (Normal) (G1 Evacuation Pause) 289M->48M(404M) 3.236ms
[86.731s][info][gc,cpu         ] GC(461) User=0.00s Sys=0.00s Real=0.00s
[86.861s][info][gc,start       ] GC(462) Pause Young (Normal) (G1 Evacuation Pause)
[86.861s][info][gc,task        ] GC(462) Using 1 workers of 1 for evacuation
[86.865s][info][gc,phases      ] GC(462)   Pre Evacuate Collection Set: 0.0ms
[86.865s][info][gc,phases      ] GC(462)   Evacuate Collection Set: 2.8ms
[86.865s][info][gc,phases      ] GC(462)   Post Evacuate Collection Set: 0.4ms
[86.865s][info][gc,phases      ] GC(462)   Other: 0.3ms
[86.865s][info][gc,heap        ] GC(462) Eden regions: 241->0(241)
[86.865s][info][gc,heap        ] GC(462) Survivor regions: 1->1(31)
[86.865s][info][gc,heap        ] GC(462) Old regions: 45->45
[86.865s][info][gc,heap        ] GC(462) Humongous regions: 6->6
[86.865s][info][gc,metaspace   ] GC(462) Metaspace: 71513K->71513K(1114112K)
[86.865s][info][gc             ] GC(462) Pause Young (Normal) (G1 Evacuation Pause) 289M->49M(404M) 3.581ms
[86.865s][info][gc,cpu         ] GC(462) User=0.01s Sys=0.00s Real=0.00s
[87.039s][info][gc,start       ] GC(463) Pause Young (Normal) (G1 Evacuation Pause)
[87.039s][info][gc,task        ] GC(463) Using 1 workers of 1 for evacuation
[87.042s][info][gc,phases      ] GC(463)   Pre Evacuate Collection Set: 0.0ms
[87.042s][info][gc,phases      ] GC(463)   Evacuate Collection Set: 2.7ms
[87.042s][info][gc,phases      ] GC(463)   Post Evacuate Collection Set: 0.4ms
[87.042s][info][gc,phases      ] GC(463)   Other: 0.3ms
[87.042s][info][gc,heap        ] GC(463) Eden regions: 241->0(241)
[87.042s][info][gc,heap        ] GC(463) Survivor regions: 1->1(31)
[87.042s][info][gc,heap        ] GC(463) Old regions: 45->45
[87.042s][info][gc,heap        ] GC(463) Humongous regions: 11->6
[87.042s][info][gc,metaspace   ] GC(463) Metaspace: 71517K->71517K(1114112K)
[87.043s][info][gc             ] GC(463) Pause Young (Normal) (G1 Evacuation Pause) 295M->49M(404M) 3.464ms
[87.043s][info][gc,cpu         ] GC(463) User=0.00s Sys=0.00s Real=0.00s
[87.160s][info][gc,start       ] GC(464) Pause Young (Normal) (G1 Evacuation Pause)
[87.160s][info][gc,task        ] GC(464) Using 1 workers of 1 for evacuation
[87.163s][info][gc,phases      ] GC(464)   Pre Evacuate Collection Set: 0.0ms
[87.163s][info][gc,phases      ] GC(464)   Evacuate Collection Set: 2.6ms
[87.163s][info][gc,phases      ] GC(464)   Post Evacuate Collection Set: 0.4ms
[87.163s][info][gc,phases      ] GC(464)   Other: 0.4ms
[87.163s][info][gc,heap        ] GC(464) Eden regions: 241->0(241)
[87.163s][info][gc,heap        ] GC(464) Survivor regions: 1->1(31)
[87.163s][info][gc,heap        ] GC(464) Old regions: 45->45
[87.163s][info][gc,heap        ] GC(464) Humongous regions: 6->6
[87.163s][info][gc,metaspace   ] GC(464) Metaspace: 71518K->71518K(1114112K)
[87.163s][info][gc             ] GC(464) Pause Young (Normal) (G1 Evacuation Pause) 290M->49M(404M) 3.471ms
[87.163s][info][gc,cpu         ] GC(464) User=0.00s Sys=0.00s Real=0.00s
[87.286s][info][gc,start       ] GC(465) Pause Young (Normal) (G1 Evacuation Pause)
[87.286s][info][gc,task        ] GC(465) Using 1 workers of 1 for evacuation
[87.290s][info][gc,phases      ] GC(465)   Pre Evacuate Collection Set: 0.0ms
[87.290s][info][gc,phases      ] GC(465)   Evacuate Collection Set: 3.1ms
[87.290s][info][gc,phases      ] GC(465)   Post Evacuate Collection Set: 0.6ms
[87.290s][info][gc,phases      ] GC(465)   Other: 0.4ms
[87.290s][info][gc,heap        ] GC(465) Eden regions: 241->0(241)
[87.290s][info][gc,heap        ] GC(465) Survivor regions: 1->1(31)
[87.290s][info][gc,heap        ] GC(465) Old regions: 45->45
[87.290s][info][gc,heap        ] GC(465) Humongous regions: 6->6
[87.290s][info][gc,metaspace   ] GC(465) Metaspace: 71518K->71518K(1114112K)
[87.290s][info][gc             ] GC(465) Pause Young (Normal) (G1 Evacuation Pause) 290M->49M(404M) 4.053ms
[87.290s][info][gc,cpu         ] GC(465) User=0.00s Sys=0.00s Real=0.01s
[87.416s][info][gc,start       ] GC(466) Pause Young (Normal) (G1 Evacuation Pause)
[87.416s][info][gc,task        ] GC(466) Using 1 workers of 1 for evacuation
[87.419s][info][gc,phases      ] GC(466)   Pre Evacuate Collection Set: 0.0ms
[87.419s][info][gc,phases      ] GC(466)   Evacuate Collection Set: 2.7ms
[87.419s][info][gc,phases      ] GC(466)   Post Evacuate Collection Set: 0.4ms
[87.419s][info][gc,phases      ] GC(466)   Other: 0.3ms
[87.419s][info][gc,heap        ] GC(466) Eden regions: 241->0(241)
[87.419s][info][gc,heap        ] GC(466) Survivor regions: 1->1(31)
[87.419s][info][gc,heap        ] GC(466) Old regions: 45->45
[87.419s][info][gc,heap        ] GC(466) Humongous regions: 6->6
[87.419s][info][gc,metaspace   ] GC(466) Metaspace: 71518K->71518K(1114112K)
[87.419s][info][gc             ] GC(466) Pause Young (Normal) (G1 Evacuation Pause) 290M->49M(404M) 3.458ms
[87.419s][info][gc,cpu         ] GC(466) User=0.00s Sys=0.00s Real=0.01s
[87.538s][info][gc,start       ] GC(467) Pause Young (Normal) (G1 Evacuation Pause)
[87.538s][info][gc,task        ] GC(467) Using 1 workers of 1 for evacuation
[87.542s][info][gc,phases      ] GC(467)   Pre Evacuate Collection Set: 0.0ms
[87.542s][info][gc,phases      ] GC(467)   Evacuate Collection Set: 2.5ms
[87.542s][info][gc,phases      ] GC(467)   Post Evacuate Collection Set: 0.3ms
[87.542s][info][gc,phases      ] GC(467)   Other: 0.3ms
[87.542s][info][gc,heap        ] GC(467) Eden regions: 241->0(241)
[87.542s][info][gc,heap        ] GC(467) Survivor regions: 1->1(31)
[87.542s][info][gc,heap        ] GC(467) Old regions: 45->45
[87.542s][info][gc,heap        ] GC(467) Humongous regions: 6->6
[87.542s][info][gc,metaspace   ] GC(467) Metaspace: 71518K->71518K(1114112K)
[87.542s][info][gc             ] GC(467) Pause Young (Normal) (G1 Evacuation Pause) 290M->49M(404M) 3.227ms
[87.542s][info][gc,cpu         ] GC(467) User=0.00s Sys=0.00s Real=0.00s
[87.668s][info][gc,start       ] GC(468) Pause Young (Normal) (G1 Evacuation Pause)
[87.668s][info][gc,task        ] GC(468) Using 1 workers of 1 for evacuation
[87.673s][info][gc,phases      ] GC(468)   Pre Evacuate Collection Set: 0.1ms
[87.673s][info][gc,phases      ] GC(468)   Evacuate Collection Set: 3.4ms
[87.673s][info][gc,phases      ] GC(468)   Post Evacuate Collection Set: 0.4ms
[87.673s][info][gc,phases      ] GC(468)   Other: 0.6ms
[87.673s][info][gc,heap        ] GC(468) Eden regions: 241->0(241)
[87.673s][info][gc,heap        ] GC(468) Survivor regions: 1->1(31)
[87.673s][info][gc,heap        ] GC(468) Old regions: 45->45
[87.673s][info][gc,heap        ] GC(468) Humongous regions: 6->6
[87.673s][info][gc,metaspace   ] GC(468) Metaspace: 71518K->71518K(1114112K)
[87.673s][info][gc             ] GC(468) Pause Young (Normal) (G1 Evacuation Pause) 290M->49M(404M) 4.477ms
[87.673s][info][gc,cpu         ] GC(468) User=0.00s Sys=0.00s Real=0.00s
[87.799s][info][gc,start       ] GC(469) Pause Young (Normal) (G1 Evacuation Pause)
[87.799s][info][gc,task        ] GC(469) Using 1 workers of 1 for evacuation
[87.803s][info][gc,phases      ] GC(469)   Pre Evacuate Collection Set: 0.0ms
[87.803s][info][gc,phases      ] GC(469)   Evacuate Collection Set: 2.6ms
[87.803s][info][gc,phases      ] GC(469)   Post Evacuate Collection Set: 0.3ms
[87.803s][info][gc,phases      ] GC(469)   Other: 0.3ms
[87.803s][info][gc,heap        ] GC(469) Eden regions: 241->0(241)
[87.803s][info][gc,heap        ] GC(469) Survivor regions: 1->1(31)
[87.803s][info][gc,heap        ] GC(469) Old regions: 45->45
[87.803s][info][gc,heap        ] GC(469) Humongous regions: 6->6
[87.803s][info][gc,metaspace   ] GC(469) Metaspace: 71518K->71518K(1114112K)
[87.803s][info][gc             ] GC(469) Pause Young (Normal) (G1 Evacuation Pause) 290M->49M(404M) 3.299ms
[87.803s][info][gc,cpu         ] GC(469) User=0.00s Sys=0.00s Real=0.00s
[87.925s][info][gc,start       ] GC(470) Pause Young (Normal) (G1 Evacuation Pause)
[87.925s][info][gc,task        ] GC(470) Using 1 workers of 1 for evacuation
[87.928s][info][gc,phases      ] GC(470)   Pre Evacuate Collection Set: 0.0ms
[87.928s][info][gc,phases      ] GC(470)   Evacuate Collection Set: 2.7ms
[87.928s][info][gc,phases      ] GC(470)   Post Evacuate Collection Set: 0.3ms
[87.928s][info][gc,phases      ] GC(470)   Other: 0.4ms
[87.928s][info][gc,heap        ] GC(470) Eden regions: 241->0(241)
[87.928s][info][gc,heap        ] GC(470) Survivor regions: 1->1(31)
[87.928s][info][gc,heap        ] GC(470) Old regions: 45->45
[87.928s][info][gc,heap        ] GC(470) Humongous regions: 6->6
[87.928s][info][gc,metaspace   ] GC(470) Metaspace: 71518K->71518K(1114112K)
[87.928s][info][gc             ] GC(470) Pause Young (Normal) (G1 Evacuation Pause) 290M->49M(404M) 3.441ms
[87.928s][info][gc,cpu         ] GC(470) User=0.01s Sys=0.00s Real=0.01s
[88.074s][info][gc,start       ] GC(471) Pause Young (Normal) (G1 Evacuation Pause)
[88.074s][info][gc,task        ] GC(471) Using 1 workers of 1 for evacuation
[88.077s][info][gc,phases      ] GC(471)   Pre Evacuate Collection Set: 0.0ms
[88.077s][info][gc,phases      ] GC(471)   Evacuate Collection Set: 2.5ms
[88.077s][info][gc,phases      ] GC(471)   Post Evacuate Collection Set: 0.3ms
[88.077s][info][gc,phases      ] GC(471)   Other: 0.3ms
[88.077s][info][gc,heap        ] GC(471) Eden regions: 241->0(241)
[88.077s][info][gc,heap        ] GC(471) Survivor regions: 1->1(31)
[88.077s][info][gc,heap        ] GC(471) Old regions: 45->45
[88.077s][info][gc,heap        ] GC(471) Humongous regions: 11->6
[88.077s][info][gc,metaspace   ] GC(471) Metaspace: 71521K->71521K(1114112K)
[88.077s][info][gc             ] GC(471) Pause Young (Normal) (G1 Evacuation Pause) 295M->48M(404M) 3.235ms
[88.077s][info][gc,cpu         ] GC(471) User=0.01s Sys=0.00s Real=0.00s
[88.196s][info][gc,start       ] GC(472) Pause Young (Normal) (G1 Evacuation Pause)
[88.196s][info][gc,task        ] GC(472) Using 1 workers of 1 for evacuation
[88.199s][info][gc,phases      ] GC(472)   Pre Evacuate Collection Set: 0.0ms
[88.199s][info][gc,phases      ] GC(472)   Evacuate Collection Set: 2.4ms
[88.199s][info][gc,phases      ] GC(472)   Post Evacuate Collection Set: 0.3ms
[88.199s][info][gc,phases      ] GC(472)   Other: 0.3ms
[88.199s][info][gc,heap        ] GC(472) Eden regions: 241->0(241)
[88.200s][info][gc,heap        ] GC(472) Survivor regions: 1->1(31)
[88.200s][info][gc,heap        ] GC(472) Old regions: 45->45
[88.200s][info][gc,heap        ] GC(472) Humongous regions: 6->6
[88.200s][info][gc,metaspace   ] GC(472) Metaspace: 71521K->71521K(1114112K)
[88.200s][info][gc             ] GC(472) Pause Young (Normal) (G1 Evacuation Pause) 289M->48M(404M) 3.142ms
[88.200s][info][gc,cpu         ] GC(472) User=0.01s Sys=0.00s Real=0.01s
[88.330s][info][gc,start       ] GC(473) Pause Young (Normal) (G1 Evacuation Pause)
[88.330s][info][gc,task        ] GC(473) Using 1 workers of 1 for evacuation
[88.333s][info][gc,phases      ] GC(473)   Pre Evacuate Collection Set: 0.0ms
[88.333s][info][gc,phases      ] GC(473)   Evacuate Collection Set: 2.3ms
[88.333s][info][gc,phases      ] GC(473)   Post Evacuate Collection Set: 0.3ms
[88.333s][info][gc,phases      ] GC(473)   Other: 0.3ms
[88.333s][info][gc,heap        ] GC(473) Eden regions: 241->0(241)
[88.333s][info][gc,heap        ] GC(473) Survivor regions: 1->1(31)
[88.333s][info][gc,heap        ] GC(473) Old regions: 45->45
[88.333s][info][gc,heap        ] GC(473) Humongous regions: 6->6
[88.333s][info][gc,metaspace   ] GC(473) Metaspace: 71521K->71521K(1114112K)
[88.333s][info][gc             ] GC(473) Pause Young (Normal) (G1 Evacuation Pause) 289M->48M(404M) 3.064ms
[88.333s][info][gc,cpu         ] GC(473) User=0.00s Sys=0.00s Real=0.00s
[88.457s][info][gc,start       ] GC(474) Pause Young (Normal) (G1 Evacuation Pause)
[88.457s][info][gc,task        ] GC(474) Using 1 workers of 1 for evacuation
[88.461s][info][gc,phases      ] GC(474)   Pre Evacuate Collection Set: 0.0ms
[88.461s][info][gc,phases      ] GC(474)   Evacuate Collection Set: 3.0ms
[88.461s][info][gc,phases      ] GC(474)   Post Evacuate Collection Set: 0.5ms
[88.461s][info][gc,phases      ] GC(474)   Other: 0.4ms
[88.461s][info][gc,heap        ] GC(474) Eden regions: 241->0(241)
[88.461s][info][gc,heap        ] GC(474) Survivor regions: 1->1(31)
[88.461s][info][gc,heap        ] GC(474) Old regions: 45->45
[88.461s][info][gc,heap        ] GC(474) Humongous regions: 6->6
[88.461s][info][gc,metaspace   ] GC(474) Metaspace: 71521K->71521K(1114112K)
[88.461s][info][gc             ] GC(474) Pause Young (Normal) (G1 Evacuation Pause) 289M->48M(404M) 3.944ms
[88.461s][info][gc,cpu         ] GC(474) User=0.01s Sys=0.00s Real=0.01s
[88.601s][info][gc,start       ] GC(475) Pause Young (Normal) (G1 Evacuation Pause)
[88.601s][info][gc,task        ] GC(475) Using 1 workers of 1 for evacuation
[88.604s][info][gc,phases      ] GC(475)   Pre Evacuate Collection Set: 0.0ms
[88.604s][info][gc,phases      ] GC(475)   Evacuate Collection Set: 2.6ms
[88.604s][info][gc,phases      ] GC(475)   Post Evacuate Collection Set: 0.3ms
[88.604s][info][gc,phases      ] GC(475)   Other: 0.3ms
[88.604s][info][gc,heap        ] GC(475) Eden regions: 241->0(241)
[88.604s][info][gc,heap        ] GC(475) Survivor regions: 1->1(31)
[88.604s][info][gc,heap        ] GC(475) Old regions: 45->45
[88.604s][info][gc,heap        ] GC(475) Humongous regions: 6->6
[88.604s][info][gc,metaspace   ] GC(475) Metaspace: 71521K->71521K(1114112K)
[88.604s][info][gc             ] GC(475) Pause Young (Normal) (G1 Evacuation Pause) 289M->48M(404M) 3.308ms
[88.604s][info][gc,cpu         ] GC(475) User=0.00s Sys=0.00s Real=0.00s
[88.724s][info][gc,start       ] GC(476) Pause Young (Normal) (G1 Evacuation Pause)
[88.724s][info][gc,task        ] GC(476) Using 1 workers of 1 for evacuation
[88.727s][info][gc,phases      ] GC(476)   Pre Evacuate Collection Set: 0.0ms
[88.727s][info][gc,phases      ] GC(476)   Evacuate Collection Set: 2.6ms
[88.727s][info][gc,phases      ] GC(476)   Post Evacuate Collection Set: 0.4ms
[88.727s][info][gc,phases      ] GC(476)   Other: 0.3ms
[88.727s][info][gc,heap        ] GC(476) Eden regions: 241->0(241)
[88.727s][info][gc,heap        ] GC(476) Survivor regions: 1->1(31)
[88.727s][info][gc,heap        ] GC(476) Old regions: 45->45
[88.727s][info][gc,heap        ] GC(476) Humongous regions: 6->6
[88.727s][info][gc,metaspace   ] GC(476) Metaspace: 71521K->71521K(1114112K)
[88.727s][info][gc             ] GC(476) Pause Young (Normal) (G1 Evacuation Pause) 289M->48M(404M) 3.265ms
[88.728s][info][gc,cpu         ] GC(476) User=0.00s Sys=0.00s Real=0.01s
[88.853s][info][gc,start       ] GC(477) Pause Young (Normal) (G1 Evacuation Pause)
[88.853s][info][gc,task        ] GC(477) Using 1 workers of 1 for evacuation
[88.857s][info][gc,phases      ] GC(477)   Pre Evacuate Collection Set: 0.0ms
[88.857s][info][gc,phases      ] GC(477)   Evacuate Collection Set: 2.6ms
[88.857s][info][gc,phases      ] GC(477)   Post Evacuate Collection Set: 0.3ms
[88.857s][info][gc,phases      ] GC(477)   Other: 0.4ms
[88.857s][info][gc,heap        ] GC(477) Eden regions: 241->0(241)
[88.857s][info][gc,heap        ] GC(477) Survivor regions: 1->1(31)
[88.857s][info][gc,heap        ] GC(477) Old regions: 45->45
[88.857s][info][gc,heap        ] GC(477) Humongous regions: 6->6
[88.857s][info][gc,metaspace   ] GC(477) Metaspace: 71521K->71521K(1114112K)
[88.857s][info][gc             ] GC(477) Pause Young (Normal) (G1 Evacuation Pause) 289M->49M(404M) 3.427ms
[88.857s][info][gc,cpu         ] GC(477) User=0.00s Sys=0.00s Real=0.00s
[88.995s][info][gc,start       ] GC(478) Pause Young (Normal) (G1 Evacuation Pause)
[88.996s][info][gc,task        ] GC(478) Using 1 workers of 1 for evacuation
[88.999s][info][gc,phases      ] GC(478)   Pre Evacuate Collection Set: 0.0ms
[88.999s][info][gc,phases      ] GC(478)   Evacuate Collection Set: 2.7ms
[88.999s][info][gc,phases      ] GC(478)   Post Evacuate Collection Set: 0.3ms
[88.999s][info][gc,phases      ] GC(478)   Other: 0.3ms
[88.999s][info][gc,heap        ] GC(478) Eden regions: 241->0(241)
[88.999s][info][gc,heap        ] GC(478) Survivor regions: 1->1(31)
[88.999s][info][gc,heap        ] GC(478) Old regions: 45->45
[88.999s][info][gc,heap        ] GC(478) Humongous regions: 6->6
[88.999s][info][gc,metaspace   ] GC(478) Metaspace: 71521K->71521K(1114112K)
[88.999s][info][gc             ] GC(478) Pause Young (Normal) (G1 Evacuation Pause) 290M->49M(404M) 3.380ms
[88.999s][info][gc,cpu         ] GC(478) User=0.01s Sys=0.00s Real=0.01s
[89.178s][info][gc,start       ] GC(479) Pause Young (Normal) (G1 Evacuation Pause)
[89.179s][info][gc,task        ] GC(479) Using 1 workers of 1 for evacuation
[89.182s][info][gc,phases      ] GC(479)   Pre Evacuate Collection Set: 0.0ms
[89.182s][info][gc,phases      ] GC(479)   Evacuate Collection Set: 2.7ms
[89.182s][info][gc,phases      ] GC(479)   Post Evacuate Collection Set: 0.4ms
[89.182s][info][gc,phases      ] GC(479)   Other: 0.7ms
[89.182s][info][gc,heap        ] GC(479) Eden regions: 241->0(241)
[89.182s][info][gc,heap        ] GC(479) Survivor regions: 1->1(31)
[89.182s][info][gc,heap        ] GC(479) Old regions: 45->45
[89.182s][info][gc,heap        ] GC(479) Humongous regions: 11->6
[89.182s][info][gc,metaspace   ] GC(479) Metaspace: 71526K->71526K(1114112K)
[89.182s][info][gc             ] GC(479) Pause Young (Normal) (G1 Evacuation Pause) 295M->49M(404M) 3.968ms
[89.182s][info][gc,cpu         ] GC(479) User=0.00s Sys=0.00s Real=0.01s
[89.321s][info][gc,start       ] GC(480) Pause Young (Normal) (G1 Evacuation Pause)
[89.321s][info][gc,task        ] GC(480) Using 1 workers of 1 for evacuation
[89.329s][info][gc,phases      ] GC(480)   Pre Evacuate Collection Set: 0.1ms
[89.329s][info][gc,phases      ] GC(480)   Evacuate Collection Set: 6.6ms
[89.329s][info][gc,phases      ] GC(480)   Post Evacuate Collection Set: 0.9ms
[89.329s][info][gc,phases      ] GC(480)   Other: 0.6ms
[89.329s][info][gc,heap        ] GC(480) Eden regions: 241->0(241)
[89.329s][info][gc,heap        ] GC(480) Survivor regions: 1->1(31)
[89.330s][info][gc,heap        ] GC(480) Old regions: 45->45
[89.330s][info][gc,heap        ] GC(480) Humongous regions: 6->6
[89.330s][info][gc,metaspace   ] GC(480) Metaspace: 71526K->71526K(1114112K)
[89.330s][info][gc             ] GC(480) Pause Young (Normal) (G1 Evacuation Pause) 290M->49M(404M) 8.181ms
[89.330s][info][gc,cpu         ] GC(480) User=0.01s Sys=0.00s Real=0.01s
[89.472s][info][gc,start       ] GC(481) Pause Young (Normal) (G1 Evacuation Pause)
[89.472s][info][gc,task        ] GC(481) Using 1 workers of 1 for evacuation
[89.475s][info][gc,phases      ] GC(481)   Pre Evacuate Collection Set: 0.0ms
[89.475s][info][gc,phases      ] GC(481)   Evacuate Collection Set: 2.5ms
[89.475s][info][gc,phases      ] GC(481)   Post Evacuate Collection Set: 0.7ms
[89.475s][info][gc,phases      ] GC(481)   Other: 0.4ms
[89.475s][info][gc,heap        ] GC(481) Eden regions: 241->0(241)
[89.475s][info][gc,heap        ] GC(481) Survivor regions: 1->1(31)
[89.475s][info][gc,heap        ] GC(481) Old regions: 45->45
[89.475s][info][gc,heap        ] GC(481) Humongous regions: 6->6
[89.475s][info][gc,metaspace   ] GC(481) Metaspace: 71526K->71526K(1114112K)
[89.475s][info][gc             ] GC(481) Pause Young (Normal) (G1 Evacuation Pause) 290M->49M(404M) 3.740ms
[89.475s][info][gc,cpu         ] GC(481) User=0.01s Sys=0.00s Real=0.00s
[89.612s][info][gc,start       ] GC(482) Pause Young (Normal) (G1 Evacuation Pause)
[89.612s][info][gc,task        ] GC(482) Using 1 workers of 1 for evacuation
[89.615s][info][gc,phases      ] GC(482)   Pre Evacuate Collection Set: 0.0ms
[89.615s][info][gc,phases      ] GC(482)   Evacuate Collection Set: 2.6ms
[89.615s][info][gc,phases      ] GC(482)   Post Evacuate Collection Set: 0.3ms
[89.615s][info][gc,phases      ] GC(482)   Other: 0.4ms
[89.615s][info][gc,heap        ] GC(482) Eden regions: 241->0(241)
[89.615s][info][gc,heap        ] GC(482) Survivor regions: 1->1(31)
[89.615s][info][gc,heap        ] GC(482) Old regions: 45->45
[89.615s][info][gc,heap        ] GC(482) Humongous regions: 6->6
[89.615s][info][gc,metaspace   ] GC(482) Metaspace: 71526K->71526K(1114112K)
[89.615s][info][gc             ] GC(482) Pause Young (Normal) (G1 Evacuation Pause) 290M->49M(404M) 3.367ms
[89.615s][info][gc,cpu         ] GC(482) User=0.01s Sys=0.00s Real=0.00s
[89.750s][info][gc,start       ] GC(483) Pause Young (Normal) (G1 Evacuation Pause)
[89.750s][info][gc,task        ] GC(483) Using 1 workers of 1 for evacuation
[89.754s][info][gc,phases      ] GC(483)   Pre Evacuate Collection Set: 0.0ms
[89.754s][info][gc,phases      ] GC(483)   Evacuate Collection Set: 2.9ms
[89.754s][info][gc,phases      ] GC(483)   Post Evacuate Collection Set: 0.4ms
[89.754s][info][gc,phases      ] GC(483)   Other: 0.3ms
[89.754s][info][gc,heap        ] GC(483) Eden regions: 241->0(241)
[89.754s][info][gc,heap        ] GC(483) Survivor regions: 1->1(31)
[89.754s][info][gc,heap        ] GC(483) Old regions: 45->45
[89.754s][info][gc,heap        ] GC(483) Humongous regions: 6->6
[89.754s][info][gc,metaspace   ] GC(483) Metaspace: 71526K->71526K(1114112K)
[89.754s][info][gc             ] GC(483) Pause Young (Normal) (G1 Evacuation Pause) 290M->49M(404M) 3.610ms
[89.754s][info][gc,cpu         ] GC(483) User=0.00s Sys=0.00s Real=0.00s
[89.876s][info][gc,start       ] GC(484) Pause Young (Normal) (G1 Evacuation Pause)
[89.876s][info][gc,task        ] GC(484) Using 1 workers of 1 for evacuation
[89.879s][info][gc,phases      ] GC(484)   Pre Evacuate Collection Set: 0.0ms
[89.879s][info][gc,phases      ] GC(484)   Evacuate Collection Set: 2.6ms
[89.879s][info][gc,phases      ] GC(484)   Post Evacuate Collection Set: 0.3ms
[89.879s][info][gc,phases      ] GC(484)   Other: 0.3ms
[89.879s][info][gc,heap        ] GC(484) Eden regions: 241->0(241)
[89.879s][info][gc,heap        ] GC(484) Survivor regions: 1->1(31)
[89.879s][info][gc,heap        ] GC(484) Old regions: 45->45
[89.879s][info][gc,heap        ] GC(484) Humongous regions: 6->6
[89.879s][info][gc,metaspace   ] GC(484) Metaspace: 71526K->71526K(1114112K)
[89.879s][info][gc             ] GC(484) Pause Young (Normal) (G1 Evacuation Pause) 290M->49M(404M) 3.291ms
[89.879s][info][gc,cpu         ] GC(484) User=0.00s Sys=0.00s Real=0.01s
[90.032s][info][gc,start       ] GC(485) Pause Young (Normal) (G1 Evacuation Pause)
[90.032s][info][gc,task        ] GC(485) Using 1 workers of 1 for evacuation
[90.035s][info][gc,phases      ] GC(485)   Pre Evacuate Collection Set: 0.0ms
[90.035s][info][gc,phases      ] GC(485)   Evacuate Collection Set: 2.7ms
[90.036s][info][gc,phases      ] GC(485)   Post Evacuate Collection Set: 0.3ms
[90.036s][info][gc,phases      ] GC(485)   Other: 0.4ms
[90.036s][info][gc,heap        ] GC(485) Eden regions: 241->0(241)
[90.036s][info][gc,heap        ] GC(485) Survivor regions: 1->1(31)
[90.036s][info][gc,heap        ] GC(485) Old regions: 45->45
[90.036s][info][gc,heap        ] GC(485) Humongous regions: 6->6
[90.036s][info][gc,metaspace   ] GC(485) Metaspace: 71526K->71526K(1114112K)
[90.036s][info][gc             ] GC(485) Pause Young (Normal) (G1 Evacuation Pause) 290M->49M(404M) 3.428ms
[90.036s][info][gc,cpu         ] GC(485) User=0.00s Sys=0.00s Real=0.00s
[90.154s][info][gc,start       ] GC(486) Pause Young (Normal) (G1 Evacuation Pause)
[90.154s][info][gc,task        ] GC(486) Using 1 workers of 1 for evacuation
[90.157s][info][gc,phases      ] GC(486)   Pre Evacuate Collection Set: 0.0ms
[90.157s][info][gc,phases      ] GC(486)   Evacuate Collection Set: 2.6ms
[90.157s][info][gc,phases      ] GC(486)   Post Evacuate Collection Set: 0.3ms
[90.157s][info][gc,phases      ] GC(486)   Other: 0.3ms
[90.157s][info][gc,heap        ] GC(486) Eden regions: 241->0(241)
[90.157s][info][gc,heap        ] GC(486) Survivor regions: 1->1(31)
[90.157s][info][gc,heap        ] GC(486) Old regions: 45->45
[90.157s][info][gc,heap        ] GC(486) Humongous regions: 6->6
[90.157s][info][gc,metaspace   ] GC(486) Metaspace: 71526K->71526K(1114112K)
[90.157s][info][gc             ] GC(486) Pause Young (Normal) (G1 Evacuation Pause) 290M->49M(404M) 3.254ms
[90.157s][info][gc,cpu         ] GC(486) User=0.01s Sys=0.00s Real=0.00s
[90.386s][info][gc,start       ] GC(487) Pause Young (Normal) (G1 Evacuation Pause)
[90.386s][info][gc,task        ] GC(487) Using 1 workers of 1 for evacuation
[90.391s][info][gc,phases      ] GC(487)   Pre Evacuate Collection Set: 0.0ms
[90.391s][info][gc,phases      ] GC(487)   Evacuate Collection Set: 3.6ms
[90.391s][info][gc,phases      ] GC(487)   Post Evacuate Collection Set: 0.4ms
[90.391s][info][gc,phases      ] GC(487)   Other: 0.8ms
[90.391s][info][gc,heap        ] GC(487) Eden regions: 241->0(241)
[90.391s][info][gc,heap        ] GC(487) Survivor regions: 1->1(31)
[90.391s][info][gc,heap        ] GC(487) Old regions: 45->45
[90.391s][info][gc,heap        ] GC(487) Humongous regions: 11->6
[90.391s][info][gc,metaspace   ] GC(487) Metaspace: 71531K->71531K(1114112K)
[90.391s][info][gc             ] GC(487) Pause Young (Normal) (G1 Evacuation Pause) 295M->48M(404M) 4.875ms
[90.391s][info][gc,cpu         ] GC(487) User=0.01s Sys=0.00s Real=0.01s
[90.518s][info][gc,start       ] GC(488) Pause Young (Normal) (G1 Evacuation Pause)
[90.518s][info][gc,task        ] GC(488) Using 1 workers of 1 for evacuation
[90.521s][info][gc,phases      ] GC(488)   Pre Evacuate Collection Set: 0.0ms
[90.521s][info][gc,phases      ] GC(488)   Evacuate Collection Set: 2.4ms
[90.521s][info][gc,phases      ] GC(488)   Post Evacuate Collection Set: 0.4ms
[90.521s][info][gc,phases      ] GC(488)   Other: 0.3ms
[90.521s][info][gc,heap        ] GC(488) Eden regions: 241->0(241)
[90.521s][info][gc,heap        ] GC(488) Survivor regions: 1->1(31)
[90.521s][info][gc,heap        ] GC(488) Old regions: 45->45
[90.521s][info][gc,heap        ] GC(488) Humongous regions: 6->6
[90.521s][info][gc,metaspace   ] GC(488) Metaspace: 71531K->71531K(1114112K)
[90.521s][info][gc             ] GC(488) Pause Young (Normal) (G1 Evacuation Pause) 289M->48M(404M) 3.117ms
[90.521s][info][gc,cpu         ] GC(488) User=0.01s Sys=0.00s Real=0.01s
[90.641s][info][gc,start       ] GC(489) Pause Young (Normal) (G1 Evacuation Pause)
[90.641s][info][gc,task        ] GC(489) Using 1 workers of 1 for evacuation
[90.644s][info][gc,phases      ] GC(489)   Pre Evacuate Collection Set: 0.0ms
[90.644s][info][gc,phases      ] GC(489)   Evacuate Collection Set: 2.3ms
[90.644s][info][gc,phases      ] GC(489)   Post Evacuate Collection Set: 0.4ms
[90.644s][info][gc,phases      ] GC(489)   Other: 0.3ms
[90.644s][info][gc,heap        ] GC(489) Eden regions: 241->0(241)
[90.644s][info][gc,heap        ] GC(489) Survivor regions: 1->1(31)
[90.644s][info][gc,heap        ] GC(489) Old regions: 45->45
[90.644s][info][gc,heap        ] GC(489) Humongous regions: 6->6
[90.644s][info][gc,metaspace   ] GC(489) Metaspace: 71531K->71531K(1114112K)
[90.644s][info][gc             ] GC(489) Pause Young (Normal) (G1 Evacuation Pause) 289M->48M(404M) 3.101ms
[90.645s][info][gc,cpu         ] GC(489) User=0.00s Sys=0.00s Real=0.00s
[90.774s][info][gc,start       ] GC(490) Pause Young (Normal) (G1 Evacuation Pause)
[90.774s][info][gc,task        ] GC(490) Using 1 workers of 1 for evacuation
[90.777s][info][gc,phases      ] GC(490)   Pre Evacuate Collection Set: 0.0ms
[90.777s][info][gc,phases      ] GC(490)   Evacuate Collection Set: 2.4ms
[90.777s][info][gc,phases      ] GC(490)   Post Evacuate Collection Set: 0.4ms
[90.777s][info][gc,phases      ] GC(490)   Other: 0.4ms
[90.777s][info][gc,heap        ] GC(490) Eden regions: 241->0(241)
[90.777s][info][gc,heap        ] GC(490) Survivor regions: 1->1(31)
[90.777s][info][gc,heap        ] GC(490) Old regions: 45->45
[90.777s][info][gc,heap        ] GC(490) Humongous regions: 6->6
[90.777s][info][gc,metaspace   ] GC(490) Metaspace: 71531K->71531K(1114112K)
[90.777s][info][gc             ] GC(490) Pause Young (Normal) (G1 Evacuation Pause) 289M->48M(404M) 3.271ms
[90.777s][info][gc,cpu         ] GC(490) User=0.01s Sys=0.00s Real=0.00s
[90.961s][info][gc,start       ] GC(491) Pause Young (Normal) (G1 Evacuation Pause)
[90.961s][info][gc,task        ] GC(491) Using 1 workers of 1 for evacuation
[90.964s][info][gc,phases      ] GC(491)   Pre Evacuate Collection Set: 0.0ms
[90.964s][info][gc,phases      ] GC(491)   Evacuate Collection Set: 2.4ms
[90.964s][info][gc,phases      ] GC(491)   Post Evacuate Collection Set: 0.3ms
[90.964s][info][gc,phases      ] GC(491)   Other: 0.4ms
[90.964s][info][gc,heap        ] GC(491) Eden regions: 241->0(241)
[90.964s][info][gc,heap        ] GC(491) Survivor regions: 1->1(31)
[90.964s][info][gc,heap        ] GC(491) Old regions: 45->45
[90.964s][info][gc,heap        ] GC(491) Humongous regions: 6->6
[90.964s][info][gc,metaspace   ] GC(491) Metaspace: 71531K->71531K(1114112K)
[90.964s][info][gc             ] GC(491) Pause Young (Normal) (G1 Evacuation Pause) 289M->48M(404M) 3.199ms
[90.964s][info][gc,cpu         ] GC(491) User=0.00s Sys=0.00s Real=0.00s
[91.094s][info][gc,start       ] GC(492) Pause Young (Normal) (G1 Evacuation Pause)
[91.094s][info][gc,task        ] GC(492) Using 1 workers of 1 for evacuation
[91.098s][info][gc,phases      ] GC(492)   Pre Evacuate Collection Set: 0.0ms
[91.098s][info][gc,phases      ] GC(492)   Evacuate Collection Set: 2.5ms
[91.098s][info][gc,phases      ] GC(492)   Post Evacuate Collection Set: 0.3ms
[91.098s][info][gc,phases      ] GC(492)   Other: 0.4ms
[91.098s][info][gc,heap        ] GC(492) Eden regions: 241->0(241)
[91.098s][info][gc,heap        ] GC(492) Survivor regions: 1->1(31)
[91.098s][info][gc,heap        ] GC(492) Old regions: 45->45
[91.098s][info][gc,heap        ] GC(492) Humongous regions: 6->6
[91.098s][info][gc,metaspace   ] GC(492) Metaspace: 71531K->71531K(1114112K)
[91.098s][info][gc             ] GC(492) Pause Young (Normal) (G1 Evacuation Pause) 289M->49M(404M) 3.296ms
[91.098s][info][gc,cpu         ] GC(492) User=0.01s Sys=0.00s Real=0.00s
[91.223s][info][gc,start       ] GC(493) Pause Young (Normal) (G1 Evacuation Pause)
[91.223s][info][gc,task        ] GC(493) Using 1 workers of 1 for evacuation
[91.227s][info][gc,phases      ] GC(493)   Pre Evacuate Collection Set: 0.0ms
[91.227s][info][gc,phases      ] GC(493)   Evacuate Collection Set: 2.6ms
[91.227s][info][gc,phases      ] GC(493)   Post Evacuate Collection Set: 0.3ms
[91.227s][info][gc,phases      ] GC(493)   Other: 0.3ms
[91.227s][info][gc,heap        ] GC(493) Eden regions: 241->0(241)
[91.227s][info][gc,heap        ] GC(493) Survivor regions: 1->1(31)
[91.227s][info][gc,heap        ] GC(493) Old regions: 45->45
[91.227s][info][gc,heap        ] GC(493) Humongous regions: 6->6
[91.227s][info][gc,metaspace   ] GC(493) Metaspace: 71531K->71531K(1114112K)
[91.227s][info][gc             ] GC(493) Pause Young (Normal) (G1 Evacuation Pause) 290M->49M(404M) 3.420ms
[91.227s][info][gc,cpu         ] GC(493) User=0.00s Sys=0.00s Real=0.01s
[91.397s][info][gc,start       ] GC(494) Pause Young (Normal) (G1 Evacuation Pause)
[91.397s][info][gc,task        ] GC(494) Using 1 workers of 1 for evacuation
[91.400s][info][gc,phases      ] GC(494)   Pre Evacuate Collection Set: 0.0ms
[91.400s][info][gc,phases      ] GC(494)   Evacuate Collection Set: 2.8ms
[91.400s][info][gc,phases      ] GC(494)   Post Evacuate Collection Set: 0.4ms
[91.400s][info][gc,phases      ] GC(494)   Other: 0.4ms
[91.400s][info][gc,heap        ] GC(494) Eden regions: 241->0(241)
[91.400s][info][gc,heap        ] GC(494) Survivor regions: 1->1(31)
[91.400s][info][gc,heap        ] GC(494) Old regions: 45->45
[91.400s][info][gc,heap        ] GC(494) Humongous regions: 11->6
[91.400s][info][gc,metaspace   ] GC(494) Metaspace: 71533K->71533K(1114112K)
[91.400s][info][gc             ] GC(494) Pause Young (Normal) (G1 Evacuation Pause) 295M->49M(404M) 3.675ms
[91.400s][info][gc,cpu         ] GC(494) User=0.00s Sys=0.00s Real=0.01s
[91.528s][info][gc,start       ] GC(495) Pause Young (Normal) (G1 Evacuation Pause)
[91.528s][info][gc,task        ] GC(495) Using 1 workers of 1 for evacuation
[91.531s][info][gc,phases      ] GC(495)   Pre Evacuate Collection Set: 0.0ms
[91.531s][info][gc,phases      ] GC(495)   Evacuate Collection Set: 3.1ms
[91.531s][info][gc,phases      ] GC(495)   Post Evacuate Collection Set: 0.4ms
[91.531s][info][gc,phases      ] GC(495)   Other: 0.3ms
[91.531s][info][gc,heap        ] GC(495) Eden regions: 241->0(241)
[91.531s][info][gc,heap        ] GC(495) Survivor regions: 1->1(31)
[91.531s][info][gc,heap        ] GC(495) Old regions: 45->45
[91.531s][info][gc,heap        ] GC(495) Humongous regions: 6->6
[91.531s][info][gc,metaspace   ] GC(495) Metaspace: 71534K->71534K(1114112K)
[91.531s][info][gc             ] GC(495) Pause Young (Normal) (G1 Evacuation Pause) 290M->49M(404M) 3.822ms
[91.532s][info][gc,cpu         ] GC(495) User=0.01s Sys=0.00s Real=0.00s
[91.674s][info][gc,start       ] GC(496) Pause Young (Normal) (G1 Evacuation Pause)
[91.674s][info][gc,task        ] GC(496) Using 1 workers of 1 for evacuation
[91.677s][info][gc,phases      ] GC(496)   Pre Evacuate Collection Set: 0.0ms
[91.677s][info][gc,phases      ] GC(496)   Evacuate Collection Set: 2.7ms
[91.677s][info][gc,phases      ] GC(496)   Post Evacuate Collection Set: 0.4ms
[91.677s][info][gc,phases      ] GC(496)   Other: 0.3ms
[91.677s][info][gc,heap        ] GC(496) Eden regions: 241->0(241)
[91.677s][info][gc,heap        ] GC(496) Survivor regions: 1->1(31)
[91.677s][info][gc,heap        ] GC(496) Old regions: 45->45
[91.677s][info][gc,heap        ] GC(496) Humongous regions: 6->6
[91.677s][info][gc,metaspace   ] GC(496) Metaspace: 71534K->71534K(1114112K)
[91.677s][info][gc             ] GC(496) Pause Young (Normal) (G1 Evacuation Pause) 290M->49M(404M) 3.455ms
[91.677s][info][gc,cpu         ] GC(496) User=0.00s Sys=0.00s Real=0.00s
[91.857s][info][gc,start       ] GC(497) Pause Young (Normal) (G1 Evacuation Pause)
[91.857s][info][gc,task        ] GC(497) Using 1 workers of 1 for evacuation
[91.861s][info][gc,phases      ] GC(497)   Pre Evacuate Collection Set: 0.0ms
[91.861s][info][gc,phases      ] GC(497)   Evacuate Collection Set: 2.7ms
[91.861s][info][gc,phases      ] GC(497)   Post Evacuate Collection Set: 0.3ms
[91.861s][info][gc,phases      ] GC(497)   Other: 0.4ms
[91.861s][info][gc,heap        ] GC(497) Eden regions: 241->0(241)
[91.861s][info][gc,heap        ] GC(497) Survivor regions: 1->1(31)
[91.861s][info][gc,heap        ] GC(497) Old regions: 45->45
[91.861s][info][gc,heap        ] GC(497) Humongous regions: 6->6
[91.861s][info][gc,metaspace   ] GC(497) Metaspace: 71534K->71534K(1114112K)
[91.861s][info][gc             ] GC(497) Pause Young (Normal) (G1 Evacuation Pause) 290M->49M(404M) 3.583ms
[91.861s][info][gc,cpu         ] GC(497) User=0.01s Sys=0.00s Real=0.01s
[91.997s][info][gc,start       ] GC(498) Pause Young (Normal) (G1 Evacuation Pause)
[91.997s][info][gc,task        ] GC(498) Using 1 workers of 1 for evacuation
[92.001s][info][gc,phases      ] GC(498)   Pre Evacuate Collection Set: 0.0ms
[92.001s][info][gc,phases      ] GC(498)   Evacuate Collection Set: 3.3ms
[92.001s][info][gc,phases      ] GC(498)   Post Evacuate Collection Set: 0.4ms
[92.001s][info][gc,phases      ] GC(498)   Other: 0.4ms
[92.001s][info][gc,heap        ] GC(498) Eden regions: 241->0(241)
[92.001s][info][gc,heap        ] GC(498) Survivor regions: 1->1(31)
[92.001s][info][gc,heap        ] GC(498) Old regions: 45->45
[92.001s][info][gc,heap        ] GC(498) Humongous regions: 6->6
[92.001s][info][gc,metaspace   ] GC(498) Metaspace: 71534K->71534K(1114112K)
[92.001s][info][gc             ] GC(498) Pause Young (Normal) (G1 Evacuation Pause) 290M->49M(404M) 4.190ms
[92.001s][info][gc,cpu         ] GC(498) User=0.01s Sys=0.00s Real=0.01s
[92.125s][info][gc,start       ] GC(499) Pause Young (Normal) (G1 Evacuation Pause)
[92.126s][info][gc,task        ] GC(499) Using 1 workers of 1 for evacuation
[92.129s][info][gc,phases      ] GC(499)   Pre Evacuate Collection Set: 0.0ms
[92.129s][info][gc,phases      ] GC(499)   Evacuate Collection Set: 2.7ms
[92.129s][info][gc,phases      ] GC(499)   Post Evacuate Collection Set: 0.4ms
[92.129s][info][gc,phases      ] GC(499)   Other: 0.3ms
[92.129s][info][gc,heap        ] GC(499) Eden regions: 241->0(241)
[92.129s][info][gc,heap        ] GC(499) Survivor regions: 1->1(31)
[92.129s][info][gc,heap        ] GC(499) Old regions: 45->45
[92.129s][info][gc,heap        ] GC(499) Humongous regions: 6->6
[92.129s][info][gc,metaspace   ] GC(499) Metaspace: 71534K->71534K(1114112K)
[92.129s][info][gc             ] GC(499) Pause Young (Normal) (G1 Evacuation Pause) 290M->49M(404M) 3.522ms
[92.129s][info][gc,cpu         ] GC(499) User=0.00s Sys=0.00s Real=0.01s
[92.264s][info][gc,start       ] GC(500) Pause Young (Normal) (G1 Evacuation Pause)
[92.264s][info][gc,task        ] GC(500) Using 1 workers of 1 for evacuation
[92.267s][info][gc,phases      ] GC(500)   Pre Evacuate Collection Set: 0.0ms
[92.267s][info][gc,phases      ] GC(500)   Evacuate Collection Set: 2.7ms
[92.267s][info][gc,phases      ] GC(500)   Post Evacuate Collection Set: 0.3ms
[92.267s][info][gc,phases      ] GC(500)   Other: 0.3ms
[92.267s][info][gc,heap        ] GC(500) Eden regions: 241->0(241)
[92.267s][info][gc,heap        ] GC(500) Survivor regions: 1->1(31)
[92.267s][info][gc,heap        ] GC(500) Old regions: 45->45
[92.267s][info][gc,heap        ] GC(500) Humongous regions: 6->6
[92.267s][info][gc,metaspace   ] GC(500) Metaspace: 71534K->71534K(1114112K)
[92.267s][info][gc             ] GC(500) Pause Young (Normal) (G1 Evacuation Pause) 290M->49M(404M) 3.422ms
[92.267s][info][gc,cpu         ] GC(500) User=0.00s Sys=0.00s Real=0.01s
[92.393s][info][gc,start       ] GC(501) Pause Young (Normal) (G1 Evacuation Pause)
[92.393s][info][gc,task        ] GC(501) Using 1 workers of 1 for evacuation
[92.396s][info][gc,phases      ] GC(501)   Pre Evacuate Collection Set: 0.0ms
[92.396s][info][gc,phases      ] GC(501)   Evacuate Collection Set: 2.7ms
[92.396s][info][gc,phases      ] GC(501)   Post Evacuate Collection Set: 0.3ms
[92.396s][info][gc,phases      ] GC(501)   Other: 0.3ms
[92.396s][info][gc,heap        ] GC(501) Eden regions: 241->0(241)
[92.396s][info][gc,heap        ] GC(501) Survivor regions: 1->1(31)
[92.396s][info][gc,heap        ] GC(501) Old regions: 45->45
[92.396s][info][gc,heap        ] GC(501) Humongous regions: 6->6
[92.396s][info][gc,metaspace   ] GC(501) Metaspace: 71534K->71534K(1114112K)
[92.396s][info][gc             ] GC(501) Pause Young (Normal) (G1 Evacuation Pause) 290M->49M(404M) 3.352ms
[92.396s][info][gc,cpu         ] GC(501) User=0.00s Sys=0.00s Real=0.00s
[92.588s][info][gc,start       ] GC(502) Pause Young (Normal) (G1 Evacuation Pause)
[92.588s][info][gc,task        ] GC(502) Using 1 workers of 1 for evacuation
[92.591s][info][gc,phases      ] GC(502)   Pre Evacuate Collection Set: 0.0ms
[92.591s][info][gc,phases      ] GC(502)   Evacuate Collection Set: 2.5ms
[92.591s][info][gc,phases      ] GC(502)   Post Evacuate Collection Set: 0.4ms
[92.591s][info][gc,phases      ] GC(502)   Other: 0.3ms
[92.591s][info][gc,heap        ] GC(502) Eden regions: 241->0(241)
[92.591s][info][gc,heap        ] GC(502) Survivor regions: 1->1(31)
[92.591s][info][gc,heap        ] GC(502) Old regions: 45->45
[92.591s][info][gc,heap        ] GC(502) Humongous regions: 11->6
[92.591s][info][gc,metaspace   ] GC(502) Metaspace: 71537K->71537K(1114112K)
[92.591s][info][gc             ] GC(502) Pause Young (Normal) (G1 Evacuation Pause) 295M->49M(404M) 3.326ms
[92.591s][info][gc,cpu         ] GC(502) User=0.01s Sys=0.00s Real=0.00s
[92.714s][info][gc,start       ] GC(503) Pause Young (Normal) (G1 Evacuation Pause)
[92.714s][info][gc,task        ] GC(503) Using 1 workers of 1 for evacuation
[92.717s][info][gc,phases      ] GC(503)   Pre Evacuate Collection Set: 0.0ms
[92.717s][info][gc,phases      ] GC(503)   Evacuate Collection Set: 2.5ms
[92.717s][info][gc,phases      ] GC(503)   Post Evacuate Collection Set: 0.4ms
[92.717s][info][gc,phases      ] GC(503)   Other: 0.4ms
[92.717s][info][gc,heap        ] GC(503) Eden regions: 241->0(241)
[92.717s][info][gc,heap        ] GC(503) Survivor regions: 1->1(31)
[92.717s][info][gc,heap        ] GC(503) Old regions: 45->45
[92.717s][info][gc,heap        ] GC(503) Humongous regions: 6->6
[92.717s][info][gc,metaspace   ] GC(503) Metaspace: 71537K->71537K(1114112K)
[92.717s][info][gc             ] GC(503) Pause Young (Normal) (G1 Evacuation Pause) 290M->48M(404M) 3.351ms
[92.717s][info][gc,cpu         ] GC(503) User=0.00s Sys=0.00s Real=0.00s
[92.841s][info][gc,start       ] GC(504) Pause Young (Normal) (G1 Evacuation Pause)
[92.841s][info][gc,task        ] GC(504) Using 1 workers of 1 for evacuation
[92.847s][info][gc,phases      ] GC(504)   Pre Evacuate Collection Set: 0.0ms
[92.847s][info][gc,phases      ] GC(504)   Evacuate Collection Set: 4.7ms
[92.847s][info][gc,phases      ] GC(504)   Post Evacuate Collection Set: 0.9ms
[92.847s][info][gc,phases      ] GC(504)   Other: 0.4ms
[92.847s][info][gc,heap        ] GC(504) Eden regions: 241->0(241)
[92.847s][info][gc,heap        ] GC(504) Survivor regions: 1->1(31)
[92.847s][info][gc,heap        ] GC(504) Old regions: 45->45
[92.847s][info][gc,heap        ] GC(504) Humongous regions: 6->6
[92.847s][info][gc,metaspace   ] GC(504) Metaspace: 71537K->71537K(1114112K)
[92.848s][info][gc             ] GC(504) Pause Young (Normal) (G1 Evacuation Pause) 289M->48M(404M) 6.191ms
[92.848s][info][gc,cpu         ] GC(504) User=0.00s Sys=0.00s Real=0.01s
[92.973s][info][gc,start       ] GC(505) Pause Young (Normal) (G1 Evacuation Pause)
[92.973s][info][gc,task        ] GC(505) Using 1 workers of 1 for evacuation
[92.976s][info][gc,phases      ] GC(505)   Pre Evacuate Collection Set: 0.0ms
[92.976s][info][gc,phases      ] GC(505)   Evacuate Collection Set: 2.5ms
[92.976s][info][gc,phases      ] GC(505)   Post Evacuate Collection Set: 0.3ms
[92.976s][info][gc,phases      ] GC(505)   Other: 0.3ms
[92.976s][info][gc,heap        ] GC(505) Eden regions: 241->0(241)
[92.976s][info][gc,heap        ] GC(505) Survivor regions: 1->1(31)
[92.976s][info][gc,heap        ] GC(505) Old regions: 45->45
[92.976s][info][gc,heap        ] GC(505) Humongous regions: 6->6
[92.976s][info][gc,metaspace   ] GC(505) Metaspace: 71537K->71537K(1114112K)
[92.976s][info][gc             ] GC(505) Pause Young (Normal) (G1 Evacuation Pause) 289M->49M(404M) 3.285ms
[92.976s][info][gc,cpu         ] GC(505) User=0.00s Sys=0.00s Real=0.00s
[93.105s][info][gc,start       ] GC(506) Pause Young (Normal) (G1 Evacuation Pause)
[93.105s][info][gc,task        ] GC(506) Using 1 workers of 1 for evacuation
[93.109s][info][gc,phases      ] GC(506)   Pre Evacuate Collection Set: 0.0ms
[93.109s][info][gc,phases      ] GC(506)   Evacuate Collection Set: 3.5ms
[93.109s][info][gc,phases      ] GC(506)   Post Evacuate Collection Set: 0.4ms
[93.109s][info][gc,phases      ] GC(506)   Other: 0.4ms
[93.109s][info][gc,heap        ] GC(506) Eden regions: 241->0(241)
[93.109s][info][gc,heap        ] GC(506) Survivor regions: 1->1(31)
[93.109s][info][gc,heap        ] GC(506) Old regions: 45->45
[93.109s][info][gc,heap        ] GC(506) Humongous regions: 6->6
[93.109s][info][gc,metaspace   ] GC(506) Metaspace: 71537K->71537K(1114112K)
[93.109s][info][gc             ] GC(506) Pause Young (Normal) (G1 Evacuation Pause) 290M->49M(404M) 4.312ms
[93.109s][info][gc,cpu         ] GC(506) User=0.00s Sys=0.00s Real=0.01s
[93.247s][info][gc,start       ] GC(507) Pause Young (Normal) (G1 Evacuation Pause)
[93.247s][info][gc,task        ] GC(507) Using 1 workers of 1 for evacuation
[93.253s][info][gc,phases      ] GC(507)   Pre Evacuate Collection Set: 0.0ms
[93.253s][info][gc,phases      ] GC(507)   Evacuate Collection Set: 5.0ms
[93.253s][info][gc,phases      ] GC(507)   Post Evacuate Collection Set: 0.8ms
[93.253s][info][gc,phases      ] GC(507)   Other: 0.4ms
[93.253s][info][gc,heap        ] GC(507) Eden regions: 241->0(241)
[93.253s][info][gc,heap        ] GC(507) Survivor regions: 1->1(31)
[93.253s][info][gc,heap        ] GC(507) Old regions: 45->45
[93.253s][info][gc,heap        ] GC(507) Humongous regions: 6->6
[93.253s][info][gc,metaspace   ] GC(507) Metaspace: 71537K->71537K(1114112K)
[93.253s][info][gc             ] GC(507) Pause Young (Normal) (G1 Evacuation Pause) 290M->49M(404M) 6.382ms
[93.253s][info][gc,cpu         ] GC(507) User=0.01s Sys=0.00s Real=0.00s
[93.388s][info][gc,start       ] GC(508) Pause Young (Normal) (G1 Evacuation Pause)
[93.389s][info][gc,task        ] GC(508) Using 1 workers of 1 for evacuation
[93.392s][info][gc,phases      ] GC(508)   Pre Evacuate Collection Set: 0.0ms
[93.392s][info][gc,phases      ] GC(508)   Evacuate Collection Set: 3.3ms
[93.392s][info][gc,phases      ] GC(508)   Post Evacuate Collection Set: 0.4ms
[93.392s][info][gc,phases      ] GC(508)   Other: 0.4ms
[93.393s][info][gc,heap        ] GC(508) Eden regions: 241->0(241)
[93.393s][info][gc,heap        ] GC(508) Survivor regions: 1->1(31)
[93.393s][info][gc,heap        ] GC(508) Old regions: 45->45
[93.393s][info][gc,heap        ] GC(508) Humongous regions: 6->6
[93.393s][info][gc,metaspace   ] GC(508) Metaspace: 71537K->71537K(1114112K)
[93.393s][info][gc             ] GC(508) Pause Young (Normal) (G1 Evacuation Pause) 290M->49M(404M) 4.091ms
[93.393s][info][gc,cpu         ] GC(508) User=0.01s Sys=0.00s Real=0.00s
[93.512s][info][gc,start       ] GC(509) Pause Young (Normal) (G1 Evacuation Pause)
[93.512s][info][gc,task        ] GC(509) Using 1 workers of 1 for evacuation
[93.516s][info][gc,phases      ] GC(509)   Pre Evacuate Collection Set: 0.0ms
[93.516s][info][gc,phases      ] GC(509)   Evacuate Collection Set: 2.8ms
[93.516s][info][gc,phases      ] GC(509)   Post Evacuate Collection Set: 0.4ms
[93.516s][info][gc,phases      ] GC(509)   Other: 0.4ms
[93.516s][info][gc,heap        ] GC(509) Eden regions: 241->0(241)
[93.516s][info][gc,heap        ] GC(509) Survivor regions: 1->1(31)
[93.516s][info][gc,heap        ] GC(509) Old regions: 45->45
[93.516s][info][gc,heap        ] GC(509) Humongous regions: 6->6
[93.516s][info][gc,metaspace   ] GC(509) Metaspace: 71537K->71537K(1114112K)
[93.516s][info][gc             ] GC(509) Pause Young (Normal) (G1 Evacuation Pause) 290M->49M(404M) 3.669ms
[93.516s][info][gc,cpu         ] GC(509) User=0.00s Sys=0.00s Real=0.00s
[93.689s][info][gc,start       ] GC(510) Pause Young (Normal) (G1 Evacuation Pause)
[93.690s][info][gc,task        ] GC(510) Using 1 workers of 1 for evacuation
[93.693s][info][gc,phases      ] GC(510)   Pre Evacuate Collection Set: 0.0ms
[93.693s][info][gc,phases      ] GC(510)   Evacuate Collection Set: 2.7ms
[93.693s][info][gc,phases      ] GC(510)   Post Evacuate Collection Set: 0.4ms
[93.693s][info][gc,phases      ] GC(510)   Other: 0.3ms
[93.693s][info][gc,heap        ] GC(510) Eden regions: 241->0(241)
[93.693s][info][gc,heap        ] GC(510) Survivor regions: 1->1(31)
[93.693s][info][gc,heap        ] GC(510) Old regions: 45->45
[93.693s][info][gc,heap        ] GC(510) Humongous regions: 11->6
[93.693s][info][gc,metaspace   ] GC(510) Metaspace: 71538K->71538K(1114112K)
[93.693s][info][gc             ] GC(510) Pause Young (Normal) (G1 Evacuation Pause) 295M->49M(404M) 3.482ms
[93.693s][info][gc,cpu         ] GC(510) User=0.01s Sys=0.00s Real=0.00s
[93.811s][info][gc,start       ] GC(511) Pause Young (Normal) (G1 Evacuation Pause)
[93.811s][info][gc,task        ] GC(511) Using 1 workers of 1 for evacuation
[93.814s][info][gc,phases      ] GC(511)   Pre Evacuate Collection Set: 0.0ms
[93.814s][info][gc,phases      ] GC(511)   Evacuate Collection Set: 2.5ms
[93.814s][info][gc,phases      ] GC(511)   Post Evacuate Collection Set: 0.3ms
[93.814s][info][gc,phases      ] GC(511)   Other: 0.3ms
[93.814s][info][gc,heap        ] GC(511) Eden regions: 241->0(241)
[93.814s][info][gc,heap        ] GC(511) Survivor regions: 1->1(31)
[93.814s][info][gc,heap        ] GC(511) Old regions: 45->45
[93.814s][info][gc,heap        ] GC(511) Humongous regions: 6->6
[93.814s][info][gc,metaspace   ] GC(511) Metaspace: 71538K->71538K(1114112K)
[93.814s][info][gc             ] GC(511) Pause Young (Normal) (G1 Evacuation Pause) 290M->49M(404M) 3.375ms
[93.814s][info][gc,cpu         ] GC(511) User=0.01s Sys=0.00s Real=0.00s
[93.931s][info][gc,start       ] GC(512) Pause Young (Normal) (G1 Evacuation Pause)
[93.931s][info][gc,task        ] GC(512) Using 1 workers of 1 for evacuation
[93.934s][info][gc,phases      ] GC(512)   Pre Evacuate Collection Set: 0.0ms
[93.934s][info][gc,phases      ] GC(512)   Evacuate Collection Set: 2.5ms
[93.934s][info][gc,phases      ] GC(512)   Post Evacuate Collection Set: 0.3ms
[93.934s][info][gc,phases      ] GC(512)   Other: 0.3ms
[93.934s][info][gc,heap        ] GC(512) Eden regions: 241->0(241)
[93.934s][info][gc,heap        ] GC(512) Survivor regions: 1->1(31)
[93.934s][info][gc,heap        ] GC(512) Old regions: 45->45
[93.934s][info][gc,heap        ] GC(512) Humongous regions: 6->6
[93.934s][info][gc,metaspace   ] GC(512) Metaspace: 71538K->71538K(1114112K)
[93.934s][info][gc             ] GC(512) Pause Young (Normal) (G1 Evacuation Pause) 290M->49M(404M) 3.197ms
[93.934s][info][gc,cpu         ] GC(512) User=0.01s Sys=0.00s Real=0.00s
[94.051s][info][gc,start       ] GC(513) Pause Young (Normal) (G1 Evacuation Pause)
[94.051s][info][gc,task        ] GC(513) Using 1 workers of 1 for evacuation
[94.054s][info][gc,phases      ] GC(513)   Pre Evacuate Collection Set: 0.0ms
[94.054s][info][gc,phases      ] GC(513)   Evacuate Collection Set: 2.5ms
[94.054s][info][gc,phases      ] GC(513)   Post Evacuate Collection Set: 0.3ms
[94.054s][info][gc,phases      ] GC(513)   Other: 0.4ms
[94.054s][info][gc,heap        ] GC(513) Eden regions: 241->0(241)
[94.054s][info][gc,heap        ] GC(513) Survivor regions: 1->1(31)
[94.054s][info][gc,heap        ] GC(513) Old regions: 45->45
[94.054s][info][gc,heap        ] GC(513) Humongous regions: 6->6
[94.054s][info][gc,metaspace   ] GC(513) Metaspace: 71538K->71538K(1114112K)
[94.054s][info][gc             ] GC(513) Pause Young (Normal) (G1 Evacuation Pause) 290M->49M(404M) 3.282ms
[94.054s][info][gc,cpu         ] GC(513) User=0.01s Sys=0.00s Real=0.00s
[94.172s][info][gc,start       ] GC(514) Pause Young (Normal) (G1 Evacuation Pause)
[94.172s][info][gc,task        ] GC(514) Using 1 workers of 1 for evacuation
[94.175s][info][gc,phases      ] GC(514)   Pre Evacuate Collection Set: 0.0ms
[94.175s][info][gc,phases      ] GC(514)   Evacuate Collection Set: 2.6ms
[94.175s][info][gc,phases      ] GC(514)   Post Evacuate Collection Set: 0.3ms
[94.175s][info][gc,phases      ] GC(514)   Other: 0.3ms
[94.175s][info][gc,heap        ] GC(514) Eden regions: 241->0(241)
[94.175s][info][gc,heap        ] GC(514) Survivor regions: 1->1(31)
[94.175s][info][gc,heap        ] GC(514) Old regions: 45->45
[94.175s][info][gc,heap        ] GC(514) Humongous regions: 6->6
[94.175s][info][gc,metaspace   ] GC(514) Metaspace: 71538K->71538K(1114112K)
[94.175s][info][gc             ] GC(514) Pause Young (Normal) (G1 Evacuation Pause) 290M->49M(404M) 3.672ms
[94.175s][info][gc,cpu         ] GC(514) User=0.01s Sys=0.00s Real=0.00s
[94.292s][info][gc,start       ] GC(515) Pause Young (Normal) (G1 Evacuation Pause)
[94.292s][info][gc,task        ] GC(515) Using 1 workers of 1 for evacuation
[94.296s][info][gc,phases      ] GC(515)   Pre Evacuate Collection Set: 0.0ms
[94.296s][info][gc,phases      ] GC(515)   Evacuate Collection Set: 2.6ms
[94.296s][info][gc,phases      ] GC(515)   Post Evacuate Collection Set: 0.3ms
[94.296s][info][gc,phases      ] GC(515)   Other: 0.3ms
[94.296s][info][gc,heap        ] GC(515) Eden regions: 241->0(241)
[94.296s][info][gc,heap        ] GC(515) Survivor regions: 1->1(31)
[94.296s][info][gc,heap        ] GC(515) Old regions: 45->45
[94.296s][info][gc,heap        ] GC(515) Humongous regions: 6->6
[94.296s][info][gc,metaspace   ] GC(515) Metaspace: 71538K->71538K(1114112K)
[94.296s][info][gc             ] GC(515) Pause Young (Normal) (G1 Evacuation Pause) 290M->49M(404M) 3.347ms
[94.296s][info][gc,cpu         ] GC(515) User=0.01s Sys=0.00s Real=0.00s
[94.416s][info][gc,start       ] GC(516) Pause Young (Normal) (G1 Evacuation Pause)
[94.416s][info][gc,task        ] GC(516) Using 1 workers of 1 for evacuation
[94.420s][info][gc,phases      ] GC(516)   Pre Evacuate Collection Set: 0.0ms
[94.420s][info][gc,phases      ] GC(516)   Evacuate Collection Set: 2.9ms
[94.420s][info][gc,phases      ] GC(516)   Post Evacuate Collection Set: 0.5ms
[94.420s][info][gc,phases      ] GC(516)   Other: 0.4ms
[94.420s][info][gc,heap        ] GC(516) Eden regions: 241->0(241)
[94.420s][info][gc,heap        ] GC(516) Survivor regions: 1->1(31)
[94.420s][info][gc,heap        ] GC(516) Old regions: 45->45
[94.420s][info][gc,heap        ] GC(516) Humongous regions: 6->6
[94.420s][info][gc,metaspace   ] GC(516) Metaspace: 71538K->71538K(1114112K)
[94.420s][info][gc             ] GC(516) Pause Young (Normal) (G1 Evacuation Pause) 290M->49M(404M) 3.980ms
[94.420s][info][gc,cpu         ] GC(516) User=0.00s Sys=0.00s Real=0.01s
[94.615s][info][gc,start       ] GC(517) Pause Young (Normal) (G1 Evacuation Pause)
[94.615s][info][gc,task        ] GC(517) Using 1 workers of 1 for evacuation
[94.618s][info][gc,phases      ] GC(517)   Pre Evacuate Collection Set: 0.0ms
[94.618s][info][gc,phases      ] GC(517)   Evacuate Collection Set: 2.4ms
[94.618s][info][gc,phases      ] GC(517)   Post Evacuate Collection Set: 0.3ms
[94.618s][info][gc,phases      ] GC(517)   Other: 0.3ms
[94.618s][info][gc,heap        ] GC(517) Eden regions: 241->0(241)
[94.618s][info][gc,heap        ] GC(517) Survivor regions: 1->1(31)
[94.618s][info][gc,heap        ] GC(517) Old regions: 45->45
[94.618s][info][gc,heap        ] GC(517) Humongous regions: 11->6
[94.618s][info][gc,metaspace   ] GC(517) Metaspace: 71539K->71539K(1114112K)
[94.618s][info][gc             ] GC(517) Pause Young (Normal) (G1 Evacuation Pause) 295M->49M(404M) 3.175ms
[94.618s][info][gc,cpu         ] GC(517) User=0.00s Sys=0.00s Real=0.00s
[94.830s][info][gc,start       ] GC(518) Pause Young (Normal) (G1 Evacuation Pause)
[94.830s][info][gc,task        ] GC(518) Using 1 workers of 1 for evacuation
[94.833s][info][gc,phases      ] GC(518)   Pre Evacuate Collection Set: 0.0ms
[94.833s][info][gc,phases      ] GC(518)   Evacuate Collection Set: 2.3ms
[94.833s][info][gc,phases      ] GC(518)   Post Evacuate Collection Set: 0.3ms
[94.833s][info][gc,phases      ] GC(518)   Other: 0.4ms
[94.833s][info][gc,heap        ] GC(518) Eden regions: 241->0(241)
[94.833s][info][gc,heap        ] GC(518) Survivor regions: 1->1(31)
[94.833s][info][gc,heap        ] GC(518) Old regions: 45->45
[94.833s][info][gc,heap        ] GC(518) Humongous regions: 6->6
[94.833s][info][gc,metaspace   ] GC(518) Metaspace: 71539K->71539K(1114112K)
[94.833s][info][gc             ] GC(518) Pause Young (Normal) (G1 Evacuation Pause) 290M->49M(404M) 3.092ms
[94.833s][info][gc,cpu         ] GC(518) User=0.00s Sys=0.00s Real=0.00s
[95.010s][info][gc,start       ] GC(519) Pause Young (Normal) (G1 Evacuation Pause)
[95.010s][info][gc,task        ] GC(519) Using 1 workers of 1 for evacuation
[95.014s][info][gc,phases      ] GC(519)   Pre Evacuate Collection Set: 0.0ms
[95.015s][info][gc,phases      ] GC(519)   Evacuate Collection Set: 3.5ms
[95.015s][info][gc,phases      ] GC(519)   Post Evacuate Collection Set: 0.5ms
[95.015s][info][gc,phases      ] GC(519)   Other: 0.6ms
[95.015s][info][gc,heap        ] GC(519) Eden regions: 241->0(241)
[95.015s][info][gc,heap        ] GC(519) Survivor regions: 1->1(31)
[95.015s][info][gc,heap        ] GC(519) Old regions: 45->45
[95.015s][info][gc,heap        ] GC(519) Humongous regions: 6->6
[95.015s][info][gc,metaspace   ] GC(519) Metaspace: 71539K->71539K(1114112K)
[95.015s][info][gc             ] GC(519) Pause Young (Normal) (G1 Evacuation Pause) 290M->49M(404M) 4.560ms
[95.015s][info][gc,cpu         ] GC(519) User=0.00s Sys=0.00s Real=0.00s
[95.184s][info][gc,start       ] GC(520) Pause Young (Normal) (G1 Evacuation Pause)
[95.184s][info][gc,task        ] GC(520) Using 1 workers of 1 for evacuation
[95.187s][info][gc,phases      ] GC(520)   Pre Evacuate Collection Set: 0.0ms
[95.187s][info][gc,phases      ] GC(520)   Evacuate Collection Set: 2.3ms
[95.187s][info][gc,phases      ] GC(520)   Post Evacuate Collection Set: 0.4ms
[95.187s][info][gc,phases      ] GC(520)   Other: 0.4ms
[95.187s][info][gc,heap        ] GC(520) Eden regions: 241->0(241)
[95.187s][info][gc,heap        ] GC(520) Survivor regions: 1->1(31)
[95.187s][info][gc,heap        ] GC(520) Old regions: 45->45
[95.187s][info][gc,heap        ] GC(520) Humongous regions: 6->6
[95.187s][info][gc,metaspace   ] GC(520) Metaspace: 71539K->71539K(1114112K)
[95.187s][info][gc             ] GC(520) Pause Young (Normal) (G1 Evacuation Pause) 290M->49M(404M) 3.245ms
[95.187s][info][gc,cpu         ] GC(520) User=0.00s Sys=0.00s Real=0.01s
[95.348s][info][gc,start       ] GC(521) Pause Young (Normal) (G1 Evacuation Pause)
[95.348s][info][gc,task        ] GC(521) Using 1 workers of 1 for evacuation
[95.351s][info][gc,phases      ] GC(521)   Pre Evacuate Collection Set: 0.0ms
[95.351s][info][gc,phases      ] GC(521)   Evacuate Collection Set: 2.4ms
[95.351s][info][gc,phases      ] GC(521)   Post Evacuate Collection Set: 0.3ms
[95.351s][info][gc,phases      ] GC(521)   Other: 0.3ms
[95.351s][info][gc,heap        ] GC(521) Eden regions: 241->0(241)
[95.351s][info][gc,heap        ] GC(521) Survivor regions: 1->1(31)
[95.351s][info][gc,heap        ] GC(521) Old regions: 45->45
[95.351s][info][gc,heap        ] GC(521) Humongous regions: 6->6
[95.351s][info][gc,metaspace   ] GC(521) Metaspace: 71539K->71539K(1114112K)
[95.351s][info][gc             ] GC(521) Pause Young (Normal) (G1 Evacuation Pause) 290M->49M(404M) 3.084ms
[95.352s][info][gc,cpu         ] GC(521) User=0.00s Sys=0.00s Real=0.00s
[95.488s][info][gc,start       ] GC(522) Pause Young (Normal) (G1 Evacuation Pause)
[95.488s][info][gc,task        ] GC(522) Using 1 workers of 1 for evacuation
[95.491s][info][gc,phases      ] GC(522)   Pre Evacuate Collection Set: 0.0ms
[95.491s][info][gc,phases      ] GC(522)   Evacuate Collection Set: 2.4ms
[95.491s][info][gc,phases      ] GC(522)   Post Evacuate Collection Set: 0.4ms
[95.491s][info][gc,phases      ] GC(522)   Other: 0.4ms
[95.491s][info][gc,heap        ] GC(522) Eden regions: 241->0(241)
[95.491s][info][gc,heap        ] GC(522) Survivor regions: 1->1(31)
[95.491s][info][gc,heap        ] GC(522) Old regions: 45->45
[95.491s][info][gc,heap        ] GC(522) Humongous regions: 6->6
[95.491s][info][gc,metaspace   ] GC(522) Metaspace: 71539K->71539K(1114112K)
[95.491s][info][gc             ] GC(522) Pause Young (Normal) (G1 Evacuation Pause) 290M->49M(404M) 3.210ms
[95.491s][info][gc,cpu         ] GC(522) User=0.00s Sys=0.00s Real=0.00s
[95.643s][info][gc,start       ] GC(523) Pause Young (Normal) (G1 Evacuation Pause)
[95.643s][info][gc,task        ] GC(523) Using 1 workers of 1 for evacuation
[95.646s][info][gc,phases      ] GC(523)   Pre Evacuate Collection Set: 0.0ms
[95.646s][info][gc,phases      ] GC(523)   Evacuate Collection Set: 2.4ms
[95.646s][info][gc,phases      ] GC(523)   Post Evacuate Collection Set: 0.4ms
[95.646s][info][gc,phases      ] GC(523)   Other: 0.3ms
[95.646s][info][gc,heap        ] GC(523) Eden regions: 241->0(241)
[95.646s][info][gc,heap        ] GC(523) Survivor regions: 1->1(31)
[95.646s][info][gc,heap        ] GC(523) Old regions: 45->45
[95.646s][info][gc,heap        ] GC(523) Humongous regions: 6->6
[95.646s][info][gc,metaspace   ] GC(523) Metaspace: 71539K->71539K(1114112K)
[95.646s][info][gc             ] GC(523) Pause Young (Normal) (G1 Evacuation Pause) 290M->49M(404M) 3.172ms
[95.646s][info][gc,cpu         ] GC(523) User=0.01s Sys=0.00s Real=0.00s
[95.796s][info][gc,start       ] GC(524) Pause Young (Normal) (G1 Evacuation Pause)
[95.796s][info][gc,task        ] GC(524) Using 1 workers of 1 for evacuation
[95.799s][info][gc,phases      ] GC(524)   Pre Evacuate Collection Set: 0.0ms
[95.799s][info][gc,phases      ] GC(524)   Evacuate Collection Set: 2.7ms
[95.799s][info][gc,phases      ] GC(524)   Post Evacuate Collection Set: 0.4ms
[95.799s][info][gc,phases      ] GC(524)   Other: 0.4ms
[95.799s][info][gc,heap        ] GC(524) Eden regions: 241->0(241)
[95.799s][info][gc,heap        ] GC(524) Survivor regions: 1->1(31)
[95.799s][info][gc,heap        ] GC(524) Old regions: 45->45
[95.799s][info][gc,heap        ] GC(524) Humongous regions: 6->6
[95.799s][info][gc,metaspace   ] GC(524) Metaspace: 71539K->71539K(1114112K)
[95.799s][info][gc             ] GC(524) Pause Young (Normal) (G1 Evacuation Pause) 290M->49M(404M) 3.523ms
[95.799s][info][gc,cpu         ] GC(524) User=0.00s Sys=0.00s Real=0.01s
[95.992s][info][gc,start       ] GC(525) Pause Young (Normal) (G1 Evacuation Pause)
[95.993s][info][gc,task        ] GC(525) Using 1 workers of 1 for evacuation
[95.996s][info][gc,phases      ] GC(525)   Pre Evacuate Collection Set: 0.0ms
[95.996s][info][gc,phases      ] GC(525)   Evacuate Collection Set: 2.8ms
[95.996s][info][gc,phases      ] GC(525)   Post Evacuate Collection Set: 0.4ms
[95.996s][info][gc,phases      ] GC(525)   Other: 0.4ms
[95.996s][info][gc,heap        ] GC(525) Eden regions: 241->0(241)
[95.996s][info][gc,heap        ] GC(525) Survivor regions: 1->1(31)
[95.996s][info][gc,heap        ] GC(525) Old regions: 45->45
[95.996s][info][gc,heap        ] GC(525) Humongous regions: 11->6
[95.996s][info][gc,metaspace   ] GC(525) Metaspace: 71546K->71546K(1114112K)
[95.996s][info][gc             ] GC(525) Pause Young (Normal) (G1 Evacuation Pause) 295M->49M(404M) 3.652ms
[95.996s][info][gc,cpu         ] GC(525) User=0.01s Sys=0.00s Real=0.00s
[96.122s][info][gc,start       ] GC(526) Pause Young (Normal) (G1 Evacuation Pause)
[96.122s][info][gc,task        ] GC(526) Using 1 workers of 1 for evacuation
[96.127s][info][gc,phases      ] GC(526)   Pre Evacuate Collection Set: 0.0ms
[96.127s][info][gc,phases      ] GC(526)   Evacuate Collection Set: 4.1ms
[96.127s][info][gc,phases      ] GC(526)   Post Evacuate Collection Set: 0.4ms
[96.127s][info][gc,phases      ] GC(526)   Other: 0.3ms
[96.127s][info][gc,heap        ] GC(526) Eden regions: 241->0(241)
[96.127s][info][gc,heap        ] GC(526) Survivor regions: 1->1(31)
[96.127s][info][gc,heap        ] GC(526) Old regions: 45->45
[96.127s][info][gc,heap        ] GC(526) Humongous regions: 6->6
[96.127s][info][gc,metaspace   ] GC(526) Metaspace: 71547K->71547K(1114112K)
[96.127s][info][gc             ] GC(526) Pause Young (Normal) (G1 Evacuation Pause) 290M->49M(404M) 4.941ms
[96.127s][info][gc,cpu         ] GC(526) User=0.01s Sys=0.00s Real=0.01s
[96.262s][info][gc,start       ] GC(527) Pause Young (Normal) (G1 Evacuation Pause)
[96.262s][info][gc,task        ] GC(527) Using 1 workers of 1 for evacuation
[96.266s][info][gc,phases      ] GC(527)   Pre Evacuate Collection Set: 0.0ms
[96.267s][info][gc,phases      ] GC(527)   Evacuate Collection Set: 3.9ms
[96.267s][info][gc,phases      ] GC(527)   Post Evacuate Collection Set: 0.4ms
[96.267s][info][gc,phases      ] GC(527)   Other: 0.4ms
[96.267s][info][gc,heap        ] GC(527) Eden regions: 241->0(241)
[96.267s][info][gc,heap        ] GC(527) Survivor regions: 1->1(31)
[96.267s][info][gc,heap        ] GC(527) Old regions: 45->45
[96.267s][info][gc,heap        ] GC(527) Humongous regions: 6->6
[96.267s][info][gc,metaspace   ] GC(527) Metaspace: 71547K->71547K(1114112K)
[96.267s][info][gc             ] GC(527) Pause Young (Normal) (G1 Evacuation Pause) 290M->49M(404M) 4.705ms
[96.267s][info][gc,cpu         ] GC(527) User=0.01s Sys=0.00s Real=0.01s
[96.397s][info][gc,start       ] GC(528) Pause Young (Normal) (G1 Evacuation Pause)
[96.398s][info][gc,task        ] GC(528) Using 1 workers of 1 for evacuation
[96.401s][info][gc,phases      ] GC(528)   Pre Evacuate Collection Set: 0.0ms
[96.401s][info][gc,phases      ] GC(528)   Evacuate Collection Set: 2.7ms
[96.401s][info][gc,phases      ] GC(528)   Post Evacuate Collection Set: 0.3ms
[96.401s][info][gc,phases      ] GC(528)   Other: 0.5ms
[96.401s][info][gc,heap        ] GC(528) Eden regions: 241->0(241)
[96.401s][info][gc,heap        ] GC(528) Survivor regions: 1->1(31)
[96.401s][info][gc,heap        ] GC(528) Old regions: 45->45
[96.401s][info][gc,heap        ] GC(528) Humongous regions: 6->6
[96.401s][info][gc,metaspace   ] GC(528) Metaspace: 71548K->71548K(1114112K)
[96.401s][info][gc             ] GC(528) Pause Young (Normal) (G1 Evacuation Pause) 290M->49M(404M) 3.577ms
[96.401s][info][gc,cpu         ] GC(528) User=0.00s Sys=0.00s Real=0.01s
[96.522s][info][gc,start       ] GC(529) Pause Young (Normal) (G1 Evacuation Pause)
[96.522s][info][gc,task        ] GC(529) Using 1 workers of 1 for evacuation
[96.525s][info][gc,phases      ] GC(529)   Pre Evacuate Collection Set: 0.0ms
[96.525s][info][gc,phases      ] GC(529)   Evacuate Collection Set: 2.7ms
[96.525s][info][gc,phases      ] GC(529)   Post Evacuate Collection Set: 0.4ms
[96.525s][info][gc,phases      ] GC(529)   Other: 0.3ms
[96.525s][info][gc,heap        ] GC(529) Eden regions: 241->0(241)
[96.525s][info][gc,heap        ] GC(529) Survivor regions: 1->1(31)
[96.525s][info][gc,heap        ] GC(529) Old regions: 45->45
[96.525s][info][gc,heap        ] GC(529) Humongous regions: 6->6
[96.525s][info][gc,metaspace   ] GC(529) Metaspace: 71548K->71548K(1114112K)
[96.525s][info][gc             ] GC(529) Pause Young (Normal) (G1 Evacuation Pause) 290M->49M(404M) 3.396ms
[96.525s][info][gc,cpu         ] GC(529) User=0.00s Sys=0.00s Real=0.00s
[96.646s][info][gc,start       ] GC(530) Pause Young (Normal) (G1 Evacuation Pause)
[96.647s][info][gc,task        ] GC(530) Using 1 workers of 1 for evacuation
[96.650s][info][gc,phases      ] GC(530)   Pre Evacuate Collection Set: 0.0ms
[96.650s][info][gc,phases      ] GC(530)   Evacuate Collection Set: 2.8ms
[96.650s][info][gc,phases      ] GC(530)   Post Evacuate Collection Set: 0.4ms
[96.650s][info][gc,phases      ] GC(530)   Other: 0.3ms
[96.650s][info][gc,heap        ] GC(530) Eden regions: 241->0(241)
[96.650s][info][gc,heap        ] GC(530) Survivor regions: 1->1(31)
[96.650s][info][gc,heap        ] GC(530) Old regions: 45->45
[96.650s][info][gc,heap        ] GC(530) Humongous regions: 6->6
[96.650s][info][gc,metaspace   ] GC(530) Metaspace: 71548K->71548K(1114112K)
[96.650s][info][gc             ] GC(530) Pause Young (Normal) (G1 Evacuation Pause) 290M->49M(404M) 3.558ms
[96.650s][info][gc,cpu         ] GC(530) User=0.01s Sys=0.00s Real=0.01s
[96.793s][info][gc,start       ] GC(531) Pause Young (Normal) (G1 Evacuation Pause)
[96.794s][info][gc,task        ] GC(531) Using 1 workers of 1 for evacuation
[96.797s][info][gc,phases      ] GC(531)   Pre Evacuate Collection Set: 0.0ms
[96.797s][info][gc,phases      ] GC(531)   Evacuate Collection Set: 2.5ms
[96.797s][info][gc,phases      ] GC(531)   Post Evacuate Collection Set: 0.4ms
[96.797s][info][gc,phases      ] GC(531)   Other: 0.4ms
[96.797s][info][gc,heap        ] GC(531) Eden regions: 241->0(241)
[96.797s][info][gc,heap        ] GC(531) Survivor regions: 1->1(31)
[96.797s][info][gc,heap        ] GC(531) Old regions: 45->45
[96.797s][info][gc,heap        ] GC(531) Humongous regions: 6->6
[96.797s][info][gc,metaspace   ] GC(531) Metaspace: 71548K->71548K(1114112K)
[96.797s][info][gc             ] GC(531) Pause Young (Normal) (G1 Evacuation Pause) 290M->49M(404M) 3.333ms
[96.797s][info][gc,cpu         ] GC(531) User=0.00s Sys=0.00s Real=0.00s
[96.916s][info][gc,start       ] GC(532) Pause Young (Normal) (G1 Evacuation Pause)
[96.916s][info][gc,task        ] GC(532) Using 1 workers of 1 for evacuation
[96.919s][info][gc,phases      ] GC(532)   Pre Evacuate Collection Set: 0.0ms
[96.919s][info][gc,phases      ] GC(532)   Evacuate Collection Set: 2.6ms
[96.919s][info][gc,phases      ] GC(532)   Post Evacuate Collection Set: 0.3ms
[96.919s][info][gc,phases      ] GC(532)   Other: 0.3ms
[96.919s][info][gc,heap        ] GC(532) Eden regions: 241->0(241)
[96.919s][info][gc,heap        ] GC(532) Survivor regions: 1->1(31)
[96.919s][info][gc,heap        ] GC(532) Old regions: 45->45
[96.919s][info][gc,heap        ] GC(532) Humongous regions: 6->6
[96.919s][info][gc,metaspace   ] GC(532) Metaspace: 71549K->71549K(1114112K)
[96.919s][info][gc             ] GC(532) Pause Young (Normal) (G1 Evacuation Pause) 290M->49M(404M) 3.326ms
[96.919s][info][gc,cpu         ] GC(532) User=0.01s Sys=0.00s Real=0.01s
[97.062s][info][gc,start       ] GC(533) Pause Young (Normal) (G1 Evacuation Pause)
[97.062s][info][gc,task        ] GC(533) Using 1 workers of 1 for evacuation
[97.065s][info][gc,phases      ] GC(533)   Pre Evacuate Collection Set: 0.0ms
[97.065s][info][gc,phases      ] GC(533)   Evacuate Collection Set: 2.5ms
[97.065s][info][gc,phases      ] GC(533)   Post Evacuate Collection Set: 0.3ms
[97.065s][info][gc,phases      ] GC(533)   Other: 0.3ms
[97.065s][info][gc,heap        ] GC(533) Eden regions: 241->0(241)
[97.065s][info][gc,heap        ] GC(533) Survivor regions: 1->1(31)
[97.065s][info][gc,heap        ] GC(533) Old regions: 45->45
[97.065s][info][gc,heap        ] GC(533) Humongous regions: 11->6
[97.065s][info][gc,metaspace   ] GC(533) Metaspace: 71553K->71553K(1114112K)
[97.065s][info][gc             ] GC(533) Pause Young (Normal) (G1 Evacuation Pause) 295M->49M(404M) 3.213ms
[97.065s][info][gc,cpu         ] GC(533) User=0.00s Sys=0.00s Real=0.00s
[97.187s][info][gc,start       ] GC(534) Pause Young (Normal) (G1 Evacuation Pause)
[97.187s][info][gc,task        ] GC(534) Using 1 workers of 1 for evacuation
[97.190s][info][gc,phases      ] GC(534)   Pre Evacuate Collection Set: 0.0ms
[97.190s][info][gc,phases      ] GC(534)   Evacuate Collection Set: 2.4ms
[97.190s][info][gc,phases      ] GC(534)   Post Evacuate Collection Set: 0.4ms
[97.190s][info][gc,phases      ] GC(534)   Other: 0.3ms
[97.190s][info][gc,heap        ] GC(534) Eden regions: 241->0(241)
[97.190s][info][gc,heap        ] GC(534) Survivor regions: 1->1(31)
[97.190s][info][gc,heap        ] GC(534) Old regions: 45->45
[97.190s][info][gc,heap        ] GC(534) Humongous regions: 6->6
[97.190s][info][gc,metaspace   ] GC(534) Metaspace: 71553K->71553K(1114112K)
[97.190s][info][gc             ] GC(534) Pause Young (Normal) (G1 Evacuation Pause) 290M->49M(404M) 3.113ms
[97.190s][info][gc,cpu         ] GC(534) User=0.01s Sys=0.00s Real=0.00s
[97.330s][info][gc,start       ] GC(535) Pause Young (Normal) (G1 Evacuation Pause)
[97.330s][info][gc,task        ] GC(535) Using 1 workers of 1 for evacuation
[97.333s][info][gc,phases      ] GC(535)   Pre Evacuate Collection Set: 0.0ms
[97.333s][info][gc,phases      ] GC(535)   Evacuate Collection Set: 2.6ms
[97.333s][info][gc,phases      ] GC(535)   Post Evacuate Collection Set: 0.3ms
[97.333s][info][gc,phases      ] GC(535)   Other: 0.4ms
[97.333s][info][gc,heap        ] GC(535) Eden regions: 241->0(241)
[97.333s][info][gc,heap        ] GC(535) Survivor regions: 1->1(31)
[97.333s][info][gc,heap        ] GC(535) Old regions: 45->45
[97.333s][info][gc,heap        ] GC(535) Humongous regions: 6->6
[97.333s][info][gc,metaspace   ] GC(535) Metaspace: 71553K->71553K(1114112K)
[97.333s][info][gc             ] GC(535) Pause Young (Normal) (G1 Evacuation Pause) 290M->49M(404M) 3.450ms
[97.333s][info][gc,cpu         ] GC(535) User=0.00s Sys=0.00s Real=0.00s
[97.482s][info][gc,start       ] GC(536) Pause Young (Normal) (G1 Evacuation Pause)
[97.482s][info][gc,task        ] GC(536) Using 1 workers of 1 for evacuation
[97.485s][info][gc,phases      ] GC(536)   Pre Evacuate Collection Set: 0.0ms
[97.485s][info][gc,phases      ] GC(536)   Evacuate Collection Set: 2.4ms
[97.485s][info][gc,phases      ] GC(536)   Post Evacuate Collection Set: 0.3ms
[97.485s][info][gc,phases      ] GC(536)   Other: 0.3ms
[97.485s][info][gc,heap        ] GC(536) Eden regions: 241->0(241)
[97.485s][info][gc,heap        ] GC(536) Survivor regions: 1->1(31)
[97.485s][info][gc,heap        ] GC(536) Old regions: 45->45
[97.485s][info][gc,heap        ] GC(536) Humongous regions: 6->6
[97.485s][info][gc,metaspace   ] GC(536) Metaspace: 71553K->71553K(1114112K)
[97.485s][info][gc             ] GC(536) Pause Young (Normal) (G1 Evacuation Pause) 290M->49M(404M) 3.117ms
[97.485s][info][gc,cpu         ] GC(536) User=0.00s Sys=0.00s Real=0.00s
[97.637s][info][gc,start       ] GC(537) Pause Young (Normal) (G1 Evacuation Pause)
[97.637s][info][gc,task        ] GC(537) Using 1 workers of 1 for evacuation
[97.641s][info][gc,phases      ] GC(537)   Pre Evacuate Collection Set: 0.0ms
[97.641s][info][gc,phases      ] GC(537)   Evacuate Collection Set: 2.5ms
[97.641s][info][gc,phases      ] GC(537)   Post Evacuate Collection Set: 0.5ms
[97.641s][info][gc,phases      ] GC(537)   Other: 0.4ms
[97.641s][info][gc,heap        ] GC(537) Eden regions: 241->0(241)
[97.641s][info][gc,heap        ] GC(537) Survivor regions: 1->1(31)
[97.641s][info][gc,heap        ] GC(537) Old regions: 45->45
[97.641s][info][gc,heap        ] GC(537) Humongous regions: 6->6
[97.641s][info][gc,metaspace   ] GC(537) Metaspace: 71553K->71553K(1114112K)
[97.641s][info][gc             ] GC(537) Pause Young (Normal) (G1 Evacuation Pause) 290M->49M(404M) 3.437ms
[97.641s][info][gc,cpu         ] GC(537) User=0.01s Sys=0.00s Real=0.01s
[97.783s][info][gc,start       ] GC(538) Pause Young (Normal) (G1 Evacuation Pause)
[97.783s][info][gc,task        ] GC(538) Using 1 workers of 1 for evacuation
[97.786s][info][gc,phases      ] GC(538)   Pre Evacuate Collection Set: 0.0ms
[97.786s][info][gc,phases      ] GC(538)   Evacuate Collection Set: 2.5ms
[97.786s][info][gc,phases      ] GC(538)   Post Evacuate Collection Set: 0.4ms
[97.786s][info][gc,phases      ] GC(538)   Other: 0.3ms
[97.786s][info][gc,heap        ] GC(538) Eden regions: 241->0(241)
[97.786s][info][gc,heap        ] GC(538) Survivor regions: 1->1(31)
[97.787s][info][gc,heap        ] GC(538) Old regions: 45->45
[97.787s][info][gc,heap        ] GC(538) Humongous regions: 6->6
[97.787s][info][gc,metaspace   ] GC(538) Metaspace: 71553K->71553K(1114112K)
[97.787s][info][gc             ] GC(538) Pause Young (Normal) (G1 Evacuation Pause) 290M->49M(404M) 3.360ms
[97.787s][info][gc,cpu         ] GC(538) User=0.00s Sys=0.00s Real=0.01s
[97.908s][info][gc,start       ] GC(539) Pause Young (Normal) (G1 Evacuation Pause)
[97.908s][info][gc,task        ] GC(539) Using 1 workers of 1 for evacuation
[97.912s][info][gc,phases      ] GC(539)   Pre Evacuate Collection Set: 0.0ms
[97.912s][info][gc,phases      ] GC(539)   Evacuate Collection Set: 2.6ms
[97.912s][info][gc,phases      ] GC(539)   Post Evacuate Collection Set: 0.4ms
[97.912s][info][gc,phases      ] GC(539)   Other: 0.3ms
[97.912s][info][gc,heap        ] GC(539) Eden regions: 241->0(241)
[97.912s][info][gc,heap        ] GC(539) Survivor regions: 1->1(31)
[97.912s][info][gc,heap        ] GC(539) Old regions: 45->45
[97.912s][info][gc,heap        ] GC(539) Humongous regions: 6->6
[97.912s][info][gc,metaspace   ] GC(539) Metaspace: 71553K->71553K(1114112K)
[97.912s][info][gc             ] GC(539) Pause Young (Normal) (G1 Evacuation Pause) 290M->49M(404M) 3.413ms
[97.912s][info][gc,cpu         ] GC(539) User=0.01s Sys=0.00s Real=0.00s
[98.067s][info][gc,start       ] GC(540) Pause Young (Normal) (G1 Evacuation Pause)
[98.067s][info][gc,task        ] GC(540) Using 1 workers of 1 for evacuation
[98.071s][info][gc,phases      ] GC(540)   Pre Evacuate Collection Set: 0.0ms
[98.071s][info][gc,phases      ] GC(540)   Evacuate Collection Set: 2.8ms
[98.071s][info][gc,phases      ] GC(540)   Post Evacuate Collection Set: 0.5ms
[98.071s][info][gc,phases      ] GC(540)   Other: 0.4ms
[98.071s][info][gc,heap        ] GC(540) Eden regions: 241->0(241)
[98.071s][info][gc,heap        ] GC(540) Survivor regions: 1->1(31)
[98.071s][info][gc,heap        ] GC(540) Old regions: 45->45
[98.071s][info][gc,heap        ] GC(540) Humongous regions: 11->6
[98.071s][info][gc,metaspace   ] GC(540) Metaspace: 71558K->71558K(1114112K)
[98.071s][info][gc             ] GC(540) Pause Young (Normal) (G1 Evacuation Pause) 295M->49M(404M) 3.724ms
[98.071s][info][gc,cpu         ] GC(540) User=0.01s Sys=0.00s Real=0.00s
[98.298s][info][gc,start       ] GC(541) Pause Young (Normal) (G1 Evacuation Pause)
[98.298s][info][gc,task        ] GC(541) Using 1 workers of 1 for evacuation
[98.302s][info][gc,phases      ] GC(541)   Pre Evacuate Collection Set: 0.0ms
[98.302s][info][gc,phases      ] GC(541)   Evacuate Collection Set: 2.6ms
[98.302s][info][gc,phases      ] GC(541)   Post Evacuate Collection Set: 0.3ms
[98.302s][info][gc,phases      ] GC(541)   Other: 0.4ms
[98.302s][info][gc,heap        ] GC(541) Eden regions: 241->0(241)
[98.302s][info][gc,heap        ] GC(541) Survivor regions: 1->1(31)
[98.302s][info][gc,heap        ] GC(541) Old regions: 45->45
[98.302s][info][gc,heap        ] GC(541) Humongous regions: 6->6
[98.302s][info][gc,metaspace   ] GC(541) Metaspace: 71558K->71558K(1114112K)
[98.302s][info][gc             ] GC(541) Pause Young (Normal) (G1 Evacuation Pause) 290M->49M(404M) 3.501ms
[98.302s][info][gc,cpu         ] GC(541) User=0.01s Sys=0.00s Real=0.00s
[98.451s][info][gc,start       ] GC(542) Pause Young (Normal) (G1 Evacuation Pause)
[98.451s][info][gc,task        ] GC(542) Using 1 workers of 1 for evacuation
[98.454s][info][gc,phases      ] GC(542)   Pre Evacuate Collection Set: 0.0ms
[98.454s][info][gc,phases      ] GC(542)   Evacuate Collection Set: 2.6ms
[98.454s][info][gc,phases      ] GC(542)   Post Evacuate Collection Set: 0.4ms
[98.454s][info][gc,phases      ] GC(542)   Other: 0.3ms
[98.454s][info][gc,heap        ] GC(542) Eden regions: 241->0(241)
[98.454s][info][gc,heap        ] GC(542) Survivor regions: 1->1(31)
[98.454s][info][gc,heap        ] GC(542) Old regions: 45->45
[98.454s][info][gc,heap        ] GC(542) Humongous regions: 6->6
[98.454s][info][gc,metaspace   ] GC(542) Metaspace: 71558K->71558K(1114112K)
[98.454s][info][gc             ] GC(542) Pause Young (Normal) (G1 Evacuation Pause) 290M->49M(404M) 3.283ms
[98.454s][info][gc,cpu         ] GC(542) User=0.01s Sys=0.00s Real=0.00s
[98.574s][info][gc,start       ] GC(543) Pause Young (Normal) (G1 Evacuation Pause)
[98.574s][info][gc,task        ] GC(543) Using 1 workers of 1 for evacuation
[98.577s][info][gc,phases      ] GC(543)   Pre Evacuate Collection Set: 0.0ms
[98.577s][info][gc,phases      ] GC(543)   Evacuate Collection Set: 2.5ms
[98.577s][info][gc,phases      ] GC(543)   Post Evacuate Collection Set: 0.3ms
[98.577s][info][gc,phases      ] GC(543)   Other: 0.3ms
[98.577s][info][gc,heap        ] GC(543) Eden regions: 241->0(241)
[98.577s][info][gc,heap        ] GC(543) Survivor regions: 1->1(31)
[98.577s][info][gc,heap        ] GC(543) Old regions: 45->45
[98.577s][info][gc,heap        ] GC(543) Humongous regions: 6->6
[98.577s][info][gc,metaspace   ] GC(543) Metaspace: 71558K->71558K(1114112K)
[98.577s][info][gc             ] GC(543) Pause Young (Normal) (G1 Evacuation Pause) 290M->49M(404M) 3.243ms
[98.577s][info][gc,cpu         ] GC(543) User=0.00s Sys=0.00s Real=0.00s
[98.700s][info][gc,start       ] GC(544) Pause Young (Normal) (G1 Evacuation Pause)
[98.700s][info][gc,task        ] GC(544) Using 1 workers of 1 for evacuation
[98.704s][info][gc,phases      ] GC(544)   Pre Evacuate Collection Set: 0.0ms
[98.704s][info][gc,phases      ] GC(544)   Evacuate Collection Set: 3.1ms
[98.704s][info][gc,phases      ] GC(544)   Post Evacuate Collection Set: 0.4ms
[98.704s][info][gc,phases      ] GC(544)   Other: 0.4ms
[98.704s][info][gc,heap        ] GC(544) Eden regions: 241->0(241)
[98.704s][info][gc,heap        ] GC(544) Survivor regions: 1->1(31)
[98.704s][info][gc,heap        ] GC(544) Old regions: 45->45
[98.704s][info][gc,heap        ] GC(544) Humongous regions: 6->6
[98.704s][info][gc,metaspace   ] GC(544) Metaspace: 71558K->71558K(1114112K)
[98.704s][info][gc             ] GC(544) Pause Young (Normal) (G1 Evacuation Pause) 290M->49M(404M) 4.016ms
[98.704s][info][gc,cpu         ] GC(544) User=0.00s Sys=0.00s Real=0.00s
[98.834s][info][gc,start       ] GC(545) Pause Young (Normal) (G1 Evacuation Pause)
[98.834s][info][gc,task        ] GC(545) Using 1 workers of 1 for evacuation
[98.837s][info][gc,phases      ] GC(545)   Pre Evacuate Collection Set: 0.0ms
[98.837s][info][gc,phases      ] GC(545)   Evacuate Collection Set: 2.6ms
[98.837s][info][gc,phases      ] GC(545)   Post Evacuate Collection Set: 0.3ms
[98.837s][info][gc,phases      ] GC(545)   Other: 0.3ms
[98.837s][info][gc,heap        ] GC(545) Eden regions: 241->0(241)
[98.837s][info][gc,heap        ] GC(545) Survivor regions: 1->1(31)
[98.837s][info][gc,heap        ] GC(545) Old regions: 45->45
[98.837s][info][gc,heap        ] GC(545) Humongous regions: 6->6
[98.837s][info][gc,metaspace   ] GC(545) Metaspace: 71558K->71558K(1114112K)
[98.837s][info][gc             ] GC(545) Pause Young (Normal) (G1 Evacuation Pause) 290M->49M(404M) 3.325ms
[98.838s][info][gc,cpu         ] GC(545) User=0.01s Sys=0.00s Real=0.00s
[98.989s][info][gc,start       ] GC(546) Pause Young (Normal) (G1 Evacuation Pause)
[98.989s][info][gc,task        ] GC(546) Using 1 workers of 1 for evacuation
[98.993s][info][gc,phases      ] GC(546)   Pre Evacuate Collection Set: 0.0ms
[98.993s][info][gc,phases      ] GC(546)   Evacuate Collection Set: 2.6ms
[98.993s][info][gc,phases      ] GC(546)   Post Evacuate Collection Set: 0.3ms
[98.993s][info][gc,phases      ] GC(546)   Other: 0.3ms
[98.993s][info][gc,heap        ] GC(546) Eden regions: 241->0(241)
[98.993s][info][gc,heap        ] GC(546) Survivor regions: 1->1(31)
[98.993s][info][gc,heap        ] GC(546) Old regions: 45->45
[98.993s][info][gc,heap        ] GC(546) Humongous regions: 6->6
[98.993s][info][gc,metaspace   ] GC(546) Metaspace: 71558K->71558K(1114112K)
[98.993s][info][gc             ] GC(546) Pause Young (Normal) (G1 Evacuation Pause) 290M->49M(404M) 3.285ms
[98.993s][info][gc,cpu         ] GC(546) User=0.00s Sys=0.00s Real=0.00s
[99.141s][info][gc,start       ] GC(547) Pause Young (Normal) (G1 Evacuation Pause)
[99.141s][info][gc,task        ] GC(547) Using 1 workers of 1 for evacuation
[99.144s][info][gc,phases      ] GC(547)   Pre Evacuate Collection Set: 0.0ms
[99.144s][info][gc,phases      ] GC(547)   Evacuate Collection Set: 2.6ms
[99.144s][info][gc,phases      ] GC(547)   Post Evacuate Collection Set: 0.3ms
[99.144s][info][gc,phases      ] GC(547)   Other: 0.4ms
[99.144s][info][gc,heap        ] GC(547) Eden regions: 241->0(241)
[99.144s][info][gc,heap        ] GC(547) Survivor regions: 1->1(31)
[99.144s][info][gc,heap        ] GC(547) Old regions: 45->45
[99.144s][info][gc,heap        ] GC(547) Humongous regions: 6->6
[99.144s][info][gc,metaspace   ] GC(547) Metaspace: 71558K->71558K(1114112K)
[99.144s][info][gc             ] GC(547) Pause Young (Normal) (G1 Evacuation Pause) 290M->49M(404M) 3.488ms
[99.144s][info][gc,cpu         ] GC(547) User=0.00s Sys=0.00s Real=0.00s
[99.315s][info][gc,start       ] GC(548) Pause Young (Normal) (G1 Evacuation Pause)
[99.315s][info][gc,task        ] GC(548) Using 1 workers of 1 for evacuation
[99.318s][info][gc,phases      ] GC(548)   Pre Evacuate Collection Set: 0.0ms
[99.318s][info][gc,phases      ] GC(548)   Evacuate Collection Set: 2.4ms
[99.318s][info][gc,phases      ] GC(548)   Post Evacuate Collection Set: 0.3ms
[99.318s][info][gc,phases      ] GC(548)   Other: 0.3ms
[99.318s][info][gc,heap        ] GC(548) Eden regions: 241->0(241)
[99.318s][info][gc,heap        ] GC(548) Survivor regions: 1->1(31)
[99.318s][info][gc,heap        ] GC(548) Old regions: 45->45
[99.318s][info][gc,heap        ] GC(548) Humongous regions: 11->6
[99.318s][info][gc,metaspace   ] GC(548) Metaspace: 71566K->71566K(1114112K)
[99.318s][info][gc             ] GC(548) Pause Young (Normal) (G1 Evacuation Pause) 295M->49M(404M) 3.150ms
[99.319s][info][gc,cpu         ] GC(548) User=0.00s Sys=0.00s Real=0.00s
[99.485s][info][gc,start       ] GC(549) Pause Young (Normal) (G1 Evacuation Pause)
[99.485s][info][gc,task        ] GC(549) Using 1 workers of 1 for evacuation
[99.488s][info][gc,phases      ] GC(549)   Pre Evacuate Collection Set: 0.0ms
[99.488s][info][gc,phases      ] GC(549)   Evacuate Collection Set: 2.4ms
[99.488s][info][gc,phases      ] GC(549)   Post Evacuate Collection Set: 0.4ms
[99.488s][info][gc,phases      ] GC(549)   Other: 0.4ms
[99.488s][info][gc,heap        ] GC(549) Eden regions: 241->0(241)
[99.488s][info][gc,heap        ] GC(549) Survivor regions: 1->1(31)
[99.488s][info][gc,heap        ] GC(549) Old regions: 45->45
[99.488s][info][gc,heap        ] GC(549) Humongous regions: 6->6
[99.488s][info][gc,metaspace   ] GC(549) Metaspace: 71566K->71566K(1114112K)
[99.488s][info][gc             ] GC(549) Pause Young (Normal) (G1 Evacuation Pause) 290M->49M(404M) 3.259ms
[99.488s][info][gc,cpu         ] GC(549) User=0.00s Sys=0.00s Real=0.01s
[99.610s][info][gc,start       ] GC(550) Pause Young (Normal) (G1 Evacuation Pause)
[99.610s][info][gc,task        ] GC(550) Using 1 workers of 1 for evacuation
[99.613s][info][gc,phases      ] GC(550)   Pre Evacuate Collection Set: 0.0ms
[99.613s][info][gc,phases      ] GC(550)   Evacuate Collection Set: 2.3ms
[99.613s][info][gc,phases      ] GC(550)   Post Evacuate Collection Set: 0.3ms
[99.613s][info][gc,phases      ] GC(550)   Other: 0.3ms
[99.613s][info][gc,heap        ] GC(550) Eden regions: 241->0(241)
[99.613s][info][gc,heap        ] GC(550) Survivor regions: 1->1(31)
[99.613s][info][gc,heap        ] GC(550) Old regions: 45->45
[99.613s][info][gc,heap        ] GC(550) Humongous regions: 6->6
[99.613s][info][gc,metaspace   ] GC(550) Metaspace: 71566K->71566K(1114112K)
[99.613s][info][gc             ] GC(550) Pause Young (Normal) (G1 Evacuation Pause) 290M->49M(404M) 3.026ms
[99.613s][info][gc,cpu         ] GC(550) User=0.00s Sys=0.00s Real=0.00s
[99.736s][info][gc,start       ] GC(551) Pause Young (Normal) (G1 Evacuation Pause)
[99.736s][info][gc,task        ] GC(551) Using 1 workers of 1 for evacuation
[99.739s][info][gc,phases      ] GC(551)   Pre Evacuate Collection Set: 0.1ms
[99.739s][info][gc,phases      ] GC(551)   Evacuate Collection Set: 2.3ms
[99.739s][info][gc,phases      ] GC(551)   Post Evacuate Collection Set: 0.3ms
[99.739s][info][gc,phases      ] GC(551)   Other: 0.3ms
[99.739s][info][gc,heap        ] GC(551) Eden regions: 241->0(241)
[99.739s][info][gc,heap        ] GC(551) Survivor regions: 1->1(31)
[99.739s][info][gc,heap        ] GC(551) Old regions: 45->45
[99.739s][info][gc,heap        ] GC(551) Humongous regions: 6->6
[99.739s][info][gc,metaspace   ] GC(551) Metaspace: 71566K->71566K(1114112K)
[99.739s][info][gc             ] GC(551) Pause Young (Normal) (G1 Evacuation Pause) 290M->49M(404M) 3.051ms
[99.739s][info][gc,cpu         ] GC(551) User=0.00s Sys=0.00s Real=0.01s
[99.909s][info][gc,start       ] GC(552) Pause Young (Normal) (G1 Evacuation Pause)
[99.909s][info][gc,task        ] GC(552) Using 1 workers of 1 for evacuation
[99.912s][info][gc,phases      ] GC(552)   Pre Evacuate Collection Set: 0.0ms
[99.912s][info][gc,phases      ] GC(552)   Evacuate Collection Set: 2.4ms
[99.912s][info][gc,phases      ] GC(552)   Post Evacuate Collection Set: 0.3ms
[99.912s][info][gc,phases      ] GC(552)   Other: 0.4ms
[99.912s][info][gc,heap        ] GC(552) Eden regions: 241->0(241)
[99.912s][info][gc,heap        ] GC(552) Survivor regions: 1->1(31)
[99.912s][info][gc,heap        ] GC(552) Old regions: 45->45
[99.912s][info][gc,heap        ] GC(552) Humongous regions: 6->6
[99.912s][info][gc,metaspace   ] GC(552) Metaspace: 71566K->71566K(1114112K)
[99.912s][info][gc             ] GC(552) Pause Young (Normal) (G1 Evacuation Pause) 290M->49M(404M) 3.274ms
[99.912s][info][gc,cpu         ] GC(552) User=0.01s Sys=0.00s Real=0.00s
[100.083s][info][gc,start       ] GC(553) Pause Young (Normal) (G1 Evacuation Pause)
[100.083s][info][gc,task        ] GC(553) Using 1 workers of 1 for evacuation
[100.086s][info][gc,phases      ] GC(553)   Pre Evacuate Collection Set: 0.0ms
[100.086s][info][gc,phases      ] GC(553)   Evacuate Collection Set: 2.4ms
[100.086s][info][gc,phases      ] GC(553)   Post Evacuate Collection Set: 0.3ms
[100.086s][info][gc,phases      ] GC(553)   Other: 0.4ms
[100.086s][info][gc,heap        ] GC(553) Eden regions: 241->0(241)
[100.086s][info][gc,heap        ] GC(553) Survivor regions: 1->1(31)
[100.086s][info][gc,heap        ] GC(553) Old regions: 45->45
[100.086s][info][gc,heap        ] GC(553) Humongous regions: 6->6
[100.086s][info][gc,metaspace   ] GC(553) Metaspace: 71566K->71566K(1114112K)
[100.086s][info][gc             ] GC(553) Pause Young (Normal) (G1 Evacuation Pause) 290M->49M(404M) 3.203ms
[100.086s][info][gc,cpu         ] GC(553) User=0.00s Sys=0.00s Real=0.00s
[100.204s][info][gc,start       ] GC(554) Pause Young (Normal) (G1 Evacuation Pause)
[100.204s][info][gc,task        ] GC(554) Using 1 workers of 1 for evacuation
[100.208s][info][gc,phases      ] GC(554)   Pre Evacuate Collection Set: 0.0ms
[100.208s][info][gc,phases      ] GC(554)   Evacuate Collection Set: 2.5ms
[100.208s][info][gc,phases      ] GC(554)   Post Evacuate Collection Set: 0.3ms
[100.208s][info][gc,phases      ] GC(554)   Other: 0.3ms
[100.208s][info][gc,heap        ] GC(554) Eden regions: 241->0(241)
[100.208s][info][gc,heap        ] GC(554) Survivor regions: 1->1(31)
[100.208s][info][gc,heap        ] GC(554) Old regions: 45->45
[100.208s][info][gc,heap        ] GC(554) Humongous regions: 6->6
[100.208s][info][gc,metaspace   ] GC(554) Metaspace: 71566K->71566K(1114112K)
[100.208s][info][gc             ] GC(554) Pause Young (Normal) (G1 Evacuation Pause) 290M->49M(404M) 3.244ms
[100.208s][info][gc,cpu         ] GC(554) User=0.00s Sys=0.00s Real=0.01s
[100.334s][info][gc,start       ] GC(555) Pause Young (Normal) (G1 Evacuation Pause)
[100.334s][info][gc,task        ] GC(555) Using 1 workers of 1 for evacuation
[100.337s][info][gc,phases      ] GC(555)   Pre Evacuate Collection Set: 0.1ms
[100.337s][info][gc,phases      ] GC(555)   Evacuate Collection Set: 2.8ms
[100.337s][info][gc,phases      ] GC(555)   Post Evacuate Collection Set: 0.4ms
[100.337s][info][gc,phases      ] GC(555)   Other: 0.4ms
[100.337s][info][gc,heap        ] GC(555) Eden regions: 241->0(241)
[100.337s][info][gc,heap        ] GC(555) Survivor regions: 1->1(31)
[100.337s][info][gc,heap        ] GC(555) Old regions: 45->45
[100.337s][info][gc,heap        ] GC(555) Humongous regions: 6->6
[100.337s][info][gc,metaspace   ] GC(555) Metaspace: 71566K->71566K(1114112K)
[100.337s][info][gc             ] GC(555) Pause Young (Normal) (G1 Evacuation Pause) 290M->49M(404M) 3.601ms
[100.337s][info][gc,cpu         ] GC(555) User=0.01s Sys=0.00s Real=0.00s
[100.588s][info][gc,start       ] GC(556) Pause Young (Normal) (G1 Evacuation Pause)
[100.588s][info][gc,task        ] GC(556) Using 1 workers of 1 for evacuation
[100.594s][info][gc,phases      ] GC(556)   Pre Evacuate Collection Set: 0.0ms
[100.594s][info][gc,phases      ] GC(556)   Evacuate Collection Set: 4.9ms
[100.594s][info][gc,phases      ] GC(556)   Post Evacuate Collection Set: 0.5ms
[100.594s][info][gc,phases      ] GC(556)   Other: 0.4ms
[100.594s][info][gc,heap        ] GC(556) Eden regions: 241->0(241)
[100.594s][info][gc,heap        ] GC(556) Survivor regions: 1->1(31)
[100.594s][info][gc,heap        ] GC(556) Old regions: 45->45
[100.594s][info][gc,heap        ] GC(556) Humongous regions: 11->6
[100.594s][info][gc,metaspace   ] GC(556) Metaspace: 71590K->71590K(1114112K)
[100.594s][info][gc             ] GC(556) Pause Young (Normal) (G1 Evacuation Pause) 295M->49M(404M) 5.892ms
[100.594s][info][gc,cpu         ] GC(556) User=0.00s Sys=0.00s Real=0.00s
[100.761s][info][gc,start       ] GC(557) Pause Young (Normal) (G1 Evacuation Pause)
[100.761s][info][gc,task        ] GC(557) Using 1 workers of 1 for evacuation
[100.765s][info][gc,phases      ] GC(557)   Pre Evacuate Collection Set: 0.1ms
[100.765s][info][gc,phases      ] GC(557)   Evacuate Collection Set: 2.9ms
[100.765s][info][gc,phases      ] GC(557)   Post Evacuate Collection Set: 0.4ms
[100.765s][info][gc,phases      ] GC(557)   Other: 0.4ms
[100.765s][info][gc,heap        ] GC(557) Eden regions: 241->0(241)
[100.765s][info][gc,heap        ] GC(557) Survivor regions: 1->1(31)
[100.765s][info][gc,heap        ] GC(557) Old regions: 45->45
[100.765s][info][gc,heap        ] GC(557) Humongous regions: 6->6
[100.765s][info][gc,metaspace   ] GC(557) Metaspace: 71590K->71590K(1114112K)
[100.765s][info][gc             ] GC(557) Pause Young (Normal) (G1 Evacuation Pause) 290M->49M(404M) 3.893ms
[100.765s][info][gc,cpu         ] GC(557) User=0.00s Sys=0.00s Real=0.00s
[100.916s][info][gc,start       ] GC(558) Pause Young (Normal) (G1 Evacuation Pause)
[100.916s][info][gc,task        ] GC(558) Using 1 workers of 1 for evacuation
[100.919s][info][gc,phases      ] GC(558)   Pre Evacuate Collection Set: 0.0ms
[100.919s][info][gc,phases      ] GC(558)   Evacuate Collection Set: 2.6ms
[100.919s][info][gc,phases      ] GC(558)   Post Evacuate Collection Set: 0.3ms
[100.919s][info][gc,phases      ] GC(558)   Other: 0.3ms
[100.919s][info][gc,heap        ] GC(558) Eden regions: 241->0(241)
[100.919s][info][gc,heap        ] GC(558) Survivor regions: 1->1(31)
[100.919s][info][gc,heap        ] GC(558) Old regions: 45->45
[100.919s][info][gc,heap        ] GC(558) Humongous regions: 6->6
[100.919s][info][gc,metaspace   ] GC(558) Metaspace: 71590K->71590K(1114112K)
[100.919s][info][gc             ] GC(558) Pause Young (Normal) (G1 Evacuation Pause) 290M->49M(404M) 3.301ms
[100.919s][info][gc,cpu         ] GC(558) User=0.00s Sys=0.00s Real=0.01s
[101.035s][info][gc,start       ] GC(559) Pause Young (Normal) (G1 Evacuation Pause)
[101.035s][info][gc,task        ] GC(559) Using 1 workers of 1 for evacuation
[101.039s][info][gc,phases      ] GC(559)   Pre Evacuate Collection Set: 0.0ms
[101.039s][info][gc,phases      ] GC(559)   Evacuate Collection Set: 2.7ms
[101.039s][info][gc,phases      ] GC(559)   Post Evacuate Collection Set: 0.3ms
[101.039s][info][gc,phases      ] GC(559)   Other: 0.3ms
[101.039s][info][gc,heap        ] GC(559) Eden regions: 241->0(241)
[101.039s][info][gc,heap        ] GC(559) Survivor regions: 1->1(31)
[101.039s][info][gc,heap        ] GC(559) Old regions: 45->45
[101.039s][info][gc,heap        ] GC(559) Humongous regions: 6->6
[101.039s][info][gc,metaspace   ] GC(559) Metaspace: 71590K->71590K(1114112K)
[101.039s][info][gc             ] GC(559) Pause Young (Normal) (G1 Evacuation Pause) 290M->49M(404M) 3.375ms
[101.039s][info][gc,cpu         ] GC(559) User=0.00s Sys=0.00s Real=0.00s
[101.156s][info][gc,start       ] GC(560) Pause Young (Normal) (G1 Evacuation Pause)
[101.156s][info][gc,task        ] GC(560) Using 1 workers of 1 for evacuation
[101.159s][info][gc,phases      ] GC(560)   Pre Evacuate Collection Set: 0.0ms
[101.159s][info][gc,phases      ] GC(560)   Evacuate Collection Set: 2.6ms
[101.159s][info][gc,phases      ] GC(560)   Post Evacuate Collection Set: 0.3ms
[101.159s][info][gc,phases      ] GC(560)   Other: 0.3ms
[101.159s][info][gc,heap        ] GC(560) Eden regions: 241->0(241)
[101.159s][info][gc,heap        ] GC(560) Survivor regions: 1->1(31)
[101.159s][info][gc,heap        ] GC(560) Old regions: 45->45
[101.159s][info][gc,heap        ] GC(560) Humongous regions: 6->6
[101.159s][info][gc,metaspace   ] GC(560) Metaspace: 71590K->71590K(1114112K)
[101.159s][info][gc             ] GC(560) Pause Young (Normal) (G1 Evacuation Pause) 290M->49M(404M) 3.264ms
[101.159s][info][gc,cpu         ] GC(560) User=0.00s Sys=0.00s Real=0.01s
[101.339s][info][gc,start       ] GC(561) Pause Young (Normal) (G1 Evacuation Pause)
[101.339s][info][gc,task        ] GC(561) Using 1 workers of 1 for evacuation
[101.342s][info][gc,phases      ] GC(561)   Pre Evacuate Collection Set: 0.0ms
[101.342s][info][gc,phases      ] GC(561)   Evacuate Collection Set: 2.6ms
[101.342s][info][gc,phases      ] GC(561)   Post Evacuate Collection Set: 0.4ms
[101.342s][info][gc,phases      ] GC(561)   Other: 0.4ms
[101.342s][info][gc,heap        ] GC(561) Eden regions: 241->0(241)
[101.342s][info][gc,heap        ] GC(561) Survivor regions: 1->1(31)
[101.342s][info][gc,heap        ] GC(561) Old regions: 45->45
[101.342s][info][gc,heap        ] GC(561) Humongous regions: 6->6
[101.342s][info][gc,metaspace   ] GC(561) Metaspace: 71590K->71590K(1114112K)
[101.342s][info][gc             ] GC(561) Pause Young (Normal) (G1 Evacuation Pause) 290M->49M(404M) 3.473ms
[101.342s][info][gc,cpu         ] GC(561) User=0.01s Sys=0.00s Real=0.01s
[101.488s][info][gc,start       ] GC(562) Pause Young (Normal) (G1 Evacuation Pause)
[101.488s][info][gc,task        ] GC(562) Using 1 workers of 1 for evacuation
[101.491s][info][gc,phases      ] GC(562)   Pre Evacuate Collection Set: 0.0ms
[101.491s][info][gc,phases      ] GC(562)   Evacuate Collection Set: 2.7ms
[101.491s][info][gc,phases      ] GC(562)   Post Evacuate Collection Set: 0.3ms
[101.491s][info][gc,phases      ] GC(562)   Other: 0.3ms
[101.491s][info][gc,heap        ] GC(562) Eden regions: 241->0(241)
[101.492s][info][gc,heap        ] GC(562) Survivor regions: 1->1(31)
[101.492s][info][gc,heap        ] GC(562) Old regions: 45->45
[101.492s][info][gc,heap        ] GC(562) Humongous regions: 6->6
[101.492s][info][gc,metaspace   ] GC(562) Metaspace: 71590K->71590K(1114112K)
[101.492s][info][gc             ] GC(562) Pause Young (Normal) (G1 Evacuation Pause) 290M->49M(404M) 3.446ms
[101.492s][info][gc,cpu         ] GC(562) User=0.00s Sys=0.00s Real=0.00s
[101.617s][info][gc,start       ] GC(563) Pause Young (Normal) (G1 Evacuation Pause)
[101.617s][info][gc,task        ] GC(563) Using 1 workers of 1 for evacuation
[101.620s][info][gc,phases      ] GC(563)   Pre Evacuate Collection Set: 0.0ms
[101.620s][info][gc,phases      ] GC(563)   Evacuate Collection Set: 2.7ms
[101.620s][info][gc,phases      ] GC(563)   Post Evacuate Collection Set: 0.3ms
[101.620s][info][gc,phases      ] GC(563)   Other: 0.4ms
[101.620s][info][gc,heap        ] GC(563) Eden regions: 241->0(241)
[101.620s][info][gc,heap        ] GC(563) Survivor regions: 1->1(31)
[101.620s][info][gc,heap        ] GC(563) Old regions: 45->45
[101.620s][info][gc,heap        ] GC(563) Humongous regions: 6->6
[101.620s][info][gc,metaspace   ] GC(563) Metaspace: 71590K->71590K(1114112K)
[101.620s][info][gc             ] GC(563) Pause Young (Normal) (G1 Evacuation Pause) 290M->49M(404M) 3.498ms
[101.620s][info][gc,cpu         ] GC(563) User=0.00s Sys=0.00s Real=0.01s
[101.874s][info][gc,start       ] GC(564) Pause Young (Normal) (G1 Evacuation Pause)
[101.874s][info][gc,task        ] GC(564) Using 1 workers of 1 for evacuation
[101.882s][info][gc,phases      ] GC(564)   Pre Evacuate Collection Set: 0.1ms
[101.882s][info][gc,phases      ] GC(564)   Evacuate Collection Set: 6.2ms
[101.882s][info][gc,phases      ] GC(564)   Post Evacuate Collection Set: 0.8ms
[101.882s][info][gc,phases      ] GC(564)   Other: 1.1ms
[101.882s][info][gc,heap        ] GC(564) Eden regions: 241->0(241)
[101.882s][info][gc,heap        ] GC(564) Survivor regions: 1->1(31)
[101.882s][info][gc,heap        ] GC(564) Old regions: 45->45
[101.882s][info][gc,heap        ] GC(564) Humongous regions: 11->6
[101.882s][info][gc,metaspace   ] GC(564) Metaspace: 71608K->71608K(1114112K)
[101.882s][info][gc             ] GC(564) Pause Young (Normal) (G1 Evacuation Pause) 295M->49M(404M) 8.385ms
[101.882s][info][gc,cpu         ] GC(564) User=0.01s Sys=0.00s Real=0.01s
[102.028s][info][gc,start       ] GC(565) Pause Young (Normal) (G1 Evacuation Pause)
[102.028s][info][gc,task        ] GC(565) Using 1 workers of 1 for evacuation
[102.031s][info][gc,phases      ] GC(565)   Pre Evacuate Collection Set: 0.0ms
[102.031s][info][gc,phases      ] GC(565)   Evacuate Collection Set: 2.4ms
[102.031s][info][gc,phases      ] GC(565)   Post Evacuate Collection Set: 0.3ms
[102.031s][info][gc,phases      ] GC(565)   Other: 0.3ms
[102.031s][info][gc,heap        ] GC(565) Eden regions: 241->0(241)
[102.031s][info][gc,heap        ] GC(565) Survivor regions: 1->1(31)
[102.031s][info][gc,heap        ] GC(565) Old regions: 45->45
[102.031s][info][gc,heap        ] GC(565) Humongous regions: 6->6
[102.031s][info][gc,metaspace   ] GC(565) Metaspace: 71608K->71608K(1114112K)
[102.031s][info][gc             ] GC(565) Pause Young (Normal) (G1 Evacuation Pause) 290M->49M(404M) 3.145ms
[102.031s][info][gc,cpu         ] GC(565) User=0.00s Sys=0.00s Real=0.00s
[102.176s][info][gc,start       ] GC(566) Pause Young (Normal) (G1 Evacuation Pause)
[102.176s][info][gc,task        ] GC(566) Using 1 workers of 1 for evacuation
[102.179s][info][gc,phases      ] GC(566)   Pre Evacuate Collection Set: 0.0ms
[102.179s][info][gc,phases      ] GC(566)   Evacuate Collection Set: 2.7ms
[102.179s][info][gc,phases      ] GC(566)   Post Evacuate Collection Set: 0.5ms
[102.179s][info][gc,phases      ] GC(566)   Other: 0.4ms
[102.179s][info][gc,heap        ] GC(566) Eden regions: 241->0(241)
[102.179s][info][gc,heap        ] GC(566) Survivor regions: 1->1(31)
[102.179s][info][gc,heap        ] GC(566) Old regions: 45->45
[102.179s][info][gc,heap        ] GC(566) Humongous regions: 6->6
[102.179s][info][gc,metaspace   ] GC(566) Metaspace: 71609K->71609K(1114112K)
[102.179s][info][gc             ] GC(566) Pause Young (Normal) (G1 Evacuation Pause) 290M->49M(404M) 3.744ms
[102.180s][info][gc,cpu         ] GC(566) User=0.01s Sys=0.00s Real=0.01s
[102.386s][info][gc,start       ] GC(567) Pause Young (Normal) (G1 Evacuation Pause)
[102.386s][info][gc,task        ] GC(567) Using 1 workers of 1 for evacuation
[102.389s][info][gc,phases      ] GC(567)   Pre Evacuate Collection Set: 0.0ms
[102.389s][info][gc,phases      ] GC(567)   Evacuate Collection Set: 2.8ms
[102.389s][info][gc,phases      ] GC(567)   Post Evacuate Collection Set: 0.4ms
[102.389s][info][gc,phases      ] GC(567)   Other: 0.5ms
[102.389s][info][gc,heap        ] GC(567) Eden regions: 241->0(241)
[102.389s][info][gc,heap        ] GC(567) Survivor regions: 1->1(31)
[102.389s][info][gc,heap        ] GC(567) Old regions: 45->45
[102.389s][info][gc,heap        ] GC(567) Humongous regions: 6->6
[102.389s][info][gc,metaspace   ] GC(567) Metaspace: 71609K->71609K(1114112K)
[102.389s][info][gc             ] GC(567) Pause Young (Normal) (G1 Evacuation Pause) 290M->49M(404M) 3.725ms
[102.389s][info][gc,cpu         ] GC(567) User=0.01s Sys=0.00s Real=0.01s
[102.511s][info][gc,start       ] GC(568) Pause Young (Normal) (G1 Evacuation Pause)
[102.511s][info][gc,task        ] GC(568) Using 1 workers of 1 for evacuation
[102.514s][info][gc,phases      ] GC(568)   Pre Evacuate Collection Set: 0.0ms
[102.514s][info][gc,phases      ] GC(568)   Evacuate Collection Set: 2.3ms
[102.514s][info][gc,phases      ] GC(568)   Post Evacuate Collection Set: 0.3ms
[102.514s][info][gc,phases      ] GC(568)   Other: 0.4ms
[102.514s][info][gc,heap        ] GC(568) Eden regions: 241->0(241)
[102.514s][info][gc,heap        ] GC(568) Survivor regions: 1->1(31)
[102.514s][info][gc,heap        ] GC(568) Old regions: 45->45
[102.514s][info][gc,heap        ] GC(568) Humongous regions: 6->6
[102.514s][info][gc,metaspace   ] GC(568) Metaspace: 71609K->71609K(1114112K)
[102.514s][info][gc             ] GC(568) Pause Young (Normal) (G1 Evacuation Pause) 290M->49M(404M) 3.104ms
[102.514s][info][gc,cpu         ] GC(568) User=0.00s Sys=0.00s Real=0.00s
[102.670s][info][gc,start       ] GC(569) Pause Young (Normal) (G1 Evacuation Pause)
[102.670s][info][gc,task        ] GC(569) Using 1 workers of 1 for evacuation
[102.674s][info][gc,phases      ] GC(569)   Pre Evacuate Collection Set: 0.0ms
[102.674s][info][gc,phases      ] GC(569)   Evacuate Collection Set: 3.5ms
[102.674s][info][gc,phases      ] GC(569)   Post Evacuate Collection Set: 0.3ms
[102.674s][info][gc,phases      ] GC(569)   Other: 0.3ms
[102.674s][info][gc,heap        ] GC(569) Eden regions: 241->0(241)
[102.674s][info][gc,heap        ] GC(569) Survivor regions: 1->1(31)
[102.674s][info][gc,heap        ] GC(569) Old regions: 45->45
[102.674s][info][gc,heap        ] GC(569) Humongous regions: 6->6
[102.674s][info][gc,metaspace   ] GC(569) Metaspace: 71609K->71609K(1114112K)
[102.674s][info][gc             ] GC(569) Pause Young (Normal) (G1 Evacuation Pause) 290M->49M(404M) 4.142ms
[102.674s][info][gc,cpu         ] GC(569) User=0.00s Sys=0.00s Real=0.00s
[102.820s][info][gc,start       ] GC(570) Pause Young (Normal) (G1 Evacuation Pause)
[102.820s][info][gc,task        ] GC(570) Using 1 workers of 1 for evacuation
[102.824s][info][gc,phases      ] GC(570)   Pre Evacuate Collection Set: 0.0ms
[102.824s][info][gc,phases      ] GC(570)   Evacuate Collection Set: 2.7ms
[102.824s][info][gc,phases      ] GC(570)   Post Evacuate Collection Set: 0.4ms
[102.824s][info][gc,phases      ] GC(570)   Other: 0.4ms
[102.824s][info][gc,heap        ] GC(570) Eden regions: 241->0(241)
[102.824s][info][gc,heap        ] GC(570) Survivor regions: 1->1(31)
[102.824s][info][gc,heap        ] GC(570) Old regions: 45->45
[102.824s][info][gc,heap        ] GC(570) Humongous regions: 6->6
[102.824s][info][gc,metaspace   ] GC(570) Metaspace: 71609K->71609K(1114112K)
[102.824s][info][gc             ] GC(570) Pause Young (Normal) (G1 Evacuation Pause) 290M->49M(404M) 3.473ms
[102.824s][info][gc,cpu         ] GC(570) User=0.00s Sys=0.00s Real=0.00s
[103.099s][info][gc,start       ] GC(571) Pause Young (Normal) (G1 Evacuation Pause)
[103.099s][info][gc,task        ] GC(571) Using 1 workers of 1 for evacuation
[103.103s][info][gc,phases      ] GC(571)   Pre Evacuate Collection Set: 0.1ms
[103.103s][info][gc,phases      ] GC(571)   Evacuate Collection Set: 3.3ms
[103.103s][info][gc,phases      ] GC(571)   Post Evacuate Collection Set: 0.4ms
[103.103s][info][gc,phases      ] GC(571)   Other: 0.5ms
[103.103s][info][gc,heap        ] GC(571) Eden regions: 241->0(241)
[103.103s][info][gc,heap        ] GC(571) Survivor regions: 1->1(31)
[103.103s][info][gc,heap        ] GC(571) Old regions: 45->46
[103.103s][info][gc,heap        ] GC(571) Humongous regions: 21->6
[103.103s][info][gc,metaspace   ] GC(571) Metaspace: 71648K->71648K(1114112K)
[103.103s][info][gc             ] GC(571) Pause Young (Normal) (G1 Evacuation Pause) 305M->49M(404M) 4.249ms
[103.103s][info][gc,cpu         ] GC(571) User=0.01s Sys=0.00s Real=0.00s
[103.441s][info][gc,start       ] GC(572) Pause Young (Normal) (G1 Evacuation Pause)
[103.441s][info][gc,task        ] GC(572) Using 1 workers of 1 for evacuation
[103.446s][info][gc,phases      ] GC(572)   Pre Evacuate Collection Set: 0.0ms
[103.446s][info][gc,phases      ] GC(572)   Evacuate Collection Set: 4.7ms
[103.446s][info][gc,phases      ] GC(572)   Post Evacuate Collection Set: 0.5ms
[103.446s][info][gc,phases      ] GC(572)   Other: 0.5ms
[103.446s][info][gc,heap        ] GC(572) Eden regions: 241->0(240)
[103.446s][info][gc,heap        ] GC(572) Survivor regions: 1->2(31)
[103.446s][info][gc,heap        ] GC(572) Old regions: 46->46
[103.446s][info][gc,heap        ] GC(572) Humongous regions: 16->6
[103.446s][info][gc,metaspace   ] GC(572) Metaspace: 71664K->71664K(1114112K)
[103.446s][info][gc             ] GC(572) Pause Young (Normal) (G1 Evacuation Pause) 300M->50M(404M) 5.783ms
[103.447s][info][gc,cpu         ] GC(572) User=0.01s Sys=0.00s Real=0.01s
[103.565s][info][gc,start       ] GC(573) Pause Young (Normal) (G1 Evacuation Pause)
[103.565s][info][gc,task        ] GC(573) Using 1 workers of 1 for evacuation
[103.570s][info][gc,phases      ] GC(573)   Pre Evacuate Collection Set: 0.0ms
[103.570s][info][gc,phases      ] GC(573)   Evacuate Collection Set: 3.5ms
[103.570s][info][gc,phases      ] GC(573)   Post Evacuate Collection Set: 0.4ms
[103.570s][info][gc,phases      ] GC(573)   Other: 0.3ms
[103.570s][info][gc,heap        ] GC(573) Eden regions: 240->0(240)
[103.570s][info][gc,heap        ] GC(573) Survivor regions: 2->2(31)
[103.570s][info][gc,heap        ] GC(573) Old regions: 46->46
[103.570s][info][gc,heap        ] GC(573) Humongous regions: 6->6
[103.570s][info][gc,metaspace   ] GC(573) Metaspace: 71664K->71664K(1114112K)
[103.570s][info][gc             ] GC(573) Pause Young (Normal) (G1 Evacuation Pause) 290M->50M(404M) 4.327ms
[103.570s][info][gc,cpu         ] GC(573) User=0.00s Sys=0.00s Real=0.01s
[103.741s][info][gc,start       ] GC(574) Pause Young (Normal) (G1 Evacuation Pause)
[103.741s][info][gc,task        ] GC(574) Using 1 workers of 1 for evacuation
[103.749s][info][gc,phases      ] GC(574)   Pre Evacuate Collection Set: 0.1ms
[103.749s][info][gc,phases      ] GC(574)   Evacuate Collection Set: 7.0ms
[103.749s][info][gc,phases      ] GC(574)   Post Evacuate Collection Set: 0.4ms
[103.749s][info][gc,phases      ] GC(574)   Other: 0.6ms
[103.749s][info][gc,heap        ] GC(574) Eden regions: 240->0(240)
[103.749s][info][gc,heap        ] GC(574) Survivor regions: 2->2(31)
[103.749s][info][gc,heap        ] GC(574) Old regions: 46->46
[103.749s][info][gc,heap        ] GC(574) Humongous regions: 6->6
[103.749s][info][gc,metaspace   ] GC(574) Metaspace: 71664K->71664K(1114112K)
[103.749s][info][gc             ] GC(574) Pause Young (Normal) (G1 Evacuation Pause) 290M->50M(404M) 7.997ms
[103.749s][info][gc,cpu         ] GC(574) User=0.01s Sys=0.00s Real=0.01s
[103.932s][info][gc,start       ] GC(575) Pause Young (Normal) (G1 Evacuation Pause)
[103.932s][info][gc,task        ] GC(575) Using 1 workers of 1 for evacuation
[103.936s][info][gc,phases      ] GC(575)   Pre Evacuate Collection Set: 0.0ms
[103.936s][info][gc,phases      ] GC(575)   Evacuate Collection Set: 3.6ms
[103.936s][info][gc,phases      ] GC(575)   Post Evacuate Collection Set: 0.4ms
[103.936s][info][gc,phases      ] GC(575)   Other: 0.3ms
[103.937s][info][gc,heap        ] GC(575) Eden regions: 240->0(240)
[103.937s][info][gc,heap        ] GC(575) Survivor regions: 2->2(31)
[103.937s][info][gc,heap        ] GC(575) Old regions: 46->46
[103.937s][info][gc,heap        ] GC(575) Humongous regions: 6->6
[103.937s][info][gc,metaspace   ] GC(575) Metaspace: 71664K->71664K(1114112K)
[103.937s][info][gc             ] GC(575) Pause Young (Normal) (G1 Evacuation Pause) 290M->50M(404M) 4.361ms
[103.937s][info][gc,cpu         ] GC(575) User=0.01s Sys=0.00s Real=0.00s
[104.060s][info][gc,start       ] GC(576) Pause Young (Normal) (G1 Evacuation Pause)
[104.060s][info][gc,task        ] GC(576) Using 1 workers of 1 for evacuation
[104.064s][info][gc,phases      ] GC(576)   Pre Evacuate Collection Set: 0.0ms
[104.064s][info][gc,phases      ] GC(576)   Evacuate Collection Set: 3.6ms
[104.064s][info][gc,phases      ] GC(576)   Post Evacuate Collection Set: 0.4ms
[104.064s][info][gc,phases      ] GC(576)   Other: 0.4ms
[104.064s][info][gc,heap        ] GC(576) Eden regions: 240->0(240)
[104.064s][info][gc,heap        ] GC(576) Survivor regions: 2->2(31)
[104.064s][info][gc,heap        ] GC(576) Old regions: 46->46
[104.064s][info][gc,heap        ] GC(576) Humongous regions: 6->6
[104.064s][info][gc,metaspace   ] GC(576) Metaspace: 71664K->71664K(1114112K)
[104.065s][info][gc             ] GC(576) Pause Young (Normal) (G1 Evacuation Pause) 290M->50M(404M) 4.400ms
[104.065s][info][gc,cpu         ] GC(576) User=0.01s Sys=0.00s Real=0.00s
[104.204s][info][gc,start       ] GC(577) Pause Young (Normal) (G1 Evacuation Pause)
[104.204s][info][gc,task        ] GC(577) Using 1 workers of 1 for evacuation
[104.210s][info][gc,phases      ] GC(577)   Pre Evacuate Collection Set: 0.0ms
[104.210s][info][gc,phases      ] GC(577)   Evacuate Collection Set: 5.5ms
[104.210s][info][gc,phases      ] GC(577)   Post Evacuate Collection Set: 0.4ms
[104.210s][info][gc,phases      ] GC(577)   Other: 0.4ms
[104.210s][info][gc,heap        ] GC(577) Eden regions: 240->0(240)
[104.210s][info][gc,heap        ] GC(577) Survivor regions: 2->2(31)
[104.210s][info][gc,heap        ] GC(577) Old regions: 46->46
[104.210s][info][gc,heap        ] GC(577) Humongous regions: 6->6
[104.210s][info][gc,metaspace   ] GC(577) Metaspace: 71664K->71664K(1114112K)
[104.210s][info][gc             ] GC(577) Pause Young (Normal) (G1 Evacuation Pause) 290M->50M(404M) 6.503ms
[104.210s][info][gc,cpu         ] GC(577) User=0.01s Sys=0.00s Real=0.01s
[104.372s][info][gc,start       ] GC(578) Pause Young (Normal) (G1 Evacuation Pause)
[104.373s][info][gc,task        ] GC(578) Using 1 workers of 1 for evacuation
[104.382s][info][gc,phases      ] GC(578)   Pre Evacuate Collection Set: 0.1ms
[104.382s][info][gc,phases      ] GC(578)   Evacuate Collection Set: 8.0ms
[104.382s][info][gc,phases      ] GC(578)   Post Evacuate Collection Set: 0.6ms
[104.382s][info][gc,phases      ] GC(578)   Other: 1.8ms
[104.382s][info][gc,heap        ] GC(578) Eden regions: 240->0(240)
[104.382s][info][gc,heap        ] GC(578) Survivor regions: 2->2(31)
[104.382s][info][gc,heap        ] GC(578) Old regions: 46->46
[104.382s][info][gc,heap        ] GC(578) Humongous regions: 6->6
[104.382s][info][gc,metaspace   ] GC(578) Metaspace: 71664K->71664K(1114112K)
[104.382s][info][gc             ] GC(578) Pause Young (Normal) (G1 Evacuation Pause) 290M->50M(404M) 10.504ms
[104.382s][info][gc,cpu         ] GC(578) User=0.01s Sys=0.00s Real=0.01s
[104.545s][info][gc,start       ] GC(579) Pause Young (Normal) (G1 Evacuation Pause)
[104.545s][info][gc,task        ] GC(579) Using 1 workers of 1 for evacuation
[104.549s][info][gc,phases      ] GC(579)   Pre Evacuate Collection Set: 0.0ms
[104.549s][info][gc,phases      ] GC(579)   Evacuate Collection Set: 3.6ms
[104.550s][info][gc,phases      ] GC(579)   Post Evacuate Collection Set: 0.4ms
[104.550s][info][gc,phases      ] GC(579)   Other: 0.3ms
[104.550s][info][gc,heap        ] GC(579) Eden regions: 240->0(240)
[104.550s][info][gc,heap        ] GC(579) Survivor regions: 2->2(31)
[104.550s][info][gc,heap        ] GC(579) Old regions: 46->46
[104.550s][info][gc,heap        ] GC(579) Humongous regions: 6->6
[104.550s][info][gc,metaspace   ] GC(579) Metaspace: 71664K->71664K(1114112K)
[104.550s][info][gc             ] GC(579) Pause Young (Normal) (G1 Evacuation Pause) 290M->50M(404M) 4.312ms
[104.550s][info][gc,cpu         ] GC(579) User=0.00s Sys=0.00s Real=0.01s
[104.681s][info][gc,start       ] GC(580) Pause Young (Normal) (G1 Evacuation Pause)
[104.681s][info][gc,task        ] GC(580) Using 1 workers of 1 for evacuation
[104.685s][info][gc,phases      ] GC(580)   Pre Evacuate Collection Set: 0.0ms
[104.685s][info][gc,phases      ] GC(580)   Evacuate Collection Set: 3.3ms
[104.685s][info][gc,phases      ] GC(580)   Post Evacuate Collection Set: 0.4ms
[104.685s][info][gc,phases      ] GC(580)   Other: 0.4ms
[104.685s][info][gc,heap        ] GC(580) Eden regions: 240->0(240)
[104.685s][info][gc,heap        ] GC(580) Survivor regions: 2->2(31)
[104.685s][info][gc,heap        ] GC(580) Old regions: 46->46
[104.685s][info][gc,heap        ] GC(580) Humongous regions: 11->6
[104.685s][info][gc,metaspace   ] GC(580) Metaspace: 71671K->71671K(1114112K)
[104.685s][info][gc             ] GC(580) Pause Young (Normal) (G1 Evacuation Pause) 295M->50M(404M) 4.158ms
[104.686s][info][gc,cpu         ] GC(580) User=0.00s Sys=0.00s Real=0.00s
[104.930s][info][gc,start       ] GC(581) Pause Young (Normal) (G1 Evacuation Pause)
[104.930s][info][gc,task        ] GC(581) Using 1 workers of 1 for evacuation
[104.934s][info][gc,phases      ] GC(581)   Pre Evacuate Collection Set: 0.0ms
[104.934s][info][gc,phases      ] GC(581)   Evacuate Collection Set: 3.4ms
[104.934s][info][gc,phases      ] GC(581)   Post Evacuate Collection Set: 0.4ms
[104.934s][info][gc,phases      ] GC(581)   Other: 0.4ms
[104.934s][info][gc,heap        ] GC(581) Eden regions: 240->0(240)
[104.934s][info][gc,heap        ] GC(581) Survivor regions: 2->2(31)
[104.934s][info][gc,heap        ] GC(581) Old regions: 46->46
[104.934s][info][gc,heap        ] GC(581) Humongous regions: 6->6
[104.934s][info][gc,metaspace   ] GC(581) Metaspace: 71671K->71671K(1114112K)
[104.934s][info][gc             ] GC(581) Pause Young (Normal) (G1 Evacuation Pause) 290M->50M(404M) 4.267ms
[104.934s][info][gc,cpu         ] GC(581) User=0.01s Sys=0.00s Real=0.00s
[105.070s][info][gc,start       ] GC(582) Pause Young (Normal) (G1 Evacuation Pause)
[105.071s][info][gc,task        ] GC(582) Using 1 workers of 1 for evacuation
[105.081s][info][gc,phases      ] GC(582)   Pre Evacuate Collection Set: 0.0ms
[105.081s][info][gc,phases      ] GC(582)   Evacuate Collection Set: 9.5ms
[105.081s][info][gc,phases      ] GC(582)   Post Evacuate Collection Set: 0.6ms
[105.081s][info][gc,phases      ] GC(582)   Other: 0.7ms
[105.081s][info][gc,heap        ] GC(582) Eden regions: 240->0(240)
[105.081s][info][gc,heap        ] GC(582) Survivor regions: 2->2(31)
[105.081s][info][gc,heap        ] GC(582) Old regions: 46->46
[105.081s][info][gc,heap        ] GC(582) Humongous regions: 6->6
[105.081s][info][gc,metaspace   ] GC(582) Metaspace: 71671K->71671K(1114112K)
[105.081s][info][gc             ] GC(582) Pause Young (Normal) (G1 Evacuation Pause) 290M->50M(404M) 10.963ms
[105.082s][info][gc,cpu         ] GC(582) User=0.01s Sys=0.00s Real=0.01s
[105.210s][info][gc,start       ] GC(583) Pause Young (Normal) (G1 Evacuation Pause)
[105.210s][info][gc,task        ] GC(583) Using 1 workers of 1 for evacuation
[105.214s][info][gc,phases      ] GC(583)   Pre Evacuate Collection Set: 0.0ms
[105.214s][info][gc,phases      ] GC(583)   Evacuate Collection Set: 3.3ms
[105.214s][info][gc,phases      ] GC(583)   Post Evacuate Collection Set: 0.4ms
[105.214s][info][gc,phases      ] GC(583)   Other: 0.3ms
[105.214s][info][gc,heap        ] GC(583) Eden regions: 240->0(240)
[105.214s][info][gc,heap        ] GC(583) Survivor regions: 2->2(31)
[105.214s][info][gc,heap        ] GC(583) Old regions: 46->46
[105.214s][info][gc,heap        ] GC(583) Humongous regions: 6->6
[105.214s][info][gc,metaspace   ] GC(583) Metaspace: 71671K->71671K(1114112K)
[105.214s][info][gc             ] GC(583) Pause Young (Normal) (G1 Evacuation Pause) 290M->50M(404M) 4.041ms
[105.214s][info][gc,cpu         ] GC(583) User=0.01s Sys=0.00s Real=0.00s
[105.334s][info][gc,start       ] GC(584) Pause Young (Normal) (G1 Evacuation Pause)
[105.334s][info][gc,task        ] GC(584) Using 1 workers of 1 for evacuation
[105.338s][info][gc,phases      ] GC(584)   Pre Evacuate Collection Set: 0.0ms
[105.338s][info][gc,phases      ] GC(584)   Evacuate Collection Set: 3.4ms
[105.338s][info][gc,phases      ] GC(584)   Post Evacuate Collection Set: 0.4ms
[105.338s][info][gc,phases      ] GC(584)   Other: 0.4ms
[105.338s][info][gc,heap        ] GC(584) Eden regions: 240->0(240)
[105.338s][info][gc,heap        ] GC(584) Survivor regions: 2->2(31)
[105.338s][info][gc,heap        ] GC(584) Old regions: 46->46
[105.338s][info][gc,heap        ] GC(584) Humongous regions: 6->6
[105.338s][info][gc,metaspace   ] GC(584) Metaspace: 71671K->71671K(1114112K)
[105.338s][info][gc             ] GC(584) Pause Young (Normal) (G1 Evacuation Pause) 290M->50M(404M) 4.343ms
[105.338s][info][gc,cpu         ] GC(584) User=0.00s Sys=0.01s Real=0.00s
[105.484s][info][gc,start       ] GC(585) Pause Young (Normal) (G1 Evacuation Pause)
[105.484s][info][gc,task        ] GC(585) Using 1 workers of 1 for evacuation
[105.489s][info][gc,phases      ] GC(585)   Pre Evacuate Collection Set: 0.1ms
[105.489s][info][gc,phases      ] GC(585)   Evacuate Collection Set: 3.9ms
[105.489s][info][gc,phases      ] GC(585)   Post Evacuate Collection Set: 0.5ms
[105.489s][info][gc,phases      ] GC(585)   Other: 0.4ms
[105.489s][info][gc,heap        ] GC(585) Eden regions: 240->0(240)
[105.489s][info][gc,heap        ] GC(585) Survivor regions: 2->2(31)
[105.489s][info][gc,heap        ] GC(585) Old regions: 46->46
[105.489s][info][gc,heap        ] GC(585) Humongous regions: 6->6
[105.489s][info][gc,metaspace   ] GC(585) Metaspace: 71671K->71671K(1114112K)
[105.489s][info][gc             ] GC(585) Pause Young (Normal) (G1 Evacuation Pause) 290M->50M(404M) 4.871ms
[105.489s][info][gc,cpu         ] GC(585) User=0.01s Sys=0.00s Real=0.01s
[105.622s][info][gc,start       ] GC(586) Pause Young (Normal) (G1 Evacuation Pause)
[105.622s][info][gc,task        ] GC(586) Using 1 workers of 1 for evacuation
[105.627s][info][gc,phases      ] GC(586)   Pre Evacuate Collection Set: 0.0ms
[105.627s][info][gc,phases      ] GC(586)   Evacuate Collection Set: 3.8ms
[105.627s][info][gc,phases      ] GC(586)   Post Evacuate Collection Set: 0.4ms
[105.627s][info][gc,phases      ] GC(586)   Other: 0.4ms
[105.627s][info][gc,heap        ] GC(586) Eden regions: 240->0(241)
[105.627s][info][gc,heap        ] GC(586) Survivor regions: 2->1(31)
[105.627s][info][gc,heap        ] GC(586) Old regions: 46->46
[105.627s][info][gc,heap        ] GC(586) Humongous regions: 6->6
[105.627s][info][gc,metaspace   ] GC(586) Metaspace: 71671K->71671K(1114112K)
[105.627s][info][gc             ] GC(586) Pause Young (Normal) (G1 Evacuation Pause) 290M->50M(404M) 4.633ms
[105.627s][info][gc,cpu         ] GC(586) User=0.00s Sys=0.00s Real=0.01s
[105.758s][info][gc,start       ] GC(587) Pause Young (Normal) (G1 Evacuation Pause)
[105.758s][info][gc,task        ] GC(587) Using 1 workers of 1 for evacuation
[105.761s][info][gc,phases      ] GC(587)   Pre Evacuate Collection Set: 0.0ms
[105.761s][info][gc,phases      ] GC(587)   Evacuate Collection Set: 3.1ms
[105.761s][info][gc,phases      ] GC(587)   Post Evacuate Collection Set: 0.4ms
[105.761s][info][gc,phases      ] GC(587)   Other: 0.3ms
[105.761s][info][gc,heap        ] GC(587) Eden regions: 241->0(241)
[105.761s][info][gc,heap        ] GC(587) Survivor regions: 1->1(31)
[105.761s][info][gc,heap        ] GC(587) Old regions: 46->47
[105.761s][info][gc,heap        ] GC(587) Humongous regions: 6->6
[105.761s][info][gc,metaspace   ] GC(587) Metaspace: 71671K->71671K(1114112K)
[105.761s][info][gc             ] GC(587) Pause Young (Normal) (G1 Evacuation Pause) 291M->50M(404M) 3.830ms
[105.761s][info][gc,cpu         ] GC(587) User=0.00s Sys=0.00s Real=0.01s
[105.945s][info][gc,start       ] GC(588) Pause Young (Normal) (G1 Evacuation Pause)
[105.945s][info][gc,task        ] GC(588) Using 1 workers of 1 for evacuation
[105.951s][info][gc,phases      ] GC(588)   Pre Evacuate Collection Set: 0.0ms
[105.951s][info][gc,phases      ] GC(588)   Evacuate Collection Set: 5.1ms
[105.951s][info][gc,phases      ] GC(588)   Post Evacuate Collection Set: 0.8ms
[105.951s][info][gc,phases      ] GC(588)   Other: 0.7ms
[105.951s][info][gc,heap        ] GC(588) Eden regions: 241->0(241)
[105.951s][info][gc,heap        ] GC(588) Survivor regions: 1->1(31)
[105.951s][info][gc,heap        ] GC(588) Old regions: 47->47
[105.951s][info][gc,heap        ] GC(588) Humongous regions: 11->6
[105.951s][info][gc,metaspace   ] GC(588) Metaspace: 71674K->71674K(1114112K)
[105.951s][info][gc             ] GC(588) Pause Young (Normal) (G1 Evacuation Pause) 296M->50M(404M) 6.713ms
[105.952s][info][gc,cpu         ] GC(588) User=0.01s Sys=0.00s Real=0.01s
[106.080s][info][gc,start       ] GC(589) Pause Young (Normal) (G1 Evacuation Pause)
[106.080s][info][gc,task        ] GC(589) Using 1 workers of 1 for evacuation
[106.083s][info][gc,phases      ] GC(589)   Pre Evacuate Collection Set: 0.0ms
[106.084s][info][gc,phases      ] GC(589)   Evacuate Collection Set: 2.6ms
[106.084s][info][gc,phases      ] GC(589)   Post Evacuate Collection Set: 0.3ms
[106.084s][info][gc,phases      ] GC(589)   Other: 0.3ms
[106.084s][info][gc,heap        ] GC(589) Eden regions: 241->0(241)
[106.084s][info][gc,heap        ] GC(589) Survivor regions: 1->1(31)
[106.084s][info][gc,heap        ] GC(589) Old regions: 47->47
[106.084s][info][gc,heap        ] GC(589) Humongous regions: 6->6
[106.084s][info][gc,metaspace   ] GC(589) Metaspace: 71674K->71674K(1114112K)
[106.084s][info][gc             ] GC(589) Pause Young (Normal) (G1 Evacuation Pause) 291M->50M(404M) 3.319ms
[106.084s][info][gc,cpu         ] GC(589) User=0.00s Sys=0.00s Real=0.00s
[106.212s][info][gc,start       ] GC(590) Pause Young (Normal) (G1 Evacuation Pause)
[106.212s][info][gc,task        ] GC(590) Using 1 workers of 1 for evacuation
[106.215s][info][gc,phases      ] GC(590)   Pre Evacuate Collection Set: 0.0ms
[106.215s][info][gc,phases      ] GC(590)   Evacuate Collection Set: 2.5ms
[106.215s][info][gc,phases      ] GC(590)   Post Evacuate Collection Set: 0.4ms
[106.215s][info][gc,phases      ] GC(590)   Other: 0.3ms
[106.215s][info][gc,heap        ] GC(590) Eden regions: 241->0(241)
[106.215s][info][gc,heap        ] GC(590) Survivor regions: 1->1(31)
[106.215s][info][gc,heap        ] GC(590) Old regions: 47->47
[106.215s][info][gc,heap        ] GC(590) Humongous regions: 6->6
[106.215s][info][gc,metaspace   ] GC(590) Metaspace: 71674K->71674K(1114112K)
[106.215s][info][gc             ] GC(590) Pause Young (Normal) (G1 Evacuation Pause) 291M->51M(404M) 3.228ms
[106.215s][info][gc,cpu         ] GC(590) User=0.00s Sys=0.00s Real=0.00s
[106.364s][info][gc,start       ] GC(591) Pause Young (Normal) (G1 Evacuation Pause)
[106.364s][info][gc,task        ] GC(591) Using 1 workers of 1 for evacuation
[106.372s][info][gc,phases      ] GC(591)   Pre Evacuate Collection Set: 0.1ms
[106.372s][info][gc,phases      ] GC(591)   Evacuate Collection Set: 6.5ms
[106.372s][info][gc,phases      ] GC(591)   Post Evacuate Collection Set: 0.6ms
[106.372s][info][gc,phases      ] GC(591)   Other: 1.1ms
[106.372s][info][gc,heap        ] GC(591) Eden regions: 241->0(241)
[106.372s][info][gc,heap        ] GC(591) Survivor regions: 1->1(31)
[106.372s][info][gc,heap        ] GC(591) Old regions: 47->47
[106.372s][info][gc,heap        ] GC(591) Humongous regions: 6->6
[106.372s][info][gc,metaspace   ] GC(591) Metaspace: 71674K->71674K(1114112K)
[106.372s][info][gc             ] GC(591) Pause Young (Normal) (G1 Evacuation Pause) 292M->51M(404M) 8.383ms
[106.372s][info][gc,cpu         ] GC(591) User=0.01s Sys=0.00s Real=0.01s
[106.581s][info][gc,start       ] GC(592) Pause Young (Normal) (G1 Evacuation Pause)
[106.581s][info][gc,task        ] GC(592) Using 1 workers of 1 for evacuation
[106.584s][info][gc,phases      ] GC(592)   Pre Evacuate Collection Set: 0.0ms
[106.584s][info][gc,phases      ] GC(592)   Evacuate Collection Set: 2.5ms
[106.584s][info][gc,phases      ] GC(592)   Post Evacuate Collection Set: 0.3ms
[106.584s][info][gc,phases      ] GC(592)   Other: 0.4ms
[106.584s][info][gc,heap        ] GC(592) Eden regions: 241->0(241)
[106.584s][info][gc,heap        ] GC(592) Survivor regions: 1->1(31)
[106.584s][info][gc,heap        ] GC(592) Old regions: 47->47
[106.584s][info][gc,heap        ] GC(592) Humongous regions: 6->6
[106.584s][info][gc,metaspace   ] GC(592) Metaspace: 71674K->71674K(1114112K)
[106.584s][info][gc             ] GC(592) Pause Young (Normal) (G1 Evacuation Pause) 292M->51M(404M) 3.285ms
[106.584s][info][gc,cpu         ] GC(592) User=0.00s Sys=0.00s Real=0.00s
[106.704s][info][gc,start       ] GC(593) Pause Young (Normal) (G1 Evacuation Pause)
[106.704s][info][gc,task        ] GC(593) Using 1 workers of 1 for evacuation
[106.707s][info][gc,phases      ] GC(593)   Pre Evacuate Collection Set: 0.0ms
[106.707s][info][gc,phases      ] GC(593)   Evacuate Collection Set: 2.4ms
[106.707s][info][gc,phases      ] GC(593)   Post Evacuate Collection Set: 0.3ms
[106.707s][info][gc,phases      ] GC(593)   Other: 0.3ms
[106.707s][info][gc,heap        ] GC(593) Eden regions: 241->0(241)
[106.707s][info][gc,heap        ] GC(593) Survivor regions: 1->1(31)
[106.707s][info][gc,heap        ] GC(593) Old regions: 47->47
[106.707s][info][gc,heap        ] GC(593) Humongous regions: 6->6
[106.707s][info][gc,metaspace   ] GC(593) Metaspace: 71674K->71674K(1114112K)
[106.707s][info][gc             ] GC(593) Pause Young (Normal) (G1 Evacuation Pause) 292M->51M(404M) 3.188ms
[106.707s][info][gc,cpu         ] GC(593) User=0.00s Sys=0.00s Real=0.01s
[106.822s][info][gc,start       ] GC(594) Pause Young (Normal) (G1 Evacuation Pause)
[106.822s][info][gc,task        ] GC(594) Using 1 workers of 1 for evacuation
[106.825s][info][gc,phases      ] GC(594)   Pre Evacuate Collection Set: 0.0ms
[106.825s][info][gc,phases      ] GC(594)   Evacuate Collection Set: 2.5ms
[106.825s][info][gc,phases      ] GC(594)   Post Evacuate Collection Set: 0.3ms
[106.825s][info][gc,phases      ] GC(594)   Other: 0.3ms
[106.825s][info][gc,heap        ] GC(594) Eden regions: 241->0(241)
[106.825s][info][gc,heap        ] GC(594) Survivor regions: 1->1(31)
[106.825s][info][gc,heap        ] GC(594) Old regions: 47->47
[106.825s][info][gc,heap        ] GC(594) Humongous regions: 6->6
[106.825s][info][gc,metaspace   ] GC(594) Metaspace: 71674K->71674K(1114112K)
[106.825s][info][gc             ] GC(594) Pause Young (Normal) (G1 Evacuation Pause) 292M->51M(404M) 3.202ms
[106.825s][info][gc,cpu         ] GC(594) User=0.00s Sys=0.00s Real=0.00s
[107.193s][info][gc,start       ] GC(595) Pause Young (Normal) (G1 Evacuation Pause)
[107.193s][info][gc,task        ] GC(595) Using 1 workers of 1 for evacuation
[107.201s][info][gc,phases      ] GC(595)   Pre Evacuate Collection Set: 0.1ms
[107.201s][info][gc,phases      ] GC(595)   Evacuate Collection Set: 6.4ms
[107.201s][info][gc,phases      ] GC(595)   Post Evacuate Collection Set: 0.8ms
[107.201s][info][gc,phases      ] GC(595)   Other: 0.8ms
[107.201s][info][gc,heap        ] GC(595) Eden regions: 241->0(241)
[107.201s][info][gc,heap        ] GC(595) Survivor regions: 1->1(31)
[107.201s][info][gc,heap        ] GC(595) Old regions: 47->47
[107.201s][info][gc,heap        ] GC(595) Humongous regions: 6->6
[107.201s][info][gc,metaspace   ] GC(595) Metaspace: 71674K->71674K(1114112K)
[107.201s][info][gc             ] GC(595) Pause Young (Normal) (G1 Evacuation Pause) 292M->51M(404M) 8.164ms
[107.201s][info][gc,cpu         ] GC(595) User=0.01s Sys=0.00s Real=0.01s
[107.352s][info][gc,start       ] GC(596) Pause Young (Normal) (G1 Evacuation Pause)
[107.352s][info][gc,task        ] GC(596) Using 1 workers of 1 for evacuation
[107.355s][info][gc,phases      ] GC(596)   Pre Evacuate Collection Set: 0.0ms
[107.355s][info][gc,phases      ] GC(596)   Evacuate Collection Set: 2.4ms
[107.355s][info][gc,phases      ] GC(596)   Post Evacuate Collection Set: 0.3ms
[107.355s][info][gc,phases      ] GC(596)   Other: 0.3ms
[107.355s][info][gc,heap        ] GC(596) Eden regions: 241->0(241)
[107.355s][info][gc,heap        ] GC(596) Survivor regions: 1->1(31)
[107.355s][info][gc,heap        ] GC(596) Old regions: 47->47
[107.355s][info][gc,heap        ] GC(596) Humongous regions: 11->6
[107.355s][info][gc,metaspace   ] GC(596) Metaspace: 71685K->71685K(1114112K)
[107.355s][info][gc             ] GC(596) Pause Young (Normal) (G1 Evacuation Pause) 297M->50M(404M) 3.153ms
[107.356s][info][gc,cpu         ] GC(596) User=0.00s Sys=0.00s Real=0.00s
[107.484s][info][gc,start       ] GC(597) Pause Young (Normal) (G1 Evacuation Pause)
[107.484s][info][gc,task        ] GC(597) Using 1 workers of 1 for evacuation
[107.491s][info][gc,phases      ] GC(597)   Pre Evacuate Collection Set: 0.1ms
[107.491s][info][gc,phases      ] GC(597)   Evacuate Collection Set: 5.3ms
[107.491s][info][gc,phases      ] GC(597)   Post Evacuate Collection Set: 0.8ms
[107.491s][info][gc,phases      ] GC(597)   Other: 0.5ms
[107.491s][info][gc,heap        ] GC(597) Eden regions: 241->0(241)
[107.491s][info][gc,heap        ] GC(597) Survivor regions: 1->1(31)
[107.491s][info][gc,heap        ] GC(597) Old regions: 47->47
[107.491s][info][gc,heap        ] GC(597) Humongous regions: 6->6
[107.491s][info][gc,metaspace   ] GC(597) Metaspace: 71690K->71690K(1114112K)
[107.491s][info][gc             ] GC(597) Pause Young (Normal) (G1 Evacuation Pause) 291M->50M(404M) 6.855ms
[107.491s][info][gc,cpu         ] GC(597) User=0.01s Sys=0.00s Real=0.01s
[107.680s][info][gc,start       ] GC(598) Pause Young (Normal) (G1 Evacuation Pause)
[107.680s][info][gc,task        ] GC(598) Using 1 workers of 1 for evacuation
[107.683s][info][gc,phases      ] GC(598)   Pre Evacuate Collection Set: 0.0ms
[107.683s][info][gc,phases      ] GC(598)   Evacuate Collection Set: 2.3ms
[107.683s][info][gc,phases      ] GC(598)   Post Evacuate Collection Set: 0.3ms
[107.683s][info][gc,phases      ] GC(598)   Other: 0.3ms
[107.683s][info][gc,heap        ] GC(598) Eden regions: 241->0(241)
[107.683s][info][gc,heap        ] GC(598) Survivor regions: 1->1(31)
[107.683s][info][gc,heap        ] GC(598) Old regions: 47->47
[107.683s][info][gc,heap        ] GC(598) Humongous regions: 6->6
[107.683s][info][gc,metaspace   ] GC(598) Metaspace: 71690K->71690K(1114112K)
[107.683s][info][gc             ] GC(598) Pause Young (Normal) (G1 Evacuation Pause) 291M->50M(404M) 3.003ms
[107.683s][info][gc,cpu         ] GC(598) User=0.01s Sys=0.00s Real=0.00s
[107.826s][info][gc,start       ] GC(599) Pause Young (Normal) (G1 Evacuation Pause)
[107.826s][info][gc,task        ] GC(599) Using 1 workers of 1 for evacuation
[107.830s][info][gc,phases      ] GC(599)   Pre Evacuate Collection Set: 0.0ms
[107.830s][info][gc,phases      ] GC(599)   Evacuate Collection Set: 3.4ms
[107.830s][info][gc,phases      ] GC(599)   Post Evacuate Collection Set: 0.4ms
[107.830s][info][gc,phases      ] GC(599)   Other: 0.3ms
[107.830s][info][gc,heap        ] GC(599) Eden regions: 241->0(241)
[107.830s][info][gc,heap        ] GC(599) Survivor regions: 1->1(31)
[107.830s][info][gc,heap        ] GC(599) Old regions: 47->47
[107.830s][info][gc,heap        ] GC(599) Humongous regions: 6->6
[107.830s][info][gc,metaspace   ] GC(599) Metaspace: 71690K->71690K(1114112K)
[107.830s][info][gc             ] GC(599) Pause Young (Normal) (G1 Evacuation Pause) 291M->50M(404M) 4.165ms
[107.830s][info][gc,cpu         ] GC(599) User=0.00s Sys=0.00s Real=0.01s
[107.976s][info][gc,start       ] GC(600) Pause Young (Normal) (G1 Evacuation Pause)
[107.976s][info][gc,task        ] GC(600) Using 1 workers of 1 for evacuation
[107.979s][info][gc,phases      ] GC(600)   Pre Evacuate Collection Set: 0.0ms
[107.979s][info][gc,phases      ] GC(600)   Evacuate Collection Set: 2.6ms
[107.979s][info][gc,phases      ] GC(600)   Post Evacuate Collection Set: 0.3ms
[107.979s][info][gc,phases      ] GC(600)   Other: 0.4ms
[107.979s][info][gc,heap        ] GC(600) Eden regions: 241->0(241)
[107.979s][info][gc,heap        ] GC(600) Survivor regions: 1->1(31)
[107.979s][info][gc,heap        ] GC(600) Old regions: 47->47
[107.979s][info][gc,heap        ] GC(600) Humongous regions: 6->6
[107.979s][info][gc,metaspace   ] GC(600) Metaspace: 71690K->71690K(1114112K)
[107.979s][info][gc             ] GC(600) Pause Young (Normal) (G1 Evacuation Pause) 291M->50M(404M) 3.402ms
[107.979s][info][gc,cpu         ] GC(600) User=0.00s Sys=0.00s Real=0.01s
[108.113s][info][gc,start       ] GC(601) Pause Young (Normal) (G1 Evacuation Pause)
[108.113s][info][gc,task        ] GC(601) Using 1 workers of 1 for evacuation
[108.117s][info][gc,phases      ] GC(601)   Pre Evacuate Collection Set: 0.0ms
[108.117s][info][gc,phases      ] GC(601)   Evacuate Collection Set: 2.7ms
[108.117s][info][gc,phases      ] GC(601)   Post Evacuate Collection Set: 0.3ms
[108.117s][info][gc,phases      ] GC(601)   Other: 0.3ms
[108.117s][info][gc,heap        ] GC(601) Eden regions: 241->0(241)
[108.117s][info][gc,heap        ] GC(601) Survivor regions: 1->1(31)
[108.117s][info][gc,heap        ] GC(601) Old regions: 47->47
[108.117s][info][gc,heap        ] GC(601) Humongous regions: 6->6
[108.117s][info][gc,metaspace   ] GC(601) Metaspace: 71690K->71690K(1114112K)
[108.117s][info][gc             ] GC(601) Pause Young (Normal) (G1 Evacuation Pause) 291M->50M(404M) 3.375ms
[108.117s][info][gc,cpu         ] GC(601) User=0.01s Sys=0.00s Real=0.00s
[108.286s][info][gc,start       ] GC(602) Pause Young (Normal) (G1 Evacuation Pause)
[108.286s][info][gc,task        ] GC(602) Using 1 workers of 1 for evacuation
[108.289s][info][gc,phases      ] GC(602)   Pre Evacuate Collection Set: 0.0ms
[108.289s][info][gc,phases      ] GC(602)   Evacuate Collection Set: 2.6ms
[108.289s][info][gc,phases      ] GC(602)   Post Evacuate Collection Set: 0.3ms
[108.289s][info][gc,phases      ] GC(602)   Other: 0.4ms
[108.289s][info][gc,heap        ] GC(602) Eden regions: 241->0(241)
[108.289s][info][gc,heap        ] GC(602) Survivor regions: 1->1(31)
[108.289s][info][gc,heap        ] GC(602) Old regions: 47->47
[108.289s][info][gc,heap        ] GC(602) Humongous regions: 6->6
[108.289s][info][gc,metaspace   ] GC(602) Metaspace: 71690K->71690K(1114112K)
[108.289s][info][gc             ] GC(602) Pause Young (Normal) (G1 Evacuation Pause) 291M->50M(404M) 3.384ms
[108.289s][info][gc,cpu         ] GC(602) User=0.01s Sys=0.00s Real=0.01s
[108.448s][info][gc,start       ] GC(603) Pause Young (Normal) (G1 Evacuation Pause)
[108.448s][info][gc,task        ] GC(603) Using 1 workers of 1 for evacuation
[108.451s][info][gc,phases      ] GC(603)   Pre Evacuate Collection Set: 0.0ms
[108.451s][info][gc,phases      ] GC(603)   Evacuate Collection Set: 2.9ms
[108.451s][info][gc,phases      ] GC(603)   Post Evacuate Collection Set: 0.5ms
[108.451s][info][gc,phases      ] GC(603)   Other: 0.3ms
[108.451s][info][gc,heap        ] GC(603) Eden regions: 241->0(241)
[108.451s][info][gc,heap        ] GC(603) Survivor regions: 1->1(31)
[108.451s][info][gc,heap        ] GC(603) Old regions: 47->47
[108.451s][info][gc,heap        ] GC(603) Humongous regions: 11->6
[108.451s][info][gc,metaspace   ] GC(603) Metaspace: 71693K->71693K(1114112K)
[108.451s][info][gc             ] GC(603) Pause Young (Normal) (G1 Evacuation Pause) 296M->51M(404M) 3.800ms
[108.451s][info][gc,cpu         ] GC(603) User=0.00s Sys=0.00s Real=0.00s
[108.574s][info][gc,start       ] GC(604) Pause Young (Normal) (G1 Evacuation Pause)
[108.574s][info][gc,task        ] GC(604) Using 1 workers of 1 for evacuation
[108.578s][info][gc,phases      ] GC(604)   Pre Evacuate Collection Set: 0.0ms
[108.578s][info][gc,phases      ] GC(604)   Evacuate Collection Set: 2.6ms
[108.578s][info][gc,phases      ] GC(604)   Post Evacuate Collection Set: 0.4ms
[108.578s][info][gc,phases      ] GC(604)   Other: 0.3ms
[108.578s][info][gc,heap        ] GC(604) Eden regions: 241->0(241)
[108.578s][info][gc,heap        ] GC(604) Survivor regions: 1->1(31)
[108.578s][info][gc,heap        ] GC(604) Old regions: 47->47
[108.578s][info][gc,heap        ] GC(604) Humongous regions: 6->6
[108.578s][info][gc,metaspace   ] GC(604) Metaspace: 71693K->71693K(1114112K)
[108.578s][info][gc             ] GC(604) Pause Young (Normal) (G1 Evacuation Pause) 292M->51M(404M) 3.318ms
[108.578s][info][gc,cpu         ] GC(604) User=0.01s Sys=0.00s Real=0.00s
[108.745s][info][gc,start       ] GC(605) Pause Young (Normal) (G1 Evacuation Pause)
[108.746s][info][gc,task        ] GC(605) Using 1 workers of 1 for evacuation
[108.749s][info][gc,phases      ] GC(605)   Pre Evacuate Collection Set: 0.0ms
[108.749s][info][gc,phases      ] GC(605)   Evacuate Collection Set: 2.7ms
[108.749s][info][gc,phases      ] GC(605)   Post Evacuate Collection Set: 0.4ms
[108.749s][info][gc,phases      ] GC(605)   Other: 0.5ms
[108.749s][info][gc,heap        ] GC(605) Eden regions: 241->0(241)
[108.749s][info][gc,heap        ] GC(605) Survivor regions: 1->1(31)
[108.749s][info][gc,heap        ] GC(605) Old regions: 47->47
[108.749s][info][gc,heap        ] GC(605) Humongous regions: 6->6
[108.749s][info][gc,metaspace   ] GC(605) Metaspace: 71693K->71693K(1114112K)
[108.749s][info][gc             ] GC(605) Pause Young (Normal) (G1 Evacuation Pause) 292M->51M(404M) 3.628ms
[108.749s][info][gc,cpu         ] GC(605) User=0.01s Sys=0.00s Real=0.01s
[108.874s][info][gc,start       ] GC(606) Pause Young (Normal) (G1 Evacuation Pause)
[108.874s][info][gc,task        ] GC(606) Using 1 workers of 1 for evacuation
[108.877s][info][gc,phases      ] GC(606)   Pre Evacuate Collection Set: 0.0ms
[108.877s][info][gc,phases      ] GC(606)   Evacuate Collection Set: 2.7ms
[108.877s][info][gc,phases      ] GC(606)   Post Evacuate Collection Set: 0.4ms
[108.877s][info][gc,phases      ] GC(606)   Other: 0.4ms
[108.877s][info][gc,heap        ] GC(606) Eden regions: 241->0(241)
[108.877s][info][gc,heap        ] GC(606) Survivor regions: 1->1(31)
[108.877s][info][gc,heap        ] GC(606) Old regions: 47->47
[108.877s][info][gc,heap        ] GC(606) Humongous regions: 6->6
[108.877s][info][gc,metaspace   ] GC(606) Metaspace: 71693K->71693K(1114112K)
[108.877s][info][gc             ] GC(606) Pause Young (Normal) (G1 Evacuation Pause) 292M->51M(404M) 3.586ms
[108.877s][info][gc,cpu         ] GC(606) User=0.00s Sys=0.00s Real=0.00s
[109.063s][info][gc,start       ] GC(607) Pause Young (Normal) (G1 Evacuation Pause)
[109.063s][info][gc,task        ] GC(607) Using 1 workers of 1 for evacuation
[109.067s][info][gc,phases      ] GC(607)   Pre Evacuate Collection Set: 0.0ms
[109.067s][info][gc,phases      ] GC(607)   Evacuate Collection Set: 2.6ms
[109.067s][info][gc,phases      ] GC(607)   Post Evacuate Collection Set: 0.3ms
[109.067s][info][gc,phases      ] GC(607)   Other: 0.4ms
[109.067s][info][gc,heap        ] GC(607) Eden regions: 241->0(241)
[109.067s][info][gc,heap        ] GC(607) Survivor regions: 1->1(31)
[109.067s][info][gc,heap        ] GC(607) Old regions: 47->47
[109.067s][info][gc,heap        ] GC(607) Humongous regions: 6->6
[109.067s][info][gc,metaspace   ] GC(607) Metaspace: 71693K->71693K(1114112K)
[109.067s][info][gc             ] GC(607) Pause Young (Normal) (G1 Evacuation Pause) 292M->51M(404M) 3.427ms
[109.067s][info][gc,cpu         ] GC(607) User=0.00s Sys=0.00s Real=0.01s
[109.241s][info][gc,start       ] GC(608) Pause Young (Normal) (G1 Evacuation Pause)
[109.241s][info][gc,task        ] GC(608) Using 1 workers of 1 for evacuation
[109.248s][info][gc,phases      ] GC(608)   Pre Evacuate Collection Set: 0.0ms
[109.248s][info][gc,phases      ] GC(608)   Evacuate Collection Set: 5.4ms
[109.248s][info][gc,phases      ] GC(608)   Post Evacuate Collection Set: 0.6ms
[109.248s][info][gc,phases      ] GC(608)   Other: 0.5ms
[109.248s][info][gc,heap        ] GC(608) Eden regions: 241->0(241)
[109.248s][info][gc,heap        ] GC(608) Survivor regions: 1->1(31)
[109.248s][info][gc,heap        ] GC(608) Old regions: 47->47
[109.248s][info][gc,heap        ] GC(608) Humongous regions: 6->6
[109.248s][info][gc,metaspace   ] GC(608) Metaspace: 71693K->71693K(1114112K)
[109.248s][info][gc             ] GC(608) Pause Young (Normal) (G1 Evacuation Pause) 292M->51M(404M) 6.612ms
[109.248s][info][gc,cpu         ] GC(608) User=0.00s Sys=0.00s Real=0.01s
[109.393s][info][gc,start       ] GC(609) Pause Young (Normal) (G1 Evacuation Pause)
[109.394s][info][gc,task        ] GC(609) Using 1 workers of 1 for evacuation
[109.397s][info][gc,phases      ] GC(609)   Pre Evacuate Collection Set: 0.0ms
[109.397s][info][gc,phases      ] GC(609)   Evacuate Collection Set: 3.0ms
[109.397s][info][gc,phases      ] GC(609)   Post Evacuate Collection Set: 0.4ms
[109.398s][info][gc,phases      ] GC(609)   Other: 0.9ms
[109.398s][info][gc,heap        ] GC(609) Eden regions: 241->0(241)
[109.398s][info][gc,heap        ] GC(609) Survivor regions: 1->1(31)
[109.398s][info][gc,heap        ] GC(609) Old regions: 47->47
[109.398s][info][gc,heap        ] GC(609) Humongous regions: 6->6
[109.398s][info][gc,metaspace   ] GC(609) Metaspace: 71693K->71693K(1114112K)
[109.398s][info][gc             ] GC(609) Pause Young (Normal) (G1 Evacuation Pause) 292M->51M(404M) 4.235ms
[109.398s][info][gc,cpu         ] GC(609) User=0.00s Sys=0.00s Real=0.00s
[109.520s][info][gc,start       ] GC(610) Pause Young (Normal) (G1 Evacuation Pause)
[109.520s][info][gc,task        ] GC(610) Using 1 workers of 1 for evacuation
[109.524s][info][gc,phases      ] GC(610)   Pre Evacuate Collection Set: 0.0ms
[109.524s][info][gc,phases      ] GC(610)   Evacuate Collection Set: 2.7ms
[109.524s][info][gc,phases      ] GC(610)   Post Evacuate Collection Set: 0.3ms
[109.524s][info][gc,phases      ] GC(610)   Other: 0.4ms
[109.524s][info][gc,heap        ] GC(610) Eden regions: 241->0(241)
[109.524s][info][gc,heap        ] GC(610) Survivor regions: 1->1(31)
[109.524s][info][gc,heap        ] GC(610) Old regions: 47->47
[109.524s][info][gc,heap        ] GC(610) Humongous regions: 6->6
[109.524s][info][gc,metaspace   ] GC(610) Metaspace: 71693K->71693K(1114112K)
[109.524s][info][gc             ] GC(610) Pause Young (Normal) (G1 Evacuation Pause) 292M->51M(404M) 3.467ms
[109.524s][info][gc,cpu         ] GC(610) User=0.00s Sys=0.00s Real=0.00s
[109.669s][info][gc,start       ] GC(611) Pause Young (Normal) (G1 Evacuation Pause)
[109.669s][info][gc,task        ] GC(611) Using 1 workers of 1 for evacuation
[109.672s][info][gc,phases      ] GC(611)   Pre Evacuate Collection Set: 0.0ms
[109.672s][info][gc,phases      ] GC(611)   Evacuate Collection Set: 2.4ms
[109.672s][info][gc,phases      ] GC(611)   Post Evacuate Collection Set: 0.3ms
[109.672s][info][gc,phases      ] GC(611)   Other: 0.3ms
[109.672s][info][gc,heap        ] GC(611) Eden regions: 241->0(241)
[109.672s][info][gc,heap        ] GC(611) Survivor regions: 1->1(31)
[109.672s][info][gc,heap        ] GC(611) Old regions: 47->47
[109.672s][info][gc,heap        ] GC(611) Humongous regions: 11->6
[109.672s][info][gc,metaspace   ] GC(611) Metaspace: 71693K->71693K(1114112K)
[109.672s][info][gc             ] GC(611) Pause Young (Normal) (G1 Evacuation Pause) 297M->50M(404M) 3.148ms
[109.672s][info][gc,cpu         ] GC(611) User=0.01s Sys=0.00s Real=0.00s
[109.822s][info][gc,start       ] GC(612) Pause Young (Normal) (G1 Evacuation Pause)
[109.822s][info][gc,task        ] GC(612) Using 1 workers of 1 for evacuation
[109.825s][info][gc,phases      ] GC(612)   Pre Evacuate Collection Set: 0.0ms
[109.825s][info][gc,phases      ] GC(612)   Evacuate Collection Set: 2.3ms
[109.825s][info][gc,phases      ] GC(612)   Post Evacuate Collection Set: 0.3ms
[109.825s][info][gc,phases      ] GC(612)   Other: 0.4ms
[109.825s][info][gc,heap        ] GC(612) Eden regions: 241->0(241)
[109.825s][info][gc,heap        ] GC(612) Survivor regions: 1->1(31)
[109.825s][info][gc,heap        ] GC(612) Old regions: 47->47
[109.825s][info][gc,heap        ] GC(612) Humongous regions: 6->6
[109.825s][info][gc,metaspace   ] GC(612) Metaspace: 71694K->71694K(1114112K)
[109.825s][info][gc             ] GC(612) Pause Young (Normal) (G1 Evacuation Pause) 291M->50M(404M) 3.095ms
[109.825s][info][gc,cpu         ] GC(612) User=0.00s Sys=0.00s Real=0.00s
[109.950s][info][gc,start       ] GC(613) Pause Young (Normal) (G1 Evacuation Pause)
[109.950s][info][gc,task        ] GC(613) Using 1 workers of 1 for evacuation
[109.953s][info][gc,phases      ] GC(613)   Pre Evacuate Collection Set: 0.0ms
[109.953s][info][gc,phases      ] GC(613)   Evacuate Collection Set: 2.3ms
[109.953s][info][gc,phases      ] GC(613)   Post Evacuate Collection Set: 0.3ms
[109.953s][info][gc,phases      ] GC(613)   Other: 0.3ms
[109.953s][info][gc,heap        ] GC(613) Eden regions: 241->0(241)
[109.953s][info][gc,heap        ] GC(613) Survivor regions: 1->1(31)
[109.953s][info][gc,heap        ] GC(613) Old regions: 47->47
[109.953s][info][gc,heap        ] GC(613) Humongous regions: 6->6
[109.953s][info][gc,metaspace   ] GC(613) Metaspace: 71694K->71694K(1114112K)
[109.953s][info][gc             ] GC(613) Pause Young (Normal) (G1 Evacuation Pause) 291M->50M(404M) 3.035ms
[109.953s][info][gc,cpu         ] GC(613) User=0.01s Sys=0.00s Real=0.00s
[110.071s][info][gc,start       ] GC(614) Pause Young (Normal) (G1 Evacuation Pause)
[110.071s][info][gc,task        ] GC(614) Using 1 workers of 1 for evacuation
[110.074s][info][gc,phases      ] GC(614)   Pre Evacuate Collection Set: 0.0ms
[110.074s][info][gc,phases      ] GC(614)   Evacuate Collection Set: 2.3ms
[110.074s][info][gc,phases      ] GC(614)   Post Evacuate Collection Set: 0.3ms
[110.074s][info][gc,phases      ] GC(614)   Other: 0.3ms
[110.074s][info][gc,heap        ] GC(614) Eden regions: 241->0(241)
[110.074s][info][gc,heap        ] GC(614) Survivor regions: 1->1(31)
[110.074s][info][gc,heap        ] GC(614) Old regions: 47->47
[110.074s][info][gc,heap        ] GC(614) Humongous regions: 6->6
[110.074s][info][gc,metaspace   ] GC(614) Metaspace: 71694K->71694K(1114112K)
[110.074s][info][gc             ] GC(614) Pause Young (Normal) (G1 Evacuation Pause) 291M->50M(404M) 2.963ms
[110.074s][info][gc,cpu         ] GC(614) User=0.01s Sys=0.00s Real=0.00s
[110.214s][info][gc,start       ] GC(615) Pause Young (Normal) (G1 Evacuation Pause)
[110.214s][info][gc,task        ] GC(615) Using 1 workers of 1 for evacuation
[110.218s][info][gc,phases      ] GC(615)   Pre Evacuate Collection Set: 0.1ms
[110.218s][info][gc,phases      ] GC(615)   Evacuate Collection Set: 2.4ms
[110.218s][info][gc,phases      ] GC(615)   Post Evacuate Collection Set: 0.3ms
[110.218s][info][gc,phases      ] GC(615)   Other: 0.4ms
[110.218s][info][gc,heap        ] GC(615) Eden regions: 241->0(241)
[110.218s][info][gc,heap        ] GC(615) Survivor regions: 1->1(31)
[110.218s][info][gc,heap        ] GC(615) Old regions: 47->47
[110.218s][info][gc,heap        ] GC(615) Humongous regions: 6->6
[110.218s][info][gc,metaspace   ] GC(615) Metaspace: 71694K->71694K(1114112K)
[110.218s][info][gc             ] GC(615) Pause Young (Normal) (G1 Evacuation Pause) 291M->50M(404M) 3.299ms
[110.218s][info][gc,cpu         ] GC(615) User=0.00s Sys=0.00s Real=0.00s
[110.339s][info][gc,start       ] GC(616) Pause Young (Normal) (G1 Evacuation Pause)
[110.339s][info][gc,task        ] GC(616) Using 1 workers of 1 for evacuation
[110.342s][info][gc,phases      ] GC(616)   Pre Evacuate Collection Set: 0.0ms
[110.342s][info][gc,phases      ] GC(616)   Evacuate Collection Set: 2.4ms
[110.342s][info][gc,phases      ] GC(616)   Post Evacuate Collection Set: 0.4ms
[110.342s][info][gc,phases      ] GC(616)   Other: 0.5ms
[110.342s][info][gc,heap        ] GC(616) Eden regions: 241->0(241)
[110.342s][info][gc,heap        ] GC(616) Survivor regions: 1->1(31)
[110.342s][info][gc,heap        ] GC(616) Old regions: 47->47
[110.342s][info][gc,heap        ] GC(616) Humongous regions: 6->6
[110.342s][info][gc,metaspace   ] GC(616) Metaspace: 71694K->71694K(1114112K)
[110.342s][info][gc             ] GC(616) Pause Young (Normal) (G1 Evacuation Pause) 291M->50M(404M) 3.364ms
[110.342s][info][gc,cpu         ] GC(616) User=0.00s Sys=0.00s Real=0.01s
[110.464s][info][gc,start       ] GC(617) Pause Young (Normal) (G1 Evacuation Pause)
[110.464s][info][gc,task        ] GC(617) Using 1 workers of 1 for evacuation
[110.467s][info][gc,phases      ] GC(617)   Pre Evacuate Collection Set: 0.0ms
[110.467s][info][gc,phases      ] GC(617)   Evacuate Collection Set: 2.5ms
[110.467s][info][gc,phases      ] GC(617)   Post Evacuate Collection Set: 0.5ms
[110.467s][info][gc,phases      ] GC(617)   Other: 0.3ms
[110.467s][info][gc,heap        ] GC(617) Eden regions: 241->0(241)
[110.467s][info][gc,heap        ] GC(617) Survivor regions: 1->1(31)
[110.467s][info][gc,heap        ] GC(617) Old regions: 47->47
[110.467s][info][gc,heap        ] GC(617) Humongous regions: 6->6
[110.467s][info][gc,metaspace   ] GC(617) Metaspace: 71694K->71694K(1114112K)
[110.467s][info][gc             ] GC(617) Pause Young (Normal) (G1 Evacuation Pause) 291M->51M(404M) 3.386ms
[110.467s][info][gc,cpu         ] GC(617) User=0.00s Sys=0.00s Real=0.01s
[110.590s][info][gc,start       ] GC(618) Pause Young (Normal) (G1 Evacuation Pause)
[110.590s][info][gc,task        ] GC(618) Using 1 workers of 1 for evacuation
[110.596s][info][gc,phases      ] GC(618)   Pre Evacuate Collection Set: 0.0ms
[110.596s][info][gc,phases      ] GC(618)   Evacuate Collection Set: 4.7ms
[110.596s][info][gc,phases      ] GC(618)   Post Evacuate Collection Set: 0.4ms
[110.596s][info][gc,phases      ] GC(618)   Other: 0.3ms
[110.596s][info][gc,heap        ] GC(618) Eden regions: 241->0(241)
[110.596s][info][gc,heap        ] GC(618) Survivor regions: 1->1(31)
[110.596s][info][gc,heap        ] GC(618) Old regions: 47->47
[110.596s][info][gc,heap        ] GC(618) Humongous regions: 6->6
[110.596s][info][gc,metaspace   ] GC(618) Metaspace: 71694K->71694K(1114112K)
[110.596s][info][gc             ] GC(618) Pause Young (Normal) (G1 Evacuation Pause) 292M->51M(404M) 5.477ms
[110.596s][info][gc,cpu         ] GC(618) User=0.01s Sys=0.00s Real=0.00s
[110.766s][info][gc,start       ] GC(619) Pause Young (Normal) (G1 Evacuation Pause)
[110.766s][info][gc,task        ] GC(619) Using 1 workers of 1 for evacuation
[110.769s][info][gc,phases      ] GC(619)   Pre Evacuate Collection Set: 0.0ms
[110.769s][info][gc,phases      ] GC(619)   Evacuate Collection Set: 2.7ms
[110.769s][info][gc,phases      ] GC(619)   Post Evacuate Collection Set: 0.3ms
[110.769s][info][gc,phases      ] GC(619)   Other: 0.4ms
[110.769s][info][gc,heap        ] GC(619) Eden regions: 241->0(241)
[110.769s][info][gc,heap        ] GC(619) Survivor regions: 1->1(31)
[110.769s][info][gc,heap        ] GC(619) Old regions: 47->47
[110.769s][info][gc,heap        ] GC(619) Humongous regions: 11->6
[110.769s][info][gc,metaspace   ] GC(619) Metaspace: 71710K->71710K(1114112K)
[110.769s][info][gc             ] GC(619) Pause Young (Normal) (G1 Evacuation Pause) 297M->51M(404M) 3.490ms
[110.769s][info][gc,cpu         ] GC(619) User=0.00s Sys=0.00s Real=0.01s
[110.904s][info][gc,start       ] GC(620) Pause Young (Normal) (G1 Evacuation Pause)
[110.904s][info][gc,task        ] GC(620) Using 1 workers of 1 for evacuation
[110.907s][info][gc,phases      ] GC(620)   Pre Evacuate Collection Set: 0.0ms
[110.907s][info][gc,phases      ] GC(620)   Evacuate Collection Set: 2.5ms
[110.907s][info][gc,phases      ] GC(620)   Post Evacuate Collection Set: 0.4ms
[110.907s][info][gc,phases      ] GC(620)   Other: 0.3ms
[110.907s][info][gc,heap        ] GC(620) Eden regions: 241->0(241)
[110.907s][info][gc,heap        ] GC(620) Survivor regions: 1->1(31)
[110.907s][info][gc,heap        ] GC(620) Old regions: 47->47
[110.907s][info][gc,heap        ] GC(620) Humongous regions: 6->6
[110.907s][info][gc,metaspace   ] GC(620) Metaspace: 71710K->71710K(1114112K)
[110.907s][info][gc             ] GC(620) Pause Young (Normal) (G1 Evacuation Pause) 292M->51M(404M) 3.254ms
[110.907s][info][gc,cpu         ] GC(620) User=0.00s Sys=0.00s Real=0.01s
[111.023s][info][gc,start       ] GC(621) Pause Young (Normal) (G1 Evacuation Pause)
[111.023s][info][gc,task        ] GC(621) Using 1 workers of 1 for evacuation
[111.026s][info][gc,phases      ] GC(621)   Pre Evacuate Collection Set: 0.0ms
[111.026s][info][gc,phases      ] GC(621)   Evacuate Collection Set: 2.4ms
[111.026s][info][gc,phases      ] GC(621)   Post Evacuate Collection Set: 0.4ms
[111.026s][info][gc,phases      ] GC(621)   Other: 0.3ms
[111.026s][info][gc,heap        ] GC(621) Eden regions: 241->0(241)
[111.026s][info][gc,heap        ] GC(621) Survivor regions: 1->1(31)
[111.026s][info][gc,heap        ] GC(621) Old regions: 47->47
[111.026s][info][gc,heap        ] GC(621) Humongous regions: 6->6
[111.026s][info][gc,metaspace   ] GC(621) Metaspace: 71710K->71710K(1114112K)
[111.026s][info][gc             ] GC(621) Pause Young (Normal) (G1 Evacuation Pause) 292M->51M(404M) 3.236ms
[111.026s][info][gc,cpu         ] GC(621) User=0.01s Sys=0.00s Real=0.00s
[111.188s][info][gc,start       ] GC(622) Pause Young (Normal) (G1 Evacuation Pause)
[111.188s][info][gc,task        ] GC(622) Using 1 workers of 1 for evacuation
[111.194s][info][gc,phases      ] GC(622)   Pre Evacuate Collection Set: 0.0ms
[111.194s][info][gc,phases      ] GC(622)   Evacuate Collection Set: 5.1ms
[111.194s][info][gc,phases      ] GC(622)   Post Evacuate Collection Set: 0.7ms
[111.194s][info][gc,phases      ] GC(622)   Other: 0.8ms
[111.194s][info][gc,heap        ] GC(622) Eden regions: 241->0(241)
[111.194s][info][gc,heap        ] GC(622) Survivor regions: 1->1(31)
[111.194s][info][gc,heap        ] GC(622) Old regions: 47->47
[111.194s][info][gc,heap        ] GC(622) Humongous regions: 6->6
[111.194s][info][gc,metaspace   ] GC(622) Metaspace: 71710K->71710K(1114112K)
[111.194s][info][gc             ] GC(622) Pause Young (Normal) (G1 Evacuation Pause) 292M->51M(404M) 6.703ms
[111.194s][info][gc,cpu         ] GC(622) User=0.01s Sys=0.00s Real=0.00s
[111.372s][info][gc,start       ] GC(623) Pause Young (Normal) (G1 Evacuation Pause)
[111.372s][info][gc,task        ] GC(623) Using 1 workers of 1 for evacuation
[111.376s][info][gc,phases      ] GC(623)   Pre Evacuate Collection Set: 0.1ms
[111.376s][info][gc,phases      ] GC(623)   Evacuate Collection Set: 3.4ms
[111.376s][info][gc,phases      ] GC(623)   Post Evacuate Collection Set: 0.3ms
[111.376s][info][gc,phases      ] GC(623)   Other: 0.5ms
[111.376s][info][gc,heap        ] GC(623) Eden regions: 241->0(241)
[111.376s][info][gc,heap        ] GC(623) Survivor regions: 1->1(31)
[111.376s][info][gc,heap        ] GC(623) Old regions: 47->47
[111.376s][info][gc,heap        ] GC(623) Humongous regions: 6->6
[111.376s][info][gc,metaspace   ] GC(623) Metaspace: 71710K->71710K(1114112K)
[111.376s][info][gc             ] GC(623) Pause Young (Normal) (G1 Evacuation Pause) 292M->51M(404M) 4.296ms
[111.376s][info][gc,cpu         ] GC(623) User=0.01s Sys=0.00s Real=0.00s
[111.522s][info][gc,start       ] GC(624) Pause Young (Normal) (G1 Evacuation Pause)
[111.522s][info][gc,task        ] GC(624) Using 1 workers of 1 for evacuation
[111.525s][info][gc,phases      ] GC(624)   Pre Evacuate Collection Set: 0.0ms
[111.525s][info][gc,phases      ] GC(624)   Evacuate Collection Set: 2.7ms
[111.525s][info][gc,phases      ] GC(624)   Post Evacuate Collection Set: 0.3ms
[111.525s][info][gc,phases      ] GC(624)   Other: 0.4ms
[111.525s][info][gc,heap        ] GC(624) Eden regions: 241->0(241)
[111.525s][info][gc,heap        ] GC(624) Survivor regions: 1->1(31)
[111.525s][info][gc,heap        ] GC(624) Old regions: 47->47
[111.525s][info][gc,heap        ] GC(624) Humongous regions: 6->6
[111.525s][info][gc,metaspace   ] GC(624) Metaspace: 71710K->71710K(1114112K)
[111.525s][info][gc             ] GC(624) Pause Young (Normal) (G1 Evacuation Pause) 292M->51M(404M) 3.479ms
[111.525s][info][gc,cpu         ] GC(624) User=0.01s Sys=0.00s Real=0.00s
[111.644s][info][gc,start       ] GC(625) Pause Young (Normal) (G1 Evacuation Pause)
[111.644s][info][gc,task        ] GC(625) Using 1 workers of 1 for evacuation
[111.648s][info][gc,phases      ] GC(625)   Pre Evacuate Collection Set: 0.0ms
[111.648s][info][gc,phases      ] GC(625)   Evacuate Collection Set: 2.5ms
[111.648s][info][gc,phases      ] GC(625)   Post Evacuate Collection Set: 0.4ms
[111.648s][info][gc,phases      ] GC(625)   Other: 0.3ms
[111.648s][info][gc,heap        ] GC(625) Eden regions: 241->0(241)
[111.648s][info][gc,heap        ] GC(625) Survivor regions: 1->1(31)
[111.648s][info][gc,heap        ] GC(625) Old regions: 47->47
[111.648s][info][gc,heap        ] GC(625) Humongous regions: 6->6
[111.648s][info][gc,metaspace   ] GC(625) Metaspace: 71710K->71710K(1114112K)
[111.648s][info][gc             ] GC(625) Pause Young (Normal) (G1 Evacuation Pause) 292M->51M(404M) 3.276ms
[111.648s][info][gc,cpu         ] GC(625) User=0.01s Sys=0.00s Real=0.01s
[111.778s][info][gc,start       ] GC(626) Pause Young (Normal) (G1 Evacuation Pause)
[111.778s][info][gc,task        ] GC(626) Using 1 workers of 1 for evacuation
[111.781s][info][gc,phases      ] GC(626)   Pre Evacuate Collection Set: 0.0ms
[111.781s][info][gc,phases      ] GC(626)   Evacuate Collection Set: 2.5ms
[111.781s][info][gc,phases      ] GC(626)   Post Evacuate Collection Set: 0.4ms
[111.781s][info][gc,phases      ] GC(626)   Other: 0.3ms
[111.781s][info][gc,heap        ] GC(626) Eden regions: 241->0(241)
[111.781s][info][gc,heap        ] GC(626) Survivor regions: 1->1(31)
[111.781s][info][gc,heap        ] GC(626) Old regions: 47->47
[111.781s][info][gc,heap        ] GC(626) Humongous regions: 11->6
[111.781s][info][gc,metaspace   ] GC(626) Metaspace: 71713K->71713K(1114112K)
[111.781s][info][gc             ] GC(626) Pause Young (Normal) (G1 Evacuation Pause) 297M->50M(404M) 3.237ms
[111.782s][info][gc,cpu         ] GC(626) User=0.00s Sys=0.00s Real=0.00s
[111.931s][info][gc,start       ] GC(627) Pause Young (Normal) (G1 Evacuation Pause)
[111.932s][info][gc,task        ] GC(627) Using 1 workers of 1 for evacuation
[111.938s][info][gc,phases      ] GC(627)   Pre Evacuate Collection Set: 0.0ms
[111.938s][info][gc,phases      ] GC(627)   Evacuate Collection Set: 4.9ms
[111.938s][info][gc,phases      ] GC(627)   Post Evacuate Collection Set: 0.5ms
[111.938s][info][gc,phases      ] GC(627)   Other: 0.9ms
[111.938s][info][gc,heap        ] GC(627) Eden regions: 241->0(241)
[111.938s][info][gc,heap        ] GC(627) Survivor regions: 1->1(31)
[111.938s][info][gc,heap        ] GC(627) Old regions: 47->47
[111.938s][info][gc,heap        ] GC(627) Humongous regions: 6->6
[111.938s][info][gc,metaspace   ] GC(627) Metaspace: 71713K->71713K(1114112K)
[111.938s][info][gc             ] GC(627) Pause Young (Normal) (G1 Evacuation Pause) 291M->50M(404M) 6.404ms
[111.938s][info][gc,cpu         ] GC(627) User=0.00s Sys=0.00s Real=0.00s
[112.065s][info][gc,start       ] GC(628) Pause Young (Normal) (G1 Evacuation Pause)
[112.065s][info][gc,task        ] GC(628) Using 1 workers of 1 for evacuation
[112.068s][info][gc,phases      ] GC(628)   Pre Evacuate Collection Set: 0.0ms
[112.068s][info][gc,phases      ] GC(628)   Evacuate Collection Set: 2.4ms
[112.068s][info][gc,phases      ] GC(628)   Post Evacuate Collection Set: 0.3ms
[112.068s][info][gc,phases      ] GC(628)   Other: 0.3ms
[112.068s][info][gc,heap        ] GC(628) Eden regions: 241->0(241)
[112.068s][info][gc,heap        ] GC(628) Survivor regions: 1->1(31)
[112.068s][info][gc,heap        ] GC(628) Old regions: 47->47
[112.068s][info][gc,heap        ] GC(628) Humongous regions: 6->6
[112.068s][info][gc,metaspace   ] GC(628) Metaspace: 71713K->71713K(1114112K)
[112.068s][info][gc             ] GC(628) Pause Young (Normal) (G1 Evacuation Pause) 291M->50M(404M) 3.094ms
[112.068s][info][gc,cpu         ] GC(628) User=0.00s Sys=0.00s Real=0.01s
[112.194s][info][gc,start       ] GC(629) Pause Young (Normal) (G1 Evacuation Pause)
[112.194s][info][gc,task        ] GC(629) Using 1 workers of 1 for evacuation
[112.197s][info][gc,phases      ] GC(629)   Pre Evacuate Collection Set: 0.0ms
[112.197s][info][gc,phases      ] GC(629)   Evacuate Collection Set: 2.3ms
[112.197s][info][gc,phases      ] GC(629)   Post Evacuate Collection Set: 0.4ms
[112.197s][info][gc,phases      ] GC(629)   Other: 0.3ms
[112.197s][info][gc,heap        ] GC(629) Eden regions: 241->0(241)
[112.197s][info][gc,heap        ] GC(629) Survivor regions: 1->1(31)
[112.197s][info][gc,heap        ] GC(629) Old regions: 47->47
[112.197s][info][gc,heap        ] GC(629) Humongous regions: 6->6
[112.197s][info][gc,metaspace   ] GC(629) Metaspace: 71713K->71713K(1114112K)
[112.197s][info][gc             ] GC(629) Pause Young (Normal) (G1 Evacuation Pause) 291M->50M(404M) 3.052ms
[112.197s][info][gc,cpu         ] GC(629) User=0.00s Sys=0.00s Real=0.00s
[112.348s][info][gc,start       ] GC(630) Pause Young (Normal) (G1 Evacuation Pause)
[112.348s][info][gc,task        ] GC(630) Using 1 workers of 1 for evacuation
[112.351s][info][gc,phases      ] GC(630)   Pre Evacuate Collection Set: 0.0ms
[112.351s][info][gc,phases      ] GC(630)   Evacuate Collection Set: 2.6ms
[112.351s][info][gc,phases      ] GC(630)   Post Evacuate Collection Set: 0.3ms
[112.351s][info][gc,phases      ] GC(630)   Other: 0.4ms
[112.351s][info][gc,heap        ] GC(630) Eden regions: 241->0(241)
[112.351s][info][gc,heap        ] GC(630) Survivor regions: 1->1(31)
[112.351s][info][gc,heap        ] GC(630) Old regions: 47->47
[112.351s][info][gc,heap        ] GC(630) Humongous regions: 6->6
[112.351s][info][gc,metaspace   ] GC(630) Metaspace: 71713K->71713K(1114112K)
[112.351s][info][gc             ] GC(630) Pause Young (Normal) (G1 Evacuation Pause) 291M->50M(404M) 3.381ms
[112.351s][info][gc,cpu         ] GC(630) User=0.01s Sys=0.00s Real=0.00s
[112.472s][info][gc,start       ] GC(631) Pause Young (Normal) (G1 Evacuation Pause)
[112.472s][info][gc,task        ] GC(631) Using 1 workers of 1 for evacuation
[112.475s][info][gc,phases      ] GC(631)   Pre Evacuate Collection Set: 0.0ms
[112.475s][info][gc,phases      ] GC(631)   Evacuate Collection Set: 2.5ms
[112.475s][info][gc,phases      ] GC(631)   Post Evacuate Collection Set: 0.3ms
[112.475s][info][gc,phases      ] GC(631)   Other: 0.3ms
[112.475s][info][gc,heap        ] GC(631) Eden regions: 241->0(241)
[112.475s][info][gc,heap        ] GC(631) Survivor regions: 1->1(31)
[112.475s][info][gc,heap        ] GC(631) Old regions: 47->47
[112.475s][info][gc,heap        ] GC(631) Humongous regions: 6->6
[112.475s][info][gc,metaspace   ] GC(631) Metaspace: 71713K->71713K(1114112K)
[112.475s][info][gc             ] GC(631) Pause Young (Normal) (G1 Evacuation Pause) 291M->50M(404M) 3.167ms
[112.475s][info][gc,cpu         ] GC(631) User=0.00s Sys=0.00s Real=0.00s
[112.597s][info][gc,start       ] GC(632) Pause Young (Normal) (G1 Evacuation Pause)
[112.597s][info][gc,task        ] GC(632) Using 1 workers of 1 for evacuation
[112.601s][info][gc,phases      ] GC(632)   Pre Evacuate Collection Set: 0.0ms
[112.601s][info][gc,phases      ] GC(632)   Evacuate Collection Set: 3.2ms
[112.601s][info][gc,phases      ] GC(632)   Post Evacuate Collection Set: 0.4ms
[112.601s][info][gc,phases      ] GC(632)   Other: 0.4ms
[112.601s][info][gc,heap        ] GC(632) Eden regions: 241->0(241)
[112.601s][info][gc,heap        ] GC(632) Survivor regions: 1->1(31)
[112.601s][info][gc,heap        ] GC(632) Old regions: 47->47
[112.601s][info][gc,heap        ] GC(632) Humongous regions: 6->6
[112.601s][info][gc,metaspace   ] GC(632) Metaspace: 71713K->71713K(1114112K)
[112.601s][info][gc             ] GC(632) Pause Young (Normal) (G1 Evacuation Pause) 291M->51M(404M) 4.071ms
[112.601s][info][gc,cpu         ] GC(632) User=0.00s Sys=0.00s Real=0.01s
[112.842s][info][gc,start       ] GC(633) Pause Young (Normal) (G1 Evacuation Pause)
[112.842s][info][gc,task        ] GC(633) Using 1 workers of 1 for evacuation
[112.846s][info][gc,phases      ] GC(633)   Pre Evacuate Collection Set: 0.0ms
[112.846s][info][gc,phases      ] GC(633)   Evacuate Collection Set: 2.6ms
[112.846s][info][gc,phases      ] GC(633)   Post Evacuate Collection Set: 0.3ms
[112.846s][info][gc,phases      ] GC(633)   Other: 0.4ms
[112.846s][info][gc,heap        ] GC(633) Eden regions: 241->0(241)
[112.846s][info][gc,heap        ] GC(633) Survivor regions: 1->1(31)
[112.846s][info][gc,heap        ] GC(633) Old regions: 47->47
[112.846s][info][gc,heap        ] GC(633) Humongous regions: 6->6
[112.846s][info][gc,metaspace   ] GC(633) Metaspace: 71713K->71713K(1114112K)
[112.846s][info][gc             ] GC(633) Pause Young (Normal) (G1 Evacuation Pause) 292M->51M(404M) 3.501ms
[112.846s][info][gc,cpu         ] GC(633) User=0.00s Sys=0.00s Real=0.00s
[113.046s][info][gc,start       ] GC(634) Pause Young (Normal) (G1 Evacuation Pause)
[113.046s][info][gc,task        ] GC(634) Using 1 workers of 1 for evacuation
[113.050s][info][gc,phases      ] GC(634)   Pre Evacuate Collection Set: 0.0ms
[113.050s][info][gc,phases      ] GC(634)   Evacuate Collection Set: 2.8ms
[113.050s][info][gc,phases      ] GC(634)   Post Evacuate Collection Set: 0.4ms
[113.050s][info][gc,phases      ] GC(634)   Other: 0.3ms
[113.050s][info][gc,heap        ] GC(634) Eden regions: 241->0(241)
[113.050s][info][gc,heap        ] GC(634) Survivor regions: 1->1(31)
[113.050s][info][gc,heap        ] GC(634) Old regions: 47->47
[113.050s][info][gc,heap        ] GC(634) Humongous regions: 11->6
[113.050s][info][gc,metaspace   ] GC(634) Metaspace: 71717K->71717K(1114112K)
[113.050s][info][gc             ] GC(634) Pause Young (Normal) (G1 Evacuation Pause) 297M->51M(404M) 3.625ms
[113.050s][info][gc,cpu         ] GC(634) User=0.01s Sys=0.00s Real=0.01s
[113.175s][info][gc,start       ] GC(635) Pause Young (Normal) (G1 Evacuation Pause)
[113.175s][info][gc,task        ] GC(635) Using 1 workers of 1 for evacuation
[113.178s][info][gc,phases      ] GC(635)   Pre Evacuate Collection Set: 0.0ms
[113.178s][info][gc,phases      ] GC(635)   Evacuate Collection Set: 2.6ms
[113.178s][info][gc,phases      ] GC(635)   Post Evacuate Collection Set: 0.3ms
[113.178s][info][gc,phases      ] GC(635)   Other: 0.3ms
[113.178s][info][gc,heap        ] GC(635) Eden regions: 241->0(241)
[113.178s][info][gc,heap        ] GC(635) Survivor regions: 1->1(31)
[113.178s][info][gc,heap        ] GC(635) Old regions: 47->47
[113.178s][info][gc,heap        ] GC(635) Humongous regions: 6->6
[113.178s][info][gc,metaspace   ] GC(635) Metaspace: 71720K->71720K(1114112K)
[113.178s][info][gc             ] GC(635) Pause Young (Normal) (G1 Evacuation Pause) 292M->51M(404M) 3.322ms
[113.178s][info][gc,cpu         ] GC(635) User=0.01s Sys=0.00s Real=0.00s
[113.296s][info][gc,start       ] GC(636) Pause Young (Normal) (G1 Evacuation Pause)
[113.296s][info][gc,task        ] GC(636) Using 1 workers of 1 for evacuation
[113.299s][info][gc,phases      ] GC(636)   Pre Evacuate Collection Set: 0.0ms
[113.299s][info][gc,phases      ] GC(636)   Evacuate Collection Set: 2.6ms
[113.299s][info][gc,phases      ] GC(636)   Post Evacuate Collection Set: 0.3ms
[113.299s][info][gc,phases      ] GC(636)   Other: 0.3ms
[113.299s][info][gc,heap        ] GC(636) Eden regions: 241->0(241)
[113.299s][info][gc,heap        ] GC(636) Survivor regions: 1->1(31)
[113.299s][info][gc,heap        ] GC(636) Old regions: 47->47
[113.299s][info][gc,heap        ] GC(636) Humongous regions: 6->6
[113.299s][info][gc,metaspace   ] GC(636) Metaspace: 71720K->71720K(1114112K)
[113.299s][info][gc             ] GC(636) Pause Young (Normal) (G1 Evacuation Pause) 292M->51M(404M) 3.274ms
[113.299s][info][gc,cpu         ] GC(636) User=0.01s Sys=0.00s Real=0.01s
[113.509s][info][gc,start       ] GC(637) Pause Young (Normal) (G1 Evacuation Pause)
[113.509s][info][gc,task        ] GC(637) Using 1 workers of 1 for evacuation
[113.512s][info][gc,phases      ] GC(637)   Pre Evacuate Collection Set: 0.0ms
[113.512s][info][gc,phases      ] GC(637)   Evacuate Collection Set: 2.7ms
[113.512s][info][gc,phases      ] GC(637)   Post Evacuate Collection Set: 0.3ms
[113.513s][info][gc,phases      ] GC(637)   Other: 0.5ms
[113.513s][info][gc,heap        ] GC(637) Eden regions: 241->0(241)
[113.513s][info][gc,heap        ] GC(637) Survivor regions: 1->1(31)
[113.513s][info][gc,heap        ] GC(637) Old regions: 47->47
[113.513s][info][gc,heap        ] GC(637) Humongous regions: 6->6
[113.513s][info][gc,metaspace   ] GC(637) Metaspace: 71720K->71720K(1114112K)
[113.513s][info][gc             ] GC(637) Pause Young (Normal) (G1 Evacuation Pause) 292M->51M(404M) 3.615ms
[113.513s][info][gc,cpu         ] GC(637) User=0.00s Sys=0.00s Real=0.00s
[113.634s][info][gc,start       ] GC(638) Pause Young (Normal) (G1 Evacuation Pause)
[113.634s][info][gc,task        ] GC(638) Using 1 workers of 1 for evacuation
[113.637s][info][gc,phases      ] GC(638)   Pre Evacuate Collection Set: 0.0ms
[113.637s][info][gc,phases      ] GC(638)   Evacuate Collection Set: 2.5ms
[113.637s][info][gc,phases      ] GC(638)   Post Evacuate Collection Set: 0.3ms
[113.637s][info][gc,phases      ] GC(638)   Other: 0.3ms
[113.637s][info][gc,heap        ] GC(638) Eden regions: 241->0(241)
[113.637s][info][gc,heap        ] GC(638) Survivor regions: 1->1(31)
[113.637s][info][gc,heap        ] GC(638) Old regions: 47->47
[113.637s][info][gc,heap        ] GC(638) Humongous regions: 6->6
[113.637s][info][gc,metaspace   ] GC(638) Metaspace: 71720K->71720K(1114112K)
[113.637s][info][gc             ] GC(638) Pause Young (Normal) (G1 Evacuation Pause) 292M->51M(404M) 3.180ms
[113.637s][info][gc,cpu         ] GC(638) User=0.00s Sys=0.00s Real=0.00s
[113.768s][info][gc,start       ] GC(639) Pause Young (Normal) (G1 Evacuation Pause)
[113.768s][info][gc,task        ] GC(639) Using 1 workers of 1 for evacuation
[113.771s][info][gc,phases      ] GC(639)   Pre Evacuate Collection Set: 0.0ms
[113.771s][info][gc,phases      ] GC(639)   Evacuate Collection Set: 2.6ms
[113.771s][info][gc,phases      ] GC(639)   Post Evacuate Collection Set: 0.3ms
[113.771s][info][gc,phases      ] GC(639)   Other: 0.3ms
[113.771s][info][gc,heap        ] GC(639) Eden regions: 241->0(241)
[113.771s][info][gc,heap        ] GC(639) Survivor regions: 1->1(31)
[113.771s][info][gc,heap        ] GC(639) Old regions: 47->47
[113.771s][info][gc,heap        ] GC(639) Humongous regions: 6->6
[113.771s][info][gc,metaspace   ] GC(639) Metaspace: 71720K->71720K(1114112K)
[113.771s][info][gc             ] GC(639) Pause Young (Normal) (G1 Evacuation Pause) 292M->51M(404M) 3.281ms
[113.771s][info][gc,cpu         ] GC(639) User=0.01s Sys=0.00s Real=0.00s
[113.890s][info][gc,start       ] GC(640) Pause Young (Normal) (G1 Evacuation Pause)
[113.890s][info][gc,task        ] GC(640) Using 1 workers of 1 for evacuation
[113.894s][info][gc,phases      ] GC(640)   Pre Evacuate Collection Set: 0.0ms
[113.894s][info][gc,phases      ] GC(640)   Evacuate Collection Set: 3.0ms
[113.894s][info][gc,phases      ] GC(640)   Post Evacuate Collection Set: 0.6ms
[113.894s][info][gc,phases      ] GC(640)   Other: 0.3ms
[113.894s][info][gc,heap        ] GC(640) Eden regions: 241->0(241)
[113.894s][info][gc,heap        ] GC(640) Survivor regions: 1->1(31)
[113.894s][info][gc,heap        ] GC(640) Old regions: 47->47
[113.894s][info][gc,heap        ] GC(640) Humongous regions: 6->6
[113.894s][info][gc,metaspace   ] GC(640) Metaspace: 71720K->71720K(1114112K)
[113.894s][info][gc             ] GC(640) Pause Young (Normal) (G1 Evacuation Pause) 292M->51M(404M) 4.086ms
[113.894s][info][gc,cpu         ] GC(640) User=0.00s Sys=0.00s Real=0.00s
[114.016s][info][gc,start       ] GC(641) Pause Young (Normal) (G1 Evacuation Pause)
[114.016s][info][gc,task        ] GC(641) Using 1 workers of 1 for evacuation
[114.019s][info][gc,phases      ] GC(641)   Pre Evacuate Collection Set: 0.0ms
[114.019s][info][gc,phases      ] GC(641)   Evacuate Collection Set: 2.6ms
[114.019s][info][gc,phases      ] GC(641)   Post Evacuate Collection Set: 0.3ms
[114.020s][info][gc,phases      ] GC(641)   Other: 0.4ms
[114.020s][info][gc,heap        ] GC(641) Eden regions: 241->0(241)
[114.020s][info][gc,heap        ] GC(641) Survivor regions: 1->1(31)
[114.020s][info][gc,heap        ] GC(641) Old regions: 47->47
[114.020s][info][gc,heap        ] GC(641) Humongous regions: 6->6
[114.020s][info][gc,metaspace   ] GC(641) Metaspace: 71720K->71720K(1114112K)
[114.020s][info][gc             ] GC(641) Pause Young (Normal) (G1 Evacuation Pause) 292M->51M(404M) 3.334ms
[114.020s][info][gc,cpu         ] GC(641) User=0.01s Sys=0.00s Real=0.01s
[114.172s][info][gc,start       ] GC(642) Pause Young (Normal) (G1 Evacuation Pause)
[114.172s][info][gc,task        ] GC(642) Using 1 workers of 1 for evacuation
[114.175s][info][gc,phases      ] GC(642)   Pre Evacuate Collection Set: 0.0ms
[114.175s][info][gc,phases      ] GC(642)   Evacuate Collection Set: 2.4ms
[114.175s][info][gc,phases      ] GC(642)   Post Evacuate Collection Set: 0.3ms
[114.175s][info][gc,phases      ] GC(642)   Other: 0.3ms
[114.175s][info][gc,heap        ] GC(642) Eden regions: 241->0(241)
[114.175s][info][gc,heap        ] GC(642) Survivor regions: 1->1(31)
[114.175s][info][gc,heap        ] GC(642) Old regions: 47->47
[114.175s][info][gc,heap        ] GC(642) Humongous regions: 11->6
[114.175s][info][gc,metaspace   ] GC(642) Metaspace: 71725K->71725K(1114112K)
[114.175s][info][gc             ] GC(642) Pause Young (Normal) (G1 Evacuation Pause) 297M->50M(404M) 3.073ms
[114.175s][info][gc,cpu         ] GC(642) User=0.00s Sys=0.00s Real=0.00s
[114.306s][info][gc,start       ] GC(643) Pause Young (Normal) (G1 Evacuation Pause)
[114.306s][info][gc,task        ] GC(643) Using 1 workers of 1 for evacuation
[114.309s][info][gc,phases      ] GC(643)   Pre Evacuate Collection Set: 0.0ms
[114.309s][info][gc,phases      ] GC(643)   Evacuate Collection Set: 2.3ms
[114.309s][info][gc,phases      ] GC(643)   Post Evacuate Collection Set: 0.3ms
[114.309s][info][gc,phases      ] GC(643)   Other: 0.4ms
[114.309s][info][gc,heap        ] GC(643) Eden regions: 241->0(241)
[114.309s][info][gc,heap        ] GC(643) Survivor regions: 1->1(31)
[114.309s][info][gc,heap        ] GC(643) Old regions: 47->47
[114.309s][info][gc,heap        ] GC(643) Humongous regions: 6->6
[114.309s][info][gc,metaspace   ] GC(643) Metaspace: 71725K->71725K(1114112K)
[114.309s][info][gc             ] GC(643) Pause Young (Normal) (G1 Evacuation Pause) 291M->50M(404M) 3.071ms
[114.309s][info][gc,cpu         ] GC(643) User=0.00s Sys=0.00s Real=0.01s
[114.437s][info][gc,start       ] GC(644) Pause Young (Normal) (G1 Evacuation Pause)
[114.438s][info][gc,task        ] GC(644) Using 1 workers of 1 for evacuation
[114.444s][info][gc,phases      ] GC(644)   Pre Evacuate Collection Set: 0.1ms
[114.444s][info][gc,phases      ] GC(644)   Evacuate Collection Set: 4.6ms
[114.444s][info][gc,phases      ] GC(644)   Post Evacuate Collection Set: 0.8ms
[114.444s][info][gc,phases      ] GC(644)   Other: 1.4ms
[114.444s][info][gc,heap        ] GC(644) Eden regions: 241->0(241)
[114.444s][info][gc,heap        ] GC(644) Survivor regions: 1->1(31)
[114.444s][info][gc,heap        ] GC(644) Old regions: 47->47
[114.444s][info][gc,heap        ] GC(644) Humongous regions: 6->6
[114.444s][info][gc,metaspace   ] GC(644) Metaspace: 71725K->71725K(1114112K)
[114.444s][info][gc             ] GC(644) Pause Young (Normal) (G1 Evacuation Pause) 291M->51M(404M) 6.931ms
[114.444s][info][gc,cpu         ] GC(644) User=0.01s Sys=0.00s Real=0.01s
[114.605s][info][gc,start       ] GC(645) Pause Young (Normal) (G1 Evacuation Pause)
[114.605s][info][gc,task        ] GC(645) Using 1 workers of 1 for evacuation
[114.608s][info][gc,phases      ] GC(645)   Pre Evacuate Collection Set: 0.0ms
[114.608s][info][gc,phases      ] GC(645)   Evacuate Collection Set: 2.5ms
[114.608s][info][gc,phases      ] GC(645)   Post Evacuate Collection Set: 0.3ms
[114.608s][info][gc,phases      ] GC(645)   Other: 0.3ms
[114.608s][info][gc,heap        ] GC(645) Eden regions: 241->0(241)
[114.608s][info][gc,heap        ] GC(645) Survivor regions: 1->1(31)
[114.608s][info][gc,heap        ] GC(645) Old regions: 47->47
[114.608s][info][gc,heap        ] GC(645) Humongous regions: 6->6
[114.608s][info][gc,metaspace   ] GC(645) Metaspace: 71725K->71725K(1114112K)
[114.609s][info][gc             ] GC(645) Pause Young (Normal) (G1 Evacuation Pause) 292M->51M(404M) 3.214ms
[114.609s][info][gc,cpu         ] GC(645) User=0.00s Sys=0.00s Real=0.01s
[114.757s][info][gc,start       ] GC(646) Pause Young (Normal) (G1 Evacuation Pause)
[114.757s][info][gc,task        ] GC(646) Using 1 workers of 1 for evacuation
[114.760s][info][gc,phases      ] GC(646)   Pre Evacuate Collection Set: 0.0ms
[114.760s][info][gc,phases      ] GC(646)   Evacuate Collection Set: 2.7ms
[114.760s][info][gc,phases      ] GC(646)   Post Evacuate Collection Set: 0.4ms
[114.760s][info][gc,phases      ] GC(646)   Other: 0.4ms
[114.760s][info][gc,heap        ] GC(646) Eden regions: 241->0(241)
[114.760s][info][gc,heap        ] GC(646) Survivor regions: 1->1(31)
[114.760s][info][gc,heap        ] GC(646) Old regions: 47->47
[114.760s][info][gc,heap        ] GC(646) Humongous regions: 6->6
[114.760s][info][gc,metaspace   ] GC(646) Metaspace: 71725K->71725K(1114112K)
[114.760s][info][gc             ] GC(646) Pause Young (Normal) (G1 Evacuation Pause) 292M->51M(404M) 3.481ms
[114.760s][info][gc,cpu         ] GC(646) User=0.00s Sys=0.00s Real=0.01s
[114.921s][info][gc,start       ] GC(647) Pause Young (Normal) (G1 Evacuation Pause)
[114.921s][info][gc,task        ] GC(647) Using 1 workers of 1 for evacuation
[114.925s][info][gc,phases      ] GC(647)   Pre Evacuate Collection Set: 0.0ms
[114.925s][info][gc,phases      ] GC(647)   Evacuate Collection Set: 2.8ms
[114.925s][info][gc,phases      ] GC(647)   Post Evacuate Collection Set: 0.4ms
[114.925s][info][gc,phases      ] GC(647)   Other: 0.4ms
[114.925s][info][gc,heap        ] GC(647) Eden regions: 241->0(241)
[114.925s][info][gc,heap        ] GC(647) Survivor regions: 1->1(31)
[114.925s][info][gc,heap        ] GC(647) Old regions: 47->47
[114.925s][info][gc,heap        ] GC(647) Humongous regions: 6->6
[114.925s][info][gc,metaspace   ] GC(647) Metaspace: 71725K->71725K(1114112K)
[114.925s][info][gc             ] GC(647) Pause Young (Normal) (G1 Evacuation Pause) 292M->51M(404M) 3.691ms
[114.925s][info][gc,cpu         ] GC(647) User=0.01s Sys=0.00s Real=0.00s
[115.052s][info][gc,start       ] GC(648) Pause Young (Normal) (G1 Evacuation Pause)
[115.052s][info][gc,task        ] GC(648) Using 1 workers of 1 for evacuation
[115.055s][info][gc,phases      ] GC(648)   Pre Evacuate Collection Set: 0.0ms
[115.055s][info][gc,phases      ] GC(648)   Evacuate Collection Set: 2.5ms
[115.055s][info][gc,phases      ] GC(648)   Post Evacuate Collection Set: 0.4ms
[115.055s][info][gc,phases      ] GC(648)   Other: 0.3ms
[115.055s][info][gc,heap        ] GC(648) Eden regions: 241->0(241)
[115.055s][info][gc,heap        ] GC(648) Survivor regions: 1->1(31)
[115.055s][info][gc,heap        ] GC(648) Old regions: 47->47
[115.055s][info][gc,heap        ] GC(648) Humongous regions: 6->6
[115.055s][info][gc,metaspace   ] GC(648) Metaspace: 71725K->71725K(1114112K)
[115.055s][info][gc             ] GC(648) Pause Young (Normal) (G1 Evacuation Pause) 292M->51M(404M) 3.354ms
[115.055s][info][gc,cpu         ] GC(648) User=0.00s Sys=0.00s Real=0.00s
[115.234s][info][gc,start       ] GC(649) Pause Young (Normal) (G1 Evacuation Pause)
[115.234s][info][gc,task        ] GC(649) Using 1 workers of 1 for evacuation
[115.238s][info][gc,phases      ] GC(649)   Pre Evacuate Collection Set: 0.0ms
[115.238s][info][gc,phases      ] GC(649)   Evacuate Collection Set: 3.2ms
[115.238s][info][gc,phases      ] GC(649)   Post Evacuate Collection Set: 0.4ms
[115.238s][info][gc,phases      ] GC(649)   Other: 0.5ms
[115.238s][info][gc,heap        ] GC(649) Eden regions: 241->0(241)
[115.238s][info][gc,heap        ] GC(649) Survivor regions: 1->1(31)
[115.238s][info][gc,heap        ] GC(649) Old regions: 47->47
[115.238s][info][gc,heap        ] GC(649) Humongous regions: 11->6
[115.238s][info][gc,metaspace   ] GC(649) Metaspace: 71729K->71729K(1114112K)
[115.238s][info][gc             ] GC(649) Pause Young (Normal) (G1 Evacuation Pause) 297M->51M(404M) 4.174ms
[115.239s][info][gc,cpu         ] GC(649) User=0.00s Sys=0.00s Real=0.00s
[115.378s][info][gc,start       ] GC(650) Pause Young (Normal) (G1 Evacuation Pause)
[115.378s][info][gc,task        ] GC(650) Using 1 workers of 1 for evacuation
[115.382s][info][gc,phases      ] GC(650)   Pre Evacuate Collection Set: 0.0ms
[115.382s][info][gc,phases      ] GC(650)   Evacuate Collection Set: 2.6ms
[115.382s][info][gc,phases      ] GC(650)   Post Evacuate Collection Set: 0.4ms
[115.382s][info][gc,phases      ] GC(650)   Other: 0.4ms
[115.382s][info][gc,heap        ] GC(650) Eden regions: 241->0(241)
[115.382s][info][gc,heap        ] GC(650) Survivor regions: 1->1(31)
[115.382s][info][gc,heap        ] GC(650) Old regions: 47->47
[115.382s][info][gc,heap        ] GC(650) Humongous regions: 6->6
[115.382s][info][gc,metaspace   ] GC(650) Metaspace: 71729K->71729K(1114112K)
[115.382s][info][gc             ] GC(650) Pause Young (Normal) (G1 Evacuation Pause) 292M->51M(404M) 3.365ms
[115.382s][info][gc,cpu         ] GC(650) User=0.00s Sys=0.00s Real=0.00s
[115.554s][info][gc,start       ] GC(651) Pause Young (Normal) (G1 Evacuation Pause)
[115.554s][info][gc,task        ] GC(651) Using 1 workers of 1 for evacuation
[115.559s][info][gc,phases      ] GC(651)   Pre Evacuate Collection Set: 0.0ms
[115.559s][info][gc,phases      ] GC(651)   Evacuate Collection Set: 4.4ms
[115.559s][info][gc,phases      ] GC(651)   Post Evacuate Collection Set: 0.3ms
[115.559s][info][gc,phases      ] GC(651)   Other: 0.3ms
[115.559s][info][gc,heap        ] GC(651) Eden regions: 241->0(241)
[115.559s][info][gc,heap        ] GC(651) Survivor regions: 1->1(31)
[115.559s][info][gc,heap        ] GC(651) Old regions: 47->47
[115.559s][info][gc,heap        ] GC(651) Humongous regions: 6->6
[115.559s][info][gc,metaspace   ] GC(651) Metaspace: 71729K->71729K(1114112K)
[115.559s][info][gc             ] GC(651) Pause Young (Normal) (G1 Evacuation Pause) 292M->51M(404M) 5.081ms
[115.559s][info][gc,cpu         ] GC(651) User=0.01s Sys=0.00s Real=0.01s
[115.680s][info][gc,start       ] GC(652) Pause Young (Normal) (G1 Evacuation Pause)
[115.681s][info][gc,task        ] GC(652) Using 1 workers of 1 for evacuation
[115.684s][info][gc,phases      ] GC(652)   Pre Evacuate Collection Set: 0.0ms
[115.684s][info][gc,phases      ] GC(652)   Evacuate Collection Set: 2.5ms
[115.684s][info][gc,phases      ] GC(652)   Post Evacuate Collection Set: 0.3ms
[115.684s][info][gc,phases      ] GC(652)   Other: 0.3ms
[115.684s][info][gc,heap        ] GC(652) Eden regions: 241->0(241)
[115.684s][info][gc,heap        ] GC(652) Survivor regions: 1->1(31)
[115.684s][info][gc,heap        ] GC(652) Old regions: 47->47
[115.684s][info][gc,heap        ] GC(652) Humongous regions: 6->6
[115.684s][info][gc,metaspace   ] GC(652) Metaspace: 71729K->71729K(1114112K)
[115.684s][info][gc             ] GC(652) Pause Young (Normal) (G1 Evacuation Pause) 292M->51M(404M) 3.196ms
[115.684s][info][gc,cpu         ] GC(652) User=0.00s Sys=0.00s Real=0.00s
[115.920s][info][gc,start       ] GC(653) Pause Young (Normal) (G1 Evacuation Pause)
[115.920s][info][gc,task        ] GC(653) Using 1 workers of 1 for evacuation
[115.923s][info][gc,phases      ] GC(653)   Pre Evacuate Collection Set: 0.0ms
[115.923s][info][gc,phases      ] GC(653)   Evacuate Collection Set: 2.8ms
[115.923s][info][gc,phases      ] GC(653)   Post Evacuate Collection Set: 0.3ms
[115.924s][info][gc,phases      ] GC(653)   Other: 0.4ms
[115.924s][info][gc,heap        ] GC(653) Eden regions: 241->0(241)
[115.924s][info][gc,heap        ] GC(653) Survivor regions: 1->1(31)
[115.924s][info][gc,heap        ] GC(653) Old regions: 47->47
[115.924s][info][gc,heap        ] GC(653) Humongous regions: 6->6
[115.924s][info][gc,metaspace   ] GC(653) Metaspace: 71729K->71729K(1114112K)
[115.924s][info][gc             ] GC(653) Pause Young (Normal) (G1 Evacuation Pause) 292M->51M(404M) 3.692ms
[115.924s][info][gc,cpu         ] GC(653) User=0.00s Sys=0.00s Real=0.00s
[116.041s][info][gc,start       ] GC(654) Pause Young (Normal) (G1 Evacuation Pause)
[116.041s][info][gc,task        ] GC(654) Using 1 workers of 1 for evacuation
[116.046s][info][gc,phases      ] GC(654)   Pre Evacuate Collection Set: 0.1ms
[116.046s][info][gc,phases      ] GC(654)   Evacuate Collection Set: 4.1ms
[116.046s][info][gc,phases      ] GC(654)   Post Evacuate Collection Set: 0.5ms
[116.046s][info][gc,phases      ] GC(654)   Other: 0.5ms
[116.046s][info][gc,heap        ] GC(654) Eden regions: 241->0(241)
[116.046s][info][gc,heap        ] GC(654) Survivor regions: 1->1(31)
[116.046s][info][gc,heap        ] GC(654) Old regions: 47->47
[116.046s][info][gc,heap        ] GC(654) Humongous regions: 6->6
[116.046s][info][gc,metaspace   ] GC(654) Metaspace: 71729K->71729K(1114112K)
[116.046s][info][gc             ] GC(654) Pause Young (Normal) (G1 Evacuation Pause) 292M->51M(404M) 5.151ms
[116.046s][info][gc,cpu         ] GC(654) User=0.00s Sys=0.00s Real=0.00s
[116.224s][info][gc,start       ] GC(655) Pause Young (Normal) (G1 Evacuation Pause)
[116.224s][info][gc,task        ] GC(655) Using 1 workers of 1 for evacuation
[116.228s][info][gc,phases      ] GC(655)   Pre Evacuate Collection Set: 0.0ms
[116.228s][info][gc,phases      ] GC(655)   Evacuate Collection Set: 2.5ms
[116.228s][info][gc,phases      ] GC(655)   Post Evacuate Collection Set: 0.4ms
[116.228s][info][gc,phases      ] GC(655)   Other: 0.3ms
[116.228s][info][gc,heap        ] GC(655) Eden regions: 241->0(241)
[116.228s][info][gc,heap        ] GC(655) Survivor regions: 1->1(31)
[116.228s][info][gc,heap        ] GC(655) Old regions: 47->47
[116.228s][info][gc,heap        ] GC(655) Humongous regions: 6->6
[116.228s][info][gc,metaspace   ] GC(655) Metaspace: 71729K->71729K(1114112K)
[116.228s][info][gc             ] GC(655) Pause Young (Normal) (G1 Evacuation Pause) 292M->51M(404M) 3.286ms
[116.228s][info][gc,cpu         ] GC(655) User=0.00s Sys=0.00s Real=0.01s
[116.376s][info][gc,start       ] GC(656) Pause Young (Normal) (G1 Evacuation Pause)
[116.376s][info][gc,task        ] GC(656) Using 1 workers of 1 for evacuation
[116.379s][info][gc,phases      ] GC(656)   Pre Evacuate Collection Set: 0.0ms
[116.379s][info][gc,phases      ] GC(656)   Evacuate Collection Set: 2.6ms
[116.379s][info][gc,phases      ] GC(656)   Post Evacuate Collection Set: 0.3ms
[116.379s][info][gc,phases      ] GC(656)   Other: 0.3ms
[116.379s][info][gc,heap        ] GC(656) Eden regions: 241->0(241)
[116.379s][info][gc,heap        ] GC(656) Survivor regions: 1->1(31)
[116.379s][info][gc,heap        ] GC(656) Old regions: 47->47
[116.379s][info][gc,heap        ] GC(656) Humongous regions: 6->6
[116.379s][info][gc,metaspace   ] GC(656) Metaspace: 71729K->71729K(1114112K)
[116.379s][info][gc             ] GC(656) Pause Young (Normal) (G1 Evacuation Pause) 292M->51M(404M) 3.365ms
[116.379s][info][gc,cpu         ] GC(656) User=0.00s Sys=0.00s Real=0.01s
[116.514s][info][gc,start       ] GC(657) Pause Young (Normal) (G1 Evacuation Pause)
[116.514s][info][gc,task        ] GC(657) Using 1 workers of 1 for evacuation
[116.517s][info][gc,phases      ] GC(657)   Pre Evacuate Collection Set: 0.0ms
[116.517s][info][gc,phases      ] GC(657)   Evacuate Collection Set: 2.5ms
[116.517s][info][gc,phases      ] GC(657)   Post Evacuate Collection Set: 0.3ms
[116.517s][info][gc,phases      ] GC(657)   Other: 0.3ms
[116.517s][info][gc,heap        ] GC(657) Eden regions: 241->0(241)
[116.517s][info][gc,heap        ] GC(657) Survivor regions: 1->1(31)
[116.517s][info][gc,heap        ] GC(657) Old regions: 47->47
[116.517s][info][gc,heap        ] GC(657) Humongous regions: 11->6
[116.517s][info][gc,metaspace   ] GC(657) Metaspace: 71739K->71739K(1114112K)
[116.517s][info][gc             ] GC(657) Pause Young (Normal) (G1 Evacuation Pause) 297M->51M(404M) 3.171ms
[116.517s][info][gc,cpu         ] GC(657) User=0.00s Sys=0.00s Real=0.00s
[116.644s][info][gc,start       ] GC(658) Pause Young (Normal) (G1 Evacuation Pause)
[116.644s][info][gc,task        ] GC(658) Using 1 workers of 1 for evacuation
[116.647s][info][gc,phases      ] GC(658)   Pre Evacuate Collection Set: 0.0ms
[116.647s][info][gc,phases      ] GC(658)   Evacuate Collection Set: 2.4ms
[116.647s][info][gc,phases      ] GC(658)   Post Evacuate Collection Set: 0.3ms
[116.647s][info][gc,phases      ] GC(658)   Other: 0.4ms
[116.647s][info][gc,heap        ] GC(658) Eden regions: 241->0(241)
[116.647s][info][gc,heap        ] GC(658) Survivor regions: 1->1(31)
[116.647s][info][gc,heap        ] GC(658) Old regions: 47->47
[116.647s][info][gc,heap        ] GC(658) Humongous regions: 6->6
[116.647s][info][gc,metaspace   ] GC(658) Metaspace: 71739K->71739K(1114112K)
[116.647s][info][gc             ] GC(658) Pause Young (Normal) (G1 Evacuation Pause) 292M->50M(404M) 3.138ms
[116.647s][info][gc,cpu         ] GC(658) User=0.00s Sys=0.00s Real=0.01s
[116.911s][info][gc,start       ] GC(659) Pause Young (Normal) (G1 Evacuation Pause)
[116.911s][info][gc,task        ] GC(659) Using 1 workers of 1 for evacuation
[116.919s][info][gc,phases      ] GC(659)   Pre Evacuate Collection Set: 0.1ms
[116.919s][info][gc,phases      ] GC(659)   Evacuate Collection Set: 6.2ms
[116.919s][info][gc,phases      ] GC(659)   Post Evacuate Collection Set: 1.1ms
[116.919s][info][gc,phases      ] GC(659)   Other: 1.1ms
[116.919s][info][gc,heap        ] GC(659) Eden regions: 241->0(241)
[116.919s][info][gc,heap        ] GC(659) Survivor regions: 1->1(31)
[116.919s][info][gc,heap        ] GC(659) Old regions: 47->47
[116.919s][info][gc,heap        ] GC(659) Humongous regions: 6->6
[116.919s][info][gc,metaspace   ] GC(659) Metaspace: 71739K->71739K(1114112K)
[116.919s][info][gc             ] GC(659) Pause Young (Normal) (G1 Evacuation Pause) 291M->51M(404M) 8.291ms
[116.919s][info][gc,cpu         ] GC(659) User=0.01s Sys=0.00s Real=0.01s
[117.074s][info][gc,start       ] GC(660) Pause Young (Normal) (G1 Evacuation Pause)
[117.074s][info][gc,task        ] GC(660) Using 1 workers of 1 for evacuation
[117.077s][info][gc,phases      ] GC(660)   Pre Evacuate Collection Set: 0.0ms
[117.077s][info][gc,phases      ] GC(660)   Evacuate Collection Set: 2.4ms
[117.077s][info][gc,phases      ] GC(660)   Post Evacuate Collection Set: 0.4ms
[117.077s][info][gc,phases      ] GC(660)   Other: 0.3ms
[117.077s][info][gc,heap        ] GC(660) Eden regions: 241->0(241)
[117.077s][info][gc,heap        ] GC(660) Survivor regions: 1->1(31)
[117.077s][info][gc,heap        ] GC(660) Old regions: 47->47
[117.077s][info][gc,heap        ] GC(660) Humongous regions: 6->6
[117.077s][info][gc,metaspace   ] GC(660) Metaspace: 71739K->71739K(1114112K)
[117.077s][info][gc             ] GC(660) Pause Young (Normal) (G1 Evacuation Pause) 292M->51M(404M) 3.196ms
[117.077s][info][gc,cpu         ] GC(660) User=0.00s Sys=0.00s Real=0.00s
[117.194s][info][gc,start       ] GC(661) Pause Young (Normal) (G1 Evacuation Pause)
[117.194s][info][gc,task        ] GC(661) Using 1 workers of 1 for evacuation
[117.197s][info][gc,phases      ] GC(661)   Pre Evacuate Collection Set: 0.0ms
[117.197s][info][gc,phases      ] GC(661)   Evacuate Collection Set: 2.4ms
[117.197s][info][gc,phases      ] GC(661)   Post Evacuate Collection Set: 0.4ms
[117.197s][info][gc,phases      ] GC(661)   Other: 0.3ms
[117.197s][info][gc,heap        ] GC(661) Eden regions: 241->0(241)
[117.197s][info][gc,heap        ] GC(661) Survivor regions: 1->1(31)
[117.197s][info][gc,heap        ] GC(661) Old regions: 47->47
[117.197s][info][gc,heap        ] GC(661) Humongous regions: 6->6
[117.197s][info][gc,metaspace   ] GC(661) Metaspace: 71739K->71739K(1114112K)
[117.197s][info][gc             ] GC(661) Pause Young (Normal) (G1 Evacuation Pause) 292M->51M(404M) 3.203ms
[117.197s][info][gc,cpu         ] GC(661) User=0.00s Sys=0.00s Real=0.00s
[117.339s][info][gc,start       ] GC(662) Pause Young (Normal) (G1 Evacuation Pause)
[117.340s][info][gc,task        ] GC(662) Using 1 workers of 1 for evacuation
[117.345s][info][gc,phases      ] GC(662)   Pre Evacuate Collection Set: 0.0ms
[117.345s][info][gc,phases      ] GC(662)   Evacuate Collection Set: 4.6ms
[117.345s][info][gc,phases      ] GC(662)   Post Evacuate Collection Set: 0.8ms
[117.345s][info][gc,phases      ] GC(662)   Other: 0.5ms
[117.345s][info][gc,heap        ] GC(662) Eden regions: 241->0(241)
[117.345s][info][gc,heap        ] GC(662) Survivor regions: 1->1(31)
[117.345s][info][gc,heap        ] GC(662) Old regions: 47->47
[117.345s][info][gc,heap        ] GC(662) Humongous regions: 6->6
[117.345s][info][gc,metaspace   ] GC(662) Metaspace: 71739K->71739K(1114112K)
[117.345s][info][gc             ] GC(662) Pause Young (Normal) (G1 Evacuation Pause) 292M->51M(404M) 6.097ms
[117.346s][info][gc,cpu         ] GC(662) User=0.00s Sys=0.00s Real=0.00s
[117.509s][info][gc,start       ] GC(663) Pause Young (Normal) (G1 Evacuation Pause)
[117.509s][info][gc,task        ] GC(663) Using 1 workers of 1 for evacuation
[117.516s][info][gc,phases      ] GC(663)   Pre Evacuate Collection Set: 0.1ms
[117.516s][info][gc,phases      ] GC(663)   Evacuate Collection Set: 5.7ms
[117.516s][info][gc,phases      ] GC(663)   Post Evacuate Collection Set: 1.0ms
[117.516s][info][gc,phases      ] GC(663)   Other: 0.9ms
[117.516s][info][gc,heap        ] GC(663) Eden regions: 241->0(241)
[117.516s][info][gc,heap        ] GC(663) Survivor regions: 1->1(31)
[117.516s][info][gc,heap        ] GC(663) Old regions: 47->47
[117.516s][info][gc,heap        ] GC(663) Humongous regions: 6->6
[117.516s][info][gc,metaspace   ] GC(663) Metaspace: 71739K->71739K(1114112K)
[117.517s][info][gc             ] GC(663) Pause Young (Normal) (G1 Evacuation Pause) 292M->51M(404M) 7.970ms
[117.517s][info][gc,cpu         ] GC(663) User=0.01s Sys=0.00s Real=0.00s
[117.812s][info][gc,start       ] GC(664) Pause Young (Normal) (G1 Evacuation Pause)
[117.812s][info][gc,task        ] GC(664) Using 1 workers of 1 for evacuation
[117.816s][info][gc,phases      ] GC(664)   Pre Evacuate Collection Set: 0.0ms
[117.816s][info][gc,phases      ] GC(664)   Evacuate Collection Set: 3.7ms
[117.817s][info][gc,phases      ] GC(664)   Post Evacuate Collection Set: 0.6ms
[117.817s][info][gc,phases      ] GC(664)   Other: 0.4ms
[117.817s][info][gc,heap        ] GC(664) Eden regions: 241->0(241)
[117.817s][info][gc,heap        ] GC(664) Survivor regions: 1->1(31)
[117.817s][info][gc,heap        ] GC(664) Old regions: 47->47
[117.817s][info][gc,heap        ] GC(664) Humongous regions: 6->6
[117.817s][info][gc,metaspace   ] GC(664) Metaspace: 71739K->71739K(1114112K)
[117.817s][info][gc             ] GC(664) Pause Young (Normal) (G1 Evacuation Pause) 292M->51M(404M) 4.811ms
[117.817s][info][gc,cpu         ] GC(664) User=0.00s Sys=0.00s Real=0.00s
[118.175s][info][gc,start       ] GC(665) Pause Young (Normal) (G1 Evacuation Pause)
[118.176s][info][gc,task        ] GC(665) Using 1 workers of 1 for evacuation
[118.185s][info][gc,phases      ] GC(665)   Pre Evacuate Collection Set: 0.1ms
[118.185s][info][gc,phases      ] GC(665)   Evacuate Collection Set: 7.5ms
[118.185s][info][gc,phases      ] GC(665)   Post Evacuate Collection Set: 1.3ms
[118.185s][info][gc,phases      ] GC(665)   Other: 0.9ms
[118.185s][info][gc,heap        ] GC(665) Eden regions: 241->0(241)
[118.185s][info][gc,heap        ] GC(665) Survivor regions: 1->1(31)
[118.185s][info][gc,heap        ] GC(665) Old regions: 47->47
[118.185s][info][gc,heap        ] GC(665) Humongous regions: 11->6
[118.185s][info][gc,metaspace   ] GC(665) Metaspace: 71739K->71739K(1114112K)
[118.185s][info][gc             ] GC(665) Pause Young (Normal) (G1 Evacuation Pause) 297M->51M(404M) 9.934ms
[118.185s][info][gc,cpu         ] GC(665) User=0.01s Sys=0.00s Real=0.01s
[118.445s][info][gc,start       ] GC(666) Pause Young (Normal) (G1 Evacuation Pause)
[118.445s][info][gc,task        ] GC(666) Using 1 workers of 1 for evacuation
[118.449s][info][gc,phases      ] GC(666)   Pre Evacuate Collection Set: 0.1ms
[118.449s][info][gc,phases      ] GC(666)   Evacuate Collection Set: 2.5ms
[118.449s][info][gc,phases      ] GC(666)   Post Evacuate Collection Set: 0.3ms
[118.449s][info][gc,phases      ] GC(666)   Other: 0.4ms
[118.449s][info][gc,heap        ] GC(666) Eden regions: 241->0(241)
[118.449s][info][gc,heap        ] GC(666) Survivor regions: 1->1(31)
[118.449s][info][gc,heap        ] GC(666) Old regions: 47->47
[118.449s][info][gc,heap        ] GC(666) Humongous regions: 6->6
[118.449s][info][gc,metaspace   ] GC(666) Metaspace: 71739K->71739K(1114112K)
[118.449s][info][gc             ] GC(666) Pause Young (Normal) (G1 Evacuation Pause) 292M->51M(404M) 3.475ms
[118.449s][info][gc,cpu         ] GC(666) User=0.01s Sys=0.00s Real=0.01s
[118.565s][info][gc,start       ] GC(667) Pause Young (Normal) (G1 Evacuation Pause)
[118.565s][info][gc,task        ] GC(667) Using 1 workers of 1 for evacuation
[118.568s][info][gc,phases      ] GC(667)   Pre Evacuate Collection Set: 0.0ms
[118.568s][info][gc,phases      ] GC(667)   Evacuate Collection Set: 2.6ms
[118.568s][info][gc,phases      ] GC(667)   Post Evacuate Collection Set: 0.3ms
[118.568s][info][gc,phases      ] GC(667)   Other: 0.3ms
[118.568s][info][gc,heap        ] GC(667) Eden regions: 241->0(241)
[118.568s][info][gc,heap        ] GC(667) Survivor regions: 1->1(31)
[118.568s][info][gc,heap        ] GC(667) Old regions: 47->47
[118.568s][info][gc,heap        ] GC(667) Humongous regions: 6->6
[118.568s][info][gc,metaspace   ] GC(667) Metaspace: 71739K->71739K(1114112K)
[118.568s][info][gc             ] GC(667) Pause Young (Normal) (G1 Evacuation Pause) 292M->51M(404M) 3.288ms
[118.568s][info][gc,cpu         ] GC(667) User=0.01s Sys=0.00s Real=0.01s
[118.691s][info][gc,start       ] GC(668) Pause Young (Normal) (G1 Evacuation Pause)
[118.691s][info][gc,task        ] GC(668) Using 1 workers of 1 for evacuation
[118.695s][info][gc,phases      ] GC(668)   Pre Evacuate Collection Set: 0.0ms
[118.695s][info][gc,phases      ] GC(668)   Evacuate Collection Set: 2.7ms
[118.695s][info][gc,phases      ] GC(668)   Post Evacuate Collection Set: 0.4ms
[118.695s][info][gc,phases      ] GC(668)   Other: 0.4ms
[118.695s][info][gc,heap        ] GC(668) Eden regions: 241->0(241)
[118.695s][info][gc,heap        ] GC(668) Survivor regions: 1->1(31)
[118.695s][info][gc,heap        ] GC(668) Old regions: 47->47
[118.695s][info][gc,heap        ] GC(668) Humongous regions: 6->6
[118.695s][info][gc,metaspace   ] GC(668) Metaspace: 71739K->71739K(1114112K)
[118.695s][info][gc             ] GC(668) Pause Young (Normal) (G1 Evacuation Pause) 292M->51M(404M) 3.514ms
[118.695s][info][gc,cpu         ] GC(668) User=0.00s Sys=0.00s Real=0.00s
[118.875s][info][gc,start       ] GC(669) Pause Young (Normal) (G1 Evacuation Pause)
[118.875s][info][gc,task        ] GC(669) Using 1 workers of 1 for evacuation
[118.884s][info][gc,phases      ] GC(669)   Pre Evacuate Collection Set: 0.1ms
[118.884s][info][gc,phases      ] GC(669)   Evacuate Collection Set: 6.7ms
[118.884s][info][gc,phases      ] GC(669)   Post Evacuate Collection Set: 1.1ms
[118.884s][info][gc,phases      ] GC(669)   Other: 0.8ms
[118.884s][info][gc,heap        ] GC(669) Eden regions: 241->0(241)
[118.884s][info][gc,heap        ] GC(669) Survivor regions: 1->1(31)
[118.884s][info][gc,heap        ] GC(669) Old regions: 47->47
[118.884s][info][gc,heap        ] GC(669) Humongous regions: 6->6
[118.884s][info][gc,metaspace   ] GC(669) Metaspace: 71739K->71739K(1114112K)
[118.884s][info][gc             ] GC(669) Pause Young (Normal) (G1 Evacuation Pause) 292M->51M(404M) 8.875ms
[118.884s][info][gc,cpu         ] GC(669) User=0.01s Sys=0.00s Real=0.01s
[119.316s][info][gc,start       ] GC(670) Pause Young (Normal) (G1 Evacuation Pause)
[119.316s][info][gc,task        ] GC(670) Using 1 workers of 1 for evacuation
[119.325s][info][gc,phases      ] GC(670)   Pre Evacuate Collection Set: 0.1ms
[119.325s][info][gc,phases      ] GC(670)   Evacuate Collection Set: 7.0ms
[119.325s][info][gc,phases      ] GC(670)   Post Evacuate Collection Set: 1.0ms
[119.325s][info][gc,phases      ] GC(670)   Other: 1.1ms
[119.325s][info][gc,heap        ] GC(670) Eden regions: 241->0(241)
[119.325s][info][gc,heap        ] GC(670) Survivor regions: 1->1(31)
[119.325s][info][gc,heap        ] GC(670) Old regions: 47->47
[119.325s][info][gc,heap        ] GC(670) Humongous regions: 6->6
[119.325s][info][gc,metaspace   ] GC(670) Metaspace: 71739K->71739K(1114112K)
[119.325s][info][gc             ] GC(670) Pause Young (Normal) (G1 Evacuation Pause) 292M->51M(404M) 9.336ms
[119.325s][info][gc,cpu         ] GC(670) User=0.01s Sys=0.00s Real=0.01s
[119.582s][info][gc,start       ] GC(671) Pause Young (Normal) (G1 Evacuation Pause)
[119.582s][info][gc,task        ] GC(671) Using 1 workers of 1 for evacuation
[119.586s][info][gc,phases      ] GC(671)   Pre Evacuate Collection Set: 0.0ms
[119.586s][info][gc,phases      ] GC(671)   Evacuate Collection Set: 2.9ms
[119.586s][info][gc,phases      ] GC(671)   Post Evacuate Collection Set: 0.5ms
[119.586s][info][gc,phases      ] GC(671)   Other: 0.7ms
[119.586s][info][gc,heap        ] GC(671) Eden regions: 241->0(241)
[119.586s][info][gc,heap        ] GC(671) Survivor regions: 1->1(31)
[119.586s][info][gc,heap        ] GC(671) Old regions: 47->47
[119.586s][info][gc,heap        ] GC(671) Humongous regions: 6->6
[119.586s][info][gc,metaspace   ] GC(671) Metaspace: 71739K->71739K(1114112K)
[119.586s][info][gc             ] GC(671) Pause Young (Normal) (G1 Evacuation Pause) 292M->51M(404M) 4.165ms
[119.586s][info][gc,cpu         ] GC(671) User=0.00s Sys=0.00s Real=0.00s
[119.752s][info][gc,start       ] GC(672) Pause Young (Normal) (G1 Evacuation Pause)
[119.752s][info][gc,task        ] GC(672) Using 1 workers of 1 for evacuation
[119.757s][info][gc,phases      ] GC(672)   Pre Evacuate Collection Set: 0.1ms
[119.757s][info][gc,phases      ] GC(672)   Evacuate Collection Set: 4.3ms
[119.757s][info][gc,phases      ] GC(672)   Post Evacuate Collection Set: 0.4ms
[119.757s][info][gc,phases      ] GC(672)   Other: 0.7ms
[119.757s][info][gc,heap        ] GC(672) Eden regions: 241->0(241)
[119.757s][info][gc,heap        ] GC(672) Survivor regions: 1->1(31)
[119.757s][info][gc,heap        ] GC(672) Old regions: 47->47
[119.757s][info][gc,heap        ] GC(672) Humongous regions: 6->6
[119.757s][info][gc,metaspace   ] GC(672) Metaspace: 71739K->71739K(1114112K)
[119.757s][info][gc             ] GC(672) Pause Young (Normal) (G1 Evacuation Pause) 292M->51M(404M) 5.441ms
[119.757s][info][gc,cpu         ] GC(672) User=0.00s Sys=0.00s Real=0.00s
[120.002s][info][gc,start       ] GC(673) Pause Young (Normal) (G1 Evacuation Pause)
[120.002s][info][gc,task        ] GC(673) Using 1 workers of 1 for evacuation
[120.008s][info][gc,phases      ] GC(673)   Pre Evacuate Collection Set: 0.1ms
[120.008s][info][gc,phases      ] GC(673)   Evacuate Collection Set: 5.0ms
[120.008s][info][gc,phases      ] GC(673)   Post Evacuate Collection Set: 0.4ms
[120.008s][info][gc,phases      ] GC(673)   Other: 0.9ms
[120.008s][info][gc,heap        ] GC(673) Eden regions: 241->0(241)
[120.008s][info][gc,heap        ] GC(673) Survivor regions: 1->1(31)
[120.008s][info][gc,heap        ] GC(673) Old regions: 47->47
[120.008s][info][gc,heap        ] GC(673) Humongous regions: 11->6
[120.008s][info][gc,metaspace   ] GC(673) Metaspace: 71749K->71749K(1114112K)
[120.008s][info][gc             ] GC(673) Pause Young (Normal) (G1 Evacuation Pause) 297M->51M(404M) 6.364ms
[120.008s][info][gc,cpu         ] GC(673) User=0.00s Sys=0.00s Real=0.01s
[120.171s][info][gc,start       ] GC(674) Pause Young (Normal) (G1 Evacuation Pause)
[120.171s][info][gc,task        ] GC(674) Using 1 workers of 1 for evacuation
[120.174s][info][gc,phases      ] GC(674)   Pre Evacuate Collection Set: 0.0ms
[120.174s][info][gc,phases      ] GC(674)   Evacuate Collection Set: 2.4ms
[120.174s][info][gc,phases      ] GC(674)   Post Evacuate Collection Set: 0.3ms
[120.174s][info][gc,phases      ] GC(674)   Other: 0.3ms
[120.174s][info][gc,heap        ] GC(674) Eden regions: 241->0(241)
[120.174s][info][gc,heap        ] GC(674) Survivor regions: 1->1(31)
[120.174s][info][gc,heap        ] GC(674) Old regions: 47->47
[120.174s][info][gc,heap        ] GC(674) Humongous regions: 6->6
[120.174s][info][gc,metaspace   ] GC(674) Metaspace: 71749K->71749K(1114112K)
[120.174s][info][gc             ] GC(674) Pause Young (Normal) (G1 Evacuation Pause) 292M->51M(404M) 3.134ms
[120.174s][info][gc,cpu         ] GC(674) User=0.00s Sys=0.00s Real=0.00s
[120.291s][info][gc,start       ] GC(675) Pause Young (Normal) (G1 Evacuation Pause)
[120.291s][info][gc,task        ] GC(675) Using 1 workers of 1 for evacuation
[120.294s][info][gc,phases      ] GC(675)   Pre Evacuate Collection Set: 0.0ms
[120.294s][info][gc,phases      ] GC(675)   Evacuate Collection Set: 2.3ms
[120.294s][info][gc,phases      ] GC(675)   Post Evacuate Collection Set: 0.4ms
[120.294s][info][gc,phases      ] GC(675)   Other: 0.3ms
[120.294s][info][gc,heap        ] GC(675) Eden regions: 241->0(241)
[120.294s][info][gc,heap        ] GC(675) Survivor regions: 1->1(31)
[120.294s][info][gc,heap        ] GC(675) Old regions: 47->47
[120.294s][info][gc,heap        ] GC(675) Humongous regions: 6->6
[120.294s][info][gc,metaspace   ] GC(675) Metaspace: 71749K->71749K(1114112K)
[120.294s][info][gc             ] GC(675) Pause Young (Normal) (G1 Evacuation Pause) 292M->51M(404M) 3.022ms
[120.294s][info][gc,cpu         ] GC(675) User=0.00s Sys=0.00s Real=0.00s
[120.464s][info][gc,start       ] GC(676) Pause Young (Normal) (G1 Evacuation Pause)
[120.464s][info][gc,task        ] GC(676) Using 1 workers of 1 for evacuation
[120.467s][info][gc,phases      ] GC(676)   Pre Evacuate Collection Set: 0.0ms
[120.467s][info][gc,phases      ] GC(676)   Evacuate Collection Set: 2.8ms
[120.467s][info][gc,phases      ] GC(676)   Post Evacuate Collection Set: 0.5ms
[120.467s][info][gc,phases      ] GC(676)   Other: 0.4ms
[120.467s][info][gc,heap        ] GC(676) Eden regions: 241->0(241)
[120.467s][info][gc,heap        ] GC(676) Survivor regions: 1->1(31)
[120.467s][info][gc,heap        ] GC(676) Old regions: 47->47
[120.467s][info][gc,heap        ] GC(676) Humongous regions: 6->6
[120.467s][info][gc,metaspace   ] GC(676) Metaspace: 71749K->71749K(1114112K)
[120.468s][info][gc             ] GC(676) Pause Young (Normal) (G1 Evacuation Pause) 292M->51M(404M) 3.778ms
[120.468s][info][gc,cpu         ] GC(676) User=0.00s Sys=0.00s Real=0.01s
[120.609s][info][gc,start       ] GC(677) Pause Young (Normal) (G1 Evacuation Pause)
[120.609s][info][gc,task        ] GC(677) Using 1 workers of 1 for evacuation
[120.613s][info][gc,phases      ] GC(677)   Pre Evacuate Collection Set: 0.0ms
[120.613s][info][gc,phases      ] GC(677)   Evacuate Collection Set: 2.9ms
[120.613s][info][gc,phases      ] GC(677)   Post Evacuate Collection Set: 0.5ms
[120.613s][info][gc,phases      ] GC(677)   Other: 0.5ms
[120.613s][info][gc,heap        ] GC(677) Eden regions: 241->0(241)
[120.613s][info][gc,heap        ] GC(677) Survivor regions: 1->1(31)
[120.613s][info][gc,heap        ] GC(677) Old regions: 47->47
[120.613s][info][gc,heap        ] GC(677) Humongous regions: 6->6
[120.613s][info][gc,metaspace   ] GC(677) Metaspace: 71749K->71749K(1114112K)
[120.613s][info][gc             ] GC(677) Pause Young (Normal) (G1 Evacuation Pause) 292M->51M(404M) 3.925ms
[120.613s][info][gc,cpu         ] GC(677) User=0.01s Sys=0.00s Real=0.00s
[120.739s][info][gc,start       ] GC(678) Pause Young (Normal) (G1 Evacuation Pause)
[120.739s][info][gc,task        ] GC(678) Using 1 workers of 1 for evacuation
[120.742s][info][gc,phases      ] GC(678)   Pre Evacuate Collection Set: 0.0ms
[120.742s][info][gc,phases      ] GC(678)   Evacuate Collection Set: 2.4ms
[120.742s][info][gc,phases      ] GC(678)   Post Evacuate Collection Set: 0.3ms
[120.742s][info][gc,phases      ] GC(678)   Other: 0.3ms
[120.742s][info][gc,heap        ] GC(678) Eden regions: 241->0(241)
[120.742s][info][gc,heap        ] GC(678) Survivor regions: 1->1(31)
[120.742s][info][gc,heap        ] GC(678) Old regions: 47->47
[120.742s][info][gc,heap        ] GC(678) Humongous regions: 6->6
[120.742s][info][gc,metaspace   ] GC(678) Metaspace: 71749K->71749K(1114112K)
[120.742s][info][gc             ] GC(678) Pause Young (Normal) (G1 Evacuation Pause) 292M->51M(404M) 3.103ms
[120.742s][info][gc,cpu         ] GC(678) User=0.01s Sys=0.00s Real=0.00s
[120.929s][info][gc,start       ] GC(679) Pause Young (Normal) (G1 Evacuation Pause)
[120.929s][info][gc,task        ] GC(679) Using 1 workers of 1 for evacuation
[120.936s][info][gc,phases      ] GC(679)   Pre Evacuate Collection Set: 0.0ms
[120.936s][info][gc,phases      ] GC(679)   Evacuate Collection Set: 5.7ms
[120.936s][info][gc,phases      ] GC(679)   Post Evacuate Collection Set: 0.9ms
[120.936s][info][gc,phases      ] GC(679)   Other: 0.5ms
[120.936s][info][gc,heap        ] GC(679) Eden regions: 241->0(241)
[120.936s][info][gc,heap        ] GC(679) Survivor regions: 1->1(31)
[120.936s][info][gc,heap        ] GC(679) Old regions: 47->47
[120.936s][info][gc,heap        ] GC(679) Humongous regions: 6->6
[120.936s][info][gc,metaspace   ] GC(679) Metaspace: 71749K->71749K(1114112K)
[120.936s][info][gc             ] GC(679) Pause Young (Normal) (G1 Evacuation Pause) 292M->51M(404M) 7.220ms
[120.936s][info][gc,cpu         ] GC(679) User=0.01s Sys=0.00s Real=0.00s
[121.085s][info][gc,start       ] GC(680) Pause Young (Normal) (G1 Evacuation Pause)
[121.085s][info][gc,task        ] GC(680) Using 1 workers of 1 for evacuation
[121.089s][info][gc,phases      ] GC(680)   Pre Evacuate Collection Set: 0.0ms
[121.089s][info][gc,phases      ] GC(680)   Evacuate Collection Set: 2.6ms
[121.089s][info][gc,phases      ] GC(680)   Post Evacuate Collection Set: 0.4ms
[121.089s][info][gc,phases      ] GC(680)   Other: 0.4ms
[121.089s][info][gc,heap        ] GC(680) Eden regions: 241->0(241)
[121.089s][info][gc,heap        ] GC(680) Survivor regions: 1->1(31)
[121.089s][info][gc,heap        ] GC(680) Old regions: 47->47
[121.089s][info][gc,heap        ] GC(680) Humongous regions: 11->6
[121.089s][info][gc,metaspace   ] GC(680) Metaspace: 71756K->71756K(1114112K)
[121.089s][info][gc             ] GC(680) Pause Young (Normal) (G1 Evacuation Pause) 297M->51M(404M) 3.458ms
[121.089s][info][gc,cpu         ] GC(680) User=0.01s Sys=0.00s Real=0.01s
[121.225s][info][gc,start       ] GC(681) Pause Young (Normal) (G1 Evacuation Pause)
[121.225s][info][gc,task        ] GC(681) Using 1 workers of 1 for evacuation
[121.228s][info][gc,phases      ] GC(681)   Pre Evacuate Collection Set: 0.1ms
[121.228s][info][gc,phases      ] GC(681)   Evacuate Collection Set: 2.5ms
[121.228s][info][gc,phases      ] GC(681)   Post Evacuate Collection Set: 0.3ms
[121.228s][info][gc,phases      ] GC(681)   Other: 0.6ms
[121.228s][info][gc,heap        ] GC(681) Eden regions: 241->0(241)
[121.228s][info][gc,heap        ] GC(681) Survivor regions: 1->1(31)
[121.228s][info][gc,heap        ] GC(681) Old regions: 47->47
[121.228s][info][gc,heap        ] GC(681) Humongous regions: 6->6
[121.228s][info][gc,metaspace   ] GC(681) Metaspace: 71756K->71756K(1114112K)
[121.228s][info][gc             ] GC(681) Pause Young (Normal) (G1 Evacuation Pause) 292M->51M(404M) 3.443ms
[121.229s][info][gc,cpu         ] GC(681) User=0.00s Sys=0.00s Real=0.01s
[121.347s][info][gc,start       ] GC(682) Pause Young (Normal) (G1 Evacuation Pause)
[121.347s][info][gc,task        ] GC(682) Using 1 workers of 1 for evacuation
[121.350s][info][gc,phases      ] GC(682)   Pre Evacuate Collection Set: 0.0ms
[121.350s][info][gc,phases      ] GC(682)   Evacuate Collection Set: 2.5ms
[121.350s][info][gc,phases      ] GC(682)   Post Evacuate Collection Set: 0.3ms
[121.350s][info][gc,phases      ] GC(682)   Other: 0.4ms
[121.350s][info][gc,heap        ] GC(682) Eden regions: 241->0(241)
[121.350s][info][gc,heap        ] GC(682) Survivor regions: 1->1(31)
[121.350s][info][gc,heap        ] GC(682) Old regions: 47->47
[121.350s][info][gc,heap        ] GC(682) Humongous regions: 6->6
[121.350s][info][gc,metaspace   ] GC(682) Metaspace: 71756K->71756K(1114112K)
[121.350s][info][gc             ] GC(682) Pause Young (Normal) (G1 Evacuation Pause) 292M->51M(404M) 3.243ms
[121.350s][info][gc,cpu         ] GC(682) User=0.00s Sys=0.00s Real=0.00s
[121.509s][info][gc,start       ] GC(683) Pause Young (Normal) (G1 Evacuation Pause)
[121.509s][info][gc,task        ] GC(683) Using 1 workers of 1 for evacuation
[121.512s][info][gc,phases      ] GC(683)   Pre Evacuate Collection Set: 0.0ms
[121.512s][info][gc,phases      ] GC(683)   Evacuate Collection Set: 2.8ms
[121.512s][info][gc,phases      ] GC(683)   Post Evacuate Collection Set: 0.3ms
[121.512s][info][gc,phases      ] GC(683)   Other: 0.3ms
[121.512s][info][gc,heap        ] GC(683) Eden regions: 241->0(241)
[121.512s][info][gc,heap        ] GC(683) Survivor regions: 1->1(31)
[121.512s][info][gc,heap        ] GC(683) Old regions: 47->47
[121.512s][info][gc,heap        ] GC(683) Humongous regions: 6->6
[121.512s][info][gc,metaspace   ] GC(683) Metaspace: 71758K->71758K(1114112K)
[121.512s][info][gc             ] GC(683) Pause Young (Normal) (G1 Evacuation Pause) 292M->51M(404M) 3.497ms
[121.512s][info][gc,cpu         ] GC(683) User=0.01s Sys=0.00s Real=0.00s
[121.651s][info][gc,start       ] GC(684) Pause Young (Normal) (G1 Evacuation Pause)
[121.651s][info][gc,task        ] GC(684) Using 1 workers of 1 for evacuation
[121.654s][info][gc,phases      ] GC(684)   Pre Evacuate Collection Set: 0.0ms
[121.654s][info][gc,phases      ] GC(684)   Evacuate Collection Set: 2.6ms
[121.654s][info][gc,phases      ] GC(684)   Post Evacuate Collection Set: 0.3ms
[121.654s][info][gc,phases      ] GC(684)   Other: 0.4ms
[121.654s][info][gc,heap        ] GC(684) Eden regions: 241->0(241)
[121.654s][info][gc,heap        ] GC(684) Survivor regions: 1->1(31)
[121.654s][info][gc,heap        ] GC(684) Old regions: 47->47
[121.654s][info][gc,heap        ] GC(684) Humongous regions: 6->6
[121.654s][info][gc,metaspace   ] GC(684) Metaspace: 71758K->71758K(1114112K)
[121.654s][info][gc             ] GC(684) Pause Young (Normal) (G1 Evacuation Pause) 292M->51M(404M) 3.435ms
[121.654s][info][gc,cpu         ] GC(684) User=0.01s Sys=0.00s Real=0.00s
[121.800s][info][gc,start       ] GC(685) Pause Young (Normal) (G1 Evacuation Pause)
[121.800s][info][gc,task        ] GC(685) Using 1 workers of 1 for evacuation
[121.803s][info][gc,phases      ] GC(685)   Pre Evacuate Collection Set: 0.0ms
[121.803s][info][gc,phases      ] GC(685)   Evacuate Collection Set: 2.6ms
[121.803s][info][gc,phases      ] GC(685)   Post Evacuate Collection Set: 0.5ms
[121.803s][info][gc,phases      ] GC(685)   Other: 0.3ms
[121.803s][info][gc,heap        ] GC(685) Eden regions: 241->0(241)
[121.803s][info][gc,heap        ] GC(685) Survivor regions: 1->1(31)
[121.803s][info][gc,heap        ] GC(685) Old regions: 47->47
[121.803s][info][gc,heap        ] GC(685) Humongous regions: 6->6
[121.803s][info][gc,metaspace   ] GC(685) Metaspace: 71758K->71758K(1114112K)
[121.803s][info][gc             ] GC(685) Pause Young (Normal) (G1 Evacuation Pause) 292M->51M(404M) 3.401ms
[121.803s][info][gc,cpu         ] GC(685) User=0.01s Sys=0.00s Real=0.00s
[121.960s][info][gc,start       ] GC(686) Pause Young (Normal) (G1 Evacuation Pause)
[121.960s][info][gc,task        ] GC(686) Using 1 workers of 1 for evacuation
[121.963s][info][gc,phases      ] GC(686)   Pre Evacuate Collection Set: 0.0ms
[121.964s][info][gc,phases      ] GC(686)   Evacuate Collection Set: 3.0ms
[121.964s][info][gc,phases      ] GC(686)   Post Evacuate Collection Set: 0.5ms
[121.964s][info][gc,phases      ] GC(686)   Other: 0.4ms
[121.964s][info][gc,heap        ] GC(686) Eden regions: 241->0(241)
[121.964s][info][gc,heap        ] GC(686) Survivor regions: 1->1(31)
[121.964s][info][gc,heap        ] GC(686) Old regions: 47->47
[121.964s][info][gc,heap        ] GC(686) Humongous regions: 6->6
[121.964s][info][gc,metaspace   ] GC(686) Metaspace: 71758K->71758K(1114112K)
[121.964s][info][gc             ] GC(686) Pause Young (Normal) (G1 Evacuation Pause) 292M->51M(404M) 4.002ms
[121.964s][info][gc,cpu         ] GC(686) User=0.01s Sys=0.00s Real=0.00s
[122.100s][info][gc,start       ] GC(687) Pause Young (Normal) (G1 Evacuation Pause)
[122.100s][info][gc,task        ] GC(687) Using 1 workers of 1 for evacuation
[122.103s][info][gc,phases      ] GC(687)   Pre Evacuate Collection Set: 0.0ms
[122.103s][info][gc,phases      ] GC(687)   Evacuate Collection Set: 2.6ms
[122.103s][info][gc,phases      ] GC(687)   Post Evacuate Collection Set: 0.3ms
[122.103s][info][gc,phases      ] GC(687)   Other: 0.3ms
[122.103s][info][gc,heap        ] GC(687) Eden regions: 241->0(241)
[122.103s][info][gc,heap        ] GC(687) Survivor regions: 1->1(31)
[122.103s][info][gc,heap        ] GC(687) Old regions: 47->47
[122.103s][info][gc,heap        ] GC(687) Humongous regions: 6->6
[122.103s][info][gc,metaspace   ] GC(687) Metaspace: 71758K->71758K(1114112K)
[122.103s][info][gc             ] GC(687) Pause Young (Normal) (G1 Evacuation Pause) 292M->51M(404M) 3.286ms
[122.103s][info][gc,cpu         ] GC(687) User=0.01s Sys=0.00s Real=0.00s
[122.251s][info][gc,start       ] GC(688) Pause Young (Normal) (G1 Evacuation Pause)
[122.251s][info][gc,task        ] GC(688) Using 1 workers of 1 for evacuation
[122.254s][info][gc,phases      ] GC(688)   Pre Evacuate Collection Set: 0.0ms
[122.254s][info][gc,phases      ] GC(688)   Evacuate Collection Set: 2.5ms
[122.254s][info][gc,phases      ] GC(688)   Post Evacuate Collection Set: 0.3ms
[122.254s][info][gc,phases      ] GC(688)   Other: 0.3ms
[122.254s][info][gc,heap        ] GC(688) Eden regions: 241->0(241)
[122.254s][info][gc,heap        ] GC(688) Survivor regions: 1->1(31)
[122.254s][info][gc,heap        ] GC(688) Old regions: 47->47
[122.254s][info][gc,heap        ] GC(688) Humongous regions: 11->6
[122.254s][info][gc,metaspace   ] GC(688) Metaspace: 71780K->71780K(1114112K)
[122.254s][info][gc             ] GC(688) Pause Young (Normal) (G1 Evacuation Pause) 297M->51M(404M) 3.225ms
[122.254s][info][gc,cpu         ] GC(688) User=0.00s Sys=0.00s Real=0.00s
[122.414s][info][gc,start       ] GC(689) Pause Young (Normal) (G1 Evacuation Pause)
[122.414s][info][gc,task        ] GC(689) Using 1 workers of 1 for evacuation
[122.417s][info][gc,phases      ] GC(689)   Pre Evacuate Collection Set: 0.0ms
[122.417s][info][gc,phases      ] GC(689)   Evacuate Collection Set: 2.4ms
[122.417s][info][gc,phases      ] GC(689)   Post Evacuate Collection Set: 0.3ms
[122.417s][info][gc,phases      ] GC(689)   Other: 0.5ms
[122.417s][info][gc,heap        ] GC(689) Eden regions: 241->0(241)
[122.417s][info][gc,heap        ] GC(689) Survivor regions: 1->1(31)
[122.417s][info][gc,heap        ] GC(689) Old regions: 47->47
[122.417s][info][gc,heap        ] GC(689) Humongous regions: 6->6
[122.417s][info][gc,metaspace   ] GC(689) Metaspace: 71787K->71787K(1114112K)
[122.417s][info][gc             ] GC(689) Pause Young (Normal) (G1 Evacuation Pause) 292M->51M(404M) 3.231ms
[122.417s][info][gc,cpu         ] GC(689) User=0.00s Sys=0.00s Real=0.00s
[122.533s][info][gc,start       ] GC(690) Pause Young (Normal) (G1 Evacuation Pause)
[122.533s][info][gc,task        ] GC(690) Using 1 workers of 1 for evacuation
[122.537s][info][gc,phases      ] GC(690)   Pre Evacuate Collection Set: 0.0ms
[122.537s][info][gc,phases      ] GC(690)   Evacuate Collection Set: 2.5ms
[122.537s][info][gc,phases      ] GC(690)   Post Evacuate Collection Set: 0.3ms
[122.537s][info][gc,phases      ] GC(690)   Other: 0.3ms
[122.537s][info][gc,heap        ] GC(690) Eden regions: 241->0(241)
[122.537s][info][gc,heap        ] GC(690) Survivor regions: 1->1(31)
[122.537s][info][gc,heap        ] GC(690) Old regions: 47->47
[122.537s][info][gc,heap        ] GC(690) Humongous regions: 6->6
[122.537s][info][gc,metaspace   ] GC(690) Metaspace: 71787K->71787K(1114112K)
[122.537s][info][gc             ] GC(690) Pause Young (Normal) (G1 Evacuation Pause) 292M->51M(404M) 3.194ms
[122.537s][info][gc,cpu         ] GC(690) User=0.00s Sys=0.00s Real=0.00s
[122.665s][info][gc,start       ] GC(691) Pause Young (Normal) (G1 Evacuation Pause)
[122.665s][info][gc,task        ] GC(691) Using 1 workers of 1 for evacuation
[122.668s][info][gc,phases      ] GC(691)   Pre Evacuate Collection Set: 0.0ms
[122.668s][info][gc,phases      ] GC(691)   Evacuate Collection Set: 2.4ms
[122.668s][info][gc,phases      ] GC(691)   Post Evacuate Collection Set: 0.4ms
[122.668s][info][gc,phases      ] GC(691)   Other: 0.3ms
[122.668s][info][gc,heap        ] GC(691) Eden regions: 241->0(241)
[122.668s][info][gc,heap        ] GC(691) Survivor regions: 1->1(31)
[122.668s][info][gc,heap        ] GC(691) Old regions: 47->47
[122.668s][info][gc,heap        ] GC(691) Humongous regions: 6->6
[122.668s][info][gc,metaspace   ] GC(691) Metaspace: 71787K->71787K(1114112K)
[122.668s][info][gc             ] GC(691) Pause Young (Normal) (G1 Evacuation Pause) 292M->51M(404M) 3.207ms
[122.668s][info][gc,cpu         ] GC(691) User=0.01s Sys=0.00s Real=0.01s
[122.832s][info][gc,start       ] GC(692) Pause Young (Normal) (G1 Evacuation Pause)
[122.833s][info][gc,task        ] GC(692) Using 1 workers of 1 for evacuation
[122.840s][info][gc,phases      ] GC(692)   Pre Evacuate Collection Set: 0.1ms
[122.840s][info][gc,phases      ] GC(692)   Evacuate Collection Set: 6.2ms
[122.840s][info][gc,phases      ] GC(692)   Post Evacuate Collection Set: 0.8ms
[122.840s][info][gc,phases      ] GC(692)   Other: 0.7ms
[122.840s][info][gc,heap        ] GC(692) Eden regions: 241->0(241)
[122.840s][info][gc,heap        ] GC(692) Survivor regions: 1->1(31)
[122.840s][info][gc,heap        ] GC(692) Old regions: 47->47
[122.840s][info][gc,heap        ] GC(692) Humongous regions: 6->6
[122.840s][info][gc,metaspace   ] GC(692) Metaspace: 71787K->71787K(1114112K)
[122.840s][info][gc             ] GC(692) Pause Young (Normal) (G1 Evacuation Pause) 292M->51M(404M) 7.915ms
[122.840s][info][gc,cpu         ] GC(692) User=0.01s Sys=0.00s Real=0.01s
[123.025s][info][gc,start       ] GC(693) Pause Young (Normal) (G1 Evacuation Pause)
[123.025s][info][gc,task        ] GC(693) Using 1 workers of 1 for evacuation
[123.031s][info][gc,phases      ] GC(693)   Pre Evacuate Collection Set: 0.0ms
[123.031s][info][gc,phases      ] GC(693)   Evacuate Collection Set: 5.4ms
[123.031s][info][gc,phases      ] GC(693)   Post Evacuate Collection Set: 0.3ms
[123.031s][info][gc,phases      ] GC(693)   Other: 0.5ms
[123.031s][info][gc,heap        ] GC(693) Eden regions: 241->0(241)
[123.031s][info][gc,heap        ] GC(693) Survivor regions: 1->1(31)
[123.031s][info][gc,heap        ] GC(693) Old regions: 47->47
[123.031s][info][gc,heap        ] GC(693) Humongous regions: 6->6
[123.031s][info][gc,metaspace   ] GC(693) Metaspace: 71787K->71787K(1114112K)
[123.031s][info][gc             ] GC(693) Pause Young (Normal) (G1 Evacuation Pause) 292M->51M(404M) 6.258ms
[123.031s][info][gc,cpu         ] GC(693) User=0.01s Sys=0.00s Real=0.01s
[123.158s][info][gc,start       ] GC(694) Pause Young (Normal) (G1 Evacuation Pause)
[123.158s][info][gc,task        ] GC(694) Using 1 workers of 1 for evacuation
[123.161s][info][gc,phases      ] GC(694)   Pre Evacuate Collection Set: 0.1ms
[123.161s][info][gc,phases      ] GC(694)   Evacuate Collection Set: 2.5ms
[123.161s][info][gc,phases      ] GC(694)   Post Evacuate Collection Set: 0.4ms
[123.161s][info][gc,phases      ] GC(694)   Other: 0.4ms
[123.161s][info][gc,heap        ] GC(694) Eden regions: 241->0(241)
[123.161s][info][gc,heap        ] GC(694) Survivor regions: 1->1(31)
[123.161s][info][gc,heap        ] GC(694) Old regions: 47->47
[123.161s][info][gc,heap        ] GC(694) Humongous regions: 6->6
[123.161s][info][gc,metaspace   ] GC(694) Metaspace: 71787K->71787K(1114112K)
[123.161s][info][gc             ] GC(694) Pause Young (Normal) (G1 Evacuation Pause) 292M->51M(404M) 3.516ms
[123.161s][info][gc,cpu         ] GC(694) User=0.01s Sys=0.00s Real=0.01s
[123.288s][info][gc,start       ] GC(695) Pause Young (Normal) (G1 Evacuation Pause)
[123.288s][info][gc,task        ] GC(695) Using 1 workers of 1 for evacuation
[123.293s][info][gc,phases      ] GC(695)   Pre Evacuate Collection Set: 0.0ms
[123.294s][info][gc,phases      ] GC(695)   Evacuate Collection Set: 4.6ms
[123.294s][info][gc,phases      ] GC(695)   Post Evacuate Collection Set: 0.4ms
[123.294s][info][gc,phases      ] GC(695)   Other: 0.5ms
[123.294s][info][gc,heap        ] GC(695) Eden regions: 241->0(241)
[123.294s][info][gc,heap        ] GC(695) Survivor regions: 1->1(31)
[123.294s][info][gc,heap        ] GC(695) Old regions: 47->47
[123.294s][info][gc,heap        ] GC(695) Humongous regions: 6->6
[123.294s][info][gc,metaspace   ] GC(695) Metaspace: 71787K->71787K(1114112K)
[123.294s][info][gc             ] GC(695) Pause Young (Normal) (G1 Evacuation Pause) 292M->51M(404M) 5.563ms
[123.294s][info][gc,cpu         ] GC(695) User=0.01s Sys=0.00s Real=0.00s
[123.468s][info][gc,start       ] GC(696) Pause Young (Normal) (G1 Evacuation Pause)
[123.468s][info][gc,task        ] GC(696) Using 1 workers of 1 for evacuation
[123.472s][info][gc,phases      ] GC(696)   Pre Evacuate Collection Set: 0.0ms
[123.472s][info][gc,phases      ] GC(696)   Evacuate Collection Set: 2.8ms
[123.472s][info][gc,phases      ] GC(696)   Post Evacuate Collection Set: 0.3ms
[123.472s][info][gc,phases      ] GC(696)   Other: 0.4ms
[123.472s][info][gc,heap        ] GC(696) Eden regions: 241->0(241)
[123.472s][info][gc,heap        ] GC(696) Survivor regions: 1->1(31)
[123.472s][info][gc,heap        ] GC(696) Old regions: 47->47
[123.472s][info][gc,heap        ] GC(696) Humongous regions: 11->6
[123.472s][info][gc,metaspace   ] GC(696) Metaspace: 71793K->71793K(1114112K)
[123.472s][info][gc             ] GC(696) Pause Young (Normal) (G1 Evacuation Pause) 297M->51M(404M) 3.590ms
[123.472s][info][gc,cpu         ] GC(696) User=0.01s Sys=0.00s Real=0.00s
[123.616s][info][gc,start       ] GC(697) Pause Young (Normal) (G1 Evacuation Pause)
[123.616s][info][gc,task        ] GC(697) Using 1 workers of 1 for evacuation
[123.619s][info][gc,phases      ] GC(697)   Pre Evacuate Collection Set: 0.0ms
[123.619s][info][gc,phases      ] GC(697)   Evacuate Collection Set: 2.6ms
[123.619s][info][gc,phases      ] GC(697)   Post Evacuate Collection Set: 0.4ms
[123.619s][info][gc,phases      ] GC(697)   Other: 0.3ms
[123.619s][info][gc,heap        ] GC(697) Eden regions: 241->0(241)
[123.619s][info][gc,heap        ] GC(697) Survivor regions: 1->1(31)
[123.619s][info][gc,heap        ] GC(697) Old regions: 47->47
[123.619s][info][gc,heap        ] GC(697) Humongous regions: 6->6
[123.619s][info][gc,metaspace   ] GC(697) Metaspace: 71793K->71793K(1114112K)
[123.619s][info][gc             ] GC(697) Pause Young (Normal) (G1 Evacuation Pause) 292M->51M(404M) 3.358ms
[123.619s][info][gc,cpu         ] GC(697) User=0.00s Sys=0.00s Real=0.01s
[123.737s][info][gc,start       ] GC(698) Pause Young (Normal) (G1 Evacuation Pause)
[123.737s][info][gc,task        ] GC(698) Using 1 workers of 1 for evacuation
[123.740s][info][gc,phases      ] GC(698)   Pre Evacuate Collection Set: 0.0ms
[123.740s][info][gc,phases      ] GC(698)   Evacuate Collection Set: 2.6ms
[123.740s][info][gc,phases      ] GC(698)   Post Evacuate Collection Set: 0.3ms
[123.740s][info][gc,phases      ] GC(698)   Other: 0.3ms
[123.740s][info][gc,heap        ] GC(698) Eden regions: 241->0(241)
[123.740s][info][gc,heap        ] GC(698) Survivor regions: 1->1(31)
[123.740s][info][gc,heap        ] GC(698) Old regions: 47->47
[123.740s][info][gc,heap        ] GC(698) Humongous regions: 6->6
[123.740s][info][gc,metaspace   ] GC(698) Metaspace: 71793K->71793K(1114112K)
[123.740s][info][gc             ] GC(698) Pause Young (Normal) (G1 Evacuation Pause) 292M->51M(404M) 3.258ms
[123.740s][info][gc,cpu         ] GC(698) User=0.01s Sys=0.00s Real=0.01s
[123.859s][info][gc,start       ] GC(699) Pause Young (Normal) (G1 Evacuation Pause)
[123.859s][info][gc,task        ] GC(699) Using 1 workers of 1 for evacuation
[123.862s][info][gc,phases      ] GC(699)   Pre Evacuate Collection Set: 0.0ms
[123.862s][info][gc,phases      ] GC(699)   Evacuate Collection Set: 2.6ms
[123.862s][info][gc,phases      ] GC(699)   Post Evacuate Collection Set: 0.4ms
[123.862s][info][gc,phases      ] GC(699)   Other: 0.4ms
[123.862s][info][gc,heap        ] GC(699) Eden regions: 241->0(241)
[123.862s][info][gc,heap        ] GC(699) Survivor regions: 1->1(31)
[123.862s][info][gc,heap        ] GC(699) Old regions: 47->47
[123.862s][info][gc,heap        ] GC(699) Humongous regions: 6->6
[123.862s][info][gc,metaspace   ] GC(699) Metaspace: 71793K->71793K(1114112K)
[123.862s][info][gc             ] GC(699) Pause Young (Normal) (G1 Evacuation Pause) 292M->51M(404M) 3.461ms
[123.862s][info][gc,cpu         ] GC(699) User=0.01s Sys=0.00s Real=0.01s
[123.982s][info][gc,start       ] GC(700) Pause Young (Normal) (G1 Evacuation Pause)
[123.982s][info][gc,task        ] GC(700) Using 1 workers of 1 for evacuation
[123.986s][info][gc,phases      ] GC(700)   Pre Evacuate Collection Set: 0.0ms
[123.986s][info][gc,phases      ] GC(700)   Evacuate Collection Set: 2.5ms
[123.986s][info][gc,phases      ] GC(700)   Post Evacuate Collection Set: 0.3ms
[123.986s][info][gc,phases      ] GC(700)   Other: 0.4ms
[123.986s][info][gc,heap        ] GC(700) Eden regions: 241->0(241)
[123.986s][info][gc,heap        ] GC(700) Survivor regions: 1->1(31)
[123.986s][info][gc,heap        ] GC(700) Old regions: 47->47
[123.986s][info][gc,heap        ] GC(700) Humongous regions: 6->6
[123.986s][info][gc,metaspace   ] GC(700) Metaspace: 71793K->71793K(1114112K)
[123.986s][info][gc             ] GC(700) Pause Young (Normal) (G1 Evacuation Pause) 292M->51M(404M) 3.378ms
[123.986s][info][gc,cpu         ] GC(700) User=0.00s Sys=0.00s Real=0.00s
[124.138s][info][gc,start       ] GC(701) Pause Young (Normal) (G1 Evacuation Pause)
[124.138s][info][gc,task        ] GC(701) Using 1 workers of 1 for evacuation
[124.142s][info][gc,phases      ] GC(701)   Pre Evacuate Collection Set: 0.0ms
[124.142s][info][gc,phases      ] GC(701)   Evacuate Collection Set: 2.9ms
[124.142s][info][gc,phases      ] GC(701)   Post Evacuate Collection Set: 0.4ms
[124.142s][info][gc,phases      ] GC(701)   Other: 0.3ms
[124.142s][info][gc,heap        ] GC(701) Eden regions: 241->0(241)
[124.142s][info][gc,heap        ] GC(701) Survivor regions: 1->1(31)
[124.142s][info][gc,heap        ] GC(701) Old regions: 47->47
[124.142s][info][gc,heap        ] GC(701) Humongous regions: 6->6
[124.142s][info][gc,metaspace   ] GC(701) Metaspace: 71793K->71793K(1114112K)
[124.142s][info][gc             ] GC(701) Pause Young (Normal) (G1 Evacuation Pause) 292M->51M(404M) 3.816ms
[124.142s][info][gc,cpu         ] GC(701) User=0.01s Sys=0.00s Real=0.00s
[124.268s][info][gc,start       ] GC(702) Pause Young (Normal) (G1 Evacuation Pause)
[124.268s][info][gc,task        ] GC(702) Using 1 workers of 1 for evacuation
[124.271s][info][gc,phases      ] GC(702)   Pre Evacuate Collection Set: 0.0ms
[124.271s][info][gc,phases      ] GC(702)   Evacuate Collection Set: 2.5ms
[124.271s][info][gc,phases      ] GC(702)   Post Evacuate Collection Set: 0.3ms
[124.271s][info][gc,phases      ] GC(702)   Other: 0.3ms
[124.271s][info][gc,heap        ] GC(702) Eden regions: 241->0(241)
[124.271s][info][gc,heap        ] GC(702) Survivor regions: 1->1(31)
[124.271s][info][gc,heap        ] GC(702) Old regions: 47->47
[124.271s][info][gc,heap        ] GC(702) Humongous regions: 6->6
[124.271s][info][gc,metaspace   ] GC(702) Metaspace: 71793K->71793K(1114112K)
[124.271s][info][gc             ] GC(702) Pause Young (Normal) (G1 Evacuation Pause) 292M->51M(404M) 3.253ms
[124.271s][info][gc,cpu         ] GC(702) User=0.00s Sys=0.00s Real=0.00s
[124.426s][info][gc,start       ] GC(703) Pause Young (Normal) (G1 Evacuation Pause)
[124.426s][info][gc,task        ] GC(703) Using 1 workers of 1 for evacuation
[124.429s][info][gc,phases      ] GC(703)   Pre Evacuate Collection Set: 0.0ms
[124.429s][info][gc,phases      ] GC(703)   Evacuate Collection Set: 2.6ms
[124.429s][info][gc,phases      ] GC(703)   Post Evacuate Collection Set: 0.3ms
[124.429s][info][gc,phases      ] GC(703)   Other: 0.4ms
[124.429s][info][gc,heap        ] GC(703) Eden regions: 241->0(241)
[124.429s][info][gc,heap        ] GC(703) Survivor regions: 1->1(31)
[124.429s][info][gc,heap        ] GC(703) Old regions: 47->47
[124.429s][info][gc,heap        ] GC(703) Humongous regions: 6->6
[124.429s][info][gc,metaspace   ] GC(703) Metaspace: 71793K->71793K(1114112K)
[124.429s][info][gc             ] GC(703) Pause Young (Normal) (G1 Evacuation Pause) 292M->51M(404M) 3.347ms
[124.429s][info][gc,cpu         ] GC(703) User=0.00s Sys=0.00s Real=0.01s
[124.561s][info][gc,start       ] GC(704) Pause Young (Normal) (G1 Evacuation Pause)
[124.561s][info][gc,task        ] GC(704) Using 1 workers of 1 for evacuation
[124.564s][info][gc,phases      ] GC(704)   Pre Evacuate Collection Set: 0.0ms
[124.564s][info][gc,phases      ] GC(704)   Evacuate Collection Set: 2.5ms
[124.564s][info][gc,phases      ] GC(704)   Post Evacuate Collection Set: 0.3ms
[124.564s][info][gc,phases      ] GC(704)   Other: 0.3ms
[124.564s][info][gc,heap        ] GC(704) Eden regions: 241->0(241)
[124.564s][info][gc,heap        ] GC(704) Survivor regions: 1->1(31)
[124.564s][info][gc,heap        ] GC(704) Old regions: 47->47
[124.564s][info][gc,heap        ] GC(704) Humongous regions: 11->6
[124.564s][info][gc,metaspace   ] GC(704) Metaspace: 71799K->71799K(1114112K)
[124.564s][info][gc             ] GC(704) Pause Young (Normal) (G1 Evacuation Pause) 297M->51M(404M) 3.169ms
[124.564s][info][gc,cpu         ] GC(704) User=0.01s Sys=0.00s Real=0.00s
[124.686s][info][gc,start       ] GC(705) Pause Young (Normal) (G1 Evacuation Pause)
[124.686s][info][gc,task        ] GC(705) Using 1 workers of 1 for evacuation
[124.690s][info][gc,phases      ] GC(705)   Pre Evacuate Collection Set: 0.0ms
[124.690s][info][gc,phases      ] GC(705)   Evacuate Collection Set: 3.4ms
[124.690s][info][gc,phases      ] GC(705)   Post Evacuate Collection Set: 0.5ms
[124.690s][info][gc,phases      ] GC(705)   Other: 0.6ms
[124.690s][info][gc,heap        ] GC(705) Eden regions: 241->0(241)
[124.690s][info][gc,heap        ] GC(705) Survivor regions: 1->1(31)
[124.690s][info][gc,heap        ] GC(705) Old regions: 47->47
[124.690s][info][gc,heap        ] GC(705) Humongous regions: 6->6
[124.690s][info][gc,metaspace   ] GC(705) Metaspace: 71799K->71799K(1114112K)
[124.690s][info][gc             ] GC(705) Pause Young (Normal) (G1 Evacuation Pause) 292M->51M(404M) 4.624ms
[124.690s][info][gc,cpu         ] GC(705) User=0.00s Sys=0.00s Real=0.01s
[124.813s][info][gc,start       ] GC(706) Pause Young (Normal) (G1 Evacuation Pause)
[124.813s][info][gc,task        ] GC(706) Using 1 workers of 1 for evacuation
[124.819s][info][gc,phases      ] GC(706)   Pre Evacuate Collection Set: 0.1ms
[124.819s][info][gc,phases      ] GC(706)   Evacuate Collection Set: 4.9ms
[124.819s][info][gc,phases      ] GC(706)   Post Evacuate Collection Set: 0.9ms
[124.819s][info][gc,phases      ] GC(706)   Other: 0.8ms
[124.819s][info][gc,heap        ] GC(706) Eden regions: 241->0(241)
[124.819s][info][gc,heap        ] GC(706) Survivor regions: 1->1(31)
[124.819s][info][gc,heap        ] GC(706) Old regions: 47->47
[124.819s][info][gc,heap        ] GC(706) Humongous regions: 6->6
[124.819s][info][gc,metaspace   ] GC(706) Metaspace: 71799K->71799K(1114112K)
[124.819s][info][gc             ] GC(706) Pause Young (Normal) (G1 Evacuation Pause) 292M->51M(404M) 6.714ms
[124.819s][info][gc,cpu         ] GC(706) User=0.01s Sys=0.00s Real=0.01s
[124.948s][info][gc,start       ] GC(707) Pause Young (Normal) (G1 Evacuation Pause)
[124.948s][info][gc,task        ] GC(707) Using 1 workers of 1 for evacuation
[124.951s][info][gc,phases      ] GC(707)   Pre Evacuate Collection Set: 0.0ms
[124.951s][info][gc,phases      ] GC(707)   Evacuate Collection Set: 2.3ms
[124.951s][info][gc,phases      ] GC(707)   Post Evacuate Collection Set: 0.3ms
[124.951s][info][gc,phases      ] GC(707)   Other: 0.3ms
[124.951s][info][gc,heap        ] GC(707) Eden regions: 241->0(241)
[124.951s][info][gc,heap        ] GC(707) Survivor regions: 1->1(31)
[124.951s][info][gc,heap        ] GC(707) Old regions: 47->47
[124.951s][info][gc,heap        ] GC(707) Humongous regions: 6->6
[124.951s][info][gc,metaspace   ] GC(707) Metaspace: 71799K->71799K(1114112K)
[124.951s][info][gc             ] GC(707) Pause Young (Normal) (G1 Evacuation Pause) 292M->51M(404M) 3.109ms
[124.951s][info][gc,cpu         ] GC(707) User=0.00s Sys=0.01s Real=0.00s
[125.091s][info][gc,start       ] GC(708) Pause Young (Normal) (G1 Evacuation Pause)
[125.091s][info][gc,task        ] GC(708) Using 1 workers of 1 for evacuation
[125.094s][info][gc,phases      ] GC(708)   Pre Evacuate Collection Set: 0.0ms
[125.094s][info][gc,phases      ] GC(708)   Evacuate Collection Set: 2.4ms
[125.094s][info][gc,phases      ] GC(708)   Post Evacuate Collection Set: 0.3ms
[125.094s][info][gc,phases      ] GC(708)   Other: 0.3ms
[125.094s][info][gc,heap        ] GC(708) Eden regions: 241->0(241)
[125.094s][info][gc,heap        ] GC(708) Survivor regions: 1->1(31)
[125.094s][info][gc,heap        ] GC(708) Old regions: 47->47
[125.094s][info][gc,heap        ] GC(708) Humongous regions: 6->6
[125.094s][info][gc,metaspace   ] GC(708) Metaspace: 71799K->71799K(1114112K)
[125.094s][info][gc             ] GC(708) Pause Young (Normal) (G1 Evacuation Pause) 292M->51M(404M) 3.061ms
[125.094s][info][gc,cpu         ] GC(708) User=0.00s Sys=0.00s Real=0.00s
[125.263s][info][gc,start       ] GC(709) Pause Young (Normal) (G1 Evacuation Pause)
[125.263s][info][gc,task        ] GC(709) Using 1 workers of 1 for evacuation
[125.266s][info][gc,phases      ] GC(709)   Pre Evacuate Collection Set: 0.0ms
[125.266s][info][gc,phases      ] GC(709)   Evacuate Collection Set: 2.5ms
[125.266s][info][gc,phases      ] GC(709)   Post Evacuate Collection Set: 0.3ms
[125.266s][info][gc,phases      ] GC(709)   Other: 0.4ms
[125.266s][info][gc,heap        ] GC(709) Eden regions: 241->0(241)
[125.266s][info][gc,heap        ] GC(709) Survivor regions: 1->1(31)
[125.266s][info][gc,heap        ] GC(709) Old regions: 47->47
[125.266s][info][gc,heap        ] GC(709) Humongous regions: 6->6
[125.266s][info][gc,metaspace   ] GC(709) Metaspace: 71799K->71799K(1114112K)
[125.266s][info][gc             ] GC(709) Pause Young (Normal) (G1 Evacuation Pause) 292M->51M(404M) 3.279ms
[125.266s][info][gc,cpu         ] GC(709) User=0.00s Sys=0.00s Real=0.01s
[125.387s][info][gc,start       ] GC(710) Pause Young (Normal) (G1 Evacuation Pause)
[125.387s][info][gc,task        ] GC(710) Using 1 workers of 1 for evacuation
[125.391s][info][gc,phases      ] GC(710)   Pre Evacuate Collection Set: 0.0ms
[125.391s][info][gc,phases      ] GC(710)   Evacuate Collection Set: 3.2ms
[125.391s][info][gc,phases      ] GC(710)   Post Evacuate Collection Set: 0.4ms
[125.391s][info][gc,phases      ] GC(710)   Other: 0.4ms
[125.391s][info][gc,heap        ] GC(710) Eden regions: 241->0(241)
[125.391s][info][gc,heap        ] GC(710) Survivor regions: 1->1(31)
[125.391s][info][gc,heap        ] GC(710) Old regions: 47->47
[125.391s][info][gc,heap        ] GC(710) Humongous regions: 6->6
[125.391s][info][gc,metaspace   ] GC(710) Metaspace: 71799K->71799K(1114112K)
[125.392s][info][gc             ] GC(710) Pause Young (Normal) (G1 Evacuation Pause) 292M->51M(404M) 4.153ms
[125.392s][info][gc,cpu         ] GC(710) User=0.00s Sys=0.00s Real=0.00s
[125.554s][info][gc,start       ] GC(711) Pause Young (Normal) (G1 Evacuation Pause)
[125.554s][info][gc,task        ] GC(711) Using 1 workers of 1 for evacuation
[125.558s][info][gc,phases      ] GC(711)   Pre Evacuate Collection Set: 0.0ms
[125.558s][info][gc,phases      ] GC(711)   Evacuate Collection Set: 2.8ms
[125.558s][info][gc,phases      ] GC(711)   Post Evacuate Collection Set: 0.4ms
[125.558s][info][gc,phases      ] GC(711)   Other: 0.3ms
[125.558s][info][gc,heap        ] GC(711) Eden regions: 241->0(241)
[125.558s][info][gc,heap        ] GC(711) Survivor regions: 1->1(31)
[125.558s][info][gc,heap        ] GC(711) Old regions: 47->47
[125.558s][info][gc,heap        ] GC(711) Humongous regions: 11->6
[125.558s][info][gc,metaspace   ] GC(711) Metaspace: 71843K->71843K(1114112K)
[125.558s][info][gc             ] GC(711) Pause Young (Normal) (G1 Evacuation Pause) 297M->51M(404M) 3.585ms
[125.558s][info][gc,cpu         ] GC(711) User=0.00s Sys=0.00s Real=0.00s
[125.678s][info][gc,start       ] GC(712) Pause Young (Normal) (G1 Evacuation Pause)
[125.678s][info][gc,task        ] GC(712) Using 1 workers of 1 for evacuation
[125.682s][info][gc,phases      ] GC(712)   Pre Evacuate Collection Set: 0.0ms
[125.682s][info][gc,phases      ] GC(712)   Evacuate Collection Set: 2.6ms
[125.682s][info][gc,phases      ] GC(712)   Post Evacuate Collection Set: 0.3ms
[125.682s][info][gc,phases      ] GC(712)   Other: 0.4ms
[125.682s][info][gc,heap        ] GC(712) Eden regions: 241->0(241)
[125.682s][info][gc,heap        ] GC(712) Survivor regions: 1->1(31)
[125.682s][info][gc,heap        ] GC(712) Old regions: 47->47
[125.682s][info][gc,heap        ] GC(712) Humongous regions: 6->6
[125.682s][info][gc,metaspace   ] GC(712) Metaspace: 71848K->71848K(1114112K)
[125.682s][info][gc             ] GC(712) Pause Young (Normal) (G1 Evacuation Pause) 292M->51M(404M) 3.412ms
[125.682s][info][gc,cpu         ] GC(712) User=0.00s Sys=0.00s Real=0.01s
[125.878s][info][gc,start       ] GC(713) Pause Young (Normal) (G1 Evacuation Pause)
[125.878s][info][gc,task        ] GC(713) Using 1 workers of 1 for evacuation
[125.881s][info][gc,phases      ] GC(713)   Pre Evacuate Collection Set: 0.0ms
[125.881s][info][gc,phases      ] GC(713)   Evacuate Collection Set: 2.6ms
[125.881s][info][gc,phases      ] GC(713)   Post Evacuate Collection Set: 0.3ms
[125.881s][info][gc,phases      ] GC(713)   Other: 0.3ms
[125.881s][info][gc,heap        ] GC(713) Eden regions: 241->0(241)
[125.881s][info][gc,heap        ] GC(713) Survivor regions: 1->1(31)
[125.881s][info][gc,heap        ] GC(713) Old regions: 47->47
[125.881s][info][gc,heap        ] GC(713) Humongous regions: 6->6
[125.881s][info][gc,metaspace   ] GC(713) Metaspace: 71848K->71848K(1114112K)
[125.881s][info][gc             ] GC(713) Pause Young (Normal) (G1 Evacuation Pause) 292M->51M(404M) 3.314ms
[125.881s][info][gc,cpu         ] GC(713) User=0.00s Sys=0.00s Real=0.01s
[125.997s][info][gc,start       ] GC(714) Pause Young (Normal) (G1 Evacuation Pause)
[125.997s][info][gc,task        ] GC(714) Using 1 workers of 1 for evacuation
[126.000s][info][gc,phases      ] GC(714)   Pre Evacuate Collection Set: 0.0ms
[126.000s][info][gc,phases      ] GC(714)   Evacuate Collection Set: 2.6ms
[126.000s][info][gc,phases      ] GC(714)   Post Evacuate Collection Set: 0.3ms
[126.000s][info][gc,phases      ] GC(714)   Other: 0.3ms
[126.000s][info][gc,heap        ] GC(714) Eden regions: 241->0(241)
[126.000s][info][gc,heap        ] GC(714) Survivor regions: 1->1(31)
[126.000s][info][gc,heap        ] GC(714) Old regions: 47->47
[126.000s][info][gc,heap        ] GC(714) Humongous regions: 6->6
[126.000s][info][gc,metaspace   ] GC(714) Metaspace: 71848K->71848K(1114112K)
[126.000s][info][gc             ] GC(714) Pause Young (Normal) (G1 Evacuation Pause) 292M->51M(404M) 3.257ms
[126.000s][info][gc,cpu         ] GC(714) User=0.00s Sys=0.00s Real=0.01s
[126.147s][info][gc,start       ] GC(715) Pause Young (Normal) (G1 Evacuation Pause)
[126.147s][info][gc,task        ] GC(715) Using 1 workers of 1 for evacuation
[126.150s][info][gc,phases      ] GC(715)   Pre Evacuate Collection Set: 0.0ms
[126.150s][info][gc,phases      ] GC(715)   Evacuate Collection Set: 2.6ms
[126.150s][info][gc,phases      ] GC(715)   Post Evacuate Collection Set: 0.3ms
[126.150s][info][gc,phases      ] GC(715)   Other: 0.3ms
[126.150s][info][gc,heap        ] GC(715) Eden regions: 241->0(241)
[126.150s][info][gc,heap        ] GC(715) Survivor regions: 1->1(31)
[126.150s][info][gc,heap        ] GC(715) Old regions: 47->47
[126.150s][info][gc,heap        ] GC(715) Humongous regions: 6->6
[126.150s][info][gc,metaspace   ] GC(715) Metaspace: 71848K->71848K(1114112K)
[126.150s][info][gc             ] GC(715) Pause Young (Normal) (G1 Evacuation Pause) 292M->51M(404M) 3.251ms
[126.150s][info][gc,cpu         ] GC(715) User=0.00s Sys=0.00s Real=0.00s
[126.274s][info][gc,start       ] GC(716) Pause Young (Normal) (G1 Evacuation Pause)
[126.274s][info][gc,task        ] GC(716) Using 1 workers of 1 for evacuation
[126.278s][info][gc,phases      ] GC(716)   Pre Evacuate Collection Set: 0.0ms
[126.278s][info][gc,phases      ] GC(716)   Evacuate Collection Set: 2.6ms
[126.278s][info][gc,phases      ] GC(716)   Post Evacuate Collection Set: 0.3ms
[126.278s][info][gc,phases      ] GC(716)   Other: 0.3ms
[126.278s][info][gc,heap        ] GC(716) Eden regions: 241->0(241)
[126.278s][info][gc,heap        ] GC(716) Survivor regions: 1->1(31)
[126.278s][info][gc,heap        ] GC(716) Old regions: 47->47
[126.278s][info][gc,heap        ] GC(716) Humongous regions: 6->6
[126.278s][info][gc,metaspace   ] GC(716) Metaspace: 71848K->71848K(1114112K)
[126.278s][info][gc             ] GC(716) Pause Young (Normal) (G1 Evacuation Pause) 292M->51M(404M) 3.363ms
[126.278s][info][gc,cpu         ] GC(716) User=0.00s Sys=0.00s Real=0.00s
[126.401s][info][gc,start       ] GC(717) Pause Young (Normal) (G1 Evacuation Pause)
[126.401s][info][gc,task        ] GC(717) Using 1 workers of 1 for evacuation
[126.404s][info][gc,phases      ] GC(717)   Pre Evacuate Collection Set: 0.0ms
[126.404s][info][gc,phases      ] GC(717)   Evacuate Collection Set: 2.7ms
[126.404s][info][gc,phases      ] GC(717)   Post Evacuate Collection Set: 0.4ms
[126.404s][info][gc,phases      ] GC(717)   Other: 0.5ms
[126.404s][info][gc,heap        ] GC(717) Eden regions: 241->0(241)
[126.404s][info][gc,heap        ] GC(717) Survivor regions: 1->1(31)
[126.404s][info][gc,heap        ] GC(717) Old regions: 47->47
[126.404s][info][gc,heap        ] GC(717) Humongous regions: 6->6
[126.404s][info][gc,metaspace   ] GC(717) Metaspace: 71848K->71848K(1114112K)
[126.404s][info][gc             ] GC(717) Pause Young (Normal) (G1 Evacuation Pause) 292M->51M(404M) 3.607ms
[126.404s][info][gc,cpu         ] GC(717) User=0.00s Sys=0.00s Real=0.00s
[126.534s][info][gc,start       ] GC(718) Pause Young (Normal) (G1 Evacuation Pause)
[126.534s][info][gc,task        ] GC(718) Using 1 workers of 1 for evacuation
[126.537s][info][gc,phases      ] GC(718)   Pre Evacuate Collection Set: 0.0ms
[126.537s][info][gc,phases      ] GC(718)   Evacuate Collection Set: 2.7ms
[126.537s][info][gc,phases      ] GC(718)   Post Evacuate Collection Set: 0.3ms
[126.537s][info][gc,phases      ] GC(718)   Other: 0.3ms
[126.537s][info][gc,heap        ] GC(718) Eden regions: 241->0(241)
[126.537s][info][gc,heap        ] GC(718) Survivor regions: 1->1(31)
[126.537s][info][gc,heap        ] GC(718) Old regions: 47->47
[126.537s][info][gc,heap        ] GC(718) Humongous regions: 6->6
[126.537s][info][gc,metaspace   ] GC(718) Metaspace: 71848K->71848K(1114112K)
[126.537s][info][gc             ] GC(718) Pause Young (Normal) (G1 Evacuation Pause) 292M->51M(404M) 3.426ms
[126.537s][info][gc,cpu         ] GC(718) User=0.01s Sys=0.00s Real=0.00s
[126.731s][info][gc,start       ] GC(719) Pause Young (Normal) (G1 Evacuation Pause)
[126.731s][info][gc,task        ] GC(719) Using 1 workers of 1 for evacuation
[126.734s][info][gc,phases      ] GC(719)   Pre Evacuate Collection Set: 0.0ms
[126.734s][info][gc,phases      ] GC(719)   Evacuate Collection Set: 2.9ms
[126.734s][info][gc,phases      ] GC(719)   Post Evacuate Collection Set: 0.4ms
[126.734s][info][gc,phases      ] GC(719)   Other: 0.4ms
[126.734s][info][gc,heap        ] GC(719) Eden regions: 241->0(241)
[126.734s][info][gc,heap        ] GC(719) Survivor regions: 1->1(31)
[126.734s][info][gc,heap        ] GC(719) Old regions: 47->48
[126.734s][info][gc,heap        ] GC(719) Humongous regions: 11->6
[126.734s][info][gc,metaspace   ] GC(719) Metaspace: 71861K->71861K(1114112K)
[126.734s][info][gc             ] GC(719) Pause Young (Normal) (G1 Evacuation Pause) 297M->51M(404M) 3.745ms
[126.734s][info][gc,cpu         ] GC(719) User=0.00s Sys=0.01s Real=0.00s
[126.859s][info][gc,start       ] GC(720) Pause Young (Normal) (G1 Evacuation Pause)
[126.859s][info][gc,task        ] GC(720) Using 1 workers of 1 for evacuation
[126.862s][info][gc,phases      ] GC(720)   Pre Evacuate Collection Set: 0.0ms
[126.863s][info][gc,phases      ] GC(720)   Evacuate Collection Set: 2.7ms
[126.863s][info][gc,phases      ] GC(720)   Post Evacuate Collection Set: 0.4ms
[126.863s][info][gc,phases      ] GC(720)   Other: 0.3ms
[126.863s][info][gc,heap        ] GC(720) Eden regions: 241->0(241)
[126.863s][info][gc,heap        ] GC(720) Survivor regions: 1->1(31)
[126.863s][info][gc,heap        ] GC(720) Old regions: 48->48
[126.863s][info][gc,heap        ] GC(720) Humongous regions: 6->6
[126.863s][info][gc,metaspace   ] GC(720) Metaspace: 71865K->71865K(1114112K)
[126.863s][info][gc             ] GC(720) Pause Young (Normal) (G1 Evacuation Pause) 292M->51M(404M) 3.397ms
[126.863s][info][gc,cpu         ] GC(720) User=0.01s Sys=0.00s Real=0.00s
[126.981s][info][gc,start       ] GC(721) Pause Young (Normal) (G1 Evacuation Pause)
[126.981s][info][gc,task        ] GC(721) Using 1 workers of 1 for evacuation
[126.984s][info][gc,phases      ] GC(721)   Pre Evacuate Collection Set: 0.0ms
[126.984s][info][gc,phases      ] GC(721)   Evacuate Collection Set: 2.7ms
[126.984s][info][gc,phases      ] GC(721)   Post Evacuate Collection Set: 0.4ms
[126.984s][info][gc,phases      ] GC(721)   Other: 0.3ms
[126.984s][info][gc,heap        ] GC(721) Eden regions: 241->0(241)
[126.984s][info][gc,heap        ] GC(721) Survivor regions: 1->1(31)
[126.984s][info][gc,heap        ] GC(721) Old regions: 48->48
[126.984s][info][gc,heap        ] GC(721) Humongous regions: 6->6
[126.984s][info][gc,metaspace   ] GC(721) Metaspace: 71865K->71865K(1114112K)
[126.984s][info][gc             ] GC(721) Pause Young (Normal) (G1 Evacuation Pause) 292M->51M(404M) 3.403ms
[126.985s][info][gc,cpu         ] GC(721) User=0.00s Sys=0.00s Real=0.00s
[127.102s][info][gc,start       ] GC(722) Pause Young (Normal) (G1 Evacuation Pause)
[127.102s][info][gc,task        ] GC(722) Using 1 workers of 1 for evacuation
[127.105s][info][gc,phases      ] GC(722)   Pre Evacuate Collection Set: 0.0ms
[127.105s][info][gc,phases      ] GC(722)   Evacuate Collection Set: 2.7ms
[127.105s][info][gc,phases      ] GC(722)   Post Evacuate Collection Set: 0.3ms
[127.105s][info][gc,phases      ] GC(722)   Other: 0.3ms
[127.105s][info][gc,heap        ] GC(722) Eden regions: 241->0(241)
[127.105s][info][gc,heap        ] GC(722) Survivor regions: 1->1(31)
[127.105s][info][gc,heap        ] GC(722) Old regions: 48->48
[127.105s][info][gc,heap        ] GC(722) Humongous regions: 6->6
[127.105s][info][gc,metaspace   ] GC(722) Metaspace: 71865K->71865K(1114112K)
[127.105s][info][gc             ] GC(722) Pause Young (Normal) (G1 Evacuation Pause) 292M->51M(404M) 3.475ms
[127.105s][info][gc,cpu         ] GC(722) User=0.00s Sys=0.00s Real=0.00s
[127.222s][info][gc,start       ] GC(723) Pause Young (Normal) (G1 Evacuation Pause)
[127.223s][info][gc,task        ] GC(723) Using 1 workers of 1 for evacuation
[127.226s][info][gc,phases      ] GC(723)   Pre Evacuate Collection Set: 0.0ms
[127.226s][info][gc,phases      ] GC(723)   Evacuate Collection Set: 2.7ms
[127.226s][info][gc,phases      ] GC(723)   Post Evacuate Collection Set: 0.3ms
[127.226s][info][gc,phases      ] GC(723)   Other: 0.4ms
[127.226s][info][gc,heap        ] GC(723) Eden regions: 241->0(241)
[127.226s][info][gc,heap        ] GC(723) Survivor regions: 1->1(31)
[127.226s][info][gc,heap        ] GC(723) Old regions: 48->48
[127.226s][info][gc,heap        ] GC(723) Humongous regions: 6->6
[127.226s][info][gc,metaspace   ] GC(723) Metaspace: 71865K->71865K(1114112K)
[127.226s][info][gc             ] GC(723) Pause Young (Normal) (G1 Evacuation Pause) 292M->51M(404M) 3.598ms
[127.226s][info][gc,cpu         ] GC(723) User=0.00s Sys=0.00s Real=0.00s
[127.349s][info][gc,start       ] GC(724) Pause Young (Normal) (G1 Evacuation Pause)
[127.349s][info][gc,task        ] GC(724) Using 1 workers of 1 for evacuation
[127.353s][info][gc,phases      ] GC(724)   Pre Evacuate Collection Set: 0.0ms
[127.353s][info][gc,phases      ] GC(724)   Evacuate Collection Set: 2.8ms
[127.353s][info][gc,phases      ] GC(724)   Post Evacuate Collection Set: 0.4ms
[127.353s][info][gc,phases      ] GC(724)   Other: 0.3ms
[127.353s][info][gc,heap        ] GC(724) Eden regions: 241->0(241)
[127.353s][info][gc,heap        ] GC(724) Survivor regions: 1->1(31)
[127.353s][info][gc,heap        ] GC(724) Old regions: 48->48
[127.353s][info][gc,heap        ] GC(724) Humongous regions: 6->6
[127.353s][info][gc,metaspace   ] GC(724) Metaspace: 71865K->71865K(1114112K)
[127.353s][info][gc             ] GC(724) Pause Young (Normal) (G1 Evacuation Pause) 292M->51M(404M) 3.521ms
[127.353s][info][gc,cpu         ] GC(724) User=0.00s Sys=0.00s Real=0.00s
[127.495s][info][gc,start       ] GC(725) Pause Young (Normal) (G1 Evacuation Pause)
[127.495s][info][gc,task        ] GC(725) Using 1 workers of 1 for evacuation
[127.499s][info][gc,phases      ] GC(725)   Pre Evacuate Collection Set: 0.0ms
[127.499s][info][gc,phases      ] GC(725)   Evacuate Collection Set: 2.8ms
[127.499s][info][gc,phases      ] GC(725)   Post Evacuate Collection Set: 0.4ms
[127.499s][info][gc,phases      ] GC(725)   Other: 0.3ms
[127.499s][info][gc,heap        ] GC(725) Eden regions: 241->0(241)
[127.499s][info][gc,heap        ] GC(725) Survivor regions: 1->1(31)
[127.499s][info][gc,heap        ] GC(725) Old regions: 48->48
[127.499s][info][gc,heap        ] GC(725) Humongous regions: 6->6
[127.499s][info][gc,metaspace   ] GC(725) Metaspace: 71865K->71865K(1114112K)
[127.499s][info][gc             ] GC(725) Pause Young (Normal) (G1 Evacuation Pause) 292M->51M(404M) 3.600ms
[127.499s][info][gc,cpu         ] GC(725) User=0.00s Sys=0.00s Real=0.01s
[127.621s][info][gc,start       ] GC(726) Pause Young (Normal) (G1 Evacuation Pause)
[127.621s][info][gc,task        ] GC(726) Using 1 workers of 1 for evacuation
[127.625s][info][gc,phases      ] GC(726)   Pre Evacuate Collection Set: 0.0ms
[127.625s][info][gc,phases      ] GC(726)   Evacuate Collection Set: 2.9ms
[127.625s][info][gc,phases      ] GC(726)   Post Evacuate Collection Set: 0.4ms
[127.625s][info][gc,phases      ] GC(726)   Other: 0.3ms
[127.625s][info][gc,heap        ] GC(726) Eden regions: 241->0(241)
[127.625s][info][gc,heap        ] GC(726) Survivor regions: 1->1(31)
[127.625s][info][gc,heap        ] GC(726) Old regions: 48->48
[127.625s][info][gc,heap        ] GC(726) Humongous regions: 6->6
[127.625s][info][gc,metaspace   ] GC(726) Metaspace: 71865K->71865K(1114112K)
[127.625s][info][gc             ] GC(726) Pause Young (Normal) (G1 Evacuation Pause) 292M->51M(404M) 3.642ms
[127.625s][info][gc,cpu         ] GC(726) User=0.00s Sys=0.00s Real=0.00s
[128.283s][info][gc,start       ] GC(727) Pause Young (Normal) (G1 Evacuation Pause)
[128.283s][info][gc,task        ] GC(727) Using 1 workers of 1 for evacuation
[128.295s][info][gc,phases      ] GC(727)   Pre Evacuate Collection Set: 0.0ms
[128.295s][info][gc,phases      ] GC(727)   Evacuate Collection Set: 11.2ms
[128.295s][info][gc,phases      ] GC(727)   Post Evacuate Collection Set: 0.5ms
[128.295s][info][gc,phases      ] GC(727)   Other: 0.5ms
[128.295s][info][gc,heap        ] GC(727) Eden regions: 241->0(237)
[128.295s][info][gc,heap        ] GC(727) Survivor regions: 1->5(31)
[128.295s][info][gc,heap        ] GC(727) Old regions: 48->48
[128.295s][info][gc,heap        ] GC(727) Humongous regions: 41->6
[128.295s][info][gc,metaspace   ] GC(727) Metaspace: 71937K->71937K(1114112K)
[128.295s][info][gc             ] GC(727) Pause Young (Normal) (G1 Evacuation Pause) 327M->55M(404M) 12.283ms
[128.295s][info][gc,cpu         ] GC(727) User=0.01s Sys=0.00s Real=0.01s
[128.693s][info][gc,start       ] GC(728) Pause Young (Normal) (G1 Evacuation Pause)
[128.693s][info][gc,task        ] GC(728) Using 1 workers of 1 for evacuation
[128.709s][info][gc,phases      ] GC(728)   Pre Evacuate Collection Set: 0.0ms
[128.709s][info][gc,phases      ] GC(728)   Evacuate Collection Set: 14.7ms
[128.709s][info][gc,phases      ] GC(728)   Post Evacuate Collection Set: 1.2ms
[128.709s][info][gc,phases      ] GC(728)   Other: 0.5ms
[128.710s][info][gc,heap        ] GC(728) Eden regions: 237->0(238)
[128.710s][info][gc,heap        ] GC(728) Survivor regions: 5->4(31)
[128.710s][info][gc,heap        ] GC(728) Old regions: 48->48
[128.710s][info][gc,heap        ] GC(728) Humongous regions: 6->6
[128.710s][info][gc,metaspace   ] GC(728) Metaspace: 71939K->71939K(1114112K)
[128.710s][info][gc             ] GC(728) Pause Young (Normal) (G1 Evacuation Pause) 292M->55M(404M) 16.557ms
[128.710s][info][gc,cpu         ] GC(728) User=0.01s Sys=0.00s Real=0.02s
[129.210s][info][gc,start       ] GC(729) Pause Young (Normal) (G1 Evacuation Pause)
[129.211s][info][gc,task        ] GC(729) Using 1 workers of 1 for evacuation
[129.223s][info][gc,phases      ] GC(729)   Pre Evacuate Collection Set: 0.0ms
[129.223s][info][gc,phases      ] GC(729)   Evacuate Collection Set: 11.3ms
[129.223s][info][gc,phases      ] GC(729)   Post Evacuate Collection Set: 0.6ms
[129.223s][info][gc,phases      ] GC(729)   Other: 0.6ms
[129.223s][info][gc,heap        ] GC(729) Eden regions: 238->0(238)
[129.223s][info][gc,heap        ] GC(729) Survivor regions: 4->4(31)
[129.223s][info][gc,heap        ] GC(729) Old regions: 48->48
[129.223s][info][gc,heap        ] GC(729) Humongous regions: 6->6
[129.223s][info][gc,metaspace   ] GC(729) Metaspace: 71939K->71939K(1114112K)
[129.223s][info][gc             ] GC(729) Pause Young (Normal) (G1 Evacuation Pause) 293M->55M(404M) 12.559ms
[129.223s][info][gc,cpu         ] GC(729) User=0.01s Sys=0.01s Real=0.01s
[129.565s][info][gc,start       ] GC(730) Pause Young (Normal) (G1 Evacuation Pause)
[129.565s][info][gc,task        ] GC(730) Using 1 workers of 1 for evacuation
[129.578s][info][gc,phases      ] GC(730)   Pre Evacuate Collection Set: 0.0ms
[129.578s][info][gc,phases      ] GC(730)   Evacuate Collection Set: 12.1ms
[129.578s][info][gc,phases      ] GC(730)   Post Evacuate Collection Set: 0.5ms
[129.578s][info][gc,phases      ] GC(730)   Other: 0.6ms
[129.578s][info][gc,heap        ] GC(730) Eden regions: 238->0(237)
[129.578s][info][gc,heap        ] GC(730) Survivor regions: 4->5(31)
[129.578s][info][gc,heap        ] GC(730) Old regions: 48->48
[129.578s][info][gc,heap        ] GC(730) Humongous regions: 11->6
[129.578s][info][gc,metaspace   ] GC(730) Metaspace: 71941K->71941K(1114112K)
[129.578s][info][gc             ] GC(730) Pause Young (Normal) (G1 Evacuation Pause) 298M->55M(404M) 13.344ms
[129.578s][info][gc,cpu         ] GC(730) User=0.02s Sys=0.00s Real=0.01s
[130.401s][info][gc,start       ] GC(731) Pause Young (Normal) (G1 Evacuation Pause)
[130.402s][info][gc,task        ] GC(731) Using 1 workers of 1 for evacuation
[130.425s][info][gc,phases      ] GC(731)   Pre Evacuate Collection Set: 0.0ms
[130.425s][info][gc,phases      ] GC(731)   Evacuate Collection Set: 5.9ms
[130.425s][info][gc,phases      ] GC(731)   Post Evacuate Collection Set: 0.5ms
[130.425s][info][gc,phases      ] GC(731)   Other: 17.3ms
[130.425s][info][gc,heap        ] GC(731) Eden regions: 237->0(238)
[130.425s][info][gc,heap        ] GC(731) Survivor regions: 5->4(31)
[130.425s][info][gc,heap        ] GC(731) Old regions: 48->48
[130.425s][info][gc,heap        ] GC(731) Humongous regions: 61->6
[130.425s][info][gc,metaspace   ] GC(731) Metaspace: 71990K->71990K(1114112K)
[130.425s][info][gc             ] GC(731) Pause Young (Normal) (G1 Evacuation Pause) 347M->55M(404M) 23.806ms
[130.425s][info][gc,cpu         ] GC(731) User=0.03s Sys=0.00s Real=0.02s
[130.746s][info][gc,start       ] GC(732) Pause Young (Normal) (G1 Evacuation Pause)
[130.746s][info][gc,task        ] GC(732) Using 1 workers of 1 for evacuation
[130.752s][info][gc,phases      ] GC(732)   Pre Evacuate Collection Set: 0.0ms
[130.752s][info][gc,phases      ] GC(732)   Evacuate Collection Set: 5.2ms
[130.752s][info][gc,phases      ] GC(732)   Post Evacuate Collection Set: 0.4ms
[130.752s][info][gc,phases      ] GC(732)   Other: 0.4ms
[130.752s][info][gc,heap        ] GC(732) Eden regions: 238->0(238)
[130.752s][info][gc,heap        ] GC(732) Survivor regions: 4->4(31)
[130.752s][info][gc,heap        ] GC(732) Old regions: 48->48
[130.752s][info][gc,heap        ] GC(732) Humongous regions: 6->6
[130.752s][info][gc,metaspace   ] GC(732) Metaspace: 71997K->71997K(1114112K)
[130.752s][info][gc             ] GC(732) Pause Young (Normal) (G1 Evacuation Pause) 293M->55M(404M) 6.048ms
[130.752s][info][gc,cpu         ] GC(732) User=0.01s Sys=0.00s Real=0.01s
[130.991s][info][gc,start       ] GC(733) Pause Young (Normal) (G1 Evacuation Pause)
[130.991s][info][gc,task        ] GC(733) Using 1 workers of 1 for evacuation
[131.003s][info][gc,phases      ] GC(733)   Pre Evacuate Collection Set: 0.0ms
[131.003s][info][gc,phases      ] GC(733)   Evacuate Collection Set: 5.0ms
[131.003s][info][gc,phases      ] GC(733)   Post Evacuate Collection Set: 6.3ms
[131.003s][info][gc,phases      ] GC(733)   Other: 0.4ms
[131.003s][info][gc,heap        ] GC(733) Eden regions: 238->0(238)
[131.003s][info][gc,heap        ] GC(733) Survivor regions: 4->4(31)
[131.003s][info][gc,heap        ] GC(733) Old regions: 48->48
[131.003s][info][gc,heap        ] GC(733) Humongous regions: 6->6
[131.003s][info][gc,metaspace   ] GC(733) Metaspace: 71997K->71997K(1114112K)
[131.003s][info][gc             ] GC(733) Pause Young (Normal) (G1 Evacuation Pause) 293M->55M(404M) 11.818ms
[131.003s][info][gc,cpu         ] GC(733) User=0.01s Sys=0.00s Real=0.01s
[131.239s][info][gc,start       ] GC(734) Pause Young (Normal) (G1 Evacuation Pause)
[131.239s][info][gc,task        ] GC(734) Using 1 workers of 1 for evacuation
[131.246s][info][gc,phases      ] GC(734)   Pre Evacuate Collection Set: 0.1ms
[131.246s][info][gc,phases      ] GC(734)   Evacuate Collection Set: 6.0ms
[131.246s][info][gc,phases      ] GC(734)   Post Evacuate Collection Set: 0.4ms
[131.246s][info][gc,phases      ] GC(734)   Other: 0.5ms
[131.246s][info][gc,heap        ] GC(734) Eden regions: 238->0(238)
[131.246s][info][gc,heap        ] GC(734) Survivor regions: 4->4(31)
[131.246s][info][gc,heap        ] GC(734) Old regions: 48->48
[131.246s][info][gc,heap        ] GC(734) Humongous regions: 6->6
[131.246s][info][gc,metaspace   ] GC(734) Metaspace: 71997K->71997K(1114112K)
[131.246s][info][gc             ] GC(734) Pause Young (Normal) (G1 Evacuation Pause) 293M->55M(404M) 7.003ms
[131.246s][info][gc,cpu         ] GC(734) User=0.00s Sys=0.00s Real=0.00s
[131.519s][info][gc,start       ] GC(735) Pause Young (Normal) (G1 Evacuation Pause)
[131.519s][info][gc,task        ] GC(735) Using 1 workers of 1 for evacuation
[131.525s][info][gc,phases      ] GC(735)   Pre Evacuate Collection Set: 0.0ms
[131.525s][info][gc,phases      ] GC(735)   Evacuate Collection Set: 4.9ms
[131.525s][info][gc,phases      ] GC(735)   Post Evacuate Collection Set: 0.4ms
[131.525s][info][gc,phases      ] GC(735)   Other: 0.4ms
[131.525s][info][gc,heap        ] GC(735) Eden regions: 238->0(238)
[131.525s][info][gc,heap        ] GC(735) Survivor regions: 4->4(31)
[131.525s][info][gc,heap        ] GC(735) Old regions: 48->48
[131.525s][info][gc,heap        ] GC(735) Humongous regions: 6->6
[131.525s][info][gc,metaspace   ] GC(735) Metaspace: 71998K->71998K(1114112K)
[131.525s][info][gc             ] GC(735) Pause Young (Normal) (G1 Evacuation Pause) 293M->55M(404M) 5.717ms
[131.525s][info][gc,cpu         ] GC(735) User=0.00s Sys=0.00s Real=0.00s
[131.680s][info][gc,start       ] GC(736) Pause Young (Normal) (G1 Evacuation Pause)
[131.680s][info][gc,task        ] GC(736) Using 1 workers of 1 for evacuation
[131.686s][info][gc,phases      ] GC(736)   Pre Evacuate Collection Set: 0.0ms
[131.686s][info][gc,phases      ] GC(736)   Evacuate Collection Set: 4.7ms
[131.686s][info][gc,phases      ] GC(736)   Post Evacuate Collection Set: 0.4ms
[131.686s][info][gc,phases      ] GC(736)   Other: 0.3ms
[131.686s][info][gc,heap        ] GC(736) Eden regions: 238->0(238)
[131.686s][info][gc,heap        ] GC(736) Survivor regions: 4->4(31)
[131.686s][info][gc,heap        ] GC(736) Old regions: 48->48
[131.686s][info][gc,heap        ] GC(736) Humongous regions: 6->6
[131.686s][info][gc,metaspace   ] GC(736) Metaspace: 71998K->71998K(1114112K)
[131.686s][info][gc             ] GC(736) Pause Young (Normal) (G1 Evacuation Pause) 293M->55M(404M) 5.469ms
[131.686s][info][gc,cpu         ] GC(736) User=0.00s Sys=0.00s Real=0.00s
[131.822s][info][gc,start       ] GC(737) Pause Young (Normal) (G1 Evacuation Pause)
[131.822s][info][gc,task        ] GC(737) Using 1 workers of 1 for evacuation
[131.828s][info][gc,phases      ] GC(737)   Pre Evacuate Collection Set: 0.0ms
[131.828s][info][gc,phases      ] GC(737)   Evacuate Collection Set: 4.9ms
[131.828s][info][gc,phases      ] GC(737)   Post Evacuate Collection Set: 0.4ms
[131.828s][info][gc,phases      ] GC(737)   Other: 0.3ms
[131.828s][info][gc,heap        ] GC(737) Eden regions: 238->0(238)
[131.828s][info][gc,heap        ] GC(737) Survivor regions: 4->4(31)
[131.828s][info][gc,heap        ] GC(737) Old regions: 48->48
[131.828s][info][gc,heap        ] GC(737) Humongous regions: 6->6
[131.828s][info][gc,metaspace   ] GC(737) Metaspace: 71998K->71998K(1114112K)
[131.828s][info][gc             ] GC(737) Pause Young (Normal) (G1 Evacuation Pause) 293M->55M(404M) 5.763ms
[131.828s][info][gc,cpu         ] GC(737) User=0.00s Sys=0.00s Real=0.01s
[131.986s][info][gc,start       ] GC(738) Pause Young (Normal) (G1 Evacuation Pause)
[131.986s][info][gc,task        ] GC(738) Using 1 workers of 1 for evacuation
[131.992s][info][gc,phases      ] GC(738)   Pre Evacuate Collection Set: 0.1ms
[131.992s][info][gc,phases      ] GC(738)   Evacuate Collection Set: 4.9ms
[131.992s][info][gc,phases      ] GC(738)   Post Evacuate Collection Set: 0.4ms
[131.992s][info][gc,phases      ] GC(738)   Other: 0.4ms
[131.992s][info][gc,heap        ] GC(738) Eden regions: 238->0(238)
[131.992s][info][gc,heap        ] GC(738) Survivor regions: 4->4(31)
[131.992s][info][gc,heap        ] GC(738) Old regions: 48->48
[131.992s][info][gc,heap        ] GC(738) Humongous regions: 6->6
[131.992s][info][gc,metaspace   ] GC(738) Metaspace: 71998K->71998K(1114112K)
[131.992s][info][gc             ] GC(738) Pause Young (Normal) (G1 Evacuation Pause) 293M->55M(404M) 5.773ms
[131.992s][info][gc,cpu         ] GC(738) User=0.01s Sys=0.00s Real=0.01s
[132.151s][info][gc,start       ] GC(739) Pause Young (Normal) (G1 Evacuation Pause)
[132.151s][info][gc,task        ] GC(739) Using 1 workers of 1 for evacuation
[132.158s][info][gc,phases      ] GC(739)   Pre Evacuate Collection Set: 0.0ms
[132.158s][info][gc,phases      ] GC(739)   Evacuate Collection Set: 6.5ms
[132.158s][info][gc,phases      ] GC(739)   Post Evacuate Collection Set: 0.4ms
[132.158s][info][gc,phases      ] GC(739)   Other: 0.3ms
[132.158s][info][gc,heap        ] GC(739) Eden regions: 238->0(238)
[132.158s][info][gc,heap        ] GC(739) Survivor regions: 4->4(31)
[132.158s][info][gc,heap        ] GC(739) Old regions: 48->48
[132.158s][info][gc,heap        ] GC(739) Humongous regions: 6->6
[132.158s][info][gc,metaspace   ] GC(739) Metaspace: 71998K->71998K(1114112K)
[132.158s][info][gc             ] GC(739) Pause Young (Normal) (G1 Evacuation Pause) 293M->55M(404M) 7.281ms
[132.158s][info][gc,cpu         ] GC(739) User=0.00s Sys=0.00s Real=0.00s
[132.365s][info][gc,start       ] GC(740) Pause Young (Normal) (G1 Evacuation Pause)
[132.365s][info][gc,task        ] GC(740) Using 1 workers of 1 for evacuation
[132.370s][info][gc,phases      ] GC(740)   Pre Evacuate Collection Set: 0.0ms
[132.371s][info][gc,phases      ] GC(740)   Evacuate Collection Set: 5.2ms
[132.371s][info][gc,phases      ] GC(740)   Post Evacuate Collection Set: 0.4ms
[132.371s][info][gc,phases      ] GC(740)   Other: 0.4ms
[132.371s][info][gc,heap        ] GC(740) Eden regions: 238->0(238)
[132.371s][info][gc,heap        ] GC(740) Survivor regions: 4->4(31)
[132.371s][info][gc,heap        ] GC(740) Old regions: 48->48
[132.371s][info][gc,heap        ] GC(740) Humongous regions: 6->6
[132.371s][info][gc,metaspace   ] GC(740) Metaspace: 71998K->71998K(1114112K)
[132.371s][info][gc             ] GC(740) Pause Young (Normal) (G1 Evacuation Pause) 293M->55M(404M) 6.086ms
[132.371s][info][gc,cpu         ] GC(740) User=0.01s Sys=0.00s Real=0.01s
[133.010s][info][gc,start       ] GC(741) Pause Young (Normal) (G1 Evacuation Pause)
[133.010s][info][gc,task        ] GC(741) Using 1 workers of 1 for evacuation
[133.025s][info][gc,phases      ] GC(741)   Pre Evacuate Collection Set: 0.1ms
[133.025s][info][gc,phases      ] GC(741)   Evacuate Collection Set: 13.3ms
[133.025s][info][gc,phases      ] GC(741)   Post Evacuate Collection Set: 0.8ms
[133.025s][info][gc,phases      ] GC(741)   Other: 0.8ms
[133.025s][info][gc,heap        ] GC(741) Eden regions: 238->0(236)
[133.025s][info][gc,heap        ] GC(741) Survivor regions: 4->6(31)
[133.025s][info][gc,heap        ] GC(741) Old regions: 48->48
[133.025s][info][gc,heap        ] GC(741) Humongous regions: 31->6
[133.025s][info][gc,metaspace   ] GC(741) Metaspace: 72082K->72082K(1114112K)
[133.025s][info][gc             ] GC(741) Pause Young (Normal) (G1 Evacuation Pause) 318M->56M(404M) 15.106ms
[133.025s][info][gc,cpu         ] GC(741) User=0.02s Sys=0.00s Real=0.01s
[133.176s][info][gc,start       ] GC(742) Pause Young (Normal) (G1 Evacuation Pause)
[133.176s][info][gc,task        ] GC(742) Using 1 workers of 1 for evacuation
[133.183s][info][gc,phases      ] GC(742)   Pre Evacuate Collection Set: 0.0ms
[133.183s][info][gc,phases      ] GC(742)   Evacuate Collection Set: 6.1ms
[133.183s][info][gc,phases      ] GC(742)   Post Evacuate Collection Set: 0.4ms
[133.183s][info][gc,phases      ] GC(742)   Other: 0.3ms
[133.183s][info][gc,heap        ] GC(742) Eden regions: 236->0(238)
[133.183s][info][gc,heap        ] GC(742) Survivor regions: 6->4(31)
[133.183s][info][gc,heap        ] GC(742) Old regions: 48->49
[133.183s][info][gc,heap        ] GC(742) Humongous regions: 6->6
[133.183s][info][gc,metaspace   ] GC(742) Metaspace: 72082K->72082K(1114112K)
[133.183s][info][gc             ] GC(742) Pause Young (Normal) (G1 Evacuation Pause) 292M->56M(404M) 6.877ms
[133.183s][info][gc,cpu         ] GC(742) User=0.01s Sys=0.00s Real=0.01s
[133.350s][info][gc,start       ] GC(743) Pause Young (Normal) (G1 Evacuation Pause)
[133.351s][info][gc,task        ] GC(743) Using 1 workers of 1 for evacuation
[133.356s][info][gc,phases      ] GC(743)   Pre Evacuate Collection Set: 0.0ms
[133.356s][info][gc,phases      ] GC(743)   Evacuate Collection Set: 4.5ms
[133.356s][info][gc,phases      ] GC(743)   Post Evacuate Collection Set: 0.4ms
[133.356s][info][gc,phases      ] GC(743)   Other: 0.4ms
[133.356s][info][gc,heap        ] GC(743) Eden regions: 238->0(238)
[133.356s][info][gc,heap        ] GC(743) Survivor regions: 4->4(31)
[133.356s][info][gc,heap        ] GC(743) Old regions: 49->49
[133.356s][info][gc,heap        ] GC(743) Humongous regions: 6->6
[133.356s][info][gc,metaspace   ] GC(743) Metaspace: 72082K->72082K(1114112K)
[133.356s][info][gc             ] GC(743) Pause Young (Normal) (G1 Evacuation Pause) 294M->56M(404M) 5.387ms
[133.356s][info][gc,cpu         ] GC(743) User=0.01s Sys=0.00s Real=0.00s
[133.475s][info][gc,start       ] GC(744) Pause Young (Normal) (G1 Evacuation Pause)
[133.475s][info][gc,task        ] GC(744) Using 1 workers of 1 for evacuation
[133.480s][info][gc,phases      ] GC(744)   Pre Evacuate Collection Set: 0.0ms
[133.480s][info][gc,phases      ] GC(744)   Evacuate Collection Set: 4.5ms
[133.480s][info][gc,phases      ] GC(744)   Post Evacuate Collection Set: 0.4ms
[133.480s][info][gc,phases      ] GC(744)   Other: 0.3ms
[133.480s][info][gc,heap        ] GC(744) Eden regions: 238->0(238)
[133.480s][info][gc,heap        ] GC(744) Survivor regions: 4->4(31)
[133.480s][info][gc,heap        ] GC(744) Old regions: 49->49
[133.480s][info][gc,heap        ] GC(744) Humongous regions: 6->6
[133.480s][info][gc,metaspace   ] GC(744) Metaspace: 72082K->72082K(1114112K)
[133.480s][info][gc             ] GC(744) Pause Young (Normal) (G1 Evacuation Pause) 294M->56M(404M) 5.266ms
[133.480s][info][gc,cpu         ] GC(744) User=0.00s Sys=0.00s Real=0.01s
[133.606s][info][gc,start       ] GC(745) Pause Young (Normal) (G1 Evacuation Pause)
[133.606s][info][gc,task        ] GC(745) Using 1 workers of 1 for evacuation
[133.611s][info][gc,phases      ] GC(745)   Pre Evacuate Collection Set: 0.0ms
[133.611s][info][gc,phases      ] GC(745)   Evacuate Collection Set: 4.4ms
[133.611s][info][gc,phases      ] GC(745)   Post Evacuate Collection Set: 0.4ms
[133.611s][info][gc,phases      ] GC(745)   Other: 0.4ms
[133.611s][info][gc,heap        ] GC(745) Eden regions: 238->0(238)
[133.611s][info][gc,heap        ] GC(745) Survivor regions: 4->4(31)
[133.611s][info][gc,heap        ] GC(745) Old regions: 49->49
[133.611s][info][gc,heap        ] GC(745) Humongous regions: 6->6
[133.611s][info][gc,metaspace   ] GC(745) Metaspace: 72082K->72082K(1114112K)
[133.611s][info][gc             ] GC(745) Pause Young (Normal) (G1 Evacuation Pause) 294M->56M(404M) 5.251ms
[133.611s][info][gc,cpu         ] GC(745) User=0.00s Sys=0.00s Real=0.01s
[133.731s][info][gc,start       ] GC(746) Pause Young (Normal) (G1 Evacuation Pause)
[133.731s][info][gc,task        ] GC(746) Using 1 workers of 1 for evacuation
[133.736s][info][gc,phases      ] GC(746)   Pre Evacuate Collection Set: 0.0ms
[133.736s][info][gc,phases      ] GC(746)   Evacuate Collection Set: 4.5ms
[133.736s][info][gc,phases      ] GC(746)   Post Evacuate Collection Set: 0.4ms
[133.736s][info][gc,phases      ] GC(746)   Other: 0.3ms
[133.736s][info][gc,heap        ] GC(746) Eden regions: 238->0(240)
[133.736s][info][gc,heap        ] GC(746) Survivor regions: 4->2(31)
[133.736s][info][gc,heap        ] GC(746) Old regions: 49->52
[133.736s][info][gc,heap        ] GC(746) Humongous regions: 6->6
[133.736s][info][gc,metaspace   ] GC(746) Metaspace: 72082K->72082K(1114112K)
[133.736s][info][gc             ] GC(746) Pause Young (Normal) (G1 Evacuation Pause) 294M->56M(404M) 5.264ms
[133.736s][info][gc,cpu         ] GC(746) User=0.01s Sys=0.00s Real=0.00s
[133.856s][info][gc,start       ] GC(747) Pause Young (Normal) (G1 Evacuation Pause)
[133.857s][info][gc,task        ] GC(747) Using 1 workers of 1 for evacuation
[133.861s][info][gc,phases      ] GC(747)   Pre Evacuate Collection Set: 0.0ms
[133.861s][info][gc,phases      ] GC(747)   Evacuate Collection Set: 3.6ms
[133.861s][info][gc,phases      ] GC(747)   Post Evacuate Collection Set: 0.4ms
[133.861s][info][gc,phases      ] GC(747)   Other: 0.3ms
[133.861s][info][gc,heap        ] GC(747) Eden regions: 240->0(240)
[133.861s][info][gc,heap        ] GC(747) Survivor regions: 2->2(31)
[133.861s][info][gc,heap        ] GC(747) Old regions: 52->52
[133.861s][info][gc,heap        ] GC(747) Humongous regions: 6->6
[133.861s][info][gc,metaspace   ] GC(747) Metaspace: 72082K->72082K(1114112K)
[133.861s][info][gc             ] GC(747) Pause Young (Normal) (G1 Evacuation Pause) 296M->56M(404M) 4.423ms
[133.861s][info][gc,cpu         ] GC(747) User=0.00s Sys=0.00s Real=0.01s
[133.992s][info][gc,start       ] GC(748) Pause Young (Normal) (G1 Evacuation Pause)
[133.992s][info][gc,task        ] GC(748) Using 1 workers of 1 for evacuation
[133.997s][info][gc,phases      ] GC(748)   Pre Evacuate Collection Set: 0.0ms
[133.997s][info][gc,phases      ] GC(748)   Evacuate Collection Set: 3.7ms
[133.997s][info][gc,phases      ] GC(748)   Post Evacuate Collection Set: 0.4ms
[133.997s][info][gc,phases      ] GC(748)   Other: 0.3ms
[133.997s][info][gc,heap        ] GC(748) Eden regions: 240->0(240)
[133.997s][info][gc,heap        ] GC(748) Survivor regions: 2->2(31)
[133.997s][info][gc,heap        ] GC(748) Old regions: 52->52
[133.997s][info][gc,heap        ] GC(748) Humongous regions: 6->6
[133.997s][info][gc,metaspace   ] GC(748) Metaspace: 72082K->72082K(1114112K)
[133.997s][info][gc             ] GC(748) Pause Young (Normal) (G1 Evacuation Pause) 296M->56M(404M) 4.521ms
[133.997s][info][gc,cpu         ] GC(748) User=0.01s Sys=0.00s Real=0.00s
[134.127s][info][gc,start       ] GC(749) Pause Young (Normal) (G1 Evacuation Pause)
[134.128s][info][gc,task        ] GC(749) Using 1 workers of 1 for evacuation
[134.133s][info][gc,phases      ] GC(749)   Pre Evacuate Collection Set: 0.0ms
[134.133s][info][gc,phases      ] GC(749)   Evacuate Collection Set: 4.4ms
[134.133s][info][gc,phases      ] GC(749)   Post Evacuate Collection Set: 0.4ms
[134.133s][info][gc,phases      ] GC(749)   Other: 0.4ms
[134.133s][info][gc,heap        ] GC(749) Eden regions: 240->0(240)
[134.133s][info][gc,heap        ] GC(749) Survivor regions: 2->2(31)
[134.133s][info][gc,heap        ] GC(749) Old regions: 52->52
[134.133s][info][gc,heap        ] GC(749) Humongous regions: 6->6
[134.133s][info][gc,metaspace   ] GC(749) Metaspace: 72082K->72082K(1114112K)
[134.133s][info][gc             ] GC(749) Pause Young (Normal) (G1 Evacuation Pause) 296M->56M(404M) 5.290ms
[134.133s][info][gc,cpu         ] GC(749) User=0.00s Sys=0.00s Real=0.00s
[134.273s][info][gc,start       ] GC(750) Pause Young (Normal) (G1 Evacuation Pause)
[134.273s][info][gc,task        ] GC(750) Using 1 workers of 1 for evacuation
[134.277s][info][gc,phases      ] GC(750)   Pre Evacuate Collection Set: 0.0ms
[134.277s][info][gc,phases      ] GC(750)   Evacuate Collection Set: 3.5ms
[134.277s][info][gc,phases      ] GC(750)   Post Evacuate Collection Set: 0.4ms
[134.277s][info][gc,phases      ] GC(750)   Other: 0.3ms
[134.277s][info][gc,heap        ] GC(750) Eden regions: 240->0(240)
[134.277s][info][gc,heap        ] GC(750) Survivor regions: 2->2(31)
[134.277s][info][gc,heap        ] GC(750) Old regions: 52->52
[134.277s][info][gc,heap        ] GC(750) Humongous regions: 6->6
[134.277s][info][gc,metaspace   ] GC(750) Metaspace: 72082K->72082K(1114112K)
[134.277s][info][gc             ] GC(750) Pause Young (Normal) (G1 Evacuation Pause) 296M->56M(404M) 4.367ms
[134.277s][info][gc,cpu         ] GC(750) User=0.01s Sys=0.00s Real=0.00s
[134.413s][info][gc,start       ] GC(751) Pause Young (Normal) (G1 Evacuation Pause)
[134.413s][info][gc,task        ] GC(751) Using 1 workers of 1 for evacuation
[134.417s][info][gc,phases      ] GC(751)   Pre Evacuate Collection Set: 0.0ms
[134.417s][info][gc,phases      ] GC(751)   Evacuate Collection Set: 3.3ms
[134.417s][info][gc,phases      ] GC(751)   Post Evacuate Collection Set: 0.4ms
[134.417s][info][gc,phases      ] GC(751)   Other: 0.4ms
[134.417s][info][gc,heap        ] GC(751) Eden regions: 240->0(240)
[134.417s][info][gc,heap        ] GC(751) Survivor regions: 2->2(31)
[134.417s][info][gc,heap        ] GC(751) Old regions: 52->52
[134.417s][info][gc,heap        ] GC(751) Humongous regions: 11->6
[134.418s][info][gc,metaspace   ] GC(751) Metaspace: 72098K->72098K(1114112K)
[134.418s][info][gc             ] GC(751) Pause Young (Normal) (G1 Evacuation Pause) 301M->56M(404M) 4.211ms
[134.418s][info][gc,cpu         ] GC(751) User=0.01s Sys=0.00s Real=0.00s
[134.537s][info][gc,start       ] GC(752) Pause Young (Normal) (G1 Evacuation Pause)
[134.538s][info][gc,task        ] GC(752) Using 1 workers of 1 for evacuation
[134.541s][info][gc,phases      ] GC(752)   Pre Evacuate Collection Set: 0.0ms
[134.542s][info][gc,phases      ] GC(752)   Evacuate Collection Set: 3.3ms
[134.542s][info][gc,phases      ] GC(752)   Post Evacuate Collection Set: 0.4ms
[134.542s][info][gc,phases      ] GC(752)   Other: 0.3ms
[134.542s][info][gc,heap        ] GC(752) Eden regions: 240->0(240)
[134.542s][info][gc,heap        ] GC(752) Survivor regions: 2->2(31)
[134.542s][info][gc,heap        ] GC(752) Old regions: 52->52
[134.542s][info][gc,heap        ] GC(752) Humongous regions: 6->6
[134.542s][info][gc,metaspace   ] GC(752) Metaspace: 72098K->72098K(1114112K)
[134.542s][info][gc             ] GC(752) Pause Young (Normal) (G1 Evacuation Pause) 296M->56M(404M) 4.115ms
[134.542s][info][gc,cpu         ] GC(752) User=0.01s Sys=0.00s Real=0.01s
[134.698s][info][gc,start       ] GC(753) Pause Young (Normal) (G1 Evacuation Pause)
[134.698s][info][gc,task        ] GC(753) Using 1 workers of 1 for evacuation
[134.702s][info][gc,phases      ] GC(753)   Pre Evacuate Collection Set: 0.0ms
[134.702s][info][gc,phases      ] GC(753)   Evacuate Collection Set: 3.1ms
[134.702s][info][gc,phases      ] GC(753)   Post Evacuate Collection Set: 0.4ms
[134.702s][info][gc,phases      ] GC(753)   Other: 0.3ms
[134.702s][info][gc,heap        ] GC(753) Eden regions: 240->0(240)
[134.702s][info][gc,heap        ] GC(753) Survivor regions: 2->2(31)
[134.702s][info][gc,heap        ] GC(753) Old regions: 52->52
[134.702s][info][gc,heap        ] GC(753) Humongous regions: 6->6
[134.702s][info][gc,metaspace   ] GC(753) Metaspace: 72098K->72098K(1114112K)
[134.702s][info][gc             ] GC(753) Pause Young (Normal) (G1 Evacuation Pause) 296M->56M(404M) 3.841ms
[134.702s][info][gc,cpu         ] GC(753) User=0.01s Sys=0.00s Real=0.01s
[134.896s][info][gc,start       ] GC(754) Pause Young (Normal) (G1 Evacuation Pause)
[134.897s][info][gc,task        ] GC(754) Using 1 workers of 1 for evacuation
[134.906s][info][gc,phases      ] GC(754)   Pre Evacuate Collection Set: 0.1ms
[134.906s][info][gc,phases      ] GC(754)   Evacuate Collection Set: 8.0ms
[134.906s][info][gc,phases      ] GC(754)   Post Evacuate Collection Set: 0.7ms
[134.906s][info][gc,phases      ] GC(754)   Other: 1.5ms
[134.906s][info][gc,heap        ] GC(754) Eden regions: 240->0(240)
[134.906s][info][gc,heap        ] GC(754) Survivor regions: 2->2(31)
[134.906s][info][gc,heap        ] GC(754) Old regions: 52->52
[134.906s][info][gc,heap        ] GC(754) Humongous regions: 6->6
[134.906s][info][gc,metaspace   ] GC(754) Metaspace: 72098K->72098K(1114112K)
[134.906s][info][gc             ] GC(754) Pause Young (Normal) (G1 Evacuation Pause) 296M->56M(404M) 10.357ms
[134.906s][info][gc,cpu         ] GC(754) User=0.01s Sys=0.00s Real=0.01s
[135.070s][info][gc,start       ] GC(755) Pause Young (Normal) (G1 Evacuation Pause)
[135.070s][info][gc,task        ] GC(755) Using 1 workers of 1 for evacuation
[135.074s][info][gc,phases      ] GC(755)   Pre Evacuate Collection Set: 0.0ms
[135.074s][info][gc,phases      ] GC(755)   Evacuate Collection Set: 3.1ms
[135.074s][info][gc,phases      ] GC(755)   Post Evacuate Collection Set: 0.4ms
[135.074s][info][gc,phases      ] GC(755)   Other: 0.3ms
[135.074s][info][gc,heap        ] GC(755) Eden regions: 240->0(241)
[135.074s][info][gc,heap        ] GC(755) Survivor regions: 2->1(31)
[135.074s][info][gc,heap        ] GC(755) Old regions: 52->52
[135.074s][info][gc,heap        ] GC(755) Humongous regions: 6->6
[135.074s][info][gc,metaspace   ] GC(755) Metaspace: 72098K->72098K(1114112K)
[135.074s][info][gc             ] GC(755) Pause Young (Normal) (G1 Evacuation Pause) 296M->56M(404M) 3.878ms
[135.074s][info][gc,cpu         ] GC(755) User=0.01s Sys=0.00s Real=0.00s
[135.277s][info][gc,start       ] GC(756) Pause Young (Normal) (G1 Evacuation Pause)
[135.277s][info][gc,task        ] GC(756) Using 1 workers of 1 for evacuation
[135.287s][info][gc,phases      ] GC(756)   Pre Evacuate Collection Set: 0.1ms
[135.287s][info][gc,phases      ] GC(756)   Evacuate Collection Set: 8.1ms
[135.287s][info][gc,phases      ] GC(756)   Post Evacuate Collection Set: 0.9ms
[135.287s][info][gc,phases      ] GC(756)   Other: 0.9ms
[135.287s][info][gc,heap        ] GC(756) Eden regions: 241->0(241)
[135.287s][info][gc,heap        ] GC(756) Survivor regions: 1->1(31)
[135.287s][info][gc,heap        ] GC(756) Old regions: 52->53
[135.287s][info][gc,heap        ] GC(756) Humongous regions: 6->6
[135.287s][info][gc,metaspace   ] GC(756) Metaspace: 72098K->72098K(1114112K)
[135.287s][info][gc             ] GC(756) Pause Young (Normal) (G1 Evacuation Pause) 297M->56M(404M) 10.297ms
[135.287s][info][gc,cpu         ] GC(756) User=0.01s Sys=0.00s Real=0.02s
[135.461s][info][gc,start       ] GC(757) Pause Young (Normal) (G1 Evacuation Pause)
[135.462s][info][gc,task        ] GC(757) Using 1 workers of 1 for evacuation
[135.464s][info][gc,phases      ] GC(757)   Pre Evacuate Collection Set: 0.0ms
[135.464s][info][gc,phases      ] GC(757)   Evacuate Collection Set: 2.4ms
[135.465s][info][gc,phases      ] GC(757)   Post Evacuate Collection Set: 0.3ms
[135.465s][info][gc,phases      ] GC(757)   Other: 0.3ms
[135.465s][info][gc,heap        ] GC(757) Eden regions: 241->0(241)
[135.465s][info][gc,heap        ] GC(757) Survivor regions: 1->1(31)
[135.465s][info][gc,heap        ] GC(757) Old regions: 53->53
[135.465s][info][gc,heap        ] GC(757) Humongous regions: 6->6
[135.465s][info][gc,metaspace   ] GC(757) Metaspace: 72098K->72098K(1114112K)
[135.465s][info][gc             ] GC(757) Pause Young (Normal) (G1 Evacuation Pause) 297M->56M(404M) 3.083ms
[135.465s][info][gc,cpu         ] GC(757) User=0.01s Sys=0.00s Real=0.00s
[135.585s][info][gc,start       ] GC(758) Pause Young (Normal) (G1 Evacuation Pause)
[135.585s][info][gc,task        ] GC(758) Using 1 workers of 1 for evacuation
[135.588s][info][gc,phases      ] GC(758)   Pre Evacuate Collection Set: 0.0ms
[135.588s][info][gc,phases      ] GC(758)   Evacuate Collection Set: 2.4ms
[135.588s][info][gc,phases      ] GC(758)   Post Evacuate Collection Set: 0.4ms
[135.588s][info][gc,phases      ] GC(758)   Other: 0.4ms
[135.588s][info][gc,heap        ] GC(758) Eden regions: 241->0(241)
[135.588s][info][gc,heap        ] GC(758) Survivor regions: 1->1(31)
[135.588s][info][gc,heap        ] GC(758) Old regions: 53->53
[135.588s][info][gc,heap        ] GC(758) Humongous regions: 6->6
[135.588s][info][gc,metaspace   ] GC(758) Metaspace: 72098K->72098K(1114112K)
[135.588s][info][gc             ] GC(758) Pause Young (Normal) (G1 Evacuation Pause) 297M->56M(404M) 3.329ms
[135.588s][info][gc,cpu         ] GC(758) User=0.00s Sys=0.00s Real=0.01s
[135.736s][info][gc,start       ] GC(759) Pause Young (Normal) (G1 Evacuation Pause)
[135.736s][info][gc,task        ] GC(759) Using 1 workers of 1 for evacuation
[135.739s][info][gc,phases      ] GC(759)   Pre Evacuate Collection Set: 0.0ms
[135.739s][info][gc,phases      ] GC(759)   Evacuate Collection Set: 2.5ms
[135.739s][info][gc,phases      ] GC(759)   Post Evacuate Collection Set: 0.3ms
[135.739s][info][gc,phases      ] GC(759)   Other: 0.3ms
[135.739s][info][gc,heap        ] GC(759) Eden regions: 241->0(241)
[135.739s][info][gc,heap        ] GC(759) Survivor regions: 1->1(31)
[135.739s][info][gc,heap        ] GC(759) Old regions: 53->53
[135.739s][info][gc,heap        ] GC(759) Humongous regions: 6->6
[135.739s][info][gc,metaspace   ] GC(759) Metaspace: 72098K->72098K(1114112K)
[135.739s][info][gc             ] GC(759) Pause Young (Normal) (G1 Evacuation Pause) 297M->56M(404M) 3.197ms
[135.739s][info][gc,cpu         ] GC(759) User=0.00s Sys=0.00s Real=0.01s
[135.894s][info][gc,start       ] GC(760) Pause Young (Normal) (G1 Evacuation Pause)
[135.894s][info][gc,task        ] GC(760) Using 1 workers of 1 for evacuation
[135.901s][info][gc,phases      ] GC(760)   Pre Evacuate Collection Set: 0.1ms
[135.901s][info][gc,phases      ] GC(760)   Evacuate Collection Set: 6.1ms
[135.901s][info][gc,phases      ] GC(760)   Post Evacuate Collection Set: 0.8ms
[135.901s][info][gc,phases      ] GC(760)   Other: 0.7ms
[135.901s][info][gc,heap        ] GC(760) Eden regions: 241->0(241)
[135.901s][info][gc,heap        ] GC(760) Survivor regions: 1->1(31)
[135.901s][info][gc,heap        ] GC(760) Old regions: 53->53
[135.901s][info][gc,heap        ] GC(760) Humongous regions: 6->6
[135.901s][info][gc,metaspace   ] GC(760) Metaspace: 72098K->72098K(1114112K)
[135.901s][info][gc             ] GC(760) Pause Young (Normal) (G1 Evacuation Pause) 297M->57M(404M) 7.791ms
[135.902s][info][gc,cpu         ] GC(760) User=0.01s Sys=0.00s Real=0.01s
[136.075s][info][gc,start       ] GC(761) Pause Young (Normal) (G1 Evacuation Pause)
[136.076s][info][gc,task        ] GC(761) Using 1 workers of 1 for evacuation
[136.079s][info][gc,phases      ] GC(761)   Pre Evacuate Collection Set: 0.0ms
[136.079s][info][gc,phases      ] GC(761)   Evacuate Collection Set: 2.8ms
[136.079s][info][gc,phases      ] GC(761)   Post Evacuate Collection Set: 0.4ms
[136.079s][info][gc,phases      ] GC(761)   Other: 0.4ms
[136.079s][info][gc,heap        ] GC(761) Eden regions: 241->0(241)
[136.079s][info][gc,heap        ] GC(761) Survivor regions: 1->1(31)
[136.079s][info][gc,heap        ] GC(761) Old regions: 53->53
[136.079s][info][gc,heap        ] GC(761) Humongous regions: 11->6
[136.079s][info][gc,metaspace   ] GC(761) Metaspace: 72099K->72099K(1114112K)
[136.079s][info][gc             ] GC(761) Pause Young (Normal) (G1 Evacuation Pause) 303M->57M(404M) 3.653ms
[136.079s][info][gc,cpu         ] GC(761) User=0.00s Sys=0.00s Real=0.01s
[136.239s][info][gc,start       ] GC(762) Pause Young (Normal) (G1 Evacuation Pause)
[136.239s][info][gc,task        ] GC(762) Using 1 workers of 1 for evacuation
[136.242s][info][gc,phases      ] GC(762)   Pre Evacuate Collection Set: 0.1ms
[136.242s][info][gc,phases      ] GC(762)   Evacuate Collection Set: 2.5ms
[136.242s][info][gc,phases      ] GC(762)   Post Evacuate Collection Set: 0.3ms
[136.242s][info][gc,phases      ] GC(762)   Other: 0.4ms
[136.242s][info][gc,heap        ] GC(762) Eden regions: 241->0(241)
[136.242s][info][gc,heap        ] GC(762) Survivor regions: 1->1(31)
[136.242s][info][gc,heap        ] GC(762) Old regions: 53->53
[136.242s][info][gc,heap        ] GC(762) Humongous regions: 6->6
[136.242s][info][gc,metaspace   ] GC(762) Metaspace: 72099K->72099K(1114112K)
[136.242s][info][gc             ] GC(762) Pause Young (Normal) (G1 Evacuation Pause) 298M->57M(404M) 3.368ms
[136.242s][info][gc,cpu         ] GC(762) User=0.00s Sys=0.00s Real=0.01s
[136.463s][info][gc,start       ] GC(763) Pause Young (Normal) (G1 Evacuation Pause)
[136.463s][info][gc,task        ] GC(763) Using 1 workers of 1 for evacuation
[136.466s][info][gc,phases      ] GC(763)   Pre Evacuate Collection Set: 0.0ms
[136.466s][info][gc,phases      ] GC(763)   Evacuate Collection Set: 2.5ms
[136.466s][info][gc,phases      ] GC(763)   Post Evacuate Collection Set: 0.3ms
[136.466s][info][gc,phases      ] GC(763)   Other: 0.4ms
[136.466s][info][gc,heap        ] GC(763) Eden regions: 241->0(241)
[136.466s][info][gc,heap        ] GC(763) Survivor regions: 1->1(31)
[136.466s][info][gc,heap        ] GC(763) Old regions: 53->53
[136.466s][info][gc,heap        ] GC(763) Humongous regions: 6->6
[136.466s][info][gc,metaspace   ] GC(763) Metaspace: 72099K->72099K(1114112K)
[136.466s][info][gc             ] GC(763) Pause Young (Normal) (G1 Evacuation Pause) 298M->57M(404M) 3.315ms
[136.466s][info][gc,cpu         ] GC(763) User=0.01s Sys=0.00s Real=0.00s
[136.585s][info][gc,start       ] GC(764) Pause Young (Normal) (G1 Evacuation Pause)
[136.585s][info][gc,task        ] GC(764) Using 1 workers of 1 for evacuation
[136.588s][info][gc,phases      ] GC(764)   Pre Evacuate Collection Set: 0.0ms
[136.588s][info][gc,phases      ] GC(764)   Evacuate Collection Set: 2.6ms
[136.588s][info][gc,phases      ] GC(764)   Post Evacuate Collection Set: 0.4ms
[136.588s][info][gc,phases      ] GC(764)   Other: 0.3ms
[136.588s][info][gc,heap        ] GC(764) Eden regions: 241->0(241)
[136.588s][info][gc,heap        ] GC(764) Survivor regions: 1->1(31)
[136.588s][info][gc,heap        ] GC(764) Old regions: 53->53
[136.588s][info][gc,heap        ] GC(764) Humongous regions: 6->6
[136.588s][info][gc,metaspace   ] GC(764) Metaspace: 72099K->72099K(1114112K)
[136.588s][info][gc             ] GC(764) Pause Young (Normal) (G1 Evacuation Pause) 298M->57M(404M) 3.313ms
[136.588s][info][gc,cpu         ] GC(764) User=0.00s Sys=0.00s Real=0.01s
[136.725s][info][gc,start       ] GC(765) Pause Young (Normal) (G1 Evacuation Pause)
[136.725s][info][gc,task        ] GC(765) Using 1 workers of 1 for evacuation
[136.729s][info][gc,phases      ] GC(765)   Pre Evacuate Collection Set: 0.0ms
[136.729s][info][gc,phases      ] GC(765)   Evacuate Collection Set: 2.7ms
[136.729s][info][gc,phases      ] GC(765)   Post Evacuate Collection Set: 0.5ms
[136.729s][info][gc,phases      ] GC(765)   Other: 0.3ms
[136.729s][info][gc,heap        ] GC(765) Eden regions: 241->0(241)
[136.729s][info][gc,heap        ] GC(765) Survivor regions: 1->1(31)
[136.729s][info][gc,heap        ] GC(765) Old regions: 53->53
[136.729s][info][gc,heap        ] GC(765) Humongous regions: 6->6
[136.729s][info][gc,metaspace   ] GC(765) Metaspace: 72099K->72099K(1114112K)
[136.729s][info][gc             ] GC(765) Pause Young (Normal) (G1 Evacuation Pause) 298M->57M(404M) 3.561ms
[136.729s][info][gc,cpu         ] GC(765) User=0.00s Sys=0.00s Real=0.01s
[136.860s][info][gc,start       ] GC(766) Pause Young (Normal) (G1 Evacuation Pause)
[136.860s][info][gc,task        ] GC(766) Using 1 workers of 1 for evacuation
[136.863s][info][gc,phases      ] GC(766)   Pre Evacuate Collection Set: 0.0ms
[136.863s][info][gc,phases      ] GC(766)   Evacuate Collection Set: 2.7ms
[136.863s][info][gc,phases      ] GC(766)   Post Evacuate Collection Set: 0.4ms
[136.863s][info][gc,phases      ] GC(766)   Other: 0.4ms
[136.863s][info][gc,heap        ] GC(766) Eden regions: 241->0(241)
[136.863s][info][gc,heap        ] GC(766) Survivor regions: 1->1(31)
[136.863s][info][gc,heap        ] GC(766) Old regions: 53->53
[136.863s][info][gc,heap        ] GC(766) Humongous regions: 6->6
[136.863s][info][gc,metaspace   ] GC(766) Metaspace: 72099K->72099K(1114112K)
[136.863s][info][gc             ] GC(766) Pause Young (Normal) (G1 Evacuation Pause) 298M->57M(404M) 3.467ms
[136.863s][info][gc,cpu         ] GC(766) User=0.01s Sys=0.00s Real=0.00s
[136.984s][info][gc,start       ] GC(767) Pause Young (Normal) (G1 Evacuation Pause)
[136.984s][info][gc,task        ] GC(767) Using 1 workers of 1 for evacuation
[136.988s][info][gc,phases      ] GC(767)   Pre Evacuate Collection Set: 0.0ms
[136.988s][info][gc,phases      ] GC(767)   Evacuate Collection Set: 3.1ms
[136.988s][info][gc,phases      ] GC(767)   Post Evacuate Collection Set: 0.4ms
[136.988s][info][gc,phases      ] GC(767)   Other: 0.4ms
[136.988s][info][gc,heap        ] GC(767) Eden regions: 241->0(241)
[136.988s][info][gc,heap        ] GC(767) Survivor regions: 1->1(31)
[136.988s][info][gc,heap        ] GC(767) Old regions: 53->53
[136.988s][info][gc,heap        ] GC(767) Humongous regions: 6->6
[136.988s][info][gc,metaspace   ] GC(767) Metaspace: 72099K->72099K(1114112K)
[136.988s][info][gc             ] GC(767) Pause Young (Normal) (G1 Evacuation Pause) 298M->57M(404M) 3.926ms
[136.988s][info][gc,cpu         ] GC(767) User=0.00s Sys=0.00s Real=0.01s
[137.113s][info][gc,start       ] GC(768) Pause Young (Normal) (G1 Evacuation Pause)
[137.113s][info][gc,task        ] GC(768) Using 1 workers of 1 for evacuation
[137.116s][info][gc,phases      ] GC(768)   Pre Evacuate Collection Set: 0.0ms
[137.116s][info][gc,phases      ] GC(768)   Evacuate Collection Set: 2.4ms
[137.116s][info][gc,phases      ] GC(768)   Post Evacuate Collection Set: 0.3ms
[137.116s][info][gc,phases      ] GC(768)   Other: 0.3ms
[137.116s][info][gc,heap        ] GC(768) Eden regions: 241->0(241)
[137.116s][info][gc,heap        ] GC(768) Survivor regions: 1->1(31)
[137.116s][info][gc,heap        ] GC(768) Old regions: 53->53
[137.116s][info][gc,heap        ] GC(768) Humongous regions: 6->6
[137.116s][info][gc,metaspace   ] GC(768) Metaspace: 72099K->72099K(1114112K)
[137.116s][info][gc             ] GC(768) Pause Young (Normal) (G1 Evacuation Pause) 298M->57M(404M) 3.119ms
[137.116s][info][gc,cpu         ] GC(768) User=0.00s Sys=0.00s Real=0.00s
[137.236s][info][gc,start       ] GC(769) Pause Young (Normal) (G1 Evacuation Pause)
[137.236s][info][gc,task        ] GC(769) Using 1 workers of 1 for evacuation
[137.239s][info][gc,phases      ] GC(769)   Pre Evacuate Collection Set: 0.0ms
[137.239s][info][gc,phases      ] GC(769)   Evacuate Collection Set: 2.5ms
[137.239s][info][gc,phases      ] GC(769)   Post Evacuate Collection Set: 0.3ms
[137.239s][info][gc,phases      ] GC(769)   Other: 0.3ms
[137.239s][info][gc,heap        ] GC(769) Eden regions: 241->0(241)
[137.239s][info][gc,heap        ] GC(769) Survivor regions: 1->1(31)
[137.239s][info][gc,heap        ] GC(769) Old regions: 53->53
[137.239s][info][gc,heap        ] GC(769) Humongous regions: 6->6
[137.239s][info][gc,metaspace   ] GC(769) Metaspace: 72099K->72099K(1114112K)
[137.239s][info][gc             ] GC(769) Pause Young (Normal) (G1 Evacuation Pause) 298M->57M(404M) 3.206ms
[137.239s][info][gc,cpu         ] GC(769) User=0.00s Sys=0.00s Real=0.01s
[137.376s][info][gc,start       ] GC(770) Pause Young (Normal) (G1 Evacuation Pause)
[137.376s][info][gc,task        ] GC(770) Using 1 workers of 1 for evacuation
[137.379s][info][gc,phases      ] GC(770)   Pre Evacuate Collection Set: 0.0ms
[137.379s][info][gc,phases      ] GC(770)   Evacuate Collection Set: 2.4ms
[137.379s][info][gc,phases      ] GC(770)   Post Evacuate Collection Set: 0.4ms
[137.379s][info][gc,phases      ] GC(770)   Other: 0.4ms
[137.379s][info][gc,heap        ] GC(770) Eden regions: 241->0(241)
[137.379s][info][gc,heap        ] GC(770) Survivor regions: 1->1(31)
[137.379s][info][gc,heap        ] GC(770) Old regions: 53->53
[137.379s][info][gc,heap        ] GC(770) Humongous regions: 11->6
[137.379s][info][gc,metaspace   ] GC(770) Metaspace: 72102K->72102K(1114112K)
[137.379s][info][gc             ] GC(770) Pause Young (Normal) (G1 Evacuation Pause) 303M->56M(404M) 3.271ms
[137.379s][info][gc,cpu         ] GC(770) User=0.00s Sys=0.00s Real=0.01s
[137.501s][info][gc,start       ] GC(771) Pause Young (Normal) (G1 Evacuation Pause)
[137.501s][info][gc,task        ] GC(771) Using 1 workers of 1 for evacuation
[137.504s][info][gc,phases      ] GC(771)   Pre Evacuate Collection Set: 0.0ms
[137.504s][info][gc,phases      ] GC(771)   Evacuate Collection Set: 2.4ms
[137.504s][info][gc,phases      ] GC(771)   Post Evacuate Collection Set: 0.3ms
[137.504s][info][gc,phases      ] GC(771)   Other: 0.3ms
[137.504s][info][gc,heap        ] GC(771) Eden regions: 241->0(241)
[137.504s][info][gc,heap        ] GC(771) Survivor regions: 1->1(31)
[137.504s][info][gc,heap        ] GC(771) Old regions: 53->53
[137.504s][info][gc,heap        ] GC(771) Humongous regions: 6->6
[137.504s][info][gc,metaspace   ] GC(771) Metaspace: 72102K->72102K(1114112K)
[137.504s][info][gc             ] GC(771) Pause Young (Normal) (G1 Evacuation Pause) 297M->56M(404M) 3.133ms
[137.504s][info][gc,cpu         ] GC(771) User=0.01s Sys=0.00s Real=0.00s
[137.627s][info][gc,start       ] GC(772) Pause Young (Normal) (G1 Evacuation Pause)
[137.627s][info][gc,task        ] GC(772) Using 1 workers of 1 for evacuation
[137.630s][info][gc,phases      ] GC(772)   Pre Evacuate Collection Set: 0.0ms
[137.630s][info][gc,phases      ] GC(772)   Evacuate Collection Set: 2.5ms
[137.630s][info][gc,phases      ] GC(772)   Post Evacuate Collection Set: 0.3ms
[137.630s][info][gc,phases      ] GC(772)   Other: 0.4ms
[137.630s][info][gc,heap        ] GC(772) Eden regions: 241->0(241)
[137.630s][info][gc,heap        ] GC(772) Survivor regions: 1->1(31)
[137.630s][info][gc,heap        ] GC(772) Old regions: 53->53
[137.630s][info][gc,heap        ] GC(772) Humongous regions: 6->6
[137.630s][info][gc,metaspace   ] GC(772) Metaspace: 72102K->72102K(1114112K)
[137.630s][info][gc             ] GC(772) Pause Young (Normal) (G1 Evacuation Pause) 297M->56M(404M) 3.259ms
[137.630s][info][gc,cpu         ] GC(772) User=0.00s Sys=0.00s Real=0.00s
[137.768s][info][gc,start       ] GC(773) Pause Young (Normal) (G1 Evacuation Pause)
[137.768s][info][gc,task        ] GC(773) Using 1 workers of 1 for evacuation
[137.774s][info][gc,phases      ] GC(773)   Pre Evacuate Collection Set: 0.0ms
[137.774s][info][gc,phases      ] GC(773)   Evacuate Collection Set: 4.8ms
[137.774s][info][gc,phases      ] GC(773)   Post Evacuate Collection Set: 0.7ms
[137.774s][info][gc,phases      ] GC(773)   Other: 0.6ms
[137.774s][info][gc,heap        ] GC(773) Eden regions: 241->0(241)
[137.774s][info][gc,heap        ] GC(773) Survivor regions: 1->1(31)
[137.774s][info][gc,heap        ] GC(773) Old regions: 53->53
[137.774s][info][gc,heap        ] GC(773) Humongous regions: 6->6
[137.774s][info][gc,metaspace   ] GC(773) Metaspace: 72102K->72102K(1114112K)
[137.774s][info][gc             ] GC(773) Pause Young (Normal) (G1 Evacuation Pause) 297M->56M(404M) 6.119ms
[137.774s][info][gc,cpu         ] GC(773) User=0.01s Sys=0.00s Real=0.00s
[137.906s][info][gc,start       ] GC(774) Pause Young (Normal) (G1 Evacuation Pause)
[137.906s][info][gc,task        ] GC(774) Using 1 workers of 1 for evacuation
[137.909s][info][gc,phases      ] GC(774)   Pre Evacuate Collection Set: 0.0ms
[137.909s][info][gc,phases      ] GC(774)   Evacuate Collection Set: 2.5ms
[137.909s][info][gc,phases      ] GC(774)   Post Evacuate Collection Set: 0.3ms
[137.909s][info][gc,phases      ] GC(774)   Other: 0.3ms
[137.909s][info][gc,heap        ] GC(774) Eden regions: 241->0(241)
[137.909s][info][gc,heap        ] GC(774) Survivor regions: 1->1(31)
[137.909s][info][gc,heap        ] GC(774) Old regions: 53->53
[137.909s][info][gc,heap        ] GC(774) Humongous regions: 6->6
[137.909s][info][gc,metaspace   ] GC(774) Metaspace: 72102K->72102K(1114112K)
[137.909s][info][gc             ] GC(774) Pause Young (Normal) (G1 Evacuation Pause) 297M->56M(404M) 3.194ms
[137.909s][info][gc,cpu         ] GC(774) User=0.00s Sys=0.00s Real=0.01s
[138.027s][info][gc,start       ] GC(775) Pause Young (Normal) (G1 Evacuation Pause)
[138.027s][info][gc,task        ] GC(775) Using 1 workers of 1 for evacuation
[138.030s][info][gc,phases      ] GC(775)   Pre Evacuate Collection Set: 0.0ms
[138.030s][info][gc,phases      ] GC(775)   Evacuate Collection Set: 2.6ms
[138.030s][info][gc,phases      ] GC(775)   Post Evacuate Collection Set: 0.4ms
[138.030s][info][gc,phases      ] GC(775)   Other: 0.3ms
[138.030s][info][gc,heap        ] GC(775) Eden regions: 241->0(241)
[138.030s][info][gc,heap        ] GC(775) Survivor regions: 1->1(31)
[138.030s][info][gc,heap        ] GC(775) Old regions: 53->53
[138.030s][info][gc,heap        ] GC(775) Humongous regions: 6->6
[138.030s][info][gc,metaspace   ] GC(775) Metaspace: 72102K->72102K(1114112K)
[138.030s][info][gc             ] GC(775) Pause Young (Normal) (G1 Evacuation Pause) 297M->56M(404M) 3.336ms
[138.030s][info][gc,cpu         ] GC(775) User=0.00s Sys=0.00s Real=0.00s
[138.148s][info][gc,start       ] GC(776) Pause Young (Normal) (G1 Evacuation Pause)
[138.148s][info][gc,task        ] GC(776) Using 1 workers of 1 for evacuation
[138.151s][info][gc,phases      ] GC(776)   Pre Evacuate Collection Set: 0.0ms
[138.152s][info][gc,phases      ] GC(776)   Evacuate Collection Set: 2.6ms
[138.152s][info][gc,phases      ] GC(776)   Post Evacuate Collection Set: 0.4ms
[138.152s][info][gc,phases      ] GC(776)   Other: 0.3ms
[138.152s][info][gc,heap        ] GC(776) Eden regions: 241->0(241)
[138.152s][info][gc,heap        ] GC(776) Survivor regions: 1->1(31)
[138.152s][info][gc,heap        ] GC(776) Old regions: 53->53
[138.152s][info][gc,heap        ] GC(776) Humongous regions: 6->6
[138.152s][info][gc,metaspace   ] GC(776) Metaspace: 72102K->72102K(1114112K)
[138.152s][info][gc             ] GC(776) Pause Young (Normal) (G1 Evacuation Pause) 297M->56M(404M) 3.308ms
[138.152s][info][gc,cpu         ] GC(776) User=0.00s Sys=0.00s Real=0.00s
[138.311s][info][gc,start       ] GC(777) Pause Young (Normal) (G1 Evacuation Pause)
[138.311s][info][gc,task        ] GC(777) Using 1 workers of 1 for evacuation
[138.318s][info][gc,phases      ] GC(777)   Pre Evacuate Collection Set: 0.1ms
[138.318s][info][gc,phases      ] GC(777)   Evacuate Collection Set: 6.0ms
[138.318s][info][gc,phases      ] GC(777)   Post Evacuate Collection Set: 0.9ms
[138.318s][info][gc,phases      ] GC(777)   Other: 0.6ms
[138.318s][info][gc,heap        ] GC(777) Eden regions: 241->0(241)
[138.318s][info][gc,heap        ] GC(777) Survivor regions: 1->1(31)
[138.318s][info][gc,heap        ] GC(777) Old regions: 53->53
[138.318s][info][gc,heap        ] GC(777) Humongous regions: 6->6
[138.318s][info][gc,metaspace   ] GC(777) Metaspace: 72102K->72102K(1114112K)
[138.318s][info][gc             ] GC(777) Pause Young (Normal) (G1 Evacuation Pause) 297M->56M(404M) 7.773ms
[138.318s][info][gc,cpu         ] GC(777) User=0.01s Sys=0.00s Real=0.01s
[138.602s][info][gc,start       ] GC(778) Pause Young (Normal) (G1 Evacuation Pause)
[138.602s][info][gc,task        ] GC(778) Using 1 workers of 1 for evacuation
[138.611s][info][gc,phases      ] GC(778)   Pre Evacuate Collection Set: 0.1ms
[138.613s][info][gc,phases      ] GC(778)   Evacuate Collection Set: 7.6ms
[138.613s][info][gc,phases      ] GC(778)   Post Evacuate Collection Set: 1.1ms
[138.613s][info][gc,phases      ] GC(778)   Other: 0.7ms
[138.613s][info][gc,heap        ] GC(778) Eden regions: 241->0(241)
[138.613s][info][gc,heap        ] GC(778) Survivor regions: 1->1(31)
[138.613s][info][gc,heap        ] GC(778) Old regions: 53->53
[138.613s][info][gc,heap        ] GC(778) Humongous regions: 6->6
[138.613s][info][gc,metaspace   ] GC(778) Metaspace: 72102K->72102K(1114112K)
[138.613s][info][gc             ] GC(778) Pause Young (Normal) (G1 Evacuation Pause) 297M->57M(404M) 11.209ms
[138.613s][info][gc,cpu         ] GC(778) User=0.01s Sys=0.00s Real=0.01s
[138.760s][info][gc,start       ] GC(779) Pause Young (Normal) (G1 Evacuation Pause)
[138.760s][info][gc,task        ] GC(779) Using 1 workers of 1 for evacuation
[138.766s][info][gc,phases      ] GC(779)   Pre Evacuate Collection Set: 0.0ms
[138.766s][info][gc,phases      ] GC(779)   Evacuate Collection Set: 5.4ms
[138.766s][info][gc,phases      ] GC(779)   Post Evacuate Collection Set: 0.6ms
[138.766s][info][gc,phases      ] GC(779)   Other: 0.5ms
[138.766s][info][gc,heap        ] GC(779) Eden regions: 241->0(241)
[138.766s][info][gc,heap        ] GC(779) Survivor regions: 1->1(31)
[138.766s][info][gc,heap        ] GC(779) Old regions: 53->53
[138.766s][info][gc,heap        ] GC(779) Humongous regions: 6->6
[138.766s][info][gc,metaspace   ] GC(779) Metaspace: 72102K->72102K(1114112K)
[138.767s][info][gc             ] GC(779) Pause Young (Normal) (G1 Evacuation Pause) 298M->57M(404M) 6.633ms
[138.767s][info][gc,cpu         ] GC(779) User=0.00s Sys=0.01s Real=0.01s
[138.978s][info][gc,start       ] GC(780) Pause Young (Normal) (G1 Evacuation Pause)
[138.978s][info][gc,task        ] GC(780) Using 1 workers of 1 for evacuation
[138.981s][info][gc,phases      ] GC(780)   Pre Evacuate Collection Set: 0.0ms
[138.981s][info][gc,phases      ] GC(780)   Evacuate Collection Set: 2.7ms
[138.981s][info][gc,phases      ] GC(780)   Post Evacuate Collection Set: 0.4ms
[138.981s][info][gc,phases      ] GC(780)   Other: 0.4ms
[138.981s][info][gc,heap        ] GC(780) Eden regions: 241->0(241)
[138.981s][info][gc,heap        ] GC(780) Survivor regions: 1->1(31)
[138.981s][info][gc,heap        ] GC(780) Old regions: 53->53
[138.981s][info][gc,heap        ] GC(780) Humongous regions: 11->6
[138.981s][info][gc,metaspace   ] GC(780) Metaspace: 72105K->72105K(1114112K)
[138.981s][info][gc             ] GC(780) Pause Young (Normal) (G1 Evacuation Pause) 303M->57M(404M) 3.538ms
[138.981s][info][gc,cpu         ] GC(780) User=0.01s Sys=0.00s Real=0.01s
[139.118s][info][gc,start       ] GC(781) Pause Young (Normal) (G1 Evacuation Pause)
[139.118s][info][gc,task        ] GC(781) Using 1 workers of 1 for evacuation
[139.125s][info][gc,phases      ] GC(781)   Pre Evacuate Collection Set: 0.1ms
[139.126s][info][gc,phases      ] GC(781)   Evacuate Collection Set: 6.5ms
[139.126s][info][gc,phases      ] GC(781)   Post Evacuate Collection Set: 0.8ms
[139.126s][info][gc,phases      ] GC(781)   Other: 0.6ms
[139.126s][info][gc,heap        ] GC(781) Eden regions: 241->0(241)
[139.126s][info][gc,heap        ] GC(781) Survivor regions: 1->1(31)
[139.126s][info][gc,heap        ] GC(781) Old regions: 53->53
[139.126s][info][gc,heap        ] GC(781) Humongous regions: 6->6
[139.126s][info][gc,metaspace   ] GC(781) Metaspace: 72105K->72105K(1114112K)
[139.126s][info][gc             ] GC(781) Pause Young (Normal) (G1 Evacuation Pause) 298M->57M(404M) 8.072ms
[139.126s][info][gc,cpu         ] GC(781) User=0.01s Sys=0.00s Real=0.01s
[139.319s][info][gc,start       ] GC(782) Pause Young (Normal) (G1 Evacuation Pause)
[139.319s][info][gc,task        ] GC(782) Using 1 workers of 1 for evacuation
[139.322s][info][gc,phases      ] GC(782)   Pre Evacuate Collection Set: 0.0ms
[139.322s][info][gc,phases      ] GC(782)   Evacuate Collection Set: 2.6ms
[139.322s][info][gc,phases      ] GC(782)   Post Evacuate Collection Set: 0.3ms
[139.322s][info][gc,phases      ] GC(782)   Other: 0.4ms
[139.322s][info][gc,heap        ] GC(782) Eden regions: 241->0(241)
[139.322s][info][gc,heap        ] GC(782) Survivor regions: 1->1(31)
[139.322s][info][gc,heap        ] GC(782) Old regions: 53->53
[139.322s][info][gc,heap        ] GC(782) Humongous regions: 6->6
[139.322s][info][gc,metaspace   ] GC(782) Metaspace: 72105K->72105K(1114112K)
[139.322s][info][gc             ] GC(782) Pause Young (Normal) (G1 Evacuation Pause) 298M->57M(404M) 3.366ms
[139.322s][info][gc,cpu         ] GC(782) User=0.01s Sys=0.00s Real=0.00s
[139.467s][info][gc,start       ] GC(783) Pause Young (Normal) (G1 Evacuation Pause)
[139.467s][info][gc,task        ] GC(783) Using 1 workers of 1 for evacuation
[139.470s][info][gc,phases      ] GC(783)   Pre Evacuate Collection Set: 0.0ms
[139.471s][info][gc,phases      ] GC(783)   Evacuate Collection Set: 2.5ms
[139.471s][info][gc,phases      ] GC(783)   Post Evacuate Collection Set: 0.4ms
[139.471s][info][gc,phases      ] GC(783)   Other: 0.3ms
[139.471s][info][gc,heap        ] GC(783) Eden regions: 241->0(241)
[139.471s][info][gc,heap        ] GC(783) Survivor regions: 1->1(31)
[139.471s][info][gc,heap        ] GC(783) Old regions: 53->53
[139.471s][info][gc,heap        ] GC(783) Humongous regions: 6->6
[139.471s][info][gc,metaspace   ] GC(783) Metaspace: 72105K->72105K(1114112K)
[139.471s][info][gc             ] GC(783) Pause Young (Normal) (G1 Evacuation Pause) 298M->57M(404M) 3.262ms
[139.471s][info][gc,cpu         ] GC(783) User=0.00s Sys=0.00s Real=0.00s
[139.593s][info][gc,start       ] GC(784) Pause Young (Normal) (G1 Evacuation Pause)
[139.593s][info][gc,task        ] GC(784) Using 1 workers of 1 for evacuation
[139.596s][info][gc,phases      ] GC(784)   Pre Evacuate Collection Set: 0.0ms
[139.596s][info][gc,phases      ] GC(784)   Evacuate Collection Set: 2.6ms
[139.596s][info][gc,phases      ] GC(784)   Post Evacuate Collection Set: 0.3ms
[139.596s][info][gc,phases      ] GC(784)   Other: 0.3ms
[139.596s][info][gc,heap        ] GC(784) Eden regions: 241->0(241)
[139.596s][info][gc,heap        ] GC(784) Survivor regions: 1->1(31)
[139.596s][info][gc,heap        ] GC(784) Old regions: 53->53
[139.596s][info][gc,heap        ] GC(784) Humongous regions: 6->6
[139.596s][info][gc,metaspace   ] GC(784) Metaspace: 72105K->72105K(1114112K)
[139.596s][info][gc             ] GC(784) Pause Young (Normal) (G1 Evacuation Pause) 298M->57M(404M) 3.280ms
[139.596s][info][gc,cpu         ] GC(784) User=0.00s Sys=0.00s Real=0.00s
[139.714s][info][gc,start       ] GC(785) Pause Young (Normal) (G1 Evacuation Pause)
[139.714s][info][gc,task        ] GC(785) Using 1 workers of 1 for evacuation
[139.717s][info][gc,phases      ] GC(785)   Pre Evacuate Collection Set: 0.0ms
[139.717s][info][gc,phases      ] GC(785)   Evacuate Collection Set: 2.7ms
[139.717s][info][gc,phases      ] GC(785)   Post Evacuate Collection Set: 0.4ms
[139.717s][info][gc,phases      ] GC(785)   Other: 0.3ms
[139.717s][info][gc,heap        ] GC(785) Eden regions: 241->0(241)
[139.717s][info][gc,heap        ] GC(785) Survivor regions: 1->1(31)
[139.717s][info][gc,heap        ] GC(785) Old regions: 53->53
[139.717s][info][gc,heap        ] GC(785) Humongous regions: 6->6
[139.717s][info][gc,metaspace   ] GC(785) Metaspace: 72105K->72105K(1114112K)
[139.718s][info][gc             ] GC(785) Pause Young (Normal) (G1 Evacuation Pause) 298M->57M(404M) 3.421ms
[139.718s][info][gc,cpu         ] GC(785) User=0.01s Sys=0.00s Real=0.00s
[139.859s][info][gc,start       ] GC(786) Pause Young (Normal) (G1 Evacuation Pause)
[139.860s][info][gc,task        ] GC(786) Using 1 workers of 1 for evacuation
[139.866s][info][gc,phases      ] GC(786)   Pre Evacuate Collection Set: 0.0ms
[139.866s][info][gc,phases      ] GC(786)   Evacuate Collection Set: 5.0ms
[139.866s][info][gc,phases      ] GC(786)   Post Evacuate Collection Set: 0.6ms
[139.866s][info][gc,phases      ] GC(786)   Other: 0.6ms
[139.866s][info][gc,heap        ] GC(786) Eden regions: 241->0(241)
[139.866s][info][gc,heap        ] GC(786) Survivor regions: 1->1(31)
[139.866s][info][gc,heap        ] GC(786) Old regions: 53->53
[139.866s][info][gc,heap        ] GC(786) Humongous regions: 6->6
[139.866s][info][gc,metaspace   ] GC(786) Metaspace: 72105K->72105K(1114112K)
[139.866s][info][gc             ] GC(786) Pause Young (Normal) (G1 Evacuation Pause) 298M->57M(404M) 6.609ms
[139.866s][info][gc,cpu         ] GC(786) User=0.00s Sys=0.00s Real=0.00s
[140.020s][info][gc,start       ] GC(787) Pause Young (Normal) (G1 Evacuation Pause)
[140.021s][info][gc,task        ] GC(787) Using 1 workers of 1 for evacuation
[140.024s][info][gc,phases      ] GC(787)   Pre Evacuate Collection Set: 0.0ms
[140.024s][info][gc,phases      ] GC(787)   Evacuate Collection Set: 2.5ms
[140.024s][info][gc,phases      ] GC(787)   Post Evacuate Collection Set: 0.3ms
[140.024s][info][gc,phases      ] GC(787)   Other: 0.6ms
[140.024s][info][gc,heap        ] GC(787) Eden regions: 241->0(241)
[140.024s][info][gc,heap        ] GC(787) Survivor regions: 1->1(31)
[140.024s][info][gc,heap        ] GC(787) Old regions: 53->53
[140.024s][info][gc,heap        ] GC(787) Humongous regions: 6->6
[140.024s][info][gc,metaspace   ] GC(787) Metaspace: 72105K->72105K(1114112K)
[140.024s][info][gc             ] GC(787) Pause Young (Normal) (G1 Evacuation Pause) 298M->57M(404M) 3.540ms
[140.024s][info][gc,cpu         ] GC(787) User=0.00s Sys=0.00s Real=0.00s
[140.158s][info][gc,start       ] GC(788) Pause Young (Normal) (G1 Evacuation Pause)
[140.158s][info][gc,task        ] GC(788) Using 1 workers of 1 for evacuation
[140.164s][info][gc,phases      ] GC(788)   Pre Evacuate Collection Set: 0.1ms
[140.164s][info][gc,phases      ] GC(788)   Evacuate Collection Set: 4.9ms
[140.164s][info][gc,phases      ] GC(788)   Post Evacuate Collection Set: 0.6ms
[140.165s][info][gc,phases      ] GC(788)   Other: 0.6ms
[140.165s][info][gc,heap        ] GC(788) Eden regions: 241->0(241)
[140.165s][info][gc,heap        ] GC(788) Survivor regions: 1->1(31)
[140.165s][info][gc,heap        ] GC(788) Old regions: 53->53
[140.165s][info][gc,heap        ] GC(788) Humongous regions: 6->6
[140.165s][info][gc,metaspace   ] GC(788) Metaspace: 72105K->72105K(1114112K)
[140.165s][info][gc             ] GC(788) Pause Young (Normal) (G1 Evacuation Pause) 298M->57M(404M) 6.373ms
[140.165s][info][gc,cpu         ] GC(788) User=0.00s Sys=0.00s Real=0.01s
[140.315s][info][gc,start       ] GC(789) Pause Young (Normal) (G1 Evacuation Pause)
[140.316s][info][gc,task        ] GC(789) Using 1 workers of 1 for evacuation
[140.319s][info][gc,phases      ] GC(789)   Pre Evacuate Collection Set: 0.0ms
[140.319s][info][gc,phases      ] GC(789)   Evacuate Collection Set: 2.5ms
[140.319s][info][gc,phases      ] GC(789)   Post Evacuate Collection Set: 0.3ms
[140.319s][info][gc,phases      ] GC(789)   Other: 0.3ms
[140.319s][info][gc,heap        ] GC(789) Eden regions: 241->0(241)
[140.319s][info][gc,heap        ] GC(789) Survivor regions: 1->1(31)
[140.319s][info][gc,heap        ] GC(789) Old regions: 53->53
[140.319s][info][gc,heap        ] GC(789) Humongous regions: 11->6
[140.319s][info][gc,metaspace   ] GC(789) Metaspace: 72108K->72108K(1114112K)
[140.319s][info][gc             ] GC(789) Pause Young (Normal) (G1 Evacuation Pause) 303M->56M(404M) 3.204ms
[140.319s][info][gc,cpu         ] GC(789) User=0.01s Sys=0.00s Real=0.01s
[140.440s][info][gc,start       ] GC(790) Pause Young (Normal) (G1 Evacuation Pause)
[140.440s][info][gc,task        ] GC(790) Using 1 workers of 1 for evacuation
[140.443s][info][gc,phases      ] GC(790)   Pre Evacuate Collection Set: 0.0ms
[140.443s][info][gc,phases      ] GC(790)   Evacuate Collection Set: 2.4ms
[140.443s][info][gc,phases      ] GC(790)   Post Evacuate Collection Set: 0.4ms
[140.443s][info][gc,phases      ] GC(790)   Other: 0.4ms
[140.443s][info][gc,heap        ] GC(790) Eden regions: 241->0(241)
[140.443s][info][gc,heap        ] GC(790) Survivor regions: 1->1(31)
[140.443s][info][gc,heap        ] GC(790) Old regions: 53->53
[140.443s][info][gc,heap        ] GC(790) Humongous regions: 6->6
[140.443s][info][gc,metaspace   ] GC(790) Metaspace: 72108K->72108K(1114112K)
[140.443s][info][gc             ] GC(790) Pause Young (Normal) (G1 Evacuation Pause) 297M->56M(404M) 3.222ms
[140.443s][info][gc,cpu         ] GC(790) User=0.01s Sys=0.00s Real=0.00s
[140.577s][info][gc,start       ] GC(791) Pause Young (Normal) (G1 Evacuation Pause)
[140.577s][info][gc,task        ] GC(791) Using 1 workers of 1 for evacuation
[140.580s][info][gc,phases      ] GC(791)   Pre Evacuate Collection Set: 0.0ms
[140.580s][info][gc,phases      ] GC(791)   Evacuate Collection Set: 2.3ms
[140.580s][info][gc,phases      ] GC(791)   Post Evacuate Collection Set: 0.3ms
[140.580s][info][gc,phases      ] GC(791)   Other: 0.3ms
[140.580s][info][gc,heap        ] GC(791) Eden regions: 241->0(241)
[140.580s][info][gc,heap        ] GC(791) Survivor regions: 1->1(31)
[140.580s][info][gc,heap        ] GC(791) Old regions: 53->53
[140.580s][info][gc,heap        ] GC(791) Humongous regions: 6->6
[140.580s][info][gc,metaspace   ] GC(791) Metaspace: 72108K->72108K(1114112K)
[140.580s][info][gc             ] GC(791) Pause Young (Normal) (G1 Evacuation Pause) 297M->56M(404M) 3.050ms
[140.580s][info][gc,cpu         ] GC(791) User=0.00s Sys=0.00s Real=0.01s
[140.717s][info][gc,start       ] GC(792) Pause Young (Normal) (G1 Evacuation Pause)
[140.717s][info][gc,task        ] GC(792) Using 1 workers of 1 for evacuation
[140.720s][info][gc,phases      ] GC(792)   Pre Evacuate Collection Set: 0.0ms
[140.720s][info][gc,phases      ] GC(792)   Evacuate Collection Set: 2.4ms
[140.720s][info][gc,phases      ] GC(792)   Post Evacuate Collection Set: 0.3ms
[140.720s][info][gc,phases      ] GC(792)   Other: 0.3ms
[140.720s][info][gc,heap        ] GC(792) Eden regions: 241->0(241)
[140.720s][info][gc,heap        ] GC(792) Survivor regions: 1->1(31)
[140.720s][info][gc,heap        ] GC(792) Old regions: 53->53
[140.720s][info][gc,heap        ] GC(792) Humongous regions: 6->6
[140.720s][info][gc,metaspace   ] GC(792) Metaspace: 72108K->72108K(1114112K)
[140.720s][info][gc             ] GC(792) Pause Young (Normal) (G1 Evacuation Pause) 297M->56M(404M) 3.026ms
[140.720s][info][gc,cpu         ] GC(792) User=0.00s Sys=0.00s Real=0.01s
[140.848s][info][gc,start       ] GC(793) Pause Young (Normal) (G1 Evacuation Pause)
[140.848s][info][gc,task        ] GC(793) Using 1 workers of 1 for evacuation
[140.851s][info][gc,phases      ] GC(793)   Pre Evacuate Collection Set: 0.0ms
[140.851s][info][gc,phases      ] GC(793)   Evacuate Collection Set: 2.4ms
[140.851s][info][gc,phases      ] GC(793)   Post Evacuate Collection Set: 0.4ms
[140.851s][info][gc,phases      ] GC(793)   Other: 0.4ms
[140.852s][info][gc,heap        ] GC(793) Eden regions: 241->0(241)
[140.852s][info][gc,heap        ] GC(793) Survivor regions: 1->1(31)
[140.852s][info][gc,heap        ] GC(793) Old regions: 53->53
[140.852s][info][gc,heap        ] GC(793) Humongous regions: 6->6
[140.852s][info][gc,metaspace   ] GC(793) Metaspace: 72108K->72108K(1114112K)
[140.852s][info][gc             ] GC(793) Pause Young (Normal) (G1 Evacuation Pause) 297M->56M(404M) 3.289ms
[140.852s][info][gc,cpu         ] GC(793) User=0.00s Sys=0.00s Real=0.00s
[140.980s][info][gc,start       ] GC(794) Pause Young (Normal) (G1 Evacuation Pause)
[140.981s][info][gc,task        ] GC(794) Using 1 workers of 1 for evacuation
[140.984s][info][gc,phases      ] GC(794)   Pre Evacuate Collection Set: 0.0ms
[140.984s][info][gc,phases      ] GC(794)   Evacuate Collection Set: 2.5ms
[140.984s][info][gc,phases      ] GC(794)   Post Evacuate Collection Set: 0.3ms
[140.984s][info][gc,phases      ] GC(794)   Other: 0.3ms
[140.984s][info][gc,heap        ] GC(794) Eden regions: 241->0(241)
[140.984s][info][gc,heap        ] GC(794) Survivor regions: 1->1(31)
[140.984s][info][gc,heap        ] GC(794) Old regions: 53->53
[140.984s][info][gc,heap        ] GC(794) Humongous regions: 6->6
[140.984s][info][gc,metaspace   ] GC(794) Metaspace: 72108K->72108K(1114112K)
[140.984s][info][gc             ] GC(794) Pause Young (Normal) (G1 Evacuation Pause) 297M->56M(404M) 3.269ms
[140.984s][info][gc,cpu         ] GC(794) User=0.00s Sys=0.00s Real=0.00s
[141.114s][info][gc,start       ] GC(795) Pause Young (Normal) (G1 Evacuation Pause)
[141.114s][info][gc,task        ] GC(795) Using 1 workers of 1 for evacuation
[141.117s][info][gc,phases      ] GC(795)   Pre Evacuate Collection Set: 0.0ms
[141.117s][info][gc,phases      ] GC(795)   Evacuate Collection Set: 2.8ms
[141.117s][info][gc,phases      ] GC(795)   Post Evacuate Collection Set: 0.4ms
[141.117s][info][gc,phases      ] GC(795)   Other: 0.3ms
[141.117s][info][gc,heap        ] GC(795) Eden regions: 241->0(241)
[141.117s][info][gc,heap        ] GC(795) Survivor regions: 1->1(31)
[141.117s][info][gc,heap        ] GC(795) Old regions: 53->53
[141.117s][info][gc,heap        ] GC(795) Humongous regions: 6->6
[141.117s][info][gc,metaspace   ] GC(795) Metaspace: 72108K->72108K(1114112K)
[141.117s][info][gc             ] GC(795) Pause Young (Normal) (G1 Evacuation Pause) 297M->56M(404M) 3.532ms
[141.117s][info][gc,cpu         ] GC(795) User=0.01s Sys=0.00s Real=0.00s
[141.275s][info][gc,start       ] GC(796) Pause Young (Normal) (G1 Evacuation Pause)
[141.275s][info][gc,task        ] GC(796) Using 1 workers of 1 for evacuation
[141.279s][info][gc,phases      ] GC(796)   Pre Evacuate Collection Set: 0.0ms
[141.279s][info][gc,phases      ] GC(796)   Evacuate Collection Set: 2.6ms
[141.279s][info][gc,phases      ] GC(796)   Post Evacuate Collection Set: 0.4ms
[141.279s][info][gc,phases      ] GC(796)   Other: 0.4ms
[141.279s][info][gc,heap        ] GC(796) Eden regions: 241->0(241)
[141.279s][info][gc,heap        ] GC(796) Survivor regions: 1->1(31)
[141.279s][info][gc,heap        ] GC(796) Old regions: 53->53
[141.279s][info][gc,heap        ] GC(796) Humongous regions: 6->6
[141.279s][info][gc,metaspace   ] GC(796) Metaspace: 72108K->72108K(1114112K)
[141.279s][info][gc             ] GC(796) Pause Young (Normal) (G1 Evacuation Pause) 297M->57M(404M) 3.423ms
[141.279s][info][gc,cpu         ] GC(796) User=0.01s Sys=0.00s Real=0.01s
[141.406s][info][gc,start       ] GC(797) Pause Young (Normal) (G1 Evacuation Pause)
[141.406s][info][gc,task        ] GC(797) Using 1 workers of 1 for evacuation
[141.409s][info][gc,phases      ] GC(797)   Pre Evacuate Collection Set: 0.0ms
[141.409s][info][gc,phases      ] GC(797)   Evacuate Collection Set: 2.7ms
[141.409s][info][gc,phases      ] GC(797)   Post Evacuate Collection Set: 0.4ms
[141.409s][info][gc,phases      ] GC(797)   Other: 0.3ms
[141.409s][info][gc,heap        ] GC(797) Eden regions: 241->0(241)
[141.409s][info][gc,heap        ] GC(797) Survivor regions: 1->1(31)
[141.409s][info][gc,heap        ] GC(797) Old regions: 53->53
[141.409s][info][gc,heap        ] GC(797) Humongous regions: 6->6
[141.409s][info][gc,metaspace   ] GC(797) Metaspace: 72108K->72108K(1114112K)
[141.409s][info][gc             ] GC(797) Pause Young (Normal) (G1 Evacuation Pause) 298M->57M(404M) 3.507ms
[141.409s][info][gc,cpu         ] GC(797) User=0.01s Sys=0.00s Real=0.01s
[141.578s][info][gc,start       ] GC(798) Pause Young (Normal) (G1 Evacuation Pause)
[141.578s][info][gc,task        ] GC(798) Using 1 workers of 1 for evacuation
[141.581s][info][gc,phases      ] GC(798)   Pre Evacuate Collection Set: 0.0ms
[141.581s][info][gc,phases      ] GC(798)   Evacuate Collection Set: 2.7ms
[141.581s][info][gc,phases      ] GC(798)   Post Evacuate Collection Set: 0.4ms
[141.581s][info][gc,phases      ] GC(798)   Other: 0.4ms
[141.581s][info][gc,heap        ] GC(798) Eden regions: 241->0(241)
[141.581s][info][gc,heap        ] GC(798) Survivor regions: 1->1(31)
[141.581s][info][gc,heap        ] GC(798) Old regions: 53->53
[141.581s][info][gc,heap        ] GC(798) Humongous regions: 11->6
[141.581s][info][gc,metaspace   ] GC(798) Metaspace: 72112K->72112K(1114112K)
[141.581s][info][gc             ] GC(798) Pause Young (Normal) (G1 Evacuation Pause) 303M->57M(404M) 3.515ms
[141.581s][info][gc,cpu         ] GC(798) User=0.00s Sys=0.00s Real=0.01s
[141.716s][info][gc,start       ] GC(799) Pause Young (Normal) (G1 Evacuation Pause)
[141.716s][info][gc,task        ] GC(799) Using 1 workers of 1 for evacuation
[141.725s][info][gc,phases      ] GC(799)   Pre Evacuate Collection Set: 0.1ms
[141.725s][info][gc,phases      ] GC(799)   Evacuate Collection Set: 7.4ms
[141.725s][info][gc,phases      ] GC(799)   Post Evacuate Collection Set: 0.9ms
[141.725s][info][gc,phases      ] GC(799)   Other: 0.7ms
[141.725s][info][gc,heap        ] GC(799) Eden regions: 241->0(241)
[141.725s][info][gc,heap        ] GC(799) Survivor regions: 1->1(31)
[141.725s][info][gc,heap        ] GC(799) Old regions: 53->53
[141.725s][info][gc,heap        ] GC(799) Humongous regions: 6->6
[141.725s][info][gc,metaspace   ] GC(799) Metaspace: 72112K->72112K(1114112K)
[141.725s][info][gc             ] GC(799) Pause Young (Normal) (G1 Evacuation Pause) 298M->57M(404M) 9.194ms
[141.725s][info][gc,cpu         ] GC(799) User=0.01s Sys=0.00s Real=0.01s
[141.928s][info][gc,start       ] GC(800) Pause Young (Normal) (G1 Evacuation Pause)
[141.928s][info][gc,task        ] GC(800) Using 1 workers of 1 for evacuation
[141.934s][info][gc,phases      ] GC(800)   Pre Evacuate Collection Set: 0.0ms
[141.934s][info][gc,phases      ] GC(800)   Evacuate Collection Set: 5.2ms
[141.934s][info][gc,phases      ] GC(800)   Post Evacuate Collection Set: 0.6ms
[141.934s][info][gc,phases      ] GC(800)   Other: 0.6ms
[141.934s][info][gc,heap        ] GC(800) Eden regions: 241->0(241)
[141.934s][info][gc,heap        ] GC(800) Survivor regions: 1->1(31)
[141.934s][info][gc,heap        ] GC(800) Old regions: 53->53
[141.934s][info][gc,heap        ] GC(800) Humongous regions: 6->6
[141.934s][info][gc,metaspace   ] GC(800) Metaspace: 72112K->72112K(1114112K)
[141.934s][info][gc             ] GC(800) Pause Young (Normal) (G1 Evacuation Pause) 298M->57M(404M) 6.614ms
[141.934s][info][gc,cpu         ] GC(800) User=0.01s Sys=0.00s Real=0.00s
[142.070s][info][gc,start       ] GC(801) Pause Young (Normal) (G1 Evacuation Pause)
[142.070s][info][gc,task        ] GC(801) Using 1 workers of 1 for evacuation
[142.073s][info][gc,phases      ] GC(801)   Pre Evacuate Collection Set: 0.0ms
[142.073s][info][gc,phases      ] GC(801)   Evacuate Collection Set: 2.7ms
[142.073s][info][gc,phases      ] GC(801)   Post Evacuate Collection Set: 0.3ms
[142.073s][info][gc,phases      ] GC(801)   Other: 0.3ms
[142.073s][info][gc,heap        ] GC(801) Eden regions: 241->0(241)
[142.073s][info][gc,heap        ] GC(801) Survivor regions: 1->1(31)
[142.073s][info][gc,heap        ] GC(801) Old regions: 53->53
[142.073s][info][gc,heap        ] GC(801) Humongous regions: 6->6
[142.073s][info][gc,metaspace   ] GC(801) Metaspace: 72112K->72112K(1114112K)
[142.073s][info][gc             ] GC(801) Pause Young (Normal) (G1 Evacuation Pause) 298M->57M(404M) 3.417ms
[142.073s][info][gc,cpu         ] GC(801) User=0.00s Sys=0.00s Real=0.00s
[142.203s][info][gc,start       ] GC(802) Pause Young (Normal) (G1 Evacuation Pause)
[142.203s][info][gc,task        ] GC(802) Using 1 workers of 1 for evacuation
[142.206s][info][gc,phases      ] GC(802)   Pre Evacuate Collection Set: 0.0ms
[142.206s][info][gc,phases      ] GC(802)   Evacuate Collection Set: 2.6ms
[142.206s][info][gc,phases      ] GC(802)   Post Evacuate Collection Set: 0.4ms
[142.206s][info][gc,phases      ] GC(802)   Other: 0.4ms
[142.206s][info][gc,heap        ] GC(802) Eden regions: 241->0(241)
[142.206s][info][gc,heap        ] GC(802) Survivor regions: 1->1(31)
[142.206s][info][gc,heap        ] GC(802) Old regions: 53->53
[142.206s][info][gc,heap        ] GC(802) Humongous regions: 6->6
[142.206s][info][gc,metaspace   ] GC(802) Metaspace: 72112K->72112K(1114112K)
[142.206s][info][gc             ] GC(802) Pause Young (Normal) (G1 Evacuation Pause) 298M->57M(404M) 3.470ms
[142.206s][info][gc,cpu         ] GC(802) User=0.00s Sys=0.00s Real=0.00s
[142.336s][info][gc,start       ] GC(803) Pause Young (Normal) (G1 Evacuation Pause)
[142.336s][info][gc,task        ] GC(803) Using 1 workers of 1 for evacuation
[142.340s][info][gc,phases      ] GC(803)   Pre Evacuate Collection Set: 0.0ms
[142.340s][info][gc,phases      ] GC(803)   Evacuate Collection Set: 3.1ms
[142.340s][info][gc,phases      ] GC(803)   Post Evacuate Collection Set: 0.5ms
[142.340s][info][gc,phases      ] GC(803)   Other: 0.5ms
[142.340s][info][gc,heap        ] GC(803) Eden regions: 241->0(241)
[142.340s][info][gc,heap        ] GC(803) Survivor regions: 1->1(31)
[142.340s][info][gc,heap        ] GC(803) Old regions: 53->53
[142.340s][info][gc,heap        ] GC(803) Humongous regions: 6->6
[142.340s][info][gc,metaspace   ] GC(803) Metaspace: 72112K->72112K(1114112K)
[142.340s][info][gc             ] GC(803) Pause Young (Normal) (G1 Evacuation Pause) 298M->57M(404M) 4.235ms
[142.340s][info][gc,cpu         ] GC(803) User=0.01s Sys=0.00s Real=0.01s
[142.518s][info][gc,start       ] GC(804) Pause Young (Normal) (G1 Evacuation Pause)
[142.518s][info][gc,task        ] GC(804) Using 1 workers of 1 for evacuation
[142.521s][info][gc,phases      ] GC(804)   Pre Evacuate Collection Set: 0.0ms
[142.521s][info][gc,phases      ] GC(804)   Evacuate Collection Set: 2.6ms
[142.521s][info][gc,phases      ] GC(804)   Post Evacuate Collection Set: 0.3ms
[142.521s][info][gc,phases      ] GC(804)   Other: 0.3ms
[142.521s][info][gc,heap        ] GC(804) Eden regions: 241->0(241)
[142.521s][info][gc,heap        ] GC(804) Survivor regions: 1->1(31)
[142.521s][info][gc,heap        ] GC(804) Old regions: 53->53
[142.521s][info][gc,heap        ] GC(804) Humongous regions: 6->6
[142.521s][info][gc,metaspace   ] GC(804) Metaspace: 72112K->72112K(1114112K)
[142.521s][info][gc             ] GC(804) Pause Young (Normal) (G1 Evacuation Pause) 298M->57M(404M) 3.251ms
[142.521s][info][gc,cpu         ] GC(804) User=0.01s Sys=0.00s Real=0.01s
[142.642s][info][gc,start       ] GC(805) Pause Young (Normal) (G1 Evacuation Pause)
[142.642s][info][gc,task        ] GC(805) Using 1 workers of 1 for evacuation
[142.645s][info][gc,phases      ] GC(805)   Pre Evacuate Collection Set: 0.0ms
[142.645s][info][gc,phases      ] GC(805)   Evacuate Collection Set: 2.4ms
[142.645s][info][gc,phases      ] GC(805)   Post Evacuate Collection Set: 0.3ms
[142.645s][info][gc,phases      ] GC(805)   Other: 0.3ms
[142.645s][info][gc,heap        ] GC(805) Eden regions: 241->0(241)
[142.645s][info][gc,heap        ] GC(805) Survivor regions: 1->1(31)
[142.645s][info][gc,heap        ] GC(805) Old regions: 53->53
[142.645s][info][gc,heap        ] GC(805) Humongous regions: 6->6
[142.645s][info][gc,metaspace   ] GC(805) Metaspace: 72112K->72112K(1114112K)
[142.645s][info][gc             ] GC(805) Pause Young (Normal) (G1 Evacuation Pause) 298M->57M(404M) 3.128ms
[142.645s][info][gc,cpu         ] GC(805) User=0.00s Sys=0.00s Real=0.00s
[142.830s][info][gc,start       ] GC(806) Pause Young (Normal) (G1 Evacuation Pause)
[142.830s][info][gc,task        ] GC(806) Using 1 workers of 1 for evacuation
[142.834s][info][gc,phases      ] GC(806)   Pre Evacuate Collection Set: 0.0ms
[142.834s][info][gc,phases      ] GC(806)   Evacuate Collection Set: 2.8ms
[142.834s][info][gc,phases      ] GC(806)   Post Evacuate Collection Set: 0.4ms
[142.834s][info][gc,phases      ] GC(806)   Other: 0.3ms
[142.834s][info][gc,heap        ] GC(806) Eden regions: 241->0(241)
[142.834s][info][gc,heap        ] GC(806) Survivor regions: 1->1(31)
[142.834s][info][gc,heap        ] GC(806) Old regions: 53->53
[142.834s][info][gc,heap        ] GC(806) Humongous regions: 6->6
[142.834s][info][gc,metaspace   ] GC(806) Metaspace: 72112K->72112K(1114112K)
[142.834s][info][gc             ] GC(806) Pause Young (Normal) (G1 Evacuation Pause) 298M->57M(404M) 3.577ms
[142.834s][info][gc,cpu         ] GC(806) User=0.00s Sys=0.00s Real=0.00s
[142.952s][info][gc,start       ] GC(807) Pause Young (Normal) (G1 Evacuation Pause)
[142.952s][info][gc,task        ] GC(807) Using 1 workers of 1 for evacuation
[142.955s][info][gc,phases      ] GC(807)   Pre Evacuate Collection Set: 0.0ms
[142.955s][info][gc,phases      ] GC(807)   Evacuate Collection Set: 2.5ms
[142.955s][info][gc,phases      ] GC(807)   Post Evacuate Collection Set: 0.3ms
[142.955s][info][gc,phases      ] GC(807)   Other: 0.4ms
[142.955s][info][gc,heap        ] GC(807) Eden regions: 241->0(241)
[142.955s][info][gc,heap        ] GC(807) Survivor regions: 1->1(31)
[142.955s][info][gc,heap        ] GC(807) Old regions: 53->53
[142.955s][info][gc,heap        ] GC(807) Humongous regions: 6->6
[142.955s][info][gc,metaspace   ] GC(807) Metaspace: 72112K->72112K(1114112K)
[142.955s][info][gc             ] GC(807) Pause Young (Normal) (G1 Evacuation Pause) 298M->57M(404M) 3.271ms
[142.955s][info][gc,cpu         ] GC(807) User=0.00s Sys=0.00s Real=0.00s
[143.109s][info][gc,start       ] GC(808) Pause Young (Normal) (G1 Evacuation Pause)
[143.109s][info][gc,task        ] GC(808) Using 1 workers of 1 for evacuation
[143.112s][info][gc,phases      ] GC(808)   Pre Evacuate Collection Set: 0.0ms
[143.112s][info][gc,phases      ] GC(808)   Evacuate Collection Set: 2.5ms
[143.112s][info][gc,phases      ] GC(808)   Post Evacuate Collection Set: 0.3ms
[143.112s][info][gc,phases      ] GC(808)   Other: 0.3ms
[143.112s][info][gc,heap        ] GC(808) Eden regions: 241->0(241)
[143.112s][info][gc,heap        ] GC(808) Survivor regions: 1->1(31)
[143.112s][info][gc,heap        ] GC(808) Old regions: 53->53
[143.112s][info][gc,heap        ] GC(808) Humongous regions: 11->6
[143.112s][info][gc,metaspace   ] GC(808) Metaspace: 72116K->72116K(1114112K)
[143.112s][info][gc             ] GC(808) Pause Young (Normal) (G1 Evacuation Pause) 303M->56M(404M) 3.288ms
[143.113s][info][gc,cpu         ] GC(808) User=0.01s Sys=0.00s Real=0.00s
[143.251s][info][gc,start       ] GC(809) Pause Young (Normal) (G1 Evacuation Pause)
[143.251s][info][gc,task        ] GC(809) Using 1 workers of 1 for evacuation
[143.257s][info][gc,phases      ] GC(809)   Pre Evacuate Collection Set: 0.0ms
[143.257s][info][gc,phases      ] GC(809)   Evacuate Collection Set: 4.9ms
[143.257s][info][gc,phases      ] GC(809)   Post Evacuate Collection Set: 0.8ms
[143.257s][info][gc,phases      ] GC(809)   Other: 0.5ms
[143.257s][info][gc,heap        ] GC(809) Eden regions: 241->0(241)
[143.257s][info][gc,heap        ] GC(809) Survivor regions: 1->1(31)
[143.257s][info][gc,heap        ] GC(809) Old regions: 53->53
[143.257s][info][gc,heap        ] GC(809) Humongous regions: 6->6
[143.257s][info][gc,metaspace   ] GC(809) Metaspace: 72116K->72116K(1114112K)
[143.257s][info][gc             ] GC(809) Pause Young (Normal) (G1 Evacuation Pause) 297M->56M(404M) 6.343ms
[143.258s][info][gc,cpu         ] GC(809) User=0.00s Sys=0.00s Real=0.00s
[143.401s][info][gc,start       ] GC(810) Pause Young (Normal) (G1 Evacuation Pause)
[143.401s][info][gc,task        ] GC(810) Using 1 workers of 1 for evacuation
[143.404s][info][gc,phases      ] GC(810)   Pre Evacuate Collection Set: 0.0ms
[143.404s][info][gc,phases      ] GC(810)   Evacuate Collection Set: 2.5ms
[143.404s][info][gc,phases      ] GC(810)   Post Evacuate Collection Set: 0.4ms
[143.404s][info][gc,phases      ] GC(810)   Other: 0.3ms
[143.404s][info][gc,heap        ] GC(810) Eden regions: 241->0(241)
[143.404s][info][gc,heap        ] GC(810) Survivor regions: 1->1(31)
[143.404s][info][gc,heap        ] GC(810) Old regions: 53->53
[143.404s][info][gc,heap        ] GC(810) Humongous regions: 6->6
[143.404s][info][gc,metaspace   ] GC(810) Metaspace: 72116K->72116K(1114112K)
[143.404s][info][gc             ] GC(810) Pause Young (Normal) (G1 Evacuation Pause) 297M->56M(404M) 3.209ms
[143.404s][info][gc,cpu         ] GC(810) User=0.01s Sys=0.00s Real=0.00s
[143.524s][info][gc,start       ] GC(811) Pause Young (Normal) (G1 Evacuation Pause)
[143.524s][info][gc,task        ] GC(811) Using 1 workers of 1 for evacuation
[143.528s][info][gc,phases      ] GC(811)   Pre Evacuate Collection Set: 0.0ms
[143.528s][info][gc,phases      ] GC(811)   Evacuate Collection Set: 3.1ms
[143.528s][info][gc,phases      ] GC(811)   Post Evacuate Collection Set: 0.6ms
[143.528s][info][gc,phases      ] GC(811)   Other: 0.5ms
[143.528s][info][gc,heap        ] GC(811) Eden regions: 241->0(241)
[143.528s][info][gc,heap        ] GC(811) Survivor regions: 1->1(31)
[143.528s][info][gc,heap        ] GC(811) Old regions: 53->53
[143.528s][info][gc,heap        ] GC(811) Humongous regions: 6->6
[143.528s][info][gc,metaspace   ] GC(811) Metaspace: 72116K->72116K(1114112K)
[143.528s][info][gc             ] GC(811) Pause Young (Normal) (G1 Evacuation Pause) 297M->56M(404M) 4.277ms
[143.528s][info][gc,cpu         ] GC(811) User=0.00s Sys=0.00s Real=0.01s
[143.690s][info][gc,start       ] GC(812) Pause Young (Normal) (G1 Evacuation Pause)
[143.690s][info][gc,task        ] GC(812) Using 1 workers of 1 for evacuation
[143.693s][info][gc,phases      ] GC(812)   Pre Evacuate Collection Set: 0.0ms
[143.693s][info][gc,phases      ] GC(812)   Evacuate Collection Set: 2.6ms
[143.693s][info][gc,phases      ] GC(812)   Post Evacuate Collection Set: 0.4ms
[143.693s][info][gc,phases      ] GC(812)   Other: 0.5ms
[143.693s][info][gc,heap        ] GC(812) Eden regions: 241->0(241)
[143.693s][info][gc,heap        ] GC(812) Survivor regions: 1->1(31)
[143.693s][info][gc,heap        ] GC(812) Old regions: 53->53
[143.693s][info][gc,heap        ] GC(812) Humongous regions: 6->6
[143.693s][info][gc,metaspace   ] GC(812) Metaspace: 72116K->72116K(1114112K)
[143.693s][info][gc             ] GC(812) Pause Young (Normal) (G1 Evacuation Pause) 297M->56M(404M) 3.553ms
[143.694s][info][gc,cpu         ] GC(812) User=0.01s Sys=0.00s Real=0.00s
[143.813s][info][gc,start       ] GC(813) Pause Young (Normal) (G1 Evacuation Pause)
[143.813s][info][gc,task        ] GC(813) Using 1 workers of 1 for evacuation
[143.816s][info][gc,phases      ] GC(813)   Pre Evacuate Collection Set: 0.0ms
[143.817s][info][gc,phases      ] GC(813)   Evacuate Collection Set: 2.4ms
[143.817s][info][gc,phases      ] GC(813)   Post Evacuate Collection Set: 0.3ms
[143.817s][info][gc,phases      ] GC(813)   Other: 0.3ms
[143.817s][info][gc,heap        ] GC(813) Eden regions: 241->0(241)
[143.817s][info][gc,heap        ] GC(813) Survivor regions: 1->1(31)
[143.817s][info][gc,heap        ] GC(813) Old regions: 53->53
[143.817s][info][gc,heap        ] GC(813) Humongous regions: 6->6
[143.817s][info][gc,metaspace   ] GC(813) Metaspace: 72116K->72116K(1114112K)
[143.817s][info][gc             ] GC(813) Pause Young (Normal) (G1 Evacuation Pause) 297M->57M(404M) 3.142ms
[143.817s][info][gc,cpu         ] GC(813) User=0.00s Sys=0.00s Real=0.00s
[143.949s][info][gc,start       ] GC(814) Pause Young (Normal) (G1 Evacuation Pause)
[143.949s][info][gc,task        ] GC(814) Using 1 workers of 1 for evacuation
[143.952s][info][gc,phases      ] GC(814)   Pre Evacuate Collection Set: 0.0ms
[143.952s][info][gc,phases      ] GC(814)   Evacuate Collection Set: 2.4ms
[143.952s][info][gc,phases      ] GC(814)   Post Evacuate Collection Set: 0.4ms
[143.952s][info][gc,phases      ] GC(814)   Other: 0.3ms
[143.952s][info][gc,heap        ] GC(814) Eden regions: 241->0(241)
[143.952s][info][gc,heap        ] GC(814) Survivor regions: 1->1(31)
[143.952s][info][gc,heap        ] GC(814) Old regions: 53->53
[143.952s][info][gc,heap        ] GC(814) Humongous regions: 6->6
[143.952s][info][gc,metaspace   ] GC(814) Metaspace: 72116K->72116K(1114112K)
[143.952s][info][gc             ] GC(814) Pause Young (Normal) (G1 Evacuation Pause) 298M->57M(404M) 3.094ms
[143.952s][info][gc,cpu         ] GC(814) User=0.00s Sys=0.00s Real=0.00s
[144.120s][info][gc,start       ] GC(815) Pause Young (Normal) (G1 Evacuation Pause)
[144.121s][info][gc,task        ] GC(815) Using 1 workers of 1 for evacuation
[144.124s][info][gc,phases      ] GC(815)   Pre Evacuate Collection Set: 0.1ms
[144.125s][info][gc,phases      ] GC(815)   Evacuate Collection Set: 3.2ms
[144.125s][info][gc,phases      ] GC(815)   Post Evacuate Collection Set: 0.4ms
[144.125s][info][gc,phases      ] GC(815)   Other: 0.4ms
[144.125s][info][gc,heap        ] GC(815) Eden regions: 241->0(241)
[144.125s][info][gc,heap        ] GC(815) Survivor regions: 1->1(31)
[144.125s][info][gc,heap        ] GC(815) Old regions: 53->53
[144.125s][info][gc,heap        ] GC(815) Humongous regions: 6->6
[144.125s][info][gc,metaspace   ] GC(815) Metaspace: 72116K->72116K(1114112K)
[144.125s][info][gc             ] GC(815) Pause Young (Normal) (G1 Evacuation Pause) 298M->57M(404M) 4.103ms
[144.125s][info][gc,cpu         ] GC(815) User=0.01s Sys=0.00s Real=0.00s
[144.299s][info][gc,start       ] GC(816) Pause Young (Normal) (G1 Evacuation Pause)
[144.299s][info][gc,task        ] GC(816) Using 1 workers of 1 for evacuation
[144.303s][info][gc,phases      ] GC(816)   Pre Evacuate Collection Set: 0.0ms
[144.303s][info][gc,phases      ] GC(816)   Evacuate Collection Set: 3.4ms
[144.303s][info][gc,phases      ] GC(816)   Post Evacuate Collection Set: 0.5ms
[144.303s][info][gc,phases      ] GC(816)   Other: 0.5ms
[144.303s][info][gc,heap        ] GC(816) Eden regions: 241->0(241)
[144.303s][info][gc,heap        ] GC(816) Survivor regions: 1->1(31)
[144.303s][info][gc,heap        ] GC(816) Old regions: 53->53
[144.303s][info][gc,heap        ] GC(816) Humongous regions: 6->6
[144.303s][info][gc,metaspace   ] GC(816) Metaspace: 72116K->72116K(1114112K)
[144.303s][info][gc             ] GC(816) Pause Young (Normal) (G1 Evacuation Pause) 298M->57M(404M) 4.355ms
[144.303s][info][gc,cpu         ] GC(816) User=0.00s Sys=0.00s Real=0.00s
[144.498s][info][gc,start       ] GC(817) Pause Young (Normal) (G1 Evacuation Pause)
[144.499s][info][gc,task        ] GC(817) Using 1 workers of 1 for evacuation
[144.503s][info][gc,phases      ] GC(817)   Pre Evacuate Collection Set: 0.0ms
[144.503s][info][gc,phases      ] GC(817)   Evacuate Collection Set: 3.3ms
[144.503s][info][gc,phases      ] GC(817)   Post Evacuate Collection Set: 0.6ms
[144.503s][info][gc,phases      ] GC(817)   Other: 0.4ms
[144.503s][info][gc,heap        ] GC(817) Eden regions: 241->0(241)
[144.503s][info][gc,heap        ] GC(817) Survivor regions: 1->1(31)
[144.503s][info][gc,heap        ] GC(817) Old regions: 53->53
[144.503s][info][gc,heap        ] GC(817) Humongous regions: 11->6
[144.503s][info][gc,metaspace   ] GC(817) Metaspace: 72129K->72129K(1114112K)
[144.503s][info][gc             ] GC(817) Pause Young (Normal) (G1 Evacuation Pause) 303M->57M(404M) 4.376ms
[144.503s][info][gc,cpu         ] GC(817) User=0.00s Sys=0.00s Real=0.00s
[144.636s][info][gc,start       ] GC(818) Pause Young (Normal) (G1 Evacuation Pause)
[144.636s][info][gc,task        ] GC(818) Using 1 workers of 1 for evacuation
[144.640s][info][gc,phases      ] GC(818)   Pre Evacuate Collection Set: 0.0ms
[144.640s][info][gc,phases      ] GC(818)   Evacuate Collection Set: 2.7ms
[144.640s][info][gc,phases      ] GC(818)   Post Evacuate Collection Set: 0.3ms
[144.640s][info][gc,phases      ] GC(818)   Other: 0.3ms
[144.640s][info][gc,heap        ] GC(818) Eden regions: 241->0(241)
[144.640s][info][gc,heap        ] GC(818) Survivor regions: 1->1(31)
[144.640s][info][gc,heap        ] GC(818) Old regions: 53->53
[144.640s][info][gc,heap        ] GC(818) Humongous regions: 6->6
[144.640s][info][gc,metaspace   ] GC(818) Metaspace: 72129K->72129K(1114112K)
[144.640s][info][gc             ] GC(818) Pause Young (Normal) (G1 Evacuation Pause) 298M->57M(404M) 3.467ms
[144.640s][info][gc,cpu         ] GC(818) User=0.01s Sys=0.00s Real=0.01s
[144.772s][info][gc,start       ] GC(819) Pause Young (Normal) (G1 Evacuation Pause)
[144.772s][info][gc,task        ] GC(819) Using 1 workers of 1 for evacuation
[144.775s][info][gc,phases      ] GC(819)   Pre Evacuate Collection Set: 0.0ms
[144.775s][info][gc,phases      ] GC(819)   Evacuate Collection Set: 2.5ms
[144.775s][info][gc,phases      ] GC(819)   Post Evacuate Collection Set: 0.4ms
[144.775s][info][gc,phases      ] GC(819)   Other: 0.3ms
[144.775s][info][gc,heap        ] GC(819) Eden regions: 241->0(241)
[144.775s][info][gc,heap        ] GC(819) Survivor regions: 1->1(31)
[144.775s][info][gc,heap        ] GC(819) Old regions: 53->53
[144.775s][info][gc,heap        ] GC(819) Humongous regions: 6->6
[144.775s][info][gc,metaspace   ] GC(819) Metaspace: 72129K->72129K(1114112K)
[144.775s][info][gc             ] GC(819) Pause Young (Normal) (G1 Evacuation Pause) 298M->57M(404M) 3.266ms
[144.775s][info][gc,cpu         ] GC(819) User=0.00s Sys=0.00s Real=0.00s
[144.895s][info][gc,start       ] GC(820) Pause Young (Normal) (G1 Evacuation Pause)
[144.895s][info][gc,task        ] GC(820) Using 1 workers of 1 for evacuation
[144.898s][info][gc,phases      ] GC(820)   Pre Evacuate Collection Set: 0.0ms
[144.898s][info][gc,phases      ] GC(820)   Evacuate Collection Set: 2.6ms
[144.898s][info][gc,phases      ] GC(820)   Post Evacuate Collection Set: 0.4ms
[144.898s][info][gc,phases      ] GC(820)   Other: 0.4ms
[144.898s][info][gc,heap        ] GC(820) Eden regions: 241->0(241)
[144.898s][info][gc,heap        ] GC(820) Survivor regions: 1->1(31)
[144.898s][info][gc,heap        ] GC(820) Old regions: 53->53
[144.898s][info][gc,heap        ] GC(820) Humongous regions: 6->6
[144.898s][info][gc,metaspace   ] GC(820) Metaspace: 72129K->72129K(1114112K)
[144.898s][info][gc             ] GC(820) Pause Young (Normal) (G1 Evacuation Pause) 298M->57M(404M) 3.418ms
[144.898s][info][gc,cpu         ] GC(820) User=0.00s Sys=0.00s Real=0.00s
[145.017s][info][gc,start       ] GC(821) Pause Young (Normal) (G1 Evacuation Pause)
[145.017s][info][gc,task        ] GC(821) Using 1 workers of 1 for evacuation
[145.020s][info][gc,phases      ] GC(821)   Pre Evacuate Collection Set: 0.0ms
[145.020s][info][gc,phases      ] GC(821)   Evacuate Collection Set: 2.6ms
[145.020s][info][gc,phases      ] GC(821)   Post Evacuate Collection Set: 0.3ms
[145.020s][info][gc,phases      ] GC(821)   Other: 0.3ms
[145.020s][info][gc,heap        ] GC(821) Eden regions: 241->0(241)
[145.020s][info][gc,heap        ] GC(821) Survivor regions: 1->1(31)
[145.020s][info][gc,heap        ] GC(821) Old regions: 53->53
[145.020s][info][gc,heap        ] GC(821) Humongous regions: 6->6
[145.020s][info][gc,metaspace   ] GC(821) Metaspace: 72129K->72129K(1114112K)
[145.020s][info][gc             ] GC(821) Pause Young (Normal) (G1 Evacuation Pause) 298M->57M(404M) 3.619ms
[145.020s][info][gc,cpu         ] GC(821) User=0.01s Sys=0.00s Real=0.01s
[145.138s][info][gc,start       ] GC(822) Pause Young (Normal) (G1 Evacuation Pause)
[145.138s][info][gc,task        ] GC(822) Using 1 workers of 1 for evacuation
[145.142s][info][gc,phases      ] GC(822)   Pre Evacuate Collection Set: 0.0ms
[145.142s][info][gc,phases      ] GC(822)   Evacuate Collection Set: 2.6ms
[145.142s][info][gc,phases      ] GC(822)   Post Evacuate Collection Set: 0.4ms
[145.142s][info][gc,phases      ] GC(822)   Other: 0.3ms
[145.142s][info][gc,heap        ] GC(822) Eden regions: 241->0(241)
[145.142s][info][gc,heap        ] GC(822) Survivor regions: 1->1(31)
[145.142s][info][gc,heap        ] GC(822) Old regions: 53->53
[145.142s][info][gc,heap        ] GC(822) Humongous regions: 6->6
[145.142s][info][gc,metaspace   ] GC(822) Metaspace: 72129K->72129K(1114112K)
[145.142s][info][gc             ] GC(822) Pause Young (Normal) (G1 Evacuation Pause) 298M->57M(404M) 3.462ms
[145.142s][info][gc,cpu         ] GC(822) User=0.01s Sys=0.00s Real=0.01s
[145.267s][info][gc,start       ] GC(823) Pause Young (Normal) (G1 Evacuation Pause)
[145.268s][info][gc,task        ] GC(823) Using 1 workers of 1 for evacuation
[145.271s][info][gc,phases      ] GC(823)   Pre Evacuate Collection Set: 0.0ms
[145.271s][info][gc,phases      ] GC(823)   Evacuate Collection Set: 2.5ms
[145.271s][info][gc,phases      ] GC(823)   Post Evacuate Collection Set: 0.4ms
[145.271s][info][gc,phases      ] GC(823)   Other: 0.3ms
[145.271s][info][gc,heap        ] GC(823) Eden regions: 241->0(241)
[145.271s][info][gc,heap        ] GC(823) Survivor regions: 1->1(31)
[145.271s][info][gc,heap        ] GC(823) Old regions: 53->53
[145.271s][info][gc,heap        ] GC(823) Humongous regions: 6->6
[145.271s][info][gc,metaspace   ] GC(823) Metaspace: 72129K->72129K(1114112K)
[145.271s][info][gc             ] GC(823) Pause Young (Normal) (G1 Evacuation Pause) 298M->57M(404M) 3.227ms
[145.271s][info][gc,cpu         ] GC(823) User=0.01s Sys=0.00s Real=0.00s
[145.389s][info][gc,start       ] GC(824) Pause Young (Normal) (G1 Evacuation Pause)
[145.389s][info][gc,task        ] GC(824) Using 1 workers of 1 for evacuation
[145.392s][info][gc,phases      ] GC(824)   Pre Evacuate Collection Set: 0.0ms
[145.392s][info][gc,phases      ] GC(824)   Evacuate Collection Set: 2.5ms
[145.392s][info][gc,phases      ] GC(824)   Post Evacuate Collection Set: 0.4ms
[145.392s][info][gc,phases      ] GC(824)   Other: 0.4ms
[145.392s][info][gc,heap        ] GC(824) Eden regions: 241->0(241)
[145.392s][info][gc,heap        ] GC(824) Survivor regions: 1->1(31)
[145.392s][info][gc,heap        ] GC(824) Old regions: 53->53
[145.392s][info][gc,heap        ] GC(824) Humongous regions: 6->6
[145.392s][info][gc,metaspace   ] GC(824) Metaspace: 72129K->72129K(1114112K)
[145.392s][info][gc             ] GC(824) Pause Young (Normal) (G1 Evacuation Pause) 298M->57M(404M) 3.341ms
[145.392s][info][gc,cpu         ] GC(824) User=0.01s Sys=0.00s Real=0.00s
[145.517s][info][gc,start       ] GC(825) Pause Young (Normal) (G1 Evacuation Pause)
[145.517s][info][gc,task        ] GC(825) Using 1 workers of 1 for evacuation
[145.520s][info][gc,phases      ] GC(825)   Pre Evacuate Collection Set: 0.0ms
[145.520s][info][gc,phases      ] GC(825)   Evacuate Collection Set: 2.4ms
[145.520s][info][gc,phases      ] GC(825)   Post Evacuate Collection Set: 0.4ms
[145.520s][info][gc,phases      ] GC(825)   Other: 0.4ms
[145.520s][info][gc,heap        ] GC(825) Eden regions: 241->0(241)
[145.520s][info][gc,heap        ] GC(825) Survivor regions: 1->1(31)
[145.520s][info][gc,heap        ] GC(825) Old regions: 53->53
[145.520s][info][gc,heap        ] GC(825) Humongous regions: 6->6
[145.520s][info][gc,metaspace   ] GC(825) Metaspace: 72129K->72129K(1114112K)
[145.520s][info][gc             ] GC(825) Pause Young (Normal) (G1 Evacuation Pause) 298M->57M(404M) 3.180ms
[145.520s][info][gc,cpu         ] GC(825) User=0.00s Sys=0.00s Real=0.01s
[145.715s][info][gc,start       ] GC(826) Pause Young (Normal) (G1 Evacuation Pause)
[145.715s][info][gc,task        ] GC(826) Using 1 workers of 1 for evacuation
[145.720s][info][gc,phases      ] GC(826)   Pre Evacuate Collection Set: 0.0ms
[145.720s][info][gc,phases      ] GC(826)   Evacuate Collection Set: 3.4ms
[145.720s][info][gc,phases      ] GC(826)   Post Evacuate Collection Set: 0.9ms
[145.720s][info][gc,phases      ] GC(826)   Other: 0.5ms
[145.720s][info][gc,heap        ] GC(826) Eden regions: 241->0(241)
[145.720s][info][gc,heap        ] GC(826) Survivor regions: 1->1(31)
[145.720s][info][gc,heap        ] GC(826) Old regions: 53->53
[145.720s][info][gc,heap        ] GC(826) Humongous regions: 11->6
[145.720s][info][gc,metaspace   ] GC(826) Metaspace: 72133K->72133K(1114112K)
[145.720s][info][gc             ] GC(826) Pause Young (Normal) (G1 Evacuation Pause) 303M->57M(404M) 5.115ms
[145.720s][info][gc,cpu         ] GC(826) User=0.00s Sys=0.00s Real=0.01s
[145.920s][info][gc,start       ] GC(827) Pause Young (Normal) (G1 Evacuation Pause)
[145.920s][info][gc,task        ] GC(827) Using 1 workers of 1 for evacuation
[145.923s][info][gc,phases      ] GC(827)   Pre Evacuate Collection Set: 0.0ms
[145.923s][info][gc,phases      ] GC(827)   Evacuate Collection Set: 2.4ms
[145.923s][info][gc,phases      ] GC(827)   Post Evacuate Collection Set: 0.3ms
[145.923s][info][gc,phases      ] GC(827)   Other: 0.4ms
[145.923s][info][gc,heap        ] GC(827) Eden regions: 241->0(241)
[145.923s][info][gc,heap        ] GC(827) Survivor regions: 1->1(31)
[145.923s][info][gc,heap        ] GC(827) Old regions: 53->53
[145.923s][info][gc,heap        ] GC(827) Humongous regions: 6->6
[145.923s][info][gc,metaspace   ] GC(827) Metaspace: 72133K->72133K(1114112K)
[145.923s][info][gc             ] GC(827) Pause Young (Normal) (G1 Evacuation Pause) 298M->56M(404M) 3.204ms
[145.923s][info][gc,cpu         ] GC(827) User=0.01s Sys=0.00s Real=0.00s
[146.043s][info][gc,start       ] GC(828) Pause Young (Normal) (G1 Evacuation Pause)
[146.043s][info][gc,task        ] GC(828) Using 1 workers of 1 for evacuation
[146.046s][info][gc,phases      ] GC(828)   Pre Evacuate Collection Set: 0.0ms
[146.046s][info][gc,phases      ] GC(828)   Evacuate Collection Set: 2.5ms
[146.046s][info][gc,phases      ] GC(828)   Post Evacuate Collection Set: 0.3ms
[146.046s][info][gc,phases      ] GC(828)   Other: 0.4ms
[146.046s][info][gc,heap        ] GC(828) Eden regions: 241->0(241)
[146.046s][info][gc,heap        ] GC(828) Survivor regions: 1->1(31)
[146.046s][info][gc,heap        ] GC(828) Old regions: 53->53
[146.046s][info][gc,heap        ] GC(828) Humongous regions: 6->6
[146.046s][info][gc,metaspace   ] GC(828) Metaspace: 72133K->72133K(1114112K)
[146.046s][info][gc             ] GC(828) Pause Young (Normal) (G1 Evacuation Pause) 297M->56M(404M) 3.292ms
[146.046s][info][gc,cpu         ] GC(828) User=0.00s Sys=0.00s Real=0.01s
[146.172s][info][gc,start       ] GC(829) Pause Young (Normal) (G1 Evacuation Pause)
[146.172s][info][gc,task        ] GC(829) Using 1 workers of 1 for evacuation
[146.175s][info][gc,phases      ] GC(829)   Pre Evacuate Collection Set: 0.0ms
[146.175s][info][gc,phases      ] GC(829)   Evacuate Collection Set: 2.4ms
[146.175s][info][gc,phases      ] GC(829)   Post Evacuate Collection Set: 0.3ms
[146.175s][info][gc,phases      ] GC(829)   Other: 0.3ms
[146.175s][info][gc,heap        ] GC(829) Eden regions: 241->0(241)
[146.175s][info][gc,heap        ] GC(829) Survivor regions: 1->1(31)
[146.175s][info][gc,heap        ] GC(829) Old regions: 53->53
[146.175s][info][gc,heap        ] GC(829) Humongous regions: 6->6
[146.175s][info][gc,metaspace   ] GC(829) Metaspace: 72133K->72133K(1114112K)
[146.175s][info][gc             ] GC(829) Pause Young (Normal) (G1 Evacuation Pause) 297M->56M(404M) 3.106ms
[146.175s][info][gc,cpu         ] GC(829) User=0.01s Sys=0.00s Real=0.00s
[146.304s][info][gc,start       ] GC(830) Pause Young (Normal) (G1 Evacuation Pause)
[146.304s][info][gc,task        ] GC(830) Using 1 workers of 1 for evacuation
[146.307s][info][gc,phases      ] GC(830)   Pre Evacuate Collection Set: 0.0ms
[146.308s][info][gc,phases      ] GC(830)   Evacuate Collection Set: 2.4ms
[146.308s][info][gc,phases      ] GC(830)   Post Evacuate Collection Set: 0.5ms
[146.308s][info][gc,phases      ] GC(830)   Other: 0.4ms
[146.308s][info][gc,heap        ] GC(830) Eden regions: 241->0(241)
[146.308s][info][gc,heap        ] GC(830) Survivor regions: 1->1(31)
[146.308s][info][gc,heap        ] GC(830) Old regions: 53->53
[146.308s][info][gc,heap        ] GC(830) Humongous regions: 6->6
[146.308s][info][gc,metaspace   ] GC(830) Metaspace: 72133K->72133K(1114112K)
[146.308s][info][gc             ] GC(830) Pause Young (Normal) (G1 Evacuation Pause) 297M->56M(404M) 3.654ms
[146.308s][info][gc,cpu         ] GC(830) User=0.00s Sys=0.00s Real=0.01s
[146.431s][info][gc,start       ] GC(831) Pause Young (Normal) (G1 Evacuation Pause)
[146.431s][info][gc,task        ] GC(831) Using 1 workers of 1 for evacuation
[146.434s][info][gc,phases      ] GC(831)   Pre Evacuate Collection Set: 0.0ms
[146.434s][info][gc,phases      ] GC(831)   Evacuate Collection Set: 2.4ms
[146.434s][info][gc,phases      ] GC(831)   Post Evacuate Collection Set: 0.3ms
[146.434s][info][gc,phases      ] GC(831)   Other: 0.4ms
[146.434s][info][gc,heap        ] GC(831) Eden regions: 241->0(241)
[146.434s][info][gc,heap        ] GC(831) Survivor regions: 1->1(31)
[146.434s][info][gc,heap        ] GC(831) Old regions: 53->53
[146.434s][info][gc,heap        ] GC(831) Humongous regions: 6->6
[146.434s][info][gc,metaspace   ] GC(831) Metaspace: 72133K->72133K(1114112K)
[146.434s][info][gc             ] GC(831) Pause Young (Normal) (G1 Evacuation Pause) 297M->56M(404M) 3.205ms
[146.434s][info][gc,cpu         ] GC(831) User=0.00s Sys=0.00s Real=0.00s
[146.553s][info][gc,start       ] GC(832) Pause Young (Normal) (G1 Evacuation Pause)
[146.554s][info][gc,task        ] GC(832) Using 1 workers of 1 for evacuation
[146.557s][info][gc,phases      ] GC(832)   Pre Evacuate Collection Set: 0.0ms
[146.557s][info][gc,phases      ] GC(832)   Evacuate Collection Set: 2.5ms
[146.557s][info][gc,phases      ] GC(832)   Post Evacuate Collection Set: 0.3ms
[146.557s][info][gc,phases      ] GC(832)   Other: 0.3ms
[146.557s][info][gc,heap        ] GC(832) Eden regions: 241->0(241)
[146.557s][info][gc,heap        ] GC(832) Survivor regions: 1->1(31)
[146.557s][info][gc,heap        ] GC(832) Old regions: 53->53
[146.557s][info][gc,heap        ] GC(832) Humongous regions: 6->6
[146.557s][info][gc,metaspace   ] GC(832) Metaspace: 72133K->72133K(1114112K)
[146.557s][info][gc             ] GC(832) Pause Young (Normal) (G1 Evacuation Pause) 297M->57M(404M) 3.152ms
[146.557s][info][gc,cpu         ] GC(832) User=0.01s Sys=0.00s Real=0.00s
[146.696s][info][gc,start       ] GC(833) Pause Young (Normal) (G1 Evacuation Pause)
[146.696s][info][gc,task        ] GC(833) Using 1 workers of 1 for evacuation
[146.699s][info][gc,phases      ] GC(833)   Pre Evacuate Collection Set: 0.0ms
[146.699s][info][gc,phases      ] GC(833)   Evacuate Collection Set: 2.4ms
[146.699s][info][gc,phases      ] GC(833)   Post Evacuate Collection Set: 0.3ms
[146.699s][info][gc,phases      ] GC(833)   Other: 0.4ms
[146.699s][info][gc,heap        ] GC(833) Eden regions: 241->0(241)
[146.699s][info][gc,heap        ] GC(833) Survivor regions: 1->1(31)
[146.699s][info][gc,heap        ] GC(833) Old regions: 53->53
[146.699s][info][gc,heap        ] GC(833) Humongous regions: 6->6
[146.699s][info][gc,metaspace   ] GC(833) Metaspace: 72133K->72133K(1114112K)
[146.699s][info][gc             ] GC(833) Pause Young (Normal) (G1 Evacuation Pause) 298M->57M(404M) 3.125ms
[146.699s][info][gc,cpu         ] GC(833) User=0.00s Sys=0.00s Real=0.01s
[146.827s][info][gc,start       ] GC(834) Pause Young (Normal) (G1 Evacuation Pause)
[146.827s][info][gc,task        ] GC(834) Using 1 workers of 1 for evacuation
[146.833s][info][gc,phases      ] GC(834)   Pre Evacuate Collection Set: 0.0ms
[146.833s][info][gc,phases      ] GC(834)   Evacuate Collection Set: 4.9ms
[146.833s][info][gc,phases      ] GC(834)   Post Evacuate Collection Set: 0.9ms
[146.833s][info][gc,phases      ] GC(834)   Other: 0.4ms
[146.833s][info][gc,heap        ] GC(834) Eden regions: 241->0(241)
[146.833s][info][gc,heap        ] GC(834) Survivor regions: 1->1(31)
[146.833s][info][gc,heap        ] GC(834) Old regions: 53->53
[146.833s][info][gc,heap        ] GC(834) Humongous regions: 6->6
[146.833s][info][gc,metaspace   ] GC(834) Metaspace: 72133K->72133K(1114112K)
[146.834s][info][gc             ] GC(834) Pause Young (Normal) (G1 Evacuation Pause) 298M->57M(404M) 6.287ms
[146.834s][info][gc,cpu         ] GC(834) User=0.00s Sys=0.00s Real=0.00s
[147.061s][info][gc,start       ] GC(835) Pause Young (Normal) (G1 Evacuation Pause)
[147.061s][info][gc,task        ] GC(835) Using 1 workers of 1 for evacuation
[147.065s][info][gc,phases      ] GC(835)   Pre Evacuate Collection Set: 0.0ms
[147.065s][info][gc,phases      ] GC(835)   Evacuate Collection Set: 2.8ms
[147.065s][info][gc,phases      ] GC(835)   Post Evacuate Collection Set: 0.4ms
[147.065s][info][gc,phases      ] GC(835)   Other: 0.4ms
[147.065s][info][gc,heap        ] GC(835) Eden regions: 241->0(241)
[147.065s][info][gc,heap        ] GC(835) Survivor regions: 1->1(31)
[147.065s][info][gc,heap        ] GC(835) Old regions: 53->53
[147.065s][info][gc,heap        ] GC(835) Humongous regions: 11->6
[147.065s][info][gc,metaspace   ] GC(835) Metaspace: 72134K->72134K(1114112K)
[147.065s][info][gc             ] GC(835) Pause Young (Normal) (G1 Evacuation Pause) 303M->57M(404M) 3.751ms
[147.065s][info][gc,cpu         ] GC(835) User=0.00s Sys=0.00s Real=0.00s
[147.226s][info][gc,start       ] GC(836) Pause Young (Normal) (G1 Evacuation Pause)
[147.226s][info][gc,task        ] GC(836) Using 1 workers of 1 for evacuation
[147.229s][info][gc,phases      ] GC(836)   Pre Evacuate Collection Set: 0.0ms
[147.229s][info][gc,phases      ] GC(836)   Evacuate Collection Set: 2.7ms
[147.229s][info][gc,phases      ] GC(836)   Post Evacuate Collection Set: 0.4ms
[147.229s][info][gc,phases      ] GC(836)   Other: 0.4ms
[147.229s][info][gc,heap        ] GC(836) Eden regions: 241->0(241)
[147.229s][info][gc,heap        ] GC(836) Survivor regions: 1->1(31)
[147.229s][info][gc,heap        ] GC(836) Old regions: 53->53
[147.229s][info][gc,heap        ] GC(836) Humongous regions: 6->6
[147.229s][info][gc,metaspace   ] GC(836) Metaspace: 72134K->72134K(1114112K)
[147.229s][info][gc             ] GC(836) Pause Young (Normal) (G1 Evacuation Pause) 298M->57M(404M) 3.573ms
[147.230s][info][gc,cpu         ] GC(836) User=0.01s Sys=0.00s Real=0.01s
[147.345s][info][gc,start       ] GC(837) Pause Young (Normal) (G1 Evacuation Pause)
[147.345s][info][gc,task        ] GC(837) Using 1 workers of 1 for evacuation
[147.348s][info][gc,phases      ] GC(837)   Pre Evacuate Collection Set: 0.0ms
[147.348s][info][gc,phases      ] GC(837)   Evacuate Collection Set: 2.7ms
[147.348s][info][gc,phases      ] GC(837)   Post Evacuate Collection Set: 0.4ms
[147.348s][info][gc,phases      ] GC(837)   Other: 0.3ms
[147.348s][info][gc,heap        ] GC(837) Eden regions: 241->0(241)
[147.348s][info][gc,heap        ] GC(837) Survivor regions: 1->1(31)
[147.348s][info][gc,heap        ] GC(837) Old regions: 53->53
[147.348s][info][gc,heap        ] GC(837) Humongous regions: 6->6
[147.348s][info][gc,metaspace   ] GC(837) Metaspace: 72134K->72134K(1114112K)
[147.348s][info][gc             ] GC(837) Pause Young (Normal) (G1 Evacuation Pause) 298M->57M(404M) 3.403ms
[147.348s][info][gc,cpu         ] GC(837) User=0.01s Sys=0.00s Real=0.01s
[147.502s][info][gc,start       ] GC(838) Pause Young (Normal) (G1 Evacuation Pause)
[147.502s][info][gc,task        ] GC(838) Using 1 workers of 1 for evacuation
[147.510s][info][gc,phases      ] GC(838)   Pre Evacuate Collection Set: 0.2ms
[147.510s][info][gc,phases      ] GC(838)   Evacuate Collection Set: 6.2ms
[147.510s][info][gc,phases      ] GC(838)   Post Evacuate Collection Set: 1.0ms
[147.510s][info][gc,phases      ] GC(838)   Other: 0.6ms
[147.510s][info][gc,heap        ] GC(838) Eden regions: 241->0(241)
[147.510s][info][gc,heap        ] GC(838) Survivor regions: 1->1(31)
[147.510s][info][gc,heap        ] GC(838) Old regions: 53->53
[147.510s][info][gc,heap        ] GC(838) Humongous regions: 6->6
[147.510s][info][gc,metaspace   ] GC(838) Metaspace: 72134K->72134K(1114112K)
[147.510s][info][gc             ] GC(838) Pause Young (Normal) (G1 Evacuation Pause) 298M->57M(404M) 8.095ms
[147.510s][info][gc,cpu         ] GC(838) User=0.01s Sys=0.00s Real=0.01s
[147.689s][info][gc,start       ] GC(839) Pause Young (Normal) (G1 Evacuation Pause)
[147.689s][info][gc,task        ] GC(839) Using 1 workers of 1 for evacuation
[147.692s][info][gc,phases      ] GC(839)   Pre Evacuate Collection Set: 0.0ms
[147.692s][info][gc,phases      ] GC(839)   Evacuate Collection Set: 2.6ms
[147.692s][info][gc,phases      ] GC(839)   Post Evacuate Collection Set: 0.3ms
[147.692s][info][gc,phases      ] GC(839)   Other: 0.3ms
[147.692s][info][gc,heap        ] GC(839) Eden regions: 241->0(241)
[147.692s][info][gc,heap        ] GC(839) Survivor regions: 1->1(31)
[147.692s][info][gc,heap        ] GC(839) Old regions: 53->53
[147.692s][info][gc,heap        ] GC(839) Humongous regions: 6->6
[147.692s][info][gc,metaspace   ] GC(839) Metaspace: 72134K->72134K(1114112K)
[147.692s][info][gc             ] GC(839) Pause Young (Normal) (G1 Evacuation Pause) 298M->57M(404M) 3.358ms
[147.692s][info][gc,cpu         ] GC(839) User=0.00s Sys=0.00s Real=0.00s
[147.870s][info][gc,start       ] GC(840) Pause Young (Normal) (G1 Evacuation Pause)
[147.870s][info][gc,task        ] GC(840) Using 1 workers of 1 for evacuation
[147.873s][info][gc,phases      ] GC(840)   Pre Evacuate Collection Set: 0.0ms
[147.873s][info][gc,phases      ] GC(840)   Evacuate Collection Set: 2.8ms
[147.873s][info][gc,phases      ] GC(840)   Post Evacuate Collection Set: 0.3ms
[147.873s][info][gc,phases      ] GC(840)   Other: 0.3ms
[147.873s][info][gc,heap        ] GC(840) Eden regions: 241->0(241)
[147.873s][info][gc,heap        ] GC(840) Survivor regions: 1->1(31)
[147.873s][info][gc,heap        ] GC(840) Old regions: 53->53
[147.873s][info][gc,heap        ] GC(840) Humongous regions: 6->6
[147.873s][info][gc,metaspace   ] GC(840) Metaspace: 72134K->72134K(1114112K)
[147.873s][info][gc             ] GC(840) Pause Young (Normal) (G1 Evacuation Pause) 298M->57M(404M) 3.522ms
[147.873s][info][gc,cpu         ] GC(840) User=0.00s Sys=0.00s Real=0.00s
[147.992s][info][gc,start       ] GC(841) Pause Young (Normal) (G1 Evacuation Pause)
[147.992s][info][gc,task        ] GC(841) Using 1 workers of 1 for evacuation
[147.996s][info][gc,phases      ] GC(841)   Pre Evacuate Collection Set: 0.0ms
[147.996s][info][gc,phases      ] GC(841)   Evacuate Collection Set: 2.8ms
[147.996s][info][gc,phases      ] GC(841)   Post Evacuate Collection Set: 0.4ms
[147.996s][info][gc,phases      ] GC(841)   Other: 0.4ms
[147.996s][info][gc,heap        ] GC(841) Eden regions: 241->0(241)
[147.996s][info][gc,heap        ] GC(841) Survivor regions: 1->1(31)
[147.996s][info][gc,heap        ] GC(841) Old regions: 53->53
[147.996s][info][gc,heap        ] GC(841) Humongous regions: 6->6
[147.996s][info][gc,metaspace   ] GC(841) Metaspace: 72134K->72134K(1114112K)
[147.996s][info][gc             ] GC(841) Pause Young (Normal) (G1 Evacuation Pause) 298M->57M(404M) 3.685ms
[147.996s][info][gc,cpu         ] GC(841) User=0.00s Sys=0.00s Real=0.00s
[148.127s][info][gc,start       ] GC(842) Pause Young (Normal) (G1 Evacuation Pause)
[148.128s][info][gc,task        ] GC(842) Using 1 workers of 1 for evacuation
[148.131s][info][gc,phases      ] GC(842)   Pre Evacuate Collection Set: 0.0ms
[148.131s][info][gc,phases      ] GC(842)   Evacuate Collection Set: 2.5ms
[148.131s][info][gc,phases      ] GC(842)   Post Evacuate Collection Set: 0.4ms
[148.131s][info][gc,phases      ] GC(842)   Other: 0.3ms
[148.131s][info][gc,heap        ] GC(842) Eden regions: 241->0(241)
[148.131s][info][gc,heap        ] GC(842) Survivor regions: 1->1(31)
[148.131s][info][gc,heap        ] GC(842) Old regions: 53->53
[148.131s][info][gc,heap        ] GC(842) Humongous regions: 6->6
[148.131s][info][gc,metaspace   ] GC(842) Metaspace: 72134K->72134K(1114112K)
[148.131s][info][gc             ] GC(842) Pause Young (Normal) (G1 Evacuation Pause) 298M->57M(404M) 3.275ms
[148.131s][info][gc,cpu         ] GC(842) User=0.01s Sys=0.00s Real=0.00s
[148.245s][info][gc,start       ] GC(843) Pause Young (Normal) (G1 Evacuation Pause)
[148.245s][info][gc,task        ] GC(843) Using 1 workers of 1 for evacuation
[148.248s][info][gc,phases      ] GC(843)   Pre Evacuate Collection Set: 0.0ms
[148.248s][info][gc,phases      ] GC(843)   Evacuate Collection Set: 2.5ms
[148.248s][info][gc,phases      ] GC(843)   Post Evacuate Collection Set: 0.3ms
[148.248s][info][gc,phases      ] GC(843)   Other: 0.3ms
[148.248s][info][gc,heap        ] GC(843) Eden regions: 241->0(241)
[148.248s][info][gc,heap        ] GC(843) Survivor regions: 1->1(31)
[148.248s][info][gc,heap        ] GC(843) Old regions: 53->53
[148.248s][info][gc,heap        ] GC(843) Humongous regions: 6->6
[148.248s][info][gc,metaspace   ] GC(843) Metaspace: 72134K->72134K(1114112K)
[148.248s][info][gc             ] GC(843) Pause Young (Normal) (G1 Evacuation Pause) 298M->57M(404M) 3.230ms
[148.248s][info][gc,cpu         ] GC(843) User=0.01s Sys=0.00s Real=0.01s
[148.364s][info][gc,start       ] GC(844) Pause Young (Normal) (G1 Evacuation Pause)
[148.364s][info][gc,task        ] GC(844) Using 1 workers of 1 for evacuation
[148.367s][info][gc,phases      ] GC(844)   Pre Evacuate Collection Set: 0.0ms
[148.367s][info][gc,phases      ] GC(844)   Evacuate Collection Set: 2.4ms
[148.367s][info][gc,phases      ] GC(844)   Post Evacuate Collection Set: 0.4ms
[148.367s][info][gc,phases      ] GC(844)   Other: 0.3ms
[148.367s][info][gc,heap        ] GC(844) Eden regions: 241->0(241)
[148.367s][info][gc,heap        ] GC(844) Survivor regions: 1->1(31)
[148.367s][info][gc,heap        ] GC(844) Old regions: 53->53
[148.367s][info][gc,heap        ] GC(844) Humongous regions: 6->6
[148.367s][info][gc,metaspace   ] GC(844) Metaspace: 72134K->72134K(1114112K)
[148.367s][info][gc             ] GC(844) Pause Young (Normal) (G1 Evacuation Pause) 298M->57M(404M) 3.188ms
[148.367s][info][gc,cpu         ] GC(844) User=0.00s Sys=0.00s Real=0.01s
[148.525s][info][gc,start       ] GC(845) Pause Young (Normal) (G1 Evacuation Pause)
[148.526s][info][gc,task        ] GC(845) Using 1 workers of 1 for evacuation
[148.533s][info][gc,phases      ] GC(845)   Pre Evacuate Collection Set: 0.1ms
[148.533s][info][gc,phases      ] GC(845)   Evacuate Collection Set: 5.7ms
[148.533s][info][gc,phases      ] GC(845)   Post Evacuate Collection Set: 0.8ms
[148.533s][info][gc,phases      ] GC(845)   Other: 0.7ms
[148.533s][info][gc,heap        ] GC(845) Eden regions: 241->0(241)
[148.533s][info][gc,heap        ] GC(845) Survivor regions: 1->1(31)
[148.533s][info][gc,heap        ] GC(845) Old regions: 53->53
[148.533s][info][gc,heap        ] GC(845) Humongous regions: 11->6
[148.533s][info][gc,metaspace   ] GC(845) Metaspace: 72134K->72134K(1114112K)
[148.533s][info][gc             ] GC(845) Pause Young (Normal) (G1 Evacuation Pause) 303M->57M(404M) 7.344ms
[148.533s][info][gc,cpu         ] GC(845) User=0.01s Sys=0.00s Real=0.01s
[148.683s][info][gc,start       ] GC(846) Pause Young (Normal) (G1 Evacuation Pause)
[148.683s][info][gc,task        ] GC(846) Using 1 workers of 1 for evacuation
[148.686s][info][gc,phases      ] GC(846)   Pre Evacuate Collection Set: 0.0ms
[148.686s][info][gc,phases      ] GC(846)   Evacuate Collection Set: 2.4ms
[148.686s][info][gc,phases      ] GC(846)   Post Evacuate Collection Set: 0.3ms
[148.686s][info][gc,phases      ] GC(846)   Other: 0.3ms
[148.686s][info][gc,heap        ] GC(846) Eden regions: 241->0(241)
[148.686s][info][gc,heap        ] GC(846) Survivor regions: 1->1(31)
[148.686s][info][gc,heap        ] GC(846) Old regions: 53->53
[148.686s][info][gc,heap        ] GC(846) Humongous regions: 6->6
[148.686s][info][gc,metaspace   ] GC(846) Metaspace: 72134K->72134K(1114112K)
[148.686s][info][gc             ] GC(846) Pause Young (Normal) (G1 Evacuation Pause) 298M->57M(404M) 3.048ms
[148.686s][info][gc,cpu         ] GC(846) User=0.00s Sys=0.00s Real=0.00s
[148.851s][info][gc,start       ] GC(847) Pause Young (Normal) (G1 Evacuation Pause)
[148.852s][info][gc,task        ] GC(847) Using 1 workers of 1 for evacuation
[148.855s][info][gc,phases      ] GC(847)   Pre Evacuate Collection Set: 0.0ms
[148.855s][info][gc,phases      ] GC(847)   Evacuate Collection Set: 2.5ms
[148.855s][info][gc,phases      ] GC(847)   Post Evacuate Collection Set: 0.4ms
[148.855s][info][gc,phases      ] GC(847)   Other: 0.4ms
[148.855s][info][gc,heap        ] GC(847) Eden regions: 241->0(241)
[148.855s][info][gc,heap        ] GC(847) Survivor regions: 1->1(31)
[148.855s][info][gc,heap        ] GC(847) Old regions: 53->53
[148.855s][info][gc,heap        ] GC(847) Humongous regions: 6->6
[148.855s][info][gc,metaspace   ] GC(847) Metaspace: 72134K->72134K(1114112K)
[148.855s][info][gc             ] GC(847) Pause Young (Normal) (G1 Evacuation Pause) 298M->57M(404M) 3.401ms
[148.855s][info][gc,cpu         ] GC(847) User=0.00s Sys=0.00s Real=0.00s
[149.023s][info][gc,start       ] GC(848) Pause Young (Normal) (G1 Evacuation Pause)
[149.023s][info][gc,task        ] GC(848) Using 1 workers of 1 for evacuation
[149.026s][info][gc,phases      ] GC(848)   Pre Evacuate Collection Set: 0.0ms
[149.026s][info][gc,phases      ] GC(848)   Evacuate Collection Set: 2.4ms
[149.026s][info][gc,phases      ] GC(848)   Post Evacuate Collection Set: 0.3ms
[149.026s][info][gc,phases      ] GC(848)   Other: 0.3ms
[149.026s][info][gc,heap        ] GC(848) Eden regions: 241->0(241)
[149.026s][info][gc,heap        ] GC(848) Survivor regions: 1->1(31)
[149.026s][info][gc,heap        ] GC(848) Old regions: 53->53
[149.026s][info][gc,heap        ] GC(848) Humongous regions: 6->6
[149.026s][info][gc,metaspace   ] GC(848) Metaspace: 72134K->72134K(1114112K)
[149.026s][info][gc             ] GC(848) Pause Young (Normal) (G1 Evacuation Pause) 298M->57M(404M) 3.129ms
[149.026s][info][gc,cpu         ] GC(848) User=0.00s Sys=0.00s Real=0.01s
[149.144s][info][gc,start       ] GC(849) Pause Young (Normal) (G1 Evacuation Pause)
[149.144s][info][gc,task        ] GC(849) Using 1 workers of 1 for evacuation
[149.147s][info][gc,phases      ] GC(849)   Pre Evacuate Collection Set: 0.0ms
[149.147s][info][gc,phases      ] GC(849)   Evacuate Collection Set: 2.6ms
[149.147s][info][gc,phases      ] GC(849)   Post Evacuate Collection Set: 0.3ms
[149.147s][info][gc,phases      ] GC(849)   Other: 0.3ms
[149.147s][info][gc,heap        ] GC(849) Eden regions: 241->0(241)
[149.147s][info][gc,heap        ] GC(849) Survivor regions: 1->1(31)
[149.147s][info][gc,heap        ] GC(849) Old regions: 53->53
[149.147s][info][gc,heap        ] GC(849) Humongous regions: 6->6
[149.147s][info][gc,metaspace   ] GC(849) Metaspace: 72134K->72134K(1114112K)
[149.147s][info][gc             ] GC(849) Pause Young (Normal) (G1 Evacuation Pause) 298M->57M(404M) 3.310ms
[149.148s][info][gc,cpu         ] GC(849) User=0.00s Sys=0.00s Real=0.01s
[149.269s][info][gc,start       ] GC(850) Pause Young (Normal) (G1 Evacuation Pause)
[149.269s][info][gc,task        ] GC(850) Using 1 workers of 1 for evacuation
[149.273s][info][gc,phases      ] GC(850)   Pre Evacuate Collection Set: 0.0ms
[149.273s][info][gc,phases      ] GC(850)   Evacuate Collection Set: 2.7ms
[149.273s][info][gc,phases      ] GC(850)   Post Evacuate Collection Set: 0.3ms
[149.273s][info][gc,phases      ] GC(850)   Other: 0.4ms
[149.273s][info][gc,heap        ] GC(850) Eden regions: 241->0(241)
[149.273s][info][gc,heap        ] GC(850) Survivor regions: 1->1(31)
[149.273s][info][gc,heap        ] GC(850) Old regions: 53->53
[149.273s][info][gc,heap        ] GC(850) Humongous regions: 6->6
[149.273s][info][gc,metaspace   ] GC(850) Metaspace: 72134K->72134K(1114112K)
[149.273s][info][gc             ] GC(850) Pause Young (Normal) (G1 Evacuation Pause) 298M->57M(404M) 3.513ms
[149.273s][info][gc,cpu         ] GC(850) User=0.00s Sys=0.00s Real=0.00s
[149.395s][info][gc,start       ] GC(851) Pause Young (Normal) (G1 Evacuation Pause)
[149.395s][info][gc,task        ] GC(851) Using 1 workers of 1 for evacuation
[149.398s][info][gc,phases      ] GC(851)   Pre Evacuate Collection Set: 0.0ms
[149.398s][info][gc,phases      ] GC(851)   Evacuate Collection Set: 2.4ms
[149.398s][info][gc,phases      ] GC(851)   Post Evacuate Collection Set: 0.3ms
[149.398s][info][gc,phases      ] GC(851)   Other: 0.3ms
[149.398s][info][gc,heap        ] GC(851) Eden regions: 241->0(241)
[149.398s][info][gc,heap        ] GC(851) Survivor regions: 1->1(31)
[149.398s][info][gc,heap        ] GC(851) Old regions: 53->53
[149.398s][info][gc,heap        ] GC(851) Humongous regions: 6->6
[149.398s][info][gc,metaspace   ] GC(851) Metaspace: 72134K->72134K(1114112K)
[149.398s][info][gc             ] GC(851) Pause Young (Normal) (G1 Evacuation Pause) 298M->57M(404M) 3.143ms
[149.398s][info][gc,cpu         ] GC(851) User=0.00s Sys=0.00s Real=0.00s
[149.542s][info][gc,start       ] GC(852) Pause Young (Normal) (G1 Evacuation Pause)
[149.542s][info][gc,task        ] GC(852) Using 1 workers of 1 for evacuation
[149.545s][info][gc,phases      ] GC(852)   Pre Evacuate Collection Set: 0.0ms
[149.545s][info][gc,phases      ] GC(852)   Evacuate Collection Set: 2.4ms
[149.545s][info][gc,phases      ] GC(852)   Post Evacuate Collection Set: 0.3ms
[149.545s][info][gc,phases      ] GC(852)   Other: 0.3ms
[149.545s][info][gc,heap        ] GC(852) Eden regions: 241->0(241)
[149.545s][info][gc,heap        ] GC(852) Survivor regions: 1->1(31)
[149.545s][info][gc,heap        ] GC(852) Old regions: 53->53
[149.545s][info][gc,heap        ] GC(852) Humongous regions: 6->6
[149.545s][info][gc,metaspace   ] GC(852) Metaspace: 72134K->72134K(1114112K)
[149.545s][info][gc             ] GC(852) Pause Young (Normal) (G1 Evacuation Pause) 298M->57M(404M) 3.043ms
[149.545s][info][gc,cpu         ] GC(852) User=0.00s Sys=0.00s Real=0.00s
[149.666s][info][gc,start       ] GC(853) Pause Young (Normal) (G1 Evacuation Pause)
[149.667s][info][gc,task        ] GC(853) Using 1 workers of 1 for evacuation
[149.670s][info][gc,phases      ] GC(853)   Pre Evacuate Collection Set: 0.0ms
[149.670s][info][gc,phases      ] GC(853)   Evacuate Collection Set: 2.4ms
[149.670s][info][gc,phases      ] GC(853)   Post Evacuate Collection Set: 0.3ms
[149.670s][info][gc,phases      ] GC(853)   Other: 0.4ms
[149.670s][info][gc,heap        ] GC(853) Eden regions: 241->0(241)
[149.670s][info][gc,heap        ] GC(853) Survivor regions: 1->1(31)
[149.670s][info][gc,heap        ] GC(853) Old regions: 53->53
[149.670s][info][gc,heap        ] GC(853) Humongous regions: 6->6
[149.670s][info][gc,metaspace   ] GC(853) Metaspace: 72134K->72134K(1114112K)
[149.670s][info][gc             ] GC(853) Pause Young (Normal) (G1 Evacuation Pause) 298M->57M(404M) 3.167ms
[149.670s][info][gc,cpu         ] GC(853) User=0.00s Sys=0.01s Real=0.00s
[149.814s][info][gc,start       ] GC(854) Pause Young (Normal) (G1 Evacuation Pause)
[149.814s][info][gc,task        ] GC(854) Using 1 workers of 1 for evacuation
[149.817s][info][gc,phases      ] GC(854)   Pre Evacuate Collection Set: 0.0ms
[149.817s][info][gc,phases      ] GC(854)   Evacuate Collection Set: 2.7ms
[149.817s][info][gc,phases      ] GC(854)   Post Evacuate Collection Set: 0.4ms
[149.817s][info][gc,phases      ] GC(854)   Other: 0.4ms
[149.817s][info][gc,heap        ] GC(854) Eden regions: 241->0(241)
[149.817s][info][gc,heap        ] GC(854) Survivor regions: 1->1(31)
[149.817s][info][gc,heap        ] GC(854) Old regions: 53->53
[149.817s][info][gc,heap        ] GC(854) Humongous regions: 11->6
[149.817s][info][gc,metaspace   ] GC(854) Metaspace: 72134K->72134K(1114112K)
[149.817s][info][gc             ] GC(854) Pause Young (Normal) (G1 Evacuation Pause) 303M->57M(404M) 3.530ms
[149.817s][info][gc,cpu         ] GC(854) User=0.00s Sys=0.00s Real=0.00s
[149.945s][info][gc,start       ] GC(855) Pause Young (Normal) (G1 Evacuation Pause)
[149.945s][info][gc,task        ] GC(855) Using 1 workers of 1 for evacuation
[149.948s][info][gc,phases      ] GC(855)   Pre Evacuate Collection Set: 0.0ms
[149.948s][info][gc,phases      ] GC(855)   Evacuate Collection Set: 2.7ms
[149.948s][info][gc,phases      ] GC(855)   Post Evacuate Collection Set: 0.4ms
[149.948s][info][gc,phases      ] GC(855)   Other: 0.3ms
[149.948s][info][gc,heap        ] GC(855) Eden regions: 241->0(241)
[149.948s][info][gc,heap        ] GC(855) Survivor regions: 1->1(31)
[149.948s][info][gc,heap        ] GC(855) Old regions: 53->53
[149.948s][info][gc,heap        ] GC(855) Humongous regions: 6->6
[149.948s][info][gc,metaspace   ] GC(855) Metaspace: 72134K->72134K(1114112K)
[149.948s][info][gc             ] GC(855) Pause Young (Normal) (G1 Evacuation Pause) 298M->57M(404M) 3.454ms
[149.948s][info][gc,cpu         ] GC(855) User=0.00s Sys=0.00s Real=0.01s
[150.067s][info][gc,start       ] GC(856) Pause Young (Normal) (G1 Evacuation Pause)
[150.067s][info][gc,task        ] GC(856) Using 1 workers of 1 for evacuation
[150.070s][info][gc,phases      ] GC(856)   Pre Evacuate Collection Set: 0.0ms
[150.070s][info][gc,phases      ] GC(856)   Evacuate Collection Set: 2.8ms
[150.070s][info][gc,phases      ] GC(856)   Post Evacuate Collection Set: 0.4ms
[150.071s][info][gc,phases      ] GC(856)   Other: 0.7ms
[150.071s][info][gc,heap        ] GC(856) Eden regions: 241->0(241)
[150.071s][info][gc,heap        ] GC(856) Survivor regions: 1->1(31)
[150.071s][info][gc,heap        ] GC(856) Old regions: 53->53
[150.071s][info][gc,heap        ] GC(856) Humongous regions: 6->6
[150.071s][info][gc,metaspace   ] GC(856) Metaspace: 72134K->72134K(1114112K)
[150.071s][info][gc             ] GC(856) Pause Young (Normal) (G1 Evacuation Pause) 298M->57M(404M) 3.945ms
[150.071s][info][gc,cpu         ] GC(856) User=0.01s Sys=0.00s Real=0.00s
[150.187s][info][gc,start       ] GC(857) Pause Young (Normal) (G1 Evacuation Pause)
[150.187s][info][gc,task        ] GC(857) Using 1 workers of 1 for evacuation
[150.190s][info][gc,phases      ] GC(857)   Pre Evacuate Collection Set: 0.0ms
[150.190s][info][gc,phases      ] GC(857)   Evacuate Collection Set: 2.6ms
[150.190s][info][gc,phases      ] GC(857)   Post Evacuate Collection Set: 0.4ms
[150.190s][info][gc,phases      ] GC(857)   Other: 0.3ms
[150.190s][info][gc,heap        ] GC(857) Eden regions: 241->0(241)
[150.190s][info][gc,heap        ] GC(857) Survivor regions: 1->1(31)
[150.190s][info][gc,heap        ] GC(857) Old regions: 53->53
[150.190s][info][gc,heap        ] GC(857) Humongous regions: 6->6
[150.190s][info][gc,metaspace   ] GC(857) Metaspace: 72134K->72134K(1114112K)
[150.190s][info][gc             ] GC(857) Pause Young (Normal) (G1 Evacuation Pause) 298M->57M(404M) 3.358ms
[150.190s][info][gc,cpu         ] GC(857) User=0.01s Sys=0.00s Real=0.00s
[150.308s][info][gc,start       ] GC(858) Pause Young (Normal) (G1 Evacuation Pause)
[150.308s][info][gc,task        ] GC(858) Using 1 workers of 1 for evacuation
[150.311s][info][gc,phases      ] GC(858)   Pre Evacuate Collection Set: 0.0ms
[150.311s][info][gc,phases      ] GC(858)   Evacuate Collection Set: 2.6ms
[150.311s][info][gc,phases      ] GC(858)   Post Evacuate Collection Set: 0.3ms
[150.311s][info][gc,phases      ] GC(858)   Other: 0.3ms
[150.311s][info][gc,heap        ] GC(858) Eden regions: 241->0(241)
[150.311s][info][gc,heap        ] GC(858) Survivor regions: 1->1(31)
[150.311s][info][gc,heap        ] GC(858) Old regions: 53->53
[150.311s][info][gc,heap        ] GC(858) Humongous regions: 6->6
[150.311s][info][gc,metaspace   ] GC(858) Metaspace: 72134K->72134K(1114112K)
[150.311s][info][gc             ] GC(858) Pause Young (Normal) (G1 Evacuation Pause) 298M->57M(404M) 3.278ms
[150.312s][info][gc,cpu         ] GC(858) User=0.01s Sys=0.00s Real=0.00s
[150.429s][info][gc,start       ] GC(859) Pause Young (Normal) (G1 Evacuation Pause)
[150.429s][info][gc,task        ] GC(859) Using 1 workers of 1 for evacuation
[150.433s][info][gc,phases      ] GC(859)   Pre Evacuate Collection Set: 0.1ms
[150.433s][info][gc,phases      ] GC(859)   Evacuate Collection Set: 2.6ms
[150.433s][info][gc,phases      ] GC(859)   Post Evacuate Collection Set: 0.4ms
[150.433s][info][gc,phases      ] GC(859)   Other: 0.4ms
[150.433s][info][gc,heap        ] GC(859) Eden regions: 241->0(241)
[150.433s][info][gc,heap        ] GC(859) Survivor regions: 1->1(31)
[150.433s][info][gc,heap        ] GC(859) Old regions: 53->53
[150.433s][info][gc,heap        ] GC(859) Humongous regions: 6->6
[150.433s][info][gc,metaspace   ] GC(859) Metaspace: 72134K->72134K(1114112K)
[150.433s][info][gc             ] GC(859) Pause Young (Normal) (G1 Evacuation Pause) 298M->57M(404M) 3.406ms
[150.433s][info][gc,cpu         ] GC(859) User=0.01s Sys=0.00s Real=0.00s
[150.549s][info][gc,start       ] GC(860) Pause Young (Normal) (G1 Evacuation Pause)
[150.549s][info][gc,task        ] GC(860) Using 1 workers of 1 for evacuation
[150.552s][info][gc,phases      ] GC(860)   Pre Evacuate Collection Set: 0.1ms
[150.552s][info][gc,phases      ] GC(860)   Evacuate Collection Set: 2.6ms
[150.552s][info][gc,phases      ] GC(860)   Post Evacuate Collection Set: 0.3ms
[150.552s][info][gc,phases      ] GC(860)   Other: 0.3ms
[150.552s][info][gc,heap        ] GC(860) Eden regions: 241->0(241)
[150.552s][info][gc,heap        ] GC(860) Survivor regions: 1->1(31)
[150.552s][info][gc,heap        ] GC(860) Old regions: 53->53
[150.552s][info][gc,heap        ] GC(860) Humongous regions: 6->6
[150.552s][info][gc,metaspace   ] GC(860) Metaspace: 72134K->72134K(1114112K)
[150.552s][info][gc             ] GC(860) Pause Young (Normal) (G1 Evacuation Pause) 298M->57M(404M) 3.327ms
[150.552s][info][gc,cpu         ] GC(860) User=0.01s Sys=0.00s Real=0.00s
[150.669s][info][gc,start       ] GC(861) Pause Young (Normal) (G1 Evacuation Pause)
[150.669s][info][gc,task        ] GC(861) Using 1 workers of 1 for evacuation
[150.672s][info][gc,phases      ] GC(861)   Pre Evacuate Collection Set: 0.0ms
[150.672s][info][gc,phases      ] GC(861)   Evacuate Collection Set: 2.5ms
[150.672s][info][gc,phases      ] GC(861)   Post Evacuate Collection Set: 0.3ms
[150.672s][info][gc,phases      ] GC(861)   Other: 0.3ms
[150.673s][info][gc,heap        ] GC(861) Eden regions: 241->0(241)
[150.673s][info][gc,heap        ] GC(861) Survivor regions: 1->1(31)
[150.673s][info][gc,heap        ] GC(861) Old regions: 53->53
[150.673s][info][gc,heap        ] GC(861) Humongous regions: 6->6
[150.673s][info][gc,metaspace   ] GC(861) Metaspace: 72134K->72134K(1114112K)
[150.673s][info][gc             ] GC(861) Pause Young (Normal) (G1 Evacuation Pause) 298M->57M(404M) 3.215ms
[150.673s][info][gc,cpu         ] GC(861) User=0.01s Sys=0.00s Real=0.00s
[150.792s][info][gc,start       ] GC(862) Pause Young (Normal) (G1 Evacuation Pause)
[150.792s][info][gc,task        ] GC(862) Using 1 workers of 1 for evacuation
[150.795s][info][gc,phases      ] GC(862)   Pre Evacuate Collection Set: 0.0ms
[150.795s][info][gc,phases      ] GC(862)   Evacuate Collection Set: 2.5ms
[150.795s][info][gc,phases      ] GC(862)   Post Evacuate Collection Set: 0.4ms
[150.795s][info][gc,phases      ] GC(862)   Other: 0.3ms
[150.795s][info][gc,heap        ] GC(862) Eden regions: 241->0(241)
[150.795s][info][gc,heap        ] GC(862) Survivor regions: 1->1(31)
[150.795s][info][gc,heap        ] GC(862) Old regions: 53->53
[150.795s][info][gc,heap        ] GC(862) Humongous regions: 6->6
[150.795s][info][gc,metaspace   ] GC(862) Metaspace: 72134K->72134K(1114112K)
[150.795s][info][gc             ] GC(862) Pause Young (Normal) (G1 Evacuation Pause) 298M->57M(404M) 3.214ms
[150.795s][info][gc,cpu         ] GC(862) User=0.01s Sys=0.00s Real=0.00s
[150.914s][info][gc,start       ] GC(863) Pause Young (Normal) (G1 Evacuation Pause)
[150.914s][info][gc,task        ] GC(863) Using 1 workers of 1 for evacuation
[150.917s][info][gc,phases      ] GC(863)   Pre Evacuate Collection Set: 0.0ms
[150.917s][info][gc,phases      ] GC(863)   Evacuate Collection Set: 2.5ms
[150.917s][info][gc,phases      ] GC(863)   Post Evacuate Collection Set: 0.3ms
[150.917s][info][gc,phases      ] GC(863)   Other: 0.3ms
[150.917s][info][gc,heap        ] GC(863) Eden regions: 241->0(241)
[150.917s][info][gc,heap        ] GC(863) Survivor regions: 1->1(31)
[150.917s][info][gc,heap        ] GC(863) Old regions: 53->53
[150.917s][info][gc,heap        ] GC(863) Humongous regions: 6->6
[150.917s][info][gc,metaspace   ] GC(863) Metaspace: 72134K->72134K(1114112K)
[150.917s][info][gc             ] GC(863) Pause Young (Normal) (G1 Evacuation Pause) 298M->57M(404M) 3.208ms
[150.917s][info][gc,cpu         ] GC(863) User=0.00s Sys=0.00s Real=0.00s
[151.050s][info][gc,start       ] GC(864) Pause Young (Normal) (G1 Evacuation Pause)
[151.050s][info][gc,task        ] GC(864) Using 1 workers of 1 for evacuation
[151.053s][info][gc,phases      ] GC(864)   Pre Evacuate Collection Set: 0.0ms
[151.053s][info][gc,phases      ] GC(864)   Evacuate Collection Set: 2.4ms
[151.053s][info][gc,phases      ] GC(864)   Post Evacuate Collection Set: 0.3ms
[151.053s][info][gc,phases      ] GC(864)   Other: 0.3ms
[151.053s][info][gc,heap        ] GC(864) Eden regions: 241->0(241)
[151.053s][info][gc,heap        ] GC(864) Survivor regions: 1->1(31)
[151.053s][info][gc,heap        ] GC(864) Old regions: 53->53
[151.053s][info][gc,heap        ] GC(864) Humongous regions: 11->6
[151.053s][info][gc,metaspace   ] GC(864) Metaspace: 72136K->72136K(1114112K)
[151.053s][info][gc             ] GC(864) Pause Young (Normal) (G1 Evacuation Pause) 303M->57M(404M) 3.193ms
[151.053s][info][gc,cpu         ] GC(864) User=0.00s Sys=0.00s Real=0.00s
[151.203s][info][gc,start       ] GC(865) Pause Young (Normal) (G1 Evacuation Pause)
[151.203s][info][gc,task        ] GC(865) Using 1 workers of 1 for evacuation
[151.206s][info][gc,phases      ] GC(865)   Pre Evacuate Collection Set: 0.0ms
[151.206s][info][gc,phases      ] GC(865)   Evacuate Collection Set: 2.5ms
[151.206s][info][gc,phases      ] GC(865)   Post Evacuate Collection Set: 0.3ms
[151.206s][info][gc,phases      ] GC(865)   Other: 0.4ms
[151.206s][info][gc,heap        ] GC(865) Eden regions: 241->0(241)
[151.206s][info][gc,heap        ] GC(865) Survivor regions: 1->1(31)
[151.206s][info][gc,heap        ] GC(865) Old regions: 53->53
[151.206s][info][gc,heap        ] GC(865) Humongous regions: 6->6
[151.206s][info][gc,metaspace   ] GC(865) Metaspace: 72136K->72136K(1114112K)
[151.206s][info][gc             ] GC(865) Pause Young (Normal) (G1 Evacuation Pause) 298M->57M(404M) 3.234ms
[151.206s][info][gc,cpu         ] GC(865) User=0.01s Sys=0.00s Real=0.00s
[151.326s][info][gc,start       ] GC(866) Pause Young (Normal) (G1 Evacuation Pause)
[151.326s][info][gc,task        ] GC(866) Using 1 workers of 1 for evacuation
[151.329s][info][gc,phases      ] GC(866)   Pre Evacuate Collection Set: 0.0ms
[151.329s][info][gc,phases      ] GC(866)   Evacuate Collection Set: 2.5ms
[151.329s][info][gc,phases      ] GC(866)   Post Evacuate Collection Set: 0.3ms
[151.329s][info][gc,phases      ] GC(866)   Other: 0.3ms
[151.329s][info][gc,heap        ] GC(866) Eden regions: 241->0(241)
[151.329s][info][gc,heap        ] GC(866) Survivor regions: 1->1(31)
[151.329s][info][gc,heap        ] GC(866) Old regions: 53->53
[151.329s][info][gc,heap        ] GC(866) Humongous regions: 6->6
[151.329s][info][gc,metaspace   ] GC(866) Metaspace: 72136K->72136K(1114112K)
[151.329s][info][gc             ] GC(866) Pause Young (Normal) (G1 Evacuation Pause) 298M->57M(404M) 3.241ms
[151.329s][info][gc,cpu         ] GC(866) User=0.00s Sys=0.00s Real=0.01s
[151.451s][info][gc,start       ] GC(867) Pause Young (Normal) (G1 Evacuation Pause)
[151.451s][info][gc,task        ] GC(867) Using 1 workers of 1 for evacuation
[151.454s][info][gc,phases      ] GC(867)   Pre Evacuate Collection Set: 0.0ms
[151.454s][info][gc,phases      ] GC(867)   Evacuate Collection Set: 2.5ms
[151.454s][info][gc,phases      ] GC(867)   Post Evacuate Collection Set: 0.3ms
[151.454s][info][gc,phases      ] GC(867)   Other: 0.3ms
[151.454s][info][gc,heap        ] GC(867) Eden regions: 241->0(241)
[151.454s][info][gc,heap        ] GC(867) Survivor regions: 1->1(31)
[151.454s][info][gc,heap        ] GC(867) Old regions: 53->53
[151.454s][info][gc,heap        ] GC(867) Humongous regions: 6->6
[151.454s][info][gc,metaspace   ] GC(867) Metaspace: 72136K->72136K(1114112K)
[151.454s][info][gc             ] GC(867) Pause Young (Normal) (G1 Evacuation Pause) 298M->57M(404M) 3.187ms
[151.454s][info][gc,cpu         ] GC(867) User=0.00s Sys=0.00s Real=0.00s
[151.572s][info][gc,start       ] GC(868) Pause Young (Normal) (G1 Evacuation Pause)
[151.572s][info][gc,task        ] GC(868) Using 1 workers of 1 for evacuation
[151.575s][info][gc,phases      ] GC(868)   Pre Evacuate Collection Set: 0.0ms
[151.575s][info][gc,phases      ] GC(868)   Evacuate Collection Set: 2.5ms
[151.575s][info][gc,phases      ] GC(868)   Post Evacuate Collection Set: 0.4ms
[151.575s][info][gc,phases      ] GC(868)   Other: 0.3ms
[151.575s][info][gc,heap        ] GC(868) Eden regions: 241->0(241)
[151.575s][info][gc,heap        ] GC(868) Survivor regions: 1->1(31)
[151.575s][info][gc,heap        ] GC(868) Old regions: 53->53
[151.575s][info][gc,heap        ] GC(868) Humongous regions: 6->6
[151.575s][info][gc,metaspace   ] GC(868) Metaspace: 72136K->72136K(1114112K)
[151.575s][info][gc             ] GC(868) Pause Young (Normal) (G1 Evacuation Pause) 298M->57M(404M) 3.263ms
[151.575s][info][gc,cpu         ] GC(868) User=0.00s Sys=0.00s Real=0.00s
[151.697s][info][gc,start       ] GC(869) Pause Young (Normal) (G1 Evacuation Pause)
[151.697s][info][gc,task        ] GC(869) Using 1 workers of 1 for evacuation
[151.701s][info][gc,phases      ] GC(869)   Pre Evacuate Collection Set: 0.0ms
[151.701s][info][gc,phases      ] GC(869)   Evacuate Collection Set: 2.6ms
[151.701s][info][gc,phases      ] GC(869)   Post Evacuate Collection Set: 0.4ms
[151.701s][info][gc,phases      ] GC(869)   Other: 0.3ms
[151.701s][info][gc,heap        ] GC(869) Eden regions: 241->0(241)
[151.701s][info][gc,heap        ] GC(869) Survivor regions: 1->1(31)
[151.701s][info][gc,heap        ] GC(869) Old regions: 53->53
[151.701s][info][gc,heap        ] GC(869) Humongous regions: 6->6
[151.701s][info][gc,metaspace   ] GC(869) Metaspace: 72136K->72136K(1114112K)
[151.701s][info][gc             ] GC(869) Pause Young (Normal) (G1 Evacuation Pause) 298M->57M(404M) 3.350ms
[151.701s][info][gc,cpu         ] GC(869) User=0.01s Sys=0.00s Real=0.01s
[151.820s][info][gc,start       ] GC(870) Pause Young (Normal) (G1 Evacuation Pause)
[151.820s][info][gc,task        ] GC(870) Using 1 workers of 1 for evacuation
[151.823s][info][gc,phases      ] GC(870)   Pre Evacuate Collection Set: 0.0ms
[151.823s][info][gc,phases      ] GC(870)   Evacuate Collection Set: 2.6ms
[151.823s][info][gc,phases      ] GC(870)   Post Evacuate Collection Set: 0.3ms
[151.823s][info][gc,phases      ] GC(870)   Other: 0.4ms
[151.823s][info][gc,heap        ] GC(870) Eden regions: 241->0(241)
[151.823s][info][gc,heap        ] GC(870) Survivor regions: 1->1(31)
[151.823s][info][gc,heap        ] GC(870) Old regions: 53->53
[151.823s][info][gc,heap        ] GC(870) Humongous regions: 6->6
[151.823s][info][gc,metaspace   ] GC(870) Metaspace: 72136K->72136K(1114112K)
[151.823s][info][gc             ] GC(870) Pause Young (Normal) (G1 Evacuation Pause) 298M->57M(404M) 3.377ms
[151.823s][info][gc,cpu         ] GC(870) User=0.01s Sys=0.00s Real=0.00s
[151.964s][info][gc,start       ] GC(871) Pause Young (Normal) (G1 Evacuation Pause)
[151.965s][info][gc,task        ] GC(871) Using 1 workers of 1 for evacuation
[151.972s][info][gc,phases      ] GC(871)   Pre Evacuate Collection Set: 0.1ms
[151.972s][info][gc,phases      ] GC(871)   Evacuate Collection Set: 5.7ms
[151.972s][info][gc,phases      ] GC(871)   Post Evacuate Collection Set: 0.9ms
[151.972s][info][gc,phases      ] GC(871)   Other: 0.6ms
[151.972s][info][gc,heap        ] GC(871) Eden regions: 241->0(241)
[151.972s][info][gc,heap        ] GC(871) Survivor regions: 1->1(31)
[151.972s][info][gc,heap        ] GC(871) Old regions: 53->53
[151.972s][info][gc,heap        ] GC(871) Humongous regions: 6->6
[151.972s][info][gc,metaspace   ] GC(871) Metaspace: 72136K->72136K(1114112K)
[151.972s][info][gc             ] GC(871) Pause Young (Normal) (G1 Evacuation Pause) 298M->57M(404M) 7.460ms
[151.972s][info][gc,cpu         ] GC(871) User=0.01s Sys=0.00s Real=0.01s
[152.102s][info][gc,start       ] GC(872) Pause Young (Normal) (G1 Evacuation Pause)
[152.102s][info][gc,task        ] GC(872) Using 1 workers of 1 for evacuation
[152.105s][info][gc,phases      ] GC(872)   Pre Evacuate Collection Set: 0.0ms
[152.105s][info][gc,phases      ] GC(872)   Evacuate Collection Set: 2.8ms
[152.105s][info][gc,phases      ] GC(872)   Post Evacuate Collection Set: 0.4ms
[152.105s][info][gc,phases      ] GC(872)   Other: 0.4ms
[152.105s][info][gc,heap        ] GC(872) Eden regions: 241->0(241)
[152.105s][info][gc,heap        ] GC(872) Survivor regions: 1->1(31)
[152.105s][info][gc,heap        ] GC(872) Old regions: 53->53
[152.105s][info][gc,heap        ] GC(872) Humongous regions: 6->6
[152.105s][info][gc,metaspace   ] GC(872) Metaspace: 72136K->72136K(1114112K)
[152.105s][info][gc             ] GC(872) Pause Young (Normal) (G1 Evacuation Pause) 298M->57M(404M) 3.627ms
[152.105s][info][gc,cpu         ] GC(872) User=0.00s Sys=0.00s Real=0.00s
[152.251s][info][gc,start       ] GC(873) Pause Young (Normal) (G1 Evacuation Pause)
[152.251s][info][gc,task        ] GC(873) Using 1 workers of 1 for evacuation
[152.254s][info][gc,phases      ] GC(873)   Pre Evacuate Collection Set: 0.0ms
[152.254s][info][gc,phases      ] GC(873)   Evacuate Collection Set: 2.8ms
[152.254s][info][gc,phases      ] GC(873)   Post Evacuate Collection Set: 0.3ms
[152.254s][info][gc,phases      ] GC(873)   Other: 0.3ms
[152.254s][info][gc,heap        ] GC(873) Eden regions: 241->0(241)
[152.254s][info][gc,heap        ] GC(873) Survivor regions: 1->1(31)
[152.254s][info][gc,heap        ] GC(873) Old regions: 53->53
[152.254s][info][gc,heap        ] GC(873) Humongous regions: 11->6
[152.254s][info][gc,metaspace   ] GC(873) Metaspace: 72148K->72148K(1114112K)
[152.254s][info][gc             ] GC(873) Pause Young (Normal) (G1 Evacuation Pause) 303M->57M(404M) 3.591ms
[152.254s][info][gc,cpu         ] GC(873) User=0.01s Sys=0.00s Real=0.00s
[152.375s][info][gc,start       ] GC(874) Pause Young (Normal) (G1 Evacuation Pause)
[152.375s][info][gc,task        ] GC(874) Using 1 workers of 1 for evacuation
[152.378s][info][gc,phases      ] GC(874)   Pre Evacuate Collection Set: 0.0ms
[152.378s][info][gc,phases      ] GC(874)   Evacuate Collection Set: 2.8ms
[152.378s][info][gc,phases      ] GC(874)   Post Evacuate Collection Set: 0.3ms
[152.378s][info][gc,phases      ] GC(874)   Other: 0.3ms
[152.378s][info][gc,heap        ] GC(874) Eden regions: 241->0(241)
[152.378s][info][gc,heap        ] GC(874) Survivor regions: 1->1(31)
[152.378s][info][gc,heap        ] GC(874) Old regions: 53->53
[152.378s][info][gc,heap        ] GC(874) Humongous regions: 6->6
[152.378s][info][gc,metaspace   ] GC(874) Metaspace: 72148K->72148K(1114112K)
[152.378s][info][gc             ] GC(874) Pause Young (Normal) (G1 Evacuation Pause) 298M->57M(404M) 3.466ms
[152.378s][info][gc,cpu         ] GC(874) User=0.00s Sys=0.00s Real=0.00s
[152.497s][info][gc,start       ] GC(875) Pause Young (Normal) (G1 Evacuation Pause)
[152.497s][info][gc,task        ] GC(875) Using 1 workers of 1 for evacuation
[152.501s][info][gc,phases      ] GC(875)   Pre Evacuate Collection Set: 0.0ms
[152.501s][info][gc,phases      ] GC(875)   Evacuate Collection Set: 3.2ms
[152.501s][info][gc,phases      ] GC(875)   Post Evacuate Collection Set: 0.3ms
[152.501s][info][gc,phases      ] GC(875)   Other: 0.3ms
[152.501s][info][gc,heap        ] GC(875) Eden regions: 241->0(241)
[152.501s][info][gc,heap        ] GC(875) Survivor regions: 1->1(31)
[152.501s][info][gc,heap        ] GC(875) Old regions: 53->53
[152.501s][info][gc,heap        ] GC(875) Humongous regions: 6->6
[152.501s][info][gc,metaspace   ] GC(875) Metaspace: 72148K->72148K(1114112K)
[152.501s][info][gc             ] GC(875) Pause Young (Normal) (G1 Evacuation Pause) 298M->57M(404M) 3.945ms
[152.501s][info][gc,cpu         ] GC(875) User=0.00s Sys=0.00s Real=0.01s
[152.620s][info][gc,start       ] GC(876) Pause Young (Normal) (G1 Evacuation Pause)
[152.620s][info][gc,task        ] GC(876) Using 1 workers of 1 for evacuation
[152.623s][info][gc,phases      ] GC(876)   Pre Evacuate Collection Set: 0.0ms
[152.623s][info][gc,phases      ] GC(876)   Evacuate Collection Set: 2.6ms
[152.623s][info][gc,phases      ] GC(876)   Post Evacuate Collection Set: 0.4ms
[152.623s][info][gc,phases      ] GC(876)   Other: 0.4ms
[152.623s][info][gc,heap        ] GC(876) Eden regions: 241->0(241)
[152.623s][info][gc,heap        ] GC(876) Survivor regions: 1->1(31)
[152.623s][info][gc,heap        ] GC(876) Old regions: 53->53
[152.623s][info][gc,heap        ] GC(876) Humongous regions: 6->6
[152.623s][info][gc,metaspace   ] GC(876) Metaspace: 72148K->72148K(1114112K)
[152.623s][info][gc             ] GC(876) Pause Young (Normal) (G1 Evacuation Pause) 298M->57M(404M) 3.451ms
[152.623s][info][gc,cpu         ] GC(876) User=0.01s Sys=0.00s Real=0.00s
[152.739s][info][gc,start       ] GC(877) Pause Young (Normal) (G1 Evacuation Pause)
[152.739s][info][gc,task        ] GC(877) Using 1 workers of 1 for evacuation
[152.742s][info][gc,phases      ] GC(877)   Pre Evacuate Collection Set: 0.0ms
[152.742s][info][gc,phases      ] GC(877)   Evacuate Collection Set: 2.8ms
[152.742s][info][gc,phases      ] GC(877)   Post Evacuate Collection Set: 0.4ms
[152.742s][info][gc,phases      ] GC(877)   Other: 0.3ms
[152.742s][info][gc,heap        ] GC(877) Eden regions: 241->0(241)
[152.742s][info][gc,heap        ] GC(877) Survivor regions: 1->1(31)
[152.742s][info][gc,heap        ] GC(877) Old regions: 53->53
[152.742s][info][gc,heap        ] GC(877) Humongous regions: 6->6
[152.742s][info][gc,metaspace   ] GC(877) Metaspace: 72148K->72148K(1114112K)
[152.742s][info][gc             ] GC(877) Pause Young (Normal) (G1 Evacuation Pause) 298M->57M(404M) 3.530ms
[152.742s][info][gc,cpu         ] GC(877) User=0.00s Sys=0.00s Real=0.01s
[152.859s][info][gc,start       ] GC(878) Pause Young (Normal) (G1 Evacuation Pause)
[152.859s][info][gc,task        ] GC(878) Using 1 workers of 1 for evacuation
[152.863s][info][gc,phases      ] GC(878)   Pre Evacuate Collection Set: 0.0ms
[152.863s][info][gc,phases      ] GC(878)   Evacuate Collection Set: 3.0ms
[152.863s][info][gc,phases      ] GC(878)   Post Evacuate Collection Set: 0.3ms
[152.863s][info][gc,phases      ] GC(878)   Other: 0.4ms
[152.863s][info][gc,heap        ] GC(878) Eden regions: 241->0(241)
[152.863s][info][gc,heap        ] GC(878) Survivor regions: 1->1(31)
[152.863s][info][gc,heap        ] GC(878) Old regions: 53->53
[152.863s][info][gc,heap        ] GC(878) Humongous regions: 6->6
[152.863s][info][gc,metaspace   ] GC(878) Metaspace: 72148K->72148K(1114112K)
[152.863s][info][gc             ] GC(878) Pause Young (Normal) (G1 Evacuation Pause) 298M->57M(404M) 3.764ms
[152.863s][info][gc,cpu         ] GC(878) User=0.01s Sys=0.00s Real=0.00s
[152.981s][info][gc,start       ] GC(879) Pause Young (Normal) (G1 Evacuation Pause)
[152.981s][info][gc,task        ] GC(879) Using 1 workers of 1 for evacuation
[152.984s][info][gc,phases      ] GC(879)   Pre Evacuate Collection Set: 0.0ms
[152.984s][info][gc,phases      ] GC(879)   Evacuate Collection Set: 3.1ms
[152.984s][info][gc,phases      ] GC(879)   Post Evacuate Collection Set: 0.4ms
[152.984s][info][gc,phases      ] GC(879)   Other: 0.3ms
[152.984s][info][gc,heap        ] GC(879) Eden regions: 241->0(241)
[152.984s][info][gc,heap        ] GC(879) Survivor regions: 1->1(31)
[152.984s][info][gc,heap        ] GC(879) Old regions: 53->53
[152.984s][info][gc,heap        ] GC(879) Humongous regions: 6->6
[152.984s][info][gc,metaspace   ] GC(879) Metaspace: 72148K->72148K(1114112K)
[152.984s][info][gc             ] GC(879) Pause Young (Normal) (G1 Evacuation Pause) 298M->57M(404M) 3.880ms
[152.985s][info][gc,cpu         ] GC(879) User=0.01s Sys=0.00s Real=0.00s
[153.104s][info][gc,start       ] GC(880) Pause Young (Normal) (G1 Evacuation Pause)
[153.104s][info][gc,task        ] GC(880) Using 1 workers of 1 for evacuation
[153.107s][info][gc,phases      ] GC(880)   Pre Evacuate Collection Set: 0.0ms
[153.107s][info][gc,phases      ] GC(880)   Evacuate Collection Set: 2.5ms
[153.107s][info][gc,phases      ] GC(880)   Post Evacuate Collection Set: 0.4ms
[153.108s][info][gc,phases      ] GC(880)   Other: 0.3ms
[153.108s][info][gc,heap        ] GC(880) Eden regions: 241->0(241)
[153.108s][info][gc,heap        ] GC(880) Survivor regions: 1->1(31)
[153.108s][info][gc,heap        ] GC(880) Old regions: 53->53
[153.108s][info][gc,heap        ] GC(880) Humongous regions: 6->6
[153.108s][info][gc,metaspace   ] GC(880) Metaspace: 72148K->72148K(1114112K)
[153.108s][info][gc             ] GC(880) Pause Young (Normal) (G1 Evacuation Pause) 298M->57M(404M) 3.237ms
[153.108s][info][gc,cpu         ] GC(880) User=0.00s Sys=0.00s Real=0.01s
[153.272s][info][gc,start       ] GC(881) Pause Young (Normal) (G1 Evacuation Pause)
[153.272s][info][gc,task        ] GC(881) Using 1 workers of 1 for evacuation
[153.275s][info][gc,phases      ] GC(881)   Pre Evacuate Collection Set: 0.0ms
[153.275s][info][gc,phases      ] GC(881)   Evacuate Collection Set: 2.6ms
[153.275s][info][gc,phases      ] GC(881)   Post Evacuate Collection Set: 0.3ms
[153.275s][info][gc,phases      ] GC(881)   Other: 0.4ms
[153.275s][info][gc,heap        ] GC(881) Eden regions: 241->0(241)
[153.275s][info][gc,heap        ] GC(881) Survivor regions: 1->1(31)
[153.275s][info][gc,heap        ] GC(881) Old regions: 53->53
[153.275s][info][gc,heap        ] GC(881) Humongous regions: 6->6
[153.275s][info][gc,metaspace   ] GC(881) Metaspace: 72148K->72148K(1114112K)
[153.275s][info][gc             ] GC(881) Pause Young (Normal) (G1 Evacuation Pause) 298M->57M(404M) 3.335ms
[153.276s][info][gc,cpu         ] GC(881) User=0.01s Sys=0.00s Real=0.00s
[153.408s][info][gc,start       ] GC(882) Pause Young (Normal) (G1 Evacuation Pause)
[153.408s][info][gc,task        ] GC(882) Using 1 workers of 1 for evacuation
[153.412s][info][gc,phases      ] GC(882)   Pre Evacuate Collection Set: 0.0ms
[153.412s][info][gc,phases      ] GC(882)   Evacuate Collection Set: 2.6ms
[153.412s][info][gc,phases      ] GC(882)   Post Evacuate Collection Set: 0.3ms
[153.412s][info][gc,phases      ] GC(882)   Other: 0.3ms
[153.412s][info][gc,heap        ] GC(882) Eden regions: 241->0(241)
[153.412s][info][gc,heap        ] GC(882) Survivor regions: 1->1(31)
[153.412s][info][gc,heap        ] GC(882) Old regions: 53->53
[153.412s][info][gc,heap        ] GC(882) Humongous regions: 11->6
[153.412s][info][gc,metaspace   ] GC(882) Metaspace: 72149K->72149K(1114112K)
[153.412s][info][gc             ] GC(882) Pause Young (Normal) (G1 Evacuation Pause) 303M->57M(404M) 3.352ms
[153.412s][info][gc,cpu         ] GC(882) User=0.00s Sys=0.00s Real=0.00s
[153.529s][info][gc,start       ] GC(883) Pause Young (Normal) (G1 Evacuation Pause)
[153.529s][info][gc,task        ] GC(883) Using 1 workers of 1 for evacuation
[153.532s][info][gc,phases      ] GC(883)   Pre Evacuate Collection Set: 0.0ms
[153.532s][info][gc,phases      ] GC(883)   Evacuate Collection Set: 2.6ms
[153.532s][info][gc,phases      ] GC(883)   Post Evacuate Collection Set: 0.4ms
[153.532s][info][gc,phases      ] GC(883)   Other: 0.3ms
[153.532s][info][gc,heap        ] GC(883) Eden regions: 241->0(241)
[153.532s][info][gc,heap        ] GC(883) Survivor regions: 1->1(31)
[153.532s][info][gc,heap        ] GC(883) Old regions: 53->53
[153.532s][info][gc,heap        ] GC(883) Humongous regions: 6->6
[153.532s][info][gc,metaspace   ] GC(883) Metaspace: 72149K->72149K(1114112K)
[153.533s][info][gc             ] GC(883) Pause Young (Normal) (G1 Evacuation Pause) 298M->57M(404M) 3.381ms
[153.533s][info][gc,cpu         ] GC(883) User=0.00s Sys=0.00s Real=0.00s
[153.691s][info][gc,start       ] GC(884) Pause Young (Normal) (G1 Evacuation Pause)
[153.691s][info][gc,task        ] GC(884) Using 1 workers of 1 for evacuation
[153.694s][info][gc,phases      ] GC(884)   Pre Evacuate Collection Set: 0.0ms
[153.694s][info][gc,phases      ] GC(884)   Evacuate Collection Set: 2.4ms
[153.694s][info][gc,phases      ] GC(884)   Post Evacuate Collection Set: 0.3ms
[153.694s][info][gc,phases      ] GC(884)   Other: 0.3ms
[153.694s][info][gc,heap        ] GC(884) Eden regions: 241->0(241)
[153.694s][info][gc,heap        ] GC(884) Survivor regions: 1->1(31)
[153.694s][info][gc,heap        ] GC(884) Old regions: 53->53
[153.694s][info][gc,heap        ] GC(884) Humongous regions: 6->6
[153.694s][info][gc,metaspace   ] GC(884) Metaspace: 72149K->72149K(1114112K)
[153.694s][info][gc             ] GC(884) Pause Young (Normal) (G1 Evacuation Pause) 298M->57M(404M) 3.084ms
[153.694s][info][gc,cpu         ] GC(884) User=0.00s Sys=0.00s Real=0.00s
[153.866s][info][gc,start       ] GC(885) Pause Young (Normal) (G1 Evacuation Pause)
[153.866s][info][gc,task        ] GC(885) Using 1 workers of 1 for evacuation
[153.869s][info][gc,phases      ] GC(885)   Pre Evacuate Collection Set: 0.0ms
[153.869s][info][gc,phases      ] GC(885)   Evacuate Collection Set: 2.4ms
[153.869s][info][gc,phases      ] GC(885)   Post Evacuate Collection Set: 0.3ms
[153.869s][info][gc,phases      ] GC(885)   Other: 0.3ms
[153.869s][info][gc,heap        ] GC(885) Eden regions: 241->0(241)
[153.869s][info][gc,heap        ] GC(885) Survivor regions: 1->1(31)
[153.869s][info][gc,heap        ] GC(885) Old regions: 53->53
[153.869s][info][gc,heap        ] GC(885) Humongous regions: 6->6
[153.869s][info][gc,metaspace   ] GC(885) Metaspace: 72149K->72149K(1114112K)
[153.869s][info][gc             ] GC(885) Pause Young (Normal) (G1 Evacuation Pause) 298M->57M(404M) 3.134ms
[153.870s][info][gc,cpu         ] GC(885) User=0.00s Sys=0.00s Real=0.00s
[154.003s][info][gc,start       ] GC(886) Pause Young (Normal) (G1 Evacuation Pause)
[154.003s][info][gc,task        ] GC(886) Using 1 workers of 1 for evacuation
[154.006s][info][gc,phases      ] GC(886)   Pre Evacuate Collection Set: 0.0ms
[154.006s][info][gc,phases      ] GC(886)   Evacuate Collection Set: 2.4ms
[154.006s][info][gc,phases      ] GC(886)   Post Evacuate Collection Set: 0.3ms
[154.006s][info][gc,phases      ] GC(886)   Other: 0.3ms
[154.006s][info][gc,heap        ] GC(886) Eden regions: 241->0(241)
[154.006s][info][gc,heap        ] GC(886) Survivor regions: 1->1(31)
[154.006s][info][gc,heap        ] GC(886) Old regions: 53->53
[154.006s][info][gc,heap        ] GC(886) Humongous regions: 6->6
[154.006s][info][gc,metaspace   ] GC(886) Metaspace: 72149K->72149K(1114112K)
[154.006s][info][gc             ] GC(886) Pause Young (Normal) (G1 Evacuation Pause) 298M->57M(404M) 3.163ms
[154.006s][info][gc,cpu         ] GC(886) User=0.01s Sys=0.00s Real=0.00s
[154.124s][info][gc,start       ] GC(887) Pause Young (Normal) (G1 Evacuation Pause)
[154.124s][info][gc,task        ] GC(887) Using 1 workers of 1 for evacuation
[154.127s][info][gc,phases      ] GC(887)   Pre Evacuate Collection Set: 0.0ms
[154.127s][info][gc,phases      ] GC(887)   Evacuate Collection Set: 2.5ms
[154.127s][info][gc,phases      ] GC(887)   Post Evacuate Collection Set: 0.3ms
[154.127s][info][gc,phases      ] GC(887)   Other: 0.3ms
[154.127s][info][gc,heap        ] GC(887) Eden regions: 241->0(241)
[154.127s][info][gc,heap        ] GC(887) Survivor regions: 1->1(31)
[154.127s][info][gc,heap        ] GC(887) Old regions: 53->53
[154.127s][info][gc,heap        ] GC(887) Humongous regions: 6->6
[154.127s][info][gc,metaspace   ] GC(887) Metaspace: 72149K->72149K(1114112K)
[154.127s][info][gc             ] GC(887) Pause Young (Normal) (G1 Evacuation Pause) 298M->57M(404M) 3.196ms
[154.127s][info][gc,cpu         ] GC(887) User=0.01s Sys=0.00s Real=0.01s
[154.246s][info][gc,start       ] GC(888) Pause Young (Normal) (G1 Evacuation Pause)
[154.246s][info][gc,task        ] GC(888) Using 1 workers of 1 for evacuation
[154.249s][info][gc,phases      ] GC(888)   Pre Evacuate Collection Set: 0.0ms
[154.249s][info][gc,phases      ] GC(888)   Evacuate Collection Set: 2.8ms
[154.249s][info][gc,phases      ] GC(888)   Post Evacuate Collection Set: 0.3ms
[154.249s][info][gc,phases      ] GC(888)   Other: 0.3ms
[154.249s][info][gc,heap        ] GC(888) Eden regions: 241->0(241)
[154.249s][info][gc,heap        ] GC(888) Survivor regions: 1->1(31)
[154.249s][info][gc,heap        ] GC(888) Old regions: 53->53
[154.249s][info][gc,heap        ] GC(888) Humongous regions: 6->6
[154.249s][info][gc,metaspace   ] GC(888) Metaspace: 72149K->72149K(1114112K)
[154.249s][info][gc             ] GC(888) Pause Young (Normal) (G1 Evacuation Pause) 298M->57M(404M) 3.526ms
[154.249s][info][gc,cpu         ] GC(888) User=0.00s Sys=0.00s Real=0.01s
[154.370s][info][gc,start       ] GC(889) Pause Young (Normal) (G1 Evacuation Pause)
[154.370s][info][gc,task        ] GC(889) Using 1 workers of 1 for evacuation
[154.373s][info][gc,phases      ] GC(889)   Pre Evacuate Collection Set: 0.0ms
[154.373s][info][gc,phases      ] GC(889)   Evacuate Collection Set: 2.5ms
[154.373s][info][gc,phases      ] GC(889)   Post Evacuate Collection Set: 0.3ms
[154.373s][info][gc,phases      ] GC(889)   Other: 0.3ms
[154.373s][info][gc,heap        ] GC(889) Eden regions: 241->0(241)
[154.373s][info][gc,heap        ] GC(889) Survivor regions: 1->1(31)
[154.373s][info][gc,heap        ] GC(889) Old regions: 53->53
[154.373s][info][gc,heap        ] GC(889) Humongous regions: 6->6
[154.373s][info][gc,metaspace   ] GC(889) Metaspace: 72149K->72149K(1114112K)
[154.373s][info][gc             ] GC(889) Pause Young (Normal) (G1 Evacuation Pause) 298M->57M(404M) 3.207ms
[154.373s][info][gc,cpu         ] GC(889) User=0.00s Sys=0.00s Real=0.00s
[154.496s][info][gc,start       ] GC(890) Pause Young (Normal) (G1 Evacuation Pause)
[154.496s][info][gc,task        ] GC(890) Using 1 workers of 1 for evacuation
[154.499s][info][gc,phases      ] GC(890)   Pre Evacuate Collection Set: 0.0ms
[154.499s][info][gc,phases      ] GC(890)   Evacuate Collection Set: 2.6ms
[154.499s][info][gc,phases      ] GC(890)   Post Evacuate Collection Set: 0.4ms
[154.499s][info][gc,phases      ] GC(890)   Other: 0.4ms
[154.499s][info][gc,heap        ] GC(890) Eden regions: 241->0(241)
[154.499s][info][gc,heap        ] GC(890) Survivor regions: 1->1(31)
[154.499s][info][gc,heap        ] GC(890) Old regions: 53->53
[154.499s][info][gc,heap        ] GC(890) Humongous regions: 6->6
[154.499s][info][gc,metaspace   ] GC(890) Metaspace: 72149K->72149K(1114112K)
[154.499s][info][gc             ] GC(890) Pause Young (Normal) (G1 Evacuation Pause) 298M->57M(404M) 3.417ms
[154.499s][info][gc,cpu         ] GC(890) User=0.00s Sys=0.00s Real=0.01s
[154.642s][info][gc,start       ] GC(891) Pause Young (Normal) (G1 Evacuation Pause)
[154.643s][info][gc,task        ] GC(891) Using 1 workers of 1 for evacuation
[154.646s][info][gc,phases      ] GC(891)   Pre Evacuate Collection Set: 0.0ms
[154.646s][info][gc,phases      ] GC(891)   Evacuate Collection Set: 3.0ms
[154.646s][info][gc,phases      ] GC(891)   Post Evacuate Collection Set: 0.5ms
[154.646s][info][gc,phases      ] GC(891)   Other: 0.3ms
[154.646s][info][gc,heap        ] GC(891) Eden regions: 241->0(241)
[154.646s][info][gc,heap        ] GC(891) Survivor regions: 1->1(31)
[154.646s][info][gc,heap        ] GC(891) Old regions: 53->53
[154.646s][info][gc,heap        ] GC(891) Humongous regions: 11->6
[154.646s][info][gc,metaspace   ] GC(891) Metaspace: 72155K->72155K(1114112K)
[154.646s][info][gc             ] GC(891) Pause Young (Normal) (G1 Evacuation Pause) 303M->57M(404M) 3.821ms
[154.646s][info][gc,cpu         ] GC(891) User=0.00s Sys=0.00s Real=0.00s
[154.763s][info][gc,start       ] GC(892) Pause Young (Normal) (G1 Evacuation Pause)
[154.763s][info][gc,task        ] GC(892) Using 1 workers of 1 for evacuation
[154.766s][info][gc,phases      ] GC(892)   Pre Evacuate Collection Set: 0.0ms
[154.766s][info][gc,phases      ] GC(892)   Evacuate Collection Set: 2.7ms
[154.767s][info][gc,phases      ] GC(892)   Post Evacuate Collection Set: 0.4ms
[154.767s][info][gc,phases      ] GC(892)   Other: 0.3ms
[154.767s][info][gc,heap        ] GC(892) Eden regions: 241->0(241)
[154.767s][info][gc,heap        ] GC(892) Survivor regions: 1->1(31)
[154.767s][info][gc,heap        ] GC(892) Old regions: 53->53
[154.767s][info][gc,heap        ] GC(892) Humongous regions: 6->6
[154.767s][info][gc,metaspace   ] GC(892) Metaspace: 72156K->72156K(1114112K)
[154.767s][info][gc             ] GC(892) Pause Young (Normal) (G1 Evacuation Pause) 298M->57M(404M) 3.464ms
[154.767s][info][gc,cpu         ] GC(892) User=0.00s Sys=0.00s Real=0.01s
[154.921s][info][gc,start       ] GC(893) Pause Young (Normal) (G1 Evacuation Pause)
[154.921s][info][gc,task        ] GC(893) Using 1 workers of 1 for evacuation
[154.924s][info][gc,phases      ] GC(893)   Pre Evacuate Collection Set: 0.0ms
[154.924s][info][gc,phases      ] GC(893)   Evacuate Collection Set: 2.7ms
[154.924s][info][gc,phases      ] GC(893)   Post Evacuate Collection Set: 0.3ms
[154.924s][info][gc,phases      ] GC(893)   Other: 0.4ms
[154.924s][info][gc,heap        ] GC(893) Eden regions: 241->0(241)
[154.924s][info][gc,heap        ] GC(893) Survivor regions: 1->1(31)
[154.924s][info][gc,heap        ] GC(893) Old regions: 53->53
[154.924s][info][gc,heap        ] GC(893) Humongous regions: 6->6
[154.924s][info][gc,metaspace   ] GC(893) Metaspace: 72156K->72156K(1114112K)
[154.924s][info][gc             ] GC(893) Pause Young (Normal) (G1 Evacuation Pause) 298M->57M(404M) 3.469ms
[154.924s][info][gc,cpu         ] GC(893) User=0.00s Sys=0.00s Real=0.00s
[155.058s][info][gc,start       ] GC(894) Pause Young (Normal) (G1 Evacuation Pause)
[155.058s][info][gc,task        ] GC(894) Using 1 workers of 1 for evacuation
[155.061s][info][gc,phases      ] GC(894)   Pre Evacuate Collection Set: 0.0ms
[155.061s][info][gc,phases      ] GC(894)   Evacuate Collection Set: 2.7ms
[155.061s][info][gc,phases      ] GC(894)   Post Evacuate Collection Set: 0.3ms
[155.061s][info][gc,phases      ] GC(894)   Other: 0.3ms
[155.061s][info][gc,heap        ] GC(894) Eden regions: 241->0(241)
[155.061s][info][gc,heap        ] GC(894) Survivor regions: 1->1(31)
[155.061s][info][gc,heap        ] GC(894) Old regions: 53->53
[155.061s][info][gc,heap        ] GC(894) Humongous regions: 6->6
[155.061s][info][gc,metaspace   ] GC(894) Metaspace: 72156K->72156K(1114112K)
[155.061s][info][gc             ] GC(894) Pause Young (Normal) (G1 Evacuation Pause) 298M->57M(404M) 3.379ms
[155.061s][info][gc,cpu         ] GC(894) User=0.01s Sys=0.00s Real=0.01s
[155.186s][info][gc,start       ] GC(895) Pause Young (Normal) (G1 Evacuation Pause)
[155.186s][info][gc,task        ] GC(895) Using 1 workers of 1 for evacuation
[155.190s][info][gc,phases      ] GC(895)   Pre Evacuate Collection Set: 0.0ms
[155.191s][info][gc,phases      ] GC(895)   Evacuate Collection Set: 3.7ms
[155.191s][info][gc,phases      ] GC(895)   Post Evacuate Collection Set: 0.5ms
[155.191s][info][gc,phases      ] GC(895)   Other: 0.7ms
[155.191s][info][gc,heap        ] GC(895) Eden regions: 241->0(241)
[155.191s][info][gc,heap        ] GC(895) Survivor regions: 1->1(31)
[155.191s][info][gc,heap        ] GC(895) Old regions: 53->53
[155.191s][info][gc,heap        ] GC(895) Humongous regions: 6->6
[155.191s][info][gc,metaspace   ] GC(895) Metaspace: 72156K->72156K(1114112K)
[155.191s][info][gc             ] GC(895) Pause Young (Normal) (G1 Evacuation Pause) 298M->57M(404M) 4.910ms
[155.191s][info][gc,cpu         ] GC(895) User=0.00s Sys=0.00s Real=0.01s
[155.308s][info][gc,start       ] GC(896) Pause Young (Normal) (G1 Evacuation Pause)
[155.308s][info][gc,task        ] GC(896) Using 1 workers of 1 for evacuation
[155.312s][info][gc,phases      ] GC(896)   Pre Evacuate Collection Set: 0.0ms
[155.312s][info][gc,phases      ] GC(896)   Evacuate Collection Set: 3.1ms
[155.312s][info][gc,phases      ] GC(896)   Post Evacuate Collection Set: 0.4ms
[155.312s][info][gc,phases      ] GC(896)   Other: 0.4ms
[155.312s][info][gc,heap        ] GC(896) Eden regions: 241->0(241)
[155.312s][info][gc,heap        ] GC(896) Survivor regions: 1->1(31)
[155.312s][info][gc,heap        ] GC(896) Old regions: 53->53
[155.312s][info][gc,heap        ] GC(896) Humongous regions: 6->6
[155.312s][info][gc,metaspace   ] GC(896) Metaspace: 72156K->72156K(1114112K)
[155.312s][info][gc             ] GC(896) Pause Young (Normal) (G1 Evacuation Pause) 298M->57M(404M) 4.030ms
[155.312s][info][gc,cpu         ] GC(896) User=0.01s Sys=0.00s Real=0.00s
[155.430s][info][gc,start       ] GC(897) Pause Young (Normal) (G1 Evacuation Pause)
[155.430s][info][gc,task        ] GC(897) Using 1 workers of 1 for evacuation
[155.433s][info][gc,phases      ] GC(897)   Pre Evacuate Collection Set: 0.0ms
[155.433s][info][gc,phases      ] GC(897)   Evacuate Collection Set: 2.8ms
[155.433s][info][gc,phases      ] GC(897)   Post Evacuate Collection Set: 0.4ms
[155.433s][info][gc,phases      ] GC(897)   Other: 0.3ms
[155.433s][info][gc,heap        ] GC(897) Eden regions: 241->0(241)
[155.433s][info][gc,heap        ] GC(897) Survivor regions: 1->1(31)
[155.433s][info][gc,heap        ] GC(897) Old regions: 53->54
[155.433s][info][gc,heap        ] GC(897) Humongous regions: 6->6
[155.433s][info][gc,metaspace   ] GC(897) Metaspace: 72156K->72156K(1114112K)
[155.433s][info][gc             ] GC(897) Pause Young (Normal) (G1 Evacuation Pause) 298M->57M(404M) 3.547ms
[155.433s][info][gc,cpu         ] GC(897) User=0.01s Sys=0.00s Real=0.00s
[155.548s][info][gc,start       ] GC(898) Pause Young (Normal) (G1 Evacuation Pause)
[155.548s][info][gc,task        ] GC(898) Using 1 workers of 1 for evacuation
[155.551s][info][gc,phases      ] GC(898)   Pre Evacuate Collection Set: 0.0ms
[155.551s][info][gc,phases      ] GC(898)   Evacuate Collection Set: 2.5ms
[155.551s][info][gc,phases      ] GC(898)   Post Evacuate Collection Set: 0.4ms
[155.551s][info][gc,phases      ] GC(898)   Other: 0.3ms
[155.551s][info][gc,heap        ] GC(898) Eden regions: 241->0(241)
[155.551s][info][gc,heap        ] GC(898) Survivor regions: 1->1(31)
[155.551s][info][gc,heap        ] GC(898) Old regions: 54->54
[155.551s][info][gc,heap        ] GC(898) Humongous regions: 6->6
[155.551s][info][gc,metaspace   ] GC(898) Metaspace: 72156K->72156K(1114112K)
[155.551s][info][gc             ] GC(898) Pause Young (Normal) (G1 Evacuation Pause) 298M->57M(404M) 3.263ms
[155.551s][info][gc,cpu         ] GC(898) User=0.00s Sys=0.00s Real=0.00s
[155.670s][info][gc,start       ] GC(899) Pause Young (Normal) (G1 Evacuation Pause)
[155.670s][info][gc,task        ] GC(899) Using 1 workers of 1 for evacuation
[155.673s][info][gc,phases      ] GC(899)   Pre Evacuate Collection Set: 0.0ms
[155.673s][info][gc,phases      ] GC(899)   Evacuate Collection Set: 2.4ms
[155.673s][info][gc,phases      ] GC(899)   Post Evacuate Collection Set: 0.4ms
[155.673s][info][gc,phases      ] GC(899)   Other: 0.3ms
[155.673s][info][gc,heap        ] GC(899) Eden regions: 241->0(241)
[155.673s][info][gc,heap        ] GC(899) Survivor regions: 1->1(31)
[155.673s][info][gc,heap        ] GC(899) Old regions: 54->54
[155.673s][info][gc,heap        ] GC(899) Humongous regions: 6->6
[155.673s][info][gc,metaspace   ] GC(899) Metaspace: 72156K->72156K(1114112K)
[155.673s][info][gc             ] GC(899) Pause Young (Normal) (G1 Evacuation Pause) 298M->57M(404M) 3.201ms
[155.673s][info][gc,cpu         ] GC(899) User=0.01s Sys=0.00s Real=0.00s
[155.796s][info][gc,start       ] GC(900) Pause Young (Normal) (G1 Evacuation Pause)
[155.797s][info][gc,task        ] GC(900) Using 1 workers of 1 for evacuation
[155.800s][info][gc,phases      ] GC(900)   Pre Evacuate Collection Set: 0.0ms
[155.800s][info][gc,phases      ] GC(900)   Evacuate Collection Set: 2.7ms
[155.800s][info][gc,phases      ] GC(900)   Post Evacuate Collection Set: 0.3ms
[155.800s][info][gc,phases      ] GC(900)   Other: 0.3ms
[155.800s][info][gc,heap        ] GC(900) Eden regions: 241->0(241)
[155.800s][info][gc,heap        ] GC(900) Survivor regions: 1->1(31)
[155.800s][info][gc,heap        ] GC(900) Old regions: 54->54
[155.800s][info][gc,heap        ] GC(900) Humongous regions: 6->6
[155.800s][info][gc,metaspace   ] GC(900) Metaspace: 72156K->72156K(1114112K)
[155.800s][info][gc             ] GC(900) Pause Young (Normal) (G1 Evacuation Pause) 298M->57M(404M) 3.361ms
[155.800s][info][gc,cpu         ] GC(900) User=0.00s Sys=0.00s Real=0.01s
[155.955s][info][gc,start       ] GC(901) Pause Young (Normal) (G1 Evacuation Pause)
[155.955s][info][gc,task        ] GC(901) Using 1 workers of 1 for evacuation
[155.958s][info][gc,phases      ] GC(901)   Pre Evacuate Collection Set: 0.0ms
[155.958s][info][gc,phases      ] GC(901)   Evacuate Collection Set: 2.5ms
[155.958s][info][gc,phases      ] GC(901)   Post Evacuate Collection Set: 0.4ms
[155.958s][info][gc,phases      ] GC(901)   Other: 0.4ms
[155.958s][info][gc,heap        ] GC(901) Eden regions: 241->0(241)
[155.958s][info][gc,heap        ] GC(901) Survivor regions: 1->1(31)
[155.958s][info][gc,heap        ] GC(901) Old regions: 54->54
[155.958s][info][gc,heap        ] GC(901) Humongous regions: 11->6
[155.958s][info][gc,metaspace   ] GC(901) Metaspace: 72161K->72161K(1114112K)
[155.958s][info][gc             ] GC(901) Pause Young (Normal) (G1 Evacuation Pause) 303M->57M(404M) 3.431ms
[155.958s][info][gc,cpu         ] GC(901) User=0.00s Sys=0.00s Real=0.00s
[156.078s][info][gc,start       ] GC(902) Pause Young (Normal) (G1 Evacuation Pause)
[156.078s][info][gc,task        ] GC(902) Using 1 workers of 1 for evacuation
[156.081s][info][gc,phases      ] GC(902)   Pre Evacuate Collection Set: 0.0ms
[156.081s][info][gc,phases      ] GC(902)   Evacuate Collection Set: 2.4ms
[156.081s][info][gc,phases      ] GC(902)   Post Evacuate Collection Set: 0.3ms
[156.081s][info][gc,phases      ] GC(902)   Other: 0.3ms
[156.081s][info][gc,heap        ] GC(902) Eden regions: 241->0(241)
[156.081s][info][gc,heap        ] GC(902) Survivor regions: 1->1(31)
[156.081s][info][gc,heap        ] GC(902) Old regions: 54->54
[156.081s][info][gc,heap        ] GC(902) Humongous regions: 6->6
[156.081s][info][gc,metaspace   ] GC(902) Metaspace: 72161K->72161K(1114112K)
[156.081s][info][gc             ] GC(902) Pause Young (Normal) (G1 Evacuation Pause) 298M->57M(404M) 3.135ms
[156.081s][info][gc,cpu         ] GC(902) User=0.00s Sys=0.00s Real=0.01s
[156.201s][info][gc,start       ] GC(903) Pause Young (Normal) (G1 Evacuation Pause)
[156.201s][info][gc,task        ] GC(903) Using 1 workers of 1 for evacuation
[156.204s][info][gc,phases      ] GC(903)   Pre Evacuate Collection Set: 0.0ms
[156.204s][info][gc,phases      ] GC(903)   Evacuate Collection Set: 2.6ms
[156.204s][info][gc,phases      ] GC(903)   Post Evacuate Collection Set: 0.3ms
[156.204s][info][gc,phases      ] GC(903)   Other: 0.3ms
[156.204s][info][gc,heap        ] GC(903) Eden regions: 241->0(241)
[156.204s][info][gc,heap        ] GC(903) Survivor regions: 1->1(31)
[156.204s][info][gc,heap        ] GC(903) Old regions: 54->54
[156.204s][info][gc,heap        ] GC(903) Humongous regions: 6->6
[156.204s][info][gc,metaspace   ] GC(903) Metaspace: 72161K->72161K(1114112K)
[156.204s][info][gc             ] GC(903) Pause Young (Normal) (G1 Evacuation Pause) 298M->57M(404M) 3.339ms
[156.204s][info][gc,cpu         ] GC(903) User=0.00s Sys=0.00s Real=0.00s
[156.323s][info][gc,start       ] GC(904) Pause Young (Normal) (G1 Evacuation Pause)
[156.323s][info][gc,task        ] GC(904) Using 1 workers of 1 for evacuation
[156.326s][info][gc,phases      ] GC(904)   Pre Evacuate Collection Set: 0.0ms
[156.326s][info][gc,phases      ] GC(904)   Evacuate Collection Set: 2.4ms
[156.326s][info][gc,phases      ] GC(904)   Post Evacuate Collection Set: 0.4ms
[156.326s][info][gc,phases      ] GC(904)   Other: 0.3ms
[156.326s][info][gc,heap        ] GC(904) Eden regions: 241->0(241)
[156.326s][info][gc,heap        ] GC(904) Survivor regions: 1->1(31)
[156.326s][info][gc,heap        ] GC(904) Old regions: 54->54
[156.326s][info][gc,heap        ] GC(904) Humongous regions: 6->6
[156.326s][info][gc,metaspace   ] GC(904) Metaspace: 72161K->72161K(1114112K)
[156.326s][info][gc             ] GC(904) Pause Young (Normal) (G1 Evacuation Pause) 298M->57M(404M) 3.163ms
[156.327s][info][gc,cpu         ] GC(904) User=0.01s Sys=0.00s Real=0.00s
[156.446s][info][gc,start       ] GC(905) Pause Young (Normal) (G1 Evacuation Pause)
[156.446s][info][gc,task        ] GC(905) Using 1 workers of 1 for evacuation
[156.449s][info][gc,phases      ] GC(905)   Pre Evacuate Collection Set: 0.0ms
[156.449s][info][gc,phases      ] GC(905)   Evacuate Collection Set: 2.4ms
[156.449s][info][gc,phases      ] GC(905)   Post Evacuate Collection Set: 0.3ms
[156.449s][info][gc,phases      ] GC(905)   Other: 0.3ms
[156.449s][info][gc,heap        ] GC(905) Eden regions: 241->0(241)
[156.449s][info][gc,heap        ] GC(905) Survivor regions: 1->1(31)
[156.449s][info][gc,heap        ] GC(905) Old regions: 54->54
[156.449s][info][gc,heap        ] GC(905) Humongous regions: 6->6
[156.449s][info][gc,metaspace   ] GC(905) Metaspace: 72161K->72161K(1114112K)
[156.449s][info][gc             ] GC(905) Pause Young (Normal) (G1 Evacuation Pause) 298M->57M(404M) 3.086ms
[156.449s][info][gc,cpu         ] GC(905) User=0.00s Sys=0.00s Real=0.00s
[156.572s][info][gc,start       ] GC(906) Pause Young (Normal) (G1 Evacuation Pause)
[156.573s][info][gc,task        ] GC(906) Using 1 workers of 1 for evacuation
[156.576s][info][gc,phases      ] GC(906)   Pre Evacuate Collection Set: 0.0ms
[156.576s][info][gc,phases      ] GC(906)   Evacuate Collection Set: 2.6ms
[156.576s][info][gc,phases      ] GC(906)   Post Evacuate Collection Set: 0.4ms
[156.576s][info][gc,phases      ] GC(906)   Other: 0.4ms
[156.576s][info][gc,heap        ] GC(906) Eden regions: 241->0(241)
[156.576s][info][gc,heap        ] GC(906) Survivor regions: 1->1(31)
[156.576s][info][gc,heap        ] GC(906) Old regions: 54->54
[156.576s][info][gc,heap        ] GC(906) Humongous regions: 6->6
[156.576s][info][gc,metaspace   ] GC(906) Metaspace: 72161K->72161K(1114112K)
[156.576s][info][gc             ] GC(906) Pause Young (Normal) (G1 Evacuation Pause) 298M->57M(404M) 3.478ms
[156.576s][info][gc,cpu         ] GC(906) User=0.01s Sys=0.00s Real=0.00s
[156.757s][info][gc,start       ] GC(907) Pause Young (Normal) (G1 Evacuation Pause)
[156.757s][info][gc,task        ] GC(907) Using 1 workers of 1 for evacuation
[156.762s][info][gc,phases      ] GC(907)   Pre Evacuate Collection Set: 0.0ms
[156.762s][info][gc,phases      ] GC(907)   Evacuate Collection Set: 3.9ms
[156.762s][info][gc,phases      ] GC(907)   Post Evacuate Collection Set: 0.5ms
[156.762s][info][gc,phases      ] GC(907)   Other: 0.3ms
[156.762s][info][gc,heap        ] GC(907) Eden regions: 241->0(241)
[156.762s][info][gc,heap        ] GC(907) Survivor regions: 1->1(31)
[156.762s][info][gc,heap        ] GC(907) Old regions: 54->54
[156.762s][info][gc,heap        ] GC(907) Humongous regions: 6->6
[156.762s][info][gc,metaspace   ] GC(907) Metaspace: 72161K->72161K(1114112K)
[156.762s][info][gc             ] GC(907) Pause Young (Normal) (G1 Evacuation Pause) 298M->57M(404M) 4.880ms
[156.762s][info][gc,cpu         ] GC(907) User=0.00s Sys=0.00s Real=0.01s
[156.884s][info][gc,start       ] GC(908) Pause Young (Normal) (G1 Evacuation Pause)
[156.884s][info][gc,task        ] GC(908) Using 1 workers of 1 for evacuation
[156.887s][info][gc,phases      ] GC(908)   Pre Evacuate Collection Set: 0.0ms
[156.887s][info][gc,phases      ] GC(908)   Evacuate Collection Set: 2.6ms
[156.887s][info][gc,phases      ] GC(908)   Post Evacuate Collection Set: 0.4ms
[156.887s][info][gc,phases      ] GC(908)   Other: 0.4ms
[156.887s][info][gc,heap        ] GC(908) Eden regions: 241->0(241)
[156.887s][info][gc,heap        ] GC(908) Survivor regions: 1->1(31)
[156.887s][info][gc,heap        ] GC(908) Old regions: 54->54
[156.887s][info][gc,heap        ] GC(908) Humongous regions: 6->6
[156.887s][info][gc,metaspace   ] GC(908) Metaspace: 72161K->72161K(1114112K)
[156.887s][info][gc             ] GC(908) Pause Young (Normal) (G1 Evacuation Pause) 298M->57M(404M) 3.456ms
[156.887s][info][gc,cpu         ] GC(908) User=0.01s Sys=0.00s Real=0.01s
[157.015s][info][gc,start       ] GC(909) Pause Young (Normal) (G1 Evacuation Pause)
[157.015s][info][gc,task        ] GC(909) Using 1 workers of 1 for evacuation
[157.019s][info][gc,phases      ] GC(909)   Pre Evacuate Collection Set: 0.0ms
[157.019s][info][gc,phases      ] GC(909)   Evacuate Collection Set: 2.7ms
[157.019s][info][gc,phases      ] GC(909)   Post Evacuate Collection Set: 0.4ms
[157.019s][info][gc,phases      ] GC(909)   Other: 0.3ms
[157.019s][info][gc,heap        ] GC(909) Eden regions: 241->0(241)
[157.019s][info][gc,heap        ] GC(909) Survivor regions: 1->1(31)
[157.019s][info][gc,heap        ] GC(909) Old regions: 54->54
[157.019s][info][gc,heap        ] GC(909) Humongous regions: 6->6
[157.019s][info][gc,metaspace   ] GC(909) Metaspace: 72161K->72161K(1114112K)
[157.019s][info][gc             ] GC(909) Pause Young (Normal) (G1 Evacuation Pause) 298M->57M(404M) 3.457ms
[157.019s][info][gc,cpu         ] GC(909) User=0.01s Sys=0.00s Real=0.00s
[157.168s][info][gc,start       ] GC(910) Pause Young (Normal) (G1 Evacuation Pause)
[157.168s][info][gc,task        ] GC(910) Using 1 workers of 1 for evacuation
[157.171s][info][gc,phases      ] GC(910)   Pre Evacuate Collection Set: 0.0ms
[157.171s][info][gc,phases      ] GC(910)   Evacuate Collection Set: 2.9ms
[157.171s][info][gc,phases      ] GC(910)   Post Evacuate Collection Set: 0.4ms
[157.171s][info][gc,phases      ] GC(910)   Other: 0.3ms
[157.171s][info][gc,heap        ] GC(910) Eden regions: 241->0(241)
[157.171s][info][gc,heap        ] GC(910) Survivor regions: 1->1(31)
[157.171s][info][gc,heap        ] GC(910) Old regions: 54->54
[157.171s][info][gc,heap        ] GC(910) Humongous regions: 11->6
[157.171s][info][gc,metaspace   ] GC(910) Metaspace: 72172K->72172K(1114112K)
[157.171s][info][gc             ] GC(910) Pause Young (Normal) (G1 Evacuation Pause) 303M->57M(404M) 3.637ms
[157.171s][info][gc,cpu         ] GC(910) User=0.01s Sys=0.00s Real=0.00s
[157.313s][info][gc,start       ] GC(911) Pause Young (Normal) (G1 Evacuation Pause)
[157.313s][info][gc,task        ] GC(911) Using 1 workers of 1 for evacuation
[157.316s][info][gc,phases      ] GC(911)   Pre Evacuate Collection Set: 0.0ms
[157.316s][info][gc,phases      ] GC(911)   Evacuate Collection Set: 2.7ms
[157.316s][info][gc,phases      ] GC(911)   Post Evacuate Collection Set: 0.3ms
[157.316s][info][gc,phases      ] GC(911)   Other: 0.4ms
[157.316s][info][gc,heap        ] GC(911) Eden regions: 241->0(241)
[157.316s][info][gc,heap        ] GC(911) Survivor regions: 1->1(31)
[157.316s][info][gc,heap        ] GC(911) Old regions: 54->54
[157.316s][info][gc,heap        ] GC(911) Humongous regions: 6->6
[157.316s][info][gc,metaspace   ] GC(911) Metaspace: 72172K->72172K(1114112K)
[157.316s][info][gc             ] GC(911) Pause Young (Normal) (G1 Evacuation Pause) 298M->57M(404M) 3.530ms
[157.317s][info][gc,cpu         ] GC(911) User=0.00s Sys=0.00s Real=0.00s
[157.437s][info][gc,start       ] GC(912) Pause Young (Normal) (G1 Evacuation Pause)
[157.437s][info][gc,task        ] GC(912) Using 1 workers of 1 for evacuation
[157.441s][info][gc,phases      ] GC(912)   Pre Evacuate Collection Set: 0.0ms
[157.441s][info][gc,phases      ] GC(912)   Evacuate Collection Set: 2.8ms
[157.441s][info][gc,phases      ] GC(912)   Post Evacuate Collection Set: 0.3ms
[157.441s][info][gc,phases      ] GC(912)   Other: 0.3ms
[157.441s][info][gc,heap        ] GC(912) Eden regions: 241->0(241)
[157.441s][info][gc,heap        ] GC(912) Survivor regions: 1->1(31)
[157.441s][info][gc,heap        ] GC(912) Old regions: 54->54
[157.441s][info][gc,heap        ] GC(912) Humongous regions: 6->6
[157.441s][info][gc,metaspace   ] GC(912) Metaspace: 72172K->72172K(1114112K)
[157.441s][info][gc             ] GC(912) Pause Young (Normal) (G1 Evacuation Pause) 298M->57M(404M) 3.486ms
[157.441s][info][gc,cpu         ] GC(912) User=0.00s Sys=0.00s Real=0.01s
[157.558s][info][gc,start       ] GC(913) Pause Young (Normal) (G1 Evacuation Pause)
[157.558s][info][gc,task        ] GC(913) Using 1 workers of 1 for evacuation
[157.561s][info][gc,phases      ] GC(913)   Pre Evacuate Collection Set: 0.0ms
[157.561s][info][gc,phases      ] GC(913)   Evacuate Collection Set: 2.6ms
[157.561s][info][gc,phases      ] GC(913)   Post Evacuate Collection Set: 0.4ms
[157.561s][info][gc,phases      ] GC(913)   Other: 0.3ms
[157.561s][info][gc,heap        ] GC(913) Eden regions: 241->0(241)
[157.561s][info][gc,heap        ] GC(913) Survivor regions: 1->1(31)
[157.561s][info][gc,heap        ] GC(913) Old regions: 54->54
[157.561s][info][gc,heap        ] GC(913) Humongous regions: 6->6
[157.561s][info][gc,metaspace   ] GC(913) Metaspace: 72172K->72172K(1114112K)
[157.561s][info][gc             ] GC(913) Pause Young (Normal) (G1 Evacuation Pause) 298M->57M(404M) 3.369ms
[157.561s][info][gc,cpu         ] GC(913) User=0.01s Sys=0.00s Real=0.01s
[157.682s][info][gc,start       ] GC(914) Pause Young (Normal) (G1 Evacuation Pause)
[157.682s][info][gc,task        ] GC(914) Using 1 workers of 1 for evacuation
[157.686s][info][gc,phases      ] GC(914)   Pre Evacuate Collection Set: 0.0ms
[157.686s][info][gc,phases      ] GC(914)   Evacuate Collection Set: 2.8ms
[157.686s][info][gc,phases      ] GC(914)   Post Evacuate Collection Set: 0.4ms
[157.686s][info][gc,phases      ] GC(914)   Other: 0.4ms
[157.686s][info][gc,heap        ] GC(914) Eden regions: 241->0(241)
[157.686s][info][gc,heap        ] GC(914) Survivor regions: 1->1(31)
[157.686s][info][gc,heap        ] GC(914) Old regions: 54->54
[157.686s][info][gc,heap        ] GC(914) Humongous regions: 6->6
[157.686s][info][gc,metaspace   ] GC(914) Metaspace: 72172K->72172K(1114112K)
[157.686s][info][gc             ] GC(914) Pause Young (Normal) (G1 Evacuation Pause) 298M->57M(404M) 3.543ms
[157.686s][info][gc,cpu         ] GC(914) User=0.00s Sys=0.00s Real=0.00s
[157.806s][info][gc,start       ] GC(915) Pause Young (Normal) (G1 Evacuation Pause)
[157.806s][info][gc,task        ] GC(915) Using 1 workers of 1 for evacuation
[157.809s][info][gc,phases      ] GC(915)   Pre Evacuate Collection Set: 0.0ms
[157.810s][info][gc,phases      ] GC(915)   Evacuate Collection Set: 2.7ms
[157.810s][info][gc,phases      ] GC(915)   Post Evacuate Collection Set: 0.4ms
[157.810s][info][gc,phases      ] GC(915)   Other: 0.3ms
[157.810s][info][gc,heap        ] GC(915) Eden regions: 241->0(241)
[157.810s][info][gc,heap        ] GC(915) Survivor regions: 1->1(31)
[157.810s][info][gc,heap        ] GC(915) Old regions: 54->54
[157.810s][info][gc,heap        ] GC(915) Humongous regions: 6->6
[157.810s][info][gc,metaspace   ] GC(915) Metaspace: 72172K->72172K(1114112K)
[157.810s][info][gc             ] GC(915) Pause Young (Normal) (G1 Evacuation Pause) 298M->57M(404M) 3.424ms
[157.810s][info][gc,cpu         ] GC(915) User=0.00s Sys=0.00s Real=0.01s
[157.930s][info][gc,start       ] GC(916) Pause Young (Normal) (G1 Evacuation Pause)
[157.930s][info][gc,task        ] GC(916) Using 1 workers of 1 for evacuation
[157.933s][info][gc,phases      ] GC(916)   Pre Evacuate Collection Set: 0.0ms
[157.933s][info][gc,phases      ] GC(916)   Evacuate Collection Set: 2.8ms
[157.933s][info][gc,phases      ] GC(916)   Post Evacuate Collection Set: 0.4ms
[157.933s][info][gc,phases      ] GC(916)   Other: 0.3ms
[157.933s][info][gc,heap        ] GC(916) Eden regions: 241->0(241)
[157.933s][info][gc,heap        ] GC(916) Survivor regions: 1->1(31)
[157.933s][info][gc,heap        ] GC(916) Old regions: 54->54
[157.933s][info][gc,heap        ] GC(916) Humongous regions: 6->6
[157.933s][info][gc,metaspace   ] GC(916) Metaspace: 72172K->72172K(1114112K)
[157.933s][info][gc             ] GC(916) Pause Young (Normal) (G1 Evacuation Pause) 298M->57M(404M) 3.558ms
[157.933s][info][gc,cpu         ] GC(916) User=0.00s Sys=0.00s Real=0.00s
[158.052s][info][gc,start       ] GC(917) Pause Young (Normal) (G1 Evacuation Pause)
[158.052s][info][gc,task        ] GC(917) Using 1 workers of 1 for evacuation
[158.056s][info][gc,phases      ] GC(917)   Pre Evacuate Collection Set: 0.0ms
[158.056s][info][gc,phases      ] GC(917)   Evacuate Collection Set: 2.8ms
[158.056s][info][gc,phases      ] GC(917)   Post Evacuate Collection Set: 0.3ms
[158.056s][info][gc,phases      ] GC(917)   Other: 0.3ms
[158.056s][info][gc,heap        ] GC(917) Eden regions: 241->0(241)
[158.056s][info][gc,heap        ] GC(917) Survivor regions: 1->1(31)
[158.056s][info][gc,heap        ] GC(917) Old regions: 54->54
[158.056s][info][gc,heap        ] GC(917) Humongous regions: 6->6
[158.056s][info][gc,metaspace   ] GC(917) Metaspace: 72172K->72172K(1114112K)
[158.056s][info][gc             ] GC(917) Pause Young (Normal) (G1 Evacuation Pause) 298M->57M(404M) 3.511ms
[158.056s][info][gc,cpu         ] GC(917) User=0.00s Sys=0.00s Real=0.00s
[158.175s][info][gc,start       ] GC(918) Pause Young (Normal) (G1 Evacuation Pause)
[158.175s][info][gc,task        ] GC(918) Using 1 workers of 1 for evacuation
[158.178s][info][gc,phases      ] GC(918)   Pre Evacuate Collection Set: 0.0ms
[158.178s][info][gc,phases      ] GC(918)   Evacuate Collection Set: 2.5ms
[158.178s][info][gc,phases      ] GC(918)   Post Evacuate Collection Set: 0.4ms
[158.178s][info][gc,phases      ] GC(918)   Other: 0.3ms
[158.178s][info][gc,heap        ] GC(918) Eden regions: 241->0(241)
[158.178s][info][gc,heap        ] GC(918) Survivor regions: 1->1(31)
[158.178s][info][gc,heap        ] GC(918) Old regions: 54->54
[158.178s][info][gc,heap        ] GC(918) Humongous regions: 6->6
[158.178s][info][gc,metaspace   ] GC(918) Metaspace: 72172K->72172K(1114112K)
[158.178s][info][gc             ] GC(918) Pause Young (Normal) (G1 Evacuation Pause) 298M->57M(404M) 3.286ms
[158.178s][info][gc,cpu         ] GC(918) User=0.01s Sys=0.00s Real=0.01s
[158.325s][info][gc,start       ] GC(919) Pause Young (Normal) (G1 Evacuation Pause)
[158.325s][info][gc,task        ] GC(919) Using 1 workers of 1 for evacuation
[158.328s][info][gc,phases      ] GC(919)   Pre Evacuate Collection Set: 0.0ms
[158.328s][info][gc,phases      ] GC(919)   Evacuate Collection Set: 2.8ms
[158.328s][info][gc,phases      ] GC(919)   Post Evacuate Collection Set: 0.3ms
[158.328s][info][gc,phases      ] GC(919)   Other: 0.4ms
[158.328s][info][gc,heap        ] GC(919) Eden regions: 241->0(241)
[158.328s][info][gc,heap        ] GC(919) Survivor regions: 1->1(31)
[158.328s][info][gc,heap        ] GC(919) Old regions: 54->54
[158.328s][info][gc,heap        ] GC(919) Humongous regions: 11->6
[158.328s][info][gc,metaspace   ] GC(919) Metaspace: 72194K->72194K(1114112K)
[158.328s][info][gc             ] GC(919) Pause Young (Normal) (G1 Evacuation Pause) 303M->57M(404M) 3.559ms
[158.328s][info][gc,cpu         ] GC(919) User=0.01s Sys=0.00s Real=0.01s
[158.458s][info][gc,start       ] GC(920) Pause Young (Normal) (G1 Evacuation Pause)
[158.458s][info][gc,task        ] GC(920) Using 1 workers of 1 for evacuation
[158.465s][info][gc,phases      ] GC(920)   Pre Evacuate Collection Set: 0.1ms
[158.465s][info][gc,phases      ] GC(920)   Evacuate Collection Set: 5.8ms
[158.465s][info][gc,phases      ] GC(920)   Post Evacuate Collection Set: 0.8ms
[158.465s][info][gc,phases      ] GC(920)   Other: 0.7ms
[158.465s][info][gc,heap        ] GC(920) Eden regions: 241->0(241)
[158.465s][info][gc,heap        ] GC(920) Survivor regions: 1->1(31)
[158.465s][info][gc,heap        ] GC(920) Old regions: 54->54
[158.465s][info][gc,heap        ] GC(920) Humongous regions: 6->6
[158.465s][info][gc,metaspace   ] GC(920) Metaspace: 72194K->72194K(1114112K)
[158.465s][info][gc             ] GC(920) Pause Young (Normal) (G1 Evacuation Pause) 298M->57M(404M) 7.405ms
[158.465s][info][gc,cpu         ] GC(920) User=0.00s Sys=0.00s Real=0.01s
[158.605s][info][gc,start       ] GC(921) Pause Young (Normal) (G1 Evacuation Pause)
[158.605s][info][gc,task        ] GC(921) Using 1 workers of 1 for evacuation
[158.608s][info][gc,phases      ] GC(921)   Pre Evacuate Collection Set: 0.0ms
[158.608s][info][gc,phases      ] GC(921)   Evacuate Collection Set: 2.4ms
[158.608s][info][gc,phases      ] GC(921)   Post Evacuate Collection Set: 0.4ms
[158.608s][info][gc,phases      ] GC(921)   Other: 0.3ms
[158.608s][info][gc,heap        ] GC(921) Eden regions: 241->0(241)
[158.608s][info][gc,heap        ] GC(921) Survivor regions: 1->1(31)
[158.608s][info][gc,heap        ] GC(921) Old regions: 54->54
[158.608s][info][gc,heap        ] GC(921) Humongous regions: 6->6
[158.608s][info][gc,metaspace   ] GC(921) Metaspace: 72194K->72194K(1114112K)
[158.608s][info][gc             ] GC(921) Pause Young (Normal) (G1 Evacuation Pause) 298M->57M(404M) 3.124ms
[158.608s][info][gc,cpu         ] GC(921) User=0.01s Sys=0.00s Real=0.01s
[158.744s][info][gc,start       ] GC(922) Pause Young (Normal) (G1 Evacuation Pause)
[158.744s][info][gc,task        ] GC(922) Using 1 workers of 1 for evacuation
[158.747s][info][gc,phases      ] GC(922)   Pre Evacuate Collection Set: 0.0ms
[158.747s][info][gc,phases      ] GC(922)   Evacuate Collection Set: 2.5ms
[158.747s][info][gc,phases      ] GC(922)   Post Evacuate Collection Set: 0.4ms
[158.747s][info][gc,phases      ] GC(922)   Other: 0.3ms
[158.747s][info][gc,heap        ] GC(922) Eden regions: 241->0(241)
[158.747s][info][gc,heap        ] GC(922) Survivor regions: 1->1(31)
[158.747s][info][gc,heap        ] GC(922) Old regions: 54->54
[158.747s][info][gc,heap        ] GC(922) Humongous regions: 6->6
[158.747s][info][gc,metaspace   ] GC(922) Metaspace: 72194K->72194K(1114112K)
[158.747s][info][gc             ] GC(922) Pause Young (Normal) (G1 Evacuation Pause) 298M->57M(404M) 3.280ms
[158.747s][info][gc,cpu         ] GC(922) User=0.00s Sys=0.00s Real=0.01s
[158.891s][info][gc,start       ] GC(923) Pause Young (Normal) (G1 Evacuation Pause)
[158.892s][info][gc,task        ] GC(923) Using 1 workers of 1 for evacuation
[158.895s][info][gc,phases      ] GC(923)   Pre Evacuate Collection Set: 0.0ms
[158.895s][info][gc,phases      ] GC(923)   Evacuate Collection Set: 2.5ms
[158.895s][info][gc,phases      ] GC(923)   Post Evacuate Collection Set: 0.4ms
[158.895s][info][gc,phases      ] GC(923)   Other: 0.4ms
[158.895s][info][gc,heap        ] GC(923) Eden regions: 241->0(241)
[158.895s][info][gc,heap        ] GC(923) Survivor regions: 1->1(31)
[158.895s][info][gc,heap        ] GC(923) Old regions: 54->54
[158.895s][info][gc,heap        ] GC(923) Humongous regions: 6->6
[158.895s][info][gc,metaspace   ] GC(923) Metaspace: 72194K->72194K(1114112K)
[158.895s][info][gc             ] GC(923) Pause Young (Normal) (G1 Evacuation Pause) 298M->57M(404M) 3.335ms
[158.895s][info][gc,cpu         ] GC(923) User=0.00s Sys=0.00s Real=0.00s
[159.012s][info][gc,start       ] GC(924) Pause Young (Normal) (G1 Evacuation Pause)
[159.012s][info][gc,task        ] GC(924) Using 1 workers of 1 for evacuation
[159.016s][info][gc,phases      ] GC(924)   Pre Evacuate Collection Set: 0.0ms
[159.016s][info][gc,phases      ] GC(924)   Evacuate Collection Set: 2.7ms
[159.016s][info][gc,phases      ] GC(924)   Post Evacuate Collection Set: 0.4ms
[159.016s][info][gc,phases      ] GC(924)   Other: 0.3ms
[159.016s][info][gc,heap        ] GC(924) Eden regions: 241->0(241)
[159.016s][info][gc,heap        ] GC(924) Survivor regions: 1->1(31)
[159.016s][info][gc,heap        ] GC(924) Old regions: 54->54
[159.016s][info][gc,heap        ] GC(924) Humongous regions: 6->6
[159.016s][info][gc,metaspace   ] GC(924) Metaspace: 72194K->72194K(1114112K)
[159.016s][info][gc             ] GC(924) Pause Young (Normal) (G1 Evacuation Pause) 298M->57M(404M) 3.420ms
[159.016s][info][gc,cpu         ] GC(924) User=0.00s Sys=0.00s Real=0.00s
[159.147s][info][gc,start       ] GC(925) Pause Young (Normal) (G1 Evacuation Pause)
[159.147s][info][gc,task        ] GC(925) Using 1 workers of 1 for evacuation
[159.150s][info][gc,phases      ] GC(925)   Pre Evacuate Collection Set: 0.0ms
[159.150s][info][gc,phases      ] GC(925)   Evacuate Collection Set: 2.5ms
[159.150s][info][gc,phases      ] GC(925)   Post Evacuate Collection Set: 0.3ms
[159.150s][info][gc,phases      ] GC(925)   Other: 0.3ms
[159.150s][info][gc,heap        ] GC(925) Eden regions: 241->0(241)
[159.150s][info][gc,heap        ] GC(925) Survivor regions: 1->1(31)
[159.150s][info][gc,heap        ] GC(925) Old regions: 54->54
[159.150s][info][gc,heap        ] GC(925) Humongous regions: 6->6
[159.150s][info][gc,metaspace   ] GC(925) Metaspace: 72194K->72194K(1114112K)
[159.150s][info][gc             ] GC(925) Pause Young (Normal) (G1 Evacuation Pause) 298M->57M(404M) 3.219ms
[159.150s][info][gc,cpu         ] GC(925) User=0.01s Sys=0.00s Real=0.00s
[159.301s][info][gc,start       ] GC(926) Pause Young (Normal) (G1 Evacuation Pause)
[159.301s][info][gc,task        ] GC(926) Using 1 workers of 1 for evacuation
[159.304s][info][gc,phases      ] GC(926)   Pre Evacuate Collection Set: 0.0ms
[159.304s][info][gc,phases      ] GC(926)   Evacuate Collection Set: 2.5ms
[159.304s][info][gc,phases      ] GC(926)   Post Evacuate Collection Set: 0.4ms
[159.304s][info][gc,phases      ] GC(926)   Other: 0.4ms
[159.304s][info][gc,heap        ] GC(926) Eden regions: 241->0(241)
[159.304s][info][gc,heap        ] GC(926) Survivor regions: 1->1(31)
[159.304s][info][gc,heap        ] GC(926) Old regions: 54->54
[159.304s][info][gc,heap        ] GC(926) Humongous regions: 6->6
[159.304s][info][gc,metaspace   ] GC(926) Metaspace: 72194K->72194K(1114112K)
[159.304s][info][gc             ] GC(926) Pause Young (Normal) (G1 Evacuation Pause) 298M->57M(404M) 3.314ms
[159.304s][info][gc,cpu         ] GC(926) User=0.00s Sys=0.00s Real=0.00s
[159.446s][info][gc,start       ] GC(927) Pause Young (Normal) (G1 Evacuation Pause)
[159.446s][info][gc,task        ] GC(927) Using 1 workers of 1 for evacuation
[159.449s][info][gc,phases      ] GC(927)   Pre Evacuate Collection Set: 0.0ms
[159.449s][info][gc,phases      ] GC(927)   Evacuate Collection Set: 2.5ms
[159.449s][info][gc,phases      ] GC(927)   Post Evacuate Collection Set: 0.3ms
[159.449s][info][gc,phases      ] GC(927)   Other: 0.3ms
[159.449s][info][gc,heap        ] GC(927) Eden regions: 241->0(241)
[159.449s][info][gc,heap        ] GC(927) Survivor regions: 1->1(31)
[159.449s][info][gc,heap        ] GC(927) Old regions: 54->54
[159.449s][info][gc,heap        ] GC(927) Humongous regions: 6->6
[159.449s][info][gc,metaspace   ] GC(927) Metaspace: 72194K->72194K(1114112K)
[159.449s][info][gc             ] GC(927) Pause Young (Normal) (G1 Evacuation Pause) 298M->57M(404M) 3.165ms
[159.449s][info][gc,cpu         ] GC(927) User=0.00s Sys=0.00s Real=0.01s
[159.739s][info][gc,start       ] GC(928) Pause Young (Normal) (G1 Evacuation Pause)
[159.739s][info][gc,task        ] GC(928) Using 1 workers of 1 for evacuation
[159.743s][info][gc,phases      ] GC(928)   Pre Evacuate Collection Set: 0.0ms
[159.743s][info][gc,phases      ] GC(928)   Evacuate Collection Set: 3.2ms
[159.743s][info][gc,phases      ] GC(928)   Post Evacuate Collection Set: 0.5ms
[159.743s][info][gc,phases      ] GC(928)   Other: 0.4ms
[159.743s][info][gc,heap        ] GC(928) Eden regions: 241->0(240)
[159.743s][info][gc,heap        ] GC(928) Survivor regions: 1->2(31)
[159.743s][info][gc,heap        ] GC(928) Old regions: 54->54
[159.743s][info][gc,heap        ] GC(928) Humongous regions: 21->6
[159.743s][info][gc,metaspace   ] GC(928) Metaspace: 72202K->72202K(1114112K)
[159.743s][info][gc             ] GC(928) Pause Young (Normal) (G1 Evacuation Pause) 313M->58M(404M) 4.146ms
[159.743s][info][gc,cpu         ] GC(928) User=0.01s Sys=0.00s Real=0.00s
[160.039s][info][gc,start       ] GC(929) Pause Young (Normal) (G1 Evacuation Pause)
[160.040s][info][gc,task        ] GC(929) Using 1 workers of 1 for evacuation
[160.044s][info][gc,phases      ] GC(929)   Pre Evacuate Collection Set: 0.0ms
[160.044s][info][gc,phases      ] GC(929)   Evacuate Collection Set: 4.2ms
[160.044s][info][gc,phases      ] GC(929)   Post Evacuate Collection Set: 0.4ms
[160.044s][info][gc,phases      ] GC(929)   Other: 0.5ms
[160.044s][info][gc,heap        ] GC(929) Eden regions: 240->0(240)
[160.044s][info][gc,heap        ] GC(929) Survivor regions: 2->2(31)
[160.045s][info][gc,heap        ] GC(929) Old regions: 54->54
[160.045s][info][gc,heap        ] GC(929) Humongous regions: 16->6
[160.045s][info][gc,metaspace   ] GC(929) Metaspace: 72226K->72226K(1114112K)
[160.045s][info][gc             ] GC(929) Pause Young (Normal) (G1 Evacuation Pause) 308M->59M(404M) 5.194ms
[160.045s][info][gc,cpu         ] GC(929) User=0.00s Sys=0.00s Real=0.00s
[160.165s][info][gc,start       ] GC(930) Pause Young (Normal) (G1 Evacuation Pause)
[160.165s][info][gc,task        ] GC(930) Using 1 workers of 1 for evacuation
[160.170s][info][gc,phases      ] GC(930)   Pre Evacuate Collection Set: 0.0ms
[160.170s][info][gc,phases      ] GC(930)   Evacuate Collection Set: 4.4ms
[160.170s][info][gc,phases      ] GC(930)   Post Evacuate Collection Set: 0.4ms
[160.170s][info][gc,phases      ] GC(930)   Other: 0.4ms
[160.170s][info][gc,heap        ] GC(930) Eden regions: 240->0(240)
[160.170s][info][gc,heap        ] GC(930) Survivor regions: 2->2(31)
[160.170s][info][gc,heap        ] GC(930) Old regions: 54->54
[160.170s][info][gc,heap        ] GC(930) Humongous regions: 6->6
[160.171s][info][gc,metaspace   ] GC(930) Metaspace: 72226K->72226K(1114112K)
[160.171s][info][gc             ] GC(930) Pause Young (Normal) (G1 Evacuation Pause) 299M->59M(404M) 5.242ms
[160.171s][info][gc,cpu         ] GC(930) User=0.01s Sys=0.00s Real=0.01s
[160.302s][info][gc,start       ] GC(931) Pause Young (Normal) (G1 Evacuation Pause)
[160.303s][info][gc,task        ] GC(931) Using 1 workers of 1 for evacuation
[160.308s][info][gc,phases      ] GC(931)   Pre Evacuate Collection Set: 0.0ms
[160.308s][info][gc,phases      ] GC(931)   Evacuate Collection Set: 4.3ms
[160.308s][info][gc,phases      ] GC(931)   Post Evacuate Collection Set: 0.4ms
[160.308s][info][gc,phases      ] GC(931)   Other: 0.8ms
[160.308s][info][gc,heap        ] GC(931) Eden regions: 240->0(240)
[160.308s][info][gc,heap        ] GC(931) Survivor regions: 2->2(31)
[160.308s][info][gc,heap        ] GC(931) Old regions: 54->54
[160.308s][info][gc,heap        ] GC(931) Humongous regions: 6->6
[160.308s][info][gc,metaspace   ] GC(931) Metaspace: 72226K->72226K(1114112K)
[160.308s][info][gc             ] GC(931) Pause Young (Normal) (G1 Evacuation Pause) 299M->59M(404M) 5.531ms
[160.308s][info][gc,cpu         ] GC(931) User=0.00s Sys=0.00s Real=0.01s
[160.430s][info][gc,start       ] GC(932) Pause Young (Normal) (G1 Evacuation Pause)
[160.430s][info][gc,task        ] GC(932) Using 1 workers of 1 for evacuation
[160.434s][info][gc,phases      ] GC(932)   Pre Evacuate Collection Set: 0.0ms
[160.434s][info][gc,phases      ] GC(932)   Evacuate Collection Set: 3.9ms
[160.434s][info][gc,phases      ] GC(932)   Post Evacuate Collection Set: 0.4ms
[160.434s][info][gc,phases      ] GC(932)   Other: 0.3ms
[160.434s][info][gc,heap        ] GC(932) Eden regions: 240->0(240)
[160.434s][info][gc,heap        ] GC(932) Survivor regions: 2->2(31)
[160.434s][info][gc,heap        ] GC(932) Old regions: 54->54
[160.434s][info][gc,heap        ] GC(932) Humongous regions: 6->6
[160.434s][info][gc,metaspace   ] GC(932) Metaspace: 72226K->72226K(1114112K)
[160.434s][info][gc             ] GC(932) Pause Young (Normal) (G1 Evacuation Pause) 299M->59M(404M) 4.673ms
[160.434s][info][gc,cpu         ] GC(932) User=0.00s Sys=0.00s Real=0.00s
[160.566s][info][gc,start       ] GC(933) Pause Young (Normal) (G1 Evacuation Pause)
[160.566s][info][gc,task        ] GC(933) Using 1 workers of 1 for evacuation
[160.571s][info][gc,phases      ] GC(933)   Pre Evacuate Collection Set: 0.0ms
[160.571s][info][gc,phases      ] GC(933)   Evacuate Collection Set: 3.9ms
[160.571s][info][gc,phases      ] GC(933)   Post Evacuate Collection Set: 0.4ms
[160.571s][info][gc,phases      ] GC(933)   Other: 0.4ms
[160.571s][info][gc,heap        ] GC(933) Eden regions: 240->0(240)
[160.571s][info][gc,heap        ] GC(933) Survivor regions: 2->2(31)
[160.571s][info][gc,heap        ] GC(933) Old regions: 54->54
[160.571s][info][gc,heap        ] GC(933) Humongous regions: 6->6
[160.571s][info][gc,metaspace   ] GC(933) Metaspace: 72226K->72226K(1114112K)
[160.571s][info][gc             ] GC(933) Pause Young (Normal) (G1 Evacuation Pause) 299M->59M(404M) 4.782ms
[160.571s][info][gc,cpu         ] GC(933) User=0.00s Sys=0.00s Real=0.00s
[160.758s][info][gc,start       ] GC(934) Pause Young (Normal) (G1 Evacuation Pause)
[160.758s][info][gc,task        ] GC(934) Using 1 workers of 1 for evacuation
[160.763s][info][gc,phases      ] GC(934)   Pre Evacuate Collection Set: 0.0ms
[160.763s][info][gc,phases      ] GC(934)   Evacuate Collection Set: 4.0ms
[160.763s][info][gc,phases      ] GC(934)   Post Evacuate Collection Set: 0.4ms
[160.763s][info][gc,phases      ] GC(934)   Other: 0.3ms
[160.763s][info][gc,heap        ] GC(934) Eden regions: 240->0(240)
[160.763s][info][gc,heap        ] GC(934) Survivor regions: 2->2(31)
[160.763s][info][gc,heap        ] GC(934) Old regions: 54->54
[160.763s][info][gc,heap        ] GC(934) Humongous regions: 6->6
[160.763s][info][gc,metaspace   ] GC(934) Metaspace: 72226K->72226K(1114112K)
[160.763s][info][gc             ] GC(934) Pause Young (Normal) (G1 Evacuation Pause) 299M->59M(404M) 4.813ms
[160.763s][info][gc,cpu         ] GC(934) User=0.00s Sys=0.00s Real=0.01s
[160.878s][info][gc,start       ] GC(935) Pause Young (Normal) (G1 Evacuation Pause)
[160.879s][info][gc,task        ] GC(935) Using 1 workers of 1 for evacuation
[160.883s][info][gc,phases      ] GC(935)   Pre Evacuate Collection Set: 0.0ms
[160.883s][info][gc,phases      ] GC(935)   Evacuate Collection Set: 3.8ms
[160.883s][info][gc,phases      ] GC(935)   Post Evacuate Collection Set: 0.4ms
[160.883s][info][gc,phases      ] GC(935)   Other: 0.4ms
[160.883s][info][gc,heap        ] GC(935) Eden regions: 240->0(240)
[160.883s][info][gc,heap        ] GC(935) Survivor regions: 2->2(31)
[160.883s][info][gc,heap        ] GC(935) Old regions: 54->54
[160.883s][info][gc,heap        ] GC(935) Humongous regions: 6->6
[160.883s][info][gc,metaspace   ] GC(935) Metaspace: 72226K->72226K(1114112K)
[160.883s][info][gc             ] GC(935) Pause Young (Normal) (G1 Evacuation Pause) 299M->59M(404M) 4.657ms
[160.883s][info][gc,cpu         ] GC(935) User=0.00s Sys=0.00s Real=0.01s
[160.998s][info][gc,start       ] GC(936) Pause Young (Normal) (G1 Evacuation Pause)
[160.998s][info][gc,task        ] GC(936) Using 1 workers of 1 for evacuation
[161.003s][info][gc,phases      ] GC(936)   Pre Evacuate Collection Set: 0.0ms
[161.003s][info][gc,phases      ] GC(936)   Evacuate Collection Set: 3.8ms
[161.003s][info][gc,phases      ] GC(936)   Post Evacuate Collection Set: 0.4ms
[161.003s][info][gc,phases      ] GC(936)   Other: 0.4ms
[161.003s][info][gc,heap        ] GC(936) Eden regions: 240->0(240)
[161.003s][info][gc,heap        ] GC(936) Survivor regions: 2->2(31)
[161.003s][info][gc,heap        ] GC(936) Old regions: 54->54
[161.003s][info][gc,heap        ] GC(936) Humongous regions: 6->6
[161.003s][info][gc,metaspace   ] GC(936) Metaspace: 72226K->72226K(1114112K)
[161.003s][info][gc             ] GC(936) Pause Young (Normal) (G1 Evacuation Pause) 299M->59M(404M) 4.573ms
[161.003s][info][gc,cpu         ] GC(936) User=0.00s Sys=0.00s Real=0.01s
[161.122s][info][gc,start       ] GC(937) Pause Young (Normal) (G1 Evacuation Pause)
[161.122s][info][gc,task        ] GC(937) Using 1 workers of 1 for evacuation
[161.126s][info][gc,phases      ] GC(937)   Pre Evacuate Collection Set: 0.0ms
[161.126s][info][gc,phases      ] GC(937)   Evacuate Collection Set: 3.7ms
[161.126s][info][gc,phases      ] GC(937)   Post Evacuate Collection Set: 0.4ms
[161.126s][info][gc,phases      ] GC(937)   Other: 0.3ms
[161.126s][info][gc,heap        ] GC(937) Eden regions: 240->0(240)
[161.126s][info][gc,heap        ] GC(937) Survivor regions: 2->2(31)
[161.126s][info][gc,heap        ] GC(937) Old regions: 54->54
[161.126s][info][gc,heap        ] GC(937) Humongous regions: 6->6
[161.126s][info][gc,metaspace   ] GC(937) Metaspace: 72226K->72226K(1114112K)
[161.126s][info][gc             ] GC(937) Pause Young (Normal) (G1 Evacuation Pause) 299M->59M(404M) 4.494ms
[161.126s][info][gc,cpu         ] GC(937) User=0.00s Sys=0.00s Real=0.00s
[161.244s][info][gc,start       ] GC(938) Pause Young (Normal) (G1 Evacuation Pause)
[161.244s][info][gc,task        ] GC(938) Using 1 workers of 1 for evacuation
[161.248s][info][gc,phases      ] GC(938)   Pre Evacuate Collection Set: 0.0ms
[161.248s][info][gc,phases      ] GC(938)   Evacuate Collection Set: 4.1ms
[161.248s][info][gc,phases      ] GC(938)   Post Evacuate Collection Set: 0.4ms
[161.248s][info][gc,phases      ] GC(938)   Other: 0.3ms
[161.248s][info][gc,heap        ] GC(938) Eden regions: 240->0(240)
[161.248s][info][gc,heap        ] GC(938) Survivor regions: 2->2(31)
[161.248s][info][gc,heap        ] GC(938) Old regions: 54->54
[161.248s][info][gc,heap        ] GC(938) Humongous regions: 6->6
[161.248s][info][gc,metaspace   ] GC(938) Metaspace: 72226K->72226K(1114112K)
[161.248s][info][gc             ] GC(938) Pause Young (Normal) (G1 Evacuation Pause) 299M->59M(404M) 4.896ms
[161.249s][info][gc,cpu         ] GC(938) User=0.01s Sys=0.00s Real=0.01s
[161.435s][info][gc,start       ] GC(939) Pause Young (Normal) (G1 Evacuation Pause)
[161.435s][info][gc,task        ] GC(939) Using 1 workers of 1 for evacuation
[161.442s][info][gc,phases      ] GC(939)   Pre Evacuate Collection Set: 0.0ms
[161.442s][info][gc,phases      ] GC(939)   Evacuate Collection Set: 6.1ms
[161.442s][info][gc,phases      ] GC(939)   Post Evacuate Collection Set: 0.6ms
[161.442s][info][gc,phases      ] GC(939)   Other: 0.5ms
[161.442s][info][gc,heap        ] GC(939) Eden regions: 240->0(240)
[161.442s][info][gc,heap        ] GC(939) Survivor regions: 2->2(31)
[161.442s][info][gc,heap        ] GC(939) Old regions: 54->54
[161.442s][info][gc,heap        ] GC(939) Humongous regions: 11->6
[161.442s][info][gc,metaspace   ] GC(939) Metaspace: 72235K->72235K(1114112K)
[161.442s][info][gc             ] GC(939) Pause Young (Normal) (G1 Evacuation Pause) 304M->58M(404M) 7.221ms
[161.442s][info][gc,cpu         ] GC(939) User=0.00s Sys=0.00s Real=0.01s
[161.601s][info][gc,start       ] GC(940) Pause Young (Normal) (G1 Evacuation Pause)
[161.601s][info][gc,task        ] GC(940) Using 1 workers of 1 for evacuation
[161.606s][info][gc,phases      ] GC(940)   Pre Evacuate Collection Set: 0.0ms
[161.606s][info][gc,phases      ] GC(940)   Evacuate Collection Set: 3.5ms
[161.606s][info][gc,phases      ] GC(940)   Post Evacuate Collection Set: 0.4ms
[161.606s][info][gc,phases      ] GC(940)   Other: 0.3ms
[161.606s][info][gc,heap        ] GC(940) Eden regions: 240->0(240)
[161.606s][info][gc,heap        ] GC(940) Survivor regions: 2->2(31)
[161.606s][info][gc,heap        ] GC(940) Old regions: 54->54
[161.606s][info][gc,heap        ] GC(940) Humongous regions: 6->6
[161.606s][info][gc,metaspace   ] GC(940) Metaspace: 72237K->72237K(1114112K)
[161.606s][info][gc             ] GC(940) Pause Young (Normal) (G1 Evacuation Pause) 298M->59M(404M) 4.247ms
[161.606s][info][gc,cpu         ] GC(940) User=0.00s Sys=0.00s Real=0.00s
[161.778s][info][gc,start       ] GC(941) Pause Young (Normal) (G1 Evacuation Pause)
[161.778s][info][gc,task        ] GC(941) Using 1 workers of 1 for evacuation
[161.788s][info][gc,phases      ] GC(941)   Pre Evacuate Collection Set: 0.1ms
[161.788s][info][gc,phases      ] GC(941)   Evacuate Collection Set: 9.2ms
[161.788s][info][gc,phases      ] GC(941)   Post Evacuate Collection Set: 0.9ms
[161.788s][info][gc,phases      ] GC(941)   Other: 0.8ms
[161.788s][info][gc,heap        ] GC(941) Eden regions: 240->0(240)
[161.788s][info][gc,heap        ] GC(941) Survivor regions: 2->2(31)
[161.788s][info][gc,heap        ] GC(941) Old regions: 54->54
[161.789s][info][gc,heap        ] GC(941) Humongous regions: 6->6
[161.789s][info][gc,metaspace   ] GC(941) Metaspace: 72237K->72237K(1114112K)
[161.789s][info][gc             ] GC(941) Pause Young (Normal) (G1 Evacuation Pause) 299M->58M(404M) 10.993ms
[161.789s][info][gc,cpu         ] GC(941) User=0.01s Sys=0.00s Real=0.02s
[161.993s][info][gc,start       ] GC(942) Pause Young (Normal) (G1 Evacuation Pause)
[161.993s][info][gc,task        ] GC(942) Using 1 workers of 1 for evacuation
[162.004s][info][gc,phases      ] GC(942)   Pre Evacuate Collection Set: 0.1ms
[162.004s][info][gc,phases      ] GC(942)   Evacuate Collection Set: 9.5ms
[162.005s][info][gc,phases      ] GC(942)   Post Evacuate Collection Set: 0.8ms
[162.005s][info][gc,phases      ] GC(942)   Other: 0.8ms
[162.005s][info][gc,heap        ] GC(942) Eden regions: 240->0(240)
[162.005s][info][gc,heap        ] GC(942) Survivor regions: 2->2(31)
[162.005s][info][gc,heap        ] GC(942) Old regions: 54->54
[162.005s][info][gc,heap        ] GC(942) Humongous regions: 6->6
[162.005s][info][gc,metaspace   ] GC(942) Metaspace: 72237K->72237K(1114112K)
[162.005s][info][gc             ] GC(942) Pause Young (Normal) (G1 Evacuation Pause) 298M->58M(404M) 11.387ms
[162.005s][info][gc,cpu         ] GC(942) User=0.01s Sys=0.00s Real=0.01s
[162.164s][info][gc,start       ] GC(943) Pause Young (Normal) (G1 Evacuation Pause)
[162.164s][info][gc,task        ] GC(943) Using 1 workers of 1 for evacuation
[162.169s][info][gc,phases      ] GC(943)   Pre Evacuate Collection Set: 0.0ms
[162.169s][info][gc,phases      ] GC(943)   Evacuate Collection Set: 3.5ms
[162.169s][info][gc,phases      ] GC(943)   Post Evacuate Collection Set: 0.4ms
[162.169s][info][gc,phases      ] GC(943)   Other: 0.3ms
[162.169s][info][gc,heap        ] GC(943) Eden regions: 240->0(241)
[162.169s][info][gc,heap        ] GC(943) Survivor regions: 2->1(31)
[162.169s][info][gc,heap        ] GC(943) Old regions: 54->55
[162.169s][info][gc,heap        ] GC(943) Humongous regions: 6->6
[162.169s][info][gc,metaspace   ] GC(943) Metaspace: 72237K->72237K(1114112K)
[162.169s][info][gc             ] GC(943) Pause Young (Normal) (G1 Evacuation Pause) 298M->58M(404M) 4.289ms
[162.169s][info][gc,cpu         ] GC(943) User=0.00s Sys=0.00s Real=0.01s
[162.307s][info][gc,start       ] GC(944) Pause Young (Normal) (G1 Evacuation Pause)
[162.307s][info][gc,task        ] GC(944) Using 1 workers of 1 for evacuation
[162.311s][info][gc,phases      ] GC(944)   Pre Evacuate Collection Set: 0.0ms
[162.311s][info][gc,phases      ] GC(944)   Evacuate Collection Set: 3.4ms
[162.311s][info][gc,phases      ] GC(944)   Post Evacuate Collection Set: 0.4ms
[162.311s][info][gc,phases      ] GC(944)   Other: 0.6ms
[162.311s][info][gc,heap        ] GC(944) Eden regions: 241->0(241)
[162.311s][info][gc,heap        ] GC(944) Survivor regions: 1->1(31)
[162.311s][info][gc,heap        ] GC(944) Old regions: 55->55
[162.311s][info][gc,heap        ] GC(944) Humongous regions: 6->6
[162.311s][info][gc,metaspace   ] GC(944) Metaspace: 72237K->72237K(1114112K)
[162.311s][info][gc             ] GC(944) Pause Young (Normal) (G1 Evacuation Pause) 299M->59M(404M) 4.376ms
[162.311s][info][gc,cpu         ] GC(944) User=0.01s Sys=0.00s Real=0.00s
[162.454s][info][gc,start       ] GC(945) Pause Young (Normal) (G1 Evacuation Pause)
[162.454s][info][gc,task        ] GC(945) Using 1 workers of 1 for evacuation
[162.457s][info][gc,phases      ] GC(945)   Pre Evacuate Collection Set: 0.0ms
[162.457s][info][gc,phases      ] GC(945)   Evacuate Collection Set: 2.6ms
[162.457s][info][gc,phases      ] GC(945)   Post Evacuate Collection Set: 0.3ms
[162.457s][info][gc,phases      ] GC(945)   Other: 0.4ms
[162.457s][info][gc,heap        ] GC(945) Eden regions: 241->0(241)
[162.457s][info][gc,heap        ] GC(945) Survivor regions: 1->1(31)
[162.457s][info][gc,heap        ] GC(945) Old regions: 55->55
[162.457s][info][gc,heap        ] GC(945) Humongous regions: 6->6
[162.458s][info][gc,metaspace   ] GC(945) Metaspace: 72237K->72237K(1114112K)
[162.458s][info][gc             ] GC(945) Pause Young (Normal) (G1 Evacuation Pause) 300M->59M(404M) 3.397ms
[162.458s][info][gc,cpu         ] GC(945) User=0.00s Sys=0.00s Real=0.00s
[162.587s][info][gc,start       ] GC(946) Pause Young (Normal) (G1 Evacuation Pause)
[162.587s][info][gc,task        ] GC(946) Using 1 workers of 1 for evacuation
[162.590s][info][gc,phases      ] GC(946)   Pre Evacuate Collection Set: 0.0ms
[162.590s][info][gc,phases      ] GC(946)   Evacuate Collection Set: 2.6ms
[162.590s][info][gc,phases      ] GC(946)   Post Evacuate Collection Set: 0.3ms
[162.590s][info][gc,phases      ] GC(946)   Other: 0.3ms
[162.590s][info][gc,heap        ] GC(946) Eden regions: 241->0(241)
[162.590s][info][gc,heap        ] GC(946) Survivor regions: 1->1(31)
[162.590s][info][gc,heap        ] GC(946) Old regions: 55->55
[162.590s][info][gc,heap        ] GC(946) Humongous regions: 6->6
[162.590s][info][gc,metaspace   ] GC(946) Metaspace: 72237K->72237K(1114112K)
[162.590s][info][gc             ] GC(946) Pause Young (Normal) (G1 Evacuation Pause) 300M->59M(404M) 3.218ms
[162.590s][info][gc,cpu         ] GC(946) User=0.00s Sys=0.00s Real=0.00s
[162.753s][info][gc,start       ] GC(947) Pause Young (Normal) (G1 Evacuation Pause)
[162.753s][info][gc,task        ] GC(947) Using 1 workers of 1 for evacuation
[162.761s][info][gc,phases      ] GC(947)   Pre Evacuate Collection Set: 0.1ms
[162.761s][info][gc,phases      ] GC(947)   Evacuate Collection Set: 7.0ms
[162.761s][info][gc,phases      ] GC(947)   Post Evacuate Collection Set: 0.9ms
[162.761s][info][gc,phases      ] GC(947)   Other: 0.6ms
[162.761s][info][gc,heap        ] GC(947) Eden regions: 241->0(241)
[162.761s][info][gc,heap        ] GC(947) Survivor regions: 1->1(31)
[162.761s][info][gc,heap        ] GC(947) Old regions: 55->55
[162.761s][info][gc,heap        ] GC(947) Humongous regions: 6->6
[162.761s][info][gc,metaspace   ] GC(947) Metaspace: 72237K->72237K(1114112K)
[162.762s][info][gc             ] GC(947) Pause Young (Normal) (G1 Evacuation Pause) 300M->59M(404M) 8.627ms
[162.762s][info][gc,cpu         ] GC(947) User=0.00s Sys=0.00s Real=0.01s
[162.959s][info][gc,start       ] GC(948) Pause Young (Normal) (G1 Evacuation Pause)
[162.959s][info][gc,task        ] GC(948) Using 1 workers of 1 for evacuation
[162.962s][info][gc,phases      ] GC(948)   Pre Evacuate Collection Set: 0.0ms
[162.962s][info][gc,phases      ] GC(948)   Evacuate Collection Set: 2.8ms
[162.962s][info][gc,phases      ] GC(948)   Post Evacuate Collection Set: 0.4ms
[162.962s][info][gc,phases      ] GC(948)   Other: 0.4ms
[162.962s][info][gc,heap        ] GC(948) Eden regions: 241->0(241)
[162.962s][info][gc,heap        ] GC(948) Survivor regions: 1->1(31)
[162.962s][info][gc,heap        ] GC(948) Old regions: 55->55
[162.962s][info][gc,heap        ] GC(948) Humongous regions: 11->6
[162.962s][info][gc,metaspace   ] GC(948) Metaspace: 72252K->72252K(1114112K)
[162.962s][info][gc             ] GC(948) Pause Young (Normal) (G1 Evacuation Pause) 305M->59M(404M) 3.645ms
[162.962s][info][gc,cpu         ] GC(948) User=0.00s Sys=0.00s Real=0.00s
[163.113s][info][gc,start       ] GC(949) Pause Young (Normal) (G1 Evacuation Pause)
[163.113s][info][gc,task        ] GC(949) Using 1 workers of 1 for evacuation
[163.116s][info][gc,phases      ] GC(949)   Pre Evacuate Collection Set: 0.0ms
[163.116s][info][gc,phases      ] GC(949)   Evacuate Collection Set: 2.6ms
[163.116s][info][gc,phases      ] GC(949)   Post Evacuate Collection Set: 0.3ms
[163.116s][info][gc,phases      ] GC(949)   Other: 0.3ms
[163.116s][info][gc,heap        ] GC(949) Eden regions: 241->0(241)
[163.116s][info][gc,heap        ] GC(949) Survivor regions: 1->1(31)
[163.116s][info][gc,heap        ] GC(949) Old regions: 55->55
[163.116s][info][gc,heap        ] GC(949) Humongous regions: 6->6
[163.116s][info][gc,metaspace   ] GC(949) Metaspace: 72252K->72252K(1114112K)
[163.116s][info][gc             ] GC(949) Pause Young (Normal) (G1 Evacuation Pause) 300M->59M(404M) 3.349ms
[163.117s][info][gc,cpu         ] GC(949) User=0.01s Sys=0.00s Real=0.00s
[163.248s][info][gc,start       ] GC(950) Pause Young (Normal) (G1 Evacuation Pause)
[163.248s][info][gc,task        ] GC(950) Using 1 workers of 1 for evacuation
[163.252s][info][gc,phases      ] GC(950)   Pre Evacuate Collection Set: 0.0ms
[163.252s][info][gc,phases      ] GC(950)   Evacuate Collection Set: 2.8ms
[163.252s][info][gc,phases      ] GC(950)   Post Evacuate Collection Set: 0.4ms
[163.252s][info][gc,phases      ] GC(950)   Other: 0.4ms
[163.252s][info][gc,heap        ] GC(950) Eden regions: 241->0(241)
[163.252s][info][gc,heap        ] GC(950) Survivor regions: 1->1(31)
[163.252s][info][gc,heap        ] GC(950) Old regions: 55->55
[163.252s][info][gc,heap        ] GC(950) Humongous regions: 6->6
[163.252s][info][gc,metaspace   ] GC(950) Metaspace: 72252K->72252K(1114112K)
[163.252s][info][gc             ] GC(950) Pause Young (Normal) (G1 Evacuation Pause) 300M->59M(404M) 3.612ms
[163.252s][info][gc,cpu         ] GC(950) User=0.00s Sys=0.00s Real=0.00s
[163.377s][info][gc,start       ] GC(951) Pause Young (Normal) (G1 Evacuation Pause)
[163.377s][info][gc,task        ] GC(951) Using 1 workers of 1 for evacuation
[163.380s][info][gc,phases      ] GC(951)   Pre Evacuate Collection Set: 0.0ms
[163.380s][info][gc,phases      ] GC(951)   Evacuate Collection Set: 2.8ms
[163.380s][info][gc,phases      ] GC(951)   Post Evacuate Collection Set: 0.3ms
[163.380s][info][gc,phases      ] GC(951)   Other: 0.3ms
[163.380s][info][gc,heap        ] GC(951) Eden regions: 241->0(241)
[163.380s][info][gc,heap        ] GC(951) Survivor regions: 1->1(31)
[163.380s][info][gc,heap        ] GC(951) Old regions: 55->55
[163.380s][info][gc,heap        ] GC(951) Humongous regions: 6->6
[163.380s][info][gc,metaspace   ] GC(951) Metaspace: 72252K->72252K(1114112K)
[163.380s][info][gc             ] GC(951) Pause Young (Normal) (G1 Evacuation Pause) 300M->59M(404M) 3.518ms
[163.380s][info][gc,cpu         ] GC(951) User=0.00s Sys=0.00s Real=0.01s
[163.503s][info][gc,start       ] GC(952) Pause Young (Normal) (G1 Evacuation Pause)
[163.503s][info][gc,task        ] GC(952) Using 1 workers of 1 for evacuation
[163.507s][info][gc,phases      ] GC(952)   Pre Evacuate Collection Set: 0.0ms
[163.507s][info][gc,phases      ] GC(952)   Evacuate Collection Set: 2.9ms
[163.507s][info][gc,phases      ] GC(952)   Post Evacuate Collection Set: 0.5ms
[163.507s][info][gc,phases      ] GC(952)   Other: 0.3ms
[163.507s][info][gc,heap        ] GC(952) Eden regions: 241->0(241)
[163.507s][info][gc,heap        ] GC(952) Survivor regions: 1->1(31)
[163.507s][info][gc,heap        ] GC(952) Old regions: 55->55
[163.507s][info][gc,heap        ] GC(952) Humongous regions: 6->6
[163.507s][info][gc,metaspace   ] GC(952) Metaspace: 72252K->72252K(1114112K)
[163.507s][info][gc             ] GC(952) Pause Young (Normal) (G1 Evacuation Pause) 300M->59M(404M) 3.856ms
[163.507s][info][gc,cpu         ] GC(952) User=0.01s Sys=0.00s Real=0.01s
[163.632s][info][gc,start       ] GC(953) Pause Young (Normal) (G1 Evacuation Pause)
[163.632s][info][gc,task        ] GC(953) Using 1 workers of 1 for evacuation
[163.636s][info][gc,phases      ] GC(953)   Pre Evacuate Collection Set: 0.0ms
[163.636s][info][gc,phases      ] GC(953)   Evacuate Collection Set: 2.8ms
[163.636s][info][gc,phases      ] GC(953)   Post Evacuate Collection Set: 0.4ms
[163.636s][info][gc,phases      ] GC(953)   Other: 0.3ms
[163.636s][info][gc,heap        ] GC(953) Eden regions: 241->0(241)
[163.636s][info][gc,heap        ] GC(953) Survivor regions: 1->1(31)
[163.636s][info][gc,heap        ] GC(953) Old regions: 55->55
[163.636s][info][gc,heap        ] GC(953) Humongous regions: 6->6
[163.636s][info][gc,metaspace   ] GC(953) Metaspace: 72252K->72252K(1114112K)
[163.636s][info][gc             ] GC(953) Pause Young (Normal) (G1 Evacuation Pause) 300M->59M(404M) 3.557ms
[163.636s][info][gc,cpu         ] GC(953) User=0.01s Sys=0.00s Real=0.00s
[163.756s][info][gc,start       ] GC(954) Pause Young (Normal) (G1 Evacuation Pause)
[163.756s][info][gc,task        ] GC(954) Using 1 workers of 1 for evacuation
[163.760s][info][gc,phases      ] GC(954)   Pre Evacuate Collection Set: 0.0ms
[163.760s][info][gc,phases      ] GC(954)   Evacuate Collection Set: 2.9ms
[163.760s][info][gc,phases      ] GC(954)   Post Evacuate Collection Set: 0.4ms
[163.760s][info][gc,phases      ] GC(954)   Other: 0.5ms
[163.760s][info][gc,heap        ] GC(954) Eden regions: 241->0(241)
[163.760s][info][gc,heap        ] GC(954) Survivor regions: 1->1(31)
[163.760s][info][gc,heap        ] GC(954) Old regions: 55->55
[163.760s][info][gc,heap        ] GC(954) Humongous regions: 6->6
[163.760s][info][gc,metaspace   ] GC(954) Metaspace: 72252K->72252K(1114112K)
[163.760s][info][gc             ] GC(954) Pause Young (Normal) (G1 Evacuation Pause) 300M->59M(404M) 3.779ms
[163.760s][info][gc,cpu         ] GC(954) User=0.00s Sys=0.00s Real=0.01s
[163.879s][info][gc,start       ] GC(955) Pause Young (Normal) (G1 Evacuation Pause)
[163.879s][info][gc,task        ] GC(955) Using 1 workers of 1 for evacuation
[163.882s][info][gc,phases      ] GC(955)   Pre Evacuate Collection Set: 0.0ms
[163.882s][info][gc,phases      ] GC(955)   Evacuate Collection Set: 2.5ms
[163.882s][info][gc,phases      ] GC(955)   Post Evacuate Collection Set: 0.3ms
[163.882s][info][gc,phases      ] GC(955)   Other: 0.4ms
[163.882s][info][gc,heap        ] GC(955) Eden regions: 241->0(241)
[163.882s][info][gc,heap        ] GC(955) Survivor regions: 1->1(31)
[163.882s][info][gc,heap        ] GC(955) Old regions: 55->55
[163.882s][info][gc,heap        ] GC(955) Humongous regions: 6->6
[163.882s][info][gc,metaspace   ] GC(955) Metaspace: 72252K->72252K(1114112K)
[163.882s][info][gc             ] GC(955) Pause Young (Normal) (G1 Evacuation Pause) 300M->59M(404M) 3.251ms
[163.882s][info][gc,cpu         ] GC(955) User=0.00s Sys=0.00s Real=0.01s
[164.010s][info][gc,start       ] GC(956) Pause Young (Normal) (G1 Evacuation Pause)
[164.010s][info][gc,task        ] GC(956) Using 1 workers of 1 for evacuation
[164.013s][info][gc,phases      ] GC(956)   Pre Evacuate Collection Set: 0.0ms
[164.013s][info][gc,phases      ] GC(956)   Evacuate Collection Set: 2.3ms
[164.013s][info][gc,phases      ] GC(956)   Post Evacuate Collection Set: 0.4ms
[164.013s][info][gc,phases      ] GC(956)   Other: 0.4ms
[164.013s][info][gc,heap        ] GC(956) Eden regions: 241->0(241)
[164.013s][info][gc,heap        ] GC(956) Survivor regions: 1->1(31)
[164.013s][info][gc,heap        ] GC(956) Old regions: 55->55
[164.013s][info][gc,heap        ] GC(956) Humongous regions: 6->6
[164.013s][info][gc,metaspace   ] GC(956) Metaspace: 72252K->72252K(1114112K)
[164.013s][info][gc             ] GC(956) Pause Young (Normal) (G1 Evacuation Pause) 300M->59M(404M) 3.135ms
[164.013s][info][gc,cpu         ] GC(956) User=0.00s Sys=0.00s Real=0.00s
[164.146s][info][gc,start       ] GC(957) Pause Young (Normal) (G1 Evacuation Pause)
[164.146s][info][gc,task        ] GC(957) Using 1 workers of 1 for evacuation
[164.149s][info][gc,phases      ] GC(957)   Pre Evacuate Collection Set: 0.0ms
[164.149s][info][gc,phases      ] GC(957)   Evacuate Collection Set: 2.4ms
[164.149s][info][gc,phases      ] GC(957)   Post Evacuate Collection Set: 0.3ms
[164.149s][info][gc,phases      ] GC(957)   Other: 0.3ms
[164.149s][info][gc,heap        ] GC(957) Eden regions: 241->0(241)
[164.149s][info][gc,heap        ] GC(957) Survivor regions: 1->1(31)
[164.149s][info][gc,heap        ] GC(957) Old regions: 55->55
[164.149s][info][gc,heap        ] GC(957) Humongous regions: 11->6
[164.149s][info][gc,metaspace   ] GC(957) Metaspace: 72264K->72264K(1114112K)
[164.149s][info][gc             ] GC(957) Pause Young (Normal) (G1 Evacuation Pause) 305M->59M(404M) 3.097ms
[164.149s][info][gc,cpu         ] GC(957) User=0.00s Sys=0.00s Real=0.01s
[164.273s][info][gc,start       ] GC(958) Pause Young (Normal) (G1 Evacuation Pause)
[164.273s][info][gc,task        ] GC(958) Using 1 workers of 1 for evacuation
[164.276s][info][gc,phases      ] GC(958)   Pre Evacuate Collection Set: 0.0ms
[164.276s][info][gc,phases      ] GC(958)   Evacuate Collection Set: 2.3ms
[164.276s][info][gc,phases      ] GC(958)   Post Evacuate Collection Set: 0.3ms
[164.276s][info][gc,phases      ] GC(958)   Other: 0.3ms
[164.276s][info][gc,heap        ] GC(958) Eden regions: 241->0(241)
[164.276s][info][gc,heap        ] GC(958) Survivor regions: 1->1(31)
[164.276s][info][gc,heap        ] GC(958) Old regions: 55->55
[164.276s][info][gc,heap        ] GC(958) Humongous regions: 6->6
[164.276s][info][gc,metaspace   ] GC(958) Metaspace: 72264K->72264K(1114112K)
[164.276s][info][gc             ] GC(958) Pause Young (Normal) (G1 Evacuation Pause) 300M->58M(404M) 3.024ms
[164.276s][info][gc,cpu         ] GC(958) User=0.00s Sys=0.00s Real=0.00s
[164.399s][info][gc,start       ] GC(959) Pause Young (Normal) (G1 Evacuation Pause)
[164.399s][info][gc,task        ] GC(959) Using 1 workers of 1 for evacuation
[164.402s][info][gc,phases      ] GC(959)   Pre Evacuate Collection Set: 0.0ms
[164.402s][info][gc,phases      ] GC(959)   Evacuate Collection Set: 2.3ms
[164.402s][info][gc,phases      ] GC(959)   Post Evacuate Collection Set: 0.3ms
[164.402s][info][gc,phases      ] GC(959)   Other: 0.3ms
[164.402s][info][gc,heap        ] GC(959) Eden regions: 241->0(241)
[164.402s][info][gc,heap        ] GC(959) Survivor regions: 1->1(31)
[164.402s][info][gc,heap        ] GC(959) Old regions: 55->55
[164.402s][info][gc,heap        ] GC(959) Humongous regions: 6->6
[164.402s][info][gc,metaspace   ] GC(959) Metaspace: 72264K->72264K(1114112K)
[164.402s][info][gc             ] GC(959) Pause Young (Normal) (G1 Evacuation Pause) 299M->58M(404M) 3.025ms
[164.402s][info][gc,cpu         ] GC(959) User=0.01s Sys=0.00s Real=0.00s
[164.521s][info][gc,start       ] GC(960) Pause Young (Normal) (G1 Evacuation Pause)
[164.521s][info][gc,task        ] GC(960) Using 1 workers of 1 for evacuation
[164.524s][info][gc,phases      ] GC(960)   Pre Evacuate Collection Set: 0.0ms
[164.524s][info][gc,phases      ] GC(960)   Evacuate Collection Set: 2.4ms
[164.524s][info][gc,phases      ] GC(960)   Post Evacuate Collection Set: 0.3ms
[164.524s][info][gc,phases      ] GC(960)   Other: 0.4ms
[164.524s][info][gc,heap        ] GC(960) Eden regions: 241->0(241)
[164.524s][info][gc,heap        ] GC(960) Survivor regions: 1->1(31)
[164.524s][info][gc,heap        ] GC(960) Old regions: 55->55
[164.524s][info][gc,heap        ] GC(960) Humongous regions: 6->6
[164.524s][info][gc,metaspace   ] GC(960) Metaspace: 72264K->72264K(1114112K)
[164.524s][info][gc             ] GC(960) Pause Young (Normal) (G1 Evacuation Pause) 299M->58M(404M) 3.193ms
[164.524s][info][gc,cpu         ] GC(960) User=0.00s Sys=0.00s Real=0.00s
[164.646s][info][gc,start       ] GC(961) Pause Young (Normal) (G1 Evacuation Pause)
[164.646s][info][gc,task        ] GC(961) Using 1 workers of 1 for evacuation
[164.649s][info][gc,phases      ] GC(961)   Pre Evacuate Collection Set: 0.0ms
[164.649s][info][gc,phases      ] GC(961)   Evacuate Collection Set: 2.4ms
[164.649s][info][gc,phases      ] GC(961)   Post Evacuate Collection Set: 0.4ms
[164.649s][info][gc,phases      ] GC(961)   Other: 0.3ms
[164.649s][info][gc,heap        ] GC(961) Eden regions: 241->0(241)
[164.649s][info][gc,heap        ] GC(961) Survivor regions: 1->1(31)
[164.649s][info][gc,heap        ] GC(961) Old regions: 55->55
[164.649s][info][gc,heap        ] GC(961) Humongous regions: 6->6
[164.649s][info][gc,metaspace   ] GC(961) Metaspace: 72264K->72264K(1114112K)
[164.650s][info][gc             ] GC(961) Pause Young (Normal) (G1 Evacuation Pause) 299M->59M(404M) 3.139ms
[164.650s][info][gc,cpu         ] GC(961) User=0.00s Sys=0.00s Real=0.01s
[164.789s][info][gc,start       ] GC(962) Pause Young (Normal) (G1 Evacuation Pause)
[164.789s][info][gc,task        ] GC(962) Using 1 workers of 1 for evacuation
[164.792s][info][gc,phases      ] GC(962)   Pre Evacuate Collection Set: 0.0ms
[164.792s][info][gc,phases      ] GC(962)   Evacuate Collection Set: 2.4ms
[164.792s][info][gc,phases      ] GC(962)   Post Evacuate Collection Set: 0.3ms
[164.792s][info][gc,phases      ] GC(962)   Other: 0.3ms
[164.792s][info][gc,heap        ] GC(962) Eden regions: 241->0(241)
[164.792s][info][gc,heap        ] GC(962) Survivor regions: 1->1(31)
[164.792s][info][gc,heap        ] GC(962) Old regions: 55->55
[164.792s][info][gc,heap        ] GC(962) Humongous regions: 6->6
[164.792s][info][gc,metaspace   ] GC(962) Metaspace: 72264K->72264K(1114112K)
[164.792s][info][gc             ] GC(962) Pause Young (Normal) (G1 Evacuation Pause) 300M->59M(404M) 3.121ms
[164.792s][info][gc,cpu         ] GC(962) User=0.01s Sys=0.00s Real=0.00s
[164.910s][info][gc,start       ] GC(963) Pause Young (Normal) (G1 Evacuation Pause)
[164.910s][info][gc,task        ] GC(963) Using 1 workers of 1 for evacuation
[164.913s][info][gc,phases      ] GC(963)   Pre Evacuate Collection Set: 0.0ms
[164.913s][info][gc,phases      ] GC(963)   Evacuate Collection Set: 2.4ms
[164.913s][info][gc,phases      ] GC(963)   Post Evacuate Collection Set: 0.3ms
[164.913s][info][gc,phases      ] GC(963)   Other: 0.4ms
[164.913s][info][gc,heap        ] GC(963) Eden regions: 241->0(241)
[164.913s][info][gc,heap        ] GC(963) Survivor regions: 1->1(31)
[164.913s][info][gc,heap        ] GC(963) Old regions: 55->55
[164.913s][info][gc,heap        ] GC(963) Humongous regions: 6->6
[164.913s][info][gc,metaspace   ] GC(963) Metaspace: 72264K->72264K(1114112K)
[164.913s][info][gc             ] GC(963) Pause Young (Normal) (G1 Evacuation Pause) 300M->59M(404M) 3.196ms
[164.913s][info][gc,cpu         ] GC(963) User=0.01s Sys=0.00s Real=0.00s
[165.048s][info][gc,start       ] GC(964) Pause Young (Normal) (G1 Evacuation Pause)
[165.048s][info][gc,task        ] GC(964) Using 1 workers of 1 for evacuation
[165.051s][info][gc,phases      ] GC(964)   Pre Evacuate Collection Set: 0.0ms
[165.051s][info][gc,phases      ] GC(964)   Evacuate Collection Set: 2.5ms
[165.051s][info][gc,phases      ] GC(964)   Post Evacuate Collection Set: 0.3ms
[165.051s][info][gc,phases      ] GC(964)   Other: 0.3ms
[165.051s][info][gc,heap        ] GC(964) Eden regions: 241->0(241)
[165.051s][info][gc,heap        ] GC(964) Survivor regions: 1->1(31)
[165.051s][info][gc,heap        ] GC(964) Old regions: 55->55
[165.051s][info][gc,heap        ] GC(964) Humongous regions: 6->6
[165.051s][info][gc,metaspace   ] GC(964) Metaspace: 72264K->72264K(1114112K)
[165.051s][info][gc             ] GC(964) Pause Young (Normal) (G1 Evacuation Pause) 300M->59M(404M) 3.230ms
[165.051s][info][gc,cpu         ] GC(964) User=0.00s Sys=0.00s Real=0.00s
[165.189s][info][gc,start       ] GC(965) Pause Young (Normal) (G1 Evacuation Pause)
[165.189s][info][gc,task        ] GC(965) Using 1 workers of 1 for evacuation
[165.195s][info][gc,phases      ] GC(965)   Pre Evacuate Collection Set: 0.0ms
[165.195s][info][gc,phases      ] GC(965)   Evacuate Collection Set: 4.8ms
[165.195s][info][gc,phases      ] GC(965)   Post Evacuate Collection Set: 0.7ms
[165.195s][info][gc,phases      ] GC(965)   Other: 0.5ms
[165.195s][info][gc,heap        ] GC(965) Eden regions: 241->0(241)
[165.195s][info][gc,heap        ] GC(965) Survivor regions: 1->1(31)
[165.195s][info][gc,heap        ] GC(965) Old regions: 55->55
[165.195s][info][gc,heap        ] GC(965) Humongous regions: 6->6
[165.195s][info][gc,metaspace   ] GC(965) Metaspace: 72264K->72264K(1114112K)
[165.195s][info][gc             ] GC(965) Pause Young (Normal) (G1 Evacuation Pause) 300M->59M(404M) 6.326ms
[165.195s][info][gc,cpu         ] GC(965) User=0.01s Sys=0.00s Real=0.00s
[165.371s][info][gc,start       ] GC(966) Pause Young (Normal) (G1 Evacuation Pause)
[165.371s][info][gc,task        ] GC(966) Using 1 workers of 1 for evacuation
[165.374s][info][gc,phases      ] GC(966)   Pre Evacuate Collection Set: 0.0ms
[165.374s][info][gc,phases      ] GC(966)   Evacuate Collection Set: 2.6ms
[165.374s][info][gc,phases      ] GC(966)   Post Evacuate Collection Set: 0.4ms
[165.374s][info][gc,phases      ] GC(966)   Other: 0.4ms
[165.374s][info][gc,heap        ] GC(966) Eden regions: 241->0(241)
[165.374s][info][gc,heap        ] GC(966) Survivor regions: 1->1(31)
[165.374s][info][gc,heap        ] GC(966) Old regions: 55->55
[165.374s][info][gc,heap        ] GC(966) Humongous regions: 11->6
[165.374s][info][gc,metaspace   ] GC(966) Metaspace: 72266K->72266K(1114112K)
[165.374s][info][gc             ] GC(966) Pause Young (Normal) (G1 Evacuation Pause) 305M->59M(404M) 3.482ms
[165.374s][info][gc,cpu         ] GC(966) User=0.01s Sys=0.00s Real=0.00s
[165.493s][info][gc,start       ] GC(967) Pause Young (Normal) (G1 Evacuation Pause)
[165.493s][info][gc,task        ] GC(967) Using 1 workers of 1 for evacuation
[165.497s][info][gc,phases      ] GC(967)   Pre Evacuate Collection Set: 0.0ms
[165.497s][info][gc,phases      ] GC(967)   Evacuate Collection Set: 2.9ms
[165.497s][info][gc,phases      ] GC(967)   Post Evacuate Collection Set: 0.4ms
[165.497s][info][gc,phases      ] GC(967)   Other: 0.3ms
[165.497s][info][gc,heap        ] GC(967) Eden regions: 241->0(241)
[165.497s][info][gc,heap        ] GC(967) Survivor regions: 1->1(31)
[165.497s][info][gc,heap        ] GC(967) Old regions: 55->55
[165.497s][info][gc,heap        ] GC(967) Humongous regions: 6->6
[165.497s][info][gc,metaspace   ] GC(967) Metaspace: 72266K->72266K(1114112K)
[165.497s][info][gc             ] GC(967) Pause Young (Normal) (G1 Evacuation Pause) 300M->59M(404M) 3.629ms
[165.497s][info][gc,cpu         ] GC(967) User=0.00s Sys=0.00s Real=0.00s
[165.638s][info][gc,start       ] GC(968) Pause Young (Normal) (G1 Evacuation Pause)
[165.638s][info][gc,task        ] GC(968) Using 1 workers of 1 for evacuation
[165.641s][info][gc,phases      ] GC(968)   Pre Evacuate Collection Set: 0.0ms
[165.641s][info][gc,phases      ] GC(968)   Evacuate Collection Set: 2.6ms
[165.641s][info][gc,phases      ] GC(968)   Post Evacuate Collection Set: 0.4ms
[165.641s][info][gc,phases      ] GC(968)   Other: 0.4ms
[165.641s][info][gc,heap        ] GC(968) Eden regions: 241->0(241)
[165.641s][info][gc,heap        ] GC(968) Survivor regions: 1->1(31)
[165.641s][info][gc,heap        ] GC(968) Old regions: 55->55
[165.641s][info][gc,heap        ] GC(968) Humongous regions: 6->6
[165.641s][info][gc,metaspace   ] GC(968) Metaspace: 72266K->72266K(1114112K)
[165.641s][info][gc             ] GC(968) Pause Young (Normal) (G1 Evacuation Pause) 300M->59M(404M) 3.445ms
[165.641s][info][gc,cpu         ] GC(968) User=0.00s Sys=0.00s Real=0.01s
[165.761s][info][gc,start       ] GC(969) Pause Young (Normal) (G1 Evacuation Pause)
[165.762s][info][gc,task        ] GC(969) Using 1 workers of 1 for evacuation
[165.768s][info][gc,phases      ] GC(969)   Pre Evacuate Collection Set: 0.0ms
[165.768s][info][gc,phases      ] GC(969)   Evacuate Collection Set: 4.9ms
[165.768s][info][gc,phases      ] GC(969)   Post Evacuate Collection Set: 0.9ms
[165.768s][info][gc,phases      ] GC(969)   Other: 0.4ms
[165.768s][info][gc,heap        ] GC(969) Eden regions: 241->0(241)
[165.768s][info][gc,heap        ] GC(969) Survivor regions: 1->1(31)
[165.768s][info][gc,heap        ] GC(969) Old regions: 55->55
[165.768s][info][gc,heap        ] GC(969) Humongous regions: 6->6
[165.768s][info][gc,metaspace   ] GC(969) Metaspace: 72266K->72266K(1114112K)
[165.768s][info][gc             ] GC(969) Pause Young (Normal) (G1 Evacuation Pause) 300M->59M(404M) 6.272ms
[165.768s][info][gc,cpu         ] GC(969) User=0.01s Sys=0.00s Real=0.01s
[165.906s][info][gc,start       ] GC(970) Pause Young (Normal) (G1 Evacuation Pause)
[165.907s][info][gc,task        ] GC(970) Using 1 workers of 1 for evacuation
[165.910s][info][gc,phases      ] GC(970)   Pre Evacuate Collection Set: 0.0ms
[165.910s][info][gc,phases      ] GC(970)   Evacuate Collection Set: 2.5ms
[165.910s][info][gc,phases      ] GC(970)   Post Evacuate Collection Set: 0.4ms
[165.910s][info][gc,phases      ] GC(970)   Other: 0.4ms
[165.910s][info][gc,heap        ] GC(970) Eden regions: 241->0(241)
[165.910s][info][gc,heap        ] GC(970) Survivor regions: 1->1(31)
[165.910s][info][gc,heap        ] GC(970) Old regions: 55->55
[165.910s][info][gc,heap        ] GC(970) Humongous regions: 6->6
[165.910s][info][gc,metaspace   ] GC(970) Metaspace: 72266K->72266K(1114112K)
[165.910s][info][gc             ] GC(970) Pause Young (Normal) (G1 Evacuation Pause) 300M->59M(404M) 3.347ms
[165.910s][info][gc,cpu         ] GC(970) User=0.00s Sys=0.00s Real=0.01s
[166.059s][info][gc,start       ] GC(971) Pause Young (Normal) (G1 Evacuation Pause)
[166.059s][info][gc,task        ] GC(971) Using 1 workers of 1 for evacuation
[166.063s][info][gc,phases      ] GC(971)   Pre Evacuate Collection Set: 0.0ms
[166.063s][info][gc,phases      ] GC(971)   Evacuate Collection Set: 2.9ms
[166.063s][info][gc,phases      ] GC(971)   Post Evacuate Collection Set: 0.4ms
[166.063s][info][gc,phases      ] GC(971)   Other: 0.4ms
[166.063s][info][gc,heap        ] GC(971) Eden regions: 241->0(241)
[166.063s][info][gc,heap        ] GC(971) Survivor regions: 1->1(31)
[166.063s][info][gc,heap        ] GC(971) Old regions: 55->55
[166.063s][info][gc,heap        ] GC(971) Humongous regions: 6->6
[166.063s][info][gc,metaspace   ] GC(971) Metaspace: 72266K->72266K(1114112K)
[166.063s][info][gc             ] GC(971) Pause Young (Normal) (G1 Evacuation Pause) 300M->59M(404M) 3.724ms
[166.063s][info][gc,cpu         ] GC(971) User=0.00s Sys=0.00s Real=0.00s
[166.263s][info][gc,start       ] GC(972) Pause Young (Normal) (G1 Evacuation Pause)
[166.263s][info][gc,task        ] GC(972) Using 1 workers of 1 for evacuation
[166.268s][info][gc,phases      ] GC(972)   Pre Evacuate Collection Set: 0.1ms
[166.268s][info][gc,phases      ] GC(972)   Evacuate Collection Set: 4.5ms
[166.268s][info][gc,phases      ] GC(972)   Post Evacuate Collection Set: 0.4ms
[166.268s][info][gc,phases      ] GC(972)   Other: 0.6ms
[166.268s][info][gc,heap        ] GC(972) Eden regions: 241->0(241)
[166.268s][info][gc,heap        ] GC(972) Survivor regions: 1->1(31)
[166.268s][info][gc,heap        ] GC(972) Old regions: 55->55
[166.268s][info][gc,heap        ] GC(972) Humongous regions: 6->6
[166.268s][info][gc,metaspace   ] GC(972) Metaspace: 72266K->72266K(1114112K)
[166.268s][info][gc             ] GC(972) Pause Young (Normal) (G1 Evacuation Pause) 300M->59M(404M) 5.578ms
[166.268s][info][gc,cpu         ] GC(972) User=0.01s Sys=0.00s Real=0.01s
[166.415s][info][gc,start       ] GC(973) Pause Young (Normal) (G1 Evacuation Pause)
[166.415s][info][gc,task        ] GC(973) Using 1 workers of 1 for evacuation
[166.418s][info][gc,phases      ] GC(973)   Pre Evacuate Collection Set: 0.0ms
[166.418s][info][gc,phases      ] GC(973)   Evacuate Collection Set: 2.5ms
[166.418s][info][gc,phases      ] GC(973)   Post Evacuate Collection Set: 0.4ms
[166.418s][info][gc,phases      ] GC(973)   Other: 0.4ms
[166.418s][info][gc,heap        ] GC(973) Eden regions: 241->0(241)
[166.418s][info][gc,heap        ] GC(973) Survivor regions: 1->1(31)
[166.418s][info][gc,heap        ] GC(973) Old regions: 55->55
[166.418s][info][gc,heap        ] GC(973) Humongous regions: 6->6
[166.418s][info][gc,metaspace   ] GC(973) Metaspace: 72266K->72266K(1114112K)
[166.418s][info][gc             ] GC(973) Pause Young (Normal) (G1 Evacuation Pause) 300M->59M(404M) 3.391ms
[166.418s][info][gc,cpu         ] GC(973) User=0.01s Sys=0.00s Real=0.00s
[166.557s][info][gc,start       ] GC(974) Pause Young (Normal) (G1 Evacuation Pause)
[166.557s][info][gc,task        ] GC(974) Using 1 workers of 1 for evacuation
[166.560s][info][gc,phases      ] GC(974)   Pre Evacuate Collection Set: 0.0ms
[166.560s][info][gc,phases      ] GC(974)   Evacuate Collection Set: 2.3ms
[166.560s][info][gc,phases      ] GC(974)   Post Evacuate Collection Set: 0.3ms
[166.560s][info][gc,phases      ] GC(974)   Other: 0.3ms
[166.560s][info][gc,heap        ] GC(974) Eden regions: 241->0(241)
[166.560s][info][gc,heap        ] GC(974) Survivor regions: 1->1(31)
[166.560s][info][gc,heap        ] GC(974) Old regions: 55->55
[166.560s][info][gc,heap        ] GC(974) Humongous regions: 6->6
[166.560s][info][gc,metaspace   ] GC(974) Metaspace: 72266K->72266K(1114112K)
[166.560s][info][gc             ] GC(974) Pause Young (Normal) (G1 Evacuation Pause) 300M->59M(404M) 3.008ms
[166.560s][info][gc,cpu         ] GC(974) User=0.00s Sys=0.00s Real=0.01s
[166.678s][info][gc,start       ] GC(975) Pause Young (Normal) (G1 Evacuation Pause)
[166.678s][info][gc,task        ] GC(975) Using 1 workers of 1 for evacuation
[166.681s][info][gc,phases      ] GC(975)   Pre Evacuate Collection Set: 0.0ms
[166.681s][info][gc,phases      ] GC(975)   Evacuate Collection Set: 2.3ms
[166.681s][info][gc,phases      ] GC(975)   Post Evacuate Collection Set: 0.4ms
[166.681s][info][gc,phases      ] GC(975)   Other: 0.3ms
[166.681s][info][gc,heap        ] GC(975) Eden regions: 241->0(241)
[166.681s][info][gc,heap        ] GC(975) Survivor regions: 1->1(31)
[166.681s][info][gc,heap        ] GC(975) Old regions: 55->55
[166.681s][info][gc,heap        ] GC(975) Humongous regions: 6->6
[166.681s][info][gc,metaspace   ] GC(975) Metaspace: 72266K->72266K(1114112K)
[166.681s][info][gc             ] GC(975) Pause Young (Normal) (G1 Evacuation Pause) 300M->59M(404M) 3.027ms
[166.681s][info][gc,cpu         ] GC(975) User=0.00s Sys=0.00s Real=0.01s
[166.884s][info][gc,start       ] GC(976) Pause Young (Normal) (G1 Evacuation Pause)
[166.885s][info][gc,task        ] GC(976) Using 1 workers of 1 for evacuation
[166.890s][info][gc,phases      ] GC(976)   Pre Evacuate Collection Set: 0.1ms
[166.891s][info][gc,phases      ] GC(976)   Evacuate Collection Set: 5.0ms
[166.891s][info][gc,phases      ] GC(976)   Post Evacuate Collection Set: 0.6ms
[166.891s][info][gc,phases      ] GC(976)   Other: 0.5ms
[166.891s][info][gc,heap        ] GC(976) Eden regions: 241->0(241)
[166.891s][info][gc,heap        ] GC(976) Survivor regions: 1->1(31)
[166.891s][info][gc,heap        ] GC(976) Old regions: 55->55
[166.891s][info][gc,heap        ] GC(976) Humongous regions: 11->6
[166.891s][info][gc,metaspace   ] GC(976) Metaspace: 72271K->72271K(1114112K)
[166.891s][info][gc             ] GC(976) Pause Young (Normal) (G1 Evacuation Pause) 305M->59M(404M) 6.352ms
[166.891s][info][gc,cpu         ] GC(976) User=0.01s Sys=0.00s Real=0.01s
[167.074s][info][gc,start       ] GC(977) Pause Young (Normal) (G1 Evacuation Pause)
[167.074s][info][gc,task        ] GC(977) Using 1 workers of 1 for evacuation
[167.078s][info][gc,phases      ] GC(977)   Pre Evacuate Collection Set: 0.0ms
[167.078s][info][gc,phases      ] GC(977)   Evacuate Collection Set: 2.6ms
[167.078s][info][gc,phases      ] GC(977)   Post Evacuate Collection Set: 0.5ms
[167.078s][info][gc,phases      ] GC(977)   Other: 0.4ms
[167.078s][info][gc,heap        ] GC(977) Eden regions: 241->0(241)
[167.078s][info][gc,heap        ] GC(977) Survivor regions: 1->1(31)
[167.078s][info][gc,heap        ] GC(977) Old regions: 55->55
[167.078s][info][gc,heap        ] GC(977) Humongous regions: 6->6
[167.078s][info][gc,metaspace   ] GC(977) Metaspace: 72271K->72271K(1114112K)
[167.078s][info][gc             ] GC(977) Pause Young (Normal) (G1 Evacuation Pause) 300M->59M(404M) 3.460ms
[167.078s][info][gc,cpu         ] GC(977) User=0.00s Sys=0.00s Real=0.00s
[167.240s][info][gc,start       ] GC(978) Pause Young (Normal) (G1 Evacuation Pause)
[167.240s][info][gc,task        ] GC(978) Using 1 workers of 1 for evacuation
[167.244s][info][gc,phases      ] GC(978)   Pre Evacuate Collection Set: 0.0ms
[167.245s][info][gc,phases      ] GC(978)   Evacuate Collection Set: 3.2ms
[167.245s][info][gc,phases      ] GC(978)   Post Evacuate Collection Set: 0.6ms
[167.245s][info][gc,phases      ] GC(978)   Other: 0.5ms
[167.245s][info][gc,heap        ] GC(978) Eden regions: 241->0(241)
[167.245s][info][gc,heap        ] GC(978) Survivor regions: 1->1(31)
[167.245s][info][gc,heap        ] GC(978) Old regions: 55->55
[167.245s][info][gc,heap        ] GC(978) Humongous regions: 6->6
[167.245s][info][gc,metaspace   ] GC(978) Metaspace: 72271K->72271K(1114112K)
[167.245s][info][gc             ] GC(978) Pause Young (Normal) (G1 Evacuation Pause) 300M->59M(404M) 4.521ms
[167.245s][info][gc,cpu         ] GC(978) User=0.01s Sys=0.00s Real=0.00s
[167.377s][info][gc,start       ] GC(979) Pause Young (Normal) (G1 Evacuation Pause)
[167.377s][info][gc,task        ] GC(979) Using 1 workers of 1 for evacuation
[167.380s][info][gc,phases      ] GC(979)   Pre Evacuate Collection Set: 0.0ms
[167.380s][info][gc,phases      ] GC(979)   Evacuate Collection Set: 2.6ms
[167.380s][info][gc,phases      ] GC(979)   Post Evacuate Collection Set: 0.3ms
[167.380s][info][gc,phases      ] GC(979)   Other: 0.3ms
[167.380s][info][gc,heap        ] GC(979) Eden regions: 241->0(241)
[167.380s][info][gc,heap        ] GC(979) Survivor regions: 1->1(31)
[167.380s][info][gc,heap        ] GC(979) Old regions: 55->55
[167.380s][info][gc,heap        ] GC(979) Humongous regions: 6->6
[167.380s][info][gc,metaspace   ] GC(979) Metaspace: 72271K->72271K(1114112K)
[167.380s][info][gc             ] GC(979) Pause Young (Normal) (G1 Evacuation Pause) 300M->59M(404M) 3.255ms
[167.380s][info][gc,cpu         ] GC(979) User=0.00s Sys=0.00s Real=0.01s
[167.539s][info][gc,start       ] GC(980) Pause Young (Normal) (G1 Evacuation Pause)
[167.539s][info][gc,task        ] GC(980) Using 1 workers of 1 for evacuation
[167.543s][info][gc,phases      ] GC(980)   Pre Evacuate Collection Set: 0.0ms
[167.543s][info][gc,phases      ] GC(980)   Evacuate Collection Set: 3.0ms
[167.543s][info][gc,phases      ] GC(980)   Post Evacuate Collection Set: 0.7ms
[167.543s][info][gc,phases      ] GC(980)   Other: 0.4ms
[167.543s][info][gc,heap        ] GC(980) Eden regions: 241->0(241)
[167.543s][info][gc,heap        ] GC(980) Survivor regions: 1->1(31)
[167.543s][info][gc,heap        ] GC(980) Old regions: 55->55
[167.543s][info][gc,heap        ] GC(980) Humongous regions: 6->6
[167.543s][info][gc,metaspace   ] GC(980) Metaspace: 72271K->72271K(1114112K)
[167.543s][info][gc             ] GC(980) Pause Young (Normal) (G1 Evacuation Pause) 300M->59M(404M) 4.125ms
[167.543s][info][gc,cpu         ] GC(980) User=0.01s Sys=0.00s Real=0.00s
[167.685s][info][gc,start       ] GC(981) Pause Young (Normal) (G1 Evacuation Pause)
[167.685s][info][gc,task        ] GC(981) Using 1 workers of 1 for evacuation
[167.688s][info][gc,phases      ] GC(981)   Pre Evacuate Collection Set: 0.0ms
[167.688s][info][gc,phases      ] GC(981)   Evacuate Collection Set: 2.8ms
[167.688s][info][gc,phases      ] GC(981)   Post Evacuate Collection Set: 0.4ms
[167.688s][info][gc,phases      ] GC(981)   Other: 0.3ms
[167.688s][info][gc,heap        ] GC(981) Eden regions: 241->0(241)
[167.688s][info][gc,heap        ] GC(981) Survivor regions: 1->1(31)
[167.688s][info][gc,heap        ] GC(981) Old regions: 55->55
[167.688s][info][gc,heap        ] GC(981) Humongous regions: 6->6
[167.688s][info][gc,metaspace   ] GC(981) Metaspace: 72271K->72271K(1114112K)
[167.688s][info][gc             ] GC(981) Pause Young (Normal) (G1 Evacuation Pause) 300M->59M(404M) 3.563ms
[167.689s][info][gc,cpu         ] GC(981) User=0.00s Sys=0.00s Real=0.01s
[167.828s][info][gc,start       ] GC(982) Pause Young (Normal) (G1 Evacuation Pause)
[167.828s][info][gc,task        ] GC(982) Using 1 workers of 1 for evacuation
[167.831s][info][gc,phases      ] GC(982)   Pre Evacuate Collection Set: 0.0ms
[167.831s][info][gc,phases      ] GC(982)   Evacuate Collection Set: 2.4ms
[167.831s][info][gc,phases      ] GC(982)   Post Evacuate Collection Set: 0.4ms
[167.831s][info][gc,phases      ] GC(982)   Other: 0.3ms
[167.831s][info][gc,heap        ] GC(982) Eden regions: 241->0(241)
[167.831s][info][gc,heap        ] GC(982) Survivor regions: 1->1(31)
[167.831s][info][gc,heap        ] GC(982) Old regions: 55->55
[167.831s][info][gc,heap        ] GC(982) Humongous regions: 6->6
[167.831s][info][gc,metaspace   ] GC(982) Metaspace: 72271K->72271K(1114112K)
[167.831s][info][gc             ] GC(982) Pause Young (Normal) (G1 Evacuation Pause) 300M->59M(404M) 3.216ms
[167.831s][info][gc,cpu         ] GC(982) User=0.00s Sys=0.00s Real=0.00s
[167.983s][info][gc,start       ] GC(983) Pause Young (Normal) (G1 Evacuation Pause)
[167.983s][info][gc,task        ] GC(983) Using 1 workers of 1 for evacuation
[167.987s][info][gc,phases      ] GC(983)   Pre Evacuate Collection Set: 0.0ms
[167.987s][info][gc,phases      ] GC(983)   Evacuate Collection Set: 2.6ms
[167.987s][info][gc,phases      ] GC(983)   Post Evacuate Collection Set: 0.4ms
[167.987s][info][gc,phases      ] GC(983)   Other: 0.4ms
[167.987s][info][gc,heap        ] GC(983) Eden regions: 241->0(241)
[167.987s][info][gc,heap        ] GC(983) Survivor regions: 1->1(31)
[167.987s][info][gc,heap        ] GC(983) Old regions: 55->55
[167.987s][info][gc,heap        ] GC(983) Humongous regions: 6->6
[167.987s][info][gc,metaspace   ] GC(983) Metaspace: 72271K->72271K(1114112K)
[167.987s][info][gc             ] GC(983) Pause Young (Normal) (G1 Evacuation Pause) 300M->59M(404M) 3.510ms
[167.987s][info][gc,cpu         ] GC(983) User=0.00s Sys=0.00s Real=0.00s
[168.147s][info][gc,start       ] GC(984) Pause Young (Normal) (G1 Evacuation Pause)
[168.147s][info][gc,task        ] GC(984) Using 1 workers of 1 for evacuation
[168.150s][info][gc,phases      ] GC(984)   Pre Evacuate Collection Set: 0.0ms
[168.151s][info][gc,phases      ] GC(984)   Evacuate Collection Set: 2.5ms
[168.151s][info][gc,phases      ] GC(984)   Post Evacuate Collection Set: 0.4ms
[168.151s][info][gc,phases      ] GC(984)   Other: 0.3ms
[168.151s][info][gc,heap        ] GC(984) Eden regions: 241->0(241)
[168.151s][info][gc,heap        ] GC(984) Survivor regions: 1->1(31)
[168.151s][info][gc,heap        ] GC(984) Old regions: 55->55
[168.151s][info][gc,heap        ] GC(984) Humongous regions: 6->6
[168.151s][info][gc,metaspace   ] GC(984) Metaspace: 72271K->72271K(1114112K)
[168.151s][info][gc             ] GC(984) Pause Young (Normal) (G1 Evacuation Pause) 300M->59M(404M) 3.318ms
[168.151s][info][gc,cpu         ] GC(984) User=0.00s Sys=0.00s Real=0.00s
[168.330s][info][gc,start       ] GC(985) Pause Young (Normal) (G1 Evacuation Pause)
[168.331s][info][gc,task        ] GC(985) Using 1 workers of 1 for evacuation
[168.334s][info][gc,phases      ] GC(985)   Pre Evacuate Collection Set: 0.0ms
[168.334s][info][gc,phases      ] GC(985)   Evacuate Collection Set: 2.8ms
[168.334s][info][gc,phases      ] GC(985)   Post Evacuate Collection Set: 0.4ms
[168.334s][info][gc,phases      ] GC(985)   Other: 0.4ms
[168.334s][info][gc,heap        ] GC(985) Eden regions: 241->0(241)
[168.334s][info][gc,heap        ] GC(985) Survivor regions: 1->1(31)
[168.334s][info][gc,heap        ] GC(985) Old regions: 55->55
[168.334s][info][gc,heap        ] GC(985) Humongous regions: 11->6
[168.334s][info][gc,metaspace   ] GC(985) Metaspace: 72279K->72279K(1114112K)
[168.334s][info][gc             ] GC(985) Pause Young (Normal) (G1 Evacuation Pause) 305M->59M(404M) 3.623ms
[168.334s][info][gc,cpu         ] GC(985) User=0.00s Sys=0.00s Real=0.00s
[168.498s][info][gc,start       ] GC(986) Pause Young (Normal) (G1 Evacuation Pause)
[168.498s][info][gc,task        ] GC(986) Using 1 workers of 1 for evacuation
[168.505s][info][gc,phases      ] GC(986)   Pre Evacuate Collection Set: 0.1ms
[168.505s][info][gc,phases      ] GC(986)   Evacuate Collection Set: 6.2ms
[168.505s][info][gc,phases      ] GC(986)   Post Evacuate Collection Set: 0.8ms
[168.505s][info][gc,phases      ] GC(986)   Other: 0.6ms
[168.505s][info][gc,heap        ] GC(986) Eden regions: 241->0(241)
[168.505s][info][gc,heap        ] GC(986) Survivor regions: 1->1(31)
[168.505s][info][gc,heap        ] GC(986) Old regions: 55->55
[168.505s][info][gc,heap        ] GC(986) Humongous regions: 6->6
[168.505s][info][gc,metaspace   ] GC(986) Metaspace: 72280K->72280K(1114112K)
[168.505s][info][gc             ] GC(986) Pause Young (Normal) (G1 Evacuation Pause) 300M->59M(404M) 7.736ms
[168.505s][info][gc,cpu         ] GC(986) User=0.01s Sys=0.00s Real=0.01s
[168.632s][info][gc,start       ] GC(987) Pause Young (Normal) (G1 Evacuation Pause)
[168.632s][info][gc,task        ] GC(987) Using 1 workers of 1 for evacuation
[168.635s][info][gc,phases      ] GC(987)   Pre Evacuate Collection Set: 0.0ms
[168.635s][info][gc,phases      ] GC(987)   Evacuate Collection Set: 2.7ms
[168.635s][info][gc,phases      ] GC(987)   Post Evacuate Collection Set: 0.3ms
[168.635s][info][gc,phases      ] GC(987)   Other: 0.3ms
[168.635s][info][gc,heap        ] GC(987) Eden regions: 241->0(241)
[168.635s][info][gc,heap        ] GC(987) Survivor regions: 1->1(31)
[168.635s][info][gc,heap        ] GC(987) Old regions: 55->55
[168.635s][info][gc,heap        ] GC(987) Humongous regions: 6->6
[168.635s][info][gc,metaspace   ] GC(987) Metaspace: 72280K->72280K(1114112K)
[168.635s][info][gc             ] GC(987) Pause Young (Normal) (G1 Evacuation Pause) 300M->59M(404M) 3.370ms
[168.636s][info][gc,cpu         ] GC(987) User=0.00s Sys=0.00s Real=0.00s
[168.897s][info][gc,start       ] GC(988) Pause Young (Normal) (G1 Evacuation Pause)
[168.897s][info][gc,task        ] GC(988) Using 1 workers of 1 for evacuation
[168.906s][info][gc,phases      ] GC(988)   Pre Evacuate Collection Set: 0.1ms
[168.906s][info][gc,phases      ] GC(988)   Evacuate Collection Set: 6.8ms
[168.906s][info][gc,phases      ] GC(988)   Post Evacuate Collection Set: 0.8ms
[168.906s][info][gc,phases      ] GC(988)   Other: 0.9ms
[168.906s][info][gc,heap        ] GC(988) Eden regions: 241->0(241)
[168.906s][info][gc,heap        ] GC(988) Survivor regions: 1->1(31)
[168.906s][info][gc,heap        ] GC(988) Old regions: 55->55
[168.906s][info][gc,heap        ] GC(988) Humongous regions: 6->6
[168.906s][info][gc,metaspace   ] GC(988) Metaspace: 72280K->72280K(1114112K)
[168.906s][info][gc             ] GC(988) Pause Young (Normal) (G1 Evacuation Pause) 300M->59M(404M) 8.733ms
[168.906s][info][gc,cpu         ] GC(988) User=0.01s Sys=0.00s Real=0.01s
[169.023s][info][gc,start       ] GC(989) Pause Young (Normal) (G1 Evacuation Pause)
[169.023s][info][gc,task        ] GC(989) Using 1 workers of 1 for evacuation
[169.026s][info][gc,phases      ] GC(989)   Pre Evacuate Collection Set: 0.0ms
[169.026s][info][gc,phases      ] GC(989)   Evacuate Collection Set: 2.6ms
[169.026s][info][gc,phases      ] GC(989)   Post Evacuate Collection Set: 0.4ms
[169.026s][info][gc,phases      ] GC(989)   Other: 0.3ms
[169.026s][info][gc,heap        ] GC(989) Eden regions: 241->0(241)
[169.026s][info][gc,heap        ] GC(989) Survivor regions: 1->1(31)
[169.026s][info][gc,heap        ] GC(989) Old regions: 55->55
[169.026s][info][gc,heap        ] GC(989) Humongous regions: 6->6
[169.026s][info][gc,metaspace   ] GC(989) Metaspace: 72280K->72280K(1114112K)
[169.026s][info][gc             ] GC(989) Pause Young (Normal) (G1 Evacuation Pause) 300M->59M(404M) 3.383ms
[169.026s][info][gc,cpu         ] GC(989) User=0.00s Sys=0.00s Real=0.00s
[169.145s][info][gc,start       ] GC(990) Pause Young (Normal) (G1 Evacuation Pause)
[169.145s][info][gc,task        ] GC(990) Using 1 workers of 1 for evacuation
[169.152s][info][gc,phases      ] GC(990)   Pre Evacuate Collection Set: 0.1ms
[169.152s][info][gc,phases      ] GC(990)   Evacuate Collection Set: 6.2ms
[169.152s][info][gc,phases      ] GC(990)   Post Evacuate Collection Set: 0.8ms
[169.152s][info][gc,phases      ] GC(990)   Other: 0.6ms
[169.152s][info][gc,heap        ] GC(990) Eden regions: 241->0(241)
[169.152s][info][gc,heap        ] GC(990) Survivor regions: 1->1(31)
[169.152s][info][gc,heap        ] GC(990) Old regions: 55->55
[169.153s][info][gc,heap        ] GC(990) Humongous regions: 6->6
[169.153s][info][gc,metaspace   ] GC(990) Metaspace: 72280K->72280K(1114112K)
[169.153s][info][gc             ] GC(990) Pause Young (Normal) (G1 Evacuation Pause) 300M->59M(404M) 7.716ms
[169.153s][info][gc,cpu         ] GC(990) User=0.01s Sys=0.00s Real=0.01s
[169.301s][info][gc,start       ] GC(991) Pause Young (Normal) (G1 Evacuation Pause)
[169.302s][info][gc,task        ] GC(991) Using 1 workers of 1 for evacuation
[169.306s][info][gc,phases      ] GC(991)   Pre Evacuate Collection Set: 0.0ms
[169.306s][info][gc,phases      ] GC(991)   Evacuate Collection Set: 3.2ms
[169.306s][info][gc,phases      ] GC(991)   Post Evacuate Collection Set: 1.0ms
[169.306s][info][gc,phases      ] GC(991)   Other: 0.5ms
[169.306s][info][gc,heap        ] GC(991) Eden regions: 241->0(241)
[169.306s][info][gc,heap        ] GC(991) Survivor regions: 1->1(31)
[169.306s][info][gc,heap        ] GC(991) Old regions: 55->55
[169.306s][info][gc,heap        ] GC(991) Humongous regions: 6->6
[169.306s][info][gc,metaspace   ] GC(991) Metaspace: 72280K->72280K(1114112K)
[169.307s][info][gc             ] GC(991) Pause Young (Normal) (G1 Evacuation Pause) 300M->59M(404M) 5.074ms
[169.307s][info][gc,cpu         ] GC(991) User=0.00s Sys=0.00s Real=0.01s
[169.473s][info][gc,start       ] GC(992) Pause Young (Normal) (G1 Evacuation Pause)
[169.473s][info][gc,task        ] GC(992) Using 1 workers of 1 for evacuation
[169.476s][info][gc,phases      ] GC(992)   Pre Evacuate Collection Set: 0.0ms
[169.477s][info][gc,phases      ] GC(992)   Evacuate Collection Set: 3.0ms
[169.477s][info][gc,phases      ] GC(992)   Post Evacuate Collection Set: 0.4ms
[169.477s][info][gc,phases      ] GC(992)   Other: 0.4ms
[169.477s][info][gc,heap        ] GC(992) Eden regions: 241->0(241)
[169.477s][info][gc,heap        ] GC(992) Survivor regions: 1->1(31)
[169.477s][info][gc,heap        ] GC(992) Old regions: 55->55
[169.477s][info][gc,heap        ] GC(992) Humongous regions: 6->6
[169.477s][info][gc,metaspace   ] GC(992) Metaspace: 72280K->72280K(1114112K)
[169.477s][info][gc             ] GC(992) Pause Young (Normal) (G1 Evacuation Pause) 300M->59M(404M) 3.908ms
[169.477s][info][gc,cpu         ] GC(992) User=0.01s Sys=0.00s Real=0.00s
[169.641s][info][gc,start       ] GC(993) Pause Young (Normal) (G1 Evacuation Pause)
[169.641s][info][gc,task        ] GC(993) Using 1 workers of 1 for evacuation
[169.648s][info][gc,phases      ] GC(993)   Pre Evacuate Collection Set: 0.1ms
[169.648s][info][gc,phases      ] GC(993)   Evacuate Collection Set: 5.9ms
[169.648s][info][gc,phases      ] GC(993)   Post Evacuate Collection Set: 0.8ms
[169.648s][info][gc,phases      ] GC(993)   Other: 0.7ms
[169.648s][info][gc,heap        ] GC(993) Eden regions: 241->0(241)
[169.649s][info][gc,heap        ] GC(993) Survivor regions: 1->1(31)
[169.649s][info][gc,heap        ] GC(993) Old regions: 55->55
[169.649s][info][gc,heap        ] GC(993) Humongous regions: 6->6
[169.649s][info][gc,metaspace   ] GC(993) Metaspace: 72280K->72280K(1114112K)
[169.649s][info][gc             ] GC(993) Pause Young (Normal) (G1 Evacuation Pause) 300M->59M(404M) 7.737ms
[169.649s][info][gc,cpu         ] GC(993) User=0.01s Sys=0.00s Real=0.01s
[169.790s][info][gc,start       ] GC(994) Pause Young (Normal) (G1 Evacuation Pause)
[169.790s][info][gc,task        ] GC(994) Using 1 workers of 1 for evacuation
[169.793s][info][gc,phases      ] GC(994)   Pre Evacuate Collection Set: 0.0ms
[169.793s][info][gc,phases      ] GC(994)   Evacuate Collection Set: 2.6ms
[169.793s][info][gc,phases      ] GC(994)   Post Evacuate Collection Set: 0.4ms
[169.793s][info][gc,phases      ] GC(994)   Other: 0.3ms
[169.793s][info][gc,heap        ] GC(994) Eden regions: 241->0(241)
[169.793s][info][gc,heap        ] GC(994) Survivor regions: 1->1(31)
[169.793s][info][gc,heap        ] GC(994) Old regions: 55->55
[169.793s][info][gc,heap        ] GC(994) Humongous regions: 11->6
[169.793s][info][gc,metaspace   ] GC(994) Metaspace: 72282K->72282K(1114112K)
[169.793s][info][gc             ] GC(994) Pause Young (Normal) (G1 Evacuation Pause) 305M->59M(404M) 3.372ms
[169.793s][info][gc,cpu         ] GC(994) User=0.00s Sys=0.00s Real=0.00s
[169.910s][info][gc,start       ] GC(995) Pause Young (Normal) (G1 Evacuation Pause)
[169.910s][info][gc,task        ] GC(995) Using 1 workers of 1 for evacuation
[169.913s][info][gc,phases      ] GC(995)   Pre Evacuate Collection Set: 0.0ms
[169.913s][info][gc,phases      ] GC(995)   Evacuate Collection Set: 2.5ms
[169.913s][info][gc,phases      ] GC(995)   Post Evacuate Collection Set: 0.3ms
[169.913s][info][gc,phases      ] GC(995)   Other: 0.3ms
[169.913s][info][gc,heap        ] GC(995) Eden regions: 241->0(241)
[169.913s][info][gc,heap        ] GC(995) Survivor regions: 1->1(31)
[169.913s][info][gc,heap        ] GC(995) Old regions: 55->55
[169.913s][info][gc,heap        ] GC(995) Humongous regions: 6->6
[169.913s][info][gc,metaspace   ] GC(995) Metaspace: 72282K->72282K(1114112K)
[169.913s][info][gc             ] GC(995) Pause Young (Normal) (G1 Evacuation Pause) 300M->59M(404M) 3.138ms
[169.913s][info][gc,cpu         ] GC(995) User=0.01s Sys=0.00s Real=0.00s
[170.042s][info][gc,start       ] GC(996) Pause Young (Normal) (G1 Evacuation Pause)
[170.042s][info][gc,task        ] GC(996) Using 1 workers of 1 for evacuation
[170.045s][info][gc,phases      ] GC(996)   Pre Evacuate Collection Set: 0.0ms
[170.045s][info][gc,phases      ] GC(996)   Evacuate Collection Set: 2.5ms
[170.045s][info][gc,phases      ] GC(996)   Post Evacuate Collection Set: 0.3ms
[170.045s][info][gc,phases      ] GC(996)   Other: 0.3ms
[170.045s][info][gc,heap        ] GC(996) Eden regions: 241->0(241)
[170.045s][info][gc,heap        ] GC(996) Survivor regions: 1->1(31)
[170.045s][info][gc,heap        ] GC(996) Old regions: 55->55
[170.045s][info][gc,heap        ] GC(996) Humongous regions: 6->6
[170.045s][info][gc,metaspace   ] GC(996) Metaspace: 72282K->72282K(1114112K)
[170.045s][info][gc             ] GC(996) Pause Young (Normal) (G1 Evacuation Pause) 300M->59M(404M) 3.247ms
[170.045s][info][gc,cpu         ] GC(996) User=0.00s Sys=0.00s Real=0.00s
[170.163s][info][gc,start       ] GC(997) Pause Young (Normal) (G1 Evacuation Pause)
[170.163s][info][gc,task        ] GC(997) Using 1 workers of 1 for evacuation
[170.166s][info][gc,phases      ] GC(997)   Pre Evacuate Collection Set: 0.0ms
[170.166s][info][gc,phases      ] GC(997)   Evacuate Collection Set: 2.6ms
[170.166s][info][gc,phases      ] GC(997)   Post Evacuate Collection Set: 0.4ms
[170.166s][info][gc,phases      ] GC(997)   Other: 0.3ms
[170.166s][info][gc,heap        ] GC(997) Eden regions: 241->0(241)
[170.166s][info][gc,heap        ] GC(997) Survivor regions: 1->1(31)
[170.166s][info][gc,heap        ] GC(997) Old regions: 55->55
[170.166s][info][gc,heap        ] GC(997) Humongous regions: 6->6
[170.166s][info][gc,metaspace   ] GC(997) Metaspace: 72282K->72282K(1114112K)
[170.166s][info][gc             ] GC(997) Pause Young (Normal) (G1 Evacuation Pause) 300M->59M(404M) 3.363ms
[170.166s][info][gc,cpu         ] GC(997) User=0.00s Sys=0.00s Real=0.00s
[170.297s][info][gc,start       ] GC(998) Pause Young (Normal) (G1 Evacuation Pause)
[170.297s][info][gc,task        ] GC(998) Using 1 workers of 1 for evacuation
[170.300s][info][gc,phases      ] GC(998)   Pre Evacuate Collection Set: 0.0ms
[170.300s][info][gc,phases      ] GC(998)   Evacuate Collection Set: 2.6ms
[170.300s][info][gc,phases      ] GC(998)   Post Evacuate Collection Set: 0.3ms
[170.300s][info][gc,phases      ] GC(998)   Other: 0.3ms
[170.300s][info][gc,heap        ] GC(998) Eden regions: 241->0(241)
[170.300s][info][gc,heap        ] GC(998) Survivor regions: 1->1(31)
[170.300s][info][gc,heap        ] GC(998) Old regions: 55->55
[170.300s][info][gc,heap        ] GC(998) Humongous regions: 6->6
[170.300s][info][gc,metaspace   ] GC(998) Metaspace: 72282K->72282K(1114112K)
[170.300s][info][gc             ] GC(998) Pause Young (Normal) (G1 Evacuation Pause) 300M->59M(404M) 3.261ms
[170.300s][info][gc,cpu         ] GC(998) User=0.00s Sys=0.00s Real=0.01s
[170.451s][info][gc,start       ] GC(999) Pause Young (Normal) (G1 Evacuation Pause)
[170.452s][info][gc,task        ] GC(999) Using 1 workers of 1 for evacuation
[170.455s][info][gc,phases      ] GC(999)   Pre Evacuate Collection Set: 0.0ms
[170.455s][info][gc,phases      ] GC(999)   Evacuate Collection Set: 2.6ms
[170.455s][info][gc,phases      ] GC(999)   Post Evacuate Collection Set: 0.4ms
[170.455s][info][gc,phases      ] GC(999)   Other: 0.8ms
[170.455s][info][gc,heap        ] GC(999) Eden regions: 241->0(241)
[170.455s][info][gc,heap        ] GC(999) Survivor regions: 1->1(31)
[170.455s][info][gc,heap        ] GC(999) Old regions: 55->55
[170.455s][info][gc,heap        ] GC(999) Humongous regions: 6->6
[170.455s][info][gc,metaspace   ] GC(999) Metaspace: 72282K->72282K(1114112K)
[170.455s][info][gc             ] GC(999) Pause Young (Normal) (G1 Evacuation Pause) 300M->59M(404M) 3.834ms
[170.455s][info][gc,cpu         ] GC(999) User=0.00s Sys=0.00s Real=0.00s
[170.576s][info][gc,start       ] GC(1000) Pause Young (Normal) (G1 Evacuation Pause)
[170.576s][info][gc,task        ] GC(1000) Using 1 workers of 1 for evacuation
[170.579s][info][gc,phases      ] GC(1000)   Pre Evacuate Collection Set: 0.0ms
[170.579s][info][gc,phases      ] GC(1000)   Evacuate Collection Set: 2.6ms
[170.579s][info][gc,phases      ] GC(1000)   Post Evacuate Collection Set: 0.4ms
[170.579s][info][gc,phases      ] GC(1000)   Other: 0.3ms
[170.579s][info][gc,heap        ] GC(1000) Eden regions: 241->0(241)
[170.579s][info][gc,heap        ] GC(1000) Survivor regions: 1->1(31)
[170.579s][info][gc,heap        ] GC(1000) Old regions: 55->55
[170.579s][info][gc,heap        ] GC(1000) Humongous regions: 6->6
[170.579s][info][gc,metaspace   ] GC(1000) Metaspace: 72282K->72282K(1114112K)
[170.579s][info][gc             ] GC(1000) Pause Young (Normal) (G1 Evacuation Pause) 300M->59M(404M) 3.330ms
[170.579s][info][gc,cpu         ] GC(1000) User=0.00s Sys=0.00s Real=0.01s
[170.706s][info][gc,start       ] GC(1001) Pause Young (Normal) (G1 Evacuation Pause)
[170.706s][info][gc,task        ] GC(1001) Using 1 workers of 1 for evacuation
[170.710s][info][gc,phases      ] GC(1001)   Pre Evacuate Collection Set: 0.0ms
[170.710s][info][gc,phases      ] GC(1001)   Evacuate Collection Set: 2.6ms
[170.710s][info][gc,phases      ] GC(1001)   Post Evacuate Collection Set: 0.4ms
[170.710s][info][gc,phases      ] GC(1001)   Other: 0.4ms
[170.710s][info][gc,heap        ] GC(1001) Eden regions: 241->0(241)
[170.710s][info][gc,heap        ] GC(1001) Survivor regions: 1->1(31)
[170.710s][info][gc,heap        ] GC(1001) Old regions: 55->55
[170.710s][info][gc,heap        ] GC(1001) Humongous regions: 6->6
[170.710s][info][gc,metaspace   ] GC(1001) Metaspace: 72282K->72282K(1114112K)
[170.710s][info][gc             ] GC(1001) Pause Young (Normal) (G1 Evacuation Pause) 300M->59M(404M) 3.499ms
[170.710s][info][gc,cpu         ] GC(1001) User=0.00s Sys=0.00s Real=0.01s
[170.833s][info][gc,start       ] GC(1002) Pause Young (Normal) (G1 Evacuation Pause)
[170.833s][info][gc,task        ] GC(1002) Using 1 workers of 1 for evacuation
[170.836s][info][gc,phases      ] GC(1002)   Pre Evacuate Collection Set: 0.0ms
[170.836s][info][gc,phases      ] GC(1002)   Evacuate Collection Set: 2.7ms
[170.836s][info][gc,phases      ] GC(1002)   Post Evacuate Collection Set: 0.4ms
[170.836s][info][gc,phases      ] GC(1002)   Other: 0.3ms
[170.836s][info][gc,heap        ] GC(1002) Eden regions: 241->0(241)
[170.836s][info][gc,heap        ] GC(1002) Survivor regions: 1->1(31)
[170.836s][info][gc,heap        ] GC(1002) Old regions: 55->55
[170.836s][info][gc,heap        ] GC(1002) Humongous regions: 6->6
[170.836s][info][gc,metaspace   ] GC(1002) Metaspace: 72282K->72282K(1114112K)
[170.836s][info][gc             ] GC(1002) Pause Young (Normal) (G1 Evacuation Pause) 300M->59M(404M) 3.411ms
[170.836s][info][gc,cpu         ] GC(1002) User=0.00s Sys=0.00s Real=0.00s
[170.977s][info][gc,start       ] GC(1003) Pause Young (Normal) (G1 Evacuation Pause)
[170.977s][info][gc,task        ] GC(1003) Using 1 workers of 1 for evacuation
[170.980s][info][gc,phases      ] GC(1003)   Pre Evacuate Collection Set: 0.1ms
[170.980s][info][gc,phases      ] GC(1003)   Evacuate Collection Set: 2.8ms
[170.980s][info][gc,phases      ] GC(1003)   Post Evacuate Collection Set: 0.4ms
[170.980s][info][gc,phases      ] GC(1003)   Other: 0.4ms
[170.980s][info][gc,heap        ] GC(1003) Eden regions: 241->0(241)
[170.980s][info][gc,heap        ] GC(1003) Survivor regions: 1->1(31)
[170.980s][info][gc,heap        ] GC(1003) Old regions: 55->55
[170.980s][info][gc,heap        ] GC(1003) Humongous regions: 11->6
[170.980s][info][gc,metaspace   ] GC(1003) Metaspace: 72283K->72283K(1114112K)
[170.980s][info][gc             ] GC(1003) Pause Young (Normal) (G1 Evacuation Pause) 305M->59M(404M) 3.752ms
[170.980s][info][gc,cpu         ] GC(1003) User=0.01s Sys=0.00s Real=0.01s
[171.102s][info][gc,start       ] GC(1004) Pause Young (Normal) (G1 Evacuation Pause)
[171.102s][info][gc,task        ] GC(1004) Using 1 workers of 1 for evacuation
[171.105s][info][gc,phases      ] GC(1004)   Pre Evacuate Collection Set: 0.0ms
[171.105s][info][gc,phases      ] GC(1004)   Evacuate Collection Set: 2.9ms
[171.105s][info][gc,phases      ] GC(1004)   Post Evacuate Collection Set: 0.4ms
[171.105s][info][gc,phases      ] GC(1004)   Other: 0.3ms
[171.105s][info][gc,heap        ] GC(1004) Eden regions: 241->0(241)
[171.105s][info][gc,heap        ] GC(1004) Survivor regions: 1->1(31)
[171.105s][info][gc,heap        ] GC(1004) Old regions: 55->55
[171.105s][info][gc,heap        ] GC(1004) Humongous regions: 6->6
[171.105s][info][gc,metaspace   ] GC(1004) Metaspace: 72283K->72283K(1114112K)
[171.105s][info][gc             ] GC(1004) Pause Young (Normal) (G1 Evacuation Pause) 300M->59M(404M) 3.631ms
[171.105s][info][gc,cpu         ] GC(1004) User=0.00s Sys=0.00s Real=0.00s
[171.222s][info][gc,start       ] GC(1005) Pause Young (Normal) (G1 Evacuation Pause)
[171.222s][info][gc,task        ] GC(1005) Using 1 workers of 1 for evacuation
[171.226s][info][gc,phases      ] GC(1005)   Pre Evacuate Collection Set: 0.0ms
[171.226s][info][gc,phases      ] GC(1005)   Evacuate Collection Set: 2.7ms
[171.226s][info][gc,phases      ] GC(1005)   Post Evacuate Collection Set: 0.3ms
[171.226s][info][gc,phases      ] GC(1005)   Other: 0.4ms
[171.226s][info][gc,heap        ] GC(1005) Eden regions: 241->0(241)
[171.226s][info][gc,heap        ] GC(1005) Survivor regions: 1->1(31)
[171.226s][info][gc,heap        ] GC(1005) Old regions: 55->55
[171.226s][info][gc,heap        ] GC(1005) Humongous regions: 6->6
[171.226s][info][gc,metaspace   ] GC(1005) Metaspace: 72283K->72283K(1114112K)
[171.226s][info][gc             ] GC(1005) Pause Young (Normal) (G1 Evacuation Pause) 300M->59M(404M) 3.487ms
[171.226s][info][gc,cpu         ] GC(1005) User=0.00s Sys=0.00s Real=0.00s
[171.390s][info][gc,start       ] GC(1006) Pause Young (Normal) (G1 Evacuation Pause)
[171.390s][info][gc,task        ] GC(1006) Using 1 workers of 1 for evacuation
[171.393s][info][gc,phases      ] GC(1006)   Pre Evacuate Collection Set: 0.0ms
[171.393s][info][gc,phases      ] GC(1006)   Evacuate Collection Set: 2.7ms
[171.393s][info][gc,phases      ] GC(1006)   Post Evacuate Collection Set: 0.4ms
[171.393s][info][gc,phases      ] GC(1006)   Other: 0.4ms
[171.393s][info][gc,heap        ] GC(1006) Eden regions: 241->0(241)
[171.393s][info][gc,heap        ] GC(1006) Survivor regions: 1->1(31)
[171.393s][info][gc,heap        ] GC(1006) Old regions: 55->55
[171.393s][info][gc,heap        ] GC(1006) Humongous regions: 6->6
[171.393s][info][gc,metaspace   ] GC(1006) Metaspace: 72283K->72283K(1114112K)
[171.393s][info][gc             ] GC(1006) Pause Young (Normal) (G1 Evacuation Pause) 300M->59M(404M) 3.551ms
[171.393s][info][gc,cpu         ] GC(1006) User=0.01s Sys=0.00s Real=0.00s
[171.564s][info][gc,start       ] GC(1007) Pause Young (Normal) (G1 Evacuation Pause)
[171.564s][info][gc,task        ] GC(1007) Using 1 workers of 1 for evacuation
[171.567s][info][gc,phases      ] GC(1007)   Pre Evacuate Collection Set: 0.0ms
[171.567s][info][gc,phases      ] GC(1007)   Evacuate Collection Set: 2.9ms
[171.567s][info][gc,phases      ] GC(1007)   Post Evacuate Collection Set: 0.3ms
[171.567s][info][gc,phases      ] GC(1007)   Other: 0.3ms
[171.567s][info][gc,heap        ] GC(1007) Eden regions: 241->0(241)
[171.567s][info][gc,heap        ] GC(1007) Survivor regions: 1->1(31)
[171.567s][info][gc,heap        ] GC(1007) Old regions: 55->55
[171.567s][info][gc,heap        ] GC(1007) Humongous regions: 6->6
[171.567s][info][gc,metaspace   ] GC(1007) Metaspace: 72284K->72284K(1114112K)
[171.567s][info][gc             ] GC(1007) Pause Young (Normal) (G1 Evacuation Pause) 300M->59M(404M) 3.639ms
[171.567s][info][gc,cpu         ] GC(1007) User=0.00s Sys=0.00s Real=0.01s
[171.686s][info][gc,start       ] GC(1008) Pause Young (Normal) (G1 Evacuation Pause)
[171.686s][info][gc,task        ] GC(1008) Using 1 workers of 1 for evacuation
[171.689s][info][gc,phases      ] GC(1008)   Pre Evacuate Collection Set: 0.0ms
[171.689s][info][gc,phases      ] GC(1008)   Evacuate Collection Set: 2.7ms
[171.689s][info][gc,phases      ] GC(1008)   Post Evacuate Collection Set: 0.4ms
[171.689s][info][gc,phases      ] GC(1008)   Other: 0.3ms
[171.689s][info][gc,heap        ] GC(1008) Eden regions: 241->0(241)
[171.689s][info][gc,heap        ] GC(1008) Survivor regions: 1->1(31)
[171.689s][info][gc,heap        ] GC(1008) Old regions: 55->55
[171.689s][info][gc,heap        ] GC(1008) Humongous regions: 6->6
[171.689s][info][gc,metaspace   ] GC(1008) Metaspace: 72284K->72284K(1114112K)
[171.689s][info][gc             ] GC(1008) Pause Young (Normal) (G1 Evacuation Pause) 300M->59M(404M) 3.458ms
[171.690s][info][gc,cpu         ] GC(1008) User=0.00s Sys=0.00s Real=0.01s
[171.869s][info][gc,start       ] GC(1009) Pause Young (Normal) (G1 Evacuation Pause)
[171.869s][info][gc,task        ] GC(1009) Using 1 workers of 1 for evacuation
[171.876s][info][gc,phases      ] GC(1009)   Pre Evacuate Collection Set: 0.0ms
[171.876s][info][gc,phases      ] GC(1009)   Evacuate Collection Set: 5.9ms
[171.876s][info][gc,phases      ] GC(1009)   Post Evacuate Collection Set: 0.4ms
[171.876s][info][gc,phases      ] GC(1009)   Other: 0.5ms
[171.876s][info][gc,heap        ] GC(1009) Eden regions: 241->0(241)
[171.876s][info][gc,heap        ] GC(1009) Survivor regions: 1->1(31)
[171.876s][info][gc,heap        ] GC(1009) Old regions: 55->55
[171.876s][info][gc,heap        ] GC(1009) Humongous regions: 6->6
[171.876s][info][gc,metaspace   ] GC(1009) Metaspace: 72284K->72284K(1114112K)
[171.876s][info][gc             ] GC(1009) Pause Young (Normal) (G1 Evacuation Pause) 300M->59M(404M) 6.873ms
[171.876s][info][gc,cpu         ] GC(1009) User=0.01s Sys=0.00s Real=0.00s
[172.005s][info][gc,start       ] GC(1010) Pause Young (Normal) (G1 Evacuation Pause)
[172.005s][info][gc,task        ] GC(1010) Using 1 workers of 1 for evacuation
[172.009s][info][gc,phases      ] GC(1010)   Pre Evacuate Collection Set: 0.0ms
[172.009s][info][gc,phases      ] GC(1010)   Evacuate Collection Set: 3.2ms
[172.009s][info][gc,phases      ] GC(1010)   Post Evacuate Collection Set: 0.4ms
[172.009s][info][gc,phases      ] GC(1010)   Other: 0.4ms
[172.009s][info][gc,heap        ] GC(1010) Eden regions: 241->0(241)
[172.009s][info][gc,heap        ] GC(1010) Survivor regions: 1->1(31)
[172.009s][info][gc,heap        ] GC(1010) Old regions: 55->56
[172.009s][info][gc,heap        ] GC(1010) Humongous regions: 6->6
[172.009s][info][gc,metaspace   ] GC(1010) Metaspace: 72284K->72284K(1114112K)
[172.009s][info][gc             ] GC(1010) Pause Young (Normal) (G1 Evacuation Pause) 300M->59M(404M) 4.043ms
[172.009s][info][gc,cpu         ] GC(1010) User=0.00s Sys=0.00s Real=0.01s
[172.133s][info][gc,start       ] GC(1011) Pause Young (Normal) (G1 Evacuation Pause)
[172.134s][info][gc,task        ] GC(1011) Using 1 workers of 1 for evacuation
[172.137s][info][gc,phases      ] GC(1011)   Pre Evacuate Collection Set: 0.0ms
[172.137s][info][gc,phases      ] GC(1011)   Evacuate Collection Set: 2.6ms
[172.137s][info][gc,phases      ] GC(1011)   Post Evacuate Collection Set: 0.4ms
[172.137s][info][gc,phases      ] GC(1011)   Other: 0.3ms
[172.137s][info][gc,heap        ] GC(1011) Eden regions: 241->0(241)
[172.137s][info][gc,heap        ] GC(1011) Survivor regions: 1->1(31)
[172.137s][info][gc,heap        ] GC(1011) Old regions: 56->56
[172.137s][info][gc,heap        ] GC(1011) Humongous regions: 6->6
[172.137s][info][gc,metaspace   ] GC(1011) Metaspace: 72284K->72284K(1114112K)
[172.137s][info][gc             ] GC(1011) Pause Young (Normal) (G1 Evacuation Pause) 300M->59M(404M) 3.403ms
[172.137s][info][gc,cpu         ] GC(1011) User=0.00s Sys=0.00s Real=0.00s
[172.254s][info][gc,start       ] GC(1012) Pause Young (Normal) (G1 Evacuation Pause)
[172.254s][info][gc,task        ] GC(1012) Using 1 workers of 1 for evacuation
[172.258s][info][gc,phases      ] GC(1012)   Pre Evacuate Collection Set: 0.0ms
[172.258s][info][gc,phases      ] GC(1012)   Evacuate Collection Set: 3.2ms
[172.258s][info][gc,phases      ] GC(1012)   Post Evacuate Collection Set: 0.3ms
[172.258s][info][gc,phases      ] GC(1012)   Other: 0.3ms
[172.258s][info][gc,heap        ] GC(1012) Eden regions: 241->0(241)
[172.258s][info][gc,heap        ] GC(1012) Survivor regions: 1->1(31)
[172.258s][info][gc,heap        ] GC(1012) Old regions: 56->56
[172.258s][info][gc,heap        ] GC(1012) Humongous regions: 6->6
[172.258s][info][gc,metaspace   ] GC(1012) Metaspace: 72284K->72284K(1114112K)
[172.258s][info][gc             ] GC(1012) Pause Young (Normal) (G1 Evacuation Pause) 300M->59M(404M) 3.948ms
[172.258s][info][gc,cpu         ] GC(1012) User=0.00s Sys=0.00s Real=0.00s
[172.407s][info][gc,start       ] GC(1013) Pause Young (Normal) (G1 Evacuation Pause)
[172.407s][info][gc,task        ] GC(1013) Using 1 workers of 1 for evacuation
[172.411s][info][gc,phases      ] GC(1013)   Pre Evacuate Collection Set: 0.0ms
[172.411s][info][gc,phases      ] GC(1013)   Evacuate Collection Set: 2.7ms
[172.411s][info][gc,phases      ] GC(1013)   Post Evacuate Collection Set: 0.5ms
[172.411s][info][gc,phases      ] GC(1013)   Other: 0.4ms
[172.411s][info][gc,heap        ] GC(1013) Eden regions: 241->0(241)
[172.411s][info][gc,heap        ] GC(1013) Survivor regions: 1->1(31)
[172.411s][info][gc,heap        ] GC(1013) Old regions: 56->56
[172.411s][info][gc,heap        ] GC(1013) Humongous regions: 11->6
[172.411s][info][gc,metaspace   ] GC(1013) Metaspace: 72287K->72287K(1114112K)
[172.411s][info][gc             ] GC(1013) Pause Young (Normal) (G1 Evacuation Pause) 305M->59M(404M) 3.646ms
[172.411s][info][gc,cpu         ] GC(1013) User=0.01s Sys=0.00s Real=0.00s
[172.615s][info][gc,start       ] GC(1014) Pause Young (Normal) (G1 Evacuation Pause)
[172.615s][info][gc,task        ] GC(1014) Using 1 workers of 1 for evacuation
[172.619s][info][gc,phases      ] GC(1014)   Pre Evacuate Collection Set: 0.0ms
[172.619s][info][gc,phases      ] GC(1014)   Evacuate Collection Set: 3.0ms
[172.619s][info][gc,phases      ] GC(1014)   Post Evacuate Collection Set: 0.5ms
[172.619s][info][gc,phases      ] GC(1014)   Other: 0.6ms
[172.619s][info][gc,heap        ] GC(1014) Eden regions: 241->0(241)
[172.619s][info][gc,heap        ] GC(1014) Survivor regions: 1->1(31)
[172.619s][info][gc,heap        ] GC(1014) Old regions: 56->56
[172.619s][info][gc,heap        ] GC(1014) Humongous regions: 6->6
[172.619s][info][gc,metaspace   ] GC(1014) Metaspace: 72289K->72289K(1114112K)
[172.619s][info][gc             ] GC(1014) Pause Young (Normal) (G1 Evacuation Pause) 300M->59M(404M) 4.204ms
[172.619s][info][gc,cpu         ] GC(1014) User=0.00s Sys=0.00s Real=0.01s
[172.819s][info][gc,start       ] GC(1015) Pause Young (Normal) (G1 Evacuation Pause)
[172.819s][info][gc,task        ] GC(1015) Using 1 workers of 1 for evacuation
[172.825s][info][gc,phases      ] GC(1015)   Pre Evacuate Collection Set: 0.0ms
[172.825s][info][gc,phases      ] GC(1015)   Evacuate Collection Set: 5.1ms
[172.825s][info][gc,phases      ] GC(1015)   Post Evacuate Collection Set: 0.6ms
[172.825s][info][gc,phases      ] GC(1015)   Other: 0.6ms
[172.825s][info][gc,heap        ] GC(1015) Eden regions: 241->0(241)
[172.825s][info][gc,heap        ] GC(1015) Survivor regions: 1->1(31)
[172.825s][info][gc,heap        ] GC(1015) Old regions: 56->56
[172.826s][info][gc,heap        ] GC(1015) Humongous regions: 6->6
[172.826s][info][gc,metaspace   ] GC(1015) Metaspace: 72289K->72289K(1114112K)
[172.826s][info][gc             ] GC(1015) Pause Young (Normal) (G1 Evacuation Pause) 300M->59M(404M) 6.501ms
[172.826s][info][gc,cpu         ] GC(1015) User=0.01s Sys=0.00s Real=0.00s
[173.003s][info][gc,start       ] GC(1016) Pause Young (Normal) (G1 Evacuation Pause)
[173.003s][info][gc,task        ] GC(1016) Using 1 workers of 1 for evacuation
[173.006s][info][gc,phases      ] GC(1016)   Pre Evacuate Collection Set: 0.0ms
[173.006s][info][gc,phases      ] GC(1016)   Evacuate Collection Set: 2.5ms
[173.006s][info][gc,phases      ] GC(1016)   Post Evacuate Collection Set: 0.5ms
[173.007s][info][gc,phases      ] GC(1016)   Other: 0.4ms
[173.007s][info][gc,heap        ] GC(1016) Eden regions: 241->0(241)
[173.007s][info][gc,heap        ] GC(1016) Survivor regions: 1->1(31)
[173.007s][info][gc,heap        ] GC(1016) Old regions: 56->56
[173.007s][info][gc,heap        ] GC(1016) Humongous regions: 6->6
[173.007s][info][gc,metaspace   ] GC(1016) Metaspace: 72289K->72289K(1114112K)
[173.007s][info][gc             ] GC(1016) Pause Young (Normal) (G1 Evacuation Pause) 300M->59M(404M) 3.412ms
[173.007s][info][gc,cpu         ] GC(1016) User=0.00s Sys=0.00s Real=0.01s
[173.158s][info][gc,start       ] GC(1017) Pause Young (Normal) (G1 Evacuation Pause)
[173.158s][info][gc,task        ] GC(1017) Using 1 workers of 1 for evacuation
[173.161s][info][gc,phases      ] GC(1017)   Pre Evacuate Collection Set: 0.0ms
[173.161s][info][gc,phases      ] GC(1017)   Evacuate Collection Set: 2.6ms
[173.161s][info][gc,phases      ] GC(1017)   Post Evacuate Collection Set: 0.4ms
[173.161s][info][gc,phases      ] GC(1017)   Other: 0.4ms
[173.161s][info][gc,heap        ] GC(1017) Eden regions: 241->0(241)
[173.161s][info][gc,heap        ] GC(1017) Survivor regions: 1->1(31)
[173.161s][info][gc,heap        ] GC(1017) Old regions: 56->56
[173.161s][info][gc,heap        ] GC(1017) Humongous regions: 6->6
[173.161s][info][gc,metaspace   ] GC(1017) Metaspace: 72289K->72289K(1114112K)
[173.161s][info][gc             ] GC(1017) Pause Young (Normal) (G1 Evacuation Pause) 300M->59M(404M) 3.378ms
[173.161s][info][gc,cpu         ] GC(1017) User=0.01s Sys=0.00s Real=0.01s
[173.295s][info][gc,start       ] GC(1018) Pause Young (Normal) (G1 Evacuation Pause)
[173.295s][info][gc,task        ] GC(1018) Using 1 workers of 1 for evacuation
[173.298s][info][gc,phases      ] GC(1018)   Pre Evacuate Collection Set: 0.0ms
[173.298s][info][gc,phases      ] GC(1018)   Evacuate Collection Set: 2.5ms
[173.298s][info][gc,phases      ] GC(1018)   Post Evacuate Collection Set: 0.4ms
[173.298s][info][gc,phases      ] GC(1018)   Other: 0.3ms
[173.298s][info][gc,heap        ] GC(1018) Eden regions: 241->0(241)
[173.298s][info][gc,heap        ] GC(1018) Survivor regions: 1->1(31)
[173.298s][info][gc,heap        ] GC(1018) Old regions: 56->56
[173.298s][info][gc,heap        ] GC(1018) Humongous regions: 6->6
[173.298s][info][gc,metaspace   ] GC(1018) Metaspace: 72289K->72289K(1114112K)
[173.298s][info][gc             ] GC(1018) Pause Young (Normal) (G1 Evacuation Pause) 300M->59M(404M) 3.245ms
[173.298s][info][gc,cpu         ] GC(1018) User=0.00s Sys=0.00s Real=0.00s
[173.421s][info][gc,start       ] GC(1019) Pause Young (Normal) (G1 Evacuation Pause)
[173.421s][info][gc,task        ] GC(1019) Using 1 workers of 1 for evacuation
[173.424s][info][gc,phases      ] GC(1019)   Pre Evacuate Collection Set: 0.0ms
[173.424s][info][gc,phases      ] GC(1019)   Evacuate Collection Set: 2.7ms
[173.424s][info][gc,phases      ] GC(1019)   Post Evacuate Collection Set: 0.4ms
[173.424s][info][gc,phases      ] GC(1019)   Other: 0.3ms
[173.424s][info][gc,heap        ] GC(1019) Eden regions: 241->0(241)
[173.424s][info][gc,heap        ] GC(1019) Survivor regions: 1->1(31)
[173.424s][info][gc,heap        ] GC(1019) Old regions: 56->56
[173.424s][info][gc,heap        ] GC(1019) Humongous regions: 6->6
[173.424s][info][gc,metaspace   ] GC(1019) Metaspace: 72289K->72289K(1114112K)
[173.424s][info][gc             ] GC(1019) Pause Young (Normal) (G1 Evacuation Pause) 300M->59M(404M) 3.502ms
[173.424s][info][gc,cpu         ] GC(1019) User=0.01s Sys=0.00s Real=0.00s
[173.578s][info][gc,start       ] GC(1020) Pause Young (Normal) (G1 Evacuation Pause)
[173.578s][info][gc,task        ] GC(1020) Using 1 workers of 1 for evacuation
[173.581s][info][gc,phases      ] GC(1020)   Pre Evacuate Collection Set: 0.1ms
[173.581s][info][gc,phases      ] GC(1020)   Evacuate Collection Set: 2.5ms
[173.581s][info][gc,phases      ] GC(1020)   Post Evacuate Collection Set: 0.3ms
[173.581s][info][gc,phases      ] GC(1020)   Other: 0.4ms
[173.581s][info][gc,heap        ] GC(1020) Eden regions: 241->0(241)
[173.581s][info][gc,heap        ] GC(1020) Survivor regions: 1->1(31)
[173.581s][info][gc,heap        ] GC(1020) Old regions: 56->56
[173.581s][info][gc,heap        ] GC(1020) Humongous regions: 6->6
[173.581s][info][gc,metaspace   ] GC(1020) Metaspace: 72289K->72289K(1114112K)
[173.581s][info][gc             ] GC(1020) Pause Young (Normal) (G1 Evacuation Pause) 300M->59M(404M) 3.401ms
[173.581s][info][gc,cpu         ] GC(1020) User=0.00s Sys=0.00s Real=0.01s
[173.704s][info][gc,start       ] GC(1021) Pause Young (Normal) (G1 Evacuation Pause)
[173.704s][info][gc,task        ] GC(1021) Using 1 workers of 1 for evacuation
[173.710s][info][gc,phases      ] GC(1021)   Pre Evacuate Collection Set: 0.0ms
[173.710s][info][gc,phases      ] GC(1021)   Evacuate Collection Set: 5.7ms
[173.710s][info][gc,phases      ] GC(1021)   Post Evacuate Collection Set: 0.4ms
[173.710s][info][gc,phases      ] GC(1021)   Other: 0.3ms
[173.710s][info][gc,heap        ] GC(1021) Eden regions: 241->0(241)
[173.710s][info][gc,heap        ] GC(1021) Survivor regions: 1->1(31)
[173.710s][info][gc,heap        ] GC(1021) Old regions: 56->56
[173.710s][info][gc,heap        ] GC(1021) Humongous regions: 6->6
[173.710s][info][gc,metaspace   ] GC(1021) Metaspace: 72289K->72289K(1114112K)
[173.710s][info][gc             ] GC(1021) Pause Young (Normal) (G1 Evacuation Pause) 300M->59M(404M) 6.528ms
[173.710s][info][gc,cpu         ] GC(1021) User=0.00s Sys=0.00s Real=0.01s
[173.890s][info][gc,start       ] GC(1022) Pause Young (Normal) (G1 Evacuation Pause)
[173.890s][info][gc,task        ] GC(1022) Using 1 workers of 1 for evacuation
[173.894s][info][gc,phases      ] GC(1022)   Pre Evacuate Collection Set: 0.0ms
[173.894s][info][gc,phases      ] GC(1022)   Evacuate Collection Set: 2.8ms
[173.894s][info][gc,phases      ] GC(1022)   Post Evacuate Collection Set: 0.3ms
[173.894s][info][gc,phases      ] GC(1022)   Other: 0.4ms
[173.894s][info][gc,heap        ] GC(1022) Eden regions: 241->0(241)
[173.894s][info][gc,heap        ] GC(1022) Survivor regions: 1->1(31)
[173.894s][info][gc,heap        ] GC(1022) Old regions: 56->56
[173.894s][info][gc,heap        ] GC(1022) Humongous regions: 11->6
[173.894s][info][gc,metaspace   ] GC(1022) Metaspace: 72300K->72300K(1114112K)
[173.894s][info][gc             ] GC(1022) Pause Young (Normal) (G1 Evacuation Pause) 305M->59M(404M) 3.582ms
[173.894s][info][gc,cpu         ] GC(1022) User=0.01s Sys=0.00s Real=0.00s
[174.019s][info][gc,start       ] GC(1023) Pause Young (Normal) (G1 Evacuation Pause)
[174.019s][info][gc,task        ] GC(1023) Using 1 workers of 1 for evacuation
[174.026s][info][gc,phases      ] GC(1023)   Pre Evacuate Collection Set: 0.1ms
[174.027s][info][gc,phases      ] GC(1023)   Evacuate Collection Set: 5.9ms
[174.027s][info][gc,phases      ] GC(1023)   Post Evacuate Collection Set: 0.9ms
[174.027s][info][gc,phases      ] GC(1023)   Other: 0.5ms
[174.027s][info][gc,heap        ] GC(1023) Eden regions: 241->0(241)
[174.027s][info][gc,heap        ] GC(1023) Survivor regions: 1->1(31)
[174.027s][info][gc,heap        ] GC(1023) Old regions: 56->56
[174.027s][info][gc,heap        ] GC(1023) Humongous regions: 6->6
[174.027s][info][gc,metaspace   ] GC(1023) Metaspace: 72305K->72305K(1114112K)
[174.027s][info][gc             ] GC(1023) Pause Young (Normal) (G1 Evacuation Pause) 300M->59M(404M) 7.580ms
[174.027s][info][gc,cpu         ] GC(1023) User=0.00s Sys=0.00s Real=0.01s
[174.151s][info][gc,start       ] GC(1024) Pause Young (Normal) (G1 Evacuation Pause)
[174.151s][info][gc,task        ] GC(1024) Using 1 workers of 1 for evacuation
[174.155s][info][gc,phases      ] GC(1024)   Pre Evacuate Collection Set: 0.0ms
[174.155s][info][gc,phases      ] GC(1024)   Evacuate Collection Set: 2.6ms
[174.155s][info][gc,phases      ] GC(1024)   Post Evacuate Collection Set: 0.3ms
[174.155s][info][gc,phases      ] GC(1024)   Other: 0.3ms
[174.155s][info][gc,heap        ] GC(1024) Eden regions: 241->0(241)
[174.155s][info][gc,heap        ] GC(1024) Survivor regions: 1->1(31)
[174.155s][info][gc,heap        ] GC(1024) Old regions: 56->56
[174.155s][info][gc,heap        ] GC(1024) Humongous regions: 6->6
[174.155s][info][gc,metaspace   ] GC(1024) Metaspace: 72305K->72305K(1114112K)
[174.155s][info][gc             ] GC(1024) Pause Young (Normal) (G1 Evacuation Pause) 300M->59M(404M) 3.404ms
[174.155s][info][gc,cpu         ] GC(1024) User=0.00s Sys=0.01s Real=0.00s
[174.292s][info][gc,start       ] GC(1025) Pause Young (Normal) (G1 Evacuation Pause)
[174.292s][info][gc,task        ] GC(1025) Using 1 workers of 1 for evacuation
[174.296s][info][gc,phases      ] GC(1025)   Pre Evacuate Collection Set: 0.0ms
[174.296s][info][gc,phases      ] GC(1025)   Evacuate Collection Set: 2.7ms
[174.296s][info][gc,phases      ] GC(1025)   Post Evacuate Collection Set: 0.4ms
[174.296s][info][gc,phases      ] GC(1025)   Other: 0.4ms
[174.296s][info][gc,heap        ] GC(1025) Eden regions: 241->0(241)
[174.296s][info][gc,heap        ] GC(1025) Survivor regions: 1->1(31)
[174.296s][info][gc,heap        ] GC(1025) Old regions: 56->56
[174.296s][info][gc,heap        ] GC(1025) Humongous regions: 6->6
[174.296s][info][gc,metaspace   ] GC(1025) Metaspace: 72305K->72305K(1114112K)
[174.296s][info][gc             ] GC(1025) Pause Young (Normal) (G1 Evacuation Pause) 300M->59M(404M) 3.730ms
[174.296s][info][gc,cpu         ] GC(1025) User=0.00s Sys=0.00s Real=0.00s
[174.452s][info][gc,start       ] GC(1026) Pause Young (Normal) (G1 Evacuation Pause)
[174.453s][info][gc,task        ] GC(1026) Using 1 workers of 1 for evacuation
[174.456s][info][gc,phases      ] GC(1026)   Pre Evacuate Collection Set: 0.0ms
[174.456s][info][gc,phases      ] GC(1026)   Evacuate Collection Set: 2.6ms
[174.456s][info][gc,phases      ] GC(1026)   Post Evacuate Collection Set: 0.3ms
[174.456s][info][gc,phases      ] GC(1026)   Other: 0.4ms
[174.456s][info][gc,heap        ] GC(1026) Eden regions: 241->0(241)
[174.456s][info][gc,heap        ] GC(1026) Survivor regions: 1->1(31)
[174.456s][info][gc,heap        ] GC(1026) Old regions: 56->56
[174.456s][info][gc,heap        ] GC(1026) Humongous regions: 6->6
[174.456s][info][gc,metaspace   ] GC(1026) Metaspace: 72305K->72305K(1114112K)
[174.456s][info][gc             ] GC(1026) Pause Young (Normal) (G1 Evacuation Pause) 300M->59M(404M) 3.388ms
[174.456s][info][gc,cpu         ] GC(1026) User=0.00s Sys=0.00s Real=0.00s
[174.595s][info][gc,start       ] GC(1027) Pause Young (Normal) (G1 Evacuation Pause)
[174.595s][info][gc,task        ] GC(1027) Using 1 workers of 1 for evacuation
[174.598s][info][gc,phases      ] GC(1027)   Pre Evacuate Collection Set: 0.0ms
[174.598s][info][gc,phases      ] GC(1027)   Evacuate Collection Set: 2.6ms
[174.598s][info][gc,phases      ] GC(1027)   Post Evacuate Collection Set: 0.4ms
[174.598s][info][gc,phases      ] GC(1027)   Other: 0.4ms
[174.598s][info][gc,heap        ] GC(1027) Eden regions: 241->0(241)
[174.598s][info][gc,heap        ] GC(1027) Survivor regions: 1->1(31)
[174.598s][info][gc,heap        ] GC(1027) Old regions: 56->56
[174.598s][info][gc,heap        ] GC(1027) Humongous regions: 6->6
[174.598s][info][gc,metaspace   ] GC(1027) Metaspace: 72305K->72305K(1114112K)
[174.598s][info][gc             ] GC(1027) Pause Young (Normal) (G1 Evacuation Pause) 300M->59M(404M) 3.404ms
[174.598s][info][gc,cpu         ] GC(1027) User=0.00s Sys=0.00s Real=0.00s
[174.798s][info][gc,start       ] GC(1028) Pause Young (Normal) (G1 Evacuation Pause)
[174.799s][info][gc,task        ] GC(1028) Using 1 workers of 1 for evacuation
[174.802s][info][gc,phases      ] GC(1028)   Pre Evacuate Collection Set: 0.0ms
[174.802s][info][gc,phases      ] GC(1028)   Evacuate Collection Set: 2.6ms
[174.802s][info][gc,phases      ] GC(1028)   Post Evacuate Collection Set: 0.3ms
[174.802s][info][gc,phases      ] GC(1028)   Other: 0.4ms
[174.802s][info][gc,heap        ] GC(1028) Eden regions: 241->0(241)
[174.802s][info][gc,heap        ] GC(1028) Survivor regions: 1->1(31)
[174.802s][info][gc,heap        ] GC(1028) Old regions: 56->56
[174.802s][info][gc,heap        ] GC(1028) Humongous regions: 6->6
[174.802s][info][gc,metaspace   ] GC(1028) Metaspace: 72305K->72305K(1114112K)
[174.802s][info][gc             ] GC(1028) Pause Young (Normal) (G1 Evacuation Pause) 300M->59M(404M) 3.459ms
[174.802s][info][gc,cpu         ] GC(1028) User=0.00s Sys=0.00s Real=0.00s
[175.010s][info][gc,start       ] GC(1029) Pause Young (Normal) (G1 Evacuation Pause)
[175.011s][info][gc,task        ] GC(1029) Using 1 workers of 1 for evacuation
[175.014s][info][gc,phases      ] GC(1029)   Pre Evacuate Collection Set: 0.0ms
[175.014s][info][gc,phases      ] GC(1029)   Evacuate Collection Set: 2.9ms
[175.014s][info][gc,phases      ] GC(1029)   Post Evacuate Collection Set: 0.7ms
[175.014s][info][gc,phases      ] GC(1029)   Other: 0.4ms
[175.014s][info][gc,heap        ] GC(1029) Eden regions: 241->0(241)
[175.014s][info][gc,heap        ] GC(1029) Survivor regions: 1->1(31)
[175.014s][info][gc,heap        ] GC(1029) Old regions: 56->56
[175.014s][info][gc,heap        ] GC(1029) Humongous regions: 6->6
[175.014s][info][gc,metaspace   ] GC(1029) Metaspace: 72305K->72305K(1114112K)
[175.014s][info][gc             ] GC(1029) Pause Young (Normal) (G1 Evacuation Pause) 300M->59M(404M) 4.063ms
[175.015s][info][gc,cpu         ] GC(1029) User=0.01s Sys=0.00s Real=0.00s
[175.180s][info][gc,start       ] GC(1030) Pause Young (Normal) (G1 Evacuation Pause)
[175.180s][info][gc,task        ] GC(1030) Using 1 workers of 1 for evacuation
[175.185s][info][gc,phases      ] GC(1030)   Pre Evacuate Collection Set: 0.0ms
[175.185s][info][gc,phases      ] GC(1030)   Evacuate Collection Set: 3.7ms
[175.185s][info][gc,phases      ] GC(1030)   Post Evacuate Collection Set: 0.4ms
[175.185s][info][gc,phases      ] GC(1030)   Other: 0.4ms
[175.185s][info][gc,heap        ] GC(1030) Eden regions: 241->0(241)
[175.185s][info][gc,heap        ] GC(1030) Survivor regions: 1->1(31)
[175.185s][info][gc,heap        ] GC(1030) Old regions: 56->56
[175.185s][info][gc,heap        ] GC(1030) Humongous regions: 6->6
[175.185s][info][gc,metaspace   ] GC(1030) Metaspace: 72305K->72305K(1114112K)
[175.185s][info][gc             ] GC(1030) Pause Young (Normal) (G1 Evacuation Pause) 300M->59M(404M) 4.576ms
[175.185s][info][gc,cpu         ] GC(1030) User=0.01s Sys=0.00s Real=0.00s
[175.387s][info][gc,start       ] GC(1031) Pause Young (Normal) (G1 Evacuation Pause)
[175.387s][info][gc,task        ] GC(1031) Using 1 workers of 1 for evacuation
[175.392s][info][gc,phases      ] GC(1031)   Pre Evacuate Collection Set: 0.0ms
[175.392s][info][gc,phases      ] GC(1031)   Evacuate Collection Set: 4.2ms
[175.392s][info][gc,phases      ] GC(1031)   Post Evacuate Collection Set: 0.6ms
[175.393s][info][gc,phases      ] GC(1031)   Other: 0.5ms
[175.393s][info][gc,heap        ] GC(1031) Eden regions: 241->0(241)
[175.393s][info][gc,heap        ] GC(1031) Survivor regions: 1->1(31)
[175.393s][info][gc,heap        ] GC(1031) Old regions: 56->56
[175.393s][info][gc,heap        ] GC(1031) Humongous regions: 11->6
[175.393s][info][gc,metaspace   ] GC(1031) Metaspace: 72309K->72309K(1114112K)
[175.393s][info][gc             ] GC(1031) Pause Young (Normal) (G1 Evacuation Pause) 305M->59M(404M) 5.492ms
[175.393s][info][gc,cpu         ] GC(1031) User=0.00s Sys=0.00s Real=0.00s
[175.555s][info][gc,start       ] GC(1032) Pause Young (Normal) (G1 Evacuation Pause)
[175.556s][info][gc,task        ] GC(1032) Using 1 workers of 1 for evacuation
[175.559s][info][gc,phases      ] GC(1032)   Pre Evacuate Collection Set: 0.0ms
[175.559s][info][gc,phases      ] GC(1032)   Evacuate Collection Set: 2.5ms
[175.559s][info][gc,phases      ] GC(1032)   Post Evacuate Collection Set: 0.4ms
[175.559s][info][gc,phases      ] GC(1032)   Other: 0.6ms
[175.559s][info][gc,heap        ] GC(1032) Eden regions: 241->0(241)
[175.559s][info][gc,heap        ] GC(1032) Survivor regions: 1->1(31)
[175.559s][info][gc,heap        ] GC(1032) Old regions: 56->56
[175.559s][info][gc,heap        ] GC(1032) Humongous regions: 6->6
[175.559s][info][gc,metaspace   ] GC(1032) Metaspace: 72309K->72309K(1114112K)
[175.559s][info][gc             ] GC(1032) Pause Young (Normal) (G1 Evacuation Pause) 300M->59M(404M) 3.679ms
[175.559s][info][gc,cpu         ] GC(1032) User=0.00s Sys=0.00s Real=0.01s
[175.752s][info][gc,start       ] GC(1033) Pause Young (Normal) (G1 Evacuation Pause)
[175.753s][info][gc,task        ] GC(1033) Using 1 workers of 1 for evacuation
[175.760s][info][gc,phases      ] GC(1033)   Pre Evacuate Collection Set: 0.1ms
[175.760s][info][gc,phases      ] GC(1033)   Evacuate Collection Set: 5.8ms
[175.760s][info][gc,phases      ] GC(1033)   Post Evacuate Collection Set: 0.8ms
[175.760s][info][gc,phases      ] GC(1033)   Other: 0.8ms
[175.760s][info][gc,heap        ] GC(1033) Eden regions: 241->0(241)
[175.760s][info][gc,heap        ] GC(1033) Survivor regions: 1->1(31)
[175.760s][info][gc,heap        ] GC(1033) Old regions: 56->56
[175.760s][info][gc,heap        ] GC(1033) Humongous regions: 6->6
[175.760s][info][gc,metaspace   ] GC(1033) Metaspace: 72309K->72309K(1114112K)
[175.760s][info][gc             ] GC(1033) Pause Young (Normal) (G1 Evacuation Pause) 300M->59M(404M) 7.484ms
[175.760s][info][gc,cpu         ] GC(1033) User=0.01s Sys=0.00s Real=0.01s
[175.888s][info][gc,start       ] GC(1034) Pause Young (Normal) (G1 Evacuation Pause)
[175.888s][info][gc,task        ] GC(1034) Using 1 workers of 1 for evacuation
[175.891s][info][gc,phases      ] GC(1034)   Pre Evacuate Collection Set: 0.0ms
[175.891s][info][gc,phases      ] GC(1034)   Evacuate Collection Set: 2.5ms
[175.891s][info][gc,phases      ] GC(1034)   Post Evacuate Collection Set: 0.3ms
[175.891s][info][gc,phases      ] GC(1034)   Other: 0.3ms
[175.891s][info][gc,heap        ] GC(1034) Eden regions: 241->0(241)
[175.891s][info][gc,heap        ] GC(1034) Survivor regions: 1->1(31)
[175.891s][info][gc,heap        ] GC(1034) Old regions: 56->56
[175.891s][info][gc,heap        ] GC(1034) Humongous regions: 6->6
[175.891s][info][gc,metaspace   ] GC(1034) Metaspace: 72309K->72309K(1114112K)
[175.891s][info][gc             ] GC(1034) Pause Young (Normal) (G1 Evacuation Pause) 300M->59M(404M) 3.151ms
[175.891s][info][gc,cpu         ] GC(1034) User=0.00s Sys=0.00s Real=0.00s
[176.014s][info][gc,start       ] GC(1035) Pause Young (Normal) (G1 Evacuation Pause)
[176.015s][info][gc,task        ] GC(1035) Using 1 workers of 1 for evacuation
[176.018s][info][gc,phases      ] GC(1035)   Pre Evacuate Collection Set: 0.0ms
[176.018s][info][gc,phases      ] GC(1035)   Evacuate Collection Set: 2.4ms
[176.018s][info][gc,phases      ] GC(1035)   Post Evacuate Collection Set: 0.4ms
[176.018s][info][gc,phases      ] GC(1035)   Other: 0.4ms
[176.018s][info][gc,heap        ] GC(1035) Eden regions: 241->0(241)
[176.018s][info][gc,heap        ] GC(1035) Survivor regions: 1->1(31)
[176.018s][info][gc,heap        ] GC(1035) Old regions: 56->56
[176.018s][info][gc,heap        ] GC(1035) Humongous regions: 6->6
[176.018s][info][gc,metaspace   ] GC(1035) Metaspace: 72309K->72309K(1114112K)
[176.018s][info][gc             ] GC(1035) Pause Young (Normal) (G1 Evacuation Pause) 300M->59M(404M) 3.260ms
[176.018s][info][gc,cpu         ] GC(1035) User=0.00s Sys=0.00s Real=0.00s
[176.178s][info][gc,start       ] GC(1036) Pause Young (Normal) (G1 Evacuation Pause)
[176.178s][info][gc,task        ] GC(1036) Using 1 workers of 1 for evacuation
[176.182s][info][gc,phases      ] GC(1036)   Pre Evacuate Collection Set: 0.0ms
[176.182s][info][gc,phases      ] GC(1036)   Evacuate Collection Set: 2.7ms
[176.182s][info][gc,phases      ] GC(1036)   Post Evacuate Collection Set: 0.4ms
[176.182s][info][gc,phases      ] GC(1036)   Other: 0.4ms
[176.182s][info][gc,heap        ] GC(1036) Eden regions: 241->0(241)
[176.182s][info][gc,heap        ] GC(1036) Survivor regions: 1->1(31)
[176.182s][info][gc,heap        ] GC(1036) Old regions: 56->56
[176.182s][info][gc,heap        ] GC(1036) Humongous regions: 6->6
[176.182s][info][gc,metaspace   ] GC(1036) Metaspace: 72309K->72309K(1114112K)
[176.182s][info][gc             ] GC(1036) Pause Young (Normal) (G1 Evacuation Pause) 300M->59M(404M) 3.567ms
[176.182s][info][gc,cpu         ] GC(1036) User=0.01s Sys=0.00s Real=0.01s
[176.479s][info][gc,start       ] GC(1037) Pause Young (Normal) (G1 Evacuation Pause)
[176.479s][info][gc,task        ] GC(1037) Using 1 workers of 1 for evacuation
[176.486s][info][gc,phases      ] GC(1037)   Pre Evacuate Collection Set: 0.1ms
[176.486s][info][gc,phases      ] GC(1037)   Evacuate Collection Set: 5.7ms
[176.486s][info][gc,phases      ] GC(1037)   Post Evacuate Collection Set: 0.8ms
[176.486s][info][gc,phases      ] GC(1037)   Other: 0.7ms
[176.486s][info][gc,heap        ] GC(1037) Eden regions: 241->0(241)
[176.486s][info][gc,heap        ] GC(1037) Survivor regions: 1->1(31)
[176.486s][info][gc,heap        ] GC(1037) Old regions: 56->56
[176.486s][info][gc,heap        ] GC(1037) Humongous regions: 6->6
[176.486s][info][gc,metaspace   ] GC(1037) Metaspace: 72309K->72309K(1114112K)
[176.486s][info][gc             ] GC(1037) Pause Young (Normal) (G1 Evacuation Pause) 300M->59M(404M) 7.283ms
[176.486s][info][gc,cpu         ] GC(1037) User=0.01s Sys=0.00s Real=0.01s
[176.616s][info][gc,start       ] GC(1038) Pause Young (Normal) (G1 Evacuation Pause)
[176.616s][info][gc,task        ] GC(1038) Using 1 workers of 1 for evacuation
[176.619s][info][gc,phases      ] GC(1038)   Pre Evacuate Collection Set: 0.0ms
[176.619s][info][gc,phases      ] GC(1038)   Evacuate Collection Set: 2.4ms
[176.619s][info][gc,phases      ] GC(1038)   Post Evacuate Collection Set: 0.3ms
[176.619s][info][gc,phases      ] GC(1038)   Other: 0.3ms
[176.619s][info][gc,heap        ] GC(1038) Eden regions: 241->0(241)
[176.619s][info][gc,heap        ] GC(1038) Survivor regions: 1->1(31)
[176.619s][info][gc,heap        ] GC(1038) Old regions: 56->56
[176.619s][info][gc,heap        ] GC(1038) Humongous regions: 6->6
[176.619s][info][gc,metaspace   ] GC(1038) Metaspace: 72309K->72309K(1114112K)
[176.619s][info][gc             ] GC(1038) Pause Young (Normal) (G1 Evacuation Pause) 300M->59M(404M) 3.094ms
[176.619s][info][gc,cpu         ] GC(1038) User=0.00s Sys=0.00s Real=0.01s
[176.755s][info][gc,start       ] GC(1039) Pause Young (Normal) (G1 Evacuation Pause)
[176.755s][info][gc,task        ] GC(1039) Using 1 workers of 1 for evacuation
[176.758s][info][gc,phases      ] GC(1039)   Pre Evacuate Collection Set: 0.0ms
[176.758s][info][gc,phases      ] GC(1039)   Evacuate Collection Set: 2.6ms
[176.758s][info][gc,phases      ] GC(1039)   Post Evacuate Collection Set: 0.4ms
[176.758s][info][gc,phases      ] GC(1039)   Other: 0.3ms
[176.758s][info][gc,heap        ] GC(1039) Eden regions: 241->0(241)
[176.758s][info][gc,heap        ] GC(1039) Survivor regions: 1->1(31)
[176.758s][info][gc,heap        ] GC(1039) Old regions: 56->56
[176.758s][info][gc,heap        ] GC(1039) Humongous regions: 6->6
[176.758s][info][gc,metaspace   ] GC(1039) Metaspace: 72309K->72309K(1114112K)
[176.758s][info][gc             ] GC(1039) Pause Young (Normal) (G1 Evacuation Pause) 300M->59M(404M) 3.312ms
[176.758s][info][gc,cpu         ] GC(1039) User=0.00s Sys=0.00s Real=0.00s
[176.909s][info][gc,start       ] GC(1040) Pause Young (Normal) (G1 Evacuation Pause)
[176.909s][info][gc,task        ] GC(1040) Using 1 workers of 1 for evacuation
[176.913s][info][gc,phases      ] GC(1040)   Pre Evacuate Collection Set: 0.0ms
[176.913s][info][gc,phases      ] GC(1040)   Evacuate Collection Set: 2.9ms
[176.913s][info][gc,phases      ] GC(1040)   Post Evacuate Collection Set: 0.4ms
[176.913s][info][gc,phases      ] GC(1040)   Other: 0.4ms
[176.913s][info][gc,heap        ] GC(1040) Eden regions: 241->0(241)
[176.913s][info][gc,heap        ] GC(1040) Survivor regions: 1->1(31)
[176.913s][info][gc,heap        ] GC(1040) Old regions: 56->56
[176.913s][info][gc,heap        ] GC(1040) Humongous regions: 11->6
[176.913s][info][gc,metaspace   ] GC(1040) Metaspace: 72309K->72309K(1114112K)
[176.913s][info][gc             ] GC(1040) Pause Young (Normal) (G1 Evacuation Pause) 305M->59M(404M) 3.843ms
[176.913s][info][gc,cpu         ] GC(1040) User=0.00s Sys=0.00s Real=0.00s
[177.044s][info][gc,start       ] GC(1041) Pause Young (Normal) (G1 Evacuation Pause)
[177.044s][info][gc,task        ] GC(1041) Using 1 workers of 1 for evacuation
[177.047s][info][gc,phases      ] GC(1041)   Pre Evacuate Collection Set: 0.0ms
[177.047s][info][gc,phases      ] GC(1041)   Evacuate Collection Set: 2.7ms
[177.047s][info][gc,phases      ] GC(1041)   Post Evacuate Collection Set: 0.3ms
[177.047s][info][gc,phases      ] GC(1041)   Other: 0.3ms
[177.047s][info][gc,heap        ] GC(1041) Eden regions: 241->0(241)
[177.047s][info][gc,heap        ] GC(1041) Survivor regions: 1->1(31)
[177.047s][info][gc,heap        ] GC(1041) Old regions: 56->56
[177.047s][info][gc,heap        ] GC(1041) Humongous regions: 6->6
[177.047s][info][gc,metaspace   ] GC(1041) Metaspace: 72309K->72309K(1114112K)
[177.047s][info][gc             ] GC(1041) Pause Young (Normal) (G1 Evacuation Pause) 300M->60M(404M) 3.419ms
[177.047s][info][gc,cpu         ] GC(1041) User=0.00s Sys=0.00s Real=0.01s
[177.164s][info][gc,start       ] GC(1042) Pause Young (Normal) (G1 Evacuation Pause)
[177.164s][info][gc,task        ] GC(1042) Using 1 workers of 1 for evacuation
[177.167s][info][gc,phases      ] GC(1042)   Pre Evacuate Collection Set: 0.0ms
[177.167s][info][gc,phases      ] GC(1042)   Evacuate Collection Set: 2.7ms
[177.167s][info][gc,phases      ] GC(1042)   Post Evacuate Collection Set: 0.3ms
[177.167s][info][gc,phases      ] GC(1042)   Other: 0.3ms
[177.167s][info][gc,heap        ] GC(1042) Eden regions: 241->0(241)
[177.167s][info][gc,heap        ] GC(1042) Survivor regions: 1->1(31)
[177.167s][info][gc,heap        ] GC(1042) Old regions: 56->56
[177.167s][info][gc,heap        ] GC(1042) Humongous regions: 6->6
[177.167s][info][gc,metaspace   ] GC(1042) Metaspace: 72309K->72309K(1114112K)
[177.167s][info][gc             ] GC(1042) Pause Young (Normal) (G1 Evacuation Pause) 301M->60M(404M) 3.434ms
[177.167s][info][gc,cpu         ] GC(1042) User=0.00s Sys=0.00s Real=0.01s
[177.288s][info][gc,start       ] GC(1043) Pause Young (Normal) (G1 Evacuation Pause)
[177.288s][info][gc,task        ] GC(1043) Using 1 workers of 1 for evacuation
[177.291s][info][gc,phases      ] GC(1043)   Pre Evacuate Collection Set: 0.0ms
[177.291s][info][gc,phases      ] GC(1043)   Evacuate Collection Set: 2.7ms
[177.291s][info][gc,phases      ] GC(1043)   Post Evacuate Collection Set: 0.4ms
[177.291s][info][gc,phases      ] GC(1043)   Other: 0.3ms
[177.291s][info][gc,heap        ] GC(1043) Eden regions: 241->0(241)
[177.291s][info][gc,heap        ] GC(1043) Survivor regions: 1->1(31)
[177.291s][info][gc,heap        ] GC(1043) Old regions: 56->56
[177.291s][info][gc,heap        ] GC(1043) Humongous regions: 6->6
[177.291s][info][gc,metaspace   ] GC(1043) Metaspace: 72309K->72309K(1114112K)
[177.291s][info][gc             ] GC(1043) Pause Young (Normal) (G1 Evacuation Pause) 301M->60M(404M) 3.428ms
[177.291s][info][gc,cpu         ] GC(1043) User=0.00s Sys=0.00s Real=0.00s
[177.411s][info][gc,start       ] GC(1044) Pause Young (Normal) (G1 Evacuation Pause)
[177.411s][info][gc,task        ] GC(1044) Using 1 workers of 1 for evacuation
[177.415s][info][gc,phases      ] GC(1044)   Pre Evacuate Collection Set: 0.0ms
[177.415s][info][gc,phases      ] GC(1044)   Evacuate Collection Set: 2.7ms
[177.415s][info][gc,phases      ] GC(1044)   Post Evacuate Collection Set: 0.3ms
[177.415s][info][gc,phases      ] GC(1044)   Other: 0.4ms
[177.415s][info][gc,heap        ] GC(1044) Eden regions: 241->0(241)
[177.415s][info][gc,heap        ] GC(1044) Survivor regions: 1->1(31)
[177.415s][info][gc,heap        ] GC(1044) Old regions: 56->56
[177.415s][info][gc,heap        ] GC(1044) Humongous regions: 6->6
[177.415s][info][gc,metaspace   ] GC(1044) Metaspace: 72309K->72309K(1114112K)
[177.415s][info][gc             ] GC(1044) Pause Young (Normal) (G1 Evacuation Pause) 301M->60M(404M) 3.532ms
[177.415s][info][gc,cpu         ] GC(1044) User=0.00s Sys=0.00s Real=0.00s
[177.532s][info][gc,start       ] GC(1045) Pause Young (Normal) (G1 Evacuation Pause)
[177.532s][info][gc,task        ] GC(1045) Using 1 workers of 1 for evacuation
[177.536s][info][gc,phases      ] GC(1045)   Pre Evacuate Collection Set: 0.0ms
[177.536s][info][gc,phases      ] GC(1045)   Evacuate Collection Set: 2.8ms
[177.536s][info][gc,phases      ] GC(1045)   Post Evacuate Collection Set: 0.3ms
[177.536s][info][gc,phases      ] GC(1045)   Other: 0.3ms
[177.536s][info][gc,heap        ] GC(1045) Eden regions: 241->0(241)
[177.536s][info][gc,heap        ] GC(1045) Survivor regions: 1->1(31)
[177.536s][info][gc,heap        ] GC(1045) Old regions: 56->56
[177.536s][info][gc,heap        ] GC(1045) Humongous regions: 6->6
[177.536s][info][gc,metaspace   ] GC(1045) Metaspace: 72309K->72309K(1114112K)
[177.536s][info][gc             ] GC(1045) Pause Young (Normal) (G1 Evacuation Pause) 301M->60M(404M) 3.562ms
[177.536s][info][gc,cpu         ] GC(1045) User=0.00s Sys=0.00s Real=0.00s
[177.658s][info][gc,start       ] GC(1046) Pause Young (Normal) (G1 Evacuation Pause)
[177.658s][info][gc,task        ] GC(1046) Using 1 workers of 1 for evacuation
[177.661s][info][gc,phases      ] GC(1046)   Pre Evacuate Collection Set: 0.0ms
[177.661s][info][gc,phases      ] GC(1046)   Evacuate Collection Set: 2.8ms
[177.661s][info][gc,phases      ] GC(1046)   Post Evacuate Collection Set: 0.3ms
[177.661s][info][gc,phases      ] GC(1046)   Other: 0.3ms
[177.661s][info][gc,heap        ] GC(1046) Eden regions: 241->0(241)
[177.661s][info][gc,heap        ] GC(1046) Survivor regions: 1->1(31)
[177.661s][info][gc,heap        ] GC(1046) Old regions: 56->56
[177.661s][info][gc,heap        ] GC(1046) Humongous regions: 6->6
[177.661s][info][gc,metaspace   ] GC(1046) Metaspace: 72309K->72309K(1114112K)
[177.661s][info][gc             ] GC(1046) Pause Young (Normal) (G1 Evacuation Pause) 301M->59M(404M) 3.531ms
[177.661s][info][gc,cpu         ] GC(1046) User=0.01s Sys=0.00s Real=0.01s
[177.778s][info][gc,start       ] GC(1047) Pause Young (Normal) (G1 Evacuation Pause)
[177.779s][info][gc,task        ] GC(1047) Using 1 workers of 1 for evacuation
[177.782s][info][gc,phases      ] GC(1047)   Pre Evacuate Collection Set: 0.0ms
[177.782s][info][gc,phases      ] GC(1047)   Evacuate Collection Set: 2.6ms
[177.782s][info][gc,phases      ] GC(1047)   Post Evacuate Collection Set: 0.4ms
[177.782s][info][gc,phases      ] GC(1047)   Other: 0.3ms
[177.782s][info][gc,heap        ] GC(1047) Eden regions: 241->0(241)
[177.782s][info][gc,heap        ] GC(1047) Survivor regions: 1->1(31)
[177.782s][info][gc,heap        ] GC(1047) Old regions: 56->56
[177.782s][info][gc,heap        ] GC(1047) Humongous regions: 6->6
[177.782s][info][gc,metaspace   ] GC(1047) Metaspace: 72309K->72309K(1114112K)
[177.782s][info][gc             ] GC(1047) Pause Young (Normal) (G1 Evacuation Pause) 300M->59M(404M) 3.391ms
[177.782s][info][gc,cpu         ] GC(1047) User=0.00s Sys=0.00s Real=0.00s
[177.905s][info][gc,start       ] GC(1048) Pause Young (Normal) (G1 Evacuation Pause)
[177.905s][info][gc,task        ] GC(1048) Using 1 workers of 1 for evacuation
[177.908s][info][gc,phases      ] GC(1048)   Pre Evacuate Collection Set: 0.0ms
[177.908s][info][gc,phases      ] GC(1048)   Evacuate Collection Set: 2.8ms
[177.908s][info][gc,phases      ] GC(1048)   Post Evacuate Collection Set: 0.4ms
[177.908s][info][gc,phases      ] GC(1048)   Other: 0.3ms
[177.908s][info][gc,heap        ] GC(1048) Eden regions: 241->0(241)
[177.908s][info][gc,heap        ] GC(1048) Survivor regions: 1->1(31)
[177.908s][info][gc,heap        ] GC(1048) Old regions: 56->56
[177.908s][info][gc,heap        ] GC(1048) Humongous regions: 6->6
[177.908s][info][gc,metaspace   ] GC(1048) Metaspace: 72309K->72309K(1114112K)
[177.908s][info][gc             ] GC(1048) Pause Young (Normal) (G1 Evacuation Pause) 300M->60M(404M) 3.586ms
[177.908s][info][gc,cpu         ] GC(1048) User=0.00s Sys=0.00s Real=0.01s
[178.035s][info][gc,start       ] GC(1049) Pause Young (Normal) (G1 Evacuation Pause)
[178.035s][info][gc,task        ] GC(1049) Using 1 workers of 1 for evacuation
[178.039s][info][gc,phases      ] GC(1049)   Pre Evacuate Collection Set: 0.0ms
[178.039s][info][gc,phases      ] GC(1049)   Evacuate Collection Set: 2.5ms
[178.039s][info][gc,phases      ] GC(1049)   Post Evacuate Collection Set: 0.4ms
[178.039s][info][gc,phases      ] GC(1049)   Other: 0.3ms
[178.039s][info][gc,heap        ] GC(1049) Eden regions: 241->0(241)
[178.039s][info][gc,heap        ] GC(1049) Survivor regions: 1->1(31)
[178.039s][info][gc,heap        ] GC(1049) Old regions: 56->56
[178.039s][info][gc,heap        ] GC(1049) Humongous regions: 6->6
[178.039s][info][gc,metaspace   ] GC(1049) Metaspace: 72309K->72309K(1114112K)
[178.039s][info][gc             ] GC(1049) Pause Young (Normal) (G1 Evacuation Pause) 301M->60M(404M) 3.223ms
[178.039s][info][gc,cpu         ] GC(1049) User=0.00s Sys=0.00s Real=0.01s
[178.169s][info][gc,start       ] GC(1050) Pause Young (Normal) (G1 Evacuation Pause)
[178.169s][info][gc,task        ] GC(1050) Using 1 workers of 1 for evacuation
[178.172s][info][gc,phases      ] GC(1050)   Pre Evacuate Collection Set: 0.0ms
[178.172s][info][gc,phases      ] GC(1050)   Evacuate Collection Set: 2.6ms
[178.172s][info][gc,phases      ] GC(1050)   Post Evacuate Collection Set: 0.3ms
[178.172s][info][gc,phases      ] GC(1050)   Other: 0.4ms
[178.172s][info][gc,heap        ] GC(1050) Eden regions: 241->0(241)
[178.172s][info][gc,heap        ] GC(1050) Survivor regions: 1->1(31)
[178.172s][info][gc,heap        ] GC(1050) Old regions: 56->56
[178.172s][info][gc,heap        ] GC(1050) Humongous regions: 11->6
[178.172s][info][gc,metaspace   ] GC(1050) Metaspace: 72310K->72310K(1114112K)
[178.172s][info][gc             ] GC(1050) Pause Young (Normal) (G1 Evacuation Pause) 306M->59M(404M) 3.344ms
[178.172s][info][gc,cpu         ] GC(1050) User=0.01s Sys=0.00s Real=0.00s
[178.307s][info][gc,start       ] GC(1051) Pause Young (Normal) (G1 Evacuation Pause)
[178.307s][info][gc,task        ] GC(1051) Using 1 workers of 1 for evacuation
[178.310s][info][gc,phases      ] GC(1051)   Pre Evacuate Collection Set: 0.1ms
[178.310s][info][gc,phases      ] GC(1051)   Evacuate Collection Set: 2.6ms
[178.310s][info][gc,phases      ] GC(1051)   Post Evacuate Collection Set: 0.4ms
[178.310s][info][gc,phases      ] GC(1051)   Other: 0.3ms
[178.310s][info][gc,heap        ] GC(1051) Eden regions: 241->0(241)
[178.310s][info][gc,heap        ] GC(1051) Survivor regions: 1->1(31)
[178.310s][info][gc,heap        ] GC(1051) Old regions: 56->56
[178.310s][info][gc,heap        ] GC(1051) Humongous regions: 6->6
[178.310s][info][gc,metaspace   ] GC(1051) Metaspace: 72310K->72310K(1114112K)
[178.310s][info][gc             ] GC(1051) Pause Young (Normal) (G1 Evacuation Pause) 300M->59M(404M) 3.415ms
[178.310s][info][gc,cpu         ] GC(1051) User=0.00s Sys=0.00s Real=0.01s
[178.435s][info][gc,start       ] GC(1052) Pause Young (Normal) (G1 Evacuation Pause)
[178.435s][info][gc,task        ] GC(1052) Using 1 workers of 1 for evacuation
[178.438s][info][gc,phases      ] GC(1052)   Pre Evacuate Collection Set: 0.1ms
[178.438s][info][gc,phases      ] GC(1052)   Evacuate Collection Set: 2.4ms
[178.438s][info][gc,phases      ] GC(1052)   Post Evacuate Collection Set: 0.3ms
[178.438s][info][gc,phases      ] GC(1052)   Other: 0.3ms
[178.438s][info][gc,heap        ] GC(1052) Eden regions: 241->0(241)
[178.438s][info][gc,heap        ] GC(1052) Survivor regions: 1->1(31)
[178.438s][info][gc,heap        ] GC(1052) Old regions: 56->56
[178.438s][info][gc,heap        ] GC(1052) Humongous regions: 6->6
[178.438s][info][gc,metaspace   ] GC(1052) Metaspace: 72310K->72310K(1114112K)
[178.438s][info][gc             ] GC(1052) Pause Young (Normal) (G1 Evacuation Pause) 300M->59M(404M) 3.208ms
[178.438s][info][gc,cpu         ] GC(1052) User=0.00s Sys=0.00s Real=0.00s
[178.596s][info][gc,start       ] GC(1053) Pause Young (Normal) (G1 Evacuation Pause)
[178.596s][info][gc,task        ] GC(1053) Using 1 workers of 1 for evacuation
[178.599s][info][gc,phases      ] GC(1053)   Pre Evacuate Collection Set: 0.0ms
[178.599s][info][gc,phases      ] GC(1053)   Evacuate Collection Set: 2.6ms
[178.599s][info][gc,phases      ] GC(1053)   Post Evacuate Collection Set: 0.3ms
[178.599s][info][gc,phases      ] GC(1053)   Other: 0.4ms
[178.599s][info][gc,heap        ] GC(1053) Eden regions: 241->0(241)
[178.599s][info][gc,heap        ] GC(1053) Survivor regions: 1->1(31)
[178.599s][info][gc,heap        ] GC(1053) Old regions: 56->56
[178.599s][info][gc,heap        ] GC(1053) Humongous regions: 6->6
[178.599s][info][gc,metaspace   ] GC(1053) Metaspace: 72310K->72310K(1114112K)
[178.599s][info][gc             ] GC(1053) Pause Young (Normal) (G1 Evacuation Pause) 300M->59M(404M) 3.325ms
[178.599s][info][gc,cpu         ] GC(1053) User=0.00s Sys=0.00s Real=0.01s
[178.751s][info][gc,start       ] GC(1054) Pause Young (Normal) (G1 Evacuation Pause)
[178.751s][info][gc,task        ] GC(1054) Using 1 workers of 1 for evacuation
[178.755s][info][gc,phases      ] GC(1054)   Pre Evacuate Collection Set: 0.0ms
[178.755s][info][gc,phases      ] GC(1054)   Evacuate Collection Set: 3.1ms
[178.755s][info][gc,phases      ] GC(1054)   Post Evacuate Collection Set: 0.8ms
[178.755s][info][gc,phases      ] GC(1054)   Other: 0.4ms
[178.755s][info][gc,heap        ] GC(1054) Eden regions: 241->0(241)
[178.755s][info][gc,heap        ] GC(1054) Survivor regions: 1->1(31)
[178.755s][info][gc,heap        ] GC(1054) Old regions: 56->56
[178.755s][info][gc,heap        ] GC(1054) Humongous regions: 6->6
[178.755s][info][gc,metaspace   ] GC(1054) Metaspace: 72310K->72310K(1114112K)
[178.755s][info][gc             ] GC(1054) Pause Young (Normal) (G1 Evacuation Pause) 300M->59M(404M) 4.434ms
[178.755s][info][gc,cpu         ] GC(1054) User=0.01s Sys=0.00s Real=0.00s
[178.920s][info][gc,start       ] GC(1055) Pause Young (Normal) (G1 Evacuation Pause)
[178.920s][info][gc,task        ] GC(1055) Using 1 workers of 1 for evacuation
[178.923s][info][gc,phases      ] GC(1055)   Pre Evacuate Collection Set: 0.0ms
[178.923s][info][gc,phases      ] GC(1055)   Evacuate Collection Set: 2.5ms
[178.923s][info][gc,phases      ] GC(1055)   Post Evacuate Collection Set: 0.4ms
[178.923s][info][gc,phases      ] GC(1055)   Other: 0.4ms
[178.923s][info][gc,heap        ] GC(1055) Eden regions: 241->0(241)
[178.923s][info][gc,heap        ] GC(1055) Survivor regions: 1->1(31)
[178.923s][info][gc,heap        ] GC(1055) Old regions: 56->56
[178.923s][info][gc,heap        ] GC(1055) Humongous regions: 6->6
[178.923s][info][gc,metaspace   ] GC(1055) Metaspace: 72310K->72310K(1114112K)
[178.923s][info][gc             ] GC(1055) Pause Young (Normal) (G1 Evacuation Pause) 300M->59M(404M) 3.387ms
[178.923s][info][gc,cpu         ] GC(1055) User=0.00s Sys=0.00s Real=0.00s
[179.059s][info][gc,start       ] GC(1056) Pause Young (Normal) (G1 Evacuation Pause)
[179.059s][info][gc,task        ] GC(1056) Using 1 workers of 1 for evacuation
[179.062s][info][gc,phases      ] GC(1056)   Pre Evacuate Collection Set: 0.0ms
[179.062s][info][gc,phases      ] GC(1056)   Evacuate Collection Set: 2.3ms
[179.062s][info][gc,phases      ] GC(1056)   Post Evacuate Collection Set: 0.3ms
[179.062s][info][gc,phases      ] GC(1056)   Other: 0.3ms
[179.062s][info][gc,heap        ] GC(1056) Eden regions: 241->0(241)
[179.062s][info][gc,heap        ] GC(1056) Survivor regions: 1->1(31)
[179.062s][info][gc,heap        ] GC(1056) Old regions: 56->56
[179.062s][info][gc,heap        ] GC(1056) Humongous regions: 6->6
[179.062s][info][gc,metaspace   ] GC(1056) Metaspace: 72310K->72310K(1114112K)
[179.062s][info][gc             ] GC(1056) Pause Young (Normal) (G1 Evacuation Pause) 300M->59M(404M) 3.068ms
[179.062s][info][gc,cpu         ] GC(1056) User=0.00s Sys=0.00s Real=0.00s
[179.188s][info][gc,start       ] GC(1057) Pause Young (Normal) (G1 Evacuation Pause)
[179.188s][info][gc,task        ] GC(1057) Using 1 workers of 1 for evacuation
[179.191s][info][gc,phases      ] GC(1057)   Pre Evacuate Collection Set: 0.0ms
[179.191s][info][gc,phases      ] GC(1057)   Evacuate Collection Set: 2.5ms
[179.191s][info][gc,phases      ] GC(1057)   Post Evacuate Collection Set: 0.3ms
[179.191s][info][gc,phases      ] GC(1057)   Other: 0.3ms
[179.191s][info][gc,heap        ] GC(1057) Eden regions: 241->0(241)
[179.191s][info][gc,heap        ] GC(1057) Survivor regions: 1->1(31)
[179.191s][info][gc,heap        ] GC(1057) Old regions: 56->56
[179.191s][info][gc,heap        ] GC(1057) Humongous regions: 6->6
[179.191s][info][gc,metaspace   ] GC(1057) Metaspace: 72310K->72310K(1114112K)
[179.191s][info][gc             ] GC(1057) Pause Young (Normal) (G1 Evacuation Pause) 300M->59M(404M) 3.254ms
[179.191s][info][gc,cpu         ] GC(1057) User=0.00s Sys=0.00s Real=0.00s
[179.314s][info][gc,start       ] GC(1058) Pause Young (Normal) (G1 Evacuation Pause)
[179.314s][info][gc,task        ] GC(1058) Using 1 workers of 1 for evacuation
[179.318s][info][gc,phases      ] GC(1058)   Pre Evacuate Collection Set: 0.0ms
[179.318s][info][gc,phases      ] GC(1058)   Evacuate Collection Set: 3.0ms
[179.318s][info][gc,phases      ] GC(1058)   Post Evacuate Collection Set: 0.6ms
[179.318s][info][gc,phases      ] GC(1058)   Other: 0.5ms
[179.318s][info][gc,heap        ] GC(1058) Eden regions: 241->0(241)
[179.318s][info][gc,heap        ] GC(1058) Survivor regions: 1->1(31)
[179.318s][info][gc,heap        ] GC(1058) Old regions: 56->56
[179.318s][info][gc,heap        ] GC(1058) Humongous regions: 6->6
[179.318s][info][gc,metaspace   ] GC(1058) Metaspace: 72310K->72310K(1114112K)
[179.318s][info][gc             ] GC(1058) Pause Young (Normal) (G1 Evacuation Pause) 300M->60M(404M) 4.366ms
[179.318s][info][gc,cpu         ] GC(1058) User=0.00s Sys=0.00s Real=0.01s
[179.464s][info][gc,start       ] GC(1059) Pause Young (Normal) (G1 Evacuation Pause)
[179.464s][info][gc,task        ] GC(1059) Using 1 workers of 1 for evacuation
[179.468s][info][gc,phases      ] GC(1059)   Pre Evacuate Collection Set: 0.0ms
[179.468s][info][gc,phases      ] GC(1059)   Evacuate Collection Set: 2.9ms
[179.468s][info][gc,phases      ] GC(1059)   Post Evacuate Collection Set: 0.4ms
[179.468s][info][gc,phases      ] GC(1059)   Other: 0.3ms
[179.468s][info][gc,heap        ] GC(1059) Eden regions: 241->0(241)
[179.468s][info][gc,heap        ] GC(1059) Survivor regions: 1->1(31)
[179.468s][info][gc,heap        ] GC(1059) Old regions: 56->56
[179.468s][info][gc,heap        ] GC(1059) Humongous regions: 11->6
[179.468s][info][gc,metaspace   ] GC(1059) Metaspace: 72311K->72311K(1114112K)
[179.468s][info][gc             ] GC(1059) Pause Young (Normal) (G1 Evacuation Pause) 306M->60M(404M) 3.660ms
[179.468s][info][gc,cpu         ] GC(1059) User=0.00s Sys=0.00s Real=0.01s
[179.669s][info][gc,start       ] GC(1060) Pause Young (Normal) (G1 Evacuation Pause)
[179.669s][info][gc,task        ] GC(1060) Using 1 workers of 1 for evacuation
[179.672s][info][gc,phases      ] GC(1060)   Pre Evacuate Collection Set: 0.0ms
[179.672s][info][gc,phases      ] GC(1060)   Evacuate Collection Set: 2.8ms
[179.672s][info][gc,phases      ] GC(1060)   Post Evacuate Collection Set: 0.4ms
[179.672s][info][gc,phases      ] GC(1060)   Other: 0.4ms
[179.672s][info][gc,heap        ] GC(1060) Eden regions: 241->0(241)
[179.672s][info][gc,heap        ] GC(1060) Survivor regions: 1->1(31)
[179.672s][info][gc,heap        ] GC(1060) Old regions: 56->56
[179.672s][info][gc,heap        ] GC(1060) Humongous regions: 6->6
[179.672s][info][gc,metaspace   ] GC(1060) Metaspace: 72311K->72311K(1114112K)
[179.673s][info][gc             ] GC(1060) Pause Young (Normal) (G1 Evacuation Pause) 301M->60M(404M) 3.703ms
[179.673s][info][gc,cpu         ] GC(1060) User=0.01s Sys=0.00s Real=0.00s
[179.978s][info][gc,start       ] GC(1061) Pause Young (Normal) (G1 Evacuation Pause)
[179.978s][info][gc,task        ] GC(1061) Using 1 workers of 1 for evacuation
[179.987s][info][gc,phases      ] GC(1061)   Pre Evacuate Collection Set: 0.2ms
[179.987s][info][gc,phases      ] GC(1061)   Evacuate Collection Set: 6.8ms
[179.987s][info][gc,phases      ] GC(1061)   Post Evacuate Collection Set: 1.0ms
[179.987s][info][gc,phases      ] GC(1061)   Other: 1.2ms
[179.987s][info][gc,heap        ] GC(1061) Eden regions: 241->0(241)
[179.987s][info][gc,heap        ] GC(1061) Survivor regions: 1->1(31)
[179.987s][info][gc,heap        ] GC(1061) Old regions: 56->56
[179.987s][info][gc,heap        ] GC(1061) Humongous regions: 6->6
[179.987s][info][gc,metaspace   ] GC(1061) Metaspace: 72311K->72311K(1114112K)
[179.987s][info][gc             ] GC(1061) Pause Young (Normal) (G1 Evacuation Pause) 301M->60M(404M) 9.365ms
[179.987s][info][gc,cpu         ] GC(1061) User=0.01s Sys=0.00s Real=0.02s
[180.202s][info][gc,start       ] GC(1062) Pause Young (Normal) (G1 Evacuation Pause)
[180.203s][info][gc,task        ] GC(1062) Using 1 workers of 1 for evacuation
[180.206s][info][gc,phases      ] GC(1062)   Pre Evacuate Collection Set: 0.0ms
[180.206s][info][gc,phases      ] GC(1062)   Evacuate Collection Set: 2.9ms
[180.206s][info][gc,phases      ] GC(1062)   Post Evacuate Collection Set: 0.4ms
[180.206s][info][gc,phases      ] GC(1062)   Other: 0.5ms
[180.206s][info][gc,heap        ] GC(1062) Eden regions: 241->0(241)
[180.206s][info][gc,heap        ] GC(1062) Survivor regions: 1->1(31)
[180.206s][info][gc,heap        ] GC(1062) Old regions: 56->56
[180.206s][info][gc,heap        ] GC(1062) Humongous regions: 6->6
[180.206s][info][gc,metaspace   ] GC(1062) Metaspace: 72311K->72311K(1114112K)
[180.206s][info][gc             ] GC(1062) Pause Young (Normal) (G1 Evacuation Pause) 301M->60M(404M) 3.822ms
[180.206s][info][gc,cpu         ] GC(1062) User=0.00s Sys=0.00s Real=0.00s
[180.350s][info][gc,start       ] GC(1063) Pause Young (Normal) (G1 Evacuation Pause)
[180.350s][info][gc,task        ] GC(1063) Using 1 workers of 1 for evacuation
[180.354s][info][gc,phases      ] GC(1063)   Pre Evacuate Collection Set: 0.0ms
[180.354s][info][gc,phases      ] GC(1063)   Evacuate Collection Set: 3.2ms
[180.354s][info][gc,phases      ] GC(1063)   Post Evacuate Collection Set: 0.4ms
[180.354s][info][gc,phases      ] GC(1063)   Other: 0.3ms
[180.354s][info][gc,heap        ] GC(1063) Eden regions: 241->0(241)
[180.354s][info][gc,heap        ] GC(1063) Survivor regions: 1->1(31)
[180.354s][info][gc,heap        ] GC(1063) Old regions: 56->56
[180.354s][info][gc,heap        ] GC(1063) Humongous regions: 6->6
[180.354s][info][gc,metaspace   ] GC(1063) Metaspace: 72311K->72311K(1114112K)
[180.354s][info][gc             ] GC(1063) Pause Young (Normal) (G1 Evacuation Pause) 301M->60M(404M) 3.982ms
[180.354s][info][gc,cpu         ] GC(1063) User=0.01s Sys=0.00s Real=0.00s
[180.475s][info][gc,start       ] GC(1064) Pause Young (Normal) (G1 Evacuation Pause)
[180.475s][info][gc,task        ] GC(1064) Using 1 workers of 1 for evacuation
[180.478s][info][gc,phases      ] GC(1064)   Pre Evacuate Collection Set: 0.0ms
[180.478s][info][gc,phases      ] GC(1064)   Evacuate Collection Set: 2.6ms
[180.478s][info][gc,phases      ] GC(1064)   Post Evacuate Collection Set: 0.4ms
[180.478s][info][gc,phases      ] GC(1064)   Other: 0.3ms
[180.479s][info][gc,heap        ] GC(1064) Eden regions: 241->0(241)
[180.479s][info][gc,heap        ] GC(1064) Survivor regions: 1->1(31)
[180.479s][info][gc,heap        ] GC(1064) Old regions: 56->56
[180.479s][info][gc,heap        ] GC(1064) Humongous regions: 6->6
[180.479s][info][gc,metaspace   ] GC(1064) Metaspace: 72311K->72311K(1114112K)
[180.479s][info][gc             ] GC(1064) Pause Young (Normal) (G1 Evacuation Pause) 301M->60M(404M) 3.455ms
[180.479s][info][gc,cpu         ] GC(1064) User=0.00s Sys=0.00s Real=0.01s
[180.598s][info][gc,start       ] GC(1065) Pause Young (Normal) (G1 Evacuation Pause)
[180.598s][info][gc,task        ] GC(1065) Using 1 workers of 1 for evacuation
[180.601s][info][gc,phases      ] GC(1065)   Pre Evacuate Collection Set: 0.0ms
[180.601s][info][gc,phases      ] GC(1065)   Evacuate Collection Set: 2.7ms
[180.601s][info][gc,phases      ] GC(1065)   Post Evacuate Collection Set: 0.3ms
[180.601s][info][gc,phases      ] GC(1065)   Other: 0.7ms
[180.601s][info][gc,heap        ] GC(1065) Eden regions: 241->0(241)
[180.601s][info][gc,heap        ] GC(1065) Survivor regions: 1->1(31)
[180.601s][info][gc,heap        ] GC(1065) Old regions: 56->56
[180.601s][info][gc,heap        ] GC(1065) Humongous regions: 6->6
[180.601s][info][gc,metaspace   ] GC(1065) Metaspace: 72311K->72311K(1114112K)
[180.601s][info][gc             ] GC(1065) Pause Young (Normal) (G1 Evacuation Pause) 301M->60M(404M) 3.798ms
[180.601s][info][gc,cpu         ] GC(1065) User=0.00s Sys=0.00s Real=0.01s
[180.745s][info][gc,start       ] GC(1066) Pause Young (Normal) (G1 Evacuation Pause)
[180.745s][info][gc,task        ] GC(1066) Using 1 workers of 1 for evacuation
[180.749s][info][gc,phases      ] GC(1066)   Pre Evacuate Collection Set: 0.0ms
[180.749s][info][gc,phases      ] GC(1066)   Evacuate Collection Set: 2.8ms
[180.749s][info][gc,phases      ] GC(1066)   Post Evacuate Collection Set: 0.3ms
[180.749s][info][gc,phases      ] GC(1066)   Other: 0.3ms
[180.749s][info][gc,heap        ] GC(1066) Eden regions: 241->0(241)
[180.749s][info][gc,heap        ] GC(1066) Survivor regions: 1->1(31)
[180.749s][info][gc,heap        ] GC(1066) Old regions: 56->56
[180.749s][info][gc,heap        ] GC(1066) Humongous regions: 6->6
[180.749s][info][gc,metaspace   ] GC(1066) Metaspace: 72311K->72311K(1114112K)
[180.749s][info][gc             ] GC(1066) Pause Young (Normal) (G1 Evacuation Pause) 301M->60M(404M) 3.557ms
[180.749s][info][gc,cpu         ] GC(1066) User=0.00s Sys=0.00s Real=0.01s
[180.902s][info][gc,start       ] GC(1067) Pause Young (Normal) (G1 Evacuation Pause)
[180.902s][info][gc,task        ] GC(1067) Using 1 workers of 1 for evacuation
[180.906s][info][gc,phases      ] GC(1067)   Pre Evacuate Collection Set: 0.0ms
[180.906s][info][gc,phases      ] GC(1067)   Evacuate Collection Set: 2.7ms
[180.906s][info][gc,phases      ] GC(1067)   Post Evacuate Collection Set: 0.5ms
[180.906s][info][gc,phases      ] GC(1067)   Other: 0.6ms
[180.906s][info][gc,heap        ] GC(1067) Eden regions: 241->0(241)
[180.906s][info][gc,heap        ] GC(1067) Survivor regions: 1->1(31)
[180.906s][info][gc,heap        ] GC(1067) Old regions: 56->56
[180.906s][info][gc,heap        ] GC(1067) Humongous regions: 6->6
[180.906s][info][gc,metaspace   ] GC(1067) Metaspace: 72311K->72311K(1114112K)
[180.906s][info][gc             ] GC(1067) Pause Young (Normal) (G1 Evacuation Pause) 301M->60M(404M) 3.794ms
[180.906s][info][gc,cpu         ] GC(1067) User=0.01s Sys=0.00s Real=0.00s
[181.117s][info][gc,start       ] GC(1068) Pause Young (Normal) (G1 Evacuation Pause)
[181.117s][info][gc,task        ] GC(1068) Using 1 workers of 1 for evacuation
[181.120s][info][gc,phases      ] GC(1068)   Pre Evacuate Collection Set: 0.0ms
[181.120s][info][gc,phases      ] GC(1068)   Evacuate Collection Set: 2.7ms
[181.120s][info][gc,phases      ] GC(1068)   Post Evacuate Collection Set: 0.3ms
[181.120s][info][gc,phases      ] GC(1068)   Other: 0.4ms
[181.120s][info][gc,heap        ] GC(1068) Eden regions: 241->0(241)
[181.120s][info][gc,heap        ] GC(1068) Survivor regions: 1->1(31)
[181.120s][info][gc,heap        ] GC(1068) Old regions: 56->56
[181.120s][info][gc,heap        ] GC(1068) Humongous regions: 11->6
[181.120s][info][gc,metaspace   ] GC(1068) Metaspace: 72315K->72315K(1114112K)
[181.120s][info][gc             ] GC(1068) Pause Young (Normal) (G1 Evacuation Pause) 306M->59M(404M) 3.446ms
[181.120s][info][gc,cpu         ] GC(1068) User=0.00s Sys=0.00s Real=0.01s
[181.237s][info][gc,start       ] GC(1069) Pause Young (Normal) (G1 Evacuation Pause)
[181.238s][info][gc,task        ] GC(1069) Using 1 workers of 1 for evacuation
[181.241s][info][gc,phases      ] GC(1069)   Pre Evacuate Collection Set: 0.0ms
[181.241s][info][gc,phases      ] GC(1069)   Evacuate Collection Set: 2.5ms
[181.241s][info][gc,phases      ] GC(1069)   Post Evacuate Collection Set: 0.3ms
[181.241s][info][gc,phases      ] GC(1069)   Other: 0.3ms
[181.241s][info][gc,heap        ] GC(1069) Eden regions: 241->0(241)
[181.241s][info][gc,heap        ] GC(1069) Survivor regions: 1->1(31)
[181.241s][info][gc,heap        ] GC(1069) Old regions: 56->56
[181.241s][info][gc,heap        ] GC(1069) Humongous regions: 6->6
[181.241s][info][gc,metaspace   ] GC(1069) Metaspace: 72315K->72315K(1114112K)
[181.241s][info][gc             ] GC(1069) Pause Young (Normal) (G1 Evacuation Pause) 300M->59M(404M) 3.180ms
[181.241s][info][gc,cpu         ] GC(1069) User=0.00s Sys=0.00s Real=0.01s
[181.390s][info][gc,start       ] GC(1070) Pause Young (Normal) (G1 Evacuation Pause)
[181.391s][info][gc,task        ] GC(1070) Using 1 workers of 1 for evacuation
[181.394s][info][gc,phases      ] GC(1070)   Pre Evacuate Collection Set: 0.0ms
[181.394s][info][gc,phases      ] GC(1070)   Evacuate Collection Set: 2.5ms
[181.394s][info][gc,phases      ] GC(1070)   Post Evacuate Collection Set: 0.3ms
[181.394s][info][gc,phases      ] GC(1070)   Other: 0.3ms
[181.394s][info][gc,heap        ] GC(1070) Eden regions: 241->0(241)
[181.394s][info][gc,heap        ] GC(1070) Survivor regions: 1->1(31)
[181.394s][info][gc,heap        ] GC(1070) Old regions: 56->56
[181.394s][info][gc,heap        ] GC(1070) Humongous regions: 6->6
[181.394s][info][gc,metaspace   ] GC(1070) Metaspace: 72315K->72315K(1114112K)
[181.394s][info][gc             ] GC(1070) Pause Young (Normal) (G1 Evacuation Pause) 300M->59M(404M) 3.301ms
[181.394s][info][gc,cpu         ] GC(1070) User=0.00s Sys=0.00s Real=0.00s
[181.516s][info][gc,start       ] GC(1071) Pause Young (Normal) (G1 Evacuation Pause)
[181.516s][info][gc,task        ] GC(1071) Using 1 workers of 1 for evacuation
[181.520s][info][gc,phases      ] GC(1071)   Pre Evacuate Collection Set: 0.0ms
[181.520s][info][gc,phases      ] GC(1071)   Evacuate Collection Set: 2.6ms
[181.520s][info][gc,phases      ] GC(1071)   Post Evacuate Collection Set: 0.3ms
[181.520s][info][gc,phases      ] GC(1071)   Other: 0.3ms
[181.520s][info][gc,heap        ] GC(1071) Eden regions: 241->0(241)
[181.520s][info][gc,heap        ] GC(1071) Survivor regions: 1->1(31)
[181.520s][info][gc,heap        ] GC(1071) Old regions: 56->56
[181.520s][info][gc,heap        ] GC(1071) Humongous regions: 6->6
[181.520s][info][gc,metaspace   ] GC(1071) Metaspace: 72318K->72318K(1114112K)
[181.520s][info][gc             ] GC(1071) Pause Young (Normal) (G1 Evacuation Pause) 300M->59M(404M) 3.436ms
[181.520s][info][gc,cpu         ] GC(1071) User=0.00s Sys=0.00s Real=0.01s
[181.640s][info][gc,start       ] GC(1072) Pause Young (Normal) (G1 Evacuation Pause)
[181.640s][info][gc,task        ] GC(1072) Using 1 workers of 1 for evacuation
[181.643s][info][gc,phases      ] GC(1072)   Pre Evacuate Collection Set: 0.0ms
[181.643s][info][gc,phases      ] GC(1072)   Evacuate Collection Set: 2.6ms
[181.643s][info][gc,phases      ] GC(1072)   Post Evacuate Collection Set: 0.4ms
[181.643s][info][gc,phases      ] GC(1072)   Other: 0.4ms
[181.643s][info][gc,heap        ] GC(1072) Eden regions: 241->0(241)
[181.643s][info][gc,heap        ] GC(1072) Survivor regions: 1->1(31)
[181.643s][info][gc,heap        ] GC(1072) Old regions: 56->56
[181.643s][info][gc,heap        ] GC(1072) Humongous regions: 6->6
[181.643s][info][gc,metaspace   ] GC(1072) Metaspace: 72318K->72318K(1114112K)
[181.643s][info][gc             ] GC(1072) Pause Young (Normal) (G1 Evacuation Pause) 300M->59M(404M) 3.437ms
[181.643s][info][gc,cpu         ] GC(1072) User=0.00s Sys=0.00s Real=0.00s
[181.818s][info][gc,start       ] GC(1073) Pause Young (Normal) (G1 Evacuation Pause)
[181.819s][info][gc,task        ] GC(1073) Using 1 workers of 1 for evacuation
[181.822s][info][gc,phases      ] GC(1073)   Pre Evacuate Collection Set: 0.0ms
[181.822s][info][gc,phases      ] GC(1073)   Evacuate Collection Set: 2.6ms
[181.822s][info][gc,phases      ] GC(1073)   Post Evacuate Collection Set: 0.4ms
[181.822s][info][gc,phases      ] GC(1073)   Other: 0.4ms
[181.822s][info][gc,heap        ] GC(1073) Eden regions: 241->0(241)
[181.822s][info][gc,heap        ] GC(1073) Survivor regions: 1->1(31)
[181.822s][info][gc,heap        ] GC(1073) Old regions: 56->56
[181.822s][info][gc,heap        ] GC(1073) Humongous regions: 6->6
[181.822s][info][gc,metaspace   ] GC(1073) Metaspace: 72318K->72318K(1114112K)
[181.822s][info][gc             ] GC(1073) Pause Young (Normal) (G1 Evacuation Pause) 300M->59M(404M) 3.441ms
[181.822s][info][gc,cpu         ] GC(1073) User=0.00s Sys=0.00s Real=0.01s
[182.005s][info][gc,start       ] GC(1074) Pause Young (Normal) (G1 Evacuation Pause)
[182.005s][info][gc,task        ] GC(1074) Using 1 workers of 1 for evacuation
[182.008s][info][gc,phases      ] GC(1074)   Pre Evacuate Collection Set: 0.0ms
[182.008s][info][gc,phases      ] GC(1074)   Evacuate Collection Set: 2.7ms
[182.008s][info][gc,phases      ] GC(1074)   Post Evacuate Collection Set: 0.3ms
[182.008s][info][gc,phases      ] GC(1074)   Other: 0.4ms
[182.008s][info][gc,heap        ] GC(1074) Eden regions: 241->0(241)
[182.008s][info][gc,heap        ] GC(1074) Survivor regions: 1->1(31)
[182.008s][info][gc,heap        ] GC(1074) Old regions: 56->56
[182.008s][info][gc,heap        ] GC(1074) Humongous regions: 6->6
[182.008s][info][gc,metaspace   ] GC(1074) Metaspace: 72318K->72318K(1114112K)
[182.008s][info][gc             ] GC(1074) Pause Young (Normal) (G1 Evacuation Pause) 300M->59M(404M) 3.482ms
[182.008s][info][gc,cpu         ] GC(1074) User=0.01s Sys=0.00s Real=0.01s
[182.291s][info][gc,start       ] GC(1075) Pause Young (Normal) (G1 Evacuation Pause)
[182.291s][info][gc,task        ] GC(1075) Using 1 workers of 1 for evacuation
[182.299s][info][gc,phases      ] GC(1075)   Pre Evacuate Collection Set: 0.1ms
[182.299s][info][gc,phases      ] GC(1075)   Evacuate Collection Set: 6.1ms
[182.299s][info][gc,phases      ] GC(1075)   Post Evacuate Collection Set: 1.0ms
[182.299s][info][gc,phases      ] GC(1075)   Other: 0.7ms
[182.299s][info][gc,heap        ] GC(1075) Eden regions: 241->0(241)
[182.299s][info][gc,heap        ] GC(1075) Survivor regions: 1->1(31)
[182.299s][info][gc,heap        ] GC(1075) Old regions: 56->56
[182.299s][info][gc,heap        ] GC(1075) Humongous regions: 6->6
[182.299s][info][gc,metaspace   ] GC(1075) Metaspace: 72318K->72318K(1114112K)
[182.299s][info][gc             ] GC(1075) Pause Young (Normal) (G1 Evacuation Pause) 300M->59M(404M) 7.980ms
[182.299s][info][gc,cpu         ] GC(1075) User=0.01s Sys=0.00s Real=0.01s
[182.487s][info][gc,start       ] GC(1076) Pause Young (Normal) (G1 Evacuation Pause)
[182.487s][info][gc,task        ] GC(1076) Using 1 workers of 1 for evacuation
[182.490s][info][gc,phases      ] GC(1076)   Pre Evacuate Collection Set: 0.0ms
[182.490s][info][gc,phases      ] GC(1076)   Evacuate Collection Set: 2.5ms
[182.490s][info][gc,phases      ] GC(1076)   Post Evacuate Collection Set: 0.4ms
[182.490s][info][gc,phases      ] GC(1076)   Other: 0.4ms
[182.490s][info][gc,heap        ] GC(1076) Eden regions: 241->0(241)
[182.490s][info][gc,heap        ] GC(1076) Survivor regions: 1->1(31)
[182.490s][info][gc,heap        ] GC(1076) Old regions: 56->56
[182.490s][info][gc,heap        ] GC(1076) Humongous regions: 6->6
[182.490s][info][gc,metaspace   ] GC(1076) Metaspace: 72318K->72318K(1114112K)
[182.490s][info][gc             ] GC(1076) Pause Young (Normal) (G1 Evacuation Pause) 300M->60M(404M) 3.308ms
[182.490s][info][gc,cpu         ] GC(1076) User=0.01s Sys=0.00s Real=0.00s
[182.671s][info][gc,start       ] GC(1077) Pause Young (Normal) (G1 Evacuation Pause)
[182.671s][info][gc,task        ] GC(1077) Using 1 workers of 1 for evacuation
[182.674s][info][gc,phases      ] GC(1077)   Pre Evacuate Collection Set: 0.0ms
[182.675s][info][gc,phases      ] GC(1077)   Evacuate Collection Set: 2.9ms
[182.675s][info][gc,phases      ] GC(1077)   Post Evacuate Collection Set: 0.4ms
[182.675s][info][gc,phases      ] GC(1077)   Other: 0.4ms
[182.675s][info][gc,heap        ] GC(1077) Eden regions: 241->0(241)
[182.675s][info][gc,heap        ] GC(1077) Survivor regions: 1->1(31)
[182.675s][info][gc,heap        ] GC(1077) Old regions: 56->56
[182.675s][info][gc,heap        ] GC(1077) Humongous regions: 11->6
[182.675s][info][gc,metaspace   ] GC(1077) Metaspace: 72323K->72323K(1114112K)
[182.675s][info][gc             ] GC(1077) Pause Young (Normal) (G1 Evacuation Pause) 306M->60M(404M) 3.811ms
[182.675s][info][gc,cpu         ] GC(1077) User=0.00s Sys=0.00s Real=0.00s
[182.849s][info][gc,start       ] GC(1078) Pause Young (Normal) (G1 Evacuation Pause)
[182.850s][info][gc,task        ] GC(1078) Using 1 workers of 1 for evacuation
[182.858s][info][gc,phases      ] GC(1078)   Pre Evacuate Collection Set: 0.1ms
[182.858s][info][gc,phases      ] GC(1078)   Evacuate Collection Set: 6.6ms
[182.858s][info][gc,phases      ] GC(1078)   Post Evacuate Collection Set: 0.9ms
[182.858s][info][gc,phases      ] GC(1078)   Other: 0.8ms
[182.858s][info][gc,heap        ] GC(1078) Eden regions: 241->0(241)
[182.858s][info][gc,heap        ] GC(1078) Survivor regions: 1->1(31)
[182.858s][info][gc,heap        ] GC(1078) Old regions: 56->56
[182.858s][info][gc,heap        ] GC(1078) Humongous regions: 6->6
[182.858s][info][gc,metaspace   ] GC(1078) Metaspace: 72323K->72323K(1114112K)
[182.858s][info][gc             ] GC(1078) Pause Young (Normal) (G1 Evacuation Pause) 301M->60M(404M) 8.450ms
[182.858s][info][gc,cpu         ] GC(1078) User=0.00s Sys=0.00s Real=0.00s
[183.033s][info][gc,start       ] GC(1079) Pause Young (Normal) (G1 Evacuation Pause)
[183.033s][info][gc,task        ] GC(1079) Using 1 workers of 1 for evacuation
[183.036s][info][gc,phases      ] GC(1079)   Pre Evacuate Collection Set: 0.0ms
[183.036s][info][gc,phases      ] GC(1079)   Evacuate Collection Set: 2.7ms
[183.036s][info][gc,phases      ] GC(1079)   Post Evacuate Collection Set: 0.3ms
[183.036s][info][gc,phases      ] GC(1079)   Other: 0.3ms
[183.036s][info][gc,heap        ] GC(1079) Eden regions: 241->0(241)
[183.036s][info][gc,heap        ] GC(1079) Survivor regions: 1->1(31)
[183.036s][info][gc,heap        ] GC(1079) Old regions: 56->56
[183.036s][info][gc,heap        ] GC(1079) Humongous regions: 6->6
[183.036s][info][gc,metaspace   ] GC(1079) Metaspace: 72323K->72323K(1114112K)
[183.036s][info][gc             ] GC(1079) Pause Young (Normal) (G1 Evacuation Pause) 301M->60M(404M) 3.468ms
[183.036s][info][gc,cpu         ] GC(1079) User=0.00s Sys=0.00s Real=0.00s
[183.221s][info][gc,start       ] GC(1080) Pause Young (Normal) (G1 Evacuation Pause)
[183.221s][info][gc,task        ] GC(1080) Using 1 workers of 1 for evacuation
[183.224s][info][gc,phases      ] GC(1080)   Pre Evacuate Collection Set: 0.0ms
[183.224s][info][gc,phases      ] GC(1080)   Evacuate Collection Set: 2.7ms
[183.224s][info][gc,phases      ] GC(1080)   Post Evacuate Collection Set: 0.3ms
[183.224s][info][gc,phases      ] GC(1080)   Other: 0.4ms
[183.224s][info][gc,heap        ] GC(1080) Eden regions: 241->0(241)
[183.224s][info][gc,heap        ] GC(1080) Survivor regions: 1->1(31)
[183.224s][info][gc,heap        ] GC(1080) Old regions: 56->56
[183.224s][info][gc,heap        ] GC(1080) Humongous regions: 6->6
[183.224s][info][gc,metaspace   ] GC(1080) Metaspace: 72323K->72323K(1114112K)
[183.224s][info][gc             ] GC(1080) Pause Young (Normal) (G1 Evacuation Pause) 301M->60M(404M) 3.589ms
[183.225s][info][gc,cpu         ] GC(1080) User=0.00s Sys=0.00s Real=0.00s
[183.340s][info][gc,start       ] GC(1081) Pause Young (Normal) (G1 Evacuation Pause)
[183.340s][info][gc,task        ] GC(1081) Using 1 workers of 1 for evacuation
[183.343s][info][gc,phases      ] GC(1081)   Pre Evacuate Collection Set: 0.0ms
[183.343s][info][gc,phases      ] GC(1081)   Evacuate Collection Set: 2.7ms
[183.343s][info][gc,phases      ] GC(1081)   Post Evacuate Collection Set: 0.4ms
[183.343s][info][gc,phases      ] GC(1081)   Other: 0.3ms
[183.343s][info][gc,heap        ] GC(1081) Eden regions: 241->0(241)
[183.343s][info][gc,heap        ] GC(1081) Survivor regions: 1->1(31)
[183.343s][info][gc,heap        ] GC(1081) Old regions: 56->56
[183.343s][info][gc,heap        ] GC(1081) Humongous regions: 6->6
[183.343s][info][gc,metaspace   ] GC(1081) Metaspace: 72323K->72323K(1114112K)
[183.343s][info][gc             ] GC(1081) Pause Young (Normal) (G1 Evacuation Pause) 301M->60M(404M) 3.424ms
[183.343s][info][gc,cpu         ] GC(1081) User=0.00s Sys=0.00s Real=0.00s
[183.460s][info][gc,start       ] GC(1082) Pause Young (Normal) (G1 Evacuation Pause)
[183.461s][info][gc,task        ] GC(1082) Using 1 workers of 1 for evacuation
[183.464s][info][gc,phases      ] GC(1082)   Pre Evacuate Collection Set: 0.0ms
[183.464s][info][gc,phases      ] GC(1082)   Evacuate Collection Set: 2.7ms
[183.464s][info][gc,phases      ] GC(1082)   Post Evacuate Collection Set: 0.3ms
[183.464s][info][gc,phases      ] GC(1082)   Other: 0.3ms
[183.464s][info][gc,heap        ] GC(1082) Eden regions: 241->0(241)
[183.464s][info][gc,heap        ] GC(1082) Survivor regions: 1->1(31)
[183.464s][info][gc,heap        ] GC(1082) Old regions: 56->56
[183.464s][info][gc,heap        ] GC(1082) Humongous regions: 6->6
[183.464s][info][gc,metaspace   ] GC(1082) Metaspace: 72323K->72323K(1114112K)
[183.464s][info][gc             ] GC(1082) Pause Young (Normal) (G1 Evacuation Pause) 301M->60M(404M) 3.369ms
[183.464s][info][gc,cpu         ] GC(1082) User=0.00s Sys=0.00s Real=0.00s
[183.580s][info][gc,start       ] GC(1083) Pause Young (Normal) (G1 Evacuation Pause)
[183.580s][info][gc,task        ] GC(1083) Using 1 workers of 1 for evacuation
[183.583s][info][gc,phases      ] GC(1083)   Pre Evacuate Collection Set: 0.0ms
[183.583s][info][gc,phases      ] GC(1083)   Evacuate Collection Set: 2.6ms
[183.583s][info][gc,phases      ] GC(1083)   Post Evacuate Collection Set: 0.4ms
[183.583s][info][gc,phases      ] GC(1083)   Other: 0.3ms
[183.583s][info][gc,heap        ] GC(1083) Eden regions: 241->0(241)
[183.583s][info][gc,heap        ] GC(1083) Survivor regions: 1->1(31)
[183.583s][info][gc,heap        ] GC(1083) Old regions: 56->56
[183.583s][info][gc,heap        ] GC(1083) Humongous regions: 6->6
[183.583s][info][gc,metaspace   ] GC(1083) Metaspace: 72323K->72323K(1114112K)
[183.583s][info][gc             ] GC(1083) Pause Young (Normal) (G1 Evacuation Pause) 301M->60M(404M) 3.386ms
[183.583s][info][gc,cpu         ] GC(1083) User=0.01s Sys=0.00s Real=0.00s
[183.702s][info][gc,start       ] GC(1084) Pause Young (Normal) (G1 Evacuation Pause)
[183.702s][info][gc,task        ] GC(1084) Using 1 workers of 1 for evacuation
[183.705s][info][gc,phases      ] GC(1084)   Pre Evacuate Collection Set: 0.0ms
[183.705s][info][gc,phases      ] GC(1084)   Evacuate Collection Set: 2.5ms
[183.705s][info][gc,phases      ] GC(1084)   Post Evacuate Collection Set: 0.4ms
[183.705s][info][gc,phases      ] GC(1084)   Other: 0.3ms
[183.705s][info][gc,heap        ] GC(1084) Eden regions: 241->0(241)
[183.705s][info][gc,heap        ] GC(1084) Survivor regions: 1->1(31)
[183.705s][info][gc,heap        ] GC(1084) Old regions: 56->56
[183.705s][info][gc,heap        ] GC(1084) Humongous regions: 6->6
[183.705s][info][gc,metaspace   ] GC(1084) Metaspace: 72323K->72323K(1114112K)
[183.705s][info][gc             ] GC(1084) Pause Young (Normal) (G1 Evacuation Pause) 301M->60M(404M) 3.262ms
[183.705s][info][gc,cpu         ] GC(1084) User=0.00s Sys=0.00s Real=0.00s
[183.821s][info][gc,start       ] GC(1085) Pause Young (Normal) (G1 Evacuation Pause)
[183.822s][info][gc,task        ] GC(1085) Using 1 workers of 1 for evacuation
[183.825s][info][gc,phases      ] GC(1085)   Pre Evacuate Collection Set: 0.0ms
[183.825s][info][gc,phases      ] GC(1085)   Evacuate Collection Set: 2.5ms
[183.825s][info][gc,phases      ] GC(1085)   Post Evacuate Collection Set: 0.3ms
[183.825s][info][gc,phases      ] GC(1085)   Other: 0.3ms
[183.825s][info][gc,heap        ] GC(1085) Eden regions: 241->0(241)
[183.825s][info][gc,heap        ] GC(1085) Survivor regions: 1->1(31)
[183.825s][info][gc,heap        ] GC(1085) Old regions: 56->56
[183.825s][info][gc,heap        ] GC(1085) Humongous regions: 6->6
[183.825s][info][gc,metaspace   ] GC(1085) Metaspace: 72323K->72323K(1114112K)
[183.825s][info][gc             ] GC(1085) Pause Young (Normal) (G1 Evacuation Pause) 301M->60M(404M) 3.210ms
[183.825s][info][gc,cpu         ] GC(1085) User=0.00s Sys=0.00s Real=0.00s
[183.941s][info][gc,start       ] GC(1086) Pause Young (Normal) (G1 Evacuation Pause)
[183.941s][info][gc,task        ] GC(1086) Using 1 workers of 1 for evacuation
[183.944s][info][gc,phases      ] GC(1086)   Pre Evacuate Collection Set: 0.0ms
[183.944s][info][gc,phases      ] GC(1086)   Evacuate Collection Set: 2.6ms
[183.944s][info][gc,phases      ] GC(1086)   Post Evacuate Collection Set: 0.4ms
[183.944s][info][gc,phases      ] GC(1086)   Other: 0.4ms
[183.944s][info][gc,heap        ] GC(1086) Eden regions: 241->0(241)
[183.944s][info][gc,heap        ] GC(1086) Survivor regions: 1->1(31)
[183.944s][info][gc,heap        ] GC(1086) Old regions: 56->56
[183.944s][info][gc,heap        ] GC(1086) Humongous regions: 6->6
[183.944s][info][gc,metaspace   ] GC(1086) Metaspace: 72323K->72323K(1114112K)
[183.944s][info][gc             ] GC(1086) Pause Young (Normal) (G1 Evacuation Pause) 301M->60M(404M) 3.446ms
[183.944s][info][gc,cpu         ] GC(1086) User=0.00s Sys=0.00s Real=0.00s
[184.089s][info][gc,start       ] GC(1087) Pause Young (Normal) (G1 Evacuation Pause)
[184.089s][info][gc,task        ] GC(1087) Using 1 workers of 1 for evacuation
[184.093s][info][gc,phases      ] GC(1087)   Pre Evacuate Collection Set: 0.0ms
[184.093s][info][gc,phases      ] GC(1087)   Evacuate Collection Set: 2.8ms
[184.093s][info][gc,phases      ] GC(1087)   Post Evacuate Collection Set: 0.4ms
[184.093s][info][gc,phases      ] GC(1087)   Other: 0.4ms
[184.093s][info][gc,heap        ] GC(1087) Eden regions: 241->0(241)
[184.093s][info][gc,heap        ] GC(1087) Survivor regions: 1->1(31)
[184.093s][info][gc,heap        ] GC(1087) Old regions: 56->56
[184.093s][info][gc,heap        ] GC(1087) Humongous regions: 11->6
[184.093s][info][gc,metaspace   ] GC(1087) Metaspace: 72328K->72328K(1114112K)
[184.093s][info][gc             ] GC(1087) Pause Young (Normal) (G1 Evacuation Pause) 306M->59M(404M) 3.699ms
[184.093s][info][gc,cpu         ] GC(1087) User=0.01s Sys=0.00s Real=0.00s
[184.229s][info][gc,start       ] GC(1088) Pause Young (Normal) (G1 Evacuation Pause)
[184.230s][info][gc,task        ] GC(1088) Using 1 workers of 1 for evacuation
[184.233s][info][gc,phases      ] GC(1088)   Pre Evacuate Collection Set: 0.0ms
[184.233s][info][gc,phases      ] GC(1088)   Evacuate Collection Set: 2.9ms
[184.233s][info][gc,phases      ] GC(1088)   Post Evacuate Collection Set: 0.3ms
[184.233s][info][gc,phases      ] GC(1088)   Other: 0.3ms
[184.233s][info][gc,heap        ] GC(1088) Eden regions: 241->0(241)
[184.233s][info][gc,heap        ] GC(1088) Survivor regions: 1->1(31)
[184.233s][info][gc,heap        ] GC(1088) Old regions: 56->56
[184.233s][info][gc,heap        ] GC(1088) Humongous regions: 6->6
[184.233s][info][gc,metaspace   ] GC(1088) Metaspace: 72328K->72328K(1114112K)
[184.233s][info][gc             ] GC(1088) Pause Young (Normal) (G1 Evacuation Pause) 300M->59M(404M) 3.657ms
[184.233s][info][gc,cpu         ] GC(1088) User=0.01s Sys=0.00s Real=0.00s
[184.362s][info][gc,start       ] GC(1089) Pause Young (Normal) (G1 Evacuation Pause)
[184.362s][info][gc,task        ] GC(1089) Using 1 workers of 1 for evacuation
[184.365s][info][gc,phases      ] GC(1089)   Pre Evacuate Collection Set: 0.0ms
[184.365s][info][gc,phases      ] GC(1089)   Evacuate Collection Set: 2.6ms
[184.365s][info][gc,phases      ] GC(1089)   Post Evacuate Collection Set: 0.4ms
[184.365s][info][gc,phases      ] GC(1089)   Other: 0.4ms
[184.365s][info][gc,heap        ] GC(1089) Eden regions: 241->0(241)
[184.365s][info][gc,heap        ] GC(1089) Survivor regions: 1->1(31)
[184.365s][info][gc,heap        ] GC(1089) Old regions: 56->56
[184.365s][info][gc,heap        ] GC(1089) Humongous regions: 6->6
[184.365s][info][gc,metaspace   ] GC(1089) Metaspace: 72328K->72328K(1114112K)
[184.365s][info][gc             ] GC(1089) Pause Young (Normal) (G1 Evacuation Pause) 300M->59M(404M) 3.413ms
[184.366s][info][gc,cpu         ] GC(1089) User=0.00s Sys=0.00s Real=0.00s
[184.488s][info][gc,start       ] GC(1090) Pause Young (Normal) (G1 Evacuation Pause)
[184.488s][info][gc,task        ] GC(1090) Using 1 workers of 1 for evacuation
[184.491s][info][gc,phases      ] GC(1090)   Pre Evacuate Collection Set: 0.0ms
[184.491s][info][gc,phases      ] GC(1090)   Evacuate Collection Set: 2.5ms
[184.491s][info][gc,phases      ] GC(1090)   Post Evacuate Collection Set: 0.3ms
[184.491s][info][gc,phases      ] GC(1090)   Other: 0.3ms
[184.491s][info][gc,heap        ] GC(1090) Eden regions: 241->0(241)
[184.491s][info][gc,heap        ] GC(1090) Survivor regions: 1->1(31)
[184.491s][info][gc,heap        ] GC(1090) Old regions: 56->56
[184.491s][info][gc,heap        ] GC(1090) Humongous regions: 6->6
[184.491s][info][gc,metaspace   ] GC(1090) Metaspace: 72328K->72328K(1114112K)
[184.491s][info][gc             ] GC(1090) Pause Young (Normal) (G1 Evacuation Pause) 300M->59M(404M) 3.159ms
[184.491s][info][gc,cpu         ] GC(1090) User=0.00s Sys=0.00s Real=0.00s
[184.611s][info][gc,start       ] GC(1091) Pause Young (Normal) (G1 Evacuation Pause)
[184.611s][info][gc,task        ] GC(1091) Using 1 workers of 1 for evacuation
[184.614s][info][gc,phases      ] GC(1091)   Pre Evacuate Collection Set: 0.0ms
[184.614s][info][gc,phases      ] GC(1091)   Evacuate Collection Set: 2.4ms
[184.614s][info][gc,phases      ] GC(1091)   Post Evacuate Collection Set: 0.3ms
[184.614s][info][gc,phases      ] GC(1091)   Other: 0.4ms
[184.614s][info][gc,heap        ] GC(1091) Eden regions: 241->0(241)
[184.615s][info][gc,heap        ] GC(1091) Survivor regions: 1->1(31)
[184.615s][info][gc,heap        ] GC(1091) Old regions: 56->56
[184.615s][info][gc,heap        ] GC(1091) Humongous regions: 6->6
[184.615s][info][gc,metaspace   ] GC(1091) Metaspace: 72328K->72328K(1114112K)
[184.615s][info][gc             ] GC(1091) Pause Young (Normal) (G1 Evacuation Pause) 300M->59M(404M) 3.298ms
[184.615s][info][gc,cpu         ] GC(1091) User=0.01s Sys=0.00s Real=0.00s
[184.756s][info][gc,start       ] GC(1092) Pause Young (Normal) (G1 Evacuation Pause)
[184.756s][info][gc,task        ] GC(1092) Using 1 workers of 1 for evacuation
[184.760s][info][gc,phases      ] GC(1092)   Pre Evacuate Collection Set: 0.0ms
[184.760s][info][gc,phases      ] GC(1092)   Evacuate Collection Set: 2.5ms
[184.760s][info][gc,phases      ] GC(1092)   Post Evacuate Collection Set: 0.4ms
[184.760s][info][gc,phases      ] GC(1092)   Other: 0.3ms
[184.760s][info][gc,heap        ] GC(1092) Eden regions: 241->0(241)
[184.760s][info][gc,heap        ] GC(1092) Survivor regions: 1->1(31)
[184.760s][info][gc,heap        ] GC(1092) Old regions: 56->56
[184.760s][info][gc,heap        ] GC(1092) Humongous regions: 6->6
[184.760s][info][gc,metaspace   ] GC(1092) Metaspace: 72328K->72328K(1114112K)
[184.760s][info][gc             ] GC(1092) Pause Young (Normal) (G1 Evacuation Pause) 300M->59M(404M) 3.293ms
[184.760s][info][gc,cpu         ] GC(1092) User=0.00s Sys=0.00s Real=0.01s
[184.944s][info][gc,start       ] GC(1093) Pause Young (Normal) (G1 Evacuation Pause)
[184.944s][info][gc,task        ] GC(1093) Using 1 workers of 1 for evacuation
[184.948s][info][gc,phases      ] GC(1093)   Pre Evacuate Collection Set: 0.0ms
[184.948s][info][gc,phases      ] GC(1093)   Evacuate Collection Set: 2.5ms
[184.948s][info][gc,phases      ] GC(1093)   Post Evacuate Collection Set: 0.4ms
[184.948s][info][gc,phases      ] GC(1093)   Other: 0.4ms
[184.948s][info][gc,heap        ] GC(1093) Eden regions: 241->0(241)
[184.948s][info][gc,heap        ] GC(1093) Survivor regions: 1->1(31)
[184.948s][info][gc,heap        ] GC(1093) Old regions: 56->56
[184.948s][info][gc,heap        ] GC(1093) Humongous regions: 6->6
[184.948s][info][gc,metaspace   ] GC(1093) Metaspace: 72328K->72328K(1114112K)
[184.948s][info][gc             ] GC(1093) Pause Young (Normal) (G1 Evacuation Pause) 300M->60M(404M) 3.313ms
[184.948s][info][gc,cpu         ] GC(1093) User=0.00s Sys=0.00s Real=0.01s
[185.066s][info][gc,start       ] GC(1094) Pause Young (Normal) (G1 Evacuation Pause)
[185.066s][info][gc,task        ] GC(1094) Using 1 workers of 1 for evacuation
[185.070s][info][gc,phases      ] GC(1094)   Pre Evacuate Collection Set: 0.0ms
[185.070s][info][gc,phases      ] GC(1094)   Evacuate Collection Set: 2.5ms
[185.070s][info][gc,phases      ] GC(1094)   Post Evacuate Collection Set: 0.4ms
[185.070s][info][gc,phases      ] GC(1094)   Other: 0.3ms
[185.070s][info][gc,heap        ] GC(1094) Eden regions: 241->0(241)
[185.070s][info][gc,heap        ] GC(1094) Survivor regions: 1->1(31)
[185.070s][info][gc,heap        ] GC(1094) Old regions: 56->56
[185.070s][info][gc,heap        ] GC(1094) Humongous regions: 6->6
[185.070s][info][gc,metaspace   ] GC(1094) Metaspace: 72328K->72328K(1114112K)
[185.070s][info][gc             ] GC(1094) Pause Young (Normal) (G1 Evacuation Pause) 301M->60M(404M) 3.202ms
[185.070s][info][gc,cpu         ] GC(1094) User=0.00s Sys=0.00s Real=0.01s
[185.282s][info][gc,start       ] GC(1095) Pause Young (Normal) (G1 Evacuation Pause)
[185.282s][info][gc,task        ] GC(1095) Using 1 workers of 1 for evacuation
[185.286s][info][gc,phases      ] GC(1095)   Pre Evacuate Collection Set: 0.0ms
[185.286s][info][gc,phases      ] GC(1095)   Evacuate Collection Set: 2.9ms
[185.286s][info][gc,phases      ] GC(1095)   Post Evacuate Collection Set: 0.6ms
[185.286s][info][gc,phases      ] GC(1095)   Other: 0.4ms
[185.286s][info][gc,heap        ] GC(1095) Eden regions: 241->0(241)
[185.286s][info][gc,heap        ] GC(1095) Survivor regions: 1->1(31)
[185.286s][info][gc,heap        ] GC(1095) Old regions: 56->56
[185.286s][info][gc,heap        ] GC(1095) Humongous regions: 6->6
[185.286s][info][gc,metaspace   ] GC(1095) Metaspace: 72328K->72328K(1114112K)
[185.286s][info][gc             ] GC(1095) Pause Young (Normal) (G1 Evacuation Pause) 301M->60M(404M) 3.908ms
[185.286s][info][gc,cpu         ] GC(1095) User=0.00s Sys=0.00s Real=0.00s
[185.444s][info][gc,start       ] GC(1096) Pause Young (Normal) (G1 Evacuation Pause)
[185.444s][info][gc,task        ] GC(1096) Using 1 workers of 1 for evacuation
[185.448s][info][gc,phases      ] GC(1096)   Pre Evacuate Collection Set: 0.0ms
[185.448s][info][gc,phases      ] GC(1096)   Evacuate Collection Set: 3.1ms
[185.448s][info][gc,phases      ] GC(1096)   Post Evacuate Collection Set: 0.4ms
[185.448s][info][gc,phases      ] GC(1096)   Other: 0.3ms
[185.448s][info][gc,heap        ] GC(1096) Eden regions: 241->0(241)
[185.448s][info][gc,heap        ] GC(1096) Survivor regions: 1->1(31)
[185.448s][info][gc,heap        ] GC(1096) Old regions: 56->56
[185.448s][info][gc,heap        ] GC(1096) Humongous regions: 11->6
[185.448s][info][gc,metaspace   ] GC(1096) Metaspace: 72335K->72335K(1114112K)
[185.448s][info][gc             ] GC(1096) Pause Young (Normal) (G1 Evacuation Pause) 306M->60M(404M) 3.893ms
[185.448s][info][gc,cpu         ] GC(1096) User=0.00s Sys=0.00s Real=0.01s
[185.570s][info][gc,start       ] GC(1097) Pause Young (Normal) (G1 Evacuation Pause)
[185.570s][info][gc,task        ] GC(1097) Using 1 workers of 1 for evacuation
[185.573s][info][gc,phases      ] GC(1097)   Pre Evacuate Collection Set: 0.0ms
[185.574s][info][gc,phases      ] GC(1097)   Evacuate Collection Set: 2.6ms
[185.574s][info][gc,phases      ] GC(1097)   Post Evacuate Collection Set: 0.3ms
[185.574s][info][gc,phases      ] GC(1097)   Other: 0.3ms
[185.574s][info][gc,heap        ] GC(1097) Eden regions: 241->0(241)
[185.574s][info][gc,heap        ] GC(1097) Survivor regions: 1->1(31)
[185.574s][info][gc,heap        ] GC(1097) Old regions: 56->56
[185.574s][info][gc,heap        ] GC(1097) Humongous regions: 6->6
[185.574s][info][gc,metaspace   ] GC(1097) Metaspace: 72335K->72335K(1114112K)
[185.574s][info][gc             ] GC(1097) Pause Young (Normal) (G1 Evacuation Pause) 301M->60M(404M) 3.323ms
[185.574s][info][gc,cpu         ] GC(1097) User=0.01s Sys=0.00s Real=0.00s
[185.736s][info][gc,start       ] GC(1098) Pause Young (Normal) (G1 Evacuation Pause)
[185.737s][info][gc,task        ] GC(1098) Using 1 workers of 1 for evacuation
[185.748s][info][gc,phases      ] GC(1098)   Pre Evacuate Collection Set: 0.1ms
[185.748s][info][gc,phases      ] GC(1098)   Evacuate Collection Set: 8.5ms
[185.748s][info][gc,phases      ] GC(1098)   Post Evacuate Collection Set: 1.3ms
[185.748s][info][gc,phases      ] GC(1098)   Other: 1.6ms
[185.748s][info][gc,heap        ] GC(1098) Eden regions: 241->0(241)
[185.748s][info][gc,heap        ] GC(1098) Survivor regions: 1->1(31)
[185.748s][info][gc,heap        ] GC(1098) Old regions: 56->56
[185.748s][info][gc,heap        ] GC(1098) Humongous regions: 6->6
[185.748s][info][gc,metaspace   ] GC(1098) Metaspace: 72335K->72335K(1114112K)
[185.748s][info][gc             ] GC(1098) Pause Young (Normal) (G1 Evacuation Pause) 301M->60M(404M) 11.544ms
[185.748s][info][gc,cpu         ] GC(1098) User=0.01s Sys=0.00s Real=0.02s
[186.006s][info][gc,start       ] GC(1099) Pause Young (Normal) (G1 Evacuation Pause)
[186.006s][info][gc,task        ] GC(1099) Using 1 workers of 1 for evacuation
[186.009s][info][gc,phases      ] GC(1099)   Pre Evacuate Collection Set: 0.0ms
[186.009s][info][gc,phases      ] GC(1099)   Evacuate Collection Set: 2.6ms
[186.009s][info][gc,phases      ] GC(1099)   Post Evacuate Collection Set: 0.4ms
[186.009s][info][gc,phases      ] GC(1099)   Other: 0.4ms
[186.009s][info][gc,heap        ] GC(1099) Eden regions: 241->0(241)
[186.009s][info][gc,heap        ] GC(1099) Survivor regions: 1->1(31)
[186.009s][info][gc,heap        ] GC(1099) Old regions: 56->56
[186.009s][info][gc,heap        ] GC(1099) Humongous regions: 6->6
[186.009s][info][gc,metaspace   ] GC(1099) Metaspace: 72335K->72335K(1114112K)
[186.010s][info][gc             ] GC(1099) Pause Young (Normal) (G1 Evacuation Pause) 301M->60M(404M) 3.509ms
[186.010s][info][gc,cpu         ] GC(1099) User=0.01s Sys=0.00s Real=0.01s
[186.178s][info][gc,start       ] GC(1100) Pause Young (Normal) (G1 Evacuation Pause)
[186.178s][info][gc,task        ] GC(1100) Using 1 workers of 1 for evacuation
[186.185s][info][gc,phases      ] GC(1100)   Pre Evacuate Collection Set: 0.0ms
[186.185s][info][gc,phases      ] GC(1100)   Evacuate Collection Set: 6.4ms
[186.185s][info][gc,phases      ] GC(1100)   Post Evacuate Collection Set: 0.8ms
[186.185s][info][gc,phases      ] GC(1100)   Other: 0.5ms
[186.185s][info][gc,heap        ] GC(1100) Eden regions: 241->0(241)
[186.186s][info][gc,heap        ] GC(1100) Survivor regions: 1->1(31)
[186.186s][info][gc,heap        ] GC(1100) Old regions: 56->56
[186.186s][info][gc,heap        ] GC(1100) Humongous regions: 6->6
[186.186s][info][gc,metaspace   ] GC(1100) Metaspace: 72335K->72335K(1114112K)
[186.186s][info][gc             ] GC(1100) Pause Young (Normal) (G1 Evacuation Pause) 301M->60M(404M) 7.810ms
[186.186s][info][gc,cpu         ] GC(1100) User=0.01s Sys=0.00s Real=0.01s
[186.327s][info][gc,start       ] GC(1101) Pause Young (Normal) (G1 Evacuation Pause)
[186.328s][info][gc,task        ] GC(1101) Using 1 workers of 1 for evacuation
[186.332s][info][gc,phases      ] GC(1101)   Pre Evacuate Collection Set: 0.0ms
[186.332s][info][gc,phases      ] GC(1101)   Evacuate Collection Set: 3.6ms
[186.332s][info][gc,phases      ] GC(1101)   Post Evacuate Collection Set: 0.5ms
[186.332s][info][gc,phases      ] GC(1101)   Other: 0.6ms
[186.332s][info][gc,heap        ] GC(1101) Eden regions: 241->0(241)
[186.332s][info][gc,heap        ] GC(1101) Survivor regions: 1->1(31)
[186.332s][info][gc,heap        ] GC(1101) Old regions: 56->56
[186.332s][info][gc,heap        ] GC(1101) Humongous regions: 6->6
[186.332s][info][gc,metaspace   ] GC(1101) Metaspace: 72335K->72335K(1114112K)
[186.332s][info][gc             ] GC(1101) Pause Young (Normal) (G1 Evacuation Pause) 301M->60M(404M) 4.774ms
[186.332s][info][gc,cpu         ] GC(1101) User=0.01s Sys=0.00s Real=0.00s
[186.481s][info][gc,start       ] GC(1102) Pause Young (Normal) (G1 Evacuation Pause)
[186.481s][info][gc,task        ] GC(1102) Using 1 workers of 1 for evacuation
[186.484s][info][gc,phases      ] GC(1102)   Pre Evacuate Collection Set: 0.0ms
[186.484s][info][gc,phases      ] GC(1102)   Evacuate Collection Set: 2.6ms
[186.484s][info][gc,phases      ] GC(1102)   Post Evacuate Collection Set: 0.3ms
[186.484s][info][gc,phases      ] GC(1102)   Other: 0.3ms
[186.484s][info][gc,heap        ] GC(1102) Eden regions: 241->0(241)
[186.484s][info][gc,heap        ] GC(1102) Survivor regions: 1->1(31)
[186.484s][info][gc,heap        ] GC(1102) Old regions: 56->56
[186.484s][info][gc,heap        ] GC(1102) Humongous regions: 6->6
[186.484s][info][gc,metaspace   ] GC(1102) Metaspace: 72335K->72335K(1114112K)
[186.484s][info][gc             ] GC(1102) Pause Young (Normal) (G1 Evacuation Pause) 301M->60M(404M) 3.322ms
[186.484s][info][gc,cpu         ] GC(1102) User=0.00s Sys=0.00s Real=0.00s
[186.601s][info][gc,start       ] GC(1103) Pause Young (Normal) (G1 Evacuation Pause)
[186.601s][info][gc,task        ] GC(1103) Using 1 workers of 1 for evacuation
[186.604s][info][gc,phases      ] GC(1103)   Pre Evacuate Collection Set: 0.0ms
[186.604s][info][gc,phases      ] GC(1103)   Evacuate Collection Set: 2.5ms
[186.604s][info][gc,phases      ] GC(1103)   Post Evacuate Collection Set: 0.3ms
[186.604s][info][gc,phases      ] GC(1103)   Other: 0.3ms
[186.604s][info][gc,heap        ] GC(1103) Eden regions: 241->0(241)
[186.604s][info][gc,heap        ] GC(1103) Survivor regions: 1->1(31)
[186.604s][info][gc,heap        ] GC(1103) Old regions: 56->56
[186.604s][info][gc,heap        ] GC(1103) Humongous regions: 6->6
[186.604s][info][gc,metaspace   ] GC(1103) Metaspace: 72335K->72335K(1114112K)
[186.604s][info][gc             ] GC(1103) Pause Young (Normal) (G1 Evacuation Pause) 301M->60M(404M) 3.222ms
[186.604s][info][gc,cpu         ] GC(1103) User=0.00s Sys=0.00s Real=0.00s
[186.721s][info][gc,start       ] GC(1104) Pause Young (Normal) (G1 Evacuation Pause)
[186.721s][info][gc,task        ] GC(1104) Using 1 workers of 1 for evacuation
[186.725s][info][gc,phases      ] GC(1104)   Pre Evacuate Collection Set: 0.1ms
[186.725s][info][gc,phases      ] GC(1104)   Evacuate Collection Set: 2.5ms
[186.725s][info][gc,phases      ] GC(1104)   Post Evacuate Collection Set: 0.3ms
[186.725s][info][gc,phases      ] GC(1104)   Other: 0.3ms
[186.725s][info][gc,heap        ] GC(1104) Eden regions: 241->0(241)
[186.725s][info][gc,heap        ] GC(1104) Survivor regions: 1->1(31)
[186.725s][info][gc,heap        ] GC(1104) Old regions: 56->56
[186.725s][info][gc,heap        ] GC(1104) Humongous regions: 6->6
[186.725s][info][gc,metaspace   ] GC(1104) Metaspace: 72335K->72335K(1114112K)
[186.725s][info][gc             ] GC(1104) Pause Young (Normal) (G1 Evacuation Pause) 301M->60M(404M) 3.254ms
[186.725s][info][gc,cpu         ] GC(1104) User=0.00s Sys=0.00s Real=0.00s
[186.902s][info][gc,start       ] GC(1105) Pause Young (Normal) (G1 Evacuation Pause)
[186.902s][info][gc,task        ] GC(1105) Using 1 workers of 1 for evacuation
[186.909s][info][gc,phases      ] GC(1105)   Pre Evacuate Collection Set: 0.0ms
[186.909s][info][gc,phases      ] GC(1105)   Evacuate Collection Set: 5.8ms
[186.909s][info][gc,phases      ] GC(1105)   Post Evacuate Collection Set: 1.0ms
[186.909s][info][gc,phases      ] GC(1105)   Other: 0.4ms
[186.909s][info][gc,heap        ] GC(1105) Eden regions: 241->0(241)
[186.909s][info][gc,heap        ] GC(1105) Survivor regions: 1->1(31)
[186.909s][info][gc,heap        ] GC(1105) Old regions: 56->56
[186.909s][info][gc,heap        ] GC(1105) Humongous regions: 11->6
[186.909s][info][gc,metaspace   ] GC(1105) Metaspace: 72351K->72351K(1114112K)
[186.909s][info][gc             ] GC(1105) Pause Young (Normal) (G1 Evacuation Pause) 306M->60M(404M) 7.463ms
[186.909s][info][gc,cpu         ] GC(1105) User=0.01s Sys=0.00s Real=0.01s
[187.212s][info][gc,start       ] GC(1106) Pause Young (Normal) (G1 Evacuation Pause)
[187.212s][info][gc,task        ] GC(1106) Using 1 workers of 1 for evacuation
[187.216s][info][gc,phases      ] GC(1106)   Pre Evacuate Collection Set: 0.0ms
[187.216s][info][gc,phases      ] GC(1106)   Evacuate Collection Set: 3.0ms
[187.216s][info][gc,phases      ] GC(1106)   Post Evacuate Collection Set: 0.6ms
[187.216s][info][gc,phases      ] GC(1106)   Other: 0.5ms
[187.216s][info][gc,heap        ] GC(1106) Eden regions: 241->0(241)
[187.216s][info][gc,heap        ] GC(1106) Survivor regions: 1->1(31)
[187.216s][info][gc,heap        ] GC(1106) Old regions: 56->56
[187.216s][info][gc,heap        ] GC(1106) Humongous regions: 6->6
[187.216s][info][gc,metaspace   ] GC(1106) Metaspace: 72363K->72363K(1114112K)
[187.216s][info][gc             ] GC(1106) Pause Young (Normal) (G1 Evacuation Pause) 301M->60M(404M) 4.284ms
[187.216s][info][gc,cpu         ] GC(1106) User=0.01s Sys=0.00s Real=0.00s
[187.421s][info][gc,start       ] GC(1107) Pause Young (Normal) (G1 Evacuation Pause)
[187.421s][info][gc,task        ] GC(1107) Using 1 workers of 1 for evacuation
[187.424s][info][gc,phases      ] GC(1107)   Pre Evacuate Collection Set: 0.0ms
[187.424s][info][gc,phases      ] GC(1107)   Evacuate Collection Set: 2.8ms
[187.424s][info][gc,phases      ] GC(1107)   Post Evacuate Collection Set: 0.4ms
[187.424s][info][gc,phases      ] GC(1107)   Other: 0.4ms
[187.424s][info][gc,heap        ] GC(1107) Eden regions: 241->0(241)
[187.424s][info][gc,heap        ] GC(1107) Survivor regions: 1->1(31)
[187.424s][info][gc,heap        ] GC(1107) Old regions: 56->56
[187.424s][info][gc,heap        ] GC(1107) Humongous regions: 6->6
[187.424s][info][gc,metaspace   ] GC(1107) Metaspace: 72363K->72363K(1114112K)
[187.424s][info][gc             ] GC(1107) Pause Young (Normal) (G1 Evacuation Pause) 301M->60M(404M) 3.594ms
[187.424s][info][gc,cpu         ] GC(1107) User=0.00s Sys=0.00s Real=0.00s
[187.542s][info][gc,start       ] GC(1108) Pause Young (Normal) (G1 Evacuation Pause)
[187.542s][info][gc,task        ] GC(1108) Using 1 workers of 1 for evacuation
[187.545s][info][gc,phases      ] GC(1108)   Pre Evacuate Collection Set: 0.0ms
[187.545s][info][gc,phases      ] GC(1108)   Evacuate Collection Set: 2.8ms
[187.545s][info][gc,phases      ] GC(1108)   Post Evacuate Collection Set: 0.4ms
[187.545s][info][gc,phases      ] GC(1108)   Other: 0.3ms
[187.545s][info][gc,heap        ] GC(1108) Eden regions: 241->0(241)
[187.545s][info][gc,heap        ] GC(1108) Survivor regions: 1->1(31)
[187.545s][info][gc,heap        ] GC(1108) Old regions: 56->56
[187.545s][info][gc,heap        ] GC(1108) Humongous regions: 6->6
[187.545s][info][gc,metaspace   ] GC(1108) Metaspace: 72363K->72363K(1114112K)
[187.545s][info][gc             ] GC(1108) Pause Young (Normal) (G1 Evacuation Pause) 301M->60M(404M) 3.518ms
[187.545s][info][gc,cpu         ] GC(1108) User=0.00s Sys=0.00s Real=0.00s
[187.695s][info][gc,start       ] GC(1109) Pause Young (Normal) (G1 Evacuation Pause)
[187.696s][info][gc,task        ] GC(1109) Using 1 workers of 1 for evacuation
[187.699s][info][gc,phases      ] GC(1109)   Pre Evacuate Collection Set: 0.0ms
[187.699s][info][gc,phases      ] GC(1109)   Evacuate Collection Set: 2.9ms
[187.699s][info][gc,phases      ] GC(1109)   Post Evacuate Collection Set: 0.3ms
[187.699s][info][gc,phases      ] GC(1109)   Other: 0.3ms
[187.699s][info][gc,heap        ] GC(1109) Eden regions: 241->0(241)
[187.699s][info][gc,heap        ] GC(1109) Survivor regions: 1->1(31)
[187.699s][info][gc,heap        ] GC(1109) Old regions: 56->56
[187.699s][info][gc,heap        ] GC(1109) Humongous regions: 6->6
[187.699s][info][gc,metaspace   ] GC(1109) Metaspace: 72363K->72363K(1114112K)
[187.699s][info][gc             ] GC(1109) Pause Young (Normal) (G1 Evacuation Pause) 301M->60M(404M) 3.597ms
[187.699s][info][gc,cpu         ] GC(1109) User=0.01s Sys=0.00s Real=0.01s
[187.818s][info][gc,start       ] GC(1110) Pause Young (Normal) (G1 Evacuation Pause)
[187.818s][info][gc,task        ] GC(1110) Using 1 workers of 1 for evacuation
[187.822s][info][gc,phases      ] GC(1110)   Pre Evacuate Collection Set: 0.0ms
[187.822s][info][gc,phases      ] GC(1110)   Evacuate Collection Set: 2.8ms
[187.822s][info][gc,phases      ] GC(1110)   Post Evacuate Collection Set: 0.4ms
[187.822s][info][gc,phases      ] GC(1110)   Other: 0.3ms
[187.822s][info][gc,heap        ] GC(1110) Eden regions: 241->0(241)
[187.822s][info][gc,heap        ] GC(1110) Survivor regions: 1->1(31)
[187.822s][info][gc,heap        ] GC(1110) Old regions: 56->56
[187.822s][info][gc,heap        ] GC(1110) Humongous regions: 6->6
[187.822s][info][gc,metaspace   ] GC(1110) Metaspace: 72363K->72363K(1114112K)
[187.822s][info][gc             ] GC(1110) Pause Young (Normal) (G1 Evacuation Pause) 301M->60M(404M) 3.677ms
[187.822s][info][gc,cpu         ] GC(1110) User=0.00s Sys=0.00s Real=0.01s
[187.943s][info][gc,start       ] GC(1111) Pause Young (Normal) (G1 Evacuation Pause)
[187.943s][info][gc,task        ] GC(1111) Using 1 workers of 1 for evacuation
[187.948s][info][gc,phases      ] GC(1111)   Pre Evacuate Collection Set: 0.0ms
[187.948s][info][gc,phases      ] GC(1111)   Evacuate Collection Set: 4.7ms
[187.948s][info][gc,phases      ] GC(1111)   Post Evacuate Collection Set: 0.4ms
[187.948s][info][gc,phases      ] GC(1111)   Other: 0.4ms
[187.948s][info][gc,heap        ] GC(1111) Eden regions: 241->0(241)
[187.948s][info][gc,heap        ] GC(1111) Survivor regions: 1->1(31)
[187.948s][info][gc,heap        ] GC(1111) Old regions: 56->56
[187.948s][info][gc,heap        ] GC(1111) Humongous regions: 6->6
[187.948s][info][gc,metaspace   ] GC(1111) Metaspace: 72363K->72363K(1114112K)
[187.948s][info][gc             ] GC(1111) Pause Young (Normal) (G1 Evacuation Pause) 301M->60M(404M) 5.638ms
[187.948s][info][gc,cpu         ] GC(1111) User=0.01s Sys=0.00s Real=0.01s
[188.094s][info][gc,start       ] GC(1112) Pause Young (Normal) (G1 Evacuation Pause)
[188.094s][info][gc,task        ] GC(1112) Using 1 workers of 1 for evacuation
[188.097s][info][gc,phases      ] GC(1112)   Pre Evacuate Collection Set: 0.0ms
[188.097s][info][gc,phases      ] GC(1112)   Evacuate Collection Set: 2.9ms
[188.097s][info][gc,phases      ] GC(1112)   Post Evacuate Collection Set: 0.4ms
[188.097s][info][gc,phases      ] GC(1112)   Other: 0.4ms
[188.097s][info][gc,heap        ] GC(1112) Eden regions: 241->0(241)
[188.097s][info][gc,heap        ] GC(1112) Survivor regions: 1->1(31)
[188.097s][info][gc,heap        ] GC(1112) Old regions: 56->56
[188.097s][info][gc,heap        ] GC(1112) Humongous regions: 6->6
[188.097s][info][gc,metaspace   ] GC(1112) Metaspace: 72363K->72363K(1114112K)
[188.097s][info][gc             ] GC(1112) Pause Young (Normal) (G1 Evacuation Pause) 301M->60M(404M) 3.709ms
[188.097s][info][gc,cpu         ] GC(1112) User=0.00s Sys=0.00s Real=0.00s
[188.281s][info][gc,start       ] GC(1113) Pause Young (Normal) (G1 Evacuation Pause)
[188.281s][info][gc,task        ] GC(1113) Using 1 workers of 1 for evacuation
[188.285s][info][gc,phases      ] GC(1113)   Pre Evacuate Collection Set: 0.0ms
[188.285s][info][gc,phases      ] GC(1113)   Evacuate Collection Set: 3.0ms
[188.285s][info][gc,phases      ] GC(1113)   Post Evacuate Collection Set: 0.4ms
[188.285s][info][gc,phases      ] GC(1113)   Other: 0.3ms
[188.285s][info][gc,heap        ] GC(1113) Eden regions: 241->0(241)
[188.285s][info][gc,heap        ] GC(1113) Survivor regions: 1->1(31)
[188.285s][info][gc,heap        ] GC(1113) Old regions: 56->56
[188.285s][info][gc,heap        ] GC(1113) Humongous regions: 6->6
[188.285s][info][gc,metaspace   ] GC(1113) Metaspace: 72363K->72363K(1114112K)
[188.285s][info][gc             ] GC(1113) Pause Young (Normal) (G1 Evacuation Pause) 301M->60M(404M) 3.792ms
[188.285s][info][gc,cpu         ] GC(1113) User=0.00s Sys=0.00s Real=0.00s
[188.584s][info][gc,start       ] GC(1114) Pause Young (Normal) (G1 Evacuation Pause)
[188.584s][info][gc,task        ] GC(1114) Using 1 workers of 1 for evacuation
[188.589s][info][gc,phases      ] GC(1114)   Pre Evacuate Collection Set: 0.0ms
[188.589s][info][gc,phases      ] GC(1114)   Evacuate Collection Set: 4.8ms
[188.589s][info][gc,phases      ] GC(1114)   Post Evacuate Collection Set: 0.4ms
[188.589s][info][gc,phases      ] GC(1114)   Other: 0.4ms
[188.589s][info][gc,heap        ] GC(1114) Eden regions: 241->0(240)
[188.589s][info][gc,heap        ] GC(1114) Survivor regions: 1->2(31)
[188.589s][info][gc,heap        ] GC(1114) Old regions: 56->56
[188.589s][info][gc,heap        ] GC(1114) Humongous regions: 21->6
[188.589s][info][gc,metaspace   ] GC(1114) Metaspace: 72441K->72441K(1114112K)
[188.589s][info][gc             ] GC(1114) Pause Young (Normal) (G1 Evacuation Pause) 316M->61M(404M) 5.724ms
[188.590s][info][gc,cpu         ] GC(1114) User=0.01s Sys=0.00s Real=0.01s
[189.121s][info][gc,start       ] GC(1115) Pause Young (Normal) (G1 Evacuation Pause)
[189.121s][info][gc,task        ] GC(1115) Using 1 workers of 1 for evacuation
[189.133s][info][gc,phases      ] GC(1115)   Pre Evacuate Collection Set: 0.0ms
[189.133s][info][gc,phases      ] GC(1115)   Evacuate Collection Set: 11.3ms
[189.133s][info][gc,phases      ] GC(1115)   Post Evacuate Collection Set: 0.4ms
[189.133s][info][gc,phases      ] GC(1115)   Other: 0.6ms
[189.133s][info][gc,heap        ] GC(1115) Eden regions: 240->0(237)
[189.133s][info][gc,heap        ] GC(1115) Survivor regions: 2->5(31)
[189.133s][info][gc,heap        ] GC(1115) Old regions: 56->56
[189.133s][info][gc,heap        ] GC(1115) Humongous regions: 26->6
[189.133s][info][gc,metaspace   ] GC(1115) Metaspace: 72459K->72459K(1114112K)
[189.133s][info][gc             ] GC(1115) Pause Young (Normal) (G1 Evacuation Pause) 321M->63M(404M) 12.246ms
[189.133s][info][gc,cpu         ] GC(1115) User=0.01s Sys=0.00s Real=0.01s
[189.353s][info][gc,start       ] GC(1116) Pause Young (Normal) (G1 Evacuation Pause)
[189.353s][info][gc,task        ] GC(1116) Using 1 workers of 1 for evacuation
[189.362s][info][gc,phases      ] GC(1116)   Pre Evacuate Collection Set: 0.0ms
[189.362s][info][gc,phases      ] GC(1116)   Evacuate Collection Set: 8.3ms
[189.362s][info][gc,phases      ] GC(1116)   Post Evacuate Collection Set: 0.4ms
[189.362s][info][gc,phases      ] GC(1116)   Other: 0.4ms
[189.362s][info][gc,heap        ] GC(1116) Eden regions: 237->0(238)
[189.362s][info][gc,heap        ] GC(1116) Survivor regions: 5->4(31)
[189.362s][info][gc,heap        ] GC(1116) Old regions: 56->56
[189.362s][info][gc,heap        ] GC(1116) Humongous regions: 6->6
[189.362s][info][gc,metaspace   ] GC(1116) Metaspace: 72459K->72459K(1114112K)
[189.362s][info][gc             ] GC(1116) Pause Young (Normal) (G1 Evacuation Pause) 300M->63M(404M) 9.238ms
[189.362s][info][gc,cpu         ] GC(1116) User=0.01s Sys=0.00s Real=0.01s
[189.493s][info][gc,start       ] GC(1117) Pause Young (Normal) (G1 Evacuation Pause)
[189.493s][info][gc,task        ] GC(1117) Using 1 workers of 1 for evacuation
[189.501s][info][gc,phases      ] GC(1117)   Pre Evacuate Collection Set: 0.0ms
[189.501s][info][gc,phases      ] GC(1117)   Evacuate Collection Set: 8.2ms
[189.501s][info][gc,phases      ] GC(1117)   Post Evacuate Collection Set: 0.4ms
[189.501s][info][gc,phases      ] GC(1117)   Other: 0.3ms
[189.501s][info][gc,heap        ] GC(1117) Eden regions: 238->0(238)
[189.501s][info][gc,heap        ] GC(1117) Survivor regions: 4->4(31)
[189.501s][info][gc,heap        ] GC(1117) Old regions: 56->56
[189.501s][info][gc,heap        ] GC(1117) Humongous regions: 6->6
[189.501s][info][gc,metaspace   ] GC(1117) Metaspace: 72459K->72459K(1114112K)
[189.501s][info][gc             ] GC(1117) Pause Young (Normal) (G1 Evacuation Pause) 301M->63M(404M) 8.897ms
[189.501s][info][gc,cpu         ] GC(1117) User=0.01s Sys=0.00s Real=0.01s
[189.638s][info][gc,start       ] GC(1118) Pause Young (Normal) (G1 Evacuation Pause)
[189.638s][info][gc,task        ] GC(1118) Using 1 workers of 1 for evacuation
[189.647s][info][gc,phases      ] GC(1118)   Pre Evacuate Collection Set: 0.0ms
[189.647s][info][gc,phases      ] GC(1118)   Evacuate Collection Set: 8.6ms
[189.647s][info][gc,phases      ] GC(1118)   Post Evacuate Collection Set: 0.4ms
[189.647s][info][gc,phases      ] GC(1118)   Other: 0.3ms
[189.647s][info][gc,heap        ] GC(1118) Eden regions: 238->0(238)
[189.647s][info][gc,heap        ] GC(1118) Survivor regions: 4->4(31)
[189.647s][info][gc,heap        ] GC(1118) Old regions: 56->56
[189.647s][info][gc,heap        ] GC(1118) Humongous regions: 6->6
[189.647s][info][gc,metaspace   ] GC(1118) Metaspace: 72459K->72459K(1114112K)
[189.647s][info][gc             ] GC(1118) Pause Young (Normal) (G1 Evacuation Pause) 301M->63M(404M) 9.383ms
[189.647s][info][gc,cpu         ] GC(1118) User=0.01s Sys=0.00s Real=0.02s
[190.094s][info][gc,start       ] GC(1119) Pause Young (Normal) (G1 Evacuation Pause)
[190.094s][info][gc,task        ] GC(1119) Using 1 workers of 1 for evacuation
[190.101s][info][gc,phases      ] GC(1119)   Pre Evacuate Collection Set: 0.0ms
[190.101s][info][gc,phases      ] GC(1119)   Evacuate Collection Set: 6.3ms
[190.101s][info][gc,phases      ] GC(1119)   Post Evacuate Collection Set: 0.4ms
[190.101s][info][gc,phases      ] GC(1119)   Other: 0.4ms
[190.101s][info][gc,heap        ] GC(1119) Eden regions: 238->0(238)
[190.101s][info][gc,heap        ] GC(1119) Survivor regions: 4->4(31)
[190.101s][info][gc,heap        ] GC(1119) Old regions: 56->56
[190.101s][info][gc,heap        ] GC(1119) Humongous regions: 56->6
[190.101s][info][gc,metaspace   ] GC(1119) Metaspace: 72497K->72497K(1114112K)
[190.101s][info][gc             ] GC(1119) Pause Young (Normal) (G1 Evacuation Pause) 351M->63M(404M) 7.138ms
[190.101s][info][gc,cpu         ] GC(1119) User=0.01s Sys=0.00s Real=0.01s
[190.450s][info][gc,start       ] GC(1120) Pause Young (Normal) (G1 Evacuation Pause)
[190.450s][info][gc,task        ] GC(1120) Using 1 workers of 1 for evacuation
[190.457s][info][gc,phases      ] GC(1120)   Pre Evacuate Collection Set: 0.0ms
[190.457s][info][gc,phases      ] GC(1120)   Evacuate Collection Set: 6.0ms
[190.457s][info][gc,phases      ] GC(1120)   Post Evacuate Collection Set: 0.5ms
[190.457s][info][gc,phases      ] GC(1120)   Other: 0.5ms
[190.457s][info][gc,heap        ] GC(1120) Eden regions: 238->0(238)
[190.457s][info][gc,heap        ] GC(1120) Survivor regions: 4->4(31)
[190.457s][info][gc,heap        ] GC(1120) Old regions: 56->56
[190.457s][info][gc,heap        ] GC(1120) Humongous regions: 16->6
[190.457s][info][gc,metaspace   ] GC(1120) Metaspace: 72528K->72528K(1114112K)
[190.457s][info][gc             ] GC(1120) Pause Young (Normal) (G1 Evacuation Pause) 311M->63M(404M) 7.017ms
[190.457s][info][gc,cpu         ] GC(1120) User=0.01s Sys=0.00s Real=0.00s
[190.716s][info][gc,start       ] GC(1121) Pause Young (Normal) (G1 Evacuation Pause)
[190.716s][info][gc,task        ] GC(1121) Using 1 workers of 1 for evacuation
[190.726s][info][gc,phases      ] GC(1121)   Pre Evacuate Collection Set: 0.0ms
[190.726s][info][gc,phases      ] GC(1121)   Evacuate Collection Set: 9.0ms
[190.726s][info][gc,phases      ] GC(1121)   Post Evacuate Collection Set: 0.5ms
[190.726s][info][gc,phases      ] GC(1121)   Other: 0.6ms
[190.726s][info][gc,heap        ] GC(1121) Eden regions: 238->0(238)
[190.726s][info][gc,heap        ] GC(1121) Survivor regions: 4->4(31)
[190.726s][info][gc,heap        ] GC(1121) Old regions: 56->56
[190.726s][info][gc,heap        ] GC(1121) Humongous regions: 6->6
[190.726s][info][gc,metaspace   ] GC(1121) Metaspace: 72528K->72528K(1114112K)
[190.726s][info][gc             ] GC(1121) Pause Young (Normal) (G1 Evacuation Pause) 301M->63M(404M) 10.105ms
[190.726s][info][gc,cpu         ] GC(1121) User=0.01s Sys=0.00s Real=0.01s
[190.975s][info][gc,start       ] GC(1122) Pause Young (Normal) (G1 Evacuation Pause)
[190.975s][info][gc,task        ] GC(1122) Using 1 workers of 1 for evacuation
[190.987s][info][gc,phases      ] GC(1122)   Pre Evacuate Collection Set: 0.0ms
[190.987s][info][gc,phases      ] GC(1122)   Evacuate Collection Set: 5.4ms
[190.987s][info][gc,phases      ] GC(1122)   Post Evacuate Collection Set: 6.2ms
[190.987s][info][gc,phases      ] GC(1122)   Other: 0.4ms
[190.987s][info][gc,heap        ] GC(1122) Eden regions: 238->0(238)
[190.987s][info][gc,heap        ] GC(1122) Survivor regions: 4->4(31)
[190.987s][info][gc,heap        ] GC(1122) Old regions: 56->56
[190.987s][info][gc,heap        ] GC(1122) Humongous regions: 6->6
[190.987s][info][gc,metaspace   ] GC(1122) Metaspace: 72528K->72528K(1114112K)
[190.987s][info][gc             ] GC(1122) Pause Young (Normal) (G1 Evacuation Pause) 301M->63M(404M) 12.119ms
[190.988s][info][gc,cpu         ] GC(1122) User=0.01s Sys=0.00s Real=0.02s
[191.238s][info][gc,start       ] GC(1123) Pause Young (Normal) (G1 Evacuation Pause)
[191.239s][info][gc,task        ] GC(1123) Using 1 workers of 1 for evacuation
[191.245s][info][gc,phases      ] GC(1123)   Pre Evacuate Collection Set: 0.1ms
[191.245s][info][gc,phases      ] GC(1123)   Evacuate Collection Set: 5.4ms
[191.245s][info][gc,phases      ] GC(1123)   Post Evacuate Collection Set: 0.4ms
[191.245s][info][gc,phases      ] GC(1123)   Other: 0.5ms
[191.245s][info][gc,heap        ] GC(1123) Eden regions: 238->0(238)
[191.245s][info][gc,heap        ] GC(1123) Survivor regions: 4->4(31)
[191.245s][info][gc,heap        ] GC(1123) Old regions: 56->56
[191.245s][info][gc,heap        ] GC(1123) Humongous regions: 6->6
[191.245s][info][gc,metaspace   ] GC(1123) Metaspace: 72528K->72528K(1114112K)
[191.245s][info][gc             ] GC(1123) Pause Young (Normal) (G1 Evacuation Pause) 301M->63M(404M) 6.441ms
[191.245s][info][gc,cpu         ] GC(1123) User=0.01s Sys=0.00s Real=0.01s
[191.479s][info][gc,start       ] GC(1124) Pause Young (Normal) (G1 Evacuation Pause)
[191.479s][info][gc,task        ] GC(1124) Using 1 workers of 1 for evacuation
[191.486s][info][gc,phases      ] GC(1124)   Pre Evacuate Collection Set: 0.0ms
[191.486s][info][gc,phases      ] GC(1124)   Evacuate Collection Set: 5.8ms
[191.486s][info][gc,phases      ] GC(1124)   Post Evacuate Collection Set: 0.4ms
[191.486s][info][gc,phases      ] GC(1124)   Other: 0.5ms
[191.486s][info][gc,heap        ] GC(1124) Eden regions: 238->0(238)
[191.486s][info][gc,heap        ] GC(1124) Survivor regions: 4->4(31)
[191.486s][info][gc,heap        ] GC(1124) Old regions: 56->56
[191.486s][info][gc,heap        ] GC(1124) Humongous regions: 6->6
[191.486s][info][gc,metaspace   ] GC(1124) Metaspace: 72530K->72530K(1114112K)
[191.486s][info][gc             ] GC(1124) Pause Young (Normal) (G1 Evacuation Pause) 301M->63M(404M) 6.728ms
[191.486s][info][gc,cpu         ] GC(1124) User=0.01s Sys=0.00s Real=0.00s
[191.625s][info][gc,start       ] GC(1125) Pause Young (Normal) (G1 Evacuation Pause)
[191.625s][info][gc,task        ] GC(1125) Using 1 workers of 1 for evacuation
[191.631s][info][gc,phases      ] GC(1125)   Pre Evacuate Collection Set: 0.0ms
[191.631s][info][gc,phases      ] GC(1125)   Evacuate Collection Set: 5.8ms
[191.631s][info][gc,phases      ] GC(1125)   Post Evacuate Collection Set: 0.4ms
[191.631s][info][gc,phases      ] GC(1125)   Other: 0.4ms
[191.631s][info][gc,heap        ] GC(1125) Eden regions: 238->0(238)
[191.631s][info][gc,heap        ] GC(1125) Survivor regions: 4->4(31)
[191.631s][info][gc,heap        ] GC(1125) Old regions: 56->56
[191.631s][info][gc,heap        ] GC(1125) Humongous regions: 6->6
[191.631s][info][gc,metaspace   ] GC(1125) Metaspace: 72530K->72530K(1114112K)
[191.631s][info][gc             ] GC(1125) Pause Young (Normal) (G1 Evacuation Pause) 301M->63M(404M) 6.701ms
[191.631s][info][gc,cpu         ] GC(1125) User=0.00s Sys=0.00s Real=0.01s
[192.021s][info][gc,start       ] GC(1126) Pause Young (Normal) (G1 Evacuation Pause)
[192.021s][info][gc,task        ] GC(1126) Using 1 workers of 1 for evacuation
[192.028s][info][gc,phases      ] GC(1126)   Pre Evacuate Collection Set: 0.0ms
[192.028s][info][gc,phases      ] GC(1126)   Evacuate Collection Set: 6.0ms
[192.028s][info][gc,phases      ] GC(1126)   Post Evacuate Collection Set: 0.4ms
[192.028s][info][gc,phases      ] GC(1126)   Other: 0.4ms
[192.028s][info][gc,heap        ] GC(1126) Eden regions: 238->0(237)
[192.028s][info][gc,heap        ] GC(1126) Survivor regions: 4->5(31)
[192.028s][info][gc,heap        ] GC(1126) Old regions: 56->56
[192.028s][info][gc,heap        ] GC(1126) Humongous regions: 21->6
[192.028s][info][gc,metaspace   ] GC(1126) Metaspace: 72543K->72543K(1114112K)
[192.028s][info][gc             ] GC(1126) Pause Young (Normal) (G1 Evacuation Pause) 316M->64M(404M) 6.957ms
[192.028s][info][gc,cpu         ] GC(1126) User=0.01s Sys=0.00s Real=0.01s
[192.268s][info][gc,start       ] GC(1127) Pause Young (Normal) (G1 Evacuation Pause)
[192.268s][info][gc,task        ] GC(1127) Using 1 workers of 1 for evacuation
[192.277s][info][gc,phases      ] GC(1127)   Pre Evacuate Collection Set: 0.0ms
[192.277s][info][gc,phases      ] GC(1127)   Evacuate Collection Set: 7.8ms
[192.277s][info][gc,phases      ] GC(1127)   Post Evacuate Collection Set: 0.4ms
[192.277s][info][gc,phases      ] GC(1127)   Other: 0.4ms
[192.277s][info][gc,heap        ] GC(1127) Eden regions: 237->0(237)
[192.277s][info][gc,heap        ] GC(1127) Survivor regions: 5->5(31)
[192.277s][info][gc,heap        ] GC(1127) Old regions: 56->56
[192.277s][info][gc,heap        ] GC(1127) Humongous regions: 16->6
[192.277s][info][gc,metaspace   ] GC(1127) Metaspace: 72549K->72549K(1114112K)
[192.277s][info][gc             ] GC(1127) Pause Young (Normal) (G1 Evacuation Pause) 311M->64M(404M) 8.692ms
[192.277s][info][gc,cpu         ] GC(1127) User=0.01s Sys=0.00s Real=0.00s
[192.407s][info][gc,start       ] GC(1128) Pause Young (Normal) (G1 Evacuation Pause)
[192.407s][info][gc,task        ] GC(1128) Using 1 workers of 1 for evacuation
[192.414s][info][gc,phases      ] GC(1128)   Pre Evacuate Collection Set: 0.0ms
[192.414s][info][gc,phases      ] GC(1128)   Evacuate Collection Set: 6.5ms
[192.414s][info][gc,phases      ] GC(1128)   Post Evacuate Collection Set: 0.4ms
[192.414s][info][gc,phases      ] GC(1128)   Other: 0.3ms
[192.414s][info][gc,heap        ] GC(1128) Eden regions: 237->0(236)
[192.414s][info][gc,heap        ] GC(1128) Survivor regions: 5->6(31)
[192.414s][info][gc,heap        ] GC(1128) Old regions: 56->56
[192.414s][info][gc,heap        ] GC(1128) Humongous regions: 6->6
[192.414s][info][gc,metaspace   ] GC(1128) Metaspace: 72549K->72549K(1114112K)
[192.414s][info][gc             ] GC(1128) Pause Young (Normal) (G1 Evacuation Pause) 301M->65M(404M) 7.296ms
[192.414s][info][gc,cpu         ] GC(1128) User=0.01s Sys=0.00s Real=0.00s
[192.613s][info][gc,start       ] GC(1129) Pause Young (Normal) (G1 Evacuation Pause)
[192.613s][info][gc,task        ] GC(1129) Using 1 workers of 1 for evacuation
[192.631s][info][gc,phases      ] GC(1129)   Pre Evacuate Collection Set: 0.1ms
[192.631s][info][gc,phases      ] GC(1129)   Evacuate Collection Set: 15.8ms
[192.631s][info][gc,phases      ] GC(1129)   Post Evacuate Collection Set: 0.7ms
[192.631s][info][gc,phases      ] GC(1129)   Other: 0.8ms
[192.631s][info][gc,heap        ] GC(1129) Eden regions: 236->0(238)
[192.631s][info][gc,heap        ] GC(1129) Survivor regions: 6->4(31)
[192.631s][info][gc,heap        ] GC(1129) Old regions: 56->58
[192.631s][info][gc,heap        ] GC(1129) Humongous regions: 6->6
[192.631s][info][gc,metaspace   ] GC(1129) Metaspace: 72549K->72549K(1114112K)
[192.631s][info][gc             ] GC(1129) Pause Young (Normal) (G1 Evacuation Pause) 301M->64M(404M) 17.459ms
[192.631s][info][gc,cpu         ] GC(1129) User=0.02s Sys=0.00s Real=0.02s
[192.760s][info][gc,start       ] GC(1130) Pause Young (Normal) (G1 Evacuation Pause)
[192.760s][info][gc,task        ] GC(1130) Using 1 workers of 1 for evacuation
[192.766s][info][gc,phases      ] GC(1130)   Pre Evacuate Collection Set: 0.0ms
[192.766s][info][gc,phases      ] GC(1130)   Evacuate Collection Set: 5.2ms
[192.766s][info][gc,phases      ] GC(1130)   Post Evacuate Collection Set: 0.4ms
[192.766s][info][gc,phases      ] GC(1130)   Other: 0.8ms
[192.766s][info][gc,heap        ] GC(1130) Eden regions: 238->0(238)
[192.766s][info][gc,heap        ] GC(1130) Survivor regions: 4->4(31)
[192.766s][info][gc,heap        ] GC(1130) Old regions: 58->58
[192.766s][info][gc,heap        ] GC(1130) Humongous regions: 6->6
[192.766s][info][gc,metaspace   ] GC(1130) Metaspace: 72549K->72549K(1114112K)
[192.766s][info][gc             ] GC(1130) Pause Young (Normal) (G1 Evacuation Pause) 302M->65M(404M) 6.474ms
[192.766s][info][gc,cpu         ] GC(1130) User=0.01s Sys=0.00s Real=0.00s
[192.905s][info][gc,start       ] GC(1131) Pause Young (Normal) (G1 Evacuation Pause)
[192.905s][info][gc,task        ] GC(1131) Using 1 workers of 1 for evacuation
[192.917s][info][gc,phases      ] GC(1131)   Pre Evacuate Collection Set: 0.0ms
[192.917s][info][gc,phases      ] GC(1131)   Evacuate Collection Set: 10.1ms
[192.917s][info][gc,phases      ] GC(1131)   Post Evacuate Collection Set: 0.7ms
[192.917s][info][gc,phases      ] GC(1131)   Other: 0.4ms
[192.917s][info][gc,heap        ] GC(1131) Eden regions: 238->0(238)
[192.917s][info][gc,heap        ] GC(1131) Survivor regions: 4->4(31)
[192.917s][info][gc,heap        ] GC(1131) Old regions: 58->58
[192.917s][info][gc,heap        ] GC(1131) Humongous regions: 6->6
[192.917s][info][gc,metaspace   ] GC(1131) Metaspace: 72549K->72549K(1114112K)
[192.917s][info][gc             ] GC(1131) Pause Young (Normal) (G1 Evacuation Pause) 303M->65M(404M) 11.440ms
[192.917s][info][gc,cpu         ] GC(1131) User=0.01s Sys=0.00s Real=0.01s
[193.060s][info][gc,start       ] GC(1132) Pause Young (Normal) (G1 Evacuation Pause)
[193.061s][info][gc,task        ] GC(1132) Using 1 workers of 1 for evacuation
[193.076s][info][gc,phases      ] GC(1132)   Pre Evacuate Collection Set: 0.0ms
[193.076s][info][gc,phases      ] GC(1132)   Evacuate Collection Set: 9.5ms
[193.076s][info][gc,phases      ] GC(1132)   Post Evacuate Collection Set: 0.5ms
[193.076s][info][gc,phases      ] GC(1132)   Other: 5.9ms
[193.076s][info][gc,heap        ] GC(1132) Eden regions: 238->0(238)
[193.076s][info][gc,heap        ] GC(1132) Survivor regions: 4->4(31)
[193.076s][info][gc,heap        ] GC(1132) Old regions: 58->58
[193.076s][info][gc,heap        ] GC(1132) Humongous regions: 6->6
[193.076s][info][gc,metaspace   ] GC(1132) Metaspace: 72549K->72549K(1114112K)
[193.076s][info][gc             ] GC(1132) Pause Young (Normal) (G1 Evacuation Pause) 303M->65M(404M) 15.958ms
[193.076s][info][gc,cpu         ] GC(1132) User=0.00s Sys=0.00s Real=0.01s
[193.221s][info][gc,start       ] GC(1133) Pause Young (Normal) (G1 Evacuation Pause)
[193.222s][info][gc,task        ] GC(1133) Using 1 workers of 1 for evacuation
[193.227s][info][gc,phases      ] GC(1133)   Pre Evacuate Collection Set: 0.0ms
[193.227s][info][gc,phases      ] GC(1133)   Evacuate Collection Set: 4.8ms
[193.227s][info][gc,phases      ] GC(1133)   Post Evacuate Collection Set: 0.4ms
[193.227s][info][gc,phases      ] GC(1133)   Other: 0.4ms
[193.227s][info][gc,heap        ] GC(1133) Eden regions: 238->0(238)
[193.227s][info][gc,heap        ] GC(1133) Survivor regions: 4->4(31)
[193.227s][info][gc,heap        ] GC(1133) Old regions: 58->58
[193.227s][info][gc,heap        ] GC(1133) Humongous regions: 11->6
[193.227s][info][gc,metaspace   ] GC(1133) Metaspace: 72551K->72551K(1114112K)
[193.227s][info][gc             ] GC(1133) Pause Young (Normal) (G1 Evacuation Pause) 308M->65M(404M) 5.619ms
[193.227s][info][gc,cpu         ] GC(1133) User=0.01s Sys=0.00s Real=0.01s
[193.344s][info][gc,start       ] GC(1134) Pause Young (Normal) (G1 Evacuation Pause)
[193.344s][info][gc,task        ] GC(1134) Using 1 workers of 1 for evacuation
[193.350s][info][gc,phases      ] GC(1134)   Pre Evacuate Collection Set: 0.0ms
[193.350s][info][gc,phases      ] GC(1134)   Evacuate Collection Set: 4.8ms
[193.350s][info][gc,phases      ] GC(1134)   Post Evacuate Collection Set: 0.4ms
[193.350s][info][gc,phases      ] GC(1134)   Other: 0.3ms
[193.350s][info][gc,heap        ] GC(1134) Eden regions: 238->0(240)
[193.350s][info][gc,heap        ] GC(1134) Survivor regions: 4->2(31)
[193.350s][info][gc,heap        ] GC(1134) Old regions: 58->59
[193.350s][info][gc,heap        ] GC(1134) Humongous regions: 6->6
[193.350s][info][gc,metaspace   ] GC(1134) Metaspace: 72551K->72551K(1114112K)
[193.350s][info][gc             ] GC(1134) Pause Young (Normal) (G1 Evacuation Pause) 303M->64M(404M) 5.557ms
[193.350s][info][gc,cpu         ] GC(1134) User=0.01s Sys=0.00s Real=0.01s
[193.510s][info][gc,start       ] GC(1135) Pause Young (Normal) (G1 Evacuation Pause)
[193.510s][info][gc,task        ] GC(1135) Using 1 workers of 1 for evacuation
[193.515s][info][gc,phases      ] GC(1135)   Pre Evacuate Collection Set: 0.0ms
[193.515s][info][gc,phases      ] GC(1135)   Evacuate Collection Set: 3.9ms
[193.515s][info][gc,phases      ] GC(1135)   Post Evacuate Collection Set: 0.4ms
[193.515s][info][gc,phases      ] GC(1135)   Other: 0.3ms
[193.515s][info][gc,heap        ] GC(1135) Eden regions: 240->0(240)
[193.515s][info][gc,heap        ] GC(1135) Survivor regions: 2->2(31)
[193.515s][info][gc,heap        ] GC(1135) Old regions: 59->60
[193.515s][info][gc,heap        ] GC(1135) Humongous regions: 6->6
[193.515s][info][gc,metaspace   ] GC(1135) Metaspace: 72551K->72551K(1114112K)
[193.515s][info][gc             ] GC(1135) Pause Young (Normal) (G1 Evacuation Pause) 304M->64M(404M) 4.659ms
[193.515s][info][gc,cpu         ] GC(1135) User=0.00s Sys=0.00s Real=0.00s
[193.634s][info][gc,start       ] GC(1136) Pause Young (Normal) (G1 Evacuation Pause)
[193.635s][info][gc,task        ] GC(1136) Using 1 workers of 1 for evacuation
[193.639s][info][gc,phases      ] GC(1136)   Pre Evacuate Collection Set: 0.0ms
[193.639s][info][gc,phases      ] GC(1136)   Evacuate Collection Set: 3.7ms
[193.639s][info][gc,phases      ] GC(1136)   Post Evacuate Collection Set: 0.4ms
[193.639s][info][gc,phases      ] GC(1136)   Other: 0.4ms
[193.639s][info][gc,heap        ] GC(1136) Eden regions: 240->0(240)
[193.639s][info][gc,heap        ] GC(1136) Survivor regions: 2->2(31)
[193.639s][info][gc,heap        ] GC(1136) Old regions: 60->60
[193.639s][info][gc,heap        ] GC(1136) Humongous regions: 6->6
[193.639s][info][gc,metaspace   ] GC(1136) Metaspace: 72551K->72551K(1114112K)
[193.639s][info][gc             ] GC(1136) Pause Young (Normal) (G1 Evacuation Pause) 304M->64M(404M) 4.584ms
[193.639s][info][gc,cpu         ] GC(1136) User=0.01s Sys=0.00s Real=0.01s
[193.776s][info][gc,start       ] GC(1137) Pause Young (Normal) (G1 Evacuation Pause)
[193.776s][info][gc,task        ] GC(1137) Using 1 workers of 1 for evacuation
[193.780s][info][gc,phases      ] GC(1137)   Pre Evacuate Collection Set: 0.0ms
[193.781s][info][gc,phases      ] GC(1137)   Evacuate Collection Set: 3.9ms
[193.781s][info][gc,phases      ] GC(1137)   Post Evacuate Collection Set: 0.4ms
[193.781s][info][gc,phases      ] GC(1137)   Other: 0.3ms
[193.781s][info][gc,heap        ] GC(1137) Eden regions: 240->0(240)
[193.781s][info][gc,heap        ] GC(1137) Survivor regions: 2->2(31)
[193.781s][info][gc,heap        ] GC(1137) Old regions: 60->60
[193.781s][info][gc,heap        ] GC(1137) Humongous regions: 6->6
[193.781s][info][gc,metaspace   ] GC(1137) Metaspace: 72551K->72551K(1114112K)
[193.781s][info][gc             ] GC(1137) Pause Young (Normal) (G1 Evacuation Pause) 304M->64M(404M) 4.751ms
[193.781s][info][gc,cpu         ] GC(1137) User=0.01s Sys=0.00s Real=0.01s
[193.911s][info][gc,start       ] GC(1138) Pause Young (Normal) (G1 Evacuation Pause)
[193.912s][info][gc,task        ] GC(1138) Using 1 workers of 1 for evacuation
[193.916s][info][gc,phases      ] GC(1138)   Pre Evacuate Collection Set: 0.0ms
[193.916s][info][gc,phases      ] GC(1138)   Evacuate Collection Set: 3.9ms
[193.916s][info][gc,phases      ] GC(1138)   Post Evacuate Collection Set: 0.4ms
[193.916s][info][gc,phases      ] GC(1138)   Other: 0.3ms
[193.916s][info][gc,heap        ] GC(1138) Eden regions: 240->0(240)
[193.916s][info][gc,heap        ] GC(1138) Survivor regions: 2->2(31)
[193.916s][info][gc,heap        ] GC(1138) Old regions: 60->60
[193.916s][info][gc,heap        ] GC(1138) Humongous regions: 6->6
[193.916s][info][gc,metaspace   ] GC(1138) Metaspace: 72551K->72551K(1114112K)
[193.916s][info][gc             ] GC(1138) Pause Young (Normal) (G1 Evacuation Pause) 304M->65M(404M) 4.672ms
[193.916s][info][gc,cpu         ] GC(1138) User=0.00s Sys=0.00s Real=0.00s
[194.055s][info][gc,start       ] GC(1139) Pause Young (Normal) (G1 Evacuation Pause)
[194.055s][info][gc,task        ] GC(1139) Using 1 workers of 1 for evacuation
[194.060s][info][gc,phases      ] GC(1139)   Pre Evacuate Collection Set: 0.0ms
[194.060s][info][gc,phases      ] GC(1139)   Evacuate Collection Set: 4.0ms
[194.060s][info][gc,phases      ] GC(1139)   Post Evacuate Collection Set: 0.4ms
[194.060s][info][gc,phases      ] GC(1139)   Other: 0.4ms
[194.060s][info][gc,heap        ] GC(1139) Eden regions: 240->0(240)
[194.060s][info][gc,heap        ] GC(1139) Survivor regions: 2->2(31)
[194.060s][info][gc,heap        ] GC(1139) Old regions: 60->60
[194.060s][info][gc,heap        ] GC(1139) Humongous regions: 11->6
[194.060s][info][gc,metaspace   ] GC(1139) Metaspace: 72551K->72551K(1114112K)
[194.060s][info][gc             ] GC(1139) Pause Young (Normal) (G1 Evacuation Pause) 310M->65M(404M) 4.895ms
[194.060s][info][gc,cpu         ] GC(1139) User=0.01s Sys=0.00s Real=0.01s
[194.176s][info][gc,start       ] GC(1140) Pause Young (Normal) (G1 Evacuation Pause)
[194.177s][info][gc,task        ] GC(1140) Using 1 workers of 1 for evacuation
[194.181s][info][gc,phases      ] GC(1140)   Pre Evacuate Collection Set: 0.0ms
[194.181s][info][gc,phases      ] GC(1140)   Evacuate Collection Set: 3.8ms
[194.181s][info][gc,phases      ] GC(1140)   Post Evacuate Collection Set: 0.4ms
[194.181s][info][gc,phases      ] GC(1140)   Other: 0.3ms
[194.181s][info][gc,heap        ] GC(1140) Eden regions: 240->0(240)
[194.181s][info][gc,heap        ] GC(1140) Survivor regions: 2->2(31)
[194.181s][info][gc,heap        ] GC(1140) Old regions: 60->60
[194.181s][info][gc,heap        ] GC(1140) Humongous regions: 6->6
[194.181s][info][gc,metaspace   ] GC(1140) Metaspace: 72551K->72551K(1114112K)
[194.181s][info][gc             ] GC(1140) Pause Young (Normal) (G1 Evacuation Pause) 305M->65M(404M) 4.619ms
[194.181s][info][gc,cpu         ] GC(1140) User=0.01s Sys=0.00s Real=0.01s
[194.299s][info][gc,start       ] GC(1141) Pause Young (Normal) (G1 Evacuation Pause)
[194.299s][info][gc,task        ] GC(1141) Using 1 workers of 1 for evacuation
[194.303s][info][gc,phases      ] GC(1141)   Pre Evacuate Collection Set: 0.0ms
[194.303s][info][gc,phases      ] GC(1141)   Evacuate Collection Set: 3.7ms
[194.303s][info][gc,phases      ] GC(1141)   Post Evacuate Collection Set: 0.4ms
[194.303s][info][gc,phases      ] GC(1141)   Other: 0.3ms
[194.303s][info][gc,heap        ] GC(1141) Eden regions: 240->0(241)
[194.303s][info][gc,heap        ] GC(1141) Survivor regions: 2->1(31)
[194.303s][info][gc,heap        ] GC(1141) Old regions: 60->61
[194.303s][info][gc,heap        ] GC(1141) Humongous regions: 6->6
[194.303s][info][gc,metaspace   ] GC(1141) Metaspace: 72551K->72551K(1114112K)
[194.303s][info][gc             ] GC(1141) Pause Young (Normal) (G1 Evacuation Pause) 305M->65M(404M) 4.437ms
[194.303s][info][gc,cpu         ] GC(1141) User=0.00s Sys=0.00s Real=0.00s
[194.421s][info][gc,start       ] GC(1142) Pause Young (Normal) (G1 Evacuation Pause)
[194.421s][info][gc,task        ] GC(1142) Using 1 workers of 1 for evacuation
[194.425s][info][gc,phases      ] GC(1142)   Pre Evacuate Collection Set: 0.0ms
[194.425s][info][gc,phases      ] GC(1142)   Evacuate Collection Set: 3.3ms
[194.425s][info][gc,phases      ] GC(1142)   Post Evacuate Collection Set: 0.4ms
[194.425s][info][gc,phases      ] GC(1142)   Other: 0.3ms
[194.425s][info][gc,heap        ] GC(1142) Eden regions: 241->0(241)
[194.425s][info][gc,heap        ] GC(1142) Survivor regions: 1->1(31)
[194.425s][info][gc,heap        ] GC(1142) Old regions: 61->61
[194.425s][info][gc,heap        ] GC(1142) Humongous regions: 6->6
[194.425s][info][gc,metaspace   ] GC(1142) Metaspace: 72551K->72551K(1114112K)
[194.425s][info][gc             ] GC(1142) Pause Young (Normal) (G1 Evacuation Pause) 306M->65M(404M) 4.116ms
[194.425s][info][gc,cpu         ] GC(1142) User=0.00s Sys=0.00s Real=0.00s
[194.551s][info][gc,start       ] GC(1143) Pause Young (Normal) (G1 Evacuation Pause)
[194.551s][info][gc,task        ] GC(1143) Using 1 workers of 1 for evacuation
[194.554s][info][gc,phases      ] GC(1143)   Pre Evacuate Collection Set: 0.0ms
[194.554s][info][gc,phases      ] GC(1143)   Evacuate Collection Set: 2.6ms
[194.554s][info][gc,phases      ] GC(1143)   Post Evacuate Collection Set: 0.4ms
[194.554s][info][gc,phases      ] GC(1143)   Other: 0.4ms
[194.554s][info][gc,heap        ] GC(1143) Eden regions: 241->0(241)
[194.554s][info][gc,heap        ] GC(1143) Survivor regions: 1->1(31)
[194.554s][info][gc,heap        ] GC(1143) Old regions: 61->61
[194.554s][info][gc,heap        ] GC(1143) Humongous regions: 6->6
[194.554s][info][gc,metaspace   ] GC(1143) Metaspace: 72551K->72551K(1114112K)
[194.554s][info][gc             ] GC(1143) Pause Young (Normal) (G1 Evacuation Pause) 306M->65M(404M) 3.409ms
[194.554s][info][gc,cpu         ] GC(1143) User=0.00s Sys=0.00s Real=0.00s
[194.678s][info][gc,start       ] GC(1144) Pause Young (Normal) (G1 Evacuation Pause)
[194.678s][info][gc,task        ] GC(1144) Using 1 workers of 1 for evacuation
[194.681s][info][gc,phases      ] GC(1144)   Pre Evacuate Collection Set: 0.0ms
[194.681s][info][gc,phases      ] GC(1144)   Evacuate Collection Set: 2.5ms
[194.681s][info][gc,phases      ] GC(1144)   Post Evacuate Collection Set: 0.4ms
[194.681s][info][gc,phases      ] GC(1144)   Other: 0.3ms
[194.681s][info][gc,heap        ] GC(1144) Eden regions: 241->0(241)
[194.681s][info][gc,heap        ] GC(1144) Survivor regions: 1->1(31)
[194.681s][info][gc,heap        ] GC(1144) Old regions: 61->61
[194.681s][info][gc,heap        ] GC(1144) Humongous regions: 6->6
[194.681s][info][gc,metaspace   ] GC(1144) Metaspace: 72551K->72551K(1114112K)
[194.681s][info][gc             ] GC(1144) Pause Young (Normal) (G1 Evacuation Pause) 306M->65M(404M) 3.276ms
[194.681s][info][gc,cpu         ] GC(1144) User=0.01s Sys=0.00s Real=0.01s
[194.801s][info][gc,start       ] GC(1145) Pause Young (Normal) (G1 Evacuation Pause)
[194.801s][info][gc,task        ] GC(1145) Using 1 workers of 1 for evacuation
[194.804s][info][gc,phases      ] GC(1145)   Pre Evacuate Collection Set: 0.0ms
[194.804s][info][gc,phases      ] GC(1145)   Evacuate Collection Set: 2.6ms
[194.804s][info][gc,phases      ] GC(1145)   Post Evacuate Collection Set: 0.4ms
[194.804s][info][gc,phases      ] GC(1145)   Other: 0.3ms
[194.804s][info][gc,heap        ] GC(1145) Eden regions: 241->0(241)
[194.804s][info][gc,heap        ] GC(1145) Survivor regions: 1->1(31)
[194.804s][info][gc,heap        ] GC(1145) Old regions: 61->61
[194.804s][info][gc,heap        ] GC(1145) Humongous regions: 6->6
[194.804s][info][gc,metaspace   ] GC(1145) Metaspace: 72551K->72551K(1114112K)
[194.804s][info][gc             ] GC(1145) Pause Young (Normal) (G1 Evacuation Pause) 306M->65M(404M) 3.478ms
[194.804s][info][gc,cpu         ] GC(1145) User=0.00s Sys=0.00s Real=0.00s
[194.935s][info][gc,start       ] GC(1146) Pause Young (Normal) (G1 Evacuation Pause)
[194.935s][info][gc,task        ] GC(1146) Using 1 workers of 1 for evacuation
[194.938s][info][gc,phases      ] GC(1146)   Pre Evacuate Collection Set: 0.0ms
[194.938s][info][gc,phases      ] GC(1146)   Evacuate Collection Set: 2.7ms
[194.938s][info][gc,phases      ] GC(1146)   Post Evacuate Collection Set: 0.4ms
[194.938s][info][gc,phases      ] GC(1146)   Other: 0.3ms
[194.938s][info][gc,heap        ] GC(1146) Eden regions: 241->0(241)
[194.938s][info][gc,heap        ] GC(1146) Survivor regions: 1->1(31)
[194.938s][info][gc,heap        ] GC(1146) Old regions: 61->61
[194.938s][info][gc,heap        ] GC(1146) Humongous regions: 11->6
[194.938s][info][gc,metaspace   ] GC(1146) Metaspace: 72553K->72553K(1114112K)
[194.938s][info][gc             ] GC(1146) Pause Young (Normal) (G1 Evacuation Pause) 311M->64M(404M) 3.394ms
[194.938s][info][gc,cpu         ] GC(1146) User=0.00s Sys=0.00s Real=0.00s
[195.068s][info][gc,start       ] GC(1147) Pause Young (Normal) (G1 Evacuation Pause)
[195.068s][info][gc,task        ] GC(1147) Using 1 workers of 1 for evacuation
[195.071s][info][gc,phases      ] GC(1147)   Pre Evacuate Collection Set: 0.0ms
[195.072s][info][gc,phases      ] GC(1147)   Evacuate Collection Set: 2.7ms
[195.072s][info][gc,phases      ] GC(1147)   Post Evacuate Collection Set: 0.3ms
[195.072s][info][gc,phases      ] GC(1147)   Other: 0.4ms
[195.072s][info][gc,heap        ] GC(1147) Eden regions: 241->0(241)
[195.072s][info][gc,heap        ] GC(1147) Survivor regions: 1->1(31)
[195.072s][info][gc,heap        ] GC(1147) Old regions: 61->61
[195.072s][info][gc,heap        ] GC(1147) Humongous regions: 6->6
[195.072s][info][gc,metaspace   ] GC(1147) Metaspace: 72553K->72553K(1114112K)
[195.072s][info][gc             ] GC(1147) Pause Young (Normal) (G1 Evacuation Pause) 305M->65M(404M) 3.500ms
[195.072s][info][gc,cpu         ] GC(1147) User=0.00s Sys=0.00s Real=0.00s
[195.192s][info][gc,start       ] GC(1148) Pause Young (Normal) (G1 Evacuation Pause)
[195.192s][info][gc,task        ] GC(1148) Using 1 workers of 1 for evacuation
[195.196s][info][gc,phases      ] GC(1148)   Pre Evacuate Collection Set: 0.0ms
[195.196s][info][gc,phases      ] GC(1148)   Evacuate Collection Set: 2.6ms
[195.196s][info][gc,phases      ] GC(1148)   Post Evacuate Collection Set: 0.4ms
[195.196s][info][gc,phases      ] GC(1148)   Other: 0.3ms
[195.196s][info][gc,heap        ] GC(1148) Eden regions: 241->0(241)
[195.196s][info][gc,heap        ] GC(1148) Survivor regions: 1->1(31)
[195.196s][info][gc,heap        ] GC(1148) Old regions: 61->61
[195.196s][info][gc,heap        ] GC(1148) Humongous regions: 6->6
[195.196s][info][gc,metaspace   ] GC(1148) Metaspace: 72553K->72553K(1114112K)
[195.196s][info][gc             ] GC(1148) Pause Young (Normal) (G1 Evacuation Pause) 306M->65M(404M) 3.323ms
[195.196s][info][gc,cpu         ] GC(1148) User=0.01s Sys=0.00s Real=0.00s
[195.320s][info][gc,start       ] GC(1149) Pause Young (Normal) (G1 Evacuation Pause)
[195.321s][info][gc,task        ] GC(1149) Using 1 workers of 1 for evacuation
[195.324s][info][gc,phases      ] GC(1149)   Pre Evacuate Collection Set: 0.0ms
[195.324s][info][gc,phases      ] GC(1149)   Evacuate Collection Set: 2.7ms
[195.324s][info][gc,phases      ] GC(1149)   Post Evacuate Collection Set: 0.4ms
[195.324s][info][gc,phases      ] GC(1149)   Other: 0.4ms
[195.324s][info][gc,heap        ] GC(1149) Eden regions: 241->0(241)
[195.324s][info][gc,heap        ] GC(1149) Survivor regions: 1->1(31)
[195.324s][info][gc,heap        ] GC(1149) Old regions: 61->61
[195.324s][info][gc,heap        ] GC(1149) Humongous regions: 6->6
[195.324s][info][gc,metaspace   ] GC(1149) Metaspace: 72553K->72553K(1114112K)
[195.324s][info][gc             ] GC(1149) Pause Young (Normal) (G1 Evacuation Pause) 306M->65M(404M) 3.580ms
[195.324s][info][gc,cpu         ] GC(1149) User=0.01s Sys=0.00s Real=0.00s
[195.450s][info][gc,start       ] GC(1150) Pause Young (Normal) (G1 Evacuation Pause)
[195.450s][info][gc,task        ] GC(1150) Using 1 workers of 1 for evacuation
[195.453s][info][gc,phases      ] GC(1150)   Pre Evacuate Collection Set: 0.0ms
[195.453s][info][gc,phases      ] GC(1150)   Evacuate Collection Set: 2.6ms
[195.453s][info][gc,phases      ] GC(1150)   Post Evacuate Collection Set: 0.4ms
[195.453s][info][gc,phases      ] GC(1150)   Other: 0.3ms
[195.453s][info][gc,heap        ] GC(1150) Eden regions: 241->0(241)
[195.453s][info][gc,heap        ] GC(1150) Survivor regions: 1->1(31)
[195.453s][info][gc,heap        ] GC(1150) Old regions: 61->61
[195.453s][info][gc,heap        ] GC(1150) Humongous regions: 6->6
[195.453s][info][gc,metaspace   ] GC(1150) Metaspace: 72553K->72553K(1114112K)
[195.453s][info][gc             ] GC(1150) Pause Young (Normal) (G1 Evacuation Pause) 306M->65M(404M) 3.348ms
[195.453s][info][gc,cpu         ] GC(1150) User=0.00s Sys=0.00s Real=0.00s
[195.575s][info][gc,start       ] GC(1151) Pause Young (Normal) (G1 Evacuation Pause)
[195.575s][info][gc,task        ] GC(1151) Using 1 workers of 1 for evacuation
[195.578s][info][gc,phases      ] GC(1151)   Pre Evacuate Collection Set: 0.0ms
[195.578s][info][gc,phases      ] GC(1151)   Evacuate Collection Set: 2.8ms
[195.578s][info][gc,phases      ] GC(1151)   Post Evacuate Collection Set: 0.4ms
[195.578s][info][gc,phases      ] GC(1151)   Other: 0.3ms
[195.578s][info][gc,heap        ] GC(1151) Eden regions: 241->0(241)
[195.578s][info][gc,heap        ] GC(1151) Survivor regions: 1->1(31)
[195.578s][info][gc,heap        ] GC(1151) Old regions: 61->61
[195.578s][info][gc,heap        ] GC(1151) Humongous regions: 6->6
[195.578s][info][gc,metaspace   ] GC(1151) Metaspace: 72553K->72553K(1114112K)
[195.578s][info][gc             ] GC(1151) Pause Young (Normal) (G1 Evacuation Pause) 306M->65M(404M) 3.560ms
[195.578s][info][gc,cpu         ] GC(1151) User=0.00s Sys=0.00s Real=0.00s
[195.717s][info][gc,start       ] GC(1152) Pause Young (Normal) (G1 Evacuation Pause)
[195.717s][info][gc,task        ] GC(1152) Using 1 workers of 1 for evacuation
[195.721s][info][gc,phases      ] GC(1152)   Pre Evacuate Collection Set: 0.0ms
[195.721s][info][gc,phases      ] GC(1152)   Evacuate Collection Set: 2.9ms
[195.721s][info][gc,phases      ] GC(1152)   Post Evacuate Collection Set: 0.4ms
[195.721s][info][gc,phases      ] GC(1152)   Other: 0.3ms
[195.721s][info][gc,heap        ] GC(1152) Eden regions: 241->0(241)
[195.721s][info][gc,heap        ] GC(1152) Survivor regions: 1->1(31)
[195.721s][info][gc,heap        ] GC(1152) Old regions: 61->61
[195.721s][info][gc,heap        ] GC(1152) Humongous regions: 11->6
[195.721s][info][gc,metaspace   ] GC(1152) Metaspace: 72554K->72554K(1114112K)
[195.721s][info][gc             ] GC(1152) Pause Young (Normal) (G1 Evacuation Pause) 311M->65M(404M) 3.655ms
[195.721s][info][gc,cpu         ] GC(1152) User=0.00s Sys=0.00s Real=0.01s
[195.846s][info][gc,start       ] GC(1153) Pause Young (Normal) (G1 Evacuation Pause)
[195.846s][info][gc,task        ] GC(1153) Using 1 workers of 1 for evacuation
[195.850s][info][gc,phases      ] GC(1153)   Pre Evacuate Collection Set: 0.0ms
[195.850s][info][gc,phases      ] GC(1153)   Evacuate Collection Set: 3.5ms
[195.850s][info][gc,phases      ] GC(1153)   Post Evacuate Collection Set: 0.4ms
[195.850s][info][gc,phases      ] GC(1153)   Other: 0.4ms
[195.850s][info][gc,heap        ] GC(1153) Eden regions: 241->0(241)
[195.850s][info][gc,heap        ] GC(1153) Survivor regions: 1->1(31)
[195.850s][info][gc,heap        ] GC(1153) Old regions: 61->61
[195.850s][info][gc,heap        ] GC(1153) Humongous regions: 6->6
[195.850s][info][gc,metaspace   ] GC(1153) Metaspace: 72557K->72557K(1114112K)
[195.850s][info][gc             ] GC(1153) Pause Young (Normal) (G1 Evacuation Pause) 306M->65M(404M) 4.291ms
[195.850s][info][gc,cpu         ] GC(1153) User=0.01s Sys=0.00s Real=0.01s
[195.978s][info][gc,start       ] GC(1154) Pause Young (Normal) (G1 Evacuation Pause)
[195.978s][info][gc,task        ] GC(1154) Using 1 workers of 1 for evacuation
[195.982s][info][gc,phases      ] GC(1154)   Pre Evacuate Collection Set: 0.0ms
[195.982s][info][gc,phases      ] GC(1154)   Evacuate Collection Set: 3.2ms
[195.982s][info][gc,phases      ] GC(1154)   Post Evacuate Collection Set: 0.4ms
[195.982s][info][gc,phases      ] GC(1154)   Other: 0.5ms
[195.982s][info][gc,heap        ] GC(1154) Eden regions: 241->0(241)
[195.982s][info][gc,heap        ] GC(1154) Survivor regions: 1->1(31)
[195.982s][info][gc,heap        ] GC(1154) Old regions: 61->61
[195.982s][info][gc,heap        ] GC(1154) Humongous regions: 6->6
[195.982s][info][gc,metaspace   ] GC(1154) Metaspace: 72557K->72557K(1114112K)
[195.982s][info][gc             ] GC(1154) Pause Young (Normal) (G1 Evacuation Pause) 306M->65M(404M) 4.235ms
[195.982s][info][gc,cpu         ] GC(1154) User=0.01s Sys=0.00s Real=0.01s
[196.122s][info][gc,start       ] GC(1155) Pause Young (Normal) (G1 Evacuation Pause)
[196.123s][info][gc,task        ] GC(1155) Using 1 workers of 1 for evacuation
[196.126s][info][gc,phases      ] GC(1155)   Pre Evacuate Collection Set: 0.0ms
[196.126s][info][gc,phases      ] GC(1155)   Evacuate Collection Set: 2.8ms
[196.126s][info][gc,phases      ] GC(1155)   Post Evacuate Collection Set: 0.4ms
[196.126s][info][gc,phases      ] GC(1155)   Other: 0.4ms
[196.126s][info][gc,heap        ] GC(1155) Eden regions: 241->0(241)
[196.126s][info][gc,heap        ] GC(1155) Survivor regions: 1->1(31)
[196.126s][info][gc,heap        ] GC(1155) Old regions: 61->61
[196.126s][info][gc,heap        ] GC(1155) Humongous regions: 6->6
[196.126s][info][gc,metaspace   ] GC(1155) Metaspace: 72557K->72557K(1114112K)
[196.126s][info][gc             ] GC(1155) Pause Young (Normal) (G1 Evacuation Pause) 306M->65M(404M) 3.599ms
[196.126s][info][gc,cpu         ] GC(1155) User=0.00s Sys=0.00s Real=0.00s
[196.280s][info][gc,start       ] GC(1156) Pause Young (Normal) (G1 Evacuation Pause)
[196.280s][info][gc,task        ] GC(1156) Using 1 workers of 1 for evacuation
[196.284s][info][gc,phases      ] GC(1156)   Pre Evacuate Collection Set: 0.0ms
[196.284s][info][gc,phases      ] GC(1156)   Evacuate Collection Set: 2.7ms
[196.284s][info][gc,phases      ] GC(1156)   Post Evacuate Collection Set: 0.4ms
[196.284s][info][gc,phases      ] GC(1156)   Other: 0.3ms
[196.284s][info][gc,heap        ] GC(1156) Eden regions: 241->0(241)
[196.284s][info][gc,heap        ] GC(1156) Survivor regions: 1->1(31)
[196.284s][info][gc,heap        ] GC(1156) Old regions: 61->61
[196.284s][info][gc,heap        ] GC(1156) Humongous regions: 6->6
[196.284s][info][gc,metaspace   ] GC(1156) Metaspace: 72557K->72557K(1114112K)
[196.284s][info][gc             ] GC(1156) Pause Young (Normal) (G1 Evacuation Pause) 306M->65M(404M) 3.439ms
[196.284s][info][gc,cpu         ] GC(1156) User=0.00s Sys=0.00s Real=0.00s
[196.414s][info][gc,start       ] GC(1157) Pause Young (Normal) (G1 Evacuation Pause)
[196.414s][info][gc,task        ] GC(1157) Using 1 workers of 1 for evacuation
[196.417s][info][gc,phases      ] GC(1157)   Pre Evacuate Collection Set: 0.0ms
[196.417s][info][gc,phases      ] GC(1157)   Evacuate Collection Set: 2.7ms
[196.417s][info][gc,phases      ] GC(1157)   Post Evacuate Collection Set: 0.3ms
[196.417s][info][gc,phases      ] GC(1157)   Other: 0.3ms
[196.417s][info][gc,heap        ] GC(1157) Eden regions: 241->0(241)
[196.417s][info][gc,heap        ] GC(1157) Survivor regions: 1->1(31)
[196.417s][info][gc,heap        ] GC(1157) Old regions: 61->61
[196.417s][info][gc,heap        ] GC(1157) Humongous regions: 6->6
[196.417s][info][gc,metaspace   ] GC(1157) Metaspace: 72557K->72557K(1114112K)
[196.417s][info][gc             ] GC(1157) Pause Young (Normal) (G1 Evacuation Pause) 306M->65M(404M) 3.426ms
[196.417s][info][gc,cpu         ] GC(1157) User=0.00s Sys=0.00s Real=0.00s
[196.549s][info][gc,start       ] GC(1158) Pause Young (Normal) (G1 Evacuation Pause)
[196.550s][info][gc,task        ] GC(1158) Using 1 workers of 1 for evacuation
[196.553s][info][gc,phases      ] GC(1158)   Pre Evacuate Collection Set: 0.0ms
[196.553s][info][gc,phases      ] GC(1158)   Evacuate Collection Set: 2.6ms
[196.553s][info][gc,phases      ] GC(1158)   Post Evacuate Collection Set: 0.4ms
[196.553s][info][gc,phases      ] GC(1158)   Other: 0.4ms
[196.553s][info][gc,heap        ] GC(1158) Eden regions: 241->0(241)
[196.553s][info][gc,heap        ] GC(1158) Survivor regions: 1->1(31)
[196.553s][info][gc,heap        ] GC(1158) Old regions: 61->61
[196.553s][info][gc,heap        ] GC(1158) Humongous regions: 11->6
[196.553s][info][gc,metaspace   ] GC(1158) Metaspace: 72558K->72558K(1114112K)
[196.553s][info][gc             ] GC(1158) Pause Young (Normal) (G1 Evacuation Pause) 311M->65M(404M) 3.400ms
[196.553s][info][gc,cpu         ] GC(1158) User=0.00s Sys=0.00s Real=0.00s
[196.690s][info][gc,start       ] GC(1159) Pause Young (Normal) (G1 Evacuation Pause)
[196.690s][info][gc,task        ] GC(1159) Using 1 workers of 1 for evacuation
[196.697s][info][gc,phases      ] GC(1159)   Pre Evacuate Collection Set: 0.0ms
[196.697s][info][gc,phases      ] GC(1159)   Evacuate Collection Set: 5.9ms
[196.697s][info][gc,phases      ] GC(1159)   Post Evacuate Collection Set: 0.8ms
[196.697s][info][gc,phases      ] GC(1159)   Other: 0.4ms
[196.697s][info][gc,heap        ] GC(1159) Eden regions: 241->0(241)
[196.697s][info][gc,heap        ] GC(1159) Survivor regions: 1->1(31)
[196.697s][info][gc,heap        ] GC(1159) Old regions: 61->61
[196.697s][info][gc,heap        ] GC(1159) Humongous regions: 6->6
[196.697s][info][gc,metaspace   ] GC(1159) Metaspace: 72558K->72558K(1114112K)
[196.697s][info][gc             ] GC(1159) Pause Young (Normal) (G1 Evacuation Pause) 306M->65M(404M) 7.285ms
[196.697s][info][gc,cpu         ] GC(1159) User=0.01s Sys=0.00s Real=0.00s
[196.943s][info][gc,start       ] GC(1160) Pause Young (Normal) (G1 Evacuation Pause)
[196.943s][info][gc,task        ] GC(1160) Using 1 workers of 1 for evacuation
[196.947s][info][gc,phases      ] GC(1160)   Pre Evacuate Collection Set: 0.0ms
[196.947s][info][gc,phases      ] GC(1160)   Evacuate Collection Set: 2.8ms
[196.947s][info][gc,phases      ] GC(1160)   Post Evacuate Collection Set: 0.4ms
[196.947s][info][gc,phases      ] GC(1160)   Other: 0.5ms
[196.947s][info][gc,heap        ] GC(1160) Eden regions: 241->0(241)
[196.947s][info][gc,heap        ] GC(1160) Survivor regions: 1->1(31)
[196.947s][info][gc,heap        ] GC(1160) Old regions: 61->61
[196.947s][info][gc,heap        ] GC(1160) Humongous regions: 6->6
[196.947s][info][gc,metaspace   ] GC(1160) Metaspace: 72560K->72560K(1114112K)
[196.947s][info][gc             ] GC(1160) Pause Young (Normal) (G1 Evacuation Pause) 306M->65M(404M) 3.801ms
[196.947s][info][gc,cpu         ] GC(1160) User=0.01s Sys=0.00s Real=0.01s
[197.092s][info][gc,start       ] GC(1161) Pause Young (Normal) (G1 Evacuation Pause)
[197.092s][info][gc,task        ] GC(1161) Using 1 workers of 1 for evacuation
[197.095s][info][gc,phases      ] GC(1161)   Pre Evacuate Collection Set: 0.0ms
[197.095s][info][gc,phases      ] GC(1161)   Evacuate Collection Set: 2.7ms
[197.095s][info][gc,phases      ] GC(1161)   Post Evacuate Collection Set: 0.4ms
[197.095s][info][gc,phases      ] GC(1161)   Other: 0.3ms
[197.095s][info][gc,heap        ] GC(1161) Eden regions: 241->0(241)
[197.095s][info][gc,heap        ] GC(1161) Survivor regions: 1->1(31)
[197.095s][info][gc,heap        ] GC(1161) Old regions: 61->61
[197.095s][info][gc,heap        ] GC(1161) Humongous regions: 6->6
[197.096s][info][gc,metaspace   ] GC(1161) Metaspace: 72560K->72560K(1114112K)
[197.096s][info][gc             ] GC(1161) Pause Young (Normal) (G1 Evacuation Pause) 306M->65M(404M) 3.461ms
[197.096s][info][gc,cpu         ] GC(1161) User=0.00s Sys=0.00s Real=0.00s
[197.285s][info][gc,start       ] GC(1162) Pause Young (Normal) (G1 Evacuation Pause)
[197.285s][info][gc,task        ] GC(1162) Using 1 workers of 1 for evacuation
[197.289s][info][gc,phases      ] GC(1162)   Pre Evacuate Collection Set: 0.0ms
[197.289s][info][gc,phases      ] GC(1162)   Evacuate Collection Set: 2.9ms
[197.289s][info][gc,phases      ] GC(1162)   Post Evacuate Collection Set: 0.4ms
[197.289s][info][gc,phases      ] GC(1162)   Other: 0.4ms
[197.289s][info][gc,heap        ] GC(1162) Eden regions: 241->0(241)
[197.289s][info][gc,heap        ] GC(1162) Survivor regions: 1->1(31)
[197.289s][info][gc,heap        ] GC(1162) Old regions: 61->61
[197.289s][info][gc,heap        ] GC(1162) Humongous regions: 6->6
[197.289s][info][gc,metaspace   ] GC(1162) Metaspace: 72560K->72560K(1114112K)
[197.289s][info][gc             ] GC(1162) Pause Young (Normal) (G1 Evacuation Pause) 306M->65M(404M) 3.803ms
[197.289s][info][gc,cpu         ] GC(1162) User=0.01s Sys=0.00s Real=0.01s
[197.413s][info][gc,start       ] GC(1163) Pause Young (Normal) (G1 Evacuation Pause)
[197.413s][info][gc,task        ] GC(1163) Using 1 workers of 1 for evacuation
[197.417s][info][gc,phases      ] GC(1163)   Pre Evacuate Collection Set: 0.1ms
[197.417s][info][gc,phases      ] GC(1163)   Evacuate Collection Set: 2.7ms
[197.417s][info][gc,phases      ] GC(1163)   Post Evacuate Collection Set: 0.4ms
[197.417s][info][gc,phases      ] GC(1163)   Other: 0.3ms
[197.417s][info][gc,heap        ] GC(1163) Eden regions: 241->0(241)
[197.417s][info][gc,heap        ] GC(1163) Survivor regions: 1->1(31)
[197.417s][info][gc,heap        ] GC(1163) Old regions: 61->61
[197.417s][info][gc,heap        ] GC(1163) Humongous regions: 6->6
[197.417s][info][gc,metaspace   ] GC(1163) Metaspace: 72560K->72560K(1114112K)
[197.417s][info][gc             ] GC(1163) Pause Young (Normal) (G1 Evacuation Pause) 306M->65M(404M) 3.557ms
[197.417s][info][gc,cpu         ] GC(1163) User=0.00s Sys=0.00s Real=0.00s
[197.577s][info][gc,start       ] GC(1164) Pause Young (Normal) (G1 Evacuation Pause)
[197.577s][info][gc,task        ] GC(1164) Using 1 workers of 1 for evacuation
[197.580s][info][gc,phases      ] GC(1164)   Pre Evacuate Collection Set: 0.0ms
[197.580s][info][gc,phases      ] GC(1164)   Evacuate Collection Set: 2.8ms
[197.580s][info][gc,phases      ] GC(1164)   Post Evacuate Collection Set: 0.4ms
[197.580s][info][gc,phases      ] GC(1164)   Other: 0.3ms
[197.580s][info][gc,heap        ] GC(1164) Eden regions: 241->0(241)
[197.580s][info][gc,heap        ] GC(1164) Survivor regions: 1->1(31)
[197.580s][info][gc,heap        ] GC(1164) Old regions: 61->61
[197.580s][info][gc,heap        ] GC(1164) Humongous regions: 11->6
[197.580s][info][gc,metaspace   ] GC(1164) Metaspace: 72560K->72560K(1114112K)
[197.580s][info][gc             ] GC(1164) Pause Young (Normal) (G1 Evacuation Pause) 311M->65M(404M) 3.587ms
[197.580s][info][gc,cpu         ] GC(1164) User=0.01s Sys=0.00s Real=0.01s
[197.699s][info][gc,start       ] GC(1165) Pause Young (Normal) (G1 Evacuation Pause)
[197.699s][info][gc,task        ] GC(1165) Using 1 workers of 1 for evacuation
[197.702s][info][gc,phases      ] GC(1165)   Pre Evacuate Collection Set: 0.0ms
[197.702s][info][gc,phases      ] GC(1165)   Evacuate Collection Set: 2.7ms
[197.702s][info][gc,phases      ] GC(1165)   Post Evacuate Collection Set: 0.4ms
[197.702s][info][gc,phases      ] GC(1165)   Other: 0.4ms
[197.702s][info][gc,heap        ] GC(1165) Eden regions: 241->0(241)
[197.702s][info][gc,heap        ] GC(1165) Survivor regions: 1->1(31)
[197.702s][info][gc,heap        ] GC(1165) Old regions: 61->61
[197.702s][info][gc,heap        ] GC(1165) Humongous regions: 6->6
[197.702s][info][gc,metaspace   ] GC(1165) Metaspace: 72560K->72560K(1114112K)
[197.702s][info][gc             ] GC(1165) Pause Young (Normal) (G1 Evacuation Pause) 306M->65M(404M) 3.601ms
[197.702s][info][gc,cpu         ] GC(1165) User=0.00s Sys=0.00s Real=0.01s
[198.012s][info][gc,start       ] GC(1166) Pause Young (Normal) (G1 Evacuation Pause)
[198.012s][info][gc,task        ] GC(1166) Using 1 workers of 1 for evacuation
[198.015s][info][gc,phases      ] GC(1166)   Pre Evacuate Collection Set: 0.0ms
[198.015s][info][gc,phases      ] GC(1166)   Evacuate Collection Set: 3.0ms
[198.015s][info][gc,phases      ] GC(1166)   Post Evacuate Collection Set: 0.4ms
[198.015s][info][gc,phases      ] GC(1166)   Other: 0.4ms
[198.015s][info][gc,heap        ] GC(1166) Eden regions: 241->0(241)
[198.015s][info][gc,heap        ] GC(1166) Survivor regions: 1->1(31)
[198.015s][info][gc,heap        ] GC(1166) Old regions: 61->61
[198.015s][info][gc,heap        ] GC(1166) Humongous regions: 6->6
[198.015s][info][gc,metaspace   ] GC(1166) Metaspace: 72560K->72560K(1114112K)
[198.015s][info][gc             ] GC(1166) Pause Young (Normal) (G1 Evacuation Pause) 306M->65M(404M) 3.813ms
[198.015s][info][gc,cpu         ] GC(1166) User=0.00s Sys=0.00s Real=0.00s
[198.131s][info][gc,start       ] GC(1167) Pause Young (Normal) (G1 Evacuation Pause)
[198.131s][info][gc,task        ] GC(1167) Using 1 workers of 1 for evacuation
[198.135s][info][gc,phases      ] GC(1167)   Pre Evacuate Collection Set: 0.0ms
[198.135s][info][gc,phases      ] GC(1167)   Evacuate Collection Set: 2.8ms
[198.135s][info][gc,phases      ] GC(1167)   Post Evacuate Collection Set: 0.4ms
[198.135s][info][gc,phases      ] GC(1167)   Other: 0.3ms
[198.135s][info][gc,heap        ] GC(1167) Eden regions: 241->0(241)
[198.135s][info][gc,heap        ] GC(1167) Survivor regions: 1->1(31)
[198.135s][info][gc,heap        ] GC(1167) Old regions: 61->61
[198.135s][info][gc,heap        ] GC(1167) Humongous regions: 6->6
[198.135s][info][gc,metaspace   ] GC(1167) Metaspace: 72560K->72560K(1114112K)
[198.135s][info][gc             ] GC(1167) Pause Young (Normal) (G1 Evacuation Pause) 306M->65M(404M) 3.562ms
[198.135s][info][gc,cpu         ] GC(1167) User=0.00s Sys=0.00s Real=0.00s
[198.251s][info][gc,start       ] GC(1168) Pause Young (Normal) (G1 Evacuation Pause)
[198.251s][info][gc,task        ] GC(1168) Using 1 workers of 1 for evacuation
[198.255s][info][gc,phases      ] GC(1168)   Pre Evacuate Collection Set: 0.0ms
[198.255s][info][gc,phases      ] GC(1168)   Evacuate Collection Set: 2.8ms
[198.255s][info][gc,phases      ] GC(1168)   Post Evacuate Collection Set: 0.3ms
[198.255s][info][gc,phases      ] GC(1168)   Other: 0.7ms
[198.255s][info][gc,heap        ] GC(1168) Eden regions: 241->0(241)
[198.255s][info][gc,heap        ] GC(1168) Survivor regions: 1->1(31)
[198.255s][info][gc,heap        ] GC(1168) Old regions: 61->61
[198.255s][info][gc,heap        ] GC(1168) Humongous regions: 6->6
[198.255s][info][gc,metaspace   ] GC(1168) Metaspace: 72560K->72560K(1114112K)
[198.255s][info][gc             ] GC(1168) Pause Young (Normal) (G1 Evacuation Pause) 306M->65M(404M) 3.919ms
[198.255s][info][gc,cpu         ] GC(1168) User=0.00s Sys=0.00s Real=0.00s
[198.441s][info][gc,start       ] GC(1169) Pause Young (Normal) (G1 Evacuation Pause)
[198.442s][info][gc,task        ] GC(1169) Using 1 workers of 1 for evacuation
[198.447s][info][gc,phases      ] GC(1169)   Pre Evacuate Collection Set: 0.0ms
[198.447s][info][gc,phases      ] GC(1169)   Evacuate Collection Set: 4.4ms
[198.447s][info][gc,phases      ] GC(1169)   Post Evacuate Collection Set: 0.6ms
[198.447s][info][gc,phases      ] GC(1169)   Other: 0.8ms
[198.447s][info][gc,heap        ] GC(1169) Eden regions: 241->0(241)
[198.447s][info][gc,heap        ] GC(1169) Survivor regions: 1->1(31)
[198.447s][info][gc,heap        ] GC(1169) Old regions: 61->61
[198.447s][info][gc,heap        ] GC(1169) Humongous regions: 6->6
[198.447s][info][gc,metaspace   ] GC(1169) Metaspace: 72560K->72560K(1114112K)
[198.447s][info][gc             ] GC(1169) Pause Young (Normal) (G1 Evacuation Pause) 306M->65M(404M) 5.862ms
[198.447s][info][gc,cpu         ] GC(1169) User=0.01s Sys=0.00s Real=0.01s
[198.682s][info][gc,start       ] GC(1170) Pause Young (Normal) (G1 Evacuation Pause)
[198.682s][info][gc,task        ] GC(1170) Using 1 workers of 1 for evacuation
[198.686s][info][gc,phases      ] GC(1170)   Pre Evacuate Collection Set: 0.0ms
[198.686s][info][gc,phases      ] GC(1170)   Evacuate Collection Set: 3.0ms
[198.686s][info][gc,phases      ] GC(1170)   Post Evacuate Collection Set: 0.4ms
[198.686s][info][gc,phases      ] GC(1170)   Other: 0.4ms
[198.686s][info][gc,heap        ] GC(1170) Eden regions: 241->0(241)
[198.686s][info][gc,heap        ] GC(1170) Survivor regions: 1->1(31)
[198.686s][info][gc,heap        ] GC(1170) Old regions: 61->61
[198.686s][info][gc,heap        ] GC(1170) Humongous regions: 6->6
[198.686s][info][gc,metaspace   ] GC(1170) Metaspace: 72560K->72560K(1114112K)
[198.686s][info][gc             ] GC(1170) Pause Young (Normal) (G1 Evacuation Pause) 306M->65M(404M) 3.935ms
[198.686s][info][gc,cpu         ] GC(1170) User=0.00s Sys=0.00s Real=0.00s
[198.945s][info][gc,start       ] GC(1171) Pause Young (Normal) (G1 Evacuation Pause)
[198.945s][info][gc,task        ] GC(1171) Using 1 workers of 1 for evacuation
[198.949s][info][gc,phases      ] GC(1171)   Pre Evacuate Collection Set: 0.0ms
[198.949s][info][gc,phases      ] GC(1171)   Evacuate Collection Set: 3.1ms
[198.949s][info][gc,phases      ] GC(1171)   Post Evacuate Collection Set: 0.4ms
[198.949s][info][gc,phases      ] GC(1171)   Other: 0.4ms
[198.949s][info][gc,heap        ] GC(1171) Eden regions: 241->0(241)
[198.949s][info][gc,heap        ] GC(1171) Survivor regions: 1->1(31)
[198.949s][info][gc,heap        ] GC(1171) Old regions: 61->61
[198.949s][info][gc,heap        ] GC(1171) Humongous regions: 11->6
[198.949s][info][gc,metaspace   ] GC(1171) Metaspace: 72608K->72608K(1114112K)
[198.949s][info][gc             ] GC(1171) Pause Young (Normal) (G1 Evacuation Pause) 311M->65M(404M) 4.009ms
[198.949s][info][gc,cpu         ] GC(1171) User=0.01s Sys=0.00s Real=0.01s
[199.108s][info][gc,start       ] GC(1172) Pause Young (Normal) (G1 Evacuation Pause)
[199.108s][info][gc,task        ] GC(1172) Using 1 workers of 1 for evacuation
[199.115s][info][gc,phases      ] GC(1172)   Pre Evacuate Collection Set: 0.1ms
[199.115s][info][gc,phases      ] GC(1172)   Evacuate Collection Set: 5.7ms
[199.115s][info][gc,phases      ] GC(1172)   Post Evacuate Collection Set: 0.5ms
[199.115s][info][gc,phases      ] GC(1172)   Other: 0.6ms
[199.115s][info][gc,heap        ] GC(1172) Eden regions: 241->0(241)
[199.115s][info][gc,heap        ] GC(1172) Survivor regions: 1->1(31)
[199.115s][info][gc,heap        ] GC(1172) Old regions: 61->61
[199.115s][info][gc,heap        ] GC(1172) Humongous regions: 6->6
[199.115s][info][gc,metaspace   ] GC(1172) Metaspace: 72608K->72608K(1114112K)
[199.115s][info][gc             ] GC(1172) Pause Young (Normal) (G1 Evacuation Pause) 306M->65M(404M) 6.802ms
[199.115s][info][gc,cpu         ] GC(1172) User=0.00s Sys=0.00s Real=0.00s
[199.276s][info][gc,start       ] GC(1173) Pause Young (Normal) (G1 Evacuation Pause)
[199.276s][info][gc,task        ] GC(1173) Using 1 workers of 1 for evacuation
[199.280s][info][gc,phases      ] GC(1173)   Pre Evacuate Collection Set: 0.0ms
[199.280s][info][gc,phases      ] GC(1173)   Evacuate Collection Set: 3.2ms
[199.280s][info][gc,phases      ] GC(1173)   Post Evacuate Collection Set: 0.4ms
[199.280s][info][gc,phases      ] GC(1173)   Other: 0.5ms
[199.280s][info][gc,heap        ] GC(1173) Eden regions: 241->0(241)
[199.280s][info][gc,heap        ] GC(1173) Survivor regions: 1->1(31)
[199.280s][info][gc,heap        ] GC(1173) Old regions: 61->61
[199.280s][info][gc,heap        ] GC(1173) Humongous regions: 6->6
[199.280s][info][gc,metaspace   ] GC(1173) Metaspace: 72608K->72608K(1114112K)
[199.280s][info][gc             ] GC(1173) Pause Young (Normal) (G1 Evacuation Pause) 306M->65M(404M) 4.218ms
[199.280s][info][gc,cpu         ] GC(1173) User=0.01s Sys=0.00s Real=0.01s
[199.449s][info][gc,start       ] GC(1174) Pause Young (Normal) (G1 Evacuation Pause)
[199.449s][info][gc,task        ] GC(1174) Using 1 workers of 1 for evacuation
[199.453s][info][gc,phases      ] GC(1174)   Pre Evacuate Collection Set: 0.0ms
[199.453s][info][gc,phases      ] GC(1174)   Evacuate Collection Set: 3.0ms
[199.453s][info][gc,phases      ] GC(1174)   Post Evacuate Collection Set: 0.5ms
[199.453s][info][gc,phases      ] GC(1174)   Other: 0.3ms
[199.453s][info][gc,heap        ] GC(1174) Eden regions: 241->0(241)
[199.453s][info][gc,heap        ] GC(1174) Survivor regions: 1->1(31)
[199.453s][info][gc,heap        ] GC(1174) Old regions: 61->61
[199.453s][info][gc,heap        ] GC(1174) Humongous regions: 6->6
[199.453s][info][gc,metaspace   ] GC(1174) Metaspace: 72608K->72608K(1114112K)
[199.453s][info][gc             ] GC(1174) Pause Young (Normal) (G1 Evacuation Pause) 306M->65M(404M) 3.858ms
[199.453s][info][gc,cpu         ] GC(1174) User=0.00s Sys=0.00s Real=0.00s
[199.594s][info][gc,start       ] GC(1175) Pause Young (Normal) (G1 Evacuation Pause)
[199.594s][info][gc,task        ] GC(1175) Using 1 workers of 1 for evacuation
[199.598s][info][gc,phases      ] GC(1175)   Pre Evacuate Collection Set: 0.0ms
[199.598s][info][gc,phases      ] GC(1175)   Evacuate Collection Set: 3.2ms
[199.598s][info][gc,phases      ] GC(1175)   Post Evacuate Collection Set: 0.5ms
[199.598s][info][gc,phases      ] GC(1175)   Other: 0.4ms
[199.598s][info][gc,heap        ] GC(1175) Eden regions: 241->0(241)
[199.598s][info][gc,heap        ] GC(1175) Survivor regions: 1->1(31)
[199.598s][info][gc,heap        ] GC(1175) Old regions: 61->61
[199.598s][info][gc,heap        ] GC(1175) Humongous regions: 6->6
[199.598s][info][gc,metaspace   ] GC(1175) Metaspace: 72608K->72608K(1114112K)
[199.598s][info][gc             ] GC(1175) Pause Young (Normal) (G1 Evacuation Pause) 306M->65M(404M) 4.189ms
[199.598s][info][gc,cpu         ] GC(1175) User=0.00s Sys=0.00s Real=0.00s
[199.782s][info][gc,start       ] GC(1176) Pause Young (Normal) (G1 Evacuation Pause)
[199.782s][info][gc,task        ] GC(1176) Using 1 workers of 1 for evacuation
[199.786s][info][gc,phases      ] GC(1176)   Pre Evacuate Collection Set: 0.0ms
[199.786s][info][gc,phases      ] GC(1176)   Evacuate Collection Set: 3.1ms
[199.786s][info][gc,phases      ] GC(1176)   Post Evacuate Collection Set: 0.5ms
[199.786s][info][gc,phases      ] GC(1176)   Other: 0.4ms
[199.786s][info][gc,heap        ] GC(1176) Eden regions: 241->0(241)
[199.786s][info][gc,heap        ] GC(1176) Survivor regions: 1->1(31)
[199.786s][info][gc,heap        ] GC(1176) Old regions: 61->61
[199.786s][info][gc,heap        ] GC(1176) Humongous regions: 6->6
[199.786s][info][gc,metaspace   ] GC(1176) Metaspace: 72608K->72608K(1114112K)
[199.786s][info][gc             ] GC(1176) Pause Young (Normal) (G1 Evacuation Pause) 306M->65M(404M) 4.193ms
[199.786s][info][gc,cpu         ] GC(1176) User=0.00s Sys=0.00s Real=0.01s
[199.937s][info][gc,start       ] GC(1177) Pause Young (Normal) (G1 Evacuation Pause)
[199.937s][info][gc,task        ] GC(1177) Using 1 workers of 1 for evacuation
[199.941s][info][gc,phases      ] GC(1177)   Pre Evacuate Collection Set: 0.0ms
[199.941s][info][gc,phases      ] GC(1177)   Evacuate Collection Set: 2.9ms
[199.941s][info][gc,phases      ] GC(1177)   Post Evacuate Collection Set: 0.4ms
[199.941s][info][gc,phases      ] GC(1177)   Other: 0.4ms
[199.941s][info][gc,heap        ] GC(1177) Eden regions: 241->0(241)
[199.941s][info][gc,heap        ] GC(1177) Survivor regions: 1->1(31)
[199.941s][info][gc,heap        ] GC(1177) Old regions: 61->61
[199.941s][info][gc,heap        ] GC(1177) Humongous regions: 11->6
[199.941s][info][gc,metaspace   ] GC(1177) Metaspace: 72609K->72609K(1114112K)
[199.941s][info][gc             ] GC(1177) Pause Young (Normal) (G1 Evacuation Pause) 311M->65M(404M) 3.721ms
[199.941s][info][gc,cpu         ] GC(1177) User=0.01s Sys=0.00s Real=0.01s
[200.063s][info][gc,start       ] GC(1178) Pause Young (Normal) (G1 Evacuation Pause)
[200.064s][info][gc,task        ] GC(1178) Using 1 workers of 1 for evacuation
[200.067s][info][gc,phases      ] GC(1178)   Pre Evacuate Collection Set: 0.0ms
[200.067s][info][gc,phases      ] GC(1178)   Evacuate Collection Set: 2.8ms
[200.067s][info][gc,phases      ] GC(1178)   Post Evacuate Collection Set: 0.3ms
[200.067s][info][gc,phases      ] GC(1178)   Other: 0.4ms
[200.067s][info][gc,heap        ] GC(1178) Eden regions: 241->0(241)
[200.067s][info][gc,heap        ] GC(1178) Survivor regions: 1->1(31)
[200.067s][info][gc,heap        ] GC(1178) Old regions: 61->61
[200.067s][info][gc,heap        ] GC(1178) Humongous regions: 6->6
[200.067s][info][gc,metaspace   ] GC(1178) Metaspace: 72609K->72609K(1114112K)
[200.067s][info][gc             ] GC(1178) Pause Young (Normal) (G1 Evacuation Pause) 306M->65M(404M) 3.631ms
[200.067s][info][gc,cpu         ] GC(1178) User=0.00s Sys=0.00s Real=0.01s
[200.187s][info][gc,start       ] GC(1179) Pause Young (Normal) (G1 Evacuation Pause)
[200.187s][info][gc,task        ] GC(1179) Using 1 workers of 1 for evacuation
[200.190s][info][gc,phases      ] GC(1179)   Pre Evacuate Collection Set: 0.0ms
[200.190s][info][gc,phases      ] GC(1179)   Evacuate Collection Set: 2.7ms
[200.190s][info][gc,phases      ] GC(1179)   Post Evacuate Collection Set: 0.4ms
[200.190s][info][gc,phases      ] GC(1179)   Other: 0.3ms
[200.190s][info][gc,heap        ] GC(1179) Eden regions: 241->0(241)
[200.190s][info][gc,heap        ] GC(1179) Survivor regions: 1->1(31)
[200.190s][info][gc,heap        ] GC(1179) Old regions: 61->61
[200.190s][info][gc,heap        ] GC(1179) Humongous regions: 6->6
[200.190s][info][gc,metaspace   ] GC(1179) Metaspace: 72609K->72609K(1114112K)
[200.190s][info][gc             ] GC(1179) Pause Young (Normal) (G1 Evacuation Pause) 306M->65M(404M) 3.512ms
[200.190s][info][gc,cpu         ] GC(1179) User=0.01s Sys=0.00s Real=0.01s
[200.338s][info][gc,start       ] GC(1180) Pause Young (Normal) (G1 Evacuation Pause)
[200.339s][info][gc,task        ] GC(1180) Using 1 workers of 1 for evacuation
[200.343s][info][gc,phases      ] GC(1180)   Pre Evacuate Collection Set: 0.0ms
[200.343s][info][gc,phases      ] GC(1180)   Evacuate Collection Set: 3.5ms
[200.343s][info][gc,phases      ] GC(1180)   Post Evacuate Collection Set: 0.4ms
[200.343s][info][gc,phases      ] GC(1180)   Other: 0.3ms
[200.343s][info][gc,heap        ] GC(1180) Eden regions: 241->0(241)
[200.343s][info][gc,heap        ] GC(1180) Survivor regions: 1->1(31)
[200.343s][info][gc,heap        ] GC(1180) Old regions: 61->61
[200.343s][info][gc,heap        ] GC(1180) Humongous regions: 6->6
[200.343s][info][gc,metaspace   ] GC(1180) Metaspace: 72609K->72609K(1114112K)
[200.343s][info][gc             ] GC(1180) Pause Young (Normal) (G1 Evacuation Pause) 306M->65M(404M) 4.285ms
[200.343s][info][gc,cpu         ] GC(1180) User=0.01s Sys=0.00s Real=0.00s
[200.494s][info][gc,start       ] GC(1181) Pause Young (Normal) (G1 Evacuation Pause)
[200.494s][info][gc,task        ] GC(1181) Using 1 workers of 1 for evacuation
[200.498s][info][gc,phases      ] GC(1181)   Pre Evacuate Collection Set: 0.0ms
[200.498s][info][gc,phases      ] GC(1181)   Evacuate Collection Set: 3.3ms
[200.498s][info][gc,phases      ] GC(1181)   Post Evacuate Collection Set: 0.4ms
[200.498s][info][gc,phases      ] GC(1181)   Other: 0.5ms
[200.498s][info][gc,heap        ] GC(1181) Eden regions: 241->0(241)
[200.498s][info][gc,heap        ] GC(1181) Survivor regions: 1->1(31)
[200.498s][info][gc,heap        ] GC(1181) Old regions: 61->61
[200.498s][info][gc,heap        ] GC(1181) Humongous regions: 6->6
[200.498s][info][gc,metaspace   ] GC(1181) Metaspace: 72609K->72609K(1114112K)
[200.498s][info][gc             ] GC(1181) Pause Young (Normal) (G1 Evacuation Pause) 306M->65M(404M) 4.335ms
[200.498s][info][gc,cpu         ] GC(1181) User=0.00s Sys=0.00s Real=0.00s
[200.653s][info][gc,start       ] GC(1182) Pause Young (Normal) (G1 Evacuation Pause)
[200.653s][info][gc,task        ] GC(1182) Using 1 workers of 1 for evacuation
[200.657s][info][gc,phases      ] GC(1182)   Pre Evacuate Collection Set: 0.0ms
[200.657s][info][gc,phases      ] GC(1182)   Evacuate Collection Set: 3.1ms
[200.657s][info][gc,phases      ] GC(1182)   Post Evacuate Collection Set: 0.4ms
[200.657s][info][gc,phases      ] GC(1182)   Other: 0.4ms
[200.657s][info][gc,heap        ] GC(1182) Eden regions: 241->0(241)
[200.657s][info][gc,heap        ] GC(1182) Survivor regions: 1->1(31)
[200.657s][info][gc,heap        ] GC(1182) Old regions: 61->61
[200.657s][info][gc,heap        ] GC(1182) Humongous regions: 6->6
[200.657s][info][gc,metaspace   ] GC(1182) Metaspace: 72609K->72609K(1114112K)
[200.657s][info][gc             ] GC(1182) Pause Young (Normal) (G1 Evacuation Pause) 306M->65M(404M) 3.927ms
[200.657s][info][gc,cpu         ] GC(1182) User=0.00s Sys=0.00s Real=0.00s
[200.801s][info][gc,start       ] GC(1183) Pause Young (Normal) (G1 Evacuation Pause)
[200.801s][info][gc,task        ] GC(1183) Using 1 workers of 1 for evacuation
[200.804s][info][gc,phases      ] GC(1183)   Pre Evacuate Collection Set: 0.0ms
[200.804s][info][gc,phases      ] GC(1183)   Evacuate Collection Set: 2.6ms
[200.804s][info][gc,phases      ] GC(1183)   Post Evacuate Collection Set: 0.4ms
[200.804s][info][gc,phases      ] GC(1183)   Other: 0.4ms
[200.804s][info][gc,heap        ] GC(1183) Eden regions: 241->0(241)
[200.804s][info][gc,heap        ] GC(1183) Survivor regions: 1->1(31)
[200.804s][info][gc,heap        ] GC(1183) Old regions: 61->61
[200.804s][info][gc,heap        ] GC(1183) Humongous regions: 11->6
[200.804s][info][gc,metaspace   ] GC(1183) Metaspace: 72614K->72614K(1114112K)
[200.804s][info][gc             ] GC(1183) Pause Young (Normal) (G1 Evacuation Pause) 311M->65M(404M) 3.405ms
[200.804s][info][gc,cpu         ] GC(1183) User=0.01s Sys=0.00s Real=0.00s
[200.951s][info][gc,start       ] GC(1184) Pause Young (Normal) (G1 Evacuation Pause)
[200.951s][info][gc,task        ] GC(1184) Using 1 workers of 1 for evacuation
[200.954s][info][gc,phases      ] GC(1184)   Pre Evacuate Collection Set: 0.0ms
[200.954s][info][gc,phases      ] GC(1184)   Evacuate Collection Set: 2.6ms
[200.954s][info][gc,phases      ] GC(1184)   Post Evacuate Collection Set: 0.4ms
[200.954s][info][gc,phases      ] GC(1184)   Other: 0.4ms
[200.954s][info][gc,heap        ] GC(1184) Eden regions: 241->0(241)
[200.954s][info][gc,heap        ] GC(1184) Survivor regions: 1->1(31)
[200.954s][info][gc,heap        ] GC(1184) Old regions: 61->61
[200.954s][info][gc,heap        ] GC(1184) Humongous regions: 6->6
[200.954s][info][gc,metaspace   ] GC(1184) Metaspace: 72614K->72614K(1114112K)
[200.954s][info][gc             ] GC(1184) Pause Young (Normal) (G1 Evacuation Pause) 306M->65M(404M) 3.396ms
[200.954s][info][gc,cpu         ] GC(1184) User=0.00s Sys=0.01s Real=0.00s
[201.125s][info][gc,start       ] GC(1185) Pause Young (Normal) (G1 Evacuation Pause)
[201.125s][info][gc,task        ] GC(1185) Using 1 workers of 1 for evacuation
[201.129s][info][gc,phases      ] GC(1185)   Pre Evacuate Collection Set: 0.0ms
[201.129s][info][gc,phases      ] GC(1185)   Evacuate Collection Set: 3.1ms
[201.129s][info][gc,phases      ] GC(1185)   Post Evacuate Collection Set: 0.4ms
[201.129s][info][gc,phases      ] GC(1185)   Other: 0.4ms
[201.129s][info][gc,heap        ] GC(1185) Eden regions: 241->0(241)
[201.129s][info][gc,heap        ] GC(1185) Survivor regions: 1->1(31)
[201.129s][info][gc,heap        ] GC(1185) Old regions: 61->61
[201.129s][info][gc,heap        ] GC(1185) Humongous regions: 6->6
[201.129s][info][gc,metaspace   ] GC(1185) Metaspace: 72614K->72614K(1114112K)
[201.129s][info][gc             ] GC(1185) Pause Young (Normal) (G1 Evacuation Pause) 306M->65M(404M) 3.902ms
[201.129s][info][gc,cpu         ] GC(1185) User=0.01s Sys=0.00s Real=0.01s
[201.275s][info][gc,start       ] GC(1186) Pause Young (Normal) (G1 Evacuation Pause)
[201.276s][info][gc,task        ] GC(1186) Using 1 workers of 1 for evacuation
[201.280s][info][gc,phases      ] GC(1186)   Pre Evacuate Collection Set: 0.0ms
[201.280s][info][gc,phases      ] GC(1186)   Evacuate Collection Set: 3.8ms
[201.280s][info][gc,phases      ] GC(1186)   Post Evacuate Collection Set: 0.6ms
[201.280s][info][gc,phases      ] GC(1186)   Other: 0.5ms
[201.280s][info][gc,heap        ] GC(1186) Eden regions: 241->0(241)
[201.280s][info][gc,heap        ] GC(1186) Survivor regions: 1->1(31)
[201.280s][info][gc,heap        ] GC(1186) Old regions: 61->61
[201.280s][info][gc,heap        ] GC(1186) Humongous regions: 6->6
[201.280s][info][gc,metaspace   ] GC(1186) Metaspace: 72614K->72614K(1114112K)
[201.280s][info][gc             ] GC(1186) Pause Young (Normal) (G1 Evacuation Pause) 306M->65M(404M) 4.939ms
[201.280s][info][gc,cpu         ] GC(1186) User=0.01s Sys=0.00s Real=0.01s
[201.403s][info][gc,start       ] GC(1187) Pause Young (Normal) (G1 Evacuation Pause)
[201.403s][info][gc,task        ] GC(1187) Using 1 workers of 1 for evacuation
[201.406s][info][gc,phases      ] GC(1187)   Pre Evacuate Collection Set: 0.0ms
[201.406s][info][gc,phases      ] GC(1187)   Evacuate Collection Set: 2.6ms
[201.406s][info][gc,phases      ] GC(1187)   Post Evacuate Collection Set: 0.3ms
[201.406s][info][gc,phases      ] GC(1187)   Other: 0.4ms
[201.406s][info][gc,heap        ] GC(1187) Eden regions: 241->0(241)
[201.406s][info][gc,heap        ] GC(1187) Survivor regions: 1->1(31)
[201.406s][info][gc,heap        ] GC(1187) Old regions: 61->61
[201.406s][info][gc,heap        ] GC(1187) Humongous regions: 6->6
[201.406s][info][gc,metaspace   ] GC(1187) Metaspace: 72614K->72614K(1114112K)
[201.406s][info][gc             ] GC(1187) Pause Young (Normal) (G1 Evacuation Pause) 306M->65M(404M) 3.367ms
[201.406s][info][gc,cpu         ] GC(1187) User=0.00s Sys=0.00s Real=0.01s
[201.528s][info][gc,start       ] GC(1188) Pause Young (Normal) (G1 Evacuation Pause)
[201.528s][info][gc,task        ] GC(1188) Using 1 workers of 1 for evacuation
[201.531s][info][gc,phases      ] GC(1188)   Pre Evacuate Collection Set: 0.0ms
[201.531s][info][gc,phases      ] GC(1188)   Evacuate Collection Set: 2.8ms
[201.531s][info][gc,phases      ] GC(1188)   Post Evacuate Collection Set: 0.4ms
[201.531s][info][gc,phases      ] GC(1188)   Other: 0.3ms
[201.531s][info][gc,heap        ] GC(1188) Eden regions: 241->0(241)
[201.531s][info][gc,heap        ] GC(1188) Survivor regions: 1->1(31)
[201.531s][info][gc,heap        ] GC(1188) Old regions: 61->61
[201.531s][info][gc,heap        ] GC(1188) Humongous regions: 6->6
[201.531s][info][gc,metaspace   ] GC(1188) Metaspace: 72614K->72614K(1114112K)
[201.531s][info][gc             ] GC(1188) Pause Young (Normal) (G1 Evacuation Pause) 306M->65M(404M) 3.488ms
[201.531s][info][gc,cpu         ] GC(1188) User=0.00s Sys=0.00s Real=0.00s
[201.674s][info][gc,start       ] GC(1189) Pause Young (Normal) (G1 Evacuation Pause)
[201.674s][info][gc,task        ] GC(1189) Using 1 workers of 1 for evacuation
[201.679s][info][gc,phases      ] GC(1189)   Pre Evacuate Collection Set: 0.0ms
[201.679s][info][gc,phases      ] GC(1189)   Evacuate Collection Set: 4.0ms
[201.679s][info][gc,phases      ] GC(1189)   Post Evacuate Collection Set: 0.4ms
[201.679s][info][gc,phases      ] GC(1189)   Other: 0.4ms
[201.679s][info][gc,heap        ] GC(1189) Eden regions: 241->0(241)
[201.679s][info][gc,heap        ] GC(1189) Survivor regions: 1->1(31)
[201.679s][info][gc,heap        ] GC(1189) Old regions: 61->61
[201.679s][info][gc,heap        ] GC(1189) Humongous regions: 11->6
[201.679s][info][gc,metaspace   ] GC(1189) Metaspace: 72614K->72614K(1114112K)
[201.679s][info][gc             ] GC(1189) Pause Young (Normal) (G1 Evacuation Pause) 311M->65M(404M) 5.024ms
[201.679s][info][gc,cpu         ] GC(1189) User=0.01s Sys=0.00s Real=0.01s
[201.862s][info][gc,start       ] GC(1190) Pause Young (Normal) (G1 Evacuation Pause)
[201.862s][info][gc,task        ] GC(1190) Using 1 workers of 1 for evacuation
[201.866s][info][gc,phases      ] GC(1190)   Pre Evacuate Collection Set: 0.0ms
[201.866s][info][gc,phases      ] GC(1190)   Evacuate Collection Set: 3.4ms
[201.866s][info][gc,phases      ] GC(1190)   Post Evacuate Collection Set: 0.4ms
[201.866s][info][gc,phases      ] GC(1190)   Other: 0.4ms
[201.866s][info][gc,heap        ] GC(1190) Eden regions: 241->0(241)
[201.866s][info][gc,heap        ] GC(1190) Survivor regions: 1->1(31)
[201.866s][info][gc,heap        ] GC(1190) Old regions: 61->61
[201.866s][info][gc,heap        ] GC(1190) Humongous regions: 6->6
[201.866s][info][gc,metaspace   ] GC(1190) Metaspace: 72614K->72614K(1114112K)
[201.866s][info][gc             ] GC(1190) Pause Young (Normal) (G1 Evacuation Pause) 306M->65M(404M) 4.153ms
[201.866s][info][gc,cpu         ] GC(1190) User=0.00s Sys=0.00s Real=0.00s
[202.056s][info][gc,start       ] GC(1191) Pause Young (Normal) (G1 Evacuation Pause)
[202.057s][info][gc,task        ] GC(1191) Using 1 workers of 1 for evacuation
[202.065s][info][gc,phases      ] GC(1191)   Pre Evacuate Collection Set: 0.0ms
[202.065s][info][gc,phases      ] GC(1191)   Evacuate Collection Set: 7.4ms
[202.065s][info][gc,phases      ] GC(1191)   Post Evacuate Collection Set: 0.8ms
[202.065s][info][gc,phases      ] GC(1191)   Other: 0.6ms
[202.065s][info][gc,heap        ] GC(1191) Eden regions: 241->0(241)
[202.065s][info][gc,heap        ] GC(1191) Survivor regions: 1->1(31)
[202.065s][info][gc,heap        ] GC(1191) Old regions: 61->61
[202.065s][info][gc,heap        ] GC(1191) Humongous regions: 6->6
[202.065s][info][gc,metaspace   ] GC(1191) Metaspace: 72614K->72614K(1114112K)
[202.065s][info][gc             ] GC(1191) Pause Young (Normal) (G1 Evacuation Pause) 306M->65M(404M) 9.030ms
[202.066s][info][gc,cpu         ] GC(1191) User=0.01s Sys=0.00s Real=0.01s
[202.214s][info][gc,start       ] GC(1192) Pause Young (Normal) (G1 Evacuation Pause)
[202.214s][info][gc,task        ] GC(1192) Using 1 workers of 1 for evacuation
[202.218s][info][gc,phases      ] GC(1192)   Pre Evacuate Collection Set: 0.0ms
[202.218s][info][gc,phases      ] GC(1192)   Evacuate Collection Set: 3.5ms
[202.218s][info][gc,phases      ] GC(1192)   Post Evacuate Collection Set: 0.4ms
[202.218s][info][gc,phases      ] GC(1192)   Other: 0.4ms
[202.218s][info][gc,heap        ] GC(1192) Eden regions: 241->0(241)
[202.218s][info][gc,heap        ] GC(1192) Survivor regions: 1->1(31)
[202.218s][info][gc,heap        ] GC(1192) Old regions: 61->61
[202.218s][info][gc,heap        ] GC(1192) Humongous regions: 6->6
[202.218s][info][gc,metaspace   ] GC(1192) Metaspace: 72614K->72614K(1114112K)
[202.218s][info][gc             ] GC(1192) Pause Young (Normal) (G1 Evacuation Pause) 306M->65M(404M) 4.389ms
[202.218s][info][gc,cpu         ] GC(1192) User=0.00s Sys=0.00s Real=0.01s
[202.423s][info][gc,start       ] GC(1193) Pause Young (Normal) (G1 Evacuation Pause)
[202.424s][info][gc,task        ] GC(1193) Using 1 workers of 1 for evacuation
[202.427s][info][gc,phases      ] GC(1193)   Pre Evacuate Collection Set: 0.0ms
[202.427s][info][gc,phases      ] GC(1193)   Evacuate Collection Set: 2.8ms
[202.427s][info][gc,phases      ] GC(1193)   Post Evacuate Collection Set: 0.3ms
[202.427s][info][gc,phases      ] GC(1193)   Other: 0.4ms
[202.427s][info][gc,heap        ] GC(1193) Eden regions: 241->0(241)
[202.427s][info][gc,heap        ] GC(1193) Survivor regions: 1->1(31)
[202.427s][info][gc,heap        ] GC(1193) Old regions: 61->61
[202.427s][info][gc,heap        ] GC(1193) Humongous regions: 6->6
[202.427s][info][gc,metaspace   ] GC(1193) Metaspace: 72614K->72614K(1114112K)
[202.427s][info][gc             ] GC(1193) Pause Young (Normal) (G1 Evacuation Pause) 306M->65M(404M) 3.634ms
[202.427s][info][gc,cpu         ] GC(1193) User=0.00s Sys=0.00s Real=0.01s
[202.543s][info][gc,start       ] GC(1194) Pause Young (Normal) (G1 Evacuation Pause)
[202.543s][info][gc,task        ] GC(1194) Using 1 workers of 1 for evacuation
[202.546s][info][gc,phases      ] GC(1194)   Pre Evacuate Collection Set: 0.0ms
[202.546s][info][gc,phases      ] GC(1194)   Evacuate Collection Set: 2.7ms
[202.546s][info][gc,phases      ] GC(1194)   Post Evacuate Collection Set: 0.3ms
[202.546s][info][gc,phases      ] GC(1194)   Other: 0.3ms
[202.546s][info][gc,heap        ] GC(1194) Eden regions: 241->0(241)
[202.546s][info][gc,heap        ] GC(1194) Survivor regions: 1->1(31)
[202.546s][info][gc,heap        ] GC(1194) Old regions: 61->61
[202.546s][info][gc,heap        ] GC(1194) Humongous regions: 6->6
[202.546s][info][gc,metaspace   ] GC(1194) Metaspace: 72614K->72614K(1114112K)
[202.546s][info][gc             ] GC(1194) Pause Young (Normal) (G1 Evacuation Pause) 306M->65M(404M) 3.457ms
[202.546s][info][gc,cpu         ] GC(1194) User=0.00s Sys=0.00s Real=0.00s
[202.719s][info][gc,start       ] GC(1195) Pause Young (Normal) (G1 Evacuation Pause)
[202.719s][info][gc,task        ] GC(1195) Using 1 workers of 1 for evacuation
[202.723s][info][gc,phases      ] GC(1195)   Pre Evacuate Collection Set: 0.0ms
[202.723s][info][gc,phases      ] GC(1195)   Evacuate Collection Set: 2.9ms
[202.723s][info][gc,phases      ] GC(1195)   Post Evacuate Collection Set: 0.6ms
[202.723s][info][gc,phases      ] GC(1195)   Other: 0.3ms
[202.723s][info][gc,heap        ] GC(1195) Eden regions: 241->0(241)
[202.723s][info][gc,heap        ] GC(1195) Survivor regions: 1->1(31)
[202.723s][info][gc,heap        ] GC(1195) Old regions: 61->61
[202.723s][info][gc,heap        ] GC(1195) Humongous regions: 11->6
[202.723s][info][gc,metaspace   ] GC(1195) Metaspace: 72617K->72617K(1114112K)
[202.723s][info][gc             ] GC(1195) Pause Young (Normal) (G1 Evacuation Pause) 311M->65M(404M) 3.854ms
[202.723s][info][gc,cpu         ] GC(1195) User=0.00s Sys=0.00s Real=0.00s
[202.915s][info][gc,start       ] GC(1196) Pause Young (Normal) (G1 Evacuation Pause)
[202.915s][info][gc,task        ] GC(1196) Using 1 workers of 1 for evacuation
[202.920s][info][gc,phases      ] GC(1196)   Pre Evacuate Collection Set: 0.0ms
[202.920s][info][gc,phases      ] GC(1196)   Evacuate Collection Set: 4.3ms
[202.920s][info][gc,phases      ] GC(1196)   Post Evacuate Collection Set: 0.4ms
[202.920s][info][gc,phases      ] GC(1196)   Other: 0.4ms
[202.920s][info][gc,heap        ] GC(1196) Eden regions: 241->0(241)
[202.920s][info][gc,heap        ] GC(1196) Survivor regions: 1->1(31)
[202.920s][info][gc,heap        ] GC(1196) Old regions: 61->61
[202.920s][info][gc,heap        ] GC(1196) Humongous regions: 6->6
[202.920s][info][gc,metaspace   ] GC(1196) Metaspace: 72617K->72617K(1114112K)
[202.920s][info][gc             ] GC(1196) Pause Young (Normal) (G1 Evacuation Pause) 306M->65M(404M) 5.207ms
[202.920s][info][gc,cpu         ] GC(1196) User=0.00s Sys=0.00s Real=0.01s
[203.042s][info][gc,start       ] GC(1197) Pause Young (Normal) (G1 Evacuation Pause)
[203.042s][info][gc,task        ] GC(1197) Using 1 workers of 1 for evacuation
[203.045s][info][gc,phases      ] GC(1197)   Pre Evacuate Collection Set: 0.0ms
[203.045s][info][gc,phases      ] GC(1197)   Evacuate Collection Set: 2.6ms
[203.045s][info][gc,phases      ] GC(1197)   Post Evacuate Collection Set: 0.4ms
[203.045s][info][gc,phases      ] GC(1197)   Other: 0.4ms
[203.045s][info][gc,heap        ] GC(1197) Eden regions: 241->0(241)
[203.045s][info][gc,heap        ] GC(1197) Survivor regions: 1->1(31)
[203.045s][info][gc,heap        ] GC(1197) Old regions: 61->61
[203.045s][info][gc,heap        ] GC(1197) Humongous regions: 6->6
[203.045s][info][gc,metaspace   ] GC(1197) Metaspace: 72617K->72617K(1114112K)
[203.045s][info][gc             ] GC(1197) Pause Young (Normal) (G1 Evacuation Pause) 306M->65M(404M) 3.397ms
[203.045s][info][gc,cpu         ] GC(1197) User=0.01s Sys=0.00s Real=0.00s
[203.177s][info][gc,start       ] GC(1198) Pause Young (Normal) (G1 Evacuation Pause)
[203.177s][info][gc,task        ] GC(1198) Using 1 workers of 1 for evacuation
[203.183s][info][gc,phases      ] GC(1198)   Pre Evacuate Collection Set: 0.0ms
[203.183s][info][gc,phases      ] GC(1198)   Evacuate Collection Set: 5.0ms
[203.183s][info][gc,phases      ] GC(1198)   Post Evacuate Collection Set: 0.8ms
[203.183s][info][gc,phases      ] GC(1198)   Other: 0.4ms
[203.183s][info][gc,heap        ] GC(1198) Eden regions: 241->0(241)
[203.183s][info][gc,heap        ] GC(1198) Survivor regions: 1->1(31)
[203.183s][info][gc,heap        ] GC(1198) Old regions: 61->61
[203.183s][info][gc,heap        ] GC(1198) Humongous regions: 6->6
[203.183s][info][gc,metaspace   ] GC(1198) Metaspace: 72617K->72617K(1114112K)
[203.183s][info][gc             ] GC(1198) Pause Young (Normal) (G1 Evacuation Pause) 306M->65M(404M) 6.352ms
[203.183s][info][gc,cpu         ] GC(1198) User=0.00s Sys=0.00s Real=0.01s
[203.342s][info][gc,start       ] GC(1199) Pause Young (Normal) (G1 Evacuation Pause)
[203.343s][info][gc,task        ] GC(1199) Using 1 workers of 1 for evacuation
[203.349s][info][gc,phases      ] GC(1199)   Pre Evacuate Collection Set: 0.1ms
[203.349s][info][gc,phases      ] GC(1199)   Evacuate Collection Set: 5.1ms
[203.349s][info][gc,phases      ] GC(1199)   Post Evacuate Collection Set: 0.8ms
[203.349s][info][gc,phases      ] GC(1199)   Other: 1.2ms
[203.349s][info][gc,heap        ] GC(1199) Eden regions: 241->0(241)
[203.349s][info][gc,heap        ] GC(1199) Survivor regions: 1->1(31)
[203.349s][info][gc,heap        ] GC(1199) Old regions: 61->61
[203.349s][info][gc,heap        ] GC(1199) Humongous regions: 6->6
[203.349s][info][gc,metaspace   ] GC(1199) Metaspace: 72617K->72617K(1114112K)
[203.349s][info][gc             ] GC(1199) Pause Young (Normal) (G1 Evacuation Pause) 306M->65M(404M) 7.152ms
[203.350s][info][gc,cpu         ] GC(1199) User=0.01s Sys=0.00s Real=0.01s
[203.524s][info][gc,start       ] GC(1200) Pause Young (Normal) (G1 Evacuation Pause)
[203.524s][info][gc,task        ] GC(1200) Using 1 workers of 1 for evacuation
[203.529s][info][gc,phases      ] GC(1200)   Pre Evacuate Collection Set: 0.0ms
[203.529s][info][gc,phases      ] GC(1200)   Evacuate Collection Set: 4.9ms
[203.529s][info][gc,phases      ] GC(1200)   Post Evacuate Collection Set: 0.4ms
[203.529s][info][gc,phases      ] GC(1200)   Other: 0.5ms
[203.529s][info][gc,heap        ] GC(1200) Eden regions: 241->0(241)
[203.529s][info][gc,heap        ] GC(1200) Survivor regions: 1->1(31)
[203.529s][info][gc,heap        ] GC(1200) Old regions: 61->61
[203.529s][info][gc,heap        ] GC(1200) Humongous regions: 6->6
[203.529s][info][gc,metaspace   ] GC(1200) Metaspace: 72617K->72617K(1114112K)
[203.529s][info][gc             ] GC(1200) Pause Young (Normal) (G1 Evacuation Pause) 306M->65M(404M) 5.778ms
[203.529s][info][gc,cpu         ] GC(1200) User=0.01s Sys=0.00s Real=0.01s
[203.679s][info][gc,start       ] GC(1201) Pause Young (Normal) (G1 Evacuation Pause)
[203.680s][info][gc,task        ] GC(1201) Using 1 workers of 1 for evacuation
[203.684s][info][gc,phases      ] GC(1201)   Pre Evacuate Collection Set: 0.0ms
[203.684s][info][gc,phases      ] GC(1201)   Evacuate Collection Set: 3.3ms
[203.684s][info][gc,phases      ] GC(1201)   Post Evacuate Collection Set: 0.4ms
[203.684s][info][gc,phases      ] GC(1201)   Other: 0.5ms
[203.684s][info][gc,heap        ] GC(1201) Eden regions: 241->0(241)
[203.684s][info][gc,heap        ] GC(1201) Survivor regions: 1->1(31)
[203.684s][info][gc,heap        ] GC(1201) Old regions: 61->61
[203.684s][info][gc,heap        ] GC(1201) Humongous regions: 6->6
[203.684s][info][gc,metaspace   ] GC(1201) Metaspace: 72617K->72617K(1114112K)
[203.684s][info][gc             ] GC(1201) Pause Young (Normal) (G1 Evacuation Pause) 306M->65M(404M) 4.223ms
[203.684s][info][gc,cpu         ] GC(1201) User=0.00s Sys=0.00s Real=0.00s
[203.860s][info][gc,start       ] GC(1202) Pause Young (Normal) (G1 Evacuation Pause)
[203.860s][info][gc,task        ] GC(1202) Using 1 workers of 1 for evacuation
[203.863s][info][gc,phases      ] GC(1202)   Pre Evacuate Collection Set: 0.0ms
[203.863s][info][gc,phases      ] GC(1202)   Evacuate Collection Set: 3.0ms
[203.863s][info][gc,phases      ] GC(1202)   Post Evacuate Collection Set: 0.4ms
[203.863s][info][gc,phases      ] GC(1202)   Other: 0.3ms
[203.863s][info][gc,heap        ] GC(1202) Eden regions: 241->0(241)
[203.863s][info][gc,heap        ] GC(1202) Survivor regions: 1->1(31)
[203.863s][info][gc,heap        ] GC(1202) Old regions: 61->61
[203.863s][info][gc,heap        ] GC(1202) Humongous regions: 11->6
[203.863s][info][gc,metaspace   ] GC(1202) Metaspace: 72619K->72619K(1114112K)
[203.863s][info][gc             ] GC(1202) Pause Young (Normal) (G1 Evacuation Pause) 311M->65M(404M) 3.756ms
[203.864s][info][gc,cpu         ] GC(1202) User=0.00s Sys=0.00s Real=0.00s
[204.038s][info][gc,start       ] GC(1203) Pause Young (Normal) (G1 Evacuation Pause)
[204.038s][info][gc,task        ] GC(1203) Using 1 workers of 1 for evacuation
[204.042s][info][gc,phases      ] GC(1203)   Pre Evacuate Collection Set: 0.0ms
[204.042s][info][gc,phases      ] GC(1203)   Evacuate Collection Set: 2.9ms
[204.042s][info][gc,phases      ] GC(1203)   Post Evacuate Collection Set: 0.3ms
[204.042s][info][gc,phases      ] GC(1203)   Other: 0.5ms
[204.042s][info][gc,heap        ] GC(1203) Eden regions: 241->0(241)
[204.042s][info][gc,heap        ] GC(1203) Survivor regions: 1->1(31)
[204.042s][info][gc,heap        ] GC(1203) Old regions: 61->61
[204.042s][info][gc,heap        ] GC(1203) Humongous regions: 6->6
[204.042s][info][gc,metaspace   ] GC(1203) Metaspace: 72619K->72619K(1114112K)
[204.042s][info][gc             ] GC(1203) Pause Young (Normal) (G1 Evacuation Pause) 306M->65M(404M) 3.772ms
[204.042s][info][gc,cpu         ] GC(1203) User=0.00s Sys=0.00s Real=0.01s
[204.159s][info][gc,start       ] GC(1204) Pause Young (Normal) (G1 Evacuation Pause)
[204.159s][info][gc,task        ] GC(1204) Using 1 workers of 1 for evacuation
[204.163s][info][gc,phases      ] GC(1204)   Pre Evacuate Collection Set: 0.0ms
[204.163s][info][gc,phases      ] GC(1204)   Evacuate Collection Set: 3.0ms
[204.163s][info][gc,phases      ] GC(1204)   Post Evacuate Collection Set: 0.4ms
[204.163s][info][gc,phases      ] GC(1204)   Other: 0.3ms
[204.163s][info][gc,heap        ] GC(1204) Eden regions: 241->0(241)
[204.163s][info][gc,heap        ] GC(1204) Survivor regions: 1->1(31)
[204.163s][info][gc,heap        ] GC(1204) Old regions: 61->61
[204.163s][info][gc,heap        ] GC(1204) Humongous regions: 6->6
[204.163s][info][gc,metaspace   ] GC(1204) Metaspace: 72619K->72619K(1114112K)
[204.163s][info][gc             ] GC(1204) Pause Young (Normal) (G1 Evacuation Pause) 306M->65M(404M) 3.807ms
[204.163s][info][gc,cpu         ] GC(1204) User=0.00s Sys=0.00s Real=0.00s
[204.335s][info][gc,start       ] GC(1205) Pause Young (Normal) (G1 Evacuation Pause)
[204.335s][info][gc,task        ] GC(1205) Using 1 workers of 1 for evacuation
[204.339s][info][gc,phases      ] GC(1205)   Pre Evacuate Collection Set: 0.0ms
[204.339s][info][gc,phases      ] GC(1205)   Evacuate Collection Set: 2.9ms
[204.339s][info][gc,phases      ] GC(1205)   Post Evacuate Collection Set: 0.4ms
[204.339s][info][gc,phases      ] GC(1205)   Other: 0.4ms
[204.339s][info][gc,heap        ] GC(1205) Eden regions: 241->0(241)
[204.339s][info][gc,heap        ] GC(1205) Survivor regions: 1->1(31)
[204.339s][info][gc,heap        ] GC(1205) Old regions: 61->61
[204.339s][info][gc,heap        ] GC(1205) Humongous regions: 6->6
[204.339s][info][gc,metaspace   ] GC(1205) Metaspace: 72619K->72619K(1114112K)
[204.339s][info][gc             ] GC(1205) Pause Young (Normal) (G1 Evacuation Pause) 306M->65M(404M) 3.759ms
[204.339s][info][gc,cpu         ] GC(1205) User=0.01s Sys=0.00s Real=0.01s
[204.502s][info][gc,start       ] GC(1206) Pause Young (Normal) (G1 Evacuation Pause)
[204.503s][info][gc,task        ] GC(1206) Using 1 workers of 1 for evacuation
[204.506s][info][gc,phases      ] GC(1206)   Pre Evacuate Collection Set: 0.0ms
[204.506s][info][gc,phases      ] GC(1206)   Evacuate Collection Set: 2.7ms
[204.506s][info][gc,phases      ] GC(1206)   Post Evacuate Collection Set: 0.4ms
[204.506s][info][gc,phases      ] GC(1206)   Other: 0.4ms
[204.506s][info][gc,heap        ] GC(1206) Eden regions: 241->0(241)
[204.506s][info][gc,heap        ] GC(1206) Survivor regions: 1->1(31)
[204.506s][info][gc,heap        ] GC(1206) Old regions: 61->61
[204.506s][info][gc,heap        ] GC(1206) Humongous regions: 6->6
[204.506s][info][gc,metaspace   ] GC(1206) Metaspace: 72619K->72619K(1114112K)
[204.506s][info][gc             ] GC(1206) Pause Young (Normal) (G1 Evacuation Pause) 306M->65M(404M) 3.543ms
[204.506s][info][gc,cpu         ] GC(1206) User=0.00s Sys=0.00s Real=0.00s
[204.630s][info][gc,start       ] GC(1207) Pause Young (Normal) (G1 Evacuation Pause)
[204.630s][info][gc,task        ] GC(1207) Using 1 workers of 1 for evacuation
[204.634s][info][gc,phases      ] GC(1207)   Pre Evacuate Collection Set: 0.0ms
[204.634s][info][gc,phases      ] GC(1207)   Evacuate Collection Set: 2.7ms
[204.634s][info][gc,phases      ] GC(1207)   Post Evacuate Collection Set: 0.4ms
[204.634s][info][gc,phases      ] GC(1207)   Other: 0.4ms
[204.634s][info][gc,heap        ] GC(1207) Eden regions: 241->0(241)
[204.634s][info][gc,heap        ] GC(1207) Survivor regions: 1->1(31)
[204.634s][info][gc,heap        ] GC(1207) Old regions: 61->61
[204.634s][info][gc,heap        ] GC(1207) Humongous regions: 6->6
[204.634s][info][gc,metaspace   ] GC(1207) Metaspace: 72619K->72619K(1114112K)
[204.634s][info][gc             ] GC(1207) Pause Young (Normal) (G1 Evacuation Pause) 306M->65M(404M) 3.433ms
[204.634s][info][gc,cpu         ] GC(1207) User=0.00s Sys=0.00s Real=0.00s
[204.765s][info][gc,start       ] GC(1208) Pause Young (Normal) (G1 Evacuation Pause)
[204.765s][info][gc,task        ] GC(1208) Using 1 workers of 1 for evacuation
[204.768s][info][gc,phases      ] GC(1208)   Pre Evacuate Collection Set: 0.0ms
[204.768s][info][gc,phases      ] GC(1208)   Evacuate Collection Set: 2.7ms
[204.768s][info][gc,phases      ] GC(1208)   Post Evacuate Collection Set: 0.3ms
[204.768s][info][gc,phases      ] GC(1208)   Other: 0.3ms
[204.768s][info][gc,heap        ] GC(1208) Eden regions: 241->0(241)
[204.768s][info][gc,heap        ] GC(1208) Survivor regions: 1->1(31)
[204.768s][info][gc,heap        ] GC(1208) Old regions: 61->61
[204.768s][info][gc,heap        ] GC(1208) Humongous regions: 11->6
[204.768s][info][gc,metaspace   ] GC(1208) Metaspace: 72619K->72619K(1114112K)
[204.768s][info][gc             ] GC(1208) Pause Young (Normal) (G1 Evacuation Pause) 311M->65M(404M) 3.424ms
[204.768s][info][gc,cpu         ] GC(1208) User=0.01s Sys=0.00s Real=0.01s
[204.993s][info][gc,start       ] GC(1209) Pause Young (Normal) (G1 Evacuation Pause)
[204.993s][info][gc,task        ] GC(1209) Using 1 workers of 1 for evacuation
[205.000s][info][gc,phases      ] GC(1209)   Pre Evacuate Collection Set: 0.1ms
[205.000s][info][gc,phases      ] GC(1209)   Evacuate Collection Set: 5.8ms
[205.000s][info][gc,phases      ] GC(1209)   Post Evacuate Collection Set: 0.7ms
[205.000s][info][gc,phases      ] GC(1209)   Other: 0.8ms
[205.000s][info][gc,heap        ] GC(1209) Eden regions: 241->0(241)
[205.000s][info][gc,heap        ] GC(1209) Survivor regions: 1->1(31)
[205.000s][info][gc,heap        ] GC(1209) Old regions: 61->61
[205.000s][info][gc,heap        ] GC(1209) Humongous regions: 6->6
[205.000s][info][gc,metaspace   ] GC(1209) Metaspace: 72619K->72619K(1114112K)
[205.000s][info][gc             ] GC(1209) Pause Young (Normal) (G1 Evacuation Pause) 306M->65M(404M) 7.468ms
[205.000s][info][gc,cpu         ] GC(1209) User=0.01s Sys=0.00s Real=0.01s
[205.218s][info][gc,start       ] GC(1210) Pause Young (Normal) (G1 Evacuation Pause)
[205.218s][info][gc,task        ] GC(1210) Using 1 workers of 1 for evacuation
[205.221s][info][gc,phases      ] GC(1210)   Pre Evacuate Collection Set: 0.0ms
[205.221s][info][gc,phases      ] GC(1210)   Evacuate Collection Set: 2.6ms
[205.221s][info][gc,phases      ] GC(1210)   Post Evacuate Collection Set: 0.3ms
[205.221s][info][gc,phases      ] GC(1210)   Other: 0.4ms
[205.221s][info][gc,heap        ] GC(1210) Eden regions: 241->0(241)
[205.221s][info][gc,heap        ] GC(1210) Survivor regions: 1->1(31)
[205.221s][info][gc,heap        ] GC(1210) Old regions: 61->62
[205.221s][info][gc,heap        ] GC(1210) Humongous regions: 6->6
[205.221s][info][gc,metaspace   ] GC(1210) Metaspace: 72619K->72619K(1114112K)
[205.221s][info][gc             ] GC(1210) Pause Young (Normal) (G1 Evacuation Pause) 306M->65M(404M) 3.377ms
[205.221s][info][gc,cpu         ] GC(1210) User=0.00s Sys=0.00s Real=0.01s
[205.364s][info][gc,start       ] GC(1211) Pause Young (Normal) (G1 Evacuation Pause)
[205.364s][info][gc,task        ] GC(1211) Using 1 workers of 1 for evacuation
[205.367s][info][gc,phases      ] GC(1211)   Pre Evacuate Collection Set: 0.0ms
[205.367s][info][gc,phases      ] GC(1211)   Evacuate Collection Set: 2.6ms
[205.367s][info][gc,phases      ] GC(1211)   Post Evacuate Collection Set: 0.4ms
[205.367s][info][gc,phases      ] GC(1211)   Other: 0.3ms
[205.367s][info][gc,heap        ] GC(1211) Eden regions: 241->0(241)
[205.367s][info][gc,heap        ] GC(1211) Survivor regions: 1->1(31)
[205.367s][info][gc,heap        ] GC(1211) Old regions: 62->62
[205.367s][info][gc,heap        ] GC(1211) Humongous regions: 6->6
[205.367s][info][gc,metaspace   ] GC(1211) Metaspace: 72619K->72619K(1114112K)
[205.367s][info][gc             ] GC(1211) Pause Young (Normal) (G1 Evacuation Pause) 306M->65M(404M) 3.288ms
[205.367s][info][gc,cpu         ] GC(1211) User=0.00s Sys=0.00s Real=0.01s
[205.491s][info][gc,start       ] GC(1212) Pause Young (Normal) (G1 Evacuation Pause)
[205.491s][info][gc,task        ] GC(1212) Using 1 workers of 1 for evacuation
[205.494s][info][gc,phases      ] GC(1212)   Pre Evacuate Collection Set: 0.0ms
[205.494s][info][gc,phases      ] GC(1212)   Evacuate Collection Set: 2.6ms
[205.494s][info][gc,phases      ] GC(1212)   Post Evacuate Collection Set: 0.3ms
[205.494s][info][gc,phases      ] GC(1212)   Other: 0.3ms
[205.494s][info][gc,heap        ] GC(1212) Eden regions: 241->0(241)
[205.494s][info][gc,heap        ] GC(1212) Survivor regions: 1->1(31)
[205.494s][info][gc,heap        ] GC(1212) Old regions: 62->62
[205.494s][info][gc,heap        ] GC(1212) Humongous regions: 6->6
[205.494s][info][gc,metaspace   ] GC(1212) Metaspace: 72619K->72619K(1114112K)
[205.494s][info][gc             ] GC(1212) Pause Young (Normal) (G1 Evacuation Pause) 306M->65M(404M) 3.430ms
[205.494s][info][gc,cpu         ] GC(1212) User=0.00s Sys=0.00s Real=0.00s
[205.624s][info][gc,start       ] GC(1213) Pause Young (Normal) (G1 Evacuation Pause)
[205.624s][info][gc,task        ] GC(1213) Using 1 workers of 1 for evacuation
[205.627s][info][gc,phases      ] GC(1213)   Pre Evacuate Collection Set: 0.0ms
[205.627s][info][gc,phases      ] GC(1213)   Evacuate Collection Set: 2.8ms
[205.627s][info][gc,phases      ] GC(1213)   Post Evacuate Collection Set: 0.4ms
[205.627s][info][gc,phases      ] GC(1213)   Other: 0.4ms
[205.627s][info][gc,heap        ] GC(1213) Eden regions: 241->0(241)
[205.627s][info][gc,heap        ] GC(1213) Survivor regions: 1->1(31)
[205.627s][info][gc,heap        ] GC(1213) Old regions: 62->62
[205.627s][info][gc,heap        ] GC(1213) Humongous regions: 6->6
[205.627s][info][gc,metaspace   ] GC(1213) Metaspace: 72619K->72619K(1114112K)
[205.627s][info][gc             ] GC(1213) Pause Young (Normal) (G1 Evacuation Pause) 306M->65M(404M) 3.735ms
[205.627s][info][gc,cpu         ] GC(1213) User=0.00s Sys=0.00s Real=0.01s
[205.780s][info][gc,start       ] GC(1214) Pause Young (Normal) (G1 Evacuation Pause)
[205.780s][info][gc,task        ] GC(1214) Using 1 workers of 1 for evacuation
[205.784s][info][gc,phases      ] GC(1214)   Pre Evacuate Collection Set: 0.0ms
[205.784s][info][gc,phases      ] GC(1214)   Evacuate Collection Set: 3.1ms
[205.784s][info][gc,phases      ] GC(1214)   Post Evacuate Collection Set: 0.4ms
[205.784s][info][gc,phases      ] GC(1214)   Other: 0.3ms
[205.784s][info][gc,heap        ] GC(1214) Eden regions: 241->0(241)
[205.784s][info][gc,heap        ] GC(1214) Survivor regions: 1->1(31)
[205.784s][info][gc,heap        ] GC(1214) Old regions: 62->62
[205.784s][info][gc,heap        ] GC(1214) Humongous regions: 11->6
[205.784s][info][gc,metaspace   ] GC(1214) Metaspace: 72629K->72629K(1116160K)
[205.784s][info][gc             ] GC(1214) Pause Young (Normal) (G1 Evacuation Pause) 311M->65M(404M) 3.851ms
[205.784s][info][gc,cpu         ] GC(1214) User=0.00s Sys=0.00s Real=0.00s
[205.903s][info][gc,start       ] GC(1215) Pause Young (Normal) (G1 Evacuation Pause)
[205.903s][info][gc,task        ] GC(1215) Using 1 workers of 1 for evacuation
[205.906s][info][gc,phases      ] GC(1215)   Pre Evacuate Collection Set: 0.0ms
[205.906s][info][gc,phases      ] GC(1215)   Evacuate Collection Set: 2.9ms
[205.906s][info][gc,phases      ] GC(1215)   Post Evacuate Collection Set: 0.3ms
[205.906s][info][gc,phases      ] GC(1215)   Other: 0.4ms
[205.906s][info][gc,heap        ] GC(1215) Eden regions: 241->0(241)
[205.906s][info][gc,heap        ] GC(1215) Survivor regions: 1->1(31)
[205.906s][info][gc,heap        ] GC(1215) Old regions: 62->62
[205.906s][info][gc,heap        ] GC(1215) Humongous regions: 6->6
[205.906s][info][gc,metaspace   ] GC(1215) Metaspace: 72629K->72629K(1116160K)
[205.906s][info][gc             ] GC(1215) Pause Young (Normal) (G1 Evacuation Pause) 306M->65M(404M) 3.703ms
[205.906s][info][gc,cpu         ] GC(1215) User=0.00s Sys=0.00s Real=0.00s
[206.025s][info][gc,start       ] GC(1216) Pause Young (Normal) (G1 Evacuation Pause)
[206.025s][info][gc,task        ] GC(1216) Using 1 workers of 1 for evacuation
[206.029s][info][gc,phases      ] GC(1216)   Pre Evacuate Collection Set: 0.0ms
[206.029s][info][gc,phases      ] GC(1216)   Evacuate Collection Set: 3.0ms
[206.029s][info][gc,phases      ] GC(1216)   Post Evacuate Collection Set: 0.4ms
[206.029s][info][gc,phases      ] GC(1216)   Other: 0.4ms
[206.029s][info][gc,heap        ] GC(1216) Eden regions: 241->0(241)
[206.029s][info][gc,heap        ] GC(1216) Survivor regions: 1->1(31)
[206.029s][info][gc,heap        ] GC(1216) Old regions: 62->62
[206.029s][info][gc,heap        ] GC(1216) Humongous regions: 6->6
[206.029s][info][gc,metaspace   ] GC(1216) Metaspace: 72629K->72629K(1116160K)
[206.029s][info][gc             ] GC(1216) Pause Young (Normal) (G1 Evacuation Pause) 306M->65M(404M) 3.835ms
[206.029s][info][gc,cpu         ] GC(1216) User=0.00s Sys=0.00s Real=0.01s
[206.169s][info][gc,start       ] GC(1217) Pause Young (Normal) (G1 Evacuation Pause)
[206.169s][info][gc,task        ] GC(1217) Using 1 workers of 1 for evacuation
[206.172s][info][gc,phases      ] GC(1217)   Pre Evacuate Collection Set: 0.0ms
[206.172s][info][gc,phases      ] GC(1217)   Evacuate Collection Set: 2.8ms
[206.172s][info][gc,phases      ] GC(1217)   Post Evacuate Collection Set: 0.3ms
[206.172s][info][gc,phases      ] GC(1217)   Other: 0.3ms
[206.172s][info][gc,heap        ] GC(1217) Eden regions: 241->0(241)
[206.172s][info][gc,heap        ] GC(1217) Survivor regions: 1->1(31)
[206.172s][info][gc,heap        ] GC(1217) Old regions: 62->62
[206.172s][info][gc,heap        ] GC(1217) Humongous regions: 6->6
[206.172s][info][gc,metaspace   ] GC(1217) Metaspace: 72629K->72629K(1116160K)
[206.172s][info][gc             ] GC(1217) Pause Young (Normal) (G1 Evacuation Pause) 306M->65M(404M) 3.518ms
[206.172s][info][gc,cpu         ] GC(1217) User=0.00s Sys=0.00s Real=0.00s
[206.343s][info][gc,start       ] GC(1218) Pause Young (Normal) (G1 Evacuation Pause)
[206.343s][info][gc,task        ] GC(1218) Using 1 workers of 1 for evacuation
[206.351s][info][gc,phases      ] GC(1218)   Pre Evacuate Collection Set: 0.1ms
[206.351s][info][gc,phases      ] GC(1218)   Evacuate Collection Set: 6.5ms
[206.351s][info][gc,phases      ] GC(1218)   Post Evacuate Collection Set: 1.0ms
[206.351s][info][gc,phases      ] GC(1218)   Other: 0.7ms
[206.351s][info][gc,heap        ] GC(1218) Eden regions: 241->0(241)
[206.351s][info][gc,heap        ] GC(1218) Survivor regions: 1->1(31)
[206.351s][info][gc,heap        ] GC(1218) Old regions: 62->62
[206.351s][info][gc,heap        ] GC(1218) Humongous regions: 6->6
[206.351s][info][gc,metaspace   ] GC(1218) Metaspace: 72629K->72629K(1116160K)
[206.351s][info][gc             ] GC(1218) Pause Young (Normal) (G1 Evacuation Pause) 306M->65M(404M) 8.332ms
[206.351s][info][gc,cpu         ] GC(1218) User=0.01s Sys=0.00s Real=0.01s
[206.492s][info][gc,start       ] GC(1219) Pause Young (Normal) (G1 Evacuation Pause)
[206.492s][info][gc,task        ] GC(1219) Using 1 workers of 1 for evacuation
[206.496s][info][gc,phases      ] GC(1219)   Pre Evacuate Collection Set: 0.0ms
[206.497s][info][gc,phases      ] GC(1219)   Evacuate Collection Set: 3.4ms
[206.497s][info][gc,phases      ] GC(1219)   Post Evacuate Collection Set: 0.5ms
[206.497s][info][gc,phases      ] GC(1219)   Other: 0.4ms
[206.497s][info][gc,heap        ] GC(1219) Eden regions: 241->0(241)
[206.497s][info][gc,heap        ] GC(1219) Survivor regions: 1->1(31)
[206.497s][info][gc,heap        ] GC(1219) Old regions: 62->62
[206.497s][info][gc,heap        ] GC(1219) Humongous regions: 6->6
[206.497s][info][gc,metaspace   ] GC(1219) Metaspace: 72629K->72629K(1116160K)
[206.497s][info][gc             ] GC(1219) Pause Young (Normal) (G1 Evacuation Pause) 306M->65M(404M) 4.367ms
[206.497s][info][gc,cpu         ] GC(1219) User=0.00s Sys=0.00s Real=0.00s
[206.630s][info][gc,start       ] GC(1220) Pause Young (Normal) (G1 Evacuation Pause)
[206.630s][info][gc,task        ] GC(1220) Using 1 workers of 1 for evacuation
[206.633s][info][gc,phases      ] GC(1220)   Pre Evacuate Collection Set: 0.0ms
[206.633s][info][gc,phases      ] GC(1220)   Evacuate Collection Set: 2.7ms
[206.633s][info][gc,phases      ] GC(1220)   Post Evacuate Collection Set: 0.3ms
[206.633s][info][gc,phases      ] GC(1220)   Other: 0.3ms
[206.633s][info][gc,heap        ] GC(1220) Eden regions: 241->0(241)
[206.633s][info][gc,heap        ] GC(1220) Survivor regions: 1->1(31)
[206.633s][info][gc,heap        ] GC(1220) Old regions: 62->62
[206.633s][info][gc,heap        ] GC(1220) Humongous regions: 11->6
[206.633s][info][gc,metaspace   ] GC(1220) Metaspace: 72630K->72630K(1116160K)
[206.633s][info][gc             ] GC(1220) Pause Young (Normal) (G1 Evacuation Pause) 311M->65M(404M) 3.459ms
[206.633s][info][gc,cpu         ] GC(1220) User=0.00s Sys=0.00s Real=0.00s
[206.759s][info][gc,start       ] GC(1221) Pause Young (Normal) (G1 Evacuation Pause)
[206.759s][info][gc,task        ] GC(1221) Using 1 workers of 1 for evacuation
[206.762s][info][gc,phases      ] GC(1221)   Pre Evacuate Collection Set: 0.0ms
[206.762s][info][gc,phases      ] GC(1221)   Evacuate Collection Set: 2.7ms
[206.762s][info][gc,phases      ] GC(1221)   Post Evacuate Collection Set: 0.5ms
[206.762s][info][gc,phases      ] GC(1221)   Other: 0.3ms
[206.762s][info][gc,heap        ] GC(1221) Eden regions: 241->0(241)
[206.762s][info][gc,heap        ] GC(1221) Survivor regions: 1->1(31)
[206.762s][info][gc,heap        ] GC(1221) Old regions: 62->62
[206.762s][info][gc,heap        ] GC(1221) Humongous regions: 6->6
[206.762s][info][gc,metaspace   ] GC(1221) Metaspace: 72630K->72630K(1116160K)
[206.762s][info][gc             ] GC(1221) Pause Young (Normal) (G1 Evacuation Pause) 306M->65M(404M) 3.579ms
[206.762s][info][gc,cpu         ] GC(1221) User=0.00s Sys=0.00s Real=0.00s
[206.916s][info][gc,start       ] GC(1222) Pause Young (Normal) (G1 Evacuation Pause)
[206.917s][info][gc,task        ] GC(1222) Using 1 workers of 1 for evacuation
[206.921s][info][gc,phases      ] GC(1222)   Pre Evacuate Collection Set: 0.0ms
[206.921s][info][gc,phases      ] GC(1222)   Evacuate Collection Set: 3.5ms
[206.921s][info][gc,phases      ] GC(1222)   Post Evacuate Collection Set: 0.7ms
[206.921s][info][gc,phases      ] GC(1222)   Other: 0.4ms
[206.921s][info][gc,heap        ] GC(1222) Eden regions: 241->0(241)
[206.921s][info][gc,heap        ] GC(1222) Survivor regions: 1->1(31)
[206.921s][info][gc,heap        ] GC(1222) Old regions: 62->62
[206.921s][info][gc,heap        ] GC(1222) Humongous regions: 6->6
[206.921s][info][gc,metaspace   ] GC(1222) Metaspace: 72630K->72630K(1116160K)
[206.921s][info][gc             ] GC(1222) Pause Young (Normal) (G1 Evacuation Pause) 306M->65M(404M) 4.655ms
[206.921s][info][gc,cpu         ] GC(1222) User=0.01s Sys=0.00s Real=0.01s
[207.044s][info][gc,start       ] GC(1223) Pause Young (Normal) (G1 Evacuation Pause)
[207.044s][info][gc,task        ] GC(1223) Using 1 workers of 1 for evacuation
[207.048s][info][gc,phases      ] GC(1223)   Pre Evacuate Collection Set: 0.0ms
[207.048s][info][gc,phases      ] GC(1223)   Evacuate Collection Set: 2.7ms
[207.048s][info][gc,phases      ] GC(1223)   Post Evacuate Collection Set: 0.4ms
[207.048s][info][gc,phases      ] GC(1223)   Other: 0.3ms
[207.048s][info][gc,heap        ] GC(1223) Eden regions: 241->0(241)
[207.048s][info][gc,heap        ] GC(1223) Survivor regions: 1->1(31)
[207.048s][info][gc,heap        ] GC(1223) Old regions: 62->62
[207.048s][info][gc,heap        ] GC(1223) Humongous regions: 6->6
[207.048s][info][gc,metaspace   ] GC(1223) Metaspace: 72630K->72630K(1116160K)
[207.048s][info][gc             ] GC(1223) Pause Young (Normal) (G1 Evacuation Pause) 306M->65M(404M) 3.467ms
[207.048s][info][gc,cpu         ] GC(1223) User=0.00s Sys=0.00s Real=0.01s
[207.167s][info][gc,start       ] GC(1224) Pause Young (Normal) (G1 Evacuation Pause)
[207.167s][info][gc,task        ] GC(1224) Using 1 workers of 1 for evacuation
[207.170s][info][gc,phases      ] GC(1224)   Pre Evacuate Collection Set: 0.0ms
[207.170s][info][gc,phases      ] GC(1224)   Evacuate Collection Set: 2.8ms
[207.170s][info][gc,phases      ] GC(1224)   Post Evacuate Collection Set: 0.5ms
[207.170s][info][gc,phases      ] GC(1224)   Other: 0.3ms
[207.170s][info][gc,heap        ] GC(1224) Eden regions: 241->0(241)
[207.170s][info][gc,heap        ] GC(1224) Survivor regions: 1->1(31)
[207.170s][info][gc,heap        ] GC(1224) Old regions: 62->62
[207.170s][info][gc,heap        ] GC(1224) Humongous regions: 6->6
[207.170s][info][gc,metaspace   ] GC(1224) Metaspace: 72630K->72630K(1116160K)
[207.170s][info][gc             ] GC(1224) Pause Young (Normal) (G1 Evacuation Pause) 306M->65M(404M) 3.663ms
[207.170s][info][gc,cpu         ] GC(1224) User=0.01s Sys=0.00s Real=0.00s
[207.300s][info][gc,start       ] GC(1225) Pause Young (Normal) (G1 Evacuation Pause)
[207.300s][info][gc,task        ] GC(1225) Using 1 workers of 1 for evacuation
[207.304s][info][gc,phases      ] GC(1225)   Pre Evacuate Collection Set: 0.0ms
[207.304s][info][gc,phases      ] GC(1225)   Evacuate Collection Set: 2.8ms
[207.304s][info][gc,phases      ] GC(1225)   Post Evacuate Collection Set: 0.4ms
[207.304s][info][gc,phases      ] GC(1225)   Other: 0.4ms
[207.304s][info][gc,heap        ] GC(1225) Eden regions: 241->0(241)
[207.304s][info][gc,heap        ] GC(1225) Survivor regions: 1->1(31)
[207.304s][info][gc,heap        ] GC(1225) Old regions: 62->62
[207.304s][info][gc,heap        ] GC(1225) Humongous regions: 6->6
[207.304s][info][gc,metaspace   ] GC(1225) Metaspace: 72630K->72630K(1116160K)
[207.304s][info][gc             ] GC(1225) Pause Young (Normal) (G1 Evacuation Pause) 306M->65M(404M) 3.580ms
[207.304s][info][gc,cpu         ] GC(1225) User=0.00s Sys=0.00s Real=0.00s
[207.451s][info][gc,start       ] GC(1226) Pause Young (Normal) (G1 Evacuation Pause)
[207.451s][info][gc,task        ] GC(1226) Using 1 workers of 1 for evacuation
[207.455s][info][gc,phases      ] GC(1226)   Pre Evacuate Collection Set: 0.0ms
[207.455s][info][gc,phases      ] GC(1226)   Evacuate Collection Set: 2.9ms
[207.455s][info][gc,phases      ] GC(1226)   Post Evacuate Collection Set: 0.4ms
[207.455s][info][gc,phases      ] GC(1226)   Other: 0.3ms
[207.455s][info][gc,heap        ] GC(1226) Eden regions: 241->0(241)
[207.455s][info][gc,heap        ] GC(1226) Survivor regions: 1->1(31)
[207.455s][info][gc,heap        ] GC(1226) Old regions: 62->62
[207.455s][info][gc,heap        ] GC(1226) Humongous regions: 11->6
[207.455s][info][gc,metaspace   ] GC(1226) Metaspace: 72631K->72631K(1116160K)
[207.455s][info][gc             ] GC(1226) Pause Young (Normal) (G1 Evacuation Pause) 311M->65M(404M) 3.672ms
[207.455s][info][gc,cpu         ] GC(1226) User=0.00s Sys=0.00s Real=0.00s
[207.574s][info][gc,start       ] GC(1227) Pause Young (Normal) (G1 Evacuation Pause)
[207.574s][info][gc,task        ] GC(1227) Using 1 workers of 1 for evacuation
[207.577s][info][gc,phases      ] GC(1227)   Pre Evacuate Collection Set: 0.0ms
[207.577s][info][gc,phases      ] GC(1227)   Evacuate Collection Set: 2.9ms
[207.577s][info][gc,phases      ] GC(1227)   Post Evacuate Collection Set: 0.3ms
[207.577s][info][gc,phases      ] GC(1227)   Other: 0.3ms
[207.577s][info][gc,heap        ] GC(1227) Eden regions: 241->0(241)
[207.577s][info][gc,heap        ] GC(1227) Survivor regions: 1->1(31)
[207.577s][info][gc,heap        ] GC(1227) Old regions: 62->62
[207.577s][info][gc,heap        ] GC(1227) Humongous regions: 6->6
[207.577s][info][gc,metaspace   ] GC(1227) Metaspace: 72631K->72631K(1116160K)
[207.577s][info][gc             ] GC(1227) Pause Young (Normal) (G1 Evacuation Pause) 306M->65M(404M) 3.590ms
[207.577s][info][gc,cpu         ] GC(1227) User=0.00s Sys=0.00s Real=0.00s
[207.696s][info][gc,start       ] GC(1228) Pause Young (Normal) (G1 Evacuation Pause)
[207.696s][info][gc,task        ] GC(1228) Using 1 workers of 1 for evacuation
[207.701s][info][gc,phases      ] GC(1228)   Pre Evacuate Collection Set: 0.0ms
[207.701s][info][gc,phases      ] GC(1228)   Evacuate Collection Set: 4.5ms
[207.701s][info][gc,phases      ] GC(1228)   Post Evacuate Collection Set: 0.4ms
[207.701s][info][gc,phases      ] GC(1228)   Other: 0.3ms
[207.701s][info][gc,heap        ] GC(1228) Eden regions: 241->0(241)
[207.701s][info][gc,heap        ] GC(1228) Survivor regions: 1->1(31)
[207.701s][info][gc,heap        ] GC(1228) Old regions: 62->62
[207.701s][info][gc,heap        ] GC(1228) Humongous regions: 6->6
[207.701s][info][gc,metaspace   ] GC(1228) Metaspace: 72631K->72631K(1116160K)
[207.701s][info][gc             ] GC(1228) Pause Young (Normal) (G1 Evacuation Pause) 306M->65M(404M) 5.195ms
[207.701s][info][gc,cpu         ] GC(1228) User=0.01s Sys=0.00s Real=0.01s
[207.842s][info][gc,start       ] GC(1229) Pause Young (Normal) (G1 Evacuation Pause)
[207.842s][info][gc,task        ] GC(1229) Using 1 workers of 1 for evacuation
[207.846s][info][gc,phases      ] GC(1229)   Pre Evacuate Collection Set: 0.0ms
[207.846s][info][gc,phases      ] GC(1229)   Evacuate Collection Set: 3.0ms
[207.846s][info][gc,phases      ] GC(1229)   Post Evacuate Collection Set: 0.5ms
[207.846s][info][gc,phases      ] GC(1229)   Other: 0.4ms
[207.846s][info][gc,heap        ] GC(1229) Eden regions: 241->0(241)
[207.846s][info][gc,heap        ] GC(1229) Survivor regions: 1->1(31)
[207.846s][info][gc,heap        ] GC(1229) Old regions: 62->62
[207.846s][info][gc,heap        ] GC(1229) Humongous regions: 6->6
[207.846s][info][gc,metaspace   ] GC(1229) Metaspace: 72631K->72631K(1116160K)
[207.846s][info][gc             ] GC(1229) Pause Young (Normal) (G1 Evacuation Pause) 306M->65M(404M) 3.954ms
[207.846s][info][gc,cpu         ] GC(1229) User=0.00s Sys=0.00s Real=0.00s
[207.992s][info][gc,start       ] GC(1230) Pause Young (Normal) (G1 Evacuation Pause)
[207.992s][info][gc,task        ] GC(1230) Using 1 workers of 1 for evacuation
[207.996s][info][gc,phases      ] GC(1230)   Pre Evacuate Collection Set: 0.0ms
[207.996s][info][gc,phases      ] GC(1230)   Evacuate Collection Set: 2.9ms
[207.996s][info][gc,phases      ] GC(1230)   Post Evacuate Collection Set: 0.4ms
[207.996s][info][gc,phases      ] GC(1230)   Other: 0.3ms
[207.996s][info][gc,heap        ] GC(1230) Eden regions: 241->0(241)
[207.996s][info][gc,heap        ] GC(1230) Survivor regions: 1->1(31)
[207.996s][info][gc,heap        ] GC(1230) Old regions: 62->62
[207.996s][info][gc,heap        ] GC(1230) Humongous regions: 6->6
[207.996s][info][gc,metaspace   ] GC(1230) Metaspace: 72631K->72631K(1116160K)
[207.996s][info][gc             ] GC(1230) Pause Young (Normal) (G1 Evacuation Pause) 306M->65M(404M) 3.730ms
[207.996s][info][gc,cpu         ] GC(1230) User=0.00s Sys=0.00s Real=0.00s
[208.149s][info][gc,start       ] GC(1231) Pause Young (Normal) (G1 Evacuation Pause)
[208.149s][info][gc,task        ] GC(1231) Using 1 workers of 1 for evacuation
[208.154s][info][gc,phases      ] GC(1231)   Pre Evacuate Collection Set: 0.0ms
[208.154s][info][gc,phases      ] GC(1231)   Evacuate Collection Set: 3.4ms
[208.154s][info][gc,phases      ] GC(1231)   Post Evacuate Collection Set: 0.5ms
[208.154s][info][gc,phases      ] GC(1231)   Other: 0.4ms
[208.154s][info][gc,heap        ] GC(1231) Eden regions: 241->0(241)
[208.154s][info][gc,heap        ] GC(1231) Survivor regions: 1->1(31)
[208.154s][info][gc,heap        ] GC(1231) Old regions: 62->62
[208.154s][info][gc,heap        ] GC(1231) Humongous regions: 6->6
[208.154s][info][gc,metaspace   ] GC(1231) Metaspace: 72631K->72631K(1116160K)
[208.154s][info][gc             ] GC(1231) Pause Young (Normal) (G1 Evacuation Pause) 306M->65M(404M) 4.373ms
[208.154s][info][gc,cpu         ] GC(1231) User=0.01s Sys=0.00s Real=0.00s
[208.295s][info][gc,start       ] GC(1232) Pause Young (Normal) (G1 Evacuation Pause)
[208.295s][info][gc,task        ] GC(1232) Using 1 workers of 1 for evacuation
[208.299s][info][gc,phases      ] GC(1232)   Pre Evacuate Collection Set: 0.0ms
[208.299s][info][gc,phases      ] GC(1232)   Evacuate Collection Set: 3.2ms
[208.299s][info][gc,phases      ] GC(1232)   Post Evacuate Collection Set: 0.5ms
[208.299s][info][gc,phases      ] GC(1232)   Other: 0.3ms
[208.299s][info][gc,heap        ] GC(1232) Eden regions: 241->0(241)
[208.299s][info][gc,heap        ] GC(1232) Survivor regions: 1->1(31)
[208.299s][info][gc,heap        ] GC(1232) Old regions: 62->62
[208.299s][info][gc,heap        ] GC(1232) Humongous regions: 6->6
[208.299s][info][gc,metaspace   ] GC(1232) Metaspace: 72631K->72631K(1116160K)
[208.299s][info][gc             ] GC(1232) Pause Young (Normal) (G1 Evacuation Pause) 306M->65M(404M) 4.140ms
[208.299s][info][gc,cpu         ] GC(1232) User=0.00s Sys=0.00s Real=0.01s
[208.464s][info][gc,start       ] GC(1233) Pause Young (Normal) (G1 Evacuation Pause)
[208.464s][info][gc,task        ] GC(1233) Using 1 workers of 1 for evacuation
[208.468s][info][gc,phases      ] GC(1233)   Pre Evacuate Collection Set: 0.0ms
[208.468s][info][gc,phases      ] GC(1233)   Evacuate Collection Set: 3.5ms
[208.468s][info][gc,phases      ] GC(1233)   Post Evacuate Collection Set: 0.5ms
[208.468s][info][gc,phases      ] GC(1233)   Other: 0.5ms
[208.468s][info][gc,heap        ] GC(1233) Eden regions: 241->0(241)
[208.468s][info][gc,heap        ] GC(1233) Survivor regions: 1->1(31)
[208.468s][info][gc,heap        ] GC(1233) Old regions: 62->62
[208.468s][info][gc,heap        ] GC(1233) Humongous regions: 11->6
[208.468s][info][gc,metaspace   ] GC(1233) Metaspace: 72633K->72633K(1116160K)
[208.468s][info][gc             ] GC(1233) Pause Young (Normal) (G1 Evacuation Pause) 311M->65M(404M) 4.489ms
[208.468s][info][gc,cpu         ] GC(1233) User=0.00s Sys=0.00s Real=0.01s
[208.624s][info][gc,start       ] GC(1234) Pause Young (Normal) (G1 Evacuation Pause)
[208.624s][info][gc,task        ] GC(1234) Using 1 workers of 1 for evacuation
[208.627s][info][gc,phases      ] GC(1234)   Pre Evacuate Collection Set: 0.0ms
[208.627s][info][gc,phases      ] GC(1234)   Evacuate Collection Set: 2.7ms
[208.627s][info][gc,phases      ] GC(1234)   Post Evacuate Collection Set: 0.4ms
[208.627s][info][gc,phases      ] GC(1234)   Other: 0.3ms
[208.627s][info][gc,heap        ] GC(1234) Eden regions: 241->0(241)
[208.627s][info][gc,heap        ] GC(1234) Survivor regions: 1->1(31)
[208.627s][info][gc,heap        ] GC(1234) Old regions: 62->62
[208.627s][info][gc,heap        ] GC(1234) Humongous regions: 6->6
[208.627s][info][gc,metaspace   ] GC(1234) Metaspace: 72633K->72633K(1116160K)
[208.627s][info][gc             ] GC(1234) Pause Young (Normal) (G1 Evacuation Pause) 306M->65M(404M) 3.503ms
[208.627s][info][gc,cpu         ] GC(1234) User=0.00s Sys=0.00s Real=0.01s
[208.758s][info][gc,start       ] GC(1235) Pause Young (Normal) (G1 Evacuation Pause)
[208.758s][info][gc,task        ] GC(1235) Using 1 workers of 1 for evacuation
[208.762s][info][gc,phases      ] GC(1235)   Pre Evacuate Collection Set: 0.0ms
[208.762s][info][gc,phases      ] GC(1235)   Evacuate Collection Set: 2.8ms
[208.762s][info][gc,phases      ] GC(1235)   Post Evacuate Collection Set: 0.3ms
[208.762s][info][gc,phases      ] GC(1235)   Other: 0.3ms
[208.762s][info][gc,heap        ] GC(1235) Eden regions: 241->0(241)
[208.762s][info][gc,heap        ] GC(1235) Survivor regions: 1->1(31)
[208.762s][info][gc,heap        ] GC(1235) Old regions: 62->62
[208.762s][info][gc,heap        ] GC(1235) Humongous regions: 6->6
[208.762s][info][gc,metaspace   ] GC(1235) Metaspace: 72633K->72633K(1116160K)
[208.762s][info][gc             ] GC(1235) Pause Young (Normal) (G1 Evacuation Pause) 306M->65M(404M) 3.507ms
[208.762s][info][gc,cpu         ] GC(1235) User=0.00s Sys=0.00s Real=0.01s
[208.898s][info][gc,start       ] GC(1236) Pause Young (Normal) (G1 Evacuation Pause)
[208.898s][info][gc,task        ] GC(1236) Using 1 workers of 1 for evacuation
[208.902s][info][gc,phases      ] GC(1236)   Pre Evacuate Collection Set: 0.0ms
[208.902s][info][gc,phases      ] GC(1236)   Evacuate Collection Set: 3.0ms
[208.902s][info][gc,phases      ] GC(1236)   Post Evacuate Collection Set: 0.5ms
[208.902s][info][gc,phases      ] GC(1236)   Other: 0.5ms
[208.902s][info][gc,heap        ] GC(1236) Eden regions: 241->0(241)
[208.902s][info][gc,heap        ] GC(1236) Survivor regions: 1->1(31)
[208.902s][info][gc,heap        ] GC(1236) Old regions: 62->62
[208.902s][info][gc,heap        ] GC(1236) Humongous regions: 6->6
[208.902s][info][gc,metaspace   ] GC(1236) Metaspace: 72633K->72633K(1116160K)
[208.902s][info][gc             ] GC(1236) Pause Young (Normal) (G1 Evacuation Pause) 306M->65M(404M) 4.055ms
[208.902s][info][gc,cpu         ] GC(1236) User=0.00s Sys=0.00s Real=0.01s
[209.101s][info][gc,start       ] GC(1237) Pause Young (Normal) (G1 Evacuation Pause)
[209.101s][info][gc,task        ] GC(1237) Using 1 workers of 1 for evacuation
[209.105s][info][gc,phases      ] GC(1237)   Pre Evacuate Collection Set: 0.0ms
[209.105s][info][gc,phases      ] GC(1237)   Evacuate Collection Set: 3.4ms
[209.105s][info][gc,phases      ] GC(1237)   Post Evacuate Collection Set: 0.5ms
[209.105s][info][gc,phases      ] GC(1237)   Other: 0.5ms
[209.105s][info][gc,heap        ] GC(1237) Eden regions: 241->0(241)
[209.105s][info][gc,heap        ] GC(1237) Survivor regions: 1->1(31)
[209.105s][info][gc,heap        ] GC(1237) Old regions: 62->62
[209.105s][info][gc,heap        ] GC(1237) Humongous regions: 6->6
[209.105s][info][gc,metaspace   ] GC(1237) Metaspace: 72633K->72633K(1116160K)
[209.105s][info][gc             ] GC(1237) Pause Young (Normal) (G1 Evacuation Pause) 306M->65M(404M) 4.425ms
[209.105s][info][gc,cpu         ] GC(1237) User=0.01s Sys=0.00s Real=0.00s
[209.265s][info][gc,start       ] GC(1238) Pause Young (Normal) (G1 Evacuation Pause)
[209.265s][info][gc,task        ] GC(1238) Using 1 workers of 1 for evacuation
[209.270s][info][gc,phases      ] GC(1238)   Pre Evacuate Collection Set: 0.0ms
[209.270s][info][gc,phases      ] GC(1238)   Evacuate Collection Set: 3.6ms
[209.270s][info][gc,phases      ] GC(1238)   Post Evacuate Collection Set: 0.6ms
[209.270s][info][gc,phases      ] GC(1238)   Other: 0.4ms
[209.270s][info][gc,heap        ] GC(1238) Eden regions: 241->0(241)
[209.270s][info][gc,heap        ] GC(1238) Survivor regions: 1->1(31)
[209.270s][info][gc,heap        ] GC(1238) Old regions: 62->62
[209.270s][info][gc,heap        ] GC(1238) Humongous regions: 6->6
[209.270s][info][gc,metaspace   ] GC(1238) Metaspace: 72633K->72633K(1116160K)
[209.270s][info][gc             ] GC(1238) Pause Young (Normal) (G1 Evacuation Pause) 306M->65M(404M) 4.698ms
[209.270s][info][gc,cpu         ] GC(1238) User=0.00s Sys=0.00s Real=0.01s
[209.516s][info][gc,start       ] GC(1239) Pause Young (Normal) (G1 Evacuation Pause)
[209.516s][info][gc,task        ] GC(1239) Using 1 workers of 1 for evacuation
[209.520s][info][gc,phases      ] GC(1239)   Pre Evacuate Collection Set: 0.0ms
[209.520s][info][gc,phases      ] GC(1239)   Evacuate Collection Set: 3.1ms
[209.520s][info][gc,phases      ] GC(1239)   Post Evacuate Collection Set: 0.4ms
[209.520s][info][gc,phases      ] GC(1239)   Other: 0.4ms
[209.520s][info][gc,heap        ] GC(1239) Eden regions: 241->0(241)
[209.520s][info][gc,heap        ] GC(1239) Survivor regions: 1->1(31)
[209.520s][info][gc,heap        ] GC(1239) Old regions: 62->62
[209.520s][info][gc,heap        ] GC(1239) Humongous regions: 11->6
[209.520s][info][gc,metaspace   ] GC(1239) Metaspace: 72635K->72635K(1116160K)
[209.520s][info][gc             ] GC(1239) Pause Young (Normal) (G1 Evacuation Pause) 311M->65M(404M) 3.926ms
[209.520s][info][gc,cpu         ] GC(1239) User=0.00s Sys=0.00s Real=0.01s
[209.657s][info][gc,start       ] GC(1240) Pause Young (Normal) (G1 Evacuation Pause)
[209.657s][info][gc,task        ] GC(1240) Using 1 workers of 1 for evacuation
[209.661s][info][gc,phases      ] GC(1240)   Pre Evacuate Collection Set: 0.0ms
[209.661s][info][gc,phases      ] GC(1240)   Evacuate Collection Set: 3.5ms
[209.661s][info][gc,phases      ] GC(1240)   Post Evacuate Collection Set: 0.5ms
[209.661s][info][gc,phases      ] GC(1240)   Other: 0.3ms
[209.661s][info][gc,heap        ] GC(1240) Eden regions: 241->0(241)
[209.661s][info][gc,heap        ] GC(1240) Survivor regions: 1->1(31)
[209.661s][info][gc,heap        ] GC(1240) Old regions: 62->62
[209.661s][info][gc,heap        ] GC(1240) Humongous regions: 6->6
[209.661s][info][gc,metaspace   ] GC(1240) Metaspace: 72635K->72635K(1116160K)
[209.661s][info][gc             ] GC(1240) Pause Young (Normal) (G1 Evacuation Pause) 306M->65M(404M) 4.354ms
[209.661s][info][gc,cpu         ] GC(1240) User=0.00s Sys=0.00s Real=0.01s
[209.831s][info][gc,start       ] GC(1241) Pause Young (Normal) (G1 Evacuation Pause)
[209.831s][info][gc,task        ] GC(1241) Using 1 workers of 1 for evacuation
[209.835s][info][gc,phases      ] GC(1241)   Pre Evacuate Collection Set: 0.0ms
[209.835s][info][gc,phases      ] GC(1241)   Evacuate Collection Set: 3.2ms
[209.835s][info][gc,phases      ] GC(1241)   Post Evacuate Collection Set: 0.4ms
[209.835s][info][gc,phases      ] GC(1241)   Other: 0.5ms
[209.835s][info][gc,heap        ] GC(1241) Eden regions: 241->0(241)
[209.835s][info][gc,heap        ] GC(1241) Survivor regions: 1->1(31)
[209.835s][info][gc,heap        ] GC(1241) Old regions: 62->62
[209.835s][info][gc,heap        ] GC(1241) Humongous regions: 6->6
[209.835s][info][gc,metaspace   ] GC(1241) Metaspace: 72635K->72635K(1116160K)
[209.835s][info][gc             ] GC(1241) Pause Young (Normal) (G1 Evacuation Pause) 306M->65M(404M) 4.137ms
[209.835s][info][gc,cpu         ] GC(1241) User=0.00s Sys=0.00s Real=0.00s
[210.002s][info][gc,start       ] GC(1242) Pause Young (Normal) (G1 Evacuation Pause)
[210.002s][info][gc,task        ] GC(1242) Using 1 workers of 1 for evacuation
[210.006s][info][gc,phases      ] GC(1242)   Pre Evacuate Collection Set: 0.0ms
[210.006s][info][gc,phases      ] GC(1242)   Evacuate Collection Set: 3.4ms
[210.006s][info][gc,phases      ] GC(1242)   Post Evacuate Collection Set: 0.5ms
[210.006s][info][gc,phases      ] GC(1242)   Other: 0.5ms
[210.006s][info][gc,heap        ] GC(1242) Eden regions: 241->0(241)
[210.006s][info][gc,heap        ] GC(1242) Survivor regions: 1->1(31)
[210.006s][info][gc,heap        ] GC(1242) Old regions: 62->62
[210.006s][info][gc,heap        ] GC(1242) Humongous regions: 6->6
[210.006s][info][gc,metaspace   ] GC(1242) Metaspace: 72635K->72635K(1116160K)
[210.006s][info][gc             ] GC(1242) Pause Young (Normal) (G1 Evacuation Pause) 306M->65M(404M) 4.370ms
[210.006s][info][gc,cpu         ] GC(1242) User=0.00s Sys=0.00s Real=0.00s
[210.178s][info][gc,start       ] GC(1243) Pause Young (Normal) (G1 Evacuation Pause)
[210.178s][info][gc,task        ] GC(1243) Using 1 workers of 1 for evacuation
[210.182s][info][gc,phases      ] GC(1243)   Pre Evacuate Collection Set: 0.0ms
[210.182s][info][gc,phases      ] GC(1243)   Evacuate Collection Set: 3.1ms
[210.182s][info][gc,phases      ] GC(1243)   Post Evacuate Collection Set: 0.5ms
[210.182s][info][gc,phases      ] GC(1243)   Other: 0.4ms
[210.182s][info][gc,heap        ] GC(1243) Eden regions: 241->0(241)
[210.182s][info][gc,heap        ] GC(1243) Survivor regions: 1->1(31)
[210.182s][info][gc,heap        ] GC(1243) Old regions: 62->62
[210.182s][info][gc,heap        ] GC(1243) Humongous regions: 6->6
[210.182s][info][gc,metaspace   ] GC(1243) Metaspace: 72635K->72635K(1116160K)
[210.182s][info][gc             ] GC(1243) Pause Young (Normal) (G1 Evacuation Pause) 306M->65M(404M) 4.108ms
[210.182s][info][gc,cpu         ] GC(1243) User=0.00s Sys=0.00s Real=0.01s
[210.342s][info][gc,start       ] GC(1244) Pause Young (Normal) (G1 Evacuation Pause)
[210.342s][info][gc,task        ] GC(1244) Using 1 workers of 1 for evacuation
[210.347s][info][gc,phases      ] GC(1244)   Pre Evacuate Collection Set: 0.0ms
[210.347s][info][gc,phases      ] GC(1244)   Evacuate Collection Set: 4.2ms
[210.347s][info][gc,phases      ] GC(1244)   Post Evacuate Collection Set: 0.6ms
[210.347s][info][gc,phases      ] GC(1244)   Other: 0.5ms
[210.347s][info][gc,heap        ] GC(1244) Eden regions: 241->0(241)
[210.347s][info][gc,heap        ] GC(1244) Survivor regions: 1->1(31)
[210.347s][info][gc,heap        ] GC(1244) Old regions: 62->62
[210.347s][info][gc,heap        ] GC(1244) Humongous regions: 6->6
[210.347s][info][gc,metaspace   ] GC(1244) Metaspace: 72635K->72635K(1116160K)
[210.347s][info][gc             ] GC(1244) Pause Young (Normal) (G1 Evacuation Pause) 306M->65M(404M) 5.356ms
[210.347s][info][gc,cpu         ] GC(1244) User=0.01s Sys=0.00s Real=0.01s
[210.515s][info][gc,start       ] GC(1245) Pause Young (Normal) (G1 Evacuation Pause)
[210.516s][info][gc,task        ] GC(1245) Using 1 workers of 1 for evacuation
[210.519s][info][gc,phases      ] GC(1245)   Pre Evacuate Collection Set: 0.0ms
[210.519s][info][gc,phases      ] GC(1245)   Evacuate Collection Set: 2.6ms
[210.519s][info][gc,phases      ] GC(1245)   Post Evacuate Collection Set: 0.4ms
[210.519s][info][gc,phases      ] GC(1245)   Other: 0.4ms
[210.519s][info][gc,heap        ] GC(1245) Eden regions: 241->0(241)
[210.519s][info][gc,heap        ] GC(1245) Survivor regions: 1->1(31)
[210.519s][info][gc,heap        ] GC(1245) Old regions: 62->62
[210.519s][info][gc,heap        ] GC(1245) Humongous regions: 11->6
[210.519s][info][gc,metaspace   ] GC(1245) Metaspace: 72642K->72642K(1116160K)
[210.519s][info][gc             ] GC(1245) Pause Young (Normal) (G1 Evacuation Pause) 311M->65M(404M) 3.539ms
[210.519s][info][gc,cpu         ] GC(1245) User=0.01s Sys=0.00s Real=0.01s
[210.648s][info][gc,start       ] GC(1246) Pause Young (Normal) (G1 Evacuation Pause)
[210.648s][info][gc,task        ] GC(1246) Using 1 workers of 1 for evacuation
[210.651s][info][gc,phases      ] GC(1246)   Pre Evacuate Collection Set: 0.0ms
[210.651s][info][gc,phases      ] GC(1246)   Evacuate Collection Set: 2.5ms
[210.651s][info][gc,phases      ] GC(1246)   Post Evacuate Collection Set: 0.4ms
[210.651s][info][gc,phases      ] GC(1246)   Other: 0.3ms
[210.651s][info][gc,heap        ] GC(1246) Eden regions: 241->0(241)
[210.651s][info][gc,heap        ] GC(1246) Survivor regions: 1->1(31)
[210.651s][info][gc,heap        ] GC(1246) Old regions: 62->62
[210.651s][info][gc,heap        ] GC(1246) Humongous regions: 6->6
[210.651s][info][gc,metaspace   ] GC(1246) Metaspace: 72642K->72642K(1116160K)
[210.651s][info][gc             ] GC(1246) Pause Young (Normal) (G1 Evacuation Pause) 306M->65M(404M) 3.236ms
[210.651s][info][gc,cpu         ] GC(1246) User=0.00s Sys=0.00s Real=0.00s
[210.866s][info][gc,start       ] GC(1247) Pause Young (Normal) (G1 Evacuation Pause)
[210.867s][info][gc,task        ] GC(1247) Using 1 workers of 1 for evacuation
[210.875s][info][gc,phases      ] GC(1247)   Pre Evacuate Collection Set: 0.2ms
[210.875s][info][gc,phases      ] GC(1247)   Evacuate Collection Set: 7.0ms
[210.875s][info][gc,phases      ] GC(1247)   Post Evacuate Collection Set: 1.0ms
[210.875s][info][gc,phases      ] GC(1247)   Other: 0.8ms
[210.875s][info][gc,heap        ] GC(1247) Eden regions: 241->0(241)
[210.875s][info][gc,heap        ] GC(1247) Survivor regions: 1->1(31)
[210.875s][info][gc,heap        ] GC(1247) Old regions: 62->62
[210.875s][info][gc,heap        ] GC(1247) Humongous regions: 6->6
[210.875s][info][gc,metaspace   ] GC(1247) Metaspace: 72642K->72642K(1116160K)
[210.875s][info][gc             ] GC(1247) Pause Young (Normal) (G1 Evacuation Pause) 306M->65M(404M) 9.110ms
[210.875s][info][gc,cpu         ] GC(1247) User=0.01s Sys=0.00s Real=0.01s
[211.017s][info][gc,start       ] GC(1248) Pause Young (Normal) (G1 Evacuation Pause)
[211.017s][info][gc,task        ] GC(1248) Using 1 workers of 1 for evacuation
[211.021s][info][gc,phases      ] GC(1248)   Pre Evacuate Collection Set: 0.0ms
[211.021s][info][gc,phases      ] GC(1248)   Evacuate Collection Set: 2.9ms
[211.021s][info][gc,phases      ] GC(1248)   Post Evacuate Collection Set: 0.6ms
[211.021s][info][gc,phases      ] GC(1248)   Other: 0.4ms
[211.021s][info][gc,heap        ] GC(1248) Eden regions: 241->0(241)
[211.021s][info][gc,heap        ] GC(1248) Survivor regions: 1->1(31)
[211.021s][info][gc,heap        ] GC(1248) Old regions: 62->62
[211.021s][info][gc,heap        ] GC(1248) Humongous regions: 6->6
[211.021s][info][gc,metaspace   ] GC(1248) Metaspace: 72642K->72642K(1116160K)
[211.021s][info][gc             ] GC(1248) Pause Young (Normal) (G1 Evacuation Pause) 306M->65M(404M) 3.979ms
[211.021s][info][gc,cpu         ] GC(1248) User=0.00s Sys=0.00s Real=0.01s
[211.192s][info][gc,start       ] GC(1249) Pause Young (Normal) (G1 Evacuation Pause)
[211.192s][info][gc,task        ] GC(1249) Using 1 workers of 1 for evacuation
[211.196s][info][gc,phases      ] GC(1249)   Pre Evacuate Collection Set: 0.0ms
[211.196s][info][gc,phases      ] GC(1249)   Evacuate Collection Set: 3.2ms
[211.196s][info][gc,phases      ] GC(1249)   Post Evacuate Collection Set: 0.4ms
[211.196s][info][gc,phases      ] GC(1249)   Other: 0.4ms
[211.196s][info][gc,heap        ] GC(1249) Eden regions: 241->0(241)
[211.196s][info][gc,heap        ] GC(1249) Survivor regions: 1->1(31)
[211.196s][info][gc,heap        ] GC(1249) Old regions: 62->62
[211.196s][info][gc,heap        ] GC(1249) Humongous regions: 6->6
[211.196s][info][gc,metaspace   ] GC(1249) Metaspace: 72642K->72642K(1116160K)
[211.196s][info][gc             ] GC(1249) Pause Young (Normal) (G1 Evacuation Pause) 306M->65M(404M) 4.094ms
[211.196s][info][gc,cpu         ] GC(1249) User=0.01s Sys=0.00s Real=0.00s
[211.316s][info][gc,start       ] GC(1250) Pause Young (Normal) (G1 Evacuation Pause)
[211.316s][info][gc,task        ] GC(1250) Using 1 workers of 1 for evacuation
[211.319s][info][gc,phases      ] GC(1250)   Pre Evacuate Collection Set: 0.0ms
[211.319s][info][gc,phases      ] GC(1250)   Evacuate Collection Set: 2.7ms
[211.319s][info][gc,phases      ] GC(1250)   Post Evacuate Collection Set: 0.4ms
[211.319s][info][gc,phases      ] GC(1250)   Other: 0.4ms
[211.319s][info][gc,heap        ] GC(1250) Eden regions: 241->0(241)
[211.319s][info][gc,heap        ] GC(1250) Survivor regions: 1->1(31)
[211.319s][info][gc,heap        ] GC(1250) Old regions: 62->62
[211.319s][info][gc,heap        ] GC(1250) Humongous regions: 6->6
[211.319s][info][gc,metaspace   ] GC(1250) Metaspace: 72642K->72642K(1116160K)
[211.319s][info][gc             ] GC(1250) Pause Young (Normal) (G1 Evacuation Pause) 306M->65M(404M) 3.526ms
[211.319s][info][gc,cpu         ] GC(1250) User=0.00s Sys=0.00s Real=0.01s
[211.598s][info][gc,start       ] GC(1251) Pause Young (Normal) (G1 Evacuation Pause)
[211.598s][info][gc,task        ] GC(1251) Using 1 workers of 1 for evacuation
[211.603s][info][gc,phases      ] GC(1251)   Pre Evacuate Collection Set: 0.0ms
[211.603s][info][gc,phases      ] GC(1251)   Evacuate Collection Set: 3.5ms
[211.603s][info][gc,phases      ] GC(1251)   Post Evacuate Collection Set: 1.3ms
[211.603s][info][gc,phases      ] GC(1251)   Other: 0.4ms
[211.603s][info][gc,heap        ] GC(1251) Eden regions: 241->0(240)
[211.603s][info][gc,heap        ] GC(1251) Survivor regions: 1->2(31)
[211.603s][info][gc,heap        ] GC(1251) Old regions: 62->62
[211.603s][info][gc,heap        ] GC(1251) Humongous regions: 21->6
[211.603s][info][gc,metaspace   ] GC(1251) Metaspace: 72660K->72660K(1116160K)
[211.603s][info][gc             ] GC(1251) Pause Young (Normal) (G1 Evacuation Pause) 321M->66M(404M) 5.238ms
[211.603s][info][gc,cpu         ] GC(1251) User=0.01s Sys=0.00s Real=0.01s
[212.275s][info][gc,start       ] GC(1252) Pause Young (Normal) (G1 Evacuation Pause)
[212.275s][info][gc,task        ] GC(1252) Using 1 workers of 1 for evacuation
[212.280s][info][gc,phases      ] GC(1252)   Pre Evacuate Collection Set: 0.0ms
[212.280s][info][gc,phases      ] GC(1252)   Evacuate Collection Set: 4.5ms
[212.280s][info][gc,phases      ] GC(1252)   Post Evacuate Collection Set: 0.4ms
[212.280s][info][gc,phases      ] GC(1252)   Other: 0.5ms
[212.280s][info][gc,heap        ] GC(1252) Eden regions: 240->0(240)
[212.280s][info][gc,heap        ] GC(1252) Survivor regions: 2->2(31)
[212.280s][info][gc,heap        ] GC(1252) Old regions: 62->62
[212.280s][info][gc,heap        ] GC(1252) Humongous regions: 16->6
[212.280s][info][gc,metaspace   ] GC(1252) Metaspace: 72661K->72661K(1116160K)
[212.280s][info][gc             ] GC(1252) Pause Young (Normal) (G1 Evacuation Pause) 316M->66M(404M) 5.450ms
[212.280s][info][gc,cpu         ] GC(1252) User=0.00s Sys=0.00s Real=0.01s
[212.402s][info][gc,start       ] GC(1253) Pause Young (Normal) (G1 Evacuation Pause)
[212.402s][info][gc,task        ] GC(1253) Using 1 workers of 1 for evacuation
[212.407s][info][gc,phases      ] GC(1253)   Pre Evacuate Collection Set: 0.0ms
[212.407s][info][gc,phases      ] GC(1253)   Evacuate Collection Set: 4.0ms
[212.407s][info][gc,phases      ] GC(1253)   Post Evacuate Collection Set: 0.4ms
[212.407s][info][gc,phases      ] GC(1253)   Other: 0.4ms
[212.407s][info][gc,heap        ] GC(1253) Eden regions: 240->0(240)
[212.407s][info][gc,heap        ] GC(1253) Survivor regions: 2->2(31)
[212.407s][info][gc,heap        ] GC(1253) Old regions: 62->62
[212.407s][info][gc,heap        ] GC(1253) Humongous regions: 6->6
[212.407s][info][gc,metaspace   ] GC(1253) Metaspace: 72661K->72661K(1116160K)
[212.407s][info][gc             ] GC(1253) Pause Young (Normal) (G1 Evacuation Pause) 306M->66M(404M) 4.773ms
[212.407s][info][gc,cpu         ] GC(1253) User=0.00s Sys=0.00s Real=0.01s
[212.552s][info][gc,start       ] GC(1254) Pause Young (Normal) (G1 Evacuation Pause)
[212.552s][info][gc,task        ] GC(1254) Using 1 workers of 1 for evacuation
[212.557s][info][gc,phases      ] GC(1254)   Pre Evacuate Collection Set: 0.0ms
[212.557s][info][gc,phases      ] GC(1254)   Evacuate Collection Set: 3.9ms
[212.557s][info][gc,phases      ] GC(1254)   Post Evacuate Collection Set: 0.4ms
[212.557s][info][gc,phases      ] GC(1254)   Other: 0.3ms
[212.557s][info][gc,heap        ] GC(1254) Eden regions: 240->0(240)
[212.557s][info][gc,heap        ] GC(1254) Survivor regions: 2->2(31)
[212.557s][info][gc,heap        ] GC(1254) Old regions: 62->62
[212.557s][info][gc,heap        ] GC(1254) Humongous regions: 6->6
[212.557s][info][gc,metaspace   ] GC(1254) Metaspace: 72661K->72661K(1116160K)
[212.557s][info][gc             ] GC(1254) Pause Young (Normal) (G1 Evacuation Pause) 306M->66M(404M) 4.705ms
[212.557s][info][gc,cpu         ] GC(1254) User=0.00s Sys=0.00s Real=0.00s
[212.677s][info][gc,start       ] GC(1255) Pause Young (Normal) (G1 Evacuation Pause)
[212.677s][info][gc,task        ] GC(1255) Using 1 workers of 1 for evacuation
[212.682s][info][gc,phases      ] GC(1255)   Pre Evacuate Collection Set: 0.0ms
[212.682s][info][gc,phases      ] GC(1255)   Evacuate Collection Set: 3.9ms
[212.682s][info][gc,phases      ] GC(1255)   Post Evacuate Collection Set: 0.4ms
[212.682s][info][gc,phases      ] GC(1255)   Other: 0.4ms
[212.682s][info][gc,heap        ] GC(1255) Eden regions: 240->0(240)
[212.682s][info][gc,heap        ] GC(1255) Survivor regions: 2->2(31)
[212.682s][info][gc,heap        ] GC(1255) Old regions: 62->62
[212.682s][info][gc,heap        ] GC(1255) Humongous regions: 6->6
[212.682s][info][gc,metaspace   ] GC(1255) Metaspace: 72661K->72661K(1116160K)
[212.682s][info][gc             ] GC(1255) Pause Young (Normal) (G1 Evacuation Pause) 306M->66M(404M) 4.792ms
[212.682s][info][gc,cpu         ] GC(1255) User=0.01s Sys=0.00s Real=0.01s
[212.816s][info][gc,start       ] GC(1256) Pause Young (Normal) (G1 Evacuation Pause)
[212.816s][info][gc,task        ] GC(1256) Using 1 workers of 1 for evacuation
[212.822s][info][gc,phases      ] GC(1256)   Pre Evacuate Collection Set: 0.0ms
[212.822s][info][gc,phases      ] GC(1256)   Evacuate Collection Set: 4.9ms
[212.822s][info][gc,phases      ] GC(1256)   Post Evacuate Collection Set: 0.4ms
[212.822s][info][gc,phases      ] GC(1256)   Other: 0.4ms
[212.822s][info][gc,heap        ] GC(1256) Eden regions: 240->0(240)
[212.822s][info][gc,heap        ] GC(1256) Survivor regions: 2->2(31)
[212.822s][info][gc,heap        ] GC(1256) Old regions: 62->62
[212.822s][info][gc,heap        ] GC(1256) Humongous regions: 6->6
[212.822s][info][gc,metaspace   ] GC(1256) Metaspace: 72661K->72661K(1116160K)
[212.822s][info][gc             ] GC(1256) Pause Young (Normal) (G1 Evacuation Pause) 306M->66M(404M) 6.107ms
[212.822s][info][gc,cpu         ] GC(1256) User=0.01s Sys=0.00s Real=0.01s
[212.953s][info][gc,start       ] GC(1257) Pause Young (Normal) (G1 Evacuation Pause)
[212.953s][info][gc,task        ] GC(1257) Using 1 workers of 1 for evacuation
[212.957s][info][gc,phases      ] GC(1257)   Pre Evacuate Collection Set: 0.0ms
[212.957s][info][gc,phases      ] GC(1257)   Evacuate Collection Set: 4.0ms
[212.957s][info][gc,phases      ] GC(1257)   Post Evacuate Collection Set: 0.4ms
[212.957s][info][gc,phases      ] GC(1257)   Other: 0.4ms
[212.957s][info][gc,heap        ] GC(1257) Eden regions: 240->0(240)
[212.957s][info][gc,heap        ] GC(1257) Survivor regions: 2->2(31)
[212.957s][info][gc,heap        ] GC(1257) Old regions: 62->62
[212.957s][info][gc,heap        ] GC(1257) Humongous regions: 6->6
[212.957s][info][gc,metaspace   ] GC(1257) Metaspace: 72661K->72661K(1116160K)
[212.957s][info][gc             ] GC(1257) Pause Young (Normal) (G1 Evacuation Pause) 306M->66M(404M) 4.894ms
[212.958s][info][gc,cpu         ] GC(1257) User=0.00s Sys=0.00s Real=0.00s
[213.113s][info][gc,start       ] GC(1258) Pause Young (Normal) (G1 Evacuation Pause)
[213.113s][info][gc,task        ] GC(1258) Using 1 workers of 1 for evacuation
[213.118s][info][gc,phases      ] GC(1258)   Pre Evacuate Collection Set: 0.0ms
[213.118s][info][gc,phases      ] GC(1258)   Evacuate Collection Set: 4.0ms
[213.118s][info][gc,phases      ] GC(1258)   Post Evacuate Collection Set: 0.4ms
[213.118s][info][gc,phases      ] GC(1258)   Other: 0.3ms
[213.118s][info][gc,heap        ] GC(1258) Eden regions: 240->0(240)
[213.118s][info][gc,heap        ] GC(1258) Survivor regions: 2->2(31)
[213.118s][info][gc,heap        ] GC(1258) Old regions: 62->62
[213.118s][info][gc,heap        ] GC(1258) Humongous regions: 11->6
[213.118s][info][gc,metaspace   ] GC(1258) Metaspace: 72666K->72666K(1116160K)
[213.118s][info][gc             ] GC(1258) Pause Young (Normal) (G1 Evacuation Pause) 311M->66M(404M) 4.798ms
[213.118s][info][gc,cpu         ] GC(1258) User=0.01s Sys=0.00s Real=0.00s
[213.278s][info][gc,start       ] GC(1259) Pause Young (Normal) (G1 Evacuation Pause)
[213.278s][info][gc,task        ] GC(1259) Using 1 workers of 1 for evacuation
[213.283s][info][gc,phases      ] GC(1259)   Pre Evacuate Collection Set: 0.0ms
[213.283s][info][gc,phases      ] GC(1259)   Evacuate Collection Set: 3.8ms
[213.283s][info][gc,phases      ] GC(1259)   Post Evacuate Collection Set: 0.4ms
[213.283s][info][gc,phases      ] GC(1259)   Other: 0.4ms
[213.283s][info][gc,heap        ] GC(1259) Eden regions: 240->0(240)
[213.283s][info][gc,heap        ] GC(1259) Survivor regions: 2->2(31)
[213.283s][info][gc,heap        ] GC(1259) Old regions: 62->62
[213.283s][info][gc,heap        ] GC(1259) Humongous regions: 6->6
[213.283s][info][gc,metaspace   ] GC(1259) Metaspace: 72666K->72666K(1116160K)
[213.283s][info][gc             ] GC(1259) Pause Young (Normal) (G1 Evacuation Pause) 306M->66M(404M) 4.695ms
[213.283s][info][gc,cpu         ] GC(1259) User=0.00s Sys=0.00s Real=0.01s
[213.406s][info][gc,start       ] GC(1260) Pause Young (Normal) (G1 Evacuation Pause)
[213.407s][info][gc,task        ] GC(1260) Using 1 workers of 1 for evacuation
[213.418s][info][gc,phases      ] GC(1260)   Pre Evacuate Collection Set: 0.1ms
[213.418s][info][gc,phases      ] GC(1260)   Evacuate Collection Set: 9.3ms
[213.418s][info][gc,phases      ] GC(1260)   Post Evacuate Collection Set: 0.9ms
[213.418s][info][gc,phases      ] GC(1260)   Other: 1.2ms
[213.418s][info][gc,heap        ] GC(1260) Eden regions: 240->0(240)
[213.418s][info][gc,heap        ] GC(1260) Survivor regions: 2->2(31)
[213.418s][info][gc,heap        ] GC(1260) Old regions: 62->62
[213.418s][info][gc,heap        ] GC(1260) Humongous regions: 6->6
[213.418s][info][gc,metaspace   ] GC(1260) Metaspace: 72666K->72666K(1116160K)
[213.418s][info][gc             ] GC(1260) Pause Young (Normal) (G1 Evacuation Pause) 306M->66M(404M) 11.520ms
[213.418s][info][gc,cpu         ] GC(1260) User=0.02s Sys=0.00s Real=0.00s
[213.569s][info][gc,start       ] GC(1261) Pause Young (Normal) (G1 Evacuation Pause)
[213.569s][info][gc,task        ] GC(1261) Using 1 workers of 1 for evacuation
[213.574s][info][gc,phases      ] GC(1261)   Pre Evacuate Collection Set: 0.0ms
[213.574s][info][gc,phases      ] GC(1261)   Evacuate Collection Set: 3.7ms
[213.574s][info][gc,phases      ] GC(1261)   Post Evacuate Collection Set: 0.4ms
[213.574s][info][gc,phases      ] GC(1261)   Other: 0.3ms
[213.574s][info][gc,heap        ] GC(1261) Eden regions: 240->0(240)
[213.574s][info][gc,heap        ] GC(1261) Survivor regions: 2->2(31)
[213.574s][info][gc,heap        ] GC(1261) Old regions: 62->62
[213.574s][info][gc,heap        ] GC(1261) Humongous regions: 6->6
[213.574s][info][gc,metaspace   ] GC(1261) Metaspace: 72666K->72666K(1116160K)
[213.574s][info][gc             ] GC(1261) Pause Young (Normal) (G1 Evacuation Pause) 306M->66M(404M) 4.470ms
[213.574s][info][gc,cpu         ] GC(1261) User=0.00s Sys=0.00s Real=0.00s
[213.700s][info][gc,start       ] GC(1262) Pause Young (Normal) (G1 Evacuation Pause)
[213.700s][info][gc,task        ] GC(1262) Using 1 workers of 1 for evacuation
[213.705s][info][gc,phases      ] GC(1262)   Pre Evacuate Collection Set: 0.0ms
[213.705s][info][gc,phases      ] GC(1262)   Evacuate Collection Set: 4.5ms
[213.705s][info][gc,phases      ] GC(1262)   Post Evacuate Collection Set: 0.4ms
[213.705s][info][gc,phases      ] GC(1262)   Other: 0.5ms
[213.705s][info][gc,heap        ] GC(1262) Eden regions: 240->0(240)
[213.705s][info][gc,heap        ] GC(1262) Survivor regions: 2->2(31)
[213.705s][info][gc,heap        ] GC(1262) Old regions: 62->62
[213.705s][info][gc,heap        ] GC(1262) Humongous regions: 6->6
[213.705s][info][gc,metaspace   ] GC(1262) Metaspace: 72666K->72666K(1116160K)
[213.705s][info][gc             ] GC(1262) Pause Young (Normal) (G1 Evacuation Pause) 306M->66M(404M) 5.535ms
[213.705s][info][gc,cpu         ] GC(1262) User=0.00s Sys=0.00s Real=0.00s
[213.847s][info][gc,start       ] GC(1263) Pause Young (Normal) (G1 Evacuation Pause)
[213.847s][info][gc,task        ] GC(1263) Using 1 workers of 1 for evacuation
[213.857s][info][gc,phases      ] GC(1263)   Pre Evacuate Collection Set: 0.1ms
[213.857s][info][gc,phases      ] GC(1263)   Evacuate Collection Set: 8.9ms
[213.857s][info][gc,phases      ] GC(1263)   Post Evacuate Collection Set: 1.1ms
[213.857s][info][gc,phases      ] GC(1263)   Other: 0.7ms
[213.857s][info][gc,heap        ] GC(1263) Eden regions: 240->0(240)
[213.857s][info][gc,heap        ] GC(1263) Survivor regions: 2->2(31)
[213.857s][info][gc,heap        ] GC(1263) Old regions: 62->62
[213.857s][info][gc,heap        ] GC(1263) Humongous regions: 6->6
[213.857s][info][gc,metaspace   ] GC(1263) Metaspace: 72666K->72666K(1116160K)
[213.857s][info][gc             ] GC(1263) Pause Young (Normal) (G1 Evacuation Pause) 306M->66M(404M) 10.868ms
[213.858s][info][gc,cpu         ] GC(1263) User=0.01s Sys=0.01s Real=0.00s
[214.049s][info][gc,start       ] GC(1264) Pause Young (Normal) (G1 Evacuation Pause)
[214.049s][info][gc,task        ] GC(1264) Using 1 workers of 1 for evacuation
[214.054s][info][gc,phases      ] GC(1264)   Pre Evacuate Collection Set: 0.0ms
[214.054s][info][gc,phases      ] GC(1264)   Evacuate Collection Set: 4.1ms
[214.054s][info][gc,phases      ] GC(1264)   Post Evacuate Collection Set: 0.4ms
[214.054s][info][gc,phases      ] GC(1264)   Other: 0.5ms
[214.054s][info][gc,heap        ] GC(1264) Eden regions: 240->0(240)
[214.054s][info][gc,heap        ] GC(1264) Survivor regions: 2->2(31)
[214.054s][info][gc,heap        ] GC(1264) Old regions: 62->62
[214.054s][info][gc,heap        ] GC(1264) Humongous regions: 6->6
[214.054s][info][gc,metaspace   ] GC(1264) Metaspace: 72666K->72666K(1116160K)
[214.054s][info][gc             ] GC(1264) Pause Young (Normal) (G1 Evacuation Pause) 306M->66M(404M) 5.119ms
[214.054s][info][gc,cpu         ] GC(1264) User=0.01s Sys=0.00s Real=0.00s
[214.227s][info][gc,start       ] GC(1265) Pause Young (Normal) (G1 Evacuation Pause)
[214.227s][info][gc,task        ] GC(1265) Using 1 workers of 1 for evacuation
[214.232s][info][gc,phases      ] GC(1265)   Pre Evacuate Collection Set: 0.0ms
[214.232s][info][gc,phases      ] GC(1265)   Evacuate Collection Set: 4.0ms
[214.232s][info][gc,phases      ] GC(1265)   Post Evacuate Collection Set: 0.4ms
[214.232s][info][gc,phases      ] GC(1265)   Other: 0.3ms
[214.232s][info][gc,heap        ] GC(1265) Eden regions: 240->0(240)
[214.232s][info][gc,heap        ] GC(1265) Survivor regions: 2->2(31)
[214.232s][info][gc,heap        ] GC(1265) Old regions: 62->62
[214.232s][info][gc,heap        ] GC(1265) Humongous regions: 11->6
[214.232s][info][gc,metaspace   ] GC(1265) Metaspace: 72681K->72681K(1116160K)
[214.232s][info][gc             ] GC(1265) Pause Young (Normal) (G1 Evacuation Pause) 311M->67M(404M) 4.766ms
[214.232s][info][gc,cpu         ] GC(1265) User=0.00s Sys=0.00s Real=0.00s
[214.361s][info][gc,start       ] GC(1266) Pause Young (Normal) (G1 Evacuation Pause)
[214.361s][info][gc,task        ] GC(1266) Using 1 workers of 1 for evacuation
[214.365s][info][gc,phases      ] GC(1266)   Pre Evacuate Collection Set: 0.0ms
[214.365s][info][gc,phases      ] GC(1266)   Evacuate Collection Set: 3.8ms
[214.365s][info][gc,phases      ] GC(1266)   Post Evacuate Collection Set: 0.4ms
[214.366s][info][gc,phases      ] GC(1266)   Other: 0.4ms
[214.366s][info][gc,heap        ] GC(1266) Eden regions: 240->0(240)
[214.366s][info][gc,heap        ] GC(1266) Survivor regions: 2->2(31)
[214.366s][info][gc,heap        ] GC(1266) Old regions: 62->62
[214.366s][info][gc,heap        ] GC(1266) Humongous regions: 6->6
[214.366s][info][gc,metaspace   ] GC(1266) Metaspace: 72681K->72681K(1116160K)
[214.366s][info][gc             ] GC(1266) Pause Young (Normal) (G1 Evacuation Pause) 307M->67M(404M) 4.699ms
[214.366s][info][gc,cpu         ] GC(1266) User=0.00s Sys=0.00s Real=0.00s
[214.484s][info][gc,start       ] GC(1267) Pause Young (Normal) (G1 Evacuation Pause)
[214.484s][info][gc,task        ] GC(1267) Using 1 workers of 1 for evacuation
[214.488s][info][gc,phases      ] GC(1267)   Pre Evacuate Collection Set: 0.0ms
[214.488s][info][gc,phases      ] GC(1267)   Evacuate Collection Set: 3.3ms
[214.488s][info][gc,phases      ] GC(1267)   Post Evacuate Collection Set: 0.4ms
[214.488s][info][gc,phases      ] GC(1267)   Other: 0.4ms
[214.488s][info][gc,heap        ] GC(1267) Eden regions: 240->0(241)
[214.488s][info][gc,heap        ] GC(1267) Survivor regions: 2->1(31)
[214.488s][info][gc,heap        ] GC(1267) Old regions: 62->63
[214.488s][info][gc,heap        ] GC(1267) Humongous regions: 6->6
[214.488s][info][gc,metaspace   ] GC(1267) Metaspace: 72681K->72681K(1116160K)
[214.488s][info][gc             ] GC(1267) Pause Young (Normal) (G1 Evacuation Pause) 307M->66M(404M) 4.136ms
[214.488s][info][gc,cpu         ] GC(1267) User=0.01s Sys=0.00s Real=0.01s
[214.626s][info][gc,start       ] GC(1268) Pause Young (Normal) (G1 Evacuation Pause)
[214.626s][info][gc,task        ] GC(1268) Using 1 workers of 1 for evacuation
[214.630s][info][gc,phases      ] GC(1268)   Pre Evacuate Collection Set: 0.1ms
[214.630s][info][gc,phases      ] GC(1268)   Evacuate Collection Set: 2.9ms
[214.630s][info][gc,phases      ] GC(1268)   Post Evacuate Collection Set: 0.4ms
[214.630s][info][gc,phases      ] GC(1268)   Other: 0.5ms
[214.630s][info][gc,heap        ] GC(1268) Eden regions: 241->0(241)
[214.630s][info][gc,heap        ] GC(1268) Survivor regions: 1->1(31)
[214.630s][info][gc,heap        ] GC(1268) Old regions: 63->63
[214.630s][info][gc,heap        ] GC(1268) Humongous regions: 6->6
[214.630s][info][gc,metaspace   ] GC(1268) Metaspace: 72681K->72681K(1116160K)
[214.630s][info][gc             ] GC(1268) Pause Young (Normal) (G1 Evacuation Pause) 307M->67M(404M) 3.832ms
[214.630s][info][gc,cpu         ] GC(1268) User=0.01s Sys=0.00s Real=0.01s
[214.835s][info][gc,start       ] GC(1269) Pause Young (Normal) (G1 Evacuation Pause)
[214.835s][info][gc,task        ] GC(1269) Using 1 workers of 1 for evacuation
[214.842s][info][gc,phases      ] GC(1269)   Pre Evacuate Collection Set: 0.1ms
[214.843s][info][gc,phases      ] GC(1269)   Evacuate Collection Set: 6.1ms
[214.843s][info][gc,phases      ] GC(1269)   Post Evacuate Collection Set: 0.6ms
[214.843s][info][gc,phases      ] GC(1269)   Other: 1.1ms
[214.843s][info][gc,heap        ] GC(1269) Eden regions: 241->0(241)
[214.843s][info][gc,heap        ] GC(1269) Survivor regions: 1->1(31)
[214.843s][info][gc,heap        ] GC(1269) Old regions: 63->63
[214.843s][info][gc,heap        ] GC(1269) Humongous regions: 6->6
[214.843s][info][gc,metaspace   ] GC(1269) Metaspace: 72681K->72681K(1116160K)
[214.843s][info][gc             ] GC(1269) Pause Young (Normal) (G1 Evacuation Pause) 308M->66M(404M) 7.709ms
[214.843s][info][gc,cpu         ] GC(1269) User=0.00s Sys=0.01s Real=0.01s
[214.982s][info][gc,start       ] GC(1270) Pause Young (Normal) (G1 Evacuation Pause)
[214.982s][info][gc,task        ] GC(1270) Using 1 workers of 1 for evacuation
[214.990s][info][gc,phases      ] GC(1270)   Pre Evacuate Collection Set: 0.1ms
[214.990s][info][gc,phases      ] GC(1270)   Evacuate Collection Set: 5.9ms
[214.990s][info][gc,phases      ] GC(1270)   Post Evacuate Collection Set: 0.8ms
[214.990s][info][gc,phases      ] GC(1270)   Other: 0.6ms
[214.990s][info][gc,heap        ] GC(1270) Eden regions: 241->0(241)
[214.990s][info][gc,heap        ] GC(1270) Survivor regions: 1->1(31)
[214.990s][info][gc,heap        ] GC(1270) Old regions: 63->63
[214.990s][info][gc,heap        ] GC(1270) Humongous regions: 6->6
[214.990s][info][gc,metaspace   ] GC(1270) Metaspace: 72681K->72681K(1116160K)
[214.990s][info][gc             ] GC(1270) Pause Young (Normal) (G1 Evacuation Pause) 307M->66M(404M) 7.480ms
[214.990s][info][gc,cpu         ] GC(1270) User=0.01s Sys=0.00s Real=0.01s
[215.202s][info][gc,start       ] GC(1271) Pause Young (Normal) (G1 Evacuation Pause)
[215.202s][info][gc,task        ] GC(1271) Using 1 workers of 1 for evacuation
[215.205s][info][gc,phases      ] GC(1271)   Pre Evacuate Collection Set: 0.0ms
[215.205s][info][gc,phases      ] GC(1271)   Evacuate Collection Set: 2.5ms
[215.205s][info][gc,phases      ] GC(1271)   Post Evacuate Collection Set: 0.3ms
[215.205s][info][gc,phases      ] GC(1271)   Other: 0.4ms
[215.205s][info][gc,heap        ] GC(1271) Eden regions: 241->0(241)
[215.205s][info][gc,heap        ] GC(1271) Survivor regions: 1->1(31)
[215.205s][info][gc,heap        ] GC(1271) Old regions: 63->63
[215.205s][info][gc,heap        ] GC(1271) Humongous regions: 11->6
[215.205s][info][gc,metaspace   ] GC(1271) Metaspace: 72683K->72683K(1116160K)
[215.205s][info][gc             ] GC(1271) Pause Young (Normal) (G1 Evacuation Pause) 312M->66M(404M) 3.302ms
[215.205s][info][gc,cpu         ] GC(1271) User=0.00s Sys=0.00s Real=0.00s
[215.353s][info][gc,start       ] GC(1272) Pause Young (Normal) (G1 Evacuation Pause)
[215.353s][info][gc,task        ] GC(1272) Using 1 workers of 1 for evacuation
[215.357s][info][gc,phases      ] GC(1272)   Pre Evacuate Collection Set: 0.1ms
[215.357s][info][gc,phases      ] GC(1272)   Evacuate Collection Set: 3.1ms
[215.357s][info][gc,phases      ] GC(1272)   Post Evacuate Collection Set: 0.4ms
[215.357s][info][gc,phases      ] GC(1272)   Other: 0.6ms
[215.357s][info][gc,heap        ] GC(1272) Eden regions: 241->0(241)
[215.357s][info][gc,heap        ] GC(1272) Survivor regions: 1->1(31)
[215.357s][info][gc,heap        ] GC(1272) Old regions: 63->63
[215.357s][info][gc,heap        ] GC(1272) Humongous regions: 6->6
[215.357s][info][gc,metaspace   ] GC(1272) Metaspace: 72683K->72683K(1116160K)
[215.357s][info][gc             ] GC(1272) Pause Young (Normal) (G1 Evacuation Pause) 307M->66M(404M) 4.225ms
[215.357s][info][gc,cpu         ] GC(1272) User=0.00s Sys=0.00s Real=0.00s
[215.480s][info][gc,start       ] GC(1273) Pause Young (Normal) (G1 Evacuation Pause)
[215.480s][info][gc,task        ] GC(1273) Using 1 workers of 1 for evacuation
[215.483s][info][gc,phases      ] GC(1273)   Pre Evacuate Collection Set: 0.0ms
[215.483s][info][gc,phases      ] GC(1273)   Evacuate Collection Set: 2.5ms
[215.483s][info][gc,phases      ] GC(1273)   Post Evacuate Collection Set: 0.4ms
[215.483s][info][gc,phases      ] GC(1273)   Other: 0.3ms
[215.483s][info][gc,heap        ] GC(1273) Eden regions: 241->0(241)
[215.483s][info][gc,heap        ] GC(1273) Survivor regions: 1->1(31)
[215.483s][info][gc,heap        ] GC(1273) Old regions: 63->63
[215.483s][info][gc,heap        ] GC(1273) Humongous regions: 6->6
[215.483s][info][gc,metaspace   ] GC(1273) Metaspace: 72683K->72683K(1116160K)
[215.483s][info][gc             ] GC(1273) Pause Young (Normal) (G1 Evacuation Pause) 307M->66M(404M) 3.192ms
[215.483s][info][gc,cpu         ] GC(1273) User=0.00s Sys=0.00s Real=0.00s
[215.603s][info][gc,start       ] GC(1274) Pause Young (Normal) (G1 Evacuation Pause)
[215.603s][info][gc,task        ] GC(1274) Using 1 workers of 1 for evacuation
[215.606s][info][gc,phases      ] GC(1274)   Pre Evacuate Collection Set: 0.0ms
[215.606s][info][gc,phases      ] GC(1274)   Evacuate Collection Set: 2.5ms
[215.606s][info][gc,phases      ] GC(1274)   Post Evacuate Collection Set: 0.3ms
[215.606s][info][gc,phases      ] GC(1274)   Other: 0.3ms
[215.606s][info][gc,heap        ] GC(1274) Eden regions: 241->0(241)
[215.606s][info][gc,heap        ] GC(1274) Survivor regions: 1->1(31)
[215.606s][info][gc,heap        ] GC(1274) Old regions: 63->63
[215.606s][info][gc,heap        ] GC(1274) Humongous regions: 6->6
[215.606s][info][gc,metaspace   ] GC(1274) Metaspace: 72683K->72683K(1116160K)
[215.606s][info][gc             ] GC(1274) Pause Young (Normal) (G1 Evacuation Pause) 307M->66M(404M) 3.162ms
[215.606s][info][gc,cpu         ] GC(1274) User=0.00s Sys=0.00s Real=0.00s
[215.727s][info][gc,start       ] GC(1275) Pause Young (Normal) (G1 Evacuation Pause)
[215.728s][info][gc,task        ] GC(1275) Using 1 workers of 1 for evacuation
[215.731s][info][gc,phases      ] GC(1275)   Pre Evacuate Collection Set: 0.0ms
[215.731s][info][gc,phases      ] GC(1275)   Evacuate Collection Set: 2.5ms
[215.731s][info][gc,phases      ] GC(1275)   Post Evacuate Collection Set: 0.3ms
[215.731s][info][gc,phases      ] GC(1275)   Other: 0.3ms
[215.731s][info][gc,heap        ] GC(1275) Eden regions: 241->0(241)
[215.731s][info][gc,heap        ] GC(1275) Survivor regions: 1->1(31)
[215.731s][info][gc,heap        ] GC(1275) Old regions: 63->63
[215.731s][info][gc,heap        ] GC(1275) Humongous regions: 6->6
[215.731s][info][gc,metaspace   ] GC(1275) Metaspace: 72683K->72683K(1116160K)
[215.731s][info][gc             ] GC(1275) Pause Young (Normal) (G1 Evacuation Pause) 307M->66M(404M) 3.270ms
[215.731s][info][gc,cpu         ] GC(1275) User=0.00s Sys=0.00s Real=0.00s
[215.862s][info][gc,start       ] GC(1276) Pause Young (Normal) (G1 Evacuation Pause)
[215.862s][info][gc,task        ] GC(1276) Using 1 workers of 1 for evacuation
[215.866s][info][gc,phases      ] GC(1276)   Pre Evacuate Collection Set: 0.0ms
[215.866s][info][gc,phases      ] GC(1276)   Evacuate Collection Set: 2.8ms
[215.866s][info][gc,phases      ] GC(1276)   Post Evacuate Collection Set: 0.4ms
[215.866s][info][gc,phases      ] GC(1276)   Other: 0.4ms
[215.866s][info][gc,heap        ] GC(1276) Eden regions: 241->0(241)
[215.866s][info][gc,heap        ] GC(1276) Survivor regions: 1->1(31)
[215.866s][info][gc,heap        ] GC(1276) Old regions: 63->63
[215.866s][info][gc,heap        ] GC(1276) Humongous regions: 6->6
[215.866s][info][gc,metaspace   ] GC(1276) Metaspace: 72683K->72683K(1116160K)
[215.866s][info][gc             ] GC(1276) Pause Young (Normal) (G1 Evacuation Pause) 307M->66M(404M) 3.788ms
[215.866s][info][gc,cpu         ] GC(1276) User=0.01s Sys=0.00s Real=0.00s
[216.008s][info][gc,start       ] GC(1277) Pause Young (Normal) (G1 Evacuation Pause)
[216.008s][info][gc,task        ] GC(1277) Using 1 workers of 1 for evacuation
[216.012s][info][gc,phases      ] GC(1277)   Pre Evacuate Collection Set: 0.0ms
[216.012s][info][gc,phases      ] GC(1277)   Evacuate Collection Set: 2.8ms
[216.012s][info][gc,phases      ] GC(1277)   Post Evacuate Collection Set: 0.4ms
[216.012s][info][gc,phases      ] GC(1277)   Other: 0.3ms
[216.012s][info][gc,heap        ] GC(1277) Eden regions: 241->0(241)
[216.012s][info][gc,heap        ] GC(1277) Survivor regions: 1->1(31)
[216.012s][info][gc,heap        ] GC(1277) Old regions: 63->63
[216.012s][info][gc,heap        ] GC(1277) Humongous regions: 11->6
[216.012s][info][gc,metaspace   ] GC(1277) Metaspace: 72684K->72684K(1116160K)
[216.012s][info][gc             ] GC(1277) Pause Young (Normal) (G1 Evacuation Pause) 312M->67M(404M) 3.599ms
[216.012s][info][gc,cpu         ] GC(1277) User=0.00s Sys=0.00s Real=0.00s
[216.134s][info][gc,start       ] GC(1278) Pause Young (Normal) (G1 Evacuation Pause)
[216.134s][info][gc,task        ] GC(1278) Using 1 workers of 1 for evacuation
[216.138s][info][gc,phases      ] GC(1278)   Pre Evacuate Collection Set: 0.0ms
[216.138s][info][gc,phases      ] GC(1278)   Evacuate Collection Set: 2.8ms
[216.138s][info][gc,phases      ] GC(1278)   Post Evacuate Collection Set: 0.4ms
[216.138s][info][gc,phases      ] GC(1278)   Other: 0.4ms
[216.138s][info][gc,heap        ] GC(1278) Eden regions: 241->0(241)
[216.138s][info][gc,heap        ] GC(1278) Survivor regions: 1->1(31)
[216.138s][info][gc,heap        ] GC(1278) Old regions: 63->63
[216.138s][info][gc,heap        ] GC(1278) Humongous regions: 6->6
[216.138s][info][gc,metaspace   ] GC(1278) Metaspace: 72684K->72684K(1116160K)
[216.138s][info][gc             ] GC(1278) Pause Young (Normal) (G1 Evacuation Pause) 308M->67M(404M) 3.671ms
[216.138s][info][gc,cpu         ] GC(1278) User=0.00s Sys=0.00s Real=0.00s
[216.262s][info][gc,start       ] GC(1279) Pause Young (Normal) (G1 Evacuation Pause)
[216.262s][info][gc,task        ] GC(1279) Using 1 workers of 1 for evacuation
[216.266s][info][gc,phases      ] GC(1279)   Pre Evacuate Collection Set: 0.0ms
[216.266s][info][gc,phases      ] GC(1279)   Evacuate Collection Set: 2.8ms
[216.266s][info][gc,phases      ] GC(1279)   Post Evacuate Collection Set: 0.4ms
[216.266s][info][gc,phases      ] GC(1279)   Other: 1.0ms
[216.266s][info][gc,heap        ] GC(1279) Eden regions: 241->0(241)
[216.266s][info][gc,heap        ] GC(1279) Survivor regions: 1->1(31)
[216.266s][info][gc,heap        ] GC(1279) Old regions: 63->63
[216.266s][info][gc,heap        ] GC(1279) Humongous regions: 6->6
[216.266s][info][gc,metaspace   ] GC(1279) Metaspace: 72684K->72684K(1116160K)
[216.266s][info][gc             ] GC(1279) Pause Young (Normal) (G1 Evacuation Pause) 308M->67M(404M) 4.293ms
[216.267s][info][gc,cpu         ] GC(1279) User=0.01s Sys=0.00s Real=0.01s
[216.386s][info][gc,start       ] GC(1280) Pause Young (Normal) (G1 Evacuation Pause)
[216.386s][info][gc,task        ] GC(1280) Using 1 workers of 1 for evacuation
[216.390s][info][gc,phases      ] GC(1280)   Pre Evacuate Collection Set: 0.0ms
[216.390s][info][gc,phases      ] GC(1280)   Evacuate Collection Set: 3.1ms
[216.390s][info][gc,phases      ] GC(1280)   Post Evacuate Collection Set: 0.3ms
[216.390s][info][gc,phases      ] GC(1280)   Other: 0.4ms
[216.390s][info][gc,heap        ] GC(1280) Eden regions: 241->0(241)
[216.390s][info][gc,heap        ] GC(1280) Survivor regions: 1->1(31)
[216.390s][info][gc,heap        ] GC(1280) Old regions: 63->63
[216.390s][info][gc,heap        ] GC(1280) Humongous regions: 6->6
[216.390s][info][gc,metaspace   ] GC(1280) Metaspace: 72684K->72684K(1116160K)
[216.390s][info][gc             ] GC(1280) Pause Young (Normal) (G1 Evacuation Pause) 308M->66M(404M) 3.945ms
[216.390s][info][gc,cpu         ] GC(1280) User=0.00s Sys=0.00s Real=0.00s
[216.508s][info][gc,start       ] GC(1281) Pause Young (Normal) (G1 Evacuation Pause)
[216.508s][info][gc,task        ] GC(1281) Using 1 workers of 1 for evacuation
[216.511s][info][gc,phases      ] GC(1281)   Pre Evacuate Collection Set: 0.0ms
[216.511s][info][gc,phases      ] GC(1281)   Evacuate Collection Set: 2.6ms
[216.511s][info][gc,phases      ] GC(1281)   Post Evacuate Collection Set: 0.3ms
[216.511s][info][gc,phases      ] GC(1281)   Other: 0.3ms
[216.511s][info][gc,heap        ] GC(1281) Eden regions: 241->0(241)
[216.511s][info][gc,heap        ] GC(1281) Survivor regions: 1->1(31)
[216.511s][info][gc,heap        ] GC(1281) Old regions: 63->63
[216.511s][info][gc,heap        ] GC(1281) Humongous regions: 6->6
[216.511s][info][gc,metaspace   ] GC(1281) Metaspace: 72684K->72684K(1116160K)
[216.511s][info][gc             ] GC(1281) Pause Young (Normal) (G1 Evacuation Pause) 307M->67M(404M) 3.358ms
[216.512s][info][gc,cpu         ] GC(1281) User=0.01s Sys=0.00s Real=0.00s
[216.632s][info][gc,start       ] GC(1282) Pause Young (Normal) (G1 Evacuation Pause)
[216.632s][info][gc,task        ] GC(1282) Using 1 workers of 1 for evacuation
[216.636s][info][gc,phases      ] GC(1282)   Pre Evacuate Collection Set: 0.0ms
[216.636s][info][gc,phases      ] GC(1282)   Evacuate Collection Set: 3.2ms
[216.636s][info][gc,phases      ] GC(1282)   Post Evacuate Collection Set: 0.4ms
[216.636s][info][gc,phases      ] GC(1282)   Other: 0.3ms
[216.636s][info][gc,heap        ] GC(1282) Eden regions: 241->0(241)
[216.636s][info][gc,heap        ] GC(1282) Survivor regions: 1->1(31)
[216.636s][info][gc,heap        ] GC(1282) Old regions: 63->63
[216.636s][info][gc,heap        ] GC(1282) Humongous regions: 6->6
[216.636s][info][gc,metaspace   ] GC(1282) Metaspace: 72684K->72684K(1116160K)
[216.636s][info][gc             ] GC(1282) Pause Young (Normal) (G1 Evacuation Pause) 308M->67M(404M) 3.959ms
[216.636s][info][gc,cpu         ] GC(1282) User=0.00s Sys=0.00s Real=0.00s
[216.792s][info][gc,start       ] GC(1283) Pause Young (Normal) (G1 Evacuation Pause)
[216.793s][info][gc,task        ] GC(1283) Using 1 workers of 1 for evacuation
[216.796s][info][gc,phases      ] GC(1283)   Pre Evacuate Collection Set: 0.0ms
[216.796s][info][gc,phases      ] GC(1283)   Evacuate Collection Set: 2.9ms
[216.796s][info][gc,phases      ] GC(1283)   Post Evacuate Collection Set: 0.4ms
[216.796s][info][gc,phases      ] GC(1283)   Other: 0.4ms
[216.796s][info][gc,heap        ] GC(1283) Eden regions: 241->0(241)
[216.796s][info][gc,heap        ] GC(1283) Survivor regions: 1->1(31)
[216.796s][info][gc,heap        ] GC(1283) Old regions: 63->63
[216.796s][info][gc,heap        ] GC(1283) Humongous regions: 11->6
[216.796s][info][gc,metaspace   ] GC(1283) Metaspace: 72687K->72687K(1116160K)
[216.796s][info][gc             ] GC(1283) Pause Young (Normal) (G1 Evacuation Pause) 313M->66M(404M) 3.824ms
[216.796s][info][gc,cpu         ] GC(1283) User=0.00s Sys=0.00s Real=0.00s
[216.938s][info][gc,start       ] GC(1284) Pause Young (Normal) (G1 Evacuation Pause)
[216.938s][info][gc,task        ] GC(1284) Using 1 workers of 1 for evacuation
[216.942s][info][gc,phases      ] GC(1284)   Pre Evacuate Collection Set: 0.0ms
[216.942s][info][gc,phases      ] GC(1284)   Evacuate Collection Set: 3.4ms
[216.942s][info][gc,phases      ] GC(1284)   Post Evacuate Collection Set: 0.4ms
[216.942s][info][gc,phases      ] GC(1284)   Other: 0.4ms
[216.942s][info][gc,heap        ] GC(1284) Eden regions: 241->0(241)
[216.942s][info][gc,heap        ] GC(1284) Survivor regions: 1->1(31)
[216.942s][info][gc,heap        ] GC(1284) Old regions: 63->63
[216.942s][info][gc,heap        ] GC(1284) Humongous regions: 6->6
[216.942s][info][gc,metaspace   ] GC(1284) Metaspace: 72687K->72687K(1116160K)
[216.942s][info][gc             ] GC(1284) Pause Young (Normal) (G1 Evacuation Pause) 307M->66M(404M) 4.399ms
[216.943s][info][gc,cpu         ] GC(1284) User=0.01s Sys=0.00s Real=0.01s
[217.076s][info][gc,start       ] GC(1285) Pause Young (Normal) (G1 Evacuation Pause)
[217.076s][info][gc,task        ] GC(1285) Using 1 workers of 1 for evacuation
[217.080s][info][gc,phases      ] GC(1285)   Pre Evacuate Collection Set: 0.0ms
[217.080s][info][gc,phases      ] GC(1285)   Evacuate Collection Set: 2.7ms
[217.080s][info][gc,phases      ] GC(1285)   Post Evacuate Collection Set: 0.4ms
[217.080s][info][gc,phases      ] GC(1285)   Other: 0.3ms
[217.080s][info][gc,heap        ] GC(1285) Eden regions: 241->0(241)
[217.080s][info][gc,heap        ] GC(1285) Survivor regions: 1->1(31)
[217.080s][info][gc,heap        ] GC(1285) Old regions: 63->63
[217.080s][info][gc,heap        ] GC(1285) Humongous regions: 6->6
[217.080s][info][gc,metaspace   ] GC(1285) Metaspace: 72687K->72687K(1116160K)
[217.080s][info][gc             ] GC(1285) Pause Young (Normal) (G1 Evacuation Pause) 307M->66M(404M) 3.504ms
[217.080s][info][gc,cpu         ] GC(1285) User=0.00s Sys=0.00s Real=0.01s
[217.211s][info][gc,start       ] GC(1286) Pause Young (Normal) (G1 Evacuation Pause)
[217.211s][info][gc,task        ] GC(1286) Using 1 workers of 1 for evacuation
[217.215s][info][gc,phases      ] GC(1286)   Pre Evacuate Collection Set: 0.0ms
[217.215s][info][gc,phases      ] GC(1286)   Evacuate Collection Set: 3.2ms
[217.215s][info][gc,phases      ] GC(1286)   Post Evacuate Collection Set: 0.5ms
[217.215s][info][gc,phases      ] GC(1286)   Other: 0.3ms
[217.215s][info][gc,heap        ] GC(1286) Eden regions: 241->0(241)
[217.215s][info][gc,heap        ] GC(1286) Survivor regions: 1->1(31)
[217.215s][info][gc,heap        ] GC(1286) Old regions: 63->63
[217.215s][info][gc,heap        ] GC(1286) Humongous regions: 6->6
[217.215s][info][gc,metaspace   ] GC(1286) Metaspace: 72687K->72687K(1116160K)
[217.215s][info][gc             ] GC(1286) Pause Young (Normal) (G1 Evacuation Pause) 307M->66M(404M) 4.158ms
[217.215s][info][gc,cpu         ] GC(1286) User=0.00s Sys=0.00s Real=0.00s
[217.358s][info][gc,start       ] GC(1287) Pause Young (Normal) (G1 Evacuation Pause)
[217.359s][info][gc,task        ] GC(1287) Using 1 workers of 1 for evacuation
[217.362s][info][gc,phases      ] GC(1287)   Pre Evacuate Collection Set: 0.0ms
[217.362s][info][gc,phases      ] GC(1287)   Evacuate Collection Set: 2.7ms
[217.362s][info][gc,phases      ] GC(1287)   Post Evacuate Collection Set: 0.4ms
[217.362s][info][gc,phases      ] GC(1287)   Other: 0.4ms
[217.362s][info][gc,heap        ] GC(1287) Eden regions: 241->0(241)
[217.362s][info][gc,heap        ] GC(1287) Survivor regions: 1->1(31)
[217.362s][info][gc,heap        ] GC(1287) Old regions: 63->63
[217.362s][info][gc,heap        ] GC(1287) Humongous regions: 6->6
[217.362s][info][gc,metaspace   ] GC(1287) Metaspace: 72687K->72687K(1116160K)
[217.362s][info][gc             ] GC(1287) Pause Young (Normal) (G1 Evacuation Pause) 307M->66M(404M) 3.523ms
[217.362s][info][gc,cpu         ] GC(1287) User=0.01s Sys=0.00s Real=0.01s
[217.484s][info][gc,start       ] GC(1288) Pause Young (Normal) (G1 Evacuation Pause)
[217.484s][info][gc,task        ] GC(1288) Using 1 workers of 1 for evacuation
[217.488s][info][gc,phases      ] GC(1288)   Pre Evacuate Collection Set: 0.0ms
[217.488s][info][gc,phases      ] GC(1288)   Evacuate Collection Set: 2.7ms
[217.488s][info][gc,phases      ] GC(1288)   Post Evacuate Collection Set: 0.4ms
[217.488s][info][gc,phases      ] GC(1288)   Other: 0.3ms
[217.488s][info][gc,heap        ] GC(1288) Eden regions: 241->0(241)
[217.488s][info][gc,heap        ] GC(1288) Survivor regions: 1->1(31)
[217.488s][info][gc,heap        ] GC(1288) Old regions: 63->63
[217.488s][info][gc,heap        ] GC(1288) Humongous regions: 6->6
[217.488s][info][gc,metaspace   ] GC(1288) Metaspace: 72687K->72687K(1116160K)
[217.488s][info][gc             ] GC(1288) Pause Young (Normal) (G1 Evacuation Pause) 307M->66M(404M) 3.462ms
[217.488s][info][gc,cpu         ] GC(1288) User=0.00s Sys=0.00s Real=0.01s
[217.637s][info][gc,start       ] GC(1289) Pause Young (Normal) (G1 Evacuation Pause)
[217.637s][info][gc,task        ] GC(1289) Using 1 workers of 1 for evacuation
[217.640s][info][gc,phases      ] GC(1289)   Pre Evacuate Collection Set: 0.0ms
[217.640s][info][gc,phases      ] GC(1289)   Evacuate Collection Set: 3.1ms
[217.640s][info][gc,phases      ] GC(1289)   Post Evacuate Collection Set: 0.4ms
[217.640s][info][gc,phases      ] GC(1289)   Other: 0.4ms
[217.640s][info][gc,heap        ] GC(1289) Eden regions: 241->0(241)
[217.640s][info][gc,heap        ] GC(1289) Survivor regions: 1->1(31)
[217.640s][info][gc,heap        ] GC(1289) Old regions: 63->63
[217.640s][info][gc,heap        ] GC(1289) Humongous regions: 11->6
[217.640s][info][gc,metaspace   ] GC(1289) Metaspace: 72694K->72694K(1116160K)
[217.641s][info][gc             ] GC(1289) Pause Young (Normal) (G1 Evacuation Pause) 312M->67M(404M) 3.941ms
[217.641s][info][gc,cpu         ] GC(1289) User=0.00s Sys=0.00s Real=0.01s
[217.847s][info][gc,start       ] GC(1290) Pause Young (Normal) (G1 Evacuation Pause)
[217.847s][info][gc,task        ] GC(1290) Using 1 workers of 1 for evacuation
[217.856s][info][gc,phases      ] GC(1290)   Pre Evacuate Collection Set: 0.1ms
[217.856s][info][gc,phases      ] GC(1290)   Evacuate Collection Set: 7.2ms
[217.856s][info][gc,phases      ] GC(1290)   Post Evacuate Collection Set: 0.8ms
[217.856s][info][gc,phases      ] GC(1290)   Other: 0.7ms
[217.856s][info][gc,heap        ] GC(1290) Eden regions: 241->0(241)
[217.856s][info][gc,heap        ] GC(1290) Survivor regions: 1->1(31)
[217.856s][info][gc,heap        ] GC(1290) Old regions: 63->63
[217.856s][info][gc,heap        ] GC(1290) Humongous regions: 6->6
[217.856s][info][gc,metaspace   ] GC(1290) Metaspace: 72694K->72694K(1116160K)
[217.856s][info][gc             ] GC(1290) Pause Young (Normal) (G1 Evacuation Pause) 308M->67M(404M) 8.893ms
[217.856s][info][gc,cpu         ] GC(1290) User=0.01s Sys=0.00s Real=0.00s
[218.084s][info][gc,start       ] GC(1291) Pause Young (Normal) (G1 Evacuation Pause)
[218.085s][info][gc,task        ] GC(1291) Using 1 workers of 1 for evacuation
[218.088s][info][gc,phases      ] GC(1291)   Pre Evacuate Collection Set: 0.0ms
[218.088s][info][gc,phases      ] GC(1291)   Evacuate Collection Set: 2.9ms
[218.088s][info][gc,phases      ] GC(1291)   Post Evacuate Collection Set: 0.3ms
[218.088s][info][gc,phases      ] GC(1291)   Other: 0.4ms
[218.088s][info][gc,heap        ] GC(1291) Eden regions: 241->0(241)
[218.088s][info][gc,heap        ] GC(1291) Survivor regions: 1->1(31)
[218.088s][info][gc,heap        ] GC(1291) Old regions: 63->63
[218.088s][info][gc,heap        ] GC(1291) Humongous regions: 6->6
[218.088s][info][gc,metaspace   ] GC(1291) Metaspace: 72694K->72694K(1116160K)
[218.088s][info][gc             ] GC(1291) Pause Young (Normal) (G1 Evacuation Pause) 308M->67M(404M) 3.705ms
[218.088s][info][gc,cpu         ] GC(1291) User=0.00s Sys=0.00s Real=0.01s
[218.205s][info][gc,start       ] GC(1292) Pause Young (Normal) (G1 Evacuation Pause)
[218.205s][info][gc,task        ] GC(1292) Using 1 workers of 1 for evacuation
[218.209s][info][gc,phases      ] GC(1292)   Pre Evacuate Collection Set: 0.0ms
[218.209s][info][gc,phases      ] GC(1292)   Evacuate Collection Set: 3.3ms
[218.209s][info][gc,phases      ] GC(1292)   Post Evacuate Collection Set: 0.4ms
[218.209s][info][gc,phases      ] GC(1292)   Other: 0.3ms
[218.209s][info][gc,heap        ] GC(1292) Eden regions: 241->0(241)
[218.209s][info][gc,heap        ] GC(1292) Survivor regions: 1->1(31)
[218.209s][info][gc,heap        ] GC(1292) Old regions: 63->63
[218.209s][info][gc,heap        ] GC(1292) Humongous regions: 6->6
[218.209s][info][gc,metaspace   ] GC(1292) Metaspace: 72694K->72694K(1116160K)
[218.209s][info][gc             ] GC(1292) Pause Young (Normal) (G1 Evacuation Pause) 308M->67M(404M) 4.089ms
[218.209s][info][gc,cpu         ] GC(1292) User=0.00s Sys=0.00s Real=0.01s
[218.395s][info][gc,start       ] GC(1293) Pause Young (Normal) (G1 Evacuation Pause)
[218.395s][info][gc,task        ] GC(1293) Using 1 workers of 1 for evacuation
[218.399s][info][gc,phases      ] GC(1293)   Pre Evacuate Collection Set: 0.0ms
[218.399s][info][gc,phases      ] GC(1293)   Evacuate Collection Set: 2.8ms
[218.399s][info][gc,phases      ] GC(1293)   Post Evacuate Collection Set: 0.3ms
[218.399s][info][gc,phases      ] GC(1293)   Other: 0.4ms
[218.399s][info][gc,heap        ] GC(1293) Eden regions: 241->0(241)
[218.399s][info][gc,heap        ] GC(1293) Survivor regions: 1->1(31)
[218.399s][info][gc,heap        ] GC(1293) Old regions: 63->63
[218.399s][info][gc,heap        ] GC(1293) Humongous regions: 6->6
[218.399s][info][gc,metaspace   ] GC(1293) Metaspace: 72694K->72694K(1116160K)
[218.399s][info][gc             ] GC(1293) Pause Young (Normal) (G1 Evacuation Pause) 308M->67M(404M) 3.552ms
[218.399s][info][gc,cpu         ] GC(1293) User=0.00s Sys=0.00s Real=0.01s
[218.517s][info][gc,start       ] GC(1294) Pause Young (Normal) (G1 Evacuation Pause)
[218.517s][info][gc,task        ] GC(1294) Using 1 workers of 1 for evacuation
[218.521s][info][gc,phases      ] GC(1294)   Pre Evacuate Collection Set: 0.0ms
[218.521s][info][gc,phases      ] GC(1294)   Evacuate Collection Set: 3.0ms
[218.521s][info][gc,phases      ] GC(1294)   Post Evacuate Collection Set: 0.4ms
[218.521s][info][gc,phases      ] GC(1294)   Other: 0.7ms
[218.521s][info][gc,heap        ] GC(1294) Eden regions: 241->0(241)
[218.521s][info][gc,heap        ] GC(1294) Survivor regions: 1->1(31)
[218.521s][info][gc,heap        ] GC(1294) Old regions: 63->63
[218.521s][info][gc,heap        ] GC(1294) Humongous regions: 6->6
[218.521s][info][gc,metaspace   ] GC(1294) Metaspace: 72694K->72694K(1116160K)
[218.521s][info][gc             ] GC(1294) Pause Young (Normal) (G1 Evacuation Pause) 308M->67M(404M) 4.140ms
[218.521s][info][gc,cpu         ] GC(1294) User=0.00s Sys=0.00s Real=0.01s
[218.660s][info][gc,start       ] GC(1295) Pause Young (Normal) (G1 Evacuation Pause)
[218.660s][info][gc,task        ] GC(1295) Using 1 workers of 1 for evacuation
[218.664s][info][gc,phases      ] GC(1295)   Pre Evacuate Collection Set: 0.0ms
[218.664s][info][gc,phases      ] GC(1295)   Evacuate Collection Set: 3.4ms
[218.664s][info][gc,phases      ] GC(1295)   Post Evacuate Collection Set: 0.4ms
[218.664s][info][gc,phases      ] GC(1295)   Other: 0.3ms
[218.664s][info][gc,heap        ] GC(1295) Eden regions: 241->0(241)
[218.664s][info][gc,heap        ] GC(1295) Survivor regions: 1->1(31)
[218.664s][info][gc,heap        ] GC(1295) Old regions: 63->63
[218.664s][info][gc,heap        ] GC(1295) Humongous regions: 6->6
[218.664s][info][gc,metaspace   ] GC(1295) Metaspace: 72694K->72694K(1116160K)
[218.664s][info][gc             ] GC(1295) Pause Young (Normal) (G1 Evacuation Pause) 308M->67M(404M) 4.262ms
[218.665s][info][gc,cpu         ] GC(1295) User=0.00s Sys=0.00s Real=0.00s
[218.794s][info][gc,start       ] GC(1296) Pause Young (Normal) (G1 Evacuation Pause)
[218.794s][info][gc,task        ] GC(1296) Using 1 workers of 1 for evacuation
[218.797s][info][gc,phases      ] GC(1296)   Pre Evacuate Collection Set: 0.0ms
[218.797s][info][gc,phases      ] GC(1296)   Evacuate Collection Set: 2.8ms
[218.797s][info][gc,phases      ] GC(1296)   Post Evacuate Collection Set: 0.4ms
[218.797s][info][gc,phases      ] GC(1296)   Other: 0.3ms
[218.797s][info][gc,heap        ] GC(1296) Eden regions: 241->0(241)
[218.797s][info][gc,heap        ] GC(1296) Survivor regions: 1->1(31)
[218.797s][info][gc,heap        ] GC(1296) Old regions: 63->63
[218.797s][info][gc,heap        ] GC(1296) Humongous regions: 11->6
[218.797s][info][gc,metaspace   ] GC(1296) Metaspace: 72696K->72696K(1116160K)
[218.797s][info][gc             ] GC(1296) Pause Young (Normal) (G1 Evacuation Pause) 313M->66M(404M) 3.560ms
[218.797s][info][gc,cpu         ] GC(1296) User=0.01s Sys=0.00s Real=0.00s
[218.939s][info][gc,start       ] GC(1297) Pause Young (Normal) (G1 Evacuation Pause)
[218.939s][info][gc,task        ] GC(1297) Using 1 workers of 1 for evacuation
[218.943s][info][gc,phases      ] GC(1297)   Pre Evacuate Collection Set: 0.0ms
[218.943s][info][gc,phases      ] GC(1297)   Evacuate Collection Set: 2.9ms
[218.943s][info][gc,phases      ] GC(1297)   Post Evacuate Collection Set: 0.4ms
[218.943s][info][gc,phases      ] GC(1297)   Other: 0.5ms
[218.943s][info][gc,heap        ] GC(1297) Eden regions: 241->0(241)
[218.943s][info][gc,heap        ] GC(1297) Survivor regions: 1->1(31)
[218.943s][info][gc,heap        ] GC(1297) Old regions: 63->63
[218.943s][info][gc,heap        ] GC(1297) Humongous regions: 6->6
[218.943s][info][gc,metaspace   ] GC(1297) Metaspace: 72696K->72696K(1116160K)
[218.943s][info][gc             ] GC(1297) Pause Young (Normal) (G1 Evacuation Pause) 307M->66M(404M) 3.819ms
[218.943s][info][gc,cpu         ] GC(1297) User=0.00s Sys=0.00s Real=0.00s
[219.077s][info][gc,start       ] GC(1298) Pause Young (Normal) (G1 Evacuation Pause)
[219.077s][info][gc,task        ] GC(1298) Using 1 workers of 1 for evacuation
[219.084s][info][gc,phases      ] GC(1298)   Pre Evacuate Collection Set: 0.1ms
[219.084s][info][gc,phases      ] GC(1298)   Evacuate Collection Set: 5.8ms
[219.084s][info][gc,phases      ] GC(1298)   Post Evacuate Collection Set: 0.8ms
[219.084s][info][gc,phases      ] GC(1298)   Other: 0.6ms
[219.084s][info][gc,heap        ] GC(1298) Eden regions: 241->0(241)
[219.084s][info][gc,heap        ] GC(1298) Survivor regions: 1->1(31)
[219.084s][info][gc,heap        ] GC(1298) Old regions: 63->63
[219.084s][info][gc,heap        ] GC(1298) Humongous regions: 6->6
[219.084s][info][gc,metaspace   ] GC(1298) Metaspace: 72696K->72696K(1116160K)
[219.084s][info][gc             ] GC(1298) Pause Young (Normal) (G1 Evacuation Pause) 307M->66M(404M) 7.324ms
[219.084s][info][gc,cpu         ] GC(1298) User=0.00s Sys=0.00s Real=0.01s
[219.427s][info][gc,start       ] GC(1299) Pause Young (Normal) (G1 Evacuation Pause)
[219.428s][info][gc,task        ] GC(1299) Using 1 workers of 1 for evacuation
[219.431s][info][gc,phases      ] GC(1299)   Pre Evacuate Collection Set: 0.0ms
[219.431s][info][gc,phases      ] GC(1299)   Evacuate Collection Set: 2.7ms
[219.431s][info][gc,phases      ] GC(1299)   Post Evacuate Collection Set: 0.4ms
[219.431s][info][gc,phases      ] GC(1299)   Other: 0.5ms
[219.431s][info][gc,heap        ] GC(1299) Eden regions: 241->0(241)
[219.431s][info][gc,heap        ] GC(1299) Survivor regions: 1->1(31)
[219.431s][info][gc,heap        ] GC(1299) Old regions: 63->63
[219.431s][info][gc,heap        ] GC(1299) Humongous regions: 6->6
[219.431s][info][gc,metaspace   ] GC(1299) Metaspace: 72696K->72696K(1116160K)
[219.431s][info][gc             ] GC(1299) Pause Young (Normal) (G1 Evacuation Pause) 307M->66M(404M) 3.639ms
[219.431s][info][gc,cpu         ] GC(1299) User=0.00s Sys=0.00s Real=0.00s
[219.559s][info][gc,start       ] GC(1300) Pause Young (Normal) (G1 Evacuation Pause)
[219.559s][info][gc,task        ] GC(1300) Using 1 workers of 1 for evacuation
[219.563s][info][gc,phases      ] GC(1300)   Pre Evacuate Collection Set: 0.0ms
[219.563s][info][gc,phases      ] GC(1300)   Evacuate Collection Set: 3.6ms
[219.563s][info][gc,phases      ] GC(1300)   Post Evacuate Collection Set: 0.6ms
[219.563s][info][gc,phases      ] GC(1300)   Other: 0.5ms
[219.563s][info][gc,heap        ] GC(1300) Eden regions: 241->0(241)
[219.563s][info][gc,heap        ] GC(1300) Survivor regions: 1->1(31)
[219.563s][info][gc,heap        ] GC(1300) Old regions: 63->63
[219.563s][info][gc,heap        ] GC(1300) Humongous regions: 6->6
[219.563s][info][gc,metaspace   ] GC(1300) Metaspace: 72696K->72696K(1116160K)
[219.563s][info][gc             ] GC(1300) Pause Young (Normal) (G1 Evacuation Pause) 307M->66M(404M) 4.765ms
[219.563s][info][gc,cpu         ] GC(1300) User=0.00s Sys=0.00s Real=0.00s
[219.739s][info][gc,start       ] GC(1301) Pause Young (Normal) (G1 Evacuation Pause)
[219.739s][info][gc,task        ] GC(1301) Using 1 workers of 1 for evacuation
[219.742s][info][gc,phases      ] GC(1301)   Pre Evacuate Collection Set: 0.0ms
[219.742s][info][gc,phases      ] GC(1301)   Evacuate Collection Set: 2.8ms
[219.742s][info][gc,phases      ] GC(1301)   Post Evacuate Collection Set: 0.4ms
[219.742s][info][gc,phases      ] GC(1301)   Other: 0.4ms
[219.742s][info][gc,heap        ] GC(1301) Eden regions: 241->0(241)
[219.742s][info][gc,heap        ] GC(1301) Survivor regions: 1->1(31)
[219.742s][info][gc,heap        ] GC(1301) Old regions: 63->63
[219.742s][info][gc,heap        ] GC(1301) Humongous regions: 6->6
[219.742s][info][gc,metaspace   ] GC(1301) Metaspace: 72696K->72696K(1116160K)
[219.742s][info][gc             ] GC(1301) Pause Young (Normal) (G1 Evacuation Pause) 307M->67M(404M) 3.650ms
[219.743s][info][gc,cpu         ] GC(1301) User=0.00s Sys=0.00s Real=0.00s
[220.054s][info][gc,start       ] GC(1302) Pause Young (Normal) (G1 Evacuation Pause)
[220.054s][info][gc,task        ] GC(1302) Using 1 workers of 1 for evacuation
[220.063s][info][gc,phases      ] GC(1302)   Pre Evacuate Collection Set: 0.1ms
[220.063s][info][gc,phases      ] GC(1302)   Evacuate Collection Set: 7.1ms
[220.063s][info][gc,phases      ] GC(1302)   Post Evacuate Collection Set: 0.9ms
[220.063s][info][gc,phases      ] GC(1302)   Other: 1.2ms
[220.063s][info][gc,heap        ] GC(1302) Eden regions: 241->0(241)
[220.063s][info][gc,heap        ] GC(1302) Survivor regions: 1->1(31)
[220.063s][info][gc,heap        ] GC(1302) Old regions: 63->63
[220.063s][info][gc,heap        ] GC(1302) Humongous regions: 11->6
[220.063s][info][gc,metaspace   ] GC(1302) Metaspace: 72704K->72704K(1116160K)
[220.063s][info][gc             ] GC(1302) Pause Young (Normal) (G1 Evacuation Pause) 313M->67M(404M) 9.468ms
[220.063s][info][gc,cpu         ] GC(1302) User=0.00s Sys=0.00s Real=0.01s
[220.224s][info][gc,start       ] GC(1303) Pause Young (Normal) (G1 Evacuation Pause)
[220.224s][info][gc,task        ] GC(1303) Using 1 workers of 1 for evacuation
[220.227s][info][gc,phases      ] GC(1303)   Pre Evacuate Collection Set: 0.0ms
[220.227s][info][gc,phases      ] GC(1303)   Evacuate Collection Set: 2.7ms
[220.227s][info][gc,phases      ] GC(1303)   Post Evacuate Collection Set: 0.3ms
[220.227s][info][gc,phases      ] GC(1303)   Other: 0.3ms
[220.227s][info][gc,heap        ] GC(1303) Eden regions: 241->0(241)
[220.227s][info][gc,heap        ] GC(1303) Survivor regions: 1->1(31)
[220.227s][info][gc,heap        ] GC(1303) Old regions: 63->63
[220.227s][info][gc,heap        ] GC(1303) Humongous regions: 6->6
[220.227s][info][gc,metaspace   ] GC(1303) Metaspace: 72704K->72704K(1116160K)
[220.227s][info][gc             ] GC(1303) Pause Young (Normal) (G1 Evacuation Pause) 308M->67M(404M) 3.440ms
[220.227s][info][gc,cpu         ] GC(1303) User=0.01s Sys=0.00s Real=0.01s
[220.381s][info][gc,start       ] GC(1304) Pause Young (Normal) (G1 Evacuation Pause)
[220.381s][info][gc,task        ] GC(1304) Using 1 workers of 1 for evacuation
[220.384s][info][gc,phases      ] GC(1304)   Pre Evacuate Collection Set: 0.0ms
[220.384s][info][gc,phases      ] GC(1304)   Evacuate Collection Set: 2.7ms
[220.384s][info][gc,phases      ] GC(1304)   Post Evacuate Collection Set: 0.4ms
[220.384s][info][gc,phases      ] GC(1304)   Other: 0.4ms
[220.384s][info][gc,heap        ] GC(1304) Eden regions: 241->0(241)
[220.384s][info][gc,heap        ] GC(1304) Survivor regions: 1->1(31)
[220.384s][info][gc,heap        ] GC(1304) Old regions: 63->63
[220.384s][info][gc,heap        ] GC(1304) Humongous regions: 6->6
[220.384s][info][gc,metaspace   ] GC(1304) Metaspace: 72704K->72704K(1116160K)
[220.384s][info][gc             ] GC(1304) Pause Young (Normal) (G1 Evacuation Pause) 308M->67M(404M) 3.662ms
[220.385s][info][gc,cpu         ] GC(1304) User=0.01s Sys=0.00s Real=0.00s
[220.525s][info][gc,start       ] GC(1305) Pause Young (Normal) (G1 Evacuation Pause)
[220.526s][info][gc,task        ] GC(1305) Using 1 workers of 1 for evacuation
[220.529s][info][gc,phases      ] GC(1305)   Pre Evacuate Collection Set: 0.0ms
[220.529s][info][gc,phases      ] GC(1305)   Evacuate Collection Set: 2.7ms
[220.529s][info][gc,phases      ] GC(1305)   Post Evacuate Collection Set: 0.4ms
[220.529s][info][gc,phases      ] GC(1305)   Other: 0.3ms
[220.529s][info][gc,heap        ] GC(1305) Eden regions: 241->0(241)
[220.529s][info][gc,heap        ] GC(1305) Survivor regions: 1->1(31)
[220.529s][info][gc,heap        ] GC(1305) Old regions: 63->63
[220.529s][info][gc,heap        ] GC(1305) Humongous regions: 6->6
[220.529s][info][gc,metaspace   ] GC(1305) Metaspace: 72704K->72704K(1116160K)
[220.529s][info][gc             ] GC(1305) Pause Young (Normal) (G1 Evacuation Pause) 308M->67M(404M) 3.522ms
[220.529s][info][gc,cpu         ] GC(1305) User=0.00s Sys=0.00s Real=0.01s
[220.660s][info][gc,start       ] GC(1306) Pause Young (Normal) (G1 Evacuation Pause)
[220.660s][info][gc,task        ] GC(1306) Using 1 workers of 1 for evacuation
[220.664s][info][gc,phases      ] GC(1306)   Pre Evacuate Collection Set: 0.0ms
[220.664s][info][gc,phases      ] GC(1306)   Evacuate Collection Set: 2.6ms
[220.664s][info][gc,phases      ] GC(1306)   Post Evacuate Collection Set: 0.4ms
[220.664s][info][gc,phases      ] GC(1306)   Other: 0.3ms
[220.664s][info][gc,heap        ] GC(1306) Eden regions: 241->0(241)
[220.664s][info][gc,heap        ] GC(1306) Survivor regions: 1->1(31)
[220.664s][info][gc,heap        ] GC(1306) Old regions: 63->63
[220.664s][info][gc,heap        ] GC(1306) Humongous regions: 6->6
[220.664s][info][gc,metaspace   ] GC(1306) Metaspace: 72704K->72704K(1116160K)
[220.664s][info][gc             ] GC(1306) Pause Young (Normal) (G1 Evacuation Pause) 308M->67M(404M) 3.366ms
[220.664s][info][gc,cpu         ] GC(1306) User=0.00s Sys=0.00s Real=0.00s
[220.834s][info][gc,start       ] GC(1307) Pause Young (Normal) (G1 Evacuation Pause)
[220.834s][info][gc,task        ] GC(1307) Using 1 workers of 1 for evacuation
[220.837s][info][gc,phases      ] GC(1307)   Pre Evacuate Collection Set: 0.0ms
[220.837s][info][gc,phases      ] GC(1307)   Evacuate Collection Set: 2.8ms
[220.837s][info][gc,phases      ] GC(1307)   Post Evacuate Collection Set: 0.4ms
[220.837s][info][gc,phases      ] GC(1307)   Other: 0.5ms
[220.837s][info][gc,heap        ] GC(1307) Eden regions: 241->0(241)
[220.837s][info][gc,heap        ] GC(1307) Survivor regions: 1->1(31)
[220.837s][info][gc,heap        ] GC(1307) Old regions: 63->63
[220.837s][info][gc,heap        ] GC(1307) Humongous regions: 6->6
[220.837s][info][gc,metaspace   ] GC(1307) Metaspace: 72704K->72704K(1116160K)
[220.837s][info][gc             ] GC(1307) Pause Young (Normal) (G1 Evacuation Pause) 308M->67M(404M) 3.725ms
[220.837s][info][gc,cpu         ] GC(1307) User=0.01s Sys=0.00s Real=0.00s
[220.980s][info][gc,start       ] GC(1308) Pause Young (Normal) (G1 Evacuation Pause)
[220.981s][info][gc,task        ] GC(1308) Using 1 workers of 1 for evacuation
[220.987s][info][gc,phases      ] GC(1308)   Pre Evacuate Collection Set: 0.0ms
[220.987s][info][gc,phases      ] GC(1308)   Evacuate Collection Set: 5.1ms
[220.987s][info][gc,phases      ] GC(1308)   Post Evacuate Collection Set: 0.7ms
[220.987s][info][gc,phases      ] GC(1308)   Other: 0.6ms
[220.987s][info][gc,heap        ] GC(1308) Eden regions: 241->0(241)
[220.987s][info][gc,heap        ] GC(1308) Survivor regions: 1->1(31)
[220.987s][info][gc,heap        ] GC(1308) Old regions: 63->63
[220.987s][info][gc,heap        ] GC(1308) Humongous regions: 11->6
[220.987s][info][gc,metaspace   ] GC(1308) Metaspace: 72718K->72718K(1116160K)
[220.987s][info][gc             ] GC(1308) Pause Young (Normal) (G1 Evacuation Pause) 313M->66M(404M) 7.112ms
[220.988s][info][gc,cpu         ] GC(1308) User=0.00s Sys=0.00s Real=0.01s
[221.324s][info][gc,start       ] GC(1309) Pause Young (Normal) (G1 Evacuation Pause)
[221.324s][info][gc,task        ] GC(1309) Using 1 workers of 1 for evacuation
[221.332s][info][gc,phases      ] GC(1309)   Pre Evacuate Collection Set: 0.1ms
[221.332s][info][gc,phases      ] GC(1309)   Evacuate Collection Set: 6.3ms
[221.332s][info][gc,phases      ] GC(1309)   Post Evacuate Collection Set: 1.0ms
[221.332s][info][gc,phases      ] GC(1309)   Other: 0.8ms
[221.332s][info][gc,heap        ] GC(1309) Eden regions: 241->0(241)
[221.332s][info][gc,heap        ] GC(1309) Survivor regions: 1->1(31)
[221.332s][info][gc,heap        ] GC(1309) Old regions: 63->63
[221.332s][info][gc,heap        ] GC(1309) Humongous regions: 6->6
[221.332s][info][gc,metaspace   ] GC(1309) Metaspace: 72718K->72718K(1116160K)
[221.332s][info][gc             ] GC(1309) Pause Young (Normal) (G1 Evacuation Pause) 307M->66M(404M) 8.307ms
[221.332s][info][gc,cpu         ] GC(1309) User=0.00s Sys=0.00s Real=0.01s
[221.544s][info][gc,start       ] GC(1310) Pause Young (Normal) (G1 Evacuation Pause)
[221.544s][info][gc,task        ] GC(1310) Using 1 workers of 1 for evacuation
[221.547s][info][gc,phases      ] GC(1310)   Pre Evacuate Collection Set: 0.0ms
[221.547s][info][gc,phases      ] GC(1310)   Evacuate Collection Set: 2.6ms
[221.547s][info][gc,phases      ] GC(1310)   Post Evacuate Collection Set: 0.3ms
[221.548s][info][gc,phases      ] GC(1310)   Other: 0.3ms
[221.548s][info][gc,heap        ] GC(1310) Eden regions: 241->0(241)
[221.548s][info][gc,heap        ] GC(1310) Survivor regions: 1->1(31)
[221.548s][info][gc,heap        ] GC(1310) Old regions: 63->63
[221.548s][info][gc,heap        ] GC(1310) Humongous regions: 6->6
[221.548s][info][gc,metaspace   ] GC(1310) Metaspace: 72720K->72720K(1116160K)
[221.548s][info][gc             ] GC(1310) Pause Young (Normal) (G1 Evacuation Pause) 307M->66M(404M) 3.325ms
[221.548s][info][gc,cpu         ] GC(1310) User=0.00s Sys=0.00s Real=0.01s
[221.666s][info][gc,start       ] GC(1311) Pause Young (Normal) (G1 Evacuation Pause)
[221.667s][info][gc,task        ] GC(1311) Using 1 workers of 1 for evacuation
[221.670s][info][gc,phases      ] GC(1311)   Pre Evacuate Collection Set: 0.0ms
[221.670s][info][gc,phases      ] GC(1311)   Evacuate Collection Set: 2.6ms
[221.670s][info][gc,phases      ] GC(1311)   Post Evacuate Collection Set: 0.3ms
[221.670s][info][gc,phases      ] GC(1311)   Other: 0.3ms
[221.670s][info][gc,heap        ] GC(1311) Eden regions: 241->0(241)
[221.670s][info][gc,heap        ] GC(1311) Survivor regions: 1->1(31)
[221.670s][info][gc,heap        ] GC(1311) Old regions: 63->63
[221.670s][info][gc,heap        ] GC(1311) Humongous regions: 6->6
[221.670s][info][gc,metaspace   ] GC(1311) Metaspace: 72720K->72720K(1116160K)
[221.670s][info][gc             ] GC(1311) Pause Young (Normal) (G1 Evacuation Pause) 307M->66M(404M) 3.351ms
[221.670s][info][gc,cpu         ] GC(1311) User=0.00s Sys=0.00s Real=0.01s
[221.848s][info][gc,start       ] GC(1312) Pause Young (Normal) (G1 Evacuation Pause)
[221.848s][info][gc,task        ] GC(1312) Using 1 workers of 1 for evacuation
[221.851s][info][gc,phases      ] GC(1312)   Pre Evacuate Collection Set: 0.0ms
[221.851s][info][gc,phases      ] GC(1312)   Evacuate Collection Set: 2.7ms
[221.851s][info][gc,phases      ] GC(1312)   Post Evacuate Collection Set: 0.4ms
[221.851s][info][gc,phases      ] GC(1312)   Other: 0.3ms
[221.851s][info][gc,heap        ] GC(1312) Eden regions: 241->0(241)
[221.852s][info][gc,heap        ] GC(1312) Survivor regions: 1->1(31)
[221.852s][info][gc,heap        ] GC(1312) Old regions: 63->63
[221.852s][info][gc,heap        ] GC(1312) Humongous regions: 6->6
[221.852s][info][gc,metaspace   ] GC(1312) Metaspace: 72720K->72720K(1116160K)
[221.852s][info][gc             ] GC(1312) Pause Young (Normal) (G1 Evacuation Pause) 307M->66M(404M) 3.416ms
[221.852s][info][gc,cpu         ] GC(1312) User=0.00s Sys=0.00s Real=0.00s
[222.001s][info][gc,start       ] GC(1313) Pause Young (Normal) (G1 Evacuation Pause)
[222.001s][info][gc,task        ] GC(1313) Using 1 workers of 1 for evacuation
[222.004s][info][gc,phases      ] GC(1313)   Pre Evacuate Collection Set: 0.0ms
[222.004s][info][gc,phases      ] GC(1313)   Evacuate Collection Set: 2.8ms
[222.004s][info][gc,phases      ] GC(1313)   Post Evacuate Collection Set: 0.4ms
[222.004s][info][gc,phases      ] GC(1313)   Other: 0.4ms
[222.004s][info][gc,heap        ] GC(1313) Eden regions: 241->0(241)
[222.004s][info][gc,heap        ] GC(1313) Survivor regions: 1->1(31)
[222.004s][info][gc,heap        ] GC(1313) Old regions: 63->63
[222.004s][info][gc,heap        ] GC(1313) Humongous regions: 6->6
[222.004s][info][gc,metaspace   ] GC(1313) Metaspace: 72720K->72720K(1116160K)
[222.004s][info][gc             ] GC(1313) Pause Young (Normal) (G1 Evacuation Pause) 307M->67M(404M) 3.646ms
[222.004s][info][gc,cpu         ] GC(1313) User=0.01s Sys=0.00s Real=0.00s
[222.161s][info][gc,start       ] GC(1314) Pause Young (Normal) (G1 Evacuation Pause)
[222.161s][info][gc,task        ] GC(1314) Using 1 workers of 1 for evacuation
[222.165s][info][gc,phases      ] GC(1314)   Pre Evacuate Collection Set: 0.0ms
[222.165s][info][gc,phases      ] GC(1314)   Evacuate Collection Set: 2.9ms
[222.165s][info][gc,phases      ] GC(1314)   Post Evacuate Collection Set: 0.5ms
[222.165s][info][gc,phases      ] GC(1314)   Other: 0.3ms
[222.165s][info][gc,heap        ] GC(1314) Eden regions: 241->0(241)
[222.165s][info][gc,heap        ] GC(1314) Survivor regions: 1->1(31)
[222.165s][info][gc,heap        ] GC(1314) Old regions: 63->63
[222.165s][info][gc,heap        ] GC(1314) Humongous regions: 11->6
[222.165s][info][gc,metaspace   ] GC(1314) Metaspace: 72721K->72721K(1116160K)
[222.165s][info][gc             ] GC(1314) Pause Young (Normal) (G1 Evacuation Pause) 313M->67M(404M) 3.820ms
[222.165s][info][gc,cpu         ] GC(1314) User=0.01s Sys=0.00s Real=0.00s
[222.302s][info][gc,start       ] GC(1315) Pause Young (Normal) (G1 Evacuation Pause)
[222.302s][info][gc,task        ] GC(1315) Using 1 workers of 1 for evacuation
[222.306s][info][gc,phases      ] GC(1315)   Pre Evacuate Collection Set: 0.0ms
[222.306s][info][gc,phases      ] GC(1315)   Evacuate Collection Set: 2.9ms
[222.306s][info][gc,phases      ] GC(1315)   Post Evacuate Collection Set: 0.4ms
[222.306s][info][gc,phases      ] GC(1315)   Other: 0.4ms
[222.306s][info][gc,heap        ] GC(1315) Eden regions: 241->0(241)
[222.306s][info][gc,heap        ] GC(1315) Survivor regions: 1->1(31)
[222.306s][info][gc,heap        ] GC(1315) Old regions: 63->63
[222.306s][info][gc,heap        ] GC(1315) Humongous regions: 6->6
[222.306s][info][gc,metaspace   ] GC(1315) Metaspace: 72721K->72721K(1116160K)
[222.306s][info][gc             ] GC(1315) Pause Young (Normal) (G1 Evacuation Pause) 308M->67M(404M) 3.820ms
[222.306s][info][gc,cpu         ] GC(1315) User=0.00s Sys=0.00s Real=0.00s
[222.435s][info][gc,start       ] GC(1316) Pause Young (Normal) (G1 Evacuation Pause)
[222.435s][info][gc,task        ] GC(1316) Using 1 workers of 1 for evacuation
[222.440s][info][gc,phases      ] GC(1316)   Pre Evacuate Collection Set: 0.0ms
[222.440s][info][gc,phases      ] GC(1316)   Evacuate Collection Set: 3.3ms
[222.440s][info][gc,phases      ] GC(1316)   Post Evacuate Collection Set: 0.5ms
[222.440s][info][gc,phases      ] GC(1316)   Other: 0.4ms
[222.440s][info][gc,heap        ] GC(1316) Eden regions: 241->0(241)
[222.440s][info][gc,heap        ] GC(1316) Survivor regions: 1->1(31)
[222.440s][info][gc,heap        ] GC(1316) Old regions: 63->63
[222.440s][info][gc,heap        ] GC(1316) Humongous regions: 6->6
[222.440s][info][gc,metaspace   ] GC(1316) Metaspace: 72721K->72721K(1116160K)
[222.440s][info][gc             ] GC(1316) Pause Young (Normal) (G1 Evacuation Pause) 308M->67M(404M) 4.247ms
[222.440s][info][gc,cpu         ] GC(1316) User=0.01s Sys=0.00s Real=0.01s
[222.585s][info][gc,start       ] GC(1317) Pause Young (Normal) (G1 Evacuation Pause)
[222.585s][info][gc,task        ] GC(1317) Using 1 workers of 1 for evacuation
[222.593s][info][gc,phases      ] GC(1317)   Pre Evacuate Collection Set: 0.0ms
[222.593s][info][gc,phases      ] GC(1317)   Evacuate Collection Set: 6.9ms
[222.593s][info][gc,phases      ] GC(1317)   Post Evacuate Collection Set: 0.5ms
[222.593s][info][gc,phases      ] GC(1317)   Other: 0.5ms
[222.593s][info][gc,heap        ] GC(1317) Eden regions: 241->0(241)
[222.593s][info][gc,heap        ] GC(1317) Survivor regions: 1->1(31)
[222.593s][info][gc,heap        ] GC(1317) Old regions: 63->63
[222.593s][info][gc,heap        ] GC(1317) Humongous regions: 6->6
[222.593s][info][gc,metaspace   ] GC(1317) Metaspace: 72721K->72721K(1116160K)
[222.593s][info][gc             ] GC(1317) Pause Young (Normal) (G1 Evacuation Pause) 308M->67M(404M) 8.064ms
[222.593s][info][gc,cpu         ] GC(1317) User=0.01s Sys=0.00s Real=0.01s
[222.745s][info][gc,start       ] GC(1318) Pause Young (Normal) (G1 Evacuation Pause)
[222.745s][info][gc,task        ] GC(1318) Using 1 workers of 1 for evacuation
[222.748s][info][gc,phases      ] GC(1318)   Pre Evacuate Collection Set: 0.0ms
[222.749s][info][gc,phases      ] GC(1318)   Evacuate Collection Set: 2.8ms
[222.749s][info][gc,phases      ] GC(1318)   Post Evacuate Collection Set: 0.4ms
[222.749s][info][gc,phases      ] GC(1318)   Other: 0.3ms
[222.749s][info][gc,heap        ] GC(1318) Eden regions: 241->0(241)
[222.749s][info][gc,heap        ] GC(1318) Survivor regions: 1->1(31)
[222.749s][info][gc,heap        ] GC(1318) Old regions: 63->63
[222.749s][info][gc,heap        ] GC(1318) Humongous regions: 6->6
[222.749s][info][gc,metaspace   ] GC(1318) Metaspace: 72721K->72721K(1116160K)
[222.749s][info][gc             ] GC(1318) Pause Young (Normal) (G1 Evacuation Pause) 308M->67M(404M) 3.706ms
[222.749s][info][gc,cpu         ] GC(1318) User=0.00s Sys=0.00s Real=0.01s
[222.901s][info][gc,start       ] GC(1319) Pause Young (Normal) (G1 Evacuation Pause)
[222.901s][info][gc,task        ] GC(1319) Using 1 workers of 1 for evacuation
[222.905s][info][gc,phases      ] GC(1319)   Pre Evacuate Collection Set: 0.0ms
[222.905s][info][gc,phases      ] GC(1319)   Evacuate Collection Set: 3.0ms
[222.905s][info][gc,phases      ] GC(1319)   Post Evacuate Collection Set: 0.4ms
[222.905s][info][gc,phases      ] GC(1319)   Other: 0.6ms
[222.905s][info][gc,heap        ] GC(1319) Eden regions: 241->0(241)
[222.905s][info][gc,heap        ] GC(1319) Survivor regions: 1->1(31)
[222.905s][info][gc,heap        ] GC(1319) Old regions: 63->63
[222.905s][info][gc,heap        ] GC(1319) Humongous regions: 6->6
[222.905s][info][gc,metaspace   ] GC(1319) Metaspace: 72721K->72721K(1116160K)
[222.905s][info][gc             ] GC(1319) Pause Young (Normal) (G1 Evacuation Pause) 308M->67M(404M) 4.039ms
[222.905s][info][gc,cpu         ] GC(1319) User=0.01s Sys=0.00s Real=0.00s
[223.047s][info][gc,start       ] GC(1320) Pause Young (Normal) (G1 Evacuation Pause)
[223.047s][info][gc,task        ] GC(1320) Using 1 workers of 1 for evacuation
[223.052s][info][gc,phases      ] GC(1320)   Pre Evacuate Collection Set: 0.1ms
[223.052s][info][gc,phases      ] GC(1320)   Evacuate Collection Set: 3.7ms
[223.052s][info][gc,phases      ] GC(1320)   Post Evacuate Collection Set: 0.4ms
[223.052s][info][gc,phases      ] GC(1320)   Other: 0.5ms
[223.052s][info][gc,heap        ] GC(1320) Eden regions: 241->0(241)
[223.052s][info][gc,heap        ] GC(1320) Survivor regions: 1->1(31)
[223.052s][info][gc,heap        ] GC(1320) Old regions: 63->63
[223.052s][info][gc,heap        ] GC(1320) Humongous regions: 6->6
[223.052s][info][gc,metaspace   ] GC(1320) Metaspace: 72721K->72721K(1116160K)
[223.052s][info][gc             ] GC(1320) Pause Young (Normal) (G1 Evacuation Pause) 308M->67M(404M) 4.634ms
[223.052s][info][gc,cpu         ] GC(1320) User=0.01s Sys=0.00s Real=0.00s
[223.199s][info][gc,start       ] GC(1321) Pause Young (Normal) (G1 Evacuation Pause)
[223.199s][info][gc,task        ] GC(1321) Using 1 workers of 1 for evacuation
[223.203s][info][gc,phases      ] GC(1321)   Pre Evacuate Collection Set: 0.0ms
[223.203s][info][gc,phases      ] GC(1321)   Evacuate Collection Set: 2.9ms
[223.203s][info][gc,phases      ] GC(1321)   Post Evacuate Collection Set: 0.4ms
[223.203s][info][gc,phases      ] GC(1321)   Other: 0.3ms
[223.203s][info][gc,heap        ] GC(1321) Eden regions: 241->0(241)
[223.203s][info][gc,heap        ] GC(1321) Survivor regions: 1->1(31)
[223.203s][info][gc,heap        ] GC(1321) Old regions: 63->63
[223.203s][info][gc,heap        ] GC(1321) Humongous regions: 11->6
[223.203s][info][gc,metaspace   ] GC(1321) Metaspace: 72721K->72721K(1116160K)
[223.203s][info][gc             ] GC(1321) Pause Young (Normal) (G1 Evacuation Pause) 313M->66M(404M) 3.679ms
[223.203s][info][gc,cpu         ] GC(1321) User=0.01s Sys=0.00s Real=0.00s
[223.343s][info][gc,start       ] GC(1322) Pause Young (Normal) (G1 Evacuation Pause)
[223.343s][info][gc,task        ] GC(1322) Using 1 workers of 1 for evacuation
[223.348s][info][gc,phases      ] GC(1322)   Pre Evacuate Collection Set: 0.0ms
[223.348s][info][gc,phases      ] GC(1322)   Evacuate Collection Set: 3.4ms
[223.348s][info][gc,phases      ] GC(1322)   Post Evacuate Collection Set: 0.6ms
[223.348s][info][gc,phases      ] GC(1322)   Other: 0.4ms
[223.348s][info][gc,heap        ] GC(1322) Eden regions: 241->0(241)
[223.348s][info][gc,heap        ] GC(1322) Survivor regions: 1->1(31)
[223.348s][info][gc,heap        ] GC(1322) Old regions: 63->63
[223.348s][info][gc,heap        ] GC(1322) Humongous regions: 6->6
[223.348s][info][gc,metaspace   ] GC(1322) Metaspace: 72721K->72721K(1116160K)
[223.348s][info][gc             ] GC(1322) Pause Young (Normal) (G1 Evacuation Pause) 307M->66M(404M) 4.593ms
[223.348s][info][gc,cpu         ] GC(1322) User=0.00s Sys=0.00s Real=0.01s
[223.470s][info][gc,start       ] GC(1323) Pause Young (Normal) (G1 Evacuation Pause)
[223.470s][info][gc,task        ] GC(1323) Using 1 workers of 1 for evacuation
[223.473s][info][gc,phases      ] GC(1323)   Pre Evacuate Collection Set: 0.0ms
[223.473s][info][gc,phases      ] GC(1323)   Evacuate Collection Set: 2.7ms
[223.473s][info][gc,phases      ] GC(1323)   Post Evacuate Collection Set: 0.3ms
[223.473s][info][gc,phases      ] GC(1323)   Other: 0.3ms
[223.473s][info][gc,heap        ] GC(1323) Eden regions: 241->0(241)
[223.473s][info][gc,heap        ] GC(1323) Survivor regions: 1->1(31)
[223.473s][info][gc,heap        ] GC(1323) Old regions: 63->63
[223.473s][info][gc,heap        ] GC(1323) Humongous regions: 6->6
[223.473s][info][gc,metaspace   ] GC(1323) Metaspace: 72721K->72721K(1116160K)
[223.473s][info][gc             ] GC(1323) Pause Young (Normal) (G1 Evacuation Pause) 307M->66M(404M) 3.440ms
[223.473s][info][gc,cpu         ] GC(1323) User=0.01s Sys=0.00s Real=0.00s
[223.595s][info][gc,start       ] GC(1324) Pause Young (Normal) (G1 Evacuation Pause)
[223.595s][info][gc,task        ] GC(1324) Using 1 workers of 1 for evacuation
[223.603s][info][gc,phases      ] GC(1324)   Pre Evacuate Collection Set: 0.1ms
[223.603s][info][gc,phases      ] GC(1324)   Evacuate Collection Set: 6.4ms
[223.603s][info][gc,phases      ] GC(1324)   Post Evacuate Collection Set: 0.8ms
[223.603s][info][gc,phases      ] GC(1324)   Other: 1.3ms
[223.603s][info][gc,heap        ] GC(1324) Eden regions: 241->0(241)
[223.603s][info][gc,heap        ] GC(1324) Survivor regions: 1->1(31)
[223.603s][info][gc,heap        ] GC(1324) Old regions: 63->63
[223.603s][info][gc,heap        ] GC(1324) Humongous regions: 6->6
[223.603s][info][gc,metaspace   ] GC(1324) Metaspace: 72721K->72721K(1116160K)
[223.603s][info][gc             ] GC(1324) Pause Young (Normal) (G1 Evacuation Pause) 307M->66M(404M) 8.746ms
[223.603s][info][gc,cpu         ] GC(1324) User=0.00s Sys=0.00s Real=0.01s
[223.842s][info][gc,start       ] GC(1325) Pause Young (Normal) (G1 Evacuation Pause)
[223.843s][info][gc,task        ] GC(1325) Using 1 workers of 1 for evacuation
[223.850s][info][gc,phases      ] GC(1325)   Pre Evacuate Collection Set: 0.1ms
[223.850s][info][gc,phases      ] GC(1325)   Evacuate Collection Set: 6.5ms
[223.850s][info][gc,phases      ] GC(1325)   Post Evacuate Collection Set: 0.9ms
[223.850s][info][gc,phases      ] GC(1325)   Other: 0.7ms
[223.851s][info][gc,heap        ] GC(1325) Eden regions: 241->0(241)
[223.851s][info][gc,heap        ] GC(1325) Survivor regions: 1->1(31)
[223.851s][info][gc,heap        ] GC(1325) Old regions: 63->63
[223.851s][info][gc,heap        ] GC(1325) Humongous regions: 6->6
[223.851s][info][gc,metaspace   ] GC(1325) Metaspace: 72721K->72721K(1116160K)
[223.851s][info][gc             ] GC(1325) Pause Young (Normal) (G1 Evacuation Pause) 307M->67M(404M) 8.274ms
[223.851s][info][gc,cpu         ] GC(1325) User=0.01s Sys=0.00s Real=0.01s
[224.145s][info][gc,start       ] GC(1326) Pause Young (Normal) (G1 Evacuation Pause)
[224.145s][info][gc,task        ] GC(1326) Using 1 workers of 1 for evacuation
[224.153s][info][gc,phases      ] GC(1326)   Pre Evacuate Collection Set: 0.1ms
[224.153s][info][gc,phases      ] GC(1326)   Evacuate Collection Set: 6.7ms
[224.153s][info][gc,phases      ] GC(1326)   Post Evacuate Collection Set: 0.9ms
[224.153s][info][gc,phases      ] GC(1326)   Other: 0.9ms
[224.153s][info][gc,heap        ] GC(1326) Eden regions: 241->0(241)
[224.153s][info][gc,heap        ] GC(1326) Survivor regions: 1->1(31)
[224.153s][info][gc,heap        ] GC(1326) Old regions: 63->63
[224.153s][info][gc,heap        ] GC(1326) Humongous regions: 6->6
[224.153s][info][gc,metaspace   ] GC(1326) Metaspace: 72721K->72721K(1116160K)
[224.153s][info][gc             ] GC(1326) Pause Young (Normal) (G1 Evacuation Pause) 308M->67M(404M) 8.691ms
[224.154s][info][gc,cpu         ] GC(1326) User=0.01s Sys=0.00s Real=0.01s
[224.476s][info][gc,start       ] GC(1327) Pause Young (Normal) (G1 Evacuation Pause)
[224.476s][info][gc,task        ] GC(1327) Using 1 workers of 1 for evacuation
[224.480s][info][gc,phases      ] GC(1327)   Pre Evacuate Collection Set: 0.0ms
[224.480s][info][gc,phases      ] GC(1327)   Evacuate Collection Set: 3.5ms
[224.480s][info][gc,phases      ] GC(1327)   Post Evacuate Collection Set: 0.5ms
[224.480s][info][gc,phases      ] GC(1327)   Other: 0.4ms
[224.480s][info][gc,heap        ] GC(1327) Eden regions: 241->0(241)
[224.480s][info][gc,heap        ] GC(1327) Survivor regions: 1->1(31)
[224.480s][info][gc,heap        ] GC(1327) Old regions: 63->63
[224.480s][info][gc,heap        ] GC(1327) Humongous regions: 11->6
[224.480s][info][gc,metaspace   ] GC(1327) Metaspace: 72723K->72723K(1116160K)
[224.480s][info][gc             ] GC(1327) Pause Young (Normal) (G1 Evacuation Pause) 313M->67M(404M) 4.534ms
[224.480s][info][gc,cpu         ] GC(1327) User=0.01s Sys=0.00s Real=0.01s
[224.617s][info][gc,start       ] GC(1328) Pause Young (Normal) (G1 Evacuation Pause)
[224.617s][info][gc,task        ] GC(1328) Using 1 workers of 1 for evacuation
[224.621s][info][gc,phases      ] GC(1328)   Pre Evacuate Collection Set: 0.0ms
[224.621s][info][gc,phases      ] GC(1328)   Evacuate Collection Set: 3.1ms
[224.621s][info][gc,phases      ] GC(1328)   Post Evacuate Collection Set: 0.4ms
[224.621s][info][gc,phases      ] GC(1328)   Other: 0.4ms
[224.621s][info][gc,heap        ] GC(1328) Eden regions: 241->0(241)
[224.621s][info][gc,heap        ] GC(1328) Survivor regions: 1->1(31)
[224.621s][info][gc,heap        ] GC(1328) Old regions: 63->63
[224.621s][info][gc,heap        ] GC(1328) Humongous regions: 6->6
[224.621s][info][gc,metaspace   ] GC(1328) Metaspace: 72723K->72723K(1116160K)
[224.621s][info][gc             ] GC(1328) Pause Young (Normal) (G1 Evacuation Pause) 308M->67M(404M) 4.071ms
[224.621s][info][gc,cpu         ] GC(1328) User=0.00s Sys=0.00s Real=0.01s
[224.758s][info][gc,start       ] GC(1329) Pause Young (Normal) (G1 Evacuation Pause)
[224.758s][info][gc,task        ] GC(1329) Using 1 workers of 1 for evacuation
[224.762s][info][gc,phases      ] GC(1329)   Pre Evacuate Collection Set: 0.0ms
[224.762s][info][gc,phases      ] GC(1329)   Evacuate Collection Set: 2.9ms
[224.762s][info][gc,phases      ] GC(1329)   Post Evacuate Collection Set: 0.5ms
[224.762s][info][gc,phases      ] GC(1329)   Other: 0.4ms
[224.762s][info][gc,heap        ] GC(1329) Eden regions: 241->0(241)
[224.762s][info][gc,heap        ] GC(1329) Survivor regions: 1->1(31)
[224.762s][info][gc,heap        ] GC(1329) Old regions: 63->63
[224.762s][info][gc,heap        ] GC(1329) Humongous regions: 6->6
[224.762s][info][gc,metaspace   ] GC(1329) Metaspace: 72723K->72723K(1116160K)
[224.762s][info][gc             ] GC(1329) Pause Young (Normal) (G1 Evacuation Pause) 308M->67M(404M) 3.848ms
[224.762s][info][gc,cpu         ] GC(1329) User=0.00s Sys=0.00s Real=0.01s
[224.914s][info][gc,start       ] GC(1330) Pause Young (Normal) (G1 Evacuation Pause)
[224.914s][info][gc,task        ] GC(1330) Using 1 workers of 1 for evacuation
[224.918s][info][gc,phases      ] GC(1330)   Pre Evacuate Collection Set: 0.0ms
[224.918s][info][gc,phases      ] GC(1330)   Evacuate Collection Set: 3.0ms
[224.918s][info][gc,phases      ] GC(1330)   Post Evacuate Collection Set: 0.3ms
[224.918s][info][gc,phases      ] GC(1330)   Other: 0.4ms
[224.918s][info][gc,heap        ] GC(1330) Eden regions: 241->0(241)
[224.918s][info][gc,heap        ] GC(1330) Survivor regions: 1->1(31)
[224.918s][info][gc,heap        ] GC(1330) Old regions: 63->63
[224.918s][info][gc,heap        ] GC(1330) Humongous regions: 6->6
[224.918s][info][gc,metaspace   ] GC(1330) Metaspace: 72723K->72723K(1116160K)
[224.918s][info][gc             ] GC(1330) Pause Young (Normal) (G1 Evacuation Pause) 308M->67M(404M) 3.881ms
[224.918s][info][gc,cpu         ] GC(1330) User=0.01s Sys=0.00s Real=0.00s
[225.113s][info][gc,start       ] GC(1331) Pause Young (Normal) (G1 Evacuation Pause)
[225.113s][info][gc,task        ] GC(1331) Using 1 workers of 1 for evacuation
[225.120s][info][gc,phases      ] GC(1331)   Pre Evacuate Collection Set: 0.1ms
[225.121s][info][gc,phases      ] GC(1331)   Evacuate Collection Set: 6.4ms
[225.121s][info][gc,phases      ] GC(1331)   Post Evacuate Collection Set: 0.7ms
[225.121s][info][gc,phases      ] GC(1331)   Other: 0.6ms
[225.121s][info][gc,heap        ] GC(1331) Eden regions: 241->0(241)
[225.121s][info][gc,heap        ] GC(1331) Survivor regions: 1->1(31)
[225.121s][info][gc,heap        ] GC(1331) Old regions: 63->63
[225.121s][info][gc,heap        ] GC(1331) Humongous regions: 6->6
[225.121s][info][gc,metaspace   ] GC(1331) Metaspace: 72723K->72723K(1116160K)
[225.121s][info][gc             ] GC(1331) Pause Young (Normal) (G1 Evacuation Pause) 308M->67M(404M) 7.899ms
[225.121s][info][gc,cpu         ] GC(1331) User=0.01s Sys=0.00s Real=0.01s
[225.450s][info][gc,start       ] GC(1332) Pause Young (Normal) (G1 Evacuation Pause)
[225.450s][info][gc,task        ] GC(1332) Using 1 workers of 1 for evacuation
[225.453s][info][gc,phases      ] GC(1332)   Pre Evacuate Collection Set: 0.0ms
[225.453s][info][gc,phases      ] GC(1332)   Evacuate Collection Set: 2.6ms
[225.453s][info][gc,phases      ] GC(1332)   Post Evacuate Collection Set: 0.3ms
[225.453s][info][gc,phases      ] GC(1332)   Other: 0.4ms
[225.453s][info][gc,heap        ] GC(1332) Eden regions: 241->0(241)
[225.453s][info][gc,heap        ] GC(1332) Survivor regions: 1->1(31)
[225.453s][info][gc,heap        ] GC(1332) Old regions: 63->63
[225.453s][info][gc,heap        ] GC(1332) Humongous regions: 6->6
[225.453s][info][gc,metaspace   ] GC(1332) Metaspace: 72723K->72723K(1116160K)
[225.453s][info][gc             ] GC(1332) Pause Young (Normal) (G1 Evacuation Pause) 308M->67M(404M) 3.374ms
[225.453s][info][gc,cpu         ] GC(1332) User=0.00s Sys=0.00s Real=0.00s
[225.585s][info][gc,start       ] GC(1333) Pause Young (Normal) (G1 Evacuation Pause)
[225.585s][info][gc,task        ] GC(1333) Using 1 workers of 1 for evacuation
[225.589s][info][gc,phases      ] GC(1333)   Pre Evacuate Collection Set: 0.0ms
[225.589s][info][gc,phases      ] GC(1333)   Evacuate Collection Set: 2.6ms
[225.589s][info][gc,phases      ] GC(1333)   Post Evacuate Collection Set: 0.4ms
[225.589s][info][gc,phases      ] GC(1333)   Other: 0.3ms
[225.589s][info][gc,heap        ] GC(1333) Eden regions: 241->0(241)
[225.589s][info][gc,heap        ] GC(1333) Survivor regions: 1->1(31)
[225.589s][info][gc,heap        ] GC(1333) Old regions: 63->63
[225.589s][info][gc,heap        ] GC(1333) Humongous regions: 11->6
[225.589s][info][gc,metaspace   ] GC(1333) Metaspace: 72732K->72732K(1116160K)
[225.589s][info][gc             ] GC(1333) Pause Young (Normal) (G1 Evacuation Pause) 313M->67M(404M) 3.369ms
[225.589s][info][gc,cpu         ] GC(1333) User=0.00s Sys=0.00s Real=0.01s
[225.710s][info][gc,start       ] GC(1334) Pause Young (Normal) (G1 Evacuation Pause)
[225.710s][info][gc,task        ] GC(1334) Using 1 workers of 1 for evacuation
[225.713s][info][gc,phases      ] GC(1334)   Pre Evacuate Collection Set: 0.0ms
[225.713s][info][gc,phases      ] GC(1334)   Evacuate Collection Set: 2.6ms
[225.713s][info][gc,phases      ] GC(1334)   Post Evacuate Collection Set: 0.3ms
[225.713s][info][gc,phases      ] GC(1334)   Other: 0.4ms
[225.713s][info][gc,heap        ] GC(1334) Eden regions: 241->0(241)
[225.713s][info][gc,heap        ] GC(1334) Survivor regions: 1->1(31)
[225.713s][info][gc,heap        ] GC(1334) Old regions: 63->63
[225.713s][info][gc,heap        ] GC(1334) Humongous regions: 6->6
[225.713s][info][gc,metaspace   ] GC(1334) Metaspace: 72732K->72732K(1116160K)
[225.713s][info][gc             ] GC(1334) Pause Young (Normal) (G1 Evacuation Pause) 308M->66M(404M) 3.382ms
[225.713s][info][gc,cpu         ] GC(1334) User=0.00s Sys=0.00s Real=0.00s
[225.852s][info][gc,start       ] GC(1335) Pause Young (Normal) (G1 Evacuation Pause)
[225.852s][info][gc,task        ] GC(1335) Using 1 workers of 1 for evacuation
[225.856s][info][gc,phases      ] GC(1335)   Pre Evacuate Collection Set: 0.0ms
[225.856s][info][gc,phases      ] GC(1335)   Evacuate Collection Set: 3.5ms
[225.856s][info][gc,phases      ] GC(1335)   Post Evacuate Collection Set: 0.4ms
[225.856s][info][gc,phases      ] GC(1335)   Other: 0.4ms
[225.856s][info][gc,heap        ] GC(1335) Eden regions: 241->0(241)
[225.856s][info][gc,heap        ] GC(1335) Survivor regions: 1->1(31)
[225.856s][info][gc,heap        ] GC(1335) Old regions: 63->63
[225.856s][info][gc,heap        ] GC(1335) Humongous regions: 6->6
[225.856s][info][gc,metaspace   ] GC(1335) Metaspace: 72732K->72732K(1116160K)
[225.856s][info][gc             ] GC(1335) Pause Young (Normal) (G1 Evacuation Pause) 307M->66M(404M) 4.372ms
[225.856s][info][gc,cpu         ] GC(1335) User=0.00s Sys=0.00s Real=0.00s
[225.982s][info][gc,start       ] GC(1336) Pause Young (Normal) (G1 Evacuation Pause)
[225.982s][info][gc,task        ] GC(1336) Using 1 workers of 1 for evacuation
[225.986s][info][gc,phases      ] GC(1336)   Pre Evacuate Collection Set: 0.0ms
[225.986s][info][gc,phases      ] GC(1336)   Evacuate Collection Set: 2.7ms
[225.986s][info][gc,phases      ] GC(1336)   Post Evacuate Collection Set: 0.3ms
[225.986s][info][gc,phases      ] GC(1336)   Other: 0.3ms
[225.986s][info][gc,heap        ] GC(1336) Eden regions: 241->0(241)
[225.986s][info][gc,heap        ] GC(1336) Survivor regions: 1->1(31)
[225.986s][info][gc,heap        ] GC(1336) Old regions: 63->63
[225.986s][info][gc,heap        ] GC(1336) Humongous regions: 6->6
[225.986s][info][gc,metaspace   ] GC(1336) Metaspace: 72732K->72732K(1116160K)
[225.986s][info][gc             ] GC(1336) Pause Young (Normal) (G1 Evacuation Pause) 307M->67M(404M) 3.395ms
[225.986s][info][gc,cpu         ] GC(1336) User=0.00s Sys=0.00s Real=0.00s
[226.185s][info][gc,start       ] GC(1337) Pause Young (Normal) (G1 Evacuation Pause)
[226.185s][info][gc,task        ] GC(1337) Using 1 workers of 1 for evacuation
[226.188s][info][gc,phases      ] GC(1337)   Pre Evacuate Collection Set: 0.0ms
[226.188s][info][gc,phases      ] GC(1337)   Evacuate Collection Set: 2.7ms
[226.188s][info][gc,phases      ] GC(1337)   Post Evacuate Collection Set: 0.3ms
[226.188s][info][gc,phases      ] GC(1337)   Other: 0.4ms
[226.188s][info][gc,heap        ] GC(1337) Eden regions: 241->0(241)
[226.188s][info][gc,heap        ] GC(1337) Survivor regions: 1->1(31)
[226.188s][info][gc,heap        ] GC(1337) Old regions: 63->63
[226.188s][info][gc,heap        ] GC(1337) Humongous regions: 6->6
[226.188s][info][gc,metaspace   ] GC(1337) Metaspace: 72732K->72732K(1116160K)
[226.188s][info][gc             ] GC(1337) Pause Young (Normal) (G1 Evacuation Pause) 308M->67M(404M) 3.499ms
[226.188s][info][gc,cpu         ] GC(1337) User=0.00s Sys=0.00s Real=0.01s
[226.348s][info][gc,start       ] GC(1338) Pause Young (Normal) (G1 Evacuation Pause)
[226.348s][info][gc,task        ] GC(1338) Using 1 workers of 1 for evacuation
[226.354s][info][gc,phases      ] GC(1338)   Pre Evacuate Collection Set: 0.0ms
[226.354s][info][gc,phases      ] GC(1338)   Evacuate Collection Set: 5.4ms
[226.354s][info][gc,phases      ] GC(1338)   Post Evacuate Collection Set: 0.7ms
[226.354s][info][gc,phases      ] GC(1338)   Other: 0.5ms
[226.354s][info][gc,heap        ] GC(1338) Eden regions: 241->0(241)
[226.354s][info][gc,heap        ] GC(1338) Survivor regions: 1->1(31)
[226.354s][info][gc,heap        ] GC(1338) Old regions: 63->63
[226.354s][info][gc,heap        ] GC(1338) Humongous regions: 6->6
[226.354s][info][gc,metaspace   ] GC(1338) Metaspace: 72732K->72732K(1116160K)
[226.354s][info][gc             ] GC(1338) Pause Young (Normal) (G1 Evacuation Pause) 308M->67M(404M) 6.613ms
[226.354s][info][gc,cpu         ] GC(1338) User=0.01s Sys=0.00s Real=0.00s
[226.553s][info][gc,start       ] GC(1339) Pause Young (Normal) (G1 Evacuation Pause)
[226.554s][info][gc,task        ] GC(1339) Using 1 workers of 1 for evacuation
[226.557s][info][gc,phases      ] GC(1339)   Pre Evacuate Collection Set: 0.0ms
[226.557s][info][gc,phases      ] GC(1339)   Evacuate Collection Set: 2.9ms
[226.557s][info][gc,phases      ] GC(1339)   Post Evacuate Collection Set: 0.4ms
[226.557s][info][gc,phases      ] GC(1339)   Other: 0.5ms
[226.557s][info][gc,heap        ] GC(1339) Eden regions: 241->0(241)
[226.557s][info][gc,heap        ] GC(1339) Survivor regions: 1->1(31)
[226.557s][info][gc,heap        ] GC(1339) Old regions: 63->63
[226.557s][info][gc,heap        ] GC(1339) Humongous regions: 11->6
[226.557s][info][gc,metaspace   ] GC(1339) Metaspace: 72818K->72818K(1116160K)
[226.557s][info][gc             ] GC(1339) Pause Young (Normal) (G1 Evacuation Pause) 313M->67M(404M) 3.934ms
[226.557s][info][gc,cpu         ] GC(1339) User=0.01s Sys=0.00s Real=0.00s
[226.676s][info][gc,start       ] GC(1340) Pause Young (Normal) (G1 Evacuation Pause)
[226.676s][info][gc,task        ] GC(1340) Using 1 workers of 1 for evacuation
[226.680s][info][gc,phases      ] GC(1340)   Pre Evacuate Collection Set: 0.0ms
[226.680s][info][gc,phases      ] GC(1340)   Evacuate Collection Set: 2.9ms
[226.680s][info][gc,phases      ] GC(1340)   Post Evacuate Collection Set: 0.4ms
[226.680s][info][gc,phases      ] GC(1340)   Other: 0.3ms
[226.680s][info][gc,heap        ] GC(1340) Eden regions: 241->0(241)
[226.680s][info][gc,heap        ] GC(1340) Survivor regions: 1->1(31)
[226.680s][info][gc,heap        ] GC(1340) Old regions: 63->63
[226.680s][info][gc,heap        ] GC(1340) Humongous regions: 6->6
[226.680s][info][gc,metaspace   ] GC(1340) Metaspace: 72818K->72818K(1116160K)
[226.680s][info][gc             ] GC(1340) Pause Young (Normal) (G1 Evacuation Pause) 308M->67M(404M) 3.623ms
[226.680s][info][gc,cpu         ] GC(1340) User=0.00s Sys=0.00s Real=0.01s
[226.799s][info][gc,start       ] GC(1341) Pause Young (Normal) (G1 Evacuation Pause)
[226.799s][info][gc,task        ] GC(1341) Using 1 workers of 1 for evacuation
[226.802s][info][gc,phases      ] GC(1341)   Pre Evacuate Collection Set: 0.0ms
[226.802s][info][gc,phases      ] GC(1341)   Evacuate Collection Set: 2.8ms
[226.802s][info][gc,phases      ] GC(1341)   Post Evacuate Collection Set: 0.4ms
[226.802s][info][gc,phases      ] GC(1341)   Other: 0.3ms
[226.802s][info][gc,heap        ] GC(1341) Eden regions: 241->0(241)
[226.802s][info][gc,heap        ] GC(1341) Survivor regions: 1->1(31)
[226.802s][info][gc,heap        ] GC(1341) Old regions: 63->63
[226.802s][info][gc,heap        ] GC(1341) Humongous regions: 6->6
[226.802s][info][gc,metaspace   ] GC(1341) Metaspace: 72818K->72818K(1116160K)
[226.802s][info][gc             ] GC(1341) Pause Young (Normal) (G1 Evacuation Pause) 308M->67M(404M) 3.591ms
[226.802s][info][gc,cpu         ] GC(1341) User=0.00s Sys=0.00s Real=0.01s
[226.957s][info][gc,start       ] GC(1342) Pause Young (Normal) (G1 Evacuation Pause)
[226.957s][info][gc,task        ] GC(1342) Using 1 workers of 1 for evacuation
[226.960s][info][gc,phases      ] GC(1342)   Pre Evacuate Collection Set: 0.0ms
[226.960s][info][gc,phases      ] GC(1342)   Evacuate Collection Set: 3.0ms
[226.960s][info][gc,phases      ] GC(1342)   Post Evacuate Collection Set: 0.5ms
[226.960s][info][gc,phases      ] GC(1342)   Other: 0.4ms
[226.960s][info][gc,heap        ] GC(1342) Eden regions: 241->0(241)
[226.960s][info][gc,heap        ] GC(1342) Survivor regions: 1->1(31)
[226.960s][info][gc,heap        ] GC(1342) Old regions: 63->63
[226.960s][info][gc,heap        ] GC(1342) Humongous regions: 6->6
[226.960s][info][gc,metaspace   ] GC(1342) Metaspace: 72819K->72819K(1116160K)
[226.960s][info][gc             ] GC(1342) Pause Young (Normal) (G1 Evacuation Pause) 308M->67M(404M) 3.937ms
[226.961s][info][gc,cpu         ] GC(1342) User=0.00s Sys=0.00s Real=0.01s
[227.100s][info][gc,start       ] GC(1343) Pause Young (Normal) (G1 Evacuation Pause)
[227.100s][info][gc,task        ] GC(1343) Using 1 workers of 1 for evacuation
[227.104s][info][gc,phases      ] GC(1343)   Pre Evacuate Collection Set: 0.0ms
[227.104s][info][gc,phases      ] GC(1343)   Evacuate Collection Set: 2.9ms
[227.104s][info][gc,phases      ] GC(1343)   Post Evacuate Collection Set: 0.3ms
[227.104s][info][gc,phases      ] GC(1343)   Other: 0.3ms
[227.104s][info][gc,heap        ] GC(1343) Eden regions: 241->0(241)
[227.104s][info][gc,heap        ] GC(1343) Survivor regions: 1->1(31)
[227.104s][info][gc,heap        ] GC(1343) Old regions: 63->63
[227.104s][info][gc,heap        ] GC(1343) Humongous regions: 6->6
[227.104s][info][gc,metaspace   ] GC(1343) Metaspace: 72819K->72819K(1116160K)
[227.104s][info][gc             ] GC(1343) Pause Young (Normal) (G1 Evacuation Pause) 308M->67M(404M) 3.589ms
[227.104s][info][gc,cpu         ] GC(1343) User=0.00s Sys=0.00s Real=0.00s
[227.225s][info][gc,start       ] GC(1344) Pause Young (Normal) (G1 Evacuation Pause)
[227.225s][info][gc,task        ] GC(1344) Using 1 workers of 1 for evacuation
[227.229s][info][gc,phases      ] GC(1344)   Pre Evacuate Collection Set: 0.0ms
[227.229s][info][gc,phases      ] GC(1344)   Evacuate Collection Set: 2.9ms
[227.229s][info][gc,phases      ] GC(1344)   Post Evacuate Collection Set: 0.3ms
[227.229s][info][gc,phases      ] GC(1344)   Other: 0.3ms
[227.229s][info][gc,heap        ] GC(1344) Eden regions: 241->0(241)
[227.229s][info][gc,heap        ] GC(1344) Survivor regions: 1->1(31)
[227.229s][info][gc,heap        ] GC(1344) Old regions: 63->63
[227.229s][info][gc,heap        ] GC(1344) Humongous regions: 6->6
[227.229s][info][gc,metaspace   ] GC(1344) Metaspace: 72819K->72819K(1116160K)
[227.229s][info][gc             ] GC(1344) Pause Young (Normal) (G1 Evacuation Pause) 308M->67M(404M) 3.577ms
[227.229s][info][gc,cpu         ] GC(1344) User=0.01s Sys=0.00s Real=0.01s
[227.356s][info][gc,start       ] GC(1345) Pause Young (Normal) (G1 Evacuation Pause)
[227.356s][info][gc,task        ] GC(1345) Using 1 workers of 1 for evacuation
[227.360s][info][gc,phases      ] GC(1345)   Pre Evacuate Collection Set: 0.0ms
[227.360s][info][gc,phases      ] GC(1345)   Evacuate Collection Set: 3.0ms
[227.360s][info][gc,phases      ] GC(1345)   Post Evacuate Collection Set: 0.6ms
[227.360s][info][gc,phases      ] GC(1345)   Other: 0.4ms
[227.360s][info][gc,heap        ] GC(1345) Eden regions: 241->0(241)
[227.360s][info][gc,heap        ] GC(1345) Survivor regions: 1->1(31)
[227.360s][info][gc,heap        ] GC(1345) Old regions: 63->63
[227.360s][info][gc,heap        ] GC(1345) Humongous regions: 6->6
[227.360s][info][gc,metaspace   ] GC(1345) Metaspace: 72819K->72819K(1116160K)
[227.360s][info][gc             ] GC(1345) Pause Young (Normal) (G1 Evacuation Pause) 308M->67M(404M) 4.063ms
[227.360s][info][gc,cpu         ] GC(1345) User=0.01s Sys=0.00s Real=0.01s
[227.499s][info][gc,start       ] GC(1346) Pause Young (Normal) (G1 Evacuation Pause)
[227.499s][info][gc,task        ] GC(1346) Using 1 workers of 1 for evacuation
[227.502s][info][gc,phases      ] GC(1346)   Pre Evacuate Collection Set: 0.0ms
[227.502s][info][gc,phases      ] GC(1346)   Evacuate Collection Set: 2.7ms
[227.502s][info][gc,phases      ] GC(1346)   Post Evacuate Collection Set: 0.4ms
[227.502s][info][gc,phases      ] GC(1346)   Other: 0.3ms
[227.502s][info][gc,heap        ] GC(1346) Eden regions: 241->0(241)
[227.502s][info][gc,heap        ] GC(1346) Survivor regions: 1->1(31)
[227.502s][info][gc,heap        ] GC(1346) Old regions: 63->63
[227.502s][info][gc,heap        ] GC(1346) Humongous regions: 11->6
[227.502s][info][gc,metaspace   ] GC(1346) Metaspace: 72845K->72845K(1116160K)
[227.502s][info][gc             ] GC(1346) Pause Young (Normal) (G1 Evacuation Pause) 313M->67M(404M) 3.439ms
[227.502s][info][gc,cpu         ] GC(1346) User=0.00s Sys=0.00s Real=0.00s
[227.627s][info][gc,start       ] GC(1347) Pause Young (Normal) (G1 Evacuation Pause)
[227.627s][info][gc,task        ] GC(1347) Using 1 workers of 1 for evacuation
[227.630s][info][gc,phases      ] GC(1347)   Pre Evacuate Collection Set: 0.0ms
[227.630s][info][gc,phases      ] GC(1347)   Evacuate Collection Set: 2.7ms
[227.630s][info][gc,phases      ] GC(1347)   Post Evacuate Collection Set: 0.4ms
[227.630s][info][gc,phases      ] GC(1347)   Other: 0.3ms
[227.630s][info][gc,heap        ] GC(1347) Eden regions: 241->0(241)
[227.630s][info][gc,heap        ] GC(1347) Survivor regions: 1->1(31)
[227.630s][info][gc,heap        ] GC(1347) Old regions: 63->63
[227.630s][info][gc,heap        ] GC(1347) Humongous regions: 6->6
[227.630s][info][gc,metaspace   ] GC(1347) Metaspace: 72845K->72845K(1116160K)
[227.630s][info][gc             ] GC(1347) Pause Young (Normal) (G1 Evacuation Pause) 308M->67M(404M) 3.403ms
[227.630s][info][gc,cpu         ] GC(1347) User=0.00s Sys=0.00s Real=0.00s
[227.787s][info][gc,start       ] GC(1348) Pause Young (Normal) (G1 Evacuation Pause)
[227.788s][info][gc,task        ] GC(1348) Using 1 workers of 1 for evacuation
[227.794s][info][gc,phases      ] GC(1348)   Pre Evacuate Collection Set: 0.0ms
[227.794s][info][gc,phases      ] GC(1348)   Evacuate Collection Set: 5.6ms
[227.794s][info][gc,phases      ] GC(1348)   Post Evacuate Collection Set: 0.7ms
[227.794s][info][gc,phases      ] GC(1348)   Other: 0.6ms
[227.794s][info][gc,heap        ] GC(1348) Eden regions: 241->0(241)
[227.794s][info][gc,heap        ] GC(1348) Survivor regions: 1->1(31)
[227.794s][info][gc,heap        ] GC(1348) Old regions: 63->63
[227.794s][info][gc,heap        ] GC(1348) Humongous regions: 6->6
[227.794s][info][gc,metaspace   ] GC(1348) Metaspace: 72845K->72845K(1116160K)
[227.794s][info][gc             ] GC(1348) Pause Young (Normal) (G1 Evacuation Pause) 308M->67M(404M) 7.072ms
[227.794s][info][gc,cpu         ] GC(1348) User=0.01s Sys=0.00s Real=0.00s
[228.041s][info][gc,start       ] GC(1349) Pause Young (Normal) (G1 Evacuation Pause)
[228.041s][info][gc,task        ] GC(1349) Using 1 workers of 1 for evacuation
[228.044s][info][gc,phases      ] GC(1349)   Pre Evacuate Collection Set: 0.0ms
[228.044s][info][gc,phases      ] GC(1349)   Evacuate Collection Set: 2.7ms
[228.044s][info][gc,phases      ] GC(1349)   Post Evacuate Collection Set: 0.5ms
[228.044s][info][gc,phases      ] GC(1349)   Other: 0.4ms
[228.044s][info][gc,heap        ] GC(1349) Eden regions: 241->0(241)
[228.044s][info][gc,heap        ] GC(1349) Survivor regions: 1->1(31)
[228.044s][info][gc,heap        ] GC(1349) Old regions: 63->63
[228.044s][info][gc,heap        ] GC(1349) Humongous regions: 6->6
[228.044s][info][gc,metaspace   ] GC(1349) Metaspace: 72845K->72845K(1116160K)
[228.044s][info][gc             ] GC(1349) Pause Young (Normal) (G1 Evacuation Pause) 308M->67M(404M) 3.596ms
[228.044s][info][gc,cpu         ] GC(1349) User=0.01s Sys=0.00s Real=0.00s
[228.168s][info][gc,start       ] GC(1350) Pause Young (Normal) (G1 Evacuation Pause)
[228.168s][info][gc,task        ] GC(1350) Using 1 workers of 1 for evacuation
[228.171s][info][gc,phases      ] GC(1350)   Pre Evacuate Collection Set: 0.0ms
[228.171s][info][gc,phases      ] GC(1350)   Evacuate Collection Set: 2.9ms
[228.171s][info][gc,phases      ] GC(1350)   Post Evacuate Collection Set: 0.4ms
[228.171s][info][gc,phases      ] GC(1350)   Other: 0.4ms
[228.171s][info][gc,heap        ] GC(1350) Eden regions: 241->0(241)
[228.171s][info][gc,heap        ] GC(1350) Survivor regions: 1->1(31)
[228.171s][info][gc,heap        ] GC(1350) Old regions: 63->63
[228.171s][info][gc,heap        ] GC(1350) Humongous regions: 6->6
[228.171s][info][gc,metaspace   ] GC(1350) Metaspace: 72845K->72845K(1116160K)
[228.171s][info][gc             ] GC(1350) Pause Young (Normal) (G1 Evacuation Pause) 308M->67M(404M) 3.740ms
[228.171s][info][gc,cpu         ] GC(1350) User=0.00s Sys=0.00s Real=0.00s
[228.315s][info][gc,start       ] GC(1351) Pause Young (Normal) (G1 Evacuation Pause)
[228.315s][info][gc,task        ] GC(1351) Using 1 workers of 1 for evacuation
[228.322s][info][gc,phases      ] GC(1351)   Pre Evacuate Collection Set: 0.1ms
[228.322s][info][gc,phases      ] GC(1351)   Evacuate Collection Set: 5.7ms
[228.322s][info][gc,phases      ] GC(1351)   Post Evacuate Collection Set: 0.7ms
[228.322s][info][gc,phases      ] GC(1351)   Other: 0.5ms
[228.322s][info][gc,heap        ] GC(1351) Eden regions: 241->0(241)
[228.322s][info][gc,heap        ] GC(1351) Survivor regions: 1->1(31)
[228.322s][info][gc,heap        ] GC(1351) Old regions: 63->63
[228.322s][info][gc,heap        ] GC(1351) Humongous regions: 6->6
[228.322s][info][gc,metaspace   ] GC(1351) Metaspace: 72845K->72845K(1116160K)
[228.323s][info][gc             ] GC(1351) Pause Young (Normal) (G1 Evacuation Pause) 308M->67M(404M) 7.307ms
[228.323s][info][gc,cpu         ] GC(1351) User=0.00s Sys=0.00s Real=0.01s
[228.543s][info][gc,start       ] GC(1352) Pause Young (Normal) (G1 Evacuation Pause)
[228.543s][info][gc,task        ] GC(1352) Using 1 workers of 1 for evacuation
[228.551s][info][gc,phases      ] GC(1352)   Pre Evacuate Collection Set: 0.1ms
[228.551s][info][gc,phases      ] GC(1352)   Evacuate Collection Set: 7.3ms
[228.551s][info][gc,phases      ] GC(1352)   Post Evacuate Collection Set: 0.9ms
[228.551s][info][gc,phases      ] GC(1352)   Other: 0.8ms
[228.551s][info][gc,heap        ] GC(1352) Eden regions: 241->0(241)
[228.551s][info][gc,heap        ] GC(1352) Survivor regions: 1->1(31)
[228.552s][info][gc,heap        ] GC(1352) Old regions: 63->63
[228.552s][info][gc,heap        ] GC(1352) Humongous regions: 11->6
[228.552s][info][gc,metaspace   ] GC(1352) Metaspace: 72847K->72847K(1116160K)
[228.552s][info][gc             ] GC(1352) Pause Young (Normal) (G1 Evacuation Pause) 313M->67M(404M) 9.037ms
[228.552s][info][gc,cpu         ] GC(1352) User=0.00s Sys=0.01s Real=0.01s
[228.721s][info][gc,start       ] GC(1353) Pause Young (Normal) (G1 Evacuation Pause)
[228.721s][info][gc,task        ] GC(1353) Using 1 workers of 1 for evacuation
[228.725s][info][gc,phases      ] GC(1353)   Pre Evacuate Collection Set: 0.0ms
[228.725s][info][gc,phases      ] GC(1353)   Evacuate Collection Set: 3.1ms
[228.725s][info][gc,phases      ] GC(1353)   Post Evacuate Collection Set: 0.3ms
[228.725s][info][gc,phases      ] GC(1353)   Other: 0.8ms
[228.725s][info][gc,heap        ] GC(1353) Eden regions: 241->0(241)
[228.725s][info][gc,heap        ] GC(1353) Survivor regions: 1->1(31)
[228.725s][info][gc,heap        ] GC(1353) Old regions: 63->63
[228.725s][info][gc,heap        ] GC(1353) Humongous regions: 6->6
[228.725s][info][gc,metaspace   ] GC(1353) Metaspace: 72847K->72847K(1116160K)
[228.725s][info][gc             ] GC(1353) Pause Young (Normal) (G1 Evacuation Pause) 308M->67M(404M) 4.301ms
[228.725s][info][gc,cpu         ] GC(1353) User=0.01s Sys=0.00s Real=0.00s
[228.853s][info][gc,start       ] GC(1354) Pause Young (Normal) (G1 Evacuation Pause)
[228.854s][info][gc,task        ] GC(1354) Using 1 workers of 1 for evacuation
[228.857s][info][gc,phases      ] GC(1354)   Pre Evacuate Collection Set: 0.0ms
[228.857s][info][gc,phases      ] GC(1354)   Evacuate Collection Set: 2.9ms
[228.857s][info][gc,phases      ] GC(1354)   Post Evacuate Collection Set: 0.3ms
[228.857s][info][gc,phases      ] GC(1354)   Other: 0.4ms
[228.857s][info][gc,heap        ] GC(1354) Eden regions: 241->0(241)
[228.857s][info][gc,heap        ] GC(1354) Survivor regions: 1->1(31)
[228.857s][info][gc,heap        ] GC(1354) Old regions: 63->63
[228.857s][info][gc,heap        ] GC(1354) Humongous regions: 6->6
[228.857s][info][gc,metaspace   ] GC(1354) Metaspace: 72847K->72847K(1116160K)
[228.857s][info][gc             ] GC(1354) Pause Young (Normal) (G1 Evacuation Pause) 308M->67M(404M) 3.720ms
[228.857s][info][gc,cpu         ] GC(1354) User=0.01s Sys=0.00s Real=0.00s
[228.977s][info][gc,start       ] GC(1355) Pause Young (Normal) (G1 Evacuation Pause)
[228.977s][info][gc,task        ] GC(1355) Using 1 workers of 1 for evacuation
[228.980s][info][gc,phases      ] GC(1355)   Pre Evacuate Collection Set: 0.0ms
[228.980s][info][gc,phases      ] GC(1355)   Evacuate Collection Set: 2.8ms
[228.980s][info][gc,phases      ] GC(1355)   Post Evacuate Collection Set: 0.3ms
[228.980s][info][gc,phases      ] GC(1355)   Other: 0.3ms
[228.980s][info][gc,heap        ] GC(1355) Eden regions: 241->0(241)
[228.980s][info][gc,heap        ] GC(1355) Survivor regions: 1->1(31)
[228.980s][info][gc,heap        ] GC(1355) Old regions: 63->63
[228.980s][info][gc,heap        ] GC(1355) Humongous regions: 6->6
[228.980s][info][gc,metaspace   ] GC(1355) Metaspace: 72847K->72847K(1116160K)
[228.980s][info][gc             ] GC(1355) Pause Young (Normal) (G1 Evacuation Pause) 308M->67M(404M) 3.534ms
[228.980s][info][gc,cpu         ] GC(1355) User=0.00s Sys=0.00s Real=0.01s
[229.133s][info][gc,start       ] GC(1356) Pause Young (Normal) (G1 Evacuation Pause)
[229.133s][info][gc,task        ] GC(1356) Using 1 workers of 1 for evacuation
[229.138s][info][gc,phases      ] GC(1356)   Pre Evacuate Collection Set: 0.0ms
[229.138s][info][gc,phases      ] GC(1356)   Evacuate Collection Set: 3.8ms
[229.138s][info][gc,phases      ] GC(1356)   Post Evacuate Collection Set: 0.4ms
[229.138s][info][gc,phases      ] GC(1356)   Other: 0.4ms
[229.138s][info][gc,heap        ] GC(1356) Eden regions: 241->0(241)
[229.138s][info][gc,heap        ] GC(1356) Survivor regions: 1->1(31)
[229.138s][info][gc,heap        ] GC(1356) Old regions: 63->63
[229.138s][info][gc,heap        ] GC(1356) Humongous regions: 6->6
[229.138s][info][gc,metaspace   ] GC(1356) Metaspace: 72847K->72847K(1116160K)
[229.138s][info][gc             ] GC(1356) Pause Young (Normal) (G1 Evacuation Pause) 308M->67M(404M) 4.704ms
[229.138s][info][gc,cpu         ] GC(1356) User=0.01s Sys=0.00s Real=0.00s
[229.263s][info][gc,start       ] GC(1357) Pause Young (Normal) (G1 Evacuation Pause)
[229.263s][info][gc,task        ] GC(1357) Using 1 workers of 1 for evacuation
[229.267s][info][gc,phases      ] GC(1357)   Pre Evacuate Collection Set: 0.0ms
[229.267s][info][gc,phases      ] GC(1357)   Evacuate Collection Set: 3.1ms
[229.267s][info][gc,phases      ] GC(1357)   Post Evacuate Collection Set: 0.4ms
[229.267s][info][gc,phases      ] GC(1357)   Other: 0.5ms
[229.267s][info][gc,heap        ] GC(1357) Eden regions: 241->0(241)
[229.267s][info][gc,heap        ] GC(1357) Survivor regions: 1->1(31)
[229.267s][info][gc,heap        ] GC(1357) Old regions: 63->63
[229.267s][info][gc,heap        ] GC(1357) Humongous regions: 6->6
[229.267s][info][gc,metaspace   ] GC(1357) Metaspace: 72847K->72847K(1116160K)
[229.267s][info][gc             ] GC(1357) Pause Young (Normal) (G1 Evacuation Pause) 308M->67M(404M) 3.943ms
[229.267s][info][gc,cpu         ] GC(1357) User=0.01s Sys=0.00s Real=0.01s
[229.438s][info][gc,start       ] GC(1358) Pause Young (Normal) (G1 Evacuation Pause)
[229.438s][info][gc,task        ] GC(1358) Using 1 workers of 1 for evacuation
[229.446s][info][gc,phases      ] GC(1358)   Pre Evacuate Collection Set: 0.0ms
[229.446s][info][gc,phases      ] GC(1358)   Evacuate Collection Set: 6.0ms
[229.446s][info][gc,phases      ] GC(1358)   Post Evacuate Collection Set: 0.8ms
[229.446s][info][gc,phases      ] GC(1358)   Other: 0.5ms
[229.446s][info][gc,heap        ] GC(1358) Eden regions: 241->0(241)
[229.446s][info][gc,heap        ] GC(1358) Survivor regions: 1->1(31)
[229.446s][info][gc,heap        ] GC(1358) Old regions: 63->63
[229.446s][info][gc,heap        ] GC(1358) Humongous regions: 11->6
[229.446s][info][gc,metaspace   ] GC(1358) Metaspace: 72869K->72869K(1116160K)
[229.446s][info][gc             ] GC(1358) Pause Young (Normal) (G1 Evacuation Pause) 313M->67M(404M) 7.647ms
[229.446s][info][gc,cpu         ] GC(1358) User=0.01s Sys=0.00s Real=0.00s
[229.566s][info][gc,start       ] GC(1359) Pause Young (Normal) (G1 Evacuation Pause)
[229.566s][info][gc,task        ] GC(1359) Using 1 workers of 1 for evacuation
[229.569s][info][gc,phases      ] GC(1359)   Pre Evacuate Collection Set: 0.0ms
[229.569s][info][gc,phases      ] GC(1359)   Evacuate Collection Set: 2.7ms
[229.569s][info][gc,phases      ] GC(1359)   Post Evacuate Collection Set: 0.3ms
[229.569s][info][gc,phases      ] GC(1359)   Other: 0.4ms
[229.569s][info][gc,heap        ] GC(1359) Eden regions: 241->0(241)
[229.569s][info][gc,heap        ] GC(1359) Survivor regions: 1->1(31)
[229.569s][info][gc,heap        ] GC(1359) Old regions: 63->63
[229.569s][info][gc,heap        ] GC(1359) Humongous regions: 6->6
[229.569s][info][gc,metaspace   ] GC(1359) Metaspace: 72873K->72873K(1116160K)
[229.569s][info][gc             ] GC(1359) Pause Young (Normal) (G1 Evacuation Pause) 308M->67M(404M) 3.438ms
[229.570s][info][gc,cpu         ] GC(1359) User=0.00s Sys=0.00s Real=0.01s
[229.764s][info][gc,start       ] GC(1360) Pause Young (Normal) (G1 Evacuation Pause)
[229.764s][info][gc,task        ] GC(1360) Using 1 workers of 1 for evacuation
[229.772s][info][gc,phases      ] GC(1360)   Pre Evacuate Collection Set: 0.0ms
[229.772s][info][gc,phases      ] GC(1360)   Evacuate Collection Set: 6.2ms
[229.772s][info][gc,phases      ] GC(1360)   Post Evacuate Collection Set: 0.7ms
[229.772s][info][gc,phases      ] GC(1360)   Other: 0.6ms
[229.772s][info][gc,heap        ] GC(1360) Eden regions: 241->0(241)
[229.772s][info][gc,heap        ] GC(1360) Survivor regions: 1->1(31)
[229.772s][info][gc,heap        ] GC(1360) Old regions: 63->63
[229.772s][info][gc,heap        ] GC(1360) Humongous regions: 6->6
[229.772s][info][gc,metaspace   ] GC(1360) Metaspace: 72873K->72873K(1116160K)
[229.772s][info][gc             ] GC(1360) Pause Young (Normal) (G1 Evacuation Pause) 308M->67M(404M) 7.776ms
[229.772s][info][gc,cpu         ] GC(1360) User=0.01s Sys=0.00s Real=0.01s
[229.962s][info][gc,start       ] GC(1361) Pause Young (Normal) (G1 Evacuation Pause)
[229.963s][info][gc,task        ] GC(1361) Using 1 workers of 1 for evacuation
[229.966s][info][gc,phases      ] GC(1361)   Pre Evacuate Collection Set: 0.0ms
[229.966s][info][gc,phases      ] GC(1361)   Evacuate Collection Set: 2.8ms
[229.966s][info][gc,phases      ] GC(1361)   Post Evacuate Collection Set: 0.5ms
[229.966s][info][gc,phases      ] GC(1361)   Other: 0.3ms
[229.966s][info][gc,heap        ] GC(1361) Eden regions: 241->0(241)
[229.966s][info][gc,heap        ] GC(1361) Survivor regions: 1->1(31)
[229.966s][info][gc,heap        ] GC(1361) Old regions: 63->63
[229.966s][info][gc,heap        ] GC(1361) Humongous regions: 6->6
[229.966s][info][gc,metaspace   ] GC(1361) Metaspace: 72873K->72873K(1116160K)
[229.966s][info][gc             ] GC(1361) Pause Young (Normal) (G1 Evacuation Pause) 308M->67M(404M) 3.634ms
[229.966s][info][gc,cpu         ] GC(1361) User=0.00s Sys=0.00s Real=0.00s
[230.106s][info][gc,start       ] GC(1362) Pause Young (Normal) (G1 Evacuation Pause)
[230.106s][info][gc,task        ] GC(1362) Using 1 workers of 1 for evacuation
[230.109s][info][gc,phases      ] GC(1362)   Pre Evacuate Collection Set: 0.0ms
[230.109s][info][gc,phases      ] GC(1362)   Evacuate Collection Set: 2.7ms
[230.109s][info][gc,phases      ] GC(1362)   Post Evacuate Collection Set: 0.4ms
[230.109s][info][gc,phases      ] GC(1362)   Other: 0.3ms
[230.109s][info][gc,heap        ] GC(1362) Eden regions: 241->0(241)
[230.109s][info][gc,heap        ] GC(1362) Survivor regions: 1->1(31)
[230.109s][info][gc,heap        ] GC(1362) Old regions: 63->63
[230.109s][info][gc,heap        ] GC(1362) Humongous regions: 6->6
[230.109s][info][gc,metaspace   ] GC(1362) Metaspace: 72873K->72873K(1116160K)
[230.109s][info][gc             ] GC(1362) Pause Young (Normal) (G1 Evacuation Pause) 308M->67M(404M) 3.424ms
[230.109s][info][gc,cpu         ] GC(1362) User=0.00s Sys=0.00s Real=0.01s
[230.231s][info][gc,start       ] GC(1363) Pause Young (Normal) (G1 Evacuation Pause)
[230.231s][info][gc,task        ] GC(1363) Using 1 workers of 1 for evacuation
[230.235s][info][gc,phases      ] GC(1363)   Pre Evacuate Collection Set: 0.0ms
[230.235s][info][gc,phases      ] GC(1363)   Evacuate Collection Set: 3.7ms
[230.235s][info][gc,phases      ] GC(1363)   Post Evacuate Collection Set: 0.4ms
[230.235s][info][gc,phases      ] GC(1363)   Other: 0.5ms
[230.235s][info][gc,heap        ] GC(1363) Eden regions: 241->0(241)
[230.235s][info][gc,heap        ] GC(1363) Survivor regions: 1->1(31)
[230.235s][info][gc,heap        ] GC(1363) Old regions: 63->63
[230.235s][info][gc,heap        ] GC(1363) Humongous regions: 6->6
[230.235s][info][gc,metaspace   ] GC(1363) Metaspace: 72873K->72873K(1116160K)
[230.235s][info][gc             ] GC(1363) Pause Young (Normal) (G1 Evacuation Pause) 308M->67M(404M) 4.719ms
[230.235s][info][gc,cpu         ] GC(1363) User=0.01s Sys=0.00s Real=0.00s
[230.403s][info][gc,start       ] GC(1364) Pause Young (Normal) (G1 Evacuation Pause)
[230.403s][info][gc,task        ] GC(1364) Using 1 workers of 1 for evacuation
[230.407s][info][gc,phases      ] GC(1364)   Pre Evacuate Collection Set: 0.0ms
[230.407s][info][gc,phases      ] GC(1364)   Evacuate Collection Set: 3.0ms
[230.407s][info][gc,phases      ] GC(1364)   Post Evacuate Collection Set: 0.5ms
[230.407s][info][gc,phases      ] GC(1364)   Other: 0.4ms
[230.407s][info][gc,heap        ] GC(1364) Eden regions: 241->0(241)
[230.407s][info][gc,heap        ] GC(1364) Survivor regions: 1->1(31)
[230.407s][info][gc,heap        ] GC(1364) Old regions: 63->63
[230.407s][info][gc,heap        ] GC(1364) Humongous regions: 11->6
[230.407s][info][gc,metaspace   ] GC(1364) Metaspace: 72873K->72873K(1116160K)
[230.407s][info][gc             ] GC(1364) Pause Young (Normal) (G1 Evacuation Pause) 313M->67M(404M) 3.887ms
[230.407s][info][gc,cpu         ] GC(1364) User=0.00s Sys=0.00s Real=0.01s
[230.535s][info][gc,start       ] GC(1365) Pause Young (Normal) (G1 Evacuation Pause)
[230.535s][info][gc,task        ] GC(1365) Using 1 workers of 1 for evacuation
[230.539s][info][gc,phases      ] GC(1365)   Pre Evacuate Collection Set: 0.0ms
[230.539s][info][gc,phases      ] GC(1365)   Evacuate Collection Set: 3.0ms
[230.539s][info][gc,phases      ] GC(1365)   Post Evacuate Collection Set: 0.4ms
[230.539s][info][gc,phases      ] GC(1365)   Other: 0.4ms
[230.539s][info][gc,heap        ] GC(1365) Eden regions: 241->0(241)
[230.539s][info][gc,heap        ] GC(1365) Survivor regions: 1->1(31)
[230.539s][info][gc,heap        ] GC(1365) Old regions: 63->63
[230.539s][info][gc,heap        ] GC(1365) Humongous regions: 6->6
[230.539s][info][gc,metaspace   ] GC(1365) Metaspace: 72873K->72873K(1116160K)
[230.539s][info][gc             ] GC(1365) Pause Young (Normal) (G1 Evacuation Pause) 308M->67M(404M) 3.911ms
[230.539s][info][gc,cpu         ] GC(1365) User=0.00s Sys=0.00s Real=0.01s
[230.658s][info][gc,start       ] GC(1366) Pause Young (Normal) (G1 Evacuation Pause)
[230.659s][info][gc,task        ] GC(1366) Using 1 workers of 1 for evacuation
[230.662s][info][gc,phases      ] GC(1366)   Pre Evacuate Collection Set: 0.0ms
[230.662s][info][gc,phases      ] GC(1366)   Evacuate Collection Set: 2.7ms
[230.662s][info][gc,phases      ] GC(1366)   Post Evacuate Collection Set: 0.4ms
[230.662s][info][gc,phases      ] GC(1366)   Other: 0.4ms
[230.662s][info][gc,heap        ] GC(1366) Eden regions: 241->0(241)
[230.662s][info][gc,heap        ] GC(1366) Survivor regions: 1->1(31)
[230.662s][info][gc,heap        ] GC(1366) Old regions: 63->63
[230.662s][info][gc,heap        ] GC(1366) Humongous regions: 6->6
[230.662s][info][gc,metaspace   ] GC(1366) Metaspace: 72873K->72873K(1116160K)
[230.662s][info][gc             ] GC(1366) Pause Young (Normal) (G1 Evacuation Pause) 308M->67M(404M) 3.550ms
[230.662s][info][gc,cpu         ] GC(1366) User=0.01s Sys=0.00s Real=0.01s
[230.862s][info][gc,start       ] GC(1367) Pause Young (Normal) (G1 Evacuation Pause)
[230.862s][info][gc,task        ] GC(1367) Using 1 workers of 1 for evacuation
[230.867s][info][gc,phases      ] GC(1367)   Pre Evacuate Collection Set: 0.0ms
[230.867s][info][gc,phases      ] GC(1367)   Evacuate Collection Set: 3.6ms
[230.867s][info][gc,phases      ] GC(1367)   Post Evacuate Collection Set: 0.8ms
[230.867s][info][gc,phases      ] GC(1367)   Other: 0.6ms
[230.867s][info][gc,heap        ] GC(1367) Eden regions: 241->0(241)
[230.867s][info][gc,heap        ] GC(1367) Survivor regions: 1->1(31)
[230.867s][info][gc,heap        ] GC(1367) Old regions: 63->63
[230.867s][info][gc,heap        ] GC(1367) Humongous regions: 6->6
[230.867s][info][gc,metaspace   ] GC(1367) Metaspace: 72873K->72873K(1116160K)
[230.867s][info][gc             ] GC(1367) Pause Young (Normal) (G1 Evacuation Pause) 308M->67M(404M) 5.222ms
[230.867s][info][gc,cpu         ] GC(1367) User=0.00s Sys=0.00s Real=0.01s
[231.025s][info][gc,start       ] GC(1368) Pause Young (Normal) (G1 Evacuation Pause)
[231.025s][info][gc,task        ] GC(1368) Using 1 workers of 1 for evacuation
[231.030s][info][gc,phases      ] GC(1368)   Pre Evacuate Collection Set: 0.0ms
[231.030s][info][gc,phases      ] GC(1368)   Evacuate Collection Set: 4.0ms
[231.030s][info][gc,phases      ] GC(1368)   Post Evacuate Collection Set: 0.3ms
[231.030s][info][gc,phases      ] GC(1368)   Other: 0.4ms
[231.030s][info][gc,heap        ] GC(1368) Eden regions: 241->0(241)
[231.030s][info][gc,heap        ] GC(1368) Survivor regions: 1->1(31)
[231.030s][info][gc,heap        ] GC(1368) Old regions: 63->63
[231.030s][info][gc,heap        ] GC(1368) Humongous regions: 6->6
[231.030s][info][gc,metaspace   ] GC(1368) Metaspace: 72873K->72873K(1116160K)
[231.030s][info][gc             ] GC(1368) Pause Young (Normal) (G1 Evacuation Pause) 308M->67M(404M) 4.846ms
[231.030s][info][gc,cpu         ] GC(1368) User=0.00s Sys=0.00s Real=0.01s
[231.151s][info][gc,start       ] GC(1369) Pause Young (Normal) (G1 Evacuation Pause)
[231.151s][info][gc,task        ] GC(1369) Using 1 workers of 1 for evacuation
[231.155s][info][gc,phases      ] GC(1369)   Pre Evacuate Collection Set: 0.0ms
[231.155s][info][gc,phases      ] GC(1369)   Evacuate Collection Set: 2.9ms
[231.155s][info][gc,phases      ] GC(1369)   Post Evacuate Collection Set: 0.4ms
[231.155s][info][gc,phases      ] GC(1369)   Other: 0.3ms
[231.155s][info][gc,heap        ] GC(1369) Eden regions: 241->0(241)
[231.155s][info][gc,heap        ] GC(1369) Survivor regions: 1->1(31)
[231.155s][info][gc,heap        ] GC(1369) Old regions: 63->63
[231.155s][info][gc,heap        ] GC(1369) Humongous regions: 6->6
[231.155s][info][gc,metaspace   ] GC(1369) Metaspace: 72873K->72873K(1116160K)
[231.155s][info][gc             ] GC(1369) Pause Young (Normal) (G1 Evacuation Pause) 308M->67M(404M) 3.715ms
[231.155s][info][gc,cpu         ] GC(1369) User=0.01s Sys=0.00s Real=0.00s
[231.363s][info][gc,start       ] GC(1370) Pause Young (Normal) (G1 Evacuation Pause)
[231.364s][info][gc,task        ] GC(1370) Using 1 workers of 1 for evacuation
[231.382s][info][gc,phases      ] GC(1370)   Pre Evacuate Collection Set: 0.0ms
[231.382s][info][gc,phases      ] GC(1370)   Evacuate Collection Set: 3.3ms
[231.382s][info][gc,phases      ] GC(1370)   Post Evacuate Collection Set: 15.0ms
[231.382s][info][gc,phases      ] GC(1370)   Other: 0.6ms
[231.382s][info][gc,heap        ] GC(1370) Eden regions: 241->0(241)
[231.382s][info][gc,heap        ] GC(1370) Survivor regions: 1->1(31)
[231.382s][info][gc,heap        ] GC(1370) Old regions: 63->63
[231.382s][info][gc,heap        ] GC(1370) Humongous regions: 11->6
[231.382s][info][gc,metaspace   ] GC(1370) Metaspace: 72874K->72874K(1116160K)
[231.382s][info][gc             ] GC(1370) Pause Young (Normal) (G1 Evacuation Pause) 313M->67M(404M) 19.049ms
[231.383s][info][gc,cpu         ] GC(1370) User=0.01s Sys=0.00s Real=0.02s
[231.620s][info][gc,start       ] GC(1371) Pause Young (Normal) (G1 Evacuation Pause)
[231.620s][info][gc,task        ] GC(1371) Using 1 workers of 1 for evacuation
[231.624s][info][gc,phases      ] GC(1371)   Pre Evacuate Collection Set: 0.0ms
[231.624s][info][gc,phases      ] GC(1371)   Evacuate Collection Set: 3.1ms
[231.624s][info][gc,phases      ] GC(1371)   Post Evacuate Collection Set: 0.3ms
[231.624s][info][gc,phases      ] GC(1371)   Other: 0.4ms
[231.624s][info][gc,heap        ] GC(1371) Eden regions: 241->0(241)
[231.624s][info][gc,heap        ] GC(1371) Survivor regions: 1->1(31)
[231.624s][info][gc,heap        ] GC(1371) Old regions: 63->63
[231.624s][info][gc,heap        ] GC(1371) Humongous regions: 6->6
[231.624s][info][gc,metaspace   ] GC(1371) Metaspace: 72878K->72878K(1116160K)
[231.624s][info][gc             ] GC(1371) Pause Young (Normal) (G1 Evacuation Pause) 308M->67M(404M) 3.903ms
[231.624s][info][gc,cpu         ] GC(1371) User=0.01s Sys=0.00s Real=0.00s
[231.838s][info][gc,start       ] GC(1372) Pause Young (Normal) (G1 Evacuation Pause)
[231.838s][info][gc,task        ] GC(1372) Using 1 workers of 1 for evacuation
[231.842s][info][gc,phases      ] GC(1372)   Pre Evacuate Collection Set: 0.0ms
[231.842s][info][gc,phases      ] GC(1372)   Evacuate Collection Set: 3.5ms
[231.842s][info][gc,phases      ] GC(1372)   Post Evacuate Collection Set: 0.4ms
[231.842s][info][gc,phases      ] GC(1372)   Other: 0.5ms
[231.842s][info][gc,heap        ] GC(1372) Eden regions: 241->0(241)
[231.842s][info][gc,heap        ] GC(1372) Survivor regions: 1->1(31)
[231.842s][info][gc,heap        ] GC(1372) Old regions: 63->63
[231.842s][info][gc,heap        ] GC(1372) Humongous regions: 6->6
[231.842s][info][gc,metaspace   ] GC(1372) Metaspace: 72878K->72878K(1116160K)
[231.842s][info][gc             ] GC(1372) Pause Young (Normal) (G1 Evacuation Pause) 308M->67M(404M) 4.536ms
[231.842s][info][gc,cpu         ] GC(1372) User=0.00s Sys=0.00s Real=0.01s
[232.002s][info][gc,start       ] GC(1373) Pause Young (Normal) (G1 Evacuation Pause)
[232.003s][info][gc,task        ] GC(1373) Using 1 workers of 1 for evacuation
[232.006s][info][gc,phases      ] GC(1373)   Pre Evacuate Collection Set: 0.0ms
[232.006s][info][gc,phases      ] GC(1373)   Evacuate Collection Set: 3.1ms
[232.006s][info][gc,phases      ] GC(1373)   Post Evacuate Collection Set: 0.4ms
[232.006s][info][gc,phases      ] GC(1373)   Other: 0.4ms
[232.006s][info][gc,heap        ] GC(1373) Eden regions: 241->0(241)
[232.006s][info][gc,heap        ] GC(1373) Survivor regions: 1->1(31)
[232.006s][info][gc,heap        ] GC(1373) Old regions: 63->63
[232.006s][info][gc,heap        ] GC(1373) Humongous regions: 6->6
[232.006s][info][gc,metaspace   ] GC(1373) Metaspace: 72878K->72878K(1116160K)
[232.006s][info][gc             ] GC(1373) Pause Young (Normal) (G1 Evacuation Pause) 308M->67M(404M) 3.910ms
[232.006s][info][gc,cpu         ] GC(1373) User=0.01s Sys=0.00s Real=0.00s
[232.136s][info][gc,start       ] GC(1374) Pause Young (Normal) (G1 Evacuation Pause)
[232.136s][info][gc,task        ] GC(1374) Using 1 workers of 1 for evacuation
[232.145s][info][gc,phases      ] GC(1374)   Pre Evacuate Collection Set: 0.1ms
[232.146s][info][gc,phases      ] GC(1374)   Evacuate Collection Set: 8.0ms
[232.146s][info][gc,phases      ] GC(1374)   Post Evacuate Collection Set: 0.9ms
[232.146s][info][gc,phases      ] GC(1374)   Other: 0.6ms
[232.146s][info][gc,heap        ] GC(1374) Eden regions: 241->0(241)
[232.146s][info][gc,heap        ] GC(1374) Survivor regions: 1->1(31)
[232.146s][info][gc,heap        ] GC(1374) Old regions: 63->63
[232.146s][info][gc,heap        ] GC(1374) Humongous regions: 6->6
[232.146s][info][gc,metaspace   ] GC(1374) Metaspace: 72878K->72878K(1116160K)
[232.146s][info][gc             ] GC(1374) Pause Young (Normal) (G1 Evacuation Pause) 308M->67M(404M) 9.813ms
[232.146s][info][gc,cpu         ] GC(1374) User=0.01s Sys=0.00s Real=0.01s
[232.348s][info][gc,start       ] GC(1375) Pause Young (Normal) (G1 Evacuation Pause)
[232.349s][info][gc,task        ] GC(1375) Using 1 workers of 1 for evacuation
[232.352s][info][gc,phases      ] GC(1375)   Pre Evacuate Collection Set: 0.0ms
[232.352s][info][gc,phases      ] GC(1375)   Evacuate Collection Set: 3.2ms
[232.352s][info][gc,phases      ] GC(1375)   Post Evacuate Collection Set: 0.4ms
[232.353s][info][gc,phases      ] GC(1375)   Other: 0.4ms
[232.353s][info][gc,heap        ] GC(1375) Eden regions: 241->0(241)
[232.353s][info][gc,heap        ] GC(1375) Survivor regions: 1->1(31)
[232.353s][info][gc,heap        ] GC(1375) Old regions: 63->63
[232.353s][info][gc,heap        ] GC(1375) Humongous regions: 6->6
[232.353s][info][gc,metaspace   ] GC(1375) Metaspace: 72878K->72878K(1116160K)
[232.353s][info][gc             ] GC(1375) Pause Young (Normal) (G1 Evacuation Pause) 308M->67M(404M) 4.100ms
[232.353s][info][gc,cpu         ] GC(1375) User=0.00s Sys=0.00s Real=0.00s
[232.493s][info][gc,start       ] GC(1376) Pause Young (Normal) (G1 Evacuation Pause)
[232.493s][info][gc,task        ] GC(1376) Using 1 workers of 1 for evacuation
[232.497s][info][gc,phases      ] GC(1376)   Pre Evacuate Collection Set: 0.0ms
[232.497s][info][gc,phases      ] GC(1376)   Evacuate Collection Set: 3.3ms
[232.497s][info][gc,phases      ] GC(1376)   Post Evacuate Collection Set: 0.4ms
[232.497s][info][gc,phases      ] GC(1376)   Other: 0.3ms
[232.497s][info][gc,heap        ] GC(1376) Eden regions: 241->0(241)
[232.497s][info][gc,heap        ] GC(1376) Survivor regions: 1->1(31)
[232.497s][info][gc,heap        ] GC(1376) Old regions: 63->63
[232.497s][info][gc,heap        ] GC(1376) Humongous regions: 6->6
[232.497s][info][gc,metaspace   ] GC(1376) Metaspace: 72878K->72878K(1116160K)
[232.497s][info][gc             ] GC(1376) Pause Young (Normal) (G1 Evacuation Pause) 308M->67M(404M) 4.024ms
[232.497s][info][gc,cpu         ] GC(1376) User=0.01s Sys=0.00s Real=0.00s
[233.131s][info][gc,start       ] GC(1377) Pause Young (Normal) (G1 Evacuation Pause)
[233.132s][info][gc,task        ] GC(1377) Using 1 workers of 1 for evacuation
[233.153s][info][gc,phases      ] GC(1377)   Pre Evacuate Collection Set: 0.0ms
[233.153s][info][gc,phases      ] GC(1377)   Evacuate Collection Set: 20.5ms
[233.153s][info][gc,phases      ] GC(1377)   Post Evacuate Collection Set: 0.7ms
[233.153s][info][gc,phases      ] GC(1377)   Other: 0.5ms
[233.153s][info][gc,heap        ] GC(1377) Eden regions: 241->0(238)
[233.153s][info][gc,heap        ] GC(1377) Survivor regions: 1->4(31)
[233.153s][info][gc,heap        ] GC(1377) Old regions: 63->63
[233.153s][info][gc,heap        ] GC(1377) Humongous regions: 41->6
[233.153s][info][gc,metaspace   ] GC(1377) Metaspace: 72944K->72944K(1116160K)
[233.153s][info][gc             ] GC(1377) Pause Young (Normal) (G1 Evacuation Pause) 343M->70M(404M) 21.829ms
[233.153s][info][gc,cpu         ] GC(1377) User=0.03s Sys=0.00s Real=0.02s
[233.306s][info][gc,start       ] GC(1378) Pause Young (Normal) (G1 Evacuation Pause)
[233.306s][info][gc,task        ] GC(1378) Using 1 workers of 1 for evacuation
[233.315s][info][gc,phases      ] GC(1378)   Pre Evacuate Collection Set: 0.0ms
[233.315s][info][gc,phases      ] GC(1378)   Evacuate Collection Set: 8.3ms
[233.315s][info][gc,phases      ] GC(1378)   Post Evacuate Collection Set: 0.5ms
[233.315s][info][gc,phases      ] GC(1378)   Other: 0.4ms
[233.315s][info][gc,heap        ] GC(1378) Eden regions: 238->0(238)
[233.315s][info][gc,heap        ] GC(1378) Survivor regions: 4->4(31)
[233.315s][info][gc,heap        ] GC(1378) Old regions: 63->63
[233.315s][info][gc,heap        ] GC(1378) Humongous regions: 6->6
[233.316s][info][gc,metaspace   ] GC(1378) Metaspace: 72947K->72947K(1116160K)
[233.316s][info][gc             ] GC(1378) Pause Young (Normal) (G1 Evacuation Pause) 308M->70M(404M) 9.172ms
[233.316s][info][gc,cpu         ] GC(1378) User=0.00s Sys=0.00s Real=0.00s
[233.469s][info][gc,start       ] GC(1379) Pause Young (Normal) (G1 Evacuation Pause)
[233.469s][info][gc,task        ] GC(1379) Using 1 workers of 1 for evacuation
[233.483s][info][gc,phases      ] GC(1379)   Pre Evacuate Collection Set: 0.0ms
[233.483s][info][gc,phases      ] GC(1379)   Evacuate Collection Set: 12.3ms
[233.483s][info][gc,phases      ] GC(1379)   Post Evacuate Collection Set: 0.7ms
[233.483s][info][gc,phases      ] GC(1379)   Other: 0.5ms
[233.483s][info][gc,heap        ] GC(1379) Eden regions: 238->0(238)
[233.483s][info][gc,heap        ] GC(1379) Survivor regions: 4->4(31)
[233.483s][info][gc,heap        ] GC(1379) Old regions: 63->63
[233.483s][info][gc,heap        ] GC(1379) Humongous regions: 6->6
[233.483s][info][gc,metaspace   ] GC(1379) Metaspace: 72947K->72947K(1116160K)
[233.483s][info][gc             ] GC(1379) Pause Young (Normal) (G1 Evacuation Pause) 308M->70M(404M) 13.681ms
[233.483s][info][gc,cpu         ] GC(1379) User=0.01s Sys=0.00s Real=0.01s
[234.090s][info][gc,start       ] GC(1380) Pause Young (Normal) (G1 Evacuation Pause)
[234.091s][info][gc,task        ] GC(1380) Using 1 workers of 1 for evacuation
[234.098s][info][gc,phases      ] GC(1380)   Pre Evacuate Collection Set: 0.0ms
[234.098s][info][gc,phases      ] GC(1380)   Evacuate Collection Set: 6.6ms
[234.098s][info][gc,phases      ] GC(1380)   Post Evacuate Collection Set: 0.8ms
[234.098s][info][gc,phases      ] GC(1380)   Other: 0.5ms
[234.098s][info][gc,heap        ] GC(1380) Eden regions: 238->0(277)
[234.098s][info][gc,heap        ] GC(1380) Survivor regions: 4->4(31)
[234.098s][info][gc,heap        ] GC(1380) Old regions: 63->63
[234.098s][info][gc,heap        ] GC(1380) Humongous regions: 66->6
[234.098s][info][gc,metaspace   ] GC(1380) Metaspace: 72986K->72986K(1116160K)
[234.098s][info][gc             ] GC(1380) Pause Young (Normal) (G1 Evacuation Pause) 368M->70M(469M) 7.932ms
[234.098s][info][gc,cpu         ] GC(1380) User=0.00s Sys=0.00s Real=0.01s
[234.667s][info][gc,start       ] GC(1381) Pause Young (Normal) (G1 Evacuation Pause)
[234.667s][info][gc,task        ] GC(1381) Using 1 workers of 1 for evacuation
[234.679s][info][gc,phases      ] GC(1381)   Pre Evacuate Collection Set: 0.0ms
[234.679s][info][gc,phases      ] GC(1381)   Evacuate Collection Set: 6.6ms
[234.679s][info][gc,phases      ] GC(1381)   Post Evacuate Collection Set: 4.7ms
[234.679s][info][gc,phases      ] GC(1381)   Other: 0.5ms
[234.679s][info][gc,heap        ] GC(1381) Eden regions: 277->0(277)
[234.679s][info][gc,heap        ] GC(1381) Survivor regions: 4->4(36)
[234.679s][info][gc,heap        ] GC(1381) Old regions: 63->63
[234.679s][info][gc,heap        ] GC(1381) Humongous regions: 6->6
[234.679s][info][gc,metaspace   ] GC(1381) Metaspace: 72986K->72986K(1116160K)
[234.679s][info][gc             ] GC(1381) Pause Young (Normal) (G1 Evacuation Pause) 347M->70M(469M) 11.868ms
[234.679s][info][gc,cpu         ] GC(1381) User=0.01s Sys=0.00s Real=0.01s
[235.071s][info][gc,start       ] GC(1382) Pause Young (Normal) (G1 Evacuation Pause)
[235.071s][info][gc,task        ] GC(1382) Using 1 workers of 1 for evacuation
[235.082s][info][gc,phases      ] GC(1382)   Pre Evacuate Collection Set: 0.1ms
[235.083s][info][gc,phases      ] GC(1382)   Evacuate Collection Set: 5.7ms
[235.083s][info][gc,phases      ] GC(1382)   Post Evacuate Collection Set: 5.3ms
[235.083s][info][gc,phases      ] GC(1382)   Other: 0.4ms
[235.083s][info][gc,heap        ] GC(1382) Eden regions: 277->0(277)
[235.083s][info][gc,heap        ] GC(1382) Survivor regions: 4->4(36)
[235.083s][info][gc,heap        ] GC(1382) Old regions: 63->63
[235.083s][info][gc,heap        ] GC(1382) Humongous regions: 6->6
[235.083s][info][gc,metaspace   ] GC(1382) Metaspace: 72986K->72986K(1116160K)
[235.083s][info][gc             ] GC(1382) Pause Young (Normal) (G1 Evacuation Pause) 347M->70M(469M) 11.558ms
[235.083s][info][gc,cpu         ] GC(1382) User=0.02s Sys=0.00s Real=0.01s
[235.227s][info][gc,start       ] GC(1383) Pause Young (Normal) (G1 Evacuation Pause)
[235.228s][info][gc,task        ] GC(1383) Using 1 workers of 1 for evacuation
[235.235s][info][gc,phases      ] GC(1383)   Pre Evacuate Collection Set: 0.0ms
[235.235s][info][gc,phases      ] GC(1383)   Evacuate Collection Set: 6.7ms
[235.235s][info][gc,phases      ] GC(1383)   Post Evacuate Collection Set: 0.5ms
[235.235s][info][gc,phases      ] GC(1383)   Other: 0.3ms
[235.235s][info][gc,heap        ] GC(1383) Eden regions: 277->0(277)
[235.235s][info][gc,heap        ] GC(1383) Survivor regions: 4->4(36)
[235.235s][info][gc,heap        ] GC(1383) Old regions: 63->63
[235.235s][info][gc,heap        ] GC(1383) Humongous regions: 6->6
[235.235s][info][gc,metaspace   ] GC(1383) Metaspace: 72986K->72986K(1116160K)
[235.235s][info][gc             ] GC(1383) Pause Young (Normal) (G1 Evacuation Pause) 347M->70M(469M) 7.622ms
[235.235s][info][gc,cpu         ] GC(1383) User=0.01s Sys=0.00s Real=0.00s
[235.415s][info][gc,start       ] GC(1384) Pause Young (Normal) (G1 Evacuation Pause)
[235.415s][info][gc,task        ] GC(1384) Using 1 workers of 1 for evacuation
[235.421s][info][gc,phases      ] GC(1384)   Pre Evacuate Collection Set: 0.0ms
[235.421s][info][gc,phases      ] GC(1384)   Evacuate Collection Set: 5.7ms
[235.421s][info][gc,phases      ] GC(1384)   Post Evacuate Collection Set: 0.4ms
[235.421s][info][gc,phases      ] GC(1384)   Other: 0.4ms
[235.421s][info][gc,heap        ] GC(1384) Eden regions: 277->0(277)
[235.421s][info][gc,heap        ] GC(1384) Survivor regions: 4->4(36)
[235.421s][info][gc,heap        ] GC(1384) Old regions: 63->63
[235.421s][info][gc,heap        ] GC(1384) Humongous regions: 6->6
[235.421s][info][gc,metaspace   ] GC(1384) Metaspace: 72986K->72986K(1116160K)
[235.421s][info][gc             ] GC(1384) Pause Young (Normal) (G1 Evacuation Pause) 347M->70M(469M) 6.667ms
[235.422s][info][gc,cpu         ] GC(1384) User=0.00s Sys=0.00s Real=0.01s
[235.565s][info][gc,start       ] GC(1385) Pause Young (Normal) (G1 Evacuation Pause)
[235.565s][info][gc,task        ] GC(1385) Using 1 workers of 1 for evacuation
[235.572s][info][gc,phases      ] GC(1385)   Pre Evacuate Collection Set: 0.0ms
[235.572s][info][gc,phases      ] GC(1385)   Evacuate Collection Set: 6.0ms
[235.572s][info][gc,phases      ] GC(1385)   Post Evacuate Collection Set: 0.4ms
[235.572s][info][gc,phases      ] GC(1385)   Other: 0.3ms
[235.572s][info][gc,heap        ] GC(1385) Eden regions: 277->0(277)
[235.572s][info][gc,heap        ] GC(1385) Survivor regions: 4->4(36)
[235.572s][info][gc,heap        ] GC(1385) Old regions: 63->64
[235.572s][info][gc,heap        ] GC(1385) Humongous regions: 6->6
[235.572s][info][gc,metaspace   ] GC(1385) Metaspace: 72986K->72986K(1116160K)
[235.572s][info][gc             ] GC(1385) Pause Young (Normal) (G1 Evacuation Pause) 347M->71M(469M) 6.785ms
[235.572s][info][gc,cpu         ] GC(1385) User=0.00s Sys=0.00s Real=0.01s
[235.717s][info][gc,start       ] GC(1386) Pause Young (Normal) (G1 Evacuation Pause)
[235.717s][info][gc,task        ] GC(1386) Using 1 workers of 1 for evacuation
[235.723s][info][gc,phases      ] GC(1386)   Pre Evacuate Collection Set: 0.0ms
[235.723s][info][gc,phases      ] GC(1386)   Evacuate Collection Set: 5.8ms
[235.723s][info][gc,phases      ] GC(1386)   Post Evacuate Collection Set: 0.4ms
[235.723s][info][gc,phases      ] GC(1386)   Other: 0.3ms
[235.723s][info][gc,heap        ] GC(1386) Eden regions: 277->0(277)
[235.723s][info][gc,heap        ] GC(1386) Survivor regions: 4->4(36)
[235.723s][info][gc,heap        ] GC(1386) Old regions: 64->64
[235.723s][info][gc,heap        ] GC(1386) Humongous regions: 6->6
[235.723s][info][gc,metaspace   ] GC(1386) Metaspace: 72986K->72986K(1116160K)
[235.723s][info][gc             ] GC(1386) Pause Young (Normal) (G1 Evacuation Pause) 348M->71M(469M) 6.639ms
[235.723s][info][gc,cpu         ] GC(1386) User=0.00s Sys=0.00s Real=0.01s
[236.096s][info][gc,start       ] GC(1387) Pause Young (Normal) (G1 Evacuation Pause)
[236.096s][info][gc,task        ] GC(1387) Using 1 workers of 1 for evacuation
[236.102s][info][gc,phases      ] GC(1387)   Pre Evacuate Collection Set: 0.0ms
[236.103s][info][gc,phases      ] GC(1387)   Evacuate Collection Set: 6.0ms
[236.103s][info][gc,phases      ] GC(1387)   Post Evacuate Collection Set: 0.5ms
[236.103s][info][gc,phases      ] GC(1387)   Other: 0.5ms
[236.103s][info][gc,heap        ] GC(1387) Eden regions: 277->0(276)
[236.103s][info][gc,heap        ] GC(1387) Survivor regions: 4->5(36)
[236.103s][info][gc,heap        ] GC(1387) Old regions: 64->64
[236.103s][info][gc,heap        ] GC(1387) Humongous regions: 21->6
[236.103s][info][gc,metaspace   ] GC(1387) Metaspace: 72999K->72999K(1116160K)
[236.103s][info][gc             ] GC(1387) Pause Young (Normal) (G1 Evacuation Pause) 362M->71M(469M) 7.050ms
[236.103s][info][gc,cpu         ] GC(1387) User=0.01s Sys=0.00s Real=0.01s
[236.379s][info][gc,start       ] GC(1388) Pause Young (Normal) (G1 Evacuation Pause)
[236.379s][info][gc,task        ] GC(1388) Using 1 workers of 1 for evacuation
[236.387s][info][gc,phases      ] GC(1388)   Pre Evacuate Collection Set: 0.0ms
[236.387s][info][gc,phases      ] GC(1388)   Evacuate Collection Set: 7.2ms
[236.387s][info][gc,phases      ] GC(1388)   Post Evacuate Collection Set: 0.7ms
[236.387s][info][gc,phases      ] GC(1388)   Other: 0.4ms
[236.387s][info][gc,heap        ] GC(1388) Eden regions: 276->0(276)
[236.387s][info][gc,heap        ] GC(1388) Survivor regions: 5->5(36)
[236.387s][info][gc,heap        ] GC(1388) Old regions: 64->64
[236.387s][info][gc,heap        ] GC(1388) Humongous regions: 16->6
[236.387s][info][gc,metaspace   ] GC(1388) Metaspace: 73011K->73011K(1116160K)
[236.387s][info][gc             ] GC(1388) Pause Young (Normal) (G1 Evacuation Pause) 357M->72M(469M) 8.405ms
[236.387s][info][gc,cpu         ] GC(1388) User=0.01s Sys=0.00s Real=0.01s
[236.525s][info][gc,start       ] GC(1389) Pause Young (Normal) (G1 Evacuation Pause)
[236.525s][info][gc,task        ] GC(1389) Using 1 workers of 1 for evacuation
[236.532s][info][gc,phases      ] GC(1389)   Pre Evacuate Collection Set: 0.0ms
[236.532s][info][gc,phases      ] GC(1389)   Evacuate Collection Set: 6.7ms
[236.532s][info][gc,phases      ] GC(1389)   Post Evacuate Collection Set: 0.4ms
[236.532s][info][gc,phases      ] GC(1389)   Other: 0.3ms
[236.532s][info][gc,heap        ] GC(1389) Eden regions: 276->0(276)
[236.532s][info][gc,heap        ] GC(1389) Survivor regions: 5->5(36)
[236.532s][info][gc,heap        ] GC(1389) Old regions: 64->64
[236.532s][info][gc,heap        ] GC(1389) Humongous regions: 6->6
[236.532s][info][gc,metaspace   ] GC(1389) Metaspace: 73011K->73011K(1116160K)
[236.532s][info][gc             ] GC(1389) Pause Young (Normal) (G1 Evacuation Pause) 348M->72M(469M) 7.458ms
[236.532s][info][gc,cpu         ] GC(1389) User=0.01s Sys=0.00s Real=0.01s
[236.759s][info][gc,start       ] GC(1390) Pause Young (Normal) (G1 Evacuation Pause)
[236.759s][info][gc,task        ] GC(1390) Using 1 workers of 1 for evacuation
[236.772s][info][gc,phases      ] GC(1390)   Pre Evacuate Collection Set: 0.1ms
[236.772s][info][gc,phases      ] GC(1390)   Evacuate Collection Set: 11.6ms
[236.772s][info][gc,phases      ] GC(1390)   Post Evacuate Collection Set: 0.4ms
[236.772s][info][gc,phases      ] GC(1390)   Other: 0.6ms
[236.772s][info][gc,heap        ] GC(1390) Eden regions: 276->0(276)
[236.772s][info][gc,heap        ] GC(1390) Survivor regions: 5->5(36)
[236.772s][info][gc,heap        ] GC(1390) Old regions: 64->64
[236.772s][info][gc,heap        ] GC(1390) Humongous regions: 6->6
[236.772s][info][gc,metaspace   ] GC(1390) Metaspace: 73011K->73011K(1116160K)
[236.772s][info][gc             ] GC(1390) Pause Young (Normal) (G1 Evacuation Pause) 348M->72M(469M) 12.747ms
[236.772s][info][gc,cpu         ] GC(1390) User=0.02s Sys=0.00s Real=0.01s
[236.941s][info][gc,start       ] GC(1391) Pause Young (Normal) (G1 Evacuation Pause)
[236.941s][info][gc,task        ] GC(1391) Using 1 workers of 1 for evacuation
[236.949s][info][gc,phases      ] GC(1391)   Pre Evacuate Collection Set: 0.0ms
[236.949s][info][gc,phases      ] GC(1391)   Evacuate Collection Set: 6.8ms
[236.949s][info][gc,phases      ] GC(1391)   Post Evacuate Collection Set: 0.4ms
[236.949s][info][gc,phases      ] GC(1391)   Other: 0.4ms
[236.949s][info][gc,heap        ] GC(1391) Eden regions: 276->0(276)
[236.949s][info][gc,heap        ] GC(1391) Survivor regions: 5->5(36)
[236.949s][info][gc,heap        ] GC(1391) Old regions: 64->64
[236.949s][info][gc,heap        ] GC(1391) Humongous regions: 6->6
[236.949s][info][gc,metaspace   ] GC(1391) Metaspace: 73011K->73011K(1116160K)
[236.949s][info][gc             ] GC(1391) Pause Young (Normal) (G1 Evacuation Pause) 348M->72M(469M) 7.672ms
[236.949s][info][gc,cpu         ] GC(1391) User=0.01s Sys=0.00s Real=0.01s
[237.166s][info][gc,start       ] GC(1392) Pause Young (Normal) (G1 Evacuation Pause)
[237.166s][info][gc,task        ] GC(1392) Using 1 workers of 1 for evacuation
[237.174s][info][gc,phases      ] GC(1392)   Pre Evacuate Collection Set: 0.0ms
[237.174s][info][gc,phases      ] GC(1392)   Evacuate Collection Set: 7.3ms
[237.174s][info][gc,phases      ] GC(1392)   Post Evacuate Collection Set: 0.4ms
[237.174s][info][gc,phases      ] GC(1392)   Other: 0.4ms
[237.174s][info][gc,heap        ] GC(1392) Eden regions: 276->0(277)
[237.174s][info][gc,heap        ] GC(1392) Survivor regions: 5->4(36)
[237.174s][info][gc,heap        ] GC(1392) Old regions: 64->65
[237.174s][info][gc,heap        ] GC(1392) Humongous regions: 6->6
[237.174s][info][gc,metaspace   ] GC(1392) Metaspace: 73011K->73011K(1116160K)
[237.174s][info][gc             ] GC(1392) Pause Young (Normal) (G1 Evacuation Pause) 348M->72M(469M) 8.225ms
[237.174s][info][gc,cpu         ] GC(1392) User=0.01s Sys=0.00s Real=0.01s
[237.318s][info][gc,start       ] GC(1393) Pause Young (Normal) (G1 Evacuation Pause)
[237.318s][info][gc,task        ] GC(1393) Using 1 workers of 1 for evacuation
[237.323s][info][gc,phases      ] GC(1393)   Pre Evacuate Collection Set: 0.0ms
[237.323s][info][gc,phases      ] GC(1393)   Evacuate Collection Set: 5.1ms
[237.323s][info][gc,phases      ] GC(1393)   Post Evacuate Collection Set: 0.4ms
[237.323s][info][gc,phases      ] GC(1393)   Other: 0.3ms
[237.323s][info][gc,heap        ] GC(1393) Eden regions: 277->0(277)
[237.323s][info][gc,heap        ] GC(1393) Survivor regions: 4->4(36)
[237.323s][info][gc,heap        ] GC(1393) Old regions: 65->65
[237.323s][info][gc,heap        ] GC(1393) Humongous regions: 6->6
[237.323s][info][gc,metaspace   ] GC(1393) Metaspace: 73011K->73011K(1116160K)
[237.323s][info][gc             ] GC(1393) Pause Young (Normal) (G1 Evacuation Pause) 349M->72M(469M) 5.897ms
[237.324s][info][gc,cpu         ] GC(1393) User=0.01s Sys=0.00s Real=0.01s
[237.500s][info][gc,start       ] GC(1394) Pause Young (Normal) (G1 Evacuation Pause)
[237.500s][info][gc,task        ] GC(1394) Using 1 workers of 1 for evacuation
[237.505s][info][gc,phases      ] GC(1394)   Pre Evacuate Collection Set: 0.0ms
[237.506s][info][gc,phases      ] GC(1394)   Evacuate Collection Set: 5.0ms
[237.506s][info][gc,phases      ] GC(1394)   Post Evacuate Collection Set: 0.4ms
[237.506s][info][gc,phases      ] GC(1394)   Other: 0.4ms
[237.506s][info][gc,heap        ] GC(1394) Eden regions: 277->0(277)
[237.506s][info][gc,heap        ] GC(1394) Survivor regions: 4->4(36)
[237.506s][info][gc,heap        ] GC(1394) Old regions: 65->65
[237.506s][info][gc,heap        ] GC(1394) Humongous regions: 6->6
[237.506s][info][gc,metaspace   ] GC(1394) Metaspace: 73011K->73011K(1116160K)
[237.506s][info][gc             ] GC(1394) Pause Young (Normal) (G1 Evacuation Pause) 349M->72M(469M) 5.840ms
[237.506s][info][gc,cpu         ] GC(1394) User=0.01s Sys=0.00s Real=0.00s
[237.652s][info][gc,start       ] GC(1395) Pause Young (Normal) (G1 Evacuation Pause)
[237.652s][info][gc,task        ] GC(1395) Using 1 workers of 1 for evacuation
[237.657s][info][gc,phases      ] GC(1395)   Pre Evacuate Collection Set: 0.0ms
[237.657s][info][gc,phases      ] GC(1395)   Evacuate Collection Set: 4.9ms
[237.657s][info][gc,phases      ] GC(1395)   Post Evacuate Collection Set: 0.4ms
[237.657s][info][gc,phases      ] GC(1395)   Other: 0.3ms
[237.657s][info][gc,heap        ] GC(1395) Eden regions: 277->0(279)
[237.657s][info][gc,heap        ] GC(1395) Survivor regions: 4->2(36)
[237.657s][info][gc,heap        ] GC(1395) Old regions: 65->67
[237.657s][info][gc,heap        ] GC(1395) Humongous regions: 11->6
[237.657s][info][gc,metaspace   ] GC(1395) Metaspace: 73011K->73011K(1116160K)
[237.657s][info][gc             ] GC(1395) Pause Young (Normal) (G1 Evacuation Pause) 354M->72M(469M) 5.732ms
[237.657s][info][gc,cpu         ] GC(1395) User=0.01s Sys=0.00s Real=0.00s
[237.969s][info][gc,start       ] GC(1396) Pause Young (Normal) (G1 Evacuation Pause)
[237.969s][info][gc,task        ] GC(1396) Using 1 workers of 1 for evacuation
[237.974s][info][gc,phases      ] GC(1396)   Pre Evacuate Collection Set: 0.0ms
[237.974s][info][gc,phases      ] GC(1396)   Evacuate Collection Set: 4.4ms
[237.974s][info][gc,phases      ] GC(1396)   Post Evacuate Collection Set: 0.4ms
[237.974s][info][gc,phases      ] GC(1396)   Other: 0.4ms
[237.974s][info][gc,heap        ] GC(1396) Eden regions: 279->0(279)
[237.974s][info][gc,heap        ] GC(1396) Survivor regions: 2->2(36)
[237.974s][info][gc,heap        ] GC(1396) Old regions: 67->67
[237.974s][info][gc,heap        ] GC(1396) Humongous regions: 6->6
[237.974s][info][gc,metaspace   ] GC(1396) Metaspace: 73011K->73011K(1116160K)
[237.974s][info][gc             ] GC(1396) Pause Young (Normal) (G1 Evacuation Pause) 351M->72M(469M) 5.343ms
[237.975s][info][gc,cpu         ] GC(1396) User=0.01s Sys=0.00s Real=0.00s
[238.137s][info][gc,start       ] GC(1397) Pause Young (Normal) (G1 Evacuation Pause)
[238.137s][info][gc,task        ] GC(1397) Using 1 workers of 1 for evacuation
[238.144s][info][gc,phases      ] GC(1397)   Pre Evacuate Collection Set: 0.0ms
[238.144s][info][gc,phases      ] GC(1397)   Evacuate Collection Set: 5.5ms
[238.144s][info][gc,phases      ] GC(1397)   Post Evacuate Collection Set: 0.8ms
[238.144s][info][gc,phases      ] GC(1397)   Other: 0.4ms
[238.144s][info][gc,heap        ] GC(1397) Eden regions: 279->0(279)
[238.144s][info][gc,heap        ] GC(1397) Survivor regions: 2->2(36)
[238.144s][info][gc,heap        ] GC(1397) Old regions: 67->67
[238.144s][info][gc,heap        ] GC(1397) Humongous regions: 6->6
[238.144s][info][gc,metaspace   ] GC(1397) Metaspace: 73011K->73011K(1116160K)
[238.144s][info][gc             ] GC(1397) Pause Young (Normal) (G1 Evacuation Pause) 351M->72M(469M) 6.805ms
[238.144s][info][gc,cpu         ] GC(1397) User=0.00s Sys=0.00s Real=0.01s
[238.357s][info][gc,start       ] GC(1398) Pause Young (Normal) (G1 Evacuation Pause)
[238.357s][info][gc,task        ] GC(1398) Using 1 workers of 1 for evacuation
[238.361s][info][gc,phases      ] GC(1398)   Pre Evacuate Collection Set: 0.0ms
[238.361s][info][gc,phases      ] GC(1398)   Evacuate Collection Set: 3.9ms
[238.361s][info][gc,phases      ] GC(1398)   Post Evacuate Collection Set: 0.4ms
[238.361s][info][gc,phases      ] GC(1398)   Other: 0.4ms
[238.361s][info][gc,heap        ] GC(1398) Eden regions: 279->0(279)
[238.361s][info][gc,heap        ] GC(1398) Survivor regions: 2->2(36)
[238.361s][info][gc,heap        ] GC(1398) Old regions: 67->67
[238.361s][info][gc,heap        ] GC(1398) Humongous regions: 6->6
[238.361s][info][gc,metaspace   ] GC(1398) Metaspace: 73011K->73011K(1116160K)
[238.361s][info][gc             ] GC(1398) Pause Young (Normal) (G1 Evacuation Pause) 351M->72M(469M) 4.818ms
[238.362s][info][gc,cpu         ] GC(1398) User=0.00s Sys=0.00s Real=0.01s
[238.544s][info][gc,start       ] GC(1399) Pause Young (Normal) (G1 Evacuation Pause)
[238.544s][info][gc,task        ] GC(1399) Using 1 workers of 1 for evacuation
[238.548s][info][gc,phases      ] GC(1399)   Pre Evacuate Collection Set: 0.0ms
[238.549s][info][gc,phases      ] GC(1399)   Evacuate Collection Set: 4.0ms
[238.549s][info][gc,phases      ] GC(1399)   Post Evacuate Collection Set: 0.4ms
[238.549s][info][gc,phases      ] GC(1399)   Other: 0.3ms
[238.549s][info][gc,heap        ] GC(1399) Eden regions: 279->0(279)
[238.549s][info][gc,heap        ] GC(1399) Survivor regions: 2->2(36)
[238.549s][info][gc,heap        ] GC(1399) Old regions: 67->67
[238.549s][info][gc,heap        ] GC(1399) Humongous regions: 6->6
[238.549s][info][gc,metaspace   ] GC(1399) Metaspace: 73011K->73011K(1116160K)
[238.549s][info][gc             ] GC(1399) Pause Young (Normal) (G1 Evacuation Pause) 351M->72M(469M) 4.870ms
[238.549s][info][gc,cpu         ] GC(1399) User=0.01s Sys=0.00s Real=0.01s
[238.700s][info][gc,start       ] GC(1400) Pause Young (Normal) (G1 Evacuation Pause)
[238.700s][info][gc,task        ] GC(1400) Using 1 workers of 1 for evacuation
[238.705s][info][gc,phases      ] GC(1400)   Pre Evacuate Collection Set: 0.1ms
[238.705s][info][gc,phases      ] GC(1400)   Evacuate Collection Set: 4.0ms
[238.705s][info][gc,phases      ] GC(1400)   Post Evacuate Collection Set: 0.4ms
[238.705s][info][gc,phases      ] GC(1400)   Other: 0.7ms
[238.705s][info][gc,heap        ] GC(1400) Eden regions: 279->0(279)
[238.705s][info][gc,heap        ] GC(1400) Survivor regions: 2->2(36)
[238.705s][info][gc,heap        ] GC(1400) Old regions: 67->68
[238.705s][info][gc,heap        ] GC(1400) Humongous regions: 6->6
[238.705s][info][gc,metaspace   ] GC(1400) Metaspace: 73011K->73011K(1116160K)
[238.705s][info][gc             ] GC(1400) Pause Young (Normal) (G1 Evacuation Pause) 351M->72M(469M) 5.199ms
[238.705s][info][gc,cpu         ] GC(1400) User=0.00s Sys=0.00s Real=0.00s
[239.008s][info][gc,start       ] GC(1401) Pause Young (Normal) (G1 Evacuation Pause)
[239.008s][info][gc,task        ] GC(1401) Using 1 workers of 1 for evacuation
[239.014s][info][gc,phases      ] GC(1401)   Pre Evacuate Collection Set: 0.0ms
[239.014s][info][gc,phases      ] GC(1401)   Evacuate Collection Set: 5.1ms
[239.014s][info][gc,phases      ] GC(1401)   Post Evacuate Collection Set: 0.5ms
[239.014s][info][gc,phases      ] GC(1401)   Other: 0.5ms
[239.014s][info][gc,heap        ] GC(1401) Eden regions: 279->0(279)
[239.014s][info][gc,heap        ] GC(1401) Survivor regions: 2->2(36)
[239.014s][info][gc,heap        ] GC(1401) Old regions: 68->68
[239.014s][info][gc,heap        ] GC(1401) Humongous regions: 11->6
[239.014s][info][gc,metaspace   ] GC(1401) Metaspace: 73011K->73011K(1116160K)
[239.014s][info][gc             ] GC(1401) Pause Young (Normal) (G1 Evacuation Pause) 356M->72M(469M) 6.207ms
[239.014s][info][gc,cpu         ] GC(1401) User=0.00s Sys=0.00s Real=0.00s
[239.182s][info][gc,start       ] GC(1402) Pause Young (Normal) (G1 Evacuation Pause)
[239.182s][info][gc,task        ] GC(1402) Using 1 workers of 1 for evacuation
[239.188s][info][gc,phases      ] GC(1402)   Pre Evacuate Collection Set: 0.0ms
[239.188s][info][gc,phases      ] GC(1402)   Evacuate Collection Set: 5.4ms
[239.188s][info][gc,phases      ] GC(1402)   Post Evacuate Collection Set: 0.6ms
[239.188s][info][gc,phases      ] GC(1402)   Other: 0.5ms
[239.188s][info][gc,heap        ] GC(1402) Eden regions: 279->0(280)
[239.188s][info][gc,heap        ] GC(1402) Survivor regions: 2->1(36)
[239.188s][info][gc,heap        ] GC(1402) Old regions: 68->68
[239.188s][info][gc,heap        ] GC(1402) Humongous regions: 6->6
[239.188s][info][gc,metaspace   ] GC(1402) Metaspace: 73011K->73011K(1116160K)
[239.188s][info][gc             ] GC(1402) Pause Young (Normal) (G1 Evacuation Pause) 351M->72M(469M) 6.503ms
[239.188s][info][gc,cpu         ] GC(1402) User=0.01s Sys=0.00s Real=0.01s
[239.363s][info][gc,start       ] GC(1403) Pause Young (Normal) (G1 Evacuation Pause)
[239.363s][info][gc,task        ] GC(1403) Using 1 workers of 1 for evacuation
[239.369s][info][gc,phases      ] GC(1403)   Pre Evacuate Collection Set: 0.0ms
[239.369s][info][gc,phases      ] GC(1403)   Evacuate Collection Set: 4.8ms
[239.369s][info][gc,phases      ] GC(1403)   Post Evacuate Collection Set: 0.5ms
[239.369s][info][gc,phases      ] GC(1403)   Other: 0.6ms
[239.369s][info][gc,heap        ] GC(1403) Eden regions: 280->0(280)
[239.369s][info][gc,heap        ] GC(1403) Survivor regions: 1->1(36)
[239.369s][info][gc,heap        ] GC(1403) Old regions: 68->68
[239.369s][info][gc,heap        ] GC(1403) Humongous regions: 6->6
[239.369s][info][gc,metaspace   ] GC(1403) Metaspace: 73011K->73011K(1116160K)
[239.369s][info][gc             ] GC(1403) Pause Young (Normal) (G1 Evacuation Pause) 352M->72M(469M) 5.947ms
[239.369s][info][gc,cpu         ] GC(1403) User=0.01s Sys=0.00s Real=0.01s
[239.517s][info][gc,start       ] GC(1404) Pause Young (Normal) (G1 Evacuation Pause)
[239.517s][info][gc,task        ] GC(1404) Using 1 workers of 1 for evacuation
[239.520s][info][gc,phases      ] GC(1404)   Pre Evacuate Collection Set: 0.0ms
[239.520s][info][gc,phases      ] GC(1404)   Evacuate Collection Set: 3.0ms
[239.520s][info][gc,phases      ] GC(1404)   Post Evacuate Collection Set: 0.4ms
[239.520s][info][gc,phases      ] GC(1404)   Other: 0.3ms
[239.520s][info][gc,heap        ] GC(1404) Eden regions: 280->0(280)
[239.520s][info][gc,heap        ] GC(1404) Survivor regions: 1->1(36)
[239.520s][info][gc,heap        ] GC(1404) Old regions: 68->68
[239.520s][info][gc,heap        ] GC(1404) Humongous regions: 6->6
[239.520s][info][gc,metaspace   ] GC(1404) Metaspace: 73011K->73011K(1116160K)
[239.520s][info][gc             ] GC(1404) Pause Young (Normal) (G1 Evacuation Pause) 352M->72M(469M) 3.763ms
[239.521s][info][gc,cpu         ] GC(1404) User=0.01s Sys=0.00s Real=0.01s
[239.666s][info][gc,start       ] GC(1405) Pause Young (Normal) (G1 Evacuation Pause)
[239.666s][info][gc,task        ] GC(1405) Using 1 workers of 1 for evacuation
[239.670s][info][gc,phases      ] GC(1405)   Pre Evacuate Collection Set: 0.0ms
[239.670s][info][gc,phases      ] GC(1405)   Evacuate Collection Set: 3.0ms
[239.670s][info][gc,phases      ] GC(1405)   Post Evacuate Collection Set: 0.5ms
[239.670s][info][gc,phases      ] GC(1405)   Other: 0.4ms
[239.670s][info][gc,heap        ] GC(1405) Eden regions: 280->0(280)
[239.670s][info][gc,heap        ] GC(1405) Survivor regions: 1->1(36)
[239.670s][info][gc,heap        ] GC(1405) Old regions: 68->68
[239.670s][info][gc,heap        ] GC(1405) Humongous regions: 6->6
[239.670s][info][gc,metaspace   ] GC(1405) Metaspace: 73011K->73011K(1116160K)
[239.670s][info][gc             ] GC(1405) Pause Young (Normal) (G1 Evacuation Pause) 352M->72M(469M) 3.952ms
[239.670s][info][gc,cpu         ] GC(1405) User=0.01s Sys=0.00s Real=0.01s
[239.813s][info][gc,start       ] GC(1406) Pause Young (Normal) (G1 Evacuation Pause)
[239.813s][info][gc,task        ] GC(1406) Using 1 workers of 1 for evacuation
[239.816s][info][gc,phases      ] GC(1406)   Pre Evacuate Collection Set: 0.0ms
[239.816s][info][gc,phases      ] GC(1406)   Evacuate Collection Set: 2.7ms
[239.816s][info][gc,phases      ] GC(1406)   Post Evacuate Collection Set: 0.4ms
[239.816s][info][gc,phases      ] GC(1406)   Other: 0.3ms
[239.816s][info][gc,heap        ] GC(1406) Eden regions: 280->0(280)
[239.816s][info][gc,heap        ] GC(1406) Survivor regions: 1->1(36)
[239.816s][info][gc,heap        ] GC(1406) Old regions: 68->68
[239.816s][info][gc,heap        ] GC(1406) Humongous regions: 6->6
[239.816s][info][gc,metaspace   ] GC(1406) Metaspace: 73011K->73011K(1116160K)
[239.816s][info][gc             ] GC(1406) Pause Young (Normal) (G1 Evacuation Pause) 352M->72M(469M) 3.394ms
[239.816s][info][gc,cpu         ] GC(1406) User=0.00s Sys=0.00s Real=0.00s
[239.957s][info][gc,start       ] GC(1407) Pause Young (Normal) (G1 Evacuation Pause)
[239.957s][info][gc,task        ] GC(1407) Using 1 workers of 1 for evacuation
[239.961s][info][gc,phases      ] GC(1407)   Pre Evacuate Collection Set: 0.0ms
[239.961s][info][gc,phases      ] GC(1407)   Evacuate Collection Set: 2.7ms
[239.961s][info][gc,phases      ] GC(1407)   Post Evacuate Collection Set: 0.4ms
[239.961s][info][gc,phases      ] GC(1407)   Other: 0.3ms
[239.961s][info][gc,heap        ] GC(1407) Eden regions: 280->0(280)
[239.961s][info][gc,heap        ] GC(1407) Survivor regions: 1->1(36)
[239.961s][info][gc,heap        ] GC(1407) Old regions: 68->68
[239.961s][info][gc,heap        ] GC(1407) Humongous regions: 6->6
[239.961s][info][gc,metaspace   ] GC(1407) Metaspace: 73011K->73011K(1116160K)
[239.961s][info][gc             ] GC(1407) Pause Young (Normal) (G1 Evacuation Pause) 352M->72M(469M) 3.473ms
[239.961s][info][gc,cpu         ] GC(1407) User=0.01s Sys=0.00s Real=0.01s
[240.127s][info][gc,start       ] GC(1408) Pause Young (Normal) (G1 Evacuation Pause)
[240.127s][info][gc,task        ] GC(1408) Using 1 workers of 1 for evacuation
[240.131s][info][gc,phases      ] GC(1408)   Pre Evacuate Collection Set: 0.0ms
[240.132s][info][gc,phases      ] GC(1408)   Evacuate Collection Set: 3.7ms
[240.132s][info][gc,phases      ] GC(1408)   Post Evacuate Collection Set: 0.7ms
[240.132s][info][gc,phases      ] GC(1408)   Other: 0.6ms
[240.132s][info][gc,heap        ] GC(1408) Eden regions: 280->0(280)
[240.132s][info][gc,heap        ] GC(1408) Survivor regions: 1->1(36)
[240.132s][info][gc,heap        ] GC(1408) Old regions: 68->68
[240.132s][info][gc,heap        ] GC(1408) Humongous regions: 11->6
[240.132s][info][gc,metaspace   ] GC(1408) Metaspace: 73011K->73011K(1116160K)
[240.132s][info][gc             ] GC(1408) Pause Young (Normal) (G1 Evacuation Pause) 357M->72M(469M) 5.126ms
[240.132s][info][gc,cpu         ] GC(1408) User=0.00s Sys=0.00s Real=0.00s
[240.335s][info][gc,start       ] GC(1409) Pause Young (Normal) (G1 Evacuation Pause)
[240.335s][info][gc,task        ] GC(1409) Using 1 workers of 1 for evacuation
[240.340s][info][gc,phases      ] GC(1409)   Pre Evacuate Collection Set: 0.0ms
[240.340s][info][gc,phases      ] GC(1409)   Evacuate Collection Set: 3.7ms
[240.340s][info][gc,phases      ] GC(1409)   Post Evacuate Collection Set: 0.6ms
[240.340s][info][gc,phases      ] GC(1409)   Other: 0.5ms
[240.340s][info][gc,heap        ] GC(1409) Eden regions: 280->0(280)
[240.340s][info][gc,heap        ] GC(1409) Survivor regions: 1->1(36)
[240.340s][info][gc,heap        ] GC(1409) Old regions: 68->68
[240.340s][info][gc,heap        ] GC(1409) Humongous regions: 6->6
[240.340s][info][gc,metaspace   ] GC(1409) Metaspace: 73012K->73012K(1116160K)
[240.340s][info][gc             ] GC(1409) Pause Young (Normal) (G1 Evacuation Pause) 352M->72M(469M) 4.861ms
[240.340s][info][gc,cpu         ] GC(1409) User=0.00s Sys=0.00s Real=0.01s
[240.522s][info][gc,start       ] GC(1410) Pause Young (Normal) (G1 Evacuation Pause)
[240.522s][info][gc,task        ] GC(1410) Using 1 workers of 1 for evacuation
[240.525s][info][gc,phases      ] GC(1410)   Pre Evacuate Collection Set: 0.0ms
[240.525s][info][gc,phases      ] GC(1410)   Evacuate Collection Set: 2.5ms
[240.525s][info][gc,phases      ] GC(1410)   Post Evacuate Collection Set: 0.4ms
[240.525s][info][gc,phases      ] GC(1410)   Other: 0.3ms
[240.525s][info][gc,heap        ] GC(1410) Eden regions: 280->0(280)
[240.525s][info][gc,heap        ] GC(1410) Survivor regions: 1->1(36)
[240.525s][info][gc,heap        ] GC(1410) Old regions: 68->69
[240.525s][info][gc,heap        ] GC(1410) Humongous regions: 6->6
[240.525s][info][gc,metaspace   ] GC(1410) Metaspace: 73012K->73012K(1116160K)
[240.525s][info][gc             ] GC(1410) Pause Young (Normal) (G1 Evacuation Pause) 352M->72M(469M) 3.255ms
[240.525s][info][gc,cpu         ] GC(1410) User=0.01s Sys=0.00s Real=0.00s
[240.672s][info][gc,start       ] GC(1411) Pause Young (Normal) (G1 Evacuation Pause)
[240.672s][info][gc,task        ] GC(1411) Using 1 workers of 1 for evacuation
[240.676s][info][gc,phases      ] GC(1411)   Pre Evacuate Collection Set: 0.0ms
[240.676s][info][gc,phases      ] GC(1411)   Evacuate Collection Set: 2.7ms
[240.676s][info][gc,phases      ] GC(1411)   Post Evacuate Collection Set: 0.4ms
[240.676s][info][gc,phases      ] GC(1411)   Other: 0.4ms
[240.676s][info][gc,heap        ] GC(1411) Eden regions: 280->0(280)
[240.676s][info][gc,heap        ] GC(1411) Survivor regions: 1->1(36)
[240.676s][info][gc,heap        ] GC(1411) Old regions: 69->69
[240.676s][info][gc,heap        ] GC(1411) Humongous regions: 6->6
[240.676s][info][gc,metaspace   ] GC(1411) Metaspace: 73012K->73012K(1116160K)
[240.676s][info][gc             ] GC(1411) Pause Young (Normal) (G1 Evacuation Pause) 352M->72M(469M) 3.583ms
[240.676s][info][gc,cpu         ] GC(1411) User=0.01s Sys=0.00s Real=0.00s
[240.837s][info][gc,start       ] GC(1412) Pause Young (Normal) (G1 Evacuation Pause)
[240.837s][info][gc,task        ] GC(1412) Using 1 workers of 1 for evacuation
[240.840s][info][gc,phases      ] GC(1412)   Pre Evacuate Collection Set: 0.0ms
[240.840s][info][gc,phases      ] GC(1412)   Evacuate Collection Set: 2.8ms
[240.840s][info][gc,phases      ] GC(1412)   Post Evacuate Collection Set: 0.4ms
[240.840s][info][gc,phases      ] GC(1412)   Other: 0.3ms
[240.840s][info][gc,heap        ] GC(1412) Eden regions: 280->0(280)
[240.840s][info][gc,heap        ] GC(1412) Survivor regions: 1->1(36)
[240.840s][info][gc,heap        ] GC(1412) Old regions: 69->69
[240.840s][info][gc,heap        ] GC(1412) Humongous regions: 6->6
[240.840s][info][gc,metaspace   ] GC(1412) Metaspace: 73012K->73012K(1116160K)
[240.840s][info][gc             ] GC(1412) Pause Young (Normal) (G1 Evacuation Pause) 352M->72M(469M) 3.591ms
[240.840s][info][gc,cpu         ] GC(1412) User=0.00s Sys=0.00s Real=0.01s
[241.021s][info][gc,start       ] GC(1413) Pause Young (Normal) (G1 Evacuation Pause)
[241.021s][info][gc,task        ] GC(1413) Using 1 workers of 1 for evacuation
[241.024s][info][gc,phases      ] GC(1413)   Pre Evacuate Collection Set: 0.0ms
[241.024s][info][gc,phases      ] GC(1413)   Evacuate Collection Set: 2.9ms
[241.024s][info][gc,phases      ] GC(1413)   Post Evacuate Collection Set: 0.4ms
[241.024s][info][gc,phases      ] GC(1413)   Other: 0.4ms
[241.024s][info][gc,heap        ] GC(1413) Eden regions: 280->0(280)
[241.024s][info][gc,heap        ] GC(1413) Survivor regions: 1->1(36)
[241.024s][info][gc,heap        ] GC(1413) Old regions: 69->69
[241.025s][info][gc,heap        ] GC(1413) Humongous regions: 6->6
[241.025s][info][gc,metaspace   ] GC(1413) Metaspace: 73012K->73012K(1116160K)
[241.025s][info][gc             ] GC(1413) Pause Young (Normal) (G1 Evacuation Pause) 352M->72M(469M) 3.791ms
[241.025s][info][gc,cpu         ] GC(1413) User=0.00s Sys=0.00s Real=0.00s
[241.387s][info][gc,start       ] GC(1414) Pause Young (Normal) (G1 Evacuation Pause)
[241.388s][info][gc,task        ] GC(1414) Using 1 workers of 1 for evacuation
[241.397s][info][gc,phases      ] GC(1414)   Pre Evacuate Collection Set: 0.1ms
[241.397s][info][gc,phases      ] GC(1414)   Evacuate Collection Set: 7.3ms
[241.397s][info][gc,phases      ] GC(1414)   Post Evacuate Collection Set: 1.1ms
[241.397s][info][gc,phases      ] GC(1414)   Other: 1.0ms
[241.397s][info][gc,heap        ] GC(1414) Eden regions: 280->0(280)
[241.397s][info][gc,heap        ] GC(1414) Survivor regions: 1->1(36)
[241.397s][info][gc,heap        ] GC(1414) Old regions: 69->69
[241.397s][info][gc,heap        ] GC(1414) Humongous regions: 6->6
[241.397s][info][gc,metaspace   ] GC(1414) Metaspace: 73012K->73012K(1116160K)
[241.397s][info][gc             ] GC(1414) Pause Young (Normal) (G1 Evacuation Pause) 352M->72M(469M) 9.603ms
[241.397s][info][gc,cpu         ] GC(1414) User=0.00s Sys=0.00s Real=0.00s
[241.637s][info][gc,start       ] GC(1415) Pause Young (Normal) (G1 Evacuation Pause)
[241.638s][info][gc,task        ] GC(1415) Using 1 workers of 1 for evacuation
[241.642s][info][gc,phases      ] GC(1415)   Pre Evacuate Collection Set: 0.0ms
[241.642s][info][gc,phases      ] GC(1415)   Evacuate Collection Set: 3.4ms
[241.642s][info][gc,phases      ] GC(1415)   Post Evacuate Collection Set: 0.4ms
[241.642s][info][gc,phases      ] GC(1415)   Other: 0.5ms
[241.642s][info][gc,heap        ] GC(1415) Eden regions: 280->0(280)
[241.642s][info][gc,heap        ] GC(1415) Survivor regions: 1->1(36)
[241.642s][info][gc,heap        ] GC(1415) Old regions: 69->69
[241.642s][info][gc,heap        ] GC(1415) Humongous regions: 11->6
[241.642s][info][gc,metaspace   ] GC(1415) Metaspace: 73032K->73032K(1116160K)
[241.642s][info][gc             ] GC(1415) Pause Young (Normal) (G1 Evacuation Pause) 357M->72M(469M) 4.367ms
[241.642s][info][gc,cpu         ] GC(1415) User=0.01s Sys=0.00s Real=0.01s
[242.021s][info][gc,start       ] GC(1416) Pause Young (Normal) (G1 Evacuation Pause)
[242.021s][info][gc,task        ] GC(1416) Using 1 workers of 1 for evacuation
[242.030s][info][gc,phases      ] GC(1416)   Pre Evacuate Collection Set: 0.1ms
[242.030s][info][gc,phases      ] GC(1416)   Evacuate Collection Set: 7.9ms
[242.030s][info][gc,phases      ] GC(1416)   Post Evacuate Collection Set: 0.9ms
[242.030s][info][gc,phases      ] GC(1416)   Other: 0.8ms
[242.030s][info][gc,heap        ] GC(1416) Eden regions: 280->0(280)
[242.030s][info][gc,heap        ] GC(1416) Survivor regions: 1->1(36)
[242.030s][info][gc,heap        ] GC(1416) Old regions: 69->69
[242.030s][info][gc,heap        ] GC(1416) Humongous regions: 6->6
[242.030s][info][gc,metaspace   ] GC(1416) Metaspace: 73043K->73043K(1116160K)
[242.030s][info][gc             ] GC(1416) Pause Young (Normal) (G1 Evacuation Pause) 352M->72M(469M) 9.889ms
[242.031s][info][gc,cpu         ] GC(1416) User=0.01s Sys=0.00s Real=0.01s
[242.354s][info][gc,start       ] GC(1417) Pause Young (Normal) (G1 Evacuation Pause)
[242.355s][info][gc,task        ] GC(1417) Using 1 workers of 1 for evacuation
[242.358s][info][gc,phases      ] GC(1417)   Pre Evacuate Collection Set: 0.0ms
[242.358s][info][gc,phases      ] GC(1417)   Evacuate Collection Set: 2.8ms
[242.358s][info][gc,phases      ] GC(1417)   Post Evacuate Collection Set: 0.4ms
[242.358s][info][gc,phases      ] GC(1417)   Other: 0.4ms
[242.358s][info][gc,heap        ] GC(1417) Eden regions: 280->0(280)
[242.358s][info][gc,heap        ] GC(1417) Survivor regions: 1->1(36)
[242.358s][info][gc,heap        ] GC(1417) Old regions: 69->69
[242.358s][info][gc,heap        ] GC(1417) Humongous regions: 6->6
[242.358s][info][gc,metaspace   ] GC(1417) Metaspace: 73043K->73043K(1116160K)
[242.358s][info][gc             ] GC(1417) Pause Young (Normal) (G1 Evacuation Pause) 352M->72M(469M) 3.636ms
[242.358s][info][gc,cpu         ] GC(1417) User=0.00s Sys=0.00s Real=0.00s
[242.529s][info][gc,start       ] GC(1418) Pause Young (Normal) (G1 Evacuation Pause)
[242.529s][info][gc,task        ] GC(1418) Using 1 workers of 1 for evacuation
[242.532s][info][gc,phases      ] GC(1418)   Pre Evacuate Collection Set: 0.0ms
[242.532s][info][gc,phases      ] GC(1418)   Evacuate Collection Set: 2.8ms
[242.532s][info][gc,phases      ] GC(1418)   Post Evacuate Collection Set: 0.4ms
[242.532s][info][gc,phases      ] GC(1418)   Other: 0.3ms
[242.532s][info][gc,heap        ] GC(1418) Eden regions: 280->0(280)
[242.532s][info][gc,heap        ] GC(1418) Survivor regions: 1->1(36)
[242.532s][info][gc,heap        ] GC(1418) Old regions: 69->69
[242.532s][info][gc,heap        ] GC(1418) Humongous regions: 6->6
[242.532s][info][gc,metaspace   ] GC(1418) Metaspace: 73043K->73043K(1116160K)
[242.532s][info][gc             ] GC(1418) Pause Young (Normal) (G1 Evacuation Pause) 352M->72M(469M) 3.560ms
[242.532s][info][gc,cpu         ] GC(1418) User=0.00s Sys=0.00s Real=0.00s
[242.675s][info][gc,start       ] GC(1419) Pause Young (Normal) (G1 Evacuation Pause)
[242.676s][info][gc,task        ] GC(1419) Using 1 workers of 1 for evacuation
[242.679s][info][gc,phases      ] GC(1419)   Pre Evacuate Collection Set: 0.0ms
[242.679s][info][gc,phases      ] GC(1419)   Evacuate Collection Set: 2.9ms
[242.679s][info][gc,phases      ] GC(1419)   Post Evacuate Collection Set: 0.4ms
[242.679s][info][gc,phases      ] GC(1419)   Other: 0.4ms
[242.679s][info][gc,heap        ] GC(1419) Eden regions: 280->0(280)
[242.679s][info][gc,heap        ] GC(1419) Survivor regions: 1->1(36)
[242.679s][info][gc,heap        ] GC(1419) Old regions: 69->69
[242.679s][info][gc,heap        ] GC(1419) Humongous regions: 6->6
[242.679s][info][gc,metaspace   ] GC(1419) Metaspace: 73043K->73043K(1116160K)
[242.679s][info][gc             ] GC(1419) Pause Young (Normal) (G1 Evacuation Pause) 352M->72M(469M) 3.769ms
[242.679s][info][gc,cpu         ] GC(1419) User=0.00s Sys=0.00s Real=0.01s
[242.872s][info][gc,start       ] GC(1420) Pause Young (Normal) (G1 Evacuation Pause)
[242.872s][info][gc,task        ] GC(1420) Using 1 workers of 1 for evacuation
[242.877s][info][gc,phases      ] GC(1420)   Pre Evacuate Collection Set: 0.0ms
[242.877s][info][gc,phases      ] GC(1420)   Evacuate Collection Set: 3.9ms
[242.877s][info][gc,phases      ] GC(1420)   Post Evacuate Collection Set: 0.4ms
[242.877s][info][gc,phases      ] GC(1420)   Other: 0.9ms
[242.877s][info][gc,heap        ] GC(1420) Eden regions: 280->0(280)
[242.877s][info][gc,heap        ] GC(1420) Survivor regions: 1->1(36)
[242.877s][info][gc,heap        ] GC(1420) Old regions: 69->69
[242.877s][info][gc,heap        ] GC(1420) Humongous regions: 6->6
[242.877s][info][gc,metaspace   ] GC(1420) Metaspace: 73043K->73043K(1116160K)
[242.877s][info][gc             ] GC(1420) Pause Young (Normal) (G1 Evacuation Pause) 352M->72M(469M) 5.292ms
[242.877s][info][gc,cpu         ] GC(1420) User=0.01s Sys=0.00s Real=0.00s
[243.050s][info][gc,start       ] GC(1421) Pause Young (Normal) (G1 Evacuation Pause)
[243.050s][info][gc,task        ] GC(1421) Using 1 workers of 1 for evacuation
[243.054s][info][gc,phases      ] GC(1421)   Pre Evacuate Collection Set: 0.0ms
[243.054s][info][gc,phases      ] GC(1421)   Evacuate Collection Set: 2.8ms
[243.054s][info][gc,phases      ] GC(1421)   Post Evacuate Collection Set: 0.4ms
[243.054s][info][gc,phases      ] GC(1421)   Other: 0.4ms
[243.054s][info][gc,heap        ] GC(1421) Eden regions: 280->0(280)
[243.054s][info][gc,heap        ] GC(1421) Survivor regions: 1->1(36)
[243.054s][info][gc,heap        ] GC(1421) Old regions: 69->69
[243.054s][info][gc,heap        ] GC(1421) Humongous regions: 11->6
[243.054s][info][gc,metaspace   ] GC(1421) Metaspace: 73043K->73043K(1116160K)
[243.054s][info][gc             ] GC(1421) Pause Young (Normal) (G1 Evacuation Pause) 357M->72M(469M) 3.685ms
[243.054s][info][gc,cpu         ] GC(1421) User=0.00s Sys=0.00s Real=0.00s
[243.276s][info][gc,start       ] GC(1422) Pause Young (Normal) (G1 Evacuation Pause)
[243.277s][info][gc,task        ] GC(1422) Using 1 workers of 1 for evacuation
[243.286s][info][gc,phases      ] GC(1422)   Pre Evacuate Collection Set: 0.1ms
[243.286s][info][gc,phases      ] GC(1422)   Evacuate Collection Set: 8.2ms
[243.286s][info][gc,phases      ] GC(1422)   Post Evacuate Collection Set: 0.7ms
[243.286s][info][gc,phases      ] GC(1422)   Other: 1.1ms
[243.286s][info][gc,heap        ] GC(1422) Eden regions: 280->0(280)
[243.286s][info][gc,heap        ] GC(1422) Survivor regions: 1->1(36)
[243.286s][info][gc,heap        ] GC(1422) Old regions: 69->69
[243.286s][info][gc,heap        ] GC(1422) Humongous regions: 6->6
[243.286s][info][gc,metaspace   ] GC(1422) Metaspace: 73043K->73043K(1116160K)
[243.286s][info][gc             ] GC(1422) Pause Young (Normal) (G1 Evacuation Pause) 352M->72M(469M) 10.182ms
[243.286s][info][gc,cpu         ] GC(1422) User=0.01s Sys=0.00s Real=0.01s
[243.618s][info][gc,start       ] GC(1423) Pause Young (Normal) (G1 Evacuation Pause)
[243.618s][info][gc,task        ] GC(1423) Using 1 workers of 1 for evacuation
[243.621s][info][gc,phases      ] GC(1423)   Pre Evacuate Collection Set: 0.0ms
[243.621s][info][gc,phases      ] GC(1423)   Evacuate Collection Set: 2.7ms
[243.621s][info][gc,phases      ] GC(1423)   Post Evacuate Collection Set: 0.4ms
[243.621s][info][gc,phases      ] GC(1423)   Other: 0.4ms
[243.621s][info][gc,heap        ] GC(1423) Eden regions: 280->0(280)
[243.621s][info][gc,heap        ] GC(1423) Survivor regions: 1->1(36)
[243.621s][info][gc,heap        ] GC(1423) Old regions: 69->69
[243.621s][info][gc,heap        ] GC(1423) Humongous regions: 6->6
[243.621s][info][gc,metaspace   ] GC(1423) Metaspace: 73043K->73043K(1116160K)
[243.621s][info][gc             ] GC(1423) Pause Young (Normal) (G1 Evacuation Pause) 352M->72M(469M) 3.595ms
[243.621s][info][gc,cpu         ] GC(1423) User=0.00s Sys=0.00s Real=0.01s
[243.779s][info][gc,start       ] GC(1424) Pause Young (Normal) (G1 Evacuation Pause)
[243.779s][info][gc,task        ] GC(1424) Using 1 workers of 1 for evacuation
[243.783s][info][gc,phases      ] GC(1424)   Pre Evacuate Collection Set: 0.0ms
[243.783s][info][gc,phases      ] GC(1424)   Evacuate Collection Set: 2.8ms
[243.783s][info][gc,phases      ] GC(1424)   Post Evacuate Collection Set: 0.4ms
[243.783s][info][gc,phases      ] GC(1424)   Other: 0.4ms
[243.783s][info][gc,heap        ] GC(1424) Eden regions: 280->0(280)
[243.783s][info][gc,heap        ] GC(1424) Survivor regions: 1->1(36)
[243.783s][info][gc,heap        ] GC(1424) Old regions: 69->69
[243.783s][info][gc,heap        ] GC(1424) Humongous regions: 6->6
[243.783s][info][gc,metaspace   ] GC(1424) Metaspace: 73043K->73043K(1116160K)
[243.783s][info][gc             ] GC(1424) Pause Young (Normal) (G1 Evacuation Pause) 352M->72M(469M) 3.703ms
[243.783s][info][gc,cpu         ] GC(1424) User=0.00s Sys=0.00s Real=0.00s
[244.152s][info][gc,start       ] GC(1425) Pause Young (Normal) (G1 Evacuation Pause)
[244.152s][info][gc,task        ] GC(1425) Using 1 workers of 1 for evacuation
[244.162s][info][gc,phases      ] GC(1425)   Pre Evacuate Collection Set: 0.1ms
[244.162s][info][gc,phases      ] GC(1425)   Evacuate Collection Set: 8.4ms
[244.162s][info][gc,phases      ] GC(1425)   Post Evacuate Collection Set: 1.0ms
[244.163s][info][gc,phases      ] GC(1425)   Other: 1.5ms
[244.163s][info][gc,heap        ] GC(1425) Eden regions: 280->0(280)
[244.163s][info][gc,heap        ] GC(1425) Survivor regions: 1->1(36)
[244.163s][info][gc,heap        ] GC(1425) Old regions: 69->69
[244.163s][info][gc,heap        ] GC(1425) Humongous regions: 6->6
[244.163s][info][gc,metaspace   ] GC(1425) Metaspace: 73043K->73043K(1116160K)
[244.163s][info][gc             ] GC(1425) Pause Young (Normal) (G1 Evacuation Pause) 352M->72M(469M) 11.113ms
[244.163s][info][gc,cpu         ] GC(1425) User=0.01s Sys=0.00s Real=0.01s
[244.373s][info][gc,start       ] GC(1426) Pause Young (Normal) (G1 Evacuation Pause)
[244.373s][info][gc,task        ] GC(1426) Using 1 workers of 1 for evacuation
[244.376s][info][gc,phases      ] GC(1426)   Pre Evacuate Collection Set: 0.0ms
[244.376s][info][gc,phases      ] GC(1426)   Evacuate Collection Set: 2.8ms
[244.376s][info][gc,phases      ] GC(1426)   Post Evacuate Collection Set: 0.4ms
[244.376s][info][gc,phases      ] GC(1426)   Other: 0.4ms
[244.376s][info][gc,heap        ] GC(1426) Eden regions: 280->0(280)
[244.376s][info][gc,heap        ] GC(1426) Survivor regions: 1->1(36)
[244.376s][info][gc,heap        ] GC(1426) Old regions: 69->69
[244.376s][info][gc,heap        ] GC(1426) Humongous regions: 6->6
[244.376s][info][gc,metaspace   ] GC(1426) Metaspace: 73043K->73043K(1116160K)
[244.376s][info][gc             ] GC(1426) Pause Young (Normal) (G1 Evacuation Pause) 352M->72M(469M) 3.697ms
[244.376s][info][gc,cpu         ] GC(1426) User=0.00s Sys=0.00s Real=0.00s
[244.538s][info][gc,start       ] GC(1427) Pause Young (Normal) (G1 Evacuation Pause)
[244.538s][info][gc,task        ] GC(1427) Using 1 workers of 1 for evacuation
[244.541s][info][gc,phases      ] GC(1427)   Pre Evacuate Collection Set: 0.0ms
[244.541s][info][gc,phases      ] GC(1427)   Evacuate Collection Set: 2.9ms
[244.541s][info][gc,phases      ] GC(1427)   Post Evacuate Collection Set: 0.4ms
[244.541s][info][gc,phases      ] GC(1427)   Other: 0.3ms
[244.541s][info][gc,heap        ] GC(1427) Eden regions: 280->0(280)
[244.541s][info][gc,heap        ] GC(1427) Survivor regions: 1->1(36)
[244.541s][info][gc,heap        ] GC(1427) Old regions: 69->69
[244.541s][info][gc,heap        ] GC(1427) Humongous regions: 6->6
[244.541s][info][gc,metaspace   ] GC(1427) Metaspace: 73043K->73043K(1116160K)
[244.541s][info][gc             ] GC(1427) Pause Young (Normal) (G1 Evacuation Pause) 352M->72M(469M) 3.648ms
[244.541s][info][gc,cpu         ] GC(1427) User=0.01s Sys=0.00s Real=0.01s
[244.720s][info][gc,start       ] GC(1428) Pause Young (Normal) (G1 Evacuation Pause)
[244.720s][info][gc,task        ] GC(1428) Using 1 workers of 1 for evacuation
[244.724s][info][gc,phases      ] GC(1428)   Pre Evacuate Collection Set: 0.0ms
[244.724s][info][gc,phases      ] GC(1428)   Evacuate Collection Set: 3.4ms
[244.724s][info][gc,phases      ] GC(1428)   Post Evacuate Collection Set: 0.4ms
[244.724s][info][gc,phases      ] GC(1428)   Other: 0.4ms
[244.724s][info][gc,heap        ] GC(1428) Eden regions: 280->0(280)
[244.724s][info][gc,heap        ] GC(1428) Survivor regions: 1->1(36)
[244.724s][info][gc,heap        ] GC(1428) Old regions: 69->69
[244.724s][info][gc,heap        ] GC(1428) Humongous regions: 11->6
[244.724s][info][gc,metaspace   ] GC(1428) Metaspace: 73044K->73044K(1116160K)
[244.724s][info][gc             ] GC(1428) Pause Young (Normal) (G1 Evacuation Pause) 357M->72M(469M) 4.242ms
[244.724s][info][gc,cpu         ] GC(1428) User=0.00s Sys=0.00s Real=0.00s
[244.938s][info][gc,start       ] GC(1429) Pause Young (Normal) (G1 Evacuation Pause)
[244.938s][info][gc,task        ] GC(1429) Using 1 workers of 1 for evacuation
[244.942s][info][gc,phases      ] GC(1429)   Pre Evacuate Collection Set: 0.0ms
[244.942s][info][gc,phases      ] GC(1429)   Evacuate Collection Set: 2.9ms
[244.942s][info][gc,phases      ] GC(1429)   Post Evacuate Collection Set: 0.4ms
[244.942s][info][gc,phases      ] GC(1429)   Other: 0.5ms
[244.942s][info][gc,heap        ] GC(1429) Eden regions: 280->0(280)
[244.942s][info][gc,heap        ] GC(1429) Survivor regions: 1->1(36)
[244.942s][info][gc,heap        ] GC(1429) Old regions: 69->69
[244.942s][info][gc,heap        ] GC(1429) Humongous regions: 6->6
[244.942s][info][gc,metaspace   ] GC(1429) Metaspace: 73044K->73044K(1116160K)
[244.942s][info][gc             ] GC(1429) Pause Young (Normal) (G1 Evacuation Pause) 352M->72M(469M) 3.943ms
[244.942s][info][gc,cpu         ] GC(1429) User=0.00s Sys=0.00s Real=0.00s
[245.117s][info][gc,start       ] GC(1430) Pause Young (Normal) (G1 Evacuation Pause)
[245.117s][info][gc,task        ] GC(1430) Using 1 workers of 1 for evacuation
[245.126s][info][gc,phases      ] GC(1430)   Pre Evacuate Collection Set: 0.1ms
[245.126s][info][gc,phases      ] GC(1430)   Evacuate Collection Set: 7.3ms
[245.126s][info][gc,phases      ] GC(1430)   Post Evacuate Collection Set: 0.8ms
[245.126s][info][gc,phases      ] GC(1430)   Other: 0.6ms
[245.126s][info][gc,heap        ] GC(1430) Eden regions: 280->0(280)
[245.126s][info][gc,heap        ] GC(1430) Survivor regions: 1->1(36)
[245.126s][info][gc,heap        ] GC(1430) Old regions: 69->69
[245.126s][info][gc,heap        ] GC(1430) Humongous regions: 6->6
[245.126s][info][gc,metaspace   ] GC(1430) Metaspace: 73044K->73044K(1116160K)
[245.126s][info][gc             ] GC(1430) Pause Young (Normal) (G1 Evacuation Pause) 352M->72M(469M) 8.789ms
[245.126s][info][gc,cpu         ] GC(1430) User=0.01s Sys=0.00s Real=0.01s
[245.291s][info][gc,start       ] GC(1431) Pause Young (Normal) (G1 Evacuation Pause)
[245.291s][info][gc,task        ] GC(1431) Using 1 workers of 1 for evacuation
[245.295s][info][gc,phases      ] GC(1431)   Pre Evacuate Collection Set: 0.0ms
[245.295s][info][gc,phases      ] GC(1431)   Evacuate Collection Set: 2.7ms
[245.295s][info][gc,phases      ] GC(1431)   Post Evacuate Collection Set: 0.4ms
[245.295s][info][gc,phases      ] GC(1431)   Other: 0.4ms
[245.295s][info][gc,heap        ] GC(1431) Eden regions: 280->0(280)
[245.295s][info][gc,heap        ] GC(1431) Survivor regions: 1->1(36)
[245.295s][info][gc,heap        ] GC(1431) Old regions: 69->69
[245.295s][info][gc,heap        ] GC(1431) Humongous regions: 6->6
[245.295s][info][gc,metaspace   ] GC(1431) Metaspace: 73044K->73044K(1116160K)
[245.295s][info][gc             ] GC(1431) Pause Young (Normal) (G1 Evacuation Pause) 352M->72M(469M) 3.475ms
[245.295s][info][gc,cpu         ] GC(1431) User=0.01s Sys=0.00s Real=0.00s
[245.470s][info][gc,start       ] GC(1432) Pause Young (Normal) (G1 Evacuation Pause)
[245.470s][info][gc,task        ] GC(1432) Using 1 workers of 1 for evacuation
[245.474s][info][gc,phases      ] GC(1432)   Pre Evacuate Collection Set: 0.0ms
[245.474s][info][gc,phases      ] GC(1432)   Evacuate Collection Set: 2.7ms
[245.474s][info][gc,phases      ] GC(1432)   Post Evacuate Collection Set: 0.4ms
[245.474s][info][gc,phases      ] GC(1432)   Other: 0.4ms
[245.474s][info][gc,heap        ] GC(1432) Eden regions: 280->0(280)
[245.474s][info][gc,heap        ] GC(1432) Survivor regions: 1->1(36)
[245.474s][info][gc,heap        ] GC(1432) Old regions: 69->69
[245.474s][info][gc,heap        ] GC(1432) Humongous regions: 6->6
[245.474s][info][gc,metaspace   ] GC(1432) Metaspace: 73044K->73044K(1116160K)
[245.474s][info][gc             ] GC(1432) Pause Young (Normal) (G1 Evacuation Pause) 352M->72M(469M) 3.535ms
[245.474s][info][gc,cpu         ] GC(1432) User=0.00s Sys=0.00s Real=0.00s
[245.664s][info][gc,start       ] GC(1433) Pause Young (Normal) (G1 Evacuation Pause)
[245.664s][info][gc,task        ] GC(1433) Using 1 workers of 1 for evacuation
[245.667s][info][gc,phases      ] GC(1433)   Pre Evacuate Collection Set: 0.0ms
[245.668s][info][gc,phases      ] GC(1433)   Evacuate Collection Set: 2.9ms
[245.668s][info][gc,phases      ] GC(1433)   Post Evacuate Collection Set: 0.4ms
[245.668s][info][gc,phases      ] GC(1433)   Other: 0.4ms
[245.668s][info][gc,heap        ] GC(1433) Eden regions: 280->0(280)
[245.668s][info][gc,heap        ] GC(1433) Survivor regions: 1->1(36)
[245.668s][info][gc,heap        ] GC(1433) Old regions: 69->69
[245.668s][info][gc,heap        ] GC(1433) Humongous regions: 6->6
[245.668s][info][gc,metaspace   ] GC(1433) Metaspace: 73044K->73044K(1116160K)
[245.668s][info][gc             ] GC(1433) Pause Young (Normal) (G1 Evacuation Pause) 352M->72M(469M) 3.696ms
[245.668s][info][gc,cpu         ] GC(1433) User=0.01s Sys=0.00s Real=0.01s
[245.883s][info][gc,start       ] GC(1434) Pause Young (Normal) (G1 Evacuation Pause)
[245.884s][info][gc,task        ] GC(1434) Using 1 workers of 1 for evacuation
[245.888s][info][gc,phases      ] GC(1434)   Pre Evacuate Collection Set: 0.0ms
[245.888s][info][gc,phases      ] GC(1434)   Evacuate Collection Set: 3.3ms
[245.888s][info][gc,phases      ] GC(1434)   Post Evacuate Collection Set: 0.4ms
[245.888s][info][gc,phases      ] GC(1434)   Other: 0.4ms
[245.888s][info][gc,heap        ] GC(1434) Eden regions: 280->0(280)
[245.888s][info][gc,heap        ] GC(1434) Survivor regions: 1->1(36)
[245.888s][info][gc,heap        ] GC(1434) Old regions: 69->69
[245.888s][info][gc,heap        ] GC(1434) Humongous regions: 6->6
[245.888s][info][gc,metaspace   ] GC(1434) Metaspace: 73044K->73044K(1116160K)
[245.888s][info][gc             ] GC(1434) Pause Young (Normal) (G1 Evacuation Pause) 352M->72M(469M) 4.204ms
[245.888s][info][gc,cpu         ] GC(1434) User=0.01s Sys=0.00s Real=0.01s
[246.058s][info][gc,start       ] GC(1435) Pause Young (Normal) (G1 Evacuation Pause)
[246.058s][info][gc,task        ] GC(1435) Using 1 workers of 1 for evacuation
[246.062s][info][gc,phases      ] GC(1435)   Pre Evacuate Collection Set: 0.0ms
[246.062s][info][gc,phases      ] GC(1435)   Evacuate Collection Set: 2.7ms
[246.062s][info][gc,phases      ] GC(1435)   Post Evacuate Collection Set: 0.4ms
[246.062s][info][gc,phases      ] GC(1435)   Other: 0.3ms
[246.062s][info][gc,heap        ] GC(1435) Eden regions: 280->0(280)
[246.062s][info][gc,heap        ] GC(1435) Survivor regions: 1->1(36)
[246.062s][info][gc,heap        ] GC(1435) Old regions: 69->69
[246.062s][info][gc,heap        ] GC(1435) Humongous regions: 11->6
[246.062s][info][gc,metaspace   ] GC(1435) Metaspace: 73045K->73045K(1116160K)
[246.062s][info][gc             ] GC(1435) Pause Young (Normal) (G1 Evacuation Pause) 357M->72M(469M) 3.450ms
[246.062s][info][gc,cpu         ] GC(1435) User=0.00s Sys=0.00s Real=0.00s
[246.224s][info][gc,start       ] GC(1436) Pause Young (Normal) (G1 Evacuation Pause)
[246.224s][info][gc,task        ] GC(1436) Using 1 workers of 1 for evacuation
[246.227s][info][gc,phases      ] GC(1436)   Pre Evacuate Collection Set: 0.0ms
[246.227s][info][gc,phases      ] GC(1436)   Evacuate Collection Set: 2.6ms
[246.227s][info][gc,phases      ] GC(1436)   Post Evacuate Collection Set: 0.5ms
[246.227s][info][gc,phases      ] GC(1436)   Other: 0.4ms
[246.227s][info][gc,heap        ] GC(1436) Eden regions: 280->0(280)
[246.227s][info][gc,heap        ] GC(1436) Survivor regions: 1->1(36)
[246.227s][info][gc,heap        ] GC(1436) Old regions: 69->69
[246.227s][info][gc,heap        ] GC(1436) Humongous regions: 6->6
[246.227s][info][gc,metaspace   ] GC(1436) Metaspace: 73045K->73045K(1116160K)
[246.227s][info][gc             ] GC(1436) Pause Young (Normal) (G1 Evacuation Pause) 352M->72M(469M) 3.601ms
[246.227s][info][gc,cpu         ] GC(1436) User=0.01s Sys=0.00s Real=0.01s
[246.495s][info][gc,start       ] GC(1437) Pause Young (Normal) (G1 Evacuation Pause)
[246.495s][info][gc,task        ] GC(1437) Using 1 workers of 1 for evacuation
[246.499s][info][gc,phases      ] GC(1437)   Pre Evacuate Collection Set: 0.0ms
[246.499s][info][gc,phases      ] GC(1437)   Evacuate Collection Set: 2.5ms
[246.499s][info][gc,phases      ] GC(1437)   Post Evacuate Collection Set: 0.4ms
[246.499s][info][gc,phases      ] GC(1437)   Other: 0.4ms
[246.499s][info][gc,heap        ] GC(1437) Eden regions: 280->0(280)
[246.499s][info][gc,heap        ] GC(1437) Survivor regions: 1->1(36)
[246.499s][info][gc,heap        ] GC(1437) Old regions: 69->69
[246.499s][info][gc,heap        ] GC(1437) Humongous regions: 6->6
[246.499s][info][gc,metaspace   ] GC(1437) Metaspace: 73045K->73045K(1116160K)
[246.499s][info][gc             ] GC(1437) Pause Young (Normal) (G1 Evacuation Pause) 352M->72M(469M) 3.346ms
[246.499s][info][gc,cpu         ] GC(1437) User=0.01s Sys=0.00s Real=0.01s
[246.641s][info][gc,start       ] GC(1438) Pause Young (Normal) (G1 Evacuation Pause)
[246.641s][info][gc,task        ] GC(1438) Using 1 workers of 1 for evacuation
[246.644s][info][gc,phases      ] GC(1438)   Pre Evacuate Collection Set: 0.0ms
[246.644s][info][gc,phases      ] GC(1438)   Evacuate Collection Set: 2.5ms
[246.644s][info][gc,phases      ] GC(1438)   Post Evacuate Collection Set: 0.3ms
[246.644s][info][gc,phases      ] GC(1438)   Other: 0.3ms
[246.644s][info][gc,heap        ] GC(1438) Eden regions: 280->0(280)
[246.644s][info][gc,heap        ] GC(1438) Survivor regions: 1->1(36)
[246.644s][info][gc,heap        ] GC(1438) Old regions: 69->69
[246.644s][info][gc,heap        ] GC(1438) Humongous regions: 6->6
[246.644s][info][gc,metaspace   ] GC(1438) Metaspace: 73045K->73045K(1116160K)
[246.644s][info][gc             ] GC(1438) Pause Young (Normal) (G1 Evacuation Pause) 352M->72M(469M) 3.177ms
[246.645s][info][gc,cpu         ] GC(1438) User=0.00s Sys=0.00s Real=0.00s
[246.889s][info][gc,start       ] GC(1439) Pause Young (Normal) (G1 Evacuation Pause)
[246.890s][info][gc,task        ] GC(1439) Using 1 workers of 1 for evacuation
[246.893s][info][gc,phases      ] GC(1439)   Pre Evacuate Collection Set: 0.0ms
[246.893s][info][gc,phases      ] GC(1439)   Evacuate Collection Set: 2.7ms
[246.893s][info][gc,phases      ] GC(1439)   Post Evacuate Collection Set: 0.4ms
[246.893s][info][gc,phases      ] GC(1439)   Other: 0.4ms
[246.893s][info][gc,heap        ] GC(1439) Eden regions: 280->0(280)
[246.893s][info][gc,heap        ] GC(1439) Survivor regions: 1->1(36)
[246.893s][info][gc,heap        ] GC(1439) Old regions: 69->69
[246.893s][info][gc,heap        ] GC(1439) Humongous regions: 6->6
[246.893s][info][gc,metaspace   ] GC(1439) Metaspace: 73045K->73045K(1116160K)
[246.893s][info][gc             ] GC(1439) Pause Young (Normal) (G1 Evacuation Pause) 352M->72M(469M) 3.546ms
[246.893s][info][gc,cpu         ] GC(1439) User=0.00s Sys=0.00s Real=0.00s
[247.034s][info][gc,start       ] GC(1440) Pause Young (Normal) (G1 Evacuation Pause)
[247.034s][info][gc,task        ] GC(1440) Using 1 workers of 1 for evacuation
[247.038s][info][gc,phases      ] GC(1440)   Pre Evacuate Collection Set: 0.0ms
[247.038s][info][gc,phases      ] GC(1440)   Evacuate Collection Set: 2.8ms
[247.038s][info][gc,phases      ] GC(1440)   Post Evacuate Collection Set: 0.4ms
[247.038s][info][gc,phases      ] GC(1440)   Other: 0.3ms
[247.038s][info][gc,heap        ] GC(1440) Eden regions: 280->0(280)
[247.038s][info][gc,heap        ] GC(1440) Survivor regions: 1->1(36)
[247.038s][info][gc,heap        ] GC(1440) Old regions: 69->69
[247.038s][info][gc,heap        ] GC(1440) Humongous regions: 6->6
[247.038s][info][gc,metaspace   ] GC(1440) Metaspace: 73045K->73045K(1116160K)
[247.038s][info][gc             ] GC(1440) Pause Young (Normal) (G1 Evacuation Pause) 352M->72M(469M) 3.598ms
[247.038s][info][gc,cpu         ] GC(1440) User=0.01s Sys=0.00s Real=0.00s
[247.355s][info][gc,start       ] GC(1441) Pause Young (Normal) (G1 Evacuation Pause)
[247.355s][info][gc,task        ] GC(1441) Using 1 workers of 1 for evacuation
[247.364s][info][gc,phases      ] GC(1441)   Pre Evacuate Collection Set: 0.1ms
[247.365s][info][gc,phases      ] GC(1441)   Evacuate Collection Set: 7.8ms
[247.365s][info][gc,phases      ] GC(1441)   Post Evacuate Collection Set: 1.1ms
[247.365s][info][gc,phases      ] GC(1441)   Other: 0.9ms
[247.365s][info][gc,heap        ] GC(1441) Eden regions: 280->0(280)
[247.365s][info][gc,heap        ] GC(1441) Survivor regions: 1->1(36)
[247.365s][info][gc,heap        ] GC(1441) Old regions: 69->69
[247.365s][info][gc,heap        ] GC(1441) Humongous regions: 11->6
[247.365s][info][gc,metaspace   ] GC(1441) Metaspace: 73045K->73045K(1116160K)
[247.365s][info][gc             ] GC(1441) Pause Young (Normal) (G1 Evacuation Pause) 357M->72M(469M) 9.978ms
[247.365s][info][gc,cpu         ] GC(1441) User=0.01s Sys=0.00s Real=0.01s
[247.648s][info][gc,start       ] GC(1442) Pause Young (Normal) (G1 Evacuation Pause)
[247.648s][info][gc,task        ] GC(1442) Using 1 workers of 1 for evacuation
[247.651s][info][gc,phases      ] GC(1442)   Pre Evacuate Collection Set: 0.0ms
[247.651s][info][gc,phases      ] GC(1442)   Evacuate Collection Set: 3.0ms
[247.651s][info][gc,phases      ] GC(1442)   Post Evacuate Collection Set: 0.4ms
[247.651s][info][gc,phases      ] GC(1442)   Other: 0.4ms
[247.651s][info][gc,heap        ] GC(1442) Eden regions: 280->0(280)
[247.651s][info][gc,heap        ] GC(1442) Survivor regions: 1->1(36)
[247.651s][info][gc,heap        ] GC(1442) Old regions: 69->69
[247.651s][info][gc,heap        ] GC(1442) Humongous regions: 6->6
[247.651s][info][gc,metaspace   ] GC(1442) Metaspace: 73045K->73045K(1116160K)
[247.651s][info][gc             ] GC(1442) Pause Young (Normal) (G1 Evacuation Pause) 352M->72M(469M) 3.854ms
[247.651s][info][gc,cpu         ] GC(1442) User=0.01s Sys=0.00s Real=0.00s
[247.870s][info][gc,start       ] GC(1443) Pause Young (Normal) (G1 Evacuation Pause)
[247.871s][info][gc,task        ] GC(1443) Using 1 workers of 1 for evacuation
[247.875s][info][gc,phases      ] GC(1443)   Pre Evacuate Collection Set: 0.0ms
[247.875s][info][gc,phases      ] GC(1443)   Evacuate Collection Set: 3.3ms
[247.875s][info][gc,phases      ] GC(1443)   Post Evacuate Collection Set: 0.7ms
[247.875s][info][gc,phases      ] GC(1443)   Other: 0.4ms
[247.875s][info][gc,heap        ] GC(1443) Eden regions: 280->0(280)
[247.875s][info][gc,heap        ] GC(1443) Survivor regions: 1->1(36)
[247.875s][info][gc,heap        ] GC(1443) Old regions: 69->69
[247.875s][info][gc,heap        ] GC(1443) Humongous regions: 6->6
[247.875s][info][gc,metaspace   ] GC(1443) Metaspace: 73045K->73045K(1116160K)
[247.875s][info][gc             ] GC(1443) Pause Young (Normal) (G1 Evacuation Pause) 352M->72M(469M) 4.572ms
[247.875s][info][gc,cpu         ] GC(1443) User=0.00s Sys=0.00s Real=0.00s
[248.232s][info][gc,start       ] GC(1444) Pause Young (Normal) (G1 Evacuation Pause)
[248.232s][info][gc,task        ] GC(1444) Using 1 workers of 1 for evacuation
[248.241s][info][gc,phases      ] GC(1444)   Pre Evacuate Collection Set: 0.1ms
[248.241s][info][gc,phases      ] GC(1444)   Evacuate Collection Set: 7.0ms
[248.241s][info][gc,phases      ] GC(1444)   Post Evacuate Collection Set: 0.9ms
[248.241s][info][gc,phases      ] GC(1444)   Other: 0.9ms
[248.241s][info][gc,heap        ] GC(1444) Eden regions: 280->0(280)
[248.241s][info][gc,heap        ] GC(1444) Survivor regions: 1->1(36)
[248.241s][info][gc,heap        ] GC(1444) Old regions: 69->69
[248.241s][info][gc,heap        ] GC(1444) Humongous regions: 6->6
[248.241s][info][gc,metaspace   ] GC(1444) Metaspace: 73045K->73045K(1116160K)
[248.241s][info][gc             ] GC(1444) Pause Young (Normal) (G1 Evacuation Pause) 352M->72M(469M) 9.076ms
[248.241s][info][gc,cpu         ] GC(1444) User=0.01s Sys=0.00s Real=0.01s
[248.532s][info][gc,start       ] GC(1445) Pause Young (Normal) (G1 Evacuation Pause)
[248.532s][info][gc,task        ] GC(1445) Using 1 workers of 1 for evacuation
[248.536s][info][gc,phases      ] GC(1445)   Pre Evacuate Collection Set: 0.0ms
[248.536s][info][gc,phases      ] GC(1445)   Evacuate Collection Set: 2.7ms
[248.536s][info][gc,phases      ] GC(1445)   Post Evacuate Collection Set: 0.4ms
[248.536s][info][gc,phases      ] GC(1445)   Other: 0.4ms
[248.536s][info][gc,heap        ] GC(1445) Eden regions: 280->0(280)
[248.536s][info][gc,heap        ] GC(1445) Survivor regions: 1->1(36)
[248.536s][info][gc,heap        ] GC(1445) Old regions: 69->69
[248.536s][info][gc,heap        ] GC(1445) Humongous regions: 6->6
[248.536s][info][gc,metaspace   ] GC(1445) Metaspace: 73045K->73045K(1116160K)
[248.536s][info][gc             ] GC(1445) Pause Young (Normal) (G1 Evacuation Pause) 352M->72M(469M) 3.507ms
[248.536s][info][gc,cpu         ] GC(1445) User=0.00s Sys=0.00s Real=0.00s
[248.749s][info][gc,start       ] GC(1446) Pause Young (Normal) (G1 Evacuation Pause)
[248.749s][info][gc,task        ] GC(1446) Using 1 workers of 1 for evacuation
[248.753s][info][gc,phases      ] GC(1446)   Pre Evacuate Collection Set: 0.0ms
[248.753s][info][gc,phases      ] GC(1446)   Evacuate Collection Set: 2.9ms
[248.753s][info][gc,phases      ] GC(1446)   Post Evacuate Collection Set: 0.4ms
[248.753s][info][gc,phases      ] GC(1446)   Other: 0.4ms
[248.753s][info][gc,heap        ] GC(1446) Eden regions: 280->0(280)
[248.753s][info][gc,heap        ] GC(1446) Survivor regions: 1->1(36)
[248.753s][info][gc,heap        ] GC(1446) Old regions: 69->69
[248.753s][info][gc,heap        ] GC(1446) Humongous regions: 6->6
[248.753s][info][gc,metaspace   ] GC(1446) Metaspace: 73045K->73045K(1116160K)
[248.753s][info][gc             ] GC(1446) Pause Young (Normal) (G1 Evacuation Pause) 352M->72M(469M) 3.760ms
[248.753s][info][gc,cpu         ] GC(1446) User=0.00s Sys=0.00s Real=0.00s
[248.911s][info][gc,start       ] GC(1447) Pause Young (Normal) (G1 Evacuation Pause)
[248.911s][info][gc,task        ] GC(1447) Using 1 workers of 1 for evacuation
[248.914s][info][gc,phases      ] GC(1447)   Pre Evacuate Collection Set: 0.0ms
[248.914s][info][gc,phases      ] GC(1447)   Evacuate Collection Set: 2.7ms
[248.914s][info][gc,phases      ] GC(1447)   Post Evacuate Collection Set: 0.5ms
[248.914s][info][gc,phases      ] GC(1447)   Other: 0.3ms
[248.914s][info][gc,heap        ] GC(1447) Eden regions: 280->0(280)
[248.914s][info][gc,heap        ] GC(1447) Survivor regions: 1->1(36)
[248.914s][info][gc,heap        ] GC(1447) Old regions: 69->69
[248.914s][info][gc,heap        ] GC(1447) Humongous regions: 6->6
[248.914s][info][gc,metaspace   ] GC(1447) Metaspace: 73045K->73045K(1116160K)
[248.914s][info][gc             ] GC(1447) Pause Young (Normal) (G1 Evacuation Pause) 352M->72M(469M) 3.604ms
[248.914s][info][gc,cpu         ] GC(1447) User=0.00s Sys=0.00s Real=0.00s
[249.064s][info][gc,start       ] GC(1448) Pause Young (Normal) (G1 Evacuation Pause)
[249.064s][info][gc,task        ] GC(1448) Using 1 workers of 1 for evacuation
[249.068s][info][gc,phases      ] GC(1448)   Pre Evacuate Collection Set: 0.0ms
[249.068s][info][gc,phases      ] GC(1448)   Evacuate Collection Set: 3.5ms
[249.068s][info][gc,phases      ] GC(1448)   Post Evacuate Collection Set: 0.5ms
[249.068s][info][gc,phases      ] GC(1448)   Other: 0.4ms
[249.068s][info][gc,heap        ] GC(1448) Eden regions: 280->0(280)
[249.068s][info][gc,heap        ] GC(1448) Survivor regions: 1->1(36)
[249.068s][info][gc,heap        ] GC(1448) Old regions: 69->69
[249.068s][info][gc,heap        ] GC(1448) Humongous regions: 11->6
[249.068s][info][gc,metaspace   ] GC(1448) Metaspace: 73045K->73045K(1116160K)
[249.069s][info][gc             ] GC(1448) Pause Young (Normal) (G1 Evacuation Pause) 357M->72M(469M) 4.541ms
[249.069s][info][gc,cpu         ] GC(1448) User=0.00s Sys=0.00s Real=0.01s
[249.224s][info][gc,start       ] GC(1449) Pause Young (Normal) (G1 Evacuation Pause)
[249.224s][info][gc,task        ] GC(1449) Using 1 workers of 1 for evacuation
[249.229s][info][gc,phases      ] GC(1449)   Pre Evacuate Collection Set: 0.0ms
[249.229s][info][gc,phases      ] GC(1449)   Evacuate Collection Set: 3.7ms
[249.229s][info][gc,phases      ] GC(1449)   Post Evacuate Collection Set: 0.5ms
[249.229s][info][gc,phases      ] GC(1449)   Other: 1.0ms
[249.229s][info][gc,heap        ] GC(1449) Eden regions: 280->0(280)
[249.229s][info][gc,heap        ] GC(1449) Survivor regions: 1->1(36)
[249.229s][info][gc,heap        ] GC(1449) Old regions: 69->69
[249.229s][info][gc,heap        ] GC(1449) Humongous regions: 6->6
[249.229s][info][gc,metaspace   ] GC(1449) Metaspace: 73045K->73045K(1116160K)
[249.229s][info][gc             ] GC(1449) Pause Young (Normal) (G1 Evacuation Pause) 352M->72M(469M) 5.246ms
[249.229s][info][gc,cpu         ] GC(1449) User=0.00s Sys=0.00s Real=0.01s
[249.376s][info][gc,start       ] GC(1450) Pause Young (Normal) (G1 Evacuation Pause)
[249.376s][info][gc,task        ] GC(1450) Using 1 workers of 1 for evacuation
[249.380s][info][gc,phases      ] GC(1450)   Pre Evacuate Collection Set: 0.1ms
[249.380s][info][gc,phases      ] GC(1450)   Evacuate Collection Set: 2.7ms
[249.380s][info][gc,phases      ] GC(1450)   Post Evacuate Collection Set: 0.4ms
[249.380s][info][gc,phases      ] GC(1450)   Other: 0.4ms
[249.380s][info][gc,heap        ] GC(1450) Eden regions: 280->0(280)
[249.380s][info][gc,heap        ] GC(1450) Survivor regions: 1->1(36)
[249.380s][info][gc,heap        ] GC(1450) Old regions: 69->69
[249.380s][info][gc,heap        ] GC(1450) Humongous regions: 6->6
[249.380s][info][gc,metaspace   ] GC(1450) Metaspace: 73045K->73045K(1116160K)
[249.380s][info][gc             ] GC(1450) Pause Young (Normal) (G1 Evacuation Pause) 352M->72M(469M) 3.617ms
[249.380s][info][gc,cpu         ] GC(1450) User=0.00s Sys=0.00s Real=0.01s
[249.520s][info][gc,start       ] GC(1451) Pause Young (Normal) (G1 Evacuation Pause)
[249.520s][info][gc,task        ] GC(1451) Using 1 workers of 1 for evacuation
[249.524s][info][gc,phases      ] GC(1451)   Pre Evacuate Collection Set: 0.0ms
[249.524s][info][gc,phases      ] GC(1451)   Evacuate Collection Set: 2.7ms
[249.524s][info][gc,phases      ] GC(1451)   Post Evacuate Collection Set: 0.4ms
[249.524s][info][gc,phases      ] GC(1451)   Other: 0.3ms
[249.524s][info][gc,heap        ] GC(1451) Eden regions: 280->0(280)
[249.524s][info][gc,heap        ] GC(1451) Survivor regions: 1->1(36)
[249.524s][info][gc,heap        ] GC(1451) Old regions: 69->69
[249.524s][info][gc,heap        ] GC(1451) Humongous regions: 6->6
[249.524s][info][gc,metaspace   ] GC(1451) Metaspace: 73045K->73045K(1116160K)
[249.524s][info][gc             ] GC(1451) Pause Young (Normal) (G1 Evacuation Pause) 352M->72M(469M) 3.399ms
[249.524s][info][gc,cpu         ] GC(1451) User=0.01s Sys=0.00s Real=0.00s
[249.672s][info][gc,start       ] GC(1452) Pause Young (Normal) (G1 Evacuation Pause)
[249.672s][info][gc,task        ] GC(1452) Using 1 workers of 1 for evacuation
[249.675s][info][gc,phases      ] GC(1452)   Pre Evacuate Collection Set: 0.0ms
[249.675s][info][gc,phases      ] GC(1452)   Evacuate Collection Set: 2.6ms
[249.675s][info][gc,phases      ] GC(1452)   Post Evacuate Collection Set: 0.4ms
[249.675s][info][gc,phases      ] GC(1452)   Other: 0.3ms
[249.675s][info][gc,heap        ] GC(1452) Eden regions: 280->0(280)
[249.675s][info][gc,heap        ] GC(1452) Survivor regions: 1->1(36)
[249.675s][info][gc,heap        ] GC(1452) Old regions: 69->69
[249.675s][info][gc,heap        ] GC(1452) Humongous regions: 6->6
[249.675s][info][gc,metaspace   ] GC(1452) Metaspace: 73045K->73045K(1116160K)
[249.675s][info][gc             ] GC(1452) Pause Young (Normal) (G1 Evacuation Pause) 352M->72M(469M) 3.336ms
[249.675s][info][gc,cpu         ] GC(1452) User=0.01s Sys=0.00s Real=0.00s
[249.989s][info][gc,start       ] GC(1453) Pause Young (Normal) (G1 Evacuation Pause)
[249.989s][info][gc,task        ] GC(1453) Using 1 workers of 1 for evacuation
[249.996s][info][gc,phases      ] GC(1453)   Pre Evacuate Collection Set: 0.1ms
[249.996s][info][gc,phases      ] GC(1453)   Evacuate Collection Set: 5.6ms
[249.996s][info][gc,phases      ] GC(1453)   Post Evacuate Collection Set: 0.9ms
[249.996s][info][gc,phases      ] GC(1453)   Other: 0.7ms
[249.996s][info][gc,heap        ] GC(1453) Eden regions: 280->0(280)
[249.996s][info][gc,heap        ] GC(1453) Survivor regions: 1->1(36)
[249.996s][info][gc,heap        ] GC(1453) Old regions: 69->69
[249.996s][info][gc,heap        ] GC(1453) Humongous regions: 6->6
[249.996s][info][gc,metaspace   ] GC(1453) Metaspace: 73045K->73045K(1116160K)
[249.996s][info][gc             ] GC(1453) Pause Young (Normal) (G1 Evacuation Pause) 352M->72M(469M) 7.438ms
[249.996s][info][gc,cpu         ] GC(1453) User=0.01s Sys=0.00s Real=0.00s
[250.244s][info][gc,start       ] GC(1454) Pause Young (Normal) (G1 Evacuation Pause)
[250.244s][info][gc,task        ] GC(1454) Using 1 workers of 1 for evacuation
[250.247s][info][gc,phases      ] GC(1454)   Pre Evacuate Collection Set: 0.0ms
[250.247s][info][gc,phases      ] GC(1454)   Evacuate Collection Set: 2.8ms
[250.247s][info][gc,phases      ] GC(1454)   Post Evacuate Collection Set: 0.5ms
[250.247s][info][gc,phases      ] GC(1454)   Other: 0.4ms
[250.247s][info][gc,heap        ] GC(1454) Eden regions: 280->0(280)
[250.247s][info][gc,heap        ] GC(1454) Survivor regions: 1->1(36)
[250.247s][info][gc,heap        ] GC(1454) Old regions: 69->69
[250.247s][info][gc,heap        ] GC(1454) Humongous regions: 6->6
[250.247s][info][gc,metaspace   ] GC(1454) Metaspace: 73045K->73045K(1116160K)
[250.247s][info][gc             ] GC(1454) Pause Young (Normal) (G1 Evacuation Pause) 352M->72M(469M) 3.837ms
[250.248s][info][gc,cpu         ] GC(1454) User=0.01s Sys=0.00s Real=0.01s
[250.402s][info][gc,start       ] GC(1455) Pause Young (Normal) (G1 Evacuation Pause)
[250.402s][info][gc,task        ] GC(1455) Using 1 workers of 1 for evacuation
[250.406s][info][gc,phases      ] GC(1455)   Pre Evacuate Collection Set: 0.0ms
[250.406s][info][gc,phases      ] GC(1455)   Evacuate Collection Set: 2.9ms
[250.406s][info][gc,phases      ] GC(1455)   Post Evacuate Collection Set: 0.4ms
[250.406s][info][gc,phases      ] GC(1455)   Other: 0.4ms
[250.406s][info][gc,heap        ] GC(1455) Eden regions: 280->0(280)
[250.406s][info][gc,heap        ] GC(1455) Survivor regions: 1->1(36)
[250.406s][info][gc,heap        ] GC(1455) Old regions: 69->69
[250.406s][info][gc,heap        ] GC(1455) Humongous regions: 11->6
[250.406s][info][gc,metaspace   ] GC(1455) Metaspace: 73045K->73045K(1116160K)
[250.406s][info][gc             ] GC(1455) Pause Young (Normal) (G1 Evacuation Pause) 357M->72M(469M) 3.683ms
[250.406s][info][gc,cpu         ] GC(1455) User=0.00s Sys=0.00s Real=0.00s
[250.545s][info][gc,start       ] GC(1456) Pause Young (Normal) (G1 Evacuation Pause)
[250.545s][info][gc,task        ] GC(1456) Using 1 workers of 1 for evacuation
[250.548s][info][gc,phases      ] GC(1456)   Pre Evacuate Collection Set: 0.0ms
[250.548s][info][gc,phases      ] GC(1456)   Evacuate Collection Set: 3.0ms
[250.548s][info][gc,phases      ] GC(1456)   Post Evacuate Collection Set: 0.4ms
[250.548s][info][gc,phases      ] GC(1456)   Other: 0.3ms
[250.548s][info][gc,heap        ] GC(1456) Eden regions: 280->0(280)
[250.548s][info][gc,heap        ] GC(1456) Survivor regions: 1->1(36)
[250.548s][info][gc,heap        ] GC(1456) Old regions: 69->69
[250.548s][info][gc,heap        ] GC(1456) Humongous regions: 6->6
[250.548s][info][gc,metaspace   ] GC(1456) Metaspace: 73045K->73045K(1116160K)
[250.548s][info][gc             ] GC(1456) Pause Young (Normal) (G1 Evacuation Pause) 352M->72M(469M) 3.855ms
[250.549s][info][gc,cpu         ] GC(1456) User=0.00s Sys=0.00s Real=0.01s
[250.696s][info][gc,start       ] GC(1457) Pause Young (Normal) (G1 Evacuation Pause)
[250.697s][info][gc,task        ] GC(1457) Using 1 workers of 1 for evacuation
[250.701s][info][gc,phases      ] GC(1457)   Pre Evacuate Collection Set: 0.0ms
[250.701s][info][gc,phases      ] GC(1457)   Evacuate Collection Set: 3.9ms
[250.701s][info][gc,phases      ] GC(1457)   Post Evacuate Collection Set: 0.5ms
[250.701s][info][gc,phases      ] GC(1457)   Other: 0.5ms
[250.701s][info][gc,heap        ] GC(1457) Eden regions: 280->0(280)
[250.701s][info][gc,heap        ] GC(1457) Survivor regions: 1->1(36)
[250.701s][info][gc,heap        ] GC(1457) Old regions: 69->69
[250.701s][info][gc,heap        ] GC(1457) Humongous regions: 6->6
[250.701s][info][gc,metaspace   ] GC(1457) Metaspace: 73045K->73045K(1116160K)
[250.702s][info][gc             ] GC(1457) Pause Young (Normal) (G1 Evacuation Pause) 352M->72M(469M) 5.175ms
[250.702s][info][gc,cpu         ] GC(1457) User=0.01s Sys=0.00s Real=0.01s
[250.898s][info][gc,start       ] GC(1458) Pause Young (Normal) (G1 Evacuation Pause)
[250.898s][info][gc,task        ] GC(1458) Using 1 workers of 1 for evacuation
[250.902s][info][gc,phases      ] GC(1458)   Pre Evacuate Collection Set: 0.0ms
[250.902s][info][gc,phases      ] GC(1458)   Evacuate Collection Set: 3.4ms
[250.903s][info][gc,phases      ] GC(1458)   Post Evacuate Collection Set: 0.5ms
[250.903s][info][gc,phases      ] GC(1458)   Other: 0.4ms
[250.903s][info][gc,heap        ] GC(1458) Eden regions: 280->0(280)
[250.903s][info][gc,heap        ] GC(1458) Survivor regions: 1->1(36)
[250.903s][info][gc,heap        ] GC(1458) Old regions: 69->69
[250.903s][info][gc,heap        ] GC(1458) Humongous regions: 6->6
[250.903s][info][gc,metaspace   ] GC(1458) Metaspace: 73045K->73045K(1116160K)
[250.903s][info][gc             ] GC(1458) Pause Young (Normal) (G1 Evacuation Pause) 352M->72M(469M) 4.411ms
[250.903s][info][gc,cpu         ] GC(1458) User=0.00s Sys=0.00s Real=0.01s
[251.075s][info][gc,start       ] GC(1459) Pause Young (Normal) (G1 Evacuation Pause)
[251.075s][info][gc,task        ] GC(1459) Using 1 workers of 1 for evacuation
[251.080s][info][gc,phases      ] GC(1459)   Pre Evacuate Collection Set: 0.0ms
[251.080s][info][gc,phases      ] GC(1459)   Evacuate Collection Set: 3.5ms
[251.080s][info][gc,phases      ] GC(1459)   Post Evacuate Collection Set: 0.4ms
[251.080s][info][gc,phases      ] GC(1459)   Other: 0.4ms
[251.080s][info][gc,heap        ] GC(1459) Eden regions: 280->0(280)
[251.080s][info][gc,heap        ] GC(1459) Survivor regions: 1->1(36)
[251.080s][info][gc,heap        ] GC(1459) Old regions: 69->69
[251.080s][info][gc,heap        ] GC(1459) Humongous regions: 6->6
[251.080s][info][gc,metaspace   ] GC(1459) Metaspace: 73045K->73045K(1116160K)
[251.080s][info][gc             ] GC(1459) Pause Young (Normal) (G1 Evacuation Pause) 352M->72M(469M) 4.501ms
[251.080s][info][gc,cpu         ] GC(1459) User=0.00s Sys=0.00s Real=0.01s
[251.233s][info][gc,start       ] GC(1460) Pause Young (Normal) (G1 Evacuation Pause)
[251.234s][info][gc,task        ] GC(1460) Using 1 workers of 1 for evacuation
[251.237s][info][gc,phases      ] GC(1460)   Pre Evacuate Collection Set: 0.0ms
[251.237s][info][gc,phases      ] GC(1460)   Evacuate Collection Set: 2.9ms
[251.237s][info][gc,phases      ] GC(1460)   Post Evacuate Collection Set: 0.5ms
[251.237s][info][gc,phases      ] GC(1460)   Other: 0.4ms
[251.237s][info][gc,heap        ] GC(1460) Eden regions: 280->0(280)
[251.237s][info][gc,heap        ] GC(1460) Survivor regions: 1->1(36)
[251.237s][info][gc,heap        ] GC(1460) Old regions: 69->69
[251.237s][info][gc,heap        ] GC(1460) Humongous regions: 6->6
[251.237s][info][gc,metaspace   ] GC(1460) Metaspace: 73045K->73045K(1116160K)
[251.237s][info][gc             ] GC(1460) Pause Young (Normal) (G1 Evacuation Pause) 352M->72M(469M) 3.871ms
[251.237s][info][gc,cpu         ] GC(1460) User=0.00s Sys=0.00s Real=0.00s
[251.406s][info][gc,start       ] GC(1461) Pause Young (Normal) (G1 Evacuation Pause)
[251.406s][info][gc,task        ] GC(1461) Using 1 workers of 1 for evacuation
[251.410s][info][gc,phases      ] GC(1461)   Pre Evacuate Collection Set: 0.0ms
[251.410s][info][gc,phases      ] GC(1461)   Evacuate Collection Set: 2.7ms
[251.410s][info][gc,phases      ] GC(1461)   Post Evacuate Collection Set: 0.4ms
[251.410s][info][gc,phases      ] GC(1461)   Other: 0.4ms
[251.410s][info][gc,heap        ] GC(1461) Eden regions: 280->0(280)
[251.410s][info][gc,heap        ] GC(1461) Survivor regions: 1->1(36)
[251.410s][info][gc,heap        ] GC(1461) Old regions: 69->69
[251.410s][info][gc,heap        ] GC(1461) Humongous regions: 6->6
[251.410s][info][gc,metaspace   ] GC(1461) Metaspace: 73045K->73045K(1116160K)
[251.410s][info][gc             ] GC(1461) Pause Young (Normal) (G1 Evacuation Pause) 352M->72M(469M) 3.610ms
[251.410s][info][gc,cpu         ] GC(1461) User=0.00s Sys=0.00s Real=0.01s
[251.594s][info][gc,start       ] GC(1462) Pause Young (Normal) (G1 Evacuation Pause)
[251.594s][info][gc,task        ] GC(1462) Using 1 workers of 1 for evacuation
[251.599s][info][gc,phases      ] GC(1462)   Pre Evacuate Collection Set: 0.0ms
[251.599s][info][gc,phases      ] GC(1462)   Evacuate Collection Set: 3.9ms
[251.599s][info][gc,phases      ] GC(1462)   Post Evacuate Collection Set: 0.7ms
[251.599s][info][gc,phases      ] GC(1462)   Other: 0.4ms
[251.599s][info][gc,heap        ] GC(1462) Eden regions: 280->0(280)
[251.599s][info][gc,heap        ] GC(1462) Survivor regions: 1->1(36)
[251.599s][info][gc,heap        ] GC(1462) Old regions: 69->69
[251.599s][info][gc,heap        ] GC(1462) Humongous regions: 11->6
[251.599s][info][gc,metaspace   ] GC(1462) Metaspace: 73047K->73047K(1116160K)
[251.599s][info][gc             ] GC(1462) Pause Young (Normal) (G1 Evacuation Pause) 357M->72M(469M) 5.101ms
[251.599s][info][gc,cpu         ] GC(1462) User=0.01s Sys=0.00s Real=0.01s
[251.757s][info][gc,start       ] GC(1463) Pause Young (Normal) (G1 Evacuation Pause)
[251.757s][info][gc,task        ] GC(1463) Using 1 workers of 1 for evacuation
[251.760s][info][gc,phases      ] GC(1463)   Pre Evacuate Collection Set: 0.0ms
[251.760s][info][gc,phases      ] GC(1463)   Evacuate Collection Set: 2.7ms
[251.760s][info][gc,phases      ] GC(1463)   Post Evacuate Collection Set: 0.4ms
[251.760s][info][gc,phases      ] GC(1463)   Other: 0.5ms
[251.760s][info][gc,heap        ] GC(1463) Eden regions: 280->0(280)
[251.760s][info][gc,heap        ] GC(1463) Survivor regions: 1->1(36)
[251.760s][info][gc,heap        ] GC(1463) Old regions: 69->69
[251.760s][info][gc,heap        ] GC(1463) Humongous regions: 6->6
[251.760s][info][gc,metaspace   ] GC(1463) Metaspace: 73047K->73047K(1116160K)
[251.760s][info][gc             ] GC(1463) Pause Young (Normal) (G1 Evacuation Pause) 352M->72M(469M) 3.664ms
[251.760s][info][gc,cpu         ] GC(1463) User=0.01s Sys=0.00s Real=0.01s
[251.928s][info][gc,start       ] GC(1464) Pause Young (Normal) (G1 Evacuation Pause)
[251.928s][info][gc,task        ] GC(1464) Using 1 workers of 1 for evacuation
[251.932s][info][gc,phases      ] GC(1464)   Pre Evacuate Collection Set: 0.0ms
[251.932s][info][gc,phases      ] GC(1464)   Evacuate Collection Set: 2.6ms
[251.932s][info][gc,phases      ] GC(1464)   Post Evacuate Collection Set: 0.4ms
[251.932s][info][gc,phases      ] GC(1464)   Other: 0.3ms
[251.932s][info][gc,heap        ] GC(1464) Eden regions: 280->0(280)
[251.932s][info][gc,heap        ] GC(1464) Survivor regions: 1->1(36)
[251.932s][info][gc,heap        ] GC(1464) Old regions: 69->69
[251.932s][info][gc,heap        ] GC(1464) Humongous regions: 6->6
[251.932s][info][gc,metaspace   ] GC(1464) Metaspace: 73047K->73047K(1116160K)
[251.932s][info][gc             ] GC(1464) Pause Young (Normal) (G1 Evacuation Pause) 352M->72M(469M) 3.422ms
[251.932s][info][gc,cpu         ] GC(1464) User=0.01s Sys=0.00s Real=0.00s
[252.106s][info][gc,start       ] GC(1465) Pause Young (Normal) (G1 Evacuation Pause)
[252.106s][info][gc,task        ] GC(1465) Using 1 workers of 1 for evacuation
[252.109s][info][gc,phases      ] GC(1465)   Pre Evacuate Collection Set: 0.0ms
[252.110s][info][gc,phases      ] GC(1465)   Evacuate Collection Set: 2.8ms
[252.110s][info][gc,phases      ] GC(1465)   Post Evacuate Collection Set: 0.4ms
[252.110s][info][gc,phases      ] GC(1465)   Other: 0.6ms
[252.110s][info][gc,heap        ] GC(1465) Eden regions: 280->0(280)
[252.110s][info][gc,heap        ] GC(1465) Survivor regions: 1->1(36)
[252.110s][info][gc,heap        ] GC(1465) Old regions: 69->69
[252.110s][info][gc,heap        ] GC(1465) Humongous regions: 6->6
[252.110s][info][gc,metaspace   ] GC(1465) Metaspace: 73047K->73047K(1116160K)
[252.110s][info][gc             ] GC(1465) Pause Young (Normal) (G1 Evacuation Pause) 352M->72M(469M) 3.864ms
[252.110s][info][gc,cpu         ] GC(1465) User=0.01s Sys=0.00s Real=0.01s
[252.280s][info][gc,start       ] GC(1466) Pause Young (Normal) (G1 Evacuation Pause)
[252.280s][info][gc,task        ] GC(1466) Using 1 workers of 1 for evacuation
[252.284s][info][gc,phases      ] GC(1466)   Pre Evacuate Collection Set: 0.0ms
[252.284s][info][gc,phases      ] GC(1466)   Evacuate Collection Set: 3.0ms
[252.284s][info][gc,phases      ] GC(1466)   Post Evacuate Collection Set: 0.6ms
[252.284s][info][gc,phases      ] GC(1466)   Other: 0.3ms
[252.284s][info][gc,heap        ] GC(1466) Eden regions: 280->0(280)
[252.284s][info][gc,heap        ] GC(1466) Survivor regions: 1->1(36)
[252.284s][info][gc,heap        ] GC(1466) Old regions: 69->69
[252.284s][info][gc,heap        ] GC(1466) Humongous regions: 6->6
[252.284s][info][gc,metaspace   ] GC(1466) Metaspace: 73047K->73047K(1116160K)
[252.284s][info][gc             ] GC(1466) Pause Young (Normal) (G1 Evacuation Pause) 352M->72M(469M) 3.984ms
[252.284s][info][gc,cpu         ] GC(1466) User=0.01s Sys=0.00s Real=0.00s
[252.445s][info][gc,start       ] GC(1467) Pause Young (Normal) (G1 Evacuation Pause)
[252.445s][info][gc,task        ] GC(1467) Using 1 workers of 1 for evacuation
[252.448s][info][gc,phases      ] GC(1467)   Pre Evacuate Collection Set: 0.0ms
[252.448s][info][gc,phases      ] GC(1467)   Evacuate Collection Set: 2.8ms
[252.448s][info][gc,phases      ] GC(1467)   Post Evacuate Collection Set: 0.4ms
[252.448s][info][gc,phases      ] GC(1467)   Other: 0.4ms
[252.448s][info][gc,heap        ] GC(1467) Eden regions: 280->0(280)
[252.448s][info][gc,heap        ] GC(1467) Survivor regions: 1->1(36)
[252.448s][info][gc,heap        ] GC(1467) Old regions: 69->69
[252.448s][info][gc,heap        ] GC(1467) Humongous regions: 6->6
[252.448s][info][gc,metaspace   ] GC(1467) Metaspace: 73047K->73047K(1116160K)
[252.449s][info][gc             ] GC(1467) Pause Young (Normal) (G1 Evacuation Pause) 352M->72M(469M) 3.675ms
[252.449s][info][gc,cpu         ] GC(1467) User=0.00s Sys=0.00s Real=0.01s
[252.616s][info][gc,start       ] GC(1468) Pause Young (Normal) (G1 Evacuation Pause)
[252.616s][info][gc,task        ] GC(1468) Using 1 workers of 1 for evacuation
[252.620s][info][gc,phases      ] GC(1468)   Pre Evacuate Collection Set: 0.0ms
[252.620s][info][gc,phases      ] GC(1468)   Evacuate Collection Set: 3.0ms
[252.620s][info][gc,phases      ] GC(1468)   Post Evacuate Collection Set: 0.4ms
[252.620s][info][gc,phases      ] GC(1468)   Other: 0.3ms
[252.620s][info][gc,heap        ] GC(1468) Eden regions: 280->0(280)
[252.620s][info][gc,heap        ] GC(1468) Survivor regions: 1->1(36)
[252.620s][info][gc,heap        ] GC(1468) Old regions: 69->69
[252.620s][info][gc,heap        ] GC(1468) Humongous regions: 11->6
[252.620s][info][gc,metaspace   ] GC(1468) Metaspace: 73051K->73051K(1116160K)
[252.620s][info][gc             ] GC(1468) Pause Young (Normal) (G1 Evacuation Pause) 357M->72M(469M) 3.845ms
[252.620s][info][gc,cpu         ] GC(1468) User=0.00s Sys=0.00s Real=0.01s
[252.765s][info][gc,start       ] GC(1469) Pause Young (Normal) (G1 Evacuation Pause)
[252.766s][info][gc,task        ] GC(1469) Using 1 workers of 1 for evacuation
[252.770s][info][gc,phases      ] GC(1469)   Pre Evacuate Collection Set: 0.1ms
[252.770s][info][gc,phases      ] GC(1469)   Evacuate Collection Set: 3.8ms
[252.770s][info][gc,phases      ] GC(1469)   Post Evacuate Collection Set: 0.5ms
[252.770s][info][gc,phases      ] GC(1469)   Other: 0.5ms
[252.770s][info][gc,heap        ] GC(1469) Eden regions: 280->0(280)
[252.770s][info][gc,heap        ] GC(1469) Survivor regions: 1->1(36)
[252.770s][info][gc,heap        ] GC(1469) Old regions: 69->69
[252.770s][info][gc,heap        ] GC(1469) Humongous regions: 6->6
[252.770s][info][gc,metaspace   ] GC(1469) Metaspace: 73051K->73051K(1116160K)
[252.770s][info][gc             ] GC(1469) Pause Young (Normal) (G1 Evacuation Pause) 352M->72M(469M) 4.920ms
[252.770s][info][gc,cpu         ] GC(1469) User=0.00s Sys=0.00s Real=0.01s
[252.917s][info][gc,start       ] GC(1470) Pause Young (Normal) (G1 Evacuation Pause)
[252.917s][info][gc,task        ] GC(1470) Using 1 workers of 1 for evacuation
[252.921s][info][gc,phases      ] GC(1470)   Pre Evacuate Collection Set: 0.0ms
[252.921s][info][gc,phases      ] GC(1470)   Evacuate Collection Set: 3.3ms
[252.921s][info][gc,phases      ] GC(1470)   Post Evacuate Collection Set: 0.5ms
[252.921s][info][gc,phases      ] GC(1470)   Other: 0.3ms
[252.921s][info][gc,heap        ] GC(1470) Eden regions: 280->0(280)
[252.921s][info][gc,heap        ] GC(1470) Survivor regions: 1->1(36)
[252.921s][info][gc,heap        ] GC(1470) Old regions: 69->69
[252.921s][info][gc,heap        ] GC(1470) Humongous regions: 6->6
[252.921s][info][gc,metaspace   ] GC(1470) Metaspace: 73051K->73051K(1116160K)
[252.921s][info][gc             ] GC(1470) Pause Young (Normal) (G1 Evacuation Pause) 352M->72M(469M) 4.175ms
[252.921s][info][gc,cpu         ] GC(1470) User=0.00s Sys=0.00s Real=0.01s
[253.064s][info][gc,start       ] GC(1471) Pause Young (Normal) (G1 Evacuation Pause)
[253.064s][info][gc,task        ] GC(1471) Using 1 workers of 1 for evacuation
[253.068s][info][gc,phases      ] GC(1471)   Pre Evacuate Collection Set: 0.0ms
[253.068s][info][gc,phases      ] GC(1471)   Evacuate Collection Set: 3.3ms
[253.068s][info][gc,phases      ] GC(1471)   Post Evacuate Collection Set: 0.5ms
[253.068s][info][gc,phases      ] GC(1471)   Other: 0.5ms
[253.068s][info][gc,heap        ] GC(1471) Eden regions: 280->0(280)
[253.068s][info][gc,heap        ] GC(1471) Survivor regions: 1->1(36)
[253.068s][info][gc,heap        ] GC(1471) Old regions: 69->69
[253.068s][info][gc,heap        ] GC(1471) Humongous regions: 6->6
[253.068s][info][gc,metaspace   ] GC(1471) Metaspace: 73051K->73051K(1116160K)
[253.068s][info][gc             ] GC(1471) Pause Young (Normal) (G1 Evacuation Pause) 352M->72M(469M) 4.315ms
[253.068s][info][gc,cpu         ] GC(1471) User=0.01s Sys=0.00s Real=0.01s
[253.235s][info][gc,start       ] GC(1472) Pause Young (Normal) (G1 Evacuation Pause)
[253.235s][info][gc,task        ] GC(1472) Using 1 workers of 1 for evacuation
[253.239s][info][gc,phases      ] GC(1472)   Pre Evacuate Collection Set: 0.0ms
[253.239s][info][gc,phases      ] GC(1472)   Evacuate Collection Set: 2.9ms
[253.239s][info][gc,phases      ] GC(1472)   Post Evacuate Collection Set: 0.4ms
[253.239s][info][gc,phases      ] GC(1472)   Other: 0.3ms
[253.239s][info][gc,heap        ] GC(1472) Eden regions: 280->0(280)
[253.239s][info][gc,heap        ] GC(1472) Survivor regions: 1->1(36)
[253.239s][info][gc,heap        ] GC(1472) Old regions: 69->69
[253.239s][info][gc,heap        ] GC(1472) Humongous regions: 6->6
[253.239s][info][gc,metaspace   ] GC(1472) Metaspace: 73051K->73051K(1116160K)
[253.239s][info][gc             ] GC(1472) Pause Young (Normal) (G1 Evacuation Pause) 352M->72M(469M) 3.685ms
[253.239s][info][gc,cpu         ] GC(1472) User=0.01s Sys=0.00s Real=0.01s
[253.447s][info][gc,start       ] GC(1473) Pause Young (Normal) (G1 Evacuation Pause)
[253.447s][info][gc,task        ] GC(1473) Using 1 workers of 1 for evacuation
[253.451s][info][gc,phases      ] GC(1473)   Pre Evacuate Collection Set: 0.0ms
[253.451s][info][gc,phases      ] GC(1473)   Evacuate Collection Set: 2.7ms
[253.451s][info][gc,phases      ] GC(1473)   Post Evacuate Collection Set: 0.4ms
[253.451s][info][gc,phases      ] GC(1473)   Other: 0.4ms
[253.451s][info][gc,heap        ] GC(1473) Eden regions: 280->0(280)
[253.451s][info][gc,heap        ] GC(1473) Survivor regions: 1->1(36)
[253.451s][info][gc,heap        ] GC(1473) Old regions: 69->69
[253.451s][info][gc,heap        ] GC(1473) Humongous regions: 6->6
[253.451s][info][gc,metaspace   ] GC(1473) Metaspace: 73051K->73051K(1116160K)
[253.451s][info][gc             ] GC(1473) Pause Young (Normal) (G1 Evacuation Pause) 352M->73M(469M) 3.636ms
[253.451s][info][gc,cpu         ] GC(1473) User=0.00s Sys=0.00s Real=0.00s
[253.593s][info][gc,start       ] GC(1474) Pause Young (Normal) (G1 Evacuation Pause)
[253.593s][info][gc,task        ] GC(1474) Using 1 workers of 1 for evacuation
[253.597s][info][gc,phases      ] GC(1474)   Pre Evacuate Collection Set: 0.0ms
[253.597s][info][gc,phases      ] GC(1474)   Evacuate Collection Set: 3.0ms
[253.597s][info][gc,phases      ] GC(1474)   Post Evacuate Collection Set: 0.5ms
[253.597s][info][gc,phases      ] GC(1474)   Other: 0.3ms
[253.597s][info][gc,heap        ] GC(1474) Eden regions: 280->0(280)
[253.597s][info][gc,heap        ] GC(1474) Survivor regions: 1->1(36)
[253.597s][info][gc,heap        ] GC(1474) Old regions: 69->69
[253.597s][info][gc,heap        ] GC(1474) Humongous regions: 6->6
[253.597s][info][gc,metaspace   ] GC(1474) Metaspace: 73051K->73051K(1116160K)
[253.597s][info][gc             ] GC(1474) Pause Young (Normal) (G1 Evacuation Pause) 353M->73M(469M) 3.970ms
[253.597s][info][gc,cpu         ] GC(1474) User=0.00s Sys=0.00s Real=0.00s
[253.756s][info][gc,start       ] GC(1475) Pause Young (Normal) (G1 Evacuation Pause)
[253.756s][info][gc,task        ] GC(1475) Using 1 workers of 1 for evacuation
[253.764s][info][gc,phases      ] GC(1475)   Pre Evacuate Collection Set: 0.1ms
[253.764s][info][gc,phases      ] GC(1475)   Evacuate Collection Set: 6.7ms
[253.764s][info][gc,phases      ] GC(1475)   Post Evacuate Collection Set: 0.7ms
[253.764s][info][gc,phases      ] GC(1475)   Other: 0.8ms
[253.764s][info][gc,heap        ] GC(1475) Eden regions: 280->0(280)
[253.765s][info][gc,heap        ] GC(1475) Survivor regions: 1->1(36)
[253.765s][info][gc,heap        ] GC(1475) Old regions: 69->69
[253.765s][info][gc,heap        ] GC(1475) Humongous regions: 11->6
[253.765s][info][gc,metaspace   ] GC(1475) Metaspace: 73051K->73051K(1116160K)
[253.765s][info][gc             ] GC(1475) Pause Young (Normal) (G1 Evacuation Pause) 358M->72M(469M) 8.470ms
[253.765s][info][gc,cpu         ] GC(1475) User=0.01s Sys=0.00s Real=0.01s
[253.936s][info][gc,start       ] GC(1476) Pause Young (Normal) (G1 Evacuation Pause)
[253.936s][info][gc,task        ] GC(1476) Using 1 workers of 1 for evacuation
[253.939s][info][gc,phases      ] GC(1476)   Pre Evacuate Collection Set: 0.0ms
[253.939s][info][gc,phases      ] GC(1476)   Evacuate Collection Set: 2.6ms
[253.939s][info][gc,phases      ] GC(1476)   Post Evacuate Collection Set: 0.4ms
[253.939s][info][gc,phases      ] GC(1476)   Other: 0.4ms
[253.939s][info][gc,heap        ] GC(1476) Eden regions: 280->0(280)
[253.939s][info][gc,heap        ] GC(1476) Survivor regions: 1->1(36)
[253.939s][info][gc,heap        ] GC(1476) Old regions: 69->69
[253.939s][info][gc,heap        ] GC(1476) Humongous regions: 6->6
[253.939s][info][gc,metaspace   ] GC(1476) Metaspace: 73051K->73051K(1116160K)
[253.939s][info][gc             ] GC(1476) Pause Young (Normal) (G1 Evacuation Pause) 352M->72M(469M) 3.495ms
[253.939s][info][gc,cpu         ] GC(1476) User=0.01s Sys=0.00s Real=0.01s
[254.125s][info][gc,start       ] GC(1477) Pause Young (Normal) (G1 Evacuation Pause)
[254.126s][info][gc,task        ] GC(1477) Using 1 workers of 1 for evacuation
[254.133s][info][gc,phases      ] GC(1477)   Pre Evacuate Collection Set: 0.1ms
[254.133s][info][gc,phases      ] GC(1477)   Evacuate Collection Set: 6.3ms
[254.133s][info][gc,phases      ] GC(1477)   Post Evacuate Collection Set: 0.8ms
[254.133s][info][gc,phases      ] GC(1477)   Other: 0.7ms
[254.133s][info][gc,heap        ] GC(1477) Eden regions: 280->0(280)
[254.133s][info][gc,heap        ] GC(1477) Survivor regions: 1->1(36)
[254.133s][info][gc,heap        ] GC(1477) Old regions: 69->69
[254.133s][info][gc,heap        ] GC(1477) Humongous regions: 6->6
[254.133s][info][gc,metaspace   ] GC(1477) Metaspace: 73051K->73051K(1116160K)
[254.133s][info][gc             ] GC(1477) Pause Young (Normal) (G1 Evacuation Pause) 352M->72M(469M) 8.039ms
[254.134s][info][gc,cpu         ] GC(1477) User=0.01s Sys=0.00s Real=0.01s
[254.478s][info][gc,start       ] GC(1478) Pause Young (Normal) (G1 Evacuation Pause)
[254.479s][info][gc,task        ] GC(1478) Using 1 workers of 1 for evacuation
[254.487s][info][gc,phases      ] GC(1478)   Pre Evacuate Collection Set: 0.1ms
[254.487s][info][gc,phases      ] GC(1478)   Evacuate Collection Set: 6.3ms
[254.487s][info][gc,phases      ] GC(1478)   Post Evacuate Collection Set: 1.0ms
[254.487s][info][gc,phases      ] GC(1478)   Other: 1.3ms
[254.487s][info][gc,heap        ] GC(1478) Eden regions: 280->0(280)
[254.487s][info][gc,heap        ] GC(1478) Survivor regions: 1->1(36)
[254.487s][info][gc,heap        ] GC(1478) Old regions: 69->69
[254.487s][info][gc,heap        ] GC(1478) Humongous regions: 6->6
[254.487s][info][gc,metaspace   ] GC(1478) Metaspace: 73051K->73051K(1116160K)
[254.487s][info][gc             ] GC(1478) Pause Young (Normal) (G1 Evacuation Pause) 352M->72M(469M) 8.792ms
[254.487s][info][gc,cpu         ] GC(1478) User=0.01s Sys=0.00s Real=0.01s
[254.635s][info][gc,start       ] GC(1479) Pause Young (Normal) (G1 Evacuation Pause)
[254.635s][info][gc,task        ] GC(1479) Using 1 workers of 1 for evacuation
[254.638s][info][gc,phases      ] GC(1479)   Pre Evacuate Collection Set: 0.0ms
[254.638s][info][gc,phases      ] GC(1479)   Evacuate Collection Set: 2.5ms
[254.638s][info][gc,phases      ] GC(1479)   Post Evacuate Collection Set: 0.4ms
[254.638s][info][gc,phases      ] GC(1479)   Other: 0.4ms
[254.638s][info][gc,heap        ] GC(1479) Eden regions: 280->0(280)
[254.638s][info][gc,heap        ] GC(1479) Survivor regions: 1->1(36)
[254.638s][info][gc,heap        ] GC(1479) Old regions: 69->69
[254.638s][info][gc,heap        ] GC(1479) Humongous regions: 6->6
[254.638s][info][gc,metaspace   ] GC(1479) Metaspace: 73051K->73051K(1116160K)
[254.638s][info][gc             ] GC(1479) Pause Young (Normal) (G1 Evacuation Pause) 352M->72M(469M) 3.298ms
[254.638s][info][gc,cpu         ] GC(1479) User=0.00s Sys=0.00s Real=0.00s
[254.843s][info][gc,start       ] GC(1480) Pause Young (Normal) (G1 Evacuation Pause)
[254.843s][info][gc,task        ] GC(1480) Using 1 workers of 1 for evacuation
[254.847s][info][gc,phases      ] GC(1480)   Pre Evacuate Collection Set: 0.0ms
[254.847s][info][gc,phases      ] GC(1480)   Evacuate Collection Set: 2.8ms
[254.847s][info][gc,phases      ] GC(1480)   Post Evacuate Collection Set: 0.5ms
[254.847s][info][gc,phases      ] GC(1480)   Other: 0.4ms
[254.847s][info][gc,heap        ] GC(1480) Eden regions: 280->0(280)
[254.847s][info][gc,heap        ] GC(1480) Survivor regions: 1->1(36)
[254.847s][info][gc,heap        ] GC(1480) Old regions: 69->69
[254.847s][info][gc,heap        ] GC(1480) Humongous regions: 6->6
[254.847s][info][gc,metaspace   ] GC(1480) Metaspace: 73051K->73051K(1116160K)
[254.847s][info][gc             ] GC(1480) Pause Young (Normal) (G1 Evacuation Pause) 352M->72M(469M) 3.736ms
[254.847s][info][gc,cpu         ] GC(1480) User=0.01s Sys=0.00s Real=0.01s
[255.013s][info][gc,start       ] GC(1481) Pause Young (Normal) (G1 Evacuation Pause)
[255.013s][info][gc,task        ] GC(1481) Using 1 workers of 1 for evacuation
[255.016s][info][gc,phases      ] GC(1481)   Pre Evacuate Collection Set: 0.0ms
[255.016s][info][gc,phases      ] GC(1481)   Evacuate Collection Set: 2.8ms
[255.016s][info][gc,phases      ] GC(1481)   Post Evacuate Collection Set: 0.4ms
[255.016s][info][gc,phases      ] GC(1481)   Other: 0.3ms
[255.016s][info][gc,heap        ] GC(1481) Eden regions: 280->0(280)
[255.016s][info][gc,heap        ] GC(1481) Survivor regions: 1->1(36)
[255.016s][info][gc,heap        ] GC(1481) Old regions: 69->69
[255.016s][info][gc,heap        ] GC(1481) Humongous regions: 6->6
[255.016s][info][gc,metaspace   ] GC(1481) Metaspace: 73051K->73051K(1116160K)
[255.016s][info][gc             ] GC(1481) Pause Young (Normal) (G1 Evacuation Pause) 352M->72M(469M) 3.604ms
[255.016s][info][gc,cpu         ] GC(1481) User=0.01s Sys=0.00s Real=0.00s
[255.178s][info][gc,start       ] GC(1482) Pause Young (Normal) (G1 Evacuation Pause)
[255.178s][info][gc,task        ] GC(1482) Using 1 workers of 1 for evacuation
[255.182s][info][gc,phases      ] GC(1482)   Pre Evacuate Collection Set: 0.0ms
[255.182s][info][gc,phases      ] GC(1482)   Evacuate Collection Set: 3.0ms
[255.182s][info][gc,phases      ] GC(1482)   Post Evacuate Collection Set: 0.4ms
[255.182s][info][gc,phases      ] GC(1482)   Other: 0.4ms
[255.182s][info][gc,heap        ] GC(1482) Eden regions: 280->0(280)
[255.182s][info][gc,heap        ] GC(1482) Survivor regions: 1->1(36)
[255.182s][info][gc,heap        ] GC(1482) Old regions: 69->69
[255.182s][info][gc,heap        ] GC(1482) Humongous regions: 11->6
[255.182s][info][gc,metaspace   ] GC(1482) Metaspace: 73055K->73055K(1116160K)
[255.182s][info][gc             ] GC(1482) Pause Young (Normal) (G1 Evacuation Pause) 357M->73M(469M) 3.881ms
[255.182s][info][gc,cpu         ] GC(1482) User=0.00s Sys=0.00s Real=0.01s
[255.442s][info][gc,start       ] GC(1483) Pause Young (Normal) (G1 Evacuation Pause)
[255.442s][info][gc,task        ] GC(1483) Using 1 workers of 1 for evacuation
[255.447s][info][gc,phases      ] GC(1483)   Pre Evacuate Collection Set: 0.0ms
[255.447s][info][gc,phases      ] GC(1483)   Evacuate Collection Set: 3.7ms
[255.447s][info][gc,phases      ] GC(1483)   Post Evacuate Collection Set: 0.7ms
[255.447s][info][gc,phases      ] GC(1483)   Other: 0.6ms
[255.447s][info][gc,heap        ] GC(1483) Eden regions: 280->0(280)
[255.447s][info][gc,heap        ] GC(1483) Survivor regions: 1->1(36)
[255.447s][info][gc,heap        ] GC(1483) Old regions: 69->69
[255.447s][info][gc,heap        ] GC(1483) Humongous regions: 6->6
[255.447s][info][gc,metaspace   ] GC(1483) Metaspace: 73055K->73055K(1116160K)
[255.447s][info][gc             ] GC(1483) Pause Young (Normal) (G1 Evacuation Pause) 353M->72M(469M) 5.119ms
[255.447s][info][gc,cpu         ] GC(1483) User=0.01s Sys=0.00s Real=0.01s
[255.664s][info][gc,start       ] GC(1484) Pause Young (Normal) (G1 Evacuation Pause)
[255.664s][info][gc,task        ] GC(1484) Using 1 workers of 1 for evacuation
[255.668s][info][gc,phases      ] GC(1484)   Pre Evacuate Collection Set: 0.0ms
[255.668s][info][gc,phases      ] GC(1484)   Evacuate Collection Set: 3.2ms
[255.668s][info][gc,phases      ] GC(1484)   Post Evacuate Collection Set: 0.5ms
[255.668s][info][gc,phases      ] GC(1484)   Other: 0.5ms
[255.668s][info][gc,heap        ] GC(1484) Eden regions: 280->0(280)
[255.668s][info][gc,heap        ] GC(1484) Survivor regions: 1->1(36)
[255.668s][info][gc,heap        ] GC(1484) Old regions: 69->69
[255.668s][info][gc,heap        ] GC(1484) Humongous regions: 6->6
[255.668s][info][gc,metaspace   ] GC(1484) Metaspace: 73055K->73055K(1116160K)
[255.668s][info][gc             ] GC(1484) Pause Young (Normal) (G1 Evacuation Pause) 352M->72M(469M) 4.271ms
[255.668s][info][gc,cpu         ] GC(1484) User=0.01s Sys=0.00s Real=0.01s
[255.838s][info][gc,start       ] GC(1485) Pause Young (Normal) (G1 Evacuation Pause)
[255.838s][info][gc,task        ] GC(1485) Using 1 workers of 1 for evacuation
[255.844s][info][gc,phases      ] GC(1485)   Pre Evacuate Collection Set: 0.0ms
[255.844s][info][gc,phases      ] GC(1485)   Evacuate Collection Set: 5.7ms
[255.845s][info][gc,phases      ] GC(1485)   Post Evacuate Collection Set: 0.7ms
[255.845s][info][gc,phases      ] GC(1485)   Other: 0.5ms
[255.845s][info][gc,heap        ] GC(1485) Eden regions: 280->0(280)
[255.845s][info][gc,heap        ] GC(1485) Survivor regions: 1->1(36)
[255.845s][info][gc,heap        ] GC(1485) Old regions: 69->69
[255.845s][info][gc,heap        ] GC(1485) Humongous regions: 6->6
[255.845s][info][gc,metaspace   ] GC(1485) Metaspace: 73055K->73055K(1116160K)
[255.845s][info][gc             ] GC(1485) Pause Young (Normal) (G1 Evacuation Pause) 352M->73M(469M) 7.055ms
[255.845s][info][gc,cpu         ] GC(1485) User=0.00s Sys=0.00s Real=0.01s
[256.010s][info][gc,start       ] GC(1486) Pause Young (Normal) (G1 Evacuation Pause)
[256.010s][info][gc,task        ] GC(1486) Using 1 workers of 1 for evacuation
[256.013s][info][gc,phases      ] GC(1486)   Pre Evacuate Collection Set: 0.0ms
[256.014s][info][gc,phases      ] GC(1486)   Evacuate Collection Set: 2.8ms
[256.014s][info][gc,phases      ] GC(1486)   Post Evacuate Collection Set: 0.4ms
[256.014s][info][gc,phases      ] GC(1486)   Other: 0.4ms
[256.014s][info][gc,heap        ] GC(1486) Eden regions: 280->0(280)
[256.014s][info][gc,heap        ] GC(1486) Survivor regions: 1->1(36)
[256.014s][info][gc,heap        ] GC(1486) Old regions: 69->69
[256.014s][info][gc,heap        ] GC(1486) Humongous regions: 6->6
[256.014s][info][gc,metaspace   ] GC(1486) Metaspace: 73055K->73055K(1116160K)
[256.014s][info][gc             ] GC(1486) Pause Young (Normal) (G1 Evacuation Pause) 353M->73M(469M) 3.719ms
[256.014s][info][gc,cpu         ] GC(1486) User=0.00s Sys=0.00s Real=0.00s
[256.179s][info][gc,start       ] GC(1487) Pause Young (Normal) (G1 Evacuation Pause)
[256.179s][info][gc,task        ] GC(1487) Using 1 workers of 1 for evacuation
[256.182s][info][gc,phases      ] GC(1487)   Pre Evacuate Collection Set: 0.0ms
[256.182s][info][gc,phases      ] GC(1487)   Evacuate Collection Set: 2.7ms
[256.182s][info][gc,phases      ] GC(1487)   Post Evacuate Collection Set: 0.4ms
[256.182s][info][gc,phases      ] GC(1487)   Other: 0.4ms
[256.182s][info][gc,heap        ] GC(1487) Eden regions: 280->0(280)
[256.182s][info][gc,heap        ] GC(1487) Survivor regions: 1->1(36)
[256.182s][info][gc,heap        ] GC(1487) Old regions: 69->69
[256.182s][info][gc,heap        ] GC(1487) Humongous regions: 6->6
[256.182s][info][gc,metaspace   ] GC(1487) Metaspace: 73055K->73055K(1116160K)
[256.182s][info][gc             ] GC(1487) Pause Young (Normal) (G1 Evacuation Pause) 353M->73M(469M) 3.585ms
[256.183s][info][gc,cpu         ] GC(1487) User=0.00s Sys=0.00s Real=0.00s
[256.364s][info][gc,start       ] GC(1488) Pause Young (Normal) (G1 Evacuation Pause)
[256.364s][info][gc,task        ] GC(1488) Using 1 workers of 1 for evacuation
[256.368s][info][gc,phases      ] GC(1488)   Pre Evacuate Collection Set: 0.0ms
[256.368s][info][gc,phases      ] GC(1488)   Evacuate Collection Set: 2.8ms
[256.368s][info][gc,phases      ] GC(1488)   Post Evacuate Collection Set: 0.4ms
[256.368s][info][gc,phases      ] GC(1488)   Other: 0.3ms
[256.368s][info][gc,heap        ] GC(1488) Eden regions: 280->0(280)
[256.368s][info][gc,heap        ] GC(1488) Survivor regions: 1->1(36)
[256.368s][info][gc,heap        ] GC(1488) Old regions: 69->69
[256.368s][info][gc,heap        ] GC(1488) Humongous regions: 11->6
[256.368s][info][gc,metaspace   ] GC(1488) Metaspace: 73073K->73073K(1116160K)
[256.368s][info][gc             ] GC(1488) Pause Young (Normal) (G1 Evacuation Pause) 358M->72M(469M) 3.624ms
[256.368s][info][gc,cpu         ] GC(1488) User=0.00s Sys=0.00s Real=0.01s
[256.546s][info][gc,start       ] GC(1489) Pause Young (Normal) (G1 Evacuation Pause)
[256.546s][info][gc,task        ] GC(1489) Using 1 workers of 1 for evacuation
[256.550s][info][gc,phases      ] GC(1489)   Pre Evacuate Collection Set: 0.0ms
[256.550s][info][gc,phases      ] GC(1489)   Evacuate Collection Set: 3.4ms
[256.550s][info][gc,phases      ] GC(1489)   Post Evacuate Collection Set: 0.5ms
[256.550s][info][gc,phases      ] GC(1489)   Other: 0.5ms
[256.550s][info][gc,heap        ] GC(1489) Eden regions: 280->0(280)
[256.550s][info][gc,heap        ] GC(1489) Survivor regions: 1->1(36)
[256.550s][info][gc,heap        ] GC(1489) Old regions: 69->69
[256.550s][info][gc,heap        ] GC(1489) Humongous regions: 6->6
[256.550s][info][gc,metaspace   ] GC(1489) Metaspace: 73073K->73073K(1116160K)
[256.550s][info][gc             ] GC(1489) Pause Young (Normal) (G1 Evacuation Pause) 352M->72M(469M) 4.480ms
[256.550s][info][gc,cpu         ] GC(1489) User=0.01s Sys=0.00s Real=0.01s
[256.707s][info][gc,start       ] GC(1490) Pause Young (Normal) (G1 Evacuation Pause)
[256.708s][info][gc,task        ] GC(1490) Using 1 workers of 1 for evacuation
[256.717s][info][gc,phases      ] GC(1490)   Pre Evacuate Collection Set: 0.1ms
[256.717s][info][gc,phases      ] GC(1490)   Evacuate Collection Set: 8.5ms
[256.717s][info][gc,phases      ] GC(1490)   Post Evacuate Collection Set: 0.8ms
[256.717s][info][gc,phases      ] GC(1490)   Other: 0.6ms
[256.717s][info][gc,heap        ] GC(1490) Eden regions: 280->0(280)
[256.717s][info][gc,heap        ] GC(1490) Survivor regions: 1->1(36)
[256.717s][info][gc,heap        ] GC(1490) Old regions: 69->69
[256.717s][info][gc,heap        ] GC(1490) Humongous regions: 6->6
[256.717s][info][gc,metaspace   ] GC(1490) Metaspace: 73073K->73073K(1116160K)
[256.717s][info][gc             ] GC(1490) Pause Young (Normal) (G1 Evacuation Pause) 352M->72M(469M) 10.067ms
[256.717s][info][gc,cpu         ] GC(1490) User=0.01s Sys=0.00s Real=0.00s
[256.875s][info][gc,start       ] GC(1491) Pause Young (Normal) (G1 Evacuation Pause)
[256.875s][info][gc,task        ] GC(1491) Using 1 workers of 1 for evacuation
[256.879s][info][gc,phases      ] GC(1491)   Pre Evacuate Collection Set: 0.0ms
[256.879s][info][gc,phases      ] GC(1491)   Evacuate Collection Set: 3.3ms
[256.879s][info][gc,phases      ] GC(1491)   Post Evacuate Collection Set: 0.4ms
[256.879s][info][gc,phases      ] GC(1491)   Other: 0.4ms
[256.879s][info][gc,heap        ] GC(1491) Eden regions: 280->0(280)
[256.879s][info][gc,heap        ] GC(1491) Survivor regions: 1->1(36)
[256.879s][info][gc,heap        ] GC(1491) Old regions: 69->69
[256.879s][info][gc,heap        ] GC(1491) Humongous regions: 6->6
[256.879s][info][gc,metaspace   ] GC(1491) Metaspace: 73073K->73073K(1116160K)
[256.879s][info][gc             ] GC(1491) Pause Young (Normal) (G1 Evacuation Pause) 352M->72M(469M) 4.299ms
[256.879s][info][gc,cpu         ] GC(1491) User=0.00s Sys=0.00s Real=0.01s
[257.038s][info][gc,start       ] GC(1492) Pause Young (Normal) (G1 Evacuation Pause)
[257.038s][info][gc,task        ] GC(1492) Using 1 workers of 1 for evacuation
[257.041s][info][gc,phases      ] GC(1492)   Pre Evacuate Collection Set: 0.0ms
[257.041s][info][gc,phases      ] GC(1492)   Evacuate Collection Set: 2.9ms
[257.041s][info][gc,phases      ] GC(1492)   Post Evacuate Collection Set: 0.4ms
[257.041s][info][gc,phases      ] GC(1492)   Other: 0.4ms
[257.041s][info][gc,heap        ] GC(1492) Eden regions: 280->0(280)
[257.041s][info][gc,heap        ] GC(1492) Survivor regions: 1->1(36)
[257.041s][info][gc,heap        ] GC(1492) Old regions: 69->69
[257.041s][info][gc,heap        ] GC(1492) Humongous regions: 6->6
[257.041s][info][gc,metaspace   ] GC(1492) Metaspace: 73073K->73073K(1116160K)
[257.041s][info][gc             ] GC(1492) Pause Young (Normal) (G1 Evacuation Pause) 352M->72M(469M) 3.787ms
[257.041s][info][gc,cpu         ] GC(1492) User=0.00s Sys=0.00s Real=0.01s
[257.199s][info][gc,start       ] GC(1493) Pause Young (Normal) (G1 Evacuation Pause)
[257.199s][info][gc,task        ] GC(1493) Using 1 workers of 1 for evacuation
[257.203s][info][gc,phases      ] GC(1493)   Pre Evacuate Collection Set: 0.0ms
[257.203s][info][gc,phases      ] GC(1493)   Evacuate Collection Set: 2.9ms
[257.203s][info][gc,phases      ] GC(1493)   Post Evacuate Collection Set: 0.5ms
[257.203s][info][gc,phases      ] GC(1493)   Other: 0.3ms
[257.203s][info][gc,heap        ] GC(1493) Eden regions: 280->0(280)
[257.203s][info][gc,heap        ] GC(1493) Survivor regions: 1->1(36)
[257.203s][info][gc,heap        ] GC(1493) Old regions: 69->69
[257.203s][info][gc,heap        ] GC(1493) Humongous regions: 6->6
[257.203s][info][gc,metaspace   ] GC(1493) Metaspace: 73073K->73073K(1116160K)
[257.203s][info][gc             ] GC(1493) Pause Young (Normal) (G1 Evacuation Pause) 352M->72M(469M) 3.725ms
[257.203s][info][gc,cpu         ] GC(1493) User=0.00s Sys=0.00s Real=0.00s
[257.363s][info][gc,start       ] GC(1494) Pause Young (Normal) (G1 Evacuation Pause)
[257.363s][info][gc,task        ] GC(1494) Using 1 workers of 1 for evacuation
[257.366s][info][gc,phases      ] GC(1494)   Pre Evacuate Collection Set: 0.0ms
[257.366s][info][gc,phases      ] GC(1494)   Evacuate Collection Set: 3.0ms
[257.366s][info][gc,phases      ] GC(1494)   Post Evacuate Collection Set: 0.4ms
[257.366s][info][gc,phases      ] GC(1494)   Other: 0.4ms
[257.366s][info][gc,heap        ] GC(1494) Eden regions: 280->0(280)
[257.366s][info][gc,heap        ] GC(1494) Survivor regions: 1->1(36)
[257.366s][info][gc,heap        ] GC(1494) Old regions: 69->69
[257.366s][info][gc,heap        ] GC(1494) Humongous regions: 6->6
[257.366s][info][gc,metaspace   ] GC(1494) Metaspace: 73073K->73073K(1116160K)
[257.366s][info][gc             ] GC(1494) Pause Young (Normal) (G1 Evacuation Pause) 352M->73M(469M) 3.908ms
[257.367s][info][gc,cpu         ] GC(1494) User=0.01s Sys=0.00s Real=0.00s
[257.529s][info][gc,start       ] GC(1495) Pause Young (Normal) (G1 Evacuation Pause)
[257.529s][info][gc,task        ] GC(1495) Using 1 workers of 1 for evacuation
[257.533s][info][gc,phases      ] GC(1495)   Pre Evacuate Collection Set: 0.0ms
[257.533s][info][gc,phases      ] GC(1495)   Evacuate Collection Set: 3.1ms
[257.533s][info][gc,phases      ] GC(1495)   Post Evacuate Collection Set: 0.4ms
[257.533s][info][gc,phases      ] GC(1495)   Other: 0.3ms
[257.533s][info][gc,heap        ] GC(1495) Eden regions: 280->0(280)
[257.533s][info][gc,heap        ] GC(1495) Survivor regions: 1->1(36)
[257.533s][info][gc,heap        ] GC(1495) Old regions: 69->69
[257.533s][info][gc,heap        ] GC(1495) Humongous regions: 11->6
[257.533s][info][gc,metaspace   ] GC(1495) Metaspace: 73073K->73073K(1116160K)
[257.533s][info][gc             ] GC(1495) Pause Young (Normal) (G1 Evacuation Pause) 358M->73M(469M) 3.926ms
[257.533s][info][gc,cpu         ] GC(1495) User=0.00s Sys=0.00s Real=0.00s
[257.682s][info][gc,start       ] GC(1496) Pause Young (Normal) (G1 Evacuation Pause)
[257.682s][info][gc,task        ] GC(1496) Using 1 workers of 1 for evacuation
[257.686s][info][gc,phases      ] GC(1496)   Pre Evacuate Collection Set: 0.0ms
[257.686s][info][gc,phases      ] GC(1496)   Evacuate Collection Set: 3.0ms
[257.686s][info][gc,phases      ] GC(1496)   Post Evacuate Collection Set: 0.4ms
[257.686s][info][gc,phases      ] GC(1496)   Other: 0.4ms
[257.686s][info][gc,heap        ] GC(1496) Eden regions: 280->0(280)
[257.686s][info][gc,heap        ] GC(1496) Survivor regions: 1->1(36)
[257.686s][info][gc,heap        ] GC(1496) Old regions: 69->69
[257.686s][info][gc,heap        ] GC(1496) Humongous regions: 6->6
[257.686s][info][gc,metaspace   ] GC(1496) Metaspace: 73073K->73073K(1116160K)
[257.686s][info][gc             ] GC(1496) Pause Young (Normal) (G1 Evacuation Pause) 353M->73M(469M) 3.841ms
[257.686s][info][gc,cpu         ] GC(1496) User=0.01s Sys=0.00s Real=0.00s
[257.848s][info][gc,start       ] GC(1497) Pause Young (Normal) (G1 Evacuation Pause)
[257.848s][info][gc,task        ] GC(1497) Using 1 workers of 1 for evacuation
[257.854s][info][gc,phases      ] GC(1497)   Pre Evacuate Collection Set: 0.0ms
[257.854s][info][gc,phases      ] GC(1497)   Evacuate Collection Set: 4.4ms
[257.854s][info][gc,phases      ] GC(1497)   Post Evacuate Collection Set: 0.6ms
[257.854s][info][gc,phases      ] GC(1497)   Other: 0.5ms
[257.854s][info][gc,heap        ] GC(1497) Eden regions: 280->0(280)
[257.854s][info][gc,heap        ] GC(1497) Survivor regions: 1->1(36)
[257.854s][info][gc,heap        ] GC(1497) Old regions: 69->69
[257.854s][info][gc,heap        ] GC(1497) Humongous regions: 6->6
[257.854s][info][gc,metaspace   ] GC(1497) Metaspace: 73073K->73073K(1116160K)
[257.854s][info][gc             ] GC(1497) Pause Young (Normal) (G1 Evacuation Pause) 353M->73M(469M) 5.672ms
[257.854s][info][gc,cpu         ] GC(1497) User=0.00s Sys=0.00s Real=0.00s
[258.043s][info][gc,start       ] GC(1498) Pause Young (Normal) (G1 Evacuation Pause)
[258.043s][info][gc,task        ] GC(1498) Using 1 workers of 1 for evacuation
[258.048s][info][gc,phases      ] GC(1498)   Pre Evacuate Collection Set: 0.0ms
[258.048s][info][gc,phases      ] GC(1498)   Evacuate Collection Set: 3.6ms
[258.048s][info][gc,phases      ] GC(1498)   Post Evacuate Collection Set: 0.4ms
[258.048s][info][gc,phases      ] GC(1498)   Other: 0.4ms
[258.048s][info][gc,heap        ] GC(1498) Eden regions: 280->0(280)
[258.048s][info][gc,heap        ] GC(1498) Survivor regions: 1->1(36)
[258.048s][info][gc,heap        ] GC(1498) Old regions: 69->69
[258.048s][info][gc,heap        ] GC(1498) Humongous regions: 6->6
[258.048s][info][gc,metaspace   ] GC(1498) Metaspace: 73073K->73073K(1116160K)
[258.048s][info][gc             ] GC(1498) Pause Young (Normal) (G1 Evacuation Pause) 353M->73M(469M) 4.533ms
[258.048s][info][gc,cpu         ] GC(1498) User=0.01s Sys=0.00s Real=0.01s
[258.319s][info][gc,start       ] GC(1499) Pause Young (Normal) (G1 Evacuation Pause)
[258.320s][info][gc,task        ] GC(1499) Using 1 workers of 1 for evacuation
[258.328s][info][gc,phases      ] GC(1499)   Pre Evacuate Collection Set: 0.1ms
[258.328s][info][gc,phases      ] GC(1499)   Evacuate Collection Set: 7.1ms
[258.328s][info][gc,phases      ] GC(1499)   Post Evacuate Collection Set: 0.9ms
[258.328s][info][gc,phases      ] GC(1499)   Other: 0.8ms
[258.328s][info][gc,heap        ] GC(1499) Eden regions: 280->0(280)
[258.328s][info][gc,heap        ] GC(1499) Survivor regions: 1->1(36)
[258.328s][info][gc,heap        ] GC(1499) Old regions: 69->69
[258.328s][info][gc,heap        ] GC(1499) Humongous regions: 6->6
[258.328s][info][gc,metaspace   ] GC(1499) Metaspace: 73073K->73073K(1116160K)
[258.328s][info][gc             ] GC(1499) Pause Young (Normal) (G1 Evacuation Pause) 353M->73M(469M) 8.848ms
[258.328s][info][gc,cpu         ] GC(1499) User=0.01s Sys=0.00s Real=0.01s
[258.521s][info][gc,start       ] GC(1500) Pause Young (Normal) (G1 Evacuation Pause)
[258.521s][info][gc,task        ] GC(1500) Using 1 workers of 1 for evacuation
[258.529s][info][gc,phases      ] GC(1500)   Pre Evacuate Collection Set: 0.1ms
[258.529s][info][gc,phases      ] GC(1500)   Evacuate Collection Set: 6.8ms
[258.530s][info][gc,phases      ] GC(1500)   Post Evacuate Collection Set: 0.9ms
[258.530s][info][gc,phases      ] GC(1500)   Other: 0.8ms
[258.530s][info][gc,heap        ] GC(1500) Eden regions: 280->0(280)
[258.530s][info][gc,heap        ] GC(1500) Survivor regions: 1->1(36)
[258.530s][info][gc,heap        ] GC(1500) Old regions: 69->69
[258.530s][info][gc,heap        ] GC(1500) Humongous regions: 6->6
[258.530s][info][gc,metaspace   ] GC(1500) Metaspace: 73073K->73073K(1116160K)
[258.530s][info][gc             ] GC(1500) Pause Young (Normal) (G1 Evacuation Pause) 353M->73M(469M) 8.693ms
[258.530s][info][gc,cpu         ] GC(1500) User=0.01s Sys=0.00s Real=0.01s
[258.689s][info][gc,start       ] GC(1501) Pause Young (Normal) (G1 Evacuation Pause)
[258.689s][info][gc,task        ] GC(1501) Using 1 workers of 1 for evacuation
[258.693s][info][gc,phases      ] GC(1501)   Pre Evacuate Collection Set: 0.0ms
[258.693s][info][gc,phases      ] GC(1501)   Evacuate Collection Set: 3.2ms
[258.693s][info][gc,phases      ] GC(1501)   Post Evacuate Collection Set: 0.4ms
[258.693s][info][gc,phases      ] GC(1501)   Other: 0.4ms
[258.693s][info][gc,heap        ] GC(1501) Eden regions: 280->0(280)
[258.693s][info][gc,heap        ] GC(1501) Survivor regions: 1->1(36)
[258.693s][info][gc,heap        ] GC(1501) Old regions: 69->69
[258.693s][info][gc,heap        ] GC(1501) Humongous regions: 6->6
[258.693s][info][gc,metaspace   ] GC(1501) Metaspace: 73073K->73073K(1116160K)
[258.693s][info][gc             ] GC(1501) Pause Young (Normal) (G1 Evacuation Pause) 353M->73M(469M) 4.119ms
[258.693s][info][gc,cpu         ] GC(1501) User=0.00s Sys=0.00s Real=0.00s
[258.883s][info][gc,start       ] GC(1502) Pause Young (Normal) (G1 Evacuation Pause)
[258.884s][info][gc,task        ] GC(1502) Using 1 workers of 1 for evacuation
[258.887s][info][gc,phases      ] GC(1502)   Pre Evacuate Collection Set: 0.0ms
[258.887s][info][gc,phases      ] GC(1502)   Evacuate Collection Set: 2.8ms
[258.887s][info][gc,phases      ] GC(1502)   Post Evacuate Collection Set: 0.4ms
[258.887s][info][gc,phases      ] GC(1502)   Other: 0.4ms
[258.887s][info][gc,heap        ] GC(1502) Eden regions: 280->0(280)
[258.887s][info][gc,heap        ] GC(1502) Survivor regions: 1->1(36)
[258.887s][info][gc,heap        ] GC(1502) Old regions: 69->69
[258.887s][info][gc,heap        ] GC(1502) Humongous regions: 11->6
[258.887s][info][gc,metaspace   ] GC(1502) Metaspace: 73075K->73075K(1116160K)
[258.887s][info][gc             ] GC(1502) Pause Young (Normal) (G1 Evacuation Pause) 358M->72M(469M) 3.543ms
[258.887s][info][gc,cpu         ] GC(1502) User=0.00s Sys=0.00s Real=0.01s
[259.109s][info][gc,start       ] GC(1503) Pause Young (Normal) (G1 Evacuation Pause)
[259.110s][info][gc,task        ] GC(1503) Using 1 workers of 1 for evacuation
[259.119s][info][gc,phases      ] GC(1503)   Pre Evacuate Collection Set: 0.1ms
[259.119s][info][gc,phases      ] GC(1503)   Evacuate Collection Set: 7.4ms
[259.119s][info][gc,phases      ] GC(1503)   Post Evacuate Collection Set: 0.9ms
[259.119s][info][gc,phases      ] GC(1503)   Other: 0.9ms
[259.119s][info][gc,heap        ] GC(1503) Eden regions: 280->0(280)
[259.119s][info][gc,heap        ] GC(1503) Survivor regions: 1->1(36)
[259.119s][info][gc,heap        ] GC(1503) Old regions: 69->69
[259.119s][info][gc,heap        ] GC(1503) Humongous regions: 6->6
[259.119s][info][gc,metaspace   ] GC(1503) Metaspace: 73075K->73075K(1116160K)
[259.119s][info][gc             ] GC(1503) Pause Young (Normal) (G1 Evacuation Pause) 352M->72M(469M) 9.533ms
[259.119s][info][gc,cpu         ] GC(1503) User=0.01s Sys=0.00s Real=0.01s
[259.571s][info][gc,start       ] GC(1504) Pause Young (Normal) (G1 Evacuation Pause)
[259.572s][info][gc,task        ] GC(1504) Using 1 workers of 1 for evacuation
[259.580s][info][gc,phases      ] GC(1504)   Pre Evacuate Collection Set: 0.1ms
[259.580s][info][gc,phases      ] GC(1504)   Evacuate Collection Set: 6.5ms
[259.580s][info][gc,phases      ] GC(1504)   Post Evacuate Collection Set: 0.9ms
[259.580s][info][gc,phases      ] GC(1504)   Other: 1.5ms
[259.580s][info][gc,heap        ] GC(1504) Eden regions: 280->0(280)
[259.580s][info][gc,heap        ] GC(1504) Survivor regions: 1->1(36)
[259.580s][info][gc,heap        ] GC(1504) Old regions: 69->69
[259.580s][info][gc,heap        ] GC(1504) Humongous regions: 6->6
[259.580s][info][gc,metaspace   ] GC(1504) Metaspace: 73075K->73075K(1116160K)
[259.580s][info][gc             ] GC(1504) Pause Young (Normal) (G1 Evacuation Pause) 352M->72M(469M) 9.071ms
[259.580s][info][gc,cpu         ] GC(1504) User=0.00s Sys=0.00s Real=0.01s
[259.776s][info][gc,start       ] GC(1505) Pause Young (Normal) (G1 Evacuation Pause)
[259.776s][info][gc,task        ] GC(1505) Using 1 workers of 1 for evacuation
[259.780s][info][gc,phases      ] GC(1505)   Pre Evacuate Collection Set: 0.0ms
[259.780s][info][gc,phases      ] GC(1505)   Evacuate Collection Set: 2.8ms
[259.780s][info][gc,phases      ] GC(1505)   Post Evacuate Collection Set: 0.4ms
[259.780s][info][gc,phases      ] GC(1505)   Other: 0.4ms
[259.780s][info][gc,heap        ] GC(1505) Eden regions: 280->0(280)
[259.780s][info][gc,heap        ] GC(1505) Survivor regions: 1->1(36)
[259.780s][info][gc,heap        ] GC(1505) Old regions: 69->69
[259.780s][info][gc,heap        ] GC(1505) Humongous regions: 6->6
[259.780s][info][gc,metaspace   ] GC(1505) Metaspace: 73075K->73075K(1116160K)
[259.780s][info][gc             ] GC(1505) Pause Young (Normal) (G1 Evacuation Pause) 352M->72M(469M) 3.730ms
[259.780s][info][gc,cpu         ] GC(1505) User=0.00s Sys=0.00s Real=0.01s
[259.953s][info][gc,start       ] GC(1506) Pause Young (Normal) (G1 Evacuation Pause)
[259.953s][info][gc,task        ] GC(1506) Using 1 workers of 1 for evacuation
[259.959s][info][gc,phases      ] GC(1506)   Pre Evacuate Collection Set: 0.0ms
[259.959s][info][gc,phases      ] GC(1506)   Evacuate Collection Set: 4.4ms
[259.959s][info][gc,phases      ] GC(1506)   Post Evacuate Collection Set: 0.8ms
[259.959s][info][gc,phases      ] GC(1506)   Other: 0.5ms
[259.959s][info][gc,heap        ] GC(1506) Eden regions: 280->0(280)
[259.959s][info][gc,heap        ] GC(1506) Survivor regions: 1->1(36)
[259.959s][info][gc,heap        ] GC(1506) Old regions: 69->69
[259.959s][info][gc,heap        ] GC(1506) Humongous regions: 6->6
[259.959s][info][gc,metaspace   ] GC(1506) Metaspace: 73075K->73075K(1116160K)
[259.959s][info][gc             ] GC(1506) Pause Young (Normal) (G1 Evacuation Pause) 352M->72M(469M) 5.655ms
[259.959s][info][gc,cpu         ] GC(1506) User=0.00s Sys=0.00s Real=0.01s
[260.113s][info][gc,start       ] GC(1507) Pause Young (Normal) (G1 Evacuation Pause)
[260.113s][info][gc,task        ] GC(1507) Using 1 workers of 1 for evacuation
[260.116s][info][gc,phases      ] GC(1507)   Pre Evacuate Collection Set: 0.0ms
[260.116s][info][gc,phases      ] GC(1507)   Evacuate Collection Set: 2.8ms
[260.116s][info][gc,phases      ] GC(1507)   Post Evacuate Collection Set: 0.4ms
[260.116s][info][gc,phases      ] GC(1507)   Other: 0.5ms
[260.116s][info][gc,heap        ] GC(1507) Eden regions: 280->0(280)
[260.116s][info][gc,heap        ] GC(1507) Survivor regions: 1->1(36)
[260.116s][info][gc,heap        ] GC(1507) Old regions: 69->69
[260.116s][info][gc,heap        ] GC(1507) Humongous regions: 6->6
[260.116s][info][gc,metaspace   ] GC(1507) Metaspace: 73075K->73075K(1116160K)
[260.117s][info][gc             ] GC(1507) Pause Young (Normal) (G1 Evacuation Pause) 352M->72M(469M) 3.761ms
[260.117s][info][gc,cpu         ] GC(1507) User=0.01s Sys=0.00s Real=0.00s
[260.324s][info][gc,start       ] GC(1508) Pause Young (Normal) (G1 Evacuation Pause)
[260.325s][info][gc,task        ] GC(1508) Using 1 workers of 1 for evacuation
[260.328s][info][gc,phases      ] GC(1508)   Pre Evacuate Collection Set: 0.0ms
[260.328s][info][gc,phases      ] GC(1508)   Evacuate Collection Set: 3.0ms
[260.328s][info][gc,phases      ] GC(1508)   Post Evacuate Collection Set: 0.4ms
[260.328s][info][gc,phases      ] GC(1508)   Other: 0.4ms
[260.328s][info][gc,heap        ] GC(1508) Eden regions: 280->0(280)
[260.328s][info][gc,heap        ] GC(1508) Survivor regions: 1->1(36)
[260.328s][info][gc,heap        ] GC(1508) Old regions: 69->69
[260.328s][info][gc,heap        ] GC(1508) Humongous regions: 11->6
[260.328s][info][gc,metaspace   ] GC(1508) Metaspace: 73075K->73075K(1116160K)
[260.328s][info][gc             ] GC(1508) Pause Young (Normal) (G1 Evacuation Pause) 357M->73M(469M) 3.907ms
[260.328s][info][gc,cpu         ] GC(1508) User=0.00s Sys=0.00s Real=0.01s
[260.547s][info][gc,start       ] GC(1509) Pause Young (Normal) (G1 Evacuation Pause)
[260.547s][info][gc,task        ] GC(1509) Using 1 workers of 1 for evacuation
[260.550s][info][gc,phases      ] GC(1509)   Pre Evacuate Collection Set: 0.0ms
[260.550s][info][gc,phases      ] GC(1509)   Evacuate Collection Set: 2.8ms
[260.550s][info][gc,phases      ] GC(1509)   Post Evacuate Collection Set: 0.4ms
[260.550s][info][gc,phases      ] GC(1509)   Other: 0.4ms
[260.552s][info][gc,heap        ] GC(1509) Eden regions: 280->0(280)
[260.552s][info][gc,heap        ] GC(1509) Survivor regions: 1->1(36)
[260.552s][info][gc,heap        ] GC(1509) Old regions: 69->69
[260.552s][info][gc,heap        ] GC(1509) Humongous regions: 6->6
[260.552s][info][gc,metaspace   ] GC(1509) Metaspace: 73075K->73075K(1116160K)
[260.552s][info][gc             ] GC(1509) Pause Young (Normal) (G1 Evacuation Pause) 353M->73M(469M) 5.282ms
[260.552s][info][gc,cpu         ] GC(1509) User=0.00s Sys=0.01s Real=0.00s
[260.690s][info][gc,start       ] GC(1510) Pause Young (Normal) (G1 Evacuation Pause)
[260.691s][info][gc,task        ] GC(1510) Using 1 workers of 1 for evacuation
[260.694s][info][gc,phases      ] GC(1510)   Pre Evacuate Collection Set: 0.0ms
[260.694s][info][gc,phases      ] GC(1510)   Evacuate Collection Set: 2.8ms
[260.694s][info][gc,phases      ] GC(1510)   Post Evacuate Collection Set: 0.4ms
[260.694s][info][gc,phases      ] GC(1510)   Other: 0.3ms
[260.694s][info][gc,heap        ] GC(1510) Eden regions: 280->0(280)
[260.694s][info][gc,heap        ] GC(1510) Survivor regions: 1->1(36)
[260.694s][info][gc,heap        ] GC(1510) Old regions: 69->69
[260.694s][info][gc,heap        ] GC(1510) Humongous regions: 6->6
[260.694s][info][gc,metaspace   ] GC(1510) Metaspace: 73075K->73075K(1116160K)
[260.694s][info][gc             ] GC(1510) Pause Young (Normal) (G1 Evacuation Pause) 353M->73M(469M) 3.499ms
[260.694s][info][gc,cpu         ] GC(1510) User=0.00s Sys=0.00s Real=0.00s
[261.043s][info][gc,start       ] GC(1511) Pause Young (Normal) (G1 Evacuation Pause)
[261.043s][info][gc,task        ] GC(1511) Using 1 workers of 1 for evacuation
[261.047s][info][gc,phases      ] GC(1511)   Pre Evacuate Collection Set: 0.0ms
[261.047s][info][gc,phases      ] GC(1511)   Evacuate Collection Set: 2.9ms
[261.047s][info][gc,phases      ] GC(1511)   Post Evacuate Collection Set: 0.4ms
[261.047s][info][gc,phases      ] GC(1511)   Other: 0.4ms
[261.047s][info][gc,heap        ] GC(1511) Eden regions: 280->0(280)
[261.047s][info][gc,heap        ] GC(1511) Survivor regions: 1->1(36)
[261.047s][info][gc,heap        ] GC(1511) Old regions: 69->69
[261.047s][info][gc,heap        ] GC(1511) Humongous regions: 6->6
[261.047s][info][gc,metaspace   ] GC(1511) Metaspace: 73075K->73075K(1116160K)
[261.047s][info][gc             ] GC(1511) Pause Young (Normal) (G1 Evacuation Pause) 353M->73M(469M) 3.880ms
[261.047s][info][gc,cpu         ] GC(1511) User=0.01s Sys=0.00s Real=0.01s
[261.197s][info][gc,start       ] GC(1512) Pause Young (Normal) (G1 Evacuation Pause)
[261.197s][info][gc,task        ] GC(1512) Using 1 workers of 1 for evacuation
[261.205s][info][gc,phases      ] GC(1512)   Pre Evacuate Collection Set: 0.1ms
[261.205s][info][gc,phases      ] GC(1512)   Evacuate Collection Set: 7.4ms
[261.205s][info][gc,phases      ] GC(1512)   Post Evacuate Collection Set: 0.9ms
[261.205s][info][gc,phases      ] GC(1512)   Other: 0.5ms
[261.205s][info][gc,heap        ] GC(1512) Eden regions: 280->0(280)
[261.205s][info][gc,heap        ] GC(1512) Survivor regions: 1->1(36)
[261.205s][info][gc,heap        ] GC(1512) Old regions: 69->69
[261.205s][info][gc,heap        ] GC(1512) Humongous regions: 6->6
[261.205s][info][gc,metaspace   ] GC(1512) Metaspace: 73075K->73075K(1116160K)
[261.206s][info][gc             ] GC(1512) Pause Young (Normal) (G1 Evacuation Pause) 353M->73M(469M) 8.931ms
[261.206s][info][gc,cpu         ] GC(1512) User=0.00s Sys=0.00s Real=0.01s
[261.370s][info][gc,start       ] GC(1513) Pause Young (Normal) (G1 Evacuation Pause)
[261.370s][info][gc,task        ] GC(1513) Using 1 workers of 1 for evacuation
[261.374s][info][gc,phases      ] GC(1513)   Pre Evacuate Collection Set: 0.0ms
[261.374s][info][gc,phases      ] GC(1513)   Evacuate Collection Set: 2.7ms
[261.374s][info][gc,phases      ] GC(1513)   Post Evacuate Collection Set: 0.4ms
[261.374s][info][gc,phases      ] GC(1513)   Other: 0.4ms
[261.374s][info][gc,heap        ] GC(1513) Eden regions: 280->0(280)
[261.374s][info][gc,heap        ] GC(1513) Survivor regions: 1->1(36)
[261.374s][info][gc,heap        ] GC(1513) Old regions: 69->69
[261.374s][info][gc,heap        ] GC(1513) Humongous regions: 6->6
[261.374s][info][gc,metaspace   ] GC(1513) Metaspace: 73075K->73075K(1116160K)
[261.374s][info][gc             ] GC(1513) Pause Young (Normal) (G1 Evacuation Pause) 353M->73M(469M) 3.626ms
[261.374s][info][gc,cpu         ] GC(1513) User=0.00s Sys=0.00s Real=0.00s
[261.519s][info][gc,start       ] GC(1514) Pause Young (Normal) (G1 Evacuation Pause)
[261.519s][info][gc,task        ] GC(1514) Using 1 workers of 1 for evacuation
[261.522s][info][gc,phases      ] GC(1514)   Pre Evacuate Collection Set: 0.0ms
[261.522s][info][gc,phases      ] GC(1514)   Evacuate Collection Set: 2.8ms
[261.522s][info][gc,phases      ] GC(1514)   Post Evacuate Collection Set: 0.4ms
[261.522s][info][gc,phases      ] GC(1514)   Other: 0.4ms
[261.522s][info][gc,heap        ] GC(1514) Eden regions: 280->0(280)
[261.522s][info][gc,heap        ] GC(1514) Survivor regions: 1->1(36)
[261.522s][info][gc,heap        ] GC(1514) Old regions: 69->69
[261.522s][info][gc,heap        ] GC(1514) Humongous regions: 6->6
[261.522s][info][gc,metaspace   ] GC(1514) Metaspace: 73075K->73075K(1116160K)
[261.522s][info][gc             ] GC(1514) Pause Young (Normal) (G1 Evacuation Pause) 353M->73M(469M) 3.621ms
[261.522s][info][gc,cpu         ] GC(1514) User=0.00s Sys=0.00s Real=0.01s
[261.731s][info][gc,start       ] GC(1515) Pause Young (Normal) (G1 Evacuation Pause)
[261.732s][info][gc,task        ] GC(1515) Using 1 workers of 1 for evacuation
[261.736s][info][gc,phases      ] GC(1515)   Pre Evacuate Collection Set: 0.0ms
[261.736s][info][gc,phases      ] GC(1515)   Evacuate Collection Set: 3.4ms
[261.736s][info][gc,phases      ] GC(1515)   Post Evacuate Collection Set: 0.5ms
[261.736s][info][gc,phases      ] GC(1515)   Other: 0.5ms
[261.736s][info][gc,heap        ] GC(1515) Eden regions: 280->0(280)
[261.736s][info][gc,heap        ] GC(1515) Survivor regions: 1->1(36)
[261.736s][info][gc,heap        ] GC(1515) Old regions: 69->69
[261.736s][info][gc,heap        ] GC(1515) Humongous regions: 11->6
[261.736s][info][gc,metaspace   ] GC(1515) Metaspace: 73075K->73075K(1116160K)
[261.736s][info][gc             ] GC(1515) Pause Young (Normal) (G1 Evacuation Pause) 358M->73M(469M) 4.471ms
[261.736s][info][gc,cpu         ] GC(1515) User=0.00s Sys=0.00s Real=0.00s
[261.904s][info][gc,start       ] GC(1516) Pause Young (Normal) (G1 Evacuation Pause)
[261.904s][info][gc,task        ] GC(1516) Using 1 workers of 1 for evacuation
[261.908s][info][gc,phases      ] GC(1516)   Pre Evacuate Collection Set: 0.0ms
[261.908s][info][gc,phases      ] GC(1516)   Evacuate Collection Set: 3.2ms
[261.908s][info][gc,phases      ] GC(1516)   Post Evacuate Collection Set: 0.4ms
[261.908s][info][gc,phases      ] GC(1516)   Other: 0.3ms
[261.908s][info][gc,heap        ] GC(1516) Eden regions: 280->0(280)
[261.908s][info][gc,heap        ] GC(1516) Survivor regions: 1->1(36)
[261.908s][info][gc,heap        ] GC(1516) Old regions: 69->69
[261.908s][info][gc,heap        ] GC(1516) Humongous regions: 6->6
[261.908s][info][gc,metaspace   ] GC(1516) Metaspace: 73075K->73075K(1116160K)
[261.908s][info][gc             ] GC(1516) Pause Young (Normal) (G1 Evacuation Pause) 353M->73M(469M) 4.068ms
[261.908s][info][gc,cpu         ] GC(1516) User=0.01s Sys=0.00s Real=0.01s
[262.053s][info][gc,start       ] GC(1517) Pause Young (Normal) (G1 Evacuation Pause)
[262.054s][info][gc,task        ] GC(1517) Using 1 workers of 1 for evacuation
[262.058s][info][gc,phases      ] GC(1517)   Pre Evacuate Collection Set: 0.0ms
[262.058s][info][gc,phases      ] GC(1517)   Evacuate Collection Set: 3.3ms
[262.058s][info][gc,phases      ] GC(1517)   Post Evacuate Collection Set: 0.4ms
[262.058s][info][gc,phases      ] GC(1517)   Other: 0.4ms
[262.058s][info][gc,heap        ] GC(1517) Eden regions: 280->0(280)
[262.058s][info][gc,heap        ] GC(1517) Survivor regions: 1->1(36)
[262.058s][info][gc,heap        ] GC(1517) Old regions: 69->69
[262.058s][info][gc,heap        ] GC(1517) Humongous regions: 6->6
[262.058s][info][gc,metaspace   ] GC(1517) Metaspace: 73076K->73076K(1116160K)
[262.058s][info][gc             ] GC(1517) Pause Young (Normal) (G1 Evacuation Pause) 353M->73M(469M) 4.255ms
[262.058s][info][gc,cpu         ] GC(1517) User=0.01s Sys=0.00s Real=0.00s
[262.206s][info][gc,start       ] GC(1518) Pause Young (Normal) (G1 Evacuation Pause)
[262.206s][info][gc,task        ] GC(1518) Using 1 workers of 1 for evacuation
[262.210s][info][gc,phases      ] GC(1518)   Pre Evacuate Collection Set: 0.0ms
[262.210s][info][gc,phases      ] GC(1518)   Evacuate Collection Set: 3.3ms
[262.210s][info][gc,phases      ] GC(1518)   Post Evacuate Collection Set: 0.4ms
[262.210s][info][gc,phases      ] GC(1518)   Other: 0.3ms
[262.210s][info][gc,heap        ] GC(1518) Eden regions: 280->0(280)
[262.210s][info][gc,heap        ] GC(1518) Survivor regions: 1->1(36)
[262.210s][info][gc,heap        ] GC(1518) Old regions: 69->69
[262.210s][info][gc,heap        ] GC(1518) Humongous regions: 6->6
[262.210s][info][gc,metaspace   ] GC(1518) Metaspace: 73076K->73076K(1116160K)
[262.210s][info][gc             ] GC(1518) Pause Young (Normal) (G1 Evacuation Pause) 353M->73M(469M) 4.127ms
[262.210s][info][gc,cpu         ] GC(1518) User=0.01s Sys=0.00s Real=0.01s
[262.351s][info][gc,start       ] GC(1519) Pause Young (Normal) (G1 Evacuation Pause)
[262.351s][info][gc,task        ] GC(1519) Using 1 workers of 1 for evacuation
[262.354s][info][gc,phases      ] GC(1519)   Pre Evacuate Collection Set: 0.0ms
[262.354s][info][gc,phases      ] GC(1519)   Evacuate Collection Set: 3.1ms
[262.354s][info][gc,phases      ] GC(1519)   Post Evacuate Collection Set: 0.5ms
[262.354s][info][gc,phases      ] GC(1519)   Other: 0.3ms
[262.354s][info][gc,heap        ] GC(1519) Eden regions: 280->0(280)
[262.354s][info][gc,heap        ] GC(1519) Survivor regions: 1->1(36)
[262.354s][info][gc,heap        ] GC(1519) Old regions: 69->69
[262.354s][info][gc,heap        ] GC(1519) Humongous regions: 6->6
[262.354s][info][gc,metaspace   ] GC(1519) Metaspace: 73076K->73076K(1116160K)
[262.355s][info][gc             ] GC(1519) Pause Young (Normal) (G1 Evacuation Pause) 353M->73M(469M) 3.995ms
[262.355s][info][gc,cpu         ] GC(1519) User=0.00s Sys=0.00s Real=0.00s
[262.507s][info][gc,start       ] GC(1520) Pause Young (Normal) (G1 Evacuation Pause)
[262.507s][info][gc,task        ] GC(1520) Using 1 workers of 1 for evacuation
[262.511s][info][gc,phases      ] GC(1520)   Pre Evacuate Collection Set: 0.0ms
[262.511s][info][gc,phases      ] GC(1520)   Evacuate Collection Set: 3.7ms
[262.511s][info][gc,phases      ] GC(1520)   Post Evacuate Collection Set: 0.5ms
[262.511s][info][gc,phases      ] GC(1520)   Other: 0.5ms
[262.511s][info][gc,heap        ] GC(1520) Eden regions: 280->0(280)
[262.511s][info][gc,heap        ] GC(1520) Survivor regions: 1->1(36)
[262.511s][info][gc,heap        ] GC(1520) Old regions: 69->69
[262.511s][info][gc,heap        ] GC(1520) Humongous regions: 6->6
[262.511s][info][gc,metaspace   ] GC(1520) Metaspace: 73076K->73076K(1116160K)
[262.512s][info][gc             ] GC(1520) Pause Young (Normal) (G1 Evacuation Pause) 353M->73M(469M) 4.819ms
[262.512s][info][gc,cpu         ] GC(1520) User=0.00s Sys=0.00s Real=0.00s
[262.668s][info][gc,start       ] GC(1521) Pause Young (Normal) (G1 Evacuation Pause)
[262.668s][info][gc,task        ] GC(1521) Using 1 workers of 1 for evacuation
[262.672s][info][gc,phases      ] GC(1521)   Pre Evacuate Collection Set: 0.0ms
[262.672s][info][gc,phases      ] GC(1521)   Evacuate Collection Set: 3.2ms
[262.672s][info][gc,phases      ] GC(1521)   Post Evacuate Collection Set: 0.4ms
[262.672s][info][gc,phases      ] GC(1521)   Other: 0.3ms
[262.672s][info][gc,heap        ] GC(1521) Eden regions: 280->0(280)
[262.672s][info][gc,heap        ] GC(1521) Survivor regions: 1->1(36)
[262.672s][info][gc,heap        ] GC(1521) Old regions: 69->69
[262.672s][info][gc,heap        ] GC(1521) Humongous regions: 6->6
[262.672s][info][gc,metaspace   ] GC(1521) Metaspace: 73076K->73076K(1116160K)
[262.672s][info][gc             ] GC(1521) Pause Young (Normal) (G1 Evacuation Pause) 353M->73M(469M) 4.004ms
[262.672s][info][gc,cpu         ] GC(1521) User=0.00s Sys=0.00s Real=0.00s
[263.129s][info][gc,start       ] GC(1522) Pause Young (Normal) (G1 Evacuation Pause)
[263.130s][info][gc,task        ] GC(1522) Using 1 workers of 1 for evacuation
[263.142s][info][gc,phases      ] GC(1522)   Pre Evacuate Collection Set: 0.0ms
[263.142s][info][gc,phases      ] GC(1522)   Evacuate Collection Set: 11.2ms
[263.142s][info][gc,phases      ] GC(1522)   Post Evacuate Collection Set: 0.5ms
[263.142s][info][gc,phases      ] GC(1522)   Other: 0.4ms
[263.142s][info][gc,heap        ] GC(1522) Eden regions: 280->0(276)
[263.142s][info][gc,heap        ] GC(1522) Survivor regions: 1->5(36)
[263.142s][info][gc,heap        ] GC(1522) Old regions: 69->69
[263.142s][info][gc,heap        ] GC(1522) Humongous regions: 41->6
[263.142s][info][gc,metaspace   ] GC(1522) Metaspace: 73087K->73087K(1116160K)
[263.142s][info][gc             ] GC(1522) Pause Young (Normal) (G1 Evacuation Pause) 388M->76M(469M) 12.133ms
[263.142s][info][gc,cpu         ] GC(1522) User=0.01s Sys=0.00s Real=0.01s
[263.298s][info][gc,start       ] GC(1523) Pause Young (Normal) (G1 Evacuation Pause)
[263.298s][info][gc,task        ] GC(1523) Using 1 workers of 1 for evacuation
[263.307s][info][gc,phases      ] GC(1523)   Pre Evacuate Collection Set: 0.0ms
[263.307s][info][gc,phases      ] GC(1523)   Evacuate Collection Set: 8.4ms
[263.307s][info][gc,phases      ] GC(1523)   Post Evacuate Collection Set: 0.6ms
[263.307s][info][gc,phases      ] GC(1523)   Other: 0.3ms
[263.307s][info][gc,heap        ] GC(1523) Eden regions: 276->0(277)
[263.307s][info][gc,heap        ] GC(1523) Survivor regions: 5->4(36)
[263.307s][info][gc,heap        ] GC(1523) Old regions: 69->69
[263.307s][info][gc,heap        ] GC(1523) Humongous regions: 6->6
[263.307s][info][gc,metaspace   ] GC(1523) Metaspace: 73087K->73087K(1116160K)
[263.307s][info][gc             ] GC(1523) Pause Young (Normal) (G1 Evacuation Pause) 352M->76M(469M) 9.348ms
[263.307s][info][gc,cpu         ] GC(1523) User=0.01s Sys=0.00s Real=0.02s
[263.463s][info][gc,start       ] GC(1524) Pause Young (Normal) (G1 Evacuation Pause)
[263.464s][info][gc,task        ] GC(1524) Using 1 workers of 1 for evacuation
[263.473s][info][gc,phases      ] GC(1524)   Pre Evacuate Collection Set: 0.0ms
[263.473s][info][gc,phases      ] GC(1524)   Evacuate Collection Set: 8.1ms
[263.473s][info][gc,phases      ] GC(1524)   Post Evacuate Collection Set: 0.5ms
[263.473s][info][gc,phases      ] GC(1524)   Other: 0.4ms
[263.473s][info][gc,heap        ] GC(1524) Eden regions: 277->0(277)
[263.473s][info][gc,heap        ] GC(1524) Survivor regions: 4->4(36)
[263.473s][info][gc,heap        ] GC(1524) Old regions: 69->69
[263.473s][info][gc,heap        ] GC(1524) Humongous regions: 6->6
[263.473s][info][gc,metaspace   ] GC(1524) Metaspace: 73087K->73087K(1116160K)
[263.473s][info][gc             ] GC(1524) Pause Young (Normal) (G1 Evacuation Pause) 353M->76M(469M) 9.099ms
[263.473s][info][gc,cpu         ] GC(1524) User=0.01s Sys=0.00s Real=0.01s
[263.960s][info][gc,start       ] GC(1525) Pause Young (Normal) (G1 Evacuation Pause)
[263.961s][info][gc,task        ] GC(1525) Using 1 workers of 1 for evacuation
[263.969s][info][gc,phases      ] GC(1525)   Pre Evacuate Collection Set: 0.1ms
[263.969s][info][gc,phases      ] GC(1525)   Evacuate Collection Set: 7.3ms
[263.969s][info][gc,phases      ] GC(1525)   Post Evacuate Collection Set: 0.5ms
[263.969s][info][gc,phases      ] GC(1525)   Other: 0.4ms
[263.969s][info][gc,heap        ] GC(1525) Eden regions: 277->0(277)
[263.969s][info][gc,heap        ] GC(1525) Survivor regions: 4->4(36)
[263.969s][info][gc,heap        ] GC(1525) Old regions: 69->69
[263.969s][info][gc,heap        ] GC(1525) Humongous regions: 66->6
[263.969s][info][gc,metaspace   ] GC(1525) Metaspace: 73118K->73118K(1116160K)
[263.969s][info][gc             ] GC(1525) Pause Young (Normal) (G1 Evacuation Pause) 413M->76M(469M) 8.302ms
[263.969s][info][gc,cpu         ] GC(1525) User=0.01s Sys=0.00s Real=0.01s
[264.308s][info][gc,start       ] GC(1526) Pause Young (Normal) (G1 Evacuation Pause)
[264.308s][info][gc,task        ] GC(1526) Using 1 workers of 1 for evacuation
[264.315s][info][gc,phases      ] GC(1526)   Pre Evacuate Collection Set: 0.0ms
[264.315s][info][gc,phases      ] GC(1526)   Evacuate Collection Set: 6.5ms
[264.315s][info][gc,phases      ] GC(1526)   Post Evacuate Collection Set: 0.4ms
[264.315s][info][gc,phases      ] GC(1526)   Other: 0.5ms
[264.315s][info][gc,heap        ] GC(1526) Eden regions: 277->0(277)
[264.315s][info][gc,heap        ] GC(1526) Survivor regions: 4->4(36)
[264.315s][info][gc,heap        ] GC(1526) Old regions: 69->69
[264.315s][info][gc,heap        ] GC(1526) Humongous regions: 6->6
[264.315s][info][gc,metaspace   ] GC(1526) Metaspace: 73118K->73118K(1116160K)
[264.316s][info][gc             ] GC(1526) Pause Young (Normal) (G1 Evacuation Pause) 353M->76M(469M) 7.437ms
[264.316s][info][gc,cpu         ] GC(1526) User=0.01s Sys=0.00s Real=0.00s
[264.503s][info][gc,start       ] GC(1527) Pause Young (Normal) (G1 Evacuation Pause)
[264.503s][info][gc,task        ] GC(1527) Using 1 workers of 1 for evacuation
[264.516s][info][gc,phases      ] GC(1527)   Pre Evacuate Collection Set: 0.1ms
[264.517s][info][gc,phases      ] GC(1527)   Evacuate Collection Set: 12.1ms
[264.517s][info][gc,phases      ] GC(1527)   Post Evacuate Collection Set: 0.5ms
[264.517s][info][gc,phases      ] GC(1527)   Other: 0.5ms
[264.517s][info][gc,heap        ] GC(1527) Eden regions: 277->0(277)
[264.517s][info][gc,heap        ] GC(1527) Survivor regions: 4->4(36)
[264.517s][info][gc,heap        ] GC(1527) Old regions: 69->69
[264.517s][info][gc,heap        ] GC(1527) Humongous regions: 6->6
[264.517s][info][gc,metaspace   ] GC(1527) Metaspace: 73118K->73118K(1116160K)
[264.517s][info][gc             ] GC(1527) Pause Young (Normal) (G1 Evacuation Pause) 353M->76M(469M) 13.292ms
[264.517s][info][gc,cpu         ] GC(1527) User=0.01s Sys=0.00s Real=0.01s
[264.777s][info][gc,start       ] GC(1528) Pause Young (Normal) (G1 Evacuation Pause)
[264.778s][info][gc,task        ] GC(1528) Using 1 workers of 1 for evacuation
[264.798s][info][gc,phases      ] GC(1528)   Pre Evacuate Collection Set: 0.1ms
[264.798s][info][gc,phases      ] GC(1528)   Evacuate Collection Set: 18.3ms
[264.798s][info][gc,phases      ] GC(1528)   Post Evacuate Collection Set: 1.0ms
[264.798s][info][gc,phases      ] GC(1528)   Other: 1.8ms
[264.798s][info][gc,heap        ] GC(1528) Eden regions: 277->0(277)
[264.798s][info][gc,heap        ] GC(1528) Survivor regions: 4->4(36)
[264.798s][info][gc,heap        ] GC(1528) Old regions: 69->69
[264.798s][info][gc,heap        ] GC(1528) Humongous regions: 6->6
[264.798s][info][gc,metaspace   ] GC(1528) Metaspace: 73118K->73118K(1116160K)
[264.798s][info][gc             ] GC(1528) Pause Young (Normal) (G1 Evacuation Pause) 353M->76M(469M) 21.445ms
[264.798s][info][gc,cpu         ] GC(1528) User=0.02s Sys=0.01s Real=0.03s
[265.231s][info][gc,start       ] GC(1529) Pause Young (Normal) (G1 Evacuation Pause)
[265.231s][info][gc,task        ] GC(1529) Using 1 workers of 1 for evacuation
[265.250s][info][gc,phases      ] GC(1529)   Pre Evacuate Collection Set: 0.1ms
[265.250s][info][gc,phases      ] GC(1529)   Evacuate Collection Set: 17.1ms
[265.250s][info][gc,phases      ] GC(1529)   Post Evacuate Collection Set: 1.4ms
[265.250s][info][gc,phases      ] GC(1529)   Other: 0.9ms
[265.250s][info][gc,heap        ] GC(1529) Eden regions: 277->0(277)
[265.250s][info][gc,heap        ] GC(1529) Survivor regions: 4->4(36)
[265.250s][info][gc,heap        ] GC(1529) Old regions: 69->69
[265.250s][info][gc,heap        ] GC(1529) Humongous regions: 6->6
[265.250s][info][gc,metaspace   ] GC(1529) Metaspace: 73118K->73118K(1116160K)
[265.250s][info][gc             ] GC(1529) Pause Young (Normal) (G1 Evacuation Pause) 353M->76M(469M) 19.793ms
[265.250s][info][gc,cpu         ] GC(1529) User=0.02s Sys=0.00s Real=0.02s
[265.498s][info][gc,start       ] GC(1530) Pause Young (Normal) (G1 Evacuation Pause)
[265.498s][info][gc,task        ] GC(1530) Using 1 workers of 1 for evacuation
[265.505s][info][gc,phases      ] GC(1530)   Pre Evacuate Collection Set: 0.0ms
[265.505s][info][gc,phases      ] GC(1530)   Evacuate Collection Set: 6.3ms
[265.505s][info][gc,phases      ] GC(1530)   Post Evacuate Collection Set: 0.5ms
[265.505s][info][gc,phases      ] GC(1530)   Other: 0.4ms
[265.505s][info][gc,heap        ] GC(1530) Eden regions: 277->0(277)
[265.505s][info][gc,heap        ] GC(1530) Survivor regions: 4->4(36)
[265.505s][info][gc,heap        ] GC(1530) Old regions: 69->69
[265.505s][info][gc,heap        ] GC(1530) Humongous regions: 6->6
[265.505s][info][gc,metaspace   ] GC(1530) Metaspace: 73118K->73118K(1116160K)
[265.505s][info][gc             ] GC(1530) Pause Young (Normal) (G1 Evacuation Pause) 353M->76M(469M) 7.290ms
[265.505s][info][gc,cpu         ] GC(1530) User=0.01s Sys=0.00s Real=0.01s
[266.002s][info][gc,start       ] GC(1531) Pause Young (Normal) (G1 Evacuation Pause)
[266.003s][info][gc,task        ] GC(1531) Using 1 workers of 1 for evacuation
[266.010s][info][gc,phases      ] GC(1531)   Pre Evacuate Collection Set: 0.0ms
[266.010s][info][gc,phases      ] GC(1531)   Evacuate Collection Set: 6.5ms
[266.010s][info][gc,phases      ] GC(1531)   Post Evacuate Collection Set: 0.4ms
[266.010s][info][gc,phases      ] GC(1531)   Other: 0.5ms
[266.010s][info][gc,heap        ] GC(1531) Eden regions: 277->0(276)
[266.010s][info][gc,heap        ] GC(1531) Survivor regions: 4->5(36)
[266.010s][info][gc,heap        ] GC(1531) Old regions: 69->69
[266.010s][info][gc,heap        ] GC(1531) Humongous regions: 21->6
[266.010s][info][gc,metaspace   ] GC(1531) Metaspace: 73122K->73122K(1116160K)
[266.010s][info][gc             ] GC(1531) Pause Young (Normal) (G1 Evacuation Pause) 368M->77M(469M) 7.529ms
[266.010s][info][gc,cpu         ] GC(1531) User=0.01s Sys=0.00s Real=0.01s
[266.229s][info][gc,start       ] GC(1532) Pause Young (Normal) (G1 Evacuation Pause)
[266.229s][info][gc,task        ] GC(1532) Using 1 workers of 1 for evacuation
[266.245s][info][gc,phases      ] GC(1532)   Pre Evacuate Collection Set: 0.1ms
[266.245s][info][gc,phases      ] GC(1532)   Evacuate Collection Set: 14.9ms
[266.245s][info][gc,phases      ] GC(1532)   Post Evacuate Collection Set: 0.5ms
[266.245s][info][gc,phases      ] GC(1532)   Other: 0.8ms
[266.245s][info][gc,heap        ] GC(1532) Eden regions: 276->0(276)
[266.245s][info][gc,heap        ] GC(1532) Survivor regions: 5->5(36)
[266.245s][info][gc,heap        ] GC(1532) Old regions: 69->69
[266.245s][info][gc,heap        ] GC(1532) Humongous regions: 16->6
[266.245s][info][gc,metaspace   ] GC(1532) Metaspace: 73124K->73124K(1116160K)
[266.245s][info][gc             ] GC(1532) Pause Young (Normal) (G1 Evacuation Pause) 363M->77M(469M) 16.400ms
[266.245s][info][gc,cpu         ] GC(1532) User=0.02s Sys=0.00s Real=0.01s
[266.544s][info][gc,start       ] GC(1533) Pause Young (Normal) (G1 Evacuation Pause)
[266.544s][info][gc,task        ] GC(1533) Using 1 workers of 1 for evacuation
[266.556s][info][gc,phases      ] GC(1533)   Pre Evacuate Collection Set: 0.0ms
[266.556s][info][gc,phases      ] GC(1533)   Evacuate Collection Set: 10.9ms
[266.556s][info][gc,phases      ] GC(1533)   Post Evacuate Collection Set: 0.5ms
[266.556s][info][gc,phases      ] GC(1533)   Other: 0.6ms
[266.556s][info][gc,heap        ] GC(1533) Eden regions: 276->0(276)
[266.556s][info][gc,heap        ] GC(1533) Survivor regions: 5->5(36)
[266.556s][info][gc,heap        ] GC(1533) Old regions: 69->69
[266.556s][info][gc,heap        ] GC(1533) Humongous regions: 6->6
[266.556s][info][gc,metaspace   ] GC(1533) Metaspace: 73124K->73124K(1116160K)
[266.557s][info][gc             ] GC(1533) Pause Young (Normal) (G1 Evacuation Pause) 353M->77M(469M) 12.425ms
[266.557s][info][gc,cpu         ] GC(1533) User=0.01s Sys=0.00s Real=0.01s
[266.737s][info][gc,start       ] GC(1534) Pause Young (Normal) (G1 Evacuation Pause)
[266.737s][info][gc,task        ] GC(1534) Using 1 workers of 1 for evacuation
[266.745s][info][gc,phases      ] GC(1534)   Pre Evacuate Collection Set: 0.0ms
[266.745s][info][gc,phases      ] GC(1534)   Evacuate Collection Set: 7.3ms
[266.745s][info][gc,phases      ] GC(1534)   Post Evacuate Collection Set: 0.5ms
[266.745s][info][gc,phases      ] GC(1534)   Other: 0.3ms
[266.745s][info][gc,heap        ] GC(1534) Eden regions: 276->0(276)
[266.745s][info][gc,heap        ] GC(1534) Survivor regions: 5->5(36)
[266.745s][info][gc,heap        ] GC(1534) Old regions: 69->69
[266.745s][info][gc,heap        ] GC(1534) Humongous regions: 6->6
[266.745s][info][gc,metaspace   ] GC(1534) Metaspace: 73124K->73124K(1116160K)
[266.745s][info][gc             ] GC(1534) Pause Young (Normal) (G1 Evacuation Pause) 353M->77M(469M) 8.271ms
[266.745s][info][gc,cpu         ] GC(1534) User=0.01s Sys=0.00s Real=0.01s
[266.917s][info][gc,start       ] GC(1535) Pause Young (Normal) (G1 Evacuation Pause)
[266.917s][info][gc,task        ] GC(1535) Using 1 workers of 1 for evacuation
[266.926s][info][gc,phases      ] GC(1535)   Pre Evacuate Collection Set: 0.0ms
[266.926s][info][gc,phases      ] GC(1535)   Evacuate Collection Set: 7.9ms
[266.926s][info][gc,phases      ] GC(1535)   Post Evacuate Collection Set: 0.5ms
[266.926s][info][gc,phases      ] GC(1535)   Other: 0.4ms
[266.926s][info][gc,heap        ] GC(1535) Eden regions: 276->0(276)
[266.926s][info][gc,heap        ] GC(1535) Survivor regions: 5->5(36)
[266.926s][info][gc,heap        ] GC(1535) Old regions: 69->69
[266.926s][info][gc,heap        ] GC(1535) Humongous regions: 6->6
[266.926s][info][gc,metaspace   ] GC(1535) Metaspace: 73125K->73125K(1116160K)
[266.926s][info][gc             ] GC(1535) Pause Young (Normal) (G1 Evacuation Pause) 353M->77M(469M) 8.844ms
[266.926s][info][gc,cpu         ] GC(1535) User=0.01s Sys=0.00s Real=0.01s
[267.124s][info][gc,start       ] GC(1536) Pause Young (Normal) (G1 Evacuation Pause)
[267.124s][info][gc,task        ] GC(1536) Using 1 workers of 1 for evacuation
[267.134s][info][gc,phases      ] GC(1536)   Pre Evacuate Collection Set: 0.0ms
[267.135s][info][gc,phases      ] GC(1536)   Evacuate Collection Set: 9.4ms
[267.135s][info][gc,phases      ] GC(1536)   Post Evacuate Collection Set: 0.5ms
[267.135s][info][gc,phases      ] GC(1536)   Other: 0.6ms
[267.135s][info][gc,heap        ] GC(1536) Eden regions: 276->0(276)
[267.135s][info][gc,heap        ] GC(1536) Survivor regions: 5->5(36)
[267.135s][info][gc,heap        ] GC(1536) Old regions: 69->69
[267.135s][info][gc,heap        ] GC(1536) Humongous regions: 6->6
[267.135s][info][gc,metaspace   ] GC(1536) Metaspace: 73125K->73125K(1116160K)
[267.135s][info][gc             ] GC(1536) Pause Young (Normal) (G1 Evacuation Pause) 353M->77M(469M) 10.712ms
[267.135s][info][gc,cpu         ] GC(1536) User=0.01s Sys=0.00s Real=0.01s
[267.314s][info][gc,start       ] GC(1537) Pause Young (Normal) (G1 Evacuation Pause)
[267.314s][info][gc,task        ] GC(1537) Using 1 workers of 1 for evacuation
[267.328s][info][gc,phases      ] GC(1537)   Pre Evacuate Collection Set: 0.1ms
[267.328s][info][gc,phases      ] GC(1537)   Evacuate Collection Set: 12.1ms
[267.328s][info][gc,phases      ] GC(1537)   Post Evacuate Collection Set: 0.6ms
[267.328s][info][gc,phases      ] GC(1537)   Other: 0.6ms
[267.328s][info][gc,heap        ] GC(1537) Eden regions: 276->0(277)
[267.328s][info][gc,heap        ] GC(1537) Survivor regions: 5->4(36)
[267.328s][info][gc,heap        ] GC(1537) Old regions: 69->70
[267.328s][info][gc,heap        ] GC(1537) Humongous regions: 11->6
[267.328s][info][gc,metaspace   ] GC(1537) Metaspace: 73125K->73125K(1116160K)
[267.328s][info][gc             ] GC(1537) Pause Young (Normal) (G1 Evacuation Pause) 358M->77M(469M) 13.580ms
[267.328s][info][gc,cpu         ] GC(1537) User=0.01s Sys=0.00s Real=0.02s
[267.500s][info][gc,start       ] GC(1538) Pause Young (Normal) (G1 Evacuation Pause)
[267.500s][info][gc,task        ] GC(1538) Using 1 workers of 1 for evacuation
[267.506s][info][gc,phases      ] GC(1538)   Pre Evacuate Collection Set: 0.0ms
[267.506s][info][gc,phases      ] GC(1538)   Evacuate Collection Set: 5.2ms
[267.506s][info][gc,phases      ] GC(1538)   Post Evacuate Collection Set: 0.4ms
[267.506s][info][gc,phases      ] GC(1538)   Other: 0.3ms
[267.506s][info][gc,heap        ] GC(1538) Eden regions: 277->0(277)
[267.506s][info][gc,heap        ] GC(1538) Survivor regions: 4->4(36)
[267.506s][info][gc,heap        ] GC(1538) Old regions: 70->70
[267.506s][info][gc,heap        ] GC(1538) Humongous regions: 6->6
[267.506s][info][gc,metaspace   ] GC(1538) Metaspace: 73125K->73125K(1116160K)
[267.506s][info][gc             ] GC(1538) Pause Young (Normal) (G1 Evacuation Pause) 354M->77M(469M) 6.075ms
[267.506s][info][gc,cpu         ] GC(1538) User=0.01s Sys=0.00s Real=0.01s
[267.812s][info][gc,start       ] GC(1539) Pause Young (Normal) (G1 Evacuation Pause)
[267.812s][info][gc,task        ] GC(1539) Using 1 workers of 1 for evacuation
[267.827s][info][gc,phases      ] GC(1539)   Pre Evacuate Collection Set: 0.1ms
[267.827s][info][gc,phases      ] GC(1539)   Evacuate Collection Set: 12.9ms
[267.827s][info][gc,phases      ] GC(1539)   Post Evacuate Collection Set: 1.0ms
[267.827s][info][gc,phases      ] GC(1539)   Other: 0.8ms
[267.827s][info][gc,heap        ] GC(1539) Eden regions: 277->0(277)
[267.827s][info][gc,heap        ] GC(1539) Survivor regions: 4->4(36)
[267.827s][info][gc,heap        ] GC(1539) Old regions: 70->70
[267.827s][info][gc,heap        ] GC(1539) Humongous regions: 6->6
[267.827s][info][gc,metaspace   ] GC(1539) Metaspace: 73125K->73125K(1116160K)
[267.827s][info][gc             ] GC(1539) Pause Young (Normal) (G1 Evacuation Pause) 354M->77M(469M) 14.865ms
[267.827s][info][gc,cpu         ] GC(1539) User=0.01s Sys=0.00s Real=0.02s
[268.032s][info][gc,start       ] GC(1540) Pause Young (Normal) (G1 Evacuation Pause)
[268.032s][info][gc,task        ] GC(1540) Using 1 workers of 1 for evacuation
[268.039s][info][gc,phases      ] GC(1540)   Pre Evacuate Collection Set: 0.0ms
[268.039s][info][gc,phases      ] GC(1540)   Evacuate Collection Set: 5.5ms
[268.039s][info][gc,phases      ] GC(1540)   Post Evacuate Collection Set: 0.4ms
[268.039s][info][gc,phases      ] GC(1540)   Other: 0.4ms
[268.039s][info][gc,heap        ] GC(1540) Eden regions: 277->0(279)
[268.039s][info][gc,heap        ] GC(1540) Survivor regions: 4->2(36)
[268.039s][info][gc,heap        ] GC(1540) Old regions: 70->73
[268.039s][info][gc,heap        ] GC(1540) Humongous regions: 6->6
[268.039s][info][gc,metaspace   ] GC(1540) Metaspace: 73125K->73125K(1116160K)
[268.039s][info][gc             ] GC(1540) Pause Young (Normal) (G1 Evacuation Pause) 354M->77M(469M) 6.474ms
[268.039s][info][gc,cpu         ] GC(1540) User=0.01s Sys=0.00s Real=0.01s
[268.252s][info][gc,start       ] GC(1541) Pause Young (Normal) (G1 Evacuation Pause)
[268.252s][info][gc,task        ] GC(1541) Using 1 workers of 1 for evacuation
[268.263s][info][gc,phases      ] GC(1541)   Pre Evacuate Collection Set: 0.1ms
[268.263s][info][gc,phases      ] GC(1541)   Evacuate Collection Set: 9.5ms
[268.263s][info][gc,phases      ] GC(1541)   Post Evacuate Collection Set: 1.0ms
[268.263s][info][gc,phases      ] GC(1541)   Other: 0.6ms
[268.263s][info][gc,heap        ] GC(1541) Eden regions: 279->0(279)
[268.263s][info][gc,heap        ] GC(1541) Survivor regions: 2->2(36)
[268.263s][info][gc,heap        ] GC(1541) Old regions: 73->73
[268.263s][info][gc,heap        ] GC(1541) Humongous regions: 6->6
[268.263s][info][gc,metaspace   ] GC(1541) Metaspace: 73125K->73125K(1116160K)
[268.263s][info][gc             ] GC(1541) Pause Young (Normal) (G1 Evacuation Pause) 356M->77M(469M) 11.283ms
[268.263s][info][gc,cpu         ] GC(1541) User=0.01s Sys=0.00s Real=0.01s
[268.542s][info][gc,start       ] GC(1542) Pause Young (Normal) (G1 Evacuation Pause)
[268.542s][info][gc,task        ] GC(1542) Using 1 workers of 1 for evacuation
[268.548s][info][gc,phases      ] GC(1542)   Pre Evacuate Collection Set: 0.0ms
[268.548s][info][gc,phases      ] GC(1542)   Evacuate Collection Set: 5.4ms
[268.548s][info][gc,phases      ] GC(1542)   Post Evacuate Collection Set: 0.6ms
[268.548s][info][gc,phases      ] GC(1542)   Other: 0.5ms
[268.548s][info][gc,heap        ] GC(1542) Eden regions: 279->0(279)
[268.548s][info][gc,heap        ] GC(1542) Survivor regions: 2->2(36)
[268.548s][info][gc,heap        ] GC(1542) Old regions: 73->73
[268.548s][info][gc,heap        ] GC(1542) Humongous regions: 11->6
[268.548s][info][gc,metaspace   ] GC(1542) Metaspace: 73125K->73125K(1116160K)
[268.548s][info][gc             ] GC(1542) Pause Young (Normal) (G1 Evacuation Pause) 361M->77M(469M) 6.645ms
[268.548s][info][gc,cpu         ] GC(1542) User=0.00s Sys=0.00s Real=0.01s
[268.810s][info][gc,start       ] GC(1543) Pause Young (Normal) (G1 Evacuation Pause)
[268.811s][info][gc,task        ] GC(1543) Using 1 workers of 1 for evacuation
[268.819s][info][gc,phases      ] GC(1543)   Pre Evacuate Collection Set: 0.1ms
[268.819s][info][gc,phases      ] GC(1543)   Evacuate Collection Set: 7.0ms
[268.819s][info][gc,phases      ] GC(1543)   Post Evacuate Collection Set: 0.9ms
[268.819s][info][gc,phases      ] GC(1543)   Other: 0.7ms
[268.819s][info][gc,heap        ] GC(1543) Eden regions: 279->0(279)
[268.819s][info][gc,heap        ] GC(1543) Survivor regions: 2->2(36)
[268.819s][info][gc,heap        ] GC(1543) Old regions: 73->73
[268.819s][info][gc,heap        ] GC(1543) Humongous regions: 6->6
[268.819s][info][gc,metaspace   ] GC(1543) Metaspace: 73125K->73125K(1116160K)
[268.819s][info][gc             ] GC(1543) Pause Young (Normal) (G1 Evacuation Pause) 356M->77M(469M) 8.805ms
[268.819s][info][gc,cpu         ] GC(1543) User=0.01s Sys=0.01s Real=0.01s
[269.084s][info][gc,start       ] GC(1544) Pause Young (Normal) (G1 Evacuation Pause)
[269.084s][info][gc,task        ] GC(1544) Using 1 workers of 1 for evacuation
[269.092s][info][gc,phases      ] GC(1544)   Pre Evacuate Collection Set: 0.2ms
[269.092s][info][gc,phases      ] GC(1544)   Evacuate Collection Set: 6.5ms
[269.092s][info][gc,phases      ] GC(1544)   Post Evacuate Collection Set: 0.8ms
[269.092s][info][gc,phases      ] GC(1544)   Other: 0.5ms
[269.092s][info][gc,heap        ] GC(1544) Eden regions: 279->0(279)
[269.092s][info][gc,heap        ] GC(1544) Survivor regions: 2->2(36)
[269.092s][info][gc,heap        ] GC(1544) Old regions: 73->73
[269.092s][info][gc,heap        ] GC(1544) Humongous regions: 6->6
[269.092s][info][gc,metaspace   ] GC(1544) Metaspace: 73125K->73125K(1116160K)
[269.092s][info][gc             ] GC(1544) Pause Young (Normal) (G1 Evacuation Pause) 356M->77M(469M) 8.118ms
[269.092s][info][gc,cpu         ] GC(1544) User=0.01s Sys=0.00s Real=0.01s
[269.395s][info][gc,start       ] GC(1545) Pause Young (Normal) (G1 Evacuation Pause)
[269.395s][info][gc,task        ] GC(1545) Using 1 workers of 1 for evacuation
[269.404s][info][gc,phases      ] GC(1545)   Pre Evacuate Collection Set: 0.1ms
[269.405s][info][gc,phases      ] GC(1545)   Evacuate Collection Set: 7.8ms
[269.405s][info][gc,phases      ] GC(1545)   Post Evacuate Collection Set: 0.8ms
[269.405s][info][gc,phases      ] GC(1545)   Other: 0.7ms
[269.405s][info][gc,heap        ] GC(1545) Eden regions: 279->0(279)
[269.405s][info][gc,heap        ] GC(1545) Survivor regions: 2->2(36)
[269.405s][info][gc,heap        ] GC(1545) Old regions: 73->73
[269.405s][info][gc,heap        ] GC(1545) Humongous regions: 6->6
[269.405s][info][gc,metaspace   ] GC(1545) Metaspace: 73125K->73125K(1116160K)
[269.405s][info][gc             ] GC(1545) Pause Young (Normal) (G1 Evacuation Pause) 356M->77M(469M) 9.565ms
[269.405s][info][gc,cpu         ] GC(1545) User=0.01s Sys=0.00s Real=0.01s
[269.735s][info][gc,start       ] GC(1546) Pause Young (Normal) (G1 Evacuation Pause)
[269.736s][info][gc,task        ] GC(1546) Using 1 workers of 1 for evacuation
[269.743s][info][gc,phases      ] GC(1546)   Pre Evacuate Collection Set: 0.0ms
[269.743s][info][gc,phases      ] GC(1546)   Evacuate Collection Set: 5.8ms
[269.743s][info][gc,phases      ] GC(1546)   Post Evacuate Collection Set: 0.9ms
[269.743s][info][gc,phases      ] GC(1546)   Other: 0.7ms
[269.743s][info][gc,heap        ] GC(1546) Eden regions: 279->0(280)
[269.743s][info][gc,heap        ] GC(1546) Survivor regions: 2->1(36)
[269.743s][info][gc,heap        ] GC(1546) Old regions: 73->73
[269.743s][info][gc,heap        ] GC(1546) Humongous regions: 6->6
[269.743s][info][gc,metaspace   ] GC(1546) Metaspace: 73125K->73125K(1116160K)
[269.743s][info][gc             ] GC(1546) Pause Young (Normal) (G1 Evacuation Pause) 356M->77M(469M) 7.509ms
[269.743s][info][gc,cpu         ] GC(1546) User=0.00s Sys=0.00s Real=0.01s
[269.967s][info][gc,start       ] GC(1547) Pause Young (Normal) (G1 Evacuation Pause)
[269.967s][info][gc,task        ] GC(1547) Using 1 workers of 1 for evacuation
[269.973s][info][gc,phases      ] GC(1547)   Pre Evacuate Collection Set: 0.0ms
[269.973s][info][gc,phases      ] GC(1547)   Evacuate Collection Set: 4.9ms
[269.973s][info][gc,phases      ] GC(1547)   Post Evacuate Collection Set: 0.5ms
[269.973s][info][gc,phases      ] GC(1547)   Other: 0.9ms
[269.973s][info][gc,heap        ] GC(1547) Eden regions: 280->0(280)
[269.973s][info][gc,heap        ] GC(1547) Survivor regions: 1->1(36)
[269.973s][info][gc,heap        ] GC(1547) Old regions: 73->74
[269.973s][info][gc,heap        ] GC(1547) Humongous regions: 6->6
[269.973s][info][gc,metaspace   ] GC(1547) Metaspace: 73125K->73125K(1116160K)
[269.973s][info][gc             ] GC(1547) Pause Young (Normal) (G1 Evacuation Pause) 357M->77M(469M) 6.482ms
[269.973s][info][gc,cpu         ] GC(1547) User=0.00s Sys=0.00s Real=0.00s
[270.223s][info][gc,start       ] GC(1548) Pause Young (Normal) (G1 Evacuation Pause)
[270.223s][info][gc,task        ] GC(1548) Using 1 workers of 1 for evacuation
[270.228s][info][gc,phases      ] GC(1548)   Pre Evacuate Collection Set: 0.1ms
[270.228s][info][gc,phases      ] GC(1548)   Evacuate Collection Set: 3.9ms
[270.228s][info][gc,phases      ] GC(1548)   Post Evacuate Collection Set: 0.7ms
[270.228s][info][gc,phases      ] GC(1548)   Other: 0.5ms
[270.228s][info][gc,heap        ] GC(1548) Eden regions: 280->0(280)
[270.228s][info][gc,heap        ] GC(1548) Survivor regions: 1->1(36)
[270.228s][info][gc,heap        ] GC(1548) Old regions: 74->74
[270.228s][info][gc,heap        ] GC(1548) Humongous regions: 11->6
[270.228s][info][gc,metaspace   ] GC(1548) Metaspace: 73127K->73127K(1116160K)
[270.228s][info][gc             ] GC(1548) Pause Young (Normal) (G1 Evacuation Pause) 362M->77M(469M) 5.276ms
[270.228s][info][gc,cpu         ] GC(1548) User=0.01s Sys=0.00s Real=0.01s
[270.455s][info][gc,start       ] GC(1549) Pause Young (Normal) (G1 Evacuation Pause)
[270.455s][info][gc,task        ] GC(1549) Using 1 workers of 1 for evacuation
[270.459s][info][gc,phases      ] GC(1549)   Pre Evacuate Collection Set: 0.1ms
[270.459s][info][gc,phases      ] GC(1549)   Evacuate Collection Set: 3.6ms
[270.459s][info][gc,phases      ] GC(1549)   Post Evacuate Collection Set: 0.5ms
[270.459s][info][gc,phases      ] GC(1549)   Other: 0.5ms
[270.459s][info][gc,heap        ] GC(1549) Eden regions: 280->0(280)
[270.459s][info][gc,heap        ] GC(1549) Survivor regions: 1->1(36)
[270.459s][info][gc,heap        ] GC(1549) Old regions: 74->74
[270.459s][info][gc,heap        ] GC(1549) Humongous regions: 6->6
[270.459s][info][gc,metaspace   ] GC(1549) Metaspace: 73127K->73127K(1116160K)
[270.459s][info][gc             ] GC(1549) Pause Young (Normal) (G1 Evacuation Pause) 357M->77M(469M) 4.629ms
[270.459s][info][gc,cpu         ] GC(1549) User=0.00s Sys=0.00s Real=0.01s
[270.635s][info][gc,start       ] GC(1550) Pause Young (Normal) (G1 Evacuation Pause)
[270.635s][info][gc,task        ] GC(1550) Using 1 workers of 1 for evacuation
[270.639s][info][gc,phases      ] GC(1550)   Pre Evacuate Collection Set: 0.0ms
[270.639s][info][gc,phases      ] GC(1550)   Evacuate Collection Set: 3.7ms
[270.639s][info][gc,phases      ] GC(1550)   Post Evacuate Collection Set: 0.7ms
[270.639s][info][gc,phases      ] GC(1550)   Other: 0.4ms
[270.639s][info][gc,heap        ] GC(1550) Eden regions: 280->0(280)
[270.639s][info][gc,heap        ] GC(1550) Survivor regions: 1->1(36)
[270.639s][info][gc,heap        ] GC(1550) Old regions: 74->74
[270.639s][info][gc,heap        ] GC(1550) Humongous regions: 6->6
[270.639s][info][gc,metaspace   ] GC(1550) Metaspace: 73127K->73127K(1116160K)
[270.640s][info][gc             ] GC(1550) Pause Young (Normal) (G1 Evacuation Pause) 357M->77M(469M) 4.998ms
[270.640s][info][gc,cpu         ] GC(1550) User=0.00s Sys=0.00s Real=0.01s
[270.837s][info][gc,start       ] GC(1551) Pause Young (Normal) (G1 Evacuation Pause)
[270.837s][info][gc,task        ] GC(1551) Using 1 workers of 1 for evacuation
[270.842s][info][gc,phases      ] GC(1551)   Pre Evacuate Collection Set: 0.0ms
[270.842s][info][gc,phases      ] GC(1551)   Evacuate Collection Set: 4.5ms
[270.842s][info][gc,phases      ] GC(1551)   Post Evacuate Collection Set: 0.6ms
[270.842s][info][gc,phases      ] GC(1551)   Other: 0.4ms
[270.842s][info][gc,heap        ] GC(1551) Eden regions: 280->0(280)
[270.842s][info][gc,heap        ] GC(1551) Survivor regions: 1->1(36)
[270.842s][info][gc,heap        ] GC(1551) Old regions: 74->74
[270.842s][info][gc,heap        ] GC(1551) Humongous regions: 6->6
[270.842s][info][gc,metaspace   ] GC(1551) Metaspace: 73127K->73127K(1116160K)
[270.842s][info][gc             ] GC(1551) Pause Young (Normal) (G1 Evacuation Pause) 357M->77M(469M) 5.622ms
[270.842s][info][gc,cpu         ] GC(1551) User=0.01s Sys=0.00s Real=0.01s
[271.042s][info][gc,start       ] GC(1552) Pause Young (Normal) (G1 Evacuation Pause)
[271.042s][info][gc,task        ] GC(1552) Using 1 workers of 1 for evacuation
[271.046s][info][gc,phases      ] GC(1552)   Pre Evacuate Collection Set: 0.0ms
[271.046s][info][gc,phases      ] GC(1552)   Evacuate Collection Set: 3.4ms
[271.046s][info][gc,phases      ] GC(1552)   Post Evacuate Collection Set: 0.6ms
[271.046s][info][gc,phases      ] GC(1552)   Other: 0.5ms
[271.046s][info][gc,heap        ] GC(1552) Eden regions: 280->0(280)
[271.046s][info][gc,heap        ] GC(1552) Survivor regions: 1->1(36)
[271.046s][info][gc,heap        ] GC(1552) Old regions: 74->74
[271.046s][info][gc,heap        ] GC(1552) Humongous regions: 6->6
[271.046s][info][gc,metaspace   ] GC(1552) Metaspace: 73127K->73127K(1116160K)
[271.046s][info][gc             ] GC(1552) Pause Young (Normal) (G1 Evacuation Pause) 357M->77M(469M) 4.697ms
[271.046s][info][gc,cpu         ] GC(1552) User=0.01s Sys=0.00s Real=0.00s
[271.269s][info][gc,start       ] GC(1553) Pause Young (Normal) (G1 Evacuation Pause)
[271.269s][info][gc,task        ] GC(1553) Using 1 workers of 1 for evacuation
[271.273s][info][gc,phases      ] GC(1553)   Pre Evacuate Collection Set: 0.0ms
[271.273s][info][gc,phases      ] GC(1553)   Evacuate Collection Set: 2.9ms
[271.273s][info][gc,phases      ] GC(1553)   Post Evacuate Collection Set: 0.4ms
[271.273s][info][gc,phases      ] GC(1553)   Other: 0.4ms
[271.273s][info][gc,heap        ] GC(1553) Eden regions: 280->0(280)
[271.273s][info][gc,heap        ] GC(1553) Survivor regions: 1->1(36)
[271.273s][info][gc,heap        ] GC(1553) Old regions: 74->74
[271.273s][info][gc,heap        ] GC(1553) Humongous regions: 11->6
[271.273s][info][gc,metaspace   ] GC(1553) Metaspace: 73131K->73131K(1116160K)
[271.273s][info][gc             ] GC(1553) Pause Young (Normal) (G1 Evacuation Pause) 362M->77M(469M) 3.808ms
[271.273s][info][gc,cpu         ] GC(1553) User=0.00s Sys=0.00s Real=0.00s
[271.576s][info][gc,start       ] GC(1554) Pause Young (Normal) (G1 Evacuation Pause)
[271.576s][info][gc,task        ] GC(1554) Using 1 workers of 1 for evacuation
[271.580s][info][gc,phases      ] GC(1554)   Pre Evacuate Collection Set: 0.0ms
[271.580s][info][gc,phases      ] GC(1554)   Evacuate Collection Set: 3.0ms
[271.580s][info][gc,phases      ] GC(1554)   Post Evacuate Collection Set: 0.4ms
[271.580s][info][gc,phases      ] GC(1554)   Other: 0.4ms
[271.580s][info][gc,heap        ] GC(1554) Eden regions: 280->0(280)
[271.580s][info][gc,heap        ] GC(1554) Survivor regions: 1->1(36)
[271.580s][info][gc,heap        ] GC(1554) Old regions: 74->74
[271.580s][info][gc,heap        ] GC(1554) Humongous regions: 6->6
[271.580s][info][gc,metaspace   ] GC(1554) Metaspace: 73131K->73131K(1116160K)
[271.580s][info][gc             ] GC(1554) Pause Young (Normal) (G1 Evacuation Pause) 357M->77M(469M) 3.917ms
[271.580s][info][gc,cpu         ] GC(1554) User=0.01s Sys=0.00s Real=0.01s
[271.726s][info][gc,start       ] GC(1555) Pause Young (Normal) (G1 Evacuation Pause)
[271.726s][info][gc,task        ] GC(1555) Using 1 workers of 1 for evacuation
[271.730s][info][gc,phases      ] GC(1555)   Pre Evacuate Collection Set: 0.0ms
[271.730s][info][gc,phases      ] GC(1555)   Evacuate Collection Set: 3.1ms
[271.730s][info][gc,phases      ] GC(1555)   Post Evacuate Collection Set: 0.4ms
[271.730s][info][gc,phases      ] GC(1555)   Other: 0.3ms
[271.730s][info][gc,heap        ] GC(1555) Eden regions: 280->0(280)
[271.730s][info][gc,heap        ] GC(1555) Survivor regions: 1->1(36)
[271.730s][info][gc,heap        ] GC(1555) Old regions: 74->74
[271.730s][info][gc,heap        ] GC(1555) Humongous regions: 6->6
[271.730s][info][gc,metaspace   ] GC(1555) Metaspace: 73131K->73131K(1116160K)
[271.730s][info][gc             ] GC(1555) Pause Young (Normal) (G1 Evacuation Pause) 357M->77M(469M) 3.875ms
[271.730s][info][gc,cpu         ] GC(1555) User=0.01s Sys=0.00s Real=0.01s
[271.944s][info][gc,start       ] GC(1556) Pause Young (Normal) (G1 Evacuation Pause)
[271.944s][info][gc,task        ] GC(1556) Using 1 workers of 1 for evacuation
[271.953s][info][gc,phases      ] GC(1556)   Pre Evacuate Collection Set: 0.1ms
[271.953s][info][gc,phases      ] GC(1556)   Evacuate Collection Set: 7.5ms
[271.953s][info][gc,phases      ] GC(1556)   Post Evacuate Collection Set: 1.0ms
[271.953s][info][gc,phases      ] GC(1556)   Other: 0.7ms
[271.953s][info][gc,heap        ] GC(1556) Eden regions: 280->0(280)
[271.953s][info][gc,heap        ] GC(1556) Survivor regions: 1->1(36)
[271.953s][info][gc,heap        ] GC(1556) Old regions: 74->74
[271.953s][info][gc,heap        ] GC(1556) Humongous regions: 6->6
[271.953s][info][gc,metaspace   ] GC(1556) Metaspace: 73131K->73131K(1116160K)
[271.953s][info][gc             ] GC(1556) Pause Young (Normal) (G1 Evacuation Pause) 357M->77M(469M) 9.381ms
[271.953s][info][gc,cpu         ] GC(1556) User=0.01s Sys=0.00s Real=0.01s
[272.131s][info][gc,start       ] GC(1557) Pause Young (Normal) (G1 Evacuation Pause)
[272.131s][info][gc,task        ] GC(1557) Using 1 workers of 1 for evacuation
[272.136s][info][gc,phases      ] GC(1557)   Pre Evacuate Collection Set: 0.0ms
[272.136s][info][gc,phases      ] GC(1557)   Evacuate Collection Set: 3.9ms
[272.136s][info][gc,phases      ] GC(1557)   Post Evacuate Collection Set: 0.7ms
[272.136s][info][gc,phases      ] GC(1557)   Other: 0.4ms
[272.136s][info][gc,heap        ] GC(1557) Eden regions: 280->0(280)
[272.136s][info][gc,heap        ] GC(1557) Survivor regions: 1->1(36)
[272.136s][info][gc,heap        ] GC(1557) Old regions: 74->74
[272.136s][info][gc,heap        ] GC(1557) Humongous regions: 6->6
[272.136s][info][gc,metaspace   ] GC(1557) Metaspace: 73131K->73131K(1116160K)
[272.136s][info][gc             ] GC(1557) Pause Young (Normal) (G1 Evacuation Pause) 357M->77M(469M) 5.118ms
[272.137s][info][gc,cpu         ] GC(1557) User=0.01s Sys=0.00s Real=0.00s
[272.310s][info][gc,start       ] GC(1558) Pause Young (Normal) (G1 Evacuation Pause)
[272.310s][info][gc,task        ] GC(1558) Using 1 workers of 1 for evacuation
[272.314s][info][gc,phases      ] GC(1558)   Pre Evacuate Collection Set: 0.0ms
[272.314s][info][gc,phases      ] GC(1558)   Evacuate Collection Set: 3.0ms
[272.314s][info][gc,phases      ] GC(1558)   Post Evacuate Collection Set: 0.4ms
[272.314s][info][gc,phases      ] GC(1558)   Other: 0.4ms
[272.314s][info][gc,heap        ] GC(1558) Eden regions: 280->0(280)
[272.314s][info][gc,heap        ] GC(1558) Survivor regions: 1->1(36)
[272.314s][info][gc,heap        ] GC(1558) Old regions: 74->74
[272.314s][info][gc,heap        ] GC(1558) Humongous regions: 6->6
[272.314s][info][gc,metaspace   ] GC(1558) Metaspace: 73131K->73131K(1116160K)
[272.314s][info][gc             ] GC(1558) Pause Young (Normal) (G1 Evacuation Pause) 357M->77M(469M) 3.930ms
[272.314s][info][gc,cpu         ] GC(1558) User=0.01s Sys=0.00s Real=0.00s
[272.525s][info][gc,start       ] GC(1559) Pause Young (Normal) (G1 Evacuation Pause)
[272.525s][info][gc,task        ] GC(1559) Using 1 workers of 1 for evacuation
[272.529s][info][gc,phases      ] GC(1559)   Pre Evacuate Collection Set: 0.0ms
[272.530s][info][gc,phases      ] GC(1559)   Evacuate Collection Set: 3.3ms
[272.530s][info][gc,phases      ] GC(1559)   Post Evacuate Collection Set: 0.5ms
[272.530s][info][gc,phases      ] GC(1559)   Other: 0.5ms
[272.530s][info][gc,heap        ] GC(1559) Eden regions: 280->0(280)
[272.530s][info][gc,heap        ] GC(1559) Survivor regions: 1->1(36)
[272.530s][info][gc,heap        ] GC(1559) Old regions: 74->74
[272.530s][info][gc,heap        ] GC(1559) Humongous regions: 11->6
[272.530s][info][gc,metaspace   ] GC(1559) Metaspace: 73131K->73131K(1116160K)
[272.530s][info][gc             ] GC(1559) Pause Young (Normal) (G1 Evacuation Pause) 362M->77M(469M) 4.324ms
[272.530s][info][gc,cpu         ] GC(1559) User=0.00s Sys=0.00s Real=0.01s
[272.740s][info][gc,start       ] GC(1560) Pause Young (Normal) (G1 Evacuation Pause)
[272.740s][info][gc,task        ] GC(1560) Using 1 workers of 1 for evacuation
[272.745s][info][gc,phases      ] GC(1560)   Pre Evacuate Collection Set: 0.1ms
[272.746s][info][gc,phases      ] GC(1560)   Evacuate Collection Set: 4.3ms
[272.746s][info][gc,phases      ] GC(1560)   Post Evacuate Collection Set: 0.6ms
[272.746s][info][gc,phases      ] GC(1560)   Other: 0.7ms
[272.746s][info][gc,heap        ] GC(1560) Eden regions: 280->0(280)
[272.746s][info][gc,heap        ] GC(1560) Survivor regions: 1->1(36)
[272.746s][info][gc,heap        ] GC(1560) Old regions: 74->74
[272.746s][info][gc,heap        ] GC(1560) Humongous regions: 6->6
[272.746s][info][gc,metaspace   ] GC(1560) Metaspace: 73131K->73131K(1116160K)
[272.746s][info][gc             ] GC(1560) Pause Young (Normal) (G1 Evacuation Pause) 357M->77M(469M) 5.663ms
[272.746s][info][gc,cpu         ] GC(1560) User=0.01s Sys=0.00s Real=0.00s
[272.947s][info][gc,start       ] GC(1561) Pause Young (Normal) (G1 Evacuation Pause)
[272.947s][info][gc,task        ] GC(1561) Using 1 workers of 1 for evacuation
[272.953s][info][gc,phases      ] GC(1561)   Pre Evacuate Collection Set: 0.0ms
[272.953s][info][gc,phases      ] GC(1561)   Evacuate Collection Set: 4.3ms
[272.953s][info][gc,phases      ] GC(1561)   Post Evacuate Collection Set: 0.6ms
[272.953s][info][gc,phases      ] GC(1561)   Other: 0.5ms
[272.953s][info][gc,heap        ] GC(1561) Eden regions: 280->0(280)
[272.953s][info][gc,heap        ] GC(1561) Survivor regions: 1->1(36)
[272.953s][info][gc,heap        ] GC(1561) Old regions: 74->74
[272.953s][info][gc,heap        ] GC(1561) Humongous regions: 6->6
[272.953s][info][gc,metaspace   ] GC(1561) Metaspace: 73131K->73131K(1116160K)
[272.953s][info][gc             ] GC(1561) Pause Young (Normal) (G1 Evacuation Pause) 357M->77M(469M) 5.590ms
[272.953s][info][gc,cpu         ] GC(1561) User=0.01s Sys=0.00s Real=0.00s
[273.135s][info][gc,start       ] GC(1562) Pause Young (Normal) (G1 Evacuation Pause)
[273.135s][info][gc,task        ] GC(1562) Using 1 workers of 1 for evacuation
[273.139s][info][gc,phases      ] GC(1562)   Pre Evacuate Collection Set: 0.0ms
[273.139s][info][gc,phases      ] GC(1562)   Evacuate Collection Set: 3.1ms
[273.139s][info][gc,phases      ] GC(1562)   Post Evacuate Collection Set: 0.4ms
[273.139s][info][gc,phases      ] GC(1562)   Other: 0.4ms
[273.139s][info][gc,heap        ] GC(1562) Eden regions: 280->0(280)
[273.139s][info][gc,heap        ] GC(1562) Survivor regions: 1->1(36)
[273.139s][info][gc,heap        ] GC(1562) Old regions: 74->74
[273.139s][info][gc,heap        ] GC(1562) Humongous regions: 6->6
[273.139s][info][gc,metaspace   ] GC(1562) Metaspace: 73131K->73131K(1116160K)
[273.139s][info][gc             ] GC(1562) Pause Young (Normal) (G1 Evacuation Pause) 357M->77M(469M) 3.980ms
[273.139s][info][gc,cpu         ] GC(1562) User=0.00s Sys=0.00s Real=0.01s
[273.298s][info][gc,start       ] GC(1563) Pause Young (Normal) (G1 Evacuation Pause)
[273.298s][info][gc,task        ] GC(1563) Using 1 workers of 1 for evacuation
[273.302s][info][gc,phases      ] GC(1563)   Pre Evacuate Collection Set: 0.0ms
[273.302s][info][gc,phases      ] GC(1563)   Evacuate Collection Set: 3.2ms
[273.302s][info][gc,phases      ] GC(1563)   Post Evacuate Collection Set: 0.4ms
[273.302s][info][gc,phases      ] GC(1563)   Other: 0.4ms
[273.302s][info][gc,heap        ] GC(1563) Eden regions: 280->0(280)
[273.302s][info][gc,heap        ] GC(1563) Survivor regions: 1->1(36)
[273.302s][info][gc,heap        ] GC(1563) Old regions: 74->74
[273.302s][info][gc,heap        ] GC(1563) Humongous regions: 6->6
[273.302s][info][gc,metaspace   ] GC(1563) Metaspace: 73131K->73131K(1116160K)
[273.302s][info][gc             ] GC(1563) Pause Young (Normal) (G1 Evacuation Pause) 357M->77M(469M) 4.085ms
[273.302s][info][gc,cpu         ] GC(1563) User=0.01s Sys=0.00s Real=0.01s
[273.480s][info][gc,start       ] GC(1564) Pause Young (Normal) (G1 Evacuation Pause)
[273.480s][info][gc,task        ] GC(1564) Using 1 workers of 1 for evacuation
[273.484s][info][gc,phases      ] GC(1564)   Pre Evacuate Collection Set: 0.0ms
[273.484s][info][gc,phases      ] GC(1564)   Evacuate Collection Set: 3.4ms
[273.484s][info][gc,phases      ] GC(1564)   Post Evacuate Collection Set: 0.5ms
[273.484s][info][gc,phases      ] GC(1564)   Other: 0.4ms
[273.484s][info][gc,heap        ] GC(1564) Eden regions: 280->0(280)
[273.484s][info][gc,heap        ] GC(1564) Survivor regions: 1->1(36)
[273.484s][info][gc,heap        ] GC(1564) Old regions: 74->74
[273.484s][info][gc,heap        ] GC(1564) Humongous regions: 11->6
[273.484s][info][gc,metaspace   ] GC(1564) Metaspace: 73131K->73131K(1116160K)
[273.484s][info][gc             ] GC(1564) Pause Young (Normal) (G1 Evacuation Pause) 362M->77M(469M) 4.453ms
[273.484s][info][gc,cpu         ] GC(1564) User=0.00s Sys=0.00s Real=0.00s
[273.653s][info][gc,start       ] GC(1565) Pause Young (Normal) (G1 Evacuation Pause)
[273.654s][info][gc,task        ] GC(1565) Using 1 workers of 1 for evacuation
[273.657s][info][gc,phases      ] GC(1565)   Pre Evacuate Collection Set: 0.0ms
[273.657s][info][gc,phases      ] GC(1565)   Evacuate Collection Set: 2.9ms
[273.657s][info][gc,phases      ] GC(1565)   Post Evacuate Collection Set: 0.4ms
[273.657s][info][gc,phases      ] GC(1565)   Other: 0.4ms
[273.657s][info][gc,heap        ] GC(1565) Eden regions: 280->0(280)
[273.657s][info][gc,heap        ] GC(1565) Survivor regions: 1->1(36)
[273.657s][info][gc,heap        ] GC(1565) Old regions: 74->74
[273.657s][info][gc,heap        ] GC(1565) Humongous regions: 6->6
[273.657s][info][gc,metaspace   ] GC(1565) Metaspace: 73131K->73131K(1116160K)
[273.657s][info][gc             ] GC(1565) Pause Young (Normal) (G1 Evacuation Pause) 357M->77M(469M) 3.747ms
[273.657s][info][gc,cpu         ] GC(1565) User=0.00s Sys=0.00s Real=0.00s
[273.849s][info][gc,start       ] GC(1566) Pause Young (Normal) (G1 Evacuation Pause)
[273.849s][info][gc,task        ] GC(1566) Using 1 workers of 1 for evacuation
[273.857s][info][gc,phases      ] GC(1566)   Pre Evacuate Collection Set: 0.0ms
[273.857s][info][gc,phases      ] GC(1566)   Evacuate Collection Set: 6.5ms
[273.857s][info][gc,phases      ] GC(1566)   Post Evacuate Collection Set: 0.5ms
[273.857s][info][gc,phases      ] GC(1566)   Other: 0.5ms
[273.857s][info][gc,heap        ] GC(1566) Eden regions: 280->0(280)
[273.857s][info][gc,heap        ] GC(1566) Survivor regions: 1->1(36)
[273.857s][info][gc,heap        ] GC(1566) Old regions: 74->74
[273.857s][info][gc,heap        ] GC(1566) Humongous regions: 6->6
[273.857s][info][gc,metaspace   ] GC(1566) Metaspace: 73131K->73131K(1116160K)
[273.857s][info][gc             ] GC(1566) Pause Young (Normal) (G1 Evacuation Pause) 357M->78M(469M) 7.596ms
[273.857s][info][gc,cpu         ] GC(1566) User=0.01s Sys=0.00s Real=0.00s
[274.043s][info][gc,start       ] GC(1567) Pause Young (Normal) (G1 Evacuation Pause)
[274.043s][info][gc,task        ] GC(1567) Using 1 workers of 1 for evacuation
[274.047s][info][gc,phases      ] GC(1567)   Pre Evacuate Collection Set: 0.0ms
[274.047s][info][gc,phases      ] GC(1567)   Evacuate Collection Set: 3.1ms
[274.047s][info][gc,phases      ] GC(1567)   Post Evacuate Collection Set: 0.6ms
[274.047s][info][gc,phases      ] GC(1567)   Other: 0.3ms
[274.047s][info][gc,heap        ] GC(1567) Eden regions: 280->0(280)
[274.047s][info][gc,heap        ] GC(1567) Survivor regions: 1->1(36)
[274.047s][info][gc,heap        ] GC(1567) Old regions: 74->74
[274.047s][info][gc,heap        ] GC(1567) Humongous regions: 6->6
[274.047s][info][gc,metaspace   ] GC(1567) Metaspace: 73131K->73131K(1116160K)
[274.047s][info][gc             ] GC(1567) Pause Young (Normal) (G1 Evacuation Pause) 358M->78M(469M) 4.084ms
[274.047s][info][gc,cpu         ] GC(1567) User=0.00s Sys=0.00s Real=0.01s
[274.231s][info][gc,start       ] GC(1568) Pause Young (Normal) (G1 Evacuation Pause)
[274.231s][info][gc,task        ] GC(1568) Using 1 workers of 1 for evacuation
[274.236s][info][gc,phases      ] GC(1568)   Pre Evacuate Collection Set: 0.0ms
[274.236s][info][gc,phases      ] GC(1568)   Evacuate Collection Set: 3.6ms
[274.236s][info][gc,phases      ] GC(1568)   Post Evacuate Collection Set: 0.4ms
[274.236s][info][gc,phases      ] GC(1568)   Other: 0.4ms
[274.236s][info][gc,heap        ] GC(1568) Eden regions: 280->0(280)
[274.236s][info][gc,heap        ] GC(1568) Survivor regions: 1->1(36)
[274.236s][info][gc,heap        ] GC(1568) Old regions: 74->74
[274.236s][info][gc,heap        ] GC(1568) Humongous regions: 6->6
[274.236s][info][gc,metaspace   ] GC(1568) Metaspace: 73131K->73131K(1116160K)
[274.236s][info][gc             ] GC(1568) Pause Young (Normal) (G1 Evacuation Pause) 358M->77M(469M) 4.528ms
[274.236s][info][gc,cpu         ] GC(1568) User=0.00s Sys=0.00s Real=0.00s
[274.399s][info][gc,start       ] GC(1569) Pause Young (Normal) (G1 Evacuation Pause)
[274.399s][info][gc,task        ] GC(1569) Using 1 workers of 1 for evacuation
[274.403s][info][gc,phases      ] GC(1569)   Pre Evacuate Collection Set: 0.0ms
[274.403s][info][gc,phases      ] GC(1569)   Evacuate Collection Set: 3.3ms
[274.403s][info][gc,phases      ] GC(1569)   Post Evacuate Collection Set: 0.5ms
[274.403s][info][gc,phases      ] GC(1569)   Other: 0.3ms
[274.403s][info][gc,heap        ] GC(1569) Eden regions: 280->0(280)
[274.403s][info][gc,heap        ] GC(1569) Survivor regions: 1->1(36)
[274.403s][info][gc,heap        ] GC(1569) Old regions: 74->74
[274.403s][info][gc,heap        ] GC(1569) Humongous regions: 11->6
[274.403s][info][gc,metaspace   ] GC(1569) Metaspace: 73131K->73131K(1116160K)
[274.403s][info][gc             ] GC(1569) Pause Young (Normal) (G1 Evacuation Pause) 362M->77M(469M) 4.217ms
[274.403s][info][gc,cpu         ] GC(1569) User=0.00s Sys=0.00s Real=0.00s
[274.569s][info][gc,start       ] GC(1570) Pause Young (Normal) (G1 Evacuation Pause)
[274.569s][info][gc,task        ] GC(1570) Using 1 workers of 1 for evacuation
[274.572s][info][gc,phases      ] GC(1570)   Pre Evacuate Collection Set: 0.0ms
[274.572s][info][gc,phases      ] GC(1570)   Evacuate Collection Set: 2.8ms
[274.573s][info][gc,phases      ] GC(1570)   Post Evacuate Collection Set: 0.4ms
[274.573s][info][gc,phases      ] GC(1570)   Other: 0.5ms
[274.573s][info][gc,heap        ] GC(1570) Eden regions: 280->0(280)
[274.573s][info][gc,heap        ] GC(1570) Survivor regions: 1->1(36)
[274.573s][info][gc,heap        ] GC(1570) Old regions: 74->74
[274.573s][info][gc,heap        ] GC(1570) Humongous regions: 6->6
[274.573s][info][gc,metaspace   ] GC(1570) Metaspace: 73131K->73131K(1116160K)
[274.573s][info][gc             ] GC(1570) Pause Young (Normal) (G1 Evacuation Pause) 357M->77M(469M) 3.730ms
[274.573s][info][gc,cpu         ] GC(1570) User=0.00s Sys=0.00s Real=0.00s
[274.731s][info][gc,start       ] GC(1571) Pause Young (Normal) (G1 Evacuation Pause)
[274.731s][info][gc,task        ] GC(1571) Using 1 workers of 1 for evacuation
[274.735s][info][gc,phases      ] GC(1571)   Pre Evacuate Collection Set: 0.0ms
[274.735s][info][gc,phases      ] GC(1571)   Evacuate Collection Set: 3.0ms
[274.735s][info][gc,phases      ] GC(1571)   Post Evacuate Collection Set: 0.5ms
[274.735s][info][gc,phases      ] GC(1571)   Other: 0.3ms
[274.735s][info][gc,heap        ] GC(1571) Eden regions: 280->0(280)
[274.735s][info][gc,heap        ] GC(1571) Survivor regions: 1->1(36)
[274.735s][info][gc,heap        ] GC(1571) Old regions: 74->74
[274.735s][info][gc,heap        ] GC(1571) Humongous regions: 6->6
[274.735s][info][gc,metaspace   ] GC(1571) Metaspace: 73131K->73131K(1116160K)
[274.735s][info][gc             ] GC(1571) Pause Young (Normal) (G1 Evacuation Pause) 357M->77M(469M) 3.878ms
[274.735s][info][gc,cpu         ] GC(1571) User=0.00s Sys=0.00s Real=0.00s
[274.899s][info][gc,start       ] GC(1572) Pause Young (Normal) (G1 Evacuation Pause)
[274.899s][info][gc,task        ] GC(1572) Using 1 workers of 1 for evacuation
[274.904s][info][gc,phases      ] GC(1572)   Pre Evacuate Collection Set: 0.0ms
[274.904s][info][gc,phases      ] GC(1572)   Evacuate Collection Set: 4.6ms
[274.904s][info][gc,phases      ] GC(1572)   Post Evacuate Collection Set: 0.6ms
[274.904s][info][gc,phases      ] GC(1572)   Other: 0.4ms
[274.904s][info][gc,heap        ] GC(1572) Eden regions: 280->0(280)
[274.904s][info][gc,heap        ] GC(1572) Survivor regions: 1->1(36)
[274.904s][info][gc,heap        ] GC(1572) Old regions: 74->74
[274.904s][info][gc,heap        ] GC(1572) Humongous regions: 6->6
[274.904s][info][gc,metaspace   ] GC(1572) Metaspace: 73131K->73131K(1116160K)
[274.904s][info][gc             ] GC(1572) Pause Young (Normal) (G1 Evacuation Pause) 357M->77M(469M) 5.721ms
[274.904s][info][gc,cpu         ] GC(1572) User=0.00s Sys=0.00s Real=0.00s
[275.071s][info][gc,start       ] GC(1573) Pause Young (Normal) (G1 Evacuation Pause)
[275.072s][info][gc,task        ] GC(1573) Using 1 workers of 1 for evacuation
[275.076s][info][gc,phases      ] GC(1573)   Pre Evacuate Collection Set: 0.0ms
[275.076s][info][gc,phases      ] GC(1573)   Evacuate Collection Set: 3.7ms
[275.076s][info][gc,phases      ] GC(1573)   Post Evacuate Collection Set: 0.4ms
[275.076s][info][gc,phases      ] GC(1573)   Other: 0.7ms
[275.076s][info][gc,heap        ] GC(1573) Eden regions: 280->0(280)
[275.076s][info][gc,heap        ] GC(1573) Survivor regions: 1->1(36)
[275.076s][info][gc,heap        ] GC(1573) Old regions: 74->74
[275.076s][info][gc,heap        ] GC(1573) Humongous regions: 6->6
[275.076s][info][gc,metaspace   ] GC(1573) Metaspace: 73131K->73131K(1116160K)
[275.076s][info][gc             ] GC(1573) Pause Young (Normal) (G1 Evacuation Pause) 357M->77M(469M) 4.853ms
[275.076s][info][gc,cpu         ] GC(1573) User=0.00s Sys=0.00s Real=0.00s
[275.249s][info][gc,start       ] GC(1574) Pause Young (Normal) (G1 Evacuation Pause)
[275.249s][info][gc,task        ] GC(1574) Using 1 workers of 1 for evacuation
[275.253s][info][gc,phases      ] GC(1574)   Pre Evacuate Collection Set: 0.0ms
[275.253s][info][gc,phases      ] GC(1574)   Evacuate Collection Set: 3.1ms
[275.253s][info][gc,phases      ] GC(1574)   Post Evacuate Collection Set: 0.4ms
[275.253s][info][gc,phases      ] GC(1574)   Other: 0.4ms
[275.253s][info][gc,heap        ] GC(1574) Eden regions: 280->0(280)
[275.253s][info][gc,heap        ] GC(1574) Survivor regions: 1->1(36)
[275.253s][info][gc,heap        ] GC(1574) Old regions: 74->74
[275.253s][info][gc,heap        ] GC(1574) Humongous regions: 11->6
[275.253s][info][gc,metaspace   ] GC(1574) Metaspace: 73132K->73132K(1116160K)
[275.253s][info][gc             ] GC(1574) Pause Young (Normal) (G1 Evacuation Pause) 362M->78M(469M) 4.051ms
[275.253s][info][gc,cpu         ] GC(1574) User=0.00s Sys=0.00s Real=0.00s
[275.416s][info][gc,start       ] GC(1575) Pause Young (Normal) (G1 Evacuation Pause)
[275.416s][info][gc,task        ] GC(1575) Using 1 workers of 1 for evacuation
[275.420s][info][gc,phases      ] GC(1575)   Pre Evacuate Collection Set: 0.0ms
[275.420s][info][gc,phases      ] GC(1575)   Evacuate Collection Set: 3.2ms
[275.420s][info][gc,phases      ] GC(1575)   Post Evacuate Collection Set: 0.4ms
[275.420s][info][gc,phases      ] GC(1575)   Other: 0.4ms
[275.420s][info][gc,heap        ] GC(1575) Eden regions: 280->0(280)
[275.420s][info][gc,heap        ] GC(1575) Survivor regions: 1->1(36)
[275.420s][info][gc,heap        ] GC(1575) Old regions: 74->74
[275.420s][info][gc,heap        ] GC(1575) Humongous regions: 6->6
[275.420s][info][gc,metaspace   ] GC(1575) Metaspace: 73132K->73132K(1116160K)
[275.420s][info][gc             ] GC(1575) Pause Young (Normal) (G1 Evacuation Pause) 358M->78M(469M) 4.113ms
[275.420s][info][gc,cpu         ] GC(1575) User=0.01s Sys=0.00s Real=0.01s
[275.588s][info][gc,start       ] GC(1576) Pause Young (Normal) (G1 Evacuation Pause)
[275.588s][info][gc,task        ] GC(1576) Using 1 workers of 1 for evacuation
[275.591s][info][gc,phases      ] GC(1576)   Pre Evacuate Collection Set: 0.0ms
[275.591s][info][gc,phases      ] GC(1576)   Evacuate Collection Set: 2.9ms
[275.591s][info][gc,phases      ] GC(1576)   Post Evacuate Collection Set: 0.4ms
[275.591s][info][gc,phases      ] GC(1576)   Other: 0.3ms
[275.591s][info][gc,heap        ] GC(1576) Eden regions: 280->0(280)
[275.591s][info][gc,heap        ] GC(1576) Survivor regions: 1->1(36)
[275.591s][info][gc,heap        ] GC(1576) Old regions: 74->74
[275.591s][info][gc,heap        ] GC(1576) Humongous regions: 6->6
[275.591s][info][gc,metaspace   ] GC(1576) Metaspace: 73132K->73132K(1116160K)
[275.591s][info][gc             ] GC(1576) Pause Young (Normal) (G1 Evacuation Pause) 358M->78M(469M) 3.696ms
[275.592s][info][gc,cpu         ] GC(1576) User=0.01s Sys=0.00s Real=0.00s
[275.851s][info][gc,start       ] GC(1577) Pause Young (Normal) (G1 Evacuation Pause)
[275.851s][info][gc,task        ] GC(1577) Using 1 workers of 1 for evacuation
[275.856s][info][gc,phases      ] GC(1577)   Pre Evacuate Collection Set: 0.1ms
[275.856s][info][gc,phases      ] GC(1577)   Evacuate Collection Set: 4.0ms
[275.856s][info][gc,phases      ] GC(1577)   Post Evacuate Collection Set: 0.5ms
[275.856s][info][gc,phases      ] GC(1577)   Other: 0.5ms
[275.856s][info][gc,heap        ] GC(1577) Eden regions: 280->0(280)
[275.856s][info][gc,heap        ] GC(1577) Survivor regions: 1->1(36)
[275.856s][info][gc,heap        ] GC(1577) Old regions: 74->74
[275.856s][info][gc,heap        ] GC(1577) Humongous regions: 6->6
[275.856s][info][gc,metaspace   ] GC(1577) Metaspace: 73132K->73132K(1116160K)
[275.856s][info][gc             ] GC(1577) Pause Young (Normal) (G1 Evacuation Pause) 358M->77M(469M) 5.118ms
[275.856s][info][gc,cpu         ] GC(1577) User=0.00s Sys=0.00s Real=0.00s
[276.052s][info][gc,start       ] GC(1578) Pause Young (Normal) (G1 Evacuation Pause)
[276.052s][info][gc,task        ] GC(1578) Using 1 workers of 1 for evacuation
[276.057s][info][gc,phases      ] GC(1578)   Pre Evacuate Collection Set: 0.0ms
[276.057s][info][gc,phases      ] GC(1578)   Evacuate Collection Set: 4.1ms
[276.057s][info][gc,phases      ] GC(1578)   Post Evacuate Collection Set: 0.6ms
[276.057s][info][gc,phases      ] GC(1578)   Other: 0.4ms
[276.057s][info][gc,heap        ] GC(1578) Eden regions: 280->0(280)
[276.057s][info][gc,heap        ] GC(1578) Survivor regions: 1->1(36)
[276.057s][info][gc,heap        ] GC(1578) Old regions: 74->74
[276.057s][info][gc,heap        ] GC(1578) Humongous regions: 6->6
[276.057s][info][gc,metaspace   ] GC(1578) Metaspace: 73132K->73132K(1116160K)
[276.057s][info][gc             ] GC(1578) Pause Young (Normal) (G1 Evacuation Pause) 357M->78M(469M) 5.184ms
[276.057s][info][gc,cpu         ] GC(1578) User=0.00s Sys=0.00s Real=0.00s
[276.222s][info][gc,start       ] GC(1579) Pause Young (Normal) (G1 Evacuation Pause)
[276.222s][info][gc,task        ] GC(1579) Using 1 workers of 1 for evacuation
[276.226s][info][gc,phases      ] GC(1579)   Pre Evacuate Collection Set: 0.0ms
[276.226s][info][gc,phases      ] GC(1579)   Evacuate Collection Set: 2.8ms
[276.226s][info][gc,phases      ] GC(1579)   Post Evacuate Collection Set: 0.4ms
[276.226s][info][gc,phases      ] GC(1579)   Other: 0.4ms
[276.226s][info][gc,heap        ] GC(1579) Eden regions: 280->0(280)
[276.226s][info][gc,heap        ] GC(1579) Survivor regions: 1->1(36)
[276.226s][info][gc,heap        ] GC(1579) Old regions: 74->74
[276.226s][info][gc,heap        ] GC(1579) Humongous regions: 6->6
[276.226s][info][gc,metaspace   ] GC(1579) Metaspace: 73132K->73132K(1116160K)
[276.226s][info][gc             ] GC(1579) Pause Young (Normal) (G1 Evacuation Pause) 358M->78M(469M) 3.741ms
[276.226s][info][gc,cpu         ] GC(1579) User=0.00s Sys=0.00s Real=0.00s
[276.383s][info][gc,start       ] GC(1580) Pause Young (Normal) (G1 Evacuation Pause)
[276.383s][info][gc,task        ] GC(1580) Using 1 workers of 1 for evacuation
[276.387s][info][gc,phases      ] GC(1580)   Pre Evacuate Collection Set: 0.0ms
[276.388s][info][gc,phases      ] GC(1580)   Evacuate Collection Set: 3.9ms
[276.388s][info][gc,phases      ] GC(1580)   Post Evacuate Collection Set: 0.5ms
[276.388s][info][gc,phases      ] GC(1580)   Other: 0.3ms
[276.388s][info][gc,heap        ] GC(1580) Eden regions: 280->0(280)
[276.388s][info][gc,heap        ] GC(1580) Survivor regions: 1->1(36)
[276.388s][info][gc,heap        ] GC(1580) Old regions: 74->74
[276.388s][info][gc,heap        ] GC(1580) Humongous regions: 11->6
[276.388s][info][gc,metaspace   ] GC(1580) Metaspace: 73149K->73149K(1116160K)
[276.388s][info][gc             ] GC(1580) Pause Young (Normal) (G1 Evacuation Pause) 363M->77M(469M) 4.930ms
[276.388s][info][gc,cpu         ] GC(1580) User=0.00s Sys=0.00s Real=0.01s
[276.552s][info][gc,start       ] GC(1581) Pause Young (Normal) (G1 Evacuation Pause)
[276.552s][info][gc,task        ] GC(1581) Using 1 workers of 1 for evacuation
[276.555s][info][gc,phases      ] GC(1581)   Pre Evacuate Collection Set: 0.0ms
[276.555s][info][gc,phases      ] GC(1581)   Evacuate Collection Set: 2.8ms
[276.555s][info][gc,phases      ] GC(1581)   Post Evacuate Collection Set: 0.4ms
[276.555s][info][gc,phases      ] GC(1581)   Other: 0.4ms
[276.555s][info][gc,heap        ] GC(1581) Eden regions: 280->0(280)
[276.555s][info][gc,heap        ] GC(1581) Survivor regions: 1->1(36)
[276.555s][info][gc,heap        ] GC(1581) Old regions: 74->74
[276.555s][info][gc,heap        ] GC(1581) Humongous regions: 6->6
[276.555s][info][gc,metaspace   ] GC(1581) Metaspace: 73149K->73149K(1116160K)
[276.555s][info][gc             ] GC(1581) Pause Young (Normal) (G1 Evacuation Pause) 357M->77M(469M) 3.599ms
[276.555s][info][gc,cpu         ] GC(1581) User=0.00s Sys=0.00s Real=0.00s
[276.736s][info][gc,start       ] GC(1582) Pause Young (Normal) (G1 Evacuation Pause)
[276.736s][info][gc,task        ] GC(1582) Using 1 workers of 1 for evacuation
[276.743s][info][gc,phases      ] GC(1582)   Pre Evacuate Collection Set: 0.1ms
[276.743s][info][gc,phases      ] GC(1582)   Evacuate Collection Set: 5.6ms
[276.743s][info][gc,phases      ] GC(1582)   Post Evacuate Collection Set: 0.8ms
[276.743s][info][gc,phases      ] GC(1582)   Other: 0.7ms
[276.743s][info][gc,heap        ] GC(1582) Eden regions: 280->0(280)
[276.743s][info][gc,heap        ] GC(1582) Survivor regions: 1->1(36)
[276.743s][info][gc,heap        ] GC(1582) Old regions: 74->74
[276.743s][info][gc,heap        ] GC(1582) Humongous regions: 6->6
[276.743s][info][gc,metaspace   ] GC(1582) Metaspace: 73149K->73149K(1116160K)
[276.743s][info][gc             ] GC(1582) Pause Young (Normal) (G1 Evacuation Pause) 357M->77M(469M) 7.326ms
[276.743s][info][gc,cpu         ] GC(1582) User=0.01s Sys=0.00s Real=0.01s
[276.894s][info][gc,start       ] GC(1583) Pause Young (Normal) (G1 Evacuation Pause)
[276.894s][info][gc,task        ] GC(1583) Using 1 workers of 1 for evacuation
[276.897s][info][gc,phases      ] GC(1583)   Pre Evacuate Collection Set: 0.0ms
[276.897s][info][gc,phases      ] GC(1583)   Evacuate Collection Set: 2.9ms
[276.897s][info][gc,phases      ] GC(1583)   Post Evacuate Collection Set: 0.4ms
[276.897s][info][gc,phases      ] GC(1583)   Other: 0.4ms
[276.897s][info][gc,heap        ] GC(1583) Eden regions: 280->0(280)
[276.897s][info][gc,heap        ] GC(1583) Survivor regions: 1->1(36)
[276.897s][info][gc,heap        ] GC(1583) Old regions: 74->74
[276.897s][info][gc,heap        ] GC(1583) Humongous regions: 6->6
[276.897s][info][gc,metaspace   ] GC(1583) Metaspace: 73150K->73150K(1116160K)
[276.897s][info][gc             ] GC(1583) Pause Young (Normal) (G1 Evacuation Pause) 357M->77M(469M) 3.693ms
[276.897s][info][gc,cpu         ] GC(1583) User=0.00s Sys=0.00s Real=0.00s
[277.038s][info][gc,start       ] GC(1584) Pause Young (Normal) (G1 Evacuation Pause)
[277.038s][info][gc,task        ] GC(1584) Using 1 workers of 1 for evacuation
[277.041s][info][gc,phases      ] GC(1584)   Pre Evacuate Collection Set: 0.1ms
[277.042s][info][gc,phases      ] GC(1584)   Evacuate Collection Set: 3.1ms
[277.042s][info][gc,phases      ] GC(1584)   Post Evacuate Collection Set: 0.4ms
[277.042s][info][gc,phases      ] GC(1584)   Other: 0.4ms
[277.042s][info][gc,heap        ] GC(1584) Eden regions: 280->0(280)
[277.042s][info][gc,heap        ] GC(1584) Survivor regions: 1->1(36)
[277.042s][info][gc,heap        ] GC(1584) Old regions: 74->74
[277.042s][info][gc,heap        ] GC(1584) Humongous regions: 6->6
[277.042s][info][gc,metaspace   ] GC(1584) Metaspace: 73150K->73150K(1116160K)
[277.042s][info][gc             ] GC(1584) Pause Young (Normal) (G1 Evacuation Pause) 357M->77M(469M) 4.082ms
[277.042s][info][gc,cpu         ] GC(1584) User=0.01s Sys=0.00s Real=0.01s
[277.201s][info][gc,start       ] GC(1585) Pause Young (Normal) (G1 Evacuation Pause)
[277.201s][info][gc,task        ] GC(1585) Using 1 workers of 1 for evacuation
[277.209s][info][gc,phases      ] GC(1585)   Pre Evacuate Collection Set: 0.1ms
[277.209s][info][gc,phases      ] GC(1585)   Evacuate Collection Set: 7.0ms
[277.209s][info][gc,phases      ] GC(1585)   Post Evacuate Collection Set: 0.9ms
[277.210s][info][gc,phases      ] GC(1585)   Other: 0.6ms
[277.210s][info][gc,heap        ] GC(1585) Eden regions: 280->0(280)
[277.210s][info][gc,heap        ] GC(1585) Survivor regions: 1->1(36)
[277.210s][info][gc,heap        ] GC(1585) Old regions: 74->74
[277.210s][info][gc,heap        ] GC(1585) Humongous regions: 11->6
[277.210s][info][gc,metaspace   ] GC(1585) Metaspace: 73150K->73150K(1116160K)
[277.210s][info][gc             ] GC(1585) Pause Young (Normal) (G1 Evacuation Pause) 362M->78M(469M) 8.680ms
[277.210s][info][gc,cpu         ] GC(1585) User=0.01s Sys=0.00s Real=0.01s
[277.401s][info][gc,start       ] GC(1586) Pause Young (Normal) (G1 Evacuation Pause)
[277.401s][info][gc,task        ] GC(1586) Using 1 workers of 1 for evacuation
[277.405s][info][gc,phases      ] GC(1586)   Pre Evacuate Collection Set: 0.0ms
[277.405s][info][gc,phases      ] GC(1586)   Evacuate Collection Set: 3.0ms
[277.405s][info][gc,phases      ] GC(1586)   Post Evacuate Collection Set: 0.4ms
[277.405s][info][gc,phases      ] GC(1586)   Other: 0.4ms
[277.405s][info][gc,heap        ] GC(1586) Eden regions: 280->0(280)
[277.405s][info][gc,heap        ] GC(1586) Survivor regions: 1->1(36)
[277.405s][info][gc,heap        ] GC(1586) Old regions: 74->74
[277.405s][info][gc,heap        ] GC(1586) Humongous regions: 6->6
[277.405s][info][gc,metaspace   ] GC(1586) Metaspace: 73150K->73150K(1116160K)
[277.405s][info][gc             ] GC(1586) Pause Young (Normal) (G1 Evacuation Pause) 358M->78M(469M) 3.853ms
[277.405s][info][gc,cpu         ] GC(1586) User=0.00s Sys=0.00s Real=0.00s
[277.547s][info][gc,start       ] GC(1587) Pause Young (Normal) (G1 Evacuation Pause)
[277.547s][info][gc,task        ] GC(1587) Using 1 workers of 1 for evacuation
[277.550s][info][gc,phases      ] GC(1587)   Pre Evacuate Collection Set: 0.0ms
[277.550s][info][gc,phases      ] GC(1587)   Evacuate Collection Set: 2.8ms
[277.550s][info][gc,phases      ] GC(1587)   Post Evacuate Collection Set: 0.4ms
[277.550s][info][gc,phases      ] GC(1587)   Other: 0.3ms
[277.550s][info][gc,heap        ] GC(1587) Eden regions: 280->0(280)
[277.550s][info][gc,heap        ] GC(1587) Survivor regions: 1->1(36)
[277.550s][info][gc,heap        ] GC(1587) Old regions: 74->74
[277.550s][info][gc,heap        ] GC(1587) Humongous regions: 6->6
[277.550s][info][gc,metaspace   ] GC(1587) Metaspace: 73150K->73150K(1116160K)
[277.550s][info][gc             ] GC(1587) Pause Young (Normal) (G1 Evacuation Pause) 358M->78M(469M) 3.580ms
[277.550s][info][gc,cpu         ] GC(1587) User=0.00s Sys=0.00s Real=0.01s
[277.703s][info][gc,start       ] GC(1588) Pause Young (Normal) (G1 Evacuation Pause)
[277.703s][info][gc,task        ] GC(1588) Using 1 workers of 1 for evacuation
[277.707s][info][gc,phases      ] GC(1588)   Pre Evacuate Collection Set: 0.0ms
[277.707s][info][gc,phases      ] GC(1588)   Evacuate Collection Set: 2.9ms
[277.707s][info][gc,phases      ] GC(1588)   Post Evacuate Collection Set: 0.4ms
[277.707s][info][gc,phases      ] GC(1588)   Other: 0.4ms
[277.707s][info][gc,heap        ] GC(1588) Eden regions: 280->0(280)
[277.707s][info][gc,heap        ] GC(1588) Survivor regions: 1->1(36)
[277.707s][info][gc,heap        ] GC(1588) Old regions: 74->74
[277.707s][info][gc,heap        ] GC(1588) Humongous regions: 6->6
[277.707s][info][gc,metaspace   ] GC(1588) Metaspace: 73150K->73150K(1116160K)
[277.707s][info][gc             ] GC(1588) Pause Young (Normal) (G1 Evacuation Pause) 358M->78M(469M) 3.663ms
[277.707s][info][gc,cpu         ] GC(1588) User=0.01s Sys=0.00s Real=0.01s
[277.876s][info][gc,start       ] GC(1589) Pause Young (Normal) (G1 Evacuation Pause)
[277.876s][info][gc,task        ] GC(1589) Using 1 workers of 1 for evacuation
[277.880s][info][gc,phases      ] GC(1589)   Pre Evacuate Collection Set: 0.0ms
[277.880s][info][gc,phases      ] GC(1589)   Evacuate Collection Set: 3.1ms
[277.880s][info][gc,phases      ] GC(1589)   Post Evacuate Collection Set: 0.4ms
[277.880s][info][gc,phases      ] GC(1589)   Other: 0.4ms
[277.880s][info][gc,heap        ] GC(1589) Eden regions: 280->0(280)
[277.880s][info][gc,heap        ] GC(1589) Survivor regions: 1->1(36)
[277.880s][info][gc,heap        ] GC(1589) Old regions: 74->74
[277.880s][info][gc,heap        ] GC(1589) Humongous regions: 6->6
[277.880s][info][gc,metaspace   ] GC(1589) Metaspace: 73150K->73150K(1116160K)
[277.880s][info][gc             ] GC(1589) Pause Young (Normal) (G1 Evacuation Pause) 358M->78M(469M) 3.931ms
[277.880s][info][gc,cpu         ] GC(1589) User=0.01s Sys=0.00s Real=0.01s
[278.016s][info][gc,start       ] GC(1590) Pause Young (Normal) (G1 Evacuation Pause)
[278.016s][info][gc,task        ] GC(1590) Using 1 workers of 1 for evacuation
[278.021s][info][gc,phases      ] GC(1590)   Pre Evacuate Collection Set: 0.1ms
[278.021s][info][gc,phases      ] GC(1590)   Evacuate Collection Set: 4.2ms
[278.021s][info][gc,phases      ] GC(1590)   Post Evacuate Collection Set: 0.4ms
[278.021s][info][gc,phases      ] GC(1590)   Other: 0.3ms
[278.021s][info][gc,heap        ] GC(1590) Eden regions: 280->0(280)
[278.021s][info][gc,heap        ] GC(1590) Survivor regions: 1->1(36)
[278.021s][info][gc,heap        ] GC(1590) Old regions: 74->74
[278.021s][info][gc,heap        ] GC(1590) Humongous regions: 6->6
[278.021s][info][gc,metaspace   ] GC(1590) Metaspace: 73150K->73150K(1116160K)
[278.021s][info][gc             ] GC(1590) Pause Young (Normal) (G1 Evacuation Pause) 358M->78M(469M) 4.962ms
[278.021s][info][gc,cpu         ] GC(1590) User=0.01s Sys=0.00s Real=0.01s
[278.170s][info][gc,start       ] GC(1591) Pause Young (Normal) (G1 Evacuation Pause)
[278.170s][info][gc,task        ] GC(1591) Using 1 workers of 1 for evacuation
[278.174s][info][gc,phases      ] GC(1591)   Pre Evacuate Collection Set: 0.0ms
[278.174s][info][gc,phases      ] GC(1591)   Evacuate Collection Set: 2.7ms
[278.174s][info][gc,phases      ] GC(1591)   Post Evacuate Collection Set: 0.4ms
[278.174s][info][gc,phases      ] GC(1591)   Other: 0.4ms
[278.174s][info][gc,heap        ] GC(1591) Eden regions: 280->0(280)
[278.174s][info][gc,heap        ] GC(1591) Survivor regions: 1->1(36)
[278.174s][info][gc,heap        ] GC(1591) Old regions: 74->74
[278.174s][info][gc,heap        ] GC(1591) Humongous regions: 11->6
[278.174s][info][gc,metaspace   ] GC(1591) Metaspace: 73152K->73152K(1116160K)
[278.174s][info][gc             ] GC(1591) Pause Young (Normal) (G1 Evacuation Pause) 363M->77M(469M) 3.611ms
[278.174s][info][gc,cpu         ] GC(1591) User=0.00s Sys=0.00s Real=0.00s
[278.329s][info][gc,start       ] GC(1592) Pause Young (Normal) (G1 Evacuation Pause)
[278.329s][info][gc,task        ] GC(1592) Using 1 workers of 1 for evacuation
[278.333s][info][gc,phases      ] GC(1592)   Pre Evacuate Collection Set: 0.0ms
[278.333s][info][gc,phases      ] GC(1592)   Evacuate Collection Set: 2.8ms
[278.333s][info][gc,phases      ] GC(1592)   Post Evacuate Collection Set: 0.4ms
[278.333s][info][gc,phases      ] GC(1592)   Other: 0.4ms
[278.333s][info][gc,heap        ] GC(1592) Eden regions: 280->0(280)
[278.333s][info][gc,heap        ] GC(1592) Survivor regions: 1->1(36)
[278.333s][info][gc,heap        ] GC(1592) Old regions: 74->74
[278.333s][info][gc,heap        ] GC(1592) Humongous regions: 6->6
[278.333s][info][gc,metaspace   ] GC(1592) Metaspace: 73152K->73152K(1116160K)
[278.333s][info][gc             ] GC(1592) Pause Young (Normal) (G1 Evacuation Pause) 357M->77M(469M) 3.645ms
[278.333s][info][gc,cpu         ] GC(1592) User=0.01s Sys=0.00s Real=0.00s
[278.478s][info][gc,start       ] GC(1593) Pause Young (Normal) (G1 Evacuation Pause)
[278.478s][info][gc,task        ] GC(1593) Using 1 workers of 1 for evacuation
[278.482s][info][gc,phases      ] GC(1593)   Pre Evacuate Collection Set: 0.0ms
[278.482s][info][gc,phases      ] GC(1593)   Evacuate Collection Set: 2.7ms
[278.482s][info][gc,phases      ] GC(1593)   Post Evacuate Collection Set: 0.4ms
[278.482s][info][gc,phases      ] GC(1593)   Other: 0.3ms
[278.482s][info][gc,heap        ] GC(1593) Eden regions: 280->0(280)
[278.482s][info][gc,heap        ] GC(1593) Survivor regions: 1->1(36)
[278.482s][info][gc,heap        ] GC(1593) Old regions: 74->74
[278.482s][info][gc,heap        ] GC(1593) Humongous regions: 6->6
[278.482s][info][gc,metaspace   ] GC(1593) Metaspace: 73152K->73152K(1116160K)
[278.482s][info][gc             ] GC(1593) Pause Young (Normal) (G1 Evacuation Pause) 357M->77M(469M) 3.443ms
[278.482s][info][gc,cpu         ] GC(1593) User=0.00s Sys=0.00s Real=0.00s
[278.623s][info][gc,start       ] GC(1594) Pause Young (Normal) (G1 Evacuation Pause)
[278.623s][info][gc,task        ] GC(1594) Using 1 workers of 1 for evacuation
[278.627s][info][gc,phases      ] GC(1594)   Pre Evacuate Collection Set: 0.0ms
[278.627s][info][gc,phases      ] GC(1594)   Evacuate Collection Set: 2.8ms
[278.627s][info][gc,phases      ] GC(1594)   Post Evacuate Collection Set: 0.4ms
[278.627s][info][gc,phases      ] GC(1594)   Other: 0.4ms
[278.627s][info][gc,heap        ] GC(1594) Eden regions: 280->0(280)
[278.627s][info][gc,heap        ] GC(1594) Survivor regions: 1->1(36)
[278.627s][info][gc,heap        ] GC(1594) Old regions: 74->74
[278.627s][info][gc,heap        ] GC(1594) Humongous regions: 6->6
[278.627s][info][gc,metaspace   ] GC(1594) Metaspace: 73152K->73152K(1116160K)
[278.627s][info][gc             ] GC(1594) Pause Young (Normal) (G1 Evacuation Pause) 357M->77M(469M) 3.713ms
[278.627s][info][gc,cpu         ] GC(1594) User=0.00s Sys=0.00s Real=0.01s
[278.775s][info][gc,start       ] GC(1595) Pause Young (Normal) (G1 Evacuation Pause)
[278.775s][info][gc,task        ] GC(1595) Using 1 workers of 1 for evacuation
[278.779s][info][gc,phases      ] GC(1595)   Pre Evacuate Collection Set: 0.0ms
[278.779s][info][gc,phases      ] GC(1595)   Evacuate Collection Set: 3.5ms
[278.779s][info][gc,phases      ] GC(1595)   Post Evacuate Collection Set: 0.5ms
[278.779s][info][gc,phases      ] GC(1595)   Other: 0.3ms
[278.779s][info][gc,heap        ] GC(1595) Eden regions: 280->0(280)
[278.779s][info][gc,heap        ] GC(1595) Survivor regions: 1->1(36)
[278.779s][info][gc,heap        ] GC(1595) Old regions: 74->74
[278.779s][info][gc,heap        ] GC(1595) Humongous regions: 6->6
[278.779s][info][gc,metaspace   ] GC(1595) Metaspace: 73152K->73152K(1116160K)
[278.779s][info][gc             ] GC(1595) Pause Young (Normal) (G1 Evacuation Pause) 357M->78M(469M) 4.483ms
[278.780s][info][gc,cpu         ] GC(1595) User=0.01s Sys=0.00s Real=0.01s
[278.966s][info][gc,start       ] GC(1596) Pause Young (Normal) (G1 Evacuation Pause)
[278.966s][info][gc,task        ] GC(1596) Using 1 workers of 1 for evacuation
[278.970s][info][gc,phases      ] GC(1596)   Pre Evacuate Collection Set: 0.0ms
[278.970s][info][gc,phases      ] GC(1596)   Evacuate Collection Set: 3.1ms
[278.970s][info][gc,phases      ] GC(1596)   Post Evacuate Collection Set: 0.4ms
[278.970s][info][gc,phases      ] GC(1596)   Other: 0.4ms
[278.970s][info][gc,heap        ] GC(1596) Eden regions: 280->0(280)
[278.970s][info][gc,heap        ] GC(1596) Survivor regions: 1->1(36)
[278.970s][info][gc,heap        ] GC(1596) Old regions: 74->74
[278.970s][info][gc,heap        ] GC(1596) Humongous regions: 11->6
[278.970s][info][gc,metaspace   ] GC(1596) Metaspace: 73152K->73152K(1116160K)
[278.970s][info][gc             ] GC(1596) Pause Young (Normal) (G1 Evacuation Pause) 363M->78M(469M) 3.972ms
[278.970s][info][gc,cpu         ] GC(1596) User=0.00s Sys=0.00s Real=0.01s
[279.108s][info][gc,start       ] GC(1597) Pause Young (Normal) (G1 Evacuation Pause)
[279.108s][info][gc,task        ] GC(1597) Using 1 workers of 1 for evacuation
[279.112s][info][gc,phases      ] GC(1597)   Pre Evacuate Collection Set: 0.0ms
[279.112s][info][gc,phases      ] GC(1597)   Evacuate Collection Set: 2.9ms
[279.112s][info][gc,phases      ] GC(1597)   Post Evacuate Collection Set: 0.4ms
[279.112s][info][gc,phases      ] GC(1597)   Other: 0.3ms
[279.112s][info][gc,heap        ] GC(1597) Eden regions: 280->0(280)
[279.112s][info][gc,heap        ] GC(1597) Survivor regions: 1->1(36)
[279.112s][info][gc,heap        ] GC(1597) Old regions: 74->74
[279.112s][info][gc,heap        ] GC(1597) Humongous regions: 6->6
[279.112s][info][gc,metaspace   ] GC(1597) Metaspace: 73152K->73152K(1116160K)
[279.112s][info][gc             ] GC(1597) Pause Young (Normal) (G1 Evacuation Pause) 358M->78M(469M) 3.693ms
[279.112s][info][gc,cpu         ] GC(1597) User=0.00s Sys=0.00s Real=0.00s
[279.248s][info][gc,start       ] GC(1598) Pause Young (Normal) (G1 Evacuation Pause)
[279.248s][info][gc,task        ] GC(1598) Using 1 workers of 1 for evacuation
[279.252s][info][gc,phases      ] GC(1598)   Pre Evacuate Collection Set: 0.0ms
[279.252s][info][gc,phases      ] GC(1598)   Evacuate Collection Set: 2.9ms
[279.252s][info][gc,phases      ] GC(1598)   Post Evacuate Collection Set: 0.4ms
[279.252s][info][gc,phases      ] GC(1598)   Other: 0.3ms
[279.252s][info][gc,heap        ] GC(1598) Eden regions: 280->0(280)
[279.252s][info][gc,heap        ] GC(1598) Survivor regions: 1->1(36)
[279.252s][info][gc,heap        ] GC(1598) Old regions: 74->74
[279.252s][info][gc,heap        ] GC(1598) Humongous regions: 6->6
[279.252s][info][gc,metaspace   ] GC(1598) Metaspace: 73152K->73152K(1116160K)
[279.252s][info][gc             ] GC(1598) Pause Young (Normal) (G1 Evacuation Pause) 358M->78M(469M) 3.652ms
[279.252s][info][gc,cpu         ] GC(1598) User=0.00s Sys=0.00s Real=0.00s
[279.391s][info][gc,start       ] GC(1599) Pause Young (Normal) (G1 Evacuation Pause)
[279.392s][info][gc,task        ] GC(1599) Using 1 workers of 1 for evacuation
[279.395s][info][gc,phases      ] GC(1599)   Pre Evacuate Collection Set: 0.0ms
[279.395s][info][gc,phases      ] GC(1599)   Evacuate Collection Set: 2.9ms
[279.395s][info][gc,phases      ] GC(1599)   Post Evacuate Collection Set: 0.5ms
[279.395s][info][gc,phases      ] GC(1599)   Other: 0.5ms
[279.395s][info][gc,heap        ] GC(1599) Eden regions: 280->0(280)
[279.395s][info][gc,heap        ] GC(1599) Survivor regions: 1->1(36)
[279.395s][info][gc,heap        ] GC(1599) Old regions: 74->74
[279.395s][info][gc,heap        ] GC(1599) Humongous regions: 6->6
[279.395s][info][gc,metaspace   ] GC(1599) Metaspace: 73152K->73152K(1116160K)
[279.395s][info][gc             ] GC(1599) Pause Young (Normal) (G1 Evacuation Pause) 358M->78M(469M) 3.946ms
[279.395s][info][gc,cpu         ] GC(1599) User=0.01s Sys=0.00s Real=0.00s
[279.614s][info][gc,start       ] GC(1600) Pause Young (Normal) (G1 Evacuation Pause)
[279.614s][info][gc,task        ] GC(1600) Using 1 workers of 1 for evacuation
[279.618s][info][gc,phases      ] GC(1600)   Pre Evacuate Collection Set: 0.0ms
[279.618s][info][gc,phases      ] GC(1600)   Evacuate Collection Set: 2.9ms
[279.618s][info][gc,phases      ] GC(1600)   Post Evacuate Collection Set: 0.4ms
[279.618s][info][gc,phases      ] GC(1600)   Other: 0.4ms
[279.618s][info][gc,heap        ] GC(1600) Eden regions: 280->0(280)
[279.618s][info][gc,heap        ] GC(1600) Survivor regions: 1->1(36)
[279.618s][info][gc,heap        ] GC(1600) Old regions: 74->74
[279.618s][info][gc,heap        ] GC(1600) Humongous regions: 6->6
[279.618s][info][gc,metaspace   ] GC(1600) Metaspace: 73152K->73152K(1116160K)
[279.618s][info][gc             ] GC(1600) Pause Young (Normal) (G1 Evacuation Pause) 358M->78M(469M) 3.786ms
[279.618s][info][gc,cpu         ] GC(1600) User=0.00s Sys=0.00s Real=0.00s
[279.775s][info][gc,start       ] GC(1601) Pause Young (Normal) (G1 Evacuation Pause)
[279.775s][info][gc,task        ] GC(1601) Using 1 workers of 1 for evacuation
[279.778s][info][gc,phases      ] GC(1601)   Pre Evacuate Collection Set: 0.0ms
[279.778s][info][gc,phases      ] GC(1601)   Evacuate Collection Set: 2.7ms
[279.778s][info][gc,phases      ] GC(1601)   Post Evacuate Collection Set: 0.4ms
[279.778s][info][gc,phases      ] GC(1601)   Other: 0.4ms
[279.778s][info][gc,heap        ] GC(1601) Eden regions: 280->0(280)
[279.778s][info][gc,heap        ] GC(1601) Survivor regions: 1->1(36)
[279.778s][info][gc,heap        ] GC(1601) Old regions: 74->74
[279.778s][info][gc,heap        ] GC(1601) Humongous regions: 11->6
[279.778s][info][gc,metaspace   ] GC(1601) Metaspace: 73154K->73154K(1116160K)
[279.778s][info][gc             ] GC(1601) Pause Young (Normal) (G1 Evacuation Pause) 363M->77M(469M) 3.560ms
[279.778s][info][gc,cpu         ] GC(1601) User=0.00s Sys=0.00s Real=0.00s
[279.932s][info][gc,start       ] GC(1602) Pause Young (Normal) (G1 Evacuation Pause)
[279.932s][info][gc,task        ] GC(1602) Using 1 workers of 1 for evacuation
[279.936s][info][gc,phases      ] GC(1602)   Pre Evacuate Collection Set: 0.0ms
[279.936s][info][gc,phases      ] GC(1602)   Evacuate Collection Set: 2.7ms
[279.936s][info][gc,phases      ] GC(1602)   Post Evacuate Collection Set: 0.4ms
[279.936s][info][gc,phases      ] GC(1602)   Other: 0.4ms
[279.936s][info][gc,heap        ] GC(1602) Eden regions: 280->0(280)
[279.936s][info][gc,heap        ] GC(1602) Survivor regions: 1->1(36)
[279.936s][info][gc,heap        ] GC(1602) Old regions: 74->74
[279.936s][info][gc,heap        ] GC(1602) Humongous regions: 6->6
[279.936s][info][gc,metaspace   ] GC(1602) Metaspace: 73154K->73154K(1116160K)
[279.936s][info][gc             ] GC(1602) Pause Young (Normal) (G1 Evacuation Pause) 357M->77M(469M) 3.527ms
[279.936s][info][gc,cpu         ] GC(1602) User=0.00s Sys=0.00s Real=0.00s
[280.072s][info][gc,start       ] GC(1603) Pause Young (Normal) (G1 Evacuation Pause)
[280.072s][info][gc,task        ] GC(1603) Using 1 workers of 1 for evacuation
[280.076s][info][gc,phases      ] GC(1603)   Pre Evacuate Collection Set: 0.0ms
[280.076s][info][gc,phases      ] GC(1603)   Evacuate Collection Set: 2.8ms
[280.076s][info][gc,phases      ] GC(1603)   Post Evacuate Collection Set: 0.4ms
[280.076s][info][gc,phases      ] GC(1603)   Other: 0.7ms
[280.076s][info][gc,heap        ] GC(1603) Eden regions: 280->0(280)
[280.076s][info][gc,heap        ] GC(1603) Survivor regions: 1->1(36)
[280.076s][info][gc,heap        ] GC(1603) Old regions: 74->74
[280.076s][info][gc,heap        ] GC(1603) Humongous regions: 6->6
[280.076s][info][gc,metaspace   ] GC(1603) Metaspace: 73154K->73154K(1116160K)
[280.076s][info][gc             ] GC(1603) Pause Young (Normal) (G1 Evacuation Pause) 357M->77M(469M) 3.944ms
[280.076s][info][gc,cpu         ] GC(1603) User=0.00s Sys=0.00s Real=0.00s
[280.219s][info][gc,start       ] GC(1604) Pause Young (Normal) (G1 Evacuation Pause)
[280.219s][info][gc,task        ] GC(1604) Using 1 workers of 1 for evacuation
[280.222s][info][gc,phases      ] GC(1604)   Pre Evacuate Collection Set: 0.0ms
[280.222s][info][gc,phases      ] GC(1604)   Evacuate Collection Set: 2.8ms
[280.222s][info][gc,phases      ] GC(1604)   Post Evacuate Collection Set: 0.5ms
[280.222s][info][gc,phases      ] GC(1604)   Other: 0.5ms
[280.222s][info][gc,heap        ] GC(1604) Eden regions: 280->0(280)
[280.222s][info][gc,heap        ] GC(1604) Survivor regions: 1->1(36)
[280.222s][info][gc,heap        ] GC(1604) Old regions: 74->74
[280.222s][info][gc,heap        ] GC(1604) Humongous regions: 6->6
[280.222s][info][gc,metaspace   ] GC(1604) Metaspace: 73154K->73154K(1116160K)
[280.222s][info][gc             ] GC(1604) Pause Young (Normal) (G1 Evacuation Pause) 357M->77M(469M) 3.764ms
[280.222s][info][gc,cpu         ] GC(1604) User=0.00s Sys=0.01s Real=0.00s
[280.369s][info][gc,start       ] GC(1605) Pause Young (Normal) (G1 Evacuation Pause)
[280.369s][info][gc,task        ] GC(1605) Using 1 workers of 1 for evacuation
[280.372s][info][gc,phases      ] GC(1605)   Pre Evacuate Collection Set: 0.0ms
[280.372s][info][gc,phases      ] GC(1605)   Evacuate Collection Set: 2.9ms
[280.372s][info][gc,phases      ] GC(1605)   Post Evacuate Collection Set: 0.4ms
[280.372s][info][gc,phases      ] GC(1605)   Other: 0.3ms
[280.372s][info][gc,heap        ] GC(1605) Eden regions: 280->0(280)
[280.372s][info][gc,heap        ] GC(1605) Survivor regions: 1->1(36)
[280.372s][info][gc,heap        ] GC(1605) Old regions: 74->74
[280.372s][info][gc,heap        ] GC(1605) Humongous regions: 6->6
[280.372s][info][gc,metaspace   ] GC(1605) Metaspace: 73154K->73154K(1116160K)
[280.372s][info][gc             ] GC(1605) Pause Young (Normal) (G1 Evacuation Pause) 357M->78M(469M) 3.704ms
[280.373s][info][gc,cpu         ] GC(1605) User=0.00s Sys=0.00s Real=0.00s
[280.533s][info][gc,start       ] GC(1606) Pause Young (Normal) (G1 Evacuation Pause)
[280.534s][info][gc,task        ] GC(1606) Using 1 workers of 1 for evacuation
[280.547s][info][gc,phases      ] GC(1606)   Pre Evacuate Collection Set: 0.0ms
[280.547s][info][gc,phases      ] GC(1606)   Evacuate Collection Set: 12.3ms
[280.547s][info][gc,phases      ] GC(1606)   Post Evacuate Collection Set: 0.5ms
[280.547s][info][gc,phases      ] GC(1606)   Other: 0.4ms
[280.547s][info][gc,heap        ] GC(1606) Eden regions: 280->0(280)
[280.547s][info][gc,heap        ] GC(1606) Survivor regions: 1->1(36)
[280.547s][info][gc,heap        ] GC(1606) Old regions: 74->74
[280.547s][info][gc,heap        ] GC(1606) Humongous regions: 6->6
[280.547s][info][gc,metaspace   ] GC(1606) Metaspace: 73154K->73154K(1116160K)
[280.547s][info][gc             ] GC(1606) Pause Young (Normal) (G1 Evacuation Pause) 358M->77M(469M) 13.268ms
[280.547s][info][gc,cpu         ] GC(1606) User=0.00s Sys=0.00s Real=0.02s
[280.749s][info][gc,start       ] GC(1607) Pause Young (Normal) (G1 Evacuation Pause)
[280.749s][info][gc,task        ] GC(1607) Using 1 workers of 1 for evacuation
[280.753s][info][gc,phases      ] GC(1607)   Pre Evacuate Collection Set: 0.0ms
[280.753s][info][gc,phases      ] GC(1607)   Evacuate Collection Set: 3.1ms
[280.753s][info][gc,phases      ] GC(1607)   Post Evacuate Collection Set: 0.4ms
[280.753s][info][gc,phases      ] GC(1607)   Other: 0.4ms
[280.753s][info][gc,heap        ] GC(1607) Eden regions: 280->0(280)
[280.753s][info][gc,heap        ] GC(1607) Survivor regions: 1->1(36)
[280.753s][info][gc,heap        ] GC(1607) Old regions: 74->74
[280.753s][info][gc,heap        ] GC(1607) Humongous regions: 11->6
[280.753s][info][gc,metaspace   ] GC(1607) Metaspace: 73154K->73154K(1116160K)
[280.753s][info][gc             ] GC(1607) Pause Young (Normal) (G1 Evacuation Pause) 362M->78M(469M) 3.905ms
[280.753s][info][gc,cpu         ] GC(1607) User=0.01s Sys=0.00s Real=0.00s
[280.895s][info][gc,start       ] GC(1608) Pause Young (Normal) (G1 Evacuation Pause)
[280.895s][info][gc,task        ] GC(1608) Using 1 workers of 1 for evacuation
[280.899s][info][gc,phases      ] GC(1608)   Pre Evacuate Collection Set: 0.0ms
[280.899s][info][gc,phases      ] GC(1608)   Evacuate Collection Set: 2.8ms
[280.899s][info][gc,phases      ] GC(1608)   Post Evacuate Collection Set: 0.4ms
[280.899s][info][gc,phases      ] GC(1608)   Other: 0.4ms
[280.899s][info][gc,heap        ] GC(1608) Eden regions: 280->0(280)
[280.899s][info][gc,heap        ] GC(1608) Survivor regions: 1->1(36)
[280.899s][info][gc,heap        ] GC(1608) Old regions: 74->74
[280.899s][info][gc,heap        ] GC(1608) Humongous regions: 6->6
[280.899s][info][gc,metaspace   ] GC(1608) Metaspace: 73154K->73154K(1116160K)
[280.899s][info][gc             ] GC(1608) Pause Young (Normal) (G1 Evacuation Pause) 358M->78M(469M) 3.597ms
[280.899s][info][gc,cpu         ] GC(1608) User=0.00s Sys=0.00s Real=0.01s
[281.200s][info][gc,start       ] GC(1609) Pause Young (Normal) (G1 Evacuation Pause)
[281.200s][info][gc,task        ] GC(1609) Using 1 workers of 1 for evacuation
[281.204s][info][gc,phases      ] GC(1609)   Pre Evacuate Collection Set: 0.0ms
[281.204s][info][gc,phases      ] GC(1609)   Evacuate Collection Set: 2.9ms
[281.204s][info][gc,phases      ] GC(1609)   Post Evacuate Collection Set: 0.4ms
[281.204s][info][gc,phases      ] GC(1609)   Other: 0.4ms
[281.204s][info][gc,heap        ] GC(1609) Eden regions: 280->0(280)
[281.204s][info][gc,heap        ] GC(1609) Survivor regions: 1->1(36)
[281.204s][info][gc,heap        ] GC(1609) Old regions: 74->74
[281.204s][info][gc,heap        ] GC(1609) Humongous regions: 6->6
[281.204s][info][gc,metaspace   ] GC(1609) Metaspace: 73154K->73154K(1116160K)
[281.204s][info][gc             ] GC(1609) Pause Young (Normal) (G1 Evacuation Pause) 358M->78M(469M) 3.783ms
[281.204s][info][gc,cpu         ] GC(1609) User=0.01s Sys=0.00s Real=0.00s
[281.340s][info][gc,start       ] GC(1610) Pause Young (Normal) (G1 Evacuation Pause)
[281.340s][info][gc,task        ] GC(1610) Using 1 workers of 1 for evacuation
[281.344s][info][gc,phases      ] GC(1610)   Pre Evacuate Collection Set: 0.0ms
[281.344s][info][gc,phases      ] GC(1610)   Evacuate Collection Set: 3.5ms
[281.344s][info][gc,phases      ] GC(1610)   Post Evacuate Collection Set: 0.6ms
[281.344s][info][gc,phases      ] GC(1610)   Other: 0.3ms
[281.344s][info][gc,heap        ] GC(1610) Eden regions: 280->0(280)
[281.344s][info][gc,heap        ] GC(1610) Survivor regions: 1->1(36)
[281.344s][info][gc,heap        ] GC(1610) Old regions: 74->74
[281.344s][info][gc,heap        ] GC(1610) Humongous regions: 6->6
[281.344s][info][gc,metaspace   ] GC(1610) Metaspace: 73154K->73154K(1116160K)
[281.344s][info][gc             ] GC(1610) Pause Young (Normal) (G1 Evacuation Pause) 358M->78M(469M) 4.680ms
[281.345s][info][gc,cpu         ] GC(1610) User=0.01s Sys=0.00s Real=0.00s
[281.512s][info][gc,start       ] GC(1611) Pause Young (Normal) (G1 Evacuation Pause)
[281.512s][info][gc,task        ] GC(1611) Using 1 workers of 1 for evacuation
[281.516s][info][gc,phases      ] GC(1611)   Pre Evacuate Collection Set: 0.0ms
[281.516s][info][gc,phases      ] GC(1611)   Evacuate Collection Set: 2.9ms
[281.516s][info][gc,phases      ] GC(1611)   Post Evacuate Collection Set: 0.4ms
[281.516s][info][gc,phases      ] GC(1611)   Other: 0.4ms
[281.516s][info][gc,heap        ] GC(1611) Eden regions: 280->0(280)
[281.516s][info][gc,heap        ] GC(1611) Survivor regions: 1->1(36)
[281.516s][info][gc,heap        ] GC(1611) Old regions: 74->74
[281.516s][info][gc,heap        ] GC(1611) Humongous regions: 6->6
[281.516s][info][gc,metaspace   ] GC(1611) Metaspace: 73154K->73154K(1116160K)
[281.516s][info][gc             ] GC(1611) Pause Young (Normal) (G1 Evacuation Pause) 358M->78M(469M) 3.772ms
[281.516s][info][gc,cpu         ] GC(1611) User=0.01s Sys=0.00s Real=0.00s
[281.687s][info][gc,start       ] GC(1612) Pause Young (Normal) (G1 Evacuation Pause)
[281.687s][info][gc,task        ] GC(1612) Using 1 workers of 1 for evacuation
[281.691s][info][gc,phases      ] GC(1612)   Pre Evacuate Collection Set: 0.0ms
[281.691s][info][gc,phases      ] GC(1612)   Evacuate Collection Set: 2.8ms
[281.691s][info][gc,phases      ] GC(1612)   Post Evacuate Collection Set: 0.4ms
[281.691s][info][gc,phases      ] GC(1612)   Other: 0.4ms
[281.691s][info][gc,heap        ] GC(1612) Eden regions: 280->0(280)
[281.691s][info][gc,heap        ] GC(1612) Survivor regions: 1->1(36)
[281.691s][info][gc,heap        ] GC(1612) Old regions: 74->74
[281.691s][info][gc,heap        ] GC(1612) Humongous regions: 11->6
[281.691s][info][gc,metaspace   ] GC(1612) Metaspace: 73171K->73171K(1116160K)
[281.691s][info][gc             ] GC(1612) Pause Young (Normal) (G1 Evacuation Pause) 363M->77M(469M) 3.591ms
[281.691s][info][gc,cpu         ] GC(1612) User=0.01s Sys=0.00s Real=0.00s
[281.832s][info][gc,start       ] GC(1613) Pause Young (Normal) (G1 Evacuation Pause)
[281.832s][info][gc,task        ] GC(1613) Using 1 workers of 1 for evacuation
[281.836s][info][gc,phases      ] GC(1613)   Pre Evacuate Collection Set: 0.0ms
[281.836s][info][gc,phases      ] GC(1613)   Evacuate Collection Set: 2.9ms
[281.836s][info][gc,phases      ] GC(1613)   Post Evacuate Collection Set: 0.4ms
[281.836s][info][gc,phases      ] GC(1613)   Other: 0.4ms
[281.836s][info][gc,heap        ] GC(1613) Eden regions: 280->0(280)
[281.836s][info][gc,heap        ] GC(1613) Survivor regions: 1->1(36)
[281.836s][info][gc,heap        ] GC(1613) Old regions: 74->74
[281.836s][info][gc,heap        ] GC(1613) Humongous regions: 6->6
[281.836s][info][gc,metaspace   ] GC(1613) Metaspace: 73171K->73171K(1116160K)
[281.836s][info][gc             ] GC(1613) Pause Young (Normal) (G1 Evacuation Pause) 357M->77M(469M) 3.794ms
[281.836s][info][gc,cpu         ] GC(1613) User=0.00s Sys=0.00s Real=0.00s
[281.980s][info][gc,start       ] GC(1614) Pause Young (Normal) (G1 Evacuation Pause)
[281.980s][info][gc,task        ] GC(1614) Using 1 workers of 1 for evacuation
[281.984s][info][gc,phases      ] GC(1614)   Pre Evacuate Collection Set: 0.0ms
[281.984s][info][gc,phases      ] GC(1614)   Evacuate Collection Set: 2.8ms
[281.984s][info][gc,phases      ] GC(1614)   Post Evacuate Collection Set: 0.4ms
[281.984s][info][gc,phases      ] GC(1614)   Other: 0.3ms
[281.984s][info][gc,heap        ] GC(1614) Eden regions: 280->0(280)
[281.984s][info][gc,heap        ] GC(1614) Survivor regions: 1->1(36)
[281.984s][info][gc,heap        ] GC(1614) Old regions: 74->74
[281.984s][info][gc,heap        ] GC(1614) Humongous regions: 6->6
[281.984s][info][gc,metaspace   ] GC(1614) Metaspace: 73171K->73171K(1116160K)
[281.984s][info][gc             ] GC(1614) Pause Young (Normal) (G1 Evacuation Pause) 357M->77M(469M) 3.572ms
[281.984s][info][gc,cpu         ] GC(1614) User=0.00s Sys=0.00s Real=0.00s
[282.174s][info][gc,start       ] GC(1615) Pause Young (Normal) (G1 Evacuation Pause)
[282.174s][info][gc,task        ] GC(1615) Using 1 workers of 1 for evacuation
[282.178s][info][gc,phases      ] GC(1615)   Pre Evacuate Collection Set: 0.0ms
[282.178s][info][gc,phases      ] GC(1615)   Evacuate Collection Set: 2.9ms
[282.178s][info][gc,phases      ] GC(1615)   Post Evacuate Collection Set: 0.5ms
[282.178s][info][gc,phases      ] GC(1615)   Other: 0.4ms
[282.178s][info][gc,heap        ] GC(1615) Eden regions: 280->0(280)
[282.178s][info][gc,heap        ] GC(1615) Survivor regions: 1->1(36)
[282.178s][info][gc,heap        ] GC(1615) Old regions: 74->74
[282.178s][info][gc,heap        ] GC(1615) Humongous regions: 6->6
[282.178s][info][gc,metaspace   ] GC(1615) Metaspace: 73171K->73171K(1116160K)
[282.178s][info][gc             ] GC(1615) Pause Young (Normal) (G1 Evacuation Pause) 357M->78M(469M) 3.856ms
[282.178s][info][gc,cpu         ] GC(1615) User=0.00s Sys=0.00s Real=0.00s
[282.357s][info][gc,start       ] GC(1616) Pause Young (Normal) (G1 Evacuation Pause)
[282.357s][info][gc,task        ] GC(1616) Using 1 workers of 1 for evacuation
[282.361s][info][gc,phases      ] GC(1616)   Pre Evacuate Collection Set: 0.0ms
[282.361s][info][gc,phases      ] GC(1616)   Evacuate Collection Set: 3.0ms
[282.361s][info][gc,phases      ] GC(1616)   Post Evacuate Collection Set: 0.4ms
[282.361s][info][gc,phases      ] GC(1616)   Other: 0.3ms
[282.361s][info][gc,heap        ] GC(1616) Eden regions: 280->0(280)
[282.361s][info][gc,heap        ] GC(1616) Survivor regions: 1->1(36)
[282.361s][info][gc,heap        ] GC(1616) Old regions: 74->74
[282.361s][info][gc,heap        ] GC(1616) Humongous regions: 6->6
[282.361s][info][gc,metaspace   ] GC(1616) Metaspace: 73171K->73171K(1116160K)
[282.361s][info][gc             ] GC(1616) Pause Young (Normal) (G1 Evacuation Pause) 358M->78M(469M) 3.842ms
[282.361s][info][gc,cpu         ] GC(1616) User=0.01s Sys=0.00s Real=0.01s
[282.526s][info][gc,start       ] GC(1617) Pause Young (Normal) (G1 Evacuation Pause)
[282.526s][info][gc,task        ] GC(1617) Using 1 workers of 1 for evacuation
[282.530s][info][gc,phases      ] GC(1617)   Pre Evacuate Collection Set: 0.0ms
[282.530s][info][gc,phases      ] GC(1617)   Evacuate Collection Set: 3.0ms
[282.530s][info][gc,phases      ] GC(1617)   Post Evacuate Collection Set: 0.4ms
[282.530s][info][gc,phases      ] GC(1617)   Other: 0.6ms
[282.530s][info][gc,heap        ] GC(1617) Eden regions: 280->0(280)
[282.530s][info][gc,heap        ] GC(1617) Survivor regions: 1->1(36)
[282.530s][info][gc,heap        ] GC(1617) Old regions: 74->74
[282.530s][info][gc,heap        ] GC(1617) Humongous regions: 11->6
[282.530s][info][gc,metaspace   ] GC(1617) Metaspace: 73196K->73196K(1116160K)
[282.530s][info][gc             ] GC(1617) Pause Young (Normal) (G1 Evacuation Pause) 363M->78M(469M) 4.189ms
[282.530s][info][gc,cpu         ] GC(1617) User=0.01s Sys=0.00s Real=0.01s
[282.691s][info][gc,start       ] GC(1618) Pause Young (Normal) (G1 Evacuation Pause)
[282.691s][info][gc,task        ] GC(1618) Using 1 workers of 1 for evacuation
[282.694s][info][gc,phases      ] GC(1618)   Pre Evacuate Collection Set: 0.0ms
[282.695s][info][gc,phases      ] GC(1618)   Evacuate Collection Set: 3.0ms
[282.695s][info][gc,phases      ] GC(1618)   Post Evacuate Collection Set: 0.4ms
[282.695s][info][gc,phases      ] GC(1618)   Other: 0.4ms
[282.695s][info][gc,heap        ] GC(1618) Eden regions: 280->0(280)
[282.695s][info][gc,heap        ] GC(1618) Survivor regions: 1->1(36)
[282.695s][info][gc,heap        ] GC(1618) Old regions: 74->74
[282.695s][info][gc,heap        ] GC(1618) Humongous regions: 6->6
[282.695s][info][gc,metaspace   ] GC(1618) Metaspace: 73196K->73196K(1116160K)
[282.695s][info][gc             ] GC(1618) Pause Young (Normal) (G1 Evacuation Pause) 358M->78M(469M) 3.813ms
[282.695s][info][gc,cpu         ] GC(1618) User=0.00s Sys=0.00s Real=0.00s
[282.830s][info][gc,start       ] GC(1619) Pause Young (Normal) (G1 Evacuation Pause)
[282.830s][info][gc,task        ] GC(1619) Using 1 workers of 1 for evacuation
[282.833s][info][gc,phases      ] GC(1619)   Pre Evacuate Collection Set: 0.0ms
[282.833s][info][gc,phases      ] GC(1619)   Evacuate Collection Set: 2.9ms
[282.833s][info][gc,phases      ] GC(1619)   Post Evacuate Collection Set: 0.4ms
[282.833s][info][gc,phases      ] GC(1619)   Other: 0.3ms
[282.833s][info][gc,heap        ] GC(1619) Eden regions: 280->0(280)
[282.833s][info][gc,heap        ] GC(1619) Survivor regions: 1->1(36)
[282.833s][info][gc,heap        ] GC(1619) Old regions: 74->74
[282.833s][info][gc,heap        ] GC(1619) Humongous regions: 6->6
[282.833s][info][gc,metaspace   ] GC(1619) Metaspace: 73196K->73196K(1116160K)
[282.834s][info][gc             ] GC(1619) Pause Young (Normal) (G1 Evacuation Pause) 358M->78M(469M) 3.767ms
[282.834s][info][gc,cpu         ] GC(1619) User=0.01s Sys=0.00s Real=0.00s
[283.039s][info][gc,start       ] GC(1620) Pause Young (Normal) (G1 Evacuation Pause)
[283.039s][info][gc,task        ] GC(1620) Using 1 workers of 1 for evacuation
[283.043s][info][gc,phases      ] GC(1620)   Pre Evacuate Collection Set: 0.0ms
[283.043s][info][gc,phases      ] GC(1620)   Evacuate Collection Set: 3.2ms
[283.043s][info][gc,phases      ] GC(1620)   Post Evacuate Collection Set: 0.4ms
[283.043s][info][gc,phases      ] GC(1620)   Other: 0.4ms
[283.043s][info][gc,heap        ] GC(1620) Eden regions: 280->0(280)
[283.043s][info][gc,heap        ] GC(1620) Survivor regions: 1->1(36)
[283.043s][info][gc,heap        ] GC(1620) Old regions: 74->74
[283.043s][info][gc,heap        ] GC(1620) Humongous regions: 6->6
[283.043s][info][gc,metaspace   ] GC(1620) Metaspace: 73196K->73196K(1116160K)
[283.043s][info][gc             ] GC(1620) Pause Young (Normal) (G1 Evacuation Pause) 358M->78M(469M) 4.068ms
[283.043s][info][gc,cpu         ] GC(1620) User=0.01s Sys=0.00s Real=0.00s
[283.218s][info][gc,start       ] GC(1621) Pause Young (Normal) (G1 Evacuation Pause)
[283.218s][info][gc,task        ] GC(1621) Using 1 workers of 1 for evacuation
[283.221s][info][gc,phases      ] GC(1621)   Pre Evacuate Collection Set: 0.0ms
[283.221s][info][gc,phases      ] GC(1621)   Evacuate Collection Set: 3.1ms
[283.221s][info][gc,phases      ] GC(1621)   Post Evacuate Collection Set: 0.4ms
[283.221s][info][gc,phases      ] GC(1621)   Other: 0.3ms
[283.221s][info][gc,heap        ] GC(1621) Eden regions: 280->0(280)
[283.221s][info][gc,heap        ] GC(1621) Survivor regions: 1->1(36)
[283.221s][info][gc,heap        ] GC(1621) Old regions: 74->74
[283.221s][info][gc,heap        ] GC(1621) Humongous regions: 6->6
[283.221s][info][gc,metaspace   ] GC(1621) Metaspace: 73196K->73196K(1116160K)
[283.221s][info][gc             ] GC(1621) Pause Young (Normal) (G1 Evacuation Pause) 358M->78M(469M) 3.891ms
[283.221s][info][gc,cpu         ] GC(1621) User=0.01s Sys=0.00s Real=0.01s
[283.413s][info][gc,start       ] GC(1622) Pause Young (Normal) (G1 Evacuation Pause)
[283.413s][info][gc,task        ] GC(1622) Using 1 workers of 1 for evacuation
[283.418s][info][gc,phases      ] GC(1622)   Pre Evacuate Collection Set: 0.0ms
[283.418s][info][gc,phases      ] GC(1622)   Evacuate Collection Set: 3.8ms
[283.418s][info][gc,phases      ] GC(1622)   Post Evacuate Collection Set: 0.4ms
[283.418s][info][gc,phases      ] GC(1622)   Other: 0.5ms
[283.418s][info][gc,heap        ] GC(1622) Eden regions: 280->0(280)
[283.418s][info][gc,heap        ] GC(1622) Survivor regions: 1->1(36)
[283.418s][info][gc,heap        ] GC(1622) Old regions: 74->74
[283.418s][info][gc,heap        ] GC(1622) Humongous regions: 6->6
[283.418s][info][gc,metaspace   ] GC(1622) Metaspace: 73196K->73196K(1116160K)
[283.418s][info][gc             ] GC(1622) Pause Young (Normal) (G1 Evacuation Pause) 358M->78M(469M) 4.800ms
[283.418s][info][gc,cpu         ] GC(1622) User=0.00s Sys=0.00s Real=0.00s
[283.582s][info][gc,start       ] GC(1623) Pause Young (Normal) (G1 Evacuation Pause)
[283.582s][info][gc,task        ] GC(1623) Using 1 workers of 1 for evacuation
[283.585s][info][gc,phases      ] GC(1623)   Pre Evacuate Collection Set: 0.0ms
[283.585s][info][gc,phases      ] GC(1623)   Evacuate Collection Set: 2.9ms
[283.585s][info][gc,phases      ] GC(1623)   Post Evacuate Collection Set: 0.4ms
[283.585s][info][gc,phases      ] GC(1623)   Other: 0.4ms
[283.585s][info][gc,heap        ] GC(1623) Eden regions: 280->0(280)
[283.585s][info][gc,heap        ] GC(1623) Survivor regions: 1->1(36)
[283.585s][info][gc,heap        ] GC(1623) Old regions: 74->74
[283.585s][info][gc,heap        ] GC(1623) Humongous regions: 11->6
[283.585s][info][gc,metaspace   ] GC(1623) Metaspace: 73199K->73199K(1116160K)
[283.585s][info][gc             ] GC(1623) Pause Young (Normal) (G1 Evacuation Pause) 363M->78M(469M) 3.731ms
[283.585s][info][gc,cpu         ] GC(1623) User=0.01s Sys=0.00s Real=0.00s
[283.742s][info][gc,start       ] GC(1624) Pause Young (Normal) (G1 Evacuation Pause)
[283.742s][info][gc,task        ] GC(1624) Using 1 workers of 1 for evacuation
[283.751s][info][gc,phases      ] GC(1624)   Pre Evacuate Collection Set: 0.0ms
[283.751s][info][gc,phases      ] GC(1624)   Evacuate Collection Set: 6.3ms
[283.751s][info][gc,phases      ] GC(1624)   Post Evacuate Collection Set: 1.7ms
[283.751s][info][gc,phases      ] GC(1624)   Other: 0.8ms
[283.751s][info][gc,heap        ] GC(1624) Eden regions: 280->0(280)
[283.751s][info][gc,heap        ] GC(1624) Survivor regions: 1->1(36)
[283.751s][info][gc,heap        ] GC(1624) Old regions: 74->74
[283.751s][info][gc,heap        ] GC(1624) Humongous regions: 6->6
[283.751s][info][gc,metaspace   ] GC(1624) Metaspace: 73199K->73199K(1116160K)
[283.751s][info][gc             ] GC(1624) Pause Young (Normal) (G1 Evacuation Pause) 358M->78M(469M) 8.919ms
[283.751s][info][gc,cpu         ] GC(1624) User=0.01s Sys=0.00s Real=0.01s
[283.918s][info][gc,start       ] GC(1625) Pause Young (Normal) (G1 Evacuation Pause)
[283.918s][info][gc,task        ] GC(1625) Using 1 workers of 1 for evacuation
[283.922s][info][gc,phases      ] GC(1625)   Pre Evacuate Collection Set: 0.0ms
[283.922s][info][gc,phases      ] GC(1625)   Evacuate Collection Set: 3.5ms
[283.922s][info][gc,phases      ] GC(1625)   Post Evacuate Collection Set: 0.5ms
[283.922s][info][gc,phases      ] GC(1625)   Other: 0.4ms
[283.922s][info][gc,heap        ] GC(1625) Eden regions: 280->0(280)
[283.922s][info][gc,heap        ] GC(1625) Survivor regions: 1->1(36)
[283.922s][info][gc,heap        ] GC(1625) Old regions: 74->74
[283.922s][info][gc,heap        ] GC(1625) Humongous regions: 6->6
[283.922s][info][gc,metaspace   ] GC(1625) Metaspace: 73199K->73199K(1116160K)
[283.922s][info][gc             ] GC(1625) Pause Young (Normal) (G1 Evacuation Pause) 358M->78M(469M) 4.563ms
[283.922s][info][gc,cpu         ] GC(1625) User=0.00s Sys=0.00s Real=0.01s
[284.076s][info][gc,start       ] GC(1626) Pause Young (Normal) (G1 Evacuation Pause)
[284.077s][info][gc,task        ] GC(1626) Using 1 workers of 1 for evacuation
[284.080s][info][gc,phases      ] GC(1626)   Pre Evacuate Collection Set: 0.0ms
[284.080s][info][gc,phases      ] GC(1626)   Evacuate Collection Set: 3.0ms
[284.080s][info][gc,phases      ] GC(1626)   Post Evacuate Collection Set: 0.4ms
[284.080s][info][gc,phases      ] GC(1626)   Other: 0.4ms
[284.080s][info][gc,heap        ] GC(1626) Eden regions: 280->0(280)
[284.080s][info][gc,heap        ] GC(1626) Survivor regions: 1->1(36)
[284.080s][info][gc,heap        ] GC(1626) Old regions: 74->74
[284.080s][info][gc,heap        ] GC(1626) Humongous regions: 6->6
[284.080s][info][gc,metaspace   ] GC(1626) Metaspace: 73199K->73199K(1116160K)
[284.080s][info][gc             ] GC(1626) Pause Young (Normal) (G1 Evacuation Pause) 358M->78M(469M) 3.911ms
[284.080s][info][gc,cpu         ] GC(1626) User=0.00s Sys=0.00s Real=0.01s
[284.232s][info][gc,start       ] GC(1627) Pause Young (Normal) (G1 Evacuation Pause)
[284.232s][info][gc,task        ] GC(1627) Using 1 workers of 1 for evacuation
[284.236s][info][gc,phases      ] GC(1627)   Pre Evacuate Collection Set: 0.0ms
[284.236s][info][gc,phases      ] GC(1627)   Evacuate Collection Set: 3.4ms
[284.236s][info][gc,phases      ] GC(1627)   Post Evacuate Collection Set: 0.4ms
[284.236s][info][gc,phases      ] GC(1627)   Other: 0.4ms
[284.236s][info][gc,heap        ] GC(1627) Eden regions: 280->0(280)
[284.236s][info][gc,heap        ] GC(1627) Survivor regions: 1->1(36)
[284.236s][info][gc,heap        ] GC(1627) Old regions: 74->74
[284.236s][info][gc,heap        ] GC(1627) Humongous regions: 6->6
[284.236s][info][gc,metaspace   ] GC(1627) Metaspace: 73199K->73199K(1116160K)
[284.236s][info][gc             ] GC(1627) Pause Young (Normal) (G1 Evacuation Pause) 358M->78M(469M) 4.289ms
[284.236s][info][gc,cpu         ] GC(1627) User=0.01s Sys=0.00s Real=0.00s
[284.406s][info][gc,start       ] GC(1628) Pause Young (Normal) (G1 Evacuation Pause)
[284.406s][info][gc,task        ] GC(1628) Using 1 workers of 1 for evacuation
[284.410s][info][gc,phases      ] GC(1628)   Pre Evacuate Collection Set: 0.0ms
[284.410s][info][gc,phases      ] GC(1628)   Evacuate Collection Set: 3.1ms
[284.410s][info][gc,phases      ] GC(1628)   Post Evacuate Collection Set: 0.4ms
[284.410s][info][gc,phases      ] GC(1628)   Other: 0.3ms
[284.410s][info][gc,heap        ] GC(1628) Eden regions: 280->0(280)
[284.410s][info][gc,heap        ] GC(1628) Survivor regions: 1->1(36)
[284.410s][info][gc,heap        ] GC(1628) Old regions: 74->74
[284.410s][info][gc,heap        ] GC(1628) Humongous regions: 11->6
[284.410s][info][gc,metaspace   ] GC(1628) Metaspace: 73207K->73207K(1116160K)
[284.410s][info][gc             ] GC(1628) Pause Young (Normal) (G1 Evacuation Pause) 363M->78M(469M) 3.972ms
[284.410s][info][gc,cpu         ] GC(1628) User=0.01s Sys=0.00s Real=0.01s
[284.554s][info][gc,start       ] GC(1629) Pause Young (Normal) (G1 Evacuation Pause)
[284.555s][info][gc,task        ] GC(1629) Using 1 workers of 1 for evacuation
[284.558s][info][gc,phases      ] GC(1629)   Pre Evacuate Collection Set: 0.0ms
[284.558s][info][gc,phases      ] GC(1629)   Evacuate Collection Set: 3.1ms
[284.558s][info][gc,phases      ] GC(1629)   Post Evacuate Collection Set: 0.5ms
[284.558s][info][gc,phases      ] GC(1629)   Other: 0.4ms
[284.558s][info][gc,heap        ] GC(1629) Eden regions: 280->0(280)
[284.558s][info][gc,heap        ] GC(1629) Survivor regions: 1->1(36)
[284.558s][info][gc,heap        ] GC(1629) Old regions: 74->74
[284.558s][info][gc,heap        ] GC(1629) Humongous regions: 6->6
[284.558s][info][gc,metaspace   ] GC(1629) Metaspace: 73207K->73207K(1116160K)
[284.558s][info][gc             ] GC(1629) Pause Young (Normal) (G1 Evacuation Pause) 358M->78M(469M) 4.037ms
[284.559s][info][gc,cpu         ] GC(1629) User=0.00s Sys=0.00s Real=0.00s
[284.734s][info][gc,start       ] GC(1630) Pause Young (Normal) (G1 Evacuation Pause)
[284.734s][info][gc,task        ] GC(1630) Using 1 workers of 1 for evacuation
[284.738s][info][gc,phases      ] GC(1630)   Pre Evacuate Collection Set: 0.0ms
[284.738s][info][gc,phases      ] GC(1630)   Evacuate Collection Set: 3.2ms
[284.738s][info][gc,phases      ] GC(1630)   Post Evacuate Collection Set: 0.5ms
[284.738s][info][gc,phases      ] GC(1630)   Other: 0.4ms
[284.738s][info][gc,heap        ] GC(1630) Eden regions: 280->0(280)
[284.738s][info][gc,heap        ] GC(1630) Survivor regions: 1->1(36)
[284.738s][info][gc,heap        ] GC(1630) Old regions: 74->74
[284.738s][info][gc,heap        ] GC(1630) Humongous regions: 6->6
[284.738s][info][gc,metaspace   ] GC(1630) Metaspace: 73207K->73207K(1116160K)
[284.738s][info][gc             ] GC(1630) Pause Young (Normal) (G1 Evacuation Pause) 358M->78M(469M) 4.136ms
[284.738s][info][gc,cpu         ] GC(1630) User=0.00s Sys=0.00s Real=0.00s
[284.923s][info][gc,start       ] GC(1631) Pause Young (Normal) (G1 Evacuation Pause)
[284.924s][info][gc,task        ] GC(1631) Using 1 workers of 1 for evacuation
[284.927s][info][gc,phases      ] GC(1631)   Pre Evacuate Collection Set: 0.0ms
[284.927s][info][gc,phases      ] GC(1631)   Evacuate Collection Set: 2.8ms
[284.927s][info][gc,phases      ] GC(1631)   Post Evacuate Collection Set: 0.5ms
[284.927s][info][gc,phases      ] GC(1631)   Other: 0.4ms
[284.927s][info][gc,heap        ] GC(1631) Eden regions: 280->0(280)
[284.927s][info][gc,heap        ] GC(1631) Survivor regions: 1->1(36)
[284.927s][info][gc,heap        ] GC(1631) Old regions: 74->74
[284.927s][info][gc,heap        ] GC(1631) Humongous regions: 6->6
[284.927s][info][gc,metaspace   ] GC(1631) Metaspace: 73207K->73207K(1116160K)
[284.927s][info][gc             ] GC(1631) Pause Young (Normal) (G1 Evacuation Pause) 358M->78M(469M) 3.780ms
[284.927s][info][gc,cpu         ] GC(1631) User=0.00s Sys=0.00s Real=0.01s
[285.067s][info][gc,start       ] GC(1632) Pause Young (Normal) (G1 Evacuation Pause)
[285.067s][info][gc,task        ] GC(1632) Using 1 workers of 1 for evacuation
[285.071s][info][gc,phases      ] GC(1632)   Pre Evacuate Collection Set: 0.0ms
[285.071s][info][gc,phases      ] GC(1632)   Evacuate Collection Set: 3.0ms
[285.071s][info][gc,phases      ] GC(1632)   Post Evacuate Collection Set: 0.4ms
[285.071s][info][gc,phases      ] GC(1632)   Other: 0.4ms
[285.071s][info][gc,heap        ] GC(1632) Eden regions: 280->0(280)
[285.071s][info][gc,heap        ] GC(1632) Survivor regions: 1->1(36)
[285.071s][info][gc,heap        ] GC(1632) Old regions: 74->74
[285.071s][info][gc,heap        ] GC(1632) Humongous regions: 6->6
[285.071s][info][gc,metaspace   ] GC(1632) Metaspace: 73207K->73207K(1116160K)
[285.071s][info][gc             ] GC(1632) Pause Young (Normal) (G1 Evacuation Pause) 358M->78M(469M) 4.178ms
[285.072s][info][gc,cpu         ] GC(1632) User=0.00s Sys=0.00s Real=0.00s
[285.335s][info][gc,start       ] GC(1633) Pause Young (Normal) (G1 Evacuation Pause)
[285.335s][info][gc,task        ] GC(1633) Using 1 workers of 1 for evacuation
[285.339s][info][gc,phases      ] GC(1633)   Pre Evacuate Collection Set: 0.0ms
[285.339s][info][gc,phases      ] GC(1633)   Evacuate Collection Set: 3.7ms
[285.339s][info][gc,phases      ] GC(1633)   Post Evacuate Collection Set: 0.4ms
[285.339s][info][gc,phases      ] GC(1633)   Other: 0.4ms
[285.339s][info][gc,heap        ] GC(1633) Eden regions: 280->0(280)
[285.339s][info][gc,heap        ] GC(1633) Survivor regions: 1->1(36)
[285.339s][info][gc,heap        ] GC(1633) Old regions: 74->74
[285.339s][info][gc,heap        ] GC(1633) Humongous regions: 11->6
[285.339s][info][gc,metaspace   ] GC(1633) Metaspace: 73211K->73211K(1116160K)
[285.339s][info][gc             ] GC(1633) Pause Young (Normal) (G1 Evacuation Pause) 363M->78M(469M) 4.581ms
[285.339s][info][gc,cpu         ] GC(1633) User=0.00s Sys=0.00s Real=0.01s
[285.484s][info][gc,start       ] GC(1634) Pause Young (Normal) (G1 Evacuation Pause)
[285.484s][info][gc,task        ] GC(1634) Using 1 workers of 1 for evacuation
[285.488s][info][gc,phases      ] GC(1634)   Pre Evacuate Collection Set: 0.0ms
[285.488s][info][gc,phases      ] GC(1634)   Evacuate Collection Set: 3.3ms
[285.488s][info][gc,phases      ] GC(1634)   Post Evacuate Collection Set: 0.4ms
[285.488s][info][gc,phases      ] GC(1634)   Other: 0.3ms
[285.488s][info][gc,heap        ] GC(1634) Eden regions: 280->0(280)
[285.488s][info][gc,heap        ] GC(1634) Survivor regions: 1->1(36)
[285.488s][info][gc,heap        ] GC(1634) Old regions: 74->74
[285.488s][info][gc,heap        ] GC(1634) Humongous regions: 6->6
[285.488s][info][gc,metaspace   ] GC(1634) Metaspace: 73211K->73211K(1116160K)
[285.488s][info][gc             ] GC(1634) Pause Young (Normal) (G1 Evacuation Pause) 358M->78M(469M) 4.114ms
[285.488s][info][gc,cpu         ] GC(1634) User=0.01s Sys=0.00s Real=0.01s
[285.632s][info][gc,start       ] GC(1635) Pause Young (Normal) (G1 Evacuation Pause)
[285.632s][info][gc,task        ] GC(1635) Using 1 workers of 1 for evacuation
[285.635s][info][gc,phases      ] GC(1635)   Pre Evacuate Collection Set: 0.0ms
[285.636s][info][gc,phases      ] GC(1635)   Evacuate Collection Set: 3.1ms
[285.636s][info][gc,phases      ] GC(1635)   Post Evacuate Collection Set: 0.4ms
[285.636s][info][gc,phases      ] GC(1635)   Other: 0.3ms
[285.636s][info][gc,heap        ] GC(1635) Eden regions: 280->0(280)
[285.636s][info][gc,heap        ] GC(1635) Survivor regions: 1->1(36)
[285.636s][info][gc,heap        ] GC(1635) Old regions: 74->74
[285.636s][info][gc,heap        ] GC(1635) Humongous regions: 6->6
[285.636s][info][gc,metaspace   ] GC(1635) Metaspace: 73211K->73211K(1116160K)
[285.636s][info][gc             ] GC(1635) Pause Young (Normal) (G1 Evacuation Pause) 358M->78M(469M) 3.910ms
[285.636s][info][gc,cpu         ] GC(1635) User=0.01s Sys=0.00s Real=0.00s
[285.822s][info][gc,start       ] GC(1636) Pause Young (Normal) (G1 Evacuation Pause)
[285.823s][info][gc,task        ] GC(1636) Using 1 workers of 1 for evacuation
[285.828s][info][gc,phases      ] GC(1636)   Pre Evacuate Collection Set: 0.0ms
[285.828s][info][gc,phases      ] GC(1636)   Evacuate Collection Set: 4.1ms
[285.828s][info][gc,phases      ] GC(1636)   Post Evacuate Collection Set: 0.5ms
[285.828s][info][gc,phases      ] GC(1636)   Other: 0.5ms
[285.828s][info][gc,heap        ] GC(1636) Eden regions: 280->0(280)
[285.828s][info][gc,heap        ] GC(1636) Survivor regions: 1->1(36)
[285.828s][info][gc,heap        ] GC(1636) Old regions: 74->74
[285.828s][info][gc,heap        ] GC(1636) Humongous regions: 6->6
[285.828s][info][gc,metaspace   ] GC(1636) Metaspace: 73211K->73211K(1116160K)
[285.828s][info][gc             ] GC(1636) Pause Young (Normal) (G1 Evacuation Pause) 358M->78M(469M) 5.257ms
[285.828s][info][gc,cpu         ] GC(1636) User=0.01s Sys=0.00s Real=0.01s
[285.974s][info][gc,start       ] GC(1637) Pause Young (Normal) (G1 Evacuation Pause)
[285.974s][info][gc,task        ] GC(1637) Using 1 workers of 1 for evacuation
[285.978s][info][gc,phases      ] GC(1637)   Pre Evacuate Collection Set: 0.0ms
[285.978s][info][gc,phases      ] GC(1637)   Evacuate Collection Set: 3.2ms
[285.978s][info][gc,phases      ] GC(1637)   Post Evacuate Collection Set: 0.4ms
[285.978s][info][gc,phases      ] GC(1637)   Other: 0.3ms
[285.978s][info][gc,heap        ] GC(1637) Eden regions: 280->0(280)
[285.978s][info][gc,heap        ] GC(1637) Survivor regions: 1->1(36)
[285.978s][info][gc,heap        ] GC(1637) Old regions: 74->74
[285.978s][info][gc,heap        ] GC(1637) Humongous regions: 6->6
[285.978s][info][gc,metaspace   ] GC(1637) Metaspace: 73211K->73211K(1116160K)
[285.978s][info][gc             ] GC(1637) Pause Young (Normal) (G1 Evacuation Pause) 358M->78M(469M) 4.018ms
[285.978s][info][gc,cpu         ] GC(1637) User=0.01s Sys=0.00s Real=0.00s
[286.155s][info][gc,start       ] GC(1638) Pause Young (Normal) (G1 Evacuation Pause)
[286.155s][info][gc,task        ] GC(1638) Using 1 workers of 1 for evacuation
[286.159s][info][gc,phases      ] GC(1638)   Pre Evacuate Collection Set: 0.0ms
[286.159s][info][gc,phases      ] GC(1638)   Evacuate Collection Set: 3.5ms
[286.159s][info][gc,phases      ] GC(1638)   Post Evacuate Collection Set: 0.4ms
[286.159s][info][gc,phases      ] GC(1638)   Other: 0.4ms
[286.159s][info][gc,heap        ] GC(1638) Eden regions: 280->0(280)
[286.159s][info][gc,heap        ] GC(1638) Survivor regions: 1->1(36)
[286.159s][info][gc,heap        ] GC(1638) Old regions: 74->74
[286.159s][info][gc,heap        ] GC(1638) Humongous regions: 6->6
[286.159s][info][gc,metaspace   ] GC(1638) Metaspace: 73211K->73211K(1116160K)
[286.159s][info][gc             ] GC(1638) Pause Young (Normal) (G1 Evacuation Pause) 358M->78M(469M) 4.330ms
[286.159s][info][gc,cpu         ] GC(1638) User=0.01s Sys=0.00s Real=0.01s
[286.786s][info][gc,start       ] GC(1639) Pause Young (Normal) (G1 Evacuation Pause)
[286.786s][info][gc,task        ] GC(1639) Using 1 workers of 1 for evacuation
[286.798s][info][gc,phases      ] GC(1639)   Pre Evacuate Collection Set: 0.0ms
[286.798s][info][gc,phases      ] GC(1639)   Evacuate Collection Set: 11.6ms
[286.798s][info][gc,phases      ] GC(1639)   Post Evacuate Collection Set: 0.4ms
[286.798s][info][gc,phases      ] GC(1639)   Other: 0.5ms
[286.798s][info][gc,heap        ] GC(1639) Eden regions: 280->0(277)
[286.798s][info][gc,heap        ] GC(1639) Survivor regions: 1->4(36)
[286.798s][info][gc,heap        ] GC(1639) Old regions: 74->74
[286.798s][info][gc,heap        ] GC(1639) Humongous regions: 41->6
[286.798s][info][gc,metaspace   ] GC(1639) Metaspace: 73308K->73308K(1116160K)
[286.798s][info][gc             ] GC(1639) Pause Young (Normal) (G1 Evacuation Pause) 393M->81M(469M) 12.596ms
[286.798s][info][gc,cpu         ] GC(1639) User=0.02s Sys=0.00s Real=0.02s
[287.258s][info][gc,start       ] GC(1640) Pause Young (Normal) (G1 Evacuation Pause)
[287.258s][info][gc,task        ] GC(1640) Using 1 workers of 1 for evacuation
[287.270s][info][gc,phases      ] GC(1640)   Pre Evacuate Collection Set: 0.0ms
[287.270s][info][gc,phases      ] GC(1640)   Evacuate Collection Set: 10.5ms
[287.270s][info][gc,phases      ] GC(1640)   Post Evacuate Collection Set: 0.5ms
[287.270s][info][gc,phases      ] GC(1640)   Other: 0.4ms
[287.270s][info][gc,heap        ] GC(1640) Eden regions: 277->0(277)
[287.270s][info][gc,heap        ] GC(1640) Survivor regions: 4->4(36)
[287.270s][info][gc,heap        ] GC(1640) Old regions: 74->74
[287.270s][info][gc,heap        ] GC(1640) Humongous regions: 6->6
[287.270s][info][gc,metaspace   ] GC(1640) Metaspace: 73308K->73308K(1116160K)
[287.270s][info][gc             ] GC(1640) Pause Young (Normal) (G1 Evacuation Pause) 358M->81M(469M) 11.491ms
[287.270s][info][gc,cpu         ] GC(1640) User=0.01s Sys=0.00s Real=0.02s
[287.638s][info][gc,start       ] GC(1641) Pause Young (Normal) (G1 Evacuation Pause)
[287.639s][info][gc,task        ] GC(1641) Using 1 workers of 1 for evacuation
[287.645s][info][gc,phases      ] GC(1641)   Pre Evacuate Collection Set: 0.1ms
[287.645s][info][gc,phases      ] GC(1641)   Evacuate Collection Set: 6.1ms
[287.645s][info][gc,phases      ] GC(1641)   Post Evacuate Collection Set: 0.4ms
[287.645s][info][gc,phases      ] GC(1641)   Other: 0.4ms
[287.645s][info][gc,heap        ] GC(1641) Eden regions: 277->0(278)
[287.645s][info][gc,heap        ] GC(1641) Survivor regions: 4->3(36)
[287.645s][info][gc,heap        ] GC(1641) Old regions: 74->74
[287.645s][info][gc,heap        ] GC(1641) Humongous regions: 36->6
[287.645s][info][gc,metaspace   ] GC(1641) Metaspace: 73389K->73389K(1116160K)
[287.646s][info][gc             ] GC(1641) Pause Young (Normal) (G1 Evacuation Pause) 388M->80M(469M) 7.024ms
[287.646s][info][gc,cpu         ] GC(1641) User=0.01s Sys=0.00s Real=0.01s
[288.112s][info][gc,start       ] GC(1642) Pause Young (Normal) (G1 Evacuation Pause)
[288.112s][info][gc,task        ] GC(1642) Using 1 workers of 1 for evacuation
[288.119s][info][gc,phases      ] GC(1642)   Pre Evacuate Collection Set: 0.0ms
[288.119s][info][gc,phases      ] GC(1642)   Evacuate Collection Set: 6.8ms
[288.119s][info][gc,phases      ] GC(1642)   Post Evacuate Collection Set: 0.4ms
[288.119s][info][gc,phases      ] GC(1642)   Other: 0.4ms
[288.119s][info][gc,heap        ] GC(1642) Eden regions: 278->0(277)
[288.119s][info][gc,heap        ] GC(1642) Survivor regions: 3->4(36)
[288.119s][info][gc,heap        ] GC(1642) Old regions: 74->74
[288.119s][info][gc,heap        ] GC(1642) Humongous regions: 36->6
[288.119s][info][gc,metaspace   ] GC(1642) Metaspace: 73394K->73394K(1116160K)
[288.119s][info][gc             ] GC(1642) Pause Young (Normal) (G1 Evacuation Pause) 388M->81M(469M) 7.719ms
[288.119s][info][gc,cpu         ] GC(1642) User=0.01s Sys=0.00s Real=0.01s
[288.344s][info][gc,start       ] GC(1643) Pause Young (Normal) (G1 Evacuation Pause)
[288.345s][info][gc,task        ] GC(1643) Using 1 workers of 1 for evacuation
[288.353s][info][gc,phases      ] GC(1643)   Pre Evacuate Collection Set: 0.0ms
[288.353s][info][gc,phases      ] GC(1643)   Evacuate Collection Set: 7.5ms
[288.353s][info][gc,phases      ] GC(1643)   Post Evacuate Collection Set: 0.5ms
[288.353s][info][gc,phases      ] GC(1643)   Other: 0.5ms
[288.353s][info][gc,heap        ] GC(1643) Eden regions: 277->0(277)
[288.353s][info][gc,heap        ] GC(1643) Survivor regions: 4->4(36)
[288.353s][info][gc,heap        ] GC(1643) Old regions: 74->74
[288.353s][info][gc,heap        ] GC(1643) Humongous regions: 6->6
[288.353s][info][gc,metaspace   ] GC(1643) Metaspace: 73394K->73394K(1116160K)
[288.353s][info][gc             ] GC(1643) Pause Young (Normal) (G1 Evacuation Pause) 358M->81M(469M) 8.655ms
[288.353s][info][gc,cpu         ] GC(1643) User=0.00s Sys=0.00s Real=0.01s
[288.527s][info][gc,start       ] GC(1644) Pause Young (Normal) (G1 Evacuation Pause)
[288.527s][info][gc,task        ] GC(1644) Using 1 workers of 1 for evacuation
[288.535s][info][gc,phases      ] GC(1644)   Pre Evacuate Collection Set: 0.0ms
[288.535s][info][gc,phases      ] GC(1644)   Evacuate Collection Set: 6.7ms
[288.535s][info][gc,phases      ] GC(1644)   Post Evacuate Collection Set: 0.5ms
[288.535s][info][gc,phases      ] GC(1644)   Other: 0.4ms
[288.535s][info][gc,heap        ] GC(1644) Eden regions: 277->0(277)
[288.535s][info][gc,heap        ] GC(1644) Survivor regions: 4->4(36)
[288.535s][info][gc,heap        ] GC(1644) Old regions: 74->74
[288.535s][info][gc,heap        ] GC(1644) Humongous regions: 6->6
[288.535s][info][gc,metaspace   ] GC(1644) Metaspace: 73394K->73394K(1116160K)
[288.535s][info][gc             ] GC(1644) Pause Young (Normal) (G1 Evacuation Pause) 358M->81M(469M) 7.640ms
[288.535s][info][gc,cpu         ] GC(1644) User=0.01s Sys=0.00s Real=0.00s
[288.675s][info][gc,start       ] GC(1645) Pause Young (Normal) (G1 Evacuation Pause)
[288.676s][info][gc,task        ] GC(1645) Using 1 workers of 1 for evacuation
[288.682s][info][gc,phases      ] GC(1645)   Pre Evacuate Collection Set: 0.0ms
[288.682s][info][gc,phases      ] GC(1645)   Evacuate Collection Set: 6.0ms
[288.682s][info][gc,phases      ] GC(1645)   Post Evacuate Collection Set: 0.4ms
[288.682s][info][gc,phases      ] GC(1645)   Other: 0.4ms
[288.682s][info][gc,heap        ] GC(1645) Eden regions: 277->0(277)
[288.682s][info][gc,heap        ] GC(1645) Survivor regions: 4->4(36)
[288.682s][info][gc,heap        ] GC(1645) Old regions: 74->74
[288.682s][info][gc,heap        ] GC(1645) Humongous regions: 6->6
[288.682s][info][gc,metaspace   ] GC(1645) Metaspace: 73394K->73394K(1116160K)
[288.682s][info][gc             ] GC(1645) Pause Young (Normal) (G1 Evacuation Pause) 358M->81M(469M) 6.874ms
[288.682s][info][gc,cpu         ] GC(1645) User=0.00s Sys=0.00s Real=0.01s
[288.915s][info][gc,start       ] GC(1646) Pause Young (Normal) (G1 Evacuation Pause)
[288.915s][info][gc,task        ] GC(1646) Using 1 workers of 1 for evacuation
[288.922s][info][gc,phases      ] GC(1646)   Pre Evacuate Collection Set: 0.0ms
[288.922s][info][gc,phases      ] GC(1646)   Evacuate Collection Set: 6.0ms
[288.922s][info][gc,phases      ] GC(1646)   Post Evacuate Collection Set: 0.4ms
[288.922s][info][gc,phases      ] GC(1646)   Other: 0.4ms
[288.922s][info][gc,heap        ] GC(1646) Eden regions: 277->0(277)
[288.922s][info][gc,heap        ] GC(1646) Survivor regions: 4->4(36)
[288.922s][info][gc,heap        ] GC(1646) Old regions: 74->74
[288.922s][info][gc,heap        ] GC(1646) Humongous regions: 6->6
[288.922s][info][gc,metaspace   ] GC(1646) Metaspace: 73394K->73394K(1116160K)
[288.922s][info][gc             ] GC(1646) Pause Young (Normal) (G1 Evacuation Pause) 358M->81M(469M) 6.880ms
[288.922s][info][gc,cpu         ] GC(1646) User=0.00s Sys=0.00s Real=0.01s
[289.089s][info][gc,start       ] GC(1647) Pause Young (Normal) (G1 Evacuation Pause)
[289.089s][info][gc,task        ] GC(1647) Using 1 workers of 1 for evacuation
[289.096s][info][gc,phases      ] GC(1647)   Pre Evacuate Collection Set: 0.0ms
[289.096s][info][gc,phases      ] GC(1647)   Evacuate Collection Set: 6.4ms
[289.096s][info][gc,phases      ] GC(1647)   Post Evacuate Collection Set: 0.4ms
[289.096s][info][gc,phases      ] GC(1647)   Other: 0.4ms
[289.096s][info][gc,heap        ] GC(1647) Eden regions: 277->0(277)
[289.096s][info][gc,heap        ] GC(1647) Survivor regions: 4->4(36)
[289.096s][info][gc,heap        ] GC(1647) Old regions: 74->74
[289.096s][info][gc,heap        ] GC(1647) Humongous regions: 6->6
[289.096s][info][gc,metaspace   ] GC(1647) Metaspace: 73394K->73394K(1116160K)
[289.096s][info][gc             ] GC(1647) Pause Young (Normal) (G1 Evacuation Pause) 358M->81M(469M) 7.261ms
[289.096s][info][gc,cpu         ] GC(1647) User=0.01s Sys=0.00s Real=0.00s
[289.308s][info][gc,start       ] GC(1648) Pause Young (Normal) (G1 Evacuation Pause)
[289.308s][info][gc,task        ] GC(1648) Using 1 workers of 1 for evacuation
[289.324s][info][gc,phases      ] GC(1648)   Pre Evacuate Collection Set: 0.1ms
[289.324s][info][gc,phases      ] GC(1648)   Evacuate Collection Set: 14.2ms
[289.324s][info][gc,phases      ] GC(1648)   Post Evacuate Collection Set: 0.9ms
[289.324s][info][gc,phases      ] GC(1648)   Other: 0.6ms
[289.324s][info][gc,heap        ] GC(1648) Eden regions: 277->0(277)
[289.324s][info][gc,heap        ] GC(1648) Survivor regions: 4->4(36)
[289.324s][info][gc,heap        ] GC(1648) Old regions: 74->74
[289.324s][info][gc,heap        ] GC(1648) Humongous regions: 6->6
[289.324s][info][gc,metaspace   ] GC(1648) Metaspace: 73394K->73394K(1116160K)
[289.324s][info][gc             ] GC(1648) Pause Young (Normal) (G1 Evacuation Pause) 358M->81M(469M) 15.935ms
[289.324s][info][gc,cpu         ] GC(1648) User=0.01s Sys=0.00s Real=0.01s
[289.527s][info][gc,start       ] GC(1649) Pause Young (Normal) (G1 Evacuation Pause)
[289.527s][info][gc,task        ] GC(1649) Using 1 workers of 1 for evacuation
[289.541s][info][gc,phases      ] GC(1649)   Pre Evacuate Collection Set: 0.1ms
[289.541s][info][gc,phases      ] GC(1649)   Evacuate Collection Set: 12.7ms
[289.541s][info][gc,phases      ] GC(1649)   Post Evacuate Collection Set: 0.4ms
[289.541s][info][gc,phases      ] GC(1649)   Other: 0.9ms
[289.541s][info][gc,heap        ] GC(1649) Eden regions: 277->0(277)
[289.541s][info][gc,heap        ] GC(1649) Survivor regions: 4->4(36)
[289.541s][info][gc,heap        ] GC(1649) Old regions: 74->74
[289.541s][info][gc,heap        ] GC(1649) Humongous regions: 6->6
[289.541s][info][gc,metaspace   ] GC(1649) Metaspace: 73394K->73394K(1116160K)
[289.541s][info][gc             ] GC(1649) Pause Young (Normal) (G1 Evacuation Pause) 358M->81M(469M) 14.114ms
[289.541s][info][gc,cpu         ] GC(1649) User=0.02s Sys=0.00s Real=0.02s
[289.930s][info][gc,start       ] GC(1650) Pause Young (Normal) (G1 Evacuation Pause)
[289.930s][info][gc,task        ] GC(1650) Using 1 workers of 1 for evacuation
[289.937s][info][gc,phases      ] GC(1650)   Pre Evacuate Collection Set: 0.0ms
[289.937s][info][gc,phases      ] GC(1650)   Evacuate Collection Set: 6.5ms
[289.937s][info][gc,phases      ] GC(1650)   Post Evacuate Collection Set: 0.4ms
[289.937s][info][gc,phases      ] GC(1650)   Other: 0.4ms
[289.937s][info][gc,heap        ] GC(1650) Eden regions: 277->0(276)
[289.937s][info][gc,heap        ] GC(1650) Survivor regions: 4->5(36)
[289.937s][info][gc,heap        ] GC(1650) Old regions: 74->74
[289.937s][info][gc,heap        ] GC(1650) Humongous regions: 21->6
[289.937s][info][gc,metaspace   ] GC(1650) Metaspace: 73394K->73394K(1116160K)
[289.937s][info][gc             ] GC(1650) Pause Young (Normal) (G1 Evacuation Pause) 373M->82M(469M) 7.570ms
[289.937s][info][gc,cpu         ] GC(1650) User=0.01s Sys=0.00s Real=0.00s
[290.124s][info][gc,start       ] GC(1651) Pause Young (Normal) (G1 Evacuation Pause)
[290.124s][info][gc,task        ] GC(1651) Using 1 workers of 1 for evacuation
[290.134s][info][gc,phases      ] GC(1651)   Pre Evacuate Collection Set: 0.0ms
[290.135s][info][gc,phases      ] GC(1651)   Evacuate Collection Set: 9.3ms
[290.135s][info][gc,phases      ] GC(1651)   Post Evacuate Collection Set: 0.6ms
[290.135s][info][gc,phases      ] GC(1651)   Other: 0.7ms
[290.135s][info][gc,heap        ] GC(1651) Eden regions: 276->0(275)
[290.135s][info][gc,heap        ] GC(1651) Survivor regions: 5->6(36)
[290.135s][info][gc,heap        ] GC(1651) Old regions: 74->74
[290.135s][info][gc,heap        ] GC(1651) Humongous regions: 16->6
[290.135s][info][gc,metaspace   ] GC(1651) Metaspace: 73404K->73404K(1116160K)
[290.135s][info][gc             ] GC(1651) Pause Young (Normal) (G1 Evacuation Pause) 368M->83M(469M) 10.749ms
[290.135s][info][gc,cpu         ] GC(1651) User=0.01s Sys=0.00s Real=0.01s
[290.287s][info][gc,start       ] GC(1652) Pause Young (Normal) (G1 Evacuation Pause)
[290.287s][info][gc,task        ] GC(1652) Using 1 workers of 1 for evacuation
[290.296s][info][gc,phases      ] GC(1652)   Pre Evacuate Collection Set: 0.0ms
[290.296s][info][gc,phases      ] GC(1652)   Evacuate Collection Set: 8.3ms
[290.296s][info][gc,phases      ] GC(1652)   Post Evacuate Collection Set: 0.4ms
[290.296s][info][gc,phases      ] GC(1652)   Other: 0.3ms
[290.296s][info][gc,heap        ] GC(1652) Eden regions: 275->0(275)
[290.296s][info][gc,heap        ] GC(1652) Survivor regions: 6->6(36)
[290.296s][info][gc,heap        ] GC(1652) Old regions: 74->74
[290.296s][info][gc,heap        ] GC(1652) Humongous regions: 6->6
[290.296s][info][gc,metaspace   ] GC(1652) Metaspace: 73404K->73404K(1116160K)
[290.296s][info][gc             ] GC(1652) Pause Young (Normal) (G1 Evacuation Pause) 358M->83M(469M) 9.101ms
[290.296s][info][gc,cpu         ] GC(1652) User=0.01s Sys=0.00s Real=0.00s
[290.476s][info][gc,start       ] GC(1653) Pause Young (Normal) (G1 Evacuation Pause)
[290.476s][info][gc,task        ] GC(1653) Using 1 workers of 1 for evacuation
[290.484s][info][gc,phases      ] GC(1653)   Pre Evacuate Collection Set: 0.0ms
[290.484s][info][gc,phases      ] GC(1653)   Evacuate Collection Set: 6.8ms
[290.484s][info][gc,phases      ] GC(1653)   Post Evacuate Collection Set: 0.4ms
[290.484s][info][gc,phases      ] GC(1653)   Other: 0.4ms
[290.484s][info][gc,heap        ] GC(1653) Eden regions: 275->0(275)
[290.484s][info][gc,heap        ] GC(1653) Survivor regions: 6->6(36)
[290.484s][info][gc,heap        ] GC(1653) Old regions: 74->74
[290.484s][info][gc,heap        ] GC(1653) Humongous regions: 6->6
[290.484s][info][gc,metaspace   ] GC(1653) Metaspace: 73404K->73404K(1116160K)
[290.484s][info][gc             ] GC(1653) Pause Young (Normal) (G1 Evacuation Pause) 358M->83M(469M) 7.713ms
[290.484s][info][gc,cpu         ] GC(1653) User=0.01s Sys=0.00s Real=0.01s
[290.656s][info][gc,start       ] GC(1654) Pause Young (Normal) (G1 Evacuation Pause)
[290.656s][info][gc,task        ] GC(1654) Using 1 workers of 1 for evacuation
[290.666s][info][gc,phases      ] GC(1654)   Pre Evacuate Collection Set: 0.0ms
[290.666s][info][gc,phases      ] GC(1654)   Evacuate Collection Set: 9.6ms
[290.666s][info][gc,phases      ] GC(1654)   Post Evacuate Collection Set: 0.6ms
[290.666s][info][gc,phases      ] GC(1654)   Other: 0.4ms
[290.666s][info][gc,heap        ] GC(1654) Eden regions: 275->0(277)
[290.666s][info][gc,heap        ] GC(1654) Survivor regions: 6->4(36)
[290.666s][info][gc,heap        ] GC(1654) Old regions: 74->76
[290.666s][info][gc,heap        ] GC(1654) Humongous regions: 6->6
[290.666s][info][gc,metaspace   ] GC(1654) Metaspace: 73404K->73404K(1116160K)
[290.666s][info][gc             ] GC(1654) Pause Young (Normal) (G1 Evacuation Pause) 358M->83M(469M) 10.672ms
[290.666s][info][gc,cpu         ] GC(1654) User=0.01s Sys=0.00s Real=0.01s
[290.847s][info][gc,start       ] GC(1655) Pause Young (Normal) (G1 Evacuation Pause)
[290.847s][info][gc,task        ] GC(1655) Using 1 workers of 1 for evacuation
[290.853s][info][gc,phases      ] GC(1655)   Pre Evacuate Collection Set: 0.0ms
[290.853s][info][gc,phases      ] GC(1655)   Evacuate Collection Set: 5.3ms
[290.853s][info][gc,phases      ] GC(1655)   Post Evacuate Collection Set: 0.4ms
[290.853s][info][gc,phases      ] GC(1655)   Other: 0.3ms
[290.853s][info][gc,heap        ] GC(1655) Eden regions: 277->0(277)
[290.853s][info][gc,heap        ] GC(1655) Survivor regions: 4->4(36)
[290.853s][info][gc,heap        ] GC(1655) Old regions: 76->76
[290.853s][info][gc,heap        ] GC(1655) Humongous regions: 6->6
[290.853s][info][gc,metaspace   ] GC(1655) Metaspace: 73404K->73404K(1116160K)
[290.853s][info][gc             ] GC(1655) Pause Young (Normal) (G1 Evacuation Pause) 360M->83M(469M) 6.062ms
[290.853s][info][gc,cpu         ] GC(1655) User=0.00s Sys=0.00s Real=0.00s
[291.006s][info][gc,start       ] GC(1656) Pause Young (Normal) (G1 Evacuation Pause)
[291.006s][info][gc,task        ] GC(1656) Using 1 workers of 1 for evacuation
[291.012s][info][gc,phases      ] GC(1656)   Pre Evacuate Collection Set: 0.0ms
[291.012s][info][gc,phases      ] GC(1656)   Evacuate Collection Set: 5.9ms
[291.012s][info][gc,phases      ] GC(1656)   Post Evacuate Collection Set: 0.4ms
[291.012s][info][gc,phases      ] GC(1656)   Other: 0.6ms
[291.012s][info][gc,heap        ] GC(1656) Eden regions: 277->0(278)
[291.012s][info][gc,heap        ] GC(1656) Survivor regions: 4->3(36)
[291.012s][info][gc,heap        ] GC(1656) Old regions: 76->77
[291.012s][info][gc,heap        ] GC(1656) Humongous regions: 6->6
[291.012s][info][gc,metaspace   ] GC(1656) Metaspace: 73404K->73404K(1116160K)
[291.012s][info][gc             ] GC(1656) Pause Young (Normal) (G1 Evacuation Pause) 360M->83M(469M) 6.872ms
[291.012s][info][gc,cpu         ] GC(1656) User=0.00s Sys=0.00s Real=0.01s
[291.297s][info][gc,start       ] GC(1657) Pause Young (Normal) (G1 Evacuation Pause)
[291.297s][info][gc,task        ] GC(1657) Using 1 workers of 1 for evacuation
[291.309s][info][gc,phases      ] GC(1657)   Pre Evacuate Collection Set: 0.0ms
[291.309s][info][gc,phases      ] GC(1657)   Evacuate Collection Set: 11.0ms
[291.309s][info][gc,phases      ] GC(1657)   Post Evacuate Collection Set: 0.7ms
[291.309s][info][gc,phases      ] GC(1657)   Other: 0.5ms
[291.309s][info][gc,heap        ] GC(1657) Eden regions: 278->0(279)
[291.309s][info][gc,heap        ] GC(1657) Survivor regions: 3->2(36)
[291.309s][info][gc,heap        ] GC(1657) Old regions: 77->78
[291.309s][info][gc,heap        ] GC(1657) Humongous regions: 6->6
[291.309s][info][gc,metaspace   ] GC(1657) Metaspace: 73404K->73404K(1116160K)
[291.309s][info][gc             ] GC(1657) Pause Young (Normal) (G1 Evacuation Pause) 361M->83M(469M) 12.273ms
[291.309s][info][gc,cpu         ] GC(1657) User=0.01s Sys=0.00s Real=0.02s
[291.531s][info][gc,start       ] GC(1658) Pause Young (Normal) (G1 Evacuation Pause)
[291.531s][info][gc,task        ] GC(1658) Using 1 workers of 1 for evacuation
[291.536s][info][gc,phases      ] GC(1658)   Pre Evacuate Collection Set: 0.0ms
[291.536s][info][gc,phases      ] GC(1658)   Evacuate Collection Set: 4.2ms
[291.536s][info][gc,phases      ] GC(1658)   Post Evacuate Collection Set: 0.5ms
[291.536s][info][gc,phases      ] GC(1658)   Other: 0.5ms
[291.536s][info][gc,heap        ] GC(1658) Eden regions: 279->0(279)
[291.536s][info][gc,heap        ] GC(1658) Survivor regions: 2->2(36)
[291.536s][info][gc,heap        ] GC(1658) Old regions: 78->78
[291.536s][info][gc,heap        ] GC(1658) Humongous regions: 6->6
[291.536s][info][gc,metaspace   ] GC(1658) Metaspace: 73407K->73407K(1116160K)
[291.536s][info][gc             ] GC(1658) Pause Young (Normal) (G1 Evacuation Pause) 362M->83M(469M) 5.222ms
[291.536s][info][gc,cpu         ] GC(1658) User=0.00s Sys=0.00s Real=0.00s
[291.708s][info][gc,start       ] GC(1659) Pause Young (Normal) (G1 Evacuation Pause)
[291.708s][info][gc,task        ] GC(1659) Using 1 workers of 1 for evacuation
[291.712s][info][gc,phases      ] GC(1659)   Pre Evacuate Collection Set: 0.0ms
[291.712s][info][gc,phases      ] GC(1659)   Evacuate Collection Set: 3.7ms
[291.712s][info][gc,phases      ] GC(1659)   Post Evacuate Collection Set: 0.5ms
[291.712s][info][gc,phases      ] GC(1659)   Other: 0.3ms
[291.712s][info][gc,heap        ] GC(1659) Eden regions: 279->0(279)
[291.712s][info][gc,heap        ] GC(1659) Survivor regions: 2->2(36)
[291.712s][info][gc,heap        ] GC(1659) Old regions: 78->78
[291.712s][info][gc,heap        ] GC(1659) Humongous regions: 11->6
[291.712s][info][gc,metaspace   ] GC(1659) Metaspace: 73424K->73424K(1116160K)
[291.712s][info][gc             ] GC(1659) Pause Young (Normal) (G1 Evacuation Pause) 367M->82M(469M) 4.539ms
[291.712s][info][gc,cpu         ] GC(1659) User=0.00s Sys=0.00s Real=0.00s
[291.859s][info][gc,start       ] GC(1660) Pause Young (Normal) (G1 Evacuation Pause)
[291.859s][info][gc,task        ] GC(1660) Using 1 workers of 1 for evacuation
[291.864s][info][gc,phases      ] GC(1660)   Pre Evacuate Collection Set: 0.0ms
[291.864s][info][gc,phases      ] GC(1660)   Evacuate Collection Set: 4.7ms
[291.864s][info][gc,phases      ] GC(1660)   Post Evacuate Collection Set: 0.5ms
[291.864s][info][gc,phases      ] GC(1660)   Other: 0.5ms
[291.864s][info][gc,heap        ] GC(1660) Eden regions: 279->0(279)
[291.864s][info][gc,heap        ] GC(1660) Survivor regions: 2->2(36)
[291.864s][info][gc,heap        ] GC(1660) Old regions: 78->78
[291.864s][info][gc,heap        ] GC(1660) Humongous regions: 6->6
[291.864s][info][gc,metaspace   ] GC(1660) Metaspace: 73424K->73424K(1116160K)
[291.864s][info][gc             ] GC(1660) Pause Young (Normal) (G1 Evacuation Pause) 361M->82M(469M) 5.815ms
[291.865s][info][gc,cpu         ] GC(1660) User=0.00s Sys=0.00s Real=0.00s
[292.055s][info][gc,start       ] GC(1661) Pause Young (Normal) (G1 Evacuation Pause)
[292.055s][info][gc,task        ] GC(1661) Using 1 workers of 1 for evacuation
[292.059s][info][gc,phases      ] GC(1661)   Pre Evacuate Collection Set: 0.1ms
[292.059s][info][gc,phases      ] GC(1661)   Evacuate Collection Set: 3.8ms
[292.059s][info][gc,phases      ] GC(1661)   Post Evacuate Collection Set: 0.6ms
[292.059s][info][gc,phases      ] GC(1661)   Other: 0.3ms
[292.059s][info][gc,heap        ] GC(1661) Eden regions: 279->0(279)
[292.059s][info][gc,heap        ] GC(1661) Survivor regions: 2->2(36)
[292.059s][info][gc,heap        ] GC(1661) Old regions: 78->78
[292.059s][info][gc,heap        ] GC(1661) Humongous regions: 6->6
[292.060s][info][gc,metaspace   ] GC(1661) Metaspace: 73424K->73424K(1116160K)
[292.060s][info][gc             ] GC(1661) Pause Young (Normal) (G1 Evacuation Pause) 361M->82M(469M) 4.794ms
[292.060s][info][gc,cpu         ] GC(1661) User=0.01s Sys=0.00s Real=0.01s
[292.217s][info][gc,start       ] GC(1662) Pause Young (Normal) (G1 Evacuation Pause)
[292.217s][info][gc,task        ] GC(1662) Using 1 workers of 1 for evacuation
[292.221s][info][gc,phases      ] GC(1662)   Pre Evacuate Collection Set: 0.0ms
[292.221s][info][gc,phases      ] GC(1662)   Evacuate Collection Set: 3.8ms
[292.221s][info][gc,phases      ] GC(1662)   Post Evacuate Collection Set: 0.4ms
[292.221s][info][gc,phases      ] GC(1662)   Other: 0.5ms
[292.221s][info][gc,heap        ] GC(1662) Eden regions: 279->0(279)
[292.221s][info][gc,heap        ] GC(1662) Survivor regions: 2->2(36)
[292.221s][info][gc,heap        ] GC(1662) Old regions: 78->78
[292.221s][info][gc,heap        ] GC(1662) Humongous regions: 6->6
[292.221s][info][gc,metaspace   ] GC(1662) Metaspace: 73424K->73424K(1116160K)
[292.221s][info][gc             ] GC(1662) Pause Young (Normal) (G1 Evacuation Pause) 361M->82M(469M) 4.806ms
[292.222s][info][gc,cpu         ] GC(1662) User=0.01s Sys=0.00s Real=0.01s
[292.373s][info][gc,start       ] GC(1663) Pause Young (Normal) (G1 Evacuation Pause)
[292.373s][info][gc,task        ] GC(1663) Using 1 workers of 1 for evacuation
[292.380s][info][gc,phases      ] GC(1663)   Pre Evacuate Collection Set: 0.0ms
[292.380s][info][gc,phases      ] GC(1663)   Evacuate Collection Set: 5.4ms
[292.380s][info][gc,phases      ] GC(1663)   Post Evacuate Collection Set: 0.4ms
[292.380s][info][gc,phases      ] GC(1663)   Other: 0.4ms
[292.380s][info][gc,heap        ] GC(1663) Eden regions: 279->0(279)
[292.380s][info][gc,heap        ] GC(1663) Survivor regions: 2->2(36)
[292.380s][info][gc,heap        ] GC(1663) Old regions: 78->78
[292.380s][info][gc,heap        ] GC(1663) Humongous regions: 6->6
[292.380s][info][gc,metaspace   ] GC(1663) Metaspace: 73424K->73424K(1116160K)
[292.380s][info][gc             ] GC(1663) Pause Young (Normal) (G1 Evacuation Pause) 361M->83M(469M) 6.364ms
[292.380s][info][gc,cpu         ] GC(1663) User=0.01s Sys=0.00s Real=0.01s
[292.534s][info][gc,start       ] GC(1664) Pause Young (Normal) (G1 Evacuation Pause)
[292.534s][info][gc,task        ] GC(1664) Using 1 workers of 1 for evacuation
[292.539s][info][gc,phases      ] GC(1664)   Pre Evacuate Collection Set: 0.0ms
[292.539s][info][gc,phases      ] GC(1664)   Evacuate Collection Set: 3.8ms
[292.539s][info][gc,phases      ] GC(1664)   Post Evacuate Collection Set: 0.5ms
[292.539s][info][gc,phases      ] GC(1664)   Other: 0.4ms
[292.539s][info][gc,heap        ] GC(1664) Eden regions: 279->0(279)
[292.539s][info][gc,heap        ] GC(1664) Survivor regions: 2->2(36)
[292.539s][info][gc,heap        ] GC(1664) Old regions: 78->78
[292.539s][info][gc,heap        ] GC(1664) Humongous regions: 6->6
[292.539s][info][gc,metaspace   ] GC(1664) Metaspace: 73424K->73424K(1116160K)
[292.539s][info][gc             ] GC(1664) Pause Young (Normal) (G1 Evacuation Pause) 362M->83M(469M) 4.786ms
[292.539s][info][gc,cpu         ] GC(1664) User=0.01s Sys=0.00s Real=0.01s
[292.744s][info][gc,start       ] GC(1665) Pause Young (Normal) (G1 Evacuation Pause)
[292.744s][info][gc,task        ] GC(1665) Using 1 workers of 1 for evacuation
[292.750s][info][gc,phases      ] GC(1665)   Pre Evacuate Collection Set: 0.1ms
[292.750s][info][gc,phases      ] GC(1665)   Evacuate Collection Set: 4.9ms
[292.750s][info][gc,phases      ] GC(1665)   Post Evacuate Collection Set: 0.4ms
[292.750s][info][gc,phases      ] GC(1665)   Other: 0.6ms
[292.750s][info][gc,heap        ] GC(1665) Eden regions: 279->0(280)
[292.750s][info][gc,heap        ] GC(1665) Survivor regions: 2->1(36)
[292.750s][info][gc,heap        ] GC(1665) Old regions: 78->79
[292.750s][info][gc,heap        ] GC(1665) Humongous regions: 6->6
[292.750s][info][gc,metaspace   ] GC(1665) Metaspace: 73424K->73424K(1116160K)
[292.750s][info][gc             ] GC(1665) Pause Young (Normal) (G1 Evacuation Pause) 362M->83M(469M) 6.026ms
[292.750s][info][gc,cpu         ] GC(1665) User=0.01s Sys=0.00s Real=0.01s
[292.897s][info][gc,start       ] GC(1666) Pause Young (Normal) (G1 Evacuation Pause)
[292.897s][info][gc,task        ] GC(1666) Using 1 workers of 1 for evacuation
[292.901s][info][gc,phases      ] GC(1666)   Pre Evacuate Collection Set: 0.0ms
[292.901s][info][gc,phases      ] GC(1666)   Evacuate Collection Set: 3.4ms
[292.901s][info][gc,phases      ] GC(1666)   Post Evacuate Collection Set: 0.4ms
[292.901s][info][gc,phases      ] GC(1666)   Other: 0.3ms
[292.901s][info][gc,heap        ] GC(1666) Eden regions: 280->0(280)
[292.901s][info][gc,heap        ] GC(1666) Survivor regions: 1->1(36)
[292.901s][info][gc,heap        ] GC(1666) Old regions: 79->79
[292.901s][info][gc,heap        ] GC(1666) Humongous regions: 6->6
[292.901s][info][gc,metaspace   ] GC(1666) Metaspace: 73424K->73424K(1116160K)
[292.901s][info][gc             ] GC(1666) Pause Young (Normal) (G1 Evacuation Pause) 363M->83M(469M) 4.183ms
[292.901s][info][gc,cpu         ] GC(1666) User=0.01s Sys=0.00s Real=0.01s
[293.094s][info][gc,start       ] GC(1667) Pause Young (Normal) (G1 Evacuation Pause)
[293.094s][info][gc,task        ] GC(1667) Using 1 workers of 1 for evacuation
[293.098s][info][gc,phases      ] GC(1667)   Pre Evacuate Collection Set: 0.0ms
[293.098s][info][gc,phases      ] GC(1667)   Evacuate Collection Set: 3.1ms
[293.098s][info][gc,phases      ] GC(1667)   Post Evacuate Collection Set: 0.4ms
[293.098s][info][gc,phases      ] GC(1667)   Other: 0.4ms
[293.098s][info][gc,heap        ] GC(1667) Eden regions: 280->0(280)
[293.098s][info][gc,heap        ] GC(1667) Survivor regions: 1->1(36)
[293.098s][info][gc,heap        ] GC(1667) Old regions: 79->79
[293.098s][info][gc,heap        ] GC(1667) Humongous regions: 11->6
[293.098s][info][gc,metaspace   ] GC(1667) Metaspace: 73455K->73455K(1116160K)
[293.098s][info][gc             ] GC(1667) Pause Young (Normal) (G1 Evacuation Pause) 368M->83M(469M) 3.945ms
[293.098s][info][gc,cpu         ] GC(1667) User=0.00s Sys=0.00s Real=0.00s
[293.242s][info][gc,start       ] GC(1668) Pause Young (Normal) (G1 Evacuation Pause)
[293.242s][info][gc,task        ] GC(1668) Using 1 workers of 1 for evacuation
[293.245s][info][gc,phases      ] GC(1668)   Pre Evacuate Collection Set: 0.0ms
[293.245s][info][gc,phases      ] GC(1668)   Evacuate Collection Set: 2.9ms
[293.245s][info][gc,phases      ] GC(1668)   Post Evacuate Collection Set: 0.4ms
[293.245s][info][gc,phases      ] GC(1668)   Other: 0.3ms
[293.245s][info][gc,heap        ] GC(1668) Eden regions: 280->0(280)
[293.245s][info][gc,heap        ] GC(1668) Survivor regions: 1->1(36)
[293.245s][info][gc,heap        ] GC(1668) Old regions: 79->79
[293.245s][info][gc,heap        ] GC(1668) Humongous regions: 6->6
[293.245s][info][gc,metaspace   ] GC(1668) Metaspace: 73455K->73455K(1116160K)
[293.245s][info][gc             ] GC(1668) Pause Young (Normal) (G1 Evacuation Pause) 363M->83M(469M) 3.692ms
[293.245s][info][gc,cpu         ] GC(1668) User=0.00s Sys=0.00s Real=0.00s
[293.382s][info][gc,start       ] GC(1669) Pause Young (Normal) (G1 Evacuation Pause)
[293.382s][info][gc,task        ] GC(1669) Using 1 workers of 1 for evacuation
[293.387s][info][gc,phases      ] GC(1669)   Pre Evacuate Collection Set: 0.0ms
[293.387s][info][gc,phases      ] GC(1669)   Evacuate Collection Set: 3.1ms
[293.387s][info][gc,phases      ] GC(1669)   Post Evacuate Collection Set: 0.9ms
[293.387s][info][gc,phases      ] GC(1669)   Other: 0.4ms
[293.387s][info][gc,heap        ] GC(1669) Eden regions: 280->0(280)
[293.387s][info][gc,heap        ] GC(1669) Survivor regions: 1->1(36)
[293.387s][info][gc,heap        ] GC(1669) Old regions: 79->79
[293.387s][info][gc,heap        ] GC(1669) Humongous regions: 6->6
[293.387s][info][gc,metaspace   ] GC(1669) Metaspace: 73455K->73455K(1116160K)
[293.387s][info][gc             ] GC(1669) Pause Young (Normal) (G1 Evacuation Pause) 363M->83M(469M) 4.675ms
[293.387s][info][gc,cpu         ] GC(1669) User=0.00s Sys=0.00s Real=0.01s
[293.529s][info][gc,start       ] GC(1670) Pause Young (Normal) (G1 Evacuation Pause)
[293.529s][info][gc,task        ] GC(1670) Using 1 workers of 1 for evacuation
[293.532s][info][gc,phases      ] GC(1670)   Pre Evacuate Collection Set: 0.0ms
[293.533s][info][gc,phases      ] GC(1670)   Evacuate Collection Set: 3.0ms
[293.533s][info][gc,phases      ] GC(1670)   Post Evacuate Collection Set: 0.4ms
[293.533s][info][gc,phases      ] GC(1670)   Other: 0.4ms
[293.533s][info][gc,heap        ] GC(1670) Eden regions: 280->0(280)
[293.533s][info][gc,heap        ] GC(1670) Survivor regions: 1->1(36)
[293.533s][info][gc,heap        ] GC(1670) Old regions: 79->79
[293.533s][info][gc,heap        ] GC(1670) Humongous regions: 6->6
[293.533s][info][gc,metaspace   ] GC(1670) Metaspace: 73455K->73455K(1116160K)
[293.533s][info][gc             ] GC(1670) Pause Young (Normal) (G1 Evacuation Pause) 363M->83M(469M) 3.821ms
[293.533s][info][gc,cpu         ] GC(1670) User=0.00s Sys=0.00s Real=0.00s
[293.691s][info][gc,start       ] GC(1671) Pause Young (Normal) (G1 Evacuation Pause)
[293.691s][info][gc,task        ] GC(1671) Using 1 workers of 1 for evacuation
[293.695s][info][gc,phases      ] GC(1671)   Pre Evacuate Collection Set: 0.0ms
[293.695s][info][gc,phases      ] GC(1671)   Evacuate Collection Set: 3.4ms
[293.695s][info][gc,phases      ] GC(1671)   Post Evacuate Collection Set: 0.5ms
[293.695s][info][gc,phases      ] GC(1671)   Other: 0.4ms
[293.695s][info][gc,heap        ] GC(1671) Eden regions: 280->0(280)
[293.695s][info][gc,heap        ] GC(1671) Survivor regions: 1->1(36)
[293.695s][info][gc,heap        ] GC(1671) Old regions: 79->79
[293.695s][info][gc,heap        ] GC(1671) Humongous regions: 6->6
[293.695s][info][gc,metaspace   ] GC(1671) Metaspace: 73456K->73456K(1116160K)
[293.695s][info][gc             ] GC(1671) Pause Young (Normal) (G1 Evacuation Pause) 363M->83M(469M) 4.282ms
[293.695s][info][gc,cpu         ] GC(1671) User=0.00s Sys=0.00s Real=0.00s
[293.892s][info][gc,start       ] GC(1672) Pause Young (Normal) (G1 Evacuation Pause)
[293.893s][info][gc,task        ] GC(1672) Using 1 workers of 1 for evacuation
[293.897s][info][gc,phases      ] GC(1672)   Pre Evacuate Collection Set: 0.0ms
[293.898s][info][gc,phases      ] GC(1672)   Evacuate Collection Set: 4.0ms
[293.898s][info][gc,phases      ] GC(1672)   Post Evacuate Collection Set: 0.5ms
[293.898s][info][gc,phases      ] GC(1672)   Other: 0.6ms
[293.898s][info][gc,heap        ] GC(1672) Eden regions: 280->0(280)
[293.898s][info][gc,heap        ] GC(1672) Survivor regions: 1->1(36)
[293.898s][info][gc,heap        ] GC(1672) Old regions: 79->79
[293.898s][info][gc,heap        ] GC(1672) Humongous regions: 6->6
[293.898s][info][gc,metaspace   ] GC(1672) Metaspace: 73456K->73456K(1116160K)
[293.898s][info][gc             ] GC(1672) Pause Young (Normal) (G1 Evacuation Pause) 363M->83M(469M) 5.211ms
[293.898s][info][gc,cpu         ] GC(1672) User=0.00s Sys=0.00s Real=0.00s
[294.073s][info][gc,start       ] GC(1673) Pause Young (Normal) (G1 Evacuation Pause)
[294.073s][info][gc,task        ] GC(1673) Using 1 workers of 1 for evacuation
[294.078s][info][gc,phases      ] GC(1673)   Pre Evacuate Collection Set: 0.1ms
[294.078s][info][gc,phases      ] GC(1673)   Evacuate Collection Set: 4.2ms
[294.078s][info][gc,phases      ] GC(1673)   Post Evacuate Collection Set: 0.5ms
[294.078s][info][gc,phases      ] GC(1673)   Other: 0.5ms
[294.078s][info][gc,heap        ] GC(1673) Eden regions: 280->0(280)
[294.078s][info][gc,heap        ] GC(1673) Survivor regions: 1->1(36)
[294.078s][info][gc,heap        ] GC(1673) Old regions: 79->79
[294.078s][info][gc,heap        ] GC(1673) Humongous regions: 6->6
[294.078s][info][gc,metaspace   ] GC(1673) Metaspace: 73456K->73456K(1116160K)
[294.078s][info][gc             ] GC(1673) Pause Young (Normal) (G1 Evacuation Pause) 363M->83M(469M) 5.292ms
[294.078s][info][gc,cpu         ] GC(1673) User=0.00s Sys=0.00s Real=0.00s
[294.232s][info][gc,start       ] GC(1674) Pause Young (Normal) (G1 Evacuation Pause)
[294.233s][info][gc,task        ] GC(1674) Using 1 workers of 1 for evacuation
[294.236s][info][gc,phases      ] GC(1674)   Pre Evacuate Collection Set: 0.0ms
[294.236s][info][gc,phases      ] GC(1674)   Evacuate Collection Set: 2.8ms
[294.236s][info][gc,phases      ] GC(1674)   Post Evacuate Collection Set: 0.4ms
[294.236s][info][gc,phases      ] GC(1674)   Other: 0.4ms
[294.236s][info][gc,heap        ] GC(1674) Eden regions: 280->0(280)
[294.236s][info][gc,heap        ] GC(1674) Survivor regions: 1->1(36)
[294.236s][info][gc,heap        ] GC(1674) Old regions: 79->79
[294.236s][info][gc,heap        ] GC(1674) Humongous regions: 6->6
[294.236s][info][gc,metaspace   ] GC(1674) Metaspace: 73456K->73456K(1116160K)
[294.236s][info][gc             ] GC(1674) Pause Young (Normal) (G1 Evacuation Pause) 363M->83M(469M) 3.693ms
[294.236s][info][gc,cpu         ] GC(1674) User=0.00s Sys=0.00s Real=0.00s
[294.385s][info][gc,start       ] GC(1675) Pause Young (Normal) (G1 Evacuation Pause)
[294.385s][info][gc,task        ] GC(1675) Using 1 workers of 1 for evacuation
[294.390s][info][gc,phases      ] GC(1675)   Pre Evacuate Collection Set: 0.0ms
[294.390s][info][gc,phases      ] GC(1675)   Evacuate Collection Set: 4.4ms
[294.390s][info][gc,phases      ] GC(1675)   Post Evacuate Collection Set: 0.5ms
[294.390s][info][gc,phases      ] GC(1675)   Other: 0.5ms
[294.390s][info][gc,heap        ] GC(1675) Eden regions: 280->0(280)
[294.390s][info][gc,heap        ] GC(1675) Survivor regions: 1->1(36)
[294.390s][info][gc,heap        ] GC(1675) Old regions: 79->79
[294.390s][info][gc,heap        ] GC(1675) Humongous regions: 11->6
[294.390s][info][gc,metaspace   ] GC(1675) Metaspace: 73456K->73456K(1116160K)
[294.390s][info][gc             ] GC(1675) Pause Young (Normal) (G1 Evacuation Pause) 368M->83M(469M) 5.499ms
[294.391s][info][gc,cpu         ] GC(1675) User=0.00s Sys=0.00s Real=0.01s
[294.539s][info][gc,start       ] GC(1676) Pause Young (Normal) (G1 Evacuation Pause)
[294.539s][info][gc,task        ] GC(1676) Using 1 workers of 1 for evacuation
[294.542s][info][gc,phases      ] GC(1676)   Pre Evacuate Collection Set: 0.0ms
[294.542s][info][gc,phases      ] GC(1676)   Evacuate Collection Set: 2.9ms
[294.542s][info][gc,phases      ] GC(1676)   Post Evacuate Collection Set: 0.4ms
[294.543s][info][gc,phases      ] GC(1676)   Other: 0.5ms
[294.543s][info][gc,heap        ] GC(1676) Eden regions: 280->0(280)
[294.543s][info][gc,heap        ] GC(1676) Survivor regions: 1->1(36)
[294.543s][info][gc,heap        ] GC(1676) Old regions: 79->79
[294.543s][info][gc,heap        ] GC(1676) Humongous regions: 6->6
[294.543s][info][gc,metaspace   ] GC(1676) Metaspace: 73456K->73456K(1116160K)
[294.543s][info][gc             ] GC(1676) Pause Young (Normal) (G1 Evacuation Pause) 363M->83M(469M) 3.908ms
[294.543s][info][gc,cpu         ] GC(1676) User=0.01s Sys=0.00s Real=0.01s
[294.693s][info][gc,start       ] GC(1677) Pause Young (Normal) (G1 Evacuation Pause)
[294.693s][info][gc,task        ] GC(1677) Using 1 workers of 1 for evacuation
[294.697s][info][gc,phases      ] GC(1677)   Pre Evacuate Collection Set: 0.0ms
[294.697s][info][gc,phases      ] GC(1677)   Evacuate Collection Set: 2.6ms
[294.697s][info][gc,phases      ] GC(1677)   Post Evacuate Collection Set: 0.4ms
[294.697s][info][gc,phases      ] GC(1677)   Other: 0.4ms
[294.697s][info][gc,heap        ] GC(1677) Eden regions: 280->0(280)
[294.697s][info][gc,heap        ] GC(1677) Survivor regions: 1->1(36)
[294.697s][info][gc,heap        ] GC(1677) Old regions: 79->79
[294.697s][info][gc,heap        ] GC(1677) Humongous regions: 6->6
[294.697s][info][gc,metaspace   ] GC(1677) Metaspace: 73456K->73456K(1116160K)
[294.697s][info][gc             ] GC(1677) Pause Young (Normal) (G1 Evacuation Pause) 363M->83M(469M) 3.407ms
[294.697s][info][gc,cpu         ] GC(1677) User=0.00s Sys=0.00s Real=0.00s
[294.953s][info][gc,start       ] GC(1678) Pause Young (Normal) (G1 Evacuation Pause)
[294.953s][info][gc,task        ] GC(1678) Using 1 workers of 1 for evacuation
[294.958s][info][gc,phases      ] GC(1678)   Pre Evacuate Collection Set: 0.0ms
[294.958s][info][gc,phases      ] GC(1678)   Evacuate Collection Set: 3.3ms
[294.958s][info][gc,phases      ] GC(1678)   Post Evacuate Collection Set: 0.6ms
[294.958s][info][gc,phases      ] GC(1678)   Other: 0.5ms
[294.958s][info][gc,heap        ] GC(1678) Eden regions: 280->0(280)
[294.958s][info][gc,heap        ] GC(1678) Survivor regions: 1->1(36)
[294.958s][info][gc,heap        ] GC(1678) Old regions: 79->79
[294.958s][info][gc,heap        ] GC(1678) Humongous regions: 6->6
[294.958s][info][gc,metaspace   ] GC(1678) Metaspace: 73456K->73456K(1116160K)
[294.958s][info][gc             ] GC(1678) Pause Young (Normal) (G1 Evacuation Pause) 363M->83M(469M) 4.518ms
[294.958s][info][gc,cpu         ] GC(1678) User=0.00s Sys=0.00s Real=0.00s
[295.146s][info][gc,start       ] GC(1679) Pause Young (Normal) (G1 Evacuation Pause)
[295.146s][info][gc,task        ] GC(1679) Using 1 workers of 1 for evacuation
[295.150s][info][gc,phases      ] GC(1679)   Pre Evacuate Collection Set: 0.0ms
[295.150s][info][gc,phases      ] GC(1679)   Evacuate Collection Set: 3.1ms
[295.150s][info][gc,phases      ] GC(1679)   Post Evacuate Collection Set: 0.7ms
[295.150s][info][gc,phases      ] GC(1679)   Other: 0.8ms
[295.150s][info][gc,heap        ] GC(1679) Eden regions: 280->0(280)
[295.150s][info][gc,heap        ] GC(1679) Survivor regions: 1->1(36)
[295.150s][info][gc,heap        ] GC(1679) Old regions: 79->79
[295.150s][info][gc,heap        ] GC(1679) Humongous regions: 6->6
[295.150s][info][gc,metaspace   ] GC(1679) Metaspace: 73456K->73456K(1116160K)
[295.150s][info][gc             ] GC(1679) Pause Young (Normal) (G1 Evacuation Pause) 363M->83M(469M) 4.538ms
[295.150s][info][gc,cpu         ] GC(1679) User=0.00s Sys=0.00s Real=0.01s
[295.303s][info][gc,start       ] GC(1680) Pause Young (Normal) (G1 Evacuation Pause)
[295.303s][info][gc,task        ] GC(1680) Using 1 workers of 1 for evacuation
[295.307s][info][gc,phases      ] GC(1680)   Pre Evacuate Collection Set: 0.0ms
[295.307s][info][gc,phases      ] GC(1680)   Evacuate Collection Set: 2.7ms
[295.307s][info][gc,phases      ] GC(1680)   Post Evacuate Collection Set: 0.4ms
[295.307s][info][gc,phases      ] GC(1680)   Other: 0.4ms
[295.307s][info][gc,heap        ] GC(1680) Eden regions: 280->0(280)
[295.307s][info][gc,heap        ] GC(1680) Survivor regions: 1->1(36)
[295.307s][info][gc,heap        ] GC(1680) Old regions: 79->79
[295.307s][info][gc,heap        ] GC(1680) Humongous regions: 6->6
[295.307s][info][gc,metaspace   ] GC(1680) Metaspace: 73456K->73456K(1116160K)
[295.307s][info][gc             ] GC(1680) Pause Young (Normal) (G1 Evacuation Pause) 363M->83M(469M) 3.562ms
[295.307s][info][gc,cpu         ] GC(1680) User=0.01s Sys=0.00s Real=0.00s
[295.460s][info][gc,start       ] GC(1681) Pause Young (Normal) (G1 Evacuation Pause)
[295.460s][info][gc,task        ] GC(1681) Using 1 workers of 1 for evacuation
[295.464s][info][gc,phases      ] GC(1681)   Pre Evacuate Collection Set: 0.0ms
[295.464s][info][gc,phases      ] GC(1681)   Evacuate Collection Set: 3.3ms
[295.464s][info][gc,phases      ] GC(1681)   Post Evacuate Collection Set: 0.4ms
[295.464s][info][gc,phases      ] GC(1681)   Other: 0.4ms
[295.464s][info][gc,heap        ] GC(1681) Eden regions: 280->0(280)
[295.464s][info][gc,heap        ] GC(1681) Survivor regions: 1->1(36)
[295.464s][info][gc,heap        ] GC(1681) Old regions: 79->79
[295.464s][info][gc,heap        ] GC(1681) Humongous regions: 6->6
[295.464s][info][gc,metaspace   ] GC(1681) Metaspace: 73456K->73456K(1116160K)
[295.464s][info][gc             ] GC(1681) Pause Young (Normal) (G1 Evacuation Pause) 363M->83M(469M) 4.138ms
[295.464s][info][gc,cpu         ] GC(1681) User=0.00s Sys=0.00s Real=0.00s
[295.622s][info][gc,start       ] GC(1682) Pause Young (Normal) (G1 Evacuation Pause)
[295.622s][info][gc,task        ] GC(1682) Using 1 workers of 1 for evacuation
[295.626s][info][gc,phases      ] GC(1682)   Pre Evacuate Collection Set: 0.0ms
[295.626s][info][gc,phases      ] GC(1682)   Evacuate Collection Set: 2.8ms
[295.626s][info][gc,phases      ] GC(1682)   Post Evacuate Collection Set: 0.5ms
[295.626s][info][gc,phases      ] GC(1682)   Other: 0.3ms
[295.626s][info][gc,heap        ] GC(1682) Eden regions: 280->0(280)
[295.626s][info][gc,heap        ] GC(1682) Survivor regions: 1->1(36)
[295.626s][info][gc,heap        ] GC(1682) Old regions: 79->79
[295.626s][info][gc,heap        ] GC(1682) Humongous regions: 6->6
[295.626s][info][gc,metaspace   ] GC(1682) Metaspace: 73456K->73456K(1116160K)
[295.626s][info][gc             ] GC(1682) Pause Young (Normal) (G1 Evacuation Pause) 363M->83M(469M) 3.740ms
[295.626s][info][gc,cpu         ] GC(1682) User=0.01s Sys=0.00s Real=0.00s
[295.786s][info][gc,start       ] GC(1683) Pause Young (Normal) (G1 Evacuation Pause)
[295.786s][info][gc,task        ] GC(1683) Using 1 workers of 1 for evacuation
[295.790s][info][gc,phases      ] GC(1683)   Pre Evacuate Collection Set: 0.0ms
[295.790s][info][gc,phases      ] GC(1683)   Evacuate Collection Set: 3.0ms
[295.790s][info][gc,phases      ] GC(1683)   Post Evacuate Collection Set: 0.4ms
[295.790s][info][gc,phases      ] GC(1683)   Other: 0.4ms
[295.790s][info][gc,heap        ] GC(1683) Eden regions: 280->0(280)
[295.790s][info][gc,heap        ] GC(1683) Survivor regions: 1->1(36)
[295.790s][info][gc,heap        ] GC(1683) Old regions: 79->79
[295.790s][info][gc,heap        ] GC(1683) Humongous regions: 11->6
[295.790s][info][gc,metaspace   ] GC(1683) Metaspace: 73457K->73457K(1116160K)
[295.790s][info][gc             ] GC(1683) Pause Young (Normal) (G1 Evacuation Pause) 368M->83M(469M) 3.878ms
[295.790s][info][gc,cpu         ] GC(1683) User=0.00s Sys=0.00s Real=0.01s
[295.967s][info][gc,start       ] GC(1684) Pause Young (Normal) (G1 Evacuation Pause)
[295.967s][info][gc,task        ] GC(1684) Using 1 workers of 1 for evacuation
[295.971s][info][gc,phases      ] GC(1684)   Pre Evacuate Collection Set: 0.0ms
[295.971s][info][gc,phases      ] GC(1684)   Evacuate Collection Set: 3.1ms
[295.971s][info][gc,phases      ] GC(1684)   Post Evacuate Collection Set: 0.5ms
[295.971s][info][gc,phases      ] GC(1684)   Other: 0.3ms
[295.971s][info][gc,heap        ] GC(1684) Eden regions: 280->0(280)
[295.971s][info][gc,heap        ] GC(1684) Survivor regions: 1->1(36)
[295.971s][info][gc,heap        ] GC(1684) Old regions: 79->79
[295.971s][info][gc,heap        ] GC(1684) Humongous regions: 6->6
[295.971s][info][gc,metaspace   ] GC(1684) Metaspace: 73457K->73457K(1116160K)
[295.971s][info][gc             ] GC(1684) Pause Young (Normal) (G1 Evacuation Pause) 363M->83M(469M) 4.026ms
[295.971s][info][gc,cpu         ] GC(1684) User=0.01s Sys=0.00s Real=0.00s
[296.212s][info][gc,start       ] GC(1685) Pause Young (Normal) (G1 Evacuation Pause)
[296.212s][info][gc,task        ] GC(1685) Using 1 workers of 1 for evacuation
[296.216s][info][gc,phases      ] GC(1685)   Pre Evacuate Collection Set: 0.0ms
[296.216s][info][gc,phases      ] GC(1685)   Evacuate Collection Set: 3.0ms
[296.216s][info][gc,phases      ] GC(1685)   Post Evacuate Collection Set: 0.4ms
[296.216s][info][gc,phases      ] GC(1685)   Other: 0.5ms
[296.216s][info][gc,heap        ] GC(1685) Eden regions: 280->0(280)
[296.216s][info][gc,heap        ] GC(1685) Survivor regions: 1->1(36)
[296.216s][info][gc,heap        ] GC(1685) Old regions: 79->79
[296.216s][info][gc,heap        ] GC(1685) Humongous regions: 6->6
[296.216s][info][gc,metaspace   ] GC(1685) Metaspace: 73457K->73457K(1116160K)
[296.216s][info][gc             ] GC(1685) Pause Young (Normal) (G1 Evacuation Pause) 363M->83M(469M) 3.976ms
[296.216s][info][gc,cpu         ] GC(1685) User=0.00s Sys=0.00s Real=0.00s
[296.500s][info][gc,start       ] GC(1686) Pause Young (Normal) (G1 Evacuation Pause)
[296.500s][info][gc,task        ] GC(1686) Using 1 workers of 1 for evacuation
[296.507s][info][gc,phases      ] GC(1686)   Pre Evacuate Collection Set: 0.0ms
[296.507s][info][gc,phases      ] GC(1686)   Evacuate Collection Set: 6.2ms
[296.507s][info][gc,phases      ] GC(1686)   Post Evacuate Collection Set: 0.7ms
[296.507s][info][gc,phases      ] GC(1686)   Other: 0.6ms
[296.507s][info][gc,heap        ] GC(1686) Eden regions: 280->0(280)
[296.507s][info][gc,heap        ] GC(1686) Survivor regions: 1->1(36)
[296.507s][info][gc,heap        ] GC(1686) Old regions: 79->79
[296.507s][info][gc,heap        ] GC(1686) Humongous regions: 6->6
[296.507s][info][gc,metaspace   ] GC(1686) Metaspace: 73457K->73457K(1116160K)
[296.507s][info][gc             ] GC(1686) Pause Young (Normal) (G1 Evacuation Pause) 363M->83M(469M) 7.639ms
[296.507s][info][gc,cpu         ] GC(1686) User=0.01s Sys=0.00s Real=0.01s
[296.931s][info][gc,start       ] GC(1687) Pause Young (Normal) (G1 Evacuation Pause)
[296.931s][info][gc,task        ] GC(1687) Using 1 workers of 1 for evacuation
[296.934s][info][gc,phases      ] GC(1687)   Pre Evacuate Collection Set: 0.0ms
[296.935s][info][gc,phases      ] GC(1687)   Evacuate Collection Set: 2.9ms
[296.935s][info][gc,phases      ] GC(1687)   Post Evacuate Collection Set: 0.6ms
[296.935s][info][gc,phases      ] GC(1687)   Other: 0.4ms
[296.935s][info][gc,heap        ] GC(1687) Eden regions: 280->0(280)
[296.935s][info][gc,heap        ] GC(1687) Survivor regions: 1->1(36)
[296.935s][info][gc,heap        ] GC(1687) Old regions: 79->79
[296.935s][info][gc,heap        ] GC(1687) Humongous regions: 6->6
[296.935s][info][gc,metaspace   ] GC(1687) Metaspace: 73457K->73457K(1116160K)
[296.935s][info][gc             ] GC(1687) Pause Young (Normal) (G1 Evacuation Pause) 363M->83M(469M) 3.945ms
[296.935s][info][gc,cpu         ] GC(1687) User=0.01s Sys=0.00s Real=0.00s
[297.325s][info][gc,start       ] GC(1688) Pause Young (Normal) (G1 Evacuation Pause)
[297.325s][info][gc,task        ] GC(1688) Using 1 workers of 1 for evacuation
[297.336s][info][gc,phases      ] GC(1688)   Pre Evacuate Collection Set: 0.2ms
[297.336s][info][gc,phases      ] GC(1688)   Evacuate Collection Set: 8.3ms
[297.336s][info][gc,phases      ] GC(1688)   Post Evacuate Collection Set: 1.2ms
[297.336s][info][gc,phases      ] GC(1688)   Other: 0.8ms
[297.336s][info][gc,heap        ] GC(1688) Eden regions: 280->0(280)
[297.336s][info][gc,heap        ] GC(1688) Survivor regions: 1->1(36)
[297.336s][info][gc,heap        ] GC(1688) Old regions: 79->79
[297.336s][info][gc,heap        ] GC(1688) Humongous regions: 6->6
[297.336s][info][gc,metaspace   ] GC(1688) Metaspace: 73457K->73457K(1116160K)
[297.336s][info][gc             ] GC(1688) Pause Young (Normal) (G1 Evacuation Pause) 363M->83M(469M) 10.658ms
[297.336s][info][gc,cpu         ] GC(1688) User=0.01s Sys=0.00s Real=0.01s
[297.540s][info][gc,start       ] GC(1689) Pause Young (Normal) (G1 Evacuation Pause)
[297.540s][info][gc,task        ] GC(1689) Using 1 workers of 1 for evacuation
[297.544s][info][gc,phases      ] GC(1689)   Pre Evacuate Collection Set: 0.0ms
[297.544s][info][gc,phases      ] GC(1689)   Evacuate Collection Set: 2.9ms
[297.544s][info][gc,phases      ] GC(1689)   Post Evacuate Collection Set: 0.4ms
[297.544s][info][gc,phases      ] GC(1689)   Other: 0.4ms
[297.544s][info][gc,heap        ] GC(1689) Eden regions: 280->0(280)
[297.544s][info][gc,heap        ] GC(1689) Survivor regions: 1->1(36)
[297.544s][info][gc,heap        ] GC(1689) Old regions: 79->79
[297.544s][info][gc,heap        ] GC(1689) Humongous regions: 6->6
[297.544s][info][gc,metaspace   ] GC(1689) Metaspace: 73457K->73457K(1116160K)
[297.544s][info][gc             ] GC(1689) Pause Young (Normal) (G1 Evacuation Pause) 363M->83M(469M) 3.830ms
[297.544s][info][gc,cpu         ] GC(1689) User=0.00s Sys=0.00s Real=0.00s
[297.758s][info][gc,start       ] GC(1690) Pause Young (Normal) (G1 Evacuation Pause)
[297.759s][info][gc,task        ] GC(1690) Using 1 workers of 1 for evacuation
[297.764s][info][gc,phases      ] GC(1690)   Pre Evacuate Collection Set: 0.0ms
[297.764s][info][gc,phases      ] GC(1690)   Evacuate Collection Set: 4.6ms
[297.764s][info][gc,phases      ] GC(1690)   Post Evacuate Collection Set: 0.6ms
[297.764s][info][gc,phases      ] GC(1690)   Other: 0.8ms
[297.764s][info][gc,heap        ] GC(1690) Eden regions: 280->0(280)
[297.764s][info][gc,heap        ] GC(1690) Survivor regions: 1->1(36)
[297.765s][info][gc,heap        ] GC(1690) Old regions: 79->79
[297.765s][info][gc,heap        ] GC(1690) Humongous regions: 6->6
[297.765s][info][gc,metaspace   ] GC(1690) Metaspace: 73457K->73457K(1116160K)
[297.765s][info][gc             ] GC(1690) Pause Young (Normal) (G1 Evacuation Pause) 363M->83M(469M) 6.267ms
[297.765s][info][gc,cpu         ] GC(1690) User=0.00s Sys=0.00s Real=0.01s
[298.023s][info][gc,start       ] GC(1691) Pause Young (Normal) (G1 Evacuation Pause)
[298.024s][info][gc,task        ] GC(1691) Using 1 workers of 1 for evacuation
[298.028s][info][gc,phases      ] GC(1691)   Pre Evacuate Collection Set: 0.0ms
[298.028s][info][gc,phases      ] GC(1691)   Evacuate Collection Set: 3.2ms
[298.028s][info][gc,phases      ] GC(1691)   Post Evacuate Collection Set: 0.4ms
[298.028s][info][gc,phases      ] GC(1691)   Other: 0.4ms
[298.028s][info][gc,heap        ] GC(1691) Eden regions: 280->0(280)
[298.028s][info][gc,heap        ] GC(1691) Survivor regions: 1->1(36)
[298.028s][info][gc,heap        ] GC(1691) Old regions: 79->79
[298.028s][info][gc,heap        ] GC(1691) Humongous regions: 11->6
[298.028s][info][gc,metaspace   ] GC(1691) Metaspace: 73457K->73457K(1116160K)
[298.028s][info][gc             ] GC(1691) Pause Young (Normal) (G1 Evacuation Pause) 368M->83M(469M) 4.204ms
[298.028s][info][gc,cpu         ] GC(1691) User=0.00s Sys=0.00s Real=0.01s
[298.243s][info][gc,start       ] GC(1692) Pause Young (Normal) (G1 Evacuation Pause)
[298.243s][info][gc,task        ] GC(1692) Using 1 workers of 1 for evacuation
[298.251s][info][gc,phases      ] GC(1692)   Pre Evacuate Collection Set: 0.1ms
[298.251s][info][gc,phases      ] GC(1692)   Evacuate Collection Set: 6.9ms
[298.251s][info][gc,phases      ] GC(1692)   Post Evacuate Collection Set: 1.1ms
[298.251s][info][gc,phases      ] GC(1692)   Other: 0.7ms
[298.251s][info][gc,heap        ] GC(1692) Eden regions: 280->0(280)
[298.251s][info][gc,heap        ] GC(1692) Survivor regions: 1->1(36)
[298.251s][info][gc,heap        ] GC(1692) Old regions: 79->79
[298.252s][info][gc,heap        ] GC(1692) Humongous regions: 6->6
[298.252s][info][gc,metaspace   ] GC(1692) Metaspace: 73457K->73457K(1116160K)
[298.252s][info][gc             ] GC(1692) Pause Young (Normal) (G1 Evacuation Pause) 363M->83M(469M) 8.915ms
[298.252s][info][gc,cpu         ] GC(1692) User=0.01s Sys=0.00s Real=0.01s
[298.512s][info][gc,start       ] GC(1693) Pause Young (Normal) (G1 Evacuation Pause)
[298.512s][info][gc,task        ] GC(1693) Using 1 workers of 1 for evacuation
[298.515s][info][gc,phases      ] GC(1693)   Pre Evacuate Collection Set: 0.0ms
[298.515s][info][gc,phases      ] GC(1693)   Evacuate Collection Set: 2.6ms
[298.515s][info][gc,phases      ] GC(1693)   Post Evacuate Collection Set: 0.4ms
[298.515s][info][gc,phases      ] GC(1693)   Other: 0.4ms
[298.515s][info][gc,heap        ] GC(1693) Eden regions: 280->0(280)
[298.515s][info][gc,heap        ] GC(1693) Survivor regions: 1->1(36)
[298.515s][info][gc,heap        ] GC(1693) Old regions: 79->79
[298.515s][info][gc,heap        ] GC(1693) Humongous regions: 6->6
[298.515s][info][gc,metaspace   ] GC(1693) Metaspace: 73457K->73457K(1116160K)
[298.515s][info][gc             ] GC(1693) Pause Young (Normal) (G1 Evacuation Pause) 363M->83M(469M) 3.417ms
[298.515s][info][gc,cpu         ] GC(1693) User=0.00s Sys=0.00s Real=0.00s
[298.684s][info][gc,start       ] GC(1694) Pause Young (Normal) (G1 Evacuation Pause)
[298.684s][info][gc,task        ] GC(1694) Using 1 workers of 1 for evacuation
[298.688s][info][gc,phases      ] GC(1694)   Pre Evacuate Collection Set: 0.0ms
[298.688s][info][gc,phases      ] GC(1694)   Evacuate Collection Set: 2.9ms
[298.688s][info][gc,phases      ] GC(1694)   Post Evacuate Collection Set: 0.5ms
[298.688s][info][gc,phases      ] GC(1694)   Other: 0.4ms
[298.688s][info][gc,heap        ] GC(1694) Eden regions: 280->0(280)
[298.688s][info][gc,heap        ] GC(1694) Survivor regions: 1->1(36)
[298.688s][info][gc,heap        ] GC(1694) Old regions: 79->79
[298.688s][info][gc,heap        ] GC(1694) Humongous regions: 6->6
[298.688s][info][gc,metaspace   ] GC(1694) Metaspace: 73457K->73457K(1116160K)
[298.688s][info][gc             ] GC(1694) Pause Young (Normal) (G1 Evacuation Pause) 363M->83M(469M) 3.861ms
[298.688s][info][gc,cpu         ] GC(1694) User=0.00s Sys=0.00s Real=0.01s
[299.029s][info][gc,start       ] GC(1695) Pause Young (Normal) (G1 Evacuation Pause)
[299.030s][info][gc,task        ] GC(1695) Using 1 workers of 1 for evacuation
[299.038s][info][gc,phases      ] GC(1695)   Pre Evacuate Collection Set: 0.1ms
[299.038s][info][gc,phases      ] GC(1695)   Evacuate Collection Set: 6.9ms
[299.038s][info][gc,phases      ] GC(1695)   Post Evacuate Collection Set: 1.0ms
[299.038s][info][gc,phases      ] GC(1695)   Other: 0.9ms
[299.038s][info][gc,heap        ] GC(1695) Eden regions: 280->0(280)
[299.038s][info][gc,heap        ] GC(1695) Survivor regions: 1->1(36)
[299.038s][info][gc,heap        ] GC(1695) Old regions: 79->79
[299.038s][info][gc,heap        ] GC(1695) Humongous regions: 6->6
[299.038s][info][gc,metaspace   ] GC(1695) Metaspace: 73457K->73457K(1116160K)
[299.038s][info][gc             ] GC(1695) Pause Young (Normal) (G1 Evacuation Pause) 363M->83M(469M) 8.852ms
[299.038s][info][gc,cpu         ] GC(1695) User=0.01s Sys=0.00s Real=0.00s
[299.450s][info][gc,start       ] GC(1696) Pause Young (Normal) (G1 Evacuation Pause)
[299.451s][info][gc,task        ] GC(1696) Using 1 workers of 1 for evacuation
[299.459s][info][gc,phases      ] GC(1696)   Pre Evacuate Collection Set: 0.1ms
[299.459s][info][gc,phases      ] GC(1696)   Evacuate Collection Set: 6.6ms
[299.459s][info][gc,phases      ] GC(1696)   Post Evacuate Collection Set: 0.9ms
[299.459s][info][gc,phases      ] GC(1696)   Other: 1.3ms
[299.459s][info][gc,heap        ] GC(1696) Eden regions: 280->0(280)
[299.459s][info][gc,heap        ] GC(1696) Survivor regions: 1->1(36)
[299.459s][info][gc,heap        ] GC(1696) Old regions: 79->79
[299.459s][info][gc,heap        ] GC(1696) Humongous regions: 6->6
[299.459s][info][gc,metaspace   ] GC(1696) Metaspace: 73457K->73457K(1116160K)
[299.459s][info][gc             ] GC(1696) Pause Young (Normal) (G1 Evacuation Pause) 363M->83M(469M) 8.965ms
[299.459s][info][gc,cpu         ] GC(1696) User=0.01s Sys=0.00s Real=0.01s
[299.636s][info][gc,start       ] GC(1697) Pause Young (Normal) (G1 Evacuation Pause)
[299.636s][info][gc,task        ] GC(1697) Using 1 workers of 1 for evacuation
[299.639s][info][gc,phases      ] GC(1697)   Pre Evacuate Collection Set: 0.0ms
[299.639s][info][gc,phases      ] GC(1697)   Evacuate Collection Set: 2.7ms
[299.639s][info][gc,phases      ] GC(1697)   Post Evacuate Collection Set: 0.5ms
[299.639s][info][gc,phases      ] GC(1697)   Other: 0.3ms
[299.639s][info][gc,heap        ] GC(1697) Eden regions: 280->0(280)
[299.639s][info][gc,heap        ] GC(1697) Survivor regions: 1->1(36)
[299.639s][info][gc,heap        ] GC(1697) Old regions: 79->79
[299.639s][info][gc,heap        ] GC(1697) Humongous regions: 6->6
[299.639s][info][gc,metaspace   ] GC(1697) Metaspace: 73457K->73457K(1116160K)
[299.639s][info][gc             ] GC(1697) Pause Young (Normal) (G1 Evacuation Pause) 363M->83M(469M) 3.602ms
[299.639s][info][gc,cpu         ] GC(1697) User=0.00s Sys=0.00s Real=0.01s
[299.854s][info][gc,start       ] GC(1698) Pause Young (Normal) (G1 Evacuation Pause)
[299.854s][info][gc,task        ] GC(1698) Using 1 workers of 1 for evacuation
[299.857s][info][gc,phases      ] GC(1698)   Pre Evacuate Collection Set: 0.0ms
[299.858s][info][gc,phases      ] GC(1698)   Evacuate Collection Set: 2.9ms
[299.858s][info][gc,phases      ] GC(1698)   Post Evacuate Collection Set: 0.4ms
[299.858s][info][gc,phases      ] GC(1698)   Other: 0.4ms
[299.858s][info][gc,heap        ] GC(1698) Eden regions: 280->0(280)
[299.858s][info][gc,heap        ] GC(1698) Survivor regions: 1->1(36)
[299.858s][info][gc,heap        ] GC(1698) Old regions: 79->79
[299.858s][info][gc,heap        ] GC(1698) Humongous regions: 6->6
[299.858s][info][gc,metaspace   ] GC(1698) Metaspace: 73457K->73457K(1116160K)
[299.858s][info][gc             ] GC(1698) Pause Young (Normal) (G1 Evacuation Pause) 363M->83M(469M) 3.909ms
[299.858s][info][gc,cpu         ] GC(1698) User=0.00s Sys=0.00s Real=0.00s
[300.101s][info][gc,start       ] GC(1699) Pause Young (Normal) (G1 Evacuation Pause)
[300.101s][info][gc,task        ] GC(1699) Using 1 workers of 1 for evacuation
[300.105s][info][gc,phases      ] GC(1699)   Pre Evacuate Collection Set: 0.0ms
[300.105s][info][gc,phases      ] GC(1699)   Evacuate Collection Set: 3.1ms
[300.105s][info][gc,phases      ] GC(1699)   Post Evacuate Collection Set: 0.4ms
[300.105s][info][gc,phases      ] GC(1699)   Other: 0.4ms
[300.105s][info][gc,heap        ] GC(1699) Eden regions: 280->0(280)
[300.105s][info][gc,heap        ] GC(1699) Survivor regions: 1->1(36)
[300.105s][info][gc,heap        ] GC(1699) Old regions: 79->79
[300.105s][info][gc,heap        ] GC(1699) Humongous regions: 11->6
[300.105s][info][gc,metaspace   ] GC(1699) Metaspace: 73464K->73464K(1116160K)
[300.105s][info][gc             ] GC(1699) Pause Young (Normal) (G1 Evacuation Pause) 368M->83M(469M) 3.968ms
[300.105s][info][gc,cpu         ] GC(1699) User=0.01s Sys=0.00s Real=0.00s
[300.312s][info][gc,start       ] GC(1700) Pause Young (Normal) (G1 Evacuation Pause)
[300.313s][info][gc,task        ] GC(1700) Using 1 workers of 1 for evacuation
[300.322s][info][gc,phases      ] GC(1700)   Pre Evacuate Collection Set: 0.1ms
[300.322s][info][gc,phases      ] GC(1700)   Evacuate Collection Set: 7.8ms
[300.322s][info][gc,phases      ] GC(1700)   Post Evacuate Collection Set: 0.9ms
[300.322s][info][gc,phases      ] GC(1700)   Other: 1.3ms
[300.322s][info][gc,heap        ] GC(1700) Eden regions: 280->0(280)
[300.322s][info][gc,heap        ] GC(1700) Survivor regions: 1->1(36)
[300.322s][info][gc,heap        ] GC(1700) Old regions: 79->79
[300.322s][info][gc,heap        ] GC(1700) Humongous regions: 6->6
[300.322s][info][gc,metaspace   ] GC(1700) Metaspace: 73464K->73464K(1116160K)
[300.322s][info][gc             ] GC(1700) Pause Young (Normal) (G1 Evacuation Pause) 363M->83M(469M) 10.331ms
[300.323s][info][gc,cpu         ] GC(1700) User=0.01s Sys=0.00s Real=0.01s
[300.501s][info][gc,start       ] GC(1701) Pause Young (Normal) (G1 Evacuation Pause)
[300.501s][info][gc,task        ] GC(1701) Using 1 workers of 1 for evacuation
[300.505s][info][gc,phases      ] GC(1701)   Pre Evacuate Collection Set: 0.0ms
[300.505s][info][gc,phases      ] GC(1701)   Evacuate Collection Set: 2.9ms
[300.505s][info][gc,phases      ] GC(1701)   Post Evacuate Collection Set: 0.4ms
[300.505s][info][gc,phases      ] GC(1701)   Other: 0.3ms
[300.505s][info][gc,heap        ] GC(1701) Eden regions: 280->0(280)
[300.505s][info][gc,heap        ] GC(1701) Survivor regions: 1->1(36)
[300.505s][info][gc,heap        ] GC(1701) Old regions: 79->79
[300.505s][info][gc,heap        ] GC(1701) Humongous regions: 6->6
[300.505s][info][gc,metaspace   ] GC(1701) Metaspace: 73464K->73464K(1116160K)
[300.505s][info][gc             ] GC(1701) Pause Young (Normal) (G1 Evacuation Pause) 363M->83M(469M) 3.683ms
[300.505s][info][gc,cpu         ] GC(1701) User=0.01s Sys=0.00s Real=0.00s
[300.649s][info][gc,start       ] GC(1702) Pause Young (Normal) (G1 Evacuation Pause)
[300.649s][info][gc,task        ] GC(1702) Using 1 workers of 1 for evacuation
[300.653s][info][gc,phases      ] GC(1702)   Pre Evacuate Collection Set: 0.0ms
[300.653s][info][gc,phases      ] GC(1702)   Evacuate Collection Set: 2.9ms
[300.653s][info][gc,phases      ] GC(1702)   Post Evacuate Collection Set: 0.4ms
[300.653s][info][gc,phases      ] GC(1702)   Other: 0.4ms
[300.653s][info][gc,heap        ] GC(1702) Eden regions: 280->0(280)
[300.653s][info][gc,heap        ] GC(1702) Survivor regions: 1->1(36)
[300.653s][info][gc,heap        ] GC(1702) Old regions: 79->79
[300.653s][info][gc,heap        ] GC(1702) Humongous regions: 6->6
[300.653s][info][gc,metaspace   ] GC(1702) Metaspace: 73464K->73464K(1116160K)
[300.653s][info][gc             ] GC(1702) Pause Young (Normal) (G1 Evacuation Pause) 363M->83M(469M) 3.710ms
[300.653s][info][gc,cpu         ] GC(1702) User=0.01s Sys=0.00s Real=0.00s
[300.966s][info][gc,start       ] GC(1703) Pause Young (Normal) (G1 Evacuation Pause)
[300.966s][info][gc,task        ] GC(1703) Using 1 workers of 1 for evacuation
[300.970s][info][gc,phases      ] GC(1703)   Pre Evacuate Collection Set: 0.0ms
[300.971s][info][gc,phases      ] GC(1703)   Evacuate Collection Set: 3.3ms
[300.971s][info][gc,phases      ] GC(1703)   Post Evacuate Collection Set: 0.4ms
[300.971s][info][gc,phases      ] GC(1703)   Other: 0.8ms
[300.971s][info][gc,heap        ] GC(1703) Eden regions: 280->0(280)
[300.971s][info][gc,heap        ] GC(1703) Survivor regions: 1->1(36)
[300.971s][info][gc,heap        ] GC(1703) Old regions: 79->79
[300.971s][info][gc,heap        ] GC(1703) Humongous regions: 6->6
[300.971s][info][gc,metaspace   ] GC(1703) Metaspace: 73464K->73464K(1116160K)
[300.971s][info][gc             ] GC(1703) Pause Young (Normal) (G1 Evacuation Pause) 363M->83M(469M) 4.577ms
[300.971s][info][gc,cpu         ] GC(1703) User=0.00s Sys=0.00s Real=0.01s
[301.241s][info][gc,start       ] GC(1704) Pause Young (Normal) (G1 Evacuation Pause)
[301.241s][info][gc,task        ] GC(1704) Using 1 workers of 1 for evacuation
[301.250s][info][gc,phases      ] GC(1704)   Pre Evacuate Collection Set: 0.1ms
[301.250s][info][gc,phases      ] GC(1704)   Evacuate Collection Set: 7.3ms
[301.250s][info][gc,phases      ] GC(1704)   Post Evacuate Collection Set: 0.9ms
[301.250s][info][gc,phases      ] GC(1704)   Other: 0.8ms
[301.250s][info][gc,heap        ] GC(1704) Eden regions: 280->0(280)
[301.250s][info][gc,heap        ] GC(1704) Survivor regions: 1->1(36)
[301.250s][info][gc,heap        ] GC(1704) Old regions: 79->79
[301.250s][info][gc,heap        ] GC(1704) Humongous regions: 6->6
[301.250s][info][gc,metaspace   ] GC(1704) Metaspace: 73464K->73464K(1116160K)
[301.250s][info][gc             ] GC(1704) Pause Young (Normal) (G1 Evacuation Pause) 363M->83M(469M) 9.302ms
[301.250s][info][gc,cpu         ] GC(1704) User=0.01s Sys=0.00s Real=0.01s
[301.525s][info][gc,start       ] GC(1705) Pause Young (Normal) (G1 Evacuation Pause)
[301.525s][info][gc,task        ] GC(1705) Using 1 workers of 1 for evacuation
[301.534s][info][gc,phases      ] GC(1705)   Pre Evacuate Collection Set: 0.1ms
[301.534s][info][gc,phases      ] GC(1705)   Evacuate Collection Set: 7.1ms
[301.534s][info][gc,phases      ] GC(1705)   Post Evacuate Collection Set: 0.9ms
[301.534s][info][gc,phases      ] GC(1705)   Other: 0.9ms
[301.534s][info][gc,heap        ] GC(1705) Eden regions: 280->0(280)
[301.534s][info][gc,heap        ] GC(1705) Survivor regions: 1->1(36)
[301.534s][info][gc,heap        ] GC(1705) Old regions: 79->79
[301.534s][info][gc,heap        ] GC(1705) Humongous regions: 6->6
[301.534s][info][gc,metaspace   ] GC(1705) Metaspace: 73464K->73464K(1116160K)
[301.534s][info][gc             ] GC(1705) Pause Young (Normal) (G1 Evacuation Pause) 363M->83M(469M) 9.023ms
[301.534s][info][gc,cpu         ] GC(1705) User=0.01s Sys=0.00s Real=0.01s
[301.735s][info][gc,start       ] GC(1706) Pause Young (Normal) (G1 Evacuation Pause)
[301.736s][info][gc,task        ] GC(1706) Using 1 workers of 1 for evacuation
[301.740s][info][gc,phases      ] GC(1706)   Pre Evacuate Collection Set: 0.0ms
[301.740s][info][gc,phases      ] GC(1706)   Evacuate Collection Set: 3.3ms
[301.740s][info][gc,phases      ] GC(1706)   Post Evacuate Collection Set: 0.4ms
[301.740s][info][gc,phases      ] GC(1706)   Other: 0.4ms
[301.740s][info][gc,heap        ] GC(1706) Eden regions: 280->0(280)
[301.740s][info][gc,heap        ] GC(1706) Survivor regions: 1->1(36)
[301.740s][info][gc,heap        ] GC(1706) Old regions: 79->79
[301.740s][info][gc,heap        ] GC(1706) Humongous regions: 6->6
[301.740s][info][gc,metaspace   ] GC(1706) Metaspace: 73464K->73464K(1116160K)
[301.740s][info][gc             ] GC(1706) Pause Young (Normal) (G1 Evacuation Pause) 363M->83M(469M) 4.247ms
[301.740s][info][gc,cpu         ] GC(1706) User=0.00s Sys=0.00s Real=0.01s
[301.918s][info][gc,start       ] GC(1707) Pause Young (Normal) (G1 Evacuation Pause)
[301.918s][info][gc,task        ] GC(1707) Using 1 workers of 1 for evacuation
[301.922s][info][gc,phases      ] GC(1707)   Pre Evacuate Collection Set: 0.0ms
[301.922s][info][gc,phases      ] GC(1707)   Evacuate Collection Set: 2.8ms
[301.922s][info][gc,phases      ] GC(1707)   Post Evacuate Collection Set: 0.4ms
[301.922s][info][gc,phases      ] GC(1707)   Other: 0.4ms
[301.922s][info][gc,heap        ] GC(1707) Eden regions: 280->0(280)
[301.922s][info][gc,heap        ] GC(1707) Survivor regions: 1->1(36)
[301.922s][info][gc,heap        ] GC(1707) Old regions: 79->79
[301.922s][info][gc,heap        ] GC(1707) Humongous regions: 6->6
[301.922s][info][gc,metaspace   ] GC(1707) Metaspace: 73464K->73464K(1116160K)
[301.922s][info][gc             ] GC(1707) Pause Young (Normal) (G1 Evacuation Pause) 363M->83M(469M) 3.596ms
[301.922s][info][gc,cpu         ] GC(1707) User=0.01s Sys=0.00s Real=0.01s
[302.160s][info][gc,start       ] GC(1708) Pause Young (Normal) (G1 Evacuation Pause)
[302.160s][info][gc,task        ] GC(1708) Using 1 workers of 1 for evacuation
[302.164s][info][gc,phases      ] GC(1708)   Pre Evacuate Collection Set: 0.0ms
[302.164s][info][gc,phases      ] GC(1708)   Evacuate Collection Set: 3.2ms
[302.164s][info][gc,phases      ] GC(1708)   Post Evacuate Collection Set: 0.5ms
[302.164s][info][gc,phases      ] GC(1708)   Other: 0.5ms
[302.164s][info][gc,heap        ] GC(1708) Eden regions: 280->0(280)
[302.164s][info][gc,heap        ] GC(1708) Survivor regions: 1->1(36)
[302.164s][info][gc,heap        ] GC(1708) Old regions: 79->79
[302.164s][info][gc,heap        ] GC(1708) Humongous regions: 11->6
[302.164s][info][gc,metaspace   ] GC(1708) Metaspace: 73469K->73469K(1116160K)
[302.164s][info][gc             ] GC(1708) Pause Young (Normal) (G1 Evacuation Pause) 368M->83M(469M) 4.305ms
[302.165s][info][gc,cpu         ] GC(1708) User=0.01s Sys=0.00s Real=0.00s
[302.351s][info][gc,start       ] GC(1709) Pause Young (Normal) (G1 Evacuation Pause)
[302.351s][info][gc,task        ] GC(1709) Using 1 workers of 1 for evacuation
[302.354s][info][gc,phases      ] GC(1709)   Pre Evacuate Collection Set: 0.0ms
[302.354s][info][gc,phases      ] GC(1709)   Evacuate Collection Set: 2.7ms
[302.354s][info][gc,phases      ] GC(1709)   Post Evacuate Collection Set: 0.5ms
[302.354s][info][gc,phases      ] GC(1709)   Other: 0.4ms
[302.354s][info][gc,heap        ] GC(1709) Eden regions: 280->0(280)
[302.354s][info][gc,heap        ] GC(1709) Survivor regions: 1->1(36)
[302.354s][info][gc,heap        ] GC(1709) Old regions: 79->79
[302.354s][info][gc,heap        ] GC(1709) Humongous regions: 6->6
[302.354s][info][gc,metaspace   ] GC(1709) Metaspace: 73469K->73469K(1116160K)
[302.354s][info][gc             ] GC(1709) Pause Young (Normal) (G1 Evacuation Pause) 363M->83M(469M) 3.655ms
[302.354s][info][gc,cpu         ] GC(1709) User=0.01s Sys=0.00s Real=0.00s
[302.566s][info][gc,start       ] GC(1710) Pause Young (Normal) (G1 Evacuation Pause)
[302.566s][info][gc,task        ] GC(1710) Using 1 workers of 1 for evacuation
[302.570s][info][gc,phases      ] GC(1710)   Pre Evacuate Collection Set: 0.0ms
[302.570s][info][gc,phases      ] GC(1710)   Evacuate Collection Set: 3.0ms
[302.570s][info][gc,phases      ] GC(1710)   Post Evacuate Collection Set: 0.4ms
[302.570s][info][gc,phases      ] GC(1710)   Other: 0.5ms
[302.570s][info][gc,heap        ] GC(1710) Eden regions: 280->0(280)
[302.570s][info][gc,heap        ] GC(1710) Survivor regions: 1->1(36)
[302.570s][info][gc,heap        ] GC(1710) Old regions: 79->79
[302.570s][info][gc,heap        ] GC(1710) Humongous regions: 6->6
[302.570s][info][gc,metaspace   ] GC(1710) Metaspace: 73469K->73469K(1116160K)
[302.570s][info][gc             ] GC(1710) Pause Young (Normal) (G1 Evacuation Pause) 363M->83M(469M) 3.980ms
[302.570s][info][gc,cpu         ] GC(1710) User=0.00s Sys=0.00s Real=0.01s
[302.725s][info][gc,start       ] GC(1711) Pause Young (Normal) (G1 Evacuation Pause)
[302.725s][info][gc,task        ] GC(1711) Using 1 workers of 1 for evacuation
[302.729s][info][gc,phases      ] GC(1711)   Pre Evacuate Collection Set: 0.0ms
[302.729s][info][gc,phases      ] GC(1711)   Evacuate Collection Set: 3.3ms
[302.729s][info][gc,phases      ] GC(1711)   Post Evacuate Collection Set: 0.4ms
[302.729s][info][gc,phases      ] GC(1711)   Other: 0.4ms
[302.729s][info][gc,heap        ] GC(1711) Eden regions: 280->0(280)
[302.729s][info][gc,heap        ] GC(1711) Survivor regions: 1->1(36)
[302.729s][info][gc,heap        ] GC(1711) Old regions: 79->79
[302.729s][info][gc,heap        ] GC(1711) Humongous regions: 6->6
[302.729s][info][gc,metaspace   ] GC(1711) Metaspace: 73469K->73469K(1116160K)
[302.729s][info][gc             ] GC(1711) Pause Young (Normal) (G1 Evacuation Pause) 363M->83M(469M) 4.170ms
[302.730s][info][gc,cpu         ] GC(1711) User=0.00s Sys=0.00s Real=0.01s
[302.993s][info][gc,start       ] GC(1712) Pause Young (Normal) (G1 Evacuation Pause)
[302.994s][info][gc,task        ] GC(1712) Using 1 workers of 1 for evacuation
[302.997s][info][gc,phases      ] GC(1712)   Pre Evacuate Collection Set: 0.0ms
[302.997s][info][gc,phases      ] GC(1712)   Evacuate Collection Set: 3.2ms
[302.997s][info][gc,phases      ] GC(1712)   Post Evacuate Collection Set: 0.4ms
[302.998s][info][gc,phases      ] GC(1712)   Other: 0.4ms
[302.998s][info][gc,heap        ] GC(1712) Eden regions: 280->0(280)
[302.998s][info][gc,heap        ] GC(1712) Survivor regions: 1->1(36)
[302.998s][info][gc,heap        ] GC(1712) Old regions: 79->79
[302.998s][info][gc,heap        ] GC(1712) Humongous regions: 6->6
[302.998s][info][gc,metaspace   ] GC(1712) Metaspace: 73469K->73469K(1116160K)
[302.998s][info][gc             ] GC(1712) Pause Young (Normal) (G1 Evacuation Pause) 363M->83M(469M) 4.222ms
[302.998s][info][gc,cpu         ] GC(1712) User=0.01s Sys=0.00s Real=0.00s
[303.149s][info][gc,start       ] GC(1713) Pause Young (Normal) (G1 Evacuation Pause)
[303.149s][info][gc,task        ] GC(1713) Using 1 workers of 1 for evacuation
[303.153s][info][gc,phases      ] GC(1713)   Pre Evacuate Collection Set: 0.0ms
[303.153s][info][gc,phases      ] GC(1713)   Evacuate Collection Set: 2.9ms
[303.153s][info][gc,phases      ] GC(1713)   Post Evacuate Collection Set: 0.4ms
[303.153s][info][gc,phases      ] GC(1713)   Other: 0.3ms
[303.153s][info][gc,heap        ] GC(1713) Eden regions: 280->0(280)
[303.153s][info][gc,heap        ] GC(1713) Survivor regions: 1->1(36)
[303.153s][info][gc,heap        ] GC(1713) Old regions: 79->79
[303.153s][info][gc,heap        ] GC(1713) Humongous regions: 6->6
[303.153s][info][gc,metaspace   ] GC(1713) Metaspace: 73469K->73469K(1116160K)
[303.153s][info][gc             ] GC(1713) Pause Young (Normal) (G1 Evacuation Pause) 363M->83M(469M) 3.761ms
[303.153s][info][gc,cpu         ] GC(1713) User=0.00s Sys=0.00s Real=0.00s
[303.308s][info][gc,start       ] GC(1714) Pause Young (Normal) (G1 Evacuation Pause)
[303.309s][info][gc,task        ] GC(1714) Using 1 workers of 1 for evacuation
[303.313s][info][gc,phases      ] GC(1714)   Pre Evacuate Collection Set: 0.0ms
[303.313s][info][gc,phases      ] GC(1714)   Evacuate Collection Set: 4.0ms
[303.313s][info][gc,phases      ] GC(1714)   Post Evacuate Collection Set: 0.5ms
[303.313s][info][gc,phases      ] GC(1714)   Other: 0.4ms
[303.313s][info][gc,heap        ] GC(1714) Eden regions: 280->0(280)
[303.313s][info][gc,heap        ] GC(1714) Survivor regions: 1->1(36)
[303.313s][info][gc,heap        ] GC(1714) Old regions: 79->80
[303.313s][info][gc,heap        ] GC(1714) Humongous regions: 6->6
[303.313s][info][gc,metaspace   ] GC(1714) Metaspace: 73469K->73469K(1116160K)
[303.314s][info][gc             ] GC(1714) Pause Young (Normal) (G1 Evacuation Pause) 363M->83M(469M) 5.105ms
[303.314s][info][gc,cpu         ] GC(1714) User=0.00s Sys=0.00s Real=0.00s
[303.467s][info][gc,start       ] GC(1715) Pause Young (Normal) (G1 Evacuation Pause)
[303.468s][info][gc,task        ] GC(1715) Using 1 workers of 1 for evacuation
[303.471s][info][gc,phases      ] GC(1715)   Pre Evacuate Collection Set: 0.0ms
[303.471s][info][gc,phases      ] GC(1715)   Evacuate Collection Set: 3.0ms
[303.471s][info][gc,phases      ] GC(1715)   Post Evacuate Collection Set: 0.4ms
[303.471s][info][gc,phases      ] GC(1715)   Other: 0.4ms
[303.471s][info][gc,heap        ] GC(1715) Eden regions: 280->0(280)
[303.471s][info][gc,heap        ] GC(1715) Survivor regions: 1->1(36)
[303.471s][info][gc,heap        ] GC(1715) Old regions: 80->80
[303.471s][info][gc,heap        ] GC(1715) Humongous regions: 6->6
[303.471s][info][gc,metaspace   ] GC(1715) Metaspace: 73469K->73469K(1116160K)
[303.471s][info][gc             ] GC(1715) Pause Young (Normal) (G1 Evacuation Pause) 363M->83M(469M) 3.823ms
[303.471s][info][gc,cpu         ] GC(1715) User=0.00s Sys=0.00s Real=0.00s
[303.630s][info][gc,start       ] GC(1716) Pause Young (Normal) (G1 Evacuation Pause)
[303.630s][info][gc,task        ] GC(1716) Using 1 workers of 1 for evacuation
[303.634s][info][gc,phases      ] GC(1716)   Pre Evacuate Collection Set: 0.0ms
[303.634s][info][gc,phases      ] GC(1716)   Evacuate Collection Set: 3.3ms
[303.634s][info][gc,phases      ] GC(1716)   Post Evacuate Collection Set: 0.4ms
[303.634s][info][gc,phases      ] GC(1716)   Other: 0.4ms
[303.634s][info][gc,heap        ] GC(1716) Eden regions: 280->0(280)
[303.634s][info][gc,heap        ] GC(1716) Survivor regions: 1->1(36)
[303.634s][info][gc,heap        ] GC(1716) Old regions: 80->80
[303.634s][info][gc,heap        ] GC(1716) Humongous regions: 11->6
[303.634s][info][gc,metaspace   ] GC(1716) Metaspace: 73469K->73469K(1116160K)
[303.634s][info][gc             ] GC(1716) Pause Young (Normal) (G1 Evacuation Pause) 368M->83M(469M) 4.164ms
[303.634s][info][gc,cpu         ] GC(1716) User=0.00s Sys=0.00s Real=0.00s
[303.830s][info][gc,start       ] GC(1717) Pause Young (Normal) (G1 Evacuation Pause)
[303.830s][info][gc,task        ] GC(1717) Using 1 workers of 1 for evacuation
[303.837s][info][gc,phases      ] GC(1717)   Pre Evacuate Collection Set: 0.1ms
[303.837s][info][gc,phases      ] GC(1717)   Evacuate Collection Set: 6.1ms
[303.837s][info][gc,phases      ] GC(1717)   Post Evacuate Collection Set: 1.1ms
[303.837s][info][gc,phases      ] GC(1717)   Other: 0.6ms
[303.837s][info][gc,heap        ] GC(1717) Eden regions: 280->0(280)
[303.837s][info][gc,heap        ] GC(1717) Survivor regions: 1->1(36)
[303.837s][info][gc,heap        ] GC(1717) Old regions: 80->80
[303.837s][info][gc,heap        ] GC(1717) Humongous regions: 6->6
[303.837s][info][gc,metaspace   ] GC(1717) Metaspace: 73469K->73469K(1116160K)
[303.837s][info][gc             ] GC(1717) Pause Young (Normal) (G1 Evacuation Pause) 363M->83M(469M) 7.916ms
[303.838s][info][gc,cpu         ] GC(1717) User=0.01s Sys=0.00s Real=0.00s
[304.308s][info][gc,start       ] GC(1718) Pause Young (Normal) (G1 Evacuation Pause)
[304.309s][info][gc,task        ] GC(1718) Using 1 workers of 1 for evacuation
[304.319s][info][gc,phases      ] GC(1718)   Pre Evacuate Collection Set: 0.1ms
[304.319s][info][gc,phases      ] GC(1718)   Evacuate Collection Set: 8.5ms
[304.319s][info][gc,phases      ] GC(1718)   Post Evacuate Collection Set: 1.2ms
[304.319s][info][gc,phases      ] GC(1718)   Other: 1.1ms
[304.319s][info][gc,heap        ] GC(1718) Eden regions: 280->0(280)
[304.319s][info][gc,heap        ] GC(1718) Survivor regions: 1->1(36)
[304.319s][info][gc,heap        ] GC(1718) Old regions: 80->80
[304.319s][info][gc,heap        ] GC(1718) Humongous regions: 6->6
[304.319s][info][gc,metaspace   ] GC(1718) Metaspace: 73469K->73469K(1116160K)
[304.320s][info][gc             ] GC(1718) Pause Young (Normal) (G1 Evacuation Pause) 363M->83M(469M) 11.028ms
[304.320s][info][gc,cpu         ] GC(1718) User=0.01s Sys=0.00s Real=0.01s
[304.678s][info][gc,start       ] GC(1719) Pause Young (Normal) (G1 Evacuation Pause)
[304.679s][info][gc,task        ] GC(1719) Using 1 workers of 1 for evacuation
[304.682s][info][gc,phases      ] GC(1719)   Pre Evacuate Collection Set: 0.0ms
[304.682s][info][gc,phases      ] GC(1719)   Evacuate Collection Set: 3.0ms
[304.682s][info][gc,phases      ] GC(1719)   Post Evacuate Collection Set: 0.4ms
[304.682s][info][gc,phases      ] GC(1719)   Other: 0.5ms
[304.682s][info][gc,heap        ] GC(1719) Eden regions: 280->0(280)
[304.682s][info][gc,heap        ] GC(1719) Survivor regions: 1->1(36)
[304.682s][info][gc,heap        ] GC(1719) Old regions: 80->80
[304.682s][info][gc,heap        ] GC(1719) Humongous regions: 6->6
[304.682s][info][gc,metaspace   ] GC(1719) Metaspace: 73469K->73469K(1116160K)
[304.682s][info][gc             ] GC(1719) Pause Young (Normal) (G1 Evacuation Pause) 363M->83M(469M) 4.015ms
[304.682s][info][gc,cpu         ] GC(1719) User=0.00s Sys=0.00s Real=0.00s
[304.871s][info][gc,start       ] GC(1720) Pause Young (Normal) (G1 Evacuation Pause)
[304.872s][info][gc,task        ] GC(1720) Using 1 workers of 1 for evacuation
[304.886s][info][gc,phases      ] GC(1720)   Pre Evacuate Collection Set: 0.0ms
[304.886s][info][gc,phases      ] GC(1720)   Evacuate Collection Set: 13.0ms
[304.886s][info][gc,phases      ] GC(1720)   Post Evacuate Collection Set: 0.9ms
[304.886s][info][gc,phases      ] GC(1720)   Other: 0.5ms
[304.886s][info][gc,heap        ] GC(1720) Eden regions: 280->0(280)
[304.886s][info][gc,heap        ] GC(1720) Survivor regions: 1->1(36)
[304.886s][info][gc,heap        ] GC(1720) Old regions: 80->80
[304.886s][info][gc,heap        ] GC(1720) Humongous regions: 6->6
[304.886s][info][gc,metaspace   ] GC(1720) Metaspace: 73469K->73469K(1116160K)
[304.886s][info][gc             ] GC(1720) Pause Young (Normal) (G1 Evacuation Pause) 363M->83M(469M) 14.603ms
[304.886s][info][gc,cpu         ] GC(1720) User=0.01s Sys=0.00s Real=0.01s
[305.073s][info][gc,start       ] GC(1721) Pause Young (Normal) (G1 Evacuation Pause)
[305.073s][info][gc,task        ] GC(1721) Using 1 workers of 1 for evacuation
[305.077s][info][gc,phases      ] GC(1721)   Pre Evacuate Collection Set: 0.0ms
[305.077s][info][gc,phases      ] GC(1721)   Evacuate Collection Set: 2.9ms
[305.077s][info][gc,phases      ] GC(1721)   Post Evacuate Collection Set: 0.5ms
[305.077s][info][gc,phases      ] GC(1721)   Other: 0.4ms
[305.077s][info][gc,heap        ] GC(1721) Eden regions: 280->0(280)
[305.077s][info][gc,heap        ] GC(1721) Survivor regions: 1->1(36)
[305.077s][info][gc,heap        ] GC(1721) Old regions: 80->80
[305.077s][info][gc,heap        ] GC(1721) Humongous regions: 6->6
[305.077s][info][gc,metaspace   ] GC(1721) Metaspace: 73469K->73469K(1116160K)
[305.077s][info][gc             ] GC(1721) Pause Young (Normal) (G1 Evacuation Pause) 363M->83M(469M) 3.878ms
[305.077s][info][gc,cpu         ] GC(1721) User=0.00s Sys=0.00s Real=0.00s
[305.296s][info][gc,start       ] GC(1722) Pause Young (Normal) (G1 Evacuation Pause)
[305.296s][info][gc,task        ] GC(1722) Using 1 workers of 1 for evacuation
[305.303s][info][gc,phases      ] GC(1722)   Pre Evacuate Collection Set: 0.1ms
[305.303s][info][gc,phases      ] GC(1722)   Evacuate Collection Set: 5.3ms
[305.303s][info][gc,phases      ] GC(1722)   Post Evacuate Collection Set: 1.0ms
[305.303s][info][gc,phases      ] GC(1722)   Other: 0.6ms
[305.303s][info][gc,heap        ] GC(1722) Eden regions: 280->0(280)
[305.303s][info][gc,heap        ] GC(1722) Survivor regions: 1->1(36)
[305.303s][info][gc,heap        ] GC(1722) Old regions: 80->80
[305.303s][info][gc,heap        ] GC(1722) Humongous regions: 6->6
[305.303s][info][gc,metaspace   ] GC(1722) Metaspace: 73469K->73469K(1116160K)
[305.303s][info][gc             ] GC(1722) Pause Young (Normal) (G1 Evacuation Pause) 363M->83M(469M) 7.391ms
[305.303s][info][gc,cpu         ] GC(1722) User=0.01s Sys=0.00s Real=0.01s
[305.498s][info][gc,start       ] GC(1723) Pause Young (Normal) (G1 Evacuation Pause)
[305.499s][info][gc,task        ] GC(1723) Using 1 workers of 1 for evacuation
[305.508s][info][gc,phases      ] GC(1723)   Pre Evacuate Collection Set: 0.1ms
[305.508s][info][gc,phases      ] GC(1723)   Evacuate Collection Set: 6.8ms
[305.508s][info][gc,phases      ] GC(1723)   Post Evacuate Collection Set: 1.0ms
[305.508s][info][gc,phases      ] GC(1723)   Other: 1.3ms
[305.508s][info][gc,heap        ] GC(1723) Eden regions: 280->0(280)
[305.508s][info][gc,heap        ] GC(1723) Survivor regions: 1->1(36)
[305.508s][info][gc,heap        ] GC(1723) Old regions: 80->80
[305.508s][info][gc,heap        ] GC(1723) Humongous regions: 6->6
[305.508s][info][gc,metaspace   ] GC(1723) Metaspace: 73469K->73469K(1116160K)
[305.508s][info][gc             ] GC(1723) Pause Young (Normal) (G1 Evacuation Pause) 363M->83M(469M) 9.278ms
[305.508s][info][gc,cpu         ] GC(1723) User=0.01s Sys=0.00s Real=0.01s
[305.680s][info][gc,start       ] GC(1724) Pause Young (Normal) (G1 Evacuation Pause)
[305.680s][info][gc,task        ] GC(1724) Using 1 workers of 1 for evacuation
[305.683s][info][gc,phases      ] GC(1724)   Pre Evacuate Collection Set: 0.0ms
[305.683s][info][gc,phases      ] GC(1724)   Evacuate Collection Set: 2.6ms
[305.683s][info][gc,phases      ] GC(1724)   Post Evacuate Collection Set: 0.4ms
[305.683s][info][gc,phases      ] GC(1724)   Other: 0.3ms
[305.683s][info][gc,heap        ] GC(1724) Eden regions: 280->0(280)
[305.683s][info][gc,heap        ] GC(1724) Survivor regions: 1->1(36)
[305.683s][info][gc,heap        ] GC(1724) Old regions: 80->80
[305.683s][info][gc,heap        ] GC(1724) Humongous regions: 11->6
[305.683s][info][gc,metaspace   ] GC(1724) Metaspace: 73470K->73470K(1116160K)
[305.683s][info][gc             ] GC(1724) Pause Young (Normal) (G1 Evacuation Pause) 368M->83M(469M) 3.332ms
[305.683s][info][gc,cpu         ] GC(1724) User=0.01s Sys=0.00s Real=0.00s
[305.913s][info][gc,start       ] GC(1725) Pause Young (Normal) (G1 Evacuation Pause)
[305.914s][info][gc,task        ] GC(1725) Using 1 workers of 1 for evacuation
[305.921s][info][gc,phases      ] GC(1725)   Pre Evacuate Collection Set: 0.1ms
[305.921s][info][gc,phases      ] GC(1725)   Evacuate Collection Set: 5.5ms
[305.921s][info][gc,phases      ] GC(1725)   Post Evacuate Collection Set: 1.0ms
[305.921s][info][gc,phases      ] GC(1725)   Other: 0.7ms
[305.921s][info][gc,heap        ] GC(1725) Eden regions: 280->0(280)
[305.921s][info][gc,heap        ] GC(1725) Survivor regions: 1->1(36)
[305.921s][info][gc,heap        ] GC(1725) Old regions: 80->80
[305.921s][info][gc,heap        ] GC(1725) Humongous regions: 6->6
[305.921s][info][gc,metaspace   ] GC(1725) Metaspace: 73470K->73470K(1116160K)
[305.921s][info][gc             ] GC(1725) Pause Young (Normal) (G1 Evacuation Pause) 363M->83M(469M) 7.665ms
[305.921s][info][gc,cpu         ] GC(1725) User=0.00s Sys=0.00s Real=0.01s
[306.163s][info][gc,start       ] GC(1726) Pause Young (Normal) (G1 Evacuation Pause)
[306.163s][info][gc,task        ] GC(1726) Using 1 workers of 1 for evacuation
[306.172s][info][gc,phases      ] GC(1726)   Pre Evacuate Collection Set: 0.1ms
[306.172s][info][gc,phases      ] GC(1726)   Evacuate Collection Set: 7.0ms
[306.172s][info][gc,phases      ] GC(1726)   Post Evacuate Collection Set: 0.9ms
[306.172s][info][gc,phases      ] GC(1726)   Other: 0.9ms
[306.172s][info][gc,heap        ] GC(1726) Eden regions: 280->0(280)
[306.172s][info][gc,heap        ] GC(1726) Survivor regions: 1->1(36)
[306.172s][info][gc,heap        ] GC(1726) Old regions: 80->80
[306.172s][info][gc,heap        ] GC(1726) Humongous regions: 6->6
[306.172s][info][gc,metaspace   ] GC(1726) Metaspace: 73470K->73470K(1116160K)
[306.172s][info][gc             ] GC(1726) Pause Young (Normal) (G1 Evacuation Pause) 363M->83M(469M) 9.031ms
[306.172s][info][gc,cpu         ] GC(1726) User=0.01s Sys=0.00s Real=0.01s
[306.639s][info][gc,start       ] GC(1727) Pause Young (Normal) (G1 Evacuation Pause)
[306.639s][info][gc,task        ] GC(1727) Using 1 workers of 1 for evacuation
[306.642s][info][gc,phases      ] GC(1727)   Pre Evacuate Collection Set: 0.0ms
[306.642s][info][gc,phases      ] GC(1727)   Evacuate Collection Set: 2.5ms
[306.642s][info][gc,phases      ] GC(1727)   Post Evacuate Collection Set: 0.4ms
[306.642s][info][gc,phases      ] GC(1727)   Other: 0.5ms
[306.642s][info][gc,heap        ] GC(1727) Eden regions: 280->0(280)
[306.642s][info][gc,heap        ] GC(1727) Survivor regions: 1->1(36)
[306.642s][info][gc,heap        ] GC(1727) Old regions: 80->80
[306.642s][info][gc,heap        ] GC(1727) Humongous regions: 6->6
[306.642s][info][gc,metaspace   ] GC(1727) Metaspace: 73470K->73470K(1116160K)
[306.642s][info][gc             ] GC(1727) Pause Young (Normal) (G1 Evacuation Pause) 363M->83M(469M) 3.486ms
[306.642s][info][gc,cpu         ] GC(1727) User=0.00s Sys=0.00s Real=0.00s
[306.807s][info][gc,start       ] GC(1728) Pause Young (Normal) (G1 Evacuation Pause)
[306.807s][info][gc,task        ] GC(1728) Using 1 workers of 1 for evacuation
[306.811s][info][gc,phases      ] GC(1728)   Pre Evacuate Collection Set: 0.0ms
[306.811s][info][gc,phases      ] GC(1728)   Evacuate Collection Set: 2.8ms
[306.811s][info][gc,phases      ] GC(1728)   Post Evacuate Collection Set: 0.4ms
[306.811s][info][gc,phases      ] GC(1728)   Other: 0.4ms
[306.811s][info][gc,heap        ] GC(1728) Eden regions: 280->0(280)
[306.811s][info][gc,heap        ] GC(1728) Survivor regions: 1->1(36)
[306.811s][info][gc,heap        ] GC(1728) Old regions: 80->80
[306.811s][info][gc,heap        ] GC(1728) Humongous regions: 6->6
[306.811s][info][gc,metaspace   ] GC(1728) Metaspace: 73470K->73470K(1116160K)
[306.811s][info][gc             ] GC(1728) Pause Young (Normal) (G1 Evacuation Pause) 363M->83M(469M) 3.566ms
[306.811s][info][gc,cpu         ] GC(1728) User=0.00s Sys=0.00s Real=0.00s
[307.063s][info][gc,start       ] GC(1729) Pause Young (Normal) (G1 Evacuation Pause)
[307.064s][info][gc,task        ] GC(1729) Using 1 workers of 1 for evacuation
[307.072s][info][gc,phases      ] GC(1729)   Pre Evacuate Collection Set: 0.1ms
[307.072s][info][gc,phases      ] GC(1729)   Evacuate Collection Set: 7.0ms
[307.072s][info][gc,phases      ] GC(1729)   Post Evacuate Collection Set: 0.9ms
[307.072s][info][gc,phases      ] GC(1729)   Other: 0.8ms
[307.072s][info][gc,heap        ] GC(1729) Eden regions: 280->0(280)
[307.072s][info][gc,heap        ] GC(1729) Survivor regions: 1->1(36)
[307.072s][info][gc,heap        ] GC(1729) Old regions: 80->80
[307.072s][info][gc,heap        ] GC(1729) Humongous regions: 6->6
[307.072s][info][gc,metaspace   ] GC(1729) Metaspace: 73470K->73470K(1116160K)
[307.072s][info][gc             ] GC(1729) Pause Young (Normal) (G1 Evacuation Pause) 363M->83M(469M) 8.868ms
[307.072s][info][gc,cpu         ] GC(1729) User=0.01s Sys=0.00s Real=0.01s
[307.498s][info][gc,start       ] GC(1730) Pause Young (Normal) (G1 Evacuation Pause)
[307.498s][info][gc,task        ] GC(1730) Using 1 workers of 1 for evacuation
[307.502s][info][gc,phases      ] GC(1730)   Pre Evacuate Collection Set: 0.0ms
[307.502s][info][gc,phases      ] GC(1730)   Evacuate Collection Set: 2.8ms
[307.502s][info][gc,phases      ] GC(1730)   Post Evacuate Collection Set: 0.4ms
[307.502s][info][gc,phases      ] GC(1730)   Other: 0.4ms
[307.502s][info][gc,heap        ] GC(1730) Eden regions: 280->0(280)
[307.502s][info][gc,heap        ] GC(1730) Survivor regions: 1->1(36)
[307.502s][info][gc,heap        ] GC(1730) Old regions: 80->80
[307.502s][info][gc,heap        ] GC(1730) Humongous regions: 6->6
[307.502s][info][gc,metaspace   ] GC(1730) Metaspace: 73470K->73470K(1116160K)
[307.502s][info][gc             ] GC(1730) Pause Young (Normal) (G1 Evacuation Pause) 363M->83M(469M) 3.681ms
[307.502s][info][gc,cpu         ] GC(1730) User=0.00s Sys=0.00s Real=0.01s
[307.647s][info][gc,start       ] GC(1731) Pause Young (Normal) (G1 Evacuation Pause)
[307.647s][info][gc,task        ] GC(1731) Using 1 workers of 1 for evacuation
[307.651s][info][gc,phases      ] GC(1731)   Pre Evacuate Collection Set: 0.0ms
[307.651s][info][gc,phases      ] GC(1731)   Evacuate Collection Set: 3.0ms
[307.651s][info][gc,phases      ] GC(1731)   Post Evacuate Collection Set: 0.4ms
[307.651s][info][gc,phases      ] GC(1731)   Other: 0.3ms
[307.651s][info][gc,heap        ] GC(1731) Eden regions: 280->0(280)
[307.651s][info][gc,heap        ] GC(1731) Survivor regions: 1->1(36)
[307.651s][info][gc,heap        ] GC(1731) Old regions: 80->80
[307.651s][info][gc,heap        ] GC(1731) Humongous regions: 6->6
[307.651s][info][gc,metaspace   ] GC(1731) Metaspace: 73470K->73470K(1116160K)
[307.651s][info][gc             ] GC(1731) Pause Young (Normal) (G1 Evacuation Pause) 363M->83M(469M) 3.809ms
[307.651s][info][gc,cpu         ] GC(1731) User=0.01s Sys=0.00s Real=0.00s
[307.995s][info][gc,start       ] GC(1732) Pause Young (Normal) (G1 Evacuation Pause)
[307.996s][info][gc,task        ] GC(1732) Using 1 workers of 1 for evacuation
[308.001s][info][gc,phases      ] GC(1732)   Pre Evacuate Collection Set: 0.1ms
[308.001s][info][gc,phases      ] GC(1732)   Evacuate Collection Set: 4.4ms
[308.001s][info][gc,phases      ] GC(1732)   Post Evacuate Collection Set: 0.4ms
[308.001s][info][gc,phases      ] GC(1732)   Other: 0.7ms
[308.001s][info][gc,heap        ] GC(1732) Eden regions: 280->0(280)
[308.001s][info][gc,heap        ] GC(1732) Survivor regions: 1->1(36)
[308.001s][info][gc,heap        ] GC(1732) Old regions: 80->80
[308.001s][info][gc,heap        ] GC(1732) Humongous regions: 11->6
[308.001s][info][gc,metaspace   ] GC(1732) Metaspace: 73473K->73473K(1116160K)
[308.001s][info][gc             ] GC(1732) Pause Young (Normal) (G1 Evacuation Pause) 368M->83M(469M) 5.546ms
[308.001s][info][gc,cpu         ] GC(1732) User=0.00s Sys=0.00s Real=0.01s
[308.335s][info][gc,start       ] GC(1733) Pause Young (Normal) (G1 Evacuation Pause)
[308.335s][info][gc,task        ] GC(1733) Using 1 workers of 1 for evacuation
[308.339s][info][gc,phases      ] GC(1733)   Pre Evacuate Collection Set: 0.0ms
[308.339s][info][gc,phases      ] GC(1733)   Evacuate Collection Set: 3.2ms
[308.339s][info][gc,phases      ] GC(1733)   Post Evacuate Collection Set: 0.4ms
[308.339s][info][gc,phases      ] GC(1733)   Other: 0.6ms
[308.339s][info][gc,heap        ] GC(1733) Eden regions: 280->0(280)
[308.339s][info][gc,heap        ] GC(1733) Survivor regions: 1->1(36)
[308.339s][info][gc,heap        ] GC(1733) Old regions: 80->80
[308.339s][info][gc,heap        ] GC(1733) Humongous regions: 6->6
[308.339s][info][gc,metaspace   ] GC(1733) Metaspace: 73473K->73473K(1116160K)
[308.339s][info][gc             ] GC(1733) Pause Young (Normal) (G1 Evacuation Pause) 363M->83M(469M) 4.247ms
[308.340s][info][gc,cpu         ] GC(1733) User=0.00s Sys=0.00s Real=0.01s
[308.548s][info][gc,start       ] GC(1734) Pause Young (Normal) (G1 Evacuation Pause)
[308.548s][info][gc,task        ] GC(1734) Using 1 workers of 1 for evacuation
[308.552s][info][gc,phases      ] GC(1734)   Pre Evacuate Collection Set: 0.1ms
[308.552s][info][gc,phases      ] GC(1734)   Evacuate Collection Set: 3.2ms
[308.552s][info][gc,phases      ] GC(1734)   Post Evacuate Collection Set: 0.5ms
[308.552s][info][gc,phases      ] GC(1734)   Other: 0.5ms
[308.552s][info][gc,heap        ] GC(1734) Eden regions: 280->0(280)
[308.552s][info][gc,heap        ] GC(1734) Survivor regions: 1->1(36)
[308.552s][info][gc,heap        ] GC(1734) Old regions: 80->80
[308.552s][info][gc,heap        ] GC(1734) Humongous regions: 6->6
[308.552s][info][gc,metaspace   ] GC(1734) Metaspace: 73473K->73473K(1116160K)
[308.552s][info][gc             ] GC(1734) Pause Young (Normal) (G1 Evacuation Pause) 363M->83M(469M) 4.282ms
[308.552s][info][gc,cpu         ] GC(1734) User=0.00s Sys=0.00s Real=0.00s
[308.720s][info][gc,start       ] GC(1735) Pause Young (Normal) (G1 Evacuation Pause)
[308.720s][info][gc,task        ] GC(1735) Using 1 workers of 1 for evacuation
[308.724s][info][gc,phases      ] GC(1735)   Pre Evacuate Collection Set: 0.0ms
[308.724s][info][gc,phases      ] GC(1735)   Evacuate Collection Set: 3.1ms
[308.724s][info][gc,phases      ] GC(1735)   Post Evacuate Collection Set: 0.4ms
[308.724s][info][gc,phases      ] GC(1735)   Other: 0.4ms
[308.724s][info][gc,heap        ] GC(1735) Eden regions: 280->0(280)
[308.724s][info][gc,heap        ] GC(1735) Survivor regions: 1->1(36)
[308.724s][info][gc,heap        ] GC(1735) Old regions: 80->80
[308.724s][info][gc,heap        ] GC(1735) Humongous regions: 6->6
[308.724s][info][gc,metaspace   ] GC(1735) Metaspace: 73473K->73473K(1116160K)
[308.724s][info][gc             ] GC(1735) Pause Young (Normal) (G1 Evacuation Pause) 363M->83M(469M) 3.937ms
[308.724s][info][gc,cpu         ] GC(1735) User=0.00s Sys=0.00s Real=0.00s
[308.877s][info][gc,start       ] GC(1736) Pause Young (Normal) (G1 Evacuation Pause)
[308.877s][info][gc,task        ] GC(1736) Using 1 workers of 1 for evacuation
[308.894s][info][gc,phases      ] GC(1736)   Pre Evacuate Collection Set: 0.0ms
[308.894s][info][gc,phases      ] GC(1736)   Evacuate Collection Set: 4.6ms
[308.894s][info][gc,phases      ] GC(1736)   Post Evacuate Collection Set: 12.1ms
[308.894s][info][gc,phases      ] GC(1736)   Other: 0.6ms
[308.894s][info][gc,heap        ] GC(1736) Eden regions: 280->0(280)
[308.894s][info][gc,heap        ] GC(1736) Survivor regions: 1->1(36)
[308.894s][info][gc,heap        ] GC(1736) Old regions: 80->80
[308.894s][info][gc,heap        ] GC(1736) Humongous regions: 6->6
[308.894s][info][gc,metaspace   ] GC(1736) Metaspace: 73473K->73473K(1116160K)
[308.894s][info][gc             ] GC(1736) Pause Young (Normal) (G1 Evacuation Pause) 363M->83M(469M) 17.464ms
[308.894s][info][gc,cpu         ] GC(1736) User=0.01s Sys=0.00s Real=0.02s
[309.098s][info][gc,start       ] GC(1737) Pause Young (Normal) (G1 Evacuation Pause)
[309.098s][info][gc,task        ] GC(1737) Using 1 workers of 1 for evacuation
[309.102s][info][gc,phases      ] GC(1737)   Pre Evacuate Collection Set: 0.0ms
[309.102s][info][gc,phases      ] GC(1737)   Evacuate Collection Set: 3.0ms
[309.102s][info][gc,phases      ] GC(1737)   Post Evacuate Collection Set: 0.4ms
[309.102s][info][gc,phases      ] GC(1737)   Other: 0.4ms
[309.102s][info][gc,heap        ] GC(1737) Eden regions: 280->0(280)
[309.102s][info][gc,heap        ] GC(1737) Survivor regions: 1->1(36)
[309.102s][info][gc,heap        ] GC(1737) Old regions: 80->80
[309.102s][info][gc,heap        ] GC(1737) Humongous regions: 6->6
[309.102s][info][gc,metaspace   ] GC(1737) Metaspace: 73473K->73473K(1116160K)
[309.102s][info][gc             ] GC(1737) Pause Young (Normal) (G1 Evacuation Pause) 363M->83M(469M) 3.952ms
[309.102s][info][gc,cpu         ] GC(1737) User=0.01s Sys=0.00s Real=0.01s
[309.251s][info][gc,start       ] GC(1738) Pause Young (Normal) (G1 Evacuation Pause)
[309.251s][info][gc,task        ] GC(1738) Using 1 workers of 1 for evacuation
[309.254s][info][gc,phases      ] GC(1738)   Pre Evacuate Collection Set: 0.0ms
[309.254s][info][gc,phases      ] GC(1738)   Evacuate Collection Set: 3.0ms
[309.254s][info][gc,phases      ] GC(1738)   Post Evacuate Collection Set: 0.5ms
[309.254s][info][gc,phases      ] GC(1738)   Other: 0.3ms
[309.254s][info][gc,heap        ] GC(1738) Eden regions: 280->0(280)
[309.254s][info][gc,heap        ] GC(1738) Survivor regions: 1->1(36)
[309.254s][info][gc,heap        ] GC(1738) Old regions: 80->80
[309.254s][info][gc,heap        ] GC(1738) Humongous regions: 6->6
[309.254s][info][gc,metaspace   ] GC(1738) Metaspace: 73473K->73473K(1116160K)
[309.254s][info][gc             ] GC(1738) Pause Young (Normal) (G1 Evacuation Pause) 363M->83M(469M) 3.838ms
[309.254s][info][gc,cpu         ] GC(1738) User=0.00s Sys=0.00s Real=0.00s
[309.469s][info][gc,start       ] GC(1739) Pause Young (Normal) (G1 Evacuation Pause)
[309.469s][info][gc,task        ] GC(1739) Using 1 workers of 1 for evacuation
[309.473s][info][gc,phases      ] GC(1739)   Pre Evacuate Collection Set: 0.0ms
[309.473s][info][gc,phases      ] GC(1739)   Evacuate Collection Set: 3.0ms
[309.473s][info][gc,phases      ] GC(1739)   Post Evacuate Collection Set: 0.5ms
[309.473s][info][gc,phases      ] GC(1739)   Other: 0.4ms
[309.473s][info][gc,heap        ] GC(1739) Eden regions: 280->0(280)
[309.473s][info][gc,heap        ] GC(1739) Survivor regions: 1->1(36)
[309.473s][info][gc,heap        ] GC(1739) Old regions: 80->80
[309.473s][info][gc,heap        ] GC(1739) Humongous regions: 6->6
[309.473s][info][gc,metaspace   ] GC(1739) Metaspace: 73473K->73473K(1116160K)
[309.473s][info][gc             ] GC(1739) Pause Young (Normal) (G1 Evacuation Pause) 363M->83M(469M) 3.998ms
[309.473s][info][gc,cpu         ] GC(1739) User=0.01s Sys=0.00s Real=0.00s
[309.640s][info][gc,start       ] GC(1740) Pause Young (Normal) (G1 Evacuation Pause)
[309.641s][info][gc,task        ] GC(1740) Using 1 workers of 1 for evacuation
[309.644s][info][gc,phases      ] GC(1740)   Pre Evacuate Collection Set: 0.0ms
[309.644s][info][gc,phases      ] GC(1740)   Evacuate Collection Set: 2.9ms
[309.644s][info][gc,phases      ] GC(1740)   Post Evacuate Collection Set: 0.4ms
[309.644s][info][gc,phases      ] GC(1740)   Other: 0.3ms
[309.644s][info][gc,heap        ] GC(1740) Eden regions: 280->0(280)
[309.644s][info][gc,heap        ] GC(1740) Survivor regions: 1->1(36)
[309.644s][info][gc,heap        ] GC(1740) Old regions: 80->80
[309.644s][info][gc,heap        ] GC(1740) Humongous regions: 11->6
[309.644s][info][gc,metaspace   ] GC(1740) Metaspace: 73479K->73479K(1116160K)
[309.644s][info][gc             ] GC(1740) Pause Young (Normal) (G1 Evacuation Pause) 368M->83M(469M) 3.719ms
[309.644s][info][gc,cpu         ] GC(1740) User=0.00s Sys=0.00s Real=0.00s
[309.811s][info][gc,start       ] GC(1741) Pause Young (Normal) (G1 Evacuation Pause)
[309.811s][info][gc,task        ] GC(1741) Using 1 workers of 1 for evacuation
[309.815s][info][gc,phases      ] GC(1741)   Pre Evacuate Collection Set: 0.1ms
[309.815s][info][gc,phases      ] GC(1741)   Evacuate Collection Set: 3.2ms
[309.815s][info][gc,phases      ] GC(1741)   Post Evacuate Collection Set: 0.5ms
[309.815s][info][gc,phases      ] GC(1741)   Other: 0.5ms
[309.815s][info][gc,heap        ] GC(1741) Eden regions: 280->0(280)
[309.815s][info][gc,heap        ] GC(1741) Survivor regions: 1->1(36)
[309.815s][info][gc,heap        ] GC(1741) Old regions: 80->80
[309.815s][info][gc,heap        ] GC(1741) Humongous regions: 6->6
[309.815s][info][gc,metaspace   ] GC(1741) Metaspace: 73479K->73479K(1116160K)
[309.815s][info][gc             ] GC(1741) Pause Young (Normal) (G1 Evacuation Pause) 363M->83M(469M) 4.406ms
[309.815s][info][gc,cpu         ] GC(1741) User=0.00s Sys=0.00s Real=0.00s
[309.973s][info][gc,start       ] GC(1742) Pause Young (Normal) (G1 Evacuation Pause)
[309.973s][info][gc,task        ] GC(1742) Using 1 workers of 1 for evacuation
[309.977s][info][gc,phases      ] GC(1742)   Pre Evacuate Collection Set: 0.0ms
[309.977s][info][gc,phases      ] GC(1742)   Evacuate Collection Set: 2.7ms
[309.977s][info][gc,phases      ] GC(1742)   Post Evacuate Collection Set: 0.5ms
[309.977s][info][gc,phases      ] GC(1742)   Other: 0.4ms
[309.977s][info][gc,heap        ] GC(1742) Eden regions: 280->0(280)
[309.977s][info][gc,heap        ] GC(1742) Survivor regions: 1->1(36)
[309.977s][info][gc,heap        ] GC(1742) Old regions: 80->80
[309.977s][info][gc,heap        ] GC(1742) Humongous regions: 6->6
[309.977s][info][gc,metaspace   ] GC(1742) Metaspace: 73479K->73479K(1116160K)
[309.977s][info][gc             ] GC(1742) Pause Young (Normal) (G1 Evacuation Pause) 363M->83M(469M) 3.600ms
[309.977s][info][gc,cpu         ] GC(1742) User=0.00s Sys=0.00s Real=0.00s
[310.152s][info][gc,start       ] GC(1743) Pause Young (Normal) (G1 Evacuation Pause)
[310.152s][info][gc,task        ] GC(1743) Using 1 workers of 1 for evacuation
[310.156s][info][gc,phases      ] GC(1743)   Pre Evacuate Collection Set: 0.0ms
[310.156s][info][gc,phases      ] GC(1743)   Evacuate Collection Set: 3.1ms
[310.156s][info][gc,phases      ] GC(1743)   Post Evacuate Collection Set: 0.7ms
[310.156s][info][gc,phases      ] GC(1743)   Other: 0.6ms
[310.156s][info][gc,heap        ] GC(1743) Eden regions: 280->0(280)
[310.156s][info][gc,heap        ] GC(1743) Survivor regions: 1->1(36)
[310.156s][info][gc,heap        ] GC(1743) Old regions: 80->80
[310.156s][info][gc,heap        ] GC(1743) Humongous regions: 6->6
[310.156s][info][gc,metaspace   ] GC(1743) Metaspace: 73479K->73479K(1116160K)
[310.156s][info][gc             ] GC(1743) Pause Young (Normal) (G1 Evacuation Pause) 363M->83M(469M) 4.547ms
[310.156s][info][gc,cpu         ] GC(1743) User=0.00s Sys=0.00s Real=0.00s
[310.325s][info][gc,start       ] GC(1744) Pause Young (Normal) (G1 Evacuation Pause)
[310.325s][info][gc,task        ] GC(1744) Using 1 workers of 1 for evacuation
[310.329s][info][gc,phases      ] GC(1744)   Pre Evacuate Collection Set: 0.0ms
[310.329s][info][gc,phases      ] GC(1744)   Evacuate Collection Set: 2.9ms
[310.329s][info][gc,phases      ] GC(1744)   Post Evacuate Collection Set: 0.4ms
[310.329s][info][gc,phases      ] GC(1744)   Other: 0.3ms
[310.329s][info][gc,heap        ] GC(1744) Eden regions: 280->0(280)
[310.329s][info][gc,heap        ] GC(1744) Survivor regions: 1->1(36)
[310.329s][info][gc,heap        ] GC(1744) Old regions: 80->80
[310.329s][info][gc,heap        ] GC(1744) Humongous regions: 6->6
[310.329s][info][gc,metaspace   ] GC(1744) Metaspace: 73479K->73479K(1116160K)
[310.329s][info][gc             ] GC(1744) Pause Young (Normal) (G1 Evacuation Pause) 363M->83M(469M) 3.712ms
[310.329s][info][gc,cpu         ] GC(1744) User=0.01s Sys=0.00s Real=0.01s
[310.486s][info][gc,start       ] GC(1745) Pause Young (Normal) (G1 Evacuation Pause)
[310.486s][info][gc,task        ] GC(1745) Using 1 workers of 1 for evacuation
[310.490s][info][gc,phases      ] GC(1745)   Pre Evacuate Collection Set: 0.0ms
[310.490s][info][gc,phases      ] GC(1745)   Evacuate Collection Set: 2.8ms
[310.490s][info][gc,phases      ] GC(1745)   Post Evacuate Collection Set: 0.4ms
[310.490s][info][gc,phases      ] GC(1745)   Other: 0.4ms
[310.490s][info][gc,heap        ] GC(1745) Eden regions: 280->0(280)
[310.490s][info][gc,heap        ] GC(1745) Survivor regions: 1->1(36)
[310.490s][info][gc,heap        ] GC(1745) Old regions: 80->80
[310.490s][info][gc,heap        ] GC(1745) Humongous regions: 6->6
[310.490s][info][gc,metaspace   ] GC(1745) Metaspace: 73479K->73479K(1116160K)
[310.490s][info][gc             ] GC(1745) Pause Young (Normal) (G1 Evacuation Pause) 363M->83M(469M) 3.742ms
[310.490s][info][gc,cpu         ] GC(1745) User=0.01s Sys=0.00s Real=0.01s
[310.643s][info][gc,start       ] GC(1746) Pause Young (Normal) (G1 Evacuation Pause)
[310.644s][info][gc,task        ] GC(1746) Using 1 workers of 1 for evacuation
[310.648s][info][gc,phases      ] GC(1746)   Pre Evacuate Collection Set: 0.0ms
[310.648s][info][gc,phases      ] GC(1746)   Evacuate Collection Set: 3.5ms
[310.648s][info][gc,phases      ] GC(1746)   Post Evacuate Collection Set: 0.5ms
[310.648s][info][gc,phases      ] GC(1746)   Other: 0.8ms
[310.648s][info][gc,heap        ] GC(1746) Eden regions: 280->0(280)
[310.648s][info][gc,heap        ] GC(1746) Survivor regions: 1->1(36)
[310.648s][info][gc,heap        ] GC(1746) Old regions: 80->80
[310.648s][info][gc,heap        ] GC(1746) Humongous regions: 6->6
[310.648s][info][gc,metaspace   ] GC(1746) Metaspace: 73479K->73479K(1116160K)
[310.648s][info][gc             ] GC(1746) Pause Young (Normal) (G1 Evacuation Pause) 363M->83M(469M) 4.860ms
[310.648s][info][gc,cpu         ] GC(1746) User=0.00s Sys=0.00s Real=0.01s
[310.829s][info][gc,start       ] GC(1747) Pause Young (Normal) (G1 Evacuation Pause)
[310.829s][info][gc,task        ] GC(1747) Using 1 workers of 1 for evacuation
[310.832s][info][gc,phases      ] GC(1747)   Pre Evacuate Collection Set: 0.0ms
[310.833s][info][gc,phases      ] GC(1747)   Evacuate Collection Set: 3.2ms
[310.833s][info][gc,phases      ] GC(1747)   Post Evacuate Collection Set: 0.4ms
[310.833s][info][gc,phases      ] GC(1747)   Other: 0.3ms
[310.833s][info][gc,heap        ] GC(1747) Eden regions: 280->0(280)
[310.833s][info][gc,heap        ] GC(1747) Survivor regions: 1->1(36)
[310.833s][info][gc,heap        ] GC(1747) Old regions: 80->80
[310.833s][info][gc,heap        ] GC(1747) Humongous regions: 6->6
[310.833s][info][gc,metaspace   ] GC(1747) Metaspace: 73479K->73479K(1116160K)
[310.833s][info][gc             ] GC(1747) Pause Young (Normal) (G1 Evacuation Pause) 363M->83M(469M) 4.042ms
[310.833s][info][gc,cpu         ] GC(1747) User=0.01s Sys=0.00s Real=0.00s
[311.014s][info][gc,start       ] GC(1748) Pause Young (Normal) (G1 Evacuation Pause)
[311.014s][info][gc,task        ] GC(1748) Using 1 workers of 1 for evacuation
[311.018s][info][gc,phases      ] GC(1748)   Pre Evacuate Collection Set: 0.0ms
[311.018s][info][gc,phases      ] GC(1748)   Evacuate Collection Set: 3.1ms
[311.018s][info][gc,phases      ] GC(1748)   Post Evacuate Collection Set: 0.5ms
[311.018s][info][gc,phases      ] GC(1748)   Other: 0.4ms
[311.018s][info][gc,heap        ] GC(1748) Eden regions: 280->0(280)
[311.018s][info][gc,heap        ] GC(1748) Survivor regions: 1->1(36)
[311.018s][info][gc,heap        ] GC(1748) Old regions: 80->80
[311.018s][info][gc,heap        ] GC(1748) Humongous regions: 11->6
[311.018s][info][gc,metaspace   ] GC(1748) Metaspace: 73479K->73479K(1116160K)
[311.018s][info][gc             ] GC(1748) Pause Young (Normal) (G1 Evacuation Pause) 368M->83M(469M) 4.050ms
[311.018s][info][gc,cpu         ] GC(1748) User=0.00s Sys=0.00s Real=0.00s
[311.178s][info][gc,start       ] GC(1749) Pause Young (Normal) (G1 Evacuation Pause)
[311.178s][info][gc,task        ] GC(1749) Using 1 workers of 1 for evacuation
[311.182s][info][gc,phases      ] GC(1749)   Pre Evacuate Collection Set: 0.0ms
[311.182s][info][gc,phases      ] GC(1749)   Evacuate Collection Set: 3.3ms
[311.182s][info][gc,phases      ] GC(1749)   Post Evacuate Collection Set: 0.4ms
[311.182s][info][gc,phases      ] GC(1749)   Other: 0.4ms
[311.182s][info][gc,heap        ] GC(1749) Eden regions: 280->0(280)
[311.182s][info][gc,heap        ] GC(1749) Survivor regions: 1->1(36)
[311.182s][info][gc,heap        ] GC(1749) Old regions: 80->80
[311.182s][info][gc,heap        ] GC(1749) Humongous regions: 6->6
[311.182s][info][gc,metaspace   ] GC(1749) Metaspace: 73479K->73479K(1116160K)
[311.182s][info][gc             ] GC(1749) Pause Young (Normal) (G1 Evacuation Pause) 363M->83M(469M) 4.194ms
[311.182s][info][gc,cpu         ] GC(1749) User=0.01s Sys=0.00s Real=0.01s
[311.345s][info][gc,start       ] GC(1750) Pause Young (Normal) (G1 Evacuation Pause)
[311.345s][info][gc,task        ] GC(1750) Using 1 workers of 1 for evacuation
[311.349s][info][gc,phases      ] GC(1750)   Pre Evacuate Collection Set: 0.0ms
[311.349s][info][gc,phases      ] GC(1750)   Evacuate Collection Set: 3.2ms
[311.349s][info][gc,phases      ] GC(1750)   Post Evacuate Collection Set: 0.4ms
[311.349s][info][gc,phases      ] GC(1750)   Other: 0.4ms
[311.349s][info][gc,heap        ] GC(1750) Eden regions: 280->0(280)
[311.349s][info][gc,heap        ] GC(1750) Survivor regions: 1->1(36)
[311.349s][info][gc,heap        ] GC(1750) Old regions: 80->80
[311.349s][info][gc,heap        ] GC(1750) Humongous regions: 6->6
[311.349s][info][gc,metaspace   ] GC(1750) Metaspace: 73479K->73479K(1116160K)
[311.349s][info][gc             ] GC(1750) Pause Young (Normal) (G1 Evacuation Pause) 363M->84M(469M) 4.078ms
[311.349s][info][gc,cpu         ] GC(1750) User=0.00s Sys=0.00s Real=0.01s
[311.507s][info][gc,start       ] GC(1751) Pause Young (Normal) (G1 Evacuation Pause)
[311.507s][info][gc,task        ] GC(1751) Using 1 workers of 1 for evacuation
[311.511s][info][gc,phases      ] GC(1751)   Pre Evacuate Collection Set: 0.0ms
[311.511s][info][gc,phases      ] GC(1751)   Evacuate Collection Set: 3.0ms
[311.511s][info][gc,phases      ] GC(1751)   Post Evacuate Collection Set: 0.4ms
[311.511s][info][gc,phases      ] GC(1751)   Other: 0.4ms
[311.511s][info][gc,heap        ] GC(1751) Eden regions: 280->0(280)
[311.511s][info][gc,heap        ] GC(1751) Survivor regions: 1->1(36)
[311.511s][info][gc,heap        ] GC(1751) Old regions: 80->80
[311.511s][info][gc,heap        ] GC(1751) Humongous regions: 6->6
[311.511s][info][gc,metaspace   ] GC(1751) Metaspace: 73483K->73483K(1116160K)
[311.511s][info][gc             ] GC(1751) Pause Young (Normal) (G1 Evacuation Pause) 364M->84M(469M) 3.953ms
[311.511s][info][gc,cpu         ] GC(1751) User=0.00s Sys=0.00s Real=0.00s
[311.664s][info][gc,start       ] GC(1752) Pause Young (Normal) (G1 Evacuation Pause)
[311.664s][info][gc,task        ] GC(1752) Using 1 workers of 1 for evacuation
[311.668s][info][gc,phases      ] GC(1752)   Pre Evacuate Collection Set: 0.0ms
[311.668s][info][gc,phases      ] GC(1752)   Evacuate Collection Set: 3.2ms
[311.668s][info][gc,phases      ] GC(1752)   Post Evacuate Collection Set: 0.4ms
[311.668s][info][gc,phases      ] GC(1752)   Other: 0.4ms
[311.668s][info][gc,heap        ] GC(1752) Eden regions: 280->0(280)
[311.668s][info][gc,heap        ] GC(1752) Survivor regions: 1->1(36)
[311.668s][info][gc,heap        ] GC(1752) Old regions: 80->80
[311.668s][info][gc,heap        ] GC(1752) Humongous regions: 6->6
[311.668s][info][gc,metaspace   ] GC(1752) Metaspace: 73483K->73483K(1116160K)
[311.668s][info][gc             ] GC(1752) Pause Young (Normal) (G1 Evacuation Pause) 364M->84M(469M) 4.064ms
[311.668s][info][gc,cpu         ] GC(1752) User=0.00s Sys=0.00s Real=0.01s
[311.845s][info][gc,start       ] GC(1753) Pause Young (Normal) (G1 Evacuation Pause)
[311.846s][info][gc,task        ] GC(1753) Using 1 workers of 1 for evacuation
[311.850s][info][gc,phases      ] GC(1753)   Pre Evacuate Collection Set: 0.0ms
[311.850s][info][gc,phases      ] GC(1753)   Evacuate Collection Set: 3.3ms
[311.850s][info][gc,phases      ] GC(1753)   Post Evacuate Collection Set: 0.5ms
[311.850s][info][gc,phases      ] GC(1753)   Other: 0.5ms
[311.850s][info][gc,heap        ] GC(1753) Eden regions: 280->0(280)
[311.850s][info][gc,heap        ] GC(1753) Survivor regions: 1->1(36)
[311.850s][info][gc,heap        ] GC(1753) Old regions: 80->80
[311.850s][info][gc,heap        ] GC(1753) Humongous regions: 6->6
[311.850s][info][gc,metaspace   ] GC(1753) Metaspace: 73483K->73483K(1116160K)
[311.850s][info][gc             ] GC(1753) Pause Young (Normal) (G1 Evacuation Pause) 364M->84M(469M) 4.354ms
[311.850s][info][gc,cpu         ] GC(1753) User=0.00s Sys=0.00s Real=0.01s
[312.024s][info][gc,start       ] GC(1754) Pause Young (Normal) (G1 Evacuation Pause)
[312.024s][info][gc,task        ] GC(1754) Using 1 workers of 1 for evacuation
[312.027s][info][gc,phases      ] GC(1754)   Pre Evacuate Collection Set: 0.0ms
[312.028s][info][gc,phases      ] GC(1754)   Evacuate Collection Set: 2.9ms
[312.028s][info][gc,phases      ] GC(1754)   Post Evacuate Collection Set: 0.4ms
[312.028s][info][gc,phases      ] GC(1754)   Other: 0.4ms
[312.028s][info][gc,heap        ] GC(1754) Eden regions: 280->0(280)
[312.028s][info][gc,heap        ] GC(1754) Survivor regions: 1->1(36)
[312.028s][info][gc,heap        ] GC(1754) Old regions: 80->80
[312.028s][info][gc,heap        ] GC(1754) Humongous regions: 6->6
[312.028s][info][gc,metaspace   ] GC(1754) Metaspace: 73483K->73483K(1116160K)
[312.028s][info][gc             ] GC(1754) Pause Young (Normal) (G1 Evacuation Pause) 364M->84M(469M) 3.753ms
[312.028s][info][gc,cpu         ] GC(1754) User=0.01s Sys=0.00s Real=0.01s
[312.184s][info][gc,start       ] GC(1755) Pause Young (Normal) (G1 Evacuation Pause)
[312.184s][info][gc,task        ] GC(1755) Using 1 workers of 1 for evacuation
[312.188s][info][gc,phases      ] GC(1755)   Pre Evacuate Collection Set: 0.0ms
[312.188s][info][gc,phases      ] GC(1755)   Evacuate Collection Set: 3.4ms
[312.188s][info][gc,phases      ] GC(1755)   Post Evacuate Collection Set: 0.5ms
[312.188s][info][gc,phases      ] GC(1755)   Other: 0.7ms
[312.188s][info][gc,heap        ] GC(1755) Eden regions: 280->0(280)
[312.188s][info][gc,heap        ] GC(1755) Survivor regions: 1->1(36)
[312.188s][info][gc,heap        ] GC(1755) Old regions: 80->80
[312.188s][info][gc,heap        ] GC(1755) Humongous regions: 6->6
[312.188s][info][gc,metaspace   ] GC(1755) Metaspace: 73483K->73483K(1116160K)
[312.188s][info][gc             ] GC(1755) Pause Young (Normal) (G1 Evacuation Pause) 364M->83M(469M) 4.652ms
[312.188s][info][gc,cpu         ] GC(1755) User=0.01s Sys=0.00s Real=0.01s
[312.362s][info][gc,start       ] GC(1756) Pause Young (Normal) (G1 Evacuation Pause)
[312.362s][info][gc,task        ] GC(1756) Using 1 workers of 1 for evacuation
[312.368s][info][gc,phases      ] GC(1756)   Pre Evacuate Collection Set: 0.1ms
[312.368s][info][gc,phases      ] GC(1756)   Evacuate Collection Set: 4.6ms
[312.368s][info][gc,phases      ] GC(1756)   Post Evacuate Collection Set: 0.5ms
[312.368s][info][gc,phases      ] GC(1756)   Other: 0.4ms
[312.368s][info][gc,heap        ] GC(1756) Eden regions: 280->0(280)
[312.368s][info][gc,heap        ] GC(1756) Survivor regions: 1->1(36)
[312.368s][info][gc,heap        ] GC(1756) Old regions: 80->80
[312.368s][info][gc,heap        ] GC(1756) Humongous regions: 11->6
[312.368s][info][gc,metaspace   ] GC(1756) Metaspace: 73483K->73483K(1116160K)
[312.368s][info][gc             ] GC(1756) Pause Young (Normal) (G1 Evacuation Pause) 368M->83M(469M) 5.573ms
[312.368s][info][gc,cpu         ] GC(1756) User=0.00s Sys=0.00s Real=0.01s
[312.537s][info][gc,start       ] GC(1757) Pause Young (Normal) (G1 Evacuation Pause)
[312.537s][info][gc,task        ] GC(1757) Using 1 workers of 1 for evacuation
[312.540s][info][gc,phases      ] GC(1757)   Pre Evacuate Collection Set: 0.0ms
[312.540s][info][gc,phases      ] GC(1757)   Evacuate Collection Set: 2.5ms
[312.540s][info][gc,phases      ] GC(1757)   Post Evacuate Collection Set: 0.4ms
[312.540s][info][gc,phases      ] GC(1757)   Other: 0.4ms
[312.540s][info][gc,heap        ] GC(1757) Eden regions: 280->0(280)
[312.540s][info][gc,heap        ] GC(1757) Survivor regions: 1->1(36)
[312.540s][info][gc,heap        ] GC(1757) Old regions: 80->80
[312.540s][info][gc,heap        ] GC(1757) Humongous regions: 6->6
[312.540s][info][gc,metaspace   ] GC(1757) Metaspace: 73483K->73483K(1116160K)
[312.540s][info][gc             ] GC(1757) Pause Young (Normal) (G1 Evacuation Pause) 363M->83M(469M) 3.319ms
[312.540s][info][gc,cpu         ] GC(1757) User=0.01s Sys=0.00s Real=0.01s
[312.711s][info][gc,start       ] GC(1758) Pause Young (Normal) (G1 Evacuation Pause)
[312.711s][info][gc,task        ] GC(1758) Using 1 workers of 1 for evacuation
[312.717s][info][gc,phases      ] GC(1758)   Pre Evacuate Collection Set: 0.1ms
[312.717s][info][gc,phases      ] GC(1758)   Evacuate Collection Set: 5.1ms
[312.717s][info][gc,phases      ] GC(1758)   Post Evacuate Collection Set: 0.6ms
[312.717s][info][gc,phases      ] GC(1758)   Other: 0.6ms
[312.717s][info][gc,heap        ] GC(1758) Eden regions: 280->0(280)
[312.717s][info][gc,heap        ] GC(1758) Survivor regions: 1->1(36)
[312.717s][info][gc,heap        ] GC(1758) Old regions: 80->80
[312.717s][info][gc,heap        ] GC(1758) Humongous regions: 6->6
[312.717s][info][gc,metaspace   ] GC(1758) Metaspace: 73483K->73483K(1116160K)
[312.717s][info][gc             ] GC(1758) Pause Young (Normal) (G1 Evacuation Pause) 363M->83M(469M) 6.536ms
[312.717s][info][gc,cpu         ] GC(1758) User=0.01s Sys=0.00s Real=0.00s
[312.927s][info][gc,start       ] GC(1759) Pause Young (Normal) (G1 Evacuation Pause)
[312.927s][info][gc,task        ] GC(1759) Using 1 workers of 1 for evacuation
[312.935s][info][gc,phases      ] GC(1759)   Pre Evacuate Collection Set: 0.1ms
[312.935s][info][gc,phases      ] GC(1759)   Evacuate Collection Set: 5.7ms
[312.935s][info][gc,phases      ] GC(1759)   Post Evacuate Collection Set: 0.9ms
[312.935s][info][gc,phases      ] GC(1759)   Other: 0.7ms
[312.935s][info][gc,heap        ] GC(1759) Eden regions: 280->0(280)
[312.935s][info][gc,heap        ] GC(1759) Survivor regions: 1->1(36)
[312.935s][info][gc,heap        ] GC(1759) Old regions: 80->80
[312.935s][info][gc,heap        ] GC(1759) Humongous regions: 6->6
[312.935s][info][gc,metaspace   ] GC(1759) Metaspace: 73483K->73483K(1116160K)
[312.935s][info][gc             ] GC(1759) Pause Young (Normal) (G1 Evacuation Pause) 363M->83M(469M) 7.401ms
[312.935s][info][gc,cpu         ] GC(1759) User=0.01s Sys=0.00s Real=0.00s
[313.097s][info][gc,start       ] GC(1760) Pause Young (Normal) (G1 Evacuation Pause)
[313.097s][info][gc,task        ] GC(1760) Using 1 workers of 1 for evacuation
[313.101s][info][gc,phases      ] GC(1760)   Pre Evacuate Collection Set: 0.0ms
[313.101s][info][gc,phases      ] GC(1760)   Evacuate Collection Set: 3.2ms
[313.101s][info][gc,phases      ] GC(1760)   Post Evacuate Collection Set: 0.6ms
[313.101s][info][gc,phases      ] GC(1760)   Other: 0.5ms
[313.101s][info][gc,heap        ] GC(1760) Eden regions: 280->0(280)
[313.101s][info][gc,heap        ] GC(1760) Survivor regions: 1->1(36)
[313.101s][info][gc,heap        ] GC(1760) Old regions: 80->80
[313.101s][info][gc,heap        ] GC(1760) Humongous regions: 6->6
[313.101s][info][gc,metaspace   ] GC(1760) Metaspace: 73483K->73483K(1116160K)
[313.101s][info][gc             ] GC(1760) Pause Young (Normal) (G1 Evacuation Pause) 363M->83M(469M) 4.486ms
[313.101s][info][gc,cpu         ] GC(1760) User=0.00s Sys=0.00s Real=0.01s
[313.272s][info][gc,start       ] GC(1761) Pause Young (Normal) (G1 Evacuation Pause)
[313.272s][info][gc,task        ] GC(1761) Using 1 workers of 1 for evacuation
[313.276s][info][gc,phases      ] GC(1761)   Pre Evacuate Collection Set: 0.0ms
[313.276s][info][gc,phases      ] GC(1761)   Evacuate Collection Set: 3.1ms
[313.276s][info][gc,phases      ] GC(1761)   Post Evacuate Collection Set: 0.6ms
[313.276s][info][gc,phases      ] GC(1761)   Other: 0.3ms
[313.276s][info][gc,heap        ] GC(1761) Eden regions: 280->0(280)
[313.276s][info][gc,heap        ] GC(1761) Survivor regions: 1->1(36)
[313.276s][info][gc,heap        ] GC(1761) Old regions: 80->80
[313.276s][info][gc,heap        ] GC(1761) Humongous regions: 6->6
[313.276s][info][gc,metaspace   ] GC(1761) Metaspace: 73483K->73483K(1116160K)
[313.276s][info][gc             ] GC(1761) Pause Young (Normal) (G1 Evacuation Pause) 363M->83M(469M) 4.126ms
[313.276s][info][gc,cpu         ] GC(1761) User=0.01s Sys=0.00s Real=0.00s
[313.448s][info][gc,start       ] GC(1762) Pause Young (Normal) (G1 Evacuation Pause)
[313.448s][info][gc,task        ] GC(1762) Using 1 workers of 1 for evacuation
[313.452s][info][gc,phases      ] GC(1762)   Pre Evacuate Collection Set: 0.0ms
[313.452s][info][gc,phases      ] GC(1762)   Evacuate Collection Set: 2.9ms
[313.452s][info][gc,phases      ] GC(1762)   Post Evacuate Collection Set: 0.4ms
[313.452s][info][gc,phases      ] GC(1762)   Other: 0.4ms
[313.452s][info][gc,heap        ] GC(1762) Eden regions: 280->0(280)
[313.452s][info][gc,heap        ] GC(1762) Survivor regions: 1->1(36)
[313.452s][info][gc,heap        ] GC(1762) Old regions: 80->80
[313.452s][info][gc,heap        ] GC(1762) Humongous regions: 6->6
[313.452s][info][gc,metaspace   ] GC(1762) Metaspace: 73483K->73483K(1116160K)
[313.452s][info][gc             ] GC(1762) Pause Young (Normal) (G1 Evacuation Pause) 363M->83M(469M) 3.837ms
[313.452s][info][gc,cpu         ] GC(1762) User=0.00s Sys=0.00s Real=0.00s
[313.610s][info][gc,start       ] GC(1763) Pause Young (Normal) (G1 Evacuation Pause)
[313.611s][info][gc,task        ] GC(1763) Using 1 workers of 1 for evacuation
[313.615s][info][gc,phases      ] GC(1763)   Pre Evacuate Collection Set: 0.0ms
[313.615s][info][gc,phases      ] GC(1763)   Evacuate Collection Set: 3.5ms
[313.615s][info][gc,phases      ] GC(1763)   Post Evacuate Collection Set: 0.5ms
[313.615s][info][gc,phases      ] GC(1763)   Other: 0.4ms
[313.615s][info][gc,heap        ] GC(1763) Eden regions: 280->0(280)
[313.615s][info][gc,heap        ] GC(1763) Survivor regions: 1->1(36)
[313.615s][info][gc,heap        ] GC(1763) Old regions: 80->80
[313.615s][info][gc,heap        ] GC(1763) Humongous regions: 6->6
[313.615s][info][gc,metaspace   ] GC(1763) Metaspace: 73483K->73483K(1116160K)
[313.615s][info][gc             ] GC(1763) Pause Young (Normal) (G1 Evacuation Pause) 363M->83M(469M) 4.441ms
[313.615s][info][gc,cpu         ] GC(1763) User=0.01s Sys=0.00s Real=0.00s
[313.921s][info][gc,start       ] GC(1764) Pause Young (Normal) (G1 Evacuation Pause)
[313.921s][info][gc,task        ] GC(1764) Using 1 workers of 1 for evacuation
[313.925s][info][gc,phases      ] GC(1764)   Pre Evacuate Collection Set: 0.0ms
[313.925s][info][gc,phases      ] GC(1764)   Evacuate Collection Set: 3.3ms
[313.925s][info][gc,phases      ] GC(1764)   Post Evacuate Collection Set: 0.6ms
[313.925s][info][gc,phases      ] GC(1764)   Other: 0.7ms
[313.925s][info][gc,heap        ] GC(1764) Eden regions: 280->0(280)
[313.925s][info][gc,heap        ] GC(1764) Survivor regions: 1->1(36)
[313.925s][info][gc,heap        ] GC(1764) Old regions: 80->80
[313.925s][info][gc,heap        ] GC(1764) Humongous regions: 11->6
[313.925s][info][gc,metaspace   ] GC(1764) Metaspace: 73491K->73491K(1116160K)
[313.925s][info][gc             ] GC(1764) Pause Young (Normal) (G1 Evacuation Pause) 368M->84M(469M) 4.583ms
[313.925s][info][gc,cpu         ] GC(1764) User=0.00s Sys=0.00s Real=0.00s
[314.304s][info][gc,start       ] GC(1765) Pause Young (Normal) (G1 Evacuation Pause)
[314.304s][info][gc,task        ] GC(1765) Using 1 workers of 1 for evacuation
[314.311s][info][gc,phases      ] GC(1765)   Pre Evacuate Collection Set: 0.1ms
[314.311s][info][gc,phases      ] GC(1765)   Evacuate Collection Set: 5.3ms
[314.311s][info][gc,phases      ] GC(1765)   Post Evacuate Collection Set: 0.7ms
[314.311s][info][gc,phases      ] GC(1765)   Other: 0.8ms
[314.311s][info][gc,heap        ] GC(1765) Eden regions: 280->0(280)
[314.311s][info][gc,heap        ] GC(1765) Survivor regions: 1->1(36)
[314.311s][info][gc,heap        ] GC(1765) Old regions: 80->80
[314.311s][info][gc,heap        ] GC(1765) Humongous regions: 6->6
[314.311s][info][gc,metaspace   ] GC(1765) Metaspace: 73491K->73491K(1116160K)
[314.311s][info][gc             ] GC(1765) Pause Young (Normal) (G1 Evacuation Pause) 364M->84M(469M) 6.959ms
[314.311s][info][gc,cpu         ] GC(1765) User=0.01s Sys=0.00s Real=0.01s
[314.508s][info][gc,start       ] GC(1766) Pause Young (Normal) (G1 Evacuation Pause)
[314.508s][info][gc,task        ] GC(1766) Using 1 workers of 1 for evacuation
[314.512s][info][gc,phases      ] GC(1766)   Pre Evacuate Collection Set: 0.0ms
[314.512s][info][gc,phases      ] GC(1766)   Evacuate Collection Set: 3.4ms
[314.512s][info][gc,phases      ] GC(1766)   Post Evacuate Collection Set: 0.5ms
[314.512s][info][gc,phases      ] GC(1766)   Other: 0.4ms
[314.512s][info][gc,heap        ] GC(1766) Eden regions: 280->0(280)
[314.512s][info][gc,heap        ] GC(1766) Survivor regions: 1->1(36)
[314.512s][info][gc,heap        ] GC(1766) Old regions: 80->80
[314.512s][info][gc,heap        ] GC(1766) Humongous regions: 6->6
[314.512s][info][gc,metaspace   ] GC(1766) Metaspace: 73491K->73491K(1116160K)
[314.512s][info][gc             ] GC(1766) Pause Young (Normal) (G1 Evacuation Pause) 364M->84M(469M) 4.445ms
[314.512s][info][gc,cpu         ] GC(1766) User=0.01s Sys=0.00s Real=0.00s
[314.671s][info][gc,start       ] GC(1767) Pause Young (Normal) (G1 Evacuation Pause)
[314.671s][info][gc,task        ] GC(1767) Using 1 workers of 1 for evacuation
[314.675s][info][gc,phases      ] GC(1767)   Pre Evacuate Collection Set: 0.0ms
[314.675s][info][gc,phases      ] GC(1767)   Evacuate Collection Set: 2.9ms
[314.675s][info][gc,phases      ] GC(1767)   Post Evacuate Collection Set: 0.4ms
[314.675s][info][gc,phases      ] GC(1767)   Other: 0.4ms
[314.675s][info][gc,heap        ] GC(1767) Eden regions: 280->0(280)
[314.675s][info][gc,heap        ] GC(1767) Survivor regions: 1->1(36)
[314.675s][info][gc,heap        ] GC(1767) Old regions: 80->80
[314.675s][info][gc,heap        ] GC(1767) Humongous regions: 6->6
[314.675s][info][gc,metaspace   ] GC(1767) Metaspace: 73491K->73491K(1116160K)
[314.675s][info][gc             ] GC(1767) Pause Young (Normal) (G1 Evacuation Pause) 364M->83M(469M) 3.825ms
[314.675s][info][gc,cpu         ] GC(1767) User=0.01s Sys=0.00s Real=0.00s
[315.005s][info][gc,start       ] GC(1768) Pause Young (Normal) (G1 Evacuation Pause)
[315.005s][info][gc,task        ] GC(1768) Using 1 workers of 1 for evacuation
[315.012s][info][gc,phases      ] GC(1768)   Pre Evacuate Collection Set: 0.0ms
[315.012s][info][gc,phases      ] GC(1768)   Evacuate Collection Set: 5.6ms
[315.012s][info][gc,phases      ] GC(1768)   Post Evacuate Collection Set: 0.8ms
[315.012s][info][gc,phases      ] GC(1768)   Other: 0.6ms
[315.012s][info][gc,heap        ] GC(1768) Eden regions: 280->0(280)
[315.012s][info][gc,heap        ] GC(1768) Survivor regions: 1->1(36)
[315.012s][info][gc,heap        ] GC(1768) Old regions: 80->80
[315.012s][info][gc,heap        ] GC(1768) Humongous regions: 6->6
[315.012s][info][gc,metaspace   ] GC(1768) Metaspace: 73491K->73491K(1116160K)
[315.012s][info][gc             ] GC(1768) Pause Young (Normal) (G1 Evacuation Pause) 363M->84M(469M) 7.173ms
[315.012s][info][gc,cpu         ] GC(1768) User=0.00s Sys=0.00s Real=0.01s
[315.221s][info][gc,start       ] GC(1769) Pause Young (Normal) (G1 Evacuation Pause)
[315.221s][info][gc,task        ] GC(1769) Using 1 workers of 1 for evacuation
[315.224s][info][gc,phases      ] GC(1769)   Pre Evacuate Collection Set: 0.0ms
[315.224s][info][gc,phases      ] GC(1769)   Evacuate Collection Set: 2.8ms
[315.224s][info][gc,phases      ] GC(1769)   Post Evacuate Collection Set: 0.4ms
[315.224s][info][gc,phases      ] GC(1769)   Other: 0.4ms
[315.224s][info][gc,heap        ] GC(1769) Eden regions: 280->0(280)
[315.224s][info][gc,heap        ] GC(1769) Survivor regions: 1->1(36)
[315.224s][info][gc,heap        ] GC(1769) Old regions: 80->80
[315.224s][info][gc,heap        ] GC(1769) Humongous regions: 6->6
[315.224s][info][gc,metaspace   ] GC(1769) Metaspace: 73491K->73491K(1116160K)
[315.224s][info][gc             ] GC(1769) Pause Young (Normal) (G1 Evacuation Pause) 364M->84M(469M) 3.715ms
[315.225s][info][gc,cpu         ] GC(1769) User=0.01s Sys=0.00s Real=0.00s
[315.524s][info][gc,start       ] GC(1770) Pause Young (Normal) (G1 Evacuation Pause)
[315.524s][info][gc,task        ] GC(1770) Using 1 workers of 1 for evacuation
[315.527s][info][gc,phases      ] GC(1770)   Pre Evacuate Collection Set: 0.0ms
[315.527s][info][gc,phases      ] GC(1770)   Evacuate Collection Set: 2.7ms
[315.528s][info][gc,phases      ] GC(1770)   Post Evacuate Collection Set: 0.4ms
[315.528s][info][gc,phases      ] GC(1770)   Other: 0.4ms
[315.528s][info][gc,heap        ] GC(1770) Eden regions: 280->0(280)
[315.528s][info][gc,heap        ] GC(1770) Survivor regions: 1->1(36)
[315.528s][info][gc,heap        ] GC(1770) Old regions: 80->80
[315.528s][info][gc,heap        ] GC(1770) Humongous regions: 6->6
[315.528s][info][gc,metaspace   ] GC(1770) Metaspace: 73491K->73491K(1116160K)
[315.528s][info][gc             ] GC(1770) Pause Young (Normal) (G1 Evacuation Pause) 364M->84M(469M) 3.639ms
[315.528s][info][gc,cpu         ] GC(1770) User=0.01s Sys=0.00s Real=0.01s
[315.672s][info][gc,start       ] GC(1771) Pause Young (Normal) (G1 Evacuation Pause)
[315.672s][info][gc,task        ] GC(1771) Using 1 workers of 1 for evacuation
[315.676s][info][gc,phases      ] GC(1771)   Pre Evacuate Collection Set: 0.0ms
[315.676s][info][gc,phases      ] GC(1771)   Evacuate Collection Set: 2.9ms
[315.676s][info][gc,phases      ] GC(1771)   Post Evacuate Collection Set: 0.4ms
[315.676s][info][gc,phases      ] GC(1771)   Other: 0.7ms
[315.676s][info][gc,heap        ] GC(1771) Eden regions: 280->0(280)
[315.676s][info][gc,heap        ] GC(1771) Survivor regions: 1->1(36)
[315.676s][info][gc,heap        ] GC(1771) Old regions: 80->80
[315.676s][info][gc,heap        ] GC(1771) Humongous regions: 6->6
[315.676s][info][gc,metaspace   ] GC(1771) Metaspace: 73491K->73491K(1116160K)
[315.676s][info][gc             ] GC(1771) Pause Young (Normal) (G1 Evacuation Pause) 364M->83M(469M) 4.052ms
[315.676s][info][gc,cpu         ] GC(1771) User=0.00s Sys=0.00s Real=0.00s
[315.952s][info][gc,start       ] GC(1772) Pause Young (Normal) (G1 Evacuation Pause)
[315.952s][info][gc,task        ] GC(1772) Using 1 workers of 1 for evacuation
[315.956s][info][gc,phases      ] GC(1772)   Pre Evacuate Collection Set: 0.0ms
[315.956s][info][gc,phases      ] GC(1772)   Evacuate Collection Set: 2.7ms
[315.956s][info][gc,phases      ] GC(1772)   Post Evacuate Collection Set: 0.5ms
[315.956s][info][gc,phases      ] GC(1772)   Other: 0.4ms
[315.956s][info][gc,heap        ] GC(1772) Eden regions: 280->0(280)
[315.956s][info][gc,heap        ] GC(1772) Survivor regions: 1->1(36)
[315.956s][info][gc,heap        ] GC(1772) Old regions: 80->80
[315.956s][info][gc,heap        ] GC(1772) Humongous regions: 11->6
[315.956s][info][gc,metaspace   ] GC(1772) Metaspace: 73494K->73494K(1116160K)
[315.956s][info][gc             ] GC(1772) Pause Young (Normal) (G1 Evacuation Pause) 368M->83M(469M) 3.626ms
[315.956s][info][gc,cpu         ] GC(1772) User=0.00s Sys=0.00s Real=0.00s
[316.226s][info][gc,start       ] GC(1773) Pause Young (Normal) (G1 Evacuation Pause)
[316.226s][info][gc,task        ] GC(1773) Using 1 workers of 1 for evacuation
[316.230s][info][gc,phases      ] GC(1773)   Pre Evacuate Collection Set: 0.0ms
[316.230s][info][gc,phases      ] GC(1773)   Evacuate Collection Set: 2.7ms
[316.230s][info][gc,phases      ] GC(1773)   Post Evacuate Collection Set: 0.4ms
[316.230s][info][gc,phases      ] GC(1773)   Other: 0.5ms
[316.230s][info][gc,heap        ] GC(1773) Eden regions: 280->0(280)
[316.230s][info][gc,heap        ] GC(1773) Survivor regions: 1->1(36)
[316.230s][info][gc,heap        ] GC(1773) Old regions: 80->80
[316.230s][info][gc,heap        ] GC(1773) Humongous regions: 6->6
[316.230s][info][gc,metaspace   ] GC(1773) Metaspace: 73494K->73494K(1116160K)
[316.230s][info][gc             ] GC(1773) Pause Young (Normal) (G1 Evacuation Pause) 363M->83M(469M) 3.803ms
[316.230s][info][gc,cpu         ] GC(1773) User=0.01s Sys=0.00s Real=0.01s
[316.510s][info][gc,start       ] GC(1774) Pause Young (Normal) (G1 Evacuation Pause)
[316.511s][info][gc,task        ] GC(1774) Using 1 workers of 1 for evacuation
[316.514s][info][gc,phases      ] GC(1774)   Pre Evacuate Collection Set: 0.0ms
[316.514s][info][gc,phases      ] GC(1774)   Evacuate Collection Set: 2.5ms
[316.514s][info][gc,phases      ] GC(1774)   Post Evacuate Collection Set: 0.4ms
[316.514s][info][gc,phases      ] GC(1774)   Other: 0.4ms
[316.514s][info][gc,heap        ] GC(1774) Eden regions: 280->0(280)
[316.514s][info][gc,heap        ] GC(1774) Survivor regions: 1->1(36)
[316.514s][info][gc,heap        ] GC(1774) Old regions: 80->80
[316.514s][info][gc,heap        ] GC(1774) Humongous regions: 6->6
[316.514s][info][gc,metaspace   ] GC(1774) Metaspace: 73494K->73494K(1116160K)
[316.514s][info][gc             ] GC(1774) Pause Young (Normal) (G1 Evacuation Pause) 363M->83M(469M) 3.320ms
[316.514s][info][gc,cpu         ] GC(1774) User=0.00s Sys=0.00s Real=0.00s
[316.656s][info][gc,start       ] GC(1775) Pause Young (Normal) (G1 Evacuation Pause)
[316.656s][info][gc,task        ] GC(1775) Using 1 workers of 1 for evacuation
[316.659s][info][gc,phases      ] GC(1775)   Pre Evacuate Collection Set: 0.0ms
[316.659s][info][gc,phases      ] GC(1775)   Evacuate Collection Set: 2.6ms
[316.659s][info][gc,phases      ] GC(1775)   Post Evacuate Collection Set: 0.4ms
[316.659s][info][gc,phases      ] GC(1775)   Other: 0.3ms
[316.659s][info][gc,heap        ] GC(1775) Eden regions: 280->0(280)
[316.659s][info][gc,heap        ] GC(1775) Survivor regions: 1->1(36)
[316.659s][info][gc,heap        ] GC(1775) Old regions: 80->80
[316.659s][info][gc,heap        ] GC(1775) Humongous regions: 6->6
[316.659s][info][gc,metaspace   ] GC(1775) Metaspace: 73494K->73494K(1116160K)
[316.659s][info][gc             ] GC(1775) Pause Young (Normal) (G1 Evacuation Pause) 363M->83M(469M) 3.318ms
[316.659s][info][gc,cpu         ] GC(1775) User=0.00s Sys=0.00s Real=0.01s
[316.923s][info][gc,start       ] GC(1776) Pause Young (Normal) (G1 Evacuation Pause)
[316.923s][info][gc,task        ] GC(1776) Using 1 workers of 1 for evacuation
[316.926s][info][gc,phases      ] GC(1776)   Pre Evacuate Collection Set: 0.0ms
[316.926s][info][gc,phases      ] GC(1776)   Evacuate Collection Set: 2.8ms
[316.926s][info][gc,phases      ] GC(1776)   Post Evacuate Collection Set: 0.4ms
[316.926s][info][gc,phases      ] GC(1776)   Other: 0.5ms
[316.926s][info][gc,heap        ] GC(1776) Eden regions: 280->0(280)
[316.926s][info][gc,heap        ] GC(1776) Survivor regions: 1->1(36)
[316.926s][info][gc,heap        ] GC(1776) Old regions: 80->80
[316.926s][info][gc,heap        ] GC(1776) Humongous regions: 6->6
[316.926s][info][gc,metaspace   ] GC(1776) Metaspace: 73497K->73497K(1116160K)
[316.926s][info][gc             ] GC(1776) Pause Young (Normal) (G1 Evacuation Pause) 363M->83M(469M) 3.812ms
[316.926s][info][gc,cpu         ] GC(1776) User=0.01s Sys=0.00s Real=0.00s
[317.141s][info][gc,start       ] GC(1777) Pause Young (Normal) (G1 Evacuation Pause)
[317.141s][info][gc,task        ] GC(1777) Using 1 workers of 1 for evacuation
[317.148s][info][gc,phases      ] GC(1777)   Pre Evacuate Collection Set: 0.1ms
[317.148s][info][gc,phases      ] GC(1777)   Evacuate Collection Set: 5.6ms
[317.148s][info][gc,phases      ] GC(1777)   Post Evacuate Collection Set: 0.7ms
[317.148s][info][gc,phases      ] GC(1777)   Other: 0.8ms
[317.148s][info][gc,heap        ] GC(1777) Eden regions: 280->0(280)
[317.148s][info][gc,heap        ] GC(1777) Survivor regions: 1->1(36)
[317.148s][info][gc,heap        ] GC(1777) Old regions: 80->80
[317.148s][info][gc,heap        ] GC(1777) Humongous regions: 6->6
[317.148s][info][gc,metaspace   ] GC(1777) Metaspace: 73497K->73497K(1116160K)
[317.148s][info][gc             ] GC(1777) Pause Young (Normal) (G1 Evacuation Pause) 363M->83M(469M) 7.335ms
[317.148s][info][gc,cpu         ] GC(1777) User=0.01s Sys=0.00s Real=0.01s
[317.334s][info][gc,start       ] GC(1778) Pause Young (Normal) (G1 Evacuation Pause)
[317.334s][info][gc,task        ] GC(1778) Using 1 workers of 1 for evacuation
[317.338s][info][gc,phases      ] GC(1778)   Pre Evacuate Collection Set: 0.0ms
[317.338s][info][gc,phases      ] GC(1778)   Evacuate Collection Set: 2.8ms
[317.338s][info][gc,phases      ] GC(1778)   Post Evacuate Collection Set: 0.4ms
[317.338s][info][gc,phases      ] GC(1778)   Other: 0.4ms
[317.338s][info][gc,heap        ] GC(1778) Eden regions: 280->0(280)
[317.338s][info][gc,heap        ] GC(1778) Survivor regions: 1->1(36)
[317.338s][info][gc,heap        ] GC(1778) Old regions: 80->80
[317.338s][info][gc,heap        ] GC(1778) Humongous regions: 6->6
[317.338s][info][gc,metaspace   ] GC(1778) Metaspace: 73497K->73497K(1116160K)
[317.338s][info][gc             ] GC(1778) Pause Young (Normal) (G1 Evacuation Pause) 363M->83M(469M) 3.694ms
[317.338s][info][gc,cpu         ] GC(1778) User=0.01s Sys=0.00s Real=0.00s
[317.495s][info][gc,start       ] GC(1779) Pause Young (Normal) (G1 Evacuation Pause)
[317.495s][info][gc,task        ] GC(1779) Using 1 workers of 1 for evacuation
[317.499s][info][gc,phases      ] GC(1779)   Pre Evacuate Collection Set: 0.0ms
[317.499s][info][gc,phases      ] GC(1779)   Evacuate Collection Set: 3.0ms
[317.499s][info][gc,phases      ] GC(1779)   Post Evacuate Collection Set: 0.4ms
[317.499s][info][gc,phases      ] GC(1779)   Other: 0.4ms
[317.499s][info][gc,heap        ] GC(1779) Eden regions: 280->0(280)
[317.499s][info][gc,heap        ] GC(1779) Survivor regions: 1->1(36)
[317.499s][info][gc,heap        ] GC(1779) Old regions: 80->80
[317.499s][info][gc,heap        ] GC(1779) Humongous regions: 6->6
[317.499s][info][gc,metaspace   ] GC(1779) Metaspace: 73497K->73497K(1116160K)
[317.499s][info][gc             ] GC(1779) Pause Young (Normal) (G1 Evacuation Pause) 363M->83M(469M) 3.860ms
[317.499s][info][gc,cpu         ] GC(1779) User=0.00s Sys=0.00s Real=0.01s
[317.691s][info][gc,start       ] GC(1780) Pause Young (Normal) (G1 Evacuation Pause)
[317.691s][info][gc,task        ] GC(1780) Using 1 workers of 1 for evacuation
[317.695s][info][gc,phases      ] GC(1780)   Pre Evacuate Collection Set: 0.0ms
[317.695s][info][gc,phases      ] GC(1780)   Evacuate Collection Set: 3.0ms
[317.695s][info][gc,phases      ] GC(1780)   Post Evacuate Collection Set: 0.4ms
[317.695s][info][gc,phases      ] GC(1780)   Other: 0.4ms
[317.695s][info][gc,heap        ] GC(1780) Eden regions: 280->0(280)
[317.695s][info][gc,heap        ] GC(1780) Survivor regions: 1->1(36)
[317.695s][info][gc,heap        ] GC(1780) Old regions: 80->80
[317.695s][info][gc,heap        ] GC(1780) Humongous regions: 11->6
[317.695s][info][gc,metaspace   ] GC(1780) Metaspace: 73505K->73505K(1116160K)
[317.695s][info][gc             ] GC(1780) Pause Young (Normal) (G1 Evacuation Pause) 368M->84M(469M) 3.931ms
[317.695s][info][gc,cpu         ] GC(1780) User=0.00s Sys=0.00s Real=0.00s
[317.844s][info][gc,start       ] GC(1781) Pause Young (Normal) (G1 Evacuation Pause)
[317.844s][info][gc,task        ] GC(1781) Using 1 workers of 1 for evacuation
[317.848s][info][gc,phases      ] GC(1781)   Pre Evacuate Collection Set: 0.0ms
[317.848s][info][gc,phases      ] GC(1781)   Evacuate Collection Set: 2.8ms
[317.848s][info][gc,phases      ] GC(1781)   Post Evacuate Collection Set: 0.4ms
[317.848s][info][gc,phases      ] GC(1781)   Other: 0.5ms
[317.848s][info][gc,heap        ] GC(1781) Eden regions: 280->0(280)
[317.848s][info][gc,heap        ] GC(1781) Survivor regions: 1->1(36)
[317.848s][info][gc,heap        ] GC(1781) Old regions: 80->80
[317.848s][info][gc,heap        ] GC(1781) Humongous regions: 6->6
[317.848s][info][gc,metaspace   ] GC(1781) Metaspace: 73505K->73505K(1116160K)
[317.848s][info][gc             ] GC(1781) Pause Young (Normal) (G1 Evacuation Pause) 364M->84M(469M) 3.769ms
[317.848s][info][gc,cpu         ] GC(1781) User=0.01s Sys=0.00s Real=0.01s
[317.999s][info][gc,start       ] GC(1782) Pause Young (Normal) (G1 Evacuation Pause)
[317.999s][info][gc,task        ] GC(1782) Using 1 workers of 1 for evacuation
[318.002s][info][gc,phases      ] GC(1782)   Pre Evacuate Collection Set: 0.0ms
[318.002s][info][gc,phases      ] GC(1782)   Evacuate Collection Set: 2.9ms
[318.002s][info][gc,phases      ] GC(1782)   Post Evacuate Collection Set: 0.4ms
[318.002s][info][gc,phases      ] GC(1782)   Other: 0.3ms
[318.002s][info][gc,heap        ] GC(1782) Eden regions: 280->0(280)
[318.002s][info][gc,heap        ] GC(1782) Survivor regions: 1->1(36)
[318.002s][info][gc,heap        ] GC(1782) Old regions: 80->80
[318.002s][info][gc,heap        ] GC(1782) Humongous regions: 6->6
[318.003s][info][gc,metaspace   ] GC(1782) Metaspace: 73505K->73505K(1116160K)
[318.003s][info][gc             ] GC(1782) Pause Young (Normal) (G1 Evacuation Pause) 364M->84M(469M) 3.664ms
[318.003s][info][gc,cpu         ] GC(1782) User=0.00s Sys=0.00s Real=0.00s
[318.153s][info][gc,start       ] GC(1783) Pause Young (Normal) (G1 Evacuation Pause)
[318.153s][info][gc,task        ] GC(1783) Using 1 workers of 1 for evacuation
[318.157s][info][gc,phases      ] GC(1783)   Pre Evacuate Collection Set: 0.0ms
[318.157s][info][gc,phases      ] GC(1783)   Evacuate Collection Set: 3.2ms
[318.157s][info][gc,phases      ] GC(1783)   Post Evacuate Collection Set: 0.4ms
[318.157s][info][gc,phases      ] GC(1783)   Other: 0.4ms
[318.157s][info][gc,heap        ] GC(1783) Eden regions: 280->0(280)
[318.157s][info][gc,heap        ] GC(1783) Survivor regions: 1->1(36)
[318.157s][info][gc,heap        ] GC(1783) Old regions: 80->80
[318.157s][info][gc,heap        ] GC(1783) Humongous regions: 6->6
[318.157s][info][gc,metaspace   ] GC(1783) Metaspace: 73505K->73505K(1116160K)
[318.157s][info][gc             ] GC(1783) Pause Young (Normal) (G1 Evacuation Pause) 364M->84M(469M) 4.087ms
[318.157s][info][gc,cpu         ] GC(1783) User=0.00s Sys=0.00s Real=0.00s
[318.326s][info][gc,start       ] GC(1784) Pause Young (Normal) (G1 Evacuation Pause)
[318.326s][info][gc,task        ] GC(1784) Using 1 workers of 1 for evacuation
[318.329s][info][gc,phases      ] GC(1784)   Pre Evacuate Collection Set: 0.0ms
[318.329s][info][gc,phases      ] GC(1784)   Evacuate Collection Set: 2.9ms
[318.329s][info][gc,phases      ] GC(1784)   Post Evacuate Collection Set: 0.4ms
[318.329s][info][gc,phases      ] GC(1784)   Other: 0.3ms
[318.329s][info][gc,heap        ] GC(1784) Eden regions: 280->0(280)
[318.329s][info][gc,heap        ] GC(1784) Survivor regions: 1->1(36)
[318.329s][info][gc,heap        ] GC(1784) Old regions: 80->80
[318.329s][info][gc,heap        ] GC(1784) Humongous regions: 6->6
[318.329s][info][gc,metaspace   ] GC(1784) Metaspace: 73505K->73505K(1116160K)
[318.329s][info][gc             ] GC(1784) Pause Young (Normal) (G1 Evacuation Pause) 364M->84M(469M) 3.751ms
[318.329s][info][gc,cpu         ] GC(1784) User=0.00s Sys=0.00s Real=0.01s
[318.488s][info][gc,start       ] GC(1785) Pause Young (Normal) (G1 Evacuation Pause)
[318.488s][info][gc,task        ] GC(1785) Using 1 workers of 1 for evacuation
[318.492s][info][gc,phases      ] GC(1785)   Pre Evacuate Collection Set: 0.0ms
[318.492s][info][gc,phases      ] GC(1785)   Evacuate Collection Set: 3.1ms
[318.492s][info][gc,phases      ] GC(1785)   Post Evacuate Collection Set: 0.4ms
[318.492s][info][gc,phases      ] GC(1785)   Other: 0.4ms
[318.492s][info][gc,heap        ] GC(1785) Eden regions: 280->0(280)
[318.492s][info][gc,heap        ] GC(1785) Survivor regions: 1->1(36)
[318.492s][info][gc,heap        ] GC(1785) Old regions: 80->80
[318.492s][info][gc,heap        ] GC(1785) Humongous regions: 6->6
[318.492s][info][gc,metaspace   ] GC(1785) Metaspace: 73505K->73505K(1116160K)
[318.492s][info][gc             ] GC(1785) Pause Young (Normal) (G1 Evacuation Pause) 364M->84M(469M) 4.003ms
[318.492s][info][gc,cpu         ] GC(1785) User=0.01s Sys=0.00s Real=0.00s
[318.641s][info][gc,start       ] GC(1786) Pause Young (Normal) (G1 Evacuation Pause)
[318.642s][info][gc,task        ] GC(1786) Using 1 workers of 1 for evacuation
[318.645s][info][gc,phases      ] GC(1786)   Pre Evacuate Collection Set: 0.0ms
[318.645s][info][gc,phases      ] GC(1786)   Evacuate Collection Set: 2.8ms
[318.645s][info][gc,phases      ] GC(1786)   Post Evacuate Collection Set: 0.4ms
[318.645s][info][gc,phases      ] GC(1786)   Other: 0.4ms
[318.645s][info][gc,heap        ] GC(1786) Eden regions: 280->0(280)
[318.645s][info][gc,heap        ] GC(1786) Survivor regions: 1->1(36)
[318.645s][info][gc,heap        ] GC(1786) Old regions: 80->80
[318.645s][info][gc,heap        ] GC(1786) Humongous regions: 6->6
[318.645s][info][gc,metaspace   ] GC(1786) Metaspace: 73505K->73505K(1116160K)
[318.645s][info][gc             ] GC(1786) Pause Young (Normal) (G1 Evacuation Pause) 364M->84M(469M) 3.645ms
[318.645s][info][gc,cpu         ] GC(1786) User=0.01s Sys=0.00s Real=0.00s
[318.835s][info][gc,start       ] GC(1787) Pause Young (Normal) (G1 Evacuation Pause)
[318.835s][info][gc,task        ] GC(1787) Using 1 workers of 1 for evacuation
[318.850s][info][gc,phases      ] GC(1787)   Pre Evacuate Collection Set: 0.0ms
[318.850s][info][gc,phases      ] GC(1787)   Evacuate Collection Set: 13.8ms
[318.850s][info][gc,phases      ] GC(1787)   Post Evacuate Collection Set: 0.9ms
[318.850s][info][gc,phases      ] GC(1787)   Other: 0.5ms
[318.850s][info][gc,heap        ] GC(1787) Eden regions: 280->0(280)
[318.850s][info][gc,heap        ] GC(1787) Survivor regions: 1->1(36)
[318.850s][info][gc,heap        ] GC(1787) Old regions: 80->80
[318.850s][info][gc,heap        ] GC(1787) Humongous regions: 6->6
[318.850s][info][gc,metaspace   ] GC(1787) Metaspace: 73505K->73505K(1116160K)
[318.850s][info][gc             ] GC(1787) Pause Young (Normal) (G1 Evacuation Pause) 364M->84M(469M) 15.618ms
[318.851s][info][gc,cpu         ] GC(1787) User=0.01s Sys=0.00s Real=0.02s
[319.241s][info][gc,start       ] GC(1788) Pause Young (Normal) (G1 Evacuation Pause)
[319.241s][info][gc,task        ] GC(1788) Using 1 workers of 1 for evacuation
[319.250s][info][gc,phases      ] GC(1788)   Pre Evacuate Collection Set: 0.1ms
[319.250s][info][gc,phases      ] GC(1788)   Evacuate Collection Set: 6.8ms
[319.250s][info][gc,phases      ] GC(1788)   Post Evacuate Collection Set: 1.8ms
[319.250s][info][gc,phases      ] GC(1788)   Other: 0.9ms
[319.250s][info][gc,heap        ] GC(1788) Eden regions: 280->0(280)
[319.250s][info][gc,heap        ] GC(1788) Survivor regions: 1->1(36)
[319.250s][info][gc,heap        ] GC(1788) Old regions: 80->80
[319.250s][info][gc,heap        ] GC(1788) Humongous regions: 6->6
[319.250s][info][gc,metaspace   ] GC(1788) Metaspace: 73505K->73505K(1116160K)
[319.250s][info][gc             ] GC(1788) Pause Young (Normal) (G1 Evacuation Pause) 364M->84M(469M) 9.679ms
[319.251s][info][gc,cpu         ] GC(1788) User=0.01s Sys=0.00s Real=0.01s
[319.557s][info][gc,start       ] GC(1789) Pause Young (Normal) (G1 Evacuation Pause)
[319.557s][info][gc,task        ] GC(1789) Using 1 workers of 1 for evacuation
[319.561s][info][gc,phases      ] GC(1789)   Pre Evacuate Collection Set: 0.0ms
[319.561s][info][gc,phases      ] GC(1789)   Evacuate Collection Set: 3.0ms
[319.561s][info][gc,phases      ] GC(1789)   Post Evacuate Collection Set: 0.4ms
[319.561s][info][gc,phases      ] GC(1789)   Other: 0.5ms
[319.561s][info][gc,heap        ] GC(1789) Eden regions: 280->0(280)
[319.561s][info][gc,heap        ] GC(1789) Survivor regions: 1->1(36)
[319.561s][info][gc,heap        ] GC(1789) Old regions: 80->80
[319.561s][info][gc,heap        ] GC(1789) Humongous regions: 11->6
[319.561s][info][gc,metaspace   ] GC(1789) Metaspace: 73512K->73512K(1116160K)
[319.561s][info][gc             ] GC(1789) Pause Young (Normal) (G1 Evacuation Pause) 369M->83M(469M) 3.926ms
[319.561s][info][gc,cpu         ] GC(1789) User=0.01s Sys=0.00s Real=0.01s
[319.710s][info][gc,start       ] GC(1790) Pause Young (Normal) (G1 Evacuation Pause)
[319.711s][info][gc,task        ] GC(1790) Using 1 workers of 1 for evacuation
[319.714s][info][gc,phases      ] GC(1790)   Pre Evacuate Collection Set: 0.0ms
[319.714s][info][gc,phases      ] GC(1790)   Evacuate Collection Set: 2.9ms
[319.714s][info][gc,phases      ] GC(1790)   Post Evacuate Collection Set: 0.4ms
[319.714s][info][gc,phases      ] GC(1790)   Other: 0.3ms
[319.714s][info][gc,heap        ] GC(1790) Eden regions: 280->0(280)
[319.714s][info][gc,heap        ] GC(1790) Survivor regions: 1->1(36)
[319.714s][info][gc,heap        ] GC(1790) Old regions: 80->80
[319.714s][info][gc,heap        ] GC(1790) Humongous regions: 6->6
[319.714s][info][gc,metaspace   ] GC(1790) Metaspace: 73512K->73512K(1116160K)
[319.714s][info][gc             ] GC(1790) Pause Young (Normal) (G1 Evacuation Pause) 363M->83M(469M) 3.626ms
[319.714s][info][gc,cpu         ] GC(1790) User=0.00s Sys=0.00s Real=0.00s
[320.180s][info][gc,start       ] GC(1791) Pause Young (Normal) (G1 Evacuation Pause)
[320.181s][info][gc,task        ] GC(1791) Using 1 workers of 1 for evacuation
[320.189s][info][gc,phases      ] GC(1791)   Pre Evacuate Collection Set: 0.1ms
[320.189s][info][gc,phases      ] GC(1791)   Evacuate Collection Set: 6.7ms
[320.189s][info][gc,phases      ] GC(1791)   Post Evacuate Collection Set: 0.9ms
[320.189s][info][gc,phases      ] GC(1791)   Other: 0.8ms
[320.189s][info][gc,heap        ] GC(1791) Eden regions: 280->0(280)
[320.189s][info][gc,heap        ] GC(1791) Survivor regions: 1->1(36)
[320.189s][info][gc,heap        ] GC(1791) Old regions: 80->80
[320.189s][info][gc,heap        ] GC(1791) Humongous regions: 6->6
[320.189s][info][gc,metaspace   ] GC(1791) Metaspace: 73512K->73512K(1116160K)
[320.189s][info][gc             ] GC(1791) Pause Young (Normal) (G1 Evacuation Pause) 363M->83M(469M) 8.587ms
[320.189s][info][gc,cpu         ] GC(1791) User=0.01s Sys=0.00s Real=0.01s
[320.454s][info][gc,start       ] GC(1792) Pause Young (Normal) (G1 Evacuation Pause)
[320.454s][info][gc,task        ] GC(1792) Using 1 workers of 1 for evacuation
[320.458s][info][gc,phases      ] GC(1792)   Pre Evacuate Collection Set: 0.0ms
[320.458s][info][gc,phases      ] GC(1792)   Evacuate Collection Set: 2.9ms
[320.458s][info][gc,phases      ] GC(1792)   Post Evacuate Collection Set: 0.4ms
[320.458s][info][gc,phases      ] GC(1792)   Other: 0.4ms
[320.458s][info][gc,heap        ] GC(1792) Eden regions: 280->0(280)
[320.458s][info][gc,heap        ] GC(1792) Survivor regions: 1->1(36)
[320.458s][info][gc,heap        ] GC(1792) Old regions: 80->80
[320.458s][info][gc,heap        ] GC(1792) Humongous regions: 6->6
[320.458s][info][gc,metaspace   ] GC(1792) Metaspace: 73512K->73512K(1116160K)
[320.458s][info][gc             ] GC(1792) Pause Young (Normal) (G1 Evacuation Pause) 363M->83M(469M) 3.805ms
[320.458s][info][gc,cpu         ] GC(1792) User=0.00s Sys=0.00s Real=0.00s
[320.602s][info][gc,start       ] GC(1793) Pause Young (Normal) (G1 Evacuation Pause)
[320.602s][info][gc,task        ] GC(1793) Using 1 workers of 1 for evacuation
[320.605s][info][gc,phases      ] GC(1793)   Pre Evacuate Collection Set: 0.0ms
[320.605s][info][gc,phases      ] GC(1793)   Evacuate Collection Set: 2.7ms
[320.605s][info][gc,phases      ] GC(1793)   Post Evacuate Collection Set: 0.4ms
[320.605s][info][gc,phases      ] GC(1793)   Other: 0.3ms
[320.605s][info][gc,heap        ] GC(1793) Eden regions: 280->0(280)
[320.605s][info][gc,heap        ] GC(1793) Survivor regions: 1->1(36)
[320.605s][info][gc,heap        ] GC(1793) Old regions: 80->80
[320.605s][info][gc,heap        ] GC(1793) Humongous regions: 6->6
[320.605s][info][gc,metaspace   ] GC(1793) Metaspace: 73512K->73512K(1116160K)
[320.605s][info][gc             ] GC(1793) Pause Young (Normal) (G1 Evacuation Pause) 363M->83M(469M) 3.509ms
[320.605s][info][gc,cpu         ] GC(1793) User=0.00s Sys=0.00s Real=0.00s
[320.754s][info][gc,start       ] GC(1794) Pause Young (Normal) (G1 Evacuation Pause)
[320.754s][info][gc,task        ] GC(1794) Using 1 workers of 1 for evacuation
[320.758s][info][gc,phases      ] GC(1794)   Pre Evacuate Collection Set: 0.0ms
[320.758s][info][gc,phases      ] GC(1794)   Evacuate Collection Set: 3.0ms
[320.758s][info][gc,phases      ] GC(1794)   Post Evacuate Collection Set: 0.4ms
[320.758s][info][gc,phases      ] GC(1794)   Other: 0.7ms
[320.758s][info][gc,heap        ] GC(1794) Eden regions: 280->0(280)
[320.758s][info][gc,heap        ] GC(1794) Survivor regions: 1->1(36)
[320.758s][info][gc,heap        ] GC(1794) Old regions: 80->80
[320.758s][info][gc,heap        ] GC(1794) Humongous regions: 6->6
[320.758s][info][gc,metaspace   ] GC(1794) Metaspace: 73512K->73512K(1116160K)
[320.758s][info][gc             ] GC(1794) Pause Young (Normal) (G1 Evacuation Pause) 363M->83M(469M) 4.271ms
[320.758s][info][gc,cpu         ] GC(1794) User=0.00s Sys=0.00s Real=0.00s
[320.944s][info][gc,start       ] GC(1795) Pause Young (Normal) (G1 Evacuation Pause)
[320.944s][info][gc,task        ] GC(1795) Using 1 workers of 1 for evacuation
[320.948s][info][gc,phases      ] GC(1795)   Pre Evacuate Collection Set: 0.0ms
[320.948s][info][gc,phases      ] GC(1795)   Evacuate Collection Set: 3.3ms
[320.948s][info][gc,phases      ] GC(1795)   Post Evacuate Collection Set: 0.6ms
[320.948s][info][gc,phases      ] GC(1795)   Other: 0.3ms
[320.948s][info][gc,heap        ] GC(1795) Eden regions: 280->0(280)
[320.948s][info][gc,heap        ] GC(1795) Survivor regions: 1->1(36)
[320.948s][info][gc,heap        ] GC(1795) Old regions: 80->80
[320.948s][info][gc,heap        ] GC(1795) Humongous regions: 6->6
[320.948s][info][gc,metaspace   ] GC(1795) Metaspace: 73512K->73512K(1116160K)
[320.948s][info][gc             ] GC(1795) Pause Young (Normal) (G1 Evacuation Pause) 363M->84M(469M) 4.315ms
[320.948s][info][gc,cpu         ] GC(1795) User=0.00s Sys=0.00s Real=0.01s
[321.135s][info][gc,start       ] GC(1796) Pause Young (Normal) (G1 Evacuation Pause)
[321.135s][info][gc,task        ] GC(1796) Using 1 workers of 1 for evacuation
[321.139s][info][gc,phases      ] GC(1796)   Pre Evacuate Collection Set: 0.0ms
[321.139s][info][gc,phases      ] GC(1796)   Evacuate Collection Set: 2.8ms
[321.139s][info][gc,phases      ] GC(1796)   Post Evacuate Collection Set: 0.4ms
[321.139s][info][gc,phases      ] GC(1796)   Other: 0.4ms
[321.139s][info][gc,heap        ] GC(1796) Eden regions: 280->0(280)
[321.139s][info][gc,heap        ] GC(1796) Survivor regions: 1->1(36)
[321.139s][info][gc,heap        ] GC(1796) Old regions: 80->80
[321.139s][info][gc,heap        ] GC(1796) Humongous regions: 6->6
[321.139s][info][gc,metaspace   ] GC(1796) Metaspace: 73512K->73512K(1116160K)
[321.139s][info][gc             ] GC(1796) Pause Young (Normal) (G1 Evacuation Pause) 364M->84M(469M) 3.724ms
[321.139s][info][gc,cpu         ] GC(1796) User=0.00s Sys=0.00s Real=0.01s
[321.317s][info][gc,start       ] GC(1797) Pause Young (Normal) (G1 Evacuation Pause)
[321.317s][info][gc,task        ] GC(1797) Using 1 workers of 1 for evacuation
[321.321s][info][gc,phases      ] GC(1797)   Pre Evacuate Collection Set: 0.0ms
[321.321s][info][gc,phases      ] GC(1797)   Evacuate Collection Set: 3.4ms
[321.321s][info][gc,phases      ] GC(1797)   Post Evacuate Collection Set: 0.5ms
[321.321s][info][gc,phases      ] GC(1797)   Other: 0.3ms
[321.321s][info][gc,heap        ] GC(1797) Eden regions: 280->0(280)
[321.321s][info][gc,heap        ] GC(1797) Survivor regions: 1->1(36)
[321.321s][info][gc,heap        ] GC(1797) Old regions: 80->80
[321.321s][info][gc,heap        ] GC(1797) Humongous regions: 11->6
[321.321s][info][gc,metaspace   ] GC(1797) Metaspace: 73520K->73520K(1116160K)
[321.321s][info][gc             ] GC(1797) Pause Young (Normal) (G1 Evacuation Pause) 369M->84M(469M) 4.236ms
[321.321s][info][gc,cpu         ] GC(1797) User=0.00s Sys=0.00s Real=0.01s
[321.472s][info][gc,start       ] GC(1798) Pause Young (Normal) (G1 Evacuation Pause)
[321.472s][info][gc,task        ] GC(1798) Using 1 workers of 1 for evacuation
[321.476s][info][gc,phases      ] GC(1798)   Pre Evacuate Collection Set: 0.0ms
[321.476s][info][gc,phases      ] GC(1798)   Evacuate Collection Set: 3.2ms
[321.476s][info][gc,phases      ] GC(1798)   Post Evacuate Collection Set: 0.5ms
[321.476s][info][gc,phases      ] GC(1798)   Other: 0.4ms
[321.476s][info][gc,heap        ] GC(1798) Eden regions: 280->0(280)
[321.476s][info][gc,heap        ] GC(1798) Survivor regions: 1->1(36)
[321.476s][info][gc,heap        ] GC(1798) Old regions: 80->80
[321.476s][info][gc,heap        ] GC(1798) Humongous regions: 6->6
[321.476s][info][gc,metaspace   ] GC(1798) Metaspace: 73520K->73520K(1116160K)
[321.476s][info][gc             ] GC(1798) Pause Young (Normal) (G1 Evacuation Pause) 364M->84M(469M) 4.153ms
[321.476s][info][gc,cpu         ] GC(1798) User=0.00s Sys=0.00s Real=0.00s
[321.621s][info][gc,start       ] GC(1799) Pause Young (Normal) (G1 Evacuation Pause)
[321.621s][info][gc,task        ] GC(1799) Using 1 workers of 1 for evacuation
[321.625s][info][gc,phases      ] GC(1799)   Pre Evacuate Collection Set: 0.0ms
[321.625s][info][gc,phases      ] GC(1799)   Evacuate Collection Set: 3.3ms
[321.625s][info][gc,phases      ] GC(1799)   Post Evacuate Collection Set: 0.4ms
[321.625s][info][gc,phases      ] GC(1799)   Other: 0.4ms
[321.625s][info][gc,heap        ] GC(1799) Eden regions: 280->0(280)
[321.625s][info][gc,heap        ] GC(1799) Survivor regions: 1->1(36)
[321.625s][info][gc,heap        ] GC(1799) Old regions: 80->80
[321.625s][info][gc,heap        ] GC(1799) Humongous regions: 6->6
[321.625s][info][gc,metaspace   ] GC(1799) Metaspace: 73520K->73520K(1116160K)
[321.625s][info][gc             ] GC(1799) Pause Young (Normal) (G1 Evacuation Pause) 364M->84M(469M) 4.214ms
[321.625s][info][gc,cpu         ] GC(1799) User=0.00s Sys=0.00s Real=0.00s
[321.789s][info][gc,start       ] GC(1800) Pause Young (Normal) (G1 Evacuation Pause)
[321.789s][info][gc,task        ] GC(1800) Using 1 workers of 1 for evacuation
[321.796s][info][gc,phases      ] GC(1800)   Pre Evacuate Collection Set: 0.0ms
[321.796s][info][gc,phases      ] GC(1800)   Evacuate Collection Set: 6.6ms
[321.796s][info][gc,phases      ] GC(1800)   Post Evacuate Collection Set: 0.4ms
[321.796s][info][gc,phases      ] GC(1800)   Other: 0.4ms
[321.796s][info][gc,heap        ] GC(1800) Eden regions: 280->0(280)
[321.796s][info][gc,heap        ] GC(1800) Survivor regions: 1->1(36)
[321.796s][info][gc,heap        ] GC(1800) Old regions: 80->80
[321.796s][info][gc,heap        ] GC(1800) Humongous regions: 6->6
[321.796s][info][gc,metaspace   ] GC(1800) Metaspace: 73520K->73520K(1116160K)
[321.796s][info][gc             ] GC(1800) Pause Young (Normal) (G1 Evacuation Pause) 364M->84M(469M) 7.478ms
[321.796s][info][gc,cpu         ] GC(1800) User=0.01s Sys=0.00s Real=0.00s
[322.112s][info][gc,start       ] GC(1801) Pause Young (Normal) (G1 Evacuation Pause)
[322.112s][info][gc,task        ] GC(1801) Using 1 workers of 1 for evacuation
[322.120s][info][gc,phases      ] GC(1801)   Pre Evacuate Collection Set: 0.0ms
[322.120s][info][gc,phases      ] GC(1801)   Evacuate Collection Set: 6.5ms
[322.120s][info][gc,phases      ] GC(1801)   Post Evacuate Collection Set: 0.9ms
[322.120s][info][gc,phases      ] GC(1801)   Other: 0.6ms
[322.120s][info][gc,heap        ] GC(1801) Eden regions: 280->0(280)
[322.120s][info][gc,heap        ] GC(1801) Survivor regions: 1->1(36)
[322.120s][info][gc,heap        ] GC(1801) Old regions: 80->80
[322.120s][info][gc,heap        ] GC(1801) Humongous regions: 6->6
[322.120s][info][gc,metaspace   ] GC(1801) Metaspace: 73520K->73520K(1116160K)
[322.120s][info][gc             ] GC(1801) Pause Young (Normal) (G1 Evacuation Pause) 364M->84M(469M) 8.249ms
[322.121s][info][gc,cpu         ] GC(1801) User=0.01s Sys=0.00s Real=0.01s
[322.327s][info][gc,start       ] GC(1802) Pause Young (Normal) (G1 Evacuation Pause)
[322.327s][info][gc,task        ] GC(1802) Using 1 workers of 1 for evacuation
[322.335s][info][gc,phases      ] GC(1802)   Pre Evacuate Collection Set: 0.0ms
[322.335s][info][gc,phases      ] GC(1802)   Evacuate Collection Set: 6.7ms
[322.335s][info][gc,phases      ] GC(1802)   Post Evacuate Collection Set: 0.7ms
[322.335s][info][gc,phases      ] GC(1802)   Other: 0.6ms
[322.335s][info][gc,heap        ] GC(1802) Eden regions: 280->0(280)
[322.335s][info][gc,heap        ] GC(1802) Survivor regions: 1->1(36)
[322.335s][info][gc,heap        ] GC(1802) Old regions: 80->80
[322.335s][info][gc,heap        ] GC(1802) Humongous regions: 6->6
[322.335s][info][gc,metaspace   ] GC(1802) Metaspace: 73520K->73520K(1116160K)
[322.335s][info][gc             ] GC(1802) Pause Young (Normal) (G1 Evacuation Pause) 364M->84M(469M) 8.134ms
[322.335s][info][gc,cpu         ] GC(1802) User=0.01s Sys=0.00s Real=0.00s
[322.517s][info][gc,start       ] GC(1803) Pause Young (Normal) (G1 Evacuation Pause)
[322.517s][info][gc,task        ] GC(1803) Using 1 workers of 1 for evacuation
[322.520s][info][gc,phases      ] GC(1803)   Pre Evacuate Collection Set: 0.0ms
[322.520s][info][gc,phases      ] GC(1803)   Evacuate Collection Set: 3.1ms
[322.520s][info][gc,phases      ] GC(1803)   Post Evacuate Collection Set: 0.4ms
[322.521s][info][gc,phases      ] GC(1803)   Other: 0.4ms
[322.521s][info][gc,heap        ] GC(1803) Eden regions: 280->0(280)
[322.521s][info][gc,heap        ] GC(1803) Survivor regions: 1->1(36)
[322.521s][info][gc,heap        ] GC(1803) Old regions: 80->80
[322.521s][info][gc,heap        ] GC(1803) Humongous regions: 6->6
[322.521s][info][gc,metaspace   ] GC(1803) Metaspace: 73520K->73520K(1116160K)
[322.521s][info][gc             ] GC(1803) Pause Young (Normal) (G1 Evacuation Pause) 364M->84M(469M) 3.945ms
[322.521s][info][gc,cpu         ] GC(1803) User=0.00s Sys=0.00s Real=0.01s
[322.711s][info][gc,start       ] GC(1804) Pause Young (Normal) (G1 Evacuation Pause)
[322.711s][info][gc,task        ] GC(1804) Using 1 workers of 1 for evacuation
[322.715s][info][gc,phases      ] GC(1804)   Pre Evacuate Collection Set: 0.0ms
[322.715s][info][gc,phases      ] GC(1804)   Evacuate Collection Set: 3.0ms
[322.715s][info][gc,phases      ] GC(1804)   Post Evacuate Collection Set: 0.5ms
[322.715s][info][gc,phases      ] GC(1804)   Other: 0.5ms
[322.715s][info][gc,heap        ] GC(1804) Eden regions: 280->0(280)
[322.715s][info][gc,heap        ] GC(1804) Survivor regions: 1->1(36)
[322.715s][info][gc,heap        ] GC(1804) Old regions: 80->80
[322.715s][info][gc,heap        ] GC(1804) Humongous regions: 6->6
[322.715s][info][gc,metaspace   ] GC(1804) Metaspace: 73520K->73520K(1116160K)
[322.715s][info][gc             ] GC(1804) Pause Young (Normal) (G1 Evacuation Pause) 364M->84M(469M) 4.081ms
[322.715s][info][gc,cpu         ] GC(1804) User=0.01s Sys=0.00s Real=0.00s
[323.054s][info][gc,start       ] GC(1805) Pause Young (Normal) (G1 Evacuation Pause)
[323.054s][info][gc,task        ] GC(1805) Using 1 workers of 1 for evacuation
[323.063s][info][gc,phases      ] GC(1805)   Pre Evacuate Collection Set: 0.2ms
[323.063s][info][gc,phases      ] GC(1805)   Evacuate Collection Set: 7.9ms
[323.063s][info][gc,phases      ] GC(1805)   Post Evacuate Collection Set: 0.9ms
[323.063s][info][gc,phases      ] GC(1805)   Other: 0.8ms
[323.063s][info][gc,heap        ] GC(1805) Eden regions: 280->0(280)
[323.063s][info][gc,heap        ] GC(1805) Survivor regions: 1->1(36)
[323.064s][info][gc,heap        ] GC(1805) Old regions: 80->80
[323.064s][info][gc,heap        ] GC(1805) Humongous regions: 11->6
[323.064s][info][gc,metaspace   ] GC(1805) Metaspace: 73522K->73522K(1116160K)
[323.064s][info][gc             ] GC(1805) Pause Young (Normal) (G1 Evacuation Pause) 369M->84M(469M) 9.884ms
[323.064s][info][gc,cpu         ] GC(1805) User=0.01s Sys=0.00s Real=0.01s
[323.288s][info][gc,start       ] GC(1806) Pause Young (Normal) (G1 Evacuation Pause)
[323.288s][info][gc,task        ] GC(1806) Using 1 workers of 1 for evacuation
[323.292s][info][gc,phases      ] GC(1806)   Pre Evacuate Collection Set: 0.0ms
[323.292s][info][gc,phases      ] GC(1806)   Evacuate Collection Set: 3.2ms
[323.292s][info][gc,phases      ] GC(1806)   Post Evacuate Collection Set: 0.5ms
[323.292s][info][gc,phases      ] GC(1806)   Other: 0.4ms
[323.292s][info][gc,heap        ] GC(1806) Eden regions: 280->0(280)
[323.292s][info][gc,heap        ] GC(1806) Survivor regions: 1->1(36)
[323.292s][info][gc,heap        ] GC(1806) Old regions: 80->80
[323.292s][info][gc,heap        ] GC(1806) Humongous regions: 6->6
[323.292s][info][gc,metaspace   ] GC(1806) Metaspace: 73522K->73522K(1116160K)
[323.292s][info][gc             ] GC(1806) Pause Young (Normal) (G1 Evacuation Pause) 364M->84M(469M) 4.179ms
[323.292s][info][gc,cpu         ] GC(1806) User=0.00s Sys=0.00s Real=0.00s
[323.516s][info][gc,start       ] GC(1807) Pause Young (Normal) (G1 Evacuation Pause)
[323.516s][info][gc,task        ] GC(1807) Using 1 workers of 1 for evacuation
[323.520s][info][gc,phases      ] GC(1807)   Pre Evacuate Collection Set: 0.0ms
[323.520s][info][gc,phases      ] GC(1807)   Evacuate Collection Set: 3.0ms
[323.520s][info][gc,phases      ] GC(1807)   Post Evacuate Collection Set: 0.4ms
[323.520s][info][gc,phases      ] GC(1807)   Other: 0.4ms
[323.520s][info][gc,heap        ] GC(1807) Eden regions: 280->0(280)
[323.520s][info][gc,heap        ] GC(1807) Survivor regions: 1->1(36)
[323.520s][info][gc,heap        ] GC(1807) Old regions: 80->80
[323.520s][info][gc,heap        ] GC(1807) Humongous regions: 6->6
[323.520s][info][gc,metaspace   ] GC(1807) Metaspace: 73522K->73522K(1116160K)
[323.520s][info][gc             ] GC(1807) Pause Young (Normal) (G1 Evacuation Pause) 364M->84M(469M) 3.968ms
[323.520s][info][gc,cpu         ] GC(1807) User=0.00s Sys=0.00s Real=0.01s
[323.688s][info][gc,start       ] GC(1808) Pause Young (Normal) (G1 Evacuation Pause)
[323.688s][info][gc,task        ] GC(1808) Using 1 workers of 1 for evacuation
[323.697s][info][gc,phases      ] GC(1808)   Pre Evacuate Collection Set: 0.1ms
[323.697s][info][gc,phases      ] GC(1808)   Evacuate Collection Set: 7.6ms
[323.697s][info][gc,phases      ] GC(1808)   Post Evacuate Collection Set: 1.0ms
[323.697s][info][gc,phases      ] GC(1808)   Other: 0.6ms
[323.697s][info][gc,heap        ] GC(1808) Eden regions: 280->0(280)
[323.697s][info][gc,heap        ] GC(1808) Survivor regions: 1->1(36)
[323.697s][info][gc,heap        ] GC(1808) Old regions: 80->80
[323.697s][info][gc,heap        ] GC(1808) Humongous regions: 6->6
[323.697s][info][gc,metaspace   ] GC(1808) Metaspace: 73522K->73522K(1116160K)
[323.697s][info][gc             ] GC(1808) Pause Young (Normal) (G1 Evacuation Pause) 364M->84M(469M) 9.379ms
[323.697s][info][gc,cpu         ] GC(1808) User=0.01s Sys=0.00s Real=0.00s
[324.057s][info][gc,start       ] GC(1809) Pause Young (Normal) (G1 Evacuation Pause)
[324.057s][info][gc,task        ] GC(1809) Using 1 workers of 1 for evacuation
[324.061s][info][gc,phases      ] GC(1809)   Pre Evacuate Collection Set: 0.0ms
[324.061s][info][gc,phases      ] GC(1809)   Evacuate Collection Set: 3.4ms
[324.061s][info][gc,phases      ] GC(1809)   Post Evacuate Collection Set: 0.4ms
[324.061s][info][gc,phases      ] GC(1809)   Other: 0.4ms
[324.061s][info][gc,heap        ] GC(1809) Eden regions: 280->0(280)
[324.061s][info][gc,heap        ] GC(1809) Survivor regions: 1->1(36)
[324.061s][info][gc,heap        ] GC(1809) Old regions: 80->80
[324.061s][info][gc,heap        ] GC(1809) Humongous regions: 6->6
[324.061s][info][gc,metaspace   ] GC(1809) Metaspace: 73522K->73522K(1116160K)
[324.061s][info][gc             ] GC(1809) Pause Young (Normal) (G1 Evacuation Pause) 364M->84M(469M) 4.243ms
[324.061s][info][gc,cpu         ] GC(1809) User=0.00s Sys=0.00s Real=0.01s
[324.444s][info][gc,start       ] GC(1810) Pause Young (Normal) (G1 Evacuation Pause)
[324.444s][info][gc,task        ] GC(1810) Using 1 workers of 1 for evacuation
[324.448s][info][gc,phases      ] GC(1810)   Pre Evacuate Collection Set: 0.0ms
[324.448s][info][gc,phases      ] GC(1810)   Evacuate Collection Set: 3.2ms
[324.448s][info][gc,phases      ] GC(1810)   Post Evacuate Collection Set: 0.5ms
[324.448s][info][gc,phases      ] GC(1810)   Other: 0.5ms
[324.448s][info][gc,heap        ] GC(1810) Eden regions: 280->0(280)
[324.448s][info][gc,heap        ] GC(1810) Survivor regions: 1->1(36)
[324.448s][info][gc,heap        ] GC(1810) Old regions: 80->80
[324.448s][info][gc,heap        ] GC(1810) Humongous regions: 6->6
[324.448s][info][gc,metaspace   ] GC(1810) Metaspace: 73522K->73522K(1116160K)
[324.448s][info][gc             ] GC(1810) Pause Young (Normal) (G1 Evacuation Pause) 364M->84M(469M) 4.232ms
[324.448s][info][gc,cpu         ] GC(1810) User=0.01s Sys=0.00s Real=0.01s
[324.590s][info][gc,start       ] GC(1811) Pause Young (Normal) (G1 Evacuation Pause)
[324.590s][info][gc,task        ] GC(1811) Using 1 workers of 1 for evacuation
[324.596s][info][gc,phases      ] GC(1811)   Pre Evacuate Collection Set: 0.1ms
[324.596s][info][gc,phases      ] GC(1811)   Evacuate Collection Set: 5.3ms
[324.596s][info][gc,phases      ] GC(1811)   Post Evacuate Collection Set: 0.4ms
[324.596s][info][gc,phases      ] GC(1811)   Other: 0.3ms
[324.596s][info][gc,heap        ] GC(1811) Eden regions: 280->0(280)
[324.596s][info][gc,heap        ] GC(1811) Survivor regions: 1->1(36)
[324.596s][info][gc,heap        ] GC(1811) Old regions: 80->80
[324.596s][info][gc,heap        ] GC(1811) Humongous regions: 6->6
[324.596s][info][gc,metaspace   ] GC(1811) Metaspace: 73522K->73522K(1116160K)
[324.596s][info][gc             ] GC(1811) Pause Young (Normal) (G1 Evacuation Pause) 364M->84M(469M) 6.145ms
[324.596s][info][gc,cpu         ] GC(1811) User=0.00s Sys=0.00s Real=0.00s
[324.831s][info][gc,start       ] GC(1812) Pause Young (Normal) (G1 Evacuation Pause)
[324.832s][info][gc,task        ] GC(1812) Using 1 workers of 1 for evacuation
[324.842s][info][gc,phases      ] GC(1812)   Pre Evacuate Collection Set: 0.1ms
[324.842s][info][gc,phases      ] GC(1812)   Evacuate Collection Set: 8.8ms
[324.842s][info][gc,phases      ] GC(1812)   Post Evacuate Collection Set: 0.9ms
[324.842s][info][gc,phases      ] GC(1812)   Other: 0.7ms
[324.842s][info][gc,heap        ] GC(1812) Eden regions: 280->0(280)
[324.842s][info][gc,heap        ] GC(1812) Survivor regions: 1->1(36)
[324.842s][info][gc,heap        ] GC(1812) Old regions: 80->80
[324.842s][info][gc,heap        ] GC(1812) Humongous regions: 6->6
[324.842s][info][gc,metaspace   ] GC(1812) Metaspace: 73522K->73522K(1116160K)
[324.842s][info][gc             ] GC(1812) Pause Young (Normal) (G1 Evacuation Pause) 364M->84M(469M) 10.607ms
[324.842s][info][gc,cpu         ] GC(1812) User=0.01s Sys=0.00s Real=0.01s
[325.671s][info][gc,start       ] GC(1813) Pause Young (Normal) (G1 Evacuation Pause)
[325.671s][info][gc,task        ] GC(1813) Using 1 workers of 1 for evacuation
[325.692s][info][gc,phases      ] GC(1813)   Pre Evacuate Collection Set: 0.0ms
[325.693s][info][gc,phases      ] GC(1813)   Evacuate Collection Set: 19.8ms
[325.693s][info][gc,phases      ] GC(1813)   Post Evacuate Collection Set: 1.2ms
[325.693s][info][gc,phases      ] GC(1813)   Other: 0.5ms
[325.693s][info][gc,heap        ] GC(1813) Eden regions: 280->0(276)
[325.693s][info][gc,heap        ] GC(1813) Survivor regions: 1->5(36)
[325.693s][info][gc,heap        ] GC(1813) Old regions: 80->80
[325.693s][info][gc,heap        ] GC(1813) Humongous regions: 41->6
[325.693s][info][gc,metaspace   ] GC(1813) Metaspace: 73543K->73543K(1116160K)
[325.693s][info][gc             ] GC(1813) Pause Young (Normal) (G1 Evacuation Pause) 399M->87M(469M) 21.689ms
[325.693s][info][gc,cpu         ] GC(1813) User=0.02s Sys=0.00s Real=0.02s
[326.284s][info][gc,start       ] GC(1814) Pause Young (Normal) (G1 Evacuation Pause)
[326.284s][info][gc,task        ] GC(1814) Using 1 workers of 1 for evacuation
[326.312s][info][gc,phases      ] GC(1814)   Pre Evacuate Collection Set: 0.1ms
[326.312s][info][gc,phases      ] GC(1814)   Evacuate Collection Set: 26.1ms
[326.312s][info][gc,phases      ] GC(1814)   Post Evacuate Collection Set: 1.0ms
[326.312s][info][gc,phases      ] GC(1814)   Other: 0.9ms
[326.312s][info][gc,heap        ] GC(1814) Eden regions: 276->0(276)
[326.312s][info][gc,heap        ] GC(1814) Survivor regions: 5->5(36)
[326.312s][info][gc,heap        ] GC(1814) Old regions: 80->80
[326.312s][info][gc,heap        ] GC(1814) Humongous regions: 6->6
[326.312s][info][gc,metaspace   ] GC(1814) Metaspace: 73544K->73544K(1116160K)
[326.312s][info][gc             ] GC(1814) Pause Young (Normal) (G1 Evacuation Pause) 363M->88M(469M) 28.202ms
[326.312s][info][gc,cpu         ] GC(1814) User=0.03s Sys=0.00s Real=0.03s
[326.552s][info][gc,start       ] GC(1815) Pause Young (Normal) (G1 Evacuation Pause)
[326.552s][info][gc,task        ] GC(1815) Using 1 workers of 1 for evacuation
[326.561s][info][gc,phases      ] GC(1815)   Pre Evacuate Collection Set: 0.0ms
[326.561s][info][gc,phases      ] GC(1815)   Evacuate Collection Set: 8.6ms
[326.561s][info][gc,phases      ] GC(1815)   Post Evacuate Collection Set: 0.5ms
[326.561s][info][gc,phases      ] GC(1815)   Other: 0.5ms
[326.561s][info][gc,heap        ] GC(1815) Eden regions: 276->0(276)
[326.561s][info][gc,heap        ] GC(1815) Survivor regions: 5->5(36)
[326.561s][info][gc,heap        ] GC(1815) Old regions: 80->80
[326.561s][info][gc,heap        ] GC(1815) Humongous regions: 6->6
[326.561s][info][gc,metaspace   ] GC(1815) Metaspace: 73544K->73544K(1116160K)
[326.561s][info][gc             ] GC(1815) Pause Young (Normal) (G1 Evacuation Pause) 364M->88M(469M) 9.747ms
[326.561s][info][gc,cpu         ] GC(1815) User=0.01s Sys=0.00s Real=0.01s
[326.717s][info][gc,start       ] GC(1816) Pause Young (Normal) (G1 Evacuation Pause)
[326.717s][info][gc,task        ] GC(1816) Using 1 workers of 1 for evacuation
[326.727s][info][gc,phases      ] GC(1816)   Pre Evacuate Collection Set: 0.0ms
[326.727s][info][gc,phases      ] GC(1816)   Evacuate Collection Set: 9.2ms
[326.727s][info][gc,phases      ] GC(1816)   Post Evacuate Collection Set: 0.8ms
[326.727s][info][gc,phases      ] GC(1816)   Other: 0.4ms
[326.727s][info][gc,heap        ] GC(1816) Eden regions: 276->0(276)
[326.727s][info][gc,heap        ] GC(1816) Survivor regions: 5->5(36)
[326.727s][info][gc,heap        ] GC(1816) Old regions: 80->80
[326.727s][info][gc,heap        ] GC(1816) Humongous regions: 6->6
[326.727s][info][gc,metaspace   ] GC(1816) Metaspace: 73544K->73544K(1116160K)
[326.727s][info][gc             ] GC(1816) Pause Young (Normal) (G1 Evacuation Pause) 364M->88M(469M) 10.635ms
[326.727s][info][gc,cpu         ] GC(1816) User=0.01s Sys=0.00s Real=0.02s
[327.617s][info][gc,start       ] GC(1817) Pause Young (Normal) (G1 Evacuation Pause)
[327.617s][info][gc,task        ] GC(1817) Using 1 workers of 1 for evacuation
[327.625s][info][gc,phases      ] GC(1817)   Pre Evacuate Collection Set: 0.0ms
[327.625s][info][gc,phases      ] GC(1817)   Evacuate Collection Set: 6.7ms
[327.625s][info][gc,phases      ] GC(1817)   Post Evacuate Collection Set: 0.8ms
[327.625s][info][gc,phases      ] GC(1817)   Other: 0.5ms
[327.625s][info][gc,heap        ] GC(1817) Eden regions: 276->0(276)
[327.625s][info][gc,heap        ] GC(1817) Survivor regions: 5->5(36)
[327.625s][info][gc,heap        ] GC(1817) Old regions: 80->80
[327.625s][info][gc,heap        ] GC(1817) Humongous regions: 66->6
[327.625s][info][gc,metaspace   ] GC(1817) Metaspace: 73560K->73560K(1116160K)
[327.625s][info][gc             ] GC(1817) Pause Young (Normal) (G1 Evacuation Pause) 424M->88M(469M) 8.123ms
[327.625s][info][gc,cpu         ] GC(1817) User=0.01s Sys=0.00s Real=0.01s
[328.036s][info][gc,start       ] GC(1818) Pause Young (Normal) (G1 Evacuation Pause)
[328.036s][info][gc,task        ] GC(1818) Using 1 workers of 1 for evacuation
[328.055s][info][gc,phases      ] GC(1818)   Pre Evacuate Collection Set: 0.1ms
[328.055s][info][gc,phases      ] GC(1818)   Evacuate Collection Set: 17.5ms
[328.055s][info][gc,phases      ] GC(1818)   Post Evacuate Collection Set: 1.0ms
[328.055s][info][gc,phases      ] GC(1818)   Other: 0.8ms
[328.055s][info][gc,heap        ] GC(1818) Eden regions: 276->0(277)
[328.056s][info][gc,heap        ] GC(1818) Survivor regions: 5->4(36)
[328.056s][info][gc,heap        ] GC(1818) Old regions: 80->80
[328.056s][info][gc,heap        ] GC(1818) Humongous regions: 6->6
[328.056s][info][gc,metaspace   ] GC(1818) Metaspace: 73570K->73570K(1116160K)
[328.056s][info][gc             ] GC(1818) Pause Young (Normal) (G1 Evacuation Pause) 364M->87M(469M) 19.473ms
[328.056s][info][gc,cpu         ] GC(1818) User=0.01s Sys=0.00s Real=0.02s
[328.404s][info][gc,start       ] GC(1819) Pause Young (Normal) (G1 Evacuation Pause)
[328.404s][info][gc,task        ] GC(1819) Using 1 workers of 1 for evacuation
[328.411s][info][gc,phases      ] GC(1819)   Pre Evacuate Collection Set: 0.0ms
[328.411s][info][gc,phases      ] GC(1819)   Evacuate Collection Set: 6.2ms
[328.411s][info][gc,phases      ] GC(1819)   Post Evacuate Collection Set: 0.5ms
[328.411s][info][gc,phases      ] GC(1819)   Other: 0.5ms
[328.411s][info][gc,heap        ] GC(1819) Eden regions: 277->0(277)
[328.411s][info][gc,heap        ] GC(1819) Survivor regions: 4->4(36)
[328.411s][info][gc,heap        ] GC(1819) Old regions: 80->80
[328.411s][info][gc,heap        ] GC(1819) Humongous regions: 6->6
[328.411s][info][gc,metaspace   ] GC(1819) Metaspace: 73570K->73570K(1116160K)
[328.411s][info][gc             ] GC(1819) Pause Young (Normal) (G1 Evacuation Pause) 364M->87M(469M) 7.265ms
[328.411s][info][gc,cpu         ] GC(1819) User=0.01s Sys=0.00s Real=0.01s
[328.569s][info][gc,start       ] GC(1820) Pause Young (Normal) (G1 Evacuation Pause)
[328.569s][info][gc,task        ] GC(1820) Using 1 workers of 1 for evacuation
[328.575s][info][gc,phases      ] GC(1820)   Pre Evacuate Collection Set: 0.0ms
[328.576s][info][gc,phases      ] GC(1820)   Evacuate Collection Set: 6.1ms
[328.576s][info][gc,phases      ] GC(1820)   Post Evacuate Collection Set: 0.5ms
[328.576s][info][gc,phases      ] GC(1820)   Other: 0.3ms
[328.576s][info][gc,heap        ] GC(1820) Eden regions: 277->0(277)
[328.576s][info][gc,heap        ] GC(1820) Survivor regions: 4->4(36)
[328.576s][info][gc,heap        ] GC(1820) Old regions: 80->80
[328.576s][info][gc,heap        ] GC(1820) Humongous regions: 6->6
[328.576s][info][gc,metaspace   ] GC(1820) Metaspace: 73570K->73570K(1116160K)
[328.576s][info][gc             ] GC(1820) Pause Young (Normal) (G1 Evacuation Pause) 364M->87M(469M) 7.029ms
[328.576s][info][gc,cpu         ] GC(1820) User=0.01s Sys=0.00s Real=0.00s
[328.825s][info][gc,start       ] GC(1821) Pause Young (Normal) (G1 Evacuation Pause)
[328.826s][info][gc,task        ] GC(1821) Using 1 workers of 1 for evacuation
[328.844s][info][gc,phases      ] GC(1821)   Pre Evacuate Collection Set: 0.1ms
[328.844s][info][gc,phases      ] GC(1821)   Evacuate Collection Set: 17.3ms
[328.844s][info][gc,phases      ] GC(1821)   Post Evacuate Collection Set: 0.9ms
[328.844s][info][gc,phases      ] GC(1821)   Other: 0.8ms
[328.844s][info][gc,heap        ] GC(1821) Eden regions: 277->0(277)
[328.844s][info][gc,heap        ] GC(1821) Survivor regions: 4->4(36)
[328.844s][info][gc,heap        ] GC(1821) Old regions: 80->80
[328.844s][info][gc,heap        ] GC(1821) Humongous regions: 6->6
[328.845s][info][gc,metaspace   ] GC(1821) Metaspace: 73570K->73570K(1116160K)
[328.845s][info][gc             ] GC(1821) Pause Young (Normal) (G1 Evacuation Pause) 364M->87M(469M) 19.198ms
[328.845s][info][gc,cpu         ] GC(1821) User=0.02s Sys=0.00s Real=0.02s
[329.071s][info][gc,start       ] GC(1822) Pause Young (Normal) (G1 Evacuation Pause)
[329.072s][info][gc,task        ] GC(1822) Using 1 workers of 1 for evacuation
[329.079s][info][gc,phases      ] GC(1822)   Pre Evacuate Collection Set: 0.1ms
[329.079s][info][gc,phases      ] GC(1822)   Evacuate Collection Set: 6.5ms
[329.079s][info][gc,phases      ] GC(1822)   Post Evacuate Collection Set: 0.4ms
[329.079s][info][gc,phases      ] GC(1822)   Other: 0.6ms
[329.079s][info][gc,heap        ] GC(1822) Eden regions: 277->0(276)
[329.079s][info][gc,heap        ] GC(1822) Survivor regions: 4->5(36)
[329.079s][info][gc,heap        ] GC(1822) Old regions: 80->80
[329.079s][info][gc,heap        ] GC(1822) Humongous regions: 6->6
[329.079s][info][gc,metaspace   ] GC(1822) Metaspace: 73570K->73570K(1116160K)
[329.079s][info][gc             ] GC(1822) Pause Young (Normal) (G1 Evacuation Pause) 364M->88M(469M) 7.634ms
[329.079s][info][gc,cpu         ] GC(1822) User=0.00s Sys=0.00s Real=0.01s
[329.566s][info][gc,start       ] GC(1823) Pause Young (Normal) (G1 Evacuation Pause)
[329.566s][info][gc,task        ] GC(1823) Using 1 workers of 1 for evacuation
[329.578s][info][gc,phases      ] GC(1823)   Pre Evacuate Collection Set: 0.0ms
[329.578s][info][gc,phases      ] GC(1823)   Evacuate Collection Set: 7.9ms
[329.578s][info][gc,phases      ] GC(1823)   Post Evacuate Collection Set: 3.7ms
[329.578s][info][gc,phases      ] GC(1823)   Other: 0.4ms
[329.578s][info][gc,heap        ] GC(1823) Eden regions: 276->0(275)
[329.578s][info][gc,heap        ] GC(1823) Survivor regions: 5->6(36)
[329.578s][info][gc,heap        ] GC(1823) Old regions: 80->80
[329.578s][info][gc,heap        ] GC(1823) Humongous regions: 31->6
[329.578s][info][gc,metaspace   ] GC(1823) Metaspace: 73614K->73614K(1116160K)
[329.578s][info][gc             ] GC(1823) Pause Young (Normal) (G1 Evacuation Pause) 389M->89M(469M) 12.110ms
[329.579s][info][gc,cpu         ] GC(1823) User=0.02s Sys=0.00s Real=0.02s
[329.734s][info][gc,start       ] GC(1824) Pause Young (Normal) (G1 Evacuation Pause)
[329.734s][info][gc,task        ] GC(1824) Using 1 workers of 1 for evacuation
[329.742s][info][gc,phases      ] GC(1824)   Pre Evacuate Collection Set: 0.0ms
[329.742s][info][gc,phases      ] GC(1824)   Evacuate Collection Set: 7.4ms
[329.742s][info][gc,phases      ] GC(1824)   Post Evacuate Collection Set: 0.4ms
[329.742s][info][gc,phases      ] GC(1824)   Other: 0.3ms
[329.742s][info][gc,heap        ] GC(1824) Eden regions: 275->0(276)
[329.742s][info][gc,heap        ] GC(1824) Survivor regions: 6->5(36)
[329.742s][info][gc,heap        ] GC(1824) Old regions: 80->80
[329.742s][info][gc,heap        ] GC(1824) Humongous regions: 6->6
[329.742s][info][gc,metaspace   ] GC(1824) Metaspace: 73637K->73637K(1116160K)
[329.742s][info][gc             ] GC(1824) Pause Young (Normal) (G1 Evacuation Pause) 364M->88M(469M) 8.174ms
[329.742s][info][gc,cpu         ] GC(1824) User=0.01s Sys=0.00s Real=0.01s
[329.922s][info][gc,start       ] GC(1825) Pause Young (Normal) (G1 Evacuation Pause)
[329.922s][info][gc,task        ] GC(1825) Using 1 workers of 1 for evacuation
[329.930s][info][gc,phases      ] GC(1825)   Pre Evacuate Collection Set: 0.0ms
[329.930s][info][gc,phases      ] GC(1825)   Evacuate Collection Set: 7.4ms
[329.930s][info][gc,phases      ] GC(1825)   Post Evacuate Collection Set: 0.4ms
[329.930s][info][gc,phases      ] GC(1825)   Other: 0.5ms
[329.930s][info][gc,heap        ] GC(1825) Eden regions: 276->0(275)
[329.930s][info][gc,heap        ] GC(1825) Survivor regions: 5->6(36)
[329.930s][info][gc,heap        ] GC(1825) Old regions: 80->80
[329.930s][info][gc,heap        ] GC(1825) Humongous regions: 6->6
[329.930s][info][gc,metaspace   ] GC(1825) Metaspace: 73637K->73637K(1116160K)
[329.930s][info][gc             ] GC(1825) Pause Young (Normal) (G1 Evacuation Pause) 364M->89M(469M) 8.345ms
[329.930s][info][gc,cpu         ] GC(1825) User=0.00s Sys=0.00s Real=0.01s
[330.220s][info][gc,start       ] GC(1826) Pause Young (Normal) (G1 Evacuation Pause)
[330.220s][info][gc,task        ] GC(1826) Using 1 workers of 1 for evacuation
[330.227s][info][gc,phases      ] GC(1826)   Pre Evacuate Collection Set: 0.0ms
[330.227s][info][gc,phases      ] GC(1826)   Evacuate Collection Set: 7.1ms
[330.227s][info][gc,phases      ] GC(1826)   Post Evacuate Collection Set: 0.4ms
[330.227s][info][gc,phases      ] GC(1826)   Other: 0.4ms
[330.227s][info][gc,heap        ] GC(1826) Eden regions: 275->0(275)
[330.227s][info][gc,heap        ] GC(1826) Survivor regions: 6->6(36)
[330.227s][info][gc,heap        ] GC(1826) Old regions: 80->80
[330.227s][info][gc,heap        ] GC(1826) Humongous regions: 6->6
[330.227s][info][gc,metaspace   ] GC(1826) Metaspace: 73637K->73637K(1116160K)
[330.228s][info][gc             ] GC(1826) Pause Young (Normal) (G1 Evacuation Pause) 364M->89M(469M) 7.992ms
[330.228s][info][gc,cpu         ] GC(1826) User=0.01s Sys=0.00s Real=0.01s
[330.376s][info][gc,start       ] GC(1827) Pause Young (Normal) (G1 Evacuation Pause)
[330.376s][info][gc,task        ] GC(1827) Using 1 workers of 1 for evacuation
[330.390s][info][gc,phases      ] GC(1827)   Pre Evacuate Collection Set: 0.0ms
[330.390s][info][gc,phases      ] GC(1827)   Evacuate Collection Set: 13.3ms
[330.390s][info][gc,phases      ] GC(1827)   Post Evacuate Collection Set: 0.4ms
[330.390s][info][gc,phases      ] GC(1827)   Other: 0.3ms
[330.390s][info][gc,heap        ] GC(1827) Eden regions: 275->0(275)
[330.390s][info][gc,heap        ] GC(1827) Survivor regions: 6->6(36)
[330.390s][info][gc,heap        ] GC(1827) Old regions: 80->80
[330.390s][info][gc,heap        ] GC(1827) Humongous regions: 6->6
[330.390s][info][gc,metaspace   ] GC(1827) Metaspace: 73637K->73637K(1116160K)
[330.390s][info][gc             ] GC(1827) Pause Young (Normal) (G1 Evacuation Pause) 364M->89M(469M) 14.145ms
[330.390s][info][gc,cpu         ] GC(1827) User=0.01s Sys=0.00s Real=0.02s
[330.556s][info][gc,start       ] GC(1828) Pause Young (Normal) (G1 Evacuation Pause)
[330.556s][info][gc,task        ] GC(1828) Using 1 workers of 1 for evacuation
[330.564s][info][gc,phases      ] GC(1828)   Pre Evacuate Collection Set: 0.0ms
[330.564s][info][gc,phases      ] GC(1828)   Evacuate Collection Set: 7.4ms
[330.564s][info][gc,phases      ] GC(1828)   Post Evacuate Collection Set: 0.4ms
[330.564s][info][gc,phases      ] GC(1828)   Other: 0.4ms
[330.564s][info][gc,heap        ] GC(1828) Eden regions: 275->0(277)
[330.564s][info][gc,heap        ] GC(1828) Survivor regions: 6->4(36)
[330.564s][info][gc,heap        ] GC(1828) Old regions: 80->82
[330.564s][info][gc,heap        ] GC(1828) Humongous regions: 6->6
[330.564s][info][gc,metaspace   ] GC(1828) Metaspace: 73637K->73637K(1116160K)
[330.564s][info][gc             ] GC(1828) Pause Young (Normal) (G1 Evacuation Pause) 364M->89M(469M) 8.250ms
[330.564s][info][gc,cpu         ] GC(1828) User=0.00s Sys=0.00s Real=0.01s
[330.737s][info][gc,start       ] GC(1829) Pause Young (Normal) (G1 Evacuation Pause)
[330.737s][info][gc,task        ] GC(1829) Using 1 workers of 1 for evacuation
[330.752s][info][gc,phases      ] GC(1829)   Pre Evacuate Collection Set: 0.1ms
[330.752s][info][gc,phases      ] GC(1829)   Evacuate Collection Set: 14.0ms
[330.752s][info][gc,phases      ] GC(1829)   Post Evacuate Collection Set: 0.4ms
[330.752s][info][gc,phases      ] GC(1829)   Other: 0.7ms
[330.752s][info][gc,heap        ] GC(1829) Eden regions: 277->0(277)
[330.752s][info][gc,heap        ] GC(1829) Survivor regions: 4->4(36)
[330.752s][info][gc,heap        ] GC(1829) Old regions: 82->82
[330.752s][info][gc,heap        ] GC(1829) Humongous regions: 11->6
[330.752s][info][gc,metaspace   ] GC(1829) Metaspace: 73638K->73638K(1116160K)
[330.752s][info][gc             ] GC(1829) Pause Young (Normal) (G1 Evacuation Pause) 371M->89M(469M) 15.107ms
[330.752s][info][gc,cpu         ] GC(1829) User=0.01s Sys=0.00s Real=0.02s
[330.938s][info][gc,start       ] GC(1830) Pause Young (Normal) (G1 Evacuation Pause)
[330.938s][info][gc,task        ] GC(1830) Using 1 workers of 1 for evacuation
[330.945s][info][gc,phases      ] GC(1830)   Pre Evacuate Collection Set: 0.0ms
[330.945s][info][gc,phases      ] GC(1830)   Evacuate Collection Set: 5.8ms
[330.945s][info][gc,phases      ] GC(1830)   Post Evacuate Collection Set: 0.4ms
[330.945s][info][gc,phases      ] GC(1830)   Other: 0.8ms
[330.945s][info][gc,heap        ] GC(1830) Eden regions: 277->0(277)
[330.945s][info][gc,heap        ] GC(1830) Survivor regions: 4->4(36)
[330.945s][info][gc,heap        ] GC(1830) Old regions: 82->82
[330.945s][info][gc,heap        ] GC(1830) Humongous regions: 6->6
[330.945s][info][gc,metaspace   ] GC(1830) Metaspace: 73638K->73638K(1116160K)
[330.945s][info][gc             ] GC(1830) Pause Young (Normal) (G1 Evacuation Pause) 366M->89M(469M) 7.185ms
[330.945s][info][gc,cpu         ] GC(1830) User=0.00s Sys=0.00s Real=0.01s
[331.145s][info][gc,start       ] GC(1831) Pause Young (Normal) (G1 Evacuation Pause)
[331.146s][info][gc,task        ] GC(1831) Using 1 workers of 1 for evacuation
[331.154s][info][gc,phases      ] GC(1831)   Pre Evacuate Collection Set: 0.1ms
[331.154s][info][gc,phases      ] GC(1831)   Evacuate Collection Set: 7.1ms
[331.154s][info][gc,phases      ] GC(1831)   Post Evacuate Collection Set: 0.5ms
[331.154s][info][gc,phases      ] GC(1831)   Other: 0.7ms
[331.154s][info][gc,heap        ] GC(1831) Eden regions: 277->0(277)
[331.154s][info][gc,heap        ] GC(1831) Survivor regions: 4->4(36)
[331.154s][info][gc,heap        ] GC(1831) Old regions: 82->82
[331.154s][info][gc,heap        ] GC(1831) Humongous regions: 6->6
[331.154s][info][gc,metaspace   ] GC(1831) Metaspace: 73638K->73638K(1116160K)
[331.154s][info][gc             ] GC(1831) Pause Young (Normal) (G1 Evacuation Pause) 366M->89M(469M) 8.518ms
[331.154s][info][gc,cpu         ] GC(1831) User=0.01s Sys=0.00s Real=0.01s
[331.354s][info][gc,start       ] GC(1832) Pause Young (Normal) (G1 Evacuation Pause)
[331.354s][info][gc,task        ] GC(1832) Using 1 workers of 1 for evacuation
[331.360s][info][gc,phases      ] GC(1832)   Pre Evacuate Collection Set: 0.0ms
[331.360s][info][gc,phases      ] GC(1832)   Evacuate Collection Set: 5.2ms
[331.360s][info][gc,phases      ] GC(1832)   Post Evacuate Collection Set: 0.4ms
[331.360s][info][gc,phases      ] GC(1832)   Other: 0.4ms
[331.360s][info][gc,heap        ] GC(1832) Eden regions: 277->0(279)
[331.360s][info][gc,heap        ] GC(1832) Survivor regions: 4->2(36)
[331.360s][info][gc,heap        ] GC(1832) Old regions: 82->84
[331.360s][info][gc,heap        ] GC(1832) Humongous regions: 6->6
[331.360s][info][gc,metaspace   ] GC(1832) Metaspace: 73638K->73638K(1116160K)
[331.360s][info][gc             ] GC(1832) Pause Young (Normal) (G1 Evacuation Pause) 366M->89M(469M) 6.055ms
[331.360s][info][gc,cpu         ] GC(1832) User=0.01s Sys=0.00s Real=0.01s
[331.508s][info][gc,start       ] GC(1833) Pause Young (Normal) (G1 Evacuation Pause)
[331.508s][info][gc,task        ] GC(1833) Using 1 workers of 1 for evacuation
[331.514s][info][gc,phases      ] GC(1833)   Pre Evacuate Collection Set: 0.0ms
[331.514s][info][gc,phases      ] GC(1833)   Evacuate Collection Set: 5.1ms
[331.514s][info][gc,phases      ] GC(1833)   Post Evacuate Collection Set: 0.6ms
[331.514s][info][gc,phases      ] GC(1833)   Other: 0.4ms
[331.514s][info][gc,heap        ] GC(1833) Eden regions: 279->0(279)
[331.514s][info][gc,heap        ] GC(1833) Survivor regions: 2->2(36)
[331.514s][info][gc,heap        ] GC(1833) Old regions: 84->84
[331.514s][info][gc,heap        ] GC(1833) Humongous regions: 6->6
[331.514s][info][gc,metaspace   ] GC(1833) Metaspace: 73640K->73640K(1116160K)
[331.514s][info][gc             ] GC(1833) Pause Young (Normal) (G1 Evacuation Pause) 368M->89M(469M) 6.203ms
[331.514s][info][gc,cpu         ] GC(1833) User=0.01s Sys=0.00s Real=0.00s
[331.688s][info][gc,start       ] GC(1834) Pause Young (Normal) (G1 Evacuation Pause)
[331.688s][info][gc,task        ] GC(1834) Using 1 workers of 1 for evacuation
[331.693s][info][gc,phases      ] GC(1834)   Pre Evacuate Collection Set: 0.0ms
[331.693s][info][gc,phases      ] GC(1834)   Evacuate Collection Set: 4.8ms
[331.693s][info][gc,phases      ] GC(1834)   Post Evacuate Collection Set: 0.4ms
[331.693s][info][gc,phases      ] GC(1834)   Other: 0.3ms
[331.693s][info][gc,heap        ] GC(1834) Eden regions: 279->0(279)
[331.693s][info][gc,heap        ] GC(1834) Survivor regions: 2->2(36)
[331.693s][info][gc,heap        ] GC(1834) Old regions: 84->84
[331.693s][info][gc,heap        ] GC(1834) Humongous regions: 11->6
[331.693s][info][gc,metaspace   ] GC(1834) Metaspace: 73640K->73640K(1116160K)
[331.693s][info][gc             ] GC(1834) Pause Young (Normal) (G1 Evacuation Pause) 373M->89M(469M) 5.658ms
[331.693s][info][gc,cpu         ] GC(1834) User=0.01s Sys=0.00s Real=0.00s
[331.915s][info][gc,start       ] GC(1835) Pause Young (Normal) (G1 Evacuation Pause)
[331.915s][info][gc,task        ] GC(1835) Using 1 workers of 1 for evacuation
[331.926s][info][gc,phases      ] GC(1835)   Pre Evacuate Collection Set: 0.0ms
[331.926s][info][gc,phases      ] GC(1835)   Evacuate Collection Set: 9.3ms
[331.926s][info][gc,phases      ] GC(1835)   Post Evacuate Collection Set: 0.6ms
[331.926s][info][gc,phases      ] GC(1835)   Other: 0.5ms
[331.926s][info][gc,heap        ] GC(1835) Eden regions: 279->0(279)
[331.926s][info][gc,heap        ] GC(1835) Survivor regions: 2->2(36)
[331.926s][info][gc,heap        ] GC(1835) Old regions: 84->84
[331.926s][info][gc,heap        ] GC(1835) Humongous regions: 6->6
[331.926s][info][gc,metaspace   ] GC(1835) Metaspace: 73640K->73640K(1116160K)
[331.926s][info][gc             ] GC(1835) Pause Young (Normal) (G1 Evacuation Pause) 368M->89M(469M) 10.477ms
[331.926s][info][gc,cpu         ] GC(1835) User=0.01s Sys=0.00s Real=0.01s
[332.083s][info][gc,start       ] GC(1836) Pause Young (Normal) (G1 Evacuation Pause)
[332.083s][info][gc,task        ] GC(1836) Using 1 workers of 1 for evacuation
[332.092s][info][gc,phases      ] GC(1836)   Pre Evacuate Collection Set: 0.0ms
[332.092s][info][gc,phases      ] GC(1836)   Evacuate Collection Set: 6.8ms
[332.092s][info][gc,phases      ] GC(1836)   Post Evacuate Collection Set: 1.1ms
[332.092s][info][gc,phases      ] GC(1836)   Other: 0.4ms
[332.092s][info][gc,heap        ] GC(1836) Eden regions: 279->0(279)
[332.092s][info][gc,heap        ] GC(1836) Survivor regions: 2->2(36)
[332.092s][info][gc,heap        ] GC(1836) Old regions: 84->85
[332.092s][info][gc,heap        ] GC(1836) Humongous regions: 6->6
[332.092s][info][gc,metaspace   ] GC(1836) Metaspace: 73640K->73640K(1116160K)
[332.092s][info][gc             ] GC(1836) Pause Young (Normal) (G1 Evacuation Pause) 368M->89M(469M) 8.401ms
[332.092s][info][gc,cpu         ] GC(1836) User=0.01s Sys=0.00s Real=0.01s
[332.257s][info][gc,start       ] GC(1837) Pause Young (Normal) (G1 Evacuation Pause)
[332.257s][info][gc,task        ] GC(1837) Using 1 workers of 1 for evacuation
[332.263s][info][gc,phases      ] GC(1837)   Pre Evacuate Collection Set: 0.0ms
[332.263s][info][gc,phases      ] GC(1837)   Evacuate Collection Set: 4.3ms
[332.263s][info][gc,phases      ] GC(1837)   Post Evacuate Collection Set: 0.5ms
[332.263s][info][gc,phases      ] GC(1837)   Other: 0.5ms
[332.263s][info][gc,heap        ] GC(1837) Eden regions: 279->0(279)
[332.263s][info][gc,heap        ] GC(1837) Survivor regions: 2->2(36)
[332.263s][info][gc,heap        ] GC(1837) Old regions: 85->85
[332.263s][info][gc,heap        ] GC(1837) Humongous regions: 6->6
[332.263s][info][gc,metaspace   ] GC(1837) Metaspace: 73640K->73640K(1116160K)
[332.263s][info][gc             ] GC(1837) Pause Young (Normal) (G1 Evacuation Pause) 368M->89M(469M) 5.472ms
[332.263s][info][gc,cpu         ] GC(1837) User=0.01s Sys=0.00s Real=0.01s
[332.418s][info][gc,start       ] GC(1838) Pause Young (Normal) (G1 Evacuation Pause)
[332.418s][info][gc,task        ] GC(1838) Using 1 workers of 1 for evacuation
[332.423s][info][gc,phases      ] GC(1838)   Pre Evacuate Collection Set: 0.0ms
[332.423s][info][gc,phases      ] GC(1838)   Evacuate Collection Set: 3.9ms
[332.423s][info][gc,phases      ] GC(1838)   Post Evacuate Collection Set: 0.4ms
[332.423s][info][gc,phases      ] GC(1838)   Other: 0.3ms
[332.423s][info][gc,heap        ] GC(1838) Eden regions: 279->0(280)
[332.423s][info][gc,heap        ] GC(1838) Survivor regions: 2->1(36)
[332.423s][info][gc,heap        ] GC(1838) Old regions: 85->85
[332.423s][info][gc,heap        ] GC(1838) Humongous regions: 6->6
[332.423s][info][gc,metaspace   ] GC(1838) Metaspace: 73640K->73640K(1116160K)
[332.423s][info][gc             ] GC(1838) Pause Young (Normal) (G1 Evacuation Pause) 368M->89M(469M) 4.803ms
[332.423s][info][gc,cpu         ] GC(1838) User=0.01s Sys=0.00s Real=0.01s
[332.589s][info][gc,start       ] GC(1839) Pause Young (Normal) (G1 Evacuation Pause)
[332.589s][info][gc,task        ] GC(1839) Using 1 workers of 1 for evacuation
[332.594s][info][gc,phases      ] GC(1839)   Pre Evacuate Collection Set: 0.0ms
[332.594s][info][gc,phases      ] GC(1839)   Evacuate Collection Set: 5.1ms
[332.594s][info][gc,phases      ] GC(1839)   Post Evacuate Collection Set: 0.4ms
[332.594s][info][gc,phases      ] GC(1839)   Other: 0.4ms
[332.594s][info][gc,heap        ] GC(1839) Eden regions: 280->0(280)
[332.594s][info][gc,heap        ] GC(1839) Survivor regions: 1->1(36)
[332.594s][info][gc,heap        ] GC(1839) Old regions: 85->85
[332.594s][info][gc,heap        ] GC(1839) Humongous regions: 6->6
[332.594s][info][gc,metaspace   ] GC(1839) Metaspace: 73640K->73640K(1116160K)
[332.595s][info][gc             ] GC(1839) Pause Young (Normal) (G1 Evacuation Pause) 369M->89M(469M) 5.894ms
[332.595s][info][gc,cpu         ] GC(1839) User=0.01s Sys=0.00s Real=0.00s
[332.784s][info][gc,start       ] GC(1840) Pause Young (Normal) (G1 Evacuation Pause)
[332.784s][info][gc,task        ] GC(1840) Using 1 workers of 1 for evacuation
[332.788s][info][gc,phases      ] GC(1840)   Pre Evacuate Collection Set: 0.0ms
[332.788s][info][gc,phases      ] GC(1840)   Evacuate Collection Set: 2.9ms
[332.788s][info][gc,phases      ] GC(1840)   Post Evacuate Collection Set: 0.4ms
[332.788s][info][gc,phases      ] GC(1840)   Other: 0.3ms
[332.788s][info][gc,heap        ] GC(1840) Eden regions: 280->0(280)
[332.788s][info][gc,heap        ] GC(1840) Survivor regions: 1->1(36)
[332.788s][info][gc,heap        ] GC(1840) Old regions: 85->85
[332.788s][info][gc,heap        ] GC(1840) Humongous regions: 11->6
[332.788s][info][gc,metaspace   ] GC(1840) Metaspace: 73641K->73641K(1116160K)
[332.788s][info][gc             ] GC(1840) Pause Young (Normal) (G1 Evacuation Pause) 374M->89M(469M) 3.767ms
[332.788s][info][gc,cpu         ] GC(1840) User=0.00s Sys=0.00s Real=0.01s
[333.021s][info][gc,start       ] GC(1841) Pause Young (Normal) (G1 Evacuation Pause)
[333.021s][info][gc,task        ] GC(1841) Using 1 workers of 1 for evacuation
[333.024s][info][gc,phases      ] GC(1841)   Pre Evacuate Collection Set: 0.0ms
[333.024s][info][gc,phases      ] GC(1841)   Evacuate Collection Set: 2.8ms
[333.024s][info][gc,phases      ] GC(1841)   Post Evacuate Collection Set: 0.4ms
[333.024s][info][gc,phases      ] GC(1841)   Other: 0.5ms
[333.024s][info][gc,heap        ] GC(1841) Eden regions: 280->0(280)
[333.024s][info][gc,heap        ] GC(1841) Survivor regions: 1->1(36)
[333.024s][info][gc,heap        ] GC(1841) Old regions: 85->85
[333.024s][info][gc,heap        ] GC(1841) Humongous regions: 6->6
[333.024s][info][gc,metaspace   ] GC(1841) Metaspace: 73641K->73641K(1116160K)
[333.024s][info][gc             ] GC(1841) Pause Young (Normal) (G1 Evacuation Pause) 369M->89M(469M) 3.743ms
[333.025s][info][gc,cpu         ] GC(1841) User=0.01s Sys=0.00s Real=0.00s
[333.176s][info][gc,start       ] GC(1842) Pause Young (Normal) (G1 Evacuation Pause)
[333.176s][info][gc,task        ] GC(1842) Using 1 workers of 1 for evacuation
[333.179s][info][gc,phases      ] GC(1842)   Pre Evacuate Collection Set: 0.0ms
[333.179s][info][gc,phases      ] GC(1842)   Evacuate Collection Set: 2.9ms
[333.179s][info][gc,phases      ] GC(1842)   Post Evacuate Collection Set: 0.5ms
[333.179s][info][gc,phases      ] GC(1842)   Other: 0.3ms
[333.179s][info][gc,heap        ] GC(1842) Eden regions: 280->0(280)
[333.179s][info][gc,heap        ] GC(1842) Survivor regions: 1->1(36)
[333.179s][info][gc,heap        ] GC(1842) Old regions: 85->85
[333.179s][info][gc,heap        ] GC(1842) Humongous regions: 6->6
[333.179s][info][gc,metaspace   ] GC(1842) Metaspace: 73641K->73641K(1116160K)
[333.179s][info][gc             ] GC(1842) Pause Young (Normal) (G1 Evacuation Pause) 369M->89M(469M) 3.736ms
[333.179s][info][gc,cpu         ] GC(1842) User=0.00s Sys=0.00s Real=0.01s
[333.364s][info][gc,start       ] GC(1843) Pause Young (Normal) (G1 Evacuation Pause)
[333.364s][info][gc,task        ] GC(1843) Using 1 workers of 1 for evacuation
[333.368s][info][gc,phases      ] GC(1843)   Pre Evacuate Collection Set: 0.0ms
[333.368s][info][gc,phases      ] GC(1843)   Evacuate Collection Set: 3.3ms
[333.368s][info][gc,phases      ] GC(1843)   Post Evacuate Collection Set: 0.6ms
[333.368s][info][gc,phases      ] GC(1843)   Other: 0.5ms
[333.368s][info][gc,heap        ] GC(1843) Eden regions: 280->0(280)
[333.368s][info][gc,heap        ] GC(1843) Survivor regions: 1->1(36)
[333.368s][info][gc,heap        ] GC(1843) Old regions: 85->85
[333.368s][info][gc,heap        ] GC(1843) Humongous regions: 6->6
[333.368s][info][gc,metaspace   ] GC(1843) Metaspace: 73641K->73641K(1116160K)
[333.368s][info][gc             ] GC(1843) Pause Young (Normal) (G1 Evacuation Pause) 369M->89M(469M) 4.351ms
[333.368s][info][gc,cpu         ] GC(1843) User=0.00s Sys=0.00s Real=0.01s
[333.552s][info][gc,start       ] GC(1844) Pause Young (Normal) (G1 Evacuation Pause)
[333.552s][info][gc,task        ] GC(1844) Using 1 workers of 1 for evacuation
[333.555s][info][gc,phases      ] GC(1844)   Pre Evacuate Collection Set: 0.0ms
[333.555s][info][gc,phases      ] GC(1844)   Evacuate Collection Set: 3.1ms
[333.555s][info][gc,phases      ] GC(1844)   Post Evacuate Collection Set: 0.4ms
[333.555s][info][gc,phases      ] GC(1844)   Other: 0.3ms
[333.555s][info][gc,heap        ] GC(1844) Eden regions: 280->0(280)
[333.555s][info][gc,heap        ] GC(1844) Survivor regions: 1->1(36)
[333.555s][info][gc,heap        ] GC(1844) Old regions: 85->85
[333.555s][info][gc,heap        ] GC(1844) Humongous regions: 6->6
[333.555s][info][gc,metaspace   ] GC(1844) Metaspace: 73641K->73641K(1116160K)
[333.555s][info][gc             ] GC(1844) Pause Young (Normal) (G1 Evacuation Pause) 369M->89M(469M) 3.901ms
[333.555s][info][gc,cpu         ] GC(1844) User=0.01s Sys=0.00s Real=0.00s
[333.735s][info][gc,start       ] GC(1845) Pause Young (Normal) (G1 Evacuation Pause)
[333.735s][info][gc,task        ] GC(1845) Using 1 workers of 1 for evacuation
[333.739s][info][gc,phases      ] GC(1845)   Pre Evacuate Collection Set: 0.1ms
[333.739s][info][gc,phases      ] GC(1845)   Evacuate Collection Set: 3.4ms
[333.739s][info][gc,phases      ] GC(1845)   Post Evacuate Collection Set: 0.4ms
[333.739s][info][gc,phases      ] GC(1845)   Other: 0.5ms
[333.739s][info][gc,heap        ] GC(1845) Eden regions: 280->0(280)
[333.739s][info][gc,heap        ] GC(1845) Survivor regions: 1->1(36)
[333.739s][info][gc,heap        ] GC(1845) Old regions: 85->85
[333.739s][info][gc,heap        ] GC(1845) Humongous regions: 11->6
[333.739s][info][gc,metaspace   ] GC(1845) Metaspace: 73641K->73641K(1116160K)
[333.739s][info][gc             ] GC(1845) Pause Young (Normal) (G1 Evacuation Pause) 374M->89M(469M) 4.471ms
[333.740s][info][gc,cpu         ] GC(1845) User=0.01s Sys=0.00s Real=0.01s
[333.969s][info][gc,start       ] GC(1846) Pause Young (Normal) (G1 Evacuation Pause)
[333.969s][info][gc,task        ] GC(1846) Using 1 workers of 1 for evacuation
[333.973s][info][gc,phases      ] GC(1846)   Pre Evacuate Collection Set: 0.0ms
[333.973s][info][gc,phases      ] GC(1846)   Evacuate Collection Set: 3.4ms
[333.973s][info][gc,phases      ] GC(1846)   Post Evacuate Collection Set: 0.4ms
[333.973s][info][gc,phases      ] GC(1846)   Other: 0.5ms
[333.973s][info][gc,heap        ] GC(1846) Eden regions: 280->0(280)
[333.973s][info][gc,heap        ] GC(1846) Survivor regions: 1->1(36)
[333.973s][info][gc,heap        ] GC(1846) Old regions: 85->85
[333.973s][info][gc,heap        ] GC(1846) Humongous regions: 6->6
[333.973s][info][gc,metaspace   ] GC(1846) Metaspace: 73641K->73641K(1116160K)
[333.973s][info][gc             ] GC(1846) Pause Young (Normal) (G1 Evacuation Pause) 369M->89M(469M) 4.386ms
[333.973s][info][gc,cpu         ] GC(1846) User=0.00s Sys=0.00s Real=0.00s
[334.125s][info][gc,start       ] GC(1847) Pause Young (Normal) (G1 Evacuation Pause)
[334.125s][info][gc,task        ] GC(1847) Using 1 workers of 1 for evacuation
[334.129s][info][gc,phases      ] GC(1847)   Pre Evacuate Collection Set: 0.0ms
[334.129s][info][gc,phases      ] GC(1847)   Evacuate Collection Set: 2.9ms
[334.129s][info][gc,phases      ] GC(1847)   Post Evacuate Collection Set: 0.4ms
[334.129s][info][gc,phases      ] GC(1847)   Other: 0.3ms
[334.129s][info][gc,heap        ] GC(1847) Eden regions: 280->0(280)
[334.129s][info][gc,heap        ] GC(1847) Survivor regions: 1->1(36)
[334.129s][info][gc,heap        ] GC(1847) Old regions: 85->85
[334.129s][info][gc,heap        ] GC(1847) Humongous regions: 6->6
[334.129s][info][gc,metaspace   ] GC(1847) Metaspace: 73641K->73641K(1116160K)
[334.129s][info][gc             ] GC(1847) Pause Young (Normal) (G1 Evacuation Pause) 369M->89M(469M) 3.743ms
[334.129s][info][gc,cpu         ] GC(1847) User=0.00s Sys=0.00s Real=0.01s
[334.302s][info][gc,start       ] GC(1848) Pause Young (Normal) (G1 Evacuation Pause)
[334.302s][info][gc,task        ] GC(1848) Using 1 workers of 1 for evacuation
[334.306s][info][gc,phases      ] GC(1848)   Pre Evacuate Collection Set: 0.0ms
[334.306s][info][gc,phases      ] GC(1848)   Evacuate Collection Set: 3.0ms
[334.306s][info][gc,phases      ] GC(1848)   Post Evacuate Collection Set: 0.4ms
[334.306s][info][gc,phases      ] GC(1848)   Other: 0.4ms
[334.306s][info][gc,heap        ] GC(1848) Eden regions: 280->0(280)
[334.306s][info][gc,heap        ] GC(1848) Survivor regions: 1->1(36)
[334.306s][info][gc,heap        ] GC(1848) Old regions: 85->85
[334.306s][info][gc,heap        ] GC(1848) Humongous regions: 6->6
[334.306s][info][gc,metaspace   ] GC(1848) Metaspace: 73641K->73641K(1116160K)
[334.306s][info][gc             ] GC(1848) Pause Young (Normal) (G1 Evacuation Pause) 369M->89M(469M) 3.933ms
[334.306s][info][gc,cpu         ] GC(1848) User=0.00s Sys=0.00s Real=0.00s
[334.454s][info][gc,start       ] GC(1849) Pause Young (Normal) (G1 Evacuation Pause)
[334.454s][info][gc,task        ] GC(1849) Using 1 workers of 1 for evacuation
[334.458s][info][gc,phases      ] GC(1849)   Pre Evacuate Collection Set: 0.0ms
[334.458s][info][gc,phases      ] GC(1849)   Evacuate Collection Set: 2.9ms
[334.458s][info][gc,phases      ] GC(1849)   Post Evacuate Collection Set: 0.4ms
[334.458s][info][gc,phases      ] GC(1849)   Other: 0.4ms
[334.458s][info][gc,heap        ] GC(1849) Eden regions: 280->0(280)
[334.458s][info][gc,heap        ] GC(1849) Survivor regions: 1->1(36)
[334.458s][info][gc,heap        ] GC(1849) Old regions: 85->86
[334.458s][info][gc,heap        ] GC(1849) Humongous regions: 6->6
[334.458s][info][gc,metaspace   ] GC(1849) Metaspace: 73641K->73641K(1116160K)
[334.458s][info][gc             ] GC(1849) Pause Young (Normal) (G1 Evacuation Pause) 369M->89M(469M) 3.710ms
[334.458s][info][gc,cpu         ] GC(1849) User=0.00s Sys=0.00s Real=0.00s
[334.603s][info][gc,start       ] GC(1850) Pause Young (Normal) (G1 Evacuation Pause)
[334.603s][info][gc,task        ] GC(1850) Using 1 workers of 1 for evacuation
[334.608s][info][gc,phases      ] GC(1850)   Pre Evacuate Collection Set: 0.0ms
[334.608s][info][gc,phases      ] GC(1850)   Evacuate Collection Set: 3.7ms
[334.608s][info][gc,phases      ] GC(1850)   Post Evacuate Collection Set: 0.5ms
[334.608s][info][gc,phases      ] GC(1850)   Other: 0.6ms
[334.608s][info][gc,heap        ] GC(1850) Eden regions: 280->0(280)
[334.608s][info][gc,heap        ] GC(1850) Survivor regions: 1->1(36)
[334.608s][info][gc,heap        ] GC(1850) Old regions: 86->86
[334.608s][info][gc,heap        ] GC(1850) Humongous regions: 6->6
[334.608s][info][gc,metaspace   ] GC(1850) Metaspace: 73641K->73641K(1116160K)
[334.608s][info][gc             ] GC(1850) Pause Young (Normal) (G1 Evacuation Pause) 369M->89M(469M) 4.819ms
[334.608s][info][gc,cpu         ] GC(1850) User=0.00s Sys=0.00s Real=0.01s
[334.882s][info][gc,start       ] GC(1851) Pause Young (Normal) (G1 Evacuation Pause)
[334.882s][info][gc,task        ] GC(1851) Using 1 workers of 1 for evacuation
[334.887s][info][gc,phases      ] GC(1851)   Pre Evacuate Collection Set: 0.0ms
[334.887s][info][gc,phases      ] GC(1851)   Evacuate Collection Set: 3.7ms
[334.887s][info][gc,phases      ] GC(1851)   Post Evacuate Collection Set: 0.7ms
[334.887s][info][gc,phases      ] GC(1851)   Other: 0.6ms
[334.887s][info][gc,heap        ] GC(1851) Eden regions: 280->0(280)
[334.887s][info][gc,heap        ] GC(1851) Survivor regions: 1->1(36)
[334.887s][info][gc,heap        ] GC(1851) Old regions: 86->86
[334.887s][info][gc,heap        ] GC(1851) Humongous regions: 11->6
[334.887s][info][gc,metaspace   ] GC(1851) Metaspace: 73641K->73641K(1116160K)
[334.887s][info][gc             ] GC(1851) Pause Young (Normal) (G1 Evacuation Pause) 374M->89M(469M) 5.103ms
[334.887s][info][gc,cpu         ] GC(1851) User=0.00s Sys=0.00s Real=0.01s
[335.091s][info][gc,start       ] GC(1852) Pause Young (Normal) (G1 Evacuation Pause)
[335.092s][info][gc,task        ] GC(1852) Using 1 workers of 1 for evacuation
[335.096s][info][gc,phases      ] GC(1852)   Pre Evacuate Collection Set: 0.0ms
[335.096s][info][gc,phases      ] GC(1852)   Evacuate Collection Set: 3.2ms
[335.096s][info][gc,phases      ] GC(1852)   Post Evacuate Collection Set: 0.6ms
[335.096s][info][gc,phases      ] GC(1852)   Other: 0.5ms
[335.096s][info][gc,heap        ] GC(1852) Eden regions: 280->0(280)
[335.096s][info][gc,heap        ] GC(1852) Survivor regions: 1->1(36)
[335.096s][info][gc,heap        ] GC(1852) Old regions: 86->86
[335.096s][info][gc,heap        ] GC(1852) Humongous regions: 6->6
[335.096s][info][gc,metaspace   ] GC(1852) Metaspace: 73641K->73641K(1116160K)
[335.096s][info][gc             ] GC(1852) Pause Young (Normal) (G1 Evacuation Pause) 369M->89M(469M) 4.331ms
[335.096s][info][gc,cpu         ] GC(1852) User=0.00s Sys=0.00s Real=0.00s
[335.252s][info][gc,start       ] GC(1853) Pause Young (Normal) (G1 Evacuation Pause)
[335.252s][info][gc,task        ] GC(1853) Using 1 workers of 1 for evacuation
[335.258s][info][gc,phases      ] GC(1853)   Pre Evacuate Collection Set: 0.1ms
[335.258s][info][gc,phases      ] GC(1853)   Evacuate Collection Set: 5.4ms
[335.258s][info][gc,phases      ] GC(1853)   Post Evacuate Collection Set: 0.4ms
[335.258s][info][gc,phases      ] GC(1853)   Other: 0.6ms
[335.258s][info][gc,heap        ] GC(1853) Eden regions: 280->0(280)
[335.258s][info][gc,heap        ] GC(1853) Survivor regions: 1->1(36)
[335.258s][info][gc,heap        ] GC(1853) Old regions: 86->86
[335.258s][info][gc,heap        ] GC(1853) Humongous regions: 6->6
[335.258s][info][gc,metaspace   ] GC(1853) Metaspace: 73641K->73641K(1116160K)
[335.258s][info][gc             ] GC(1853) Pause Young (Normal) (G1 Evacuation Pause) 369M->89M(469M) 6.496ms
[335.258s][info][gc,cpu         ] GC(1853) User=0.01s Sys=0.00s Real=0.00s
[335.451s][info][gc,start       ] GC(1854) Pause Young (Normal) (G1 Evacuation Pause)
[335.452s][info][gc,task        ] GC(1854) Using 1 workers of 1 for evacuation
[335.456s][info][gc,phases      ] GC(1854)   Pre Evacuate Collection Set: 0.0ms
[335.456s][info][gc,phases      ] GC(1854)   Evacuate Collection Set: 3.4ms
[335.456s][info][gc,phases      ] GC(1854)   Post Evacuate Collection Set: 0.5ms
[335.456s][info][gc,phases      ] GC(1854)   Other: 0.5ms
[335.456s][info][gc,heap        ] GC(1854) Eden regions: 280->0(280)
[335.456s][info][gc,heap        ] GC(1854) Survivor regions: 1->1(36)
[335.456s][info][gc,heap        ] GC(1854) Old regions: 86->86
[335.456s][info][gc,heap        ] GC(1854) Humongous regions: 6->6
[335.456s][info][gc,metaspace   ] GC(1854) Metaspace: 73641K->73641K(1116160K)
[335.456s][info][gc             ] GC(1854) Pause Young (Normal) (G1 Evacuation Pause) 369M->89M(469M) 4.517ms
[335.456s][info][gc,cpu         ] GC(1854) User=0.01s Sys=0.00s Real=0.00s
[335.638s][info][gc,start       ] GC(1855) Pause Young (Normal) (G1 Evacuation Pause)
[335.638s][info][gc,task        ] GC(1855) Using 1 workers of 1 for evacuation
[335.642s][info][gc,phases      ] GC(1855)   Pre Evacuate Collection Set: 0.0ms
[335.642s][info][gc,phases      ] GC(1855)   Evacuate Collection Set: 3.0ms
[335.642s][info][gc,phases      ] GC(1855)   Post Evacuate Collection Set: 0.5ms
[335.642s][info][gc,phases      ] GC(1855)   Other: 0.3ms
[335.642s][info][gc,heap        ] GC(1855) Eden regions: 280->0(280)
[335.642s][info][gc,heap        ] GC(1855) Survivor regions: 1->1(36)
[335.642s][info][gc,heap        ] GC(1855) Old regions: 86->86
[335.642s][info][gc,heap        ] GC(1855) Humongous regions: 6->6
[335.642s][info][gc,metaspace   ] GC(1855) Metaspace: 73641K->73641K(1116160K)
[335.642s][info][gc             ] GC(1855) Pause Young (Normal) (G1 Evacuation Pause) 369M->89M(469M) 3.880ms
[335.642s][info][gc,cpu         ] GC(1855) User=0.00s Sys=0.00s Real=0.00s
[336.068s][info][gc,start       ] GC(1856) Pause Young (Normal) (G1 Evacuation Pause)
[336.069s][info][gc,task        ] GC(1856) Using 1 workers of 1 for evacuation
[336.073s][info][gc,phases      ] GC(1856)   Pre Evacuate Collection Set: 0.0ms
[336.073s][info][gc,phases      ] GC(1856)   Evacuate Collection Set: 3.4ms
[336.073s][info][gc,phases      ] GC(1856)   Post Evacuate Collection Set: 0.5ms
[336.073s][info][gc,phases      ] GC(1856)   Other: 0.8ms
[336.073s][info][gc,heap        ] GC(1856) Eden regions: 280->0(280)
[336.073s][info][gc,heap        ] GC(1856) Survivor regions: 1->1(36)
[336.073s][info][gc,heap        ] GC(1856) Old regions: 86->86
[336.073s][info][gc,heap        ] GC(1856) Humongous regions: 11->6
[336.073s][info][gc,metaspace   ] GC(1856) Metaspace: 73642K->73642K(1116160K)
[336.073s][info][gc             ] GC(1856) Pause Young (Normal) (G1 Evacuation Pause) 374M->89M(469M) 4.809ms
[336.073s][info][gc,cpu         ] GC(1856) User=0.00s Sys=0.00s Real=0.00s
[336.377s][info][gc,start       ] GC(1857) Pause Young (Normal) (G1 Evacuation Pause)
[336.377s][info][gc,task        ] GC(1857) Using 1 workers of 1 for evacuation
[336.384s][info][gc,phases      ] GC(1857)   Pre Evacuate Collection Set: 0.1ms
[336.384s][info][gc,phases      ] GC(1857)   Evacuate Collection Set: 5.6ms
[336.384s][info][gc,phases      ] GC(1857)   Post Evacuate Collection Set: 0.7ms
[336.384s][info][gc,phases      ] GC(1857)   Other: 0.8ms
[336.384s][info][gc,heap        ] GC(1857) Eden regions: 280->0(280)
[336.384s][info][gc,heap        ] GC(1857) Survivor regions: 1->1(36)
[336.384s][info][gc,heap        ] GC(1857) Old regions: 86->86
[336.384s][info][gc,heap        ] GC(1857) Humongous regions: 6->6
[336.384s][info][gc,metaspace   ] GC(1857) Metaspace: 73642K->73642K(1116160K)
[336.384s][info][gc             ] GC(1857) Pause Young (Normal) (G1 Evacuation Pause) 369M->89M(469M) 7.337ms
[336.385s][info][gc,cpu         ] GC(1857) User=0.01s Sys=0.00s Real=0.01s
[336.551s][info][gc,start       ] GC(1858) Pause Young (Normal) (G1 Evacuation Pause)
[336.551s][info][gc,task        ] GC(1858) Using 1 workers of 1 for evacuation
[336.554s][info][gc,phases      ] GC(1858)   Pre Evacuate Collection Set: 0.0ms
[336.555s][info][gc,phases      ] GC(1858)   Evacuate Collection Set: 2.9ms
[336.555s][info][gc,phases      ] GC(1858)   Post Evacuate Collection Set: 0.4ms
[336.555s][info][gc,phases      ] GC(1858)   Other: 0.3ms
[336.555s][info][gc,heap        ] GC(1858) Eden regions: 280->0(280)
[336.555s][info][gc,heap        ] GC(1858) Survivor regions: 1->1(36)
[336.555s][info][gc,heap        ] GC(1858) Old regions: 86->86
[336.555s][info][gc,heap        ] GC(1858) Humongous regions: 6->6
[336.555s][info][gc,metaspace   ] GC(1858) Metaspace: 73642K->73642K(1116160K)
[336.555s][info][gc             ] GC(1858) Pause Young (Normal) (G1 Evacuation Pause) 369M->89M(469M) 3.678ms
[336.555s][info][gc,cpu         ] GC(1858) User=0.00s Sys=0.00s Real=0.00s
[336.698s][info][gc,start       ] GC(1859) Pause Young (Normal) (G1 Evacuation Pause)
[336.699s][info][gc,task        ] GC(1859) Using 1 workers of 1 for evacuation
[336.702s][info][gc,phases      ] GC(1859)   Pre Evacuate Collection Set: 0.0ms
[336.702s][info][gc,phases      ] GC(1859)   Evacuate Collection Set: 3.0ms
[336.702s][info][gc,phases      ] GC(1859)   Post Evacuate Collection Set: 0.4ms
[336.702s][info][gc,phases      ] GC(1859)   Other: 0.5ms
[336.702s][info][gc,heap        ] GC(1859) Eden regions: 280->0(280)
[336.702s][info][gc,heap        ] GC(1859) Survivor regions: 1->1(36)
[336.702s][info][gc,heap        ] GC(1859) Old regions: 86->86
[336.702s][info][gc,heap        ] GC(1859) Humongous regions: 6->6
[336.702s][info][gc,metaspace   ] GC(1859) Metaspace: 73642K->73642K(1116160K)
[336.702s][info][gc             ] GC(1859) Pause Young (Normal) (G1 Evacuation Pause) 369M->89M(469M) 3.920ms
[336.702s][info][gc,cpu         ] GC(1859) User=0.00s Sys=0.00s Real=0.00s
[336.951s][info][gc,start       ] GC(1860) Pause Young (Normal) (G1 Evacuation Pause)
[336.951s][info][gc,task        ] GC(1860) Using 1 workers of 1 for evacuation
[336.958s][info][gc,phases      ] GC(1860)   Pre Evacuate Collection Set: 0.0ms
[336.958s][info][gc,phases      ] GC(1860)   Evacuate Collection Set: 5.3ms
[336.958s][info][gc,phases      ] GC(1860)   Post Evacuate Collection Set: 0.4ms
[336.958s][info][gc,phases      ] GC(1860)   Other: 0.6ms
[336.958s][info][gc,heap        ] GC(1860) Eden regions: 280->0(280)
[336.958s][info][gc,heap        ] GC(1860) Survivor regions: 1->1(36)
[336.958s][info][gc,heap        ] GC(1860) Old regions: 86->86
[336.958s][info][gc,heap        ] GC(1860) Humongous regions: 6->6
[336.958s][info][gc,metaspace   ] GC(1860) Metaspace: 73642K->73642K(1116160K)
[336.958s][info][gc             ] GC(1860) Pause Young (Normal) (G1 Evacuation Pause) 369M->89M(469M) 6.378ms
[336.958s][info][gc,cpu         ] GC(1860) User=0.01s Sys=0.00s Real=0.00s
[337.149s][info][gc,start       ] GC(1861) Pause Young (Normal) (G1 Evacuation Pause)
[337.149s][info][gc,task        ] GC(1861) Using 1 workers of 1 for evacuation
[337.153s][info][gc,phases      ] GC(1861)   Pre Evacuate Collection Set: 0.0ms
[337.153s][info][gc,phases      ] GC(1861)   Evacuate Collection Set: 3.4ms
[337.153s][info][gc,phases      ] GC(1861)   Post Evacuate Collection Set: 0.4ms
[337.153s][info][gc,phases      ] GC(1861)   Other: 0.6ms
[337.153s][info][gc,heap        ] GC(1861) Eden regions: 280->0(280)
[337.153s][info][gc,heap        ] GC(1861) Survivor regions: 1->1(36)
[337.153s][info][gc,heap        ] GC(1861) Old regions: 86->86
[337.153s][info][gc,heap        ] GC(1861) Humongous regions: 11->6
[337.153s][info][gc,metaspace   ] GC(1861) Metaspace: 73643K->73643K(1116160K)
[337.153s][info][gc             ] GC(1861) Pause Young (Normal) (G1 Evacuation Pause) 374M->89M(469M) 4.499ms
[337.153s][info][gc,cpu         ] GC(1861) User=0.00s Sys=0.00s Real=0.00s
[337.353s][info][gc,start       ] GC(1862) Pause Young (Normal) (G1 Evacuation Pause)
[337.353s][info][gc,task        ] GC(1862) Using 1 workers of 1 for evacuation
[337.358s][info][gc,phases      ] GC(1862)   Pre Evacuate Collection Set: 0.0ms
[337.358s][info][gc,phases      ] GC(1862)   Evacuate Collection Set: 3.6ms
[337.358s][info][gc,phases      ] GC(1862)   Post Evacuate Collection Set: 0.9ms
[337.358s][info][gc,phases      ] GC(1862)   Other: 0.6ms
[337.358s][info][gc,heap        ] GC(1862) Eden regions: 280->0(280)
[337.358s][info][gc,heap        ] GC(1862) Survivor regions: 1->1(36)
[337.358s][info][gc,heap        ] GC(1862) Old regions: 86->86
[337.358s][info][gc,heap        ] GC(1862) Humongous regions: 6->6
[337.358s][info][gc,metaspace   ] GC(1862) Metaspace: 73643K->73643K(1116160K)
[337.358s][info][gc             ] GC(1862) Pause Young (Normal) (G1 Evacuation Pause) 369M->89M(469M) 5.144ms
[337.358s][info][gc,cpu         ] GC(1862) User=0.01s Sys=0.00s Real=0.00s
[337.576s][info][gc,start       ] GC(1863) Pause Young (Normal) (G1 Evacuation Pause)
[337.576s][info][gc,task        ] GC(1863) Using 1 workers of 1 for evacuation
[337.582s][info][gc,phases      ] GC(1863)   Pre Evacuate Collection Set: 0.0ms
[337.582s][info][gc,phases      ] GC(1863)   Evacuate Collection Set: 4.6ms
[337.582s][info][gc,phases      ] GC(1863)   Post Evacuate Collection Set: 1.2ms
[337.582s][info][gc,phases      ] GC(1863)   Other: 0.5ms
[337.582s][info][gc,heap        ] GC(1863) Eden regions: 280->0(280)
[337.582s][info][gc,heap        ] GC(1863) Survivor regions: 1->1(36)
[337.582s][info][gc,heap        ] GC(1863) Old regions: 86->86
[337.582s][info][gc,heap        ] GC(1863) Humongous regions: 6->6
[337.582s][info][gc,metaspace   ] GC(1863) Metaspace: 73643K->73643K(1116160K)
[337.582s][info][gc             ] GC(1863) Pause Young (Normal) (G1 Evacuation Pause) 369M->89M(469M) 6.555ms
[337.582s][info][gc,cpu         ] GC(1863) User=0.01s Sys=0.01s Real=0.01s
[337.758s][info][gc,start       ] GC(1864) Pause Young (Normal) (G1 Evacuation Pause)
[337.758s][info][gc,task        ] GC(1864) Using 1 workers of 1 for evacuation
[337.761s][info][gc,phases      ] GC(1864)   Pre Evacuate Collection Set: 0.0ms
[337.761s][info][gc,phases      ] GC(1864)   Evacuate Collection Set: 3.0ms
[337.761s][info][gc,phases      ] GC(1864)   Post Evacuate Collection Set: 0.4ms
[337.761s][info][gc,phases      ] GC(1864)   Other: 0.4ms
[337.761s][info][gc,heap        ] GC(1864) Eden regions: 280->0(280)
[337.761s][info][gc,heap        ] GC(1864) Survivor regions: 1->1(36)
[337.761s][info][gc,heap        ] GC(1864) Old regions: 86->86
[337.761s][info][gc,heap        ] GC(1864) Humongous regions: 6->6
[337.761s][info][gc,metaspace   ] GC(1864) Metaspace: 73643K->73643K(1116160K)
[337.762s][info][gc             ] GC(1864) Pause Young (Normal) (G1 Evacuation Pause) 369M->89M(469M) 3.957ms
[337.762s][info][gc,cpu         ] GC(1864) User=0.01s Sys=0.00s Real=0.01s
[338.109s][info][gc,start       ] GC(1865) Pause Young (Normal) (G1 Evacuation Pause)
[338.109s][info][gc,task        ] GC(1865) Using 1 workers of 1 for evacuation
[338.113s][info][gc,phases      ] GC(1865)   Pre Evacuate Collection Set: 0.0ms
[338.113s][info][gc,phases      ] GC(1865)   Evacuate Collection Set: 3.1ms
[338.113s][info][gc,phases      ] GC(1865)   Post Evacuate Collection Set: 0.4ms
[338.113s][info][gc,phases      ] GC(1865)   Other: 0.5ms
[338.113s][info][gc,heap        ] GC(1865) Eden regions: 280->0(280)
[338.113s][info][gc,heap        ] GC(1865) Survivor regions: 1->1(36)
[338.113s][info][gc,heap        ] GC(1865) Old regions: 86->86
[338.113s][info][gc,heap        ] GC(1865) Humongous regions: 6->6
[338.113s][info][gc,metaspace   ] GC(1865) Metaspace: 73643K->73643K(1116160K)
[338.113s][info][gc             ] GC(1865) Pause Young (Normal) (G1 Evacuation Pause) 369M->89M(469M) 4.033ms
[338.113s][info][gc,cpu         ] GC(1865) User=0.00s Sys=0.00s Real=0.00s
[338.509s][info][gc,start       ] GC(1866) Pause Young (Normal) (G1 Evacuation Pause)
[338.509s][info][gc,task        ] GC(1866) Using 1 workers of 1 for evacuation
[338.521s][info][gc,phases      ] GC(1866)   Pre Evacuate Collection Set: 0.1ms
[338.521s][info][gc,phases      ] GC(1866)   Evacuate Collection Set: 10.0ms
[338.521s][info][gc,phases      ] GC(1866)   Post Evacuate Collection Set: 0.9ms
[338.521s][info][gc,phases      ] GC(1866)   Other: 0.7ms
[338.521s][info][gc,heap        ] GC(1866) Eden regions: 280->0(280)
[338.521s][info][gc,heap        ] GC(1866) Survivor regions: 1->1(36)
[338.521s][info][gc,heap        ] GC(1866) Old regions: 86->86
[338.521s][info][gc,heap        ] GC(1866) Humongous regions: 11->6
[338.521s][info][gc,metaspace   ] GC(1866) Metaspace: 73643K->73643K(1116160K)
[338.521s][info][gc             ] GC(1866) Pause Young (Normal) (G1 Evacuation Pause) 374M->89M(469M) 11.875ms
[338.521s][info][gc,cpu         ] GC(1866) User=0.01s Sys=0.00s Real=0.01s
[338.668s][info][gc,start       ] GC(1867) Pause Young (Normal) (G1 Evacuation Pause)
[338.668s][info][gc,task        ] GC(1867) Using 1 workers of 1 for evacuation
[338.672s][info][gc,phases      ] GC(1867)   Pre Evacuate Collection Set: 0.0ms
[338.672s][info][gc,phases      ] GC(1867)   Evacuate Collection Set: 3.2ms
[338.672s][info][gc,phases      ] GC(1867)   Post Evacuate Collection Set: 0.4ms
[338.672s][info][gc,phases      ] GC(1867)   Other: 0.4ms
[338.672s][info][gc,heap        ] GC(1867) Eden regions: 280->0(280)
[338.672s][info][gc,heap        ] GC(1867) Survivor regions: 1->1(36)
[338.672s][info][gc,heap        ] GC(1867) Old regions: 86->86
[338.672s][info][gc,heap        ] GC(1867) Humongous regions: 6->6
[338.672s][info][gc,metaspace   ] GC(1867) Metaspace: 73643K->73643K(1116160K)
[338.672s][info][gc             ] GC(1867) Pause Young (Normal) (G1 Evacuation Pause) 369M->89M(469M) 4.060ms
[338.672s][info][gc,cpu         ] GC(1867) User=0.01s Sys=0.00s Real=0.00s
[339.021s][info][gc,start       ] GC(1868) Pause Young (Normal) (G1 Evacuation Pause)
[339.021s][info][gc,task        ] GC(1868) Using 1 workers of 1 for evacuation
[339.026s][info][gc,phases      ] GC(1868)   Pre Evacuate Collection Set: 0.0ms
[339.026s][info][gc,phases      ] GC(1868)   Evacuate Collection Set: 3.8ms
[339.026s][info][gc,phases      ] GC(1868)   Post Evacuate Collection Set: 0.4ms
[339.026s][info][gc,phases      ] GC(1868)   Other: 0.4ms
[339.026s][info][gc,heap        ] GC(1868) Eden regions: 280->0(280)
[339.026s][info][gc,heap        ] GC(1868) Survivor regions: 1->1(36)
[339.026s][info][gc,heap        ] GC(1868) Old regions: 86->86
[339.026s][info][gc,heap        ] GC(1868) Humongous regions: 6->6
[339.026s][info][gc,metaspace   ] GC(1868) Metaspace: 73643K->73643K(1116160K)
[339.026s][info][gc             ] GC(1868) Pause Young (Normal) (G1 Evacuation Pause) 369M->89M(469M) 4.748ms
[339.026s][info][gc,cpu         ] GC(1868) User=0.00s Sys=0.00s Real=0.00s
[339.351s][info][gc,start       ] GC(1869) Pause Young (Normal) (G1 Evacuation Pause)
[339.351s][info][gc,task        ] GC(1869) Using 1 workers of 1 for evacuation
[339.361s][info][gc,phases      ] GC(1869)   Pre Evacuate Collection Set: 0.1ms
[339.361s][info][gc,phases      ] GC(1869)   Evacuate Collection Set: 8.0ms
[339.361s][info][gc,phases      ] GC(1869)   Post Evacuate Collection Set: 0.9ms
[339.361s][info][gc,phases      ] GC(1869)   Other: 0.8ms
[339.361s][info][gc,heap        ] GC(1869) Eden regions: 280->0(280)
[339.361s][info][gc,heap        ] GC(1869) Survivor regions: 1->1(36)
[339.361s][info][gc,heap        ] GC(1869) Old regions: 86->86
[339.361s][info][gc,heap        ] GC(1869) Humongous regions: 6->6
[339.361s][info][gc,metaspace   ] GC(1869) Metaspace: 73643K->73643K(1116160K)
[339.361s][info][gc             ] GC(1869) Pause Young (Normal) (G1 Evacuation Pause) 369M->89M(469M) 9.849ms
[339.361s][info][gc,cpu         ] GC(1869) User=0.01s Sys=0.00s Real=0.01s
[339.548s][info][gc,start       ] GC(1870) Pause Young (Normal) (G1 Evacuation Pause)
[339.548s][info][gc,task        ] GC(1870) Using 1 workers of 1 for evacuation
[339.552s][info][gc,phases      ] GC(1870)   Pre Evacuate Collection Set: 0.0ms
[339.552s][info][gc,phases      ] GC(1870)   Evacuate Collection Set: 3.1ms
[339.552s][info][gc,phases      ] GC(1870)   Post Evacuate Collection Set: 0.4ms
[339.552s][info][gc,phases      ] GC(1870)   Other: 0.4ms
[339.552s][info][gc,heap        ] GC(1870) Eden regions: 280->0(280)
[339.552s][info][gc,heap        ] GC(1870) Survivor regions: 1->1(36)
[339.552s][info][gc,heap        ] GC(1870) Old regions: 86->86
[339.552s][info][gc,heap        ] GC(1870) Humongous regions: 6->6
[339.552s][info][gc,metaspace   ] GC(1870) Metaspace: 73643K->73643K(1116160K)
[339.552s][info][gc             ] GC(1870) Pause Young (Normal) (G1 Evacuation Pause) 369M->89M(469M) 4.001ms
[339.552s][info][gc,cpu         ] GC(1870) User=0.01s Sys=0.00s Real=0.00s
[339.807s][info][gc,start       ] GC(1871) Pause Young (Normal) (G1 Evacuation Pause)
[339.808s][info][gc,task        ] GC(1871) Using 1 workers of 1 for evacuation
[339.817s][info][gc,phases      ] GC(1871)   Pre Evacuate Collection Set: 0.1ms
[339.817s][info][gc,phases      ] GC(1871)   Evacuate Collection Set: 8.2ms
[339.817s][info][gc,phases      ] GC(1871)   Post Evacuate Collection Set: 0.9ms
[339.817s][info][gc,phases      ] GC(1871)   Other: 0.9ms
[339.817s][info][gc,heap        ] GC(1871) Eden regions: 280->0(280)
[339.817s][info][gc,heap        ] GC(1871) Survivor regions: 1->1(36)
[339.817s][info][gc,heap        ] GC(1871) Old regions: 86->86
[339.817s][info][gc,heap        ] GC(1871) Humongous regions: 6->6
[339.817s][info][gc,metaspace   ] GC(1871) Metaspace: 73643K->73643K(1116160K)
[339.817s][info][gc             ] GC(1871) Pause Young (Normal) (G1 Evacuation Pause) 369M->89M(469M) 10.188ms
[339.818s][info][gc,cpu         ] GC(1871) User=0.01s Sys=0.00s Real=0.00s
[340.197s][info][gc,start       ] GC(1872) Pause Young (Normal) (G1 Evacuation Pause)
[340.198s][info][gc,task        ] GC(1872) Using 1 workers of 1 for evacuation
[340.201s][info][gc,phases      ] GC(1872)   Pre Evacuate Collection Set: 0.0ms
[340.201s][info][gc,phases      ] GC(1872)   Evacuate Collection Set: 3.0ms
[340.201s][info][gc,phases      ] GC(1872)   Post Evacuate Collection Set: 0.4ms
[340.201s][info][gc,phases      ] GC(1872)   Other: 0.4ms
[340.201s][info][gc,heap        ] GC(1872) Eden regions: 280->0(280)
[340.201s][info][gc,heap        ] GC(1872) Survivor regions: 1->1(36)
[340.201s][info][gc,heap        ] GC(1872) Old regions: 86->86
[340.201s][info][gc,heap        ] GC(1872) Humongous regions: 11->6
[340.201s][info][gc,metaspace   ] GC(1872) Metaspace: 73643K->73643K(1116160K)
[340.201s][info][gc             ] GC(1872) Pause Young (Normal) (G1 Evacuation Pause) 374M->89M(469M) 3.957ms
[340.201s][info][gc,cpu         ] GC(1872) User=0.01s Sys=0.00s Real=0.01s
[340.369s][info][gc,start       ] GC(1873) Pause Young (Normal) (G1 Evacuation Pause)
[340.369s][info][gc,task        ] GC(1873) Using 1 workers of 1 for evacuation
[340.374s][info][gc,phases      ] GC(1873)   Pre Evacuate Collection Set: 0.0ms
[340.374s][info][gc,phases      ] GC(1873)   Evacuate Collection Set: 3.9ms
[340.374s][info][gc,phases      ] GC(1873)   Post Evacuate Collection Set: 0.4ms
[340.374s][info][gc,phases      ] GC(1873)   Other: 0.5ms
[340.374s][info][gc,heap        ] GC(1873) Eden regions: 280->0(280)
[340.374s][info][gc,heap        ] GC(1873) Survivor regions: 1->1(36)
[340.374s][info][gc,heap        ] GC(1873) Old regions: 86->86
[340.374s][info][gc,heap        ] GC(1873) Humongous regions: 6->6
[340.374s][info][gc,metaspace   ] GC(1873) Metaspace: 73643K->73643K(1116160K)
[340.374s][info][gc             ] GC(1873) Pause Young (Normal) (G1 Evacuation Pause) 369M->89M(469M) 4.882ms
[340.374s][info][gc,cpu         ] GC(1873) User=0.01s Sys=0.00s Real=0.00s
[340.523s][info][gc,start       ] GC(1874) Pause Young (Normal) (G1 Evacuation Pause)
[340.523s][info][gc,task        ] GC(1874) Using 1 workers of 1 for evacuation
[340.527s][info][gc,phases      ] GC(1874)   Pre Evacuate Collection Set: 0.0ms
[340.527s][info][gc,phases      ] GC(1874)   Evacuate Collection Set: 3.0ms
[340.527s][info][gc,phases      ] GC(1874)   Post Evacuate Collection Set: 0.4ms
[340.527s][info][gc,phases      ] GC(1874)   Other: 0.4ms
[340.527s][info][gc,heap        ] GC(1874) Eden regions: 280->0(280)
[340.527s][info][gc,heap        ] GC(1874) Survivor regions: 1->1(36)
[340.527s][info][gc,heap        ] GC(1874) Old regions: 86->86
[340.527s][info][gc,heap        ] GC(1874) Humongous regions: 6->6
[340.527s][info][gc,metaspace   ] GC(1874) Metaspace: 73643K->73643K(1116160K)
[340.527s][info][gc             ] GC(1874) Pause Young (Normal) (G1 Evacuation Pause) 369M->89M(469M) 3.946ms
[340.527s][info][gc,cpu         ] GC(1874) User=0.00s Sys=0.00s Real=0.01s
[340.702s][info][gc,start       ] GC(1875) Pause Young (Normal) (G1 Evacuation Pause)
[340.702s][info][gc,task        ] GC(1875) Using 1 workers of 1 for evacuation
[340.706s][info][gc,phases      ] GC(1875)   Pre Evacuate Collection Set: 0.1ms
[340.706s][info][gc,phases      ] GC(1875)   Evacuate Collection Set: 3.0ms
[340.706s][info][gc,phases      ] GC(1875)   Post Evacuate Collection Set: 0.4ms
[340.706s][info][gc,phases      ] GC(1875)   Other: 0.4ms
[340.706s][info][gc,heap        ] GC(1875) Eden regions: 280->0(280)
[340.706s][info][gc,heap        ] GC(1875) Survivor regions: 1->1(36)
[340.706s][info][gc,heap        ] GC(1875) Old regions: 86->86
[340.706s][info][gc,heap        ] GC(1875) Humongous regions: 6->6
[340.706s][info][gc,metaspace   ] GC(1875) Metaspace: 73643K->73643K(1116160K)
[340.706s][info][gc             ] GC(1875) Pause Young (Normal) (G1 Evacuation Pause) 369M->89M(469M) 3.871ms
[340.706s][info][gc,cpu         ] GC(1875) User=0.00s Sys=0.00s Real=0.00s
[340.874s][info][gc,start       ] GC(1876) Pause Young (Normal) (G1 Evacuation Pause)
[340.874s][info][gc,task        ] GC(1876) Using 1 workers of 1 for evacuation
[340.877s][info][gc,phases      ] GC(1876)   Pre Evacuate Collection Set: 0.0ms
[340.877s][info][gc,phases      ] GC(1876)   Evacuate Collection Set: 2.9ms
[340.877s][info][gc,phases      ] GC(1876)   Post Evacuate Collection Set: 0.5ms
[340.877s][info][gc,phases      ] GC(1876)   Other: 0.4ms
[340.877s][info][gc,heap        ] GC(1876) Eden regions: 280->0(280)
[340.877s][info][gc,heap        ] GC(1876) Survivor regions: 1->1(36)
[340.877s][info][gc,heap        ] GC(1876) Old regions: 86->86
[340.877s][info][gc,heap        ] GC(1876) Humongous regions: 6->6
[340.877s][info][gc,metaspace   ] GC(1876) Metaspace: 73643K->73643K(1116160K)
[340.877s][info][gc             ] GC(1876) Pause Young (Normal) (G1 Evacuation Pause) 369M->89M(469M) 3.872ms
[340.877s][info][gc,cpu         ] GC(1876) User=0.01s Sys=0.00s Real=0.00s
[341.099s][info][gc,start       ] GC(1877) Pause Young (Normal) (G1 Evacuation Pause)
[341.099s][info][gc,task        ] GC(1877) Using 1 workers of 1 for evacuation
[341.103s][info][gc,phases      ] GC(1877)   Pre Evacuate Collection Set: 0.0ms
[341.103s][info][gc,phases      ] GC(1877)   Evacuate Collection Set: 3.3ms
[341.103s][info][gc,phases      ] GC(1877)   Post Evacuate Collection Set: 0.4ms
[341.103s][info][gc,phases      ] GC(1877)   Other: 1.0ms
[341.103s][info][gc,heap        ] GC(1877) Eden regions: 280->0(280)
[341.103s][info][gc,heap        ] GC(1877) Survivor regions: 1->1(36)
[341.103s][info][gc,heap        ] GC(1877) Old regions: 86->86
[341.103s][info][gc,heap        ] GC(1877) Humongous regions: 11->6
[341.103s][info][gc,metaspace   ] GC(1877) Metaspace: 73646K->73646K(1116160K)
[341.103s][info][gc             ] GC(1877) Pause Young (Normal) (G1 Evacuation Pause) 374M->89M(469M) 4.797ms
[341.104s][info][gc,cpu         ] GC(1877) User=0.00s Sys=0.00s Real=0.00s
[341.258s][info][gc,start       ] GC(1878) Pause Young (Normal) (G1 Evacuation Pause)
[341.258s][info][gc,task        ] GC(1878) Using 1 workers of 1 for evacuation
[341.262s][info][gc,phases      ] GC(1878)   Pre Evacuate Collection Set: 0.0ms
[341.262s][info][gc,phases      ] GC(1878)   Evacuate Collection Set: 3.5ms
[341.262s][info][gc,phases      ] GC(1878)   Post Evacuate Collection Set: 0.5ms
[341.262s][info][gc,phases      ] GC(1878)   Other: 0.4ms
[341.262s][info][gc,heap        ] GC(1878) Eden regions: 280->0(280)
[341.262s][info][gc,heap        ] GC(1878) Survivor regions: 1->1(36)
[341.262s][info][gc,heap        ] GC(1878) Old regions: 86->86
[341.262s][info][gc,heap        ] GC(1878) Humongous regions: 6->6
[341.262s][info][gc,metaspace   ] GC(1878) Metaspace: 73646K->73646K(1116160K)
[341.262s][info][gc             ] GC(1878) Pause Young (Normal) (G1 Evacuation Pause) 369M->89M(469M) 4.341ms
[341.262s][info][gc,cpu         ] GC(1878) User=0.01s Sys=0.00s Real=0.01s
[341.498s][info][gc,start       ] GC(1879) Pause Young (Normal) (G1 Evacuation Pause)
[341.498s][info][gc,task        ] GC(1879) Using 1 workers of 1 for evacuation
[341.502s][info][gc,phases      ] GC(1879)   Pre Evacuate Collection Set: 0.0ms
[341.502s][info][gc,phases      ] GC(1879)   Evacuate Collection Set: 3.3ms
[341.502s][info][gc,phases      ] GC(1879)   Post Evacuate Collection Set: 0.6ms
[341.502s][info][gc,phases      ] GC(1879)   Other: 0.8ms
[341.502s][info][gc,heap        ] GC(1879) Eden regions: 280->0(280)
[341.502s][info][gc,heap        ] GC(1879) Survivor regions: 1->1(36)
[341.502s][info][gc,heap        ] GC(1879) Old regions: 86->86
[341.502s][info][gc,heap        ] GC(1879) Humongous regions: 6->6
[341.502s][info][gc,metaspace   ] GC(1879) Metaspace: 73646K->73646K(1116160K)
[341.502s][info][gc             ] GC(1879) Pause Young (Normal) (G1 Evacuation Pause) 369M->89M(469M) 4.694ms
[341.503s][info][gc,cpu         ] GC(1879) User=0.01s Sys=0.00s Real=0.01s
[341.729s][info][gc,start       ] GC(1880) Pause Young (Normal) (G1 Evacuation Pause)
[341.729s][info][gc,task        ] GC(1880) Using 1 workers of 1 for evacuation
[341.733s][info][gc,phases      ] GC(1880)   Pre Evacuate Collection Set: 0.0ms
[341.734s][info][gc,phases      ] GC(1880)   Evacuate Collection Set: 3.8ms
[341.734s][info][gc,phases      ] GC(1880)   Post Evacuate Collection Set: 0.6ms
[341.734s][info][gc,phases      ] GC(1880)   Other: 0.4ms
[341.734s][info][gc,heap        ] GC(1880) Eden regions: 280->0(280)
[341.734s][info][gc,heap        ] GC(1880) Survivor regions: 1->1(36)
[341.734s][info][gc,heap        ] GC(1880) Old regions: 86->86
[341.734s][info][gc,heap        ] GC(1880) Humongous regions: 6->6
[341.734s][info][gc,metaspace   ] GC(1880) Metaspace: 73646K->73646K(1116160K)
[341.734s][info][gc             ] GC(1880) Pause Young (Normal) (G1 Evacuation Pause) 369M->89M(469M) 5.057ms
[341.734s][info][gc,cpu         ] GC(1880) User=0.01s Sys=0.00s Real=0.00s
[341.914s][info][gc,start       ] GC(1881) Pause Young (Normal) (G1 Evacuation Pause)
[341.914s][info][gc,task        ] GC(1881) Using 1 workers of 1 for evacuation
[341.918s][info][gc,phases      ] GC(1881)   Pre Evacuate Collection Set: 0.1ms
[341.918s][info][gc,phases      ] GC(1881)   Evacuate Collection Set: 3.4ms
[341.918s][info][gc,phases      ] GC(1881)   Post Evacuate Collection Set: 0.4ms
[341.918s][info][gc,phases      ] GC(1881)   Other: 0.7ms
[341.918s][info][gc,heap        ] GC(1881) Eden regions: 280->0(280)
[341.918s][info][gc,heap        ] GC(1881) Survivor regions: 1->1(36)
[341.918s][info][gc,heap        ] GC(1881) Old regions: 86->86
[341.918s][info][gc,heap        ] GC(1881) Humongous regions: 6->6
[341.918s][info][gc,metaspace   ] GC(1881) Metaspace: 73646K->73646K(1116160K)
[341.918s][info][gc             ] GC(1881) Pause Young (Normal) (G1 Evacuation Pause) 369M->89M(469M) 4.622ms
[341.919s][info][gc,cpu         ] GC(1881) User=0.00s Sys=0.00s Real=0.01s
[342.103s][info][gc,start       ] GC(1882) Pause Young (Normal) (G1 Evacuation Pause)
[342.103s][info][gc,task        ] GC(1882) Using 1 workers of 1 for evacuation
[342.108s][info][gc,phases      ] GC(1882)   Pre Evacuate Collection Set: 0.0ms
[342.108s][info][gc,phases      ] GC(1882)   Evacuate Collection Set: 3.2ms
[342.108s][info][gc,phases      ] GC(1882)   Post Evacuate Collection Set: 0.9ms
[342.108s][info][gc,phases      ] GC(1882)   Other: 0.4ms
[342.108s][info][gc,heap        ] GC(1882) Eden regions: 280->0(280)
[342.108s][info][gc,heap        ] GC(1882) Survivor regions: 1->1(36)
[342.108s][info][gc,heap        ] GC(1882) Old regions: 86->86
[342.108s][info][gc,heap        ] GC(1882) Humongous regions: 6->6
[342.108s][info][gc,metaspace   ] GC(1882) Metaspace: 73646K->73646K(1116160K)
[342.108s][info][gc             ] GC(1882) Pause Young (Normal) (G1 Evacuation Pause) 369M->89M(469M) 4.557ms
[342.108s][info][gc,cpu         ] GC(1882) User=0.00s Sys=0.00s Real=0.01s
[342.292s][info][gc,start       ] GC(1883) Pause Young (Normal) (G1 Evacuation Pause)
[342.292s][info][gc,task        ] GC(1883) Using 1 workers of 1 for evacuation
[342.298s][info][gc,phases      ] GC(1883)   Pre Evacuate Collection Set: 0.0ms
[342.298s][info][gc,phases      ] GC(1883)   Evacuate Collection Set: 4.4ms
[342.298s][info][gc,phases      ] GC(1883)   Post Evacuate Collection Set: 0.7ms
[342.298s][info][gc,phases      ] GC(1883)   Other: 0.5ms
[342.298s][info][gc,heap        ] GC(1883) Eden regions: 280->0(280)
[342.298s][info][gc,heap        ] GC(1883) Survivor regions: 1->1(36)
[342.298s][info][gc,heap        ] GC(1883) Old regions: 86->86
[342.298s][info][gc,heap        ] GC(1883) Humongous regions: 11->6
[342.298s][info][gc,metaspace   ] GC(1883) Metaspace: 73646K->73646K(1116160K)
[342.298s][info][gc             ] GC(1883) Pause Young (Normal) (G1 Evacuation Pause) 374M->89M(469M) 5.709ms
[342.298s][info][gc,cpu         ] GC(1883) User=0.00s Sys=0.00s Real=0.00s
[342.505s][info][gc,start       ] GC(1884) Pause Young (Normal) (G1 Evacuation Pause)
[342.505s][info][gc,task        ] GC(1884) Using 1 workers of 1 for evacuation
[342.509s][info][gc,phases      ] GC(1884)   Pre Evacuate Collection Set: 0.0ms
[342.509s][info][gc,phases      ] GC(1884)   Evacuate Collection Set: 3.1ms
[342.509s][info][gc,phases      ] GC(1884)   Post Evacuate Collection Set: 0.4ms
[342.509s][info][gc,phases      ] GC(1884)   Other: 0.5ms
[342.509s][info][gc,heap        ] GC(1884) Eden regions: 280->0(280)
[342.509s][info][gc,heap        ] GC(1884) Survivor regions: 1->1(36)
[342.509s][info][gc,heap        ] GC(1884) Old regions: 86->86
[342.509s][info][gc,heap        ] GC(1884) Humongous regions: 6->6
[342.509s][info][gc,metaspace   ] GC(1884) Metaspace: 73646K->73646K(1116160K)
[342.509s][info][gc             ] GC(1884) Pause Young (Normal) (G1 Evacuation Pause) 369M->89M(469M) 4.167ms
[342.509s][info][gc,cpu         ] GC(1884) User=0.00s Sys=0.00s Real=0.01s
[342.731s][info][gc,start       ] GC(1885) Pause Young (Normal) (G1 Evacuation Pause)
[342.731s][info][gc,task        ] GC(1885) Using 1 workers of 1 for evacuation
[342.736s][info][gc,phases      ] GC(1885)   Pre Evacuate Collection Set: 0.0ms
[342.736s][info][gc,phases      ] GC(1885)   Evacuate Collection Set: 3.6ms
[342.736s][info][gc,phases      ] GC(1885)   Post Evacuate Collection Set: 0.4ms
[342.736s][info][gc,phases      ] GC(1885)   Other: 0.7ms
[342.736s][info][gc,heap        ] GC(1885) Eden regions: 280->0(280)
[342.736s][info][gc,heap        ] GC(1885) Survivor regions: 1->1(36)
[342.736s][info][gc,heap        ] GC(1885) Old regions: 86->86
[342.736s][info][gc,heap        ] GC(1885) Humongous regions: 6->6
[342.736s][info][gc,metaspace   ] GC(1885) Metaspace: 73646K->73646K(1116160K)
[342.736s][info][gc             ] GC(1885) Pause Young (Normal) (G1 Evacuation Pause) 369M->89M(469M) 4.776ms
[342.736s][info][gc,cpu         ] GC(1885) User=0.01s Sys=0.00s Real=0.00s
[342.957s][info][gc,start       ] GC(1886) Pause Young (Normal) (G1 Evacuation Pause)
[342.957s][info][gc,task        ] GC(1886) Using 1 workers of 1 for evacuation
[342.961s][info][gc,phases      ] GC(1886)   Pre Evacuate Collection Set: 0.0ms
[342.961s][info][gc,phases      ] GC(1886)   Evacuate Collection Set: 3.4ms
[342.961s][info][gc,phases      ] GC(1886)   Post Evacuate Collection Set: 0.5ms
[342.961s][info][gc,phases      ] GC(1886)   Other: 0.5ms
[342.961s][info][gc,heap        ] GC(1886) Eden regions: 280->0(280)
[342.961s][info][gc,heap        ] GC(1886) Survivor regions: 1->1(36)
[342.961s][info][gc,heap        ] GC(1886) Old regions: 86->86
[342.961s][info][gc,heap        ] GC(1886) Humongous regions: 6->6
[342.961s][info][gc,metaspace   ] GC(1886) Metaspace: 73646K->73646K(1116160K)
[342.961s][info][gc             ] GC(1886) Pause Young (Normal) (G1 Evacuation Pause) 369M->89M(469M) 4.492ms
[342.961s][info][gc,cpu         ] GC(1886) User=0.00s Sys=0.00s Real=0.01s
[343.121s][info][gc,start       ] GC(1887) Pause Young (Normal) (G1 Evacuation Pause)
[343.121s][info][gc,task        ] GC(1887) Using 1 workers of 1 for evacuation
[343.125s][info][gc,phases      ] GC(1887)   Pre Evacuate Collection Set: 0.0ms
[343.125s][info][gc,phases      ] GC(1887)   Evacuate Collection Set: 3.3ms
[343.125s][info][gc,phases      ] GC(1887)   Post Evacuate Collection Set: 0.5ms
[343.125s][info][gc,phases      ] GC(1887)   Other: 0.3ms
[343.125s][info][gc,heap        ] GC(1887) Eden regions: 280->0(280)
[343.125s][info][gc,heap        ] GC(1887) Survivor regions: 1->1(36)
[343.125s][info][gc,heap        ] GC(1887) Old regions: 86->86
[343.125s][info][gc,heap        ] GC(1887) Humongous regions: 6->6
[343.125s][info][gc,metaspace   ] GC(1887) Metaspace: 73646K->73646K(1116160K)
[343.126s][info][gc             ] GC(1887) Pause Young (Normal) (G1 Evacuation Pause) 369M->89M(469M) 4.368ms
[343.126s][info][gc,cpu         ] GC(1887) User=0.01s Sys=0.00s Real=0.00s
[343.309s][info][gc,start       ] GC(1888) Pause Young (Normal) (G1 Evacuation Pause)
[343.309s][info][gc,task        ] GC(1888) Using 1 workers of 1 for evacuation
[343.314s][info][gc,phases      ] GC(1888)   Pre Evacuate Collection Set: 0.0ms
[343.314s][info][gc,phases      ] GC(1888)   Evacuate Collection Set: 3.8ms
[343.314s][info][gc,phases      ] GC(1888)   Post Evacuate Collection Set: 0.7ms
[343.314s][info][gc,phases      ] GC(1888)   Other: 0.4ms
[343.314s][info][gc,heap        ] GC(1888) Eden regions: 280->0(280)
[343.314s][info][gc,heap        ] GC(1888) Survivor regions: 1->1(36)
[343.314s][info][gc,heap        ] GC(1888) Old regions: 86->86
[343.314s][info][gc,heap        ] GC(1888) Humongous regions: 11->6
[343.314s][info][gc,metaspace   ] GC(1888) Metaspace: 73648K->73648K(1116160K)
[343.314s][info][gc             ] GC(1888) Pause Young (Normal) (G1 Evacuation Pause) 374M->89M(469M) 5.041ms
[343.314s][info][gc,cpu         ] GC(1888) User=0.01s Sys=0.00s Real=0.00s
[343.530s][info][gc,start       ] GC(1889) Pause Young (Normal) (G1 Evacuation Pause)
[343.530s][info][gc,task        ] GC(1889) Using 1 workers of 1 for evacuation
[343.535s][info][gc,phases      ] GC(1889)   Pre Evacuate Collection Set: 0.0ms
[343.535s][info][gc,phases      ] GC(1889)   Evacuate Collection Set: 3.9ms
[343.535s][info][gc,phases      ] GC(1889)   Post Evacuate Collection Set: 0.5ms
[343.535s][info][gc,phases      ] GC(1889)   Other: 0.6ms
[343.535s][info][gc,heap        ] GC(1889) Eden regions: 280->0(280)
[343.535s][info][gc,heap        ] GC(1889) Survivor regions: 1->1(36)
[343.535s][info][gc,heap        ] GC(1889) Old regions: 86->86
[343.535s][info][gc,heap        ] GC(1889) Humongous regions: 6->6
[343.535s][info][gc,metaspace   ] GC(1889) Metaspace: 73648K->73648K(1116160K)
[343.535s][info][gc             ] GC(1889) Pause Young (Normal) (G1 Evacuation Pause) 369M->89M(469M) 5.101ms
[343.535s][info][gc,cpu         ] GC(1889) User=0.01s Sys=0.00s Real=0.00s
[343.737s][info][gc,start       ] GC(1890) Pause Young (Normal) (G1 Evacuation Pause)
[343.737s][info][gc,task        ] GC(1890) Using 1 workers of 1 for evacuation
[343.741s][info][gc,phases      ] GC(1890)   Pre Evacuate Collection Set: 0.0ms
[343.741s][info][gc,phases      ] GC(1890)   Evacuate Collection Set: 3.3ms
[343.741s][info][gc,phases      ] GC(1890)   Post Evacuate Collection Set: 0.5ms
[343.741s][info][gc,phases      ] GC(1890)   Other: 0.4ms
[343.741s][info][gc,heap        ] GC(1890) Eden regions: 280->0(280)
[343.741s][info][gc,heap        ] GC(1890) Survivor regions: 1->1(36)
[343.741s][info][gc,heap        ] GC(1890) Old regions: 86->86
[343.741s][info][gc,heap        ] GC(1890) Humongous regions: 6->6
[343.741s][info][gc,metaspace   ] GC(1890) Metaspace: 73648K->73648K(1116160K)
[343.741s][info][gc             ] GC(1890) Pause Young (Normal) (G1 Evacuation Pause) 369M->89M(469M) 4.248ms
[343.741s][info][gc,cpu         ] GC(1890) User=0.00s Sys=0.00s Real=0.01s
[343.974s][info][gc,start       ] GC(1891) Pause Young (Normal) (G1 Evacuation Pause)
[343.974s][info][gc,task        ] GC(1891) Using 1 workers of 1 for evacuation
[343.984s][info][gc,phases      ] GC(1891)   Pre Evacuate Collection Set: 0.1ms
[343.984s][info][gc,phases      ] GC(1891)   Evacuate Collection Set: 8.2ms
[343.984s][info][gc,phases      ] GC(1891)   Post Evacuate Collection Set: 1.0ms
[343.984s][info][gc,phases      ] GC(1891)   Other: 1.0ms
[343.984s][info][gc,heap        ] GC(1891) Eden regions: 280->0(280)
[343.984s][info][gc,heap        ] GC(1891) Survivor regions: 1->1(36)
[343.984s][info][gc,heap        ] GC(1891) Old regions: 86->86
[343.984s][info][gc,heap        ] GC(1891) Humongous regions: 6->6
[343.984s][info][gc,metaspace   ] GC(1891) Metaspace: 73648K->73648K(1116160K)
[343.984s][info][gc             ] GC(1891) Pause Young (Normal) (G1 Evacuation Pause) 369M->89M(469M) 10.432ms
[343.984s][info][gc,cpu         ] GC(1891) User=0.01s Sys=0.00s Real=0.01s
[344.381s][info][gc,start       ] GC(1892) Pause Young (Normal) (G1 Evacuation Pause)
[344.382s][info][gc,task        ] GC(1892) Using 1 workers of 1 for evacuation
[344.394s][info][gc,phases      ] GC(1892)   Pre Evacuate Collection Set: 0.1ms
[344.395s][info][gc,phases      ] GC(1892)   Evacuate Collection Set: 10.5ms
[344.395s][info][gc,phases      ] GC(1892)   Post Evacuate Collection Set: 1.2ms
[344.395s][info][gc,phases      ] GC(1892)   Other: 1.5ms
[344.395s][info][gc,heap        ] GC(1892) Eden regions: 280->0(280)
[344.395s][info][gc,heap        ] GC(1892) Survivor regions: 1->1(36)
[344.395s][info][gc,heap        ] GC(1892) Old regions: 86->86
[344.395s][info][gc,heap        ] GC(1892) Humongous regions: 6->6
[344.395s][info][gc,metaspace   ] GC(1892) Metaspace: 73648K->73648K(1116160K)
[344.395s][info][gc             ] GC(1892) Pause Young (Normal) (G1 Evacuation Pause) 369M->89M(469M) 13.647ms
[344.395s][info][gc,cpu         ] GC(1892) User=0.00s Sys=0.01s Real=0.01s
[344.610s][info][gc,start       ] GC(1893) Pause Young (Normal) (G1 Evacuation Pause)
[344.610s][info][gc,task        ] GC(1893) Using 1 workers of 1 for evacuation
[344.614s][info][gc,phases      ] GC(1893)   Pre Evacuate Collection Set: 0.0ms
[344.614s][info][gc,phases      ] GC(1893)   Evacuate Collection Set: 3.0ms
[344.614s][info][gc,phases      ] GC(1893)   Post Evacuate Collection Set: 0.4ms
[344.614s][info][gc,phases      ] GC(1893)   Other: 0.4ms
[344.614s][info][gc,heap        ] GC(1893) Eden regions: 280->0(280)
[344.614s][info][gc,heap        ] GC(1893) Survivor regions: 1->1(36)
[344.614s][info][gc,heap        ] GC(1893) Old regions: 86->86
[344.614s][info][gc,heap        ] GC(1893) Humongous regions: 11->6
[344.614s][info][gc,metaspace   ] GC(1893) Metaspace: 73648K->73648K(1116160K)
[344.614s][info][gc             ] GC(1893) Pause Young (Normal) (G1 Evacuation Pause) 374M->89M(469M) 3.841ms
[344.614s][info][gc,cpu         ] GC(1893) User=0.00s Sys=0.00s Real=0.00s
[344.817s][info][gc,start       ] GC(1894) Pause Young (Normal) (G1 Evacuation Pause)
[344.817s][info][gc,task        ] GC(1894) Using 1 workers of 1 for evacuation
[344.821s][info][gc,phases      ] GC(1894)   Pre Evacuate Collection Set: 0.0ms
[344.821s][info][gc,phases      ] GC(1894)   Evacuate Collection Set: 3.2ms
[344.821s][info][gc,phases      ] GC(1894)   Post Evacuate Collection Set: 0.5ms
[344.821s][info][gc,phases      ] GC(1894)   Other: 0.5ms
[344.821s][info][gc,heap        ] GC(1894) Eden regions: 280->0(280)
[344.821s][info][gc,heap        ] GC(1894) Survivor regions: 1->1(36)
[344.821s][info][gc,heap        ] GC(1894) Old regions: 86->86
[344.821s][info][gc,heap        ] GC(1894) Humongous regions: 6->6
[344.821s][info][gc,metaspace   ] GC(1894) Metaspace: 73648K->73648K(1116160K)
[344.821s][info][gc             ] GC(1894) Pause Young (Normal) (G1 Evacuation Pause) 369M->89M(469M) 4.311ms
[344.821s][info][gc,cpu         ] GC(1894) User=0.01s Sys=0.00s Real=0.01s
[345.181s][info][gc,start       ] GC(1895) Pause Young (Normal) (G1 Evacuation Pause)
[345.181s][info][gc,task        ] GC(1895) Using 1 workers of 1 for evacuation
[345.188s][info][gc,phases      ] GC(1895)   Pre Evacuate Collection Set: 0.0ms
[345.188s][info][gc,phases      ] GC(1895)   Evacuate Collection Set: 5.8ms
[345.188s][info][gc,phases      ] GC(1895)   Post Evacuate Collection Set: 0.9ms
[345.188s][info][gc,phases      ] GC(1895)   Other: 0.8ms
[345.188s][info][gc,heap        ] GC(1895) Eden regions: 280->0(280)
[345.188s][info][gc,heap        ] GC(1895) Survivor regions: 1->1(36)
[345.188s][info][gc,heap        ] GC(1895) Old regions: 86->86
[345.188s][info][gc,heap        ] GC(1895) Humongous regions: 6->6
[345.189s][info][gc,metaspace   ] GC(1895) Metaspace: 73648K->73648K(1116160K)
[345.189s][info][gc             ] GC(1895) Pause Young (Normal) (G1 Evacuation Pause) 369M->89M(469M) 7.676ms
[345.189s][info][gc,cpu         ] GC(1895) User=0.01s Sys=0.00s Real=0.01s
[345.483s][info][gc,start       ] GC(1896) Pause Young (Normal) (G1 Evacuation Pause)
[345.483s][info][gc,task        ] GC(1896) Using 1 workers of 1 for evacuation
[345.488s][info][gc,phases      ] GC(1896)   Pre Evacuate Collection Set: 0.0ms
[345.488s][info][gc,phases      ] GC(1896)   Evacuate Collection Set: 3.2ms
[345.488s][info][gc,phases      ] GC(1896)   Post Evacuate Collection Set: 0.5ms
[345.488s][info][gc,phases      ] GC(1896)   Other: 0.5ms
[345.488s][info][gc,heap        ] GC(1896) Eden regions: 280->0(280)
[345.488s][info][gc,heap        ] GC(1896) Survivor regions: 1->1(36)
[345.488s][info][gc,heap        ] GC(1896) Old regions: 86->86
[345.488s][info][gc,heap        ] GC(1896) Humongous regions: 6->6
[345.488s][info][gc,metaspace   ] GC(1896) Metaspace: 73648K->73648K(1116160K)
[345.488s][info][gc             ] GC(1896) Pause Young (Normal) (G1 Evacuation Pause) 369M->89M(469M) 4.249ms
[345.488s][info][gc,cpu         ] GC(1896) User=0.00s Sys=0.00s Real=0.01s
[345.635s][info][gc,start       ] GC(1897) Pause Young (Normal) (G1 Evacuation Pause)
[345.635s][info][gc,task        ] GC(1897) Using 1 workers of 1 for evacuation
[345.639s][info][gc,phases      ] GC(1897)   Pre Evacuate Collection Set: 0.0ms
[345.639s][info][gc,phases      ] GC(1897)   Evacuate Collection Set: 3.2ms
[345.639s][info][gc,phases      ] GC(1897)   Post Evacuate Collection Set: 0.4ms
[345.639s][info][gc,phases      ] GC(1897)   Other: 0.3ms
[345.639s][info][gc,heap        ] GC(1897) Eden regions: 280->0(280)
[345.639s][info][gc,heap        ] GC(1897) Survivor regions: 1->1(36)
[345.639s][info][gc,heap        ] GC(1897) Old regions: 86->86
[345.639s][info][gc,heap        ] GC(1897) Humongous regions: 6->6
[345.639s][info][gc,metaspace   ] GC(1897) Metaspace: 73648K->73648K(1116160K)
[345.639s][info][gc             ] GC(1897) Pause Young (Normal) (G1 Evacuation Pause) 369M->89M(469M) 4.013ms
[345.640s][info][gc,cpu         ] GC(1897) User=0.00s Sys=0.00s Real=0.01s
[345.897s][info][gc,start       ] GC(1898) Pause Young (Normal) (G1 Evacuation Pause)
[345.897s][info][gc,task        ] GC(1898) Using 1 workers of 1 for evacuation
[345.907s][info][gc,phases      ] GC(1898)   Pre Evacuate Collection Set: 0.1ms
[345.907s][info][gc,phases      ] GC(1898)   Evacuate Collection Set: 8.3ms
[345.907s][info][gc,phases      ] GC(1898)   Post Evacuate Collection Set: 1.1ms
[345.907s][info][gc,phases      ] GC(1898)   Other: 1.0ms
[345.907s][info][gc,heap        ] GC(1898) Eden regions: 280->0(280)
[345.907s][info][gc,heap        ] GC(1898) Survivor regions: 1->1(36)
[345.907s][info][gc,heap        ] GC(1898) Old regions: 86->86
[345.907s][info][gc,heap        ] GC(1898) Humongous regions: 11->6
[345.907s][info][gc,metaspace   ] GC(1898) Metaspace: 73648K->73648K(1116160K)
[345.907s][info][gc             ] GC(1898) Pause Young (Normal) (G1 Evacuation Pause) 374M->89M(469M) 10.510ms
[345.907s][info][gc,cpu         ] GC(1898) User=0.01s Sys=0.00s Real=0.02s
[346.253s][info][gc,start       ] GC(1899) Pause Young (Normal) (G1 Evacuation Pause)
[346.254s][info][gc,task        ] GC(1899) Using 1 workers of 1 for evacuation
[346.264s][info][gc,phases      ] GC(1899)   Pre Evacuate Collection Set: 0.1ms
[346.264s][info][gc,phases      ] GC(1899)   Evacuate Collection Set: 8.6ms
[346.264s][info][gc,phases      ] GC(1899)   Post Evacuate Collection Set: 1.0ms
[346.264s][info][gc,phases      ] GC(1899)   Other: 1.2ms
[346.264s][info][gc,heap        ] GC(1899) Eden regions: 280->0(280)
[346.264s][info][gc,heap        ] GC(1899) Survivor regions: 1->1(36)
[346.264s][info][gc,heap        ] GC(1899) Old regions: 86->86
[346.264s][info][gc,heap        ] GC(1899) Humongous regions: 6->6
[346.264s][info][gc,metaspace   ] GC(1899) Metaspace: 73648K->73648K(1116160K)
[346.264s][info][gc             ] GC(1899) Pause Young (Normal) (G1 Evacuation Pause) 369M->89M(469M) 11.005ms
[346.264s][info][gc,cpu         ] GC(1899) User=0.01s Sys=0.00s Real=0.01s
[346.554s][info][gc,start       ] GC(1900) Pause Young (Normal) (G1 Evacuation Pause)
[346.554s][info][gc,task        ] GC(1900) Using 1 workers of 1 for evacuation
[346.563s][info][gc,phases      ] GC(1900)   Pre Evacuate Collection Set: 0.1ms
[346.563s][info][gc,phases      ] GC(1900)   Evacuate Collection Set: 7.3ms
[346.563s][info][gc,phases      ] GC(1900)   Post Evacuate Collection Set: 1.0ms
[346.563s][info][gc,phases      ] GC(1900)   Other: 0.8ms
[346.563s][info][gc,heap        ] GC(1900) Eden regions: 280->0(280)
[346.563s][info][gc,heap        ] GC(1900) Survivor regions: 1->1(36)
[346.563s][info][gc,heap        ] GC(1900) Old regions: 86->86
[346.563s][info][gc,heap        ] GC(1900) Humongous regions: 6->6
[346.563s][info][gc,metaspace   ] GC(1900) Metaspace: 73648K->73648K(1116160K)
[346.563s][info][gc             ] GC(1900) Pause Young (Normal) (G1 Evacuation Pause) 369M->89M(469M) 9.334ms
[346.564s][info][gc,cpu         ] GC(1900) User=0.01s Sys=0.00s Real=0.01s
[346.743s][info][gc,start       ] GC(1901) Pause Young (Normal) (G1 Evacuation Pause)
[346.743s][info][gc,task        ] GC(1901) Using 1 workers of 1 for evacuation
[346.747s][info][gc,phases      ] GC(1901)   Pre Evacuate Collection Set: 0.0ms
[346.747s][info][gc,phases      ] GC(1901)   Evacuate Collection Set: 3.6ms
[346.747s][info][gc,phases      ] GC(1901)   Post Evacuate Collection Set: 0.5ms
[346.747s][info][gc,phases      ] GC(1901)   Other: 0.4ms
[346.748s][info][gc,heap        ] GC(1901) Eden regions: 280->0(280)
[346.748s][info][gc,heap        ] GC(1901) Survivor regions: 1->1(36)
[346.748s][info][gc,heap        ] GC(1901) Old regions: 86->86
[346.748s][info][gc,heap        ] GC(1901) Humongous regions: 6->6
[346.748s][info][gc,metaspace   ] GC(1901) Metaspace: 73648K->73648K(1116160K)
[346.748s][info][gc             ] GC(1901) Pause Young (Normal) (G1 Evacuation Pause) 369M->90M(469M) 4.603ms
[346.748s][info][gc,cpu         ] GC(1901) User=0.00s Sys=0.00s Real=0.01s
[347.031s][info][gc,start       ] GC(1902) Pause Young (Normal) (G1 Evacuation Pause)
[347.031s][info][gc,task        ] GC(1902) Using 1 workers of 1 for evacuation
[347.036s][info][gc,phases      ] GC(1902)   Pre Evacuate Collection Set: 0.1ms
[347.036s][info][gc,phases      ] GC(1902)   Evacuate Collection Set: 3.7ms
[347.036s][info][gc,phases      ] GC(1902)   Post Evacuate Collection Set: 0.5ms
[347.036s][info][gc,phases      ] GC(1902)   Other: 0.5ms
[347.036s][info][gc,heap        ] GC(1902) Eden regions: 280->0(280)
[347.036s][info][gc,heap        ] GC(1902) Survivor regions: 1->1(36)
[347.036s][info][gc,heap        ] GC(1902) Old regions: 86->86
[347.036s][info][gc,heap        ] GC(1902) Humongous regions: 6->6
[347.036s][info][gc,metaspace   ] GC(1902) Metaspace: 73648K->73648K(1116160K)
[347.036s][info][gc             ] GC(1902) Pause Young (Normal) (G1 Evacuation Pause) 370M->90M(469M) 4.781ms
[347.036s][info][gc,cpu         ] GC(1902) User=0.01s Sys=0.00s Real=0.00s
[347.250s][info][gc,start       ] GC(1903) Pause Young (Normal) (G1 Evacuation Pause)
[347.250s][info][gc,task        ] GC(1903) Using 1 workers of 1 for evacuation
[347.257s][info][gc,phases      ] GC(1903)   Pre Evacuate Collection Set: 0.0ms
[347.257s][info][gc,phases      ] GC(1903)   Evacuate Collection Set: 5.3ms
[347.257s][info][gc,phases      ] GC(1903)   Post Evacuate Collection Set: 0.9ms
[347.257s][info][gc,phases      ] GC(1903)   Other: 0.7ms
[347.257s][info][gc,heap        ] GC(1903) Eden regions: 280->0(280)
[347.257s][info][gc,heap        ] GC(1903) Survivor regions: 1->1(36)
[347.257s][info][gc,heap        ] GC(1903) Old regions: 86->86
[347.257s][info][gc,heap        ] GC(1903) Humongous regions: 6->6
[347.257s][info][gc,metaspace   ] GC(1903) Metaspace: 73648K->73648K(1116160K)
[347.257s][info][gc             ] GC(1903) Pause Young (Normal) (G1 Evacuation Pause) 370M->89M(469M) 7.176ms
[347.257s][info][gc,cpu         ] GC(1903) User=0.01s Sys=0.00s Real=0.00s
[347.500s][info][gc,start       ] GC(1904) Pause Young (Normal) (G1 Evacuation Pause)
[347.500s][info][gc,task        ] GC(1904) Using 1 workers of 1 for evacuation
[347.504s][info][gc,phases      ] GC(1904)   Pre Evacuate Collection Set: 0.0ms
[347.504s][info][gc,phases      ] GC(1904)   Evacuate Collection Set: 3.3ms
[347.504s][info][gc,phases      ] GC(1904)   Post Evacuate Collection Set: 0.5ms
[347.504s][info][gc,phases      ] GC(1904)   Other: 0.5ms
[347.504s][info][gc,heap        ] GC(1904) Eden regions: 280->0(280)
[347.505s][info][gc,heap        ] GC(1904) Survivor regions: 1->1(36)
[347.505s][info][gc,heap        ] GC(1904) Old regions: 86->86
[347.505s][info][gc,heap        ] GC(1904) Humongous regions: 11->6
[347.505s][info][gc,metaspace   ] GC(1904) Metaspace: 73655K->73655K(1116160K)
[347.505s][info][gc             ] GC(1904) Pause Young (Normal) (G1 Evacuation Pause) 374M->89M(469M) 4.488ms
[347.505s][info][gc,cpu         ] GC(1904) User=0.00s Sys=0.00s Real=0.00s
[347.670s][info][gc,start       ] GC(1905) Pause Young (Normal) (G1 Evacuation Pause)
[347.670s][info][gc,task        ] GC(1905) Using 1 workers of 1 for evacuation
[347.674s][info][gc,phases      ] GC(1905)   Pre Evacuate Collection Set: 0.1ms
[347.674s][info][gc,phases      ] GC(1905)   Evacuate Collection Set: 3.5ms
[347.674s][info][gc,phases      ] GC(1905)   Post Evacuate Collection Set: 0.4ms
[347.674s][info][gc,phases      ] GC(1905)   Other: 0.4ms
[347.674s][info][gc,heap        ] GC(1905) Eden regions: 280->0(280)
[347.674s][info][gc,heap        ] GC(1905) Survivor regions: 1->1(36)
[347.674s][info][gc,heap        ] GC(1905) Old regions: 86->86
[347.674s][info][gc,heap        ] GC(1905) Humongous regions: 6->6
[347.674s][info][gc,metaspace   ] GC(1905) Metaspace: 73655K->73655K(1116160K)
[347.674s][info][gc             ] GC(1905) Pause Young (Normal) (G1 Evacuation Pause) 369M->89M(469M) 4.321ms
[347.675s][info][gc,cpu         ] GC(1905) User=0.00s Sys=0.00s Real=0.00s
[347.995s][info][gc,start       ] GC(1906) Pause Young (Normal) (G1 Evacuation Pause)
[347.995s][info][gc,task        ] GC(1906) Using 1 workers of 1 for evacuation
[348.003s][info][gc,phases      ] GC(1906)   Pre Evacuate Collection Set: 0.0ms
[348.003s][info][gc,phases      ] GC(1906)   Evacuate Collection Set: 6.5ms
[348.003s][info][gc,phases      ] GC(1906)   Post Evacuate Collection Set: 1.5ms
[348.003s][info][gc,phases      ] GC(1906)   Other: 0.5ms
[348.003s][info][gc,heap        ] GC(1906) Eden regions: 280->0(280)
[348.003s][info][gc,heap        ] GC(1906) Survivor regions: 1->1(36)
[348.003s][info][gc,heap        ] GC(1906) Old regions: 86->86
[348.003s][info][gc,heap        ] GC(1906) Humongous regions: 6->6
[348.003s][info][gc,metaspace   ] GC(1906) Metaspace: 73655K->73655K(1116160K)
[348.003s][info][gc             ] GC(1906) Pause Young (Normal) (G1 Evacuation Pause) 369M->89M(469M) 8.669ms
[348.003s][info][gc,cpu         ] GC(1906) User=0.01s Sys=0.00s Real=0.01s
[348.211s][info][gc,start       ] GC(1907) Pause Young (Normal) (G1 Evacuation Pause)
[348.211s][info][gc,task        ] GC(1907) Using 1 workers of 1 for evacuation
[348.218s][info][gc,phases      ] GC(1907)   Pre Evacuate Collection Set: 0.1ms
[348.218s][info][gc,phases      ] GC(1907)   Evacuate Collection Set: 5.3ms
[348.218s][info][gc,phases      ] GC(1907)   Post Evacuate Collection Set: 0.8ms
[348.218s][info][gc,phases      ] GC(1907)   Other: 0.6ms
[348.218s][info][gc,heap        ] GC(1907) Eden regions: 280->0(280)
[348.218s][info][gc,heap        ] GC(1907) Survivor regions: 1->1(36)
[348.218s][info][gc,heap        ] GC(1907) Old regions: 86->86
[348.218s][info][gc,heap        ] GC(1907) Humongous regions: 6->6
[348.218s][info][gc,metaspace   ] GC(1907) Metaspace: 73655K->73655K(1116160K)
[348.218s][info][gc             ] GC(1907) Pause Young (Normal) (G1 Evacuation Pause) 369M->89M(469M) 6.868ms
[348.218s][info][gc,cpu         ] GC(1907) User=0.01s Sys=0.00s Real=0.00s
[348.411s][info][gc,start       ] GC(1908) Pause Young (Normal) (G1 Evacuation Pause)
[348.411s][info][gc,task        ] GC(1908) Using 1 workers of 1 for evacuation
[348.415s][info][gc,phases      ] GC(1908)   Pre Evacuate Collection Set: 0.0ms
[348.415s][info][gc,phases      ] GC(1908)   Evacuate Collection Set: 3.4ms
[348.415s][info][gc,phases      ] GC(1908)   Post Evacuate Collection Set: 0.5ms
[348.415s][info][gc,phases      ] GC(1908)   Other: 0.4ms
[348.415s][info][gc,heap        ] GC(1908) Eden regions: 280->0(280)
[348.415s][info][gc,heap        ] GC(1908) Survivor regions: 1->1(36)
[348.415s][info][gc,heap        ] GC(1908) Old regions: 86->86
[348.415s][info][gc,heap        ] GC(1908) Humongous regions: 6->6
[348.415s][info][gc,metaspace   ] GC(1908) Metaspace: 73655K->73655K(1116160K)
[348.415s][info][gc             ] GC(1908) Pause Young (Normal) (G1 Evacuation Pause) 369M->89M(469M) 4.391ms
[348.415s][info][gc,cpu         ] GC(1908) User=0.01s Sys=0.00s Real=0.00s
[348.631s][info][gc,start       ] GC(1909) Pause Young (Normal) (G1 Evacuation Pause)
[348.631s][info][gc,task        ] GC(1909) Using 1 workers of 1 for evacuation
[348.635s][info][gc,phases      ] GC(1909)   Pre Evacuate Collection Set: 0.0ms
[348.635s][info][gc,phases      ] GC(1909)   Evacuate Collection Set: 3.4ms
[348.635s][info][gc,phases      ] GC(1909)   Post Evacuate Collection Set: 0.6ms
[348.635s][info][gc,phases      ] GC(1909)   Other: 0.5ms
[348.635s][info][gc,heap        ] GC(1909) Eden regions: 280->0(280)
[348.635s][info][gc,heap        ] GC(1909) Survivor regions: 1->1(36)
[348.635s][info][gc,heap        ] GC(1909) Old regions: 86->86
[348.635s][info][gc,heap        ] GC(1909) Humongous regions: 11->6
[348.635s][info][gc,metaspace   ] GC(1909) Metaspace: 73658K->73658K(1116160K)
[348.635s][info][gc             ] GC(1909) Pause Young (Normal) (G1 Evacuation Pause) 374M->90M(469M) 4.443ms
[348.635s][info][gc,cpu         ] GC(1909) User=0.00s Sys=0.00s Real=0.00s
[348.855s][info][gc,start       ] GC(1910) Pause Young (Normal) (G1 Evacuation Pause)
[348.855s][info][gc,task        ] GC(1910) Using 1 workers of 1 for evacuation
[348.860s][info][gc,phases      ] GC(1910)   Pre Evacuate Collection Set: 0.0ms
[348.860s][info][gc,phases      ] GC(1910)   Evacuate Collection Set: 3.5ms
[348.860s][info][gc,phases      ] GC(1910)   Post Evacuate Collection Set: 0.5ms
[348.860s][info][gc,phases      ] GC(1910)   Other: 0.4ms
[348.860s][info][gc,heap        ] GC(1910) Eden regions: 280->0(280)
[348.860s][info][gc,heap        ] GC(1910) Survivor regions: 1->1(36)
[348.860s][info][gc,heap        ] GC(1910) Old regions: 86->86
[348.860s][info][gc,heap        ] GC(1910) Humongous regions: 6->6
[348.860s][info][gc,metaspace   ] GC(1910) Metaspace: 73658K->73658K(1116160K)
[348.860s][info][gc             ] GC(1910) Pause Young (Normal) (G1 Evacuation Pause) 370M->90M(469M) 4.509ms
[348.860s][info][gc,cpu         ] GC(1910) User=0.00s Sys=0.00s Real=0.01s
[349.053s][info][gc,start       ] GC(1911) Pause Young (Normal) (G1 Evacuation Pause)
[349.053s][info][gc,task        ] GC(1911) Using 1 workers of 1 for evacuation
[349.058s][info][gc,phases      ] GC(1911)   Pre Evacuate Collection Set: 0.0ms
[349.059s][info][gc,phases      ] GC(1911)   Evacuate Collection Set: 4.8ms
[349.059s][info][gc,phases      ] GC(1911)   Post Evacuate Collection Set: 0.5ms
[349.059s][info][gc,phases      ] GC(1911)   Other: 0.4ms
[349.059s][info][gc,heap        ] GC(1911) Eden regions: 280->0(280)
[349.059s][info][gc,heap        ] GC(1911) Survivor regions: 1->1(36)
[349.059s][info][gc,heap        ] GC(1911) Old regions: 86->86
[349.059s][info][gc,heap        ] GC(1911) Humongous regions: 6->6
[349.059s][info][gc,metaspace   ] GC(1911) Metaspace: 73658K->73658K(1116160K)
[349.059s][info][gc             ] GC(1911) Pause Young (Normal) (G1 Evacuation Pause) 370M->90M(469M) 6.129ms
[349.059s][info][gc,cpu         ] GC(1911) User=0.01s Sys=0.01s Real=0.01s
[349.263s][info][gc,start       ] GC(1912) Pause Young (Normal) (G1 Evacuation Pause)
[349.263s][info][gc,task        ] GC(1912) Using 1 workers of 1 for evacuation
[349.269s][info][gc,phases      ] GC(1912)   Pre Evacuate Collection Set: 0.0ms
[349.269s][info][gc,phases      ] GC(1912)   Evacuate Collection Set: 5.0ms
[349.269s][info][gc,phases      ] GC(1912)   Post Evacuate Collection Set: 0.6ms
[349.269s][info][gc,phases      ] GC(1912)   Other: 0.5ms
[349.269s][info][gc,heap        ] GC(1912) Eden regions: 280->0(280)
[349.269s][info][gc,heap        ] GC(1912) Survivor regions: 1->1(36)
[349.269s][info][gc,heap        ] GC(1912) Old regions: 86->86
[349.269s][info][gc,heap        ] GC(1912) Humongous regions: 6->6
[349.269s][info][gc,metaspace   ] GC(1912) Metaspace: 73658K->73658K(1116160K)
[349.269s][info][gc             ] GC(1912) Pause Young (Normal) (G1 Evacuation Pause) 370M->90M(469M) 6.199ms
[349.269s][info][gc,cpu         ] GC(1912) User=0.01s Sys=0.00s Real=0.01s
[349.497s][info][gc,start       ] GC(1913) Pause Young (Normal) (G1 Evacuation Pause)
[349.497s][info][gc,task        ] GC(1913) Using 1 workers of 1 for evacuation
[349.503s][info][gc,phases      ] GC(1913)   Pre Evacuate Collection Set: 0.1ms
[349.503s][info][gc,phases      ] GC(1913)   Evacuate Collection Set: 4.3ms
[349.503s][info][gc,phases      ] GC(1913)   Post Evacuate Collection Set: 0.7ms
[349.503s][info][gc,phases      ] GC(1913)   Other: 0.5ms
[349.503s][info][gc,heap        ] GC(1913) Eden regions: 280->0(280)
[349.503s][info][gc,heap        ] GC(1913) Survivor regions: 1->1(36)
[349.503s][info][gc,heap        ] GC(1913) Old regions: 86->86
[349.503s][info][gc,heap        ] GC(1913) Humongous regions: 6->6
[349.503s][info][gc,metaspace   ] GC(1913) Metaspace: 73658K->73658K(1116160K)
[349.503s][info][gc             ] GC(1913) Pause Young (Normal) (G1 Evacuation Pause) 370M->90M(469M) 5.671ms
[349.503s][info][gc,cpu         ] GC(1913) User=0.01s Sys=0.00s Real=0.01s
[349.681s][info][gc,start       ] GC(1914) Pause Young (Normal) (G1 Evacuation Pause)
[349.681s][info][gc,task        ] GC(1914) Using 1 workers of 1 for evacuation
[349.686s][info][gc,phases      ] GC(1914)   Pre Evacuate Collection Set: 0.0ms
[349.686s][info][gc,phases      ] GC(1914)   Evacuate Collection Set: 4.0ms
[349.686s][info][gc,phases      ] GC(1914)   Post Evacuate Collection Set: 0.7ms
[349.686s][info][gc,phases      ] GC(1914)   Other: 0.4ms
[349.686s][info][gc,heap        ] GC(1914) Eden regions: 280->0(280)
[349.686s][info][gc,heap        ] GC(1914) Survivor regions: 1->1(36)
[349.686s][info][gc,heap        ] GC(1914) Old regions: 86->86
[349.686s][info][gc,heap        ] GC(1914) Humongous regions: 6->6
[349.686s][info][gc,metaspace   ] GC(1914) Metaspace: 73658K->73658K(1116160K)
[349.686s][info][gc             ] GC(1914) Pause Young (Normal) (G1 Evacuation Pause) 370M->90M(469M) 5.174ms
[349.686s][info][gc,cpu         ] GC(1914) User=0.00s Sys=0.00s Real=0.00s
[349.897s][info][gc,start       ] GC(1915) Pause Young (Normal) (G1 Evacuation Pause)
[349.897s][info][gc,task        ] GC(1915) Using 1 workers of 1 for evacuation
[349.901s][info][gc,phases      ] GC(1915)   Pre Evacuate Collection Set: 0.0ms
[349.902s][info][gc,phases      ] GC(1915)   Evacuate Collection Set: 3.6ms
[349.902s][info][gc,phases      ] GC(1915)   Post Evacuate Collection Set: 0.5ms
[349.902s][info][gc,phases      ] GC(1915)   Other: 0.5ms
[349.902s][info][gc,heap        ] GC(1915) Eden regions: 280->0(280)
[349.902s][info][gc,heap        ] GC(1915) Survivor regions: 1->1(36)
[349.902s][info][gc,heap        ] GC(1915) Old regions: 86->86
[349.902s][info][gc,heap        ] GC(1915) Humongous regions: 11->6
[349.902s][info][gc,metaspace   ] GC(1915) Metaspace: 73658K->73658K(1116160K)
[349.902s][info][gc             ] GC(1915) Pause Young (Normal) (G1 Evacuation Pause) 375M->89M(469M) 4.791ms
[349.902s][info][gc,cpu         ] GC(1915) User=0.01s Sys=0.00s Real=0.01s
[350.122s][info][gc,start       ] GC(1916) Pause Young (Normal) (G1 Evacuation Pause)
[350.122s][info][gc,task        ] GC(1916) Using 1 workers of 1 for evacuation
[350.136s][info][gc,phases      ] GC(1916)   Pre Evacuate Collection Set: 0.0ms
[350.136s][info][gc,phases      ] GC(1916)   Evacuate Collection Set: 12.6ms
[350.136s][info][gc,phases      ] GC(1916)   Post Evacuate Collection Set: 0.7ms
[350.136s][info][gc,phases      ] GC(1916)   Other: 0.6ms
[350.136s][info][gc,heap        ] GC(1916) Eden regions: 280->0(280)
[350.136s][info][gc,heap        ] GC(1916) Survivor regions: 1->1(36)
[350.136s][info][gc,heap        ] GC(1916) Old regions: 86->86
[350.136s][info][gc,heap        ] GC(1916) Humongous regions: 6->6
[350.136s][info][gc,metaspace   ] GC(1916) Metaspace: 73658K->73658K(1116160K)
[350.136s][info][gc             ] GC(1916) Pause Young (Normal) (G1 Evacuation Pause) 369M->89M(469M) 14.010ms
[350.136s][info][gc,cpu         ] GC(1916) User=0.01s Sys=0.00s Real=0.01s
[350.325s][info][gc,start       ] GC(1917) Pause Young (Normal) (G1 Evacuation Pause)
[350.325s][info][gc,task        ] GC(1917) Using 1 workers of 1 for evacuation
[350.329s][info][gc,phases      ] GC(1917)   Pre Evacuate Collection Set: 0.0ms
[350.329s][info][gc,phases      ] GC(1917)   Evacuate Collection Set: 3.2ms
[350.329s][info][gc,phases      ] GC(1917)   Post Evacuate Collection Set: 0.5ms
[350.329s][info][gc,phases      ] GC(1917)   Other: 0.4ms
[350.329s][info][gc,heap        ] GC(1917) Eden regions: 280->0(280)
[350.329s][info][gc,heap        ] GC(1917) Survivor regions: 1->1(36)
[350.329s][info][gc,heap        ] GC(1917) Old regions: 86->86
[350.329s][info][gc,heap        ] GC(1917) Humongous regions: 6->6
[350.329s][info][gc,metaspace   ] GC(1917) Metaspace: 73658K->73658K(1116160K)
[350.329s][info][gc             ] GC(1917) Pause Young (Normal) (G1 Evacuation Pause) 369M->89M(469M) 4.263ms
[350.329s][info][gc,cpu         ] GC(1917) User=0.01s Sys=0.00s Real=0.01s
[350.512s][info][gc,start       ] GC(1918) Pause Young (Normal) (G1 Evacuation Pause)
[350.512s][info][gc,task        ] GC(1918) Using 1 workers of 1 for evacuation
[350.516s][info][gc,phases      ] GC(1918)   Pre Evacuate Collection Set: 0.0ms
[350.516s][info][gc,phases      ] GC(1918)   Evacuate Collection Set: 3.2ms
[350.516s][info][gc,phases      ] GC(1918)   Post Evacuate Collection Set: 0.4ms
[350.516s][info][gc,phases      ] GC(1918)   Other: 0.3ms
[350.516s][info][gc,heap        ] GC(1918) Eden regions: 280->0(280)
[350.516s][info][gc,heap        ] GC(1918) Survivor regions: 1->1(36)
[350.516s][info][gc,heap        ] GC(1918) Old regions: 86->86
[350.516s][info][gc,heap        ] GC(1918) Humongous regions: 6->6
[350.516s][info][gc,metaspace   ] GC(1918) Metaspace: 73658K->73658K(1116160K)
[350.516s][info][gc             ] GC(1918) Pause Young (Normal) (G1 Evacuation Pause) 369M->90M(469M) 4.120ms
[350.516s][info][gc,cpu         ] GC(1918) User=0.00s Sys=0.00s Real=0.00s
[350.668s][info][gc,start       ] GC(1919) Pause Young (Normal) (G1 Evacuation Pause)
[350.668s][info][gc,task        ] GC(1919) Using 1 workers of 1 for evacuation
[350.672s][info][gc,phases      ] GC(1919)   Pre Evacuate Collection Set: 0.0ms
[350.672s][info][gc,phases      ] GC(1919)   Evacuate Collection Set: 3.3ms
[350.672s][info][gc,phases      ] GC(1919)   Post Evacuate Collection Set: 0.4ms
[350.672s][info][gc,phases      ] GC(1919)   Other: 0.5ms
[350.672s][info][gc,heap        ] GC(1919) Eden regions: 280->0(280)
[350.672s][info][gc,heap        ] GC(1919) Survivor regions: 1->1(36)
[350.672s][info][gc,heap        ] GC(1919) Old regions: 86->86
[350.672s][info][gc,heap        ] GC(1919) Humongous regions: 6->6
[350.672s][info][gc,metaspace   ] GC(1919) Metaspace: 73658K->73658K(1116160K)
[350.672s][info][gc             ] GC(1919) Pause Young (Normal) (G1 Evacuation Pause) 370M->90M(469M) 4.201ms
[350.672s][info][gc,cpu         ] GC(1919) User=0.00s Sys=0.00s Real=0.00s
[351.012s][info][gc,start       ] GC(1920) Pause Young (Normal) (G1 Evacuation Pause)
[351.012s][info][gc,task        ] GC(1920) Using 1 workers of 1 for evacuation
[351.016s][info][gc,phases      ] GC(1920)   Pre Evacuate Collection Set: 0.0ms
[351.016s][info][gc,phases      ] GC(1920)   Evacuate Collection Set: 3.4ms
[351.016s][info][gc,phases      ] GC(1920)   Post Evacuate Collection Set: 0.4ms
[351.016s][info][gc,phases      ] GC(1920)   Other: 0.4ms
[351.016s][info][gc,heap        ] GC(1920) Eden regions: 280->0(280)
[351.016s][info][gc,heap        ] GC(1920) Survivor regions: 1->1(36)
[351.016s][info][gc,heap        ] GC(1920) Old regions: 86->86
[351.016s][info][gc,heap        ] GC(1920) Humongous regions: 11->6
[351.016s][info][gc,metaspace   ] GC(1920) Metaspace: 73658K->73658K(1116160K)
[351.016s][info][gc             ] GC(1920) Pause Young (Normal) (G1 Evacuation Pause) 375M->90M(469M) 4.201ms
[351.016s][info][gc,cpu         ] GC(1920) User=0.00s Sys=0.00s Real=0.00s
[351.193s][info][gc,start       ] GC(1921) Pause Young (Normal) (G1 Evacuation Pause)
[351.193s][info][gc,task        ] GC(1921) Using 1 workers of 1 for evacuation
[351.197s][info][gc,phases      ] GC(1921)   Pre Evacuate Collection Set: 0.0ms
[351.198s][info][gc,phases      ] GC(1921)   Evacuate Collection Set: 3.4ms
[351.198s][info][gc,phases      ] GC(1921)   Post Evacuate Collection Set: 0.5ms
[351.198s][info][gc,phases      ] GC(1921)   Other: 0.4ms
[351.198s][info][gc,heap        ] GC(1921) Eden regions: 280->0(280)
[351.198s][info][gc,heap        ] GC(1921) Survivor regions: 1->1(36)
[351.198s][info][gc,heap        ] GC(1921) Old regions: 86->86
[351.198s][info][gc,heap        ] GC(1921) Humongous regions: 6->6
[351.198s][info][gc,metaspace   ] GC(1921) Metaspace: 73658K->73658K(1116160K)
[351.198s][info][gc             ] GC(1921) Pause Young (Normal) (G1 Evacuation Pause) 370M->90M(469M) 4.439ms
[351.198s][info][gc,cpu         ] GC(1921) User=0.00s Sys=0.00s Real=0.00s
[351.360s][info][gc,start       ] GC(1922) Pause Young (Normal) (G1 Evacuation Pause)
[351.361s][info][gc,task        ] GC(1922) Using 1 workers of 1 for evacuation
[351.365s][info][gc,phases      ] GC(1922)   Pre Evacuate Collection Set: 0.0ms
[351.365s][info][gc,phases      ] GC(1922)   Evacuate Collection Set: 3.4ms
[351.365s][info][gc,phases      ] GC(1922)   Post Evacuate Collection Set: 0.4ms
[351.365s][info][gc,phases      ] GC(1922)   Other: 0.7ms
[351.365s][info][gc,heap        ] GC(1922) Eden regions: 280->0(280)
[351.365s][info][gc,heap        ] GC(1922) Survivor regions: 1->1(36)
[351.365s][info][gc,heap        ] GC(1922) Old regions: 86->86
[351.365s][info][gc,heap        ] GC(1922) Humongous regions: 6->6
[351.365s][info][gc,metaspace   ] GC(1922) Metaspace: 73658K->73658K(1116160K)
[351.365s][info][gc             ] GC(1922) Pause Young (Normal) (G1 Evacuation Pause) 370M->90M(469M) 4.512ms
[351.365s][info][gc,cpu         ] GC(1922) User=0.00s Sys=0.00s Real=0.00s
[351.521s][info][gc,start       ] GC(1923) Pause Young (Normal) (G1 Evacuation Pause)
[351.521s][info][gc,task        ] GC(1923) Using 1 workers of 1 for evacuation
[351.526s][info][gc,phases      ] GC(1923)   Pre Evacuate Collection Set: 0.0ms
[351.526s][info][gc,phases      ] GC(1923)   Evacuate Collection Set: 3.7ms
[351.526s][info][gc,phases      ] GC(1923)   Post Evacuate Collection Set: 0.4ms
[351.526s][info][gc,phases      ] GC(1923)   Other: 0.4ms
[351.526s][info][gc,heap        ] GC(1923) Eden regions: 280->0(280)
[351.526s][info][gc,heap        ] GC(1923) Survivor regions: 1->1(36)
[351.526s][info][gc,heap        ] GC(1923) Old regions: 86->86
[351.526s][info][gc,heap        ] GC(1923) Humongous regions: 6->6
[351.526s][info][gc,metaspace   ] GC(1923) Metaspace: 73658K->73658K(1116160K)
[351.526s][info][gc             ] GC(1923) Pause Young (Normal) (G1 Evacuation Pause) 370M->90M(469M) 4.676ms
[351.526s][info][gc,cpu         ] GC(1923) User=0.00s Sys=0.00s Real=0.00s
[351.673s][info][gc,start       ] GC(1924) Pause Young (Normal) (G1 Evacuation Pause)
[351.673s][info][gc,task        ] GC(1924) Using 1 workers of 1 for evacuation
[351.684s][info][gc,phases      ] GC(1924)   Pre Evacuate Collection Set: 0.0ms
[351.684s][info][gc,phases      ] GC(1924)   Evacuate Collection Set: 10.3ms
[351.684s][info][gc,phases      ] GC(1924)   Post Evacuate Collection Set: 0.4ms
[351.684s][info][gc,phases      ] GC(1924)   Other: 0.3ms
[351.684s][info][gc,heap        ] GC(1924) Eden regions: 280->0(280)
[351.684s][info][gc,heap        ] GC(1924) Survivor regions: 1->1(36)
[351.684s][info][gc,heap        ] GC(1924) Old regions: 86->86
[351.684s][info][gc,heap        ] GC(1924) Humongous regions: 6->6
[351.684s][info][gc,metaspace   ] GC(1924) Metaspace: 73658K->73658K(1116160K)
[351.684s][info][gc             ] GC(1924) Pause Young (Normal) (G1 Evacuation Pause) 370M->90M(469M) 11.174ms
[351.684s][info][gc,cpu         ] GC(1924) User=0.01s Sys=0.00s Real=0.01s
[351.938s][info][gc,start       ] GC(1925) Pause Young (Normal) (G1 Evacuation Pause)
[351.938s][info][gc,task        ] GC(1925) Using 1 workers of 1 for evacuation
[351.943s][info][gc,phases      ] GC(1925)   Pre Evacuate Collection Set: 0.0ms
[351.943s][info][gc,phases      ] GC(1925)   Evacuate Collection Set: 4.0ms
[351.943s][info][gc,phases      ] GC(1925)   Post Evacuate Collection Set: 0.5ms
[351.943s][info][gc,phases      ] GC(1925)   Other: 0.4ms
[351.943s][info][gc,heap        ] GC(1925) Eden regions: 280->0(280)
[351.943s][info][gc,heap        ] GC(1925) Survivor regions: 1->1(36)
[351.943s][info][gc,heap        ] GC(1925) Old regions: 86->86
[351.943s][info][gc,heap        ] GC(1925) Humongous regions: 11->6
[351.943s][info][gc,metaspace   ] GC(1925) Metaspace: 73667K->73667K(1116160K)
[351.943s][info][gc             ] GC(1925) Pause Young (Normal) (G1 Evacuation Pause) 375M->90M(469M) 5.002ms
[351.943s][info][gc,cpu         ] GC(1925) User=0.01s Sys=0.00s Real=0.01s
[352.099s][info][gc,start       ] GC(1926) Pause Young (Normal) (G1 Evacuation Pause)
[352.099s][info][gc,task        ] GC(1926) Using 1 workers of 1 for evacuation
[352.103s][info][gc,phases      ] GC(1926)   Pre Evacuate Collection Set: 0.0ms
[352.103s][info][gc,phases      ] GC(1926)   Evacuate Collection Set: 3.4ms
[352.103s][info][gc,phases      ] GC(1926)   Post Evacuate Collection Set: 0.5ms
[352.103s][info][gc,phases      ] GC(1926)   Other: 0.4ms
[352.103s][info][gc,heap        ] GC(1926) Eden regions: 280->0(280)
[352.103s][info][gc,heap        ] GC(1926) Survivor regions: 1->1(36)
[352.103s][info][gc,heap        ] GC(1926) Old regions: 86->86
[352.103s][info][gc,heap        ] GC(1926) Humongous regions: 6->6
[352.103s][info][gc,metaspace   ] GC(1926) Metaspace: 73667K->73667K(1116160K)
[352.103s][info][gc             ] GC(1926) Pause Young (Normal) (G1 Evacuation Pause) 370M->90M(469M) 4.469ms
[352.103s][info][gc,cpu         ] GC(1926) User=0.01s Sys=0.00s Real=0.00s
[352.256s][info][gc,start       ] GC(1927) Pause Young (Normal) (G1 Evacuation Pause)
[352.257s][info][gc,task        ] GC(1927) Using 1 workers of 1 for evacuation
[352.261s][info][gc,phases      ] GC(1927)   Pre Evacuate Collection Set: 0.0ms
[352.261s][info][gc,phases      ] GC(1927)   Evacuate Collection Set: 3.2ms
[352.261s][info][gc,phases      ] GC(1927)   Post Evacuate Collection Set: 0.4ms
[352.261s][info][gc,phases      ] GC(1927)   Other: 0.5ms
[352.261s][info][gc,heap        ] GC(1927) Eden regions: 280->0(280)
[352.261s][info][gc,heap        ] GC(1927) Survivor regions: 1->1(36)
[352.261s][info][gc,heap        ] GC(1927) Old regions: 86->86
[352.261s][info][gc,heap        ] GC(1927) Humongous regions: 6->6
[352.261s][info][gc,metaspace   ] GC(1927) Metaspace: 73667K->73667K(1116160K)
[352.261s][info][gc             ] GC(1927) Pause Young (Normal) (G1 Evacuation Pause) 370M->90M(469M) 4.267ms
[352.261s][info][gc,cpu         ] GC(1927) User=0.00s Sys=0.00s Real=0.01s
[352.445s][info][gc,start       ] GC(1928) Pause Young (Normal) (G1 Evacuation Pause)
[352.445s][info][gc,task        ] GC(1928) Using 1 workers of 1 for evacuation
[352.449s][info][gc,phases      ] GC(1928)   Pre Evacuate Collection Set: 0.0ms
[352.450s][info][gc,phases      ] GC(1928)   Evacuate Collection Set: 3.5ms
[352.450s][info][gc,phases      ] GC(1928)   Post Evacuate Collection Set: 0.4ms
[352.450s][info][gc,phases      ] GC(1928)   Other: 0.3ms
[352.450s][info][gc,heap        ] GC(1928) Eden regions: 280->0(280)
[352.450s][info][gc,heap        ] GC(1928) Survivor regions: 1->1(36)
[352.450s][info][gc,heap        ] GC(1928) Old regions: 86->86
[352.450s][info][gc,heap        ] GC(1928) Humongous regions: 6->6
[352.450s][info][gc,metaspace   ] GC(1928) Metaspace: 73667K->73667K(1116160K)
[352.450s][info][gc             ] GC(1928) Pause Young (Normal) (G1 Evacuation Pause) 370M->90M(469M) 4.304ms
[352.450s][info][gc,cpu         ] GC(1928) User=0.00s Sys=0.00s Real=0.01s
[352.636s][info][gc,start       ] GC(1929) Pause Young (Normal) (G1 Evacuation Pause)
[352.636s][info][gc,task        ] GC(1929) Using 1 workers of 1 for evacuation
[352.640s][info][gc,phases      ] GC(1929)   Pre Evacuate Collection Set: 0.0ms
[352.640s][info][gc,phases      ] GC(1929)   Evacuate Collection Set: 3.5ms
[352.640s][info][gc,phases      ] GC(1929)   Post Evacuate Collection Set: 0.4ms
[352.640s][info][gc,phases      ] GC(1929)   Other: 0.4ms
[352.640s][info][gc,heap        ] GC(1929) Eden regions: 280->0(280)
[352.640s][info][gc,heap        ] GC(1929) Survivor regions: 1->1(36)
[352.640s][info][gc,heap        ] GC(1929) Old regions: 86->86
[352.640s][info][gc,heap        ] GC(1929) Humongous regions: 6->6
[352.640s][info][gc,metaspace   ] GC(1929) Metaspace: 73667K->73667K(1116160K)
[352.640s][info][gc             ] GC(1929) Pause Young (Normal) (G1 Evacuation Pause) 370M->90M(469M) 4.349ms
[352.640s][info][gc,cpu         ] GC(1929) User=0.00s Sys=0.00s Real=0.01s
[352.822s][info][gc,start       ] GC(1930) Pause Young (Normal) (G1 Evacuation Pause)
[352.822s][info][gc,task        ] GC(1930) Using 1 workers of 1 for evacuation
[352.827s][info][gc,phases      ] GC(1930)   Pre Evacuate Collection Set: 0.0ms
[352.827s][info][gc,phases      ] GC(1930)   Evacuate Collection Set: 4.1ms
[352.827s][info][gc,phases      ] GC(1930)   Post Evacuate Collection Set: 0.4ms
[352.827s][info][gc,phases      ] GC(1930)   Other: 0.3ms
[352.827s][info][gc,heap        ] GC(1930) Eden regions: 280->0(280)
[352.827s][info][gc,heap        ] GC(1930) Survivor regions: 1->1(36)
[352.827s][info][gc,heap        ] GC(1930) Old regions: 86->86
[352.827s][info][gc,heap        ] GC(1930) Humongous regions: 6->6
[352.827s][info][gc,metaspace   ] GC(1930) Metaspace: 73667K->73667K(1116160K)
[352.827s][info][gc             ] GC(1930) Pause Young (Normal) (G1 Evacuation Pause) 370M->90M(469M) 4.938ms
[352.827s][info][gc,cpu         ] GC(1930) User=0.01s Sys=0.00s Real=0.01s
[353.329s][info][gc,start       ] GC(1931) Pause Young (Normal) (G1 Evacuation Pause)
[353.329s][info][gc,task        ] GC(1931) Using 1 workers of 1 for evacuation
[353.345s][info][gc,phases      ] GC(1931)   Pre Evacuate Collection Set: 0.0ms
[353.345s][info][gc,phases      ] GC(1931)   Evacuate Collection Set: 14.2ms
[353.345s][info][gc,phases      ] GC(1931)   Post Evacuate Collection Set: 0.8ms
[353.345s][info][gc,phases      ] GC(1931)   Other: 0.6ms
[353.345s][info][gc,heap        ] GC(1931) Eden regions: 280->0(277)
[353.345s][info][gc,heap        ] GC(1931) Survivor regions: 1->4(36)
[353.345s][info][gc,heap        ] GC(1931) Old regions: 86->86
[353.345s][info][gc,heap        ] GC(1931) Humongous regions: 41->6
[353.345s][info][gc,metaspace   ] GC(1931) Metaspace: 73677K->73677K(1116160K)
[353.345s][info][gc             ] GC(1931) Pause Young (Normal) (G1 Evacuation Pause) 405M->93M(469M) 15.773ms
[353.345s][info][gc,cpu         ] GC(1931) User=0.01s Sys=0.00s Real=0.01s
[353.551s][info][gc,start       ] GC(1932) Pause Young (Normal) (G1 Evacuation Pause)
[353.551s][info][gc,task        ] GC(1932) Using 1 workers of 1 for evacuation
[353.560s][info][gc,phases      ] GC(1932)   Pre Evacuate Collection Set: 0.0ms
[353.560s][info][gc,phases      ] GC(1932)   Evacuate Collection Set: 8.5ms
[353.560s][info][gc,phases      ] GC(1932)   Post Evacuate Collection Set: 0.5ms
[353.560s][info][gc,phases      ] GC(1932)   Other: 0.4ms
[353.560s][info][gc,heap        ] GC(1932) Eden regions: 277->0(277)
[353.560s][info][gc,heap        ] GC(1932) Survivor regions: 4->4(36)
[353.560s][info][gc,heap        ] GC(1932) Old regions: 86->86
[353.560s][info][gc,heap        ] GC(1932) Humongous regions: 6->6
[353.560s][info][gc,metaspace   ] GC(1932) Metaspace: 73677K->73677K(1116160K)
[353.560s][info][gc             ] GC(1932) Pause Young (Normal) (G1 Evacuation Pause) 370M->93M(469M) 9.522ms
[353.560s][info][gc,cpu         ] GC(1932) User=0.01s Sys=0.00s Real=0.01s
[354.027s][info][gc,start       ] GC(1933) Pause Young (Normal) (G1 Evacuation Pause)
[354.028s][info][gc,task        ] GC(1933) Using 1 workers of 1 for evacuation
[354.036s][info][gc,phases      ] GC(1933)   Pre Evacuate Collection Set: 0.1ms
[354.036s][info][gc,phases      ] GC(1933)   Evacuate Collection Set: 7.4ms
[354.036s][info][gc,phases      ] GC(1933)   Post Evacuate Collection Set: 0.6ms
[354.036s][info][gc,phases      ] GC(1933)   Other: 0.5ms
[354.036s][info][gc,heap        ] GC(1933) Eden regions: 277->0(279)
[354.036s][info][gc,heap        ] GC(1933) Survivor regions: 4->2(36)
[354.036s][info][gc,heap        ] GC(1933) Old regions: 86->86
[354.036s][info][gc,heap        ] GC(1933) Humongous regions: 31->6
[354.036s][info][gc,metaspace   ] GC(1933) Metaspace: 73680K->73680K(1116160K)
[354.036s][info][gc             ] GC(1933) Pause Young (Normal) (G1 Evacuation Pause) 395M->91M(469M) 8.640ms
[354.036s][info][gc,cpu         ] GC(1933) User=0.01s Sys=0.00s Real=0.00s
[354.362s][info][gc,start       ] GC(1934) Pause Young (Normal) (G1 Evacuation Pause)
[354.362s][info][gc,task        ] GC(1934) Using 1 workers of 1 for evacuation
[354.378s][info][gc,phases      ] GC(1934)   Pre Evacuate Collection Set: 0.0ms
[354.378s][info][gc,phases      ] GC(1934)   Evacuate Collection Set: 14.9ms
[354.378s][info][gc,phases      ] GC(1934)   Post Evacuate Collection Set: 0.7ms
[354.378s][info][gc,phases      ] GC(1934)   Other: 0.5ms
[354.378s][info][gc,heap        ] GC(1934) Eden regions: 279->0(277)
[354.378s][info][gc,heap        ] GC(1934) Survivor regions: 2->4(36)
[354.378s][info][gc,heap        ] GC(1934) Old regions: 86->86
[354.378s][info][gc,heap        ] GC(1934) Humongous regions: 11->6
[354.378s][info][gc,metaspace   ] GC(1934) Metaspace: 73680K->73680K(1116160K)
[354.378s][info][gc             ] GC(1934) Pause Young (Normal) (G1 Evacuation Pause) 375M->93M(469M) 16.297ms
[354.378s][info][gc,cpu         ] GC(1934) User=0.02s Sys=0.00s Real=0.01s
[354.606s][info][gc,start       ] GC(1935) Pause Young (Normal) (G1 Evacuation Pause)
[354.607s][info][gc,task        ] GC(1935) Using 1 workers of 1 for evacuation
[354.619s][info][gc,phases      ] GC(1935)   Pre Evacuate Collection Set: 0.1ms
[354.619s][info][gc,phases      ] GC(1935)   Evacuate Collection Set: 11.6ms
[354.619s][info][gc,phases      ] GC(1935)   Post Evacuate Collection Set: 0.4ms
[354.619s][info][gc,phases      ] GC(1935)   Other: 0.5ms
[354.619s][info][gc,heap        ] GC(1935) Eden regions: 277->0(277)
[354.619s][info][gc,heap        ] GC(1935) Survivor regions: 4->4(36)
[354.619s][info][gc,heap        ] GC(1935) Old regions: 86->86
[354.619s][info][gc,heap        ] GC(1935) Humongous regions: 6->6
[354.619s][info][gc,metaspace   ] GC(1935) Metaspace: 73680K->73680K(1116160K)
[354.619s][info][gc             ] GC(1935) Pause Young (Normal) (G1 Evacuation Pause) 370M->93M(469M) 12.624ms
[354.619s][info][gc,cpu         ] GC(1935) User=0.01s Sys=0.00s Real=0.01s
[355.277s][info][gc,task        ] GC(1936) Using 1 workers of 1 for full compaction
[355.277s][info][gc,start       ] GC(1936) Pause Full (System.gc())
[355.279s][info][gc,phases,start] GC(1936) Phase 1: Mark live objects
[355.389s][info][gc,stringtable ] GC(1936) Cleaned string and symbol table, strings: 25464 processed, 31 removed, symbols: 145813 processed, 4 removed
[355.389s][info][gc,phases      ] GC(1936) Phase 1: Mark live objects 110.206ms
[355.389s][info][gc,phases,start] GC(1936) Phase 2: Prepare for compaction
[355.405s][info][gc,phases      ] GC(1936) Phase 2: Prepare for compaction 15.894ms
[355.405s][info][gc,phases,start] GC(1936) Phase 3: Adjust pointers
[355.462s][info][gc,phases      ] GC(1936) Phase 3: Adjust pointers 56.796ms
[355.462s][info][gc,phases,start] GC(1936) Phase 4: Compact heap
[355.487s][info][gc,phases      ] GC(1936) Phase 4: Compact heap 25.656ms
[355.508s][info][gc,heap        ] GC(1936) Eden regions: 188->0(145)
[355.508s][info][gc,heap        ] GC(1936) Survivor regions: 4->0(36)
[355.508s][info][gc,heap        ] GC(1936) Old regions: 86->67
[355.508s][info][gc,heap        ] GC(1936) Humongous regions: 41->6
[355.508s][info][gc,metaspace   ] GC(1936) Metaspace: 73935K->73935K(1116160K)
[355.508s][info][gc             ] GC(1936) Pause Full (System.gc()) 316M->70M(244M) 230.915ms
[355.508s][info][gc,cpu         ] GC(1936) User=0.22s Sys=0.01s Real=0.24s
[355.891s][info][gc,start       ] GC(1937) Pause Young (Concurrent Start) (G1 Humongous Allocation)
[355.891s][info][gc,task        ] GC(1937) Using 1 workers of 1 for evacuation
[355.899s][info][gc,phases      ] GC(1937)   Pre Evacuate Collection Set: 0.5ms
[355.899s][info][gc,phases      ] GC(1937)   Evacuate Collection Set: 6.9ms
[355.899s][info][gc,phases      ] GC(1937)   Post Evacuate Collection Set: 0.4ms
[355.899s][info][gc,phases      ] GC(1937)   Other: 0.5ms
[355.899s][info][gc,heap        ] GC(1937) Eden regions: 81->0(141)
[355.899s][info][gc,heap        ] GC(1937) Survivor regions: 0->2(19)
[355.899s][info][gc,heap        ] GC(1937) Old regions: 67->67
[355.899s][info][gc,heap        ] GC(1937) Humongous regions: 41->6
[355.899s][info][gc,metaspace   ] GC(1937) Metaspace: 73986K->73986K(1116160K)
[355.899s][info][gc             ] GC(1937) Pause Young (Concurrent Start) (G1 Humongous Allocation) 185M->72M(244M) 8.331ms
[355.899s][info][gc,cpu         ] GC(1937) User=0.01s Sys=0.00s Real=0.01s
[355.899s][info][gc             ] GC(1938) Concurrent Cycle
[355.899s][info][gc,marking     ] GC(1938) Concurrent Clear Claimed Marks
[355.899s][info][gc,marking     ] GC(1938) Concurrent Clear Claimed Marks 0.457ms
[355.900s][info][gc,marking     ] GC(1938) Concurrent Scan Root Regions
[355.909s][info][gc,marking     ] GC(1938) Concurrent Scan Root Regions 9.336ms
[355.909s][info][gc,marking     ] GC(1938) Concurrent Mark (355.909s)
[355.909s][info][gc,marking     ] GC(1938) Concurrent Mark From Roots
[355.909s][info][gc,task        ] GC(1938) Using 1 workers of 1 for marking
[356.074s][info][gc,marking     ] GC(1938) Concurrent Mark From Roots 165.302ms
[356.074s][info][gc,marking     ] GC(1938) Concurrent Preclean
[356.074s][info][gc,marking     ] GC(1938) Concurrent Preclean 0.198ms
[356.075s][info][gc,marking     ] GC(1938) Concurrent Mark (355.909s, 356.074s) 165.586ms
[356.077s][info][gc,start       ] GC(1938) Pause Remark
[356.113s][info][gc,stringtable ] GC(1938) Cleaned string and symbol table, strings: 25576 processed, 0 removed, symbols: 145812 processed, 0 removed
[356.113s][info][gc             ] GC(1938) Pause Remark 146M->144M(244M) 35.697ms
[356.113s][info][gc,cpu         ] GC(1938) User=0.04s Sys=0.00s Real=0.04s
[356.113s][info][gc,marking     ] GC(1938) Concurrent Rebuild Remembered Sets
[356.197s][info][gc,marking     ] GC(1938) Concurrent Rebuild Remembered Sets 83.478ms
[356.200s][info][gc,start       ] GC(1938) Pause Cleanup
[356.200s][info][gc             ] GC(1938) Pause Cleanup 196M->196M(244M) 0.186ms
[356.200s][info][gc,cpu         ] GC(1938) User=0.00s Sys=0.00s Real=0.00s
[356.200s][info][gc,marking     ] GC(1938) Concurrent Cleanup for Next Mark
[356.208s][info][gc,marking     ] GC(1938) Concurrent Cleanup for Next Mark 7.814ms
[356.208s][info][gc             ] GC(1938) Concurrent Cycle 308.630ms
[356.221s][info][gc,start       ] GC(1939) Pause Young (Prepare Mixed) (G1 Evacuation Pause)
[356.221s][info][gc,task        ] GC(1939) Using 1 workers of 1 for evacuation
[356.228s][info][gc,phases      ] GC(1939)   Pre Evacuate Collection Set: 0.0ms
[356.228s][info][gc,phases      ] GC(1939)   Evacuate Collection Set: 6.4ms
[356.228s][info][gc,phases      ] GC(1939)   Post Evacuate Collection Set: 0.4ms
[356.229s][info][gc,phases      ] GC(1939)   Other: 0.3ms
[356.229s][info][gc,heap        ] GC(1939) Eden regions: 141->0(9)
[356.229s][info][gc,heap        ] GC(1939) Survivor regions: 2->3(18)
[356.229s][info][gc,heap        ] GC(1939) Old regions: 65->65
[356.229s][info][gc,heap        ] GC(1939) Humongous regions: 26->6
[356.229s][info][gc,metaspace   ] GC(1939) Metaspace: 73986K->73986K(1116160K)
[356.229s][info][gc             ] GC(1939) Pause Young (Prepare Mixed) (G1 Evacuation Pause) 231M->70M(244M) 7.147ms
[356.229s][info][gc,cpu         ] GC(1939) User=0.01s Sys=0.00s Real=0.01s
[356.236s][info][gc,start       ] GC(1940) Pause Young (Mixed) (G1 Evacuation Pause)
[356.236s][info][gc,task        ] GC(1940) Using 1 workers of 1 for evacuation
[356.246s][info][gc,phases      ] GC(1940)   Pre Evacuate Collection Set: 0.0ms
[356.246s][info][gc,phases      ] GC(1940)   Evacuate Collection Set: 8.7ms
[356.246s][info][gc,phases      ] GC(1940)   Post Evacuate Collection Set: 0.5ms
[356.246s][info][gc,phases      ] GC(1940)   Other: 0.3ms
[356.246s][info][gc,heap        ] GC(1940) Eden regions: 9->0(145)
[356.246s][info][gc,heap        ] GC(1940) Survivor regions: 3->1(2)
[356.246s][info][gc,heap        ] GC(1940) Old regions: 65->54
[356.246s][info][gc,heap        ] GC(1940) Humongous regions: 6->6
[356.246s][info][gc,metaspace   ] GC(1940) Metaspace: 73986K->73986K(1116160K)
[356.246s][info][gc             ] GC(1940) Pause Young (Mixed) (G1 Evacuation Pause) 79M->58M(244M) 9.705ms
[356.246s][info][gc,cpu         ] GC(1940) User=0.01s Sys=0.00s Real=0.01s
[356.341s][info][gc,start       ] GC(1941) Pause Young (Normal) (G1 Evacuation Pause)
[356.341s][info][gc,task        ] GC(1941) Using 1 workers of 1 for evacuation
[356.346s][info][gc,phases      ] GC(1941)   Pre Evacuate Collection Set: 0.0ms
[356.346s][info][gc,phases      ] GC(1941)   Evacuate Collection Set: 4.7ms
[356.346s][info][gc,phases      ] GC(1941)   Post Evacuate Collection Set: 0.4ms
[356.346s][info][gc,phases      ] GC(1941)   Other: 0.4ms
[356.346s][info][gc,heap        ] GC(1941) Eden regions: 145->0(145)
[356.346s][info][gc,heap        ] GC(1941) Survivor regions: 1->1(19)
[356.346s][info][gc,heap        ] GC(1941) Old regions: 54->54
[356.346s][info][gc,heap        ] GC(1941) Humongous regions: 6->6
[356.346s][info][gc,metaspace   ] GC(1941) Metaspace: 73986K->73986K(1116160K)
[356.346s][info][gc             ] GC(1941) Pause Young (Normal) (G1 Evacuation Pause) 203M->58M(244M) 5.550ms
[356.346s][info][gc,cpu         ] GC(1941) User=0.01s Sys=0.00s Real=0.00s
[356.440s][info][gc,start       ] GC(1942) Pause Young (Normal) (G1 Evacuation Pause)
[356.441s][info][gc,task        ] GC(1942) Using 1 workers of 1 for evacuation
[356.444s][info][gc,phases      ] GC(1942)   Pre Evacuate Collection Set: 0.0ms
[356.445s][info][gc,phases      ] GC(1942)   Evacuate Collection Set: 3.2ms
[356.445s][info][gc,phases      ] GC(1942)   Post Evacuate Collection Set: 0.3ms
[356.445s][info][gc,phases      ] GC(1942)   Other: 1.4ms
[356.445s][info][gc,heap        ] GC(1942) Eden regions: 145->0(145)
[356.445s][info][gc,heap        ] GC(1942) Survivor regions: 1->1(19)
[356.445s][info][gc,heap        ] GC(1942) Old regions: 54->54
[356.445s][info][gc,heap        ] GC(1942) Humongous regions: 6->6
[356.445s][info][gc,metaspace   ] GC(1942) Metaspace: 73986K->73986K(1116160K)
[356.445s][info][gc             ] GC(1942) Pause Young (Normal) (G1 Evacuation Pause) 203M->58M(244M) 5.021ms
[356.445s][info][gc,cpu         ] GC(1942) User=0.01s Sys=0.00s Real=0.00s
[356.529s][info][gc,start       ] GC(1943) Pause Young (Normal) (G1 Evacuation Pause)
[356.529s][info][gc,task        ] GC(1943) Using 1 workers of 1 for evacuation
[356.533s][info][gc,phases      ] GC(1943)   Pre Evacuate Collection Set: 0.0ms
[356.533s][info][gc,phases      ] GC(1943)   Evacuate Collection Set: 3.3ms
[356.533s][info][gc,phases      ] GC(1943)   Post Evacuate Collection Set: 0.3ms
[356.533s][info][gc,phases      ] GC(1943)   Other: 0.3ms
[356.533s][info][gc,heap        ] GC(1943) Eden regions: 145->0(145)
[356.533s][info][gc,heap        ] GC(1943) Survivor regions: 1->1(19)
[356.533s][info][gc,heap        ] GC(1943) Old regions: 54->54
[356.533s][info][gc,heap        ] GC(1943) Humongous regions: 6->6
[356.533s][info][gc,metaspace   ] GC(1943) Metaspace: 73986K->73986K(1116160K)
[356.533s][info][gc             ] GC(1943) Pause Young (Normal) (G1 Evacuation Pause) 203M->58M(244M) 4.047ms
[356.533s][info][gc,cpu         ] GC(1943) User=0.00s Sys=0.00s Real=0.00s
[356.622s][info][gc,start       ] GC(1944) Pause Young (Normal) (G1 Evacuation Pause)
[356.622s][info][gc,task        ] GC(1944) Using 1 workers of 1 for evacuation
[356.626s][info][gc,phases      ] GC(1944)   Pre Evacuate Collection Set: 0.0ms
[356.626s][info][gc,phases      ] GC(1944)   Evacuate Collection Set: 3.2ms
[356.626s][info][gc,phases      ] GC(1944)   Post Evacuate Collection Set: 1.2ms
[356.626s][info][gc,phases      ] GC(1944)   Other: 0.3ms
[356.626s][info][gc,heap        ] GC(1944) Eden regions: 145->0(208)
[356.626s][info][gc,heap        ] GC(1944) Survivor regions: 1->1(19)
[356.626s][info][gc,heap        ] GC(1944) Old regions: 54->54
[356.626s][info][gc,heap        ] GC(1944) Humongous regions: 6->6
[356.626s][info][gc,metaspace   ] GC(1944) Metaspace: 73986K->73986K(1116160K)
[356.626s][info][gc             ] GC(1944) Pause Young (Normal) (G1 Evacuation Pause) 203M->58M(433M) 4.778ms
[356.626s][info][gc,cpu         ] GC(1944) User=0.00s Sys=0.00s Real=0.01s
[356.808s][info][gc,start       ] GC(1945) Pause Young (Normal) (G1 Evacuation Pause)
[356.808s][info][gc,task        ] GC(1945) Using 1 workers of 1 for evacuation
[356.812s][info][gc,phases      ] GC(1945)   Pre Evacuate Collection Set: 0.0ms
[356.812s][info][gc,phases      ] GC(1945)   Evacuate Collection Set: 3.2ms
[356.812s][info][gc,phases      ] GC(1945)   Post Evacuate Collection Set: 0.4ms
[356.812s][info][gc,phases      ] GC(1945)   Other: 0.4ms
[356.812s][info][gc,heap        ] GC(1945) Eden regions: 208->0(216)
[356.812s][info][gc,heap        ] GC(1945) Survivor regions: 1->1(27)
[356.812s][info][gc,heap        ] GC(1945) Old regions: 54->54
[356.812s][info][gc,heap        ] GC(1945) Humongous regions: 6->6
[356.812s][info][gc,metaspace   ] GC(1945) Metaspace: 73986K->73986K(1116160K)
[356.812s][info][gc             ] GC(1945) Pause Young (Normal) (G1 Evacuation Pause) 266M->58M(433M) 4.011ms
[356.812s][info][gc,cpu         ] GC(1945) User=0.01s Sys=0.00s Real=0.00s
[356.962s][info][gc,start       ] GC(1946) Pause Young (Normal) (G1 Evacuation Pause)
[356.962s][info][gc,task        ] GC(1946) Using 1 workers of 1 for evacuation
[356.966s][info][gc,phases      ] GC(1946)   Pre Evacuate Collection Set: 0.0ms
[356.966s][info][gc,phases      ] GC(1946)   Evacuate Collection Set: 3.1ms
[356.966s][info][gc,phases      ] GC(1946)   Post Evacuate Collection Set: 0.4ms
[356.966s][info][gc,phases      ] GC(1946)   Other: 0.4ms
[356.966s][info][gc,heap        ] GC(1946) Eden regions: 216->0(224)
[356.966s][info][gc,heap        ] GC(1946) Survivor regions: 1->1(28)
[356.966s][info][gc,heap        ] GC(1946) Old regions: 54->54
[356.966s][info][gc,heap        ] GC(1946) Humongous regions: 6->6
[356.966s][info][gc,metaspace   ] GC(1946) Metaspace: 73986K->73986K(1116160K)
[356.966s][info][gc             ] GC(1946) Pause Young (Normal) (G1 Evacuation Pause) 274M->58M(433M) 3.890ms
[356.966s][info][gc,cpu         ] GC(1946) User=0.00s Sys=0.00s Real=0.01s
[357.126s][info][gc,start       ] GC(1947) Pause Young (Normal) (G1 Evacuation Pause)
[357.126s][info][gc,task        ] GC(1947) Using 1 workers of 1 for evacuation
[357.131s][info][gc,phases      ] GC(1947)   Pre Evacuate Collection Set: 0.0ms
[357.131s][info][gc,phases      ] GC(1947)   Evacuate Collection Set: 3.5ms
[357.131s][info][gc,phases      ] GC(1947)   Post Evacuate Collection Set: 0.4ms
[357.131s][info][gc,phases      ] GC(1947)   Other: 0.6ms
[357.131s][info][gc,heap        ] GC(1947) Eden regions: 224->0(230)
[357.131s][info][gc,heap        ] GC(1947) Survivor regions: 1->2(29)
[357.131s][info][gc,heap        ] GC(1947) Old regions: 54->54
[357.131s][info][gc,heap        ] GC(1947) Humongous regions: 6->6
[357.131s][info][gc,metaspace   ] GC(1947) Metaspace: 73986K->73986K(1116160K)
[357.131s][info][gc             ] GC(1947) Pause Young (Normal) (G1 Evacuation Pause) 282M->58M(433M) 4.588ms
[357.131s][info][gc,cpu         ] GC(1947) User=0.01s Sys=0.00s Real=0.01s
[357.569s][info][gc,start       ] GC(1948) Pause Young (Normal) (G1 Evacuation Pause)
[357.569s][info][gc,task        ] GC(1948) Using 1 workers of 1 for evacuation
[357.573s][info][gc,phases      ] GC(1948)   Pre Evacuate Collection Set: 0.0ms
[357.573s][info][gc,phases      ] GC(1948)   Evacuate Collection Set: 3.8ms
[357.573s][info][gc,phases      ] GC(1948)   Post Evacuate Collection Set: 0.4ms
[357.573s][info][gc,phases      ] GC(1948)   Other: 0.4ms
[357.573s][info][gc,heap        ] GC(1948) Eden regions: 230->0(238)
[357.573s][info][gc,heap        ] GC(1948) Survivor regions: 2->2(29)
[357.573s][info][gc,heap        ] GC(1948) Old regions: 54->54
[357.573s][info][gc,heap        ] GC(1948) Humongous regions: 21->6
[357.574s][info][gc,metaspace   ] GC(1948) Metaspace: 73988K->73988K(1116160K)
[357.574s][info][gc             ] GC(1948) Pause Young (Normal) (G1 Evacuation Pause) 303M->58M(433M) 4.780ms
[357.574s][info][gc,cpu         ] GC(1948) User=0.01s Sys=0.00s Real=0.00s
[357.954s][info][gc,start       ] GC(1949) Pause Young (Normal) (G1 Evacuation Pause)
[357.954s][info][gc,task        ] GC(1949) Using 1 workers of 1 for evacuation
[357.965s][info][gc,phases      ] GC(1949)   Pre Evacuate Collection Set: 0.0ms
[357.965s][info][gc,phases      ] GC(1949)   Evacuate Collection Set: 9.8ms
[357.965s][info][gc,phases      ] GC(1949)   Post Evacuate Collection Set: 0.7ms
[357.965s][info][gc,phases      ] GC(1949)   Other: 0.8ms
[357.965s][info][gc,heap        ] GC(1949) Eden regions: 238->0(245)
[357.965s][info][gc,heap        ] GC(1949) Survivor regions: 2->3(30)
[357.965s][info][gc,heap        ] GC(1949) Old regions: 54->54
[357.965s][info][gc,heap        ] GC(1949) Humongous regions: 16->6
[357.965s][info][gc,metaspace   ] GC(1949) Metaspace: 74000K->74000K(1116160K)
[357.965s][info][gc             ] GC(1949) Pause Young (Normal) (G1 Evacuation Pause) 306M->59M(433M) 11.368ms
[357.965s][info][gc,cpu         ] GC(1949) User=0.01s Sys=0.00s Real=0.01s
[358.120s][info][gc,start       ] GC(1950) Pause Young (Normal) (G1 Evacuation Pause)
[358.120s][info][gc,task        ] GC(1950) Using 1 workers of 1 for evacuation
[358.125s][info][gc,phases      ] GC(1950)   Pre Evacuate Collection Set: 0.0ms
[358.125s][info][gc,phases      ] GC(1950)   Evacuate Collection Set: 4.5ms
[358.125s][info][gc,phases      ] GC(1950)   Post Evacuate Collection Set: 0.4ms
[358.125s][info][gc,phases      ] GC(1950)   Other: 0.4ms
[358.125s][info][gc,heap        ] GC(1950) Eden regions: 245->0(252)
[358.125s][info][gc,heap        ] GC(1950) Survivor regions: 3->3(31)
[358.125s][info][gc,heap        ] GC(1950) Old regions: 54->54
[358.125s][info][gc,heap        ] GC(1950) Humongous regions: 6->6
[358.125s][info][gc,metaspace   ] GC(1950) Metaspace: 74000K->74000K(1116160K)
[358.125s][info][gc             ] GC(1950) Pause Young (Normal) (G1 Evacuation Pause) 304M->59M(433M) 5.399ms
[358.125s][info][gc,cpu         ] GC(1950) User=0.01s Sys=0.00s Real=0.00s
[358.277s][info][gc,start       ] GC(1951) Pause Young (Normal) (G1 Evacuation Pause)
[358.277s][info][gc,task        ] GC(1951) Using 1 workers of 1 for evacuation
[358.283s][info][gc,phases      ] GC(1951)   Pre Evacuate Collection Set: 0.0ms
[358.283s][info][gc,phases      ] GC(1951)   Evacuate Collection Set: 5.1ms
[358.283s][info][gc,phases      ] GC(1951)   Post Evacuate Collection Set: 0.5ms
[358.283s][info][gc,phases      ] GC(1951)   Other: 0.5ms
[358.283s][info][gc,heap        ] GC(1951) Eden regions: 252->0(256)
[358.283s][info][gc,heap        ] GC(1951) Survivor regions: 3->3(32)
[358.283s][info][gc,heap        ] GC(1951) Old regions: 54->54
[358.283s][info][gc,heap        ] GC(1951) Humongous regions: 6->6
[358.283s][info][gc,metaspace   ] GC(1951) Metaspace: 74000K->74000K(1116160K)
[358.283s][info][gc             ] GC(1951) Pause Young (Normal) (G1 Evacuation Pause) 311M->59M(433M) 6.170ms
[358.283s][info][gc,cpu         ] GC(1951) User=0.01s Sys=0.00s Real=0.01s
[358.497s][info][gc,start       ] GC(1952) Pause Young (Normal) (G1 Evacuation Pause)
[358.497s][info][gc,task        ] GC(1952) Using 1 workers of 1 for evacuation
[358.502s][info][gc,phases      ] GC(1952)   Pre Evacuate Collection Set: 0.0ms
[358.502s][info][gc,phases      ] GC(1952)   Evacuate Collection Set: 4.1ms
[358.502s][info][gc,phases      ] GC(1952)   Post Evacuate Collection Set: 0.4ms
[358.502s][info][gc,phases      ] GC(1952)   Other: 0.4ms
[358.502s][info][gc,heap        ] GC(1952) Eden regions: 256->0(256)
[358.502s][info][gc,heap        ] GC(1952) Survivor regions: 3->3(33)
[358.502s][info][gc,heap        ] GC(1952) Old regions: 54->54
[358.502s][info][gc,heap        ] GC(1952) Humongous regions: 6->6
[358.502s][info][gc,metaspace   ] GC(1952) Metaspace: 74000K->74000K(1116160K)
[358.502s][info][gc             ] GC(1952) Pause Young (Normal) (G1 Evacuation Pause) 315M->59M(433M) 5.099ms
[358.502s][info][gc,cpu         ] GC(1952) User=0.00s Sys=0.00s Real=0.01s
[358.646s][info][gc,start       ] GC(1953) Pause Young (Normal) (G1 Evacuation Pause)
[358.646s][info][gc,task        ] GC(1953) Using 1 workers of 1 for evacuation
[358.651s][info][gc,phases      ] GC(1953)   Pre Evacuate Collection Set: 0.0ms
[358.651s][info][gc,phases      ] GC(1953)   Evacuate Collection Set: 4.6ms
[358.651s][info][gc,phases      ] GC(1953)   Post Evacuate Collection Set: 0.4ms
[358.651s][info][gc,phases      ] GC(1953)   Other: 0.3ms
[358.651s][info][gc,heap        ] GC(1953) Eden regions: 256->0(256)
[358.651s][info][gc,heap        ] GC(1953) Survivor regions: 3->3(33)
[358.651s][info][gc,heap        ] GC(1953) Old regions: 54->54
[358.651s][info][gc,heap        ] GC(1953) Humongous regions: 6->6
[358.651s][info][gc,metaspace   ] GC(1953) Metaspace: 74000K->74000K(1116160K)
[358.651s][info][gc             ] GC(1953) Pause Young (Normal) (G1 Evacuation Pause) 315M->59M(433M) 5.419ms
[358.651s][info][gc,cpu         ] GC(1953) User=0.00s Sys=0.00s Real=0.01s
[358.951s][info][gc,start       ] GC(1954) Pause Young (Normal) (G1 Evacuation Pause)
[358.952s][info][gc,task        ] GC(1954) Using 1 workers of 1 for evacuation
[358.966s][info][gc,phases      ] GC(1954)   Pre Evacuate Collection Set: 0.1ms
[358.966s][info][gc,phases      ] GC(1954)   Evacuate Collection Set: 12.5ms
[358.966s][info][gc,phases      ] GC(1954)   Post Evacuate Collection Set: 0.9ms
[358.966s][info][gc,phases      ] GC(1954)   Other: 1.0ms
[358.966s][info][gc,heap        ] GC(1954) Eden regions: 256->0(257)
[358.966s][info][gc,heap        ] GC(1954) Survivor regions: 3->2(33)
[358.966s][info][gc,heap        ] GC(1954) Old regions: 54->55
[358.966s][info][gc,heap        ] GC(1954) Humongous regions: 6->6
[358.966s][info][gc,metaspace   ] GC(1954) Metaspace: 74000K->74000K(1116160K)
[358.966s][info][gc             ] GC(1954) Pause Young (Normal) (G1 Evacuation Pause) 315M->59M(433M) 14.594ms
[358.966s][info][gc,cpu         ] GC(1954) User=0.02s Sys=0.00s Real=0.01s
[359.193s][info][gc,start       ] GC(1955) Pause Young (Normal) (G1 Evacuation Pause)
[359.193s][info][gc,task        ] GC(1955) Using 1 workers of 1 for evacuation
[359.202s][info][gc,phases      ] GC(1955)   Pre Evacuate Collection Set: 0.1ms
[359.202s][info][gc,phases      ] GC(1955)   Evacuate Collection Set: 7.9ms
[359.202s][info][gc,phases      ] GC(1955)   Post Evacuate Collection Set: 0.4ms
[359.202s][info][gc,phases      ] GC(1955)   Other: 0.8ms
[359.202s][info][gc,heap        ] GC(1955) Eden regions: 257->0(257)
[359.202s][info][gc,heap        ] GC(1955) Survivor regions: 2->2(33)
[359.202s][info][gc,heap        ] GC(1955) Old regions: 55->55
[359.202s][info][gc,heap        ] GC(1955) Humongous regions: 6->6
[359.202s][info][gc,metaspace   ] GC(1955) Metaspace: 74000K->74000K(1116160K)
[359.202s][info][gc             ] GC(1955) Pause Young (Normal) (G1 Evacuation Pause) 316M->59M(433M) 9.180ms
[359.202s][info][gc,cpu         ] GC(1955) User=0.01s Sys=0.00s Real=0.01s
[359.573s][info][gc,start       ] GC(1956) Pause Young (Normal) (G1 Evacuation Pause)
[359.573s][info][gc,task        ] GC(1956) Using 1 workers of 1 for evacuation
[359.586s][info][gc,phases      ] GC(1956)   Pre Evacuate Collection Set: 0.1ms
[359.587s][info][gc,phases      ] GC(1956)   Evacuate Collection Set: 10.9ms
[359.587s][info][gc,phases      ] GC(1956)   Post Evacuate Collection Set: 1.2ms
[359.587s][info][gc,phases      ] GC(1956)   Other: 1.3ms
[359.587s][info][gc,heap        ] GC(1956) Eden regions: 257->0(257)
[359.587s][info][gc,heap        ] GC(1956) Survivor regions: 2->2(33)
[359.587s][info][gc,heap        ] GC(1956) Old regions: 55->55
[359.587s][info][gc,heap        ] GC(1956) Humongous regions: 11->6
[359.587s][info][gc,metaspace   ] GC(1956) Metaspace: 74000K->74000K(1116160K)
[359.587s][info][gc             ] GC(1956) Pause Young (Normal) (G1 Evacuation Pause) 321M->59M(433M) 13.973ms
[359.587s][info][gc,cpu         ] GC(1956) User=0.01s Sys=0.01s Real=0.02s
[359.806s][info][gc,start       ] GC(1957) Pause Young (Normal) (G1 Evacuation Pause)
[359.806s][info][gc,task        ] GC(1957) Using 1 workers of 1 for evacuation
[359.813s][info][gc,phases      ] GC(1957)   Pre Evacuate Collection Set: 0.0ms
[359.813s][info][gc,phases      ] GC(1957)   Evacuate Collection Set: 6.1ms
[359.813s][info][gc,phases      ] GC(1957)   Post Evacuate Collection Set: 0.6ms
[359.813s][info][gc,phases      ] GC(1957)   Other: 0.5ms
[359.813s][info][gc,heap        ] GC(1957) Eden regions: 257->0(257)
[359.813s][info][gc,heap        ] GC(1957) Survivor regions: 2->2(33)
[359.813s][info][gc,heap        ] GC(1957) Old regions: 55->55
[359.813s][info][gc,heap        ] GC(1957) Humongous regions: 6->6
[359.813s][info][gc,metaspace   ] GC(1957) Metaspace: 74000K->74000K(1116160K)
[359.813s][info][gc             ] GC(1957) Pause Young (Normal) (G1 Evacuation Pause) 316M->59M(433M) 7.310ms
[359.814s][info][gc,cpu         ] GC(1957) User=0.00s Sys=0.00s Real=0.01s
[360.109s][info][gc,start       ] GC(1958) Pause Young (Normal) (G1 Evacuation Pause)
[360.109s][info][gc,task        ] GC(1958) Using 1 workers of 1 for evacuation
[360.116s][info][gc,phases      ] GC(1958)   Pre Evacuate Collection Set: 0.0ms
[360.116s][info][gc,phases      ] GC(1958)   Evacuate Collection Set: 5.3ms
[360.116s][info][gc,phases      ] GC(1958)   Post Evacuate Collection Set: 0.7ms
[360.116s][info][gc,phases      ] GC(1958)   Other: 0.6ms
[360.116s][info][gc,heap        ] GC(1958) Eden regions: 257->0(257)
[360.116s][info][gc,heap        ] GC(1958) Survivor regions: 2->2(33)
[360.116s][info][gc,heap        ] GC(1958) Old regions: 55->55
[360.116s][info][gc,heap        ] GC(1958) Humongous regions: 6->6
[360.116s][info][gc,metaspace   ] GC(1958) Metaspace: 74000K->74000K(1116160K)
[360.116s][info][gc             ] GC(1958) Pause Young (Normal) (G1 Evacuation Pause) 316M->59M(433M) 6.751ms
[360.116s][info][gc,cpu         ] GC(1958) User=0.00s Sys=0.00s Real=0.00s
[360.286s][info][gc,start       ] GC(1959) Pause Young (Normal) (G1 Evacuation Pause)
[360.286s][info][gc,task        ] GC(1959) Using 1 workers of 1 for evacuation
[360.291s][info][gc,phases      ] GC(1959)   Pre Evacuate Collection Set: 0.0ms
[360.291s][info][gc,phases      ] GC(1959)   Evacuate Collection Set: 4.0ms
[360.291s][info][gc,phases      ] GC(1959)   Post Evacuate Collection Set: 0.4ms
[360.291s][info][gc,phases      ] GC(1959)   Other: 0.4ms
[360.291s][info][gc,heap        ] GC(1959) Eden regions: 257->0(257)
[360.291s][info][gc,heap        ] GC(1959) Survivor regions: 2->2(33)
[360.291s][info][gc,heap        ] GC(1959) Old regions: 55->55
[360.291s][info][gc,heap        ] GC(1959) Humongous regions: 6->6
[360.291s][info][gc,metaspace   ] GC(1959) Metaspace: 74000K->74000K(1116160K)
[360.291s][info][gc             ] GC(1959) Pause Young (Normal) (G1 Evacuation Pause) 316M->59M(433M) 4.921ms
[360.291s][info][gc,cpu         ] GC(1959) User=0.01s Sys=0.00s Real=0.00s
[360.505s][info][gc,start       ] GC(1960) Pause Young (Normal) (G1 Evacuation Pause)
[360.505s][info][gc,task        ] GC(1960) Using 1 workers of 1 for evacuation
[360.510s][info][gc,phases      ] GC(1960)   Pre Evacuate Collection Set: 0.0ms
[360.510s][info][gc,phases      ] GC(1960)   Evacuate Collection Set: 4.0ms
[360.510s][info][gc,phases      ] GC(1960)   Post Evacuate Collection Set: 0.6ms
[360.510s][info][gc,phases      ] GC(1960)   Other: 0.4ms
[360.511s][info][gc,heap        ] GC(1960) Eden regions: 257->0(257)
[360.511s][info][gc,heap        ] GC(1960) Survivor regions: 2->2(33)
[360.511s][info][gc,heap        ] GC(1960) Old regions: 55->55
[360.511s][info][gc,heap        ] GC(1960) Humongous regions: 6->6
[360.511s][info][gc,metaspace   ] GC(1960) Metaspace: 74000K->74000K(1116160K)
[360.511s][info][gc             ] GC(1960) Pause Young (Normal) (G1 Evacuation Pause) 316M->59M(433M) 5.192ms
[360.511s][info][gc,cpu         ] GC(1960) User=0.01s Sys=0.00s Real=0.01s
[360.671s][info][gc,start       ] GC(1961) Pause Young (Normal) (G1 Evacuation Pause)
[360.671s][info][gc,task        ] GC(1961) Using 1 workers of 1 for evacuation
[360.676s][info][gc,phases      ] GC(1961)   Pre Evacuate Collection Set: 0.1ms
[360.676s][info][gc,phases      ] GC(1961)   Evacuate Collection Set: 4.6ms
[360.676s][info][gc,phases      ] GC(1961)   Post Evacuate Collection Set: 0.6ms
[360.676s][info][gc,phases      ] GC(1961)   Other: 0.4ms
[360.676s][info][gc,heap        ] GC(1961) Eden regions: 257->0(257)
[360.676s][info][gc,heap        ] GC(1961) Survivor regions: 2->2(33)
[360.676s][info][gc,heap        ] GC(1961) Old regions: 55->55
[360.676s][info][gc,heap        ] GC(1961) Humongous regions: 6->6
[360.676s][info][gc,metaspace   ] GC(1961) Metaspace: 74000K->74000K(1116160K)
[360.677s][info][gc             ] GC(1961) Pause Young (Normal) (G1 Evacuation Pause) 316M->59M(433M) 5.703ms
[360.677s][info][gc,cpu         ] GC(1961) User=0.00s Sys=0.00s Real=0.00s
[360.902s][info][gc,start       ] GC(1962) Pause Young (Normal) (G1 Evacuation Pause)
[360.902s][info][gc,task        ] GC(1962) Using 1 workers of 1 for evacuation
[360.907s][info][gc,phases      ] GC(1962)   Pre Evacuate Collection Set: 0.0ms
[360.907s][info][gc,phases      ] GC(1962)   Evacuate Collection Set: 4.0ms
[360.907s][info][gc,phases      ] GC(1962)   Post Evacuate Collection Set: 0.5ms
[360.907s][info][gc,phases      ] GC(1962)   Other: 0.4ms
[360.907s][info][gc,heap        ] GC(1962) Eden regions: 257->0(257)
[360.907s][info][gc,heap        ] GC(1962) Survivor regions: 2->2(33)
[360.907s][info][gc,heap        ] GC(1962) Old regions: 55->55
[360.907s][info][gc,heap        ] GC(1962) Humongous regions: 11->6
[360.907s][info][gc,metaspace   ] GC(1962) Metaspace: 74000K->74000K(1116160K)
[360.907s][info][gc             ] GC(1962) Pause Young (Normal) (G1 Evacuation Pause) 321M->60M(433M) 4.949ms
[360.907s][info][gc,cpu         ] GC(1962) User=0.01s Sys=0.00s Real=0.01s
[361.100s][info][gc,start       ] GC(1963) Pause Young (Normal) (G1 Evacuation Pause)
[361.100s][info][gc,task        ] GC(1963) Using 1 workers of 1 for evacuation
[361.105s][info][gc,phases      ] GC(1963)   Pre Evacuate Collection Set: 0.0ms
[361.105s][info][gc,phases      ] GC(1963)   Evacuate Collection Set: 3.9ms
[361.105s][info][gc,phases      ] GC(1963)   Post Evacuate Collection Set: 0.4ms
[361.105s][info][gc,phases      ] GC(1963)   Other: 0.3ms
[361.105s][info][gc,heap        ] GC(1963) Eden regions: 257->0(258)
[361.105s][info][gc,heap        ] GC(1963) Survivor regions: 2->1(33)
[361.105s][info][gc,heap        ] GC(1963) Old regions: 55->56
[361.105s][info][gc,heap        ] GC(1963) Humongous regions: 6->6
[361.105s][info][gc,metaspace   ] GC(1963) Metaspace: 74000K->74000K(1116160K)
[361.105s][info][gc             ] GC(1963) Pause Young (Normal) (G1 Evacuation Pause) 317M->59M(433M) 4.675ms
[361.105s][info][gc,cpu         ] GC(1963) User=0.00s Sys=0.00s Real=0.00s
[361.251s][info][gc,start       ] GC(1964) Pause Young (Normal) (G1 Evacuation Pause)
[361.251s][info][gc,task        ] GC(1964) Using 1 workers of 1 for evacuation
[361.256s][info][gc,phases      ] GC(1964)   Pre Evacuate Collection Set: 0.0ms
[361.256s][info][gc,phases      ] GC(1964)   Evacuate Collection Set: 3.6ms
[361.256s][info][gc,phases      ] GC(1964)   Post Evacuate Collection Set: 0.4ms
[361.256s][info][gc,phases      ] GC(1964)   Other: 0.4ms
[361.256s][info][gc,heap        ] GC(1964) Eden regions: 258->0(258)
[361.256s][info][gc,heap        ] GC(1964) Survivor regions: 1->1(33)
[361.256s][info][gc,heap        ] GC(1964) Old regions: 56->56
[361.256s][info][gc,heap        ] GC(1964) Humongous regions: 6->6
[361.256s][info][gc,metaspace   ] GC(1964) Metaspace: 74000K->74000K(1116160K)
[361.256s][info][gc             ] GC(1964) Pause Young (Normal) (G1 Evacuation Pause) 317M->59M(433M) 4.546ms
[361.256s][info][gc,cpu         ] GC(1964) User=0.00s Sys=0.00s Real=0.00s
[361.424s][info][gc,start       ] GC(1965) Pause Young (Normal) (G1 Evacuation Pause)
[361.424s][info][gc,task        ] GC(1965) Using 1 workers of 1 for evacuation
[361.427s][info][gc,phases      ] GC(1965)   Pre Evacuate Collection Set: 0.0ms
[361.427s][info][gc,phases      ] GC(1965)   Evacuate Collection Set: 2.7ms
[361.427s][info][gc,phases      ] GC(1965)   Post Evacuate Collection Set: 0.4ms
[361.427s][info][gc,phases      ] GC(1965)   Other: 0.3ms
[361.427s][info][gc,heap        ] GC(1965) Eden regions: 258->0(258)
[361.427s][info][gc,heap        ] GC(1965) Survivor regions: 1->1(33)
[361.427s][info][gc,heap        ] GC(1965) Old regions: 56->56
[361.427s][info][gc,heap        ] GC(1965) Humongous regions: 6->6
[361.427s][info][gc,metaspace   ] GC(1965) Metaspace: 74000K->74000K(1116160K)
[361.427s][info][gc             ] GC(1965) Pause Young (Normal) (G1 Evacuation Pause) 317M->60M(433M) 3.429ms
[361.427s][info][gc,cpu         ] GC(1965) User=0.00s Sys=0.00s Real=0.01s
[361.583s][info][gc,start       ] GC(1966) Pause Young (Normal) (G1 Evacuation Pause)
[361.583s][info][gc,task        ] GC(1966) Using 1 workers of 1 for evacuation
[361.587s][info][gc,phases      ] GC(1966)   Pre Evacuate Collection Set: 0.0ms
[361.587s][info][gc,phases      ] GC(1966)   Evacuate Collection Set: 2.7ms
[361.587s][info][gc,phases      ] GC(1966)   Post Evacuate Collection Set: 0.4ms
[361.587s][info][gc,phases      ] GC(1966)   Other: 0.7ms
[361.587s][info][gc,heap        ] GC(1966) Eden regions: 258->0(258)
[361.587s][info][gc,heap        ] GC(1966) Survivor regions: 1->1(33)
[361.587s][info][gc,heap        ] GC(1966) Old regions: 56->56
[361.587s][info][gc,heap        ] GC(1966) Humongous regions: 6->6
[361.587s][info][gc,metaspace   ] GC(1966) Metaspace: 74000K->74000K(1116160K)
[361.587s][info][gc             ] GC(1966) Pause Young (Normal) (G1 Evacuation Pause) 318M->60M(433M) 3.915ms
[361.587s][info][gc,cpu         ] GC(1966) User=0.00s Sys=0.00s Real=0.01s
[361.718s][info][gc,start       ] GC(1967) Pause Young (Normal) (G1 Evacuation Pause)
[361.718s][info][gc,task        ] GC(1967) Using 1 workers of 1 for evacuation
[361.721s][info][gc,phases      ] GC(1967)   Pre Evacuate Collection Set: 0.0ms
[361.721s][info][gc,phases      ] GC(1967)   Evacuate Collection Set: 3.1ms
[361.721s][info][gc,phases      ] GC(1967)   Post Evacuate Collection Set: 0.4ms
[361.721s][info][gc,phases      ] GC(1967)   Other: 0.3ms
[361.721s][info][gc,heap        ] GC(1967) Eden regions: 258->0(258)
[361.721s][info][gc,heap        ] GC(1967) Survivor regions: 1->1(33)
[361.721s][info][gc,heap        ] GC(1967) Old regions: 56->56
[361.721s][info][gc,heap        ] GC(1967) Humongous regions: 6->6
[361.722s][info][gc,metaspace   ] GC(1967) Metaspace: 74000K->74000K(1116160K)
[361.722s][info][gc             ] GC(1967) Pause Young (Normal) (G1 Evacuation Pause) 318M->60M(433M) 3.857ms
[361.722s][info][gc,cpu         ] GC(1967) User=0.01s Sys=0.00s Real=0.01s
[361.886s][info][gc,start       ] GC(1968) Pause Young (Normal) (G1 Evacuation Pause)
[361.886s][info][gc,task        ] GC(1968) Using 1 workers of 1 for evacuation
[361.890s][info][gc,phases      ] GC(1968)   Pre Evacuate Collection Set: 0.0ms
[361.890s][info][gc,phases      ] GC(1968)   Evacuate Collection Set: 2.7ms
[361.890s][info][gc,phases      ] GC(1968)   Post Evacuate Collection Set: 0.4ms
[361.890s][info][gc,phases      ] GC(1968)   Other: 0.6ms
[361.890s][info][gc,heap        ] GC(1968) Eden regions: 258->0(258)
[361.890s][info][gc,heap        ] GC(1968) Survivor regions: 1->1(33)
[361.890s][info][gc,heap        ] GC(1968) Old regions: 56->56
[361.890s][info][gc,heap        ] GC(1968) Humongous regions: 11->6
[361.890s][info][gc,metaspace   ] GC(1968) Metaspace: 74000K->74000K(1116160K)
[361.890s][info][gc             ] GC(1968) Pause Young (Normal) (G1 Evacuation Pause) 323M->59M(433M) 3.776ms
[361.890s][info][gc,cpu         ] GC(1968) User=0.00s Sys=0.00s Real=0.01s
[362.051s][info][gc,start       ] GC(1969) Pause Young (Normal) (G1 Evacuation Pause)
[362.051s][info][gc,task        ] GC(1969) Using 1 workers of 1 for evacuation
[362.055s][info][gc,phases      ] GC(1969)   Pre Evacuate Collection Set: 0.0ms
[362.055s][info][gc,phases      ] GC(1969)   Evacuate Collection Set: 2.9ms
[362.055s][info][gc,phases      ] GC(1969)   Post Evacuate Collection Set: 0.6ms
[362.055s][info][gc,phases      ] GC(1969)   Other: 0.3ms
[362.055s][info][gc,heap        ] GC(1969) Eden regions: 258->0(258)
[362.055s][info][gc,heap        ] GC(1969) Survivor regions: 1->1(33)
[362.055s][info][gc,heap        ] GC(1969) Old regions: 56->56
[362.055s][info][gc,heap        ] GC(1969) Humongous regions: 6->6
[362.055s][info][gc,metaspace   ] GC(1969) Metaspace: 74000K->74000K(1116160K)
[362.055s][info][gc             ] GC(1969) Pause Young (Normal) (G1 Evacuation Pause) 317M->59M(433M) 3.858ms
[362.055s][info][gc,cpu         ] GC(1969) User=0.01s Sys=0.00s Real=0.00s
[362.195s][info][gc,start       ] GC(1970) Pause Young (Normal) (G1 Evacuation Pause)
[362.195s][info][gc,task        ] GC(1970) Using 1 workers of 1 for evacuation
[362.198s][info][gc,phases      ] GC(1970)   Pre Evacuate Collection Set: 0.0ms
[362.198s][info][gc,phases      ] GC(1970)   Evacuate Collection Set: 2.7ms
[362.198s][info][gc,phases      ] GC(1970)   Post Evacuate Collection Set: 0.4ms
[362.198s][info][gc,phases      ] GC(1970)   Other: 0.4ms
[362.198s][info][gc,heap        ] GC(1970) Eden regions: 258->0(258)
[362.198s][info][gc,heap        ] GC(1970) Survivor regions: 1->1(33)
[362.198s][info][gc,heap        ] GC(1970) Old regions: 56->56
[362.198s][info][gc,heap        ] GC(1970) Humongous regions: 6->6
[362.198s][info][gc,metaspace   ] GC(1970) Metaspace: 74000K->74000K(1116160K)
[362.198s][info][gc             ] GC(1970) Pause Young (Normal) (G1 Evacuation Pause) 317M->59M(433M) 3.556ms
[362.198s][info][gc,cpu         ] GC(1970) User=0.00s Sys=0.00s Real=0.00s
[362.344s][info][gc,start       ] GC(1971) Pause Young (Normal) (G1 Evacuation Pause)
[362.344s][info][gc,task        ] GC(1971) Using 1 workers of 1 for evacuation
[362.348s][info][gc,phases      ] GC(1971)   Pre Evacuate Collection Set: 0.0ms
[362.348s][info][gc,phases      ] GC(1971)   Evacuate Collection Set: 2.8ms
[362.348s][info][gc,phases      ] GC(1971)   Post Evacuate Collection Set: 0.4ms
[362.348s][info][gc,phases      ] GC(1971)   Other: 0.3ms
[362.348s][info][gc,heap        ] GC(1971) Eden regions: 258->0(258)
[362.348s][info][gc,heap        ] GC(1971) Survivor regions: 1->1(33)
[362.348s][info][gc,heap        ] GC(1971) Old regions: 56->56
[362.348s][info][gc,heap        ] GC(1971) Humongous regions: 6->6
[362.348s][info][gc,metaspace   ] GC(1971) Metaspace: 74000K->74000K(1116160K)
[362.348s][info][gc             ] GC(1971) Pause Young (Normal) (G1 Evacuation Pause) 317M->59M(433M) 3.588ms
[362.348s][info][gc,cpu         ] GC(1971) User=0.00s Sys=0.00s Real=0.01s
[362.483s][info][gc,start       ] GC(1972) Pause Young (Normal) (G1 Evacuation Pause)
[362.483s][info][gc,task        ] GC(1972) Using 1 workers of 1 for evacuation
[362.486s][info][gc,phases      ] GC(1972)   Pre Evacuate Collection Set: 0.0ms
[362.486s][info][gc,phases      ] GC(1972)   Evacuate Collection Set: 2.7ms
[362.486s][info][gc,phases      ] GC(1972)   Post Evacuate Collection Set: 0.5ms
[362.486s][info][gc,phases      ] GC(1972)   Other: 0.4ms
[362.486s][info][gc,heap        ] GC(1972) Eden regions: 258->0(258)
[362.486s][info][gc,heap        ] GC(1972) Survivor regions: 1->1(33)
[362.486s][info][gc,heap        ] GC(1972) Old regions: 56->56
[362.486s][info][gc,heap        ] GC(1972) Humongous regions: 6->6
[362.486s][info][gc,metaspace   ] GC(1972) Metaspace: 74000K->74000K(1116160K)
[362.486s][info][gc             ] GC(1972) Pause Young (Normal) (G1 Evacuation Pause) 317M->59M(433M) 3.600ms
[362.486s][info][gc,cpu         ] GC(1972) User=0.00s Sys=0.00s Real=0.00s
[362.619s][info][gc,start       ] GC(1973) Pause Young (Normal) (G1 Evacuation Pause)
[362.620s][info][gc,task        ] GC(1973) Using 1 workers of 1 for evacuation
[362.623s][info][gc,phases      ] GC(1973)   Pre Evacuate Collection Set: 0.0ms
[362.623s][info][gc,phases      ] GC(1973)   Evacuate Collection Set: 2.8ms
[362.623s][info][gc,phases      ] GC(1973)   Post Evacuate Collection Set: 0.4ms
[362.623s][info][gc,phases      ] GC(1973)   Other: 0.4ms
[362.623s][info][gc,heap        ] GC(1973) Eden regions: 258->0(258)
[362.623s][info][gc,heap        ] GC(1973) Survivor regions: 1->1(33)
[362.623s][info][gc,heap        ] GC(1973) Old regions: 56->56
[362.623s][info][gc,heap        ] GC(1973) Humongous regions: 6->6
[362.623s][info][gc,metaspace   ] GC(1973) Metaspace: 74000K->74000K(1116160K)
[362.623s][info][gc             ] GC(1973) Pause Young (Normal) (G1 Evacuation Pause) 317M->59M(433M) 3.659ms
[362.623s][info][gc,cpu         ] GC(1973) User=0.00s Sys=0.00s Real=0.00s
[362.815s][info][gc,start       ] GC(1974) Pause Young (Normal) (G1 Evacuation Pause)
[362.815s][info][gc,task        ] GC(1974) Using 1 workers of 1 for evacuation
[362.818s][info][gc,phases      ] GC(1974)   Pre Evacuate Collection Set: 0.0ms
[362.818s][info][gc,phases      ] GC(1974)   Evacuate Collection Set: 2.9ms
[362.818s][info][gc,phases      ] GC(1974)   Post Evacuate Collection Set: 0.5ms
[362.818s][info][gc,phases      ] GC(1974)   Other: 0.4ms
[362.818s][info][gc,heap        ] GC(1974) Eden regions: 258->0(258)
[362.818s][info][gc,heap        ] GC(1974) Survivor regions: 1->1(33)
[362.818s][info][gc,heap        ] GC(1974) Old regions: 56->56
[362.818s][info][gc,heap        ] GC(1974) Humongous regions: 11->6
[362.818s][info][gc,metaspace   ] GC(1974) Metaspace: 74000K->74000K(1116160K)
[362.818s][info][gc             ] GC(1974) Pause Young (Normal) (G1 Evacuation Pause) 322M->60M(433M) 3.861ms
[362.818s][info][gc,cpu         ] GC(1974) User=0.01s Sys=0.00s Real=0.00s
[362.948s][info][gc,start       ] GC(1975) Pause Young (Normal) (G1 Evacuation Pause)
[362.948s][info][gc,task        ] GC(1975) Using 1 workers of 1 for evacuation
[362.952s][info][gc,phases      ] GC(1975)   Pre Evacuate Collection Set: 0.0ms
[362.952s][info][gc,phases      ] GC(1975)   Evacuate Collection Set: 2.9ms
[362.952s][info][gc,phases      ] GC(1975)   Post Evacuate Collection Set: 0.4ms
[362.952s][info][gc,phases      ] GC(1975)   Other: 0.3ms
[362.952s][info][gc,heap        ] GC(1975) Eden regions: 258->0(258)
[362.952s][info][gc,heap        ] GC(1975) Survivor regions: 1->1(33)
[362.952s][info][gc,heap        ] GC(1975) Old regions: 56->56
[362.952s][info][gc,heap        ] GC(1975) Humongous regions: 6->6
[362.952s][info][gc,metaspace   ] GC(1975) Metaspace: 74000K->74000K(1116160K)
[362.952s][info][gc             ] GC(1975) Pause Young (Normal) (G1 Evacuation Pause) 318M->60M(433M) 3.707ms
[362.952s][info][gc,cpu         ] GC(1975) User=0.00s Sys=0.00s Real=0.00s
[363.093s][info][gc,start       ] GC(1976) Pause Young (Normal) (G1 Evacuation Pause)
[363.093s][info][gc,task        ] GC(1976) Using 1 workers of 1 for evacuation
[363.097s][info][gc,phases      ] GC(1976)   Pre Evacuate Collection Set: 0.0ms
[363.097s][info][gc,phases      ] GC(1976)   Evacuate Collection Set: 2.8ms
[363.097s][info][gc,phases      ] GC(1976)   Post Evacuate Collection Set: 0.4ms
[363.097s][info][gc,phases      ] GC(1976)   Other: 0.3ms
[363.097s][info][gc,heap        ] GC(1976) Eden regions: 258->0(258)
[363.097s][info][gc,heap        ] GC(1976) Survivor regions: 1->1(33)
[363.097s][info][gc,heap        ] GC(1976) Old regions: 56->56
[363.097s][info][gc,heap        ] GC(1976) Humongous regions: 6->6
[363.097s][info][gc,metaspace   ] GC(1976) Metaspace: 74000K->74000K(1116160K)
[363.097s][info][gc             ] GC(1976) Pause Young (Normal) (G1 Evacuation Pause) 318M->60M(433M) 3.554ms
[363.097s][info][gc,cpu         ] GC(1976) User=0.00s Sys=0.00s Real=0.00s
[363.228s][info][gc,start       ] GC(1977) Pause Young (Normal) (G1 Evacuation Pause)
[363.228s][info][gc,task        ] GC(1977) Using 1 workers of 1 for evacuation
[363.231s][info][gc,phases      ] GC(1977)   Pre Evacuate Collection Set: 0.0ms
[363.231s][info][gc,phases      ] GC(1977)   Evacuate Collection Set: 2.8ms
[363.231s][info][gc,phases      ] GC(1977)   Post Evacuate Collection Set: 0.4ms
[363.231s][info][gc,phases      ] GC(1977)   Other: 0.4ms
[363.231s][info][gc,heap        ] GC(1977) Eden regions: 258->0(258)
[363.231s][info][gc,heap        ] GC(1977) Survivor regions: 1->1(33)
[363.231s][info][gc,heap        ] GC(1977) Old regions: 56->56
[363.231s][info][gc,heap        ] GC(1977) Humongous regions: 6->6
[363.231s][info][gc,metaspace   ] GC(1977) Metaspace: 74000K->74000K(1116160K)
[363.231s][info][gc             ] GC(1977) Pause Young (Normal) (G1 Evacuation Pause) 318M->60M(433M) 3.678ms
[363.231s][info][gc,cpu         ] GC(1977) User=0.01s Sys=0.00s Real=0.00s
[363.364s][info][gc,start       ] GC(1978) Pause Young (Normal) (G1 Evacuation Pause)
[363.364s][info][gc,task        ] GC(1978) Using 1 workers of 1 for evacuation
[363.368s][info][gc,phases      ] GC(1978)   Pre Evacuate Collection Set: 0.0ms
[363.368s][info][gc,phases      ] GC(1978)   Evacuate Collection Set: 2.9ms
[363.368s][info][gc,phases      ] GC(1978)   Post Evacuate Collection Set: 0.4ms
[363.368s][info][gc,phases      ] GC(1978)   Other: 0.3ms
[363.368s][info][gc,heap        ] GC(1978) Eden regions: 258->0(258)
[363.368s][info][gc,heap        ] GC(1978) Survivor regions: 1->1(33)
[363.368s][info][gc,heap        ] GC(1978) Old regions: 56->56
[363.368s][info][gc,heap        ] GC(1978) Humongous regions: 6->6
[363.368s][info][gc,metaspace   ] GC(1978) Metaspace: 74000K->74000K(1116160K)
[363.368s][info][gc             ] GC(1978) Pause Young (Normal) (G1 Evacuation Pause) 318M->60M(433M) 3.619ms
[363.368s][info][gc,cpu         ] GC(1978) User=0.00s Sys=0.00s Real=0.01s
[363.497s][info][gc,start       ] GC(1979) Pause Young (Normal) (G1 Evacuation Pause)
[363.497s][info][gc,task        ] GC(1979) Using 1 workers of 1 for evacuation
[363.500s][info][gc,phases      ] GC(1979)   Pre Evacuate Collection Set: 0.0ms
[363.500s][info][gc,phases      ] GC(1979)   Evacuate Collection Set: 2.7ms
[363.500s][info][gc,phases      ] GC(1979)   Post Evacuate Collection Set: 0.4ms
[363.500s][info][gc,phases      ] GC(1979)   Other: 0.3ms
[363.500s][info][gc,heap        ] GC(1979) Eden regions: 258->0(258)
[363.500s][info][gc,heap        ] GC(1979) Survivor regions: 1->1(33)
[363.500s][info][gc,heap        ] GC(1979) Old regions: 56->56
[363.500s][info][gc,heap        ] GC(1979) Humongous regions: 6->6
[363.500s][info][gc,metaspace   ] GC(1979) Metaspace: 74000K->74000K(1116160K)
[363.500s][info][gc             ] GC(1979) Pause Young (Normal) (G1 Evacuation Pause) 318M->60M(433M) 3.514ms
[363.500s][info][gc,cpu         ] GC(1979) User=0.01s Sys=0.00s Real=0.01s
[363.646s][info][gc,start       ] GC(1980) Pause Young (Normal) (G1 Evacuation Pause)
[363.646s][info][gc,task        ] GC(1980) Using 1 workers of 1 for evacuation
[363.650s][info][gc,phases      ] GC(1980)   Pre Evacuate Collection Set: 0.0ms
[363.650s][info][gc,phases      ] GC(1980)   Evacuate Collection Set: 2.7ms
[363.650s][info][gc,phases      ] GC(1980)   Post Evacuate Collection Set: 0.8ms
[363.650s][info][gc,phases      ] GC(1980)   Other: 0.4ms
[363.650s][info][gc,heap        ] GC(1980) Eden regions: 258->0(258)
[363.650s][info][gc,heap        ] GC(1980) Survivor regions: 1->1(33)
[363.650s][info][gc,heap        ] GC(1980) Old regions: 56->56
[363.650s][info][gc,heap        ] GC(1980) Humongous regions: 6->6
[363.650s][info][gc,metaspace   ] GC(1980) Metaspace: 74000K->74000K(1116160K)
[363.650s][info][gc             ] GC(1980) Pause Young (Normal) (G1 Evacuation Pause) 318M->60M(433M) 4.125ms
[363.650s][info][gc,cpu         ] GC(1980) User=0.01s Sys=0.00s Real=0.01s
[363.788s][info][gc,start       ] GC(1981) Pause Young (Normal) (G1 Evacuation Pause)
[363.788s][info][gc,task        ] GC(1981) Using 1 workers of 1 for evacuation
[363.791s][info][gc,phases      ] GC(1981)   Pre Evacuate Collection Set: 0.0ms
[363.792s][info][gc,phases      ] GC(1981)   Evacuate Collection Set: 2.8ms
[363.792s][info][gc,phases      ] GC(1981)   Post Evacuate Collection Set: 0.4ms
[363.792s][info][gc,phases      ] GC(1981)   Other: 0.3ms
[363.792s][info][gc,heap        ] GC(1981) Eden regions: 258->0(258)
[363.792s][info][gc,heap        ] GC(1981) Survivor regions: 1->1(33)
[363.792s][info][gc,heap        ] GC(1981) Old regions: 56->56
[363.792s][info][gc,heap        ] GC(1981) Humongous regions: 11->6
[363.792s][info][gc,metaspace   ] GC(1981) Metaspace: 74000K->74000K(1116160K)
[363.792s][info][gc             ] GC(1981) Pause Young (Normal) (G1 Evacuation Pause) 323M->59M(433M) 3.590ms
[363.792s][info][gc,cpu         ] GC(1981) User=0.01s Sys=0.00s Real=0.00s
[363.938s][info][gc,start       ] GC(1982) Pause Young (Normal) (G1 Evacuation Pause)
[363.939s][info][gc,task        ] GC(1982) Using 1 workers of 1 for evacuation
[363.942s][info][gc,phases      ] GC(1982)   Pre Evacuate Collection Set: 0.0ms
[363.942s][info][gc,phases      ] GC(1982)   Evacuate Collection Set: 2.8ms
[363.942s][info][gc,phases      ] GC(1982)   Post Evacuate Collection Set: 0.5ms
[363.942s][info][gc,phases      ] GC(1982)   Other: 0.5ms
[363.942s][info][gc,heap        ] GC(1982) Eden regions: 258->0(258)
[363.942s][info][gc,heap        ] GC(1982) Survivor regions: 1->1(33)
[363.942s][info][gc,heap        ] GC(1982) Old regions: 56->56
[363.942s][info][gc,heap        ] GC(1982) Humongous regions: 6->6
[363.942s][info][gc,metaspace   ] GC(1982) Metaspace: 74000K->74000K(1116160K)
[363.942s][info][gc             ] GC(1982) Pause Young (Normal) (G1 Evacuation Pause) 317M->59M(433M) 3.822ms
[363.942s][info][gc,cpu         ] GC(1982) User=0.01s Sys=0.00s Real=0.01s
[364.073s][info][gc,start       ] GC(1983) Pause Young (Normal) (G1 Evacuation Pause)
[364.074s][info][gc,task        ] GC(1983) Using 1 workers of 1 for evacuation
[364.077s][info][gc,phases      ] GC(1983)   Pre Evacuate Collection Set: 0.0ms
[364.077s][info][gc,phases      ] GC(1983)   Evacuate Collection Set: 2.7ms
[364.077s][info][gc,phases      ] GC(1983)   Post Evacuate Collection Set: 0.4ms
[364.077s][info][gc,phases      ] GC(1983)   Other: 0.4ms
[364.077s][info][gc,heap        ] GC(1983) Eden regions: 258->0(258)
[364.077s][info][gc,heap        ] GC(1983) Survivor regions: 1->1(33)
[364.077s][info][gc,heap        ] GC(1983) Old regions: 56->56
[364.077s][info][gc,heap        ] GC(1983) Humongous regions: 6->6
[364.077s][info][gc,metaspace   ] GC(1983) Metaspace: 74000K->74000K(1116160K)
[364.077s][info][gc             ] GC(1983) Pause Young (Normal) (G1 Evacuation Pause) 317M->59M(433M) 3.584ms
[364.077s][info][gc,cpu         ] GC(1983) User=0.00s Sys=0.00s Real=0.00s
[364.239s][info][gc,start       ] GC(1984) Pause Young (Normal) (G1 Evacuation Pause)
[364.239s][info][gc,task        ] GC(1984) Using 1 workers of 1 for evacuation
[364.243s][info][gc,phases      ] GC(1984)   Pre Evacuate Collection Set: 0.0ms
[364.243s][info][gc,phases      ] GC(1984)   Evacuate Collection Set: 2.8ms
[364.243s][info][gc,phases      ] GC(1984)   Post Evacuate Collection Set: 0.4ms
[364.243s][info][gc,phases      ] GC(1984)   Other: 0.7ms
[364.243s][info][gc,heap        ] GC(1984) Eden regions: 258->0(258)
[364.243s][info][gc,heap        ] GC(1984) Survivor regions: 1->1(33)
[364.243s][info][gc,heap        ] GC(1984) Old regions: 56->56
[364.243s][info][gc,heap        ] GC(1984) Humongous regions: 6->6
[364.243s][info][gc,metaspace   ] GC(1984) Metaspace: 74000K->74000K(1116160K)
[364.243s][info][gc             ] GC(1984) Pause Young (Normal) (G1 Evacuation Pause) 317M->59M(433M) 3.940ms
[364.243s][info][gc,cpu         ] GC(1984) User=0.01s Sys=0.00s Real=0.00s
[364.427s][info][gc,start       ] GC(1985) Pause Young (Normal) (G1 Evacuation Pause)
[364.427s][info][gc,task        ] GC(1985) Using 1 workers of 1 for evacuation
[364.432s][info][gc,phases      ] GC(1985)   Pre Evacuate Collection Set: 0.0ms
[364.432s][info][gc,phases      ] GC(1985)   Evacuate Collection Set: 4.8ms
[364.432s][info][gc,phases      ] GC(1985)   Post Evacuate Collection Set: 0.5ms
[364.432s][info][gc,phases      ] GC(1985)   Other: 0.4ms
[364.432s][info][gc,heap        ] GC(1985) Eden regions: 258->0(258)
[364.432s][info][gc,heap        ] GC(1985) Survivor regions: 1->1(33)
[364.432s][info][gc,heap        ] GC(1985) Old regions: 56->56
[364.432s][info][gc,heap        ] GC(1985) Humongous regions: 6->6
[364.432s][info][gc,metaspace   ] GC(1985) Metaspace: 74000K->74000K(1116160K)
[364.432s][info][gc             ] GC(1985) Pause Young (Normal) (G1 Evacuation Pause) 317M->59M(433M) 5.726ms
[364.432s][info][gc,cpu         ] GC(1985) User=0.01s Sys=0.00s Real=0.00s
[364.575s][info][gc,start       ] GC(1986) Pause Young (Normal) (G1 Evacuation Pause)
[364.575s][info][gc,task        ] GC(1986) Using 1 workers of 1 for evacuation
[364.578s][info][gc,phases      ] GC(1986)   Pre Evacuate Collection Set: 0.0ms
[364.578s][info][gc,phases      ] GC(1986)   Evacuate Collection Set: 2.7ms
[364.578s][info][gc,phases      ] GC(1986)   Post Evacuate Collection Set: 0.4ms
[364.579s][info][gc,phases      ] GC(1986)   Other: 0.3ms
[364.579s][info][gc,heap        ] GC(1986) Eden regions: 258->0(258)
[364.579s][info][gc,heap        ] GC(1986) Survivor regions: 1->1(33)
[364.579s][info][gc,heap        ] GC(1986) Old regions: 56->56
[364.579s][info][gc,heap        ] GC(1986) Humongous regions: 6->6
[364.579s][info][gc,metaspace   ] GC(1986) Metaspace: 74000K->74000K(1116160K)
[364.579s][info][gc             ] GC(1986) Pause Young (Normal) (G1 Evacuation Pause) 317M->60M(433M) 3.452ms
[364.579s][info][gc,cpu         ] GC(1986) User=0.00s Sys=0.00s Real=0.00s
[364.782s][info][gc,start       ] GC(1987) Pause Young (Normal) (G1 Evacuation Pause)
[364.782s][info][gc,task        ] GC(1987) Using 1 workers of 1 for evacuation
[364.789s][info][gc,phases      ] GC(1987)   Pre Evacuate Collection Set: 0.0ms
[364.789s][info][gc,phases      ] GC(1987)   Evacuate Collection Set: 6.2ms
[364.789s][info][gc,phases      ] GC(1987)   Post Evacuate Collection Set: 0.4ms
[364.789s][info][gc,phases      ] GC(1987)   Other: 0.6ms
[364.789s][info][gc,heap        ] GC(1987) Eden regions: 258->0(258)
[364.789s][info][gc,heap        ] GC(1987) Survivor regions: 1->1(33)
[364.789s][info][gc,heap        ] GC(1987) Old regions: 56->56
[364.789s][info][gc,heap        ] GC(1987) Humongous regions: 11->6
[364.789s][info][gc,metaspace   ] GC(1987) Metaspace: 74002K->74002K(1116160K)
[364.789s][info][gc             ] GC(1987) Pause Young (Normal) (G1 Evacuation Pause) 323M->60M(433M) 7.245ms
[364.789s][info][gc,cpu         ] GC(1987) User=0.01s Sys=0.00s Real=0.01s
[364.988s][info][gc,start       ] GC(1988) Pause Young (Normal) (G1 Evacuation Pause)
[364.988s][info][gc,task        ] GC(1988) Using 1 workers of 1 for evacuation
[364.996s][info][gc,phases      ] GC(1988)   Pre Evacuate Collection Set: 0.1ms
[364.996s][info][gc,phases      ] GC(1988)   Evacuate Collection Set: 6.0ms
[364.996s][info][gc,phases      ] GC(1988)   Post Evacuate Collection Set: 0.8ms
[364.996s][info][gc,phases      ] GC(1988)   Other: 0.8ms
[364.996s][info][gc,heap        ] GC(1988) Eden regions: 258->0(258)
[364.996s][info][gc,heap        ] GC(1988) Survivor regions: 1->1(33)
[364.996s][info][gc,heap        ] GC(1988) Old regions: 56->56
[364.996s][info][gc,heap        ] GC(1988) Humongous regions: 6->6
[364.996s][info][gc,metaspace   ] GC(1988) Metaspace: 74002K->74002K(1116160K)
[364.996s][info][gc             ] GC(1988) Pause Young (Normal) (G1 Evacuation Pause) 318M->60M(433M) 7.702ms
[364.996s][info][gc,cpu         ] GC(1988) User=0.01s Sys=0.00s Real=0.00s
[365.302s][info][gc,start       ] GC(1989) Pause Young (Normal) (G1 Evacuation Pause)
[365.302s][info][gc,task        ] GC(1989) Using 1 workers of 1 for evacuation
[365.305s][info][gc,phases      ] GC(1989)   Pre Evacuate Collection Set: 0.0ms
[365.305s][info][gc,phases      ] GC(1989)   Evacuate Collection Set: 2.7ms
[365.305s][info][gc,phases      ] GC(1989)   Post Evacuate Collection Set: 0.4ms
[365.306s][info][gc,phases      ] GC(1989)   Other: 0.4ms
[365.306s][info][gc,heap        ] GC(1989) Eden regions: 258->0(258)
[365.306s][info][gc,heap        ] GC(1989) Survivor regions: 1->1(33)
[365.306s][info][gc,heap        ] GC(1989) Old regions: 56->56
[365.306s][info][gc,heap        ] GC(1989) Humongous regions: 6->6
[365.306s][info][gc,metaspace   ] GC(1989) Metaspace: 74002K->74002K(1116160K)
[365.306s][info][gc             ] GC(1989) Pause Young (Normal) (G1 Evacuation Pause) 318M->60M(433M) 3.515ms
[365.306s][info][gc,cpu         ] GC(1989) User=0.01s Sys=0.00s Real=0.00s
[365.492s][info][gc,start       ] GC(1990) Pause Young (Normal) (G1 Evacuation Pause)
[365.492s][info][gc,task        ] GC(1990) Using 1 workers of 1 for evacuation
[365.495s][info][gc,phases      ] GC(1990)   Pre Evacuate Collection Set: 0.0ms
[365.495s][info][gc,phases      ] GC(1990)   Evacuate Collection Set: 2.7ms
[365.495s][info][gc,phases      ] GC(1990)   Post Evacuate Collection Set: 0.4ms
[365.495s][info][gc,phases      ] GC(1990)   Other: 0.3ms
[365.495s][info][gc,heap        ] GC(1990) Eden regions: 258->0(258)
[365.495s][info][gc,heap        ] GC(1990) Survivor regions: 1->1(33)
[365.495s][info][gc,heap        ] GC(1990) Old regions: 56->56
[365.495s][info][gc,heap        ] GC(1990) Humongous regions: 6->6
[365.495s][info][gc,metaspace   ] GC(1990) Metaspace: 74002K->74002K(1116160K)
[365.496s][info][gc             ] GC(1990) Pause Young (Normal) (G1 Evacuation Pause) 318M->60M(433M) 3.449ms
[365.496s][info][gc,cpu         ] GC(1990) User=0.01s Sys=0.00s Real=0.00s
[365.626s][info][gc,start       ] GC(1991) Pause Young (Normal) (G1 Evacuation Pause)
[365.626s][info][gc,task        ] GC(1991) Using 1 workers of 1 for evacuation
[365.630s][info][gc,phases      ] GC(1991)   Pre Evacuate Collection Set: 0.0ms
[365.630s][info][gc,phases      ] GC(1991)   Evacuate Collection Set: 3.0ms
[365.630s][info][gc,phases      ] GC(1991)   Post Evacuate Collection Set: 0.5ms
[365.630s][info][gc,phases      ] GC(1991)   Other: 0.5ms
[365.630s][info][gc,heap        ] GC(1991) Eden regions: 258->0(258)
[365.630s][info][gc,heap        ] GC(1991) Survivor regions: 1->1(33)
[365.630s][info][gc,heap        ] GC(1991) Old regions: 56->56
[365.630s][info][gc,heap        ] GC(1991) Humongous regions: 6->6
[365.630s][info][gc,metaspace   ] GC(1991) Metaspace: 74002K->74002K(1116160K)
[365.630s][info][gc             ] GC(1991) Pause Young (Normal) (G1 Evacuation Pause) 318M->60M(433M) 4.077ms
[365.630s][info][gc,cpu         ] GC(1991) User=0.00s Sys=0.01s Real=0.01s
[365.921s][info][gc,start       ] GC(1992) Pause Young (Normal) (G1 Evacuation Pause)
[365.921s][info][gc,task        ] GC(1992) Using 1 workers of 1 for evacuation
[365.924s][info][gc,phases      ] GC(1992)   Pre Evacuate Collection Set: 0.0ms
[365.924s][info][gc,phases      ] GC(1992)   Evacuate Collection Set: 2.8ms
[365.924s][info][gc,phases      ] GC(1992)   Post Evacuate Collection Set: 0.4ms
[365.924s][info][gc,phases      ] GC(1992)   Other: 0.5ms
[365.924s][info][gc,heap        ] GC(1992) Eden regions: 258->0(258)
[365.924s][info][gc,heap        ] GC(1992) Survivor regions: 1->1(33)
[365.924s][info][gc,heap        ] GC(1992) Old regions: 56->56
[365.924s][info][gc,heap        ] GC(1992) Humongous regions: 6->6
[365.924s][info][gc,metaspace   ] GC(1992) Metaspace: 74002K->74002K(1116160K)
[365.924s][info][gc             ] GC(1992) Pause Young (Normal) (G1 Evacuation Pause) 318M->60M(433M) 3.758ms
[365.924s][info][gc,cpu         ] GC(1992) User=0.01s Sys=0.00s Real=0.00s
[366.126s][info][gc,start       ] GC(1993) Pause Young (Normal) (G1 Evacuation Pause)
[366.126s][info][gc,task        ] GC(1993) Using 1 workers of 1 for evacuation
[366.130s][info][gc,phases      ] GC(1993)   Pre Evacuate Collection Set: 0.0ms
[366.130s][info][gc,phases      ] GC(1993)   Evacuate Collection Set: 3.6ms
[366.130s][info][gc,phases      ] GC(1993)   Post Evacuate Collection Set: 0.4ms
[366.130s][info][gc,phases      ] GC(1993)   Other: 0.5ms
[366.130s][info][gc,heap        ] GC(1993) Eden regions: 258->0(258)
[366.130s][info][gc,heap        ] GC(1993) Survivor regions: 1->1(33)
[366.130s][info][gc,heap        ] GC(1993) Old regions: 56->56
[366.130s][info][gc,heap        ] GC(1993) Humongous regions: 11->6
[366.130s][info][gc,metaspace   ] GC(1993) Metaspace: 74002K->74002K(1116160K)
[366.130s][info][gc             ] GC(1993) Pause Young (Normal) (G1 Evacuation Pause) 323M->59M(433M) 4.475ms
[366.130s][info][gc,cpu         ] GC(1993) User=0.00s Sys=0.00s Real=0.01s
[366.269s][info][gc,start       ] GC(1994) Pause Young (Normal) (G1 Evacuation Pause)
[366.269s][info][gc,task        ] GC(1994) Using 1 workers of 1 for evacuation
[366.272s][info][gc,phases      ] GC(1994)   Pre Evacuate Collection Set: 0.1ms
[366.272s][info][gc,phases      ] GC(1994)   Evacuate Collection Set: 2.6ms
[366.272s][info][gc,phases      ] GC(1994)   Post Evacuate Collection Set: 0.4ms
[366.272s][info][gc,phases      ] GC(1994)   Other: 0.3ms
[366.272s][info][gc,heap        ] GC(1994) Eden regions: 258->0(258)
[366.272s][info][gc,heap        ] GC(1994) Survivor regions: 1->1(33)
[366.272s][info][gc,heap        ] GC(1994) Old regions: 56->56
[366.272s][info][gc,heap        ] GC(1994) Humongous regions: 6->6
[366.272s][info][gc,metaspace   ] GC(1994) Metaspace: 74002K->74002K(1116160K)
[366.272s][info][gc             ] GC(1994) Pause Young (Normal) (G1 Evacuation Pause) 317M->59M(433M) 3.373ms
[366.272s][info][gc,cpu         ] GC(1994) User=0.01s Sys=0.00s Real=0.00s
[366.454s][info][gc,start       ] GC(1995) Pause Young (Normal) (G1 Evacuation Pause)
[366.454s][info][gc,task        ] GC(1995) Using 1 workers of 1 for evacuation
[366.457s][info][gc,phases      ] GC(1995)   Pre Evacuate Collection Set: 0.0ms
[366.457s][info][gc,phases      ] GC(1995)   Evacuate Collection Set: 2.7ms
[366.457s][info][gc,phases      ] GC(1995)   Post Evacuate Collection Set: 0.4ms
[366.457s][info][gc,phases      ] GC(1995)   Other: 0.4ms
[366.457s][info][gc,heap        ] GC(1995) Eden regions: 258->0(258)
[366.457s][info][gc,heap        ] GC(1995) Survivor regions: 1->1(33)
[366.457s][info][gc,heap        ] GC(1995) Old regions: 56->56
[366.457s][info][gc,heap        ] GC(1995) Humongous regions: 6->6
[366.457s][info][gc,metaspace   ] GC(1995) Metaspace: 74002K->74002K(1116160K)
[366.457s][info][gc             ] GC(1995) Pause Young (Normal) (G1 Evacuation Pause) 317M->59M(433M) 3.487ms
[366.457s][info][gc,cpu         ] GC(1995) User=0.00s Sys=0.00s Real=0.00s
[366.595s][info][gc,start       ] GC(1996) Pause Young (Normal) (G1 Evacuation Pause)
[366.595s][info][gc,task        ] GC(1996) Using 1 workers of 1 for evacuation
[366.599s][info][gc,phases      ] GC(1996)   Pre Evacuate Collection Set: 0.0ms
[366.599s][info][gc,phases      ] GC(1996)   Evacuate Collection Set: 3.3ms
[366.599s][info][gc,phases      ] GC(1996)   Post Evacuate Collection Set: 0.4ms
[366.599s][info][gc,phases      ] GC(1996)   Other: 0.7ms
[366.599s][info][gc,heap        ] GC(1996) Eden regions: 258->0(258)
[366.599s][info][gc,heap        ] GC(1996) Survivor regions: 1->1(33)
[366.599s][info][gc,heap        ] GC(1996) Old regions: 56->56
[366.599s][info][gc,heap        ] GC(1996) Humongous regions: 6->6
[366.599s][info][gc,metaspace   ] GC(1996) Metaspace: 74002K->74002K(1116160K)
[366.599s][info][gc             ] GC(1996) Pause Young (Normal) (G1 Evacuation Pause) 317M->59M(433M) 4.428ms
[366.599s][info][gc,cpu         ] GC(1996) User=0.01s Sys=0.00s Real=0.01s
[366.734s][info][gc,start       ] GC(1997) Pause Young (Normal) (G1 Evacuation Pause)
[366.734s][info][gc,task        ] GC(1997) Using 1 workers of 1 for evacuation
[366.738s][info][gc,phases      ] GC(1997)   Pre Evacuate Collection Set: 0.0ms
[366.738s][info][gc,phases      ] GC(1997)   Evacuate Collection Set: 2.6ms
[366.738s][info][gc,phases      ] GC(1997)   Post Evacuate Collection Set: 0.4ms
[366.738s][info][gc,phases      ] GC(1997)   Other: 0.4ms
[366.738s][info][gc,heap        ] GC(1997) Eden regions: 258->0(258)
[366.738s][info][gc,heap        ] GC(1997) Survivor regions: 1->1(33)
[366.738s][info][gc,heap        ] GC(1997) Old regions: 56->56
[366.738s][info][gc,heap        ] GC(1997) Humongous regions: 6->6
[366.738s][info][gc,metaspace   ] GC(1997) Metaspace: 74002K->74002K(1116160K)
[366.738s][info][gc             ] GC(1997) Pause Young (Normal) (G1 Evacuation Pause) 317M->59M(433M) 3.438ms
[366.738s][info][gc,cpu         ] GC(1997) User=0.01s Sys=0.00s Real=0.00s
[367.119s][info][gc,start       ] GC(1998) Pause Young (Normal) (G1 Evacuation Pause)
[367.119s][info][gc,task        ] GC(1998) Using 1 workers of 1 for evacuation
[367.128s][info][gc,phases      ] GC(1998)   Pre Evacuate Collection Set: 0.0ms
[367.128s][info][gc,phases      ] GC(1998)   Evacuate Collection Set: 2.9ms
[367.128s][info][gc,phases      ] GC(1998)   Post Evacuate Collection Set: 5.4ms
[367.128s][info][gc,phases      ] GC(1998)   Other: 0.4ms
[367.128s][info][gc,heap        ] GC(1998) Eden regions: 258->0(258)
[367.128s][info][gc,heap        ] GC(1998) Survivor regions: 1->1(33)
[367.128s][info][gc,heap        ] GC(1998) Old regions: 56->56
[367.128s][info][gc,heap        ] GC(1998) Humongous regions: 6->6
[367.128s][info][gc,metaspace   ] GC(1998) Metaspace: 74002K->74002K(1116160K)
[367.128s][info][gc             ] GC(1998) Pause Young (Normal) (G1 Evacuation Pause) 317M->60M(433M) 8.867ms
[367.128s][info][gc,cpu         ] GC(1998) User=0.01s Sys=0.00s Real=0.01s
[367.394s][info][gc,start       ] GC(1999) Pause Young (Normal) (G1 Evacuation Pause)
[367.394s][info][gc,task        ] GC(1999) Using 1 workers of 1 for evacuation
[367.398s][info][gc,phases      ] GC(1999)   Pre Evacuate Collection Set: 0.0ms
[367.398s][info][gc,phases      ] GC(1999)   Evacuate Collection Set: 3.0ms
[367.398s][info][gc,phases      ] GC(1999)   Post Evacuate Collection Set: 0.6ms
[367.398s][info][gc,phases      ] GC(1999)   Other: 0.4ms
[367.398s][info][gc,heap        ] GC(1999) Eden regions: 258->0(258)
[367.398s][info][gc,heap        ] GC(1999) Survivor regions: 1->1(33)
[367.398s][info][gc,heap        ] GC(1999) Old regions: 56->56
[367.398s][info][gc,heap        ] GC(1999) Humongous regions: 11->6
[367.398s][info][gc,metaspace   ] GC(1999) Metaspace: 74003K->74003K(1116160K)
[367.398s][info][gc             ] GC(1999) Pause Young (Normal) (G1 Evacuation Pause) 323M->60M(433M) 4.033ms
[367.398s][info][gc,cpu         ] GC(1999) User=0.00s Sys=0.00s Real=0.00s
[367.564s][info][gc,start       ] GC(2000) Pause Young (Normal) (G1 Evacuation Pause)
[367.564s][info][gc,task        ] GC(2000) Using 1 workers of 1 for evacuation
[367.569s][info][gc,phases      ] GC(2000)   Pre Evacuate Collection Set: 0.0ms
[367.569s][info][gc,phases      ] GC(2000)   Evacuate Collection Set: 4.2ms
[367.569s][info][gc,phases      ] GC(2000)   Post Evacuate Collection Set: 0.4ms
[367.569s][info][gc,phases      ] GC(2000)   Other: 0.4ms
[367.569s][info][gc,heap        ] GC(2000) Eden regions: 258->0(258)
[367.569s][info][gc,heap        ] GC(2000) Survivor regions: 1->1(33)
[367.569s][info][gc,heap        ] GC(2000) Old regions: 56->56
[367.569s][info][gc,heap        ] GC(2000) Humongous regions: 6->6
[367.569s][info][gc,metaspace   ] GC(2000) Metaspace: 74003K->74003K(1116160K)
[367.569s][info][gc             ] GC(2000) Pause Young (Normal) (G1 Evacuation Pause) 318M->60M(433M) 4.990ms
[367.569s][info][gc,cpu         ] GC(2000) User=0.01s Sys=0.00s Real=0.01s
[367.790s][info][gc,start       ] GC(2001) Pause Young (Normal) (G1 Evacuation Pause)
[367.790s][info][gc,task        ] GC(2001) Using 1 workers of 1 for evacuation
[367.799s][info][gc,phases      ] GC(2001)   Pre Evacuate Collection Set: 0.1ms
[367.799s][info][gc,phases      ] GC(2001)   Evacuate Collection Set: 7.1ms
[367.799s][info][gc,phases      ] GC(2001)   Post Evacuate Collection Set: 0.8ms
[367.799s][info][gc,phases      ] GC(2001)   Other: 0.8ms
[367.799s][info][gc,heap        ] GC(2001) Eden regions: 258->0(258)
[367.799s][info][gc,heap        ] GC(2001) Survivor regions: 1->1(33)
[367.799s][info][gc,heap        ] GC(2001) Old regions: 56->56
[367.799s][info][gc,heap        ] GC(2001) Humongous regions: 6->6
[367.799s][info][gc,metaspace   ] GC(2001) Metaspace: 74003K->74003K(1116160K)
[367.799s][info][gc             ] GC(2001) Pause Young (Normal) (G1 Evacuation Pause) 318M->60M(433M) 8.915ms
[367.799s][info][gc,cpu         ] GC(2001) User=0.01s Sys=0.00s Real=0.01s
[367.955s][info][gc,start       ] GC(2002) Pause Young (Normal) (G1 Evacuation Pause)
[367.955s][info][gc,task        ] GC(2002) Using 1 workers of 1 for evacuation
[367.958s][info][gc,phases      ] GC(2002)   Pre Evacuate Collection Set: 0.0ms
[367.958s][info][gc,phases      ] GC(2002)   Evacuate Collection Set: 2.8ms
[367.958s][info][gc,phases      ] GC(2002)   Post Evacuate Collection Set: 0.4ms
[367.958s][info][gc,phases      ] GC(2002)   Other: 0.3ms
[367.958s][info][gc,heap        ] GC(2002) Eden regions: 258->0(258)
[367.958s][info][gc,heap        ] GC(2002) Survivor regions: 1->1(33)
[367.958s][info][gc,heap        ] GC(2002) Old regions: 56->56
[367.958s][info][gc,heap        ] GC(2002) Humongous regions: 6->6
[367.958s][info][gc,metaspace   ] GC(2002) Metaspace: 74003K->74003K(1116160K)
[367.959s][info][gc             ] GC(2002) Pause Young (Normal) (G1 Evacuation Pause) 318M->60M(433M) 3.526ms
[367.959s][info][gc,cpu         ] GC(2002) User=0.00s Sys=0.00s Real=0.01s
[368.105s][info][gc,start       ] GC(2003) Pause Young (Normal) (G1 Evacuation Pause)
[368.105s][info][gc,task        ] GC(2003) Using 1 workers of 1 for evacuation
[368.109s][info][gc,phases      ] GC(2003)   Pre Evacuate Collection Set: 0.0ms
[368.109s][info][gc,phases      ] GC(2003)   Evacuate Collection Set: 3.0ms
[368.109s][info][gc,phases      ] GC(2003)   Post Evacuate Collection Set: 0.4ms
[368.109s][info][gc,phases      ] GC(2003)   Other: 0.5ms
[368.109s][info][gc,heap        ] GC(2003) Eden regions: 258->0(258)
[368.109s][info][gc,heap        ] GC(2003) Survivor regions: 1->1(33)
[368.109s][info][gc,heap        ] GC(2003) Old regions: 56->56
[368.109s][info][gc,heap        ] GC(2003) Humongous regions: 6->6
[368.109s][info][gc,metaspace   ] GC(2003) Metaspace: 74003K->74003K(1116160K)
[368.109s][info][gc             ] GC(2003) Pause Young (Normal) (G1 Evacuation Pause) 318M->60M(433M) 3.955ms
[368.109s][info][gc,cpu         ] GC(2003) User=0.01s Sys=0.00s Real=0.01s
[368.276s][info][gc,start       ] GC(2004) Pause Young (Normal) (G1 Evacuation Pause)
[368.276s][info][gc,task        ] GC(2004) Using 1 workers of 1 for evacuation
[368.282s][info][gc,phases      ] GC(2004)   Pre Evacuate Collection Set: 0.0ms
[368.282s][info][gc,phases      ] GC(2004)   Evacuate Collection Set: 4.8ms
[368.282s][info][gc,phases      ] GC(2004)   Post Evacuate Collection Set: 0.8ms
[368.283s][info][gc,phases      ] GC(2004)   Other: 0.6ms
[368.283s][info][gc,heap        ] GC(2004) Eden regions: 258->0(258)
[368.283s][info][gc,heap        ] GC(2004) Survivor regions: 1->1(33)
[368.283s][info][gc,heap        ] GC(2004) Old regions: 56->56
[368.283s][info][gc,heap        ] GC(2004) Humongous regions: 6->6
[368.283s][info][gc,metaspace   ] GC(2004) Metaspace: 74003K->74003K(1116160K)
[368.283s][info][gc             ] GC(2004) Pause Young (Normal) (G1 Evacuation Pause) 318M->60M(433M) 6.208ms
[368.283s][info][gc,cpu         ] GC(2004) User=0.01s Sys=0.00s Real=0.01s
[368.518s][info][gc,start       ] GC(2005) Pause Young (Normal) (G1 Evacuation Pause)
[368.518s][info][gc,task        ] GC(2005) Using 1 workers of 1 for evacuation
[368.522s][info][gc,phases      ] GC(2005)   Pre Evacuate Collection Set: 0.0ms
[368.522s][info][gc,phases      ] GC(2005)   Evacuate Collection Set: 3.0ms
[368.522s][info][gc,phases      ] GC(2005)   Post Evacuate Collection Set: 0.5ms
[368.522s][info][gc,phases      ] GC(2005)   Other: 0.4ms
[368.522s][info][gc,heap        ] GC(2005) Eden regions: 258->0(258)
[368.522s][info][gc,heap        ] GC(2005) Survivor regions: 1->1(33)
[368.522s][info][gc,heap        ] GC(2005) Old regions: 56->56
[368.522s][info][gc,heap        ] GC(2005) Humongous regions: 6->6
[368.522s][info][gc,metaspace   ] GC(2005) Metaspace: 74003K->74003K(1116160K)
[368.522s][info][gc             ] GC(2005) Pause Young (Normal) (G1 Evacuation Pause) 318M->60M(433M) 4.036ms
[368.522s][info][gc,cpu         ] GC(2005) User=0.00s Sys=0.00s Real=0.01s
[368.714s][info][gc,start       ] GC(2006) Pause Young (Normal) (G1 Evacuation Pause)
[368.714s][info][gc,task        ] GC(2006) Using 1 workers of 1 for evacuation
[368.721s][info][gc,phases      ] GC(2006)   Pre Evacuate Collection Set: 0.0ms
[368.721s][info][gc,phases      ] GC(2006)   Evacuate Collection Set: 5.4ms
[368.721s][info][gc,phases      ] GC(2006)   Post Evacuate Collection Set: 0.5ms
[368.721s][info][gc,phases      ] GC(2006)   Other: 0.4ms
[368.721s][info][gc,heap        ] GC(2006) Eden regions: 258->0(258)
[368.721s][info][gc,heap        ] GC(2006) Survivor regions: 1->1(33)
[368.721s][info][gc,heap        ] GC(2006) Old regions: 56->56
[368.721s][info][gc,heap        ] GC(2006) Humongous regions: 11->6
[368.721s][info][gc,metaspace   ] GC(2006) Metaspace: 74003K->74003K(1116160K)
[368.721s][info][gc             ] GC(2006) Pause Young (Normal) (G1 Evacuation Pause) 323M->59M(433M) 6.364ms
[368.721s][info][gc,cpu         ] GC(2006) User=0.01s Sys=0.00s Real=0.01s
[368.914s][info][gc,start       ] GC(2007) Pause Young (Normal) (G1 Evacuation Pause)
[368.914s][info][gc,task        ] GC(2007) Using 1 workers of 1 for evacuation
[368.920s][info][gc,phases      ] GC(2007)   Pre Evacuate Collection Set: 0.0ms
[368.920s][info][gc,phases      ] GC(2007)   Evacuate Collection Set: 5.2ms
[368.920s][info][gc,phases      ] GC(2007)   Post Evacuate Collection Set: 0.5ms
[368.920s][info][gc,phases      ] GC(2007)   Other: 0.4ms
[368.920s][info][gc,heap        ] GC(2007) Eden regions: 258->0(258)
[368.920s][info][gc,heap        ] GC(2007) Survivor regions: 1->1(33)
[368.920s][info][gc,heap        ] GC(2007) Old regions: 56->56
[368.920s][info][gc,heap        ] GC(2007) Humongous regions: 6->6
[368.920s][info][gc,metaspace   ] GC(2007) Metaspace: 74003K->74003K(1116160K)
[368.920s][info][gc             ] GC(2007) Pause Young (Normal) (G1 Evacuation Pause) 317M->59M(433M) 6.138ms
[368.921s][info][gc,cpu         ] GC(2007) User=0.00s Sys=0.00s Real=0.01s
[369.068s][info][gc,start       ] GC(2008) Pause Young (Normal) (G1 Evacuation Pause)
[369.068s][info][gc,task        ] GC(2008) Using 1 workers of 1 for evacuation
[369.072s][info][gc,phases      ] GC(2008)   Pre Evacuate Collection Set: 0.0ms
[369.072s][info][gc,phases      ] GC(2008)   Evacuate Collection Set: 2.8ms
[369.072s][info][gc,phases      ] GC(2008)   Post Evacuate Collection Set: 0.5ms
[369.072s][info][gc,phases      ] GC(2008)   Other: 0.4ms
[369.072s][info][gc,heap        ] GC(2008) Eden regions: 258->0(258)
[369.072s][info][gc,heap        ] GC(2008) Survivor regions: 1->1(33)
[369.072s][info][gc,heap        ] GC(2008) Old regions: 56->56
[369.072s][info][gc,heap        ] GC(2008) Humongous regions: 6->6
[369.072s][info][gc,metaspace   ] GC(2008) Metaspace: 74003K->74003K(1116160K)
[369.072s][info][gc             ] GC(2008) Pause Young (Normal) (G1 Evacuation Pause) 317M->59M(433M) 3.853ms
[369.072s][info][gc,cpu         ] GC(2008) User=0.00s Sys=0.00s Real=0.00s
[369.278s][info][gc,start       ] GC(2009) Pause Young (Normal) (G1 Evacuation Pause)
[369.278s][info][gc,task        ] GC(2009) Using 1 workers of 1 for evacuation
[369.282s][info][gc,phases      ] GC(2009)   Pre Evacuate Collection Set: 0.0ms
[369.282s][info][gc,phases      ] GC(2009)   Evacuate Collection Set: 3.0ms
[369.282s][info][gc,phases      ] GC(2009)   Post Evacuate Collection Set: 0.5ms
[369.282s][info][gc,phases      ] GC(2009)   Other: 0.4ms
[369.282s][info][gc,heap        ] GC(2009) Eden regions: 258->0(258)
[369.282s][info][gc,heap        ] GC(2009) Survivor regions: 1->1(33)
[369.282s][info][gc,heap        ] GC(2009) Old regions: 56->56
[369.282s][info][gc,heap        ] GC(2009) Humongous regions: 6->6
[369.282s][info][gc,metaspace   ] GC(2009) Metaspace: 74003K->74003K(1116160K)
[369.282s][info][gc             ] GC(2009) Pause Young (Normal) (G1 Evacuation Pause) 317M->59M(433M) 4.094ms
[369.282s][info][gc,cpu         ] GC(2009) User=0.00s Sys=0.00s Real=0.01s
[369.461s][info][gc,start       ] GC(2010) Pause Young (Normal) (G1 Evacuation Pause)
[369.461s][info][gc,task        ] GC(2010) Using 1 workers of 1 for evacuation
[369.465s][info][gc,phases      ] GC(2010)   Pre Evacuate Collection Set: 0.0ms
[369.465s][info][gc,phases      ] GC(2010)   Evacuate Collection Set: 3.4ms
[369.465s][info][gc,phases      ] GC(2010)   Post Evacuate Collection Set: 0.4ms
[369.465s][info][gc,phases      ] GC(2010)   Other: 0.4ms
[369.465s][info][gc,heap        ] GC(2010) Eden regions: 258->0(258)
[369.465s][info][gc,heap        ] GC(2010) Survivor regions: 1->1(33)
[369.465s][info][gc,heap        ] GC(2010) Old regions: 56->56
[369.465s][info][gc,heap        ] GC(2010) Humongous regions: 6->6
[369.465s][info][gc,metaspace   ] GC(2010) Metaspace: 74003K->74003K(1116160K)
[369.465s][info][gc             ] GC(2010) Pause Young (Normal) (G1 Evacuation Pause) 317M->60M(433M) 4.331ms
[369.465s][info][gc,cpu         ] GC(2010) User=0.00s Sys=0.00s Real=0.00s
[369.659s][info][gc,start       ] GC(2011) Pause Young (Normal) (G1 Evacuation Pause)
[369.659s][info][gc,task        ] GC(2011) Using 1 workers of 1 for evacuation
[369.663s][info][gc,phases      ] GC(2011)   Pre Evacuate Collection Set: 0.0ms
[369.663s][info][gc,phases      ] GC(2011)   Evacuate Collection Set: 2.8ms
[369.663s][info][gc,phases      ] GC(2011)   Post Evacuate Collection Set: 0.5ms
[369.663s][info][gc,phases      ] GC(2011)   Other: 0.4ms
[369.663s][info][gc,heap        ] GC(2011) Eden regions: 258->0(258)
[369.663s][info][gc,heap        ] GC(2011) Survivor regions: 1->1(33)
[369.663s][info][gc,heap        ] GC(2011) Old regions: 56->56
[369.663s][info][gc,heap        ] GC(2011) Humongous regions: 6->6
[369.663s][info][gc,metaspace   ] GC(2011) Metaspace: 74003K->74003K(1116160K)
[369.663s][info][gc             ] GC(2011) Pause Young (Normal) (G1 Evacuation Pause) 318M->60M(433M) 3.777ms
[369.663s][info][gc,cpu         ] GC(2011) User=0.00s Sys=0.00s Real=0.00s
[369.910s][info][gc,start       ] GC(2012) Pause Young (Normal) (G1 Evacuation Pause)
[369.910s][info][gc,task        ] GC(2012) Using 1 workers of 1 for evacuation
[369.914s][info][gc,phases      ] GC(2012)   Pre Evacuate Collection Set: 0.0ms
[369.914s][info][gc,phases      ] GC(2012)   Evacuate Collection Set: 3.2ms
[369.915s][info][gc,phases      ] GC(2012)   Post Evacuate Collection Set: 0.4ms
[369.915s][info][gc,phases      ] GC(2012)   Other: 0.5ms
[369.915s][info][gc,heap        ] GC(2012) Eden regions: 258->0(258)
[369.915s][info][gc,heap        ] GC(2012) Survivor regions: 1->1(33)
[369.915s][info][gc,heap        ] GC(2012) Old regions: 56->56
[369.915s][info][gc,heap        ] GC(2012) Humongous regions: 11->6
[369.915s][info][gc,metaspace   ] GC(2012) Metaspace: 74003K->74003K(1116160K)
[369.915s][info][gc             ] GC(2012) Pause Young (Normal) (G1 Evacuation Pause) 323M->60M(433M) 4.259ms
[369.915s][info][gc,cpu         ] GC(2012) User=0.00s Sys=0.00s Real=0.00s
[370.061s][info][gc,start       ] GC(2013) Pause Young (Normal) (G1 Evacuation Pause)
[370.061s][info][gc,task        ] GC(2013) Using 1 workers of 1 for evacuation
[370.065s][info][gc,phases      ] GC(2013)   Pre Evacuate Collection Set: 0.0ms
[370.065s][info][gc,phases      ] GC(2013)   Evacuate Collection Set: 3.0ms
[370.065s][info][gc,phases      ] GC(2013)   Post Evacuate Collection Set: 0.4ms
[370.065s][info][gc,phases      ] GC(2013)   Other: 0.3ms
[370.065s][info][gc,heap        ] GC(2013) Eden regions: 258->0(258)
[370.065s][info][gc,heap        ] GC(2013) Survivor regions: 1->1(33)
[370.065s][info][gc,heap        ] GC(2013) Old regions: 56->56
[370.065s][info][gc,heap        ] GC(2013) Humongous regions: 6->6
[370.065s][info][gc,metaspace   ] GC(2013) Metaspace: 74003K->74003K(1116160K)
[370.065s][info][gc             ] GC(2013) Pause Young (Normal) (G1 Evacuation Pause) 318M->60M(433M) 3.781ms
[370.065s][info][gc,cpu         ] GC(2013) User=0.00s Sys=0.00s Real=0.00s
[370.217s][info][gc,start       ] GC(2014) Pause Young (Normal) (G1 Evacuation Pause)
[370.218s][info][gc,task        ] GC(2014) Using 1 workers of 1 for evacuation
[370.221s][info][gc,phases      ] GC(2014)   Pre Evacuate Collection Set: 0.0ms
[370.222s][info][gc,phases      ] GC(2014)   Evacuate Collection Set: 3.3ms
[370.222s][info][gc,phases      ] GC(2014)   Post Evacuate Collection Set: 0.4ms
[370.222s][info][gc,phases      ] GC(2014)   Other: 0.5ms
[370.222s][info][gc,heap        ] GC(2014) Eden regions: 258->0(258)
[370.222s][info][gc,heap        ] GC(2014) Survivor regions: 1->1(33)
[370.222s][info][gc,heap        ] GC(2014) Old regions: 56->56
[370.222s][info][gc,heap        ] GC(2014) Humongous regions: 6->6
[370.222s][info][gc,metaspace   ] GC(2014) Metaspace: 74003K->74003K(1116160K)
[370.222s][info][gc             ] GC(2014) Pause Young (Normal) (G1 Evacuation Pause) 318M->60M(433M) 4.165ms
[370.222s][info][gc,cpu         ] GC(2014) User=0.01s Sys=0.00s Real=0.01s
[370.388s][info][gc,start       ] GC(2015) Pause Young (Normal) (G1 Evacuation Pause)
[370.388s][info][gc,task        ] GC(2015) Using 1 workers of 1 for evacuation
[370.393s][info][gc,phases      ] GC(2015)   Pre Evacuate Collection Set: 0.0ms
[370.393s][info][gc,phases      ] GC(2015)   Evacuate Collection Set: 3.6ms
[370.393s][info][gc,phases      ] GC(2015)   Post Evacuate Collection Set: 0.5ms
[370.393s][info][gc,phases      ] GC(2015)   Other: 0.4ms
[370.393s][info][gc,heap        ] GC(2015) Eden regions: 258->0(258)
[370.393s][info][gc,heap        ] GC(2015) Survivor regions: 1->1(33)
[370.393s][info][gc,heap        ] GC(2015) Old regions: 56->56
[370.393s][info][gc,heap        ] GC(2015) Humongous regions: 6->6
[370.393s][info][gc,metaspace   ] GC(2015) Metaspace: 74003K->74003K(1116160K)
[370.393s][info][gc             ] GC(2015) Pause Young (Normal) (G1 Evacuation Pause) 318M->60M(433M) 4.639ms
[370.393s][info][gc,cpu         ] GC(2015) User=0.01s Sys=0.00s Real=0.00s
[370.537s][info][gc,start       ] GC(2016) Pause Young (Normal) (G1 Evacuation Pause)
[370.537s][info][gc,task        ] GC(2016) Using 1 workers of 1 for evacuation
[370.541s][info][gc,phases      ] GC(2016)   Pre Evacuate Collection Set: 0.0ms
[370.541s][info][gc,phases      ] GC(2016)   Evacuate Collection Set: 3.0ms
[370.541s][info][gc,phases      ] GC(2016)   Post Evacuate Collection Set: 0.4ms
[370.541s][info][gc,phases      ] GC(2016)   Other: 0.5ms
[370.541s][info][gc,heap        ] GC(2016) Eden regions: 258->0(258)
[370.541s][info][gc,heap        ] GC(2016) Survivor regions: 1->1(33)
[370.541s][info][gc,heap        ] GC(2016) Old regions: 56->56
[370.541s][info][gc,heap        ] GC(2016) Humongous regions: 6->6
[370.541s][info][gc,metaspace   ] GC(2016) Metaspace: 74003K->74003K(1116160K)
[370.541s][info][gc             ] GC(2016) Pause Young (Normal) (G1 Evacuation Pause) 318M->60M(433M) 4.010ms
[370.541s][info][gc,cpu         ] GC(2016) User=0.00s Sys=0.00s Real=0.01s
[370.688s][info][gc,start       ] GC(2017) Pause Young (Normal) (G1 Evacuation Pause)
[370.688s][info][gc,task        ] GC(2017) Using 1 workers of 1 for evacuation
[370.691s][info][gc,phases      ] GC(2017)   Pre Evacuate Collection Set: 0.0ms
[370.691s][info][gc,phases      ] GC(2017)   Evacuate Collection Set: 2.8ms
[370.691s][info][gc,phases      ] GC(2017)   Post Evacuate Collection Set: 0.4ms
[370.691s][info][gc,phases      ] GC(2017)   Other: 0.3ms
[370.691s][info][gc,heap        ] GC(2017) Eden regions: 258->0(258)
[370.691s][info][gc,heap        ] GC(2017) Survivor regions: 1->1(33)
[370.691s][info][gc,heap        ] GC(2017) Old regions: 56->56
[370.691s][info][gc,heap        ] GC(2017) Humongous regions: 6->6
[370.691s][info][gc,metaspace   ] GC(2017) Metaspace: 74003K->74003K(1116160K)
[370.691s][info][gc             ] GC(2017) Pause Young (Normal) (G1 Evacuation Pause) 318M->60M(433M) 3.583ms
[370.691s][info][gc,cpu         ] GC(2017) User=0.01s Sys=0.00s Real=0.00s
[370.904s][info][gc,start       ] GC(2018) Pause Young (Normal) (G1 Evacuation Pause)
[370.904s][info][gc,task        ] GC(2018) Using 1 workers of 1 for evacuation
[370.910s][info][gc,phases      ] GC(2018)   Pre Evacuate Collection Set: 0.0ms
[370.910s][info][gc,phases      ] GC(2018)   Evacuate Collection Set: 4.6ms
[370.910s][info][gc,phases      ] GC(2018)   Post Evacuate Collection Set: 0.4ms
[370.910s][info][gc,phases      ] GC(2018)   Other: 0.5ms
[370.910s][info][gc,heap        ] GC(2018) Eden regions: 258->0(258)
[370.910s][info][gc,heap        ] GC(2018) Survivor regions: 1->1(33)
[370.910s][info][gc,heap        ] GC(2018) Old regions: 56->56
[370.910s][info][gc,heap        ] GC(2018) Humongous regions: 6->6
[370.910s][info][gc,metaspace   ] GC(2018) Metaspace: 74003K->74003K(1116160K)
[370.910s][info][gc             ] GC(2018) Pause Young (Normal) (G1 Evacuation Pause) 318M->60M(433M) 5.611ms
[370.910s][info][gc,cpu         ] GC(2018) User=0.01s Sys=0.00s Real=0.01s
[371.239s][info][gc,start       ] GC(2019) Pause Young (Normal) (G1 Evacuation Pause)
[371.239s][info][gc,task        ] GC(2019) Using 1 workers of 1 for evacuation
[371.243s][info][gc,phases      ] GC(2019)   Pre Evacuate Collection Set: 0.0ms
[371.243s][info][gc,phases      ] GC(2019)   Evacuate Collection Set: 3.0ms
[371.243s][info][gc,phases      ] GC(2019)   Post Evacuate Collection Set: 0.5ms
[371.243s][info][gc,phases      ] GC(2019)   Other: 0.5ms
[371.243s][info][gc,heap        ] GC(2019) Eden regions: 258->0(258)
[371.243s][info][gc,heap        ] GC(2019) Survivor regions: 1->1(33)
[371.243s][info][gc,heap        ] GC(2019) Old regions: 56->56
[371.243s][info][gc,heap        ] GC(2019) Humongous regions: 11->6
[371.243s][info][gc,metaspace   ] GC(2019) Metaspace: 74003K->74003K(1116160K)
[371.243s][info][gc             ] GC(2019) Pause Young (Normal) (G1 Evacuation Pause) 323M->60M(433M) 3.981ms
[371.243s][info][gc,cpu         ] GC(2019) User=0.00s Sys=0.00s Real=0.00s
[371.385s][info][gc,start       ] GC(2020) Pause Young (Normal) (G1 Evacuation Pause)
[371.385s][info][gc,task        ] GC(2020) Using 1 workers of 1 for evacuation
[371.389s][info][gc,phases      ] GC(2020)   Pre Evacuate Collection Set: 0.0ms
[371.389s][info][gc,phases      ] GC(2020)   Evacuate Collection Set: 3.8ms
[371.389s][info][gc,phases      ] GC(2020)   Post Evacuate Collection Set: 0.4ms
[371.389s][info][gc,phases      ] GC(2020)   Other: 0.4ms
[371.389s][info][gc,heap        ] GC(2020) Eden regions: 258->0(258)
[371.390s][info][gc,heap        ] GC(2020) Survivor regions: 1->1(33)
[371.390s][info][gc,heap        ] GC(2020) Old regions: 56->56
[371.390s][info][gc,heap        ] GC(2020) Humongous regions: 6->6
[371.390s][info][gc,metaspace   ] GC(2020) Metaspace: 74003K->74003K(1116160K)
[371.390s][info][gc             ] GC(2020) Pause Young (Normal) (G1 Evacuation Pause) 318M->60M(433M) 4.712ms
[371.390s][info][gc,cpu         ] GC(2020) User=0.01s Sys=0.00s Real=0.01s
[371.660s][info][gc,start       ] GC(2021) Pause Young (Normal) (G1 Evacuation Pause)
[371.660s][info][gc,task        ] GC(2021) Using 1 workers of 1 for evacuation
[371.664s][info][gc,phases      ] GC(2021)   Pre Evacuate Collection Set: 0.0ms
[371.664s][info][gc,phases      ] GC(2021)   Evacuate Collection Set: 3.1ms
[371.664s][info][gc,phases      ] GC(2021)   Post Evacuate Collection Set: 0.4ms
[371.664s][info][gc,phases      ] GC(2021)   Other: 0.5ms
[371.664s][info][gc,heap        ] GC(2021) Eden regions: 258->0(258)
[371.664s][info][gc,heap        ] GC(2021) Survivor regions: 1->1(33)
[371.664s][info][gc,heap        ] GC(2021) Old regions: 56->56
[371.664s][info][gc,heap        ] GC(2021) Humongous regions: 6->6
[371.664s][info][gc,metaspace   ] GC(2021) Metaspace: 74006K->74006K(1116160K)
[371.664s][info][gc             ] GC(2021) Pause Young (Normal) (G1 Evacuation Pause) 318M->60M(433M) 4.005ms
[371.664s][info][gc,cpu         ] GC(2021) User=0.00s Sys=0.00s Real=0.00s
[371.816s][info][gc,start       ] GC(2022) Pause Young (Normal) (G1 Evacuation Pause)
[371.816s][info][gc,task        ] GC(2022) Using 1 workers of 1 for evacuation
[371.822s][info][gc,phases      ] GC(2022)   Pre Evacuate Collection Set: 0.0ms
[371.822s][info][gc,phases      ] GC(2022)   Evacuate Collection Set: 5.3ms
[371.822s][info][gc,phases      ] GC(2022)   Post Evacuate Collection Set: 0.8ms
[371.822s][info][gc,phases      ] GC(2022)   Other: 0.3ms
[371.822s][info][gc,heap        ] GC(2022) Eden regions: 258->0(258)
[371.823s][info][gc,heap        ] GC(2022) Survivor regions: 1->1(33)
[371.823s][info][gc,heap        ] GC(2022) Old regions: 56->56
[371.823s][info][gc,heap        ] GC(2022) Humongous regions: 6->6
[371.823s][info][gc,metaspace   ] GC(2022) Metaspace: 74006K->74006K(1116160K)
[371.823s][info][gc             ] GC(2022) Pause Young (Normal) (G1 Evacuation Pause) 318M->60M(433M) 6.747ms
[371.823s][info][gc,cpu         ] GC(2022) User=0.01s Sys=0.00s Real=0.01s
[372.060s][info][gc,start       ] GC(2023) Pause Young (Normal) (G1 Evacuation Pause)
[372.060s][info][gc,task        ] GC(2023) Using 1 workers of 1 for evacuation
[372.063s][info][gc,phases      ] GC(2023)   Pre Evacuate Collection Set: 0.0ms
[372.063s][info][gc,phases      ] GC(2023)   Evacuate Collection Set: 2.7ms
[372.063s][info][gc,phases      ] GC(2023)   Post Evacuate Collection Set: 0.4ms
[372.063s][info][gc,phases      ] GC(2023)   Other: 0.4ms
[372.063s][info][gc,heap        ] GC(2023) Eden regions: 258->0(258)
[372.063s][info][gc,heap        ] GC(2023) Survivor regions: 1->1(33)
[372.063s][info][gc,heap        ] GC(2023) Old regions: 56->56
[372.063s][info][gc,heap        ] GC(2023) Humongous regions: 6->6
[372.063s][info][gc,metaspace   ] GC(2023) Metaspace: 74006K->74006K(1116160K)
[372.063s][info][gc             ] GC(2023) Pause Young (Normal) (G1 Evacuation Pause) 318M->60M(433M) 3.551ms
[372.063s][info][gc,cpu         ] GC(2023) User=0.01s Sys=0.00s Real=0.00s
[372.225s][info][gc,start       ] GC(2024) Pause Young (Normal) (G1 Evacuation Pause)
[372.225s][info][gc,task        ] GC(2024) Using 1 workers of 1 for evacuation
[372.229s][info][gc,phases      ] GC(2024)   Pre Evacuate Collection Set: 0.0ms
[372.229s][info][gc,phases      ] GC(2024)   Evacuate Collection Set: 3.0ms
[372.229s][info][gc,phases      ] GC(2024)   Post Evacuate Collection Set: 0.4ms
[372.229s][info][gc,phases      ] GC(2024)   Other: 0.4ms
[372.229s][info][gc,heap        ] GC(2024) Eden regions: 258->0(258)
[372.229s][info][gc,heap        ] GC(2024) Survivor regions: 1->1(33)
[372.229s][info][gc,heap        ] GC(2024) Old regions: 56->56
[372.229s][info][gc,heap        ] GC(2024) Humongous regions: 6->6
[372.229s][info][gc,metaspace   ] GC(2024) Metaspace: 74006K->74006K(1116160K)
[372.229s][info][gc             ] GC(2024) Pause Young (Normal) (G1 Evacuation Pause) 318M->60M(433M) 3.839ms
[372.229s][info][gc,cpu         ] GC(2024) User=0.01s Sys=0.00s Real=0.01s
[372.515s][info][gc,start       ] GC(2025) Pause Young (Normal) (G1 Evacuation Pause)
[372.515s][info][gc,task        ] GC(2025) Using 1 workers of 1 for evacuation
[372.523s][info][gc,phases      ] GC(2025)   Pre Evacuate Collection Set: 0.0ms
[372.523s][info][gc,phases      ] GC(2025)   Evacuate Collection Set: 7.0ms
[372.523s][info][gc,phases      ] GC(2025)   Post Evacuate Collection Set: 0.4ms
[372.523s][info][gc,phases      ] GC(2025)   Other: 0.4ms
[372.523s][info][gc,heap        ] GC(2025) Eden regions: 258->0(258)
[372.523s][info][gc,heap        ] GC(2025) Survivor regions: 1->1(33)
[372.523s][info][gc,heap        ] GC(2025) Old regions: 56->56
[372.523s][info][gc,heap        ] GC(2025) Humongous regions: 11->6
[372.523s][info][gc,metaspace   ] GC(2025) Metaspace: 74006K->74006K(1116160K)
[372.523s][info][gc             ] GC(2025) Pause Young (Normal) (G1 Evacuation Pause) 323M->60M(433M) 7.874ms
[372.523s][info][gc,cpu         ] GC(2025) User=0.00s Sys=0.00s Real=0.01s
[372.972s][info][gc,start       ] GC(2026) Pause Young (Normal) (G1 Evacuation Pause)
[372.972s][info][gc,task        ] GC(2026) Using 1 workers of 1 for evacuation
[372.980s][info][gc,phases      ] GC(2026)   Pre Evacuate Collection Set: 0.0ms
[372.980s][info][gc,phases      ] GC(2026)   Evacuate Collection Set: 7.0ms
[372.980s][info][gc,phases      ] GC(2026)   Post Evacuate Collection Set: 0.4ms
[372.980s][info][gc,phases      ] GC(2026)   Other: 0.4ms
[372.980s][info][gc,heap        ] GC(2026) Eden regions: 258->0(258)
[372.980s][info][gc,heap        ] GC(2026) Survivor regions: 1->1(33)
[372.980s][info][gc,heap        ] GC(2026) Old regions: 56->56
[372.980s][info][gc,heap        ] GC(2026) Humongous regions: 6->6
[372.980s][info][gc,metaspace   ] GC(2026) Metaspace: 74006K->74006K(1116160K)
[372.980s][info][gc             ] GC(2026) Pause Young (Normal) (G1 Evacuation Pause) 318M->60M(433M) 7.824ms
[372.980s][info][gc,cpu         ] GC(2026) User=0.01s Sys=0.00s Real=0.01s
[373.404s][info][gc,start       ] GC(2027) Pause Young (Normal) (G1 Evacuation Pause)
[373.406s][info][gc,task        ] GC(2027) Using 1 workers of 1 for evacuation
[373.418s][info][gc,phases      ] GC(2027)   Pre Evacuate Collection Set: 0.0ms
[373.418s][info][gc,phases      ] GC(2027)   Evacuate Collection Set: 10.7ms
[373.418s][info][gc,phases      ] GC(2027)   Post Evacuate Collection Set: 0.6ms
[373.418s][info][gc,phases      ] GC(2027)   Other: 2.2ms
[373.418s][info][gc,heap        ] GC(2027) Eden regions: 258->0(258)
[373.418s][info][gc,heap        ] GC(2027) Survivor regions: 1->1(33)
[373.418s][info][gc,heap        ] GC(2027) Old regions: 56->56
[373.418s][info][gc,heap        ] GC(2027) Humongous regions: 6->6
[373.418s][info][gc,metaspace   ] GC(2027) Metaspace: 74006K->74006K(1116160K)
[373.418s][info][gc             ] GC(2027) Pause Young (Normal) (G1 Evacuation Pause) 318M->60M(433M) 13.525ms
[373.418s][info][gc,cpu         ] GC(2027) User=0.00s Sys=0.00s Real=0.01s
[373.822s][info][gc,start       ] GC(2028) Pause Young (Normal) (G1 Evacuation Pause)
[373.822s][info][gc,task        ] GC(2028) Using 1 workers of 1 for evacuation
[373.831s][info][gc,phases      ] GC(2028)   Pre Evacuate Collection Set: 0.0ms
[373.831s][info][gc,phases      ] GC(2028)   Evacuate Collection Set: 8.3ms
[373.831s][info][gc,phases      ] GC(2028)   Post Evacuate Collection Set: 0.5ms
[373.831s][info][gc,phases      ] GC(2028)   Other: 0.4ms
[373.831s][info][gc,heap        ] GC(2028) Eden regions: 258->0(258)
[373.831s][info][gc,heap        ] GC(2028) Survivor regions: 1->1(33)
[373.831s][info][gc,heap        ] GC(2028) Old regions: 56->56
[373.831s][info][gc,heap        ] GC(2028) Humongous regions: 6->6
[373.831s][info][gc,metaspace   ] GC(2028) Metaspace: 74006K->74006K(1116160K)
[373.831s][info][gc             ] GC(2028) Pause Young (Normal) (G1 Evacuation Pause) 318M->60M(433M) 9.339ms
[373.831s][info][gc,cpu         ] GC(2028) User=0.01s Sys=0.00s Real=0.01s
[374.120s][info][gc,start       ] GC(2029) Pause Young (Normal) (G1 Evacuation Pause)
[374.120s][info][gc,task        ] GC(2029) Using 1 workers of 1 for evacuation
[374.123s][info][gc,phases      ] GC(2029)   Pre Evacuate Collection Set: 0.0ms
[374.124s][info][gc,phases      ] GC(2029)   Evacuate Collection Set: 3.1ms
[374.124s][info][gc,phases      ] GC(2029)   Post Evacuate Collection Set: 0.4ms
[374.124s][info][gc,phases      ] GC(2029)   Other: 0.4ms
[374.124s][info][gc,heap        ] GC(2029) Eden regions: 258->0(258)
[374.124s][info][gc,heap        ] GC(2029) Survivor regions: 1->1(33)
[374.124s][info][gc,heap        ] GC(2029) Old regions: 56->56
[374.124s][info][gc,heap        ] GC(2029) Humongous regions: 6->6
[374.124s][info][gc,metaspace   ] GC(2029) Metaspace: 74006K->74006K(1116160K)
