[0.003s][info][gc,heap] Heap region size: 1M
[0.005s][info][gc     ] Using G1
[0.005s][info][gc,heap,coops] Heap address: 0x00000000a2400000, size: 1500 MB, Compressed Oops mode: 32-bit
[0.447s][info][gc,start     ] GC(0) Pause Young (Normal) (G1 Evacuation Pause)
[0.447s][info][gc,task      ] GC(0) Using 1 workers of 1 for evacuation
[0.452s][info][gc,phases    ] GC(0)   Pre Evacuate Collection Set: 0.0ms
[0.452s][info][gc,phases    ] GC(0)   Evacuate Collection Set: 4.4ms
[0.452s][info][gc,phases    ] GC(0)   Post Evacuate Collection Set: 0.1ms
[0.452s][info][gc,phases    ] GC(0)   Other: 0.2ms
[0.452s][info][gc,heap      ] GC(0) Eden regions: 6->0(5)
[0.452s][info][gc,heap      ] GC(0) Survivor regions: 0->1(1)
[0.452s][info][gc,heap      ] GC(0) Old regions: 0->2
[0.452s][info][gc,heap      ] GC(0) Humongous regions: 0->0
[0.452s][info][gc,metaspace ] GC(0) Metaspace: 2160K->2160K(1056768K)
[0.452s][info][gc           ] GC(0) Pause Young (Normal) (G1 Evacuation Pause) 6M->2M(126M) 4.809ms
[0.452s][info][gc,cpu       ] GC(0) User=0.00s Sys=0.00s Real=0.01s
[0.613s][info][gc,start     ] GC(1) Pause Young (Normal) (G1 Evacuation Pause)
[0.613s][info][gc,task      ] GC(1) Using 1 workers of 1 for evacuation
[0.616s][info][gc,phases    ] GC(1)   Pre Evacuate Collection Set: 0.0ms
[0.616s][info][gc,phases    ] GC(1)   Evacuate Collection Set: 2.6ms
[0.616s][info][gc,phases    ] GC(1)   Post Evacuate Collection Set: 0.1ms
[0.616s][info][gc,phases    ] GC(1)   Other: 0.1ms
[0.616s][info][gc,heap      ] GC(1) Eden regions: 5->0(6)
[0.616s][info][gc,heap      ] GC(1) Survivor regions: 1->1(1)
[0.616s][info][gc,heap      ] GC(1) Old regions: 2->3
[0.616s][info][gc,heap      ] GC(1) Humongous regions: 0->0
[0.616s][info][gc,metaspace ] GC(1) Metaspace: 4304K->4304K(1056768K)
[0.616s][info][gc           ] GC(1) Pause Young (Normal) (G1 Evacuation Pause) 7M->2M(126M) 2.798ms
[0.616s][info][gc,cpu       ] GC(1) User=0.01s Sys=0.00s Real=0.00s
[0.849s][info][gc,start     ] GC(2) Pause Young (Normal) (G1 Evacuation Pause)
[0.849s][info][gc,task      ] GC(2) Using 1 workers of 1 for evacuation
[0.851s][info][gc,phases    ] GC(2)   Pre Evacuate Collection Set: 0.0ms
[0.851s][info][gc,phases    ] GC(2)   Evacuate Collection Set: 1.6ms
[0.851s][info][gc,phases    ] GC(2)   Post Evacuate Collection Set: 0.1ms
[0.851s][info][gc,phases    ] GC(2)   Other: 0.2ms
[0.851s][info][gc,heap      ] GC(2) Eden regions: 6->0(12)
[0.851s][info][gc,heap      ] GC(2) Survivor regions: 1->1(1)
[0.851s][info][gc,heap      ] GC(2) Old regions: 3->3
[0.851s][info][gc,heap      ] GC(2) Humongous regions: 0->0
[0.851s][info][gc,metaspace ] GC(2) Metaspace: 6655K->6655K(1058816K)
[0.851s][info][gc           ] GC(2) Pause Young (Normal) (G1 Evacuation Pause) 8M->2M(126M) 2.003ms
[0.851s][info][gc,cpu       ] GC(2) User=0.00s Sys=0.00s Real=0.01s
[2.359s][info][gc,start     ] GC(3) Pause Young (Normal) (G1 Evacuation Pause)
[2.359s][info][gc,task      ] GC(3) Using 1 workers of 1 for evacuation
[2.362s][info][gc,phases    ] GC(3)   Pre Evacuate Collection Set: 0.0ms
[2.362s][info][gc,phases    ] GC(3)   Evacuate Collection Set: 2.7ms
[2.362s][info][gc,phases    ] GC(3)   Post Evacuate Collection Set: 0.1ms
[2.362s][info][gc,phases    ] GC(3)   Other: 0.2ms
[2.362s][info][gc,heap      ] GC(3) Eden regions: 12->0(18)
[2.362s][info][gc,heap      ] GC(3) Survivor regions: 1->1(2)
[2.362s][info][gc,heap      ] GC(3) Old regions: 3->3
[2.362s][info][gc,heap      ] GC(3) Humongous regions: 0->0
[2.362s][info][gc,metaspace ] GC(3) Metaspace: 8530K->8530K(1058816K)
[2.362s][info][gc           ] GC(3) Pause Young (Normal) (G1 Evacuation Pause) 14M->3M(126M) 3.100ms
[2.362s][info][gc,cpu       ] GC(3) User=0.01s Sys=0.00s Real=0.00s
[2.666s][info][gc,start     ] GC(4) Pause Young (Normal) (G1 Evacuation Pause)
[2.667s][info][gc,task      ] GC(4) Using 1 workers of 1 for evacuation
[2.673s][info][gc,phases    ] GC(4)   Pre Evacuate Collection Set: 0.0ms
[2.673s][info][gc,phases    ] GC(4)   Evacuate Collection Set: 5.9ms
[2.673s][info][gc,phases    ] GC(4)   Post Evacuate Collection Set: 0.1ms
[2.673s][info][gc,phases    ] GC(4)   Other: 0.2ms
[2.673s][info][gc,heap      ] GC(4) Eden regions: 18->0(19)
[2.673s][info][gc,heap      ] GC(4) Survivor regions: 1->3(3)
[2.673s][info][gc,heap      ] GC(4) Old regions: 3->8
[2.673s][info][gc,heap      ] GC(4) Humongous regions: 6->6
[2.673s][info][gc,metaspace ] GC(4) Metaspace: 12244K->12244K(1060864K)
[2.673s][info][gc           ] GC(4) Pause Young (Normal) (G1 Evacuation Pause) 27M->16M(126M) 6.338ms
[2.673s][info][gc,cpu       ] GC(4) User=0.01s Sys=0.00s Real=0.01s
[3.365s][info][gc,start     ] GC(5) Pause Young (Normal) (G1 Evacuation Pause)
[3.366s][info][gc,task      ] GC(5) Using 1 workers of 1 for evacuation
[3.372s][info][gc,phases    ] GC(5)   Pre Evacuate Collection Set: 0.0ms
[3.372s][info][gc,phases    ] GC(5)   Evacuate Collection Set: 6.5ms
[3.372s][info][gc,phases    ] GC(5)   Post Evacuate Collection Set: 0.2ms
[3.372s][info][gc,phases    ] GC(5)   Other: 0.2ms
[3.372s][info][gc,heap      ] GC(5) Eden regions: 19->0(21)
[3.372s][info][gc,heap      ] GC(5) Survivor regions: 3->3(3)
[3.372s][info][gc,heap      ] GC(5) Old regions: 8->12
[3.372s][info][gc,heap      ] GC(5) Humongous regions: 6->6
[3.372s][info][gc,metaspace ] GC(5) Metaspace: 17612K->17612K(1064960K)
[3.372s][info][gc           ] GC(5) Pause Young (Normal) (G1 Evacuation Pause) 35M->20M(126M) 7.039ms
[3.372s][info][gc,cpu       ] GC(5) User=0.00s Sys=0.00s Real=0.01s
[3.584s][info][gc,start     ] GC(6) Pause Young (Concurrent Start) (Metadata GC Threshold)
[3.584s][info][gc,task      ] GC(6) Using 1 workers of 1 for evacuation
[3.590s][info][gc,phases    ] GC(6)   Pre Evacuate Collection Set: 0.1ms
[3.590s][info][gc,phases    ] GC(6)   Evacuate Collection Set: 5.0ms
[3.590s][info][gc,phases    ] GC(6)   Post Evacuate Collection Set: 0.3ms
[3.590s][info][gc,phases    ] GC(6)   Other: 0.2ms
[3.590s][info][gc,heap      ] GC(6) Eden regions: 9->0(22)
[3.590s][info][gc,heap      ] GC(6) Survivor regions: 3->1(3)
[3.590s][info][gc,heap      ] GC(6) Old regions: 12->14
[3.590s][info][gc,heap      ] GC(6) Humongous regions: 6->6
[3.590s][info][gc,metaspace ] GC(6) Metaspace: 20182K->20182K(1067008K)
[3.590s][info][gc           ] GC(6) Pause Young (Concurrent Start) (Metadata GC Threshold) 28M->20M(152M) 5.597ms
[3.590s][info][gc,cpu       ] GC(6) User=0.01s Sys=0.00s Real=0.01s
[3.590s][info][gc           ] GC(7) Concurrent Cycle
[3.590s][info][gc,marking   ] GC(7) Concurrent Clear Claimed Marks
[3.590s][info][gc,marking   ] GC(7) Concurrent Clear Claimed Marks 0.049ms
[3.590s][info][gc,marking   ] GC(7) Concurrent Scan Root Regions
[3.590s][info][gc,marking   ] GC(7) Concurrent Scan Root Regions 0.312ms
[3.590s][info][gc,marking   ] GC(7) Concurrent Mark (3.590s)
[3.590s][info][gc,marking   ] GC(7) Concurrent Mark From Roots
[3.590s][info][gc,task      ] GC(7) Using 1 workers of 1 for marking
[3.619s][info][gc,marking   ] GC(7) Concurrent Mark From Roots 28.966ms
[3.619s][info][gc,marking   ] GC(7) Concurrent Preclean
[3.619s][info][gc,marking   ] GC(7) Concurrent Preclean 0.041ms
[3.619s][info][gc,marking   ] GC(7) Concurrent Mark (3.590s, 3.619s) 29.057ms
[3.624s][info][gc,start     ] GC(7) Pause Remark
[3.634s][info][gc,stringtable] GC(7) Cleaned string and symbol table, strings: 7723 processed, 7 removed, symbols: 40349 processed, 43 removed
[3.634s][info][gc            ] GC(7) Pause Remark 20M->20M(152M) 10.208ms
[3.634s][info][gc,cpu        ] GC(7) User=0.00s Sys=0.00s Real=0.01s
[3.638s][info][gc,marking    ] GC(7) Concurrent Rebuild Remembered Sets
[3.650s][info][gc,marking    ] GC(7) Concurrent Rebuild Remembered Sets 12.798ms
[3.656s][info][gc,start      ] GC(7) Pause Cleanup
[3.656s][info][gc            ] GC(7) Pause Cleanup 20M->20M(152M) 0.080ms
[3.656s][info][gc,cpu        ] GC(7) User=0.00s Sys=0.00s Real=0.00s
[3.656s][info][gc,marking    ] GC(7) Concurrent Cleanup for Next Mark
[3.657s][info][gc,marking    ] GC(7) Concurrent Cleanup for Next Mark 0.512ms
[3.657s][info][gc            ] GC(7) Concurrent Cycle 66.895ms
[4.344s][info][gc,start      ] GC(8) Pause Young (Normal) (G1 Evacuation Pause)
[4.344s][info][gc,task       ] GC(8) Using 1 workers of 1 for evacuation
[4.350s][info][gc,phases     ] GC(8)   Pre Evacuate Collection Set: 0.0ms
[4.351s][info][gc,phases     ] GC(8)   Evacuate Collection Set: 6.0ms
[4.351s][info][gc,phases     ] GC(8)   Post Evacuate Collection Set: 0.2ms
[4.351s][info][gc,phases     ] GC(8)   Other: 0.3ms
[4.351s][info][gc,heap       ] GC(8) Eden regions: 23->0(38)
[4.351s][info][gc,heap       ] GC(8) Survivor regions: 1->2(3)
[4.351s][info][gc,heap       ] GC(8) Old regions: 14->14
[4.351s][info][gc,heap       ] GC(8) Humongous regions: 6->6
[4.351s][info][gc,metaspace  ] GC(8) Metaspace: 25210K->25210K(1071104K)
[4.351s][info][gc            ] GC(8) Pause Young (Normal) (G1 Evacuation Pause) 43M->21M(152M) 6.601ms
[4.351s][info][gc,cpu        ] GC(8) User=0.01s Sys=0.00s Real=0.01s
[5.372s][info][gc,start      ] GC(9) Pause Young (Normal) (G1 Evacuation Pause)
[5.372s][info][gc,task       ] GC(9) Using 1 workers of 1 for evacuation
[5.383s][info][gc,phases     ] GC(9)   Pre Evacuate Collection Set: 0.0ms
[5.383s][info][gc,phases     ] GC(9)   Evacuate Collection Set: 10.7ms
[5.383s][info][gc,phases     ] GC(9)   Post Evacuate Collection Set: 0.3ms
[5.383s][info][gc,phases     ] GC(9)   Other: 0.3ms
[5.383s][info][gc,heap       ] GC(9) Eden regions: 38->0(52)
[5.383s][info][gc,heap       ] GC(9) Survivor regions: 2->4(5)
[5.383s][info][gc,heap       ] GC(9) Old regions: 14->14
[5.383s][info][gc,heap       ] GC(9) Humongous regions: 6->6
[5.383s][info][gc,metaspace  ] GC(9) Metaspace: 33667K->33667K(1079296K)
[5.383s][info][gc            ] GC(9) Pause Young (Normal) (G1 Evacuation Pause) 59M->23M(152M) 11.423ms
[5.383s][info][gc,cpu        ] GC(9) User=0.01s Sys=0.00s Real=0.01s
[5.489s][info][gc,start      ] GC(10) Pause Young (Concurrent Start) (Metadata GC Threshold)
[5.489s][info][gc,task       ] GC(10) Using 1 workers of 1 for evacuation
[5.506s][info][gc,phases     ] GC(10)   Pre Evacuate Collection Set: 0.2ms
[5.506s][info][gc,phases     ] GC(10)   Evacuate Collection Set: 17.0ms
[5.506s][info][gc,phases     ] GC(10)   Post Evacuate Collection Set: 0.2ms
[5.506s][info][gc,phases     ] GC(10)   Other: 0.2ms
[5.507s][info][gc,heap       ] GC(10) Eden regions: 3->0(42)
[5.507s][info][gc,heap       ] GC(10) Survivor regions: 4->3(7)
[5.507s][info][gc,heap       ] GC(10) Old regions: 14->16
[5.507s][info][gc,heap       ] GC(10) Humongous regions: 6->6
[5.507s][info][gc,metaspace  ] GC(10) Metaspace: 34498K->34498K(1079296K)
[5.507s][info][gc            ] GC(10) Pause Young (Concurrent Start) (Metadata GC Threshold) 26M->23M(152M) 17.606ms
[5.507s][info][gc,cpu        ] GC(10) User=0.02s Sys=0.00s Real=0.02s
[5.507s][info][gc            ] GC(11) Concurrent Cycle
[5.507s][info][gc,marking    ] GC(11) Concurrent Clear Claimed Marks
[5.507s][info][gc,marking    ] GC(11) Concurrent Clear Claimed Marks 0.102ms
[5.507s][info][gc,marking    ] GC(11) Concurrent Scan Root Regions
[5.508s][info][gc,marking    ] GC(11) Concurrent Scan Root Regions 1.576ms
[5.508s][info][gc,marking    ] GC(11) Concurrent Mark (5.508s)
[5.508s][info][gc,marking    ] GC(11) Concurrent Mark From Roots
[5.508s][info][gc,task       ] GC(11) Using 1 workers of 1 for marking
[5.534s][info][gc,marking    ] GC(11) Concurrent Mark From Roots 25.776ms
[5.534s][info][gc,marking    ] GC(11) Concurrent Preclean
[5.534s][info][gc,marking    ] GC(11) Concurrent Preclean 0.039ms
[5.534s][info][gc,marking    ] GC(11) Concurrent Mark (5.508s, 5.534s) 25.858ms
[5.534s][info][gc,start      ] GC(11) Pause Remark
[5.540s][info][gc,stringtable] GC(11) Cleaned string and symbol table, strings: 13688 processed, 3 removed, symbols: 80260 processed, 44 removed
[5.540s][info][gc            ] GC(11) Pause Remark 24M->24M(152M) 5.778ms
[5.540s][info][gc,cpu        ] GC(11) User=0.01s Sys=0.00s Real=0.01s
[5.540s][info][gc,marking    ] GC(11) Concurrent Rebuild Remembered Sets
[5.565s][info][gc,marking    ] GC(11) Concurrent Rebuild Remembered Sets 24.426ms
[5.565s][info][gc,start      ] GC(11) Pause Cleanup
[5.565s][info][gc            ] GC(11) Pause Cleanup 25M->25M(152M) 0.063ms
[5.565s][info][gc,cpu        ] GC(11) User=0.00s Sys=0.00s Real=0.00s
[5.565s][info][gc,marking    ] GC(11) Concurrent Cleanup for Next Mark
[5.566s][info][gc,marking    ] GC(11) Concurrent Cleanup for Next Mark 0.541ms
[5.566s][info][gc            ] GC(11) Concurrent Cycle 59.016ms
[6.689s][info][gc,start      ] GC(12) Pause Young (Normal) (G1 Evacuation Pause)
[6.689s][info][gc,task       ] GC(12) Using 1 workers of 1 for evacuation
[6.714s][info][gc,phases     ] GC(12)   Pre Evacuate Collection Set: 0.0ms
[6.714s][info][gc,phases     ] GC(12)   Evacuate Collection Set: 24.8ms
[6.714s][info][gc,phases     ] GC(12)   Post Evacuate Collection Set: 0.5ms
[6.714s][info][gc,phases     ] GC(12)   Other: 0.3ms
[6.714s][info][gc,heap       ] GC(12) Eden regions: 43->0(53)
[6.714s][info][gc,heap       ] GC(12) Survivor regions: 3->5(6)
[6.714s][info][gc,heap       ] GC(12) Old regions: 16->16
[6.714s][info][gc,heap       ] GC(12) Humongous regions: 6->6
[6.714s][info][gc,metaspace  ] GC(12) Metaspace: 43815K->43815K(1089536K)
[6.714s][info][gc            ] GC(12) Pause Young (Normal) (G1 Evacuation Pause) 66M->25M(152M) 25.715ms
[6.714s][info][gc,cpu        ] GC(12) User=0.02s Sys=0.00s Real=0.03s
[8.603s][info][gc,start      ] GC(13) Pause Young (Normal) (G1 Evacuation Pause)
[8.603s][info][gc,task       ] GC(13) Using 1 workers of 1 for evacuation
[8.623s][info][gc,phases     ] GC(13)   Pre Evacuate Collection Set: 0.0ms
[8.623s][info][gc,phases     ] GC(13)   Evacuate Collection Set: 19.2ms
[8.623s][info][gc,phases     ] GC(13)   Post Evacuate Collection Set: 0.7ms
[8.623s][info][gc,phases     ] GC(13)   Other: 0.3ms
[8.623s][info][gc,heap       ] GC(13) Eden regions: 53->0(65)
[8.623s][info][gc,heap       ] GC(13) Survivor regions: 5->5(8)
[8.623s][info][gc,heap       ] GC(13) Old regions: 16->18
[8.623s][info][gc,heap       ] GC(13) Humongous regions: 11->6
[8.623s][info][gc,metaspace  ] GC(13) Metaspace: 54023K->54023K(1097728K)
[8.623s][info][gc            ] GC(13) Pause Young (Normal) (G1 Evacuation Pause) 83M->28M(152M) 20.395ms
[8.623s][info][gc,cpu        ] GC(13) User=0.02s Sys=0.00s Real=0.02s
[9.821s][info][gc,start      ] GC(14) Pause Young (Normal) (G1 Evacuation Pause)
[9.822s][info][gc,task       ] GC(14) Using 1 workers of 1 for evacuation
[9.854s][info][gc,phases     ] GC(14)   Pre Evacuate Collection Set: 0.0ms
[9.854s][info][gc,phases     ] GC(14)   Evacuate Collection Set: 26.7ms
[9.854s][info][gc,phases     ] GC(14)   Post Evacuate Collection Set: 5.9ms
[9.854s][info][gc,phases     ] GC(14)   Other: 0.3ms
[9.854s][info][gc,heap       ] GC(14) Eden regions: 65->0(77)
[9.854s][info][gc,heap       ] GC(14) Survivor regions: 5->6(9)
[9.854s][info][gc,heap       ] GC(14) Old regions: 18->20
[9.854s][info][gc,heap       ] GC(14) Humongous regions: 21->6
[9.854s][info][gc,metaspace  ] GC(14) Metaspace: 56304K->56304K(1099776K)
[9.854s][info][gc            ] GC(14) Pause Young (Normal) (G1 Evacuation Pause) 108M->31M(183M) 32.979ms
[9.854s][info][gc,cpu        ] GC(14) User=0.03s Sys=0.00s Real=0.03s
[10.464s][info][gc,start      ] GC(15) Pause Young (Normal) (G1 Evacuation Pause)
[10.464s][info][gc,task       ] GC(15) Using 1 workers of 1 for evacuation
[10.486s][info][gc,phases     ] GC(15)   Pre Evacuate Collection Set: 0.0ms
[10.486s][info][gc,phases     ] GC(15)   Evacuate Collection Set: 21.5ms
[10.486s][info][gc,phases     ] GC(15)   Post Evacuate Collection Set: 0.5ms
[10.487s][info][gc,phases     ] GC(15)   Other: 0.4ms
[10.487s][info][gc,heap       ] GC(15) Eden regions: 77->0(87)
[10.487s][info][gc,heap       ] GC(15) Survivor regions: 6->10(11)
[10.487s][info][gc,heap       ] GC(15) Old regions: 20->20
[10.487s][info][gc,heap       ] GC(15) Humongous regions: 7->7
[10.487s][info][gc,metaspace  ] GC(15) Metaspace: 56834K->56834K(1099776K)
[10.487s][info][gc            ] GC(15) Pause Young (Normal) (G1 Evacuation Pause) 109M->36M(183M) 22.507ms
[10.487s][info][gc,cpu        ] GC(15) User=0.02s Sys=0.00s Real=0.02s
[10.520s][info][gc,start      ] GC(16) Pause Young (Concurrent Start) (Metadata GC Threshold)
[10.520s][info][gc,task       ] GC(16) Using 1 workers of 1 for evacuation
[10.549s][info][gc,phases     ] GC(16)   Pre Evacuate Collection Set: 0.3ms
[10.549s][info][gc,phases     ] GC(16)   Evacuate Collection Set: 21.8ms
[10.549s][info][gc,phases     ] GC(16)   Post Evacuate Collection Set: 6.4ms
[10.549s][info][gc,phases     ] GC(16)   Other: 0.2ms
[10.549s][info][gc,heap       ] GC(16) Eden regions: 3->0(69)
[10.549s][info][gc,heap       ] GC(16) Survivor regions: 10->5(13)
[10.549s][info][gc,heap       ] GC(16) Old regions: 20->25
[10.549s][info][gc,heap       ] GC(16) Humongous regions: 7->7
[10.549s][info][gc,metaspace  ] GC(16) Metaspace: 57036K->57036K(1099776K)
[10.549s][info][gc            ] GC(16) Pause Young (Concurrent Start) (Metadata GC Threshold) 39M->36M(183M) 28.718ms
[10.549s][info][gc,cpu        ] GC(16) User=0.02s Sys=0.00s Real=0.02s
[10.549s][info][gc            ] GC(17) Concurrent Cycle
[10.549s][info][gc,marking    ] GC(17) Concurrent Clear Claimed Marks
[10.549s][info][gc,marking    ] GC(17) Concurrent Clear Claimed Marks 0.274ms
[10.549s][info][gc,marking    ] GC(17) Concurrent Scan Root Regions
[10.562s][info][gc,marking    ] GC(17) Concurrent Scan Root Regions 12.387ms
[10.562s][info][gc,marking    ] GC(17) Concurrent Mark (10.562s)
[10.562s][info][gc,marking    ] GC(17) Concurrent Mark From Roots
[10.562s][info][gc,task       ] GC(17) Using 1 workers of 1 for marking
[10.634s][info][gc,marking    ] GC(17) Concurrent Mark From Roots 72.315ms
[10.634s][info][gc,marking    ] GC(17) Concurrent Preclean
[10.634s][info][gc,marking    ] GC(17) Concurrent Preclean 0.058ms
[10.634s][info][gc,marking    ] GC(17) Concurrent Mark (10.562s, 10.634s) 72.435ms
[10.634s][info][gc,start      ] GC(17) Pause Remark
[10.660s][info][gc,stringtable] GC(17) Cleaned string and symbol table, strings: 21263 processed, 202 removed, symbols: 127361 processed, 28 removed
[10.660s][info][gc            ] GC(17) Pause Remark 40M->39M(183M) 26.162ms
[10.660s][info][gc,cpu        ] GC(17) User=0.02s Sys=0.00s Real=0.03s
[10.660s][info][gc,marking    ] GC(17) Concurrent Rebuild Remembered Sets
[10.707s][info][gc,marking    ] GC(17) Concurrent Rebuild Remembered Sets 46.524ms
[10.709s][info][gc,start      ] GC(17) Pause Cleanup
[10.709s][info][gc            ] GC(17) Pause Cleanup 41M->41M(183M) 0.078ms
[10.709s][info][gc,cpu        ] GC(17) User=0.00s Sys=0.00s Real=0.00s
[10.709s][info][gc,marking    ] GC(17) Concurrent Cleanup for Next Mark
[10.709s][info][gc,marking    ] GC(17) Concurrent Cleanup for Next Mark 0.296ms
[10.709s][info][gc            ] GC(17) Concurrent Cycle 160.532ms
[12.201s][info][gc,start      ] GC(18) Pause Young (Concurrent Start) (G1 Evacuation Pause)
[12.201s][info][gc,task       ] GC(18) Using 1 workers of 1 for evacuation
[12.226s][info][gc,phases     ] GC(18)   Pre Evacuate Collection Set: 0.3ms
[12.226s][info][gc,phases     ] GC(18)   Evacuate Collection Set: 24.1ms
[12.226s][info][gc,phases     ] GC(18)   Post Evacuate Collection Set: 0.5ms
[12.226s][info][gc,phases     ] GC(18)   Other: 0.4ms
[12.226s][info][gc,heap       ] GC(18) Eden regions: 69->0(76)
[12.226s][info][gc,heap       ] GC(18) Survivor regions: 5->6(10)
[12.226s][info][gc,heap       ] GC(18) Old regions: 25->25
[12.226s][info][gc,heap       ] GC(18) Humongous regions: 21->6
[12.226s][info][gc,metaspace  ] GC(18) Metaspace: 62905K->62905K(1105920K)
[12.226s][info][gc            ] GC(18) Pause Young (Concurrent Start) (G1 Evacuation Pause) 119M->36M(183M) 25.433ms
[12.226s][info][gc,cpu        ] GC(18) User=0.02s Sys=0.00s Real=0.02s
[12.226s][info][gc            ] GC(19) Concurrent Cycle
[12.226s][info][gc,marking    ] GC(19) Concurrent Clear Claimed Marks
[12.227s][info][gc,marking    ] GC(19) Concurrent Clear Claimed Marks 0.296ms
[12.227s][info][gc,marking    ] GC(19) Concurrent Scan Root Regions
[12.244s][info][gc,marking    ] GC(19) Concurrent Scan Root Regions 17.488ms
[12.244s][info][gc,marking    ] GC(19) Concurrent Mark (12.244s)
[12.244s][info][gc,marking    ] GC(19) Concurrent Mark From Roots
[12.244s][info][gc,task       ] GC(19) Using 1 workers of 1 for marking
[12.351s][info][gc,marking    ] GC(19) Concurrent Mark From Roots 106.577ms
[12.351s][info][gc,marking    ] GC(19) Concurrent Preclean
[12.351s][info][gc,marking    ] GC(19) Concurrent Preclean 0.115ms
[12.351s][info][gc,marking    ] GC(19) Concurrent Mark (12.244s, 12.351s) 106.759ms
[12.351s][info][gc,start      ] GC(19) Pause Remark
[12.376s][info][gc,stringtable] GC(19) Cleaned string and symbol table, strings: 21860 processed, 12 removed, symbols: 137274 processed, 13 removed
[12.382s][info][gc            ] GC(19) Pause Remark 39M->39M(183M) 30.245ms
[12.382s][info][gc,cpu        ] GC(19) User=0.03s Sys=0.00s Real=0.03s
[12.385s][info][gc,marking    ] GC(19) Concurrent Rebuild Remembered Sets
[12.433s][info][gc,marking    ] GC(19) Concurrent Rebuild Remembered Sets 47.711ms
[12.434s][info][gc,start      ] GC(19) Pause Cleanup
[12.434s][info][gc            ] GC(19) Pause Cleanup 40M->40M(183M) 0.091ms
[12.434s][info][gc,cpu        ] GC(19) User=0.00s Sys=0.00s Real=0.00s
[12.434s][info][gc,marking    ] GC(19) Concurrent Cleanup for Next Mark
[12.435s][info][gc,marking    ] GC(19) Concurrent Cleanup for Next Mark 0.291ms
[12.435s][info][gc            ] GC(19) Concurrent Cycle 208.376ms
[13.622s][info][gc,start      ] GC(20) Pause Young (Normal) (G1 Evacuation Pause)
[13.622s][info][gc,task       ] GC(20) Using 1 workers of 1 for evacuation
[13.654s][info][gc,phases     ] GC(20)   Pre Evacuate Collection Set: 0.0ms
[13.654s][info][gc,phases     ] GC(20)   Evacuate Collection Set: 26.6ms
[13.654s][info][gc,phases     ] GC(20)   Post Evacuate Collection Set: 4.5ms
[13.654s][info][gc,phases     ] GC(20)   Other: 0.3ms
[13.654s][info][gc,heap       ] GC(20) Eden regions: 76->0(96)
[13.654s][info][gc,heap       ] GC(20) Survivor regions: 6->3(11)
[13.654s][info][gc,heap       ] GC(20) Old regions: 25->30
[13.654s][info][gc,heap       ] GC(20) Humongous regions: 38->6
[13.654s][info][gc,metaspace  ] GC(20) Metaspace: 63469K->63469K(1105920K)
[13.654s][info][gc            ] GC(20) Pause Young (Normal) (G1 Evacuation Pause) 144M->38M(220M) 31.556ms
[13.654s][info][gc,cpu        ] GC(20) User=0.02s Sys=0.00s Real=0.03s
[13.911s][info][gc,task       ] GC(21) Using 1 workers of 1 for full compaction
[13.911s][info][gc,start      ] GC(21) Pause Full (System.gc())
[13.911s][info][gc,phases,start] GC(21) Phase 1: Mark live objects
[13.971s][info][gc,stringtable ] GC(21) Cleaned string and symbol table, strings: 21986 processed, 27 removed, symbols: 137620 processed, 1 removed
[13.971s][info][gc,phases      ] GC(21) Phase 1: Mark live objects 59.396ms
[13.971s][info][gc,phases,start] GC(21) Phase 2: Prepare for compaction
[13.979s][info][gc,phases      ] GC(21) Phase 2: Prepare for compaction 8.174ms
[13.979s][info][gc,phases,start] GC(21) Phase 3: Adjust pointers
[14.005s][info][gc,phases      ] GC(21) Phase 3: Adjust pointers 25.723ms
[14.005s][info][gc,phases,start] GC(21) Phase 4: Compact heap
[14.017s][info][gc,phases      ] GC(21) Phase 4: Compact heap 12.512ms
[14.023s][info][gc,heap        ] GC(21) Eden regions: 29->0(48)
[14.024s][info][gc,heap        ] GC(21) Survivor regions: 3->0(11)
[14.024s][info][gc,heap        ] GC(21) Old regions: 30->31
[14.024s][info][gc,heap        ] GC(21) Humongous regions: 11->6
[14.024s][info][gc,metaspace   ] GC(21) Metaspace: 63559K->63559K(1105920K)
[14.024s][info][gc             ] GC(21) Pause Full (System.gc()) 71M->35M(124M) 112.839ms
[14.024s][info][gc,cpu         ] GC(21) User=0.10s Sys=0.00s Real=0.11s
[14.577s][info][gc,start       ] GC(22) Pause Young (Concurrent Start) (G1 Humongous Allocation)
[14.577s][info][gc,task        ] GC(22) Using 1 workers of 1 for evacuation
[14.587s][info][gc,phases      ] GC(22)   Pre Evacuate Collection Set: 0.3ms
[14.587s][info][gc,phases      ] GC(22)   Evacuate Collection Set: 4.7ms
[14.587s][info][gc,phases      ] GC(22)   Post Evacuate Collection Set: 4.8ms
[14.587s][info][gc,phases      ] GC(22)   Other: 0.3ms
[14.587s][info][gc,heap        ] GC(22) Eden regions: 41->0(51)
[14.587s][info][gc,heap        ] GC(22) Survivor regions: 0->1(6)
[14.587s][info][gc,heap        ] GC(22) Old regions: 31->31
[14.587s][info][gc,heap        ] GC(22) Humongous regions: 21->6
[14.587s][info][gc,metaspace   ] GC(22) Metaspace: 64705K->64705K(1107968K)
[14.587s][info][gc             ] GC(22) Pause Young (Concurrent Start) (G1 Humongous Allocation) 91M->36M(124M) 10.136ms
[14.587s][info][gc,cpu         ] GC(22) User=0.01s Sys=0.00s Real=0.01s
[14.587s][info][gc             ] GC(23) Concurrent Cycle
[14.587s][info][gc,marking     ] GC(23) Concurrent Clear Claimed Marks
[14.587s][info][gc,marking     ] GC(23) Concurrent Clear Claimed Marks 0.291ms
[14.587s][info][gc,marking     ] GC(23) Concurrent Scan Root Regions
[14.588s][info][gc,marking     ] GC(23) Concurrent Scan Root Regions 1.018ms
[14.588s][info][gc,marking     ] GC(23) Concurrent Mark (14.588s)
[14.588s][info][gc,marking     ] GC(23) Concurrent Mark From Roots
[14.588s][info][gc,task        ] GC(23) Using 1 workers of 1 for marking
[14.741s][info][gc,marking     ] GC(23) Concurrent Mark From Roots 152.685ms
[14.741s][info][gc,marking     ] GC(23) Concurrent Preclean
[14.741s][info][gc,marking     ] GC(23) Concurrent Preclean 0.072ms
[14.741s][info][gc,marking     ] GC(23) Concurrent Mark (14.588s, 14.741s) 152.892ms
[14.747s][info][gc,start       ] GC(23) Pause Remark
[14.775s][info][gc,stringtable ] GC(23) Cleaned string and symbol table, strings: 22307 processed, 0 removed, symbols: 139339 processed, 2 removed
[14.775s][info][gc             ] GC(23) Pause Remark 44M->44M(124M) 28.498ms
[14.775s][info][gc,cpu         ] GC(23) User=0.03s Sys=0.00s Real=0.03s
[14.777s][info][gc,marking     ] GC(23) Concurrent Rebuild Remembered Sets
[14.833s][info][gc,marking     ] GC(23) Concurrent Rebuild Remembered Sets 55.751ms
[14.836s][info][gc,start       ] GC(23) Pause Cleanup
[14.836s][info][gc             ] GC(23) Pause Cleanup 44M->44M(124M) 0.096ms
[14.836s][info][gc,cpu         ] GC(23) User=0.00s Sys=0.00s Real=0.00s
[14.836s][info][gc,marking     ] GC(23) Concurrent Cleanup for Next Mark
[14.849s][info][gc,marking     ] GC(23) Concurrent Cleanup for Next Mark 12.919ms
[14.850s][info][gc             ] GC(23) Concurrent Cycle 263.264ms
[15.233s][info][gc,start       ] GC(24) Pause Young (Concurrent Start) (G1 Humongous Allocation)
[15.233s][info][gc,task        ] GC(24) Using 1 workers of 1 for evacuation
[15.240s][info][gc,phases      ] GC(24)   Pre Evacuate Collection Set: 0.3ms
[15.240s][info][gc,phases      ] GC(24)   Evacuate Collection Set: 4.8ms
[15.240s][info][gc,phases      ] GC(24)   Post Evacuate Collection Set: 2.3ms
[15.240s][info][gc,phases      ] GC(24)   Other: 0.3ms
[15.240s][info][gc,heap        ] GC(24) Eden regions: 34->0(46)
[15.240s][info][gc,heap        ] GC(24) Survivor regions: 1->3(7)
[15.240s][info][gc,heap        ] GC(24) Old regions: 31->31
[15.240s][info][gc,heap        ] GC(24) Humongous regions: 21->6
[15.240s][info][gc,metaspace   ] GC(24) Metaspace: 65059K->65059K(1107968K)
[15.240s][info][gc             ] GC(24) Pause Young (Concurrent Start) (G1 Humongous Allocation) 85M->38M(124M) 7.783ms
[15.240s][info][gc,cpu         ] GC(24) User=0.00s Sys=0.00s Real=0.01s
[15.240s][info][gc             ] GC(25) Concurrent Cycle
[15.240s][info][gc,marking     ] GC(25) Concurrent Clear Claimed Marks
[15.241s][info][gc,marking     ] GC(25) Concurrent Clear Claimed Marks 0.300ms
[15.241s][info][gc,marking     ] GC(25) Concurrent Scan Root Regions
[15.242s][info][gc,marking     ] GC(25) Concurrent Scan Root Regions 1.122ms
[15.242s][info][gc,marking     ] GC(25) Concurrent Mark (15.242s)
[15.242s][info][gc,marking     ] GC(25) Concurrent Mark From Roots
[15.242s][info][gc,task        ] GC(25) Using 1 workers of 1 for marking
[15.400s][info][gc,marking     ] GC(25) Concurrent Mark From Roots 158.020ms
[15.400s][info][gc,marking     ] GC(25) Concurrent Preclean
[15.400s][info][gc,marking     ] GC(25) Concurrent Preclean 0.067ms
[15.400s][info][gc,marking     ] GC(25) Concurrent Mark (15.242s, 15.400s) 158.155ms
[15.400s][info][gc,start       ] GC(25) Pause Remark
[15.419s][info][gc,stringtable ] GC(25) Cleaned string and symbol table, strings: 22326 processed, 0 removed, symbols: 139590 processed, 0 removed
[15.420s][info][gc             ] GC(25) Pause Remark 57M->57M(124M) 19.303ms
[15.420s][info][gc,cpu         ] GC(25) User=0.01s Sys=0.00s Real=0.02s
[15.420s][info][gc,marking     ] GC(25) Concurrent Rebuild Remembered Sets
[15.511s][info][gc,marking     ] GC(25) Concurrent Rebuild Remembered Sets 90.811ms
[15.514s][info][gc,start       ] GC(25) Pause Cleanup
[15.514s][info][gc             ] GC(25) Pause Cleanup 68M->68M(124M) 0.099ms
[15.514s][info][gc,cpu         ] GC(25) User=0.00s Sys=0.00s Real=0.00s
[15.514s][info][gc,marking     ] GC(25) Concurrent Cleanup for Next Mark
[15.514s][info][gc,marking     ] GC(25) Concurrent Cleanup for Next Mark 0.152ms
[15.514s][info][gc             ] GC(25) Concurrent Cycle 273.844ms
[15.658s][info][gc,start       ] GC(26) Pause Young (Normal) (G1 Evacuation Pause)
[15.658s][info][gc,task        ] GC(26) Using 1 workers of 1 for evacuation
[15.671s][info][gc,phases      ] GC(26)   Pre Evacuate Collection Set: 0.0ms
[15.671s][info][gc,phases      ] GC(26)   Evacuate Collection Set: 5.2ms
[15.671s][info][gc,phases      ] GC(26)   Post Evacuate Collection Set: 7.1ms
[15.671s][info][gc,phases      ] GC(26)   Other: 0.3ms
[15.671s][info][gc,heap        ] GC(26) Eden regions: 46->0(49)
[15.671s][info][gc,heap        ] GC(26) Survivor regions: 3->3(7)
[15.671s][info][gc,heap        ] GC(26) Old regions: 31->31
[15.671s][info][gc,heap        ] GC(26) Humongous regions: 21->6
[15.671s][info][gc,metaspace   ] GC(26) Metaspace: 65270K->65270K(1107968K)
[15.671s][info][gc             ] GC(26) Pause Young (Normal) (G1 Evacuation Pause) 99M->38M(124M) 12.643ms
[15.671s][info][gc,cpu         ] GC(26) User=0.01s Sys=0.00s Real=0.01s
[16.324s][info][gc,start       ] GC(27) Pause Young (Normal) (G1 Evacuation Pause)
[16.325s][info][gc,task        ] GC(27) Using 1 workers of 1 for evacuation
[16.335s][info][gc,phases      ] GC(27)   Pre Evacuate Collection Set: 0.0ms
[16.335s][info][gc,phases      ] GC(27)   Evacuate Collection Set: 9.9ms
[16.335s][info][gc,phases      ] GC(27)   Post Evacuate Collection Set: 0.3ms
[16.335s][info][gc,phases      ] GC(27)   Other: 0.4ms
[16.335s][info][gc,heap        ] GC(27) Eden regions: 49->0(50)
[16.335s][info][gc,heap        ] GC(27) Survivor regions: 3->4(7)
[16.335s][info][gc,heap        ] GC(27) Old regions: 31->31
[16.335s][info][gc,heap        ] GC(27) Humongous regions: 16->6
[16.335s][info][gc,metaspace   ] GC(27) Metaspace: 68755K->68755K(1112064K)
[16.335s][info][gc             ] GC(27) Pause Young (Normal) (G1 Evacuation Pause) 97M->39M(124M) 10.654ms
[16.335s][info][gc,cpu         ] GC(27) User=0.01s Sys=0.00s Real=0.01s
[16.502s][info][gc,start       ] GC(28) Pause Young (Normal) (G1 Evacuation Pause)
[16.502s][info][gc,task        ] GC(28) Using 1 workers of 1 for evacuation
[16.511s][info][gc,phases      ] GC(28)   Pre Evacuate Collection Set: 0.0ms
[16.511s][info][gc,phases      ] GC(28)   Evacuate Collection Set: 8.7ms
[16.511s][info][gc,phases      ] GC(28)   Post Evacuate Collection Set: 0.3ms
[16.511s][info][gc,phases      ] GC(28)   Other: 0.2ms
[16.511s][info][gc,heap        ] GC(28) Eden regions: 50->0(52)
[16.511s][info][gc,heap        ] GC(28) Survivor regions: 4->4(7)
[16.511s][info][gc,heap        ] GC(28) Old regions: 31->31
[16.511s][info][gc,heap        ] GC(28) Humongous regions: 6->6
[16.511s][info][gc,metaspace   ] GC(28) Metaspace: 68761K->68761K(1112064K)
[16.511s][info][gc             ] GC(28) Pause Young (Normal) (G1 Evacuation Pause) 89M->39M(124M) 9.239ms
[16.511s][info][gc,cpu         ] GC(28) User=0.01s Sys=0.00s Real=0.01s
[16.659s][info][gc,start       ] GC(29) Pause Young (Normal) (G1 Evacuation Pause)
[16.659s][info][gc,task        ] GC(29) Using 1 workers of 1 for evacuation
[16.670s][info][gc,phases      ] GC(29)   Pre Evacuate Collection Set: 0.0ms
[16.670s][info][gc,phases      ] GC(29)   Evacuate Collection Set: 4.9ms
[16.670s][info][gc,phases      ] GC(29)   Post Evacuate Collection Set: 6.3ms
[16.670s][info][gc,phases      ] GC(29)   Other: 0.3ms
[16.670s][info][gc,heap        ] GC(29) Eden regions: 52->0(66)
[16.670s][info][gc,heap        ] GC(29) Survivor regions: 4->4(7)
[16.670s][info][gc,heap        ] GC(29) Old regions: 31->31
[16.670s][info][gc,heap        ] GC(29) Humongous regions: 6->6
[16.670s][info][gc,metaspace   ] GC(29) Metaspace: 68765K->68765K(1112064K)
[16.670s][info][gc             ] GC(29) Pause Young (Normal) (G1 Evacuation Pause) 91M->39M(149M) 11.635ms
[16.670s][info][gc,cpu         ] GC(29) User=0.01s Sys=0.00s Real=0.01s
[16.890s][info][gc,start       ] GC(30) Pause Young (Normal) (G1 Evacuation Pause)
[16.890s][info][gc,task        ] GC(30) Using 1 workers of 1 for evacuation
[16.900s][info][gc,phases      ] GC(30)   Pre Evacuate Collection Set: 0.0ms
[16.900s][info][gc,phases      ] GC(30)   Evacuate Collection Set: 8.7ms
[16.900s][info][gc,phases      ] GC(30)   Post Evacuate Collection Set: 0.4ms
[16.900s][info][gc,phases      ] GC(30)   Other: 0.3ms
[16.900s][info][gc,heap        ] GC(30) Eden regions: 66->0(69)
[16.900s][info][gc,heap        ] GC(30) Survivor regions: 4->4(9)
[16.900s][info][gc,heap        ] GC(30) Old regions: 31->31
[16.900s][info][gc,heap        ] GC(30) Humongous regions: 6->6
[16.900s][info][gc,metaspace   ] GC(30) Metaspace: 68777K->68777K(1112064K)
[16.900s][info][gc             ] GC(30) Pause Young (Normal) (G1 Evacuation Pause) 105M->39M(149M) 9.459ms
[16.900s][info][gc,cpu         ] GC(30) User=0.01s Sys=0.00s Real=0.01s
[17.151s][info][gc,start       ] GC(31) Pause Young (Normal) (G1 Evacuation Pause)
[17.151s][info][gc,task        ] GC(31) Using 1 workers of 1 for evacuation
[17.158s][info][gc,phases      ] GC(31)   Pre Evacuate Collection Set: 0.0ms
[17.158s][info][gc,phases      ] GC(31)   Evacuate Collection Set: 6.0ms
[17.158s][info][gc,phases      ] GC(31)   Post Evacuate Collection Set: 0.4ms
[17.158s][info][gc,phases      ] GC(31)   Other: 0.3ms
[17.158s][info][gc,heap        ] GC(31) Eden regions: 69->0(72)
[17.158s][info][gc,heap        ] GC(31) Survivor regions: 4->4(10)
[17.158s][info][gc,heap        ] GC(31) Old regions: 31->31
[17.158s][info][gc,heap        ] GC(31) Humongous regions: 6->6
[17.158s][info][gc,metaspace   ] GC(31) Metaspace: 68777K->68777K(1112064K)
[17.158s][info][gc             ] GC(31) Pause Young (Normal) (G1 Evacuation Pause) 108M->39M(149M) 6.770ms
[17.158s][info][gc,cpu         ] GC(31) User=0.01s Sys=0.00s Real=0.01s
[17.314s][info][gc,start       ] GC(32) Pause Young (Normal) (G1 Evacuation Pause)
[17.314s][info][gc,task        ] GC(32) Using 1 workers of 1 for evacuation
[17.319s][info][gc,phases      ] GC(32)   Pre Evacuate Collection Set: 0.0ms
[17.319s][info][gc,phases      ] GC(32)   Evacuate Collection Set: 4.8ms
[17.319s][info][gc,phases      ] GC(32)   Post Evacuate Collection Set: 0.3ms
[17.319s][info][gc,phases      ] GC(32)   Other: 0.2ms
[17.319s][info][gc,heap        ] GC(32) Eden regions: 72->0(75)
[17.319s][info][gc,heap        ] GC(32) Survivor regions: 4->4(10)
[17.319s][info][gc,heap        ] GC(32) Old regions: 31->31
[17.319s][info][gc,heap        ] GC(32) Humongous regions: 6->6
[17.319s][info][gc,metaspace   ] GC(32) Metaspace: 68777K->68777K(1112064K)
[17.319s][info][gc             ] GC(32) Pause Young (Normal) (G1 Evacuation Pause) 111M->39M(149M) 5.346ms
[17.319s][info][gc,cpu         ] GC(32) User=0.00s Sys=0.00s Real=0.01s
[17.446s][info][gc,start       ] GC(33) Pause Young (Normal) (G1 Evacuation Pause)
[17.446s][info][gc,task        ] GC(33) Using 1 workers of 1 for evacuation
[17.451s][info][gc,phases      ] GC(33)   Pre Evacuate Collection Set: 0.0ms
[17.451s][info][gc,phases      ] GC(33)   Evacuate Collection Set: 4.6ms
[17.451s][info][gc,phases      ] GC(33)   Post Evacuate Collection Set: 0.3ms
[17.451s][info][gc,phases      ] GC(33)   Other: 0.3ms
[17.451s][info][gc,heap        ] GC(33) Eden regions: 75->0(77)
[17.451s][info][gc,heap        ] GC(33) Survivor regions: 4->4(10)
[17.451s][info][gc,heap        ] GC(33) Old regions: 31->31
[17.451s][info][gc,heap        ] GC(33) Humongous regions: 6->6
[17.451s][info][gc,metaspace   ] GC(33) Metaspace: 68777K->68777K(1112064K)
[17.451s][info][gc             ] GC(33) Pause Young (Normal) (G1 Evacuation Pause) 114M->39M(149M) 5.257ms
[17.452s][info][gc,cpu         ] GC(33) User=0.01s Sys=0.00s Real=0.01s
[17.596s][info][gc,start       ] GC(34) Pause Young (Normal) (G1 Evacuation Pause)
[17.596s][info][gc,task        ] GC(34) Using 1 workers of 1 for evacuation
[17.602s][info][gc,phases      ] GC(34)   Pre Evacuate Collection Set: 0.0ms
[17.602s][info][gc,phases      ] GC(34)   Evacuate Collection Set: 4.9ms
[17.602s][info][gc,phases      ] GC(34)   Post Evacuate Collection Set: 0.4ms
[17.602s][info][gc,phases      ] GC(34)   Other: 0.3ms
[17.602s][info][gc,heap        ] GC(34) Eden regions: 77->0(79)
[17.602s][info][gc,heap        ] GC(34) Survivor regions: 4->4(11)
[17.602s][info][gc,heap        ] GC(34) Old regions: 31->31
[17.602s][info][gc,heap        ] GC(34) Humongous regions: 6->6
[17.602s][info][gc,metaspace   ] GC(34) Metaspace: 69030K->69030K(1112064K)
[17.602s][info][gc             ] GC(34) Pause Young (Normal) (G1 Evacuation Pause) 116M->39M(149M) 5.665ms
[17.602s][info][gc,cpu         ] GC(34) User=0.01s Sys=0.00s Real=0.01s
[17.738s][info][gc,start       ] GC(35) Pause Young (Normal) (G1 Evacuation Pause)
[17.738s][info][gc,task        ] GC(35) Using 1 workers of 1 for evacuation
[17.749s][info][gc,phases      ] GC(35)   Pre Evacuate Collection Set: 0.0ms
[17.749s][info][gc,phases      ] GC(35)   Evacuate Collection Set: 10.3ms
[17.749s][info][gc,phases      ] GC(35)   Post Evacuate Collection Set: 0.4ms
[17.749s][info][gc,phases      ] GC(35)   Other: 0.3ms
[17.749s][info][gc,heap        ] GC(35) Eden regions: 79->0(80)
[17.749s][info][gc,heap        ] GC(35) Survivor regions: 4->4(11)
[17.749s][info][gc,heap        ] GC(35) Old regions: 31->31
[17.749s][info][gc,heap        ] GC(35) Humongous regions: 6->6
[17.749s][info][gc,metaspace   ] GC(35) Metaspace: 69030K->69030K(1112064K)
[17.749s][info][gc             ] GC(35) Pause Young (Normal) (G1 Evacuation Pause) 118M->39M(149M) 11.100ms
[17.749s][info][gc,cpu         ] GC(35) User=0.01s Sys=0.00s Real=0.00s
[17.963s][info][gc,start       ] GC(36) Pause Young (Normal) (G1 Evacuation Pause)
[17.966s][info][gc,task        ] GC(36) Using 1 workers of 1 for evacuation
[17.977s][info][gc,phases      ] GC(36)   Pre Evacuate Collection Set: 0.0ms
[17.982s][info][gc,phases      ] GC(36)   Evacuate Collection Set: 10.7ms
[17.982s][info][gc,phases      ] GC(36)   Post Evacuate Collection Set: 0.3ms
[17.982s][info][gc,phases      ] GC(36)   Other: 3.7ms
[17.982s][info][gc,heap        ] GC(36) Eden regions: 80->0(82)
[17.982s][info][gc,heap        ] GC(36) Survivor regions: 4->4(11)
[17.982s][info][gc,heap        ] GC(36) Old regions: 31->31
[17.982s][info][gc,heap        ] GC(36) Humongous regions: 6->6
[17.982s][info][gc,metaspace   ] GC(36) Metaspace: 69030K->69030K(1112064K)
[17.982s][info][gc             ] GC(36) Pause Young (Normal) (G1 Evacuation Pause) 119M->39M(149M) 19.078ms
[17.982s][info][gc,cpu         ] GC(36) User=0.01s Sys=0.00s Real=0.02s
[18.127s][info][gc,start       ] GC(37) Pause Young (Normal) (G1 Evacuation Pause)
[18.127s][info][gc,task        ] GC(37) Using 1 workers of 1 for evacuation
[18.139s][info][gc,phases      ] GC(37)   Pre Evacuate Collection Set: 0.0ms
[18.139s][info][gc,phases      ] GC(37)   Evacuate Collection Set: 4.9ms
[18.139s][info][gc,phases      ] GC(37)   Post Evacuate Collection Set: 6.6ms
[18.139s][info][gc,phases      ] GC(37)   Other: 0.2ms
[18.139s][info][gc,heap        ] GC(37) Eden regions: 82->0(92)
[18.139s][info][gc,heap        ] GC(37) Survivor regions: 4->4(11)
[18.139s][info][gc,heap        ] GC(37) Old regions: 31->31
[18.139s][info][gc,heap        ] GC(37) Humongous regions: 6->6
[18.139s][info][gc,metaspace   ] GC(37) Metaspace: 69030K->69030K(1112064K)
[18.139s][info][gc             ] GC(37) Pause Young (Normal) (G1 Evacuation Pause) 121M->39M(181M) 11.798ms
[18.139s][info][gc,cpu         ] GC(37) User=0.01s Sys=0.00s Real=0.02s
[18.244s][info][gc,start       ] GC(38) Pause Young (Normal) (G1 Evacuation Pause)
[18.244s][info][gc,task        ] GC(38) Using 1 workers of 1 for evacuation
[18.251s][info][gc,phases      ] GC(38)   Pre Evacuate Collection Set: 0.0ms
[18.251s][info][gc,phases      ] GC(38)   Evacuate Collection Set: 4.9ms
[18.251s][info][gc,phases      ] GC(38)   Post Evacuate Collection Set: 2.1ms
[18.251s][info][gc,phases      ] GC(38)   Other: 0.2ms
[18.251s][info][gc,heap        ] GC(38) Eden regions: 92->0(102)
[18.251s][info][gc,heap        ] GC(38) Survivor regions: 4->4(12)
[18.251s][info][gc,heap        ] GC(38) Old regions: 31->31
[18.251s][info][gc,heap        ] GC(38) Humongous regions: 6->6
[18.251s][info][gc,metaspace   ] GC(38) Metaspace: 69030K->69030K(1112064K)
[18.251s][info][gc             ] GC(38) Pause Young (Normal) (G1 Evacuation Pause) 131M->39M(181M) 7.289ms
[18.251s][info][gc,cpu         ] GC(38) User=0.01s Sys=0.00s Real=0.01s
[18.329s][info][gc,start       ] GC(39) Pause Young (Normal) (G1 Evacuation Pause)
[18.329s][info][gc,task        ] GC(39) Using 1 workers of 1 for evacuation
[18.336s][info][gc,phases      ] GC(39)   Pre Evacuate Collection Set: 0.0ms
[18.336s][info][gc,phases      ] GC(39)   Evacuate Collection Set: 6.4ms
[18.336s][info][gc,phases      ] GC(39)   Post Evacuate Collection Set: 0.4ms
[18.336s][info][gc,phases      ] GC(39)   Other: 0.2ms
[18.336s][info][gc,heap        ] GC(39) Eden regions: 102->0(105)
[18.336s][info][gc,heap        ] GC(39) Survivor regions: 4->3(14)
[18.336s][info][gc,heap        ] GC(39) Old regions: 31->32
[18.336s][info][gc,heap        ] GC(39) Humongous regions: 6->6
[18.336s][info][gc,metaspace   ] GC(39) Metaspace: 69030K->69030K(1112064K)
[18.336s][info][gc             ] GC(39) Pause Young (Normal) (G1 Evacuation Pause) 141M->39M(181M) 7.024ms
[18.336s][info][gc,cpu         ] GC(39) User=0.01s Sys=0.00s Real=0.01s
[18.391s][info][gc,start       ] GC(40) Pause Young (Normal) (G1 Evacuation Pause)
[18.392s][info][gc,task        ] GC(40) Using 1 workers of 1 for evacuation
[18.399s][info][gc,phases      ] GC(40)   Pre Evacuate Collection Set: 0.0ms
[18.399s][info][gc,phases      ] GC(40)   Evacuate Collection Set: 4.3ms
[18.399s][info][gc,phases      ] GC(40)   Post Evacuate Collection Set: 0.4ms
[18.399s][info][gc,phases      ] GC(40)   Other: 2.8ms
[18.399s][info][gc,heap        ] GC(40) Eden regions: 105->0(106)
[18.399s][info][gc,heap        ] GC(40) Survivor regions: 3->2(14)
[18.399s][info][gc,heap        ] GC(40) Old regions: 32->34
[18.399s][info][gc,heap        ] GC(40) Humongous regions: 6->6
[18.399s][info][gc,metaspace   ] GC(40) Metaspace: 69030K->69030K(1112064K)
[18.399s][info][gc             ] GC(40) Pause Young (Normal) (G1 Evacuation Pause) 144M->39M(181M) 7.534ms
[18.399s][info][gc,cpu         ] GC(40) User=0.00s Sys=0.00s Real=0.01s
[18.464s][info][gc,start       ] GC(41) Pause Young (Normal) (G1 Evacuation Pause)
[18.464s][info][gc,task        ] GC(41) Using 1 workers of 1 for evacuation
[18.469s][info][gc,phases      ] GC(41)   Pre Evacuate Collection Set: 0.0ms
[18.469s][info][gc,phases      ] GC(41)   Evacuate Collection Set: 3.6ms
[18.469s][info][gc,phases      ] GC(41)   Post Evacuate Collection Set: 0.7ms
[18.469s][info][gc,phases      ] GC(41)   Other: 0.2ms
[18.469s][info][gc,heap        ] GC(41) Eden regions: 106->0(136)
[18.469s][info][gc,heap        ] GC(41) Survivor regions: 2->1(14)
[18.469s][info][gc,heap        ] GC(41) Old regions: 34->34
[18.469s][info][gc,heap        ] GC(41) Humongous regions: 6->6
[18.469s][info][gc,metaspace   ] GC(41) Metaspace: 69030K->69030K(1112064K)
[18.469s][info][gc             ] GC(41) Pause Young (Normal) (G1 Evacuation Pause) 145M->39M(242M) 4.547ms
[18.469s][info][gc,cpu         ] GC(41) User=0.00s Sys=0.00s Real=0.00s
[18.569s][info][gc,start       ] GC(42) Pause Young (Normal) (G1 Evacuation Pause)
[18.569s][info][gc,task        ] GC(42) Using 1 workers of 1 for evacuation
[18.573s][info][gc,phases      ] GC(42)   Pre Evacuate Collection Set: 0.0ms
[18.573s][info][gc,phases      ] GC(42)   Evacuate Collection Set: 3.3ms
[18.573s][info][gc,phases      ] GC(42)   Post Evacuate Collection Set: 0.3ms
[18.573s][info][gc,phases      ] GC(42)   Other: 0.4ms
[18.573s][info][gc,heap        ] GC(42) Eden regions: 136->0(144)
[18.573s][info][gc,heap        ] GC(42) Survivor regions: 1->1(18)
[18.573s][info][gc,heap        ] GC(42) Old regions: 34->35
[18.573s][info][gc,heap        ] GC(42) Humongous regions: 6->6
[18.573s][info][gc,metaspace   ] GC(42) Metaspace: 69030K->69030K(1112064K)
[18.573s][info][gc             ] GC(42) Pause Young (Normal) (G1 Evacuation Pause) 175M->39M(242M) 4.067ms
[18.573s][info][gc,cpu         ] GC(42) User=0.00s Sys=0.00s Real=0.01s
[18.650s][info][gc,start       ] GC(43) Pause Young (Normal) (G1 Evacuation Pause)
[18.650s][info][gc,task        ] GC(43) Using 1 workers of 1 for evacuation
[18.653s][info][gc,phases      ] GC(43)   Pre Evacuate Collection Set: 0.0ms
[18.653s][info][gc,phases      ] GC(43)   Evacuate Collection Set: 2.4ms
[18.653s][info][gc,phases      ] GC(43)   Post Evacuate Collection Set: 0.3ms
[18.653s][info][gc,phases      ] GC(43)   Other: 0.2ms
[18.653s][info][gc,heap        ] GC(43) Eden regions: 144->0(144)
[18.653s][info][gc,heap        ] GC(43) Survivor regions: 1->1(19)
[18.653s][info][gc,heap        ] GC(43) Old regions: 35->35
[18.653s][info][gc,heap        ] GC(43) Humongous regions: 6->6
[18.653s][info][gc,metaspace   ] GC(43) Metaspace: 69035K->69035K(1112064K)
[18.653s][info][gc             ] GC(43) Pause Young (Normal) (G1 Evacuation Pause) 183M->39M(242M) 2.977ms
[18.653s][info][gc,cpu         ] GC(43) User=0.00s Sys=0.00s Real=0.00s
[19.190s][info][gc,start       ] GC(44) Pause Young (Normal) (G1 Evacuation Pause)
[19.190s][info][gc,task        ] GC(44) Using 1 workers of 1 for evacuation
[19.195s][info][gc,phases      ] GC(44)   Pre Evacuate Collection Set: 0.0ms
[19.195s][info][gc,phases      ] GC(44)   Evacuate Collection Set: 4.4ms
[19.195s][info][gc,phases      ] GC(44)   Post Evacuate Collection Set: 0.3ms
[19.195s][info][gc,phases      ] GC(44)   Other: 0.3ms
[19.195s][info][gc,heap        ] GC(44) Eden regions: 144->0(144)
[19.195s][info][gc,heap        ] GC(44) Survivor regions: 1->1(19)
[19.195s][info][gc,heap        ] GC(44) Old regions: 35->35
[19.195s][info][gc,heap        ] GC(44) Humongous regions: 21->6
[19.195s][info][gc,metaspace   ] GC(44) Metaspace: 69411K->69411K(1112064K)
[19.195s][info][gc             ] GC(44) Pause Young (Normal) (G1 Evacuation Pause) 198M->40M(242M) 5.123ms
[19.195s][info][gc,cpu         ] GC(44) User=0.00s Sys=0.00s Real=0.00s
[19.878s][info][gc,start       ] GC(45) Pause Young (Normal) (G1 Evacuation Pause)
[19.878s][info][gc,task        ] GC(45) Using 1 workers of 1 for evacuation
[19.887s][info][gc,phases      ] GC(45)   Pre Evacuate Collection Set: 0.0ms
[19.887s][info][gc,phases      ] GC(45)   Evacuate Collection Set: 8.3ms
[19.887s][info][gc,phases      ] GC(45)   Post Evacuate Collection Set: 0.3ms
[19.887s][info][gc,phases      ] GC(45)   Other: 0.4ms
[19.887s][info][gc,heap        ] GC(45) Eden regions: 144->0(143)
[19.887s][info][gc,heap        ] GC(45) Survivor regions: 1->2(19)
[19.887s][info][gc,heap        ] GC(45) Old regions: 35->35
[19.887s][info][gc,heap        ] GC(45) Humongous regions: 16->6
[19.887s][info][gc,metaspace   ] GC(45) Metaspace: 69646K->69646K(1112064K)
[19.887s][info][gc             ] GC(45) Pause Young (Normal) (G1 Evacuation Pause) 194M->41M(242M) 9.106ms
[19.887s][info][gc,cpu         ] GC(45) User=0.01s Sys=0.00s Real=0.00s
[20.040s][info][gc,start       ] GC(46) Pause Young (Normal) (G1 Evacuation Pause)
[20.040s][info][gc,task        ] GC(46) Using 1 workers of 1 for evacuation
[20.050s][info][gc,phases      ] GC(46)   Pre Evacuate Collection Set: 0.0ms
[20.050s][info][gc,phases      ] GC(46)   Evacuate Collection Set: 3.9ms
[20.050s][info][gc,phases      ] GC(46)   Post Evacuate Collection Set: 6.4ms
[20.050s][info][gc,phases      ] GC(46)   Other: 0.3ms
[20.050s][info][gc,heap        ] GC(46) Eden regions: 143->0(172)
[20.050s][info][gc,heap        ] GC(46) Survivor regions: 2->2(19)
[20.050s][info][gc,heap        ] GC(46) Old regions: 35->35
[20.050s][info][gc,heap        ] GC(46) Humongous regions: 6->6
[20.050s][info][gc,metaspace   ] GC(46) Metaspace: 69651K->69651K(1112064K)
[20.050s][info][gc             ] GC(46) Pause Young (Normal) (G1 Evacuation Pause) 184M->41M(291M) 10.573ms
[20.050s][info][gc,cpu         ] GC(46) User=0.01s Sys=0.00s Real=0.01s
[20.250s][info][gc,start       ] GC(47) Pause Young (Normal) (G1 Evacuation Pause)
[20.250s][info][gc,task        ] GC(47) Using 1 workers of 1 for evacuation
[20.255s][info][gc,phases      ] GC(47)   Pre Evacuate Collection Set: 0.0ms
[20.255s][info][gc,phases      ] GC(47)   Evacuate Collection Set: 4.1ms
[20.255s][info][gc,phases      ] GC(47)   Post Evacuate Collection Set: 0.4ms
[20.255s][info][gc,phases      ] GC(47)   Other: 0.4ms
[20.255s][info][gc,heap        ] GC(47) Eden regions: 172->0(172)
[20.255s][info][gc,heap        ] GC(47) Survivor regions: 2->2(22)
[20.255s][info][gc,heap        ] GC(47) Old regions: 35->35
[20.255s][info][gc,heap        ] GC(47) Humongous regions: 6->6
[20.255s][info][gc,metaspace   ] GC(47) Metaspace: 69651K->69651K(1112064K)
[20.255s][info][gc             ] GC(47) Pause Young (Normal) (G1 Evacuation Pause) 213M->41M(291M) 4.973ms
[20.255s][info][gc,cpu         ] GC(47) User=0.00s Sys=0.00s Real=0.00s
[20.443s][info][gc,start       ] GC(48) Pause Young (Normal) (G1 Evacuation Pause)
[20.443s][info][gc,task        ] GC(48) Using 1 workers of 1 for evacuation
[20.447s][info][gc,phases      ] GC(48)   Pre Evacuate Collection Set: 0.0ms
[20.447s][info][gc,phases      ] GC(48)   Evacuate Collection Set: 4.0ms
[20.447s][info][gc,phases      ] GC(48)   Post Evacuate Collection Set: 0.3ms
[20.447s][info][gc,phases      ] GC(48)   Other: 0.3ms
[20.447s][info][gc,heap        ] GC(48) Eden regions: 172->0(172)
[20.447s][info][gc,heap        ] GC(48) Survivor regions: 2->2(22)
[20.447s][info][gc,heap        ] GC(48) Old regions: 35->35
[20.447s][info][gc,heap        ] GC(48) Humongous regions: 6->6
[20.447s][info][gc,metaspace   ] GC(48) Metaspace: 69651K->69651K(1112064K)
[20.447s][info][gc             ] GC(48) Pause Young (Normal) (G1 Evacuation Pause) 213M->41M(291M) 4.613ms
[20.447s][info][gc,cpu         ] GC(48) User=0.00s Sys=0.00s Real=0.00s
[20.606s][info][gc,start       ] GC(49) Pause Young (Normal) (G1 Evacuation Pause)
[20.606s][info][gc,task        ] GC(49) Using 1 workers of 1 for evacuation
[20.611s][info][gc,phases      ] GC(49)   Pre Evacuate Collection Set: 0.0ms
[20.611s][info][gc,phases      ] GC(49)   Evacuate Collection Set: 3.9ms
[20.611s][info][gc,phases      ] GC(49)   Post Evacuate Collection Set: 0.3ms
[20.611s][info][gc,phases      ] GC(49)   Other: 0.4ms
[20.611s][info][gc,heap        ] GC(49) Eden regions: 172->0(172)
[20.611s][info][gc,heap        ] GC(49) Survivor regions: 2->2(22)
[20.611s][info][gc,heap        ] GC(49) Old regions: 35->35
[20.611s][info][gc,heap        ] GC(49) Humongous regions: 6->6
[20.611s][info][gc,metaspace   ] GC(49) Metaspace: 69651K->69651K(1112064K)
[20.611s][info][gc             ] GC(49) Pause Young (Normal) (G1 Evacuation Pause) 213M->41M(291M) 4.673ms
[20.611s][info][gc,cpu         ] GC(49) User=0.00s Sys=0.00s Real=0.01s
[20.787s][info][gc,start       ] GC(50) Pause Young (Normal) (G1 Evacuation Pause)
[20.787s][info][gc,task        ] GC(50) Using 1 workers of 1 for evacuation
[20.793s][info][gc,phases      ] GC(50)   Pre Evacuate Collection Set: 0.0ms
[20.793s][info][gc,phases      ] GC(50)   Evacuate Collection Set: 4.5ms
[20.793s][info][gc,phases      ] GC(50)   Post Evacuate Collection Set: 1.5ms
[20.793s][info][gc,phases      ] GC(50)   Other: 0.4ms
[20.793s][info][gc,heap        ] GC(50) Eden regions: 172->0(172)
[20.793s][info][gc,heap        ] GC(50) Survivor regions: 2->2(22)
[20.793s][info][gc,heap        ] GC(50) Old regions: 35->35
[20.793s][info][gc,heap        ] GC(50) Humongous regions: 6->6
[20.793s][info][gc,metaspace   ] GC(50) Metaspace: 69651K->69651K(1112064K)
[20.793s][info][gc             ] GC(50) Pause Young (Normal) (G1 Evacuation Pause) 213M->41M(291M) 6.482ms
[20.793s][info][gc,cpu         ] GC(50) User=0.00s Sys=0.00s Real=0.01s
[20.971s][info][gc,start       ] GC(51) Pause Young (Normal) (G1 Evacuation Pause)
[20.971s][info][gc,task        ] GC(51) Using 1 workers of 1 for evacuation
[20.975s][info][gc,phases      ] GC(51)   Pre Evacuate Collection Set: 0.0ms
[20.975s][info][gc,phases      ] GC(51)   Evacuate Collection Set: 3.8ms
[20.975s][info][gc,phases      ] GC(51)   Post Evacuate Collection Set: 0.3ms
[20.975s][info][gc,phases      ] GC(51)   Other: 0.3ms
[20.975s][info][gc,heap        ] GC(51) Eden regions: 172->0(172)
[20.975s][info][gc,heap        ] GC(51) Survivor regions: 2->2(22)
[20.975s][info][gc,heap        ] GC(51) Old regions: 35->35
[20.975s][info][gc,heap        ] GC(51) Humongous regions: 6->6
[20.975s][info][gc,metaspace   ] GC(51) Metaspace: 69651K->69651K(1112064K)
[20.975s][info][gc             ] GC(51) Pause Young (Normal) (G1 Evacuation Pause) 213M->41M(291M) 4.495ms
[20.975s][info][gc,cpu         ] GC(51) User=0.01s Sys=0.00s Real=0.00s
[21.094s][info][gc,start       ] GC(52) Pause Young (Normal) (G1 Evacuation Pause)
[21.094s][info][gc,task        ] GC(52) Using 1 workers of 1 for evacuation
[21.098s][info][gc,phases      ] GC(52)   Pre Evacuate Collection Set: 0.0ms
[21.098s][info][gc,phases      ] GC(52)   Evacuate Collection Set: 3.6ms
[21.098s][info][gc,phases      ] GC(52)   Post Evacuate Collection Set: 0.3ms
[21.098s][info][gc,phases      ] GC(52)   Other: 0.3ms
[21.098s][info][gc,heap        ] GC(52) Eden regions: 172->0(172)
[21.098s][info][gc,heap        ] GC(52) Survivor regions: 2->2(22)
[21.098s][info][gc,heap        ] GC(52) Old regions: 35->35
[21.098s][info][gc,heap        ] GC(52) Humongous regions: 6->6
[21.098s][info][gc,metaspace   ] GC(52) Metaspace: 69651K->69651K(1112064K)
[21.099s][info][gc             ] GC(52) Pause Young (Normal) (G1 Evacuation Pause) 213M->41M(291M) 4.253ms
[21.099s][info][gc,cpu         ] GC(52) User=0.01s Sys=0.00s Real=0.01s
[21.190s][info][gc,start       ] GC(53) Pause Young (Normal) (G1 Evacuation Pause)
[21.190s][info][gc,task        ] GC(53) Using 1 workers of 1 for evacuation
[21.195s][info][gc,phases      ] GC(53)   Pre Evacuate Collection Set: 0.0ms
[21.195s][info][gc,phases      ] GC(53)   Evacuate Collection Set: 3.6ms
[21.195s][info][gc,phases      ] GC(53)   Post Evacuate Collection Set: 0.9ms
[21.195s][info][gc,phases      ] GC(53)   Other: 0.2ms
[21.195s][info][gc,heap        ] GC(53) Eden regions: 172->0(172)
[21.195s][info][gc,heap        ] GC(53) Survivor regions: 2->2(22)
[21.195s][info][gc,heap        ] GC(53) Old regions: 35->35
[21.195s][info][gc,heap        ] GC(53) Humongous regions: 6->6
[21.195s][info][gc,metaspace   ] GC(53) Metaspace: 69651K->69651K(1112064K)
[21.195s][info][gc             ] GC(53) Pause Young (Normal) (G1 Evacuation Pause) 213M->41M(291M) 4.815ms
[21.195s][info][gc,cpu         ] GC(53) User=0.01s Sys=0.00s Real=0.00s
[21.343s][info][gc,start       ] GC(54) Pause Young (Normal) (G1 Evacuation Pause)
[21.343s][info][gc,task        ] GC(54) Using 1 workers of 1 for evacuation
[21.347s][info][gc,phases      ] GC(54)   Pre Evacuate Collection Set: 0.0ms
[21.347s][info][gc,phases      ] GC(54)   Evacuate Collection Set: 3.6ms
[21.347s][info][gc,phases      ] GC(54)   Post Evacuate Collection Set: 0.4ms
[21.347s][info][gc,phases      ] GC(54)   Other: 0.3ms
[21.347s][info][gc,heap        ] GC(54) Eden regions: 172->0(172)
[21.347s][info][gc,heap        ] GC(54) Survivor regions: 2->2(22)
[21.347s][info][gc,heap        ] GC(54) Old regions: 35->35
[21.347s][info][gc,heap        ] GC(54) Humongous regions: 6->6
[21.347s][info][gc,metaspace   ] GC(54) Metaspace: 69651K->69651K(1112064K)
[21.347s][info][gc             ] GC(54) Pause Young (Normal) (G1 Evacuation Pause) 213M->41M(291M) 4.238ms
[21.347s][info][gc,cpu         ] GC(54) User=0.01s Sys=0.00s Real=0.00s
[21.503s][info][gc,start       ] GC(55) Pause Young (Normal) (G1 Evacuation Pause)
[21.503s][info][gc,task        ] GC(55) Using 1 workers of 1 for evacuation
[21.507s][info][gc,phases      ] GC(55)   Pre Evacuate Collection Set: 0.0ms
[21.507s][info][gc,phases      ] GC(55)   Evacuate Collection Set: 3.4ms
[21.507s][info][gc,phases      ] GC(55)   Post Evacuate Collection Set: 0.3ms
[21.507s][info][gc,phases      ] GC(55)   Other: 0.3ms
[21.507s][info][gc,heap        ] GC(55) Eden regions: 172->0(172)
[21.507s][info][gc,heap        ] GC(55) Survivor regions: 2->2(22)
[21.507s][info][gc,heap        ] GC(55) Old regions: 35->35
[21.507s][info][gc,heap        ] GC(55) Humongous regions: 11->6
[21.507s][info][gc,metaspace   ] GC(55) Metaspace: 69672K->69672K(1112064K)
[21.507s][info][gc             ] GC(55) Pause Young (Normal) (G1 Evacuation Pause) 218M->40M(291M) 4.093ms
[21.507s][info][gc,cpu         ] GC(55) User=0.01s Sys=0.00s Real=0.00s
[21.678s][info][gc,start       ] GC(56) Pause Young (Normal) (G1 Evacuation Pause)
[21.678s][info][gc,task        ] GC(56) Using 1 workers of 1 for evacuation
[21.682s][info][gc,phases      ] GC(56)   Pre Evacuate Collection Set: 0.0ms
[21.682s][info][gc,phases      ] GC(56)   Evacuate Collection Set: 3.3ms
[21.682s][info][gc,phases      ] GC(56)   Post Evacuate Collection Set: 0.3ms
[21.682s][info][gc,phases      ] GC(56)   Other: 0.3ms
[21.682s][info][gc,heap        ] GC(56) Eden regions: 172->0(172)
[21.682s][info][gc,heap        ] GC(56) Survivor regions: 2->2(22)
[21.682s][info][gc,heap        ] GC(56) Old regions: 35->35
[21.682s][info][gc,heap        ] GC(56) Humongous regions: 6->6
[21.682s][info][gc,metaspace   ] GC(56) Metaspace: 69674K->69674K(1112064K)
[21.682s][info][gc             ] GC(56) Pause Young (Normal) (G1 Evacuation Pause) 212M->40M(291M) 3.971ms
[21.682s][info][gc,cpu         ] GC(56) User=0.00s Sys=0.00s Real=0.00s
[21.854s][info][gc,start       ] GC(57) Pause Young (Normal) (G1 Evacuation Pause)
[21.854s][info][gc,task        ] GC(57) Using 1 workers of 1 for evacuation
[21.858s][info][gc,phases      ] GC(57)   Pre Evacuate Collection Set: 0.0ms
[21.858s][info][gc,phases      ] GC(57)   Evacuate Collection Set: 3.4ms
[21.858s][info][gc,phases      ] GC(57)   Post Evacuate Collection Set: 0.3ms
[21.858s][info][gc,phases      ] GC(57)   Other: 0.4ms
[21.858s][info][gc,heap        ] GC(57) Eden regions: 172->0(172)
[21.858s][info][gc,heap        ] GC(57) Survivor regions: 2->2(22)
[21.858s][info][gc,heap        ] GC(57) Old regions: 35->35
[21.858s][info][gc,heap        ] GC(57) Humongous regions: 6->6
[21.858s][info][gc,metaspace   ] GC(57) Metaspace: 69674K->69674K(1112064K)
[21.858s][info][gc             ] GC(57) Pause Young (Normal) (G1 Evacuation Pause) 212M->40M(291M) 4.203ms
[21.858s][info][gc,cpu         ] GC(57) User=0.00s Sys=0.00s Real=0.00s
[21.973s][info][gc,start       ] GC(58) Pause Young (Normal) (G1 Evacuation Pause)
[21.973s][info][gc,task        ] GC(58) Using 1 workers of 1 for evacuation
[21.977s][info][gc,phases      ] GC(58)   Pre Evacuate Collection Set: 0.0ms
[21.977s][info][gc,phases      ] GC(58)   Evacuate Collection Set: 3.3ms
[21.977s][info][gc,phases      ] GC(58)   Post Evacuate Collection Set: 0.3ms
[21.977s][info][gc,phases      ] GC(58)   Other: 0.3ms
[21.977s][info][gc,heap        ] GC(58) Eden regions: 172->0(172)
[21.977s][info][gc,heap        ] GC(58) Survivor regions: 2->2(22)
[21.977s][info][gc,heap        ] GC(58) Old regions: 35->35
[21.977s][info][gc,heap        ] GC(58) Humongous regions: 6->6
[21.977s][info][gc,metaspace   ] GC(58) Metaspace: 69674K->69674K(1112064K)
[21.977s][info][gc             ] GC(58) Pause Young (Normal) (G1 Evacuation Pause) 212M->41M(291M) 3.983ms
[21.977s][info][gc,cpu         ] GC(58) User=0.00s Sys=0.00s Real=0.01s
[22.077s][info][gc,start       ] GC(59) Pause Young (Normal) (G1 Evacuation Pause)
[22.077s][info][gc,task        ] GC(59) Using 1 workers of 1 for evacuation
[22.082s][info][gc,phases      ] GC(59)   Pre Evacuate Collection Set: 0.0ms
[22.082s][info][gc,phases      ] GC(59)   Evacuate Collection Set: 4.3ms
[22.082s][info][gc,phases      ] GC(59)   Post Evacuate Collection Set: 0.4ms
[22.082s][info][gc,phases      ] GC(59)   Other: 0.3ms
[22.082s][info][gc,heap        ] GC(59) Eden regions: 172->0(173)
[22.082s][info][gc,heap        ] GC(59) Survivor regions: 2->1(22)
[22.082s][info][gc,heap        ] GC(59) Old regions: 35->36
[22.082s][info][gc,heap        ] GC(59) Humongous regions: 6->6
[22.082s][info][gc,metaspace   ] GC(59) Metaspace: 69674K->69674K(1112064K)
[22.082s][info][gc             ] GC(59) Pause Young (Normal) (G1 Evacuation Pause) 213M->40M(291M) 4.983ms
[22.082s][info][gc,cpu         ] GC(59) User=0.00s Sys=0.00s Real=0.01s
[22.184s][info][gc,start       ] GC(60) Pause Young (Normal) (G1 Evacuation Pause)
[22.184s][info][gc,task        ] GC(60) Using 1 workers of 1 for evacuation
[22.187s][info][gc,phases      ] GC(60)   Pre Evacuate Collection Set: 0.0ms
[22.187s][info][gc,phases      ] GC(60)   Evacuate Collection Set: 2.8ms
[22.187s][info][gc,phases      ] GC(60)   Post Evacuate Collection Set: 0.3ms
[22.187s][info][gc,phases      ] GC(60)   Other: 0.3ms
[22.187s][info][gc,heap        ] GC(60) Eden regions: 173->0(173)
[22.187s][info][gc,heap        ] GC(60) Survivor regions: 1->1(22)
[22.187s][info][gc,heap        ] GC(60) Old regions: 36->36
[22.187s][info][gc,heap        ] GC(60) Humongous regions: 6->6
[22.187s][info][gc,metaspace   ] GC(60) Metaspace: 69674K->69674K(1112064K)
[22.187s][info][gc             ] GC(60) Pause Young (Normal) (G1 Evacuation Pause) 213M->40M(291M) 3.437ms
[22.187s][info][gc,cpu         ] GC(60) User=0.01s Sys=0.00s Real=0.00s
[22.272s][info][gc,start       ] GC(61) Pause Young (Normal) (G1 Evacuation Pause)
[22.272s][info][gc,task        ] GC(61) Using 1 workers of 1 for evacuation
[22.275s][info][gc,phases      ] GC(61)   Pre Evacuate Collection Set: 0.0ms
[22.275s][info][gc,phases      ] GC(61)   Evacuate Collection Set: 2.3ms
[22.275s][info][gc,phases      ] GC(61)   Post Evacuate Collection Set: 0.3ms
[22.275s][info][gc,phases      ] GC(61)   Other: 0.2ms
[22.275s][info][gc,heap        ] GC(61) Eden regions: 173->0(173)
[22.275s][info][gc,heap        ] GC(61) Survivor regions: 1->1(22)
[22.275s][info][gc,heap        ] GC(61) Old regions: 36->36
[22.275s][info][gc,heap        ] GC(61) Humongous regions: 6->6
[22.275s][info][gc,metaspace   ] GC(61) Metaspace: 69674K->69674K(1112064K)
[22.275s][info][gc             ] GC(61) Pause Young (Normal) (G1 Evacuation Pause) 213M->40M(291M) 2.899ms
[22.275s][info][gc,cpu         ] GC(61) User=0.00s Sys=0.00s Real=0.00s
[22.362s][info][gc,start       ] GC(62) Pause Young (Normal) (G1 Evacuation Pause)
[22.362s][info][gc,task        ] GC(62) Using 1 workers of 1 for evacuation
[22.365s][info][gc,phases      ] GC(62)   Pre Evacuate Collection Set: 0.0ms
[22.365s][info][gc,phases      ] GC(62)   Evacuate Collection Set: 2.3ms
[22.365s][info][gc,phases      ] GC(62)   Post Evacuate Collection Set: 0.3ms
[22.365s][info][gc,phases      ] GC(62)   Other: 0.3ms
[22.365s][info][gc,heap        ] GC(62) Eden regions: 173->0(173)
[22.365s][info][gc,heap        ] GC(62) Survivor regions: 1->1(22)
[22.365s][info][gc,heap        ] GC(62) Old regions: 36->36
[22.365s][info][gc,heap        ] GC(62) Humongous regions: 6->6
[22.365s][info][gc,metaspace   ] GC(62) Metaspace: 69674K->69674K(1112064K)
[22.365s][info][gc             ] GC(62) Pause Young (Normal) (G1 Evacuation Pause) 213M->41M(291M) 2.880ms
[22.365s][info][gc,cpu         ] GC(62) User=0.00s Sys=0.00s Real=0.00s
[22.488s][info][gc,start       ] GC(63) Pause Young (Normal) (G1 Evacuation Pause)
[22.488s][info][gc,task        ] GC(63) Using 1 workers of 1 for evacuation
[22.491s][info][gc,phases      ] GC(63)   Pre Evacuate Collection Set: 0.0ms
[22.491s][info][gc,phases      ] GC(63)   Evacuate Collection Set: 2.2ms
[22.491s][info][gc,phases      ] GC(63)   Post Evacuate Collection Set: 0.3ms
[22.491s][info][gc,phases      ] GC(63)   Other: 0.3ms
[22.491s][info][gc,heap        ] GC(63) Eden regions: 173->0(173)
[22.491s][info][gc,heap        ] GC(63) Survivor regions: 1->1(22)
[22.491s][info][gc,heap        ] GC(63) Old regions: 36->36
[22.491s][info][gc,heap        ] GC(63) Humongous regions: 6->6
[22.491s][info][gc,metaspace   ] GC(63) Metaspace: 69674K->69674K(1112064K)
[22.491s][info][gc             ] GC(63) Pause Young (Normal) (G1 Evacuation Pause) 214M->41M(291M) 2.815ms
[22.491s][info][gc,cpu         ] GC(63) User=0.00s Sys=0.00s Real=0.01s
[22.755s][info][gc,start       ] GC(64) Pause Young (Normal) (G1 Evacuation Pause)
[22.755s][info][gc,task        ] GC(64) Using 1 workers of 1 for evacuation
[22.758s][info][gc,phases      ] GC(64)   Pre Evacuate Collection Set: 0.0ms
[22.758s][info][gc,phases      ] GC(64)   Evacuate Collection Set: 2.5ms
[22.758s][info][gc,phases      ] GC(64)   Post Evacuate Collection Set: 0.3ms
[22.758s][info][gc,phases      ] GC(64)   Other: 0.4ms
[22.758s][info][gc,heap        ] GC(64) Eden regions: 173->0(173)
[22.758s][info][gc,heap        ] GC(64) Survivor regions: 1->1(22)
[22.758s][info][gc,heap        ] GC(64) Old regions: 36->36
[22.758s][info][gc,heap        ] GC(64) Humongous regions: 11->6
[22.758s][info][gc,metaspace   ] GC(64) Metaspace: 69703K->69703K(1112064K)
[22.758s][info][gc             ] GC(64) Pause Young (Normal) (G1 Evacuation Pause) 219M->41M(291M) 3.237ms
[22.758s][info][gc,cpu         ] GC(64) User=0.00s Sys=0.00s Real=0.00s
[22.867s][info][gc,start       ] GC(65) Pause Young (Normal) (G1 Evacuation Pause)
[22.867s][info][gc,task        ] GC(65) Using 1 workers of 1 for evacuation
[22.870s][info][gc,phases      ] GC(65)   Pre Evacuate Collection Set: 0.0ms
[22.870s][info][gc,phases      ] GC(65)   Evacuate Collection Set: 2.6ms
[22.870s][info][gc,phases      ] GC(65)   Post Evacuate Collection Set: 0.4ms
[22.870s][info][gc,phases      ] GC(65)   Other: 0.3ms
[22.870s][info][gc,heap        ] GC(65) Eden regions: 173->0(173)
[22.870s][info][gc,heap        ] GC(65) Survivor regions: 1->1(22)
[22.870s][info][gc,heap        ] GC(65) Old regions: 36->36
[22.870s][info][gc,heap        ] GC(65) Humongous regions: 6->6
[22.870s][info][gc,metaspace   ] GC(65) Metaspace: 69703K->69703K(1112064K)
[22.870s][info][gc             ] GC(65) Pause Young (Normal) (G1 Evacuation Pause) 214M->41M(291M) 3.296ms
[22.870s][info][gc,cpu         ] GC(65) User=0.00s Sys=0.00s Real=0.01s
[22.960s][info][gc,start       ] GC(66) Pause Young (Normal) (G1 Evacuation Pause)
[22.960s][info][gc,task        ] GC(66) Using 1 workers of 1 for evacuation
[22.963s][info][gc,phases      ] GC(66)   Pre Evacuate Collection Set: 0.0ms
[22.963s][info][gc,phases      ] GC(66)   Evacuate Collection Set: 2.4ms
[22.963s][info][gc,phases      ] GC(66)   Post Evacuate Collection Set: 0.3ms
[22.963s][info][gc,phases      ] GC(66)   Other: 0.3ms
[22.963s][info][gc,heap        ] GC(66) Eden regions: 173->0(173)
[22.963s][info][gc,heap        ] GC(66) Survivor regions: 1->1(22)
[22.963s][info][gc,heap        ] GC(66) Old regions: 36->36
[22.963s][info][gc,heap        ] GC(66) Humongous regions: 6->6
[22.963s][info][gc,metaspace   ] GC(66) Metaspace: 69703K->69703K(1112064K)
[22.963s][info][gc             ] GC(66) Pause Young (Normal) (G1 Evacuation Pause) 214M->41M(291M) 3.094ms
[22.963s][info][gc,cpu         ] GC(66) User=0.00s Sys=0.00s Real=0.00s
[23.048s][info][gc,start       ] GC(67) Pause Young (Normal) (G1 Evacuation Pause)
[23.048s][info][gc,task        ] GC(67) Using 1 workers of 1 for evacuation
[23.051s][info][gc,phases      ] GC(67)   Pre Evacuate Collection Set: 0.0ms
[23.051s][info][gc,phases      ] GC(67)   Evacuate Collection Set: 2.4ms
[23.051s][info][gc,phases      ] GC(67)   Post Evacuate Collection Set: 0.4ms
[23.051s][info][gc,phases      ] GC(67)   Other: 0.2ms
[23.051s][info][gc,heap        ] GC(67) Eden regions: 173->0(173)
[23.051s][info][gc,heap        ] GC(67) Survivor regions: 1->1(22)
[23.051s][info][gc,heap        ] GC(67) Old regions: 36->36
[23.051s][info][gc,heap        ] GC(67) Humongous regions: 6->6
[23.051s][info][gc,metaspace   ] GC(67) Metaspace: 69703K->69703K(1112064K)
[23.051s][info][gc             ] GC(67) Pause Young (Normal) (G1 Evacuation Pause) 214M->41M(291M) 3.071ms
[23.051s][info][gc,cpu         ] GC(67) User=0.00s Sys=0.00s Real=0.01s
[23.139s][info][gc,start       ] GC(68) Pause Young (Normal) (G1 Evacuation Pause)
[23.139s][info][gc,task        ] GC(68) Using 1 workers of 1 for evacuation
[23.142s][info][gc,phases      ] GC(68)   Pre Evacuate Collection Set: 0.0ms
[23.142s][info][gc,phases      ] GC(68)   Evacuate Collection Set: 2.6ms
[23.142s][info][gc,phases      ] GC(68)   Post Evacuate Collection Set: 0.4ms
[23.142s][info][gc,phases      ] GC(68)   Other: 0.3ms
[23.142s][info][gc,heap        ] GC(68) Eden regions: 173->0(173)
[23.142s][info][gc,heap        ] GC(68) Survivor regions: 1->1(22)
[23.142s][info][gc,heap        ] GC(68) Old regions: 36->36
[23.142s][info][gc,heap        ] GC(68) Humongous regions: 6->6
[23.142s][info][gc,metaspace   ] GC(68) Metaspace: 69703K->69703K(1112064K)
[23.142s][info][gc             ] GC(68) Pause Young (Normal) (G1 Evacuation Pause) 214M->41M(291M) 3.374ms
[23.142s][info][gc,cpu         ] GC(68) User=0.00s Sys=0.00s Real=0.00s
[23.228s][info][gc,start       ] GC(69) Pause Young (Normal) (G1 Evacuation Pause)
[23.228s][info][gc,task        ] GC(69) Using 1 workers of 1 for evacuation
[23.231s][info][gc,phases      ] GC(69)   Pre Evacuate Collection Set: 0.0ms
[23.231s][info][gc,phases      ] GC(69)   Evacuate Collection Set: 2.5ms
[23.231s][info][gc,phases      ] GC(69)   Post Evacuate Collection Set: 0.4ms
[23.231s][info][gc,phases      ] GC(69)   Other: 0.3ms
[23.231s][info][gc,heap        ] GC(69) Eden regions: 173->0(173)
[23.231s][info][gc,heap        ] GC(69) Survivor regions: 1->1(22)
[23.231s][info][gc,heap        ] GC(69) Old regions: 36->36
[23.231s][info][gc,heap        ] GC(69) Humongous regions: 6->6
[23.231s][info][gc,metaspace   ] GC(69) Metaspace: 69703K->69703K(1112064K)
[23.231s][info][gc             ] GC(69) Pause Young (Normal) (G1 Evacuation Pause) 214M->41M(291M) 3.306ms
[23.232s][info][gc,cpu         ] GC(69) User=0.00s Sys=0.00s Real=0.01s
[23.315s][info][gc,start       ] GC(70) Pause Young (Normal) (G1 Evacuation Pause)
[23.315s][info][gc,task        ] GC(70) Using 1 workers of 1 for evacuation
[23.318s][info][gc,phases      ] GC(70)   Pre Evacuate Collection Set: 0.0ms
[23.318s][info][gc,phases      ] GC(70)   Evacuate Collection Set: 2.3ms
[23.318s][info][gc,phases      ] GC(70)   Post Evacuate Collection Set: 0.3ms
[23.318s][info][gc,phases      ] GC(70)   Other: 0.3ms
[23.318s][info][gc,heap        ] GC(70) Eden regions: 173->0(173)
[23.318s][info][gc,heap        ] GC(70) Survivor regions: 1->1(22)
[23.318s][info][gc,heap        ] GC(70) Old regions: 36->36
[23.318s][info][gc,heap        ] GC(70) Humongous regions: 6->6
[23.318s][info][gc,metaspace   ] GC(70) Metaspace: 69703K->69703K(1112064K)
[23.318s][info][gc             ] GC(70) Pause Young (Normal) (G1 Evacuation Pause) 214M->41M(291M) 2.973ms
[23.318s][info][gc,cpu         ] GC(70) User=0.01s Sys=0.00s Real=0.01s
[23.402s][info][gc,start       ] GC(71) Pause Young (Normal) (G1 Evacuation Pause)
[23.403s][info][gc,task        ] GC(71) Using 1 workers of 1 for evacuation
[23.406s][info][gc,phases      ] GC(71)   Pre Evacuate Collection Set: 0.0ms
[23.406s][info][gc,phases      ] GC(71)   Evacuate Collection Set: 2.7ms
[23.406s][info][gc,phases      ] GC(71)   Post Evacuate Collection Set: 0.3ms
[23.406s][info][gc,phases      ] GC(71)   Other: 0.6ms
[23.406s][info][gc,heap        ] GC(71) Eden regions: 173->0(173)
[23.406s][info][gc,heap        ] GC(71) Survivor regions: 1->1(22)
[23.406s][info][gc,heap        ] GC(71) Old regions: 36->36
[23.406s][info][gc,heap        ] GC(71) Humongous regions: 6->6
[23.406s][info][gc,metaspace   ] GC(71) Metaspace: 69703K->69703K(1112064K)
[23.406s][info][gc             ] GC(71) Pause Young (Normal) (G1 Evacuation Pause) 214M->41M(291M) 3.780ms
[23.406s][info][gc,cpu         ] GC(71) User=0.00s Sys=0.00s Real=0.00s
[23.492s][info][gc,start       ] GC(72) Pause Young (Normal) (G1 Evacuation Pause)
[23.492s][info][gc,task        ] GC(72) Using 1 workers of 1 for evacuation
[23.495s][info][gc,phases      ] GC(72)   Pre Evacuate Collection Set: 0.0ms
[23.495s][info][gc,phases      ] GC(72)   Evacuate Collection Set: 2.2ms
[23.495s][info][gc,phases      ] GC(72)   Post Evacuate Collection Set: 0.5ms
[23.495s][info][gc,phases      ] GC(72)   Other: 0.3ms
[23.495s][info][gc,heap        ] GC(72) Eden regions: 173->0(173)
[23.495s][info][gc,heap        ] GC(72) Survivor regions: 1->1(22)
[23.495s][info][gc,heap        ] GC(72) Old regions: 36->36
[23.495s][info][gc,heap        ] GC(72) Humongous regions: 6->6
[23.495s][info][gc,metaspace   ] GC(72) Metaspace: 69703K->69703K(1112064K)
[23.495s][info][gc             ] GC(72) Pause Young (Normal) (G1 Evacuation Pause) 214M->41M(291M) 3.123ms
[23.495s][info][gc,cpu         ] GC(72) User=0.00s Sys=0.00s Real=0.00s
[23.586s][info][gc,start       ] GC(73) Pause Young (Normal) (G1 Evacuation Pause)
[23.586s][info][gc,task        ] GC(73) Using 1 workers of 1 for evacuation
[23.589s][info][gc,phases      ] GC(73)   Pre Evacuate Collection Set: 0.0ms
[23.589s][info][gc,phases      ] GC(73)   Evacuate Collection Set: 2.6ms
[23.589s][info][gc,phases      ] GC(73)   Post Evacuate Collection Set: 0.3ms
[23.589s][info][gc,phases      ] GC(73)   Other: 0.2ms
[23.589s][info][gc,heap        ] GC(73) Eden regions: 173->0(173)
[23.589s][info][gc,heap        ] GC(73) Survivor regions: 1->1(22)
[23.589s][info][gc,heap        ] GC(73) Old regions: 36->36
[23.589s][info][gc,heap        ] GC(73) Humongous regions: 6->6
[23.589s][info][gc,metaspace   ] GC(73) Metaspace: 69703K->69703K(1112064K)
[23.589s][info][gc             ] GC(73) Pause Young (Normal) (G1 Evacuation Pause) 214M->41M(291M) 3.243ms
[23.589s][info][gc,cpu         ] GC(73) User=0.00s Sys=0.00s Real=0.00s
[23.777s][info][gc,start       ] GC(74) Pause Young (Normal) (G1 Evacuation Pause)
[23.777s][info][gc,task        ] GC(74) Using 1 workers of 1 for evacuation
[23.780s][info][gc,phases      ] GC(74)   Pre Evacuate Collection Set: 0.1ms
[23.780s][info][gc,phases      ] GC(74)   Evacuate Collection Set: 2.2ms
[23.780s][info][gc,phases      ] GC(74)   Post Evacuate Collection Set: 0.3ms
[23.780s][info][gc,phases      ] GC(74)   Other: 0.3ms
[23.780s][info][gc,heap        ] GC(74) Eden regions: 173->0(173)
[23.780s][info][gc,heap        ] GC(74) Survivor regions: 1->1(22)
[23.780s][info][gc,heap        ] GC(74) Old regions: 36->36
[23.780s][info][gc,heap        ] GC(74) Humongous regions: 11->6
[23.780s][info][gc,metaspace   ] GC(74) Metaspace: 69726K->69726K(1112064K)
[23.780s][info][gc             ] GC(74) Pause Young (Normal) (G1 Evacuation Pause) 219M->41M(291M) 2.961ms
[23.780s][info][gc,cpu         ] GC(74) User=0.00s Sys=0.00s Real=0.01s
[23.974s][info][gc,start       ] GC(75) Pause Young (Normal) (G1 Evacuation Pause)
[23.974s][info][gc,task        ] GC(75) Using 1 workers of 1 for evacuation
[23.986s][info][gc,phases      ] GC(75)   Pre Evacuate Collection Set: 0.0ms
[23.986s][info][gc,phases      ] GC(75)   Evacuate Collection Set: 6.7ms
[23.986s][info][gc,phases      ] GC(75)   Post Evacuate Collection Set: 4.8ms
[23.986s][info][gc,phases      ] GC(75)   Other: 0.3ms
[23.986s][info][gc,heap        ] GC(75) Eden regions: 173->0(173)
[23.986s][info][gc,heap        ] GC(75) Survivor regions: 1->1(22)
[23.986s][info][gc,heap        ] GC(75) Old regions: 36->36
[23.986s][info][gc,heap        ] GC(75) Humongous regions: 6->6
[23.986s][info][gc,metaspace   ] GC(75) Metaspace: 69726K->69726K(1112064K)
[23.986s][info][gc             ] GC(75) Pause Young (Normal) (G1 Evacuation Pause) 214M->40M(291M) 11.880ms
[23.986s][info][gc,cpu         ] GC(75) User=0.01s Sys=0.00s Real=0.01s
[24.109s][info][gc,start       ] GC(76) Pause Young (Normal) (G1 Evacuation Pause)
[24.109s][info][gc,task        ] GC(76) Using 1 workers of 1 for evacuation
[24.111s][info][gc,phases      ] GC(76)   Pre Evacuate Collection Set: 0.0ms
[24.111s][info][gc,phases      ] GC(76)   Evacuate Collection Set: 2.2ms
[24.111s][info][gc,phases      ] GC(76)   Post Evacuate Collection Set: 0.3ms
[24.111s][info][gc,phases      ] GC(76)   Other: 0.3ms
[24.111s][info][gc,heap        ] GC(76) Eden regions: 173->0(173)
[24.111s][info][gc,heap        ] GC(76) Survivor regions: 1->1(22)
[24.111s][info][gc,heap        ] GC(76) Old regions: 36->36
[24.111s][info][gc,heap        ] GC(76) Humongous regions: 6->6
[24.111s][info][gc,metaspace   ] GC(76) Metaspace: 69726K->69726K(1112064K)
[24.111s][info][gc             ] GC(76) Pause Young (Normal) (G1 Evacuation Pause) 213M->40M(291M) 2.940ms
[24.112s][info][gc,cpu         ] GC(76) User=0.00s Sys=0.00s Real=0.01s
[24.206s][info][gc,start       ] GC(77) Pause Young (Normal) (G1 Evacuation Pause)
[24.206s][info][gc,task        ] GC(77) Using 1 workers of 1 for evacuation
[24.209s][info][gc,phases      ] GC(77)   Pre Evacuate Collection Set: 0.0ms
[24.209s][info][gc,phases      ] GC(77)   Evacuate Collection Set: 2.4ms
[24.209s][info][gc,phases      ] GC(77)   Post Evacuate Collection Set: 0.4ms
[24.209s][info][gc,phases      ] GC(77)   Other: 0.3ms
[24.209s][info][gc,heap        ] GC(77) Eden regions: 173->0(173)
[24.209s][info][gc,heap        ] GC(77) Survivor regions: 1->1(22)
[24.209s][info][gc,heap        ] GC(77) Old regions: 36->36
[24.209s][info][gc,heap        ] GC(77) Humongous regions: 6->6
[24.209s][info][gc,metaspace   ] GC(77) Metaspace: 69726K->69726K(1112064K)
[24.209s][info][gc             ] GC(77) Pause Young (Normal) (G1 Evacuation Pause) 213M->40M(291M) 3.188ms
[24.209s][info][gc,cpu         ] GC(77) User=0.01s Sys=0.00s Real=0.00s
[24.306s][info][gc,start       ] GC(78) Pause Young (Normal) (G1 Evacuation Pause)
[24.306s][info][gc,task        ] GC(78) Using 1 workers of 1 for evacuation
[24.309s][info][gc,phases      ] GC(78)   Pre Evacuate Collection Set: 0.0ms
[24.309s][info][gc,phases      ] GC(78)   Evacuate Collection Set: 2.6ms
[24.309s][info][gc,phases      ] GC(78)   Post Evacuate Collection Set: 0.3ms
[24.309s][info][gc,phases      ] GC(78)   Other: 0.5ms
[24.309s][info][gc,heap        ] GC(78) Eden regions: 173->0(173)
[24.309s][info][gc,heap        ] GC(78) Survivor regions: 1->1(22)
[24.309s][info][gc,heap        ] GC(78) Old regions: 36->36
[24.309s][info][gc,heap        ] GC(78) Humongous regions: 6->6
[24.309s][info][gc,metaspace   ] GC(78) Metaspace: 69726K->69726K(1112064K)
[24.309s][info][gc             ] GC(78) Pause Young (Normal) (G1 Evacuation Pause) 213M->41M(291M) 3.511ms
[24.310s][info][gc,cpu         ] GC(78) User=0.00s Sys=0.01s Real=0.00s
[24.394s][info][gc,start       ] GC(79) Pause Young (Normal) (G1 Evacuation Pause)
[24.394s][info][gc,task        ] GC(79) Using 1 workers of 1 for evacuation
[24.397s][info][gc,phases      ] GC(79)   Pre Evacuate Collection Set: 0.0ms
[24.397s][info][gc,phases      ] GC(79)   Evacuate Collection Set: 2.2ms
[24.397s][info][gc,phases      ] GC(79)   Post Evacuate Collection Set: 0.4ms
[24.397s][info][gc,phases      ] GC(79)   Other: 0.2ms
[24.397s][info][gc,heap        ] GC(79) Eden regions: 173->0(173)
[24.397s][info][gc,heap        ] GC(79) Survivor regions: 1->1(22)
[24.397s][info][gc,heap        ] GC(79) Old regions: 36->36
[24.397s][info][gc,heap        ] GC(79) Humongous regions: 6->6
[24.397s][info][gc,metaspace   ] GC(79) Metaspace: 69726K->69726K(1112064K)
[24.397s][info][gc             ] GC(79) Pause Young (Normal) (G1 Evacuation Pause) 214M->41M(291M) 2.868ms
[24.397s][info][gc,cpu         ] GC(79) User=0.00s Sys=0.00s Real=0.00s
[24.481s][info][gc,start       ] GC(80) Pause Young (Normal) (G1 Evacuation Pause)
[24.481s][info][gc,task        ] GC(80) Using 1 workers of 1 for evacuation
[24.483s][info][gc,phases      ] GC(80)   Pre Evacuate Collection Set: 0.0ms
[24.483s][info][gc,phases      ] GC(80)   Evacuate Collection Set: 2.1ms
[24.483s][info][gc,phases      ] GC(80)   Post Evacuate Collection Set: 0.3ms
[24.483s][info][gc,phases      ] GC(80)   Other: 0.2ms
[24.483s][info][gc,heap        ] GC(80) Eden regions: 173->0(173)
[24.483s][info][gc,heap        ] GC(80) Survivor regions: 1->1(22)
[24.483s][info][gc,heap        ] GC(80) Old regions: 36->36
[24.483s][info][gc,heap        ] GC(80) Humongous regions: 6->6
[24.483s][info][gc,metaspace   ] GC(80) Metaspace: 69726K->69726K(1112064K)
[24.483s][info][gc             ] GC(80) Pause Young (Normal) (G1 Evacuation Pause) 214M->41M(291M) 2.710ms
[24.483s][info][gc,cpu         ] GC(80) User=0.01s Sys=0.00s Real=0.00s
[24.567s][info][gc,start       ] GC(81) Pause Young (Normal) (G1 Evacuation Pause)
[24.567s][info][gc,task        ] GC(81) Using 1 workers of 1 for evacuation
[24.570s][info][gc,phases      ] GC(81)   Pre Evacuate Collection Set: 0.0ms
[24.570s][info][gc,phases      ] GC(81)   Evacuate Collection Set: 2.2ms
[24.570s][info][gc,phases      ] GC(81)   Post Evacuate Collection Set: 0.3ms
[24.570s][info][gc,phases      ] GC(81)   Other: 0.2ms
[24.570s][info][gc,heap        ] GC(81) Eden regions: 173->0(173)
[24.570s][info][gc,heap        ] GC(81) Survivor regions: 1->1(22)
[24.570s][info][gc,heap        ] GC(81) Old regions: 36->36
[24.570s][info][gc,heap        ] GC(81) Humongous regions: 6->6
[24.570s][info][gc,metaspace   ] GC(81) Metaspace: 69726K->69726K(1112064K)
[24.570s][info][gc             ] GC(81) Pause Young (Normal) (G1 Evacuation Pause) 214M->41M(291M) 2.801ms
[24.570s][info][gc,cpu         ] GC(81) User=0.00s Sys=0.00s Real=0.01s
[24.661s][info][gc,start       ] GC(82) Pause Young (Normal) (G1 Evacuation Pause)
[24.661s][info][gc,task        ] GC(82) Using 1 workers of 1 for evacuation
[24.664s][info][gc,phases      ] GC(82)   Pre Evacuate Collection Set: 0.0ms
[24.664s][info][gc,phases      ] GC(82)   Evacuate Collection Set: 2.8ms
[24.664s][info][gc,phases      ] GC(82)   Post Evacuate Collection Set: 0.3ms
[24.664s][info][gc,phases      ] GC(82)   Other: 0.3ms
[24.664s][info][gc,heap        ] GC(82) Eden regions: 173->0(173)
[24.664s][info][gc,heap        ] GC(82) Survivor regions: 1->1(22)
[24.664s][info][gc,heap        ] GC(82) Old regions: 36->36
[24.664s][info][gc,heap        ] GC(82) Humongous regions: 6->6
[24.664s][info][gc,metaspace   ] GC(82) Metaspace: 69726K->69726K(1112064K)
[24.664s][info][gc             ] GC(82) Pause Young (Normal) (G1 Evacuation Pause) 214M->41M(291M) 3.479ms
[24.664s][info][gc,cpu         ] GC(82) User=0.01s Sys=0.00s Real=0.00s
[24.853s][info][gc,start       ] GC(83) Pause Young (Normal) (G1 Evacuation Pause)
[24.853s][info][gc,task        ] GC(83) Using 1 workers of 1 for evacuation
[24.856s][info][gc,phases      ] GC(83)   Pre Evacuate Collection Set: 0.0ms
[24.856s][info][gc,phases      ] GC(83)   Evacuate Collection Set: 2.4ms
[24.856s][info][gc,phases      ] GC(83)   Post Evacuate Collection Set: 0.4ms
[24.856s][info][gc,phases      ] GC(83)   Other: 0.4ms
[24.856s][info][gc,heap        ] GC(83) Eden regions: 173->0(173)
[24.856s][info][gc,heap        ] GC(83) Survivor regions: 1->1(22)
[24.856s][info][gc,heap        ] GC(83) Old regions: 36->36
[24.856s][info][gc,heap        ] GC(83) Humongous regions: 11->6
[24.856s][info][gc,metaspace   ] GC(83) Metaspace: 69745K->69745K(1112064K)
[24.856s][info][gc             ] GC(83) Pause Young (Normal) (G1 Evacuation Pause) 219M->41M(291M) 3.282ms
[24.856s][info][gc,cpu         ] GC(83) User=0.01s Sys=0.00s Real=0.00s
[24.963s][info][gc,start       ] GC(84) Pause Young (Normal) (G1 Evacuation Pause)
[24.963s][info][gc,task        ] GC(84) Using 1 workers of 1 for evacuation
[24.966s][info][gc,phases      ] GC(84)   Pre Evacuate Collection Set: 0.0ms
[24.966s][info][gc,phases      ] GC(84)   Evacuate Collection Set: 2.3ms
[24.966s][info][gc,phases      ] GC(84)   Post Evacuate Collection Set: 0.3ms
[24.966s][info][gc,phases      ] GC(84)   Other: 0.3ms
[24.966s][info][gc,heap        ] GC(84) Eden regions: 173->0(173)
[24.966s][info][gc,heap        ] GC(84) Survivor regions: 1->1(22)
[24.966s][info][gc,heap        ] GC(84) Old regions: 36->36
[24.966s][info][gc,heap        ] GC(84) Humongous regions: 6->6
[24.966s][info][gc,metaspace   ] GC(84) Metaspace: 69746K->69746K(1112064K)
[24.966s][info][gc             ] GC(84) Pause Young (Normal) (G1 Evacuation Pause) 214M->41M(291M) 2.912ms
[24.966s][info][gc,cpu         ] GC(84) User=0.01s Sys=0.00s Real=0.00s
[25.053s][info][gc,start       ] GC(85) Pause Young (Normal) (G1 Evacuation Pause)
[25.053s][info][gc,task        ] GC(85) Using 1 workers of 1 for evacuation
[25.056s][info][gc,phases      ] GC(85)   Pre Evacuate Collection Set: 0.0ms
[25.056s][info][gc,phases      ] GC(85)   Evacuate Collection Set: 2.4ms
[25.056s][info][gc,phases      ] GC(85)   Post Evacuate Collection Set: 0.3ms
[25.056s][info][gc,phases      ] GC(85)   Other: 0.2ms
[25.056s][info][gc,heap        ] GC(85) Eden regions: 173->0(173)
[25.056s][info][gc,heap        ] GC(85) Survivor regions: 1->1(22)
[25.056s][info][gc,heap        ] GC(85) Old regions: 36->36
[25.056s][info][gc,heap        ] GC(85) Humongous regions: 6->6
[25.056s][info][gc,metaspace   ] GC(85) Metaspace: 69746K->69746K(1112064K)
[25.056s][info][gc             ] GC(85) Pause Young (Normal) (G1 Evacuation Pause) 214M->41M(291M) 3.051ms
[25.056s][info][gc,cpu         ] GC(85) User=0.01s Sys=0.00s Real=0.00s
[25.143s][info][gc,start       ] GC(86) Pause Young (Normal) (G1 Evacuation Pause)
[25.143s][info][gc,task        ] GC(86) Using 1 workers of 1 for evacuation
[25.146s][info][gc,phases      ] GC(86)   Pre Evacuate Collection Set: 0.0ms
[25.146s][info][gc,phases      ] GC(86)   Evacuate Collection Set: 2.2ms
[25.146s][info][gc,phases      ] GC(86)   Post Evacuate Collection Set: 0.3ms
[25.146s][info][gc,phases      ] GC(86)   Other: 0.2ms
[25.146s][info][gc,heap        ] GC(86) Eden regions: 173->0(173)
[25.146s][info][gc,heap        ] GC(86) Survivor regions: 1->1(22)
[25.146s][info][gc,heap        ] GC(86) Old regions: 36->36
[25.146s][info][gc,heap        ] GC(86) Humongous regions: 6->6
[25.146s][info][gc,metaspace   ] GC(86) Metaspace: 69746K->69746K(1112064K)
[25.146s][info][gc             ] GC(86) Pause Young (Normal) (G1 Evacuation Pause) 214M->41M(291M) 2.839ms
[25.146s][info][gc,cpu         ] GC(86) User=0.00s Sys=0.00s Real=0.00s
[25.227s][info][gc,start       ] GC(87) Pause Young (Normal) (G1 Evacuation Pause)
[25.227s][info][gc,task        ] GC(87) Using 1 workers of 1 for evacuation
[25.229s][info][gc,phases      ] GC(87)   Pre Evacuate Collection Set: 0.0ms
[25.230s][info][gc,phases      ] GC(87)   Evacuate Collection Set: 2.2ms
[25.230s][info][gc,phases      ] GC(87)   Post Evacuate Collection Set: 0.3ms
[25.230s][info][gc,phases      ] GC(87)   Other: 0.3ms
[25.230s][info][gc,heap        ] GC(87) Eden regions: 173->0(173)
[25.230s][info][gc,heap        ] GC(87) Survivor regions: 1->1(22)
[25.230s][info][gc,heap        ] GC(87) Old regions: 36->36
[25.230s][info][gc,heap        ] GC(87) Humongous regions: 6->6
[25.230s][info][gc,metaspace   ] GC(87) Metaspace: 69746K->69746K(1112064K)
[25.230s][info][gc             ] GC(87) Pause Young (Normal) (G1 Evacuation Pause) 214M->41M(291M) 2.850ms
[25.230s][info][gc,cpu         ] GC(87) User=0.00s Sys=0.00s Real=0.01s
[25.310s][info][gc,start       ] GC(88) Pause Young (Normal) (G1 Evacuation Pause)
[25.310s][info][gc,task        ] GC(88) Using 1 workers of 1 for evacuation
[25.313s][info][gc,phases      ] GC(88)   Pre Evacuate Collection Set: 0.0ms
[25.313s][info][gc,phases      ] GC(88)   Evacuate Collection Set: 2.2ms
[25.313s][info][gc,phases      ] GC(88)   Post Evacuate Collection Set: 0.3ms
[25.313s][info][gc,phases      ] GC(88)   Other: 0.2ms
[25.313s][info][gc,heap        ] GC(88) Eden regions: 173->0(173)
[25.313s][info][gc,heap        ] GC(88) Survivor regions: 1->1(22)
[25.313s][info][gc,heap        ] GC(88) Old regions: 36->36
[25.313s][info][gc,heap        ] GC(88) Humongous regions: 6->6
[25.313s][info][gc,metaspace   ] GC(88) Metaspace: 69746K->69746K(1112064K)
[25.313s][info][gc             ] GC(88) Pause Young (Normal) (G1 Evacuation Pause) 214M->41M(291M) 2.846ms
[25.313s][info][gc,cpu         ] GC(88) User=0.00s Sys=0.00s Real=0.00s
[25.396s][info][gc,start       ] GC(89) Pause Young (Normal) (G1 Evacuation Pause)
[25.396s][info][gc,task        ] GC(89) Using 1 workers of 1 for evacuation
[25.398s][info][gc,phases      ] GC(89)   Pre Evacuate Collection Set: 0.0ms
[25.399s][info][gc,phases      ] GC(89)   Evacuate Collection Set: 2.4ms
[25.399s][info][gc,phases      ] GC(89)   Post Evacuate Collection Set: 0.3ms
[25.399s][info][gc,phases      ] GC(89)   Other: 0.3ms
[25.399s][info][gc,heap        ] GC(89) Eden regions: 173->0(173)
[25.399s][info][gc,heap        ] GC(89) Survivor regions: 1->1(22)
[25.399s][info][gc,heap        ] GC(89) Old regions: 36->36
[25.399s][info][gc,heap        ] GC(89) Humongous regions: 6->6
[25.399s][info][gc,metaspace   ] GC(89) Metaspace: 69746K->69746K(1112064K)
[25.399s][info][gc             ] GC(89) Pause Young (Normal) (G1 Evacuation Pause) 214M->41M(291M) 3.117ms
[25.399s][info][gc,cpu         ] GC(89) User=0.01s Sys=0.00s Real=0.01s
[25.489s][info][gc,start       ] GC(90) Pause Young (Normal) (G1 Evacuation Pause)
[25.489s][info][gc,task        ] GC(90) Using 1 workers of 1 for evacuation
[25.492s][info][gc,phases      ] GC(90)   Pre Evacuate Collection Set: 0.0ms
[25.492s][info][gc,phases      ] GC(90)   Evacuate Collection Set: 2.2ms
[25.492s][info][gc,phases      ] GC(90)   Post Evacuate Collection Set: 0.3ms
[25.492s][info][gc,phases      ] GC(90)   Other: 0.3ms
[25.492s][info][gc,heap        ] GC(90) Eden regions: 173->0(173)
[25.492s][info][gc,heap        ] GC(90) Survivor regions: 1->1(22)
[25.492s][info][gc,heap        ] GC(90) Old regions: 36->36
[25.492s][info][gc,heap        ] GC(90) Humongous regions: 6->6
[25.492s][info][gc,metaspace   ] GC(90) Metaspace: 69746K->69746K(1112064K)
[25.492s][info][gc             ] GC(90) Pause Young (Normal) (G1 Evacuation Pause) 214M->41M(291M) 2.731ms
[25.492s][info][gc,cpu         ] GC(90) User=0.00s Sys=0.00s Real=0.00s
[25.573s][info][gc,start       ] GC(91) Pause Young (Normal) (G1 Evacuation Pause)
[25.573s][info][gc,task        ] GC(91) Using 1 workers of 1 for evacuation
[25.575s][info][gc,phases      ] GC(91)   Pre Evacuate Collection Set: 0.0ms
[25.575s][info][gc,phases      ] GC(91)   Evacuate Collection Set: 2.1ms
[25.575s][info][gc,phases      ] GC(91)   Post Evacuate Collection Set: 0.3ms
[25.575s][info][gc,phases      ] GC(91)   Other: 0.2ms
[25.575s][info][gc,heap        ] GC(91) Eden regions: 173->0(173)
[25.575s][info][gc,heap        ] GC(91) Survivor regions: 1->1(22)
[25.575s][info][gc,heap        ] GC(91) Old regions: 36->36
[25.575s][info][gc,heap        ] GC(91) Humongous regions: 6->6
[25.575s][info][gc,metaspace   ] GC(91) Metaspace: 69746K->69746K(1112064K)
[25.575s][info][gc             ] GC(91) Pause Young (Normal) (G1 Evacuation Pause) 214M->41M(291M) 2.717ms
[25.575s][info][gc,cpu         ] GC(91) User=0.00s Sys=0.00s Real=0.00s
[25.656s][info][gc,start       ] GC(92) Pause Young (Normal) (G1 Evacuation Pause)
[25.656s][info][gc,task        ] GC(92) Using 1 workers of 1 for evacuation
[25.659s][info][gc,phases      ] GC(92)   Pre Evacuate Collection Set: 0.0ms
[25.659s][info][gc,phases      ] GC(92)   Evacuate Collection Set: 2.2ms
[25.659s][info][gc,phases      ] GC(92)   Post Evacuate Collection Set: 0.3ms
[25.659s][info][gc,phases      ] GC(92)   Other: 0.2ms
[25.659s][info][gc,heap        ] GC(92) Eden regions: 173->0(173)
[25.659s][info][gc,heap        ] GC(92) Survivor regions: 1->1(22)
[25.659s][info][gc,heap        ] GC(92) Old regions: 36->36
[25.659s][info][gc,heap        ] GC(92) Humongous regions: 6->6
[25.659s][info][gc,metaspace   ] GC(92) Metaspace: 69746K->69746K(1112064K)
[25.659s][info][gc             ] GC(92) Pause Young (Normal) (G1 Evacuation Pause) 214M->41M(291M) 2.795ms
[25.659s][info][gc,cpu         ] GC(92) User=0.00s Sys=0.00s Real=0.01s
[25.819s][info][gc,start       ] GC(93) Pause Young (Normal) (G1 Evacuation Pause)
[25.819s][info][gc,task        ] GC(93) Using 1 workers of 1 for evacuation
[25.822s][info][gc,phases      ] GC(93)   Pre Evacuate Collection Set: 0.0ms
[25.822s][info][gc,phases      ] GC(93)   Evacuate Collection Set: 2.3ms
[25.822s][info][gc,phases      ] GC(93)   Post Evacuate Collection Set: 0.3ms
[25.822s][info][gc,phases      ] GC(93)   Other: 0.3ms
[25.822s][info][gc,heap        ] GC(93) Eden regions: 173->0(173)
[25.822s][info][gc,heap        ] GC(93) Survivor regions: 1->1(22)
[25.822s][info][gc,heap        ] GC(93) Old regions: 36->36
[25.822s][info][gc,heap        ] GC(93) Humongous regions: 11->6
[25.822s][info][gc,metaspace   ] GC(93) Metaspace: 69761K->69761K(1112064K)
[25.822s][info][gc             ] GC(93) Pause Young (Normal) (G1 Evacuation Pause) 219M->41M(291M) 3.004ms
[25.822s][info][gc,cpu         ] GC(93) User=0.01s Sys=0.00s Real=0.00s
[25.910s][info][gc,start       ] GC(94) Pause Young (Normal) (G1 Evacuation Pause)
[25.910s][info][gc,task        ] GC(94) Using 1 workers of 1 for evacuation
[25.913s][info][gc,phases      ] GC(94)   Pre Evacuate Collection Set: 0.0ms
[25.913s][info][gc,phases      ] GC(94)   Evacuate Collection Set: 2.2ms
[25.913s][info][gc,phases      ] GC(94)   Post Evacuate Collection Set: 0.3ms
[25.913s][info][gc,phases      ] GC(94)   Other: 0.2ms
[25.913s][info][gc,heap        ] GC(94) Eden regions: 173->0(173)
[25.913s][info][gc,heap        ] GC(94) Survivor regions: 1->1(22)
[25.913s][info][gc,heap        ] GC(94) Old regions: 36->36
[25.913s][info][gc,heap        ] GC(94) Humongous regions: 6->6
[25.913s][info][gc,metaspace   ] GC(94) Metaspace: 69763K->69763K(1112064K)
[25.913s][info][gc             ] GC(94) Pause Young (Normal) (G1 Evacuation Pause) 214M->41M(291M) 2.734ms
[25.913s][info][gc,cpu         ] GC(94) User=0.00s Sys=0.00s Real=0.00s
[26.006s][info][gc,start       ] GC(95) Pause Young (Normal) (G1 Evacuation Pause)
[26.006s][info][gc,task        ] GC(95) Using 1 workers of 1 for evacuation
[26.009s][info][gc,phases      ] GC(95)   Pre Evacuate Collection Set: 0.0ms
[26.009s][info][gc,phases      ] GC(95)   Evacuate Collection Set: 2.4ms
[26.009s][info][gc,phases      ] GC(95)   Post Evacuate Collection Set: 0.3ms
[26.009s][info][gc,phases      ] GC(95)   Other: 0.4ms
[26.009s][info][gc,heap        ] GC(95) Eden regions: 173->0(173)
[26.009s][info][gc,heap        ] GC(95) Survivor regions: 1->1(22)
[26.009s][info][gc,heap        ] GC(95) Old regions: 36->36
[26.009s][info][gc,heap        ] GC(95) Humongous regions: 6->6
[26.009s][info][gc,metaspace   ] GC(95) Metaspace: 69763K->69763K(1112064K)
[26.009s][info][gc             ] GC(95) Pause Young (Normal) (G1 Evacuation Pause) 214M->41M(291M) 3.302ms
[26.009s][info][gc,cpu         ] GC(95) User=0.01s Sys=0.00s Real=0.01s
[26.103s][info][gc,start       ] GC(96) Pause Young (Normal) (G1 Evacuation Pause)
[26.104s][info][gc,task        ] GC(96) Using 1 workers of 1 for evacuation
[26.107s][info][gc,phases      ] GC(96)   Pre Evacuate Collection Set: 0.0ms
[26.107s][info][gc,phases      ] GC(96)   Evacuate Collection Set: 2.3ms
[26.107s][info][gc,phases      ] GC(96)   Post Evacuate Collection Set: 0.5ms
[26.107s][info][gc,phases      ] GC(96)   Other: 0.3ms
[26.107s][info][gc,heap        ] GC(96) Eden regions: 173->0(173)
[26.107s][info][gc,heap        ] GC(96) Survivor regions: 1->1(22)
[26.107s][info][gc,heap        ] GC(96) Old regions: 36->36
[26.107s][info][gc,heap        ] GC(96) Humongous regions: 6->6
[26.107s][info][gc,metaspace   ] GC(96) Metaspace: 69763K->69763K(1112064K)
[26.107s][info][gc             ] GC(96) Pause Young (Normal) (G1 Evacuation Pause) 214M->41M(291M) 3.227ms
[26.107s][info][gc,cpu         ] GC(96) User=0.00s Sys=0.00s Real=0.00s
[26.194s][info][gc,start       ] GC(97) Pause Young (Normal) (G1 Evacuation Pause)
[26.194s][info][gc,task        ] GC(97) Using 1 workers of 1 for evacuation
[26.197s][info][gc,phases      ] GC(97)   Pre Evacuate Collection Set: 0.0ms
[26.197s][info][gc,phases      ] GC(97)   Evacuate Collection Set: 2.2ms
[26.197s][info][gc,phases      ] GC(97)   Post Evacuate Collection Set: 0.5ms
[26.197s][info][gc,phases      ] GC(97)   Other: 0.3ms
[26.197s][info][gc,heap        ] GC(97) Eden regions: 173->0(173)
[26.197s][info][gc,heap        ] GC(97) Survivor regions: 1->1(22)
[26.197s][info][gc,heap        ] GC(97) Old regions: 36->36
[26.197s][info][gc,heap        ] GC(97) Humongous regions: 6->6
[26.197s][info][gc,metaspace   ] GC(97) Metaspace: 69763K->69763K(1112064K)
[26.197s][info][gc             ] GC(97) Pause Young (Normal) (G1 Evacuation Pause) 214M->41M(291M) 3.028ms
[26.197s][info][gc,cpu         ] GC(97) User=0.00s Sys=0.00s Real=0.00s
[26.287s][info][gc,start       ] GC(98) Pause Young (Normal) (G1 Evacuation Pause)
[26.287s][info][gc,task        ] GC(98) Using 1 workers of 1 for evacuation
[26.291s][info][gc,phases      ] GC(98)   Pre Evacuate Collection Set: 0.0ms
[26.291s][info][gc,phases      ] GC(98)   Evacuate Collection Set: 2.9ms
[26.291s][info][gc,phases      ] GC(98)   Post Evacuate Collection Set: 0.3ms
[26.291s][info][gc,phases      ] GC(98)   Other: 0.6ms
[26.291s][info][gc,heap        ] GC(98) Eden regions: 173->0(173)
[26.291s][info][gc,heap        ] GC(98) Survivor regions: 1->1(22)
[26.291s][info][gc,heap        ] GC(98) Old regions: 36->36
[26.291s][info][gc,heap        ] GC(98) Humongous regions: 6->6
[26.291s][info][gc,metaspace   ] GC(98) Metaspace: 69763K->69763K(1112064K)
[26.291s][info][gc             ] GC(98) Pause Young (Normal) (G1 Evacuation Pause) 214M->41M(291M) 3.863ms
[26.291s][info][gc,cpu         ] GC(98) User=0.00s Sys=0.00s Real=0.01s
[26.382s][info][gc,start       ] GC(99) Pause Young (Normal) (G1 Evacuation Pause)
[26.382s][info][gc,task        ] GC(99) Using 1 workers of 1 for evacuation
[26.384s][info][gc,phases      ] GC(99)   Pre Evacuate Collection Set: 0.0ms
[26.384s][info][gc,phases      ] GC(99)   Evacuate Collection Set: 2.1ms
[26.384s][info][gc,phases      ] GC(99)   Post Evacuate Collection Set: 0.2ms
[26.384s][info][gc,phases      ] GC(99)   Other: 0.3ms
[26.384s][info][gc,heap        ] GC(99) Eden regions: 173->0(173)
[26.384s][info][gc,heap        ] GC(99) Survivor regions: 1->1(22)
[26.384s][info][gc,heap        ] GC(99) Old regions: 36->36
[26.384s][info][gc,heap        ] GC(99) Humongous regions: 6->6
[26.384s][info][gc,metaspace   ] GC(99) Metaspace: 69763K->69763K(1112064K)
[26.384s][info][gc             ] GC(99) Pause Young (Normal) (G1 Evacuation Pause) 214M->41M(291M) 2.667ms
[26.385s][info][gc,cpu         ] GC(99) User=0.00s Sys=0.00s Real=0.00s
[26.473s][info][gc,start       ] GC(100) Pause Young (Normal) (G1 Evacuation Pause)
[26.473s][info][gc,task        ] GC(100) Using 1 workers of 1 for evacuation
[26.476s][info][gc,phases      ] GC(100)   Pre Evacuate Collection Set: 0.0ms
[26.476s][info][gc,phases      ] GC(100)   Evacuate Collection Set: 2.8ms
[26.476s][info][gc,phases      ] GC(100)   Post Evacuate Collection Set: 0.4ms
[26.476s][info][gc,phases      ] GC(100)   Other: 0.3ms
[26.476s][info][gc,heap        ] GC(100) Eden regions: 173->0(173)
[26.476s][info][gc,heap        ] GC(100) Survivor regions: 1->1(22)
[26.476s][info][gc,heap        ] GC(100) Old regions: 36->36
[26.476s][info][gc,heap        ] GC(100) Humongous regions: 6->6
[26.476s][info][gc,metaspace   ] GC(100) Metaspace: 69763K->69763K(1112064K)
[26.476s][info][gc             ] GC(100) Pause Young (Normal) (G1 Evacuation Pause) 214M->41M(291M) 3.564ms
[26.476s][info][gc,cpu         ] GC(100) User=0.00s Sys=0.00s Real=0.00s
[26.562s][info][gc,start       ] GC(101) Pause Young (Normal) (G1 Evacuation Pause)
[26.562s][info][gc,task        ] GC(101) Using 1 workers of 1 for evacuation
[26.565s][info][gc,phases      ] GC(101)   Pre Evacuate Collection Set: 0.0ms
[26.565s][info][gc,phases      ] GC(101)   Evacuate Collection Set: 2.2ms
[26.565s][info][gc,phases      ] GC(101)   Post Evacuate Collection Set: 0.4ms
[26.565s][info][gc,phases      ] GC(101)   Other: 0.3ms
[26.565s][info][gc,heap        ] GC(101) Eden regions: 173->0(173)
[26.565s][info][gc,heap        ] GC(101) Survivor regions: 1->1(22)
[26.565s][info][gc,heap        ] GC(101) Old regions: 36->36
[26.565s][info][gc,heap        ] GC(101) Humongous regions: 6->6
[26.565s][info][gc,metaspace   ] GC(101) Metaspace: 69763K->69763K(1112064K)
[26.565s][info][gc             ] GC(101) Pause Young (Normal) (G1 Evacuation Pause) 214M->41M(291M) 2.893ms
[26.565s][info][gc,cpu         ] GC(101) User=0.01s Sys=0.00s Real=0.00s
[26.765s][info][gc,start       ] GC(102) Pause Young (Normal) (G1 Evacuation Pause)
[26.765s][info][gc,task        ] GC(102) Using 1 workers of 1 for evacuation
[26.768s][info][gc,phases      ] GC(102)   Pre Evacuate Collection Set: 0.0ms
[26.768s][info][gc,phases      ] GC(102)   Evacuate Collection Set: 2.5ms
[26.768s][info][gc,phases      ] GC(102)   Post Evacuate Collection Set: 0.3ms
[26.768s][info][gc,phases      ] GC(102)   Other: 0.4ms
[26.768s][info][gc,heap        ] GC(102) Eden regions: 173->0(173)
[26.768s][info][gc,heap        ] GC(102) Survivor regions: 1->1(22)
[26.768s][info][gc,heap        ] GC(102) Old regions: 36->36
[26.768s][info][gc,heap        ] GC(102) Humongous regions: 11->6
[26.768s][info][gc,metaspace   ] GC(102) Metaspace: 69777K->69777K(1112064K)
[26.768s][info][gc             ] GC(102) Pause Young (Normal) (G1 Evacuation Pause) 219M->41M(291M) 3.282ms
[26.768s][info][gc,cpu         ] GC(102) User=0.00s Sys=0.00s Real=0.00s
[26.909s][info][gc,start       ] GC(103) Pause Young (Normal) (G1 Evacuation Pause)
[26.909s][info][gc,task        ] GC(103) Using 1 workers of 1 for evacuation
[26.912s][info][gc,phases      ] GC(103)   Pre Evacuate Collection Set: 0.0ms
[26.912s][info][gc,phases      ] GC(103)   Evacuate Collection Set: 2.3ms
[26.912s][info][gc,phases      ] GC(103)   Post Evacuate Collection Set: 0.3ms
[26.912s][info][gc,phases      ] GC(103)   Other: 0.3ms
[26.912s][info][gc,heap        ] GC(103) Eden regions: 173->0(173)
[26.912s][info][gc,heap        ] GC(103) Survivor regions: 1->1(22)
[26.912s][info][gc,heap        ] GC(103) Old regions: 36->36
[26.912s][info][gc,heap        ] GC(103) Humongous regions: 6->6
[26.912s][info][gc,metaspace   ] GC(103) Metaspace: 69779K->69779K(1112064K)
[26.912s][info][gc             ] GC(103) Pause Young (Normal) (G1 Evacuation Pause) 214M->41M(291M) 2.980ms
[26.912s][info][gc,cpu         ] GC(103) User=0.00s Sys=0.00s Real=0.01s
[26.994s][info][gc,start       ] GC(104) Pause Young (Normal) (G1 Evacuation Pause)
[26.994s][info][gc,task        ] GC(104) Using 1 workers of 1 for evacuation
[26.997s][info][gc,phases      ] GC(104)   Pre Evacuate Collection Set: 0.0ms
[26.997s][info][gc,phases      ] GC(104)   Evacuate Collection Set: 2.3ms
[26.997s][info][gc,phases      ] GC(104)   Post Evacuate Collection Set: 0.3ms
[26.997s][info][gc,phases      ] GC(104)   Other: 0.4ms
[26.997s][info][gc,heap        ] GC(104) Eden regions: 173->0(173)
[26.997s][info][gc,heap        ] GC(104) Survivor regions: 1->1(22)
[26.997s][info][gc,heap        ] GC(104) Old regions: 36->36
[26.997s][info][gc,heap        ] GC(104) Humongous regions: 6->6
[26.997s][info][gc,metaspace   ] GC(104) Metaspace: 69779K->69779K(1112064K)
[26.997s][info][gc             ] GC(104) Pause Young (Normal) (G1 Evacuation Pause) 214M->41M(291M) 3.108ms
[26.998s][info][gc,cpu         ] GC(104) User=0.00s Sys=0.00s Real=0.01s
[27.085s][info][gc,start       ] GC(105) Pause Young (Normal) (G1 Evacuation Pause)
[27.085s][info][gc,task        ] GC(105) Using 1 workers of 1 for evacuation
[27.088s][info][gc,phases      ] GC(105)   Pre Evacuate Collection Set: 0.0ms
[27.088s][info][gc,phases      ] GC(105)   Evacuate Collection Set: 2.5ms
[27.088s][info][gc,phases      ] GC(105)   Post Evacuate Collection Set: 0.3ms
[27.088s][info][gc,phases      ] GC(105)   Other: 0.3ms
[27.088s][info][gc,heap        ] GC(105) Eden regions: 173->0(173)
[27.088s][info][gc,heap        ] GC(105) Survivor regions: 1->1(22)
[27.088s][info][gc,heap        ] GC(105) Old regions: 36->36
[27.088s][info][gc,heap        ] GC(105) Humongous regions: 6->6
[27.088s][info][gc,metaspace   ] GC(105) Metaspace: 69779K->69779K(1112064K)
[27.088s][info][gc             ] GC(105) Pause Young (Normal) (G1 Evacuation Pause) 214M->41M(291M) 3.054ms
[27.088s][info][gc,cpu         ] GC(105) User=0.01s Sys=0.00s Real=0.00s
[27.174s][info][gc,start       ] GC(106) Pause Young (Normal) (G1 Evacuation Pause)
[27.174s][info][gc,task        ] GC(106) Using 1 workers of 1 for evacuation
[27.177s][info][gc,phases      ] GC(106)   Pre Evacuate Collection Set: 0.0ms
[27.177s][info][gc,phases      ] GC(106)   Evacuate Collection Set: 2.4ms
[27.177s][info][gc,phases      ] GC(106)   Post Evacuate Collection Set: 0.3ms
[27.177s][info][gc,phases      ] GC(106)   Other: 0.3ms
[27.177s][info][gc,heap        ] GC(106) Eden regions: 173->0(173)
[27.177s][info][gc,heap        ] GC(106) Survivor regions: 1->1(22)
[27.177s][info][gc,heap        ] GC(106) Old regions: 36->36
[27.177s][info][gc,heap        ] GC(106) Humongous regions: 6->6
[27.177s][info][gc,metaspace   ] GC(106) Metaspace: 69779K->69779K(1112064K)
[27.177s][info][gc             ] GC(106) Pause Young (Normal) (G1 Evacuation Pause) 214M->41M(291M) 3.036ms
[27.177s][info][gc,cpu         ] GC(106) User=0.00s Sys=0.00s Real=0.00s
[27.260s][info][gc,start       ] GC(107) Pause Young (Normal) (G1 Evacuation Pause)
[27.260s][info][gc,task        ] GC(107) Using 1 workers of 1 for evacuation
[27.263s][info][gc,phases      ] GC(107)   Pre Evacuate Collection Set: 0.0ms
[27.263s][info][gc,phases      ] GC(107)   Evacuate Collection Set: 2.3ms
[27.263s][info][gc,phases      ] GC(107)   Post Evacuate Collection Set: 0.3ms
[27.263s][info][gc,phases      ] GC(107)   Other: 0.2ms
[27.263s][info][gc,heap        ] GC(107) Eden regions: 173->0(173)
[27.263s][info][gc,heap        ] GC(107) Survivor regions: 1->1(22)
[27.263s][info][gc,heap        ] GC(107) Old regions: 36->36
[27.263s][info][gc,heap        ] GC(107) Humongous regions: 6->6
[27.263s][info][gc,metaspace   ] GC(107) Metaspace: 69779K->69779K(1112064K)
[27.263s][info][gc             ] GC(107) Pause Young (Normal) (G1 Evacuation Pause) 214M->41M(291M) 2.906ms
[27.263s][info][gc,cpu         ] GC(107) User=0.00s Sys=0.00s Real=0.00s
[27.350s][info][gc,start       ] GC(108) Pause Young (Normal) (G1 Evacuation Pause)
[27.350s][info][gc,task        ] GC(108) Using 1 workers of 1 for evacuation
[27.353s][info][gc,phases      ] GC(108)   Pre Evacuate Collection Set: 0.0ms
[27.353s][info][gc,phases      ] GC(108)   Evacuate Collection Set: 2.6ms
[27.353s][info][gc,phases      ] GC(108)   Post Evacuate Collection Set: 0.4ms
[27.353s][info][gc,phases      ] GC(108)   Other: 0.4ms
[27.353s][info][gc,heap        ] GC(108) Eden regions: 173->0(173)
[27.353s][info][gc,heap        ] GC(108) Survivor regions: 1->1(22)
[27.354s][info][gc,heap        ] GC(108) Old regions: 36->36
[27.354s][info][gc,heap        ] GC(108) Humongous regions: 6->6
[27.354s][info][gc,metaspace   ] GC(108) Metaspace: 69779K->69779K(1112064K)
[27.354s][info][gc             ] GC(108) Pause Young (Normal) (G1 Evacuation Pause) 214M->41M(291M) 3.460ms
[27.354s][info][gc,cpu         ] GC(108) User=0.00s Sys=0.00s Real=0.00s
[27.438s][info][gc,start       ] GC(109) Pause Young (Normal) (G1 Evacuation Pause)
[27.438s][info][gc,task        ] GC(109) Using 1 workers of 1 for evacuation
[27.440s][info][gc,phases      ] GC(109)   Pre Evacuate Collection Set: 0.0ms
[27.440s][info][gc,phases      ] GC(109)   Evacuate Collection Set: 2.3ms
[27.440s][info][gc,phases      ] GC(109)   Post Evacuate Collection Set: 0.3ms
[27.440s][info][gc,phases      ] GC(109)   Other: 0.3ms
[27.440s][info][gc,heap        ] GC(109) Eden regions: 173->0(173)
[27.440s][info][gc,heap        ] GC(109) Survivor regions: 1->1(22)
[27.440s][info][gc,heap        ] GC(109) Old regions: 36->36
[27.440s][info][gc,heap        ] GC(109) Humongous regions: 6->6
[27.440s][info][gc,metaspace   ] GC(109) Metaspace: 69779K->69779K(1112064K)
[27.440s][info][gc             ] GC(109) Pause Young (Normal) (G1 Evacuation Pause) 214M->41M(291M) 2.926ms
[27.441s][info][gc,cpu         ] GC(109) User=0.00s Sys=0.00s Real=0.01s
[27.530s][info][gc,start       ] GC(110) Pause Young (Normal) (G1 Evacuation Pause)
[27.530s][info][gc,task        ] GC(110) Using 1 workers of 1 for evacuation
[27.533s][info][gc,phases      ] GC(110)   Pre Evacuate Collection Set: 0.0ms
[27.533s][info][gc,phases      ] GC(110)   Evacuate Collection Set: 2.3ms
[27.533s][info][gc,phases      ] GC(110)   Post Evacuate Collection Set: 0.3ms
[27.533s][info][gc,phases      ] GC(110)   Other: 0.4ms
[27.533s][info][gc,heap        ] GC(110) Eden regions: 173->0(173)
[27.533s][info][gc,heap        ] GC(110) Survivor regions: 1->1(22)
[27.533s][info][gc,heap        ] GC(110) Old regions: 36->36
[27.533s][info][gc,heap        ] GC(110) Humongous regions: 6->6
[27.533s][info][gc,metaspace   ] GC(110) Metaspace: 69780K->69780K(1112064K)
[27.533s][info][gc             ] GC(110) Pause Young (Normal) (G1 Evacuation Pause) 214M->41M(291M) 2.987ms
[27.533s][info][gc,cpu         ] GC(110) User=0.01s Sys=0.00s Real=0.01s
[27.628s][info][gc,start       ] GC(111) Pause Young (Normal) (G1 Evacuation Pause)
[27.629s][info][gc,task        ] GC(111) Using 1 workers of 1 for evacuation
[27.631s][info][gc,phases      ] GC(111)   Pre Evacuate Collection Set: 0.0ms
[27.631s][info][gc,phases      ] GC(111)   Evacuate Collection Set: 2.4ms
[27.631s][info][gc,phases      ] GC(111)   Post Evacuate Collection Set: 0.3ms
[27.631s][info][gc,phases      ] GC(111)   Other: 0.3ms
[27.631s][info][gc,heap        ] GC(111) Eden regions: 173->0(173)
[27.631s][info][gc,heap        ] GC(111) Survivor regions: 1->1(22)
[27.631s][info][gc,heap        ] GC(111) Old regions: 36->36
[27.631s][info][gc,heap        ] GC(111) Humongous regions: 6->6
[27.631s][info][gc,metaspace   ] GC(111) Metaspace: 69780K->69780K(1112064K)
[27.632s][info][gc             ] GC(111) Pause Young (Normal) (G1 Evacuation Pause) 214M->41M(291M) 3.027ms
[27.632s][info][gc,cpu         ] GC(111) User=0.00s Sys=0.00s Real=0.01s
[27.834s][info][gc,start       ] GC(112) Pause Young (Normal) (G1 Evacuation Pause)
[27.834s][info][gc,task        ] GC(112) Using 1 workers of 1 for evacuation
[27.837s][info][gc,phases      ] GC(112)   Pre Evacuate Collection Set: 0.0ms
[27.837s][info][gc,phases      ] GC(112)   Evacuate Collection Set: 2.4ms
[27.837s][info][gc,phases      ] GC(112)   Post Evacuate Collection Set: 0.3ms
[27.837s][info][gc,phases      ] GC(112)   Other: 0.4ms
[27.837s][info][gc,heap        ] GC(112) Eden regions: 173->0(173)
[27.837s][info][gc,heap        ] GC(112) Survivor regions: 1->1(22)
[27.837s][info][gc,heap        ] GC(112) Old regions: 36->36
[27.837s][info][gc,heap        ] GC(112) Humongous regions: 11->6
[27.837s][info][gc,metaspace   ] GC(112) Metaspace: 69802K->69802K(1112064K)
[27.837s][info][gc             ] GC(112) Pause Young (Normal) (G1 Evacuation Pause) 219M->41M(291M) 3.166ms
[27.837s][info][gc,cpu         ] GC(112) User=0.00s Sys=0.00s Real=0.00s
[27.974s][info][gc,start       ] GC(113) Pause Young (Normal) (G1 Evacuation Pause)
[27.974s][info][gc,task        ] GC(113) Using 1 workers of 1 for evacuation
[27.977s][info][gc,phases      ] GC(113)   Pre Evacuate Collection Set: 0.0ms
[27.977s][info][gc,phases      ] GC(113)   Evacuate Collection Set: 2.2ms
[27.977s][info][gc,phases      ] GC(113)   Post Evacuate Collection Set: 0.3ms
[27.977s][info][gc,phases      ] GC(113)   Other: 0.3ms
[27.977s][info][gc,heap        ] GC(113) Eden regions: 173->0(173)
[27.977s][info][gc,heap        ] GC(113) Survivor regions: 1->1(22)
[27.977s][info][gc,heap        ] GC(113) Old regions: 36->36
[27.977s][info][gc,heap        ] GC(113) Humongous regions: 6->6
[27.977s][info][gc,metaspace   ] GC(113) Metaspace: 69804K->69804K(1112064K)
[27.977s][info][gc             ] GC(113) Pause Young (Normal) (G1 Evacuation Pause) 214M->41M(291M) 2.853ms
[27.977s][info][gc,cpu         ] GC(113) User=0.00s Sys=0.00s Real=0.00s
[28.062s][info][gc,start       ] GC(114) Pause Young (Normal) (G1 Evacuation Pause)
[28.062s][info][gc,task        ] GC(114) Using 1 workers of 1 for evacuation
[28.065s][info][gc,phases      ] GC(114)   Pre Evacuate Collection Set: 0.0ms
[28.065s][info][gc,phases      ] GC(114)   Evacuate Collection Set: 2.2ms
[28.065s][info][gc,phases      ] GC(114)   Post Evacuate Collection Set: 0.3ms
[28.065s][info][gc,phases      ] GC(114)   Other: 0.3ms
[28.065s][info][gc,heap        ] GC(114) Eden regions: 173->0(173)
[28.065s][info][gc,heap        ] GC(114) Survivor regions: 1->1(22)
[28.065s][info][gc,heap        ] GC(114) Old regions: 36->36
[28.065s][info][gc,heap        ] GC(114) Humongous regions: 6->6
[28.065s][info][gc,metaspace   ] GC(114) Metaspace: 69804K->69804K(1112064K)
[28.065s][info][gc             ] GC(114) Pause Young (Normal) (G1 Evacuation Pause) 214M->41M(291M) 2.832ms
[28.065s][info][gc,cpu         ] GC(114) User=0.00s Sys=0.00s Real=0.00s
[28.150s][info][gc,start       ] GC(115) Pause Young (Normal) (G1 Evacuation Pause)
[28.150s][info][gc,task        ] GC(115) Using 1 workers of 1 for evacuation
[28.153s][info][gc,phases      ] GC(115)   Pre Evacuate Collection Set: 0.0ms
[28.153s][info][gc,phases      ] GC(115)   Evacuate Collection Set: 2.2ms
[28.153s][info][gc,phases      ] GC(115)   Post Evacuate Collection Set: 0.3ms
[28.153s][info][gc,phases      ] GC(115)   Other: 0.3ms
[28.153s][info][gc,heap        ] GC(115) Eden regions: 173->0(173)
[28.153s][info][gc,heap        ] GC(115) Survivor regions: 1->1(22)
[28.153s][info][gc,heap        ] GC(115) Old regions: 36->36
[28.153s][info][gc,heap        ] GC(115) Humongous regions: 6->6
[28.153s][info][gc,metaspace   ] GC(115) Metaspace: 69804K->69804K(1112064K)
[28.153s][info][gc             ] GC(115) Pause Young (Normal) (G1 Evacuation Pause) 214M->41M(291M) 2.753ms
[28.153s][info][gc,cpu         ] GC(115) User=0.00s Sys=0.00s Real=0.00s
[28.235s][info][gc,start       ] GC(116) Pause Young (Normal) (G1 Evacuation Pause)
[28.235s][info][gc,task        ] GC(116) Using 1 workers of 1 for evacuation
[28.238s][info][gc,phases      ] GC(116)   Pre Evacuate Collection Set: 0.0ms
[28.238s][info][gc,phases      ] GC(116)   Evacuate Collection Set: 2.4ms
[28.238s][info][gc,phases      ] GC(116)   Post Evacuate Collection Set: 0.3ms
[28.238s][info][gc,phases      ] GC(116)   Other: 0.2ms
[28.238s][info][gc,heap        ] GC(116) Eden regions: 173->0(173)
[28.238s][info][gc,heap        ] GC(116) Survivor regions: 1->1(22)
[28.238s][info][gc,heap        ] GC(116) Old regions: 36->36
[28.238s][info][gc,heap        ] GC(116) Humongous regions: 6->6
[28.238s][info][gc,metaspace   ] GC(116) Metaspace: 69804K->69804K(1112064K)
[28.238s][info][gc             ] GC(116) Pause Young (Normal) (G1 Evacuation Pause) 214M->41M(291M) 3.154ms
[28.238s][info][gc,cpu         ] GC(116) User=0.00s Sys=0.00s Real=0.01s
[28.327s][info][gc,start       ] GC(117) Pause Young (Normal) (G1 Evacuation Pause)
[28.328s][info][gc,task        ] GC(117) Using 1 workers of 1 for evacuation
[28.330s][info][gc,phases      ] GC(117)   Pre Evacuate Collection Set: 0.0ms
[28.330s][info][gc,phases      ] GC(117)   Evacuate Collection Set: 2.4ms
[28.330s][info][gc,phases      ] GC(117)   Post Evacuate Collection Set: 0.3ms
[28.330s][info][gc,phases      ] GC(117)   Other: 0.2ms
[28.330s][info][gc,heap        ] GC(117) Eden regions: 173->0(173)
[28.331s][info][gc,heap        ] GC(117) Survivor regions: 1->1(22)
[28.331s][info][gc,heap        ] GC(117) Old regions: 36->36
[28.331s][info][gc,heap        ] GC(117) Humongous regions: 6->6
[28.331s][info][gc,metaspace   ] GC(117) Metaspace: 69804K->69804K(1112064K)
[28.331s][info][gc             ] GC(117) Pause Young (Normal) (G1 Evacuation Pause) 214M->41M(291M) 3.053ms
[28.331s][info][gc,cpu         ] GC(117) User=0.01s Sys=0.00s Real=0.01s
[28.415s][info][gc,start       ] GC(118) Pause Young (Normal) (G1 Evacuation Pause)
[28.415s][info][gc,task        ] GC(118) Using 1 workers of 1 for evacuation
[28.418s][info][gc,phases      ] GC(118)   Pre Evacuate Collection Set: 0.0ms
[28.418s][info][gc,phases      ] GC(118)   Evacuate Collection Set: 2.3ms
[28.418s][info][gc,phases      ] GC(118)   Post Evacuate Collection Set: 0.3ms
[28.418s][info][gc,phases      ] GC(118)   Other: 0.6ms
[28.418s][info][gc,heap        ] GC(118) Eden regions: 173->0(173)
[28.418s][info][gc,heap        ] GC(118) Survivor regions: 1->1(22)
[28.418s][info][gc,heap        ] GC(118) Old regions: 36->36
[28.418s][info][gc,heap        ] GC(118) Humongous regions: 6->6
[28.418s][info][gc,metaspace   ] GC(118) Metaspace: 69804K->69804K(1112064K)
[28.418s][info][gc             ] GC(118) Pause Young (Normal) (G1 Evacuation Pause) 214M->41M(291M) 3.288ms
[28.418s][info][gc,cpu         ] GC(118) User=0.00s Sys=0.00s Real=0.00s
[28.506s][info][gc,start       ] GC(119) Pause Young (Normal) (G1 Evacuation Pause)
[28.506s][info][gc,task        ] GC(119) Using 1 workers of 1 for evacuation
[28.509s][info][gc,phases      ] GC(119)   Pre Evacuate Collection Set: 0.0ms
[28.509s][info][gc,phases      ] GC(119)   Evacuate Collection Set: 2.3ms
[28.509s][info][gc,phases      ] GC(119)   Post Evacuate Collection Set: 0.3ms
[28.509s][info][gc,phases      ] GC(119)   Other: 0.3ms
[28.509s][info][gc,heap        ] GC(119) Eden regions: 173->0(173)
[28.509s][info][gc,heap        ] GC(119) Survivor regions: 1->1(22)
[28.509s][info][gc,heap        ] GC(119) Old regions: 36->36
[28.509s][info][gc,heap        ] GC(119) Humongous regions: 6->6
[28.509s][info][gc,metaspace   ] GC(119) Metaspace: 69804K->69804K(1112064K)
[28.509s][info][gc             ] GC(119) Pause Young (Normal) (G1 Evacuation Pause) 214M->41M(291M) 3.005ms
[28.509s][info][gc,cpu         ] GC(119) User=0.00s Sys=0.00s Real=0.00s
[28.592s][info][gc,start       ] GC(120) Pause Young (Normal) (G1 Evacuation Pause)
[28.592s][info][gc,task        ] GC(120) Using 1 workers of 1 for evacuation
[28.595s][info][gc,phases      ] GC(120)   Pre Evacuate Collection Set: 0.0ms
[28.595s][info][gc,phases      ] GC(120)   Evacuate Collection Set: 2.4ms
[28.595s][info][gc,phases      ] GC(120)   Post Evacuate Collection Set: 0.3ms
[28.595s][info][gc,phases      ] GC(120)   Other: 0.3ms
[28.595s][info][gc,heap        ] GC(120) Eden regions: 173->0(173)
[28.595s][info][gc,heap        ] GC(120) Survivor regions: 1->1(22)
[28.595s][info][gc,heap        ] GC(120) Old regions: 36->36
[28.595s][info][gc,heap        ] GC(120) Humongous regions: 6->6
[28.595s][info][gc,metaspace   ] GC(120) Metaspace: 69804K->69804K(1112064K)
[28.595s][info][gc             ] GC(120) Pause Young (Normal) (G1 Evacuation Pause) 214M->41M(291M) 3.039ms
[28.595s][info][gc,cpu         ] GC(120) User=0.00s Sys=0.00s Real=0.00s
[28.754s][info][gc,start       ] GC(121) Pause Young (Normal) (G1 Evacuation Pause)
[28.754s][info][gc,task        ] GC(121) Using 1 workers of 1 for evacuation
[28.757s][info][gc,phases      ] GC(121)   Pre Evacuate Collection Set: 0.0ms
[28.757s][info][gc,phases      ] GC(121)   Evacuate Collection Set: 2.5ms
[28.757s][info][gc,phases      ] GC(121)   Post Evacuate Collection Set: 0.3ms
[28.757s][info][gc,phases      ] GC(121)   Other: 0.3ms
[28.757s][info][gc,heap        ] GC(121) Eden regions: 173->0(173)
[28.757s][info][gc,heap        ] GC(121) Survivor regions: 1->1(22)
[28.757s][info][gc,heap        ] GC(121) Old regions: 36->36
[28.757s][info][gc,heap        ] GC(121) Humongous regions: 11->6
[28.757s][info][gc,metaspace   ] GC(121) Metaspace: 69812K->69812K(1112064K)
[28.757s][info][gc             ] GC(121) Pause Young (Normal) (G1 Evacuation Pause) 219M->41M(291M) 3.150ms
[28.757s][info][gc,cpu         ] GC(121) User=0.00s Sys=0.00s Real=0.00s
[28.874s][info][gc,start       ] GC(122) Pause Young (Normal) (G1 Evacuation Pause)
[28.874s][info][gc,task        ] GC(122) Using 1 workers of 1 for evacuation
[28.877s][info][gc,phases      ] GC(122)   Pre Evacuate Collection Set: 0.0ms
[28.877s][info][gc,phases      ] GC(122)   Evacuate Collection Set: 2.5ms
[28.877s][info][gc,phases      ] GC(122)   Post Evacuate Collection Set: 0.3ms
[28.877s][info][gc,phases      ] GC(122)   Other: 0.3ms
[28.877s][info][gc,heap        ] GC(122) Eden regions: 173->0(173)
[28.877s][info][gc,heap        ] GC(122) Survivor regions: 1->1(22)
[28.877s][info][gc,heap        ] GC(122) Old regions: 36->36
[28.877s][info][gc,heap        ] GC(122) Humongous regions: 6->6
[28.877s][info][gc,metaspace   ] GC(122) Metaspace: 69814K->69814K(1112064K)
[28.877s][info][gc             ] GC(122) Pause Young (Normal) (G1 Evacuation Pause) 214M->41M(291M) 3.115ms
[28.877s][info][gc,cpu         ] GC(122) User=0.01s Sys=0.00s Real=0.00s
[28.960s][info][gc,start       ] GC(123) Pause Young (Normal) (G1 Evacuation Pause)
[28.960s][info][gc,task        ] GC(123) Using 1 workers of 1 for evacuation
[28.963s][info][gc,phases      ] GC(123)   Pre Evacuate Collection Set: 0.0ms
[28.963s][info][gc,phases      ] GC(123)   Evacuate Collection Set: 2.5ms
[28.963s][info][gc,phases      ] GC(123)   Post Evacuate Collection Set: 0.3ms
[28.963s][info][gc,phases      ] GC(123)   Other: 0.5ms
[28.963s][info][gc,heap        ] GC(123) Eden regions: 173->0(173)
[28.963s][info][gc,heap        ] GC(123) Survivor regions: 1->1(22)
[28.963s][info][gc,heap        ] GC(123) Old regions: 36->36
[28.963s][info][gc,heap        ] GC(123) Humongous regions: 6->6
[28.963s][info][gc,metaspace   ] GC(123) Metaspace: 69814K->69814K(1112064K)
[28.963s][info][gc             ] GC(123) Pause Young (Normal) (G1 Evacuation Pause) 214M->41M(291M) 3.258ms
[28.963s][info][gc,cpu         ] GC(123) User=0.00s Sys=0.00s Real=0.00s
[29.050s][info][gc,start       ] GC(124) Pause Young (Normal) (G1 Evacuation Pause)
[29.050s][info][gc,task        ] GC(124) Using 1 workers of 1 for evacuation
[29.053s][info][gc,phases      ] GC(124)   Pre Evacuate Collection Set: 0.0ms
[29.053s][info][gc,phases      ] GC(124)   Evacuate Collection Set: 2.3ms
[29.053s][info][gc,phases      ] GC(124)   Post Evacuate Collection Set: 0.3ms
[29.053s][info][gc,phases      ] GC(124)   Other: 0.3ms
[29.053s][info][gc,heap        ] GC(124) Eden regions: 173->0(173)
[29.053s][info][gc,heap        ] GC(124) Survivor regions: 1->1(22)
[29.053s][info][gc,heap        ] GC(124) Old regions: 36->36
[29.053s][info][gc,heap        ] GC(124) Humongous regions: 6->6
[29.053s][info][gc,metaspace   ] GC(124) Metaspace: 69814K->69814K(1112064K)
[29.053s][info][gc             ] GC(124) Pause Young (Normal) (G1 Evacuation Pause) 214M->41M(291M) 2.933ms
[29.053s][info][gc,cpu         ] GC(124) User=0.00s Sys=0.00s Real=0.00s
[29.136s][info][gc,start       ] GC(125) Pause Young (Normal) (G1 Evacuation Pause)
[29.136s][info][gc,task        ] GC(125) Using 1 workers of 1 for evacuation
[29.139s][info][gc,phases      ] GC(125)   Pre Evacuate Collection Set: 0.0ms
[29.139s][info][gc,phases      ] GC(125)   Evacuate Collection Set: 2.4ms
[29.139s][info][gc,phases      ] GC(125)   Post Evacuate Collection Set: 0.3ms
[29.139s][info][gc,phases      ] GC(125)   Other: 0.3ms
[29.139s][info][gc,heap        ] GC(125) Eden regions: 173->0(173)
[29.139s][info][gc,heap        ] GC(125) Survivor regions: 1->1(22)
[29.139s][info][gc,heap        ] GC(125) Old regions: 36->36
[29.139s][info][gc,heap        ] GC(125) Humongous regions: 6->6
[29.139s][info][gc,metaspace   ] GC(125) Metaspace: 69814K->69814K(1112064K)
[29.139s][info][gc             ] GC(125) Pause Young (Normal) (G1 Evacuation Pause) 214M->41M(291M) 3.052ms
[29.139s][info][gc,cpu         ] GC(125) User=0.01s Sys=0.00s Real=0.01s
[29.221s][info][gc,start       ] GC(126) Pause Young (Normal) (G1 Evacuation Pause)
[29.221s][info][gc,task        ] GC(126) Using 1 workers of 1 for evacuation
[29.224s][info][gc,phases      ] GC(126)   Pre Evacuate Collection Set: 0.0ms
[29.224s][info][gc,phases      ] GC(126)   Evacuate Collection Set: 2.3ms
[29.224s][info][gc,phases      ] GC(126)   Post Evacuate Collection Set: 0.3ms
[29.224s][info][gc,phases      ] GC(126)   Other: 0.2ms
[29.224s][info][gc,heap        ] GC(126) Eden regions: 173->0(173)
[29.224s][info][gc,heap        ] GC(126) Survivor regions: 1->1(22)
[29.224s][info][gc,heap        ] GC(126) Old regions: 36->36
[29.224s][info][gc,heap        ] GC(126) Humongous regions: 6->6
[29.224s][info][gc,metaspace   ] GC(126) Metaspace: 69814K->69814K(1112064K)
[29.224s][info][gc             ] GC(126) Pause Young (Normal) (G1 Evacuation Pause) 214M->41M(291M) 2.961ms
[29.224s][info][gc,cpu         ] GC(126) User=0.00s Sys=0.00s Real=0.00s
[29.307s][info][gc,start       ] GC(127) Pause Young (Normal) (G1 Evacuation Pause)
[29.307s][info][gc,task        ] GC(127) Using 1 workers of 1 for evacuation
[29.310s][info][gc,phases      ] GC(127)   Pre Evacuate Collection Set: 0.0ms
[29.310s][info][gc,phases      ] GC(127)   Evacuate Collection Set: 2.4ms
[29.310s][info][gc,phases      ] GC(127)   Post Evacuate Collection Set: 0.3ms
[29.310s][info][gc,phases      ] GC(127)   Other: 0.3ms
[29.310s][info][gc,heap        ] GC(127) Eden regions: 173->0(173)
[29.310s][info][gc,heap        ] GC(127) Survivor regions: 1->1(22)
[29.310s][info][gc,heap        ] GC(127) Old regions: 36->36
[29.310s][info][gc,heap        ] GC(127) Humongous regions: 6->6
[29.310s][info][gc,metaspace   ] GC(127) Metaspace: 69814K->69814K(1112064K)
[29.310s][info][gc             ] GC(127) Pause Young (Normal) (G1 Evacuation Pause) 214M->41M(291M) 3.028ms
[29.310s][info][gc,cpu         ] GC(127) User=0.01s Sys=0.00s Real=0.01s
[29.395s][info][gc,start       ] GC(128) Pause Young (Normal) (G1 Evacuation Pause)
[29.395s][info][gc,task        ] GC(128) Using 1 workers of 1 for evacuation
[29.398s][info][gc,phases      ] GC(128)   Pre Evacuate Collection Set: 0.0ms
[29.398s][info][gc,phases      ] GC(128)   Evacuate Collection Set: 2.2ms
[29.398s][info][gc,phases      ] GC(128)   Post Evacuate Collection Set: 0.3ms
[29.398s][info][gc,phases      ] GC(128)   Other: 0.3ms
[29.398s][info][gc,heap        ] GC(128) Eden regions: 173->0(173)
[29.398s][info][gc,heap        ] GC(128) Survivor regions: 1->1(22)
[29.398s][info][gc,heap        ] GC(128) Old regions: 36->36
[29.398s][info][gc,heap        ] GC(128) Humongous regions: 6->6
[29.398s][info][gc,metaspace   ] GC(128) Metaspace: 69814K->69814K(1112064K)
[29.398s][info][gc             ] GC(128) Pause Young (Normal) (G1 Evacuation Pause) 214M->41M(291M) 2.854ms
[29.398s][info][gc,cpu         ] GC(128) User=0.01s Sys=0.00s Real=0.00s
[29.483s][info][gc,start       ] GC(129) Pause Young (Normal) (G1 Evacuation Pause)
[29.483s][info][gc,task        ] GC(129) Using 1 workers of 1 for evacuation
[29.486s][info][gc,phases      ] GC(129)   Pre Evacuate Collection Set: 0.0ms
[29.486s][info][gc,phases      ] GC(129)   Evacuate Collection Set: 2.3ms
[29.486s][info][gc,phases      ] GC(129)   Post Evacuate Collection Set: 0.3ms
[29.486s][info][gc,phases      ] GC(129)   Other: 0.3ms
[29.486s][info][gc,heap        ] GC(129) Eden regions: 173->0(173)
[29.486s][info][gc,heap        ] GC(129) Survivor regions: 1->1(22)
[29.486s][info][gc,heap        ] GC(129) Old regions: 36->36
[29.486s][info][gc,heap        ] GC(129) Humongous regions: 6->6
[29.486s][info][gc,metaspace   ] GC(129) Metaspace: 69814K->69814K(1112064K)
[29.486s][info][gc             ] GC(129) Pause Young (Normal) (G1 Evacuation Pause) 214M->41M(291M) 2.900ms
[29.486s][info][gc,cpu         ] GC(129) User=0.00s Sys=0.00s Real=0.00s
[29.612s][info][gc,start       ] GC(130) Pause Young (Normal) (G1 Evacuation Pause)
[29.612s][info][gc,task        ] GC(130) Using 1 workers of 1 for evacuation
[29.615s][info][gc,phases      ] GC(130)   Pre Evacuate Collection Set: 0.0ms
[29.615s][info][gc,phases      ] GC(130)   Evacuate Collection Set: 2.3ms
[29.615s][info][gc,phases      ] GC(130)   Post Evacuate Collection Set: 0.3ms
[29.615s][info][gc,phases      ] GC(130)   Other: 0.3ms
[29.615s][info][gc,heap        ] GC(130) Eden regions: 173->0(173)
[29.615s][info][gc,heap        ] GC(130) Survivor regions: 1->1(22)
[29.615s][info][gc,heap        ] GC(130) Old regions: 36->36
[29.615s][info][gc,heap        ] GC(130) Humongous regions: 11->6
[29.615s][info][gc,metaspace   ] GC(130) Metaspace: 69821K->69821K(1112064K)
[29.615s][info][gc             ] GC(130) Pause Young (Normal) (G1 Evacuation Pause) 219M->41M(291M) 2.905ms
[29.615s][info][gc,cpu         ] GC(130) User=0.00s Sys=0.00s Real=0.00s
[29.785s][info][gc,start       ] GC(131) Pause Young (Normal) (G1 Evacuation Pause)
[29.785s][info][gc,task        ] GC(131) Using 1 workers of 1 for evacuation
[29.788s][info][gc,phases      ] GC(131)   Pre Evacuate Collection Set: 0.0ms
[29.788s][info][gc,phases      ] GC(131)   Evacuate Collection Set: 2.2ms
[29.788s][info][gc,phases      ] GC(131)   Post Evacuate Collection Set: 0.3ms
[29.788s][info][gc,phases      ] GC(131)   Other: 0.4ms
[29.788s][info][gc,heap        ] GC(131) Eden regions: 173->0(173)
[29.788s][info][gc,heap        ] GC(131) Survivor regions: 1->1(22)
[29.788s][info][gc,heap        ] GC(131) Old regions: 36->36
[29.788s][info][gc,heap        ] GC(131) Humongous regions: 6->6
[29.788s][info][gc,metaspace   ] GC(131) Metaspace: 69821K->69821K(1112064K)
[29.788s][info][gc             ] GC(131) Pause Young (Normal) (G1 Evacuation Pause) 214M->41M(291M) 2.922ms
[29.788s][info][gc,cpu         ] GC(131) User=0.00s Sys=0.00s Real=0.00s
[29.874s][info][gc,start       ] GC(132) Pause Young (Normal) (G1 Evacuation Pause)
[29.874s][info][gc,task        ] GC(132) Using 1 workers of 1 for evacuation
[29.877s][info][gc,phases      ] GC(132)   Pre Evacuate Collection Set: 0.0ms
[29.877s][info][gc,phases      ] GC(132)   Evacuate Collection Set: 2.2ms
[29.877s][info][gc,phases      ] GC(132)   Post Evacuate Collection Set: 0.3ms
[29.877s][info][gc,phases      ] GC(132)   Other: 0.2ms
[29.877s][info][gc,heap        ] GC(132) Eden regions: 173->0(173)
[29.877s][info][gc,heap        ] GC(132) Survivor regions: 1->1(22)
[29.877s][info][gc,heap        ] GC(132) Old regions: 36->36
[29.877s][info][gc,heap        ] GC(132) Humongous regions: 6->6
[29.877s][info][gc,metaspace   ] GC(132) Metaspace: 69821K->69821K(1112064K)
[29.877s][info][gc             ] GC(132) Pause Young (Normal) (G1 Evacuation Pause) 214M->41M(291M) 2.847ms
[29.877s][info][gc,cpu         ] GC(132) User=0.01s Sys=0.00s Real=0.00s
[29.959s][info][gc,start       ] GC(133) Pause Young (Normal) (G1 Evacuation Pause)
[29.959s][info][gc,task        ] GC(133) Using 1 workers of 1 for evacuation
[29.962s][info][gc,phases      ] GC(133)   Pre Evacuate Collection Set: 0.0ms
[29.962s][info][gc,phases      ] GC(133)   Evacuate Collection Set: 2.3ms
[29.962s][info][gc,phases      ] GC(133)   Post Evacuate Collection Set: 0.3ms
[29.962s][info][gc,phases      ] GC(133)   Other: 0.4ms
[29.962s][info][gc,heap        ] GC(133) Eden regions: 173->0(173)
[29.962s][info][gc,heap        ] GC(133) Survivor regions: 1->1(22)
[29.962s][info][gc,heap        ] GC(133) Old regions: 36->36
[29.962s][info][gc,heap        ] GC(133) Humongous regions: 6->6
[29.962s][info][gc,metaspace   ] GC(133) Metaspace: 69821K->69821K(1112064K)
[29.962s][info][gc             ] GC(133) Pause Young (Normal) (G1 Evacuation Pause) 214M->41M(291M) 2.985ms
[29.962s][info][gc,cpu         ] GC(133) User=0.00s Sys=0.00s Real=0.00s
[30.044s][info][gc,start       ] GC(134) Pause Young (Normal) (G1 Evacuation Pause)
[30.044s][info][gc,task        ] GC(134) Using 1 workers of 1 for evacuation
[30.046s][info][gc,phases      ] GC(134)   Pre Evacuate Collection Set: 0.0ms
[30.046s][info][gc,phases      ] GC(134)   Evacuate Collection Set: 2.2ms
[30.046s][info][gc,phases      ] GC(134)   Post Evacuate Collection Set: 0.3ms
[30.046s][info][gc,phases      ] GC(134)   Other: 0.2ms
[30.046s][info][gc,heap        ] GC(134) Eden regions: 173->0(173)
[30.046s][info][gc,heap        ] GC(134) Survivor regions: 1->1(22)
[30.046s][info][gc,heap        ] GC(134) Old regions: 36->36
[30.046s][info][gc,heap        ] GC(134) Humongous regions: 6->6
[30.046s][info][gc,metaspace   ] GC(134) Metaspace: 69821K->69821K(1112064K)
[30.046s][info][gc             ] GC(134) Pause Young (Normal) (G1 Evacuation Pause) 214M->41M(291M) 2.772ms
[30.046s][info][gc,cpu         ] GC(134) User=0.00s Sys=0.00s Real=0.00s
[30.128s][info][gc,start       ] GC(135) Pause Young (Normal) (G1 Evacuation Pause)
[30.128s][info][gc,task        ] GC(135) Using 1 workers of 1 for evacuation
[30.131s][info][gc,phases      ] GC(135)   Pre Evacuate Collection Set: 0.0ms
[30.131s][info][gc,phases      ] GC(135)   Evacuate Collection Set: 2.2ms
[30.131s][info][gc,phases      ] GC(135)   Post Evacuate Collection Set: 0.3ms
[30.131s][info][gc,phases      ] GC(135)   Other: 0.2ms
[30.131s][info][gc,heap        ] GC(135) Eden regions: 173->0(173)
[30.131s][info][gc,heap        ] GC(135) Survivor regions: 1->1(22)
[30.131s][info][gc,heap        ] GC(135) Old regions: 36->36
[30.131s][info][gc,heap        ] GC(135) Humongous regions: 6->6
[30.131s][info][gc,metaspace   ] GC(135) Metaspace: 69821K->69821K(1112064K)
[30.131s][info][gc             ] GC(135) Pause Young (Normal) (G1 Evacuation Pause) 214M->41M(291M) 2.811ms
[30.131s][info][gc,cpu         ] GC(135) User=0.00s Sys=0.00s Real=0.01s
[30.213s][info][gc,start       ] GC(136) Pause Young (Normal) (G1 Evacuation Pause)
[30.213s][info][gc,task        ] GC(136) Using 1 workers of 1 for evacuation
[30.216s][info][gc,phases      ] GC(136)   Pre Evacuate Collection Set: 0.0ms
[30.216s][info][gc,phases      ] GC(136)   Evacuate Collection Set: 2.2ms
[30.216s][info][gc,phases      ] GC(136)   Post Evacuate Collection Set: 0.3ms
[30.216s][info][gc,phases      ] GC(136)   Other: 0.3ms
[30.216s][info][gc,heap        ] GC(136) Eden regions: 173->0(173)
[30.216s][info][gc,heap        ] GC(136) Survivor regions: 1->1(22)
[30.216s][info][gc,heap        ] GC(136) Old regions: 36->36
[30.216s][info][gc,heap        ] GC(136) Humongous regions: 6->6
[30.216s][info][gc,metaspace   ] GC(136) Metaspace: 69821K->69821K(1112064K)
[30.216s][info][gc             ] GC(136) Pause Young (Normal) (G1 Evacuation Pause) 214M->41M(291M) 2.795ms
[30.216s][info][gc,cpu         ] GC(136) User=0.00s Sys=0.00s Real=0.00s
[30.300s][info][gc,start       ] GC(137) Pause Young (Normal) (G1 Evacuation Pause)
[30.300s][info][gc,task        ] GC(137) Using 1 workers of 1 for evacuation
[30.303s][info][gc,phases      ] GC(137)   Pre Evacuate Collection Set: 0.0ms
[30.303s][info][gc,phases      ] GC(137)   Evacuate Collection Set: 2.4ms
[30.303s][info][gc,phases      ] GC(137)   Post Evacuate Collection Set: 0.3ms
[30.303s][info][gc,phases      ] GC(137)   Other: 0.3ms
[30.303s][info][gc,heap        ] GC(137) Eden regions: 173->0(173)
[30.303s][info][gc,heap        ] GC(137) Survivor regions: 1->1(22)
[30.303s][info][gc,heap        ] GC(137) Old regions: 36->36
[30.303s][info][gc,heap        ] GC(137) Humongous regions: 6->6
[30.303s][info][gc,metaspace   ] GC(137) Metaspace: 69821K->69821K(1112064K)
[30.303s][info][gc             ] GC(137) Pause Young (Normal) (G1 Evacuation Pause) 214M->41M(291M) 3.048ms
[30.303s][info][gc,cpu         ] GC(137) User=0.00s Sys=0.00s Real=0.00s
[30.388s][info][gc,start       ] GC(138) Pause Young (Normal) (G1 Evacuation Pause)
[30.388s][info][gc,task        ] GC(138) Using 1 workers of 1 for evacuation
[30.391s][info][gc,phases      ] GC(138)   Pre Evacuate Collection Set: 0.0ms
[30.391s][info][gc,phases      ] GC(138)   Evacuate Collection Set: 2.3ms
[30.391s][info][gc,phases      ] GC(138)   Post Evacuate Collection Set: 0.3ms
[30.391s][info][gc,phases      ] GC(138)   Other: 0.3ms
[30.391s][info][gc,heap        ] GC(138) Eden regions: 173->0(173)
[30.391s][info][gc,heap        ] GC(138) Survivor regions: 1->1(22)
[30.391s][info][gc,heap        ] GC(138) Old regions: 36->36
[30.391s][info][gc,heap        ] GC(138) Humongous regions: 6->6
[30.391s][info][gc,metaspace   ] GC(138) Metaspace: 69821K->69821K(1112064K)
[30.391s][info][gc             ] GC(138) Pause Young (Normal) (G1 Evacuation Pause) 214M->41M(291M) 3.000ms
[30.391s][info][gc,cpu         ] GC(138) User=0.00s Sys=0.00s Real=0.01s
[30.477s][info][gc,start       ] GC(139) Pause Young (Normal) (G1 Evacuation Pause)
[30.477s][info][gc,task        ] GC(139) Using 1 workers of 1 for evacuation
[30.480s][info][gc,phases      ] GC(139)   Pre Evacuate Collection Set: 0.0ms
[30.480s][info][gc,phases      ] GC(139)   Evacuate Collection Set: 2.5ms
[30.480s][info][gc,phases      ] GC(139)   Post Evacuate Collection Set: 0.3ms
[30.480s][info][gc,phases      ] GC(139)   Other: 0.4ms
[30.480s][info][gc,heap        ] GC(139) Eden regions: 173->0(173)
[30.480s][info][gc,heap        ] GC(139) Survivor regions: 1->1(22)
[30.480s][info][gc,heap        ] GC(139) Old regions: 36->36
[30.480s][info][gc,heap        ] GC(139) Humongous regions: 6->6
[30.480s][info][gc,metaspace   ] GC(139) Metaspace: 69821K->69821K(1112064K)
[30.480s][info][gc             ] GC(139) Pause Young (Normal) (G1 Evacuation Pause) 214M->41M(291M) 3.185ms
[30.480s][info][gc,cpu         ] GC(139) User=0.01s Sys=0.00s Real=0.01s
[30.642s][info][gc,start       ] GC(140) Pause Young (Normal) (G1 Evacuation Pause)
[30.642s][info][gc,task        ] GC(140) Using 1 workers of 1 for evacuation
[30.645s][info][gc,phases      ] GC(140)   Pre Evacuate Collection Set: 0.0ms
[30.645s][info][gc,phases      ] GC(140)   Evacuate Collection Set: 2.5ms
[30.645s][info][gc,phases      ] GC(140)   Post Evacuate Collection Set: 0.3ms
[30.645s][info][gc,phases      ] GC(140)   Other: 0.3ms
[30.645s][info][gc,heap        ] GC(140) Eden regions: 173->0(173)
[30.645s][info][gc,heap        ] GC(140) Survivor regions: 1->1(22)
[30.645s][info][gc,heap        ] GC(140) Old regions: 36->36
[30.645s][info][gc,heap        ] GC(140) Humongous regions: 11->6
[30.645s][info][gc,metaspace   ] GC(140) Metaspace: 69832K->69832K(1112064K)
[30.645s][info][gc             ] GC(140) Pause Young (Normal) (G1 Evacuation Pause) 219M->41M(291M) 3.131ms
[30.645s][info][gc,cpu         ] GC(140) User=0.01s Sys=0.00s Real=0.00s
[30.728s][info][gc,start       ] GC(141) Pause Young (Normal) (G1 Evacuation Pause)
[30.728s][info][gc,task        ] GC(141) Using 1 workers of 1 for evacuation
[30.731s][info][gc,phases      ] GC(141)   Pre Evacuate Collection Set: 0.0ms
[30.731s][info][gc,phases      ] GC(141)   Evacuate Collection Set: 2.4ms
[30.731s][info][gc,phases      ] GC(141)   Post Evacuate Collection Set: 0.3ms
[30.731s][info][gc,phases      ] GC(141)   Other: 0.3ms
[30.731s][info][gc,heap        ] GC(141) Eden regions: 173->0(173)
[30.731s][info][gc,heap        ] GC(141) Survivor regions: 1->1(22)
[30.731s][info][gc,heap        ] GC(141) Old regions: 36->36
[30.731s][info][gc,heap        ] GC(141) Humongous regions: 6->6
[30.731s][info][gc,metaspace   ] GC(141) Metaspace: 69835K->69835K(1112064K)
[30.731s][info][gc             ] GC(141) Pause Young (Normal) (G1 Evacuation Pause) 214M->41M(291M) 3.146ms
[30.731s][info][gc,cpu         ] GC(141) User=0.00s Sys=0.00s Real=0.01s
[30.814s][info][gc,start       ] GC(142) Pause Young (Normal) (G1 Evacuation Pause)
[30.814s][info][gc,task        ] GC(142) Using 1 workers of 1 for evacuation
[30.817s][info][gc,phases      ] GC(142)   Pre Evacuate Collection Set: 0.0ms
[30.817s][info][gc,phases      ] GC(142)   Evacuate Collection Set: 2.3ms
[30.817s][info][gc,phases      ] GC(142)   Post Evacuate Collection Set: 0.3ms
[30.817s][info][gc,phases      ] GC(142)   Other: 0.2ms
[30.817s][info][gc,heap        ] GC(142) Eden regions: 173->0(173)
[30.817s][info][gc,heap        ] GC(142) Survivor regions: 1->1(22)
[30.817s][info][gc,heap        ] GC(142) Old regions: 36->36
[30.817s][info][gc,heap        ] GC(142) Humongous regions: 6->6
[30.817s][info][gc,metaspace   ] GC(142) Metaspace: 69835K->69835K(1112064K)
[30.817s][info][gc             ] GC(142) Pause Young (Normal) (G1 Evacuation Pause) 214M->41M(291M) 2.842ms
[30.817s][info][gc,cpu         ] GC(142) User=0.01s Sys=0.00s Real=0.00s
[30.898s][info][gc,start       ] GC(143) Pause Young (Normal) (G1 Evacuation Pause)
[30.898s][info][gc,task        ] GC(143) Using 1 workers of 1 for evacuation
[30.901s][info][gc,phases      ] GC(143)   Pre Evacuate Collection Set: 0.0ms
[30.901s][info][gc,phases      ] GC(143)   Evacuate Collection Set: 2.3ms
[30.901s][info][gc,phases      ] GC(143)   Post Evacuate Collection Set: 0.3ms
[30.901s][info][gc,phases      ] GC(143)   Other: 0.3ms
[30.901s][info][gc,heap        ] GC(143) Eden regions: 173->0(173)
[30.901s][info][gc,heap        ] GC(143) Survivor regions: 1->1(22)
[30.901s][info][gc,heap        ] GC(143) Old regions: 36->36
[30.901s][info][gc,heap        ] GC(143) Humongous regions: 6->6
[30.901s][info][gc,metaspace   ] GC(143) Metaspace: 69835K->69835K(1112064K)
[30.901s][info][gc             ] GC(143) Pause Young (Normal) (G1 Evacuation Pause) 214M->41M(291M) 2.881ms
[30.901s][info][gc,cpu         ] GC(143) User=0.00s Sys=0.00s Real=0.00s
[30.982s][info][gc,start       ] GC(144) Pause Young (Normal) (G1 Evacuation Pause)
[30.982s][info][gc,task        ] GC(144) Using 1 workers of 1 for evacuation
[30.985s][info][gc,phases      ] GC(144)   Pre Evacuate Collection Set: 0.0ms
[30.985s][info][gc,phases      ] GC(144)   Evacuate Collection Set: 2.3ms
[30.985s][info][gc,phases      ] GC(144)   Post Evacuate Collection Set: 0.3ms
[30.985s][info][gc,phases      ] GC(144)   Other: 0.3ms
[30.985s][info][gc,heap        ] GC(144) Eden regions: 173->0(173)
[30.985s][info][gc,heap        ] GC(144) Survivor regions: 1->1(22)
[30.985s][info][gc,heap        ] GC(144) Old regions: 36->36
[30.985s][info][gc,heap        ] GC(144) Humongous regions: 6->6
[30.985s][info][gc,metaspace   ] GC(144) Metaspace: 69835K->69835K(1112064K)
[30.985s][info][gc             ] GC(144) Pause Young (Normal) (G1 Evacuation Pause) 214M->41M(291M) 2.952ms
[30.985s][info][gc,cpu         ] GC(144) User=0.00s Sys=0.00s Real=0.00s
[31.068s][info][gc,start       ] GC(145) Pause Young (Normal) (G1 Evacuation Pause)
[31.068s][info][gc,task        ] GC(145) Using 1 workers of 1 for evacuation
[31.071s][info][gc,phases      ] GC(145)   Pre Evacuate Collection Set: 0.0ms
[31.071s][info][gc,phases      ] GC(145)   Evacuate Collection Set: 2.4ms
[31.071s][info][gc,phases      ] GC(145)   Post Evacuate Collection Set: 0.3ms
[31.071s][info][gc,phases      ] GC(145)   Other: 0.3ms
[31.071s][info][gc,heap        ] GC(145) Eden regions: 173->0(173)
[31.071s][info][gc,heap        ] GC(145) Survivor regions: 1->1(22)
[31.071s][info][gc,heap        ] GC(145) Old regions: 36->36
[31.071s][info][gc,heap        ] GC(145) Humongous regions: 6->6
[31.071s][info][gc,metaspace   ] GC(145) Metaspace: 69835K->69835K(1112064K)
[31.071s][info][gc             ] GC(145) Pause Young (Normal) (G1 Evacuation Pause) 214M->41M(291M) 2.985ms
[31.071s][info][gc,cpu         ] GC(145) User=0.00s Sys=0.00s Real=0.01s
[31.151s][info][gc,start       ] GC(146) Pause Young (Normal) (G1 Evacuation Pause)
[31.151s][info][gc,task        ] GC(146) Using 1 workers of 1 for evacuation
[31.154s][info][gc,phases      ] GC(146)   Pre Evacuate Collection Set: 0.0ms
[31.154s][info][gc,phases      ] GC(146)   Evacuate Collection Set: 2.3ms
[31.154s][info][gc,phases      ] GC(146)   Post Evacuate Collection Set: 0.3ms
[31.154s][info][gc,phases      ] GC(146)   Other: 0.3ms
[31.154s][info][gc,heap        ] GC(146) Eden regions: 173->0(173)
[31.154s][info][gc,heap        ] GC(146) Survivor regions: 1->1(22)
[31.154s][info][gc,heap        ] GC(146) Old regions: 36->36
[31.154s][info][gc,heap        ] GC(146) Humongous regions: 6->6
[31.154s][info][gc,metaspace   ] GC(146) Metaspace: 69835K->69835K(1112064K)
[31.154s][info][gc             ] GC(146) Pause Young (Normal) (G1 Evacuation Pause) 214M->41M(291M) 2.972ms
[31.154s][info][gc,cpu         ] GC(146) User=0.00s Sys=0.00s Real=0.00s
[31.237s][info][gc,start       ] GC(147) Pause Young (Normal) (G1 Evacuation Pause)
[31.237s][info][gc,task        ] GC(147) Using 1 workers of 1 for evacuation
[31.240s][info][gc,phases      ] GC(147)   Pre Evacuate Collection Set: 0.0ms
[31.240s][info][gc,phases      ] GC(147)   Evacuate Collection Set: 2.2ms
[31.240s][info][gc,phases      ] GC(147)   Post Evacuate Collection Set: 0.3ms
[31.240s][info][gc,phases      ] GC(147)   Other: 0.2ms
[31.240s][info][gc,heap        ] GC(147) Eden regions: 173->0(173)
[31.240s][info][gc,heap        ] GC(147) Survivor regions: 1->1(22)
[31.240s][info][gc,heap        ] GC(147) Old regions: 36->36
[31.240s][info][gc,heap        ] GC(147) Humongous regions: 6->6
[31.240s][info][gc,metaspace   ] GC(147) Metaspace: 69835K->69835K(1112064K)
[31.240s][info][gc             ] GC(147) Pause Young (Normal) (G1 Evacuation Pause) 214M->41M(291M) 2.881ms
[31.240s][info][gc,cpu         ] GC(147) User=0.00s Sys=0.00s Real=0.00s
[31.321s][info][gc,start       ] GC(148) Pause Young (Normal) (G1 Evacuation Pause)
[31.321s][info][gc,task        ] GC(148) Using 1 workers of 1 for evacuation
[31.325s][info][gc,phases      ] GC(148)   Pre Evacuate Collection Set: 0.0ms
[31.325s][info][gc,phases      ] GC(148)   Evacuate Collection Set: 3.2ms
[31.325s][info][gc,phases      ] GC(148)   Post Evacuate Collection Set: 0.5ms
[31.325s][info][gc,phases      ] GC(148)   Other: 0.3ms
[31.325s][info][gc,heap        ] GC(148) Eden regions: 173->0(173)
[31.325s][info][gc,heap        ] GC(148) Survivor regions: 1->1(22)
[31.325s][info][gc,heap        ] GC(148) Old regions: 36->36
[31.325s][info][gc,heap        ] GC(148) Humongous regions: 6->6
[31.325s][info][gc,metaspace   ] GC(148) Metaspace: 69835K->69835K(1112064K)
[31.325s][info][gc             ] GC(148) Pause Young (Normal) (G1 Evacuation Pause) 214M->41M(291M) 4.005ms
[31.325s][info][gc,cpu         ] GC(148) User=0.00s Sys=0.00s Real=0.00s
[31.468s][info][gc,start       ] GC(149) Pause Young (Normal) (G1 Evacuation Pause)
[31.468s][info][gc,task        ] GC(149) Using 1 workers of 1 for evacuation
[31.471s][info][gc,phases      ] GC(149)   Pre Evacuate Collection Set: 0.0ms
[31.471s][info][gc,phases      ] GC(149)   Evacuate Collection Set: 2.2ms
[31.471s][info][gc,phases      ] GC(149)   Post Evacuate Collection Set: 0.3ms
[31.471s][info][gc,phases      ] GC(149)   Other: 0.4ms
[31.471s][info][gc,heap        ] GC(149) Eden regions: 173->0(173)
[31.471s][info][gc,heap        ] GC(149) Survivor regions: 1->1(22)
[31.471s][info][gc,heap        ] GC(149) Old regions: 36->36
[31.471s][info][gc,heap        ] GC(149) Humongous regions: 11->6
[31.471s][info][gc,metaspace   ] GC(149) Metaspace: 69850K->69850K(1112064K)
[31.471s][info][gc             ] GC(149) Pause Young (Normal) (G1 Evacuation Pause) 219M->41M(291M) 3.018ms
[31.471s][info][gc,cpu         ] GC(149) User=0.00s Sys=0.00s Real=0.01s
[31.573s][info][gc,start       ] GC(150) Pause Young (Normal) (G1 Evacuation Pause)
[31.573s][info][gc,task        ] GC(150) Using 1 workers of 1 for evacuation
[31.575s][info][gc,phases      ] GC(150)   Pre Evacuate Collection Set: 0.0ms
[31.576s][info][gc,phases      ] GC(150)   Evacuate Collection Set: 2.1ms
[31.576s][info][gc,phases      ] GC(150)   Post Evacuate Collection Set: 0.3ms
[31.576s][info][gc,phases      ] GC(150)   Other: 0.2ms
[31.576s][info][gc,heap        ] GC(150) Eden regions: 173->0(173)
[31.576s][info][gc,heap        ] GC(150) Survivor regions: 1->1(22)
[31.576s][info][gc,heap        ] GC(150) Old regions: 36->36
[31.576s][info][gc,heap        ] GC(150) Humongous regions: 6->6
[31.576s][info][gc,metaspace   ] GC(150) Metaspace: 69857K->69857K(1112064K)
[31.576s][info][gc             ] GC(150) Pause Young (Normal) (G1 Evacuation Pause) 214M->41M(291M) 2.703ms
[31.576s][info][gc,cpu         ] GC(150) User=0.00s Sys=0.00s Real=0.00s
[31.662s][info][gc,start       ] GC(151) Pause Young (Normal) (G1 Evacuation Pause)
[31.662s][info][gc,task        ] GC(151) Using 1 workers of 1 for evacuation
[31.665s][info][gc,phases      ] GC(151)   Pre Evacuate Collection Set: 0.0ms
[31.665s][info][gc,phases      ] GC(151)   Evacuate Collection Set: 2.1ms
[31.665s][info][gc,phases      ] GC(151)   Post Evacuate Collection Set: 0.3ms
[31.665s][info][gc,phases      ] GC(151)   Other: 0.2ms
[31.665s][info][gc,heap        ] GC(151) Eden regions: 173->0(173)
[31.665s][info][gc,heap        ] GC(151) Survivor regions: 1->1(22)
[31.665s][info][gc,heap        ] GC(151) Old regions: 36->36
[31.665s][info][gc,heap        ] GC(151) Humongous regions: 6->6
[31.665s][info][gc,metaspace   ] GC(151) Metaspace: 69857K->69857K(1112064K)
[31.665s][info][gc             ] GC(151) Pause Young (Normal) (G1 Evacuation Pause) 214M->41M(291M) 2.708ms
[31.665s][info][gc,cpu         ] GC(151) User=0.00s Sys=0.00s Real=0.00s
[31.755s][info][gc,start       ] GC(152) Pause Young (Normal) (G1 Evacuation Pause)
[31.755s][info][gc,task        ] GC(152) Using 1 workers of 1 for evacuation
[31.760s][info][gc,phases      ] GC(152)   Pre Evacuate Collection Set: 0.0ms
[31.760s][info][gc,phases      ] GC(152)   Evacuate Collection Set: 4.5ms
[31.760s][info][gc,phases      ] GC(152)   Post Evacuate Collection Set: 0.3ms
[31.760s][info][gc,phases      ] GC(152)   Other: 0.3ms
[31.760s][info][gc,heap        ] GC(152) Eden regions: 173->0(173)
[31.760s][info][gc,heap        ] GC(152) Survivor regions: 1->1(22)
[31.760s][info][gc,heap        ] GC(152) Old regions: 36->36
[31.760s][info][gc,heap        ] GC(152) Humongous regions: 6->6
[31.760s][info][gc,metaspace   ] GC(152) Metaspace: 69857K->69857K(1112064K)
[31.760s][info][gc             ] GC(152) Pause Young (Normal) (G1 Evacuation Pause) 214M->41M(291M) 5.084ms
[31.760s][info][gc,cpu         ] GC(152) User=0.00s Sys=0.00s Real=0.01s
[31.842s][info][gc,start       ] GC(153) Pause Young (Normal) (G1 Evacuation Pause)
[31.842s][info][gc,task        ] GC(153) Using 1 workers of 1 for evacuation
[31.845s][info][gc,phases      ] GC(153)   Pre Evacuate Collection Set: 0.0ms
[31.845s][info][gc,phases      ] GC(153)   Evacuate Collection Set: 2.2ms
[31.845s][info][gc,phases      ] GC(153)   Post Evacuate Collection Set: 0.3ms
[31.845s][info][gc,phases      ] GC(153)   Other: 0.3ms
[31.845s][info][gc,heap        ] GC(153) Eden regions: 173->0(173)
[31.845s][info][gc,heap        ] GC(153) Survivor regions: 1->1(22)
[31.845s][info][gc,heap        ] GC(153) Old regions: 36->36
[31.845s][info][gc,heap        ] GC(153) Humongous regions: 6->6
[31.845s][info][gc,metaspace   ] GC(153) Metaspace: 69857K->69857K(1112064K)
[31.845s][info][gc             ] GC(153) Pause Young (Normal) (G1 Evacuation Pause) 214M->41M(291M) 2.764ms
[31.845s][info][gc,cpu         ] GC(153) User=0.00s Sys=0.00s Real=0.00s
[31.927s][info][gc,start       ] GC(154) Pause Young (Normal) (G1 Evacuation Pause)
[31.927s][info][gc,task        ] GC(154) Using 1 workers of 1 for evacuation
[31.930s][info][gc,phases      ] GC(154)   Pre Evacuate Collection Set: 0.0ms
[31.930s][info][gc,phases      ] GC(154)   Evacuate Collection Set: 2.3ms
[31.930s][info][gc,phases      ] GC(154)   Post Evacuate Collection Set: 0.3ms
[31.930s][info][gc,phases      ] GC(154)   Other: 0.3ms
[31.930s][info][gc,heap        ] GC(154) Eden regions: 173->0(173)
[31.930s][info][gc,heap        ] GC(154) Survivor regions: 1->1(22)
[31.930s][info][gc,heap        ] GC(154) Old regions: 36->36
[31.930s][info][gc,heap        ] GC(154) Humongous regions: 6->6
[31.930s][info][gc,metaspace   ] GC(154) Metaspace: 69857K->69857K(1112064K)
[31.930s][info][gc             ] GC(154) Pause Young (Normal) (G1 Evacuation Pause) 214M->41M(291M) 2.916ms
[31.930s][info][gc,cpu         ] GC(154) User=0.00s Sys=0.00s Real=0.01s
[32.013s][info][gc,start       ] GC(155) Pause Young (Normal) (G1 Evacuation Pause)
[32.013s][info][gc,task        ] GC(155) Using 1 workers of 1 for evacuation
[32.016s][info][gc,phases      ] GC(155)   Pre Evacuate Collection Set: 0.0ms
[32.016s][info][gc,phases      ] GC(155)   Evacuate Collection Set: 2.3ms
[32.016s][info][gc,phases      ] GC(155)   Post Evacuate Collection Set: 0.3ms
[32.016s][info][gc,phases      ] GC(155)   Other: 0.3ms
[32.016s][info][gc,heap        ] GC(155) Eden regions: 173->0(173)
[32.016s][info][gc,heap        ] GC(155) Survivor regions: 1->1(22)
[32.016s][info][gc,heap        ] GC(155) Old regions: 36->37
[32.016s][info][gc,heap        ] GC(155) Humongous regions: 6->6
[32.016s][info][gc,metaspace   ] GC(155) Metaspace: 69857K->69857K(1112064K)
[32.016s][info][gc             ] GC(155) Pause Young (Normal) (G1 Evacuation Pause) 214M->41M(291M) 2.962ms
[32.016s][info][gc,cpu         ] GC(155) User=0.00s Sys=0.00s Real=0.00s
[32.100s][info][gc,start       ] GC(156) Pause Young (Normal) (G1 Evacuation Pause)
[32.100s][info][gc,task        ] GC(156) Using 1 workers of 1 for evacuation
[32.103s][info][gc,phases      ] GC(156)   Pre Evacuate Collection Set: 0.0ms
[32.103s][info][gc,phases      ] GC(156)   Evacuate Collection Set: 2.3ms
[32.103s][info][gc,phases      ] GC(156)   Post Evacuate Collection Set: 0.3ms
[32.103s][info][gc,phases      ] GC(156)   Other: 0.3ms
[32.103s][info][gc,heap        ] GC(156) Eden regions: 173->0(173)
[32.103s][info][gc,heap        ] GC(156) Survivor regions: 1->1(22)
[32.103s][info][gc,heap        ] GC(156) Old regions: 37->37
[32.103s][info][gc,heap        ] GC(156) Humongous regions: 6->6
[32.103s][info][gc,metaspace   ] GC(156) Metaspace: 69857K->69857K(1112064K)
[32.103s][info][gc             ] GC(156) Pause Young (Normal) (G1 Evacuation Pause) 214M->41M(291M) 2.859ms
[32.103s][info][gc,cpu         ] GC(156) User=0.01s Sys=0.00s Real=0.00s
[32.186s][info][gc,start       ] GC(157) Pause Young (Normal) (G1 Evacuation Pause)
[32.186s][info][gc,task        ] GC(157) Using 1 workers of 1 for evacuation
[32.188s][info][gc,phases      ] GC(157)   Pre Evacuate Collection Set: 0.0ms
[32.188s][info][gc,phases      ] GC(157)   Evacuate Collection Set: 2.3ms
[32.188s][info][gc,phases      ] GC(157)   Post Evacuate Collection Set: 0.3ms
[32.188s][info][gc,phases      ] GC(157)   Other: 0.3ms
[32.188s][info][gc,heap        ] GC(157) Eden regions: 173->0(173)
[32.188s][info][gc,heap        ] GC(157) Survivor regions: 1->1(22)
[32.188s][info][gc,heap        ] GC(157) Old regions: 37->37
[32.188s][info][gc,heap        ] GC(157) Humongous regions: 6->6
[32.188s][info][gc,metaspace   ] GC(157) Metaspace: 69857K->69857K(1112064K)
[32.188s][info][gc             ] GC(157) Pause Young (Normal) (G1 Evacuation Pause) 214M->41M(291M) 2.895ms
[32.189s][info][gc,cpu         ] GC(157) User=0.00s Sys=0.00s Real=0.00s
[32.273s][info][gc,start       ] GC(158) Pause Young (Normal) (G1 Evacuation Pause)
[32.273s][info][gc,task        ] GC(158) Using 1 workers of 1 for evacuation
[32.276s][info][gc,phases      ] GC(158)   Pre Evacuate Collection Set: 0.0ms
[32.276s][info][gc,phases      ] GC(158)   Evacuate Collection Set: 2.5ms
[32.276s][info][gc,phases      ] GC(158)   Post Evacuate Collection Set: 0.3ms
[32.276s][info][gc,phases      ] GC(158)   Other: 0.2ms
[32.276s][info][gc,heap        ] GC(158) Eden regions: 173->0(173)
[32.276s][info][gc,heap        ] GC(158) Survivor regions: 1->1(22)
[32.276s][info][gc,heap        ] GC(158) Old regions: 37->37
[32.276s][info][gc,heap        ] GC(158) Humongous regions: 6->6
[32.276s][info][gc,metaspace   ] GC(158) Metaspace: 69857K->69857K(1112064K)
[32.276s][info][gc             ] GC(158) Pause Young (Normal) (G1 Evacuation Pause) 214M->41M(291M) 3.225ms
[32.276s][info][gc,cpu         ] GC(158) User=0.01s Sys=0.00s Real=0.00s
[32.416s][info][gc,start       ] GC(159) Pause Young (Normal) (G1 Evacuation Pause)
[32.416s][info][gc,task        ] GC(159) Using 1 workers of 1 for evacuation
[32.419s][info][gc,phases      ] GC(159)   Pre Evacuate Collection Set: 0.0ms
[32.419s][info][gc,phases      ] GC(159)   Evacuate Collection Set: 2.6ms
[32.419s][info][gc,phases      ] GC(159)   Post Evacuate Collection Set: 0.3ms
[32.419s][info][gc,phases      ] GC(159)   Other: 0.3ms
[32.419s][info][gc,heap        ] GC(159) Eden regions: 173->0(173)
[32.419s][info][gc,heap        ] GC(159) Survivor regions: 1->1(22)
[32.419s][info][gc,heap        ] GC(159) Old regions: 37->37
[32.419s][info][gc,heap        ] GC(159) Humongous regions: 11->6
[32.419s][info][gc,metaspace   ] GC(159) Metaspace: 69871K->69871K(1112064K)
[32.419s][info][gc             ] GC(159) Pause Young (Normal) (G1 Evacuation Pause) 219M->41M(291M) 3.222ms
[32.419s][info][gc,cpu         ] GC(159) User=0.01s Sys=0.00s Real=0.01s
[32.505s][info][gc,start       ] GC(160) Pause Young (Normal) (G1 Evacuation Pause)
[32.505s][info][gc,task        ] GC(160) Using 1 workers of 1 for evacuation
[32.508s][info][gc,phases      ] GC(160)   Pre Evacuate Collection Set: 0.0ms
[32.508s][info][gc,phases      ] GC(160)   Evacuate Collection Set: 2.4ms
[32.508s][info][gc,phases      ] GC(160)   Post Evacuate Collection Set: 0.3ms
[32.508s][info][gc,phases      ] GC(160)   Other: 0.3ms
[32.508s][info][gc,heap        ] GC(160) Eden regions: 173->0(173)
[32.508s][info][gc,heap        ] GC(160) Survivor regions: 1->1(22)
[32.508s][info][gc,heap        ] GC(160) Old regions: 37->37
[32.508s][info][gc,heap        ] GC(160) Humongous regions: 6->6
[32.508s][info][gc,metaspace   ] GC(160) Metaspace: 69876K->69876K(1112064K)
[32.508s][info][gc             ] GC(160) Pause Young (Normal) (G1 Evacuation Pause) 214M->41M(291M) 2.968ms
[32.508s][info][gc,cpu         ] GC(160) User=0.00s Sys=0.00s Real=0.00s
[32.588s][info][gc,start       ] GC(161) Pause Young (Normal) (G1 Evacuation Pause)
[32.588s][info][gc,task        ] GC(161) Using 1 workers of 1 for evacuation
[32.591s][info][gc,phases      ] GC(161)   Pre Evacuate Collection Set: 0.0ms
[32.591s][info][gc,phases      ] GC(161)   Evacuate Collection Set: 2.6ms
[32.591s][info][gc,phases      ] GC(161)   Post Evacuate Collection Set: 0.3ms
[32.592s][info][gc,phases      ] GC(161)   Other: 0.3ms
[32.592s][info][gc,heap        ] GC(161) Eden regions: 173->0(173)
[32.592s][info][gc,heap        ] GC(161) Survivor regions: 1->1(22)
[32.592s][info][gc,heap        ] GC(161) Old regions: 37->37
[32.592s][info][gc,heap        ] GC(161) Humongous regions: 6->6
[32.592s][info][gc,metaspace   ] GC(161) Metaspace: 69876K->69876K(1112064K)
[32.592s][info][gc             ] GC(161) Pause Young (Normal) (G1 Evacuation Pause) 214M->41M(291M) 3.221ms
[32.592s][info][gc,cpu         ] GC(161) User=0.01s Sys=0.00s Real=0.01s
[32.673s][info][gc,start       ] GC(162) Pause Young (Normal) (G1 Evacuation Pause)
[32.673s][info][gc,task        ] GC(162) Using 1 workers of 1 for evacuation
[32.676s][info][gc,phases      ] GC(162)   Pre Evacuate Collection Set: 0.0ms
[32.676s][info][gc,phases      ] GC(162)   Evacuate Collection Set: 2.5ms
[32.676s][info][gc,phases      ] GC(162)   Post Evacuate Collection Set: 0.3ms
[32.676s][info][gc,phases      ] GC(162)   Other: 0.2ms
[32.676s][info][gc,heap        ] GC(162) Eden regions: 173->0(173)
[32.676s][info][gc,heap        ] GC(162) Survivor regions: 1->1(22)
[32.676s][info][gc,heap        ] GC(162) Old regions: 37->37
[32.676s][info][gc,heap        ] GC(162) Humongous regions: 6->6
[32.676s][info][gc,metaspace   ] GC(162) Metaspace: 69876K->69876K(1112064K)
[32.676s][info][gc             ] GC(162) Pause Young (Normal) (G1 Evacuation Pause) 214M->41M(291M) 3.087ms
[32.676s][info][gc,cpu         ] GC(162) User=0.00s Sys=0.00s Real=0.00s
[32.761s][info][gc,start       ] GC(163) Pause Young (Normal) (G1 Evacuation Pause)
[32.761s][info][gc,task        ] GC(163) Using 1 workers of 1 for evacuation
[32.764s][info][gc,phases      ] GC(163)   Pre Evacuate Collection Set: 0.0ms
[32.764s][info][gc,phases      ] GC(163)   Evacuate Collection Set: 2.4ms
[32.764s][info][gc,phases      ] GC(163)   Post Evacuate Collection Set: 0.3ms
[32.764s][info][gc,phases      ] GC(163)   Other: 0.3ms
[32.764s][info][gc,heap        ] GC(163) Eden regions: 173->0(173)
[32.764s][info][gc,heap        ] GC(163) Survivor regions: 1->1(22)
[32.764s][info][gc,heap        ] GC(163) Old regions: 37->37
[32.764s][info][gc,heap        ] GC(163) Humongous regions: 6->6
[32.764s][info][gc,metaspace   ] GC(163) Metaspace: 69877K->69877K(1112064K)
[32.764s][info][gc             ] GC(163) Pause Young (Normal) (G1 Evacuation Pause) 214M->41M(291M) 2.990ms
[32.764s][info][gc,cpu         ] GC(163) User=0.00s Sys=0.00s Real=0.00s
[32.846s][info][gc,start       ] GC(164) Pause Young (Normal) (G1 Evacuation Pause)
[32.846s][info][gc,task        ] GC(164) Using 1 workers of 1 for evacuation
[32.849s][info][gc,phases      ] GC(164)   Pre Evacuate Collection Set: 0.0ms
[32.849s][info][gc,phases      ] GC(164)   Evacuate Collection Set: 2.4ms
[32.849s][info][gc,phases      ] GC(164)   Post Evacuate Collection Set: 0.5ms
[32.849s][info][gc,phases      ] GC(164)   Other: 0.3ms
[32.849s][info][gc,heap        ] GC(164) Eden regions: 173->0(203)
[32.849s][info][gc,heap        ] GC(164) Survivor regions: 1->1(22)
[32.849s][info][gc,heap        ] GC(164) Old regions: 37->37
[32.849s][info][gc,heap        ] GC(164) Humongous regions: 6->6
[32.849s][info][gc,metaspace   ] GC(164) Metaspace: 69877K->69877K(1112064K)
[32.849s][info][gc             ] GC(164) Pause Young (Normal) (G1 Evacuation Pause) 214M->41M(340M) 3.259ms
[32.849s][info][gc,cpu         ] GC(164) User=0.00s Sys=0.00s Real=0.00s
[32.955s][info][gc,start       ] GC(165) Pause Young (Normal) (G1 Evacuation Pause)
[32.955s][info][gc,task        ] GC(165) Using 1 workers of 1 for evacuation
[32.958s][info][gc,phases      ] GC(165)   Pre Evacuate Collection Set: 0.0ms
[32.958s][info][gc,phases      ] GC(165)   Evacuate Collection Set: 2.4ms
[32.958s][info][gc,phases      ] GC(165)   Post Evacuate Collection Set: 0.3ms
[32.958s][info][gc,phases      ] GC(165)   Other: 0.3ms
[32.958s][info][gc,heap        ] GC(165) Eden regions: 203->0(203)
[32.958s][info][gc,heap        ] GC(165) Survivor regions: 1->1(26)
[32.958s][info][gc,heap        ] GC(165) Old regions: 37->37
[32.958s][info][gc,heap        ] GC(165) Humongous regions: 6->6
[32.958s][info][gc,metaspace   ] GC(165) Metaspace: 69877K->69877K(1112064K)
[32.958s][info][gc             ] GC(165) Pause Young (Normal) (G1 Evacuation Pause) 244M->41M(340M) 3.067ms
[32.958s][info][gc,cpu         ] GC(165) User=0.00s Sys=0.00s Real=0.01s
[33.052s][info][gc,start       ] GC(166) Pause Young (Normal) (G1 Evacuation Pause)
[33.052s][info][gc,task        ] GC(166) Using 1 workers of 1 for evacuation
[33.055s][info][gc,phases      ] GC(166)   Pre Evacuate Collection Set: 0.0ms
[33.055s][info][gc,phases      ] GC(166)   Evacuate Collection Set: 2.3ms
[33.055s][info][gc,phases      ] GC(166)   Post Evacuate Collection Set: 0.3ms
[33.055s][info][gc,phases      ] GC(166)   Other: 0.3ms
[33.055s][info][gc,heap        ] GC(166) Eden regions: 203->0(203)
[33.055s][info][gc,heap        ] GC(166) Survivor regions: 1->1(26)
[33.055s][info][gc,heap        ] GC(166) Old regions: 37->37
[33.055s][info][gc,heap        ] GC(166) Humongous regions: 6->6
[33.055s][info][gc,metaspace   ] GC(166) Metaspace: 69877K->69877K(1112064K)
[33.055s][info][gc             ] GC(166) Pause Young (Normal) (G1 Evacuation Pause) 244M->41M(340M) 2.954ms
[33.055s][info][gc,cpu         ] GC(166) User=0.00s Sys=0.00s Real=0.00s
[33.149s][info][gc,start       ] GC(167) Pause Young (Normal) (G1 Evacuation Pause)
[33.149s][info][gc,task        ] GC(167) Using 1 workers of 1 for evacuation
[33.152s][info][gc,phases      ] GC(167)   Pre Evacuate Collection Set: 0.0ms
[33.152s][info][gc,phases      ] GC(167)   Evacuate Collection Set: 2.3ms
[33.152s][info][gc,phases      ] GC(167)   Post Evacuate Collection Set: 0.3ms
[33.152s][info][gc,phases      ] GC(167)   Other: 0.4ms
[33.152s][info][gc,heap        ] GC(167) Eden regions: 203->0(203)
[33.152s][info][gc,heap        ] GC(167) Survivor regions: 1->1(26)
[33.152s][info][gc,heap        ] GC(167) Old regions: 37->37
[33.152s][info][gc,heap        ] GC(167) Humongous regions: 6->6
[33.152s][info][gc,metaspace   ] GC(167) Metaspace: 69877K->69877K(1112064K)
[33.152s][info][gc             ] GC(167) Pause Young (Normal) (G1 Evacuation Pause) 244M->41M(340M) 3.021ms
[33.152s][info][gc,cpu         ] GC(167) User=0.00s Sys=0.00s Real=0.01s
[33.307s][info][gc,start       ] GC(168) Pause Young (Normal) (G1 Evacuation Pause)
[33.307s][info][gc,task        ] GC(168) Using 1 workers of 1 for evacuation
[33.310s][info][gc,phases      ] GC(168)   Pre Evacuate Collection Set: 0.0ms
[33.310s][info][gc,phases      ] GC(168)   Evacuate Collection Set: 2.4ms
[33.310s][info][gc,phases      ] GC(168)   Post Evacuate Collection Set: 0.3ms
[33.310s][info][gc,phases      ] GC(168)   Other: 0.3ms
[33.310s][info][gc,heap        ] GC(168) Eden regions: 203->0(203)
[33.310s][info][gc,heap        ] GC(168) Survivor regions: 1->1(26)
[33.310s][info][gc,heap        ] GC(168) Old regions: 37->37
[33.310s][info][gc,heap        ] GC(168) Humongous regions: 11->6
[33.310s][info][gc,metaspace   ] GC(168) Metaspace: 69884K->69884K(1112064K)
[33.310s][info][gc             ] GC(168) Pause Young (Normal) (G1 Evacuation Pause) 249M->41M(340M) 3.011ms
[33.310s][info][gc,cpu         ] GC(168) User=0.00s Sys=0.00s Real=0.00s
[33.412s][info][gc,start       ] GC(169) Pause Young (Normal) (G1 Evacuation Pause)
[33.412s][info][gc,task        ] GC(169) Using 1 workers of 1 for evacuation
[33.415s][info][gc,phases      ] GC(169)   Pre Evacuate Collection Set: 0.0ms
[33.415s][info][gc,phases      ] GC(169)   Evacuate Collection Set: 2.3ms
[33.415s][info][gc,phases      ] GC(169)   Post Evacuate Collection Set: 0.3ms
[33.415s][info][gc,phases      ] GC(169)   Other: 0.3ms
[33.415s][info][gc,heap        ] GC(169) Eden regions: 203->0(203)
[33.415s][info][gc,heap        ] GC(169) Survivor regions: 1->1(26)
[33.415s][info][gc,heap        ] GC(169) Old regions: 37->37
[33.415s][info][gc,heap        ] GC(169) Humongous regions: 6->6
[33.415s][info][gc,metaspace   ] GC(169) Metaspace: 69895K->69895K(1112064K)
[33.415s][info][gc             ] GC(169) Pause Young (Normal) (G1 Evacuation Pause) 244M->41M(340M) 3.314ms
[33.415s][info][gc,cpu         ] GC(169) User=0.00s Sys=0.00s Real=0.00s
[33.520s][info][gc,start       ] GC(170) Pause Young (Normal) (G1 Evacuation Pause)
[33.520s][info][gc,task        ] GC(170) Using 1 workers of 1 for evacuation
[33.523s][info][gc,phases      ] GC(170)   Pre Evacuate Collection Set: 0.0ms
[33.523s][info][gc,phases      ] GC(170)   Evacuate Collection Set: 2.3ms
[33.523s][info][gc,phases      ] GC(170)   Post Evacuate Collection Set: 0.3ms
[33.523s][info][gc,phases      ] GC(170)   Other: 0.3ms
[33.523s][info][gc,heap        ] GC(170) Eden regions: 203->0(203)
[33.523s][info][gc,heap        ] GC(170) Survivor regions: 1->1(26)
[33.523s][info][gc,heap        ] GC(170) Old regions: 37->37
[33.523s][info][gc,heap        ] GC(170) Humongous regions: 6->6
[33.523s][info][gc,metaspace   ] GC(170) Metaspace: 69895K->69895K(1112064K)
[33.523s][info][gc             ] GC(170) Pause Young (Normal) (G1 Evacuation Pause) 244M->41M(340M) 2.951ms
[33.523s][info][gc,cpu         ] GC(170) User=0.00s Sys=0.00s Real=0.00s
[33.619s][info][gc,start       ] GC(171) Pause Young (Normal) (G1 Evacuation Pause)
[33.619s][info][gc,task        ] GC(171) Using 1 workers of 1 for evacuation
[33.622s][info][gc,phases      ] GC(171)   Pre Evacuate Collection Set: 0.0ms
[33.622s][info][gc,phases      ] GC(171)   Evacuate Collection Set: 2.3ms
[33.622s][info][gc,phases      ] GC(171)   Post Evacuate Collection Set: 0.4ms
[33.622s][info][gc,phases      ] GC(171)   Other: 0.3ms
[33.622s][info][gc,heap        ] GC(171) Eden regions: 203->0(203)
[33.622s][info][gc,heap        ] GC(171) Survivor regions: 1->1(26)
[33.622s][info][gc,heap        ] GC(171) Old regions: 37->37
[33.622s][info][gc,heap        ] GC(171) Humongous regions: 6->6
[33.622s][info][gc,metaspace   ] GC(171) Metaspace: 69895K->69895K(1112064K)
[33.622s][info][gc             ] GC(171) Pause Young (Normal) (G1 Evacuation Pause) 244M->41M(340M) 2.964ms
[33.622s][info][gc,cpu         ] GC(171) User=0.00s Sys=0.00s Real=0.00s
[33.718s][info][gc,start       ] GC(172) Pause Young (Normal) (G1 Evacuation Pause)
[33.719s][info][gc,task        ] GC(172) Using 1 workers of 1 for evacuation
[33.721s][info][gc,phases      ] GC(172)   Pre Evacuate Collection Set: 0.0ms
[33.721s][info][gc,phases      ] GC(172)   Evacuate Collection Set: 2.2ms
[33.721s][info][gc,phases      ] GC(172)   Post Evacuate Collection Set: 0.3ms
[33.721s][info][gc,phases      ] GC(172)   Other: 0.3ms
[33.721s][info][gc,heap        ] GC(172) Eden regions: 203->0(203)
[33.721s][info][gc,heap        ] GC(172) Survivor regions: 1->1(26)
[33.721s][info][gc,heap        ] GC(172) Old regions: 37->37
[33.721s][info][gc,heap        ] GC(172) Humongous regions: 6->6
[33.721s][info][gc,metaspace   ] GC(172) Metaspace: 69895K->69895K(1112064K)
[33.721s][info][gc             ] GC(172) Pause Young (Normal) (G1 Evacuation Pause) 244M->41M(340M) 2.837ms
[33.721s][info][gc,cpu         ] GC(172) User=0.00s Sys=0.00s Real=0.00s
[33.830s][info][gc,start       ] GC(173) Pause Young (Normal) (G1 Evacuation Pause)
[33.830s][info][gc,task        ] GC(173) Using 1 workers of 1 for evacuation
[33.834s][info][gc,phases      ] GC(173)   Pre Evacuate Collection Set: 0.0ms
[33.834s][info][gc,phases      ] GC(173)   Evacuate Collection Set: 3.4ms
[33.834s][info][gc,phases      ] GC(173)   Post Evacuate Collection Set: 0.4ms
[33.834s][info][gc,phases      ] GC(173)   Other: 0.3ms
[33.834s][info][gc,heap        ] GC(173) Eden regions: 203->0(203)
[33.834s][info][gc,heap        ] GC(173) Survivor regions: 1->1(26)
[33.834s][info][gc,heap        ] GC(173) Old regions: 37->37
[33.834s][info][gc,heap        ] GC(173) Humongous regions: 6->6
[33.834s][info][gc,metaspace   ] GC(173) Metaspace: 69895K->69895K(1112064K)
[33.834s][info][gc             ] GC(173) Pause Young (Normal) (G1 Evacuation Pause) 244M->41M(340M) 4.162ms
[33.835s][info][gc,cpu         ] GC(173) User=0.00s Sys=0.00s Real=0.00s
[33.937s][info][gc,start       ] GC(174) Pause Young (Normal) (G1 Evacuation Pause)
[33.937s][info][gc,task        ] GC(174) Using 1 workers of 1 for evacuation
[33.940s][info][gc,phases      ] GC(174)   Pre Evacuate Collection Set: 0.0ms
[33.941s][info][gc,phases      ] GC(174)   Evacuate Collection Set: 2.5ms
[33.941s][info][gc,phases      ] GC(174)   Post Evacuate Collection Set: 0.4ms
[33.941s][info][gc,phases      ] GC(174)   Other: 0.4ms
[33.941s][info][gc,heap        ] GC(174) Eden regions: 203->0(203)
[33.941s][info][gc,heap        ] GC(174) Survivor regions: 1->1(26)
[33.941s][info][gc,heap        ] GC(174) Old regions: 37->37
[33.941s][info][gc,heap        ] GC(174) Humongous regions: 6->6
[33.941s][info][gc,metaspace   ] GC(174) Metaspace: 69895K->69895K(1112064K)
[33.941s][info][gc             ] GC(174) Pause Young (Normal) (G1 Evacuation Pause) 244M->41M(340M) 3.318ms
[33.941s][info][gc,cpu         ] GC(174) User=0.00s Sys=0.00s Real=0.01s
[34.039s][info][gc,start       ] GC(175) Pause Young (Normal) (G1 Evacuation Pause)
[34.039s][info][gc,task        ] GC(175) Using 1 workers of 1 for evacuation
[34.042s][info][gc,phases      ] GC(175)   Pre Evacuate Collection Set: 0.0ms
[34.042s][info][gc,phases      ] GC(175)   Evacuate Collection Set: 2.4ms
[34.042s][info][gc,phases      ] GC(175)   Post Evacuate Collection Set: 0.3ms
[34.042s][info][gc,phases      ] GC(175)   Other: 0.2ms
[34.042s][info][gc,heap        ] GC(175) Eden regions: 203->0(203)
[34.042s][info][gc,heap        ] GC(175) Survivor regions: 1->1(26)
[34.042s][info][gc,heap        ] GC(175) Old regions: 37->37
[34.042s][info][gc,heap        ] GC(175) Humongous regions: 6->6
[34.042s][info][gc,metaspace   ] GC(175) Metaspace: 69895K->69895K(1112064K)
[34.042s][info][gc             ] GC(175) Pause Young (Normal) (G1 Evacuation Pause) 244M->41M(340M) 2.965ms
[34.042s][info][gc,cpu         ] GC(175) User=0.00s Sys=0.00s Real=0.00s
[34.218s][info][gc,start       ] GC(176) Pause Young (Normal) (G1 Evacuation Pause)
[34.218s][info][gc,task        ] GC(176) Using 1 workers of 1 for evacuation
[34.222s][info][gc,phases      ] GC(176)   Pre Evacuate Collection Set: 0.0ms
[34.222s][info][gc,phases      ] GC(176)   Evacuate Collection Set: 2.5ms
[34.222s][info][gc,phases      ] GC(176)   Post Evacuate Collection Set: 0.3ms
[34.222s][info][gc,phases      ] GC(176)   Other: 0.3ms
[34.222s][info][gc,heap        ] GC(176) Eden regions: 203->0(203)
[34.222s][info][gc,heap        ] GC(176) Survivor regions: 1->1(26)
[34.222s][info][gc,heap        ] GC(176) Old regions: 37->37
[34.222s][info][gc,heap        ] GC(176) Humongous regions: 11->6
[34.222s][info][gc,metaspace   ] GC(176) Metaspace: 69912K->69912K(1112064K)
[34.222s][info][gc             ] GC(176) Pause Young (Normal) (G1 Evacuation Pause) 249M->41M(340M) 3.202ms
[34.222s][info][gc,cpu         ] GC(176) User=0.00s Sys=0.00s Real=0.00s
[34.337s][info][gc,start       ] GC(177) Pause Young (Normal) (G1 Evacuation Pause)
[34.337s][info][gc,task        ] GC(177) Using 1 workers of 1 for evacuation
[34.341s][info][gc,phases      ] GC(177)   Pre Evacuate Collection Set: 0.0ms
[34.341s][info][gc,phases      ] GC(177)   Evacuate Collection Set: 2.7ms
[34.341s][info][gc,phases      ] GC(177)   Post Evacuate Collection Set: 0.3ms
[34.341s][info][gc,phases      ] GC(177)   Other: 0.3ms
[34.341s][info][gc,heap        ] GC(177) Eden regions: 203->0(203)
[34.341s][info][gc,heap        ] GC(177) Survivor regions: 1->1(26)
[34.341s][info][gc,heap        ] GC(177) Old regions: 37->37
[34.341s][info][gc,heap        ] GC(177) Humongous regions: 6->6
[34.341s][info][gc,metaspace   ] GC(177) Metaspace: 69918K->69918K(1112064K)
[34.341s][info][gc             ] GC(177) Pause Young (Normal) (G1 Evacuation Pause) 244M->41M(340M) 3.307ms
[34.341s][info][gc,cpu         ] GC(177) User=0.00s Sys=0.00s Real=0.01s
[34.444s][info][gc,start       ] GC(178) Pause Young (Normal) (G1 Evacuation Pause)
[34.444s][info][gc,task        ] GC(178) Using 1 workers of 1 for evacuation
[34.447s][info][gc,phases      ] GC(178)   Pre Evacuate Collection Set: 0.0ms
[34.447s][info][gc,phases      ] GC(178)   Evacuate Collection Set: 2.4ms
[34.447s][info][gc,phases      ] GC(178)   Post Evacuate Collection Set: 0.6ms
[34.447s][info][gc,phases      ] GC(178)   Other: 0.3ms
[34.447s][info][gc,heap        ] GC(178) Eden regions: 203->0(203)
[34.447s][info][gc,heap        ] GC(178) Survivor regions: 1->1(26)
[34.447s][info][gc,heap        ] GC(178) Old regions: 37->37
[34.447s][info][gc,heap        ] GC(178) Humongous regions: 6->6
[34.447s][info][gc,metaspace   ] GC(178) Metaspace: 69918K->69918K(1112064K)
[34.447s][info][gc             ] GC(178) Pause Young (Normal) (G1 Evacuation Pause) 244M->41M(340M) 3.452ms
[34.447s][info][gc,cpu         ] GC(178) User=0.00s Sys=0.00s Real=0.00s
[34.542s][info][gc,start       ] GC(179) Pause Young (Normal) (G1 Evacuation Pause)
[34.542s][info][gc,task        ] GC(179) Using 1 workers of 1 for evacuation
[34.546s][info][gc,phases      ] GC(179)   Pre Evacuate Collection Set: 0.0ms
[34.546s][info][gc,phases      ] GC(179)   Evacuate Collection Set: 2.8ms
[34.546s][info][gc,phases      ] GC(179)   Post Evacuate Collection Set: 0.3ms
[34.546s][info][gc,phases      ] GC(179)   Other: 0.3ms
[34.546s][info][gc,heap        ] GC(179) Eden regions: 203->0(203)
[34.546s][info][gc,heap        ] GC(179) Survivor regions: 1->1(26)
[34.546s][info][gc,heap        ] GC(179) Old regions: 37->37
[34.546s][info][gc,heap        ] GC(179) Humongous regions: 6->6
[34.546s][info][gc,metaspace   ] GC(179) Metaspace: 69918K->69918K(1112064K)
[34.546s][info][gc             ] GC(179) Pause Young (Normal) (G1 Evacuation Pause) 244M->41M(340M) 3.386ms
[34.546s][info][gc,cpu         ] GC(179) User=0.01s Sys=0.00s Real=0.00s
[34.640s][info][gc,start       ] GC(180) Pause Young (Normal) (G1 Evacuation Pause)
[34.641s][info][gc,task        ] GC(180) Using 1 workers of 1 for evacuation
[34.644s][info][gc,phases      ] GC(180)   Pre Evacuate Collection Set: 0.0ms
[34.644s][info][gc,phases      ] GC(180)   Evacuate Collection Set: 2.6ms
[34.644s][info][gc,phases      ] GC(180)   Post Evacuate Collection Set: 0.3ms
[34.644s][info][gc,phases      ] GC(180)   Other: 0.3ms
[34.644s][info][gc,heap        ] GC(180) Eden regions: 203->0(203)
[34.644s][info][gc,heap        ] GC(180) Survivor regions: 1->1(26)
[34.644s][info][gc,heap        ] GC(180) Old regions: 37->37
[34.644s][info][gc,heap        ] GC(180) Humongous regions: 6->6
[34.644s][info][gc,metaspace   ] GC(180) Metaspace: 69918K->69918K(1112064K)
[34.644s][info][gc             ] GC(180) Pause Young (Normal) (G1 Evacuation Pause) 244M->41M(340M) 3.266ms
[34.644s][info][gc,cpu         ] GC(180) User=0.00s Sys=0.00s Real=0.00s
[34.742s][info][gc,start       ] GC(181) Pause Young (Normal) (G1 Evacuation Pause)
[34.742s][info][gc,task        ] GC(181) Using 1 workers of 1 for evacuation
[34.746s][info][gc,phases      ] GC(181)   Pre Evacuate Collection Set: 0.0ms
[34.746s][info][gc,phases      ] GC(181)   Evacuate Collection Set: 2.7ms
[34.746s][info][gc,phases      ] GC(181)   Post Evacuate Collection Set: 0.5ms
[34.746s][info][gc,phases      ] GC(181)   Other: 0.3ms
[34.746s][info][gc,heap        ] GC(181) Eden regions: 203->0(203)
[34.746s][info][gc,heap        ] GC(181) Survivor regions: 1->1(26)
[34.746s][info][gc,heap        ] GC(181) Old regions: 37->37
[34.746s][info][gc,heap        ] GC(181) Humongous regions: 6->6
[34.746s][info][gc,metaspace   ] GC(181) Metaspace: 69918K->69918K(1112064K)
[34.746s][info][gc             ] GC(181) Pause Young (Normal) (G1 Evacuation Pause) 244M->41M(340M) 3.501ms
[34.746s][info][gc,cpu         ] GC(181) User=0.01s Sys=0.00s Real=0.00s
[34.841s][info][gc,start       ] GC(182) Pause Young (Normal) (G1 Evacuation Pause)
[34.841s][info][gc,task        ] GC(182) Using 1 workers of 1 for evacuation
[34.844s][info][gc,phases      ] GC(182)   Pre Evacuate Collection Set: 0.0ms
[34.844s][info][gc,phases      ] GC(182)   Evacuate Collection Set: 2.5ms
[34.844s][info][gc,phases      ] GC(182)   Post Evacuate Collection Set: 0.3ms
[34.844s][info][gc,phases      ] GC(182)   Other: 0.2ms
[34.844s][info][gc,heap        ] GC(182) Eden regions: 203->0(203)
[34.844s][info][gc,heap        ] GC(182) Survivor regions: 1->1(26)
[34.844s][info][gc,heap        ] GC(182) Old regions: 37->37
[34.844s][info][gc,heap        ] GC(182) Humongous regions: 6->6
[34.844s][info][gc,metaspace   ] GC(182) Metaspace: 69918K->69918K(1112064K)
[34.844s][info][gc             ] GC(182) Pause Young (Normal) (G1 Evacuation Pause) 244M->41M(340M) 3.134ms
[34.844s][info][gc,cpu         ] GC(182) User=0.00s Sys=0.00s Real=0.00s
[34.938s][info][gc,start       ] GC(183) Pause Young (Normal) (G1 Evacuation Pause)
[34.938s][info][gc,task        ] GC(183) Using 1 workers of 1 for evacuation
[34.941s][info][gc,phases      ] GC(183)   Pre Evacuate Collection Set: 0.0ms
[34.942s][info][gc,phases      ] GC(183)   Evacuate Collection Set: 2.6ms
[34.942s][info][gc,phases      ] GC(183)   Post Evacuate Collection Set: 0.3ms
[34.942s][info][gc,phases      ] GC(183)   Other: 0.3ms
[34.942s][info][gc,heap        ] GC(183) Eden regions: 203->0(203)
[34.942s][info][gc,heap        ] GC(183) Survivor regions: 1->1(26)
[34.942s][info][gc,heap        ] GC(183) Old regions: 37->37
[34.942s][info][gc,heap        ] GC(183) Humongous regions: 6->6
[34.942s][info][gc,metaspace   ] GC(183) Metaspace: 69918K->69918K(1112064K)
[34.942s][info][gc             ] GC(183) Pause Young (Normal) (G1 Evacuation Pause) 244M->41M(340M) 3.195ms
[34.942s][info][gc,cpu         ] GC(183) User=0.00s Sys=0.00s Real=0.00s
[35.036s][info][gc,start       ] GC(184) Pause Young (Normal) (G1 Evacuation Pause)
[35.036s][info][gc,task        ] GC(184) Using 1 workers of 1 for evacuation
[35.039s][info][gc,phases      ] GC(184)   Pre Evacuate Collection Set: 0.0ms
[35.039s][info][gc,phases      ] GC(184)   Evacuate Collection Set: 2.4ms
[35.039s][info][gc,phases      ] GC(184)   Post Evacuate Collection Set: 0.3ms
[35.039s][info][gc,phases      ] GC(184)   Other: 0.3ms
[35.039s][info][gc,heap        ] GC(184) Eden regions: 203->0(203)
[35.039s][info][gc,heap        ] GC(184) Survivor regions: 1->1(26)
[35.039s][info][gc,heap        ] GC(184) Old regions: 37->37
[35.039s][info][gc,heap        ] GC(184) Humongous regions: 6->6
[35.039s][info][gc,metaspace   ] GC(184) Metaspace: 69918K->69918K(1112064K)
[35.039s][info][gc             ] GC(184) Pause Young (Normal) (G1 Evacuation Pause) 244M->41M(340M) 3.058ms
[35.039s][info][gc,cpu         ] GC(184) User=0.00s Sys=0.00s Real=0.01s
[35.186s][info][gc,start       ] GC(185) Pause Young (Normal) (G1 Evacuation Pause)
[35.186s][info][gc,task        ] GC(185) Using 1 workers of 1 for evacuation
[35.189s][info][gc,phases      ] GC(185)   Pre Evacuate Collection Set: 0.0ms
[35.189s][info][gc,phases      ] GC(185)   Evacuate Collection Set: 2.2ms
[35.189s][info][gc,phases      ] GC(185)   Post Evacuate Collection Set: 0.4ms
[35.189s][info][gc,phases      ] GC(185)   Other: 0.4ms
[35.189s][info][gc,heap        ] GC(185) Eden regions: 203->0(203)
[35.189s][info][gc,heap        ] GC(185) Survivor regions: 1->1(26)
[35.189s][info][gc,heap        ] GC(185) Old regions: 37->37
[35.189s][info][gc,heap        ] GC(185) Humongous regions: 11->6
[35.189s][info][gc,metaspace   ] GC(185) Metaspace: 69930K->69930K(1112064K)
[35.189s][info][gc             ] GC(185) Pause Young (Normal) (G1 Evacuation Pause) 249M->41M(340M) 3.062ms
[35.189s][info][gc,cpu         ] GC(185) User=0.00s Sys=0.00s Real=0.00s
[35.286s][info][gc,start       ] GC(186) Pause Young (Normal) (G1 Evacuation Pause)
[35.286s][info][gc,task        ] GC(186) Using 1 workers of 1 for evacuation
[35.289s][info][gc,phases      ] GC(186)   Pre Evacuate Collection Set: 0.0ms
[35.289s][info][gc,phases      ] GC(186)   Evacuate Collection Set: 2.3ms
[35.289s][info][gc,phases      ] GC(186)   Post Evacuate Collection Set: 0.3ms
[35.289s][info][gc,phases      ] GC(186)   Other: 0.3ms
[35.289s][info][gc,heap        ] GC(186) Eden regions: 203->0(203)
[35.289s][info][gc,heap        ] GC(186) Survivor regions: 1->1(26)
[35.289s][info][gc,heap        ] GC(186) Old regions: 37->37
[35.289s][info][gc,heap        ] GC(186) Humongous regions: 6->6
[35.289s][info][gc,metaspace   ] GC(186) Metaspace: 69930K->69930K(1112064K)
[35.289s][info][gc             ] GC(186) Pause Young (Normal) (G1 Evacuation Pause) 244M->41M(340M) 3.019ms
[35.289s][info][gc,cpu         ] GC(186) User=0.00s Sys=0.00s Real=0.00s
[35.384s][info][gc,start       ] GC(187) Pause Young (Normal) (G1 Evacuation Pause)
[35.384s][info][gc,task        ] GC(187) Using 1 workers of 1 for evacuation
[35.387s][info][gc,phases      ] GC(187)   Pre Evacuate Collection Set: 0.0ms
[35.387s][info][gc,phases      ] GC(187)   Evacuate Collection Set: 2.2ms
[35.387s][info][gc,phases      ] GC(187)   Post Evacuate Collection Set: 0.3ms
[35.387s][info][gc,phases      ] GC(187)   Other: 0.2ms
[35.387s][info][gc,heap        ] GC(187) Eden regions: 203->0(203)
[35.387s][info][gc,heap        ] GC(187) Survivor regions: 1->1(26)
[35.387s][info][gc,heap        ] GC(187) Old regions: 37->37
[35.387s][info][gc,heap        ] GC(187) Humongous regions: 6->6
[35.387s][info][gc,metaspace   ] GC(187) Metaspace: 69930K->69930K(1112064K)
[35.387s][info][gc             ] GC(187) Pause Young (Normal) (G1 Evacuation Pause) 244M->41M(340M) 2.811ms
[35.387s][info][gc,cpu         ] GC(187) User=0.01s Sys=0.00s Real=0.00s
[35.481s][info][gc,start       ] GC(188) Pause Young (Normal) (G1 Evacuation Pause)
[35.481s][info][gc,task        ] GC(188) Using 1 workers of 1 for evacuation
[35.484s][info][gc,phases      ] GC(188)   Pre Evacuate Collection Set: 0.0ms
[35.484s][info][gc,phases      ] GC(188)   Evacuate Collection Set: 2.2ms
[35.484s][info][gc,phases      ] GC(188)   Post Evacuate Collection Set: 0.3ms
[35.484s][info][gc,phases      ] GC(188)   Other: 0.3ms
[35.484s][info][gc,heap        ] GC(188) Eden regions: 203->0(203)
[35.484s][info][gc,heap        ] GC(188) Survivor regions: 1->1(26)
[35.484s][info][gc,heap        ] GC(188) Old regions: 37->37
[35.484s][info][gc,heap        ] GC(188) Humongous regions: 6->6
[35.484s][info][gc,metaspace   ] GC(188) Metaspace: 69930K->69930K(1112064K)
[35.484s][info][gc             ] GC(188) Pause Young (Normal) (G1 Evacuation Pause) 244M->41M(340M) 2.812ms
[35.484s][info][gc,cpu         ] GC(188) User=0.00s Sys=0.00s Real=0.00s
[35.578s][info][gc,start       ] GC(189) Pause Young (Normal) (G1 Evacuation Pause)
[35.578s][info][gc,task        ] GC(189) Using 1 workers of 1 for evacuation
[35.581s][info][gc,phases      ] GC(189)   Pre Evacuate Collection Set: 0.0ms
[35.581s][info][gc,phases      ] GC(189)   Evacuate Collection Set: 2.2ms
[35.581s][info][gc,phases      ] GC(189)   Post Evacuate Collection Set: 0.3ms
[35.581s][info][gc,phases      ] GC(189)   Other: 0.4ms
[35.581s][info][gc,heap        ] GC(189) Eden regions: 203->0(203)
[35.581s][info][gc,heap        ] GC(189) Survivor regions: 1->1(26)
[35.581s][info][gc,heap        ] GC(189) Old regions: 37->37
[35.581s][info][gc,heap        ] GC(189) Humongous regions: 6->6
[35.581s][info][gc,metaspace   ] GC(189) Metaspace: 69930K->69930K(1112064K)
[35.581s][info][gc             ] GC(189) Pause Young (Normal) (G1 Evacuation Pause) 244M->41M(340M) 3.118ms
[35.581s][info][gc,cpu         ] GC(189) User=0.00s Sys=0.00s Real=0.00s
[35.690s][info][gc,start       ] GC(190) Pause Young (Normal) (G1 Evacuation Pause)
[35.690s][info][gc,task        ] GC(190) Using 1 workers of 1 for evacuation
[35.693s][info][gc,phases      ] GC(190)   Pre Evacuate Collection Set: 0.0ms
[35.693s][info][gc,phases      ] GC(190)   Evacuate Collection Set: 2.2ms
[35.693s][info][gc,phases      ] GC(190)   Post Evacuate Collection Set: 0.3ms
[35.693s][info][gc,phases      ] GC(190)   Other: 0.3ms
[35.693s][info][gc,heap        ] GC(190) Eden regions: 203->0(203)
[35.693s][info][gc,heap        ] GC(190) Survivor regions: 1->1(26)
[35.693s][info][gc,heap        ] GC(190) Old regions: 37->37
[35.693s][info][gc,heap        ] GC(190) Humongous regions: 6->6
[35.693s][info][gc,metaspace   ] GC(190) Metaspace: 69930K->69930K(1112064K)
[35.693s][info][gc             ] GC(190) Pause Young (Normal) (G1 Evacuation Pause) 244M->41M(340M) 2.882ms
[35.693s][info][gc,cpu         ] GC(190) User=0.01s Sys=0.00s Real=0.00s
[35.822s][info][gc,start       ] GC(191) Pause Young (Normal) (G1 Evacuation Pause)
[35.822s][info][gc,task        ] GC(191) Using 1 workers of 1 for evacuation
[35.825s][info][gc,phases      ] GC(191)   Pre Evacuate Collection Set: 0.0ms
[35.825s][info][gc,phases      ] GC(191)   Evacuate Collection Set: 2.4ms
[35.825s][info][gc,phases      ] GC(191)   Post Evacuate Collection Set: 0.3ms
[35.825s][info][gc,phases      ] GC(191)   Other: 0.3ms
[35.825s][info][gc,heap        ] GC(191) Eden regions: 203->0(203)
[35.825s][info][gc,heap        ] GC(191) Survivor regions: 1->1(26)
[35.825s][info][gc,heap        ] GC(191) Old regions: 37->37
[35.825s][info][gc,heap        ] GC(191) Humongous regions: 6->6
[35.825s][info][gc,metaspace   ] GC(191) Metaspace: 69930K->69930K(1112064K)
[35.825s][info][gc             ] GC(191) Pause Young (Normal) (G1 Evacuation Pause) 244M->41M(340M) 3.105ms
[35.825s][info][gc,cpu         ] GC(191) User=0.00s Sys=0.00s Real=0.00s
[35.990s][info][gc,start       ] GC(192) Pause Young (Normal) (G1 Evacuation Pause)
[35.990s][info][gc,task        ] GC(192) Using 1 workers of 1 for evacuation
[35.993s][info][gc,phases      ] GC(192)   Pre Evacuate Collection Set: 0.0ms
[35.993s][info][gc,phases      ] GC(192)   Evacuate Collection Set: 2.4ms
[35.993s][info][gc,phases      ] GC(192)   Post Evacuate Collection Set: 0.3ms
[35.993s][info][gc,phases      ] GC(192)   Other: 0.3ms
[35.993s][info][gc,heap        ] GC(192) Eden regions: 203->0(203)
[35.993s][info][gc,heap        ] GC(192) Survivor regions: 1->1(26)
[35.993s][info][gc,heap        ] GC(192) Old regions: 37->37
[35.993s][info][gc,heap        ] GC(192) Humongous regions: 6->6
[35.993s][info][gc,metaspace   ] GC(192) Metaspace: 69930K->69930K(1112064K)
[35.993s][info][gc             ] GC(192) Pause Young (Normal) (G1 Evacuation Pause) 244M->41M(340M) 3.056ms
[35.993s][info][gc,cpu         ] GC(192) User=0.00s Sys=0.00s Real=0.00s
[36.175s][info][gc,start       ] GC(193) Pause Young (Normal) (G1 Evacuation Pause)
[36.176s][info][gc,task        ] GC(193) Using 1 workers of 1 for evacuation
[36.179s][info][gc,phases      ] GC(193)   Pre Evacuate Collection Set: 0.0ms
[36.179s][info][gc,phases      ] GC(193)   Evacuate Collection Set: 2.6ms
[36.179s][info][gc,phases      ] GC(193)   Post Evacuate Collection Set: 0.3ms
[36.179s][info][gc,phases      ] GC(193)   Other: 0.3ms
[36.179s][info][gc,heap        ] GC(193) Eden regions: 203->0(203)
[36.179s][info][gc,heap        ] GC(193) Survivor regions: 1->1(26)
[36.179s][info][gc,heap        ] GC(193) Old regions: 37->37
[36.179s][info][gc,heap        ] GC(193) Humongous regions: 11->6
[36.179s][info][gc,metaspace   ] GC(193) Metaspace: 69934K->69934K(1112064K)
[36.179s][info][gc             ] GC(193) Pause Young (Normal) (G1 Evacuation Pause) 249M->41M(340M) 3.262ms
[36.179s][info][gc,cpu         ] GC(193) User=0.00s Sys=0.00s Real=0.01s
[36.280s][info][gc,start       ] GC(194) Pause Young (Normal) (G1 Evacuation Pause)
[36.280s][info][gc,task        ] GC(194) Using 1 workers of 1 for evacuation
[36.283s][info][gc,phases      ] GC(194)   Pre Evacuate Collection Set: 0.0ms
[36.283s][info][gc,phases      ] GC(194)   Evacuate Collection Set: 2.4ms
[36.283s][info][gc,phases      ] GC(194)   Post Evacuate Collection Set: 0.3ms
[36.283s][info][gc,phases      ] GC(194)   Other: 0.3ms
[36.283s][info][gc,heap        ] GC(194) Eden regions: 203->0(203)
[36.283s][info][gc,heap        ] GC(194) Survivor regions: 1->1(26)
[36.283s][info][gc,heap        ] GC(194) Old regions: 37->37
[36.283s][info][gc,heap        ] GC(194) Humongous regions: 6->6
[36.283s][info][gc,metaspace   ] GC(194) Metaspace: 69934K->69934K(1112064K)
[36.283s][info][gc             ] GC(194) Pause Young (Normal) (G1 Evacuation Pause) 244M->41M(340M) 3.102ms
[36.283s][info][gc,cpu         ] GC(194) User=0.00s Sys=0.00s Real=0.00s
[36.379s][info][gc,start       ] GC(195) Pause Young (Normal) (G1 Evacuation Pause)
[36.379s][info][gc,task        ] GC(195) Using 1 workers of 1 for evacuation
[36.382s][info][gc,phases      ] GC(195)   Pre Evacuate Collection Set: 0.0ms
[36.382s][info][gc,phases      ] GC(195)   Evacuate Collection Set: 2.5ms
[36.382s][info][gc,phases      ] GC(195)   Post Evacuate Collection Set: 0.3ms
[36.382s][info][gc,phases      ] GC(195)   Other: 0.3ms
[36.382s][info][gc,heap        ] GC(195) Eden regions: 203->0(203)
[36.382s][info][gc,heap        ] GC(195) Survivor regions: 1->1(26)
[36.382s][info][gc,heap        ] GC(195) Old regions: 37->37
[36.382s][info][gc,heap        ] GC(195) Humongous regions: 6->6
[36.382s][info][gc,metaspace   ] GC(195) Metaspace: 69934K->69934K(1112064K)
[36.382s][info][gc             ] GC(195) Pause Young (Normal) (G1 Evacuation Pause) 244M->41M(340M) 3.146ms
[36.382s][info][gc,cpu         ] GC(195) User=0.00s Sys=0.00s Real=0.00s
[36.485s][info][gc,start       ] GC(196) Pause Young (Normal) (G1 Evacuation Pause)
[36.485s][info][gc,task        ] GC(196) Using 1 workers of 1 for evacuation
[36.488s][info][gc,phases      ] GC(196)   Pre Evacuate Collection Set: 0.0ms
[36.488s][info][gc,phases      ] GC(196)   Evacuate Collection Set: 2.3ms
[36.488s][info][gc,phases      ] GC(196)   Post Evacuate Collection Set: 0.3ms
[36.488s][info][gc,phases      ] GC(196)   Other: 0.3ms
[36.488s][info][gc,heap        ] GC(196) Eden regions: 203->0(203)
[36.488s][info][gc,heap        ] GC(196) Survivor regions: 1->1(26)
[36.488s][info][gc,heap        ] GC(196) Old regions: 37->37
[36.488s][info][gc,heap        ] GC(196) Humongous regions: 6->6
[36.488s][info][gc,metaspace   ] GC(196) Metaspace: 69934K->69934K(1112064K)
[36.488s][info][gc             ] GC(196) Pause Young (Normal) (G1 Evacuation Pause) 244M->41M(340M) 3.050ms
[36.488s][info][gc,cpu         ] GC(196) User=0.01s Sys=0.00s Real=0.00s
[36.582s][info][gc,start       ] GC(197) Pause Young (Normal) (G1 Evacuation Pause)
[36.582s][info][gc,task        ] GC(197) Using 1 workers of 1 for evacuation
[36.585s][info][gc,phases      ] GC(197)   Pre Evacuate Collection Set: 0.0ms
[36.585s][info][gc,phases      ] GC(197)   Evacuate Collection Set: 2.4ms
[36.585s][info][gc,phases      ] GC(197)   Post Evacuate Collection Set: 0.3ms
[36.585s][info][gc,phases      ] GC(197)   Other: 0.3ms
[36.585s][info][gc,heap        ] GC(197) Eden regions: 203->0(203)
[36.585s][info][gc,heap        ] GC(197) Survivor regions: 1->1(26)
[36.585s][info][gc,heap        ] GC(197) Old regions: 37->37
[36.585s][info][gc,heap        ] GC(197) Humongous regions: 6->6
[36.585s][info][gc,metaspace   ] GC(197) Metaspace: 69934K->69934K(1112064K)
[36.585s][info][gc             ] GC(197) Pause Young (Normal) (G1 Evacuation Pause) 244M->41M(340M) 3.038ms
[36.585s][info][gc,cpu         ] GC(197) User=0.00s Sys=0.00s Real=0.00s
[36.681s][info][gc,start       ] GC(198) Pause Young (Normal) (G1 Evacuation Pause)
[36.681s][info][gc,task        ] GC(198) Using 1 workers of 1 for evacuation
[36.684s][info][gc,phases      ] GC(198)   Pre Evacuate Collection Set: 0.0ms
[36.684s][info][gc,phases      ] GC(198)   Evacuate Collection Set: 2.6ms
[36.684s][info][gc,phases      ] GC(198)   Post Evacuate Collection Set: 0.3ms
[36.684s][info][gc,phases      ] GC(198)   Other: 0.3ms
[36.684s][info][gc,heap        ] GC(198) Eden regions: 203->0(203)
[36.684s][info][gc,heap        ] GC(198) Survivor regions: 1->1(26)
[36.684s][info][gc,heap        ] GC(198) Old regions: 37->37
[36.684s][info][gc,heap        ] GC(198) Humongous regions: 6->6
[36.684s][info][gc,metaspace   ] GC(198) Metaspace: 69934K->69934K(1112064K)
[36.684s][info][gc             ] GC(198) Pause Young (Normal) (G1 Evacuation Pause) 244M->41M(340M) 3.244ms
[36.684s][info][gc,cpu         ] GC(198) User=0.00s Sys=0.00s Real=0.00s
[36.796s][info][gc,start       ] GC(199) Pause Young (Normal) (G1 Evacuation Pause)
[36.796s][info][gc,task        ] GC(199) Using 1 workers of 1 for evacuation
[36.799s][info][gc,phases      ] GC(199)   Pre Evacuate Collection Set: 0.0ms
[36.799s][info][gc,phases      ] GC(199)   Evacuate Collection Set: 2.4ms
[36.799s][info][gc,phases      ] GC(199)   Post Evacuate Collection Set: 0.3ms
[36.799s][info][gc,phases      ] GC(199)   Other: 0.3ms
[36.799s][info][gc,heap        ] GC(199) Eden regions: 203->0(203)
[36.799s][info][gc,heap        ] GC(199) Survivor regions: 1->1(26)
[36.799s][info][gc,heap        ] GC(199) Old regions: 37->37
[36.799s][info][gc,heap        ] GC(199) Humongous regions: 6->6
[36.799s][info][gc,metaspace   ] GC(199) Metaspace: 69934K->69934K(1112064K)
[36.799s][info][gc             ] GC(199) Pause Young (Normal) (G1 Evacuation Pause) 244M->41M(340M) 3.036ms
[36.799s][info][gc,cpu         ] GC(199) User=0.00s Sys=0.00s Real=0.01s
[36.897s][info][gc,start       ] GC(200) Pause Young (Normal) (G1 Evacuation Pause)
[36.897s][info][gc,task        ] GC(200) Using 1 workers of 1 for evacuation
[36.900s][info][gc,phases      ] GC(200)   Pre Evacuate Collection Set: 0.0ms
[36.900s][info][gc,phases      ] GC(200)   Evacuate Collection Set: 2.5ms
[36.900s][info][gc,phases      ] GC(200)   Post Evacuate Collection Set: 0.3ms
[36.900s][info][gc,phases      ] GC(200)   Other: 0.3ms
[36.900s][info][gc,heap        ] GC(200) Eden regions: 203->0(203)
[36.900s][info][gc,heap        ] GC(200) Survivor regions: 1->1(26)
[36.900s][info][gc,heap        ] GC(200) Old regions: 37->37
[36.900s][info][gc,heap        ] GC(200) Humongous regions: 6->6
[36.900s][info][gc,metaspace   ] GC(200) Metaspace: 69934K->69934K(1112064K)
[36.900s][info][gc             ] GC(200) Pause Young (Normal) (G1 Evacuation Pause) 244M->41M(340M) 3.143ms
[36.900s][info][gc,cpu         ] GC(200) User=0.00s Sys=0.00s Real=0.01s
[36.998s][info][gc,start       ] GC(201) Pause Young (Normal) (G1 Evacuation Pause)
[36.999s][info][gc,task        ] GC(201) Using 1 workers of 1 for evacuation
[37.001s][info][gc,phases      ] GC(201)   Pre Evacuate Collection Set: 0.0ms
[37.001s][info][gc,phases      ] GC(201)   Evacuate Collection Set: 2.4ms
[37.001s][info][gc,phases      ] GC(201)   Post Evacuate Collection Set: 0.3ms
[37.002s][info][gc,phases      ] GC(201)   Other: 0.3ms
[37.002s][info][gc,heap        ] GC(201) Eden regions: 203->0(203)
[37.002s][info][gc,heap        ] GC(201) Survivor regions: 1->1(26)
[37.002s][info][gc,heap        ] GC(201) Old regions: 37->37
[37.002s][info][gc,heap        ] GC(201) Humongous regions: 6->6
[37.002s][info][gc,metaspace   ] GC(201) Metaspace: 69934K->69934K(1112064K)
[37.002s][info][gc             ] GC(201) Pause Young (Normal) (G1 Evacuation Pause) 244M->41M(340M) 3.081ms
[37.002s][info][gc,cpu         ] GC(201) User=0.00s Sys=0.00s Real=0.00s
[37.134s][info][gc,start       ] GC(202) Pause Young (Normal) (G1 Evacuation Pause)
[37.134s][info][gc,task        ] GC(202) Using 1 workers of 1 for evacuation
[37.137s][info][gc,phases      ] GC(202)   Pre Evacuate Collection Set: 0.0ms
[37.137s][info][gc,phases      ] GC(202)   Evacuate Collection Set: 2.3ms
[37.137s][info][gc,phases      ] GC(202)   Post Evacuate Collection Set: 0.3ms
[37.137s][info][gc,phases      ] GC(202)   Other: 0.5ms
[37.137s][info][gc,heap        ] GC(202) Eden regions: 203->0(203)
[37.137s][info][gc,heap        ] GC(202) Survivor regions: 1->1(26)
[37.137s][info][gc,heap        ] GC(202) Old regions: 37->37
[37.137s][info][gc,heap        ] GC(202) Humongous regions: 11->6
[37.137s][info][gc,metaspace   ] GC(202) Metaspace: 69943K->69943K(1112064K)
[37.137s][info][gc             ] GC(202) Pause Young (Normal) (G1 Evacuation Pause) 249M->41M(340M) 3.103ms
[37.137s][info][gc,cpu         ] GC(202) User=0.01s Sys=0.00s Real=0.00s
[37.239s][info][gc,start       ] GC(203) Pause Young (Normal) (G1 Evacuation Pause)
[37.239s][info][gc,task        ] GC(203) Using 1 workers of 1 for evacuation
[37.242s][info][gc,phases      ] GC(203)   Pre Evacuate Collection Set: 0.0ms
[37.242s][info][gc,phases      ] GC(203)   Evacuate Collection Set: 2.3ms
[37.242s][info][gc,phases      ] GC(203)   Post Evacuate Collection Set: 0.3ms
[37.242s][info][gc,phases      ] GC(203)   Other: 0.3ms
[37.242s][info][gc,heap        ] GC(203) Eden regions: 203->0(203)
[37.242s][info][gc,heap        ] GC(203) Survivor regions: 1->1(26)
[37.242s][info][gc,heap        ] GC(203) Old regions: 37->37
[37.242s][info][gc,heap        ] GC(203) Humongous regions: 6->6
[37.242s][info][gc,metaspace   ] GC(203) Metaspace: 69948K->69948K(1112064K)
[37.242s][info][gc             ] GC(203) Pause Young (Normal) (G1 Evacuation Pause) 244M->41M(340M) 2.942ms
[37.242s][info][gc,cpu         ] GC(203) User=0.00s Sys=0.00s Real=0.00s
[37.338s][info][gc,start       ] GC(204) Pause Young (Normal) (G1 Evacuation Pause)
[37.338s][info][gc,task        ] GC(204) Using 1 workers of 1 for evacuation
[37.341s][info][gc,phases      ] GC(204)   Pre Evacuate Collection Set: 0.0ms
[37.341s][info][gc,phases      ] GC(204)   Evacuate Collection Set: 2.2ms
[37.341s][info][gc,phases      ] GC(204)   Post Evacuate Collection Set: 0.3ms
[37.341s][info][gc,phases      ] GC(204)   Other: 0.3ms
[37.341s][info][gc,heap        ] GC(204) Eden regions: 203->0(203)
[37.341s][info][gc,heap        ] GC(204) Survivor regions: 1->1(26)
[37.341s][info][gc,heap        ] GC(204) Old regions: 37->37
[37.341s][info][gc,heap        ] GC(204) Humongous regions: 6->6
[37.341s][info][gc,metaspace   ] GC(204) Metaspace: 69948K->69948K(1112064K)
[37.341s][info][gc             ] GC(204) Pause Young (Normal) (G1 Evacuation Pause) 244M->41M(340M) 2.820ms
[37.341s][info][gc,cpu         ] GC(204) User=0.00s Sys=0.00s Real=0.00s
[37.441s][info][gc,start       ] GC(205) Pause Young (Normal) (G1 Evacuation Pause)
[37.441s][info][gc,task        ] GC(205) Using 1 workers of 1 for evacuation
[37.443s][info][gc,phases      ] GC(205)   Pre Evacuate Collection Set: 0.0ms
[37.443s][info][gc,phases      ] GC(205)   Evacuate Collection Set: 2.2ms
[37.443s][info][gc,phases      ] GC(205)   Post Evacuate Collection Set: 0.3ms
[37.443s][info][gc,phases      ] GC(205)   Other: 0.3ms
[37.443s][info][gc,heap        ] GC(205) Eden regions: 203->0(203)
[37.443s][info][gc,heap        ] GC(205) Survivor regions: 1->1(26)
[37.443s][info][gc,heap        ] GC(205) Old regions: 37->37
[37.443s][info][gc,heap        ] GC(205) Humongous regions: 6->6
[37.443s][info][gc,metaspace   ] GC(205) Metaspace: 69948K->69948K(1112064K)
[37.443s][info][gc             ] GC(205) Pause Young (Normal) (G1 Evacuation Pause) 244M->41M(340M) 2.845ms
[37.443s][info][gc,cpu         ] GC(205) User=0.00s Sys=0.00s Real=0.00s
[37.544s][info][gc,start       ] GC(206) Pause Young (Normal) (G1 Evacuation Pause)
[37.544s][info][gc,task        ] GC(206) Using 1 workers of 1 for evacuation
[37.547s][info][gc,phases      ] GC(206)   Pre Evacuate Collection Set: 0.0ms
[37.547s][info][gc,phases      ] GC(206)   Evacuate Collection Set: 2.3ms
[37.547s][info][gc,phases      ] GC(206)   Post Evacuate Collection Set: 0.3ms
[37.547s][info][gc,phases      ] GC(206)   Other: 0.3ms
[37.547s][info][gc,heap        ] GC(206) Eden regions: 203->0(203)
[37.547s][info][gc,heap        ] GC(206) Survivor regions: 1->1(26)
[37.547s][info][gc,heap        ] GC(206) Old regions: 37->37
[37.547s][info][gc,heap        ] GC(206) Humongous regions: 6->6
[37.547s][info][gc,metaspace   ] GC(206) Metaspace: 69953K->69953K(1112064K)
[37.547s][info][gc             ] GC(206) Pause Young (Normal) (G1 Evacuation Pause) 244M->41M(340M) 2.974ms
[37.547s][info][gc,cpu         ] GC(206) User=0.00s Sys=0.00s Real=0.00s
[37.642s][info][gc,start       ] GC(207) Pause Young (Normal) (G1 Evacuation Pause)
[37.642s][info][gc,task        ] GC(207) Using 1 workers of 1 for evacuation
[37.645s][info][gc,phases      ] GC(207)   Pre Evacuate Collection Set: 0.0ms
[37.645s][info][gc,phases      ] GC(207)   Evacuate Collection Set: 2.3ms
[37.645s][info][gc,phases      ] GC(207)   Post Evacuate Collection Set: 0.3ms
[37.645s][info][gc,phases      ] GC(207)   Other: 0.3ms
[37.645s][info][gc,heap        ] GC(207) Eden regions: 203->0(203)
[37.645s][info][gc,heap        ] GC(207) Survivor regions: 1->1(26)
[37.645s][info][gc,heap        ] GC(207) Old regions: 37->37
[37.645s][info][gc,heap        ] GC(207) Humongous regions: 6->6
[37.645s][info][gc,metaspace   ] GC(207) Metaspace: 69953K->69953K(1112064K)
[37.645s][info][gc             ] GC(207) Pause Young (Normal) (G1 Evacuation Pause) 244M->41M(340M) 3.016ms
[37.645s][info][gc,cpu         ] GC(207) User=0.00s Sys=0.00s Real=0.00s
[37.745s][info][gc,start       ] GC(208) Pause Young (Normal) (G1 Evacuation Pause)
[37.745s][info][gc,task        ] GC(208) Using 1 workers of 1 for evacuation
[37.749s][info][gc,phases      ] GC(208)   Pre Evacuate Collection Set: 0.1ms
[37.749s][info][gc,phases      ] GC(208)   Evacuate Collection Set: 2.7ms
[37.749s][info][gc,phases      ] GC(208)   Post Evacuate Collection Set: 0.7ms
[37.749s][info][gc,phases      ] GC(208)   Other: 0.3ms
[37.749s][info][gc,heap        ] GC(208) Eden regions: 203->0(203)
[37.749s][info][gc,heap        ] GC(208) Survivor regions: 1->1(26)
[37.749s][info][gc,heap        ] GC(208) Old regions: 37->37
[37.749s][info][gc,heap        ] GC(208) Humongous regions: 6->6
[37.749s][info][gc,metaspace   ] GC(208) Metaspace: 69953K->69953K(1112064K)
[37.749s][info][gc             ] GC(208) Pause Young (Normal) (G1 Evacuation Pause) 244M->41M(340M) 3.875ms
[37.749s][info][gc,cpu         ] GC(208) User=0.00s Sys=0.00s Real=0.00s
[37.847s][info][gc,start       ] GC(209) Pause Young (Normal) (G1 Evacuation Pause)
[37.847s][info][gc,task        ] GC(209) Using 1 workers of 1 for evacuation
[37.850s][info][gc,phases      ] GC(209)   Pre Evacuate Collection Set: 0.0ms
[37.850s][info][gc,phases      ] GC(209)   Evacuate Collection Set: 2.5ms
[37.850s][info][gc,phases      ] GC(209)   Post Evacuate Collection Set: 0.3ms
[37.850s][info][gc,phases      ] GC(209)   Other: 0.3ms
[37.850s][info][gc,heap        ] GC(209) Eden regions: 203->0(203)
[37.850s][info][gc,heap        ] GC(209) Survivor regions: 1->1(26)
[37.850s][info][gc,heap        ] GC(209) Old regions: 37->37
[37.850s][info][gc,heap        ] GC(209) Humongous regions: 6->6
[37.850s][info][gc,metaspace   ] GC(209) Metaspace: 69953K->69953K(1112064K)
[37.850s][info][gc             ] GC(209) Pause Young (Normal) (G1 Evacuation Pause) 244M->41M(340M) 3.101ms
[37.850s][info][gc,cpu         ] GC(209) User=0.00s Sys=0.00s Real=0.00s
[37.967s][info][gc,start       ] GC(210) Pause Young (Normal) (G1 Evacuation Pause)
[37.967s][info][gc,task        ] GC(210) Using 1 workers of 1 for evacuation
[37.970s][info][gc,phases      ] GC(210)   Pre Evacuate Collection Set: 0.0ms
[37.970s][info][gc,phases      ] GC(210)   Evacuate Collection Set: 2.2ms
[37.970s][info][gc,phases      ] GC(210)   Post Evacuate Collection Set: 0.4ms
[37.970s][info][gc,phases      ] GC(210)   Other: 0.4ms
[37.970s][info][gc,heap        ] GC(210) Eden regions: 203->0(203)
[37.970s][info][gc,heap        ] GC(210) Survivor regions: 1->1(26)
[37.970s][info][gc,heap        ] GC(210) Old regions: 37->37
[37.970s][info][gc,heap        ] GC(210) Humongous regions: 6->6
[37.970s][info][gc,metaspace   ] GC(210) Metaspace: 69957K->69957K(1112064K)
[37.970s][info][gc             ] GC(210) Pause Young (Normal) (G1 Evacuation Pause) 244M->41M(340M) 3.017ms
[37.970s][info][gc,cpu         ] GC(210) User=0.01s Sys=0.00s Real=0.01s
[38.104s][info][gc,start       ] GC(211) Pause Young (Normal) (G1 Evacuation Pause)
[38.104s][info][gc,task        ] GC(211) Using 1 workers of 1 for evacuation
[38.109s][info][gc,phases      ] GC(211)   Pre Evacuate Collection Set: 0.1ms
[38.109s][info][gc,phases      ] GC(211)   Evacuate Collection Set: 4.5ms
[38.109s][info][gc,phases      ] GC(211)   Post Evacuate Collection Set: 0.5ms
[38.109s][info][gc,phases      ] GC(211)   Other: 0.4ms
[38.109s][info][gc,heap        ] GC(211) Eden regions: 203->0(203)
[38.109s][info][gc,heap        ] GC(211) Survivor regions: 1->1(26)
[38.109s][info][gc,heap        ] GC(211) Old regions: 37->37
[38.109s][info][gc,heap        ] GC(211) Humongous regions: 11->6
[38.109s][info][gc,metaspace   ] GC(211) Metaspace: 69964K->69964K(1112064K)
[38.109s][info][gc             ] GC(211) Pause Young (Normal) (G1 Evacuation Pause) 249M->41M(340M) 5.563ms
[38.109s][info][gc,cpu         ] GC(211) User=0.01s Sys=0.00s Real=0.00s
[38.206s][info][gc,start       ] GC(212) Pause Young (Normal) (G1 Evacuation Pause)
[38.206s][info][gc,task        ] GC(212) Using 1 workers of 1 for evacuation
[38.209s][info][gc,phases      ] GC(212)   Pre Evacuate Collection Set: 0.0ms
[38.209s][info][gc,phases      ] GC(212)   Evacuate Collection Set: 2.5ms
[38.209s][info][gc,phases      ] GC(212)   Post Evacuate Collection Set: 0.3ms
[38.209s][info][gc,phases      ] GC(212)   Other: 0.3ms
[38.209s][info][gc,heap        ] GC(212) Eden regions: 203->0(203)
[38.209s][info][gc,heap        ] GC(212) Survivor regions: 1->1(26)
[38.209s][info][gc,heap        ] GC(212) Old regions: 37->37
[38.209s][info][gc,heap        ] GC(212) Humongous regions: 6->6
[38.209s][info][gc,metaspace   ] GC(212) Metaspace: 69966K->69966K(1112064K)
[38.209s][info][gc             ] GC(212) Pause Young (Normal) (G1 Evacuation Pause) 244M->41M(340M) 3.189ms
[38.209s][info][gc,cpu         ] GC(212) User=0.01s Sys=0.00s Real=0.00s
[38.303s][info][gc,start       ] GC(213) Pause Young (Normal) (G1 Evacuation Pause)
[38.303s][info][gc,task        ] GC(213) Using 1 workers of 1 for evacuation
[38.306s][info][gc,phases      ] GC(213)   Pre Evacuate Collection Set: 0.0ms
[38.306s][info][gc,phases      ] GC(213)   Evacuate Collection Set: 2.5ms
[38.306s][info][gc,phases      ] GC(213)   Post Evacuate Collection Set: 0.3ms
[38.306s][info][gc,phases      ] GC(213)   Other: 0.3ms
[38.306s][info][gc,heap        ] GC(213) Eden regions: 203->0(203)
[38.306s][info][gc,heap        ] GC(213) Survivor regions: 1->1(26)
[38.306s][info][gc,heap        ] GC(213) Old regions: 37->37
[38.306s][info][gc,heap        ] GC(213) Humongous regions: 6->6
[38.306s][info][gc,metaspace   ] GC(213) Metaspace: 69966K->69966K(1112064K)
[38.306s][info][gc             ] GC(213) Pause Young (Normal) (G1 Evacuation Pause) 244M->41M(340M) 3.165ms
[38.306s][info][gc,cpu         ] GC(213) User=0.00s Sys=0.00s Real=0.00s
[38.401s][info][gc,start       ] GC(214) Pause Young (Normal) (G1 Evacuation Pause)
[38.401s][info][gc,task        ] GC(214) Using 1 workers of 1 for evacuation
[38.404s][info][gc,phases      ] GC(214)   Pre Evacuate Collection Set: 0.0ms
[38.404s][info][gc,phases      ] GC(214)   Evacuate Collection Set: 2.4ms
[38.404s][info][gc,phases      ] GC(214)   Post Evacuate Collection Set: 0.4ms
[38.404s][info][gc,phases      ] GC(214)   Other: 0.3ms
[38.404s][info][gc,heap        ] GC(214) Eden regions: 203->0(203)
[38.404s][info][gc,heap        ] GC(214) Survivor regions: 1->1(26)
[38.404s][info][gc,heap        ] GC(214) Old regions: 37->37
[38.404s][info][gc,heap        ] GC(214) Humongous regions: 6->6
[38.404s][info][gc,metaspace   ] GC(214) Metaspace: 69966K->69966K(1112064K)
[38.405s][info][gc             ] GC(214) Pause Young (Normal) (G1 Evacuation Pause) 244M->41M(340M) 3.147ms
[38.405s][info][gc,cpu         ] GC(214) User=0.00s Sys=0.00s Real=0.00s
[38.502s][info][gc,start       ] GC(215) Pause Young (Normal) (G1 Evacuation Pause)
[38.503s][info][gc,task        ] GC(215) Using 1 workers of 1 for evacuation
[38.506s][info][gc,phases      ] GC(215)   Pre Evacuate Collection Set: 0.0ms
[38.506s][info][gc,phases      ] GC(215)   Evacuate Collection Set: 2.8ms
[38.506s][info][gc,phases      ] GC(215)   Post Evacuate Collection Set: 0.3ms
[38.506s][info][gc,phases      ] GC(215)   Other: 1.3ms
[38.506s][info][gc,heap        ] GC(215) Eden regions: 203->0(203)
[38.506s][info][gc,heap        ] GC(215) Survivor regions: 1->1(26)
[38.506s][info][gc,heap        ] GC(215) Old regions: 37->37
[38.506s][info][gc,heap        ] GC(215) Humongous regions: 6->6
[38.506s][info][gc,metaspace   ] GC(215) Metaspace: 69966K->69966K(1112064K)
[38.506s][info][gc             ] GC(215) Pause Young (Normal) (G1 Evacuation Pause) 244M->41M(340M) 4.525ms
[38.506s][info][gc,cpu         ] GC(215) User=0.00s Sys=0.00s Real=0.00s
[38.605s][info][gc,start       ] GC(216) Pause Young (Normal) (G1 Evacuation Pause)
[38.605s][info][gc,task        ] GC(216) Using 1 workers of 1 for evacuation
[38.609s][info][gc,phases      ] GC(216)   Pre Evacuate Collection Set: 0.0ms
[38.609s][info][gc,phases      ] GC(216)   Evacuate Collection Set: 3.7ms
[38.609s][info][gc,phases      ] GC(216)   Post Evacuate Collection Set: 0.3ms
[38.609s][info][gc,phases      ] GC(216)   Other: 0.3ms
[38.609s][info][gc,heap        ] GC(216) Eden regions: 203->0(203)
[38.609s][info][gc,heap        ] GC(216) Survivor regions: 1->1(26)
[38.609s][info][gc,heap        ] GC(216) Old regions: 37->37
[38.609s][info][gc,heap        ] GC(216) Humongous regions: 6->6
[38.609s][info][gc,metaspace   ] GC(216) Metaspace: 69966K->69966K(1112064K)
[38.609s][info][gc             ] GC(216) Pause Young (Normal) (G1 Evacuation Pause) 244M->41M(340M) 4.399ms
[38.609s][info][gc,cpu         ] GC(216) User=0.00s Sys=0.00s Real=0.00s
[38.707s][info][gc,start       ] GC(217) Pause Young (Normal) (G1 Evacuation Pause)
[38.707s][info][gc,task        ] GC(217) Using 1 workers of 1 for evacuation
[38.710s][info][gc,phases      ] GC(217)   Pre Evacuate Collection Set: 0.0ms
[38.710s][info][gc,phases      ] GC(217)   Evacuate Collection Set: 2.7ms
[38.710s][info][gc,phases      ] GC(217)   Post Evacuate Collection Set: 0.3ms
[38.710s][info][gc,phases      ] GC(217)   Other: 0.4ms
[38.710s][info][gc,heap        ] GC(217) Eden regions: 203->0(203)
[38.710s][info][gc,heap        ] GC(217) Survivor regions: 1->1(26)
[38.710s][info][gc,heap        ] GC(217) Old regions: 37->37
[38.710s][info][gc,heap        ] GC(217) Humongous regions: 6->6
[38.710s][info][gc,metaspace   ] GC(217) Metaspace: 69966K->69966K(1112064K)
[38.710s][info][gc             ] GC(217) Pause Young (Normal) (G1 Evacuation Pause) 244M->41M(340M) 3.405ms
[38.710s][info][gc,cpu         ] GC(217) User=0.00s Sys=0.00s Real=0.01s
[38.821s][info][gc,start       ] GC(218) Pause Young (Normal) (G1 Evacuation Pause)
[38.821s][info][gc,task        ] GC(218) Using 1 workers of 1 for evacuation
[38.824s][info][gc,phases      ] GC(218)   Pre Evacuate Collection Set: 0.0ms
[38.824s][info][gc,phases      ] GC(218)   Evacuate Collection Set: 2.5ms
[38.824s][info][gc,phases      ] GC(218)   Post Evacuate Collection Set: 0.3ms
[38.824s][info][gc,phases      ] GC(218)   Other: 0.3ms
[38.824s][info][gc,heap        ] GC(218) Eden regions: 203->0(203)
[38.824s][info][gc,heap        ] GC(218) Survivor regions: 1->1(26)
[38.824s][info][gc,heap        ] GC(218) Old regions: 37->37
[38.824s][info][gc,heap        ] GC(218) Humongous regions: 6->6
[38.824s][info][gc,metaspace   ] GC(218) Metaspace: 69966K->69966K(1112064K)
[38.824s][info][gc             ] GC(218) Pause Young (Normal) (G1 Evacuation Pause) 244M->41M(340M) 3.127ms
[38.824s][info][gc,cpu         ] GC(218) User=0.01s Sys=0.00s Real=0.00s
[38.923s][info][gc,start       ] GC(219) Pause Young (Normal) (G1 Evacuation Pause)
[38.923s][info][gc,task        ] GC(219) Using 1 workers of 1 for evacuation
[38.932s][info][gc,phases      ] GC(219)   Pre Evacuate Collection Set: 0.0ms
[38.932s][info][gc,phases      ] GC(219)   Evacuate Collection Set: 8.5ms
[38.932s][info][gc,phases      ] GC(219)   Post Evacuate Collection Set: 0.3ms
[38.932s][info][gc,phases      ] GC(219)   Other: 0.3ms
[38.932s][info][gc,heap        ] GC(219) Eden regions: 203->0(203)
[38.932s][info][gc,heap        ] GC(219) Survivor regions: 1->1(26)
[38.932s][info][gc,heap        ] GC(219) Old regions: 37->37
[38.932s][info][gc,heap        ] GC(219) Humongous regions: 6->6
[38.932s][info][gc,metaspace   ] GC(219) Metaspace: 69966K->69966K(1112064K)
[38.932s][info][gc             ] GC(219) Pause Young (Normal) (G1 Evacuation Pause) 244M->41M(340M) 9.256ms
[38.932s][info][gc,cpu         ] GC(219) User=0.00s Sys=0.00s Real=0.01s
[39.103s][info][gc,start       ] GC(220) Pause Young (Normal) (G1 Evacuation Pause)
[39.103s][info][gc,task        ] GC(220) Using 1 workers of 1 for evacuation
[39.106s][info][gc,phases      ] GC(220)   Pre Evacuate Collection Set: 0.0ms
[39.106s][info][gc,phases      ] GC(220)   Evacuate Collection Set: 2.3ms
[39.106s][info][gc,phases      ] GC(220)   Post Evacuate Collection Set: 0.4ms
[39.106s][info][gc,phases      ] GC(220)   Other: 0.3ms
[39.106s][info][gc,heap        ] GC(220) Eden regions: 203->0(203)
[39.106s][info][gc,heap        ] GC(220) Survivor regions: 1->1(26)
[39.106s][info][gc,heap        ] GC(220) Old regions: 37->37
[39.106s][info][gc,heap        ] GC(220) Humongous regions: 11->6
[39.106s][info][gc,metaspace   ] GC(220) Metaspace: 69977K->69977K(1112064K)
[39.106s][info][gc             ] GC(220) Pause Young (Normal) (G1 Evacuation Pause) 249M->41M(340M) 3.039ms
[39.106s][info][gc,cpu         ] GC(220) User=0.00s Sys=0.00s Real=0.00s
[39.205s][info][gc,start       ] GC(221) Pause Young (Normal) (G1 Evacuation Pause)
[39.205s][info][gc,task        ] GC(221) Using 1 workers of 1 for evacuation
[39.208s][info][gc,phases      ] GC(221)   Pre Evacuate Collection Set: 0.0ms
[39.208s][info][gc,phases      ] GC(221)   Evacuate Collection Set: 2.3ms
[39.208s][info][gc,phases      ] GC(221)   Post Evacuate Collection Set: 0.3ms
[39.208s][info][gc,phases      ] GC(221)   Other: 0.3ms
[39.208s][info][gc,heap        ] GC(221) Eden regions: 203->0(203)
[39.208s][info][gc,heap        ] GC(221) Survivor regions: 1->1(26)
[39.208s][info][gc,heap        ] GC(221) Old regions: 37->37
[39.208s][info][gc,heap        ] GC(221) Humongous regions: 6->6
[39.208s][info][gc,metaspace   ] GC(221) Metaspace: 69978K->69978K(1112064K)
[39.208s][info][gc             ] GC(221) Pause Young (Normal) (G1 Evacuation Pause) 244M->41M(340M) 2.996ms
[39.208s][info][gc,cpu         ] GC(221) User=0.01s Sys=0.00s Real=0.00s
[39.307s][info][gc,start       ] GC(222) Pause Young (Normal) (G1 Evacuation Pause)
[39.307s][info][gc,task        ] GC(222) Using 1 workers of 1 for evacuation
[39.311s][info][gc,phases      ] GC(222)   Pre Evacuate Collection Set: 0.0ms
[39.311s][info][gc,phases      ] GC(222)   Evacuate Collection Set: 3.0ms
[39.311s][info][gc,phases      ] GC(222)   Post Evacuate Collection Set: 0.4ms
[39.311s][info][gc,phases      ] GC(222)   Other: 0.3ms
[39.311s][info][gc,heap        ] GC(222) Eden regions: 203->0(203)
[39.311s][info][gc,heap        ] GC(222) Survivor regions: 1->1(26)
[39.311s][info][gc,heap        ] GC(222) Old regions: 37->37
[39.311s][info][gc,heap        ] GC(222) Humongous regions: 6->6
[39.311s][info][gc,metaspace   ] GC(222) Metaspace: 69978K->69978K(1112064K)
[39.311s][info][gc             ] GC(222) Pause Young (Normal) (G1 Evacuation Pause) 244M->41M(340M) 3.740ms
[39.311s][info][gc,cpu         ] GC(222) User=0.01s Sys=0.00s Real=0.01s
[39.413s][info][gc,start       ] GC(223) Pause Young (Normal) (G1 Evacuation Pause)
[39.413s][info][gc,task        ] GC(223) Using 1 workers of 1 for evacuation
[39.415s][info][gc,phases      ] GC(223)   Pre Evacuate Collection Set: 0.0ms
[39.415s][info][gc,phases      ] GC(223)   Evacuate Collection Set: 2.2ms
[39.415s][info][gc,phases      ] GC(223)   Post Evacuate Collection Set: 0.3ms
[39.415s][info][gc,phases      ] GC(223)   Other: 0.3ms
[39.415s][info][gc,heap        ] GC(223) Eden regions: 203->0(203)
[39.415s][info][gc,heap        ] GC(223) Survivor regions: 1->1(26)
[39.415s][info][gc,heap        ] GC(223) Old regions: 37->37
[39.415s][info][gc,heap        ] GC(223) Humongous regions: 6->6
[39.415s][info][gc,metaspace   ] GC(223) Metaspace: 69978K->69978K(1112064K)
[39.415s][info][gc             ] GC(223) Pause Young (Normal) (G1 Evacuation Pause) 244M->41M(340M) 2.829ms
[39.415s][info][gc,cpu         ] GC(223) User=0.00s Sys=0.00s Real=0.00s
[39.511s][info][gc,start       ] GC(224) Pause Young (Normal) (G1 Evacuation Pause)
[39.511s][info][gc,task        ] GC(224) Using 1 workers of 1 for evacuation
[39.514s][info][gc,phases      ] GC(224)   Pre Evacuate Collection Set: 0.0ms
[39.514s][info][gc,phases      ] GC(224)   Evacuate Collection Set: 2.7ms
[39.514s][info][gc,phases      ] GC(224)   Post Evacuate Collection Set: 0.3ms
[39.514s][info][gc,phases      ] GC(224)   Other: 0.3ms
[39.514s][info][gc,heap        ] GC(224) Eden regions: 203->0(203)
[39.514s][info][gc,heap        ] GC(224) Survivor regions: 1->1(26)
[39.514s][info][gc,heap        ] GC(224) Old regions: 37->37
[39.514s][info][gc,heap        ] GC(224) Humongous regions: 6->6
[39.515s][info][gc,metaspace   ] GC(224) Metaspace: 69978K->69978K(1112064K)
[39.515s][info][gc             ] GC(224) Pause Young (Normal) (G1 Evacuation Pause) 244M->41M(340M) 3.441ms
[39.515s][info][gc,cpu         ] GC(224) User=0.00s Sys=0.00s Real=0.00s
[39.610s][info][gc,start       ] GC(225) Pause Young (Normal) (G1 Evacuation Pause)
[39.610s][info][gc,task        ] GC(225) Using 1 workers of 1 for evacuation
[39.613s][info][gc,phases      ] GC(225)   Pre Evacuate Collection Set: 0.0ms
[39.613s][info][gc,phases      ] GC(225)   Evacuate Collection Set: 2.2ms
[39.613s][info][gc,phases      ] GC(225)   Post Evacuate Collection Set: 0.4ms
[39.613s][info][gc,phases      ] GC(225)   Other: 0.3ms
[39.613s][info][gc,heap        ] GC(225) Eden regions: 203->0(203)
[39.613s][info][gc,heap        ] GC(225) Survivor regions: 1->1(26)
[39.613s][info][gc,heap        ] GC(225) Old regions: 37->37
[39.613s][info][gc,heap        ] GC(225) Humongous regions: 6->6
[39.613s][info][gc,metaspace   ] GC(225) Metaspace: 69978K->69978K(1112064K)
[39.613s][info][gc             ] GC(225) Pause Young (Normal) (G1 Evacuation Pause) 244M->41M(340M) 2.945ms
[39.613s][info][gc,cpu         ] GC(225) User=0.00s Sys=0.00s Real=0.00s
[39.711s][info][gc,start       ] GC(226) Pause Young (Normal) (G1 Evacuation Pause)
[39.711s][info][gc,task        ] GC(226) Using 1 workers of 1 for evacuation
[39.714s][info][gc,phases      ] GC(226)   Pre Evacuate Collection Set: 0.0ms
[39.714s][info][gc,phases      ] GC(226)   Evacuate Collection Set: 2.3ms
[39.714s][info][gc,phases      ] GC(226)   Post Evacuate Collection Set: 0.3ms
[39.714s][info][gc,phases      ] GC(226)   Other: 0.3ms
[39.714s][info][gc,heap        ] GC(226) Eden regions: 203->0(203)
[39.714s][info][gc,heap        ] GC(226) Survivor regions: 1->1(26)
[39.714s][info][gc,heap        ] GC(226) Old regions: 37->37
[39.714s][info][gc,heap        ] GC(226) Humongous regions: 6->6
[39.714s][info][gc,metaspace   ] GC(226) Metaspace: 69978K->69978K(1112064K)
[39.714s][info][gc             ] GC(226) Pause Young (Normal) (G1 Evacuation Pause) 244M->41M(340M) 3.029ms
[39.714s][info][gc,cpu         ] GC(226) User=0.00s Sys=0.00s Real=0.00s
[39.818s][info][gc,start       ] GC(227) Pause Young (Normal) (G1 Evacuation Pause)
[39.819s][info][gc,task        ] GC(227) Using 1 workers of 1 for evacuation
[39.822s][info][gc,phases      ] GC(227)   Pre Evacuate Collection Set: 0.0ms
[39.822s][info][gc,phases      ] GC(227)   Evacuate Collection Set: 2.4ms
[39.822s][info][gc,phases      ] GC(227)   Post Evacuate Collection Set: 0.3ms
[39.822s][info][gc,phases      ] GC(227)   Other: 0.4ms
[39.822s][info][gc,heap        ] GC(227) Eden regions: 203->0(203)
[39.822s][info][gc,heap        ] GC(227) Survivor regions: 1->1(26)
[39.822s][info][gc,heap        ] GC(227) Old regions: 37->37
[39.822s][info][gc,heap        ] GC(227) Humongous regions: 6->6
[39.822s][info][gc,metaspace   ] GC(227) Metaspace: 69978K->69978K(1112064K)
[39.822s][info][gc             ] GC(227) Pause Young (Normal) (G1 Evacuation Pause) 244M->41M(340M) 3.241ms
[39.822s][info][gc,cpu         ] GC(227) User=0.01s Sys=0.00s Real=0.00s
[40.311s][info][gc,start       ] GC(228) Pause Young (Normal) (G1 Evacuation Pause)
[40.311s][info][gc,task        ] GC(228) Using 1 workers of 1 for evacuation
[40.315s][info][gc,phases      ] GC(228)   Pre Evacuate Collection Set: 0.0ms
[40.315s][info][gc,phases      ] GC(228)   Evacuate Collection Set: 3.6ms
[40.315s][info][gc,phases      ] GC(228)   Post Evacuate Collection Set: 0.4ms
[40.315s][info][gc,phases      ] GC(228)   Other: 0.5ms
[40.315s][info][gc,heap        ] GC(228) Eden regions: 203->0(203)
[40.315s][info][gc,heap        ] GC(228) Survivor regions: 1->1(26)
[40.315s][info][gc,heap        ] GC(228) Old regions: 37->37
[40.315s][info][gc,heap        ] GC(228) Humongous regions: 21->6
[40.315s][info][gc,metaspace   ] GC(228) Metaspace: 70183K->70183K(1112064K)
[40.315s][info][gc             ] GC(228) Pause Young (Normal) (G1 Evacuation Pause) 259M->42M(340M) 4.509ms
[40.315s][info][gc,cpu         ] GC(228) User=0.00s Sys=0.00s Real=0.00s
[41.045s][info][gc,start       ] GC(229) Pause Young (Normal) (G1 Evacuation Pause)
[41.046s][info][gc,task        ] GC(229) Using 1 workers of 1 for evacuation
[41.051s][info][gc,phases      ] GC(229)   Pre Evacuate Collection Set: 0.0ms
[41.051s][info][gc,phases      ] GC(229)   Evacuate Collection Set: 4.8ms
[41.051s][info][gc,phases      ] GC(229)   Post Evacuate Collection Set: 0.4ms
[41.051s][info][gc,phases      ] GC(229)   Other: 0.5ms
[41.051s][info][gc,heap        ] GC(229) Eden regions: 203->0(202)
[41.051s][info][gc,heap        ] GC(229) Survivor regions: 1->2(26)
[41.051s][info][gc,heap        ] GC(229) Old regions: 37->37
[41.051s][info][gc,heap        ] GC(229) Humongous regions: 16->6
[41.051s][info][gc,metaspace   ] GC(229) Metaspace: 70349K->70349K(1112064K)
[41.051s][info][gc             ] GC(229) Pause Young (Normal) (G1 Evacuation Pause) 255M->42M(340M) 5.692ms
[41.051s][info][gc,cpu         ] GC(229) User=0.01s Sys=0.00s Real=0.01s
[41.251s][info][gc,start       ] GC(230) Pause Young (Normal) (G1 Evacuation Pause)
[41.251s][info][gc,task        ] GC(230) Using 1 workers of 1 for evacuation
[41.255s][info][gc,phases      ] GC(230)   Pre Evacuate Collection Set: 0.0ms
[41.255s][info][gc,phases      ] GC(230)   Evacuate Collection Set: 3.9ms
[41.255s][info][gc,phases      ] GC(230)   Post Evacuate Collection Set: 0.3ms
[41.255s][info][gc,phases      ] GC(230)   Other: 0.4ms
[41.255s][info][gc,heap        ] GC(230) Eden regions: 202->0(202)
[41.255s][info][gc,heap        ] GC(230) Survivor regions: 2->2(26)
[41.255s][info][gc,heap        ] GC(230) Old regions: 37->37
[41.255s][info][gc,heap        ] GC(230) Humongous regions: 6->6
[41.255s][info][gc,metaspace   ] GC(230) Metaspace: 70349K->70349K(1112064K)
[41.255s][info][gc             ] GC(230) Pause Young (Normal) (G1 Evacuation Pause) 244M->43M(340M) 4.622ms
[41.255s][info][gc,cpu         ] GC(230) User=0.01s Sys=0.00s Real=0.00s
[41.458s][info][gc,start       ] GC(231) Pause Young (Normal) (G1 Evacuation Pause)
[41.458s][info][gc,task        ] GC(231) Using 1 workers of 1 for evacuation
[41.462s][info][gc,phases      ] GC(231)   Pre Evacuate Collection Set: 0.0ms
[41.462s][info][gc,phases      ] GC(231)   Evacuate Collection Set: 3.8ms
[41.462s][info][gc,phases      ] GC(231)   Post Evacuate Collection Set: 0.4ms
[41.462s][info][gc,phases      ] GC(231)   Other: 0.4ms
[41.462s][info][gc,heap        ] GC(231) Eden regions: 202->0(202)
[41.462s][info][gc,heap        ] GC(231) Survivor regions: 2->2(26)
[41.462s][info][gc,heap        ] GC(231) Old regions: 37->37
[41.462s][info][gc,heap        ] GC(231) Humongous regions: 6->6
[41.462s][info][gc,metaspace   ] GC(231) Metaspace: 70349K->70349K(1112064K)
[41.462s][info][gc             ] GC(231) Pause Young (Normal) (G1 Evacuation Pause) 245M->43M(340M) 4.597ms
[41.462s][info][gc,cpu         ] GC(231) User=0.00s Sys=0.00s Real=0.00s
[41.654s][info][gc,start       ] GC(232) Pause Young (Normal) (G1 Evacuation Pause)
[41.654s][info][gc,task        ] GC(232) Using 1 workers of 1 for evacuation
[41.660s][info][gc,phases      ] GC(232)   Pre Evacuate Collection Set: 0.0ms
[41.660s][info][gc,phases      ] GC(232)   Evacuate Collection Set: 3.8ms
[41.660s][info][gc,phases      ] GC(232)   Post Evacuate Collection Set: 1.4ms
[41.660s][info][gc,phases      ] GC(232)   Other: 0.3ms
[41.660s][info][gc,heap        ] GC(232) Eden regions: 202->0(202)
[41.660s][info][gc,heap        ] GC(232) Survivor regions: 2->2(26)
[41.660s][info][gc,heap        ] GC(232) Old regions: 37->37
[41.660s][info][gc,heap        ] GC(232) Humongous regions: 6->6
[41.660s][info][gc,metaspace   ] GC(232) Metaspace: 70349K->70349K(1112064K)
[41.660s][info][gc             ] GC(232) Pause Young (Normal) (G1 Evacuation Pause) 245M->42M(340M) 5.570ms
[41.660s][info][gc,cpu         ] GC(232) User=0.00s Sys=0.00s Real=0.01s
[41.858s][info][gc,start       ] GC(233) Pause Young (Normal) (G1 Evacuation Pause)
[41.859s][info][gc,task        ] GC(233) Using 1 workers of 1 for evacuation
[41.865s][info][gc,phases      ] GC(233)   Pre Evacuate Collection Set: 0.0ms
[41.865s][info][gc,phases      ] GC(233)   Evacuate Collection Set: 4.0ms
[41.865s][info][gc,phases      ] GC(233)   Post Evacuate Collection Set: 2.2ms
[41.865s][info][gc,phases      ] GC(233)   Other: 0.3ms
[41.865s][info][gc,heap        ] GC(233) Eden regions: 202->0(202)
[41.865s][info][gc,heap        ] GC(233) Survivor regions: 2->2(26)
[41.865s][info][gc,heap        ] GC(233) Old regions: 37->37
[41.865s][info][gc,heap        ] GC(233) Humongous regions: 6->6
[41.865s][info][gc,metaspace   ] GC(233) Metaspace: 70349K->70349K(1112064K)
[41.865s][info][gc             ] GC(233) Pause Young (Normal) (G1 Evacuation Pause) 244M->43M(340M) 6.674ms
[41.865s][info][gc,cpu         ] GC(233) User=0.01s Sys=0.00s Real=0.00s
[42.056s][info][gc,start       ] GC(234) Pause Young (Normal) (G1 Evacuation Pause)
[42.056s][info][gc,task        ] GC(234) Using 1 workers of 1 for evacuation
[42.061s][info][gc,phases      ] GC(234)   Pre Evacuate Collection Set: 0.0ms
[42.061s][info][gc,phases      ] GC(234)   Evacuate Collection Set: 4.8ms
[42.061s][info][gc,phases      ] GC(234)   Post Evacuate Collection Set: 0.4ms
[42.061s][info][gc,phases      ] GC(234)   Other: 0.3ms
[42.061s][info][gc,heap        ] GC(234) Eden regions: 202->0(202)
[42.061s][info][gc,heap        ] GC(234) Survivor regions: 2->2(26)
[42.061s][info][gc,heap        ] GC(234) Old regions: 37->37
[42.061s][info][gc,heap        ] GC(234) Humongous regions: 6->6
[42.061s][info][gc,metaspace   ] GC(234) Metaspace: 70349K->70349K(1112064K)
[42.061s][info][gc             ] GC(234) Pause Young (Normal) (G1 Evacuation Pause) 245M->42M(340M) 5.625ms
[42.061s][info][gc,cpu         ] GC(234) User=0.00s Sys=0.00s Real=0.01s
[42.163s][info][gc,start       ] GC(235) Pause Young (Normal) (G1 Evacuation Pause)
[42.163s][info][gc,task        ] GC(235) Using 1 workers of 1 for evacuation
[42.167s][info][gc,phases      ] GC(235)   Pre Evacuate Collection Set: 0.0ms
[42.167s][info][gc,phases      ] GC(235)   Evacuate Collection Set: 3.9ms
[42.167s][info][gc,phases      ] GC(235)   Post Evacuate Collection Set: 0.4ms
[42.167s][info][gc,phases      ] GC(235)   Other: 0.3ms
[42.167s][info][gc,heap        ] GC(235) Eden regions: 202->0(202)
[42.167s][info][gc,heap        ] GC(235) Survivor regions: 2->2(26)
[42.167s][info][gc,heap        ] GC(235) Old regions: 37->37
[42.167s][info][gc,heap        ] GC(235) Humongous regions: 6->6
[42.167s][info][gc,metaspace   ] GC(235) Metaspace: 70349K->70349K(1112064K)
[42.167s][info][gc             ] GC(235) Pause Young (Normal) (G1 Evacuation Pause) 244M->42M(340M) 4.668ms
[42.167s][info][gc,cpu         ] GC(235) User=0.01s Sys=0.00s Real=0.00s
[42.267s][info][gc,start       ] GC(236) Pause Young (Normal) (G1 Evacuation Pause)
[42.267s][info][gc,task        ] GC(236) Using 1 workers of 1 for evacuation
[42.272s][info][gc,phases      ] GC(236)   Pre Evacuate Collection Set: 0.0ms
[42.272s][info][gc,phases      ] GC(236)   Evacuate Collection Set: 3.9ms
[42.272s][info][gc,phases      ] GC(236)   Post Evacuate Collection Set: 0.3ms
[42.272s][info][gc,phases      ] GC(236)   Other: 0.5ms
[42.272s][info][gc,heap        ] GC(236) Eden regions: 202->0(202)
[42.272s][info][gc,heap        ] GC(236) Survivor regions: 2->2(26)
[42.272s][info][gc,heap        ] GC(236) Old regions: 37->37
[42.272s][info][gc,heap        ] GC(236) Humongous regions: 6->6
[42.272s][info][gc,metaspace   ] GC(236) Metaspace: 70349K->70349K(1112064K)
[42.272s][info][gc             ] GC(236) Pause Young (Normal) (G1 Evacuation Pause) 244M->42M(340M) 4.909ms
[42.272s][info][gc,cpu         ] GC(236) User=0.00s Sys=0.00s Real=0.01s
[42.371s][info][gc,start       ] GC(237) Pause Young (Normal) (G1 Evacuation Pause)
[42.371s][info][gc,task        ] GC(237) Using 1 workers of 1 for evacuation
[42.375s][info][gc,phases      ] GC(237)   Pre Evacuate Collection Set: 0.0ms
[42.375s][info][gc,phases      ] GC(237)   Evacuate Collection Set: 3.6ms
[42.375s][info][gc,phases      ] GC(237)   Post Evacuate Collection Set: 0.3ms
[42.375s][info][gc,phases      ] GC(237)   Other: 0.3ms
[42.375s][info][gc,heap        ] GC(237) Eden regions: 202->0(202)
[42.375s][info][gc,heap        ] GC(237) Survivor regions: 2->2(26)
[42.375s][info][gc,heap        ] GC(237) Old regions: 37->37
[42.375s][info][gc,heap        ] GC(237) Humongous regions: 6->6
[42.375s][info][gc,metaspace   ] GC(237) Metaspace: 70349K->70349K(1112064K)
[42.375s][info][gc             ] GC(237) Pause Young (Normal) (G1 Evacuation Pause) 244M->42M(340M) 4.334ms
[42.375s][info][gc,cpu         ] GC(237) User=0.01s Sys=0.00s Real=0.00s
[42.509s][info][gc,start       ] GC(238) Pause Young (Normal) (G1 Evacuation Pause)
[42.509s][info][gc,task        ] GC(238) Using 1 workers of 1 for evacuation
[42.513s][info][gc,phases      ] GC(238)   Pre Evacuate Collection Set: 0.0ms
[42.513s][info][gc,phases      ] GC(238)   Evacuate Collection Set: 3.5ms
[42.513s][info][gc,phases      ] GC(238)   Post Evacuate Collection Set: 0.3ms
[42.513s][info][gc,phases      ] GC(238)   Other: 0.4ms
[42.513s][info][gc,heap        ] GC(238) Eden regions: 202->0(202)
[42.513s][info][gc,heap        ] GC(238) Survivor regions: 2->2(26)
[42.513s][info][gc,heap        ] GC(238) Old regions: 37->37
[42.513s][info][gc,heap        ] GC(238) Humongous regions: 11->6
[42.513s][info][gc,metaspace   ] GC(238) Metaspace: 70361K->70361K(1112064K)
[42.513s][info][gc             ] GC(238) Pause Young (Normal) (G1 Evacuation Pause) 249M->42M(340M) 4.202ms
[42.513s][info][gc,cpu         ] GC(238) User=0.00s Sys=0.00s Real=0.01s
[42.608s][info][gc,start       ] GC(239) Pause Young (Normal) (G1 Evacuation Pause)
[42.608s][info][gc,task        ] GC(239) Using 1 workers of 1 for evacuation
[42.615s][info][gc,phases      ] GC(239)   Pre Evacuate Collection Set: 0.0ms
[42.615s][info][gc,phases      ] GC(239)   Evacuate Collection Set: 6.0ms
[42.615s][info][gc,phases      ] GC(239)   Post Evacuate Collection Set: 0.4ms
[42.615s][info][gc,phases      ] GC(239)   Other: 0.3ms
[42.615s][info][gc,heap        ] GC(239) Eden regions: 202->0(202)
[42.615s][info][gc,heap        ] GC(239) Survivor regions: 2->2(26)
[42.615s][info][gc,heap        ] GC(239) Old regions: 37->37
[42.615s][info][gc,heap        ] GC(239) Humongous regions: 6->6
[42.615s][info][gc,metaspace   ] GC(239) Metaspace: 70363K->70363K(1112064K)
[42.615s][info][gc             ] GC(239) Pause Young (Normal) (G1 Evacuation Pause) 244M->42M(340M) 6.806ms
[42.615s][info][gc,cpu         ] GC(239) User=0.00s Sys=0.00s Real=0.01s
[42.712s][info][gc,start       ] GC(240) Pause Young (Normal) (G1 Evacuation Pause)
[42.712s][info][gc,task        ] GC(240) Using 1 workers of 1 for evacuation
[42.716s][info][gc,phases      ] GC(240)   Pre Evacuate Collection Set: 0.0ms
[42.716s][info][gc,phases      ] GC(240)   Evacuate Collection Set: 3.5ms
[42.716s][info][gc,phases      ] GC(240)   Post Evacuate Collection Set: 0.3ms
[42.716s][info][gc,phases      ] GC(240)   Other: 0.4ms
[42.716s][info][gc,heap        ] GC(240) Eden regions: 202->0(202)
[42.716s][info][gc,heap        ] GC(240) Survivor regions: 2->2(26)
[42.716s][info][gc,heap        ] GC(240) Old regions: 37->37
[42.716s][info][gc,heap        ] GC(240) Humongous regions: 6->6
[42.716s][info][gc,metaspace   ] GC(240) Metaspace: 70364K->70364K(1112064K)
[42.716s][info][gc             ] GC(240) Pause Young (Normal) (G1 Evacuation Pause) 244M->42M(340M) 4.307ms
[42.716s][info][gc,cpu         ] GC(240) User=0.00s Sys=0.00s Real=0.00s
[42.818s][info][gc,start       ] GC(241) Pause Young (Normal) (G1 Evacuation Pause)
[42.818s][info][gc,task        ] GC(241) Using 1 workers of 1 for evacuation
[42.822s][info][gc,phases      ] GC(241)   Pre Evacuate Collection Set: 0.0ms
[42.822s][info][gc,phases      ] GC(241)   Evacuate Collection Set: 3.5ms
[42.822s][info][gc,phases      ] GC(241)   Post Evacuate Collection Set: 0.3ms
[42.822s][info][gc,phases      ] GC(241)   Other: 0.3ms
[42.822s][info][gc,heap        ] GC(241) Eden regions: 202->0(202)
[42.822s][info][gc,heap        ] GC(241) Survivor regions: 2->2(26)
[42.822s][info][gc,heap        ] GC(241) Old regions: 37->37
[42.822s][info][gc,heap        ] GC(241) Humongous regions: 6->6
[42.822s][info][gc,metaspace   ] GC(241) Metaspace: 70364K->70364K(1112064K)
[42.822s][info][gc             ] GC(241) Pause Young (Normal) (G1 Evacuation Pause) 244M->42M(340M) 4.179ms
[42.822s][info][gc,cpu         ] GC(241) User=0.00s Sys=0.00s Real=0.00s
[42.918s][info][gc,start       ] GC(242) Pause Young (Normal) (G1 Evacuation Pause)
[42.918s][info][gc,task        ] GC(242) Using 1 workers of 1 for evacuation
[42.922s][info][gc,phases      ] GC(242)   Pre Evacuate Collection Set: 0.0ms
[42.922s][info][gc,phases      ] GC(242)   Evacuate Collection Set: 3.4ms
[42.922s][info][gc,phases      ] GC(242)   Post Evacuate Collection Set: 0.4ms
[42.922s][info][gc,phases      ] GC(242)   Other: 0.3ms
[42.922s][info][gc,heap        ] GC(242) Eden regions: 202->0(202)
[42.922s][info][gc,heap        ] GC(242) Survivor regions: 2->2(26)
[42.922s][info][gc,heap        ] GC(242) Old regions: 37->37
[42.922s][info][gc,heap        ] GC(242) Humongous regions: 6->6
[42.922s][info][gc,metaspace   ] GC(242) Metaspace: 70364K->70364K(1112064K)
[42.922s][info][gc             ] GC(242) Pause Young (Normal) (G1 Evacuation Pause) 244M->42M(340M) 4.138ms
[42.923s][info][gc,cpu         ] GC(242) User=0.00s Sys=0.00s Real=0.00s
[43.020s][info][gc,start       ] GC(243) Pause Young (Normal) (G1 Evacuation Pause)
[43.020s][info][gc,task        ] GC(243) Using 1 workers of 1 for evacuation
[43.024s][info][gc,phases      ] GC(243)   Pre Evacuate Collection Set: 0.0ms
[43.024s][info][gc,phases      ] GC(243)   Evacuate Collection Set: 3.5ms
[43.024s][info][gc,phases      ] GC(243)   Post Evacuate Collection Set: 0.3ms
[43.024s][info][gc,phases      ] GC(243)   Other: 0.3ms
[43.024s][info][gc,heap        ] GC(243) Eden regions: 202->0(203)
[43.024s][info][gc,heap        ] GC(243) Survivor regions: 2->1(26)
[43.024s][info][gc,heap        ] GC(243) Old regions: 37->37
[43.024s][info][gc,heap        ] GC(243) Humongous regions: 6->6
[43.024s][info][gc,metaspace   ] GC(243) Metaspace: 70364K->70364K(1112064K)
[43.024s][info][gc             ] GC(243) Pause Young (Normal) (G1 Evacuation Pause) 244M->42M(340M) 4.152ms
[43.024s][info][gc,cpu         ] GC(243) User=0.00s Sys=0.00s Real=0.00s
[43.120s][info][gc,start       ] GC(244) Pause Young (Normal) (G1 Evacuation Pause)
[43.120s][info][gc,task        ] GC(244) Using 1 workers of 1 for evacuation
[43.123s][info][gc,phases      ] GC(244)   Pre Evacuate Collection Set: 0.0ms
[43.123s][info][gc,phases      ] GC(244)   Evacuate Collection Set: 2.9ms
[43.123s][info][gc,phases      ] GC(244)   Post Evacuate Collection Set: 0.3ms
[43.123s][info][gc,phases      ] GC(244)   Other: 0.3ms
[43.123s][info][gc,heap        ] GC(244) Eden regions: 203->0(203)
[43.123s][info][gc,heap        ] GC(244) Survivor regions: 1->1(26)
[43.123s][info][gc,heap        ] GC(244) Old regions: 37->38
[43.123s][info][gc,heap        ] GC(244) Humongous regions: 6->6
[43.123s][info][gc,metaspace   ] GC(244) Metaspace: 70364K->70364K(1112064K)
[43.123s][info][gc             ] GC(244) Pause Young (Normal) (G1 Evacuation Pause) 245M->42M(340M) 3.537ms
[43.123s][info][gc,cpu         ] GC(244) User=0.00s Sys=0.00s Real=0.00s
[43.220s][info][gc,start       ] GC(245) Pause Young (Normal) (G1 Evacuation Pause)
[43.220s][info][gc,task        ] GC(245) Using 1 workers of 1 for evacuation
[43.223s][info][gc,phases      ] GC(245)   Pre Evacuate Collection Set: 0.0ms
[43.223s][info][gc,phases      ] GC(245)   Evacuate Collection Set: 2.4ms
[43.223s][info][gc,phases      ] GC(245)   Post Evacuate Collection Set: 0.3ms
[43.223s][info][gc,phases      ] GC(245)   Other: 0.3ms
[43.223s][info][gc,heap        ] GC(245) Eden regions: 203->0(203)
[43.223s][info][gc,heap        ] GC(245) Survivor regions: 1->1(26)
[43.223s][info][gc,heap        ] GC(245) Old regions: 38->38
[43.223s][info][gc,heap        ] GC(245) Humongous regions: 6->6
[43.223s][info][gc,metaspace   ] GC(245) Metaspace: 70364K->70364K(1112064K)
[43.223s][info][gc             ] GC(245) Pause Young (Normal) (G1 Evacuation Pause) 245M->42M(340M) 2.997ms
[43.223s][info][gc,cpu         ] GC(245) User=0.00s Sys=0.00s Real=0.00s
[43.331s][info][gc,start       ] GC(246) Pause Young (Normal) (G1 Evacuation Pause)
[43.331s][info][gc,task        ] GC(246) Using 1 workers of 1 for evacuation
[43.335s][info][gc,phases      ] GC(246)   Pre Evacuate Collection Set: 0.0ms
[43.335s][info][gc,phases      ] GC(246)   Evacuate Collection Set: 3.2ms
[43.335s][info][gc,phases      ] GC(246)   Post Evacuate Collection Set: 0.4ms
[43.335s][info][gc,phases      ] GC(246)   Other: 0.4ms
[43.335s][info][gc,heap        ] GC(246) Eden regions: 203->0(203)
[43.335s][info][gc,heap        ] GC(246) Survivor regions: 1->1(26)
[43.335s][info][gc,heap        ] GC(246) Old regions: 38->38
[43.335s][info][gc,heap        ] GC(246) Humongous regions: 6->6
[43.335s][info][gc,metaspace   ] GC(246) Metaspace: 70364K->70364K(1112064K)
[43.335s][info][gc             ] GC(246) Pause Young (Normal) (G1 Evacuation Pause) 245M->42M(340M) 4.124ms
[43.335s][info][gc,cpu         ] GC(246) User=0.00s Sys=0.00s Real=0.00s
[43.479s][info][gc,start       ] GC(247) Pause Young (Normal) (G1 Evacuation Pause)
[43.479s][info][gc,task        ] GC(247) Using 1 workers of 1 for evacuation
[43.483s][info][gc,phases      ] GC(247)   Pre Evacuate Collection Set: 0.0ms
[43.483s][info][gc,phases      ] GC(247)   Evacuate Collection Set: 3.2ms
[43.483s][info][gc,phases      ] GC(247)   Post Evacuate Collection Set: 0.4ms
[43.483s][info][gc,phases      ] GC(247)   Other: 0.4ms
[43.483s][info][gc,heap        ] GC(247) Eden regions: 203->0(203)
[43.483s][info][gc,heap        ] GC(247) Survivor regions: 1->1(26)
[43.483s][info][gc,heap        ] GC(247) Old regions: 38->38
[43.483s][info][gc,heap        ] GC(247) Humongous regions: 11->6
[43.483s][info][gc,metaspace   ] GC(247) Metaspace: 70373K->70373K(1112064K)
[43.483s][info][gc             ] GC(247) Pause Young (Normal) (G1 Evacuation Pause) 250M->43M(340M) 4.041ms
[43.483s][info][gc,cpu         ] GC(247) User=0.01s Sys=0.00s Real=0.00s
[43.583s][info][gc,start       ] GC(248) Pause Young (Normal) (G1 Evacuation Pause)
[43.584s][info][gc,task        ] GC(248) Using 1 workers of 1 for evacuation
[43.588s][info][gc,phases      ] GC(248)   Pre Evacuate Collection Set: 0.0ms
[43.588s][info][gc,phases      ] GC(248)   Evacuate Collection Set: 2.9ms
[43.588s][info][gc,phases      ] GC(248)   Post Evacuate Collection Set: 0.4ms
[43.588s][info][gc,phases      ] GC(248)   Other: 1.2ms
[43.588s][info][gc,heap        ] GC(248) Eden regions: 203->0(203)
[43.588s][info][gc,heap        ] GC(248) Survivor regions: 1->1(26)
[43.588s][info][gc,heap        ] GC(248) Old regions: 38->38
[43.588s][info][gc,heap        ] GC(248) Humongous regions: 6->6
[43.588s][info][gc,metaspace   ] GC(248) Metaspace: 70373K->70373K(1112064K)
[43.588s][info][gc             ] GC(248) Pause Young (Normal) (G1 Evacuation Pause) 246M->42M(340M) 4.450ms
[43.588s][info][gc,cpu         ] GC(248) User=0.00s Sys=0.00s Real=0.00s
[43.697s][info][gc,start       ] GC(249) Pause Young (Normal) (G1 Evacuation Pause)
[43.697s][info][gc,task        ] GC(249) Using 1 workers of 1 for evacuation
[43.701s][info][gc,phases      ] GC(249)   Pre Evacuate Collection Set: 0.0ms
[43.701s][info][gc,phases      ] GC(249)   Evacuate Collection Set: 2.9ms
[43.701s][info][gc,phases      ] GC(249)   Post Evacuate Collection Set: 0.3ms
[43.701s][info][gc,phases      ] GC(249)   Other: 0.3ms
[43.701s][info][gc,heap        ] GC(249) Eden regions: 203->0(203)
[43.701s][info][gc,heap        ] GC(249) Survivor regions: 1->1(26)
[43.701s][info][gc,heap        ] GC(249) Old regions: 38->38
[43.701s][info][gc,heap        ] GC(249) Humongous regions: 6->6
[43.701s][info][gc,metaspace   ] GC(249) Metaspace: 70373K->70373K(1112064K)
[43.701s][info][gc             ] GC(249) Pause Young (Normal) (G1 Evacuation Pause) 245M->42M(340M) 3.640ms
[43.701s][info][gc,cpu         ] GC(249) User=0.00s Sys=0.00s Real=0.01s
[43.813s][info][gc,start       ] GC(250) Pause Young (Normal) (G1 Evacuation Pause)
[43.813s][info][gc,task        ] GC(250) Using 1 workers of 1 for evacuation
[43.817s][info][gc,phases      ] GC(250)   Pre Evacuate Collection Set: 0.0ms
[43.817s][info][gc,phases      ] GC(250)   Evacuate Collection Set: 3.1ms
[43.817s][info][gc,phases      ] GC(250)   Post Evacuate Collection Set: 0.4ms
[43.817s][info][gc,phases      ] GC(250)   Other: 0.3ms
[43.817s][info][gc,heap        ] GC(250) Eden regions: 203->0(203)
[43.817s][info][gc,heap        ] GC(250) Survivor regions: 1->1(26)
[43.817s][info][gc,heap        ] GC(250) Old regions: 38->38
[43.817s][info][gc,heap        ] GC(250) Humongous regions: 6->6
[43.817s][info][gc,metaspace   ] GC(250) Metaspace: 70373K->70373K(1112064K)
[43.817s][info][gc             ] GC(250) Pause Young (Normal) (G1 Evacuation Pause) 245M->43M(340M) 3.848ms
[43.817s][info][gc,cpu         ] GC(250) User=0.01s Sys=0.00s Real=0.00s
[43.927s][info][gc,start       ] GC(251) Pause Young (Normal) (G1 Evacuation Pause)
[43.927s][info][gc,task        ] GC(251) Using 1 workers of 1 for evacuation
[43.930s][info][gc,phases      ] GC(251)   Pre Evacuate Collection Set: 0.0ms
[43.930s][info][gc,phases      ] GC(251)   Evacuate Collection Set: 2.4ms
[43.930s][info][gc,phases      ] GC(251)   Post Evacuate Collection Set: 0.4ms
[43.930s][info][gc,phases      ] GC(251)   Other: 0.3ms
[43.930s][info][gc,heap        ] GC(251) Eden regions: 203->0(203)
[43.930s][info][gc,heap        ] GC(251) Survivor regions: 1->1(26)
[43.930s][info][gc,heap        ] GC(251) Old regions: 38->38
[43.930s][info][gc,heap        ] GC(251) Humongous regions: 6->6
[43.930s][info][gc,metaspace   ] GC(251) Metaspace: 70373K->70373K(1112064K)
[43.930s][info][gc             ] GC(251) Pause Young (Normal) (G1 Evacuation Pause) 246M->43M(340M) 3.178ms
[43.930s][info][gc,cpu         ] GC(251) User=0.00s Sys=0.00s Real=0.01s
[44.029s][info][gc,start       ] GC(252) Pause Young (Normal) (G1 Evacuation Pause)
[44.029s][info][gc,task        ] GC(252) Using 1 workers of 1 for evacuation
[44.032s][info][gc,phases      ] GC(252)   Pre Evacuate Collection Set: 0.0ms
[44.032s][info][gc,phases      ] GC(252)   Evacuate Collection Set: 2.7ms
[44.032s][info][gc,phases      ] GC(252)   Post Evacuate Collection Set: 0.4ms
[44.032s][info][gc,phases      ] GC(252)   Other: 0.4ms
[44.032s][info][gc,heap        ] GC(252) Eden regions: 203->0(203)
[44.032s][info][gc,heap        ] GC(252) Survivor regions: 1->1(26)
[44.032s][info][gc,heap        ] GC(252) Old regions: 38->38
[44.032s][info][gc,heap        ] GC(252) Humongous regions: 6->6
[44.032s][info][gc,metaspace   ] GC(252) Metaspace: 70373K->70373K(1112064K)
[44.032s][info][gc             ] GC(252) Pause Young (Normal) (G1 Evacuation Pause) 246M->42M(340M) 3.522ms
[44.032s][info][gc,cpu         ] GC(252) User=0.00s Sys=0.00s Real=0.01s
[44.138s][info][gc,start       ] GC(253) Pause Young (Normal) (G1 Evacuation Pause)
[44.138s][info][gc,task        ] GC(253) Using 1 workers of 1 for evacuation
[44.141s][info][gc,phases      ] GC(253)   Pre Evacuate Collection Set: 0.0ms
[44.141s][info][gc,phases      ] GC(253)   Evacuate Collection Set: 2.5ms
[44.141s][info][gc,phases      ] GC(253)   Post Evacuate Collection Set: 0.3ms
[44.141s][info][gc,phases      ] GC(253)   Other: 0.3ms
[44.141s][info][gc,heap        ] GC(253) Eden regions: 203->0(203)
[44.141s][info][gc,heap        ] GC(253) Survivor regions: 1->1(26)
[44.141s][info][gc,heap        ] GC(253) Old regions: 38->38
[44.141s][info][gc,heap        ] GC(253) Humongous regions: 6->6
[44.141s][info][gc,metaspace   ] GC(253) Metaspace: 70373K->70373K(1112064K)
[44.141s][info][gc             ] GC(253) Pause Young (Normal) (G1 Evacuation Pause) 245M->42M(340M) 3.179ms
[44.142s][info][gc,cpu         ] GC(253) User=0.00s Sys=0.00s Real=0.00s
[44.238s][info][gc,start       ] GC(254) Pause Young (Normal) (G1 Evacuation Pause)
[44.238s][info][gc,task        ] GC(254) Using 1 workers of 1 for evacuation
[44.241s][info][gc,phases      ] GC(254)   Pre Evacuate Collection Set: 0.0ms
[44.241s][info][gc,phases      ] GC(254)   Evacuate Collection Set: 2.5ms
[44.241s][info][gc,phases      ] GC(254)   Post Evacuate Collection Set: 0.3ms
[44.241s][info][gc,phases      ] GC(254)   Other: 0.3ms
[44.241s][info][gc,heap        ] GC(254) Eden regions: 203->0(203)
[44.241s][info][gc,heap        ] GC(254) Survivor regions: 1->1(26)
[44.241s][info][gc,heap        ] GC(254) Old regions: 38->38
[44.241s][info][gc,heap        ] GC(254) Humongous regions: 6->6
[44.241s][info][gc,metaspace   ] GC(254) Metaspace: 70373K->70373K(1112064K)
[44.241s][info][gc             ] GC(254) Pause Young (Normal) (G1 Evacuation Pause) 245M->42M(340M) 3.178ms
[44.241s][info][gc,cpu         ] GC(254) User=0.01s Sys=0.00s Real=0.00s
[44.347s][info][gc,start       ] GC(255) Pause Young (Normal) (G1 Evacuation Pause)
[44.347s][info][gc,task        ] GC(255) Using 1 workers of 1 for evacuation
[44.350s][info][gc,phases      ] GC(255)   Pre Evacuate Collection Set: 0.0ms
[44.350s][info][gc,phases      ] GC(255)   Evacuate Collection Set: 2.5ms
[44.350s][info][gc,phases      ] GC(255)   Post Evacuate Collection Set: 0.3ms
[44.350s][info][gc,phases      ] GC(255)   Other: 0.5ms
[44.350s][info][gc,heap        ] GC(255) Eden regions: 203->0(203)
[44.350s][info][gc,heap        ] GC(255) Survivor regions: 1->1(26)
[44.350s][info][gc,heap        ] GC(255) Old regions: 38->38
[44.350s][info][gc,heap        ] GC(255) Humongous regions: 6->6
[44.350s][info][gc,metaspace   ] GC(255) Metaspace: 70373K->70373K(1112064K)
[44.350s][info][gc             ] GC(255) Pause Young (Normal) (G1 Evacuation Pause) 245M->42M(340M) 3.349ms
[44.350s][info][gc,cpu         ] GC(255) User=0.01s Sys=0.00s Real=0.01s
[44.504s][info][gc,start       ] GC(256) Pause Young (Normal) (G1 Evacuation Pause)
[44.504s][info][gc,task        ] GC(256) Using 1 workers of 1 for evacuation
[44.508s][info][gc,phases      ] GC(256)   Pre Evacuate Collection Set: 0.0ms
[44.508s][info][gc,phases      ] GC(256)   Evacuate Collection Set: 2.8ms
[44.508s][info][gc,phases      ] GC(256)   Post Evacuate Collection Set: 0.3ms
[44.508s][info][gc,phases      ] GC(256)   Other: 0.4ms
[44.508s][info][gc,heap        ] GC(256) Eden regions: 203->0(203)
[44.508s][info][gc,heap        ] GC(256) Survivor regions: 1->1(26)
[44.508s][info][gc,heap        ] GC(256) Old regions: 38->38
[44.508s][info][gc,heap        ] GC(256) Humongous regions: 11->6
[44.508s][info][gc,metaspace   ] GC(256) Metaspace: 70383K->70383K(1112064K)
[44.508s][info][gc             ] GC(256) Pause Young (Normal) (G1 Evacuation Pause) 250M->42M(340M) 3.621ms
[44.508s][info][gc,cpu         ] GC(256) User=0.00s Sys=0.00s Real=0.00s
[44.611s][info][gc,start       ] GC(257) Pause Young (Normal) (G1 Evacuation Pause)
[44.612s][info][gc,task        ] GC(257) Using 1 workers of 1 for evacuation
[44.614s][info][gc,phases      ] GC(257)   Pre Evacuate Collection Set: 0.0ms
[44.615s][info][gc,phases      ] GC(257)   Evacuate Collection Set: 2.4ms
[44.615s][info][gc,phases      ] GC(257)   Post Evacuate Collection Set: 0.3ms
[44.615s][info][gc,phases      ] GC(257)   Other: 0.3ms
[44.615s][info][gc,heap        ] GC(257) Eden regions: 203->0(203)
[44.615s][info][gc,heap        ] GC(257) Survivor regions: 1->1(26)
[44.615s][info][gc,heap        ] GC(257) Old regions: 38->38
[44.615s][info][gc,heap        ] GC(257) Humongous regions: 6->6
[44.615s][info][gc,metaspace   ] GC(257) Metaspace: 70398K->70398K(1112064K)
[44.615s][info][gc             ] GC(257) Pause Young (Normal) (G1 Evacuation Pause) 245M->42M(340M) 3.114ms
[44.615s][info][gc,cpu         ] GC(257) User=0.00s Sys=0.00s Real=0.00s
[44.730s][info][gc,start       ] GC(258) Pause Young (Normal) (G1 Evacuation Pause)
[44.730s][info][gc,task        ] GC(258) Using 1 workers of 1 for evacuation
[44.733s][info][gc,phases      ] GC(258)   Pre Evacuate Collection Set: 0.0ms
[44.733s][info][gc,phases      ] GC(258)   Evacuate Collection Set: 2.3ms
[44.733s][info][gc,phases      ] GC(258)   Post Evacuate Collection Set: 0.3ms
[44.733s][info][gc,phases      ] GC(258)   Other: 0.3ms
[44.733s][info][gc,heap        ] GC(258) Eden regions: 203->0(203)
[44.733s][info][gc,heap        ] GC(258) Survivor regions: 1->1(26)
[44.733s][info][gc,heap        ] GC(258) Old regions: 38->38
[44.733s][info][gc,heap        ] GC(258) Humongous regions: 6->6
[44.733s][info][gc,metaspace   ] GC(258) Metaspace: 70398K->70398K(1112064K)
[44.733s][info][gc             ] GC(258) Pause Young (Normal) (G1 Evacuation Pause) 245M->42M(340M) 3.031ms
[44.733s][info][gc,cpu         ] GC(258) User=0.01s Sys=0.00s Real=0.00s
[44.836s][info][gc,start       ] GC(259) Pause Young (Normal) (G1 Evacuation Pause)
[44.837s][info][gc,task        ] GC(259) Using 1 workers of 1 for evacuation
[44.839s][info][gc,phases      ] GC(259)   Pre Evacuate Collection Set: 0.0ms
[44.840s][info][gc,phases      ] GC(259)   Evacuate Collection Set: 2.4ms
[44.840s][info][gc,phases      ] GC(259)   Post Evacuate Collection Set: 0.4ms
[44.840s][info][gc,phases      ] GC(259)   Other: 0.3ms
[44.840s][info][gc,heap        ] GC(259) Eden regions: 203->0(203)
[44.840s][info][gc,heap        ] GC(259) Survivor regions: 1->1(26)
[44.840s][info][gc,heap        ] GC(259) Old regions: 38->38
[44.840s][info][gc,heap        ] GC(259) Humongous regions: 6->6
[44.840s][info][gc,metaspace   ] GC(259) Metaspace: 70398K->70398K(1112064K)
[44.840s][info][gc             ] GC(259) Pause Young (Normal) (G1 Evacuation Pause) 245M->42M(340M) 3.102ms
[44.840s][info][gc,cpu         ] GC(259) User=0.00s Sys=0.00s Real=0.01s
[44.936s][info][gc,start       ] GC(260) Pause Young (Normal) (G1 Evacuation Pause)
[44.936s][info][gc,task        ] GC(260) Using 1 workers of 1 for evacuation
[44.939s][info][gc,phases      ] GC(260)   Pre Evacuate Collection Set: 0.0ms
[44.939s][info][gc,phases      ] GC(260)   Evacuate Collection Set: 2.3ms
[44.939s][info][gc,phases      ] GC(260)   Post Evacuate Collection Set: 0.3ms
[44.939s][info][gc,phases      ] GC(260)   Other: 0.3ms
[44.939s][info][gc,heap        ] GC(260) Eden regions: 203->0(203)
[44.939s][info][gc,heap        ] GC(260) Survivor regions: 1->1(26)
[44.939s][info][gc,heap        ] GC(260) Old regions: 38->38
[44.939s][info][gc,heap        ] GC(260) Humongous regions: 6->6
[44.939s][info][gc,metaspace   ] GC(260) Metaspace: 70398K->70398K(1112064K)
[44.939s][info][gc             ] GC(260) Pause Young (Normal) (G1 Evacuation Pause) 245M->42M(340M) 2.955ms
[44.939s][info][gc,cpu         ] GC(260) User=0.00s Sys=0.00s Real=0.01s
[45.043s][info][gc,start       ] GC(261) Pause Young (Normal) (G1 Evacuation Pause)
[45.043s][info][gc,task        ] GC(261) Using 1 workers of 1 for evacuation
[45.046s][info][gc,phases      ] GC(261)   Pre Evacuate Collection Set: 0.0ms
[45.046s][info][gc,phases      ] GC(261)   Evacuate Collection Set: 2.3ms
[45.046s][info][gc,phases      ] GC(261)   Post Evacuate Collection Set: 0.4ms
[45.046s][info][gc,phases      ] GC(261)   Other: 0.3ms
[45.046s][info][gc,heap        ] GC(261) Eden regions: 203->0(203)
[45.046s][info][gc,heap        ] GC(261) Survivor regions: 1->1(26)
[45.046s][info][gc,heap        ] GC(261) Old regions: 38->38
[45.046s][info][gc,heap        ] GC(261) Humongous regions: 6->6
[45.046s][info][gc,metaspace   ] GC(261) Metaspace: 70398K->70398K(1112064K)
[45.046s][info][gc             ] GC(261) Pause Young (Normal) (G1 Evacuation Pause) 245M->42M(340M) 3.042ms
[45.046s][info][gc,cpu         ] GC(261) User=0.01s Sys=0.00s Real=0.00s
[45.142s][info][gc,start       ] GC(262) Pause Young (Normal) (G1 Evacuation Pause)
[45.142s][info][gc,task        ] GC(262) Using 1 workers of 1 for evacuation
[45.145s][info][gc,phases      ] GC(262)   Pre Evacuate Collection Set: 0.0ms
[45.145s][info][gc,phases      ] GC(262)   Evacuate Collection Set: 2.4ms
[45.145s][info][gc,phases      ] GC(262)   Post Evacuate Collection Set: 0.3ms
[45.145s][info][gc,phases      ] GC(262)   Other: 0.3ms
[45.145s][info][gc,heap        ] GC(262) Eden regions: 203->0(203)
[45.145s][info][gc,heap        ] GC(262) Survivor regions: 1->1(26)
[45.145s][info][gc,heap        ] GC(262) Old regions: 38->38
[45.145s][info][gc,heap        ] GC(262) Humongous regions: 6->6
[45.145s][info][gc,metaspace   ] GC(262) Metaspace: 70398K->70398K(1112064K)
[45.145s][info][gc             ] GC(262) Pause Young (Normal) (G1 Evacuation Pause) 245M->42M(340M) 3.023ms
[45.145s][info][gc,cpu         ] GC(262) User=0.00s Sys=0.00s Real=0.00s
[45.244s][info][gc,start       ] GC(263) Pause Young (Normal) (G1 Evacuation Pause)
[45.244s][info][gc,task        ] GC(263) Using 1 workers of 1 for evacuation
[45.247s][info][gc,phases      ] GC(263)   Pre Evacuate Collection Set: 0.0ms
[45.247s][info][gc,phases      ] GC(263)   Evacuate Collection Set: 2.4ms
[45.247s][info][gc,phases      ] GC(263)   Post Evacuate Collection Set: 0.3ms
[45.247s][info][gc,phases      ] GC(263)   Other: 0.3ms
[45.247s][info][gc,heap        ] GC(263) Eden regions: 203->0(203)
[45.247s][info][gc,heap        ] GC(263) Survivor regions: 1->1(26)
[45.247s][info][gc,heap        ] GC(263) Old regions: 38->38
[45.247s][info][gc,heap        ] GC(263) Humongous regions: 6->6
[45.247s][info][gc,metaspace   ] GC(263) Metaspace: 70398K->70398K(1112064K)
[45.247s][info][gc             ] GC(263) Pause Young (Normal) (G1 Evacuation Pause) 245M->42M(340M) 3.137ms
[45.247s][info][gc,cpu         ] GC(263) User=0.01s Sys=0.00s Real=0.00s
[45.347s][info][gc,start       ] GC(264) Pause Young (Normal) (G1 Evacuation Pause)
[45.347s][info][gc,task        ] GC(264) Using 1 workers of 1 for evacuation
[45.350s][info][gc,phases      ] GC(264)   Pre Evacuate Collection Set: 0.0ms
[45.350s][info][gc,phases      ] GC(264)   Evacuate Collection Set: 2.9ms
[45.350s][info][gc,phases      ] GC(264)   Post Evacuate Collection Set: 0.4ms
[45.350s][info][gc,phases      ] GC(264)   Other: 0.4ms
[45.350s][info][gc,heap        ] GC(264) Eden regions: 203->0(203)
[45.350s][info][gc,heap        ] GC(264) Survivor regions: 1->1(26)
[45.350s][info][gc,heap        ] GC(264) Old regions: 38->38
[45.350s][info][gc,heap        ] GC(264) Humongous regions: 6->6
[45.350s][info][gc,metaspace   ] GC(264) Metaspace: 70398K->70398K(1112064K)
[45.350s][info][gc             ] GC(264) Pause Young (Normal) (G1 Evacuation Pause) 245M->42M(340M) 3.721ms
[45.350s][info][gc,cpu         ] GC(264) User=0.00s Sys=0.00s Real=0.01s
[45.502s][info][gc,start       ] GC(265) Pause Young (Normal) (G1 Evacuation Pause)
[45.502s][info][gc,task        ] GC(265) Using 1 workers of 1 for evacuation
[45.505s][info][gc,phases      ] GC(265)   Pre Evacuate Collection Set: 0.0ms
[45.505s][info][gc,phases      ] GC(265)   Evacuate Collection Set: 2.5ms
[45.505s][info][gc,phases      ] GC(265)   Post Evacuate Collection Set: 0.3ms
[45.505s][info][gc,phases      ] GC(265)   Other: 0.3ms
[45.505s][info][gc,heap        ] GC(265) Eden regions: 203->0(203)
[45.505s][info][gc,heap        ] GC(265) Survivor regions: 1->1(26)
[45.505s][info][gc,heap        ] GC(265) Old regions: 38->38
[45.505s][info][gc,heap        ] GC(265) Humongous regions: 11->6
[45.505s][info][gc,metaspace   ] GC(265) Metaspace: 70400K->70400K(1112064K)
[45.505s][info][gc             ] GC(265) Pause Young (Normal) (G1 Evacuation Pause) 250M->43M(340M) 3.175ms
[45.505s][info][gc,cpu         ] GC(265) User=0.00s Sys=0.00s Real=0.00s
[45.600s][info][gc,start       ] GC(266) Pause Young (Normal) (G1 Evacuation Pause)
[45.600s][info][gc,task        ] GC(266) Using 1 workers of 1 for evacuation
[45.603s][info][gc,phases      ] GC(266)   Pre Evacuate Collection Set: 0.0ms
[45.603s][info][gc,phases      ] GC(266)   Evacuate Collection Set: 2.4ms
[45.603s][info][gc,phases      ] GC(266)   Post Evacuate Collection Set: 0.3ms
[45.603s][info][gc,phases      ] GC(266)   Other: 0.3ms
[45.603s][info][gc,heap        ] GC(266) Eden regions: 203->0(203)
[45.603s][info][gc,heap        ] GC(266) Survivor regions: 1->1(26)
[45.603s][info][gc,heap        ] GC(266) Old regions: 38->38
[45.603s][info][gc,heap        ] GC(266) Humongous regions: 6->6
[45.603s][info][gc,metaspace   ] GC(266) Metaspace: 70400K->70400K(1112064K)
[45.603s][info][gc             ] GC(266) Pause Young (Normal) (G1 Evacuation Pause) 246M->43M(340M) 3.049ms
[45.603s][info][gc,cpu         ] GC(266) User=0.00s Sys=0.00s Real=0.00s
[45.700s][info][gc,start       ] GC(267) Pause Young (Normal) (G1 Evacuation Pause)
[45.700s][info][gc,task        ] GC(267) Using 1 workers of 1 for evacuation
[45.703s][info][gc,phases      ] GC(267)   Pre Evacuate Collection Set: 0.0ms
[45.703s][info][gc,phases      ] GC(267)   Evacuate Collection Set: 2.5ms
[45.703s][info][gc,phases      ] GC(267)   Post Evacuate Collection Set: 0.4ms
[45.703s][info][gc,phases      ] GC(267)   Other: 0.3ms
[45.703s][info][gc,heap        ] GC(267) Eden regions: 203->0(203)
[45.703s][info][gc,heap        ] GC(267) Survivor regions: 1->1(26)
[45.703s][info][gc,heap        ] GC(267) Old regions: 38->38
[45.703s][info][gc,heap        ] GC(267) Humongous regions: 6->6
[45.703s][info][gc,metaspace   ] GC(267) Metaspace: 70400K->70400K(1112064K)
[45.703s][info][gc             ] GC(267) Pause Young (Normal) (G1 Evacuation Pause) 246M->43M(340M) 3.306ms
[45.703s][info][gc,cpu         ] GC(267) User=0.00s Sys=0.00s Real=0.00s
[45.805s][info][gc,start       ] GC(268) Pause Young (Normal) (G1 Evacuation Pause)
[45.805s][info][gc,task        ] GC(268) Using 1 workers of 1 for evacuation
[45.808s][info][gc,phases      ] GC(268)   Pre Evacuate Collection Set: 0.0ms
[45.808s][info][gc,phases      ] GC(268)   Evacuate Collection Set: 2.5ms
[45.808s][info][gc,phases      ] GC(268)   Post Evacuate Collection Set: 0.3ms
[45.808s][info][gc,phases      ] GC(268)   Other: 0.3ms
[45.808s][info][gc,heap        ] GC(268) Eden regions: 203->0(203)
[45.808s][info][gc,heap        ] GC(268) Survivor regions: 1->1(26)
[45.808s][info][gc,heap        ] GC(268) Old regions: 38->38
[45.808s][info][gc,heap        ] GC(268) Humongous regions: 6->6
[45.808s][info][gc,metaspace   ] GC(268) Metaspace: 70400K->70400K(1112064K)
[45.808s][info][gc             ] GC(268) Pause Young (Normal) (G1 Evacuation Pause) 246M->43M(340M) 3.179ms
[45.808s][info][gc,cpu         ] GC(268) User=0.01s Sys=0.00s Real=0.00s
[45.906s][info][gc,start       ] GC(269) Pause Young (Normal) (G1 Evacuation Pause)
[45.906s][info][gc,task        ] GC(269) Using 1 workers of 1 for evacuation
[45.909s][info][gc,phases      ] GC(269)   Pre Evacuate Collection Set: 0.0ms
[45.909s][info][gc,phases      ] GC(269)   Evacuate Collection Set: 2.4ms
[45.909s][info][gc,phases      ] GC(269)   Post Evacuate Collection Set: 0.3ms
[45.909s][info][gc,phases      ] GC(269)   Other: 0.3ms
[45.909s][info][gc,heap        ] GC(269) Eden regions: 203->0(203)
[45.909s][info][gc,heap        ] GC(269) Survivor regions: 1->1(26)
[45.909s][info][gc,heap        ] GC(269) Old regions: 38->38
[45.909s][info][gc,heap        ] GC(269) Humongous regions: 6->6
[45.909s][info][gc,metaspace   ] GC(269) Metaspace: 70400K->70400K(1112064K)
[45.909s][info][gc             ] GC(269) Pause Young (Normal) (G1 Evacuation Pause) 246M->43M(340M) 3.107ms
[45.909s][info][gc,cpu         ] GC(269) User=0.01s Sys=0.00s Real=0.00s
[46.014s][info][gc,start       ] GC(270) Pause Young (Normal) (G1 Evacuation Pause)
[46.015s][info][gc,task        ] GC(270) Using 1 workers of 1 for evacuation
[46.018s][info][gc,phases      ] GC(270)   Pre Evacuate Collection Set: 0.0ms
[46.018s][info][gc,phases      ] GC(270)   Evacuate Collection Set: 2.6ms
[46.018s][info][gc,phases      ] GC(270)   Post Evacuate Collection Set: 0.3ms
[46.018s][info][gc,phases      ] GC(270)   Other: 0.4ms
[46.018s][info][gc,heap        ] GC(270) Eden regions: 203->0(203)
[46.018s][info][gc,heap        ] GC(270) Survivor regions: 1->1(26)
[46.018s][info][gc,heap        ] GC(270) Old regions: 38->38
[46.018s][info][gc,heap        ] GC(270) Humongous regions: 6->6
[46.018s][info][gc,metaspace   ] GC(270) Metaspace: 70400K->70400K(1112064K)
[46.018s][info][gc             ] GC(270) Pause Young (Normal) (G1 Evacuation Pause) 246M->43M(340M) 3.431ms
[46.018s][info][gc,cpu         ] GC(270) User=0.00s Sys=0.00s Real=0.01s
[46.113s][info][gc,start       ] GC(271) Pause Young (Normal) (G1 Evacuation Pause)
[46.113s][info][gc,task        ] GC(271) Using 1 workers of 1 for evacuation
[46.116s][info][gc,phases      ] GC(271)   Pre Evacuate Collection Set: 0.0ms
[46.116s][info][gc,phases      ] GC(271)   Evacuate Collection Set: 2.5ms
[46.116s][info][gc,phases      ] GC(271)   Post Evacuate Collection Set: 0.3ms
[46.116s][info][gc,phases      ] GC(271)   Other: 0.3ms
[46.116s][info][gc,heap        ] GC(271) Eden regions: 203->0(203)
[46.116s][info][gc,heap        ] GC(271) Survivor regions: 1->1(26)
[46.116s][info][gc,heap        ] GC(271) Old regions: 38->38
[46.116s][info][gc,heap        ] GC(271) Humongous regions: 6->6
[46.116s][info][gc,metaspace   ] GC(271) Metaspace: 70400K->70400K(1112064K)
[46.116s][info][gc             ] GC(271) Pause Young (Normal) (G1 Evacuation Pause) 246M->43M(340M) 3.166ms
[46.116s][info][gc,cpu         ] GC(271) User=0.00s Sys=0.00s Real=0.00s
[46.212s][info][gc,start       ] GC(272) Pause Young (Normal) (G1 Evacuation Pause)
[46.212s][info][gc,task        ] GC(272) Using 1 workers of 1 for evacuation
[46.215s][info][gc,phases      ] GC(272)   Pre Evacuate Collection Set: 0.0ms
[46.215s][info][gc,phases      ] GC(272)   Evacuate Collection Set: 2.3ms
[46.215s][info][gc,phases      ] GC(272)   Post Evacuate Collection Set: 0.4ms
[46.215s][info][gc,phases      ] GC(272)   Other: 0.3ms
[46.215s][info][gc,heap        ] GC(272) Eden regions: 203->0(203)
[46.215s][info][gc,heap        ] GC(272) Survivor regions: 1->1(26)
[46.215s][info][gc,heap        ] GC(272) Old regions: 38->38
[46.215s][info][gc,heap        ] GC(272) Humongous regions: 6->6
[46.215s][info][gc,metaspace   ] GC(272) Metaspace: 70400K->70400K(1112064K)
[46.215s][info][gc             ] GC(272) Pause Young (Normal) (G1 Evacuation Pause) 246M->43M(340M) 2.998ms
[46.215s][info][gc,cpu         ] GC(272) User=0.00s Sys=0.00s Real=0.00s
[46.312s][info][gc,start       ] GC(273) Pause Young (Normal) (G1 Evacuation Pause)
[46.312s][info][gc,task        ] GC(273) Using 1 workers of 1 for evacuation
[46.315s][info][gc,phases      ] GC(273)   Pre Evacuate Collection Set: 0.0ms
[46.315s][info][gc,phases      ] GC(273)   Evacuate Collection Set: 2.5ms
[46.315s][info][gc,phases      ] GC(273)   Post Evacuate Collection Set: 0.4ms
[46.315s][info][gc,phases      ] GC(273)   Other: 0.3ms
[46.315s][info][gc,heap        ] GC(273) Eden regions: 203->0(203)
[46.315s][info][gc,heap        ] GC(273) Survivor regions: 1->1(26)
[46.315s][info][gc,heap        ] GC(273) Old regions: 38->38
[46.315s][info][gc,heap        ] GC(273) Humongous regions: 6->6
[46.315s][info][gc,metaspace   ] GC(273) Metaspace: 70400K->70400K(1112064K)
[46.315s][info][gc             ] GC(273) Pause Young (Normal) (G1 Evacuation Pause) 246M->43M(340M) 3.220ms
[46.315s][info][gc,cpu         ] GC(273) User=0.00s Sys=0.00s Real=0.00s
[46.459s][info][gc,start       ] GC(274) Pause Young (Normal) (G1 Evacuation Pause)
[46.459s][info][gc,task        ] GC(274) Using 1 workers of 1 for evacuation
[46.462s][info][gc,phases      ] GC(274)   Pre Evacuate Collection Set: 0.0ms
[46.462s][info][gc,phases      ] GC(274)   Evacuate Collection Set: 2.4ms
[46.462s][info][gc,phases      ] GC(274)   Post Evacuate Collection Set: 0.3ms
[46.462s][info][gc,phases      ] GC(274)   Other: 0.4ms
[46.462s][info][gc,heap        ] GC(274) Eden regions: 203->0(203)
[46.462s][info][gc,heap        ] GC(274) Survivor regions: 1->1(26)
[46.462s][info][gc,heap        ] GC(274) Old regions: 38->38
[46.462s][info][gc,heap        ] GC(274) Humongous regions: 11->6
[46.462s][info][gc,metaspace   ] GC(274) Metaspace: 70410K->70410K(1112064K)
[46.462s][info][gc             ] GC(274) Pause Young (Normal) (G1 Evacuation Pause) 251M->42M(340M) 3.078ms
[46.462s][info][gc,cpu         ] GC(274) User=0.01s Sys=0.00s Real=0.00s
[46.561s][info][gc,start       ] GC(275) Pause Young (Normal) (G1 Evacuation Pause)
[46.561s][info][gc,task        ] GC(275) Using 1 workers of 1 for evacuation
[46.564s][info][gc,phases      ] GC(275)   Pre Evacuate Collection Set: 0.0ms
[46.564s][info][gc,phases      ] GC(275)   Evacuate Collection Set: 2.1ms
[46.564s][info][gc,phases      ] GC(275)   Post Evacuate Collection Set: 0.3ms
[46.564s][info][gc,phases      ] GC(275)   Other: 0.3ms
[46.564s][info][gc,heap        ] GC(275) Eden regions: 203->0(203)
[46.564s][info][gc,heap        ] GC(275) Survivor regions: 1->1(26)
[46.564s][info][gc,heap        ] GC(275) Old regions: 38->38
[46.564s][info][gc,heap        ] GC(275) Humongous regions: 6->6
[46.564s][info][gc,metaspace   ] GC(275) Metaspace: 70410K->70410K(1112064K)
[46.564s][info][gc             ] GC(275) Pause Young (Normal) (G1 Evacuation Pause) 245M->42M(340M) 2.766ms
[46.564s][info][gc,cpu         ] GC(275) User=0.01s Sys=0.00s Real=0.00s
[46.671s][info][gc,start       ] GC(276) Pause Young (Normal) (G1 Evacuation Pause)
[46.672s][info][gc,task        ] GC(276) Using 1 workers of 1 for evacuation
[46.674s][info][gc,phases      ] GC(276)   Pre Evacuate Collection Set: 0.0ms
[46.674s][info][gc,phases      ] GC(276)   Evacuate Collection Set: 2.3ms
[46.674s][info][gc,phases      ] GC(276)   Post Evacuate Collection Set: 0.3ms
[46.674s][info][gc,phases      ] GC(276)   Other: 0.4ms
[46.674s][info][gc,heap        ] GC(276) Eden regions: 203->0(203)
[46.674s][info][gc,heap        ] GC(276) Survivor regions: 1->1(26)
[46.674s][info][gc,heap        ] GC(276) Old regions: 38->38
[46.674s][info][gc,heap        ] GC(276) Humongous regions: 6->6
[46.674s][info][gc,metaspace   ] GC(276) Metaspace: 70410K->70410K(1112064K)
[46.674s][info][gc             ] GC(276) Pause Young (Normal) (G1 Evacuation Pause) 245M->42M(340M) 3.055ms
[46.675s][info][gc,cpu         ] GC(276) User=0.00s Sys=0.00s Real=0.00s
[46.781s][info][gc,start       ] GC(277) Pause Young (Normal) (G1 Evacuation Pause)
[46.781s][info][gc,task        ] GC(277) Using 1 workers of 1 for evacuation
[46.783s][info][gc,phases      ] GC(277)   Pre Evacuate Collection Set: 0.0ms
[46.783s][info][gc,phases      ] GC(277)   Evacuate Collection Set: 2.2ms
[46.783s][info][gc,phases      ] GC(277)   Post Evacuate Collection Set: 0.3ms
[46.783s][info][gc,phases      ] GC(277)   Other: 0.3ms
[46.783s][info][gc,heap        ] GC(277) Eden regions: 203->0(203)
[46.783s][info][gc,heap        ] GC(277) Survivor regions: 1->1(26)
[46.783s][info][gc,heap        ] GC(277) Old regions: 38->38
[46.783s][info][gc,heap        ] GC(277) Humongous regions: 6->6
[46.783s][info][gc,metaspace   ] GC(277) Metaspace: 70410K->70410K(1112064K)
[46.783s][info][gc             ] GC(277) Pause Young (Normal) (G1 Evacuation Pause) 245M->42M(340M) 2.827ms
[46.783s][info][gc,cpu         ] GC(277) User=0.00s Sys=0.00s Real=0.00s
[46.879s][info][gc,start       ] GC(278) Pause Young (Normal) (G1 Evacuation Pause)
[46.879s][info][gc,task        ] GC(278) Using 1 workers of 1 for evacuation
[46.882s][info][gc,phases      ] GC(278)   Pre Evacuate Collection Set: 0.0ms
[46.882s][info][gc,phases      ] GC(278)   Evacuate Collection Set: 2.2ms
[46.882s][info][gc,phases      ] GC(278)   Post Evacuate Collection Set: 0.3ms
[46.882s][info][gc,phases      ] GC(278)   Other: 0.3ms
[46.882s][info][gc,heap        ] GC(278) Eden regions: 203->0(203)
[46.882s][info][gc,heap        ] GC(278) Survivor regions: 1->1(26)
[46.882s][info][gc,heap        ] GC(278) Old regions: 38->38
[46.882s][info][gc,heap        ] GC(278) Humongous regions: 6->6
[46.882s][info][gc,metaspace   ] GC(278) Metaspace: 70410K->70410K(1112064K)
[46.882s][info][gc             ] GC(278) Pause Young (Normal) (G1 Evacuation Pause) 245M->42M(340M) 2.865ms
[46.882s][info][gc,cpu         ] GC(278) User=0.00s Sys=0.00s Real=0.00s
[46.978s][info][gc,start       ] GC(279) Pause Young (Normal) (G1 Evacuation Pause)
[46.978s][info][gc,task        ] GC(279) Using 1 workers of 1 for evacuation
[46.981s][info][gc,phases      ] GC(279)   Pre Evacuate Collection Set: 0.0ms
[46.981s][info][gc,phases      ] GC(279)   Evacuate Collection Set: 2.3ms
[46.981s][info][gc,phases      ] GC(279)   Post Evacuate Collection Set: 0.3ms
[46.981s][info][gc,phases      ] GC(279)   Other: 0.3ms
[46.981s][info][gc,heap        ] GC(279) Eden regions: 203->0(203)
[46.981s][info][gc,heap        ] GC(279) Survivor regions: 1->1(26)
[46.981s][info][gc,heap        ] GC(279) Old regions: 38->38
[46.981s][info][gc,heap        ] GC(279) Humongous regions: 6->6
[46.981s][info][gc,metaspace   ] GC(279) Metaspace: 70410K->70410K(1112064K)
[46.981s][info][gc             ] GC(279) Pause Young (Normal) (G1 Evacuation Pause) 245M->42M(340M) 2.954ms
[46.981s][info][gc,cpu         ] GC(279) User=0.00s Sys=0.00s Real=0.00s
[47.079s][info][gc,start       ] GC(280) Pause Young (Normal) (G1 Evacuation Pause)
[47.079s][info][gc,task        ] GC(280) Using 1 workers of 1 for evacuation
[47.082s][info][gc,phases      ] GC(280)   Pre Evacuate Collection Set: 0.0ms
[47.082s][info][gc,phases      ] GC(280)   Evacuate Collection Set: 2.4ms
[47.082s][info][gc,phases      ] GC(280)   Post Evacuate Collection Set: 0.3ms
[47.082s][info][gc,phases      ] GC(280)   Other: 0.3ms
[47.082s][info][gc,heap        ] GC(280) Eden regions: 203->0(203)
[47.082s][info][gc,heap        ] GC(280) Survivor regions: 1->1(26)
[47.082s][info][gc,heap        ] GC(280) Old regions: 38->38
[47.082s][info][gc,heap        ] GC(280) Humongous regions: 6->6
[47.082s][info][gc,metaspace   ] GC(280) Metaspace: 70410K->70410K(1112064K)
[47.082s][info][gc             ] GC(280) Pause Young (Normal) (G1 Evacuation Pause) 245M->42M(340M) 3.026ms
[47.082s][info][gc,cpu         ] GC(280) User=0.00s Sys=0.00s Real=0.00s
[47.179s][info][gc,start       ] GC(281) Pause Young (Normal) (G1 Evacuation Pause)
[47.179s][info][gc,task        ] GC(281) Using 1 workers of 1 for evacuation
[47.182s][info][gc,phases      ] GC(281)   Pre Evacuate Collection Set: 0.0ms
[47.182s][info][gc,phases      ] GC(281)   Evacuate Collection Set: 2.3ms
[47.182s][info][gc,phases      ] GC(281)   Post Evacuate Collection Set: 0.3ms
[47.182s][info][gc,phases      ] GC(281)   Other: 0.4ms
[47.182s][info][gc,heap        ] GC(281) Eden regions: 203->0(203)
[47.182s][info][gc,heap        ] GC(281) Survivor regions: 1->1(26)
[47.182s][info][gc,heap        ] GC(281) Old regions: 38->38
[47.182s][info][gc,heap        ] GC(281) Humongous regions: 6->6
[47.182s][info][gc,metaspace   ] GC(281) Metaspace: 70410K->70410K(1112064K)
[47.182s][info][gc             ] GC(281) Pause Young (Normal) (G1 Evacuation Pause) 245M->42M(340M) 3.031ms
[47.182s][info][gc,cpu         ] GC(281) User=0.00s Sys=0.00s Real=0.00s
[47.285s][info][gc,start       ] GC(282) Pause Young (Normal) (G1 Evacuation Pause)
[47.285s][info][gc,task        ] GC(282) Using 1 workers of 1 for evacuation
[47.288s][info][gc,phases      ] GC(282)   Pre Evacuate Collection Set: 0.0ms
[47.288s][info][gc,phases      ] GC(282)   Evacuate Collection Set: 2.5ms
[47.288s][info][gc,phases      ] GC(282)   Post Evacuate Collection Set: 0.3ms
[47.288s][info][gc,phases      ] GC(282)   Other: 0.3ms
[47.288s][info][gc,heap        ] GC(282) Eden regions: 203->0(203)
[47.288s][info][gc,heap        ] GC(282) Survivor regions: 1->1(26)
[47.288s][info][gc,heap        ] GC(282) Old regions: 38->38
[47.288s][info][gc,heap        ] GC(282) Humongous regions: 6->6
[47.288s][info][gc,metaspace   ] GC(282) Metaspace: 70410K->70410K(1112064K)
[47.288s][info][gc             ] GC(282) Pause Young (Normal) (G1 Evacuation Pause) 245M->43M(340M) 3.165ms
[47.288s][info][gc,cpu         ] GC(282) User=0.01s Sys=0.00s Real=0.00s
[47.427s][info][gc,start       ] GC(283) Pause Young (Normal) (G1 Evacuation Pause)
[47.427s][info][gc,task        ] GC(283) Using 1 workers of 1 for evacuation
[47.430s][info][gc,phases      ] GC(283)   Pre Evacuate Collection Set: 0.0ms
[47.430s][info][gc,phases      ] GC(283)   Evacuate Collection Set: 2.6ms
[47.430s][info][gc,phases      ] GC(283)   Post Evacuate Collection Set: 0.3ms
[47.430s][info][gc,phases      ] GC(283)   Other: 0.3ms
[47.430s][info][gc,heap        ] GC(283) Eden regions: 203->0(203)
[47.430s][info][gc,heap        ] GC(283) Survivor regions: 1->1(26)
[47.430s][info][gc,heap        ] GC(283) Old regions: 38->38
[47.430s][info][gc,heap        ] GC(283) Humongous regions: 11->6
[47.430s][info][gc,metaspace   ] GC(283) Metaspace: 70418K->70418K(1112064K)
[47.431s][info][gc             ] GC(283) Pause Young (Normal) (G1 Evacuation Pause) 251M->43M(340M) 3.268ms
[47.431s][info][gc,cpu         ] GC(283) User=0.00s Sys=0.00s Real=0.01s
[47.535s][info][gc,start       ] GC(284) Pause Young (Normal) (G1 Evacuation Pause)
[47.535s][info][gc,task        ] GC(284) Using 1 workers of 1 for evacuation
[47.538s][info][gc,phases      ] GC(284)   Pre Evacuate Collection Set: 0.0ms
[47.538s][info][gc,phases      ] GC(284)   Evacuate Collection Set: 2.6ms
[47.538s][info][gc,phases      ] GC(284)   Post Evacuate Collection Set: 0.3ms
[47.538s][info][gc,phases      ] GC(284)   Other: 0.4ms
[47.538s][info][gc,heap        ] GC(284) Eden regions: 203->0(203)
[47.538s][info][gc,heap        ] GC(284) Survivor regions: 1->1(26)
[47.538s][info][gc,heap        ] GC(284) Old regions: 38->38
[47.538s][info][gc,heap        ] GC(284) Humongous regions: 6->6
[47.538s][info][gc,metaspace   ] GC(284) Metaspace: 70420K->70420K(1112064K)
[47.538s][info][gc             ] GC(284) Pause Young (Normal) (G1 Evacuation Pause) 246M->43M(340M) 3.334ms
[47.538s][info][gc,cpu         ] GC(284) User=0.01s Sys=0.00s Real=0.01s
[47.632s][info][gc,start       ] GC(285) Pause Young (Normal) (G1 Evacuation Pause)
[47.632s][info][gc,task        ] GC(285) Using 1 workers of 1 for evacuation
[47.635s][info][gc,phases      ] GC(285)   Pre Evacuate Collection Set: 0.0ms
[47.635s][info][gc,phases      ] GC(285)   Evacuate Collection Set: 2.6ms
[47.635s][info][gc,phases      ] GC(285)   Post Evacuate Collection Set: 0.4ms
[47.635s][info][gc,phases      ] GC(285)   Other: 0.3ms
[47.635s][info][gc,heap        ] GC(285) Eden regions: 203->0(203)
[47.635s][info][gc,heap        ] GC(285) Survivor regions: 1->1(26)
[47.635s][info][gc,heap        ] GC(285) Old regions: 38->38
[47.635s][info][gc,heap        ] GC(285) Humongous regions: 6->6
[47.635s][info][gc,metaspace   ] GC(285) Metaspace: 70420K->70420K(1112064K)
[47.635s][info][gc             ] GC(285) Pause Young (Normal) (G1 Evacuation Pause) 246M->43M(340M) 3.332ms
[47.635s][info][gc,cpu         ] GC(285) User=0.00s Sys=0.00s Real=0.00s
[47.731s][info][gc,start       ] GC(286) Pause Young (Normal) (G1 Evacuation Pause)
[47.731s][info][gc,task        ] GC(286) Using 1 workers of 1 for evacuation
[47.734s][info][gc,phases      ] GC(286)   Pre Evacuate Collection Set: 0.0ms
[47.734s][info][gc,phases      ] GC(286)   Evacuate Collection Set: 2.4ms
[47.734s][info][gc,phases      ] GC(286)   Post Evacuate Collection Set: 0.3ms
[47.734s][info][gc,phases      ] GC(286)   Other: 0.3ms
[47.734s][info][gc,heap        ] GC(286) Eden regions: 203->0(203)
[47.734s][info][gc,heap        ] GC(286) Survivor regions: 1->1(26)
[47.734s][info][gc,heap        ] GC(286) Old regions: 38->38
[47.734s][info][gc,heap        ] GC(286) Humongous regions: 6->6
[47.734s][info][gc,metaspace   ] GC(286) Metaspace: 70420K->70420K(1112064K)
[47.734s][info][gc             ] GC(286) Pause Young (Normal) (G1 Evacuation Pause) 246M->43M(340M) 3.073ms
[47.734s][info][gc,cpu         ] GC(286) User=0.00s Sys=0.00s Real=0.00s
[47.836s][info][gc,start       ] GC(287) Pause Young (Normal) (G1 Evacuation Pause)
[47.836s][info][gc,task        ] GC(287) Using 1 workers of 1 for evacuation
[47.839s][info][gc,phases      ] GC(287)   Pre Evacuate Collection Set: 0.0ms
[47.839s][info][gc,phases      ] GC(287)   Evacuate Collection Set: 2.6ms
[47.839s][info][gc,phases      ] GC(287)   Post Evacuate Collection Set: 0.3ms
[47.839s][info][gc,phases      ] GC(287)   Other: 0.3ms
[47.839s][info][gc,heap        ] GC(287) Eden regions: 203->0(203)
[47.839s][info][gc,heap        ] GC(287) Survivor regions: 1->1(26)
[47.839s][info][gc,heap        ] GC(287) Old regions: 38->38
[47.839s][info][gc,heap        ] GC(287) Humongous regions: 6->6
[47.839s][info][gc,metaspace   ] GC(287) Metaspace: 70420K->70420K(1112064K)
[47.839s][info][gc             ] GC(287) Pause Young (Normal) (G1 Evacuation Pause) 246M->43M(340M) 3.339ms
[47.839s][info][gc,cpu         ] GC(287) User=0.01s Sys=0.00s Real=0.01s
[47.936s][info][gc,start       ] GC(288) Pause Young (Normal) (G1 Evacuation Pause)
[47.936s][info][gc,task        ] GC(288) Using 1 workers of 1 for evacuation
[47.939s][info][gc,phases      ] GC(288)   Pre Evacuate Collection Set: 0.0ms
[47.939s][info][gc,phases      ] GC(288)   Evacuate Collection Set: 2.6ms
[47.939s][info][gc,phases      ] GC(288)   Post Evacuate Collection Set: 0.3ms
[47.939s][info][gc,phases      ] GC(288)   Other: 0.3ms
[47.939s][info][gc,heap        ] GC(288) Eden regions: 203->0(203)
[47.939s][info][gc,heap        ] GC(288) Survivor regions: 1->1(26)
[47.939s][info][gc,heap        ] GC(288) Old regions: 38->38
[47.939s][info][gc,heap        ] GC(288) Humongous regions: 6->6
[47.939s][info][gc,metaspace   ] GC(288) Metaspace: 70420K->70420K(1112064K)
[47.939s][info][gc             ] GC(288) Pause Young (Normal) (G1 Evacuation Pause) 246M->43M(340M) 3.261ms
[47.939s][info][gc,cpu         ] GC(288) User=0.01s Sys=0.00s Real=0.01s
[48.037s][info][gc,start       ] GC(289) Pause Young (Normal) (G1 Evacuation Pause)
[48.037s][info][gc,task        ] GC(289) Using 1 workers of 1 for evacuation
[48.040s][info][gc,phases      ] GC(289)   Pre Evacuate Collection Set: 0.0ms
[48.040s][info][gc,phases      ] GC(289)   Evacuate Collection Set: 2.7ms
[48.040s][info][gc,phases      ] GC(289)   Post Evacuate Collection Set: 0.3ms
[48.040s][info][gc,phases      ] GC(289)   Other: 0.3ms
[48.040s][info][gc,heap        ] GC(289) Eden regions: 203->0(203)
[48.040s][info][gc,heap        ] GC(289) Survivor regions: 1->1(26)
[48.040s][info][gc,heap        ] GC(289) Old regions: 38->38
[48.040s][info][gc,heap        ] GC(289) Humongous regions: 6->6
[48.040s][info][gc,metaspace   ] GC(289) Metaspace: 70420K->70420K(1112064K)
[48.040s][info][gc             ] GC(289) Pause Young (Normal) (G1 Evacuation Pause) 246M->43M(340M) 3.395ms
[48.040s][info][gc,cpu         ] GC(289) User=0.01s Sys=0.00s Real=0.01s
[48.139s][info][gc,start       ] GC(290) Pause Young (Normal) (G1 Evacuation Pause)
[48.139s][info][gc,task        ] GC(290) Using 1 workers of 1 for evacuation
[48.142s][info][gc,phases      ] GC(290)   Pre Evacuate Collection Set: 0.0ms
[48.142s][info][gc,phases      ] GC(290)   Evacuate Collection Set: 2.5ms
[48.142s][info][gc,phases      ] GC(290)   Post Evacuate Collection Set: 0.3ms
[48.142s][info][gc,phases      ] GC(290)   Other: 0.3ms
[48.142s][info][gc,heap        ] GC(290) Eden regions: 203->0(203)
[48.142s][info][gc,heap        ] GC(290) Survivor regions: 1->1(26)
[48.142s][info][gc,heap        ] GC(290) Old regions: 38->38
[48.142s][info][gc,heap        ] GC(290) Humongous regions: 6->6
[48.142s][info][gc,metaspace   ] GC(290) Metaspace: 70420K->70420K(1112064K)
[48.142s][info][gc             ] GC(290) Pause Young (Normal) (G1 Evacuation Pause) 246M->43M(340M) 3.157ms
[48.142s][info][gc,cpu         ] GC(290) User=0.00s Sys=0.00s Real=0.00s
[48.236s][info][gc,start       ] GC(291) Pause Young (Normal) (G1 Evacuation Pause)
[48.236s][info][gc,task        ] GC(291) Using 1 workers of 1 for evacuation
[48.240s][info][gc,phases      ] GC(291)   Pre Evacuate Collection Set: 0.0ms
[48.240s][info][gc,phases      ] GC(291)   Evacuate Collection Set: 2.6ms
[48.240s][info][gc,phases      ] GC(291)   Post Evacuate Collection Set: 0.3ms
[48.240s][info][gc,phases      ] GC(291)   Other: 0.3ms
[48.240s][info][gc,heap        ] GC(291) Eden regions: 203->0(203)
[48.240s][info][gc,heap        ] GC(291) Survivor regions: 1->1(26)
[48.240s][info][gc,heap        ] GC(291) Old regions: 38->38
[48.240s][info][gc,heap        ] GC(291) Humongous regions: 6->6
[48.240s][info][gc,metaspace   ] GC(291) Metaspace: 70420K->70420K(1112064K)
[48.240s][info][gc             ] GC(291) Pause Young (Normal) (G1 Evacuation Pause) 246M->43M(340M) 3.196ms
[48.240s][info][gc,cpu         ] GC(291) User=0.01s Sys=0.00s Real=0.01s
[48.334s][info][gc,start       ] GC(292) Pause Young (Normal) (G1 Evacuation Pause)
[48.334s][info][gc,task        ] GC(292) Using 1 workers of 1 for evacuation
[48.337s][info][gc,phases      ] GC(292)   Pre Evacuate Collection Set: 0.0ms
[48.337s][info][gc,phases      ] GC(292)   Evacuate Collection Set: 2.5ms
[48.337s][info][gc,phases      ] GC(292)   Post Evacuate Collection Set: 0.3ms
[48.337s][info][gc,phases      ] GC(292)   Other: 0.3ms
[48.337s][info][gc,heap        ] GC(292) Eden regions: 203->0(203)
[48.337s][info][gc,heap        ] GC(292) Survivor regions: 1->1(26)
[48.337s][info][gc,heap        ] GC(292) Old regions: 38->38
[48.337s][info][gc,heap        ] GC(292) Humongous regions: 6->6
[48.337s][info][gc,metaspace   ] GC(292) Metaspace: 70420K->70420K(1112064K)
[48.337s][info][gc             ] GC(292) Pause Young (Normal) (G1 Evacuation Pause) 246M->43M(340M) 3.099ms
[48.337s][info][gc,cpu         ] GC(292) User=0.00s Sys=0.00s Real=0.00s
[48.467s][info][gc,start       ] GC(293) Pause Young (Normal) (G1 Evacuation Pause)
[48.467s][info][gc,task        ] GC(293) Using 1 workers of 1 for evacuation
[48.470s][info][gc,phases      ] GC(293)   Pre Evacuate Collection Set: 0.0ms
[48.470s][info][gc,phases      ] GC(293)   Evacuate Collection Set: 2.4ms
[48.470s][info][gc,phases      ] GC(293)   Post Evacuate Collection Set: 0.3ms
[48.470s][info][gc,phases      ] GC(293)   Other: 0.4ms
[48.470s][info][gc,heap        ] GC(293) Eden regions: 203->0(203)
[48.470s][info][gc,heap        ] GC(293) Survivor regions: 1->1(26)
[48.470s][info][gc,heap        ] GC(293) Old regions: 38->38
[48.470s][info][gc,heap        ] GC(293) Humongous regions: 11->6
[48.470s][info][gc,metaspace   ] GC(293) Metaspace: 70423K->70423K(1112064K)
[48.470s][info][gc             ] GC(293) Pause Young (Normal) (G1 Evacuation Pause) 251M->42M(340M) 3.118ms
[48.470s][info][gc,cpu         ] GC(293) User=0.00s Sys=0.00s Real=0.01s
[48.567s][info][gc,start       ] GC(294) Pause Young (Normal) (G1 Evacuation Pause)
[48.567s][info][gc,task        ] GC(294) Using 1 workers of 1 for evacuation
[48.569s][info][gc,phases      ] GC(294)   Pre Evacuate Collection Set: 0.0ms
[48.570s][info][gc,phases      ] GC(294)   Evacuate Collection Set: 2.3ms
[48.570s][info][gc,phases      ] GC(294)   Post Evacuate Collection Set: 0.3ms
[48.570s][info][gc,phases      ] GC(294)   Other: 0.3ms
[48.570s][info][gc,heap        ] GC(294) Eden regions: 203->0(203)
[48.570s][info][gc,heap        ] GC(294) Survivor regions: 1->1(26)
[48.570s][info][gc,heap        ] GC(294) Old regions: 38->38
[48.570s][info][gc,heap        ] GC(294) Humongous regions: 6->6
[48.570s][info][gc,metaspace   ] GC(294) Metaspace: 70423K->70423K(1112064K)
[48.570s][info][gc             ] GC(294) Pause Young (Normal) (G1 Evacuation Pause) 245M->42M(340M) 2.979ms
[48.570s][info][gc,cpu         ] GC(294) User=0.01s Sys=0.00s Real=0.00s
[48.667s][info][gc,start       ] GC(295) Pause Young (Normal) (G1 Evacuation Pause)
[48.667s][info][gc,task        ] GC(295) Using 1 workers of 1 for evacuation
[48.671s][info][gc,phases      ] GC(295)   Pre Evacuate Collection Set: 0.0ms
[48.671s][info][gc,phases      ] GC(295)   Evacuate Collection Set: 2.4ms
[48.671s][info][gc,phases      ] GC(295)   Post Evacuate Collection Set: 0.3ms
[48.671s][info][gc,phases      ] GC(295)   Other: 1.6ms
[48.671s][info][gc,heap        ] GC(295) Eden regions: 203->0(203)
[48.671s][info][gc,heap        ] GC(295) Survivor regions: 1->1(26)
[48.671s][info][gc,heap        ] GC(295) Old regions: 38->38
[48.671s][info][gc,heap        ] GC(295) Humongous regions: 6->6
[48.671s][info][gc,metaspace   ] GC(295) Metaspace: 70423K->70423K(1112064K)
[48.671s][info][gc             ] GC(295) Pause Young (Normal) (G1 Evacuation Pause) 245M->42M(340M) 4.418ms
[48.671s][info][gc,cpu         ] GC(295) User=0.01s Sys=0.00s Real=0.01s
[48.776s][info][gc,start       ] GC(296) Pause Young (Normal) (G1 Evacuation Pause)
[48.776s][info][gc,task        ] GC(296) Using 1 workers of 1 for evacuation
[48.778s][info][gc,phases      ] GC(296)   Pre Evacuate Collection Set: 0.0ms
[48.778s][info][gc,phases      ] GC(296)   Evacuate Collection Set: 2.3ms
[48.778s][info][gc,phases      ] GC(296)   Post Evacuate Collection Set: 0.3ms
[48.778s][info][gc,phases      ] GC(296)   Other: 0.3ms
[48.778s][info][gc,heap        ] GC(296) Eden regions: 203->0(203)
[48.778s][info][gc,heap        ] GC(296) Survivor regions: 1->1(26)
[48.778s][info][gc,heap        ] GC(296) Old regions: 38->38
[48.778s][info][gc,heap        ] GC(296) Humongous regions: 6->6
[48.778s][info][gc,metaspace   ] GC(296) Metaspace: 70423K->70423K(1112064K)
[48.778s][info][gc             ] GC(296) Pause Young (Normal) (G1 Evacuation Pause) 245M->42M(340M) 2.913ms
[48.779s][info][gc,cpu         ] GC(296) User=0.01s Sys=0.00s Real=0.01s
[48.875s][info][gc,start       ] GC(297) Pause Young (Normal) (G1 Evacuation Pause)
[48.875s][info][gc,task        ] GC(297) Using 1 workers of 1 for evacuation
[48.879s][info][gc,phases      ] GC(297)   Pre Evacuate Collection Set: 0.0ms
[48.879s][info][gc,phases      ] GC(297)   Evacuate Collection Set: 3.0ms
[48.879s][info][gc,phases      ] GC(297)   Post Evacuate Collection Set: 0.4ms
[48.879s][info][gc,phases      ] GC(297)   Other: 0.3ms
[48.879s][info][gc,heap        ] GC(297) Eden regions: 203->0(203)
[48.879s][info][gc,heap        ] GC(297) Survivor regions: 1->1(26)
[48.879s][info][gc,heap        ] GC(297) Old regions: 38->38
[48.879s][info][gc,heap        ] GC(297) Humongous regions: 6->6
[48.879s][info][gc,metaspace   ] GC(297) Metaspace: 70423K->70423K(1112064K)
[48.879s][info][gc             ] GC(297) Pause Young (Normal) (G1 Evacuation Pause) 245M->42M(340M) 3.786ms
[48.879s][info][gc,cpu         ] GC(297) User=0.01s Sys=0.00s Real=0.01s
[48.980s][info][gc,start       ] GC(298) Pause Young (Normal) (G1 Evacuation Pause)
[48.980s][info][gc,task        ] GC(298) Using 1 workers of 1 for evacuation
[48.984s][info][gc,phases      ] GC(298)   Pre Evacuate Collection Set: 0.0ms
[48.984s][info][gc,phases      ] GC(298)   Evacuate Collection Set: 2.8ms
[48.984s][info][gc,phases      ] GC(298)   Post Evacuate Collection Set: 0.4ms
[48.984s][info][gc,phases      ] GC(298)   Other: 0.4ms
[48.984s][info][gc,heap        ] GC(298) Eden regions: 203->0(203)
[48.984s][info][gc,heap        ] GC(298) Survivor regions: 1->1(26)
[48.984s][info][gc,heap        ] GC(298) Old regions: 38->38
[48.984s][info][gc,heap        ] GC(298) Humongous regions: 6->6
[48.984s][info][gc,metaspace   ] GC(298) Metaspace: 70423K->70423K(1112064K)
[48.984s][info][gc             ] GC(298) Pause Young (Normal) (G1 Evacuation Pause) 245M->42M(340M) 3.649ms
[48.984s][info][gc,cpu         ] GC(298) User=0.00s Sys=0.00s Real=0.00s
[49.095s][info][gc,start       ] GC(299) Pause Young (Normal) (G1 Evacuation Pause)
[49.095s][info][gc,task        ] GC(299) Using 1 workers of 1 for evacuation
[49.099s][info][gc,phases      ] GC(299)   Pre Evacuate Collection Set: 0.0ms
[49.099s][info][gc,phases      ] GC(299)   Evacuate Collection Set: 2.5ms
[49.099s][info][gc,phases      ] GC(299)   Post Evacuate Collection Set: 0.4ms
[49.099s][info][gc,phases      ] GC(299)   Other: 0.4ms
[49.099s][info][gc,heap        ] GC(299) Eden regions: 203->0(203)
[49.099s][info][gc,heap        ] GC(299) Survivor regions: 1->1(26)
[49.099s][info][gc,heap        ] GC(299) Old regions: 38->38
[49.099s][info][gc,heap        ] GC(299) Humongous regions: 6->6
[49.099s][info][gc,metaspace   ] GC(299) Metaspace: 70423K->70423K(1112064K)
[49.099s][info][gc             ] GC(299) Pause Young (Normal) (G1 Evacuation Pause) 245M->43M(340M) 3.331ms
[49.099s][info][gc,cpu         ] GC(299) User=0.00s Sys=0.00s Real=0.01s
[49.204s][info][gc,start       ] GC(300) Pause Young (Normal) (G1 Evacuation Pause)
[49.204s][info][gc,task        ] GC(300) Using 1 workers of 1 for evacuation
[49.207s][info][gc,phases      ] GC(300)   Pre Evacuate Collection Set: 0.0ms
[49.208s][info][gc,phases      ] GC(300)   Evacuate Collection Set: 2.8ms
[49.208s][info][gc,phases      ] GC(300)   Post Evacuate Collection Set: 0.4ms
[49.208s][info][gc,phases      ] GC(300)   Other: 0.3ms
[49.208s][info][gc,heap        ] GC(300) Eden regions: 203->0(203)
[49.208s][info][gc,heap        ] GC(300) Survivor regions: 1->1(26)
[49.208s][info][gc,heap        ] GC(300) Old regions: 38->38
[49.208s][info][gc,heap        ] GC(300) Humongous regions: 6->6
[49.208s][info][gc,metaspace   ] GC(300) Metaspace: 70423K->70423K(1112064K)
[49.208s][info][gc             ] GC(300) Pause Young (Normal) (G1 Evacuation Pause) 246M->43M(340M) 3.622ms
[49.208s][info][gc,cpu         ] GC(300) User=0.00s Sys=0.00s Real=0.00s
[49.305s][info][gc,start       ] GC(301) Pause Young (Normal) (G1 Evacuation Pause)
[49.305s][info][gc,task        ] GC(301) Using 1 workers of 1 for evacuation
[49.308s][info][gc,phases      ] GC(301)   Pre Evacuate Collection Set: 0.0ms
[49.308s][info][gc,phases      ] GC(301)   Evacuate Collection Set: 2.4ms
[49.308s][info][gc,phases      ] GC(301)   Post Evacuate Collection Set: 0.3ms
[49.308s][info][gc,phases      ] GC(301)   Other: 0.3ms
[49.308s][info][gc,heap        ] GC(301) Eden regions: 203->0(203)
[49.308s][info][gc,heap        ] GC(301) Survivor regions: 1->1(26)
[49.308s][info][gc,heap        ] GC(301) Old regions: 38->38
[49.308s][info][gc,heap        ] GC(301) Humongous regions: 6->6
[49.308s][info][gc,metaspace   ] GC(301) Metaspace: 70423K->70423K(1112064K)
[49.308s][info][gc             ] GC(301) Pause Young (Normal) (G1 Evacuation Pause) 246M->43M(340M) 3.120ms
[49.308s][info][gc,cpu         ] GC(301) User=0.00s Sys=0.00s Real=0.00s
[49.459s][info][gc,start       ] GC(302) Pause Young (Normal) (G1 Evacuation Pause)
[49.460s][info][gc,task        ] GC(302) Using 1 workers of 1 for evacuation
[49.463s][info][gc,phases      ] GC(302)   Pre Evacuate Collection Set: 0.0ms
[49.463s][info][gc,phases      ] GC(302)   Evacuate Collection Set: 2.6ms
[49.463s][info][gc,phases      ] GC(302)   Post Evacuate Collection Set: 0.3ms
[49.463s][info][gc,phases      ] GC(302)   Other: 0.3ms
[49.463s][info][gc,heap        ] GC(302) Eden regions: 203->0(203)
[49.463s][info][gc,heap        ] GC(302) Survivor regions: 1->1(26)
[49.463s][info][gc,heap        ] GC(302) Old regions: 38->38
[49.463s][info][gc,heap        ] GC(302) Humongous regions: 11->6
[49.463s][info][gc,metaspace   ] GC(302) Metaspace: 70438K->70438K(1112064K)
[49.463s][info][gc             ] GC(302) Pause Young (Normal) (G1 Evacuation Pause) 251M->43M(340M) 3.285ms
[49.463s][info][gc,cpu         ] GC(302) User=0.01s Sys=0.00s Real=0.00s
[49.557s][info][gc,start       ] GC(303) Pause Young (Normal) (G1 Evacuation Pause)
[49.557s][info][gc,task        ] GC(303) Using 1 workers of 1 for evacuation
[49.560s][info][gc,phases      ] GC(303)   Pre Evacuate Collection Set: 0.0ms
[49.560s][info][gc,phases      ] GC(303)   Evacuate Collection Set: 2.4ms
[49.560s][info][gc,phases      ] GC(303)   Post Evacuate Collection Set: 0.3ms
[49.560s][info][gc,phases      ] GC(303)   Other: 0.3ms
[49.560s][info][gc,heap        ] GC(303) Eden regions: 203->0(203)
[49.560s][info][gc,heap        ] GC(303) Survivor regions: 1->1(26)
[49.560s][info][gc,heap        ] GC(303) Old regions: 38->38
[49.560s][info][gc,heap        ] GC(303) Humongous regions: 6->6
[49.560s][info][gc,metaspace   ] GC(303) Metaspace: 70438K->70438K(1112064K)
[49.560s][info][gc             ] GC(303) Pause Young (Normal) (G1 Evacuation Pause) 246M->43M(340M) 3.034ms
[49.560s][info][gc,cpu         ] GC(303) User=0.00s Sys=0.00s Real=0.01s
[49.657s][info][gc,start       ] GC(304) Pause Young (Normal) (G1 Evacuation Pause)
[49.657s][info][gc,task        ] GC(304) Using 1 workers of 1 for evacuation
[49.660s][info][gc,phases      ] GC(304)   Pre Evacuate Collection Set: 0.0ms
[49.660s][info][gc,phases      ] GC(304)   Evacuate Collection Set: 2.5ms
[49.660s][info][gc,phases      ] GC(304)   Post Evacuate Collection Set: 0.4ms
[49.660s][info][gc,phases      ] GC(304)   Other: 0.3ms
[49.660s][info][gc,heap        ] GC(304) Eden regions: 203->0(203)
[49.660s][info][gc,heap        ] GC(304) Survivor regions: 1->1(26)
[49.660s][info][gc,heap        ] GC(304) Old regions: 38->38
[49.660s][info][gc,heap        ] GC(304) Humongous regions: 6->6
[49.660s][info][gc,metaspace   ] GC(304) Metaspace: 70438K->70438K(1112064K)
[49.660s][info][gc             ] GC(304) Pause Young (Normal) (G1 Evacuation Pause) 246M->43M(340M) 3.162ms
[49.660s][info][gc,cpu         ] GC(304) User=0.00s Sys=0.00s Real=0.01s
[49.761s][info][gc,start       ] GC(305) Pause Young (Normal) (G1 Evacuation Pause)
[49.761s][info][gc,task        ] GC(305) Using 1 workers of 1 for evacuation
[49.764s][info][gc,phases      ] GC(305)   Pre Evacuate Collection Set: 0.0ms
[49.764s][info][gc,phases      ] GC(305)   Evacuate Collection Set: 2.4ms
[49.764s][info][gc,phases      ] GC(305)   Post Evacuate Collection Set: 0.3ms
[49.764s][info][gc,phases      ] GC(305)   Other: 0.3ms
[49.764s][info][gc,heap        ] GC(305) Eden regions: 203->0(203)
[49.764s][info][gc,heap        ] GC(305) Survivor regions: 1->1(26)
[49.764s][info][gc,heap        ] GC(305) Old regions: 38->38
[49.764s][info][gc,heap        ] GC(305) Humongous regions: 6->6
[49.764s][info][gc,metaspace   ] GC(305) Metaspace: 70438K->70438K(1112064K)
[49.764s][info][gc             ] GC(305) Pause Young (Normal) (G1 Evacuation Pause) 246M->43M(340M) 3.064ms
[49.764s][info][gc,cpu         ] GC(305) User=0.00s Sys=0.00s Real=0.00s
[49.861s][info][gc,start       ] GC(306) Pause Young (Normal) (G1 Evacuation Pause)
[49.861s][info][gc,task        ] GC(306) Using 1 workers of 1 for evacuation
[49.864s][info][gc,phases      ] GC(306)   Pre Evacuate Collection Set: 0.0ms
[49.864s][info][gc,phases      ] GC(306)   Evacuate Collection Set: 2.6ms
[49.864s][info][gc,phases      ] GC(306)   Post Evacuate Collection Set: 0.3ms
[49.864s][info][gc,phases      ] GC(306)   Other: 0.3ms
[49.864s][info][gc,heap        ] GC(306) Eden regions: 203->0(203)
[49.864s][info][gc,heap        ] GC(306) Survivor regions: 1->1(26)
[49.864s][info][gc,heap        ] GC(306) Old regions: 38->38
[49.864s][info][gc,heap        ] GC(306) Humongous regions: 6->6
[49.864s][info][gc,metaspace   ] GC(306) Metaspace: 70438K->70438K(1112064K)
[49.864s][info][gc             ] GC(306) Pause Young (Normal) (G1 Evacuation Pause) 246M->43M(340M) 3.246ms
[49.864s][info][gc,cpu         ] GC(306) User=0.01s Sys=0.00s Real=0.00s
[49.961s][info][gc,start       ] GC(307) Pause Young (Normal) (G1 Evacuation Pause)
[49.962s][info][gc,task        ] GC(307) Using 1 workers of 1 for evacuation
[49.965s][info][gc,phases      ] GC(307)   Pre Evacuate Collection Set: 0.0ms
[49.965s][info][gc,phases      ] GC(307)   Evacuate Collection Set: 2.4ms
[49.965s][info][gc,phases      ] GC(307)   Post Evacuate Collection Set: 0.3ms
[49.965s][info][gc,phases      ] GC(307)   Other: 0.4ms
[49.965s][info][gc,heap        ] GC(307) Eden regions: 203->0(203)
[49.965s][info][gc,heap        ] GC(307) Survivor regions: 1->1(26)
[49.965s][info][gc,heap        ] GC(307) Old regions: 38->38
[49.965s][info][gc,heap        ] GC(307) Humongous regions: 6->6
[49.965s][info][gc,metaspace   ] GC(307) Metaspace: 70438K->70438K(1112064K)
[49.965s][info][gc             ] GC(307) Pause Young (Normal) (G1 Evacuation Pause) 246M->43M(340M) 3.242ms
[49.965s][info][gc,cpu         ] GC(307) User=0.00s Sys=0.00s Real=0.00s
[50.062s][info][gc,start       ] GC(308) Pause Young (Normal) (G1 Evacuation Pause)
[50.062s][info][gc,task        ] GC(308) Using 1 workers of 1 for evacuation
[50.065s][info][gc,phases      ] GC(308)   Pre Evacuate Collection Set: 0.0ms
[50.065s][info][gc,phases      ] GC(308)   Evacuate Collection Set: 2.5ms
[50.065s][info][gc,phases      ] GC(308)   Post Evacuate Collection Set: 0.3ms
[50.065s][info][gc,phases      ] GC(308)   Other: 0.3ms
[50.065s][info][gc,heap        ] GC(308) Eden regions: 203->0(203)
[50.065s][info][gc,heap        ] GC(308) Survivor regions: 1->1(26)
[50.065s][info][gc,heap        ] GC(308) Old regions: 38->38
[50.065s][info][gc,heap        ] GC(308) Humongous regions: 6->6
[50.065s][info][gc,metaspace   ] GC(308) Metaspace: 70438K->70438K(1112064K)
[50.065s][info][gc             ] GC(308) Pause Young (Normal) (G1 Evacuation Pause) 246M->43M(340M) 3.257ms
[50.065s][info][gc,cpu         ] GC(308) User=0.00s Sys=0.00s Real=0.00s
[50.159s][info][gc,start       ] GC(309) Pause Young (Normal) (G1 Evacuation Pause)
[50.159s][info][gc,task        ] GC(309) Using 1 workers of 1 for evacuation
[50.162s][info][gc,phases      ] GC(309)   Pre Evacuate Collection Set: 0.0ms
[50.162s][info][gc,phases      ] GC(309)   Evacuate Collection Set: 2.3ms
[50.162s][info][gc,phases      ] GC(309)   Post Evacuate Collection Set: 0.4ms
[50.162s][info][gc,phases      ] GC(309)   Other: 0.3ms
[50.162s][info][gc,heap        ] GC(309) Eden regions: 203->0(203)
[50.162s][info][gc,heap        ] GC(309) Survivor regions: 1->1(26)
[50.162s][info][gc,heap        ] GC(309) Old regions: 38->38
[50.162s][info][gc,heap        ] GC(309) Humongous regions: 6->6
[50.162s][info][gc,metaspace   ] GC(309) Metaspace: 70438K->70438K(1112064K)
[50.162s][info][gc             ] GC(309) Pause Young (Normal) (G1 Evacuation Pause) 246M->43M(340M) 3.024ms
[50.162s][info][gc,cpu         ] GC(309) User=0.01s Sys=0.00s Real=0.00s
[50.258s][info][gc,start       ] GC(310) Pause Young (Normal) (G1 Evacuation Pause)
[50.258s][info][gc,task        ] GC(310) Using 1 workers of 1 for evacuation
[50.261s][info][gc,phases      ] GC(310)   Pre Evacuate Collection Set: 0.0ms
[50.261s][info][gc,phases      ] GC(310)   Evacuate Collection Set: 2.4ms
[50.261s][info][gc,phases      ] GC(310)   Post Evacuate Collection Set: 0.3ms
[50.261s][info][gc,phases      ] GC(310)   Other: 0.3ms
[50.261s][info][gc,heap        ] GC(310) Eden regions: 203->0(203)
[50.261s][info][gc,heap        ] GC(310) Survivor regions: 1->1(26)
[50.261s][info][gc,heap        ] GC(310) Old regions: 38->38
[50.261s][info][gc,heap        ] GC(310) Humongous regions: 6->6
[50.261s][info][gc,metaspace   ] GC(310) Metaspace: 70438K->70438K(1112064K)
[50.261s][info][gc             ] GC(310) Pause Young (Normal) (G1 Evacuation Pause) 246M->43M(340M) 3.046ms
[50.261s][info][gc,cpu         ] GC(310) User=0.00s Sys=0.00s Real=0.00s
[50.416s][info][gc,start       ] GC(311) Pause Young (Normal) (G1 Evacuation Pause)
[50.416s][info][gc,task        ] GC(311) Using 1 workers of 1 for evacuation
[50.419s][info][gc,phases      ] GC(311)   Pre Evacuate Collection Set: 0.0ms
[50.419s][info][gc,phases      ] GC(311)   Evacuate Collection Set: 2.4ms
[50.419s][info][gc,phases      ] GC(311)   Post Evacuate Collection Set: 0.3ms
[50.419s][info][gc,phases      ] GC(311)   Other: 0.3ms
[50.419s][info][gc,heap        ] GC(311) Eden regions: 203->0(203)
[50.419s][info][gc,heap        ] GC(311) Survivor regions: 1->1(26)
[50.419s][info][gc,heap        ] GC(311) Old regions: 38->38
[50.419s][info][gc,heap        ] GC(311) Humongous regions: 11->6
[50.419s][info][gc,metaspace   ] GC(311) Metaspace: 70441K->70441K(1112064K)
[50.419s][info][gc             ] GC(311) Pause Young (Normal) (G1 Evacuation Pause) 251M->42M(340M) 3.071ms
[50.419s][info][gc,cpu         ] GC(311) User=0.00s Sys=0.00s Real=0.01s
[50.519s][info][gc,start       ] GC(312) Pause Young (Normal) (G1 Evacuation Pause)
[50.519s][info][gc,task        ] GC(312) Using 1 workers of 1 for evacuation
[50.522s][info][gc,phases      ] GC(312)   Pre Evacuate Collection Set: 0.0ms
[50.522s][info][gc,phases      ] GC(312)   Evacuate Collection Set: 2.2ms
[50.522s][info][gc,phases      ] GC(312)   Post Evacuate Collection Set: 0.3ms
[50.522s][info][gc,phases      ] GC(312)   Other: 0.3ms
[50.522s][info][gc,heap        ] GC(312) Eden regions: 203->0(203)
[50.522s][info][gc,heap        ] GC(312) Survivor regions: 1->1(26)
[50.522s][info][gc,heap        ] GC(312) Old regions: 38->38
[50.522s][info][gc,heap        ] GC(312) Humongous regions: 6->6
[50.522s][info][gc,metaspace   ] GC(312) Metaspace: 70442K->70442K(1112064K)
[50.522s][info][gc             ] GC(312) Pause Young (Normal) (G1 Evacuation Pause) 245M->42M(340M) 2.860ms
[50.522s][info][gc,cpu         ] GC(312) User=0.00s Sys=0.00s Real=0.00s
[50.622s][info][gc,start       ] GC(313) Pause Young (Normal) (G1 Evacuation Pause)
[50.622s][info][gc,task        ] GC(313) Using 1 workers of 1 for evacuation
[50.625s][info][gc,phases      ] GC(313)   Pre Evacuate Collection Set: 0.0ms
[50.625s][info][gc,phases      ] GC(313)   Evacuate Collection Set: 2.2ms
[50.625s][info][gc,phases      ] GC(313)   Post Evacuate Collection Set: 0.3ms
[50.625s][info][gc,phases      ] GC(313)   Other: 0.3ms
[50.625s][info][gc,heap        ] GC(313) Eden regions: 203->0(203)
[50.625s][info][gc,heap        ] GC(313) Survivor regions: 1->1(26)
[50.625s][info][gc,heap        ] GC(313) Old regions: 38->38
[50.625s][info][gc,heap        ] GC(313) Humongous regions: 6->6
[50.625s][info][gc,metaspace   ] GC(313) Metaspace: 70442K->70442K(1112064K)
[50.625s][info][gc             ] GC(313) Pause Young (Normal) (G1 Evacuation Pause) 245M->42M(340M) 2.813ms
[50.625s][info][gc,cpu         ] GC(313) User=0.01s Sys=0.00s Real=0.00s
[50.721s][info][gc,start       ] GC(314) Pause Young (Normal) (G1 Evacuation Pause)
[50.721s][info][gc,task        ] GC(314) Using 1 workers of 1 for evacuation
[50.724s][info][gc,phases      ] GC(314)   Pre Evacuate Collection Set: 0.0ms
[50.724s][info][gc,phases      ] GC(314)   Evacuate Collection Set: 2.2ms
[50.724s][info][gc,phases      ] GC(314)   Post Evacuate Collection Set: 0.3ms
[50.724s][info][gc,phases      ] GC(314)   Other: 0.3ms
[50.724s][info][gc,heap        ] GC(314) Eden regions: 203->0(203)
[50.724s][info][gc,heap        ] GC(314) Survivor regions: 1->1(26)
[50.724s][info][gc,heap        ] GC(314) Old regions: 38->38
[50.724s][info][gc,heap        ] GC(314) Humongous regions: 6->6
[50.724s][info][gc,metaspace   ] GC(314) Metaspace: 70442K->70442K(1112064K)
[50.724s][info][gc             ] GC(314) Pause Young (Normal) (G1 Evacuation Pause) 245M->42M(340M) 2.937ms
[50.724s][info][gc,cpu         ] GC(314) User=0.01s Sys=0.00s Real=0.00s
[50.823s][info][gc,start       ] GC(315) Pause Young (Normal) (G1 Evacuation Pause)
[50.823s][info][gc,task        ] GC(315) Using 1 workers of 1 for evacuation
[50.826s][info][gc,phases      ] GC(315)   Pre Evacuate Collection Set: 0.0ms
[50.826s][info][gc,phases      ] GC(315)   Evacuate Collection Set: 2.3ms
[50.826s][info][gc,phases      ] GC(315)   Post Evacuate Collection Set: 0.3ms
[50.826s][info][gc,phases      ] GC(315)   Other: 0.3ms
[50.826s][info][gc,heap        ] GC(315) Eden regions: 203->0(203)
[50.826s][info][gc,heap        ] GC(315) Survivor regions: 1->1(26)
[50.826s][info][gc,heap        ] GC(315) Old regions: 38->38
[50.826s][info][gc,heap        ] GC(315) Humongous regions: 6->6
[50.826s][info][gc,metaspace   ] GC(315) Metaspace: 70442K->70442K(1112064K)
[50.826s][info][gc             ] GC(315) Pause Young (Normal) (G1 Evacuation Pause) 245M->42M(340M) 2.929ms
[50.826s][info][gc,cpu         ] GC(315) User=0.01s Sys=0.00s Real=0.00s
[50.923s][info][gc,start       ] GC(316) Pause Young (Normal) (G1 Evacuation Pause)
[50.923s][info][gc,task        ] GC(316) Using 1 workers of 1 for evacuation
[50.926s][info][gc,phases      ] GC(316)   Pre Evacuate Collection Set: 0.0ms
[50.926s][info][gc,phases      ] GC(316)   Evacuate Collection Set: 2.3ms
[50.926s][info][gc,phases      ] GC(316)   Post Evacuate Collection Set: 0.3ms
[50.926s][info][gc,phases      ] GC(316)   Other: 0.3ms
[50.926s][info][gc,heap        ] GC(316) Eden regions: 203->0(203)
[50.926s][info][gc,heap        ] GC(316) Survivor regions: 1->1(26)
[50.926s][info][gc,heap        ] GC(316) Old regions: 38->38
[50.926s][info][gc,heap        ] GC(316) Humongous regions: 6->6
[50.926s][info][gc,metaspace   ] GC(316) Metaspace: 70442K->70442K(1112064K)
[50.926s][info][gc             ] GC(316) Pause Young (Normal) (G1 Evacuation Pause) 245M->42M(340M) 2.943ms
[50.926s][info][gc,cpu         ] GC(316) User=0.01s Sys=0.00s Real=0.00s
[51.023s][info][gc,start       ] GC(317) Pause Young (Normal) (G1 Evacuation Pause)
[51.023s][info][gc,task        ] GC(317) Using 1 workers of 1 for evacuation
[51.026s][info][gc,phases      ] GC(317)   Pre Evacuate Collection Set: 0.0ms
[51.026s][info][gc,phases      ] GC(317)   Evacuate Collection Set: 2.3ms
[51.026s][info][gc,phases      ] GC(317)   Post Evacuate Collection Set: 0.3ms
[51.026s][info][gc,phases      ] GC(317)   Other: 0.3ms
[51.026s][info][gc,heap        ] GC(317) Eden regions: 203->0(203)
[51.026s][info][gc,heap        ] GC(317) Survivor regions: 1->1(26)
[51.026s][info][gc,heap        ] GC(317) Old regions: 38->38
[51.026s][info][gc,heap        ] GC(317) Humongous regions: 6->6
[51.026s][info][gc,metaspace   ] GC(317) Metaspace: 70442K->70442K(1112064K)
[51.026s][info][gc             ] GC(317) Pause Young (Normal) (G1 Evacuation Pause) 245M->43M(340M) 2.982ms
[51.026s][info][gc,cpu         ] GC(317) User=0.01s Sys=0.00s Real=0.00s
[51.125s][info][gc,start       ] GC(318) Pause Young (Normal) (G1 Evacuation Pause)
[51.125s][info][gc,task        ] GC(318) Using 1 workers of 1 for evacuation
[51.128s][info][gc,phases      ] GC(318)   Pre Evacuate Collection Set: 0.0ms
[51.128s][info][gc,phases      ] GC(318)   Evacuate Collection Set: 2.5ms
[51.128s][info][gc,phases      ] GC(318)   Post Evacuate Collection Set: 0.3ms
[51.128s][info][gc,phases      ] GC(318)   Other: 0.3ms
[51.128s][info][gc,heap        ] GC(318) Eden regions: 203->0(203)
[51.128s][info][gc,heap        ] GC(318) Survivor regions: 1->1(26)
[51.128s][info][gc,heap        ] GC(318) Old regions: 38->38
[51.128s][info][gc,heap        ] GC(318) Humongous regions: 6->6
[51.128s][info][gc,metaspace   ] GC(318) Metaspace: 70442K->70442K(1112064K)
[51.128s][info][gc             ] GC(318) Pause Young (Normal) (G1 Evacuation Pause) 246M->43M(340M) 3.130ms
[51.128s][info][gc,cpu         ] GC(318) User=0.00s Sys=0.00s Real=0.00s
[51.227s][info][gc,start       ] GC(319) Pause Young (Normal) (G1 Evacuation Pause)
[51.227s][info][gc,task        ] GC(319) Using 1 workers of 1 for evacuation
[51.230s][info][gc,phases      ] GC(319)   Pre Evacuate Collection Set: 0.0ms
[51.230s][info][gc,phases      ] GC(319)   Evacuate Collection Set: 2.4ms
[51.230s][info][gc,phases      ] GC(319)   Post Evacuate Collection Set: 0.3ms
[51.230s][info][gc,phases      ] GC(319)   Other: 0.3ms
[51.230s][info][gc,heap        ] GC(319) Eden regions: 203->0(203)
[51.230s][info][gc,heap        ] GC(319) Survivor regions: 1->1(26)
[51.230s][info][gc,heap        ] GC(319) Old regions: 38->38
[51.230s][info][gc,heap        ] GC(319) Humongous regions: 6->6
[51.230s][info][gc,metaspace   ] GC(319) Metaspace: 70442K->70442K(1112064K)
[51.231s][info][gc             ] GC(319) Pause Young (Normal) (G1 Evacuation Pause) 246M->43M(340M) 3.055ms
[51.231s][info][gc,cpu         ] GC(319) User=0.00s Sys=0.00s Real=0.01s
[51.374s][info][gc,start       ] GC(320) Pause Young (Normal) (G1 Evacuation Pause)
[51.374s][info][gc,task        ] GC(320) Using 1 workers of 1 for evacuation
[51.377s][info][gc,phases      ] GC(320)   Pre Evacuate Collection Set: 0.0ms
[51.377s][info][gc,phases      ] GC(320)   Evacuate Collection Set: 2.5ms
[51.377s][info][gc,phases      ] GC(320)   Post Evacuate Collection Set: 0.4ms
[51.377s][info][gc,phases      ] GC(320)   Other: 0.3ms
[51.377s][info][gc,heap        ] GC(320) Eden regions: 203->0(203)
[51.377s][info][gc,heap        ] GC(320) Survivor regions: 1->1(26)
[51.377s][info][gc,heap        ] GC(320) Old regions: 38->38
[51.377s][info][gc,heap        ] GC(320) Humongous regions: 11->6
[51.377s][info][gc,metaspace   ] GC(320) Metaspace: 70456K->70456K(1112064K)
[51.377s][info][gc             ] GC(320) Pause Young (Normal) (G1 Evacuation Pause) 251M->43M(340M) 3.223ms
[51.377s][info][gc,cpu         ] GC(320) User=0.00s Sys=0.00s Real=0.00s
[51.474s][info][gc,start       ] GC(321) Pause Young (Normal) (G1 Evacuation Pause)
[51.475s][info][gc,task        ] GC(321) Using 1 workers of 1 for evacuation
[51.478s][info][gc,phases      ] GC(321)   Pre Evacuate Collection Set: 0.0ms
[51.478s][info][gc,phases      ] GC(321)   Evacuate Collection Set: 2.4ms
[51.478s][info][gc,phases      ] GC(321)   Post Evacuate Collection Set: 0.4ms
[51.478s][info][gc,phases      ] GC(321)   Other: 0.3ms
[51.478s][info][gc,heap        ] GC(321) Eden regions: 203->0(203)
[51.478s][info][gc,heap        ] GC(321) Survivor regions: 1->1(26)
[51.478s][info][gc,heap        ] GC(321) Old regions: 38->38
[51.478s][info][gc,heap        ] GC(321) Humongous regions: 6->6
[51.478s][info][gc,metaspace   ] GC(321) Metaspace: 70456K->70456K(1112064K)
[51.478s][info][gc             ] GC(321) Pause Young (Normal) (G1 Evacuation Pause) 246M->43M(340M) 3.155ms
[51.478s][info][gc,cpu         ] GC(321) User=0.00s Sys=0.00s Real=0.01s
[51.573s][info][gc,start       ] GC(322) Pause Young (Normal) (G1 Evacuation Pause)
[51.574s][info][gc,task        ] GC(322) Using 1 workers of 1 for evacuation
[51.576s][info][gc,phases      ] GC(322)   Pre Evacuate Collection Set: 0.0ms
[51.576s][info][gc,phases      ] GC(322)   Evacuate Collection Set: 2.4ms
[51.576s][info][gc,phases      ] GC(322)   Post Evacuate Collection Set: 0.3ms
[51.576s][info][gc,phases      ] GC(322)   Other: 0.3ms
[51.576s][info][gc,heap        ] GC(322) Eden regions: 203->0(203)
[51.577s][info][gc,heap        ] GC(322) Survivor regions: 1->1(26)
[51.577s][info][gc,heap        ] GC(322) Old regions: 38->38
[51.577s][info][gc,heap        ] GC(322) Humongous regions: 6->6
[51.577s][info][gc,metaspace   ] GC(322) Metaspace: 70456K->70456K(1112064K)
[51.577s][info][gc             ] GC(322) Pause Young (Normal) (G1 Evacuation Pause) 246M->43M(340M) 3.136ms
[51.577s][info][gc,cpu         ] GC(322) User=0.00s Sys=0.00s Real=0.00s
[51.673s][info][gc,start       ] GC(323) Pause Young (Normal) (G1 Evacuation Pause)
[51.673s][info][gc,task        ] GC(323) Using 1 workers of 1 for evacuation
[51.676s][info][gc,phases      ] GC(323)   Pre Evacuate Collection Set: 0.0ms
[51.676s][info][gc,phases      ] GC(323)   Evacuate Collection Set: 2.5ms
[51.676s][info][gc,phases      ] GC(323)   Post Evacuate Collection Set: 0.3ms
[51.676s][info][gc,phases      ] GC(323)   Other: 0.3ms
[51.676s][info][gc,heap        ] GC(323) Eden regions: 203->0(203)
[51.676s][info][gc,heap        ] GC(323) Survivor regions: 1->1(26)
[51.676s][info][gc,heap        ] GC(323) Old regions: 38->38
[51.676s][info][gc,heap        ] GC(323) Humongous regions: 6->6
[51.676s][info][gc,metaspace   ] GC(323) Metaspace: 70456K->70456K(1112064K)
[51.676s][info][gc             ] GC(323) Pause Young (Normal) (G1 Evacuation Pause) 246M->43M(340M) 3.168ms
[51.676s][info][gc,cpu         ] GC(323) User=0.00s Sys=0.00s Real=0.00s
[51.778s][info][gc,start       ] GC(324) Pause Young (Normal) (G1 Evacuation Pause)
[51.778s][info][gc,task        ] GC(324) Using 1 workers of 1 for evacuation
[51.781s][info][gc,phases      ] GC(324)   Pre Evacuate Collection Set: 0.0ms
[51.781s][info][gc,phases      ] GC(324)   Evacuate Collection Set: 2.4ms
[51.781s][info][gc,phases      ] GC(324)   Post Evacuate Collection Set: 0.3ms
[51.781s][info][gc,phases      ] GC(324)   Other: 0.3ms
[51.781s][info][gc,heap        ] GC(324) Eden regions: 203->0(203)
[51.781s][info][gc,heap        ] GC(324) Survivor regions: 1->1(26)
[51.781s][info][gc,heap        ] GC(324) Old regions: 38->38
[51.781s][info][gc,heap        ] GC(324) Humongous regions: 6->6
[51.781s][info][gc,metaspace   ] GC(324) Metaspace: 70456K->70456K(1112064K)
[51.781s][info][gc             ] GC(324) Pause Young (Normal) (G1 Evacuation Pause) 246M->43M(340M) 3.031ms
[51.781s][info][gc,cpu         ] GC(324) User=0.00s Sys=0.00s Real=0.00s
[51.876s][info][gc,start       ] GC(325) Pause Young (Normal) (G1 Evacuation Pause)
[51.876s][info][gc,task        ] GC(325) Using 1 workers of 1 for evacuation
[51.879s][info][gc,phases      ] GC(325)   Pre Evacuate Collection Set: 0.0ms
[51.879s][info][gc,phases      ] GC(325)   Evacuate Collection Set: 2.4ms
[51.879s][info][gc,phases      ] GC(325)   Post Evacuate Collection Set: 0.3ms
[51.879s][info][gc,phases      ] GC(325)   Other: 0.3ms
[51.879s][info][gc,heap        ] GC(325) Eden regions: 203->0(203)
[51.879s][info][gc,heap        ] GC(325) Survivor regions: 1->1(26)
[51.879s][info][gc,heap        ] GC(325) Old regions: 38->38
[51.879s][info][gc,heap        ] GC(325) Humongous regions: 6->6
[51.879s][info][gc,metaspace   ] GC(325) Metaspace: 70456K->70456K(1112064K)
[51.879s][info][gc             ] GC(325) Pause Young (Normal) (G1 Evacuation Pause) 246M->43M(340M) 3.062ms
[51.879s][info][gc,cpu         ] GC(325) User=0.00s Sys=0.00s Real=0.01s
[51.974s][info][gc,start       ] GC(326) Pause Young (Normal) (G1 Evacuation Pause)
[51.974s][info][gc,task        ] GC(326) Using 1 workers of 1 for evacuation
[51.977s][info][gc,phases      ] GC(326)   Pre Evacuate Collection Set: 0.0ms
[51.977s][info][gc,phases      ] GC(326)   Evacuate Collection Set: 2.5ms
[51.977s][info][gc,phases      ] GC(326)   Post Evacuate Collection Set: 0.3ms
[51.977s][info][gc,phases      ] GC(326)   Other: 0.2ms
[51.977s][info][gc,heap        ] GC(326) Eden regions: 203->0(203)
[51.977s][info][gc,heap        ] GC(326) Survivor regions: 1->1(26)
[51.977s][info][gc,heap        ] GC(326) Old regions: 38->38
[51.977s][info][gc,heap        ] GC(326) Humongous regions: 6->6
[51.977s][info][gc,metaspace   ] GC(326) Metaspace: 70456K->70456K(1112064K)
[51.977s][info][gc             ] GC(326) Pause Young (Normal) (G1 Evacuation Pause) 246M->43M(340M) 3.125ms
[51.978s][info][gc,cpu         ] GC(326) User=0.00s Sys=0.00s Real=0.00s
[52.073s][info][gc,start       ] GC(327) Pause Young (Normal) (G1 Evacuation Pause)
[52.073s][info][gc,task        ] GC(327) Using 1 workers of 1 for evacuation
[52.076s][info][gc,phases      ] GC(327)   Pre Evacuate Collection Set: 0.0ms
[52.076s][info][gc,phases      ] GC(327)   Evacuate Collection Set: 2.4ms
[52.076s][info][gc,phases      ] GC(327)   Post Evacuate Collection Set: 0.3ms
[52.076s][info][gc,phases      ] GC(327)   Other: 0.2ms
[52.076s][info][gc,heap        ] GC(327) Eden regions: 203->0(203)
[52.076s][info][gc,heap        ] GC(327) Survivor regions: 1->1(26)
[52.076s][info][gc,heap        ] GC(327) Old regions: 38->38
[52.076s][info][gc,heap        ] GC(327) Humongous regions: 6->6
[52.076s][info][gc,metaspace   ] GC(327) Metaspace: 70456K->70456K(1112064K)
[52.076s][info][gc             ] GC(327) Pause Young (Normal) (G1 Evacuation Pause) 246M->43M(340M) 3.006ms
[52.076s][info][gc,cpu         ] GC(327) User=0.00s Sys=0.00s Real=0.00s
[52.170s][info][gc,start       ] GC(328) Pause Young (Normal) (G1 Evacuation Pause)
[52.171s][info][gc,task        ] GC(328) Using 1 workers of 1 for evacuation
[52.173s][info][gc,phases      ] GC(328)   Pre Evacuate Collection Set: 0.0ms
[52.173s][info][gc,phases      ] GC(328)   Evacuate Collection Set: 2.3ms
[52.173s][info][gc,phases      ] GC(328)   Post Evacuate Collection Set: 0.3ms
[52.173s][info][gc,phases      ] GC(328)   Other: 0.3ms
[52.173s][info][gc,heap        ] GC(328) Eden regions: 203->0(203)
[52.173s][info][gc,heap        ] GC(328) Survivor regions: 1->1(26)
[52.173s][info][gc,heap        ] GC(328) Old regions: 38->38
[52.173s][info][gc,heap        ] GC(328) Humongous regions: 6->6
[52.173s][info][gc,metaspace   ] GC(328) Metaspace: 70456K->70456K(1112064K)
[52.173s][info][gc             ] GC(328) Pause Young (Normal) (G1 Evacuation Pause) 246M->43M(340M) 2.925ms
[52.173s][info][gc,cpu         ] GC(328) User=0.01s Sys=0.00s Real=0.00s
[52.269s][info][gc,start       ] GC(329) Pause Young (Normal) (G1 Evacuation Pause)
[52.269s][info][gc,task        ] GC(329) Using 1 workers of 1 for evacuation
[52.272s][info][gc,phases      ] GC(329)   Pre Evacuate Collection Set: 0.0ms
[52.272s][info][gc,phases      ] GC(329)   Evacuate Collection Set: 2.3ms
[52.272s][info][gc,phases      ] GC(329)   Post Evacuate Collection Set: 0.3ms
[52.272s][info][gc,phases      ] GC(329)   Other: 0.4ms
[52.272s][info][gc,heap        ] GC(329) Eden regions: 203->0(203)
[52.272s][info][gc,heap        ] GC(329) Survivor regions: 1->1(26)
[52.272s][info][gc,heap        ] GC(329) Old regions: 38->38
[52.272s][info][gc,heap        ] GC(329) Humongous regions: 6->6
[52.272s][info][gc,metaspace   ] GC(329) Metaspace: 70456K->70456K(1112064K)
[52.272s][info][gc             ] GC(329) Pause Young (Normal) (G1 Evacuation Pause) 246M->43M(340M) 3.106ms
[52.272s][info][gc,cpu         ] GC(329) User=0.00s Sys=0.00s Real=0.01s
[52.395s][info][gc,start       ] GC(330) Pause Young (Normal) (G1 Evacuation Pause)
[52.395s][info][gc,task        ] GC(330) Using 1 workers of 1 for evacuation
[52.398s][info][gc,phases      ] GC(330)   Pre Evacuate Collection Set: 0.0ms
[52.398s][info][gc,phases      ] GC(330)   Evacuate Collection Set: 2.4ms
[52.398s][info][gc,phases      ] GC(330)   Post Evacuate Collection Set: 0.3ms
[52.398s][info][gc,phases      ] GC(330)   Other: 0.4ms
[52.398s][info][gc,heap        ] GC(330) Eden regions: 203->0(203)
[52.398s][info][gc,heap        ] GC(330) Survivor regions: 1->1(26)
[52.398s][info][gc,heap        ] GC(330) Old regions: 38->38
[52.398s][info][gc,heap        ] GC(330) Humongous regions: 11->6
[52.398s][info][gc,metaspace   ] GC(330) Metaspace: 70467K->70467K(1112064K)
[52.398s][info][gc             ] GC(330) Pause Young (Normal) (G1 Evacuation Pause) 251M->42M(340M) 3.122ms
[52.398s][info][gc,cpu         ] GC(330) User=0.00s Sys=0.00s Real=0.01s
[52.506s][info][gc,start       ] GC(331) Pause Young (Normal) (G1 Evacuation Pause)
[52.507s][info][gc,task        ] GC(331) Using 1 workers of 1 for evacuation
[52.509s][info][gc,phases      ] GC(331)   Pre Evacuate Collection Set: 0.0ms
[52.509s][info][gc,phases      ] GC(331)   Evacuate Collection Set: 2.3ms
[52.509s][info][gc,phases      ] GC(331)   Post Evacuate Collection Set: 0.3ms
[52.509s][info][gc,phases      ] GC(331)   Other: 0.3ms
[52.509s][info][gc,heap        ] GC(331) Eden regions: 203->0(203)
[52.509s][info][gc,heap        ] GC(331) Survivor regions: 1->1(26)
[52.509s][info][gc,heap        ] GC(331) Old regions: 38->38
[52.509s][info][gc,heap        ] GC(331) Humongous regions: 6->6
[52.509s][info][gc,metaspace   ] GC(331) Metaspace: 70472K->70472K(1112064K)
[52.509s][info][gc             ] GC(331) Pause Young (Normal) (G1 Evacuation Pause) 245M->42M(340M) 2.958ms
[52.510s][info][gc,cpu         ] GC(331) User=0.00s Sys=0.00s Real=0.01s
[52.604s][info][gc,start       ] GC(332) Pause Young (Normal) (G1 Evacuation Pause)
[52.604s][info][gc,task        ] GC(332) Using 1 workers of 1 for evacuation
[52.607s][info][gc,phases      ] GC(332)   Pre Evacuate Collection Set: 0.0ms
[52.607s][info][gc,phases      ] GC(332)   Evacuate Collection Set: 2.2ms
[52.607s][info][gc,phases      ] GC(332)   Post Evacuate Collection Set: 0.3ms
[52.607s][info][gc,phases      ] GC(332)   Other: 0.3ms
[52.607s][info][gc,heap        ] GC(332) Eden regions: 203->0(203)
[52.607s][info][gc,heap        ] GC(332) Survivor regions: 1->1(26)
[52.607s][info][gc,heap        ] GC(332) Old regions: 38->38
[52.607s][info][gc,heap        ] GC(332) Humongous regions: 6->6
[52.607s][info][gc,metaspace   ] GC(332) Metaspace: 70472K->70472K(1112064K)
[52.607s][info][gc             ] GC(332) Pause Young (Normal) (G1 Evacuation Pause) 245M->42M(340M) 2.865ms
[52.607s][info][gc,cpu         ] GC(332) User=0.01s Sys=0.00s Real=0.00s
[52.704s][info][gc,start       ] GC(333) Pause Young (Normal) (G1 Evacuation Pause)
[52.704s][info][gc,task        ] GC(333) Using 1 workers of 1 for evacuation
[52.707s][info][gc,phases      ] GC(333)   Pre Evacuate Collection Set: 0.0ms
[52.707s][info][gc,phases      ] GC(333)   Evacuate Collection Set: 2.3ms
[52.707s][info][gc,phases      ] GC(333)   Post Evacuate Collection Set: 0.3ms
[52.707s][info][gc,phases      ] GC(333)   Other: 0.3ms
[52.707s][info][gc,heap        ] GC(333) Eden regions: 203->0(203)
[52.707s][info][gc,heap        ] GC(333) Survivor regions: 1->1(26)
[52.707s][info][gc,heap        ] GC(333) Old regions: 38->38
[52.707s][info][gc,heap        ] GC(333) Humongous regions: 6->6
[52.707s][info][gc,metaspace   ] GC(333) Metaspace: 70476K->70476K(1112064K)
[52.707s][info][gc             ] GC(333) Pause Young (Normal) (G1 Evacuation Pause) 245M->43M(340M) 2.967ms
[52.707s][info][gc,cpu         ] GC(333) User=0.01s Sys=0.00s Real=0.00s
[52.809s][info][gc,start       ] GC(334) Pause Young (Normal) (G1 Evacuation Pause)
[52.809s][info][gc,task        ] GC(334) Using 1 workers of 1 for evacuation
[52.812s][info][gc,phases      ] GC(334)   Pre Evacuate Collection Set: 0.0ms
[52.812s][info][gc,phases      ] GC(334)   Evacuate Collection Set: 2.3ms
[52.812s][info][gc,phases      ] GC(334)   Post Evacuate Collection Set: 0.3ms
[52.812s][info][gc,phases      ] GC(334)   Other: 0.3ms
[52.812s][info][gc,heap        ] GC(334) Eden regions: 203->0(203)
[52.812s][info][gc,heap        ] GC(334) Survivor regions: 1->1(26)
[52.812s][info][gc,heap        ] GC(334) Old regions: 38->38
[52.812s][info][gc,heap        ] GC(334) Humongous regions: 6->6
[52.812s][info][gc,metaspace   ] GC(334) Metaspace: 70476K->70476K(1112064K)
[52.812s][info][gc             ] GC(334) Pause Young (Normal) (G1 Evacuation Pause) 246M->43M(340M) 2.956ms
[52.812s][info][gc,cpu         ] GC(334) User=0.00s Sys=0.00s Real=0.01s
[52.909s][info][gc,start       ] GC(335) Pause Young (Normal) (G1 Evacuation Pause)
[52.909s][info][gc,task        ] GC(335) Using 1 workers of 1 for evacuation
[52.912s][info][gc,phases      ] GC(335)   Pre Evacuate Collection Set: 0.0ms
[52.912s][info][gc,phases      ] GC(335)   Evacuate Collection Set: 2.3ms
[52.912s][info][gc,phases      ] GC(335)   Post Evacuate Collection Set: 0.3ms
[52.912s][info][gc,phases      ] GC(335)   Other: 0.3ms
[52.912s][info][gc,heap        ] GC(335) Eden regions: 203->0(203)
[52.912s][info][gc,heap        ] GC(335) Survivor regions: 1->1(26)
[52.912s][info][gc,heap        ] GC(335) Old regions: 38->38
[52.912s][info][gc,heap        ] GC(335) Humongous regions: 6->6
[52.912s][info][gc,metaspace   ] GC(335) Metaspace: 70476K->70476K(1112064K)
[52.912s][info][gc             ] GC(335) Pause Young (Normal) (G1 Evacuation Pause) 246M->43M(340M) 2.984ms
[52.912s][info][gc,cpu         ] GC(335) User=0.00s Sys=0.00s Real=0.01s
[53.010s][info][gc,start       ] GC(336) Pause Young (Normal) (G1 Evacuation Pause)
[53.010s][info][gc,task        ] GC(336) Using 1 workers of 1 for evacuation
[53.012s][info][gc,phases      ] GC(336)   Pre Evacuate Collection Set: 0.0ms
[53.012s][info][gc,phases      ] GC(336)   Evacuate Collection Set: 2.3ms
[53.012s][info][gc,phases      ] GC(336)   Post Evacuate Collection Set: 0.3ms
[53.012s][info][gc,phases      ] GC(336)   Other: 0.3ms
[53.012s][info][gc,heap        ] GC(336) Eden regions: 203->0(203)
[53.012s][info][gc,heap        ] GC(336) Survivor regions: 1->1(26)
[53.012s][info][gc,heap        ] GC(336) Old regions: 38->38
[53.012s][info][gc,heap        ] GC(336) Humongous regions: 6->6
[53.012s][info][gc,metaspace   ] GC(336) Metaspace: 70476K->70476K(1112064K)
[53.012s][info][gc             ] GC(336) Pause Young (Normal) (G1 Evacuation Pause) 246M->43M(340M) 2.913ms
[53.013s][info][gc,cpu         ] GC(336) User=0.00s Sys=0.00s Real=0.01s
[53.110s][info][gc,start       ] GC(337) Pause Young (Normal) (G1 Evacuation Pause)
[53.110s][info][gc,task        ] GC(337) Using 1 workers of 1 for evacuation
[53.113s][info][gc,phases      ] GC(337)   Pre Evacuate Collection Set: 0.0ms
[53.113s][info][gc,phases      ] GC(337)   Evacuate Collection Set: 2.4ms
[53.113s][info][gc,phases      ] GC(337)   Post Evacuate Collection Set: 0.4ms
[53.113s][info][gc,phases      ] GC(337)   Other: 0.4ms
[53.113s][info][gc,heap        ] GC(337) Eden regions: 203->0(203)
[53.113s][info][gc,heap        ] GC(337) Survivor regions: 1->1(26)
[53.113s][info][gc,heap        ] GC(337) Old regions: 38->38
[53.113s][info][gc,heap        ] GC(337) Humongous regions: 6->6
[53.113s][info][gc,metaspace   ] GC(337) Metaspace: 70476K->70476K(1112064K)
[53.113s][info][gc             ] GC(337) Pause Young (Normal) (G1 Evacuation Pause) 246M->43M(340M) 3.170ms
[53.113s][info][gc,cpu         ] GC(337) User=0.00s Sys=0.00s Real=0.00s
[53.218s][info][gc,start       ] GC(338) Pause Young (Normal) (G1 Evacuation Pause)
[53.219s][info][gc,task        ] GC(338) Using 1 workers of 1 for evacuation
[53.223s][info][gc,phases      ] GC(338)   Pre Evacuate Collection Set: 0.0ms
[53.223s][info][gc,phases      ] GC(338)   Evacuate Collection Set: 3.0ms
[53.223s][info][gc,phases      ] GC(338)   Post Evacuate Collection Set: 0.4ms
[53.223s][info][gc,phases      ] GC(338)   Other: 1.8ms
[53.223s][info][gc,heap        ] GC(338) Eden regions: 203->0(203)
[53.223s][info][gc,heap        ] GC(338) Survivor regions: 1->1(26)
[53.223s][info][gc,heap        ] GC(338) Old regions: 38->38
[53.223s][info][gc,heap        ] GC(338) Humongous regions: 6->6
[53.223s][info][gc,metaspace   ] GC(338) Metaspace: 70476K->70476K(1112064K)
[53.223s][info][gc             ] GC(338) Pause Young (Normal) (G1 Evacuation Pause) 246M->43M(340M) 5.260ms
[53.223s][info][gc,cpu         ] GC(338) User=0.00s Sys=0.00s Real=0.00s
[53.354s][info][gc,start       ] GC(339) Pause Young (Normal) (G1 Evacuation Pause)
[53.354s][info][gc,task        ] GC(339) Using 1 workers of 1 for evacuation
[53.359s][info][gc,phases      ] GC(339)   Pre Evacuate Collection Set: 0.0ms
[53.359s][info][gc,phases      ] GC(339)   Evacuate Collection Set: 2.9ms
[53.359s][info][gc,phases      ] GC(339)   Post Evacuate Collection Set: 1.4ms
[53.359s][info][gc,phases      ] GC(339)   Other: 0.3ms
[53.359s][info][gc,heap        ] GC(339) Eden regions: 203->0(203)
[53.359s][info][gc,heap        ] GC(339) Survivor regions: 1->1(26)
[53.359s][info][gc,heap        ] GC(339) Old regions: 38->38
[53.359s][info][gc,heap        ] GC(339) Humongous regions: 11->6
[53.359s][info][gc,metaspace   ] GC(339) Metaspace: 70492K->70492K(1112064K)
[53.359s][info][gc             ] GC(339) Pause Young (Normal) (G1 Evacuation Pause) 251M->43M(340M) 4.651ms
[53.359s][info][gc,cpu         ] GC(339) User=0.01s Sys=0.00s Real=0.01s
[53.461s][info][gc,start       ] GC(340) Pause Young (Normal) (G1 Evacuation Pause)
[53.461s][info][gc,task        ] GC(340) Using 1 workers of 1 for evacuation
[53.464s][info][gc,phases      ] GC(340)   Pre Evacuate Collection Set: 0.0ms
[53.464s][info][gc,phases      ] GC(340)   Evacuate Collection Set: 2.4ms
[53.464s][info][gc,phases      ] GC(340)   Post Evacuate Collection Set: 0.3ms
[53.464s][info][gc,phases      ] GC(340)   Other: 0.3ms
[53.464s][info][gc,heap        ] GC(340) Eden regions: 203->0(203)
[53.464s][info][gc,heap        ] GC(340) Survivor regions: 1->1(26)
[53.464s][info][gc,heap        ] GC(340) Old regions: 38->38
[53.464s][info][gc,heap        ] GC(340) Humongous regions: 6->6
[53.464s][info][gc,metaspace   ] GC(340) Metaspace: 70492K->70492K(1112064K)
[53.464s][info][gc             ] GC(340) Pause Young (Normal) (G1 Evacuation Pause) 246M->43M(340M) 3.053ms
[53.464s][info][gc,cpu         ] GC(340) User=0.00s Sys=0.00s Real=0.00s
[53.559s][info][gc,start       ] GC(341) Pause Young (Normal) (G1 Evacuation Pause)
[53.559s][info][gc,task        ] GC(341) Using 1 workers of 1 for evacuation
[53.562s][info][gc,phases      ] GC(341)   Pre Evacuate Collection Set: 0.0ms
[53.562s][info][gc,phases      ] GC(341)   Evacuate Collection Set: 2.5ms
[53.562s][info][gc,phases      ] GC(341)   Post Evacuate Collection Set: 0.3ms
[53.562s][info][gc,phases      ] GC(341)   Other: 0.3ms
[53.562s][info][gc,heap        ] GC(341) Eden regions: 203->0(203)
[53.562s][info][gc,heap        ] GC(341) Survivor regions: 1->1(26)
[53.562s][info][gc,heap        ] GC(341) Old regions: 38->38
[53.562s][info][gc,heap        ] GC(341) Humongous regions: 6->6
[53.562s][info][gc,metaspace   ] GC(341) Metaspace: 70492K->70492K(1112064K)
[53.562s][info][gc             ] GC(341) Pause Young (Normal) (G1 Evacuation Pause) 246M->43M(340M) 3.071ms
[53.562s][info][gc,cpu         ] GC(341) User=0.01s Sys=0.00s Real=0.00s
[53.663s][info][gc,start       ] GC(342) Pause Young (Normal) (G1 Evacuation Pause)
[53.663s][info][gc,task        ] GC(342) Using 1 workers of 1 for evacuation
[53.666s][info][gc,phases      ] GC(342)   Pre Evacuate Collection Set: 0.0ms
[53.666s][info][gc,phases      ] GC(342)   Evacuate Collection Set: 2.5ms
[53.666s][info][gc,phases      ] GC(342)   Post Evacuate Collection Set: 0.4ms
[53.666s][info][gc,phases      ] GC(342)   Other: 0.3ms
[53.666s][info][gc,heap        ] GC(342) Eden regions: 203->0(203)
[53.666s][info][gc,heap        ] GC(342) Survivor regions: 1->1(26)
[53.666s][info][gc,heap        ] GC(342) Old regions: 38->38
[53.666s][info][gc,heap        ] GC(342) Humongous regions: 6->6
[53.666s][info][gc,metaspace   ] GC(342) Metaspace: 70492K->70492K(1112064K)
[53.666s][info][gc             ] GC(342) Pause Young (Normal) (G1 Evacuation Pause) 246M->43M(340M) 3.470ms
[53.666s][info][gc,cpu         ] GC(342) User=0.00s Sys=0.00s Real=0.00s
[53.771s][info][gc,start       ] GC(343) Pause Young (Normal) (G1 Evacuation Pause)
[53.771s][info][gc,task        ] GC(343) Using 1 workers of 1 for evacuation
[53.774s][info][gc,phases      ] GC(343)   Pre Evacuate Collection Set: 0.0ms
[53.774s][info][gc,phases      ] GC(343)   Evacuate Collection Set: 2.5ms
[53.774s][info][gc,phases      ] GC(343)   Post Evacuate Collection Set: 0.3ms
[53.774s][info][gc,phases      ] GC(343)   Other: 0.3ms
[53.774s][info][gc,heap        ] GC(343) Eden regions: 203->0(203)
[53.774s][info][gc,heap        ] GC(343) Survivor regions: 1->1(26)
[53.774s][info][gc,heap        ] GC(343) Old regions: 38->38
[53.774s][info][gc,heap        ] GC(343) Humongous regions: 6->6
[53.774s][info][gc,metaspace   ] GC(343) Metaspace: 70492K->70492K(1112064K)
[53.774s][info][gc             ] GC(343) Pause Young (Normal) (G1 Evacuation Pause) 246M->43M(340M) 3.179ms
[53.774s][info][gc,cpu         ] GC(343) User=0.01s Sys=0.00s Real=0.00s
[53.871s][info][gc,start       ] GC(344) Pause Young (Normal) (G1 Evacuation Pause)
[53.872s][info][gc,task        ] GC(344) Using 1 workers of 1 for evacuation
[53.875s][info][gc,phases      ] GC(344)   Pre Evacuate Collection Set: 0.0ms
[53.875s][info][gc,phases      ] GC(344)   Evacuate Collection Set: 2.6ms
[53.875s][info][gc,phases      ] GC(344)   Post Evacuate Collection Set: 0.3ms
[53.875s][info][gc,phases      ] GC(344)   Other: 0.3ms
[53.875s][info][gc,heap        ] GC(344) Eden regions: 203->0(203)
[53.875s][info][gc,heap        ] GC(344) Survivor regions: 1->1(26)
[53.875s][info][gc,heap        ] GC(344) Old regions: 38->38
[53.875s][info][gc,heap        ] GC(344) Humongous regions: 6->6
[53.875s][info][gc,metaspace   ] GC(344) Metaspace: 70492K->70492K(1112064K)
[53.875s][info][gc             ] GC(344) Pause Young (Normal) (G1 Evacuation Pause) 246M->43M(340M) 3.222ms
[53.875s][info][gc,cpu         ] GC(344) User=0.01s Sys=0.00s Real=0.00s
[53.972s][info][gc,start       ] GC(345) Pause Young (Normal) (G1 Evacuation Pause)
[53.972s][info][gc,task        ] GC(345) Using 1 workers of 1 for evacuation
[53.975s][info][gc,phases      ] GC(345)   Pre Evacuate Collection Set: 0.0ms
[53.975s][info][gc,phases      ] GC(345)   Evacuate Collection Set: 2.8ms
[53.975s][info][gc,phases      ] GC(345)   Post Evacuate Collection Set: 0.3ms
[53.975s][info][gc,phases      ] GC(345)   Other: 0.3ms
[53.975s][info][gc,heap        ] GC(345) Eden regions: 203->0(203)
[53.975s][info][gc,heap        ] GC(345) Survivor regions: 1->1(26)
[53.975s][info][gc,heap        ] GC(345) Old regions: 38->38
[53.975s][info][gc,heap        ] GC(345) Humongous regions: 6->6
[53.975s][info][gc,metaspace   ] GC(345) Metaspace: 70492K->70492K(1112064K)
[53.975s][info][gc             ] GC(345) Pause Young (Normal) (G1 Evacuation Pause) 246M->43M(340M) 3.534ms
[53.975s][info][gc,cpu         ] GC(345) User=0.01s Sys=0.00s Real=0.00s
[54.072s][info][gc,start       ] GC(346) Pause Young (Normal) (G1 Evacuation Pause)
[54.072s][info][gc,task        ] GC(346) Using 1 workers of 1 for evacuation
[54.075s][info][gc,phases      ] GC(346)   Pre Evacuate Collection Set: 0.0ms
[54.075s][info][gc,phases      ] GC(346)   Evacuate Collection Set: 2.5ms
[54.075s][info][gc,phases      ] GC(346)   Post Evacuate Collection Set: 0.3ms
[54.075s][info][gc,phases      ] GC(346)   Other: 0.2ms
[54.075s][info][gc,heap        ] GC(346) Eden regions: 203->0(203)
[54.075s][info][gc,heap        ] GC(346) Survivor regions: 1->1(26)
[54.075s][info][gc,heap        ] GC(346) Old regions: 38->38
[54.075s][info][gc,heap        ] GC(346) Humongous regions: 6->6
[54.075s][info][gc,metaspace   ] GC(346) Metaspace: 70492K->70492K(1112064K)
[54.075s][info][gc             ] GC(346) Pause Young (Normal) (G1 Evacuation Pause) 246M->43M(340M) 3.105ms
[54.075s][info][gc,cpu         ] GC(346) User=0.01s Sys=0.00s Real=0.00s
[54.171s][info][gc,start       ] GC(347) Pause Young (Normal) (G1 Evacuation Pause)
[54.171s][info][gc,task        ] GC(347) Using 1 workers of 1 for evacuation
[54.174s][info][gc,phases      ] GC(347)   Pre Evacuate Collection Set: 0.0ms
[54.174s][info][gc,phases      ] GC(347)   Evacuate Collection Set: 2.5ms
[54.174s][info][gc,phases      ] GC(347)   Post Evacuate Collection Set: 0.4ms
[54.174s][info][gc,phases      ] GC(347)   Other: 0.3ms
[54.174s][info][gc,heap        ] GC(347) Eden regions: 203->0(203)
[54.174s][info][gc,heap        ] GC(347) Survivor regions: 1->1(26)
[54.174s][info][gc,heap        ] GC(347) Old regions: 38->38
[54.174s][info][gc,heap        ] GC(347) Humongous regions: 6->6
[54.174s][info][gc,metaspace   ] GC(347) Metaspace: 70492K->70492K(1112064K)
[54.174s][info][gc             ] GC(347) Pause Young (Normal) (G1 Evacuation Pause) 246M->43M(340M) 3.174ms
[54.174s][info][gc,cpu         ] GC(347) User=0.00s Sys=0.00s Real=0.00s
[54.270s][info][gc,start       ] GC(348) Pause Young (Normal) (G1 Evacuation Pause)
[54.270s][info][gc,task        ] GC(348) Using 1 workers of 1 for evacuation
[54.273s][info][gc,phases      ] GC(348)   Pre Evacuate Collection Set: 0.0ms
[54.273s][info][gc,phases      ] GC(348)   Evacuate Collection Set: 2.6ms
[54.273s][info][gc,phases      ] GC(348)   Post Evacuate Collection Set: 0.3ms
[54.273s][info][gc,phases      ] GC(348)   Other: 0.3ms
[54.273s][info][gc,heap        ] GC(348) Eden regions: 203->0(203)
[54.273s][info][gc,heap        ] GC(348) Survivor regions: 1->1(26)
[54.273s][info][gc,heap        ] GC(348) Old regions: 38->38
[54.273s][info][gc,heap        ] GC(348) Humongous regions: 6->6
[54.273s][info][gc,metaspace   ] GC(348) Metaspace: 70492K->70492K(1112064K)
[54.273s][info][gc             ] GC(348) Pause Young (Normal) (G1 Evacuation Pause) 246M->43M(340M) 3.340ms
[54.274s][info][gc,cpu         ] GC(348) User=0.00s Sys=0.00s Real=0.00s
[54.413s][info][gc,start       ] GC(349) Pause Young (Normal) (G1 Evacuation Pause)
[54.413s][info][gc,task        ] GC(349) Using 1 workers of 1 for evacuation
[54.416s][info][gc,phases      ] GC(349)   Pre Evacuate Collection Set: 0.0ms
[54.416s][info][gc,phases      ] GC(349)   Evacuate Collection Set: 2.4ms
[54.416s][info][gc,phases      ] GC(349)   Post Evacuate Collection Set: 0.3ms
[54.416s][info][gc,phases      ] GC(349)   Other: 0.3ms
[54.416s][info][gc,heap        ] GC(349) Eden regions: 203->0(203)
[54.416s][info][gc,heap        ] GC(349) Survivor regions: 1->1(26)
[54.416s][info][gc,heap        ] GC(349) Old regions: 38->38
[54.416s][info][gc,heap        ] GC(349) Humongous regions: 11->6
[54.416s][info][gc,metaspace   ] GC(349) Metaspace: 70504K->70504K(1112064K)
[54.416s][info][gc             ] GC(349) Pause Young (Normal) (G1 Evacuation Pause) 251M->43M(340M) 3.003ms
[54.416s][info][gc,cpu         ] GC(349) User=0.00s Sys=0.00s Real=0.00s
[54.512s][info][gc,start       ] GC(350) Pause Young (Normal) (G1 Evacuation Pause)
[54.512s][info][gc,task        ] GC(350) Using 1 workers of 1 for evacuation
[54.515s][info][gc,phases      ] GC(350)   Pre Evacuate Collection Set: 0.0ms
[54.515s][info][gc,phases      ] GC(350)   Evacuate Collection Set: 2.2ms
[54.515s][info][gc,phases      ] GC(350)   Post Evacuate Collection Set: 0.3ms
[54.515s][info][gc,phases      ] GC(350)   Other: 0.3ms
[54.515s][info][gc,heap        ] GC(350) Eden regions: 203->0(203)
[54.515s][info][gc,heap        ] GC(350) Survivor regions: 1->1(26)
[54.515s][info][gc,heap        ] GC(350) Old regions: 38->38
[54.515s][info][gc,heap        ] GC(350) Humongous regions: 6->6
[54.515s][info][gc,metaspace   ] GC(350) Metaspace: 70504K->70504K(1112064K)
[54.515s][info][gc             ] GC(350) Pause Young (Normal) (G1 Evacuation Pause) 246M->43M(340M) 2.841ms
[54.515s][info][gc,cpu         ] GC(350) User=0.00s Sys=0.00s Real=0.00s
[54.609s][info][gc,start       ] GC(351) Pause Young (Normal) (G1 Evacuation Pause)
[54.609s][info][gc,task        ] GC(351) Using 1 workers of 1 for evacuation
[54.612s][info][gc,phases      ] GC(351)   Pre Evacuate Collection Set: 0.0ms
[54.612s][info][gc,phases      ] GC(351)   Evacuate Collection Set: 2.3ms
[54.612s][info][gc,phases      ] GC(351)   Post Evacuate Collection Set: 0.3ms
[54.612s][info][gc,phases      ] GC(351)   Other: 0.3ms
[54.612s][info][gc,heap        ] GC(351) Eden regions: 203->0(203)
[54.612s][info][gc,heap        ] GC(351) Survivor regions: 1->1(26)
[54.612s][info][gc,heap        ] GC(351) Old regions: 38->38
[54.612s][info][gc,heap        ] GC(351) Humongous regions: 6->6
[54.612s][info][gc,metaspace   ] GC(351) Metaspace: 70504K->70504K(1112064K)
[54.612s][info][gc             ] GC(351) Pause Young (Normal) (G1 Evacuation Pause) 246M->43M(340M) 2.958ms
[54.612s][info][gc,cpu         ] GC(351) User=0.01s Sys=0.00s Real=0.01s
[54.710s][info][gc,start       ] GC(352) Pause Young (Normal) (G1 Evacuation Pause)
[54.710s][info][gc,task        ] GC(352) Using 1 workers of 1 for evacuation
[54.713s][info][gc,phases      ] GC(352)   Pre Evacuate Collection Set: 0.0ms
[54.713s][info][gc,phases      ] GC(352)   Evacuate Collection Set: 2.3ms
[54.713s][info][gc,phases      ] GC(352)   Post Evacuate Collection Set: 0.3ms
[54.713s][info][gc,phases      ] GC(352)   Other: 0.3ms
[54.713s][info][gc,heap        ] GC(352) Eden regions: 203->0(203)
[54.713s][info][gc,heap        ] GC(352) Survivor regions: 1->1(26)
[54.713s][info][gc,heap        ] GC(352) Old regions: 38->38
[54.713s][info][gc,heap        ] GC(352) Humongous regions: 6->6
[54.713s][info][gc,metaspace   ] GC(352) Metaspace: 70504K->70504K(1112064K)
[54.713s][info][gc             ] GC(352) Pause Young (Normal) (G1 Evacuation Pause) 246M->43M(340M) 3.014ms
[54.713s][info][gc,cpu         ] GC(352) User=0.01s Sys=0.00s Real=0.00s
[54.816s][info][gc,start       ] GC(353) Pause Young (Normal) (G1 Evacuation Pause)
[54.816s][info][gc,task        ] GC(353) Using 1 workers of 1 for evacuation
[54.819s][info][gc,phases      ] GC(353)   Pre Evacuate Collection Set: 0.0ms
[54.819s][info][gc,phases      ] GC(353)   Evacuate Collection Set: 2.2ms
[54.819s][info][gc,phases      ] GC(353)   Post Evacuate Collection Set: 0.3ms
[54.819s][info][gc,phases      ] GC(353)   Other: 0.3ms
[54.819s][info][gc,heap        ] GC(353) Eden regions: 203->0(203)
[54.819s][info][gc,heap        ] GC(353) Survivor regions: 1->1(26)
[54.819s][info][gc,heap        ] GC(353) Old regions: 38->38
[54.819s][info][gc,heap        ] GC(353) Humongous regions: 6->6
[54.819s][info][gc,metaspace   ] GC(353) Metaspace: 70504K->70504K(1112064K)
[54.819s][info][gc             ] GC(353) Pause Young (Normal) (G1 Evacuation Pause) 246M->43M(340M) 2.880ms
[54.819s][info][gc,cpu         ] GC(353) User=0.00s Sys=0.00s Real=0.01s
[54.915s][info][gc,start       ] GC(354) Pause Young (Normal) (G1 Evacuation Pause)
[54.915s][info][gc,task        ] GC(354) Using 1 workers of 1 for evacuation
[54.918s][info][gc,phases      ] GC(354)   Pre Evacuate Collection Set: 0.0ms
[54.918s][info][gc,phases      ] GC(354)   Evacuate Collection Set: 2.3ms
[54.918s][info][gc,phases      ] GC(354)   Post Evacuate Collection Set: 0.3ms
[54.918s][info][gc,phases      ] GC(354)   Other: 0.3ms
[54.918s][info][gc,heap        ] GC(354) Eden regions: 203->0(203)
[54.918s][info][gc,heap        ] GC(354) Survivor regions: 1->1(26)
[54.918s][info][gc,heap        ] GC(354) Old regions: 38->38
[54.918s][info][gc,heap        ] GC(354) Humongous regions: 6->6
[54.918s][info][gc,metaspace   ] GC(354) Metaspace: 70504K->70504K(1112064K)
[54.918s][info][gc             ] GC(354) Pause Young (Normal) (G1 Evacuation Pause) 246M->43M(340M) 2.924ms
[54.918s][info][gc,cpu         ] GC(354) User=0.00s Sys=0.00s Real=0.01s
[55.021s][info][gc,start       ] GC(355) Pause Young (Normal) (G1 Evacuation Pause)
[55.021s][info][gc,task        ] GC(355) Using 1 workers of 1 for evacuation
[55.024s][info][gc,phases      ] GC(355)   Pre Evacuate Collection Set: 0.0ms
[55.024s][info][gc,phases      ] GC(355)   Evacuate Collection Set: 2.4ms
[55.024s][info][gc,phases      ] GC(355)   Post Evacuate Collection Set: 0.3ms
[55.024s][info][gc,phases      ] GC(355)   Other: 0.3ms
[55.024s][info][gc,heap        ] GC(355) Eden regions: 203->0(203)
[55.024s][info][gc,heap        ] GC(355) Survivor regions: 1->1(26)
[55.024s][info][gc,heap        ] GC(355) Old regions: 38->38
[55.024s][info][gc,heap        ] GC(355) Humongous regions: 6->6
[55.024s][info][gc,metaspace   ] GC(355) Metaspace: 70504K->70504K(1112064K)
[55.024s][info][gc             ] GC(355) Pause Young (Normal) (G1 Evacuation Pause) 246M->43M(340M) 3.072ms
[55.024s][info][gc,cpu         ] GC(355) User=0.01s Sys=0.00s Real=0.00s
[55.126s][info][gc,start       ] GC(356) Pause Young (Normal) (G1 Evacuation Pause)
[55.126s][info][gc,task        ] GC(356) Using 1 workers of 1 for evacuation
[55.129s][info][gc,phases      ] GC(356)   Pre Evacuate Collection Set: 0.0ms
[55.129s][info][gc,phases      ] GC(356)   Evacuate Collection Set: 2.4ms
[55.129s][info][gc,phases      ] GC(356)   Post Evacuate Collection Set: 0.3ms
[55.129s][info][gc,phases      ] GC(356)   Other: 0.3ms
[55.129s][info][gc,heap        ] GC(356) Eden regions: 203->0(203)
[55.129s][info][gc,heap        ] GC(356) Survivor regions: 1->1(26)
[55.129s][info][gc,heap        ] GC(356) Old regions: 38->38
[55.129s][info][gc,heap        ] GC(356) Humongous regions: 6->6
[55.129s][info][gc,metaspace   ] GC(356) Metaspace: 70504K->70504K(1112064K)
[55.129s][info][gc             ] GC(356) Pause Young (Normal) (G1 Evacuation Pause) 246M->43M(340M) 3.115ms
[55.129s][info][gc,cpu         ] GC(356) User=0.00s Sys=0.00s Real=0.00s
[55.235s][info][gc,start       ] GC(357) Pause Young (Normal) (G1 Evacuation Pause)
[55.235s][info][gc,task        ] GC(357) Using 1 workers of 1 for evacuation
[55.238s][info][gc,phases      ] GC(357)   Pre Evacuate Collection Set: 0.0ms
[55.238s][info][gc,phases      ] GC(357)   Evacuate Collection Set: 2.4ms
[55.238s][info][gc,phases      ] GC(357)   Post Evacuate Collection Set: 0.3ms
[55.238s][info][gc,phases      ] GC(357)   Other: 0.3ms
[55.238s][info][gc,heap        ] GC(357) Eden regions: 203->0(203)
[55.238s][info][gc,heap        ] GC(357) Survivor regions: 1->1(26)
[55.238s][info][gc,heap        ] GC(357) Old regions: 38->38
[55.238s][info][gc,heap        ] GC(357) Humongous regions: 6->6
[55.238s][info][gc,metaspace   ] GC(357) Metaspace: 70504K->70504K(1112064K)
[55.238s][info][gc             ] GC(357) Pause Young (Normal) (G1 Evacuation Pause) 246M->43M(340M) 3.052ms
[55.238s][info][gc,cpu         ] GC(357) User=0.00s Sys=0.00s Real=0.01s
[55.395s][info][gc,start       ] GC(358) Pause Young (Normal) (G1 Evacuation Pause)
[55.395s][info][gc,task        ] GC(358) Using 1 workers of 1 for evacuation
[55.399s][info][gc,phases      ] GC(358)   Pre Evacuate Collection Set: 0.0ms
[55.399s][info][gc,phases      ] GC(358)   Evacuate Collection Set: 2.7ms
[55.399s][info][gc,phases      ] GC(358)   Post Evacuate Collection Set: 0.3ms
[55.399s][info][gc,phases      ] GC(358)   Other: 0.3ms
[55.399s][info][gc,heap        ] GC(358) Eden regions: 203->0(203)
[55.399s][info][gc,heap        ] GC(358) Survivor regions: 1->1(26)
[55.399s][info][gc,heap        ] GC(358) Old regions: 38->38
[55.399s][info][gc,heap        ] GC(358) Humongous regions: 11->6
[55.399s][info][gc,metaspace   ] GC(358) Metaspace: 70514K->70514K(1112064K)
[55.399s][info][gc             ] GC(358) Pause Young (Normal) (G1 Evacuation Pause) 251M->43M(340M) 3.302ms
[55.399s][info][gc,cpu         ] GC(358) User=0.00s Sys=0.00s Real=0.01s
[55.497s][info][gc,start       ] GC(359) Pause Young (Normal) (G1 Evacuation Pause)
[55.497s][info][gc,task        ] GC(359) Using 1 workers of 1 for evacuation
[55.500s][info][gc,phases      ] GC(359)   Pre Evacuate Collection Set: 0.0ms
[55.500s][info][gc,phases      ] GC(359)   Evacuate Collection Set: 2.4ms
[55.500s][info][gc,phases      ] GC(359)   Post Evacuate Collection Set: 0.3ms
[55.500s][info][gc,phases      ] GC(359)   Other: 0.3ms
[55.500s][info][gc,heap        ] GC(359) Eden regions: 203->0(203)
[55.500s][info][gc,heap        ] GC(359) Survivor regions: 1->1(26)
[55.500s][info][gc,heap        ] GC(359) Old regions: 38->38
[55.500s][info][gc,heap        ] GC(359) Humongous regions: 6->6
[55.500s][info][gc,metaspace   ] GC(359) Metaspace: 70514K->70514K(1112064K)
[55.500s][info][gc             ] GC(359) Pause Young (Normal) (G1 Evacuation Pause) 246M->43M(340M) 3.038ms
[55.500s][info][gc,cpu         ] GC(359) User=0.00s Sys=0.00s Real=0.01s
[55.595s][info][gc,start       ] GC(360) Pause Young (Normal) (G1 Evacuation Pause)
[55.595s][info][gc,task        ] GC(360) Using 1 workers of 1 for evacuation
[55.598s][info][gc,phases      ] GC(360)   Pre Evacuate Collection Set: 0.0ms
[55.598s][info][gc,phases      ] GC(360)   Evacuate Collection Set: 2.4ms
[55.598s][info][gc,phases      ] GC(360)   Post Evacuate Collection Set: 0.3ms
[55.598s][info][gc,phases      ] GC(360)   Other: 0.3ms
[55.598s][info][gc,heap        ] GC(360) Eden regions: 203->0(203)
[55.598s][info][gc,heap        ] GC(360) Survivor regions: 1->1(26)
[55.598s][info][gc,heap        ] GC(360) Old regions: 38->38
[55.598s][info][gc,heap        ] GC(360) Humongous regions: 6->6
[55.598s][info][gc,metaspace   ] GC(360) Metaspace: 70514K->70514K(1112064K)
[55.598s][info][gc             ] GC(360) Pause Young (Normal) (G1 Evacuation Pause) 246M->43M(340M) 3.098ms
[55.598s][info][gc,cpu         ] GC(360) User=0.00s Sys=0.00s Real=0.01s
[55.693s][info][gc,start       ] GC(361) Pause Young (Normal) (G1 Evacuation Pause)
[55.693s][info][gc,task        ] GC(361) Using 1 workers of 1 for evacuation
[55.696s][info][gc,phases      ] GC(361)   Pre Evacuate Collection Set: 0.0ms
[55.696s][info][gc,phases      ] GC(361)   Evacuate Collection Set: 2.5ms
[55.696s][info][gc,phases      ] GC(361)   Post Evacuate Collection Set: 0.3ms
[55.696s][info][gc,phases      ] GC(361)   Other: 0.3ms
[55.696s][info][gc,heap        ] GC(361) Eden regions: 203->0(203)
[55.696s][info][gc,heap        ] GC(361) Survivor regions: 1->1(26)
[55.696s][info][gc,heap        ] GC(361) Old regions: 38->38
[55.696s][info][gc,heap        ] GC(361) Humongous regions: 6->6
[55.696s][info][gc,metaspace   ] GC(361) Metaspace: 70514K->70514K(1112064K)
[55.696s][info][gc             ] GC(361) Pause Young (Normal) (G1 Evacuation Pause) 246M->43M(340M) 3.172ms
[55.696s][info][gc,cpu         ] GC(361) User=0.00s Sys=0.00s Real=0.00s
[55.799s][info][gc,start       ] GC(362) Pause Young (Normal) (G1 Evacuation Pause)
[55.799s][info][gc,task        ] GC(362) Using 1 workers of 1 for evacuation
[55.802s][info][gc,phases      ] GC(362)   Pre Evacuate Collection Set: 0.0ms
[55.802s][info][gc,phases      ] GC(362)   Evacuate Collection Set: 2.5ms
[55.802s][info][gc,phases      ] GC(362)   Post Evacuate Collection Set: 0.4ms
[55.802s][info][gc,phases      ] GC(362)   Other: 0.3ms
[55.802s][info][gc,heap        ] GC(362) Eden regions: 203->0(203)
[55.802s][info][gc,heap        ] GC(362) Survivor regions: 1->1(26)
[55.802s][info][gc,heap        ] GC(362) Old regions: 38->38
[55.802s][info][gc,heap        ] GC(362) Humongous regions: 6->6
[55.802s][info][gc,metaspace   ] GC(362) Metaspace: 70514K->70514K(1112064K)
[55.802s][info][gc             ] GC(362) Pause Young (Normal) (G1 Evacuation Pause) 246M->43M(340M) 3.163ms
[55.802s][info][gc,cpu         ] GC(362) User=0.01s Sys=0.00s Real=0.00s
[55.897s][info][gc,start       ] GC(363) Pause Young (Normal) (G1 Evacuation Pause)
[55.897s][info][gc,task        ] GC(363) Using 1 workers of 1 for evacuation
[55.900s][info][gc,phases      ] GC(363)   Pre Evacuate Collection Set: 0.0ms
[55.900s][info][gc,phases      ] GC(363)   Evacuate Collection Set: 2.5ms
[55.900s][info][gc,phases      ] GC(363)   Post Evacuate Collection Set: 0.3ms
[55.900s][info][gc,phases      ] GC(363)   Other: 0.3ms
[55.900s][info][gc,heap        ] GC(363) Eden regions: 203->0(203)
[55.900s][info][gc,heap        ] GC(363) Survivor regions: 1->1(26)
[55.900s][info][gc,heap        ] GC(363) Old regions: 38->38
[55.900s][info][gc,heap        ] GC(363) Humongous regions: 6->6
[55.900s][info][gc,metaspace   ] GC(363) Metaspace: 70514K->70514K(1112064K)
[55.900s][info][gc             ] GC(363) Pause Young (Normal) (G1 Evacuation Pause) 246M->43M(340M) 3.111ms
[55.900s][info][gc,cpu         ] GC(363) User=0.00s Sys=0.00s Real=0.01s
[55.995s][info][gc,start       ] GC(364) Pause Young (Normal) (G1 Evacuation Pause)
[55.995s][info][gc,task        ] GC(364) Using 1 workers of 1 for evacuation
[55.998s][info][gc,phases      ] GC(364)   Pre Evacuate Collection Set: 0.0ms
[55.998s][info][gc,phases      ] GC(364)   Evacuate Collection Set: 2.5ms
[55.998s][info][gc,phases      ] GC(364)   Post Evacuate Collection Set: 0.3ms
[55.998s][info][gc,phases      ] GC(364)   Other: 0.3ms
[55.998s][info][gc,heap        ] GC(364) Eden regions: 203->0(203)
[55.998s][info][gc,heap        ] GC(364) Survivor regions: 1->1(26)
[55.998s][info][gc,heap        ] GC(364) Old regions: 38->38
[55.998s][info][gc,heap        ] GC(364) Humongous regions: 6->6
[55.998s][info][gc,metaspace   ] GC(364) Metaspace: 70514K->70514K(1112064K)
[55.998s][info][gc             ] GC(364) Pause Young (Normal) (G1 Evacuation Pause) 246M->43M(340M) 3.194ms
[55.998s][info][gc,cpu         ] GC(364) User=0.00s Sys=0.00s Real=0.01s
[56.094s][info][gc,start       ] GC(365) Pause Young (Normal) (G1 Evacuation Pause)
[56.094s][info][gc,task        ] GC(365) Using 1 workers of 1 for evacuation
[56.097s][info][gc,phases      ] GC(365)   Pre Evacuate Collection Set: 0.0ms
[56.097s][info][gc,phases      ] GC(365)   Evacuate Collection Set: 2.3ms
[56.097s][info][gc,phases      ] GC(365)   Post Evacuate Collection Set: 0.3ms
[56.097s][info][gc,phases      ] GC(365)   Other: 0.2ms
[56.097s][info][gc,heap        ] GC(365) Eden regions: 203->0(203)
[56.097s][info][gc,heap        ] GC(365) Survivor regions: 1->1(26)
[56.097s][info][gc,heap        ] GC(365) Old regions: 38->38
[56.097s][info][gc,heap        ] GC(365) Humongous regions: 6->6
[56.097s][info][gc,metaspace   ] GC(365) Metaspace: 70514K->70514K(1112064K)
[56.097s][info][gc             ] GC(365) Pause Young (Normal) (G1 Evacuation Pause) 246M->43M(340M) 2.945ms
[56.097s][info][gc,cpu         ] GC(365) User=0.00s Sys=0.00s Real=0.00s
[56.193s][info][gc,start       ] GC(366) Pause Young (Normal) (G1 Evacuation Pause)
[56.193s][info][gc,task        ] GC(366) Using 1 workers of 1 for evacuation
[56.196s][info][gc,phases      ] GC(366)   Pre Evacuate Collection Set: 0.0ms
[56.196s][info][gc,phases      ] GC(366)   Evacuate Collection Set: 2.4ms
[56.196s][info][gc,phases      ] GC(366)   Post Evacuate Collection Set: 0.3ms
[56.196s][info][gc,phases      ] GC(366)   Other: 0.3ms
[56.197s][info][gc,heap        ] GC(366) Eden regions: 203->0(203)
[56.197s][info][gc,heap        ] GC(366) Survivor regions: 1->1(26)
[56.197s][info][gc,heap        ] GC(366) Old regions: 38->38
[56.197s][info][gc,heap        ] GC(366) Humongous regions: 6->6
[56.197s][info][gc,metaspace   ] GC(366) Metaspace: 70514K->70514K(1112064K)
[56.197s][info][gc             ] GC(366) Pause Young (Normal) (G1 Evacuation Pause) 246M->43M(340M) 3.088ms
[56.197s][info][gc,cpu         ] GC(366) User=0.00s Sys=0.00s Real=0.00s
[56.319s][info][gc,start       ] GC(367) Pause Young (Normal) (G1 Evacuation Pause)
[56.319s][info][gc,task        ] GC(367) Using 1 workers of 1 for evacuation
[56.322s][info][gc,phases      ] GC(367)   Pre Evacuate Collection Set: 0.0ms
[56.322s][info][gc,phases      ] GC(367)   Evacuate Collection Set: 2.4ms
[56.322s][info][gc,phases      ] GC(367)   Post Evacuate Collection Set: 0.3ms
[56.322s][info][gc,phases      ] GC(367)   Other: 0.5ms
[56.322s][info][gc,heap        ] GC(367) Eden regions: 203->0(203)
[56.322s][info][gc,heap        ] GC(367) Survivor regions: 1->1(26)
[56.322s][info][gc,heap        ] GC(367) Old regions: 38->38
[56.322s][info][gc,heap        ] GC(367) Humongous regions: 11->6
[56.322s][info][gc,metaspace   ] GC(367) Metaspace: 70519K->70519K(1112064K)
[56.322s][info][gc             ] GC(367) Pause Young (Normal) (G1 Evacuation Pause) 251M->43M(340M) 3.230ms
[56.322s][info][gc,cpu         ] GC(367) User=0.00s Sys=0.00s Real=0.00s
[56.420s][info][gc,start       ] GC(368) Pause Young (Normal) (G1 Evacuation Pause)
[56.420s][info][gc,task        ] GC(368) Using 1 workers of 1 for evacuation
[56.423s][info][gc,phases      ] GC(368)   Pre Evacuate Collection Set: 0.0ms
[56.423s][info][gc,phases      ] GC(368)   Evacuate Collection Set: 2.4ms
[56.423s][info][gc,phases      ] GC(368)   Post Evacuate Collection Set: 0.3ms
[56.423s][info][gc,phases      ] GC(368)   Other: 0.3ms
[56.423s][info][gc,heap        ] GC(368) Eden regions: 203->0(203)
[56.423s][info][gc,heap        ] GC(368) Survivor regions: 1->1(26)
[56.423s][info][gc,heap        ] GC(368) Old regions: 38->38
[56.423s][info][gc,heap        ] GC(368) Humongous regions: 6->6
[56.423s][info][gc,metaspace   ] GC(368) Metaspace: 70521K->70521K(1112064K)
[56.423s][info][gc             ] GC(368) Pause Young (Normal) (G1 Evacuation Pause) 246M->43M(340M) 3.067ms
[56.423s][info][gc,cpu         ] GC(368) User=0.00s Sys=0.00s Real=0.00s
[56.520s][info][gc,start       ] GC(369) Pause Young (Normal) (G1 Evacuation Pause)
[56.520s][info][gc,task        ] GC(369) Using 1 workers of 1 for evacuation
[56.523s][info][gc,phases      ] GC(369)   Pre Evacuate Collection Set: 0.0ms
[56.523s][info][gc,phases      ] GC(369)   Evacuate Collection Set: 2.6ms
[56.523s][info][gc,phases      ] GC(369)   Post Evacuate Collection Set: 0.4ms
[56.523s][info][gc,phases      ] GC(369)   Other: 0.3ms
[56.523s][info][gc,heap        ] GC(369) Eden regions: 203->0(203)
[56.523s][info][gc,heap        ] GC(369) Survivor regions: 1->1(26)
[56.523s][info][gc,heap        ] GC(369) Old regions: 38->38
[56.523s][info][gc,heap        ] GC(369) Humongous regions: 6->6
[56.523s][info][gc,metaspace   ] GC(369) Metaspace: 70521K->70521K(1112064K)
[56.523s][info][gc             ] GC(369) Pause Young (Normal) (G1 Evacuation Pause) 246M->43M(340M) 3.375ms
[56.523s][info][gc,cpu         ] GC(369) User=0.00s Sys=0.00s Real=0.00s
[56.620s][info][gc,start       ] GC(370) Pause Young (Normal) (G1 Evacuation Pause)
[56.620s][info][gc,task        ] GC(370) Using 1 workers of 1 for evacuation
[56.623s][info][gc,phases      ] GC(370)   Pre Evacuate Collection Set: 0.0ms
[56.623s][info][gc,phases      ] GC(370)   Evacuate Collection Set: 2.3ms
[56.623s][info][gc,phases      ] GC(370)   Post Evacuate Collection Set: 0.3ms
[56.623s][info][gc,phases      ] GC(370)   Other: 0.3ms
[56.623s][info][gc,heap        ] GC(370) Eden regions: 203->0(203)
[56.623s][info][gc,heap        ] GC(370) Survivor regions: 1->1(26)
[56.623s][info][gc,heap        ] GC(370) Old regions: 38->38
[56.623s][info][gc,heap        ] GC(370) Humongous regions: 6->6
[56.623s][info][gc,metaspace   ] GC(370) Metaspace: 70521K->70521K(1112064K)
[56.623s][info][gc             ] GC(370) Pause Young (Normal) (G1 Evacuation Pause) 246M->43M(340M) 2.930ms
[56.623s][info][gc,cpu         ] GC(370) User=0.00s Sys=0.00s Real=0.00s
[56.722s][info][gc,start       ] GC(371) Pause Young (Normal) (G1 Evacuation Pause)
[56.722s][info][gc,task        ] GC(371) Using 1 workers of 1 for evacuation
[56.725s][info][gc,phases      ] GC(371)   Pre Evacuate Collection Set: 0.0ms
[56.725s][info][gc,phases      ] GC(371)   Evacuate Collection Set: 2.5ms
[56.725s][info][gc,phases      ] GC(371)   Post Evacuate Collection Set: 0.3ms
[56.725s][info][gc,phases      ] GC(371)   Other: 0.4ms
[56.725s][info][gc,heap        ] GC(371) Eden regions: 203->0(203)
[56.725s][info][gc,heap        ] GC(371) Survivor regions: 1->1(26)
[56.725s][info][gc,heap        ] GC(371) Old regions: 38->38
[56.725s][info][gc,heap        ] GC(371) Humongous regions: 6->6
[56.725s][info][gc,metaspace   ] GC(371) Metaspace: 70521K->70521K(1112064K)
[56.725s][info][gc             ] GC(371) Pause Young (Normal) (G1 Evacuation Pause) 246M->43M(340M) 3.282ms
[56.725s][info][gc,cpu         ] GC(371) User=0.00s Sys=0.00s Real=0.00s
[56.845s][info][gc,start       ] GC(372) Pause Young (Normal) (G1 Evacuation Pause)
[56.845s][info][gc,task        ] GC(372) Using 1 workers of 1 for evacuation
[56.848s][info][gc,phases      ] GC(372)   Pre Evacuate Collection Set: 0.0ms
[56.848s][info][gc,phases      ] GC(372)   Evacuate Collection Set: 2.3ms
[56.848s][info][gc,phases      ] GC(372)   Post Evacuate Collection Set: 0.3ms
[56.848s][info][gc,phases      ] GC(372)   Other: 0.3ms
[56.848s][info][gc,heap        ] GC(372) Eden regions: 203->0(203)
[56.848s][info][gc,heap        ] GC(372) Survivor regions: 1->1(26)
[56.848s][info][gc,heap        ] GC(372) Old regions: 38->38
[56.848s][info][gc,heap        ] GC(372) Humongous regions: 6->6
[56.848s][info][gc,metaspace   ] GC(372) Metaspace: 70521K->70521K(1112064K)
[56.848s][info][gc             ] GC(372) Pause Young (Normal) (G1 Evacuation Pause) 246M->43M(340M) 2.911ms
[56.848s][info][gc,cpu         ] GC(372) User=0.00s Sys=0.00s Real=0.00s
[56.945s][info][gc,start       ] GC(373) Pause Young (Normal) (G1 Evacuation Pause)
[56.945s][info][gc,task        ] GC(373) Using 1 workers of 1 for evacuation
[56.948s][info][gc,phases      ] GC(373)   Pre Evacuate Collection Set: 0.0ms
[56.948s][info][gc,phases      ] GC(373)   Evacuate Collection Set: 2.4ms
[56.948s][info][gc,phases      ] GC(373)   Post Evacuate Collection Set: 0.3ms
[56.948s][info][gc,phases      ] GC(373)   Other: 0.3ms
[56.948s][info][gc,heap        ] GC(373) Eden regions: 203->0(203)
[56.948s][info][gc,heap        ] GC(373) Survivor regions: 1->1(26)
[56.948s][info][gc,heap        ] GC(373) Old regions: 38->38
[56.948s][info][gc,heap        ] GC(373) Humongous regions: 6->6
[56.948s][info][gc,metaspace   ] GC(373) Metaspace: 70521K->70521K(1112064K)
[56.948s][info][gc             ] GC(373) Pause Young (Normal) (G1 Evacuation Pause) 246M->43M(340M) 3.063ms
[56.948s][info][gc,cpu         ] GC(373) User=0.00s Sys=0.00s Real=0.00s
[57.045s][info][gc,start       ] GC(374) Pause Young (Normal) (G1 Evacuation Pause)
[57.045s][info][gc,task        ] GC(374) Using 1 workers of 1 for evacuation
[57.048s][info][gc,phases      ] GC(374)   Pre Evacuate Collection Set: 0.0ms
[57.048s][info][gc,phases      ] GC(374)   Evacuate Collection Set: 2.3ms
[57.048s][info][gc,phases      ] GC(374)   Post Evacuate Collection Set: 0.3ms
[57.048s][info][gc,phases      ] GC(374)   Other: 0.3ms
[57.048s][info][gc,heap        ] GC(374) Eden regions: 203->0(203)
[57.048s][info][gc,heap        ] GC(374) Survivor regions: 1->1(26)
[57.048s][info][gc,heap        ] GC(374) Old regions: 38->38
[57.048s][info][gc,heap        ] GC(374) Humongous regions: 6->6
[57.048s][info][gc,metaspace   ] GC(374) Metaspace: 70521K->70521K(1112064K)
[57.048s][info][gc             ] GC(374) Pause Young (Normal) (G1 Evacuation Pause) 246M->43M(340M) 2.991ms
[57.048s][info][gc,cpu         ] GC(374) User=0.00s Sys=0.00s Real=0.00s
[57.146s][info][gc,start       ] GC(375) Pause Young (Normal) (G1 Evacuation Pause)
[57.146s][info][gc,task        ] GC(375) Using 1 workers of 1 for evacuation
[57.149s][info][gc,phases      ] GC(375)   Pre Evacuate Collection Set: 0.0ms
[57.149s][info][gc,phases      ] GC(375)   Evacuate Collection Set: 2.4ms
[57.149s][info][gc,phases      ] GC(375)   Post Evacuate Collection Set: 0.3ms
[57.149s][info][gc,phases      ] GC(375)   Other: 0.4ms
[57.149s][info][gc,heap        ] GC(375) Eden regions: 203->0(203)
[57.149s][info][gc,heap        ] GC(375) Survivor regions: 1->1(26)
[57.149s][info][gc,heap        ] GC(375) Old regions: 38->38
[57.149s][info][gc,heap        ] GC(375) Humongous regions: 6->6
[57.149s][info][gc,metaspace   ] GC(375) Metaspace: 70521K->70521K(1112064K)
[57.149s][info][gc             ] GC(375) Pause Young (Normal) (G1 Evacuation Pause) 246M->43M(340M) 3.229ms
[57.149s][info][gc,cpu         ] GC(375) User=0.00s Sys=0.00s Real=0.00s
[57.251s][info][gc,start       ] GC(376) Pause Young (Normal) (G1 Evacuation Pause)
[57.251s][info][gc,task        ] GC(376) Using 1 workers of 1 for evacuation
[57.254s][info][gc,phases      ] GC(376)   Pre Evacuate Collection Set: 0.0ms
[57.254s][info][gc,phases      ] GC(376)   Evacuate Collection Set: 2.5ms
[57.254s][info][gc,phases      ] GC(376)   Post Evacuate Collection Set: 0.3ms
[57.254s][info][gc,phases      ] GC(376)   Other: 0.3ms
[57.254s][info][gc,heap        ] GC(376) Eden regions: 203->0(203)
[57.254s][info][gc,heap        ] GC(376) Survivor regions: 1->1(26)
[57.254s][info][gc,heap        ] GC(376) Old regions: 38->38
[57.254s][info][gc,heap        ] GC(376) Humongous regions: 6->6
[57.254s][info][gc,metaspace   ] GC(376) Metaspace: 70521K->70521K(1112064K)
[57.254s][info][gc             ] GC(376) Pause Young (Normal) (G1 Evacuation Pause) 246M->43M(340M) 3.205ms
[57.254s][info][gc,cpu         ] GC(376) User=0.01s Sys=0.00s Real=0.00s
[57.389s][info][gc,start       ] GC(377) Pause Young (Normal) (G1 Evacuation Pause)
[57.389s][info][gc,task        ] GC(377) Using 1 workers of 1 for evacuation
[57.392s][info][gc,phases      ] GC(377)   Pre Evacuate Collection Set: 0.0ms
[57.392s][info][gc,phases      ] GC(377)   Evacuate Collection Set: 2.7ms
[57.392s][info][gc,phases      ] GC(377)   Post Evacuate Collection Set: 0.3ms
[57.392s][info][gc,phases      ] GC(377)   Other: 0.3ms
[57.392s][info][gc,heap        ] GC(377) Eden regions: 203->0(203)
[57.392s][info][gc,heap        ] GC(377) Survivor regions: 1->1(26)
[57.393s][info][gc,heap        ] GC(377) Old regions: 38->38
[57.393s][info][gc,heap        ] GC(377) Humongous regions: 11->6
[57.393s][info][gc,metaspace   ] GC(377) Metaspace: 70531K->70531K(1112064K)
[57.393s][info][gc             ] GC(377) Pause Young (Normal) (G1 Evacuation Pause) 251M->43M(340M) 3.372ms
[57.393s][info][gc,cpu         ] GC(377) User=0.01s Sys=0.00s Real=0.01s
[57.498s][info][gc,start       ] GC(378) Pause Young (Normal) (G1 Evacuation Pause)
[57.498s][info][gc,task        ] GC(378) Using 1 workers of 1 for evacuation
[57.501s][info][gc,phases      ] GC(378)   Pre Evacuate Collection Set: 0.0ms
[57.501s][info][gc,phases      ] GC(378)   Evacuate Collection Set: 2.4ms
[57.501s][info][gc,phases      ] GC(378)   Post Evacuate Collection Set: 0.3ms
[57.501s][info][gc,phases      ] GC(378)   Other: 0.3ms
[57.501s][info][gc,heap        ] GC(378) Eden regions: 203->0(203)
[57.501s][info][gc,heap        ] GC(378) Survivor regions: 1->1(26)
[57.501s][info][gc,heap        ] GC(378) Old regions: 38->38
[57.501s][info][gc,heap        ] GC(378) Humongous regions: 6->6
[57.501s][info][gc,metaspace   ] GC(378) Metaspace: 70538K->70538K(1112064K)
[57.501s][info][gc             ] GC(378) Pause Young (Normal) (G1 Evacuation Pause) 246M->43M(340M) 3.041ms
[57.501s][info][gc,cpu         ] GC(378) User=0.00s Sys=0.00s Real=0.00s
[57.596s][info][gc,start       ] GC(379) Pause Young (Normal) (G1 Evacuation Pause)
[57.596s][info][gc,task        ] GC(379) Using 1 workers of 1 for evacuation
[57.599s][info][gc,phases      ] GC(379)   Pre Evacuate Collection Set: 0.0ms
[57.599s][info][gc,phases      ] GC(379)   Evacuate Collection Set: 2.6ms
[57.599s][info][gc,phases      ] GC(379)   Post Evacuate Collection Set: 0.4ms
[57.599s][info][gc,phases      ] GC(379)   Other: 0.3ms
[57.599s][info][gc,heap        ] GC(379) Eden regions: 203->0(203)
[57.599s][info][gc,heap        ] GC(379) Survivor regions: 1->1(26)
[57.599s][info][gc,heap        ] GC(379) Old regions: 38->38
[57.599s][info][gc,heap        ] GC(379) Humongous regions: 6->6
[57.599s][info][gc,metaspace   ] GC(379) Metaspace: 70538K->70538K(1112064K)
[57.599s][info][gc             ] GC(379) Pause Young (Normal) (G1 Evacuation Pause) 246M->43M(340M) 3.342ms
[57.599s][info][gc,cpu         ] GC(379) User=0.00s Sys=0.00s Real=0.01s
[57.695s][info][gc,start       ] GC(380) Pause Young (Normal) (G1 Evacuation Pause)
[57.696s][info][gc,task        ] GC(380) Using 1 workers of 1 for evacuation
[57.699s][info][gc,phases      ] GC(380)   Pre Evacuate Collection Set: 0.0ms
[57.699s][info][gc,phases      ] GC(380)   Evacuate Collection Set: 2.6ms
[57.699s][info][gc,phases      ] GC(380)   Post Evacuate Collection Set: 0.3ms
[57.699s][info][gc,phases      ] GC(380)   Other: 0.3ms
[57.699s][info][gc,heap        ] GC(380) Eden regions: 203->0(203)
[57.699s][info][gc,heap        ] GC(380) Survivor regions: 1->1(26)
[57.699s][info][gc,heap        ] GC(380) Old regions: 38->38
[57.699s][info][gc,heap        ] GC(380) Humongous regions: 6->6
[57.699s][info][gc,metaspace   ] GC(380) Metaspace: 70538K->70538K(1112064K)
[57.699s][info][gc             ] GC(380) Pause Young (Normal) (G1 Evacuation Pause) 246M->43M(340M) 3.250ms
[57.699s][info][gc,cpu         ] GC(380) User=0.00s Sys=0.00s Real=0.01s
[57.802s][info][gc,start       ] GC(381) Pause Young (Normal) (G1 Evacuation Pause)
[57.802s][info][gc,task        ] GC(381) Using 1 workers of 1 for evacuation
[57.805s][info][gc,phases      ] GC(381)   Pre Evacuate Collection Set: 0.0ms
[57.805s][info][gc,phases      ] GC(381)   Evacuate Collection Set: 2.5ms
[57.805s][info][gc,phases      ] GC(381)   Post Evacuate Collection Set: 0.4ms
[57.805s][info][gc,phases      ] GC(381)   Other: 0.3ms
[57.805s][info][gc,heap        ] GC(381) Eden regions: 203->0(203)
[57.805s][info][gc,heap        ] GC(381) Survivor regions: 1->1(26)
[57.805s][info][gc,heap        ] GC(381) Old regions: 38->38
[57.805s][info][gc,heap        ] GC(381) Humongous regions: 6->6
[57.805s][info][gc,metaspace   ] GC(381) Metaspace: 70538K->70538K(1112064K)
[57.805s][info][gc             ] GC(381) Pause Young (Normal) (G1 Evacuation Pause) 246M->43M(340M) 3.242ms
[57.805s][info][gc,cpu         ] GC(381) User=0.01s Sys=0.00s Real=0.00s
[57.901s][info][gc,start       ] GC(382) Pause Young (Normal) (G1 Evacuation Pause)
[57.901s][info][gc,task        ] GC(382) Using 1 workers of 1 for evacuation
[57.904s][info][gc,phases      ] GC(382)   Pre Evacuate Collection Set: 0.0ms
[57.904s][info][gc,phases      ] GC(382)   Evacuate Collection Set: 2.5ms
[57.904s][info][gc,phases      ] GC(382)   Post Evacuate Collection Set: 0.3ms
[57.904s][info][gc,phases      ] GC(382)   Other: 0.3ms
[57.904s][info][gc,heap        ] GC(382) Eden regions: 203->0(203)
[57.904s][info][gc,heap        ] GC(382) Survivor regions: 1->1(26)
[57.904s][info][gc,heap        ] GC(382) Old regions: 38->38
[57.904s][info][gc,heap        ] GC(382) Humongous regions: 6->6
[57.904s][info][gc,metaspace   ] GC(382) Metaspace: 70538K->70538K(1112064K)
[57.904s][info][gc             ] GC(382) Pause Young (Normal) (G1 Evacuation Pause) 246M->43M(340M) 3.173ms
[57.904s][info][gc,cpu         ] GC(382) User=0.01s Sys=0.00s Real=0.00s
[58.003s][info][gc,start       ] GC(383) Pause Young (Normal) (G1 Evacuation Pause)
[58.004s][info][gc,task        ] GC(383) Using 1 workers of 1 for evacuation
[58.007s][info][gc,phases      ] GC(383)   Pre Evacuate Collection Set: 0.0ms
[58.007s][info][gc,phases      ] GC(383)   Evacuate Collection Set: 2.5ms
[58.007s][info][gc,phases      ] GC(383)   Post Evacuate Collection Set: 0.3ms
[58.007s][info][gc,phases      ] GC(383)   Other: 0.4ms
[58.007s][info][gc,heap        ] GC(383) Eden regions: 203->0(203)
[58.007s][info][gc,heap        ] GC(383) Survivor regions: 1->1(26)
[58.007s][info][gc,heap        ] GC(383) Old regions: 38->38
[58.007s][info][gc,heap        ] GC(383) Humongous regions: 6->6
[58.007s][info][gc,metaspace   ] GC(383) Metaspace: 70538K->70538K(1112064K)
[58.007s][info][gc             ] GC(383) Pause Young (Normal) (G1 Evacuation Pause) 246M->43M(340M) 3.230ms
[58.007s][info][gc,cpu         ] GC(383) User=0.00s Sys=0.00s Real=0.00s
[58.104s][info][gc,start       ] GC(384) Pause Young (Normal) (G1 Evacuation Pause)
[58.104s][info][gc,task        ] GC(384) Using 1 workers of 1 for evacuation
[58.107s][info][gc,phases      ] GC(384)   Pre Evacuate Collection Set: 0.2ms
[58.107s][info][gc,phases      ] GC(384)   Evacuate Collection Set: 2.5ms
[58.107s][info][gc,phases      ] GC(384)   Post Evacuate Collection Set: 0.3ms
[58.107s][info][gc,phases      ] GC(384)   Other: 0.3ms
[58.107s][info][gc,heap        ] GC(384) Eden regions: 203->0(203)
[58.107s][info][gc,heap        ] GC(384) Survivor regions: 1->1(26)
[58.107s][info][gc,heap        ] GC(384) Old regions: 38->38
[58.107s][info][gc,heap        ] GC(384) Humongous regions: 6->6
[58.107s][info][gc,metaspace   ] GC(384) Metaspace: 70538K->70538K(1112064K)
[58.107s][info][gc             ] GC(384) Pause Young (Normal) (G1 Evacuation Pause) 246M->43M(340M) 3.297ms
[58.107s][info][gc,cpu         ] GC(384) User=0.00s Sys=0.00s Real=0.00s
[58.204s][info][gc,start       ] GC(385) Pause Young (Normal) (G1 Evacuation Pause)
[58.204s][info][gc,task        ] GC(385) Using 1 workers of 1 for evacuation
[58.207s][info][gc,phases      ] GC(385)   Pre Evacuate Collection Set: 0.0ms
[58.207s][info][gc,phases      ] GC(385)   Evacuate Collection Set: 2.6ms
[58.207s][info][gc,phases      ] GC(385)   Post Evacuate Collection Set: 0.3ms
[58.207s][info][gc,phases      ] GC(385)   Other: 0.3ms
[58.207s][info][gc,heap        ] GC(385) Eden regions: 203->0(203)
[58.207s][info][gc,heap        ] GC(385) Survivor regions: 1->1(26)
[58.207s][info][gc,heap        ] GC(385) Old regions: 38->38
[58.207s][info][gc,heap        ] GC(385) Humongous regions: 6->6
[58.207s][info][gc,metaspace   ] GC(385) Metaspace: 70538K->70538K(1112064K)
[58.207s][info][gc             ] GC(385) Pause Young (Normal) (G1 Evacuation Pause) 246M->43M(340M) 3.269ms
[58.207s][info][gc,cpu         ] GC(385) User=0.00s Sys=0.00s Real=0.00s
[58.331s][info][gc,start       ] GC(386) Pause Young (Normal) (G1 Evacuation Pause)
[58.331s][info][gc,task        ] GC(386) Using 1 workers of 1 for evacuation
[58.335s][info][gc,phases      ] GC(386)   Pre Evacuate Collection Set: 0.0ms
[58.335s][info][gc,phases      ] GC(386)   Evacuate Collection Set: 3.1ms
[58.335s][info][gc,phases      ] GC(386)   Post Evacuate Collection Set: 0.3ms
[58.335s][info][gc,phases      ] GC(386)   Other: 0.3ms
[58.335s][info][gc,heap        ] GC(386) Eden regions: 203->0(203)
[58.335s][info][gc,heap        ] GC(386) Survivor regions: 1->1(26)
[58.335s][info][gc,heap        ] GC(386) Old regions: 38->38
[58.335s][info][gc,heap        ] GC(386) Humongous regions: 11->6
[58.335s][info][gc,metaspace   ] GC(386) Metaspace: 70540K->70540K(1112064K)
[58.335s][info][gc             ] GC(386) Pause Young (Normal) (G1 Evacuation Pause) 251M->43M(340M) 3.791ms
[58.335s][info][gc,cpu         ] GC(386) User=0.01s Sys=0.00s Real=0.00s
[58.432s][info][gc,start       ] GC(387) Pause Young (Normal) (G1 Evacuation Pause)
[58.432s][info][gc,task        ] GC(387) Using 1 workers of 1 for evacuation
[58.435s][info][gc,phases      ] GC(387)   Pre Evacuate Collection Set: 0.0ms
[58.435s][info][gc,phases      ] GC(387)   Evacuate Collection Set: 2.3ms
[58.435s][info][gc,phases      ] GC(387)   Post Evacuate Collection Set: 0.3ms
[58.435s][info][gc,phases      ] GC(387)   Other: 0.3ms
[58.435s][info][gc,heap        ] GC(387) Eden regions: 203->0(203)
[58.435s][info][gc,heap        ] GC(387) Survivor regions: 1->1(26)
[58.435s][info][gc,heap        ] GC(387) Old regions: 38->38
[58.435s][info][gc,heap        ] GC(387) Humongous regions: 6->6
[58.435s][info][gc,metaspace   ] GC(387) Metaspace: 70540K->70540K(1112064K)
[58.435s][info][gc             ] GC(387) Pause Young (Normal) (G1 Evacuation Pause) 246M->43M(340M) 2.959ms
[58.435s][info][gc,cpu         ] GC(387) User=0.01s Sys=0.00s Real=0.00s
[58.532s][info][gc,start       ] GC(388) Pause Young (Normal) (G1 Evacuation Pause)
[58.532s][info][gc,task        ] GC(388) Using 1 workers of 1 for evacuation
[58.535s][info][gc,phases      ] GC(388)   Pre Evacuate Collection Set: 0.0ms
[58.535s][info][gc,phases      ] GC(388)   Evacuate Collection Set: 2.3ms
[58.535s][info][gc,phases      ] GC(388)   Post Evacuate Collection Set: 0.3ms
[58.535s][info][gc,phases      ] GC(388)   Other: 0.3ms
[58.535s][info][gc,heap        ] GC(388) Eden regions: 203->0(203)
[58.535s][info][gc,heap        ] GC(388) Survivor regions: 1->1(26)
[58.535s][info][gc,heap        ] GC(388) Old regions: 38->38
[58.535s][info][gc,heap        ] GC(388) Humongous regions: 6->6
[58.535s][info][gc,metaspace   ] GC(388) Metaspace: 70540K->70540K(1112064K)
[58.535s][info][gc             ] GC(388) Pause Young (Normal) (G1 Evacuation Pause) 246M->43M(340M) 2.963ms
[58.535s][info][gc,cpu         ] GC(388) User=0.01s Sys=0.00s Real=0.00s
[58.631s][info][gc,start       ] GC(389) Pause Young (Normal) (G1 Evacuation Pause)
[58.631s][info][gc,task        ] GC(389) Using 1 workers of 1 for evacuation
[58.634s][info][gc,phases      ] GC(389)   Pre Evacuate Collection Set: 0.0ms
[58.634s][info][gc,phases      ] GC(389)   Evacuate Collection Set: 2.3ms
[58.634s][info][gc,phases      ] GC(389)   Post Evacuate Collection Set: 0.4ms
[58.634s][info][gc,phases      ] GC(389)   Other: 0.3ms
[58.634s][info][gc,heap        ] GC(389) Eden regions: 203->0(203)
[58.634s][info][gc,heap        ] GC(389) Survivor regions: 1->1(26)
[58.634s][info][gc,heap        ] GC(389) Old regions: 38->38
[58.634s][info][gc,heap        ] GC(389) Humongous regions: 6->6
[58.634s][info][gc,metaspace   ] GC(389) Metaspace: 70540K->70540K(1112064K)
[58.634s][info][gc             ] GC(389) Pause Young (Normal) (G1 Evacuation Pause) 246M->43M(340M) 3.029ms
[58.634s][info][gc,cpu         ] GC(389) User=0.00s Sys=0.00s Real=0.00s
[58.732s][info][gc,start       ] GC(390) Pause Young (Normal) (G1 Evacuation Pause)
[58.733s][info][gc,task        ] GC(390) Using 1 workers of 1 for evacuation
[58.736s][info][gc,phases      ] GC(390)   Pre Evacuate Collection Set: 0.0ms
[58.736s][info][gc,phases      ] GC(390)   Evacuate Collection Set: 2.6ms
[58.736s][info][gc,phases      ] GC(390)   Post Evacuate Collection Set: 0.4ms
[58.736s][info][gc,phases      ] GC(390)   Other: 0.8ms
[58.736s][info][gc,heap        ] GC(390) Eden regions: 203->0(203)
[58.736s][info][gc,heap        ] GC(390) Survivor regions: 1->1(26)
[58.736s][info][gc,heap        ] GC(390) Old regions: 38->38
[58.736s][info][gc,heap        ] GC(390) Humongous regions: 6->6
[58.736s][info][gc,metaspace   ] GC(390) Metaspace: 70540K->70540K(1112064K)
[58.736s][info][gc             ] GC(390) Pause Young (Normal) (G1 Evacuation Pause) 246M->43M(340M) 3.863ms
[58.736s][info][gc,cpu         ] GC(390) User=0.01s Sys=0.00s Real=0.00s
[58.841s][info][gc,start       ] GC(391) Pause Young (Normal) (G1 Evacuation Pause)
[58.841s][info][gc,task        ] GC(391) Using 1 workers of 1 for evacuation
[58.844s][info][gc,phases      ] GC(391)   Pre Evacuate Collection Set: 0.0ms
[58.844s][info][gc,phases      ] GC(391)   Evacuate Collection Set: 2.4ms
[58.844s][info][gc,phases      ] GC(391)   Post Evacuate Collection Set: 0.3ms
[58.844s][info][gc,phases      ] GC(391)   Other: 0.3ms
[58.844s][info][gc,heap        ] GC(391) Eden regions: 203->0(203)
[58.844s][info][gc,heap        ] GC(391) Survivor regions: 1->1(26)
[58.844s][info][gc,heap        ] GC(391) Old regions: 38->38
[58.844s][info][gc,heap        ] GC(391) Humongous regions: 6->6
[58.844s][info][gc,metaspace   ] GC(391) Metaspace: 70540K->70540K(1112064K)
[58.844s][info][gc             ] GC(391) Pause Young (Normal) (G1 Evacuation Pause) 246M->43M(340M) 3.032ms
[58.844s][info][gc,cpu         ] GC(391) User=0.00s Sys=0.00s Real=0.00s
[58.945s][info][gc,start       ] GC(392) Pause Young (Normal) (G1 Evacuation Pause)
[58.945s][info][gc,task        ] GC(392) Using 1 workers of 1 for evacuation
[58.948s][info][gc,phases      ] GC(392)   Pre Evacuate Collection Set: 0.0ms
[58.948s][info][gc,phases      ] GC(392)   Evacuate Collection Set: 2.9ms
[58.948s][info][gc,phases      ] GC(392)   Post Evacuate Collection Set: 0.4ms
[58.948s][info][gc,phases      ] GC(392)   Other: 0.3ms
[58.948s][info][gc,heap        ] GC(392) Eden regions: 203->0(203)
[58.948s][info][gc,heap        ] GC(392) Survivor regions: 1->1(26)
[58.948s][info][gc,heap        ] GC(392) Old regions: 38->38
[58.948s][info][gc,heap        ] GC(392) Humongous regions: 6->6
[58.948s][info][gc,metaspace   ] GC(392) Metaspace: 70540K->70540K(1112064K)
[58.948s][info][gc             ] GC(392) Pause Young (Normal) (G1 Evacuation Pause) 246M->43M(340M) 3.679ms
[58.948s][info][gc,cpu         ] GC(392) User=0.01s Sys=0.00s Real=0.00s
[59.050s][info][gc,start       ] GC(393) Pause Young (Normal) (G1 Evacuation Pause)
[59.050s][info][gc,task        ] GC(393) Using 1 workers of 1 for evacuation
[59.053s][info][gc,phases      ] GC(393)   Pre Evacuate Collection Set: 0.0ms
[59.053s][info][gc,phases      ] GC(393)   Evacuate Collection Set: 2.4ms
[59.053s][info][gc,phases      ] GC(393)   Post Evacuate Collection Set: 0.3ms
[59.053s][info][gc,phases      ] GC(393)   Other: 0.3ms
[59.053s][info][gc,heap        ] GC(393) Eden regions: 203->0(203)
[59.053s][info][gc,heap        ] GC(393) Survivor regions: 1->1(26)
[59.053s][info][gc,heap        ] GC(393) Old regions: 38->38
[59.053s][info][gc,heap        ] GC(393) Humongous regions: 6->6
[59.053s][info][gc,metaspace   ] GC(393) Metaspace: 70540K->70540K(1112064K)
[59.053s][info][gc             ] GC(393) Pause Young (Normal) (G1 Evacuation Pause) 246M->43M(340M) 3.040ms
[59.053s][info][gc,cpu         ] GC(393) User=0.00s Sys=0.01s Real=0.00s
[59.151s][info][gc,start       ] GC(394) Pause Young (Normal) (G1 Evacuation Pause)
[59.151s][info][gc,task        ] GC(394) Using 1 workers of 1 for evacuation
[59.154s][info][gc,phases      ] GC(394)   Pre Evacuate Collection Set: 0.0ms
[59.154s][info][gc,phases      ] GC(394)   Evacuate Collection Set: 2.4ms
[59.154s][info][gc,phases      ] GC(394)   Post Evacuate Collection Set: 0.4ms
[59.154s][info][gc,phases      ] GC(394)   Other: 0.3ms
[59.154s][info][gc,heap        ] GC(394) Eden regions: 203->0(203)
[59.154s][info][gc,heap        ] GC(394) Survivor regions: 1->1(26)
[59.154s][info][gc,heap        ] GC(394) Old regions: 38->38
[59.154s][info][gc,heap        ] GC(394) Humongous regions: 6->6
[59.154s][info][gc,metaspace   ] GC(394) Metaspace: 70540K->70540K(1112064K)
[59.154s][info][gc             ] GC(394) Pause Young (Normal) (G1 Evacuation Pause) 246M->43M(340M) 3.163ms
[59.154s][info][gc,cpu         ] GC(394) User=0.01s Sys=0.00s Real=0.00s
[59.284s][info][gc,start       ] GC(395) Pause Young (Normal) (G1 Evacuation Pause)
[59.284s][info][gc,task        ] GC(395) Using 1 workers of 1 for evacuation
[59.287s][info][gc,phases      ] GC(395)   Pre Evacuate Collection Set: 0.0ms
[59.287s][info][gc,phases      ] GC(395)   Evacuate Collection Set: 2.8ms
[59.287s][info][gc,phases      ] GC(395)   Post Evacuate Collection Set: 0.3ms
[59.287s][info][gc,phases      ] GC(395)   Other: 0.3ms
[59.287s][info][gc,heap        ] GC(395) Eden regions: 203->0(203)
[59.287s][info][gc,heap        ] GC(395) Survivor regions: 1->1(26)
[59.287s][info][gc,heap        ] GC(395) Old regions: 38->38
[59.287s][info][gc,heap        ] GC(395) Humongous regions: 11->6
[59.287s][info][gc,metaspace   ] GC(395) Metaspace: 70554K->70554K(1112064K)
[59.287s][info][gc             ] GC(395) Pause Young (Normal) (G1 Evacuation Pause) 251M->43M(340M) 3.453ms
[59.287s][info][gc,cpu         ] GC(395) User=0.00s Sys=0.00s Real=0.00s
[59.383s][info][gc,start       ] GC(396) Pause Young (Normal) (G1 Evacuation Pause)
[59.383s][info][gc,task        ] GC(396) Using 1 workers of 1 for evacuation
[59.386s][info][gc,phases      ] GC(396)   Pre Evacuate Collection Set: 0.0ms
[59.386s][info][gc,phases      ] GC(396)   Evacuate Collection Set: 2.5ms
[59.386s][info][gc,phases      ] GC(396)   Post Evacuate Collection Set: 0.4ms
[59.386s][info][gc,phases      ] GC(396)   Other: 0.3ms
[59.386s][info][gc,heap        ] GC(396) Eden regions: 203->0(203)
[59.386s][info][gc,heap        ] GC(396) Survivor regions: 1->1(26)
[59.386s][info][gc,heap        ] GC(396) Old regions: 38->38
[59.386s][info][gc,heap        ] GC(396) Humongous regions: 6->6
[59.386s][info][gc,metaspace   ] GC(396) Metaspace: 70554K->70554K(1112064K)
[59.386s][info][gc             ] GC(396) Pause Young (Normal) (G1 Evacuation Pause) 246M->43M(340M) 3.197ms
[59.386s][info][gc,cpu         ] GC(396) User=0.00s Sys=0.00s Real=0.00s
[59.484s][info][gc,start       ] GC(397) Pause Young (Normal) (G1 Evacuation Pause)
[59.484s][info][gc,task        ] GC(397) Using 1 workers of 1 for evacuation
[59.487s][info][gc,phases      ] GC(397)   Pre Evacuate Collection Set: 0.0ms
[59.487s][info][gc,phases      ] GC(397)   Evacuate Collection Set: 2.5ms
[59.487s][info][gc,phases      ] GC(397)   Post Evacuate Collection Set: 0.3ms
[59.487s][info][gc,phases      ] GC(397)   Other: 0.3ms
[59.487s][info][gc,heap        ] GC(397) Eden regions: 203->0(203)
[59.487s][info][gc,heap        ] GC(397) Survivor regions: 1->1(26)
[59.487s][info][gc,heap        ] GC(397) Old regions: 38->38
[59.487s][info][gc,heap        ] GC(397) Humongous regions: 6->6
[59.487s][info][gc,metaspace   ] GC(397) Metaspace: 70554K->70554K(1112064K)
[59.487s][info][gc             ] GC(397) Pause Young (Normal) (G1 Evacuation Pause) 246M->43M(340M) 3.161ms
[59.488s][info][gc,cpu         ] GC(397) User=0.00s Sys=0.00s Real=0.00s
[59.583s][info][gc,start       ] GC(398) Pause Young (Normal) (G1 Evacuation Pause)
[59.583s][info][gc,task        ] GC(398) Using 1 workers of 1 for evacuation
[59.586s][info][gc,phases      ] GC(398)   Pre Evacuate Collection Set: 0.0ms
[59.586s][info][gc,phases      ] GC(398)   Evacuate Collection Set: 2.5ms
[59.586s][info][gc,phases      ] GC(398)   Post Evacuate Collection Set: 0.3ms
[59.586s][info][gc,phases      ] GC(398)   Other: 0.3ms
[59.586s][info][gc,heap        ] GC(398) Eden regions: 203->0(203)
[59.586s][info][gc,heap        ] GC(398) Survivor regions: 1->1(26)
[59.586s][info][gc,heap        ] GC(398) Old regions: 38->38
[59.586s][info][gc,heap        ] GC(398) Humongous regions: 6->6
[59.586s][info][gc,metaspace   ] GC(398) Metaspace: 70554K->70554K(1112064K)
[59.586s][info][gc             ] GC(398) Pause Young (Normal) (G1 Evacuation Pause) 246M->43M(340M) 3.212ms
[59.586s][info][gc,cpu         ] GC(398) User=0.00s Sys=0.00s Real=0.00s
[59.683s][info][gc,start       ] GC(399) Pause Young (Normal) (G1 Evacuation Pause)
[59.683s][info][gc,task        ] GC(399) Using 1 workers of 1 for evacuation
[59.686s][info][gc,phases      ] GC(399)   Pre Evacuate Collection Set: 0.0ms
[59.686s][info][gc,phases      ] GC(399)   Evacuate Collection Set: 2.5ms
[59.686s][info][gc,phases      ] GC(399)   Post Evacuate Collection Set: 0.3ms
[59.686s][info][gc,phases      ] GC(399)   Other: 0.3ms
[59.686s][info][gc,heap        ] GC(399) Eden regions: 203->0(203)
[59.686s][info][gc,heap        ] GC(399) Survivor regions: 1->1(26)
[59.686s][info][gc,heap        ] GC(399) Old regions: 38->38
[59.686s][info][gc,heap        ] GC(399) Humongous regions: 6->6
[59.686s][info][gc,metaspace   ] GC(399) Metaspace: 70554K->70554K(1112064K)
[59.686s][info][gc             ] GC(399) Pause Young (Normal) (G1 Evacuation Pause) 246M->43M(340M) 3.190ms
[59.687s][info][gc,cpu         ] GC(399) User=0.00s Sys=0.00s Real=0.00s
[59.791s][info][gc,start       ] GC(400) Pause Young (Normal) (G1 Evacuation Pause)
[59.791s][info][gc,task        ] GC(400) Using 1 workers of 1 for evacuation
[59.794s][info][gc,phases      ] GC(400)   Pre Evacuate Collection Set: 0.0ms
[59.794s][info][gc,phases      ] GC(400)   Evacuate Collection Set: 2.6ms
[59.794s][info][gc,phases      ] GC(400)   Post Evacuate Collection Set: 0.3ms
[59.794s][info][gc,phases      ] GC(400)   Other: 0.3ms
[59.794s][info][gc,heap        ] GC(400) Eden regions: 203->0(203)
[59.794s][info][gc,heap        ] GC(400) Survivor regions: 1->1(26)
[59.794s][info][gc,heap        ] GC(400) Old regions: 38->38
[59.794s][info][gc,heap        ] GC(400) Humongous regions: 6->6
[59.794s][info][gc,metaspace   ] GC(400) Metaspace: 70554K->70554K(1112064K)
[59.794s][info][gc             ] GC(400) Pause Young (Normal) (G1 Evacuation Pause) 246M->43M(340M) 3.266ms
[59.794s][info][gc,cpu         ] GC(400) User=0.01s Sys=0.00s Real=0.00s
[59.889s][info][gc,start       ] GC(401) Pause Young (Normal) (G1 Evacuation Pause)
[59.889s][info][gc,task        ] GC(401) Using 1 workers of 1 for evacuation
[59.893s][info][gc,phases      ] GC(401)   Pre Evacuate Collection Set: 0.0ms
[59.893s][info][gc,phases      ] GC(401)   Evacuate Collection Set: 2.6ms
[59.893s][info][gc,phases      ] GC(401)   Post Evacuate Collection Set: 0.3ms
[59.893s][info][gc,phases      ] GC(401)   Other: 0.3ms
[59.893s][info][gc,heap        ] GC(401) Eden regions: 203->0(203)
[59.893s][info][gc,heap        ] GC(401) Survivor regions: 1->1(26)
[59.893s][info][gc,heap        ] GC(401) Old regions: 38->38
[59.893s][info][gc,heap        ] GC(401) Humongous regions: 6->6
[59.893s][info][gc,metaspace   ] GC(401) Metaspace: 70554K->70554K(1112064K)
[59.893s][info][gc             ] GC(401) Pause Young (Normal) (G1 Evacuation Pause) 246M->43M(340M) 3.237ms
[59.893s][info][gc,cpu         ] GC(401) User=0.00s Sys=0.00s Real=0.01s
[59.988s][info][gc,start       ] GC(402) Pause Young (Normal) (G1 Evacuation Pause)
[59.988s][info][gc,task        ] GC(402) Using 1 workers of 1 for evacuation
[59.991s][info][gc,phases      ] GC(402)   Pre Evacuate Collection Set: 0.0ms
[59.991s][info][gc,phases      ] GC(402)   Evacuate Collection Set: 2.4ms
[59.991s][info][gc,phases      ] GC(402)   Post Evacuate Collection Set: 0.3ms
[59.991s][info][gc,phases      ] GC(402)   Other: 0.3ms
[59.991s][info][gc,heap        ] GC(402) Eden regions: 203->0(203)
[59.991s][info][gc,heap        ] GC(402) Survivor regions: 1->1(26)
[59.991s][info][gc,heap        ] GC(402) Old regions: 38->38
[59.991s][info][gc,heap        ] GC(402) Humongous regions: 6->6
[59.991s][info][gc,metaspace   ] GC(402) Metaspace: 70554K->70554K(1112064K)
[59.991s][info][gc             ] GC(402) Pause Young (Normal) (G1 Evacuation Pause) 246M->43M(340M) 3.067ms
[59.992s][info][gc,cpu         ] GC(402) User=0.00s Sys=0.00s Real=0.01s
[60.088s][info][gc,start       ] GC(403) Pause Young (Normal) (G1 Evacuation Pause)
[60.088s][info][gc,task        ] GC(403) Using 1 workers of 1 for evacuation
[60.090s][info][gc,phases      ] GC(403)   Pre Evacuate Collection Set: 0.0ms
[60.091s][info][gc,phases      ] GC(403)   Evacuate Collection Set: 2.4ms
[60.091s][info][gc,phases      ] GC(403)   Post Evacuate Collection Set: 0.3ms
[60.091s][info][gc,phases      ] GC(403)   Other: 0.3ms
[60.091s][info][gc,heap        ] GC(403) Eden regions: 203->0(203)
[60.091s][info][gc,heap        ] GC(403) Survivor regions: 1->1(26)
[60.091s][info][gc,heap        ] GC(403) Old regions: 38->38
[60.091s][info][gc,heap        ] GC(403) Humongous regions: 6->6
[60.091s][info][gc,metaspace   ] GC(403) Metaspace: 70554K->70554K(1112064K)
[60.091s][info][gc             ] GC(403) Pause Young (Normal) (G1 Evacuation Pause) 246M->43M(340M) 3.023ms
[60.091s][info][gc,cpu         ] GC(403) User=0.00s Sys=0.00s Real=0.01s
[60.188s][info][gc,start       ] GC(404) Pause Young (Normal) (G1 Evacuation Pause)
[60.188s][info][gc,task        ] GC(404) Using 1 workers of 1 for evacuation
[60.191s][info][gc,phases      ] GC(404)   Pre Evacuate Collection Set: 0.0ms
[60.191s][info][gc,phases      ] GC(404)   Evacuate Collection Set: 2.6ms
[60.191s][info][gc,phases      ] GC(404)   Post Evacuate Collection Set: 0.3ms
[60.191s][info][gc,phases      ] GC(404)   Other: 0.3ms
[60.191s][info][gc,heap        ] GC(404) Eden regions: 203->0(203)
[60.191s][info][gc,heap        ] GC(404) Survivor regions: 1->1(26)
[60.191s][info][gc,heap        ] GC(404) Old regions: 38->38
[60.191s][info][gc,heap        ] GC(404) Humongous regions: 6->6
[60.191s][info][gc,metaspace   ] GC(404) Metaspace: 70554K->70554K(1112064K)
[60.191s][info][gc             ] GC(404) Pause Young (Normal) (G1 Evacuation Pause) 246M->43M(340M) 3.269ms
[60.191s][info][gc,cpu         ] GC(404) User=0.00s Sys=0.00s Real=0.01s
[60.414s][info][gc,start       ] GC(405) Pause Young (Normal) (G1 Evacuation Pause)
[60.414s][info][gc,task        ] GC(405) Using 1 workers of 1 for evacuation
[60.418s][info][gc,phases      ] GC(405)   Pre Evacuate Collection Set: 0.0ms
[60.418s][info][gc,phases      ] GC(405)   Evacuate Collection Set: 3.0ms
[60.418s][info][gc,phases      ] GC(405)   Post Evacuate Collection Set: 0.4ms
[60.418s][info][gc,phases      ] GC(405)   Other: 0.4ms
[60.418s][info][gc,heap        ] GC(405) Eden regions: 203->0(203)
[60.418s][info][gc,heap        ] GC(405) Survivor regions: 1->1(26)
[60.418s][info][gc,heap        ] GC(405) Old regions: 38->38
[60.418s][info][gc,heap        ] GC(405) Humongous regions: 11->6
[60.418s][info][gc,metaspace   ] GC(405) Metaspace: 70630K->70630K(1112064K)
[60.418s][info][gc             ] GC(405) Pause Young (Normal) (G1 Evacuation Pause) 251M->43M(340M) 3.829ms
[60.418s][info][gc,cpu         ] GC(405) User=0.00s Sys=0.00s Real=0.01s
[60.550s][info][gc,start       ] GC(406) Pause Young (Normal) (G1 Evacuation Pause)
[60.550s][info][gc,task        ] GC(406) Using 1 workers of 1 for evacuation
[60.553s][info][gc,phases      ] GC(406)   Pre Evacuate Collection Set: 0.0ms
[60.553s][info][gc,phases      ] GC(406)   Evacuate Collection Set: 2.6ms
[60.553s][info][gc,phases      ] GC(406)   Post Evacuate Collection Set: 0.3ms
[60.553s][info][gc,phases      ] GC(406)   Other: 0.3ms
[60.553s][info][gc,heap        ] GC(406) Eden regions: 203->0(203)
[60.553s][info][gc,heap        ] GC(406) Survivor regions: 1->1(26)
[60.553s][info][gc,heap        ] GC(406) Old regions: 38->38
[60.553s][info][gc,heap        ] GC(406) Humongous regions: 6->6
[60.553s][info][gc,metaspace   ] GC(406) Metaspace: 70630K->70630K(1112064K)
[60.553s][info][gc             ] GC(406) Pause Young (Normal) (G1 Evacuation Pause) 246M->43M(340M) 3.269ms
[60.553s][info][gc,cpu         ] GC(406) User=0.00s Sys=0.00s Real=0.00s
[60.650s][info][gc,start       ] GC(407) Pause Young (Normal) (G1 Evacuation Pause)
[60.650s][info][gc,task        ] GC(407) Using 1 workers of 1 for evacuation
[60.653s][info][gc,phases      ] GC(407)   Pre Evacuate Collection Set: 0.0ms
[60.653s][info][gc,phases      ] GC(407)   Evacuate Collection Set: 2.7ms
[60.653s][info][gc,phases      ] GC(407)   Post Evacuate Collection Set: 0.4ms
[60.653s][info][gc,phases      ] GC(407)   Other: 0.3ms
[60.653s][info][gc,heap        ] GC(407) Eden regions: 203->0(203)
[60.653s][info][gc,heap        ] GC(407) Survivor regions: 1->1(26)
[60.653s][info][gc,heap        ] GC(407) Old regions: 38->38
[60.653s][info][gc,heap        ] GC(407) Humongous regions: 6->6
[60.653s][info][gc,metaspace   ] GC(407) Metaspace: 70630K->70630K(1112064K)
[60.653s][info][gc             ] GC(407) Pause Young (Normal) (G1 Evacuation Pause) 246M->43M(340M) 3.516ms
[60.653s][info][gc,cpu         ] GC(407) User=0.00s Sys=0.00s Real=0.01s
[60.759s][info][gc,start       ] GC(408) Pause Young (Normal) (G1 Evacuation Pause)
[60.759s][info][gc,task        ] GC(408) Using 1 workers of 1 for evacuation
[60.763s][info][gc,phases      ] GC(408)   Pre Evacuate Collection Set: 0.0ms
[60.763s][info][gc,phases      ] GC(408)   Evacuate Collection Set: 2.8ms
[60.763s][info][gc,phases      ] GC(408)   Post Evacuate Collection Set: 0.3ms
[60.763s][info][gc,phases      ] GC(408)   Other: 0.3ms
[60.763s][info][gc,heap        ] GC(408) Eden regions: 203->0(203)
[60.763s][info][gc,heap        ] GC(408) Survivor regions: 1->1(26)
[60.763s][info][gc,heap        ] GC(408) Old regions: 38->38
[60.763s][info][gc,heap        ] GC(408) Humongous regions: 6->6
[60.763s][info][gc,metaspace   ] GC(408) Metaspace: 70630K->70630K(1112064K)
[60.763s][info][gc             ] GC(408) Pause Young (Normal) (G1 Evacuation Pause) 246M->43M(340M) 3.485ms
[60.763s][info][gc,cpu         ] GC(408) User=0.00s Sys=0.00s Real=0.00s
[60.862s][info][gc,start       ] GC(409) Pause Young (Normal) (G1 Evacuation Pause)
[60.862s][info][gc,task        ] GC(409) Using 1 workers of 1 for evacuation
[60.866s][info][gc,phases      ] GC(409)   Pre Evacuate Collection Set: 0.0ms
[60.866s][info][gc,phases      ] GC(409)   Evacuate Collection Set: 2.8ms
[60.866s][info][gc,phases      ] GC(409)   Post Evacuate Collection Set: 0.3ms
[60.866s][info][gc,phases      ] GC(409)   Other: 0.3ms
[60.866s][info][gc,heap        ] GC(409) Eden regions: 203->0(203)
[60.866s][info][gc,heap        ] GC(409) Survivor regions: 1->1(26)
[60.866s][info][gc,heap        ] GC(409) Old regions: 38->38
[60.866s][info][gc,heap        ] GC(409) Humongous regions: 6->6
[60.866s][info][gc,metaspace   ] GC(409) Metaspace: 70630K->70630K(1112064K)
[60.866s][info][gc             ] GC(409) Pause Young (Normal) (G1 Evacuation Pause) 246M->43M(340M) 3.497ms
[60.866s][info][gc,cpu         ] GC(409) User=0.01s Sys=0.00s Real=0.00s
[60.961s][info][gc,start       ] GC(410) Pause Young (Normal) (G1 Evacuation Pause)
[60.961s][info][gc,task        ] GC(410) Using 1 workers of 1 for evacuation
[60.965s][info][gc,phases      ] GC(410)   Pre Evacuate Collection Set: 0.0ms
[60.965s][info][gc,phases      ] GC(410)   Evacuate Collection Set: 2.8ms
[60.965s][info][gc,phases      ] GC(410)   Post Evacuate Collection Set: 0.4ms
[60.965s][info][gc,phases      ] GC(410)   Other: 0.3ms
[60.965s][info][gc,heap        ] GC(410) Eden regions: 203->0(203)
[60.965s][info][gc,heap        ] GC(410) Survivor regions: 1->1(26)
[60.965s][info][gc,heap        ] GC(410) Old regions: 38->38
[60.965s][info][gc,heap        ] GC(410) Humongous regions: 6->6
[60.965s][info][gc,metaspace   ] GC(410) Metaspace: 70630K->70630K(1112064K)
[60.965s][info][gc             ] GC(410) Pause Young (Normal) (G1 Evacuation Pause) 246M->43M(340M) 3.476ms
[60.965s][info][gc,cpu         ] GC(410) User=0.01s Sys=0.00s Real=0.00s
[61.061s][info][gc,start       ] GC(411) Pause Young (Normal) (G1 Evacuation Pause)
[61.061s][info][gc,task        ] GC(411) Using 1 workers of 1 for evacuation
[61.065s][info][gc,phases      ] GC(411)   Pre Evacuate Collection Set: 0.0ms
[61.065s][info][gc,phases      ] GC(411)   Evacuate Collection Set: 2.8ms
[61.065s][info][gc,phases      ] GC(411)   Post Evacuate Collection Set: 0.3ms
[61.065s][info][gc,phases      ] GC(411)   Other: 0.3ms
[61.065s][info][gc,heap        ] GC(411) Eden regions: 203->0(203)
[61.065s][info][gc,heap        ] GC(411) Survivor regions: 1->1(26)
[61.065s][info][gc,heap        ] GC(411) Old regions: 38->38
[61.065s][info][gc,heap        ] GC(411) Humongous regions: 6->6
[61.065s][info][gc,metaspace   ] GC(411) Metaspace: 70630K->70630K(1112064K)
[61.065s][info][gc             ] GC(411) Pause Young (Normal) (G1 Evacuation Pause) 246M->43M(340M) 3.445ms
[61.065s][info][gc,cpu         ] GC(411) User=0.01s Sys=0.00s Real=0.00s
[61.163s][info][gc,start       ] GC(412) Pause Young (Normal) (G1 Evacuation Pause)
[61.163s][info][gc,task        ] GC(412) Using 1 workers of 1 for evacuation
[61.166s][info][gc,phases      ] GC(412)   Pre Evacuate Collection Set: 0.0ms
[61.166s][info][gc,phases      ] GC(412)   Evacuate Collection Set: 2.8ms
[61.166s][info][gc,phases      ] GC(412)   Post Evacuate Collection Set: 0.4ms
[61.166s][info][gc,phases      ] GC(412)   Other: 0.3ms
[61.166s][info][gc,heap        ] GC(412) Eden regions: 203->0(203)
[61.166s][info][gc,heap        ] GC(412) Survivor regions: 1->1(26)
[61.166s][info][gc,heap        ] GC(412) Old regions: 38->38
[61.166s][info][gc,heap        ] GC(412) Humongous regions: 6->6
[61.166s][info][gc,metaspace   ] GC(412) Metaspace: 70630K->70630K(1112064K)
[61.166s][info][gc             ] GC(412) Pause Young (Normal) (G1 Evacuation Pause) 246M->43M(340M) 3.595ms
[61.166s][info][gc,cpu         ] GC(412) User=0.01s Sys=0.00s Real=0.00s
[61.265s][info][gc,start       ] GC(413) Pause Young (Normal) (G1 Evacuation Pause)
[61.265s][info][gc,task        ] GC(413) Using 1 workers of 1 for evacuation
[61.269s][info][gc,phases      ] GC(413)   Pre Evacuate Collection Set: 0.0ms
[61.269s][info][gc,phases      ] GC(413)   Evacuate Collection Set: 3.0ms
[61.269s][info][gc,phases      ] GC(413)   Post Evacuate Collection Set: 0.3ms
[61.269s][info][gc,phases      ] GC(413)   Other: 0.3ms
[61.269s][info][gc,heap        ] GC(413) Eden regions: 203->0(203)
[61.269s][info][gc,heap        ] GC(413) Survivor regions: 1->1(26)
[61.269s][info][gc,heap        ] GC(413) Old regions: 38->38
[61.269s][info][gc,heap        ] GC(413) Humongous regions: 6->6
[61.269s][info][gc,metaspace   ] GC(413) Metaspace: 70630K->70630K(1112064K)
[61.269s][info][gc             ] GC(413) Pause Young (Normal) (G1 Evacuation Pause) 246M->43M(340M) 3.677ms
[61.269s][info][gc,cpu         ] GC(413) User=0.00s Sys=0.00s Real=0.00s
[61.709s][info][gc,start       ] GC(414) Pause Young (Normal) (G1 Evacuation Pause)
[61.709s][info][gc,task        ] GC(414) Using 1 workers of 1 for evacuation
[61.718s][info][gc,phases      ] GC(414)   Pre Evacuate Collection Set: 0.0ms
[61.718s][info][gc,phases      ] GC(414)   Evacuate Collection Set: 9.0ms
[61.718s][info][gc,phases      ] GC(414)   Post Evacuate Collection Set: 0.4ms
[61.718s][info][gc,phases      ] GC(414)   Other: 0.4ms
[61.718s][info][gc,heap        ] GC(414) Eden regions: 203->0(202)
[61.718s][info][gc,heap        ] GC(414) Survivor regions: 1->2(26)
[61.718s][info][gc,heap        ] GC(414) Old regions: 38->38
[61.718s][info][gc,heap        ] GC(414) Humongous regions: 31->6
[61.718s][info][gc,metaspace   ] GC(414) Metaspace: 71103K->71103K(1114112K)
[61.719s][info][gc             ] GC(414) Pause Young (Normal) (G1 Evacuation Pause) 271M->44M(340M) 9.887ms
[61.719s][info][gc,cpu         ] GC(414) User=0.01s Sys=0.00s Real=0.02s
[62.370s][info][gc,start       ] GC(415) Pause Young (Normal) (G1 Evacuation Pause)
[62.370s][info][gc,task        ] GC(415) Using 1 workers of 1 for evacuation
[62.382s][info][gc,phases      ] GC(415)   Pre Evacuate Collection Set: 0.0ms
[62.382s][info][gc,phases      ] GC(415)   Evacuate Collection Set: 10.9ms
[62.382s][info][gc,phases      ] GC(415)   Post Evacuate Collection Set: 0.4ms
[62.382s][info][gc,phases      ] GC(415)   Other: 0.5ms
[62.382s][info][gc,heap        ] GC(415) Eden regions: 202->0(200)
[62.382s][info][gc,heap        ] GC(415) Survivor regions: 2->4(26)
[62.382s][info][gc,heap        ] GC(415) Old regions: 38->38
[62.382s][info][gc,heap        ] GC(415) Humongous regions: 16->6
[62.382s][info][gc,metaspace   ] GC(415) Metaspace: 71219K->71219K(1114112K)
[62.382s][info][gc             ] GC(415) Pause Young (Normal) (G1 Evacuation Pause) 256M->46M(340M) 11.798ms
[62.382s][info][gc,cpu         ] GC(415) User=0.01s Sys=0.00s Real=0.01s
[62.663s][info][gc,start       ] GC(416) Pause Young (Normal) (G1 Evacuation Pause)
[62.664s][info][gc,task        ] GC(416) Using 1 workers of 1 for evacuation
[62.672s][info][gc,phases      ] GC(416)   Pre Evacuate Collection Set: 0.0ms
[62.672s][info][gc,phases      ] GC(416)   Evacuate Collection Set: 8.3ms
[62.672s][info][gc,phases      ] GC(416)   Post Evacuate Collection Set: 0.3ms
[62.672s][info][gc,phases      ] GC(416)   Other: 0.4ms
[62.672s][info][gc,heap        ] GC(416) Eden regions: 200->0(200)
[62.672s][info][gc,heap        ] GC(416) Survivor regions: 4->4(26)
[62.672s][info][gc,heap        ] GC(416) Old regions: 38->38
[62.672s][info][gc,heap        ] GC(416) Humongous regions: 6->6
[62.672s][info][gc,metaspace   ] GC(416) Metaspace: 71220K->71220K(1114112K)
[62.672s][info][gc             ] GC(416) Pause Young (Normal) (G1 Evacuation Pause) 246M->46M(340M) 9.048ms
[62.673s][info][gc,cpu         ] GC(416) User=0.01s Sys=0.00s Real=0.01s
[62.873s][info][gc,start       ] GC(417) Pause Young (Normal) (G1 Evacuation Pause)
[62.873s][info][gc,task        ] GC(417) Using 1 workers of 1 for evacuation
[62.882s][info][gc,phases      ] GC(417)   Pre Evacuate Collection Set: 0.0ms
[62.882s][info][gc,phases      ] GC(417)   Evacuate Collection Set: 8.4ms
[62.882s][info][gc,phases      ] GC(417)   Post Evacuate Collection Set: 0.3ms
[62.882s][info][gc,phases      ] GC(417)   Other: 0.4ms
[62.882s][info][gc,heap        ] GC(417) Eden regions: 200->0(200)
[62.882s][info][gc,heap        ] GC(417) Survivor regions: 4->4(26)
[62.882s][info][gc,heap        ] GC(417) Old regions: 38->38
[62.882s][info][gc,heap        ] GC(417) Humongous regions: 6->6
[62.882s][info][gc,metaspace   ] GC(417) Metaspace: 71221K->71221K(1114112K)
[62.883s][info][gc             ] GC(417) Pause Young (Normal) (G1 Evacuation Pause) 246M->46M(340M) 9.205ms
[62.883s][info][gc,cpu         ] GC(417) User=0.01s Sys=0.00s Real=0.01s
[63.080s][info][gc,start       ] GC(418) Pause Young (Normal) (G1 Evacuation Pause)
[63.080s][info][gc,task        ] GC(418) Using 1 workers of 1 for evacuation
[63.090s][info][gc,phases      ] GC(418)   Pre Evacuate Collection Set: 0.0ms
[63.090s][info][gc,phases      ] GC(418)   Evacuate Collection Set: 8.3ms
[63.090s][info][gc,phases      ] GC(418)   Post Evacuate Collection Set: 0.6ms
[63.090s][info][gc,phases      ] GC(418)   Other: 0.4ms
[63.090s][info][gc,heap        ] GC(418) Eden regions: 200->0(228)
[63.090s][info][gc,heap        ] GC(418) Survivor regions: 4->4(26)
[63.090s][info][gc,heap        ] GC(418) Old regions: 38->38
[63.090s][info][gc,heap        ] GC(418) Humongous regions: 6->6
[63.090s][info][gc,metaspace   ] GC(418) Metaspace: 71221K->71221K(1114112K)
[63.090s][info][gc             ] GC(418) Pause Young (Normal) (G1 Evacuation Pause) 246M->46M(387M) 9.328ms
[63.090s][info][gc,cpu         ] GC(418) User=0.00s Sys=0.00s Real=0.00s
[63.758s][info][gc,start       ] GC(419) Pause Young (Normal) (G1 Evacuation Pause)
[63.758s][info][gc,task        ] GC(419) Using 1 workers of 1 for evacuation
[63.771s][info][gc,phases      ] GC(419)   Pre Evacuate Collection Set: 0.0ms
[63.771s][info][gc,phases      ] GC(419)   Evacuate Collection Set: 5.9ms
[63.771s][info][gc,phases      ] GC(419)   Post Evacuate Collection Set: 6.5ms
[63.771s][info][gc,phases      ] GC(419)   Other: 0.5ms
[63.771s][info][gc,heap        ] GC(419) Eden regions: 228->0(229)
[63.771s][info][gc,heap        ] GC(419) Survivor regions: 4->3(29)
[63.771s][info][gc,heap        ] GC(419) Old regions: 38->38
[63.771s][info][gc,heap        ] GC(419) Humongous regions: 41->6
[63.771s][info][gc,metaspace   ] GC(419) Metaspace: 71305K->71305K(1114112K)
[63.771s][info][gc             ] GC(419) Pause Young (Normal) (G1 Evacuation Pause) 309M->45M(387M) 12.941ms
[63.771s][info][gc,cpu         ] GC(419) User=0.01s Sys=0.00s Real=0.01s
[64.222s][info][gc,start       ] GC(420) Pause Young (Normal) (G1 Evacuation Pause)
[64.222s][info][gc,task        ] GC(420) Using 1 workers of 1 for evacuation
[64.229s][info][gc,phases      ] GC(420)   Pre Evacuate Collection Set: 0.0ms
[64.229s][info][gc,phases      ] GC(420)   Evacuate Collection Set: 5.7ms
[64.229s][info][gc,phases      ] GC(420)   Post Evacuate Collection Set: 0.4ms
[64.229s][info][gc,phases      ] GC(420)   Other: 0.4ms
[64.229s][info][gc,heap        ] GC(420) Eden regions: 229->0(228)
[64.229s][info][gc,heap        ] GC(420) Survivor regions: 3->4(29)
[64.229s][info][gc,heap        ] GC(420) Old regions: 38->39
[64.229s][info][gc,heap        ] GC(420) Humongous regions: 31->6
[64.229s][info][gc,metaspace   ] GC(420) Metaspace: 71373K->71373K(1114112K)
[64.229s][info][gc             ] GC(420) Pause Young (Normal) (G1 Evacuation Pause) 299M->47M(387M) 6.541ms
[64.229s][info][gc,cpu         ] GC(420) User=0.01s Sys=0.00s Real=0.00s
[64.443s][info][gc,start       ] GC(421) Pause Young (Normal) (G1 Evacuation Pause)
[64.443s][info][gc,task        ] GC(421) Using 1 workers of 1 for evacuation
[64.454s][info][gc,phases      ] GC(421)   Pre Evacuate Collection Set: 0.0ms
[64.455s][info][gc,phases      ] GC(421)   Evacuate Collection Set: 5.2ms
[64.455s][info][gc,phases      ] GC(421)   Post Evacuate Collection Set: 5.8ms
[64.455s][info][gc,phases      ] GC(421)   Other: 0.4ms
[64.455s][info][gc,heap        ] GC(421) Eden regions: 228->0(228)
[64.455s][info][gc,heap        ] GC(421) Survivor regions: 4->4(29)
[64.455s][info][gc,heap        ] GC(421) Old regions: 39->39
[64.455s][info][gc,heap        ] GC(421) Humongous regions: 6->6
[64.455s][info][gc,metaspace   ] GC(421) Metaspace: 71373K->71373K(1114112K)
[64.455s][info][gc             ] GC(421) Pause Young (Normal) (G1 Evacuation Pause) 275M->47M(387M) 11.429ms
[64.455s][info][gc,cpu         ] GC(421) User=0.01s Sys=0.00s Real=0.01s
[64.666s][info][gc,start       ] GC(422) Pause Young (Normal) (G1 Evacuation Pause)
[64.666s][info][gc,task        ] GC(422) Using 1 workers of 1 for evacuation
[64.675s][info][gc,phases      ] GC(422)   Pre Evacuate Collection Set: 0.0ms
[64.675s][info][gc,phases      ] GC(422)   Evacuate Collection Set: 5.4ms
[64.675s][info][gc,phases      ] GC(422)   Post Evacuate Collection Set: 3.0ms
[64.675s][info][gc,phases      ] GC(422)   Other: 0.4ms
[64.675s][info][gc,heap        ] GC(422) Eden regions: 228->0(228)
[64.675s][info][gc,heap        ] GC(422) Survivor regions: 4->4(29)
[64.675s][info][gc,heap        ] GC(422) Old regions: 39->39
[64.675s][info][gc,heap        ] GC(422) Humongous regions: 6->6
[64.675s][info][gc,metaspace   ] GC(422) Metaspace: 71373K->71373K(1114112K)
[64.675s][info][gc             ] GC(422) Pause Young (Normal) (G1 Evacuation Pause) 275M->46M(387M) 8.881ms
[64.675s][info][gc,cpu         ] GC(422) User=0.01s Sys=0.00s Real=0.01s
[64.899s][info][gc,start       ] GC(423) Pause Young (Normal) (G1 Evacuation Pause)
[64.899s][info][gc,task        ] GC(423) Using 1 workers of 1 for evacuation
[64.905s][info][gc,phases      ] GC(423)   Pre Evacuate Collection Set: 0.0ms
[64.905s][info][gc,phases      ] GC(423)   Evacuate Collection Set: 5.3ms
[64.905s][info][gc,phases      ] GC(423)   Post Evacuate Collection Set: 0.4ms
[64.905s][info][gc,phases      ] GC(423)   Other: 0.4ms
[64.905s][info][gc,heap        ] GC(423) Eden regions: 228->0(228)
[64.905s][info][gc,heap        ] GC(423) Survivor regions: 4->4(29)
[64.905s][info][gc,heap        ] GC(423) Old regions: 39->39
[64.905s][info][gc,heap        ] GC(423) Humongous regions: 6->6
[64.905s][info][gc,metaspace   ] GC(423) Metaspace: 71373K->71373K(1114112K)
[64.905s][info][gc             ] GC(423) Pause Young (Normal) (G1 Evacuation Pause) 274M->47M(387M) 6.070ms
[64.905s][info][gc,cpu         ] GC(423) User=0.00s Sys=0.00s Real=0.00s
[65.073s][info][gc,start       ] GC(424) Pause Young (Normal) (G1 Evacuation Pause)
[65.073s][info][gc,task        ] GC(424) Using 1 workers of 1 for evacuation
[65.079s][info][gc,phases      ] GC(424)   Pre Evacuate Collection Set: 0.0ms
[65.079s][info][gc,phases      ] GC(424)   Evacuate Collection Set: 5.4ms
[65.079s][info][gc,phases      ] GC(424)   Post Evacuate Collection Set: 0.3ms
[65.080s][info][gc,phases      ] GC(424)   Other: 0.4ms
[65.080s][info][gc,heap        ] GC(424) Eden regions: 228->0(228)
[65.080s][info][gc,heap        ] GC(424) Survivor regions: 4->4(29)
[65.080s][info][gc,heap        ] GC(424) Old regions: 39->39
[65.080s][info][gc,heap        ] GC(424) Humongous regions: 6->6
[65.080s][info][gc,metaspace   ] GC(424) Metaspace: 71373K->71373K(1114112K)
[65.080s][info][gc             ] GC(424) Pause Young (Normal) (G1 Evacuation Pause) 275M->46M(387M) 6.179ms
[65.080s][info][gc,cpu         ] GC(424) User=0.01s Sys=0.00s Real=0.01s
[65.228s][info][gc,start       ] GC(425) Pause Young (Normal) (G1 Evacuation Pause)
[65.228s][info][gc,task        ] GC(425) Using 1 workers of 1 for evacuation
[65.234s][info][gc,phases      ] GC(425)   Pre Evacuate Collection Set: 0.0ms
[65.235s][info][gc,phases      ] GC(425)   Evacuate Collection Set: 5.4ms
[65.235s][info][gc,phases      ] GC(425)   Post Evacuate Collection Set: 0.4ms
[65.235s][info][gc,phases      ] GC(425)   Other: 0.4ms
[65.235s][info][gc,heap        ] GC(425) Eden regions: 228->0(228)
[65.235s][info][gc,heap        ] GC(425) Survivor regions: 4->4(29)
[65.235s][info][gc,heap        ] GC(425) Old regions: 39->39
[65.235s][info][gc,heap        ] GC(425) Humongous regions: 6->6
[65.235s][info][gc,metaspace   ] GC(425) Metaspace: 71373K->71373K(1114112K)
[65.235s][info][gc             ] GC(425) Pause Young (Normal) (G1 Evacuation Pause) 274M->47M(387M) 6.204ms
[65.235s][info][gc,cpu         ] GC(425) User=0.01s Sys=0.00s Real=0.01s
[65.343s][info][gc,start       ] GC(426) Pause Young (Normal) (G1 Evacuation Pause)
[65.343s][info][gc,task        ] GC(426) Using 1 workers of 1 for evacuation
[65.349s][info][gc,phases      ] GC(426)   Pre Evacuate Collection Set: 0.0ms
[65.349s][info][gc,phases      ] GC(426)   Evacuate Collection Set: 5.5ms
[65.349s][info][gc,phases      ] GC(426)   Post Evacuate Collection Set: 0.4ms
[65.349s][info][gc,phases      ] GC(426)   Other: 0.3ms
[65.349s][info][gc,heap        ] GC(426) Eden regions: 228->0(228)
[65.349s][info][gc,heap        ] GC(426) Survivor regions: 4->4(29)
[65.349s][info][gc,heap        ] GC(426) Old regions: 39->39
[65.349s][info][gc,heap        ] GC(426) Humongous regions: 6->6
[65.349s][info][gc,metaspace   ] GC(426) Metaspace: 71373K->71373K(1114112K)
[65.349s][info][gc             ] GC(426) Pause Young (Normal) (G1 Evacuation Pause) 275M->47M(387M) 6.215ms
[65.349s][info][gc,cpu         ] GC(426) User=0.00s Sys=0.00s Real=0.00s
[65.457s][info][gc,start       ] GC(427) Pause Young (Normal) (G1 Evacuation Pause)
[65.458s][info][gc,task        ] GC(427) Using 1 workers of 1 for evacuation
[65.464s][info][gc,phases      ] GC(427)   Pre Evacuate Collection Set: 0.0ms
[65.464s][info][gc,phases      ] GC(427)   Evacuate Collection Set: 5.5ms
[65.464s][info][gc,phases      ] GC(427)   Post Evacuate Collection Set: 0.4ms
[65.464s][info][gc,phases      ] GC(427)   Other: 0.3ms
[65.464s][info][gc,heap        ] GC(427) Eden regions: 228->0(228)
[65.464s][info][gc,heap        ] GC(427) Survivor regions: 4->4(29)
[65.464s][info][gc,heap        ] GC(427) Old regions: 39->39
[65.464s][info][gc,heap        ] GC(427) Humongous regions: 6->6
[65.464s][info][gc,metaspace   ] GC(427) Metaspace: 71374K->71374K(1114112K)
[65.464s][info][gc             ] GC(427) Pause Young (Normal) (G1 Evacuation Pause) 275M->47M(387M) 6.252ms
[65.464s][info][gc,cpu         ] GC(427) User=0.01s Sys=0.00s Real=0.01s
[65.893s][info][gc,start       ] GC(428) Pause Young (Normal) (G1 Evacuation Pause)
[65.893s][info][gc,task        ] GC(428) Using 1 workers of 1 for evacuation
[65.899s][info][gc,phases      ] GC(428)   Pre Evacuate Collection Set: 0.0ms
[65.900s][info][gc,phases      ] GC(428)   Evacuate Collection Set: 5.8ms
[65.900s][info][gc,phases      ] GC(428)   Post Evacuate Collection Set: 0.4ms
[65.900s][info][gc,phases      ] GC(428)   Other: 0.4ms
[65.900s][info][gc,heap        ] GC(428) Eden regions: 228->0(227)
[65.900s][info][gc,heap        ] GC(428) Survivor regions: 4->5(29)
[65.900s][info][gc,heap        ] GC(428) Old regions: 39->39
[65.900s][info][gc,heap        ] GC(428) Humongous regions: 21->6
[65.900s][info][gc,metaspace   ] GC(428) Metaspace: 71405K->71405K(1114112K)
[65.900s][info][gc             ] GC(428) Pause Young (Normal) (G1 Evacuation Pause) 290M->47M(387M) 6.725ms
[65.900s][info][gc,cpu         ] GC(428) User=0.01s Sys=0.00s Real=0.01s
[66.266s][info][gc,start       ] GC(429) Pause Young (Normal) (G1 Evacuation Pause)
[66.266s][info][gc,task        ] GC(429) Using 1 workers of 1 for evacuation
[66.275s][info][gc,phases      ] GC(429)   Pre Evacuate Collection Set: 0.0ms
[66.275s][info][gc,phases      ] GC(429)   Evacuate Collection Set: 6.7ms
[66.275s][info][gc,phases      ] GC(429)   Post Evacuate Collection Set: 1.6ms
[66.275s][info][gc,phases      ] GC(429)   Other: 0.4ms
[66.275s][info][gc,heap        ] GC(429) Eden regions: 227->0(228)
[66.275s][info][gc,heap        ] GC(429) Survivor regions: 5->4(29)
[66.275s][info][gc,heap        ] GC(429) Old regions: 39->40
[66.275s][info][gc,heap        ] GC(429) Humongous regions: 16->6
[66.275s][info][gc,metaspace   ] GC(429) Metaspace: 71439K->71439K(1114112K)
[66.275s][info][gc             ] GC(429) Pause Young (Normal) (G1 Evacuation Pause) 284M->48M(387M) 8.747ms
[66.275s][info][gc,cpu         ] GC(429) User=0.01s Sys=0.00s Real=0.01s
[66.386s][info][gc,start       ] GC(430) Pause Young (Normal) (G1 Evacuation Pause)
[66.386s][info][gc,task        ] GC(430) Using 1 workers of 1 for evacuation
[66.391s][info][gc,phases      ] GC(430)   Pre Evacuate Collection Set: 0.0ms
[66.391s][info][gc,phases      ] GC(430)   Evacuate Collection Set: 4.7ms
[66.391s][info][gc,phases      ] GC(430)   Post Evacuate Collection Set: 0.4ms
[66.391s][info][gc,phases      ] GC(430)   Other: 0.3ms
[66.391s][info][gc,heap        ] GC(430) Eden regions: 228->0(228)
[66.391s][info][gc,heap        ] GC(430) Survivor regions: 4->4(29)
[66.391s][info][gc,heap        ] GC(430) Old regions: 40->40
[66.391s][info][gc,heap        ] GC(430) Humongous regions: 6->6
[66.391s][info][gc,metaspace   ] GC(430) Metaspace: 71442K->71442K(1114112K)
[66.391s][info][gc             ] GC(430) Pause Young (Normal) (G1 Evacuation Pause) 276M->48M(387M) 5.451ms
[66.391s][info][gc,cpu         ] GC(430) User=0.01s Sys=0.00s Real=0.01s
[66.499s][info][gc,start       ] GC(431) Pause Young (Normal) (G1 Evacuation Pause)
[66.499s][info][gc,task        ] GC(431) Using 1 workers of 1 for evacuation
[66.504s][info][gc,phases      ] GC(431)   Pre Evacuate Collection Set: 0.0ms
[66.504s][info][gc,phases      ] GC(431)   Evacuate Collection Set: 4.2ms
[66.504s][info][gc,phases      ] GC(431)   Post Evacuate Collection Set: 0.4ms
[66.504s][info][gc,phases      ] GC(431)   Other: 0.3ms
[66.504s][info][gc,heap        ] GC(431) Eden regions: 228->0(228)
[66.504s][info][gc,heap        ] GC(431) Survivor regions: 4->4(29)
[66.504s][info][gc,heap        ] GC(431) Old regions: 40->40
[66.504s][info][gc,heap        ] GC(431) Humongous regions: 6->6
[66.504s][info][gc,metaspace   ] GC(431) Metaspace: 71442K->71442K(1114112K)
[66.504s][info][gc             ] GC(431) Pause Young (Normal) (G1 Evacuation Pause) 276M->48M(387M) 5.023ms
[66.504s][info][gc,cpu         ] GC(431) User=0.01s Sys=0.00s Real=0.00s
[66.623s][info][gc,start       ] GC(432) Pause Young (Normal) (G1 Evacuation Pause)
[66.623s][info][gc,task        ] GC(432) Using 1 workers of 1 for evacuation
[66.628s][info][gc,phases      ] GC(432)   Pre Evacuate Collection Set: 0.0ms
[66.628s][info][gc,phases      ] GC(432)   Evacuate Collection Set: 4.4ms
[66.628s][info][gc,phases      ] GC(432)   Post Evacuate Collection Set: 0.4ms
[66.628s][info][gc,phases      ] GC(432)   Other: 0.3ms
[66.628s][info][gc,heap        ] GC(432) Eden regions: 228->0(228)
[66.628s][info][gc,heap        ] GC(432) Survivor regions: 4->4(29)
[66.628s][info][gc,heap        ] GC(432) Old regions: 40->40
[66.628s][info][gc,heap        ] GC(432) Humongous regions: 6->6
[66.628s][info][gc,metaspace   ] GC(432) Metaspace: 71442K->71442K(1114112K)
[66.628s][info][gc             ] GC(432) Pause Young (Normal) (G1 Evacuation Pause) 276M->48M(387M) 5.088ms
[66.628s][info][gc,cpu         ] GC(432) User=0.00s Sys=0.00s Real=0.00s
[66.741s][info][gc,start       ] GC(433) Pause Young (Normal) (G1 Evacuation Pause)
[66.741s][info][gc,task        ] GC(433) Using 1 workers of 1 for evacuation
[66.748s][info][gc,phases      ] GC(433)   Pre Evacuate Collection Set: 0.0ms
[66.748s][info][gc,phases      ] GC(433)   Evacuate Collection Set: 6.1ms
[66.748s][info][gc,phases      ] GC(433)   Post Evacuate Collection Set: 0.4ms
[66.748s][info][gc,phases      ] GC(433)   Other: 0.3ms
[66.748s][info][gc,heap        ] GC(433) Eden regions: 228->0(228)
[66.748s][info][gc,heap        ] GC(433) Survivor regions: 4->4(29)
[66.748s][info][gc,heap        ] GC(433) Old regions: 40->40
[66.748s][info][gc,heap        ] GC(433) Humongous regions: 6->6
[66.748s][info][gc,metaspace   ] GC(433) Metaspace: 71442K->71442K(1114112K)
[66.748s][info][gc             ] GC(433) Pause Young (Normal) (G1 Evacuation Pause) 276M->48M(387M) 6.931ms
[66.748s][info][gc,cpu         ] GC(433) User=0.01s Sys=0.00s Real=0.00s
[66.856s][info][gc,start       ] GC(434) Pause Young (Normal) (G1 Evacuation Pause)
[66.856s][info][gc,task        ] GC(434) Using 1 workers of 1 for evacuation
[66.861s][info][gc,phases      ] GC(434)   Pre Evacuate Collection Set: 0.0ms
[66.861s][info][gc,phases      ] GC(434)   Evacuate Collection Set: 4.2ms
[66.861s][info][gc,phases      ] GC(434)   Post Evacuate Collection Set: 0.4ms
[66.861s][info][gc,phases      ] GC(434)   Other: 0.4ms
[66.861s][info][gc,heap        ] GC(434) Eden regions: 228->0(229)
[66.861s][info][gc,heap        ] GC(434) Survivor regions: 4->3(29)
[66.861s][info][gc,heap        ] GC(434) Old regions: 40->41
[66.861s][info][gc,heap        ] GC(434) Humongous regions: 6->6
[66.861s][info][gc,metaspace   ] GC(434) Metaspace: 71442K->71442K(1114112K)
[66.861s][info][gc             ] GC(434) Pause Young (Normal) (G1 Evacuation Pause) 276M->48M(387M) 5.058ms
[66.861s][info][gc,cpu         ] GC(434) User=0.00s Sys=0.00s Real=0.01s
[66.968s][info][gc,start       ] GC(435) Pause Young (Normal) (G1 Evacuation Pause)
[66.968s][info][gc,task        ] GC(435) Using 1 workers of 1 for evacuation
[66.972s][info][gc,phases      ] GC(435)   Pre Evacuate Collection Set: 0.0ms
[66.972s][info][gc,phases      ] GC(435)   Evacuate Collection Set: 3.9ms
[66.972s][info][gc,phases      ] GC(435)   Post Evacuate Collection Set: 0.4ms
[66.972s][info][gc,phases      ] GC(435)   Other: 0.3ms
[66.972s][info][gc,heap        ] GC(435) Eden regions: 229->0(230)
[66.972s][info][gc,heap        ] GC(435) Survivor regions: 3->2(29)
[66.972s][info][gc,heap        ] GC(435) Old regions: 41->43
[66.972s][info][gc,heap        ] GC(435) Humongous regions: 6->6
[66.972s][info][gc,metaspace   ] GC(435) Metaspace: 71442K->71442K(1114112K)
[66.972s][info][gc             ] GC(435) Pause Young (Normal) (G1 Evacuation Pause) 277M->48M(387M) 4.673ms
[66.972s][info][gc,cpu         ] GC(435) User=0.00s Sys=0.00s Real=0.01s
[67.079s][info][gc,start       ] GC(436) Pause Young (Normal) (G1 Evacuation Pause)
[67.079s][info][gc,task        ] GC(436) Using 1 workers of 1 for evacuation
[67.083s][info][gc,phases      ] GC(436)   Pre Evacuate Collection Set: 0.0ms
[67.083s][info][gc,phases      ] GC(436)   Evacuate Collection Set: 3.4ms
[67.083s][info][gc,phases      ] GC(436)   Post Evacuate Collection Set: 0.4ms
[67.083s][info][gc,phases      ] GC(436)   Other: 0.3ms
[67.083s][info][gc,heap        ] GC(436) Eden regions: 230->0(230)
[67.083s][info][gc,heap        ] GC(436) Survivor regions: 2->2(29)
[67.083s][info][gc,heap        ] GC(436) Old regions: 43->43
[67.083s][info][gc,heap        ] GC(436) Humongous regions: 6->6
[67.083s][info][gc,metaspace   ] GC(436) Metaspace: 71442K->71442K(1114112K)
[67.083s][info][gc             ] GC(436) Pause Young (Normal) (G1 Evacuation Pause) 278M->48M(387M) 4.119ms
[67.083s][info][gc,cpu         ] GC(436) User=0.00s Sys=0.00s Real=0.00s
[67.190s][info][gc,start       ] GC(437) Pause Young (Normal) (G1 Evacuation Pause)
[67.190s][info][gc,task        ] GC(437) Using 1 workers of 1 for evacuation
[67.194s][info][gc,phases      ] GC(437)   Pre Evacuate Collection Set: 0.0ms
[67.194s][info][gc,phases      ] GC(437)   Evacuate Collection Set: 3.3ms
[67.194s][info][gc,phases      ] GC(437)   Post Evacuate Collection Set: 0.3ms
[67.194s][info][gc,phases      ] GC(437)   Other: 0.3ms
[67.194s][info][gc,heap        ] GC(437) Eden regions: 230->0(230)
[67.194s][info][gc,heap        ] GC(437) Survivor regions: 2->2(29)
[67.194s][info][gc,heap        ] GC(437) Old regions: 43->43
[67.194s][info][gc,heap        ] GC(437) Humongous regions: 6->6
[67.194s][info][gc,metaspace   ] GC(437) Metaspace: 71442K->71442K(1114112K)
[67.194s][info][gc             ] GC(437) Pause Young (Normal) (G1 Evacuation Pause) 278M->48M(387M) 4.040ms
[67.194s][info][gc,cpu         ] GC(437) User=0.00s Sys=0.00s Real=0.01s
[67.430s][info][gc,start       ] GC(438) Pause Young (Normal) (G1 Evacuation Pause)
[67.430s][info][gc,task        ] GC(438) Using 1 workers of 1 for evacuation
[67.434s][info][gc,phases      ] GC(438)   Pre Evacuate Collection Set: 0.0ms
[67.434s][info][gc,phases      ] GC(438)   Evacuate Collection Set: 3.4ms
[67.434s][info][gc,phases      ] GC(438)   Post Evacuate Collection Set: 0.3ms
[67.434s][info][gc,phases      ] GC(438)   Other: 0.4ms
[67.434s][info][gc,heap        ] GC(438) Eden regions: 230->0(230)
[67.434s][info][gc,heap        ] GC(438) Survivor regions: 2->2(29)
[67.434s][info][gc,heap        ] GC(438) Old regions: 43->43
[67.434s][info][gc,heap        ] GC(438) Humongous regions: 11->6
[67.434s][info][gc,metaspace   ] GC(438) Metaspace: 71447K->71447K(1114112K)
[67.434s][info][gc             ] GC(438) Pause Young (Normal) (G1 Evacuation Pause) 283M->48M(387M) 4.198ms
[67.434s][info][gc,cpu         ] GC(438) User=0.00s Sys=0.00s Real=0.00s
[67.660s][info][gc,start       ] GC(439) Pause Young (Normal) (G1 Evacuation Pause)
[67.660s][info][gc,task        ] GC(439) Using 1 workers of 1 for evacuation
[67.664s][info][gc,phases      ] GC(439)   Pre Evacuate Collection Set: 0.0ms
[67.664s][info][gc,phases      ] GC(439)   Evacuate Collection Set: 3.4ms
[67.664s][info][gc,phases      ] GC(439)   Post Evacuate Collection Set: 0.3ms
[67.664s][info][gc,phases      ] GC(439)   Other: 0.4ms
[67.664s][info][gc,heap        ] GC(439) Eden regions: 230->0(230)
[67.664s][info][gc,heap        ] GC(439) Survivor regions: 2->2(29)
[67.664s][info][gc,heap        ] GC(439) Old regions: 43->43
[67.664s][info][gc,heap        ] GC(439) Humongous regions: 6->6
[67.664s][info][gc,metaspace   ] GC(439) Metaspace: 71458K->71458K(1114112K)
[67.664s][info][gc             ] GC(439) Pause Young (Normal) (G1 Evacuation Pause) 278M->48M(387M) 4.174ms
[67.664s][info][gc,cpu         ] GC(439) User=0.01s Sys=0.00s Real=0.00s
[67.885s][info][gc,start       ] GC(440) Pause Young (Normal) (G1 Evacuation Pause)
[67.885s][info][gc,task        ] GC(440) Using 1 workers of 1 for evacuation
[67.891s][info][gc,phases      ] GC(440)   Pre Evacuate Collection Set: 0.0ms
[67.891s][info][gc,phases      ] GC(440)   Evacuate Collection Set: 3.2ms
[67.891s][info][gc,phases      ] GC(440)   Post Evacuate Collection Set: 1.8ms
[67.891s][info][gc,phases      ] GC(440)   Other: 0.4ms
[67.891s][info][gc,heap        ] GC(440) Eden regions: 230->0(230)
[67.891s][info][gc,heap        ] GC(440) Survivor regions: 2->2(29)
[67.891s][info][gc,heap        ] GC(440) Old regions: 43->43
[67.891s][info][gc,heap        ] GC(440) Humongous regions: 6->6
[67.891s][info][gc,metaspace   ] GC(440) Metaspace: 71458K->71458K(1114112K)
[67.891s][info][gc             ] GC(440) Pause Young (Normal) (G1 Evacuation Pause) 278M->48M(387M) 5.458ms
[67.891s][info][gc,cpu         ] GC(440) User=0.01s Sys=0.00s Real=0.01s
[68.002s][info][gc,start       ] GC(441) Pause Young (Normal) (G1 Evacuation Pause)
[68.002s][info][gc,task        ] GC(441) Using 1 workers of 1 for evacuation
[68.006s][info][gc,phases      ] GC(441)   Pre Evacuate Collection Set: 0.0ms
[68.006s][info][gc,phases      ] GC(441)   Evacuate Collection Set: 3.2ms
[68.006s][info][gc,phases      ] GC(441)   Post Evacuate Collection Set: 0.3ms
[68.006s][info][gc,phases      ] GC(441)   Other: 0.4ms
[68.006s][info][gc,heap        ] GC(441) Eden regions: 230->0(230)
[68.006s][info][gc,heap        ] GC(441) Survivor regions: 2->2(29)
[68.006s][info][gc,heap        ] GC(441) Old regions: 43->43
[68.006s][info][gc,heap        ] GC(441) Humongous regions: 6->6
[68.006s][info][gc,metaspace   ] GC(441) Metaspace: 71458K->71458K(1114112K)
[68.006s][info][gc             ] GC(441) Pause Young (Normal) (G1 Evacuation Pause) 278M->48M(387M) 3.957ms
[68.006s][info][gc,cpu         ] GC(441) User=0.00s Sys=0.00s Real=0.00s
[68.114s][info][gc,start       ] GC(442) Pause Young (Normal) (G1 Evacuation Pause)
[68.114s][info][gc,task        ] GC(442) Using 1 workers of 1 for evacuation
[68.118s][info][gc,phases      ] GC(442)   Pre Evacuate Collection Set: 0.0ms
[68.118s][info][gc,phases      ] GC(442)   Evacuate Collection Set: 3.1ms
[68.118s][info][gc,phases      ] GC(442)   Post Evacuate Collection Set: 0.4ms
[68.118s][info][gc,phases      ] GC(442)   Other: 0.3ms
[68.118s][info][gc,heap        ] GC(442) Eden regions: 230->0(230)
[68.118s][info][gc,heap        ] GC(442) Survivor regions: 2->2(29)
[68.118s][info][gc,heap        ] GC(442) Old regions: 43->43
[68.118s][info][gc,heap        ] GC(442) Humongous regions: 6->6
[68.118s][info][gc,metaspace   ] GC(442) Metaspace: 71458K->71458K(1114112K)
[68.118s][info][gc             ] GC(442) Pause Young (Normal) (G1 Evacuation Pause) 278M->48M(387M) 3.855ms
[68.118s][info][gc,cpu         ] GC(442) User=0.00s Sys=0.00s Real=0.01s
[68.228s][info][gc,start       ] GC(443) Pause Young (Normal) (G1 Evacuation Pause)
[68.228s][info][gc,task        ] GC(443) Using 1 workers of 1 for evacuation
[68.232s][info][gc,phases      ] GC(443)   Pre Evacuate Collection Set: 0.0ms
[68.232s][info][gc,phases      ] GC(443)   Evacuate Collection Set: 3.3ms
[68.232s][info][gc,phases      ] GC(443)   Post Evacuate Collection Set: 0.3ms
[68.232s][info][gc,phases      ] GC(443)   Other: 0.3ms
[68.232s][info][gc,heap        ] GC(443) Eden regions: 230->0(231)
[68.232s][info][gc,heap        ] GC(443) Survivor regions: 2->1(29)
[68.232s][info][gc,heap        ] GC(443) Old regions: 43->43
[68.232s][info][gc,heap        ] GC(443) Humongous regions: 6->6
[68.232s][info][gc,metaspace   ] GC(443) Metaspace: 71458K->71458K(1114112K)
[68.232s][info][gc             ] GC(443) Pause Young (Normal) (G1 Evacuation Pause) 278M->48M(387M) 4.009ms
[68.232s][info][gc,cpu         ] GC(443) User=0.01s Sys=0.00s Real=0.01s
[68.344s][info][gc,start       ] GC(444) Pause Young (Normal) (G1 Evacuation Pause)
[68.344s][info][gc,task        ] GC(444) Using 1 workers of 1 for evacuation
[68.348s][info][gc,phases      ] GC(444)   Pre Evacuate Collection Set: 0.0ms
[68.348s][info][gc,phases      ] GC(444)   Evacuate Collection Set: 3.0ms
[68.348s][info][gc,phases      ] GC(444)   Post Evacuate Collection Set: 0.4ms
[68.348s][info][gc,phases      ] GC(444)   Other: 0.4ms
[68.348s][info][gc,heap        ] GC(444) Eden regions: 231->0(231)
[68.348s][info][gc,heap        ] GC(444) Survivor regions: 1->1(29)
[68.348s][info][gc,heap        ] GC(444) Old regions: 43->44
[68.348s][info][gc,heap        ] GC(444) Humongous regions: 6->6
[68.348s][info][gc,metaspace   ] GC(444) Metaspace: 71458K->71458K(1114112K)
[68.348s][info][gc             ] GC(444) Pause Young (Normal) (G1 Evacuation Pause) 279M->48M(387M) 3.877ms
[68.348s][info][gc,cpu         ] GC(444) User=0.00s Sys=0.00s Real=0.00s
[68.464s][info][gc,start       ] GC(445) Pause Young (Normal) (G1 Evacuation Pause)
[68.464s][info][gc,task        ] GC(445) Using 1 workers of 1 for evacuation
[68.467s][info][gc,phases      ] GC(445)   Pre Evacuate Collection Set: 0.0ms
[68.467s][info][gc,phases      ] GC(445)   Evacuate Collection Set: 2.6ms
[68.467s][info][gc,phases      ] GC(445)   Post Evacuate Collection Set: 0.3ms
[68.467s][info][gc,phases      ] GC(445)   Other: 0.3ms
[68.467s][info][gc,heap        ] GC(445) Eden regions: 231->0(231)
[68.467s][info][gc,heap        ] GC(445) Survivor regions: 1->1(29)
[68.467s][info][gc,heap        ] GC(445) Old regions: 44->44
[68.467s][info][gc,heap        ] GC(445) Humongous regions: 6->6
[68.467s][info][gc,metaspace   ] GC(445) Metaspace: 71458K->71458K(1114112K)
[68.467s][info][gc             ] GC(445) Pause Young (Normal) (G1 Evacuation Pause) 279M->48M(387M) 3.302ms
[68.467s][info][gc,cpu         ] GC(445) User=0.00s Sys=0.00s Real=0.00s
[68.640s][info][gc,start       ] GC(446) Pause Young (Normal) (G1 Evacuation Pause)
[68.640s][info][gc,task        ] GC(446) Using 1 workers of 1 for evacuation
[68.643s][info][gc,phases      ] GC(446)   Pre Evacuate Collection Set: 0.0ms
[68.643s][info][gc,phases      ] GC(446)   Evacuate Collection Set: 2.7ms
[68.643s][info][gc,phases      ] GC(446)   Post Evacuate Collection Set: 0.3ms
[68.643s][info][gc,phases      ] GC(446)   Other: 0.3ms
[68.643s][info][gc,heap        ] GC(446) Eden regions: 231->0(231)
[68.643s][info][gc,heap        ] GC(446) Survivor regions: 1->1(29)
[68.643s][info][gc,heap        ] GC(446) Old regions: 44->44
[68.643s][info][gc,heap        ] GC(446) Humongous regions: 11->6
[68.643s][info][gc,metaspace   ] GC(446) Metaspace: 71464K->71464K(1114112K)
[68.643s][info][gc             ] GC(446) Pause Young (Normal) (G1 Evacuation Pause) 284M->49M(387M) 3.425ms
[68.643s][info][gc,cpu         ] GC(446) User=0.01s Sys=0.00s Real=0.00s
[68.793s][info][gc,start       ] GC(447) Pause Young (Normal) (G1 Evacuation Pause)
[68.794s][info][gc,task        ] GC(447) Using 1 workers of 1 for evacuation
[68.797s][info][gc,phases      ] GC(447)   Pre Evacuate Collection Set: 0.0ms
[68.797s][info][gc,phases      ] GC(447)   Evacuate Collection Set: 2.6ms
[68.797s][info][gc,phases      ] GC(447)   Post Evacuate Collection Set: 0.4ms
[68.797s][info][gc,phases      ] GC(447)   Other: 0.8ms
[68.797s][info][gc,heap        ] GC(447) Eden regions: 231->0(231)
[68.797s][info][gc,heap        ] GC(447) Survivor regions: 1->1(29)
[68.797s][info][gc,heap        ] GC(447) Old regions: 44->44
[68.797s][info][gc,heap        ] GC(447) Humongous regions: 6->6
[68.797s][info][gc,metaspace   ] GC(447) Metaspace: 71464K->71464K(1114112K)
[68.797s][info][gc             ] GC(447) Pause Young (Normal) (G1 Evacuation Pause) 280M->49M(387M) 3.771ms
[68.797s][info][gc,cpu         ] GC(447) User=0.00s Sys=0.00s Real=0.00s
[68.907s][info][gc,start       ] GC(448) Pause Young (Normal) (G1 Evacuation Pause)
[68.907s][info][gc,task        ] GC(448) Using 1 workers of 1 for evacuation
[68.910s][info][gc,phases      ] GC(448)   Pre Evacuate Collection Set: 0.0ms
[68.910s][info][gc,phases      ] GC(448)   Evacuate Collection Set: 2.5ms
[68.910s][info][gc,phases      ] GC(448)   Post Evacuate Collection Set: 0.3ms
[68.910s][info][gc,phases      ] GC(448)   Other: 0.3ms
[68.910s][info][gc,heap        ] GC(448) Eden regions: 231->0(231)
[68.910s][info][gc,heap        ] GC(448) Survivor regions: 1->1(29)
[68.910s][info][gc,heap        ] GC(448) Old regions: 44->44
[68.910s][info][gc,heap        ] GC(448) Humongous regions: 6->6
[68.910s][info][gc,metaspace   ] GC(448) Metaspace: 71464K->71464K(1114112K)
[68.910s][info][gc             ] GC(448) Pause Young (Normal) (G1 Evacuation Pause) 280M->49M(387M) 3.187ms
[68.910s][info][gc,cpu         ] GC(448) User=0.00s Sys=0.00s Real=0.00s
[69.018s][info][gc,start       ] GC(449) Pause Young (Normal) (G1 Evacuation Pause)
[69.018s][info][gc,task        ] GC(449) Using 1 workers of 1 for evacuation
[69.021s][info][gc,phases      ] GC(449)   Pre Evacuate Collection Set: 0.0ms
[69.021s][info][gc,phases      ] GC(449)   Evacuate Collection Set: 2.5ms
[69.021s][info][gc,phases      ] GC(449)   Post Evacuate Collection Set: 0.3ms
[69.021s][info][gc,phases      ] GC(449)   Other: 0.3ms
[69.021s][info][gc,heap        ] GC(449) Eden regions: 231->0(231)
[69.021s][info][gc,heap        ] GC(449) Survivor regions: 1->1(29)
[69.021s][info][gc,heap        ] GC(449) Old regions: 44->44
[69.021s][info][gc,heap        ] GC(449) Humongous regions: 6->6
[69.021s][info][gc,metaspace   ] GC(449) Metaspace: 71464K->71464K(1114112K)
[69.021s][info][gc             ] GC(449) Pause Young (Normal) (G1 Evacuation Pause) 280M->49M(387M) 3.165ms
[69.021s][info][gc,cpu         ] GC(449) User=0.00s Sys=0.00s Real=0.00s
[69.129s][info][gc,start       ] GC(450) Pause Young (Normal) (G1 Evacuation Pause)
[69.129s][info][gc,task        ] GC(450) Using 1 workers of 1 for evacuation
[69.133s][info][gc,phases      ] GC(450)   Pre Evacuate Collection Set: 0.0ms
[69.133s][info][gc,phases      ] GC(450)   Evacuate Collection Set: 2.5ms
[69.133s][info][gc,phases      ] GC(450)   Post Evacuate Collection Set: 0.5ms
[69.133s][info][gc,phases      ] GC(450)   Other: 0.4ms
[69.133s][info][gc,heap        ] GC(450) Eden regions: 231->0(231)
[69.133s][info][gc,heap        ] GC(450) Survivor regions: 1->1(29)
[69.133s][info][gc,heap        ] GC(450) Old regions: 44->44
[69.133s][info][gc,heap        ] GC(450) Humongous regions: 6->6
[69.133s][info][gc,metaspace   ] GC(450) Metaspace: 71464K->71464K(1114112K)
[69.133s][info][gc             ] GC(450) Pause Young (Normal) (G1 Evacuation Pause) 280M->49M(387M) 3.386ms
[69.133s][info][gc,cpu         ] GC(450) User=0.00s Sys=0.00s Real=0.01s
[69.243s][info][gc,start       ] GC(451) Pause Young (Normal) (G1 Evacuation Pause)
[69.243s][info][gc,task        ] GC(451) Using 1 workers of 1 for evacuation
[69.247s][info][gc,phases      ] GC(451)   Pre Evacuate Collection Set: 0.0ms
[69.247s][info][gc,phases      ] GC(451)   Evacuate Collection Set: 2.7ms
[69.247s][info][gc,phases      ] GC(451)   Post Evacuate Collection Set: 0.3ms
[69.247s][info][gc,phases      ] GC(451)   Other: 0.4ms
[69.247s][info][gc,heap        ] GC(451) Eden regions: 231->0(231)
[69.247s][info][gc,heap        ] GC(451) Survivor regions: 1->1(29)
[69.247s][info][gc,heap        ] GC(451) Old regions: 44->44
[69.247s][info][gc,heap        ] GC(451) Humongous regions: 6->6
[69.247s][info][gc,metaspace   ] GC(451) Metaspace: 71464K->71464K(1114112K)
[69.247s][info][gc             ] GC(451) Pause Young (Normal) (G1 Evacuation Pause) 280M->49M(387M) 3.443ms
[69.247s][info][gc,cpu         ] GC(451) User=0.01s Sys=0.00s Real=0.00s
[69.353s][info][gc,start       ] GC(452) Pause Young (Normal) (G1 Evacuation Pause)
[69.354s][info][gc,task        ] GC(452) Using 1 workers of 1 for evacuation
[69.357s][info][gc,phases      ] GC(452)   Pre Evacuate Collection Set: 0.0ms
[69.357s][info][gc,phases      ] GC(452)   Evacuate Collection Set: 2.5ms
[69.357s][info][gc,phases      ] GC(452)   Post Evacuate Collection Set: 0.4ms
[69.357s][info][gc,phases      ] GC(452)   Other: 0.4ms
[69.357s][info][gc,heap        ] GC(452) Eden regions: 231->0(231)
[69.357s][info][gc,heap        ] GC(452) Survivor regions: 1->1(29)
[69.357s][info][gc,heap        ] GC(452) Old regions: 44->44
[69.357s][info][gc,heap        ] GC(452) Humongous regions: 6->6
[69.357s][info][gc,metaspace   ] GC(452) Metaspace: 71464K->71464K(1114112K)
[69.357s][info][gc             ] GC(452) Pause Young (Normal) (G1 Evacuation Pause) 280M->49M(387M) 3.271ms
[69.357s][info][gc,cpu         ] GC(452) User=0.01s Sys=0.00s Real=0.00s
[69.487s][info][gc,start       ] GC(453) Pause Young (Normal) (G1 Evacuation Pause)
[69.487s][info][gc,task        ] GC(453) Using 1 workers of 1 for evacuation
[69.490s][info][gc,phases      ] GC(453)   Pre Evacuate Collection Set: 0.0ms
[69.490s][info][gc,phases      ] GC(453)   Evacuate Collection Set: 2.5ms
[69.490s][info][gc,phases      ] GC(453)   Post Evacuate Collection Set: 0.4ms
[69.490s][info][gc,phases      ] GC(453)   Other: 0.3ms
[69.490s][info][gc,heap        ] GC(453) Eden regions: 231->0(231)
[69.490s][info][gc,heap        ] GC(453) Survivor regions: 1->1(29)
[69.490s][info][gc,heap        ] GC(453) Old regions: 44->44
[69.490s][info][gc,heap        ] GC(453) Humongous regions: 6->6
[69.490s][info][gc,metaspace   ] GC(453) Metaspace: 71464K->71464K(1114112K)
[69.490s][info][gc             ] GC(453) Pause Young (Normal) (G1 Evacuation Pause) 280M->48M(387M) 3.286ms
[69.490s][info][gc,cpu         ] GC(453) User=0.00s Sys=0.00s Real=0.01s
[69.597s][info][gc,start       ] GC(454) Pause Young (Normal) (G1 Evacuation Pause)
[69.597s][info][gc,task        ] GC(454) Using 1 workers of 1 for evacuation
[69.600s][info][gc,phases      ] GC(454)   Pre Evacuate Collection Set: 0.0ms
[69.600s][info][gc,phases      ] GC(454)   Evacuate Collection Set: 2.5ms
[69.600s][info][gc,phases      ] GC(454)   Post Evacuate Collection Set: 0.3ms
[69.600s][info][gc,phases      ] GC(454)   Other: 0.3ms
[69.600s][info][gc,heap        ] GC(454) Eden regions: 231->0(231)
[69.600s][info][gc,heap        ] GC(454) Survivor regions: 1->1(29)
[69.600s][info][gc,heap        ] GC(454) Old regions: 44->44
[69.600s][info][gc,heap        ] GC(454) Humongous regions: 6->6
[69.600s][info][gc,metaspace   ] GC(454) Metaspace: 71464K->71464K(1114112K)
[69.600s][info][gc             ] GC(454) Pause Young (Normal) (G1 Evacuation Pause) 279M->48M(387M) 3.149ms
[69.600s][info][gc,cpu         ] GC(454) User=0.00s Sys=0.00s Real=0.01s
[69.759s][info][gc,start       ] GC(455) Pause Young (Normal) (G1 Evacuation Pause)
[69.759s][info][gc,task        ] GC(455) Using 1 workers of 1 for evacuation
[69.762s][info][gc,phases      ] GC(455)   Pre Evacuate Collection Set: 0.0ms
[69.762s][info][gc,phases      ] GC(455)   Evacuate Collection Set: 2.4ms
[69.762s][info][gc,phases      ] GC(455)   Post Evacuate Collection Set: 0.3ms
[69.762s][info][gc,phases      ] GC(455)   Other: 0.3ms
[69.762s][info][gc,heap        ] GC(455) Eden regions: 231->0(231)
[69.762s][info][gc,heap        ] GC(455) Survivor regions: 1->1(29)
[69.762s][info][gc,heap        ] GC(455) Old regions: 44->44
[69.762s][info][gc,heap        ] GC(455) Humongous regions: 11->6
[69.762s][info][gc,metaspace   ] GC(455) Metaspace: 71470K->71470K(1114112K)
[69.762s][info][gc             ] GC(455) Pause Young (Normal) (G1 Evacuation Pause) 284M->48M(387M) 3.181ms
[69.762s][info][gc,cpu         ] GC(455) User=0.00s Sys=0.00s Real=0.00s
[69.869s][info][gc,start       ] GC(456) Pause Young (Normal) (G1 Evacuation Pause)
[69.869s][info][gc,task        ] GC(456) Using 1 workers of 1 for evacuation
[69.872s][info][gc,phases      ] GC(456)   Pre Evacuate Collection Set: 0.0ms
[69.872s][info][gc,phases      ] GC(456)   Evacuate Collection Set: 2.4ms
[69.872s][info][gc,phases      ] GC(456)   Post Evacuate Collection Set: 0.3ms
[69.872s][info][gc,phases      ] GC(456)   Other: 0.3ms
[69.872s][info][gc,heap        ] GC(456) Eden regions: 231->0(231)
[69.872s][info][gc,heap        ] GC(456) Survivor regions: 1->1(29)
[69.872s][info][gc,heap        ] GC(456) Old regions: 44->44
[69.872s][info][gc,heap        ] GC(456) Humongous regions: 6->6
[69.872s][info][gc,metaspace   ] GC(456) Metaspace: 71470K->71470K(1114112K)
[69.872s][info][gc             ] GC(456) Pause Young (Normal) (G1 Evacuation Pause) 279M->48M(387M) 3.137ms
[69.872s][info][gc,cpu         ] GC(456) User=0.00s Sys=0.00s Real=0.01s
[69.980s][info][gc,start       ] GC(457) Pause Young (Normal) (G1 Evacuation Pause)
[69.981s][info][gc,task        ] GC(457) Using 1 workers of 1 for evacuation
[69.983s][info][gc,phases      ] GC(457)   Pre Evacuate Collection Set: 0.0ms
[69.983s][info][gc,phases      ] GC(457)   Evacuate Collection Set: 2.3ms
[69.983s][info][gc,phases      ] GC(457)   Post Evacuate Collection Set: 0.3ms
[69.983s][info][gc,phases      ] GC(457)   Other: 0.3ms
[69.983s][info][gc,heap        ] GC(457) Eden regions: 231->0(231)
[69.983s][info][gc,heap        ] GC(457) Survivor regions: 1->1(29)
[69.983s][info][gc,heap        ] GC(457) Old regions: 44->44
[69.983s][info][gc,heap        ] GC(457) Humongous regions: 6->6
[69.983s][info][gc,metaspace   ] GC(457) Metaspace: 71470K->71470K(1114112K)
[69.983s][info][gc             ] GC(457) Pause Young (Normal) (G1 Evacuation Pause) 279M->48M(387M) 2.993ms
[69.983s][info][gc,cpu         ] GC(457) User=0.00s Sys=0.00s Real=0.00s
[70.093s][info][gc,start       ] GC(458) Pause Young (Normal) (G1 Evacuation Pause)
[70.093s][info][gc,task        ] GC(458) Using 1 workers of 1 for evacuation
[70.096s][info][gc,phases      ] GC(458)   Pre Evacuate Collection Set: 0.0ms
[70.096s][info][gc,phases      ] GC(458)   Evacuate Collection Set: 2.3ms
[70.096s][info][gc,phases      ] GC(458)   Post Evacuate Collection Set: 0.3ms
[70.096s][info][gc,phases      ] GC(458)   Other: 0.3ms
[70.096s][info][gc,heap        ] GC(458) Eden regions: 231->0(231)
[70.096s][info][gc,heap        ] GC(458) Survivor regions: 1->1(29)
[70.096s][info][gc,heap        ] GC(458) Old regions: 44->44
[70.096s][info][gc,heap        ] GC(458) Humongous regions: 6->6
[70.096s][info][gc,metaspace   ] GC(458) Metaspace: 71470K->71470K(1114112K)
[70.096s][info][gc             ] GC(458) Pause Young (Normal) (G1 Evacuation Pause) 279M->48M(387M) 3.113ms
[70.096s][info][gc,cpu         ] GC(458) User=0.00s Sys=0.00s Real=0.00s
[70.206s][info][gc,start       ] GC(459) Pause Young (Normal) (G1 Evacuation Pause)
[70.206s][info][gc,task        ] GC(459) Using 1 workers of 1 for evacuation
[70.209s][info][gc,phases      ] GC(459)   Pre Evacuate Collection Set: 0.0ms
[70.209s][info][gc,phases      ] GC(459)   Evacuate Collection Set: 2.3ms
[70.209s][info][gc,phases      ] GC(459)   Post Evacuate Collection Set: 0.4ms
[70.209s][info][gc,phases      ] GC(459)   Other: 0.3ms
[70.209s][info][gc,heap        ] GC(459) Eden regions: 231->0(231)
[70.209s][info][gc,heap        ] GC(459) Survivor regions: 1->1(29)
[70.209s][info][gc,heap        ] GC(459) Old regions: 44->44
[70.209s][info][gc,heap        ] GC(459) Humongous regions: 6->6
[70.209s][info][gc,metaspace   ] GC(459) Metaspace: 71470K->71470K(1114112K)
[70.209s][info][gc             ] GC(459) Pause Young (Normal) (G1 Evacuation Pause) 279M->48M(387M) 3.067ms
[70.209s][info][gc,cpu         ] GC(459) User=0.01s Sys=0.00s Real=0.00s
[70.319s][info][gc,start       ] GC(460) Pause Young (Normal) (G1 Evacuation Pause)
[70.319s][info][gc,task        ] GC(460) Using 1 workers of 1 for evacuation
[70.322s][info][gc,phases      ] GC(460)   Pre Evacuate Collection Set: 0.0ms
[70.322s][info][gc,phases      ] GC(460)   Evacuate Collection Set: 2.5ms
[70.322s][info][gc,phases      ] GC(460)   Post Evacuate Collection Set: 0.3ms
[70.322s][info][gc,phases      ] GC(460)   Other: 0.3ms
[70.322s][info][gc,heap        ] GC(460) Eden regions: 231->0(231)
[70.322s][info][gc,heap        ] GC(460) Survivor regions: 1->1(29)
[70.322s][info][gc,heap        ] GC(460) Old regions: 44->44
[70.322s][info][gc,heap        ] GC(460) Humongous regions: 6->6
[70.322s][info][gc,metaspace   ] GC(460) Metaspace: 71470K->71470K(1114112K)
[70.322s][info][gc             ] GC(460) Pause Young (Normal) (G1 Evacuation Pause) 279M->48M(387M) 3.214ms
[70.322s][info][gc,cpu         ] GC(460) User=0.00s Sys=0.00s Real=0.00s
[70.434s][info][gc,start       ] GC(461) Pause Young (Normal) (G1 Evacuation Pause)
[70.434s][info][gc,task        ] GC(461) Using 1 workers of 1 for evacuation
[70.437s][info][gc,phases      ] GC(461)   Pre Evacuate Collection Set: 0.0ms
[70.437s][info][gc,phases      ] GC(461)   Evacuate Collection Set: 2.5ms
[70.437s][info][gc,phases      ] GC(461)   Post Evacuate Collection Set: 0.3ms
[70.437s][info][gc,phases      ] GC(461)   Other: 0.4ms
[70.437s][info][gc,heap        ] GC(461) Eden regions: 231->0(231)
[70.437s][info][gc,heap        ] GC(461) Survivor regions: 1->1(29)
[70.437s][info][gc,heap        ] GC(461) Old regions: 44->44
[70.437s][info][gc,heap        ] GC(461) Humongous regions: 6->6
[70.437s][info][gc,metaspace   ] GC(461) Metaspace: 71470K->71470K(1114112K)
[70.437s][info][gc             ] GC(461) Pause Young (Normal) (G1 Evacuation Pause) 279M->48M(387M) 3.207ms
[70.437s][info][gc,cpu         ] GC(461) User=0.01s Sys=0.00s Real=0.01s
[70.547s][info][gc,start       ] GC(462) Pause Young (Normal) (G1 Evacuation Pause)
[70.547s][info][gc,task        ] GC(462) Using 1 workers of 1 for evacuation
[70.550s][info][gc,phases      ] GC(462)   Pre Evacuate Collection Set: 0.0ms
[70.550s][info][gc,phases      ] GC(462)   Evacuate Collection Set: 2.7ms
[70.550s][info][gc,phases      ] GC(462)   Post Evacuate Collection Set: 0.4ms
[70.550s][info][gc,phases      ] GC(462)   Other: 0.3ms
[70.550s][info][gc,heap        ] GC(462) Eden regions: 231->0(231)
[70.550s][info][gc,heap        ] GC(462) Survivor regions: 1->1(29)
[70.550s][info][gc,heap        ] GC(462) Old regions: 44->44
[70.550s][info][gc,heap        ] GC(462) Humongous regions: 6->6
[70.550s][info][gc,metaspace   ] GC(462) Metaspace: 71470K->71470K(1114112K)
[70.550s][info][gc             ] GC(462) Pause Young (Normal) (G1 Evacuation Pause) 279M->49M(387M) 3.496ms
[70.550s][info][gc,cpu         ] GC(462) User=0.01s Sys=0.00s Real=0.01s
[70.696s][info][gc,start       ] GC(463) Pause Young (Normal) (G1 Evacuation Pause)
[70.696s][info][gc,task        ] GC(463) Using 1 workers of 1 for evacuation
[70.700s][info][gc,phases      ] GC(463)   Pre Evacuate Collection Set: 0.0ms
[70.700s][info][gc,phases      ] GC(463)   Evacuate Collection Set: 2.7ms
[70.700s][info][gc,phases      ] GC(463)   Post Evacuate Collection Set: 0.3ms
[70.700s][info][gc,phases      ] GC(463)   Other: 0.4ms
[70.700s][info][gc,heap        ] GC(463) Eden regions: 231->0(231)
[70.700s][info][gc,heap        ] GC(463) Survivor regions: 1->1(29)
[70.700s][info][gc,heap        ] GC(463) Old regions: 44->44
[70.700s][info][gc,heap        ] GC(463) Humongous regions: 11->6
[70.700s][info][gc,metaspace   ] GC(463) Metaspace: 71478K->71478K(1114112K)
[70.700s][info][gc             ] GC(463) Pause Young (Normal) (G1 Evacuation Pause) 285M->49M(387M) 3.525ms
[70.700s][info][gc,cpu         ] GC(463) User=0.01s Sys=0.00s Real=0.01s
[70.818s][info][gc,start       ] GC(464) Pause Young (Normal) (G1 Evacuation Pause)
[70.818s][info][gc,task        ] GC(464) Using 1 workers of 1 for evacuation
[70.821s][info][gc,phases      ] GC(464)   Pre Evacuate Collection Set: 0.0ms
[70.822s][info][gc,phases      ] GC(464)   Evacuate Collection Set: 2.5ms
[70.822s][info][gc,phases      ] GC(464)   Post Evacuate Collection Set: 0.4ms
[70.822s][info][gc,phases      ] GC(464)   Other: 0.3ms
[70.822s][info][gc,heap        ] GC(464) Eden regions: 231->0(231)
[70.822s][info][gc,heap        ] GC(464) Survivor regions: 1->1(29)
[70.822s][info][gc,heap        ] GC(464) Old regions: 44->44
[70.822s][info][gc,heap        ] GC(464) Humongous regions: 6->6
[70.822s][info][gc,metaspace   ] GC(464) Metaspace: 71478K->71478K(1114112K)
[70.822s][info][gc             ] GC(464) Pause Young (Normal) (G1 Evacuation Pause) 280M->49M(387M) 3.187ms
[70.822s][info][gc,cpu         ] GC(464) User=0.00s Sys=0.00s Real=0.00s
[70.933s][info][gc,start       ] GC(465) Pause Young (Normal) (G1 Evacuation Pause)
[70.933s][info][gc,task        ] GC(465) Using 1 workers of 1 for evacuation
[70.936s][info][gc,phases      ] GC(465)   Pre Evacuate Collection Set: 0.0ms
[70.936s][info][gc,phases      ] GC(465)   Evacuate Collection Set: 2.5ms
[70.936s][info][gc,phases      ] GC(465)   Post Evacuate Collection Set: 0.3ms
[70.936s][info][gc,phases      ] GC(465)   Other: 0.3ms
[70.936s][info][gc,heap        ] GC(465) Eden regions: 231->0(231)
[70.936s][info][gc,heap        ] GC(465) Survivor regions: 1->1(29)
[70.936s][info][gc,heap        ] GC(465) Old regions: 44->44
[70.936s][info][gc,heap        ] GC(465) Humongous regions: 6->6
[70.936s][info][gc,metaspace   ] GC(465) Metaspace: 71478K->71478K(1114112K)
[70.936s][info][gc             ] GC(465) Pause Young (Normal) (G1 Evacuation Pause) 280M->49M(387M) 3.129ms
[70.936s][info][gc,cpu         ] GC(465) User=0.00s Sys=0.00s Real=0.00s
[71.043s][info][gc,start       ] GC(466) Pause Young (Normal) (G1 Evacuation Pause)
[71.043s][info][gc,task        ] GC(466) Using 1 workers of 1 for evacuation
[71.046s][info][gc,phases      ] GC(466)   Pre Evacuate Collection Set: 0.0ms
[71.046s][info][gc,phases      ] GC(466)   Evacuate Collection Set: 2.4ms
[71.046s][info][gc,phases      ] GC(466)   Post Evacuate Collection Set: 0.3ms
[71.046s][info][gc,phases      ] GC(466)   Other: 0.3ms
[71.046s][info][gc,heap        ] GC(466) Eden regions: 231->0(231)
[71.046s][info][gc,heap        ] GC(466) Survivor regions: 1->1(29)
[71.046s][info][gc,heap        ] GC(466) Old regions: 44->44
[71.046s][info][gc,heap        ] GC(466) Humongous regions: 6->6
[71.046s][info][gc,metaspace   ] GC(466) Metaspace: 71478K->71478K(1114112K)
[71.046s][info][gc             ] GC(466) Pause Young (Normal) (G1 Evacuation Pause) 280M->49M(387M) 3.097ms
[71.046s][info][gc,cpu         ] GC(466) User=0.00s Sys=0.00s Real=0.00s
[71.152s][info][gc,start       ] GC(467) Pause Young (Normal) (G1 Evacuation Pause)
[71.152s][info][gc,task        ] GC(467) Using 1 workers of 1 for evacuation
[71.155s][info][gc,phases      ] GC(467)   Pre Evacuate Collection Set: 0.0ms
[71.155s][info][gc,phases      ] GC(467)   Evacuate Collection Set: 2.6ms
[71.155s][info][gc,phases      ] GC(467)   Post Evacuate Collection Set: 0.3ms
[71.155s][info][gc,phases      ] GC(467)   Other: 0.3ms
[71.155s][info][gc,heap        ] GC(467) Eden regions: 231->0(231)
[71.155s][info][gc,heap        ] GC(467) Survivor regions: 1->1(29)
[71.155s][info][gc,heap        ] GC(467) Old regions: 44->44
[71.155s][info][gc,heap        ] GC(467) Humongous regions: 6->6
[71.155s][info][gc,metaspace   ] GC(467) Metaspace: 71478K->71478K(1114112K)
[71.155s][info][gc             ] GC(467) Pause Young (Normal) (G1 Evacuation Pause) 280M->49M(387M) 3.233ms
[71.155s][info][gc,cpu         ] GC(467) User=0.00s Sys=0.00s Real=0.00s
[71.261s][info][gc,start       ] GC(468) Pause Young (Normal) (G1 Evacuation Pause)
[71.261s][info][gc,task        ] GC(468) Using 1 workers of 1 for evacuation
[71.264s][info][gc,phases      ] GC(468)   Pre Evacuate Collection Set: 0.0ms
[71.265s][info][gc,phases      ] GC(468)   Evacuate Collection Set: 2.5ms
[71.265s][info][gc,phases      ] GC(468)   Post Evacuate Collection Set: 0.3ms
[71.265s][info][gc,phases      ] GC(468)   Other: 0.3ms
[71.265s][info][gc,heap        ] GC(468) Eden regions: 231->0(231)
[71.265s][info][gc,heap        ] GC(468) Survivor regions: 1->1(29)
[71.265s][info][gc,heap        ] GC(468) Old regions: 44->44
[71.265s][info][gc,heap        ] GC(468) Humongous regions: 6->6
[71.265s][info][gc,metaspace   ] GC(468) Metaspace: 71478K->71478K(1114112K)
[71.265s][info][gc             ] GC(468) Pause Young (Normal) (G1 Evacuation Pause) 280M->49M(387M) 3.174ms
[71.265s][info][gc,cpu         ] GC(468) User=0.00s Sys=0.00s Real=0.00s
[71.373s][info][gc,start       ] GC(469) Pause Young (Normal) (G1 Evacuation Pause)
[71.373s][info][gc,task        ] GC(469) Using 1 workers of 1 for evacuation
[71.376s][info][gc,phases      ] GC(469)   Pre Evacuate Collection Set: 0.0ms
[71.376s][info][gc,phases      ] GC(469)   Evacuate Collection Set: 2.5ms
[71.376s][info][gc,phases      ] GC(469)   Post Evacuate Collection Set: 0.4ms
[71.376s][info][gc,phases      ] GC(469)   Other: 0.3ms
[71.376s][info][gc,heap        ] GC(469) Eden regions: 231->0(231)
[71.376s][info][gc,heap        ] GC(469) Survivor regions: 1->1(29)
[71.376s][info][gc,heap        ] GC(469) Old regions: 44->44
[71.376s][info][gc,heap        ] GC(469) Humongous regions: 6->6
[71.376s][info][gc,metaspace   ] GC(469) Metaspace: 71478K->71478K(1114112K)
[71.376s][info][gc             ] GC(469) Pause Young (Normal) (G1 Evacuation Pause) 280M->49M(387M) 3.261ms
[71.377s][info][gc,cpu         ] GC(469) User=0.00s Sys=0.00s Real=0.00s
[71.485s][info][gc,start       ] GC(470) Pause Young (Normal) (G1 Evacuation Pause)
[71.485s][info][gc,task        ] GC(470) Using 1 workers of 1 for evacuation
[71.488s][info][gc,phases      ] GC(470)   Pre Evacuate Collection Set: 0.0ms
[71.488s][info][gc,phases      ] GC(470)   Evacuate Collection Set: 2.5ms
[71.488s][info][gc,phases      ] GC(470)   Post Evacuate Collection Set: 0.3ms
[71.488s][info][gc,phases      ] GC(470)   Other: 0.3ms
[71.488s][info][gc,heap        ] GC(470) Eden regions: 231->0(231)
[71.488s][info][gc,heap        ] GC(470) Survivor regions: 1->1(29)
[71.488s][info][gc,heap        ] GC(470) Old regions: 44->44
[71.488s][info][gc,heap        ] GC(470) Humongous regions: 6->6
[71.488s][info][gc,metaspace   ] GC(470) Metaspace: 71478K->71478K(1114112K)
[71.488s][info][gc             ] GC(470) Pause Young (Normal) (G1 Evacuation Pause) 280M->49M(387M) 3.207ms
[71.488s][info][gc,cpu         ] GC(470) User=0.00s Sys=0.00s Real=0.00s
[71.638s][info][gc,start       ] GC(471) Pause Young (Normal) (G1 Evacuation Pause)
[71.638s][info][gc,task        ] GC(471) Using 1 workers of 1 for evacuation
[71.641s][info][gc,phases      ] GC(471)   Pre Evacuate Collection Set: 0.0ms
[71.641s][info][gc,phases      ] GC(471)   Evacuate Collection Set: 2.5ms
[71.641s][info][gc,phases      ] GC(471)   Post Evacuate Collection Set: 0.3ms
[71.641s][info][gc,phases      ] GC(471)   Other: 0.4ms
[71.641s][info][gc,heap        ] GC(471) Eden regions: 231->0(231)
[71.641s][info][gc,heap        ] GC(471) Survivor regions: 1->1(29)
[71.641s][info][gc,heap        ] GC(471) Old regions: 44->44
[71.641s][info][gc,heap        ] GC(471) Humongous regions: 11->6
[71.641s][info][gc,metaspace   ] GC(471) Metaspace: 71489K->71489K(1114112K)
[71.641s][info][gc             ] GC(471) Pause Young (Normal) (G1 Evacuation Pause) 285M->48M(387M) 3.208ms
[71.641s][info][gc,cpu         ] GC(471) User=0.00s Sys=0.00s Real=0.01s
[71.754s][info][gc,start       ] GC(472) Pause Young (Normal) (G1 Evacuation Pause)
[71.754s][info][gc,task        ] GC(472) Using 1 workers of 1 for evacuation
[71.757s][info][gc,phases      ] GC(472)   Pre Evacuate Collection Set: 0.0ms
[71.757s][info][gc,phases      ] GC(472)   Evacuate Collection Set: 2.2ms
[71.757s][info][gc,phases      ] GC(472)   Post Evacuate Collection Set: 0.4ms
[71.757s][info][gc,phases      ] GC(472)   Other: 0.3ms
[71.757s][info][gc,heap        ] GC(472) Eden regions: 231->0(231)
[71.757s][info][gc,heap        ] GC(472) Survivor regions: 1->1(29)
[71.757s][info][gc,heap        ] GC(472) Old regions: 44->44
[71.757s][info][gc,heap        ] GC(472) Humongous regions: 6->6
[71.757s][info][gc,metaspace   ] GC(472) Metaspace: 71489K->71489K(1114112K)
[71.757s][info][gc             ] GC(472) Pause Young (Normal) (G1 Evacuation Pause) 279M->48M(387M) 2.914ms
[71.757s][info][gc,cpu         ] GC(472) User=0.00s Sys=0.00s Real=0.00s
[71.864s][info][gc,start       ] GC(473) Pause Young (Normal) (G1 Evacuation Pause)
[71.864s][info][gc,task        ] GC(473) Using 1 workers of 1 for evacuation
[71.867s][info][gc,phases      ] GC(473)   Pre Evacuate Collection Set: 0.0ms
[71.867s][info][gc,phases      ] GC(473)   Evacuate Collection Set: 2.3ms
[71.867s][info][gc,phases      ] GC(473)   Post Evacuate Collection Set: 0.3ms
[71.867s][info][gc,phases      ] GC(473)   Other: 0.3ms
[71.867s][info][gc,heap        ] GC(473) Eden regions: 231->0(231)
[71.867s][info][gc,heap        ] GC(473) Survivor regions: 1->1(29)
[71.867s][info][gc,heap        ] GC(473) Old regions: 44->44
[71.867s][info][gc,heap        ] GC(473) Humongous regions: 6->6
[71.867s][info][gc,metaspace   ] GC(473) Metaspace: 71489K->71489K(1114112K)
[71.867s][info][gc             ] GC(473) Pause Young (Normal) (G1 Evacuation Pause) 279M->48M(387M) 2.989ms
[71.867s][info][gc,cpu         ] GC(473) User=0.00s Sys=0.00s Real=0.00s
[71.974s][info][gc,start       ] GC(474) Pause Young (Normal) (G1 Evacuation Pause)
[71.974s][info][gc,task        ] GC(474) Using 1 workers of 1 for evacuation
[71.977s][info][gc,phases      ] GC(474)   Pre Evacuate Collection Set: 0.0ms
[71.977s][info][gc,phases      ] GC(474)   Evacuate Collection Set: 2.3ms
[71.977s][info][gc,phases      ] GC(474)   Post Evacuate Collection Set: 0.3ms
[71.977s][info][gc,phases      ] GC(474)   Other: 0.3ms
[71.977s][info][gc,heap        ] GC(474) Eden regions: 231->0(231)
[71.977s][info][gc,heap        ] GC(474) Survivor regions: 1->1(29)
[71.977s][info][gc,heap        ] GC(474) Old regions: 44->44
[71.977s][info][gc,heap        ] GC(474) Humongous regions: 6->6
[71.977s][info][gc,metaspace   ] GC(474) Metaspace: 71489K->71489K(1114112K)
[71.977s][info][gc             ] GC(474) Pause Young (Normal) (G1 Evacuation Pause) 279M->48M(387M) 2.978ms
[71.977s][info][gc,cpu         ] GC(474) User=0.00s Sys=0.00s Real=0.00s
[72.086s][info][gc,start       ] GC(475) Pause Young (Normal) (G1 Evacuation Pause)
[72.086s][info][gc,task        ] GC(475) Using 1 workers of 1 for evacuation
[72.089s][info][gc,phases      ] GC(475)   Pre Evacuate Collection Set: 0.0ms
[72.089s][info][gc,phases      ] GC(475)   Evacuate Collection Set: 2.3ms
[72.089s][info][gc,phases      ] GC(475)   Post Evacuate Collection Set: 0.4ms
[72.089s][info][gc,phases      ] GC(475)   Other: 0.3ms
[72.089s][info][gc,heap        ] GC(475) Eden regions: 231->0(231)
[72.089s][info][gc,heap        ] GC(475) Survivor regions: 1->1(29)
[72.089s][info][gc,heap        ] GC(475) Old regions: 44->44
[72.089s][info][gc,heap        ] GC(475) Humongous regions: 6->6
[72.089s][info][gc,metaspace   ] GC(475) Metaspace: 71489K->71489K(1114112K)
[72.089s][info][gc             ] GC(475) Pause Young (Normal) (G1 Evacuation Pause) 279M->48M(387M) 2.991ms
[72.089s][info][gc,cpu         ] GC(475) User=0.00s Sys=0.00s Real=0.00s
[72.199s][info][gc,start       ] GC(476) Pause Young (Normal) (G1 Evacuation Pause)
[72.199s][info][gc,task        ] GC(476) Using 1 workers of 1 for evacuation
[72.202s][info][gc,phases      ] GC(476)   Pre Evacuate Collection Set: 0.0ms
[72.202s][info][gc,phases      ] GC(476)   Evacuate Collection Set: 2.4ms
[72.202s][info][gc,phases      ] GC(476)   Post Evacuate Collection Set: 0.5ms
[72.202s][info][gc,phases      ] GC(476)   Other: 0.3ms
[72.202s][info][gc,heap        ] GC(476) Eden regions: 231->0(231)
[72.202s][info][gc,heap        ] GC(476) Survivor regions: 1->1(29)
[72.202s][info][gc,heap        ] GC(476) Old regions: 44->44
[72.202s][info][gc,heap        ] GC(476) Humongous regions: 6->6
[72.202s][info][gc,metaspace   ] GC(476) Metaspace: 71489K->71489K(1114112K)
[72.202s][info][gc             ] GC(476) Pause Young (Normal) (G1 Evacuation Pause) 279M->48M(387M) 3.294ms
[72.202s][info][gc,cpu         ] GC(476) User=0.01s Sys=0.00s Real=0.00s
[72.314s][info][gc,start       ] GC(477) Pause Young (Normal) (G1 Evacuation Pause)
[72.314s][info][gc,task        ] GC(477) Using 1 workers of 1 for evacuation
[72.317s][info][gc,phases      ] GC(477)   Pre Evacuate Collection Set: 0.0ms
[72.317s][info][gc,phases      ] GC(477)   Evacuate Collection Set: 2.4ms
[72.317s][info][gc,phases      ] GC(477)   Post Evacuate Collection Set: 0.4ms
[72.317s][info][gc,phases      ] GC(477)   Other: 0.3ms
[72.317s][info][gc,heap        ] GC(477) Eden regions: 231->0(231)
[72.317s][info][gc,heap        ] GC(477) Survivor regions: 1->1(29)
[72.317s][info][gc,heap        ] GC(477) Old regions: 44->44
[72.317s][info][gc,heap        ] GC(477) Humongous regions: 6->6
[72.317s][info][gc,metaspace   ] GC(477) Metaspace: 71489K->71489K(1114112K)
[72.317s][info][gc             ] GC(477) Pause Young (Normal) (G1 Evacuation Pause) 279M->49M(387M) 3.131ms
[72.317s][info][gc,cpu         ] GC(477) User=0.00s Sys=0.00s Real=0.00s
[72.428s][info][gc,start       ] GC(478) Pause Young (Normal) (G1 Evacuation Pause)
[72.428s][info][gc,task        ] GC(478) Using 1 workers of 1 for evacuation
[72.431s][info][gc,phases      ] GC(478)   Pre Evacuate Collection Set: 0.0ms
[72.431s][info][gc,phases      ] GC(478)   Evacuate Collection Set: 2.6ms
[72.431s][info][gc,phases      ] GC(478)   Post Evacuate Collection Set: 0.4ms
[72.431s][info][gc,phases      ] GC(478)   Other: 0.4ms
[72.431s][info][gc,heap        ] GC(478) Eden regions: 231->0(231)
[72.431s][info][gc,heap        ] GC(478) Survivor regions: 1->1(29)
[72.431s][info][gc,heap        ] GC(478) Old regions: 44->44
[72.431s][info][gc,heap        ] GC(478) Humongous regions: 6->6
[72.431s][info][gc,metaspace   ] GC(478) Metaspace: 71489K->71489K(1114112K)
[72.431s][info][gc             ] GC(478) Pause Young (Normal) (G1 Evacuation Pause) 280M->49M(387M) 3.430ms
[72.431s][info][gc,cpu         ] GC(478) User=0.00s Sys=0.00s Real=0.01s
[72.567s][info][gc,start       ] GC(479) Pause Young (Normal) (G1 Evacuation Pause)
[72.567s][info][gc,task        ] GC(479) Using 1 workers of 1 for evacuation
[72.571s][info][gc,phases      ] GC(479)   Pre Evacuate Collection Set: 0.0ms
[72.571s][info][gc,phases      ] GC(479)   Evacuate Collection Set: 2.6ms
[72.571s][info][gc,phases      ] GC(479)   Post Evacuate Collection Set: 0.4ms
[72.571s][info][gc,phases      ] GC(479)   Other: 0.3ms
[72.571s][info][gc,heap        ] GC(479) Eden regions: 231->0(231)
[72.571s][info][gc,heap        ] GC(479) Survivor regions: 1->1(29)
[72.571s][info][gc,heap        ] GC(479) Old regions: 44->44
[72.571s][info][gc,heap        ] GC(479) Humongous regions: 11->6
[72.571s][info][gc,metaspace   ] GC(479) Metaspace: 71494K->71494K(1114112K)
[72.571s][info][gc             ] GC(479) Pause Young (Normal) (G1 Evacuation Pause) 285M->49M(387M) 3.378ms
[72.571s][info][gc,cpu         ] GC(479) User=0.00s Sys=0.00s Real=0.01s
[72.679s][info][gc,start       ] GC(480) Pause Young (Normal) (G1 Evacuation Pause)
[72.679s][info][gc,task        ] GC(480) Using 1 workers of 1 for evacuation
[72.682s][info][gc,phases      ] GC(480)   Pre Evacuate Collection Set: 0.0ms
[72.682s][info][gc,phases      ] GC(480)   Evacuate Collection Set: 2.5ms
[72.682s][info][gc,phases      ] GC(480)   Post Evacuate Collection Set: 0.3ms
[72.682s][info][gc,phases      ] GC(480)   Other: 0.4ms
[72.682s][info][gc,heap        ] GC(480) Eden regions: 231->0(231)
[72.682s][info][gc,heap        ] GC(480) Survivor regions: 1->1(29)
[72.682s][info][gc,heap        ] GC(480) Old regions: 44->44
[72.682s][info][gc,heap        ] GC(480) Humongous regions: 6->6
[72.682s][info][gc,metaspace   ] GC(480) Metaspace: 71495K->71495K(1114112K)
[72.682s][info][gc             ] GC(480) Pause Young (Normal) (G1 Evacuation Pause) 280M->49M(387M) 3.287ms
[72.682s][info][gc,cpu         ] GC(480) User=0.00s Sys=0.00s Real=0.00s
[72.792s][info][gc,start       ] GC(481) Pause Young (Normal) (G1 Evacuation Pause)
[72.792s][info][gc,task        ] GC(481) Using 1 workers of 1 for evacuation
[72.795s][info][gc,phases      ] GC(481)   Pre Evacuate Collection Set: 0.0ms
[72.795s][info][gc,phases      ] GC(481)   Evacuate Collection Set: 2.6ms
[72.795s][info][gc,phases      ] GC(481)   Post Evacuate Collection Set: 0.3ms
[72.795s][info][gc,phases      ] GC(481)   Other: 0.3ms
[72.795s][info][gc,heap        ] GC(481) Eden regions: 231->0(231)
[72.795s][info][gc,heap        ] GC(481) Survivor regions: 1->1(29)
[72.795s][info][gc,heap        ] GC(481) Old regions: 44->44
[72.795s][info][gc,heap        ] GC(481) Humongous regions: 6->6
[72.795s][info][gc,metaspace   ] GC(481) Metaspace: 71495K->71495K(1114112K)
[72.795s][info][gc             ] GC(481) Pause Young (Normal) (G1 Evacuation Pause) 280M->49M(387M) 3.312ms
[72.795s][info][gc,cpu         ] GC(481) User=0.01s Sys=0.00s Real=0.00s
[72.902s][info][gc,start       ] GC(482) Pause Young (Normal) (G1 Evacuation Pause)
[72.902s][info][gc,task        ] GC(482) Using 1 workers of 1 for evacuation
[72.905s][info][gc,phases      ] GC(482)   Pre Evacuate Collection Set: 0.0ms
[72.905s][info][gc,phases      ] GC(482)   Evacuate Collection Set: 2.5ms
[72.905s][info][gc,phases      ] GC(482)   Post Evacuate Collection Set: 0.4ms
[72.905s][info][gc,phases      ] GC(482)   Other: 0.3ms
[72.905s][info][gc,heap        ] GC(482) Eden regions: 231->0(231)
[72.905s][info][gc,heap        ] GC(482) Survivor regions: 1->1(29)
[72.905s][info][gc,heap        ] GC(482) Old regions: 44->44
[72.905s][info][gc,heap        ] GC(482) Humongous regions: 6->6
[72.905s][info][gc,metaspace   ] GC(482) Metaspace: 71495K->71495K(1114112K)
[72.905s][info][gc             ] GC(482) Pause Young (Normal) (G1 Evacuation Pause) 280M->49M(387M) 3.287ms
[72.905s][info][gc,cpu         ] GC(482) User=0.01s Sys=0.00s Real=0.00s
[73.015s][info][gc,start       ] GC(483) Pause Young (Normal) (G1 Evacuation Pause)
[73.015s][info][gc,task        ] GC(483) Using 1 workers of 1 for evacuation
[73.018s][info][gc,phases      ] GC(483)   Pre Evacuate Collection Set: 0.0ms
[73.018s][info][gc,phases      ] GC(483)   Evacuate Collection Set: 2.5ms
[73.018s][info][gc,phases      ] GC(483)   Post Evacuate Collection Set: 0.4ms
[73.018s][info][gc,phases      ] GC(483)   Other: 0.3ms
[73.018s][info][gc,heap        ] GC(483) Eden regions: 231->0(231)
[73.018s][info][gc,heap        ] GC(483) Survivor regions: 1->1(29)
[73.018s][info][gc,heap        ] GC(483) Old regions: 44->44
[73.018s][info][gc,heap        ] GC(483) Humongous regions: 6->6
[73.018s][info][gc,metaspace   ] GC(483) Metaspace: 71495K->71495K(1114112K)
[73.018s][info][gc             ] GC(483) Pause Young (Normal) (G1 Evacuation Pause) 280M->49M(387M) 3.288ms
[73.018s][info][gc,cpu         ] GC(483) User=0.00s Sys=0.00s Real=0.01s
[73.129s][info][gc,start       ] GC(484) Pause Young (Normal) (G1 Evacuation Pause)
[73.129s][info][gc,task        ] GC(484) Using 1 workers of 1 for evacuation
[73.132s][info][gc,phases      ] GC(484)   Pre Evacuate Collection Set: 0.0ms
[73.132s][info][gc,phases      ] GC(484)   Evacuate Collection Set: 2.6ms
[73.132s][info][gc,phases      ] GC(484)   Post Evacuate Collection Set: 0.3ms
[73.132s][info][gc,phases      ] GC(484)   Other: 0.3ms
[73.132s][info][gc,heap        ] GC(484) Eden regions: 231->0(231)
[73.132s][info][gc,heap        ] GC(484) Survivor regions: 1->1(29)
[73.132s][info][gc,heap        ] GC(484) Old regions: 44->44
[73.132s][info][gc,heap        ] GC(484) Humongous regions: 6->6
[73.132s][info][gc,metaspace   ] GC(484) Metaspace: 71495K->71495K(1114112K)
[73.132s][info][gc             ] GC(484) Pause Young (Normal) (G1 Evacuation Pause) 280M->49M(387M) 3.268ms
[73.132s][info][gc,cpu         ] GC(484) User=0.00s Sys=0.00s Real=0.01s
[73.240s][info][gc,start       ] GC(485) Pause Young (Normal) (G1 Evacuation Pause)
[73.240s][info][gc,task        ] GC(485) Using 1 workers of 1 for evacuation
[73.244s][info][gc,phases      ] GC(485)   Pre Evacuate Collection Set: 0.0ms
[73.244s][info][gc,phases      ] GC(485)   Evacuate Collection Set: 2.6ms
[73.244s][info][gc,phases      ] GC(485)   Post Evacuate Collection Set: 0.3ms
[73.244s][info][gc,phases      ] GC(485)   Other: 0.4ms
[73.244s][info][gc,heap        ] GC(485) Eden regions: 231->0(231)
[73.244s][info][gc,heap        ] GC(485) Survivor regions: 1->1(29)
[73.244s][info][gc,heap        ] GC(485) Old regions: 44->44
[73.244s][info][gc,heap        ] GC(485) Humongous regions: 6->6
[73.244s][info][gc,metaspace   ] GC(485) Metaspace: 71495K->71495K(1114112K)
[73.244s][info][gc             ] GC(485) Pause Young (Normal) (G1 Evacuation Pause) 280M->49M(387M) 3.347ms
[73.244s][info][gc,cpu         ] GC(485) User=0.00s Sys=0.00s Real=0.00s
[73.351s][info][gc,start       ] GC(486) Pause Young (Normal) (G1 Evacuation Pause)
[73.351s][info][gc,task        ] GC(486) Using 1 workers of 1 for evacuation
[73.355s][info][gc,phases      ] GC(486)   Pre Evacuate Collection Set: 0.0ms
[73.355s][info][gc,phases      ] GC(486)   Evacuate Collection Set: 2.6ms
[73.355s][info][gc,phases      ] GC(486)   Post Evacuate Collection Set: 0.3ms
[73.355s][info][gc,phases      ] GC(486)   Other: 0.3ms
[73.355s][info][gc,heap        ] GC(486) Eden regions: 231->0(231)
[73.355s][info][gc,heap        ] GC(486) Survivor regions: 1->1(29)
[73.355s][info][gc,heap        ] GC(486) Old regions: 44->44
[73.355s][info][gc,heap        ] GC(486) Humongous regions: 6->6
[73.355s][info][gc,metaspace   ] GC(486) Metaspace: 71495K->71495K(1114112K)
[73.355s][info][gc             ] GC(486) Pause Young (Normal) (G1 Evacuation Pause) 280M->49M(387M) 3.280ms
[73.355s][info][gc,cpu         ] GC(486) User=0.00s Sys=0.00s Real=0.00s
[73.505s][info][gc,start       ] GC(487) Pause Young (Normal) (G1 Evacuation Pause)
[73.505s][info][gc,task        ] GC(487) Using 1 workers of 1 for evacuation
[73.508s][info][gc,phases      ] GC(487)   Pre Evacuate Collection Set: 0.0ms
[73.508s][info][gc,phases      ] GC(487)   Evacuate Collection Set: 2.4ms
[73.508s][info][gc,phases      ] GC(487)   Post Evacuate Collection Set: 0.3ms
[73.508s][info][gc,phases      ] GC(487)   Other: 0.3ms
[73.508s][info][gc,heap        ] GC(487) Eden regions: 231->0(231)
[73.508s][info][gc,heap        ] GC(487) Survivor regions: 1->1(29)
[73.508s][info][gc,heap        ] GC(487) Old regions: 44->44
[73.508s][info][gc,heap        ] GC(487) Humongous regions: 11->6
[73.508s][info][gc,metaspace   ] GC(487) Metaspace: 71498K->71498K(1114112K)
[73.508s][info][gc             ] GC(487) Pause Young (Normal) (G1 Evacuation Pause) 285M->48M(387M) 3.085ms
[73.509s][info][gc,cpu         ] GC(487) User=0.01s Sys=0.00s Real=0.00s
[73.614s][info][gc,start       ] GC(488) Pause Young (Normal) (G1 Evacuation Pause)
[73.614s][info][gc,task        ] GC(488) Using 1 workers of 1 for evacuation
[73.617s][info][gc,phases      ] GC(488)   Pre Evacuate Collection Set: 0.0ms
[73.617s][info][gc,phases      ] GC(488)   Evacuate Collection Set: 2.3ms
[73.617s][info][gc,phases      ] GC(488)   Post Evacuate Collection Set: 0.3ms
[73.617s][info][gc,phases      ] GC(488)   Other: 0.3ms
[73.617s][info][gc,heap        ] GC(488) Eden regions: 231->0(231)
[73.617s][info][gc,heap        ] GC(488) Survivor regions: 1->1(29)
[73.617s][info][gc,heap        ] GC(488) Old regions: 44->44
[73.617s][info][gc,heap        ] GC(488) Humongous regions: 6->6
[73.617s][info][gc,metaspace   ] GC(488) Metaspace: 71499K->71499K(1114112K)
[73.617s][info][gc             ] GC(488) Pause Young (Normal) (G1 Evacuation Pause) 279M->48M(387M) 2.990ms
[73.617s][info][gc,cpu         ] GC(488) User=0.01s Sys=0.00s Real=0.00s
[73.746s][info][gc,start       ] GC(489) Pause Young (Normal) (G1 Evacuation Pause)
[73.746s][info][gc,task        ] GC(489) Using 1 workers of 1 for evacuation
[73.750s][info][gc,phases      ] GC(489)   Pre Evacuate Collection Set: 0.0ms
[73.750s][info][gc,phases      ] GC(489)   Evacuate Collection Set: 3.0ms
[73.750s][info][gc,phases      ] GC(489)   Post Evacuate Collection Set: 0.5ms
[73.750s][info][gc,phases      ] GC(489)   Other: 0.5ms
[73.750s][info][gc,heap        ] GC(489) Eden regions: 231->0(231)
[73.750s][info][gc,heap        ] GC(489) Survivor regions: 1->1(29)
[73.750s][info][gc,heap        ] GC(489) Old regions: 44->44
[73.750s][info][gc,heap        ] GC(489) Humongous regions: 6->6
[73.750s][info][gc,metaspace   ] GC(489) Metaspace: 71499K->71499K(1114112K)
[73.750s][info][gc             ] GC(489) Pause Young (Normal) (G1 Evacuation Pause) 279M->48M(387M) 4.002ms
[73.750s][info][gc,cpu         ] GC(489) User=0.01s Sys=0.00s Real=0.01s
[73.858s][info][gc,start       ] GC(490) Pause Young (Normal) (G1 Evacuation Pause)
[73.858s][info][gc,task        ] GC(490) Using 1 workers of 1 for evacuation
[73.861s][info][gc,phases      ] GC(490)   Pre Evacuate Collection Set: 0.0ms
[73.861s][info][gc,phases      ] GC(490)   Evacuate Collection Set: 2.4ms
[73.861s][info][gc,phases      ] GC(490)   Post Evacuate Collection Set: 0.3ms
[73.861s][info][gc,phases      ] GC(490)   Other: 0.6ms
[73.861s][info][gc,heap        ] GC(490) Eden regions: 231->0(231)
[73.861s][info][gc,heap        ] GC(490) Survivor regions: 1->1(29)
[73.861s][info][gc,heap        ] GC(490) Old regions: 44->44
[73.861s][info][gc,heap        ] GC(490) Humongous regions: 6->6
[73.861s][info][gc,metaspace   ] GC(490) Metaspace: 71499K->71499K(1114112K)
[73.861s][info][gc             ] GC(490) Pause Young (Normal) (G1 Evacuation Pause) 279M->48M(387M) 3.358ms
[73.861s][info][gc,cpu         ] GC(490) User=0.01s Sys=0.00s Real=0.00s
[73.978s][info][gc,start       ] GC(491) Pause Young (Normal) (G1 Evacuation Pause)
[73.978s][info][gc,task        ] GC(491) Using 1 workers of 1 for evacuation
[73.981s][info][gc,phases      ] GC(491)   Pre Evacuate Collection Set: 0.0ms
[73.981s][info][gc,phases      ] GC(491)   Evacuate Collection Set: 2.5ms
[73.981s][info][gc,phases      ] GC(491)   Post Evacuate Collection Set: 0.3ms
[73.981s][info][gc,phases      ] GC(491)   Other: 0.3ms
[73.981s][info][gc,heap        ] GC(491) Eden regions: 231->0(231)
[73.981s][info][gc,heap        ] GC(491) Survivor regions: 1->1(29)
[73.981s][info][gc,heap        ] GC(491) Old regions: 44->44
[73.981s][info][gc,heap        ] GC(491) Humongous regions: 6->6
[73.981s][info][gc,metaspace   ] GC(491) Metaspace: 71499K->71499K(1114112K)
[73.981s][info][gc             ] GC(491) Pause Young (Normal) (G1 Evacuation Pause) 279M->48M(387M) 3.204ms
[73.981s][info][gc,cpu         ] GC(491) User=0.01s Sys=0.00s Real=0.00s
[74.097s][info][gc,start       ] GC(492) Pause Young (Normal) (G1 Evacuation Pause)
[74.097s][info][gc,task        ] GC(492) Using 1 workers of 1 for evacuation
[74.100s][info][gc,phases      ] GC(492)   Pre Evacuate Collection Set: 0.0ms
[74.100s][info][gc,phases      ] GC(492)   Evacuate Collection Set: 2.5ms
[74.100s][info][gc,phases      ] GC(492)   Post Evacuate Collection Set: 0.3ms
[74.100s][info][gc,phases      ] GC(492)   Other: 0.3ms
[74.100s][info][gc,heap        ] GC(492) Eden regions: 231->0(231)
[74.100s][info][gc,heap        ] GC(492) Survivor regions: 1->1(29)
[74.100s][info][gc,heap        ] GC(492) Old regions: 44->44
[74.100s][info][gc,heap        ] GC(492) Humongous regions: 6->6
[74.100s][info][gc,metaspace   ] GC(492) Metaspace: 71499K->71499K(1114112K)
[74.100s][info][gc             ] GC(492) Pause Young (Normal) (G1 Evacuation Pause) 279M->49M(387M) 3.133ms
[74.100s][info][gc,cpu         ] GC(492) User=0.01s Sys=0.00s Real=0.01s
[74.212s][info][gc,start       ] GC(493) Pause Young (Normal) (G1 Evacuation Pause)
[74.213s][info][gc,task        ] GC(493) Using 1 workers of 1 for evacuation
[74.216s][info][gc,phases      ] GC(493)   Pre Evacuate Collection Set: 0.0ms
[74.216s][info][gc,phases      ] GC(493)   Evacuate Collection Set: 2.5ms
[74.216s][info][gc,phases      ] GC(493)   Post Evacuate Collection Set: 0.3ms
[74.216s][info][gc,phases      ] GC(493)   Other: 0.3ms
[74.216s][info][gc,heap        ] GC(493) Eden regions: 231->0(231)
[74.216s][info][gc,heap        ] GC(493) Survivor regions: 1->1(29)
[74.216s][info][gc,heap        ] GC(493) Old regions: 44->44
[74.216s][info][gc,heap        ] GC(493) Humongous regions: 6->6
[74.216s][info][gc,metaspace   ] GC(493) Metaspace: 71499K->71499K(1114112K)
[74.216s][info][gc             ] GC(493) Pause Young (Normal) (G1 Evacuation Pause) 280M->49M(387M) 3.155ms
[74.216s][info][gc,cpu         ] GC(493) User=0.00s Sys=0.00s Real=0.00s
[74.324s][info][gc,start       ] GC(494) Pause Young (Normal) (G1 Evacuation Pause)
[74.324s][info][gc,task        ] GC(494) Using 1 workers of 1 for evacuation
[74.327s][info][gc,phases      ] GC(494)   Pre Evacuate Collection Set: 0.0ms
[74.327s][info][gc,phases      ] GC(494)   Evacuate Collection Set: 2.6ms
[74.327s][info][gc,phases      ] GC(494)   Post Evacuate Collection Set: 0.3ms
[74.327s][info][gc,phases      ] GC(494)   Other: 0.3ms
[74.327s][info][gc,heap        ] GC(494) Eden regions: 231->0(231)
[74.327s][info][gc,heap        ] GC(494) Survivor regions: 1->1(29)
[74.327s][info][gc,heap        ] GC(494) Old regions: 44->44
[74.327s][info][gc,heap        ] GC(494) Humongous regions: 6->6
[74.327s][info][gc,metaspace   ] GC(494) Metaspace: 71499K->71499K(1114112K)
[74.327s][info][gc             ] GC(494) Pause Young (Normal) (G1 Evacuation Pause) 280M->49M(387M) 3.232ms
[74.327s][info][gc,cpu         ] GC(494) User=0.00s Sys=0.00s Real=0.00s
[74.513s][info][gc,start       ] GC(495) Pause Young (Normal) (G1 Evacuation Pause)
[74.513s][info][gc,task        ] GC(495) Using 1 workers of 1 for evacuation
[74.518s][info][gc,phases      ] GC(495)   Pre Evacuate Collection Set: 0.0ms
[74.518s][info][gc,phases      ] GC(495)   Evacuate Collection Set: 2.8ms
[74.518s][info][gc,phases      ] GC(495)   Post Evacuate Collection Set: 1.9ms
[74.518s][info][gc,phases      ] GC(495)   Other: 0.4ms
[74.518s][info][gc,heap        ] GC(495) Eden regions: 231->0(231)
[74.518s][info][gc,heap        ] GC(495) Survivor regions: 1->1(29)
[74.518s][info][gc,heap        ] GC(495) Old regions: 44->44
[74.518s][info][gc,heap        ] GC(495) Humongous regions: 11->6
[74.518s][info][gc,metaspace   ] GC(495) Metaspace: 71505K->71505K(1114112K)
[74.518s][info][gc             ] GC(495) Pause Young (Normal) (G1 Evacuation Pause) 285M->49M(387M) 5.081ms
[74.518s][info][gc,cpu         ] GC(495) User=0.01s Sys=0.00s Real=0.01s
[74.704s][info][gc,start       ] GC(496) Pause Young (Normal) (G1 Evacuation Pause)
[74.704s][info][gc,task        ] GC(496) Using 1 workers of 1 for evacuation
[74.708s][info][gc,phases      ] GC(496)   Pre Evacuate Collection Set: 0.0ms
[74.708s][info][gc,phases      ] GC(496)   Evacuate Collection Set: 2.5ms
[74.708s][info][gc,phases      ] GC(496)   Post Evacuate Collection Set: 0.3ms
[74.708s][info][gc,phases      ] GC(496)   Other: 0.3ms
[74.708s][info][gc,heap        ] GC(496) Eden regions: 231->0(231)
[74.708s][info][gc,heap        ] GC(496) Survivor regions: 1->1(29)
[74.708s][info][gc,heap        ] GC(496) Old regions: 44->44
[74.708s][info][gc,heap        ] GC(496) Humongous regions: 6->6
[74.708s][info][gc,metaspace   ] GC(496) Metaspace: 71513K->71513K(1114112K)
[74.708s][info][gc             ] GC(496) Pause Young (Normal) (G1 Evacuation Pause) 280M->49M(387M) 3.260ms
[74.708s][info][gc,cpu         ] GC(496) User=0.01s Sys=0.00s Real=0.00s
[74.819s][info][gc,start       ] GC(497) Pause Young (Normal) (G1 Evacuation Pause)
[74.819s][info][gc,task        ] GC(497) Using 1 workers of 1 for evacuation
[74.822s][info][gc,phases      ] GC(497)   Pre Evacuate Collection Set: 0.0ms
[74.822s][info][gc,phases      ] GC(497)   Evacuate Collection Set: 2.6ms
[74.822s][info][gc,phases      ] GC(497)   Post Evacuate Collection Set: 0.3ms
[74.822s][info][gc,phases      ] GC(497)   Other: 0.3ms
[74.822s][info][gc,heap        ] GC(497) Eden regions: 231->0(231)
[74.822s][info][gc,heap        ] GC(497) Survivor regions: 1->1(29)
[74.822s][info][gc,heap        ] GC(497) Old regions: 44->44
[74.822s][info][gc,heap        ] GC(497) Humongous regions: 6->6
[74.822s][info][gc,metaspace   ] GC(497) Metaspace: 71513K->71513K(1114112K)
[74.822s][info][gc             ] GC(497) Pause Young (Normal) (G1 Evacuation Pause) 280M->49M(387M) 3.351ms
[74.822s][info][gc,cpu         ] GC(497) User=0.00s Sys=0.00s Real=0.00s
[74.928s][info][gc,start       ] GC(498) Pause Young (Normal) (G1 Evacuation Pause)
[74.928s][info][gc,task        ] GC(498) Using 1 workers of 1 for evacuation
[74.931s][info][gc,phases      ] GC(498)   Pre Evacuate Collection Set: 0.0ms
[74.931s][info][gc,phases      ] GC(498)   Evacuate Collection Set: 2.6ms
[74.931s][info][gc,phases      ] GC(498)   Post Evacuate Collection Set: 0.4ms
[74.931s][info][gc,phases      ] GC(498)   Other: 0.3ms
[74.931s][info][gc,heap        ] GC(498) Eden regions: 231->0(231)
[74.931s][info][gc,heap        ] GC(498) Survivor regions: 1->1(29)
[74.931s][info][gc,heap        ] GC(498) Old regions: 44->44
[74.931s][info][gc,heap        ] GC(498) Humongous regions: 6->6
[74.931s][info][gc,metaspace   ] GC(498) Metaspace: 71513K->71513K(1114112K)
[74.931s][info][gc             ] GC(498) Pause Young (Normal) (G1 Evacuation Pause) 280M->49M(387M) 3.282ms
[74.932s][info][gc,cpu         ] GC(498) User=0.00s Sys=0.00s Real=0.01s
[75.040s][info][gc,start       ] GC(499) Pause Young (Normal) (G1 Evacuation Pause)
[75.040s][info][gc,task        ] GC(499) Using 1 workers of 1 for evacuation
[75.044s][info][gc,phases      ] GC(499)   Pre Evacuate Collection Set: 0.0ms
[75.044s][info][gc,phases      ] GC(499)   Evacuate Collection Set: 2.5ms
[75.044s][info][gc,phases      ] GC(499)   Post Evacuate Collection Set: 0.3ms
[75.044s][info][gc,phases      ] GC(499)   Other: 0.3ms
[75.044s][info][gc,heap        ] GC(499) Eden regions: 231->0(231)
[75.044s][info][gc,heap        ] GC(499) Survivor regions: 1->1(29)
[75.044s][info][gc,heap        ] GC(499) Old regions: 44->44
[75.044s][info][gc,heap        ] GC(499) Humongous regions: 6->6
[75.044s][info][gc,metaspace   ] GC(499) Metaspace: 71513K->71513K(1114112K)
[75.044s][info][gc             ] GC(499) Pause Young (Normal) (G1 Evacuation Pause) 280M->49M(387M) 3.171ms
[75.044s][info][gc,cpu         ] GC(499) User=0.00s Sys=0.00s Real=0.00s
[75.149s][info][gc,start       ] GC(500) Pause Young (Normal) (G1 Evacuation Pause)
[75.149s][info][gc,task        ] GC(500) Using 1 workers of 1 for evacuation
[75.152s][info][gc,phases      ] GC(500)   Pre Evacuate Collection Set: 0.0ms
[75.152s][info][gc,phases      ] GC(500)   Evacuate Collection Set: 2.5ms
[75.152s][info][gc,phases      ] GC(500)   Post Evacuate Collection Set: 0.3ms
[75.152s][info][gc,phases      ] GC(500)   Other: 0.3ms
[75.152s][info][gc,heap        ] GC(500) Eden regions: 231->0(231)
[75.152s][info][gc,heap        ] GC(500) Survivor regions: 1->1(29)
[75.152s][info][gc,heap        ] GC(500) Old regions: 44->44
[75.152s][info][gc,heap        ] GC(500) Humongous regions: 6->6
[75.152s][info][gc,metaspace   ] GC(500) Metaspace: 71513K->71513K(1114112K)
[75.152s][info][gc             ] GC(500) Pause Young (Normal) (G1 Evacuation Pause) 280M->49M(387M) 3.222ms
[75.152s][info][gc,cpu         ] GC(500) User=0.00s Sys=0.00s Real=0.01s
[75.259s][info][gc,start       ] GC(501) Pause Young (Normal) (G1 Evacuation Pause)
[75.259s][info][gc,task        ] GC(501) Using 1 workers of 1 for evacuation
[75.262s][info][gc,phases      ] GC(501)   Pre Evacuate Collection Set: 0.0ms
[75.262s][info][gc,phases      ] GC(501)   Evacuate Collection Set: 2.5ms
[75.262s][info][gc,phases      ] GC(501)   Post Evacuate Collection Set: 0.3ms
[75.262s][info][gc,phases      ] GC(501)   Other: 0.3ms
[75.262s][info][gc,heap        ] GC(501) Eden regions: 231->0(231)
[75.262s][info][gc,heap        ] GC(501) Survivor regions: 1->1(29)
[75.262s][info][gc,heap        ] GC(501) Old regions: 44->44
[75.262s][info][gc,heap        ] GC(501) Humongous regions: 6->6
[75.262s][info][gc,metaspace   ] GC(501) Metaspace: 71513K->71513K(1114112K)
[75.262s][info][gc             ] GC(501) Pause Young (Normal) (G1 Evacuation Pause) 280M->49M(387M) 3.175ms
[75.262s][info][gc,cpu         ] GC(501) User=0.00s Sys=0.00s Real=0.00s
[75.376s][info][gc,start       ] GC(502) Pause Young (Normal) (G1 Evacuation Pause)
[75.376s][info][gc,task        ] GC(502) Using 1 workers of 1 for evacuation
[75.379s][info][gc,phases      ] GC(502)   Pre Evacuate Collection Set: 0.0ms
[75.379s][info][gc,phases      ] GC(502)   Evacuate Collection Set: 2.5ms
[75.379s][info][gc,phases      ] GC(502)   Post Evacuate Collection Set: 0.3ms
[75.379s][info][gc,phases      ] GC(502)   Other: 0.3ms
[75.379s][info][gc,heap        ] GC(502) Eden regions: 231->0(231)
[75.379s][info][gc,heap        ] GC(502) Survivor regions: 1->1(29)
[75.379s][info][gc,heap        ] GC(502) Old regions: 44->44
[75.379s][info][gc,heap        ] GC(502) Humongous regions: 6->6
[75.379s][info][gc,metaspace   ] GC(502) Metaspace: 71513K->71513K(1114112K)
[75.379s][info][gc             ] GC(502) Pause Young (Normal) (G1 Evacuation Pause) 280M->49M(387M) 3.231ms
[75.379s][info][gc,cpu         ] GC(502) User=0.00s Sys=0.00s Real=0.01s
[75.533s][info][gc,start       ] GC(503) Pause Young (Normal) (G1 Evacuation Pause)
[75.533s][info][gc,task        ] GC(503) Using 1 workers of 1 for evacuation
[75.536s][info][gc,phases      ] GC(503)   Pre Evacuate Collection Set: 0.0ms
[75.536s][info][gc,phases      ] GC(503)   Evacuate Collection Set: 2.3ms
[75.536s][info][gc,phases      ] GC(503)   Post Evacuate Collection Set: 0.3ms
[75.536s][info][gc,phases      ] GC(503)   Other: 0.4ms
[75.536s][info][gc,heap        ] GC(503) Eden regions: 231->0(231)
[75.536s][info][gc,heap        ] GC(503) Survivor regions: 1->1(29)
[75.536s][info][gc,heap        ] GC(503) Old regions: 44->44
[75.536s][info][gc,heap        ] GC(503) Humongous regions: 11->6
[75.536s][info][gc,metaspace   ] GC(503) Metaspace: 71522K->71522K(1114112K)
[75.536s][info][gc             ] GC(503) Pause Young (Normal) (G1 Evacuation Pause) 285M->49M(387M) 3.173ms
[75.537s][info][gc,cpu         ] GC(503) User=0.01s Sys=0.00s Real=0.00s
[75.668s][info][gc,start       ] GC(504) Pause Young (Normal) (G1 Evacuation Pause)
[75.668s][info][gc,task        ] GC(504) Using 1 workers of 1 for evacuation
[75.671s][info][gc,phases      ] GC(504)   Pre Evacuate Collection Set: 0.0ms
[75.671s][info][gc,phases      ] GC(504)   Evacuate Collection Set: 2.3ms
[75.671s][info][gc,phases      ] GC(504)   Post Evacuate Collection Set: 0.3ms
[75.671s][info][gc,phases      ] GC(504)   Other: 0.3ms
[75.671s][info][gc,heap        ] GC(504) Eden regions: 231->0(231)
[75.671s][info][gc,heap        ] GC(504) Survivor regions: 1->1(29)
[75.671s][info][gc,heap        ] GC(504) Old regions: 44->44
[75.671s][info][gc,heap        ] GC(504) Humongous regions: 6->6
[75.671s][info][gc,metaspace   ] GC(504) Metaspace: 71522K->71522K(1114112K)
[75.671s][info][gc             ] GC(504) Pause Young (Normal) (G1 Evacuation Pause) 280M->48M(387M) 3.013ms
[75.671s][info][gc,cpu         ] GC(504) User=0.00s Sys=0.00s Real=0.01s
[75.781s][info][gc,start       ] GC(505) Pause Young (Normal) (G1 Evacuation Pause)
[75.781s][info][gc,task        ] GC(505) Using 1 workers of 1 for evacuation
[75.784s][info][gc,phases      ] GC(505)   Pre Evacuate Collection Set: 0.0ms
[75.784s][info][gc,phases      ] GC(505)   Evacuate Collection Set: 2.2ms
[75.784s][info][gc,phases      ] GC(505)   Post Evacuate Collection Set: 0.3ms
[75.784s][info][gc,phases      ] GC(505)   Other: 0.3ms
[75.784s][info][gc,heap        ] GC(505) Eden regions: 231->0(231)
[75.784s][info][gc,heap        ] GC(505) Survivor regions: 1->1(29)
[75.784s][info][gc,heap        ] GC(505) Old regions: 44->44
[75.784s][info][gc,heap        ] GC(505) Humongous regions: 6->6
[75.784s][info][gc,metaspace   ] GC(505) Metaspace: 71522K->71522K(1114112K)
[75.784s][info][gc             ] GC(505) Pause Young (Normal) (G1 Evacuation Pause) 279M->48M(387M) 2.925ms
[75.784s][info][gc,cpu         ] GC(505) User=0.00s Sys=0.00s Real=0.00s
[75.891s][info][gc,start       ] GC(506) Pause Young (Normal) (G1 Evacuation Pause)
[75.891s][info][gc,task        ] GC(506) Using 1 workers of 1 for evacuation
[75.894s][info][gc,phases      ] GC(506)   Pre Evacuate Collection Set: 0.0ms
[75.894s][info][gc,phases      ] GC(506)   Evacuate Collection Set: 2.2ms
[75.894s][info][gc,phases      ] GC(506)   Post Evacuate Collection Set: 0.4ms
[75.894s][info][gc,phases      ] GC(506)   Other: 0.3ms
[75.894s][info][gc,heap        ] GC(506) Eden regions: 231->0(231)
[75.894s][info][gc,heap        ] GC(506) Survivor regions: 1->1(29)
[75.894s][info][gc,heap        ] GC(506) Old regions: 44->44
[75.894s][info][gc,heap        ] GC(506) Humongous regions: 6->6
[75.894s][info][gc,metaspace   ] GC(506) Metaspace: 71522K->71522K(1114112K)
[75.894s][info][gc             ] GC(506) Pause Young (Normal) (G1 Evacuation Pause) 279M->49M(387M) 2.971ms
[75.894s][info][gc,cpu         ] GC(506) User=0.00s Sys=0.00s Real=0.00s
[76.003s][info][gc,start       ] GC(507) Pause Young (Normal) (G1 Evacuation Pause)
[76.003s][info][gc,task        ] GC(507) Using 1 workers of 1 for evacuation
[76.007s][info][gc,phases      ] GC(507)   Pre Evacuate Collection Set: 0.0ms
[76.007s][info][gc,phases      ] GC(507)   Evacuate Collection Set: 2.6ms
[76.007s][info][gc,phases      ] GC(507)   Post Evacuate Collection Set: 0.3ms
[76.007s][info][gc,phases      ] GC(507)   Other: 0.3ms
[76.007s][info][gc,heap        ] GC(507) Eden regions: 231->0(231)
[76.007s][info][gc,heap        ] GC(507) Survivor regions: 1->1(29)
[76.007s][info][gc,heap        ] GC(507) Old regions: 44->44
[76.007s][info][gc,heap        ] GC(507) Humongous regions: 6->6
[76.007s][info][gc,metaspace   ] GC(507) Metaspace: 71522K->71522K(1114112K)
[76.007s][info][gc             ] GC(507) Pause Young (Normal) (G1 Evacuation Pause) 280M->49M(387M) 3.304ms
[76.007s][info][gc,cpu         ] GC(507) User=0.00s Sys=0.00s Real=0.00s
[76.120s][info][gc,start       ] GC(508) Pause Young (Normal) (G1 Evacuation Pause)
[76.120s][info][gc,task        ] GC(508) Using 1 workers of 1 for evacuation
[76.123s][info][gc,phases      ] GC(508)   Pre Evacuate Collection Set: 0.0ms
[76.123s][info][gc,phases      ] GC(508)   Evacuate Collection Set: 2.4ms
[76.123s][info][gc,phases      ] GC(508)   Post Evacuate Collection Set: 0.4ms
[76.123s][info][gc,phases      ] GC(508)   Other: 0.3ms
[76.123s][info][gc,heap        ] GC(508) Eden regions: 231->0(231)
[76.123s][info][gc,heap        ] GC(508) Survivor regions: 1->1(29)
[76.123s][info][gc,heap        ] GC(508) Old regions: 44->44
[76.123s][info][gc,heap        ] GC(508) Humongous regions: 6->6
[76.123s][info][gc,metaspace   ] GC(508) Metaspace: 71522K->71522K(1114112K)
[76.123s][info][gc             ] GC(508) Pause Young (Normal) (G1 Evacuation Pause) 280M->49M(387M) 3.041ms
[76.123s][info][gc,cpu         ] GC(508) User=0.00s Sys=0.00s Real=0.00s
[76.233s][info][gc,start       ] GC(509) Pause Young (Normal) (G1 Evacuation Pause)
[76.233s][info][gc,task        ] GC(509) Using 1 workers of 1 for evacuation
[76.236s][info][gc,phases      ] GC(509)   Pre Evacuate Collection Set: 0.0ms
[76.236s][info][gc,phases      ] GC(509)   Evacuate Collection Set: 2.4ms
[76.236s][info][gc,phases      ] GC(509)   Post Evacuate Collection Set: 0.4ms
[76.236s][info][gc,phases      ] GC(509)   Other: 0.3ms
[76.236s][info][gc,heap        ] GC(509) Eden regions: 231->0(231)
[76.236s][info][gc,heap        ] GC(509) Survivor regions: 1->1(29)
[76.236s][info][gc,heap        ] GC(509) Old regions: 44->44
[76.236s][info][gc,heap        ] GC(509) Humongous regions: 6->6
[76.236s][info][gc,metaspace   ] GC(509) Metaspace: 71522K->71522K(1114112K)
[76.236s][info][gc             ] GC(509) Pause Young (Normal) (G1 Evacuation Pause) 280M->49M(387M) 3.147ms
[76.236s][info][gc,cpu         ] GC(509) User=0.00s Sys=0.00s Real=0.00s
[76.349s][info][gc,start       ] GC(510) Pause Young (Normal) (G1 Evacuation Pause)
[76.349s][info][gc,task        ] GC(510) Using 1 workers of 1 for evacuation
[76.352s][info][gc,phases      ] GC(510)   Pre Evacuate Collection Set: 0.0ms
[76.352s][info][gc,phases      ] GC(510)   Evacuate Collection Set: 2.6ms
[76.352s][info][gc,phases      ] GC(510)   Post Evacuate Collection Set: 0.3ms
[76.352s][info][gc,phases      ] GC(510)   Other: 0.4ms
[76.352s][info][gc,heap        ] GC(510) Eden regions: 231->0(231)
[76.352s][info][gc,heap        ] GC(510) Survivor regions: 1->1(29)
[76.352s][info][gc,heap        ] GC(510) Old regions: 44->44
[76.352s][info][gc,heap        ] GC(510) Humongous regions: 6->6
[76.352s][info][gc,metaspace   ] GC(510) Metaspace: 71522K->71522K(1114112K)
[76.352s][info][gc             ] GC(510) Pause Young (Normal) (G1 Evacuation Pause) 280M->49M(387M) 3.364ms
[76.352s][info][gc,cpu         ] GC(510) User=0.00s Sys=0.00s Real=0.01s
[76.498s][info][gc,start       ] GC(511) Pause Young (Normal) (G1 Evacuation Pause)
[76.498s][info][gc,task        ] GC(511) Using 1 workers of 1 for evacuation
[76.501s][info][gc,phases      ] GC(511)   Pre Evacuate Collection Set: 0.0ms
[76.501s][info][gc,phases      ] GC(511)   Evacuate Collection Set: 2.6ms
[76.501s][info][gc,phases      ] GC(511)   Post Evacuate Collection Set: 0.4ms
[76.501s][info][gc,phases      ] GC(511)   Other: 0.3ms
[76.501s][info][gc,heap        ] GC(511) Eden regions: 231->0(231)
[76.502s][info][gc,heap        ] GC(511) Survivor regions: 1->1(29)
[76.502s][info][gc,heap        ] GC(511) Old regions: 44->44
[76.502s][info][gc,heap        ] GC(511) Humongous regions: 11->6
[76.502s][info][gc,metaspace   ] GC(511) Metaspace: 71525K->71525K(1114112K)
[76.502s][info][gc             ] GC(511) Pause Young (Normal) (G1 Evacuation Pause) 285M->49M(387M) 3.267ms
[76.502s][info][gc,cpu         ] GC(511) User=0.00s Sys=0.00s Real=0.00s
[76.608s][info][gc,start       ] GC(512) Pause Young (Normal) (G1 Evacuation Pause)
[76.608s][info][gc,task        ] GC(512) Using 1 workers of 1 for evacuation
[76.611s][info][gc,phases      ] GC(512)   Pre Evacuate Collection Set: 0.0ms
[76.611s][info][gc,phases      ] GC(512)   Evacuate Collection Set: 2.5ms
[76.611s][info][gc,phases      ] GC(512)   Post Evacuate Collection Set: 0.3ms
[76.611s][info][gc,phases      ] GC(512)   Other: 0.3ms
[76.611s][info][gc,heap        ] GC(512) Eden regions: 231->0(231)
[76.611s][info][gc,heap        ] GC(512) Survivor regions: 1->1(29)
[76.611s][info][gc,heap        ] GC(512) Old regions: 44->44
[76.611s][info][gc,heap        ] GC(512) Humongous regions: 6->6
[76.611s][info][gc,metaspace   ] GC(512) Metaspace: 71526K->71526K(1114112K)
[76.611s][info][gc             ] GC(512) Pause Young (Normal) (G1 Evacuation Pause) 280M->49M(387M) 3.113ms
[76.611s][info][gc,cpu         ] GC(512) User=0.01s Sys=0.00s Real=0.01s
[76.717s][info][gc,start       ] GC(513) Pause Young (Normal) (G1 Evacuation Pause)
[76.717s][info][gc,task        ] GC(513) Using 1 workers of 1 for evacuation
[76.720s][info][gc,phases      ] GC(513)   Pre Evacuate Collection Set: 0.0ms
[76.720s][info][gc,phases      ] GC(513)   Evacuate Collection Set: 2.5ms
[76.720s][info][gc,phases      ] GC(513)   Post Evacuate Collection Set: 0.3ms
[76.720s][info][gc,phases      ] GC(513)   Other: 0.3ms
[76.720s][info][gc,heap        ] GC(513) Eden regions: 231->0(231)
[76.720s][info][gc,heap        ] GC(513) Survivor regions: 1->1(29)
[76.720s][info][gc,heap        ] GC(513) Old regions: 44->44
[76.720s][info][gc,heap        ] GC(513) Humongous regions: 6->6
[76.720s][info][gc,metaspace   ] GC(513) Metaspace: 71526K->71526K(1114112K)
[76.720s][info][gc             ] GC(513) Pause Young (Normal) (G1 Evacuation Pause) 280M->49M(387M) 3.217ms
[76.720s][info][gc,cpu         ] GC(513) User=0.01s Sys=0.00s Real=0.01s
[76.833s][info][gc,start       ] GC(514) Pause Young (Normal) (G1 Evacuation Pause)
[76.833s][info][gc,task        ] GC(514) Using 1 workers of 1 for evacuation
[76.836s][info][gc,phases      ] GC(514)   Pre Evacuate Collection Set: 0.0ms
[76.836s][info][gc,phases      ] GC(514)   Evacuate Collection Set: 2.6ms
[76.836s][info][gc,phases      ] GC(514)   Post Evacuate Collection Set: 0.3ms
[76.836s][info][gc,phases      ] GC(514)   Other: 0.3ms
[76.836s][info][gc,heap        ] GC(514) Eden regions: 231->0(231)
[76.836s][info][gc,heap        ] GC(514) Survivor regions: 1->1(29)
[76.836s][info][gc,heap        ] GC(514) Old regions: 44->44
[76.836s][info][gc,heap        ] GC(514) Humongous regions: 6->6
[76.836s][info][gc,metaspace   ] GC(514) Metaspace: 71526K->71526K(1114112K)
[76.836s][info][gc             ] GC(514) Pause Young (Normal) (G1 Evacuation Pause) 280M->49M(387M) 3.362ms
[76.836s][info][gc,cpu         ] GC(514) User=0.00s Sys=0.00s Real=0.00s
[76.947s][info][gc,start       ] GC(515) Pause Young (Normal) (G1 Evacuation Pause)
[76.947s][info][gc,task        ] GC(515) Using 1 workers of 1 for evacuation
[76.951s][info][gc,phases      ] GC(515)   Pre Evacuate Collection Set: 0.0ms
[76.951s][info][gc,phases      ] GC(515)   Evacuate Collection Set: 2.4ms
[76.951s][info][gc,phases      ] GC(515)   Post Evacuate Collection Set: 0.3ms
[76.951s][info][gc,phases      ] GC(515)   Other: 0.3ms
[76.951s][info][gc,heap        ] GC(515) Eden regions: 231->0(231)
[76.951s][info][gc,heap        ] GC(515) Survivor regions: 1->1(29)
[76.951s][info][gc,heap        ] GC(515) Old regions: 44->44
[76.951s][info][gc,heap        ] GC(515) Humongous regions: 6->6
[76.951s][info][gc,metaspace   ] GC(515) Metaspace: 71526K->71526K(1114112K)
[76.951s][info][gc             ] GC(515) Pause Young (Normal) (G1 Evacuation Pause) 280M->49M(387M) 3.968ms
[76.951s][info][gc,cpu         ] GC(515) User=0.01s Sys=0.00s Real=0.01s
[77.058s][info][gc,start       ] GC(516) Pause Young (Normal) (G1 Evacuation Pause)
[77.058s][info][gc,task        ] GC(516) Using 1 workers of 1 for evacuation
[77.061s][info][gc,phases      ] GC(516)   Pre Evacuate Collection Set: 0.0ms
[77.061s][info][gc,phases      ] GC(516)   Evacuate Collection Set: 2.4ms
[77.061s][info][gc,phases      ] GC(516)   Post Evacuate Collection Set: 0.3ms
[77.061s][info][gc,phases      ] GC(516)   Other: 0.3ms
[77.061s][info][gc,heap        ] GC(516) Eden regions: 231->0(231)
[77.061s][info][gc,heap        ] GC(516) Survivor regions: 1->1(29)
[77.061s][info][gc,heap        ] GC(516) Old regions: 44->44
[77.061s][info][gc,heap        ] GC(516) Humongous regions: 6->6
[77.061s][info][gc,metaspace   ] GC(516) Metaspace: 71526K->71526K(1114112K)
[77.061s][info][gc             ] GC(516) Pause Young (Normal) (G1 Evacuation Pause) 280M->49M(387M) 3.084ms
[77.061s][info][gc,cpu         ] GC(516) User=0.01s Sys=0.00s Real=0.00s
[77.176s][info][gc,start       ] GC(517) Pause Young (Normal) (G1 Evacuation Pause)
[77.176s][info][gc,task        ] GC(517) Using 1 workers of 1 for evacuation
[77.179s][info][gc,phases      ] GC(517)   Pre Evacuate Collection Set: 0.0ms
[77.179s][info][gc,phases      ] GC(517)   Evacuate Collection Set: 2.5ms
[77.179s][info][gc,phases      ] GC(517)   Post Evacuate Collection Set: 0.3ms
[77.179s][info][gc,phases      ] GC(517)   Other: 0.3ms
[77.179s][info][gc,heap        ] GC(517) Eden regions: 231->0(231)
[77.179s][info][gc,heap        ] GC(517) Survivor regions: 1->1(29)
[77.179s][info][gc,heap        ] GC(517) Old regions: 44->44
[77.179s][info][gc,heap        ] GC(517) Humongous regions: 6->6
[77.179s][info][gc,metaspace   ] GC(517) Metaspace: 71526K->71526K(1114112K)
[77.179s][info][gc             ] GC(517) Pause Young (Normal) (G1 Evacuation Pause) 280M->49M(387M) 3.220ms
[77.180s][info][gc,cpu         ] GC(517) User=0.00s Sys=0.00s Real=0.01s
[77.286s][info][gc,start       ] GC(518) Pause Young (Normal) (G1 Evacuation Pause)
[77.286s][info][gc,task        ] GC(518) Using 1 workers of 1 for evacuation
[77.289s][info][gc,phases      ] GC(518)   Pre Evacuate Collection Set: 0.0ms
[77.289s][info][gc,phases      ] GC(518)   Evacuate Collection Set: 2.4ms
[77.289s][info][gc,phases      ] GC(518)   Post Evacuate Collection Set: 0.3ms
[77.289s][info][gc,phases      ] GC(518)   Other: 0.3ms
[77.289s][info][gc,heap        ] GC(518) Eden regions: 231->0(231)
[77.289s][info][gc,heap        ] GC(518) Survivor regions: 1->1(29)
[77.289s][info][gc,heap        ] GC(518) Old regions: 44->44
[77.289s][info][gc,heap        ] GC(518) Humongous regions: 6->6
[77.289s][info][gc,metaspace   ] GC(518) Metaspace: 71526K->71526K(1114112K)
[77.289s][info][gc             ] GC(518) Pause Young (Normal) (G1 Evacuation Pause) 280M->49M(387M) 3.068ms
[77.289s][info][gc,cpu         ] GC(518) User=0.00s Sys=0.00s Real=0.00s
[77.425s][info][gc,start       ] GC(519) Pause Young (Normal) (G1 Evacuation Pause)
[77.425s][info][gc,task        ] GC(519) Using 1 workers of 1 for evacuation
[77.429s][info][gc,phases      ] GC(519)   Pre Evacuate Collection Set: 0.0ms
[77.429s][info][gc,phases      ] GC(519)   Evacuate Collection Set: 3.4ms
[77.429s][info][gc,phases      ] GC(519)   Post Evacuate Collection Set: 0.4ms
[77.429s][info][gc,phases      ] GC(519)   Other: 0.3ms
[77.429s][info][gc,heap        ] GC(519) Eden regions: 231->0(231)
[77.429s][info][gc,heap        ] GC(519) Survivor regions: 1->1(29)
[77.429s][info][gc,heap        ] GC(519) Old regions: 44->44
[77.429s][info][gc,heap        ] GC(519) Humongous regions: 11->6
[77.429s][info][gc,metaspace   ] GC(519) Metaspace: 71526K->71526K(1114112K)
[77.429s][info][gc             ] GC(519) Pause Young (Normal) (G1 Evacuation Pause) 285M->49M(387M) 4.143ms
[77.429s][info][gc,cpu         ] GC(519) User=0.00s Sys=0.00s Real=0.00s
[77.592s][info][gc,start       ] GC(520) Pause Young (Normal) (G1 Evacuation Pause)
[77.592s][info][gc,task        ] GC(520) Using 1 workers of 1 for evacuation
[77.595s][info][gc,phases      ] GC(520)   Pre Evacuate Collection Set: 0.0ms
[77.595s][info][gc,phases      ] GC(520)   Evacuate Collection Set: 2.4ms
[77.595s][info][gc,phases      ] GC(520)   Post Evacuate Collection Set: 0.3ms
[77.595s][info][gc,phases      ] GC(520)   Other: 0.3ms
[77.595s][info][gc,heap        ] GC(520) Eden regions: 231->0(231)
[77.595s][info][gc,heap        ] GC(520) Survivor regions: 1->1(29)
[77.595s][info][gc,heap        ] GC(520) Old regions: 44->44
[77.595s][info][gc,heap        ] GC(520) Humongous regions: 6->6
[77.595s][info][gc,metaspace   ] GC(520) Metaspace: 71527K->71527K(1114112K)
[77.595s][info][gc             ] GC(520) Pause Young (Normal) (G1 Evacuation Pause) 280M->49M(387M) 3.113ms
[77.595s][info][gc,cpu         ] GC(520) User=0.00s Sys=0.00s Real=0.00s
[77.701s][info][gc,start       ] GC(521) Pause Young (Normal) (G1 Evacuation Pause)
[77.701s][info][gc,task        ] GC(521) Using 1 workers of 1 for evacuation
[77.704s][info][gc,phases      ] GC(521)   Pre Evacuate Collection Set: 0.0ms
[77.704s][info][gc,phases      ] GC(521)   Evacuate Collection Set: 2.4ms
[77.704s][info][gc,phases      ] GC(521)   Post Evacuate Collection Set: 0.3ms
[77.704s][info][gc,phases      ] GC(521)   Other: 0.3ms
[77.704s][info][gc,heap        ] GC(521) Eden regions: 231->0(231)
[77.704s][info][gc,heap        ] GC(521) Survivor regions: 1->1(29)
[77.704s][info][gc,heap        ] GC(521) Old regions: 44->44
[77.704s][info][gc,heap        ] GC(521) Humongous regions: 6->6
[77.704s][info][gc,metaspace   ] GC(521) Metaspace: 71527K->71527K(1114112K)
[77.704s][info][gc             ] GC(521) Pause Young (Normal) (G1 Evacuation Pause) 280M->49M(387M) 3.072ms
[77.704s][info][gc,cpu         ] GC(521) User=0.01s Sys=0.00s Real=0.00s
[77.825s][info][gc,start       ] GC(522) Pause Young (Normal) (G1 Evacuation Pause)
[77.825s][info][gc,task        ] GC(522) Using 1 workers of 1 for evacuation
[77.828s][info][gc,phases      ] GC(522)   Pre Evacuate Collection Set: 0.0ms
[77.828s][info][gc,phases      ] GC(522)   Evacuate Collection Set: 2.4ms
[77.828s][info][gc,phases      ] GC(522)   Post Evacuate Collection Set: 0.3ms
[77.828s][info][gc,phases      ] GC(522)   Other: 0.3ms
[77.828s][info][gc,heap        ] GC(522) Eden regions: 231->0(231)
[77.828s][info][gc,heap        ] GC(522) Survivor regions: 1->1(29)
[77.828s][info][gc,heap        ] GC(522) Old regions: 44->44
[77.828s][info][gc,heap        ] GC(522) Humongous regions: 6->6
[77.828s][info][gc,metaspace   ] GC(522) Metaspace: 71527K->71527K(1114112K)
[77.828s][info][gc             ] GC(522) Pause Young (Normal) (G1 Evacuation Pause) 280M->49M(387M) 3.089ms
[77.828s][info][gc,cpu         ] GC(522) User=0.00s Sys=0.00s Real=0.00s
[77.942s][info][gc,start       ] GC(523) Pause Young (Normal) (G1 Evacuation Pause)
[77.942s][info][gc,task        ] GC(523) Using 1 workers of 1 for evacuation
[77.946s][info][gc,phases      ] GC(523)   Pre Evacuate Collection Set: 0.0ms
[77.947s][info][gc,phases      ] GC(523)   Evacuate Collection Set: 3.4ms
[77.947s][info][gc,phases      ] GC(523)   Post Evacuate Collection Set: 0.4ms
[77.947s][info][gc,phases      ] GC(523)   Other: 0.3ms
[77.947s][info][gc,heap        ] GC(523) Eden regions: 231->0(231)
[77.947s][info][gc,heap        ] GC(523) Survivor regions: 1->1(29)
[77.947s][info][gc,heap        ] GC(523) Old regions: 44->44
[77.947s][info][gc,heap        ] GC(523) Humongous regions: 6->6
[77.947s][info][gc,metaspace   ] GC(523) Metaspace: 71527K->71527K(1114112K)
[77.947s][info][gc             ] GC(523) Pause Young (Normal) (G1 Evacuation Pause) 280M->49M(387M) 4.218ms
[77.947s][info][gc,cpu         ] GC(523) User=0.00s Sys=0.00s Real=0.00s
[78.056s][info][gc,start       ] GC(524) Pause Young (Normal) (G1 Evacuation Pause)
[78.056s][info][gc,task        ] GC(524) Using 1 workers of 1 for evacuation
[78.059s][info][gc,phases      ] GC(524)   Pre Evacuate Collection Set: 0.0ms
[78.059s][info][gc,phases      ] GC(524)   Evacuate Collection Set: 2.5ms
[78.059s][info][gc,phases      ] GC(524)   Post Evacuate Collection Set: 0.3ms
[78.059s][info][gc,phases      ] GC(524)   Other: 0.3ms
[78.059s][info][gc,heap        ] GC(524) Eden regions: 231->0(231)
[78.059s][info][gc,heap        ] GC(524) Survivor regions: 1->1(29)
[78.059s][info][gc,heap        ] GC(524) Old regions: 44->44
[78.059s][info][gc,heap        ] GC(524) Humongous regions: 6->6
[78.059s][info][gc,metaspace   ] GC(524) Metaspace: 71527K->71527K(1114112K)
[78.059s][info][gc             ] GC(524) Pause Young (Normal) (G1 Evacuation Pause) 280M->49M(387M) 3.187ms
[78.059s][info][gc,cpu         ] GC(524) User=0.00s Sys=0.00s Real=0.01s
[78.168s][info][gc,start       ] GC(525) Pause Young (Normal) (G1 Evacuation Pause)
[78.168s][info][gc,task        ] GC(525) Using 1 workers of 1 for evacuation
[78.173s][info][gc,phases      ] GC(525)   Pre Evacuate Collection Set: 0.0ms
[78.173s][info][gc,phases      ] GC(525)   Evacuate Collection Set: 4.1ms
[78.173s][info][gc,phases      ] GC(525)   Post Evacuate Collection Set: 0.6ms
[78.173s][info][gc,phases      ] GC(525)   Other: 0.4ms
[78.173s][info][gc,heap        ] GC(525) Eden regions: 231->0(231)
[78.173s][info][gc,heap        ] GC(525) Survivor regions: 1->1(29)
[78.173s][info][gc,heap        ] GC(525) Old regions: 44->44
[78.173s][info][gc,heap        ] GC(525) Humongous regions: 6->6
[78.173s][info][gc,metaspace   ] GC(525) Metaspace: 71527K->71527K(1114112K)
[78.173s][info][gc             ] GC(525) Pause Young (Normal) (G1 Evacuation Pause) 280M->49M(387M) 5.217ms
[78.173s][info][gc,cpu         ] GC(525) User=0.01s Sys=0.00s Real=0.01s
[78.286s][info][gc,start       ] GC(526) Pause Young (Normal) (G1 Evacuation Pause)
[78.286s][info][gc,task        ] GC(526) Using 1 workers of 1 for evacuation
[78.289s][info][gc,phases      ] GC(526)   Pre Evacuate Collection Set: 0.0ms
[78.289s][info][gc,phases      ] GC(526)   Evacuate Collection Set: 2.6ms
[78.289s][info][gc,phases      ] GC(526)   Post Evacuate Collection Set: 0.3ms
[78.289s][info][gc,phases      ] GC(526)   Other: 0.3ms
[78.289s][info][gc,heap        ] GC(526) Eden regions: 231->0(231)
[78.289s][info][gc,heap        ] GC(526) Survivor regions: 1->1(29)
[78.289s][info][gc,heap        ] GC(526) Old regions: 44->44
[78.289s][info][gc,heap        ] GC(526) Humongous regions: 6->6
[78.289s][info][gc,metaspace   ] GC(526) Metaspace: 71527K->71527K(1114112K)
[78.289s][info][gc             ] GC(526) Pause Young (Normal) (G1 Evacuation Pause) 280M->49M(387M) 3.254ms
[78.289s][info][gc,cpu         ] GC(526) User=0.00s Sys=0.00s Real=0.00s
[78.450s][info][gc,start       ] GC(527) Pause Young (Normal) (G1 Evacuation Pause)
[78.450s][info][gc,task        ] GC(527) Using 1 workers of 1 for evacuation
[78.454s][info][gc,phases      ] GC(527)   Pre Evacuate Collection Set: 0.0ms
[78.455s][info][gc,phases      ] GC(527)   Evacuate Collection Set: 3.8ms
[78.455s][info][gc,phases      ] GC(527)   Post Evacuate Collection Set: 0.4ms
[78.455s][info][gc,phases      ] GC(527)   Other: 0.3ms
[78.455s][info][gc,heap        ] GC(527) Eden regions: 231->0(231)
[78.455s][info][gc,heap        ] GC(527) Survivor regions: 1->1(29)
[78.455s][info][gc,heap        ] GC(527) Old regions: 44->44
[78.455s][info][gc,heap        ] GC(527) Humongous regions: 11->6
[78.455s][info][gc,metaspace   ] GC(527) Metaspace: 71534K->71534K(1114112K)
[78.455s][info][gc             ] GC(527) Pause Young (Normal) (G1 Evacuation Pause) 285M->49M(387M) 4.621ms
[78.455s][info][gc,cpu         ] GC(527) User=0.01s Sys=0.00s Real=0.00s
[78.678s][info][gc,start       ] GC(528) Pause Young (Normal) (G1 Evacuation Pause)
[78.678s][info][gc,task        ] GC(528) Using 1 workers of 1 for evacuation
[78.681s][info][gc,phases      ] GC(528)   Pre Evacuate Collection Set: 0.0ms
[78.681s][info][gc,phases      ] GC(528)   Evacuate Collection Set: 2.6ms
[78.681s][info][gc,phases      ] GC(528)   Post Evacuate Collection Set: 0.4ms
[78.681s][info][gc,phases      ] GC(528)   Other: 0.4ms
[78.681s][info][gc,heap        ] GC(528) Eden regions: 231->0(231)
[78.681s][info][gc,heap        ] GC(528) Survivor regions: 1->1(29)
[78.681s][info][gc,heap        ] GC(528) Old regions: 44->44
[78.681s][info][gc,heap        ] GC(528) Humongous regions: 6->6
[78.681s][info][gc,metaspace   ] GC(528) Metaspace: 71535K->71535K(1114112K)
[78.681s][info][gc             ] GC(528) Pause Young (Normal) (G1 Evacuation Pause) 280M->49M(387M) 3.489ms
[78.681s][info][gc,cpu         ] GC(528) User=0.00s Sys=0.00s Real=0.00s
[78.906s][info][gc,start       ] GC(529) Pause Young (Normal) (G1 Evacuation Pause)
[78.907s][info][gc,task        ] GC(529) Using 1 workers of 1 for evacuation
[78.910s][info][gc,phases      ] GC(529)   Pre Evacuate Collection Set: 0.0ms
[78.910s][info][gc,phases      ] GC(529)   Evacuate Collection Set: 2.6ms
[78.910s][info][gc,phases      ] GC(529)   Post Evacuate Collection Set: 0.4ms
[78.910s][info][gc,phases      ] GC(529)   Other: 0.8ms
[78.910s][info][gc,heap        ] GC(529) Eden regions: 231->0(231)
[78.910s][info][gc,heap        ] GC(529) Survivor regions: 1->1(29)
[78.910s][info][gc,heap        ] GC(529) Old regions: 44->44
[78.910s][info][gc,heap        ] GC(529) Humongous regions: 6->6
[78.910s][info][gc,metaspace   ] GC(529) Metaspace: 71535K->71535K(1114112K)
[78.910s][info][gc             ] GC(529) Pause Young (Normal) (G1 Evacuation Pause) 280M->49M(387M) 3.925ms
[78.910s][info][gc,cpu         ] GC(529) User=0.00s Sys=0.00s Real=0.01s
[79.131s][info][gc,start       ] GC(530) Pause Young (Normal) (G1 Evacuation Pause)
[79.131s][info][gc,task        ] GC(530) Using 1 workers of 1 for evacuation
[79.135s][info][gc,phases      ] GC(530)   Pre Evacuate Collection Set: 0.0ms
[79.135s][info][gc,phases      ] GC(530)   Evacuate Collection Set: 2.7ms
[79.135s][info][gc,phases      ] GC(530)   Post Evacuate Collection Set: 0.3ms
[79.135s][info][gc,phases      ] GC(530)   Other: 0.4ms
[79.135s][info][gc,heap        ] GC(530) Eden regions: 231->0(231)
[79.135s][info][gc,heap        ] GC(530) Survivor regions: 1->1(29)
[79.135s][info][gc,heap        ] GC(530) Old regions: 44->44
[79.135s][info][gc,heap        ] GC(530) Humongous regions: 6->6
[79.135s][info][gc,metaspace   ] GC(530) Metaspace: 71535K->71535K(1114112K)
[79.135s][info][gc             ] GC(530) Pause Young (Normal) (G1 Evacuation Pause) 280M->49M(387M) 3.509ms
[79.135s][info][gc,cpu         ] GC(530) User=0.00s Sys=0.00s Real=0.00s
[79.272s][info][gc,start       ] GC(531) Pause Young (Normal) (G1 Evacuation Pause)
[79.272s][info][gc,task        ] GC(531) Using 1 workers of 1 for evacuation
[79.275s][info][gc,phases      ] GC(531)   Pre Evacuate Collection Set: 0.0ms
[79.275s][info][gc,phases      ] GC(531)   Evacuate Collection Set: 2.6ms
[79.275s][info][gc,phases      ] GC(531)   Post Evacuate Collection Set: 0.3ms
[79.275s][info][gc,phases      ] GC(531)   Other: 0.3ms
[79.275s][info][gc,heap        ] GC(531) Eden regions: 231->0(231)
[79.275s][info][gc,heap        ] GC(531) Survivor regions: 1->1(29)
[79.275s][info][gc,heap        ] GC(531) Old regions: 44->44
[79.275s][info][gc,heap        ] GC(531) Humongous regions: 6->6
[79.275s][info][gc,metaspace   ] GC(531) Metaspace: 71535K->71535K(1114112K)
[79.275s][info][gc             ] GC(531) Pause Young (Normal) (G1 Evacuation Pause) 280M->49M(387M) 3.330ms
[79.275s][info][gc,cpu         ] GC(531) User=0.00s Sys=0.00s Real=0.00s
[79.381s][info][gc,start       ] GC(532) Pause Young (Normal) (G1 Evacuation Pause)
[79.381s][info][gc,task        ] GC(532) Using 1 workers of 1 for evacuation
[79.384s][info][gc,phases      ] GC(532)   Pre Evacuate Collection Set: 0.1ms
[79.384s][info][gc,phases      ] GC(532)   Evacuate Collection Set: 2.6ms
[79.384s][info][gc,phases      ] GC(532)   Post Evacuate Collection Set: 0.3ms
[79.384s][info][gc,phases      ] GC(532)   Other: 0.3ms
[79.384s][info][gc,heap        ] GC(532) Eden regions: 231->0(231)
[79.384s][info][gc,heap        ] GC(532) Survivor regions: 1->1(29)
[79.384s][info][gc,heap        ] GC(532) Old regions: 44->44
[79.384s][info][gc,heap        ] GC(532) Humongous regions: 6->6
[79.384s][info][gc,metaspace   ] GC(532) Metaspace: 71535K->71535K(1114112K)
[79.384s][info][gc             ] GC(532) Pause Young (Normal) (G1 Evacuation Pause) 280M->49M(387M) 3.338ms
[79.384s][info][gc,cpu         ] GC(532) User=0.00s Sys=0.00s Real=0.00s
[79.493s][info][gc,start       ] GC(533) Pause Young (Normal) (G1 Evacuation Pause)
[79.493s][info][gc,task        ] GC(533) Using 1 workers of 1 for evacuation
[79.496s][info][gc,phases      ] GC(533)   Pre Evacuate Collection Set: 0.0ms
[79.496s][info][gc,phases      ] GC(533)   Evacuate Collection Set: 2.7ms
[79.496s][info][gc,phases      ] GC(533)   Post Evacuate Collection Set: 0.3ms
[79.496s][info][gc,phases      ] GC(533)   Other: 0.3ms
[79.496s][info][gc,heap        ] GC(533) Eden regions: 231->0(231)
[79.496s][info][gc,heap        ] GC(533) Survivor regions: 1->1(29)
[79.496s][info][gc,heap        ] GC(533) Old regions: 44->44
[79.496s][info][gc,heap        ] GC(533) Humongous regions: 6->6
[79.496s][info][gc,metaspace   ] GC(533) Metaspace: 71535K->71535K(1114112K)
[79.496s][info][gc             ] GC(533) Pause Young (Normal) (G1 Evacuation Pause) 280M->49M(387M) 3.391ms
[79.496s][info][gc,cpu         ] GC(533) User=0.00s Sys=0.00s Real=0.00s
[79.602s][info][gc,start       ] GC(534) Pause Young (Normal) (G1 Evacuation Pause)
[79.602s][info][gc,task        ] GC(534) Using 1 workers of 1 for evacuation
[79.605s][info][gc,phases      ] GC(534)   Pre Evacuate Collection Set: 0.0ms
[79.605s][info][gc,phases      ] GC(534)   Evacuate Collection Set: 2.5ms
[79.605s][info][gc,phases      ] GC(534)   Post Evacuate Collection Set: 0.4ms
[79.605s][info][gc,phases      ] GC(534)   Other: 0.4ms
[79.605s][info][gc,heap        ] GC(534) Eden regions: 231->0(231)
[79.605s][info][gc,heap        ] GC(534) Survivor regions: 1->1(29)
[79.605s][info][gc,heap        ] GC(534) Old regions: 44->44
[79.605s][info][gc,heap        ] GC(534) Humongous regions: 6->6
[79.605s][info][gc,metaspace   ] GC(534) Metaspace: 71535K->71535K(1114112K)
[79.605s][info][gc             ] GC(534) Pause Young (Normal) (G1 Evacuation Pause) 280M->49M(387M) 3.387ms
[79.605s][info][gc,cpu         ] GC(534) User=0.00s Sys=0.00s Real=0.00s
[79.711s][info][gc,start       ] GC(535) Pause Young (Normal) (G1 Evacuation Pause)
[79.711s][info][gc,task        ] GC(535) Using 1 workers of 1 for evacuation
[79.714s][info][gc,phases      ] GC(535)   Pre Evacuate Collection Set: 0.0ms
[79.714s][info][gc,phases      ] GC(535)   Evacuate Collection Set: 2.6ms
[79.714s][info][gc,phases      ] GC(535)   Post Evacuate Collection Set: 0.3ms
[79.714s][info][gc,phases      ] GC(535)   Other: 0.3ms
[79.714s][info][gc,heap        ] GC(535) Eden regions: 231->0(231)
[79.714s][info][gc,heap        ] GC(535) Survivor regions: 1->1(29)
[79.714s][info][gc,heap        ] GC(535) Old regions: 44->44
[79.714s][info][gc,heap        ] GC(535) Humongous regions: 6->6
[79.714s][info][gc,metaspace   ] GC(535) Metaspace: 71535K->71535K(1114112K)
[79.714s][info][gc             ] GC(535) Pause Young (Normal) (G1 Evacuation Pause) 280M->49M(387M) 3.239ms
[79.714s][info][gc,cpu         ] GC(535) User=0.00s Sys=0.00s Real=0.00s
[79.861s][info][gc,start       ] GC(536) Pause Young (Normal) (G1 Evacuation Pause)
[79.861s][info][gc,task        ] GC(536) Using 1 workers of 1 for evacuation
[79.864s][info][gc,phases      ] GC(536)   Pre Evacuate Collection Set: 0.0ms
[79.864s][info][gc,phases      ] GC(536)   Evacuate Collection Set: 2.5ms
[79.864s][info][gc,phases      ] GC(536)   Post Evacuate Collection Set: 0.3ms
[79.864s][info][gc,phases      ] GC(536)   Other: 0.3ms
[79.864s][info][gc,heap        ] GC(536) Eden regions: 231->0(231)
[79.864s][info][gc,heap        ] GC(536) Survivor regions: 1->1(29)
[79.864s][info][gc,heap        ] GC(536) Old regions: 44->44
[79.864s][info][gc,heap        ] GC(536) Humongous regions: 11->6
[79.864s][info][gc,metaspace   ] GC(536) Metaspace: 71536K->71536K(1114112K)
[79.864s][info][gc             ] GC(536) Pause Young (Normal) (G1 Evacuation Pause) 285M->49M(387M) 3.215ms
[79.864s][info][gc,cpu         ] GC(536) User=0.01s Sys=0.00s Real=0.00s
[79.988s][info][gc,start       ] GC(537) Pause Young (Normal) (G1 Evacuation Pause)
[79.988s][info][gc,task        ] GC(537) Using 1 workers of 1 for evacuation
[79.991s][info][gc,phases      ] GC(537)   Pre Evacuate Collection Set: 0.0ms
[79.991s][info][gc,phases      ] GC(537)   Evacuate Collection Set: 2.4ms
[79.991s][info][gc,phases      ] GC(537)   Post Evacuate Collection Set: 0.3ms
[79.991s][info][gc,phases      ] GC(537)   Other: 0.3ms
[79.991s][info][gc,heap        ] GC(537) Eden regions: 231->0(231)
[79.991s][info][gc,heap        ] GC(537) Survivor regions: 1->1(29)
[79.991s][info][gc,heap        ] GC(537) Old regions: 44->44
[79.991s][info][gc,heap        ] GC(537) Humongous regions: 6->6
[79.991s][info][gc,metaspace   ] GC(537) Metaspace: 71540K->71540K(1114112K)
[79.991s][info][gc             ] GC(537) Pause Young (Normal) (G1 Evacuation Pause) 280M->49M(387M) 3.050ms
[79.991s][info][gc,cpu         ] GC(537) User=0.00s Sys=0.00s Real=0.01s
[80.097s][info][gc,start       ] GC(538) Pause Young (Normal) (G1 Evacuation Pause)
[80.097s][info][gc,task        ] GC(538) Using 1 workers of 1 for evacuation
[80.100s][info][gc,phases      ] GC(538)   Pre Evacuate Collection Set: 0.0ms
[80.100s][info][gc,phases      ] GC(538)   Evacuate Collection Set: 2.4ms
[80.100s][info][gc,phases      ] GC(538)   Post Evacuate Collection Set: 0.3ms
[80.100s][info][gc,phases      ] GC(538)   Other: 0.3ms
[80.100s][info][gc,heap        ] GC(538) Eden regions: 231->0(231)
[80.100s][info][gc,heap        ] GC(538) Survivor regions: 1->1(29)
[80.100s][info][gc,heap        ] GC(538) Old regions: 44->44
[80.100s][info][gc,heap        ] GC(538) Humongous regions: 6->6
[80.100s][info][gc,metaspace   ] GC(538) Metaspace: 71540K->71540K(1114112K)
[80.100s][info][gc             ] GC(538) Pause Young (Normal) (G1 Evacuation Pause) 280M->49M(387M) 3.042ms
[80.100s][info][gc,cpu         ] GC(538) User=0.00s Sys=0.00s Real=0.01s
[80.205s][info][gc,start       ] GC(539) Pause Young (Normal) (G1 Evacuation Pause)
[80.205s][info][gc,task        ] GC(539) Using 1 workers of 1 for evacuation
[80.209s][info][gc,phases      ] GC(539)   Pre Evacuate Collection Set: 0.0ms
[80.209s][info][gc,phases      ] GC(539)   Evacuate Collection Set: 2.5ms
[80.209s][info][gc,phases      ] GC(539)   Post Evacuate Collection Set: 0.3ms
[80.209s][info][gc,phases      ] GC(539)   Other: 0.3ms
[80.209s][info][gc,heap        ] GC(539) Eden regions: 231->0(231)
[80.209s][info][gc,heap        ] GC(539) Survivor regions: 1->1(29)
[80.209s][info][gc,heap        ] GC(539) Old regions: 44->44
[80.209s][info][gc,heap        ] GC(539) Humongous regions: 6->6
[80.209s][info][gc,metaspace   ] GC(539) Metaspace: 71540K->71540K(1114112K)
[80.209s][info][gc             ] GC(539) Pause Young (Normal) (G1 Evacuation Pause) 280M->49M(387M) 3.176ms
[80.209s][info][gc,cpu         ] GC(539) User=0.00s Sys=0.00s Real=0.00s
[80.315s][info][gc,start       ] GC(540) Pause Young (Normal) (G1 Evacuation Pause)
[80.315s][info][gc,task        ] GC(540) Using 1 workers of 1 for evacuation
[80.318s][info][gc,phases      ] GC(540)   Pre Evacuate Collection Set: 0.0ms
[80.318s][info][gc,phases      ] GC(540)   Evacuate Collection Set: 2.3ms
[80.318s][info][gc,phases      ] GC(540)   Post Evacuate Collection Set: 0.4ms
[80.318s][info][gc,phases      ] GC(540)   Other: 0.3ms
[80.318s][info][gc,heap        ] GC(540) Eden regions: 231->0(231)
[80.318s][info][gc,heap        ] GC(540) Survivor regions: 1->1(29)
[80.318s][info][gc,heap        ] GC(540) Old regions: 44->44
[80.318s][info][gc,heap        ] GC(540) Humongous regions: 6->6
[80.318s][info][gc,metaspace   ] GC(540) Metaspace: 71540K->71540K(1114112K)
[80.318s][info][gc             ] GC(540) Pause Young (Normal) (G1 Evacuation Pause) 280M->49M(387M) 3.135ms
[80.318s][info][gc,cpu         ] GC(540) User=0.00s Sys=0.00s Real=0.01s
[80.424s][info][gc,start       ] GC(541) Pause Young (Normal) (G1 Evacuation Pause)
[80.424s][info][gc,task        ] GC(541) Using 1 workers of 1 for evacuation
[80.427s][info][gc,phases      ] GC(541)   Pre Evacuate Collection Set: 0.0ms
[80.427s][info][gc,phases      ] GC(541)   Evacuate Collection Set: 2.5ms
[80.427s][info][gc,phases      ] GC(541)   Post Evacuate Collection Set: 0.3ms
[80.427s][info][gc,phases      ] GC(541)   Other: 0.3ms
[80.427s][info][gc,heap        ] GC(541) Eden regions: 231->0(231)
[80.427s][info][gc,heap        ] GC(541) Survivor regions: 1->1(29)
[80.427s][info][gc,heap        ] GC(541) Old regions: 44->44
[80.427s][info][gc,heap        ] GC(541) Humongous regions: 6->6
[80.427s][info][gc,metaspace   ] GC(541) Metaspace: 71540K->71540K(1114112K)
[80.427s][info][gc             ] GC(541) Pause Young (Normal) (G1 Evacuation Pause) 280M->49M(387M) 3.200ms
[80.427s][info][gc,cpu         ] GC(541) User=0.00s Sys=0.00s Real=0.00s
[80.536s][info][gc,start       ] GC(542) Pause Young (Normal) (G1 Evacuation Pause)
[80.536s][info][gc,task        ] GC(542) Using 1 workers of 1 for evacuation
[80.539s][info][gc,phases      ] GC(542)   Pre Evacuate Collection Set: 0.0ms
[80.539s][info][gc,phases      ] GC(542)   Evacuate Collection Set: 2.5ms
[80.539s][info][gc,phases      ] GC(542)   Post Evacuate Collection Set: 0.3ms
[80.539s][info][gc,phases      ] GC(542)   Other: 0.3ms
[80.539s][info][gc,heap        ] GC(542) Eden regions: 231->0(231)
[80.539s][info][gc,heap        ] GC(542) Survivor regions: 1->1(29)
[80.539s][info][gc,heap        ] GC(542) Old regions: 44->44
[80.539s][info][gc,heap        ] GC(542) Humongous regions: 6->6
[80.539s][info][gc,metaspace   ] GC(542) Metaspace: 71540K->71540K(1114112K)
[80.539s][info][gc             ] GC(542) Pause Young (Normal) (G1 Evacuation Pause) 280M->49M(387M) 3.252ms
[80.539s][info][gc,cpu         ] GC(542) User=0.00s Sys=0.00s Real=0.01s
[80.679s][info][gc,start       ] GC(543) Pause Young (Normal) (G1 Evacuation Pause)
[80.679s][info][gc,task        ] GC(543) Using 1 workers of 1 for evacuation
[80.682s][info][gc,phases      ] GC(543)   Pre Evacuate Collection Set: 0.0ms
[80.682s][info][gc,phases      ] GC(543)   Evacuate Collection Set: 2.5ms
[80.682s][info][gc,phases      ] GC(543)   Post Evacuate Collection Set: 0.4ms
[80.682s][info][gc,phases      ] GC(543)   Other: 0.3ms
[80.682s][info][gc,heap        ] GC(543) Eden regions: 231->0(231)
[80.682s][info][gc,heap        ] GC(543) Survivor regions: 1->1(29)
[80.682s][info][gc,heap        ] GC(543) Old regions: 44->44
[80.682s][info][gc,heap        ] GC(543) Humongous regions: 11->6
[80.682s][info][gc,metaspace   ] GC(543) Metaspace: 71547K->71547K(1114112K)
[80.682s][info][gc             ] GC(543) Pause Young (Normal) (G1 Evacuation Pause) 285M->49M(387M) 3.307ms
[80.683s][info][gc,cpu         ] GC(543) User=0.00s Sys=0.00s Real=0.00s
[80.824s][info][gc,start       ] GC(544) Pause Young (Normal) (G1 Evacuation Pause)
[80.824s][info][gc,task        ] GC(544) Using 1 workers of 1 for evacuation
[80.827s][info][gc,phases      ] GC(544)   Pre Evacuate Collection Set: 0.0ms
[80.827s][info][gc,phases      ] GC(544)   Evacuate Collection Set: 2.6ms
[80.827s][info][gc,phases      ] GC(544)   Post Evacuate Collection Set: 0.4ms
[80.827s][info][gc,phases      ] GC(544)   Other: 0.4ms
[80.827s][info][gc,heap        ] GC(544) Eden regions: 231->0(231)
[80.827s][info][gc,heap        ] GC(544) Survivor regions: 1->1(29)
[80.827s][info][gc,heap        ] GC(544) Old regions: 44->44
[80.827s][info][gc,heap        ] GC(544) Humongous regions: 6->6
[80.827s][info][gc,metaspace   ] GC(544) Metaspace: 71547K->71547K(1114112K)
[80.827s][info][gc             ] GC(544) Pause Young (Normal) (G1 Evacuation Pause) 280M->49M(387M) 3.403ms
[80.827s][info][gc,cpu         ] GC(544) User=0.00s Sys=0.00s Real=0.00s
[80.933s][info][gc,start       ] GC(545) Pause Young (Normal) (G1 Evacuation Pause)
[80.933s][info][gc,task        ] GC(545) Using 1 workers of 1 for evacuation
[80.936s][info][gc,phases      ] GC(545)   Pre Evacuate Collection Set: 0.0ms
[80.936s][info][gc,phases      ] GC(545)   Evacuate Collection Set: 2.6ms
[80.936s][info][gc,phases      ] GC(545)   Post Evacuate Collection Set: 0.3ms
[80.936s][info][gc,phases      ] GC(545)   Other: 0.3ms
[80.936s][info][gc,heap        ] GC(545) Eden regions: 231->0(231)
[80.936s][info][gc,heap        ] GC(545) Survivor regions: 1->1(29)
[80.936s][info][gc,heap        ] GC(545) Old regions: 44->44
[80.936s][info][gc,heap        ] GC(545) Humongous regions: 6->6
[80.936s][info][gc,metaspace   ] GC(545) Metaspace: 71547K->71547K(1114112K)
[80.936s][info][gc             ] GC(545) Pause Young (Normal) (G1 Evacuation Pause) 280M->49M(387M) 3.217ms
[80.936s][info][gc,cpu         ] GC(545) User=0.01s Sys=0.00s Real=0.00s
[81.042s][info][gc,start       ] GC(546) Pause Young (Normal) (G1 Evacuation Pause)
[81.042s][info][gc,task        ] GC(546) Using 1 workers of 1 for evacuation
[81.045s][info][gc,phases      ] GC(546)   Pre Evacuate Collection Set: 0.0ms
[81.045s][info][gc,phases      ] GC(546)   Evacuate Collection Set: 2.5ms
[81.045s][info][gc,phases      ] GC(546)   Post Evacuate Collection Set: 0.3ms
[81.045s][info][gc,phases      ] GC(546)   Other: 0.3ms
[81.045s][info][gc,heap        ] GC(546) Eden regions: 231->0(231)
[81.045s][info][gc,heap        ] GC(546) Survivor regions: 1->1(29)
[81.045s][info][gc,heap        ] GC(546) Old regions: 44->44
[81.045s][info][gc,heap        ] GC(546) Humongous regions: 6->6
[81.045s][info][gc,metaspace   ] GC(546) Metaspace: 71547K->71547K(1114112K)
[81.045s][info][gc             ] GC(546) Pause Young (Normal) (G1 Evacuation Pause) 280M->49M(387M) 3.168ms
[81.045s][info][gc,cpu         ] GC(546) User=0.01s Sys=0.00s Real=0.00s
[81.150s][info][gc,start       ] GC(547) Pause Young (Normal) (G1 Evacuation Pause)
[81.151s][info][gc,task        ] GC(547) Using 1 workers of 1 for evacuation
[81.154s][info][gc,phases      ] GC(547)   Pre Evacuate Collection Set: 0.0ms
[81.154s][info][gc,phases      ] GC(547)   Evacuate Collection Set: 2.8ms
[81.154s][info][gc,phases      ] GC(547)   Post Evacuate Collection Set: 0.7ms
[81.154s][info][gc,phases      ] GC(547)   Other: 0.4ms
[81.154s][info][gc,heap        ] GC(547) Eden regions: 231->0(231)
[81.154s][info][gc,heap        ] GC(547) Survivor regions: 1->1(29)
[81.154s][info][gc,heap        ] GC(547) Old regions: 44->44
[81.154s][info][gc,heap        ] GC(547) Humongous regions: 6->6
[81.154s][info][gc,metaspace   ] GC(547) Metaspace: 71547K->71547K(1114112K)
[81.154s][info][gc             ] GC(547) Pause Young (Normal) (G1 Evacuation Pause) 280M->49M(387M) 3.973ms
[81.154s][info][gc,cpu         ] GC(547) User=0.01s Sys=0.00s Real=0.00s
[81.261s][info][gc,start       ] GC(548) Pause Young (Normal) (G1 Evacuation Pause)
[81.261s][info][gc,task        ] GC(548) Using 1 workers of 1 for evacuation
[81.264s][info][gc,phases      ] GC(548)   Pre Evacuate Collection Set: 0.0ms
[81.264s][info][gc,phases      ] GC(548)   Evacuate Collection Set: 2.5ms
[81.264s][info][gc,phases      ] GC(548)   Post Evacuate Collection Set: 0.4ms
[81.264s][info][gc,phases      ] GC(548)   Other: 0.3ms
[81.264s][info][gc,heap        ] GC(548) Eden regions: 231->0(231)
[81.264s][info][gc,heap        ] GC(548) Survivor regions: 1->1(29)
[81.264s][info][gc,heap        ] GC(548) Old regions: 44->44
[81.264s][info][gc,heap        ] GC(548) Humongous regions: 6->6
[81.264s][info][gc,metaspace   ] GC(548) Metaspace: 71547K->71547K(1114112K)
[81.264s][info][gc             ] GC(548) Pause Young (Normal) (G1 Evacuation Pause) 280M->49M(387M) 3.280ms
[81.265s][info][gc,cpu         ] GC(548) User=0.01s Sys=0.00s Real=0.00s
[81.371s][info][gc,start       ] GC(549) Pause Young (Normal) (G1 Evacuation Pause)
[81.371s][info][gc,task        ] GC(549) Using 1 workers of 1 for evacuation
[81.374s][info][gc,phases      ] GC(549)   Pre Evacuate Collection Set: 0.0ms
[81.374s][info][gc,phases      ] GC(549)   Evacuate Collection Set: 2.5ms
[81.374s][info][gc,phases      ] GC(549)   Post Evacuate Collection Set: 0.5ms
[81.374s][info][gc,phases      ] GC(549)   Other: 0.3ms
[81.374s][info][gc,heap        ] GC(549) Eden regions: 231->0(231)
[81.374s][info][gc,heap        ] GC(549) Survivor regions: 1->1(29)
[81.374s][info][gc,heap        ] GC(549) Old regions: 44->44
[81.374s][info][gc,heap        ] GC(549) Humongous regions: 6->6
[81.374s][info][gc,metaspace   ] GC(549) Metaspace: 71547K->71547K(1114112K)
[81.374s][info][gc             ] GC(549) Pause Young (Normal) (G1 Evacuation Pause) 280M->49M(387M) 3.400ms
[81.374s][info][gc,cpu         ] GC(549) User=0.00s Sys=0.00s Real=0.00s
[81.487s][info][gc,start       ] GC(550) Pause Young (Normal) (G1 Evacuation Pause)
[81.487s][info][gc,task        ] GC(550) Using 1 workers of 1 for evacuation
[81.490s][info][gc,phases      ] GC(550)   Pre Evacuate Collection Set: 0.0ms
[81.490s][info][gc,phases      ] GC(550)   Evacuate Collection Set: 2.5ms
[81.490s][info][gc,phases      ] GC(550)   Post Evacuate Collection Set: 0.3ms
[81.490s][info][gc,phases      ] GC(550)   Other: 0.3ms
[81.490s][info][gc,heap        ] GC(550) Eden regions: 231->0(231)
[81.490s][info][gc,heap        ] GC(550) Survivor regions: 1->1(29)
[81.490s][info][gc,heap        ] GC(550) Old regions: 44->44
[81.490s][info][gc,heap        ] GC(550) Humongous regions: 6->6
[81.490s][info][gc,metaspace   ] GC(550) Metaspace: 71547K->71547K(1114112K)
[81.490s][info][gc             ] GC(550) Pause Young (Normal) (G1 Evacuation Pause) 280M->49M(387M) 3.145ms
[81.490s][info][gc,cpu         ] GC(550) User=0.00s Sys=0.00s Real=0.00s
[81.597s][info][gc,start       ] GC(551) Pause Young (Normal) (G1 Evacuation Pause)
[81.597s][info][gc,task        ] GC(551) Using 1 workers of 1 for evacuation
[81.600s][info][gc,phases      ] GC(551)   Pre Evacuate Collection Set: 0.0ms
[81.600s][info][gc,phases      ] GC(551)   Evacuate Collection Set: 2.6ms
[81.600s][info][gc,phases      ] GC(551)   Post Evacuate Collection Set: 0.3ms
[81.600s][info][gc,phases      ] GC(551)   Other: 0.3ms
[81.600s][info][gc,heap        ] GC(551) Eden regions: 231->0(231)
[81.600s][info][gc,heap        ] GC(551) Survivor regions: 1->1(29)
[81.600s][info][gc,heap        ] GC(551) Old regions: 44->44
[81.600s][info][gc,heap        ] GC(551) Humongous regions: 6->6
[81.600s][info][gc,metaspace   ] GC(551) Metaspace: 71547K->71547K(1114112K)
[81.600s][info][gc             ] GC(551) Pause Young (Normal) (G1 Evacuation Pause) 280M->49M(387M) 3.278ms
[81.600s][info][gc,cpu         ] GC(551) User=0.00s Sys=0.00s Real=0.01s
[81.753s][info][gc,start       ] GC(552) Pause Young (Normal) (G1 Evacuation Pause)
[81.753s][info][gc,task        ] GC(552) Using 1 workers of 1 for evacuation
[81.757s][info][gc,phases      ] GC(552)   Pre Evacuate Collection Set: 0.0ms
[81.757s][info][gc,phases      ] GC(552)   Evacuate Collection Set: 2.7ms
[81.757s][info][gc,phases      ] GC(552)   Post Evacuate Collection Set: 0.3ms
[81.757s][info][gc,phases      ] GC(552)   Other: 0.3ms
[81.757s][info][gc,heap        ] GC(552) Eden regions: 231->0(231)
[81.757s][info][gc,heap        ] GC(552) Survivor regions: 1->1(29)
[81.757s][info][gc,heap        ] GC(552) Old regions: 44->44
[81.757s][info][gc,heap        ] GC(552) Humongous regions: 11->6
[81.757s][info][gc,metaspace   ] GC(552) Metaspace: 71553K->71553K(1114112K)
[81.757s][info][gc             ] GC(552) Pause Young (Normal) (G1 Evacuation Pause) 285M->49M(387M) 3.429ms
[81.757s][info][gc,cpu         ] GC(552) User=0.01s Sys=0.00s Real=0.00s
[81.864s][info][gc,start       ] GC(553) Pause Young (Normal) (G1 Evacuation Pause)
[81.864s][info][gc,task        ] GC(553) Using 1 workers of 1 for evacuation
[81.867s][info][gc,phases      ] GC(553)   Pre Evacuate Collection Set: 0.0ms
[81.867s][info][gc,phases      ] GC(553)   Evacuate Collection Set: 2.4ms
[81.867s][info][gc,phases      ] GC(553)   Post Evacuate Collection Set: 0.3ms
[81.867s][info][gc,phases      ] GC(553)   Other: 0.3ms
[81.867s][info][gc,heap        ] GC(553) Eden regions: 231->0(231)
[81.867s][info][gc,heap        ] GC(553) Survivor regions: 1->1(29)
[81.867s][info][gc,heap        ] GC(553) Old regions: 44->44
[81.867s][info][gc,heap        ] GC(553) Humongous regions: 6->6
[81.867s][info][gc,metaspace   ] GC(553) Metaspace: 71553K->71553K(1114112K)
[81.867s][info][gc             ] GC(553) Pause Young (Normal) (G1 Evacuation Pause) 280M->49M(387M) 3.055ms
[81.867s][info][gc,cpu         ] GC(553) User=0.01s Sys=0.00s Real=0.00s
[81.980s][info][gc,start       ] GC(554) Pause Young (Normal) (G1 Evacuation Pause)
[81.980s][info][gc,task        ] GC(554) Using 1 workers of 1 for evacuation
[81.983s][info][gc,phases      ] GC(554)   Pre Evacuate Collection Set: 0.0ms
[81.983s][info][gc,phases      ] GC(554)   Evacuate Collection Set: 2.3ms
[81.983s][info][gc,phases      ] GC(554)   Post Evacuate Collection Set: 0.3ms
[81.983s][info][gc,phases      ] GC(554)   Other: 0.3ms
[81.983s][info][gc,heap        ] GC(554) Eden regions: 231->0(231)
[81.983s][info][gc,heap        ] GC(554) Survivor regions: 1->1(29)
[81.983s][info][gc,heap        ] GC(554) Old regions: 44->44
[81.983s][info][gc,heap        ] GC(554) Humongous regions: 6->6
[81.983s][info][gc,metaspace   ] GC(554) Metaspace: 71553K->71553K(1114112K)
[81.983s][info][gc             ] GC(554) Pause Young (Normal) (G1 Evacuation Pause) 280M->49M(387M) 3.082ms
[81.983s][info][gc,cpu         ] GC(554) User=0.00s Sys=0.00s Real=0.00s
[82.090s][info][gc,start       ] GC(555) Pause Young (Normal) (G1 Evacuation Pause)
[82.090s][info][gc,task        ] GC(555) Using 1 workers of 1 for evacuation
[82.093s][info][gc,phases      ] GC(555)   Pre Evacuate Collection Set: 0.0ms
[82.093s][info][gc,phases      ] GC(555)   Evacuate Collection Set: 2.4ms
[82.093s][info][gc,phases      ] GC(555)   Post Evacuate Collection Set: 0.3ms
[82.093s][info][gc,phases      ] GC(555)   Other: 0.3ms
[82.093s][info][gc,heap        ] GC(555) Eden regions: 231->0(231)
[82.093s][info][gc,heap        ] GC(555) Survivor regions: 1->1(29)
[82.093s][info][gc,heap        ] GC(555) Old regions: 44->44
[82.093s][info][gc,heap        ] GC(555) Humongous regions: 6->6
[82.093s][info][gc,metaspace   ] GC(555) Metaspace: 71553K->71553K(1114112K)
[82.093s][info][gc             ] GC(555) Pause Young (Normal) (G1 Evacuation Pause) 280M->49M(387M) 3.091ms
[82.093s][info][gc,cpu         ] GC(555) User=0.00s Sys=0.00s Real=0.00s
[82.199s][info][gc,start       ] GC(556) Pause Young (Normal) (G1 Evacuation Pause)
[82.199s][info][gc,task        ] GC(556) Using 1 workers of 1 for evacuation
[82.202s][info][gc,phases      ] GC(556)   Pre Evacuate Collection Set: 0.0ms
[82.202s][info][gc,phases      ] GC(556)   Evacuate Collection Set: 2.3ms
[82.202s][info][gc,phases      ] GC(556)   Post Evacuate Collection Set: 0.4ms
[82.202s][info][gc,phases      ] GC(556)   Other: 0.3ms
[82.202s][info][gc,heap        ] GC(556) Eden regions: 231->0(231)
[82.202s][info][gc,heap        ] GC(556) Survivor regions: 1->1(29)
[82.202s][info][gc,heap        ] GC(556) Old regions: 44->44
[82.202s][info][gc,heap        ] GC(556) Humongous regions: 6->6
[82.202s][info][gc,metaspace   ] GC(556) Metaspace: 71553K->71553K(1114112K)
[82.202s][info][gc             ] GC(556) Pause Young (Normal) (G1 Evacuation Pause) 280M->49M(387M) 3.022ms
[82.202s][info][gc,cpu         ] GC(556) User=0.00s Sys=0.00s Real=0.00s
[82.312s][info][gc,start       ] GC(557) Pause Young (Normal) (G1 Evacuation Pause)
[82.312s][info][gc,task        ] GC(557) Using 1 workers of 1 for evacuation
[82.315s][info][gc,phases      ] GC(557)   Pre Evacuate Collection Set: 0.0ms
[82.315s][info][gc,phases      ] GC(557)   Evacuate Collection Set: 2.5ms
[82.315s][info][gc,phases      ] GC(557)   Post Evacuate Collection Set: 0.4ms
[82.315s][info][gc,phases      ] GC(557)   Other: 0.3ms
[82.315s][info][gc,heap        ] GC(557) Eden regions: 231->0(231)
[82.315s][info][gc,heap        ] GC(557) Survivor regions: 1->1(29)
[82.315s][info][gc,heap        ] GC(557) Old regions: 44->44
[82.315s][info][gc,heap        ] GC(557) Humongous regions: 6->6
[82.315s][info][gc,metaspace   ] GC(557) Metaspace: 71553K->71553K(1114112K)
[82.315s][info][gc             ] GC(557) Pause Young (Normal) (G1 Evacuation Pause) 280M->49M(387M) 3.212ms
[82.315s][info][gc,cpu         ] GC(557) User=0.00s Sys=0.00s Real=0.00s
[82.422s][info][gc,start       ] GC(558) Pause Young (Normal) (G1 Evacuation Pause)
[82.422s][info][gc,task        ] GC(558) Using 1 workers of 1 for evacuation
[82.425s][info][gc,phases      ] GC(558)   Pre Evacuate Collection Set: 0.0ms
[82.425s][info][gc,phases      ] GC(558)   Evacuate Collection Set: 2.7ms
[82.425s][info][gc,phases      ] GC(558)   Post Evacuate Collection Set: 0.3ms
[82.425s][info][gc,phases      ] GC(558)   Other: 0.3ms
[82.425s][info][gc,heap        ] GC(558) Eden regions: 231->0(231)
[82.425s][info][gc,heap        ] GC(558) Survivor regions: 1->1(29)
[82.425s][info][gc,heap        ] GC(558) Old regions: 44->44
[82.425s][info][gc,heap        ] GC(558) Humongous regions: 6->6
[82.425s][info][gc,metaspace   ] GC(558) Metaspace: 71553K->71553K(1114112K)
[82.425s][info][gc             ] GC(558) Pause Young (Normal) (G1 Evacuation Pause) 280M->49M(387M) 3.379ms
[82.426s][info][gc,cpu         ] GC(558) User=0.00s Sys=0.00s Real=0.00s
[82.535s][info][gc,start       ] GC(559) Pause Young (Normal) (G1 Evacuation Pause)
[82.535s][info][gc,task        ] GC(559) Using 1 workers of 1 for evacuation
[82.538s][info][gc,phases      ] GC(559)   Pre Evacuate Collection Set: 0.0ms
[82.538s][info][gc,phases      ] GC(559)   Evacuate Collection Set: 2.6ms
[82.538s][info][gc,phases      ] GC(559)   Post Evacuate Collection Set: 0.3ms
[82.538s][info][gc,phases      ] GC(559)   Other: 0.3ms
[82.538s][info][gc,heap        ] GC(559) Eden regions: 231->0(231)
[82.538s][info][gc,heap        ] GC(559) Survivor regions: 1->1(29)
[82.538s][info][gc,heap        ] GC(559) Old regions: 44->44
[82.538s][info][gc,heap        ] GC(559) Humongous regions: 6->6
[82.538s][info][gc,metaspace   ] GC(559) Metaspace: 71553K->71553K(1114112K)
[82.538s][info][gc             ] GC(559) Pause Young (Normal) (G1 Evacuation Pause) 280M->49M(387M) 3.270ms
[82.538s][info][gc,cpu         ] GC(559) User=0.01s Sys=0.00s Real=0.01s
[82.670s][info][gc,start       ] GC(560) Pause Young (Normal) (G1 Evacuation Pause)
[82.670s][info][gc,task        ] GC(560) Using 1 workers of 1 for evacuation
[82.673s][info][gc,phases      ] GC(560)   Pre Evacuate Collection Set: 0.0ms
[82.673s][info][gc,phases      ] GC(560)   Evacuate Collection Set: 2.7ms
[82.673s][info][gc,phases      ] GC(560)   Post Evacuate Collection Set: 0.4ms
[82.673s][info][gc,phases      ] GC(560)   Other: 0.4ms
[82.673s][info][gc,heap        ] GC(560) Eden regions: 231->0(231)
[82.673s][info][gc,heap        ] GC(560) Survivor regions: 1->1(29)
[82.673s][info][gc,heap        ] GC(560) Old regions: 44->44
[82.673s][info][gc,heap        ] GC(560) Humongous regions: 11->6
[82.673s][info][gc,metaspace   ] GC(560) Metaspace: 71554K->71554K(1114112K)
[82.673s][info][gc             ] GC(560) Pause Young (Normal) (G1 Evacuation Pause) 285M->49M(387M) 3.489ms
[82.673s][info][gc,cpu         ] GC(560) User=0.00s Sys=0.00s Real=0.01s
[82.796s][info][gc,start       ] GC(561) Pause Young (Normal) (G1 Evacuation Pause)
[82.796s][info][gc,task        ] GC(561) Using 1 workers of 1 for evacuation
[82.800s][info][gc,phases      ] GC(561)   Pre Evacuate Collection Set: 0.0ms
[82.800s][info][gc,phases      ] GC(561)   Evacuate Collection Set: 2.7ms
[82.800s][info][gc,phases      ] GC(561)   Post Evacuate Collection Set: 0.3ms
[82.800s][info][gc,phases      ] GC(561)   Other: 0.4ms
[82.800s][info][gc,heap        ] GC(561) Eden regions: 231->0(231)
[82.800s][info][gc,heap        ] GC(561) Survivor regions: 1->1(29)
[82.800s][info][gc,heap        ] GC(561) Old regions: 44->44
[82.800s][info][gc,heap        ] GC(561) Humongous regions: 6->6
[82.800s][info][gc,metaspace   ] GC(561) Metaspace: 71554K->71554K(1114112K)
[82.800s][info][gc             ] GC(561) Pause Young (Normal) (G1 Evacuation Pause) 280M->49M(387M) 3.562ms
[82.800s][info][gc,cpu         ] GC(561) User=0.01s Sys=0.00s Real=0.01s
[82.906s][info][gc,start       ] GC(562) Pause Young (Normal) (G1 Evacuation Pause)
[82.906s][info][gc,task        ] GC(562) Using 1 workers of 1 for evacuation
[82.909s][info][gc,phases      ] GC(562)   Pre Evacuate Collection Set: 0.0ms
[82.909s][info][gc,phases      ] GC(562)   Evacuate Collection Set: 2.5ms
[82.909s][info][gc,phases      ] GC(562)   Post Evacuate Collection Set: 0.4ms
[82.909s][info][gc,phases      ] GC(562)   Other: 0.3ms
[82.909s][info][gc,heap        ] GC(562) Eden regions: 231->0(231)
[82.909s][info][gc,heap        ] GC(562) Survivor regions: 1->1(29)
[82.909s][info][gc,heap        ] GC(562) Old regions: 44->44
[82.909s][info][gc,heap        ] GC(562) Humongous regions: 6->6
[82.909s][info][gc,metaspace   ] GC(562) Metaspace: 71554K->71554K(1114112K)
[82.909s][info][gc             ] GC(562) Pause Young (Normal) (G1 Evacuation Pause) 280M->49M(387M) 3.191ms
[82.910s][info][gc,cpu         ] GC(562) User=0.01s Sys=0.00s Real=0.00s
[83.016s][info][gc,start       ] GC(563) Pause Young (Normal) (G1 Evacuation Pause)
[83.016s][info][gc,task        ] GC(563) Using 1 workers of 1 for evacuation
[83.019s][info][gc,phases      ] GC(563)   Pre Evacuate Collection Set: 0.0ms
[83.020s][info][gc,phases      ] GC(563)   Evacuate Collection Set: 2.6ms
[83.020s][info][gc,phases      ] GC(563)   Post Evacuate Collection Set: 0.3ms
[83.020s][info][gc,phases      ] GC(563)   Other: 0.3ms
[83.020s][info][gc,heap        ] GC(563) Eden regions: 231->0(231)
[83.020s][info][gc,heap        ] GC(563) Survivor regions: 1->1(29)
[83.020s][info][gc,heap        ] GC(563) Old regions: 44->44
[83.020s][info][gc,heap        ] GC(563) Humongous regions: 6->6
[83.020s][info][gc,metaspace   ] GC(563) Metaspace: 71554K->71554K(1114112K)
[83.020s][info][gc             ] GC(563) Pause Young (Normal) (G1 Evacuation Pause) 280M->49M(387M) 3.280ms
[83.020s][info][gc,cpu         ] GC(563) User=0.01s Sys=0.00s Real=0.01s
[83.127s][info][gc,start       ] GC(564) Pause Young (Normal) (G1 Evacuation Pause)
[83.127s][info][gc,task        ] GC(564) Using 1 workers of 1 for evacuation
[83.131s][info][gc,phases      ] GC(564)   Pre Evacuate Collection Set: 0.0ms
[83.131s][info][gc,phases      ] GC(564)   Evacuate Collection Set: 2.6ms
[83.131s][info][gc,phases      ] GC(564)   Post Evacuate Collection Set: 0.3ms
[83.131s][info][gc,phases      ] GC(564)   Other: 0.3ms
[83.131s][info][gc,heap        ] GC(564) Eden regions: 231->0(231)
[83.131s][info][gc,heap        ] GC(564) Survivor regions: 1->1(29)
[83.131s][info][gc,heap        ] GC(564) Old regions: 44->44
[83.131s][info][gc,heap        ] GC(564) Humongous regions: 6->6
[83.131s][info][gc,metaspace   ] GC(564) Metaspace: 71554K->71554K(1114112K)
[83.131s][info][gc             ] GC(564) Pause Young (Normal) (G1 Evacuation Pause) 280M->49M(387M) 3.302ms
[83.131s][info][gc,cpu         ] GC(564) User=0.00s Sys=0.00s Real=0.01s
[83.240s][info][gc,start       ] GC(565) Pause Young (Normal) (G1 Evacuation Pause)
[83.240s][info][gc,task        ] GC(565) Using 1 workers of 1 for evacuation
[83.243s][info][gc,phases      ] GC(565)   Pre Evacuate Collection Set: 0.0ms
[83.243s][info][gc,phases      ] GC(565)   Evacuate Collection Set: 2.6ms
[83.243s][info][gc,phases      ] GC(565)   Post Evacuate Collection Set: 0.3ms
[83.243s][info][gc,phases      ] GC(565)   Other: 0.3ms
[83.243s][info][gc,heap        ] GC(565) Eden regions: 231->0(231)
[83.243s][info][gc,heap        ] GC(565) Survivor regions: 1->1(29)
[83.243s][info][gc,heap        ] GC(565) Old regions: 44->44
[83.243s][info][gc,heap        ] GC(565) Humongous regions: 6->6
[83.243s][info][gc,metaspace   ] GC(565) Metaspace: 71554K->71554K(1114112K)
[83.243s][info][gc             ] GC(565) Pause Young (Normal) (G1 Evacuation Pause) 280M->49M(387M) 3.309ms
[83.243s][info][gc,cpu         ] GC(565) User=0.00s Sys=0.00s Real=0.00s
[83.350s][info][gc,start       ] GC(566) Pause Young (Normal) (G1 Evacuation Pause)
[83.350s][info][gc,task        ] GC(566) Using 1 workers of 1 for evacuation
[83.353s][info][gc,phases      ] GC(566)   Pre Evacuate Collection Set: 0.0ms
[83.353s][info][gc,phases      ] GC(566)   Evacuate Collection Set: 2.6ms
[83.353s][info][gc,phases      ] GC(566)   Post Evacuate Collection Set: 0.3ms
[83.353s][info][gc,phases      ] GC(566)   Other: 0.3ms
[83.353s][info][gc,heap        ] GC(566) Eden regions: 231->0(231)
[83.353s][info][gc,heap        ] GC(566) Survivor regions: 1->1(29)
[83.353s][info][gc,heap        ] GC(566) Old regions: 44->44
[83.353s][info][gc,heap        ] GC(566) Humongous regions: 6->6
[83.353s][info][gc,metaspace   ] GC(566) Metaspace: 71554K->71554K(1114112K)
[83.353s][info][gc             ] GC(566) Pause Young (Normal) (G1 Evacuation Pause) 280M->49M(387M) 3.232ms
[83.353s][info][gc,cpu         ] GC(566) User=0.00s Sys=0.00s Real=0.00s
[83.462s][info][gc,start       ] GC(567) Pause Young (Normal) (G1 Evacuation Pause)
[83.462s][info][gc,task        ] GC(567) Using 1 workers of 1 for evacuation
[83.465s][info][gc,phases      ] GC(567)   Pre Evacuate Collection Set: 0.0ms
[83.466s][info][gc,phases      ] GC(567)   Evacuate Collection Set: 2.5ms
[83.466s][info][gc,phases      ] GC(567)   Post Evacuate Collection Set: 0.3ms
[83.466s][info][gc,phases      ] GC(567)   Other: 0.3ms
[83.466s][info][gc,heap        ] GC(567) Eden regions: 231->0(231)
[83.466s][info][gc,heap        ] GC(567) Survivor regions: 1->1(29)
[83.466s][info][gc,heap        ] GC(567) Old regions: 44->44
[83.466s][info][gc,heap        ] GC(567) Humongous regions: 6->6
[83.466s][info][gc,metaspace   ] GC(567) Metaspace: 71554K->71554K(1114112K)
[83.466s][info][gc             ] GC(567) Pause Young (Normal) (G1 Evacuation Pause) 280M->49M(387M) 3.196ms
[83.466s][info][gc,cpu         ] GC(567) User=0.00s Sys=0.00s Real=0.00s
[83.651s][info][gc,start       ] GC(568) Pause Young (Normal) (G1 Evacuation Pause)
[83.651s][info][gc,task        ] GC(568) Using 1 workers of 1 for evacuation
[83.654s][info][gc,phases      ] GC(568)   Pre Evacuate Collection Set: 0.0ms
[83.654s][info][gc,phases      ] GC(568)   Evacuate Collection Set: 2.5ms
[83.654s][info][gc,phases      ] GC(568)   Post Evacuate Collection Set: 0.4ms
[83.654s][info][gc,phases      ] GC(568)   Other: 0.5ms
[83.654s][info][gc,heap        ] GC(568) Eden regions: 231->0(231)
[83.654s][info][gc,heap        ] GC(568) Survivor regions: 1->1(29)
[83.654s][info][gc,heap        ] GC(568) Old regions: 44->44
[83.654s][info][gc,heap        ] GC(568) Humongous regions: 11->6
[83.654s][info][gc,metaspace   ] GC(568) Metaspace: 71561K->71561K(1114112K)
[83.654s][info][gc             ] GC(568) Pause Young (Normal) (G1 Evacuation Pause) 285M->49M(387M) 3.494ms
[83.654s][info][gc,cpu         ] GC(568) User=0.00s Sys=0.00s Real=0.00s
[83.777s][info][gc,start       ] GC(569) Pause Young (Normal) (G1 Evacuation Pause)
[83.777s][info][gc,task        ] GC(569) Using 1 workers of 1 for evacuation
[83.780s][info][gc,phases      ] GC(569)   Pre Evacuate Collection Set: 0.0ms
[83.780s][info][gc,phases      ] GC(569)   Evacuate Collection Set: 2.4ms
[83.780s][info][gc,phases      ] GC(569)   Post Evacuate Collection Set: 0.3ms
[83.780s][info][gc,phases      ] GC(569)   Other: 0.3ms
[83.780s][info][gc,heap        ] GC(569) Eden regions: 231->0(231)
[83.780s][info][gc,heap        ] GC(569) Survivor regions: 1->1(29)
[83.780s][info][gc,heap        ] GC(569) Old regions: 44->44
[83.780s][info][gc,heap        ] GC(569) Humongous regions: 6->6
[83.780s][info][gc,metaspace   ] GC(569) Metaspace: 71562K->71562K(1114112K)
[83.780s][info][gc             ] GC(569) Pause Young (Normal) (G1 Evacuation Pause) 280M->49M(387M) 3.164ms
[83.780s][info][gc,cpu         ] GC(569) User=0.01s Sys=0.00s Real=0.01s
[83.886s][info][gc,start       ] GC(570) Pause Young (Normal) (G1 Evacuation Pause)
[83.886s][info][gc,task        ] GC(570) Using 1 workers of 1 for evacuation
[83.888s][info][gc,phases      ] GC(570)   Pre Evacuate Collection Set: 0.0ms
[83.888s][info][gc,phases      ] GC(570)   Evacuate Collection Set: 2.3ms
[83.888s][info][gc,phases      ] GC(570)   Post Evacuate Collection Set: 0.3ms
[83.888s][info][gc,phases      ] GC(570)   Other: 0.3ms
[83.888s][info][gc,heap        ] GC(570) Eden regions: 231->0(231)
[83.888s][info][gc,heap        ] GC(570) Survivor regions: 1->1(29)
[83.888s][info][gc,heap        ] GC(570) Old regions: 44->44
[83.888s][info][gc,heap        ] GC(570) Humongous regions: 6->6
[83.888s][info][gc,metaspace   ] GC(570) Metaspace: 71562K->71562K(1114112K)
[83.888s][info][gc             ] GC(570) Pause Young (Normal) (G1 Evacuation Pause) 280M->49M(387M) 2.981ms
[83.889s][info][gc,cpu         ] GC(570) User=0.00s Sys=0.00s Real=0.00s
[83.998s][info][gc,start       ] GC(571) Pause Young (Normal) (G1 Evacuation Pause)
[83.998s][info][gc,task        ] GC(571) Using 1 workers of 1 for evacuation
[84.001s][info][gc,phases      ] GC(571)   Pre Evacuate Collection Set: 0.0ms
[84.001s][info][gc,phases      ] GC(571)   Evacuate Collection Set: 2.4ms
[84.001s][info][gc,phases      ] GC(571)   Post Evacuate Collection Set: 0.3ms
[84.001s][info][gc,phases      ] GC(571)   Other: 0.3ms
[84.001s][info][gc,heap        ] GC(571) Eden regions: 231->0(231)
[84.001s][info][gc,heap        ] GC(571) Survivor regions: 1->1(29)
[84.001s][info][gc,heap        ] GC(571) Old regions: 44->44
[84.001s][info][gc,heap        ] GC(571) Humongous regions: 6->6
[84.001s][info][gc,metaspace   ] GC(571) Metaspace: 71562K->71562K(1114112K)
[84.001s][info][gc             ] GC(571) Pause Young (Normal) (G1 Evacuation Pause) 280M->49M(387M) 3.048ms
[84.001s][info][gc,cpu         ] GC(571) User=0.01s Sys=0.00s Real=0.00s
[84.109s][info][gc,start       ] GC(572) Pause Young (Normal) (G1 Evacuation Pause)
[84.109s][info][gc,task        ] GC(572) Using 1 workers of 1 for evacuation
[84.112s][info][gc,phases      ] GC(572)   Pre Evacuate Collection Set: 0.0ms
[84.112s][info][gc,phases      ] GC(572)   Evacuate Collection Set: 2.4ms
[84.112s][info][gc,phases      ] GC(572)   Post Evacuate Collection Set: 0.3ms
[84.112s][info][gc,phases      ] GC(572)   Other: 0.3ms
[84.112s][info][gc,heap        ] GC(572) Eden regions: 231->0(231)
[84.112s][info][gc,heap        ] GC(572) Survivor regions: 1->1(29)
[84.112s][info][gc,heap        ] GC(572) Old regions: 44->44
[84.112s][info][gc,heap        ] GC(572) Humongous regions: 6->6
[84.112s][info][gc,metaspace   ] GC(572) Metaspace: 71562K->71562K(1114112K)
[84.112s][info][gc             ] GC(572) Pause Young (Normal) (G1 Evacuation Pause) 280M->49M(387M) 3.129ms
[84.112s][info][gc,cpu         ] GC(572) User=0.01s Sys=0.00s Real=0.01s
[84.219s][info][gc,start       ] GC(573) Pause Young (Normal) (G1 Evacuation Pause)
[84.219s][info][gc,task        ] GC(573) Using 1 workers of 1 for evacuation
[84.222s][info][gc,phases      ] GC(573)   Pre Evacuate Collection Set: 0.0ms
[84.222s][info][gc,phases      ] GC(573)   Evacuate Collection Set: 2.6ms
[84.222s][info][gc,phases      ] GC(573)   Post Evacuate Collection Set: 0.3ms
[84.222s][info][gc,phases      ] GC(573)   Other: 0.3ms
[84.222s][info][gc,heap        ] GC(573) Eden regions: 231->0(231)
[84.222s][info][gc,heap        ] GC(573) Survivor regions: 1->1(29)
[84.222s][info][gc,heap        ] GC(573) Old regions: 44->44
[84.222s][info][gc,heap        ] GC(573) Humongous regions: 6->6
[84.222s][info][gc,metaspace   ] GC(573) Metaspace: 71562K->71562K(1114112K)
[84.222s][info][gc             ] GC(573) Pause Young (Normal) (G1 Evacuation Pause) 280M->49M(387M) 3.245ms
[84.222s][info][gc,cpu         ] GC(573) User=0.01s Sys=0.00s Real=0.00s
[84.336s][info][gc,start       ] GC(574) Pause Young (Normal) (G1 Evacuation Pause)
[84.336s][info][gc,task        ] GC(574) Using 1 workers of 1 for evacuation
[84.339s][info][gc,phases      ] GC(574)   Pre Evacuate Collection Set: 0.0ms
[84.339s][info][gc,phases      ] GC(574)   Evacuate Collection Set: 2.5ms
[84.339s][info][gc,phases      ] GC(574)   Post Evacuate Collection Set: 0.3ms
[84.339s][info][gc,phases      ] GC(574)   Other: 0.3ms
[84.339s][info][gc,heap        ] GC(574) Eden regions: 231->0(231)
[84.339s][info][gc,heap        ] GC(574) Survivor regions: 1->1(29)
[84.339s][info][gc,heap        ] GC(574) Old regions: 44->44
[84.339s][info][gc,heap        ] GC(574) Humongous regions: 6->6
[84.339s][info][gc,metaspace   ] GC(574) Metaspace: 71562K->71562K(1114112K)
[84.339s][info][gc             ] GC(574) Pause Young (Normal) (G1 Evacuation Pause) 280M->49M(387M) 3.200ms
[84.339s][info][gc,cpu         ] GC(574) User=0.00s Sys=0.00s Real=0.01s
[84.447s][info][gc,start       ] GC(575) Pause Young (Normal) (G1 Evacuation Pause)
[84.447s][info][gc,task        ] GC(575) Using 1 workers of 1 for evacuation
[84.451s][info][gc,phases      ] GC(575)   Pre Evacuate Collection Set: 0.0ms
[84.451s][info][gc,phases      ] GC(575)   Evacuate Collection Set: 2.7ms
[84.451s][info][gc,phases      ] GC(575)   Post Evacuate Collection Set: 0.4ms
[84.451s][info][gc,phases      ] GC(575)   Other: 0.4ms
[84.451s][info][gc,heap        ] GC(575) Eden regions: 231->0(231)
[84.451s][info][gc,heap        ] GC(575) Survivor regions: 1->1(29)
[84.451s][info][gc,heap        ] GC(575) Old regions: 44->45
[84.451s][info][gc,heap        ] GC(575) Humongous regions: 6->6
[84.451s][info][gc,metaspace   ] GC(575) Metaspace: 71562K->71562K(1114112K)
[84.451s][info][gc             ] GC(575) Pause Young (Normal) (G1 Evacuation Pause) 280M->49M(387M) 3.452ms
[84.451s][info][gc,cpu         ] GC(575) User=0.01s Sys=0.00s Real=0.01s
[84.595s][info][gc,start       ] GC(576) Pause Young (Normal) (G1 Evacuation Pause)
[84.595s][info][gc,task        ] GC(576) Using 1 workers of 1 for evacuation
[84.599s][info][gc,phases      ] GC(576)   Pre Evacuate Collection Set: 0.0ms
[84.599s][info][gc,phases      ] GC(576)   Evacuate Collection Set: 2.8ms
[84.599s][info][gc,phases      ] GC(576)   Post Evacuate Collection Set: 0.3ms
[84.599s][info][gc,phases      ] GC(576)   Other: 0.3ms
[84.599s][info][gc,heap        ] GC(576) Eden regions: 231->0(231)
[84.599s][info][gc,heap        ] GC(576) Survivor regions: 1->1(29)
[84.599s][info][gc,heap        ] GC(576) Old regions: 45->45
[84.599s][info][gc,heap        ] GC(576) Humongous regions: 11->6
[84.599s][info][gc,metaspace   ] GC(576) Metaspace: 71591K->71591K(1114112K)
[84.599s][info][gc             ] GC(576) Pause Young (Normal) (G1 Evacuation Pause) 285M->49M(387M) 3.484ms
[84.599s][info][gc,cpu         ] GC(576) User=0.00s Sys=0.00s Real=0.01s
[84.712s][info][gc,start       ] GC(577) Pause Young (Normal) (G1 Evacuation Pause)
[84.712s][info][gc,task        ] GC(577) Using 1 workers of 1 for evacuation
[84.715s][info][gc,phases      ] GC(577)   Pre Evacuate Collection Set: 0.0ms
[84.716s][info][gc,phases      ] GC(577)   Evacuate Collection Set: 2.6ms
[84.716s][info][gc,phases      ] GC(577)   Post Evacuate Collection Set: 0.4ms
[84.716s][info][gc,phases      ] GC(577)   Other: 1.5ms
[84.716s][info][gc,heap        ] GC(577) Eden regions: 231->0(231)
[84.716s][info][gc,heap        ] GC(577) Survivor regions: 1->1(29)
[84.716s][info][gc,heap        ] GC(577) Old regions: 45->45
[84.716s][info][gc,heap        ] GC(577) Humongous regions: 6->6
[84.716s][info][gc,metaspace   ] GC(577) Metaspace: 71591K->71591K(1114112K)
[84.716s][info][gc             ] GC(577) Pause Young (Normal) (G1 Evacuation Pause) 280M->49M(387M) 3.385ms
[84.716s][info][gc,cpu         ] GC(577) User=0.01s Sys=0.00s Real=0.00s
[84.832s][info][gc,start       ] GC(578) Pause Young (Normal) (G1 Evacuation Pause)
[84.832s][info][gc,task        ] GC(578) Using 1 workers of 1 for evacuation
[84.835s][info][gc,phases      ] GC(578)   Pre Evacuate Collection Set: 0.0ms
[84.835s][info][gc,phases      ] GC(578)   Evacuate Collection Set: 2.6ms
[84.835s][info][gc,phases      ] GC(578)   Post Evacuate Collection Set: 0.4ms
[84.835s][info][gc,phases      ] GC(578)   Other: 0.3ms
[84.835s][info][gc,heap        ] GC(578) Eden regions: 231->0(231)
[84.835s][info][gc,heap        ] GC(578) Survivor regions: 1->1(29)
[84.835s][info][gc,heap        ] GC(578) Old regions: 45->45
[84.835s][info][gc,heap        ] GC(578) Humongous regions: 6->6
[84.835s][info][gc,metaspace   ] GC(578) Metaspace: 71591K->71591K(1114112K)
[84.835s][info][gc             ] GC(578) Pause Young (Normal) (G1 Evacuation Pause) 280M->49M(387M) 3.383ms
[84.836s][info][gc,cpu         ] GC(578) User=0.00s Sys=0.00s Real=0.00s
[84.943s][info][gc,start       ] GC(579) Pause Young (Normal) (G1 Evacuation Pause)
[84.943s][info][gc,task        ] GC(579) Using 1 workers of 1 for evacuation
[84.946s][info][gc,phases      ] GC(579)   Pre Evacuate Collection Set: 0.0ms
[84.946s][info][gc,phases      ] GC(579)   Evacuate Collection Set: 2.6ms
[84.946s][info][gc,phases      ] GC(579)   Post Evacuate Collection Set: 0.4ms
[84.946s][info][gc,phases      ] GC(579)   Other: 0.3ms
[84.946s][info][gc,heap        ] GC(579) Eden regions: 231->0(231)
[84.946s][info][gc,heap        ] GC(579) Survivor regions: 1->1(29)
[84.946s][info][gc,heap        ] GC(579) Old regions: 45->45
[84.946s][info][gc,heap        ] GC(579) Humongous regions: 6->6
[84.946s][info][gc,metaspace   ] GC(579) Metaspace: 71591K->71591K(1114112K)
[84.946s][info][gc             ] GC(579) Pause Young (Normal) (G1 Evacuation Pause) 280M->49M(387M) 3.300ms
[84.946s][info][gc,cpu         ] GC(579) User=0.00s Sys=0.00s Real=0.00s
[85.063s][info][gc,start       ] GC(580) Pause Young (Normal) (G1 Evacuation Pause)
[85.063s][info][gc,task        ] GC(580) Using 1 workers of 1 for evacuation
[85.066s][info][gc,phases      ] GC(580)   Pre Evacuate Collection Set: 0.0ms
[85.066s][info][gc,phases      ] GC(580)   Evacuate Collection Set: 2.5ms
[85.066s][info][gc,phases      ] GC(580)   Post Evacuate Collection Set: 0.4ms
[85.066s][info][gc,phases      ] GC(580)   Other: 0.4ms
[85.066s][info][gc,heap        ] GC(580) Eden regions: 231->0(231)
[85.066s][info][gc,heap        ] GC(580) Survivor regions: 1->1(29)
[85.066s][info][gc,heap        ] GC(580) Old regions: 45->45
[85.066s][info][gc,heap        ] GC(580) Humongous regions: 6->6
[85.066s][info][gc,metaspace   ] GC(580) Metaspace: 71591K->71591K(1114112K)
[85.066s][info][gc             ] GC(580) Pause Young (Normal) (G1 Evacuation Pause) 280M->49M(387M) 3.273ms
[85.066s][info][gc,cpu         ] GC(580) User=0.00s Sys=0.00s Real=0.00s
[85.172s][info][gc,start       ] GC(581) Pause Young (Normal) (G1 Evacuation Pause)
[85.172s][info][gc,task        ] GC(581) Using 1 workers of 1 for evacuation
[85.175s][info][gc,phases      ] GC(581)   Pre Evacuate Collection Set: 0.0ms
[85.175s][info][gc,phases      ] GC(581)   Evacuate Collection Set: 2.6ms
[85.175s][info][gc,phases      ] GC(581)   Post Evacuate Collection Set: 0.3ms
[85.175s][info][gc,phases      ] GC(581)   Other: 0.3ms
[85.175s][info][gc,heap        ] GC(581) Eden regions: 231->0(231)
[85.175s][info][gc,heap        ] GC(581) Survivor regions: 1->1(29)
[85.175s][info][gc,heap        ] GC(581) Old regions: 45->45
[85.175s][info][gc,heap        ] GC(581) Humongous regions: 6->6
[85.175s][info][gc,metaspace   ] GC(581) Metaspace: 71591K->71591K(1114112K)
[85.175s][info][gc             ] GC(581) Pause Young (Normal) (G1 Evacuation Pause) 280M->49M(387M) 3.328ms
[85.175s][info][gc,cpu         ] GC(581) User=0.01s Sys=0.00s Real=0.00s
[85.281s][info][gc,start       ] GC(582) Pause Young (Normal) (G1 Evacuation Pause)
[85.281s][info][gc,task        ] GC(582) Using 1 workers of 1 for evacuation
[85.284s][info][gc,phases      ] GC(582)   Pre Evacuate Collection Set: 0.0ms
[85.284s][info][gc,phases      ] GC(582)   Evacuate Collection Set: 2.6ms
[85.284s][info][gc,phases      ] GC(582)   Post Evacuate Collection Set: 0.3ms
[85.284s][info][gc,phases      ] GC(582)   Other: 0.3ms
[85.284s][info][gc,heap        ] GC(582) Eden regions: 231->0(231)
[85.284s][info][gc,heap        ] GC(582) Survivor regions: 1->1(29)
[85.284s][info][gc,heap        ] GC(582) Old regions: 45->45
[85.284s][info][gc,heap        ] GC(582) Humongous regions: 6->6
[85.284s][info][gc,metaspace   ] GC(582) Metaspace: 71591K->71591K(1114112K)
[85.284s][info][gc             ] GC(582) Pause Young (Normal) (G1 Evacuation Pause) 280M->49M(387M) 3.232ms
[85.284s][info][gc,cpu         ] GC(582) User=0.01s Sys=0.00s Real=0.00s
[85.390s][info][gc,start       ] GC(583) Pause Young (Normal) (G1 Evacuation Pause)
[85.390s][info][gc,task        ] GC(583) Using 1 workers of 1 for evacuation
[85.393s][info][gc,phases      ] GC(583)   Pre Evacuate Collection Set: 0.0ms
[85.393s][info][gc,phases      ] GC(583)   Evacuate Collection Set: 2.6ms
[85.393s][info][gc,phases      ] GC(583)   Post Evacuate Collection Set: 0.3ms
[85.393s][info][gc,phases      ] GC(583)   Other: 0.3ms
[85.393s][info][gc,heap        ] GC(583) Eden regions: 231->0(231)
[85.393s][info][gc,heap        ] GC(583) Survivor regions: 1->1(29)
[85.393s][info][gc,heap        ] GC(583) Old regions: 45->45
[85.393s][info][gc,heap        ] GC(583) Humongous regions: 6->6
[85.393s][info][gc,metaspace   ] GC(583) Metaspace: 71591K->71591K(1114112K)
[85.393s][info][gc             ] GC(583) Pause Young (Normal) (G1 Evacuation Pause) 280M->49M(387M) 3.236ms
[85.393s][info][gc,cpu         ] GC(583) User=0.00s Sys=0.00s Real=0.00s
[85.544s][info][gc,start       ] GC(584) Pause Young (Normal) (G1 Evacuation Pause)
[85.544s][info][gc,task        ] GC(584) Using 1 workers of 1 for evacuation
[85.547s][info][gc,phases      ] GC(584)   Pre Evacuate Collection Set: 0.0ms
[85.547s][info][gc,phases      ] GC(584)   Evacuate Collection Set: 2.3ms
[85.547s][info][gc,phases      ] GC(584)   Post Evacuate Collection Set: 0.4ms
[85.547s][info][gc,phases      ] GC(584)   Other: 0.3ms
[85.547s][info][gc,heap        ] GC(584) Eden regions: 231->0(231)
[85.547s][info][gc,heap        ] GC(584) Survivor regions: 1->1(29)
[85.547s][info][gc,heap        ] GC(584) Old regions: 45->45
[85.547s][info][gc,heap        ] GC(584) Humongous regions: 11->6
[85.547s][info][gc,metaspace   ] GC(584) Metaspace: 71612K->71612K(1114112K)
[85.547s][info][gc             ] GC(584) Pause Young (Normal) (G1 Evacuation Pause) 285M->49M(387M) 3.037ms
[85.547s][info][gc,cpu         ] GC(584) User=0.00s Sys=0.00s Real=0.00s
[85.655s][info][gc,start       ] GC(585) Pause Young (Normal) (G1 Evacuation Pause)
[85.655s][info][gc,task        ] GC(585) Using 1 workers of 1 for evacuation
[85.658s][info][gc,phases      ] GC(585)   Pre Evacuate Collection Set: 0.0ms
[85.658s][info][gc,phases      ] GC(585)   Evacuate Collection Set: 2.4ms
[85.658s][info][gc,phases      ] GC(585)   Post Evacuate Collection Set: 0.4ms
[85.658s][info][gc,phases      ] GC(585)   Other: 0.3ms
[85.658s][info][gc,heap        ] GC(585) Eden regions: 231->0(231)
[85.658s][info][gc,heap        ] GC(585) Survivor regions: 1->1(29)
[85.658s][info][gc,heap        ] GC(585) Old regions: 45->45
[85.658s][info][gc,heap        ] GC(585) Humongous regions: 6->6
[85.658s][info][gc,metaspace   ] GC(585) Metaspace: 71612K->71612K(1114112K)
[85.658s][info][gc             ] GC(585) Pause Young (Normal) (G1 Evacuation Pause) 280M->49M(387M) 3.201ms
[85.658s][info][gc,cpu         ] GC(585) User=0.01s Sys=0.00s Real=0.01s
[85.774s][info][gc,start       ] GC(586) Pause Young (Normal) (G1 Evacuation Pause)
[85.774s][info][gc,task        ] GC(586) Using 1 workers of 1 for evacuation
[85.777s][info][gc,phases      ] GC(586)   Pre Evacuate Collection Set: 0.0ms
[85.777s][info][gc,phases      ] GC(586)   Evacuate Collection Set: 2.4ms
[85.777s][info][gc,phases      ] GC(586)   Post Evacuate Collection Set: 0.4ms
[85.777s][info][gc,phases      ] GC(586)   Other: 0.3ms
[85.777s][info][gc,heap        ] GC(586) Eden regions: 231->0(231)
[85.777s][info][gc,heap        ] GC(586) Survivor regions: 1->1(29)
[85.777s][info][gc,heap        ] GC(586) Old regions: 45->45
[85.777s][info][gc,heap        ] GC(586) Humongous regions: 6->6
[85.777s][info][gc,metaspace   ] GC(586) Metaspace: 71612K->71612K(1114112K)
[85.777s][info][gc             ] GC(586) Pause Young (Normal) (G1 Evacuation Pause) 280M->49M(387M) 3.102ms
[85.778s][info][gc,cpu         ] GC(586) User=0.00s Sys=0.00s Real=0.01s
[85.885s][info][gc,start       ] GC(587) Pause Young (Normal) (G1 Evacuation Pause)
[85.885s][info][gc,task        ] GC(587) Using 1 workers of 1 for evacuation
[85.887s][info][gc,phases      ] GC(587)   Pre Evacuate Collection Set: 0.0ms
[85.888s][info][gc,phases      ] GC(587)   Evacuate Collection Set: 2.3ms
[85.888s][info][gc,phases      ] GC(587)   Post Evacuate Collection Set: 0.3ms
[85.888s][info][gc,phases      ] GC(587)   Other: 0.3ms
[85.888s][info][gc,heap        ] GC(587) Eden regions: 231->0(231)
[85.888s][info][gc,heap        ] GC(587) Survivor regions: 1->1(29)
[85.888s][info][gc,heap        ] GC(587) Old regions: 45->45
[85.888s][info][gc,heap        ] GC(587) Humongous regions: 6->6
[85.888s][info][gc,metaspace   ] GC(587) Metaspace: 71613K->71613K(1114112K)
[85.888s][info][gc             ] GC(587) Pause Young (Normal) (G1 Evacuation Pause) 280M->49M(387M) 3.040ms
[85.888s][info][gc,cpu         ] GC(587) User=0.00s Sys=0.00s Real=0.00s
[85.995s][info][gc,start       ] GC(588) Pause Young (Normal) (G1 Evacuation Pause)
[85.995s][info][gc,task        ] GC(588) Using 1 workers of 1 for evacuation
[85.998s][info][gc,phases      ] GC(588)   Pre Evacuate Collection Set: 0.0ms
[85.998s][info][gc,phases      ] GC(588)   Evacuate Collection Set: 2.4ms
[85.998s][info][gc,phases      ] GC(588)   Post Evacuate Collection Set: 0.3ms
[85.998s][info][gc,phases      ] GC(588)   Other: 0.4ms
[85.998s][info][gc,heap        ] GC(588) Eden regions: 231->0(231)
[85.998s][info][gc,heap        ] GC(588) Survivor regions: 1->1(29)
[85.998s][info][gc,heap        ] GC(588) Old regions: 45->45
[85.998s][info][gc,heap        ] GC(588) Humongous regions: 6->6
[85.998s][info][gc,metaspace   ] GC(588) Metaspace: 71613K->71613K(1114112K)
[85.998s][info][gc             ] GC(588) Pause Young (Normal) (G1 Evacuation Pause) 280M->49M(387M) 3.124ms
[85.998s][info][gc,cpu         ] GC(588) User=0.00s Sys=0.00s Real=0.01s
[86.106s][info][gc,start       ] GC(589) Pause Young (Normal) (G1 Evacuation Pause)
[86.106s][info][gc,task        ] GC(589) Using 1 workers of 1 for evacuation
[86.109s][info][gc,phases      ] GC(589)   Pre Evacuate Collection Set: 0.0ms
[86.109s][info][gc,phases      ] GC(589)   Evacuate Collection Set: 2.4ms
[86.109s][info][gc,phases      ] GC(589)   Post Evacuate Collection Set: 0.3ms
[86.109s][info][gc,phases      ] GC(589)   Other: 0.3ms
[86.109s][info][gc,heap        ] GC(589) Eden regions: 231->0(231)
[86.109s][info][gc,heap        ] GC(589) Survivor regions: 1->1(29)
[86.109s][info][gc,heap        ] GC(589) Old regions: 45->45
[86.109s][info][gc,heap        ] GC(589) Humongous regions: 6->6
[86.109s][info][gc,metaspace   ] GC(589) Metaspace: 71613K->71613K(1114112K)
[86.109s][info][gc             ] GC(589) Pause Young (Normal) (G1 Evacuation Pause) 280M->49M(387M) 3.116ms
[86.109s][info][gc,cpu         ] GC(589) User=0.01s Sys=0.00s Real=0.00s
[86.216s][info][gc,start       ] GC(590) Pause Young (Normal) (G1 Evacuation Pause)
[86.216s][info][gc,task        ] GC(590) Using 1 workers of 1 for evacuation
[86.219s][info][gc,phases      ] GC(590)   Pre Evacuate Collection Set: 0.0ms
[86.219s][info][gc,phases      ] GC(590)   Evacuate Collection Set: 2.6ms
[86.219s][info][gc,phases      ] GC(590)   Post Evacuate Collection Set: 0.3ms
[86.220s][info][gc,phases      ] GC(590)   Other: 0.3ms
[86.220s][info][gc,heap        ] GC(590) Eden regions: 231->0(231)
[86.220s][info][gc,heap        ] GC(590) Survivor regions: 1->1(29)
[86.220s][info][gc,heap        ] GC(590) Old regions: 45->45
[86.220s][info][gc,heap        ] GC(590) Humongous regions: 6->6
[86.220s][info][gc,metaspace   ] GC(590) Metaspace: 71613K->71613K(1114112K)
[86.220s][info][gc             ] GC(590) Pause Young (Normal) (G1 Evacuation Pause) 280M->49M(387M) 3.252ms
[86.220s][info][gc,cpu         ] GC(590) User=0.01s Sys=0.00s Real=0.01s
[86.329s][info][gc,start       ] GC(591) Pause Young (Normal) (G1 Evacuation Pause)
[86.329s][info][gc,task        ] GC(591) Using 1 workers of 1 for evacuation
[86.333s][info][gc,phases      ] GC(591)   Pre Evacuate Collection Set: 0.0ms
[86.333s][info][gc,phases      ] GC(591)   Evacuate Collection Set: 3.3ms
[86.333s][info][gc,phases      ] GC(591)   Post Evacuate Collection Set: 0.4ms
[86.333s][info][gc,phases      ] GC(591)   Other: 0.4ms
[86.333s][info][gc,heap        ] GC(591) Eden regions: 231->0(231)
[86.333s][info][gc,heap        ] GC(591) Survivor regions: 1->1(29)
[86.333s][info][gc,heap        ] GC(591) Old regions: 45->45
[86.333s][info][gc,heap        ] GC(591) Humongous regions: 6->6
[86.333s][info][gc,metaspace   ] GC(591) Metaspace: 71613K->71613K(1114112K)
[86.333s][info][gc             ] GC(591) Pause Young (Normal) (G1 Evacuation Pause) 280M->49M(387M) 4.091ms
[86.333s][info][gc,cpu         ] GC(591) User=0.00s Sys=0.00s Real=0.01s
[86.753s][info][gc,start       ] GC(592) Pause Young (Normal) (G1 Evacuation Pause)
[86.753s][info][gc,task        ] GC(592) Using 1 workers of 1 for evacuation
[86.758s][info][gc,phases      ] GC(592)   Pre Evacuate Collection Set: 0.0ms
[86.758s][info][gc,phases      ] GC(592)   Evacuate Collection Set: 3.2ms
[86.758s][info][gc,phases      ] GC(592)   Post Evacuate Collection Set: 1.0ms
[86.758s][info][gc,phases      ] GC(592)   Other: 0.6ms
[86.758s][info][gc,heap        ] GC(592) Eden regions: 231->0(230)
[86.758s][info][gc,heap        ] GC(592) Survivor regions: 1->2(29)
[86.758s][info][gc,heap        ] GC(592) Old regions: 45->45
[86.758s][info][gc,heap        ] GC(592) Humongous regions: 21->6
[86.758s][info][gc,metaspace   ] GC(592) Metaspace: 71656K->71656K(1114112K)
[86.758s][info][gc             ] GC(592) Pause Young (Normal) (G1 Evacuation Pause) 295M->50M(387M) 4.808ms
[86.758s][info][gc,cpu         ] GC(592) User=0.01s Sys=0.00s Real=0.01s
[86.975s][info][gc,start       ] GC(593) Pause Young (Normal) (G1 Evacuation Pause)
[86.976s][info][gc,task        ] GC(593) Using 1 workers of 1 for evacuation
[86.980s][info][gc,phases      ] GC(593)   Pre Evacuate Collection Set: 0.0ms
[86.980s][info][gc,phases      ] GC(593)   Evacuate Collection Set: 3.9ms
[86.980s][info][gc,phases      ] GC(593)   Post Evacuate Collection Set: 0.4ms
[86.980s][info][gc,phases      ] GC(593)   Other: 0.4ms
[86.980s][info][gc,heap        ] GC(593) Eden regions: 230->0(230)
[86.980s][info][gc,heap        ] GC(593) Survivor regions: 2->2(29)
[86.980s][info][gc,heap        ] GC(593) Old regions: 45->45
[86.980s][info][gc,heap        ] GC(593) Humongous regions: 16->6
[86.980s][info][gc,metaspace   ] GC(593) Metaspace: 71687K->71687K(1114112K)
[86.980s][info][gc             ] GC(593) Pause Young (Normal) (G1 Evacuation Pause) 290M->50M(387M) 4.713ms
[86.980s][info][gc,cpu         ] GC(593) User=0.01s Sys=0.00s Real=0.01s
[87.087s][info][gc,start       ] GC(594) Pause Young (Normal) (G1 Evacuation Pause)
[87.087s][info][gc,task        ] GC(594) Using 1 workers of 1 for evacuation
[87.091s][info][gc,phases      ] GC(594)   Pre Evacuate Collection Set: 0.0ms
[87.091s][info][gc,phases      ] GC(594)   Evacuate Collection Set: 3.6ms
[87.091s][info][gc,phases      ] GC(594)   Post Evacuate Collection Set: 0.4ms
[87.091s][info][gc,phases      ] GC(594)   Other: 0.3ms
[87.091s][info][gc,heap        ] GC(594) Eden regions: 230->0(230)
[87.091s][info][gc,heap        ] GC(594) Survivor regions: 2->2(29)
[87.091s][info][gc,heap        ] GC(594) Old regions: 45->45
[87.091s][info][gc,heap        ] GC(594) Humongous regions: 6->6
[87.091s][info][gc,metaspace   ] GC(594) Metaspace: 71687K->71687K(1114112K)
[87.091s][info][gc             ] GC(594) Pause Young (Normal) (G1 Evacuation Pause) 280M->50M(387M) 4.353ms
[87.091s][info][gc,cpu         ] GC(594) User=0.00s Sys=0.00s Real=0.01s
[87.204s][info][gc,start       ] GC(595) Pause Young (Normal) (G1 Evacuation Pause)
[87.204s][info][gc,task        ] GC(595) Using 1 workers of 1 for evacuation
[87.208s][info][gc,phases      ] GC(595)   Pre Evacuate Collection Set: 0.0ms
[87.208s][info][gc,phases      ] GC(595)   Evacuate Collection Set: 3.6ms
[87.208s][info][gc,phases      ] GC(595)   Post Evacuate Collection Set: 0.4ms
[87.208s][info][gc,phases      ] GC(595)   Other: 0.3ms
[87.208s][info][gc,heap        ] GC(595) Eden regions: 230->0(230)
[87.208s][info][gc,heap        ] GC(595) Survivor regions: 2->2(29)
[87.208s][info][gc,heap        ] GC(595) Old regions: 45->45
[87.208s][info][gc,heap        ] GC(595) Humongous regions: 6->6
[87.208s][info][gc,metaspace   ] GC(595) Metaspace: 71687K->71687K(1114112K)
[87.208s][info][gc             ] GC(595) Pause Young (Normal) (G1 Evacuation Pause) 280M->50M(387M) 4.437ms
[87.209s][info][gc,cpu         ] GC(595) User=0.01s Sys=0.00s Real=0.00s
[87.338s][info][gc,start       ] GC(596) Pause Young (Normal) (G1 Evacuation Pause)
[87.338s][info][gc,task        ] GC(596) Using 1 workers of 1 for evacuation
[87.342s][info][gc,phases      ] GC(596)   Pre Evacuate Collection Set: 0.0ms
[87.342s][info][gc,phases      ] GC(596)   Evacuate Collection Set: 3.5ms
[87.342s][info][gc,phases      ] GC(596)   Post Evacuate Collection Set: 0.4ms
[87.342s][info][gc,phases      ] GC(596)   Other: 0.3ms
[87.342s][info][gc,heap        ] GC(596) Eden regions: 230->0(230)
[87.342s][info][gc,heap        ] GC(596) Survivor regions: 2->2(29)
[87.342s][info][gc,heap        ] GC(596) Old regions: 45->45
[87.342s][info][gc,heap        ] GC(596) Humongous regions: 6->6
[87.342s][info][gc,metaspace   ] GC(596) Metaspace: 71687K->71687K(1114112K)
[87.342s][info][gc             ] GC(596) Pause Young (Normal) (G1 Evacuation Pause) 280M->51M(387M) 4.356ms
[87.342s][info][gc,cpu         ] GC(596) User=0.00s Sys=0.00s Real=0.01s
[87.449s][info][gc,start       ] GC(597) Pause Young (Normal) (G1 Evacuation Pause)
[87.449s][info][gc,task        ] GC(597) Using 1 workers of 1 for evacuation
[87.454s][info][gc,phases      ] GC(597)   Pre Evacuate Collection Set: 0.0ms
[87.454s][info][gc,phases      ] GC(597)   Evacuate Collection Set: 4.3ms
[87.454s][info][gc,phases      ] GC(597)   Post Evacuate Collection Set: 0.4ms
[87.454s][info][gc,phases      ] GC(597)   Other: 0.3ms
[87.454s][info][gc,heap        ] GC(597) Eden regions: 230->0(230)
[87.454s][info][gc,heap        ] GC(597) Survivor regions: 2->2(29)
[87.454s][info][gc,heap        ] GC(597) Old regions: 45->45
[87.454s][info][gc,heap        ] GC(597) Humongous regions: 6->6
[87.454s][info][gc,metaspace   ] GC(597) Metaspace: 71687K->71687K(1114112K)
[87.454s][info][gc             ] GC(597) Pause Young (Normal) (G1 Evacuation Pause) 281M->51M(387M) 5.061ms
[87.454s][info][gc,cpu         ] GC(597) User=0.00s Sys=0.00s Real=0.01s
[87.562s][info][gc,start       ] GC(598) Pause Young (Normal) (G1 Evacuation Pause)
[87.562s][info][gc,task        ] GC(598) Using 1 workers of 1 for evacuation
[87.567s][info][gc,phases      ] GC(598)   Pre Evacuate Collection Set: 0.0ms
[87.567s][info][gc,phases      ] GC(598)   Evacuate Collection Set: 3.7ms
[87.567s][info][gc,phases      ] GC(598)   Post Evacuate Collection Set: 0.4ms
[87.567s][info][gc,phases      ] GC(598)   Other: 0.3ms
[87.567s][info][gc,heap        ] GC(598) Eden regions: 230->0(230)
[87.567s][info][gc,heap        ] GC(598) Survivor regions: 2->2(29)
[87.567s][info][gc,heap        ] GC(598) Old regions: 45->45
[87.567s][info][gc,heap        ] GC(598) Humongous regions: 6->6
[87.567s][info][gc,metaspace   ] GC(598) Metaspace: 71689K->71689K(1114112K)
[87.567s][info][gc             ] GC(598) Pause Young (Normal) (G1 Evacuation Pause) 281M->51M(387M) 4.411ms
[87.567s][info][gc,cpu         ] GC(598) User=0.00s Sys=0.00s Real=0.00s
[87.672s][info][gc,start       ] GC(599) Pause Young (Normal) (G1 Evacuation Pause)
[87.672s][info][gc,task        ] GC(599) Using 1 workers of 1 for evacuation
[87.676s][info][gc,phases      ] GC(599)   Pre Evacuate Collection Set: 0.0ms
[87.676s][info][gc,phases      ] GC(599)   Evacuate Collection Set: 3.7ms
[87.676s][info][gc,phases      ] GC(599)   Post Evacuate Collection Set: 0.4ms
[87.676s][info][gc,phases      ] GC(599)   Other: 0.4ms
[87.676s][info][gc,heap        ] GC(599) Eden regions: 230->0(230)
[87.676s][info][gc,heap        ] GC(599) Survivor regions: 2->2(29)
[87.676s][info][gc,heap        ] GC(599) Old regions: 45->45
[87.676s][info][gc,heap        ] GC(599) Humongous regions: 6->6
[87.676s][info][gc,metaspace   ] GC(599) Metaspace: 71689K->71689K(1114112K)
[87.676s][info][gc             ] GC(599) Pause Young (Normal) (G1 Evacuation Pause) 281M->51M(387M) 4.497ms
[87.676s][info][gc,cpu         ] GC(599) User=0.00s Sys=0.00s Real=0.00s
[87.785s][info][gc,start       ] GC(600) Pause Young (Normal) (G1 Evacuation Pause)
[87.785s][info][gc,task        ] GC(600) Using 1 workers of 1 for evacuation
[87.789s][info][gc,phases      ] GC(600)   Pre Evacuate Collection Set: 0.0ms
[87.789s][info][gc,phases      ] GC(600)   Evacuate Collection Set: 3.5ms
[87.789s][info][gc,phases      ] GC(600)   Post Evacuate Collection Set: 0.4ms
[87.789s][info][gc,phases      ] GC(600)   Other: 0.3ms
[87.789s][info][gc,heap        ] GC(600) Eden regions: 230->0(230)
[87.789s][info][gc,heap        ] GC(600) Survivor regions: 2->2(29)
[87.789s][info][gc,heap        ] GC(600) Old regions: 45->45
[87.789s][info][gc,heap        ] GC(600) Humongous regions: 6->6
[87.789s][info][gc,metaspace   ] GC(600) Metaspace: 71689K->71689K(1114112K)
[87.789s][info][gc             ] GC(600) Pause Young (Normal) (G1 Evacuation Pause) 281M->50M(387M) 4.289ms
[87.789s][info][gc,cpu         ] GC(600) User=0.00s Sys=0.00s Real=0.00s
[87.909s][info][gc,start       ] GC(601) Pause Young (Normal) (G1 Evacuation Pause)
[87.909s][info][gc,task        ] GC(601) Using 1 workers of 1 for evacuation
[87.913s][info][gc,phases      ] GC(601)   Pre Evacuate Collection Set: 0.0ms
[87.913s][info][gc,phases      ] GC(601)   Evacuate Collection Set: 3.5ms
[87.913s][info][gc,phases      ] GC(601)   Post Evacuate Collection Set: 0.4ms
[87.913s][info][gc,phases      ] GC(601)   Other: 0.3ms
[87.913s][info][gc,heap        ] GC(601) Eden regions: 230->0(230)
[87.913s][info][gc,heap        ] GC(601) Survivor regions: 2->2(29)
[87.913s][info][gc,heap        ] GC(601) Old regions: 45->45
[87.913s][info][gc,heap        ] GC(601) Humongous regions: 11->6
[87.913s][info][gc,metaspace   ] GC(601) Metaspace: 71691K->71691K(1114112K)
[87.913s][info][gc             ] GC(601) Pause Young (Normal) (G1 Evacuation Pause) 285M->50M(387M) 4.278ms
[87.913s][info][gc,cpu         ] GC(601) User=0.01s Sys=0.00s Real=0.01s
[88.022s][info][gc,start       ] GC(602) Pause Young (Normal) (G1 Evacuation Pause)
[88.022s][info][gc,task        ] GC(602) Using 1 workers of 1 for evacuation
[88.026s][info][gc,phases      ] GC(602)   Pre Evacuate Collection Set: 0.0ms
[88.026s][info][gc,phases      ] GC(602)   Evacuate Collection Set: 3.5ms
[88.026s][info][gc,phases      ] GC(602)   Post Evacuate Collection Set: 0.4ms
[88.026s][info][gc,phases      ] GC(602)   Other: 0.3ms
[88.026s][info][gc,heap        ] GC(602) Eden regions: 230->0(230)
[88.026s][info][gc,heap        ] GC(602) Survivor regions: 2->2(29)
[88.026s][info][gc,heap        ] GC(602) Old regions: 45->45
[88.026s][info][gc,heap        ] GC(602) Humongous regions: 6->6
[88.026s][info][gc,metaspace   ] GC(602) Metaspace: 71692K->71692K(1114112K)
[88.026s][info][gc             ] GC(602) Pause Young (Normal) (G1 Evacuation Pause) 280M->50M(387M) 4.190ms
[88.026s][info][gc,cpu         ] GC(602) User=0.00s Sys=0.00s Real=0.00s
[88.132s][info][gc,start       ] GC(603) Pause Young (Normal) (G1 Evacuation Pause)
[88.132s][info][gc,task        ] GC(603) Using 1 workers of 1 for evacuation
[88.136s][info][gc,phases      ] GC(603)   Pre Evacuate Collection Set: 0.0ms
[88.136s][info][gc,phases      ] GC(603)   Evacuate Collection Set: 3.5ms
[88.136s][info][gc,phases      ] GC(603)   Post Evacuate Collection Set: 0.4ms
[88.136s][info][gc,phases      ] GC(603)   Other: 0.3ms
[88.136s][info][gc,heap        ] GC(603) Eden regions: 230->0(230)
[88.136s][info][gc,heap        ] GC(603) Survivor regions: 2->2(29)
[88.136s][info][gc,heap        ] GC(603) Old regions: 45->45
[88.136s][info][gc,heap        ] GC(603) Humongous regions: 6->6
[88.136s][info][gc,metaspace   ] GC(603) Metaspace: 71692K->71692K(1114112K)
[88.136s][info][gc             ] GC(603) Pause Young (Normal) (G1 Evacuation Pause) 280M->50M(387M) 4.207ms
[88.136s][info][gc,cpu         ] GC(603) User=0.00s Sys=0.00s Real=0.00s
[88.242s][info][gc,start       ] GC(604) Pause Young (Normal) (G1 Evacuation Pause)
[88.242s][info][gc,task        ] GC(604) Using 1 workers of 1 for evacuation
[88.246s][info][gc,phases      ] GC(604)   Pre Evacuate Collection Set: 0.0ms
[88.246s][info][gc,phases      ] GC(604)   Evacuate Collection Set: 3.4ms
[88.246s][info][gc,phases      ] GC(604)   Post Evacuate Collection Set: 0.4ms
[88.246s][info][gc,phases      ] GC(604)   Other: 0.3ms
[88.246s][info][gc,heap        ] GC(604) Eden regions: 230->0(230)
[88.246s][info][gc,heap        ] GC(604) Survivor regions: 2->2(29)
[88.246s][info][gc,heap        ] GC(604) Old regions: 45->45
[88.246s][info][gc,heap        ] GC(604) Humongous regions: 6->6
[88.246s][info][gc,metaspace   ] GC(604) Metaspace: 71692K->71692K(1114112K)
[88.246s][info][gc             ] GC(604) Pause Young (Normal) (G1 Evacuation Pause) 280M->50M(387M) 4.147ms
[88.246s][info][gc,cpu         ] GC(604) User=0.00s Sys=0.00s Real=0.00s
[88.351s][info][gc,start       ] GC(605) Pause Young (Normal) (G1 Evacuation Pause)
[88.351s][info][gc,task        ] GC(605) Using 1 workers of 1 for evacuation
[88.355s][info][gc,phases      ] GC(605)   Pre Evacuate Collection Set: 0.0ms
[88.355s][info][gc,phases      ] GC(605)   Evacuate Collection Set: 3.4ms
[88.355s][info][gc,phases      ] GC(605)   Post Evacuate Collection Set: 0.4ms
[88.355s][info][gc,phases      ] GC(605)   Other: 0.3ms
[88.355s][info][gc,heap        ] GC(605) Eden regions: 230->0(230)
[88.355s][info][gc,heap        ] GC(605) Survivor regions: 2->2(29)
[88.355s][info][gc,heap        ] GC(605) Old regions: 45->45
[88.355s][info][gc,heap        ] GC(605) Humongous regions: 6->6
[88.355s][info][gc,metaspace   ] GC(605) Metaspace: 71692K->71692K(1114112K)
[88.355s][info][gc             ] GC(605) Pause Young (Normal) (G1 Evacuation Pause) 280M->50M(387M) 4.148ms
[88.356s][info][gc,cpu         ] GC(605) User=0.00s Sys=0.00s Real=0.00s
[88.462s][info][gc,start       ] GC(606) Pause Young (Normal) (G1 Evacuation Pause)
[88.462s][info][gc,task        ] GC(606) Using 1 workers of 1 for evacuation
[88.466s][info][gc,phases      ] GC(606)   Pre Evacuate Collection Set: 0.0ms
[88.466s][info][gc,phases      ] GC(606)   Evacuate Collection Set: 3.4ms
[88.466s][info][gc,phases      ] GC(606)   Post Evacuate Collection Set: 0.4ms
[88.466s][info][gc,phases      ] GC(606)   Other: 0.4ms
[88.466s][info][gc,heap        ] GC(606) Eden regions: 230->0(230)
[88.466s][info][gc,heap        ] GC(606) Survivor regions: 2->2(29)
[88.466s][info][gc,heap        ] GC(606) Old regions: 45->45
[88.466s][info][gc,heap        ] GC(606) Humongous regions: 6->6
[88.466s][info][gc,metaspace   ] GC(606) Metaspace: 71692K->71692K(1114112K)
[88.466s][info][gc             ] GC(606) Pause Young (Normal) (G1 Evacuation Pause) 280M->50M(387M) 4.291ms
[88.466s][info][gc,cpu         ] GC(606) User=0.00s Sys=0.00s Real=0.00s
[88.572s][info][gc,start       ] GC(607) Pause Young (Normal) (G1 Evacuation Pause)
[88.573s][info][gc,task        ] GC(607) Using 1 workers of 1 for evacuation
[88.576s][info][gc,phases      ] GC(607)   Pre Evacuate Collection Set: 0.0ms
[88.576s][info][gc,phases      ] GC(607)   Evacuate Collection Set: 3.4ms
[88.576s][info][gc,phases      ] GC(607)   Post Evacuate Collection Set: 0.3ms
[88.576s][info][gc,phases      ] GC(607)   Other: 0.3ms
[88.576s][info][gc,heap        ] GC(607) Eden regions: 230->0(231)
[88.576s][info][gc,heap        ] GC(607) Survivor regions: 2->1(29)
[88.576s][info][gc,heap        ] GC(607) Old regions: 45->46
[88.576s][info][gc,heap        ] GC(607) Humongous regions: 6->6
[88.576s][info][gc,metaspace   ] GC(607) Metaspace: 71692K->71692K(1114112K)
[88.577s][info][gc             ] GC(607) Pause Young (Normal) (G1 Evacuation Pause) 280M->50M(387M) 4.073ms
[88.577s][info][gc,cpu         ] GC(607) User=0.00s Sys=0.00s Real=0.00s
[88.687s][info][gc,start       ] GC(608) Pause Young (Normal) (G1 Evacuation Pause)
[88.687s][info][gc,task        ] GC(608) Using 1 workers of 1 for evacuation
[88.690s][info][gc,phases      ] GC(608)   Pre Evacuate Collection Set: 0.0ms
[88.690s][info][gc,phases      ] GC(608)   Evacuate Collection Set: 3.2ms
[88.690s][info][gc,phases      ] GC(608)   Post Evacuate Collection Set: 0.4ms
[88.690s][info][gc,phases      ] GC(608)   Other: 0.3ms
[88.690s][info][gc,heap        ] GC(608) Eden regions: 231->0(231)
[88.690s][info][gc,heap        ] GC(608) Survivor regions: 1->1(29)
[88.690s][info][gc,heap        ] GC(608) Old regions: 46->46
[88.690s][info][gc,heap        ] GC(608) Humongous regions: 6->6
[88.690s][info][gc,metaspace   ] GC(608) Metaspace: 71692K->71692K(1114112K)
[88.690s][info][gc             ] GC(608) Pause Young (Normal) (G1 Evacuation Pause) 281M->51M(387M) 3.943ms
[88.691s][info][gc,cpu         ] GC(608) User=0.00s Sys=0.00s Real=0.01s
[88.830s][info][gc,start       ] GC(609) Pause Young (Normal) (G1 Evacuation Pause)
[88.830s][info][gc,task        ] GC(609) Using 1 workers of 1 for evacuation
[88.833s][info][gc,phases      ] GC(609)   Pre Evacuate Collection Set: 0.0ms
[88.833s][info][gc,phases      ] GC(609)   Evacuate Collection Set: 2.9ms
[88.833s][info][gc,phases      ] GC(609)   Post Evacuate Collection Set: 0.3ms
[88.833s][info][gc,phases      ] GC(609)   Other: 0.3ms
[88.833s][info][gc,heap        ] GC(609) Eden regions: 231->0(231)
[88.833s][info][gc,heap        ] GC(609) Survivor regions: 1->1(29)
[88.833s][info][gc,heap        ] GC(609) Old regions: 46->46
[88.833s][info][gc,heap        ] GC(609) Humongous regions: 11->6
[88.833s][info][gc,metaspace   ] GC(609) Metaspace: 71694K->71694K(1114112K)
[88.833s][info][gc             ] GC(609) Pause Young (Normal) (G1 Evacuation Pause) 287M->51M(387M) 3.652ms
[88.833s][info][gc,cpu         ] GC(609) User=0.01s Sys=0.00s Real=0.00s
[88.941s][info][gc,start       ] GC(610) Pause Young (Normal) (G1 Evacuation Pause)
[88.941s][info][gc,task        ] GC(610) Using 1 workers of 1 for evacuation
[88.944s][info][gc,phases      ] GC(610)   Pre Evacuate Collection Set: 0.0ms
[88.944s][info][gc,phases      ] GC(610)   Evacuate Collection Set: 2.5ms
[88.944s][info][gc,phases      ] GC(610)   Post Evacuate Collection Set: 0.3ms
[88.944s][info][gc,phases      ] GC(610)   Other: 0.3ms
[88.944s][info][gc,heap        ] GC(610) Eden regions: 231->0(231)
[88.944s][info][gc,heap        ] GC(610) Survivor regions: 1->1(29)
[88.944s][info][gc,heap        ] GC(610) Old regions: 46->46
[88.944s][info][gc,heap        ] GC(610) Humongous regions: 6->6
[88.944s][info][gc,metaspace   ] GC(610) Metaspace: 71694K->71694K(1114112K)
[88.944s][info][gc             ] GC(610) Pause Young (Normal) (G1 Evacuation Pause) 282M->51M(387M) 3.246ms
[88.944s][info][gc,cpu         ] GC(610) User=0.00s Sys=0.00s Real=0.00s
[89.051s][info][gc,start       ] GC(611) Pause Young (Normal) (G1 Evacuation Pause)
[89.052s][info][gc,task        ] GC(611) Using 1 workers of 1 for evacuation
[89.055s][info][gc,phases      ] GC(611)   Pre Evacuate Collection Set: 0.0ms
[89.055s][info][gc,phases      ] GC(611)   Evacuate Collection Set: 2.5ms
[89.055s][info][gc,phases      ] GC(611)   Post Evacuate Collection Set: 0.3ms
[89.055s][info][gc,phases      ] GC(611)   Other: 0.3ms
[89.055s][info][gc,heap        ] GC(611) Eden regions: 231->0(231)
[89.055s][info][gc,heap        ] GC(611) Survivor regions: 1->1(29)
[89.055s][info][gc,heap        ] GC(611) Old regions: 46->46
[89.055s][info][gc,heap        ] GC(611) Humongous regions: 6->6
[89.055s][info][gc,metaspace   ] GC(611) Metaspace: 71694K->71694K(1114112K)
[89.055s][info][gc             ] GC(611) Pause Young (Normal) (G1 Evacuation Pause) 282M->51M(387M) 3.214ms
[89.055s][info][gc,cpu         ] GC(611) User=0.00s Sys=0.00s Real=0.00s
[89.161s][info][gc,start       ] GC(612) Pause Young (Normal) (G1 Evacuation Pause)
[89.161s][info][gc,task        ] GC(612) Using 1 workers of 1 for evacuation
[89.164s][info][gc,phases      ] GC(612)   Pre Evacuate Collection Set: 0.0ms
[89.164s][info][gc,phases      ] GC(612)   Evacuate Collection Set: 2.6ms
[89.164s][info][gc,phases      ] GC(612)   Post Evacuate Collection Set: 0.3ms
[89.164s][info][gc,phases      ] GC(612)   Other: 0.3ms
[89.164s][info][gc,heap        ] GC(612) Eden regions: 231->0(231)
[89.164s][info][gc,heap        ] GC(612) Survivor regions: 1->1(29)
[89.164s][info][gc,heap        ] GC(612) Old regions: 46->46
[89.164s][info][gc,heap        ] GC(612) Humongous regions: 6->6
[89.164s][info][gc,metaspace   ] GC(612) Metaspace: 71694K->71694K(1114112K)
[89.164s][info][gc             ] GC(612) Pause Young (Normal) (G1 Evacuation Pause) 282M->51M(387M) 3.276ms
[89.164s][info][gc,cpu         ] GC(612) User=0.00s Sys=0.00s Real=0.00s
[89.270s][info][gc,start       ] GC(613) Pause Young (Normal) (G1 Evacuation Pause)
[89.270s][info][gc,task        ] GC(613) Using 1 workers of 1 for evacuation
[89.273s][info][gc,phases      ] GC(613)   Pre Evacuate Collection Set: 0.0ms
[89.273s][info][gc,phases      ] GC(613)   Evacuate Collection Set: 2.6ms
[89.273s][info][gc,phases      ] GC(613)   Post Evacuate Collection Set: 0.3ms
[89.273s][info][gc,phases      ] GC(613)   Other: 0.3ms
[89.273s][info][gc,heap        ] GC(613) Eden regions: 231->0(231)
[89.273s][info][gc,heap        ] GC(613) Survivor regions: 1->1(29)
[89.273s][info][gc,heap        ] GC(613) Old regions: 46->46
[89.273s][info][gc,heap        ] GC(613) Humongous regions: 6->6
[89.273s][info][gc,metaspace   ] GC(613) Metaspace: 71694K->71694K(1114112K)
[89.273s][info][gc             ] GC(613) Pause Young (Normal) (G1 Evacuation Pause) 282M->51M(387M) 3.381ms
[89.273s][info][gc,cpu         ] GC(613) User=0.00s Sys=0.00s Real=0.01s
[89.379s][info][gc,start       ] GC(614) Pause Young (Normal) (G1 Evacuation Pause)
[89.379s][info][gc,task        ] GC(614) Using 1 workers of 1 for evacuation
[89.382s][info][gc,phases      ] GC(614)   Pre Evacuate Collection Set: 0.0ms
[89.382s][info][gc,phases      ] GC(614)   Evacuate Collection Set: 2.5ms
[89.382s][info][gc,phases      ] GC(614)   Post Evacuate Collection Set: 0.3ms
[89.382s][info][gc,phases      ] GC(614)   Other: 0.3ms
[89.382s][info][gc,heap        ] GC(614) Eden regions: 231->0(231)
[89.382s][info][gc,heap        ] GC(614) Survivor regions: 1->1(29)
[89.382s][info][gc,heap        ] GC(614) Old regions: 46->46
[89.382s][info][gc,heap        ] GC(614) Humongous regions: 6->6
[89.382s][info][gc,metaspace   ] GC(614) Metaspace: 71694K->71694K(1114112K)
[89.382s][info][gc             ] GC(614) Pause Young (Normal) (G1 Evacuation Pause) 282M->51M(387M) 3.213ms
[89.382s][info][gc,cpu         ] GC(614) User=0.00s Sys=0.00s Real=0.00s
[89.487s][info][gc,start       ] GC(615) Pause Young (Normal) (G1 Evacuation Pause)
[89.487s][info][gc,task        ] GC(615) Using 1 workers of 1 for evacuation
[89.490s][info][gc,phases      ] GC(615)   Pre Evacuate Collection Set: 0.0ms
[89.490s][info][gc,phases      ] GC(615)   Evacuate Collection Set: 2.5ms
[89.490s][info][gc,phases      ] GC(615)   Post Evacuate Collection Set: 0.3ms
[89.490s][info][gc,phases      ] GC(615)   Other: 0.3ms
[89.490s][info][gc,heap        ] GC(615) Eden regions: 231->0(231)
[89.490s][info][gc,heap        ] GC(615) Survivor regions: 1->1(29)
[89.491s][info][gc,heap        ] GC(615) Old regions: 46->46
[89.491s][info][gc,heap        ] GC(615) Humongous regions: 6->6
[89.491s][info][gc,metaspace   ] GC(615) Metaspace: 71694K->71694K(1114112K)
[89.491s][info][gc             ] GC(615) Pause Young (Normal) (G1 Evacuation Pause) 282M->51M(387M) 3.170ms
[89.491s][info][gc,cpu         ] GC(615) User=0.01s Sys=0.00s Real=0.01s
[89.595s][info][gc,start       ] GC(616) Pause Young (Normal) (G1 Evacuation Pause)
[89.596s][info][gc,task        ] GC(616) Using 1 workers of 1 for evacuation
[89.599s][info][gc,phases      ] GC(616)   Pre Evacuate Collection Set: 0.0ms
[89.599s][info][gc,phases      ] GC(616)   Evacuate Collection Set: 2.6ms
[89.599s][info][gc,phases      ] GC(616)   Post Evacuate Collection Set: 0.3ms
[89.599s][info][gc,phases      ] GC(616)   Other: 0.7ms
[89.599s][info][gc,heap        ] GC(616) Eden regions: 231->0(231)
[89.599s][info][gc,heap        ] GC(616) Survivor regions: 1->1(29)
[89.599s][info][gc,heap        ] GC(616) Old regions: 46->46
[89.599s][info][gc,heap        ] GC(616) Humongous regions: 6->6
[89.599s][info][gc,metaspace   ] GC(616) Metaspace: 71694K->71694K(1114112K)
[89.599s][info][gc             ] GC(616) Pause Young (Normal) (G1 Evacuation Pause) 282M->51M(387M) 3.722ms
[89.599s][info][gc,cpu         ] GC(616) User=0.00s Sys=0.00s Real=0.01s
[89.724s][info][gc,start       ] GC(617) Pause Young (Normal) (G1 Evacuation Pause)
[89.724s][info][gc,task        ] GC(617) Using 1 workers of 1 for evacuation
[89.727s][info][gc,phases      ] GC(617)   Pre Evacuate Collection Set: 0.0ms
[89.727s][info][gc,phases      ] GC(617)   Evacuate Collection Set: 2.4ms
[89.727s][info][gc,phases      ] GC(617)   Post Evacuate Collection Set: 0.3ms
[89.727s][info][gc,phases      ] GC(617)   Other: 0.3ms
[89.727s][info][gc,heap        ] GC(617) Eden regions: 231->0(231)
[89.727s][info][gc,heap        ] GC(617) Survivor regions: 1->1(29)
[89.727s][info][gc,heap        ] GC(617) Old regions: 46->46
[89.727s][info][gc,heap        ] GC(617) Humongous regions: 11->6
[89.727s][info][gc,metaspace   ] GC(617) Metaspace: 71714K->71714K(1114112K)
[89.727s][info][gc             ] GC(617) Pause Young (Normal) (G1 Evacuation Pause) 287M->50M(387M) 3.086ms
[89.728s][info][gc,cpu         ] GC(617) User=0.00s Sys=0.00s Real=0.00s
[89.842s][info][gc,start       ] GC(618) Pause Young (Normal) (G1 Evacuation Pause)
[89.842s][info][gc,task        ] GC(618) Using 1 workers of 1 for evacuation
[89.845s][info][gc,phases      ] GC(618)   Pre Evacuate Collection Set: 0.0ms
[89.845s][info][gc,phases      ] GC(618)   Evacuate Collection Set: 2.3ms
[89.845s][info][gc,phases      ] GC(618)   Post Evacuate Collection Set: 0.4ms
[89.845s][info][gc,phases      ] GC(618)   Other: 0.3ms
[89.845s][info][gc,heap        ] GC(618) Eden regions: 231->0(231)
[89.845s][info][gc,heap        ] GC(618) Survivor regions: 1->1(29)
[89.845s][info][gc,heap        ] GC(618) Old regions: 46->46
[89.845s][info][gc,heap        ] GC(618) Humongous regions: 6->6
[89.845s][info][gc,metaspace   ] GC(618) Metaspace: 71714K->71714K(1114112K)
[89.845s][info][gc             ] GC(618) Pause Young (Normal) (G1 Evacuation Pause) 281M->50M(387M) 2.993ms
[89.845s][info][gc,cpu         ] GC(618) User=0.01s Sys=0.00s Real=0.00s
[89.953s][info][gc,start       ] GC(619) Pause Young (Normal) (G1 Evacuation Pause)
[89.953s][info][gc,task        ] GC(619) Using 1 workers of 1 for evacuation
[89.956s][info][gc,phases      ] GC(619)   Pre Evacuate Collection Set: 0.0ms
[89.956s][info][gc,phases      ] GC(619)   Evacuate Collection Set: 2.3ms
[89.956s][info][gc,phases      ] GC(619)   Post Evacuate Collection Set: 0.3ms
[89.956s][info][gc,phases      ] GC(619)   Other: 0.3ms
[89.956s][info][gc,heap        ] GC(619) Eden regions: 231->0(231)
[89.956s][info][gc,heap        ] GC(619) Survivor regions: 1->1(29)
[89.956s][info][gc,heap        ] GC(619) Old regions: 46->46
[89.956s][info][gc,heap        ] GC(619) Humongous regions: 6->6
[89.956s][info][gc,metaspace   ] GC(619) Metaspace: 71714K->71714K(1114112K)
[89.956s][info][gc             ] GC(619) Pause Young (Normal) (G1 Evacuation Pause) 281M->50M(387M) 3.087ms
[89.956s][info][gc,cpu         ] GC(619) User=0.01s Sys=0.00s Real=0.00s
[90.064s][info][gc,start       ] GC(620) Pause Young (Normal) (G1 Evacuation Pause)
[90.064s][info][gc,task        ] GC(620) Using 1 workers of 1 for evacuation
[90.067s][info][gc,phases      ] GC(620)   Pre Evacuate Collection Set: 0.0ms
[90.067s][info][gc,phases      ] GC(620)   Evacuate Collection Set: 2.4ms
[90.067s][info][gc,phases      ] GC(620)   Post Evacuate Collection Set: 0.3ms
[90.067s][info][gc,phases      ] GC(620)   Other: 0.3ms
[90.067s][info][gc,heap        ] GC(620) Eden regions: 231->0(231)
[90.067s][info][gc,heap        ] GC(620) Survivor regions: 1->1(29)
[90.067s][info][gc,heap        ] GC(620) Old regions: 46->46
[90.067s][info][gc,heap        ] GC(620) Humongous regions: 6->6
[90.068s][info][gc,metaspace   ] GC(620) Metaspace: 71714K->71714K(1114112K)
[90.068s][info][gc             ] GC(620) Pause Young (Normal) (G1 Evacuation Pause) 281M->50M(387M) 3.158ms
[90.068s][info][gc,cpu         ] GC(620) User=0.00s Sys=0.00s Real=0.00s
[90.178s][info][gc,start       ] GC(621) Pause Young (Normal) (G1 Evacuation Pause)
[90.178s][info][gc,task        ] GC(621) Using 1 workers of 1 for evacuation
[90.181s][info][gc,phases      ] GC(621)   Pre Evacuate Collection Set: 0.0ms
[90.181s][info][gc,phases      ] GC(621)   Evacuate Collection Set: 3.1ms
[90.181s][info][gc,phases      ] GC(621)   Post Evacuate Collection Set: 0.4ms
[90.181s][info][gc,phases      ] GC(621)   Other: 0.3ms
[90.181s][info][gc,heap        ] GC(621) Eden regions: 231->0(231)
[90.181s][info][gc,heap        ] GC(621) Survivor regions: 1->1(29)
[90.181s][info][gc,heap        ] GC(621) Old regions: 46->46
[90.181s][info][gc,heap        ] GC(621) Humongous regions: 6->6
[90.181s][info][gc,metaspace   ] GC(621) Metaspace: 71714K->71714K(1114112K)
[90.181s][info][gc             ] GC(621) Pause Young (Normal) (G1 Evacuation Pause) 281M->50M(387M) 3.802ms
[90.181s][info][gc,cpu         ] GC(621) User=0.00s Sys=0.00s Real=0.01s
[90.292s][info][gc,start       ] GC(622) Pause Young (Normal) (G1 Evacuation Pause)
[90.293s][info][gc,task        ] GC(622) Using 1 workers of 1 for evacuation
[90.295s][info][gc,phases      ] GC(622)   Pre Evacuate Collection Set: 0.0ms
[90.296s][info][gc,phases      ] GC(622)   Evacuate Collection Set: 2.4ms
[90.296s][info][gc,phases      ] GC(622)   Post Evacuate Collection Set: 0.3ms
[90.296s][info][gc,phases      ] GC(622)   Other: 0.3ms
[90.296s][info][gc,heap        ] GC(622) Eden regions: 231->0(231)
[90.296s][info][gc,heap        ] GC(622) Survivor regions: 1->1(29)
[90.296s][info][gc,heap        ] GC(622) Old regions: 46->46
[90.296s][info][gc,heap        ] GC(622) Humongous regions: 6->6
[90.296s][info][gc,metaspace   ] GC(622) Metaspace: 71714K->71714K(1114112K)
[90.296s][info][gc             ] GC(622) Pause Young (Normal) (G1 Evacuation Pause) 281M->50M(387M) 3.116ms
[90.296s][info][gc,cpu         ] GC(622) User=0.01s Sys=0.00s Real=0.00s
[90.405s][info][gc,start       ] GC(623) Pause Young (Normal) (G1 Evacuation Pause)
[90.405s][info][gc,task        ] GC(623) Using 1 workers of 1 for evacuation
[90.409s][info][gc,phases      ] GC(623)   Pre Evacuate Collection Set: 0.0ms
[90.409s][info][gc,phases      ] GC(623)   Evacuate Collection Set: 2.6ms
[90.409s][info][gc,phases      ] GC(623)   Post Evacuate Collection Set: 0.3ms
[90.409s][info][gc,phases      ] GC(623)   Other: 0.3ms
[90.409s][info][gc,heap        ] GC(623) Eden regions: 231->0(231)
[90.409s][info][gc,heap        ] GC(623) Survivor regions: 1->1(29)
[90.409s][info][gc,heap        ] GC(623) Old regions: 46->46
[90.409s][info][gc,heap        ] GC(623) Humongous regions: 6->6
[90.409s][info][gc,metaspace   ] GC(623) Metaspace: 71714K->71714K(1114112K)
[90.409s][info][gc             ] GC(623) Pause Young (Normal) (G1 Evacuation Pause) 281M->50M(387M) 3.305ms
[90.409s][info][gc,cpu         ] GC(623) User=0.00s Sys=0.00s Real=0.00s
[90.518s][info][gc,start       ] GC(624) Pause Young (Normal) (G1 Evacuation Pause)
[90.519s][info][gc,task        ] GC(624) Using 1 workers of 1 for evacuation
[90.522s][info][gc,phases      ] GC(624)   Pre Evacuate Collection Set: 0.0ms
[90.522s][info][gc,phases      ] GC(624)   Evacuate Collection Set: 2.6ms
[90.522s][info][gc,phases      ] GC(624)   Post Evacuate Collection Set: 0.4ms
[90.522s][info][gc,phases      ] GC(624)   Other: 0.3ms
[90.522s][info][gc,heap        ] GC(624) Eden regions: 231->0(231)
[90.522s][info][gc,heap        ] GC(624) Survivor regions: 1->1(29)
[90.522s][info][gc,heap        ] GC(624) Old regions: 46->46
[90.522s][info][gc,heap        ] GC(624) Humongous regions: 6->6
[90.522s][info][gc,metaspace   ] GC(624) Metaspace: 71714K->71714K(1114112K)
[90.522s][info][gc             ] GC(624) Pause Young (Normal) (G1 Evacuation Pause) 281M->51M(387M) 3.349ms
[90.522s][info][gc,cpu         ] GC(624) User=0.00s Sys=0.00s Real=0.00s
[90.715s][info][gc,start       ] GC(625) Pause Young (Normal) (G1 Evacuation Pause)
[90.715s][info][gc,task        ] GC(625) Using 1 workers of 1 for evacuation
[90.719s][info][gc,phases      ] GC(625)   Pre Evacuate Collection Set: 0.0ms
[90.719s][info][gc,phases      ] GC(625)   Evacuate Collection Set: 2.7ms
[90.719s][info][gc,phases      ] GC(625)   Post Evacuate Collection Set: 0.4ms
[90.719s][info][gc,phases      ] GC(625)   Other: 0.4ms
[90.719s][info][gc,heap        ] GC(625) Eden regions: 231->0(231)
[90.719s][info][gc,heap        ] GC(625) Survivor regions: 1->1(29)
[90.719s][info][gc,heap        ] GC(625) Old regions: 46->46
[90.719s][info][gc,heap        ] GC(625) Humongous regions: 11->6
[90.719s][info][gc,metaspace   ] GC(625) Metaspace: 71716K->71716K(1114112K)
[90.719s][info][gc             ] GC(625) Pause Young (Normal) (G1 Evacuation Pause) 287M->51M(387M) 3.588ms
[90.719s][info][gc,cpu         ] GC(625) User=0.01s Sys=0.00s Real=0.01s
[90.875s][info][gc,start       ] GC(626) Pause Young (Normal) (G1 Evacuation Pause)
[90.875s][info][gc,task        ] GC(626) Using 1 workers of 1 for evacuation
[90.878s][info][gc,phases      ] GC(626)   Pre Evacuate Collection Set: 0.0ms
[90.878s][info][gc,phases      ] GC(626)   Evacuate Collection Set: 2.6ms
[90.878s][info][gc,phases      ] GC(626)   Post Evacuate Collection Set: 0.3ms
[90.878s][info][gc,phases      ] GC(626)   Other: 0.4ms
[90.878s][info][gc,heap        ] GC(626) Eden regions: 231->0(231)
[90.878s][info][gc,heap        ] GC(626) Survivor regions: 1->1(29)
[90.878s][info][gc,heap        ] GC(626) Old regions: 46->46
[90.878s][info][gc,heap        ] GC(626) Humongous regions: 6->6
[90.878s][info][gc,metaspace   ] GC(626) Metaspace: 71716K->71716K(1114112K)
[90.878s][info][gc             ] GC(626) Pause Young (Normal) (G1 Evacuation Pause) 282M->51M(387M) 3.388ms
[90.878s][info][gc,cpu         ] GC(626) User=0.01s Sys=0.00s Real=0.01s
[90.986s][info][gc,start       ] GC(627) Pause Young (Normal) (G1 Evacuation Pause)
[90.986s][info][gc,task        ] GC(627) Using 1 workers of 1 for evacuation
[90.989s][info][gc,phases      ] GC(627)   Pre Evacuate Collection Set: 0.0ms
[90.989s][info][gc,phases      ] GC(627)   Evacuate Collection Set: 2.6ms
[90.989s][info][gc,phases      ] GC(627)   Post Evacuate Collection Set: 0.3ms
[90.989s][info][gc,phases      ] GC(627)   Other: 0.3ms
[90.989s][info][gc,heap        ] GC(627) Eden regions: 231->0(231)
[90.989s][info][gc,heap        ] GC(627) Survivor regions: 1->1(29)
[90.989s][info][gc,heap        ] GC(627) Old regions: 46->46
[90.989s][info][gc,heap        ] GC(627) Humongous regions: 6->6
[90.989s][info][gc,metaspace   ] GC(627) Metaspace: 71716K->71716K(1114112K)
[90.989s][info][gc             ] GC(627) Pause Young (Normal) (G1 Evacuation Pause) 282M->51M(387M) 3.274ms
[90.989s][info][gc,cpu         ] GC(627) User=0.01s Sys=0.00s Real=0.00s
[91.097s][info][gc,start       ] GC(628) Pause Young (Normal) (G1 Evacuation Pause)
[91.097s][info][gc,task        ] GC(628) Using 1 workers of 1 for evacuation
[91.100s][info][gc,phases      ] GC(628)   Pre Evacuate Collection Set: 0.0ms
[91.100s][info][gc,phases      ] GC(628)   Evacuate Collection Set: 2.6ms
[91.100s][info][gc,phases      ] GC(628)   Post Evacuate Collection Set: 0.3ms
[91.100s][info][gc,phases      ] GC(628)   Other: 0.3ms
[91.100s][info][gc,heap        ] GC(628) Eden regions: 231->0(231)
[91.100s][info][gc,heap        ] GC(628) Survivor regions: 1->1(29)
[91.100s][info][gc,heap        ] GC(628) Old regions: 46->46
[91.100s][info][gc,heap        ] GC(628) Humongous regions: 6->6
[91.100s][info][gc,metaspace   ] GC(628) Metaspace: 71716K->71716K(1114112K)
[91.100s][info][gc             ] GC(628) Pause Young (Normal) (G1 Evacuation Pause) 282M->51M(387M) 3.308ms
[91.100s][info][gc,cpu         ] GC(628) User=0.01s Sys=0.00s Real=0.01s
[91.207s][info][gc,start       ] GC(629) Pause Young (Normal) (G1 Evacuation Pause)
[91.207s][info][gc,task        ] GC(629) Using 1 workers of 1 for evacuation
[91.210s][info][gc,phases      ] GC(629)   Pre Evacuate Collection Set: 0.0ms
[91.210s][info][gc,phases      ] GC(629)   Evacuate Collection Set: 2.6ms
[91.210s][info][gc,phases      ] GC(629)   Post Evacuate Collection Set: 0.3ms
[91.210s][info][gc,phases      ] GC(629)   Other: 0.3ms
[91.210s][info][gc,heap        ] GC(629) Eden regions: 231->0(231)
[91.210s][info][gc,heap        ] GC(629) Survivor regions: 1->1(29)
[91.210s][info][gc,heap        ] GC(629) Old regions: 46->46
[91.210s][info][gc,heap        ] GC(629) Humongous regions: 6->6
[91.210s][info][gc,metaspace   ] GC(629) Metaspace: 71716K->71716K(1114112K)
[91.210s][info][gc             ] GC(629) Pause Young (Normal) (G1 Evacuation Pause) 282M->51M(387M) 3.268ms
[91.210s][info][gc,cpu         ] GC(629) User=0.00s Sys=0.01s Real=0.01s
[91.322s][info][gc,start       ] GC(630) Pause Young (Normal) (G1 Evacuation Pause)
[91.322s][info][gc,task        ] GC(630) Using 1 workers of 1 for evacuation
[91.325s][info][gc,phases      ] GC(630)   Pre Evacuate Collection Set: 0.0ms
[91.325s][info][gc,phases      ] GC(630)   Evacuate Collection Set: 2.5ms
[91.325s][info][gc,phases      ] GC(630)   Post Evacuate Collection Set: 0.3ms
[91.325s][info][gc,phases      ] GC(630)   Other: 0.3ms
[91.325s][info][gc,heap        ] GC(630) Eden regions: 231->0(231)
[91.325s][info][gc,heap        ] GC(630) Survivor regions: 1->1(29)
[91.325s][info][gc,heap        ] GC(630) Old regions: 46->46
[91.325s][info][gc,heap        ] GC(630) Humongous regions: 6->6
[91.325s][info][gc,metaspace   ] GC(630) Metaspace: 71716K->71716K(1114112K)
[91.325s][info][gc             ] GC(630) Pause Young (Normal) (G1 Evacuation Pause) 282M->51M(387M) 3.144ms
[91.325s][info][gc,cpu         ] GC(630) User=0.00s Sys=0.00s Real=0.00s
[91.436s][info][gc,start       ] GC(631) Pause Young (Normal) (G1 Evacuation Pause)
[91.436s][info][gc,task        ] GC(631) Using 1 workers of 1 for evacuation
[91.440s][info][gc,phases      ] GC(631)   Pre Evacuate Collection Set: 0.0ms
[91.440s][info][gc,phases      ] GC(631)   Evacuate Collection Set: 2.6ms
[91.440s][info][gc,phases      ] GC(631)   Post Evacuate Collection Set: 0.3ms
[91.440s][info][gc,phases      ] GC(631)   Other: 0.3ms
[91.440s][info][gc,heap        ] GC(631) Eden regions: 231->0(231)
[91.440s][info][gc,heap        ] GC(631) Survivor regions: 1->1(29)
[91.440s][info][gc,heap        ] GC(631) Old regions: 46->46
[91.440s][info][gc,heap        ] GC(631) Humongous regions: 6->6
[91.440s][info][gc,metaspace   ] GC(631) Metaspace: 71716K->71716K(1114112K)
[91.440s][info][gc             ] GC(631) Pause Young (Normal) (G1 Evacuation Pause) 282M->51M(387M) 3.249ms
[91.440s][info][gc,cpu         ] GC(631) User=0.00s Sys=0.00s Real=0.01s
[91.545s][info][gc,start       ] GC(632) Pause Young (Normal) (G1 Evacuation Pause)
[91.545s][info][gc,task        ] GC(632) Using 1 workers of 1 for evacuation
[91.549s][info][gc,phases      ] GC(632)   Pre Evacuate Collection Set: 0.0ms
[91.549s][info][gc,phases      ] GC(632)   Evacuate Collection Set: 2.5ms
[91.549s][info][gc,phases      ] GC(632)   Post Evacuate Collection Set: 0.3ms
[91.549s][info][gc,phases      ] GC(632)   Other: 0.3ms
[91.549s][info][gc,heap        ] GC(632) Eden regions: 231->0(231)
[91.549s][info][gc,heap        ] GC(632) Survivor regions: 1->1(29)
[91.549s][info][gc,heap        ] GC(632) Old regions: 46->46
[91.549s][info][gc,heap        ] GC(632) Humongous regions: 6->6
[91.549s][info][gc,metaspace   ] GC(632) Metaspace: 71716K->71716K(1114112K)
[91.549s][info][gc             ] GC(632) Pause Young (Normal) (G1 Evacuation Pause) 282M->51M(387M) 3.213ms
[91.549s][info][gc,cpu         ] GC(632) User=0.00s Sys=0.00s Real=0.00s
[91.674s][info][gc,start       ] GC(633) Pause Young (Normal) (G1 Evacuation Pause)
[91.674s][info][gc,task        ] GC(633) Using 1 workers of 1 for evacuation
[91.677s][info][gc,phases      ] GC(633)   Pre Evacuate Collection Set: 0.0ms
[91.677s][info][gc,phases      ] GC(633)   Evacuate Collection Set: 2.4ms
[91.677s][info][gc,phases      ] GC(633)   Post Evacuate Collection Set: 0.3ms
[91.677s][info][gc,phases      ] GC(633)   Other: 0.4ms
[91.677s][info][gc,heap        ] GC(633) Eden regions: 231->0(231)
[91.677s][info][gc,heap        ] GC(633) Survivor regions: 1->1(29)
[91.677s][info][gc,heap        ] GC(633) Old regions: 46->46
[91.677s][info][gc,heap        ] GC(633) Humongous regions: 11->6
[91.677s][info][gc,metaspace   ] GC(633) Metaspace: 71717K->71717K(1114112K)
[91.677s][info][gc             ] GC(633) Pause Young (Normal) (G1 Evacuation Pause) 287M->50M(387M) 3.135ms
[91.677s][info][gc,cpu         ] GC(633) User=0.01s Sys=0.00s Real=0.00s
[91.787s][info][gc,start       ] GC(634) Pause Young (Normal) (G1 Evacuation Pause)
[91.787s][info][gc,task        ] GC(634) Using 1 workers of 1 for evacuation
[91.790s][info][gc,phases      ] GC(634)   Pre Evacuate Collection Set: 0.0ms
[91.790s][info][gc,phases      ] GC(634)   Evacuate Collection Set: 2.3ms
[91.790s][info][gc,phases      ] GC(634)   Post Evacuate Collection Set: 0.3ms
[91.790s][info][gc,phases      ] GC(634)   Other: 0.3ms
[91.790s][info][gc,heap        ] GC(634) Eden regions: 231->0(231)
[91.790s][info][gc,heap        ] GC(634) Survivor regions: 1->1(29)
[91.790s][info][gc,heap        ] GC(634) Old regions: 46->46
[91.790s][info][gc,heap        ] GC(634) Humongous regions: 6->6
[91.790s][info][gc,metaspace   ] GC(634) Metaspace: 71717K->71717K(1114112K)
[91.790s][info][gc             ] GC(634) Pause Young (Normal) (G1 Evacuation Pause) 281M->50M(387M) 2.994ms
[91.790s][info][gc,cpu         ] GC(634) User=0.00s Sys=0.00s Real=0.01s
[91.896s][info][gc,start       ] GC(635) Pause Young (Normal) (G1 Evacuation Pause)
[91.896s][info][gc,task        ] GC(635) Using 1 workers of 1 for evacuation
[91.899s][info][gc,phases      ] GC(635)   Pre Evacuate Collection Set: 0.0ms
[91.899s][info][gc,phases      ] GC(635)   Evacuate Collection Set: 2.3ms
[91.899s][info][gc,phases      ] GC(635)   Post Evacuate Collection Set: 0.3ms
[91.899s][info][gc,phases      ] GC(635)   Other: 0.3ms
[91.899s][info][gc,heap        ] GC(635) Eden regions: 231->0(231)
[91.899s][info][gc,heap        ] GC(635) Survivor regions: 1->1(29)
[91.899s][info][gc,heap        ] GC(635) Old regions: 46->46
[91.899s][info][gc,heap        ] GC(635) Humongous regions: 6->6
[91.899s][info][gc,metaspace   ] GC(635) Metaspace: 71717K->71717K(1114112K)
[91.899s][info][gc             ] GC(635) Pause Young (Normal) (G1 Evacuation Pause) 281M->50M(387M) 2.962ms
[91.899s][info][gc,cpu         ] GC(635) User=0.01s Sys=0.00s Real=0.01s
[92.005s][info][gc,start       ] GC(636) Pause Young (Normal) (G1 Evacuation Pause)
[92.005s][info][gc,task        ] GC(636) Using 1 workers of 1 for evacuation
[92.008s][info][gc,phases      ] GC(636)   Pre Evacuate Collection Set: 0.0ms
[92.008s][info][gc,phases      ] GC(636)   Evacuate Collection Set: 2.3ms
[92.008s][info][gc,phases      ] GC(636)   Post Evacuate Collection Set: 0.3ms
[92.008s][info][gc,phases      ] GC(636)   Other: 0.3ms
[92.008s][info][gc,heap        ] GC(636) Eden regions: 231->0(231)
[92.008s][info][gc,heap        ] GC(636) Survivor regions: 1->1(29)
[92.008s][info][gc,heap        ] GC(636) Old regions: 46->46
[92.008s][info][gc,heap        ] GC(636) Humongous regions: 6->6
[92.008s][info][gc,metaspace   ] GC(636) Metaspace: 71717K->71717K(1114112K)
[92.008s][info][gc             ] GC(636) Pause Young (Normal) (G1 Evacuation Pause) 281M->50M(387M) 2.999ms
[92.008s][info][gc,cpu         ] GC(636) User=0.01s Sys=0.00s Real=0.00s
[92.114s][info][gc,start       ] GC(637) Pause Young (Normal) (G1 Evacuation Pause)
[92.114s][info][gc,task        ] GC(637) Using 1 workers of 1 for evacuation
[92.117s][info][gc,phases      ] GC(637)   Pre Evacuate Collection Set: 0.0ms
[92.117s][info][gc,phases      ] GC(637)   Evacuate Collection Set: 2.3ms
[92.117s][info][gc,phases      ] GC(637)   Post Evacuate Collection Set: 0.3ms
[92.117s][info][gc,phases      ] GC(637)   Other: 0.3ms
[92.117s][info][gc,heap        ] GC(637) Eden regions: 231->0(231)
[92.117s][info][gc,heap        ] GC(637) Survivor regions: 1->1(29)
[92.117s][info][gc,heap        ] GC(637) Old regions: 46->46
[92.117s][info][gc,heap        ] GC(637) Humongous regions: 6->6
[92.117s][info][gc,metaspace   ] GC(637) Metaspace: 71717K->71717K(1114112K)
[92.117s][info][gc             ] GC(637) Pause Young (Normal) (G1 Evacuation Pause) 281M->50M(387M) 2.946ms
[92.117s][info][gc,cpu         ] GC(637) User=0.01s Sys=0.00s Real=0.00s
[92.225s][info][gc,start       ] GC(638) Pause Young (Normal) (G1 Evacuation Pause)
[92.225s][info][gc,task        ] GC(638) Using 1 workers of 1 for evacuation
[92.228s][info][gc,phases      ] GC(638)   Pre Evacuate Collection Set: 0.0ms
[92.228s][info][gc,phases      ] GC(638)   Evacuate Collection Set: 2.6ms
[92.228s][info][gc,phases      ] GC(638)   Post Evacuate Collection Set: 0.3ms
[92.228s][info][gc,phases      ] GC(638)   Other: 0.3ms
[92.228s][info][gc,heap        ] GC(638) Eden regions: 231->0(231)
[92.228s][info][gc,heap        ] GC(638) Survivor regions: 1->1(29)
[92.228s][info][gc,heap        ] GC(638) Old regions: 46->46
[92.228s][info][gc,heap        ] GC(638) Humongous regions: 6->6
[92.228s][info][gc,metaspace   ] GC(638) Metaspace: 71717K->71717K(1114112K)
[92.228s][info][gc             ] GC(638) Pause Young (Normal) (G1 Evacuation Pause) 281M->50M(387M) 3.266ms
[92.228s][info][gc,cpu         ] GC(638) User=0.01s Sys=0.00s Real=0.00s
[92.337s][info][gc,start       ] GC(639) Pause Young (Normal) (G1 Evacuation Pause)
[92.337s][info][gc,task        ] GC(639) Using 1 workers of 1 for evacuation
[92.340s][info][gc,phases      ] GC(639)   Pre Evacuate Collection Set: 0.0ms
[92.340s][info][gc,phases      ] GC(639)   Evacuate Collection Set: 2.5ms
[92.340s][info][gc,phases      ] GC(639)   Post Evacuate Collection Set: 0.4ms
[92.340s][info][gc,phases      ] GC(639)   Other: 0.3ms
[92.340s][info][gc,heap        ] GC(639) Eden regions: 231->0(231)
[92.340s][info][gc,heap        ] GC(639) Survivor regions: 1->1(29)
[92.340s][info][gc,heap        ] GC(639) Old regions: 46->46
[92.340s][info][gc,heap        ] GC(639) Humongous regions: 6->6
[92.340s][info][gc,metaspace   ] GC(639) Metaspace: 71717K->71717K(1114112K)
[92.340s][info][gc             ] GC(639) Pause Young (Normal) (G1 Evacuation Pause) 281M->51M(387M) 3.235ms
[92.341s][info][gc,cpu         ] GC(639) User=0.01s Sys=0.00s Real=0.01s
[92.449s][info][gc,start       ] GC(640) Pause Young (Normal) (G1 Evacuation Pause)
[92.449s][info][gc,task        ] GC(640) Using 1 workers of 1 for evacuation
[92.453s][info][gc,phases      ] GC(640)   Pre Evacuate Collection Set: 0.0ms
[92.453s][info][gc,phases      ] GC(640)   Evacuate Collection Set: 2.7ms
[92.453s][info][gc,phases      ] GC(640)   Post Evacuate Collection Set: 0.5ms
[92.453s][info][gc,phases      ] GC(640)   Other: 0.4ms
[92.453s][info][gc,heap        ] GC(640) Eden regions: 231->0(231)
[92.453s][info][gc,heap        ] GC(640) Survivor regions: 1->1(29)
[92.453s][info][gc,heap        ] GC(640) Old regions: 46->46
[92.453s][info][gc,heap        ] GC(640) Humongous regions: 6->6
[92.453s][info][gc,metaspace   ] GC(640) Metaspace: 71717K->71717K(1114112K)
[92.453s][info][gc             ] GC(640) Pause Young (Normal) (G1 Evacuation Pause) 282M->51M(387M) 3.648ms
[92.453s][info][gc,cpu         ] GC(640) User=0.00s Sys=0.00s Real=0.01s
[92.591s][info][gc,start       ] GC(641) Pause Young (Normal) (G1 Evacuation Pause)
[92.591s][info][gc,task        ] GC(641) Using 1 workers of 1 for evacuation
[92.594s][info][gc,phases      ] GC(641)   Pre Evacuate Collection Set: 0.0ms
[92.594s][info][gc,phases      ] GC(641)   Evacuate Collection Set: 2.6ms
[92.594s][info][gc,phases      ] GC(641)   Post Evacuate Collection Set: 0.4ms
[92.594s][info][gc,phases      ] GC(641)   Other: 0.3ms
[92.594s][info][gc,heap        ] GC(641) Eden regions: 231->0(231)
[92.594s][info][gc,heap        ] GC(641) Survivor regions: 1->1(29)
[92.594s][info][gc,heap        ] GC(641) Old regions: 46->46
[92.594s][info][gc,heap        ] GC(641) Humongous regions: 11->6
[92.594s][info][gc,metaspace   ] GC(641) Metaspace: 71721K->71721K(1114112K)
[92.594s][info][gc             ] GC(641) Pause Young (Normal) (G1 Evacuation Pause) 287M->51M(387M) 3.360ms
[92.594s][info][gc,cpu         ] GC(641) User=0.00s Sys=0.00s Real=0.00s
[92.709s][info][gc,start       ] GC(642) Pause Young (Normal) (G1 Evacuation Pause)
[92.709s][info][gc,task        ] GC(642) Using 1 workers of 1 for evacuation
[92.712s][info][gc,phases      ] GC(642)   Pre Evacuate Collection Set: 0.0ms
[92.712s][info][gc,phases      ] GC(642)   Evacuate Collection Set: 2.7ms
[92.712s][info][gc,phases      ] GC(642)   Post Evacuate Collection Set: 0.3ms
[92.712s][info][gc,phases      ] GC(642)   Other: 0.3ms
[92.712s][info][gc,heap        ] GC(642) Eden regions: 231->0(231)
[92.712s][info][gc,heap        ] GC(642) Survivor regions: 1->1(29)
[92.712s][info][gc,heap        ] GC(642) Old regions: 46->46
[92.712s][info][gc,heap        ] GC(642) Humongous regions: 6->6
[92.712s][info][gc,metaspace   ] GC(642) Metaspace: 71721K->71721K(1114112K)
[92.712s][info][gc             ] GC(642) Pause Young (Normal) (G1 Evacuation Pause) 282M->51M(387M) 3.335ms
[92.712s][info][gc,cpu         ] GC(642) User=0.01s Sys=0.00s Real=0.01s
[92.825s][info][gc,start       ] GC(643) Pause Young (Normal) (G1 Evacuation Pause)
[92.826s][info][gc,task        ] GC(643) Using 1 workers of 1 for evacuation
[92.829s][info][gc,phases      ] GC(643)   Pre Evacuate Collection Set: 0.0ms
[92.829s][info][gc,phases      ] GC(643)   Evacuate Collection Set: 2.6ms
[92.829s][info][gc,phases      ] GC(643)   Post Evacuate Collection Set: 0.3ms
[92.829s][info][gc,phases      ] GC(643)   Other: 0.3ms
[92.829s][info][gc,heap        ] GC(643) Eden regions: 231->0(231)
[92.829s][info][gc,heap        ] GC(643) Survivor regions: 1->1(29)
[92.829s][info][gc,heap        ] GC(643) Old regions: 46->46
[92.829s][info][gc,heap        ] GC(643) Humongous regions: 6->6
[92.829s][info][gc,metaspace   ] GC(643) Metaspace: 71721K->71721K(1114112K)
[92.829s][info][gc             ] GC(643) Pause Young (Normal) (G1 Evacuation Pause) 282M->51M(387M) 3.268ms
[92.829s][info][gc,cpu         ] GC(643) User=0.00s Sys=0.00s Real=0.00s
[92.936s][info][gc,start       ] GC(644) Pause Young (Normal) (G1 Evacuation Pause)
[92.936s][info][gc,task        ] GC(644) Using 1 workers of 1 for evacuation
[92.941s][info][gc,phases      ] GC(644)   Pre Evacuate Collection Set: 0.0ms
[92.941s][info][gc,phases      ] GC(644)   Evacuate Collection Set: 3.9ms
[92.941s][info][gc,phases      ] GC(644)   Post Evacuate Collection Set: 0.5ms
[92.941s][info][gc,phases      ] GC(644)   Other: 0.3ms
[92.941s][info][gc,heap        ] GC(644) Eden regions: 231->0(231)
[92.941s][info][gc,heap        ] GC(644) Survivor regions: 1->1(29)
[92.941s][info][gc,heap        ] GC(644) Old regions: 46->46
[92.941s][info][gc,heap        ] GC(644) Humongous regions: 6->6
[92.941s][info][gc,metaspace   ] GC(644) Metaspace: 71721K->71721K(1114112K)
[92.941s][info][gc             ] GC(644) Pause Young (Normal) (G1 Evacuation Pause) 282M->51M(387M) 4.741ms
[92.941s][info][gc,cpu         ] GC(644) User=0.01s Sys=0.00s Real=0.01s
[93.055s][info][gc,start       ] GC(645) Pause Young (Normal) (G1 Evacuation Pause)
[93.056s][info][gc,task        ] GC(645) Using 1 workers of 1 for evacuation
[93.059s][info][gc,phases      ] GC(645)   Pre Evacuate Collection Set: 0.0ms
[93.059s][info][gc,phases      ] GC(645)   Evacuate Collection Set: 2.6ms
[93.059s][info][gc,phases      ] GC(645)   Post Evacuate Collection Set: 0.4ms
[93.059s][info][gc,phases      ] GC(645)   Other: 0.3ms
[93.059s][info][gc,heap        ] GC(645) Eden regions: 231->0(231)
[93.059s][info][gc,heap        ] GC(645) Survivor regions: 1->1(29)
[93.059s][info][gc,heap        ] GC(645) Old regions: 46->46
[93.059s][info][gc,heap        ] GC(645) Humongous regions: 6->6
[93.059s][info][gc,metaspace   ] GC(645) Metaspace: 71721K->71721K(1114112K)
[93.059s][info][gc             ] GC(645) Pause Young (Normal) (G1 Evacuation Pause) 282M->51M(387M) 3.375ms
[93.059s][info][gc,cpu         ] GC(645) User=0.00s Sys=0.00s Real=0.01s
[93.170s][info][gc,start       ] GC(646) Pause Young (Normal) (G1 Evacuation Pause)
[93.170s][info][gc,task        ] GC(646) Using 1 workers of 1 for evacuation
[93.174s][info][gc,phases      ] GC(646)   Pre Evacuate Collection Set: 0.0ms
[93.174s][info][gc,phases      ] GC(646)   Evacuate Collection Set: 2.6ms
[93.174s][info][gc,phases      ] GC(646)   Post Evacuate Collection Set: 0.3ms
[93.174s][info][gc,phases      ] GC(646)   Other: 0.4ms
[93.174s][info][gc,heap        ] GC(646) Eden regions: 231->0(231)
[93.174s][info][gc,heap        ] GC(646) Survivor regions: 1->1(29)
[93.174s][info][gc,heap        ] GC(646) Old regions: 46->46
[93.174s][info][gc,heap        ] GC(646) Humongous regions: 6->6
[93.174s][info][gc,metaspace   ] GC(646) Metaspace: 71721K->71721K(1114112K)
[93.174s][info][gc             ] GC(646) Pause Young (Normal) (G1 Evacuation Pause) 282M->51M(387M) 3.379ms
[93.174s][info][gc,cpu         ] GC(646) User=0.01s Sys=0.00s Real=0.00s
[93.279s][info][gc,start       ] GC(647) Pause Young (Normal) (G1 Evacuation Pause)
[93.279s][info][gc,task        ] GC(647) Using 1 workers of 1 for evacuation
[93.282s][info][gc,phases      ] GC(647)   Pre Evacuate Collection Set: 0.0ms
[93.282s][info][gc,phases      ] GC(647)   Evacuate Collection Set: 2.7ms
[93.282s][info][gc,phases      ] GC(647)   Post Evacuate Collection Set: 0.3ms
[93.282s][info][gc,phases      ] GC(647)   Other: 0.3ms
[93.282s][info][gc,heap        ] GC(647) Eden regions: 231->0(231)
[93.282s][info][gc,heap        ] GC(647) Survivor regions: 1->1(29)
[93.282s][info][gc,heap        ] GC(647) Old regions: 46->46
[93.282s][info][gc,heap        ] GC(647) Humongous regions: 6->6
[93.282s][info][gc,metaspace   ] GC(647) Metaspace: 71721K->71721K(1114112K)
[93.282s][info][gc             ] GC(647) Pause Young (Normal) (G1 Evacuation Pause) 282M->51M(387M) 3.330ms
[93.282s][info][gc,cpu         ] GC(647) User=0.01s Sys=0.00s Real=0.00s
[93.389s][info][gc,start       ] GC(648) Pause Young (Normal) (G1 Evacuation Pause)
[93.389s][info][gc,task        ] GC(648) Using 1 workers of 1 for evacuation
[93.393s][info][gc,phases      ] GC(648)   Pre Evacuate Collection Set: 0.0ms
[93.393s][info][gc,phases      ] GC(648)   Evacuate Collection Set: 2.6ms
[93.393s][info][gc,phases      ] GC(648)   Post Evacuate Collection Set: 0.3ms
[93.393s][info][gc,phases      ] GC(648)   Other: 0.3ms
[93.393s][info][gc,heap        ] GC(648) Eden regions: 231->0(231)
[93.393s][info][gc,heap        ] GC(648) Survivor regions: 1->1(29)
[93.393s][info][gc,heap        ] GC(648) Old regions: 46->46
[93.393s][info][gc,heap        ] GC(648) Humongous regions: 6->6
[93.393s][info][gc,metaspace   ] GC(648) Metaspace: 71721K->71721K(1114112K)
[93.393s][info][gc             ] GC(648) Pause Young (Normal) (G1 Evacuation Pause) 282M->51M(387M) 3.334ms
[93.393s][info][gc,cpu         ] GC(648) User=0.01s Sys=0.00s Real=0.01s
[93.529s][info][gc,start       ] GC(649) Pause Young (Normal) (G1 Evacuation Pause)
[93.529s][info][gc,task        ] GC(649) Using 1 workers of 1 for evacuation
[93.532s][info][gc,phases      ] GC(649)   Pre Evacuate Collection Set: 0.0ms
[93.532s][info][gc,phases      ] GC(649)   Evacuate Collection Set: 2.3ms
[93.532s][info][gc,phases      ] GC(649)   Post Evacuate Collection Set: 0.3ms
[93.532s][info][gc,phases      ] GC(649)   Other: 0.3ms
[93.532s][info][gc,heap        ] GC(649) Eden regions: 231->0(231)
[93.532s][info][gc,heap        ] GC(649) Survivor regions: 1->1(29)
[93.532s][info][gc,heap        ] GC(649) Old regions: 46->46
[93.532s][info][gc,heap        ] GC(649) Humongous regions: 11->6
[93.532s][info][gc,metaspace   ] GC(649) Metaspace: 71725K->71725K(1114112K)
[93.532s][info][gc             ] GC(649) Pause Young (Normal) (G1 Evacuation Pause) 287M->50M(387M) 3.007ms
[93.532s][info][gc,cpu         ] GC(649) User=0.00s Sys=0.00s Real=0.01s
[93.640s][info][gc,start       ] GC(650) Pause Young (Normal) (G1 Evacuation Pause)
[93.640s][info][gc,task        ] GC(650) Using 1 workers of 1 for evacuation
[93.643s][info][gc,phases      ] GC(650)   Pre Evacuate Collection Set: 0.0ms
[93.643s][info][gc,phases      ] GC(650)   Evacuate Collection Set: 2.4ms
[93.643s][info][gc,phases      ] GC(650)   Post Evacuate Collection Set: 0.3ms
[93.643s][info][gc,phases      ] GC(650)   Other: 0.3ms
[93.643s][info][gc,heap        ] GC(650) Eden regions: 231->0(231)
[93.643s][info][gc,heap        ] GC(650) Survivor regions: 1->1(29)
[93.643s][info][gc,heap        ] GC(650) Old regions: 46->46
[93.643s][info][gc,heap        ] GC(650) Humongous regions: 6->6
[93.643s][info][gc,metaspace   ] GC(650) Metaspace: 71725K->71725K(1114112K)
[93.643s][info][gc             ] GC(650) Pause Young (Normal) (G1 Evacuation Pause) 281M->50M(387M) 3.068ms
[93.643s][info][gc,cpu         ] GC(650) User=0.00s Sys=0.00s Real=0.00s
[93.759s][info][gc,start       ] GC(651) Pause Young (Normal) (G1 Evacuation Pause)
[93.760s][info][gc,task        ] GC(651) Using 1 workers of 1 for evacuation
[93.762s][info][gc,phases      ] GC(651)   Pre Evacuate Collection Set: 0.0ms
[93.762s][info][gc,phases      ] GC(651)   Evacuate Collection Set: 2.4ms
[93.762s][info][gc,phases      ] GC(651)   Post Evacuate Collection Set: 0.3ms
[93.762s][info][gc,phases      ] GC(651)   Other: 0.3ms
[93.762s][info][gc,heap        ] GC(651) Eden regions: 231->0(231)
[93.762s][info][gc,heap        ] GC(651) Survivor regions: 1->1(29)
[93.762s][info][gc,heap        ] GC(651) Old regions: 46->46
[93.762s][info][gc,heap        ] GC(651) Humongous regions: 6->6
[93.762s][info][gc,metaspace   ] GC(651) Metaspace: 71725K->71725K(1114112K)
[93.763s][info][gc             ] GC(651) Pause Young (Normal) (G1 Evacuation Pause) 281M->50M(387M) 3.015ms
[93.763s][info][gc,cpu         ] GC(651) User=0.00s Sys=0.00s Real=0.00s
[93.871s][info][gc,start       ] GC(652) Pause Young (Normal) (G1 Evacuation Pause)
[93.871s][info][gc,task        ] GC(652) Using 1 workers of 1 for evacuation
[93.874s][info][gc,phases      ] GC(652)   Pre Evacuate Collection Set: 0.0ms
[93.874s][info][gc,phases      ] GC(652)   Evacuate Collection Set: 2.3ms
[93.874s][info][gc,phases      ] GC(652)   Post Evacuate Collection Set: 0.3ms
[93.874s][info][gc,phases      ] GC(652)   Other: 0.4ms
[93.874s][info][gc,heap        ] GC(652) Eden regions: 231->0(231)
[93.874s][info][gc,heap        ] GC(652) Survivor regions: 1->1(29)
[93.874s][info][gc,heap        ] GC(652) Old regions: 46->46
[93.874s][info][gc,heap        ] GC(652) Humongous regions: 6->6
[93.874s][info][gc,metaspace   ] GC(652) Metaspace: 71725K->71725K(1114112K)
[93.875s][info][gc             ] GC(652) Pause Young (Normal) (G1 Evacuation Pause) 281M->50M(387M) 3.111ms
[93.875s][info][gc,cpu         ] GC(652) User=0.00s Sys=0.00s Real=0.00s
[93.982s][info][gc,start       ] GC(653) Pause Young (Normal) (G1 Evacuation Pause)
[93.982s][info][gc,task        ] GC(653) Using 1 workers of 1 for evacuation
[93.985s][info][gc,phases      ] GC(653)   Pre Evacuate Collection Set: 0.0ms
[93.985s][info][gc,phases      ] GC(653)   Evacuate Collection Set: 2.4ms
[93.985s][info][gc,phases      ] GC(653)   Post Evacuate Collection Set: 0.4ms
[93.985s][info][gc,phases      ] GC(653)   Other: 0.4ms
[93.985s][info][gc,heap        ] GC(653) Eden regions: 231->0(231)
[93.985s][info][gc,heap        ] GC(653) Survivor regions: 1->1(29)
[93.985s][info][gc,heap        ] GC(653) Old regions: 46->46
[93.985s][info][gc,heap        ] GC(653) Humongous regions: 6->6
[93.985s][info][gc,metaspace   ] GC(653) Metaspace: 71725K->71725K(1114112K)
[93.985s][info][gc             ] GC(653) Pause Young (Normal) (G1 Evacuation Pause) 281M->50M(387M) 3.256ms
[93.985s][info][gc,cpu         ] GC(653) User=0.00s Sys=0.00s Real=0.00s
[94.095s][info][gc,start       ] GC(654) Pause Young (Normal) (G1 Evacuation Pause)
[94.095s][info][gc,task        ] GC(654) Using 1 workers of 1 for evacuation
[94.098s][info][gc,phases      ] GC(654)   Pre Evacuate Collection Set: 0.0ms
[94.098s][info][gc,phases      ] GC(654)   Evacuate Collection Set: 2.6ms
[94.098s][info][gc,phases      ] GC(654)   Post Evacuate Collection Set: 0.3ms
[94.098s][info][gc,phases      ] GC(654)   Other: 0.3ms
[94.098s][info][gc,heap        ] GC(654) Eden regions: 231->0(231)
[94.098s][info][gc,heap        ] GC(654) Survivor regions: 1->1(29)
[94.098s][info][gc,heap        ] GC(654) Old regions: 46->46
[94.098s][info][gc,heap        ] GC(654) Humongous regions: 6->6
[94.098s][info][gc,metaspace   ] GC(654) Metaspace: 71725K->71725K(1114112K)
[94.098s][info][gc             ] GC(654) Pause Young (Normal) (G1 Evacuation Pause) 281M->51M(387M) 3.322ms
[94.099s][info][gc,cpu         ] GC(654) User=0.00s Sys=0.00s Real=0.01s
[94.209s][info][gc,start       ] GC(655) Pause Young (Normal) (G1 Evacuation Pause)
[94.209s][info][gc,task        ] GC(655) Using 1 workers of 1 for evacuation
[94.212s][info][gc,phases      ] GC(655)   Pre Evacuate Collection Set: 0.0ms
[94.212s][info][gc,phases      ] GC(655)   Evacuate Collection Set: 2.6ms
[94.212s][info][gc,phases      ] GC(655)   Post Evacuate Collection Set: 0.3ms
[94.212s][info][gc,phases      ] GC(655)   Other: 0.3ms
[94.212s][info][gc,heap        ] GC(655) Eden regions: 231->0(231)
[94.212s][info][gc,heap        ] GC(655) Survivor regions: 1->1(29)
[94.212s][info][gc,heap        ] GC(655) Old regions: 46->46
[94.212s][info][gc,heap        ] GC(655) Humongous regions: 6->6
[94.212s][info][gc,metaspace   ] GC(655) Metaspace: 71725K->71725K(1114112K)
[94.212s][info][gc             ] GC(655) Pause Young (Normal) (G1 Evacuation Pause) 282M->51M(387M) 3.262ms
[94.212s][info][gc,cpu         ] GC(655) User=0.00s Sys=0.00s Real=0.01s
[94.326s][info][gc,start       ] GC(656) Pause Young (Normal) (G1 Evacuation Pause)
[94.326s][info][gc,task        ] GC(656) Using 1 workers of 1 for evacuation
[94.329s][info][gc,phases      ] GC(656)   Pre Evacuate Collection Set: 0.0ms
[94.329s][info][gc,phases      ] GC(656)   Evacuate Collection Set: 2.7ms
[94.329s][info][gc,phases      ] GC(656)   Post Evacuate Collection Set: 0.3ms
[94.329s][info][gc,phases      ] GC(656)   Other: 0.3ms
[94.329s][info][gc,heap        ] GC(656) Eden regions: 231->0(231)
[94.329s][info][gc,heap        ] GC(656) Survivor regions: 1->1(29)
[94.329s][info][gc,heap        ] GC(656) Old regions: 46->46
[94.329s][info][gc,heap        ] GC(656) Humongous regions: 6->6
[94.329s][info][gc,metaspace   ] GC(656) Metaspace: 71725K->71725K(1114112K)
[94.329s][info][gc             ] GC(656) Pause Young (Normal) (G1 Evacuation Pause) 282M->51M(387M) 3.350ms
[94.329s][info][gc,cpu         ] GC(656) User=0.00s Sys=0.00s Real=0.00s
[94.467s][info][gc,start       ] GC(657) Pause Young (Normal) (G1 Evacuation Pause)
[94.467s][info][gc,task        ] GC(657) Using 1 workers of 1 for evacuation
[94.470s][info][gc,phases      ] GC(657)   Pre Evacuate Collection Set: 0.0ms
[94.470s][info][gc,phases      ] GC(657)   Evacuate Collection Set: 2.7ms
[94.470s][info][gc,phases      ] GC(657)   Post Evacuate Collection Set: 0.4ms
[94.470s][info][gc,phases      ] GC(657)   Other: 0.3ms
[94.470s][info][gc,heap        ] GC(657) Eden regions: 231->0(231)
[94.470s][info][gc,heap        ] GC(657) Survivor regions: 1->1(29)
[94.470s][info][gc,heap        ] GC(657) Old regions: 46->46
[94.470s][info][gc,heap        ] GC(657) Humongous regions: 11->6
[94.470s][info][gc,metaspace   ] GC(657) Metaspace: 71740K->71740K(1114112K)
[94.470s][info][gc             ] GC(657) Pause Young (Normal) (G1 Evacuation Pause) 287M->51M(387M) 3.414ms
[94.470s][info][gc,cpu         ] GC(657) User=0.00s Sys=0.00s Real=0.01s
[94.588s][info][gc,start       ] GC(658) Pause Young (Normal) (G1 Evacuation Pause)
[94.588s][info][gc,task        ] GC(658) Using 1 workers of 1 for evacuation
[94.591s][info][gc,phases      ] GC(658)   Pre Evacuate Collection Set: 0.0ms
[94.591s][info][gc,phases      ] GC(658)   Evacuate Collection Set: 2.7ms
[94.591s][info][gc,phases      ] GC(658)   Post Evacuate Collection Set: 0.3ms
[94.592s][info][gc,phases      ] GC(658)   Other: 0.3ms
[94.592s][info][gc,heap        ] GC(658) Eden regions: 231->0(231)
[94.592s][info][gc,heap        ] GC(658) Survivor regions: 1->1(29)
[94.592s][info][gc,heap        ] GC(658) Old regions: 46->46
[94.592s][info][gc,heap        ] GC(658) Humongous regions: 6->6
[94.592s][info][gc,metaspace   ] GC(658) Metaspace: 71740K->71740K(1114112K)
[94.592s][info][gc             ] GC(658) Pause Young (Normal) (G1 Evacuation Pause) 282M->51M(387M) 3.385ms
[94.592s][info][gc,cpu         ] GC(658) User=0.00s Sys=0.00s Real=0.01s
[94.711s][info][gc,start       ] GC(659) Pause Young (Normal) (G1 Evacuation Pause)
[94.711s][info][gc,task        ] GC(659) Using 1 workers of 1 for evacuation
[94.714s][info][gc,phases      ] GC(659)   Pre Evacuate Collection Set: 0.0ms
[94.714s][info][gc,phases      ] GC(659)   Evacuate Collection Set: 2.6ms
[94.714s][info][gc,phases      ] GC(659)   Post Evacuate Collection Set: 0.3ms
[94.714s][info][gc,phases      ] GC(659)   Other: 0.3ms
[94.714s][info][gc,heap        ] GC(659) Eden regions: 231->0(231)
[94.714s][info][gc,heap        ] GC(659) Survivor regions: 1->1(29)
[94.714s][info][gc,heap        ] GC(659) Old regions: 46->46
[94.714s][info][gc,heap        ] GC(659) Humongous regions: 6->6
[94.714s][info][gc,metaspace   ] GC(659) Metaspace: 71740K->71740K(1114112K)
[94.714s][info][gc             ] GC(659) Pause Young (Normal) (G1 Evacuation Pause) 282M->51M(387M) 3.267ms
[94.714s][info][gc,cpu         ] GC(659) User=0.00s Sys=0.00s Real=0.00s
[94.826s][info][gc,start       ] GC(660) Pause Young (Normal) (G1 Evacuation Pause)
[94.826s][info][gc,task        ] GC(660) Using 1 workers of 1 for evacuation
[94.829s][info][gc,phases      ] GC(660)   Pre Evacuate Collection Set: 0.0ms
[94.829s][info][gc,phases      ] GC(660)   Evacuate Collection Set: 2.5ms
[94.829s][info][gc,phases      ] GC(660)   Post Evacuate Collection Set: 0.4ms
[94.829s][info][gc,phases      ] GC(660)   Other: 0.4ms
[94.829s][info][gc,heap        ] GC(660) Eden regions: 231->0(231)
[94.829s][info][gc,heap        ] GC(660) Survivor regions: 1->1(29)
[94.829s][info][gc,heap        ] GC(660) Old regions: 46->46
[94.829s][info][gc,heap        ] GC(660) Humongous regions: 6->6
[94.829s][info][gc,metaspace   ] GC(660) Metaspace: 71740K->71740K(1114112K)
[94.829s][info][gc             ] GC(660) Pause Young (Normal) (G1 Evacuation Pause) 282M->51M(387M) 3.275ms
[94.829s][info][gc,cpu         ] GC(660) User=0.00s Sys=0.00s Real=0.00s
[94.938s][info][gc,start       ] GC(661) Pause Young (Normal) (G1 Evacuation Pause)
[94.938s][info][gc,task        ] GC(661) Using 1 workers of 1 for evacuation
[94.941s][info][gc,phases      ] GC(661)   Pre Evacuate Collection Set: 0.0ms
[94.941s][info][gc,phases      ] GC(661)   Evacuate Collection Set: 2.6ms
[94.941s][info][gc,phases      ] GC(661)   Post Evacuate Collection Set: 0.3ms
[94.941s][info][gc,phases      ] GC(661)   Other: 0.3ms
[94.941s][info][gc,heap        ] GC(661) Eden regions: 231->0(231)
[94.941s][info][gc,heap        ] GC(661) Survivor regions: 1->1(29)
[94.941s][info][gc,heap        ] GC(661) Old regions: 46->46
[94.941s][info][gc,heap        ] GC(661) Humongous regions: 6->6
[94.941s][info][gc,metaspace   ] GC(661) Metaspace: 71740K->71740K(1114112K)
[94.941s][info][gc             ] GC(661) Pause Young (Normal) (G1 Evacuation Pause) 282M->51M(387M) 3.288ms
[94.941s][info][gc,cpu         ] GC(661) User=0.00s Sys=0.00s Real=0.00s
[95.048s][info][gc,start       ] GC(662) Pause Young (Normal) (G1 Evacuation Pause)
[95.048s][info][gc,task        ] GC(662) Using 1 workers of 1 for evacuation
[95.051s][info][gc,phases      ] GC(662)   Pre Evacuate Collection Set: 0.0ms
[95.051s][info][gc,phases      ] GC(662)   Evacuate Collection Set: 2.6ms
[95.051s][info][gc,phases      ] GC(662)   Post Evacuate Collection Set: 0.3ms
[95.051s][info][gc,phases      ] GC(662)   Other: 0.3ms
[95.051s][info][gc,heap        ] GC(662) Eden regions: 231->0(231)
[95.051s][info][gc,heap        ] GC(662) Survivor regions: 1->1(29)
[95.051s][info][gc,heap        ] GC(662) Old regions: 46->46
[95.051s][info][gc,heap        ] GC(662) Humongous regions: 6->6
[95.051s][info][gc,metaspace   ] GC(662) Metaspace: 71740K->71740K(1114112K)
[95.051s][info][gc             ] GC(662) Pause Young (Normal) (G1 Evacuation Pause) 282M->51M(387M) 3.284ms
[95.051s][info][gc,cpu         ] GC(662) User=0.00s Sys=0.00s Real=0.01s
[95.166s][info][gc,start       ] GC(663) Pause Young (Normal) (G1 Evacuation Pause)
[95.166s][info][gc,task        ] GC(663) Using 1 workers of 1 for evacuation
[95.169s][info][gc,phases      ] GC(663)   Pre Evacuate Collection Set: 0.0ms
[95.169s][info][gc,phases      ] GC(663)   Evacuate Collection Set: 2.7ms
[95.169s][info][gc,phases      ] GC(663)   Post Evacuate Collection Set: 0.3ms
[95.169s][info][gc,phases      ] GC(663)   Other: 0.3ms
[95.169s][info][gc,heap        ] GC(663) Eden regions: 231->0(231)
[95.169s][info][gc,heap        ] GC(663) Survivor regions: 1->1(29)
[95.169s][info][gc,heap        ] GC(663) Old regions: 46->46
[95.169s][info][gc,heap        ] GC(663) Humongous regions: 6->6
[95.169s][info][gc,metaspace   ] GC(663) Metaspace: 71740K->71740K(1114112K)
[95.169s][info][gc             ] GC(663) Pause Young (Normal) (G1 Evacuation Pause) 282M->51M(387M) 3.345ms
[95.169s][info][gc,cpu         ] GC(663) User=0.00s Sys=0.00s Real=0.00s
[95.275s][info][gc,start       ] GC(664) Pause Young (Normal) (G1 Evacuation Pause)
[95.275s][info][gc,task        ] GC(664) Using 1 workers of 1 for evacuation
[95.278s][info][gc,phases      ] GC(664)   Pre Evacuate Collection Set: 0.0ms
[95.278s][info][gc,phases      ] GC(664)   Evacuate Collection Set: 2.5ms
[95.278s][info][gc,phases      ] GC(664)   Post Evacuate Collection Set: 0.4ms
[95.278s][info][gc,phases      ] GC(664)   Other: 0.3ms
[95.278s][info][gc,heap        ] GC(664) Eden regions: 231->0(231)
[95.278s][info][gc,heap        ] GC(664) Survivor regions: 1->1(29)
[95.278s][info][gc,heap        ] GC(664) Old regions: 46->46
[95.278s][info][gc,heap        ] GC(664) Humongous regions: 6->6
[95.278s][info][gc,metaspace   ] GC(664) Metaspace: 71740K->71740K(1114112K)
[95.278s][info][gc             ] GC(664) Pause Young (Normal) (G1 Evacuation Pause) 282M->51M(387M) 3.264ms
[95.278s][info][gc,cpu         ] GC(664) User=0.01s Sys=0.00s Real=0.01s
[95.405s][info][gc,start       ] GC(665) Pause Young (Normal) (G1 Evacuation Pause)
[95.405s][info][gc,task        ] GC(665) Using 1 workers of 1 for evacuation
[95.408s][info][gc,phases      ] GC(665)   Pre Evacuate Collection Set: 0.0ms
[95.408s][info][gc,phases      ] GC(665)   Evacuate Collection Set: 2.4ms
[95.408s][info][gc,phases      ] GC(665)   Post Evacuate Collection Set: 0.4ms
[95.408s][info][gc,phases      ] GC(665)   Other: 0.3ms
[95.408s][info][gc,heap        ] GC(665) Eden regions: 231->0(231)
[95.408s][info][gc,heap        ] GC(665) Survivor regions: 1->1(29)
[95.408s][info][gc,heap        ] GC(665) Old regions: 46->46
[95.408s][info][gc,heap        ] GC(665) Humongous regions: 11->6
[95.408s][info][gc,metaspace   ] GC(665) Metaspace: 71743K->71743K(1114112K)
[95.408s][info][gc             ] GC(665) Pause Young (Normal) (G1 Evacuation Pause) 287M->51M(387M) 3.188ms
[95.408s][info][gc,cpu         ] GC(665) User=0.01s Sys=0.00s Real=0.00s
[95.518s][info][gc,start       ] GC(666) Pause Young (Normal) (G1 Evacuation Pause)
[95.518s][info][gc,task        ] GC(666) Using 1 workers of 1 for evacuation
[95.521s][info][gc,phases      ] GC(666)   Pre Evacuate Collection Set: 0.0ms
[95.521s][info][gc,phases      ] GC(666)   Evacuate Collection Set: 2.4ms
[95.521s][info][gc,phases      ] GC(666)   Post Evacuate Collection Set: 0.3ms
[95.521s][info][gc,phases      ] GC(666)   Other: 0.3ms
[95.521s][info][gc,heap        ] GC(666) Eden regions: 231->0(231)
[95.521s][info][gc,heap        ] GC(666) Survivor regions: 1->1(29)
[95.521s][info][gc,heap        ] GC(666) Old regions: 46->46
[95.521s][info][gc,heap        ] GC(666) Humongous regions: 6->6
[95.521s][info][gc,metaspace   ] GC(666) Metaspace: 71743K->71743K(1114112K)
[95.521s][info][gc             ] GC(666) Pause Young (Normal) (G1 Evacuation Pause) 282M->50M(387M) 3.081ms
[95.521s][info][gc,cpu         ] GC(666) User=0.00s Sys=0.00s Real=0.00s
[95.629s][info][gc,start       ] GC(667) Pause Young (Normal) (G1 Evacuation Pause)
[95.629s][info][gc,task        ] GC(667) Using 1 workers of 1 for evacuation
[95.632s][info][gc,phases      ] GC(667)   Pre Evacuate Collection Set: 0.0ms
[95.632s][info][gc,phases      ] GC(667)   Evacuate Collection Set: 2.4ms
[95.632s][info][gc,phases      ] GC(667)   Post Evacuate Collection Set: 0.4ms
[95.632s][info][gc,phases      ] GC(667)   Other: 0.3ms
[95.632s][info][gc,heap        ] GC(667) Eden regions: 231->0(231)
[95.632s][info][gc,heap        ] GC(667) Survivor regions: 1->1(29)
[95.632s][info][gc,heap        ] GC(667) Old regions: 46->46
[95.632s][info][gc,heap        ] GC(667) Humongous regions: 6->6
[95.632s][info][gc,metaspace   ] GC(667) Metaspace: 71743K->71743K(1114112K)
[95.632s][info][gc             ] GC(667) Pause Young (Normal) (G1 Evacuation Pause) 281M->50M(387M) 3.147ms
[95.632s][info][gc,cpu         ] GC(667) User=0.00s Sys=0.00s Real=0.01s
[95.745s][info][gc,start       ] GC(668) Pause Young (Normal) (G1 Evacuation Pause)
[95.745s][info][gc,task        ] GC(668) Using 1 workers of 1 for evacuation
[95.749s][info][gc,phases      ] GC(668)   Pre Evacuate Collection Set: 0.0ms
[95.749s][info][gc,phases      ] GC(668)   Evacuate Collection Set: 2.6ms
[95.749s][info][gc,phases      ] GC(668)   Post Evacuate Collection Set: 0.3ms
[95.749s][info][gc,phases      ] GC(668)   Other: 0.3ms
[95.749s][info][gc,heap        ] GC(668) Eden regions: 231->0(231)
[95.749s][info][gc,heap        ] GC(668) Survivor regions: 1->1(29)
[95.749s][info][gc,heap        ] GC(668) Old regions: 46->46
[95.749s][info][gc,heap        ] GC(668) Humongous regions: 6->6
[95.749s][info][gc,metaspace   ] GC(668) Metaspace: 71743K->71743K(1114112K)
[95.749s][info][gc             ] GC(668) Pause Young (Normal) (G1 Evacuation Pause) 281M->50M(387M) 3.254ms
[95.749s][info][gc,cpu         ] GC(668) User=0.01s Sys=0.00s Real=0.00s
[95.863s][info][gc,start       ] GC(669) Pause Young (Normal) (G1 Evacuation Pause)
[95.863s][info][gc,task        ] GC(669) Using 1 workers of 1 for evacuation
[95.866s][info][gc,phases      ] GC(669)   Pre Evacuate Collection Set: 0.0ms
[95.866s][info][gc,phases      ] GC(669)   Evacuate Collection Set: 2.5ms
[95.866s][info][gc,phases      ] GC(669)   Post Evacuate Collection Set: 0.3ms
[95.866s][info][gc,phases      ] GC(669)   Other: 0.3ms
[95.866s][info][gc,heap        ] GC(669) Eden regions: 231->0(231)
[95.866s][info][gc,heap        ] GC(669) Survivor regions: 1->1(29)
[95.866s][info][gc,heap        ] GC(669) Old regions: 46->46
[95.866s][info][gc,heap        ] GC(669) Humongous regions: 6->6
[95.866s][info][gc,metaspace   ] GC(669) Metaspace: 71743K->71743K(1114112K)
[95.866s][info][gc             ] GC(669) Pause Young (Normal) (G1 Evacuation Pause) 281M->51M(387M) 3.171ms
[95.866s][info][gc,cpu         ] GC(669) User=0.00s Sys=0.00s Real=0.00s
[95.972s][info][gc,start       ] GC(670) Pause Young (Normal) (G1 Evacuation Pause)
[95.972s][info][gc,task        ] GC(670) Using 1 workers of 1 for evacuation
[95.975s][info][gc,phases      ] GC(670)   Pre Evacuate Collection Set: 0.0ms
[95.975s][info][gc,phases      ] GC(670)   Evacuate Collection Set: 2.4ms
[95.975s][info][gc,phases      ] GC(670)   Post Evacuate Collection Set: 0.3ms
[95.975s][info][gc,phases      ] GC(670)   Other: 0.3ms
[95.975s][info][gc,heap        ] GC(670) Eden regions: 231->0(231)
[95.975s][info][gc,heap        ] GC(670) Survivor regions: 1->1(29)
[95.975s][info][gc,heap        ] GC(670) Old regions: 46->46
[95.975s][info][gc,heap        ] GC(670) Humongous regions: 6->6
[95.975s][info][gc,metaspace   ] GC(670) Metaspace: 71743K->71743K(1114112K)
[95.975s][info][gc             ] GC(670) Pause Young (Normal) (G1 Evacuation Pause) 282M->51M(387M) 3.111ms
[95.975s][info][gc,cpu         ] GC(670) User=0.00s Sys=0.00s Real=0.00s
[96.084s][info][gc,start       ] GC(671) Pause Young (Normal) (G1 Evacuation Pause)
[96.084s][info][gc,task        ] GC(671) Using 1 workers of 1 for evacuation
[96.087s][info][gc,phases      ] GC(671)   Pre Evacuate Collection Set: 0.0ms
[96.088s][info][gc,phases      ] GC(671)   Evacuate Collection Set: 2.5ms
[96.088s][info][gc,phases      ] GC(671)   Post Evacuate Collection Set: 0.3ms
[96.088s][info][gc,phases      ] GC(671)   Other: 0.3ms
[96.088s][info][gc,heap        ] GC(671) Eden regions: 231->0(231)
[96.088s][info][gc,heap        ] GC(671) Survivor regions: 1->1(29)
[96.088s][info][gc,heap        ] GC(671) Old regions: 46->46
[96.088s][info][gc,heap        ] GC(671) Humongous regions: 6->6
[96.088s][info][gc,metaspace   ] GC(671) Metaspace: 71743K->71743K(1114112K)
[96.088s][info][gc             ] GC(671) Pause Young (Normal) (G1 Evacuation Pause) 282M->51M(387M) 3.215ms
[96.088s][info][gc,cpu         ] GC(671) User=0.00s Sys=0.00s Real=0.00s
[96.197s][info][gc,start       ] GC(672) Pause Young (Normal) (G1 Evacuation Pause)
[96.197s][info][gc,task        ] GC(672) Using 1 workers of 1 for evacuation
[96.200s][info][gc,phases      ] GC(672)   Pre Evacuate Collection Set: 0.0ms
[96.200s][info][gc,phases      ] GC(672)   Evacuate Collection Set: 2.6ms
[96.200s][info][gc,phases      ] GC(672)   Post Evacuate Collection Set: 0.3ms
[96.200s][info][gc,phases      ] GC(672)   Other: 0.3ms
[96.200s][info][gc,heap        ] GC(672) Eden regions: 231->0(231)
[96.200s][info][gc,heap        ] GC(672) Survivor regions: 1->1(29)
[96.200s][info][gc,heap        ] GC(672) Old regions: 46->46
[96.200s][info][gc,heap        ] GC(672) Humongous regions: 6->6
[96.200s][info][gc,metaspace   ] GC(672) Metaspace: 71743K->71743K(1114112K)
[96.200s][info][gc             ] GC(672) Pause Young (Normal) (G1 Evacuation Pause) 282M->51M(387M) 3.305ms
[96.200s][info][gc,cpu         ] GC(672) User=0.01s Sys=0.00s Real=0.01s
[96.337s][info][gc,start       ] GC(673) Pause Young (Normal) (G1 Evacuation Pause)
[96.338s][info][gc,task        ] GC(673) Using 1 workers of 1 for evacuation
[96.341s][info][gc,phases      ] GC(673)   Pre Evacuate Collection Set: 0.0ms
[96.341s][info][gc,phases      ] GC(673)   Evacuate Collection Set: 2.8ms
[96.341s][info][gc,phases      ] GC(673)   Post Evacuate Collection Set: 0.4ms
[96.341s][info][gc,phases      ] GC(673)   Other: 0.4ms
[96.341s][info][gc,heap        ] GC(673) Eden regions: 231->0(231)
[96.341s][info][gc,heap        ] GC(673) Survivor regions: 1->1(29)
[96.341s][info][gc,heap        ] GC(673) Old regions: 46->46
[96.341s][info][gc,heap        ] GC(673) Humongous regions: 11->6
[96.341s][info][gc,metaspace   ] GC(673) Metaspace: 71745K->71745K(1114112K)
[96.341s][info][gc             ] GC(673) Pause Young (Normal) (G1 Evacuation Pause) 287M->51M(387M) 3.647ms
[96.341s][info][gc,cpu         ] GC(673) User=0.01s Sys=0.00s Real=0.00s
[96.451s][info][gc,start       ] GC(674) Pause Young (Normal) (G1 Evacuation Pause)
[96.451s][info][gc,task        ] GC(674) Using 1 workers of 1 for evacuation
[96.455s][info][gc,phases      ] GC(674)   Pre Evacuate Collection Set: 0.0ms
[96.455s][info][gc,phases      ] GC(674)   Evacuate Collection Set: 3.1ms
[96.455s][info][gc,phases      ] GC(674)   Post Evacuate Collection Set: 0.4ms
[96.455s][info][gc,phases      ] GC(674)   Other: 0.3ms
[96.455s][info][gc,heap        ] GC(674) Eden regions: 231->0(231)
[96.455s][info][gc,heap        ] GC(674) Survivor regions: 1->1(29)
[96.455s][info][gc,heap        ] GC(674) Old regions: 46->46
[96.455s][info][gc,heap        ] GC(674) Humongous regions: 6->6
[96.455s][info][gc,metaspace   ] GC(674) Metaspace: 71745K->71745K(1114112K)
[96.455s][info][gc             ] GC(674) Pause Young (Normal) (G1 Evacuation Pause) 282M->51M(387M) 3.894ms
[96.455s][info][gc,cpu         ] GC(674) User=0.01s Sys=0.00s Real=0.00s
[96.559s][info][gc,start       ] GC(675) Pause Young (Normal) (G1 Evacuation Pause)
[96.559s][info][gc,task        ] GC(675) Using 1 workers of 1 for evacuation
[96.562s][info][gc,phases      ] GC(675)   Pre Evacuate Collection Set: 0.0ms
[96.562s][info][gc,phases      ] GC(675)   Evacuate Collection Set: 2.5ms
[96.562s][info][gc,phases      ] GC(675)   Post Evacuate Collection Set: 0.3ms
[96.562s][info][gc,phases      ] GC(675)   Other: 0.3ms
[96.562s][info][gc,heap        ] GC(675) Eden regions: 231->0(231)
[96.562s][info][gc,heap        ] GC(675) Survivor regions: 1->1(29)
[96.562s][info][gc,heap        ] GC(675) Old regions: 46->46
[96.562s][info][gc,heap        ] GC(675) Humongous regions: 6->6
[96.562s][info][gc,metaspace   ] GC(675) Metaspace: 71745K->71745K(1114112K)
[96.562s][info][gc             ] GC(675) Pause Young (Normal) (G1 Evacuation Pause) 282M->51M(387M) 3.189ms
[96.562s][info][gc,cpu         ] GC(675) User=0.00s Sys=0.00s Real=0.00s
[96.669s][info][gc,start       ] GC(676) Pause Young (Normal) (G1 Evacuation Pause)
[96.669s][info][gc,task        ] GC(676) Using 1 workers of 1 for evacuation
[96.674s][info][gc,phases      ] GC(676)   Pre Evacuate Collection Set: 0.0ms
[96.674s][info][gc,phases      ] GC(676)   Evacuate Collection Set: 2.6ms
[96.674s][info][gc,phases      ] GC(676)   Post Evacuate Collection Set: 1.9ms
[96.674s][info][gc,phases      ] GC(676)   Other: 0.4ms
[96.674s][info][gc,heap        ] GC(676) Eden regions: 231->0(231)
[96.674s][info][gc,heap        ] GC(676) Survivor regions: 1->1(29)
[96.674s][info][gc,heap        ] GC(676) Old regions: 46->46
[96.674s][info][gc,heap        ] GC(676) Humongous regions: 6->6
[96.674s][info][gc,metaspace   ] GC(676) Metaspace: 71745K->71745K(1114112K)
[96.674s][info][gc             ] GC(676) Pause Young (Normal) (G1 Evacuation Pause) 282M->51M(387M) 4.961ms
[96.674s][info][gc,cpu         ] GC(676) User=0.00s Sys=0.00s Real=0.01s
[96.785s][info][gc,start       ] GC(677) Pause Young (Normal) (G1 Evacuation Pause)
[96.785s][info][gc,task        ] GC(677) Using 1 workers of 1 for evacuation
[96.789s][info][gc,phases      ] GC(677)   Pre Evacuate Collection Set: 0.0ms
[96.789s][info][gc,phases      ] GC(677)   Evacuate Collection Set: 2.6ms
[96.789s][info][gc,phases      ] GC(677)   Post Evacuate Collection Set: 0.3ms
[96.789s][info][gc,phases      ] GC(677)   Other: 0.3ms
[96.789s][info][gc,heap        ] GC(677) Eden regions: 231->0(231)
[96.789s][info][gc,heap        ] GC(677) Survivor regions: 1->1(29)
[96.789s][info][gc,heap        ] GC(677) Old regions: 46->46
[96.789s][info][gc,heap        ] GC(677) Humongous regions: 6->6
[96.789s][info][gc,metaspace   ] GC(677) Metaspace: 71745K->71745K(1114112K)
[96.789s][info][gc             ] GC(677) Pause Young (Normal) (G1 Evacuation Pause) 282M->51M(387M) 3.277ms
[96.789s][info][gc,cpu         ] GC(677) User=0.01s Sys=0.00s Real=0.00s
[96.897s][info][gc,start       ] GC(678) Pause Young (Normal) (G1 Evacuation Pause)
[96.897s][info][gc,task        ] GC(678) Using 1 workers of 1 for evacuation
[96.900s][info][gc,phases      ] GC(678)   Pre Evacuate Collection Set: 0.0ms
[96.900s][info][gc,phases      ] GC(678)   Evacuate Collection Set: 2.6ms
[96.900s][info][gc,phases      ] GC(678)   Post Evacuate Collection Set: 0.3ms
[96.900s][info][gc,phases      ] GC(678)   Other: 0.3ms
[96.900s][info][gc,heap        ] GC(678) Eden regions: 231->0(231)
[96.900s][info][gc,heap        ] GC(678) Survivor regions: 1->1(29)
[96.900s][info][gc,heap        ] GC(678) Old regions: 46->46
[96.900s][info][gc,heap        ] GC(678) Humongous regions: 6->6
[96.900s][info][gc,metaspace   ] GC(678) Metaspace: 71745K->71745K(1114112K)
[96.900s][info][gc             ] GC(678) Pause Young (Normal) (G1 Evacuation Pause) 282M->51M(387M) 3.294ms
[96.900s][info][gc,cpu         ] GC(678) User=0.00s Sys=0.00s Real=0.01s
[97.008s][info][gc,start       ] GC(679) Pause Young (Normal) (G1 Evacuation Pause)
[97.008s][info][gc,task        ] GC(679) Using 1 workers of 1 for evacuation
[97.012s][info][gc,phases      ] GC(679)   Pre Evacuate Collection Set: 0.0ms
[97.012s][info][gc,phases      ] GC(679)   Evacuate Collection Set: 2.9ms
[97.012s][info][gc,phases      ] GC(679)   Post Evacuate Collection Set: 0.3ms
[97.012s][info][gc,phases      ] GC(679)   Other: 0.3ms
[97.012s][info][gc,heap        ] GC(679) Eden regions: 231->0(231)
[97.012s][info][gc,heap        ] GC(679) Survivor regions: 1->1(29)
[97.012s][info][gc,heap        ] GC(679) Old regions: 46->46
[97.012s][info][gc,heap        ] GC(679) Humongous regions: 6->6
[97.012s][info][gc,metaspace   ] GC(679) Metaspace: 71745K->71745K(1114112K)
[97.012s][info][gc             ] GC(679) Pause Young (Normal) (G1 Evacuation Pause) 282M->51M(387M) 3.604ms
[97.012s][info][gc,cpu         ] GC(679) User=0.00s Sys=0.00s Real=0.01s
[97.118s][info][gc,start       ] GC(680) Pause Young (Normal) (G1 Evacuation Pause)
[97.118s][info][gc,task        ] GC(680) Using 1 workers of 1 for evacuation
[97.121s][info][gc,phases      ] GC(680)   Pre Evacuate Collection Set: 0.0ms
[97.121s][info][gc,phases      ] GC(680)   Evacuate Collection Set: 2.7ms
[97.121s][info][gc,phases      ] GC(680)   Post Evacuate Collection Set: 0.3ms
[97.121s][info][gc,phases      ] GC(680)   Other: 0.3ms
[97.121s][info][gc,heap        ] GC(680) Eden regions: 231->0(231)
[97.121s][info][gc,heap        ] GC(680) Survivor regions: 1->1(29)
[97.121s][info][gc,heap        ] GC(680) Old regions: 46->46
[97.121s][info][gc,heap        ] GC(680) Humongous regions: 6->6
[97.121s][info][gc,metaspace   ] GC(680) Metaspace: 71745K->71745K(1114112K)
[97.121s][info][gc             ] GC(680) Pause Young (Normal) (G1 Evacuation Pause) 282M->51M(387M) 3.377ms
[97.121s][info][gc,cpu         ] GC(680) User=0.00s Sys=0.00s Real=0.00s
[97.249s][info][gc,start       ] GC(681) Pause Young (Normal) (G1 Evacuation Pause)
[97.249s][info][gc,task        ] GC(681) Using 1 workers of 1 for evacuation
[97.252s][info][gc,phases      ] GC(681)   Pre Evacuate Collection Set: 0.0ms
[97.252s][info][gc,phases      ] GC(681)   Evacuate Collection Set: 2.7ms
[97.252s][info][gc,phases      ] GC(681)   Post Evacuate Collection Set: 0.3ms
[97.252s][info][gc,phases      ] GC(681)   Other: 0.4ms
[97.252s][info][gc,heap        ] GC(681) Eden regions: 231->0(231)
[97.252s][info][gc,heap        ] GC(681) Survivor regions: 1->1(29)
[97.252s][info][gc,heap        ] GC(681) Old regions: 46->46
[97.252s][info][gc,heap        ] GC(681) Humongous regions: 11->6
[97.252s][info][gc,metaspace   ] GC(681) Metaspace: 71756K->71756K(1114112K)
[97.252s][info][gc             ] GC(681) Pause Young (Normal) (G1 Evacuation Pause) 287M->51M(387M) 3.423ms
[97.252s][info][gc,cpu         ] GC(681) User=0.00s Sys=0.00s Real=0.01s
[97.360s][info][gc,start       ] GC(682) Pause Young (Normal) (G1 Evacuation Pause)
[97.360s][info][gc,task        ] GC(682) Using 1 workers of 1 for evacuation
[97.363s][info][gc,phases      ] GC(682)   Pre Evacuate Collection Set: 0.0ms
[97.363s][info][gc,phases      ] GC(682)   Evacuate Collection Set: 2.5ms
[97.363s][info][gc,phases      ] GC(682)   Post Evacuate Collection Set: 0.3ms
[97.363s][info][gc,phases      ] GC(682)   Other: 0.3ms
[97.363s][info][gc,heap        ] GC(682) Eden regions: 231->0(231)
[97.363s][info][gc,heap        ] GC(682) Survivor regions: 1->1(29)
[97.363s][info][gc,heap        ] GC(682) Old regions: 46->46
[97.363s][info][gc,heap        ] GC(682) Humongous regions: 6->6
[97.363s][info][gc,metaspace   ] GC(682) Metaspace: 71756K->71756K(1114112K)
[97.363s][info][gc             ] GC(682) Pause Young (Normal) (G1 Evacuation Pause) 282M->51M(387M) 3.165ms
[97.363s][info][gc,cpu         ] GC(682) User=0.00s Sys=0.00s Real=0.00s
[97.476s][info][gc,start       ] GC(683) Pause Young (Normal) (G1 Evacuation Pause)
[97.477s][info][gc,task        ] GC(683) Using 1 workers of 1 for evacuation
[97.479s][info][gc,phases      ] GC(683)   Pre Evacuate Collection Set: 0.0ms
[97.480s][info][gc,phases      ] GC(683)   Evacuate Collection Set: 2.4ms
[97.480s][info][gc,phases      ] GC(683)   Post Evacuate Collection Set: 0.3ms
[97.480s][info][gc,phases      ] GC(683)   Other: 0.3ms
[97.480s][info][gc,heap        ] GC(683) Eden regions: 231->0(231)
[97.480s][info][gc,heap        ] GC(683) Survivor regions: 1->1(29)
[97.480s][info][gc,heap        ] GC(683) Old regions: 46->46
[97.480s][info][gc,heap        ] GC(683) Humongous regions: 6->6
[97.480s][info][gc,metaspace   ] GC(683) Metaspace: 71758K->71758K(1114112K)
[97.480s][info][gc             ] GC(683) Pause Young (Normal) (G1 Evacuation Pause) 282M->51M(387M) 3.080ms
[97.480s][info][gc,cpu         ] GC(683) User=0.01s Sys=0.00s Real=0.01s
[97.584s][info][gc,start       ] GC(684) Pause Young (Normal) (G1 Evacuation Pause)
[97.584s][info][gc,task        ] GC(684) Using 1 workers of 1 for evacuation
[97.587s][info][gc,phases      ] GC(684)   Pre Evacuate Collection Set: 0.0ms
[97.587s][info][gc,phases      ] GC(684)   Evacuate Collection Set: 2.4ms
[97.587s][info][gc,phases      ] GC(684)   Post Evacuate Collection Set: 0.3ms
[97.587s][info][gc,phases      ] GC(684)   Other: 0.3ms
[97.587s][info][gc,heap        ] GC(684) Eden regions: 231->0(231)
[97.587s][info][gc,heap        ] GC(684) Survivor regions: 1->1(29)
[97.587s][info][gc,heap        ] GC(684) Old regions: 46->46
[97.587s][info][gc,heap        ] GC(684) Humongous regions: 6->6
[97.587s][info][gc,metaspace   ] GC(684) Metaspace: 71758K->71758K(1114112K)
[97.587s][info][gc             ] GC(684) Pause Young (Normal) (G1 Evacuation Pause) 282M->51M(387M) 3.072ms
[97.587s][info][gc,cpu         ] GC(684) User=0.00s Sys=0.00s Real=0.00s
[97.694s][info][gc,start       ] GC(685) Pause Young (Normal) (G1 Evacuation Pause)
[97.694s][info][gc,task        ] GC(685) Using 1 workers of 1 for evacuation
[97.697s][info][gc,phases      ] GC(685)   Pre Evacuate Collection Set: 0.0ms
[97.697s][info][gc,phases      ] GC(685)   Evacuate Collection Set: 2.5ms
[97.697s][info][gc,phases      ] GC(685)   Post Evacuate Collection Set: 0.4ms
[97.697s][info][gc,phases      ] GC(685)   Other: 0.3ms
[97.697s][info][gc,heap        ] GC(685) Eden regions: 231->0(231)
[97.697s][info][gc,heap        ] GC(685) Survivor regions: 1->1(29)
[97.697s][info][gc,heap        ] GC(685) Old regions: 46->46
[97.697s][info][gc,heap        ] GC(685) Humongous regions: 6->6
[97.697s][info][gc,metaspace   ] GC(685) Metaspace: 71758K->71758K(1114112K)
[97.697s][info][gc             ] GC(685) Pause Young (Normal) (G1 Evacuation Pause) 282M->51M(387M) 3.285ms
[97.697s][info][gc,cpu         ] GC(685) User=0.00s Sys=0.00s Real=0.00s
[97.815s][info][gc,start       ] GC(686) Pause Young (Normal) (G1 Evacuation Pause)
[97.815s][info][gc,task        ] GC(686) Using 1 workers of 1 for evacuation
[97.818s][info][gc,phases      ] GC(686)   Pre Evacuate Collection Set: 0.0ms
[97.818s][info][gc,phases      ] GC(686)   Evacuate Collection Set: 2.5ms
[97.818s][info][gc,phases      ] GC(686)   Post Evacuate Collection Set: 0.4ms
[97.818s][info][gc,phases      ] GC(686)   Other: 0.3ms
[97.818s][info][gc,heap        ] GC(686) Eden regions: 231->0(231)
[97.818s][info][gc,heap        ] GC(686) Survivor regions: 1->1(29)
[97.818s][info][gc,heap        ] GC(686) Old regions: 46->46
[97.818s][info][gc,heap        ] GC(686) Humongous regions: 6->6
[97.818s][info][gc,metaspace   ] GC(686) Metaspace: 71758K->71758K(1114112K)
[97.818s][info][gc             ] GC(686) Pause Young (Normal) (G1 Evacuation Pause) 282M->51M(387M) 3.227ms
[97.819s][info][gc,cpu         ] GC(686) User=0.00s Sys=0.00s Real=0.01s
[97.925s][info][gc,start       ] GC(687) Pause Young (Normal) (G1 Evacuation Pause)
[97.925s][info][gc,task        ] GC(687) Using 1 workers of 1 for evacuation
[97.928s][info][gc,phases      ] GC(687)   Pre Evacuate Collection Set: 0.1ms
[97.929s][info][gc,phases      ] GC(687)   Evacuate Collection Set: 2.5ms
[97.929s][info][gc,phases      ] GC(687)   Post Evacuate Collection Set: 0.4ms
[97.929s][info][gc,phases      ] GC(687)   Other: 0.3ms
[97.929s][info][gc,heap        ] GC(687) Eden regions: 231->0(231)
[97.929s][info][gc,heap        ] GC(687) Survivor regions: 1->1(29)
[97.929s][info][gc,heap        ] GC(687) Old regions: 46->46
[97.929s][info][gc,heap        ] GC(687) Humongous regions: 6->6
[97.929s][info][gc,metaspace   ] GC(687) Metaspace: 71758K->71758K(1114112K)
[97.929s][info][gc             ] GC(687) Pause Young (Normal) (G1 Evacuation Pause) 282M->51M(387M) 3.341ms
[97.929s][info][gc,cpu         ] GC(687) User=0.00s Sys=0.00s Real=0.00s
[98.037s][info][gc,start       ] GC(688) Pause Young (Normal) (G1 Evacuation Pause)
[98.037s][info][gc,task        ] GC(688) Using 1 workers of 1 for evacuation
[98.040s][info][gc,phases      ] GC(688)   Pre Evacuate Collection Set: 0.0ms
[98.040s][info][gc,phases      ] GC(688)   Evacuate Collection Set: 2.7ms
[98.040s][info][gc,phases      ] GC(688)   Post Evacuate Collection Set: 0.3ms
[98.040s][info][gc,phases      ] GC(688)   Other: 0.4ms
[98.040s][info][gc,heap        ] GC(688) Eden regions: 231->0(231)
[98.040s][info][gc,heap        ] GC(688) Survivor regions: 1->1(29)
[98.040s][info][gc,heap        ] GC(688) Old regions: 46->46
[98.040s][info][gc,heap        ] GC(688) Humongous regions: 6->6
[98.040s][info][gc,metaspace   ] GC(688) Metaspace: 71758K->71758K(1114112K)
[98.040s][info][gc             ] GC(688) Pause Young (Normal) (G1 Evacuation Pause) 282M->51M(387M) 3.401ms
[98.040s][info][gc,cpu         ] GC(688) User=0.01s Sys=0.00s Real=0.01s
[98.196s][info][gc,start       ] GC(689) Pause Young (Normal) (G1 Evacuation Pause)
[98.196s][info][gc,task        ] GC(689) Using 1 workers of 1 for evacuation
[98.199s][info][gc,phases      ] GC(689)   Pre Evacuate Collection Set: 0.0ms
[98.199s][info][gc,phases      ] GC(689)   Evacuate Collection Set: 2.7ms
[98.199s][info][gc,phases      ] GC(689)   Post Evacuate Collection Set: 0.4ms
[98.199s][info][gc,phases      ] GC(689)   Other: 0.3ms
[98.199s][info][gc,heap        ] GC(689) Eden regions: 231->0(231)
[98.199s][info][gc,heap        ] GC(689) Survivor regions: 1->1(29)
[98.199s][info][gc,heap        ] GC(689) Old regions: 46->46
[98.199s][info][gc,heap        ] GC(689) Humongous regions: 11->6
[98.199s][info][gc,metaspace   ] GC(689) Metaspace: 71759K->71759K(1114112K)
[98.199s][info][gc             ] GC(689) Pause Young (Normal) (G1 Evacuation Pause) 287M->51M(387M) 3.411ms
[98.199s][info][gc,cpu         ] GC(689) User=0.00s Sys=0.00s Real=0.01s
[98.346s][info][gc,start       ] GC(690) Pause Young (Normal) (G1 Evacuation Pause)
[98.346s][info][gc,task        ] GC(690) Using 1 workers of 1 for evacuation
[98.349s][info][gc,phases      ] GC(690)   Pre Evacuate Collection Set: 0.0ms
[98.349s][info][gc,phases      ] GC(690)   Evacuate Collection Set: 2.7ms
[98.349s][info][gc,phases      ] GC(690)   Post Evacuate Collection Set: 0.3ms
[98.349s][info][gc,phases      ] GC(690)   Other: 0.3ms
[98.349s][info][gc,heap        ] GC(690) Eden regions: 231->0(231)
[98.349s][info][gc,heap        ] GC(690) Survivor regions: 1->1(29)
[98.349s][info][gc,heap        ] GC(690) Old regions: 46->46
[98.349s][info][gc,heap        ] GC(690) Humongous regions: 6->6
[98.349s][info][gc,metaspace   ] GC(690) Metaspace: 71759K->71759K(1114112K)
[98.349s][info][gc             ] GC(690) Pause Young (Normal) (G1 Evacuation Pause) 282M->51M(387M) 3.409ms
[98.349s][info][gc,cpu         ] GC(690) User=0.00s Sys=0.00s Real=0.00s
[98.456s][info][gc,start       ] GC(691) Pause Young (Normal) (G1 Evacuation Pause)
[98.456s][info][gc,task        ] GC(691) Using 1 workers of 1 for evacuation
[98.459s][info][gc,phases      ] GC(691)   Pre Evacuate Collection Set: 0.0ms
[98.459s][info][gc,phases      ] GC(691)   Evacuate Collection Set: 2.6ms
[98.459s][info][gc,phases      ] GC(691)   Post Evacuate Collection Set: 0.3ms
[98.459s][info][gc,phases      ] GC(691)   Other: 0.3ms
[98.459s][info][gc,heap        ] GC(691) Eden regions: 231->0(231)
[98.459s][info][gc,heap        ] GC(691) Survivor regions: 1->1(29)
[98.459s][info][gc,heap        ] GC(691) Old regions: 46->46
[98.459s][info][gc,heap        ] GC(691) Humongous regions: 6->6
[98.459s][info][gc,metaspace   ] GC(691) Metaspace: 71759K->71759K(1114112K)
[98.459s][info][gc             ] GC(691) Pause Young (Normal) (G1 Evacuation Pause) 282M->51M(387M) 3.329ms
[98.459s][info][gc,cpu         ] GC(691) User=0.00s Sys=0.00s Real=0.01s
[98.564s][info][gc,start       ] GC(692) Pause Young (Normal) (G1 Evacuation Pause)
[98.564s][info][gc,task        ] GC(692) Using 1 workers of 1 for evacuation
[98.567s][info][gc,phases      ] GC(692)   Pre Evacuate Collection Set: 0.0ms
[98.567s][info][gc,phases      ] GC(692)   Evacuate Collection Set: 2.6ms
[98.567s][info][gc,phases      ] GC(692)   Post Evacuate Collection Set: 0.3ms
[98.567s][info][gc,phases      ] GC(692)   Other: 0.3ms
[98.567s][info][gc,heap        ] GC(692) Eden regions: 231->0(231)
[98.567s][info][gc,heap        ] GC(692) Survivor regions: 1->1(29)
[98.567s][info][gc,heap        ] GC(692) Old regions: 46->46
[98.567s][info][gc,heap        ] GC(692) Humongous regions: 6->6
[98.567s][info][gc,metaspace   ] GC(692) Metaspace: 71759K->71759K(1114112K)
[98.567s][info][gc             ] GC(692) Pause Young (Normal) (G1 Evacuation Pause) 282M->51M(387M) 3.264ms
[98.567s][info][gc,cpu         ] GC(692) User=0.01s Sys=0.00s Real=0.00s
[98.679s][info][gc,start       ] GC(693) Pause Young (Normal) (G1 Evacuation Pause)
[98.679s][info][gc,task        ] GC(693) Using 1 workers of 1 for evacuation
[98.682s][info][gc,phases      ] GC(693)   Pre Evacuate Collection Set: 0.0ms
[98.682s][info][gc,phases      ] GC(693)   Evacuate Collection Set: 2.7ms
[98.682s][info][gc,phases      ] GC(693)   Post Evacuate Collection Set: 0.3ms
[98.682s][info][gc,phases      ] GC(693)   Other: 0.3ms
[98.682s][info][gc,heap        ] GC(693) Eden regions: 231->0(231)
[98.682s][info][gc,heap        ] GC(693) Survivor regions: 1->1(29)
[98.682s][info][gc,heap        ] GC(693) Old regions: 46->46
[98.682s][info][gc,heap        ] GC(693) Humongous regions: 6->6
[98.682s][info][gc,metaspace   ] GC(693) Metaspace: 71759K->71759K(1114112K)
[98.682s][info][gc             ] GC(693) Pause Young (Normal) (G1 Evacuation Pause) 282M->51M(387M) 3.395ms
[98.682s][info][gc,cpu         ] GC(693) User=0.00s Sys=0.00s Real=0.00s
[98.798s][info][gc,start       ] GC(694) Pause Young (Normal) (G1 Evacuation Pause)
[98.799s][info][gc,task        ] GC(694) Using 1 workers of 1 for evacuation
[98.802s][info][gc,phases      ] GC(694)   Pre Evacuate Collection Set: 0.0ms
[98.802s][info][gc,phases      ] GC(694)   Evacuate Collection Set: 2.6ms
[98.802s][info][gc,phases      ] GC(694)   Post Evacuate Collection Set: 0.3ms
[98.802s][info][gc,phases      ] GC(694)   Other: 0.4ms
[98.802s][info][gc,heap        ] GC(694) Eden regions: 231->0(231)
[98.802s][info][gc,heap        ] GC(694) Survivor regions: 1->1(29)
[98.802s][info][gc,heap        ] GC(694) Old regions: 46->46
[98.802s][info][gc,heap        ] GC(694) Humongous regions: 6->6
[98.802s][info][gc,metaspace   ] GC(694) Metaspace: 71759K->71759K(1114112K)
[98.802s][info][gc             ] GC(694) Pause Young (Normal) (G1 Evacuation Pause) 282M->51M(387M) 3.350ms
[98.802s][info][gc,cpu         ] GC(694) User=0.00s Sys=0.00s Real=0.00s
[98.913s][info][gc,start       ] GC(695) Pause Young (Normal) (G1 Evacuation Pause)
[98.913s][info][gc,task        ] GC(695) Using 1 workers of 1 for evacuation
[98.916s][info][gc,phases      ] GC(695)   Pre Evacuate Collection Set: 0.1ms
[98.916s][info][gc,phases      ] GC(695)   Evacuate Collection Set: 2.5ms
[98.916s][info][gc,phases      ] GC(695)   Post Evacuate Collection Set: 0.3ms
[98.916s][info][gc,phases      ] GC(695)   Other: 0.3ms
[98.916s][info][gc,heap        ] GC(695) Eden regions: 231->0(231)
[98.916s][info][gc,heap        ] GC(695) Survivor regions: 1->1(29)
[98.916s][info][gc,heap        ] GC(695) Old regions: 46->46
[98.916s][info][gc,heap        ] GC(695) Humongous regions: 6->6
[98.916s][info][gc,metaspace   ] GC(695) Metaspace: 71759K->71759K(1114112K)
[98.916s][info][gc             ] GC(695) Pause Young (Normal) (G1 Evacuation Pause) 282M->51M(387M) 3.242ms
[98.916s][info][gc,cpu         ] GC(695) User=0.00s Sys=0.00s Real=0.00s
[99.023s][info][gc,start       ] GC(696) Pause Young (Normal) (G1 Evacuation Pause)
[99.023s][info][gc,task        ] GC(696) Using 1 workers of 1 for evacuation
[99.026s][info][gc,phases      ] GC(696)   Pre Evacuate Collection Set: 0.0ms
[99.026s][info][gc,phases      ] GC(696)   Evacuate Collection Set: 2.5ms
[99.026s][info][gc,phases      ] GC(696)   Post Evacuate Collection Set: 0.3ms
[99.026s][info][gc,phases      ] GC(696)   Other: 0.3ms
[99.026s][info][gc,heap        ] GC(696) Eden regions: 231->0(231)
[99.026s][info][gc,heap        ] GC(696) Survivor regions: 1->1(29)
[99.026s][info][gc,heap        ] GC(696) Old regions: 46->46
[99.026s][info][gc,heap        ] GC(696) Humongous regions: 6->6
[99.026s][info][gc,metaspace   ] GC(696) Metaspace: 71759K->71759K(1114112K)
[99.026s][info][gc             ] GC(696) Pause Young (Normal) (G1 Evacuation Pause) 282M->51M(387M) 3.242ms
[99.026s][info][gc,cpu         ] GC(696) User=0.00s Sys=0.00s Real=0.00s
[99.140s][info][gc,start       ] GC(697) Pause Young (Normal) (G1 Evacuation Pause)
[99.140s][info][gc,task        ] GC(697) Using 1 workers of 1 for evacuation
[99.144s][info][gc,phases      ] GC(697)   Pre Evacuate Collection Set: 0.0ms
[99.144s][info][gc,phases      ] GC(697)   Evacuate Collection Set: 2.6ms
[99.144s][info][gc,phases      ] GC(697)   Post Evacuate Collection Set: 0.3ms
[99.144s][info][gc,phases      ] GC(697)   Other: 0.3ms
[99.144s][info][gc,heap        ] GC(697) Eden regions: 231->0(231)
[99.144s][info][gc,heap        ] GC(697) Survivor regions: 1->1(29)
[99.144s][info][gc,heap        ] GC(697) Old regions: 46->46
[99.144s][info][gc,heap        ] GC(697) Humongous regions: 6->6
[99.144s][info][gc,metaspace   ] GC(697) Metaspace: 71759K->71759K(1114112K)
[99.144s][info][gc             ] GC(697) Pause Young (Normal) (G1 Evacuation Pause) 282M->51M(387M) 3.250ms
[99.144s][info][gc,cpu         ] GC(697) User=0.01s Sys=0.00s Real=0.00s
[99.270s][info][gc,start       ] GC(698) Pause Young (Normal) (G1 Evacuation Pause)
[99.271s][info][gc,task        ] GC(698) Using 1 workers of 1 for evacuation
[99.274s][info][gc,phases      ] GC(698)   Pre Evacuate Collection Set: 0.0ms
[99.274s][info][gc,phases      ] GC(698)   Evacuate Collection Set: 2.5ms
[99.274s][info][gc,phases      ] GC(698)   Post Evacuate Collection Set: 0.3ms
[99.274s][info][gc,phases      ] GC(698)   Other: 0.3ms
[99.274s][info][gc,heap        ] GC(698) Eden regions: 231->0(231)
[99.274s][info][gc,heap        ] GC(698) Survivor regions: 1->1(29)
[99.274s][info][gc,heap        ] GC(698) Old regions: 46->46
[99.274s][info][gc,heap        ] GC(698) Humongous regions: 11->6
[99.274s][info][gc,metaspace   ] GC(698) Metaspace: 71767K->71767K(1114112K)
[99.274s][info][gc             ] GC(698) Pause Young (Normal) (G1 Evacuation Pause) 287M->51M(387M) 3.228ms
[99.274s][info][gc,cpu         ] GC(698) User=0.01s Sys=0.00s Real=0.00s
[99.382s][info][gc,start       ] GC(699) Pause Young (Normal) (G1 Evacuation Pause)
[99.382s][info][gc,task        ] GC(699) Using 1 workers of 1 for evacuation
[99.385s][info][gc,phases      ] GC(699)   Pre Evacuate Collection Set: 0.0ms
[99.386s][info][gc,phases      ] GC(699)   Evacuate Collection Set: 2.4ms
[99.386s][info][gc,phases      ] GC(699)   Post Evacuate Collection Set: 0.4ms
[99.386s][info][gc,phases      ] GC(699)   Other: 0.4ms
[99.386s][info][gc,heap        ] GC(699) Eden regions: 231->0(231)
[99.386s][info][gc,heap        ] GC(699) Survivor regions: 1->1(29)
[99.386s][info][gc,heap        ] GC(699) Old regions: 46->46
[99.386s][info][gc,heap        ] GC(699) Humongous regions: 6->6
[99.386s][info][gc,metaspace   ] GC(699) Metaspace: 71768K->71768K(1114112K)
[99.386s][info][gc             ] GC(699) Pause Young (Normal) (G1 Evacuation Pause) 282M->51M(387M) 3.137ms
[99.386s][info][gc,cpu         ] GC(699) User=0.01s Sys=0.00s Real=0.00s
[99.494s][info][gc,start       ] GC(700) Pause Young (Normal) (G1 Evacuation Pause)
[99.494s][info][gc,task        ] GC(700) Using 1 workers of 1 for evacuation
[99.497s][info][gc,phases      ] GC(700)   Pre Evacuate Collection Set: 0.0ms
[99.497s][info][gc,phases      ] GC(700)   Evacuate Collection Set: 2.3ms
[99.497s][info][gc,phases      ] GC(700)   Post Evacuate Collection Set: 0.3ms
[99.497s][info][gc,phases      ] GC(700)   Other: 0.3ms
[99.497s][info][gc,heap        ] GC(700) Eden regions: 231->0(231)
[99.497s][info][gc,heap        ] GC(700) Survivor regions: 1->1(29)
[99.497s][info][gc,heap        ] GC(700) Old regions: 46->46
[99.497s][info][gc,heap        ] GC(700) Humongous regions: 6->6
[99.497s][info][gc,metaspace   ] GC(700) Metaspace: 71768K->71768K(1114112K)
[99.497s][info][gc             ] GC(700) Pause Young (Normal) (G1 Evacuation Pause) 282M->51M(387M) 2.892ms
[99.497s][info][gc,cpu         ] GC(700) User=0.00s Sys=0.00s Real=0.00s
[99.601s][info][gc,start       ] GC(701) Pause Young (Normal) (G1 Evacuation Pause)
[99.601s][info][gc,task        ] GC(701) Using 1 workers of 1 for evacuation
[99.604s][info][gc,phases      ] GC(701)   Pre Evacuate Collection Set: 0.0ms
[99.604s][info][gc,phases      ] GC(701)   Evacuate Collection Set: 2.5ms
[99.604s][info][gc,phases      ] GC(701)   Post Evacuate Collection Set: 0.4ms
[99.604s][info][gc,phases      ] GC(701)   Other: 0.3ms
[99.605s][info][gc,heap        ] GC(701) Eden regions: 231->0(231)
[99.605s][info][gc,heap        ] GC(701) Survivor regions: 1->1(29)
[99.605s][info][gc,heap        ] GC(701) Old regions: 46->46
[99.605s][info][gc,heap        ] GC(701) Humongous regions: 6->6
[99.605s][info][gc,metaspace   ] GC(701) Metaspace: 71768K->71768K(1114112K)
[99.605s][info][gc             ] GC(701) Pause Young (Normal) (G1 Evacuation Pause) 282M->51M(387M) 3.247ms
[99.605s][info][gc,cpu         ] GC(701) User=0.00s Sys=0.00s Real=0.00s
[99.716s][info][gc,start       ] GC(702) Pause Young (Normal) (G1 Evacuation Pause)
[99.716s][info][gc,task        ] GC(702) Using 1 workers of 1 for evacuation
[99.720s][info][gc,phases      ] GC(702)   Pre Evacuate Collection Set: 0.0ms
[99.720s][info][gc,phases      ] GC(702)   Evacuate Collection Set: 3.1ms
[99.720s][info][gc,phases      ] GC(702)   Post Evacuate Collection Set: 0.3ms
[99.720s][info][gc,phases      ] GC(702)   Other: 0.6ms
[99.720s][info][gc,heap        ] GC(702) Eden regions: 231->0(231)
[99.720s][info][gc,heap        ] GC(702) Survivor regions: 1->1(29)
[99.720s][info][gc,heap        ] GC(702) Old regions: 46->46
[99.720s][info][gc,heap        ] GC(702) Humongous regions: 6->6
[99.720s][info][gc,metaspace   ] GC(702) Metaspace: 71768K->71768K(1114112K)
[99.720s][info][gc             ] GC(702) Pause Young (Normal) (G1 Evacuation Pause) 282M->51M(387M) 4.087ms
[99.720s][info][gc,cpu         ] GC(702) User=0.01s Sys=0.00s Real=0.01s
[99.833s][info][gc,start       ] GC(703) Pause Young (Normal) (G1 Evacuation Pause)
[99.833s][info][gc,task        ] GC(703) Using 1 workers of 1 for evacuation
[99.836s][info][gc,phases      ] GC(703)   Pre Evacuate Collection Set: 0.0ms
[99.836s][info][gc,phases      ] GC(703)   Evacuate Collection Set: 2.5ms
[99.836s][info][gc,phases      ] GC(703)   Post Evacuate Collection Set: 0.4ms
[99.836s][info][gc,phases      ] GC(703)   Other: 0.3ms
[99.836s][info][gc,heap        ] GC(703) Eden regions: 231->0(231)
[99.836s][info][gc,heap        ] GC(703) Survivor regions: 1->1(29)
[99.836s][info][gc,heap        ] GC(703) Old regions: 46->46
[99.836s][info][gc,heap        ] GC(703) Humongous regions: 6->6
[99.836s][info][gc,metaspace   ] GC(703) Metaspace: 71768K->71768K(1114112K)
[99.836s][info][gc             ] GC(703) Pause Young (Normal) (G1 Evacuation Pause) 282M->51M(387M) 3.279ms
[99.836s][info][gc,cpu         ] GC(703) User=0.00s Sys=0.00s Real=0.00s
[99.945s][info][gc,start       ] GC(704) Pause Young (Normal) (G1 Evacuation Pause)
[99.945s][info][gc,task        ] GC(704) Using 1 workers of 1 for evacuation
[99.948s][info][gc,phases      ] GC(704)   Pre Evacuate Collection Set: 0.0ms
[99.948s][info][gc,phases      ] GC(704)   Evacuate Collection Set: 2.6ms
[99.948s][info][gc,phases      ] GC(704)   Post Evacuate Collection Set: 0.3ms
[99.948s][info][gc,phases      ] GC(704)   Other: 0.3ms
[99.948s][info][gc,heap        ] GC(704) Eden regions: 231->0(231)
[99.948s][info][gc,heap        ] GC(704) Survivor regions: 1->1(29)
[99.948s][info][gc,heap        ] GC(704) Old regions: 46->46
[99.948s][info][gc,heap        ] GC(704) Humongous regions: 6->6
[99.948s][info][gc,metaspace   ] GC(704) Metaspace: 71768K->71768K(1114112K)
[99.948s][info][gc             ] GC(704) Pause Young (Normal) (G1 Evacuation Pause) 282M->51M(387M) 3.230ms
[99.948s][info][gc,cpu         ] GC(704) User=0.00s Sys=0.00s Real=0.00s
[100.099s][info][gc,start       ] GC(705) Pause Young (Normal) (G1 Evacuation Pause)
[100.100s][info][gc,task        ] GC(705) Using 1 workers of 1 for evacuation
[100.103s][info][gc,phases      ] GC(705)   Pre Evacuate Collection Set: 0.0ms
[100.103s][info][gc,phases      ] GC(705)   Evacuate Collection Set: 2.6ms
[100.103s][info][gc,phases      ] GC(705)   Post Evacuate Collection Set: 0.4ms
[100.103s][info][gc,phases      ] GC(705)   Other: 0.3ms
[100.103s][info][gc,heap        ] GC(705) Eden regions: 231->0(231)
[100.103s][info][gc,heap        ] GC(705) Survivor regions: 1->1(29)
[100.103s][info][gc,heap        ] GC(705) Old regions: 46->46
[100.103s][info][gc,heap        ] GC(705) Humongous regions: 11->6
[100.103s][info][gc,metaspace   ] GC(705) Metaspace: 71774K->71774K(1114112K)
[100.103s][info][gc             ] GC(705) Pause Young (Normal) (G1 Evacuation Pause) 287M->51M(387M) 3.377ms
[100.103s][info][gc,cpu         ] GC(705) User=0.00s Sys=0.00s Real=0.00s
[100.216s][info][gc,start       ] GC(706) Pause Young (Normal) (G1 Evacuation Pause)
[100.216s][info][gc,task        ] GC(706) Using 1 workers of 1 for evacuation
[100.219s][info][gc,phases      ] GC(706)   Pre Evacuate Collection Set: 0.0ms
[100.219s][info][gc,phases      ] GC(706)   Evacuate Collection Set: 2.6ms
[100.219s][info][gc,phases      ] GC(706)   Post Evacuate Collection Set: 0.4ms
[100.219s][info][gc,phases      ] GC(706)   Other: 0.5ms
[100.219s][info][gc,heap        ] GC(706) Eden regions: 231->0(231)
[100.219s][info][gc,heap        ] GC(706) Survivor regions: 1->1(29)
[100.219s][info][gc,heap        ] GC(706) Old regions: 46->46
[100.219s][info][gc,heap        ] GC(706) Humongous regions: 6->6
[100.219s][info][gc,metaspace   ] GC(706) Metaspace: 71774K->71774K(1114112K)
[100.219s][info][gc             ] GC(706) Pause Young (Normal) (G1 Evacuation Pause) 282M->51M(387M) 3.488ms
[100.219s][info][gc,cpu         ] GC(706) User=0.01s Sys=0.00s Real=0.01s
[100.328s][info][gc,start       ] GC(707) Pause Young (Normal) (G1 Evacuation Pause)
[100.328s][info][gc,task        ] GC(707) Using 1 workers of 1 for evacuation
[100.331s][info][gc,phases      ] GC(707)   Pre Evacuate Collection Set: 0.0ms
[100.331s][info][gc,phases      ] GC(707)   Evacuate Collection Set: 2.6ms
[100.331s][info][gc,phases      ] GC(707)   Post Evacuate Collection Set: 0.3ms
[100.331s][info][gc,phases      ] GC(707)   Other: 0.3ms
[100.331s][info][gc,heap        ] GC(707) Eden regions: 231->0(231)
[100.331s][info][gc,heap        ] GC(707) Survivor regions: 1->1(29)
[100.331s][info][gc,heap        ] GC(707) Old regions: 46->46
[100.331s][info][gc,heap        ] GC(707) Humongous regions: 6->6
[100.331s][info][gc,metaspace   ] GC(707) Metaspace: 71774K->71774K(1114112K)
[100.331s][info][gc             ] GC(707) Pause Young (Normal) (G1 Evacuation Pause) 282M->51M(387M) 3.262ms
[100.331s][info][gc,cpu         ] GC(707) User=0.01s Sys=0.00s Real=0.01s
[100.440s][info][gc,start       ] GC(708) Pause Young (Normal) (G1 Evacuation Pause)
[100.440s][info][gc,task        ] GC(708) Using 1 workers of 1 for evacuation
[100.443s][info][gc,phases      ] GC(708)   Pre Evacuate Collection Set: 0.0ms
[100.443s][info][gc,phases      ] GC(708)   Evacuate Collection Set: 2.6ms
[100.443s][info][gc,phases      ] GC(708)   Post Evacuate Collection Set: 0.3ms
[100.443s][info][gc,phases      ] GC(708)   Other: 0.3ms
[100.443s][info][gc,heap        ] GC(708) Eden regions: 231->0(231)
[100.443s][info][gc,heap        ] GC(708) Survivor regions: 1->1(29)
[100.443s][info][gc,heap        ] GC(708) Old regions: 46->46
[100.443s][info][gc,heap        ] GC(708) Humongous regions: 6->6
[100.443s][info][gc,metaspace   ] GC(708) Metaspace: 71775K->71775K(1114112K)
[100.443s][info][gc             ] GC(708) Pause Young (Normal) (G1 Evacuation Pause) 282M->51M(387M) 3.300ms
[100.443s][info][gc,cpu         ] GC(708) User=0.00s Sys=0.00s Real=0.00s
[100.564s][info][gc,start       ] GC(709) Pause Young (Normal) (G1 Evacuation Pause)
[100.564s][info][gc,task        ] GC(709) Using 1 workers of 1 for evacuation
[100.567s][info][gc,phases      ] GC(709)   Pre Evacuate Collection Set: 0.0ms
[100.567s][info][gc,phases      ] GC(709)   Evacuate Collection Set: 2.5ms
[100.567s][info][gc,phases      ] GC(709)   Post Evacuate Collection Set: 0.4ms
[100.567s][info][gc,phases      ] GC(709)   Other: 0.3ms
[100.567s][info][gc,heap        ] GC(709) Eden regions: 231->0(231)
[100.567s][info][gc,heap        ] GC(709) Survivor regions: 1->1(29)
[100.567s][info][gc,heap        ] GC(709) Old regions: 46->46
[100.567s][info][gc,heap        ] GC(709) Humongous regions: 6->6
[100.567s][info][gc,metaspace   ] GC(709) Metaspace: 71775K->71775K(1114112K)
[100.567s][info][gc             ] GC(709) Pause Young (Normal) (G1 Evacuation Pause) 282M->51M(387M) 3.210ms
[100.567s][info][gc,cpu         ] GC(709) User=0.00s Sys=0.00s Real=0.00s
[100.672s][info][gc,start       ] GC(710) Pause Young (Normal) (G1 Evacuation Pause)
[100.672s][info][gc,task        ] GC(710) Using 1 workers of 1 for evacuation
[100.676s][info][gc,phases      ] GC(710)   Pre Evacuate Collection Set: 0.0ms
[100.676s][info][gc,phases      ] GC(710)   Evacuate Collection Set: 2.6ms
[100.676s][info][gc,phases      ] GC(710)   Post Evacuate Collection Set: 0.3ms
[100.676s][info][gc,phases      ] GC(710)   Other: 0.3ms
[100.676s][info][gc,heap        ] GC(710) Eden regions: 231->0(231)
[100.676s][info][gc,heap        ] GC(710) Survivor regions: 1->1(29)
[100.676s][info][gc,heap        ] GC(710) Old regions: 46->46
[100.676s][info][gc,heap        ] GC(710) Humongous regions: 6->6
[100.676s][info][gc,metaspace   ] GC(710) Metaspace: 71775K->71775K(1114112K)
[100.676s][info][gc             ] GC(710) Pause Young (Normal) (G1 Evacuation Pause) 282M->51M(387M) 3.286ms
[100.676s][info][gc,cpu         ] GC(710) User=0.00s Sys=0.00s Real=0.00s
[100.786s][info][gc,start       ] GC(711) Pause Young (Normal) (G1 Evacuation Pause)
[100.786s][info][gc,task        ] GC(711) Using 1 workers of 1 for evacuation
[100.789s][info][gc,phases      ] GC(711)   Pre Evacuate Collection Set: 0.0ms
[100.789s][info][gc,phases      ] GC(711)   Evacuate Collection Set: 2.5ms
[100.789s][info][gc,phases      ] GC(711)   Post Evacuate Collection Set: 0.3ms
[100.790s][info][gc,phases      ] GC(711)   Other: 0.3ms
[100.790s][info][gc,heap        ] GC(711) Eden regions: 231->0(231)
[100.790s][info][gc,heap        ] GC(711) Survivor regions: 1->1(29)
[100.790s][info][gc,heap        ] GC(711) Old regions: 46->46
[100.790s][info][gc,heap        ] GC(711) Humongous regions: 6->6
[100.790s][info][gc,metaspace   ] GC(711) Metaspace: 71775K->71775K(1114112K)
[100.790s][info][gc             ] GC(711) Pause Young (Normal) (G1 Evacuation Pause) 282M->51M(387M) 3.218ms
[100.790s][info][gc,cpu         ] GC(711) User=0.00s Sys=0.01s Real=0.01s
[100.900s][info][gc,start       ] GC(712) Pause Young (Normal) (G1 Evacuation Pause)
[100.900s][info][gc,task        ] GC(712) Using 1 workers of 1 for evacuation
[100.903s][info][gc,phases      ] GC(712)   Pre Evacuate Collection Set: 0.0ms
[100.903s][info][gc,phases      ] GC(712)   Evacuate Collection Set: 2.6ms
[100.903s][info][gc,phases      ] GC(712)   Post Evacuate Collection Set: 0.4ms
[100.903s][info][gc,phases      ] GC(712)   Other: 0.3ms
[100.903s][info][gc,heap        ] GC(712) Eden regions: 231->0(231)
[100.903s][info][gc,heap        ] GC(712) Survivor regions: 1->1(29)
[100.903s][info][gc,heap        ] GC(712) Old regions: 46->46
[100.903s][info][gc,heap        ] GC(712) Humongous regions: 6->6
[100.903s][info][gc,metaspace   ] GC(712) Metaspace: 71775K->71775K(1114112K)
[100.903s][info][gc             ] GC(712) Pause Young (Normal) (G1 Evacuation Pause) 282M->51M(387M) 3.334ms
[100.903s][info][gc,cpu         ] GC(712) User=0.00s Sys=0.00s Real=0.00s
[101.010s][info][gc,start       ] GC(713) Pause Young (Normal) (G1 Evacuation Pause)
[101.010s][info][gc,task        ] GC(713) Using 1 workers of 1 for evacuation
[101.013s][info][gc,phases      ] GC(713)   Pre Evacuate Collection Set: 0.0ms
[101.013s][info][gc,phases      ] GC(713)   Evacuate Collection Set: 2.7ms
[101.013s][info][gc,phases      ] GC(713)   Post Evacuate Collection Set: 0.3ms
[101.013s][info][gc,phases      ] GC(713)   Other: 0.3ms
[101.013s][info][gc,heap        ] GC(713) Eden regions: 231->0(231)
[101.013s][info][gc,heap        ] GC(713) Survivor regions: 1->1(29)
[101.013s][info][gc,heap        ] GC(713) Old regions: 46->46
[101.013s][info][gc,heap        ] GC(713) Humongous regions: 6->6
[101.013s][info][gc,metaspace   ] GC(713) Metaspace: 71775K->71775K(1114112K)
[101.013s][info][gc             ] GC(713) Pause Young (Normal) (G1 Evacuation Pause) 282M->51M(387M) 3.353ms
[101.013s][info][gc,cpu         ] GC(713) User=0.00s Sys=0.00s Real=0.00s
[101.144s][info][gc,start       ] GC(714) Pause Young (Normal) (G1 Evacuation Pause)
[101.144s][info][gc,task        ] GC(714) Using 1 workers of 1 for evacuation
[101.155s][info][gc,phases      ] GC(714)   Pre Evacuate Collection Set: 0.0ms
[101.155s][info][gc,phases      ] GC(714)   Evacuate Collection Set: 10.7ms
[101.155s][info][gc,phases      ] GC(714)   Post Evacuate Collection Set: 0.4ms
[101.155s][info][gc,phases      ] GC(714)   Other: 0.4ms
[101.155s][info][gc,heap        ] GC(714) Eden regions: 231->0(231)
[101.155s][info][gc,heap        ] GC(714) Survivor regions: 1->1(29)
[101.155s][info][gc,heap        ] GC(714) Old regions: 46->46
[101.155s][info][gc,heap        ] GC(714) Humongous regions: 11->6
[101.155s][info][gc,metaspace   ] GC(714) Metaspace: 71796K->71796K(1114112K)
[101.155s][info][gc             ] GC(714) Pause Young (Normal) (G1 Evacuation Pause) 287M->51M(387M) 11.596ms
[101.155s][info][gc,cpu         ] GC(714) User=0.01s Sys=0.00s Real=0.01s
[101.270s][info][gc,start       ] GC(715) Pause Young (Normal) (G1 Evacuation Pause)
[101.270s][info][gc,task        ] GC(715) Using 1 workers of 1 for evacuation
[101.273s][info][gc,phases      ] GC(715)   Pre Evacuate Collection Set: 0.0ms
[101.273s][info][gc,phases      ] GC(715)   Evacuate Collection Set: 2.4ms
[101.273s][info][gc,phases      ] GC(715)   Post Evacuate Collection Set: 0.3ms
[101.273s][info][gc,phases      ] GC(715)   Other: 0.3ms
[101.273s][info][gc,heap        ] GC(715) Eden regions: 231->0(231)
[101.273s][info][gc,heap        ] GC(715) Survivor regions: 1->1(29)
[101.273s][info][gc,heap        ] GC(715) Old regions: 46->46
[101.273s][info][gc,heap        ] GC(715) Humongous regions: 6->6
[101.273s][info][gc,metaspace   ] GC(715) Metaspace: 71808K->71808K(1114112K)
[101.273s][info][gc             ] GC(715) Pause Young (Normal) (G1 Evacuation Pause) 282M->51M(387M) 3.065ms
[101.273s][info][gc,cpu         ] GC(715) User=0.00s Sys=0.00s Real=0.00s
[101.380s][info][gc,start       ] GC(716) Pause Young (Normal) (G1 Evacuation Pause)
[101.381s][info][gc,task        ] GC(716) Using 1 workers of 1 for evacuation
[101.383s][info][gc,phases      ] GC(716)   Pre Evacuate Collection Set: 0.0ms
[101.384s][info][gc,phases      ] GC(716)   Evacuate Collection Set: 2.4ms
[101.384s][info][gc,phases      ] GC(716)   Post Evacuate Collection Set: 0.3ms
[101.384s][info][gc,phases      ] GC(716)   Other: 0.3ms
[101.384s][info][gc,heap        ] GC(716) Eden regions: 231->0(231)
[101.384s][info][gc,heap        ] GC(716) Survivor regions: 1->1(29)
[101.384s][info][gc,heap        ] GC(716) Old regions: 46->46
[101.384s][info][gc,heap        ] GC(716) Humongous regions: 6->6
[101.384s][info][gc,metaspace   ] GC(716) Metaspace: 71808K->71808K(1114112K)
[101.384s][info][gc             ] GC(716) Pause Young (Normal) (G1 Evacuation Pause) 282M->51M(387M) 3.109ms
[101.384s][info][gc,cpu         ] GC(716) User=0.00s Sys=0.00s Real=0.00s
[101.492s][info][gc,start       ] GC(717) Pause Young (Normal) (G1 Evacuation Pause)
[101.492s][info][gc,task        ] GC(717) Using 1 workers of 1 for evacuation
[101.495s][info][gc,phases      ] GC(717)   Pre Evacuate Collection Set: 0.0ms
[101.495s][info][gc,phases      ] GC(717)   Evacuate Collection Set: 2.4ms
[101.495s][info][gc,phases      ] GC(717)   Post Evacuate Collection Set: 0.3ms
[101.495s][info][gc,phases      ] GC(717)   Other: 0.3ms
[101.495s][info][gc,heap        ] GC(717) Eden regions: 231->0(231)
[101.495s][info][gc,heap        ] GC(717) Survivor regions: 1->1(29)
[101.495s][info][gc,heap        ] GC(717) Old regions: 46->46
[101.495s][info][gc,heap        ] GC(717) Humongous regions: 6->6
[101.495s][info][gc,metaspace   ] GC(717) Metaspace: 71808K->71808K(1114112K)
[101.495s][info][gc             ] GC(717) Pause Young (Normal) (G1 Evacuation Pause) 282M->51M(387M) 3.109ms
[101.495s][info][gc,cpu         ] GC(717) User=0.00s Sys=0.00s Real=0.00s
[101.604s][info][gc,start       ] GC(718) Pause Young (Normal) (G1 Evacuation Pause)
[101.604s][info][gc,task        ] GC(718) Using 1 workers of 1 for evacuation
[101.608s][info][gc,phases      ] GC(718)   Pre Evacuate Collection Set: 0.0ms
[101.608s][info][gc,phases      ] GC(718)   Evacuate Collection Set: 3.7ms
[101.608s][info][gc,phases      ] GC(718)   Post Evacuate Collection Set: 0.4ms
[101.608s][info][gc,phases      ] GC(718)   Other: 0.3ms
[101.608s][info][gc,heap        ] GC(718) Eden regions: 231->0(231)
[101.608s][info][gc,heap        ] GC(718) Survivor regions: 1->1(29)
[101.608s][info][gc,heap        ] GC(718) Old regions: 46->46
[101.608s][info][gc,heap        ] GC(718) Humongous regions: 6->6
[101.608s][info][gc,metaspace   ] GC(718) Metaspace: 71808K->71808K(1114112K)
[101.608s][info][gc             ] GC(718) Pause Young (Normal) (G1 Evacuation Pause) 282M->51M(387M) 4.470ms
[101.608s][info][gc,cpu         ] GC(718) User=0.01s Sys=0.00s Real=0.00s
[101.717s][info][gc,start       ] GC(719) Pause Young (Normal) (G1 Evacuation Pause)
[101.717s][info][gc,task        ] GC(719) Using 1 workers of 1 for evacuation
[101.720s][info][gc,phases      ] GC(719)   Pre Evacuate Collection Set: 0.0ms
[101.720s][info][gc,phases      ] GC(719)   Evacuate Collection Set: 2.5ms
[101.720s][info][gc,phases      ] GC(719)   Post Evacuate Collection Set: 0.3ms
[101.720s][info][gc,phases      ] GC(719)   Other: 0.3ms
[101.720s][info][gc,heap        ] GC(719) Eden regions: 231->0(231)
[101.720s][info][gc,heap        ] GC(719) Survivor regions: 1->1(29)
[101.720s][info][gc,heap        ] GC(719) Old regions: 46->46
[101.720s][info][gc,heap        ] GC(719) Humongous regions: 6->6
[101.720s][info][gc,metaspace   ] GC(719) Metaspace: 71808K->71808K(1114112K)
[101.720s][info][gc             ] GC(719) Pause Young (Normal) (G1 Evacuation Pause) 282M->51M(387M) 3.130ms
[101.720s][info][gc,cpu         ] GC(719) User=0.00s Sys=0.00s Real=0.01s
[101.833s][info][gc,start       ] GC(720) Pause Young (Normal) (G1 Evacuation Pause)
[101.833s][info][gc,task        ] GC(720) Using 1 workers of 1 for evacuation
[101.836s][info][gc,phases      ] GC(720)   Pre Evacuate Collection Set: 0.0ms
[101.836s][info][gc,phases      ] GC(720)   Evacuate Collection Set: 2.6ms
[101.836s][info][gc,phases      ] GC(720)   Post Evacuate Collection Set: 0.3ms
[101.836s][info][gc,phases      ] GC(720)   Other: 0.3ms
[101.836s][info][gc,heap        ] GC(720) Eden regions: 231->0(231)
[101.836s][info][gc,heap        ] GC(720) Survivor regions: 1->1(29)
[101.836s][info][gc,heap        ] GC(720) Old regions: 46->46
[101.836s][info][gc,heap        ] GC(720) Humongous regions: 6->6
[101.836s][info][gc,metaspace   ] GC(720) Metaspace: 71808K->71808K(1114112K)
[101.836s][info][gc             ] GC(720) Pause Young (Normal) (G1 Evacuation Pause) 282M->51M(387M) 3.294ms
[101.836s][info][gc,cpu         ] GC(720) User=0.00s Sys=0.00s Real=0.00s
[101.944s][info][gc,start       ] GC(721) Pause Young (Normal) (G1 Evacuation Pause)
[101.944s][info][gc,task        ] GC(721) Using 1 workers of 1 for evacuation
[101.947s][info][gc,phases      ] GC(721)   Pre Evacuate Collection Set: 0.0ms
[101.947s][info][gc,phases      ] GC(721)   Evacuate Collection Set: 2.6ms
[101.947s][info][gc,phases      ] GC(721)   Post Evacuate Collection Set: 0.3ms
[101.947s][info][gc,phases      ] GC(721)   Other: 0.3ms
[101.947s][info][gc,heap        ] GC(721) Eden regions: 231->0(231)
[101.947s][info][gc,heap        ] GC(721) Survivor regions: 1->1(29)
[101.947s][info][gc,heap        ] GC(721) Old regions: 46->46
[101.947s][info][gc,heap        ] GC(721) Humongous regions: 6->6
[101.947s][info][gc,metaspace   ] GC(721) Metaspace: 71808K->71808K(1114112K)
[101.947s][info][gc             ] GC(721) Pause Young (Normal) (G1 Evacuation Pause) 282M->51M(387M) 3.274ms
[101.947s][info][gc,cpu         ] GC(721) User=0.01s Sys=0.00s Real=0.00s
[102.075s][info][gc,start       ] GC(722) Pause Young (Normal) (G1 Evacuation Pause)
[102.075s][info][gc,task        ] GC(722) Using 1 workers of 1 for evacuation
[102.079s][info][gc,phases      ] GC(722)   Pre Evacuate Collection Set: 0.0ms
[102.079s][info][gc,phases      ] GC(722)   Evacuate Collection Set: 2.8ms
[102.079s][info][gc,phases      ] GC(722)   Post Evacuate Collection Set: 0.3ms
[102.079s][info][gc,phases      ] GC(722)   Other: 0.4ms
[102.079s][info][gc,heap        ] GC(722) Eden regions: 231->0(231)
[102.079s][info][gc,heap        ] GC(722) Survivor regions: 1->1(29)
[102.079s][info][gc,heap        ] GC(722) Old regions: 46->46
[102.079s][info][gc,heap        ] GC(722) Humongous regions: 11->6
[102.079s][info][gc,metaspace   ] GC(722) Metaspace: 71817K->71817K(1114112K)
[102.079s][info][gc             ] GC(722) Pause Young (Normal) (G1 Evacuation Pause) 287M->51M(387M) 3.557ms
[102.079s][info][gc,cpu         ] GC(722) User=0.01s Sys=0.00s Real=0.01s
[102.186s][info][gc,start       ] GC(723) Pause Young (Normal) (G1 Evacuation Pause)
[102.186s][info][gc,task        ] GC(723) Using 1 workers of 1 for evacuation
[102.189s][info][gc,phases      ] GC(723)   Pre Evacuate Collection Set: 0.0ms
[102.189s][info][gc,phases      ] GC(723)   Evacuate Collection Set: 2.6ms
[102.189s][info][gc,phases      ] GC(723)   Post Evacuate Collection Set: 0.3ms
[102.189s][info][gc,phases      ] GC(723)   Other: 0.3ms
[102.189s][info][gc,heap        ] GC(723) Eden regions: 231->0(231)
[102.189s][info][gc,heap        ] GC(723) Survivor regions: 1->1(29)
[102.189s][info][gc,heap        ] GC(723) Old regions: 46->46
[102.189s][info][gc,heap        ] GC(723) Humongous regions: 6->6
[102.189s][info][gc,metaspace   ] GC(723) Metaspace: 71817K->71817K(1114112K)
[102.189s][info][gc             ] GC(723) Pause Young (Normal) (G1 Evacuation Pause) 282M->51M(387M) 3.289ms
[102.189s][info][gc,cpu         ] GC(723) User=0.01s Sys=0.00s Real=0.00s
[102.295s][info][gc,start       ] GC(724) Pause Young (Normal) (G1 Evacuation Pause)
[102.295s][info][gc,task        ] GC(724) Using 1 workers of 1 for evacuation
[102.299s][info][gc,phases      ] GC(724)   Pre Evacuate Collection Set: 0.0ms
[102.299s][info][gc,phases      ] GC(724)   Evacuate Collection Set: 2.6ms
[102.299s][info][gc,phases      ] GC(724)   Post Evacuate Collection Set: 0.4ms
[102.299s][info][gc,phases      ] GC(724)   Other: 0.3ms
[102.299s][info][gc,heap        ] GC(724) Eden regions: 231->0(231)
[102.299s][info][gc,heap        ] GC(724) Survivor regions: 1->1(29)
[102.299s][info][gc,heap        ] GC(724) Old regions: 46->46
[102.299s][info][gc,heap        ] GC(724) Humongous regions: 6->6
[102.299s][info][gc,metaspace   ] GC(724) Metaspace: 71817K->71817K(1114112K)
[102.299s][info][gc             ] GC(724) Pause Young (Normal) (G1 Evacuation Pause) 282M->51M(387M) 3.332ms
[102.299s][info][gc,cpu         ] GC(724) User=0.01s Sys=0.00s Real=0.01s
[102.407s][info][gc,start       ] GC(725) Pause Young (Normal) (G1 Evacuation Pause)
[102.407s][info][gc,task        ] GC(725) Using 1 workers of 1 for evacuation
[102.410s][info][gc,phases      ] GC(725)   Pre Evacuate Collection Set: 0.0ms
[102.410s][info][gc,phases      ] GC(725)   Evacuate Collection Set: 2.7ms
[102.410s][info][gc,phases      ] GC(725)   Post Evacuate Collection Set: 0.3ms
[102.410s][info][gc,phases      ] GC(725)   Other: 0.3ms
[102.410s][info][gc,heap        ] GC(725) Eden regions: 231->0(231)
[102.410s][info][gc,heap        ] GC(725) Survivor regions: 1->1(29)
[102.410s][info][gc,heap        ] GC(725) Old regions: 46->46
[102.410s][info][gc,heap        ] GC(725) Humongous regions: 6->6
[102.410s][info][gc,metaspace   ] GC(725) Metaspace: 71817K->71817K(1114112K)
[102.410s][info][gc             ] GC(725) Pause Young (Normal) (G1 Evacuation Pause) 282M->51M(387M) 3.346ms
[102.411s][info][gc,cpu         ] GC(725) User=0.01s Sys=0.00s Real=0.01s
[102.518s][info][gc,start       ] GC(726) Pause Young (Normal) (G1 Evacuation Pause)
[102.518s][info][gc,task        ] GC(726) Using 1 workers of 1 for evacuation
[102.522s][info][gc,phases      ] GC(726)   Pre Evacuate Collection Set: 0.0ms
[102.522s][info][gc,phases      ] GC(726)   Evacuate Collection Set: 2.6ms
[102.522s][info][gc,phases      ] GC(726)   Post Evacuate Collection Set: 0.3ms
[102.522s][info][gc,phases      ] GC(726)   Other: 0.3ms
[102.522s][info][gc,heap        ] GC(726) Eden regions: 231->0(231)
[102.522s][info][gc,heap        ] GC(726) Survivor regions: 1->1(29)
[102.522s][info][gc,heap        ] GC(726) Old regions: 46->46
[102.522s][info][gc,heap        ] GC(726) Humongous regions: 6->6
[102.522s][info][gc,metaspace   ] GC(726) Metaspace: 71817K->71817K(1114112K)
[102.522s][info][gc             ] GC(726) Pause Young (Normal) (G1 Evacuation Pause) 282M->51M(387M) 3.219ms
[102.522s][info][gc,cpu         ] GC(726) User=0.01s Sys=0.00s Real=0.00s
[102.627s][info][gc,start       ] GC(727) Pause Young (Normal) (G1 Evacuation Pause)
[102.627s][info][gc,task        ] GC(727) Using 1 workers of 1 for evacuation
[102.630s][info][gc,phases      ] GC(727)   Pre Evacuate Collection Set: 0.0ms
[102.630s][info][gc,phases      ] GC(727)   Evacuate Collection Set: 2.6ms
[102.630s][info][gc,phases      ] GC(727)   Post Evacuate Collection Set: 0.3ms
[102.630s][info][gc,phases      ] GC(727)   Other: 0.3ms
[102.630s][info][gc,heap        ] GC(727) Eden regions: 231->0(231)
[102.630s][info][gc,heap        ] GC(727) Survivor regions: 1->1(29)
[102.630s][info][gc,heap        ] GC(727) Old regions: 46->46
[102.630s][info][gc,heap        ] GC(727) Humongous regions: 6->6
[102.630s][info][gc,metaspace   ] GC(727) Metaspace: 71817K->71817K(1114112K)
[102.630s][info][gc             ] GC(727) Pause Young (Normal) (G1 Evacuation Pause) 282M->51M(387M) 3.243ms
[102.630s][info][gc,cpu         ] GC(727) User=0.01s Sys=0.00s Real=0.01s
[102.740s][info][gc,start       ] GC(728) Pause Young (Normal) (G1 Evacuation Pause)
[102.740s][info][gc,task        ] GC(728) Using 1 workers of 1 for evacuation
[102.744s][info][gc,phases      ] GC(728)   Pre Evacuate Collection Set: 0.0ms
[102.744s][info][gc,phases      ] GC(728)   Evacuate Collection Set: 2.9ms
[102.744s][info][gc,phases      ] GC(728)   Post Evacuate Collection Set: 0.3ms
[102.744s][info][gc,phases      ] GC(728)   Other: 0.4ms
[102.744s][info][gc,heap        ] GC(728) Eden regions: 231->0(231)
[102.744s][info][gc,heap        ] GC(728) Survivor regions: 1->1(29)
[102.744s][info][gc,heap        ] GC(728) Old regions: 46->46
[102.744s][info][gc,heap        ] GC(728) Humongous regions: 6->6
[102.744s][info][gc,metaspace   ] GC(728) Metaspace: 71817K->71817K(1114112K)
[102.744s][info][gc             ] GC(728) Pause Young (Normal) (G1 Evacuation Pause) 282M->51M(387M) 3.675ms
[102.744s][info][gc,cpu         ] GC(728) User=0.00s Sys=0.00s Real=0.00s
[102.851s][info][gc,start       ] GC(729) Pause Young (Normal) (G1 Evacuation Pause)
[102.851s][info][gc,task        ] GC(729) Using 1 workers of 1 for evacuation
[102.854s][info][gc,phases      ] GC(729)   Pre Evacuate Collection Set: 0.0ms
[102.854s][info][gc,phases      ] GC(729)   Evacuate Collection Set: 2.6ms
[102.854s][info][gc,phases      ] GC(729)   Post Evacuate Collection Set: 0.3ms
[102.854s][info][gc,phases      ] GC(729)   Other: 0.3ms
[102.854s][info][gc,heap        ] GC(729) Eden regions: 231->0(231)
[102.854s][info][gc,heap        ] GC(729) Survivor regions: 1->1(29)
[102.854s][info][gc,heap        ] GC(729) Old regions: 46->47
[102.854s][info][gc,heap        ] GC(729) Humongous regions: 6->6
[102.854s][info][gc,metaspace   ] GC(729) Metaspace: 71817K->71817K(1114112K)
[102.854s][info][gc             ] GC(729) Pause Young (Normal) (G1 Evacuation Pause) 282M->51M(387M) 3.372ms
[102.854s][info][gc,cpu         ] GC(729) User=0.00s Sys=0.00s Real=0.00s
[102.987s][info][gc,start       ] GC(730) Pause Young (Normal) (G1 Evacuation Pause)
[102.987s][info][gc,task        ] GC(730) Using 1 workers of 1 for evacuation
[102.990s][info][gc,phases      ] GC(730)   Pre Evacuate Collection Set: 0.0ms
[102.990s][info][gc,phases      ] GC(730)   Evacuate Collection Set: 2.5ms
[102.990s][info][gc,phases      ] GC(730)   Post Evacuate Collection Set: 0.3ms
[102.990s][info][gc,phases      ] GC(730)   Other: 0.3ms
[102.990s][info][gc,heap        ] GC(730) Eden regions: 231->0(231)
[102.990s][info][gc,heap        ] GC(730) Survivor regions: 1->1(29)
[102.990s][info][gc,heap        ] GC(730) Old regions: 47->47
[102.990s][info][gc,heap        ] GC(730) Humongous regions: 11->6
[102.990s][info][gc,metaspace   ] GC(730) Metaspace: 71834K->71834K(1114112K)
[102.990s][info][gc             ] GC(730) Pause Young (Normal) (G1 Evacuation Pause) 287M->51M(387M) 3.143ms
[102.990s][info][gc,cpu         ] GC(730) User=0.01s Sys=0.00s Real=0.00s
[103.109s][info][gc,start       ] GC(731) Pause Young (Normal) (G1 Evacuation Pause)
[103.109s][info][gc,task        ] GC(731) Using 1 workers of 1 for evacuation
[103.112s][info][gc,phases      ] GC(731)   Pre Evacuate Collection Set: 0.0ms
[103.112s][info][gc,phases      ] GC(731)   Evacuate Collection Set: 2.4ms
[103.112s][info][gc,phases      ] GC(731)   Post Evacuate Collection Set: 0.3ms
[103.112s][info][gc,phases      ] GC(731)   Other: 0.3ms
[103.112s][info][gc,heap        ] GC(731) Eden regions: 231->0(231)
[103.112s][info][gc,heap        ] GC(731) Survivor regions: 1->1(29)
[103.112s][info][gc,heap        ] GC(731) Old regions: 47->47
[103.112s][info][gc,heap        ] GC(731) Humongous regions: 6->6
[103.112s][info][gc,metaspace   ] GC(731) Metaspace: 71846K->71846K(1114112K)
[103.112s][info][gc             ] GC(731) Pause Young (Normal) (G1 Evacuation Pause) 282M->51M(387M) 3.172ms
[103.112s][info][gc,cpu         ] GC(731) User=0.01s Sys=0.00s Real=0.01s
[103.230s][info][gc,start       ] GC(732) Pause Young (Normal) (G1 Evacuation Pause)
[103.230s][info][gc,task        ] GC(732) Using 1 workers of 1 for evacuation
[103.233s][info][gc,phases      ] GC(732)   Pre Evacuate Collection Set: 0.0ms
[103.234s][info][gc,phases      ] GC(732)   Evacuate Collection Set: 3.1ms
[103.234s][info][gc,phases      ] GC(732)   Post Evacuate Collection Set: 0.4ms
[103.234s][info][gc,phases      ] GC(732)   Other: 0.4ms
[103.234s][info][gc,heap        ] GC(732) Eden regions: 231->0(231)
[103.234s][info][gc,heap        ] GC(732) Survivor regions: 1->1(29)
[103.234s][info][gc,heap        ] GC(732) Old regions: 47->47
[103.234s][info][gc,heap        ] GC(732) Humongous regions: 6->6
[103.234s][info][gc,metaspace   ] GC(732) Metaspace: 71846K->71846K(1114112K)
[103.234s][info][gc             ] GC(732) Pause Young (Normal) (G1 Evacuation Pause) 282M->51M(387M) 4.059ms
[103.234s][info][gc,cpu         ] GC(732) User=0.00s Sys=0.00s Real=0.00s
[103.343s][info][gc,start       ] GC(733) Pause Young (Normal) (G1 Evacuation Pause)
[103.343s][info][gc,task        ] GC(733) Using 1 workers of 1 for evacuation
[103.346s][info][gc,phases      ] GC(733)   Pre Evacuate Collection Set: 0.0ms
[103.346s][info][gc,phases      ] GC(733)   Evacuate Collection Set: 2.5ms
[103.346s][info][gc,phases      ] GC(733)   Post Evacuate Collection Set: 0.3ms
[103.346s][info][gc,phases      ] GC(733)   Other: 0.3ms
[103.346s][info][gc,heap        ] GC(733) Eden regions: 231->0(231)
[103.346s][info][gc,heap        ] GC(733) Survivor regions: 1->1(29)
[103.346s][info][gc,heap        ] GC(733) Old regions: 47->47
[103.346s][info][gc,heap        ] GC(733) Humongous regions: 6->6
[103.346s][info][gc,metaspace   ] GC(733) Metaspace: 71846K->71846K(1114112K)
[103.346s][info][gc             ] GC(733) Pause Young (Normal) (G1 Evacuation Pause) 282M->51M(387M) 3.101ms
[103.347s][info][gc,cpu         ] GC(733) User=0.00s Sys=0.00s Real=0.00s
[103.453s][info][gc,start       ] GC(734) Pause Young (Normal) (G1 Evacuation Pause)
[103.453s][info][gc,task        ] GC(734) Using 1 workers of 1 for evacuation
[103.457s][info][gc,phases      ] GC(734)   Pre Evacuate Collection Set: 0.0ms
[103.457s][info][gc,phases      ] GC(734)   Evacuate Collection Set: 2.7ms
[103.457s][info][gc,phases      ] GC(734)   Post Evacuate Collection Set: 0.3ms
[103.457s][info][gc,phases      ] GC(734)   Other: 0.4ms
[103.457s][info][gc,heap        ] GC(734) Eden regions: 231->0(231)
[103.457s][info][gc,heap        ] GC(734) Survivor regions: 1->1(29)
[103.457s][info][gc,heap        ] GC(734) Old regions: 47->47
[103.457s][info][gc,heap        ] GC(734) Humongous regions: 6->6
[103.457s][info][gc,metaspace   ] GC(734) Metaspace: 71846K->71846K(1114112K)
[103.457s][info][gc             ] GC(734) Pause Young (Normal) (G1 Evacuation Pause) 282M->51M(387M) 3.473ms
[103.457s][info][gc,cpu         ] GC(734) User=0.00s Sys=0.00s Real=0.00s
[103.563s][info][gc,start       ] GC(735) Pause Young (Normal) (G1 Evacuation Pause)
[103.563s][info][gc,task        ] GC(735) Using 1 workers of 1 for evacuation
[103.566s][info][gc,phases      ] GC(735)   Pre Evacuate Collection Set: 0.0ms
[103.566s][info][gc,phases      ] GC(735)   Evacuate Collection Set: 2.5ms
[103.566s][info][gc,phases      ] GC(735)   Post Evacuate Collection Set: 0.3ms
[103.566s][info][gc,phases      ] GC(735)   Other: 0.3ms
[103.566s][info][gc,heap        ] GC(735) Eden regions: 231->0(231)
[103.566s][info][gc,heap        ] GC(735) Survivor regions: 1->1(29)
[103.566s][info][gc,heap        ] GC(735) Old regions: 47->47
[103.566s][info][gc,heap        ] GC(735) Humongous regions: 6->6
[103.566s][info][gc,metaspace   ] GC(735) Metaspace: 71846K->71846K(1114112K)
[103.567s][info][gc             ] GC(735) Pause Young (Normal) (G1 Evacuation Pause) 282M->51M(387M) 3.250ms
[103.567s][info][gc,cpu         ] GC(735) User=0.00s Sys=0.00s Real=0.00s
[103.677s][info][gc,start       ] GC(736) Pause Young (Normal) (G1 Evacuation Pause)
[103.677s][info][gc,task        ] GC(736) Using 1 workers of 1 for evacuation
[103.680s][info][gc,phases      ] GC(736)   Pre Evacuate Collection Set: 0.0ms
[103.680s][info][gc,phases      ] GC(736)   Evacuate Collection Set: 2.7ms
[103.680s][info][gc,phases      ] GC(736)   Post Evacuate Collection Set: 0.4ms
[103.680s][info][gc,phases      ] GC(736)   Other: 0.4ms
[103.680s][info][gc,heap        ] GC(736) Eden regions: 231->0(231)
[103.680s][info][gc,heap        ] GC(736) Survivor regions: 1->1(29)
[103.680s][info][gc,heap        ] GC(736) Old regions: 47->47
[103.680s][info][gc,heap        ] GC(736) Humongous regions: 6->6
[103.680s][info][gc,metaspace   ] GC(736) Metaspace: 71846K->71846K(1114112K)
[103.680s][info][gc             ] GC(736) Pause Young (Normal) (G1 Evacuation Pause) 282M->51M(387M) 3.528ms
[103.680s][info][gc,cpu         ] GC(736) User=0.01s Sys=0.00s Real=0.01s
[103.800s][info][gc,start       ] GC(737) Pause Young (Normal) (G1 Evacuation Pause)
[103.800s][info][gc,task        ] GC(737) Using 1 workers of 1 for evacuation
[103.804s][info][gc,phases      ] GC(737)   Pre Evacuate Collection Set: 0.0ms
[103.804s][info][gc,phases      ] GC(737)   Evacuate Collection Set: 2.7ms
[103.804s][info][gc,phases      ] GC(737)   Post Evacuate Collection Set: 0.3ms
[103.804s][info][gc,phases      ] GC(737)   Other: 0.3ms
[103.804s][info][gc,heap        ] GC(737) Eden regions: 231->0(231)
[103.804s][info][gc,heap        ] GC(737) Survivor regions: 1->1(29)
[103.804s][info][gc,heap        ] GC(737) Old regions: 47->47
[103.804s][info][gc,heap        ] GC(737) Humongous regions: 6->6
[103.804s][info][gc,metaspace   ] GC(737) Metaspace: 71846K->71846K(1114112K)
[103.804s][info][gc             ] GC(737) Pause Young (Normal) (G1 Evacuation Pause) 282M->51M(387M) 3.432ms
[103.804s][info][gc,cpu         ] GC(737) User=0.00s Sys=0.00s Real=0.00s
[103.943s][info][gc,start       ] GC(738) Pause Young (Normal) (G1 Evacuation Pause)
[103.943s][info][gc,task        ] GC(738) Using 1 workers of 1 for evacuation
[103.947s][info][gc,phases      ] GC(738)   Pre Evacuate Collection Set: 0.0ms
[103.947s][info][gc,phases      ] GC(738)   Evacuate Collection Set: 2.9ms
[103.947s][info][gc,phases      ] GC(738)   Post Evacuate Collection Set: 0.3ms
[103.947s][info][gc,phases      ] GC(738)   Other: 0.3ms
[103.947s][info][gc,heap        ] GC(738) Eden regions: 231->0(231)
[103.947s][info][gc,heap        ] GC(738) Survivor regions: 1->1(29)
[103.947s][info][gc,heap        ] GC(738) Old regions: 47->47
[103.947s][info][gc,heap        ] GC(738) Humongous regions: 11->6
[103.947s][info][gc,metaspace   ] GC(738) Metaspace: 71886K->71886K(1114112K)
[103.947s][info][gc             ] GC(738) Pause Young (Normal) (G1 Evacuation Pause) 287M->51M(387M) 3.569ms
[103.947s][info][gc,cpu         ] GC(738) User=0.00s Sys=0.00s Real=0.00s
[104.055s][info][gc,start       ] GC(739) Pause Young (Normal) (G1 Evacuation Pause)
[104.055s][info][gc,task        ] GC(739) Using 1 workers of 1 for evacuation
[104.058s][info][gc,phases      ] GC(739)   Pre Evacuate Collection Set: 0.0ms
[104.058s][info][gc,phases      ] GC(739)   Evacuate Collection Set: 2.7ms
[104.058s][info][gc,phases      ] GC(739)   Post Evacuate Collection Set: 0.3ms
[104.058s][info][gc,phases      ] GC(739)   Other: 0.3ms
[104.058s][info][gc,heap        ] GC(739) Eden regions: 231->0(231)
[104.058s][info][gc,heap        ] GC(739) Survivor regions: 1->1(29)
[104.058s][info][gc,heap        ] GC(739) Old regions: 47->47
[104.058s][info][gc,heap        ] GC(739) Humongous regions: 6->6
[104.058s][info][gc,metaspace   ] GC(739) Metaspace: 71889K->71889K(1114112K)
[104.058s][info][gc             ] GC(739) Pause Young (Normal) (G1 Evacuation Pause) 282M->51M(387M) 3.354ms
[104.058s][info][gc,cpu         ] GC(739) User=0.00s Sys=0.00s Real=0.01s
[104.163s][info][gc,start       ] GC(740) Pause Young (Normal) (G1 Evacuation Pause)
[104.163s][info][gc,task        ] GC(740) Using 1 workers of 1 for evacuation
[104.167s][info][gc,phases      ] GC(740)   Pre Evacuate Collection Set: 0.0ms
[104.167s][info][gc,phases      ] GC(740)   Evacuate Collection Set: 2.6ms
[104.167s][info][gc,phases      ] GC(740)   Post Evacuate Collection Set: 0.3ms
[104.167s][info][gc,phases      ] GC(740)   Other: 0.3ms
[104.167s][info][gc,heap        ] GC(740) Eden regions: 231->0(231)
[104.167s][info][gc,heap        ] GC(740) Survivor regions: 1->1(29)
[104.167s][info][gc,heap        ] GC(740) Old regions: 47->47
[104.167s][info][gc,heap        ] GC(740) Humongous regions: 6->6
[104.167s][info][gc,metaspace   ] GC(740) Metaspace: 71889K->71889K(1114112K)
[104.167s][info][gc             ] GC(740) Pause Young (Normal) (G1 Evacuation Pause) 282M->51M(387M) 3.311ms
[104.167s][info][gc,cpu         ] GC(740) User=0.00s Sys=0.00s Real=0.00s
[104.274s][info][gc,start       ] GC(741) Pause Young (Normal) (G1 Evacuation Pause)
[104.274s][info][gc,task        ] GC(741) Using 1 workers of 1 for evacuation
[104.277s][info][gc,phases      ] GC(741)   Pre Evacuate Collection Set: 0.0ms
[104.277s][info][gc,phases      ] GC(741)   Evacuate Collection Set: 2.7ms
[104.277s][info][gc,phases      ] GC(741)   Post Evacuate Collection Set: 0.3ms
[104.277s][info][gc,phases      ] GC(741)   Other: 0.3ms
[104.277s][info][gc,heap        ] GC(741) Eden regions: 231->0(231)
[104.277s][info][gc,heap        ] GC(741) Survivor regions: 1->1(29)
[104.277s][info][gc,heap        ] GC(741) Old regions: 47->47
[104.277s][info][gc,heap        ] GC(741) Humongous regions: 6->6
[104.277s][info][gc,metaspace   ] GC(741) Metaspace: 71889K->71889K(1114112K)
[104.277s][info][gc             ] GC(741) Pause Young (Normal) (G1 Evacuation Pause) 282M->51M(387M) 3.329ms
[104.277s][info][gc,cpu         ] GC(741) User=0.00s Sys=0.00s Real=0.00s
[104.386s][info][gc,start       ] GC(742) Pause Young (Normal) (G1 Evacuation Pause)
[104.386s][info][gc,task        ] GC(742) Using 1 workers of 1 for evacuation
[104.389s][info][gc,phases      ] GC(742)   Pre Evacuate Collection Set: 0.0ms
[104.389s][info][gc,phases      ] GC(742)   Evacuate Collection Set: 2.7ms
[104.389s][info][gc,phases      ] GC(742)   Post Evacuate Collection Set: 0.3ms
[104.389s][info][gc,phases      ] GC(742)   Other: 0.3ms
[104.389s][info][gc,heap        ] GC(742) Eden regions: 231->0(231)
[104.389s][info][gc,heap        ] GC(742) Survivor regions: 1->1(29)
[104.389s][info][gc,heap        ] GC(742) Old regions: 47->47
[104.389s][info][gc,heap        ] GC(742) Humongous regions: 6->6
[104.389s][info][gc,metaspace   ] GC(742) Metaspace: 71889K->71889K(1114112K)
[104.389s][info][gc             ] GC(742) Pause Young (Normal) (G1 Evacuation Pause) 282M->51M(387M) 3.443ms
[104.390s][info][gc,cpu         ] GC(742) User=0.00s Sys=0.00s Real=0.01s
[104.497s][info][gc,start       ] GC(743) Pause Young (Normal) (G1 Evacuation Pause)
[104.497s][info][gc,task        ] GC(743) Using 1 workers of 1 for evacuation
[104.500s][info][gc,phases      ] GC(743)   Pre Evacuate Collection Set: 0.0ms
[104.500s][info][gc,phases      ] GC(743)   Evacuate Collection Set: 2.6ms
[104.500s][info][gc,phases      ] GC(743)   Post Evacuate Collection Set: 0.3ms
[104.500s][info][gc,phases      ] GC(743)   Other: 0.3ms
[104.500s][info][gc,heap        ] GC(743) Eden regions: 231->0(231)
[104.500s][info][gc,heap        ] GC(743) Survivor regions: 1->1(29)
[104.500s][info][gc,heap        ] GC(743) Old regions: 47->47
[104.500s][info][gc,heap        ] GC(743) Humongous regions: 6->6
[104.500s][info][gc,metaspace   ] GC(743) Metaspace: 71889K->71889K(1114112K)
[104.501s][info][gc             ] GC(743) Pause Young (Normal) (G1 Evacuation Pause) 282M->51M(387M) 3.315ms
[104.501s][info][gc,cpu         ] GC(743) User=0.00s Sys=0.00s Real=0.01s
[104.605s][info][gc,start       ] GC(744) Pause Young (Normal) (G1 Evacuation Pause)
[104.605s][info][gc,task        ] GC(744) Using 1 workers of 1 for evacuation
[104.609s][info][gc,phases      ] GC(744)   Pre Evacuate Collection Set: 0.0ms
[104.609s][info][gc,phases      ] GC(744)   Evacuate Collection Set: 2.5ms
[104.609s][info][gc,phases      ] GC(744)   Post Evacuate Collection Set: 0.5ms
[104.609s][info][gc,phases      ] GC(744)   Other: 0.3ms
[104.609s][info][gc,heap        ] GC(744) Eden regions: 231->0(231)
[104.609s][info][gc,heap        ] GC(744) Survivor regions: 1->1(29)
[104.609s][info][gc,heap        ] GC(744) Old regions: 47->47
[104.609s][info][gc,heap        ] GC(744) Humongous regions: 6->6
[104.609s][info][gc,metaspace   ] GC(744) Metaspace: 71889K->71889K(1114112K)
[104.609s][info][gc             ] GC(744) Pause Young (Normal) (G1 Evacuation Pause) 282M->51M(387M) 3.473ms
[104.609s][info][gc,cpu         ] GC(744) User=0.00s Sys=0.00s Real=0.00s
[104.715s][info][gc,start       ] GC(745) Pause Young (Normal) (G1 Evacuation Pause)
[104.716s][info][gc,task        ] GC(745) Using 1 workers of 1 for evacuation
[104.719s][info][gc,phases      ] GC(745)   Pre Evacuate Collection Set: 0.0ms
[104.719s][info][gc,phases      ] GC(745)   Evacuate Collection Set: 2.9ms
[104.719s][info][gc,phases      ] GC(745)   Post Evacuate Collection Set: 0.3ms
[104.719s][info][gc,phases      ] GC(745)   Other: 0.6ms
[104.719s][info][gc,heap        ] GC(745) Eden regions: 231->0(231)
[104.719s][info][gc,heap        ] GC(745) Survivor regions: 1->1(29)
[104.719s][info][gc,heap        ] GC(745) Old regions: 47->47
[104.719s][info][gc,heap        ] GC(745) Humongous regions: 6->6
[104.719s][info][gc,metaspace   ] GC(745) Metaspace: 71889K->71889K(1114112K)
[104.719s][info][gc             ] GC(745) Pause Young (Normal) (G1 Evacuation Pause) 282M->51M(387M) 3.872ms
[104.719s][info][gc,cpu         ] GC(745) User=0.00s Sys=0.00s Real=0.01s
[104.889s][info][gc,start       ] GC(746) Pause Young (Normal) (G1 Evacuation Pause)
[104.889s][info][gc,task        ] GC(746) Using 1 workers of 1 for evacuation
[104.892s][info][gc,phases      ] GC(746)   Pre Evacuate Collection Set: 0.0ms
[104.892s][info][gc,phases      ] GC(746)   Evacuate Collection Set: 3.2ms
[104.892s][info][gc,phases      ] GC(746)   Post Evacuate Collection Set: 0.3ms
[104.892s][info][gc,phases      ] GC(746)   Other: 0.3ms
[104.892s][info][gc,heap        ] GC(746) Eden regions: 231->0(231)
[104.892s][info][gc,heap        ] GC(746) Survivor regions: 1->1(29)
[104.892s][info][gc,heap        ] GC(746) Old regions: 47->47
[104.892s][info][gc,heap        ] GC(746) Humongous regions: 11->6
[104.892s][info][gc,metaspace   ] GC(746) Metaspace: 71903K->71903K(1114112K)
[104.892s][info][gc             ] GC(746) Pause Young (Normal) (G1 Evacuation Pause) 287M->51M(387M) 3.890ms
[104.893s][info][gc,cpu         ] GC(746) User=0.01s Sys=0.00s Real=0.01s
[104.999s][info][gc,start       ] GC(747) Pause Young (Normal) (G1 Evacuation Pause)
[104.999s][info][gc,task        ] GC(747) Using 1 workers of 1 for evacuation
[105.002s][info][gc,phases      ] GC(747)   Pre Evacuate Collection Set: 0.0ms
[105.002s][info][gc,phases      ] GC(747)   Evacuate Collection Set: 2.7ms
[105.002s][info][gc,phases      ] GC(747)   Post Evacuate Collection Set: 0.3ms
[105.002s][info][gc,phases      ] GC(747)   Other: 0.3ms
[105.002s][info][gc,heap        ] GC(747) Eden regions: 231->0(231)
[105.002s][info][gc,heap        ] GC(747) Survivor regions: 1->1(29)
[105.002s][info][gc,heap        ] GC(747) Old regions: 47->47
[105.002s][info][gc,heap        ] GC(747) Humongous regions: 6->6
[105.002s][info][gc,metaspace   ] GC(747) Metaspace: 71903K->71903K(1114112K)
[105.002s][info][gc             ] GC(747) Pause Young (Normal) (G1 Evacuation Pause) 282M->51M(387M) 3.485ms
[105.002s][info][gc,cpu         ] GC(747) User=0.00s Sys=0.01s Real=0.00s
[105.107s][info][gc,start       ] GC(748) Pause Young (Normal) (G1 Evacuation Pause)
[105.108s][info][gc,task        ] GC(748) Using 1 workers of 1 for evacuation
[105.111s][info][gc,phases      ] GC(748)   Pre Evacuate Collection Set: 0.0ms
[105.111s][info][gc,phases      ] GC(748)   Evacuate Collection Set: 2.7ms
[105.111s][info][gc,phases      ] GC(748)   Post Evacuate Collection Set: 0.4ms
[105.111s][info][gc,phases      ] GC(748)   Other: 0.3ms
[105.111s][info][gc,heap        ] GC(748) Eden regions: 231->0(231)
[105.111s][info][gc,heap        ] GC(748) Survivor regions: 1->1(29)
[105.111s][info][gc,heap        ] GC(748) Old regions: 47->47
[105.111s][info][gc,heap        ] GC(748) Humongous regions: 6->6
[105.111s][info][gc,metaspace   ] GC(748) Metaspace: 71903K->71903K(1114112K)
[105.111s][info][gc             ] GC(748) Pause Young (Normal) (G1 Evacuation Pause) 282M->51M(387M) 3.454ms
[105.111s][info][gc,cpu         ] GC(748) User=0.00s Sys=0.00s Real=0.01s
[105.218s][info][gc,start       ] GC(749) Pause Young (Normal) (G1 Evacuation Pause)
[105.218s][info][gc,task        ] GC(749) Using 1 workers of 1 for evacuation
[105.222s][info][gc,phases      ] GC(749)   Pre Evacuate Collection Set: 0.0ms
[105.222s][info][gc,phases      ] GC(749)   Evacuate Collection Set: 3.6ms
[105.222s][info][gc,phases      ] GC(749)   Post Evacuate Collection Set: 0.7ms
[105.222s][info][gc,phases      ] GC(749)   Other: 0.4ms
[105.222s][info][gc,heap        ] GC(749) Eden regions: 231->0(231)
[105.222s][info][gc,heap        ] GC(749) Survivor regions: 1->1(29)
[105.222s][info][gc,heap        ] GC(749) Old regions: 47->47
[105.222s][info][gc,heap        ] GC(749) Humongous regions: 6->6
[105.222s][info][gc,metaspace   ] GC(749) Metaspace: 71903K->71903K(1114112K)
[105.223s][info][gc             ] GC(749) Pause Young (Normal) (G1 Evacuation Pause) 282M->51M(387M) 4.708ms
[105.223s][info][gc,cpu         ] GC(749) User=0.00s Sys=0.00s Real=0.01s
[105.330s][info][gc,start       ] GC(750) Pause Young (Normal) (G1 Evacuation Pause)
[105.330s][info][gc,task        ] GC(750) Using 1 workers of 1 for evacuation
[105.334s][info][gc,phases      ] GC(750)   Pre Evacuate Collection Set: 0.0ms
[105.334s][info][gc,phases      ] GC(750)   Evacuate Collection Set: 3.0ms
[105.334s][info][gc,phases      ] GC(750)   Post Evacuate Collection Set: 0.4ms
[105.334s][info][gc,phases      ] GC(750)   Other: 0.3ms
[105.334s][info][gc,heap        ] GC(750) Eden regions: 231->0(231)
[105.334s][info][gc,heap        ] GC(750) Survivor regions: 1->1(29)
[105.334s][info][gc,heap        ] GC(750) Old regions: 47->47
[105.334s][info][gc,heap        ] GC(750) Humongous regions: 6->6
[105.334s][info][gc,metaspace   ] GC(750) Metaspace: 71903K->71903K(1114112K)
[105.334s][info][gc             ] GC(750) Pause Young (Normal) (G1 Evacuation Pause) 282M->51M(387M) 3.707ms
[105.334s][info][gc,cpu         ] GC(750) User=0.00s Sys=0.00s Real=0.00s
[105.442s][info][gc,start       ] GC(751) Pause Young (Normal) (G1 Evacuation Pause)
[105.442s][info][gc,task        ] GC(751) Using 1 workers of 1 for evacuation
[105.446s][info][gc,phases      ] GC(751)   Pre Evacuate Collection Set: 0.0ms
[105.446s][info][gc,phases      ] GC(751)   Evacuate Collection Set: 2.8ms
[105.446s][info][gc,phases      ] GC(751)   Post Evacuate Collection Set: 0.3ms
[105.446s][info][gc,phases      ] GC(751)   Other: 0.3ms
[105.446s][info][gc,heap        ] GC(751) Eden regions: 231->0(231)
[105.446s][info][gc,heap        ] GC(751) Survivor regions: 1->1(29)
[105.446s][info][gc,heap        ] GC(751) Old regions: 47->47
[105.446s][info][gc,heap        ] GC(751) Humongous regions: 6->6
[105.446s][info][gc,metaspace   ] GC(751) Metaspace: 71903K->71903K(1114112K)
[105.446s][info][gc             ] GC(751) Pause Young (Normal) (G1 Evacuation Pause) 282M->51M(387M) 3.535ms
[105.446s][info][gc,cpu         ] GC(751) User=0.00s Sys=0.00s Real=0.00s
[105.554s][info][gc,start       ] GC(752) Pause Young (Normal) (G1 Evacuation Pause)
[105.554s][info][gc,task        ] GC(752) Using 1 workers of 1 for evacuation
[105.557s][info][gc,phases      ] GC(752)   Pre Evacuate Collection Set: 0.0ms
[105.557s][info][gc,phases      ] GC(752)   Evacuate Collection Set: 2.9ms
[105.557s][info][gc,phases      ] GC(752)   Post Evacuate Collection Set: 0.3ms
[105.557s][info][gc,phases      ] GC(752)   Other: 0.3ms
[105.557s][info][gc,heap        ] GC(752) Eden regions: 231->0(231)
[105.557s][info][gc,heap        ] GC(752) Survivor regions: 1->1(29)
[105.557s][info][gc,heap        ] GC(752) Old regions: 47->47
[105.557s][info][gc,heap        ] GC(752) Humongous regions: 6->6
[105.557s][info][gc,metaspace   ] GC(752) Metaspace: 71903K->71903K(1114112K)
[105.557s][info][gc             ] GC(752) Pause Young (Normal) (G1 Evacuation Pause) 282M->51M(387M) 3.573ms
[105.558s][info][gc,cpu         ] GC(752) User=0.00s Sys=0.00s Real=0.00s
[105.670s][info][gc,start       ] GC(753) Pause Young (Normal) (G1 Evacuation Pause)
[105.670s][info][gc,task        ] GC(753) Using 1 workers of 1 for evacuation
[105.674s][info][gc,phases      ] GC(753)   Pre Evacuate Collection Set: 0.0ms
[105.674s][info][gc,phases      ] GC(753)   Evacuate Collection Set: 3.1ms
[105.674s][info][gc,phases      ] GC(753)   Post Evacuate Collection Set: 0.4ms
[105.674s][info][gc,phases      ] GC(753)   Other: 0.3ms
[105.674s][info][gc,heap        ] GC(753) Eden regions: 231->0(231)
[105.674s][info][gc,heap        ] GC(753) Survivor regions: 1->1(29)
[105.674s][info][gc,heap        ] GC(753) Old regions: 47->47
[105.674s][info][gc,heap        ] GC(753) Humongous regions: 6->6
[105.674s][info][gc,metaspace   ] GC(753) Metaspace: 71903K->71903K(1114112K)
[105.674s][info][gc             ] GC(753) Pause Young (Normal) (G1 Evacuation Pause) 282M->52M(387M) 3.879ms
[105.674s][info][gc,cpu         ] GC(753) User=0.01s Sys=0.00s Real=0.00s
[106.282s][info][gc,start       ] GC(754) Pause Young (Normal) (G1 Evacuation Pause)
[106.282s][info][gc,task        ] GC(754) Using 1 workers of 1 for evacuation
[106.302s][info][gc,phases      ] GC(754)   Pre Evacuate Collection Set: 0.0ms
[106.302s][info][gc,phases      ] GC(754)   Evacuate Collection Set: 15.6ms
[106.302s][info][gc,phases      ] GC(754)   Post Evacuate Collection Set: 4.6ms
[106.302s][info][gc,phases      ] GC(754)   Other: 0.4ms
[106.302s][info][gc,heap        ] GC(754) Eden regions: 231->0(227)
[106.302s][info][gc,heap        ] GC(754) Survivor regions: 1->5(29)
[106.302s][info][gc,heap        ] GC(754) Old regions: 47->47
[106.302s][info][gc,heap        ] GC(754) Humongous regions: 41->6
[106.302s][info][gc,metaspace   ] GC(754) Metaspace: 71971K->71971K(1114112K)
[106.302s][info][gc             ] GC(754) Pause Young (Normal) (G1 Evacuation Pause) 318M->55M(387M) 20.706ms
[106.303s][info][gc,cpu         ] GC(754) User=0.02s Sys=0.00s Real=0.02s
[106.639s][info][gc,start       ] GC(755) Pause Young (Normal) (G1 Evacuation Pause)
[106.639s][info][gc,task        ] GC(755) Using 1 workers of 1 for evacuation
[106.647s][info][gc,phases      ] GC(755)   Pre Evacuate Collection Set: 0.0ms
[106.647s][info][gc,phases      ] GC(755)   Evacuate Collection Set: 7.9ms
[106.647s][info][gc,phases      ] GC(755)   Post Evacuate Collection Set: 0.4ms
[106.647s][info][gc,phases      ] GC(755)   Other: 0.4ms
[106.647s][info][gc,heap        ] GC(755) Eden regions: 227->0(228)
[106.647s][info][gc,heap        ] GC(755) Survivor regions: 5->4(29)
[106.647s][info][gc,heap        ] GC(755) Old regions: 47->47
[106.647s][info][gc,heap        ] GC(755) Humongous regions: 6->6
[106.647s][info][gc,metaspace   ] GC(755) Metaspace: 71971K->71971K(1114112K)
[106.647s][info][gc             ] GC(755) Pause Young (Normal) (G1 Evacuation Pause) 282M->55M(387M) 8.769ms
[106.647s][info][gc,cpu         ] GC(755) User=0.00s Sys=0.00s Real=0.00s
[106.994s][info][gc,start       ] GC(756) Pause Young (Normal) (G1 Evacuation Pause)
[106.994s][info][gc,task        ] GC(756) Using 1 workers of 1 for evacuation
[107.006s][info][gc,phases      ] GC(756)   Pre Evacuate Collection Set: 0.0ms
[107.006s][info][gc,phases      ] GC(756)   Evacuate Collection Set: 7.8ms
[107.006s][info][gc,phases      ] GC(756)   Post Evacuate Collection Set: 3.5ms
[107.006s][info][gc,phases      ] GC(756)   Other: 0.4ms
[107.006s][info][gc,heap        ] GC(756) Eden regions: 228->0(228)
[107.006s][info][gc,heap        ] GC(756) Survivor regions: 4->4(29)
[107.006s][info][gc,heap        ] GC(756) Old regions: 47->47
[107.006s][info][gc,heap        ] GC(756) Humongous regions: 6->6
[107.006s][info][gc,metaspace   ] GC(756) Metaspace: 71971K->71971K(1114112K)
[107.006s][info][gc             ] GC(756) Pause Young (Normal) (G1 Evacuation Pause) 283M->55M(387M) 11.824ms
[107.006s][info][gc,cpu         ] GC(756) User=0.01s Sys=0.00s Real=0.01s
[107.208s][info][gc,start       ] GC(757) Pause Young (Normal) (G1 Evacuation Pause)
[107.208s][info][gc,task        ] GC(757) Using 1 workers of 1 for evacuation
[107.216s][info][gc,phases      ] GC(757)   Pre Evacuate Collection Set: 0.0ms
[107.216s][info][gc,phases      ] GC(757)   Evacuate Collection Set: 7.8ms
[107.216s][info][gc,phases      ] GC(757)   Post Evacuate Collection Set: 0.4ms
[107.216s][info][gc,phases      ] GC(757)   Other: 0.4ms
[107.216s][info][gc,heap        ] GC(757) Eden regions: 228->0(228)
[107.216s][info][gc,heap        ] GC(757) Survivor regions: 4->4(29)
[107.216s][info][gc,heap        ] GC(757) Old regions: 47->47
[107.216s][info][gc,heap        ] GC(757) Humongous regions: 6->6
[107.216s][info][gc,metaspace   ] GC(757) Metaspace: 71971K->71971K(1114112K)
[107.216s][info][gc             ] GC(757) Pause Young (Normal) (G1 Evacuation Pause) 283M->55M(387M) 8.566ms
[107.216s][info][gc,cpu         ] GC(757) User=0.01s Sys=0.00s Real=0.01s
[107.868s][info][gc,start       ] GC(758) Pause Young (Normal) (G1 Evacuation Pause)
[107.868s][info][gc,task        ] GC(758) Using 1 workers of 1 for evacuation
[107.876s][info][gc,phases      ] GC(758)   Pre Evacuate Collection Set: 0.0ms
[107.876s][info][gc,phases      ] GC(758)   Evacuate Collection Set: 5.3ms
[107.876s][info][gc,phases      ] GC(758)   Post Evacuate Collection Set: 2.5ms
[107.876s][info][gc,phases      ] GC(758)   Other: 0.5ms
[107.876s][info][gc,heap        ] GC(758) Eden regions: 228->0(228)
[107.876s][info][gc,heap        ] GC(758) Survivor regions: 4->4(29)
[107.876s][info][gc,heap        ] GC(758) Old regions: 47->47
[107.876s][info][gc,heap        ] GC(758) Humongous regions: 56->6
[107.876s][info][gc,metaspace   ] GC(758) Metaspace: 72018K->72018K(1114112K)
[107.876s][info][gc             ] GC(758) Pause Young (Normal) (G1 Evacuation Pause) 333M->55M(387M) 8.267ms
[107.876s][info][gc,cpu         ] GC(758) User=0.01s Sys=0.00s Real=0.01s
[108.147s][info][gc,start       ] GC(759) Pause Young (Normal) (G1 Evacuation Pause)
[108.147s][info][gc,task        ] GC(759) Using 1 workers of 1 for evacuation
[108.153s][info][gc,phases      ] GC(759)   Pre Evacuate Collection Set: 0.0ms
[108.153s][info][gc,phases      ] GC(759)   Evacuate Collection Set: 5.1ms
[108.153s][info][gc,phases      ] GC(759)   Post Evacuate Collection Set: 0.5ms
[108.153s][info][gc,phases      ] GC(759)   Other: 0.4ms
[108.153s][info][gc,heap        ] GC(759) Eden regions: 228->0(228)
[108.153s][info][gc,heap        ] GC(759) Survivor regions: 4->4(29)
[108.153s][info][gc,heap        ] GC(759) Old regions: 47->47
[108.153s][info][gc,heap        ] GC(759) Humongous regions: 16->6
[108.153s][info][gc,metaspace   ] GC(759) Metaspace: 72030K->72030K(1114112K)
[108.153s][info][gc             ] GC(759) Pause Young (Normal) (G1 Evacuation Pause) 293M->55M(387M) 6.019ms
[108.153s][info][gc,cpu         ] GC(759) User=0.00s Sys=0.00s Real=0.01s
[108.368s][info][gc,start       ] GC(760) Pause Young (Normal) (G1 Evacuation Pause)
[108.369s][info][gc,task        ] GC(760) Using 1 workers of 1 for evacuation
[108.378s][info][gc,phases      ] GC(760)   Pre Evacuate Collection Set: 0.0ms
[108.378s][info][gc,phases      ] GC(760)   Evacuate Collection Set: 8.9ms
[108.378s][info][gc,phases      ] GC(760)   Post Evacuate Collection Set: 0.3ms
[108.378s][info][gc,phases      ] GC(760)   Other: 0.5ms
[108.378s][info][gc,heap        ] GC(760) Eden regions: 228->0(228)
[108.378s][info][gc,heap        ] GC(760) Survivor regions: 4->4(29)
[108.378s][info][gc,heap        ] GC(760) Old regions: 47->47
[108.378s][info][gc,heap        ] GC(760) Humongous regions: 6->6
[108.378s][info][gc,metaspace   ] GC(760) Metaspace: 72030K->72030K(1114112K)
[108.378s][info][gc             ] GC(760) Pause Young (Normal) (G1 Evacuation Pause) 283M->55M(387M) 9.871ms
[108.378s][info][gc,cpu         ] GC(760) User=0.01s Sys=0.00s Real=0.02s
[108.607s][info][gc,start       ] GC(761) Pause Young (Normal) (G1 Evacuation Pause)
[108.607s][info][gc,task        ] GC(761) Using 1 workers of 1 for evacuation
[108.612s][info][gc,phases      ] GC(761)   Pre Evacuate Collection Set: 0.0ms
[108.612s][info][gc,phases      ] GC(761)   Evacuate Collection Set: 5.1ms
[108.612s][info][gc,phases      ] GC(761)   Post Evacuate Collection Set: 0.4ms
[108.612s][info][gc,phases      ] GC(761)   Other: 0.4ms
[108.612s][info][gc,heap        ] GC(761) Eden regions: 228->0(228)
[108.612s][info][gc,heap        ] GC(761) Survivor regions: 4->4(29)
[108.612s][info][gc,heap        ] GC(761) Old regions: 47->47
[108.612s][info][gc,heap        ] GC(761) Humongous regions: 6->6
[108.612s][info][gc,metaspace   ] GC(761) Metaspace: 72030K->72030K(1114112K)
[108.612s][info][gc             ] GC(761) Pause Young (Normal) (G1 Evacuation Pause) 283M->55M(387M) 5.908ms
[108.613s][info][gc,cpu         ] GC(761) User=0.01s Sys=0.00s Real=0.01s
[108.842s][info][gc,start       ] GC(762) Pause Young (Normal) (G1 Evacuation Pause)
[108.842s][info][gc,task        ] GC(762) Using 1 workers of 1 for evacuation
[108.848s][info][gc,phases      ] GC(762)   Pre Evacuate Collection Set: 0.0ms
[108.848s][info][gc,phases      ] GC(762)   Evacuate Collection Set: 4.8ms
[108.848s][info][gc,phases      ] GC(762)   Post Evacuate Collection Set: 0.4ms
[108.848s][info][gc,phases      ] GC(762)   Other: 0.4ms
[108.848s][info][gc,heap        ] GC(762) Eden regions: 228->0(228)
[108.848s][info][gc,heap        ] GC(762) Survivor regions: 4->4(29)
[108.848s][info][gc,heap        ] GC(762) Old regions: 47->47
[108.848s][info][gc,heap        ] GC(762) Humongous regions: 6->6
[108.848s][info][gc,metaspace   ] GC(762) Metaspace: 72030K->72030K(1114112K)
[108.848s][info][gc             ] GC(762) Pause Young (Normal) (G1 Evacuation Pause) 283M->55M(387M) 5.673ms
[108.848s][info][gc,cpu         ] GC(762) User=0.00s Sys=0.00s Real=0.00s
[109.045s][info][gc,start       ] GC(763) Pause Young (Normal) (G1 Evacuation Pause)
[109.046s][info][gc,task        ] GC(763) Using 1 workers of 1 for evacuation
[109.051s][info][gc,phases      ] GC(763)   Pre Evacuate Collection Set: 0.0ms
[109.051s][info][gc,phases      ] GC(763)   Evacuate Collection Set: 5.1ms
[109.051s][info][gc,phases      ] GC(763)   Post Evacuate Collection Set: 0.4ms
[109.051s][info][gc,phases      ] GC(763)   Other: 0.4ms
[109.051s][info][gc,heap        ] GC(763) Eden regions: 228->0(228)
[109.051s][info][gc,heap        ] GC(763) Survivor regions: 4->4(29)
[109.051s][info][gc,heap        ] GC(763) Old regions: 47->47
[109.051s][info][gc,heap        ] GC(763) Humongous regions: 6->6
[109.051s][info][gc,metaspace   ] GC(763) Metaspace: 72030K->72030K(1114112K)
[109.051s][info][gc             ] GC(763) Pause Young (Normal) (G1 Evacuation Pause) 283M->55M(387M) 5.889ms
[109.051s][info][gc,cpu         ] GC(763) User=0.01s Sys=0.00s Real=0.01s
[109.167s][info][gc,start       ] GC(764) Pause Young (Normal) (G1 Evacuation Pause)
[109.167s][info][gc,task        ] GC(764) Using 1 workers of 1 for evacuation
[109.173s][info][gc,phases      ] GC(764)   Pre Evacuate Collection Set: 0.0ms
[109.173s][info][gc,phases      ] GC(764)   Evacuate Collection Set: 4.8ms
[109.173s][info][gc,phases      ] GC(764)   Post Evacuate Collection Set: 0.4ms
[109.173s][info][gc,phases      ] GC(764)   Other: 0.3ms
[109.173s][info][gc,heap        ] GC(764) Eden regions: 228->0(228)
[109.173s][info][gc,heap        ] GC(764) Survivor regions: 4->4(29)
[109.173s][info][gc,heap        ] GC(764) Old regions: 47->47
[109.173s][info][gc,heap        ] GC(764) Humongous regions: 6->6
[109.173s][info][gc,metaspace   ] GC(764) Metaspace: 72030K->72030K(1114112K)
[109.173s][info][gc             ] GC(764) Pause Young (Normal) (G1 Evacuation Pause) 283M->55M(387M) 5.629ms
[109.173s][info][gc,cpu         ] GC(764) User=0.01s Sys=0.00s Real=0.01s
[109.285s][info][gc,start       ] GC(765) Pause Young (Normal) (G1 Evacuation Pause)
[109.285s][info][gc,task        ] GC(765) Using 1 workers of 1 for evacuation
[109.291s][info][gc,phases      ] GC(765)   Pre Evacuate Collection Set: 0.0ms
[109.291s][info][gc,phases      ] GC(765)   Evacuate Collection Set: 4.9ms
[109.291s][info][gc,phases      ] GC(765)   Post Evacuate Collection Set: 0.4ms
[109.291s][info][gc,phases      ] GC(765)   Other: 0.5ms
[109.291s][info][gc,heap        ] GC(765) Eden regions: 228->0(228)
[109.291s][info][gc,heap        ] GC(765) Survivor regions: 4->4(29)
[109.291s][info][gc,heap        ] GC(765) Old regions: 47->47
[109.291s][info][gc,heap        ] GC(765) Humongous regions: 6->6
[109.291s][info][gc,metaspace   ] GC(765) Metaspace: 72030K->72030K(1114112K)
[109.291s][info][gc             ] GC(765) Pause Young (Normal) (G1 Evacuation Pause) 283M->55M(387M) 5.822ms
[109.291s][info][gc,cpu         ] GC(765) User=0.00s Sys=0.00s Real=0.01s
[109.406s][info][gc,start       ] GC(766) Pause Young (Normal) (G1 Evacuation Pause)
[109.406s][info][gc,task        ] GC(766) Using 1 workers of 1 for evacuation
[109.412s][info][gc,phases      ] GC(766)   Pre Evacuate Collection Set: 0.0ms
[109.413s][info][gc,phases      ] GC(766)   Evacuate Collection Set: 5.8ms
[109.413s][info][gc,phases      ] GC(766)   Post Evacuate Collection Set: 0.5ms
[109.413s][info][gc,phases      ] GC(766)   Other: 0.3ms
[109.413s][info][gc,heap        ] GC(766) Eden regions: 228->0(228)
[109.413s][info][gc,heap        ] GC(766) Survivor regions: 4->4(29)
[109.413s][info][gc,heap        ] GC(766) Old regions: 47->47
[109.413s][info][gc,heap        ] GC(766) Humongous regions: 6->6
[109.413s][info][gc,metaspace   ] GC(766) Metaspace: 72030K->72030K(1114112K)
[109.413s][info][gc             ] GC(766) Pause Young (Normal) (G1 Evacuation Pause) 283M->55M(387M) 6.624ms
[109.413s][info][gc,cpu         ] GC(766) User=0.00s Sys=0.00s Real=0.01s
[109.530s][info][gc,start       ] GC(767) Pause Young (Normal) (G1 Evacuation Pause)
[109.530s][info][gc,task        ] GC(767) Using 1 workers of 1 for evacuation
[109.536s][info][gc,phases      ] GC(767)   Pre Evacuate Collection Set: 0.0ms
[109.536s][info][gc,phases      ] GC(767)   Evacuate Collection Set: 5.2ms
[109.536s][info][gc,phases      ] GC(767)   Post Evacuate Collection Set: 0.4ms
[109.536s][info][gc,phases      ] GC(767)   Other: 0.3ms
[109.536s][info][gc,heap        ] GC(767) Eden regions: 228->0(228)
[109.536s][info][gc,heap        ] GC(767) Survivor regions: 4->4(29)
[109.536s][info][gc,heap        ] GC(767) Old regions: 47->47
[109.536s][info][gc,heap        ] GC(767) Humongous regions: 6->6
[109.536s][info][gc,metaspace   ] GC(767) Metaspace: 72030K->72030K(1114112K)
[109.536s][info][gc             ] GC(767) Pause Young (Normal) (G1 Evacuation Pause) 283M->55M(387M) 5.970ms
[109.536s][info][gc,cpu         ] GC(767) User=0.01s Sys=0.00s Real=0.00s
[109.776s][info][gc,start       ] GC(768) Pause Young (Normal) (G1 Evacuation Pause)
[109.776s][info][gc,task        ] GC(768) Using 1 workers of 1 for evacuation
[109.786s][info][gc,phases      ] GC(768)   Pre Evacuate Collection Set: 0.0ms
[109.786s][info][gc,phases      ] GC(768)   Evacuate Collection Set: 9.3ms
[109.786s][info][gc,phases      ] GC(768)   Post Evacuate Collection Set: 0.4ms
[109.786s][info][gc,phases      ] GC(768)   Other: 0.4ms
[109.786s][info][gc,heap        ] GC(768) Eden regions: 228->0(227)
[109.786s][info][gc,heap        ] GC(768) Survivor regions: 4->5(29)
[109.786s][info][gc,heap        ] GC(768) Old regions: 47->47
[109.786s][info][gc,heap        ] GC(768) Humongous regions: 21->6
[109.786s][info][gc,metaspace   ] GC(768) Metaspace: 72054K->72054K(1114112K)
[109.786s][info][gc             ] GC(768) Pause Young (Normal) (G1 Evacuation Pause) 298M->55M(387M) 10.174ms
[109.787s][info][gc,cpu         ] GC(768) User=0.01s Sys=0.00s Real=0.01s
[110.291s][info][gc,start       ] GC(769) Pause Young (Normal) (G1 Evacuation Pause)
[110.291s][info][gc,task        ] GC(769) Using 1 workers of 1 for evacuation
[110.298s][info][gc,phases      ] GC(769)   Pre Evacuate Collection Set: 0.0ms
[110.298s][info][gc,phases      ] GC(769)   Evacuate Collection Set: 6.3ms
[110.298s][info][gc,phases      ] GC(769)   Post Evacuate Collection Set: 0.4ms
[110.298s][info][gc,phases      ] GC(769)   Other: 0.4ms
[110.298s][info][gc,heap        ] GC(769) Eden regions: 227->0(228)
[110.298s][info][gc,heap        ] GC(769) Survivor regions: 5->4(29)
[110.298s][info][gc,heap        ] GC(769) Old regions: 47->48
[110.298s][info][gc,heap        ] GC(769) Humongous regions: 16->6
[110.298s][info][gc,metaspace   ] GC(769) Metaspace: 72078K->72078K(1114112K)
[110.298s][info][gc             ] GC(769) Pause Young (Normal) (G1 Evacuation Pause) 292M->56M(387M) 7.302ms
[110.298s][info][gc,cpu         ] GC(769) User=0.00s Sys=0.00s Real=0.01s
[110.405s][info][gc,start       ] GC(770) Pause Young (Normal) (G1 Evacuation Pause)
[110.405s][info][gc,task        ] GC(770) Using 1 workers of 1 for evacuation
[110.410s][info][gc,phases      ] GC(770)   Pre Evacuate Collection Set: 0.0ms
[110.410s][info][gc,phases      ] GC(770)   Evacuate Collection Set: 4.5ms
[110.410s][info][gc,phases      ] GC(770)   Post Evacuate Collection Set: 0.5ms
[110.410s][info][gc,phases      ] GC(770)   Other: 0.3ms
[110.410s][info][gc,heap        ] GC(770) Eden regions: 228->0(228)
[110.410s][info][gc,heap        ] GC(770) Survivor regions: 4->4(29)
[110.410s][info][gc,heap        ] GC(770) Old regions: 48->48
[110.410s][info][gc,heap        ] GC(770) Humongous regions: 6->6
[110.410s][info][gc,metaspace   ] GC(770) Metaspace: 72078K->72078K(1114112K)
[110.410s][info][gc             ] GC(770) Pause Young (Normal) (G1 Evacuation Pause) 284M->56M(387M) 5.367ms
[110.410s][info][gc,cpu         ] GC(770) User=0.01s Sys=0.00s Real=0.01s
[110.518s][info][gc,start       ] GC(771) Pause Young (Normal) (G1 Evacuation Pause)
[110.518s][info][gc,task        ] GC(771) Using 1 workers of 1 for evacuation
[110.523s][info][gc,phases      ] GC(771)   Pre Evacuate Collection Set: 0.0ms
[110.523s][info][gc,phases      ] GC(771)   Evacuate Collection Set: 4.5ms
[110.523s][info][gc,phases      ] GC(771)   Post Evacuate Collection Set: 0.4ms
[110.523s][info][gc,phases      ] GC(771)   Other: 0.3ms
[110.523s][info][gc,heap        ] GC(771) Eden regions: 228->0(228)
[110.523s][info][gc,heap        ] GC(771) Survivor regions: 4->4(29)
[110.523s][info][gc,heap        ] GC(771) Old regions: 48->48
[110.523s][info][gc,heap        ] GC(771) Humongous regions: 6->6
[110.523s][info][gc,metaspace   ] GC(771) Metaspace: 72078K->72078K(1114112K)
[110.523s][info][gc             ] GC(771) Pause Young (Normal) (G1 Evacuation Pause) 284M->56M(387M) 5.220ms
[110.523s][info][gc,cpu         ] GC(771) User=0.01s Sys=0.00s Real=0.01s
[110.631s][info][gc,start       ] GC(772) Pause Young (Normal) (G1 Evacuation Pause)
[110.632s][info][gc,task        ] GC(772) Using 1 workers of 1 for evacuation
[110.637s][info][gc,phases      ] GC(772)   Pre Evacuate Collection Set: 0.0ms
[110.637s][info][gc,phases      ] GC(772)   Evacuate Collection Set: 4.5ms
[110.637s][info][gc,phases      ] GC(772)   Post Evacuate Collection Set: 0.4ms
[110.637s][info][gc,phases      ] GC(772)   Other: 0.3ms
[110.637s][info][gc,heap        ] GC(772) Eden regions: 228->0(228)
[110.637s][info][gc,heap        ] GC(772) Survivor regions: 4->4(29)
[110.637s][info][gc,heap        ] GC(772) Old regions: 48->48
[110.637s][info][gc,heap        ] GC(772) Humongous regions: 6->6
[110.637s][info][gc,metaspace   ] GC(772) Metaspace: 72078K->72078K(1114112K)
[110.637s][info][gc             ] GC(772) Pause Young (Normal) (G1 Evacuation Pause) 284M->56M(387M) 5.208ms
[110.637s][info][gc,cpu         ] GC(772) User=0.00s Sys=0.00s Real=0.00s
[110.751s][info][gc,start       ] GC(773) Pause Young (Normal) (G1 Evacuation Pause)
[110.751s][info][gc,task        ] GC(773) Using 1 workers of 1 for evacuation
[110.756s][info][gc,phases      ] GC(773)   Pre Evacuate Collection Set: 0.0ms
[110.756s][info][gc,phases      ] GC(773)   Evacuate Collection Set: 4.7ms
[110.756s][info][gc,phases      ] GC(773)   Post Evacuate Collection Set: 0.4ms
[110.756s][info][gc,phases      ] GC(773)   Other: 0.3ms
[110.756s][info][gc,heap        ] GC(773) Eden regions: 228->0(230)
[110.756s][info][gc,heap        ] GC(773) Survivor regions: 4->2(29)
[110.756s][info][gc,heap        ] GC(773) Old regions: 48->51
[110.756s][info][gc,heap        ] GC(773) Humongous regions: 6->6
[110.756s][info][gc,metaspace   ] GC(773) Metaspace: 72078K->72078K(1114112K)
[110.756s][info][gc             ] GC(773) Pause Young (Normal) (G1 Evacuation Pause) 284M->56M(387M) 5.460ms
[110.756s][info][gc,cpu         ] GC(773) User=0.00s Sys=0.00s Real=0.00s
[110.865s][info][gc,start       ] GC(774) Pause Young (Normal) (G1 Evacuation Pause)
[110.865s][info][gc,task        ] GC(774) Using 1 workers of 1 for evacuation
[110.870s][info][gc,phases      ] GC(774)   Pre Evacuate Collection Set: 0.0ms
[110.870s][info][gc,phases      ] GC(774)   Evacuate Collection Set: 3.7ms
[110.870s][info][gc,phases      ] GC(774)   Post Evacuate Collection Set: 0.4ms
[110.870s][info][gc,phases      ] GC(774)   Other: 0.4ms
[110.870s][info][gc,heap        ] GC(774) Eden regions: 230->0(230)
[110.870s][info][gc,heap        ] GC(774) Survivor regions: 2->2(29)
[110.870s][info][gc,heap        ] GC(774) Old regions: 51->51
[110.870s][info][gc,heap        ] GC(774) Humongous regions: 6->6
[110.870s][info][gc,metaspace   ] GC(774) Metaspace: 72078K->72078K(1114112K)
[110.870s][info][gc             ] GC(774) Pause Young (Normal) (G1 Evacuation Pause) 286M->56M(387M) 4.552ms
[110.870s][info][gc,cpu         ] GC(774) User=0.00s Sys=0.00s Real=0.01s
[110.977s][info][gc,start       ] GC(775) Pause Young (Normal) (G1 Evacuation Pause)
[110.978s][info][gc,task        ] GC(775) Using 1 workers of 1 for evacuation
[110.982s][info][gc,phases      ] GC(775)   Pre Evacuate Collection Set: 0.0ms
[110.982s][info][gc,phases      ] GC(775)   Evacuate Collection Set: 3.7ms
[110.982s][info][gc,phases      ] GC(775)   Post Evacuate Collection Set: 0.4ms
[110.982s][info][gc,phases      ] GC(775)   Other: 0.8ms
[110.982s][info][gc,heap        ] GC(775) Eden regions: 230->0(230)
[110.982s][info][gc,heap        ] GC(775) Survivor regions: 2->2(29)
[110.982s][info][gc,heap        ] GC(775) Old regions: 51->51
[110.982s][info][gc,heap        ] GC(775) Humongous regions: 6->6
[110.982s][info][gc,metaspace   ] GC(775) Metaspace: 72078K->72078K(1114112K)
[110.982s][info][gc             ] GC(775) Pause Young (Normal) (G1 Evacuation Pause) 286M->56M(387M) 4.952ms
[110.982s][info][gc,cpu         ] GC(775) User=0.01s Sys=0.00s Real=0.01s
[111.091s][info][gc,start       ] GC(776) Pause Young (Normal) (G1 Evacuation Pause)
[111.091s][info][gc,task        ] GC(776) Using 1 workers of 1 for evacuation
[111.095s][info][gc,phases      ] GC(776)   Pre Evacuate Collection Set: 0.0ms
[111.095s][info][gc,phases      ] GC(776)   Evacuate Collection Set: 3.5ms
[111.095s][info][gc,phases      ] GC(776)   Post Evacuate Collection Set: 0.4ms
[111.095s][info][gc,phases      ] GC(776)   Other: 0.3ms
[111.095s][info][gc,heap        ] GC(776) Eden regions: 230->0(230)
[111.095s][info][gc,heap        ] GC(776) Survivor regions: 2->2(29)
[111.095s][info][gc,heap        ] GC(776) Old regions: 51->51
[111.095s][info][gc,heap        ] GC(776) Humongous regions: 6->6
[111.095s][info][gc,metaspace   ] GC(776) Metaspace: 72078K->72078K(1114112K)
[111.095s][info][gc             ] GC(776) Pause Young (Normal) (G1 Evacuation Pause) 286M->56M(387M) 4.200ms
[111.095s][info][gc,cpu         ] GC(776) User=0.00s Sys=0.00s Real=0.00s
[111.206s][info][gc,start       ] GC(777) Pause Young (Normal) (G1 Evacuation Pause)
[111.207s][info][gc,task        ] GC(777) Using 1 workers of 1 for evacuation
[111.211s][info][gc,phases      ] GC(777)   Pre Evacuate Collection Set: 0.0ms
[111.211s][info][gc,phases      ] GC(777)   Evacuate Collection Set: 3.7ms
[111.211s][info][gc,phases      ] GC(777)   Post Evacuate Collection Set: 0.4ms
[111.211s][info][gc,phases      ] GC(777)   Other: 0.3ms
[111.211s][info][gc,heap        ] GC(777) Eden regions: 230->0(230)
[111.211s][info][gc,heap        ] GC(777) Survivor regions: 2->2(29)
[111.211s][info][gc,heap        ] GC(777) Old regions: 51->51
[111.211s][info][gc,heap        ] GC(777) Humongous regions: 6->6
[111.211s][info][gc,metaspace   ] GC(777) Metaspace: 72078K->72078K(1114112K)
[111.211s][info][gc             ] GC(777) Pause Young (Normal) (G1 Evacuation Pause) 286M->56M(387M) 4.439ms
[111.211s][info][gc,cpu         ] GC(777) User=0.00s Sys=0.00s Real=0.01s
[111.320s][info][gc,start       ] GC(778) Pause Young (Normal) (G1 Evacuation Pause)
[111.320s][info][gc,task        ] GC(778) Using 1 workers of 1 for evacuation
[111.324s][info][gc,phases      ] GC(778)   Pre Evacuate Collection Set: 0.0ms
[111.324s][info][gc,phases      ] GC(778)   Evacuate Collection Set: 3.5ms
[111.324s][info][gc,phases      ] GC(778)   Post Evacuate Collection Set: 0.4ms
[111.324s][info][gc,phases      ] GC(778)   Other: 0.3ms
[111.324s][info][gc,heap        ] GC(778) Eden regions: 230->0(230)
[111.324s][info][gc,heap        ] GC(778) Survivor regions: 2->2(29)
[111.324s][info][gc,heap        ] GC(778) Old regions: 51->51
[111.324s][info][gc,heap        ] GC(778) Humongous regions: 6->6
[111.324s][info][gc,metaspace   ] GC(778) Metaspace: 72078K->72078K(1114112K)
[111.324s][info][gc             ] GC(778) Pause Young (Normal) (G1 Evacuation Pause) 286M->56M(387M) 4.180ms
[111.324s][info][gc,cpu         ] GC(778) User=0.01s Sys=0.00s Real=0.00s
[111.434s][info][gc,start       ] GC(779) Pause Young (Normal) (G1 Evacuation Pause)
[111.434s][info][gc,task        ] GC(779) Using 1 workers of 1 for evacuation
[111.439s][info][gc,phases      ] GC(779)   Pre Evacuate Collection Set: 0.0ms
[111.439s][info][gc,phases      ] GC(779)   Evacuate Collection Set: 3.5ms
[111.439s][info][gc,phases      ] GC(779)   Post Evacuate Collection Set: 0.4ms
[111.439s][info][gc,phases      ] GC(779)   Other: 0.3ms
[111.439s][info][gc,heap        ] GC(779) Eden regions: 230->0(230)
[111.439s][info][gc,heap        ] GC(779) Survivor regions: 2->2(29)
[111.439s][info][gc,heap        ] GC(779) Old regions: 51->51
[111.439s][info][gc,heap        ] GC(779) Humongous regions: 6->6
[111.439s][info][gc,metaspace   ] GC(779) Metaspace: 72078K->72078K(1114112K)
[111.439s][info][gc             ] GC(779) Pause Young (Normal) (G1 Evacuation Pause) 286M->56M(387M) 4.291ms
[111.439s][info][gc,cpu         ] GC(779) User=0.00s Sys=0.00s Real=0.01s
[111.564s][info][gc,start       ] GC(780) Pause Young (Normal) (G1 Evacuation Pause)
[111.564s][info][gc,task        ] GC(780) Using 1 workers of 1 for evacuation
[111.568s][info][gc,phases      ] GC(780)   Pre Evacuate Collection Set: 0.0ms
[111.568s][info][gc,phases      ] GC(780)   Evacuate Collection Set: 3.2ms
[111.568s][info][gc,phases      ] GC(780)   Post Evacuate Collection Set: 0.4ms
[111.568s][info][gc,phases      ] GC(780)   Other: 0.3ms
[111.568s][info][gc,heap        ] GC(780) Eden regions: 230->0(230)
[111.568s][info][gc,heap        ] GC(780) Survivor regions: 2->2(29)
[111.568s][info][gc,heap        ] GC(780) Old regions: 51->51
[111.568s][info][gc,heap        ] GC(780) Humongous regions: 11->6
[111.568s][info][gc,metaspace   ] GC(780) Metaspace: 72087K->72087K(1114112K)
[111.568s][info][gc             ] GC(780) Pause Young (Normal) (G1 Evacuation Pause) 291M->56M(387M) 3.970ms
[111.568s][info][gc,cpu         ] GC(780) User=0.00s Sys=0.00s Real=0.00s
[111.681s][info][gc,start       ] GC(781) Pause Young (Normal) (G1 Evacuation Pause)
[111.681s][info][gc,task        ] GC(781) Using 1 workers of 1 for evacuation
[111.685s][info][gc,phases      ] GC(781)   Pre Evacuate Collection Set: 0.0ms
[111.685s][info][gc,phases      ] GC(781)   Evacuate Collection Set: 3.3ms
[111.685s][info][gc,phases      ] GC(781)   Post Evacuate Collection Set: 0.4ms
[111.685s][info][gc,phases      ] GC(781)   Other: 0.4ms
[111.685s][info][gc,heap        ] GC(781) Eden regions: 230->0(230)
[111.685s][info][gc,heap        ] GC(781) Survivor regions: 2->2(29)
[111.685s][info][gc,heap        ] GC(781) Old regions: 51->51
[111.685s][info][gc,heap        ] GC(781) Humongous regions: 6->6
[111.685s][info][gc,metaspace   ] GC(781) Metaspace: 72087K->72087K(1114112K)
[111.685s][info][gc             ] GC(781) Pause Young (Normal) (G1 Evacuation Pause) 286M->56M(387M) 4.127ms
[111.685s][info][gc,cpu         ] GC(781) User=0.01s Sys=0.00s Real=0.00s
[111.796s][info][gc,start       ] GC(782) Pause Young (Normal) (G1 Evacuation Pause)
[111.796s][info][gc,task        ] GC(782) Using 1 workers of 1 for evacuation
[111.800s][info][gc,phases      ] GC(782)   Pre Evacuate Collection Set: 0.0ms
[111.800s][info][gc,phases      ] GC(782)   Evacuate Collection Set: 3.2ms
[111.800s][info][gc,phases      ] GC(782)   Post Evacuate Collection Set: 0.4ms
[111.800s][info][gc,phases      ] GC(782)   Other: 0.3ms
[111.800s][info][gc,heap        ] GC(782) Eden regions: 230->0(231)
[111.800s][info][gc,heap        ] GC(782) Survivor regions: 2->1(29)
[111.800s][info][gc,heap        ] GC(782) Old regions: 51->51
[111.800s][info][gc,heap        ] GC(782) Humongous regions: 6->6
[111.800s][info][gc,metaspace   ] GC(782) Metaspace: 72087K->72087K(1114112K)
[111.800s][info][gc             ] GC(782) Pause Young (Normal) (G1 Evacuation Pause) 286M->56M(387M) 3.975ms
[111.800s][info][gc,cpu         ] GC(782) User=0.00s Sys=0.00s Real=0.01s
[111.908s][info][gc,start       ] GC(783) Pause Young (Normal) (G1 Evacuation Pause)
[111.908s][info][gc,task        ] GC(783) Using 1 workers of 1 for evacuation
[111.912s][info][gc,phases      ] GC(783)   Pre Evacuate Collection Set: 0.0ms
[111.912s][info][gc,phases      ] GC(783)   Evacuate Collection Set: 3.2ms
[111.912s][info][gc,phases      ] GC(783)   Post Evacuate Collection Set: 0.3ms
[111.912s][info][gc,phases      ] GC(783)   Other: 0.3ms
[111.912s][info][gc,heap        ] GC(783) Eden regions: 231->0(231)
[111.912s][info][gc,heap        ] GC(783) Survivor regions: 1->1(29)
[111.912s][info][gc,heap        ] GC(783) Old regions: 51->51
[111.912s][info][gc,heap        ] GC(783) Humongous regions: 6->6
[111.912s][info][gc,metaspace   ] GC(783) Metaspace: 72087K->72087K(1114112K)
[111.912s][info][gc             ] GC(783) Pause Young (Normal) (G1 Evacuation Pause) 287M->56M(387M) 3.971ms
[111.912s][info][gc,cpu         ] GC(783) User=0.00s Sys=0.00s Real=0.01s
[112.023s][info][gc,start       ] GC(784) Pause Young (Normal) (G1 Evacuation Pause)
[112.023s][info][gc,task        ] GC(784) Using 1 workers of 1 for evacuation
[112.027s][info][gc,phases      ] GC(784)   Pre Evacuate Collection Set: 0.0ms
[112.027s][info][gc,phases      ] GC(784)   Evacuate Collection Set: 3.0ms
[112.027s][info][gc,phases      ] GC(784)   Post Evacuate Collection Set: 0.3ms
[112.027s][info][gc,phases      ] GC(784)   Other: 0.3ms
[112.027s][info][gc,heap        ] GC(784) Eden regions: 231->0(231)
[112.027s][info][gc,heap        ] GC(784) Survivor regions: 1->1(29)
[112.027s][info][gc,heap        ] GC(784) Old regions: 51->52
[112.027s][info][gc,heap        ] GC(784) Humongous regions: 6->6
[112.027s][info][gc,metaspace   ] GC(784) Metaspace: 72087K->72087K(1114112K)
[112.027s][info][gc             ] GC(784) Pause Young (Normal) (G1 Evacuation Pause) 287M->56M(387M) 3.723ms
[112.027s][info][gc,cpu         ] GC(784) User=0.01s Sys=0.00s Real=0.00s
[112.139s][info][gc,start       ] GC(785) Pause Young (Normal) (G1 Evacuation Pause)
[112.139s][info][gc,task        ] GC(785) Using 1 workers of 1 for evacuation
[112.142s][info][gc,phases      ] GC(785)   Pre Evacuate Collection Set: 0.0ms
[112.142s][info][gc,phases      ] GC(785)   Evacuate Collection Set: 2.4ms
[112.142s][info][gc,phases      ] GC(785)   Post Evacuate Collection Set: 0.3ms
[112.142s][info][gc,phases      ] GC(785)   Other: 0.3ms
[112.142s][info][gc,heap        ] GC(785) Eden regions: 231->0(231)
[112.142s][info][gc,heap        ] GC(785) Survivor regions: 1->1(29)
[112.142s][info][gc,heap        ] GC(785) Old regions: 52->52
[112.142s][info][gc,heap        ] GC(785) Humongous regions: 6->6
[112.142s][info][gc,metaspace   ] GC(785) Metaspace: 72087K->72087K(1114112K)
[112.142s][info][gc             ] GC(785) Pause Young (Normal) (G1 Evacuation Pause) 287M->56M(387M) 3.103ms
[112.142s][info][gc,cpu         ] GC(785) User=0.00s Sys=0.00s Real=0.00s
[112.251s][info][gc,start       ] GC(786) Pause Young (Normal) (G1 Evacuation Pause)
[112.251s][info][gc,task        ] GC(786) Using 1 workers of 1 for evacuation
[112.254s][info][gc,phases      ] GC(786)   Pre Evacuate Collection Set: 0.0ms
[112.254s][info][gc,phases      ] GC(786)   Evacuate Collection Set: 2.3ms
[112.254s][info][gc,phases      ] GC(786)   Post Evacuate Collection Set: 0.4ms
[112.254s][info][gc,phases      ] GC(786)   Other: 0.3ms
[112.254s][info][gc,heap        ] GC(786) Eden regions: 231->0(231)
[112.254s][info][gc,heap        ] GC(786) Survivor regions: 1->1(29)
[112.254s][info][gc,heap        ] GC(786) Old regions: 52->52
[112.254s][info][gc,heap        ] GC(786) Humongous regions: 6->6
[112.254s][info][gc,metaspace   ] GC(786) Metaspace: 72087K->72087K(1114112K)
[112.254s][info][gc             ] GC(786) Pause Young (Normal) (G1 Evacuation Pause) 287M->56M(387M) 3.048ms
[112.254s][info][gc,cpu         ] GC(786) User=0.00s Sys=0.00s Real=0.00s
[112.363s][info][gc,start       ] GC(787) Pause Young (Normal) (G1 Evacuation Pause)
[112.363s][info][gc,task        ] GC(787) Using 1 workers of 1 for evacuation
[112.366s][info][gc,phases      ] GC(787)   Pre Evacuate Collection Set: 0.0ms
[112.366s][info][gc,phases      ] GC(787)   Evacuate Collection Set: 2.4ms
[112.366s][info][gc,phases      ] GC(787)   Post Evacuate Collection Set: 0.3ms
[112.366s][info][gc,phases      ] GC(787)   Other: 0.3ms
[112.366s][info][gc,heap        ] GC(787) Eden regions: 231->0(231)
[112.366s][info][gc,heap        ] GC(787) Survivor regions: 1->1(29)
[112.366s][info][gc,heap        ] GC(787) Old regions: 52->52
[112.366s][info][gc,heap        ] GC(787) Humongous regions: 6->6
[112.366s][info][gc,metaspace   ] GC(787) Metaspace: 72087K->72087K(1114112K)
[112.366s][info][gc             ] GC(787) Pause Young (Normal) (G1 Evacuation Pause) 287M->56M(387M) 3.035ms
[112.366s][info][gc,cpu         ] GC(787) User=0.01s Sys=0.00s Real=0.00s
[112.479s][info][gc,start       ] GC(788) Pause Young (Normal) (G1 Evacuation Pause)
[112.479s][info][gc,task        ] GC(788) Using 1 workers of 1 for evacuation
[112.482s][info][gc,phases      ] GC(788)   Pre Evacuate Collection Set: 0.0ms
[112.482s][info][gc,phases      ] GC(788)   Evacuate Collection Set: 2.5ms
[112.482s][info][gc,phases      ] GC(788)   Post Evacuate Collection Set: 0.4ms
[112.482s][info][gc,phases      ] GC(788)   Other: 0.4ms
[112.482s][info][gc,heap        ] GC(788) Eden regions: 231->0(231)
[112.482s][info][gc,heap        ] GC(788) Survivor regions: 1->1(29)
[112.482s][info][gc,heap        ] GC(788) Old regions: 52->52
[112.482s][info][gc,heap        ] GC(788) Humongous regions: 6->6
[112.482s][info][gc,metaspace   ] GC(788) Metaspace: 72087K->72087K(1114112K)
[112.482s][info][gc             ] GC(788) Pause Young (Normal) (G1 Evacuation Pause) 287M->56M(387M) 3.355ms
[112.482s][info][gc,cpu         ] GC(788) User=0.00s Sys=0.00s Real=0.00s
[112.613s][info][gc,start       ] GC(789) Pause Young (Normal) (G1 Evacuation Pause)
[112.613s][info][gc,task        ] GC(789) Using 1 workers of 1 for evacuation
[112.618s][info][gc,phases      ] GC(789)   Pre Evacuate Collection Set: 0.0ms
[112.618s][info][gc,phases      ] GC(789)   Evacuate Collection Set: 4.4ms
[112.618s][info][gc,phases      ] GC(789)   Post Evacuate Collection Set: 0.4ms
[112.618s][info][gc,phases      ] GC(789)   Other: 0.3ms
[112.618s][info][gc,heap        ] GC(789) Eden regions: 231->0(231)
[112.618s][info][gc,heap        ] GC(789) Survivor regions: 1->1(29)
[112.618s][info][gc,heap        ] GC(789) Old regions: 52->52
[112.618s][info][gc,heap        ] GC(789) Humongous regions: 11->6
[112.618s][info][gc,metaspace   ] GC(789) Metaspace: 72088K->72088K(1114112K)
[112.618s][info][gc             ] GC(789) Pause Young (Normal) (G1 Evacuation Pause) 292M->57M(387M) 5.175ms
[112.618s][info][gc,cpu         ] GC(789) User=0.01s Sys=0.00s Real=0.01s
[112.730s][info][gc,start       ] GC(790) Pause Young (Normal) (G1 Evacuation Pause)
[112.730s][info][gc,task        ] GC(790) Using 1 workers of 1 for evacuation
[112.733s][info][gc,phases      ] GC(790)   Pre Evacuate Collection Set: 0.0ms
[112.733s][info][gc,phases      ] GC(790)   Evacuate Collection Set: 2.7ms
[112.733s][info][gc,phases      ] GC(790)   Post Evacuate Collection Set: 0.3ms
[112.733s][info][gc,phases      ] GC(790)   Other: 0.3ms
[112.733s][info][gc,heap        ] GC(790) Eden regions: 231->0(231)
[112.733s][info][gc,heap        ] GC(790) Survivor regions: 1->1(29)
[112.733s][info][gc,heap        ] GC(790) Old regions: 52->52
[112.733s][info][gc,heap        ] GC(790) Humongous regions: 6->6
[112.733s][info][gc,metaspace   ] GC(790) Metaspace: 72088K->72088K(1114112K)
[112.733s][info][gc             ] GC(790) Pause Young (Normal) (G1 Evacuation Pause) 288M->57M(387M) 3.387ms
[112.733s][info][gc,cpu         ] GC(790) User=0.00s Sys=0.00s Real=0.00s
[112.849s][info][gc,start       ] GC(791) Pause Young (Normal) (G1 Evacuation Pause)
[112.849s][info][gc,task        ] GC(791) Using 1 workers of 1 for evacuation
[112.852s][info][gc,phases      ] GC(791)   Pre Evacuate Collection Set: 0.0ms
[112.852s][info][gc,phases      ] GC(791)   Evacuate Collection Set: 2.7ms
[112.852s][info][gc,phases      ] GC(791)   Post Evacuate Collection Set: 0.3ms
[112.852s][info][gc,phases      ] GC(791)   Other: 0.3ms
[112.852s][info][gc,heap        ] GC(791) Eden regions: 231->0(231)
[112.852s][info][gc,heap        ] GC(791) Survivor regions: 1->1(29)
[112.852s][info][gc,heap        ] GC(791) Old regions: 52->52
[112.852s][info][gc,heap        ] GC(791) Humongous regions: 6->6
[112.852s][info][gc,metaspace   ] GC(791) Metaspace: 72088K->72088K(1114112K)
[112.852s][info][gc             ] GC(791) Pause Young (Normal) (G1 Evacuation Pause) 288M->57M(387M) 3.419ms
[112.852s][info][gc,cpu         ] GC(791) User=0.00s Sys=0.00s Real=0.01s
[112.963s][info][gc,start       ] GC(792) Pause Young (Normal) (G1 Evacuation Pause)
[112.963s][info][gc,task        ] GC(792) Using 1 workers of 1 for evacuation
[112.966s][info][gc,phases      ] GC(792)   Pre Evacuate Collection Set: 0.0ms
[112.966s][info][gc,phases      ] GC(792)   Evacuate Collection Set: 2.7ms
[112.966s][info][gc,phases      ] GC(792)   Post Evacuate Collection Set: 0.3ms
[112.966s][info][gc,phases      ] GC(792)   Other: 0.3ms
[112.966s][info][gc,heap        ] GC(792) Eden regions: 231->0(231)
[112.966s][info][gc,heap        ] GC(792) Survivor regions: 1->1(29)
[112.966s][info][gc,heap        ] GC(792) Old regions: 52->52
[112.966s][info][gc,heap        ] GC(792) Humongous regions: 6->6
[112.966s][info][gc,metaspace   ] GC(792) Metaspace: 72088K->72088K(1114112K)
[112.966s][info][gc             ] GC(792) Pause Young (Normal) (G1 Evacuation Pause) 288M->57M(387M) 3.365ms
[112.966s][info][gc,cpu         ] GC(792) User=0.01s Sys=0.00s Real=0.00s
[113.074s][info][gc,start       ] GC(793) Pause Young (Normal) (G1 Evacuation Pause)
[113.074s][info][gc,task        ] GC(793) Using 1 workers of 1 for evacuation
[113.077s][info][gc,phases      ] GC(793)   Pre Evacuate Collection Set: 0.0ms
[113.077s][info][gc,phases      ] GC(793)   Evacuate Collection Set: 2.7ms
[113.077s][info][gc,phases      ] GC(793)   Post Evacuate Collection Set: 0.3ms
[113.077s][info][gc,phases      ] GC(793)   Other: 0.3ms
[113.077s][info][gc,heap        ] GC(793) Eden regions: 231->0(231)
[113.077s][info][gc,heap        ] GC(793) Survivor regions: 1->1(29)
[113.077s][info][gc,heap        ] GC(793) Old regions: 52->52
[113.077s][info][gc,heap        ] GC(793) Humongous regions: 6->6
[113.077s][info][gc,metaspace   ] GC(793) Metaspace: 72088K->72088K(1114112K)
[113.077s][info][gc             ] GC(793) Pause Young (Normal) (G1 Evacuation Pause) 288M->57M(387M) 3.350ms
[113.077s][info][gc,cpu         ] GC(793) User=0.00s Sys=0.00s Real=0.00s
[113.184s][info][gc,start       ] GC(794) Pause Young (Normal) (G1 Evacuation Pause)
[113.184s][info][gc,task        ] GC(794) Using 1 workers of 1 for evacuation
[113.188s][info][gc,phases      ] GC(794)   Pre Evacuate Collection Set: 0.0ms
[113.188s][info][gc,phases      ] GC(794)   Evacuate Collection Set: 2.8ms
[113.188s][info][gc,phases      ] GC(794)   Post Evacuate Collection Set: 0.3ms
[113.188s][info][gc,phases      ] GC(794)   Other: 0.4ms
[113.188s][info][gc,heap        ] GC(794) Eden regions: 231->0(231)
[113.188s][info][gc,heap        ] GC(794) Survivor regions: 1->1(29)
[113.188s][info][gc,heap        ] GC(794) Old regions: 52->52
[113.188s][info][gc,heap        ] GC(794) Humongous regions: 6->6
[113.188s][info][gc,metaspace   ] GC(794) Metaspace: 72088K->72088K(1114112K)
[113.188s][info][gc             ] GC(794) Pause Young (Normal) (G1 Evacuation Pause) 288M->57M(387M) 3.571ms
[113.188s][info][gc,cpu         ] GC(794) User=0.01s Sys=0.00s Real=0.00s
[113.297s][info][gc,start       ] GC(795) Pause Young (Normal) (G1 Evacuation Pause)
[113.297s][info][gc,task        ] GC(795) Using 1 workers of 1 for evacuation
[113.300s][info][gc,phases      ] GC(795)   Pre Evacuate Collection Set: 0.0ms
[113.300s][info][gc,phases      ] GC(795)   Evacuate Collection Set: 2.8ms
[113.300s][info][gc,phases      ] GC(795)   Post Evacuate Collection Set: 0.4ms
[113.301s][info][gc,phases      ] GC(795)   Other: 0.3ms
[113.301s][info][gc,heap        ] GC(795) Eden regions: 231->0(231)
[113.301s][info][gc,heap        ] GC(795) Survivor regions: 1->1(29)
[113.301s][info][gc,heap        ] GC(795) Old regions: 52->52
[113.301s][info][gc,heap        ] GC(795) Humongous regions: 6->6
[113.301s][info][gc,metaspace   ] GC(795) Metaspace: 72088K->72088K(1114112K)
[113.301s][info][gc             ] GC(795) Pause Young (Normal) (G1 Evacuation Pause) 288M->57M(387M) 3.478ms
[113.301s][info][gc,cpu         ] GC(795) User=0.00s Sys=0.00s Real=0.01s
[113.410s][info][gc,start       ] GC(796) Pause Young (Normal) (G1 Evacuation Pause)
[113.410s][info][gc,task        ] GC(796) Using 1 workers of 1 for evacuation
[113.413s][info][gc,phases      ] GC(796)   Pre Evacuate Collection Set: 0.0ms
[113.413s][info][gc,phases      ] GC(796)   Evacuate Collection Set: 2.6ms
[113.413s][info][gc,phases      ] GC(796)   Post Evacuate Collection Set: 0.3ms
[113.413s][info][gc,phases      ] GC(796)   Other: 0.3ms
[113.413s][info][gc,heap        ] GC(796) Eden regions: 231->0(231)
[113.413s][info][gc,heap        ] GC(796) Survivor regions: 1->1(29)
[113.413s][info][gc,heap        ] GC(796) Old regions: 52->52
[113.413s][info][gc,heap        ] GC(796) Humongous regions: 6->6
[113.413s][info][gc,metaspace   ] GC(796) Metaspace: 72088K->72088K(1114112K)
[113.413s][info][gc             ] GC(796) Pause Young (Normal) (G1 Evacuation Pause) 288M->57M(387M) 3.260ms
[113.413s][info][gc,cpu         ] GC(796) User=0.00s Sys=0.00s Real=0.00s
[113.521s][info][gc,start       ] GC(797) Pause Young (Normal) (G1 Evacuation Pause)
[113.521s][info][gc,task        ] GC(797) Using 1 workers of 1 for evacuation
[113.524s][info][gc,phases      ] GC(797)   Pre Evacuate Collection Set: 0.0ms
[113.524s][info][gc,phases      ] GC(797)   Evacuate Collection Set: 2.5ms
[113.524s][info][gc,phases      ] GC(797)   Post Evacuate Collection Set: 0.4ms
[113.524s][info][gc,phases      ] GC(797)   Other: 0.3ms
[113.524s][info][gc,heap        ] GC(797) Eden regions: 231->0(231)
[113.524s][info][gc,heap        ] GC(797) Survivor regions: 1->1(29)
[113.524s][info][gc,heap        ] GC(797) Old regions: 52->52
[113.524s][info][gc,heap        ] GC(797) Humongous regions: 6->6
[113.524s][info][gc,metaspace   ] GC(797) Metaspace: 72088K->72088K(1114112K)
[113.524s][info][gc             ] GC(797) Pause Young (Normal) (G1 Evacuation Pause) 288M->57M(387M) 3.213ms
[113.525s][info][gc,cpu         ] GC(797) User=0.00s Sys=0.00s Real=0.00s
[113.631s][info][gc,start       ] GC(798) Pause Young (Normal) (G1 Evacuation Pause)
[113.631s][info][gc,task        ] GC(798) Using 1 workers of 1 for evacuation
[113.634s][info][gc,phases      ] GC(798)   Pre Evacuate Collection Set: 0.0ms
[113.634s][info][gc,phases      ] GC(798)   Evacuate Collection Set: 2.7ms
[113.634s][info][gc,phases      ] GC(798)   Post Evacuate Collection Set: 0.3ms
[113.634s][info][gc,phases      ] GC(798)   Other: 0.3ms
[113.634s][info][gc,heap        ] GC(798) Eden regions: 231->0(231)
[113.634s][info][gc,heap        ] GC(798) Survivor regions: 1->1(29)
[113.634s][info][gc,heap        ] GC(798) Old regions: 52->52
[113.634s][info][gc,heap        ] GC(798) Humongous regions: 6->6
[113.634s][info][gc,metaspace   ] GC(798) Metaspace: 72088K->72088K(1114112K)
[113.634s][info][gc             ] GC(798) Pause Young (Normal) (G1 Evacuation Pause) 288M->57M(387M) 3.356ms
[113.634s][info][gc,cpu         ] GC(798) User=0.00s Sys=0.00s Real=0.00s
[113.753s][info][gc,start       ] GC(799) Pause Young (Normal) (G1 Evacuation Pause)
[113.753s][info][gc,task        ] GC(799) Using 1 workers of 1 for evacuation
[113.756s][info][gc,phases      ] GC(799)   Pre Evacuate Collection Set: 0.0ms
[113.756s][info][gc,phases      ] GC(799)   Evacuate Collection Set: 2.6ms
[113.756s][info][gc,phases      ] GC(799)   Post Evacuate Collection Set: 0.3ms
[113.756s][info][gc,phases      ] GC(799)   Other: 0.3ms
[113.756s][info][gc,heap        ] GC(799) Eden regions: 231->0(231)
[113.756s][info][gc,heap        ] GC(799) Survivor regions: 1->1(29)
[113.756s][info][gc,heap        ] GC(799) Old regions: 52->52
[113.756s][info][gc,heap        ] GC(799) Humongous regions: 6->6
[113.756s][info][gc,metaspace   ] GC(799) Metaspace: 72088K->72088K(1114112K)
[113.756s][info][gc             ] GC(799) Pause Young (Normal) (G1 Evacuation Pause) 288M->57M(387M) 3.361ms
[113.756s][info][gc,cpu         ] GC(799) User=0.01s Sys=0.00s Real=0.00s
[113.896s][info][gc,start       ] GC(800) Pause Young (Normal) (G1 Evacuation Pause)
[113.896s][info][gc,task        ] GC(800) Using 1 workers of 1 for evacuation
[113.899s][info][gc,phases      ] GC(800)   Pre Evacuate Collection Set: 0.0ms
[113.899s][info][gc,phases      ] GC(800)   Evacuate Collection Set: 2.5ms
[113.899s][info][gc,phases      ] GC(800)   Post Evacuate Collection Set: 0.3ms
[113.899s][info][gc,phases      ] GC(800)   Other: 0.4ms
[113.899s][info][gc,heap        ] GC(800) Eden regions: 231->0(231)
[113.899s][info][gc,heap        ] GC(800) Survivor regions: 1->1(29)
[113.899s][info][gc,heap        ] GC(800) Old regions: 52->52
[113.899s][info][gc,heap        ] GC(800) Humongous regions: 11->6
[113.899s][info][gc,metaspace   ] GC(800) Metaspace: 72089K->72089K(1114112K)
[113.899s][info][gc             ] GC(800) Pause Young (Normal) (G1 Evacuation Pause) 293M->56M(387M) 3.259ms
[113.899s][info][gc,cpu         ] GC(800) User=0.00s Sys=0.00s Real=0.01s
[114.011s][info][gc,start       ] GC(801) Pause Young (Normal) (G1 Evacuation Pause)
[114.011s][info][gc,task        ] GC(801) Using 1 workers of 1 for evacuation
[114.014s][info][gc,phases      ] GC(801)   Pre Evacuate Collection Set: 0.0ms
[114.014s][info][gc,phases      ] GC(801)   Evacuate Collection Set: 2.6ms
[114.014s][info][gc,phases      ] GC(801)   Post Evacuate Collection Set: 0.3ms
[114.014s][info][gc,phases      ] GC(801)   Other: 0.4ms
[114.014s][info][gc,heap        ] GC(801) Eden regions: 231->0(231)
[114.014s][info][gc,heap        ] GC(801) Survivor regions: 1->1(29)
[114.014s][info][gc,heap        ] GC(801) Old regions: 52->52
[114.014s][info][gc,heap        ] GC(801) Humongous regions: 6->6
[114.014s][info][gc,metaspace   ] GC(801) Metaspace: 72089K->72089K(1114112K)
[114.014s][info][gc             ] GC(801) Pause Young (Normal) (G1 Evacuation Pause) 287M->56M(387M) 3.324ms
[114.014s][info][gc,cpu         ] GC(801) User=0.00s Sys=0.00s Real=0.00s
[114.147s][info][gc,start       ] GC(802) Pause Young (Normal) (G1 Evacuation Pause)
[114.147s][info][gc,task        ] GC(802) Using 1 workers of 1 for evacuation
[114.150s][info][gc,phases      ] GC(802)   Pre Evacuate Collection Set: 0.0ms
[114.150s][info][gc,phases      ] GC(802)   Evacuate Collection Set: 2.4ms
[114.150s][info][gc,phases      ] GC(802)   Post Evacuate Collection Set: 0.3ms
[114.150s][info][gc,phases      ] GC(802)   Other: 0.3ms
[114.150s][info][gc,heap        ] GC(802) Eden regions: 231->0(231)
[114.150s][info][gc,heap        ] GC(802) Survivor regions: 1->1(29)
[114.150s][info][gc,heap        ] GC(802) Old regions: 52->52
[114.150s][info][gc,heap        ] GC(802) Humongous regions: 6->6
[114.150s][info][gc,metaspace   ] GC(802) Metaspace: 72089K->72089K(1114112K)
[114.150s][info][gc             ] GC(802) Pause Young (Normal) (G1 Evacuation Pause) 287M->56M(387M) 3.087ms
[114.150s][info][gc,cpu         ] GC(802) User=0.00s Sys=0.00s Real=0.01s
[114.272s][info][gc,start       ] GC(803) Pause Young (Normal) (G1 Evacuation Pause)
[114.272s][info][gc,task        ] GC(803) Using 1 workers of 1 for evacuation
[114.275s][info][gc,phases      ] GC(803)   Pre Evacuate Collection Set: 0.0ms
[114.275s][info][gc,phases      ] GC(803)   Evacuate Collection Set: 2.5ms
[114.275s][info][gc,phases      ] GC(803)   Post Evacuate Collection Set: 0.3ms
[114.275s][info][gc,phases      ] GC(803)   Other: 0.3ms
[114.275s][info][gc,heap        ] GC(803) Eden regions: 231->0(231)
[114.275s][info][gc,heap        ] GC(803) Survivor regions: 1->1(29)
[114.275s][info][gc,heap        ] GC(803) Old regions: 52->52
[114.275s][info][gc,heap        ] GC(803) Humongous regions: 6->6
[114.275s][info][gc,metaspace   ] GC(803) Metaspace: 72089K->72089K(1114112K)
[114.275s][info][gc             ] GC(803) Pause Young (Normal) (G1 Evacuation Pause) 287M->56M(387M) 3.143ms
[114.275s][info][gc,cpu         ] GC(803) User=0.00s Sys=0.00s Real=0.00s
[114.388s][info][gc,start       ] GC(804) Pause Young (Normal) (G1 Evacuation Pause)
[114.388s][info][gc,task        ] GC(804) Using 1 workers of 1 for evacuation
[114.391s][info][gc,phases      ] GC(804)   Pre Evacuate Collection Set: 0.0ms
[114.391s][info][gc,phases      ] GC(804)   Evacuate Collection Set: 2.6ms
[114.391s][info][gc,phases      ] GC(804)   Post Evacuate Collection Set: 0.3ms
[114.391s][info][gc,phases      ] GC(804)   Other: 0.3ms
[114.391s][info][gc,heap        ] GC(804) Eden regions: 231->0(231)
[114.391s][info][gc,heap        ] GC(804) Survivor regions: 1->1(29)
[114.391s][info][gc,heap        ] GC(804) Old regions: 52->52
[114.391s][info][gc,heap        ] GC(804) Humongous regions: 6->6
[114.391s][info][gc,metaspace   ] GC(804) Metaspace: 72089K->72089K(1114112K)
[114.391s][info][gc             ] GC(804) Pause Young (Normal) (G1 Evacuation Pause) 287M->56M(387M) 3.269ms
[114.391s][info][gc,cpu         ] GC(804) User=0.01s Sys=0.00s Real=0.01s
[114.499s][info][gc,start       ] GC(805) Pause Young (Normal) (G1 Evacuation Pause)
[114.499s][info][gc,task        ] GC(805) Using 1 workers of 1 for evacuation
[114.502s][info][gc,phases      ] GC(805)   Pre Evacuate Collection Set: 0.0ms
[114.502s][info][gc,phases      ] GC(805)   Evacuate Collection Set: 2.4ms
[114.502s][info][gc,phases      ] GC(805)   Post Evacuate Collection Set: 0.3ms
[114.502s][info][gc,phases      ] GC(805)   Other: 0.3ms
[114.502s][info][gc,heap        ] GC(805) Eden regions: 231->0(231)
[114.502s][info][gc,heap        ] GC(805) Survivor regions: 1->1(29)
[114.502s][info][gc,heap        ] GC(805) Old regions: 52->52
[114.502s][info][gc,heap        ] GC(805) Humongous regions: 6->6
[114.502s][info][gc,metaspace   ] GC(805) Metaspace: 72089K->72089K(1114112K)
[114.502s][info][gc             ] GC(805) Pause Young (Normal) (G1 Evacuation Pause) 287M->56M(387M) 3.102ms
[114.502s][info][gc,cpu         ] GC(805) User=0.00s Sys=0.00s Real=0.00s
[114.613s][info][gc,start       ] GC(806) Pause Young (Normal) (G1 Evacuation Pause)
[114.613s][info][gc,task        ] GC(806) Using 1 workers of 1 for evacuation
[114.616s][info][gc,phases      ] GC(806)   Pre Evacuate Collection Set: 0.0ms
[114.616s][info][gc,phases      ] GC(806)   Evacuate Collection Set: 2.5ms
[114.616s][info][gc,phases      ] GC(806)   Post Evacuate Collection Set: 0.3ms
[114.616s][info][gc,phases      ] GC(806)   Other: 0.3ms
[114.616s][info][gc,heap        ] GC(806) Eden regions: 231->0(231)
[114.616s][info][gc,heap        ] GC(806) Survivor regions: 1->1(29)
[114.616s][info][gc,heap        ] GC(806) Old regions: 52->52
[114.616s][info][gc,heap        ] GC(806) Humongous regions: 6->6
[114.616s][info][gc,metaspace   ] GC(806) Metaspace: 72089K->72089K(1114112K)
[114.616s][info][gc             ] GC(806) Pause Young (Normal) (G1 Evacuation Pause) 287M->56M(387M) 3.180ms
[114.616s][info][gc,cpu         ] GC(806) User=0.00s Sys=0.00s Real=0.00s
[114.727s][info][gc,start       ] GC(807) Pause Young (Normal) (G1 Evacuation Pause)
[114.727s][info][gc,task        ] GC(807) Using 1 workers of 1 for evacuation
[114.731s][info][gc,phases      ] GC(807)   Pre Evacuate Collection Set: 0.0ms
[114.731s][info][gc,phases      ] GC(807)   Evacuate Collection Set: 2.7ms
[114.731s][info][gc,phases      ] GC(807)   Post Evacuate Collection Set: 0.3ms
[114.731s][info][gc,phases      ] GC(807)   Other: 0.3ms
[114.731s][info][gc,heap        ] GC(807) Eden regions: 231->0(231)
[114.731s][info][gc,heap        ] GC(807) Survivor regions: 1->1(29)
[114.731s][info][gc,heap        ] GC(807) Old regions: 52->52
[114.731s][info][gc,heap        ] GC(807) Humongous regions: 6->6
[114.731s][info][gc,metaspace   ] GC(807) Metaspace: 72089K->72089K(1114112K)
[114.731s][info][gc             ] GC(807) Pause Young (Normal) (G1 Evacuation Pause) 287M->57M(387M) 3.418ms
[114.731s][info][gc,cpu         ] GC(807) User=0.00s Sys=0.00s Real=0.01s
[114.847s][info][gc,start       ] GC(808) Pause Young (Normal) (G1 Evacuation Pause)
[114.847s][info][gc,task        ] GC(808) Using 1 workers of 1 for evacuation
[114.850s][info][gc,phases      ] GC(808)   Pre Evacuate Collection Set: 0.0ms
[114.850s][info][gc,phases      ] GC(808)   Evacuate Collection Set: 2.5ms
[114.850s][info][gc,phases      ] GC(808)   Post Evacuate Collection Set: 0.3ms
[114.850s][info][gc,phases      ] GC(808)   Other: 0.4ms
[114.850s][info][gc,heap        ] GC(808) Eden regions: 231->0(231)
[114.850s][info][gc,heap        ] GC(808) Survivor regions: 1->1(29)
[114.850s][info][gc,heap        ] GC(808) Old regions: 52->52
[114.850s][info][gc,heap        ] GC(808) Humongous regions: 6->6
[114.850s][info][gc,metaspace   ] GC(808) Metaspace: 72089K->72089K(1114112K)
[114.850s][info][gc             ] GC(808) Pause Young (Normal) (G1 Evacuation Pause) 288M->57M(387M) 3.273ms
[114.850s][info][gc,cpu         ] GC(808) User=0.00s Sys=0.00s Real=0.01s
[114.990s][info][gc,start       ] GC(809) Pause Young (Normal) (G1 Evacuation Pause)
[114.990s][info][gc,task        ] GC(809) Using 1 workers of 1 for evacuation
[114.993s][info][gc,phases      ] GC(809)   Pre Evacuate Collection Set: 0.0ms
[114.993s][info][gc,phases      ] GC(809)   Evacuate Collection Set: 2.8ms
[114.993s][info][gc,phases      ] GC(809)   Post Evacuate Collection Set: 0.4ms
[114.993s][info][gc,phases      ] GC(809)   Other: 0.3ms
[114.993s][info][gc,heap        ] GC(809) Eden regions: 231->0(231)
[114.993s][info][gc,heap        ] GC(809) Survivor regions: 1->1(29)
[114.993s][info][gc,heap        ] GC(809) Old regions: 52->52
[114.993s][info][gc,heap        ] GC(809) Humongous regions: 11->6
[114.993s][info][gc,metaspace   ] GC(809) Metaspace: 72092K->72092K(1114112K)
[114.993s][info][gc             ] GC(809) Pause Young (Normal) (G1 Evacuation Pause) 293M->57M(387M) 3.623ms
[114.993s][info][gc,cpu         ] GC(809) User=0.01s Sys=0.00s Real=0.01s
[115.099s][info][gc,start       ] GC(810) Pause Young (Normal) (G1 Evacuation Pause)
[115.100s][info][gc,task        ] GC(810) Using 1 workers of 1 for evacuation
[115.103s][info][gc,phases      ] GC(810)   Pre Evacuate Collection Set: 0.0ms
[115.103s][info][gc,phases      ] GC(810)   Evacuate Collection Set: 2.7ms
[115.103s][info][gc,phases      ] GC(810)   Post Evacuate Collection Set: 0.3ms
[115.103s][info][gc,phases      ] GC(810)   Other: 0.3ms
[115.103s][info][gc,heap        ] GC(810) Eden regions: 231->0(231)
[115.103s][info][gc,heap        ] GC(810) Survivor regions: 1->1(29)
[115.103s][info][gc,heap        ] GC(810) Old regions: 52->52
[115.103s][info][gc,heap        ] GC(810) Humongous regions: 6->6
[115.103s][info][gc,metaspace   ] GC(810) Metaspace: 72092K->72092K(1114112K)
[115.103s][info][gc             ] GC(810) Pause Young (Normal) (G1 Evacuation Pause) 288M->57M(387M) 3.330ms
[115.103s][info][gc,cpu         ] GC(810) User=0.01s Sys=0.00s Real=0.00s
[115.209s][info][gc,start       ] GC(811) Pause Young (Normal) (G1 Evacuation Pause)
[115.209s][info][gc,task        ] GC(811) Using 1 workers of 1 for evacuation
[115.212s][info][gc,phases      ] GC(811)   Pre Evacuate Collection Set: 0.0ms
[115.212s][info][gc,phases      ] GC(811)   Evacuate Collection Set: 2.6ms
[115.212s][info][gc,phases      ] GC(811)   Post Evacuate Collection Set: 0.4ms
[115.212s][info][gc,phases      ] GC(811)   Other: 0.4ms
[115.212s][info][gc,heap        ] GC(811) Eden regions: 231->0(231)
[115.212s][info][gc,heap        ] GC(811) Survivor regions: 1->1(29)
[115.212s][info][gc,heap        ] GC(811) Old regions: 52->52
[115.212s][info][gc,heap        ] GC(811) Humongous regions: 6->6
[115.212s][info][gc,metaspace   ] GC(811) Metaspace: 72092K->72092K(1114112K)
[115.212s][info][gc             ] GC(811) Pause Young (Normal) (G1 Evacuation Pause) 288M->57M(387M) 3.353ms
[115.212s][info][gc,cpu         ] GC(811) User=0.01s Sys=0.00s Real=0.01s
[115.321s][info][gc,start       ] GC(812) Pause Young (Normal) (G1 Evacuation Pause)
[115.321s][info][gc,task        ] GC(812) Using 1 workers of 1 for evacuation
[115.324s][info][gc,phases      ] GC(812)   Pre Evacuate Collection Set: 0.0ms
[115.324s][info][gc,phases      ] GC(812)   Evacuate Collection Set: 2.5ms
[115.324s][info][gc,phases      ] GC(812)   Post Evacuate Collection Set: 0.4ms
[115.324s][info][gc,phases      ] GC(812)   Other: 0.3ms
[115.324s][info][gc,heap        ] GC(812) Eden regions: 231->0(231)
[115.324s][info][gc,heap        ] GC(812) Survivor regions: 1->1(29)
[115.324s][info][gc,heap        ] GC(812) Old regions: 52->52
[115.324s][info][gc,heap        ] GC(812) Humongous regions: 6->6
[115.324s][info][gc,metaspace   ] GC(812) Metaspace: 72092K->72092K(1114112K)
[115.324s][info][gc             ] GC(812) Pause Young (Normal) (G1 Evacuation Pause) 288M->57M(387M) 3.257ms
[115.324s][info][gc,cpu         ] GC(812) User=0.01s Sys=0.00s Real=0.00s
[115.433s][info][gc,start       ] GC(813) Pause Young (Normal) (G1 Evacuation Pause)
[115.434s][info][gc,task        ] GC(813) Using 1 workers of 1 for evacuation
[115.437s][info][gc,phases      ] GC(813)   Pre Evacuate Collection Set: 0.0ms
[115.437s][info][gc,phases      ] GC(813)   Evacuate Collection Set: 2.6ms
[115.437s][info][gc,phases      ] GC(813)   Post Evacuate Collection Set: 0.4ms
[115.437s][info][gc,phases      ] GC(813)   Other: 0.4ms
[115.437s][info][gc,heap        ] GC(813) Eden regions: 231->0(231)
[115.437s][info][gc,heap        ] GC(813) Survivor regions: 1->1(29)
[115.437s][info][gc,heap        ] GC(813) Old regions: 52->52
[115.437s][info][gc,heap        ] GC(813) Humongous regions: 6->6
[115.437s][info][gc,metaspace   ] GC(813) Metaspace: 72092K->72092K(1114112K)
[115.437s][info][gc             ] GC(813) Pause Young (Normal) (G1 Evacuation Pause) 288M->57M(387M) 3.400ms
[115.437s][info][gc,cpu         ] GC(813) User=0.00s Sys=0.00s Real=0.00s
[115.544s][info][gc,start       ] GC(814) Pause Young (Normal) (G1 Evacuation Pause)
[115.544s][info][gc,task        ] GC(814) Using 1 workers of 1 for evacuation
[115.547s][info][gc,phases      ] GC(814)   Pre Evacuate Collection Set: 0.0ms
[115.547s][info][gc,phases      ] GC(814)   Evacuate Collection Set: 2.6ms
[115.547s][info][gc,phases      ] GC(814)   Post Evacuate Collection Set: 0.3ms
[115.547s][info][gc,phases      ] GC(814)   Other: 0.3ms
[115.547s][info][gc,heap        ] GC(814) Eden regions: 231->0(231)
[115.547s][info][gc,heap        ] GC(814) Survivor regions: 1->1(29)
[115.547s][info][gc,heap        ] GC(814) Old regions: 52->52
[115.547s][info][gc,heap        ] GC(814) Humongous regions: 6->6
[115.547s][info][gc,metaspace   ] GC(814) Metaspace: 72092K->72092K(1114112K)
[115.547s][info][gc             ] GC(814) Pause Young (Normal) (G1 Evacuation Pause) 288M->57M(387M) 3.220ms
[115.547s][info][gc,cpu         ] GC(814) User=0.00s Sys=0.00s Real=0.00s
[115.653s][info][gc,start       ] GC(815) Pause Young (Normal) (G1 Evacuation Pause)
[115.653s][info][gc,task        ] GC(815) Using 1 workers of 1 for evacuation
[115.657s][info][gc,phases      ] GC(815)   Pre Evacuate Collection Set: 0.0ms
[115.657s][info][gc,phases      ] GC(815)   Evacuate Collection Set: 2.6ms
[115.657s][info][gc,phases      ] GC(815)   Post Evacuate Collection Set: 0.4ms
[115.657s][info][gc,phases      ] GC(815)   Other: 0.4ms
[115.657s][info][gc,heap        ] GC(815) Eden regions: 231->0(231)
[115.657s][info][gc,heap        ] GC(815) Survivor regions: 1->1(29)
[115.657s][info][gc,heap        ] GC(815) Old regions: 52->52
[115.657s][info][gc,heap        ] GC(815) Humongous regions: 6->6
[115.657s][info][gc,metaspace   ] GC(815) Metaspace: 72092K->72092K(1114112K)
[115.657s][info][gc             ] GC(815) Pause Young (Normal) (G1 Evacuation Pause) 288M->57M(387M) 3.450ms
[115.657s][info][gc,cpu         ] GC(815) User=0.00s Sys=0.00s Real=0.00s
[115.767s][info][gc,start       ] GC(816) Pause Young (Normal) (G1 Evacuation Pause)
[115.767s][info][gc,task        ] GC(816) Using 1 workers of 1 for evacuation
[115.770s][info][gc,phases      ] GC(816)   Pre Evacuate Collection Set: 0.0ms
[115.770s][info][gc,phases      ] GC(816)   Evacuate Collection Set: 2.4ms
[115.770s][info][gc,phases      ] GC(816)   Post Evacuate Collection Set: 0.3ms
[115.770s][info][gc,phases      ] GC(816)   Other: 0.3ms
[115.770s][info][gc,heap        ] GC(816) Eden regions: 231->0(231)
[115.770s][info][gc,heap        ] GC(816) Survivor regions: 1->1(29)
[115.770s][info][gc,heap        ] GC(816) Old regions: 52->52
[115.770s][info][gc,heap        ] GC(816) Humongous regions: 6->6
[115.770s][info][gc,metaspace   ] GC(816) Metaspace: 72092K->72092K(1114112K)
[115.770s][info][gc             ] GC(816) Pause Young (Normal) (G1 Evacuation Pause) 288M->57M(387M) 3.174ms
[115.770s][info][gc,cpu         ] GC(816) User=0.00s Sys=0.00s Real=0.01s
[115.876s][info][gc,start       ] GC(817) Pause Young (Normal) (G1 Evacuation Pause)
[115.876s][info][gc,task        ] GC(817) Using 1 workers of 1 for evacuation
[115.879s][info][gc,phases      ] GC(817)   Pre Evacuate Collection Set: 0.0ms
[115.879s][info][gc,phases      ] GC(817)   Evacuate Collection Set: 2.5ms
[115.879s][info][gc,phases      ] GC(817)   Post Evacuate Collection Set: 0.3ms
[115.879s][info][gc,phases      ] GC(817)   Other: 0.3ms
[115.879s][info][gc,heap        ] GC(817) Eden regions: 231->0(231)
[115.879s][info][gc,heap        ] GC(817) Survivor regions: 1->1(29)
[115.879s][info][gc,heap        ] GC(817) Old regions: 52->52
[115.879s][info][gc,heap        ] GC(817) Humongous regions: 6->6
[115.879s][info][gc,metaspace   ] GC(817) Metaspace: 72092K->72092K(1114112K)
[115.879s][info][gc             ] GC(817) Pause Young (Normal) (G1 Evacuation Pause) 288M->57M(387M) 3.179ms
[115.879s][info][gc,cpu         ] GC(817) User=0.01s Sys=0.00s Real=0.01s
[115.988s][info][gc,start       ] GC(818) Pause Young (Normal) (G1 Evacuation Pause)
[115.988s][info][gc,task        ] GC(818) Using 1 workers of 1 for evacuation
[115.992s][info][gc,phases      ] GC(818)   Pre Evacuate Collection Set: 0.0ms
[115.992s][info][gc,phases      ] GC(818)   Evacuate Collection Set: 3.1ms
[115.992s][info][gc,phases      ] GC(818)   Post Evacuate Collection Set: 0.4ms
[115.992s][info][gc,phases      ] GC(818)   Other: 0.6ms
[115.992s][info][gc,heap        ] GC(818) Eden regions: 231->0(231)
[115.992s][info][gc,heap        ] GC(818) Survivor regions: 1->1(29)
[115.992s][info][gc,heap        ] GC(818) Old regions: 52->52
[115.992s][info][gc,heap        ] GC(818) Humongous regions: 6->6
[115.992s][info][gc,metaspace   ] GC(818) Metaspace: 72092K->72092K(1114112K)
[115.992s][info][gc             ] GC(818) Pause Young (Normal) (G1 Evacuation Pause) 288M->57M(387M) 4.156ms
[115.992s][info][gc,cpu         ] GC(818) User=0.00s Sys=0.00s Real=0.01s
[116.119s][info][gc,start       ] GC(819) Pause Young (Normal) (G1 Evacuation Pause)
[116.119s][info][gc,task        ] GC(819) Using 1 workers of 1 for evacuation
[116.122s][info][gc,phases      ] GC(819)   Pre Evacuate Collection Set: 0.0ms
[116.122s][info][gc,phases      ] GC(819)   Evacuate Collection Set: 2.4ms
[116.122s][info][gc,phases      ] GC(819)   Post Evacuate Collection Set: 0.3ms
[116.122s][info][gc,phases      ] GC(819)   Other: 0.3ms
[116.122s][info][gc,heap        ] GC(819) Eden regions: 231->0(231)
[116.122s][info][gc,heap        ] GC(819) Survivor regions: 1->1(29)
[116.122s][info][gc,heap        ] GC(819) Old regions: 52->52
[116.122s][info][gc,heap        ] GC(819) Humongous regions: 11->6
[116.122s][info][gc,metaspace   ] GC(819) Metaspace: 72096K->72096K(1114112K)
[116.122s][info][gc             ] GC(819) Pause Young (Normal) (G1 Evacuation Pause) 293M->56M(387M) 3.089ms
[116.122s][info][gc,cpu         ] GC(819) User=0.00s Sys=0.00s Real=0.00s
[116.251s][info][gc,start       ] GC(820) Pause Young (Normal) (G1 Evacuation Pause)
[116.251s][info][gc,task        ] GC(820) Using 1 workers of 1 for evacuation
[116.254s][info][gc,phases      ] GC(820)   Pre Evacuate Collection Set: 0.0ms
[116.254s][info][gc,phases      ] GC(820)   Evacuate Collection Set: 2.3ms
[116.254s][info][gc,phases      ] GC(820)   Post Evacuate Collection Set: 0.4ms
[116.254s][info][gc,phases      ] GC(820)   Other: 0.3ms
[116.254s][info][gc,heap        ] GC(820) Eden regions: 231->0(231)
[116.254s][info][gc,heap        ] GC(820) Survivor regions: 1->1(29)
[116.254s][info][gc,heap        ] GC(820) Old regions: 52->52
[116.254s][info][gc,heap        ] GC(820) Humongous regions: 6->6
[116.254s][info][gc,metaspace   ] GC(820) Metaspace: 72096K->72096K(1114112K)
[116.254s][info][gc             ] GC(820) Pause Young (Normal) (G1 Evacuation Pause) 287M->56M(387M) 3.054ms
[116.254s][info][gc,cpu         ] GC(820) User=0.00s Sys=0.00s Real=0.00s
[116.362s][info][gc,start       ] GC(821) Pause Young (Normal) (G1 Evacuation Pause)
[116.362s][info][gc,task        ] GC(821) Using 1 workers of 1 for evacuation
[116.365s][info][gc,phases      ] GC(821)   Pre Evacuate Collection Set: 0.0ms
[116.365s][info][gc,phases      ] GC(821)   Evacuate Collection Set: 2.3ms
[116.365s][info][gc,phases      ] GC(821)   Post Evacuate Collection Set: 0.3ms
[116.365s][info][gc,phases      ] GC(821)   Other: 0.4ms
[116.365s][info][gc,heap        ] GC(821) Eden regions: 231->0(231)
[116.365s][info][gc,heap        ] GC(821) Survivor regions: 1->1(29)
[116.365s][info][gc,heap        ] GC(821) Old regions: 52->52
[116.365s][info][gc,heap        ] GC(821) Humongous regions: 6->6
[116.365s][info][gc,metaspace   ] GC(821) Metaspace: 72096K->72096K(1114112K)
[116.365s][info][gc             ] GC(821) Pause Young (Normal) (G1 Evacuation Pause) 287M->56M(387M) 3.241ms
[116.365s][info][gc,cpu         ] GC(821) User=0.00s Sys=0.00s Real=0.00s
[116.477s][info][gc,start       ] GC(822) Pause Young (Normal) (G1 Evacuation Pause)
[116.477s][info][gc,task        ] GC(822) Using 1 workers of 1 for evacuation
[116.480s][info][gc,phases      ] GC(822)   Pre Evacuate Collection Set: 0.0ms
[116.480s][info][gc,phases      ] GC(822)   Evacuate Collection Set: 2.4ms
[116.480s][info][gc,phases      ] GC(822)   Post Evacuate Collection Set: 0.3ms
[116.480s][info][gc,phases      ] GC(822)   Other: 0.3ms
[116.480s][info][gc,heap        ] GC(822) Eden regions: 231->0(231)
[116.480s][info][gc,heap        ] GC(822) Survivor regions: 1->1(29)
[116.480s][info][gc,heap        ] GC(822) Old regions: 52->52
[116.480s][info][gc,heap        ] GC(822) Humongous regions: 6->6
[116.480s][info][gc,metaspace   ] GC(822) Metaspace: 72096K->72096K(1114112K)
[116.480s][info][gc             ] GC(822) Pause Young (Normal) (G1 Evacuation Pause) 287M->56M(387M) 3.029ms
[116.480s][info][gc,cpu         ] GC(822) User=0.00s Sys=0.00s Real=0.01s
[116.586s][info][gc,start       ] GC(823) Pause Young (Normal) (G1 Evacuation Pause)
[116.586s][info][gc,task        ] GC(823) Using 1 workers of 1 for evacuation
[116.589s][info][gc,phases      ] GC(823)   Pre Evacuate Collection Set: 0.0ms
[116.589s][info][gc,phases      ] GC(823)   Evacuate Collection Set: 2.4ms
[116.589s][info][gc,phases      ] GC(823)   Post Evacuate Collection Set: 0.3ms
[116.589s][info][gc,phases      ] GC(823)   Other: 0.3ms
[116.589s][info][gc,heap        ] GC(823) Eden regions: 231->0(231)
[116.589s][info][gc,heap        ] GC(823) Survivor regions: 1->1(29)
[116.589s][info][gc,heap        ] GC(823) Old regions: 52->52
[116.589s][info][gc,heap        ] GC(823) Humongous regions: 6->6
[116.589s][info][gc,metaspace   ] GC(823) Metaspace: 72096K->72096K(1114112K)
[116.589s][info][gc             ] GC(823) Pause Young (Normal) (G1 Evacuation Pause) 287M->56M(387M) 3.068ms
[116.589s][info][gc,cpu         ] GC(823) User=0.01s Sys=0.00s Real=0.00s
[116.700s][info][gc,start       ] GC(824) Pause Young (Normal) (G1 Evacuation Pause)
[116.700s][info][gc,task        ] GC(824) Using 1 workers of 1 for evacuation
[116.703s][info][gc,phases      ] GC(824)   Pre Evacuate Collection Set: 0.0ms
[116.703s][info][gc,phases      ] GC(824)   Evacuate Collection Set: 2.6ms
[116.703s][info][gc,phases      ] GC(824)   Post Evacuate Collection Set: 0.3ms
[116.703s][info][gc,phases      ] GC(824)   Other: 0.3ms
[116.703s][info][gc,heap        ] GC(824) Eden regions: 231->0(231)
[116.703s][info][gc,heap        ] GC(824) Survivor regions: 1->1(29)
[116.703s][info][gc,heap        ] GC(824) Old regions: 52->52
[116.703s][info][gc,heap        ] GC(824) Humongous regions: 6->6
[116.703s][info][gc,metaspace   ] GC(824) Metaspace: 72096K->72096K(1114112K)
[116.703s][info][gc             ] GC(824) Pause Young (Normal) (G1 Evacuation Pause) 287M->56M(387M) 3.235ms
[116.704s][info][gc,cpu         ] GC(824) User=0.00s Sys=0.00s Real=0.00s
[116.825s][info][gc,start       ] GC(825) Pause Young (Normal) (G1 Evacuation Pause)
[116.825s][info][gc,task        ] GC(825) Using 1 workers of 1 for evacuation
[116.828s][info][gc,phases      ] GC(825)   Pre Evacuate Collection Set: 0.0ms
[116.828s][info][gc,phases      ] GC(825)   Evacuate Collection Set: 2.4ms
[116.828s][info][gc,phases      ] GC(825)   Post Evacuate Collection Set: 0.3ms
[116.828s][info][gc,phases      ] GC(825)   Other: 0.3ms
[116.828s][info][gc,heap        ] GC(825) Eden regions: 231->0(231)
[116.828s][info][gc,heap        ] GC(825) Survivor regions: 1->1(29)
[116.828s][info][gc,heap        ] GC(825) Old regions: 52->52
[116.828s][info][gc,heap        ] GC(825) Humongous regions: 6->6
[116.829s][info][gc,metaspace   ] GC(825) Metaspace: 72096K->72096K(1114112K)
[116.829s][info][gc             ] GC(825) Pause Young (Normal) (G1 Evacuation Pause) 287M->56M(387M) 3.072ms
[116.829s][info][gc,cpu         ] GC(825) User=0.00s Sys=0.00s Real=0.00s
[116.938s][info][gc,start       ] GC(826) Pause Young (Normal) (G1 Evacuation Pause)
[116.938s][info][gc,task        ] GC(826) Using 1 workers of 1 for evacuation
[116.941s][info][gc,phases      ] GC(826)   Pre Evacuate Collection Set: 0.0ms
[116.941s][info][gc,phases      ] GC(826)   Evacuate Collection Set: 2.3ms
[116.941s][info][gc,phases      ] GC(826)   Post Evacuate Collection Set: 0.3ms
[116.941s][info][gc,phases      ] GC(826)   Other: 0.3ms
[116.941s][info][gc,heap        ] GC(826) Eden regions: 231->0(231)
[116.941s][info][gc,heap        ] GC(826) Survivor regions: 1->1(29)
[116.941s][info][gc,heap        ] GC(826) Old regions: 52->52
[116.941s][info][gc,heap        ] GC(826) Humongous regions: 6->6
[116.941s][info][gc,metaspace   ] GC(826) Metaspace: 72096K->72096K(1114112K)
[116.941s][info][gc             ] GC(826) Pause Young (Normal) (G1 Evacuation Pause) 287M->57M(387M) 3.009ms
[116.941s][info][gc,cpu         ] GC(826) User=0.00s Sys=0.00s Real=0.00s
[117.053s][info][gc,start       ] GC(827) Pause Young (Normal) (G1 Evacuation Pause)
[117.053s][info][gc,task        ] GC(827) Using 1 workers of 1 for evacuation
[117.056s][info][gc,phases      ] GC(827)   Pre Evacuate Collection Set: 0.0ms
[117.056s][info][gc,phases      ] GC(827)   Evacuate Collection Set: 2.7ms
[117.056s][info][gc,phases      ] GC(827)   Post Evacuate Collection Set: 0.4ms
[117.056s][info][gc,phases      ] GC(827)   Other: 0.3ms
[117.056s][info][gc,heap        ] GC(827) Eden regions: 231->0(231)
[117.056s][info][gc,heap        ] GC(827) Survivor regions: 1->1(29)
[117.056s][info][gc,heap        ] GC(827) Old regions: 52->52
[117.056s][info][gc,heap        ] GC(827) Humongous regions: 6->6
[117.056s][info][gc,metaspace   ] GC(827) Metaspace: 72096K->72096K(1114112K)
[117.056s][info][gc             ] GC(827) Pause Young (Normal) (G1 Evacuation Pause) 288M->57M(387M) 3.449ms
[117.056s][info][gc,cpu         ] GC(827) User=0.00s Sys=0.00s Real=0.00s
[117.168s][info][gc,start       ] GC(828) Pause Young (Normal) (G1 Evacuation Pause)
[117.168s][info][gc,task        ] GC(828) Using 1 workers of 1 for evacuation
[117.171s][info][gc,phases      ] GC(828)   Pre Evacuate Collection Set: 0.0ms
[117.172s][info][gc,phases      ] GC(828)   Evacuate Collection Set: 2.6ms
[117.172s][info][gc,phases      ] GC(828)   Post Evacuate Collection Set: 0.4ms
[117.172s][info][gc,phases      ] GC(828)   Other: 0.4ms
[117.172s][info][gc,heap        ] GC(828) Eden regions: 231->0(231)
[117.172s][info][gc,heap        ] GC(828) Survivor regions: 1->1(29)
[117.172s][info][gc,heap        ] GC(828) Old regions: 52->52
[117.172s][info][gc,heap        ] GC(828) Humongous regions: 6->6
[117.172s][info][gc,metaspace   ] GC(828) Metaspace: 72096K->72096K(1114112K)
[117.172s][info][gc             ] GC(828) Pause Young (Normal) (G1 Evacuation Pause) 288M->57M(387M) 3.393ms
[117.172s][info][gc,cpu         ] GC(828) User=0.00s Sys=0.00s Real=0.01s
[117.303s][info][gc,start       ] GC(829) Pause Young (Normal) (G1 Evacuation Pause)
[117.303s][info][gc,task        ] GC(829) Using 1 workers of 1 for evacuation
[117.307s][info][gc,phases      ] GC(829)   Pre Evacuate Collection Set: 0.0ms
[117.307s][info][gc,phases      ] GC(829)   Evacuate Collection Set: 2.9ms
[117.307s][info][gc,phases      ] GC(829)   Post Evacuate Collection Set: 0.4ms
[117.307s][info][gc,phases      ] GC(829)   Other: 0.3ms
[117.307s][info][gc,heap        ] GC(829) Eden regions: 231->0(231)
[117.307s][info][gc,heap        ] GC(829) Survivor regions: 1->1(29)
[117.307s][info][gc,heap        ] GC(829) Old regions: 52->52
[117.307s][info][gc,heap        ] GC(829) Humongous regions: 11->6
[117.307s][info][gc,metaspace   ] GC(829) Metaspace: 72101K->72101K(1114112K)
[117.307s][info][gc             ] GC(829) Pause Young (Normal) (G1 Evacuation Pause) 293M->57M(387M) 3.656ms
[117.307s][info][gc,cpu         ] GC(829) User=0.00s Sys=0.00s Real=0.00s
[117.417s][info][gc,start       ] GC(830) Pause Young (Normal) (G1 Evacuation Pause)
[117.417s][info][gc,task        ] GC(830) Using 1 workers of 1 for evacuation
[117.420s][info][gc,phases      ] GC(830)   Pre Evacuate Collection Set: 0.0ms
[117.420s][info][gc,phases      ] GC(830)   Evacuate Collection Set: 2.6ms
[117.420s][info][gc,phases      ] GC(830)   Post Evacuate Collection Set: 0.3ms
[117.420s][info][gc,phases      ] GC(830)   Other: 0.3ms
[117.420s][info][gc,heap        ] GC(830) Eden regions: 231->0(231)
[117.420s][info][gc,heap        ] GC(830) Survivor regions: 1->1(29)
[117.420s][info][gc,heap        ] GC(830) Old regions: 52->52
[117.420s][info][gc,heap        ] GC(830) Humongous regions: 6->6
[117.420s][info][gc,metaspace   ] GC(830) Metaspace: 72101K->72101K(1114112K)
[117.420s][info][gc             ] GC(830) Pause Young (Normal) (G1 Evacuation Pause) 288M->57M(387M) 3.308ms
[117.420s][info][gc,cpu         ] GC(830) User=0.00s Sys=0.00s Real=0.01s
[117.530s][info][gc,start       ] GC(831) Pause Young (Normal) (G1 Evacuation Pause)
[117.531s][info][gc,task        ] GC(831) Using 1 workers of 1 for evacuation
[117.534s][info][gc,phases      ] GC(831)   Pre Evacuate Collection Set: 0.0ms
[117.534s][info][gc,phases      ] GC(831)   Evacuate Collection Set: 2.6ms
[117.534s][info][gc,phases      ] GC(831)   Post Evacuate Collection Set: 0.4ms
[117.534s][info][gc,phases      ] GC(831)   Other: 0.3ms
[117.534s][info][gc,heap        ] GC(831) Eden regions: 231->0(231)
[117.534s][info][gc,heap        ] GC(831) Survivor regions: 1->1(29)
[117.534s][info][gc,heap        ] GC(831) Old regions: 52->52
[117.534s][info][gc,heap        ] GC(831) Humongous regions: 6->6
[117.534s][info][gc,metaspace   ] GC(831) Metaspace: 72101K->72101K(1114112K)
[117.534s][info][gc             ] GC(831) Pause Young (Normal) (G1 Evacuation Pause) 288M->57M(387M) 3.420ms
[117.534s][info][gc,cpu         ] GC(831) User=0.01s Sys=0.00s Real=0.00s
[117.640s][info][gc,start       ] GC(832) Pause Young (Normal) (G1 Evacuation Pause)
[117.640s][info][gc,task        ] GC(832) Using 1 workers of 1 for evacuation
[117.643s][info][gc,phases      ] GC(832)   Pre Evacuate Collection Set: 0.0ms
[117.643s][info][gc,phases      ] GC(832)   Evacuate Collection Set: 2.7ms
[117.643s][info][gc,phases      ] GC(832)   Post Evacuate Collection Set: 0.4ms
[117.643s][info][gc,phases      ] GC(832)   Other: 0.3ms
[117.643s][info][gc,heap        ] GC(832) Eden regions: 231->0(231)
[117.643s][info][gc,heap        ] GC(832) Survivor regions: 1->1(29)
[117.643s][info][gc,heap        ] GC(832) Old regions: 52->52
[117.643s][info][gc,heap        ] GC(832) Humongous regions: 6->6
[117.643s][info][gc,metaspace   ] GC(832) Metaspace: 72101K->72101K(1114112K)
[117.643s][info][gc             ] GC(832) Pause Young (Normal) (G1 Evacuation Pause) 288M->57M(387M) 3.451ms
[117.643s][info][gc,cpu         ] GC(832) User=0.00s Sys=0.00s Real=0.00s
[117.752s][info][gc,start       ] GC(833) Pause Young (Normal) (G1 Evacuation Pause)
[117.752s][info][gc,task        ] GC(833) Using 1 workers of 1 for evacuation
[117.756s][info][gc,phases      ] GC(833)   Pre Evacuate Collection Set: 0.0ms
[117.756s][info][gc,phases      ] GC(833)   Evacuate Collection Set: 2.7ms
[117.756s][info][gc,phases      ] GC(833)   Post Evacuate Collection Set: 0.3ms
[117.756s][info][gc,phases      ] GC(833)   Other: 0.3ms
[117.756s][info][gc,heap        ] GC(833) Eden regions: 231->0(231)
[117.756s][info][gc,heap        ] GC(833) Survivor regions: 1->1(29)
[117.756s][info][gc,heap        ] GC(833) Old regions: 52->52
[117.756s][info][gc,heap        ] GC(833) Humongous regions: 6->6
[117.756s][info][gc,metaspace   ] GC(833) Metaspace: 72101K->72101K(1114112K)
[117.756s][info][gc             ] GC(833) Pause Young (Normal) (G1 Evacuation Pause) 288M->57M(387M) 3.423ms
[117.756s][info][gc,cpu         ] GC(833) User=0.01s Sys=0.00s Real=0.00s
[117.861s][info][gc,start       ] GC(834) Pause Young (Normal) (G1 Evacuation Pause)
[117.861s][info][gc,task        ] GC(834) Using 1 workers of 1 for evacuation
[117.864s][info][gc,phases      ] GC(834)   Pre Evacuate Collection Set: 0.0ms
[117.864s][info][gc,phases      ] GC(834)   Evacuate Collection Set: 2.7ms
[117.864s][info][gc,phases      ] GC(834)   Post Evacuate Collection Set: 0.3ms
[117.864s][info][gc,phases      ] GC(834)   Other: 0.3ms
[117.864s][info][gc,heap        ] GC(834) Eden regions: 231->0(231)
[117.864s][info][gc,heap        ] GC(834) Survivor regions: 1->1(29)
[117.864s][info][gc,heap        ] GC(834) Old regions: 52->52
[117.865s][info][gc,heap        ] GC(834) Humongous regions: 6->6
[117.865s][info][gc,metaspace   ] GC(834) Metaspace: 72101K->72101K(1114112K)
[117.865s][info][gc             ] GC(834) Pause Young (Normal) (G1 Evacuation Pause) 288M->57M(387M) 3.323ms
[117.865s][info][gc,cpu         ] GC(834) User=0.01s Sys=0.00s Real=0.00s
[117.972s][info][gc,start       ] GC(835) Pause Young (Normal) (G1 Evacuation Pause)
[117.972s][info][gc,task        ] GC(835) Using 1 workers of 1 for evacuation
[117.976s][info][gc,phases      ] GC(835)   Pre Evacuate Collection Set: 0.0ms
[117.976s][info][gc,phases      ] GC(835)   Evacuate Collection Set: 2.8ms
[117.976s][info][gc,phases      ] GC(835)   Post Evacuate Collection Set: 0.3ms
[117.976s][info][gc,phases      ] GC(835)   Other: 0.3ms
[117.976s][info][gc,heap        ] GC(835) Eden regions: 231->0(231)
[117.976s][info][gc,heap        ] GC(835) Survivor regions: 1->1(29)
[117.976s][info][gc,heap        ] GC(835) Old regions: 52->52
[117.976s][info][gc,heap        ] GC(835) Humongous regions: 6->6
[117.976s][info][gc,metaspace   ] GC(835) Metaspace: 72101K->72101K(1114112K)
[117.976s][info][gc             ] GC(835) Pause Young (Normal) (G1 Evacuation Pause) 288M->57M(387M) 3.597ms
[117.976s][info][gc,cpu         ] GC(835) User=0.01s Sys=0.00s Real=0.00s
[118.086s][info][gc,start       ] GC(836) Pause Young (Normal) (G1 Evacuation Pause)
[118.086s][info][gc,task        ] GC(836) Using 1 workers of 1 for evacuation
[118.089s][info][gc,phases      ] GC(836)   Pre Evacuate Collection Set: 0.0ms
[118.089s][info][gc,phases      ] GC(836)   Evacuate Collection Set: 2.5ms
[118.089s][info][gc,phases      ] GC(836)   Post Evacuate Collection Set: 0.5ms
[118.089s][info][gc,phases      ] GC(836)   Other: 0.3ms
[118.089s][info][gc,heap        ] GC(836) Eden regions: 231->0(231)
[118.089s][info][gc,heap        ] GC(836) Survivor regions: 1->1(29)
[118.089s][info][gc,heap        ] GC(836) Old regions: 52->52
[118.089s][info][gc,heap        ] GC(836) Humongous regions: 6->6
[118.089s][info][gc,metaspace   ] GC(836) Metaspace: 72101K->72101K(1114112K)
[118.089s][info][gc             ] GC(836) Pause Young (Normal) (G1 Evacuation Pause) 288M->57M(387M) 3.473ms
[118.089s][info][gc,cpu         ] GC(836) User=0.00s Sys=0.00s Real=0.00s
[118.195s][info][gc,start       ] GC(837) Pause Young (Normal) (G1 Evacuation Pause)
[118.195s][info][gc,task        ] GC(837) Using 1 workers of 1 for evacuation
[118.198s][info][gc,phases      ] GC(837)   Pre Evacuate Collection Set: 0.0ms
[118.198s][info][gc,phases      ] GC(837)   Evacuate Collection Set: 2.6ms
[118.198s][info][gc,phases      ] GC(837)   Post Evacuate Collection Set: 0.3ms
[118.198s][info][gc,phases      ] GC(837)   Other: 0.3ms
[118.198s][info][gc,heap        ] GC(837) Eden regions: 231->0(231)
[118.198s][info][gc,heap        ] GC(837) Survivor regions: 1->1(29)
[118.198s][info][gc,heap        ] GC(837) Old regions: 52->52
[118.198s][info][gc,heap        ] GC(837) Humongous regions: 6->6
[118.198s][info][gc,metaspace   ] GC(837) Metaspace: 72101K->72101K(1114112K)
[118.198s][info][gc             ] GC(837) Pause Young (Normal) (G1 Evacuation Pause) 288M->57M(387M) 3.220ms
[118.198s][info][gc,cpu         ] GC(837) User=0.00s Sys=0.00s Real=0.01s
[118.304s][info][gc,start       ] GC(838) Pause Young (Normal) (G1 Evacuation Pause)
[118.304s][info][gc,task        ] GC(838) Using 1 workers of 1 for evacuation
[118.307s][info][gc,phases      ] GC(838)   Pre Evacuate Collection Set: 0.0ms
[118.307s][info][gc,phases      ] GC(838)   Evacuate Collection Set: 2.6ms
[118.307s][info][gc,phases      ] GC(838)   Post Evacuate Collection Set: 0.3ms
[118.307s][info][gc,phases      ] GC(838)   Other: 0.3ms
[118.307s][info][gc,heap        ] GC(838) Eden regions: 231->0(231)
[118.307s][info][gc,heap        ] GC(838) Survivor regions: 1->1(29)
[118.307s][info][gc,heap        ] GC(838) Old regions: 52->52
[118.307s][info][gc,heap        ] GC(838) Humongous regions: 6->6
[118.307s][info][gc,metaspace   ] GC(838) Metaspace: 72101K->72101K(1114112K)
[118.307s][info][gc             ] GC(838) Pause Young (Normal) (G1 Evacuation Pause) 288M->57M(387M) 3.283ms
[118.307s][info][gc,cpu         ] GC(838) User=0.01s Sys=0.00s Real=0.00s
[118.433s][info][gc,start       ] GC(839) Pause Young (Normal) (G1 Evacuation Pause)
[118.433s][info][gc,task        ] GC(839) Using 1 workers of 1 for evacuation
[118.436s][info][gc,phases      ] GC(839)   Pre Evacuate Collection Set: 0.0ms
[118.436s][info][gc,phases      ] GC(839)   Evacuate Collection Set: 2.5ms
[118.436s][info][gc,phases      ] GC(839)   Post Evacuate Collection Set: 0.3ms
[118.436s][info][gc,phases      ] GC(839)   Other: 0.3ms
[118.436s][info][gc,heap        ] GC(839) Eden regions: 231->0(231)
[118.436s][info][gc,heap        ] GC(839) Survivor regions: 1->1(29)
[118.436s][info][gc,heap        ] GC(839) Old regions: 52->52
[118.436s][info][gc,heap        ] GC(839) Humongous regions: 11->6
[118.436s][info][gc,metaspace   ] GC(839) Metaspace: 72105K->72105K(1114112K)
[118.436s][info][gc             ] GC(839) Pause Young (Normal) (G1 Evacuation Pause) 293M->56M(387M) 3.204ms
[118.436s][info][gc,cpu         ] GC(839) User=0.01s Sys=0.00s Real=0.00s
[118.544s][info][gc,start       ] GC(840) Pause Young (Normal) (G1 Evacuation Pause)
[118.544s][info][gc,task        ] GC(840) Using 1 workers of 1 for evacuation
[118.547s][info][gc,phases      ] GC(840)   Pre Evacuate Collection Set: 0.0ms
[118.547s][info][gc,phases      ] GC(840)   Evacuate Collection Set: 2.4ms
[118.547s][info][gc,phases      ] GC(840)   Post Evacuate Collection Set: 0.3ms
[118.547s][info][gc,phases      ] GC(840)   Other: 0.3ms
[118.547s][info][gc,heap        ] GC(840) Eden regions: 231->0(231)
[118.547s][info][gc,heap        ] GC(840) Survivor regions: 1->1(29)
[118.547s][info][gc,heap        ] GC(840) Old regions: 52->52
[118.547s][info][gc,heap        ] GC(840) Humongous regions: 6->6
[118.547s][info][gc,metaspace   ] GC(840) Metaspace: 72105K->72105K(1114112K)
[118.547s][info][gc             ] GC(840) Pause Young (Normal) (G1 Evacuation Pause) 287M->56M(387M) 3.084ms
[118.547s][info][gc,cpu         ] GC(840) User=0.01s Sys=0.00s Real=0.00s
[118.658s][info][gc,start       ] GC(841) Pause Young (Normal) (G1 Evacuation Pause)
[118.658s][info][gc,task        ] GC(841) Using 1 workers of 1 for evacuation
[118.661s][info][gc,phases      ] GC(841)   Pre Evacuate Collection Set: 0.0ms
[118.661s][info][gc,phases      ] GC(841)   Evacuate Collection Set: 2.5ms
[118.661s][info][gc,phases      ] GC(841)   Post Evacuate Collection Set: 0.3ms
[118.661s][info][gc,phases      ] GC(841)   Other: 0.3ms
[118.661s][info][gc,heap        ] GC(841) Eden regions: 231->0(231)
[118.661s][info][gc,heap        ] GC(841) Survivor regions: 1->1(29)
[118.661s][info][gc,heap        ] GC(841) Old regions: 52->52
[118.661s][info][gc,heap        ] GC(841) Humongous regions: 6->6
[118.661s][info][gc,metaspace   ] GC(841) Metaspace: 72105K->72105K(1114112K)
[118.661s][info][gc             ] GC(841) Pause Young (Normal) (G1 Evacuation Pause) 287M->56M(387M) 3.209ms
[118.661s][info][gc,cpu         ] GC(841) User=0.00s Sys=0.00s Real=0.00s
[118.777s][info][gc,start       ] GC(842) Pause Young (Normal) (G1 Evacuation Pause)
[118.777s][info][gc,task        ] GC(842) Using 1 workers of 1 for evacuation
[118.780s][info][gc,phases      ] GC(842)   Pre Evacuate Collection Set: 0.0ms
[118.780s][info][gc,phases      ] GC(842)   Evacuate Collection Set: 2.5ms
[118.780s][info][gc,phases      ] GC(842)   Post Evacuate Collection Set: 0.3ms
[118.780s][info][gc,phases      ] GC(842)   Other: 0.3ms
[118.780s][info][gc,heap        ] GC(842) Eden regions: 231->0(231)
[118.780s][info][gc,heap        ] GC(842) Survivor regions: 1->1(29)
[118.780s][info][gc,heap        ] GC(842) Old regions: 52->52
[118.780s][info][gc,heap        ] GC(842) Humongous regions: 6->6
[118.780s][info][gc,metaspace   ] GC(842) Metaspace: 72105K->72105K(1114112K)
[118.780s][info][gc             ] GC(842) Pause Young (Normal) (G1 Evacuation Pause) 287M->56M(387M) 3.197ms
[118.780s][info][gc,cpu         ] GC(842) User=0.00s Sys=0.00s Real=0.01s
[118.887s][info][gc,start       ] GC(843) Pause Young (Normal) (G1 Evacuation Pause)
[118.887s][info][gc,task        ] GC(843) Using 1 workers of 1 for evacuation
[118.890s][info][gc,phases      ] GC(843)   Pre Evacuate Collection Set: 0.0ms
[118.890s][info][gc,phases      ] GC(843)   Evacuate Collection Set: 2.5ms
[118.890s][info][gc,phases      ] GC(843)   Post Evacuate Collection Set: 0.4ms
[118.890s][info][gc,phases      ] GC(843)   Other: 0.4ms
[118.890s][info][gc,heap        ] GC(843) Eden regions: 231->0(231)
[118.890s][info][gc,heap        ] GC(843) Survivor regions: 1->1(29)
[118.890s][info][gc,heap        ] GC(843) Old regions: 52->52
[118.890s][info][gc,heap        ] GC(843) Humongous regions: 6->6
[118.890s][info][gc,metaspace   ] GC(843) Metaspace: 72105K->72105K(1114112K)
[118.890s][info][gc             ] GC(843) Pause Young (Normal) (G1 Evacuation Pause) 287M->56M(387M) 3.331ms
[118.890s][info][gc,cpu         ] GC(843) User=0.00s Sys=0.00s Real=0.01s
[119.000s][info][gc,start       ] GC(844) Pause Young (Normal) (G1 Evacuation Pause)
[119.000s][info][gc,task        ] GC(844) Using 1 workers of 1 for evacuation
[119.003s][info][gc,phases      ] GC(844)   Pre Evacuate Collection Set: 0.0ms
[119.003s][info][gc,phases      ] GC(844)   Evacuate Collection Set: 2.6ms
[119.003s][info][gc,phases      ] GC(844)   Post Evacuate Collection Set: 0.3ms
[119.003s][info][gc,phases      ] GC(844)   Other: 0.3ms
[119.003s][info][gc,heap        ] GC(844) Eden regions: 231->0(231)
[119.003s][info][gc,heap        ] GC(844) Survivor regions: 1->1(29)
[119.003s][info][gc,heap        ] GC(844) Old regions: 52->52
[119.003s][info][gc,heap        ] GC(844) Humongous regions: 6->6
[119.003s][info][gc,metaspace   ] GC(844) Metaspace: 72105K->72105K(1114112K)
[119.003s][info][gc             ] GC(844) Pause Young (Normal) (G1 Evacuation Pause) 287M->57M(387M) 3.222ms
[119.003s][info][gc,cpu         ] GC(844) User=0.00s Sys=0.00s Real=0.00s
[119.110s][info][gc,start       ] GC(845) Pause Young (Normal) (G1 Evacuation Pause)
[119.110s][info][gc,task        ] GC(845) Using 1 workers of 1 for evacuation
[119.113s][info][gc,phases      ] GC(845)   Pre Evacuate Collection Set: 0.0ms
[119.113s][info][gc,phases      ] GC(845)   Evacuate Collection Set: 2.5ms
[119.113s][info][gc,phases      ] GC(845)   Post Evacuate Collection Set: 0.3ms
[119.113s][info][gc,phases      ] GC(845)   Other: 0.3ms
[119.113s][info][gc,heap        ] GC(845) Eden regions: 231->0(231)
[119.113s][info][gc,heap        ] GC(845) Survivor regions: 1->1(29)
[119.113s][info][gc,heap        ] GC(845) Old regions: 52->52
[119.113s][info][gc,heap        ] GC(845) Humongous regions: 6->6
[119.113s][info][gc,metaspace   ] GC(845) Metaspace: 72105K->72105K(1114112K)
[119.113s][info][gc             ] GC(845) Pause Young (Normal) (G1 Evacuation Pause) 288M->57M(387M) 3.160ms
[119.114s][info][gc,cpu         ] GC(845) User=0.00s Sys=0.00s Real=0.00s
[119.223s][info][gc,start       ] GC(846) Pause Young (Normal) (G1 Evacuation Pause)
[119.223s][info][gc,task        ] GC(846) Using 1 workers of 1 for evacuation
[119.226s][info][gc,phases      ] GC(846)   Pre Evacuate Collection Set: 0.0ms
[119.226s][info][gc,phases      ] GC(846)   Evacuate Collection Set: 2.5ms
[119.226s][info][gc,phases      ] GC(846)   Post Evacuate Collection Set: 0.4ms
[119.226s][info][gc,phases      ] GC(846)   Other: 0.3ms
[119.226s][info][gc,heap        ] GC(846) Eden regions: 231->0(231)
[119.226s][info][gc,heap        ] GC(846) Survivor regions: 1->1(29)
[119.226s][info][gc,heap        ] GC(846) Old regions: 52->52
[119.226s][info][gc,heap        ] GC(846) Humongous regions: 6->6
[119.226s][info][gc,metaspace   ] GC(846) Metaspace: 72105K->72105K(1114112K)
[119.226s][info][gc             ] GC(846) Pause Young (Normal) (G1 Evacuation Pause) 288M->57M(387M) 3.232ms
[119.226s][info][gc,cpu         ] GC(846) User=0.00s Sys=0.00s Real=0.00s
[119.339s][info][gc,start       ] GC(847) Pause Young (Normal) (G1 Evacuation Pause)
[119.339s][info][gc,task        ] GC(847) Using 1 workers of 1 for evacuation
[119.342s][info][gc,phases      ] GC(847)   Pre Evacuate Collection Set: 0.0ms
[119.342s][info][gc,phases      ] GC(847)   Evacuate Collection Set: 2.6ms
[119.342s][info][gc,phases      ] GC(847)   Post Evacuate Collection Set: 0.3ms
[119.342s][info][gc,phases      ] GC(847)   Other: 0.3ms
[119.342s][info][gc,heap        ] GC(847) Eden regions: 231->0(231)
[119.342s][info][gc,heap        ] GC(847) Survivor regions: 1->1(29)
[119.342s][info][gc,heap        ] GC(847) Old regions: 52->52
[119.342s][info][gc,heap        ] GC(847) Humongous regions: 6->6
[119.342s][info][gc,metaspace   ] GC(847) Metaspace: 72105K->72105K(1114112K)
[119.342s][info][gc             ] GC(847) Pause Young (Normal) (G1 Evacuation Pause) 288M->57M(387M) 3.307ms
[119.342s][info][gc,cpu         ] GC(847) User=0.01s Sys=0.00s Real=0.00s
[119.498s][info][gc,start       ] GC(848) Pause Young (Normal) (G1 Evacuation Pause)
[119.498s][info][gc,task        ] GC(848) Using 1 workers of 1 for evacuation
[119.502s][info][gc,phases      ] GC(848)   Pre Evacuate Collection Set: 0.0ms
[119.502s][info][gc,phases      ] GC(848)   Evacuate Collection Set: 2.7ms
[119.502s][info][gc,phases      ] GC(848)   Post Evacuate Collection Set: 0.4ms
[119.502s][info][gc,phases      ] GC(848)   Other: 0.4ms
[119.502s][info][gc,heap        ] GC(848) Eden regions: 231->0(231)
[119.502s][info][gc,heap        ] GC(848) Survivor regions: 1->1(29)
[119.502s][info][gc,heap        ] GC(848) Old regions: 52->52
[119.502s][info][gc,heap        ] GC(848) Humongous regions: 11->6
[119.502s][info][gc,metaspace   ] GC(848) Metaspace: 72112K->72112K(1114112K)
[119.502s][info][gc             ] GC(848) Pause Young (Normal) (G1 Evacuation Pause) 293M->57M(387M) 3.555ms
[119.502s][info][gc,cpu         ] GC(848) User=0.00s Sys=0.00s Real=0.00s
[119.607s][info][gc,start       ] GC(849) Pause Young (Normal) (G1 Evacuation Pause)
[119.607s][info][gc,task        ] GC(849) Using 1 workers of 1 for evacuation
[119.610s][info][gc,phases      ] GC(849)   Pre Evacuate Collection Set: 0.0ms
[119.610s][info][gc,phases      ] GC(849)   Evacuate Collection Set: 2.7ms
[119.610s][info][gc,phases      ] GC(849)   Post Evacuate Collection Set: 0.4ms
[119.610s][info][gc,phases      ] GC(849)   Other: 0.4ms
[119.610s][info][gc,heap        ] GC(849) Eden regions: 231->0(231)
[119.610s][info][gc,heap        ] GC(849) Survivor regions: 1->1(29)
[119.610s][info][gc,heap        ] GC(849) Old regions: 52->52
[119.610s][info][gc,heap        ] GC(849) Humongous regions: 6->6
[119.611s][info][gc,metaspace   ] GC(849) Metaspace: 72112K->72112K(1114112K)
[119.611s][info][gc             ] GC(849) Pause Young (Normal) (G1 Evacuation Pause) 288M->57M(387M) 3.453ms
[119.611s][info][gc,cpu         ] GC(849) User=0.00s Sys=0.00s Real=0.01s
[119.721s][info][gc,start       ] GC(850) Pause Young (Normal) (G1 Evacuation Pause)
[119.721s][info][gc,task        ] GC(850) Using 1 workers of 1 for evacuation
[119.724s][info][gc,phases      ] GC(850)   Pre Evacuate Collection Set: 0.0ms
[119.724s][info][gc,phases      ] GC(850)   Evacuate Collection Set: 2.7ms
[119.724s][info][gc,phases      ] GC(850)   Post Evacuate Collection Set: 0.3ms
[119.724s][info][gc,phases      ] GC(850)   Other: 0.3ms
[119.724s][info][gc,heap        ] GC(850) Eden regions: 231->0(231)
[119.724s][info][gc,heap        ] GC(850) Survivor regions: 1->1(29)
[119.724s][info][gc,heap        ] GC(850) Old regions: 52->52
[119.724s][info][gc,heap        ] GC(850) Humongous regions: 6->6
[119.724s][info][gc,metaspace   ] GC(850) Metaspace: 72112K->72112K(1114112K)
[119.724s][info][gc             ] GC(850) Pause Young (Normal) (G1 Evacuation Pause) 288M->57M(387M) 3.350ms
[119.724s][info][gc,cpu         ] GC(850) User=0.00s Sys=0.00s Real=0.00s
[119.836s][info][gc,start       ] GC(851) Pause Young (Normal) (G1 Evacuation Pause)
[119.836s][info][gc,task        ] GC(851) Using 1 workers of 1 for evacuation
[119.839s][info][gc,phases      ] GC(851)   Pre Evacuate Collection Set: 0.0ms
[119.839s][info][gc,phases      ] GC(851)   Evacuate Collection Set: 2.6ms
[119.839s][info][gc,phases      ] GC(851)   Post Evacuate Collection Set: 0.3ms
[119.839s][info][gc,phases      ] GC(851)   Other: 0.3ms
[119.839s][info][gc,heap        ] GC(851) Eden regions: 231->0(231)
[119.839s][info][gc,heap        ] GC(851) Survivor regions: 1->1(29)
[119.839s][info][gc,heap        ] GC(851) Old regions: 52->52
[119.839s][info][gc,heap        ] GC(851) Humongous regions: 6->6
[119.839s][info][gc,metaspace   ] GC(851) Metaspace: 72112K->72112K(1114112K)
[119.839s][info][gc             ] GC(851) Pause Young (Normal) (G1 Evacuation Pause) 288M->57M(387M) 3.284ms
[119.839s][info][gc,cpu         ] GC(851) User=0.00s Sys=0.00s Real=0.01s
[119.945s][info][gc,start       ] GC(852) Pause Young (Normal) (G1 Evacuation Pause)
[119.945s][info][gc,task        ] GC(852) Using 1 workers of 1 for evacuation
[119.948s][info][gc,phases      ] GC(852)   Pre Evacuate Collection Set: 0.0ms
[119.948s][info][gc,phases      ] GC(852)   Evacuate Collection Set: 2.6ms
[119.948s][info][gc,phases      ] GC(852)   Post Evacuate Collection Set: 0.3ms
[119.948s][info][gc,phases      ] GC(852)   Other: 0.3ms
[119.948s][info][gc,heap        ] GC(852) Eden regions: 231->0(231)
[119.948s][info][gc,heap        ] GC(852) Survivor regions: 1->1(29)
[119.948s][info][gc,heap        ] GC(852) Old regions: 52->52
[119.948s][info][gc,heap        ] GC(852) Humongous regions: 6->6
[119.948s][info][gc,metaspace   ] GC(852) Metaspace: 72112K->72112K(1114112K)
[119.948s][info][gc             ] GC(852) Pause Young (Normal) (G1 Evacuation Pause) 288M->57M(387M) 3.293ms
[119.948s][info][gc,cpu         ] GC(852) User=0.00s Sys=0.00s Real=0.00s
[120.054s][info][gc,start       ] GC(853) Pause Young (Normal) (G1 Evacuation Pause)
[120.054s][info][gc,task        ] GC(853) Using 1 workers of 1 for evacuation
[120.057s][info][gc,phases      ] GC(853)   Pre Evacuate Collection Set: 0.0ms
[120.057s][info][gc,phases      ] GC(853)   Evacuate Collection Set: 2.6ms
[120.057s][info][gc,phases      ] GC(853)   Post Evacuate Collection Set: 0.4ms
[120.057s][info][gc,phases      ] GC(853)   Other: 0.3ms
[120.057s][info][gc,heap        ] GC(853) Eden regions: 231->0(231)
[120.057s][info][gc,heap        ] GC(853) Survivor regions: 1->1(29)
[120.057s][info][gc,heap        ] GC(853) Old regions: 52->52
[120.057s][info][gc,heap        ] GC(853) Humongous regions: 6->6
[120.057s][info][gc,metaspace   ] GC(853) Metaspace: 72112K->72112K(1114112K)
[120.057s][info][gc             ] GC(853) Pause Young (Normal) (G1 Evacuation Pause) 288M->57M(387M) 3.281ms
[120.057s][info][gc,cpu         ] GC(853) User=0.00s Sys=0.00s Real=0.00s
[120.166s][info][gc,start       ] GC(854) Pause Young (Normal) (G1 Evacuation Pause)
[120.166s][info][gc,task        ] GC(854) Using 1 workers of 1 for evacuation
[120.170s][info][gc,phases      ] GC(854)   Pre Evacuate Collection Set: 0.0ms
[120.170s][info][gc,phases      ] GC(854)   Evacuate Collection Set: 3.3ms
[120.170s][info][gc,phases      ] GC(854)   Post Evacuate Collection Set: 0.4ms
[120.170s][info][gc,phases      ] GC(854)   Other: 0.4ms
[120.170s][info][gc,heap        ] GC(854) Eden regions: 231->0(231)
[120.170s][info][gc,heap        ] GC(854) Survivor regions: 1->1(29)
[120.170s][info][gc,heap        ] GC(854) Old regions: 52->52
[120.170s][info][gc,heap        ] GC(854) Humongous regions: 6->6
[120.170s][info][gc,metaspace   ] GC(854) Metaspace: 72112K->72112K(1114112K)
[120.171s][info][gc             ] GC(854) Pause Young (Normal) (G1 Evacuation Pause) 288M->57M(387M) 4.170ms
[120.171s][info][gc,cpu         ] GC(854) User=0.01s Sys=0.00s Real=0.01s
[120.278s][info][gc,start       ] GC(855) Pause Young (Normal) (G1 Evacuation Pause)
[120.278s][info][gc,task        ] GC(855) Using 1 workers of 1 for evacuation
[120.281s][info][gc,phases      ] GC(855)   Pre Evacuate Collection Set: 0.0ms
[120.281s][info][gc,phases      ] GC(855)   Evacuate Collection Set: 2.5ms
[120.281s][info][gc,phases      ] GC(855)   Post Evacuate Collection Set: 0.4ms
[120.282s][info][gc,phases      ] GC(855)   Other: 0.3ms
[120.282s][info][gc,heap        ] GC(855) Eden regions: 231->0(231)
[120.282s][info][gc,heap        ] GC(855) Survivor regions: 1->1(29)
[120.282s][info][gc,heap        ] GC(855) Old regions: 52->52
[120.282s][info][gc,heap        ] GC(855) Humongous regions: 6->6
[120.282s][info][gc,metaspace   ] GC(855) Metaspace: 72112K->72112K(1114112K)
[120.282s][info][gc             ] GC(855) Pause Young (Normal) (G1 Evacuation Pause) 288M->57M(387M) 3.222ms
[120.282s][info][gc,cpu         ] GC(855) User=0.01s Sys=0.00s Real=0.00s
[120.389s][info][gc,start       ] GC(856) Pause Young (Normal) (G1 Evacuation Pause)
[120.389s][info][gc,task        ] GC(856) Using 1 workers of 1 for evacuation
[120.392s][info][gc,phases      ] GC(856)   Pre Evacuate Collection Set: 0.0ms
[120.392s][info][gc,phases      ] GC(856)   Evacuate Collection Set: 2.5ms
[120.392s][info][gc,phases      ] GC(856)   Post Evacuate Collection Set: 0.3ms
[120.392s][info][gc,phases      ] GC(856)   Other: 0.3ms
[120.392s][info][gc,heap        ] GC(856) Eden regions: 231->0(231)
[120.392s][info][gc,heap        ] GC(856) Survivor regions: 1->1(29)
[120.392s][info][gc,heap        ] GC(856) Old regions: 52->52
[120.393s][info][gc,heap        ] GC(856) Humongous regions: 6->6
[120.393s][info][gc,metaspace   ] GC(856) Metaspace: 72112K->72112K(1114112K)
[120.393s][info][gc             ] GC(856) Pause Young (Normal) (G1 Evacuation Pause) 288M->57M(387M) 3.157ms
[120.393s][info][gc,cpu         ] GC(856) User=0.01s Sys=0.00s Real=0.01s
[120.502s][info][gc,start       ] GC(857) Pause Young (Normal) (G1 Evacuation Pause)
[120.502s][info][gc,task        ] GC(857) Using 1 workers of 1 for evacuation
[120.505s][info][gc,phases      ] GC(857)   Pre Evacuate Collection Set: 0.0ms
[120.505s][info][gc,phases      ] GC(857)   Evacuate Collection Set: 2.4ms
[120.505s][info][gc,phases      ] GC(857)   Post Evacuate Collection Set: 0.3ms
[120.505s][info][gc,phases      ] GC(857)   Other: 0.4ms
[120.505s][info][gc,heap        ] GC(857) Eden regions: 231->0(231)
[120.505s][info][gc,heap        ] GC(857) Survivor regions: 1->1(29)
[120.505s][info][gc,heap        ] GC(857) Old regions: 52->52
[120.505s][info][gc,heap        ] GC(857) Humongous regions: 6->6
[120.505s][info][gc,metaspace   ] GC(857) Metaspace: 72112K->72112K(1114112K)
[120.505s][info][gc             ] GC(857) Pause Young (Normal) (G1 Evacuation Pause) 288M->57M(387M) 3.263ms
[120.505s][info][gc,cpu         ] GC(857) User=0.00s Sys=0.00s Real=0.00s
[120.627s][info][gc,start       ] GC(858) Pause Young (Normal) (G1 Evacuation Pause)
[120.627s][info][gc,task        ] GC(858) Using 1 workers of 1 for evacuation
[120.630s][info][gc,phases      ] GC(858)   Pre Evacuate Collection Set: 0.0ms
[120.630s][info][gc,phases      ] GC(858)   Evacuate Collection Set: 2.4ms
[120.630s][info][gc,phases      ] GC(858)   Post Evacuate Collection Set: 0.4ms
[120.630s][info][gc,phases      ] GC(858)   Other: 0.3ms
[120.630s][info][gc,heap        ] GC(858) Eden regions: 231->0(231)
[120.630s][info][gc,heap        ] GC(858) Survivor regions: 1->1(29)
[120.630s][info][gc,heap        ] GC(858) Old regions: 52->52
[120.630s][info][gc,heap        ] GC(858) Humongous regions: 11->6
[120.630s][info][gc,metaspace   ] GC(858) Metaspace: 72112K->72112K(1114112K)
[120.630s][info][gc             ] GC(858) Pause Young (Normal) (G1 Evacuation Pause) 293M->57M(387M) 3.136ms
[120.630s][info][gc,cpu         ] GC(858) User=0.00s Sys=0.00s Real=0.00s
[120.749s][info][gc,start       ] GC(859) Pause Young (Normal) (G1 Evacuation Pause)
[120.749s][info][gc,task        ] GC(859) Using 1 workers of 1 for evacuation
[120.752s][info][gc,phases      ] GC(859)   Pre Evacuate Collection Set: 0.0ms
[120.752s][info][gc,phases      ] GC(859)   Evacuate Collection Set: 2.5ms
[120.752s][info][gc,phases      ] GC(859)   Post Evacuate Collection Set: 0.3ms
[120.752s][info][gc,phases      ] GC(859)   Other: 0.3ms
[120.752s][info][gc,heap        ] GC(859) Eden regions: 231->0(231)
[120.752s][info][gc,heap        ] GC(859) Survivor regions: 1->1(29)
[120.752s][info][gc,heap        ] GC(859) Old regions: 52->52
[120.752s][info][gc,heap        ] GC(859) Humongous regions: 6->6
[120.752s][info][gc,metaspace   ] GC(859) Metaspace: 72112K->72112K(1114112K)
[120.752s][info][gc             ] GC(859) Pause Young (Normal) (G1 Evacuation Pause) 288M->56M(387M) 3.213ms
[120.752s][info][gc,cpu         ] GC(859) User=0.00s Sys=0.00s Real=0.01s
[120.865s][info][gc,start       ] GC(860) Pause Young (Normal) (G1 Evacuation Pause)
[120.865s][info][gc,task        ] GC(860) Using 1 workers of 1 for evacuation
[120.868s][info][gc,phases      ] GC(860)   Pre Evacuate Collection Set: 0.0ms
[120.868s][info][gc,phases      ] GC(860)   Evacuate Collection Set: 2.4ms
[120.868s][info][gc,phases      ] GC(860)   Post Evacuate Collection Set: 0.4ms
[120.868s][info][gc,phases      ] GC(860)   Other: 0.3ms
[120.868s][info][gc,heap        ] GC(860) Eden regions: 231->0(231)
[120.868s][info][gc,heap        ] GC(860) Survivor regions: 1->1(29)
[120.868s][info][gc,heap        ] GC(860) Old regions: 52->52
[120.868s][info][gc,heap        ] GC(860) Humongous regions: 6->6
[120.868s][info][gc,metaspace   ] GC(860) Metaspace: 72112K->72112K(1114112K)
[120.868s][info][gc             ] GC(860) Pause Young (Normal) (G1 Evacuation Pause) 287M->56M(387M) 3.080ms
[120.868s][info][gc,cpu         ] GC(860) User=0.00s Sys=0.00s Real=0.00s
[120.974s][info][gc,start       ] GC(861) Pause Young (Normal) (G1 Evacuation Pause)
[120.974s][info][gc,task        ] GC(861) Using 1 workers of 1 for evacuation
[120.977s][info][gc,phases      ] GC(861)   Pre Evacuate Collection Set: 0.0ms
[120.977s][info][gc,phases      ] GC(861)   Evacuate Collection Set: 2.3ms
[120.977s][info][gc,phases      ] GC(861)   Post Evacuate Collection Set: 0.3ms
[120.977s][info][gc,phases      ] GC(861)   Other: 0.3ms
[120.977s][info][gc,heap        ] GC(861) Eden regions: 231->0(231)
[120.977s][info][gc,heap        ] GC(861) Survivor regions: 1->1(29)
[120.977s][info][gc,heap        ] GC(861) Old regions: 52->52
[120.977s][info][gc,heap        ] GC(861) Humongous regions: 6->6
[120.977s][info][gc,metaspace   ] GC(861) Metaspace: 72112K->72112K(1114112K)
[120.977s][info][gc             ] GC(861) Pause Young (Normal) (G1 Evacuation Pause) 287M->56M(387M) 2.976ms
[120.977s][info][gc,cpu         ] GC(861) User=0.00s Sys=0.00s Real=0.00s
[121.084s][info][gc,start       ] GC(862) Pause Young (Normal) (G1 Evacuation Pause)
[121.084s][info][gc,task        ] GC(862) Using 1 workers of 1 for evacuation
[121.087s][info][gc,phases      ] GC(862)   Pre Evacuate Collection Set: 0.0ms
[121.087s][info][gc,phases      ] GC(862)   Evacuate Collection Set: 2.5ms
[121.087s][info][gc,phases      ] GC(862)   Post Evacuate Collection Set: 0.3ms
[121.087s][info][gc,phases      ] GC(862)   Other: 0.6ms
[121.087s][info][gc,heap        ] GC(862) Eden regions: 231->0(231)
[121.087s][info][gc,heap        ] GC(862) Survivor regions: 1->1(29)
[121.088s][info][gc,heap        ] GC(862) Old regions: 52->52
[121.088s][info][gc,heap        ] GC(862) Humongous regions: 6->6
[121.088s][info][gc,metaspace   ] GC(862) Metaspace: 72112K->72112K(1114112K)
[121.088s][info][gc             ] GC(862) Pause Young (Normal) (G1 Evacuation Pause) 287M->57M(387M) 3.481ms
[121.088s][info][gc,cpu         ] GC(862) User=0.00s Sys=0.00s Real=0.00s
[121.195s][info][gc,start       ] GC(863) Pause Young (Normal) (G1 Evacuation Pause)
[121.195s][info][gc,task        ] GC(863) Using 1 workers of 1 for evacuation
[121.198s][info][gc,phases      ] GC(863)   Pre Evacuate Collection Set: 0.0ms
[121.198s][info][gc,phases      ] GC(863)   Evacuate Collection Set: 2.5ms
[121.198s][info][gc,phases      ] GC(863)   Post Evacuate Collection Set: 0.3ms
[121.198s][info][gc,phases      ] GC(863)   Other: 0.3ms
[121.198s][info][gc,heap        ] GC(863) Eden regions: 231->0(231)
[121.198s][info][gc,heap        ] GC(863) Survivor regions: 1->1(29)
[121.198s][info][gc,heap        ] GC(863) Old regions: 52->52
[121.198s][info][gc,heap        ] GC(863) Humongous regions: 6->6
[121.198s][info][gc,metaspace   ] GC(863) Metaspace: 72112K->72112K(1114112K)
[121.198s][info][gc             ] GC(863) Pause Young (Normal) (G1 Evacuation Pause) 288M->57M(387M) 3.178ms
[121.198s][info][gc,cpu         ] GC(863) User=0.00s Sys=0.00s Real=0.01s
[121.305s][info][gc,start       ] GC(864) Pause Young (Normal) (G1 Evacuation Pause)
[121.305s][info][gc,task        ] GC(864) Using 1 workers of 1 for evacuation
[121.308s][info][gc,phases      ] GC(864)   Pre Evacuate Collection Set: 0.0ms
[121.308s][info][gc,phases      ] GC(864)   Evacuate Collection Set: 2.3ms
[121.308s][info][gc,phases      ] GC(864)   Post Evacuate Collection Set: 0.3ms
[121.308s][info][gc,phases      ] GC(864)   Other: 0.4ms
[121.308s][info][gc,heap        ] GC(864) Eden regions: 231->0(231)
[121.308s][info][gc,heap        ] GC(864) Survivor regions: 1->1(29)
[121.308s][info][gc,heap        ] GC(864) Old regions: 52->52
[121.308s][info][gc,heap        ] GC(864) Humongous regions: 6->6
[121.308s][info][gc,metaspace   ] GC(864) Metaspace: 72112K->72112K(1114112K)
[121.308s][info][gc             ] GC(864) Pause Young (Normal) (G1 Evacuation Pause) 288M->57M(387M) 3.147ms
[121.308s][info][gc,cpu         ] GC(864) User=0.00s Sys=0.00s Real=0.00s
[121.416s][info][gc,start       ] GC(865) Pause Young (Normal) (G1 Evacuation Pause)
[121.416s][info][gc,task        ] GC(865) Using 1 workers of 1 for evacuation
[121.419s][info][gc,phases      ] GC(865)   Pre Evacuate Collection Set: 0.0ms
[121.419s][info][gc,phases      ] GC(865)   Evacuate Collection Set: 2.4ms
[121.419s][info][gc,phases      ] GC(865)   Post Evacuate Collection Set: 0.3ms
[121.419s][info][gc,phases      ] GC(865)   Other: 0.3ms
[121.419s][info][gc,heap        ] GC(865) Eden regions: 231->0(231)
[121.419s][info][gc,heap        ] GC(865) Survivor regions: 1->1(29)
[121.419s][info][gc,heap        ] GC(865) Old regions: 52->52
[121.419s][info][gc,heap        ] GC(865) Humongous regions: 6->6
[121.419s][info][gc,metaspace   ] GC(865) Metaspace: 72112K->72112K(1114112K)
[121.419s][info][gc             ] GC(865) Pause Young (Normal) (G1 Evacuation Pause) 288M->57M(387M) 3.095ms
[121.419s][info][gc,cpu         ] GC(865) User=0.00s Sys=0.00s Real=0.01s
[121.529s][info][gc,start       ] GC(866) Pause Young (Normal) (G1 Evacuation Pause)
[121.529s][info][gc,task        ] GC(866) Using 1 workers of 1 for evacuation
[121.532s][info][gc,phases      ] GC(866)   Pre Evacuate Collection Set: 0.0ms
[121.532s][info][gc,phases      ] GC(866)   Evacuate Collection Set: 2.5ms
[121.532s][info][gc,phases      ] GC(866)   Post Evacuate Collection Set: 0.4ms
[121.532s][info][gc,phases      ] GC(866)   Other: 0.3ms
[121.532s][info][gc,heap        ] GC(866) Eden regions: 231->0(231)
[121.532s][info][gc,heap        ] GC(866) Survivor regions: 1->1(29)
[121.532s][info][gc,heap        ] GC(866) Old regions: 52->52
[121.532s][info][gc,heap        ] GC(866) Humongous regions: 6->6
[121.532s][info][gc,metaspace   ] GC(866) Metaspace: 72112K->72112K(1114112K)
[121.532s][info][gc             ] GC(866) Pause Young (Normal) (G1 Evacuation Pause) 288M->57M(387M) 3.194ms
[121.532s][info][gc,cpu         ] GC(866) User=0.00s Sys=0.00s Real=0.01s
[121.662s][info][gc,start       ] GC(867) Pause Young (Normal) (G1 Evacuation Pause)
[121.662s][info][gc,task        ] GC(867) Using 1 workers of 1 for evacuation
[121.665s][info][gc,phases      ] GC(867)   Pre Evacuate Collection Set: 0.0ms
[121.665s][info][gc,phases      ] GC(867)   Evacuate Collection Set: 2.8ms
[121.665s][info][gc,phases      ] GC(867)   Post Evacuate Collection Set: 0.4ms
[121.665s][info][gc,phases      ] GC(867)   Other: 0.3ms
[121.665s][info][gc,heap        ] GC(867) Eden regions: 231->0(231)
[121.665s][info][gc,heap        ] GC(867) Survivor regions: 1->1(29)
[121.665s][info][gc,heap        ] GC(867) Old regions: 52->52
[121.665s][info][gc,heap        ] GC(867) Humongous regions: 11->6
[121.665s][info][gc,metaspace   ] GC(867) Metaspace: 72114K->72114K(1114112K)
[121.665s][info][gc             ] GC(867) Pause Young (Normal) (G1 Evacuation Pause) 293M->57M(387M) 3.524ms
[121.665s][info][gc,cpu         ] GC(867) User=0.01s Sys=0.00s Real=0.00s
[121.779s][info][gc,start       ] GC(868) Pause Young (Normal) (G1 Evacuation Pause)
[121.780s][info][gc,task        ] GC(868) Using 1 workers of 1 for evacuation
[121.783s][info][gc,phases      ] GC(868)   Pre Evacuate Collection Set: 0.0ms
[121.783s][info][gc,phases      ] GC(868)   Evacuate Collection Set: 2.7ms
[121.783s][info][gc,phases      ] GC(868)   Post Evacuate Collection Set: 0.3ms
[121.783s][info][gc,phases      ] GC(868)   Other: 0.3ms
[121.783s][info][gc,heap        ] GC(868) Eden regions: 231->0(231)
[121.783s][info][gc,heap        ] GC(868) Survivor regions: 1->1(29)
[121.783s][info][gc,heap        ] GC(868) Old regions: 52->52
[121.783s][info][gc,heap        ] GC(868) Humongous regions: 6->6
[121.783s][info][gc,metaspace   ] GC(868) Metaspace: 72114K->72114K(1114112K)
[121.783s][info][gc             ] GC(868) Pause Young (Normal) (G1 Evacuation Pause) 288M->57M(387M) 3.387ms
[121.783s][info][gc,cpu         ] GC(868) User=0.00s Sys=0.00s Real=0.00s
[121.888s][info][gc,start       ] GC(869) Pause Young (Normal) (G1 Evacuation Pause)
[121.888s][info][gc,task        ] GC(869) Using 1 workers of 1 for evacuation
[121.891s][info][gc,phases      ] GC(869)   Pre Evacuate Collection Set: 0.0ms
[121.892s][info][gc,phases      ] GC(869)   Evacuate Collection Set: 2.6ms
[121.892s][info][gc,phases      ] GC(869)   Post Evacuate Collection Set: 0.3ms
[121.892s][info][gc,phases      ] GC(869)   Other: 0.3ms
[121.892s][info][gc,heap        ] GC(869) Eden regions: 231->0(231)
[121.892s][info][gc,heap        ] GC(869) Survivor regions: 1->1(29)
[121.892s][info][gc,heap        ] GC(869) Old regions: 52->52
[121.892s][info][gc,heap        ] GC(869) Humongous regions: 6->6
[121.892s][info][gc,metaspace   ] GC(869) Metaspace: 72114K->72114K(1114112K)
[121.892s][info][gc             ] GC(869) Pause Young (Normal) (G1 Evacuation Pause) 288M->57M(387M) 3.309ms
[121.892s][info][gc,cpu         ] GC(869) User=0.00s Sys=0.00s Real=0.01s
[121.999s][info][gc,start       ] GC(870) Pause Young (Normal) (G1 Evacuation Pause)
[121.999s][info][gc,task        ] GC(870) Using 1 workers of 1 for evacuation
[122.002s][info][gc,phases      ] GC(870)   Pre Evacuate Collection Set: 0.0ms
[122.002s][info][gc,phases      ] GC(870)   Evacuate Collection Set: 2.7ms
[122.002s][info][gc,phases      ] GC(870)   Post Evacuate Collection Set: 0.3ms
[122.002s][info][gc,phases      ] GC(870)   Other: 0.3ms
[122.002s][info][gc,heap        ] GC(870) Eden regions: 231->0(231)
[122.002s][info][gc,heap        ] GC(870) Survivor regions: 1->1(29)
[122.002s][info][gc,heap        ] GC(870) Old regions: 52->52
[122.002s][info][gc,heap        ] GC(870) Humongous regions: 6->6
[122.002s][info][gc,metaspace   ] GC(870) Metaspace: 72114K->72114K(1114112K)
[122.002s][info][gc             ] GC(870) Pause Young (Normal) (G1 Evacuation Pause) 288M->57M(387M) 3.330ms
[122.002s][info][gc,cpu         ] GC(870) User=0.00s Sys=0.00s Real=0.00s
[122.107s][info][gc,start       ] GC(871) Pause Young (Normal) (G1 Evacuation Pause)
[122.107s][info][gc,task        ] GC(871) Using 1 workers of 1 for evacuation
[122.111s][info][gc,phases      ] GC(871)   Pre Evacuate Collection Set: 0.0ms
[122.111s][info][gc,phases      ] GC(871)   Evacuate Collection Set: 2.6ms
[122.111s][info][gc,phases      ] GC(871)   Post Evacuate Collection Set: 0.4ms
[122.111s][info][gc,phases      ] GC(871)   Other: 0.4ms
[122.111s][info][gc,heap        ] GC(871) Eden regions: 231->0(231)
[122.111s][info][gc,heap        ] GC(871) Survivor regions: 1->1(29)
[122.111s][info][gc,heap        ] GC(871) Old regions: 52->52
[122.111s][info][gc,heap        ] GC(871) Humongous regions: 6->6
[122.111s][info][gc,metaspace   ] GC(871) Metaspace: 72114K->72114K(1114112K)
[122.111s][info][gc             ] GC(871) Pause Young (Normal) (G1 Evacuation Pause) 288M->57M(387M) 3.424ms
[122.111s][info][gc,cpu         ] GC(871) User=0.00s Sys=0.00s Real=0.01s
[122.216s][info][gc,start       ] GC(872) Pause Young (Normal) (G1 Evacuation Pause)
[122.216s][info][gc,task        ] GC(872) Using 1 workers of 1 for evacuation
[122.219s][info][gc,phases      ] GC(872)   Pre Evacuate Collection Set: 0.0ms
[122.219s][info][gc,phases      ] GC(872)   Evacuate Collection Set: 2.6ms
[122.219s][info][gc,phases      ] GC(872)   Post Evacuate Collection Set: 0.4ms
[122.219s][info][gc,phases      ] GC(872)   Other: 0.3ms
[122.219s][info][gc,heap        ] GC(872) Eden regions: 231->0(231)
[122.219s][info][gc,heap        ] GC(872) Survivor regions: 1->1(29)
[122.219s][info][gc,heap        ] GC(872) Old regions: 52->52
[122.219s][info][gc,heap        ] GC(872) Humongous regions: 6->6
[122.219s][info][gc,metaspace   ] GC(872) Metaspace: 72114K->72114K(1114112K)
[122.219s][info][gc             ] GC(872) Pause Young (Normal) (G1 Evacuation Pause) 288M->57M(387M) 3.340ms
[122.219s][info][gc,cpu         ] GC(872) User=0.00s Sys=0.00s Real=0.01s
[122.325s][info][gc,start       ] GC(873) Pause Young (Normal) (G1 Evacuation Pause)
[122.325s][info][gc,task        ] GC(873) Using 1 workers of 1 for evacuation
[122.328s][info][gc,phases      ] GC(873)   Pre Evacuate Collection Set: 0.0ms
[122.328s][info][gc,phases      ] GC(873)   Evacuate Collection Set: 2.7ms
[122.328s][info][gc,phases      ] GC(873)   Post Evacuate Collection Set: 0.3ms
[122.328s][info][gc,phases      ] GC(873)   Other: 0.3ms
[122.328s][info][gc,heap        ] GC(873) Eden regions: 231->0(231)
[122.328s][info][gc,heap        ] GC(873) Survivor regions: 1->1(29)
[122.328s][info][gc,heap        ] GC(873) Old regions: 52->52
[122.328s][info][gc,heap        ] GC(873) Humongous regions: 6->6
[122.328s][info][gc,metaspace   ] GC(873) Metaspace: 72114K->72114K(1114112K)
[122.328s][info][gc             ] GC(873) Pause Young (Normal) (G1 Evacuation Pause) 288M->57M(387M) 3.367ms
[122.328s][info][gc,cpu         ] GC(873) User=0.01s Sys=0.00s Real=0.00s
[122.434s][info][gc,start       ] GC(874) Pause Young (Normal) (G1 Evacuation Pause)
[122.434s][info][gc,task        ] GC(874) Using 1 workers of 1 for evacuation
[122.437s][info][gc,phases      ] GC(874)   Pre Evacuate Collection Set: 0.1ms
[122.437s][info][gc,phases      ] GC(874)   Evacuate Collection Set: 2.4ms
[122.437s][info][gc,phases      ] GC(874)   Post Evacuate Collection Set: 0.3ms
[122.437s][info][gc,phases      ] GC(874)   Other: 0.3ms
[122.437s][info][gc,heap        ] GC(874) Eden regions: 231->0(231)
[122.437s][info][gc,heap        ] GC(874) Survivor regions: 1->1(29)
[122.437s][info][gc,heap        ] GC(874) Old regions: 52->52
[122.437s][info][gc,heap        ] GC(874) Humongous regions: 6->6
[122.437s][info][gc,metaspace   ] GC(874) Metaspace: 72114K->72114K(1114112K)
[122.437s][info][gc             ] GC(874) Pause Young (Normal) (G1 Evacuation Pause) 288M->57M(387M) 3.222ms
[122.437s][info][gc,cpu         ] GC(874) User=0.01s Sys=0.00s Real=0.00s
[122.542s][info][gc,start       ] GC(875) Pause Young (Normal) (G1 Evacuation Pause)
[122.542s][info][gc,task        ] GC(875) Using 1 workers of 1 for evacuation
[122.545s][info][gc,phases      ] GC(875)   Pre Evacuate Collection Set: 0.0ms
[122.545s][info][gc,phases      ] GC(875)   Evacuate Collection Set: 2.5ms
[122.545s][info][gc,phases      ] GC(875)   Post Evacuate Collection Set: 0.3ms
[122.545s][info][gc,phases      ] GC(875)   Other: 0.3ms
[122.545s][info][gc,heap        ] GC(875) Eden regions: 231->0(231)
[122.545s][info][gc,heap        ] GC(875) Survivor regions: 1->1(29)
[122.545s][info][gc,heap        ] GC(875) Old regions: 52->52
[122.545s][info][gc,heap        ] GC(875) Humongous regions: 6->6
[122.545s][info][gc,metaspace   ] GC(875) Metaspace: 72114K->72114K(1114112K)
[122.545s][info][gc             ] GC(875) Pause Young (Normal) (G1 Evacuation Pause) 288M->57M(387M) 3.133ms
[122.545s][info][gc,cpu         ] GC(875) User=0.00s Sys=0.00s Real=0.00s
[122.650s][info][gc,start       ] GC(876) Pause Young (Normal) (G1 Evacuation Pause)
[122.651s][info][gc,task        ] GC(876) Using 1 workers of 1 for evacuation
[122.654s][info][gc,phases      ] GC(876)   Pre Evacuate Collection Set: 0.0ms
[122.654s][info][gc,phases      ] GC(876)   Evacuate Collection Set: 2.4ms
[122.654s][info][gc,phases      ] GC(876)   Post Evacuate Collection Set: 0.4ms
[122.654s][info][gc,phases      ] GC(876)   Other: 0.3ms
[122.654s][info][gc,heap        ] GC(876) Eden regions: 231->0(231)
[122.654s][info][gc,heap        ] GC(876) Survivor regions: 1->1(29)
[122.654s][info][gc,heap        ] GC(876) Old regions: 52->52
[122.654s][info][gc,heap        ] GC(876) Humongous regions: 6->6
[122.654s][info][gc,metaspace   ] GC(876) Metaspace: 72114K->72114K(1114112K)
[122.654s][info][gc             ] GC(876) Pause Young (Normal) (G1 Evacuation Pause) 288M->57M(387M) 3.213ms
[122.654s][info][gc,cpu         ] GC(876) User=0.00s Sys=0.00s Real=0.00s
[122.778s][info][gc,start       ] GC(877) Pause Young (Normal) (G1 Evacuation Pause)
[122.778s][info][gc,task        ] GC(877) Using 1 workers of 1 for evacuation
[122.781s][info][gc,phases      ] GC(877)   Pre Evacuate Collection Set: 0.0ms
[122.781s][info][gc,phases      ] GC(877)   Evacuate Collection Set: 2.4ms
[122.781s][info][gc,phases      ] GC(877)   Post Evacuate Collection Set: 0.3ms
[122.781s][info][gc,phases      ] GC(877)   Other: 0.3ms
[122.781s][info][gc,heap        ] GC(877) Eden regions: 231->0(231)
[122.781s][info][gc,heap        ] GC(877) Survivor regions: 1->1(29)
[122.781s][info][gc,heap        ] GC(877) Old regions: 52->52
[122.781s][info][gc,heap        ] GC(877) Humongous regions: 11->6
[122.781s][info][gc,metaspace   ] GC(877) Metaspace: 72115K->72115K(1114112K)
[122.781s][info][gc             ] GC(877) Pause Young (Normal) (G1 Evacuation Pause) 293M->57M(387M) 3.107ms
[122.781s][info][gc,cpu         ] GC(877) User=0.00s Sys=0.00s Real=0.00s
[122.896s][info][gc,start       ] GC(878) Pause Young (Normal) (G1 Evacuation Pause)
[122.896s][info][gc,task        ] GC(878) Using 1 workers of 1 for evacuation
[122.899s][info][gc,phases      ] GC(878)   Pre Evacuate Collection Set: 0.0ms
[122.899s][info][gc,phases      ] GC(878)   Evacuate Collection Set: 2.4ms
[122.899s][info][gc,phases      ] GC(878)   Post Evacuate Collection Set: 0.3ms
[122.899s][info][gc,phases      ] GC(878)   Other: 0.4ms
[122.899s][info][gc,heap        ] GC(878) Eden regions: 231->0(231)
[122.899s][info][gc,heap        ] GC(878) Survivor regions: 1->1(29)
[122.899s][info][gc,heap        ] GC(878) Old regions: 52->52
[122.899s][info][gc,heap        ] GC(878) Humongous regions: 6->6
[122.899s][info][gc,metaspace   ] GC(878) Metaspace: 72115K->72115K(1114112K)
[122.899s][info][gc             ] GC(878) Pause Young (Normal) (G1 Evacuation Pause) 288M->57M(387M) 3.171ms
[122.899s][info][gc,cpu         ] GC(878) User=0.01s Sys=0.00s Real=0.01s
[123.008s][info][gc,start       ] GC(879) Pause Young (Normal) (G1 Evacuation Pause)
[123.008s][info][gc,task        ] GC(879) Using 1 workers of 1 for evacuation
[123.011s][info][gc,phases      ] GC(879)   Pre Evacuate Collection Set: 0.0ms
[123.011s][info][gc,phases      ] GC(879)   Evacuate Collection Set: 2.5ms
[123.011s][info][gc,phases      ] GC(879)   Post Evacuate Collection Set: 0.3ms
[123.011s][info][gc,phases      ] GC(879)   Other: 0.3ms
[123.011s][info][gc,heap        ] GC(879) Eden regions: 231->0(231)
[123.011s][info][gc,heap        ] GC(879) Survivor regions: 1->1(29)
[123.011s][info][gc,heap        ] GC(879) Old regions: 52->52
[123.011s][info][gc,heap        ] GC(879) Humongous regions: 6->6
[123.011s][info][gc,metaspace   ] GC(879) Metaspace: 72115K->72115K(1114112K)
[123.011s][info][gc             ] GC(879) Pause Young (Normal) (G1 Evacuation Pause) 288M->57M(387M) 3.202ms
[123.011s][info][gc,cpu         ] GC(879) User=0.00s Sys=0.00s Real=0.01s
[123.121s][info][gc,start       ] GC(880) Pause Young (Normal) (G1 Evacuation Pause)
[123.121s][info][gc,task        ] GC(880) Using 1 workers of 1 for evacuation
[123.124s][info][gc,phases      ] GC(880)   Pre Evacuate Collection Set: 0.0ms
[123.124s][info][gc,phases      ] GC(880)   Evacuate Collection Set: 2.4ms
[123.124s][info][gc,phases      ] GC(880)   Post Evacuate Collection Set: 0.3ms
[123.124s][info][gc,phases      ] GC(880)   Other: 0.3ms
[123.124s][info][gc,heap        ] GC(880) Eden regions: 231->0(231)
[123.124s][info][gc,heap        ] GC(880) Survivor regions: 1->1(29)
[123.124s][info][gc,heap        ] GC(880) Old regions: 52->52
[123.124s][info][gc,heap        ] GC(880) Humongous regions: 6->6
[123.124s][info][gc,metaspace   ] GC(880) Metaspace: 72115K->72115K(1114112K)
[123.124s][info][gc             ] GC(880) Pause Young (Normal) (G1 Evacuation Pause) 288M->57M(387M) 3.072ms
[123.124s][info][gc,cpu         ] GC(880) User=0.00s Sys=0.00s Real=0.00s
[123.230s][info][gc,start       ] GC(881) Pause Young (Normal) (G1 Evacuation Pause)
[123.230s][info][gc,task        ] GC(881) Using 1 workers of 1 for evacuation
[123.233s][info][gc,phases      ] GC(881)   Pre Evacuate Collection Set: 0.0ms
[123.233s][info][gc,phases      ] GC(881)   Evacuate Collection Set: 2.5ms
[123.233s][info][gc,phases      ] GC(881)   Post Evacuate Collection Set: 0.3ms
[123.233s][info][gc,phases      ] GC(881)   Other: 0.3ms
[123.233s][info][gc,heap        ] GC(881) Eden regions: 231->0(231)
[123.233s][info][gc,heap        ] GC(881) Survivor regions: 1->1(29)
[123.233s][info][gc,heap        ] GC(881) Old regions: 52->52
[123.233s][info][gc,heap        ] GC(881) Humongous regions: 6->6
[123.233s][info][gc,metaspace   ] GC(881) Metaspace: 72115K->72115K(1114112K)
[123.233s][info][gc             ] GC(881) Pause Young (Normal) (G1 Evacuation Pause) 288M->57M(387M) 3.163ms
[123.233s][info][gc,cpu         ] GC(881) User=0.00s Sys=0.00s Real=0.01s
[123.341s][info][gc,start       ] GC(882) Pause Young (Normal) (G1 Evacuation Pause)
[123.341s][info][gc,task        ] GC(882) Using 1 workers of 1 for evacuation
[123.344s][info][gc,phases      ] GC(882)   Pre Evacuate Collection Set: 0.0ms
[123.344s][info][gc,phases      ] GC(882)   Evacuate Collection Set: 2.5ms
[123.344s][info][gc,phases      ] GC(882)   Post Evacuate Collection Set: 0.3ms
[123.344s][info][gc,phases      ] GC(882)   Other: 0.3ms
[123.344s][info][gc,heap        ] GC(882) Eden regions: 231->0(231)
[123.344s][info][gc,heap        ] GC(882) Survivor regions: 1->1(29)
[123.344s][info][gc,heap        ] GC(882) Old regions: 52->52
[123.344s][info][gc,heap        ] GC(882) Humongous regions: 6->6
[123.344s][info][gc,metaspace   ] GC(882) Metaspace: 72115K->72115K(1114112K)
[123.344s][info][gc             ] GC(882) Pause Young (Normal) (G1 Evacuation Pause) 288M->57M(387M) 3.312ms
[123.344s][info][gc,cpu         ] GC(882) User=0.00s Sys=0.00s Real=0.00s
[123.453s][info][gc,start       ] GC(883) Pause Young (Normal) (G1 Evacuation Pause)
[123.453s][info][gc,task        ] GC(883) Using 1 workers of 1 for evacuation
[123.456s][info][gc,phases      ] GC(883)   Pre Evacuate Collection Set: 0.0ms
[123.456s][info][gc,phases      ] GC(883)   Evacuate Collection Set: 2.7ms
[123.456s][info][gc,phases      ] GC(883)   Post Evacuate Collection Set: 0.4ms
[123.456s][info][gc,phases      ] GC(883)   Other: 0.4ms
[123.456s][info][gc,heap        ] GC(883) Eden regions: 231->0(231)
[123.456s][info][gc,heap        ] GC(883) Survivor regions: 1->1(29)
[123.456s][info][gc,heap        ] GC(883) Old regions: 52->52
[123.456s][info][gc,heap        ] GC(883) Humongous regions: 6->6
[123.456s][info][gc,metaspace   ] GC(883) Metaspace: 72115K->72115K(1114112K)
[123.456s][info][gc             ] GC(883) Pause Young (Normal) (G1 Evacuation Pause) 288M->57M(387M) 3.554ms
[123.456s][info][gc,cpu         ] GC(883) User=0.00s Sys=0.00s Real=0.00s
[123.564s][info][gc,start       ] GC(884) Pause Young (Normal) (G1 Evacuation Pause)
[123.564s][info][gc,task        ] GC(884) Using 1 workers of 1 for evacuation
[123.568s][info][gc,phases      ] GC(884)   Pre Evacuate Collection Set: 0.0ms
[123.568s][info][gc,phases      ] GC(884)   Evacuate Collection Set: 2.6ms
[123.568s][info][gc,phases      ] GC(884)   Post Evacuate Collection Set: 0.4ms
[123.568s][info][gc,phases      ] GC(884)   Other: 0.3ms
[123.568s][info][gc,heap        ] GC(884) Eden regions: 231->0(231)
[123.568s][info][gc,heap        ] GC(884) Survivor regions: 1->1(29)
[123.568s][info][gc,heap        ] GC(884) Old regions: 52->52
[123.568s][info][gc,heap        ] GC(884) Humongous regions: 6->6
[123.568s][info][gc,metaspace   ] GC(884) Metaspace: 72115K->72115K(1114112K)
[123.568s][info][gc             ] GC(884) Pause Young (Normal) (G1 Evacuation Pause) 288M->57M(387M) 3.443ms
[123.568s][info][gc,cpu         ] GC(884) User=0.00s Sys=0.00s Real=0.00s
[123.679s][info][gc,start       ] GC(885) Pause Young (Normal) (G1 Evacuation Pause)
[123.679s][info][gc,task        ] GC(885) Using 1 workers of 1 for evacuation
[123.683s][info][gc,phases      ] GC(885)   Pre Evacuate Collection Set: 0.0ms
[123.683s][info][gc,phases      ] GC(885)   Evacuate Collection Set: 3.1ms
[123.683s][info][gc,phases      ] GC(885)   Post Evacuate Collection Set: 0.4ms
[123.683s][info][gc,phases      ] GC(885)   Other: 0.4ms
[123.683s][info][gc,heap        ] GC(885) Eden regions: 231->0(231)
[123.683s][info][gc,heap        ] GC(885) Survivor regions: 1->1(29)
[123.683s][info][gc,heap        ] GC(885) Old regions: 52->52
[123.683s][info][gc,heap        ] GC(885) Humongous regions: 6->6
[123.683s][info][gc,metaspace   ] GC(885) Metaspace: 72115K->72115K(1114112K)
[123.683s][info][gc             ] GC(885) Pause Young (Normal) (G1 Evacuation Pause) 288M->57M(387M) 3.937ms
[123.683s][info][gc,cpu         ] GC(885) User=0.01s Sys=0.00s Real=0.00s
[123.795s][info][gc,start       ] GC(886) Pause Young (Normal) (G1 Evacuation Pause)
[123.795s][info][gc,task        ] GC(886) Using 1 workers of 1 for evacuation
[123.798s][info][gc,phases      ] GC(886)   Pre Evacuate Collection Set: 0.0ms
[123.798s][info][gc,phases      ] GC(886)   Evacuate Collection Set: 2.5ms
[123.798s][info][gc,phases      ] GC(886)   Post Evacuate Collection Set: 0.4ms
[123.798s][info][gc,phases      ] GC(886)   Other: 0.3ms
[123.798s][info][gc,heap        ] GC(886) Eden regions: 231->0(231)
[123.798s][info][gc,heap        ] GC(886) Survivor regions: 1->1(29)
[123.798s][info][gc,heap        ] GC(886) Old regions: 52->52
[123.798s][info][gc,heap        ] GC(886) Humongous regions: 6->6
[123.798s][info][gc,metaspace   ] GC(886) Metaspace: 72115K->72115K(1114112K)
[123.798s][info][gc             ] GC(886) Pause Young (Normal) (G1 Evacuation Pause) 288M->57M(387M) 3.346ms
[123.798s][info][gc,cpu         ] GC(886) User=0.00s Sys=0.00s Real=0.01s
[123.923s][info][gc,start       ] GC(887) Pause Young (Normal) (G1 Evacuation Pause)
[123.923s][info][gc,task        ] GC(887) Using 1 workers of 1 for evacuation
[123.926s][info][gc,phases      ] GC(887)   Pre Evacuate Collection Set: 0.0ms
[123.926s][info][gc,phases      ] GC(887)   Evacuate Collection Set: 2.9ms
[123.926s][info][gc,phases      ] GC(887)   Post Evacuate Collection Set: 0.3ms
[123.926s][info][gc,phases      ] GC(887)   Other: 0.3ms
[123.926s][info][gc,heap        ] GC(887) Eden regions: 231->0(231)
[123.926s][info][gc,heap        ] GC(887) Survivor regions: 1->1(29)
[123.926s][info][gc,heap        ] GC(887) Old regions: 52->52
[123.926s][info][gc,heap        ] GC(887) Humongous regions: 11->6
[123.926s][info][gc,metaspace   ] GC(887) Metaspace: 72116K->72116K(1114112K)
[123.926s][info][gc             ] GC(887) Pause Young (Normal) (G1 Evacuation Pause) 293M->57M(387M) 3.622ms
[123.927s][info][gc,cpu         ] GC(887) User=0.01s Sys=0.00s Real=0.00s
[124.041s][info][gc,start       ] GC(888) Pause Young (Normal) (G1 Evacuation Pause)
[124.041s][info][gc,task        ] GC(888) Using 1 workers of 1 for evacuation
[124.044s][info][gc,phases      ] GC(888)   Pre Evacuate Collection Set: 0.0ms
[124.044s][info][gc,phases      ] GC(888)   Evacuate Collection Set: 2.6ms
[124.044s][info][gc,phases      ] GC(888)   Post Evacuate Collection Set: 0.4ms
[124.044s][info][gc,phases      ] GC(888)   Other: 0.3ms
[124.044s][info][gc,heap        ] GC(888) Eden regions: 231->0(231)
[124.044s][info][gc,heap        ] GC(888) Survivor regions: 1->1(29)
[124.044s][info][gc,heap        ] GC(888) Old regions: 52->52
[124.044s][info][gc,heap        ] GC(888) Humongous regions: 6->6
[124.044s][info][gc,metaspace   ] GC(888) Metaspace: 72116K->72116K(1114112K)
[124.044s][info][gc             ] GC(888) Pause Young (Normal) (G1 Evacuation Pause) 288M->57M(387M) 3.337ms
[124.044s][info][gc,cpu         ] GC(888) User=0.00s Sys=0.00s Real=0.00s
[124.151s][info][gc,start       ] GC(889) Pause Young (Normal) (G1 Evacuation Pause)
[124.151s][info][gc,task        ] GC(889) Using 1 workers of 1 for evacuation
[124.154s][info][gc,phases      ] GC(889)   Pre Evacuate Collection Set: 0.0ms
[124.154s][info][gc,phases      ] GC(889)   Evacuate Collection Set: 2.6ms
[124.154s][info][gc,phases      ] GC(889)   Post Evacuate Collection Set: 0.4ms
[124.154s][info][gc,phases      ] GC(889)   Other: 0.3ms
[124.154s][info][gc,heap        ] GC(889) Eden regions: 231->0(231)
[124.154s][info][gc,heap        ] GC(889) Survivor regions: 1->1(29)
[124.154s][info][gc,heap        ] GC(889) Old regions: 52->52
[124.154s][info][gc,heap        ] GC(889) Humongous regions: 6->6
[124.154s][info][gc,metaspace   ] GC(889) Metaspace: 72116K->72116K(1114112K)
[124.154s][info][gc             ] GC(889) Pause Young (Normal) (G1 Evacuation Pause) 288M->57M(387M) 3.349ms
[124.154s][info][gc,cpu         ] GC(889) User=0.01s Sys=0.00s Real=0.00s
[124.260s][info][gc,start       ] GC(890) Pause Young (Normal) (G1 Evacuation Pause)
[124.260s][info][gc,task        ] GC(890) Using 1 workers of 1 for evacuation
[124.263s][info][gc,phases      ] GC(890)   Pre Evacuate Collection Set: 0.0ms
[124.263s][info][gc,phases      ] GC(890)   Evacuate Collection Set: 2.6ms
[124.263s][info][gc,phases      ] GC(890)   Post Evacuate Collection Set: 0.4ms
[124.263s][info][gc,phases      ] GC(890)   Other: 0.3ms
[124.263s][info][gc,heap        ] GC(890) Eden regions: 231->0(231)
[124.263s][info][gc,heap        ] GC(890) Survivor regions: 1->1(29)
[124.263s][info][gc,heap        ] GC(890) Old regions: 52->52
[124.263s][info][gc,heap        ] GC(890) Humongous regions: 6->6
[124.263s][info][gc,metaspace   ] GC(890) Metaspace: 72116K->72116K(1114112K)
[124.263s][info][gc             ] GC(890) Pause Young (Normal) (G1 Evacuation Pause) 288M->57M(387M) 3.312ms
[124.263s][info][gc,cpu         ] GC(890) User=0.01s Sys=0.00s Real=0.00s
[124.374s][info][gc,start       ] GC(891) Pause Young (Normal) (G1 Evacuation Pause)
[124.374s][info][gc,task        ] GC(891) Using 1 workers of 1 for evacuation
[124.377s][info][gc,phases      ] GC(891)   Pre Evacuate Collection Set: 0.0ms
[124.377s][info][gc,phases      ] GC(891)   Evacuate Collection Set: 2.7ms
[124.377s][info][gc,phases      ] GC(891)   Post Evacuate Collection Set: 0.4ms
[124.377s][info][gc,phases      ] GC(891)   Other: 0.3ms
[124.377s][info][gc,heap        ] GC(891) Eden regions: 231->0(231)
[124.377s][info][gc,heap        ] GC(891) Survivor regions: 1->1(29)
[124.377s][info][gc,heap        ] GC(891) Old regions: 52->52
[124.377s][info][gc,heap        ] GC(891) Humongous regions: 6->6
[124.377s][info][gc,metaspace   ] GC(891) Metaspace: 72116K->72116K(1114112K)
[124.377s][info][gc             ] GC(891) Pause Young (Normal) (G1 Evacuation Pause) 288M->57M(387M) 3.448ms
[124.377s][info][gc,cpu         ] GC(891) User=0.00s Sys=0.00s Real=0.00s
[124.484s][info][gc,start       ] GC(892) Pause Young (Normal) (G1 Evacuation Pause)
[124.485s][info][gc,task        ] GC(892) Using 1 workers of 1 for evacuation
[124.488s][info][gc,phases      ] GC(892)   Pre Evacuate Collection Set: 0.1ms
[124.488s][info][gc,phases      ] GC(892)   Evacuate Collection Set: 2.7ms
[124.488s][info][gc,phases      ] GC(892)   Post Evacuate Collection Set: 0.4ms
[124.488s][info][gc,phases      ] GC(892)   Other: 0.4ms
[124.488s][info][gc,heap        ] GC(892) Eden regions: 231->0(231)
[124.488s][info][gc,heap        ] GC(892) Survivor regions: 1->1(29)
[124.488s][info][gc,heap        ] GC(892) Old regions: 52->52
[124.488s][info][gc,heap        ] GC(892) Humongous regions: 6->6
[124.488s][info][gc,metaspace   ] GC(892) Metaspace: 72116K->72116K(1114112K)
[124.488s][info][gc             ] GC(892) Pause Young (Normal) (G1 Evacuation Pause) 288M->57M(387M) 3.545ms
[124.488s][info][gc,cpu         ] GC(892) User=0.00s Sys=0.00s Real=0.00s
[124.595s][info][gc,start       ] GC(893) Pause Young (Normal) (G1 Evacuation Pause)
[124.595s][info][gc,task        ] GC(893) Using 1 workers of 1 for evacuation
[124.598s][info][gc,phases      ] GC(893)   Pre Evacuate Collection Set: 0.0ms
[124.598s][info][gc,phases      ] GC(893)   Evacuate Collection Set: 2.5ms
[124.598s][info][gc,phases      ] GC(893)   Post Evacuate Collection Set: 0.4ms
[124.598s][info][gc,phases      ] GC(893)   Other: 0.3ms
[124.598s][info][gc,heap        ] GC(893) Eden regions: 231->0(231)
[124.598s][info][gc,heap        ] GC(893) Survivor regions: 1->1(29)
[124.598s][info][gc,heap        ] GC(893) Old regions: 52->52
[124.598s][info][gc,heap        ] GC(893) Humongous regions: 6->6
[124.598s][info][gc,metaspace   ] GC(893) Metaspace: 72116K->72116K(1114112K)
[124.598s][info][gc             ] GC(893) Pause Young (Normal) (G1 Evacuation Pause) 288M->57M(387M) 3.258ms
[124.598s][info][gc,cpu         ] GC(893) User=0.00s Sys=0.00s Real=0.01s
[124.706s][info][gc,start       ] GC(894) Pause Young (Normal) (G1 Evacuation Pause)
[124.707s][info][gc,task        ] GC(894) Using 1 workers of 1 for evacuation
[124.710s][info][gc,phases      ] GC(894)   Pre Evacuate Collection Set: 0.0ms
[124.710s][info][gc,phases      ] GC(894)   Evacuate Collection Set: 2.5ms
[124.710s][info][gc,phases      ] GC(894)   Post Evacuate Collection Set: 0.4ms
[124.710s][info][gc,phases      ] GC(894)   Other: 0.3ms
[124.710s][info][gc,heap        ] GC(894) Eden regions: 231->0(231)
[124.710s][info][gc,heap        ] GC(894) Survivor regions: 1->1(29)
[124.710s][info][gc,heap        ] GC(894) Old regions: 52->52
[124.710s][info][gc,heap        ] GC(894) Humongous regions: 6->6
[124.710s][info][gc,metaspace   ] GC(894) Metaspace: 72116K->72116K(1114112K)
[124.710s][info][gc             ] GC(894) Pause Young (Normal) (G1 Evacuation Pause) 288M->57M(387M) 3.264ms
[124.710s][info][gc,cpu         ] GC(894) User=0.00s Sys=0.00s Real=0.01s
[124.827s][info][gc,start       ] GC(895) Pause Young (Normal) (G1 Evacuation Pause)
[124.827s][info][gc,task        ] GC(895) Using 1 workers of 1 for evacuation
[124.830s][info][gc,phases      ] GC(895)   Pre Evacuate Collection Set: 0.0ms
[124.830s][info][gc,phases      ] GC(895)   Evacuate Collection Set: 2.5ms
[124.830s][info][gc,phases      ] GC(895)   Post Evacuate Collection Set: 0.3ms
[124.830s][info][gc,phases      ] GC(895)   Other: 0.3ms
[124.830s][info][gc,heap        ] GC(895) Eden regions: 231->0(231)
[124.830s][info][gc,heap        ] GC(895) Survivor regions: 1->1(29)
[124.830s][info][gc,heap        ] GC(895) Old regions: 52->52
[124.830s][info][gc,heap        ] GC(895) Humongous regions: 6->6
[124.830s][info][gc,metaspace   ] GC(895) Metaspace: 72116K->72116K(1114112K)
[124.830s][info][gc             ] GC(895) Pause Young (Normal) (G1 Evacuation Pause) 288M->57M(387M) 3.129ms
[124.830s][info][gc,cpu         ] GC(895) User=0.00s Sys=0.00s Real=0.01s
[124.938s][info][gc,start       ] GC(896) Pause Young (Normal) (G1 Evacuation Pause)
[124.938s][info][gc,task        ] GC(896) Using 1 workers of 1 for evacuation
[124.942s][info][gc,phases      ] GC(896)   Pre Evacuate Collection Set: 0.0ms
[124.942s][info][gc,phases      ] GC(896)   Evacuate Collection Set: 2.9ms
[124.942s][info][gc,phases      ] GC(896)   Post Evacuate Collection Set: 0.3ms
[124.942s][info][gc,phases      ] GC(896)   Other: 0.3ms
[124.942s][info][gc,heap        ] GC(896) Eden regions: 231->0(231)
[124.942s][info][gc,heap        ] GC(896) Survivor regions: 1->1(29)
[124.942s][info][gc,heap        ] GC(896) Old regions: 52->52
[124.942s][info][gc,heap        ] GC(896) Humongous regions: 6->6
[124.942s][info][gc,metaspace   ] GC(896) Metaspace: 72116K->72116K(1114112K)
[124.942s][info][gc             ] GC(896) Pause Young (Normal) (G1 Evacuation Pause) 288M->57M(387M) 3.616ms
[124.942s][info][gc,cpu         ] GC(896) User=0.01s Sys=0.00s Real=0.00s
[125.064s][info][gc,start       ] GC(897) Pause Young (Normal) (G1 Evacuation Pause)
[125.064s][info][gc,task        ] GC(897) Using 1 workers of 1 for evacuation
[125.067s][info][gc,phases      ] GC(897)   Pre Evacuate Collection Set: 0.0ms
[125.067s][info][gc,phases      ] GC(897)   Evacuate Collection Set: 2.6ms
[125.067s][info][gc,phases      ] GC(897)   Post Evacuate Collection Set: 0.4ms
[125.067s][info][gc,phases      ] GC(897)   Other: 0.3ms
[125.067s][info][gc,heap        ] GC(897) Eden regions: 231->0(231)
[125.067s][info][gc,heap        ] GC(897) Survivor regions: 1->1(29)
[125.067s][info][gc,heap        ] GC(897) Old regions: 52->52
[125.067s][info][gc,heap        ] GC(897) Humongous regions: 11->6
[125.067s][info][gc,metaspace   ] GC(897) Metaspace: 72118K->72118K(1114112K)
[125.067s][info][gc             ] GC(897) Pause Young (Normal) (G1 Evacuation Pause) 293M->57M(387M) 3.353ms
[125.067s][info][gc,cpu         ] GC(897) User=0.00s Sys=0.00s Real=0.00s
[125.176s][info][gc,start       ] GC(898) Pause Young (Normal) (G1 Evacuation Pause)
[125.176s][info][gc,task        ] GC(898) Using 1 workers of 1 for evacuation
[125.179s][info][gc,phases      ] GC(898)   Pre Evacuate Collection Set: 0.0ms
[125.179s][info][gc,phases      ] GC(898)   Evacuate Collection Set: 2.4ms
[125.179s][info][gc,phases      ] GC(898)   Post Evacuate Collection Set: 0.3ms
[125.179s][info][gc,phases      ] GC(898)   Other: 0.3ms
[125.179s][info][gc,heap        ] GC(898) Eden regions: 231->0(231)
[125.179s][info][gc,heap        ] GC(898) Survivor regions: 1->1(29)
[125.179s][info][gc,heap        ] GC(898) Old regions: 52->52
[125.179s][info][gc,heap        ] GC(898) Humongous regions: 6->6
[125.179s][info][gc,metaspace   ] GC(898) Metaspace: 72118K->72118K(1114112K)
[125.179s][info][gc             ] GC(898) Pause Young (Normal) (G1 Evacuation Pause) 288M->57M(387M) 3.122ms
[125.179s][info][gc,cpu         ] GC(898) User=0.00s Sys=0.00s Real=0.01s
[125.294s][info][gc,start       ] GC(899) Pause Young (Normal) (G1 Evacuation Pause)
[125.294s][info][gc,task        ] GC(899) Using 1 workers of 1 for evacuation
[125.297s][info][gc,phases      ] GC(899)   Pre Evacuate Collection Set: 0.0ms
[125.297s][info][gc,phases      ] GC(899)   Evacuate Collection Set: 2.4ms
[125.297s][info][gc,phases      ] GC(899)   Post Evacuate Collection Set: 0.3ms
[125.297s][info][gc,phases      ] GC(899)   Other: 0.4ms
[125.297s][info][gc,heap        ] GC(899) Eden regions: 231->0(231)
[125.297s][info][gc,heap        ] GC(899) Survivor regions: 1->1(29)
[125.297s][info][gc,heap        ] GC(899) Old regions: 52->52
[125.297s][info][gc,heap        ] GC(899) Humongous regions: 6->6
[125.297s][info][gc,metaspace   ] GC(899) Metaspace: 72118K->72118K(1114112K)
[125.297s][info][gc             ] GC(899) Pause Young (Normal) (G1 Evacuation Pause) 288M->57M(387M) 3.140ms
[125.297s][info][gc,cpu         ] GC(899) User=0.00s Sys=0.00s Real=0.00s
[125.402s][info][gc,start       ] GC(900) Pause Young (Normal) (G1 Evacuation Pause)
[125.402s][info][gc,task        ] GC(900) Using 1 workers of 1 for evacuation
[125.405s][info][gc,phases      ] GC(900)   Pre Evacuate Collection Set: 0.0ms
[125.405s][info][gc,phases      ] GC(900)   Evacuate Collection Set: 2.4ms
[125.405s][info][gc,phases      ] GC(900)   Post Evacuate Collection Set: 0.4ms
[125.405s][info][gc,phases      ] GC(900)   Other: 0.3ms
[125.405s][info][gc,heap        ] GC(900) Eden regions: 231->0(231)
[125.405s][info][gc,heap        ] GC(900) Survivor regions: 1->1(29)
[125.405s][info][gc,heap        ] GC(900) Old regions: 52->52
[125.405s][info][gc,heap        ] GC(900) Humongous regions: 6->6
[125.405s][info][gc,metaspace   ] GC(900) Metaspace: 72118K->72118K(1114112K)
[125.405s][info][gc             ] GC(900) Pause Young (Normal) (G1 Evacuation Pause) 288M->57M(387M) 3.097ms
[125.405s][info][gc,cpu         ] GC(900) User=0.01s Sys=0.00s Real=0.00s
[125.512s][info][gc,start       ] GC(901) Pause Young (Normal) (G1 Evacuation Pause)
[125.512s][info][gc,task        ] GC(901) Using 1 workers of 1 for evacuation
[125.515s][info][gc,phases      ] GC(901)   Pre Evacuate Collection Set: 0.0ms
[125.515s][info][gc,phases      ] GC(901)   Evacuate Collection Set: 2.6ms
[125.515s][info][gc,phases      ] GC(901)   Post Evacuate Collection Set: 0.3ms
[125.515s][info][gc,phases      ] GC(901)   Other: 0.3ms
[125.515s][info][gc,heap        ] GC(901) Eden regions: 231->0(231)
[125.515s][info][gc,heap        ] GC(901) Survivor regions: 1->1(29)
[125.515s][info][gc,heap        ] GC(901) Old regions: 52->52
[125.515s][info][gc,heap        ] GC(901) Humongous regions: 6->6
[125.515s][info][gc,metaspace   ] GC(901) Metaspace: 72118K->72118K(1114112K)
[125.515s][info][gc             ] GC(901) Pause Young (Normal) (G1 Evacuation Pause) 288M->57M(387M) 3.264ms
[125.515s][info][gc,cpu         ] GC(901) User=0.01s Sys=0.00s Real=0.00s
[125.622s][info][gc,start       ] GC(902) Pause Young (Normal) (G1 Evacuation Pause)
[125.622s][info][gc,task        ] GC(902) Using 1 workers of 1 for evacuation
[125.625s][info][gc,phases      ] GC(902)   Pre Evacuate Collection Set: 0.0ms
[125.625s][info][gc,phases      ] GC(902)   Evacuate Collection Set: 2.5ms
[125.625s][info][gc,phases      ] GC(902)   Post Evacuate Collection Set: 0.3ms
[125.625s][info][gc,phases      ] GC(902)   Other: 0.3ms
[125.625s][info][gc,heap        ] GC(902) Eden regions: 231->0(231)
[125.625s][info][gc,heap        ] GC(902) Survivor regions: 1->1(29)
[125.625s][info][gc,heap        ] GC(902) Old regions: 52->52
[125.625s][info][gc,heap        ] GC(902) Humongous regions: 6->6
[125.625s][info][gc,metaspace   ] GC(902) Metaspace: 72118K->72118K(1114112K)
[125.625s][info][gc             ] GC(902) Pause Young (Normal) (G1 Evacuation Pause) 288M->57M(387M) 3.212ms
[125.625s][info][gc,cpu         ] GC(902) User=0.01s Sys=0.00s Real=0.00s
[125.733s][info][gc,start       ] GC(903) Pause Young (Normal) (G1 Evacuation Pause)
[125.733s][info][gc,task        ] GC(903) Using 1 workers of 1 for evacuation
[125.737s][info][gc,phases      ] GC(903)   Pre Evacuate Collection Set: 0.0ms
[125.737s][info][gc,phases      ] GC(903)   Evacuate Collection Set: 2.5ms
[125.737s][info][gc,phases      ] GC(903)   Post Evacuate Collection Set: 0.5ms
[125.737s][info][gc,phases      ] GC(903)   Other: 0.4ms
[125.737s][info][gc,heap        ] GC(903) Eden regions: 231->0(231)
[125.737s][info][gc,heap        ] GC(903) Survivor regions: 1->1(29)
[125.737s][info][gc,heap        ] GC(903) Old regions: 52->52
[125.737s][info][gc,heap        ] GC(903) Humongous regions: 6->6
[125.737s][info][gc,metaspace   ] GC(903) Metaspace: 72118K->72118K(1114112K)
[125.737s][info][gc             ] GC(903) Pause Young (Normal) (G1 Evacuation Pause) 288M->57M(387M) 3.419ms
[125.737s][info][gc,cpu         ] GC(903) User=0.01s Sys=0.00s Real=0.00s
[125.849s][info][gc,start       ] GC(904) Pause Young (Normal) (G1 Evacuation Pause)
[125.849s][info][gc,task        ] GC(904) Using 1 workers of 1 for evacuation
[125.852s][info][gc,phases      ] GC(904)   Pre Evacuate Collection Set: 0.0ms
[125.852s][info][gc,phases      ] GC(904)   Evacuate Collection Set: 2.4ms
[125.852s][info][gc,phases      ] GC(904)   Post Evacuate Collection Set: 0.3ms
[125.852s][info][gc,phases      ] GC(904)   Other: 0.3ms
[125.852s][info][gc,heap        ] GC(904) Eden regions: 231->0(231)
[125.852s][info][gc,heap        ] GC(904) Survivor regions: 1->1(29)
[125.852s][info][gc,heap        ] GC(904) Old regions: 52->52
[125.852s][info][gc,heap        ] GC(904) Humongous regions: 6->6
[125.852s][info][gc,metaspace   ] GC(904) Metaspace: 72118K->72118K(1114112K)
[125.852s][info][gc             ] GC(904) Pause Young (Normal) (G1 Evacuation Pause) 288M->57M(387M) 3.124ms
[125.852s][info][gc,cpu         ] GC(904) User=0.00s Sys=0.00s Real=0.01s
[125.960s][info][gc,start       ] GC(905) Pause Young (Normal) (G1 Evacuation Pause)
[125.960s][info][gc,task        ] GC(905) Using 1 workers of 1 for evacuation
[125.963s][info][gc,phases      ] GC(905)   Pre Evacuate Collection Set: 0.0ms
[125.963s][info][gc,phases      ] GC(905)   Evacuate Collection Set: 2.5ms
[125.963s][info][gc,phases      ] GC(905)   Post Evacuate Collection Set: 0.3ms
[125.963s][info][gc,phases      ] GC(905)   Other: 0.3ms
[125.963s][info][gc,heap        ] GC(905) Eden regions: 231->0(231)
[125.963s][info][gc,heap        ] GC(905) Survivor regions: 1->1(29)
[125.963s][info][gc,heap        ] GC(905) Old regions: 52->52
[125.963s][info][gc,heap        ] GC(905) Humongous regions: 6->6
[125.963s][info][gc,metaspace   ] GC(905) Metaspace: 72118K->72118K(1114112K)
[125.963s][info][gc             ] GC(905) Pause Young (Normal) (G1 Evacuation Pause) 288M->57M(387M) 3.231ms
[125.963s][info][gc,cpu         ] GC(905) User=0.00s Sys=0.00s Real=0.00s
[126.089s][info][gc,start       ] GC(906) Pause Young (Normal) (G1 Evacuation Pause)
[126.090s][info][gc,task        ] GC(906) Using 1 workers of 1 for evacuation
[126.093s][info][gc,phases      ] GC(906)   Pre Evacuate Collection Set: 0.0ms
[126.093s][info][gc,phases      ] GC(906)   Evacuate Collection Set: 2.8ms
[126.093s][info][gc,phases      ] GC(906)   Post Evacuate Collection Set: 0.4ms
[126.093s][info][gc,phases      ] GC(906)   Other: 0.7ms
[126.093s][info][gc,heap        ] GC(906) Eden regions: 231->0(231)
[126.093s][info][gc,heap        ] GC(906) Survivor regions: 1->1(29)
[126.093s][info][gc,heap        ] GC(906) Old regions: 52->52
[126.093s][info][gc,heap        ] GC(906) Humongous regions: 11->6
[126.093s][info][gc,metaspace   ] GC(906) Metaspace: 72129K->72129K(1114112K)
[126.093s][info][gc             ] GC(906) Pause Young (Normal) (G1 Evacuation Pause) 293M->57M(387M) 3.944ms
[126.093s][info][gc,cpu         ] GC(906) User=0.00s Sys=0.00s Real=0.01s
[126.202s][info][gc,start       ] GC(907) Pause Young (Normal) (G1 Evacuation Pause)
[126.202s][info][gc,task        ] GC(907) Using 1 workers of 1 for evacuation
[126.205s][info][gc,phases      ] GC(907)   Pre Evacuate Collection Set: 0.0ms
[126.206s][info][gc,phases      ] GC(907)   Evacuate Collection Set: 2.6ms
[126.206s][info][gc,phases      ] GC(907)   Post Evacuate Collection Set: 0.4ms
[126.206s][info][gc,phases      ] GC(907)   Other: 0.3ms
[126.206s][info][gc,heap        ] GC(907) Eden regions: 231->0(231)
[126.206s][info][gc,heap        ] GC(907) Survivor regions: 1->1(29)
[126.206s][info][gc,heap        ] GC(907) Old regions: 52->52
[126.206s][info][gc,heap        ] GC(907) Humongous regions: 6->6
[126.206s][info][gc,metaspace   ] GC(907) Metaspace: 72129K->72129K(1114112K)
[126.206s][info][gc             ] GC(907) Pause Young (Normal) (G1 Evacuation Pause) 288M->57M(387M) 3.337ms
[126.206s][info][gc,cpu         ] GC(907) User=0.00s Sys=0.00s Real=0.00s
[126.315s][info][gc,start       ] GC(908) Pause Young (Normal) (G1 Evacuation Pause)
[126.316s][info][gc,task        ] GC(908) Using 1 workers of 1 for evacuation
[126.319s][info][gc,phases      ] GC(908)   Pre Evacuate Collection Set: 0.0ms
[126.319s][info][gc,phases      ] GC(908)   Evacuate Collection Set: 2.6ms
[126.319s][info][gc,phases      ] GC(908)   Post Evacuate Collection Set: 0.4ms
[126.319s][info][gc,phases      ] GC(908)   Other: 0.3ms
[126.319s][info][gc,heap        ] GC(908) Eden regions: 231->0(231)
[126.319s][info][gc,heap        ] GC(908) Survivor regions: 1->1(29)
[126.319s][info][gc,heap        ] GC(908) Old regions: 52->52
[126.319s][info][gc,heap        ] GC(908) Humongous regions: 6->6
[126.319s][info][gc,metaspace   ] GC(908) Metaspace: 72129K->72129K(1114112K)
[126.319s][info][gc             ] GC(908) Pause Young (Normal) (G1 Evacuation Pause) 288M->57M(387M) 3.341ms
[126.319s][info][gc,cpu         ] GC(908) User=0.01s Sys=0.00s Real=0.01s
[126.427s][info][gc,start       ] GC(909) Pause Young (Normal) (G1 Evacuation Pause)
[126.427s][info][gc,task        ] GC(909) Using 1 workers of 1 for evacuation
[126.430s][info][gc,phases      ] GC(909)   Pre Evacuate Collection Set: 0.0ms
[126.430s][info][gc,phases      ] GC(909)   Evacuate Collection Set: 2.8ms
[126.430s][info][gc,phases      ] GC(909)   Post Evacuate Collection Set: 0.3ms
[126.430s][info][gc,phases      ] GC(909)   Other: 0.3ms
[126.430s][info][gc,heap        ] GC(909) Eden regions: 231->0(231)
[126.430s][info][gc,heap        ] GC(909) Survivor regions: 1->1(29)
[126.430s][info][gc,heap        ] GC(909) Old regions: 52->52
[126.431s][info][gc,heap        ] GC(909) Humongous regions: 6->6
[126.431s][info][gc,metaspace   ] GC(909) Metaspace: 72129K->72129K(1114112K)
[126.431s][info][gc             ] GC(909) Pause Young (Normal) (G1 Evacuation Pause) 288M->57M(387M) 3.460ms
[126.431s][info][gc,cpu         ] GC(909) User=0.00s Sys=0.00s Real=0.01s
[126.545s][info][gc,start       ] GC(910) Pause Young (Normal) (G1 Evacuation Pause)
[126.545s][info][gc,task        ] GC(910) Using 1 workers of 1 for evacuation
[126.549s][info][gc,phases      ] GC(910)   Pre Evacuate Collection Set: 0.0ms
[126.549s][info][gc,phases      ] GC(910)   Evacuate Collection Set: 2.6ms
[126.549s][info][gc,phases      ] GC(910)   Post Evacuate Collection Set: 0.4ms
[126.549s][info][gc,phases      ] GC(910)   Other: 0.3ms
[126.549s][info][gc,heap        ] GC(910) Eden regions: 231->0(231)
[126.549s][info][gc,heap        ] GC(910) Survivor regions: 1->1(29)
[126.549s][info][gc,heap        ] GC(910) Old regions: 52->52
[126.549s][info][gc,heap        ] GC(910) Humongous regions: 6->6
[126.549s][info][gc,metaspace   ] GC(910) Metaspace: 72129K->72129K(1114112K)
[126.549s][info][gc             ] GC(910) Pause Young (Normal) (G1 Evacuation Pause) 288M->57M(387M) 3.299ms
[126.549s][info][gc,cpu         ] GC(910) User=0.01s Sys=0.00s Real=0.00s
[126.673s][info][gc,start       ] GC(911) Pause Young (Normal) (G1 Evacuation Pause)
[126.673s][info][gc,task        ] GC(911) Using 1 workers of 1 for evacuation
[126.677s][info][gc,phases      ] GC(911)   Pre Evacuate Collection Set: 0.0ms
[126.677s][info][gc,phases      ] GC(911)   Evacuate Collection Set: 3.1ms
[126.677s][info][gc,phases      ] GC(911)   Post Evacuate Collection Set: 0.4ms
[126.677s][info][gc,phases      ] GC(911)   Other: 0.3ms
[126.677s][info][gc,heap        ] GC(911) Eden regions: 231->0(231)
[126.677s][info][gc,heap        ] GC(911) Survivor regions: 1->1(29)
[126.677s][info][gc,heap        ] GC(911) Old regions: 52->52
[126.677s][info][gc,heap        ] GC(911) Humongous regions: 6->6
[126.677s][info][gc,metaspace   ] GC(911) Metaspace: 72129K->72129K(1114112K)
[126.677s][info][gc             ] GC(911) Pause Young (Normal) (G1 Evacuation Pause) 288M->57M(387M) 3.933ms
[126.677s][info][gc,cpu         ] GC(911) User=0.00s Sys=0.00s Real=0.00s
[126.801s][info][gc,start       ] GC(912) Pause Young (Normal) (G1 Evacuation Pause)
[126.801s][info][gc,task        ] GC(912) Using 1 workers of 1 for evacuation
[126.804s][info][gc,phases      ] GC(912)   Pre Evacuate Collection Set: 0.0ms
[126.804s][info][gc,phases      ] GC(912)   Evacuate Collection Set: 2.6ms
[126.804s][info][gc,phases      ] GC(912)   Post Evacuate Collection Set: 0.3ms
[126.804s][info][gc,phases      ] GC(912)   Other: 0.4ms
[126.804s][info][gc,heap        ] GC(912) Eden regions: 231->0(231)
[126.804s][info][gc,heap        ] GC(912) Survivor regions: 1->1(29)
[126.804s][info][gc,heap        ] GC(912) Old regions: 52->52
[126.804s][info][gc,heap        ] GC(912) Humongous regions: 6->6
[126.804s][info][gc,metaspace   ] GC(912) Metaspace: 72129K->72129K(1114112K)
[126.804s][info][gc             ] GC(912) Pause Young (Normal) (G1 Evacuation Pause) 288M->57M(387M) 3.492ms
[126.804s][info][gc,cpu         ] GC(912) User=0.01s Sys=0.00s Real=0.00s
[126.909s][info][gc,start       ] GC(913) Pause Young (Normal) (G1 Evacuation Pause)
[126.909s][info][gc,task        ] GC(913) Using 1 workers of 1 for evacuation
[126.913s][info][gc,phases      ] GC(913)   Pre Evacuate Collection Set: 0.0ms
[126.913s][info][gc,phases      ] GC(913)   Evacuate Collection Set: 2.7ms
[126.913s][info][gc,phases      ] GC(913)   Post Evacuate Collection Set: 0.4ms
[126.913s][info][gc,phases      ] GC(913)   Other: 0.3ms
[126.913s][info][gc,heap        ] GC(913) Eden regions: 231->0(231)
[126.913s][info][gc,heap        ] GC(913) Survivor regions: 1->1(29)
[126.913s][info][gc,heap        ] GC(913) Old regions: 52->52
[126.913s][info][gc,heap        ] GC(913) Humongous regions: 6->6
[126.913s][info][gc,metaspace   ] GC(913) Metaspace: 72129K->72129K(1114112K)
[126.913s][info][gc             ] GC(913) Pause Young (Normal) (G1 Evacuation Pause) 288M->57M(387M) 3.411ms
[126.913s][info][gc,cpu         ] GC(913) User=0.01s Sys=0.00s Real=0.01s
[127.019s][info][gc,start       ] GC(914) Pause Young (Normal) (G1 Evacuation Pause)
[127.019s][info][gc,task        ] GC(914) Using 1 workers of 1 for evacuation
[127.022s][info][gc,phases      ] GC(914)   Pre Evacuate Collection Set: 0.0ms
[127.022s][info][gc,phases      ] GC(914)   Evacuate Collection Set: 2.5ms
[127.022s][info][gc,phases      ] GC(914)   Post Evacuate Collection Set: 0.3ms
[127.022s][info][gc,phases      ] GC(914)   Other: 0.3ms
[127.022s][info][gc,heap        ] GC(914) Eden regions: 231->0(231)
[127.022s][info][gc,heap        ] GC(914) Survivor regions: 1->1(29)
[127.023s][info][gc,heap        ] GC(914) Old regions: 52->52
[127.023s][info][gc,heap        ] GC(914) Humongous regions: 6->6
[127.023s][info][gc,metaspace   ] GC(914) Metaspace: 72129K->72129K(1114112K)
[127.023s][info][gc             ] GC(914) Pause Young (Normal) (G1 Evacuation Pause) 288M->57M(387M) 3.173ms
[127.023s][info][gc,cpu         ] GC(914) User=0.01s Sys=0.00s Real=0.00s
[127.131s][info][gc,start       ] GC(915) Pause Young (Normal) (G1 Evacuation Pause)
[127.131s][info][gc,task        ] GC(915) Using 1 workers of 1 for evacuation
[127.134s][info][gc,phases      ] GC(915)   Pre Evacuate Collection Set: 0.0ms
[127.134s][info][gc,phases      ] GC(915)   Evacuate Collection Set: 2.5ms
[127.134s][info][gc,phases      ] GC(915)   Post Evacuate Collection Set: 0.4ms
[127.134s][info][gc,phases      ] GC(915)   Other: 0.3ms
[127.134s][info][gc,heap        ] GC(915) Eden regions: 231->0(231)
[127.134s][info][gc,heap        ] GC(915) Survivor regions: 1->1(29)
[127.134s][info][gc,heap        ] GC(915) Old regions: 52->52
[127.134s][info][gc,heap        ] GC(915) Humongous regions: 6->6
[127.134s][info][gc,metaspace   ] GC(915) Metaspace: 72129K->72129K(1114112K)
[127.134s][info][gc             ] GC(915) Pause Young (Normal) (G1 Evacuation Pause) 288M->57M(387M) 3.250ms
[127.134s][info][gc,cpu         ] GC(915) User=0.01s Sys=0.00s Real=0.00s
[127.265s][info][gc,start       ] GC(916) Pause Young (Normal) (G1 Evacuation Pause)
[127.266s][info][gc,task        ] GC(916) Using 1 workers of 1 for evacuation
[127.269s][info][gc,phases      ] GC(916)   Pre Evacuate Collection Set: 0.0ms
[127.269s][info][gc,phases      ] GC(916)   Evacuate Collection Set: 2.4ms
[127.269s][info][gc,phases      ] GC(916)   Post Evacuate Collection Set: 0.4ms
[127.269s][info][gc,phases      ] GC(916)   Other: 0.3ms
[127.269s][info][gc,heap        ] GC(916) Eden regions: 231->0(231)
[127.269s][info][gc,heap        ] GC(916) Survivor regions: 1->1(29)
[127.269s][info][gc,heap        ] GC(916) Old regions: 52->52
[127.269s][info][gc,heap        ] GC(916) Humongous regions: 11->6
[127.269s][info][gc,metaspace   ] GC(916) Metaspace: 72131K->72131K(1114112K)
[127.269s][info][gc             ] GC(916) Pause Young (Normal) (G1 Evacuation Pause) 293M->57M(387M) 3.135ms
[127.269s][info][gc,cpu         ] GC(916) User=0.01s Sys=0.00s Real=0.00s
[127.377s][info][gc,start       ] GC(917) Pause Young (Normal) (G1 Evacuation Pause)
[127.377s][info][gc,task        ] GC(917) Using 1 workers of 1 for evacuation
[127.380s][info][gc,phases      ] GC(917)   Pre Evacuate Collection Set: 0.0ms
[127.380s][info][gc,phases      ] GC(917)   Evacuate Collection Set: 2.4ms
[127.380s][info][gc,phases      ] GC(917)   Post Evacuate Collection Set: 0.3ms
[127.380s][info][gc,phases      ] GC(917)   Other: 0.3ms
[127.380s][info][gc,heap        ] GC(917) Eden regions: 231->0(231)
[127.380s][info][gc,heap        ] GC(917) Survivor regions: 1->1(29)
[127.380s][info][gc,heap        ] GC(917) Old regions: 52->52
[127.380s][info][gc,heap        ] GC(917) Humongous regions: 6->6
[127.380s][info][gc,metaspace   ] GC(917) Metaspace: 72131K->72131K(1114112K)
[127.380s][info][gc             ] GC(917) Pause Young (Normal) (G1 Evacuation Pause) 288M->57M(387M) 3.126ms
[127.380s][info][gc,cpu         ] GC(917) User=0.01s Sys=0.00s Real=0.01s
[127.523s][info][gc,start       ] GC(918) Pause Young (Normal) (G1 Evacuation Pause)
[127.524s][info][gc,task        ] GC(918) Using 1 workers of 1 for evacuation
[127.527s][info][gc,phases      ] GC(918)   Pre Evacuate Collection Set: 0.0ms
[127.527s][info][gc,phases      ] GC(918)   Evacuate Collection Set: 2.5ms
[127.527s][info][gc,phases      ] GC(918)   Post Evacuate Collection Set: 0.4ms
[127.527s][info][gc,phases      ] GC(918)   Other: 0.3ms
[127.527s][info][gc,heap        ] GC(918) Eden regions: 231->0(231)
[127.527s][info][gc,heap        ] GC(918) Survivor regions: 1->1(29)
[127.527s][info][gc,heap        ] GC(918) Old regions: 52->52
[127.527s][info][gc,heap        ] GC(918) Humongous regions: 6->6
[127.527s][info][gc,metaspace   ] GC(918) Metaspace: 72133K->72133K(1114112K)
[127.527s][info][gc             ] GC(918) Pause Young (Normal) (G1 Evacuation Pause) 288M->57M(387M) 3.218ms
[127.527s][info][gc,cpu         ] GC(918) User=0.00s Sys=0.00s Real=0.00s
[127.631s][info][gc,start       ] GC(919) Pause Young (Normal) (G1 Evacuation Pause)
[127.631s][info][gc,task        ] GC(919) Using 1 workers of 1 for evacuation
[127.634s][info][gc,phases      ] GC(919)   Pre Evacuate Collection Set: 0.0ms
[127.634s][info][gc,phases      ] GC(919)   Evacuate Collection Set: 2.5ms
[127.634s][info][gc,phases      ] GC(919)   Post Evacuate Collection Set: 0.3ms
[127.634s][info][gc,phases      ] GC(919)   Other: 0.3ms
[127.634s][info][gc,heap        ] GC(919) Eden regions: 231->0(231)
[127.634s][info][gc,heap        ] GC(919) Survivor regions: 1->1(29)
[127.634s][info][gc,heap        ] GC(919) Old regions: 52->52
[127.634s][info][gc,heap        ] GC(919) Humongous regions: 6->6
[127.634s][info][gc,metaspace   ] GC(919) Metaspace: 72133K->72133K(1114112K)
[127.634s][info][gc             ] GC(919) Pause Young (Normal) (G1 Evacuation Pause) 288M->57M(387M) 3.217ms
[127.634s][info][gc,cpu         ] GC(919) User=0.00s Sys=0.00s Real=0.00s
[127.741s][info][gc,start       ] GC(920) Pause Young (Normal) (G1 Evacuation Pause)
[127.742s][info][gc,task        ] GC(920) Using 1 workers of 1 for evacuation
[127.745s][info][gc,phases      ] GC(920)   Pre Evacuate Collection Set: 0.0ms
[127.745s][info][gc,phases      ] GC(920)   Evacuate Collection Set: 2.6ms
[127.745s][info][gc,phases      ] GC(920)   Post Evacuate Collection Set: 0.4ms
[127.745s][info][gc,phases      ] GC(920)   Other: 0.3ms
[127.745s][info][gc,heap        ] GC(920) Eden regions: 231->0(231)
[127.745s][info][gc,heap        ] GC(920) Survivor regions: 1->1(29)
[127.745s][info][gc,heap        ] GC(920) Old regions: 52->52
[127.745s][info][gc,heap        ] GC(920) Humongous regions: 6->6
[127.745s][info][gc,metaspace   ] GC(920) Metaspace: 72133K->72133K(1114112K)
[127.745s][info][gc             ] GC(920) Pause Young (Normal) (G1 Evacuation Pause) 288M->57M(387M) 3.333ms
[127.745s][info][gc,cpu         ] GC(920) User=0.00s Sys=0.00s Real=0.00s
[127.850s][info][gc,start       ] GC(921) Pause Young (Normal) (G1 Evacuation Pause)
[127.850s][info][gc,task        ] GC(921) Using 1 workers of 1 for evacuation
[127.853s][info][gc,phases      ] GC(921)   Pre Evacuate Collection Set: 0.0ms
[127.854s][info][gc,phases      ] GC(921)   Evacuate Collection Set: 2.5ms
[127.854s][info][gc,phases      ] GC(921)   Post Evacuate Collection Set: 0.3ms
[127.854s][info][gc,phases      ] GC(921)   Other: 0.3ms
[127.854s][info][gc,heap        ] GC(921) Eden regions: 231->0(231)
[127.854s][info][gc,heap        ] GC(921) Survivor regions: 1->1(29)
[127.854s][info][gc,heap        ] GC(921) Old regions: 52->52
[127.854s][info][gc,heap        ] GC(921) Humongous regions: 6->6
[127.854s][info][gc,metaspace   ] GC(921) Metaspace: 72133K->72133K(1114112K)
[127.854s][info][gc             ] GC(921) Pause Young (Normal) (G1 Evacuation Pause) 288M->57M(387M) 3.192ms
[127.854s][info][gc,cpu         ] GC(921) User=0.01s Sys=0.00s Real=0.00s
[127.959s][info][gc,start       ] GC(922) Pause Young (Normal) (G1 Evacuation Pause)
[127.959s][info][gc,task        ] GC(922) Using 1 workers of 1 for evacuation
[127.962s][info][gc,phases      ] GC(922)   Pre Evacuate Collection Set: 0.0ms
[127.962s][info][gc,phases      ] GC(922)   Evacuate Collection Set: 2.5ms
[127.962s][info][gc,phases      ] GC(922)   Post Evacuate Collection Set: 0.3ms
[127.962s][info][gc,phases      ] GC(922)   Other: 0.3ms
[127.962s][info][gc,heap        ] GC(922) Eden regions: 231->0(231)
[127.962s][info][gc,heap        ] GC(922) Survivor regions: 1->1(29)
[127.962s][info][gc,heap        ] GC(922) Old regions: 52->52
[127.962s][info][gc,heap        ] GC(922) Humongous regions: 6->6
[127.962s][info][gc,metaspace   ] GC(922) Metaspace: 72133K->72133K(1114112K)
[127.962s][info][gc             ] GC(922) Pause Young (Normal) (G1 Evacuation Pause) 288M->57M(387M) 3.199ms
[127.962s][info][gc,cpu         ] GC(922) User=0.00s Sys=0.00s Real=0.00s
[128.069s][info][gc,start       ] GC(923) Pause Young (Normal) (G1 Evacuation Pause)
[128.069s][info][gc,task        ] GC(923) Using 1 workers of 1 for evacuation
[128.072s][info][gc,phases      ] GC(923)   Pre Evacuate Collection Set: 0.0ms
[128.072s][info][gc,phases      ] GC(923)   Evacuate Collection Set: 2.5ms
[128.072s][info][gc,phases      ] GC(923)   Post Evacuate Collection Set: 0.4ms
[128.072s][info][gc,phases      ] GC(923)   Other: 0.3ms
[128.072s][info][gc,heap        ] GC(923) Eden regions: 231->0(231)
[128.072s][info][gc,heap        ] GC(923) Survivor regions: 1->1(29)
[128.072s][info][gc,heap        ] GC(923) Old regions: 52->52
[128.072s][info][gc,heap        ] GC(923) Humongous regions: 6->6
[128.072s][info][gc,metaspace   ] GC(923) Metaspace: 72133K->72133K(1114112K)
[128.072s][info][gc             ] GC(923) Pause Young (Normal) (G1 Evacuation Pause) 288M->57M(387M) 3.295ms
[128.072s][info][gc,cpu         ] GC(923) User=0.00s Sys=0.00s Real=0.01s
[128.180s][info][gc,start       ] GC(924) Pause Young (Normal) (G1 Evacuation Pause)
[128.180s][info][gc,task        ] GC(924) Using 1 workers of 1 for evacuation
[128.183s][info][gc,phases      ] GC(924)   Pre Evacuate Collection Set: 0.0ms
[128.183s][info][gc,phases      ] GC(924)   Evacuate Collection Set: 2.5ms
[128.183s][info][gc,phases      ] GC(924)   Post Evacuate Collection Set: 0.3ms
[128.183s][info][gc,phases      ] GC(924)   Other: 0.3ms
[128.183s][info][gc,heap        ] GC(924) Eden regions: 231->0(231)
[128.183s][info][gc,heap        ] GC(924) Survivor regions: 1->1(29)
[128.183s][info][gc,heap        ] GC(924) Old regions: 52->52
[128.183s][info][gc,heap        ] GC(924) Humongous regions: 6->6
[128.183s][info][gc,metaspace   ] GC(924) Metaspace: 72133K->72133K(1114112K)
[128.183s][info][gc             ] GC(924) Pause Young (Normal) (G1 Evacuation Pause) 288M->57M(387M) 3.244ms
[128.183s][info][gc,cpu         ] GC(924) User=0.01s Sys=0.00s Real=0.00s
[128.314s][info][gc,start       ] GC(925) Pause Young (Normal) (G1 Evacuation Pause)
[128.314s][info][gc,task        ] GC(925) Using 1 workers of 1 for evacuation
[128.317s][info][gc,phases      ] GC(925)   Pre Evacuate Collection Set: 0.0ms
[128.317s][info][gc,phases      ] GC(925)   Evacuate Collection Set: 2.5ms
[128.317s][info][gc,phases      ] GC(925)   Post Evacuate Collection Set: 0.4ms
[128.317s][info][gc,phases      ] GC(925)   Other: 0.4ms
[128.317s][info][gc,heap        ] GC(925) Eden regions: 231->0(231)
[128.317s][info][gc,heap        ] GC(925) Survivor regions: 1->1(29)
[128.317s][info][gc,heap        ] GC(925) Old regions: 52->52
[128.317s][info][gc,heap        ] GC(925) Humongous regions: 11->6
[128.317s][info][gc,metaspace   ] GC(925) Metaspace: 72137K->72137K(1114112K)
[128.317s][info][gc             ] GC(925) Pause Young (Normal) (G1 Evacuation Pause) 293M->57M(387M) 3.289ms
[128.317s][info][gc,cpu         ] GC(925) User=0.00s Sys=0.00s Real=0.00s
[128.430s][info][gc,start       ] GC(926) Pause Young (Normal) (G1 Evacuation Pause)
[128.430s][info][gc,task        ] GC(926) Using 1 workers of 1 for evacuation
[128.434s][info][gc,phases      ] GC(926)   Pre Evacuate Collection Set: 0.0ms
[128.434s][info][gc,phases      ] GC(926)   Evacuate Collection Set: 2.8ms
[128.434s][info][gc,phases      ] GC(926)   Post Evacuate Collection Set: 0.4ms
[128.434s][info][gc,phases      ] GC(926)   Other: 0.3ms
[128.434s][info][gc,heap        ] GC(926) Eden regions: 231->0(231)
[128.434s][info][gc,heap        ] GC(926) Survivor regions: 1->1(29)
[128.434s][info][gc,heap        ] GC(926) Old regions: 52->52
[128.434s][info][gc,heap        ] GC(926) Humongous regions: 6->6
[128.434s][info][gc,metaspace   ] GC(926) Metaspace: 72141K->72141K(1114112K)
[128.434s][info][gc             ] GC(926) Pause Young (Normal) (G1 Evacuation Pause) 288M->57M(387M) 3.540ms
[128.434s][info][gc,cpu         ] GC(926) User=0.00s Sys=0.00s Real=0.00s
[128.539s][info][gc,start       ] GC(927) Pause Young (Normal) (G1 Evacuation Pause)
[128.540s][info][gc,task        ] GC(927) Using 1 workers of 1 for evacuation
[128.543s][info][gc,phases      ] GC(927)   Pre Evacuate Collection Set: 0.0ms
[128.543s][info][gc,phases      ] GC(927)   Evacuate Collection Set: 2.7ms
[128.543s][info][gc,phases      ] GC(927)   Post Evacuate Collection Set: 0.4ms
[128.543s][info][gc,phases      ] GC(927)   Other: 0.4ms
[128.543s][info][gc,heap        ] GC(927) Eden regions: 231->0(231)
[128.543s][info][gc,heap        ] GC(927) Survivor regions: 1->1(29)
[128.543s][info][gc,heap        ] GC(927) Old regions: 52->52
[128.543s][info][gc,heap        ] GC(927) Humongous regions: 6->6
[128.543s][info][gc,metaspace   ] GC(927) Metaspace: 72141K->72141K(1114112K)
[128.543s][info][gc             ] GC(927) Pause Young (Normal) (G1 Evacuation Pause) 288M->57M(387M) 3.514ms
[128.543s][info][gc,cpu         ] GC(927) User=0.00s Sys=0.00s Real=0.00s
[128.650s][info][gc,start       ] GC(928) Pause Young (Normal) (G1 Evacuation Pause)
[128.650s][info][gc,task        ] GC(928) Using 1 workers of 1 for evacuation
[128.653s][info][gc,phases      ] GC(928)   Pre Evacuate Collection Set: 0.0ms
[128.653s][info][gc,phases      ] GC(928)   Evacuate Collection Set: 2.7ms
[128.653s][info][gc,phases      ] GC(928)   Post Evacuate Collection Set: 0.3ms
[128.653s][info][gc,phases      ] GC(928)   Other: 0.3ms
[128.653s][info][gc,heap        ] GC(928) Eden regions: 231->0(231)
[128.653s][info][gc,heap        ] GC(928) Survivor regions: 1->1(29)
[128.653s][info][gc,heap        ] GC(928) Old regions: 52->52
[128.653s][info][gc,heap        ] GC(928) Humongous regions: 6->6
[128.653s][info][gc,metaspace   ] GC(928) Metaspace: 72141K->72141K(1114112K)
[128.653s][info][gc             ] GC(928) Pause Young (Normal) (G1 Evacuation Pause) 288M->57M(387M) 3.339ms
[128.653s][info][gc,cpu         ] GC(928) User=0.00s Sys=0.00s Real=0.00s
[128.771s][info][gc,start       ] GC(929) Pause Young (Normal) (G1 Evacuation Pause)
[128.771s][info][gc,task        ] GC(929) Using 1 workers of 1 for evacuation
[128.774s][info][gc,phases      ] GC(929)   Pre Evacuate Collection Set: 0.0ms
[128.774s][info][gc,phases      ] GC(929)   Evacuate Collection Set: 2.6ms
[128.774s][info][gc,phases      ] GC(929)   Post Evacuate Collection Set: 0.4ms
[128.774s][info][gc,phases      ] GC(929)   Other: 0.3ms
[128.774s][info][gc,heap        ] GC(929) Eden regions: 231->0(231)
[128.774s][info][gc,heap        ] GC(929) Survivor regions: 1->1(29)
[128.774s][info][gc,heap        ] GC(929) Old regions: 52->52
[128.774s][info][gc,heap        ] GC(929) Humongous regions: 6->6
[128.774s][info][gc,metaspace   ] GC(929) Metaspace: 72141K->72141K(1114112K)
[128.774s][info][gc             ] GC(929) Pause Young (Normal) (G1 Evacuation Pause) 288M->57M(387M) 3.366ms
[128.774s][info][gc,cpu         ] GC(929) User=0.00s Sys=0.00s Real=0.00s
[128.879s][info][gc,start       ] GC(930) Pause Young (Normal) (G1 Evacuation Pause)
[128.879s][info][gc,task        ] GC(930) Using 1 workers of 1 for evacuation
[128.882s][info][gc,phases      ] GC(930)   Pre Evacuate Collection Set: 0.0ms
[128.882s][info][gc,phases      ] GC(930)   Evacuate Collection Set: 2.7ms
[128.882s][info][gc,phases      ] GC(930)   Post Evacuate Collection Set: 0.3ms
[128.882s][info][gc,phases      ] GC(930)   Other: 0.3ms
[128.882s][info][gc,heap        ] GC(930) Eden regions: 231->0(231)
[128.882s][info][gc,heap        ] GC(930) Survivor regions: 1->1(29)
[128.882s][info][gc,heap        ] GC(930) Old regions: 52->52
[128.882s][info][gc,heap        ] GC(930) Humongous regions: 6->6
[128.882s][info][gc,metaspace   ] GC(930) Metaspace: 72141K->72141K(1114112K)
[128.882s][info][gc             ] GC(930) Pause Young (Normal) (G1 Evacuation Pause) 288M->57M(387M) 3.374ms
[128.883s][info][gc,cpu         ] GC(930) User=0.00s Sys=0.00s Real=0.00s
[128.990s][info][gc,start       ] GC(931) Pause Young (Normal) (G1 Evacuation Pause)
[128.990s][info][gc,task        ] GC(931) Using 1 workers of 1 for evacuation
[128.994s][info][gc,phases      ] GC(931)   Pre Evacuate Collection Set: 0.0ms
[128.994s][info][gc,phases      ] GC(931)   Evacuate Collection Set: 2.7ms
[128.994s][info][gc,phases      ] GC(931)   Post Evacuate Collection Set: 0.3ms
[128.994s][info][gc,phases      ] GC(931)   Other: 0.3ms
[128.994s][info][gc,heap        ] GC(931) Eden regions: 231->0(231)
[128.994s][info][gc,heap        ] GC(931) Survivor regions: 1->1(29)
[128.994s][info][gc,heap        ] GC(931) Old regions: 52->52
[128.994s][info][gc,heap        ] GC(931) Humongous regions: 6->6
[128.994s][info][gc,metaspace   ] GC(931) Metaspace: 72141K->72141K(1114112K)
[128.994s][info][gc             ] GC(931) Pause Young (Normal) (G1 Evacuation Pause) 288M->57M(387M) 3.349ms
[128.994s][info][gc,cpu         ] GC(931) User=0.00s Sys=0.01s Real=0.00s
[129.100s][info][gc,start       ] GC(932) Pause Young (Normal) (G1 Evacuation Pause)
[129.100s][info][gc,task        ] GC(932) Using 1 workers of 1 for evacuation
[129.103s][info][gc,phases      ] GC(932)   Pre Evacuate Collection Set: 0.0ms
[129.103s][info][gc,phases      ] GC(932)   Evacuate Collection Set: 2.6ms
[129.103s][info][gc,phases      ] GC(932)   Post Evacuate Collection Set: 0.3ms
[129.103s][info][gc,phases      ] GC(932)   Other: 0.3ms
[129.103s][info][gc,heap        ] GC(932) Eden regions: 231->0(231)
[129.103s][info][gc,heap        ] GC(932) Survivor regions: 1->1(29)
[129.103s][info][gc,heap        ] GC(932) Old regions: 52->52
[129.103s][info][gc,heap        ] GC(932) Humongous regions: 6->6
[129.103s][info][gc,metaspace   ] GC(932) Metaspace: 72141K->72141K(1114112K)
[129.103s][info][gc             ] GC(932) Pause Young (Normal) (G1 Evacuation Pause) 288M->57M(387M) 3.319ms
[129.103s][info][gc,cpu         ] GC(932) User=0.00s Sys=0.00s Real=0.00s
[129.211s][info][gc,start       ] GC(933) Pause Young (Normal) (G1 Evacuation Pause)
[129.211s][info][gc,task        ] GC(933) Using 1 workers of 1 for evacuation
[129.214s][info][gc,phases      ] GC(933)   Pre Evacuate Collection Set: 0.0ms
[129.214s][info][gc,phases      ] GC(933)   Evacuate Collection Set: 2.6ms
[129.214s][info][gc,phases      ] GC(933)   Post Evacuate Collection Set: 0.3ms
[129.214s][info][gc,phases      ] GC(933)   Other: 0.3ms
[129.214s][info][gc,heap        ] GC(933) Eden regions: 231->0(231)
[129.214s][info][gc,heap        ] GC(933) Survivor regions: 1->1(29)
[129.214s][info][gc,heap        ] GC(933) Old regions: 52->53
[129.214s][info][gc,heap        ] GC(933) Humongous regions: 6->6
[129.214s][info][gc,metaspace   ] GC(933) Metaspace: 72141K->72141K(1114112K)
[129.214s][info][gc             ] GC(933) Pause Young (Normal) (G1 Evacuation Pause) 288M->57M(387M) 3.296ms
[129.214s][info][gc,cpu         ] GC(933) User=0.00s Sys=0.00s Real=0.00s
[129.321s][info][gc,start       ] GC(934) Pause Young (Normal) (G1 Evacuation Pause)
[129.321s][info][gc,task        ] GC(934) Using 1 workers of 1 for evacuation
[129.325s][info][gc,phases      ] GC(934)   Pre Evacuate Collection Set: 0.0ms
[129.325s][info][gc,phases      ] GC(934)   Evacuate Collection Set: 2.4ms
[129.325s][info][gc,phases      ] GC(934)   Post Evacuate Collection Set: 0.3ms
[129.325s][info][gc,phases      ] GC(934)   Other: 0.4ms
[129.325s][info][gc,heap        ] GC(934) Eden regions: 231->0(231)
[129.325s][info][gc,heap        ] GC(934) Survivor regions: 1->1(29)
[129.325s][info][gc,heap        ] GC(934) Old regions: 53->53
[129.325s][info][gc,heap        ] GC(934) Humongous regions: 6->6
[129.325s][info][gc,metaspace   ] GC(934) Metaspace: 72141K->72141K(1114112K)
[129.325s][info][gc             ] GC(934) Pause Young (Normal) (G1 Evacuation Pause) 288M->57M(387M) 3.252ms
[129.325s][info][gc,cpu         ] GC(934) User=0.00s Sys=0.00s Real=0.00s
[129.458s][info][gc,start       ] GC(935) Pause Young (Normal) (G1 Evacuation Pause)
[129.459s][info][gc,task        ] GC(935) Using 1 workers of 1 for evacuation
[129.462s][info][gc,phases      ] GC(935)   Pre Evacuate Collection Set: 0.0ms
[129.462s][info][gc,phases      ] GC(935)   Evacuate Collection Set: 2.4ms
[129.462s][info][gc,phases      ] GC(935)   Post Evacuate Collection Set: 0.3ms
[129.462s][info][gc,phases      ] GC(935)   Other: 0.3ms
[129.462s][info][gc,heap        ] GC(935) Eden regions: 231->0(231)
[129.462s][info][gc,heap        ] GC(935) Survivor regions: 1->1(29)
[129.462s][info][gc,heap        ] GC(935) Old regions: 53->53
[129.462s][info][gc,heap        ] GC(935) Humongous regions: 11->6
[129.462s][info][gc,metaspace   ] GC(935) Metaspace: 72144K->72144K(1114112K)
[129.462s][info][gc             ] GC(935) Pause Young (Normal) (G1 Evacuation Pause) 293M->57M(387M) 3.113ms
[129.462s][info][gc,cpu         ] GC(935) User=0.00s Sys=0.00s Real=0.00s
[129.566s][info][gc,start       ] GC(936) Pause Young (Normal) (G1 Evacuation Pause)
[129.566s][info][gc,task        ] GC(936) Using 1 workers of 1 for evacuation
[129.569s][info][gc,phases      ] GC(936)   Pre Evacuate Collection Set: 0.0ms
[129.569s][info][gc,phases      ] GC(936)   Evacuate Collection Set: 2.4ms
[129.569s][info][gc,phases      ] GC(936)   Post Evacuate Collection Set: 0.3ms
[129.569s][info][gc,phases      ] GC(936)   Other: 0.3ms
[129.569s][info][gc,heap        ] GC(936) Eden regions: 231->0(231)
[129.569s][info][gc,heap        ] GC(936) Survivor regions: 1->1(29)
[129.569s][info][gc,heap        ] GC(936) Old regions: 53->53
[129.569s][info][gc,heap        ] GC(936) Humongous regions: 6->6
[129.569s][info][gc,metaspace   ] GC(936) Metaspace: 72144K->72144K(1114112K)
[129.569s][info][gc             ] GC(936) Pause Young (Normal) (G1 Evacuation Pause) 288M->57M(387M) 3.085ms
[129.570s][info][gc,cpu         ] GC(936) User=0.00s Sys=0.00s Real=0.01s
[129.677s][info][gc,start       ] GC(937) Pause Young (Normal) (G1 Evacuation Pause)
[129.677s][info][gc,task        ] GC(937) Using 1 workers of 1 for evacuation
[129.680s][info][gc,phases      ] GC(937)   Pre Evacuate Collection Set: 0.0ms
[129.680s][info][gc,phases      ] GC(937)   Evacuate Collection Set: 2.7ms
[129.680s][info][gc,phases      ] GC(937)   Post Evacuate Collection Set: 0.3ms
[129.680s][info][gc,phases      ] GC(937)   Other: 0.3ms
[129.680s][info][gc,heap        ] GC(937) Eden regions: 231->0(231)
[129.680s][info][gc,heap        ] GC(937) Survivor regions: 1->1(29)
[129.680s][info][gc,heap        ] GC(937) Old regions: 53->53
[129.680s][info][gc,heap        ] GC(937) Humongous regions: 6->6
[129.680s][info][gc,metaspace   ] GC(937) Metaspace: 72144K->72144K(1114112K)
[129.680s][info][gc             ] GC(937) Pause Young (Normal) (G1 Evacuation Pause) 288M->57M(387M) 3.441ms
[129.680s][info][gc,cpu         ] GC(937) User=0.00s Sys=0.00s Real=0.01s
[129.794s][info][gc,start       ] GC(938) Pause Young (Normal) (G1 Evacuation Pause)
[129.794s][info][gc,task        ] GC(938) Using 1 workers of 1 for evacuation
[129.797s][info][gc,phases      ] GC(938)   Pre Evacuate Collection Set: 0.0ms
[129.797s][info][gc,phases      ] GC(938)   Evacuate Collection Set: 2.4ms
[129.797s][info][gc,phases      ] GC(938)   Post Evacuate Collection Set: 0.3ms
[129.797s][info][gc,phases      ] GC(938)   Other: 0.3ms
[129.797s][info][gc,heap        ] GC(938) Eden regions: 231->0(231)
[129.797s][info][gc,heap        ] GC(938) Survivor regions: 1->1(29)
[129.797s][info][gc,heap        ] GC(938) Old regions: 53->53
[129.797s][info][gc,heap        ] GC(938) Humongous regions: 6->6
[129.797s][info][gc,metaspace   ] GC(938) Metaspace: 72144K->72144K(1114112K)
[129.797s][info][gc             ] GC(938) Pause Young (Normal) (G1 Evacuation Pause) 288M->57M(387M) 3.054ms
[129.797s][info][gc,cpu         ] GC(938) User=0.01s Sys=0.00s Real=0.00s
[129.902s][info][gc,start       ] GC(939) Pause Young (Normal) (G1 Evacuation Pause)
[129.902s][info][gc,task        ] GC(939) Using 1 workers of 1 for evacuation
[129.905s][info][gc,phases      ] GC(939)   Pre Evacuate Collection Set: 0.0ms
[129.905s][info][gc,phases      ] GC(939)   Evacuate Collection Set: 2.4ms
[129.905s][info][gc,phases      ] GC(939)   Post Evacuate Collection Set: 0.3ms
[129.905s][info][gc,phases      ] GC(939)   Other: 0.3ms
[129.905s][info][gc,heap        ] GC(939) Eden regions: 231->0(231)
[129.905s][info][gc,heap        ] GC(939) Survivor regions: 1->1(29)
[129.905s][info][gc,heap        ] GC(939) Old regions: 53->53
[129.905s][info][gc,heap        ] GC(939) Humongous regions: 6->6
[129.905s][info][gc,metaspace   ] GC(939) Metaspace: 72144K->72144K(1114112K)
[129.905s][info][gc             ] GC(939) Pause Young (Normal) (G1 Evacuation Pause) 288M->57M(387M) 3.096ms
[129.905s][info][gc,cpu         ] GC(939) User=0.00s Sys=0.00s Real=0.00s
[130.011s][info][gc,start       ] GC(940) Pause Young (Normal) (G1 Evacuation Pause)
[130.011s][info][gc,task        ] GC(940) Using 1 workers of 1 for evacuation
[130.015s][info][gc,phases      ] GC(940)   Pre Evacuate Collection Set: 0.0ms
[130.015s][info][gc,phases      ] GC(940)   Evacuate Collection Set: 2.6ms
[130.015s][info][gc,phases      ] GC(940)   Post Evacuate Collection Set: 0.3ms
[130.015s][info][gc,phases      ] GC(940)   Other: 0.3ms
[130.015s][info][gc,heap        ] GC(940) Eden regions: 231->0(231)
[130.015s][info][gc,heap        ] GC(940) Survivor regions: 1->1(29)
[130.015s][info][gc,heap        ] GC(940) Old regions: 53->53
[130.015s][info][gc,heap        ] GC(940) Humongous regions: 6->6
[130.015s][info][gc,metaspace   ] GC(940) Metaspace: 72144K->72144K(1114112K)
[130.015s][info][gc             ] GC(940) Pause Young (Normal) (G1 Evacuation Pause) 288M->57M(387M) 3.258ms
[130.015s][info][gc,cpu         ] GC(940) User=0.00s Sys=0.00s Real=0.00s
[130.124s][info][gc,start       ] GC(941) Pause Young (Normal) (G1 Evacuation Pause)
[130.124s][info][gc,task        ] GC(941) Using 1 workers of 1 for evacuation
[130.127s][info][gc,phases      ] GC(941)   Pre Evacuate Collection Set: 0.0ms
[130.127s][info][gc,phases      ] GC(941)   Evacuate Collection Set: 2.5ms
[130.127s][info][gc,phases      ] GC(941)   Post Evacuate Collection Set: 0.3ms
[130.127s][info][gc,phases      ] GC(941)   Other: 0.4ms
[130.127s][info][gc,heap        ] GC(941) Eden regions: 231->0(231)
[130.127s][info][gc,heap        ] GC(941) Survivor regions: 1->1(29)
[130.127s][info][gc,heap        ] GC(941) Old regions: 53->53
[130.127s][info][gc,heap        ] GC(941) Humongous regions: 6->6
[130.127s][info][gc,metaspace   ] GC(941) Metaspace: 72144K->72144K(1114112K)
[130.127s][info][gc             ] GC(941) Pause Young (Normal) (G1 Evacuation Pause) 288M->57M(387M) 3.222ms
[130.127s][info][gc,cpu         ] GC(941) User=0.01s Sys=0.00s Real=0.00s
[130.236s][info][gc,start       ] GC(942) Pause Young (Normal) (G1 Evacuation Pause)
[130.236s][info][gc,task        ] GC(942) Using 1 workers of 1 for evacuation
[130.239s][info][gc,phases      ] GC(942)   Pre Evacuate Collection Set: 0.0ms
[130.239s][info][gc,phases      ] GC(942)   Evacuate Collection Set: 2.5ms
[130.239s][info][gc,phases      ] GC(942)   Post Evacuate Collection Set: 0.4ms
[130.239s][info][gc,phases      ] GC(942)   Other: 0.3ms
[130.239s][info][gc,heap        ] GC(942) Eden regions: 231->0(231)
[130.239s][info][gc,heap        ] GC(942) Survivor regions: 1->1(29)
[130.239s][info][gc,heap        ] GC(942) Old regions: 53->53
[130.239s][info][gc,heap        ] GC(942) Humongous regions: 6->6
[130.239s][info][gc,metaspace   ] GC(942) Metaspace: 72144K->72144K(1114112K)
[130.239s][info][gc             ] GC(942) Pause Young (Normal) (G1 Evacuation Pause) 288M->57M(387M) 3.231ms
[130.239s][info][gc,cpu         ] GC(942) User=0.01s Sys=0.00s Real=0.01s
[130.349s][info][gc,start       ] GC(943) Pause Young (Normal) (G1 Evacuation Pause)
[130.349s][info][gc,task        ] GC(943) Using 1 workers of 1 for evacuation
[130.352s][info][gc,phases      ] GC(943)   Pre Evacuate Collection Set: 0.0ms
[130.352s][info][gc,phases      ] GC(943)   Evacuate Collection Set: 2.5ms
[130.352s][info][gc,phases      ] GC(943)   Post Evacuate Collection Set: 0.3ms
[130.352s][info][gc,phases      ] GC(943)   Other: 0.3ms
[130.352s][info][gc,heap        ] GC(943) Eden regions: 231->0(231)
[130.352s][info][gc,heap        ] GC(943) Survivor regions: 1->1(29)
[130.352s][info][gc,heap        ] GC(943) Old regions: 53->53
[130.352s][info][gc,heap        ] GC(943) Humongous regions: 6->6
[130.352s][info][gc,metaspace   ] GC(943) Metaspace: 72144K->72144K(1114112K)
[130.352s][info][gc             ] GC(943) Pause Young (Normal) (G1 Evacuation Pause) 288M->57M(387M) 3.196ms
[130.352s][info][gc,cpu         ] GC(943) User=0.00s Sys=0.00s Real=0.01s
[130.463s][info][gc,start       ] GC(944) Pause Young (Normal) (G1 Evacuation Pause)
[130.463s][info][gc,task        ] GC(944) Using 1 workers of 1 for evacuation
[130.466s][info][gc,phases      ] GC(944)   Pre Evacuate Collection Set: 0.0ms
[130.466s][info][gc,phases      ] GC(944)   Evacuate Collection Set: 2.7ms
[130.466s][info][gc,phases      ] GC(944)   Post Evacuate Collection Set: 0.3ms
[130.466s][info][gc,phases      ] GC(944)   Other: 0.3ms
[130.466s][info][gc,heap        ] GC(944) Eden regions: 231->0(231)
[130.466s][info][gc,heap        ] GC(944) Survivor regions: 1->1(29)
[130.466s][info][gc,heap        ] GC(944) Old regions: 53->53
[130.466s][info][gc,heap        ] GC(944) Humongous regions: 6->6
[130.466s][info][gc,metaspace   ] GC(944) Metaspace: 72144K->72144K(1114112K)
[130.466s][info][gc             ] GC(944) Pause Young (Normal) (G1 Evacuation Pause) 288M->57M(387M) 3.409ms
[130.466s][info][gc,cpu         ] GC(944) User=0.00s Sys=0.00s Real=0.00s
[130.594s][info][gc,start       ] GC(945) Pause Young (Normal) (G1 Evacuation Pause)
[130.594s][info][gc,task        ] GC(945) Using 1 workers of 1 for evacuation
[130.598s][info][gc,phases      ] GC(945)   Pre Evacuate Collection Set: 0.0ms
[130.598s][info][gc,phases      ] GC(945)   Evacuate Collection Set: 2.7ms
[130.598s][info][gc,phases      ] GC(945)   Post Evacuate Collection Set: 0.4ms
[130.598s][info][gc,phases      ] GC(945)   Other: 0.3ms
[130.598s][info][gc,heap        ] GC(945) Eden regions: 231->0(231)
[130.598s][info][gc,heap        ] GC(945) Survivor regions: 1->1(29)
[130.598s][info][gc,heap        ] GC(945) Old regions: 53->53
[130.598s][info][gc,heap        ] GC(945) Humongous regions: 11->6
[130.598s][info][gc,metaspace   ] GC(945) Metaspace: 72146K->72146K(1114112K)
[130.598s][info][gc             ] GC(945) Pause Young (Normal) (G1 Evacuation Pause) 293M->57M(387M) 3.473ms
[130.598s][info][gc,cpu         ] GC(945) User=0.00s Sys=0.01s Real=0.01s
[130.703s][info][gc,start       ] GC(946) Pause Young (Normal) (G1 Evacuation Pause)
[130.703s][info][gc,task        ] GC(946) Using 1 workers of 1 for evacuation
[130.706s][info][gc,phases      ] GC(946)   Pre Evacuate Collection Set: 0.0ms
[130.706s][info][gc,phases      ] GC(946)   Evacuate Collection Set: 2.7ms
[130.706s][info][gc,phases      ] GC(946)   Post Evacuate Collection Set: 0.3ms
[130.706s][info][gc,phases      ] GC(946)   Other: 0.3ms
[130.706s][info][gc,heap        ] GC(946) Eden regions: 231->0(231)
[130.706s][info][gc,heap        ] GC(946) Survivor regions: 1->1(29)
[130.706s][info][gc,heap        ] GC(946) Old regions: 53->53
[130.706s][info][gc,heap        ] GC(946) Humongous regions: 6->6
[130.706s][info][gc,metaspace   ] GC(946) Metaspace: 72146K->72146K(1114112K)
[130.706s][info][gc             ] GC(946) Pause Young (Normal) (G1 Evacuation Pause) 288M->57M(387M) 3.407ms
[130.707s][info][gc,cpu         ] GC(946) User=0.00s Sys=0.00s Real=0.00s
[130.815s][info][gc,start       ] GC(947) Pause Young (Normal) (G1 Evacuation Pause)
[130.815s][info][gc,task        ] GC(947) Using 1 workers of 1 for evacuation
[130.819s][info][gc,phases      ] GC(947)   Pre Evacuate Collection Set: 0.0ms
[130.819s][info][gc,phases      ] GC(947)   Evacuate Collection Set: 2.7ms
[130.819s][info][gc,phases      ] GC(947)   Post Evacuate Collection Set: 0.3ms
[130.819s][info][gc,phases      ] GC(947)   Other: 0.3ms
[130.819s][info][gc,heap        ] GC(947) Eden regions: 231->0(231)
[130.819s][info][gc,heap        ] GC(947) Survivor regions: 1->1(29)
[130.819s][info][gc,heap        ] GC(947) Old regions: 53->53
[130.819s][info][gc,heap        ] GC(947) Humongous regions: 6->6
[130.819s][info][gc,metaspace   ] GC(947) Metaspace: 72146K->72146K(1114112K)
[130.819s][info][gc             ] GC(947) Pause Young (Normal) (G1 Evacuation Pause) 288M->57M(387M) 3.340ms
[130.819s][info][gc,cpu         ] GC(947) User=0.00s Sys=0.00s Real=0.01s
[130.933s][info][gc,start       ] GC(948) Pause Young (Normal) (G1 Evacuation Pause)
[130.933s][info][gc,task        ] GC(948) Using 1 workers of 1 for evacuation
[130.937s][info][gc,phases      ] GC(948)   Pre Evacuate Collection Set: 0.0ms
[130.937s][info][gc,phases      ] GC(948)   Evacuate Collection Set: 2.7ms
[130.937s][info][gc,phases      ] GC(948)   Post Evacuate Collection Set: 0.4ms
[130.937s][info][gc,phases      ] GC(948)   Other: 0.5ms
[130.937s][info][gc,heap        ] GC(948) Eden regions: 231->0(231)
[130.937s][info][gc,heap        ] GC(948) Survivor regions: 1->1(29)
[130.937s][info][gc,heap        ] GC(948) Old regions: 53->53
[130.937s][info][gc,heap        ] GC(948) Humongous regions: 6->6
[130.937s][info][gc,metaspace   ] GC(948) Metaspace: 72146K->72146K(1114112K)
[130.937s][info][gc             ] GC(948) Pause Young (Normal) (G1 Evacuation Pause) 288M->57M(387M) 3.608ms
[130.937s][info][gc,cpu         ] GC(948) User=0.00s Sys=0.00s Real=0.00s
[131.044s][info][gc,start       ] GC(949) Pause Young (Normal) (G1 Evacuation Pause)
[131.044s][info][gc,task        ] GC(949) Using 1 workers of 1 for evacuation
[131.047s][info][gc,phases      ] GC(949)   Pre Evacuate Collection Set: 0.0ms
[131.047s][info][gc,phases      ] GC(949)   Evacuate Collection Set: 2.7ms
[131.047s][info][gc,phases      ] GC(949)   Post Evacuate Collection Set: 0.3ms
[131.047s][info][gc,phases      ] GC(949)   Other: 0.3ms
[131.047s][info][gc,heap        ] GC(949) Eden regions: 231->0(231)
[131.047s][info][gc,heap        ] GC(949) Survivor regions: 1->1(29)
[131.047s][info][gc,heap        ] GC(949) Old regions: 53->53
[131.047s][info][gc,heap        ] GC(949) Humongous regions: 6->6
[131.047s][info][gc,metaspace   ] GC(949) Metaspace: 72146K->72146K(1114112K)
[131.047s][info][gc             ] GC(949) Pause Young (Normal) (G1 Evacuation Pause) 288M->57M(387M) 3.417ms
[131.047s][info][gc,cpu         ] GC(949) User=0.00s Sys=0.00s Real=0.00s
[131.154s][info][gc,start       ] GC(950) Pause Young (Normal) (G1 Evacuation Pause)
[131.154s][info][gc,task        ] GC(950) Using 1 workers of 1 for evacuation
[131.158s][info][gc,phases      ] GC(950)   Pre Evacuate Collection Set: 0.0ms
[131.158s][info][gc,phases      ] GC(950)   Evacuate Collection Set: 2.9ms
[131.158s][info][gc,phases      ] GC(950)   Post Evacuate Collection Set: 0.3ms
[131.158s][info][gc,phases      ] GC(950)   Other: 0.6ms
[131.158s][info][gc,heap        ] GC(950) Eden regions: 231->0(231)
[131.158s][info][gc,heap        ] GC(950) Survivor regions: 1->1(29)
[131.158s][info][gc,heap        ] GC(950) Old regions: 53->53
[131.158s][info][gc,heap        ] GC(950) Humongous regions: 6->6
[131.158s][info][gc,metaspace   ] GC(950) Metaspace: 72146K->72146K(1114112K)
[131.158s][info][gc             ] GC(950) Pause Young (Normal) (G1 Evacuation Pause) 288M->57M(387M) 3.905ms
[131.158s][info][gc,cpu         ] GC(950) User=0.00s Sys=0.00s Real=0.01s
[131.267s][info][gc,start       ] GC(951) Pause Young (Normal) (G1 Evacuation Pause)
[131.267s][info][gc,task        ] GC(951) Using 1 workers of 1 for evacuation
[131.270s][info][gc,phases      ] GC(951)   Pre Evacuate Collection Set: 0.0ms
[131.270s][info][gc,phases      ] GC(951)   Evacuate Collection Set: 2.5ms
[131.270s][info][gc,phases      ] GC(951)   Post Evacuate Collection Set: 0.3ms
[131.270s][info][gc,phases      ] GC(951)   Other: 0.3ms
[131.270s][info][gc,heap        ] GC(951) Eden regions: 231->0(231)
[131.270s][info][gc,heap        ] GC(951) Survivor regions: 1->1(29)
[131.270s][info][gc,heap        ] GC(951) Old regions: 53->53
[131.270s][info][gc,heap        ] GC(951) Humongous regions: 6->6
[131.270s][info][gc,metaspace   ] GC(951) Metaspace: 72146K->72146K(1114112K)
[131.270s][info][gc             ] GC(951) Pause Young (Normal) (G1 Evacuation Pause) 288M->57M(387M) 3.214ms
[131.270s][info][gc,cpu         ] GC(951) User=0.00s Sys=0.00s Real=0.01s
[131.381s][info][gc,start       ] GC(952) Pause Young (Normal) (G1 Evacuation Pause)
[131.381s][info][gc,task        ] GC(952) Using 1 workers of 1 for evacuation
[131.384s][info][gc,phases      ] GC(952)   Pre Evacuate Collection Set: 0.0ms
[131.384s][info][gc,phases      ] GC(952)   Evacuate Collection Set: 2.6ms
[131.384s][info][gc,phases      ] GC(952)   Post Evacuate Collection Set: 0.3ms
[131.384s][info][gc,phases      ] GC(952)   Other: 0.3ms
[131.384s][info][gc,heap        ] GC(952) Eden regions: 231->0(231)
[131.384s][info][gc,heap        ] GC(952) Survivor regions: 1->1(29)
[131.384s][info][gc,heap        ] GC(952) Old regions: 53->53
[131.384s][info][gc,heap        ] GC(952) Humongous regions: 6->6
[131.384s][info][gc,metaspace   ] GC(952) Metaspace: 72146K->72146K(1114112K)
[131.384s][info][gc             ] GC(952) Pause Young (Normal) (G1 Evacuation Pause) 288M->57M(387M) 3.265ms
[131.384s][info][gc,cpu         ] GC(952) User=0.01s Sys=0.00s Real=0.00s
[131.490s][info][gc,start       ] GC(953) Pause Young (Normal) (G1 Evacuation Pause)
[131.490s][info][gc,task        ] GC(953) Using 1 workers of 1 for evacuation
[131.493s][info][gc,phases      ] GC(953)   Pre Evacuate Collection Set: 0.0ms
[131.493s][info][gc,phases      ] GC(953)   Evacuate Collection Set: 2.5ms
[131.493s][info][gc,phases      ] GC(953)   Post Evacuate Collection Set: 0.3ms
[131.493s][info][gc,phases      ] GC(953)   Other: 0.3ms
[131.493s][info][gc,heap        ] GC(953) Eden regions: 231->0(231)
[131.493s][info][gc,heap        ] GC(953) Survivor regions: 1->1(29)
[131.493s][info][gc,heap        ] GC(953) Old regions: 53->53
[131.493s][info][gc,heap        ] GC(953) Humongous regions: 6->6
[131.493s][info][gc,metaspace   ] GC(953) Metaspace: 72146K->72146K(1114112K)
[131.493s][info][gc             ] GC(953) Pause Young (Normal) (G1 Evacuation Pause) 288M->57M(387M) 3.154ms
[131.493s][info][gc,cpu         ] GC(953) User=0.00s Sys=0.00s Real=0.01s
[131.600s][info][gc,start       ] GC(954) Pause Young (Normal) (G1 Evacuation Pause)
[131.600s][info][gc,task        ] GC(954) Using 1 workers of 1 for evacuation
[131.603s][info][gc,phases      ] GC(954)   Pre Evacuate Collection Set: 0.0ms
[131.603s][info][gc,phases      ] GC(954)   Evacuate Collection Set: 2.4ms
[131.603s][info][gc,phases      ] GC(954)   Post Evacuate Collection Set: 0.3ms
[131.603s][info][gc,phases      ] GC(954)   Other: 0.3ms
[131.603s][info][gc,heap        ] GC(954) Eden regions: 231->0(231)
[131.603s][info][gc,heap        ] GC(954) Survivor regions: 1->1(29)
[131.603s][info][gc,heap        ] GC(954) Old regions: 53->53
[131.603s][info][gc,heap        ] GC(954) Humongous regions: 6->6
[131.603s][info][gc,metaspace   ] GC(954) Metaspace: 72146K->72146K(1114112K)
[131.603s][info][gc             ] GC(954) Pause Young (Normal) (G1 Evacuation Pause) 288M->57M(387M) 3.089ms
[131.603s][info][gc,cpu         ] GC(954) User=0.00s Sys=0.00s Real=0.00s
[131.732s][info][gc,start       ] GC(955) Pause Young (Normal) (G1 Evacuation Pause)
[131.733s][info][gc,task        ] GC(955) Using 1 workers of 1 for evacuation
[131.736s][info][gc,phases      ] GC(955)   Pre Evacuate Collection Set: 0.0ms
[131.736s][info][gc,phases      ] GC(955)   Evacuate Collection Set: 2.5ms
[131.736s][info][gc,phases      ] GC(955)   Post Evacuate Collection Set: 0.4ms
[131.736s][info][gc,phases      ] GC(955)   Other: 0.4ms
[131.736s][info][gc,heap        ] GC(955) Eden regions: 231->0(231)
[131.736s][info][gc,heap        ] GC(955) Survivor regions: 1->1(29)
[131.736s][info][gc,heap        ] GC(955) Old regions: 53->53
[131.736s][info][gc,heap        ] GC(955) Humongous regions: 11->6
[131.736s][info][gc,metaspace   ] GC(955) Metaspace: 72176K->72176K(1114112K)
[131.736s][info][gc             ] GC(955) Pause Young (Normal) (G1 Evacuation Pause) 293M->57M(387M) 3.375ms
[131.736s][info][gc,cpu         ] GC(955) User=0.00s Sys=0.00s Real=0.00s
[131.850s][info][gc,start       ] GC(956) Pause Young (Normal) (G1 Evacuation Pause)
[131.850s][info][gc,task        ] GC(956) Using 1 workers of 1 for evacuation
[131.853s][info][gc,phases      ] GC(956)   Pre Evacuate Collection Set: 0.0ms
[131.853s][info][gc,phases      ] GC(956)   Evacuate Collection Set: 2.4ms
[131.853s][info][gc,phases      ] GC(956)   Post Evacuate Collection Set: 0.3ms
[131.853s][info][gc,phases      ] GC(956)   Other: 0.3ms
[131.853s][info][gc,heap        ] GC(956) Eden regions: 231->0(231)
[131.853s][info][gc,heap        ] GC(956) Survivor regions: 1->1(29)
[131.853s][info][gc,heap        ] GC(956) Old regions: 53->53
[131.853s][info][gc,heap        ] GC(956) Humongous regions: 6->6
[131.853s][info][gc,metaspace   ] GC(956) Metaspace: 72176K->72176K(1114112K)
[131.853s][info][gc             ] GC(956) Pause Young (Normal) (G1 Evacuation Pause) 288M->57M(387M) 3.059ms
[131.853s][info][gc,cpu         ] GC(956) User=0.01s Sys=0.00s Real=0.00s
[131.958s][info][gc,start       ] GC(957) Pause Young (Normal) (G1 Evacuation Pause)
[131.958s][info][gc,task        ] GC(957) Using 1 workers of 1 for evacuation
[131.961s][info][gc,phases      ] GC(957)   Pre Evacuate Collection Set: 0.0ms
[131.961s][info][gc,phases      ] GC(957)   Evacuate Collection Set: 2.4ms
[131.961s][info][gc,phases      ] GC(957)   Post Evacuate Collection Set: 0.4ms
[131.961s][info][gc,phases      ] GC(957)   Other: 0.3ms
[131.961s][info][gc,heap        ] GC(957) Eden regions: 231->0(231)
[131.961s][info][gc,heap        ] GC(957) Survivor regions: 1->1(29)
[131.961s][info][gc,heap        ] GC(957) Old regions: 53->53
[131.961s][info][gc,heap        ] GC(957) Humongous regions: 6->6
[131.961s][info][gc,metaspace   ] GC(957) Metaspace: 72176K->72176K(1114112K)
[131.961s][info][gc             ] GC(957) Pause Young (Normal) (G1 Evacuation Pause) 288M->57M(387M) 3.090ms
[131.961s][info][gc,cpu         ] GC(957) User=0.00s Sys=0.00s Real=0.00s
[132.066s][info][gc,start       ] GC(958) Pause Young (Normal) (G1 Evacuation Pause)
[132.066s][info][gc,task        ] GC(958) Using 1 workers of 1 for evacuation
[132.069s][info][gc,phases      ] GC(958)   Pre Evacuate Collection Set: 0.0ms
[132.069s][info][gc,phases      ] GC(958)   Evacuate Collection Set: 2.5ms
[132.069s][info][gc,phases      ] GC(958)   Post Evacuate Collection Set: 0.3ms
[132.069s][info][gc,phases      ] GC(958)   Other: 0.3ms
[132.069s][info][gc,heap        ] GC(958) Eden regions: 231->0(231)
[132.069s][info][gc,heap        ] GC(958) Survivor regions: 1->1(29)
[132.069s][info][gc,heap        ] GC(958) Old regions: 53->53
[132.069s][info][gc,heap        ] GC(958) Humongous regions: 6->6
[132.069s][info][gc,metaspace   ] GC(958) Metaspace: 72176K->72176K(1114112K)
[132.069s][info][gc             ] GC(958) Pause Young (Normal) (G1 Evacuation Pause) 288M->57M(387M) 3.151ms
[132.069s][info][gc,cpu         ] GC(958) User=0.00s Sys=0.00s Real=0.00s
[132.174s][info][gc,start       ] GC(959) Pause Young (Normal) (G1 Evacuation Pause)
[132.174s][info][gc,task        ] GC(959) Using 1 workers of 1 for evacuation
[132.177s][info][gc,phases      ] GC(959)   Pre Evacuate Collection Set: 0.0ms
[132.177s][info][gc,phases      ] GC(959)   Evacuate Collection Set: 2.4ms
[132.177s][info][gc,phases      ] GC(959)   Post Evacuate Collection Set: 0.3ms
[132.177s][info][gc,phases      ] GC(959)   Other: 0.4ms
[132.177s][info][gc,heap        ] GC(959) Eden regions: 231->0(231)
[132.177s][info][gc,heap        ] GC(959) Survivor regions: 1->1(29)
[132.177s][info][gc,heap        ] GC(959) Old regions: 53->53
[132.177s][info][gc,heap        ] GC(959) Humongous regions: 6->6
[132.177s][info][gc,metaspace   ] GC(959) Metaspace: 72176K->72176K(1114112K)
[132.177s][info][gc             ] GC(959) Pause Young (Normal) (G1 Evacuation Pause) 288M->57M(387M) 3.191ms
[132.177s][info][gc,cpu         ] GC(959) User=0.01s Sys=0.00s Real=0.00s
[132.287s][info][gc,start       ] GC(960) Pause Young (Normal) (G1 Evacuation Pause)
[132.287s][info][gc,task        ] GC(960) Using 1 workers of 1 for evacuation
[132.291s][info][gc,phases      ] GC(960)   Pre Evacuate Collection Set: 0.0ms
[132.291s][info][gc,phases      ] GC(960)   Evacuate Collection Set: 2.6ms
[132.291s][info][gc,phases      ] GC(960)   Post Evacuate Collection Set: 0.4ms
[132.291s][info][gc,phases      ] GC(960)   Other: 0.3ms
[132.291s][info][gc,heap        ] GC(960) Eden regions: 231->0(231)
[132.291s][info][gc,heap        ] GC(960) Survivor regions: 1->1(29)
[132.291s][info][gc,heap        ] GC(960) Old regions: 53->53
[132.291s][info][gc,heap        ] GC(960) Humongous regions: 6->6
[132.291s][info][gc,metaspace   ] GC(960) Metaspace: 72176K->72176K(1114112K)
[132.291s][info][gc             ] GC(960) Pause Young (Normal) (G1 Evacuation Pause) 288M->57M(387M) 3.319ms
[132.291s][info][gc,cpu         ] GC(960) User=0.00s Sys=0.00s Real=0.01s
[132.400s][info][gc,start       ] GC(961) Pause Young (Normal) (G1 Evacuation Pause)
[132.400s][info][gc,task        ] GC(961) Using 1 workers of 1 for evacuation
[132.403s][info][gc,phases      ] GC(961)   Pre Evacuate Collection Set: 0.0ms
[132.403s][info][gc,phases      ] GC(961)   Evacuate Collection Set: 2.5ms
[132.403s][info][gc,phases      ] GC(961)   Post Evacuate Collection Set: 0.4ms
[132.403s][info][gc,phases      ] GC(961)   Other: 0.3ms
[132.403s][info][gc,heap        ] GC(961) Eden regions: 231->0(231)
[132.403s][info][gc,heap        ] GC(961) Survivor regions: 1->1(29)
[132.403s][info][gc,heap        ] GC(961) Old regions: 53->53
[132.403s][info][gc,heap        ] GC(961) Humongous regions: 6->6
[132.403s][info][gc,metaspace   ] GC(961) Metaspace: 72176K->72176K(1114112K)
[132.403s][info][gc             ] GC(961) Pause Young (Normal) (G1 Evacuation Pause) 288M->57M(387M) 3.229ms
[132.403s][info][gc,cpu         ] GC(961) User=0.00s Sys=0.00s Real=0.00s
[132.510s][info][gc,start       ] GC(962) Pause Young (Normal) (G1 Evacuation Pause)
[132.510s][info][gc,task        ] GC(962) Using 1 workers of 1 for evacuation
[132.513s][info][gc,phases      ] GC(962)   Pre Evacuate Collection Set: 0.0ms
[132.513s][info][gc,phases      ] GC(962)   Evacuate Collection Set: 2.4ms
[132.513s][info][gc,phases      ] GC(962)   Post Evacuate Collection Set: 0.3ms
[132.513s][info][gc,phases      ] GC(962)   Other: 0.4ms
[132.513s][info][gc,heap        ] GC(962) Eden regions: 231->0(231)
[132.513s][info][gc,heap        ] GC(962) Survivor regions: 1->1(29)
[132.513s][info][gc,heap        ] GC(962) Old regions: 53->53
[132.513s][info][gc,heap        ] GC(962) Humongous regions: 6->6
[132.513s][info][gc,metaspace   ] GC(962) Metaspace: 72176K->72176K(1114112K)
[132.513s][info][gc             ] GC(962) Pause Young (Normal) (G1 Evacuation Pause) 288M->57M(387M) 3.141ms
[132.513s][info][gc,cpu         ] GC(962) User=0.00s Sys=0.00s Real=0.00s
[132.619s][info][gc,start       ] GC(963) Pause Young (Normal) (G1 Evacuation Pause)
[132.620s][info][gc,task        ] GC(963) Using 1 workers of 1 for evacuation
[132.623s][info][gc,phases      ] GC(963)   Pre Evacuate Collection Set: 0.0ms
[132.623s][info][gc,phases      ] GC(963)   Evacuate Collection Set: 2.5ms
[132.623s][info][gc,phases      ] GC(963)   Post Evacuate Collection Set: 0.3ms
[132.623s][info][gc,phases      ] GC(963)   Other: 0.3ms
[132.623s][info][gc,heap        ] GC(963) Eden regions: 231->0(231)
[132.623s][info][gc,heap        ] GC(963) Survivor regions: 1->1(29)
[132.623s][info][gc,heap        ] GC(963) Old regions: 53->53
[132.623s][info][gc,heap        ] GC(963) Humongous regions: 6->6
[132.623s][info][gc,metaspace   ] GC(963) Metaspace: 72176K->72176K(1114112K)
[132.623s][info][gc             ] GC(963) Pause Young (Normal) (G1 Evacuation Pause) 288M->57M(387M) 3.242ms
[132.623s][info][gc,cpu         ] GC(963) User=0.00s Sys=0.00s Real=0.00s
[132.898s][info][gc,start       ] GC(964) Pause Young (Normal) (G1 Evacuation Pause)
[132.898s][info][gc,task        ] GC(964) Using 1 workers of 1 for evacuation
[132.902s][info][gc,phases      ] GC(964)   Pre Evacuate Collection Set: 0.0ms
[132.902s][info][gc,phases      ] GC(964)   Evacuate Collection Set: 3.3ms
[132.902s][info][gc,phases      ] GC(964)   Post Evacuate Collection Set: 0.4ms
[132.902s][info][gc,phases      ] GC(964)   Other: 0.4ms
[132.902s][info][gc,heap        ] GC(964) Eden regions: 231->0(230)
[132.902s][info][gc,heap        ] GC(964) Survivor regions: 1->2(29)
[132.902s][info][gc,heap        ] GC(964) Old regions: 53->53
[132.902s][info][gc,heap        ] GC(964) Humongous regions: 21->6
[132.902s][info][gc,metaspace   ] GC(964) Metaspace: 72184K->72184K(1114112K)
[132.902s][info][gc             ] GC(964) Pause Young (Normal) (G1 Evacuation Pause) 303M->58M(387M) 4.180ms
[132.902s][info][gc,cpu         ] GC(964) User=0.01s Sys=0.00s Real=0.00s
[133.201s][info][gc,start       ] GC(965) Pause Young (Normal) (G1 Evacuation Pause)
[133.201s][info][gc,task        ] GC(965) Using 1 workers of 1 for evacuation
[133.206s][info][gc,phases      ] GC(965)   Pre Evacuate Collection Set: 0.0ms
[133.206s][info][gc,phases      ] GC(965)   Evacuate Collection Set: 4.1ms
[133.206s][info][gc,phases      ] GC(965)   Post Evacuate Collection Set: 0.4ms
[133.206s][info][gc,phases      ] GC(965)   Other: 0.5ms
[133.206s][info][gc,heap        ] GC(965) Eden regions: 230->0(230)
[133.206s][info][gc,heap        ] GC(965) Survivor regions: 2->2(29)
[133.206s][info][gc,heap        ] GC(965) Old regions: 53->53
[133.206s][info][gc,heap        ] GC(965) Humongous regions: 16->6
[133.206s][info][gc,metaspace   ] GC(965) Metaspace: 72220K->72220K(1114112K)
[133.206s][info][gc             ] GC(965) Pause Young (Normal) (G1 Evacuation Pause) 298M->59M(387M) 5.154ms
[133.206s][info][gc,cpu         ] GC(965) User=0.01s Sys=0.00s Real=0.00s
[133.313s][info][gc,start       ] GC(966) Pause Young (Normal) (G1 Evacuation Pause)
[133.314s][info][gc,task        ] GC(966) Using 1 workers of 1 for evacuation
[133.318s][info][gc,phases      ] GC(966)   Pre Evacuate Collection Set: 0.0ms
[133.318s][info][gc,phases      ] GC(966)   Evacuate Collection Set: 3.9ms
[133.318s][info][gc,phases      ] GC(966)   Post Evacuate Collection Set: 0.4ms
[133.318s][info][gc,phases      ] GC(966)   Other: 0.4ms
[133.318s][info][gc,heap        ] GC(966) Eden regions: 230->0(230)
[133.318s][info][gc,heap        ] GC(966) Survivor regions: 2->2(29)
[133.318s][info][gc,heap        ] GC(966) Old regions: 53->53
[133.318s][info][gc,heap        ] GC(966) Humongous regions: 6->6
[133.318s][info][gc,metaspace   ] GC(966) Metaspace: 72223K->72223K(1114112K)
[133.318s][info][gc             ] GC(966) Pause Young (Normal) (G1 Evacuation Pause) 289M->59M(387M) 4.648ms
[133.318s][info][gc,cpu         ] GC(966) User=0.00s Sys=0.00s Real=0.01s
[133.424s][info][gc,start       ] GC(967) Pause Young (Normal) (G1 Evacuation Pause)
[133.424s][info][gc,task        ] GC(967) Using 1 workers of 1 for evacuation
[133.428s][info][gc,phases      ] GC(967)   Pre Evacuate Collection Set: 0.0ms
[133.428s][info][gc,phases      ] GC(967)   Evacuate Collection Set: 3.9ms
[133.428s][info][gc,phases      ] GC(967)   Post Evacuate Collection Set: 0.4ms
[133.428s][info][gc,phases      ] GC(967)   Other: 0.3ms
[133.428s][info][gc,heap        ] GC(967) Eden regions: 230->0(230)
[133.428s][info][gc,heap        ] GC(967) Survivor regions: 2->2(29)
[133.428s][info][gc,heap        ] GC(967) Old regions: 53->53
[133.428s][info][gc,heap        ] GC(967) Humongous regions: 6->6
[133.428s][info][gc,metaspace   ] GC(967) Metaspace: 72223K->72223K(1114112K)
[133.428s][info][gc             ] GC(967) Pause Young (Normal) (G1 Evacuation Pause) 289M->59M(387M) 4.647ms
[133.428s][info][gc,cpu         ] GC(967) User=0.00s Sys=0.00s Real=0.00s
[133.534s][info][gc,start       ] GC(968) Pause Young (Normal) (G1 Evacuation Pause)
[133.534s][info][gc,task        ] GC(968) Using 1 workers of 1 for evacuation
[133.538s][info][gc,phases      ] GC(968)   Pre Evacuate Collection Set: 0.0ms
[133.538s][info][gc,phases      ] GC(968)   Evacuate Collection Set: 3.9ms
[133.538s][info][gc,phases      ] GC(968)   Post Evacuate Collection Set: 0.4ms
[133.538s][info][gc,phases      ] GC(968)   Other: 0.3ms
[133.538s][info][gc,heap        ] GC(968) Eden regions: 230->0(230)
[133.538s][info][gc,heap        ] GC(968) Survivor regions: 2->2(29)
[133.538s][info][gc,heap        ] GC(968) Old regions: 53->53
[133.538s][info][gc,heap        ] GC(968) Humongous regions: 6->6
[133.538s][info][gc,metaspace   ] GC(968) Metaspace: 72223K->72223K(1114112K)
[133.538s][info][gc             ] GC(968) Pause Young (Normal) (G1 Evacuation Pause) 289M->59M(387M) 4.560ms
[133.538s][info][gc,cpu         ] GC(968) User=0.00s Sys=0.00s Real=0.01s
[133.644s][info][gc,start       ] GC(969) Pause Young (Normal) (G1 Evacuation Pause)
[133.644s][info][gc,task        ] GC(969) Using 1 workers of 1 for evacuation
[133.649s][info][gc,phases      ] GC(969)   Pre Evacuate Collection Set: 0.0ms
[133.649s][info][gc,phases      ] GC(969)   Evacuate Collection Set: 4.0ms
[133.649s][info][gc,phases      ] GC(969)   Post Evacuate Collection Set: 0.4ms
[133.649s][info][gc,phases      ] GC(969)   Other: 0.3ms
[133.649s][info][gc,heap        ] GC(969) Eden regions: 230->0(230)
[133.649s][info][gc,heap        ] GC(969) Survivor regions: 2->2(29)
[133.649s][info][gc,heap        ] GC(969) Old regions: 53->53
[133.649s][info][gc,heap        ] GC(969) Humongous regions: 6->6
[133.649s][info][gc,metaspace   ] GC(969) Metaspace: 72223K->72223K(1114112K)
[133.649s][info][gc             ] GC(969) Pause Young (Normal) (G1 Evacuation Pause) 289M->59M(387M) 4.742ms
[133.649s][info][gc,cpu         ] GC(969) User=0.00s Sys=0.00s Real=0.00s
[133.767s][info][gc,start       ] GC(970) Pause Young (Normal) (G1 Evacuation Pause)
[133.767s][info][gc,task        ] GC(970) Using 1 workers of 1 for evacuation
[133.772s][info][gc,phases      ] GC(970)   Pre Evacuate Collection Set: 0.0ms
[133.772s][info][gc,phases      ] GC(970)   Evacuate Collection Set: 3.9ms
[133.772s][info][gc,phases      ] GC(970)   Post Evacuate Collection Set: 0.4ms
[133.772s][info][gc,phases      ] GC(970)   Other: 0.3ms
[133.772s][info][gc,heap        ] GC(970) Eden regions: 230->0(230)
[133.772s][info][gc,heap        ] GC(970) Survivor regions: 2->2(29)
[133.772s][info][gc,heap        ] GC(970) Old regions: 53->53
[133.772s][info][gc,heap        ] GC(970) Humongous regions: 6->6
[133.772s][info][gc,metaspace   ] GC(970) Metaspace: 72223K->72223K(1114112K)
[133.772s][info][gc             ] GC(970) Pause Young (Normal) (G1 Evacuation Pause) 289M->59M(387M) 4.669ms
[133.772s][info][gc,cpu         ] GC(970) User=0.00s Sys=0.00s Real=0.01s
[133.877s][info][gc,start       ] GC(971) Pause Young (Normal) (G1 Evacuation Pause)
[133.877s][info][gc,task        ] GC(971) Using 1 workers of 1 for evacuation
[133.882s][info][gc,phases      ] GC(971)   Pre Evacuate Collection Set: 0.0ms
[133.882s][info][gc,phases      ] GC(971)   Evacuate Collection Set: 3.8ms
[133.882s][info][gc,phases      ] GC(971)   Post Evacuate Collection Set: 0.4ms
[133.882s][info][gc,phases      ] GC(971)   Other: 0.3ms
[133.882s][info][gc,heap        ] GC(971) Eden regions: 230->0(230)
[133.882s][info][gc,heap        ] GC(971) Survivor regions: 2->2(29)
[133.882s][info][gc,heap        ] GC(971) Old regions: 53->53
[133.882s][info][gc,heap        ] GC(971) Humongous regions: 6->6
[133.882s][info][gc,metaspace   ] GC(971) Metaspace: 72223K->72223K(1114112K)
[133.882s][info][gc             ] GC(971) Pause Young (Normal) (G1 Evacuation Pause) 289M->59M(387M) 4.651ms
[133.882s][info][gc,cpu         ] GC(971) User=0.00s Sys=0.00s Real=0.01s
[133.992s][info][gc,start       ] GC(972) Pause Young (Normal) (G1 Evacuation Pause)
[133.992s][info][gc,task        ] GC(972) Using 1 workers of 1 for evacuation
[133.996s][info][gc,phases      ] GC(972)   Pre Evacuate Collection Set: 0.0ms
[133.996s][info][gc,phases      ] GC(972)   Evacuate Collection Set: 3.7ms
[133.996s][info][gc,phases      ] GC(972)   Post Evacuate Collection Set: 0.4ms
[133.996s][info][gc,phases      ] GC(972)   Other: 0.3ms
[133.996s][info][gc,heap        ] GC(972) Eden regions: 230->0(230)
[133.996s][info][gc,heap        ] GC(972) Survivor regions: 2->2(29)
[133.996s][info][gc,heap        ] GC(972) Old regions: 53->53
[133.997s][info][gc,heap        ] GC(972) Humongous regions: 6->6
[133.997s][info][gc,metaspace   ] GC(972) Metaspace: 72223K->72223K(1114112K)
[133.997s][info][gc             ] GC(972) Pause Young (Normal) (G1 Evacuation Pause) 289M->59M(387M) 4.522ms
[133.997s][info][gc,cpu         ] GC(972) User=0.01s Sys=0.00s Real=0.00s
[134.108s][info][gc,start       ] GC(973) Pause Young (Normal) (G1 Evacuation Pause)
[134.108s][info][gc,task        ] GC(973) Using 1 workers of 1 for evacuation
[134.113s][info][gc,phases      ] GC(973)   Pre Evacuate Collection Set: 0.0ms
[134.113s][info][gc,phases      ] GC(973)   Evacuate Collection Set: 3.8ms
[134.113s][info][gc,phases      ] GC(973)   Post Evacuate Collection Set: 0.4ms
[134.113s][info][gc,phases      ] GC(973)   Other: 0.4ms
[134.113s][info][gc,heap        ] GC(973) Eden regions: 230->0(230)
[134.113s][info][gc,heap        ] GC(973) Survivor regions: 2->2(29)
[134.113s][info][gc,heap        ] GC(973) Old regions: 53->53
[134.113s][info][gc,heap        ] GC(973) Humongous regions: 6->6
[134.113s][info][gc,metaspace   ] GC(973) Metaspace: 72223K->72223K(1114112K)
[134.113s][info][gc             ] GC(973) Pause Young (Normal) (G1 Evacuation Pause) 289M->59M(387M) 4.712ms
[134.113s][info][gc,cpu         ] GC(973) User=0.00s Sys=0.00s Real=0.01s
[134.220s][info][gc,start       ] GC(974) Pause Young (Normal) (G1 Evacuation Pause)
[134.220s][info][gc,task        ] GC(974) Using 1 workers of 1 for evacuation
[134.225s][info][gc,phases      ] GC(974)   Pre Evacuate Collection Set: 0.0ms
[134.225s][info][gc,phases      ] GC(974)   Evacuate Collection Set: 3.9ms
[134.225s][info][gc,phases      ] GC(974)   Post Evacuate Collection Set: 0.4ms
[134.225s][info][gc,phases      ] GC(974)   Other: 0.3ms
[134.225s][info][gc,heap        ] GC(974) Eden regions: 230->0(230)
[134.225s][info][gc,heap        ] GC(974) Survivor regions: 2->2(29)
[134.225s][info][gc,heap        ] GC(974) Old regions: 53->53
[134.225s][info][gc,heap        ] GC(974) Humongous regions: 6->6
[134.225s][info][gc,metaspace   ] GC(974) Metaspace: 72223K->72223K(1114112K)
[134.225s][info][gc             ] GC(974) Pause Young (Normal) (G1 Evacuation Pause) 289M->59M(387M) 4.634ms
[134.225s][info][gc,cpu         ] GC(974) User=0.00s Sys=0.00s Real=0.00s
[134.385s][info][gc,start       ] GC(975) Pause Young (Normal) (G1 Evacuation Pause)
[134.385s][info][gc,task        ] GC(975) Using 1 workers of 1 for evacuation
[134.390s][info][gc,phases      ] GC(975)   Pre Evacuate Collection Set: 0.0ms
[134.390s][info][gc,phases      ] GC(975)   Evacuate Collection Set: 3.9ms
[134.390s][info][gc,phases      ] GC(975)   Post Evacuate Collection Set: 0.4ms
[134.390s][info][gc,phases      ] GC(975)   Other: 0.3ms
[134.390s][info][gc,heap        ] GC(975) Eden regions: 230->0(230)
[134.390s][info][gc,heap        ] GC(975) Survivor regions: 2->2(29)
[134.390s][info][gc,heap        ] GC(975) Old regions: 53->53
[134.390s][info][gc,heap        ] GC(975) Humongous regions: 11->6
[134.390s][info][gc,metaspace   ] GC(975) Metaspace: 72231K->72231K(1114112K)
[134.390s][info][gc             ] GC(975) Pause Young (Normal) (G1 Evacuation Pause) 294M->58M(387M) 4.643ms
[134.390s][info][gc,cpu         ] GC(975) User=0.00s Sys=0.00s Real=0.01s
[134.497s][info][gc,start       ] GC(976) Pause Young (Normal) (G1 Evacuation Pause)
[134.497s][info][gc,task        ] GC(976) Using 1 workers of 1 for evacuation
[134.502s][info][gc,phases      ] GC(976)   Pre Evacuate Collection Set: 0.0ms
[134.502s][info][gc,phases      ] GC(976)   Evacuate Collection Set: 3.6ms
[134.502s][info][gc,phases      ] GC(976)   Post Evacuate Collection Set: 0.4ms
[134.502s][info][gc,phases      ] GC(976)   Other: 0.3ms
[134.502s][info][gc,heap        ] GC(976) Eden regions: 230->0(230)
[134.502s][info][gc,heap        ] GC(976) Survivor regions: 2->2(29)
[134.502s][info][gc,heap        ] GC(976) Old regions: 53->53
[134.502s][info][gc,heap        ] GC(976) Humongous regions: 6->6
[134.502s][info][gc,metaspace   ] GC(976) Metaspace: 72231K->72231K(1114112K)
[134.502s][info][gc             ] GC(976) Pause Young (Normal) (G1 Evacuation Pause) 288M->58M(387M) 4.365ms
[134.502s][info][gc,cpu         ] GC(976) User=0.01s Sys=0.00s Real=0.01s
[134.608s][info][gc,start       ] GC(977) Pause Young (Normal) (G1 Evacuation Pause)
[134.608s][info][gc,task        ] GC(977) Using 1 workers of 1 for evacuation
[134.612s][info][gc,phases      ] GC(977)   Pre Evacuate Collection Set: 0.0ms
[134.612s][info][gc,phases      ] GC(977)   Evacuate Collection Set: 3.8ms
[134.612s][info][gc,phases      ] GC(977)   Post Evacuate Collection Set: 0.3ms
[134.612s][info][gc,phases      ] GC(977)   Other: 0.3ms
[134.612s][info][gc,heap        ] GC(977) Eden regions: 230->0(230)
[134.612s][info][gc,heap        ] GC(977) Survivor regions: 2->2(29)
[134.612s][info][gc,heap        ] GC(977) Old regions: 53->53
[134.612s][info][gc,heap        ] GC(977) Humongous regions: 6->6
[134.612s][info][gc,metaspace   ] GC(977) Metaspace: 72231K->72231K(1114112K)
[134.612s][info][gc             ] GC(977) Pause Young (Normal) (G1 Evacuation Pause) 288M->58M(387M) 4.564ms
[134.612s][info][gc,cpu         ] GC(977) User=0.01s Sys=0.00s Real=0.01s
[134.737s][info][gc,start       ] GC(978) Pause Young (Normal) (G1 Evacuation Pause)
[134.737s][info][gc,task        ] GC(978) Using 1 workers of 1 for evacuation
[134.745s][info][gc,phases      ] GC(978)   Pre Evacuate Collection Set: 0.0ms
[134.745s][info][gc,phases      ] GC(978)   Evacuate Collection Set: 6.7ms
[134.745s][info][gc,phases      ] GC(978)   Post Evacuate Collection Set: 0.6ms
[134.745s][info][gc,phases      ] GC(978)   Other: 0.4ms
[134.745s][info][gc,heap        ] GC(978) Eden regions: 230->0(230)
[134.745s][info][gc,heap        ] GC(978) Survivor regions: 2->2(29)
[134.745s][info][gc,heap        ] GC(978) Old regions: 53->53
[134.745s][info][gc,heap        ] GC(978) Humongous regions: 6->6
[134.745s][info][gc,metaspace   ] GC(978) Metaspace: 72231K->72231K(1114112K)
[134.745s][info][gc             ] GC(978) Pause Young (Normal) (G1 Evacuation Pause) 288M->58M(387M) 7.702ms
[134.745s][info][gc,cpu         ] GC(978) User=0.01s Sys=0.00s Real=0.01s
[134.858s][info][gc,start       ] GC(979) Pause Young (Normal) (G1 Evacuation Pause)
[134.858s][info][gc,task        ] GC(979) Using 1 workers of 1 for evacuation
[134.862s][info][gc,phases      ] GC(979)   Pre Evacuate Collection Set: 0.0ms
[134.862s][info][gc,phases      ] GC(979)   Evacuate Collection Set: 3.8ms
[134.862s][info][gc,phases      ] GC(979)   Post Evacuate Collection Set: 0.4ms
[134.862s][info][gc,phases      ] GC(979)   Other: 0.4ms
[134.862s][info][gc,heap        ] GC(979) Eden regions: 230->0(231)
[134.862s][info][gc,heap        ] GC(979) Survivor regions: 2->1(29)
[134.862s][info][gc,heap        ] GC(979) Old regions: 53->53
[134.862s][info][gc,heap        ] GC(979) Humongous regions: 6->6
[134.862s][info][gc,metaspace   ] GC(979) Metaspace: 72231K->72231K(1114112K)
[134.862s][info][gc             ] GC(979) Pause Young (Normal) (G1 Evacuation Pause) 288M->58M(387M) 4.713ms
[134.862s][info][gc,cpu         ] GC(979) User=0.01s Sys=0.00s Real=0.00s
[134.973s][info][gc,start       ] GC(980) Pause Young (Normal) (G1 Evacuation Pause)
[134.973s][info][gc,task        ] GC(980) Using 1 workers of 1 for evacuation
[134.977s][info][gc,phases      ] GC(980)   Pre Evacuate Collection Set: 0.0ms
[134.977s][info][gc,phases      ] GC(980)   Evacuate Collection Set: 3.2ms
[134.977s][info][gc,phases      ] GC(980)   Post Evacuate Collection Set: 0.4ms
[134.977s][info][gc,phases      ] GC(980)   Other: 0.3ms
[134.977s][info][gc,heap        ] GC(980) Eden regions: 231->0(231)
[134.977s][info][gc,heap        ] GC(980) Survivor regions: 1->1(29)
[134.977s][info][gc,heap        ] GC(980) Old regions: 53->54
[134.977s][info][gc,heap        ] GC(980) Humongous regions: 6->6
[134.977s][info][gc,metaspace   ] GC(980) Metaspace: 72231K->72231K(1114112K)
[134.977s][info][gc             ] GC(980) Pause Young (Normal) (G1 Evacuation Pause) 289M->58M(387M) 3.940ms
[134.977s][info][gc,cpu         ] GC(980) User=0.01s Sys=0.00s Real=0.00s
[135.086s][info][gc,start       ] GC(981) Pause Young (Normal) (G1 Evacuation Pause)
[135.086s][info][gc,task        ] GC(981) Using 1 workers of 1 for evacuation
[135.089s][info][gc,phases      ] GC(981)   Pre Evacuate Collection Set: 0.0ms
[135.089s][info][gc,phases      ] GC(981)   Evacuate Collection Set: 2.5ms
[135.089s][info][gc,phases      ] GC(981)   Post Evacuate Collection Set: 0.3ms
[135.089s][info][gc,phases      ] GC(981)   Other: 0.3ms
[135.089s][info][gc,heap        ] GC(981) Eden regions: 231->0(231)
[135.089s][info][gc,heap        ] GC(981) Survivor regions: 1->1(29)
[135.089s][info][gc,heap        ] GC(981) Old regions: 54->54
[135.089s][info][gc,heap        ] GC(981) Humongous regions: 6->6
[135.089s][info][gc,metaspace   ] GC(981) Metaspace: 72231K->72231K(1114112K)
[135.089s][info][gc             ] GC(981) Pause Young (Normal) (G1 Evacuation Pause) 289M->58M(387M) 3.141ms
[135.089s][info][gc,cpu         ] GC(981) User=0.00s Sys=0.00s Real=0.00s
[135.198s][info][gc,start       ] GC(982) Pause Young (Normal) (G1 Evacuation Pause)
[135.198s][info][gc,task        ] GC(982) Using 1 workers of 1 for evacuation
[135.201s][info][gc,phases      ] GC(982)   Pre Evacuate Collection Set: 0.0ms
[135.201s][info][gc,phases      ] GC(982)   Evacuate Collection Set: 2.5ms
[135.201s][info][gc,phases      ] GC(982)   Post Evacuate Collection Set: 0.4ms
[135.201s][info][gc,phases      ] GC(982)   Other: 0.3ms
[135.201s][info][gc,heap        ] GC(982) Eden regions: 231->0(231)
[135.202s][info][gc,heap        ] GC(982) Survivor regions: 1->1(29)
[135.202s][info][gc,heap        ] GC(982) Old regions: 54->54
[135.202s][info][gc,heap        ] GC(982) Humongous regions: 6->6
[135.202s][info][gc,metaspace   ] GC(982) Metaspace: 72231K->72231K(1114112K)
[135.202s][info][gc             ] GC(982) Pause Young (Normal) (G1 Evacuation Pause) 289M->59M(387M) 3.280ms
[135.202s][info][gc,cpu         ] GC(982) User=0.00s Sys=0.00s Real=0.00s
[135.311s][info][gc,start       ] GC(983) Pause Young (Normal) (G1 Evacuation Pause)
[135.311s][info][gc,task        ] GC(983) Using 1 workers of 1 for evacuation
[135.314s][info][gc,phases      ] GC(983)   Pre Evacuate Collection Set: 0.0ms
[135.314s][info][gc,phases      ] GC(983)   Evacuate Collection Set: 2.6ms
[135.314s][info][gc,phases      ] GC(983)   Post Evacuate Collection Set: 0.4ms
[135.314s][info][gc,phases      ] GC(983)   Other: 0.3ms
[135.314s][info][gc,heap        ] GC(983) Eden regions: 231->0(231)
[135.314s][info][gc,heap        ] GC(983) Survivor regions: 1->1(29)
[135.314s][info][gc,heap        ] GC(983) Old regions: 54->54
[135.314s][info][gc,heap        ] GC(983) Humongous regions: 6->6
[135.314s][info][gc,metaspace   ] GC(983) Metaspace: 72231K->72231K(1114112K)
[135.314s][info][gc             ] GC(983) Pause Young (Normal) (G1 Evacuation Pause) 290M->59M(387M) 3.364ms
[135.314s][info][gc,cpu         ] GC(983) User=0.00s Sys=0.00s Real=0.00s
[135.446s][info][gc,start       ] GC(984) Pause Young (Normal) (G1 Evacuation Pause)
[135.446s][info][gc,task        ] GC(984) Using 1 workers of 1 for evacuation
[135.450s][info][gc,phases      ] GC(984)   Pre Evacuate Collection Set: 0.0ms
[135.450s][info][gc,phases      ] GC(984)   Evacuate Collection Set: 2.7ms
[135.450s][info][gc,phases      ] GC(984)   Post Evacuate Collection Set: 0.5ms
[135.450s][info][gc,phases      ] GC(984)   Other: 0.3ms
[135.450s][info][gc,heap        ] GC(984) Eden regions: 231->0(231)
[135.450s][info][gc,heap        ] GC(984) Survivor regions: 1->1(29)
[135.450s][info][gc,heap        ] GC(984) Old regions: 54->54
[135.450s][info][gc,heap        ] GC(984) Humongous regions: 11->6
[135.450s][info][gc,metaspace   ] GC(984) Metaspace: 72239K->72239K(1114112K)
[135.450s][info][gc             ] GC(984) Pause Young (Normal) (G1 Evacuation Pause) 295M->59M(387M) 3.576ms
[135.450s][info][gc,cpu         ] GC(984) User=0.00s Sys=0.00s Real=0.01s
[135.566s][info][gc,start       ] GC(985) Pause Young (Normal) (G1 Evacuation Pause)
[135.566s][info][gc,task        ] GC(985) Using 1 workers of 1 for evacuation
[135.569s][info][gc,phases      ] GC(985)   Pre Evacuate Collection Set: 0.0ms
[135.569s][info][gc,phases      ] GC(985)   Evacuate Collection Set: 2.6ms
[135.569s][info][gc,phases      ] GC(985)   Post Evacuate Collection Set: 0.3ms
[135.569s][info][gc,phases      ] GC(985)   Other: 0.3ms
[135.569s][info][gc,heap        ] GC(985) Eden regions: 231->0(231)
[135.569s][info][gc,heap        ] GC(985) Survivor regions: 1->1(29)
[135.569s][info][gc,heap        ] GC(985) Old regions: 54->54
[135.569s][info][gc,heap        ] GC(985) Humongous regions: 6->6
[135.569s][info][gc,metaspace   ] GC(985) Metaspace: 72239K->72239K(1114112K)
[135.569s][info][gc             ] GC(985) Pause Young (Normal) (G1 Evacuation Pause) 290M->59M(387M) 3.311ms
[135.569s][info][gc,cpu         ] GC(985) User=0.00s Sys=0.00s Real=0.00s
[135.675s][info][gc,start       ] GC(986) Pause Young (Normal) (G1 Evacuation Pause)
[135.675s][info][gc,task        ] GC(986) Using 1 workers of 1 for evacuation
[135.678s][info][gc,phases      ] GC(986)   Pre Evacuate Collection Set: 0.0ms
[135.678s][info][gc,phases      ] GC(986)   Evacuate Collection Set: 2.5ms
[135.678s][info][gc,phases      ] GC(986)   Post Evacuate Collection Set: 0.3ms
[135.678s][info][gc,phases      ] GC(986)   Other: 0.3ms
[135.678s][info][gc,heap        ] GC(986) Eden regions: 231->0(231)
[135.678s][info][gc,heap        ] GC(986) Survivor regions: 1->1(29)
[135.678s][info][gc,heap        ] GC(986) Old regions: 54->54
[135.678s][info][gc,heap        ] GC(986) Humongous regions: 6->6
[135.678s][info][gc,metaspace   ] GC(986) Metaspace: 72239K->72239K(1114112K)
[135.678s][info][gc             ] GC(986) Pause Young (Normal) (G1 Evacuation Pause) 290M->59M(387M) 3.314ms
[135.678s][info][gc,cpu         ] GC(986) User=0.00s Sys=0.00s Real=0.01s
[135.787s][info][gc,start       ] GC(987) Pause Young (Normal) (G1 Evacuation Pause)
[135.788s][info][gc,task        ] GC(987) Using 1 workers of 1 for evacuation
[135.791s][info][gc,phases      ] GC(987)   Pre Evacuate Collection Set: 0.0ms
[135.791s][info][gc,phases      ] GC(987)   Evacuate Collection Set: 2.6ms
[135.791s][info][gc,phases      ] GC(987)   Post Evacuate Collection Set: 0.4ms
[135.791s][info][gc,phases      ] GC(987)   Other: 0.3ms
[135.791s][info][gc,heap        ] GC(987) Eden regions: 231->0(231)
[135.791s][info][gc,heap        ] GC(987) Survivor regions: 1->1(29)
[135.791s][info][gc,heap        ] GC(987) Old regions: 54->54
[135.791s][info][gc,heap        ] GC(987) Humongous regions: 6->6
[135.791s][info][gc,metaspace   ] GC(987) Metaspace: 72239K->72239K(1114112K)
[135.791s][info][gc             ] GC(987) Pause Young (Normal) (G1 Evacuation Pause) 290M->59M(387M) 3.359ms
[135.791s][info][gc,cpu         ] GC(987) User=0.01s Sys=0.00s Real=0.01s
[135.897s][info][gc,start       ] GC(988) Pause Young (Normal) (G1 Evacuation Pause)
[135.897s][info][gc,task        ] GC(988) Using 1 workers of 1 for evacuation
[135.900s][info][gc,phases      ] GC(988)   Pre Evacuate Collection Set: 0.0ms
[135.900s][info][gc,phases      ] GC(988)   Evacuate Collection Set: 2.7ms
[135.900s][info][gc,phases      ] GC(988)   Post Evacuate Collection Set: 0.4ms
[135.900s][info][gc,phases      ] GC(988)   Other: 0.3ms
[135.900s][info][gc,heap        ] GC(988) Eden regions: 231->0(231)
[135.900s][info][gc,heap        ] GC(988) Survivor regions: 1->1(29)
[135.900s][info][gc,heap        ] GC(988) Old regions: 54->54
[135.900s][info][gc,heap        ] GC(988) Humongous regions: 6->6
[135.900s][info][gc,metaspace   ] GC(988) Metaspace: 72239K->72239K(1114112K)
[135.900s][info][gc             ] GC(988) Pause Young (Normal) (G1 Evacuation Pause) 290M->59M(387M) 3.379ms
[135.900s][info][gc,cpu         ] GC(988) User=0.01s Sys=0.00s Real=0.01s
[136.006s][info][gc,start       ] GC(989) Pause Young (Normal) (G1 Evacuation Pause)
[136.006s][info][gc,task        ] GC(989) Using 1 workers of 1 for evacuation
[136.010s][info][gc,phases      ] GC(989)   Pre Evacuate Collection Set: 0.0ms
[136.010s][info][gc,phases      ] GC(989)   Evacuate Collection Set: 2.6ms
[136.010s][info][gc,phases      ] GC(989)   Post Evacuate Collection Set: 0.4ms
[136.010s][info][gc,phases      ] GC(989)   Other: 0.3ms
[136.010s][info][gc,heap        ] GC(989) Eden regions: 231->0(231)
[136.010s][info][gc,heap        ] GC(989) Survivor regions: 1->1(29)
[136.010s][info][gc,heap        ] GC(989) Old regions: 54->54
[136.010s][info][gc,heap        ] GC(989) Humongous regions: 6->6
[136.010s][info][gc,metaspace   ] GC(989) Metaspace: 72239K->72239K(1114112K)
[136.010s][info][gc             ] GC(989) Pause Young (Normal) (G1 Evacuation Pause) 290M->59M(387M) 3.314ms
[136.010s][info][gc,cpu         ] GC(989) User=0.00s Sys=0.00s Real=0.01s
[136.116s][info][gc,start       ] GC(990) Pause Young (Normal) (G1 Evacuation Pause)
[136.116s][info][gc,task        ] GC(990) Using 1 workers of 1 for evacuation
[136.119s][info][gc,phases      ] GC(990)   Pre Evacuate Collection Set: 0.0ms
[136.119s][info][gc,phases      ] GC(990)   Evacuate Collection Set: 2.6ms
[136.119s][info][gc,phases      ] GC(990)   Post Evacuate Collection Set: 0.3ms
[136.119s][info][gc,phases      ] GC(990)   Other: 0.3ms
[136.119s][info][gc,heap        ] GC(990) Eden regions: 231->0(231)
[136.119s][info][gc,heap        ] GC(990) Survivor regions: 1->1(29)
[136.119s][info][gc,heap        ] GC(990) Old regions: 54->54
[136.119s][info][gc,heap        ] GC(990) Humongous regions: 6->6
[136.119s][info][gc,metaspace   ] GC(990) Metaspace: 72239K->72239K(1114112K)
[136.119s][info][gc             ] GC(990) Pause Young (Normal) (G1 Evacuation Pause) 290M->59M(387M) 3.326ms
[136.119s][info][gc,cpu         ] GC(990) User=0.00s Sys=0.00s Real=0.01s
[136.224s][info][gc,start       ] GC(991) Pause Young (Normal) (G1 Evacuation Pause)
[136.225s][info][gc,task        ] GC(991) Using 1 workers of 1 for evacuation
[136.228s][info][gc,phases      ] GC(991)   Pre Evacuate Collection Set: 0.0ms
[136.228s][info][gc,phases      ] GC(991)   Evacuate Collection Set: 2.5ms
[136.228s][info][gc,phases      ] GC(991)   Post Evacuate Collection Set: 0.4ms
[136.228s][info][gc,phases      ] GC(991)   Other: 0.7ms
[136.228s][info][gc,heap        ] GC(991) Eden regions: 231->0(231)
[136.228s][info][gc,heap        ] GC(991) Survivor regions: 1->1(29)
[136.228s][info][gc,heap        ] GC(991) Old regions: 54->54
[136.228s][info][gc,heap        ] GC(991) Humongous regions: 6->6
[136.228s][info][gc,metaspace   ] GC(991) Metaspace: 72239K->72239K(1114112K)
[136.228s][info][gc             ] GC(991) Pause Young (Normal) (G1 Evacuation Pause) 290M->59M(387M) 3.625ms
[136.228s][info][gc,cpu         ] GC(991) User=0.00s Sys=0.00s Real=0.00s
[136.333s][info][gc,start       ] GC(992) Pause Young (Normal) (G1 Evacuation Pause)
[136.333s][info][gc,task        ] GC(992) Using 1 workers of 1 for evacuation
[136.336s][info][gc,phases      ] GC(992)   Pre Evacuate Collection Set: 0.0ms
[136.336s][info][gc,phases      ] GC(992)   Evacuate Collection Set: 2.4ms
[136.336s][info][gc,phases      ] GC(992)   Post Evacuate Collection Set: 0.3ms
[136.336s][info][gc,phases      ] GC(992)   Other: 0.3ms
[136.336s][info][gc,heap        ] GC(992) Eden regions: 231->0(231)
[136.336s][info][gc,heap        ] GC(992) Survivor regions: 1->1(29)
[136.336s][info][gc,heap        ] GC(992) Old regions: 54->54
[136.336s][info][gc,heap        ] GC(992) Humongous regions: 6->6
[136.336s][info][gc,metaspace   ] GC(992) Metaspace: 72239K->72239K(1114112K)
[136.336s][info][gc             ] GC(992) Pause Young (Normal) (G1 Evacuation Pause) 290M->59M(387M) 3.093ms
[136.337s][info][gc,cpu         ] GC(992) User=0.00s Sys=0.00s Real=0.00s
[136.443s][info][gc,start       ] GC(993) Pause Young (Normal) (G1 Evacuation Pause)
[136.443s][info][gc,task        ] GC(993) Using 1 workers of 1 for evacuation
[136.446s][info][gc,phases      ] GC(993)   Pre Evacuate Collection Set: 0.0ms
[136.446s][info][gc,phases      ] GC(993)   Evacuate Collection Set: 2.4ms
[136.446s][info][gc,phases      ] GC(993)   Post Evacuate Collection Set: 0.4ms
[136.446s][info][gc,phases      ] GC(993)   Other: 0.3ms
[136.446s][info][gc,heap        ] GC(993) Eden regions: 231->0(231)
[136.446s][info][gc,heap        ] GC(993) Survivor regions: 1->1(29)
[136.446s][info][gc,heap        ] GC(993) Old regions: 54->54
[136.446s][info][gc,heap        ] GC(993) Humongous regions: 6->6
[136.446s][info][gc,metaspace   ] GC(993) Metaspace: 72239K->72239K(1114112K)
[136.446s][info][gc             ] GC(993) Pause Young (Normal) (G1 Evacuation Pause) 290M->59M(387M) 3.129ms
[136.446s][info][gc,cpu         ] GC(993) User=0.00s Sys=0.00s Real=0.00s
[136.568s][info][gc,start       ] GC(994) Pause Young (Normal) (G1 Evacuation Pause)
[136.568s][info][gc,task        ] GC(994) Using 1 workers of 1 for evacuation
[136.571s][info][gc,phases      ] GC(994)   Pre Evacuate Collection Set: 0.0ms
[136.571s][info][gc,phases      ] GC(994)   Evacuate Collection Set: 2.4ms
[136.571s][info][gc,phases      ] GC(994)   Post Evacuate Collection Set: 0.3ms
[136.571s][info][gc,phases      ] GC(994)   Other: 0.4ms
[136.571s][info][gc,heap        ] GC(994) Eden regions: 231->0(231)
[136.571s][info][gc,heap        ] GC(994) Survivor regions: 1->1(29)
[136.571s][info][gc,heap        ] GC(994) Old regions: 54->54
[136.571s][info][gc,heap        ] GC(994) Humongous regions: 11->6
[136.571s][info][gc,metaspace   ] GC(994) Metaspace: 72252K->72252K(1114112K)
[136.571s][info][gc             ] GC(994) Pause Young (Normal) (G1 Evacuation Pause) 295M->58M(387M) 3.151ms
[136.572s][info][gc,cpu         ] GC(994) User=0.00s Sys=0.00s Real=0.01s
[136.680s][info][gc,start       ] GC(995) Pause Young (Normal) (G1 Evacuation Pause)
[136.680s][info][gc,task        ] GC(995) Using 1 workers of 1 for evacuation
[136.683s][info][gc,phases      ] GC(995)   Pre Evacuate Collection Set: 0.0ms
[136.683s][info][gc,phases      ] GC(995)   Evacuate Collection Set: 2.4ms
[136.683s][info][gc,phases      ] GC(995)   Post Evacuate Collection Set: 0.3ms
[136.683s][info][gc,phases      ] GC(995)   Other: 0.3ms
[136.683s][info][gc,heap        ] GC(995) Eden regions: 231->0(231)
[136.683s][info][gc,heap        ] GC(995) Survivor regions: 1->1(29)
[136.683s][info][gc,heap        ] GC(995) Old regions: 54->54
[136.683s][info][gc,heap        ] GC(995) Humongous regions: 6->6
[136.683s][info][gc,metaspace   ] GC(995) Metaspace: 72252K->72252K(1114112K)
[136.683s][info][gc             ] GC(995) Pause Young (Normal) (G1 Evacuation Pause) 289M->58M(387M) 3.118ms
[136.683s][info][gc,cpu         ] GC(995) User=0.01s Sys=0.00s Real=0.00s
[136.795s][info][gc,start       ] GC(996) Pause Young (Normal) (G1 Evacuation Pause)
[136.795s][info][gc,task        ] GC(996) Using 1 workers of 1 for evacuation
[136.798s][info][gc,phases      ] GC(996)   Pre Evacuate Collection Set: 0.0ms
[136.798s][info][gc,phases      ] GC(996)   Evacuate Collection Set: 2.4ms
[136.798s][info][gc,phases      ] GC(996)   Post Evacuate Collection Set: 0.3ms
[136.798s][info][gc,phases      ] GC(996)   Other: 0.3ms
[136.798s][info][gc,heap        ] GC(996) Eden regions: 231->0(231)
[136.798s][info][gc,heap        ] GC(996) Survivor regions: 1->1(29)
[136.798s][info][gc,heap        ] GC(996) Old regions: 54->54
[136.798s][info][gc,heap        ] GC(996) Humongous regions: 6->6
[136.798s][info][gc,metaspace   ] GC(996) Metaspace: 72252K->72252K(1114112K)
[136.798s][info][gc             ] GC(996) Pause Young (Normal) (G1 Evacuation Pause) 289M->58M(387M) 3.042ms
[136.798s][info][gc,cpu         ] GC(996) User=0.00s Sys=0.00s Real=0.00s
[136.902s][info][gc,start       ] GC(997) Pause Young (Normal) (G1 Evacuation Pause)
[136.902s][info][gc,task        ] GC(997) Using 1 workers of 1 for evacuation
[136.905s][info][gc,phases      ] GC(997)   Pre Evacuate Collection Set: 0.0ms
[136.905s][info][gc,phases      ] GC(997)   Evacuate Collection Set: 2.3ms
[136.905s][info][gc,phases      ] GC(997)   Post Evacuate Collection Set: 0.3ms
[136.905s][info][gc,phases      ] GC(997)   Other: 0.3ms
[136.905s][info][gc,heap        ] GC(997) Eden regions: 231->0(231)
[136.905s][info][gc,heap        ] GC(997) Survivor regions: 1->1(29)
[136.905s][info][gc,heap        ] GC(997) Old regions: 54->54
[136.905s][info][gc,heap        ] GC(997) Humongous regions: 6->6
[136.905s][info][gc,metaspace   ] GC(997) Metaspace: 72252K->72252K(1114112K)
[136.905s][info][gc             ] GC(997) Pause Young (Normal) (G1 Evacuation Pause) 289M->58M(387M) 2.979ms
[136.905s][info][gc,cpu         ] GC(997) User=0.01s Sys=0.00s Real=0.00s
[137.014s][info][gc,start       ] GC(998) Pause Young (Normal) (G1 Evacuation Pause)
[137.014s][info][gc,task        ] GC(998) Using 1 workers of 1 for evacuation
[137.017s][info][gc,phases      ] GC(998)   Pre Evacuate Collection Set: 0.0ms
[137.017s][info][gc,phases      ] GC(998)   Evacuate Collection Set: 2.4ms
[137.017s][info][gc,phases      ] GC(998)   Post Evacuate Collection Set: 0.3ms
[137.017s][info][gc,phases      ] GC(998)   Other: 0.3ms
[137.017s][info][gc,heap        ] GC(998) Eden regions: 231->0(231)
[137.017s][info][gc,heap        ] GC(998) Survivor regions: 1->1(29)
[137.017s][info][gc,heap        ] GC(998) Old regions: 54->54
[137.017s][info][gc,heap        ] GC(998) Humongous regions: 6->6
[137.017s][info][gc,metaspace   ] GC(998) Metaspace: 72252K->72252K(1114112K)
[137.017s][info][gc             ] GC(998) Pause Young (Normal) (G1 Evacuation Pause) 289M->58M(387M) 3.054ms
[137.017s][info][gc,cpu         ] GC(998) User=0.01s Sys=0.00s Real=0.00s
[137.122s][info][gc,start       ] GC(999) Pause Young (Normal) (G1 Evacuation Pause)
[137.122s][info][gc,task        ] GC(999) Using 1 workers of 1 for evacuation
[137.125s][info][gc,phases      ] GC(999)   Pre Evacuate Collection Set: 0.0ms
[137.125s][info][gc,phases      ] GC(999)   Evacuate Collection Set: 2.5ms
[137.125s][info][gc,phases      ] GC(999)   Post Evacuate Collection Set: 0.3ms
[137.125s][info][gc,phases      ] GC(999)   Other: 0.3ms
[137.125s][info][gc,heap        ] GC(999) Eden regions: 231->0(231)
[137.125s][info][gc,heap        ] GC(999) Survivor regions: 1->1(29)
[137.125s][info][gc,heap        ] GC(999) Old regions: 54->54
[137.125s][info][gc,heap        ] GC(999) Humongous regions: 6->6
[137.125s][info][gc,metaspace   ] GC(999) Metaspace: 72252K->72252K(1114112K)
[137.125s][info][gc             ] GC(999) Pause Young (Normal) (G1 Evacuation Pause) 289M->58M(387M) 3.143ms
[137.125s][info][gc,cpu         ] GC(999) User=0.00s Sys=0.00s Real=0.00s
[137.233s][info][gc,start       ] GC(1000) Pause Young (Normal) (G1 Evacuation Pause)
[137.233s][info][gc,task        ] GC(1000) Using 1 workers of 1 for evacuation
[137.236s][info][gc,phases      ] GC(1000)   Pre Evacuate Collection Set: 0.0ms
[137.236s][info][gc,phases      ] GC(1000)   Evacuate Collection Set: 2.5ms
[137.236s][info][gc,phases      ] GC(1000)   Post Evacuate Collection Set: 0.4ms
[137.236s][info][gc,phases      ] GC(1000)   Other: 0.3ms
[137.236s][info][gc,heap        ] GC(1000) Eden regions: 231->0(231)
[137.236s][info][gc,heap        ] GC(1000) Survivor regions: 1->1(29)
[137.236s][info][gc,heap        ] GC(1000) Old regions: 54->54
[137.236s][info][gc,heap        ] GC(1000) Humongous regions: 6->6
[137.236s][info][gc,metaspace   ] GC(1000) Metaspace: 72252K->72252K(1114112K)
[137.236s][info][gc             ] GC(1000) Pause Young (Normal) (G1 Evacuation Pause) 289M->58M(387M) 3.272ms
[137.236s][info][gc,cpu         ] GC(1000) User=0.01s Sys=0.00s Real=0.00s
[137.346s][info][gc,start       ] GC(1001) Pause Young (Normal) (G1 Evacuation Pause)
[137.346s][info][gc,task        ] GC(1001) Using 1 workers of 1 for evacuation
[137.349s][info][gc,phases      ] GC(1001)   Pre Evacuate Collection Set: 0.0ms
[137.349s][info][gc,phases      ] GC(1001)   Evacuate Collection Set: 2.4ms
[137.349s][info][gc,phases      ] GC(1001)   Post Evacuate Collection Set: 0.3ms
[137.349s][info][gc,phases      ] GC(1001)   Other: 0.4ms
[137.349s][info][gc,heap        ] GC(1001) Eden regions: 231->0(231)
[137.349s][info][gc,heap        ] GC(1001) Survivor regions: 1->1(29)
[137.349s][info][gc,heap        ] GC(1001) Old regions: 54->54
[137.349s][info][gc,heap        ] GC(1001) Humongous regions: 6->6
[137.349s][info][gc,metaspace   ] GC(1001) Metaspace: 72252K->72252K(1114112K)
[137.349s][info][gc             ] GC(1001) Pause Young (Normal) (G1 Evacuation Pause) 289M->59M(387M) 3.315ms
[137.349s][info][gc,cpu         ] GC(1001) User=0.00s Sys=0.00s Real=0.01s
[137.465s][info][gc,start       ] GC(1002) Pause Young (Normal) (G1 Evacuation Pause)
[137.465s][info][gc,task        ] GC(1002) Using 1 workers of 1 for evacuation
[137.468s][info][gc,phases      ] GC(1002)   Pre Evacuate Collection Set: 0.0ms
[137.468s][info][gc,phases      ] GC(1002)   Evacuate Collection Set: 2.6ms
[137.468s][info][gc,phases      ] GC(1002)   Post Evacuate Collection Set: 0.3ms
[137.468s][info][gc,phases      ] GC(1002)   Other: 0.3ms
[137.468s][info][gc,heap        ] GC(1002) Eden regions: 231->0(231)
[137.468s][info][gc,heap        ] GC(1002) Survivor regions: 1->1(29)
[137.468s][info][gc,heap        ] GC(1002) Old regions: 54->54
[137.468s][info][gc,heap        ] GC(1002) Humongous regions: 6->6
[137.468s][info][gc,metaspace   ] GC(1002) Metaspace: 72252K->72252K(1114112K)
[137.468s][info][gc             ] GC(1002) Pause Young (Normal) (G1 Evacuation Pause) 290M->59M(387M) 3.246ms
[137.468s][info][gc,cpu         ] GC(1002) User=0.00s Sys=0.00s Real=0.00s
[137.576s][info][gc,start       ] GC(1003) Pause Young (Normal) (G1 Evacuation Pause)
[137.576s][info][gc,task        ] GC(1003) Using 1 workers of 1 for evacuation
[137.579s][info][gc,phases      ] GC(1003)   Pre Evacuate Collection Set: 0.0ms
[137.579s][info][gc,phases      ] GC(1003)   Evacuate Collection Set: 2.6ms
[137.579s][info][gc,phases      ] GC(1003)   Post Evacuate Collection Set: 0.4ms
[137.579s][info][gc,phases      ] GC(1003)   Other: 0.3ms
[137.579s][info][gc,heap        ] GC(1003) Eden regions: 231->0(231)
[137.579s][info][gc,heap        ] GC(1003) Survivor regions: 1->1(29)
[137.579s][info][gc,heap        ] GC(1003) Old regions: 54->54
[137.579s][info][gc,heap        ] GC(1003) Humongous regions: 6->6
[137.579s][info][gc,metaspace   ] GC(1003) Metaspace: 72252K->72252K(1114112K)
[137.579s][info][gc             ] GC(1003) Pause Young (Normal) (G1 Evacuation Pause) 290M->59M(387M) 3.361ms
[137.579s][info][gc,cpu         ] GC(1003) User=0.00s Sys=0.00s Real=0.01s
[137.702s][info][gc,start       ] GC(1004) Pause Young (Normal) (G1 Evacuation Pause)
[137.702s][info][gc,task        ] GC(1004) Using 1 workers of 1 for evacuation
[137.705s][info][gc,phases      ] GC(1004)   Pre Evacuate Collection Set: 0.0ms
[137.705s][info][gc,phases      ] GC(1004)   Evacuate Collection Set: 2.7ms
[137.705s][info][gc,phases      ] GC(1004)   Post Evacuate Collection Set: 0.3ms
[137.705s][info][gc,phases      ] GC(1004)   Other: 0.3ms
[137.705s][info][gc,heap        ] GC(1004) Eden regions: 231->0(231)
[137.705s][info][gc,heap        ] GC(1004) Survivor regions: 1->1(29)
[137.705s][info][gc,heap        ] GC(1004) Old regions: 54->54
[137.705s][info][gc,heap        ] GC(1004) Humongous regions: 11->6
[137.705s][info][gc,metaspace   ] GC(1004) Metaspace: 72253K->72253K(1114112K)
[137.705s][info][gc             ] GC(1004) Pause Young (Normal) (G1 Evacuation Pause) 295M->59M(387M) 3.439ms
[137.705s][info][gc,cpu         ] GC(1004) User=0.00s Sys=0.00s Real=0.00s
[137.817s][info][gc,start       ] GC(1005) Pause Young (Normal) (G1 Evacuation Pause)
[137.817s][info][gc,task        ] GC(1005) Using 1 workers of 1 for evacuation
[137.820s][info][gc,phases      ] GC(1005)   Pre Evacuate Collection Set: 0.0ms
[137.820s][info][gc,phases      ] GC(1005)   Evacuate Collection Set: 2.7ms
[137.820s][info][gc,phases      ] GC(1005)   Post Evacuate Collection Set: 0.4ms
[137.820s][info][gc,phases      ] GC(1005)   Other: 0.3ms
[137.820s][info][gc,heap        ] GC(1005) Eden regions: 231->0(231)
[137.820s][info][gc,heap        ] GC(1005) Survivor regions: 1->1(29)
[137.820s][info][gc,heap        ] GC(1005) Old regions: 54->54
[137.820s][info][gc,heap        ] GC(1005) Humongous regions: 6->6
[137.820s][info][gc,metaspace   ] GC(1005) Metaspace: 72254K->72254K(1114112K)
[137.820s][info][gc             ] GC(1005) Pause Young (Normal) (G1 Evacuation Pause) 290M->59M(387M) 3.497ms
[137.820s][info][gc,cpu         ] GC(1005) User=0.00s Sys=0.00s Real=0.01s
[137.927s][info][gc,start       ] GC(1006) Pause Young (Normal) (G1 Evacuation Pause)
[137.927s][info][gc,task        ] GC(1006) Using 1 workers of 1 for evacuation
[137.930s][info][gc,phases      ] GC(1006)   Pre Evacuate Collection Set: 0.0ms
[137.930s][info][gc,phases      ] GC(1006)   Evacuate Collection Set: 2.7ms
[137.930s][info][gc,phases      ] GC(1006)   Post Evacuate Collection Set: 0.3ms
[137.930s][info][gc,phases      ] GC(1006)   Other: 0.3ms
[137.930s][info][gc,heap        ] GC(1006) Eden regions: 231->0(231)
[137.930s][info][gc,heap        ] GC(1006) Survivor regions: 1->1(29)
[137.931s][info][gc,heap        ] GC(1006) Old regions: 54->54
[137.931s][info][gc,heap        ] GC(1006) Humongous regions: 6->6
[137.931s][info][gc,metaspace   ] GC(1006) Metaspace: 72254K->72254K(1114112K)
[137.931s][info][gc             ] GC(1006) Pause Young (Normal) (G1 Evacuation Pause) 290M->59M(387M) 3.409ms
[137.931s][info][gc,cpu         ] GC(1006) User=0.00s Sys=0.00s Real=0.01s
[138.039s][info][gc,start       ] GC(1007) Pause Young (Normal) (G1 Evacuation Pause)
[138.039s][info][gc,task        ] GC(1007) Using 1 workers of 1 for evacuation
[138.042s][info][gc,phases      ] GC(1007)   Pre Evacuate Collection Set: 0.0ms
[138.042s][info][gc,phases      ] GC(1007)   Evacuate Collection Set: 2.7ms
[138.042s][info][gc,phases      ] GC(1007)   Post Evacuate Collection Set: 0.4ms
[138.042s][info][gc,phases      ] GC(1007)   Other: 0.3ms
[138.042s][info][gc,heap        ] GC(1007) Eden regions: 231->0(231)
[138.042s][info][gc,heap        ] GC(1007) Survivor regions: 1->1(29)
[138.042s][info][gc,heap        ] GC(1007) Old regions: 54->54
[138.042s][info][gc,heap        ] GC(1007) Humongous regions: 6->6
[138.042s][info][gc,metaspace   ] GC(1007) Metaspace: 72254K->72254K(1114112K)
[138.042s][info][gc             ] GC(1007) Pause Young (Normal) (G1 Evacuation Pause) 290M->59M(387M) 3.461ms
[138.042s][info][gc,cpu         ] GC(1007) User=0.01s Sys=0.00s Real=0.00s
[138.150s][info][gc,start       ] GC(1008) Pause Young (Normal) (G1 Evacuation Pause)
[138.150s][info][gc,task        ] GC(1008) Using 1 workers of 1 for evacuation
[138.154s][info][gc,phases      ] GC(1008)   Pre Evacuate Collection Set: 0.0ms
[138.154s][info][gc,phases      ] GC(1008)   Evacuate Collection Set: 2.8ms
[138.154s][info][gc,phases      ] GC(1008)   Post Evacuate Collection Set: 0.3ms
[138.154s][info][gc,phases      ] GC(1008)   Other: 0.4ms
[138.154s][info][gc,heap        ] GC(1008) Eden regions: 231->0(231)
[138.154s][info][gc,heap        ] GC(1008) Survivor regions: 1->1(29)
[138.154s][info][gc,heap        ] GC(1008) Old regions: 54->54
[138.154s][info][gc,heap        ] GC(1008) Humongous regions: 6->6
[138.154s][info][gc,metaspace   ] GC(1008) Metaspace: 72254K->72254K(1114112K)
[138.154s][info][gc             ] GC(1008) Pause Young (Normal) (G1 Evacuation Pause) 290M->59M(387M) 3.637ms
[138.154s][info][gc,cpu         ] GC(1008) User=0.01s Sys=0.00s Real=0.00s
[138.262s][info][gc,start       ] GC(1009) Pause Young (Normal) (G1 Evacuation Pause)
[138.262s][info][gc,task        ] GC(1009) Using 1 workers of 1 for evacuation
[138.266s][info][gc,phases      ] GC(1009)   Pre Evacuate Collection Set: 0.0ms
[138.266s][info][gc,phases      ] GC(1009)   Evacuate Collection Set: 2.8ms
[138.266s][info][gc,phases      ] GC(1009)   Post Evacuate Collection Set: 0.3ms
[138.266s][info][gc,phases      ] GC(1009)   Other: 0.3ms
[138.266s][info][gc,heap        ] GC(1009) Eden regions: 231->0(231)
[138.266s][info][gc,heap        ] GC(1009) Survivor regions: 1->1(29)
[138.266s][info][gc,heap        ] GC(1009) Old regions: 54->54
[138.266s][info][gc,heap        ] GC(1009) Humongous regions: 6->6
[138.266s][info][gc,metaspace   ] GC(1009) Metaspace: 72254K->72254K(1114112K)
[138.266s][info][gc             ] GC(1009) Pause Young (Normal) (G1 Evacuation Pause) 290M->59M(387M) 3.649ms
[138.266s][info][gc,cpu         ] GC(1009) User=0.00s Sys=0.00s Real=0.00s
[138.377s][info][gc,start       ] GC(1010) Pause Young (Normal) (G1 Evacuation Pause)
[138.377s][info][gc,task        ] GC(1010) Using 1 workers of 1 for evacuation
[138.380s][info][gc,phases      ] GC(1010)   Pre Evacuate Collection Set: 0.0ms
[138.380s][info][gc,phases      ] GC(1010)   Evacuate Collection Set: 2.6ms
[138.380s][info][gc,phases      ] GC(1010)   Post Evacuate Collection Set: 0.3ms
[138.380s][info][gc,phases      ] GC(1010)   Other: 0.3ms
[138.380s][info][gc,heap        ] GC(1010) Eden regions: 231->0(231)
[138.380s][info][gc,heap        ] GC(1010) Survivor regions: 1->1(29)
[138.380s][info][gc,heap        ] GC(1010) Old regions: 54->54
[138.380s][info][gc,heap        ] GC(1010) Humongous regions: 6->6
[138.380s][info][gc,metaspace   ] GC(1010) Metaspace: 72254K->72254K(1114112K)
[138.380s][info][gc             ] GC(1010) Pause Young (Normal) (G1 Evacuation Pause) 290M->59M(387M) 3.224ms
[138.380s][info][gc,cpu         ] GC(1010) User=0.00s Sys=0.00s Real=0.01s
[138.493s][info][gc,start       ] GC(1011) Pause Young (Normal) (G1 Evacuation Pause)
[138.493s][info][gc,task        ] GC(1011) Using 1 workers of 1 for evacuation
[138.497s][info][gc,phases      ] GC(1011)   Pre Evacuate Collection Set: 0.0ms
[138.497s][info][gc,phases      ] GC(1011)   Evacuate Collection Set: 2.4ms
[138.497s][info][gc,phases      ] GC(1011)   Post Evacuate Collection Set: 0.4ms
[138.497s][info][gc,phases      ] GC(1011)   Other: 0.3ms
[138.497s][info][gc,heap        ] GC(1011) Eden regions: 231->0(231)
[138.497s][info][gc,heap        ] GC(1011) Survivor regions: 1->1(29)
[138.497s][info][gc,heap        ] GC(1011) Old regions: 54->54
[138.497s][info][gc,heap        ] GC(1011) Humongous regions: 6->6
[138.497s][info][gc,metaspace   ] GC(1011) Metaspace: 72254K->72254K(1114112K)
[138.497s][info][gc             ] GC(1011) Pause Young (Normal) (G1 Evacuation Pause) 290M->59M(387M) 3.140ms
[138.497s][info][gc,cpu         ] GC(1011) User=0.00s Sys=0.00s Real=0.00s
[138.602s][info][gc,start       ] GC(1012) Pause Young (Normal) (G1 Evacuation Pause)
[138.602s][info][gc,task        ] GC(1012) Using 1 workers of 1 for evacuation
[138.605s][info][gc,phases      ] GC(1012)   Pre Evacuate Collection Set: 0.0ms
[138.605s][info][gc,phases      ] GC(1012)   Evacuate Collection Set: 2.5ms
[138.605s][info][gc,phases      ] GC(1012)   Post Evacuate Collection Set: 0.3ms
[138.605s][info][gc,phases      ] GC(1012)   Other: 0.3ms
[138.605s][info][gc,heap        ] GC(1012) Eden regions: 231->0(231)
[138.605s][info][gc,heap        ] GC(1012) Survivor regions: 1->1(29)
[138.605s][info][gc,heap        ] GC(1012) Old regions: 54->54
[138.605s][info][gc,heap        ] GC(1012) Humongous regions: 6->6
[138.605s][info][gc,metaspace   ] GC(1012) Metaspace: 72254K->72254K(1114112K)
[138.605s][info][gc             ] GC(1012) Pause Young (Normal) (G1 Evacuation Pause) 290M->59M(387M) 3.205ms
[138.605s][info][gc,cpu         ] GC(1012) User=0.00s Sys=0.00s Real=0.00s
[138.710s][info][gc,start       ] GC(1013) Pause Young (Normal) (G1 Evacuation Pause)
[138.710s][info][gc,task        ] GC(1013) Using 1 workers of 1 for evacuation
[138.714s][info][gc,phases      ] GC(1013)   Pre Evacuate Collection Set: 0.0ms
[138.714s][info][gc,phases      ] GC(1013)   Evacuate Collection Set: 3.0ms
[138.714s][info][gc,phases      ] GC(1013)   Post Evacuate Collection Set: 0.4ms
[138.714s][info][gc,phases      ] GC(1013)   Other: 0.3ms
[138.714s][info][gc,heap        ] GC(1013) Eden regions: 231->0(231)
[138.714s][info][gc,heap        ] GC(1013) Survivor regions: 1->1(29)
[138.714s][info][gc,heap        ] GC(1013) Old regions: 54->54
[138.714s][info][gc,heap        ] GC(1013) Humongous regions: 6->6
[138.714s][info][gc,metaspace   ] GC(1013) Metaspace: 72254K->72254K(1114112K)
[138.714s][info][gc             ] GC(1013) Pause Young (Normal) (G1 Evacuation Pause) 290M->59M(387M) 3.735ms
[138.714s][info][gc,cpu         ] GC(1013) User=0.01s Sys=0.00s Real=0.00s
[138.837s][info][gc,start       ] GC(1014) Pause Young (Normal) (G1 Evacuation Pause)
[138.837s][info][gc,task        ] GC(1014) Using 1 workers of 1 for evacuation
[138.840s][info][gc,phases      ] GC(1014)   Pre Evacuate Collection Set: 0.0ms
[138.840s][info][gc,phases      ] GC(1014)   Evacuate Collection Set: 2.5ms
[138.840s][info][gc,phases      ] GC(1014)   Post Evacuate Collection Set: 0.3ms
[138.840s][info][gc,phases      ] GC(1014)   Other: 0.3ms
[138.840s][info][gc,heap        ] GC(1014) Eden regions: 231->0(231)
[138.840s][info][gc,heap        ] GC(1014) Survivor regions: 1->1(29)
[138.840s][info][gc,heap        ] GC(1014) Old regions: 54->54
[138.840s][info][gc,heap        ] GC(1014) Humongous regions: 11->6
[138.840s][info][gc,metaspace   ] GC(1014) Metaspace: 72256K->72256K(1114112K)
[138.840s][info][gc             ] GC(1014) Pause Young (Normal) (G1 Evacuation Pause) 295M->59M(387M) 3.173ms
[138.840s][info][gc,cpu         ] GC(1014) User=0.00s Sys=0.00s Real=0.01s
[138.946s][info][gc,start       ] GC(1015) Pause Young (Normal) (G1 Evacuation Pause)
[138.946s][info][gc,task        ] GC(1015) Using 1 workers of 1 for evacuation
[138.949s][info][gc,phases      ] GC(1015)   Pre Evacuate Collection Set: 0.0ms
[138.949s][info][gc,phases      ] GC(1015)   Evacuate Collection Set: 2.5ms
[138.949s][info][gc,phases      ] GC(1015)   Post Evacuate Collection Set: 0.3ms
[138.949s][info][gc,phases      ] GC(1015)   Other: 0.3ms
[138.949s][info][gc,heap        ] GC(1015) Eden regions: 231->0(231)
[138.949s][info][gc,heap        ] GC(1015) Survivor regions: 1->1(29)
[138.949s][info][gc,heap        ] GC(1015) Old regions: 54->54
[138.949s][info][gc,heap        ] GC(1015) Humongous regions: 6->6
[138.949s][info][gc,metaspace   ] GC(1015) Metaspace: 72256K->72256K(1114112K)
[138.949s][info][gc             ] GC(1015) Pause Young (Normal) (G1 Evacuation Pause) 290M->58M(387M) 3.182ms
[138.949s][info][gc,cpu         ] GC(1015) User=0.00s Sys=0.00s Real=0.00s
[139.055s][info][gc,start       ] GC(1016) Pause Young (Normal) (G1 Evacuation Pause)
[139.055s][info][gc,task        ] GC(1016) Using 1 workers of 1 for evacuation
[139.058s][info][gc,phases      ] GC(1016)   Pre Evacuate Collection Set: 0.0ms
[139.058s][info][gc,phases      ] GC(1016)   Evacuate Collection Set: 2.3ms
[139.058s][info][gc,phases      ] GC(1016)   Post Evacuate Collection Set: 0.4ms
[139.058s][info][gc,phases      ] GC(1016)   Other: 0.3ms
[139.058s][info][gc,heap        ] GC(1016) Eden regions: 231->0(231)
[139.058s][info][gc,heap        ] GC(1016) Survivor regions: 1->1(29)
[139.058s][info][gc,heap        ] GC(1016) Old regions: 54->54
[139.058s][info][gc,heap        ] GC(1016) Humongous regions: 6->6
[139.058s][info][gc,metaspace   ] GC(1016) Metaspace: 72256K->72256K(1114112K)
[139.058s][info][gc             ] GC(1016) Pause Young (Normal) (G1 Evacuation Pause) 289M->58M(387M) 3.056ms
[139.058s][info][gc,cpu         ] GC(1016) User=0.00s Sys=0.00s Real=0.01s
[139.172s][info][gc,start       ] GC(1017) Pause Young (Normal) (G1 Evacuation Pause)
[139.172s][info][gc,task        ] GC(1017) Using 1 workers of 1 for evacuation
[139.175s][info][gc,phases      ] GC(1017)   Pre Evacuate Collection Set: 0.0ms
[139.175s][info][gc,phases      ] GC(1017)   Evacuate Collection Set: 2.5ms
[139.175s][info][gc,phases      ] GC(1017)   Post Evacuate Collection Set: 0.3ms
[139.175s][info][gc,phases      ] GC(1017)   Other: 0.3ms
[139.175s][info][gc,heap        ] GC(1017) Eden regions: 231->0(231)
[139.175s][info][gc,heap        ] GC(1017) Survivor regions: 1->1(29)
[139.175s][info][gc,heap        ] GC(1017) Old regions: 54->54
[139.175s][info][gc,heap        ] GC(1017) Humongous regions: 6->6
[139.175s][info][gc,metaspace   ] GC(1017) Metaspace: 72256K->72256K(1114112K)
[139.175s][info][gc             ] GC(1017) Pause Young (Normal) (G1 Evacuation Pause) 289M->58M(387M) 3.186ms
[139.175s][info][gc,cpu         ] GC(1017) User=0.01s Sys=0.00s Real=0.00s
[139.280s][info][gc,start       ] GC(1018) Pause Young (Normal) (G1 Evacuation Pause)
[139.280s][info][gc,task        ] GC(1018) Using 1 workers of 1 for evacuation
[139.283s][info][gc,phases      ] GC(1018)   Pre Evacuate Collection Set: 0.0ms
[139.283s][info][gc,phases      ] GC(1018)   Evacuate Collection Set: 2.4ms
[139.283s][info][gc,phases      ] GC(1018)   Post Evacuate Collection Set: 0.3ms
[139.283s][info][gc,phases      ] GC(1018)   Other: 0.3ms
[139.283s][info][gc,heap        ] GC(1018) Eden regions: 231->0(231)
[139.283s][info][gc,heap        ] GC(1018) Survivor regions: 1->1(29)
[139.283s][info][gc,heap        ] GC(1018) Old regions: 54->54
[139.283s][info][gc,heap        ] GC(1018) Humongous regions: 6->6
[139.283s][info][gc,metaspace   ] GC(1018) Metaspace: 72256K->72256K(1114112K)
[139.283s][info][gc             ] GC(1018) Pause Young (Normal) (G1 Evacuation Pause) 289M->58M(387M) 3.057ms
[139.283s][info][gc,cpu         ] GC(1018) User=0.00s Sys=0.00s Real=0.00s
[139.388s][info][gc,start       ] GC(1019) Pause Young (Normal) (G1 Evacuation Pause)
[139.388s][info][gc,task        ] GC(1019) Using 1 workers of 1 for evacuation
[139.391s][info][gc,phases      ] GC(1019)   Pre Evacuate Collection Set: 0.0ms
[139.391s][info][gc,phases      ] GC(1019)   Evacuate Collection Set: 2.5ms
[139.391s][info][gc,phases      ] GC(1019)   Post Evacuate Collection Set: 0.3ms
[139.391s][info][gc,phases      ] GC(1019)   Other: 0.3ms
[139.391s][info][gc,heap        ] GC(1019) Eden regions: 231->0(231)
[139.391s][info][gc,heap        ] GC(1019) Survivor regions: 1->1(29)
[139.391s][info][gc,heap        ] GC(1019) Old regions: 54->54
[139.391s][info][gc,heap        ] GC(1019) Humongous regions: 6->6
[139.391s][info][gc,metaspace   ] GC(1019) Metaspace: 72256K->72256K(1114112K)
[139.391s][info][gc             ] GC(1019) Pause Young (Normal) (G1 Evacuation Pause) 289M->59M(387M) 3.150ms
[139.391s][info][gc,cpu         ] GC(1019) User=0.00s Sys=0.00s Real=0.01s
[139.500s][info][gc,start       ] GC(1020) Pause Young (Normal) (G1 Evacuation Pause)
[139.500s][info][gc,task        ] GC(1020) Using 1 workers of 1 for evacuation
[139.503s][info][gc,phases      ] GC(1020)   Pre Evacuate Collection Set: 0.0ms
[139.503s][info][gc,phases      ] GC(1020)   Evacuate Collection Set: 2.4ms
[139.503s][info][gc,phases      ] GC(1020)   Post Evacuate Collection Set: 0.3ms
[139.503s][info][gc,phases      ] GC(1020)   Other: 0.3ms
[139.503s][info][gc,heap        ] GC(1020) Eden regions: 231->0(231)
[139.503s][info][gc,heap        ] GC(1020) Survivor regions: 1->1(29)
[139.503s][info][gc,heap        ] GC(1020) Old regions: 54->54
[139.503s][info][gc,heap        ] GC(1020) Humongous regions: 6->6
[139.503s][info][gc,metaspace   ] GC(1020) Metaspace: 72256K->72256K(1114112K)
[139.503s][info][gc             ] GC(1020) Pause Young (Normal) (G1 Evacuation Pause) 290M->59M(387M) 3.040ms
[139.503s][info][gc,cpu         ] GC(1020) User=0.00s Sys=0.00s Real=0.00s
[139.612s][info][gc,start       ] GC(1021) Pause Young (Normal) (G1 Evacuation Pause)
[139.612s][info][gc,task        ] GC(1021) Using 1 workers of 1 for evacuation
[139.615s][info][gc,phases      ] GC(1021)   Pre Evacuate Collection Set: 0.0ms
[139.615s][info][gc,phases      ] GC(1021)   Evacuate Collection Set: 2.4ms
[139.615s][info][gc,phases      ] GC(1021)   Post Evacuate Collection Set: 0.3ms
[139.615s][info][gc,phases      ] GC(1021)   Other: 0.3ms
[139.615s][info][gc,heap        ] GC(1021) Eden regions: 231->0(231)
[139.615s][info][gc,heap        ] GC(1021) Survivor regions: 1->1(29)
[139.615s][info][gc,heap        ] GC(1021) Old regions: 54->54
[139.615s][info][gc,heap        ] GC(1021) Humongous regions: 6->6
[139.615s][info][gc,metaspace   ] GC(1021) Metaspace: 72256K->72256K(1114112K)
[139.615s][info][gc             ] GC(1021) Pause Young (Normal) (G1 Evacuation Pause) 290M->59M(387M) 3.075ms
[139.615s][info][gc,cpu         ] GC(1021) User=0.01s Sys=0.00s Real=0.00s
[139.724s][info][gc,start       ] GC(1022) Pause Young (Normal) (G1 Evacuation Pause)
[139.724s][info][gc,task        ] GC(1022) Using 1 workers of 1 for evacuation
[139.727s][info][gc,phases      ] GC(1022)   Pre Evacuate Collection Set: 0.0ms
[139.727s][info][gc,phases      ] GC(1022)   Evacuate Collection Set: 2.5ms
[139.727s][info][gc,phases      ] GC(1022)   Post Evacuate Collection Set: 0.4ms
[139.727s][info][gc,phases      ] GC(1022)   Other: 0.4ms
[139.727s][info][gc,heap        ] GC(1022) Eden regions: 231->0(231)
[139.727s][info][gc,heap        ] GC(1022) Survivor regions: 1->1(29)
[139.727s][info][gc,heap        ] GC(1022) Old regions: 54->54
[139.727s][info][gc,heap        ] GC(1022) Humongous regions: 6->6
[139.727s][info][gc,metaspace   ] GC(1022) Metaspace: 72256K->72256K(1114112K)
[139.727s][info][gc             ] GC(1022) Pause Young (Normal) (G1 Evacuation Pause) 290M->59M(387M) 3.360ms
[139.727s][info][gc,cpu         ] GC(1022) User=0.01s Sys=0.00s Real=0.00s
[139.869s][info][gc,start       ] GC(1023) Pause Young (Normal) (G1 Evacuation Pause)
[139.869s][info][gc,task        ] GC(1023) Using 1 workers of 1 for evacuation
[139.873s][info][gc,phases      ] GC(1023)   Pre Evacuate Collection Set: 0.0ms
[139.873s][info][gc,phases      ] GC(1023)   Evacuate Collection Set: 2.7ms
[139.873s][info][gc,phases      ] GC(1023)   Post Evacuate Collection Set: 0.4ms
[139.873s][info][gc,phases      ] GC(1023)   Other: 0.4ms
[139.873s][info][gc,heap        ] GC(1023) Eden regions: 231->0(231)
[139.873s][info][gc,heap        ] GC(1023) Survivor regions: 1->1(29)
[139.873s][info][gc,heap        ] GC(1023) Old regions: 54->54
[139.873s][info][gc,heap        ] GC(1023) Humongous regions: 11->6
[139.873s][info][gc,metaspace   ] GC(1023) Metaspace: 72259K->72259K(1114112K)
[139.873s][info][gc             ] GC(1023) Pause Young (Normal) (G1 Evacuation Pause) 295M->59M(387M) 3.477ms
[139.873s][info][gc,cpu         ] GC(1023) User=0.00s Sys=0.00s Real=0.01s
[139.987s][info][gc,start       ] GC(1024) Pause Young (Normal) (G1 Evacuation Pause)
[139.987s][info][gc,task        ] GC(1024) Using 1 workers of 1 for evacuation
[139.990s][info][gc,phases      ] GC(1024)   Pre Evacuate Collection Set: 0.0ms
[139.990s][info][gc,phases      ] GC(1024)   Evacuate Collection Set: 2.6ms
[139.990s][info][gc,phases      ] GC(1024)   Post Evacuate Collection Set: 0.4ms
[139.990s][info][gc,phases      ] GC(1024)   Other: 0.3ms
[139.990s][info][gc,heap        ] GC(1024) Eden regions: 231->0(231)
[139.990s][info][gc,heap        ] GC(1024) Survivor regions: 1->1(29)
[139.990s][info][gc,heap        ] GC(1024) Old regions: 54->54
[139.990s][info][gc,heap        ] GC(1024) Humongous regions: 6->6
[139.990s][info][gc,metaspace   ] GC(1024) Metaspace: 72259K->72259K(1114112K)
[139.990s][info][gc             ] GC(1024) Pause Young (Normal) (G1 Evacuation Pause) 290M->59M(387M) 3.347ms
[139.990s][info][gc,cpu         ] GC(1024) User=0.01s Sys=0.00s Real=0.01s
[140.103s][info][gc,start       ] GC(1025) Pause Young (Normal) (G1 Evacuation Pause)
[140.103s][info][gc,task        ] GC(1025) Using 1 workers of 1 for evacuation
[140.106s][info][gc,phases      ] GC(1025)   Pre Evacuate Collection Set: 0.0ms
[140.106s][info][gc,phases      ] GC(1025)   Evacuate Collection Set: 2.6ms
[140.106s][info][gc,phases      ] GC(1025)   Post Evacuate Collection Set: 0.3ms
[140.106s][info][gc,phases      ] GC(1025)   Other: 0.3ms
[140.106s][info][gc,heap        ] GC(1025) Eden regions: 231->0(231)
[140.106s][info][gc,heap        ] GC(1025) Survivor regions: 1->1(29)
[140.106s][info][gc,heap        ] GC(1025) Old regions: 54->54
[140.106s][info][gc,heap        ] GC(1025) Humongous regions: 6->6
[140.106s][info][gc,metaspace   ] GC(1025) Metaspace: 72259K->72259K(1114112K)
[140.106s][info][gc             ] GC(1025) Pause Young (Normal) (G1 Evacuation Pause) 290M->59M(387M) 3.317ms
[140.106s][info][gc,cpu         ] GC(1025) User=0.00s Sys=0.00s Real=0.00s
[140.221s][info][gc,start       ] GC(1026) Pause Young (Normal) (G1 Evacuation Pause)
[140.221s][info][gc,task        ] GC(1026) Using 1 workers of 1 for evacuation
[140.225s][info][gc,phases      ] GC(1026)   Pre Evacuate Collection Set: 0.0ms
[140.225s][info][gc,phases      ] GC(1026)   Evacuate Collection Set: 2.6ms
[140.225s][info][gc,phases      ] GC(1026)   Post Evacuate Collection Set: 0.4ms
[140.225s][info][gc,phases      ] GC(1026)   Other: 0.3ms
[140.225s][info][gc,heap        ] GC(1026) Eden regions: 231->0(231)
[140.225s][info][gc,heap        ] GC(1026) Survivor regions: 1->1(29)
[140.225s][info][gc,heap        ] GC(1026) Old regions: 54->54
[140.225s][info][gc,heap        ] GC(1026) Humongous regions: 6->6
[140.225s][info][gc,metaspace   ] GC(1026) Metaspace: 72259K->72259K(1114112K)
[140.225s][info][gc             ] GC(1026) Pause Young (Normal) (G1 Evacuation Pause) 290M->59M(387M) 3.336ms
[140.225s][info][gc,cpu         ] GC(1026) User=0.00s Sys=0.00s Real=0.00s
[140.332s][info][gc,start       ] GC(1027) Pause Young (Normal) (G1 Evacuation Pause)
[140.332s][info][gc,task        ] GC(1027) Using 1 workers of 1 for evacuation
[140.335s][info][gc,phases      ] GC(1027)   Pre Evacuate Collection Set: 0.0ms
[140.335s][info][gc,phases      ] GC(1027)   Evacuate Collection Set: 2.7ms
[140.335s][info][gc,phases      ] GC(1027)   Post Evacuate Collection Set: 0.3ms
[140.335s][info][gc,phases      ] GC(1027)   Other: 0.4ms
[140.335s][info][gc,heap        ] GC(1027) Eden regions: 231->0(231)
[140.335s][info][gc,heap        ] GC(1027) Survivor regions: 1->1(29)
[140.335s][info][gc,heap        ] GC(1027) Old regions: 54->54
[140.335s][info][gc,heap        ] GC(1027) Humongous regions: 6->6
[140.335s][info][gc,metaspace   ] GC(1027) Metaspace: 72259K->72259K(1114112K)
[140.336s][info][gc             ] GC(1027) Pause Young (Normal) (G1 Evacuation Pause) 290M->59M(387M) 3.476ms
[140.336s][info][gc,cpu         ] GC(1027) User=0.00s Sys=0.00s Real=0.00s
[140.444s][info][gc,start       ] GC(1028) Pause Young (Normal) (G1 Evacuation Pause)
[140.444s][info][gc,task        ] GC(1028) Using 1 workers of 1 for evacuation
[140.447s][info][gc,phases      ] GC(1028)   Pre Evacuate Collection Set: 0.0ms
[140.447s][info][gc,phases      ] GC(1028)   Evacuate Collection Set: 2.6ms
[140.447s][info][gc,phases      ] GC(1028)   Post Evacuate Collection Set: 0.4ms
[140.447s][info][gc,phases      ] GC(1028)   Other: 0.4ms
[140.447s][info][gc,heap        ] GC(1028) Eden regions: 231->0(231)
[140.447s][info][gc,heap        ] GC(1028) Survivor regions: 1->1(29)
[140.447s][info][gc,heap        ] GC(1028) Old regions: 54->54
[140.447s][info][gc,heap        ] GC(1028) Humongous regions: 6->6
[140.447s][info][gc,metaspace   ] GC(1028) Metaspace: 72259K->72259K(1114112K)
[140.447s][info][gc             ] GC(1028) Pause Young (Normal) (G1 Evacuation Pause) 290M->59M(387M) 3.401ms
[140.447s][info][gc,cpu         ] GC(1028) User=0.00s Sys=0.00s Real=0.00s
[140.555s][info][gc,start       ] GC(1029) Pause Young (Normal) (G1 Evacuation Pause)
[140.555s][info][gc,task        ] GC(1029) Using 1 workers of 1 for evacuation
[140.558s][info][gc,phases      ] GC(1029)   Pre Evacuate Collection Set: 0.0ms
[140.558s][info][gc,phases      ] GC(1029)   Evacuate Collection Set: 2.6ms
[140.558s][info][gc,phases      ] GC(1029)   Post Evacuate Collection Set: 0.3ms
[140.558s][info][gc,phases      ] GC(1029)   Other: 0.3ms
[140.558s][info][gc,heap        ] GC(1029) Eden regions: 231->0(231)
[140.558s][info][gc,heap        ] GC(1029) Survivor regions: 1->1(29)
[140.558s][info][gc,heap        ] GC(1029) Old regions: 54->54
[140.558s][info][gc,heap        ] GC(1029) Humongous regions: 6->6
[140.558s][info][gc,metaspace   ] GC(1029) Metaspace: 72259K->72259K(1114112K)
[140.558s][info][gc             ] GC(1029) Pause Young (Normal) (G1 Evacuation Pause) 290M->59M(387M) 3.306ms
[140.558s][info][gc,cpu         ] GC(1029) User=0.00s Sys=0.00s Real=0.01s
[140.667s][info][gc,start       ] GC(1030) Pause Young (Normal) (G1 Evacuation Pause)
[140.667s][info][gc,task        ] GC(1030) Using 1 workers of 1 for evacuation
[140.670s][info][gc,phases      ] GC(1030)   Pre Evacuate Collection Set: 0.0ms
[140.670s][info][gc,phases      ] GC(1030)   Evacuate Collection Set: 2.7ms
[140.670s][info][gc,phases      ] GC(1030)   Post Evacuate Collection Set: 0.3ms
[140.671s][info][gc,phases      ] GC(1030)   Other: 0.3ms
[140.671s][info][gc,heap        ] GC(1030) Eden regions: 231->0(231)
[140.671s][info][gc,heap        ] GC(1030) Survivor regions: 1->1(29)
[140.671s][info][gc,heap        ] GC(1030) Old regions: 54->54
[140.671s][info][gc,heap        ] GC(1030) Humongous regions: 6->6
[140.671s][info][gc,metaspace   ] GC(1030) Metaspace: 72259K->72259K(1114112K)
[140.671s][info][gc             ] GC(1030) Pause Young (Normal) (G1 Evacuation Pause) 290M->59M(387M) 3.427ms
[140.671s][info][gc,cpu         ] GC(1030) User=0.00s Sys=0.00s Real=0.01s
[140.784s][info][gc,start       ] GC(1031) Pause Young (Normal) (G1 Evacuation Pause)
[140.784s][info][gc,task        ] GC(1031) Using 1 workers of 1 for evacuation
[140.787s][info][gc,phases      ] GC(1031)   Pre Evacuate Collection Set: 0.0ms
[140.787s][info][gc,phases      ] GC(1031)   Evacuate Collection Set: 2.5ms
[140.787s][info][gc,phases      ] GC(1031)   Post Evacuate Collection Set: 0.3ms
[140.787s][info][gc,phases      ] GC(1031)   Other: 0.3ms
[140.787s][info][gc,heap        ] GC(1031) Eden regions: 231->0(231)
[140.787s][info][gc,heap        ] GC(1031) Survivor regions: 1->1(29)
[140.787s][info][gc,heap        ] GC(1031) Old regions: 54->54
[140.787s][info][gc,heap        ] GC(1031) Humongous regions: 6->6
[140.787s][info][gc,metaspace   ] GC(1031) Metaspace: 72259K->72259K(1114112K)
[140.787s][info][gc             ] GC(1031) Pause Young (Normal) (G1 Evacuation Pause) 290M->59M(387M) 3.234ms
[140.787s][info][gc,cpu         ] GC(1031) User=0.00s Sys=0.00s Real=0.00s
[140.893s][info][gc,start       ] GC(1032) Pause Young (Normal) (G1 Evacuation Pause)
[140.893s][info][gc,task        ] GC(1032) Using 1 workers of 1 for evacuation
[140.896s][info][gc,phases      ] GC(1032)   Pre Evacuate Collection Set: 0.0ms
[140.896s][info][gc,phases      ] GC(1032)   Evacuate Collection Set: 2.6ms
[140.896s][info][gc,phases      ] GC(1032)   Post Evacuate Collection Set: 0.3ms
[140.896s][info][gc,phases      ] GC(1032)   Other: 0.3ms
[140.896s][info][gc,heap        ] GC(1032) Eden regions: 231->0(231)
[140.896s][info][gc,heap        ] GC(1032) Survivor regions: 1->1(29)
[140.896s][info][gc,heap        ] GC(1032) Old regions: 54->54
[140.896s][info][gc,heap        ] GC(1032) Humongous regions: 6->6
[140.896s][info][gc,metaspace   ] GC(1032) Metaspace: 72259K->72259K(1114112K)
[140.896s][info][gc             ] GC(1032) Pause Young (Normal) (G1 Evacuation Pause) 290M->59M(387M) 3.275ms
[140.896s][info][gc,cpu         ] GC(1032) User=0.00s Sys=0.00s Real=0.00s
[141.029s][info][gc,start       ] GC(1033) Pause Young (Normal) (G1 Evacuation Pause)
[141.029s][info][gc,task        ] GC(1033) Using 1 workers of 1 for evacuation
[141.032s][info][gc,phases      ] GC(1033)   Pre Evacuate Collection Set: 0.0ms
[141.032s][info][gc,phases      ] GC(1033)   Evacuate Collection Set: 2.4ms
[141.032s][info][gc,phases      ] GC(1033)   Post Evacuate Collection Set: 0.3ms
[141.032s][info][gc,phases      ] GC(1033)   Other: 0.3ms
[141.032s][info][gc,heap        ] GC(1033) Eden regions: 231->0(231)
[141.032s][info][gc,heap        ] GC(1033) Survivor regions: 1->1(29)
[141.032s][info][gc,heap        ] GC(1033) Old regions: 54->54
[141.032s][info][gc,heap        ] GC(1033) Humongous regions: 11->6
[141.032s][info][gc,metaspace   ] GC(1033) Metaspace: 72265K->72265K(1114112K)
[141.032s][info][gc             ] GC(1033) Pause Young (Normal) (G1 Evacuation Pause) 295M->59M(387M) 3.110ms
[141.032s][info][gc,cpu         ] GC(1033) User=0.00s Sys=0.00s Real=0.01s
[141.139s][info][gc,start       ] GC(1034) Pause Young (Normal) (G1 Evacuation Pause)
[141.139s][info][gc,task        ] GC(1034) Using 1 workers of 1 for evacuation
[141.142s][info][gc,phases      ] GC(1034)   Pre Evacuate Collection Set: 0.0ms
[141.142s][info][gc,phases      ] GC(1034)   Evacuate Collection Set: 2.6ms
[141.142s][info][gc,phases      ] GC(1034)   Post Evacuate Collection Set: 0.4ms
[141.142s][info][gc,phases      ] GC(1034)   Other: 0.3ms
[141.142s][info][gc,heap        ] GC(1034) Eden regions: 231->0(231)
[141.142s][info][gc,heap        ] GC(1034) Survivor regions: 1->1(29)
[141.142s][info][gc,heap        ] GC(1034) Old regions: 54->54
[141.142s][info][gc,heap        ] GC(1034) Humongous regions: 6->6
[141.142s][info][gc,metaspace   ] GC(1034) Metaspace: 72266K->72266K(1114112K)
[141.142s][info][gc             ] GC(1034) Pause Young (Normal) (G1 Evacuation Pause) 290M->58M(387M) 3.367ms
[141.142s][info][gc,cpu         ] GC(1034) User=0.00s Sys=0.00s Real=0.00s
[141.250s][info][gc,start       ] GC(1035) Pause Young (Normal) (G1 Evacuation Pause)
[141.251s][info][gc,task        ] GC(1035) Using 1 workers of 1 for evacuation
[141.254s][info][gc,phases      ] GC(1035)   Pre Evacuate Collection Set: 0.0ms
[141.254s][info][gc,phases      ] GC(1035)   Evacuate Collection Set: 2.4ms
[141.254s][info][gc,phases      ] GC(1035)   Post Evacuate Collection Set: 0.3ms
[141.254s][info][gc,phases      ] GC(1035)   Other: 0.4ms
[141.254s][info][gc,heap        ] GC(1035) Eden regions: 231->0(231)
[141.254s][info][gc,heap        ] GC(1035) Survivor regions: 1->1(29)
[141.254s][info][gc,heap        ] GC(1035) Old regions: 54->54
[141.254s][info][gc,heap        ] GC(1035) Humongous regions: 6->6
[141.254s][info][gc,metaspace   ] GC(1035) Metaspace: 72266K->72266K(1114112K)
[141.254s][info][gc             ] GC(1035) Pause Young (Normal) (G1 Evacuation Pause) 289M->58M(387M) 3.201ms
[141.254s][info][gc,cpu         ] GC(1035) User=0.00s Sys=0.00s Real=0.00s
[141.370s][info][gc,start       ] GC(1036) Pause Young (Normal) (G1 Evacuation Pause)
[141.370s][info][gc,task        ] GC(1036) Using 1 workers of 1 for evacuation
[141.373s][info][gc,phases      ] GC(1036)   Pre Evacuate Collection Set: 0.0ms
[141.373s][info][gc,phases      ] GC(1036)   Evacuate Collection Set: 2.4ms
[141.373s][info][gc,phases      ] GC(1036)   Post Evacuate Collection Set: 0.3ms
[141.373s][info][gc,phases      ] GC(1036)   Other: 0.3ms
[141.373s][info][gc,heap        ] GC(1036) Eden regions: 231->0(231)
[141.373s][info][gc,heap        ] GC(1036) Survivor regions: 1->1(29)
[141.373s][info][gc,heap        ] GC(1036) Old regions: 54->54
[141.373s][info][gc,heap        ] GC(1036) Humongous regions: 6->6
[141.373s][info][gc,metaspace   ] GC(1036) Metaspace: 72266K->72266K(1114112K)
[141.373s][info][gc             ] GC(1036) Pause Young (Normal) (G1 Evacuation Pause) 289M->58M(387M) 3.083ms
[141.373s][info][gc,cpu         ] GC(1036) User=0.01s Sys=0.00s Real=0.00s
[141.488s][info][gc,start       ] GC(1037) Pause Young (Normal) (G1 Evacuation Pause)
[141.488s][info][gc,task        ] GC(1037) Using 1 workers of 1 for evacuation
[141.491s][info][gc,phases      ] GC(1037)   Pre Evacuate Collection Set: 0.0ms
[141.491s][info][gc,phases      ] GC(1037)   Evacuate Collection Set: 2.4ms
[141.491s][info][gc,phases      ] GC(1037)   Post Evacuate Collection Set: 0.3ms
[141.491s][info][gc,phases      ] GC(1037)   Other: 0.3ms
[141.491s][info][gc,heap        ] GC(1037) Eden regions: 231->0(231)
[141.491s][info][gc,heap        ] GC(1037) Survivor regions: 1->1(29)
[141.491s][info][gc,heap        ] GC(1037) Old regions: 54->54
[141.491s][info][gc,heap        ] GC(1037) Humongous regions: 6->6
[141.491s][info][gc,metaspace   ] GC(1037) Metaspace: 72266K->72266K(1114112K)
[141.491s][info][gc             ] GC(1037) Pause Young (Normal) (G1 Evacuation Pause) 289M->59M(387M) 3.100ms
[141.491s][info][gc,cpu         ] GC(1037) User=0.00s Sys=0.00s Real=0.01s
[141.595s][info][gc,start       ] GC(1038) Pause Young (Normal) (G1 Evacuation Pause)
[141.595s][info][gc,task        ] GC(1038) Using 1 workers of 1 for evacuation
[141.598s][info][gc,phases      ] GC(1038)   Pre Evacuate Collection Set: 0.0ms
[141.598s][info][gc,phases      ] GC(1038)   Evacuate Collection Set: 2.4ms
[141.598s][info][gc,phases      ] GC(1038)   Post Evacuate Collection Set: 0.3ms
[141.598s][info][gc,phases      ] GC(1038)   Other: 0.4ms
[141.598s][info][gc,heap        ] GC(1038) Eden regions: 231->0(231)
[141.598s][info][gc,heap        ] GC(1038) Survivor regions: 1->1(29)
[141.598s][info][gc,heap        ] GC(1038) Old regions: 54->54
[141.598s][info][gc,heap        ] GC(1038) Humongous regions: 6->6
[141.598s][info][gc,metaspace   ] GC(1038) Metaspace: 72266K->72266K(1114112K)
[141.598s][info][gc             ] GC(1038) Pause Young (Normal) (G1 Evacuation Pause) 290M->59M(387M) 3.188ms
[141.598s][info][gc,cpu         ] GC(1038) User=0.00s Sys=0.00s Real=0.01s
[141.709s][info][gc,start       ] GC(1039) Pause Young (Normal) (G1 Evacuation Pause)
[141.709s][info][gc,task        ] GC(1039) Using 1 workers of 1 for evacuation
[141.712s][info][gc,phases      ] GC(1039)   Pre Evacuate Collection Set: 0.0ms
[141.712s][info][gc,phases      ] GC(1039)   Evacuate Collection Set: 2.3ms
[141.712s][info][gc,phases      ] GC(1039)   Post Evacuate Collection Set: 0.3ms
[141.712s][info][gc,phases      ] GC(1039)   Other: 0.3ms
[141.712s][info][gc,heap        ] GC(1039) Eden regions: 231->0(231)
[141.712s][info][gc,heap        ] GC(1039) Survivor regions: 1->1(29)
[141.712s][info][gc,heap        ] GC(1039) Old regions: 54->54
[141.712s][info][gc,heap        ] GC(1039) Humongous regions: 6->6
[141.712s][info][gc,metaspace   ] GC(1039) Metaspace: 72266K->72266K(1114112K)
[141.712s][info][gc             ] GC(1039) Pause Young (Normal) (G1 Evacuation Pause) 290M->59M(387M) 3.071ms
[141.713s][info][gc,cpu         ] GC(1039) User=0.00s Sys=0.00s Real=0.01s
[141.831s][info][gc,start       ] GC(1040) Pause Young (Normal) (G1 Evacuation Pause)
[141.832s][info][gc,task        ] GC(1040) Using 1 workers of 1 for evacuation
[141.835s][info][gc,phases      ] GC(1040)   Pre Evacuate Collection Set: 0.0ms
[141.835s][info][gc,phases      ] GC(1040)   Evacuate Collection Set: 2.7ms
[141.835s][info][gc,phases      ] GC(1040)   Post Evacuate Collection Set: 0.4ms
[141.835s][info][gc,phases      ] GC(1040)   Other: 0.4ms
[141.835s][info][gc,heap        ] GC(1040) Eden regions: 231->0(231)
[141.835s][info][gc,heap        ] GC(1040) Survivor regions: 1->1(29)
[141.835s][info][gc,heap        ] GC(1040) Old regions: 54->54
[141.835s][info][gc,heap        ] GC(1040) Humongous regions: 6->6
[141.835s][info][gc,metaspace   ] GC(1040) Metaspace: 72266K->72266K(1114112K)
[141.835s][info][gc             ] GC(1040) Pause Young (Normal) (G1 Evacuation Pause) 290M->59M(387M) 3.569ms
[141.835s][info][gc,cpu         ] GC(1040) User=0.00s Sys=0.00s Real=0.00s
[141.950s][info][gc,start       ] GC(1041) Pause Young (Normal) (G1 Evacuation Pause)
[141.950s][info][gc,task        ] GC(1041) Using 1 workers of 1 for evacuation
[141.953s][info][gc,phases      ] GC(1041)   Pre Evacuate Collection Set: 0.0ms
[141.953s][info][gc,phases      ] GC(1041)   Evacuate Collection Set: 2.5ms
[141.953s][info][gc,phases      ] GC(1041)   Post Evacuate Collection Set: 0.3ms
[141.953s][info][gc,phases      ] GC(1041)   Other: 0.3ms
[141.953s][info][gc,heap        ] GC(1041) Eden regions: 231->0(231)
[141.953s][info][gc,heap        ] GC(1041) Survivor regions: 1->1(29)
[141.953s][info][gc,heap        ] GC(1041) Old regions: 54->54
[141.953s][info][gc,heap        ] GC(1041) Humongous regions: 6->6
[141.953s][info][gc,metaspace   ] GC(1041) Metaspace: 72266K->72266K(1114112K)
[141.953s][info][gc             ] GC(1041) Pause Young (Normal) (G1 Evacuation Pause) 290M->59M(387M) 3.222ms
[141.953s][info][gc,cpu         ] GC(1041) User=0.00s Sys=0.00s Real=0.00s
[142.079s][info][gc,start       ] GC(1042) Pause Young (Normal) (G1 Evacuation Pause)
[142.079s][info][gc,task        ] GC(1042) Using 1 workers of 1 for evacuation
[142.083s][info][gc,phases      ] GC(1042)   Pre Evacuate Collection Set: 0.0ms
[142.083s][info][gc,phases      ] GC(1042)   Evacuate Collection Set: 2.8ms
[142.083s][info][gc,phases      ] GC(1042)   Post Evacuate Collection Set: 0.4ms
[142.083s][info][gc,phases      ] GC(1042)   Other: 0.4ms
[142.083s][info][gc,heap        ] GC(1042) Eden regions: 231->0(231)
[142.083s][info][gc,heap        ] GC(1042) Survivor regions: 1->1(29)
[142.083s][info][gc,heap        ] GC(1042) Old regions: 54->54
[142.083s][info][gc,heap        ] GC(1042) Humongous regions: 11->6
[142.083s][info][gc,metaspace   ] GC(1042) Metaspace: 72266K->72266K(1114112K)
[142.083s][info][gc             ] GC(1042) Pause Young (Normal) (G1 Evacuation Pause) 295M->59M(387M) 3.772ms
[142.083s][info][gc,cpu         ] GC(1042) User=0.00s Sys=0.00s Real=0.00s
[142.197s][info][gc,start       ] GC(1043) Pause Young (Normal) (G1 Evacuation Pause)
[142.197s][info][gc,task        ] GC(1043) Using 1 workers of 1 for evacuation
[142.201s][info][gc,phases      ] GC(1043)   Pre Evacuate Collection Set: 0.0ms
[142.201s][info][gc,phases      ] GC(1043)   Evacuate Collection Set: 2.8ms
[142.201s][info][gc,phases      ] GC(1043)   Post Evacuate Collection Set: 0.4ms
[142.201s][info][gc,phases      ] GC(1043)   Other: 0.3ms
[142.201s][info][gc,heap        ] GC(1043) Eden regions: 231->0(231)
[142.201s][info][gc,heap        ] GC(1043) Survivor regions: 1->1(29)
[142.201s][info][gc,heap        ] GC(1043) Old regions: 54->54
[142.201s][info][gc,heap        ] GC(1043) Humongous regions: 6->6
[142.201s][info][gc,metaspace   ] GC(1043) Metaspace: 72276K->72276K(1114112K)
[142.201s][info][gc             ] GC(1043) Pause Young (Normal) (G1 Evacuation Pause) 290M->59M(387M) 3.531ms
[142.201s][info][gc,cpu         ] GC(1043) User=0.01s Sys=0.00s Real=0.01s
[142.306s][info][gc,start       ] GC(1044) Pause Young (Normal) (G1 Evacuation Pause)
[142.306s][info][gc,task        ] GC(1044) Using 1 workers of 1 for evacuation
[142.309s][info][gc,phases      ] GC(1044)   Pre Evacuate Collection Set: 0.0ms
[142.309s][info][gc,phases      ] GC(1044)   Evacuate Collection Set: 2.6ms
[142.309s][info][gc,phases      ] GC(1044)   Post Evacuate Collection Set: 0.4ms
[142.309s][info][gc,phases      ] GC(1044)   Other: 0.3ms
[142.309s][info][gc,heap        ] GC(1044) Eden regions: 231->0(231)
[142.309s][info][gc,heap        ] GC(1044) Survivor regions: 1->1(29)
[142.309s][info][gc,heap        ] GC(1044) Old regions: 54->54
[142.309s][info][gc,heap        ] GC(1044) Humongous regions: 6->6
[142.309s][info][gc,metaspace   ] GC(1044) Metaspace: 72276K->72276K(1114112K)
[142.309s][info][gc             ] GC(1044) Pause Young (Normal) (G1 Evacuation Pause) 290M->59M(387M) 3.345ms
[142.310s][info][gc,cpu         ] GC(1044) User=0.00s Sys=0.00s Real=0.00s
[142.414s][info][gc,start       ] GC(1045) Pause Young (Normal) (G1 Evacuation Pause)
[142.414s][info][gc,task        ] GC(1045) Using 1 workers of 1 for evacuation
[142.417s][info][gc,phases      ] GC(1045)   Pre Evacuate Collection Set: 0.0ms
[142.417s][info][gc,phases      ] GC(1045)   Evacuate Collection Set: 2.7ms
[142.417s][info][gc,phases      ] GC(1045)   Post Evacuate Collection Set: 0.3ms
[142.417s][info][gc,phases      ] GC(1045)   Other: 0.3ms
[142.417s][info][gc,heap        ] GC(1045) Eden regions: 231->0(231)
[142.417s][info][gc,heap        ] GC(1045) Survivor regions: 1->1(29)
[142.417s][info][gc,heap        ] GC(1045) Old regions: 54->54
[142.417s][info][gc,heap        ] GC(1045) Humongous regions: 6->6
[142.417s][info][gc,metaspace   ] GC(1045) Metaspace: 72276K->72276K(1114112K)
[142.417s][info][gc             ] GC(1045) Pause Young (Normal) (G1 Evacuation Pause) 290M->59M(387M) 3.383ms
[142.418s][info][gc,cpu         ] GC(1045) User=0.01s Sys=0.00s Real=0.00s
[142.524s][info][gc,start       ] GC(1046) Pause Young (Normal) (G1 Evacuation Pause)
[142.524s][info][gc,task        ] GC(1046) Using 1 workers of 1 for evacuation
[142.527s][info][gc,phases      ] GC(1046)   Pre Evacuate Collection Set: 0.0ms
[142.527s][info][gc,phases      ] GC(1046)   Evacuate Collection Set: 2.7ms
[142.527s][info][gc,phases      ] GC(1046)   Post Evacuate Collection Set: 0.4ms
[142.527s][info][gc,phases      ] GC(1046)   Other: 0.3ms
[142.527s][info][gc,heap        ] GC(1046) Eden regions: 231->0(231)
[142.527s][info][gc,heap        ] GC(1046) Survivor regions: 1->1(29)
[142.527s][info][gc,heap        ] GC(1046) Old regions: 54->54
[142.527s][info][gc,heap        ] GC(1046) Humongous regions: 6->6
[142.527s][info][gc,metaspace   ] GC(1046) Metaspace: 72276K->72276K(1114112K)
[142.527s][info][gc             ] GC(1046) Pause Young (Normal) (G1 Evacuation Pause) 290M->59M(387M) 3.414ms
[142.527s][info][gc,cpu         ] GC(1046) User=0.00s Sys=0.00s Real=0.00s
[142.631s][info][gc,start       ] GC(1047) Pause Young (Normal) (G1 Evacuation Pause)
[142.631s][info][gc,task        ] GC(1047) Using 1 workers of 1 for evacuation
[142.634s][info][gc,phases      ] GC(1047)   Pre Evacuate Collection Set: 0.0ms
[142.634s][info][gc,phases      ] GC(1047)   Evacuate Collection Set: 2.7ms
[142.634s][info][gc,phases      ] GC(1047)   Post Evacuate Collection Set: 0.3ms
[142.634s][info][gc,phases      ] GC(1047)   Other: 0.3ms
[142.634s][info][gc,heap        ] GC(1047) Eden regions: 231->0(231)
[142.634s][info][gc,heap        ] GC(1047) Survivor regions: 1->1(29)
[142.634s][info][gc,heap        ] GC(1047) Old regions: 54->54
[142.634s][info][gc,heap        ] GC(1047) Humongous regions: 6->6
[142.634s][info][gc,metaspace   ] GC(1047) Metaspace: 72276K->72276K(1114112K)
[142.634s][info][gc             ] GC(1047) Pause Young (Normal) (G1 Evacuation Pause) 290M->59M(387M) 3.372ms
[142.635s][info][gc,cpu         ] GC(1047) User=0.01s Sys=0.00s Real=0.00s
[142.746s][info][gc,start       ] GC(1048) Pause Young (Normal) (G1 Evacuation Pause)
[142.746s][info][gc,task        ] GC(1048) Using 1 workers of 1 for evacuation
[142.750s][info][gc,phases      ] GC(1048)   Pre Evacuate Collection Set: 0.0ms
[142.750s][info][gc,phases      ] GC(1048)   Evacuate Collection Set: 3.0ms
[142.750s][info][gc,phases      ] GC(1048)   Post Evacuate Collection Set: 0.4ms
[142.750s][info][gc,phases      ] GC(1048)   Other: 0.3ms
[142.750s][info][gc,heap        ] GC(1048) Eden regions: 231->0(231)
[142.750s][info][gc,heap        ] GC(1048) Survivor regions: 1->1(29)
[142.750s][info][gc,heap        ] GC(1048) Old regions: 54->54
[142.750s][info][gc,heap        ] GC(1048) Humongous regions: 6->6
[142.750s][info][gc,metaspace   ] GC(1048) Metaspace: 72277K->72277K(1114112K)
[142.750s][info][gc             ] GC(1048) Pause Young (Normal) (G1 Evacuation Pause) 290M->59M(387M) 3.803ms
[142.750s][info][gc,cpu         ] GC(1048) User=0.00s Sys=0.01s Real=0.01s
[142.855s][info][gc,start       ] GC(1049) Pause Young (Normal) (G1 Evacuation Pause)
[142.855s][info][gc,task        ] GC(1049) Using 1 workers of 1 for evacuation
[142.858s][info][gc,phases      ] GC(1049)   Pre Evacuate Collection Set: 0.0ms
[142.858s][info][gc,phases      ] GC(1049)   Evacuate Collection Set: 2.6ms
[142.858s][info][gc,phases      ] GC(1049)   Post Evacuate Collection Set: 0.4ms
[142.858s][info][gc,phases      ] GC(1049)   Other: 0.3ms
[142.858s][info][gc,heap        ] GC(1049) Eden regions: 231->0(231)
[142.858s][info][gc,heap        ] GC(1049) Survivor regions: 1->1(29)
[142.858s][info][gc,heap        ] GC(1049) Old regions: 54->54
[142.858s][info][gc,heap        ] GC(1049) Humongous regions: 6->6
[142.858s][info][gc,metaspace   ] GC(1049) Metaspace: 72277K->72277K(1114112K)
[142.858s][info][gc             ] GC(1049) Pause Young (Normal) (G1 Evacuation Pause) 290M->59M(387M) 3.348ms
[142.859s][info][gc,cpu         ] GC(1049) User=0.01s Sys=0.00s Real=0.01s
[142.964s][info][gc,start       ] GC(1050) Pause Young (Normal) (G1 Evacuation Pause)
[142.964s][info][gc,task        ] GC(1050) Using 1 workers of 1 for evacuation
[142.967s][info][gc,phases      ] GC(1050)   Pre Evacuate Collection Set: 0.0ms
[142.967s][info][gc,phases      ] GC(1050)   Evacuate Collection Set: 2.7ms
[142.967s][info][gc,phases      ] GC(1050)   Post Evacuate Collection Set: 0.3ms
[142.967s][info][gc,phases      ] GC(1050)   Other: 0.4ms
[142.967s][info][gc,heap        ] GC(1050) Eden regions: 231->0(231)
[142.967s][info][gc,heap        ] GC(1050) Survivor regions: 1->1(29)
[142.967s][info][gc,heap        ] GC(1050) Old regions: 54->54
[142.967s][info][gc,heap        ] GC(1050) Humongous regions: 6->6
[142.968s][info][gc,metaspace   ] GC(1050) Metaspace: 72277K->72277K(1114112K)
[142.968s][info][gc             ] GC(1050) Pause Young (Normal) (G1 Evacuation Pause) 290M->59M(387M) 3.420ms
[142.968s][info][gc,cpu         ] GC(1050) User=0.01s Sys=0.00s Real=0.00s
[143.073s][info][gc,start       ] GC(1051) Pause Young (Normal) (G1 Evacuation Pause)
[143.073s][info][gc,task        ] GC(1051) Using 1 workers of 1 for evacuation
[143.077s][info][gc,phases      ] GC(1051)   Pre Evacuate Collection Set: 0.0ms
[143.077s][info][gc,phases      ] GC(1051)   Evacuate Collection Set: 2.6ms
[143.077s][info][gc,phases      ] GC(1051)   Post Evacuate Collection Set: 0.3ms
[143.077s][info][gc,phases      ] GC(1051)   Other: 0.3ms
[143.077s][info][gc,heap        ] GC(1051) Eden regions: 231->0(231)
[143.077s][info][gc,heap        ] GC(1051) Survivor regions: 1->1(29)
[143.077s][info][gc,heap        ] GC(1051) Old regions: 54->54
[143.077s][info][gc,heap        ] GC(1051) Humongous regions: 6->6
[143.077s][info][gc,metaspace   ] GC(1051) Metaspace: 72277K->72277K(1114112K)
[143.077s][info][gc             ] GC(1051) Pause Young (Normal) (G1 Evacuation Pause) 290M->59M(387M) 3.277ms
[143.077s][info][gc,cpu         ] GC(1051) User=0.01s Sys=0.00s Real=0.00s
[143.200s][info][gc,start       ] GC(1052) Pause Young (Normal) (G1 Evacuation Pause)
[143.201s][info][gc,task        ] GC(1052) Using 1 workers of 1 for evacuation
[143.204s][info][gc,phases      ] GC(1052)   Pre Evacuate Collection Set: 0.0ms
[143.204s][info][gc,phases      ] GC(1052)   Evacuate Collection Set: 2.6ms
[143.204s][info][gc,phases      ] GC(1052)   Post Evacuate Collection Set: 0.3ms
[143.204s][info][gc,phases      ] GC(1052)   Other: 0.3ms
[143.204s][info][gc,heap        ] GC(1052) Eden regions: 231->0(231)
[143.204s][info][gc,heap        ] GC(1052) Survivor regions: 1->1(29)
[143.204s][info][gc,heap        ] GC(1052) Old regions: 54->54
[143.204s][info][gc,heap        ] GC(1052) Humongous regions: 11->6
[143.204s][info][gc,metaspace   ] GC(1052) Metaspace: 72286K->72286K(1114112K)
[143.204s][info][gc             ] GC(1052) Pause Young (Normal) (G1 Evacuation Pause) 295M->59M(387M) 3.277ms
[143.204s][info][gc,cpu         ] GC(1052) User=0.00s Sys=0.00s Real=0.00s
[143.311s][info][gc,start       ] GC(1053) Pause Young (Normal) (G1 Evacuation Pause)
[143.311s][info][gc,task        ] GC(1053) Using 1 workers of 1 for evacuation
[143.314s][info][gc,phases      ] GC(1053)   Pre Evacuate Collection Set: 0.0ms
[143.314s][info][gc,phases      ] GC(1053)   Evacuate Collection Set: 2.6ms
[143.314s][info][gc,phases      ] GC(1053)   Post Evacuate Collection Set: 0.3ms
[143.314s][info][gc,phases      ] GC(1053)   Other: 0.3ms
[143.314s][info][gc,heap        ] GC(1053) Eden regions: 231->0(231)
[143.314s][info][gc,heap        ] GC(1053) Survivor regions: 1->1(29)
[143.314s][info][gc,heap        ] GC(1053) Old regions: 54->54
[143.314s][info][gc,heap        ] GC(1053) Humongous regions: 6->6
[143.314s][info][gc,metaspace   ] GC(1053) Metaspace: 72286K->72286K(1114112K)
[143.314s][info][gc             ] GC(1053) Pause Young (Normal) (G1 Evacuation Pause) 290M->59M(387M) 3.247ms
[143.314s][info][gc,cpu         ] GC(1053) User=0.00s Sys=0.00s Real=0.00s
[143.422s][info][gc,start       ] GC(1054) Pause Young (Normal) (G1 Evacuation Pause)
[143.422s][info][gc,task        ] GC(1054) Using 1 workers of 1 for evacuation
[143.425s][info][gc,phases      ] GC(1054)   Pre Evacuate Collection Set: 0.0ms
[143.425s][info][gc,phases      ] GC(1054)   Evacuate Collection Set: 2.7ms
[143.425s][info][gc,phases      ] GC(1054)   Post Evacuate Collection Set: 0.4ms
[143.425s][info][gc,phases      ] GC(1054)   Other: 0.3ms
[143.425s][info][gc,heap        ] GC(1054) Eden regions: 231->0(231)
[143.425s][info][gc,heap        ] GC(1054) Survivor regions: 1->1(29)
[143.425s][info][gc,heap        ] GC(1054) Old regions: 54->54
[143.425s][info][gc,heap        ] GC(1054) Humongous regions: 6->6
[143.425s][info][gc,metaspace   ] GC(1054) Metaspace: 72286K->72286K(1114112K)
[143.425s][info][gc             ] GC(1054) Pause Young (Normal) (G1 Evacuation Pause) 290M->59M(387M) 3.427ms
[143.425s][info][gc,cpu         ] GC(1054) User=0.00s Sys=0.00s Real=0.00s
[143.532s][info][gc,start       ] GC(1055) Pause Young (Normal) (G1 Evacuation Pause)
[143.532s][info][gc,task        ] GC(1055) Using 1 workers of 1 for evacuation
[143.535s][info][gc,phases      ] GC(1055)   Pre Evacuate Collection Set: 0.0ms
[143.536s][info][gc,phases      ] GC(1055)   Evacuate Collection Set: 2.6ms
[143.536s][info][gc,phases      ] GC(1055)   Post Evacuate Collection Set: 0.3ms
[143.536s][info][gc,phases      ] GC(1055)   Other: 0.3ms
[143.536s][info][gc,heap        ] GC(1055) Eden regions: 231->0(231)
[143.536s][info][gc,heap        ] GC(1055) Survivor regions: 1->1(29)
[143.536s][info][gc,heap        ] GC(1055) Old regions: 54->54
[143.536s][info][gc,heap        ] GC(1055) Humongous regions: 6->6
[143.536s][info][gc,metaspace   ] GC(1055) Metaspace: 72286K->72286K(1114112K)
[143.536s][info][gc             ] GC(1055) Pause Young (Normal) (G1 Evacuation Pause) 290M->59M(387M) 3.261ms
[143.536s][info][gc,cpu         ] GC(1055) User=0.00s Sys=0.00s Real=0.00s
[143.641s][info][gc,start       ] GC(1056) Pause Young (Normal) (G1 Evacuation Pause)
[143.641s][info][gc,task        ] GC(1056) Using 1 workers of 1 for evacuation
[143.645s][info][gc,phases      ] GC(1056)   Pre Evacuate Collection Set: 0.0ms
[143.645s][info][gc,phases      ] GC(1056)   Evacuate Collection Set: 2.6ms
[143.645s][info][gc,phases      ] GC(1056)   Post Evacuate Collection Set: 0.4ms
[143.645s][info][gc,phases      ] GC(1056)   Other: 0.3ms
[143.645s][info][gc,heap        ] GC(1056) Eden regions: 231->0(231)
[143.645s][info][gc,heap        ] GC(1056) Survivor regions: 1->1(29)
[143.645s][info][gc,heap        ] GC(1056) Old regions: 54->54
[143.645s][info][gc,heap        ] GC(1056) Humongous regions: 6->6
[143.645s][info][gc,metaspace   ] GC(1056) Metaspace: 72286K->72286K(1114112K)
[143.645s][info][gc             ] GC(1056) Pause Young (Normal) (G1 Evacuation Pause) 290M->59M(387M) 3.285ms
[143.645s][info][gc,cpu         ] GC(1056) User=0.01s Sys=0.00s Real=0.00s
[143.763s][info][gc,start       ] GC(1057) Pause Young (Normal) (G1 Evacuation Pause)
[143.763s][info][gc,task        ] GC(1057) Using 1 workers of 1 for evacuation
[143.766s][info][gc,phases      ] GC(1057)   Pre Evacuate Collection Set: 0.0ms
[143.766s][info][gc,phases      ] GC(1057)   Evacuate Collection Set: 2.6ms
[143.766s][info][gc,phases      ] GC(1057)   Post Evacuate Collection Set: 0.3ms
[143.766s][info][gc,phases      ] GC(1057)   Other: 0.4ms
[143.766s][info][gc,heap        ] GC(1057) Eden regions: 231->0(231)
[143.766s][info][gc,heap        ] GC(1057) Survivor regions: 1->1(29)
[143.766s][info][gc,heap        ] GC(1057) Old regions: 54->54
[143.766s][info][gc,heap        ] GC(1057) Humongous regions: 6->6
[143.766s][info][gc,metaspace   ] GC(1057) Metaspace: 72286K->72286K(1114112K)
[143.766s][info][gc             ] GC(1057) Pause Young (Normal) (G1 Evacuation Pause) 290M->59M(387M) 3.375ms
[143.766s][info][gc,cpu         ] GC(1057) User=0.01s Sys=0.00s Real=0.00s
[143.871s][info][gc,start       ] GC(1058) Pause Young (Normal) (G1 Evacuation Pause)
[143.871s][info][gc,task        ] GC(1058) Using 1 workers of 1 for evacuation
[143.874s][info][gc,phases      ] GC(1058)   Pre Evacuate Collection Set: 0.0ms
[143.874s][info][gc,phases      ] GC(1058)   Evacuate Collection Set: 2.5ms
[143.874s][info][gc,phases      ] GC(1058)   Post Evacuate Collection Set: 0.3ms
[143.874s][info][gc,phases      ] GC(1058)   Other: 0.3ms
[143.874s][info][gc,heap        ] GC(1058) Eden regions: 231->0(231)
[143.874s][info][gc,heap        ] GC(1058) Survivor regions: 1->1(29)
[143.874s][info][gc,heap        ] GC(1058) Old regions: 54->54
[143.874s][info][gc,heap        ] GC(1058) Humongous regions: 6->6
[143.874s][info][gc,metaspace   ] GC(1058) Metaspace: 72286K->72286K(1114112K)
[143.875s][info][gc             ] GC(1058) Pause Young (Normal) (G1 Evacuation Pause) 290M->59M(387M) 3.167ms
[143.875s][info][gc,cpu         ] GC(1058) User=0.00s Sys=0.00s Real=0.00s
[143.982s][info][gc,start       ] GC(1059) Pause Young (Normal) (G1 Evacuation Pause)
[143.982s][info][gc,task        ] GC(1059) Using 1 workers of 1 for evacuation
[143.985s][info][gc,phases      ] GC(1059)   Pre Evacuate Collection Set: 0.0ms
[143.985s][info][gc,phases      ] GC(1059)   Evacuate Collection Set: 2.5ms
[143.985s][info][gc,phases      ] GC(1059)   Post Evacuate Collection Set: 0.3ms
[143.985s][info][gc,phases      ] GC(1059)   Other: 0.3ms
[143.985s][info][gc,heap        ] GC(1059) Eden regions: 231->0(231)
[143.985s][info][gc,heap        ] GC(1059) Survivor regions: 1->1(29)
[143.985s][info][gc,heap        ] GC(1059) Old regions: 54->54
[143.985s][info][gc,heap        ] GC(1059) Humongous regions: 6->6
[143.985s][info][gc,metaspace   ] GC(1059) Metaspace: 72286K->72286K(1114112K)
[143.985s][info][gc             ] GC(1059) Pause Young (Normal) (G1 Evacuation Pause) 290M->59M(387M) 3.142ms
[143.985s][info][gc,cpu         ] GC(1059) User=0.00s Sys=0.00s Real=0.00s
[144.093s][info][gc,start       ] GC(1060) Pause Young (Normal) (G1 Evacuation Pause)
[144.093s][info][gc,task        ] GC(1060) Using 1 workers of 1 for evacuation
[144.096s][info][gc,phases      ] GC(1060)   Pre Evacuate Collection Set: 0.0ms
[144.096s][info][gc,phases      ] GC(1060)   Evacuate Collection Set: 2.5ms
[144.096s][info][gc,phases      ] GC(1060)   Post Evacuate Collection Set: 0.3ms
[144.096s][info][gc,phases      ] GC(1060)   Other: 0.3ms
[144.096s][info][gc,heap        ] GC(1060) Eden regions: 231->0(231)
[144.096s][info][gc,heap        ] GC(1060) Survivor regions: 1->1(29)
[144.096s][info][gc,heap        ] GC(1060) Old regions: 54->54
[144.096s][info][gc,heap        ] GC(1060) Humongous regions: 6->6
[144.096s][info][gc,metaspace   ] GC(1060) Metaspace: 72286K->72286K(1114112K)
[144.096s][info][gc             ] GC(1060) Pause Young (Normal) (G1 Evacuation Pause) 290M->59M(387M) 3.182ms
[144.096s][info][gc,cpu         ] GC(1060) User=0.00s Sys=0.00s Real=0.00s
[144.208s][info][gc,start       ] GC(1061) Pause Young (Normal) (G1 Evacuation Pause)
[144.209s][info][gc,task        ] GC(1061) Using 1 workers of 1 for evacuation
[144.212s][info][gc,phases      ] GC(1061)   Pre Evacuate Collection Set: 0.1ms
[144.212s][info][gc,phases      ] GC(1061)   Evacuate Collection Set: 2.6ms
[144.212s][info][gc,phases      ] GC(1061)   Post Evacuate Collection Set: 0.5ms
[144.212s][info][gc,phases      ] GC(1061)   Other: 0.3ms
[144.212s][info][gc,heap        ] GC(1061) Eden regions: 231->0(231)
[144.212s][info][gc,heap        ] GC(1061) Survivor regions: 1->1(29)
[144.212s][info][gc,heap        ] GC(1061) Old regions: 54->54
[144.212s][info][gc,heap        ] GC(1061) Humongous regions: 6->6
[144.212s][info][gc,metaspace   ] GC(1061) Metaspace: 72286K->72286K(1114112K)
[144.212s][info][gc             ] GC(1061) Pause Young (Normal) (G1 Evacuation Pause) 290M->59M(387M) 3.507ms
[144.212s][info][gc,cpu         ] GC(1061) User=0.00s Sys=0.00s Real=0.01s
[144.379s][info][gc,start       ] GC(1062) Pause Young (Normal) (G1 Evacuation Pause)
[144.379s][info][gc,task        ] GC(1062) Using 1 workers of 1 for evacuation
[144.383s][info][gc,phases      ] GC(1062)   Pre Evacuate Collection Set: 0.0ms
[144.383s][info][gc,phases      ] GC(1062)   Evacuate Collection Set: 3.1ms
[144.383s][info][gc,phases      ] GC(1062)   Post Evacuate Collection Set: 0.4ms
[144.383s][info][gc,phases      ] GC(1062)   Other: 0.4ms
[144.383s][info][gc,heap        ] GC(1062) Eden regions: 231->0(231)
[144.383s][info][gc,heap        ] GC(1062) Survivor regions: 1->1(29)
[144.383s][info][gc,heap        ] GC(1062) Old regions: 54->54
[144.383s][info][gc,heap        ] GC(1062) Humongous regions: 11->6
[144.383s][info][gc,metaspace   ] GC(1062) Metaspace: 72292K->72292K(1114112K)
[144.383s][info][gc             ] GC(1062) Pause Young (Normal) (G1 Evacuation Pause) 295M->59M(387M) 3.879ms
[144.383s][info][gc,cpu         ] GC(1062) User=0.00s Sys=0.00s Real=0.00s
[144.493s][info][gc,start       ] GC(1063) Pause Young (Normal) (G1 Evacuation Pause)
[144.493s][info][gc,task        ] GC(1063) Using 1 workers of 1 for evacuation
[144.496s][info][gc,phases      ] GC(1063)   Pre Evacuate Collection Set: 0.0ms
[144.496s][info][gc,phases      ] GC(1063)   Evacuate Collection Set: 2.7ms
[144.496s][info][gc,phases      ] GC(1063)   Post Evacuate Collection Set: 0.3ms
[144.496s][info][gc,phases      ] GC(1063)   Other: 0.4ms
[144.496s][info][gc,heap        ] GC(1063) Eden regions: 231->0(231)
[144.496s][info][gc,heap        ] GC(1063) Survivor regions: 1->1(29)
[144.496s][info][gc,heap        ] GC(1063) Old regions: 54->54
[144.497s][info][gc,heap        ] GC(1063) Humongous regions: 6->6
[144.497s][info][gc,metaspace   ] GC(1063) Metaspace: 72298K->72298K(1114112K)
[144.497s][info][gc             ] GC(1063) Pause Young (Normal) (G1 Evacuation Pause) 290M->59M(387M) 3.483ms
[144.497s][info][gc,cpu         ] GC(1063) User=0.00s Sys=0.00s Real=0.00s
[144.601s][info][gc,start       ] GC(1064) Pause Young (Normal) (G1 Evacuation Pause)
[144.601s][info][gc,task        ] GC(1064) Using 1 workers of 1 for evacuation
[144.604s][info][gc,phases      ] GC(1064)   Pre Evacuate Collection Set: 0.0ms
[144.604s][info][gc,phases      ] GC(1064)   Evacuate Collection Set: 2.7ms
[144.604s][info][gc,phases      ] GC(1064)   Post Evacuate Collection Set: 0.3ms
[144.604s][info][gc,phases      ] GC(1064)   Other: 0.3ms
[144.604s][info][gc,heap        ] GC(1064) Eden regions: 231->0(231)
[144.604s][info][gc,heap        ] GC(1064) Survivor regions: 1->1(29)
[144.604s][info][gc,heap        ] GC(1064) Old regions: 54->54
[144.604s][info][gc,heap        ] GC(1064) Humongous regions: 6->6
[144.604s][info][gc,metaspace   ] GC(1064) Metaspace: 72298K->72298K(1114112K)
[144.604s][info][gc             ] GC(1064) Pause Young (Normal) (G1 Evacuation Pause) 290M->59M(387M) 3.350ms
[144.604s][info][gc,cpu         ] GC(1064) User=0.00s Sys=0.00s Real=0.00s
[144.736s][info][gc,start       ] GC(1065) Pause Young (Normal) (G1 Evacuation Pause)
[144.736s][info][gc,task        ] GC(1065) Using 1 workers of 1 for evacuation
[144.742s][info][gc,phases      ] GC(1065)   Pre Evacuate Collection Set: 0.0ms
[144.742s][info][gc,phases      ] GC(1065)   Evacuate Collection Set: 5.5ms
[144.742s][info][gc,phases      ] GC(1065)   Post Evacuate Collection Set: 0.5ms
[144.743s][info][gc,phases      ] GC(1065)   Other: 0.5ms
[144.743s][info][gc,heap        ] GC(1065) Eden regions: 231->0(231)
[144.743s][info][gc,heap        ] GC(1065) Survivor regions: 1->1(29)
[144.743s][info][gc,heap        ] GC(1065) Old regions: 54->54
[144.743s][info][gc,heap        ] GC(1065) Humongous regions: 6->6
[144.743s][info][gc,metaspace   ] GC(1065) Metaspace: 72298K->72298K(1114112K)
[144.743s][info][gc             ] GC(1065) Pause Young (Normal) (G1 Evacuation Pause) 290M->59M(387M) 6.645ms
[144.743s][info][gc,cpu         ] GC(1065) User=0.01s Sys=0.00s Real=0.01s
[144.848s][info][gc,start       ] GC(1066) Pause Young (Normal) (G1 Evacuation Pause)
[144.848s][info][gc,task        ] GC(1066) Using 1 workers of 1 for evacuation
[144.852s][info][gc,phases      ] GC(1066)   Pre Evacuate Collection Set: 0.0ms
[144.852s][info][gc,phases      ] GC(1066)   Evacuate Collection Set: 3.7ms
[144.852s][info][gc,phases      ] GC(1066)   Post Evacuate Collection Set: 0.3ms
[144.852s][info][gc,phases      ] GC(1066)   Other: 0.3ms
[144.852s][info][gc,heap        ] GC(1066) Eden regions: 231->0(231)
[144.852s][info][gc,heap        ] GC(1066) Survivor regions: 1->1(29)
[144.852s][info][gc,heap        ] GC(1066) Old regions: 54->54
[144.852s][info][gc,heap        ] GC(1066) Humongous regions: 6->6
[144.852s][info][gc,metaspace   ] GC(1066) Metaspace: 72298K->72298K(1114112K)
[144.852s][info][gc             ] GC(1066) Pause Young (Normal) (G1 Evacuation Pause) 290M->59M(387M) 4.362ms
[144.852s][info][gc,cpu         ] GC(1066) User=0.01s Sys=0.00s Real=0.01s
[144.958s][info][gc,start       ] GC(1067) Pause Young (Normal) (G1 Evacuation Pause)
[144.958s][info][gc,task        ] GC(1067) Using 1 workers of 1 for evacuation
[144.961s][info][gc,phases      ] GC(1067)   Pre Evacuate Collection Set: 0.0ms
[144.961s][info][gc,phases      ] GC(1067)   Evacuate Collection Set: 2.6ms
[144.961s][info][gc,phases      ] GC(1067)   Post Evacuate Collection Set: 0.4ms
[144.961s][info][gc,phases      ] GC(1067)   Other: 0.3ms
[144.961s][info][gc,heap        ] GC(1067) Eden regions: 231->0(231)
[144.961s][info][gc,heap        ] GC(1067) Survivor regions: 1->1(29)
[144.961s][info][gc,heap        ] GC(1067) Old regions: 54->54
[144.961s][info][gc,heap        ] GC(1067) Humongous regions: 6->6
[144.961s][info][gc,metaspace   ] GC(1067) Metaspace: 72298K->72298K(1114112K)
[144.961s][info][gc             ] GC(1067) Pause Young (Normal) (G1 Evacuation Pause) 290M->59M(387M) 3.311ms
[144.961s][info][gc,cpu         ] GC(1067) User=0.01s Sys=0.00s Real=0.00s
[145.067s][info][gc,start       ] GC(1068) Pause Young (Normal) (G1 Evacuation Pause)
[145.067s][info][gc,task        ] GC(1068) Using 1 workers of 1 for evacuation
[145.070s][info][gc,phases      ] GC(1068)   Pre Evacuate Collection Set: 0.0ms
[145.070s][info][gc,phases      ] GC(1068)   Evacuate Collection Set: 2.5ms
[145.070s][info][gc,phases      ] GC(1068)   Post Evacuate Collection Set: 0.3ms
[145.070s][info][gc,phases      ] GC(1068)   Other: 0.3ms
[145.070s][info][gc,heap        ] GC(1068) Eden regions: 231->0(231)
[145.070s][info][gc,heap        ] GC(1068) Survivor regions: 1->1(29)
[145.070s][info][gc,heap        ] GC(1068) Old regions: 54->54
[145.070s][info][gc,heap        ] GC(1068) Humongous regions: 6->6
[145.070s][info][gc,metaspace   ] GC(1068) Metaspace: 72298K->72298K(1114112K)
[145.070s][info][gc             ] GC(1068) Pause Young (Normal) (G1 Evacuation Pause) 290M->59M(387M) 3.215ms
[145.070s][info][gc,cpu         ] GC(1068) User=0.01s Sys=0.00s Real=0.01s
[145.177s][info][gc,start       ] GC(1069) Pause Young (Normal) (G1 Evacuation Pause)
[145.177s][info][gc,task        ] GC(1069) Using 1 workers of 1 for evacuation
[145.180s][info][gc,phases      ] GC(1069)   Pre Evacuate Collection Set: 0.0ms
[145.180s][info][gc,phases      ] GC(1069)   Evacuate Collection Set: 2.5ms
[145.180s][info][gc,phases      ] GC(1069)   Post Evacuate Collection Set: 0.3ms
[145.180s][info][gc,phases      ] GC(1069)   Other: 0.4ms
[145.180s][info][gc,heap        ] GC(1069) Eden regions: 231->0(231)
[145.180s][info][gc,heap        ] GC(1069) Survivor regions: 1->1(29)
[145.180s][info][gc,heap        ] GC(1069) Old regions: 54->54
[145.180s][info][gc,heap        ] GC(1069) Humongous regions: 6->6
[145.180s][info][gc,metaspace   ] GC(1069) Metaspace: 72298K->72298K(1114112K)
[145.180s][info][gc             ] GC(1069) Pause Young (Normal) (G1 Evacuation Pause) 290M->59M(387M) 3.290ms
[145.180s][info][gc,cpu         ] GC(1069) User=0.01s Sys=0.00s Real=0.01s
[145.288s][info][gc,start       ] GC(1070) Pause Young (Normal) (G1 Evacuation Pause)
[145.288s][info][gc,task        ] GC(1070) Using 1 workers of 1 for evacuation
[145.291s][info][gc,phases      ] GC(1070)   Pre Evacuate Collection Set: 0.0ms
[145.291s][info][gc,phases      ] GC(1070)   Evacuate Collection Set: 2.5ms
[145.291s][info][gc,phases      ] GC(1070)   Post Evacuate Collection Set: 0.3ms
[145.291s][info][gc,phases      ] GC(1070)   Other: 0.3ms
[145.291s][info][gc,heap        ] GC(1070) Eden regions: 231->0(231)
[145.291s][info][gc,heap        ] GC(1070) Survivor regions: 1->1(29)
[145.291s][info][gc,heap        ] GC(1070) Old regions: 54->54
[145.291s][info][gc,heap        ] GC(1070) Humongous regions: 6->6
[145.291s][info][gc,metaspace   ] GC(1070) Metaspace: 72298K->72298K(1114112K)
[145.291s][info][gc             ] GC(1070) Pause Young (Normal) (G1 Evacuation Pause) 290M->59M(387M) 3.177ms
[145.291s][info][gc,cpu         ] GC(1070) User=0.01s Sys=0.00s Real=0.01s
[145.397s][info][gc,start       ] GC(1071) Pause Young (Normal) (G1 Evacuation Pause)
[145.397s][info][gc,task        ] GC(1071) Using 1 workers of 1 for evacuation
[145.400s][info][gc,phases      ] GC(1071)   Pre Evacuate Collection Set: 0.0ms
[145.400s][info][gc,phases      ] GC(1071)   Evacuate Collection Set: 2.5ms
[145.400s][info][gc,phases      ] GC(1071)   Post Evacuate Collection Set: 0.3ms
[145.400s][info][gc,phases      ] GC(1071)   Other: 0.3ms
[145.400s][info][gc,heap        ] GC(1071) Eden regions: 231->0(231)
[145.400s][info][gc,heap        ] GC(1071) Survivor regions: 1->1(29)
[145.400s][info][gc,heap        ] GC(1071) Old regions: 54->54
[145.400s][info][gc,heap        ] GC(1071) Humongous regions: 6->6
[145.400s][info][gc,metaspace   ] GC(1071) Metaspace: 72298K->72298K(1114112K)
[145.400s][info][gc             ] GC(1071) Pause Young (Normal) (G1 Evacuation Pause) 290M->59M(387M) 3.234ms
[145.401s][info][gc,cpu         ] GC(1071) User=0.01s Sys=0.00s Real=0.01s
[145.559s][info][gc,start       ] GC(1072) Pause Young (Normal) (G1 Evacuation Pause)
[145.559s][info][gc,task        ] GC(1072) Using 1 workers of 1 for evacuation
[145.562s][info][gc,phases      ] GC(1072)   Pre Evacuate Collection Set: 0.0ms
[145.562s][info][gc,phases      ] GC(1072)   Evacuate Collection Set: 2.4ms
[145.562s][info][gc,phases      ] GC(1072)   Post Evacuate Collection Set: 0.4ms
[145.562s][info][gc,phases      ] GC(1072)   Other: 0.3ms
[145.562s][info][gc,heap        ] GC(1072) Eden regions: 231->0(231)
[145.562s][info][gc,heap        ] GC(1072) Survivor regions: 1->1(29)
[145.562s][info][gc,heap        ] GC(1072) Old regions: 54->54
[145.562s][info][gc,heap        ] GC(1072) Humongous regions: 11->6
[145.562s][info][gc,metaspace   ] GC(1072) Metaspace: 72299K->72299K(1114112K)
[145.562s][info][gc             ] GC(1072) Pause Young (Normal) (G1 Evacuation Pause) 295M->59M(387M) 3.115ms
[145.562s][info][gc,cpu         ] GC(1072) User=0.00s Sys=0.00s Real=0.00s
[145.670s][info][gc,start       ] GC(1073) Pause Young (Normal) (G1 Evacuation Pause)
[145.670s][info][gc,task        ] GC(1073) Using 1 workers of 1 for evacuation
[145.673s][info][gc,phases      ] GC(1073)   Pre Evacuate Collection Set: 0.0ms
[145.673s][info][gc,phases      ] GC(1073)   Evacuate Collection Set: 2.6ms
[145.673s][info][gc,phases      ] GC(1073)   Post Evacuate Collection Set: 0.3ms
[145.673s][info][gc,phases      ] GC(1073)   Other: 0.6ms
[145.673s][info][gc,heap        ] GC(1073) Eden regions: 231->0(231)
[145.673s][info][gc,heap        ] GC(1073) Survivor regions: 1->1(29)
[145.673s][info][gc,heap        ] GC(1073) Old regions: 54->54
[145.673s][info][gc,heap        ] GC(1073) Humongous regions: 6->6
[145.673s][info][gc,metaspace   ] GC(1073) Metaspace: 72299K->72299K(1114112K)
[145.674s][info][gc             ] GC(1073) Pause Young (Normal) (G1 Evacuation Pause) 290M->59M(387M) 3.679ms
[145.674s][info][gc,cpu         ] GC(1073) User=0.00s Sys=0.00s Real=0.00s
[145.787s][info][gc,start       ] GC(1074) Pause Young (Normal) (G1 Evacuation Pause)
[145.787s][info][gc,task        ] GC(1074) Using 1 workers of 1 for evacuation
[145.790s][info][gc,phases      ] GC(1074)   Pre Evacuate Collection Set: 0.0ms
[145.790s][info][gc,phases      ] GC(1074)   Evacuate Collection Set: 2.3ms
[145.790s][info][gc,phases      ] GC(1074)   Post Evacuate Collection Set: 0.3ms
[145.790s][info][gc,phases      ] GC(1074)   Other: 0.3ms
[145.790s][info][gc,heap        ] GC(1074) Eden regions: 231->0(231)
[145.790s][info][gc,heap        ] GC(1074) Survivor regions: 1->1(29)
[145.790s][info][gc,heap        ] GC(1074) Old regions: 54->54
[145.790s][info][gc,heap        ] GC(1074) Humongous regions: 6->6
[145.790s][info][gc,metaspace   ] GC(1074) Metaspace: 72299K->72299K(1114112K)
[145.790s][info][gc             ] GC(1074) Pause Young (Normal) (G1 Evacuation Pause) 290M->59M(387M) 3.082ms
[145.790s][info][gc,cpu         ] GC(1074) User=0.00s Sys=0.00s Real=0.01s
[145.896s][info][gc,start       ] GC(1075) Pause Young (Normal) (G1 Evacuation Pause)
[145.896s][info][gc,task        ] GC(1075) Using 1 workers of 1 for evacuation
[145.899s][info][gc,phases      ] GC(1075)   Pre Evacuate Collection Set: 0.0ms
[145.899s][info][gc,phases      ] GC(1075)   Evacuate Collection Set: 2.5ms
[145.899s][info][gc,phases      ] GC(1075)   Post Evacuate Collection Set: 0.3ms
[145.899s][info][gc,phases      ] GC(1075)   Other: 0.3ms
[145.899s][info][gc,heap        ] GC(1075) Eden regions: 231->0(231)
[145.899s][info][gc,heap        ] GC(1075) Survivor regions: 1->1(29)
[145.899s][info][gc,heap        ] GC(1075) Old regions: 54->54
[145.899s][info][gc,heap        ] GC(1075) Humongous regions: 6->6
[145.899s][info][gc,metaspace   ] GC(1075) Metaspace: 72299K->72299K(1114112K)
[145.899s][info][gc             ] GC(1075) Pause Young (Normal) (G1 Evacuation Pause) 290M->59M(387M) 3.130ms
[145.899s][info][gc,cpu         ] GC(1075) User=0.00s Sys=0.00s Real=0.01s
[146.005s][info][gc,start       ] GC(1076) Pause Young (Normal) (G1 Evacuation Pause)
[146.005s][info][gc,task        ] GC(1076) Using 1 workers of 1 for evacuation
[146.008s][info][gc,phases      ] GC(1076)   Pre Evacuate Collection Set: 0.0ms
[146.008s][info][gc,phases      ] GC(1076)   Evacuate Collection Set: 2.6ms
[146.008s][info][gc,phases      ] GC(1076)   Post Evacuate Collection Set: 0.3ms
[146.008s][info][gc,phases      ] GC(1076)   Other: 0.3ms
[146.008s][info][gc,heap        ] GC(1076) Eden regions: 231->0(231)
[146.008s][info][gc,heap        ] GC(1076) Survivor regions: 1->1(29)
[146.008s][info][gc,heap        ] GC(1076) Old regions: 54->54
[146.008s][info][gc,heap        ] GC(1076) Humongous regions: 6->6
[146.008s][info][gc,metaspace   ] GC(1076) Metaspace: 72299K->72299K(1114112K)
[146.008s][info][gc             ] GC(1076) Pause Young (Normal) (G1 Evacuation Pause) 290M->59M(387M) 3.339ms
[146.009s][info][gc,cpu         ] GC(1076) User=0.01s Sys=0.00s Real=0.00s
[146.114s][info][gc,start       ] GC(1077) Pause Young (Normal) (G1 Evacuation Pause)
[146.115s][info][gc,task        ] GC(1077) Using 1 workers of 1 for evacuation
[146.118s][info][gc,phases      ] GC(1077)   Pre Evacuate Collection Set: 0.0ms
[146.118s][info][gc,phases      ] GC(1077)   Evacuate Collection Set: 2.4ms
[146.118s][info][gc,phases      ] GC(1077)   Post Evacuate Collection Set: 0.4ms
[146.118s][info][gc,phases      ] GC(1077)   Other: 0.3ms
[146.118s][info][gc,heap        ] GC(1077) Eden regions: 231->0(231)
[146.118s][info][gc,heap        ] GC(1077) Survivor regions: 1->1(29)
[146.118s][info][gc,heap        ] GC(1077) Old regions: 54->55
[146.118s][info][gc,heap        ] GC(1077) Humongous regions: 6->6
[146.118s][info][gc,metaspace   ] GC(1077) Metaspace: 72299K->72299K(1114112K)
[146.118s][info][gc             ] GC(1077) Pause Young (Normal) (G1 Evacuation Pause) 290M->59M(387M) 3.187ms
[146.118s][info][gc,cpu         ] GC(1077) User=0.01s Sys=0.00s Real=0.00s
[146.224s][info][gc,start       ] GC(1078) Pause Young (Normal) (G1 Evacuation Pause)
[146.224s][info][gc,task        ] GC(1078) Using 1 workers of 1 for evacuation
[146.227s][info][gc,phases      ] GC(1078)   Pre Evacuate Collection Set: 0.0ms
[146.227s][info][gc,phases      ] GC(1078)   Evacuate Collection Set: 2.4ms
[146.227s][info][gc,phases      ] GC(1078)   Post Evacuate Collection Set: 0.3ms
[146.227s][info][gc,phases      ] GC(1078)   Other: 0.3ms
[146.227s][info][gc,heap        ] GC(1078) Eden regions: 231->0(231)
[146.227s][info][gc,heap        ] GC(1078) Survivor regions: 1->1(29)
[146.227s][info][gc,heap        ] GC(1078) Old regions: 55->55
[146.227s][info][gc,heap        ] GC(1078) Humongous regions: 6->6
[146.227s][info][gc,metaspace   ] GC(1078) Metaspace: 72299K->72299K(1114112K)
[146.227s][info][gc             ] GC(1078) Pause Young (Normal) (G1 Evacuation Pause) 290M->59M(387M) 3.066ms
[146.227s][info][gc,cpu         ] GC(1078) User=0.01s Sys=0.00s Real=0.00s
[146.345s][info][gc,start       ] GC(1079) Pause Young (Normal) (G1 Evacuation Pause)
[146.345s][info][gc,task        ] GC(1079) Using 1 workers of 1 for evacuation
[146.348s][info][gc,phases      ] GC(1079)   Pre Evacuate Collection Set: 0.0ms
[146.348s][info][gc,phases      ] GC(1079)   Evacuate Collection Set: 2.6ms
[146.348s][info][gc,phases      ] GC(1079)   Post Evacuate Collection Set: 0.3ms
[146.348s][info][gc,phases      ] GC(1079)   Other: 0.3ms
[146.348s][info][gc,heap        ] GC(1079) Eden regions: 231->0(231)
[146.348s][info][gc,heap        ] GC(1079) Survivor regions: 1->1(29)
[146.348s][info][gc,heap        ] GC(1079) Old regions: 55->55
[146.348s][info][gc,heap        ] GC(1079) Humongous regions: 6->6
[146.348s][info][gc,metaspace   ] GC(1079) Metaspace: 72299K->72299K(1114112K)
[146.348s][info][gc             ] GC(1079) Pause Young (Normal) (G1 Evacuation Pause) 290M->59M(387M) 3.282ms
[146.348s][info][gc,cpu         ] GC(1079) User=0.01s Sys=0.00s Real=0.00s
[146.461s][info][gc,start       ] GC(1080) Pause Young (Normal) (G1 Evacuation Pause)
[146.461s][info][gc,task        ] GC(1080) Using 1 workers of 1 for evacuation
[146.464s][info][gc,phases      ] GC(1080)   Pre Evacuate Collection Set: 0.0ms
[146.464s][info][gc,phases      ] GC(1080)   Evacuate Collection Set: 2.5ms
[146.464s][info][gc,phases      ] GC(1080)   Post Evacuate Collection Set: 0.3ms
[146.464s][info][gc,phases      ] GC(1080)   Other: 0.3ms
[146.464s][info][gc,heap        ] GC(1080) Eden regions: 231->0(231)
[146.464s][info][gc,heap        ] GC(1080) Survivor regions: 1->1(29)
[146.464s][info][gc,heap        ] GC(1080) Old regions: 55->55
[146.464s][info][gc,heap        ] GC(1080) Humongous regions: 6->6
[146.464s][info][gc,metaspace   ] GC(1080) Metaspace: 72299K->72299K(1114112K)
[146.464s][info][gc             ] GC(1080) Pause Young (Normal) (G1 Evacuation Pause) 290M->59M(387M) 3.130ms
[146.464s][info][gc,cpu         ] GC(1080) User=0.00s Sys=0.00s Real=0.00s
[146.593s][info][gc,start       ] GC(1081) Pause Young (Normal) (G1 Evacuation Pause)
[146.594s][info][gc,task        ] GC(1081) Using 1 workers of 1 for evacuation
[146.597s][info][gc,phases      ] GC(1081)   Pre Evacuate Collection Set: 0.0ms
[146.597s][info][gc,phases      ] GC(1081)   Evacuate Collection Set: 2.7ms
[146.597s][info][gc,phases      ] GC(1081)   Post Evacuate Collection Set: 0.4ms
[146.597s][info][gc,phases      ] GC(1081)   Other: 0.3ms
[146.597s][info][gc,heap        ] GC(1081) Eden regions: 231->0(231)
[146.597s][info][gc,heap        ] GC(1081) Survivor regions: 1->1(29)
[146.597s][info][gc,heap        ] GC(1081) Old regions: 55->55
[146.597s][info][gc,heap        ] GC(1081) Humongous regions: 11->6
[146.597s][info][gc,metaspace   ] GC(1081) Metaspace: 72302K->72302K(1114112K)
[146.597s][info][gc             ] GC(1081) Pause Young (Normal) (G1 Evacuation Pause) 295M->59M(387M) 3.413ms
[146.597s][info][gc,cpu         ] GC(1081) User=0.00s Sys=0.00s Real=0.00s
[146.703s][info][gc,start       ] GC(1082) Pause Young (Normal) (G1 Evacuation Pause)
[146.703s][info][gc,task        ] GC(1082) Using 1 workers of 1 for evacuation
[146.707s][info][gc,phases      ] GC(1082)   Pre Evacuate Collection Set: 0.0ms
[146.707s][info][gc,phases      ] GC(1082)   Evacuate Collection Set: 2.6ms
[146.707s][info][gc,phases      ] GC(1082)   Post Evacuate Collection Set: 0.4ms
[146.707s][info][gc,phases      ] GC(1082)   Other: 0.3ms
[146.707s][info][gc,heap        ] GC(1082) Eden regions: 231->0(231)
[146.707s][info][gc,heap        ] GC(1082) Survivor regions: 1->1(29)
[146.707s][info][gc,heap        ] GC(1082) Old regions: 55->55
[146.707s][info][gc,heap        ] GC(1082) Humongous regions: 6->6
[146.707s][info][gc,metaspace   ] GC(1082) Metaspace: 72302K->72302K(1114112K)
[146.707s][info][gc             ] GC(1082) Pause Young (Normal) (G1 Evacuation Pause) 290M->59M(387M) 3.365ms
[146.707s][info][gc,cpu         ] GC(1082) User=0.00s Sys=0.00s Real=0.00s
[146.818s][info][gc,start       ] GC(1083) Pause Young (Normal) (G1 Evacuation Pause)
[146.818s][info][gc,task        ] GC(1083) Using 1 workers of 1 for evacuation
[146.822s][info][gc,phases      ] GC(1083)   Pre Evacuate Collection Set: 0.0ms
[146.822s][info][gc,phases      ] GC(1083)   Evacuate Collection Set: 2.7ms
[146.822s][info][gc,phases      ] GC(1083)   Post Evacuate Collection Set: 0.3ms
[146.822s][info][gc,phases      ] GC(1083)   Other: 0.4ms
[146.822s][info][gc,heap        ] GC(1083) Eden regions: 231->0(231)
[146.822s][info][gc,heap        ] GC(1083) Survivor regions: 1->1(29)
[146.822s][info][gc,heap        ] GC(1083) Old regions: 55->55
[146.822s][info][gc,heap        ] GC(1083) Humongous regions: 6->6
[146.822s][info][gc,metaspace   ] GC(1083) Metaspace: 72302K->72302K(1114112K)
[146.822s][info][gc             ] GC(1083) Pause Young (Normal) (G1 Evacuation Pause) 290M->59M(387M) 3.613ms
[146.822s][info][gc,cpu         ] GC(1083) User=0.00s Sys=0.00s Real=0.00s
[146.928s][info][gc,start       ] GC(1084) Pause Young (Normal) (G1 Evacuation Pause)
[146.928s][info][gc,task        ] GC(1084) Using 1 workers of 1 for evacuation
[146.933s][info][gc,phases      ] GC(1084)   Pre Evacuate Collection Set: 0.0ms
[146.933s][info][gc,phases      ] GC(1084)   Evacuate Collection Set: 3.9ms
[146.933s][info][gc,phases      ] GC(1084)   Post Evacuate Collection Set: 0.4ms
[146.933s][info][gc,phases      ] GC(1084)   Other: 0.3ms
[146.933s][info][gc,heap        ] GC(1084) Eden regions: 231->0(231)
[146.933s][info][gc,heap        ] GC(1084) Survivor regions: 1->1(29)
[146.933s][info][gc,heap        ] GC(1084) Old regions: 55->55
[146.933s][info][gc,heap        ] GC(1084) Humongous regions: 6->6
[146.933s][info][gc,metaspace   ] GC(1084) Metaspace: 72302K->72302K(1114112K)
[146.933s][info][gc             ] GC(1084) Pause Young (Normal) (G1 Evacuation Pause) 290M->59M(387M) 4.776ms
[146.933s][info][gc,cpu         ] GC(1084) User=0.00s Sys=0.00s Real=0.01s
[147.041s][info][gc,start       ] GC(1085) Pause Young (Normal) (G1 Evacuation Pause)
[147.041s][info][gc,task        ] GC(1085) Using 1 workers of 1 for evacuation
[147.044s][info][gc,phases      ] GC(1085)   Pre Evacuate Collection Set: 0.0ms
[147.044s][info][gc,phases      ] GC(1085)   Evacuate Collection Set: 2.6ms
[147.044s][info][gc,phases      ] GC(1085)   Post Evacuate Collection Set: 0.4ms
[147.044s][info][gc,phases      ] GC(1085)   Other: 0.3ms
[147.044s][info][gc,heap        ] GC(1085) Eden regions: 231->0(231)
[147.044s][info][gc,heap        ] GC(1085) Survivor regions: 1->1(29)
[147.044s][info][gc,heap        ] GC(1085) Old regions: 55->55
[147.044s][info][gc,heap        ] GC(1085) Humongous regions: 6->6
[147.044s][info][gc,metaspace   ] GC(1085) Metaspace: 72302K->72302K(1114112K)
[147.044s][info][gc             ] GC(1085) Pause Young (Normal) (G1 Evacuation Pause) 290M->59M(387M) 3.294ms
[147.044s][info][gc,cpu         ] GC(1085) User=0.00s Sys=0.00s Real=0.00s
[147.149s][info][gc,start       ] GC(1086) Pause Young (Normal) (G1 Evacuation Pause)
[147.149s][info][gc,task        ] GC(1086) Using 1 workers of 1 for evacuation
[147.152s][info][gc,phases      ] GC(1086)   Pre Evacuate Collection Set: 0.0ms
[147.152s][info][gc,phases      ] GC(1086)   Evacuate Collection Set: 2.6ms
[147.152s][info][gc,phases      ] GC(1086)   Post Evacuate Collection Set: 0.4ms
[147.152s][info][gc,phases      ] GC(1086)   Other: 0.3ms
[147.152s][info][gc,heap        ] GC(1086) Eden regions: 231->0(231)
[147.152s][info][gc,heap        ] GC(1086) Survivor regions: 1->1(29)
[147.152s][info][gc,heap        ] GC(1086) Old regions: 55->55
[147.152s][info][gc,heap        ] GC(1086) Humongous regions: 6->6
[147.152s][info][gc,metaspace   ] GC(1086) Metaspace: 72302K->72302K(1114112K)
[147.152s][info][gc             ] GC(1086) Pause Young (Normal) (G1 Evacuation Pause) 290M->59M(387M) 3.325ms
[147.152s][info][gc,cpu         ] GC(1086) User=0.00s Sys=0.00s Real=0.01s
[147.257s][info][gc,start       ] GC(1087) Pause Young (Normal) (G1 Evacuation Pause)
[147.257s][info][gc,task        ] GC(1087) Using 1 workers of 1 for evacuation
[147.261s][info][gc,phases      ] GC(1087)   Pre Evacuate Collection Set: 0.0ms
[147.261s][info][gc,phases      ] GC(1087)   Evacuate Collection Set: 2.6ms
[147.261s][info][gc,phases      ] GC(1087)   Post Evacuate Collection Set: 0.4ms
[147.261s][info][gc,phases      ] GC(1087)   Other: 0.3ms
[147.261s][info][gc,heap        ] GC(1087) Eden regions: 231->0(231)
[147.261s][info][gc,heap        ] GC(1087) Survivor regions: 1->1(29)
[147.261s][info][gc,heap        ] GC(1087) Old regions: 55->55
[147.261s][info][gc,heap        ] GC(1087) Humongous regions: 6->6
[147.261s][info][gc,metaspace   ] GC(1087) Metaspace: 72302K->72302K(1114112K)
[147.261s][info][gc             ] GC(1087) Pause Young (Normal) (G1 Evacuation Pause) 290M->59M(387M) 3.356ms
[147.261s][info][gc,cpu         ] GC(1087) User=0.00s Sys=0.00s Real=0.01s
[147.365s][info][gc,start       ] GC(1088) Pause Young (Normal) (G1 Evacuation Pause)
[147.366s][info][gc,task        ] GC(1088) Using 1 workers of 1 for evacuation
[147.369s][info][gc,phases      ] GC(1088)   Pre Evacuate Collection Set: 0.0ms
[147.369s][info][gc,phases      ] GC(1088)   Evacuate Collection Set: 2.5ms
[147.369s][info][gc,phases      ] GC(1088)   Post Evacuate Collection Set: 0.3ms
[147.369s][info][gc,phases      ] GC(1088)   Other: 0.3ms
[147.369s][info][gc,heap        ] GC(1088) Eden regions: 231->0(231)
[147.369s][info][gc,heap        ] GC(1088) Survivor regions: 1->1(29)
[147.369s][info][gc,heap        ] GC(1088) Old regions: 55->55
[147.369s][info][gc,heap        ] GC(1088) Humongous regions: 6->6
[147.369s][info][gc,metaspace   ] GC(1088) Metaspace: 72302K->72302K(1114112K)
[147.369s][info][gc             ] GC(1088) Pause Young (Normal) (G1 Evacuation Pause) 290M->59M(387M) 3.184ms
[147.369s][info][gc,cpu         ] GC(1088) User=0.01s Sys=0.00s Real=0.00s
[147.481s][info][gc,start       ] GC(1089) Pause Young (Normal) (G1 Evacuation Pause)
[147.481s][info][gc,task        ] GC(1089) Using 1 workers of 1 for evacuation
[147.484s][info][gc,phases      ] GC(1089)   Pre Evacuate Collection Set: 0.0ms
[147.484s][info][gc,phases      ] GC(1089)   Evacuate Collection Set: 2.5ms
[147.484s][info][gc,phases      ] GC(1089)   Post Evacuate Collection Set: 0.3ms
[147.484s][info][gc,phases      ] GC(1089)   Other: 0.3ms
[147.484s][info][gc,heap        ] GC(1089) Eden regions: 231->0(231)
[147.484s][info][gc,heap        ] GC(1089) Survivor regions: 1->1(29)
[147.484s][info][gc,heap        ] GC(1089) Old regions: 55->55
[147.484s][info][gc,heap        ] GC(1089) Humongous regions: 6->6
[147.484s][info][gc,metaspace   ] GC(1089) Metaspace: 72302K->72302K(1114112K)
[147.484s][info][gc             ] GC(1089) Pause Young (Normal) (G1 Evacuation Pause) 290M->59M(387M) 3.152ms
[147.484s][info][gc,cpu         ] GC(1089) User=0.00s Sys=0.00s Real=0.00s
[147.589s][info][gc,start       ] GC(1090) Pause Young (Normal) (G1 Evacuation Pause)
[147.589s][info][gc,task        ] GC(1090) Using 1 workers of 1 for evacuation
[147.592s][info][gc,phases      ] GC(1090)   Pre Evacuate Collection Set: 0.0ms
[147.592s][info][gc,phases      ] GC(1090)   Evacuate Collection Set: 2.6ms
[147.592s][info][gc,phases      ] GC(1090)   Post Evacuate Collection Set: 0.3ms
[147.592s][info][gc,phases      ] GC(1090)   Other: 0.3ms
[147.592s][info][gc,heap        ] GC(1090) Eden regions: 231->0(231)
[147.592s][info][gc,heap        ] GC(1090) Survivor regions: 1->1(29)
[147.592s][info][gc,heap        ] GC(1090) Old regions: 55->55
[147.592s][info][gc,heap        ] GC(1090) Humongous regions: 6->6
[147.592s][info][gc,metaspace   ] GC(1090) Metaspace: 72302K->72302K(1114112K)
[147.592s][info][gc             ] GC(1090) Pause Young (Normal) (G1 Evacuation Pause) 290M->59M(387M) 3.265ms
[147.592s][info][gc,cpu         ] GC(1090) User=0.00s Sys=0.00s Real=0.01s
[147.724s][info][gc,start       ] GC(1091) Pause Young (Normal) (G1 Evacuation Pause)
[147.725s][info][gc,task        ] GC(1091) Using 1 workers of 1 for evacuation
[147.728s][info][gc,phases      ] GC(1091)   Pre Evacuate Collection Set: 0.0ms
[147.728s][info][gc,phases      ] GC(1091)   Evacuate Collection Set: 2.6ms
[147.728s][info][gc,phases      ] GC(1091)   Post Evacuate Collection Set: 0.3ms
[147.728s][info][gc,phases      ] GC(1091)   Other: 0.4ms
[147.728s][info][gc,heap        ] GC(1091) Eden regions: 231->0(231)
[147.728s][info][gc,heap        ] GC(1091) Survivor regions: 1->1(29)
[147.728s][info][gc,heap        ] GC(1091) Old regions: 55->55
[147.728s][info][gc,heap        ] GC(1091) Humongous regions: 11->6
[147.728s][info][gc,metaspace   ] GC(1091) Metaspace: 72305K->72305K(1114112K)
[147.728s][info][gc             ] GC(1091) Pause Young (Normal) (G1 Evacuation Pause) 295M->59M(387M) 3.409ms
[147.728s][info][gc,cpu         ] GC(1091) User=0.00s Sys=0.00s Real=0.00s
[147.843s][info][gc,start       ] GC(1092) Pause Young (Normal) (G1 Evacuation Pause)
[147.843s][info][gc,task        ] GC(1092) Using 1 workers of 1 for evacuation
[147.846s][info][gc,phases      ] GC(1092)   Pre Evacuate Collection Set: 0.0ms
[147.846s][info][gc,phases      ] GC(1092)   Evacuate Collection Set: 2.5ms
[147.846s][info][gc,phases      ] GC(1092)   Post Evacuate Collection Set: 0.4ms
[147.846s][info][gc,phases      ] GC(1092)   Other: 0.3ms
[147.846s][info][gc,heap        ] GC(1092) Eden regions: 231->0(231)
[147.846s][info][gc,heap        ] GC(1092) Survivor regions: 1->1(29)
[147.846s][info][gc,heap        ] GC(1092) Old regions: 55->55
[147.846s][info][gc,heap        ] GC(1092) Humongous regions: 6->6
[147.846s][info][gc,metaspace   ] GC(1092) Metaspace: 72305K->72305K(1114112K)
[147.846s][info][gc             ] GC(1092) Pause Young (Normal) (G1 Evacuation Pause) 290M->59M(387M) 3.209ms
[147.846s][info][gc,cpu         ] GC(1092) User=0.00s Sys=0.00s Real=0.00s
[147.952s][info][gc,start       ] GC(1093) Pause Young (Normal) (G1 Evacuation Pause)
[147.952s][info][gc,task        ] GC(1093) Using 1 workers of 1 for evacuation
[147.955s][info][gc,phases      ] GC(1093)   Pre Evacuate Collection Set: 0.0ms
[147.955s][info][gc,phases      ] GC(1093)   Evacuate Collection Set: 2.5ms
[147.955s][info][gc,phases      ] GC(1093)   Post Evacuate Collection Set: 0.3ms
[147.955s][info][gc,phases      ] GC(1093)   Other: 0.3ms
[147.955s][info][gc,heap        ] GC(1093) Eden regions: 231->0(231)
[147.955s][info][gc,heap        ] GC(1093) Survivor regions: 1->1(29)
[147.955s][info][gc,heap        ] GC(1093) Old regions: 55->55
[147.955s][info][gc,heap        ] GC(1093) Humongous regions: 6->6
[147.955s][info][gc,metaspace   ] GC(1093) Metaspace: 72305K->72305K(1114112K)
[147.955s][info][gc             ] GC(1093) Pause Young (Normal) (G1 Evacuation Pause) 290M->59M(387M) 3.216ms
[147.955s][info][gc,cpu         ] GC(1093) User=0.00s Sys=0.00s Real=0.00s
[148.062s][info][gc,start       ] GC(1094) Pause Young (Normal) (G1 Evacuation Pause)
[148.062s][info][gc,task        ] GC(1094) Using 1 workers of 1 for evacuation
[148.065s][info][gc,phases      ] GC(1094)   Pre Evacuate Collection Set: 0.0ms
[148.065s][info][gc,phases      ] GC(1094)   Evacuate Collection Set: 2.4ms
[148.065s][info][gc,phases      ] GC(1094)   Post Evacuate Collection Set: 0.3ms
[148.065s][info][gc,phases      ] GC(1094)   Other: 0.3ms
[148.065s][info][gc,heap        ] GC(1094) Eden regions: 231->0(231)
[148.065s][info][gc,heap        ] GC(1094) Survivor regions: 1->1(29)
[148.065s][info][gc,heap        ] GC(1094) Old regions: 55->55
[148.065s][info][gc,heap        ] GC(1094) Humongous regions: 6->6
[148.065s][info][gc,metaspace   ] GC(1094) Metaspace: 72305K->72305K(1114112K)
[148.065s][info][gc             ] GC(1094) Pause Young (Normal) (G1 Evacuation Pause) 290M->59M(387M) 3.085ms
[148.065s][info][gc,cpu         ] GC(1094) User=0.00s Sys=0.00s Real=0.00s
[148.170s][info][gc,start       ] GC(1095) Pause Young (Normal) (G1 Evacuation Pause)
[148.170s][info][gc,task        ] GC(1095) Using 1 workers of 1 for evacuation
[148.173s][info][gc,phases      ] GC(1095)   Pre Evacuate Collection Set: 0.0ms
[148.173s][info][gc,phases      ] GC(1095)   Evacuate Collection Set: 2.4ms
[148.173s][info][gc,phases      ] GC(1095)   Post Evacuate Collection Set: 0.3ms
[148.173s][info][gc,phases      ] GC(1095)   Other: 0.3ms
[148.173s][info][gc,heap        ] GC(1095) Eden regions: 231->0(231)
[148.173s][info][gc,heap        ] GC(1095) Survivor regions: 1->1(29)
[148.173s][info][gc,heap        ] GC(1095) Old regions: 55->55
[148.173s][info][gc,heap        ] GC(1095) Humongous regions: 6->6
[148.173s][info][gc,metaspace   ] GC(1095) Metaspace: 72305K->72305K(1114112K)
[148.173s][info][gc             ] GC(1095) Pause Young (Normal) (G1 Evacuation Pause) 290M->59M(387M) 3.143ms
[148.173s][info][gc,cpu         ] GC(1095) User=0.00s Sys=0.00s Real=0.00s
[148.280s][info][gc,start       ] GC(1096) Pause Young (Normal) (G1 Evacuation Pause)
[148.280s][info][gc,task        ] GC(1096) Using 1 workers of 1 for evacuation
[148.286s][info][gc,phases      ] GC(1096)   Pre Evacuate Collection Set: 0.0ms
[148.286s][info][gc,phases      ] GC(1096)   Evacuate Collection Set: 4.2ms
[148.286s][info][gc,phases      ] GC(1096)   Post Evacuate Collection Set: 1.2ms
[148.286s][info][gc,phases      ] GC(1096)   Other: 0.3ms
[148.286s][info][gc,heap        ] GC(1096) Eden regions: 231->0(231)
[148.286s][info][gc,heap        ] GC(1096) Survivor regions: 1->1(29)
[148.286s][info][gc,heap        ] GC(1096) Old regions: 55->55
[148.286s][info][gc,heap        ] GC(1096) Humongous regions: 6->6
[148.286s][info][gc,metaspace   ] GC(1096) Metaspace: 72305K->72305K(1114112K)
[148.286s][info][gc             ] GC(1096) Pause Young (Normal) (G1 Evacuation Pause) 290M->59M(387M) 5.789ms
[148.286s][info][gc,cpu         ] GC(1096) User=0.00s Sys=0.00s Real=0.00s
[148.401s][info][gc,start       ] GC(1097) Pause Young (Normal) (G1 Evacuation Pause)
[148.401s][info][gc,task        ] GC(1097) Using 1 workers of 1 for evacuation
[148.404s][info][gc,phases      ] GC(1097)   Pre Evacuate Collection Set: 0.0ms
[148.404s][info][gc,phases      ] GC(1097)   Evacuate Collection Set: 2.5ms
[148.404s][info][gc,phases      ] GC(1097)   Post Evacuate Collection Set: 0.4ms
[148.404s][info][gc,phases      ] GC(1097)   Other: 0.3ms
[148.404s][info][gc,heap        ] GC(1097) Eden regions: 231->0(231)
[148.404s][info][gc,heap        ] GC(1097) Survivor regions: 1->1(29)
[148.404s][info][gc,heap        ] GC(1097) Old regions: 55->55
[148.404s][info][gc,heap        ] GC(1097) Humongous regions: 6->6
[148.404s][info][gc,metaspace   ] GC(1097) Metaspace: 72305K->72305K(1114112K)
[148.404s][info][gc             ] GC(1097) Pause Young (Normal) (G1 Evacuation Pause) 290M->59M(387M) 3.239ms
[148.404s][info][gc,cpu         ] GC(1097) User=0.00s Sys=0.00s Real=0.00s
[148.515s][info][gc,start       ] GC(1098) Pause Young (Normal) (G1 Evacuation Pause)
[148.515s][info][gc,task        ] GC(1098) Using 1 workers of 1 for evacuation
[148.518s][info][gc,phases      ] GC(1098)   Pre Evacuate Collection Set: 0.0ms
[148.518s][info][gc,phases      ] GC(1098)   Evacuate Collection Set: 2.6ms
[148.518s][info][gc,phases      ] GC(1098)   Post Evacuate Collection Set: 0.4ms
[148.518s][info][gc,phases      ] GC(1098)   Other: 0.4ms
[148.518s][info][gc,heap        ] GC(1098) Eden regions: 231->0(231)
[148.518s][info][gc,heap        ] GC(1098) Survivor regions: 1->1(29)
[148.518s][info][gc,heap        ] GC(1098) Old regions: 55->55
[148.518s][info][gc,heap        ] GC(1098) Humongous regions: 6->6
[148.518s][info][gc,metaspace   ] GC(1098) Metaspace: 72305K->72305K(1114112K)
[148.519s][info][gc             ] GC(1098) Pause Young (Normal) (G1 Evacuation Pause) 290M->59M(387M) 3.373ms
[148.519s][info][gc,cpu         ] GC(1098) User=0.00s Sys=0.00s Real=0.01s
[148.629s][info][gc,start       ] GC(1099) Pause Young (Normal) (G1 Evacuation Pause)
[148.629s][info][gc,task        ] GC(1099) Using 1 workers of 1 for evacuation
[148.633s][info][gc,phases      ] GC(1099)   Pre Evacuate Collection Set: 0.0ms
[148.633s][info][gc,phases      ] GC(1099)   Evacuate Collection Set: 3.7ms
[148.633s][info][gc,phases      ] GC(1099)   Post Evacuate Collection Set: 0.3ms
[148.633s][info][gc,phases      ] GC(1099)   Other: 0.3ms
[148.633s][info][gc,heap        ] GC(1099) Eden regions: 231->0(231)
[148.633s][info][gc,heap        ] GC(1099) Survivor regions: 1->1(29)
[148.633s][info][gc,heap        ] GC(1099) Old regions: 55->55
[148.633s][info][gc,heap        ] GC(1099) Humongous regions: 6->6
[148.633s][info][gc,metaspace   ] GC(1099) Metaspace: 72305K->72305K(1114112K)
[148.633s][info][gc             ] GC(1099) Pause Young (Normal) (G1 Evacuation Pause) 290M->59M(387M) 4.410ms
[148.634s][info][gc,cpu         ] GC(1099) User=0.01s Sys=0.00s Real=0.01s
[148.763s][info][gc,start       ] GC(1100) Pause Young (Normal) (G1 Evacuation Pause)
[148.763s][info][gc,task        ] GC(1100) Using 1 workers of 1 for evacuation
[148.766s][info][gc,phases      ] GC(1100)   Pre Evacuate Collection Set: 0.0ms
[148.767s][info][gc,phases      ] GC(1100)   Evacuate Collection Set: 2.8ms
[148.767s][info][gc,phases      ] GC(1100)   Post Evacuate Collection Set: 0.4ms
[148.767s][info][gc,phases      ] GC(1100)   Other: 0.3ms
[148.767s][info][gc,heap        ] GC(1100) Eden regions: 231->0(231)
[148.767s][info][gc,heap        ] GC(1100) Survivor regions: 1->1(29)
[148.767s][info][gc,heap        ] GC(1100) Old regions: 55->55
[148.767s][info][gc,heap        ] GC(1100) Humongous regions: 11->6
[148.767s][info][gc,metaspace   ] GC(1100) Metaspace: 72307K->72307K(1114112K)
[148.767s][info][gc             ] GC(1100) Pause Young (Normal) (G1 Evacuation Pause) 295M->59M(387M) 3.585ms
[148.767s][info][gc,cpu         ] GC(1100) User=0.00s Sys=0.00s Real=0.00s
[148.875s][info][gc,start       ] GC(1101) Pause Young (Normal) (G1 Evacuation Pause)
[148.875s][info][gc,task        ] GC(1101) Using 1 workers of 1 for evacuation
[148.878s][info][gc,phases      ] GC(1101)   Pre Evacuate Collection Set: 0.0ms
[148.878s][info][gc,phases      ] GC(1101)   Evacuate Collection Set: 2.8ms
[148.878s][info][gc,phases      ] GC(1101)   Post Evacuate Collection Set: 0.3ms
[148.878s][info][gc,phases      ] GC(1101)   Other: 0.3ms
[148.878s][info][gc,heap        ] GC(1101) Eden regions: 231->0(231)
[148.878s][info][gc,heap        ] GC(1101) Survivor regions: 1->1(29)
[148.878s][info][gc,heap        ] GC(1101) Old regions: 55->55
[148.878s][info][gc,heap        ] GC(1101) Humongous regions: 6->6
[148.878s][info][gc,metaspace   ] GC(1101) Metaspace: 72307K->72307K(1114112K)
[148.878s][info][gc             ] GC(1101) Pause Young (Normal) (G1 Evacuation Pause) 290M->59M(387M) 3.501ms
[148.879s][info][gc,cpu         ] GC(1101) User=0.00s Sys=0.00s Real=0.01s
[148.988s][info][gc,start       ] GC(1102) Pause Young (Normal) (G1 Evacuation Pause)
[148.988s][info][gc,task        ] GC(1102) Using 1 workers of 1 for evacuation
[148.991s][info][gc,phases      ] GC(1102)   Pre Evacuate Collection Set: 0.0ms
[148.991s][info][gc,phases      ] GC(1102)   Evacuate Collection Set: 2.7ms
[148.991s][info][gc,phases      ] GC(1102)   Post Evacuate Collection Set: 0.3ms
[148.991s][info][gc,phases      ] GC(1102)   Other: 0.3ms
[148.991s][info][gc,heap        ] GC(1102) Eden regions: 231->0(231)
[148.991s][info][gc,heap        ] GC(1102) Survivor regions: 1->1(29)
[148.991s][info][gc,heap        ] GC(1102) Old regions: 55->55
[148.991s][info][gc,heap        ] GC(1102) Humongous regions: 6->6
[148.991s][info][gc,metaspace   ] GC(1102) Metaspace: 72307K->72307K(1114112K)
[148.991s][info][gc             ] GC(1102) Pause Young (Normal) (G1 Evacuation Pause) 290M->59M(387M) 3.389ms
[148.991s][info][gc,cpu         ] GC(1102) User=0.01s Sys=0.00s Real=0.01s
[149.110s][info][gc,start       ] GC(1103) Pause Young (Normal) (G1 Evacuation Pause)
[149.110s][info][gc,task        ] GC(1103) Using 1 workers of 1 for evacuation
[149.113s][info][gc,phases      ] GC(1103)   Pre Evacuate Collection Set: 0.0ms
[149.114s][info][gc,phases      ] GC(1103)   Evacuate Collection Set: 2.6ms
[149.114s][info][gc,phases      ] GC(1103)   Post Evacuate Collection Set: 0.4ms
[149.114s][info][gc,phases      ] GC(1103)   Other: 0.3ms
[149.114s][info][gc,heap        ] GC(1103) Eden regions: 231->0(231)
[149.114s][info][gc,heap        ] GC(1103) Survivor regions: 1->1(29)
[149.114s][info][gc,heap        ] GC(1103) Old regions: 55->55
[149.114s][info][gc,heap        ] GC(1103) Humongous regions: 6->6
[149.114s][info][gc,metaspace   ] GC(1103) Metaspace: 72307K->72307K(1114112K)
[149.114s][info][gc             ] GC(1103) Pause Young (Normal) (G1 Evacuation Pause) 290M->59M(387M) 3.388ms
[149.114s][info][gc,cpu         ] GC(1103) User=0.00s Sys=0.00s Real=0.00s
[149.222s][info][gc,start       ] GC(1104) Pause Young (Normal) (G1 Evacuation Pause)
[149.222s][info][gc,task        ] GC(1104) Using 1 workers of 1 for evacuation
[149.226s][info][gc,phases      ] GC(1104)   Pre Evacuate Collection Set: 0.0ms
[149.226s][info][gc,phases      ] GC(1104)   Evacuate Collection Set: 2.7ms
[149.226s][info][gc,phases      ] GC(1104)   Post Evacuate Collection Set: 0.3ms
[149.226s][info][gc,phases      ] GC(1104)   Other: 0.4ms
[149.226s][info][gc,heap        ] GC(1104) Eden regions: 231->0(231)
[149.226s][info][gc,heap        ] GC(1104) Survivor regions: 1->1(29)
[149.226s][info][gc,heap        ] GC(1104) Old regions: 55->55
[149.226s][info][gc,heap        ] GC(1104) Humongous regions: 6->6
[149.226s][info][gc,metaspace   ] GC(1104) Metaspace: 72307K->72307K(1114112K)
[149.226s][info][gc             ] GC(1104) Pause Young (Normal) (G1 Evacuation Pause) 290M->59M(387M) 3.661ms
[149.226s][info][gc,cpu         ] GC(1104) User=0.00s Sys=0.01s Real=0.00s
[149.335s][info][gc,start       ] GC(1105) Pause Young (Normal) (G1 Evacuation Pause)
[149.335s][info][gc,task        ] GC(1105) Using 1 workers of 1 for evacuation
[149.338s][info][gc,phases      ] GC(1105)   Pre Evacuate Collection Set: 0.0ms
[149.338s][info][gc,phases      ] GC(1105)   Evacuate Collection Set: 2.6ms
[149.338s][info][gc,phases      ] GC(1105)   Post Evacuate Collection Set: 0.3ms
[149.338s][info][gc,phases      ] GC(1105)   Other: 0.3ms
[149.338s][info][gc,heap        ] GC(1105) Eden regions: 231->0(231)
[149.338s][info][gc,heap        ] GC(1105) Survivor regions: 1->1(29)
[149.338s][info][gc,heap        ] GC(1105) Old regions: 55->55
[149.338s][info][gc,heap        ] GC(1105) Humongous regions: 6->6
[149.338s][info][gc,metaspace   ] GC(1105) Metaspace: 72307K->72307K(1114112K)
[149.338s][info][gc             ] GC(1105) Pause Young (Normal) (G1 Evacuation Pause) 290M->59M(387M) 3.319ms
[149.338s][info][gc,cpu         ] GC(1105) User=0.00s Sys=0.00s Real=0.00s
[149.446s][info][gc,start       ] GC(1106) Pause Young (Normal) (G1 Evacuation Pause)
[149.446s][info][gc,task        ] GC(1106) Using 1 workers of 1 for evacuation
[149.450s][info][gc,phases      ] GC(1106)   Pre Evacuate Collection Set: 0.0ms
[149.450s][info][gc,phases      ] GC(1106)   Evacuate Collection Set: 2.6ms
[149.450s][info][gc,phases      ] GC(1106)   Post Evacuate Collection Set: 0.3ms
[149.450s][info][gc,phases      ] GC(1106)   Other: 0.3ms
[149.450s][info][gc,heap        ] GC(1106) Eden regions: 231->0(231)
[149.450s][info][gc,heap        ] GC(1106) Survivor regions: 1->1(29)
[149.450s][info][gc,heap        ] GC(1106) Old regions: 55->55
[149.450s][info][gc,heap        ] GC(1106) Humongous regions: 6->6
[149.450s][info][gc,metaspace   ] GC(1106) Metaspace: 72307K->72307K(1114112K)
[149.450s][info][gc             ] GC(1106) Pause Young (Normal) (G1 Evacuation Pause) 290M->59M(387M) 3.354ms
[149.450s][info][gc,cpu         ] GC(1106) User=0.00s Sys=0.00s Real=0.01s
[149.557s][info][gc,start       ] GC(1107) Pause Young (Normal) (G1 Evacuation Pause)
[149.557s][info][gc,task        ] GC(1107) Using 1 workers of 1 for evacuation
[149.560s][info][gc,phases      ] GC(1107)   Pre Evacuate Collection Set: 0.0ms
[149.560s][info][gc,phases      ] GC(1107)   Evacuate Collection Set: 2.5ms
[149.560s][info][gc,phases      ] GC(1107)   Post Evacuate Collection Set: 0.4ms
[149.560s][info][gc,phases      ] GC(1107)   Other: 0.3ms
[149.560s][info][gc,heap        ] GC(1107) Eden regions: 231->0(231)
[149.560s][info][gc,heap        ] GC(1107) Survivor regions: 1->1(29)
[149.560s][info][gc,heap        ] GC(1107) Old regions: 55->55
[149.560s][info][gc,heap        ] GC(1107) Humongous regions: 6->6
[149.560s][info][gc,metaspace   ] GC(1107) Metaspace: 72307K->72307K(1114112K)
[149.560s][info][gc             ] GC(1107) Pause Young (Normal) (G1 Evacuation Pause) 290M->59M(387M) 3.234ms
[149.560s][info][gc,cpu         ] GC(1107) User=0.00s Sys=0.00s Real=0.01s
[149.665s][info][gc,start       ] GC(1108) Pause Young (Normal) (G1 Evacuation Pause)
[149.666s][info][gc,task        ] GC(1108) Using 1 workers of 1 for evacuation
[149.669s][info][gc,phases      ] GC(1108)   Pre Evacuate Collection Set: 0.0ms
[149.669s][info][gc,phases      ] GC(1108)   Evacuate Collection Set: 2.4ms
[149.669s][info][gc,phases      ] GC(1108)   Post Evacuate Collection Set: 0.4ms
[149.669s][info][gc,phases      ] GC(1108)   Other: 0.3ms
[149.669s][info][gc,heap        ] GC(1108) Eden regions: 231->0(231)
[149.669s][info][gc,heap        ] GC(1108) Survivor regions: 1->1(29)
[149.669s][info][gc,heap        ] GC(1108) Old regions: 55->55
[149.669s][info][gc,heap        ] GC(1108) Humongous regions: 6->6
[149.669s][info][gc,metaspace   ] GC(1108) Metaspace: 72307K->72307K(1114112K)
[149.669s][info][gc             ] GC(1108) Pause Young (Normal) (G1 Evacuation Pause) 290M->59M(387M) 3.161ms
[149.669s][info][gc,cpu         ] GC(1108) User=0.00s Sys=0.00s Real=0.00s
[149.778s][info][gc,start       ] GC(1109) Pause Young (Normal) (G1 Evacuation Pause)
[149.778s][info][gc,task        ] GC(1109) Using 1 workers of 1 for evacuation
[149.782s][info][gc,phases      ] GC(1109)   Pre Evacuate Collection Set: 0.0ms
[149.782s][info][gc,phases      ] GC(1109)   Evacuate Collection Set: 2.5ms
[149.782s][info][gc,phases      ] GC(1109)   Post Evacuate Collection Set: 0.3ms
[149.782s][info][gc,phases      ] GC(1109)   Other: 0.3ms
[149.782s][info][gc,heap        ] GC(1109) Eden regions: 231->0(231)
[149.782s][info][gc,heap        ] GC(1109) Survivor regions: 1->1(29)
[149.782s][info][gc,heap        ] GC(1109) Old regions: 55->55
[149.782s][info][gc,heap        ] GC(1109) Humongous regions: 6->6
[149.782s][info][gc,metaspace   ] GC(1109) Metaspace: 72307K->72307K(1114112K)
[149.782s][info][gc             ] GC(1109) Pause Young (Normal) (G1 Evacuation Pause) 290M->59M(387M) 3.226ms
[149.782s][info][gc,cpu         ] GC(1109) User=0.01s Sys=0.00s Real=0.00s
[149.920s][info][gc,start       ] GC(1110) Pause Young (Normal) (G1 Evacuation Pause)
[149.920s][info][gc,task        ] GC(1110) Using 1 workers of 1 for evacuation
[149.923s][info][gc,phases      ] GC(1110)   Pre Evacuate Collection Set: 0.0ms
[149.923s][info][gc,phases      ] GC(1110)   Evacuate Collection Set: 2.5ms
[149.923s][info][gc,phases      ] GC(1110)   Post Evacuate Collection Set: 0.4ms
[149.923s][info][gc,phases      ] GC(1110)   Other: 0.3ms
[149.923s][info][gc,heap        ] GC(1110) Eden regions: 231->0(231)
[149.923s][info][gc,heap        ] GC(1110) Survivor regions: 1->1(29)
[149.923s][info][gc,heap        ] GC(1110) Old regions: 55->55
[149.923s][info][gc,heap        ] GC(1110) Humongous regions: 11->6
[149.923s][info][gc,metaspace   ] GC(1110) Metaspace: 72313K->72313K(1114112K)
[149.923s][info][gc             ] GC(1110) Pause Young (Normal) (G1 Evacuation Pause) 295M->59M(387M) 3.251ms
[149.923s][info][gc,cpu         ] GC(1110) User=0.00s Sys=0.00s Real=0.00s
[150.031s][info][gc,start       ] GC(1111) Pause Young (Normal) (G1 Evacuation Pause)
[150.031s][info][gc,task        ] GC(1111) Using 1 workers of 1 for evacuation
[150.034s][info][gc,phases      ] GC(1111)   Pre Evacuate Collection Set: 0.0ms
[150.034s][info][gc,phases      ] GC(1111)   Evacuate Collection Set: 2.6ms
[150.034s][info][gc,phases      ] GC(1111)   Post Evacuate Collection Set: 0.3ms
[150.034s][info][gc,phases      ] GC(1111)   Other: 0.5ms
[150.034s][info][gc,heap        ] GC(1111) Eden regions: 231->0(231)
[150.034s][info][gc,heap        ] GC(1111) Survivor regions: 1->1(29)
[150.034s][info][gc,heap        ] GC(1111) Old regions: 55->55
[150.034s][info][gc,heap        ] GC(1111) Humongous regions: 6->6
[150.034s][info][gc,metaspace   ] GC(1111) Metaspace: 72313K->72313K(1114112K)
[150.034s][info][gc             ] GC(1111) Pause Young (Normal) (G1 Evacuation Pause) 290M->59M(387M) 3.475ms
[150.034s][info][gc,cpu         ] GC(1111) User=0.00s Sys=0.00s Real=0.00s
[150.139s][info][gc,start       ] GC(1112) Pause Young (Normal) (G1 Evacuation Pause)
[150.139s][info][gc,task        ] GC(1112) Using 1 workers of 1 for evacuation
[150.142s][info][gc,phases      ] GC(1112)   Pre Evacuate Collection Set: 0.0ms
[150.142s][info][gc,phases      ] GC(1112)   Evacuate Collection Set: 2.6ms
[150.142s][info][gc,phases      ] GC(1112)   Post Evacuate Collection Set: 0.3ms
[150.142s][info][gc,phases      ] GC(1112)   Other: 0.3ms
[150.142s][info][gc,heap        ] GC(1112) Eden regions: 231->0(231)
[150.142s][info][gc,heap        ] GC(1112) Survivor regions: 1->1(29)
[150.142s][info][gc,heap        ] GC(1112) Old regions: 55->55
[150.142s][info][gc,heap        ] GC(1112) Humongous regions: 6->6
[150.142s][info][gc,metaspace   ] GC(1112) Metaspace: 72313K->72313K(1114112K)
[150.142s][info][gc             ] GC(1112) Pause Young (Normal) (G1 Evacuation Pause) 290M->59M(387M) 3.269ms
[150.142s][info][gc,cpu         ] GC(1112) User=0.00s Sys=0.00s Real=0.00s
[150.247s][info][gc,start       ] GC(1113) Pause Young (Normal) (G1 Evacuation Pause)
[150.247s][info][gc,task        ] GC(1113) Using 1 workers of 1 for evacuation
[150.250s][info][gc,phases      ] GC(1113)   Pre Evacuate Collection Set: 0.0ms
[150.250s][info][gc,phases      ] GC(1113)   Evacuate Collection Set: 2.6ms
[150.250s][info][gc,phases      ] GC(1113)   Post Evacuate Collection Set: 0.4ms
[150.250s][info][gc,phases      ] GC(1113)   Other: 0.3ms
[150.250s][info][gc,heap        ] GC(1113) Eden regions: 231->0(231)
[150.250s][info][gc,heap        ] GC(1113) Survivor regions: 1->1(29)
[150.250s][info][gc,heap        ] GC(1113) Old regions: 55->55
[150.250s][info][gc,heap        ] GC(1113) Humongous regions: 6->6
[150.250s][info][gc,metaspace   ] GC(1113) Metaspace: 72313K->72313K(1114112K)
[150.250s][info][gc             ] GC(1113) Pause Young (Normal) (G1 Evacuation Pause) 290M->59M(387M) 3.285ms
[150.250s][info][gc,cpu         ] GC(1113) User=0.00s Sys=0.00s Real=0.01s
[150.355s][info][gc,start       ] GC(1114) Pause Young (Normal) (G1 Evacuation Pause)
[150.355s][info][gc,task        ] GC(1114) Using 1 workers of 1 for evacuation
[150.358s][info][gc,phases      ] GC(1114)   Pre Evacuate Collection Set: 0.0ms
[150.358s][info][gc,phases      ] GC(1114)   Evacuate Collection Set: 2.5ms
[150.358s][info][gc,phases      ] GC(1114)   Post Evacuate Collection Set: 0.3ms
[150.358s][info][gc,phases      ] GC(1114)   Other: 0.3ms
[150.358s][info][gc,heap        ] GC(1114) Eden regions: 231->0(231)
[150.358s][info][gc,heap        ] GC(1114) Survivor regions: 1->1(29)
[150.358s][info][gc,heap        ] GC(1114) Old regions: 55->55
[150.358s][info][gc,heap        ] GC(1114) Humongous regions: 6->6
[150.358s][info][gc,metaspace   ] GC(1114) Metaspace: 72313K->72313K(1114112K)
[150.358s][info][gc             ] GC(1114) Pause Young (Normal) (G1 Evacuation Pause) 290M->59M(387M) 3.178ms
[150.358s][info][gc,cpu         ] GC(1114) User=0.01s Sys=0.00s Real=0.01s
[150.463s][info][gc,start       ] GC(1115) Pause Young (Normal) (G1 Evacuation Pause)
[150.463s][info][gc,task        ] GC(1115) Using 1 workers of 1 for evacuation
[150.466s][info][gc,phases      ] GC(1115)   Pre Evacuate Collection Set: 0.0ms
[150.467s][info][gc,phases      ] GC(1115)   Evacuate Collection Set: 2.6ms
[150.467s][info][gc,phases      ] GC(1115)   Post Evacuate Collection Set: 0.3ms
[150.467s][info][gc,phases      ] GC(1115)   Other: 0.3ms
[150.467s][info][gc,heap        ] GC(1115) Eden regions: 231->0(231)
[150.467s][info][gc,heap        ] GC(1115) Survivor regions: 1->1(29)
[150.467s][info][gc,heap        ] GC(1115) Old regions: 55->55
[150.467s][info][gc,heap        ] GC(1115) Humongous regions: 6->6
[150.467s][info][gc,metaspace   ] GC(1115) Metaspace: 72313K->72313K(1114112K)
[150.467s][info][gc             ] GC(1115) Pause Young (Normal) (G1 Evacuation Pause) 290M->59M(387M) 3.282ms
[150.467s][info][gc,cpu         ] GC(1115) User=0.01s Sys=0.00s Real=0.00s
[150.574s][info][gc,start       ] GC(1116) Pause Young (Normal) (G1 Evacuation Pause)
[150.574s][info][gc,task        ] GC(1116) Using 1 workers of 1 for evacuation
[150.577s][info][gc,phases      ] GC(1116)   Pre Evacuate Collection Set: 0.0ms
[150.577s][info][gc,phases      ] GC(1116)   Evacuate Collection Set: 2.4ms
[150.577s][info][gc,phases      ] GC(1116)   Post Evacuate Collection Set: 0.3ms
[150.577s][info][gc,phases      ] GC(1116)   Other: 0.3ms
[150.577s][info][gc,heap        ] GC(1116) Eden regions: 231->0(231)
[150.577s][info][gc,heap        ] GC(1116) Survivor regions: 1->1(29)
[150.577s][info][gc,heap        ] GC(1116) Old regions: 55->55
[150.577s][info][gc,heap        ] GC(1116) Humongous regions: 6->6
[150.577s][info][gc,metaspace   ] GC(1116) Metaspace: 72313K->72313K(1114112K)
[150.577s][info][gc             ] GC(1116) Pause Young (Normal) (G1 Evacuation Pause) 290M->59M(387M) 3.111ms
[150.577s][info][gc,cpu         ] GC(1116) User=0.01s Sys=0.00s Real=0.00s
[150.687s][info][gc,start       ] GC(1117) Pause Young (Normal) (G1 Evacuation Pause)
[150.687s][info][gc,task        ] GC(1117) Using 1 workers of 1 for evacuation
[150.690s][info][gc,phases      ] GC(1117)   Pre Evacuate Collection Set: 0.0ms
[150.690s][info][gc,phases      ] GC(1117)   Evacuate Collection Set: 2.8ms
[150.690s][info][gc,phases      ] GC(1117)   Post Evacuate Collection Set: 0.3ms
[150.690s][info][gc,phases      ] GC(1117)   Other: 0.7ms
[150.690s][info][gc,heap        ] GC(1117) Eden regions: 231->0(231)
[150.690s][info][gc,heap        ] GC(1117) Survivor regions: 1->1(29)
[150.690s][info][gc,heap        ] GC(1117) Old regions: 55->55
[150.690s][info][gc,heap        ] GC(1117) Humongous regions: 6->6
[150.690s][info][gc,metaspace   ] GC(1117) Metaspace: 72313K->72313K(1114112K)
[150.690s][info][gc             ] GC(1117) Pause Young (Normal) (G1 Evacuation Pause) 290M->59M(387M) 3.862ms
[150.691s][info][gc,cpu         ] GC(1117) User=0.00s Sys=0.00s Real=0.01s
[150.801s][info][gc,start       ] GC(1118) Pause Young (Normal) (G1 Evacuation Pause)
[150.801s][info][gc,task        ] GC(1118) Using 1 workers of 1 for evacuation
[150.804s][info][gc,phases      ] GC(1118)   Pre Evacuate Collection Set: 0.0ms
[150.804s][info][gc,phases      ] GC(1118)   Evacuate Collection Set: 2.6ms
[150.804s][info][gc,phases      ] GC(1118)   Post Evacuate Collection Set: 0.4ms
[150.804s][info][gc,phases      ] GC(1118)   Other: 0.3ms
[150.804s][info][gc,heap        ] GC(1118) Eden regions: 231->0(231)
[150.804s][info][gc,heap        ] GC(1118) Survivor regions: 1->1(29)
[150.804s][info][gc,heap        ] GC(1118) Old regions: 55->55
[150.804s][info][gc,heap        ] GC(1118) Humongous regions: 6->6
[150.804s][info][gc,metaspace   ] GC(1118) Metaspace: 72313K->72313K(1114112K)
[150.804s][info][gc             ] GC(1118) Pause Young (Normal) (G1 Evacuation Pause) 290M->59M(387M) 3.313ms
[150.804s][info][gc,cpu         ] GC(1118) User=0.00s Sys=0.00s Real=0.00s
[150.912s][info][gc,start       ] GC(1119) Pause Young (Normal) (G1 Evacuation Pause)
[150.912s][info][gc,task        ] GC(1119) Using 1 workers of 1 for evacuation
[150.916s][info][gc,phases      ] GC(1119)   Pre Evacuate Collection Set: 0.0ms
[150.916s][info][gc,phases      ] GC(1119)   Evacuate Collection Set: 2.6ms
[150.916s][info][gc,phases      ] GC(1119)   Post Evacuate Collection Set: 0.4ms
[150.916s][info][gc,phases      ] GC(1119)   Other: 0.4ms
[150.916s][info][gc,heap        ] GC(1119) Eden regions: 231->0(231)
[150.916s][info][gc,heap        ] GC(1119) Survivor regions: 1->1(29)
[150.916s][info][gc,heap        ] GC(1119) Old regions: 55->55
[150.916s][info][gc,heap        ] GC(1119) Humongous regions: 6->6
[150.916s][info][gc,metaspace   ] GC(1119) Metaspace: 72313K->72313K(1114112K)
[150.916s][info][gc             ] GC(1119) Pause Young (Normal) (G1 Evacuation Pause) 290M->59M(387M) 3.472ms
[150.916s][info][gc,cpu         ] GC(1119) User=0.00s Sys=0.00s Real=0.00s
[151.048s][info][gc,start       ] GC(1120) Pause Young (Normal) (G1 Evacuation Pause)
[151.048s][info][gc,task        ] GC(1120) Using 1 workers of 1 for evacuation
[151.051s][info][gc,phases      ] GC(1120)   Pre Evacuate Collection Set: 0.0ms
[151.051s][info][gc,phases      ] GC(1120)   Evacuate Collection Set: 2.8ms
[151.051s][info][gc,phases      ] GC(1120)   Post Evacuate Collection Set: 0.4ms
[151.051s][info][gc,phases      ] GC(1120)   Other: 0.3ms
[151.051s][info][gc,heap        ] GC(1120) Eden regions: 231->0(231)
[151.051s][info][gc,heap        ] GC(1120) Survivor regions: 1->1(29)
[151.051s][info][gc,heap        ] GC(1120) Old regions: 55->55
[151.051s][info][gc,heap        ] GC(1120) Humongous regions: 11->6
[151.051s][info][gc,metaspace   ] GC(1120) Metaspace: 72324K->72324K(1114112K)
[151.051s][info][gc             ] GC(1120) Pause Young (Normal) (G1 Evacuation Pause) 295M->59M(387M) 3.542ms
[151.051s][info][gc,cpu         ] GC(1120) User=0.00s Sys=0.00s Real=0.01s
[151.158s][info][gc,start       ] GC(1121) Pause Young (Normal) (G1 Evacuation Pause)
[151.158s][info][gc,task        ] GC(1121) Using 1 workers of 1 for evacuation
[151.161s][info][gc,phases      ] GC(1121)   Pre Evacuate Collection Set: 0.0ms
[151.161s][info][gc,phases      ] GC(1121)   Evacuate Collection Set: 2.7ms
[151.161s][info][gc,phases      ] GC(1121)   Post Evacuate Collection Set: 0.3ms
[151.161s][info][gc,phases      ] GC(1121)   Other: 0.3ms
[151.161s][info][gc,heap        ] GC(1121) Eden regions: 231->0(231)
[151.161s][info][gc,heap        ] GC(1121) Survivor regions: 1->1(29)
[151.161s][info][gc,heap        ] GC(1121) Old regions: 55->55
[151.161s][info][gc,heap        ] GC(1121) Humongous regions: 6->6
[151.161s][info][gc,metaspace   ] GC(1121) Metaspace: 72324K->72324K(1114112K)
[151.161s][info][gc             ] GC(1121) Pause Young (Normal) (G1 Evacuation Pause) 290M->60M(387M) 3.393ms
[151.161s][info][gc,cpu         ] GC(1121) User=0.00s Sys=0.00s Real=0.00s
[151.269s][info][gc,start       ] GC(1122) Pause Young (Normal) (G1 Evacuation Pause)
[151.269s][info][gc,task        ] GC(1122) Using 1 workers of 1 for evacuation
[151.272s][info][gc,phases      ] GC(1122)   Pre Evacuate Collection Set: 0.0ms
[151.273s][info][gc,phases      ] GC(1122)   Evacuate Collection Set: 2.7ms
[151.273s][info][gc,phases      ] GC(1122)   Post Evacuate Collection Set: 0.3ms
[151.273s][info][gc,phases      ] GC(1122)   Other: 0.4ms
[151.273s][info][gc,heap        ] GC(1122) Eden regions: 231->0(231)
[151.273s][info][gc,heap        ] GC(1122) Survivor regions: 1->1(29)
[151.273s][info][gc,heap        ] GC(1122) Old regions: 55->55
[151.273s][info][gc,heap        ] GC(1122) Humongous regions: 6->6
[151.273s][info][gc,metaspace   ] GC(1122) Metaspace: 72324K->72324K(1114112K)
[151.273s][info][gc             ] GC(1122) Pause Young (Normal) (G1 Evacuation Pause) 291M->60M(387M) 3.447ms
[151.273s][info][gc,cpu         ] GC(1122) User=0.00s Sys=0.00s Real=0.01s
[151.380s][info][gc,start       ] GC(1123) Pause Young (Normal) (G1 Evacuation Pause)
[151.380s][info][gc,task        ] GC(1123) Using 1 workers of 1 for evacuation
[151.383s][info][gc,phases      ] GC(1123)   Pre Evacuate Collection Set: 0.0ms
[151.383s][info][gc,phases      ] GC(1123)   Evacuate Collection Set: 2.9ms
[151.383s][info][gc,phases      ] GC(1123)   Post Evacuate Collection Set: 0.3ms
[151.383s][info][gc,phases      ] GC(1123)   Other: 0.3ms
[151.383s][info][gc,heap        ] GC(1123) Eden regions: 231->0(231)
[151.383s][info][gc,heap        ] GC(1123) Survivor regions: 1->1(29)
[151.383s][info][gc,heap        ] GC(1123) Old regions: 55->55
[151.383s][info][gc,heap        ] GC(1123) Humongous regions: 6->6
[151.383s][info][gc,metaspace   ] GC(1123) Metaspace: 72324K->72324K(1114112K)
[151.383s][info][gc             ] GC(1123) Pause Young (Normal) (G1 Evacuation Pause) 291M->60M(387M) 3.542ms
[151.383s][info][gc,cpu         ] GC(1123) User=0.00s Sys=0.00s Real=0.00s
[151.493s][info][gc,start       ] GC(1124) Pause Young (Normal) (G1 Evacuation Pause)
[151.493s][info][gc,task        ] GC(1124) Using 1 workers of 1 for evacuation
[151.497s][info][gc,phases      ] GC(1124)   Pre Evacuate Collection Set: 0.0ms
[151.497s][info][gc,phases      ] GC(1124)   Evacuate Collection Set: 2.7ms
[151.497s][info][gc,phases      ] GC(1124)   Post Evacuate Collection Set: 0.3ms
[151.497s][info][gc,phases      ] GC(1124)   Other: 0.3ms
[151.497s][info][gc,heap        ] GC(1124) Eden regions: 231->0(231)
[151.497s][info][gc,heap        ] GC(1124) Survivor regions: 1->1(29)
[151.497s][info][gc,heap        ] GC(1124) Old regions: 55->55
[151.497s][info][gc,heap        ] GC(1124) Humongous regions: 6->6
[151.497s][info][gc,metaspace   ] GC(1124) Metaspace: 72324K->72324K(1114112K)
[151.497s][info][gc             ] GC(1124) Pause Young (Normal) (G1 Evacuation Pause) 291M->60M(387M) 3.439ms
[151.497s][info][gc,cpu         ] GC(1124) User=0.00s Sys=0.00s Real=0.00s
[151.609s][info][gc,start       ] GC(1125) Pause Young (Normal) (G1 Evacuation Pause)
[151.609s][info][gc,task        ] GC(1125) Using 1 workers of 1 for evacuation
[151.612s][info][gc,phases      ] GC(1125)   Pre Evacuate Collection Set: 0.0ms
[151.612s][info][gc,phases      ] GC(1125)   Evacuate Collection Set: 2.8ms
[151.612s][info][gc,phases      ] GC(1125)   Post Evacuate Collection Set: 0.3ms
[151.612s][info][gc,phases      ] GC(1125)   Other: 0.3ms
[151.612s][info][gc,heap        ] GC(1125) Eden regions: 231->0(231)
[151.612s][info][gc,heap        ] GC(1125) Survivor regions: 1->1(29)
[151.612s][info][gc,heap        ] GC(1125) Old regions: 55->55
[151.612s][info][gc,heap        ] GC(1125) Humongous regions: 6->6
[151.612s][info][gc,metaspace   ] GC(1125) Metaspace: 72324K->72324K(1114112K)
[151.613s][info][gc             ] GC(1125) Pause Young (Normal) (G1 Evacuation Pause) 291M->59M(387M) 3.491ms
[151.613s][info][gc,cpu         ] GC(1125) User=0.00s Sys=0.00s Real=0.01s
[151.727s][info][gc,start       ] GC(1126) Pause Young (Normal) (G1 Evacuation Pause)
[151.727s][info][gc,task        ] GC(1126) Using 1 workers of 1 for evacuation
[151.730s][info][gc,phases      ] GC(1126)   Pre Evacuate Collection Set: 0.0ms
[151.730s][info][gc,phases      ] GC(1126)   Evacuate Collection Set: 2.6ms
[151.730s][info][gc,phases      ] GC(1126)   Post Evacuate Collection Set: 0.3ms
[151.730s][info][gc,phases      ] GC(1126)   Other: 0.4ms
[151.730s][info][gc,heap        ] GC(1126) Eden regions: 231->0(231)
[151.730s][info][gc,heap        ] GC(1126) Survivor regions: 1->1(29)
[151.730s][info][gc,heap        ] GC(1126) Old regions: 55->55
[151.730s][info][gc,heap        ] GC(1126) Humongous regions: 6->6
[151.730s][info][gc,metaspace   ] GC(1126) Metaspace: 72324K->72324K(1114112K)
[151.730s][info][gc             ] GC(1126) Pause Young (Normal) (G1 Evacuation Pause) 290M->59M(387M) 3.370ms
[151.730s][info][gc,cpu         ] GC(1126) User=0.01s Sys=0.00s Real=0.01s
[151.841s][info][gc,start       ] GC(1127) Pause Young (Normal) (G1 Evacuation Pause)
[151.842s][info][gc,task        ] GC(1127) Using 1 workers of 1 for evacuation
[151.845s][info][gc,phases      ] GC(1127)   Pre Evacuate Collection Set: 0.0ms
[151.845s][info][gc,phases      ] GC(1127)   Evacuate Collection Set: 2.5ms
[151.845s][info][gc,phases      ] GC(1127)   Post Evacuate Collection Set: 0.3ms
[151.845s][info][gc,phases      ] GC(1127)   Other: 0.3ms
[151.845s][info][gc,heap        ] GC(1127) Eden regions: 231->0(231)
[151.845s][info][gc,heap        ] GC(1127) Survivor regions: 1->1(29)
[151.845s][info][gc,heap        ] GC(1127) Old regions: 55->55
[151.845s][info][gc,heap        ] GC(1127) Humongous regions: 6->6
[151.845s][info][gc,metaspace   ] GC(1127) Metaspace: 72324K->72324K(1114112K)
[151.845s][info][gc             ] GC(1127) Pause Young (Normal) (G1 Evacuation Pause) 290M->60M(387M) 3.235ms
[151.845s][info][gc,cpu         ] GC(1127) User=0.00s Sys=0.00s Real=0.00s
[151.953s][info][gc,start       ] GC(1128) Pause Young (Normal) (G1 Evacuation Pause)
[151.953s][info][gc,task        ] GC(1128) Using 1 workers of 1 for evacuation
[151.957s][info][gc,phases      ] GC(1128)   Pre Evacuate Collection Set: 0.0ms
[151.957s][info][gc,phases      ] GC(1128)   Evacuate Collection Set: 3.1ms
[151.957s][info][gc,phases      ] GC(1128)   Post Evacuate Collection Set: 0.5ms
[151.957s][info][gc,phases      ] GC(1128)   Other: 0.3ms
[151.957s][info][gc,heap        ] GC(1128) Eden regions: 231->0(231)
[151.957s][info][gc,heap        ] GC(1128) Survivor regions: 1->1(29)
[151.957s][info][gc,heap        ] GC(1128) Old regions: 55->55
[151.957s][info][gc,heap        ] GC(1128) Humongous regions: 6->6
[151.957s][info][gc,metaspace   ] GC(1128) Metaspace: 72324K->72324K(1114112K)
[151.957s][info][gc             ] GC(1128) Pause Young (Normal) (G1 Evacuation Pause) 291M->60M(387M) 3.999ms
[151.957s][info][gc,cpu         ] GC(1128) User=0.00s Sys=0.00s Real=0.00s
[152.067s][info][gc,start       ] GC(1129) Pause Young (Normal) (G1 Evacuation Pause)
[152.067s][info][gc,task        ] GC(1129) Using 1 workers of 1 for evacuation
[152.071s][info][gc,phases      ] GC(1129)   Pre Evacuate Collection Set: 0.0ms
[152.071s][info][gc,phases      ] GC(1129)   Evacuate Collection Set: 2.5ms
[152.071s][info][gc,phases      ] GC(1129)   Post Evacuate Collection Set: 0.3ms
[152.071s][info][gc,phases      ] GC(1129)   Other: 0.3ms
[152.071s][info][gc,heap        ] GC(1129) Eden regions: 231->0(231)
[152.071s][info][gc,heap        ] GC(1129) Survivor regions: 1->1(29)
[152.071s][info][gc,heap        ] GC(1129) Old regions: 55->55
[152.071s][info][gc,heap        ] GC(1129) Humongous regions: 6->6
[152.071s][info][gc,metaspace   ] GC(1129) Metaspace: 72324K->72324K(1114112K)
[152.071s][info][gc             ] GC(1129) Pause Young (Normal) (G1 Evacuation Pause) 291M->60M(387M) 3.207ms
[152.071s][info][gc,cpu         ] GC(1129) User=0.01s Sys=0.00s Real=0.01s
[152.189s][info][gc,start       ] GC(1130) Pause Young (Normal) (G1 Evacuation Pause)
[152.189s][info][gc,task        ] GC(1130) Using 1 workers of 1 for evacuation
[152.193s][info][gc,phases      ] GC(1130)   Pre Evacuate Collection Set: 0.0ms
[152.193s][info][gc,phases      ] GC(1130)   Evacuate Collection Set: 2.5ms
[152.193s][info][gc,phases      ] GC(1130)   Post Evacuate Collection Set: 0.4ms
[152.193s][info][gc,phases      ] GC(1130)   Other: 0.4ms
[152.193s][info][gc,heap        ] GC(1130) Eden regions: 231->0(231)
[152.193s][info][gc,heap        ] GC(1130) Survivor regions: 1->1(29)
[152.193s][info][gc,heap        ] GC(1130) Old regions: 55->55
[152.193s][info][gc,heap        ] GC(1130) Humongous regions: 11->6
[152.193s][info][gc,metaspace   ] GC(1130) Metaspace: 72325K->72325K(1114112K)
[152.193s][info][gc             ] GC(1130) Pause Young (Normal) (G1 Evacuation Pause) 296M->59M(387M) 3.272ms
[152.193s][info][gc,cpu         ] GC(1130) User=0.01s Sys=0.00s Real=0.01s
[152.302s][info][gc,start       ] GC(1131) Pause Young (Normal) (G1 Evacuation Pause)
[152.302s][info][gc,task        ] GC(1131) Using 1 workers of 1 for evacuation
[152.305s][info][gc,phases      ] GC(1131)   Pre Evacuate Collection Set: 0.0ms
[152.305s][info][gc,phases      ] GC(1131)   Evacuate Collection Set: 2.5ms
[152.305s][info][gc,phases      ] GC(1131)   Post Evacuate Collection Set: 0.3ms
[152.305s][info][gc,phases      ] GC(1131)   Other: 0.3ms
[152.305s][info][gc,heap        ] GC(1131) Eden regions: 231->0(231)
[152.305s][info][gc,heap        ] GC(1131) Survivor regions: 1->1(29)
[152.305s][info][gc,heap        ] GC(1131) Old regions: 55->55
[152.305s][info][gc,heap        ] GC(1131) Humongous regions: 6->6
[152.305s][info][gc,metaspace   ] GC(1131) Metaspace: 72327K->72327K(1114112K)
[152.305s][info][gc             ] GC(1131) Pause Young (Normal) (G1 Evacuation Pause) 290M->59M(387M) 3.281ms
[152.305s][info][gc,cpu         ] GC(1131) User=0.00s Sys=0.00s Real=0.00s
[152.412s][info][gc,start       ] GC(1132) Pause Young (Normal) (G1 Evacuation Pause)
[152.412s][info][gc,task        ] GC(1132) Using 1 workers of 1 for evacuation
[152.415s][info][gc,phases      ] GC(1132)   Pre Evacuate Collection Set: 0.0ms
[152.415s][info][gc,phases      ] GC(1132)   Evacuate Collection Set: 2.4ms
[152.415s][info][gc,phases      ] GC(1132)   Post Evacuate Collection Set: 0.3ms
[152.415s][info][gc,phases      ] GC(1132)   Other: 0.3ms
[152.415s][info][gc,heap        ] GC(1132) Eden regions: 231->0(231)
[152.415s][info][gc,heap        ] GC(1132) Survivor regions: 1->1(29)
[152.415s][info][gc,heap        ] GC(1132) Old regions: 55->55
[152.415s][info][gc,heap        ] GC(1132) Humongous regions: 6->6
[152.415s][info][gc,metaspace   ] GC(1132) Metaspace: 72327K->72327K(1114112K)
[152.415s][info][gc             ] GC(1132) Pause Young (Normal) (G1 Evacuation Pause) 290M->59M(387M) 3.062ms
[152.415s][info][gc,cpu         ] GC(1132) User=0.00s Sys=0.00s Real=0.00s
[152.523s][info][gc,start       ] GC(1133) Pause Young (Normal) (G1 Evacuation Pause)
[152.523s][info][gc,task        ] GC(1133) Using 1 workers of 1 for evacuation
[152.526s][info][gc,phases      ] GC(1133)   Pre Evacuate Collection Set: 0.0ms
[152.526s][info][gc,phases      ] GC(1133)   Evacuate Collection Set: 2.3ms
[152.526s][info][gc,phases      ] GC(1133)   Post Evacuate Collection Set: 0.4ms
[152.526s][info][gc,phases      ] GC(1133)   Other: 0.4ms
[152.526s][info][gc,heap        ] GC(1133) Eden regions: 231->0(231)
[152.526s][info][gc,heap        ] GC(1133) Survivor regions: 1->1(29)
[152.526s][info][gc,heap        ] GC(1133) Old regions: 55->55
[152.526s][info][gc,heap        ] GC(1133) Humongous regions: 6->6
[152.526s][info][gc,metaspace   ] GC(1133) Metaspace: 72327K->72327K(1114112K)
[152.526s][info][gc             ] GC(1133) Pause Young (Normal) (G1 Evacuation Pause) 290M->59M(387M) 3.091ms
[152.526s][info][gc,cpu         ] GC(1133) User=0.00s Sys=0.00s Real=0.00s
[152.632s][info][gc,start       ] GC(1134) Pause Young (Normal) (G1 Evacuation Pause)
[152.632s][info][gc,task        ] GC(1134) Using 1 workers of 1 for evacuation
[152.635s][info][gc,phases      ] GC(1134)   Pre Evacuate Collection Set: 0.0ms
[152.635s][info][gc,phases      ] GC(1134)   Evacuate Collection Set: 2.6ms
[152.635s][info][gc,phases      ] GC(1134)   Post Evacuate Collection Set: 0.3ms
[152.635s][info][gc,phases      ] GC(1134)   Other: 0.3ms
[152.635s][info][gc,heap        ] GC(1134) Eden regions: 231->0(231)
[152.635s][info][gc,heap        ] GC(1134) Survivor regions: 1->1(29)
[152.635s][info][gc,heap        ] GC(1134) Old regions: 55->55
[152.635s][info][gc,heap        ] GC(1134) Humongous regions: 6->6
[152.635s][info][gc,metaspace   ] GC(1134) Metaspace: 72327K->72327K(1114112K)
[152.635s][info][gc             ] GC(1134) Pause Young (Normal) (G1 Evacuation Pause) 290M->59M(387M) 3.271ms
[152.635s][info][gc,cpu         ] GC(1134) User=0.00s Sys=0.00s Real=0.00s
[152.751s][info][gc,start       ] GC(1135) Pause Young (Normal) (G1 Evacuation Pause)
[152.751s][info][gc,task        ] GC(1135) Using 1 workers of 1 for evacuation
[152.755s][info][gc,phases      ] GC(1135)   Pre Evacuate Collection Set: 0.0ms
[152.755s][info][gc,phases      ] GC(1135)   Evacuate Collection Set: 2.6ms
[152.755s][info][gc,phases      ] GC(1135)   Post Evacuate Collection Set: 0.4ms
[152.755s][info][gc,phases      ] GC(1135)   Other: 0.3ms
[152.755s][info][gc,heap        ] GC(1135) Eden regions: 231->0(231)
[152.755s][info][gc,heap        ] GC(1135) Survivor regions: 1->1(29)
[152.755s][info][gc,heap        ] GC(1135) Old regions: 55->55
[152.755s][info][gc,heap        ] GC(1135) Humongous regions: 6->6
[152.755s][info][gc,metaspace   ] GC(1135) Metaspace: 72328K->72328K(1114112K)
[152.755s][info][gc             ] GC(1135) Pause Young (Normal) (G1 Evacuation Pause) 290M->59M(387M) 3.364ms
[152.755s][info][gc,cpu         ] GC(1135) User=0.00s Sys=0.00s Real=0.00s
[152.865s][info][gc,start       ] GC(1136) Pause Young (Normal) (G1 Evacuation Pause)
[152.865s][info][gc,task        ] GC(1136) Using 1 workers of 1 for evacuation
[152.868s][info][gc,phases      ] GC(1136)   Pre Evacuate Collection Set: 0.0ms
[152.868s][info][gc,phases      ] GC(1136)   Evacuate Collection Set: 2.5ms
[152.868s][info][gc,phases      ] GC(1136)   Post Evacuate Collection Set: 0.4ms
[152.868s][info][gc,phases      ] GC(1136)   Other: 0.3ms
[152.868s][info][gc,heap        ] GC(1136) Eden regions: 231->0(231)
[152.868s][info][gc,heap        ] GC(1136) Survivor regions: 1->1(29)
[152.868s][info][gc,heap        ] GC(1136) Old regions: 55->55
[152.868s][info][gc,heap        ] GC(1136) Humongous regions: 6->6
[152.868s][info][gc,metaspace   ] GC(1136) Metaspace: 72328K->72328K(1114112K)
[152.868s][info][gc             ] GC(1136) Pause Young (Normal) (G1 Evacuation Pause) 290M->59M(387M) 3.255ms
[152.868s][info][gc,cpu         ] GC(1136) User=0.00s Sys=0.00s Real=0.00s
[152.983s][info][gc,start       ] GC(1137) Pause Young (Normal) (G1 Evacuation Pause)
[152.983s][info][gc,task        ] GC(1137) Using 1 workers of 1 for evacuation
[152.986s][info][gc,phases      ] GC(1137)   Pre Evacuate Collection Set: 0.0ms
[152.986s][info][gc,phases      ] GC(1137)   Evacuate Collection Set: 2.6ms
[152.986s][info][gc,phases      ] GC(1137)   Post Evacuate Collection Set: 0.3ms
[152.986s][info][gc,phases      ] GC(1137)   Other: 0.3ms
[152.986s][info][gc,heap        ] GC(1137) Eden regions: 231->0(231)
[152.986s][info][gc,heap        ] GC(1137) Survivor regions: 1->1(29)
[152.986s][info][gc,heap        ] GC(1137) Old regions: 55->55
[152.986s][info][gc,heap        ] GC(1137) Humongous regions: 6->6
[152.986s][info][gc,metaspace   ] GC(1137) Metaspace: 72328K->72328K(1114112K)
[152.986s][info][gc             ] GC(1137) Pause Young (Normal) (G1 Evacuation Pause) 290M->59M(387M) 3.226ms
[152.986s][info][gc,cpu         ] GC(1137) User=0.00s Sys=0.00s Real=0.00s
[153.095s][info][gc,start       ] GC(1138) Pause Young (Normal) (G1 Evacuation Pause)
[153.095s][info][gc,task        ] GC(1138) Using 1 workers of 1 for evacuation
[153.098s][info][gc,phases      ] GC(1138)   Pre Evacuate Collection Set: 0.0ms
[153.098s][info][gc,phases      ] GC(1138)   Evacuate Collection Set: 2.6ms
[153.098s][info][gc,phases      ] GC(1138)   Post Evacuate Collection Set: 0.3ms
[153.098s][info][gc,phases      ] GC(1138)   Other: 0.3ms
[153.098s][info][gc,heap        ] GC(1138) Eden regions: 231->0(231)
[153.098s][info][gc,heap        ] GC(1138) Survivor regions: 1->1(29)
[153.098s][info][gc,heap        ] GC(1138) Old regions: 55->55
[153.098s][info][gc,heap        ] GC(1138) Humongous regions: 6->6
[153.098s][info][gc,metaspace   ] GC(1138) Metaspace: 72328K->72328K(1114112K)
[153.098s][info][gc             ] GC(1138) Pause Young (Normal) (G1 Evacuation Pause) 290M->59M(387M) 3.307ms
[153.098s][info][gc,cpu         ] GC(1138) User=0.00s Sys=0.00s Real=0.01s
[153.226s][info][gc,start       ] GC(1139) Pause Young (Normal) (G1 Evacuation Pause)
[153.226s][info][gc,task        ] GC(1139) Using 1 workers of 1 for evacuation
[153.230s][info][gc,phases      ] GC(1139)   Pre Evacuate Collection Set: 0.0ms
[153.230s][info][gc,phases      ] GC(1139)   Evacuate Collection Set: 3.0ms
[153.230s][info][gc,phases      ] GC(1139)   Post Evacuate Collection Set: 0.4ms
[153.230s][info][gc,phases      ] GC(1139)   Other: 0.3ms
[153.230s][info][gc,heap        ] GC(1139) Eden regions: 231->0(231)
[153.230s][info][gc,heap        ] GC(1139) Survivor regions: 1->1(29)
[153.230s][info][gc,heap        ] GC(1139) Old regions: 55->55
[153.230s][info][gc,heap        ] GC(1139) Humongous regions: 11->6
[153.230s][info][gc,metaspace   ] GC(1139) Metaspace: 72336K->72336K(1114112K)
[153.230s][info][gc             ] GC(1139) Pause Young (Normal) (G1 Evacuation Pause) 295M->60M(387M) 3.900ms
[153.230s][info][gc,cpu         ] GC(1139) User=0.00s Sys=0.00s Real=0.01s
[153.336s][info][gc,start       ] GC(1140) Pause Young (Normal) (G1 Evacuation Pause)
[153.336s][info][gc,task        ] GC(1140) Using 1 workers of 1 for evacuation
[153.339s][info][gc,phases      ] GC(1140)   Pre Evacuate Collection Set: 0.0ms
[153.339s][info][gc,phases      ] GC(1140)   Evacuate Collection Set: 2.7ms
[153.339s][info][gc,phases      ] GC(1140)   Post Evacuate Collection Set: 0.4ms
[153.339s][info][gc,phases      ] GC(1140)   Other: 0.3ms
[153.339s][info][gc,heap        ] GC(1140) Eden regions: 231->0(231)
[153.339s][info][gc,heap        ] GC(1140) Survivor regions: 1->1(29)
[153.339s][info][gc,heap        ] GC(1140) Old regions: 55->55
[153.339s][info][gc,heap        ] GC(1140) Humongous regions: 6->6
[153.339s][info][gc,metaspace   ] GC(1140) Metaspace: 72336K->72336K(1114112K)
[153.339s][info][gc             ] GC(1140) Pause Young (Normal) (G1 Evacuation Pause) 291M->60M(387M) 3.476ms
[153.339s][info][gc,cpu         ] GC(1140) User=0.00s Sys=0.00s Real=0.01s
[153.444s][info][gc,start       ] GC(1141) Pause Young (Normal) (G1 Evacuation Pause)
[153.444s][info][gc,task        ] GC(1141) Using 1 workers of 1 for evacuation
[153.447s][info][gc,phases      ] GC(1141)   Pre Evacuate Collection Set: 0.0ms
[153.447s][info][gc,phases      ] GC(1141)   Evacuate Collection Set: 2.8ms
[153.447s][info][gc,phases      ] GC(1141)   Post Evacuate Collection Set: 0.4ms
[153.447s][info][gc,phases      ] GC(1141)   Other: 0.3ms
[153.447s][info][gc,heap        ] GC(1141) Eden regions: 231->0(231)
[153.447s][info][gc,heap        ] GC(1141) Survivor regions: 1->1(29)
[153.447s][info][gc,heap        ] GC(1141) Old regions: 55->55
[153.447s][info][gc,heap        ] GC(1141) Humongous regions: 6->6
[153.447s][info][gc,metaspace   ] GC(1141) Metaspace: 72336K->72336K(1114112K)
[153.447s][info][gc             ] GC(1141) Pause Young (Normal) (G1 Evacuation Pause) 291M->60M(387M) 3.547ms
[153.447s][info][gc,cpu         ] GC(1141) User=0.00s Sys=0.00s Real=0.00s
[153.554s][info][gc,start       ] GC(1142) Pause Young (Normal) (G1 Evacuation Pause)
[153.554s][info][gc,task        ] GC(1142) Using 1 workers of 1 for evacuation
[153.558s][info][gc,phases      ] GC(1142)   Pre Evacuate Collection Set: 0.0ms
[153.558s][info][gc,phases      ] GC(1142)   Evacuate Collection Set: 3.0ms
[153.558s][info][gc,phases      ] GC(1142)   Post Evacuate Collection Set: 0.3ms
[153.558s][info][gc,phases      ] GC(1142)   Other: 0.3ms
[153.558s][info][gc,heap        ] GC(1142) Eden regions: 231->0(231)
[153.558s][info][gc,heap        ] GC(1142) Survivor regions: 1->1(29)
[153.558s][info][gc,heap        ] GC(1142) Old regions: 55->55
[153.558s][info][gc,heap        ] GC(1142) Humongous regions: 6->6
[153.558s][info][gc,metaspace   ] GC(1142) Metaspace: 72336K->72336K(1114112K)
[153.558s][info][gc             ] GC(1142) Pause Young (Normal) (G1 Evacuation Pause) 291M->60M(387M) 3.727ms
[153.558s][info][gc,cpu         ] GC(1142) User=0.00s Sys=0.00s Real=0.01s
[153.664s][info][gc,start       ] GC(1143) Pause Young (Normal) (G1 Evacuation Pause)
[153.664s][info][gc,task        ] GC(1143) Using 1 workers of 1 for evacuation
[153.667s][info][gc,phases      ] GC(1143)   Pre Evacuate Collection Set: 0.0ms
[153.667s][info][gc,phases      ] GC(1143)   Evacuate Collection Set: 2.8ms
[153.667s][info][gc,phases      ] GC(1143)   Post Evacuate Collection Set: 0.3ms
[153.667s][info][gc,phases      ] GC(1143)   Other: 0.3ms
[153.667s][info][gc,heap        ] GC(1143) Eden regions: 231->0(231)
[153.667s][info][gc,heap        ] GC(1143) Survivor regions: 1->1(29)
[153.667s][info][gc,heap        ] GC(1143) Old regions: 55->55
[153.667s][info][gc,heap        ] GC(1143) Humongous regions: 6->6
[153.667s][info][gc,metaspace   ] GC(1143) Metaspace: 72336K->72336K(1114112K)
[153.667s][info][gc             ] GC(1143) Pause Young (Normal) (G1 Evacuation Pause) 291M->60M(387M) 3.467ms
[153.667s][info][gc,cpu         ] GC(1143) User=0.00s Sys=0.00s Real=0.00s
[153.781s][info][gc,start       ] GC(1144) Pause Young (Normal) (G1 Evacuation Pause)
[153.781s][info][gc,task        ] GC(1144) Using 1 workers of 1 for evacuation
[153.784s][info][gc,phases      ] GC(1144)   Pre Evacuate Collection Set: 0.0ms
[153.784s][info][gc,phases      ] GC(1144)   Evacuate Collection Set: 2.7ms
[153.784s][info][gc,phases      ] GC(1144)   Post Evacuate Collection Set: 0.3ms
[153.784s][info][gc,phases      ] GC(1144)   Other: 0.3ms
[153.784s][info][gc,heap        ] GC(1144) Eden regions: 231->0(231)
[153.784s][info][gc,heap        ] GC(1144) Survivor regions: 1->1(29)
[153.784s][info][gc,heap        ] GC(1144) Old regions: 55->55
[153.784s][info][gc,heap        ] GC(1144) Humongous regions: 6->6
[153.784s][info][gc,metaspace   ] GC(1144) Metaspace: 72336K->72336K(1114112K)
[153.784s][info][gc             ] GC(1144) Pause Young (Normal) (G1 Evacuation Pause) 291M->60M(387M) 3.394ms
[153.784s][info][gc,cpu         ] GC(1144) User=0.01s Sys=0.00s Real=0.00s
[153.897s][info][gc,start       ] GC(1145) Pause Young (Normal) (G1 Evacuation Pause)
[153.897s][info][gc,task        ] GC(1145) Using 1 workers of 1 for evacuation
[153.900s][info][gc,phases      ] GC(1145)   Pre Evacuate Collection Set: 0.0ms
[153.900s][info][gc,phases      ] GC(1145)   Evacuate Collection Set: 2.9ms
[153.900s][info][gc,phases      ] GC(1145)   Post Evacuate Collection Set: 0.4ms
[153.900s][info][gc,phases      ] GC(1145)   Other: 0.4ms
[153.900s][info][gc,heap        ] GC(1145) Eden regions: 231->0(231)
[153.900s][info][gc,heap        ] GC(1145) Survivor regions: 1->1(29)
[153.900s][info][gc,heap        ] GC(1145) Old regions: 55->55
[153.900s][info][gc,heap        ] GC(1145) Humongous regions: 6->6
[153.900s][info][gc,metaspace   ] GC(1145) Metaspace: 72336K->72336K(1114112K)
[153.900s][info][gc             ] GC(1145) Pause Young (Normal) (G1 Evacuation Pause) 291M->60M(387M) 3.787ms
[153.900s][info][gc,cpu         ] GC(1145) User=0.01s Sys=0.00s Real=0.01s
[154.011s][info][gc,start       ] GC(1146) Pause Young (Normal) (G1 Evacuation Pause)
[154.011s][info][gc,task        ] GC(1146) Using 1 workers of 1 for evacuation
[154.014s][info][gc,phases      ] GC(1146)   Pre Evacuate Collection Set: 0.0ms
[154.014s][info][gc,phases      ] GC(1146)   Evacuate Collection Set: 2.7ms
[154.014s][info][gc,phases      ] GC(1146)   Post Evacuate Collection Set: 0.3ms
[154.014s][info][gc,phases      ] GC(1146)   Other: 0.3ms
[154.014s][info][gc,heap        ] GC(1146) Eden regions: 231->0(231)
[154.014s][info][gc,heap        ] GC(1146) Survivor regions: 1->1(29)
[154.014s][info][gc,heap        ] GC(1146) Old regions: 55->55
[154.014s][info][gc,heap        ] GC(1146) Humongous regions: 6->6
[154.014s][info][gc,metaspace   ] GC(1146) Metaspace: 72336K->72336K(1114112K)
[154.014s][info][gc             ] GC(1146) Pause Young (Normal) (G1 Evacuation Pause) 291M->59M(387M) 3.394ms
[154.014s][info][gc,cpu         ] GC(1146) User=0.01s Sys=0.00s Real=0.00s
[154.123s][info][gc,start       ] GC(1147) Pause Young (Normal) (G1 Evacuation Pause)
[154.124s][info][gc,task        ] GC(1147) Using 1 workers of 1 for evacuation
[154.127s][info][gc,phases      ] GC(1147)   Pre Evacuate Collection Set: 0.0ms
[154.127s][info][gc,phases      ] GC(1147)   Evacuate Collection Set: 2.6ms
[154.127s][info][gc,phases      ] GC(1147)   Post Evacuate Collection Set: 0.3ms
[154.127s][info][gc,phases      ] GC(1147)   Other: 0.4ms
[154.127s][info][gc,heap        ] GC(1147) Eden regions: 231->0(231)
[154.127s][info][gc,heap        ] GC(1147) Survivor regions: 1->1(29)
[154.127s][info][gc,heap        ] GC(1147) Old regions: 55->55
[154.127s][info][gc,heap        ] GC(1147) Humongous regions: 6->6
[154.127s][info][gc,metaspace   ] GC(1147) Metaspace: 72336K->72336K(1114112K)
[154.127s][info][gc             ] GC(1147) Pause Young (Normal) (G1 Evacuation Pause) 290M->60M(387M) 3.423ms
[154.127s][info][gc,cpu         ] GC(1147) User=0.00s Sys=0.00s Real=0.00s
[154.235s][info][gc,start       ] GC(1148) Pause Young (Normal) (G1 Evacuation Pause)
[154.235s][info][gc,task        ] GC(1148) Using 1 workers of 1 for evacuation
[154.238s][info][gc,phases      ] GC(1148)   Pre Evacuate Collection Set: 0.0ms
[154.238s][info][gc,phases      ] GC(1148)   Evacuate Collection Set: 2.6ms
[154.238s][info][gc,phases      ] GC(1148)   Post Evacuate Collection Set: 0.3ms
[154.238s][info][gc,phases      ] GC(1148)   Other: 0.3ms
[154.238s][info][gc,heap        ] GC(1148) Eden regions: 231->0(231)
[154.238s][info][gc,heap        ] GC(1148) Survivor regions: 1->1(29)
[154.238s][info][gc,heap        ] GC(1148) Old regions: 55->55
[154.238s][info][gc,heap        ] GC(1148) Humongous regions: 6->6
[154.238s][info][gc,metaspace   ] GC(1148) Metaspace: 72336K->72336K(1114112K)
[154.238s][info][gc             ] GC(1148) Pause Young (Normal) (G1 Evacuation Pause) 291M->60M(387M) 3.256ms
[154.238s][info][gc,cpu         ] GC(1148) User=0.00s Sys=0.00s Real=0.01s
[154.394s][info][gc,start       ] GC(1149) Pause Young (Normal) (G1 Evacuation Pause)
[154.394s][info][gc,task        ] GC(1149) Using 1 workers of 1 for evacuation
[154.398s][info][gc,phases      ] GC(1149)   Pre Evacuate Collection Set: 0.0ms
[154.398s][info][gc,phases      ] GC(1149)   Evacuate Collection Set: 3.0ms
[154.398s][info][gc,phases      ] GC(1149)   Post Evacuate Collection Set: 0.3ms
[154.398s][info][gc,phases      ] GC(1149)   Other: 0.3ms
[154.398s][info][gc,heap        ] GC(1149) Eden regions: 231->0(231)
[154.398s][info][gc,heap        ] GC(1149) Survivor regions: 1->1(29)
[154.398s][info][gc,heap        ] GC(1149) Old regions: 55->55
[154.398s][info][gc,heap        ] GC(1149) Humongous regions: 11->6
[154.398s][info][gc,metaspace   ] GC(1149) Metaspace: 72342K->72342K(1114112K)
[154.398s][info][gc             ] GC(1149) Pause Young (Normal) (G1 Evacuation Pause) 296M->60M(387M) 3.794ms
[154.398s][info][gc,cpu         ] GC(1149) User=0.00s Sys=0.00s Real=0.01s
[154.508s][info][gc,start       ] GC(1150) Pause Young (Normal) (G1 Evacuation Pause)
[154.508s][info][gc,task        ] GC(1150) Using 1 workers of 1 for evacuation
[154.511s][info][gc,phases      ] GC(1150)   Pre Evacuate Collection Set: 0.0ms
[154.512s][info][gc,phases      ] GC(1150)   Evacuate Collection Set: 2.9ms
[154.512s][info][gc,phases      ] GC(1150)   Post Evacuate Collection Set: 0.3ms
[154.512s][info][gc,phases      ] GC(1150)   Other: 0.3ms
[154.512s][info][gc,heap        ] GC(1150) Eden regions: 231->0(231)
[154.512s][info][gc,heap        ] GC(1150) Survivor regions: 1->1(29)
[154.512s][info][gc,heap        ] GC(1150) Old regions: 55->55
[154.512s][info][gc,heap        ] GC(1150) Humongous regions: 6->6
[154.512s][info][gc,metaspace   ] GC(1150) Metaspace: 72342K->72342K(1114112K)
[154.512s][info][gc             ] GC(1150) Pause Young (Normal) (G1 Evacuation Pause) 291M->59M(387M) 3.581ms
[154.512s][info][gc,cpu         ] GC(1150) User=0.01s Sys=0.00s Real=0.01s
[154.617s][info][gc,start       ] GC(1151) Pause Young (Normal) (G1 Evacuation Pause)
[154.617s][info][gc,task        ] GC(1151) Using 1 workers of 1 for evacuation
[154.620s][info][gc,phases      ] GC(1151)   Pre Evacuate Collection Set: 0.0ms
[154.620s][info][gc,phases      ] GC(1151)   Evacuate Collection Set: 2.8ms
[154.620s][info][gc,phases      ] GC(1151)   Post Evacuate Collection Set: 0.3ms
[154.620s][info][gc,phases      ] GC(1151)   Other: 0.3ms
[154.620s][info][gc,heap        ] GC(1151) Eden regions: 231->0(231)
[154.620s][info][gc,heap        ] GC(1151) Survivor regions: 1->1(29)
[154.620s][info][gc,heap        ] GC(1151) Old regions: 55->55
[154.620s][info][gc,heap        ] GC(1151) Humongous regions: 6->6
[154.620s][info][gc,metaspace   ] GC(1151) Metaspace: 72342K->72342K(1114112K)
[154.620s][info][gc             ] GC(1151) Pause Young (Normal) (G1 Evacuation Pause) 290M->59M(387M) 3.494ms
[154.620s][info][gc,cpu         ] GC(1151) User=0.00s Sys=0.00s Real=0.01s
[154.726s][info][gc,start       ] GC(1152) Pause Young (Normal) (G1 Evacuation Pause)
[154.726s][info][gc,task        ] GC(1152) Using 1 workers of 1 for evacuation
[154.730s][info][gc,phases      ] GC(1152)   Pre Evacuate Collection Set: 0.0ms
[154.730s][info][gc,phases      ] GC(1152)   Evacuate Collection Set: 2.9ms
[154.730s][info][gc,phases      ] GC(1152)   Post Evacuate Collection Set: 0.3ms
[154.730s][info][gc,phases      ] GC(1152)   Other: 0.4ms
[154.730s][info][gc,heap        ] GC(1152) Eden regions: 231->0(231)
[154.730s][info][gc,heap        ] GC(1152) Survivor regions: 1->1(29)
[154.730s][info][gc,heap        ] GC(1152) Old regions: 55->55
[154.730s][info][gc,heap        ] GC(1152) Humongous regions: 6->6
[154.730s][info][gc,metaspace   ] GC(1152) Metaspace: 72342K->72342K(1114112K)
[154.730s][info][gc             ] GC(1152) Pause Young (Normal) (G1 Evacuation Pause) 290M->59M(387M) 3.672ms
[154.730s][info][gc,cpu         ] GC(1152) User=0.00s Sys=0.00s Real=0.01s
[154.840s][info][gc,start       ] GC(1153) Pause Young (Normal) (G1 Evacuation Pause)
[154.840s][info][gc,task        ] GC(1153) Using 1 workers of 1 for evacuation
[154.844s][info][gc,phases      ] GC(1153)   Pre Evacuate Collection Set: 0.0ms
[154.844s][info][gc,phases      ] GC(1153)   Evacuate Collection Set: 2.8ms
[154.844s][info][gc,phases      ] GC(1153)   Post Evacuate Collection Set: 0.4ms
[154.844s][info][gc,phases      ] GC(1153)   Other: 0.4ms
[154.844s][info][gc,heap        ] GC(1153) Eden regions: 231->0(231)
[154.844s][info][gc,heap        ] GC(1153) Survivor regions: 1->1(29)
[154.844s][info][gc,heap        ] GC(1153) Old regions: 55->55
[154.844s][info][gc,heap        ] GC(1153) Humongous regions: 6->6
[154.844s][info][gc,metaspace   ] GC(1153) Metaspace: 72342K->72342K(1114112K)
[154.844s][info][gc             ] GC(1153) Pause Young (Normal) (G1 Evacuation Pause) 290M->59M(387M) 3.642ms
[154.844s][info][gc,cpu         ] GC(1153) User=0.01s Sys=0.00s Real=0.00s
[154.950s][info][gc,start       ] GC(1154) Pause Young (Normal) (G1 Evacuation Pause)
[154.950s][info][gc,task        ] GC(1154) Using 1 workers of 1 for evacuation
[154.954s][info][gc,phases      ] GC(1154)   Pre Evacuate Collection Set: 0.0ms
[154.954s][info][gc,phases      ] GC(1154)   Evacuate Collection Set: 3.1ms
[154.954s][info][gc,phases      ] GC(1154)   Post Evacuate Collection Set: 0.4ms
[154.954s][info][gc,phases      ] GC(1154)   Other: 0.3ms
[154.954s][info][gc,heap        ] GC(1154) Eden regions: 231->0(231)
[154.954s][info][gc,heap        ] GC(1154) Survivor regions: 1->1(29)
[154.954s][info][gc,heap        ] GC(1154) Old regions: 55->55
[154.954s][info][gc,heap        ] GC(1154) Humongous regions: 6->6
[154.954s][info][gc,metaspace   ] GC(1154) Metaspace: 72342K->72342K(1114112K)
[154.954s][info][gc             ] GC(1154) Pause Young (Normal) (G1 Evacuation Pause) 290M->60M(387M) 3.817ms
[154.954s][info][gc,cpu         ] GC(1154) User=0.01s Sys=0.00s Real=0.00s
[155.062s][info][gc,start       ] GC(1155) Pause Young (Normal) (G1 Evacuation Pause)
[155.062s][info][gc,task        ] GC(1155) Using 1 workers of 1 for evacuation
[155.065s][info][gc,phases      ] GC(1155)   Pre Evacuate Collection Set: 0.0ms
[155.065s][info][gc,phases      ] GC(1155)   Evacuate Collection Set: 2.9ms
[155.065s][info][gc,phases      ] GC(1155)   Post Evacuate Collection Set: 0.3ms
[155.065s][info][gc,phases      ] GC(1155)   Other: 0.4ms
[155.065s][info][gc,heap        ] GC(1155) Eden regions: 231->0(231)
[155.065s][info][gc,heap        ] GC(1155) Survivor regions: 1->1(29)
[155.065s][info][gc,heap        ] GC(1155) Old regions: 55->55
[155.065s][info][gc,heap        ] GC(1155) Humongous regions: 6->6
[155.065s][info][gc,metaspace   ] GC(1155) Metaspace: 72342K->72342K(1114112K)
[155.065s][info][gc             ] GC(1155) Pause Young (Normal) (G1 Evacuation Pause) 291M->60M(387M) 3.620ms
[155.065s][info][gc,cpu         ] GC(1155) User=0.00s Sys=0.01s Real=0.00s
[155.174s][info][gc,start       ] GC(1156) Pause Young (Normal) (G1 Evacuation Pause)
[155.174s][info][gc,task        ] GC(1156) Using 1 workers of 1 for evacuation
[155.177s][info][gc,phases      ] GC(1156)   Pre Evacuate Collection Set: 0.0ms
[155.178s][info][gc,phases      ] GC(1156)   Evacuate Collection Set: 2.8ms
[155.178s][info][gc,phases      ] GC(1156)   Post Evacuate Collection Set: 0.3ms
[155.178s][info][gc,phases      ] GC(1156)   Other: 0.4ms
[155.178s][info][gc,heap        ] GC(1156) Eden regions: 231->0(231)
[155.178s][info][gc,heap        ] GC(1156) Survivor regions: 1->1(29)
[155.178s][info][gc,heap        ] GC(1156) Old regions: 55->55
[155.178s][info][gc,heap        ] GC(1156) Humongous regions: 6->6
[155.178s][info][gc,metaspace   ] GC(1156) Metaspace: 72342K->72342K(1114112K)
[155.178s][info][gc             ] GC(1156) Pause Young (Normal) (G1 Evacuation Pause) 291M->60M(387M) 3.611ms
[155.178s][info][gc,cpu         ] GC(1156) User=0.01s Sys=0.00s Real=0.00s
[155.293s][info][gc,start       ] GC(1157) Pause Young (Normal) (G1 Evacuation Pause)
[155.293s][info][gc,task        ] GC(1157) Using 1 workers of 1 for evacuation
[155.297s][info][gc,phases      ] GC(1157)   Pre Evacuate Collection Set: 0.0ms
[155.297s][info][gc,phases      ] GC(1157)   Evacuate Collection Set: 2.9ms
[155.297s][info][gc,phases      ] GC(1157)   Post Evacuate Collection Set: 0.4ms
[155.297s][info][gc,phases      ] GC(1157)   Other: 0.3ms
[155.297s][info][gc,heap        ] GC(1157) Eden regions: 231->0(231)
[155.297s][info][gc,heap        ] GC(1157) Survivor regions: 1->1(29)
[155.297s][info][gc,heap        ] GC(1157) Old regions: 55->55
[155.297s][info][gc,heap        ] GC(1157) Humongous regions: 6->6
[155.297s][info][gc,metaspace   ] GC(1157) Metaspace: 72342K->72342K(1114112K)
[155.297s][info][gc             ] GC(1157) Pause Young (Normal) (G1 Evacuation Pause) 291M->60M(387M) 3.659ms
[155.297s][info][gc,cpu         ] GC(1157) User=0.00s Sys=0.00s Real=0.00s
[155.515s][info][gc,start       ] GC(1158) Pause Young (Normal) (G1 Evacuation Pause)
[155.515s][info][gc,task        ] GC(1158) Using 1 workers of 1 for evacuation
[155.520s][info][gc,phases      ] GC(1158)   Pre Evacuate Collection Set: 0.0ms
[155.520s][info][gc,phases      ] GC(1158)   Evacuate Collection Set: 4.9ms
[155.520s][info][gc,phases      ] GC(1158)   Post Evacuate Collection Set: 0.4ms
[155.520s][info][gc,phases      ] GC(1158)   Other: 0.4ms
[155.520s][info][gc,heap        ] GC(1158) Eden regions: 231->0(229)
[155.520s][info][gc,heap        ] GC(1158) Survivor regions: 1->3(29)
[155.520s][info][gc,heap        ] GC(1158) Old regions: 55->55
[155.520s][info][gc,heap        ] GC(1158) Humongous regions: 21->6
[155.520s][info][gc,metaspace   ] GC(1158) Metaspace: 72418K->72418K(1114112K)
[155.520s][info][gc             ] GC(1158) Pause Young (Normal) (G1 Evacuation Pause) 306M->61M(387M) 5.744ms
[155.520s][info][gc,cpu         ] GC(1158) User=0.01s Sys=0.00s Real=0.01s
[155.875s][info][gc,start       ] GC(1159) Pause Young (Normal) (G1 Evacuation Pause)
[155.875s][info][gc,task        ] GC(1159) Using 1 workers of 1 for evacuation
[155.886s][info][gc,phases      ] GC(1159)   Pre Evacuate Collection Set: 0.0ms
[155.886s][info][gc,phases      ] GC(1159)   Evacuate Collection Set: 10.4ms
[155.886s][info][gc,phases      ] GC(1159)   Post Evacuate Collection Set: 0.4ms
[155.886s][info][gc,phases      ] GC(1159)   Other: 0.4ms
[155.886s][info][gc,heap        ] GC(1159) Eden regions: 229->0(227)
[155.886s][info][gc,heap        ] GC(1159) Survivor regions: 3->5(29)
[155.886s][info][gc,heap        ] GC(1159) Old regions: 55->55
[155.886s][info][gc,heap        ] GC(1159) Humongous regions: 26->6
[155.887s][info][gc,metaspace   ] GC(1159) Metaspace: 72439K->72439K(1114112K)
[155.887s][info][gc             ] GC(1159) Pause Young (Normal) (G1 Evacuation Pause) 310M->63M(387M) 11.347ms
[155.887s][info][gc,cpu         ] GC(1159) User=0.01s Sys=0.00s Real=0.01s
[156.099s][info][gc,start       ] GC(1160) Pause Young (Normal) (G1 Evacuation Pause)
[156.099s][info][gc,task        ] GC(1160) Using 1 workers of 1 for evacuation
[156.108s][info][gc,phases      ] GC(1160)   Pre Evacuate Collection Set: 0.0ms
[156.108s][info][gc,phases      ] GC(1160)   Evacuate Collection Set: 8.2ms
[156.108s][info][gc,phases      ] GC(1160)   Post Evacuate Collection Set: 0.4ms
[156.108s][info][gc,phases      ] GC(1160)   Other: 0.4ms
[156.108s][info][gc,heap        ] GC(1160) Eden regions: 227->0(228)
[156.108s][info][gc,heap        ] GC(1160) Survivor regions: 5->4(29)
[156.108s][info][gc,heap        ] GC(1160) Old regions: 55->55
[156.108s][info][gc,heap        ] GC(1160) Humongous regions: 6->6
[156.108s][info][gc,metaspace   ] GC(1160) Metaspace: 72439K->72439K(1114112K)
[156.108s][info][gc             ] GC(1160) Pause Young (Normal) (G1 Evacuation Pause) 290M->63M(387M) 8.980ms
[156.108s][info][gc,cpu         ] GC(1160) User=0.01s Sys=0.00s Real=0.00s
[156.224s][info][gc,start       ] GC(1161) Pause Young (Normal) (G1 Evacuation Pause)
[156.224s][info][gc,task        ] GC(1161) Using 1 workers of 1 for evacuation
[156.233s][info][gc,phases      ] GC(1161)   Pre Evacuate Collection Set: 0.0ms
[156.233s][info][gc,phases      ] GC(1161)   Evacuate Collection Set: 8.2ms
[156.233s][info][gc,phases      ] GC(1161)   Post Evacuate Collection Set: 0.4ms
[156.233s][info][gc,phases      ] GC(1161)   Other: 0.3ms
[156.233s][info][gc,heap        ] GC(1161) Eden regions: 228->0(228)
[156.233s][info][gc,heap        ] GC(1161) Survivor regions: 4->4(29)
[156.233s][info][gc,heap        ] GC(1161) Old regions: 55->55
[156.233s][info][gc,heap        ] GC(1161) Humongous regions: 6->6
[156.233s][info][gc,metaspace   ] GC(1161) Metaspace: 72439K->72439K(1114112K)
[156.233s][info][gc             ] GC(1161) Pause Young (Normal) (G1 Evacuation Pause) 291M->63M(387M) 8.956ms
[156.233s][info][gc,cpu         ] GC(1161) User=0.01s Sys=0.00s Real=0.01s
[156.351s][info][gc,start       ] GC(1162) Pause Young (Normal) (G1 Evacuation Pause)
[156.351s][info][gc,task        ] GC(1162) Using 1 workers of 1 for evacuation
[156.360s][info][gc,phases      ] GC(1162)   Pre Evacuate Collection Set: 0.0ms
[156.360s][info][gc,phases      ] GC(1162)   Evacuate Collection Set: 8.3ms
[156.360s][info][gc,phases      ] GC(1162)   Post Evacuate Collection Set: 0.6ms
[156.360s][info][gc,phases      ] GC(1162)   Other: 0.3ms
[156.360s][info][gc,heap        ] GC(1162) Eden regions: 228->0(256)
[156.360s][info][gc,heap        ] GC(1162) Survivor regions: 4->4(29)
[156.360s][info][gc,heap        ] GC(1162) Old regions: 55->55
[156.360s][info][gc,heap        ] GC(1162) Humongous regions: 6->6
[156.360s][info][gc,metaspace   ] GC(1162) Metaspace: 72439K->72439K(1114112K)
[156.360s][info][gc             ] GC(1162) Pause Young (Normal) (G1 Evacuation Pause) 291M->63M(434M) 9.308ms
[156.360s][info][gc,cpu         ] GC(1162) User=0.01s Sys=0.00s Real=0.01s
[156.720s][info][gc,start       ] GC(1163) Pause Young (Normal) (G1 Evacuation Pause)
[156.720s][info][gc,task        ] GC(1163) Using 1 workers of 1 for evacuation
[156.726s][info][gc,phases      ] GC(1163)   Pre Evacuate Collection Set: 0.0ms
[156.726s][info][gc,phases      ] GC(1163)   Evacuate Collection Set: 5.5ms
[156.726s][info][gc,phases      ] GC(1163)   Post Evacuate Collection Set: 0.5ms
[156.726s][info][gc,phases      ] GC(1163)   Other: 0.5ms
[156.726s][info][gc,heap        ] GC(1163) Eden regions: 256->0(256)
[156.726s][info][gc,heap        ] GC(1163) Survivor regions: 4->4(33)
[156.726s][info][gc,heap        ] GC(1163) Old regions: 55->55
[156.726s][info][gc,heap        ] GC(1163) Humongous regions: 36->6
[156.726s][info][gc,metaspace   ] GC(1163) Metaspace: 72463K->72463K(1114112K)
[156.727s][info][gc             ] GC(1163) Pause Young (Normal) (G1 Evacuation Pause) 349M->62M(434M) 6.595ms
[156.727s][info][gc,cpu         ] GC(1163) User=0.01s Sys=0.00s Real=0.00s
[157.117s][info][gc,start       ] GC(1164) Pause Young (Normal) (G1 Evacuation Pause)
[157.117s][info][gc,task        ] GC(1164) Using 1 workers of 1 for evacuation
[157.128s][info][gc,phases      ] GC(1164)   Pre Evacuate Collection Set: 0.0ms
[157.128s][info][gc,phases      ] GC(1164)   Evacuate Collection Set: 9.9ms
[157.128s][info][gc,phases      ] GC(1164)   Post Evacuate Collection Set: 0.4ms
[157.128s][info][gc,phases      ] GC(1164)   Other: 0.4ms
[157.128s][info][gc,heap        ] GC(1164) Eden regions: 256->0(256)
[157.128s][info][gc,heap        ] GC(1164) Survivor regions: 4->4(33)
[157.128s][info][gc,heap        ] GC(1164) Old regions: 55->55
[157.128s][info][gc,heap        ] GC(1164) Humongous regions: 36->6
[157.128s][info][gc,metaspace   ] GC(1164) Metaspace: 72506K->72506K(1114112K)
[157.128s][info][gc             ] GC(1164) Pause Young (Normal) (G1 Evacuation Pause) 348M->63M(434M) 10.756ms
[157.128s][info][gc,cpu         ] GC(1164) User=0.01s Sys=0.00s Real=0.01s
[157.366s][info][gc,start       ] GC(1165) Pause Young (Normal) (G1 Evacuation Pause)
[157.367s][info][gc,task        ] GC(1165) Using 1 workers of 1 for evacuation
[157.373s][info][gc,phases      ] GC(1165)   Pre Evacuate Collection Set: 0.0ms
[157.373s][info][gc,phases      ] GC(1165)   Evacuate Collection Set: 5.4ms
[157.373s][info][gc,phases      ] GC(1165)   Post Evacuate Collection Set: 0.4ms
[157.373s][info][gc,phases      ] GC(1165)   Other: 0.5ms
[157.373s][info][gc,heap        ] GC(1165) Eden regions: 256->0(256)
[157.373s][info][gc,heap        ] GC(1165) Survivor regions: 4->4(33)
[157.373s][info][gc,heap        ] GC(1165) Old regions: 55->55
[157.373s][info][gc,heap        ] GC(1165) Humongous regions: 6->6
[157.373s][info][gc,metaspace   ] GC(1165) Metaspace: 72506K->72506K(1114112K)
[157.373s][info][gc             ] GC(1165) Pause Young (Normal) (G1 Evacuation Pause) 319M->63M(434M) 6.339ms
[157.373s][info][gc,cpu         ] GC(1165) User=0.00s Sys=0.00s Real=0.01s
[157.611s][info][gc,start       ] GC(1166) Pause Young (Normal) (G1 Evacuation Pause)
[157.611s][info][gc,task        ] GC(1166) Using 1 workers of 1 for evacuation
[157.617s][info][gc,phases      ] GC(1166)   Pre Evacuate Collection Set: 0.0ms
[157.617s][info][gc,phases      ] GC(1166)   Evacuate Collection Set: 5.4ms
[157.617s][info][gc,phases      ] GC(1166)   Post Evacuate Collection Set: 0.4ms
[157.617s][info][gc,phases      ] GC(1166)   Other: 0.4ms
[157.617s][info][gc,heap        ] GC(1166) Eden regions: 256->0(256)
[157.617s][info][gc,heap        ] GC(1166) Survivor regions: 4->4(33)
[157.617s][info][gc,heap        ] GC(1166) Old regions: 55->55
[157.617s][info][gc,heap        ] GC(1166) Humongous regions: 6->6
[157.617s][info][gc,metaspace   ] GC(1166) Metaspace: 72509K->72509K(1114112K)
[157.617s][info][gc             ] GC(1166) Pause Young (Normal) (G1 Evacuation Pause) 319M->63M(434M) 6.224ms
[157.617s][info][gc,cpu         ] GC(1166) User=0.01s Sys=0.00s Real=0.00s
[157.855s][info][gc,start       ] GC(1167) Pause Young (Normal) (G1 Evacuation Pause)
[157.855s][info][gc,task        ] GC(1167) Using 1 workers of 1 for evacuation
[157.861s][info][gc,phases      ] GC(1167)   Pre Evacuate Collection Set: 0.0ms
[157.861s][info][gc,phases      ] GC(1167)   Evacuate Collection Set: 5.3ms
[157.861s][info][gc,phases      ] GC(1167)   Post Evacuate Collection Set: 0.4ms
[157.861s][info][gc,phases      ] GC(1167)   Other: 0.4ms
[157.861s][info][gc,heap        ] GC(1167) Eden regions: 256->0(256)
[157.861s][info][gc,heap        ] GC(1167) Survivor regions: 4->4(33)
[157.861s][info][gc,heap        ] GC(1167) Old regions: 55->55
[157.861s][info][gc,heap        ] GC(1167) Humongous regions: 6->6
[157.861s][info][gc,metaspace   ] GC(1167) Metaspace: 72509K->72509K(1114112K)
[157.861s][info][gc             ] GC(1167) Pause Young (Normal) (G1 Evacuation Pause) 319M->63M(434M) 6.212ms
[157.861s][info][gc,cpu         ] GC(1167) User=0.01s Sys=0.00s Real=0.01s
[157.981s][info][gc,start       ] GC(1168) Pause Young (Normal) (G1 Evacuation Pause)
[157.981s][info][gc,task        ] GC(1168) Using 1 workers of 1 for evacuation
[157.987s][info][gc,phases      ] GC(1168)   Pre Evacuate Collection Set: 0.0ms
[157.987s][info][gc,phases      ] GC(1168)   Evacuate Collection Set: 5.7ms
[157.987s][info][gc,phases      ] GC(1168)   Post Evacuate Collection Set: 0.4ms
[157.987s][info][gc,phases      ] GC(1168)   Other: 0.3ms
[157.987s][info][gc,heap        ] GC(1168) Eden regions: 256->0(256)
[157.987s][info][gc,heap        ] GC(1168) Survivor regions: 4->4(33)
[157.987s][info][gc,heap        ] GC(1168) Old regions: 55->55
[157.987s][info][gc,heap        ] GC(1168) Humongous regions: 6->6
[157.987s][info][gc,metaspace   ] GC(1168) Metaspace: 72509K->72509K(1114112K)
[157.987s][info][gc             ] GC(1168) Pause Young (Normal) (G1 Evacuation Pause) 319M->63M(434M) 6.400ms
[157.987s][info][gc,cpu         ] GC(1168) User=0.01s Sys=0.00s Real=0.00s
[158.109s][info][gc,start       ] GC(1169) Pause Young (Normal) (G1 Evacuation Pause)
[158.109s][info][gc,task        ] GC(1169) Using 1 workers of 1 for evacuation
[158.115s][info][gc,phases      ] GC(1169)   Pre Evacuate Collection Set: 0.0ms
[158.115s][info][gc,phases      ] GC(1169)   Evacuate Collection Set: 5.7ms
[158.115s][info][gc,phases      ] GC(1169)   Post Evacuate Collection Set: 0.4ms
[158.115s][info][gc,phases      ] GC(1169)   Other: 0.4ms
[158.115s][info][gc,heap        ] GC(1169) Eden regions: 256->0(256)
[158.115s][info][gc,heap        ] GC(1169) Survivor regions: 4->4(33)
[158.115s][info][gc,heap        ] GC(1169) Old regions: 55->55
[158.115s][info][gc,heap        ] GC(1169) Humongous regions: 6->6
[158.115s][info][gc,metaspace   ] GC(1169) Metaspace: 72509K->72509K(1114112K)
[158.115s][info][gc             ] GC(1169) Pause Young (Normal) (G1 Evacuation Pause) 319M->63M(434M) 6.526ms
[158.115s][info][gc,cpu         ] GC(1169) User=0.00s Sys=0.00s Real=0.01s
[158.573s][info][gc,start       ] GC(1170) Pause Young (Normal) (G1 Evacuation Pause)
[158.573s][info][gc,task        ] GC(1170) Using 1 workers of 1 for evacuation
[158.581s][info][gc,phases      ] GC(1170)   Pre Evacuate Collection Set: 0.0ms
[158.581s][info][gc,phases      ] GC(1170)   Evacuate Collection Set: 7.0ms
[158.581s][info][gc,phases      ] GC(1170)   Post Evacuate Collection Set: 0.4ms
[158.581s][info][gc,phases      ] GC(1170)   Other: 0.4ms
[158.581s][info][gc,heap        ] GC(1170) Eden regions: 256->0(254)
[158.581s][info][gc,heap        ] GC(1170) Survivor regions: 4->6(33)
[158.581s][info][gc,heap        ] GC(1170) Old regions: 55->55
[158.581s][info][gc,heap        ] GC(1170) Humongous regions: 31->6
[158.581s][info][gc,metaspace   ] GC(1170) Metaspace: 72527K->72527K(1114112K)
[158.581s][info][gc             ] GC(1170) Pause Young (Normal) (G1 Evacuation Pause) 344M->64M(434M) 7.908ms
[158.581s][info][gc,cpu         ] GC(1170) User=0.01s Sys=0.00s Real=0.01s
[158.701s][info][gc,start       ] GC(1171) Pause Young (Normal) (G1 Evacuation Pause)
[158.701s][info][gc,task        ] GC(1171) Using 1 workers of 1 for evacuation
[158.708s][info][gc,phases      ] GC(1171)   Pre Evacuate Collection Set: 0.0ms
[158.709s][info][gc,phases      ] GC(1171)   Evacuate Collection Set: 6.7ms
[158.709s][info][gc,phases      ] GC(1171)   Post Evacuate Collection Set: 0.5ms
[158.709s][info][gc,phases      ] GC(1171)   Other: 0.3ms
[158.709s][info][gc,heap        ] GC(1171) Eden regions: 254->0(255)
[158.709s][info][gc,heap        ] GC(1171) Survivor regions: 6->5(33)
[158.709s][info][gc,heap        ] GC(1171) Old regions: 55->55
[158.709s][info][gc,heap        ] GC(1171) Humongous regions: 6->6
[158.709s][info][gc,metaspace   ] GC(1171) Metaspace: 72527K->72527K(1114112K)
[158.709s][info][gc             ] GC(1171) Pause Young (Normal) (G1 Evacuation Pause) 318M->64M(434M) 7.558ms
[158.709s][info][gc,cpu         ] GC(1171) User=0.00s Sys=0.00s Real=0.00s
[158.832s][info][gc,start       ] GC(1172) Pause Young (Normal) (G1 Evacuation Pause)
[158.832s][info][gc,task        ] GC(1172) Using 1 workers of 1 for evacuation
[158.839s][info][gc,phases      ] GC(1172)   Pre Evacuate Collection Set: 0.0ms
[158.839s][info][gc,phases      ] GC(1172)   Evacuate Collection Set: 6.3ms
[158.839s][info][gc,phases      ] GC(1172)   Post Evacuate Collection Set: 0.4ms
[158.839s][info][gc,phases      ] GC(1172)   Other: 0.3ms
[158.839s][info][gc,heap        ] GC(1172) Eden regions: 255->0(255)
[158.839s][info][gc,heap        ] GC(1172) Survivor regions: 5->5(33)
[158.839s][info][gc,heap        ] GC(1172) Old regions: 55->55
[158.839s][info][gc,heap        ] GC(1172) Humongous regions: 6->6
[158.839s][info][gc,metaspace   ] GC(1172) Metaspace: 72527K->72527K(1114112K)
[158.839s][info][gc             ] GC(1172) Pause Young (Normal) (G1 Evacuation Pause) 319M->64M(434M) 7.116ms
[158.839s][info][gc,cpu         ] GC(1172) User=0.00s Sys=0.00s Real=0.01s
[158.967s][info][gc,start       ] GC(1173) Pause Young (Normal) (G1 Evacuation Pause)
[158.968s][info][gc,task        ] GC(1173) Using 1 workers of 1 for evacuation
[158.975s][info][gc,phases      ] GC(1173)   Pre Evacuate Collection Set: 0.0ms
[158.975s][info][gc,phases      ] GC(1173)   Evacuate Collection Set: 6.6ms
[158.975s][info][gc,phases      ] GC(1173)   Post Evacuate Collection Set: 0.4ms
[158.975s][info][gc,phases      ] GC(1173)   Other: 0.4ms
[158.975s][info][gc,heap        ] GC(1173) Eden regions: 255->0(256)
[158.975s][info][gc,heap        ] GC(1173) Survivor regions: 5->4(33)
[158.975s][info][gc,heap        ] GC(1173) Old regions: 55->56
[158.975s][info][gc,heap        ] GC(1173) Humongous regions: 6->6
[158.975s][info][gc,metaspace   ] GC(1173) Metaspace: 72527K->72527K(1114112K)
[158.975s][info][gc             ] GC(1173) Pause Young (Normal) (G1 Evacuation Pause) 319M->64M(434M) 7.380ms
[158.975s][info][gc,cpu         ] GC(1173) User=0.01s Sys=0.00s Real=0.01s
[159.095s][info][gc,start       ] GC(1174) Pause Young (Normal) (G1 Evacuation Pause)
[159.095s][info][gc,task        ] GC(1174) Using 1 workers of 1 for evacuation
[159.101s][info][gc,phases      ] GC(1174)   Pre Evacuate Collection Set: 0.0ms
[159.101s][info][gc,phases      ] GC(1174)   Evacuate Collection Set: 5.3ms
[159.101s][info][gc,phases      ] GC(1174)   Post Evacuate Collection Set: 0.5ms
[159.101s][info][gc,phases      ] GC(1174)   Other: 0.3ms
[159.101s][info][gc,heap        ] GC(1174) Eden regions: 256->0(256)
[159.101s][info][gc,heap        ] GC(1174) Survivor regions: 4->4(33)
[159.101s][info][gc,heap        ] GC(1174) Old regions: 56->57
[159.101s][info][gc,heap        ] GC(1174) Humongous regions: 6->6
[159.101s][info][gc,metaspace   ] GC(1174) Metaspace: 72527K->72527K(1114112K)
[159.101s][info][gc             ] GC(1174) Pause Young (Normal) (G1 Evacuation Pause) 320M->64M(434M) 6.087ms
[159.101s][info][gc,cpu         ] GC(1174) User=0.01s Sys=0.00s Real=0.01s
[159.223s][info][gc,start       ] GC(1175) Pause Young (Normal) (G1 Evacuation Pause)
[159.223s][info][gc,task        ] GC(1175) Using 1 workers of 1 for evacuation
[159.228s][info][gc,phases      ] GC(1175)   Pre Evacuate Collection Set: 0.0ms
[159.228s][info][gc,phases      ] GC(1175)   Evacuate Collection Set: 5.0ms
[159.228s][info][gc,phases      ] GC(1175)   Post Evacuate Collection Set: 0.4ms
[159.228s][info][gc,phases      ] GC(1175)   Other: 0.3ms
[159.228s][info][gc,heap        ] GC(1175) Eden regions: 256->0(256)
[159.228s][info][gc,heap        ] GC(1175) Survivor regions: 4->4(33)
[159.228s][info][gc,heap        ] GC(1175) Old regions: 57->57
[159.228s][info][gc,heap        ] GC(1175) Humongous regions: 6->6
[159.228s][info][gc,metaspace   ] GC(1175) Metaspace: 72527K->72527K(1114112K)
[159.228s][info][gc             ] GC(1175) Pause Young (Normal) (G1 Evacuation Pause) 320M->65M(434M) 5.759ms
[159.228s][info][gc,cpu         ] GC(1175) User=0.01s Sys=0.00s Real=0.00s
[159.365s][info][gc,start       ] GC(1176) Pause Young (Normal) (G1 Evacuation Pause)
[159.365s][info][gc,task        ] GC(1176) Using 1 workers of 1 for evacuation
[159.371s][info][gc,phases      ] GC(1176)   Pre Evacuate Collection Set: 0.0ms
[159.371s][info][gc,phases      ] GC(1176)   Evacuate Collection Set: 5.1ms
[159.371s][info][gc,phases      ] GC(1176)   Post Evacuate Collection Set: 0.4ms
[159.371s][info][gc,phases      ] GC(1176)   Other: 0.3ms
[159.371s][info][gc,heap        ] GC(1176) Eden regions: 256->0(256)
[159.371s][info][gc,heap        ] GC(1176) Survivor regions: 4->4(33)
[159.371s][info][gc,heap        ] GC(1176) Old regions: 57->57
[159.371s][info][gc,heap        ] GC(1176) Humongous regions: 11->6
[159.371s][info][gc,metaspace   ] GC(1176) Metaspace: 72528K->72528K(1114112K)
[159.371s][info][gc             ] GC(1176) Pause Young (Normal) (G1 Evacuation Pause) 326M->64M(434M) 5.918ms
[159.371s][info][gc,cpu         ] GC(1176) User=0.01s Sys=0.00s Real=0.01s
[159.493s][info][gc,start       ] GC(1177) Pause Young (Normal) (G1 Evacuation Pause)
[159.493s][info][gc,task        ] GC(1177) Using 1 workers of 1 for evacuation
[159.498s][info][gc,phases      ] GC(1177)   Pre Evacuate Collection Set: 0.0ms
[159.498s][info][gc,phases      ] GC(1177)   Evacuate Collection Set: 4.7ms
[159.498s][info][gc,phases      ] GC(1177)   Post Evacuate Collection Set: 0.4ms
[159.498s][info][gc,phases      ] GC(1177)   Other: 0.3ms
[159.498s][info][gc,heap        ] GC(1177) Eden regions: 256->0(256)
[159.498s][info][gc,heap        ] GC(1177) Survivor regions: 4->4(33)
[159.498s][info][gc,heap        ] GC(1177) Old regions: 57->57
[159.498s][info][gc,heap        ] GC(1177) Humongous regions: 6->6
[159.498s][info][gc,metaspace   ] GC(1177) Metaspace: 72528K->72528K(1114112K)
[159.498s][info][gc             ] GC(1177) Pause Young (Normal) (G1 Evacuation Pause) 320M->64M(434M) 5.530ms
[159.498s][info][gc,cpu         ] GC(1177) User=0.01s Sys=0.00s Real=0.01s
[159.616s][info][gc,start       ] GC(1178) Pause Young (Normal) (G1 Evacuation Pause)
[159.616s][info][gc,task        ] GC(1178) Using 1 workers of 1 for evacuation
[159.621s][info][gc,phases      ] GC(1178)   Pre Evacuate Collection Set: 0.0ms
[159.621s][info][gc,phases      ] GC(1178)   Evacuate Collection Set: 4.9ms
[159.621s][info][gc,phases      ] GC(1178)   Post Evacuate Collection Set: 0.4ms
[159.621s][info][gc,phases      ] GC(1178)   Other: 0.3ms
[159.621s][info][gc,heap        ] GC(1178) Eden regions: 256->0(257)
[159.621s][info][gc,heap        ] GC(1178) Survivor regions: 4->3(33)
[159.621s][info][gc,heap        ] GC(1178) Old regions: 57->58
[159.621s][info][gc,heap        ] GC(1178) Humongous regions: 6->6
[159.621s][info][gc,metaspace   ] GC(1178) Metaspace: 72528K->72528K(1114112K)
[159.621s][info][gc             ] GC(1178) Pause Young (Normal) (G1 Evacuation Pause) 320M->64M(434M) 5.719ms
[159.621s][info][gc,cpu         ] GC(1178) User=0.01s Sys=0.00s Real=0.01s
[159.753s][info][gc,start       ] GC(1179) Pause Young (Normal) (G1 Evacuation Pause)
[159.753s][info][gc,task        ] GC(1179) Using 1 workers of 1 for evacuation
[159.758s][info][gc,phases      ] GC(1179)   Pre Evacuate Collection Set: 0.0ms
[159.758s][info][gc,phases      ] GC(1179)   Evacuate Collection Set: 4.5ms
[159.758s][info][gc,phases      ] GC(1179)   Post Evacuate Collection Set: 0.4ms
[159.758s][info][gc,phases      ] GC(1179)   Other: 0.4ms
[159.758s][info][gc,heap        ] GC(1179) Eden regions: 257->0(258)
[159.758s][info][gc,heap        ] GC(1179) Survivor regions: 3->2(33)
[159.758s][info][gc,heap        ] GC(1179) Old regions: 58->59
[159.758s][info][gc,heap        ] GC(1179) Humongous regions: 6->6
[159.758s][info][gc,metaspace   ] GC(1179) Metaspace: 72528K->72528K(1114112K)
[159.758s][info][gc             ] GC(1179) Pause Young (Normal) (G1 Evacuation Pause) 321M->64M(434M) 5.373ms
[159.758s][info][gc,cpu         ] GC(1179) User=0.00s Sys=0.00s Real=0.01s
[159.877s][info][gc,start       ] GC(1180) Pause Young (Normal) (G1 Evacuation Pause)
[159.877s][info][gc,task        ] GC(1180) Using 1 workers of 1 for evacuation
[159.882s][info][gc,phases      ] GC(1180)   Pre Evacuate Collection Set: 0.0ms
[159.882s][info][gc,phases      ] GC(1180)   Evacuate Collection Set: 3.8ms
[159.882s][info][gc,phases      ] GC(1180)   Post Evacuate Collection Set: 0.4ms
[159.882s][info][gc,phases      ] GC(1180)   Other: 0.3ms
[159.882s][info][gc,heap        ] GC(1180) Eden regions: 258->0(258)
[159.882s][info][gc,heap        ] GC(1180) Survivor regions: 2->2(33)
[159.882s][info][gc,heap        ] GC(1180) Old regions: 59->59
[159.882s][info][gc,heap        ] GC(1180) Humongous regions: 6->6
[159.882s][info][gc,metaspace   ] GC(1180) Metaspace: 72528K->72528K(1114112K)
[159.882s][info][gc             ] GC(1180) Pause Young (Normal) (G1 Evacuation Pause) 322M->65M(434M) 4.555ms
[159.882s][info][gc,cpu         ] GC(1180) User=0.01s Sys=0.00s Real=0.01s
[160.002s][info][gc,start       ] GC(1181) Pause Young (Normal) (G1 Evacuation Pause)
[160.003s][info][gc,task        ] GC(1181) Using 1 workers of 1 for evacuation
[160.007s][info][gc,phases      ] GC(1181)   Pre Evacuate Collection Set: 0.0ms
[160.007s][info][gc,phases      ] GC(1181)   Evacuate Collection Set: 3.9ms
[160.007s][info][gc,phases      ] GC(1181)   Post Evacuate Collection Set: 0.4ms
[160.007s][info][gc,phases      ] GC(1181)   Other: 0.3ms
[160.007s][info][gc,heap        ] GC(1181) Eden regions: 258->0(258)
[160.007s][info][gc,heap        ] GC(1181) Survivor regions: 2->2(33)
[160.007s][info][gc,heap        ] GC(1181) Old regions: 59->59
[160.007s][info][gc,heap        ] GC(1181) Humongous regions: 6->6
[160.007s][info][gc,metaspace   ] GC(1181) Metaspace: 72528K->72528K(1114112K)
[160.007s][info][gc             ] GC(1181) Pause Young (Normal) (G1 Evacuation Pause) 323M->65M(434M) 4.621ms
[160.007s][info][gc,cpu         ] GC(1181) User=0.00s Sys=0.00s Real=0.00s
[160.143s][info][gc,start       ] GC(1182) Pause Young (Normal) (G1 Evacuation Pause)
[160.143s][info][gc,task        ] GC(1182) Using 1 workers of 1 for evacuation
[160.147s][info][gc,phases      ] GC(1182)   Pre Evacuate Collection Set: 0.0ms
[160.147s][info][gc,phases      ] GC(1182)   Evacuate Collection Set: 3.9ms
[160.147s][info][gc,phases      ] GC(1182)   Post Evacuate Collection Set: 0.4ms
[160.147s][info][gc,phases      ] GC(1182)   Other: 0.3ms
[160.147s][info][gc,heap        ] GC(1182) Eden regions: 258->0(258)
[160.147s][info][gc,heap        ] GC(1182) Survivor regions: 2->2(33)
[160.147s][info][gc,heap        ] GC(1182) Old regions: 59->59
[160.147s][info][gc,heap        ] GC(1182) Humongous regions: 11->6
[160.147s][info][gc,metaspace   ] GC(1182) Metaspace: 72529K->72529K(1114112K)
[160.147s][info][gc             ] GC(1182) Pause Young (Normal) (G1 Evacuation Pause) 328M->65M(434M) 4.706ms
[160.147s][info][gc,cpu         ] GC(1182) User=0.00s Sys=0.00s Real=0.00s
[160.268s][info][gc,start       ] GC(1183) Pause Young (Normal) (G1 Evacuation Pause)
[160.268s][info][gc,task        ] GC(1183) Using 1 workers of 1 for evacuation
[160.273s][info][gc,phases      ] GC(1183)   Pre Evacuate Collection Set: 0.0ms
[160.273s][info][gc,phases      ] GC(1183)   Evacuate Collection Set: 3.9ms
[160.273s][info][gc,phases      ] GC(1183)   Post Evacuate Collection Set: 0.4ms
[160.273s][info][gc,phases      ] GC(1183)   Other: 0.4ms
[160.273s][info][gc,heap        ] GC(1183) Eden regions: 258->0(258)
[160.273s][info][gc,heap        ] GC(1183) Survivor regions: 2->2(33)
[160.273s][info][gc,heap        ] GC(1183) Old regions: 59->59
[160.273s][info][gc,heap        ] GC(1183) Humongous regions: 6->6
[160.273s][info][gc,metaspace   ] GC(1183) Metaspace: 72529K->72529K(1114112K)
[160.273s][info][gc             ] GC(1183) Pause Young (Normal) (G1 Evacuation Pause) 323M->65M(434M) 4.817ms
[160.273s][info][gc,cpu         ] GC(1183) User=0.01s Sys=0.00s Real=0.01s
[160.393s][info][gc,start       ] GC(1184) Pause Young (Normal) (G1 Evacuation Pause)
[160.393s][info][gc,task        ] GC(1184) Using 1 workers of 1 for evacuation
[160.398s][info][gc,phases      ] GC(1184)   Pre Evacuate Collection Set: 0.0ms
[160.398s][info][gc,phases      ] GC(1184)   Evacuate Collection Set: 3.8ms
[160.398s][info][gc,phases      ] GC(1184)   Post Evacuate Collection Set: 0.4ms
[160.398s][info][gc,phases      ] GC(1184)   Other: 0.4ms
[160.398s][info][gc,heap        ] GC(1184) Eden regions: 258->0(258)
[160.398s][info][gc,heap        ] GC(1184) Survivor regions: 2->2(33)
[160.398s][info][gc,heap        ] GC(1184) Old regions: 59->59
[160.398s][info][gc,heap        ] GC(1184) Humongous regions: 6->6
[160.398s][info][gc,metaspace   ] GC(1184) Metaspace: 72529K->72529K(1114112K)
[160.398s][info][gc             ] GC(1184) Pause Young (Normal) (G1 Evacuation Pause) 323M->65M(434M) 4.578ms
[160.398s][info][gc,cpu         ] GC(1184) User=0.00s Sys=0.00s Real=0.01s
[160.528s][info][gc,start       ] GC(1185) Pause Young (Normal) (G1 Evacuation Pause)
[160.528s][info][gc,task        ] GC(1185) Using 1 workers of 1 for evacuation
[160.532s][info][gc,phases      ] GC(1185)   Pre Evacuate Collection Set: 0.0ms
[160.533s][info][gc,phases      ] GC(1185)   Evacuate Collection Set: 3.6ms
[160.533s][info][gc,phases      ] GC(1185)   Post Evacuate Collection Set: 0.4ms
[160.533s][info][gc,phases      ] GC(1185)   Other: 0.4ms
[160.533s][info][gc,heap        ] GC(1185) Eden regions: 258->0(259)
[160.533s][info][gc,heap        ] GC(1185) Survivor regions: 2->1(33)
[160.533s][info][gc,heap        ] GC(1185) Old regions: 59->60
[160.533s][info][gc,heap        ] GC(1185) Humongous regions: 6->6
[160.533s][info][gc,metaspace   ] GC(1185) Metaspace: 72529K->72529K(1114112K)
[160.533s][info][gc             ] GC(1185) Pause Young (Normal) (G1 Evacuation Pause) 323M->65M(434M) 4.413ms
[160.533s][info][gc,cpu         ] GC(1185) User=0.01s Sys=0.00s Real=0.01s
[160.651s][info][gc,start       ] GC(1186) Pause Young (Normal) (G1 Evacuation Pause)
[160.651s][info][gc,task        ] GC(1186) Using 1 workers of 1 for evacuation
[160.654s][info][gc,phases      ] GC(1186)   Pre Evacuate Collection Set: 0.0ms
[160.655s][info][gc,phases      ] GC(1186)   Evacuate Collection Set: 2.7ms
[160.655s][info][gc,phases      ] GC(1186)   Post Evacuate Collection Set: 0.4ms
[160.655s][info][gc,phases      ] GC(1186)   Other: 0.3ms
[160.655s][info][gc,heap        ] GC(1186) Eden regions: 259->0(259)
[160.655s][info][gc,heap        ] GC(1186) Survivor regions: 1->1(33)
[160.655s][info][gc,heap        ] GC(1186) Old regions: 60->60
[160.655s][info][gc,heap        ] GC(1186) Humongous regions: 6->6
[160.655s][info][gc,metaspace   ] GC(1186) Metaspace: 72529K->72529K(1114112K)
[160.655s][info][gc             ] GC(1186) Pause Young (Normal) (G1 Evacuation Pause) 324M->65M(434M) 3.431ms
[160.655s][info][gc,cpu         ] GC(1186) User=0.00s Sys=0.00s Real=0.00s
[160.778s][info][gc,start       ] GC(1187) Pause Young (Normal) (G1 Evacuation Pause)
[160.778s][info][gc,task        ] GC(1187) Using 1 workers of 1 for evacuation
[160.781s][info][gc,phases      ] GC(1187)   Pre Evacuate Collection Set: 0.0ms
[160.781s][info][gc,phases      ] GC(1187)   Evacuate Collection Set: 2.7ms
[160.782s][info][gc,phases      ] GC(1187)   Post Evacuate Collection Set: 0.3ms
[160.782s][info][gc,phases      ] GC(1187)   Other: 0.7ms
[160.782s][info][gc,heap        ] GC(1187) Eden regions: 259->0(259)
[160.782s][info][gc,heap        ] GC(1187) Survivor regions: 1->1(33)
[160.782s][info][gc,heap        ] GC(1187) Old regions: 60->60
[160.782s][info][gc,heap        ] GC(1187) Humongous regions: 6->6
[160.782s][info][gc,metaspace   ] GC(1187) Metaspace: 72529K->72529K(1114112K)
[160.782s][info][gc             ] GC(1187) Pause Young (Normal) (G1 Evacuation Pause) 324M->65M(434M) 3.873ms
[160.782s][info][gc,cpu         ] GC(1187) User=0.01s Sys=0.00s Real=0.01s
[160.912s][info][gc,start       ] GC(1188) Pause Young (Normal) (G1 Evacuation Pause)
[160.912s][info][gc,task        ] GC(1188) Using 1 workers of 1 for evacuation
[160.915s][info][gc,phases      ] GC(1188)   Pre Evacuate Collection Set: 0.0ms
[160.915s][info][gc,phases      ] GC(1188)   Evacuate Collection Set: 2.6ms
[160.915s][info][gc,phases      ] GC(1188)   Post Evacuate Collection Set: 0.4ms
[160.915s][info][gc,phases      ] GC(1188)   Other: 0.3ms
[160.915s][info][gc,heap        ] GC(1188) Eden regions: 259->0(259)
[160.915s][info][gc,heap        ] GC(1188) Survivor regions: 1->1(33)
[160.915s][info][gc,heap        ] GC(1188) Old regions: 60->60
[160.915s][info][gc,heap        ] GC(1188) Humongous regions: 11->6
[160.915s][info][gc,metaspace   ] GC(1188) Metaspace: 72529K->72529K(1114112K)
[160.915s][info][gc             ] GC(1188) Pause Young (Normal) (G1 Evacuation Pause) 329M->64M(434M) 3.446ms
[160.915s][info][gc,cpu         ] GC(1188) User=0.00s Sys=0.00s Real=0.00s
[161.040s][info][gc,start       ] GC(1189) Pause Young (Normal) (G1 Evacuation Pause)
[161.040s][info][gc,task        ] GC(1189) Using 1 workers of 1 for evacuation
[161.043s][info][gc,phases      ] GC(1189)   Pre Evacuate Collection Set: 0.0ms
[161.043s][info][gc,phases      ] GC(1189)   Evacuate Collection Set: 2.7ms
[161.043s][info][gc,phases      ] GC(1189)   Post Evacuate Collection Set: 0.4ms
[161.043s][info][gc,phases      ] GC(1189)   Other: 0.4ms
[161.043s][info][gc,heap        ] GC(1189) Eden regions: 259->0(259)
[161.043s][info][gc,heap        ] GC(1189) Survivor regions: 1->1(33)
[161.043s][info][gc,heap        ] GC(1189) Old regions: 60->60
[161.043s][info][gc,heap        ] GC(1189) Humongous regions: 6->6
[161.043s][info][gc,metaspace   ] GC(1189) Metaspace: 72529K->72529K(1114112K)
[161.043s][info][gc             ] GC(1189) Pause Young (Normal) (G1 Evacuation Pause) 323M->64M(434M) 3.495ms
[161.043s][info][gc,cpu         ] GC(1189) User=0.01s Sys=0.00s Real=0.00s
[161.165s][info][gc,start       ] GC(1190) Pause Young (Normal) (G1 Evacuation Pause)
[161.165s][info][gc,task        ] GC(1190) Using 1 workers of 1 for evacuation
[161.169s][info][gc,phases      ] GC(1190)   Pre Evacuate Collection Set: 0.0ms
[161.169s][info][gc,phases      ] GC(1190)   Evacuate Collection Set: 2.6ms
[161.169s][info][gc,phases      ] GC(1190)   Post Evacuate Collection Set: 0.4ms
[161.169s][info][gc,phases      ] GC(1190)   Other: 0.3ms
[161.169s][info][gc,heap        ] GC(1190) Eden regions: 259->0(259)
[161.169s][info][gc,heap        ] GC(1190) Survivor regions: 1->1(33)
[161.169s][info][gc,heap        ] GC(1190) Old regions: 60->60
[161.169s][info][gc,heap        ] GC(1190) Humongous regions: 6->6
[161.169s][info][gc,metaspace   ] GC(1190) Metaspace: 72529K->72529K(1114112K)
[161.169s][info][gc             ] GC(1190) Pause Young (Normal) (G1 Evacuation Pause) 323M->64M(434M) 3.344ms
[161.169s][info][gc,cpu         ] GC(1190) User=0.00s Sys=0.00s Real=0.00s
[161.294s][info][gc,start       ] GC(1191) Pause Young (Normal) (G1 Evacuation Pause)
[161.294s][info][gc,task        ] GC(1191) Using 1 workers of 1 for evacuation
[161.297s][info][gc,phases      ] GC(1191)   Pre Evacuate Collection Set: 0.1ms
[161.297s][info][gc,phases      ] GC(1191)   Evacuate Collection Set: 2.6ms
[161.297s][info][gc,phases      ] GC(1191)   Post Evacuate Collection Set: 0.4ms
[161.297s][info][gc,phases      ] GC(1191)   Other: 0.4ms
[161.297s][info][gc,heap        ] GC(1191) Eden regions: 259->0(259)
[161.297s][info][gc,heap        ] GC(1191) Survivor regions: 1->1(33)
[161.297s][info][gc,heap        ] GC(1191) Old regions: 60->60
[161.297s][info][gc,heap        ] GC(1191) Humongous regions: 6->6
[161.297s][info][gc,metaspace   ] GC(1191) Metaspace: 72529K->72529K(1114112K)
[161.297s][info][gc             ] GC(1191) Pause Young (Normal) (G1 Evacuation Pause) 323M->64M(434M) 3.538ms
[161.297s][info][gc,cpu         ] GC(1191) User=0.00s Sys=0.00s Real=0.00s
[161.420s][info][gc,start       ] GC(1192) Pause Young (Normal) (G1 Evacuation Pause)
[161.420s][info][gc,task        ] GC(1192) Using 1 workers of 1 for evacuation
[161.423s][info][gc,phases      ] GC(1192)   Pre Evacuate Collection Set: 0.0ms
[161.423s][info][gc,phases      ] GC(1192)   Evacuate Collection Set: 2.7ms
[161.423s][info][gc,phases      ] GC(1192)   Post Evacuate Collection Set: 0.4ms
[161.423s][info][gc,phases      ] GC(1192)   Other: 0.3ms
[161.423s][info][gc,heap        ] GC(1192) Eden regions: 259->0(259)
[161.423s][info][gc,heap        ] GC(1192) Survivor regions: 1->1(33)
[161.423s][info][gc,heap        ] GC(1192) Old regions: 60->60
[161.423s][info][gc,heap        ] GC(1192) Humongous regions: 6->6
[161.423s][info][gc,metaspace   ] GC(1192) Metaspace: 72529K->72529K(1114112K)
[161.423s][info][gc             ] GC(1192) Pause Young (Normal) (G1 Evacuation Pause) 323M->65M(434M) 3.401ms
[161.423s][info][gc,cpu         ] GC(1192) User=0.01s Sys=0.00s Real=0.00s
[161.546s][info][gc,start       ] GC(1193) Pause Young (Normal) (G1 Evacuation Pause)
[161.547s][info][gc,task        ] GC(1193) Using 1 workers of 1 for evacuation
[161.550s][info][gc,phases      ] GC(1193)   Pre Evacuate Collection Set: 0.1ms
[161.550s][info][gc,phases      ] GC(1193)   Evacuate Collection Set: 2.8ms
[161.550s][info][gc,phases      ] GC(1193)   Post Evacuate Collection Set: 0.4ms
[161.550s][info][gc,phases      ] GC(1193)   Other: 0.3ms
[161.550s][info][gc,heap        ] GC(1193) Eden regions: 259->0(259)
[161.550s][info][gc,heap        ] GC(1193) Survivor regions: 1->1(33)
[161.550s][info][gc,heap        ] GC(1193) Old regions: 60->60
[161.550s][info][gc,heap        ] GC(1193) Humongous regions: 6->6
[161.550s][info][gc,metaspace   ] GC(1193) Metaspace: 72529K->72529K(1114112K)
[161.550s][info][gc             ] GC(1193) Pause Young (Normal) (G1 Evacuation Pause) 324M->65M(434M) 3.567ms
[161.550s][info][gc,cpu         ] GC(1193) User=0.00s Sys=0.00s Real=0.01s
[161.764s][info][gc,start       ] GC(1194) Pause Young (Normal) (G1 Evacuation Pause)
[161.764s][info][gc,task        ] GC(1194) Using 1 workers of 1 for evacuation
[161.768s][info][gc,phases      ] GC(1194)   Pre Evacuate Collection Set: 0.0ms
[161.768s][info][gc,phases      ] GC(1194)   Evacuate Collection Set: 2.9ms
[161.768s][info][gc,phases      ] GC(1194)   Post Evacuate Collection Set: 0.4ms
[161.768s][info][gc,phases      ] GC(1194)   Other: 0.4ms
[161.768s][info][gc,heap        ] GC(1194) Eden regions: 259->0(259)
[161.768s][info][gc,heap        ] GC(1194) Survivor regions: 1->1(33)
[161.768s][info][gc,heap        ] GC(1194) Old regions: 60->60
[161.768s][info][gc,heap        ] GC(1194) Humongous regions: 11->6
[161.768s][info][gc,metaspace   ] GC(1194) Metaspace: 72530K->72530K(1114112K)
[161.768s][info][gc             ] GC(1194) Pause Young (Normal) (G1 Evacuation Pause) 329M->65M(434M) 3.694ms
[161.768s][info][gc,cpu         ] GC(1194) User=0.00s Sys=0.00s Real=0.00s
[161.891s][info][gc,start       ] GC(1195) Pause Young (Normal) (G1 Evacuation Pause)
[161.892s][info][gc,task        ] GC(1195) Using 1 workers of 1 for evacuation
[161.895s][info][gc,phases      ] GC(1195)   Pre Evacuate Collection Set: 0.0ms
[161.895s][info][gc,phases      ] GC(1195)   Evacuate Collection Set: 2.9ms
[161.895s][info][gc,phases      ] GC(1195)   Post Evacuate Collection Set: 0.4ms
[161.895s][info][gc,phases      ] GC(1195)   Other: 0.3ms
[161.895s][info][gc,heap        ] GC(1195) Eden regions: 259->0(259)
[161.895s][info][gc,heap        ] GC(1195) Survivor regions: 1->1(33)
[161.895s][info][gc,heap        ] GC(1195) Old regions: 60->60
[161.895s][info][gc,heap        ] GC(1195) Humongous regions: 6->6
[161.895s][info][gc,metaspace   ] GC(1195) Metaspace: 72530K->72530K(1114112K)
[161.895s][info][gc             ] GC(1195) Pause Young (Normal) (G1 Evacuation Pause) 324M->65M(434M) 3.644ms
[161.895s][info][gc,cpu         ] GC(1195) User=0.01s Sys=0.00s Real=0.00s
[162.018s][info][gc,start       ] GC(1196) Pause Young (Normal) (G1 Evacuation Pause)
[162.018s][info][gc,task        ] GC(1196) Using 1 workers of 1 for evacuation
[162.022s][info][gc,phases      ] GC(1196)   Pre Evacuate Collection Set: 0.0ms
[162.022s][info][gc,phases      ] GC(1196)   Evacuate Collection Set: 2.8ms
[162.022s][info][gc,phases      ] GC(1196)   Post Evacuate Collection Set: 0.4ms
[162.022s][info][gc,phases      ] GC(1196)   Other: 0.3ms
[162.022s][info][gc,heap        ] GC(1196) Eden regions: 259->0(259)
[162.022s][info][gc,heap        ] GC(1196) Survivor regions: 1->1(33)
[162.022s][info][gc,heap        ] GC(1196) Old regions: 60->60
[162.022s][info][gc,heap        ] GC(1196) Humongous regions: 6->6
[162.022s][info][gc,metaspace   ] GC(1196) Metaspace: 72530K->72530K(1114112K)
[162.022s][info][gc             ] GC(1196) Pause Young (Normal) (G1 Evacuation Pause) 324M->65M(434M) 3.477ms
[162.022s][info][gc,cpu         ] GC(1196) User=0.00s Sys=0.00s Real=0.00s
[162.140s][info][gc,start       ] GC(1197) Pause Young (Normal) (G1 Evacuation Pause)
[162.140s][info][gc,task        ] GC(1197) Using 1 workers of 1 for evacuation
[162.143s][info][gc,phases      ] GC(1197)   Pre Evacuate Collection Set: 0.0ms
[162.143s][info][gc,phases      ] GC(1197)   Evacuate Collection Set: 2.7ms
[162.144s][info][gc,phases      ] GC(1197)   Post Evacuate Collection Set: 0.4ms
[162.144s][info][gc,phases      ] GC(1197)   Other: 0.4ms
[162.144s][info][gc,heap        ] GC(1197) Eden regions: 259->0(259)
[162.144s][info][gc,heap        ] GC(1197) Survivor regions: 1->1(33)
[162.144s][info][gc,heap        ] GC(1197) Old regions: 60->60
[162.144s][info][gc,heap        ] GC(1197) Humongous regions: 6->6
[162.144s][info][gc,metaspace   ] GC(1197) Metaspace: 72530K->72530K(1114112K)
[162.144s][info][gc             ] GC(1197) Pause Young (Normal) (G1 Evacuation Pause) 324M->65M(434M) 3.530ms
[162.144s][info][gc,cpu         ] GC(1197) User=0.01s Sys=0.00s Real=0.00s
[162.262s][info][gc,start       ] GC(1198) Pause Young (Normal) (G1 Evacuation Pause)
[162.262s][info][gc,task        ] GC(1198) Using 1 workers of 1 for evacuation
[162.266s][info][gc,phases      ] GC(1198)   Pre Evacuate Collection Set: 0.0ms
[162.266s][info][gc,phases      ] GC(1198)   Evacuate Collection Set: 2.6ms
[162.266s][info][gc,phases      ] GC(1198)   Post Evacuate Collection Set: 0.4ms
[162.266s][info][gc,phases      ] GC(1198)   Other: 0.3ms
[162.266s][info][gc,heap        ] GC(1198) Eden regions: 259->0(259)
[162.266s][info][gc,heap        ] GC(1198) Survivor regions: 1->1(33)
[162.266s][info][gc,heap        ] GC(1198) Old regions: 60->60
[162.266s][info][gc,heap        ] GC(1198) Humongous regions: 6->6
[162.266s][info][gc,metaspace   ] GC(1198) Metaspace: 72530K->72530K(1114112K)
[162.266s][info][gc             ] GC(1198) Pause Young (Normal) (G1 Evacuation Pause) 324M->65M(434M) 3.358ms
[162.266s][info][gc,cpu         ] GC(1198) User=0.00s Sys=0.00s Real=0.00s
[162.384s][info][gc,start       ] GC(1199) Pause Young (Normal) (G1 Evacuation Pause)
[162.384s][info][gc,task        ] GC(1199) Using 1 workers of 1 for evacuation
[162.387s][info][gc,phases      ] GC(1199)   Pre Evacuate Collection Set: 0.0ms
[162.387s][info][gc,phases      ] GC(1199)   Evacuate Collection Set: 2.7ms
[162.387s][info][gc,phases      ] GC(1199)   Post Evacuate Collection Set: 0.4ms
[162.387s][info][gc,phases      ] GC(1199)   Other: 0.3ms
[162.387s][info][gc,heap        ] GC(1199) Eden regions: 259->0(259)
[162.387s][info][gc,heap        ] GC(1199) Survivor regions: 1->1(33)
[162.387s][info][gc,heap        ] GC(1199) Old regions: 60->60
[162.387s][info][gc,heap        ] GC(1199) Humongous regions: 6->6
[162.387s][info][gc,metaspace   ] GC(1199) Metaspace: 72530K->72530K(1114112K)
[162.387s][info][gc             ] GC(1199) Pause Young (Normal) (G1 Evacuation Pause) 324M->65M(434M) 3.435ms
[162.388s][info][gc,cpu         ] GC(1199) User=0.00s Sys=0.00s Real=0.00s
[162.522s][info][gc,start       ] GC(1200) Pause Young (Normal) (G1 Evacuation Pause)
[162.522s][info][gc,task        ] GC(1200) Using 1 workers of 1 for evacuation
[162.526s][info][gc,phases      ] GC(1200)   Pre Evacuate Collection Set: 0.0ms
[162.526s][info][gc,phases      ] GC(1200)   Evacuate Collection Set: 2.6ms
[162.526s][info][gc,phases      ] GC(1200)   Post Evacuate Collection Set: 0.3ms
[162.526s][info][gc,phases      ] GC(1200)   Other: 0.3ms
[162.526s][info][gc,heap        ] GC(1200) Eden regions: 259->0(259)
[162.526s][info][gc,heap        ] GC(1200) Survivor regions: 1->1(33)
[162.526s][info][gc,heap        ] GC(1200) Old regions: 60->60
[162.526s][info][gc,heap        ] GC(1200) Humongous regions: 11->6
[162.526s][info][gc,metaspace   ] GC(1200) Metaspace: 72532K->72532K(1114112K)
[162.526s][info][gc             ] GC(1200) Pause Young (Normal) (G1 Evacuation Pause) 329M->64M(434M) 3.289ms
[162.526s][info][gc,cpu         ] GC(1200) User=0.00s Sys=0.00s Real=0.00s
[162.646s][info][gc,start       ] GC(1201) Pause Young (Normal) (G1 Evacuation Pause)
[162.646s][info][gc,task        ] GC(1201) Using 1 workers of 1 for evacuation
[162.649s][info][gc,phases      ] GC(1201)   Pre Evacuate Collection Set: 0.0ms
[162.649s][info][gc,phases      ] GC(1201)   Evacuate Collection Set: 2.6ms
[162.649s][info][gc,phases      ] GC(1201)   Post Evacuate Collection Set: 0.4ms
[162.649s][info][gc,phases      ] GC(1201)   Other: 0.4ms
[162.649s][info][gc,heap        ] GC(1201) Eden regions: 259->0(259)
[162.649s][info][gc,heap        ] GC(1201) Survivor regions: 1->1(33)
[162.649s][info][gc,heap        ] GC(1201) Old regions: 60->60
[162.649s][info][gc,heap        ] GC(1201) Humongous regions: 6->6
[162.649s][info][gc,metaspace   ] GC(1201) Metaspace: 72532K->72532K(1114112K)
[162.649s][info][gc             ] GC(1201) Pause Young (Normal) (G1 Evacuation Pause) 323M->65M(434M) 3.473ms
[162.649s][info][gc,cpu         ] GC(1201) User=0.01s Sys=0.00s Real=0.01s
[162.774s][info][gc,start       ] GC(1202) Pause Young (Normal) (G1 Evacuation Pause)
[162.774s][info][gc,task        ] GC(1202) Using 1 workers of 1 for evacuation
[162.777s][info][gc,phases      ] GC(1202)   Pre Evacuate Collection Set: 0.0ms
[162.777s][info][gc,phases      ] GC(1202)   Evacuate Collection Set: 2.7ms
[162.777s][info][gc,phases      ] GC(1202)   Post Evacuate Collection Set: 0.4ms
[162.777s][info][gc,phases      ] GC(1202)   Other: 0.3ms
[162.777s][info][gc,heap        ] GC(1202) Eden regions: 259->0(259)
[162.777s][info][gc,heap        ] GC(1202) Survivor regions: 1->1(33)
[162.777s][info][gc,heap        ] GC(1202) Old regions: 60->60
[162.777s][info][gc,heap        ] GC(1202) Humongous regions: 6->6
[162.777s][info][gc,metaspace   ] GC(1202) Metaspace: 72532K->72532K(1114112K)
[162.777s][info][gc             ] GC(1202) Pause Young (Normal) (G1 Evacuation Pause) 324M->65M(434M) 3.430ms
[162.777s][info][gc,cpu         ] GC(1202) User=0.00s Sys=0.00s Real=0.01s
[162.897s][info][gc,start       ] GC(1203) Pause Young (Normal) (G1 Evacuation Pause)
[162.898s][info][gc,task        ] GC(1203) Using 1 workers of 1 for evacuation
[162.901s][info][gc,phases      ] GC(1203)   Pre Evacuate Collection Set: 0.0ms
[162.901s][info][gc,phases      ] GC(1203)   Evacuate Collection Set: 2.7ms
[162.901s][info][gc,phases      ] GC(1203)   Post Evacuate Collection Set: 0.4ms
[162.901s][info][gc,phases      ] GC(1203)   Other: 0.4ms
[162.901s][info][gc,heap        ] GC(1203) Eden regions: 259->0(259)
[162.901s][info][gc,heap        ] GC(1203) Survivor regions: 1->1(33)
[162.901s][info][gc,heap        ] GC(1203) Old regions: 60->60
[162.901s][info][gc,heap        ] GC(1203) Humongous regions: 6->6
[162.901s][info][gc,metaspace   ] GC(1203) Metaspace: 72532K->72532K(1114112K)
[162.901s][info][gc             ] GC(1203) Pause Young (Normal) (G1 Evacuation Pause) 324M->65M(434M) 3.554ms
[162.901s][info][gc,cpu         ] GC(1203) User=0.00s Sys=0.00s Real=0.01s
[163.023s][info][gc,start       ] GC(1204) Pause Young (Normal) (G1 Evacuation Pause)
[163.023s][info][gc,task        ] GC(1204) Using 1 workers of 1 for evacuation
[163.026s][info][gc,phases      ] GC(1204)   Pre Evacuate Collection Set: 0.0ms
[163.026s][info][gc,phases      ] GC(1204)   Evacuate Collection Set: 2.8ms
[163.026s][info][gc,phases      ] GC(1204)   Post Evacuate Collection Set: 0.4ms
[163.027s][info][gc,phases      ] GC(1204)   Other: 0.3ms
[163.027s][info][gc,heap        ] GC(1204) Eden regions: 259->0(259)
[163.027s][info][gc,heap        ] GC(1204) Survivor regions: 1->1(33)
[163.027s][info][gc,heap        ] GC(1204) Old regions: 60->60
[163.027s][info][gc,heap        ] GC(1204) Humongous regions: 6->6
[163.027s][info][gc,metaspace   ] GC(1204) Metaspace: 72532K->72532K(1114112K)
[163.027s][info][gc             ] GC(1204) Pause Young (Normal) (G1 Evacuation Pause) 324M->65M(434M) 3.612ms
[163.027s][info][gc,cpu         ] GC(1204) User=0.00s Sys=0.00s Real=0.00s
[163.178s][info][gc,start       ] GC(1205) Pause Young (Normal) (G1 Evacuation Pause)
[163.178s][info][gc,task        ] GC(1205) Using 1 workers of 1 for evacuation
[163.181s][info][gc,phases      ] GC(1205)   Pre Evacuate Collection Set: 0.0ms
[163.181s][info][gc,phases      ] GC(1205)   Evacuate Collection Set: 3.0ms
[163.181s][info][gc,phases      ] GC(1205)   Post Evacuate Collection Set: 0.4ms
[163.181s][info][gc,phases      ] GC(1205)   Other: 0.3ms
[163.181s][info][gc,heap        ] GC(1205) Eden regions: 259->0(259)
[163.181s][info][gc,heap        ] GC(1205) Survivor regions: 1->1(33)
[163.181s][info][gc,heap        ] GC(1205) Old regions: 60->60
[163.181s][info][gc,heap        ] GC(1205) Humongous regions: 11->6
[163.181s][info][gc,metaspace   ] GC(1205) Metaspace: 72533K->72533K(1114112K)
[163.181s][info][gc             ] GC(1205) Pause Young (Normal) (G1 Evacuation Pause) 329M->65M(434M) 3.802ms
[163.181s][info][gc,cpu         ] GC(1205) User=0.01s Sys=0.00s Real=0.01s
[163.300s][info][gc,start       ] GC(1206) Pause Young (Normal) (G1 Evacuation Pause)
[163.300s][info][gc,task        ] GC(1206) Using 1 workers of 1 for evacuation
[163.303s][info][gc,phases      ] GC(1206)   Pre Evacuate Collection Set: 0.0ms
[163.304s][info][gc,phases      ] GC(1206)   Evacuate Collection Set: 2.8ms
[163.304s][info][gc,phases      ] GC(1206)   Post Evacuate Collection Set: 0.4ms
[163.304s][info][gc,phases      ] GC(1206)   Other: 0.4ms
[163.304s][info][gc,heap        ] GC(1206) Eden regions: 259->0(259)
[163.304s][info][gc,heap        ] GC(1206) Survivor regions: 1->1(33)
[163.304s][info][gc,heap        ] GC(1206) Old regions: 60->60
[163.304s][info][gc,heap        ] GC(1206) Humongous regions: 6->6
[163.304s][info][gc,metaspace   ] GC(1206) Metaspace: 72533K->72533K(1114112K)
[163.304s][info][gc             ] GC(1206) Pause Young (Normal) (G1 Evacuation Pause) 324M->65M(434M) 3.704ms
[163.304s][info][gc,cpu         ] GC(1206) User=0.01s Sys=0.00s Real=0.00s
[163.424s][info][gc,start       ] GC(1207) Pause Young (Normal) (G1 Evacuation Pause)
[163.424s][info][gc,task        ] GC(1207) Using 1 workers of 1 for evacuation
[163.427s][info][gc,phases      ] GC(1207)   Pre Evacuate Collection Set: 0.0ms
[163.427s][info][gc,phases      ] GC(1207)   Evacuate Collection Set: 2.8ms
[163.427s][info][gc,phases      ] GC(1207)   Post Evacuate Collection Set: 0.4ms
[163.427s][info][gc,phases      ] GC(1207)   Other: 0.3ms
[163.427s][info][gc,heap        ] GC(1207) Eden regions: 259->0(259)
[163.427s][info][gc,heap        ] GC(1207) Survivor regions: 1->1(33)
[163.427s][info][gc,heap        ] GC(1207) Old regions: 60->60
[163.427s][info][gc,heap        ] GC(1207) Humongous regions: 6->6
[163.427s][info][gc,metaspace   ] GC(1207) Metaspace: 72533K->72533K(1114112K)
[163.427s][info][gc             ] GC(1207) Pause Young (Normal) (G1 Evacuation Pause) 324M->65M(434M) 3.579ms
[163.428s][info][gc,cpu         ] GC(1207) User=0.00s Sys=0.00s Real=0.00s
[163.550s][info][gc,start       ] GC(1208) Pause Young (Normal) (G1 Evacuation Pause)
[163.550s][info][gc,task        ] GC(1208) Using 1 workers of 1 for evacuation
[163.554s][info][gc,phases      ] GC(1208)   Pre Evacuate Collection Set: 0.0ms
[163.554s][info][gc,phases      ] GC(1208)   Evacuate Collection Set: 2.8ms
[163.554s][info][gc,phases      ] GC(1208)   Post Evacuate Collection Set: 0.4ms
[163.554s][info][gc,phases      ] GC(1208)   Other: 0.3ms
[163.554s][info][gc,heap        ] GC(1208) Eden regions: 259->0(259)
[163.554s][info][gc,heap        ] GC(1208) Survivor regions: 1->1(33)
[163.554s][info][gc,heap        ] GC(1208) Old regions: 60->60
[163.554s][info][gc,heap        ] GC(1208) Humongous regions: 6->6
[163.554s][info][gc,metaspace   ] GC(1208) Metaspace: 72533K->72533K(1114112K)
[163.554s][info][gc             ] GC(1208) Pause Young (Normal) (G1 Evacuation Pause) 324M->65M(434M) 3.553ms
[163.554s][info][gc,cpu         ] GC(1208) User=0.01s Sys=0.00s Real=0.00s
[163.675s][info][gc,start       ] GC(1209) Pause Young (Normal) (G1 Evacuation Pause)
[163.675s][info][gc,task        ] GC(1209) Using 1 workers of 1 for evacuation
[163.679s][info][gc,phases      ] GC(1209)   Pre Evacuate Collection Set: 0.0ms
[163.679s][info][gc,phases      ] GC(1209)   Evacuate Collection Set: 3.0ms
[163.679s][info][gc,phases      ] GC(1209)   Post Evacuate Collection Set: 0.4ms
[163.679s][info][gc,phases      ] GC(1209)   Other: 0.3ms
[163.679s][info][gc,heap        ] GC(1209) Eden regions: 259->0(259)
[163.679s][info][gc,heap        ] GC(1209) Survivor regions: 1->1(33)
[163.679s][info][gc,heap        ] GC(1209) Old regions: 60->60
[163.679s][info][gc,heap        ] GC(1209) Humongous regions: 6->6
[163.679s][info][gc,metaspace   ] GC(1209) Metaspace: 72533K->72533K(1114112K)
[163.679s][info][gc             ] GC(1209) Pause Young (Normal) (G1 Evacuation Pause) 324M->65M(434M) 3.747ms
[163.679s][info][gc,cpu         ] GC(1209) User=0.00s Sys=0.00s Real=0.01s
[163.806s][info][gc,start       ] GC(1210) Pause Young (Normal) (G1 Evacuation Pause)
[163.807s][info][gc,task        ] GC(1210) Using 1 workers of 1 for evacuation
[163.810s][info][gc,phases      ] GC(1210)   Pre Evacuate Collection Set: 0.0ms
[163.810s][info][gc,phases      ] GC(1210)   Evacuate Collection Set: 2.8ms
[163.810s][info][gc,phases      ] GC(1210)   Post Evacuate Collection Set: 0.4ms
[163.810s][info][gc,phases      ] GC(1210)   Other: 0.4ms
[163.810s][info][gc,heap        ] GC(1210) Eden regions: 259->0(259)
[163.810s][info][gc,heap        ] GC(1210) Survivor regions: 1->1(33)
[163.810s][info][gc,heap        ] GC(1210) Old regions: 60->60
[163.810s][info][gc,heap        ] GC(1210) Humongous regions: 6->6
[163.810s][info][gc,metaspace   ] GC(1210) Metaspace: 72533K->72533K(1114112K)
[163.810s][info][gc             ] GC(1210) Pause Young (Normal) (G1 Evacuation Pause) 324M->65M(434M) 3.536ms
[163.810s][info][gc,cpu         ] GC(1210) User=0.00s Sys=0.00s Real=0.00s
[163.950s][info][gc,start       ] GC(1211) Pause Young (Normal) (G1 Evacuation Pause)
[163.950s][info][gc,task        ] GC(1211) Using 1 workers of 1 for evacuation
[163.954s][info][gc,phases      ] GC(1211)   Pre Evacuate Collection Set: 0.0ms
[163.954s][info][gc,phases      ] GC(1211)   Evacuate Collection Set: 3.2ms
[163.954s][info][gc,phases      ] GC(1211)   Post Evacuate Collection Set: 0.4ms
[163.954s][info][gc,phases      ] GC(1211)   Other: 0.4ms
[163.954s][info][gc,heap        ] GC(1211) Eden regions: 259->0(259)
[163.954s][info][gc,heap        ] GC(1211) Survivor regions: 1->1(33)
[163.954s][info][gc,heap        ] GC(1211) Old regions: 60->60
[163.954s][info][gc,heap        ] GC(1211) Humongous regions: 11->6
[163.954s][info][gc,metaspace   ] GC(1211) Metaspace: 72604K->72604K(1114112K)
[163.954s][info][gc             ] GC(1211) Pause Young (Normal) (G1 Evacuation Pause) 329M->65M(434M) 4.199ms
[163.954s][info][gc,cpu         ] GC(1211) User=0.00s Sys=0.00s Real=0.00s
[164.150s][info][gc,start       ] GC(1212) Pause Young (Normal) (G1 Evacuation Pause)
[164.151s][info][gc,task        ] GC(1212) Using 1 workers of 1 for evacuation
[164.154s][info][gc,phases      ] GC(1212)   Pre Evacuate Collection Set: 0.0ms
[164.154s][info][gc,phases      ] GC(1212)   Evacuate Collection Set: 2.7ms
[164.154s][info][gc,phases      ] GC(1212)   Post Evacuate Collection Set: 0.3ms
[164.154s][info][gc,phases      ] GC(1212)   Other: 0.4ms
[164.154s][info][gc,heap        ] GC(1212) Eden regions: 259->0(259)
[164.154s][info][gc,heap        ] GC(1212) Survivor regions: 1->1(33)
[164.154s][info][gc,heap        ] GC(1212) Old regions: 60->60
[164.154s][info][gc,heap        ] GC(1212) Humongous regions: 6->6
[164.154s][info][gc,metaspace   ] GC(1212) Metaspace: 72604K->72604K(1114112K)
[164.154s][info][gc             ] GC(1212) Pause Young (Normal) (G1 Evacuation Pause) 324M->65M(434M) 3.487ms
[164.154s][info][gc,cpu         ] GC(1212) User=0.00s Sys=0.00s Real=0.00s
[164.273s][info][gc,start       ] GC(1213) Pause Young (Normal) (G1 Evacuation Pause)
[164.274s][info][gc,task        ] GC(1213) Using 1 workers of 1 for evacuation
[164.277s][info][gc,phases      ] GC(1213)   Pre Evacuate Collection Set: 0.0ms
[164.277s][info][gc,phases      ] GC(1213)   Evacuate Collection Set: 2.7ms
[164.277s][info][gc,phases      ] GC(1213)   Post Evacuate Collection Set: 0.4ms
[164.277s][info][gc,phases      ] GC(1213)   Other: 0.3ms
[164.277s][info][gc,heap        ] GC(1213) Eden regions: 259->0(259)
[164.277s][info][gc,heap        ] GC(1213) Survivor regions: 1->1(33)
[164.277s][info][gc,heap        ] GC(1213) Old regions: 60->60
[164.277s][info][gc,heap        ] GC(1213) Humongous regions: 6->6
[164.277s][info][gc,metaspace   ] GC(1213) Metaspace: 72604K->72604K(1114112K)
[164.277s][info][gc             ] GC(1213) Pause Young (Normal) (G1 Evacuation Pause) 324M->65M(434M) 3.412ms
[164.277s][info][gc,cpu         ] GC(1213) User=0.00s Sys=0.00s Real=0.00s
[164.399s][info][gc,start       ] GC(1214) Pause Young (Normal) (G1 Evacuation Pause)
[164.399s][info][gc,task        ] GC(1214) Using 1 workers of 1 for evacuation
[164.402s][info][gc,phases      ] GC(1214)   Pre Evacuate Collection Set: 0.0ms
[164.402s][info][gc,phases      ] GC(1214)   Evacuate Collection Set: 2.7ms
[164.402s][info][gc,phases      ] GC(1214)   Post Evacuate Collection Set: 0.4ms
[164.402s][info][gc,phases      ] GC(1214)   Other: 0.3ms
[164.402s][info][gc,heap        ] GC(1214) Eden regions: 259->0(259)
[164.402s][info][gc,heap        ] GC(1214) Survivor regions: 1->1(33)
[164.402s][info][gc,heap        ] GC(1214) Old regions: 60->60
[164.402s][info][gc,heap        ] GC(1214) Humongous regions: 6->6
[164.402s][info][gc,metaspace   ] GC(1214) Metaspace: 72604K->72604K(1114112K)
[164.402s][info][gc             ] GC(1214) Pause Young (Normal) (G1 Evacuation Pause) 324M->65M(434M) 3.469ms
[164.403s][info][gc,cpu         ] GC(1214) User=0.00s Sys=0.00s Real=0.00s
[164.523s][info][gc,start       ] GC(1215) Pause Young (Normal) (G1 Evacuation Pause)
[164.523s][info][gc,task        ] GC(1215) Using 1 workers of 1 for evacuation
[164.526s][info][gc,phases      ] GC(1215)   Pre Evacuate Collection Set: 0.0ms
[164.526s][info][gc,phases      ] GC(1215)   Evacuate Collection Set: 2.8ms
[164.526s][info][gc,phases      ] GC(1215)   Post Evacuate Collection Set: 0.4ms
[164.526s][info][gc,phases      ] GC(1215)   Other: 0.4ms
[164.526s][info][gc,heap        ] GC(1215) Eden regions: 259->0(259)
[164.526s][info][gc,heap        ] GC(1215) Survivor regions: 1->1(33)
[164.526s][info][gc,heap        ] GC(1215) Old regions: 60->60
[164.526s][info][gc,heap        ] GC(1215) Humongous regions: 6->6
[164.526s][info][gc,metaspace   ] GC(1215) Metaspace: 72604K->72604K(1114112K)
[164.526s][info][gc             ] GC(1215) Pause Young (Normal) (G1 Evacuation Pause) 324M->65M(434M) 3.642ms
[164.527s][info][gc,cpu         ] GC(1215) User=0.00s Sys=0.00s Real=0.00s
[164.647s][info][gc,start       ] GC(1216) Pause Young (Normal) (G1 Evacuation Pause)
[164.647s][info][gc,task        ] GC(1216) Using 1 workers of 1 for evacuation
[164.651s][info][gc,phases      ] GC(1216)   Pre Evacuate Collection Set: 0.0ms
[164.651s][info][gc,phases      ] GC(1216)   Evacuate Collection Set: 2.9ms
[164.651s][info][gc,phases      ] GC(1216)   Post Evacuate Collection Set: 0.4ms
[164.651s][info][gc,phases      ] GC(1216)   Other: 0.3ms
[164.651s][info][gc,heap        ] GC(1216) Eden regions: 259->0(259)
[164.651s][info][gc,heap        ] GC(1216) Survivor regions: 1->1(33)
[164.651s][info][gc,heap        ] GC(1216) Old regions: 60->60
[164.651s][info][gc,heap        ] GC(1216) Humongous regions: 6->6
[164.651s][info][gc,metaspace   ] GC(1216) Metaspace: 72604K->72604K(1114112K)
[164.651s][info][gc             ] GC(1216) Pause Young (Normal) (G1 Evacuation Pause) 324M->65M(434M) 3.655ms
[164.651s][info][gc,cpu         ] GC(1216) User=0.01s Sys=0.00s Real=0.01s
[164.791s][info][gc,start       ] GC(1217) Pause Young (Normal) (G1 Evacuation Pause)
[164.791s][info][gc,task        ] GC(1217) Using 1 workers of 1 for evacuation
[164.795s][info][gc,phases      ] GC(1217)   Pre Evacuate Collection Set: 0.0ms
[164.795s][info][gc,phases      ] GC(1217)   Evacuate Collection Set: 3.0ms
[164.795s][info][gc,phases      ] GC(1217)   Post Evacuate Collection Set: 0.4ms
[164.795s][info][gc,phases      ] GC(1217)   Other: 0.3ms
[164.795s][info][gc,heap        ] GC(1217) Eden regions: 259->0(259)
[164.795s][info][gc,heap        ] GC(1217) Survivor regions: 1->1(33)
[164.795s][info][gc,heap        ] GC(1217) Old regions: 60->60
[164.795s][info][gc,heap        ] GC(1217) Humongous regions: 11->6
[164.795s][info][gc,metaspace   ] GC(1217) Metaspace: 72605K->72605K(1114112K)
[164.795s][info][gc             ] GC(1217) Pause Young (Normal) (G1 Evacuation Pause) 329M->65M(434M) 3.707ms
[164.795s][info][gc,cpu         ] GC(1217) User=0.01s Sys=0.00s Real=0.00s
[164.914s][info][gc,start       ] GC(1218) Pause Young (Normal) (G1 Evacuation Pause)
[164.914s][info][gc,task        ] GC(1218) Using 1 workers of 1 for evacuation
[164.918s][info][gc,phases      ] GC(1218)   Pre Evacuate Collection Set: 0.0ms
[164.918s][info][gc,phases      ] GC(1218)   Evacuate Collection Set: 2.8ms
[164.918s][info][gc,phases      ] GC(1218)   Post Evacuate Collection Set: 0.4ms
[164.918s][info][gc,phases      ] GC(1218)   Other: 0.3ms
[164.918s][info][gc,heap        ] GC(1218) Eden regions: 259->0(259)
[164.918s][info][gc,heap        ] GC(1218) Survivor regions: 1->1(33)
[164.918s][info][gc,heap        ] GC(1218) Old regions: 60->60
[164.918s][info][gc,heap        ] GC(1218) Humongous regions: 6->6
[164.918s][info][gc,metaspace   ] GC(1218) Metaspace: 72605K->72605K(1114112K)
[164.918s][info][gc             ] GC(1218) Pause Young (Normal) (G1 Evacuation Pause) 324M->65M(434M) 3.536ms
[164.918s][info][gc,cpu         ] GC(1218) User=0.00s Sys=0.00s Real=0.01s
[165.037s][info][gc,start       ] GC(1219) Pause Young (Normal) (G1 Evacuation Pause)
[165.037s][info][gc,task        ] GC(1219) Using 1 workers of 1 for evacuation
[165.040s][info][gc,phases      ] GC(1219)   Pre Evacuate Collection Set: 0.0ms
[165.040s][info][gc,phases      ] GC(1219)   Evacuate Collection Set: 2.8ms
[165.040s][info][gc,phases      ] GC(1219)   Post Evacuate Collection Set: 0.4ms
[165.040s][info][gc,phases      ] GC(1219)   Other: 0.4ms
[165.040s][info][gc,heap        ] GC(1219) Eden regions: 259->0(259)
[165.040s][info][gc,heap        ] GC(1219) Survivor regions: 1->1(33)
[165.040s][info][gc,heap        ] GC(1219) Old regions: 60->60
[165.040s][info][gc,heap        ] GC(1219) Humongous regions: 6->6
[165.040s][info][gc,metaspace   ] GC(1219) Metaspace: 72605K->72605K(1114112K)
[165.041s][info][gc             ] GC(1219) Pause Young (Normal) (G1 Evacuation Pause) 324M->65M(434M) 3.634ms
[165.041s][info][gc,cpu         ] GC(1219) User=0.00s Sys=0.00s Real=0.01s
[165.159s][info][gc,start       ] GC(1220) Pause Young (Normal) (G1 Evacuation Pause)
[165.159s][info][gc,task        ] GC(1220) Using 1 workers of 1 for evacuation
[165.163s][info][gc,phases      ] GC(1220)   Pre Evacuate Collection Set: 0.0ms
[165.163s][info][gc,phases      ] GC(1220)   Evacuate Collection Set: 2.8ms
[165.163s][info][gc,phases      ] GC(1220)   Post Evacuate Collection Set: 0.4ms
[165.163s][info][gc,phases      ] GC(1220)   Other: 0.3ms
[165.163s][info][gc,heap        ] GC(1220) Eden regions: 259->0(259)
[165.163s][info][gc,heap        ] GC(1220) Survivor regions: 1->1(33)
[165.163s][info][gc,heap        ] GC(1220) Old regions: 60->60
[165.163s][info][gc,heap        ] GC(1220) Humongous regions: 6->6
[165.163s][info][gc,metaspace   ] GC(1220) Metaspace: 72605K->72605K(1114112K)
[165.163s][info][gc             ] GC(1220) Pause Young (Normal) (G1 Evacuation Pause) 324M->65M(434M) 3.561ms
[165.163s][info][gc,cpu         ] GC(1220) User=0.00s Sys=0.00s Real=0.00s
[165.283s][info][gc,start       ] GC(1221) Pause Young (Normal) (G1 Evacuation Pause)
[165.283s][info][gc,task        ] GC(1221) Using 1 workers of 1 for evacuation
[165.286s][info][gc,phases      ] GC(1221)   Pre Evacuate Collection Set: 0.0ms
[165.287s][info][gc,phases      ] GC(1221)   Evacuate Collection Set: 2.8ms
[165.287s][info][gc,phases      ] GC(1221)   Post Evacuate Collection Set: 0.4ms
[165.287s][info][gc,phases      ] GC(1221)   Other: 0.4ms
[165.287s][info][gc,heap        ] GC(1221) Eden regions: 259->0(259)
[165.287s][info][gc,heap        ] GC(1221) Survivor regions: 1->1(33)
[165.287s][info][gc,heap        ] GC(1221) Old regions: 60->60
[165.287s][info][gc,heap        ] GC(1221) Humongous regions: 6->6
[165.287s][info][gc,metaspace   ] GC(1221) Metaspace: 72605K->72605K(1114112K)
[165.287s][info][gc             ] GC(1221) Pause Young (Normal) (G1 Evacuation Pause) 324M->65M(434M) 3.552ms
[165.287s][info][gc,cpu         ] GC(1221) User=0.01s Sys=0.00s Real=0.00s
[165.408s][info][gc,start       ] GC(1222) Pause Young (Normal) (G1 Evacuation Pause)
[165.408s][info][gc,task        ] GC(1222) Using 1 workers of 1 for evacuation
[165.411s][info][gc,phases      ] GC(1222)   Pre Evacuate Collection Set: 0.0ms
[165.411s][info][gc,phases      ] GC(1222)   Evacuate Collection Set: 2.7ms
[165.411s][info][gc,phases      ] GC(1222)   Post Evacuate Collection Set: 0.4ms
[165.411s][info][gc,phases      ] GC(1222)   Other: 0.3ms
[165.411s][info][gc,heap        ] GC(1222) Eden regions: 259->0(259)
[165.411s][info][gc,heap        ] GC(1222) Survivor regions: 1->1(33)
[165.411s][info][gc,heap        ] GC(1222) Old regions: 60->60
[165.411s][info][gc,heap        ] GC(1222) Humongous regions: 6->6
[165.411s][info][gc,metaspace   ] GC(1222) Metaspace: 72605K->72605K(1114112K)
[165.411s][info][gc             ] GC(1222) Pause Young (Normal) (G1 Evacuation Pause) 324M->65M(434M) 3.483ms
[165.411s][info][gc,cpu         ] GC(1222) User=0.00s Sys=0.00s Real=0.01s
[165.544s][info][gc,start       ] GC(1223) Pause Young (Normal) (G1 Evacuation Pause)
[165.544s][info][gc,task        ] GC(1223) Using 1 workers of 1 for evacuation
[165.548s][info][gc,phases      ] GC(1223)   Pre Evacuate Collection Set: 0.0ms
[165.548s][info][gc,phases      ] GC(1223)   Evacuate Collection Set: 2.7ms
[165.548s][info][gc,phases      ] GC(1223)   Post Evacuate Collection Set: 0.4ms
[165.548s][info][gc,phases      ] GC(1223)   Other: 0.3ms
[165.548s][info][gc,heap        ] GC(1223) Eden regions: 259->0(259)
[165.548s][info][gc,heap        ] GC(1223) Survivor regions: 1->1(33)
[165.548s][info][gc,heap        ] GC(1223) Old regions: 60->60
[165.548s][info][gc,heap        ] GC(1223) Humongous regions: 11->6
[165.548s][info][gc,metaspace   ] GC(1223) Metaspace: 72606K->72606K(1114112K)
[165.548s][info][gc             ] GC(1223) Pause Young (Normal) (G1 Evacuation Pause) 329M->65M(434M) 3.435ms
[165.548s][info][gc,cpu         ] GC(1223) User=0.00s Sys=0.00s Real=0.00s
[165.669s][info][gc,start       ] GC(1224) Pause Young (Normal) (G1 Evacuation Pause)
[165.669s][info][gc,task        ] GC(1224) Using 1 workers of 1 for evacuation
[165.673s][info][gc,phases      ] GC(1224)   Pre Evacuate Collection Set: 0.0ms
[165.673s][info][gc,phases      ] GC(1224)   Evacuate Collection Set: 2.9ms
[165.673s][info][gc,phases      ] GC(1224)   Post Evacuate Collection Set: 0.4ms
[165.673s][info][gc,phases      ] GC(1224)   Other: 0.3ms
[165.673s][info][gc,heap        ] GC(1224) Eden regions: 259->0(259)
[165.673s][info][gc,heap        ] GC(1224) Survivor regions: 1->1(33)
[165.673s][info][gc,heap        ] GC(1224) Old regions: 60->60
[165.673s][info][gc,heap        ] GC(1224) Humongous regions: 6->6
[165.673s][info][gc,metaspace   ] GC(1224) Metaspace: 72606K->72606K(1114112K)
[165.673s][info][gc             ] GC(1224) Pause Young (Normal) (G1 Evacuation Pause) 324M->65M(434M) 3.662ms
[165.673s][info][gc,cpu         ] GC(1224) User=0.00s Sys=0.00s Real=0.01s
[165.802s][info][gc,start       ] GC(1225) Pause Young (Normal) (G1 Evacuation Pause)
[165.802s][info][gc,task        ] GC(1225) Using 1 workers of 1 for evacuation
[165.806s][info][gc,phases      ] GC(1225)   Pre Evacuate Collection Set: 0.0ms
[165.806s][info][gc,phases      ] GC(1225)   Evacuate Collection Set: 3.3ms
[165.806s][info][gc,phases      ] GC(1225)   Post Evacuate Collection Set: 0.3ms
[165.806s][info][gc,phases      ] GC(1225)   Other: 0.7ms
[165.806s][info][gc,heap        ] GC(1225) Eden regions: 259->0(259)
[165.806s][info][gc,heap        ] GC(1225) Survivor regions: 1->1(33)
[165.806s][info][gc,heap        ] GC(1225) Old regions: 60->60
[165.806s][info][gc,heap        ] GC(1225) Humongous regions: 6->6
[165.806s][info][gc,metaspace   ] GC(1225) Metaspace: 72606K->72606K(1114112K)
[165.806s][info][gc             ] GC(1225) Pause Young (Normal) (G1 Evacuation Pause) 324M->65M(434M) 4.429ms
[165.806s][info][gc,cpu         ] GC(1225) User=0.00s Sys=0.00s Real=0.00s
[165.927s][info][gc,start       ] GC(1226) Pause Young (Normal) (G1 Evacuation Pause)
[165.927s][info][gc,task        ] GC(1226) Using 1 workers of 1 for evacuation
[165.930s][info][gc,phases      ] GC(1226)   Pre Evacuate Collection Set: 0.0ms
[165.930s][info][gc,phases      ] GC(1226)   Evacuate Collection Set: 2.8ms
[165.930s][info][gc,phases      ] GC(1226)   Post Evacuate Collection Set: 0.4ms
[165.930s][info][gc,phases      ] GC(1226)   Other: 0.3ms
[165.930s][info][gc,heap        ] GC(1226) Eden regions: 259->0(259)
[165.930s][info][gc,heap        ] GC(1226) Survivor regions: 1->1(33)
[165.930s][info][gc,heap        ] GC(1226) Old regions: 60->60
[165.930s][info][gc,heap        ] GC(1226) Humongous regions: 6->6
[165.930s][info][gc,metaspace   ] GC(1226) Metaspace: 72606K->72606K(1114112K)
[165.930s][info][gc             ] GC(1226) Pause Young (Normal) (G1 Evacuation Pause) 324M->65M(434M) 3.480ms
[165.930s][info][gc,cpu         ] GC(1226) User=0.00s Sys=0.00s Real=0.01s
[166.054s][info][gc,start       ] GC(1227) Pause Young (Normal) (G1 Evacuation Pause)
[166.054s][info][gc,task        ] GC(1227) Using 1 workers of 1 for evacuation
[166.057s][info][gc,phases      ] GC(1227)   Pre Evacuate Collection Set: 0.0ms
[166.057s][info][gc,phases      ] GC(1227)   Evacuate Collection Set: 2.7ms
[166.057s][info][gc,phases      ] GC(1227)   Post Evacuate Collection Set: 0.4ms
[166.057s][info][gc,phases      ] GC(1227)   Other: 0.3ms
[166.057s][info][gc,heap        ] GC(1227) Eden regions: 259->0(259)
[166.057s][info][gc,heap        ] GC(1227) Survivor regions: 1->1(33)
[166.057s][info][gc,heap        ] GC(1227) Old regions: 60->60
[166.057s][info][gc,heap        ] GC(1227) Humongous regions: 6->6
[166.057s][info][gc,metaspace   ] GC(1227) Metaspace: 72606K->72606K(1114112K)
[166.057s][info][gc             ] GC(1227) Pause Young (Normal) (G1 Evacuation Pause) 324M->65M(434M) 3.437ms
[166.057s][info][gc,cpu         ] GC(1227) User=0.01s Sys=0.00s Real=0.00s
[166.198s][info][gc,start       ] GC(1228) Pause Young (Normal) (G1 Evacuation Pause)
[166.198s][info][gc,task        ] GC(1228) Using 1 workers of 1 for evacuation
[166.202s][info][gc,phases      ] GC(1228)   Pre Evacuate Collection Set: 0.0ms
[166.202s][info][gc,phases      ] GC(1228)   Evacuate Collection Set: 2.9ms
[166.202s][info][gc,phases      ] GC(1228)   Post Evacuate Collection Set: 0.4ms
[166.202s][info][gc,phases      ] GC(1228)   Other: 0.4ms
[166.202s][info][gc,heap        ] GC(1228) Eden regions: 259->0(259)
[166.202s][info][gc,heap        ] GC(1228) Survivor regions: 1->1(33)
[166.202s][info][gc,heap        ] GC(1228) Old regions: 60->60
[166.202s][info][gc,heap        ] GC(1228) Humongous regions: 11->6
[166.202s][info][gc,metaspace   ] GC(1228) Metaspace: 72607K->72607K(1114112K)
[166.202s][info][gc             ] GC(1228) Pause Young (Normal) (G1 Evacuation Pause) 329M->65M(434M) 3.792ms
[166.202s][info][gc,cpu         ] GC(1228) User=0.00s Sys=0.00s Real=0.00s
[166.321s][info][gc,start       ] GC(1229) Pause Young (Normal) (G1 Evacuation Pause)
[166.321s][info][gc,task        ] GC(1229) Using 1 workers of 1 for evacuation
[166.326s][info][gc,phases      ] GC(1229)   Pre Evacuate Collection Set: 0.0ms
[166.326s][info][gc,phases      ] GC(1229)   Evacuate Collection Set: 3.5ms
[166.326s][info][gc,phases      ] GC(1229)   Post Evacuate Collection Set: 0.6ms
[166.326s][info][gc,phases      ] GC(1229)   Other: 0.4ms
[166.326s][info][gc,heap        ] GC(1229) Eden regions: 259->0(259)
[166.326s][info][gc,heap        ] GC(1229) Survivor regions: 1->1(33)
[166.326s][info][gc,heap        ] GC(1229) Old regions: 60->60
[166.326s][info][gc,heap        ] GC(1229) Humongous regions: 6->6
[166.326s][info][gc,metaspace   ] GC(1229) Metaspace: 72607K->72607K(1114112K)
[166.326s][info][gc             ] GC(1229) Pause Young (Normal) (G1 Evacuation Pause) 324M->65M(434M) 4.551ms
[166.326s][info][gc,cpu         ] GC(1229) User=0.00s Sys=0.00s Real=0.00s
[166.455s][info][gc,start       ] GC(1230) Pause Young (Normal) (G1 Evacuation Pause)
[166.455s][info][gc,task        ] GC(1230) Using 1 workers of 1 for evacuation
[166.458s][info][gc,phases      ] GC(1230)   Pre Evacuate Collection Set: 0.0ms
[166.458s][info][gc,phases      ] GC(1230)   Evacuate Collection Set: 2.9ms
[166.458s][info][gc,phases      ] GC(1230)   Post Evacuate Collection Set: 0.4ms
[166.458s][info][gc,phases      ] GC(1230)   Other: 0.3ms
[166.458s][info][gc,heap        ] GC(1230) Eden regions: 259->0(259)
[166.458s][info][gc,heap        ] GC(1230) Survivor regions: 1->1(33)
[166.458s][info][gc,heap        ] GC(1230) Old regions: 60->60
[166.458s][info][gc,heap        ] GC(1230) Humongous regions: 6->6
[166.458s][info][gc,metaspace   ] GC(1230) Metaspace: 72607K->72607K(1114112K)
[166.458s][info][gc             ] GC(1230) Pause Young (Normal) (G1 Evacuation Pause) 324M->65M(434M) 3.567ms
[166.458s][info][gc,cpu         ] GC(1230) User=0.00s Sys=0.00s Real=0.01s
[166.576s][info][gc,start       ] GC(1231) Pause Young (Normal) (G1 Evacuation Pause)
[166.576s][info][gc,task        ] GC(1231) Using 1 workers of 1 for evacuation
[166.580s][info][gc,phases      ] GC(1231)   Pre Evacuate Collection Set: 0.0ms
[166.580s][info][gc,phases      ] GC(1231)   Evacuate Collection Set: 2.8ms
[166.580s][info][gc,phases      ] GC(1231)   Post Evacuate Collection Set: 0.4ms
[166.580s][info][gc,phases      ] GC(1231)   Other: 0.3ms
[166.580s][info][gc,heap        ] GC(1231) Eden regions: 259->0(259)
[166.580s][info][gc,heap        ] GC(1231) Survivor regions: 1->1(33)
[166.580s][info][gc,heap        ] GC(1231) Old regions: 60->60
[166.580s][info][gc,heap        ] GC(1231) Humongous regions: 6->6
[166.580s][info][gc,metaspace   ] GC(1231) Metaspace: 72607K->72607K(1114112K)
[166.580s][info][gc             ] GC(1231) Pause Young (Normal) (G1 Evacuation Pause) 324M->65M(434M) 3.560ms
[166.580s][info][gc,cpu         ] GC(1231) User=0.01s Sys=0.00s Real=0.01s
[166.716s][info][gc,start       ] GC(1232) Pause Young (Normal) (G1 Evacuation Pause)
[166.716s][info][gc,task        ] GC(1232) Using 1 workers of 1 for evacuation
[166.720s][info][gc,phases      ] GC(1232)   Pre Evacuate Collection Set: 0.0ms
[166.720s][info][gc,phases      ] GC(1232)   Evacuate Collection Set: 2.8ms
[166.720s][info][gc,phases      ] GC(1232)   Post Evacuate Collection Set: 0.4ms
[166.720s][info][gc,phases      ] GC(1232)   Other: 0.4ms
[166.720s][info][gc,heap        ] GC(1232) Eden regions: 259->0(259)
[166.720s][info][gc,heap        ] GC(1232) Survivor regions: 1->1(33)
[166.720s][info][gc,heap        ] GC(1232) Old regions: 60->60
[166.720s][info][gc,heap        ] GC(1232) Humongous regions: 6->6
[166.720s][info][gc,metaspace   ] GC(1232) Metaspace: 72607K->72607K(1114112K)
[166.720s][info][gc             ] GC(1232) Pause Young (Normal) (G1 Evacuation Pause) 324M->65M(434M) 3.591ms
[166.720s][info][gc,cpu         ] GC(1232) User=0.00s Sys=0.00s Real=0.01s
[166.846s][info][gc,start       ] GC(1233) Pause Young (Normal) (G1 Evacuation Pause)
[166.846s][info][gc,task        ] GC(1233) Using 1 workers of 1 for evacuation
[166.849s][info][gc,phases      ] GC(1233)   Pre Evacuate Collection Set: 0.0ms
[166.849s][info][gc,phases      ] GC(1233)   Evacuate Collection Set: 2.6ms
[166.849s][info][gc,phases      ] GC(1233)   Post Evacuate Collection Set: 0.3ms
[166.849s][info][gc,phases      ] GC(1233)   Other: 0.3ms
[166.849s][info][gc,heap        ] GC(1233) Eden regions: 259->0(259)
[166.849s][info][gc,heap        ] GC(1233) Survivor regions: 1->1(33)
[166.849s][info][gc,heap        ] GC(1233) Old regions: 60->60
[166.849s][info][gc,heap        ] GC(1233) Humongous regions: 6->6
[166.849s][info][gc,metaspace   ] GC(1233) Metaspace: 72607K->72607K(1114112K)
[166.849s][info][gc             ] GC(1233) Pause Young (Normal) (G1 Evacuation Pause) 324M->65M(434M) 3.361ms
[166.849s][info][gc,cpu         ] GC(1233) User=0.00s Sys=0.00s Real=0.00s
[166.987s][info][gc,start       ] GC(1234) Pause Young (Normal) (G1 Evacuation Pause)
[166.987s][info][gc,task        ] GC(1234) Using 1 workers of 1 for evacuation
[166.992s][info][gc,phases      ] GC(1234)   Pre Evacuate Collection Set: 0.0ms
[166.992s][info][gc,phases      ] GC(1234)   Evacuate Collection Set: 3.3ms
[166.992s][info][gc,phases      ] GC(1234)   Post Evacuate Collection Set: 0.5ms
[166.992s][info][gc,phases      ] GC(1234)   Other: 0.4ms
[166.992s][info][gc,heap        ] GC(1234) Eden regions: 259->0(259)
[166.992s][info][gc,heap        ] GC(1234) Survivor regions: 1->1(33)
[166.992s][info][gc,heap        ] GC(1234) Old regions: 60->60
[166.992s][info][gc,heap        ] GC(1234) Humongous regions: 11->6
[166.992s][info][gc,metaspace   ] GC(1234) Metaspace: 72609K->72609K(1114112K)
[166.992s][info][gc             ] GC(1234) Pause Young (Normal) (G1 Evacuation Pause) 329M->65M(434M) 4.294ms
[166.992s][info][gc,cpu         ] GC(1234) User=0.00s Sys=0.00s Real=0.01s
[167.126s][info][gc,start       ] GC(1235) Pause Young (Normal) (G1 Evacuation Pause)
[167.126s][info][gc,task        ] GC(1235) Using 1 workers of 1 for evacuation
[167.129s][info][gc,phases      ] GC(1235)   Pre Evacuate Collection Set: 0.0ms
[167.129s][info][gc,phases      ] GC(1235)   Evacuate Collection Set: 2.6ms
[167.129s][info][gc,phases      ] GC(1235)   Post Evacuate Collection Set: 0.4ms
[167.129s][info][gc,phases      ] GC(1235)   Other: 0.3ms
[167.129s][info][gc,heap        ] GC(1235) Eden regions: 259->0(259)
[167.129s][info][gc,heap        ] GC(1235) Survivor regions: 1->1(33)
[167.129s][info][gc,heap        ] GC(1235) Old regions: 60->60
[167.129s][info][gc,heap        ] GC(1235) Humongous regions: 6->6
[167.129s][info][gc,metaspace   ] GC(1235) Metaspace: 72609K->72609K(1114112K)
[167.130s][info][gc             ] GC(1235) Pause Young (Normal) (G1 Evacuation Pause) 324M->65M(434M) 3.324ms
[167.130s][info][gc,cpu         ] GC(1235) User=0.00s Sys=0.00s Real=0.00s
[167.251s][info][gc,start       ] GC(1236) Pause Young (Normal) (G1 Evacuation Pause)
[167.251s][info][gc,task        ] GC(1236) Using 1 workers of 1 for evacuation
[167.254s][info][gc,phases      ] GC(1236)   Pre Evacuate Collection Set: 0.0ms
[167.254s][info][gc,phases      ] GC(1236)   Evacuate Collection Set: 2.6ms
[167.254s][info][gc,phases      ] GC(1236)   Post Evacuate Collection Set: 0.3ms
[167.254s][info][gc,phases      ] GC(1236)   Other: 0.3ms
[167.254s][info][gc,heap        ] GC(1236) Eden regions: 259->0(259)
[167.254s][info][gc,heap        ] GC(1236) Survivor regions: 1->1(33)
[167.254s][info][gc,heap        ] GC(1236) Old regions: 60->60
[167.254s][info][gc,heap        ] GC(1236) Humongous regions: 6->6
[167.254s][info][gc,metaspace   ] GC(1236) Metaspace: 72609K->72609K(1114112K)
[167.254s][info][gc             ] GC(1236) Pause Young (Normal) (G1 Evacuation Pause) 324M->65M(434M) 3.286ms
[167.255s][info][gc,cpu         ] GC(1236) User=0.01s Sys=0.00s Real=0.00s
[167.378s][info][gc,start       ] GC(1237) Pause Young (Normal) (G1 Evacuation Pause)
[167.378s][info][gc,task        ] GC(1237) Using 1 workers of 1 for evacuation
[167.381s][info][gc,phases      ] GC(1237)   Pre Evacuate Collection Set: 0.0ms
[167.381s][info][gc,phases      ] GC(1237)   Evacuate Collection Set: 2.7ms
[167.381s][info][gc,phases      ] GC(1237)   Post Evacuate Collection Set: 0.4ms
[167.381s][info][gc,phases      ] GC(1237)   Other: 0.3ms
[167.381s][info][gc,heap        ] GC(1237) Eden regions: 259->0(259)
[167.381s][info][gc,heap        ] GC(1237) Survivor regions: 1->1(33)
[167.381s][info][gc,heap        ] GC(1237) Old regions: 60->60
[167.381s][info][gc,heap        ] GC(1237) Humongous regions: 6->6
[167.381s][info][gc,metaspace   ] GC(1237) Metaspace: 72609K->72609K(1114112K)
[167.381s][info][gc             ] GC(1237) Pause Young (Normal) (G1 Evacuation Pause) 324M->65M(434M) 3.484ms
[167.381s][info][gc,cpu         ] GC(1237) User=0.00s Sys=0.00s Real=0.01s
[167.508s][info][gc,start       ] GC(1238) Pause Young (Normal) (G1 Evacuation Pause)
[167.508s][info][gc,task        ] GC(1238) Using 1 workers of 1 for evacuation
[167.511s][info][gc,phases      ] GC(1238)   Pre Evacuate Collection Set: 0.0ms
[167.511s][info][gc,phases      ] GC(1238)   Evacuate Collection Set: 2.8ms
[167.511s][info][gc,phases      ] GC(1238)   Post Evacuate Collection Set: 0.4ms
[167.511s][info][gc,phases      ] GC(1238)   Other: 0.4ms
[167.511s][info][gc,heap        ] GC(1238) Eden regions: 259->0(259)
[167.511s][info][gc,heap        ] GC(1238) Survivor regions: 1->1(33)
[167.511s][info][gc,heap        ] GC(1238) Old regions: 60->60
[167.511s][info][gc,heap        ] GC(1238) Humongous regions: 6->6
[167.511s][info][gc,metaspace   ] GC(1238) Metaspace: 72612K->72612K(1114112K)
[167.511s][info][gc             ] GC(1238) Pause Young (Normal) (G1 Evacuation Pause) 324M->65M(434M) 3.582ms
[167.511s][info][gc,cpu         ] GC(1238) User=0.00s Sys=0.00s Real=0.01s
[167.632s][info][gc,start       ] GC(1239) Pause Young (Normal) (G1 Evacuation Pause)
[167.632s][info][gc,task        ] GC(1239) Using 1 workers of 1 for evacuation
[167.635s][info][gc,phases      ] GC(1239)   Pre Evacuate Collection Set: 0.0ms
[167.635s][info][gc,phases      ] GC(1239)   Evacuate Collection Set: 2.9ms
[167.635s][info][gc,phases      ] GC(1239)   Post Evacuate Collection Set: 0.4ms
[167.635s][info][gc,phases      ] GC(1239)   Other: 0.3ms
[167.635s][info][gc,heap        ] GC(1239) Eden regions: 259->0(259)
[167.635s][info][gc,heap        ] GC(1239) Survivor regions: 1->1(33)
[167.635s][info][gc,heap        ] GC(1239) Old regions: 60->60
[167.635s][info][gc,heap        ] GC(1239) Humongous regions: 6->6
[167.635s][info][gc,metaspace   ] GC(1239) Metaspace: 72612K->72612K(1114112K)
[167.635s][info][gc             ] GC(1239) Pause Young (Normal) (G1 Evacuation Pause) 324M->65M(434M) 3.666ms
[167.635s][info][gc,cpu         ] GC(1239) User=0.01s Sys=0.00s Real=0.00s
[167.775s][info][gc,start       ] GC(1240) Pause Young (Normal) (G1 Evacuation Pause)
[167.775s][info][gc,task        ] GC(1240) Using 1 workers of 1 for evacuation
[167.779s][info][gc,phases      ] GC(1240)   Pre Evacuate Collection Set: 0.0ms
[167.779s][info][gc,phases      ] GC(1240)   Evacuate Collection Set: 3.1ms
[167.779s][info][gc,phases      ] GC(1240)   Post Evacuate Collection Set: 0.4ms
[167.779s][info][gc,phases      ] GC(1240)   Other: 0.4ms
[167.779s][info][gc,heap        ] GC(1240) Eden regions: 259->0(259)
[167.779s][info][gc,heap        ] GC(1240) Survivor regions: 1->1(33)
[167.779s][info][gc,heap        ] GC(1240) Old regions: 60->60
[167.779s][info][gc,heap        ] GC(1240) Humongous regions: 11->6
[167.779s][info][gc,metaspace   ] GC(1240) Metaspace: 72614K->72614K(1114112K)
[167.779s][info][gc             ] GC(1240) Pause Young (Normal) (G1 Evacuation Pause) 329M->65M(434M) 3.909ms
[167.779s][info][gc,cpu         ] GC(1240) User=0.00s Sys=0.00s Real=0.01s
[167.898s][info][gc,start       ] GC(1241) Pause Young (Normal) (G1 Evacuation Pause)
[167.899s][info][gc,task        ] GC(1241) Using 1 workers of 1 for evacuation
[167.902s][info][gc,phases      ] GC(1241)   Pre Evacuate Collection Set: 0.0ms
[167.902s][info][gc,phases      ] GC(1241)   Evacuate Collection Set: 2.9ms
[167.902s][info][gc,phases      ] GC(1241)   Post Evacuate Collection Set: 0.4ms
[167.902s][info][gc,phases      ] GC(1241)   Other: 0.3ms
[167.902s][info][gc,heap        ] GC(1241) Eden regions: 259->0(259)
[167.902s][info][gc,heap        ] GC(1241) Survivor regions: 1->1(33)
[167.902s][info][gc,heap        ] GC(1241) Old regions: 60->60
[167.902s][info][gc,heap        ] GC(1241) Humongous regions: 6->6
[167.902s][info][gc,metaspace   ] GC(1241) Metaspace: 72614K->72614K(1114112K)
[167.902s][info][gc             ] GC(1241) Pause Young (Normal) (G1 Evacuation Pause) 324M->65M(434M) 3.700ms
[167.902s][info][gc,cpu         ] GC(1241) User=0.00s Sys=0.00s Real=0.00s
[168.022s][info][gc,start       ] GC(1242) Pause Young (Normal) (G1 Evacuation Pause)
[168.022s][info][gc,task        ] GC(1242) Using 1 workers of 1 for evacuation
[168.025s][info][gc,phases      ] GC(1242)   Pre Evacuate Collection Set: 0.0ms
[168.025s][info][gc,phases      ] GC(1242)   Evacuate Collection Set: 2.9ms
[168.025s][info][gc,phases      ] GC(1242)   Post Evacuate Collection Set: 0.4ms
[168.025s][info][gc,phases      ] GC(1242)   Other: 0.3ms
[168.025s][info][gc,heap        ] GC(1242) Eden regions: 259->0(259)
[168.025s][info][gc,heap        ] GC(1242) Survivor regions: 1->1(33)
[168.025s][info][gc,heap        ] GC(1242) Old regions: 60->60
[168.025s][info][gc,heap        ] GC(1242) Humongous regions: 6->6
[168.025s][info][gc,metaspace   ] GC(1242) Metaspace: 72614K->72614K(1114112K)
[168.025s][info][gc             ] GC(1242) Pause Young (Normal) (G1 Evacuation Pause) 324M->65M(434M) 3.701ms
[168.025s][info][gc,cpu         ] GC(1242) User=0.01s Sys=0.00s Real=0.00s
[168.145s][info][gc,start       ] GC(1243) Pause Young (Normal) (G1 Evacuation Pause)
[168.145s][info][gc,task        ] GC(1243) Using 1 workers of 1 for evacuation
[168.149s][info][gc,phases      ] GC(1243)   Pre Evacuate Collection Set: 0.0ms
[168.149s][info][gc,phases      ] GC(1243)   Evacuate Collection Set: 2.9ms
[168.149s][info][gc,phases      ] GC(1243)   Post Evacuate Collection Set: 0.4ms
[168.149s][info][gc,phases      ] GC(1243)   Other: 0.3ms
[168.149s][info][gc,heap        ] GC(1243) Eden regions: 259->0(259)
[168.149s][info][gc,heap        ] GC(1243) Survivor regions: 1->1(33)
[168.149s][info][gc,heap        ] GC(1243) Old regions: 60->60
[168.149s][info][gc,heap        ] GC(1243) Humongous regions: 6->6
[168.149s][info][gc,metaspace   ] GC(1243) Metaspace: 72614K->72614K(1114112K)
[168.149s][info][gc             ] GC(1243) Pause Young (Normal) (G1 Evacuation Pause) 324M->65M(434M) 3.697ms
[168.149s][info][gc,cpu         ] GC(1243) User=0.00s Sys=0.00s Real=0.00s
[168.270s][info][gc,start       ] GC(1244) Pause Young (Normal) (G1 Evacuation Pause)
[168.270s][info][gc,task        ] GC(1244) Using 1 workers of 1 for evacuation
[168.274s][info][gc,phases      ] GC(1244)   Pre Evacuate Collection Set: 0.0ms
[168.274s][info][gc,phases      ] GC(1244)   Evacuate Collection Set: 2.8ms
[168.274s][info][gc,phases      ] GC(1244)   Post Evacuate Collection Set: 0.4ms
[168.274s][info][gc,phases      ] GC(1244)   Other: 0.3ms
[168.274s][info][gc,heap        ] GC(1244) Eden regions: 259->0(259)
[168.274s][info][gc,heap        ] GC(1244) Survivor regions: 1->1(33)
[168.274s][info][gc,heap        ] GC(1244) Old regions: 60->60
[168.274s][info][gc,heap        ] GC(1244) Humongous regions: 6->6
[168.274s][info][gc,metaspace   ] GC(1244) Metaspace: 72614K->72614K(1114112K)
[168.274s][info][gc             ] GC(1244) Pause Young (Normal) (G1 Evacuation Pause) 324M->65M(434M) 3.536ms
[168.274s][info][gc,cpu         ] GC(1244) User=0.00s Sys=0.00s Real=0.00s
[168.395s][info][gc,start       ] GC(1245) Pause Young (Normal) (G1 Evacuation Pause)
[168.395s][info][gc,task        ] GC(1245) Using 1 workers of 1 for evacuation
[168.398s][info][gc,phases      ] GC(1245)   Pre Evacuate Collection Set: 0.0ms
[168.399s][info][gc,phases      ] GC(1245)   Evacuate Collection Set: 2.8ms
[168.399s][info][gc,phases      ] GC(1245)   Post Evacuate Collection Set: 0.4ms
[168.399s][info][gc,phases      ] GC(1245)   Other: 0.4ms
[168.399s][info][gc,heap        ] GC(1245) Eden regions: 259->0(259)
[168.399s][info][gc,heap        ] GC(1245) Survivor regions: 1->1(33)
[168.399s][info][gc,heap        ] GC(1245) Old regions: 60->60
[168.399s][info][gc,heap        ] GC(1245) Humongous regions: 6->6
[168.399s][info][gc,metaspace   ] GC(1245) Metaspace: 72614K->72614K(1114112K)
[168.399s][info][gc             ] GC(1245) Pause Young (Normal) (G1 Evacuation Pause) 324M->65M(434M) 3.596ms
[168.399s][info][gc,cpu         ] GC(1245) User=0.00s Sys=0.00s Real=0.01s
[168.541s][info][gc,start       ] GC(1246) Pause Young (Normal) (G1 Evacuation Pause)
[168.541s][info][gc,task        ] GC(1246) Using 1 workers of 1 for evacuation
[168.544s][info][gc,phases      ] GC(1246)   Pre Evacuate Collection Set: 0.0ms
[168.544s][info][gc,phases      ] GC(1246)   Evacuate Collection Set: 2.8ms
[168.544s][info][gc,phases      ] GC(1246)   Post Evacuate Collection Set: 0.4ms
[168.544s][info][gc,phases      ] GC(1246)   Other: 0.4ms
[168.544s][info][gc,heap        ] GC(1246) Eden regions: 259->0(259)
[168.544s][info][gc,heap        ] GC(1246) Survivor regions: 1->1(33)
[168.544s][info][gc,heap        ] GC(1246) Old regions: 60->60
[168.544s][info][gc,heap        ] GC(1246) Humongous regions: 11->6
[168.544s][info][gc,metaspace   ] GC(1246) Metaspace: 72614K->72614K(1114112K)
[168.544s][info][gc             ] GC(1246) Pause Young (Normal) (G1 Evacuation Pause) 329M->65M(434M) 3.561ms
[168.544s][info][gc,cpu         ] GC(1246) User=0.00s Sys=0.00s Real=0.00s
[168.664s][info][gc,start       ] GC(1247) Pause Young (Normal) (G1 Evacuation Pause)
[168.664s][info][gc,task        ] GC(1247) Using 1 workers of 1 for evacuation
[168.668s][info][gc,phases      ] GC(1247)   Pre Evacuate Collection Set: 0.0ms
[168.668s][info][gc,phases      ] GC(1247)   Evacuate Collection Set: 2.8ms
[168.668s][info][gc,phases      ] GC(1247)   Post Evacuate Collection Set: 0.4ms
[168.668s][info][gc,phases      ] GC(1247)   Other: 0.3ms
[168.668s][info][gc,heap        ] GC(1247) Eden regions: 259->0(259)
[168.668s][info][gc,heap        ] GC(1247) Survivor regions: 1->1(33)
[168.668s][info][gc,heap        ] GC(1247) Old regions: 60->60
[168.668s][info][gc,heap        ] GC(1247) Humongous regions: 6->6
[168.668s][info][gc,metaspace   ] GC(1247) Metaspace: 72614K->72614K(1114112K)
[168.668s][info][gc             ] GC(1247) Pause Young (Normal) (G1 Evacuation Pause) 324M->65M(434M) 3.580ms
[168.668s][info][gc,cpu         ] GC(1247) User=0.00s Sys=0.00s Real=0.00s
[168.797s][info][gc,start       ] GC(1248) Pause Young (Normal) (G1 Evacuation Pause)
[168.797s][info][gc,task        ] GC(1248) Using 1 workers of 1 for evacuation
[168.801s][info][gc,phases      ] GC(1248)   Pre Evacuate Collection Set: 0.0ms
[168.801s][info][gc,phases      ] GC(1248)   Evacuate Collection Set: 2.7ms
[168.801s][info][gc,phases      ] GC(1248)   Post Evacuate Collection Set: 0.4ms
[168.801s][info][gc,phases      ] GC(1248)   Other: 0.3ms
[168.801s][info][gc,heap        ] GC(1248) Eden regions: 259->0(259)
[168.801s][info][gc,heap        ] GC(1248) Survivor regions: 1->1(33)
[168.801s][info][gc,heap        ] GC(1248) Old regions: 60->60
[168.801s][info][gc,heap        ] GC(1248) Humongous regions: 6->6
[168.801s][info][gc,metaspace   ] GC(1248) Metaspace: 72614K->72614K(1114112K)
[168.801s][info][gc             ] GC(1248) Pause Young (Normal) (G1 Evacuation Pause) 324M->65M(434M) 3.469ms
[168.801s][info][gc,cpu         ] GC(1248) User=0.01s Sys=0.00s Real=0.01s
[168.923s][info][gc,start       ] GC(1249) Pause Young (Normal) (G1 Evacuation Pause)
[168.923s][info][gc,task        ] GC(1249) Using 1 workers of 1 for evacuation
[168.926s][info][gc,phases      ] GC(1249)   Pre Evacuate Collection Set: 0.0ms
[168.926s][info][gc,phases      ] GC(1249)   Evacuate Collection Set: 2.9ms
[168.926s][info][gc,phases      ] GC(1249)   Post Evacuate Collection Set: 0.4ms
[168.926s][info][gc,phases      ] GC(1249)   Other: 0.3ms
[168.926s][info][gc,heap        ] GC(1249) Eden regions: 259->0(259)
[168.926s][info][gc,heap        ] GC(1249) Survivor regions: 1->1(33)
[168.926s][info][gc,heap        ] GC(1249) Old regions: 60->60
[168.926s][info][gc,heap        ] GC(1249) Humongous regions: 6->6
[168.926s][info][gc,metaspace   ] GC(1249) Metaspace: 72614K->72614K(1114112K)
[168.926s][info][gc             ] GC(1249) Pause Young (Normal) (G1 Evacuation Pause) 324M->65M(434M) 3.602ms
[168.926s][info][gc,cpu         ] GC(1249) User=0.00s Sys=0.01s Real=0.00s
[169.058s][info][gc,start       ] GC(1250) Pause Young (Normal) (G1 Evacuation Pause)
[169.058s][info][gc,task        ] GC(1250) Using 1 workers of 1 for evacuation
[169.061s][info][gc,phases      ] GC(1250)   Pre Evacuate Collection Set: 0.0ms
[169.061s][info][gc,phases      ] GC(1250)   Evacuate Collection Set: 2.8ms
[169.061s][info][gc,phases      ] GC(1250)   Post Evacuate Collection Set: 0.4ms
[169.061s][info][gc,phases      ] GC(1250)   Other: 0.4ms
[169.061s][info][gc,heap        ] GC(1250) Eden regions: 259->0(259)
[169.061s][info][gc,heap        ] GC(1250) Survivor regions: 1->1(33)
[169.061s][info][gc,heap        ] GC(1250) Old regions: 60->60
[169.061s][info][gc,heap        ] GC(1250) Humongous regions: 6->6
[169.061s][info][gc,metaspace   ] GC(1250) Metaspace: 72614K->72614K(1114112K)
[169.062s][info][gc             ] GC(1250) Pause Young (Normal) (G1 Evacuation Pause) 324M->65M(434M) 3.663ms
[169.062s][info][gc,cpu         ] GC(1250) User=0.00s Sys=0.00s Real=0.00s
[169.199s][info][gc,start       ] GC(1251) Pause Young (Normal) (G1 Evacuation Pause)
[169.199s][info][gc,task        ] GC(1251) Using 1 workers of 1 for evacuation
[169.203s][info][gc,phases      ] GC(1251)   Pre Evacuate Collection Set: 0.0ms
[169.203s][info][gc,phases      ] GC(1251)   Evacuate Collection Set: 3.0ms
[169.203s][info][gc,phases      ] GC(1251)   Post Evacuate Collection Set: 0.4ms
[169.203s][info][gc,phases      ] GC(1251)   Other: 0.3ms
[169.203s][info][gc,heap        ] GC(1251) Eden regions: 259->0(259)
[169.203s][info][gc,heap        ] GC(1251) Survivor regions: 1->1(33)
[169.203s][info][gc,heap        ] GC(1251) Old regions: 60->60
[169.203s][info][gc,heap        ] GC(1251) Humongous regions: 11->6
[169.203s][info][gc,metaspace   ] GC(1251) Metaspace: 72614K->72614K(1114112K)
[169.203s][info][gc             ] GC(1251) Pause Young (Normal) (G1 Evacuation Pause) 329M->65M(434M) 3.800ms
[169.203s][info][gc,cpu         ] GC(1251) User=0.00s Sys=0.00s Real=0.00s
[169.323s][info][gc,start       ] GC(1252) Pause Young (Normal) (G1 Evacuation Pause)
[169.323s][info][gc,task        ] GC(1252) Using 1 workers of 1 for evacuation
[169.327s][info][gc,phases      ] GC(1252)   Pre Evacuate Collection Set: 0.0ms
[169.327s][info][gc,phases      ] GC(1252)   Evacuate Collection Set: 3.0ms
[169.327s][info][gc,phases      ] GC(1252)   Post Evacuate Collection Set: 0.4ms
[169.327s][info][gc,phases      ] GC(1252)   Other: 0.4ms
[169.327s][info][gc,heap        ] GC(1252) Eden regions: 259->0(259)
[169.327s][info][gc,heap        ] GC(1252) Survivor regions: 1->1(33)
[169.327s][info][gc,heap        ] GC(1252) Old regions: 60->60
[169.327s][info][gc,heap        ] GC(1252) Humongous regions: 6->6
[169.327s][info][gc,metaspace   ] GC(1252) Metaspace: 72614K->72614K(1114112K)
[169.327s][info][gc             ] GC(1252) Pause Young (Normal) (G1 Evacuation Pause) 324M->65M(434M) 3.781ms
[169.327s][info][gc,cpu         ] GC(1252) User=0.01s Sys=0.00s Real=0.00s
[169.446s][info][gc,start       ] GC(1253) Pause Young (Normal) (G1 Evacuation Pause)
[169.446s][info][gc,task        ] GC(1253) Using 1 workers of 1 for evacuation
[169.450s][info][gc,phases      ] GC(1253)   Pre Evacuate Collection Set: 0.0ms
[169.450s][info][gc,phases      ] GC(1253)   Evacuate Collection Set: 2.9ms
[169.450s][info][gc,phases      ] GC(1253)   Post Evacuate Collection Set: 0.4ms
[169.450s][info][gc,phases      ] GC(1253)   Other: 0.3ms
[169.450s][info][gc,heap        ] GC(1253) Eden regions: 259->0(259)
[169.450s][info][gc,heap        ] GC(1253) Survivor regions: 1->1(33)
[169.450s][info][gc,heap        ] GC(1253) Old regions: 60->60
[169.450s][info][gc,heap        ] GC(1253) Humongous regions: 6->6
[169.450s][info][gc,metaspace   ] GC(1253) Metaspace: 72614K->72614K(1114112K)
[169.450s][info][gc             ] GC(1253) Pause Young (Normal) (G1 Evacuation Pause) 324M->65M(434M) 3.718ms
[169.450s][info][gc,cpu         ] GC(1253) User=0.00s Sys=0.00s Real=0.01s
[169.569s][info][gc,start       ] GC(1254) Pause Young (Normal) (G1 Evacuation Pause)
[169.569s][info][gc,task        ] GC(1254) Using 1 workers of 1 for evacuation
[169.573s][info][gc,phases      ] GC(1254)   Pre Evacuate Collection Set: 0.0ms
[169.573s][info][gc,phases      ] GC(1254)   Evacuate Collection Set: 2.8ms
[169.573s][info][gc,phases      ] GC(1254)   Post Evacuate Collection Set: 0.4ms
[169.573s][info][gc,phases      ] GC(1254)   Other: 0.3ms
[169.573s][info][gc,heap        ] GC(1254) Eden regions: 259->0(259)
[169.573s][info][gc,heap        ] GC(1254) Survivor regions: 1->1(33)
[169.573s][info][gc,heap        ] GC(1254) Old regions: 60->60
[169.573s][info][gc,heap        ] GC(1254) Humongous regions: 6->6
[169.573s][info][gc,metaspace   ] GC(1254) Metaspace: 72614K->72614K(1114112K)
[169.573s][info][gc             ] GC(1254) Pause Young (Normal) (G1 Evacuation Pause) 324M->65M(434M) 3.558ms
[169.573s][info][gc,cpu         ] GC(1254) User=0.01s Sys=0.00s Real=0.01s
[169.694s][info][gc,start       ] GC(1255) Pause Young (Normal) (G1 Evacuation Pause)
[169.694s][info][gc,task        ] GC(1255) Using 1 workers of 1 for evacuation
[169.697s][info][gc,phases      ] GC(1255)   Pre Evacuate Collection Set: 0.0ms
[169.697s][info][gc,phases      ] GC(1255)   Evacuate Collection Set: 2.8ms
[169.697s][info][gc,phases      ] GC(1255)   Post Evacuate Collection Set: 0.3ms
[169.697s][info][gc,phases      ] GC(1255)   Other: 0.3ms
[169.697s][info][gc,heap        ] GC(1255) Eden regions: 259->0(259)
[169.697s][info][gc,heap        ] GC(1255) Survivor regions: 1->1(33)
[169.697s][info][gc,heap        ] GC(1255) Old regions: 60->60
[169.697s][info][gc,heap        ] GC(1255) Humongous regions: 6->6
[169.697s][info][gc,metaspace   ] GC(1255) Metaspace: 72614K->72614K(1114112K)
[169.697s][info][gc             ] GC(1255) Pause Young (Normal) (G1 Evacuation Pause) 324M->65M(434M) 3.522ms
[169.698s][info][gc,cpu         ] GC(1255) User=0.00s Sys=0.00s Real=0.00s
[169.826s][info][gc,start       ] GC(1256) Pause Young (Normal) (G1 Evacuation Pause)
[169.826s][info][gc,task        ] GC(1256) Using 1 workers of 1 for evacuation
[169.829s][info][gc,phases      ] GC(1256)   Pre Evacuate Collection Set: 0.0ms
[169.829s][info][gc,phases      ] GC(1256)   Evacuate Collection Set: 2.8ms
[169.829s][info][gc,phases      ] GC(1256)   Post Evacuate Collection Set: 0.4ms
[169.829s][info][gc,phases      ] GC(1256)   Other: 0.3ms
[169.829s][info][gc,heap        ] GC(1256) Eden regions: 259->0(259)
[169.829s][info][gc,heap        ] GC(1256) Survivor regions: 1->1(33)
[169.829s][info][gc,heap        ] GC(1256) Old regions: 60->60
[169.829s][info][gc,heap        ] GC(1256) Humongous regions: 6->6
[169.829s][info][gc,metaspace   ] GC(1256) Metaspace: 72614K->72614K(1114112K)
[169.829s][info][gc             ] GC(1256) Pause Young (Normal) (G1 Evacuation Pause) 324M->65M(434M) 3.550ms
[169.829s][info][gc,cpu         ] GC(1256) User=0.00s Sys=0.00s Real=0.00s
[169.964s][info][gc,start       ] GC(1257) Pause Young (Normal) (G1 Evacuation Pause)
[169.964s][info][gc,task        ] GC(1257) Using 1 workers of 1 for evacuation
[169.968s][info][gc,phases      ] GC(1257)   Pre Evacuate Collection Set: 0.0ms
[169.968s][info][gc,phases      ] GC(1257)   Evacuate Collection Set: 2.7ms
[169.968s][info][gc,phases      ] GC(1257)   Post Evacuate Collection Set: 0.4ms
[169.968s][info][gc,phases      ] GC(1257)   Other: 0.3ms
[169.968s][info][gc,heap        ] GC(1257) Eden regions: 259->0(259)
[169.968s][info][gc,heap        ] GC(1257) Survivor regions: 1->1(33)
[169.968s][info][gc,heap        ] GC(1257) Old regions: 60->60
[169.968s][info][gc,heap        ] GC(1257) Humongous regions: 11->6
[169.968s][info][gc,metaspace   ] GC(1257) Metaspace: 72614K->72614K(1114112K)
[169.968s][info][gc             ] GC(1257) Pause Young (Normal) (G1 Evacuation Pause) 329M->65M(434M) 3.480ms
[169.968s][info][gc,cpu         ] GC(1257) User=0.00s Sys=0.00s Real=0.00s
[170.091s][info][gc,start       ] GC(1258) Pause Young (Normal) (G1 Evacuation Pause)
[170.091s][info][gc,task        ] GC(1258) Using 1 workers of 1 for evacuation
[170.094s][info][gc,phases      ] GC(1258)   Pre Evacuate Collection Set: 0.0ms
[170.094s][info][gc,phases      ] GC(1258)   Evacuate Collection Set: 2.6ms
[170.094s][info][gc,phases      ] GC(1258)   Post Evacuate Collection Set: 0.3ms
[170.094s][info][gc,phases      ] GC(1258)   Other: 0.3ms
[170.094s][info][gc,heap        ] GC(1258) Eden regions: 259->0(259)
[170.094s][info][gc,heap        ] GC(1258) Survivor regions: 1->1(33)
[170.094s][info][gc,heap        ] GC(1258) Old regions: 60->60
[170.094s][info][gc,heap        ] GC(1258) Humongous regions: 6->6
[170.094s][info][gc,metaspace   ] GC(1258) Metaspace: 72614K->72614K(1114112K)
[170.094s][info][gc             ] GC(1258) Pause Young (Normal) (G1 Evacuation Pause) 324M->65M(434M) 3.343ms
[170.094s][info][gc,cpu         ] GC(1258) User=0.01s Sys=0.00s Real=0.00s
[170.225s][info][gc,start       ] GC(1259) Pause Young (Normal) (G1 Evacuation Pause)
[170.225s][info][gc,task        ] GC(1259) Using 1 workers of 1 for evacuation
[170.228s][info][gc,phases      ] GC(1259)   Pre Evacuate Collection Set: 0.1ms
[170.228s][info][gc,phases      ] GC(1259)   Evacuate Collection Set: 2.6ms
[170.228s][info][gc,phases      ] GC(1259)   Post Evacuate Collection Set: 0.4ms
[170.228s][info][gc,phases      ] GC(1259)   Other: 0.4ms
[170.228s][info][gc,heap        ] GC(1259) Eden regions: 259->0(259)
[170.228s][info][gc,heap        ] GC(1259) Survivor regions: 1->1(33)
[170.228s][info][gc,heap        ] GC(1259) Old regions: 60->60
[170.228s][info][gc,heap        ] GC(1259) Humongous regions: 6->6
[170.228s][info][gc,metaspace   ] GC(1259) Metaspace: 72614K->72614K(1114112K)
[170.229s][info][gc             ] GC(1259) Pause Young (Normal) (G1 Evacuation Pause) 324M->65M(434M) 3.517ms
[170.229s][info][gc,cpu         ] GC(1259) User=0.00s Sys=0.00s Real=0.00s
[170.349s][info][gc,start       ] GC(1260) Pause Young (Normal) (G1 Evacuation Pause)
[170.349s][info][gc,task        ] GC(1260) Using 1 workers of 1 for evacuation
[170.352s][info][gc,phases      ] GC(1260)   Pre Evacuate Collection Set: 0.1ms
[170.353s][info][gc,phases      ] GC(1260)   Evacuate Collection Set: 2.6ms
[170.353s][info][gc,phases      ] GC(1260)   Post Evacuate Collection Set: 0.4ms
[170.353s][info][gc,phases      ] GC(1260)   Other: 0.3ms
[170.353s][info][gc,heap        ] GC(1260) Eden regions: 259->0(259)
[170.353s][info][gc,heap        ] GC(1260) Survivor regions: 1->1(33)
[170.353s][info][gc,heap        ] GC(1260) Old regions: 60->60
[170.353s][info][gc,heap        ] GC(1260) Humongous regions: 6->6
[170.353s][info][gc,metaspace   ] GC(1260) Metaspace: 72614K->72614K(1114112K)
[170.353s][info][gc             ] GC(1260) Pause Young (Normal) (G1 Evacuation Pause) 324M->65M(434M) 3.409ms
[170.353s][info][gc,cpu         ] GC(1260) User=0.01s Sys=0.00s Real=0.01s
[170.474s][info][gc,start       ] GC(1261) Pause Young (Normal) (G1 Evacuation Pause)
[170.474s][info][gc,task        ] GC(1261) Using 1 workers of 1 for evacuation
[170.478s][info][gc,phases      ] GC(1261)   Pre Evacuate Collection Set: 0.0ms
[170.478s][info][gc,phases      ] GC(1261)   Evacuate Collection Set: 2.7ms
[170.478s][info][gc,phases      ] GC(1261)   Post Evacuate Collection Set: 0.4ms
[170.478s][info][gc,phases      ] GC(1261)   Other: 0.3ms
[170.478s][info][gc,heap        ] GC(1261) Eden regions: 259->0(259)
[170.478s][info][gc,heap        ] GC(1261) Survivor regions: 1->1(33)
[170.478s][info][gc,heap        ] GC(1261) Old regions: 60->60
[170.478s][info][gc,heap        ] GC(1261) Humongous regions: 6->6
[170.478s][info][gc,metaspace   ] GC(1261) Metaspace: 72614K->72614K(1114112K)
[170.478s][info][gc             ] GC(1261) Pause Young (Normal) (G1 Evacuation Pause) 324M->65M(434M) 3.503ms
[170.478s][info][gc,cpu         ] GC(1261) User=0.00s Sys=0.00s Real=0.01s
[170.598s][info][gc,start       ] GC(1262) Pause Young (Normal) (G1 Evacuation Pause)
[170.598s][info][gc,task        ] GC(1262) Using 1 workers of 1 for evacuation
[170.601s][info][gc,phases      ] GC(1262)   Pre Evacuate Collection Set: 0.0ms
[170.601s][info][gc,phases      ] GC(1262)   Evacuate Collection Set: 2.6ms
[170.601s][info][gc,phases      ] GC(1262)   Post Evacuate Collection Set: 0.3ms
[170.601s][info][gc,phases      ] GC(1262)   Other: 0.3ms
[170.601s][info][gc,heap        ] GC(1262) Eden regions: 259->0(259)
[170.601s][info][gc,heap        ] GC(1262) Survivor regions: 1->1(33)
[170.601s][info][gc,heap        ] GC(1262) Old regions: 60->60
[170.601s][info][gc,heap        ] GC(1262) Humongous regions: 6->6
[170.601s][info][gc,metaspace   ] GC(1262) Metaspace: 72614K->72614K(1114112K)
[170.601s][info][gc             ] GC(1262) Pause Young (Normal) (G1 Evacuation Pause) 324M->65M(434M) 3.328ms
[170.601s][info][gc,cpu         ] GC(1262) User=0.00s Sys=0.00s Real=0.00s
[170.753s][info][gc,start       ] GC(1263) Pause Young (Normal) (G1 Evacuation Pause)
[170.753s][info][gc,task        ] GC(1263) Using 1 workers of 1 for evacuation
[170.757s][info][gc,phases      ] GC(1263)   Pre Evacuate Collection Set: 0.0ms
[170.757s][info][gc,phases      ] GC(1263)   Evacuate Collection Set: 3.1ms
[170.757s][info][gc,phases      ] GC(1263)   Post Evacuate Collection Set: 0.4ms
[170.757s][info][gc,phases      ] GC(1263)   Other: 0.4ms
[170.757s][info][gc,heap        ] GC(1263) Eden regions: 259->0(259)
[170.757s][info][gc,heap        ] GC(1263) Survivor regions: 1->1(33)
[170.757s][info][gc,heap        ] GC(1263) Old regions: 60->60
[170.757s][info][gc,heap        ] GC(1263) Humongous regions: 11->6
[170.757s][info][gc,metaspace   ] GC(1263) Metaspace: 72616K->72616K(1114112K)
[170.757s][info][gc             ] GC(1263) Pause Young (Normal) (G1 Evacuation Pause) 329M->65M(434M) 3.945ms
[170.757s][info][gc,cpu         ] GC(1263) User=0.00s Sys=0.00s Real=0.00s
[170.887s][info][gc,start       ] GC(1264) Pause Young (Normal) (G1 Evacuation Pause)
[170.888s][info][gc,task        ] GC(1264) Using 1 workers of 1 for evacuation
[170.892s][info][gc,phases      ] GC(1264)   Pre Evacuate Collection Set: 0.0ms
[170.892s][info][gc,phases      ] GC(1264)   Evacuate Collection Set: 3.0ms
[170.892s][info][gc,phases      ] GC(1264)   Post Evacuate Collection Set: 0.4ms
[170.892s][info][gc,phases      ] GC(1264)   Other: 1.4ms
[170.892s][info][gc,heap        ] GC(1264) Eden regions: 259->0(259)
[170.892s][info][gc,heap        ] GC(1264) Survivor regions: 1->1(33)
[170.892s][info][gc,heap        ] GC(1264) Old regions: 60->60
[170.892s][info][gc,heap        ] GC(1264) Humongous regions: 6->6
[170.892s][info][gc,metaspace   ] GC(1264) Metaspace: 72616K->72616K(1114112K)
[170.892s][info][gc             ] GC(1264) Pause Young (Normal) (G1 Evacuation Pause) 324M->65M(434M) 4.797ms
[170.892s][info][gc,cpu         ] GC(1264) User=0.00s Sys=0.00s Real=0.01s
[171.012s][info][gc,start       ] GC(1265) Pause Young (Normal) (G1 Evacuation Pause)
[171.012s][info][gc,task        ] GC(1265) Using 1 workers of 1 for evacuation
[171.015s][info][gc,phases      ] GC(1265)   Pre Evacuate Collection Set: 0.0ms
[171.015s][info][gc,phases      ] GC(1265)   Evacuate Collection Set: 2.8ms
[171.015s][info][gc,phases      ] GC(1265)   Post Evacuate Collection Set: 0.4ms
[171.015s][info][gc,phases      ] GC(1265)   Other: 0.3ms
[171.015s][info][gc,heap        ] GC(1265) Eden regions: 259->0(259)
[171.015s][info][gc,heap        ] GC(1265) Survivor regions: 1->1(33)
[171.015s][info][gc,heap        ] GC(1265) Old regions: 60->60
[171.015s][info][gc,heap        ] GC(1265) Humongous regions: 6->6
[171.015s][info][gc,metaspace   ] GC(1265) Metaspace: 72616K->72616K(1114112K)
[171.015s][info][gc             ] GC(1265) Pause Young (Normal) (G1 Evacuation Pause) 324M->65M(434M) 3.578ms
[171.015s][info][gc,cpu         ] GC(1265) User=0.01s Sys=0.00s Real=0.00s
[171.134s][info][gc,start       ] GC(1266) Pause Young (Normal) (G1 Evacuation Pause)
[171.134s][info][gc,task        ] GC(1266) Using 1 workers of 1 for evacuation
[171.138s][info][gc,phases      ] GC(1266)   Pre Evacuate Collection Set: 0.0ms
[171.138s][info][gc,phases      ] GC(1266)   Evacuate Collection Set: 2.8ms
[171.138s][info][gc,phases      ] GC(1266)   Post Evacuate Collection Set: 0.4ms
[171.138s][info][gc,phases      ] GC(1266)   Other: 0.3ms
[171.138s][info][gc,heap        ] GC(1266) Eden regions: 259->0(259)
[171.138s][info][gc,heap        ] GC(1266) Survivor regions: 1->1(33)
[171.138s][info][gc,heap        ] GC(1266) Old regions: 60->61
[171.138s][info][gc,heap        ] GC(1266) Humongous regions: 6->6
[171.138s][info][gc,metaspace   ] GC(1266) Metaspace: 72616K->72616K(1114112K)
[171.138s][info][gc             ] GC(1266) Pause Young (Normal) (G1 Evacuation Pause) 324M->65M(434M) 3.457ms
[171.138s][info][gc,cpu         ] GC(1266) User=0.00s Sys=0.00s Real=0.00s
[171.257s][info][gc,start       ] GC(1267) Pause Young (Normal) (G1 Evacuation Pause)
[171.257s][info][gc,task        ] GC(1267) Using 1 workers of 1 for evacuation
[171.260s][info][gc,phases      ] GC(1267)   Pre Evacuate Collection Set: 0.0ms
[171.260s][info][gc,phases      ] GC(1267)   Evacuate Collection Set: 2.7ms
[171.260s][info][gc,phases      ] GC(1267)   Post Evacuate Collection Set: 0.4ms
[171.260s][info][gc,phases      ] GC(1267)   Other: 0.3ms
[171.260s][info][gc,heap        ] GC(1267) Eden regions: 259->0(259)
[171.260s][info][gc,heap        ] GC(1267) Survivor regions: 1->1(33)
[171.260s][info][gc,heap        ] GC(1267) Old regions: 61->61
[171.260s][info][gc,heap        ] GC(1267) Humongous regions: 6->6
[171.260s][info][gc,metaspace   ] GC(1267) Metaspace: 72616K->72616K(1114112K)
[171.260s][info][gc             ] GC(1267) Pause Young (Normal) (G1 Evacuation Pause) 324M->65M(434M) 3.364ms
[171.260s][info][gc,cpu         ] GC(1267) User=0.00s Sys=0.00s Real=0.01s
[171.378s][info][gc,start       ] GC(1268) Pause Young (Normal) (G1 Evacuation Pause)
[171.378s][info][gc,task        ] GC(1268) Using 1 workers of 1 for evacuation
[171.382s][info][gc,phases      ] GC(1268)   Pre Evacuate Collection Set: 0.0ms
[171.382s][info][gc,phases      ] GC(1268)   Evacuate Collection Set: 2.6ms
[171.382s][info][gc,phases      ] GC(1268)   Post Evacuate Collection Set: 0.6ms
[171.382s][info][gc,phases      ] GC(1268)   Other: 0.3ms
[171.382s][info][gc,heap        ] GC(1268) Eden regions: 259->0(259)
[171.382s][info][gc,heap        ] GC(1268) Survivor regions: 1->1(33)
[171.382s][info][gc,heap        ] GC(1268) Old regions: 61->61
[171.382s][info][gc,heap        ] GC(1268) Humongous regions: 6->6
[171.382s][info][gc,metaspace   ] GC(1268) Metaspace: 72616K->72616K(1114112K)
[171.382s][info][gc             ] GC(1268) Pause Young (Normal) (G1 Evacuation Pause) 324M->65M(434M) 3.583ms
[171.382s][info][gc,cpu         ] GC(1268) User=0.00s Sys=0.00s Real=0.00s
[171.513s][info][gc,start       ] GC(1269) Pause Young (Normal) (G1 Evacuation Pause)
[171.514s][info][gc,task        ] GC(1269) Using 1 workers of 1 for evacuation
[171.517s][info][gc,phases      ] GC(1269)   Pre Evacuate Collection Set: 0.0ms
[171.517s][info][gc,phases      ] GC(1269)   Evacuate Collection Set: 2.7ms
[171.517s][info][gc,phases      ] GC(1269)   Post Evacuate Collection Set: 0.4ms
[171.517s][info][gc,phases      ] GC(1269)   Other: 0.4ms
[171.517s][info][gc,heap        ] GC(1269) Eden regions: 259->0(259)
[171.517s][info][gc,heap        ] GC(1269) Survivor regions: 1->1(33)
[171.517s][info][gc,heap        ] GC(1269) Old regions: 61->61
[171.517s][info][gc,heap        ] GC(1269) Humongous regions: 11->6
[171.517s][info][gc,metaspace   ] GC(1269) Metaspace: 72616K->72616K(1114112K)
[171.517s][info][gc             ] GC(1269) Pause Young (Normal) (G1 Evacuation Pause) 329M->65M(434M) 3.491ms
[171.517s][info][gc,cpu         ] GC(1269) User=0.00s Sys=0.00s Real=0.00s
[171.637s][info][gc,start       ] GC(1270) Pause Young (Normal) (G1 Evacuation Pause)
[171.637s][info][gc,task        ] GC(1270) Using 1 workers of 1 for evacuation
[171.640s][info][gc,phases      ] GC(1270)   Pre Evacuate Collection Set: 0.0ms
[171.640s][info][gc,phases      ] GC(1270)   Evacuate Collection Set: 2.7ms
[171.640s][info][gc,phases      ] GC(1270)   Post Evacuate Collection Set: 0.4ms
[171.640s][info][gc,phases      ] GC(1270)   Other: 0.3ms
[171.640s][info][gc,heap        ] GC(1270) Eden regions: 259->0(259)
[171.640s][info][gc,heap        ] GC(1270) Survivor regions: 1->1(33)
[171.640s][info][gc,heap        ] GC(1270) Old regions: 61->61
[171.640s][info][gc,heap        ] GC(1270) Humongous regions: 6->6
[171.640s][info][gc,metaspace   ] GC(1270) Metaspace: 72616K->72616K(1114112K)
[171.640s][info][gc             ] GC(1270) Pause Young (Normal) (G1 Evacuation Pause) 324M->65M(434M) 3.457ms
[171.641s][info][gc,cpu         ] GC(1270) User=0.00s Sys=0.00s Real=0.01s
[171.764s][info][gc,start       ] GC(1271) Pause Young (Normal) (G1 Evacuation Pause)
[171.765s][info][gc,task        ] GC(1271) Using 1 workers of 1 for evacuation
[171.768s][info][gc,phases      ] GC(1271)   Pre Evacuate Collection Set: 0.0ms
[171.768s][info][gc,phases      ] GC(1271)   Evacuate Collection Set: 2.7ms
[171.768s][info][gc,phases      ] GC(1271)   Post Evacuate Collection Set: 0.4ms
[171.768s][info][gc,phases      ] GC(1271)   Other: 0.4ms
[171.768s][info][gc,heap        ] GC(1271) Eden regions: 259->0(259)
[171.768s][info][gc,heap        ] GC(1271) Survivor regions: 1->1(33)
[171.768s][info][gc,heap        ] GC(1271) Old regions: 61->61
[171.768s][info][gc,heap        ] GC(1271) Humongous regions: 6->6
[171.768s][info][gc,metaspace   ] GC(1271) Metaspace: 72616K->72616K(1114112K)
[171.768s][info][gc             ] GC(1271) Pause Young (Normal) (G1 Evacuation Pause) 324M->65M(434M) 3.520ms
[171.768s][info][gc,cpu         ] GC(1271) User=0.00s Sys=0.00s Real=0.00s
[171.887s][info][gc,start       ] GC(1272) Pause Young (Normal) (G1 Evacuation Pause)
[171.887s][info][gc,task        ] GC(1272) Using 1 workers of 1 for evacuation
[171.890s][info][gc,phases      ] GC(1272)   Pre Evacuate Collection Set: 0.0ms
[171.891s][info][gc,phases      ] GC(1272)   Evacuate Collection Set: 2.7ms
[171.891s][info][gc,phases      ] GC(1272)   Post Evacuate Collection Set: 0.4ms
[171.891s][info][gc,phases      ] GC(1272)   Other: 0.3ms
[171.891s][info][gc,heap        ] GC(1272) Eden regions: 259->0(259)
[171.891s][info][gc,heap        ] GC(1272) Survivor regions: 1->1(33)
[171.891s][info][gc,heap        ] GC(1272) Old regions: 61->61
[171.891s][info][gc,heap        ] GC(1272) Humongous regions: 6->6
[171.891s][info][gc,metaspace   ] GC(1272) Metaspace: 72616K->72616K(1114112K)
[171.891s][info][gc             ] GC(1272) Pause Young (Normal) (G1 Evacuation Pause) 324M->65M(434M) 3.463ms
[171.891s][info][gc,cpu         ] GC(1272) User=0.00s Sys=0.00s Real=0.01s
[172.016s][info][gc,start       ] GC(1273) Pause Young (Normal) (G1 Evacuation Pause)
[172.016s][info][gc,task        ] GC(1273) Using 1 workers of 1 for evacuation
[172.019s][info][gc,phases      ] GC(1273)   Pre Evacuate Collection Set: 0.0ms
[172.019s][info][gc,phases      ] GC(1273)   Evacuate Collection Set: 2.6ms
[172.019s][info][gc,phases      ] GC(1273)   Post Evacuate Collection Set: 0.4ms
[172.019s][info][gc,phases      ] GC(1273)   Other: 0.3ms
[172.019s][info][gc,heap        ] GC(1273) Eden regions: 259->0(259)
[172.019s][info][gc,heap        ] GC(1273) Survivor regions: 1->1(33)
[172.019s][info][gc,heap        ] GC(1273) Old regions: 61->61
[172.019s][info][gc,heap        ] GC(1273) Humongous regions: 6->6
[172.019s][info][gc,metaspace   ] GC(1273) Metaspace: 72616K->72616K(1114112K)
[172.019s][info][gc             ] GC(1273) Pause Young (Normal) (G1 Evacuation Pause) 324M->65M(434M) 3.412ms
[172.019s][info][gc,cpu         ] GC(1273) User=0.00s Sys=0.00s Real=0.01s
[172.152s][info][gc,start       ] GC(1274) Pause Young (Normal) (G1 Evacuation Pause)
[172.152s][info][gc,task        ] GC(1274) Using 1 workers of 1 for evacuation
[172.156s][info][gc,phases      ] GC(1274)   Pre Evacuate Collection Set: 0.0ms
[172.156s][info][gc,phases      ] GC(1274)   Evacuate Collection Set: 2.8ms
[172.156s][info][gc,phases      ] GC(1274)   Post Evacuate Collection Set: 0.4ms
[172.156s][info][gc,phases      ] GC(1274)   Other: 0.3ms
[172.156s][info][gc,heap        ] GC(1274) Eden regions: 259->0(259)
[172.156s][info][gc,heap        ] GC(1274) Survivor regions: 1->1(33)
[172.156s][info][gc,heap        ] GC(1274) Old regions: 61->61
[172.156s][info][gc,heap        ] GC(1274) Humongous regions: 6->6
[172.156s][info][gc,metaspace   ] GC(1274) Metaspace: 72616K->72616K(1114112K)
[172.156s][info][gc             ] GC(1274) Pause Young (Normal) (G1 Evacuation Pause) 324M->65M(434M) 3.565ms
[172.156s][info][gc,cpu         ] GC(1274) User=0.01s Sys=0.00s Real=0.00s
[172.296s][info][gc,start       ] GC(1275) Pause Young (Normal) (G1 Evacuation Pause)
[172.296s][info][gc,task        ] GC(1275) Using 1 workers of 1 for evacuation
[172.300s][info][gc,phases      ] GC(1275)   Pre Evacuate Collection Set: 0.0ms
[172.300s][info][gc,phases      ] GC(1275)   Evacuate Collection Set: 3.0ms
[172.300s][info][gc,phases      ] GC(1275)   Post Evacuate Collection Set: 0.4ms
[172.300s][info][gc,phases      ] GC(1275)   Other: 0.4ms
[172.300s][info][gc,heap        ] GC(1275) Eden regions: 259->0(259)
[172.300s][info][gc,heap        ] GC(1275) Survivor regions: 1->1(33)
[172.300s][info][gc,heap        ] GC(1275) Old regions: 61->61
[172.300s][info][gc,heap        ] GC(1275) Humongous regions: 11->6
[172.300s][info][gc,metaspace   ] GC(1275) Metaspace: 72619K->72619K(1114112K)
[172.300s][info][gc             ] GC(1275) Pause Young (Normal) (G1 Evacuation Pause) 329M->65M(434M) 3.810ms
[172.300s][info][gc,cpu         ] GC(1275) User=0.00s Sys=0.00s Real=0.01s
[172.423s][info][gc,start       ] GC(1276) Pause Young (Normal) (G1 Evacuation Pause)
[172.423s][info][gc,task        ] GC(1276) Using 1 workers of 1 for evacuation
[172.426s][info][gc,phases      ] GC(1276)   Pre Evacuate Collection Set: 0.0ms
[172.427s][info][gc,phases      ] GC(1276)   Evacuate Collection Set: 3.0ms
[172.427s][info][gc,phases      ] GC(1276)   Post Evacuate Collection Set: 0.4ms
[172.427s][info][gc,phases      ] GC(1276)   Other: 0.3ms
[172.427s][info][gc,heap        ] GC(1276) Eden regions: 259->0(259)
[172.427s][info][gc,heap        ] GC(1276) Survivor regions: 1->1(33)
[172.427s][info][gc,heap        ] GC(1276) Old regions: 61->61
[172.427s][info][gc,heap        ] GC(1276) Humongous regions: 6->6
[172.427s][info][gc,metaspace   ] GC(1276) Metaspace: 72619K->72619K(1114112K)
[172.427s][info][gc             ] GC(1276) Pause Young (Normal) (G1 Evacuation Pause) 324M->65M(434M) 3.786ms
[172.427s][info][gc,cpu         ] GC(1276) User=0.01s Sys=0.00s Real=0.00s
[172.548s][info][gc,start       ] GC(1277) Pause Young (Normal) (G1 Evacuation Pause)
[172.549s][info][gc,task        ] GC(1277) Using 1 workers of 1 for evacuation
[172.552s][info][gc,phases      ] GC(1277)   Pre Evacuate Collection Set: 0.0ms
[172.552s][info][gc,phases      ] GC(1277)   Evacuate Collection Set: 2.8ms
[172.552s][info][gc,phases      ] GC(1277)   Post Evacuate Collection Set: 0.4ms
[172.552s][info][gc,phases      ] GC(1277)   Other: 0.4ms
[172.552s][info][gc,heap        ] GC(1277) Eden regions: 259->0(259)
[172.552s][info][gc,heap        ] GC(1277) Survivor regions: 1->1(33)
[172.552s][info][gc,heap        ] GC(1277) Old regions: 61->61
[172.552s][info][gc,heap        ] GC(1277) Humongous regions: 6->6
[172.552s][info][gc,metaspace   ] GC(1277) Metaspace: 72619K->72619K(1114112K)
[172.552s][info][gc             ] GC(1277) Pause Young (Normal) (G1 Evacuation Pause) 324M->65M(434M) 3.621ms
[172.552s][info][gc,cpu         ] GC(1277) User=0.00s Sys=0.00s Real=0.01s
[172.674s][info][gc,start       ] GC(1278) Pause Young (Normal) (G1 Evacuation Pause)
[172.674s][info][gc,task        ] GC(1278) Using 1 workers of 1 for evacuation
[172.678s][info][gc,phases      ] GC(1278)   Pre Evacuate Collection Set: 0.0ms
[172.678s][info][gc,phases      ] GC(1278)   Evacuate Collection Set: 3.0ms
[172.678s][info][gc,phases      ] GC(1278)   Post Evacuate Collection Set: 0.4ms
[172.678s][info][gc,phases      ] GC(1278)   Other: 0.4ms
[172.678s][info][gc,heap        ] GC(1278) Eden regions: 259->0(259)
[172.678s][info][gc,heap        ] GC(1278) Survivor regions: 1->1(33)
[172.678s][info][gc,heap        ] GC(1278) Old regions: 61->61
[172.678s][info][gc,heap        ] GC(1278) Humongous regions: 6->6
[172.678s][info][gc,metaspace   ] GC(1278) Metaspace: 72619K->72619K(1114112K)
[172.678s][info][gc             ] GC(1278) Pause Young (Normal) (G1 Evacuation Pause) 324M->65M(434M) 3.790ms
[172.678s][info][gc,cpu         ] GC(1278) User=0.01s Sys=0.00s Real=0.00s
[172.801s][info][gc,start       ] GC(1279) Pause Young (Normal) (G1 Evacuation Pause)
[172.801s][info][gc,task        ] GC(1279) Using 1 workers of 1 for evacuation
[172.804s][info][gc,phases      ] GC(1279)   Pre Evacuate Collection Set: 0.0ms
[172.804s][info][gc,phases      ] GC(1279)   Evacuate Collection Set: 2.7ms
[172.804s][info][gc,phases      ] GC(1279)   Post Evacuate Collection Set: 0.4ms
[172.804s][info][gc,phases      ] GC(1279)   Other: 0.3ms
[172.804s][info][gc,heap        ] GC(1279) Eden regions: 259->0(259)
[172.804s][info][gc,heap        ] GC(1279) Survivor regions: 1->1(33)
[172.804s][info][gc,heap        ] GC(1279) Old regions: 61->61
[172.804s][info][gc,heap        ] GC(1279) Humongous regions: 6->6
[172.804s][info][gc,metaspace   ] GC(1279) Metaspace: 72620K->72620K(1114112K)
[172.804s][info][gc             ] GC(1279) Pause Young (Normal) (G1 Evacuation Pause) 324M->65M(434M) 3.493ms
[172.804s][info][gc,cpu         ] GC(1279) User=0.00s Sys=0.00s Real=0.00s
[172.923s][info][gc,start       ] GC(1280) Pause Young (Normal) (G1 Evacuation Pause)
[172.923s][info][gc,task        ] GC(1280) Using 1 workers of 1 for evacuation
[172.926s][info][gc,phases      ] GC(1280)   Pre Evacuate Collection Set: 0.0ms
[172.926s][info][gc,phases      ] GC(1280)   Evacuate Collection Set: 2.7ms
[172.926s][info][gc,phases      ] GC(1280)   Post Evacuate Collection Set: 0.4ms
[172.926s][info][gc,phases      ] GC(1280)   Other: 0.3ms
[172.926s][info][gc,heap        ] GC(1280) Eden regions: 259->0(259)
[172.926s][info][gc,heap        ] GC(1280) Survivor regions: 1->1(33)
[172.926s][info][gc,heap        ] GC(1280) Old regions: 61->61
[172.926s][info][gc,heap        ] GC(1280) Humongous regions: 6->6
[172.926s][info][gc,metaspace   ] GC(1280) Metaspace: 72620K->72620K(1114112K)
[172.926s][info][gc             ] GC(1280) Pause Young (Normal) (G1 Evacuation Pause) 324M->65M(434M) 3.442ms
[172.926s][info][gc,cpu         ] GC(1280) User=0.00s Sys=0.00s Real=0.00s
[173.061s][info][gc,start       ] GC(1281) Pause Young (Normal) (G1 Evacuation Pause)
[173.061s][info][gc,task        ] GC(1281) Using 1 workers of 1 for evacuation
[173.064s][info][gc,phases      ] GC(1281)   Pre Evacuate Collection Set: 0.0ms
[173.064s][info][gc,phases      ] GC(1281)   Evacuate Collection Set: 2.7ms
[173.064s][info][gc,phases      ] GC(1281)   Post Evacuate Collection Set: 0.4ms
[173.064s][info][gc,phases      ] GC(1281)   Other: 0.4ms
[173.064s][info][gc,heap        ] GC(1281) Eden regions: 259->0(259)
[173.064s][info][gc,heap        ] GC(1281) Survivor regions: 1->1(33)
[173.064s][info][gc,heap        ] GC(1281) Old regions: 61->61
[173.064s][info][gc,heap        ] GC(1281) Humongous regions: 11->6
[173.064s][info][gc,metaspace   ] GC(1281) Metaspace: 72624K->72624K(1114112K)
[173.064s][info][gc             ] GC(1281) Pause Young (Normal) (G1 Evacuation Pause) 329M->65M(434M) 3.556ms
[173.064s][info][gc,cpu         ] GC(1281) User=0.00s Sys=0.00s Real=0.00s
[173.184s][info][gc,start       ] GC(1282) Pause Young (Normal) (G1 Evacuation Pause)
[173.184s][info][gc,task        ] GC(1282) Using 1 workers of 1 for evacuation
[173.187s][info][gc,phases      ] GC(1282)   Pre Evacuate Collection Set: 0.0ms
[173.187s][info][gc,phases      ] GC(1282)   Evacuate Collection Set: 2.7ms
[173.187s][info][gc,phases      ] GC(1282)   Post Evacuate Collection Set: 0.4ms
[173.187s][info][gc,phases      ] GC(1282)   Other: 0.3ms
[173.187s][info][gc,heap        ] GC(1282) Eden regions: 259->0(259)
[173.187s][info][gc,heap        ] GC(1282) Survivor regions: 1->1(33)
[173.187s][info][gc,heap        ] GC(1282) Old regions: 61->61
[173.187s][info][gc,heap        ] GC(1282) Humongous regions: 6->6
[173.187s][info][gc,metaspace   ] GC(1282) Metaspace: 72624K->72624K(1114112K)
[173.187s][info][gc             ] GC(1282) Pause Young (Normal) (G1 Evacuation Pause) 324M->65M(434M) 3.430ms
[173.187s][info][gc,cpu         ] GC(1282) User=0.01s Sys=0.00s Real=0.00s
[173.309s][info][gc,start       ] GC(1283) Pause Young (Normal) (G1 Evacuation Pause)
[173.309s][info][gc,task        ] GC(1283) Using 1 workers of 1 for evacuation
[173.313s][info][gc,phases      ] GC(1283)   Pre Evacuate Collection Set: 0.0ms
[173.313s][info][gc,phases      ] GC(1283)   Evacuate Collection Set: 2.8ms
[173.313s][info][gc,phases      ] GC(1283)   Post Evacuate Collection Set: 0.5ms
[173.313s][info][gc,phases      ] GC(1283)   Other: 0.4ms
[173.313s][info][gc,heap        ] GC(1283) Eden regions: 259->0(259)
[173.313s][info][gc,heap        ] GC(1283) Survivor regions: 1->1(33)
[173.313s][info][gc,heap        ] GC(1283) Old regions: 61->61
[173.313s][info][gc,heap        ] GC(1283) Humongous regions: 6->6
[173.313s][info][gc,metaspace   ] GC(1283) Metaspace: 72624K->72624K(1114112K)
[173.313s][info][gc             ] GC(1283) Pause Young (Normal) (G1 Evacuation Pause) 324M->65M(434M) 3.715ms
[173.313s][info][gc,cpu         ] GC(1283) User=0.00s Sys=0.00s Real=0.01s
[173.435s][info][gc,start       ] GC(1284) Pause Young (Normal) (G1 Evacuation Pause)
[173.435s][info][gc,task        ] GC(1284) Using 1 workers of 1 for evacuation
[173.438s][info][gc,phases      ] GC(1284)   Pre Evacuate Collection Set: 0.0ms
[173.438s][info][gc,phases      ] GC(1284)   Evacuate Collection Set: 2.8ms
[173.438s][info][gc,phases      ] GC(1284)   Post Evacuate Collection Set: 0.4ms
[173.438s][info][gc,phases      ] GC(1284)   Other: 0.3ms
[173.439s][info][gc,heap        ] GC(1284) Eden regions: 259->0(259)
[173.439s][info][gc,heap        ] GC(1284) Survivor regions: 1->1(33)
[173.439s][info][gc,heap        ] GC(1284) Old regions: 61->61
[173.439s][info][gc,heap        ] GC(1284) Humongous regions: 6->6
[173.439s][info][gc,metaspace   ] GC(1284) Metaspace: 72624K->72624K(1114112K)
[173.439s][info][gc             ] GC(1284) Pause Young (Normal) (G1 Evacuation Pause) 324M->65M(434M) 3.564ms
[173.439s][info][gc,cpu         ] GC(1284) User=0.01s Sys=0.00s Real=0.01s
[173.560s][info][gc,start       ] GC(1285) Pause Young (Normal) (G1 Evacuation Pause)
[173.560s][info][gc,task        ] GC(1285) Using 1 workers of 1 for evacuation
[173.564s][info][gc,phases      ] GC(1285)   Pre Evacuate Collection Set: 0.0ms
[173.564s][info][gc,phases      ] GC(1285)   Evacuate Collection Set: 2.9ms
[173.564s][info][gc,phases      ] GC(1285)   Post Evacuate Collection Set: 0.4ms
[173.564s][info][gc,phases      ] GC(1285)   Other: 0.3ms
[173.564s][info][gc,heap        ] GC(1285) Eden regions: 259->0(259)
[173.564s][info][gc,heap        ] GC(1285) Survivor regions: 1->1(33)
[173.564s][info][gc,heap        ] GC(1285) Old regions: 61->61
[173.564s][info][gc,heap        ] GC(1285) Humongous regions: 6->6
[173.564s][info][gc,metaspace   ] GC(1285) Metaspace: 72624K->72624K(1114112K)
[173.564s][info][gc             ] GC(1285) Pause Young (Normal) (G1 Evacuation Pause) 324M->65M(434M) 3.575ms
[173.564s][info][gc,cpu         ] GC(1285) User=0.00s Sys=0.00s Real=0.00s
[173.890s][info][gc,start       ] GC(1286) Pause Young (Normal) (G1 Evacuation Pause)
[173.890s][info][gc,task        ] GC(1286) Using 1 workers of 1 for evacuation
[173.895s][info][gc,phases      ] GC(1286)   Pre Evacuate Collection Set: 0.0ms
[173.895s][info][gc,phases      ] GC(1286)   Evacuate Collection Set: 3.6ms
[173.895s][info][gc,phases      ] GC(1286)   Post Evacuate Collection Set: 0.4ms
[173.895s][info][gc,phases      ] GC(1286)   Other: 0.4ms
[173.895s][info][gc,heap        ] GC(1286) Eden regions: 259->0(259)
[173.895s][info][gc,heap        ] GC(1286) Survivor regions: 1->1(33)
[173.895s][info][gc,heap        ] GC(1286) Old regions: 61->61
[173.895s][info][gc,heap        ] GC(1286) Humongous regions: 21->6
[173.895s][info][gc,metaspace   ] GC(1286) Metaspace: 72654K->72654K(1116160K)
[173.895s][info][gc             ] GC(1286) Pause Young (Normal) (G1 Evacuation Pause) 339M->65M(434M) 4.516ms
[173.895s][info][gc,cpu         ] GC(1286) User=0.00s Sys=0.00s Real=0.00s
[174.229s][info][gc,start       ] GC(1287) Pause Young (Normal) (G1 Evacuation Pause)
[174.229s][info][gc,task        ] GC(1287) Using 1 workers of 1 for evacuation
[174.235s][info][gc,phases      ] GC(1287)   Pre Evacuate Collection Set: 0.0ms
[174.235s][info][gc,phases      ] GC(1287)   Evacuate Collection Set: 5.1ms
[174.235s][info][gc,phases      ] GC(1287)   Post Evacuate Collection Set: 0.4ms
[174.235s][info][gc,phases      ] GC(1287)   Other: 0.4ms
[174.235s][info][gc,heap        ] GC(1287) Eden regions: 259->0(258)
[174.235s][info][gc,heap        ] GC(1287) Survivor regions: 1->2(33)
[174.235s][info][gc,heap        ] GC(1287) Old regions: 61->61
[174.235s][info][gc,heap        ] GC(1287) Humongous regions: 16->6
[174.235s][info][gc,metaspace   ] GC(1287) Metaspace: 72656K->72656K(1116160K)
[174.235s][info][gc             ] GC(1287) Pause Young (Normal) (G1 Evacuation Pause) 334M->66M(434M) 6.001ms
[174.235s][info][gc,cpu         ] GC(1287) User=0.01s Sys=0.00s Real=0.01s
[174.354s][info][gc,start       ] GC(1288) Pause Young (Normal) (G1 Evacuation Pause)
[174.355s][info][gc,task        ] GC(1288) Using 1 workers of 1 for evacuation
[174.359s][info][gc,phases      ] GC(1288)   Pre Evacuate Collection Set: 0.0ms
[174.359s][info][gc,phases      ] GC(1288)   Evacuate Collection Set: 4.0ms
[174.359s][info][gc,phases      ] GC(1288)   Post Evacuate Collection Set: 0.4ms
[174.359s][info][gc,phases      ] GC(1288)   Other: 0.3ms
[174.359s][info][gc,heap        ] GC(1288) Eden regions: 258->0(258)
[174.359s][info][gc,heap        ] GC(1288) Survivor regions: 2->2(33)
[174.359s][info][gc,heap        ] GC(1288) Old regions: 61->61
[174.359s][info][gc,heap        ] GC(1288) Humongous regions: 6->6
[174.359s][info][gc,metaspace   ] GC(1288) Metaspace: 72656K->72656K(1116160K)
[174.359s][info][gc             ] GC(1288) Pause Young (Normal) (G1 Evacuation Pause) 324M->66M(434M) 4.808ms
[174.359s][info][gc,cpu         ] GC(1288) User=0.00s Sys=0.00s Real=0.01s
[174.478s][info][gc,start       ] GC(1289) Pause Young (Normal) (G1 Evacuation Pause)
[174.478s][info][gc,task        ] GC(1289) Using 1 workers of 1 for evacuation
[174.483s][info][gc,phases      ] GC(1289)   Pre Evacuate Collection Set: 0.0ms
[174.483s][info][gc,phases      ] GC(1289)   Evacuate Collection Set: 4.0ms
[174.483s][info][gc,phases      ] GC(1289)   Post Evacuate Collection Set: 0.4ms
[174.483s][info][gc,phases      ] GC(1289)   Other: 0.3ms
[174.483s][info][gc,heap        ] GC(1289) Eden regions: 258->0(258)
[174.483s][info][gc,heap        ] GC(1289) Survivor regions: 2->2(33)
[174.483s][info][gc,heap        ] GC(1289) Old regions: 61->61
[174.483s][info][gc,heap        ] GC(1289) Humongous regions: 6->6
[174.483s][info][gc,metaspace   ] GC(1289) Metaspace: 72656K->72656K(1116160K)
[174.483s][info][gc             ] GC(1289) Pause Young (Normal) (G1 Evacuation Pause) 324M->66M(434M) 4.735ms
[174.483s][info][gc,cpu         ] GC(1289) User=0.00s Sys=0.00s Real=0.00s
[174.600s][info][gc,start       ] GC(1290) Pause Young (Normal) (G1 Evacuation Pause)
[174.600s][info][gc,task        ] GC(1290) Using 1 workers of 1 for evacuation
[174.605s][info][gc,phases      ] GC(1290)   Pre Evacuate Collection Set: 0.0ms
[174.605s][info][gc,phases      ] GC(1290)   Evacuate Collection Set: 4.0ms
[174.605s][info][gc,phases      ] GC(1290)   Post Evacuate Collection Set: 0.4ms
[174.605s][info][gc,phases      ] GC(1290)   Other: 0.3ms
[174.605s][info][gc,heap        ] GC(1290) Eden regions: 258->0(258)
[174.605s][info][gc,heap        ] GC(1290) Survivor regions: 2->2(33)
[174.605s][info][gc,heap        ] GC(1290) Old regions: 61->61
[174.605s][info][gc,heap        ] GC(1290) Humongous regions: 6->6
[174.605s][info][gc,metaspace   ] GC(1290) Metaspace: 72656K->72656K(1116160K)
[174.605s][info][gc             ] GC(1290) Pause Young (Normal) (G1 Evacuation Pause) 324M->66M(434M) 4.737ms
[174.605s][info][gc,cpu         ] GC(1290) User=0.01s Sys=0.00s Real=0.00s
[174.728s][info][gc,start       ] GC(1291) Pause Young (Normal) (G1 Evacuation Pause)
[174.728s][info][gc,task        ] GC(1291) Using 1 workers of 1 for evacuation
[174.733s][info][gc,phases      ] GC(1291)   Pre Evacuate Collection Set: 0.0ms
[174.733s][info][gc,phases      ] GC(1291)   Evacuate Collection Set: 4.1ms
[174.733s][info][gc,phases      ] GC(1291)   Post Evacuate Collection Set: 0.4ms
[174.733s][info][gc,phases      ] GC(1291)   Other: 0.3ms
[174.733s][info][gc,heap        ] GC(1291) Eden regions: 258->0(258)
[174.733s][info][gc,heap        ] GC(1291) Survivor regions: 2->2(33)
[174.733s][info][gc,heap        ] GC(1291) Old regions: 61->61
[174.733s][info][gc,heap        ] GC(1291) Humongous regions: 6->6
[174.733s][info][gc,metaspace   ] GC(1291) Metaspace: 72656K->72656K(1116160K)
[174.733s][info][gc             ] GC(1291) Pause Young (Normal) (G1 Evacuation Pause) 324M->66M(434M) 4.845ms
[174.733s][info][gc,cpu         ] GC(1291) User=0.00s Sys=0.00s Real=0.01s
[174.859s][info][gc,start       ] GC(1292) Pause Young (Normal) (G1 Evacuation Pause)
[174.859s][info][gc,task        ] GC(1292) Using 1 workers of 1 for evacuation
[174.864s][info][gc,phases      ] GC(1292)   Pre Evacuate Collection Set: 0.0ms
[174.864s][info][gc,phases      ] GC(1292)   Evacuate Collection Set: 3.9ms
[174.864s][info][gc,phases      ] GC(1292)   Post Evacuate Collection Set: 0.4ms
[174.864s][info][gc,phases      ] GC(1292)   Other: 0.3ms
[174.864s][info][gc,heap        ] GC(1292) Eden regions: 258->0(258)
[174.864s][info][gc,heap        ] GC(1292) Survivor regions: 2->2(33)
[174.864s][info][gc,heap        ] GC(1292) Old regions: 61->61
[174.864s][info][gc,heap        ] GC(1292) Humongous regions: 6->6
[174.864s][info][gc,metaspace   ] GC(1292) Metaspace: 72656K->72656K(1116160K)
[174.864s][info][gc             ] GC(1292) Pause Young (Normal) (G1 Evacuation Pause) 324M->66M(434M) 4.694ms
[174.864s][info][gc,cpu         ] GC(1292) User=0.00s Sys=0.00s Real=0.00s
[175.022s][info][gc,start       ] GC(1293) Pause Young (Normal) (G1 Evacuation Pause)
[175.022s][info][gc,task        ] GC(1293) Using 1 workers of 1 for evacuation
[175.027s][info][gc,phases      ] GC(1293)   Pre Evacuate Collection Set: 0.0ms
[175.027s][info][gc,phases      ] GC(1293)   Evacuate Collection Set: 3.9ms
[175.027s][info][gc,phases      ] GC(1293)   Post Evacuate Collection Set: 0.4ms
[175.027s][info][gc,phases      ] GC(1293)   Other: 0.4ms
[175.027s][info][gc,heap        ] GC(1293) Eden regions: 258->0(258)
[175.027s][info][gc,heap        ] GC(1293) Survivor regions: 2->2(33)
[175.027s][info][gc,heap        ] GC(1293) Old regions: 61->61
[175.027s][info][gc,heap        ] GC(1293) Humongous regions: 11->6
[175.027s][info][gc,metaspace   ] GC(1293) Metaspace: 72661K->72661K(1116160K)
[175.027s][info][gc             ] GC(1293) Pause Young (Normal) (G1 Evacuation Pause) 329M->66M(434M) 4.756ms
[175.027s][info][gc,cpu         ] GC(1293) User=0.00s Sys=0.00s Real=0.00s
[175.164s][info][gc,start       ] GC(1294) Pause Young (Normal) (G1 Evacuation Pause)
[175.164s][info][gc,task        ] GC(1294) Using 1 workers of 1 for evacuation
[175.168s][info][gc,phases      ] GC(1294)   Pre Evacuate Collection Set: 0.0ms
[175.168s][info][gc,phases      ] GC(1294)   Evacuate Collection Set: 3.9ms
[175.168s][info][gc,phases      ] GC(1294)   Post Evacuate Collection Set: 0.4ms
[175.168s][info][gc,phases      ] GC(1294)   Other: 0.3ms
[175.168s][info][gc,heap        ] GC(1294) Eden regions: 258->0(258)
[175.168s][info][gc,heap        ] GC(1294) Survivor regions: 2->2(33)
[175.168s][info][gc,heap        ] GC(1294) Old regions: 61->61
[175.168s][info][gc,heap        ] GC(1294) Humongous regions: 6->6
[175.168s][info][gc,metaspace   ] GC(1294) Metaspace: 72661K->72661K(1116160K)
[175.168s][info][gc             ] GC(1294) Pause Young (Normal) (G1 Evacuation Pause) 324M->66M(434M) 4.714ms
[175.168s][info][gc,cpu         ] GC(1294) User=0.00s Sys=0.00s Real=0.00s
[175.293s][info][gc,start       ] GC(1295) Pause Young (Normal) (G1 Evacuation Pause)
[175.293s][info][gc,task        ] GC(1295) Using 1 workers of 1 for evacuation
[175.298s][info][gc,phases      ] GC(1295)   Pre Evacuate Collection Set: 0.0ms
[175.298s][info][gc,phases      ] GC(1295)   Evacuate Collection Set: 3.8ms
[175.298s][info][gc,phases      ] GC(1295)   Post Evacuate Collection Set: 0.4ms
[175.298s][info][gc,phases      ] GC(1295)   Other: 0.3ms
[175.298s][info][gc,heap        ] GC(1295) Eden regions: 258->0(258)
[175.298s][info][gc,heap        ] GC(1295) Survivor regions: 2->2(33)
[175.298s][info][gc,heap        ] GC(1295) Old regions: 61->61
[175.298s][info][gc,heap        ] GC(1295) Humongous regions: 6->6
[175.298s][info][gc,metaspace   ] GC(1295) Metaspace: 72661K->72661K(1116160K)
[175.298s][info][gc             ] GC(1295) Pause Young (Normal) (G1 Evacuation Pause) 324M->66M(434M) 4.600ms
[175.298s][info][gc,cpu         ] GC(1295) User=0.00s Sys=0.00s Real=0.01s
[175.419s][info][gc,start       ] GC(1296) Pause Young (Normal) (G1 Evacuation Pause)
[175.419s][info][gc,task        ] GC(1296) Using 1 workers of 1 for evacuation
[175.423s][info][gc,phases      ] GC(1296)   Pre Evacuate Collection Set: 0.0ms
[175.424s][info][gc,phases      ] GC(1296)   Evacuate Collection Set: 4.1ms
[175.424s][info][gc,phases      ] GC(1296)   Post Evacuate Collection Set: 0.4ms
[175.424s][info][gc,phases      ] GC(1296)   Other: 0.3ms
[175.424s][info][gc,heap        ] GC(1296) Eden regions: 258->0(258)
[175.424s][info][gc,heap        ] GC(1296) Survivor regions: 2->2(33)
[175.424s][info][gc,heap        ] GC(1296) Old regions: 61->61
[175.424s][info][gc,heap        ] GC(1296) Humongous regions: 6->6
[175.424s][info][gc,metaspace   ] GC(1296) Metaspace: 72661K->72661K(1116160K)
[175.424s][info][gc             ] GC(1296) Pause Young (Normal) (G1 Evacuation Pause) 324M->66M(434M) 4.870ms
[175.424s][info][gc,cpu         ] GC(1296) User=0.01s Sys=0.00s Real=0.00s
[175.546s][info][gc,start       ] GC(1297) Pause Young (Normal) (G1 Evacuation Pause)
[175.546s][info][gc,task        ] GC(1297) Using 1 workers of 1 for evacuation
[175.551s][info][gc,phases      ] GC(1297)   Pre Evacuate Collection Set: 0.0ms
[175.551s][info][gc,phases      ] GC(1297)   Evacuate Collection Set: 4.0ms
[175.551s][info][gc,phases      ] GC(1297)   Post Evacuate Collection Set: 0.4ms
[175.551s][info][gc,phases      ] GC(1297)   Other: 0.4ms
[175.551s][info][gc,heap        ] GC(1297) Eden regions: 258->0(258)
[175.551s][info][gc,heap        ] GC(1297) Survivor regions: 2->2(33)
[175.551s][info][gc,heap        ] GC(1297) Old regions: 61->61
[175.551s][info][gc,heap        ] GC(1297) Humongous regions: 6->6
[175.551s][info][gc,metaspace   ] GC(1297) Metaspace: 72661K->72661K(1116160K)
[175.551s][info][gc             ] GC(1297) Pause Young (Normal) (G1 Evacuation Pause) 324M->66M(434M) 4.798ms
[175.551s][info][gc,cpu         ] GC(1297) User=0.01s Sys=0.00s Real=0.01s
[175.674s][info][gc,start       ] GC(1298) Pause Young (Normal) (G1 Evacuation Pause)
[175.675s][info][gc,task        ] GC(1298) Using 1 workers of 1 for evacuation
[175.679s][info][gc,phases      ] GC(1298)   Pre Evacuate Collection Set: 0.0ms
[175.679s][info][gc,phases      ] GC(1298)   Evacuate Collection Set: 4.3ms
[175.679s][info][gc,phases      ] GC(1298)   Post Evacuate Collection Set: 0.4ms
[175.680s][info][gc,phases      ] GC(1298)   Other: 0.3ms
[175.680s][info][gc,heap        ] GC(1298) Eden regions: 258->0(258)
[175.680s][info][gc,heap        ] GC(1298) Survivor regions: 2->2(33)
[175.680s][info][gc,heap        ] GC(1298) Old regions: 61->61
[175.680s][info][gc,heap        ] GC(1298) Humongous regions: 6->6
[175.680s][info][gc,metaspace   ] GC(1298) Metaspace: 72661K->72661K(1116160K)
[175.680s][info][gc             ] GC(1298) Pause Young (Normal) (G1 Evacuation Pause) 324M->66M(434M) 5.041ms
[175.680s][info][gc,cpu         ] GC(1298) User=0.01s Sys=0.00s Real=0.01s
[175.828s][info][gc,start       ] GC(1299) Pause Young (Normal) (G1 Evacuation Pause)
[175.828s][info][gc,task        ] GC(1299) Using 1 workers of 1 for evacuation
[175.833s][info][gc,phases      ] GC(1299)   Pre Evacuate Collection Set: 0.0ms
[175.833s][info][gc,phases      ] GC(1299)   Evacuate Collection Set: 4.2ms
[175.833s][info][gc,phases      ] GC(1299)   Post Evacuate Collection Set: 0.4ms
[175.833s][info][gc,phases      ] GC(1299)   Other: 0.5ms
[175.833s][info][gc,heap        ] GC(1299) Eden regions: 258->0(258)
[175.833s][info][gc,heap        ] GC(1299) Survivor regions: 2->2(33)
[175.833s][info][gc,heap        ] GC(1299) Old regions: 61->61
[175.833s][info][gc,heap        ] GC(1299) Humongous regions: 11->6
[175.833s][info][gc,metaspace   ] GC(1299) Metaspace: 72677K->72677K(1116160K)
[175.834s][info][gc             ] GC(1299) Pause Young (Normal) (G1 Evacuation Pause) 329M->66M(434M) 5.153ms
[175.834s][info][gc,cpu         ] GC(1299) User=0.00s Sys=0.00s Real=0.01s
[175.965s][info][gc,start       ] GC(1300) Pause Young (Normal) (G1 Evacuation Pause)
[175.965s][info][gc,task        ] GC(1300) Using 1 workers of 1 for evacuation
[175.970s][info][gc,phases      ] GC(1300)   Pre Evacuate Collection Set: 0.0ms
[175.970s][info][gc,phases      ] GC(1300)   Evacuate Collection Set: 3.9ms
[175.970s][info][gc,phases      ] GC(1300)   Post Evacuate Collection Set: 0.4ms
[175.970s][info][gc,phases      ] GC(1300)   Other: 0.3ms
[175.970s][info][gc,heap        ] GC(1300) Eden regions: 258->0(258)
[175.970s][info][gc,heap        ] GC(1300) Survivor regions: 2->2(33)
[175.970s][info][gc,heap        ] GC(1300) Old regions: 61->61
[175.970s][info][gc,heap        ] GC(1300) Humongous regions: 6->6
[175.970s][info][gc,metaspace   ] GC(1300) Metaspace: 72677K->72677K(1116160K)
[175.970s][info][gc             ] GC(1300) Pause Young (Normal) (G1 Evacuation Pause) 324M->67M(434M) 4.635ms
[175.970s][info][gc,cpu         ] GC(1300) User=0.01s Sys=0.00s Real=0.00s
[176.089s][info][gc,start       ] GC(1301) Pause Young (Normal) (G1 Evacuation Pause)
[176.089s][info][gc,task        ] GC(1301) Using 1 workers of 1 for evacuation
[176.094s][info][gc,phases      ] GC(1301)   Pre Evacuate Collection Set: 0.1ms
[176.094s][info][gc,phases      ] GC(1301)   Evacuate Collection Set: 3.7ms
[176.094s][info][gc,phases      ] GC(1301)   Post Evacuate Collection Set: 0.5ms
[176.094s][info][gc,phases      ] GC(1301)   Other: 0.3ms
[176.094s][info][gc,heap        ] GC(1301) Eden regions: 258->0(258)
[176.094s][info][gc,heap        ] GC(1301) Survivor regions: 2->2(33)
[176.094s][info][gc,heap        ] GC(1301) Old regions: 61->61
[176.094s][info][gc,heap        ] GC(1301) Humongous regions: 6->6
[176.094s][info][gc,metaspace   ] GC(1301) Metaspace: 72677K->72677K(1116160K)
[176.094s][info][gc             ] GC(1301) Pause Young (Normal) (G1 Evacuation Pause) 325M->67M(434M) 4.611ms
[176.094s][info][gc,cpu         ] GC(1301) User=0.00s Sys=0.00s Real=0.01s
[176.217s][info][gc,start       ] GC(1302) Pause Young (Normal) (G1 Evacuation Pause)
[176.217s][info][gc,task        ] GC(1302) Using 1 workers of 1 for evacuation
[176.221s][info][gc,phases      ] GC(1302)   Pre Evacuate Collection Set: 0.0ms
[176.221s][info][gc,phases      ] GC(1302)   Evacuate Collection Set: 3.3ms
[176.221s][info][gc,phases      ] GC(1302)   Post Evacuate Collection Set: 0.4ms
[176.221s][info][gc,phases      ] GC(1302)   Other: 0.3ms
[176.221s][info][gc,heap        ] GC(1302) Eden regions: 258->0(259)
[176.221s][info][gc,heap        ] GC(1302) Survivor regions: 2->1(33)
[176.221s][info][gc,heap        ] GC(1302) Old regions: 61->62
[176.221s][info][gc,heap        ] GC(1302) Humongous regions: 6->6
[176.221s][info][gc,metaspace   ] GC(1302) Metaspace: 72677K->72677K(1116160K)
[176.222s][info][gc             ] GC(1302) Pause Young (Normal) (G1 Evacuation Pause) 325M->66M(434M) 4.078ms
[176.222s][info][gc,cpu         ] GC(1302) User=0.01s Sys=0.00s Real=0.00s
[176.341s][info][gc,start       ] GC(1303) Pause Young (Normal) (G1 Evacuation Pause)
[176.341s][info][gc,task        ] GC(1303) Using 1 workers of 1 for evacuation
[176.345s][info][gc,phases      ] GC(1303)   Pre Evacuate Collection Set: 0.0ms
[176.345s][info][gc,phases      ] GC(1303)   Evacuate Collection Set: 2.8ms
[176.345s][info][gc,phases      ] GC(1303)   Post Evacuate Collection Set: 0.4ms
[176.345s][info][gc,phases      ] GC(1303)   Other: 0.4ms
[176.345s][info][gc,heap        ] GC(1303) Eden regions: 259->0(259)
[176.345s][info][gc,heap        ] GC(1303) Survivor regions: 1->1(33)
[176.345s][info][gc,heap        ] GC(1303) Old regions: 62->62
[176.345s][info][gc,heap        ] GC(1303) Humongous regions: 6->6
[176.345s][info][gc,metaspace   ] GC(1303) Metaspace: 72677K->72677K(1116160K)
[176.345s][info][gc             ] GC(1303) Pause Young (Normal) (G1 Evacuation Pause) 325M->67M(434M) 3.615ms
[176.345s][info][gc,cpu         ] GC(1303) User=0.00s Sys=0.00s Real=0.00s
[176.468s][info][gc,start       ] GC(1304) Pause Young (Normal) (G1 Evacuation Pause)
[176.468s][info][gc,task        ] GC(1304) Using 1 workers of 1 for evacuation
[176.471s][info][gc,phases      ] GC(1304)   Pre Evacuate Collection Set: 0.0ms
[176.471s][info][gc,phases      ] GC(1304)   Evacuate Collection Set: 2.8ms
[176.471s][info][gc,phases      ] GC(1304)   Post Evacuate Collection Set: 0.3ms
[176.471s][info][gc,phases      ] GC(1304)   Other: 0.3ms
[176.471s][info][gc,heap        ] GC(1304) Eden regions: 259->0(259)
[176.471s][info][gc,heap        ] GC(1304) Survivor regions: 1->1(33)
[176.471s][info][gc,heap        ] GC(1304) Old regions: 62->62
[176.471s][info][gc,heap        ] GC(1304) Humongous regions: 6->6
[176.471s][info][gc,metaspace   ] GC(1304) Metaspace: 72677K->72677K(1116160K)
[176.471s][info][gc             ] GC(1304) Pause Young (Normal) (G1 Evacuation Pause) 326M->66M(434M) 3.509ms
[176.471s][info][gc,cpu         ] GC(1304) User=0.00s Sys=0.00s Real=0.01s
[176.599s][info][gc,start       ] GC(1305) Pause Young (Normal) (G1 Evacuation Pause)
[176.600s][info][gc,task        ] GC(1305) Using 1 workers of 1 for evacuation
[176.603s][info][gc,phases      ] GC(1305)   Pre Evacuate Collection Set: 0.0ms
[176.603s][info][gc,phases      ] GC(1305)   Evacuate Collection Set: 2.6ms
[176.603s][info][gc,phases      ] GC(1305)   Post Evacuate Collection Set: 0.4ms
[176.603s][info][gc,phases      ] GC(1305)   Other: 0.4ms
[176.603s][info][gc,heap        ] GC(1305) Eden regions: 259->0(259)
[176.603s][info][gc,heap        ] GC(1305) Survivor regions: 1->1(33)
[176.603s][info][gc,heap        ] GC(1305) Old regions: 62->62
[176.603s][info][gc,heap        ] GC(1305) Humongous regions: 11->6
[176.603s][info][gc,metaspace   ] GC(1305) Metaspace: 72678K->72678K(1116160K)
[176.603s][info][gc             ] GC(1305) Pause Young (Normal) (G1 Evacuation Pause) 330M->66M(434M) 3.421ms
[176.603s][info][gc,cpu         ] GC(1305) User=0.00s Sys=0.00s Real=0.00s
[176.728s][info][gc,start       ] GC(1306) Pause Young (Normal) (G1 Evacuation Pause)
[176.728s][info][gc,task        ] GC(1306) Using 1 workers of 1 for evacuation
[176.731s][info][gc,phases      ] GC(1306)   Pre Evacuate Collection Set: 0.0ms
[176.731s][info][gc,phases      ] GC(1306)   Evacuate Collection Set: 2.6ms
[176.731s][info][gc,phases      ] GC(1306)   Post Evacuate Collection Set: 0.3ms
[176.731s][info][gc,phases      ] GC(1306)   Other: 0.3ms
[176.731s][info][gc,heap        ] GC(1306) Eden regions: 259->0(259)
[176.731s][info][gc,heap        ] GC(1306) Survivor regions: 1->1(33)
[176.731s][info][gc,heap        ] GC(1306) Old regions: 62->62
[176.731s][info][gc,heap        ] GC(1306) Humongous regions: 6->6
[176.731s][info][gc,metaspace   ] GC(1306) Metaspace: 72678K->72678K(1116160K)
[176.731s][info][gc             ] GC(1306) Pause Young (Normal) (G1 Evacuation Pause) 325M->66M(434M) 3.266ms
[176.731s][info][gc,cpu         ] GC(1306) User=0.00s Sys=0.00s Real=0.01s
[176.856s][info][gc,start       ] GC(1307) Pause Young (Normal) (G1 Evacuation Pause)
[176.856s][info][gc,task        ] GC(1307) Using 1 workers of 1 for evacuation
[176.859s][info][gc,phases      ] GC(1307)   Pre Evacuate Collection Set: 0.0ms
[176.860s][info][gc,phases      ] GC(1307)   Evacuate Collection Set: 2.6ms
[176.860s][info][gc,phases      ] GC(1307)   Post Evacuate Collection Set: 0.4ms
[176.860s][info][gc,phases      ] GC(1307)   Other: 0.3ms
[176.860s][info][gc,heap        ] GC(1307) Eden regions: 259->0(259)
[176.860s][info][gc,heap        ] GC(1307) Survivor regions: 1->1(33)
[176.860s][info][gc,heap        ] GC(1307) Old regions: 62->62
[176.860s][info][gc,heap        ] GC(1307) Humongous regions: 6->6
[176.860s][info][gc,metaspace   ] GC(1307) Metaspace: 72678K->72678K(1116160K)
[176.860s][info][gc             ] GC(1307) Pause Young (Normal) (G1 Evacuation Pause) 325M->66M(434M) 3.367ms
[176.860s][info][gc,cpu         ] GC(1307) User=0.00s Sys=0.00s Real=0.01s
[176.980s][info][gc,start       ] GC(1308) Pause Young (Normal) (G1 Evacuation Pause)
[176.980s][info][gc,task        ] GC(1308) Using 1 workers of 1 for evacuation
[176.983s][info][gc,phases      ] GC(1308)   Pre Evacuate Collection Set: 0.0ms
[176.983s][info][gc,phases      ] GC(1308)   Evacuate Collection Set: 2.7ms
[176.983s][info][gc,phases      ] GC(1308)   Post Evacuate Collection Set: 0.4ms
[176.983s][info][gc,phases      ] GC(1308)   Other: 0.3ms
[176.983s][info][gc,heap        ] GC(1308) Eden regions: 259->0(259)
[176.983s][info][gc,heap        ] GC(1308) Survivor regions: 1->1(33)
[176.983s][info][gc,heap        ] GC(1308) Old regions: 62->62
[176.983s][info][gc,heap        ] GC(1308) Humongous regions: 6->6
[176.983s][info][gc,metaspace   ] GC(1308) Metaspace: 72678K->72678K(1116160K)
[176.983s][info][gc             ] GC(1308) Pause Young (Normal) (G1 Evacuation Pause) 325M->66M(434M) 3.371ms
[176.983s][info][gc,cpu         ] GC(1308) User=0.01s Sys=0.00s Real=0.00s
[177.105s][info][gc,start       ] GC(1309) Pause Young (Normal) (G1 Evacuation Pause)
[177.105s][info][gc,task        ] GC(1309) Using 1 workers of 1 for evacuation
[177.109s][info][gc,phases      ] GC(1309)   Pre Evacuate Collection Set: 0.0ms
[177.109s][info][gc,phases      ] GC(1309)   Evacuate Collection Set: 2.6ms
[177.109s][info][gc,phases      ] GC(1309)   Post Evacuate Collection Set: 0.4ms
[177.109s][info][gc,phases      ] GC(1309)   Other: 0.4ms
[177.109s][info][gc,heap        ] GC(1309) Eden regions: 259->0(259)
[177.109s][info][gc,heap        ] GC(1309) Survivor regions: 1->1(33)
[177.109s][info][gc,heap        ] GC(1309) Old regions: 62->62
[177.109s][info][gc,heap        ] GC(1309) Humongous regions: 6->6
[177.109s][info][gc,metaspace   ] GC(1309) Metaspace: 72678K->72678K(1116160K)
[177.109s][info][gc             ] GC(1309) Pause Young (Normal) (G1 Evacuation Pause) 325M->66M(434M) 3.474ms
[177.109s][info][gc,cpu         ] GC(1309) User=0.00s Sys=0.00s Real=0.00s
[177.248s][info][gc,start       ] GC(1310) Pause Young (Normal) (G1 Evacuation Pause)
[177.248s][info][gc,task        ] GC(1310) Using 1 workers of 1 for evacuation
[177.252s][info][gc,phases      ] GC(1310)   Pre Evacuate Collection Set: 0.0ms
[177.252s][info][gc,phases      ] GC(1310)   Evacuate Collection Set: 2.8ms
[177.252s][info][gc,phases      ] GC(1310)   Post Evacuate Collection Set: 0.5ms
[177.252s][info][gc,phases      ] GC(1310)   Other: 0.3ms
[177.252s][info][gc,heap        ] GC(1310) Eden regions: 259->0(259)
[177.252s][info][gc,heap        ] GC(1310) Survivor regions: 1->1(33)
[177.252s][info][gc,heap        ] GC(1310) Old regions: 62->62
[177.252s][info][gc,heap        ] GC(1310) Humongous regions: 11->6
[177.252s][info][gc,metaspace   ] GC(1310) Metaspace: 72678K->72678K(1116160K)
[177.252s][info][gc             ] GC(1310) Pause Young (Normal) (G1 Evacuation Pause) 330M->67M(434M) 3.738ms
[177.252s][info][gc,cpu         ] GC(1310) User=0.00s Sys=0.00s Real=0.01s
[177.382s][info][gc,start       ] GC(1311) Pause Young (Normal) (G1 Evacuation Pause)
[177.382s][info][gc,task        ] GC(1311) Using 1 workers of 1 for evacuation
[177.385s][info][gc,phases      ] GC(1311)   Pre Evacuate Collection Set: 0.0ms
[177.386s][info][gc,phases      ] GC(1311)   Evacuate Collection Set: 2.7ms
[177.386s][info][gc,phases      ] GC(1311)   Post Evacuate Collection Set: 0.4ms
[177.386s][info][gc,phases      ] GC(1311)   Other: 0.4ms
[177.386s][info][gc,heap        ] GC(1311) Eden regions: 259->0(259)
[177.386s][info][gc,heap        ] GC(1311) Survivor regions: 1->1(33)
[177.386s][info][gc,heap        ] GC(1311) Old regions: 62->62
[177.386s][info][gc,heap        ] GC(1311) Humongous regions: 6->6
[177.386s][info][gc,metaspace   ] GC(1311) Metaspace: 72678K->72678K(1116160K)
[177.386s][info][gc             ] GC(1311) Pause Young (Normal) (G1 Evacuation Pause) 326M->67M(434M) 3.597ms
[177.386s][info][gc,cpu         ] GC(1311) User=0.01s Sys=0.00s Real=0.00s
[177.519s][info][gc,start       ] GC(1312) Pause Young (Normal) (G1 Evacuation Pause)
[177.519s][info][gc,task        ] GC(1312) Using 1 workers of 1 for evacuation
[177.522s][info][gc,phases      ] GC(1312)   Pre Evacuate Collection Set: 0.0ms
[177.522s][info][gc,phases      ] GC(1312)   Evacuate Collection Set: 2.9ms
[177.522s][info][gc,phases      ] GC(1312)   Post Evacuate Collection Set: 0.4ms
[177.522s][info][gc,phases      ] GC(1312)   Other: 0.3ms
[177.522s][info][gc,heap        ] GC(1312) Eden regions: 259->0(259)
[177.522s][info][gc,heap        ] GC(1312) Survivor regions: 1->1(33)
[177.522s][info][gc,heap        ] GC(1312) Old regions: 62->62
[177.522s][info][gc,heap        ] GC(1312) Humongous regions: 6->6
[177.522s][info][gc,metaspace   ] GC(1312) Metaspace: 72682K->72682K(1116160K)
[177.522s][info][gc             ] GC(1312) Pause Young (Normal) (G1 Evacuation Pause) 326M->67M(434M) 3.636ms
[177.522s][info][gc,cpu         ] GC(1312) User=0.00s Sys=0.00s Real=0.00s
[177.640s][info][gc,start       ] GC(1313) Pause Young (Normal) (G1 Evacuation Pause)
[177.641s][info][gc,task        ] GC(1313) Using 1 workers of 1 for evacuation
[177.644s][info][gc,phases      ] GC(1313)   Pre Evacuate Collection Set: 0.0ms
[177.644s][info][gc,phases      ] GC(1313)   Evacuate Collection Set: 2.9ms
[177.644s][info][gc,phases      ] GC(1313)   Post Evacuate Collection Set: 0.4ms
[177.644s][info][gc,phases      ] GC(1313)   Other: 0.3ms
[177.644s][info][gc,heap        ] GC(1313) Eden regions: 259->0(259)
[177.644s][info][gc,heap        ] GC(1313) Survivor regions: 1->1(33)
[177.644s][info][gc,heap        ] GC(1313) Old regions: 62->62
[177.644s][info][gc,heap        ] GC(1313) Humongous regions: 6->6
[177.644s][info][gc,metaspace   ] GC(1313) Metaspace: 72682K->72682K(1116160K)
[177.644s][info][gc             ] GC(1313) Pause Young (Normal) (G1 Evacuation Pause) 326M->67M(434M) 3.671ms
[177.644s][info][gc,cpu         ] GC(1313) User=0.00s Sys=0.00s Real=0.00s
[177.767s][info][gc,start       ] GC(1314) Pause Young (Normal) (G1 Evacuation Pause)
[177.767s][info][gc,task        ] GC(1314) Using 1 workers of 1 for evacuation
[177.770s][info][gc,phases      ] GC(1314)   Pre Evacuate Collection Set: 0.0ms
[177.770s][info][gc,phases      ] GC(1314)   Evacuate Collection Set: 2.9ms
[177.770s][info][gc,phases      ] GC(1314)   Post Evacuate Collection Set: 0.4ms
[177.770s][info][gc,phases      ] GC(1314)   Other: 0.4ms
[177.770s][info][gc,heap        ] GC(1314) Eden regions: 259->0(259)
[177.770s][info][gc,heap        ] GC(1314) Survivor regions: 1->1(33)
[177.770s][info][gc,heap        ] GC(1314) Old regions: 62->62
[177.770s][info][gc,heap        ] GC(1314) Humongous regions: 6->6
[177.770s][info][gc,metaspace   ] GC(1314) Metaspace: 72682K->72682K(1116160K)
[177.770s][info][gc             ] GC(1314) Pause Young (Normal) (G1 Evacuation Pause) 326M->66M(434M) 3.645ms
[177.770s][info][gc,cpu         ] GC(1314) User=0.00s Sys=0.00s Real=0.01s
[177.889s][info][gc,start       ] GC(1315) Pause Young (Normal) (G1 Evacuation Pause)
[177.889s][info][gc,task        ] GC(1315) Using 1 workers of 1 for evacuation
[177.892s][info][gc,phases      ] GC(1315)   Pre Evacuate Collection Set: 0.0ms
[177.892s][info][gc,phases      ] GC(1315)   Evacuate Collection Set: 2.7ms
[177.892s][info][gc,phases      ] GC(1315)   Post Evacuate Collection Set: 0.3ms
[177.892s][info][gc,phases      ] GC(1315)   Other: 0.3ms
[177.892s][info][gc,heap        ] GC(1315) Eden regions: 259->0(259)
[177.892s][info][gc,heap        ] GC(1315) Survivor regions: 1->1(33)
[177.892s][info][gc,heap        ] GC(1315) Old regions: 62->62
[177.892s][info][gc,heap        ] GC(1315) Humongous regions: 6->6
[177.892s][info][gc,metaspace   ] GC(1315) Metaspace: 72682K->72682K(1116160K)
[177.892s][info][gc             ] GC(1315) Pause Young (Normal) (G1 Evacuation Pause) 325M->67M(434M) 3.495ms
[177.892s][info][gc,cpu         ] GC(1315) User=0.00s Sys=0.00s Real=0.01s
[178.024s][info][gc,start       ] GC(1316) Pause Young (Normal) (G1 Evacuation Pause)
[178.024s][info][gc,task        ] GC(1316) Using 1 workers of 1 for evacuation
[178.027s][info][gc,phases      ] GC(1316)   Pre Evacuate Collection Set: 0.0ms
[178.027s][info][gc,phases      ] GC(1316)   Evacuate Collection Set: 2.7ms
[178.027s][info][gc,phases      ] GC(1316)   Post Evacuate Collection Set: 0.4ms
[178.027s][info][gc,phases      ] GC(1316)   Other: 0.3ms
[178.027s][info][gc,heap        ] GC(1316) Eden regions: 259->0(259)
[178.027s][info][gc,heap        ] GC(1316) Survivor regions: 1->1(33)
[178.027s][info][gc,heap        ] GC(1316) Old regions: 62->62
[178.027s][info][gc,heap        ] GC(1316) Humongous regions: 11->6
[178.027s][info][gc,metaspace   ] GC(1316) Metaspace: 72685K->72685K(1116160K)
[178.027s][info][gc             ] GC(1316) Pause Young (Normal) (G1 Evacuation Pause) 331M->66M(434M) 3.480ms
[178.027s][info][gc,cpu         ] GC(1316) User=0.00s Sys=0.00s Real=0.00s
[178.151s][info][gc,start       ] GC(1317) Pause Young (Normal) (G1 Evacuation Pause)
[178.151s][info][gc,task        ] GC(1317) Using 1 workers of 1 for evacuation
[178.155s][info][gc,phases      ] GC(1317)   Pre Evacuate Collection Set: 0.0ms
[178.155s][info][gc,phases      ] GC(1317)   Evacuate Collection Set: 2.8ms
[178.155s][info][gc,phases      ] GC(1317)   Post Evacuate Collection Set: 0.4ms
[178.155s][info][gc,phases      ] GC(1317)   Other: 0.4ms
[178.155s][info][gc,heap        ] GC(1317) Eden regions: 259->0(259)
[178.155s][info][gc,heap        ] GC(1317) Survivor regions: 1->1(33)
[178.155s][info][gc,heap        ] GC(1317) Old regions: 62->62
[178.155s][info][gc,heap        ] GC(1317) Humongous regions: 6->6
[178.155s][info][gc,metaspace   ] GC(1317) Metaspace: 72685K->72685K(1116160K)
[178.155s][info][gc             ] GC(1317) Pause Young (Normal) (G1 Evacuation Pause) 325M->66M(434M) 3.621ms
[178.155s][info][gc,cpu         ] GC(1317) User=0.00s Sys=0.00s Real=0.00s
[178.278s][info][gc,start       ] GC(1318) Pause Young (Normal) (G1 Evacuation Pause)
[178.278s][info][gc,task        ] GC(1318) Using 1 workers of 1 for evacuation
[178.281s][info][gc,phases      ] GC(1318)   Pre Evacuate Collection Set: 0.0ms
[178.281s][info][gc,phases      ] GC(1318)   Evacuate Collection Set: 2.6ms
[178.281s][info][gc,phases      ] GC(1318)   Post Evacuate Collection Set: 0.3ms
[178.281s][info][gc,phases      ] GC(1318)   Other: 0.3ms
[178.281s][info][gc,heap        ] GC(1318) Eden regions: 259->0(259)
[178.281s][info][gc,heap        ] GC(1318) Survivor regions: 1->1(33)
[178.281s][info][gc,heap        ] GC(1318) Old regions: 62->62
[178.281s][info][gc,heap        ] GC(1318) Humongous regions: 6->6
[178.281s][info][gc,metaspace   ] GC(1318) Metaspace: 72685K->72685K(1116160K)
[178.281s][info][gc             ] GC(1318) Pause Young (Normal) (G1 Evacuation Pause) 325M->66M(434M) 3.309ms
[178.281s][info][gc,cpu         ] GC(1318) User=0.01s Sys=0.00s Real=0.00s
[178.400s][info][gc,start       ] GC(1319) Pause Young (Normal) (G1 Evacuation Pause)
[178.400s][info][gc,task        ] GC(1319) Using 1 workers of 1 for evacuation
[178.403s][info][gc,phases      ] GC(1319)   Pre Evacuate Collection Set: 0.0ms
[178.403s][info][gc,phases      ] GC(1319)   Evacuate Collection Set: 2.9ms
[178.403s][info][gc,phases      ] GC(1319)   Post Evacuate Collection Set: 0.4ms
[178.403s][info][gc,phases      ] GC(1319)   Other: 0.3ms
[178.403s][info][gc,heap        ] GC(1319) Eden regions: 259->0(259)
[178.403s][info][gc,heap        ] GC(1319) Survivor regions: 1->1(33)
[178.403s][info][gc,heap        ] GC(1319) Old regions: 62->62
[178.403s][info][gc,heap        ] GC(1319) Humongous regions: 6->6
[178.403s][info][gc,metaspace   ] GC(1319) Metaspace: 72685K->72685K(1116160K)
[178.404s][info][gc             ] GC(1319) Pause Young (Normal) (G1 Evacuation Pause) 325M->66M(434M) 3.581ms
[178.404s][info][gc,cpu         ] GC(1319) User=0.00s Sys=0.00s Real=0.00s
[178.524s][info][gc,start       ] GC(1320) Pause Young (Normal) (G1 Evacuation Pause)
[178.524s][info][gc,task        ] GC(1320) Using 1 workers of 1 for evacuation
[178.527s][info][gc,phases      ] GC(1320)   Pre Evacuate Collection Set: 0.0ms
[178.527s][info][gc,phases      ] GC(1320)   Evacuate Collection Set: 2.9ms
[178.527s][info][gc,phases      ] GC(1320)   Post Evacuate Collection Set: 0.4ms
[178.527s][info][gc,phases      ] GC(1320)   Other: 0.3ms
[178.527s][info][gc,heap        ] GC(1320) Eden regions: 259->0(259)
[178.527s][info][gc,heap        ] GC(1320) Survivor regions: 1->1(33)
[178.527s][info][gc,heap        ] GC(1320) Old regions: 62->62
[178.527s][info][gc,heap        ] GC(1320) Humongous regions: 6->6
[178.527s][info][gc,metaspace   ] GC(1320) Metaspace: 72685K->72685K(1116160K)
[178.527s][info][gc             ] GC(1320) Pause Young (Normal) (G1 Evacuation Pause) 325M->66M(434M) 3.608ms
[178.527s][info][gc,cpu         ] GC(1320) User=0.00s Sys=0.00s Real=0.00s
[178.651s][info][gc,start       ] GC(1321) Pause Young (Normal) (G1 Evacuation Pause)
[178.651s][info][gc,task        ] GC(1321) Using 1 workers of 1 for evacuation
[178.654s][info][gc,phases      ] GC(1321)   Pre Evacuate Collection Set: 0.0ms
[178.654s][info][gc,phases      ] GC(1321)   Evacuate Collection Set: 2.9ms
[178.654s][info][gc,phases      ] GC(1321)   Post Evacuate Collection Set: 0.4ms
[178.654s][info][gc,phases      ] GC(1321)   Other: 0.3ms
[178.654s][info][gc,heap        ] GC(1321) Eden regions: 259->0(259)
[178.654s][info][gc,heap        ] GC(1321) Survivor regions: 1->1(33)
[178.654s][info][gc,heap        ] GC(1321) Old regions: 62->62
[178.654s][info][gc,heap        ] GC(1321) Humongous regions: 6->6
[178.654s][info][gc,metaspace   ] GC(1321) Metaspace: 72685K->72685K(1116160K)
[178.654s][info][gc             ] GC(1321) Pause Young (Normal) (G1 Evacuation Pause) 325M->67M(434M) 3.690ms
[178.654s][info][gc,cpu         ] GC(1321) User=0.00s Sys=0.00s Real=0.00s
[178.803s][info][gc,start       ] GC(1322) Pause Young (Normal) (G1 Evacuation Pause)
[178.803s][info][gc,task        ] GC(1322) Using 1 workers of 1 for evacuation
[178.807s][info][gc,phases      ] GC(1322)   Pre Evacuate Collection Set: 0.0ms
[178.807s][info][gc,phases      ] GC(1322)   Evacuate Collection Set: 3.1ms
[178.807s][info][gc,phases      ] GC(1322)   Post Evacuate Collection Set: 0.4ms
[178.807s][info][gc,phases      ] GC(1322)   Other: 0.4ms
[178.807s][info][gc,heap        ] GC(1322) Eden regions: 259->0(259)
[178.807s][info][gc,heap        ] GC(1322) Survivor regions: 1->1(33)
[178.807s][info][gc,heap        ] GC(1322) Old regions: 62->62
[178.807s][info][gc,heap        ] GC(1322) Humongous regions: 11->6
[178.807s][info][gc,metaspace   ] GC(1322) Metaspace: 72692K->72692K(1116160K)
[178.807s][info][gc             ] GC(1322) Pause Young (Normal) (G1 Evacuation Pause) 331M->67M(434M) 3.893ms
[178.807s][info][gc,cpu         ] GC(1322) User=0.00s Sys=0.00s Real=0.00s
[178.932s][info][gc,start       ] GC(1323) Pause Young (Normal) (G1 Evacuation Pause)
[178.932s][info][gc,task        ] GC(1323) Using 1 workers of 1 for evacuation
[178.936s][info][gc,phases      ] GC(1323)   Pre Evacuate Collection Set: 0.0ms
[178.936s][info][gc,phases      ] GC(1323)   Evacuate Collection Set: 2.9ms
[178.936s][info][gc,phases      ] GC(1323)   Post Evacuate Collection Set: 0.4ms
[178.936s][info][gc,phases      ] GC(1323)   Other: 0.4ms
[178.936s][info][gc,heap        ] GC(1323) Eden regions: 259->0(259)
[178.936s][info][gc,heap        ] GC(1323) Survivor regions: 1->1(33)
[178.936s][info][gc,heap        ] GC(1323) Old regions: 62->62
[178.936s][info][gc,heap        ] GC(1323) Humongous regions: 6->6
[178.936s][info][gc,metaspace   ] GC(1323) Metaspace: 72692K->72692K(1116160K)
[178.936s][info][gc             ] GC(1323) Pause Young (Normal) (G1 Evacuation Pause) 326M->67M(434M) 3.815ms
[178.936s][info][gc,cpu         ] GC(1323) User=0.00s Sys=0.00s Real=0.00s
[179.055s][info][gc,start       ] GC(1324) Pause Young (Normal) (G1 Evacuation Pause)
[179.055s][info][gc,task        ] GC(1324) Using 1 workers of 1 for evacuation
[179.059s][info][gc,phases      ] GC(1324)   Pre Evacuate Collection Set: 0.0ms
[179.059s][info][gc,phases      ] GC(1324)   Evacuate Collection Set: 2.8ms
[179.059s][info][gc,phases      ] GC(1324)   Post Evacuate Collection Set: 0.4ms
[179.059s][info][gc,phases      ] GC(1324)   Other: 0.3ms
[179.059s][info][gc,heap        ] GC(1324) Eden regions: 259->0(259)
[179.059s][info][gc,heap        ] GC(1324) Survivor regions: 1->1(33)
[179.059s][info][gc,heap        ] GC(1324) Old regions: 62->62
[179.059s][info][gc,heap        ] GC(1324) Humongous regions: 6->6
[179.059s][info][gc,metaspace   ] GC(1324) Metaspace: 72692K->72692K(1116160K)
[179.059s][info][gc             ] GC(1324) Pause Young (Normal) (G1 Evacuation Pause) 326M->67M(434M) 3.530ms
[179.059s][info][gc,cpu         ] GC(1324) User=0.00s Sys=0.00s Real=0.01s
[179.182s][info][gc,start       ] GC(1325) Pause Young (Normal) (G1 Evacuation Pause)
[179.182s][info][gc,task        ] GC(1325) Using 1 workers of 1 for evacuation
[179.185s][info][gc,phases      ] GC(1325)   Pre Evacuate Collection Set: 0.0ms
[179.186s][info][gc,phases      ] GC(1325)   Evacuate Collection Set: 2.8ms
[179.186s][info][gc,phases      ] GC(1325)   Post Evacuate Collection Set: 0.4ms
[179.186s][info][gc,phases      ] GC(1325)   Other: 0.3ms
[179.186s][info][gc,heap        ] GC(1325) Eden regions: 259->0(259)
[179.186s][info][gc,heap        ] GC(1325) Survivor regions: 1->1(33)
[179.186s][info][gc,heap        ] GC(1325) Old regions: 62->62
[179.186s][info][gc,heap        ] GC(1325) Humongous regions: 6->6
[179.186s][info][gc,metaspace   ] GC(1325) Metaspace: 72692K->72692K(1116160K)
[179.186s][info][gc             ] GC(1325) Pause Young (Normal) (G1 Evacuation Pause) 326M->67M(434M) 3.613ms
[179.186s][info][gc,cpu         ] GC(1325) User=0.00s Sys=0.00s Real=0.00s
[179.306s][info][gc,start       ] GC(1326) Pause Young (Normal) (G1 Evacuation Pause)
[179.306s][info][gc,task        ] GC(1326) Using 1 workers of 1 for evacuation
[179.309s][info][gc,phases      ] GC(1326)   Pre Evacuate Collection Set: 0.0ms
[179.309s][info][gc,phases      ] GC(1326)   Evacuate Collection Set: 2.8ms
[179.309s][info][gc,phases      ] GC(1326)   Post Evacuate Collection Set: 0.4ms
[179.309s][info][gc,phases      ] GC(1326)   Other: 0.3ms
[179.309s][info][gc,heap        ] GC(1326) Eden regions: 259->0(259)
[179.309s][info][gc,heap        ] GC(1326) Survivor regions: 1->1(33)
[179.309s][info][gc,heap        ] GC(1326) Old regions: 62->62
[179.309s][info][gc,heap        ] GC(1326) Humongous regions: 6->6
[179.309s][info][gc,metaspace   ] GC(1326) Metaspace: 72692K->72692K(1116160K)
[179.309s][info][gc             ] GC(1326) Pause Young (Normal) (G1 Evacuation Pause) 326M->67M(434M) 3.514ms
[179.309s][info][gc,cpu         ] GC(1326) User=0.00s Sys=0.00s Real=0.00s
[179.440s][info][gc,start       ] GC(1327) Pause Young (Normal) (G1 Evacuation Pause)
[179.440s][info][gc,task        ] GC(1327) Using 1 workers of 1 for evacuation
[179.443s][info][gc,phases      ] GC(1327)   Pre Evacuate Collection Set: 0.0ms
[179.443s][info][gc,phases      ] GC(1327)   Evacuate Collection Set: 2.8ms
[179.443s][info][gc,phases      ] GC(1327)   Post Evacuate Collection Set: 0.4ms
[179.443s][info][gc,phases      ] GC(1327)   Other: 0.4ms
[179.443s][info][gc,heap        ] GC(1327) Eden regions: 259->0(259)
[179.443s][info][gc,heap        ] GC(1327) Survivor regions: 1->1(33)
[179.443s][info][gc,heap        ] GC(1327) Old regions: 62->62
[179.443s][info][gc,heap        ] GC(1327) Humongous regions: 6->6
[179.443s][info][gc,metaspace   ] GC(1327) Metaspace: 72692K->72692K(1116160K)
[179.443s][info][gc             ] GC(1327) Pause Young (Normal) (G1 Evacuation Pause) 326M->67M(434M) 3.630ms
[179.443s][info][gc,cpu         ] GC(1327) User=0.01s Sys=0.00s Real=0.00s
[179.573s][info][gc,start       ] GC(1328) Pause Young (Normal) (G1 Evacuation Pause)
[179.573s][info][gc,task        ] GC(1328) Using 1 workers of 1 for evacuation
[179.576s][info][gc,phases      ] GC(1328)   Pre Evacuate Collection Set: 0.0ms
[179.576s][info][gc,phases      ] GC(1328)   Evacuate Collection Set: 2.6ms
[179.576s][info][gc,phases      ] GC(1328)   Post Evacuate Collection Set: 0.4ms
[179.576s][info][gc,phases      ] GC(1328)   Other: 0.3ms
[179.576s][info][gc,heap        ] GC(1328) Eden regions: 259->0(259)
[179.576s][info][gc,heap        ] GC(1328) Survivor regions: 1->1(33)
[179.576s][info][gc,heap        ] GC(1328) Old regions: 62->62
[179.576s][info][gc,heap        ] GC(1328) Humongous regions: 11->6
[179.576s][info][gc,metaspace   ] GC(1328) Metaspace: 72694K->72694K(1116160K)
[179.576s][info][gc             ] GC(1328) Pause Young (Normal) (G1 Evacuation Pause) 331M->66M(434M) 3.365ms
[179.576s][info][gc,cpu         ] GC(1328) User=0.00s Sys=0.00s Real=0.00s
[179.703s][info][gc,start       ] GC(1329) Pause Young (Normal) (G1 Evacuation Pause)
[179.703s][info][gc,task        ] GC(1329) Using 1 workers of 1 for evacuation
[179.707s][info][gc,phases      ] GC(1329)   Pre Evacuate Collection Set: 0.0ms
[179.707s][info][gc,phases      ] GC(1329)   Evacuate Collection Set: 2.8ms
[179.707s][info][gc,phases      ] GC(1329)   Post Evacuate Collection Set: 0.4ms
[179.707s][info][gc,phases      ] GC(1329)   Other: 0.3ms
[179.707s][info][gc,heap        ] GC(1329) Eden regions: 259->0(259)
[179.707s][info][gc,heap        ] GC(1329) Survivor regions: 1->1(33)
[179.707s][info][gc,heap        ] GC(1329) Old regions: 62->62
[179.707s][info][gc,heap        ] GC(1329) Humongous regions: 6->6
[179.707s][info][gc,metaspace   ] GC(1329) Metaspace: 72694K->72694K(1116160K)
[179.707s][info][gc             ] GC(1329) Pause Young (Normal) (G1 Evacuation Pause) 325M->66M(434M) 3.562ms
[179.707s][info][gc,cpu         ] GC(1329) User=0.00s Sys=0.00s Real=0.00s
[179.831s][info][gc,start       ] GC(1330) Pause Young (Normal) (G1 Evacuation Pause)
[179.831s][info][gc,task        ] GC(1330) Using 1 workers of 1 for evacuation
[179.834s][info][gc,phases      ] GC(1330)   Pre Evacuate Collection Set: 0.0ms
[179.834s][info][gc,phases      ] GC(1330)   Evacuate Collection Set: 2.7ms
[179.834s][info][gc,phases      ] GC(1330)   Post Evacuate Collection Set: 0.4ms
[179.834s][info][gc,phases      ] GC(1330)   Other: 0.4ms
[179.834s][info][gc,heap        ] GC(1330) Eden regions: 259->0(259)
[179.834s][info][gc,heap        ] GC(1330) Survivor regions: 1->1(33)
[179.834s][info][gc,heap        ] GC(1330) Old regions: 62->62
[179.834s][info][gc,heap        ] GC(1330) Humongous regions: 6->6
[179.834s][info][gc,metaspace   ] GC(1330) Metaspace: 72694K->72694K(1116160K)
[179.834s][info][gc             ] GC(1330) Pause Young (Normal) (G1 Evacuation Pause) 325M->66M(434M) 3.594ms
[179.834s][info][gc,cpu         ] GC(1330) User=0.01s Sys=0.00s Real=0.00s
[179.955s][info][gc,start       ] GC(1331) Pause Young (Normal) (G1 Evacuation Pause)
[179.955s][info][gc,task        ] GC(1331) Using 1 workers of 1 for evacuation
[179.959s][info][gc,phases      ] GC(1331)   Pre Evacuate Collection Set: 0.0ms
[179.959s][info][gc,phases      ] GC(1331)   Evacuate Collection Set: 2.8ms
[179.959s][info][gc,phases      ] GC(1331)   Post Evacuate Collection Set: 0.4ms
[179.959s][info][gc,phases      ] GC(1331)   Other: 0.3ms
[179.959s][info][gc,heap        ] GC(1331) Eden regions: 259->0(259)
[179.959s][info][gc,heap        ] GC(1331) Survivor regions: 1->1(33)
[179.959s][info][gc,heap        ] GC(1331) Old regions: 62->62
[179.959s][info][gc,heap        ] GC(1331) Humongous regions: 6->6
[179.959s][info][gc,metaspace   ] GC(1331) Metaspace: 72694K->72694K(1116160K)
[179.959s][info][gc             ] GC(1331) Pause Young (Normal) (G1 Evacuation Pause) 325M->66M(434M) 3.511ms
[179.959s][info][gc,cpu         ] GC(1331) User=0.00s Sys=0.00s Real=0.01s
[180.084s][info][gc,start       ] GC(1332) Pause Young (Normal) (G1 Evacuation Pause)
[180.084s][info][gc,task        ] GC(1332) Using 1 workers of 1 for evacuation
[180.087s][info][gc,phases      ] GC(1332)   Pre Evacuate Collection Set: 0.0ms
[180.087s][info][gc,phases      ] GC(1332)   Evacuate Collection Set: 2.8ms
[180.087s][info][gc,phases      ] GC(1332)   Post Evacuate Collection Set: 0.4ms
[180.088s][info][gc,phases      ] GC(1332)   Other: 0.3ms
[180.088s][info][gc,heap        ] GC(1332) Eden regions: 259->0(259)
[180.088s][info][gc,heap        ] GC(1332) Survivor regions: 1->1(33)
[180.088s][info][gc,heap        ] GC(1332) Old regions: 62->62
[180.088s][info][gc,heap        ] GC(1332) Humongous regions: 6->6
[180.088s][info][gc,metaspace   ] GC(1332) Metaspace: 72694K->72694K(1116160K)
[180.088s][info][gc             ] GC(1332) Pause Young (Normal) (G1 Evacuation Pause) 325M->66M(434M) 3.544ms
[180.088s][info][gc,cpu         ] GC(1332) User=0.01s Sys=0.00s Real=0.00s
[180.323s][info][gc,start       ] GC(1333) Pause Young (Normal) (G1 Evacuation Pause)
[180.323s][info][gc,task        ] GC(1333) Using 1 workers of 1 for evacuation
[180.327s][info][gc,phases      ] GC(1333)   Pre Evacuate Collection Set: 0.0ms
[180.327s][info][gc,phases      ] GC(1333)   Evacuate Collection Set: 2.9ms
[180.327s][info][gc,phases      ] GC(1333)   Post Evacuate Collection Set: 0.4ms
[180.327s][info][gc,phases      ] GC(1333)   Other: 0.4ms
[180.327s][info][gc,heap        ] GC(1333) Eden regions: 259->0(259)
[180.327s][info][gc,heap        ] GC(1333) Survivor regions: 1->1(33)
[180.327s][info][gc,heap        ] GC(1333) Old regions: 62->62
[180.327s][info][gc,heap        ] GC(1333) Humongous regions: 11->6
[180.327s][info][gc,metaspace   ] GC(1333) Metaspace: 72706K->72706K(1116160K)
[180.327s][info][gc             ] GC(1333) Pause Young (Normal) (G1 Evacuation Pause) 330M->67M(434M) 3.818ms
[180.327s][info][gc,cpu         ] GC(1333) User=0.00s Sys=0.00s Real=0.00s
[180.453s][info][gc,start       ] GC(1334) Pause Young (Normal) (G1 Evacuation Pause)
[180.453s][info][gc,task        ] GC(1334) Using 1 workers of 1 for evacuation
[180.457s][info][gc,phases      ] GC(1334)   Pre Evacuate Collection Set: 0.0ms
[180.457s][info][gc,phases      ] GC(1334)   Evacuate Collection Set: 3.5ms
[180.457s][info][gc,phases      ] GC(1334)   Post Evacuate Collection Set: 0.6ms
[180.457s][info][gc,phases      ] GC(1334)   Other: 0.4ms
[180.457s][info][gc,heap        ] GC(1334) Eden regions: 259->0(259)
[180.457s][info][gc,heap        ] GC(1334) Survivor regions: 1->1(33)
[180.457s][info][gc,heap        ] GC(1334) Old regions: 62->62
[180.457s][info][gc,heap        ] GC(1334) Humongous regions: 6->6
[180.457s][info][gc,metaspace   ] GC(1334) Metaspace: 72706K->72706K(1116160K)
[180.457s][info][gc             ] GC(1334) Pause Young (Normal) (G1 Evacuation Pause) 326M->67M(434M) 4.603ms
[180.457s][info][gc,cpu         ] GC(1334) User=0.00s Sys=0.00s Real=0.00s
[180.577s][info][gc,start       ] GC(1335) Pause Young (Normal) (G1 Evacuation Pause)
[180.577s][info][gc,task        ] GC(1335) Using 1 workers of 1 for evacuation
[180.581s][info][gc,phases      ] GC(1335)   Pre Evacuate Collection Set: 0.0ms
[180.581s][info][gc,phases      ] GC(1335)   Evacuate Collection Set: 2.9ms
[180.581s][info][gc,phases      ] GC(1335)   Post Evacuate Collection Set: 0.4ms
[180.581s][info][gc,phases      ] GC(1335)   Other: 0.4ms
[180.581s][info][gc,heap        ] GC(1335) Eden regions: 259->0(259)
[180.581s][info][gc,heap        ] GC(1335) Survivor regions: 1->1(33)
[180.581s][info][gc,heap        ] GC(1335) Old regions: 62->62
[180.581s][info][gc,heap        ] GC(1335) Humongous regions: 6->6
[180.581s][info][gc,metaspace   ] GC(1335) Metaspace: 72706K->72706K(1116160K)
[180.581s][info][gc             ] GC(1335) Pause Young (Normal) (G1 Evacuation Pause) 326M->67M(434M) 3.658ms
[180.581s][info][gc,cpu         ] GC(1335) User=0.01s Sys=0.00s Real=0.01s
[180.700s][info][gc,start       ] GC(1336) Pause Young (Normal) (G1 Evacuation Pause)
[180.700s][info][gc,task        ] GC(1336) Using 1 workers of 1 for evacuation
[180.703s][info][gc,phases      ] GC(1336)   Pre Evacuate Collection Set: 0.0ms
[180.703s][info][gc,phases      ] GC(1336)   Evacuate Collection Set: 2.8ms
[180.703s][info][gc,phases      ] GC(1336)   Post Evacuate Collection Set: 0.4ms
[180.703s][info][gc,phases      ] GC(1336)   Other: 0.3ms
[180.703s][info][gc,heap        ] GC(1336) Eden regions: 259->0(259)
[180.703s][info][gc,heap        ] GC(1336) Survivor regions: 1->1(33)
[180.703s][info][gc,heap        ] GC(1336) Old regions: 62->62
[180.703s][info][gc,heap        ] GC(1336) Humongous regions: 6->6
[180.703s][info][gc,metaspace   ] GC(1336) Metaspace: 72706K->72706K(1116160K)
[180.703s][info][gc             ] GC(1336) Pause Young (Normal) (G1 Evacuation Pause) 326M->67M(434M) 3.540ms
[180.703s][info][gc,cpu         ] GC(1336) User=0.01s Sys=0.00s Real=0.00s
[180.828s][info][gc,start       ] GC(1337) Pause Young (Normal) (G1 Evacuation Pause)
[180.828s][info][gc,task        ] GC(1337) Using 1 workers of 1 for evacuation
[180.835s][info][gc,phases      ] GC(1337)   Pre Evacuate Collection Set: 0.0ms
[180.835s][info][gc,phases      ] GC(1337)   Evacuate Collection Set: 6.8ms
[180.835s][info][gc,phases      ] GC(1337)   Post Evacuate Collection Set: 0.3ms
[180.835s][info][gc,phases      ] GC(1337)   Other: 0.3ms
[180.835s][info][gc,heap        ] GC(1337) Eden regions: 259->0(259)
[180.835s][info][gc,heap        ] GC(1337) Survivor regions: 1->1(33)
[180.835s][info][gc,heap        ] GC(1337) Old regions: 62->62
[180.835s][info][gc,heap        ] GC(1337) Humongous regions: 6->6
[180.835s][info][gc,metaspace   ] GC(1337) Metaspace: 72706K->72706K(1116160K)
[180.836s][info][gc             ] GC(1337) Pause Young (Normal) (G1 Evacuation Pause) 326M->67M(434M) 7.538ms
[180.836s][info][gc,cpu         ] GC(1337) User=0.01s Sys=0.00s Real=0.01s
[180.957s][info][gc,start       ] GC(1338) Pause Young (Normal) (G1 Evacuation Pause)
[180.957s][info][gc,task        ] GC(1338) Using 1 workers of 1 for evacuation
[180.961s][info][gc,phases      ] GC(1338)   Pre Evacuate Collection Set: 0.0ms
[180.961s][info][gc,phases      ] GC(1338)   Evacuate Collection Set: 2.7ms
[180.961s][info][gc,phases      ] GC(1338)   Post Evacuate Collection Set: 0.3ms
[180.961s][info][gc,phases      ] GC(1338)   Other: 0.7ms
[180.961s][info][gc,heap        ] GC(1338) Eden regions: 259->0(259)
[180.961s][info][gc,heap        ] GC(1338) Survivor regions: 1->1(33)
[180.961s][info][gc,heap        ] GC(1338) Old regions: 62->62
[180.961s][info][gc,heap        ] GC(1338) Humongous regions: 6->6
[180.961s][info][gc,metaspace   ] GC(1338) Metaspace: 72706K->72706K(1116160K)
[180.961s][info][gc             ] GC(1338) Pause Young (Normal) (G1 Evacuation Pause) 326M->67M(434M) 3.847ms
[180.961s][info][gc,cpu         ] GC(1338) User=0.00s Sys=0.00s Real=0.01s
[181.098s][info][gc,start       ] GC(1339) Pause Young (Normal) (G1 Evacuation Pause)
[181.098s][info][gc,task        ] GC(1339) Using 1 workers of 1 for evacuation
[181.102s][info][gc,phases      ] GC(1339)   Pre Evacuate Collection Set: 0.0ms
[181.102s][info][gc,phases      ] GC(1339)   Evacuate Collection Set: 2.6ms
[181.102s][info][gc,phases      ] GC(1339)   Post Evacuate Collection Set: 0.4ms
[181.102s][info][gc,phases      ] GC(1339)   Other: 0.4ms
[181.102s][info][gc,heap        ] GC(1339) Eden regions: 259->0(259)
[181.102s][info][gc,heap        ] GC(1339) Survivor regions: 1->1(33)
[181.102s][info][gc,heap        ] GC(1339) Old regions: 62->62
[181.102s][info][gc,heap        ] GC(1339) Humongous regions: 11->6
[181.102s][info][gc,metaspace   ] GC(1339) Metaspace: 72716K->72716K(1116160K)
[181.102s][info][gc             ] GC(1339) Pause Young (Normal) (G1 Evacuation Pause) 331M->66M(434M) 3.349ms
[181.102s][info][gc,cpu         ] GC(1339) User=0.00s Sys=0.00s Real=0.00s
[181.224s][info][gc,start       ] GC(1340) Pause Young (Normal) (G1 Evacuation Pause)
[181.224s][info][gc,task        ] GC(1340) Using 1 workers of 1 for evacuation
[181.227s][info][gc,phases      ] GC(1340)   Pre Evacuate Collection Set: 0.0ms
[181.227s][info][gc,phases      ] GC(1340)   Evacuate Collection Set: 2.6ms
[181.227s][info][gc,phases      ] GC(1340)   Post Evacuate Collection Set: 0.4ms
[181.227s][info][gc,phases      ] GC(1340)   Other: 0.3ms
[181.227s][info][gc,heap        ] GC(1340) Eden regions: 259->0(259)
[181.227s][info][gc,heap        ] GC(1340) Survivor regions: 1->1(33)
[181.227s][info][gc,heap        ] GC(1340) Old regions: 62->62
[181.227s][info][gc,heap        ] GC(1340) Humongous regions: 6->6
[181.227s][info][gc,metaspace   ] GC(1340) Metaspace: 72716K->72716K(1116160K)
[181.227s][info][gc             ] GC(1340) Pause Young (Normal) (G1 Evacuation Pause) 325M->66M(434M) 3.332ms
[181.227s][info][gc,cpu         ] GC(1340) User=0.00s Sys=0.00s Real=0.00s
[181.347s][info][gc,start       ] GC(1341) Pause Young (Normal) (G1 Evacuation Pause)
[181.347s][info][gc,task        ] GC(1341) Using 1 workers of 1 for evacuation
[181.350s][info][gc,phases      ] GC(1341)   Pre Evacuate Collection Set: 0.0ms
[181.350s][info][gc,phases      ] GC(1341)   Evacuate Collection Set: 2.5ms
[181.350s][info][gc,phases      ] GC(1341)   Post Evacuate Collection Set: 0.4ms
[181.350s][info][gc,phases      ] GC(1341)   Other: 0.4ms
[181.350s][info][gc,heap        ] GC(1341) Eden regions: 259->0(259)
[181.350s][info][gc,heap        ] GC(1341) Survivor regions: 1->1(33)
[181.350s][info][gc,heap        ] GC(1341) Old regions: 62->62
[181.350s][info][gc,heap        ] GC(1341) Humongous regions: 6->6
[181.350s][info][gc,metaspace   ] GC(1341) Metaspace: 72716K->72716K(1116160K)
[181.350s][info][gc             ] GC(1341) Pause Young (Normal) (G1 Evacuation Pause) 325M->66M(434M) 3.345ms
[181.350s][info][gc,cpu         ] GC(1341) User=0.00s Sys=0.00s Real=0.01s
[181.471s][info][gc,start       ] GC(1342) Pause Young (Normal) (G1 Evacuation Pause)
[181.471s][info][gc,task        ] GC(1342) Using 1 workers of 1 for evacuation
[181.474s][info][gc,phases      ] GC(1342)   Pre Evacuate Collection Set: 0.0ms
[181.474s][info][gc,phases      ] GC(1342)   Evacuate Collection Set: 2.7ms
[181.474s][info][gc,phases      ] GC(1342)   Post Evacuate Collection Set: 0.4ms
[181.474s][info][gc,phases      ] GC(1342)   Other: 0.3ms
[181.474s][info][gc,heap        ] GC(1342) Eden regions: 259->0(259)
[181.474s][info][gc,heap        ] GC(1342) Survivor regions: 1->1(33)
[181.474s][info][gc,heap        ] GC(1342) Old regions: 62->62
[181.474s][info][gc,heap        ] GC(1342) Humongous regions: 6->6
[181.474s][info][gc,metaspace   ] GC(1342) Metaspace: 72716K->72716K(1116160K)
[181.474s][info][gc             ] GC(1342) Pause Young (Normal) (G1 Evacuation Pause) 325M->66M(434M) 3.392ms
[181.474s][info][gc,cpu         ] GC(1342) User=0.01s Sys=0.00s Real=0.00s
[181.593s][info][gc,start       ] GC(1343) Pause Young (Normal) (G1 Evacuation Pause)
[181.593s][info][gc,task        ] GC(1343) Using 1 workers of 1 for evacuation
[181.597s][info][gc,phases      ] GC(1343)   Pre Evacuate Collection Set: 0.0ms
[181.597s][info][gc,phases      ] GC(1343)   Evacuate Collection Set: 2.7ms
[181.597s][info][gc,phases      ] GC(1343)   Post Evacuate Collection Set: 0.4ms
[181.597s][info][gc,phases      ] GC(1343)   Other: 0.3ms
[181.597s][info][gc,heap        ] GC(1343) Eden regions: 259->0(259)
[181.597s][info][gc,heap        ] GC(1343) Survivor regions: 1->1(33)
[181.597s][info][gc,heap        ] GC(1343) Old regions: 62->62
[181.597s][info][gc,heap        ] GC(1343) Humongous regions: 6->6
[181.597s][info][gc,metaspace   ] GC(1343) Metaspace: 72716K->72716K(1116160K)
[181.597s][info][gc             ] GC(1343) Pause Young (Normal) (G1 Evacuation Pause) 325M->66M(434M) 3.430ms
[181.597s][info][gc,cpu         ] GC(1343) User=0.00s Sys=0.01s Real=0.00s
[181.721s][info][gc,start       ] GC(1344) Pause Young (Normal) (G1 Evacuation Pause)
[181.721s][info][gc,task        ] GC(1344) Using 1 workers of 1 for evacuation
[181.725s][info][gc,phases      ] GC(1344)   Pre Evacuate Collection Set: 0.0ms
[181.725s][info][gc,phases      ] GC(1344)   Evacuate Collection Set: 2.7ms
[181.725s][info][gc,phases      ] GC(1344)   Post Evacuate Collection Set: 0.4ms
[181.725s][info][gc,phases      ] GC(1344)   Other: 0.3ms
[181.725s][info][gc,heap        ] GC(1344) Eden regions: 259->0(259)
[181.725s][info][gc,heap        ] GC(1344) Survivor regions: 1->1(33)
[181.725s][info][gc,heap        ] GC(1344) Old regions: 62->62
[181.725s][info][gc,heap        ] GC(1344) Humongous regions: 6->6
[181.725s][info][gc,metaspace   ] GC(1344) Metaspace: 72716K->72716K(1116160K)
[181.725s][info][gc             ] GC(1344) Pause Young (Normal) (G1 Evacuation Pause) 325M->67M(434M) 3.467ms
[181.725s][info][gc,cpu         ] GC(1344) User=0.00s Sys=0.00s Real=0.00s
[181.864s][info][gc,start       ] GC(1345) Pause Young (Normal) (G1 Evacuation Pause)
[181.864s][info][gc,task        ] GC(1345) Using 1 workers of 1 for evacuation
[181.867s][info][gc,phases      ] GC(1345)   Pre Evacuate Collection Set: 0.0ms
[181.867s][info][gc,phases      ] GC(1345)   Evacuate Collection Set: 2.9ms
[181.867s][info][gc,phases      ] GC(1345)   Post Evacuate Collection Set: 0.4ms
[181.867s][info][gc,phases      ] GC(1345)   Other: 0.4ms
[181.867s][info][gc,heap        ] GC(1345) Eden regions: 259->0(259)
[181.867s][info][gc,heap        ] GC(1345) Survivor regions: 1->1(33)
[181.867s][info][gc,heap        ] GC(1345) Old regions: 62->62
[181.867s][info][gc,heap        ] GC(1345) Humongous regions: 11->6
[181.867s][info][gc,metaspace   ] GC(1345) Metaspace: 72718K->72718K(1116160K)
[181.867s][info][gc             ] GC(1345) Pause Young (Normal) (G1 Evacuation Pause) 331M->67M(434M) 3.725ms
[181.867s][info][gc,cpu         ] GC(1345) User=0.00s Sys=0.00s Real=0.00s
[181.987s][info][gc,start       ] GC(1346) Pause Young (Normal) (G1 Evacuation Pause)
[181.987s][info][gc,task        ] GC(1346) Using 1 workers of 1 for evacuation
[181.990s][info][gc,phases      ] GC(1346)   Pre Evacuate Collection Set: 0.0ms
[181.990s][info][gc,phases      ] GC(1346)   Evacuate Collection Set: 2.7ms
[181.990s][info][gc,phases      ] GC(1346)   Post Evacuate Collection Set: 0.4ms
[181.990s][info][gc,phases      ] GC(1346)   Other: 0.3ms
[181.990s][info][gc,heap        ] GC(1346) Eden regions: 259->0(259)
[181.990s][info][gc,heap        ] GC(1346) Survivor regions: 1->1(33)
[181.990s][info][gc,heap        ] GC(1346) Old regions: 62->62
[181.990s][info][gc,heap        ] GC(1346) Humongous regions: 6->6
[181.990s][info][gc,metaspace   ] GC(1346) Metaspace: 72718K->72718K(1116160K)
[181.990s][info][gc             ] GC(1346) Pause Young (Normal) (G1 Evacuation Pause) 326M->67M(434M) 3.542ms
[181.991s][info][gc,cpu         ] GC(1346) User=0.00s Sys=0.00s Real=0.01s
[182.109s][info][gc,start       ] GC(1347) Pause Young (Normal) (G1 Evacuation Pause)
[182.109s][info][gc,task        ] GC(1347) Using 1 workers of 1 for evacuation
[182.113s][info][gc,phases      ] GC(1347)   Pre Evacuate Collection Set: 0.0ms
[182.113s][info][gc,phases      ] GC(1347)   Evacuate Collection Set: 3.0ms
[182.113s][info][gc,phases      ] GC(1347)   Post Evacuate Collection Set: 0.3ms
[182.113s][info][gc,phases      ] GC(1347)   Other: 0.4ms
[182.113s][info][gc,heap        ] GC(1347) Eden regions: 259->0(259)
[182.113s][info][gc,heap        ] GC(1347) Survivor regions: 1->1(33)
[182.113s][info][gc,heap        ] GC(1347) Old regions: 62->62
[182.113s][info][gc,heap        ] GC(1347) Humongous regions: 6->6
[182.113s][info][gc,metaspace   ] GC(1347) Metaspace: 72718K->72718K(1116160K)
[182.113s][info][gc             ] GC(1347) Pause Young (Normal) (G1 Evacuation Pause) 326M->67M(434M) 3.865ms
[182.113s][info][gc,cpu         ] GC(1347) User=0.00s Sys=0.00s Real=0.01s
[182.232s][info][gc,start       ] GC(1348) Pause Young (Normal) (G1 Evacuation Pause)
[182.233s][info][gc,task        ] GC(1348) Using 1 workers of 1 for evacuation
[182.236s][info][gc,phases      ] GC(1348)   Pre Evacuate Collection Set: 0.0ms
[182.236s][info][gc,phases      ] GC(1348)   Evacuate Collection Set: 2.8ms
[182.236s][info][gc,phases      ] GC(1348)   Post Evacuate Collection Set: 0.4ms
[182.236s][info][gc,phases      ] GC(1348)   Other: 0.3ms
[182.236s][info][gc,heap        ] GC(1348) Eden regions: 259->0(259)
[182.236s][info][gc,heap        ] GC(1348) Survivor regions: 1->1(33)
[182.236s][info][gc,heap        ] GC(1348) Old regions: 62->62
[182.236s][info][gc,heap        ] GC(1348) Humongous regions: 6->6
[182.236s][info][gc,metaspace   ] GC(1348) Metaspace: 72718K->72718K(1116160K)
[182.236s][info][gc             ] GC(1348) Pause Young (Normal) (G1 Evacuation Pause) 326M->67M(434M) 3.509ms
[182.236s][info][gc,cpu         ] GC(1348) User=0.01s Sys=0.00s Real=0.00s
[182.363s][info][gc,start       ] GC(1349) Pause Young (Normal) (G1 Evacuation Pause)
[182.363s][info][gc,task        ] GC(1349) Using 1 workers of 1 for evacuation
[182.366s][info][gc,phases      ] GC(1349)   Pre Evacuate Collection Set: 0.0ms
[182.366s][info][gc,phases      ] GC(1349)   Evacuate Collection Set: 2.7ms
[182.366s][info][gc,phases      ] GC(1349)   Post Evacuate Collection Set: 0.4ms
[182.366s][info][gc,phases      ] GC(1349)   Other: 0.3ms
[182.366s][info][gc,heap        ] GC(1349) Eden regions: 259->0(259)
[182.366s][info][gc,heap        ] GC(1349) Survivor regions: 1->1(33)
[182.366s][info][gc,heap        ] GC(1349) Old regions: 62->62
[182.366s][info][gc,heap        ] GC(1349) Humongous regions: 6->6
[182.366s][info][gc,metaspace   ] GC(1349) Metaspace: 72718K->72718K(1116160K)
[182.366s][info][gc             ] GC(1349) Pause Young (Normal) (G1 Evacuation Pause) 326M->67M(434M) 3.429ms
[182.366s][info][gc,cpu         ] GC(1349) User=0.01s Sys=0.00s Real=0.00s
[182.485s][info][gc,start       ] GC(1350) Pause Young (Normal) (G1 Evacuation Pause)
[182.485s][info][gc,task        ] GC(1350) Using 1 workers of 1 for evacuation
[182.488s][info][gc,phases      ] GC(1350)   Pre Evacuate Collection Set: 0.0ms
[182.488s][info][gc,phases      ] GC(1350)   Evacuate Collection Set: 2.6ms
[182.488s][info][gc,phases      ] GC(1350)   Post Evacuate Collection Set: 0.3ms
[182.488s][info][gc,phases      ] GC(1350)   Other: 0.3ms
[182.488s][info][gc,heap        ] GC(1350) Eden regions: 259->0(259)
[182.488s][info][gc,heap        ] GC(1350) Survivor regions: 1->1(33)
[182.488s][info][gc,heap        ] GC(1350) Old regions: 62->62
[182.488s][info][gc,heap        ] GC(1350) Humongous regions: 6->6
[182.488s][info][gc,metaspace   ] GC(1350) Metaspace: 72718K->72718K(1116160K)
[182.488s][info][gc             ] GC(1350) Pause Young (Normal) (G1 Evacuation Pause) 326M->67M(434M) 3.299ms
[182.488s][info][gc,cpu         ] GC(1350) User=0.00s Sys=0.00s Real=0.00s
[182.628s][info][gc,start       ] GC(1351) Pause Young (Normal) (G1 Evacuation Pause)
[182.628s][info][gc,task        ] GC(1351) Using 1 workers of 1 for evacuation
[182.631s][info][gc,phases      ] GC(1351)   Pre Evacuate Collection Set: 0.0ms
[182.631s][info][gc,phases      ] GC(1351)   Evacuate Collection Set: 2.7ms
[182.631s][info][gc,phases      ] GC(1351)   Post Evacuate Collection Set: 0.4ms
[182.631s][info][gc,phases      ] GC(1351)   Other: 0.4ms
[182.631s][info][gc,heap        ] GC(1351) Eden regions: 259->0(259)
[182.631s][info][gc,heap        ] GC(1351) Survivor regions: 1->1(33)
[182.631s][info][gc,heap        ] GC(1351) Old regions: 62->62
[182.631s][info][gc,heap        ] GC(1351) Humongous regions: 11->6
[182.631s][info][gc,metaspace   ] GC(1351) Metaspace: 72720K->72720K(1116160K)
[182.631s][info][gc             ] GC(1351) Pause Young (Normal) (G1 Evacuation Pause) 331M->66M(434M) 3.487ms
[182.631s][info][gc,cpu         ] GC(1351) User=0.00s Sys=0.00s Real=0.01s
[182.761s][info][gc,start       ] GC(1352) Pause Young (Normal) (G1 Evacuation Pause)
[182.761s][info][gc,task        ] GC(1352) Using 1 workers of 1 for evacuation
[182.764s][info][gc,phases      ] GC(1352)   Pre Evacuate Collection Set: 0.0ms
[182.764s][info][gc,phases      ] GC(1352)   Evacuate Collection Set: 2.7ms
[182.764s][info][gc,phases      ] GC(1352)   Post Evacuate Collection Set: 0.4ms
[182.764s][info][gc,phases      ] GC(1352)   Other: 0.3ms
[182.764s][info][gc,heap        ] GC(1352) Eden regions: 259->0(259)
[182.764s][info][gc,heap        ] GC(1352) Survivor regions: 1->1(33)
[182.764s][info][gc,heap        ] GC(1352) Old regions: 62->62
[182.764s][info][gc,heap        ] GC(1352) Humongous regions: 6->6
[182.764s][info][gc,metaspace   ] GC(1352) Metaspace: 72720K->72720K(1116160K)
[182.764s][info][gc             ] GC(1352) Pause Young (Normal) (G1 Evacuation Pause) 325M->66M(434M) 3.386ms
[182.764s][info][gc,cpu         ] GC(1352) User=0.01s Sys=0.00s Real=0.00s
[182.883s][info][gc,start       ] GC(1353) Pause Young (Normal) (G1 Evacuation Pause)
[182.883s][info][gc,task        ] GC(1353) Using 1 workers of 1 for evacuation
[182.886s][info][gc,phases      ] GC(1353)   Pre Evacuate Collection Set: 0.0ms
[182.886s][info][gc,phases      ] GC(1353)   Evacuate Collection Set: 2.6ms
[182.886s][info][gc,phases      ] GC(1353)   Post Evacuate Collection Set: 0.4ms
[182.886s][info][gc,phases      ] GC(1353)   Other: 0.3ms
[182.886s][info][gc,heap        ] GC(1353) Eden regions: 259->0(259)
[182.886s][info][gc,heap        ] GC(1353) Survivor regions: 1->1(33)
[182.886s][info][gc,heap        ] GC(1353) Old regions: 62->62
[182.886s][info][gc,heap        ] GC(1353) Humongous regions: 6->6
[182.886s][info][gc,metaspace   ] GC(1353) Metaspace: 72720K->72720K(1116160K)
[182.886s][info][gc             ] GC(1353) Pause Young (Normal) (G1 Evacuation Pause) 325M->66M(434M) 3.361ms
[182.887s][info][gc,cpu         ] GC(1353) User=0.00s Sys=0.00s Real=0.00s
[183.006s][info][gc,start       ] GC(1354) Pause Young (Normal) (G1 Evacuation Pause)
[183.006s][info][gc,task        ] GC(1354) Using 1 workers of 1 for evacuation
[183.010s][info][gc,phases      ] GC(1354)   Pre Evacuate Collection Set: 0.0ms
[183.010s][info][gc,phases      ] GC(1354)   Evacuate Collection Set: 2.7ms
[183.010s][info][gc,phases      ] GC(1354)   Post Evacuate Collection Set: 0.4ms
[183.010s][info][gc,phases      ] GC(1354)   Other: 0.4ms
[183.010s][info][gc,heap        ] GC(1354) Eden regions: 259->0(259)
[183.010s][info][gc,heap        ] GC(1354) Survivor regions: 1->1(33)
[183.010s][info][gc,heap        ] GC(1354) Old regions: 62->62
[183.010s][info][gc,heap        ] GC(1354) Humongous regions: 6->6
[183.010s][info][gc,metaspace   ] GC(1354) Metaspace: 72720K->72720K(1116160K)
[183.010s][info][gc             ] GC(1354) Pause Young (Normal) (G1 Evacuation Pause) 325M->66M(434M) 3.554ms
[183.010s][info][gc,cpu         ] GC(1354) User=0.00s Sys=0.00s Real=0.01s
[183.131s][info][gc,start       ] GC(1355) Pause Young (Normal) (G1 Evacuation Pause)
[183.131s][info][gc,task        ] GC(1355) Using 1 workers of 1 for evacuation
[183.135s][info][gc,phases      ] GC(1355)   Pre Evacuate Collection Set: 0.0ms
[183.135s][info][gc,phases      ] GC(1355)   Evacuate Collection Set: 2.7ms
[183.135s][info][gc,phases      ] GC(1355)   Post Evacuate Collection Set: 0.4ms
[183.135s][info][gc,phases      ] GC(1355)   Other: 0.3ms
[183.135s][info][gc,heap        ] GC(1355) Eden regions: 259->0(259)
[183.135s][info][gc,heap        ] GC(1355) Survivor regions: 1->1(33)
[183.135s][info][gc,heap        ] GC(1355) Old regions: 62->62
[183.135s][info][gc,heap        ] GC(1355) Humongous regions: 6->6
[183.135s][info][gc,metaspace   ] GC(1355) Metaspace: 72720K->72720K(1116160K)
[183.135s][info][gc             ] GC(1355) Pause Young (Normal) (G1 Evacuation Pause) 325M->67M(434M) 3.534ms
[183.135s][info][gc,cpu         ] GC(1355) User=0.01s Sys=0.00s Real=0.00s
[183.294s][info][gc,start       ] GC(1356) Pause Young (Normal) (G1 Evacuation Pause)
[183.294s][info][gc,task        ] GC(1356) Using 1 workers of 1 for evacuation
[183.298s][info][gc,phases      ] GC(1356)   Pre Evacuate Collection Set: 0.0ms
[183.298s][info][gc,phases      ] GC(1356)   Evacuate Collection Set: 2.9ms
[183.298s][info][gc,phases      ] GC(1356)   Post Evacuate Collection Set: 0.4ms
[183.298s][info][gc,phases      ] GC(1356)   Other: 0.3ms
[183.298s][info][gc,heap        ] GC(1356) Eden regions: 259->0(259)
[183.298s][info][gc,heap        ] GC(1356) Survivor regions: 1->1(33)
[183.298s][info][gc,heap        ] GC(1356) Old regions: 62->62
[183.298s][info][gc,heap        ] GC(1356) Humongous regions: 11->6
[183.298s][info][gc,metaspace   ] GC(1356) Metaspace: 72721K->72721K(1116160K)
[183.298s][info][gc             ] GC(1356) Pause Young (Normal) (G1 Evacuation Pause) 331M->67M(434M) 3.702ms
[183.298s][info][gc,cpu         ] GC(1356) User=0.00s Sys=0.00s Real=0.01s
[183.444s][info][gc,start       ] GC(1357) Pause Young (Normal) (G1 Evacuation Pause)
[183.444s][info][gc,task        ] GC(1357) Using 1 workers of 1 for evacuation
[183.448s][info][gc,phases      ] GC(1357)   Pre Evacuate Collection Set: 0.0ms
[183.448s][info][gc,phases      ] GC(1357)   Evacuate Collection Set: 2.9ms
[183.448s][info][gc,phases      ] GC(1357)   Post Evacuate Collection Set: 0.4ms
[183.448s][info][gc,phases      ] GC(1357)   Other: 0.4ms
[183.448s][info][gc,heap        ] GC(1357) Eden regions: 259->0(259)
[183.448s][info][gc,heap        ] GC(1357) Survivor regions: 1->1(33)
[183.448s][info][gc,heap        ] GC(1357) Old regions: 62->62
[183.448s][info][gc,heap        ] GC(1357) Humongous regions: 6->6
[183.448s][info][gc,metaspace   ] GC(1357) Metaspace: 72721K->72721K(1116160K)
[183.448s][info][gc             ] GC(1357) Pause Young (Normal) (G1 Evacuation Pause) 326M->67M(434M) 3.649ms
[183.448s][info][gc,cpu         ] GC(1357) User=0.00s Sys=0.00s Real=0.00s
[183.566s][info][gc,start       ] GC(1358) Pause Young (Normal) (G1 Evacuation Pause)
[183.566s][info][gc,task        ] GC(1358) Using 1 workers of 1 for evacuation
[183.570s][info][gc,phases      ] GC(1358)   Pre Evacuate Collection Set: 0.0ms
[183.570s][info][gc,phases      ] GC(1358)   Evacuate Collection Set: 2.8ms
[183.570s][info][gc,phases      ] GC(1358)   Post Evacuate Collection Set: 0.4ms
[183.570s][info][gc,phases      ] GC(1358)   Other: 0.3ms
[183.570s][info][gc,heap        ] GC(1358) Eden regions: 259->0(259)
[183.570s][info][gc,heap        ] GC(1358) Survivor regions: 1->1(33)
[183.570s][info][gc,heap        ] GC(1358) Old regions: 62->62
[183.570s][info][gc,heap        ] GC(1358) Humongous regions: 6->6
[183.570s][info][gc,metaspace   ] GC(1358) Metaspace: 72721K->72721K(1116160K)
[183.570s][info][gc             ] GC(1358) Pause Young (Normal) (G1 Evacuation Pause) 326M->67M(434M) 3.508ms
[183.570s][info][gc,cpu         ] GC(1358) User=0.00s Sys=0.00s Real=0.01s
[183.692s][info][gc,start       ] GC(1359) Pause Young (Normal) (G1 Evacuation Pause)
[183.692s][info][gc,task        ] GC(1359) Using 1 workers of 1 for evacuation
[183.696s][info][gc,phases      ] GC(1359)   Pre Evacuate Collection Set: 0.0ms
[183.696s][info][gc,phases      ] GC(1359)   Evacuate Collection Set: 2.7ms
[183.696s][info][gc,phases      ] GC(1359)   Post Evacuate Collection Set: 0.4ms
[183.696s][info][gc,phases      ] GC(1359)   Other: 0.3ms
[183.696s][info][gc,heap        ] GC(1359) Eden regions: 259->0(259)
[183.696s][info][gc,heap        ] GC(1359) Survivor regions: 1->1(33)
[183.696s][info][gc,heap        ] GC(1359) Old regions: 62->62
[183.696s][info][gc,heap        ] GC(1359) Humongous regions: 6->6
[183.696s][info][gc,metaspace   ] GC(1359) Metaspace: 72721K->72721K(1116160K)
[183.696s][info][gc             ] GC(1359) Pause Young (Normal) (G1 Evacuation Pause) 326M->67M(434M) 3.507ms
[183.696s][info][gc,cpu         ] GC(1359) User=0.01s Sys=0.00s Real=0.00s
[183.821s][info][gc,start       ] GC(1360) Pause Young (Normal) (G1 Evacuation Pause)
[183.821s][info][gc,task        ] GC(1360) Using 1 workers of 1 for evacuation
[183.825s][info][gc,phases      ] GC(1360)   Pre Evacuate Collection Set: 0.0ms
[183.825s][info][gc,phases      ] GC(1360)   Evacuate Collection Set: 2.8ms
[183.825s][info][gc,phases      ] GC(1360)   Post Evacuate Collection Set: 0.4ms
[183.825s][info][gc,phases      ] GC(1360)   Other: 0.4ms
[183.825s][info][gc,heap        ] GC(1360) Eden regions: 259->0(259)
[183.825s][info][gc,heap        ] GC(1360) Survivor regions: 1->1(33)
[183.825s][info][gc,heap        ] GC(1360) Old regions: 62->62
[183.825s][info][gc,heap        ] GC(1360) Humongous regions: 6->6
[183.825s][info][gc,metaspace   ] GC(1360) Metaspace: 72721K->72721K(1116160K)
[183.825s][info][gc             ] GC(1360) Pause Young (Normal) (G1 Evacuation Pause) 326M->67M(434M) 3.641ms
[183.825s][info][gc,cpu         ] GC(1360) User=0.00s Sys=0.00s Real=0.00s
[183.943s][info][gc,start       ] GC(1361) Pause Young (Normal) (G1 Evacuation Pause)
[183.943s][info][gc,task        ] GC(1361) Using 1 workers of 1 for evacuation
[183.947s][info][gc,phases      ] GC(1361)   Pre Evacuate Collection Set: 0.0ms
[183.947s][info][gc,phases      ] GC(1361)   Evacuate Collection Set: 2.7ms
[183.947s][info][gc,phases      ] GC(1361)   Post Evacuate Collection Set: 0.4ms
[183.947s][info][gc,phases      ] GC(1361)   Other: 0.3ms
[183.947s][info][gc,heap        ] GC(1361) Eden regions: 259->0(259)
[183.947s][info][gc,heap        ] GC(1361) Survivor regions: 1->1(33)
[183.947s][info][gc,heap        ] GC(1361) Old regions: 62->62
[183.947s][info][gc,heap        ] GC(1361) Humongous regions: 6->6
[183.947s][info][gc,metaspace   ] GC(1361) Metaspace: 72721K->72721K(1116160K)
[183.947s][info][gc             ] GC(1361) Pause Young (Normal) (G1 Evacuation Pause) 326M->67M(434M) 3.462ms
[183.947s][info][gc,cpu         ] GC(1361) User=0.01s Sys=0.00s Real=0.00s
[184.093s][info][gc,start       ] GC(1362) Pause Young (Normal) (G1 Evacuation Pause)
[184.093s][info][gc,task        ] GC(1362) Using 1 workers of 1 for evacuation
[184.096s][info][gc,phases      ] GC(1362)   Pre Evacuate Collection Set: 0.0ms
[184.096s][info][gc,phases      ] GC(1362)   Evacuate Collection Set: 2.9ms
[184.096s][info][gc,phases      ] GC(1362)   Post Evacuate Collection Set: 0.4ms
[184.096s][info][gc,phases      ] GC(1362)   Other: 0.3ms
[184.096s][info][gc,heap        ] GC(1362) Eden regions: 259->0(259)
[184.096s][info][gc,heap        ] GC(1362) Survivor regions: 1->1(33)
[184.096s][info][gc,heap        ] GC(1362) Old regions: 62->62
[184.096s][info][gc,heap        ] GC(1362) Humongous regions: 11->6
[184.096s][info][gc,metaspace   ] GC(1362) Metaspace: 72730K->72730K(1116160K)
[184.096s][info][gc             ] GC(1362) Pause Young (Normal) (G1 Evacuation Pause) 331M->66M(434M) 3.616ms
[184.097s][info][gc,cpu         ] GC(1362) User=0.01s Sys=0.00s Real=0.00s
[184.217s][info][gc,start       ] GC(1363) Pause Young (Normal) (G1 Evacuation Pause)
[184.218s][info][gc,task        ] GC(1363) Using 1 workers of 1 for evacuation
[184.221s][info][gc,phases      ] GC(1363)   Pre Evacuate Collection Set: 0.0ms
[184.221s][info][gc,phases      ] GC(1363)   Evacuate Collection Set: 2.6ms
[184.221s][info][gc,phases      ] GC(1363)   Post Evacuate Collection Set: 0.4ms
[184.221s][info][gc,phases      ] GC(1363)   Other: 0.3ms
[184.221s][info][gc,heap        ] GC(1363) Eden regions: 259->0(259)
[184.221s][info][gc,heap        ] GC(1363) Survivor regions: 1->1(33)
[184.221s][info][gc,heap        ] GC(1363) Old regions: 62->62
[184.221s][info][gc,heap        ] GC(1363) Humongous regions: 6->6
[184.221s][info][gc,metaspace   ] GC(1363) Metaspace: 72730K->72730K(1116160K)
[184.221s][info][gc             ] GC(1363) Pause Young (Normal) (G1 Evacuation Pause) 325M->66M(434M) 3.367ms
[184.221s][info][gc,cpu         ] GC(1363) User=0.00s Sys=0.00s Real=0.01s
[184.340s][info][gc,start       ] GC(1364) Pause Young (Normal) (G1 Evacuation Pause)
[184.340s][info][gc,task        ] GC(1364) Using 1 workers of 1 for evacuation
[184.343s][info][gc,phases      ] GC(1364)   Pre Evacuate Collection Set: 0.0ms
[184.343s][info][gc,phases      ] GC(1364)   Evacuate Collection Set: 2.6ms
[184.343s][info][gc,phases      ] GC(1364)   Post Evacuate Collection Set: 0.4ms
[184.343s][info][gc,phases      ] GC(1364)   Other: 0.4ms
[184.343s][info][gc,heap        ] GC(1364) Eden regions: 259->0(259)
[184.343s][info][gc,heap        ] GC(1364) Survivor regions: 1->1(33)
[184.343s][info][gc,heap        ] GC(1364) Old regions: 62->62
[184.343s][info][gc,heap        ] GC(1364) Humongous regions: 6->6
[184.343s][info][gc,metaspace   ] GC(1364) Metaspace: 72730K->72730K(1116160K)
[184.343s][info][gc             ] GC(1364) Pause Young (Normal) (G1 Evacuation Pause) 325M->66M(434M) 3.432ms
[184.343s][info][gc,cpu         ] GC(1364) User=0.00s Sys=0.00s Real=0.00s
[184.467s][info][gc,start       ] GC(1365) Pause Young (Normal) (G1 Evacuation Pause)
[184.467s][info][gc,task        ] GC(1365) Using 1 workers of 1 for evacuation
[184.471s][info][gc,phases      ] GC(1365)   Pre Evacuate Collection Set: 0.0ms
[184.471s][info][gc,phases      ] GC(1365)   Evacuate Collection Set: 4.1ms
[184.471s][info][gc,phases      ] GC(1365)   Post Evacuate Collection Set: 0.4ms
[184.471s][info][gc,phases      ] GC(1365)   Other: 0.3ms
[184.471s][info][gc,heap        ] GC(1365) Eden regions: 259->0(259)
[184.471s][info][gc,heap        ] GC(1365) Survivor regions: 1->1(33)
[184.471s][info][gc,heap        ] GC(1365) Old regions: 62->62
[184.471s][info][gc,heap        ] GC(1365) Humongous regions: 6->6
[184.471s][info][gc,metaspace   ] GC(1365) Metaspace: 72730K->72730K(1116160K)
[184.471s][info][gc             ] GC(1365) Pause Young (Normal) (G1 Evacuation Pause) 325M->67M(434M) 4.891ms
[184.472s][info][gc,cpu         ] GC(1365) User=0.01s Sys=0.00s Real=0.01s
[184.590s][info][gc,start       ] GC(1366) Pause Young (Normal) (G1 Evacuation Pause)
[184.591s][info][gc,task        ] GC(1366) Using 1 workers of 1 for evacuation
[184.594s][info][gc,phases      ] GC(1366)   Pre Evacuate Collection Set: 0.0ms
[184.594s][info][gc,phases      ] GC(1366)   Evacuate Collection Set: 2.8ms
[184.594s][info][gc,phases      ] GC(1366)   Post Evacuate Collection Set: 0.3ms
[184.594s][info][gc,phases      ] GC(1366)   Other: 0.4ms
[184.594s][info][gc,heap        ] GC(1366) Eden regions: 259->0(259)
[184.594s][info][gc,heap        ] GC(1366) Survivor regions: 1->1(33)
[184.594s][info][gc,heap        ] GC(1366) Old regions: 62->62
[184.594s][info][gc,heap        ] GC(1366) Humongous regions: 6->6
[184.594s][info][gc,metaspace   ] GC(1366) Metaspace: 72730K->72730K(1116160K)
[184.594s][info][gc             ] GC(1366) Pause Young (Normal) (G1 Evacuation Pause) 326M->67M(434M) 3.551ms
[184.594s][info][gc,cpu         ] GC(1366) User=0.00s Sys=0.00s Real=0.00s
[184.725s][info][gc,start       ] GC(1367) Pause Young (Normal) (G1 Evacuation Pause)
[184.725s][info][gc,task        ] GC(1367) Using 1 workers of 1 for evacuation
[184.729s][info][gc,phases      ] GC(1367)   Pre Evacuate Collection Set: 0.0ms
[184.729s][info][gc,phases      ] GC(1367)   Evacuate Collection Set: 2.8ms
[184.729s][info][gc,phases      ] GC(1367)   Post Evacuate Collection Set: 0.4ms
[184.729s][info][gc,phases      ] GC(1367)   Other: 0.3ms
[184.729s][info][gc,heap        ] GC(1367) Eden regions: 259->0(259)
[184.729s][info][gc,heap        ] GC(1367) Survivor regions: 1->1(33)
[184.729s][info][gc,heap        ] GC(1367) Old regions: 62->62
[184.729s][info][gc,heap        ] GC(1367) Humongous regions: 6->6
[184.729s][info][gc,metaspace   ] GC(1367) Metaspace: 72730K->72730K(1116160K)
[184.729s][info][gc             ] GC(1367) Pause Young (Normal) (G1 Evacuation Pause) 326M->67M(434M) 3.596ms
[184.729s][info][gc,cpu         ] GC(1367) User=0.01s Sys=0.00s Real=0.00s
[184.913s][info][gc,start       ] GC(1368) Pause Young (Normal) (G1 Evacuation Pause)
[184.913s][info][gc,task        ] GC(1368) Using 1 workers of 1 for evacuation
[184.917s][info][gc,phases      ] GC(1368)   Pre Evacuate Collection Set: 0.0ms
[184.917s][info][gc,phases      ] GC(1368)   Evacuate Collection Set: 3.1ms
[184.917s][info][gc,phases      ] GC(1368)   Post Evacuate Collection Set: 0.4ms
[184.917s][info][gc,phases      ] GC(1368)   Other: 0.4ms
[184.917s][info][gc,heap        ] GC(1368) Eden regions: 259->0(259)
[184.917s][info][gc,heap        ] GC(1368) Survivor regions: 1->1(33)
[184.917s][info][gc,heap        ] GC(1368) Old regions: 62->62
[184.917s][info][gc,heap        ] GC(1368) Humongous regions: 11->6
[184.917s][info][gc,metaspace   ] GC(1368) Metaspace: 72818K->72818K(1116160K)
[184.917s][info][gc             ] GC(1368) Pause Young (Normal) (G1 Evacuation Pause) 331M->67M(434M) 3.875ms
[184.917s][info][gc,cpu         ] GC(1368) User=0.00s Sys=0.00s Real=0.00s
[185.039s][info][gc,start       ] GC(1369) Pause Young (Normal) (G1 Evacuation Pause)
[185.039s][info][gc,task        ] GC(1369) Using 1 workers of 1 for evacuation
[185.043s][info][gc,phases      ] GC(1369)   Pre Evacuate Collection Set: 0.0ms
[185.043s][info][gc,phases      ] GC(1369)   Evacuate Collection Set: 2.9ms
[185.043s][info][gc,phases      ] GC(1369)   Post Evacuate Collection Set: 0.4ms
[185.043s][info][gc,phases      ] GC(1369)   Other: 0.3ms
[185.043s][info][gc,heap        ] GC(1369) Eden regions: 259->0(259)
[185.043s][info][gc,heap        ] GC(1369) Survivor regions: 1->1(33)
[185.043s][info][gc,heap        ] GC(1369) Old regions: 62->62
[185.043s][info][gc,heap        ] GC(1369) Humongous regions: 6->6
[185.043s][info][gc,metaspace   ] GC(1369) Metaspace: 72818K->72818K(1116160K)
[185.043s][info][gc             ] GC(1369) Pause Young (Normal) (G1 Evacuation Pause) 326M->67M(434M) 3.653ms
[185.043s][info][gc,cpu         ] GC(1369) User=0.00s Sys=0.00s Real=0.00s
[185.163s][info][gc,start       ] GC(1370) Pause Young (Normal) (G1 Evacuation Pause)
[185.163s][info][gc,task        ] GC(1370) Using 1 workers of 1 for evacuation
[185.166s][info][gc,phases      ] GC(1370)   Pre Evacuate Collection Set: 0.0ms
[185.166s][info][gc,phases      ] GC(1370)   Evacuate Collection Set: 2.8ms
[185.166s][info][gc,phases      ] GC(1370)   Post Evacuate Collection Set: 0.4ms
[185.166s][info][gc,phases      ] GC(1370)   Other: 0.3ms
[185.166s][info][gc,heap        ] GC(1370) Eden regions: 259->0(259)
[185.166s][info][gc,heap        ] GC(1370) Survivor regions: 1->1(33)
[185.166s][info][gc,heap        ] GC(1370) Old regions: 62->62
[185.166s][info][gc,heap        ] GC(1370) Humongous regions: 6->6
[185.166s][info][gc,metaspace   ] GC(1370) Metaspace: 72818K->72818K(1116160K)
[185.166s][info][gc             ] GC(1370) Pause Young (Normal) (G1 Evacuation Pause) 326M->67M(434M) 3.593ms
[185.167s][info][gc,cpu         ] GC(1370) User=0.00s Sys=0.00s Real=0.00s
[185.292s][info][gc,start       ] GC(1371) Pause Young (Normal) (G1 Evacuation Pause)
[185.292s][info][gc,task        ] GC(1371) Using 1 workers of 1 for evacuation
[185.301s][info][gc,phases      ] GC(1371)   Pre Evacuate Collection Set: 0.0ms
[185.301s][info][gc,phases      ] GC(1371)   Evacuate Collection Set: 6.0ms
[185.301s][info][gc,phases      ] GC(1371)   Post Evacuate Collection Set: 2.9ms
[185.301s][info][gc,phases      ] GC(1371)   Other: 0.3ms
[185.301s][info][gc,heap        ] GC(1371) Eden regions: 259->0(259)
[185.301s][info][gc,heap        ] GC(1371) Survivor regions: 1->1(33)
[185.301s][info][gc,heap        ] GC(1371) Old regions: 62->62
[185.301s][info][gc,heap        ] GC(1371) Humongous regions: 6->6
[185.301s][info][gc,metaspace   ] GC(1371) Metaspace: 72818K->72818K(1116160K)
[185.301s][info][gc             ] GC(1371) Pause Young (Normal) (G1 Evacuation Pause) 326M->67M(434M) 9.264ms
[185.301s][info][gc,cpu         ] GC(1371) User=0.00s Sys=0.00s Real=0.01s
[185.433s][info][gc,start       ] GC(1372) Pause Young (Normal) (G1 Evacuation Pause)
[185.434s][info][gc,task        ] GC(1372) Using 1 workers of 1 for evacuation
[185.437s][info][gc,phases      ] GC(1372)   Pre Evacuate Collection Set: 0.0ms
[185.437s][info][gc,phases      ] GC(1372)   Evacuate Collection Set: 2.8ms
[185.437s][info][gc,phases      ] GC(1372)   Post Evacuate Collection Set: 0.4ms
[185.437s][info][gc,phases      ] GC(1372)   Other: 0.4ms
[185.437s][info][gc,heap        ] GC(1372) Eden regions: 259->0(259)
[185.437s][info][gc,heap        ] GC(1372) Survivor regions: 1->1(33)
[185.437s][info][gc,heap        ] GC(1372) Old regions: 62->62
[185.437s][info][gc,heap        ] GC(1372) Humongous regions: 6->6
[185.437s][info][gc,metaspace   ] GC(1372) Metaspace: 72818K->72818K(1116160K)
[185.437s][info][gc             ] GC(1372) Pause Young (Normal) (G1 Evacuation Pause) 326M->67M(434M) 3.522ms
[185.437s][info][gc,cpu         ] GC(1372) User=0.01s Sys=0.00s Real=0.00s
[185.556s][info][gc,start       ] GC(1373) Pause Young (Normal) (G1 Evacuation Pause)
[185.556s][info][gc,task        ] GC(1373) Using 1 workers of 1 for evacuation
[185.559s][info][gc,phases      ] GC(1373)   Pre Evacuate Collection Set: 0.0ms
[185.559s][info][gc,phases      ] GC(1373)   Evacuate Collection Set: 2.7ms
[185.559s][info][gc,phases      ] GC(1373)   Post Evacuate Collection Set: 0.3ms
[185.559s][info][gc,phases      ] GC(1373)   Other: 0.3ms
[185.559s][info][gc,heap        ] GC(1373) Eden regions: 259->0(259)
[185.559s][info][gc,heap        ] GC(1373) Survivor regions: 1->1(33)
[185.559s][info][gc,heap        ] GC(1373) Old regions: 62->62
[185.559s][info][gc,heap        ] GC(1373) Humongous regions: 6->6
[185.559s][info][gc,metaspace   ] GC(1373) Metaspace: 72818K->72818K(1116160K)
[185.559s][info][gc             ] GC(1373) Pause Young (Normal) (G1 Evacuation Pause) 326M->67M(434M) 3.425ms
[185.559s][info][gc,cpu         ] GC(1373) User=0.00s Sys=0.00s Real=0.01s
[185.707s][info][gc,start       ] GC(1374) Pause Young (Normal) (G1 Evacuation Pause)
[185.707s][info][gc,task        ] GC(1374) Using 1 workers of 1 for evacuation
[185.710s][info][gc,phases      ] GC(1374)   Pre Evacuate Collection Set: 0.0ms
[185.710s][info][gc,phases      ] GC(1374)   Evacuate Collection Set: 2.8ms
[185.710s][info][gc,phases      ] GC(1374)   Post Evacuate Collection Set: 0.4ms
[185.710s][info][gc,phases      ] GC(1374)   Other: 0.3ms
[185.710s][info][gc,heap        ] GC(1374) Eden regions: 259->0(259)
[185.710s][info][gc,heap        ] GC(1374) Survivor regions: 1->1(33)
[185.710s][info][gc,heap        ] GC(1374) Old regions: 62->62
[185.710s][info][gc,heap        ] GC(1374) Humongous regions: 11->6
[185.710s][info][gc,metaspace   ] GC(1374) Metaspace: 72838K->72838K(1116160K)
[185.710s][info][gc             ] GC(1374) Pause Young (Normal) (G1 Evacuation Pause) 331M->67M(434M) 3.538ms
[185.710s][info][gc,cpu         ] GC(1374) User=0.00s Sys=0.00s Real=0.01s
[185.842s][info][gc,start       ] GC(1375) Pause Young (Normal) (G1 Evacuation Pause)
[185.842s][info][gc,task        ] GC(1375) Using 1 workers of 1 for evacuation
[185.845s][info][gc,phases      ] GC(1375)   Pre Evacuate Collection Set: 0.0ms
[185.845s][info][gc,phases      ] GC(1375)   Evacuate Collection Set: 2.5ms
[185.845s][info][gc,phases      ] GC(1375)   Post Evacuate Collection Set: 0.4ms
[185.845s][info][gc,phases      ] GC(1375)   Other: 0.4ms
[185.845s][info][gc,heap        ] GC(1375) Eden regions: 259->0(259)
[185.845s][info][gc,heap        ] GC(1375) Survivor regions: 1->1(33)
[185.845s][info][gc,heap        ] GC(1375) Old regions: 62->62
[185.845s][info][gc,heap        ] GC(1375) Humongous regions: 6->6
[185.845s][info][gc,metaspace   ] GC(1375) Metaspace: 72838K->72838K(1116160K)
[185.845s][info][gc             ] GC(1375) Pause Young (Normal) (G1 Evacuation Pause) 326M->67M(434M) 3.349ms
[185.846s][info][gc,cpu         ] GC(1375) User=0.00s Sys=0.00s Real=0.00s
[185.967s][info][gc,start       ] GC(1376) Pause Young (Normal) (G1 Evacuation Pause)
[185.967s][info][gc,task        ] GC(1376) Using 1 workers of 1 for evacuation
[185.971s][info][gc,phases      ] GC(1376)   Pre Evacuate Collection Set: 0.0ms
[185.971s][info][gc,phases      ] GC(1376)   Evacuate Collection Set: 3.4ms
[185.971s][info][gc,phases      ] GC(1376)   Post Evacuate Collection Set: 0.4ms
[185.971s][info][gc,phases      ] GC(1376)   Other: 0.6ms
[185.971s][info][gc,heap        ] GC(1376) Eden regions: 259->0(259)
[185.971s][info][gc,heap        ] GC(1376) Survivor regions: 1->1(33)
[185.971s][info][gc,heap        ] GC(1376) Old regions: 62->62
[185.971s][info][gc,heap        ] GC(1376) Humongous regions: 6->6
[185.971s][info][gc,metaspace   ] GC(1376) Metaspace: 72838K->72838K(1116160K)
[185.971s][info][gc             ] GC(1376) Pause Young (Normal) (G1 Evacuation Pause) 326M->67M(434M) 4.463ms
[185.971s][info][gc,cpu         ] GC(1376) User=0.00s Sys=0.00s Real=0.01s
[186.091s][info][gc,start       ] GC(1377) Pause Young (Normal) (G1 Evacuation Pause)
[186.091s][info][gc,task        ] GC(1377) Using 1 workers of 1 for evacuation
[186.095s][info][gc,phases      ] GC(1377)   Pre Evacuate Collection Set: 0.0ms
[186.095s][info][gc,phases      ] GC(1377)   Evacuate Collection Set: 2.7ms
[186.095s][info][gc,phases      ] GC(1377)   Post Evacuate Collection Set: 0.4ms
[186.095s][info][gc,phases      ] GC(1377)   Other: 0.3ms
[186.095s][info][gc,heap        ] GC(1377) Eden regions: 259->0(259)
[186.095s][info][gc,heap        ] GC(1377) Survivor regions: 1->1(33)
[186.095s][info][gc,heap        ] GC(1377) Old regions: 62->62
[186.095s][info][gc,heap        ] GC(1377) Humongous regions: 6->6
[186.095s][info][gc,metaspace   ] GC(1377) Metaspace: 72838K->72838K(1116160K)
[186.095s][info][gc             ] GC(1377) Pause Young (Normal) (G1 Evacuation Pause) 326M->67M(434M) 3.433ms
[186.095s][info][gc,cpu         ] GC(1377) User=0.00s Sys=0.00s Real=0.00s
[186.216s][info][gc,start       ] GC(1378) Pause Young (Normal) (G1 Evacuation Pause)
[186.216s][info][gc,task        ] GC(1378) Using 1 workers of 1 for evacuation
[186.219s][info][gc,phases      ] GC(1378)   Pre Evacuate Collection Set: 0.0ms
[186.219s][info][gc,phases      ] GC(1378)   Evacuate Collection Set: 2.8ms
[186.219s][info][gc,phases      ] GC(1378)   Post Evacuate Collection Set: 0.4ms
[186.219s][info][gc,phases      ] GC(1378)   Other: 0.4ms
[186.219s][info][gc,heap        ] GC(1378) Eden regions: 259->0(259)
[186.219s][info][gc,heap        ] GC(1378) Survivor regions: 1->1(33)
[186.219s][info][gc,heap        ] GC(1378) Old regions: 62->62
[186.219s][info][gc,heap        ] GC(1378) Humongous regions: 6->6
[186.219s][info][gc,metaspace   ] GC(1378) Metaspace: 72838K->72838K(1116160K)
[186.219s][info][gc             ] GC(1378) Pause Young (Normal) (G1 Evacuation Pause) 326M->67M(434M) 3.620ms
[186.219s][info][gc,cpu         ] GC(1378) User=0.01s Sys=0.00s Real=0.01s
[186.364s][info][gc,start       ] GC(1379) Pause Young (Normal) (G1 Evacuation Pause)
[186.364s][info][gc,task        ] GC(1379) Using 1 workers of 1 for evacuation
[186.368s][info][gc,phases      ] GC(1379)   Pre Evacuate Collection Set: 0.0ms
[186.368s][info][gc,phases      ] GC(1379)   Evacuate Collection Set: 3.1ms
[186.368s][info][gc,phases      ] GC(1379)   Post Evacuate Collection Set: 0.4ms
[186.368s][info][gc,phases      ] GC(1379)   Other: 0.3ms
[186.368s][info][gc,heap        ] GC(1379) Eden regions: 259->0(259)
[186.368s][info][gc,heap        ] GC(1379) Survivor regions: 1->1(33)
[186.368s][info][gc,heap        ] GC(1379) Old regions: 62->62
[186.368s][info][gc,heap        ] GC(1379) Humongous regions: 11->6
[186.368s][info][gc,metaspace   ] GC(1379) Metaspace: 72841K->72841K(1116160K)
[186.368s][info][gc             ] GC(1379) Pause Young (Normal) (G1 Evacuation Pause) 331M->67M(434M) 3.872ms
[186.368s][info][gc,cpu         ] GC(1379) User=0.00s Sys=0.00s Real=0.00s
[186.502s][info][gc,start       ] GC(1380) Pause Young (Normal) (G1 Evacuation Pause)
[186.502s][info][gc,task        ] GC(1380) Using 1 workers of 1 for evacuation
[186.506s][info][gc,phases      ] GC(1380)   Pre Evacuate Collection Set: 0.0ms
[186.506s][info][gc,phases      ] GC(1380)   Evacuate Collection Set: 2.9ms
[186.506s][info][gc,phases      ] GC(1380)   Post Evacuate Collection Set: 0.4ms
[186.506s][info][gc,phases      ] GC(1380)   Other: 0.3ms
[186.506s][info][gc,heap        ] GC(1380) Eden regions: 259->0(259)
[186.506s][info][gc,heap        ] GC(1380) Survivor regions: 1->1(33)
[186.506s][info][gc,heap        ] GC(1380) Old regions: 62->62
[186.506s][info][gc,heap        ] GC(1380) Humongous regions: 6->6
[186.506s][info][gc,metaspace   ] GC(1380) Metaspace: 72841K->72841K(1116160K)
[186.506s][info][gc             ] GC(1380) Pause Young (Normal) (G1 Evacuation Pause) 326M->67M(434M) 3.625ms
[186.506s][info][gc,cpu         ] GC(1380) User=0.00s Sys=0.00s Real=0.00s
[186.639s][info][gc,start       ] GC(1381) Pause Young (Normal) (G1 Evacuation Pause)
[186.639s][info][gc,task        ] GC(1381) Using 1 workers of 1 for evacuation
[186.643s][info][gc,phases      ] GC(1381)   Pre Evacuate Collection Set: 0.0ms
[186.643s][info][gc,phases      ] GC(1381)   Evacuate Collection Set: 2.9ms
[186.643s][info][gc,phases      ] GC(1381)   Post Evacuate Collection Set: 0.4ms
[186.643s][info][gc,phases      ] GC(1381)   Other: 0.4ms
[186.643s][info][gc,heap        ] GC(1381) Eden regions: 259->0(259)
[186.643s][info][gc,heap        ] GC(1381) Survivor regions: 1->1(33)
[186.643s][info][gc,heap        ] GC(1381) Old regions: 62->62
[186.643s][info][gc,heap        ] GC(1381) Humongous regions: 6->6
[186.643s][info][gc,metaspace   ] GC(1381) Metaspace: 72846K->72846K(1116160K)
[186.643s][info][gc             ] GC(1381) Pause Young (Normal) (G1 Evacuation Pause) 326M->67M(434M) 3.702ms
[186.643s][info][gc,cpu         ] GC(1381) User=0.00s Sys=0.00s Real=0.00s
[186.767s][info][gc,start       ] GC(1382) Pause Young (Normal) (G1 Evacuation Pause)
[186.767s][info][gc,task        ] GC(1382) Using 1 workers of 1 for evacuation
[186.770s][info][gc,phases      ] GC(1382)   Pre Evacuate Collection Set: 0.0ms
[186.770s][info][gc,phases      ] GC(1382)   Evacuate Collection Set: 2.8ms
[186.770s][info][gc,phases      ] GC(1382)   Post Evacuate Collection Set: 0.4ms
[186.770s][info][gc,phases      ] GC(1382)   Other: 0.3ms
[186.770s][info][gc,heap        ] GC(1382) Eden regions: 259->0(259)
[186.770s][info][gc,heap        ] GC(1382) Survivor regions: 1->1(33)
[186.770s][info][gc,heap        ] GC(1382) Old regions: 62->62
[186.770s][info][gc,heap        ] GC(1382) Humongous regions: 6->6
[186.770s][info][gc,metaspace   ] GC(1382) Metaspace: 72846K->72846K(1116160K)
[186.770s][info][gc             ] GC(1382) Pause Young (Normal) (G1 Evacuation Pause) 326M->67M(434M) 3.597ms
[186.770s][info][gc,cpu         ] GC(1382) User=0.00s Sys=0.00s Real=0.01s
[186.889s][info][gc,start       ] GC(1383) Pause Young (Normal) (G1 Evacuation Pause)
[186.889s][info][gc,task        ] GC(1383) Using 1 workers of 1 for evacuation
[186.893s][info][gc,phases      ] GC(1383)   Pre Evacuate Collection Set: 0.0ms
[186.893s][info][gc,phases      ] GC(1383)   Evacuate Collection Set: 2.9ms
[186.893s][info][gc,phases      ] GC(1383)   Post Evacuate Collection Set: 0.4ms
[186.893s][info][gc,phases      ] GC(1383)   Other: 0.3ms
[186.893s][info][gc,heap        ] GC(1383) Eden regions: 259->0(259)
[186.893s][info][gc,heap        ] GC(1383) Survivor regions: 1->1(33)
[186.893s][info][gc,heap        ] GC(1383) Old regions: 62->62
[186.893s][info][gc,heap        ] GC(1383) Humongous regions: 6->6
[186.893s][info][gc,metaspace   ] GC(1383) Metaspace: 72846K->72846K(1116160K)
[186.893s][info][gc             ] GC(1383) Pause Young (Normal) (G1 Evacuation Pause) 326M->67M(434M) 3.665ms
[186.893s][info][gc,cpu         ] GC(1383) User=0.00s Sys=0.00s Real=0.01s
[187.015s][info][gc,start       ] GC(1384) Pause Young (Normal) (G1 Evacuation Pause)
[187.015s][info][gc,task        ] GC(1384) Using 1 workers of 1 for evacuation
[187.019s][info][gc,phases      ] GC(1384)   Pre Evacuate Collection Set: 0.1ms
[187.019s][info][gc,phases      ] GC(1384)   Evacuate Collection Set: 2.7ms
[187.019s][info][gc,phases      ] GC(1384)   Post Evacuate Collection Set: 0.4ms
[187.019s][info][gc,phases      ] GC(1384)   Other: 0.4ms
[187.019s][info][gc,heap        ] GC(1384) Eden regions: 259->0(259)
[187.019s][info][gc,heap        ] GC(1384) Survivor regions: 1->1(33)
[187.019s][info][gc,heap        ] GC(1384) Old regions: 62->62
[187.019s][info][gc,heap        ] GC(1384) Humongous regions: 6->6
[187.019s][info][gc,metaspace   ] GC(1384) Metaspace: 72846K->72846K(1116160K)
[187.019s][info][gc             ] GC(1384) Pause Young (Normal) (G1 Evacuation Pause) 326M->67M(434M) 3.625ms
[187.019s][info][gc,cpu         ] GC(1384) User=0.00s Sys=0.00s Real=0.01s
[187.159s][info][gc,start       ] GC(1385) Pause Young (Normal) (G1 Evacuation Pause)
[187.159s][info][gc,task        ] GC(1385) Using 1 workers of 1 for evacuation
[187.162s][info][gc,phases      ] GC(1385)   Pre Evacuate Collection Set: 0.0ms
[187.162s][info][gc,phases      ] GC(1385)   Evacuate Collection Set: 2.6ms
[187.162s][info][gc,phases      ] GC(1385)   Post Evacuate Collection Set: 0.4ms
[187.162s][info][gc,phases      ] GC(1385)   Other: 0.3ms
[187.162s][info][gc,heap        ] GC(1385) Eden regions: 259->0(259)
[187.162s][info][gc,heap        ] GC(1385) Survivor regions: 1->1(33)
[187.162s][info][gc,heap        ] GC(1385) Old regions: 62->62
[187.162s][info][gc,heap        ] GC(1385) Humongous regions: 11->6
[187.162s][info][gc,metaspace   ] GC(1385) Metaspace: 72872K->72872K(1116160K)
[187.162s][info][gc             ] GC(1385) Pause Young (Normal) (G1 Evacuation Pause) 331M->67M(434M) 3.351ms
[187.162s][info][gc,cpu         ] GC(1385) User=0.00s Sys=0.00s Real=0.00s
[187.284s][info][gc,start       ] GC(1386) Pause Young (Normal) (G1 Evacuation Pause)
[187.285s][info][gc,task        ] GC(1386) Using 1 workers of 1 for evacuation
[187.288s][info][gc,phases      ] GC(1386)   Pre Evacuate Collection Set: 0.0ms
[187.288s][info][gc,phases      ] GC(1386)   Evacuate Collection Set: 2.7ms
[187.288s][info][gc,phases      ] GC(1386)   Post Evacuate Collection Set: 0.3ms
[187.288s][info][gc,phases      ] GC(1386)   Other: 0.3ms
[187.288s][info][gc,heap        ] GC(1386) Eden regions: 259->0(259)
[187.288s][info][gc,heap        ] GC(1386) Survivor regions: 1->1(33)
[187.288s][info][gc,heap        ] GC(1386) Old regions: 62->62
[187.288s][info][gc,heap        ] GC(1386) Humongous regions: 6->6
[187.288s][info][gc,metaspace   ] GC(1386) Metaspace: 72872K->72872K(1116160K)
[187.288s][info][gc             ] GC(1386) Pause Young (Normal) (G1 Evacuation Pause) 326M->67M(434M) 3.380ms
[187.288s][info][gc,cpu         ] GC(1386) User=0.01s Sys=0.00s Real=0.00s
[187.412s][info][gc,start       ] GC(1387) Pause Young (Normal) (G1 Evacuation Pause)
[187.412s][info][gc,task        ] GC(1387) Using 1 workers of 1 for evacuation
[187.416s][info][gc,phases      ] GC(1387)   Pre Evacuate Collection Set: 0.0ms
[187.416s][info][gc,phases      ] GC(1387)   Evacuate Collection Set: 2.7ms
[187.416s][info][gc,phases      ] GC(1387)   Post Evacuate Collection Set: 0.4ms
[187.416s][info][gc,phases      ] GC(1387)   Other: 0.3ms
[187.416s][info][gc,heap        ] GC(1387) Eden regions: 259->0(259)
[187.416s][info][gc,heap        ] GC(1387) Survivor regions: 1->1(33)
[187.416s][info][gc,heap        ] GC(1387) Old regions: 62->62
[187.416s][info][gc,heap        ] GC(1387) Humongous regions: 6->6
[187.416s][info][gc,metaspace   ] GC(1387) Metaspace: 72872K->72872K(1116160K)
[187.416s][info][gc             ] GC(1387) Pause Young (Normal) (G1 Evacuation Pause) 326M->67M(434M) 3.410ms
[187.416s][info][gc,cpu         ] GC(1387) User=0.00s Sys=0.00s Real=0.00s
[187.542s][info][gc,start       ] GC(1388) Pause Young (Normal) (G1 Evacuation Pause)
[187.542s][info][gc,task        ] GC(1388) Using 1 workers of 1 for evacuation
[187.545s][info][gc,phases      ] GC(1388)   Pre Evacuate Collection Set: 0.0ms
[187.545s][info][gc,phases      ] GC(1388)   Evacuate Collection Set: 2.8ms
[187.545s][info][gc,phases      ] GC(1388)   Post Evacuate Collection Set: 0.4ms
[187.545s][info][gc,phases      ] GC(1388)   Other: 0.4ms
[187.545s][info][gc,heap        ] GC(1388) Eden regions: 259->0(259)
[187.545s][info][gc,heap        ] GC(1388) Survivor regions: 1->1(33)
[187.545s][info][gc,heap        ] GC(1388) Old regions: 62->62
[187.545s][info][gc,heap        ] GC(1388) Humongous regions: 6->6
[187.545s][info][gc,metaspace   ] GC(1388) Metaspace: 72873K->72873K(1116160K)
[187.545s][info][gc             ] GC(1388) Pause Young (Normal) (G1 Evacuation Pause) 326M->67M(434M) 3.645ms
[187.545s][info][gc,cpu         ] GC(1388) User=0.00s Sys=0.00s Real=0.00s
[187.664s][info][gc,start       ] GC(1389) Pause Young (Normal) (G1 Evacuation Pause)
[187.664s][info][gc,task        ] GC(1389) Using 1 workers of 1 for evacuation
[187.668s][info][gc,phases      ] GC(1389)   Pre Evacuate Collection Set: 0.1ms
[187.668s][info][gc,phases      ] GC(1389)   Evacuate Collection Set: 2.9ms
[187.668s][info][gc,phases      ] GC(1389)   Post Evacuate Collection Set: 0.4ms
[187.668s][info][gc,phases      ] GC(1389)   Other: 0.3ms
[187.668s][info][gc,heap        ] GC(1389) Eden regions: 259->0(259)
[187.668s][info][gc,heap        ] GC(1389) Survivor regions: 1->1(33)
[187.668s][info][gc,heap        ] GC(1389) Old regions: 62->62
[187.668s][info][gc,heap        ] GC(1389) Humongous regions: 6->6
[187.668s][info][gc,metaspace   ] GC(1389) Metaspace: 72873K->72873K(1116160K)
[187.668s][info][gc             ] GC(1389) Pause Young (Normal) (G1 Evacuation Pause) 326M->67M(434M) 3.737ms
[187.668s][info][gc,cpu         ] GC(1389) User=0.00s Sys=0.00s Real=0.00s
[187.792s][info][gc,start       ] GC(1390) Pause Young (Normal) (G1 Evacuation Pause)
[187.792s][info][gc,task        ] GC(1390) Using 1 workers of 1 for evacuation
[187.796s][info][gc,phases      ] GC(1390)   Pre Evacuate Collection Set: 0.1ms
[187.796s][info][gc,phases      ] GC(1390)   Evacuate Collection Set: 2.9ms
[187.796s][info][gc,phases      ] GC(1390)   Post Evacuate Collection Set: 0.4ms
[187.796s][info][gc,phases      ] GC(1390)   Other: 0.4ms
[187.796s][info][gc,heap        ] GC(1390) Eden regions: 259->0(259)
[187.796s][info][gc,heap        ] GC(1390) Survivor regions: 1->1(33)
[187.796s][info][gc,heap        ] GC(1390) Old regions: 62->62
[187.796s][info][gc,heap        ] GC(1390) Humongous regions: 6->6
[187.796s][info][gc,metaspace   ] GC(1390) Metaspace: 72873K->72873K(1116160K)
[187.796s][info][gc             ] GC(1390) Pause Young (Normal) (G1 Evacuation Pause) 326M->67M(434M) 3.803ms
[187.796s][info][gc,cpu         ] GC(1390) User=0.00s Sys=0.00s Real=0.00s
[187.932s][info][gc,start       ] GC(1391) Pause Young (Normal) (G1 Evacuation Pause)
[187.932s][info][gc,task        ] GC(1391) Using 1 workers of 1 for evacuation
[187.936s][info][gc,phases      ] GC(1391)   Pre Evacuate Collection Set: 0.0ms
[187.936s][info][gc,phases      ] GC(1391)   Evacuate Collection Set: 3.1ms
[187.936s][info][gc,phases      ] GC(1391)   Post Evacuate Collection Set: 0.4ms
[187.936s][info][gc,phases      ] GC(1391)   Other: 0.3ms
[187.936s][info][gc,heap        ] GC(1391) Eden regions: 259->0(259)
[187.936s][info][gc,heap        ] GC(1391) Survivor regions: 1->1(33)
[187.936s][info][gc,heap        ] GC(1391) Old regions: 62->62
[187.936s][info][gc,heap        ] GC(1391) Humongous regions: 11->6
[187.936s][info][gc,metaspace   ] GC(1391) Metaspace: 72873K->72873K(1116160K)
[187.936s][info][gc             ] GC(1391) Pause Young (Normal) (G1 Evacuation Pause) 331M->67M(434M) 3.871ms
[187.936s][info][gc,cpu         ] GC(1391) User=0.00s Sys=0.00s Real=0.00s
[188.056s][info][gc,start       ] GC(1392) Pause Young (Normal) (G1 Evacuation Pause)
[188.056s][info][gc,task        ] GC(1392) Using 1 workers of 1 for evacuation
[188.060s][info][gc,phases      ] GC(1392)   Pre Evacuate Collection Set: 0.0ms
[188.060s][info][gc,phases      ] GC(1392)   Evacuate Collection Set: 3.0ms
[188.060s][info][gc,phases      ] GC(1392)   Post Evacuate Collection Set: 0.4ms
[188.060s][info][gc,phases      ] GC(1392)   Other: 0.3ms
[188.060s][info][gc,heap        ] GC(1392) Eden regions: 259->0(259)
[188.060s][info][gc,heap        ] GC(1392) Survivor regions: 1->1(33)
[188.060s][info][gc,heap        ] GC(1392) Old regions: 62->62
[188.060s][info][gc,heap        ] GC(1392) Humongous regions: 6->6
[188.060s][info][gc,metaspace   ] GC(1392) Metaspace: 72873K->72873K(1116160K)
[188.060s][info][gc             ] GC(1392) Pause Young (Normal) (G1 Evacuation Pause) 326M->67M(434M) 3.723ms
[188.060s][info][gc,cpu         ] GC(1392) User=0.00s Sys=0.00s Real=0.01s
[188.179s][info][gc,start       ] GC(1393) Pause Young (Normal) (G1 Evacuation Pause)
[188.179s][info][gc,task        ] GC(1393) Using 1 workers of 1 for evacuation
[188.182s][info][gc,phases      ] GC(1393)   Pre Evacuate Collection Set: 0.0ms
[188.182s][info][gc,phases      ] GC(1393)   Evacuate Collection Set: 2.9ms
[188.182s][info][gc,phases      ] GC(1393)   Post Evacuate Collection Set: 0.4ms
[188.182s][info][gc,phases      ] GC(1393)   Other: 0.3ms
[188.182s][info][gc,heap        ] GC(1393) Eden regions: 259->0(259)
[188.182s][info][gc,heap        ] GC(1393) Survivor regions: 1->1(33)
[188.182s][info][gc,heap        ] GC(1393) Old regions: 62->62
[188.182s][info][gc,heap        ] GC(1393) Humongous regions: 6->6
[188.182s][info][gc,metaspace   ] GC(1393) Metaspace: 72873K->72873K(1116160K)
[188.182s][info][gc             ] GC(1393) Pause Young (Normal) (G1 Evacuation Pause) 326M->67M(434M) 3.648ms
[188.183s][info][gc,cpu         ] GC(1393) User=0.01s Sys=0.00s Real=0.00s
[188.301s][info][gc,start       ] GC(1394) Pause Young (Normal) (G1 Evacuation Pause)
[188.301s][info][gc,task        ] GC(1394) Using 1 workers of 1 for evacuation
[188.305s][info][gc,phases      ] GC(1394)   Pre Evacuate Collection Set: 0.0ms
[188.305s][info][gc,phases      ] GC(1394)   Evacuate Collection Set: 2.9ms
[188.305s][info][gc,phases      ] GC(1394)   Post Evacuate Collection Set: 0.4ms
[188.305s][info][gc,phases      ] GC(1394)   Other: 0.4ms
[188.305s][info][gc,heap        ] GC(1394) Eden regions: 259->0(259)
[188.305s][info][gc,heap        ] GC(1394) Survivor regions: 1->1(33)
[188.305s][info][gc,heap        ] GC(1394) Old regions: 62->62
[188.305s][info][gc,heap        ] GC(1394) Humongous regions: 6->6
[188.305s][info][gc,metaspace   ] GC(1394) Metaspace: 72873K->72873K(1116160K)
[188.305s][info][gc             ] GC(1394) Pause Young (Normal) (G1 Evacuation Pause) 326M->67M(434M) 3.711ms
[188.305s][info][gc,cpu         ] GC(1394) User=0.01s Sys=0.00s Real=0.00s
[188.424s][info][gc,start       ] GC(1395) Pause Young (Normal) (G1 Evacuation Pause)
[188.424s][info][gc,task        ] GC(1395) Using 1 workers of 1 for evacuation
[188.428s][info][gc,phases      ] GC(1395)   Pre Evacuate Collection Set: 0.0ms
[188.428s][info][gc,phases      ] GC(1395)   Evacuate Collection Set: 2.9ms
[188.428s][info][gc,phases      ] GC(1395)   Post Evacuate Collection Set: 0.4ms
[188.428s][info][gc,phases      ] GC(1395)   Other: 0.3ms
[188.428s][info][gc,heap        ] GC(1395) Eden regions: 259->0(259)
[188.428s][info][gc,heap        ] GC(1395) Survivor regions: 1->1(33)
[188.428s][info][gc,heap        ] GC(1395) Old regions: 62->62
[188.428s][info][gc,heap        ] GC(1395) Humongous regions: 6->6
[188.428s][info][gc,metaspace   ] GC(1395) Metaspace: 72873K->72873K(1116160K)
[188.428s][info][gc             ] GC(1395) Pause Young (Normal) (G1 Evacuation Pause) 326M->67M(434M) 3.634ms
[188.428s][info][gc,cpu         ] GC(1395) User=0.00s Sys=0.00s Real=0.00s
[188.547s][info][gc,start       ] GC(1396) Pause Young (Normal) (G1 Evacuation Pause)
[188.547s][info][gc,task        ] GC(1396) Using 1 workers of 1 for evacuation
[188.550s][info][gc,phases      ] GC(1396)   Pre Evacuate Collection Set: 0.0ms
[188.550s][info][gc,phases      ] GC(1396)   Evacuate Collection Set: 2.8ms
[188.550s][info][gc,phases      ] GC(1396)   Post Evacuate Collection Set: 0.4ms
[188.550s][info][gc,phases      ] GC(1396)   Other: 0.4ms
[188.550s][info][gc,heap        ] GC(1396) Eden regions: 259->0(259)
[188.550s][info][gc,heap        ] GC(1396) Survivor regions: 1->1(33)
[188.550s][info][gc,heap        ] GC(1396) Old regions: 62->62
[188.550s][info][gc,heap        ] GC(1396) Humongous regions: 6->6
[188.550s][info][gc,metaspace   ] GC(1396) Metaspace: 72873K->72873K(1116160K)
[188.550s][info][gc             ] GC(1396) Pause Young (Normal) (G1 Evacuation Pause) 326M->67M(434M) 3.623ms
[188.550s][info][gc,cpu         ] GC(1396) User=0.00s Sys=0.00s Real=0.01s
[188.717s][info][gc,start       ] GC(1397) Pause Young (Normal) (G1 Evacuation Pause)
[188.717s][info][gc,task        ] GC(1397) Using 1 workers of 1 for evacuation
[188.721s][info][gc,phases      ] GC(1397)   Pre Evacuate Collection Set: 0.0ms
[188.721s][info][gc,phases      ] GC(1397)   Evacuate Collection Set: 3.3ms
[188.721s][info][gc,phases      ] GC(1397)   Post Evacuate Collection Set: 0.5ms
[188.721s][info][gc,phases      ] GC(1397)   Other: 0.3ms
[188.721s][info][gc,heap        ] GC(1397) Eden regions: 259->0(259)
[188.721s][info][gc,heap        ] GC(1397) Survivor regions: 1->1(33)
[188.721s][info][gc,heap        ] GC(1397) Old regions: 62->62
[188.721s][info][gc,heap        ] GC(1397) Humongous regions: 11->6
[188.721s][info][gc,metaspace   ] GC(1397) Metaspace: 72874K->72874K(1116160K)
[188.721s][info][gc             ] GC(1397) Pause Young (Normal) (G1 Evacuation Pause) 331M->67M(434M) 4.130ms
[188.721s][info][gc,cpu         ] GC(1397) User=0.00s Sys=0.00s Real=0.01s
[188.847s][info][gc,start       ] GC(1398) Pause Young (Normal) (G1 Evacuation Pause)
[188.847s][info][gc,task        ] GC(1398) Using 1 workers of 1 for evacuation
[188.851s][info][gc,phases      ] GC(1398)   Pre Evacuate Collection Set: 0.0ms
[188.851s][info][gc,phases      ] GC(1398)   Evacuate Collection Set: 3.2ms
[188.851s][info][gc,phases      ] GC(1398)   Post Evacuate Collection Set: 0.4ms
[188.851s][info][gc,phases      ] GC(1398)   Other: 0.3ms
[188.851s][info][gc,heap        ] GC(1398) Eden regions: 259->0(259)
[188.851s][info][gc,heap        ] GC(1398) Survivor regions: 1->1(33)
[188.851s][info][gc,heap        ] GC(1398) Old regions: 62->62
[188.851s][info][gc,heap        ] GC(1398) Humongous regions: 6->6
[188.851s][info][gc,metaspace   ] GC(1398) Metaspace: 72874K->72874K(1116160K)
[188.851s][info][gc             ] GC(1398) Pause Young (Normal) (G1 Evacuation Pause) 326M->67M(434M) 3.903ms
[188.851s][info][gc,cpu         ] GC(1398) User=0.00s Sys=0.00s Real=0.01s
[188.971s][info][gc,start       ] GC(1399) Pause Young (Normal) (G1 Evacuation Pause)
[188.971s][info][gc,task        ] GC(1399) Using 1 workers of 1 for evacuation
[188.975s][info][gc,phases      ] GC(1399)   Pre Evacuate Collection Set: 0.0ms
[188.975s][info][gc,phases      ] GC(1399)   Evacuate Collection Set: 3.1ms
[188.975s][info][gc,phases      ] GC(1399)   Post Evacuate Collection Set: 0.4ms
[188.975s][info][gc,phases      ] GC(1399)   Other: 0.3ms
[188.975s][info][gc,heap        ] GC(1399) Eden regions: 259->0(259)
[188.975s][info][gc,heap        ] GC(1399) Survivor regions: 1->1(33)
[188.975s][info][gc,heap        ] GC(1399) Old regions: 62->62
[188.975s][info][gc,heap        ] GC(1399) Humongous regions: 6->6
[188.975s][info][gc,metaspace   ] GC(1399) Metaspace: 72874K->72874K(1116160K)
[188.975s][info][gc             ] GC(1399) Pause Young (Normal) (G1 Evacuation Pause) 326M->67M(434M) 3.868ms
[188.975s][info][gc,cpu         ] GC(1399) User=0.01s Sys=0.00s Real=0.00s
[189.096s][info][gc,start       ] GC(1400) Pause Young (Normal) (G1 Evacuation Pause)
[189.096s][info][gc,task        ] GC(1400) Using 1 workers of 1 for evacuation
[189.100s][info][gc,phases      ] GC(1400)   Pre Evacuate Collection Set: 0.0ms
[189.100s][info][gc,phases      ] GC(1400)   Evacuate Collection Set: 3.2ms
[189.100s][info][gc,phases      ] GC(1400)   Post Evacuate Collection Set: 0.4ms
[189.100s][info][gc,phases      ] GC(1400)   Other: 0.3ms
[189.100s][info][gc,heap        ] GC(1400) Eden regions: 259->0(259)
[189.100s][info][gc,heap        ] GC(1400) Survivor regions: 1->1(33)
[189.100s][info][gc,heap        ] GC(1400) Old regions: 62->62
[189.100s][info][gc,heap        ] GC(1400) Humongous regions: 6->6
[189.100s][info][gc,metaspace   ] GC(1400) Metaspace: 72874K->72874K(1116160K)
[189.100s][info][gc             ] GC(1400) Pause Young (Normal) (G1 Evacuation Pause) 326M->67M(434M) 3.962ms
[189.100s][info][gc,cpu         ] GC(1400) User=0.00s Sys=0.00s Real=0.01s
[189.222s][info][gc,start       ] GC(1401) Pause Young (Normal) (G1 Evacuation Pause)
[189.222s][info][gc,task        ] GC(1401) Using 1 workers of 1 for evacuation
[189.225s][info][gc,phases      ] GC(1401)   Pre Evacuate Collection Set: 0.0ms
[189.225s][info][gc,phases      ] GC(1401)   Evacuate Collection Set: 3.2ms
[189.225s][info][gc,phases      ] GC(1401)   Post Evacuate Collection Set: 0.4ms
[189.225s][info][gc,phases      ] GC(1401)   Other: 0.3ms
[189.225s][info][gc,heap        ] GC(1401) Eden regions: 259->0(259)
[189.225s][info][gc,heap        ] GC(1401) Survivor regions: 1->1(33)
[189.225s][info][gc,heap        ] GC(1401) Old regions: 62->62
[189.225s][info][gc,heap        ] GC(1401) Humongous regions: 6->6
[189.226s][info][gc,metaspace   ] GC(1401) Metaspace: 72874K->72874K(1116160K)
[189.226s][info][gc             ] GC(1401) Pause Young (Normal) (G1 Evacuation Pause) 326M->67M(434M) 3.877ms
[189.226s][info][gc,cpu         ] GC(1401) User=0.01s Sys=0.00s Real=0.00s
[189.348s][info][gc,start       ] GC(1402) Pause Young (Normal) (G1 Evacuation Pause)
[189.348s][info][gc,task        ] GC(1402) Using 1 workers of 1 for evacuation
[189.355s][info][gc,phases      ] GC(1402)   Pre Evacuate Collection Set: 0.0ms
[189.355s][info][gc,phases      ] GC(1402)   Evacuate Collection Set: 5.6ms
[189.355s][info][gc,phases      ] GC(1402)   Post Evacuate Collection Set: 0.4ms
[189.355s][info][gc,phases      ] GC(1402)   Other: 0.3ms
[189.355s][info][gc,heap        ] GC(1402) Eden regions: 259->0(259)
[189.355s][info][gc,heap        ] GC(1402) Survivor regions: 1->1(33)
[189.355s][info][gc,heap        ] GC(1402) Old regions: 62->62
[189.355s][info][gc,heap        ] GC(1402) Humongous regions: 6->6
[189.355s][info][gc,metaspace   ] GC(1402) Metaspace: 72874K->72874K(1116160K)
[189.355s][info][gc             ] GC(1402) Pause Young (Normal) (G1 Evacuation Pause) 326M->67M(434M) 6.425ms
[189.355s][info][gc,cpu         ] GC(1402) User=0.00s Sys=0.00s Real=0.01s
[189.741s][info][gc,start       ] GC(1403) Pause Young (Normal) (G1 Evacuation Pause)
[189.741s][info][gc,task        ] GC(1403) Using 1 workers of 1 for evacuation
[189.755s][info][gc,phases      ] GC(1403)   Pre Evacuate Collection Set: 0.0ms
[189.755s][info][gc,phases      ] GC(1403)   Evacuate Collection Set: 13.0ms
[189.755s][info][gc,phases      ] GC(1403)   Post Evacuate Collection Set: 0.5ms
[189.755s][info][gc,phases      ] GC(1403)   Other: 0.6ms
[189.755s][info][gc,heap        ] GC(1403) Eden regions: 259->0(256)
[189.755s][info][gc,heap        ] GC(1403) Survivor regions: 1->4(33)
[189.755s][info][gc,heap        ] GC(1403) Old regions: 62->62
[189.755s][info][gc,heap        ] GC(1403) Humongous regions: 41->6
[189.755s][info][gc,metaspace   ] GC(1403) Metaspace: 72937K->72937K(1116160K)
[189.755s][info][gc             ] GC(1403) Pause Young (Normal) (G1 Evacuation Pause) 361M->70M(434M) 14.120ms
[189.755s][info][gc,cpu         ] GC(1403) User=0.01s Sys=0.00s Real=0.01s
[189.897s][info][gc,start       ] GC(1404) Pause Young (Normal) (G1 Evacuation Pause)
[189.897s][info][gc,task        ] GC(1404) Using 1 workers of 1 for evacuation
[189.905s][info][gc,phases      ] GC(1404)   Pre Evacuate Collection Set: 0.0ms
[189.906s][info][gc,phases      ] GC(1404)   Evacuate Collection Set: 8.2ms
[189.906s][info][gc,phases      ] GC(1404)   Post Evacuate Collection Set: 0.4ms
[189.906s][info][gc,phases      ] GC(1404)   Other: 0.3ms
[189.906s][info][gc,heap        ] GC(1404) Eden regions: 256->0(256)
[189.906s][info][gc,heap        ] GC(1404) Survivor regions: 4->4(33)
[189.906s][info][gc,heap        ] GC(1404) Old regions: 62->62
[189.906s][info][gc,heap        ] GC(1404) Humongous regions: 6->6
[189.906s][info][gc,metaspace   ] GC(1404) Metaspace: 72940K->72940K(1116160K)
[189.906s][info][gc             ] GC(1404) Pause Young (Normal) (G1 Evacuation Pause) 326M->70M(434M) 8.995ms
[189.906s][info][gc,cpu         ] GC(1404) User=0.01s Sys=0.00s Real=0.01s
[190.040s][info][gc,start       ] GC(1405) Pause Young (Normal) (G1 Evacuation Pause)
[190.040s][info][gc,task        ] GC(1405) Using 1 workers of 1 for evacuation
[190.050s][info][gc,phases      ] GC(1405)   Pre Evacuate Collection Set: 0.0ms
[190.050s][info][gc,phases      ] GC(1405)   Evacuate Collection Set: 9.3ms
[190.050s][info][gc,phases      ] GC(1405)   Post Evacuate Collection Set: 0.4ms
[190.050s][info][gc,phases      ] GC(1405)   Other: 0.4ms
[190.050s][info][gc,heap        ] GC(1405) Eden regions: 256->0(256)
[190.050s][info][gc,heap        ] GC(1405) Survivor regions: 4->4(33)
[190.050s][info][gc,heap        ] GC(1405) Old regions: 62->62
[190.050s][info][gc,heap        ] GC(1405) Humongous regions: 6->6
[190.050s][info][gc,metaspace   ] GC(1405) Metaspace: 72940K->72940K(1116160K)
[190.050s][info][gc             ] GC(1405) Pause Young (Normal) (G1 Evacuation Pause) 326M->70M(434M) 10.105ms
[190.050s][info][gc,cpu         ] GC(1405) User=0.01s Sys=0.00s Real=0.01s
[190.567s][info][gc,start       ] GC(1406) Pause Young (Normal) (G1 Evacuation Pause)
[190.567s][info][gc,task        ] GC(1406) Using 1 workers of 1 for evacuation
[190.578s][info][gc,phases      ] GC(1406)   Pre Evacuate Collection Set: 0.0ms
[190.578s][info][gc,phases      ] GC(1406)   Evacuate Collection Set: 10.0ms
[190.578s][info][gc,phases      ] GC(1406)   Post Evacuate Collection Set: 0.8ms
[190.578s][info][gc,phases      ] GC(1406)   Other: 0.4ms
[190.578s][info][gc,heap        ] GC(1406) Eden regions: 256->0(285)
[190.578s][info][gc,heap        ] GC(1406) Survivor regions: 4->4(33)
[190.578s][info][gc,heap        ] GC(1406) Old regions: 62->62
[190.578s][info][gc,heap        ] GC(1406) Humongous regions: 66->6
[190.578s][info][gc,metaspace   ] GC(1406) Metaspace: 72980K->72980K(1116160K)
[190.578s][info][gc             ] GC(1406) Pause Young (Normal) (G1 Evacuation Pause) 386M->70M(483M) 11.210ms
[190.578s][info][gc,cpu         ] GC(1406) User=0.01s Sys=0.00s Real=0.02s
[190.871s][info][gc,start       ] GC(1407) Pause Young (Normal) (G1 Evacuation Pause)
[190.871s][info][gc,task        ] GC(1407) Using 1 workers of 1 for evacuation
[190.877s][info][gc,phases      ] GC(1407)   Pre Evacuate Collection Set: 0.0ms
[190.877s][info][gc,phases      ] GC(1407)   Evacuate Collection Set: 6.0ms
[190.877s][info][gc,phases      ] GC(1407)   Post Evacuate Collection Set: 0.4ms
[190.877s][info][gc,phases      ] GC(1407)   Other: 0.5ms
[190.877s][info][gc,heap        ] GC(1407) Eden regions: 285->0(285)
[190.877s][info][gc,heap        ] GC(1407) Survivor regions: 4->4(37)
[190.877s][info][gc,heap        ] GC(1407) Old regions: 62->62
[190.877s][info][gc,heap        ] GC(1407) Humongous regions: 6->6
[190.877s][info][gc,metaspace   ] GC(1407) Metaspace: 72980K->72980K(1116160K)
[190.877s][info][gc             ] GC(1407) Pause Young (Normal) (G1 Evacuation Pause) 355M->70M(483M) 6.968ms
[190.878s][info][gc,cpu         ] GC(1407) User=0.00s Sys=0.00s Real=0.01s
[191.151s][info][gc,start       ] GC(1408) Pause Young (Normal) (G1 Evacuation Pause)
[191.151s][info][gc,task        ] GC(1408) Using 1 workers of 1 for evacuation
[191.165s][info][gc,phases      ] GC(1408)   Pre Evacuate Collection Set: 0.0ms
[191.165s][info][gc,phases      ] GC(1408)   Evacuate Collection Set: 6.0ms
[191.165s][info][gc,phases      ] GC(1408)   Post Evacuate Collection Set: 7.8ms
[191.166s][info][gc,phases      ] GC(1408)   Other: 0.8ms
[191.166s][info][gc,heap        ] GC(1408) Eden regions: 285->0(285)
[191.166s][info][gc,heap        ] GC(1408) Survivor regions: 4->4(37)
[191.166s][info][gc,heap        ] GC(1408) Old regions: 62->62
[191.166s][info][gc,heap        ] GC(1408) Humongous regions: 6->6
[191.166s][info][gc,metaspace   ] GC(1408) Metaspace: 72980K->72980K(1116160K)
[191.166s][info][gc             ] GC(1408) Pause Young (Normal) (G1 Evacuation Pause) 355M->70M(483M) 14.778ms
[191.166s][info][gc,cpu         ] GC(1408) User=0.01s Sys=0.00s Real=0.01s
[191.310s][info][gc,start       ] GC(1409) Pause Young (Normal) (G1 Evacuation Pause)
[191.310s][info][gc,task        ] GC(1409) Using 1 workers of 1 for evacuation
[191.316s][info][gc,phases      ] GC(1409)   Pre Evacuate Collection Set: 0.0ms
[191.316s][info][gc,phases      ] GC(1409)   Evacuate Collection Set: 5.7ms
[191.316s][info][gc,phases      ] GC(1409)   Post Evacuate Collection Set: 0.4ms
[191.316s][info][gc,phases      ] GC(1409)   Other: 0.3ms
[191.316s][info][gc,heap        ] GC(1409) Eden regions: 285->0(285)
[191.316s][info][gc,heap        ] GC(1409) Survivor regions: 4->4(37)
[191.316s][info][gc,heap        ] GC(1409) Old regions: 62->62
[191.316s][info][gc,heap        ] GC(1409) Humongous regions: 6->6
[191.316s][info][gc,metaspace   ] GC(1409) Metaspace: 72980K->72980K(1116160K)
[191.316s][info][gc             ] GC(1409) Pause Young (Normal) (G1 Evacuation Pause) 355M->70M(483M) 6.505ms
[191.316s][info][gc,cpu         ] GC(1409) User=0.01s Sys=0.00s Real=0.00s
[191.449s][info][gc,start       ] GC(1410) Pause Young (Normal) (G1 Evacuation Pause)
[191.449s][info][gc,task        ] GC(1410) Using 1 workers of 1 for evacuation
[191.456s][info][gc,phases      ] GC(1410)   Pre Evacuate Collection Set: 0.0ms
[191.456s][info][gc,phases      ] GC(1410)   Evacuate Collection Set: 6.1ms
[191.456s][info][gc,phases      ] GC(1410)   Post Evacuate Collection Set: 0.5ms
[191.456s][info][gc,phases      ] GC(1410)   Other: 0.3ms
[191.456s][info][gc,heap        ] GC(1410) Eden regions: 285->0(285)
[191.456s][info][gc,heap        ] GC(1410) Survivor regions: 4->4(37)
[191.456s][info][gc,heap        ] GC(1410) Old regions: 62->62
[191.456s][info][gc,heap        ] GC(1410) Humongous regions: 6->6
[191.456s][info][gc,metaspace   ] GC(1410) Metaspace: 72980K->72980K(1116160K)
[191.456s][info][gc             ] GC(1410) Pause Young (Normal) (G1 Evacuation Pause) 355M->70M(483M) 7.019ms
[191.456s][info][gc,cpu         ] GC(1410) User=0.01s Sys=0.00s Real=0.01s
[191.593s][info][gc,start       ] GC(1411) Pause Young (Normal) (G1 Evacuation Pause)
[191.593s][info][gc,task        ] GC(1411) Using 1 workers of 1 for evacuation
[191.600s][info][gc,phases      ] GC(1411)   Pre Evacuate Collection Set: 0.0ms
[191.600s][info][gc,phases      ] GC(1411)   Evacuate Collection Set: 5.7ms
[191.600s][info][gc,phases      ] GC(1411)   Post Evacuate Collection Set: 0.4ms
[191.600s][info][gc,phases      ] GC(1411)   Other: 0.3ms
[191.600s][info][gc,heap        ] GC(1411) Eden regions: 285->0(285)
[191.600s][info][gc,heap        ] GC(1411) Survivor regions: 4->4(37)
[191.600s][info][gc,heap        ] GC(1411) Old regions: 62->62
[191.600s][info][gc,heap        ] GC(1411) Humongous regions: 6->6
[191.600s][info][gc,metaspace   ] GC(1411) Metaspace: 72980K->72980K(1116160K)
[191.600s][info][gc             ] GC(1411) Pause Young (Normal) (G1 Evacuation Pause) 355M->70M(483M) 6.548ms
[191.600s][info][gc,cpu         ] GC(1411) User=0.01s Sys=0.00s Real=0.01s
[191.741s][info][gc,start       ] GC(1412) Pause Young (Normal) (G1 Evacuation Pause)
[191.741s][info][gc,task        ] GC(1412) Using 1 workers of 1 for evacuation
[191.749s][info][gc,phases      ] GC(1412)   Pre Evacuate Collection Set: 0.0ms
[191.749s][info][gc,phases      ] GC(1412)   Evacuate Collection Set: 7.3ms
[191.749s][info][gc,phases      ] GC(1412)   Post Evacuate Collection Set: 0.4ms
[191.749s][info][gc,phases      ] GC(1412)   Other: 0.3ms
[191.749s][info][gc,heap        ] GC(1412) Eden regions: 285->0(285)
[191.749s][info][gc,heap        ] GC(1412) Survivor regions: 4->4(37)
[191.749s][info][gc,heap        ] GC(1412) Old regions: 62->63
[191.749s][info][gc,heap        ] GC(1412) Humongous regions: 6->6
[191.749s][info][gc,metaspace   ] GC(1412) Metaspace: 72980K->72980K(1116160K)
[191.749s][info][gc             ] GC(1412) Pause Young (Normal) (G1 Evacuation Pause) 355M->70M(483M) 8.081ms
[191.749s][info][gc,cpu         ] GC(1412) User=0.01s Sys=0.00s Real=0.00s
[192.160s][info][gc,start       ] GC(1413) Pause Young (Normal) (G1 Evacuation Pause)
[192.160s][info][gc,task        ] GC(1413) Using 1 workers of 1 for evacuation
[192.172s][info][gc,phases      ] GC(1413)   Pre Evacuate Collection Set: 0.0ms
[192.173s][info][gc,phases      ] GC(1413)   Evacuate Collection Set: 11.7ms
[192.173s][info][gc,phases      ] GC(1413)   Post Evacuate Collection Set: 0.5ms
[192.173s][info][gc,phases      ] GC(1413)   Other: 0.4ms
[192.173s][info][gc,heap        ] GC(1413) Eden regions: 285->0(284)
[192.173s][info][gc,heap        ] GC(1413) Survivor regions: 4->5(37)
[192.173s][info][gc,heap        ] GC(1413) Old regions: 63->63
[192.173s][info][gc,heap        ] GC(1413) Humongous regions: 31->6
[192.173s][info][gc,metaspace   ] GC(1413) Metaspace: 72996K->72996K(1116160K)
[192.173s][info][gc             ] GC(1413) Pause Young (Normal) (G1 Evacuation Pause) 380M->71M(483M) 12.629ms
[192.173s][info][gc,cpu         ] GC(1413) User=0.01s Sys=0.00s Real=0.01s
[192.317s][info][gc,start       ] GC(1414) Pause Young (Normal) (G1 Evacuation Pause)
[192.317s][info][gc,task        ] GC(1414) Using 1 workers of 1 for evacuation
[192.324s][info][gc,phases      ] GC(1414)   Pre Evacuate Collection Set: 0.0ms
[192.324s][info][gc,phases      ] GC(1414)   Evacuate Collection Set: 6.7ms
[192.324s][info][gc,phases      ] GC(1414)   Post Evacuate Collection Set: 0.4ms
[192.324s][info][gc,phases      ] GC(1414)   Other: 0.4ms
[192.324s][info][gc,heap        ] GC(1414) Eden regions: 284->0(284)
[192.324s][info][gc,heap        ] GC(1414) Survivor regions: 5->5(37)
[192.324s][info][gc,heap        ] GC(1414) Old regions: 63->63
[192.324s][info][gc,heap        ] GC(1414) Humongous regions: 6->6
[192.324s][info][gc,metaspace   ] GC(1414) Metaspace: 73001K->73001K(1116160K)
[192.324s][info][gc             ] GC(1414) Pause Young (Normal) (G1 Evacuation Pause) 355M->71M(483M) 7.491ms
[192.324s][info][gc,cpu         ] GC(1414) User=0.01s Sys=0.00s Real=0.01s
[192.459s][info][gc,start       ] GC(1415) Pause Young (Normal) (G1 Evacuation Pause)
[192.459s][info][gc,task        ] GC(1415) Using 1 workers of 1 for evacuation
[192.467s][info][gc,phases      ] GC(1415)   Pre Evacuate Collection Set: 0.0ms
[192.467s][info][gc,phases      ] GC(1415)   Evacuate Collection Set: 6.7ms
[192.467s][info][gc,phases      ] GC(1415)   Post Evacuate Collection Set: 0.5ms
[192.467s][info][gc,phases      ] GC(1415)   Other: 0.3ms
[192.467s][info][gc,heap        ] GC(1415) Eden regions: 284->0(284)
[192.467s][info][gc,heap        ] GC(1415) Survivor regions: 5->5(37)
[192.467s][info][gc,heap        ] GC(1415) Old regions: 63->63
[192.467s][info][gc,heap        ] GC(1415) Humongous regions: 6->6
[192.467s][info][gc,metaspace   ] GC(1415) Metaspace: 73001K->73001K(1116160K)
[192.467s][info][gc             ] GC(1415) Pause Young (Normal) (G1 Evacuation Pause) 355M->71M(483M) 7.559ms
[192.467s][info][gc,cpu         ] GC(1415) User=0.01s Sys=0.00s Real=0.00s
[192.605s][info][gc,start       ] GC(1416) Pause Young (Normal) (G1 Evacuation Pause)
[192.605s][info][gc,task        ] GC(1416) Using 1 workers of 1 for evacuation
[192.612s][info][gc,phases      ] GC(1416)   Pre Evacuate Collection Set: 0.1ms
[192.612s][info][gc,phases      ] GC(1416)   Evacuate Collection Set: 6.5ms
[192.612s][info][gc,phases      ] GC(1416)   Post Evacuate Collection Set: 0.4ms
[192.612s][info][gc,phases      ] GC(1416)   Other: 0.4ms
[192.612s][info][gc,heap        ] GC(1416) Eden regions: 284->0(284)
[192.612s][info][gc,heap        ] GC(1416) Survivor regions: 5->5(37)
[192.612s][info][gc,heap        ] GC(1416) Old regions: 63->63
[192.612s][info][gc,heap        ] GC(1416) Humongous regions: 6->6
[192.612s][info][gc,metaspace   ] GC(1416) Metaspace: 73001K->73001K(1116160K)
[192.612s][info][gc             ] GC(1416) Pause Young (Normal) (G1 Evacuation Pause) 355M->71M(483M) 7.441ms
[192.612s][info][gc,cpu         ] GC(1416) User=0.01s Sys=0.00s Real=0.01s
[192.748s][info][gc,start       ] GC(1417) Pause Young (Normal) (G1 Evacuation Pause)
[192.748s][info][gc,task        ] GC(1417) Using 1 workers of 1 for evacuation
[192.756s][info][gc,phases      ] GC(1417)   Pre Evacuate Collection Set: 0.0ms
[192.756s][info][gc,phases      ] GC(1417)   Evacuate Collection Set: 6.9ms
[192.756s][info][gc,phases      ] GC(1417)   Post Evacuate Collection Set: 0.4ms
[192.756s][info][gc,phases      ] GC(1417)   Other: 0.3ms
[192.756s][info][gc,heap        ] GC(1417) Eden regions: 284->0(284)
[192.756s][info][gc,heap        ] GC(1417) Survivor regions: 5->5(37)
[192.756s][info][gc,heap        ] GC(1417) Old regions: 63->63
[192.756s][info][gc,heap        ] GC(1417) Humongous regions: 6->6
[192.756s][info][gc,metaspace   ] GC(1417) Metaspace: 73001K->73001K(1116160K)
[192.756s][info][gc             ] GC(1417) Pause Young (Normal) (G1 Evacuation Pause) 355M->71M(483M) 7.716ms
[192.756s][info][gc,cpu         ] GC(1417) User=0.01s Sys=0.00s Real=0.01s
[192.888s][info][gc,start       ] GC(1418) Pause Young (Normal) (G1 Evacuation Pause)
[192.888s][info][gc,task        ] GC(1418) Using 1 workers of 1 for evacuation
[192.896s][info][gc,phases      ] GC(1418)   Pre Evacuate Collection Set: 0.0ms
[192.896s][info][gc,phases      ] GC(1418)   Evacuate Collection Set: 6.9ms
[192.896s][info][gc,phases      ] GC(1418)   Post Evacuate Collection Set: 0.4ms
[192.896s][info][gc,phases      ] GC(1418)   Other: 0.3ms
[192.896s][info][gc,heap        ] GC(1418) Eden regions: 284->0(285)
[192.896s][info][gc,heap        ] GC(1418) Survivor regions: 5->4(37)
[192.896s][info][gc,heap        ] GC(1418) Old regions: 63->64
[192.896s][info][gc,heap        ] GC(1418) Humongous regions: 6->6
[192.896s][info][gc,metaspace   ] GC(1418) Metaspace: 73001K->73001K(1116160K)
[192.896s][info][gc             ] GC(1418) Pause Young (Normal) (G1 Evacuation Pause) 355M->72M(483M) 7.652ms
[192.896s][info][gc,cpu         ] GC(1418) User=0.01s Sys=0.00s Real=0.01s
[193.031s][info][gc,start       ] GC(1419) Pause Young (Normal) (G1 Evacuation Pause)
[193.031s][info][gc,task        ] GC(1419) Using 1 workers of 1 for evacuation
[193.037s][info][gc,phases      ] GC(1419)   Pre Evacuate Collection Set: 0.0ms
[193.037s][info][gc,phases      ] GC(1419)   Evacuate Collection Set: 5.2ms
[193.037s][info][gc,phases      ] GC(1419)   Post Evacuate Collection Set: 0.4ms
[193.037s][info][gc,phases      ] GC(1419)   Other: 0.4ms
[193.037s][info][gc,heap        ] GC(1419) Eden regions: 285->0(285)
[193.037s][info][gc,heap        ] GC(1419) Survivor regions: 4->4(37)
[193.037s][info][gc,heap        ] GC(1419) Old regions: 64->64
[193.037s][info][gc,heap        ] GC(1419) Humongous regions: 6->6
[193.037s][info][gc,metaspace   ] GC(1419) Metaspace: 73001K->73001K(1116160K)
[193.037s][info][gc             ] GC(1419) Pause Young (Normal) (G1 Evacuation Pause) 357M->72M(483M) 6.031ms
[193.038s][info][gc,cpu         ] GC(1419) User=0.01s Sys=0.00s Real=0.00s
[193.180s][info][gc,start       ] GC(1420) Pause Young (Normal) (G1 Evacuation Pause)
[193.180s][info][gc,task        ] GC(1420) Using 1 workers of 1 for evacuation
[193.186s][info][gc,phases      ] GC(1420)   Pre Evacuate Collection Set: 0.0ms
[193.186s][info][gc,phases      ] GC(1420)   Evacuate Collection Set: 4.9ms
[193.186s][info][gc,phases      ] GC(1420)   Post Evacuate Collection Set: 0.4ms
[193.186s][info][gc,phases      ] GC(1420)   Other: 0.4ms
[193.186s][info][gc,heap        ] GC(1420) Eden regions: 285->0(285)
[193.186s][info][gc,heap        ] GC(1420) Survivor regions: 4->4(37)
[193.186s][info][gc,heap        ] GC(1420) Old regions: 64->64
[193.186s][info][gc,heap        ] GC(1420) Humongous regions: 11->6
[193.186s][info][gc,metaspace   ] GC(1420) Metaspace: 73004K->73004K(1116160K)
[193.186s][info][gc             ] GC(1420) Pause Young (Normal) (G1 Evacuation Pause) 362M->71M(483M) 5.799ms
[193.186s][info][gc,cpu         ] GC(1420) User=0.01s Sys=0.00s Real=0.00s
[193.320s][info][gc,start       ] GC(1421) Pause Young (Normal) (G1 Evacuation Pause)
[193.320s][info][gc,task        ] GC(1421) Using 1 workers of 1 for evacuation
[193.325s][info][gc,phases      ] GC(1421)   Pre Evacuate Collection Set: 0.0ms
[193.325s][info][gc,phases      ] GC(1421)   Evacuate Collection Set: 5.1ms
[193.325s][info][gc,phases      ] GC(1421)   Post Evacuate Collection Set: 0.4ms
[193.325s][info][gc,phases      ] GC(1421)   Other: 0.3ms
[193.325s][info][gc,heap        ] GC(1421) Eden regions: 285->0(287)
[193.325s][info][gc,heap        ] GC(1421) Survivor regions: 4->2(37)
[193.325s][info][gc,heap        ] GC(1421) Old regions: 64->66
[193.325s][info][gc,heap        ] GC(1421) Humongous regions: 6->6
[193.325s][info][gc,metaspace   ] GC(1421) Metaspace: 73005K->73005K(1116160K)
[193.325s][info][gc             ] GC(1421) Pause Young (Normal) (G1 Evacuation Pause) 356M->71M(483M) 5.846ms
[193.325s][info][gc,cpu         ] GC(1421) User=0.01s Sys=0.00s Real=0.00s
[193.459s][info][gc,start       ] GC(1422) Pause Young (Normal) (G1 Evacuation Pause)
[193.459s][info][gc,task        ] GC(1422) Using 1 workers of 1 for evacuation
[193.464s][info][gc,phases      ] GC(1422)   Pre Evacuate Collection Set: 0.0ms
[193.464s][info][gc,phases      ] GC(1422)   Evacuate Collection Set: 4.0ms
[193.464s][info][gc,phases      ] GC(1422)   Post Evacuate Collection Set: 0.4ms
[193.464s][info][gc,phases      ] GC(1422)   Other: 0.4ms
[193.464s][info][gc,heap        ] GC(1422) Eden regions: 287->0(287)
[193.464s][info][gc,heap        ] GC(1422) Survivor regions: 2->2(37)
[193.464s][info][gc,heap        ] GC(1422) Old regions: 66->66
[193.464s][info][gc,heap        ] GC(1422) Humongous regions: 6->6
[193.464s][info][gc,metaspace   ] GC(1422) Metaspace: 73005K->73005K(1116160K)
[193.464s][info][gc             ] GC(1422) Pause Young (Normal) (G1 Evacuation Pause) 358M->71M(483M) 4.856ms
[193.464s][info][gc,cpu         ] GC(1422) User=0.01s Sys=0.00s Real=0.00s
[193.596s][info][gc,start       ] GC(1423) Pause Young (Normal) (G1 Evacuation Pause)
[193.596s][info][gc,task        ] GC(1423) Using 1 workers of 1 for evacuation
[193.601s][info][gc,phases      ] GC(1423)   Pre Evacuate Collection Set: 0.0ms
[193.601s][info][gc,phases      ] GC(1423)   Evacuate Collection Set: 3.8ms
[193.601s][info][gc,phases      ] GC(1423)   Post Evacuate Collection Set: 0.4ms
[193.601s][info][gc,phases      ] GC(1423)   Other: 0.3ms
[193.601s][info][gc,heap        ] GC(1423) Eden regions: 287->0(287)
[193.601s][info][gc,heap        ] GC(1423) Survivor regions: 2->2(37)
[193.601s][info][gc,heap        ] GC(1423) Old regions: 66->66
[193.601s][info][gc,heap        ] GC(1423) Humongous regions: 6->6
[193.601s][info][gc,metaspace   ] GC(1423) Metaspace: 73005K->73005K(1116160K)
[193.601s][info][gc             ] GC(1423) Pause Young (Normal) (G1 Evacuation Pause) 358M->71M(483M) 4.608ms
[193.601s][info][gc,cpu         ] GC(1423) User=0.00s Sys=0.00s Real=0.01s
[193.734s][info][gc,start       ] GC(1424) Pause Young (Normal) (G1 Evacuation Pause)
[193.734s][info][gc,task        ] GC(1424) Using 1 workers of 1 for evacuation
[193.741s][info][gc,phases      ] GC(1424)   Pre Evacuate Collection Set: 0.0ms
[193.741s][info][gc,phases      ] GC(1424)   Evacuate Collection Set: 6.3ms
[193.741s][info][gc,phases      ] GC(1424)   Post Evacuate Collection Set: 0.5ms
[193.741s][info][gc,phases      ] GC(1424)   Other: 0.3ms
[193.741s][info][gc,heap        ] GC(1424) Eden regions: 287->0(287)
[193.741s][info][gc,heap        ] GC(1424) Survivor regions: 2->2(37)
[193.741s][info][gc,heap        ] GC(1424) Old regions: 66->66
[193.741s][info][gc,heap        ] GC(1424) Humongous regions: 6->6
[193.741s][info][gc,metaspace   ] GC(1424) Metaspace: 73005K->73005K(1116160K)
[193.741s][info][gc             ] GC(1424) Pause Young (Normal) (G1 Evacuation Pause) 358M->71M(483M) 7.161ms
[193.741s][info][gc,cpu         ] GC(1424) User=0.00s Sys=0.00s Real=0.01s
[193.880s][info][gc,start       ] GC(1425) Pause Young (Normal) (G1 Evacuation Pause)
[193.880s][info][gc,task        ] GC(1425) Using 1 workers of 1 for evacuation
[193.885s][info][gc,phases      ] GC(1425)   Pre Evacuate Collection Set: 0.0ms
[193.885s][info][gc,phases      ] GC(1425)   Evacuate Collection Set: 4.2ms
[193.885s][info][gc,phases      ] GC(1425)   Post Evacuate Collection Set: 0.4ms
[193.885s][info][gc,phases      ] GC(1425)   Other: 0.4ms
[193.885s][info][gc,heap        ] GC(1425) Eden regions: 287->0(287)
[193.885s][info][gc,heap        ] GC(1425) Survivor regions: 2->2(37)
[193.885s][info][gc,heap        ] GC(1425) Old regions: 66->66
[193.885s][info][gc,heap        ] GC(1425) Humongous regions: 6->6
[193.885s][info][gc,metaspace   ] GC(1425) Metaspace: 73005K->73005K(1116160K)
[193.885s][info][gc             ] GC(1425) Pause Young (Normal) (G1 Evacuation Pause) 358M->71M(483M) 5.091ms
[193.885s][info][gc,cpu         ] GC(1425) User=0.01s Sys=0.00s Real=0.00s
[194.033s][info][gc,start       ] GC(1426) Pause Young (Normal) (G1 Evacuation Pause)
[194.034s][info][gc,task        ] GC(1426) Using 1 workers of 1 for evacuation
[194.040s][info][gc,phases      ] GC(1426)   Pre Evacuate Collection Set: 0.0ms
[194.040s][info][gc,phases      ] GC(1426)   Evacuate Collection Set: 5.2ms
[194.040s][info][gc,phases      ] GC(1426)   Post Evacuate Collection Set: 0.4ms
[194.040s][info][gc,phases      ] GC(1426)   Other: 0.5ms
[194.040s][info][gc,heap        ] GC(1426) Eden regions: 287->0(287)
[194.040s][info][gc,heap        ] GC(1426) Survivor regions: 2->2(37)
[194.040s][info][gc,heap        ] GC(1426) Old regions: 66->66
[194.040s][info][gc,heap        ] GC(1426) Humongous regions: 6->6
[194.040s][info][gc,metaspace   ] GC(1426) Metaspace: 73005K->73005K(1116160K)
[194.040s][info][gc             ] GC(1426) Pause Young (Normal) (G1 Evacuation Pause) 358M->72M(483M) 6.186ms
[194.040s][info][gc,cpu         ] GC(1426) User=0.01s Sys=0.00s Real=0.01s
[194.189s][info][gc,start       ] GC(1427) Pause Young (Normal) (G1 Evacuation Pause)
[194.189s][info][gc,task        ] GC(1427) Using 1 workers of 1 for evacuation
[194.194s][info][gc,phases      ] GC(1427)   Pre Evacuate Collection Set: 0.0ms
[194.194s][info][gc,phases      ] GC(1427)   Evacuate Collection Set: 4.3ms
[194.194s][info][gc,phases      ] GC(1427)   Post Evacuate Collection Set: 0.4ms
[194.194s][info][gc,phases      ] GC(1427)   Other: 0.4ms
[194.194s][info][gc,heap        ] GC(1427) Eden regions: 287->0(287)
[194.194s][info][gc,heap        ] GC(1427) Survivor regions: 2->2(37)
[194.194s][info][gc,heap        ] GC(1427) Old regions: 66->66
[194.194s][info][gc,heap        ] GC(1427) Humongous regions: 11->6
[194.194s][info][gc,metaspace   ] GC(1427) Metaspace: 73006K->73006K(1116160K)
[194.195s][info][gc             ] GC(1427) Pause Young (Normal) (G1 Evacuation Pause) 364M->72M(483M) 5.185ms
[194.195s][info][gc,cpu         ] GC(1427) User=0.00s Sys=0.00s Real=0.01s
[194.347s][info][gc,start       ] GC(1428) Pause Young (Normal) (G1 Evacuation Pause)
[194.347s][info][gc,task        ] GC(1428) Using 1 workers of 1 for evacuation
[194.352s][info][gc,phases      ] GC(1428)   Pre Evacuate Collection Set: 0.0ms
[194.352s][info][gc,phases      ] GC(1428)   Evacuate Collection Set: 4.0ms
[194.352s][info][gc,phases      ] GC(1428)   Post Evacuate Collection Set: 0.4ms
[194.352s][info][gc,phases      ] GC(1428)   Other: 0.3ms
[194.352s][info][gc,heap        ] GC(1428) Eden regions: 287->0(288)
[194.352s][info][gc,heap        ] GC(1428) Survivor regions: 2->1(37)
[194.352s][info][gc,heap        ] GC(1428) Old regions: 66->67
[194.352s][info][gc,heap        ] GC(1428) Humongous regions: 6->6
[194.352s][info][gc,metaspace   ] GC(1428) Metaspace: 73029K->73029K(1116160K)
[194.352s][info][gc             ] GC(1428) Pause Young (Normal) (G1 Evacuation Pause) 359M->72M(483M) 4.757ms
[194.352s][info][gc,cpu         ] GC(1428) User=0.00s Sys=0.00s Real=0.01s
[194.485s][info][gc,start       ] GC(1429) Pause Young (Normal) (G1 Evacuation Pause)
[194.485s][info][gc,task        ] GC(1429) Using 1 workers of 1 for evacuation
[194.489s][info][gc,phases      ] GC(1429)   Pre Evacuate Collection Set: 0.0ms
[194.489s][info][gc,phases      ] GC(1429)   Evacuate Collection Set: 2.9ms
[194.489s][info][gc,phases      ] GC(1429)   Post Evacuate Collection Set: 0.4ms
[194.489s][info][gc,phases      ] GC(1429)   Other: 0.3ms
[194.489s][info][gc,heap        ] GC(1429) Eden regions: 288->0(288)
[194.489s][info][gc,heap        ] GC(1429) Survivor regions: 1->1(37)
[194.489s][info][gc,heap        ] GC(1429) Old regions: 67->67
[194.489s][info][gc,heap        ] GC(1429) Humongous regions: 6->6
[194.489s][info][gc,metaspace   ] GC(1429) Metaspace: 73029K->73029K(1116160K)
[194.489s][info][gc             ] GC(1429) Pause Young (Normal) (G1 Evacuation Pause) 360M->72M(483M) 3.616ms
[194.489s][info][gc,cpu         ] GC(1429) User=0.01s Sys=0.00s Real=0.00s
[194.620s][info][gc,start       ] GC(1430) Pause Young (Normal) (G1 Evacuation Pause)
[194.620s][info][gc,task        ] GC(1430) Using 1 workers of 1 for evacuation
[194.624s][info][gc,phases      ] GC(1430)   Pre Evacuate Collection Set: 0.0ms
[194.624s][info][gc,phases      ] GC(1430)   Evacuate Collection Set: 2.8ms
[194.624s][info][gc,phases      ] GC(1430)   Post Evacuate Collection Set: 0.4ms
[194.624s][info][gc,phases      ] GC(1430)   Other: 0.4ms
[194.624s][info][gc,heap        ] GC(1430) Eden regions: 288->0(288)
[194.624s][info][gc,heap        ] GC(1430) Survivor regions: 1->1(37)
[194.624s][info][gc,heap        ] GC(1430) Old regions: 67->67
[194.624s][info][gc,heap        ] GC(1430) Humongous regions: 6->6
[194.624s][info][gc,metaspace   ] GC(1430) Metaspace: 73029K->73029K(1116160K)
[194.624s][info][gc             ] GC(1430) Pause Young (Normal) (G1 Evacuation Pause) 360M->72M(483M) 3.606ms
[194.624s][info][gc,cpu         ] GC(1430) User=0.00s Sys=0.00s Real=0.00s
[194.765s][info][gc,start       ] GC(1431) Pause Young (Normal) (G1 Evacuation Pause)
[194.765s][info][gc,task        ] GC(1431) Using 1 workers of 1 for evacuation
[194.768s][info][gc,phases      ] GC(1431)   Pre Evacuate Collection Set: 0.0ms
[194.768s][info][gc,phases      ] GC(1431)   Evacuate Collection Set: 2.8ms
[194.768s][info][gc,phases      ] GC(1431)   Post Evacuate Collection Set: 0.4ms
[194.768s][info][gc,phases      ] GC(1431)   Other: 0.3ms
[194.768s][info][gc,heap        ] GC(1431) Eden regions: 288->0(288)
[194.768s][info][gc,heap        ] GC(1431) Survivor regions: 1->1(37)
[194.768s][info][gc,heap        ] GC(1431) Old regions: 67->67
[194.768s][info][gc,heap        ] GC(1431) Humongous regions: 6->6
[194.768s][info][gc,metaspace   ] GC(1431) Metaspace: 73029K->73029K(1116160K)
[194.768s][info][gc             ] GC(1431) Pause Young (Normal) (G1 Evacuation Pause) 360M->72M(483M) 3.659ms
[194.769s][info][gc,cpu         ] GC(1431) User=0.01s Sys=0.00s Real=0.00s
[194.902s][info][gc,start       ] GC(1432) Pause Young (Normal) (G1 Evacuation Pause)
[194.902s][info][gc,task        ] GC(1432) Using 1 workers of 1 for evacuation
[194.906s][info][gc,phases      ] GC(1432)   Pre Evacuate Collection Set: 0.0ms
[194.906s][info][gc,phases      ] GC(1432)   Evacuate Collection Set: 2.7ms
[194.906s][info][gc,phases      ] GC(1432)   Post Evacuate Collection Set: 0.5ms
[194.906s][info][gc,phases      ] GC(1432)   Other: 0.3ms
[194.906s][info][gc,heap        ] GC(1432) Eden regions: 288->0(288)
[194.906s][info][gc,heap        ] GC(1432) Survivor regions: 1->1(37)
[194.906s][info][gc,heap        ] GC(1432) Old regions: 67->67
[194.906s][info][gc,heap        ] GC(1432) Humongous regions: 6->6
[194.906s][info][gc,metaspace   ] GC(1432) Metaspace: 73029K->73029K(1116160K)
[194.906s][info][gc             ] GC(1432) Pause Young (Normal) (G1 Evacuation Pause) 360M->72M(483M) 3.557ms
[194.906s][info][gc,cpu         ] GC(1432) User=0.00s Sys=0.00s Real=0.00s
[195.051s][info][gc,start       ] GC(1433) Pause Young (Normal) (G1 Evacuation Pause)
[195.051s][info][gc,task        ] GC(1433) Using 1 workers of 1 for evacuation
[195.055s][info][gc,phases      ] GC(1433)   Pre Evacuate Collection Set: 0.0ms
[195.055s][info][gc,phases      ] GC(1433)   Evacuate Collection Set: 2.8ms
[195.055s][info][gc,phases      ] GC(1433)   Post Evacuate Collection Set: 0.4ms
[195.055s][info][gc,phases      ] GC(1433)   Other: 0.4ms
[195.055s][info][gc,heap        ] GC(1433) Eden regions: 288->0(288)
[195.055s][info][gc,heap        ] GC(1433) Survivor regions: 1->1(37)
[195.055s][info][gc,heap        ] GC(1433) Old regions: 67->67
[195.055s][info][gc,heap        ] GC(1433) Humongous regions: 11->6
[195.055s][info][gc,metaspace   ] GC(1433) Metaspace: 73029K->73029K(1116160K)
[195.055s][info][gc             ] GC(1433) Pause Young (Normal) (G1 Evacuation Pause) 365M->71M(483M) 3.584ms
[195.055s][info][gc,cpu         ] GC(1433) User=0.00s Sys=0.00s Real=0.00s
[195.190s][info][gc,start       ] GC(1434) Pause Young (Normal) (G1 Evacuation Pause)
[195.190s][info][gc,task        ] GC(1434) Using 1 workers of 1 for evacuation
[195.194s][info][gc,phases      ] GC(1434)   Pre Evacuate Collection Set: 0.0ms
[195.194s][info][gc,phases      ] GC(1434)   Evacuate Collection Set: 2.7ms
[195.194s][info][gc,phases      ] GC(1434)   Post Evacuate Collection Set: 0.4ms
[195.194s][info][gc,phases      ] GC(1434)   Other: 0.3ms
[195.194s][info][gc,heap        ] GC(1434) Eden regions: 288->0(288)
[195.194s][info][gc,heap        ] GC(1434) Survivor regions: 1->1(37)
[195.194s][info][gc,heap        ] GC(1434) Old regions: 67->67
[195.194s][info][gc,heap        ] GC(1434) Humongous regions: 6->6
[195.194s][info][gc,metaspace   ] GC(1434) Metaspace: 73029K->73029K(1116160K)
[195.194s][info][gc             ] GC(1434) Pause Young (Normal) (G1 Evacuation Pause) 359M->71M(483M) 3.462ms
[195.194s][info][gc,cpu         ] GC(1434) User=0.00s Sys=0.00s Real=0.00s
[195.326s][info][gc,start       ] GC(1435) Pause Young (Normal) (G1 Evacuation Pause)
[195.326s][info][gc,task        ] GC(1435) Using 1 workers of 1 for evacuation
[195.330s][info][gc,phases      ] GC(1435)   Pre Evacuate Collection Set: 0.0ms
[195.330s][info][gc,phases      ] GC(1435)   Evacuate Collection Set: 2.6ms
[195.330s][info][gc,phases      ] GC(1435)   Post Evacuate Collection Set: 0.4ms
[195.330s][info][gc,phases      ] GC(1435)   Other: 0.3ms
[195.330s][info][gc,heap        ] GC(1435) Eden regions: 288->0(288)
[195.330s][info][gc,heap        ] GC(1435) Survivor regions: 1->1(37)
[195.330s][info][gc,heap        ] GC(1435) Old regions: 67->67
[195.330s][info][gc,heap        ] GC(1435) Humongous regions: 6->6
[195.330s][info][gc,metaspace   ] GC(1435) Metaspace: 73029K->73029K(1116160K)
[195.330s][info][gc             ] GC(1435) Pause Young (Normal) (G1 Evacuation Pause) 359M->71M(483M) 3.425ms
[195.330s][info][gc,cpu         ] GC(1435) User=0.01s Sys=0.00s Real=0.01s
[195.466s][info][gc,start       ] GC(1436) Pause Young (Normal) (G1 Evacuation Pause)
[195.466s][info][gc,task        ] GC(1436) Using 1 workers of 1 for evacuation
[195.469s][info][gc,phases      ] GC(1436)   Pre Evacuate Collection Set: 0.0ms
[195.469s][info][gc,phases      ] GC(1436)   Evacuate Collection Set: 2.5ms
[195.469s][info][gc,phases      ] GC(1436)   Post Evacuate Collection Set: 0.4ms
[195.469s][info][gc,phases      ] GC(1436)   Other: 0.4ms
[195.469s][info][gc,heap        ] GC(1436) Eden regions: 288->0(288)
[195.469s][info][gc,heap        ] GC(1436) Survivor regions: 1->1(37)
[195.470s][info][gc,heap        ] GC(1436) Old regions: 67->67
[195.470s][info][gc,heap        ] GC(1436) Humongous regions: 6->6
[195.470s][info][gc,metaspace   ] GC(1436) Metaspace: 73029K->73029K(1116160K)
[195.470s][info][gc             ] GC(1436) Pause Young (Normal) (G1 Evacuation Pause) 359M->71M(483M) 3.360ms
[195.470s][info][gc,cpu         ] GC(1436) User=0.00s Sys=0.00s Real=0.00s
[195.602s][info][gc,start       ] GC(1437) Pause Young (Normal) (G1 Evacuation Pause)
[195.602s][info][gc,task        ] GC(1437) Using 1 workers of 1 for evacuation
[195.606s][info][gc,phases      ] GC(1437)   Pre Evacuate Collection Set: 0.0ms
[195.606s][info][gc,phases      ] GC(1437)   Evacuate Collection Set: 2.6ms
[195.606s][info][gc,phases      ] GC(1437)   Post Evacuate Collection Set: 0.4ms
[195.606s][info][gc,phases      ] GC(1437)   Other: 0.3ms
[195.606s][info][gc,heap        ] GC(1437) Eden regions: 288->0(288)
[195.606s][info][gc,heap        ] GC(1437) Survivor regions: 1->1(37)
[195.606s][info][gc,heap        ] GC(1437) Old regions: 67->67
[195.606s][info][gc,heap        ] GC(1437) Humongous regions: 6->6
[195.606s][info][gc,metaspace   ] GC(1437) Metaspace: 73029K->73029K(1116160K)
[195.606s][info][gc             ] GC(1437) Pause Young (Normal) (G1 Evacuation Pause) 359M->71M(483M) 3.379ms
[195.606s][info][gc,cpu         ] GC(1437) User=0.01s Sys=0.00s Real=0.00s
[195.744s][info][gc,start       ] GC(1438) Pause Young (Normal) (G1 Evacuation Pause)
[195.744s][info][gc,task        ] GC(1438) Using 1 workers of 1 for evacuation
[195.747s][info][gc,phases      ] GC(1438)   Pre Evacuate Collection Set: 0.0ms
[195.747s][info][gc,phases      ] GC(1438)   Evacuate Collection Set: 2.9ms
[195.747s][info][gc,phases      ] GC(1438)   Post Evacuate Collection Set: 0.4ms
[195.747s][info][gc,phases      ] GC(1438)   Other: 0.3ms
[195.747s][info][gc,heap        ] GC(1438) Eden regions: 288->0(288)
[195.747s][info][gc,heap        ] GC(1438) Survivor regions: 1->1(37)
[195.747s][info][gc,heap        ] GC(1438) Old regions: 67->67
[195.747s][info][gc,heap        ] GC(1438) Humongous regions: 6->6
[195.747s][info][gc,metaspace   ] GC(1438) Metaspace: 73029K->73029K(1116160K)
[195.747s][info][gc             ] GC(1438) Pause Young (Normal) (G1 Evacuation Pause) 359M->71M(483M) 3.682ms
[195.747s][info][gc,cpu         ] GC(1438) User=0.00s Sys=0.00s Real=0.00s
[195.885s][info][gc,start       ] GC(1439) Pause Young (Normal) (G1 Evacuation Pause)
[195.885s][info][gc,task        ] GC(1439) Using 1 workers of 1 for evacuation
[195.889s][info][gc,phases      ] GC(1439)   Pre Evacuate Collection Set: 0.0ms
[195.889s][info][gc,phases      ] GC(1439)   Evacuate Collection Set: 2.9ms
[195.889s][info][gc,phases      ] GC(1439)   Post Evacuate Collection Set: 0.4ms
[195.889s][info][gc,phases      ] GC(1439)   Other: 0.4ms
[195.889s][info][gc,heap        ] GC(1439) Eden regions: 288->0(288)
[195.889s][info][gc,heap        ] GC(1439) Survivor regions: 1->1(37)
[195.889s][info][gc,heap        ] GC(1439) Old regions: 67->67
[195.889s][info][gc,heap        ] GC(1439) Humongous regions: 6->6
[195.889s][info][gc,metaspace   ] GC(1439) Metaspace: 73029K->73029K(1116160K)
[195.889s][info][gc             ] GC(1439) Pause Young (Normal) (G1 Evacuation Pause) 359M->72M(483M) 3.782ms
[195.889s][info][gc,cpu         ] GC(1439) User=0.00s Sys=0.00s Real=0.00s
[196.039s][info][gc,start       ] GC(1440) Pause Young (Normal) (G1 Evacuation Pause)
[196.039s][info][gc,task        ] GC(1440) Using 1 workers of 1 for evacuation
[196.042s][info][gc,phases      ] GC(1440)   Pre Evacuate Collection Set: 0.0ms
[196.042s][info][gc,phases      ] GC(1440)   Evacuate Collection Set: 3.0ms
[196.042s][info][gc,phases      ] GC(1440)   Post Evacuate Collection Set: 0.4ms
[196.042s][info][gc,phases      ] GC(1440)   Other: 0.3ms
[196.042s][info][gc,heap        ] GC(1440) Eden regions: 288->0(288)
[196.042s][info][gc,heap        ] GC(1440) Survivor regions: 1->1(37)
[196.042s][info][gc,heap        ] GC(1440) Old regions: 67->67
[196.042s][info][gc,heap        ] GC(1440) Humongous regions: 11->6
[196.042s][info][gc,metaspace   ] GC(1440) Metaspace: 73030K->73030K(1116160K)
[196.042s][info][gc             ] GC(1440) Pause Young (Normal) (G1 Evacuation Pause) 365M->72M(483M) 3.802ms
[196.042s][info][gc,cpu         ] GC(1440) User=0.00s Sys=0.00s Real=0.00s
[196.179s][info][gc,start       ] GC(1441) Pause Young (Normal) (G1 Evacuation Pause)
[196.180s][info][gc,task        ] GC(1441) Using 1 workers of 1 for evacuation
[196.183s][info][gc,phases      ] GC(1441)   Pre Evacuate Collection Set: 0.0ms
[196.183s][info][gc,phases      ] GC(1441)   Evacuate Collection Set: 3.0ms
[196.183s][info][gc,phases      ] GC(1441)   Post Evacuate Collection Set: 0.4ms
[196.183s][info][gc,phases      ] GC(1441)   Other: 0.7ms
[196.183s][info][gc,heap        ] GC(1441) Eden regions: 288->0(288)
[196.183s][info][gc,heap        ] GC(1441) Survivor regions: 1->1(37)
[196.183s][info][gc,heap        ] GC(1441) Old regions: 67->67
[196.183s][info][gc,heap        ] GC(1441) Humongous regions: 6->6
[196.183s][info][gc,metaspace   ] GC(1441) Metaspace: 73030K->73030K(1116160K)
[196.183s][info][gc             ] GC(1441) Pause Young (Normal) (G1 Evacuation Pause) 360M->72M(483M) 4.146ms
[196.184s][info][gc,cpu         ] GC(1441) User=0.01s Sys=0.00s Real=0.00s
[196.318s][info][gc,start       ] GC(1442) Pause Young (Normal) (G1 Evacuation Pause)
[196.318s][info][gc,task        ] GC(1442) Using 1 workers of 1 for evacuation
[196.321s][info][gc,phases      ] GC(1442)   Pre Evacuate Collection Set: 0.0ms
[196.321s][info][gc,phases      ] GC(1442)   Evacuate Collection Set: 2.8ms
[196.321s][info][gc,phases      ] GC(1442)   Post Evacuate Collection Set: 0.4ms
[196.321s][info][gc,phases      ] GC(1442)   Other: 0.4ms
[196.321s][info][gc,heap        ] GC(1442) Eden regions: 288->0(288)
[196.321s][info][gc,heap        ] GC(1442) Survivor regions: 1->1(37)
[196.321s][info][gc,heap        ] GC(1442) Old regions: 67->67
[196.321s][info][gc,heap        ] GC(1442) Humongous regions: 6->6
[196.321s][info][gc,metaspace   ] GC(1442) Metaspace: 73030K->73030K(1116160K)
[196.322s][info][gc             ] GC(1442) Pause Young (Normal) (G1 Evacuation Pause) 360M->72M(483M) 3.645ms
[196.322s][info][gc,cpu         ] GC(1442) User=0.01s Sys=0.00s Real=0.00s
[196.454s][info][gc,start       ] GC(1443) Pause Young (Normal) (G1 Evacuation Pause)
[196.454s][info][gc,task        ] GC(1443) Using 1 workers of 1 for evacuation
[196.458s][info][gc,phases      ] GC(1443)   Pre Evacuate Collection Set: 0.0ms
[196.458s][info][gc,phases      ] GC(1443)   Evacuate Collection Set: 3.1ms
[196.458s][info][gc,phases      ] GC(1443)   Post Evacuate Collection Set: 0.4ms
[196.458s][info][gc,phases      ] GC(1443)   Other: 0.4ms
[196.458s][info][gc,heap        ] GC(1443) Eden regions: 288->0(288)
[196.458s][info][gc,heap        ] GC(1443) Survivor regions: 1->1(37)
[196.458s][info][gc,heap        ] GC(1443) Old regions: 67->67
[196.458s][info][gc,heap        ] GC(1443) Humongous regions: 6->6
[196.458s][info][gc,metaspace   ] GC(1443) Metaspace: 73030K->73030K(1116160K)
[196.458s][info][gc             ] GC(1443) Pause Young (Normal) (G1 Evacuation Pause) 360M->72M(483M) 3.947ms
[196.458s][info][gc,cpu         ] GC(1443) User=0.00s Sys=0.00s Real=0.01s
[196.590s][info][gc,start       ] GC(1444) Pause Young (Normal) (G1 Evacuation Pause)
[196.590s][info][gc,task        ] GC(1444) Using 1 workers of 1 for evacuation
[196.593s][info][gc,phases      ] GC(1444)   Pre Evacuate Collection Set: 0.0ms
[196.593s][info][gc,phases      ] GC(1444)   Evacuate Collection Set: 2.6ms
[196.593s][info][gc,phases      ] GC(1444)   Post Evacuate Collection Set: 0.4ms
[196.593s][info][gc,phases      ] GC(1444)   Other: 0.4ms
[196.593s][info][gc,heap        ] GC(1444) Eden regions: 288->0(288)
[196.593s][info][gc,heap        ] GC(1444) Survivor regions: 1->1(37)
[196.593s][info][gc,heap        ] GC(1444) Old regions: 67->67
[196.593s][info][gc,heap        ] GC(1444) Humongous regions: 6->6
[196.593s][info][gc,metaspace   ] GC(1444) Metaspace: 73030K->73030K(1116160K)
[196.593s][info][gc             ] GC(1444) Pause Young (Normal) (G1 Evacuation Pause) 360M->72M(483M) 3.470ms
[196.593s][info][gc,cpu         ] GC(1444) User=0.01s Sys=0.00s Real=0.01s
[196.728s][info][gc,start       ] GC(1445) Pause Young (Normal) (G1 Evacuation Pause)
[196.728s][info][gc,task        ] GC(1445) Using 1 workers of 1 for evacuation
[196.732s][info][gc,phases      ] GC(1445)   Pre Evacuate Collection Set: 0.0ms
[196.732s][info][gc,phases      ] GC(1445)   Evacuate Collection Set: 2.7ms
[196.732s][info][gc,phases      ] GC(1445)   Post Evacuate Collection Set: 0.4ms
[196.732s][info][gc,phases      ] GC(1445)   Other: 0.3ms
[196.732s][info][gc,heap        ] GC(1445) Eden regions: 288->0(288)
[196.732s][info][gc,heap        ] GC(1445) Survivor regions: 1->1(37)
[196.732s][info][gc,heap        ] GC(1445) Old regions: 67->67
[196.732s][info][gc,heap        ] GC(1445) Humongous regions: 6->6
[196.732s][info][gc,metaspace   ] GC(1445) Metaspace: 73030K->73030K(1116160K)
[196.732s][info][gc             ] GC(1445) Pause Young (Normal) (G1 Evacuation Pause) 360M->72M(483M) 3.496ms
[196.732s][info][gc,cpu         ] GC(1445) User=0.01s Sys=0.00s Real=0.01s
[196.878s][info][gc,start       ] GC(1446) Pause Young (Normal) (G1 Evacuation Pause)
[196.878s][info][gc,task        ] GC(1446) Using 1 workers of 1 for evacuation
[196.882s][info][gc,phases      ] GC(1446)   Pre Evacuate Collection Set: 0.0ms
[196.882s][info][gc,phases      ] GC(1446)   Evacuate Collection Set: 2.7ms
[196.882s][info][gc,phases      ] GC(1446)   Post Evacuate Collection Set: 0.5ms
[196.882s][info][gc,phases      ] GC(1446)   Other: 0.3ms
[196.882s][info][gc,heap        ] GC(1446) Eden regions: 288->0(288)
[196.882s][info][gc,heap        ] GC(1446) Survivor regions: 1->1(37)
[196.882s][info][gc,heap        ] GC(1446) Old regions: 67->67
[196.882s][info][gc,heap        ] GC(1446) Humongous regions: 11->6
[196.882s][info][gc,metaspace   ] GC(1446) Metaspace: 73031K->73031K(1116160K)
[196.882s][info][gc             ] GC(1446) Pause Young (Normal) (G1 Evacuation Pause) 365M->71M(483M) 3.528ms
[196.882s][info][gc,cpu         ] GC(1446) User=0.00s Sys=0.00s Real=0.00s
[197.016s][info][gc,start       ] GC(1447) Pause Young (Normal) (G1 Evacuation Pause)
[197.016s][info][gc,task        ] GC(1447) Using 1 workers of 1 for evacuation
[197.019s][info][gc,phases      ] GC(1447)   Pre Evacuate Collection Set: 0.0ms
[197.019s][info][gc,phases      ] GC(1447)   Evacuate Collection Set: 2.8ms
[197.019s][info][gc,phases      ] GC(1447)   Post Evacuate Collection Set: 0.5ms
[197.019s][info][gc,phases      ] GC(1447)   Other: 0.4ms
[197.019s][info][gc,heap        ] GC(1447) Eden regions: 288->0(288)
[197.019s][info][gc,heap        ] GC(1447) Survivor regions: 1->1(37)
[197.019s][info][gc,heap        ] GC(1447) Old regions: 67->67
[197.019s][info][gc,heap        ] GC(1447) Humongous regions: 6->6
[197.019s][info][gc,metaspace   ] GC(1447) Metaspace: 73031K->73031K(1116160K)
[197.019s][info][gc             ] GC(1447) Pause Young (Normal) (G1 Evacuation Pause) 359M->71M(483M) 3.678ms
[197.019s][info][gc,cpu         ] GC(1447) User=0.00s Sys=0.00s Real=0.01s
[197.153s][info][gc,start       ] GC(1448) Pause Young (Normal) (G1 Evacuation Pause)
[197.153s][info][gc,task        ] GC(1448) Using 1 workers of 1 for evacuation
[197.156s][info][gc,phases      ] GC(1448)   Pre Evacuate Collection Set: 0.0ms
[197.156s][info][gc,phases      ] GC(1448)   Evacuate Collection Set: 2.7ms
[197.156s][info][gc,phases      ] GC(1448)   Post Evacuate Collection Set: 0.4ms
[197.156s][info][gc,phases      ] GC(1448)   Other: 0.3ms
[197.156s][info][gc,heap        ] GC(1448) Eden regions: 288->0(288)
[197.156s][info][gc,heap        ] GC(1448) Survivor regions: 1->1(37)
[197.156s][info][gc,heap        ] GC(1448) Old regions: 67->67
[197.156s][info][gc,heap        ] GC(1448) Humongous regions: 6->6
[197.156s][info][gc,metaspace   ] GC(1448) Metaspace: 73031K->73031K(1116160K)
[197.156s][info][gc             ] GC(1448) Pause Young (Normal) (G1 Evacuation Pause) 359M->71M(483M) 3.453ms
[197.156s][info][gc,cpu         ] GC(1448) User=0.00s Sys=0.00s Real=0.00s
[197.289s][info][gc,start       ] GC(1449) Pause Young (Normal) (G1 Evacuation Pause)
[197.289s][info][gc,task        ] GC(1449) Using 1 workers of 1 for evacuation
[197.293s][info][gc,phases      ] GC(1449)   Pre Evacuate Collection Set: 0.0ms
[197.293s][info][gc,phases      ] GC(1449)   Evacuate Collection Set: 2.7ms
[197.293s][info][gc,phases      ] GC(1449)   Post Evacuate Collection Set: 0.4ms
[197.293s][info][gc,phases      ] GC(1449)   Other: 0.3ms
[197.293s][info][gc,heap        ] GC(1449) Eden regions: 288->0(288)
[197.293s][info][gc,heap        ] GC(1449) Survivor regions: 1->1(37)
[197.293s][info][gc,heap        ] GC(1449) Old regions: 67->67
[197.293s][info][gc,heap        ] GC(1449) Humongous regions: 6->6
[197.293s][info][gc,metaspace   ] GC(1449) Metaspace: 73031K->73031K(1116160K)
[197.293s][info][gc             ] GC(1449) Pause Young (Normal) (G1 Evacuation Pause) 359M->71M(483M) 3.440ms
[197.293s][info][gc,cpu         ] GC(1449) User=0.01s Sys=0.00s Real=0.01s
[197.427s][info][gc,start       ] GC(1450) Pause Young (Normal) (G1 Evacuation Pause)
[197.427s][info][gc,task        ] GC(1450) Using 1 workers of 1 for evacuation
[197.431s][info][gc,phases      ] GC(1450)   Pre Evacuate Collection Set: 0.0ms
[197.431s][info][gc,phases      ] GC(1450)   Evacuate Collection Set: 2.9ms
[197.431s][info][gc,phases      ] GC(1450)   Post Evacuate Collection Set: 0.4ms
[197.431s][info][gc,phases      ] GC(1450)   Other: 0.4ms
[197.431s][info][gc,heap        ] GC(1450) Eden regions: 288->0(288)
[197.431s][info][gc,heap        ] GC(1450) Survivor regions: 1->1(37)
[197.431s][info][gc,heap        ] GC(1450) Old regions: 67->67
[197.431s][info][gc,heap        ] GC(1450) Humongous regions: 6->6
[197.431s][info][gc,metaspace   ] GC(1450) Metaspace: 73031K->73031K(1116160K)
[197.431s][info][gc             ] GC(1450) Pause Young (Normal) (G1 Evacuation Pause) 359M->71M(483M) 3.700ms
[197.431s][info][gc,cpu         ] GC(1450) User=0.00s Sys=0.00s Real=0.01s
[197.572s][info][gc,start       ] GC(1451) Pause Young (Normal) (G1 Evacuation Pause)
[197.572s][info][gc,task        ] GC(1451) Using 1 workers of 1 for evacuation
[197.576s][info][gc,phases      ] GC(1451)   Pre Evacuate Collection Set: 0.0ms
[197.576s][info][gc,phases      ] GC(1451)   Evacuate Collection Set: 3.0ms
[197.576s][info][gc,phases      ] GC(1451)   Post Evacuate Collection Set: 0.4ms
[197.576s][info][gc,phases      ] GC(1451)   Other: 0.3ms
[197.576s][info][gc,heap        ] GC(1451) Eden regions: 288->0(288)
[197.576s][info][gc,heap        ] GC(1451) Survivor regions: 1->1(37)
[197.576s][info][gc,heap        ] GC(1451) Old regions: 67->67
[197.576s][info][gc,heap        ] GC(1451) Humongous regions: 6->6
[197.576s][info][gc,metaspace   ] GC(1451) Metaspace: 73032K->73032K(1116160K)
[197.576s][info][gc             ] GC(1451) Pause Young (Normal) (G1 Evacuation Pause) 359M->72M(483M) 3.788ms
[197.576s][info][gc,cpu         ] GC(1451) User=0.01s Sys=0.00s Real=0.00s
[197.721s][info][gc,start       ] GC(1452) Pause Young (Normal) (G1 Evacuation Pause)
[197.721s][info][gc,task        ] GC(1452) Using 1 workers of 1 for evacuation
[197.724s][info][gc,phases      ] GC(1452)   Pre Evacuate Collection Set: 0.0ms
[197.724s][info][gc,phases      ] GC(1452)   Evacuate Collection Set: 2.9ms
[197.724s][info][gc,phases      ] GC(1452)   Post Evacuate Collection Set: 0.4ms
[197.724s][info][gc,phases      ] GC(1452)   Other: 0.3ms
[197.724s][info][gc,heap        ] GC(1452) Eden regions: 288->0(288)
[197.724s][info][gc,heap        ] GC(1452) Survivor regions: 1->1(37)
[197.724s][info][gc,heap        ] GC(1452) Old regions: 67->67
[197.724s][info][gc,heap        ] GC(1452) Humongous regions: 6->6
[197.724s][info][gc,metaspace   ] GC(1452) Metaspace: 73032K->73032K(1116160K)
[197.724s][info][gc             ] GC(1452) Pause Young (Normal) (G1 Evacuation Pause) 360M->72M(483M) 3.680ms
[197.724s][info][gc,cpu         ] GC(1452) User=0.01s Sys=0.00s Real=0.00s
[197.882s][info][gc,start       ] GC(1453) Pause Young (Normal) (G1 Evacuation Pause)
[197.882s][info][gc,task        ] GC(1453) Using 1 workers of 1 for evacuation
[197.886s][info][gc,phases      ] GC(1453)   Pre Evacuate Collection Set: 0.0ms
[197.886s][info][gc,phases      ] GC(1453)   Evacuate Collection Set: 3.0ms
[197.886s][info][gc,phases      ] GC(1453)   Post Evacuate Collection Set: 0.4ms
[197.886s][info][gc,phases      ] GC(1453)   Other: 0.4ms
[197.886s][info][gc,heap        ] GC(1453) Eden regions: 288->0(288)
[197.886s][info][gc,heap        ] GC(1453) Survivor regions: 1->1(37)
[197.886s][info][gc,heap        ] GC(1453) Old regions: 67->67
[197.886s][info][gc,heap        ] GC(1453) Humongous regions: 11->6
[197.886s][info][gc,metaspace   ] GC(1453) Metaspace: 73033K->73033K(1116160K)
[197.886s][info][gc             ] GC(1453) Pause Young (Normal) (G1 Evacuation Pause) 365M->72M(483M) 3.923ms
[197.886s][info][gc,cpu         ] GC(1453) User=0.00s Sys=0.00s Real=0.00s
[198.019s][info][gc,start       ] GC(1454) Pause Young (Normal) (G1 Evacuation Pause)
[198.019s][info][gc,task        ] GC(1454) Using 1 workers of 1 for evacuation
[198.023s][info][gc,phases      ] GC(1454)   Pre Evacuate Collection Set: 0.0ms
[198.023s][info][gc,phases      ] GC(1454)   Evacuate Collection Set: 2.9ms
[198.023s][info][gc,phases      ] GC(1454)   Post Evacuate Collection Set: 0.4ms
[198.023s][info][gc,phases      ] GC(1454)   Other: 0.3ms
[198.023s][info][gc,heap        ] GC(1454) Eden regions: 288->0(288)
[198.023s][info][gc,heap        ] GC(1454) Survivor regions: 1->1(37)
[198.023s][info][gc,heap        ] GC(1454) Old regions: 67->67
[198.023s][info][gc,heap        ] GC(1454) Humongous regions: 6->6
[198.023s][info][gc,metaspace   ] GC(1454) Metaspace: 73033K->73033K(1116160K)
[198.023s][info][gc             ] GC(1454) Pause Young (Normal) (G1 Evacuation Pause) 360M->72M(483M) 3.678ms
[198.023s][info][gc,cpu         ] GC(1454) User=0.00s Sys=0.00s Real=0.00s
[198.156s][info][gc,start       ] GC(1455) Pause Young (Normal) (G1 Evacuation Pause)
[198.156s][info][gc,task        ] GC(1455) Using 1 workers of 1 for evacuation
[198.159s][info][gc,phases      ] GC(1455)   Pre Evacuate Collection Set: 0.0ms
[198.159s][info][gc,phases      ] GC(1455)   Evacuate Collection Set: 3.0ms
[198.159s][info][gc,phases      ] GC(1455)   Post Evacuate Collection Set: 0.4ms
[198.159s][info][gc,phases      ] GC(1455)   Other: 0.4ms
[198.159s][info][gc,heap        ] GC(1455) Eden regions: 288->0(288)
[198.159s][info][gc,heap        ] GC(1455) Survivor regions: 1->1(37)
[198.159s][info][gc,heap        ] GC(1455) Old regions: 67->67
[198.159s][info][gc,heap        ] GC(1455) Humongous regions: 6->6
[198.159s][info][gc,metaspace   ] GC(1455) Metaspace: 73033K->73033K(1116160K)
[198.159s][info][gc             ] GC(1455) Pause Young (Normal) (G1 Evacuation Pause) 360M->72M(483M) 3.810ms
[198.159s][info][gc,cpu         ] GC(1455) User=0.01s Sys=0.00s Real=0.01s
[198.291s][info][gc,start       ] GC(1456) Pause Young (Normal) (G1 Evacuation Pause)
[198.291s][info][gc,task        ] GC(1456) Using 1 workers of 1 for evacuation
[198.295s][info][gc,phases      ] GC(1456)   Pre Evacuate Collection Set: 0.0ms
[198.295s][info][gc,phases      ] GC(1456)   Evacuate Collection Set: 2.8ms
[198.295s][info][gc,phases      ] GC(1456)   Post Evacuate Collection Set: 0.4ms
[198.295s][info][gc,phases      ] GC(1456)   Other: 0.3ms
[198.295s][info][gc,heap        ] GC(1456) Eden regions: 288->0(288)
[198.295s][info][gc,heap        ] GC(1456) Survivor regions: 1->1(37)
[198.295s][info][gc,heap        ] GC(1456) Old regions: 67->67
[198.295s][info][gc,heap        ] GC(1456) Humongous regions: 6->6
[198.295s][info][gc,metaspace   ] GC(1456) Metaspace: 73033K->73033K(1116160K)
[198.295s][info][gc             ] GC(1456) Pause Young (Normal) (G1 Evacuation Pause) 360M->72M(483M) 3.600ms
[198.295s][info][gc,cpu         ] GC(1456) User=0.00s Sys=0.00s Real=0.00s
[198.430s][info][gc,start       ] GC(1457) Pause Young (Normal) (G1 Evacuation Pause)
[198.430s][info][gc,task        ] GC(1457) Using 1 workers of 1 for evacuation
[198.433s][info][gc,phases      ] GC(1457)   Pre Evacuate Collection Set: 0.0ms
[198.433s][info][gc,phases      ] GC(1457)   Evacuate Collection Set: 2.8ms
[198.433s][info][gc,phases      ] GC(1457)   Post Evacuate Collection Set: 0.4ms
[198.433s][info][gc,phases      ] GC(1457)   Other: 0.3ms
[198.433s][info][gc,heap        ] GC(1457) Eden regions: 288->0(288)
[198.433s][info][gc,heap        ] GC(1457) Survivor regions: 1->1(37)
[198.433s][info][gc,heap        ] GC(1457) Old regions: 67->67
[198.433s][info][gc,heap        ] GC(1457) Humongous regions: 6->6
[198.433s][info][gc,metaspace   ] GC(1457) Metaspace: 73033K->73033K(1116160K)
[198.433s][info][gc             ] GC(1457) Pause Young (Normal) (G1 Evacuation Pause) 360M->72M(483M) 3.598ms
[198.433s][info][gc,cpu         ] GC(1457) User=0.00s Sys=0.00s Real=0.01s
[198.565s][info][gc,start       ] GC(1458) Pause Young (Normal) (G1 Evacuation Pause)
[198.565s][info][gc,task        ] GC(1458) Using 1 workers of 1 for evacuation
[198.568s][info][gc,phases      ] GC(1458)   Pre Evacuate Collection Set: 0.0ms
[198.568s][info][gc,phases      ] GC(1458)   Evacuate Collection Set: 2.8ms
[198.568s][info][gc,phases      ] GC(1458)   Post Evacuate Collection Set: 0.4ms
[198.568s][info][gc,phases      ] GC(1458)   Other: 0.4ms
[198.568s][info][gc,heap        ] GC(1458) Eden regions: 288->0(288)
[198.568s][info][gc,heap        ] GC(1458) Survivor regions: 1->1(37)
[198.568s][info][gc,heap        ] GC(1458) Old regions: 67->67
[198.568s][info][gc,heap        ] GC(1458) Humongous regions: 6->6
[198.568s][info][gc,metaspace   ] GC(1458) Metaspace: 73033K->73033K(1116160K)
[198.568s][info][gc             ] GC(1458) Pause Young (Normal) (G1 Evacuation Pause) 360M->72M(483M) 3.682ms
[198.568s][info][gc,cpu         ] GC(1458) User=0.00s Sys=0.00s Real=0.00s
[198.719s][info][gc,start       ] GC(1459) Pause Young (Normal) (G1 Evacuation Pause)
[198.719s][info][gc,task        ] GC(1459) Using 1 workers of 1 for evacuation
[198.722s][info][gc,phases      ] GC(1459)   Pre Evacuate Collection Set: 0.0ms
[198.722s][info][gc,phases      ] GC(1459)   Evacuate Collection Set: 2.9ms
[198.722s][info][gc,phases      ] GC(1459)   Post Evacuate Collection Set: 0.4ms
[198.722s][info][gc,phases      ] GC(1459)   Other: 0.3ms
[198.722s][info][gc,heap        ] GC(1459) Eden regions: 288->0(288)
[198.722s][info][gc,heap        ] GC(1459) Survivor regions: 1->1(37)
[198.722s][info][gc,heap        ] GC(1459) Old regions: 67->67
[198.722s][info][gc,heap        ] GC(1459) Humongous regions: 11->6
[198.722s][info][gc,metaspace   ] GC(1459) Metaspace: 73034K->73034K(1116160K)
[198.722s][info][gc             ] GC(1459) Pause Young (Normal) (G1 Evacuation Pause) 365M->71M(483M) 3.725ms
[198.723s][info][gc,cpu         ] GC(1459) User=0.01s Sys=0.00s Real=0.00s
[198.867s][info][gc,start       ] GC(1460) Pause Young (Normal) (G1 Evacuation Pause)
[198.867s][info][gc,task        ] GC(1460) Using 1 workers of 1 for evacuation
[198.870s][info][gc,phases      ] GC(1460)   Pre Evacuate Collection Set: 0.0ms
[198.870s][info][gc,phases      ] GC(1460)   Evacuate Collection Set: 2.7ms
[198.870s][info][gc,phases      ] GC(1460)   Post Evacuate Collection Set: 0.4ms
[198.870s][info][gc,phases      ] GC(1460)   Other: 0.4ms
[198.870s][info][gc,heap        ] GC(1460) Eden regions: 288->0(288)
[198.870s][info][gc,heap        ] GC(1460) Survivor regions: 1->1(37)
[198.870s][info][gc,heap        ] GC(1460) Old regions: 67->67
[198.870s][info][gc,heap        ] GC(1460) Humongous regions: 6->6
[198.870s][info][gc,metaspace   ] GC(1460) Metaspace: 73034K->73034K(1116160K)
[198.870s][info][gc             ] GC(1460) Pause Young (Normal) (G1 Evacuation Pause) 359M->71M(483M) 3.656ms
[198.870s][info][gc,cpu         ] GC(1460) User=0.01s Sys=0.00s Real=0.01s
[199.009s][info][gc,start       ] GC(1461) Pause Young (Normal) (G1 Evacuation Pause)
[199.009s][info][gc,task        ] GC(1461) Using 1 workers of 1 for evacuation
[199.013s][info][gc,phases      ] GC(1461)   Pre Evacuate Collection Set: 0.0ms
[199.013s][info][gc,phases      ] GC(1461)   Evacuate Collection Set: 2.8ms
[199.013s][info][gc,phases      ] GC(1461)   Post Evacuate Collection Set: 0.4ms
[199.013s][info][gc,phases      ] GC(1461)   Other: 0.4ms
[199.013s][info][gc,heap        ] GC(1461) Eden regions: 288->0(288)
[199.013s][info][gc,heap        ] GC(1461) Survivor regions: 1->1(37)
[199.013s][info][gc,heap        ] GC(1461) Old regions: 67->67
[199.013s][info][gc,heap        ] GC(1461) Humongous regions: 6->6
[199.013s][info][gc,metaspace   ] GC(1461) Metaspace: 73034K->73034K(1116160K)
[199.013s][info][gc             ] GC(1461) Pause Young (Normal) (G1 Evacuation Pause) 359M->71M(483M) 3.626ms
[199.013s][info][gc,cpu         ] GC(1461) User=0.01s Sys=0.00s Real=0.01s
[199.149s][info][gc,start       ] GC(1462) Pause Young (Normal) (G1 Evacuation Pause)
[199.149s][info][gc,task        ] GC(1462) Using 1 workers of 1 for evacuation
[199.153s][info][gc,phases      ] GC(1462)   Pre Evacuate Collection Set: 0.0ms
[199.153s][info][gc,phases      ] GC(1462)   Evacuate Collection Set: 2.7ms
[199.153s][info][gc,phases      ] GC(1462)   Post Evacuate Collection Set: 0.4ms
[199.153s][info][gc,phases      ] GC(1462)   Other: 0.3ms
[199.153s][info][gc,heap        ] GC(1462) Eden regions: 288->0(288)
[199.153s][info][gc,heap        ] GC(1462) Survivor regions: 1->1(37)
[199.153s][info][gc,heap        ] GC(1462) Old regions: 67->67
[199.153s][info][gc,heap        ] GC(1462) Humongous regions: 6->6
[199.153s][info][gc,metaspace   ] GC(1462) Metaspace: 73034K->73034K(1116160K)
[199.153s][info][gc             ] GC(1462) Pause Young (Normal) (G1 Evacuation Pause) 359M->71M(483M) 3.391ms
[199.153s][info][gc,cpu         ] GC(1462) User=0.01s Sys=0.00s Real=0.00s
[199.287s][info][gc,start       ] GC(1463) Pause Young (Normal) (G1 Evacuation Pause)
[199.287s][info][gc,task        ] GC(1463) Using 1 workers of 1 for evacuation
[199.290s][info][gc,phases      ] GC(1463)   Pre Evacuate Collection Set: 0.0ms
[199.290s][info][gc,phases      ] GC(1463)   Evacuate Collection Set: 2.7ms
[199.290s][info][gc,phases      ] GC(1463)   Post Evacuate Collection Set: 0.4ms
[199.290s][info][gc,phases      ] GC(1463)   Other: 0.3ms
[199.290s][info][gc,heap        ] GC(1463) Eden regions: 288->0(288)
[199.290s][info][gc,heap        ] GC(1463) Survivor regions: 1->1(37)
[199.290s][info][gc,heap        ] GC(1463) Old regions: 67->67
[199.290s][info][gc,heap        ] GC(1463) Humongous regions: 6->6
[199.290s][info][gc,metaspace   ] GC(1463) Metaspace: 73034K->73034K(1116160K)
[199.290s][info][gc             ] GC(1463) Pause Young (Normal) (G1 Evacuation Pause) 359M->72M(483M) 3.514ms
[199.290s][info][gc,cpu         ] GC(1463) User=0.00s Sys=0.00s Real=0.01s
[199.427s][info][gc,start       ] GC(1464) Pause Young (Normal) (G1 Evacuation Pause)
[199.427s][info][gc,task        ] GC(1464) Using 1 workers of 1 for evacuation
[199.431s][info][gc,phases      ] GC(1464)   Pre Evacuate Collection Set: 0.0ms
[199.431s][info][gc,phases      ] GC(1464)   Evacuate Collection Set: 2.9ms
[199.431s][info][gc,phases      ] GC(1464)   Post Evacuate Collection Set: 0.4ms
[199.431s][info][gc,phases      ] GC(1464)   Other: 0.4ms
[199.431s][info][gc,heap        ] GC(1464) Eden regions: 288->0(288)
[199.431s][info][gc,heap        ] GC(1464) Survivor regions: 1->1(37)
[199.431s][info][gc,heap        ] GC(1464) Old regions: 67->67
[199.431s][info][gc,heap        ] GC(1464) Humongous regions: 6->6
[199.431s][info][gc,metaspace   ] GC(1464) Metaspace: 73034K->73034K(1116160K)
[199.431s][info][gc             ] GC(1464) Pause Young (Normal) (G1 Evacuation Pause) 360M->72M(483M) 3.798ms
[199.431s][info][gc,cpu         ] GC(1464) User=0.00s Sys=0.00s Real=0.01s
[199.568s][info][gc,start       ] GC(1465) Pause Young (Normal) (G1 Evacuation Pause)
[199.568s][info][gc,task        ] GC(1465) Using 1 workers of 1 for evacuation
[199.572s][info][gc,phases      ] GC(1465)   Pre Evacuate Collection Set: 0.0ms
[199.572s][info][gc,phases      ] GC(1465)   Evacuate Collection Set: 3.0ms
[199.572s][info][gc,phases      ] GC(1465)   Post Evacuate Collection Set: 0.4ms
[199.572s][info][gc,phases      ] GC(1465)   Other: 0.3ms
[199.572s][info][gc,heap        ] GC(1465) Eden regions: 288->0(288)
[199.572s][info][gc,heap        ] GC(1465) Survivor regions: 1->1(37)
[199.572s][info][gc,heap        ] GC(1465) Old regions: 67->67
[199.572s][info][gc,heap        ] GC(1465) Humongous regions: 6->6
[199.572s][info][gc,metaspace   ] GC(1465) Metaspace: 73034K->73034K(1116160K)
[199.572s][info][gc             ] GC(1465) Pause Young (Normal) (G1 Evacuation Pause) 360M->72M(483M) 3.729ms
[199.572s][info][gc,cpu         ] GC(1465) User=0.00s Sys=0.00s Real=0.01s
[199.721s][info][gc,start       ] GC(1466) Pause Young (Normal) (G1 Evacuation Pause)
[199.721s][info][gc,task        ] GC(1466) Using 1 workers of 1 for evacuation
[199.725s][info][gc,phases      ] GC(1466)   Pre Evacuate Collection Set: 0.0ms
[199.725s][info][gc,phases      ] GC(1466)   Evacuate Collection Set: 3.0ms
[199.725s][info][gc,phases      ] GC(1466)   Post Evacuate Collection Set: 0.4ms
[199.725s][info][gc,phases      ] GC(1466)   Other: 0.3ms
[199.725s][info][gc,heap        ] GC(1466) Eden regions: 288->0(288)
[199.725s][info][gc,heap        ] GC(1466) Survivor regions: 1->1(37)
[199.725s][info][gc,heap        ] GC(1466) Old regions: 67->67
[199.725s][info][gc,heap        ] GC(1466) Humongous regions: 11->6
[199.725s][info][gc,metaspace   ] GC(1466) Metaspace: 73034K->73034K(1116160K)
[199.725s][info][gc             ] GC(1466) Pause Young (Normal) (G1 Evacuation Pause) 365M->72M(483M) 3.843ms
[199.725s][info][gc,cpu         ] GC(1466) User=0.00s Sys=0.00s Real=0.00s
[199.868s][info][gc,start       ] GC(1467) Pause Young (Normal) (G1 Evacuation Pause)
[199.869s][info][gc,task        ] GC(1467) Using 1 workers of 1 for evacuation
[199.872s][info][gc,phases      ] GC(1467)   Pre Evacuate Collection Set: 0.0ms
[199.872s][info][gc,phases      ] GC(1467)   Evacuate Collection Set: 2.9ms
[199.872s][info][gc,phases      ] GC(1467)   Post Evacuate Collection Set: 0.4ms
[199.872s][info][gc,phases      ] GC(1467)   Other: 0.4ms
[199.872s][info][gc,heap        ] GC(1467) Eden regions: 288->0(288)
[199.872s][info][gc,heap        ] GC(1467) Survivor regions: 1->1(37)
[199.872s][info][gc,heap        ] GC(1467) Old regions: 67->67
[199.872s][info][gc,heap        ] GC(1467) Humongous regions: 6->6
[199.872s][info][gc,metaspace   ] GC(1467) Metaspace: 73034K->73034K(1116160K)
[199.872s][info][gc             ] GC(1467) Pause Young (Normal) (G1 Evacuation Pause) 360M->72M(483M) 3.667ms
[199.872s][info][gc,cpu         ] GC(1467) User=0.00s Sys=0.00s Real=0.01s
[200.008s][info][gc,start       ] GC(1468) Pause Young (Normal) (G1 Evacuation Pause)
[200.008s][info][gc,task        ] GC(1468) Using 1 workers of 1 for evacuation
[200.011s][info][gc,phases      ] GC(1468)   Pre Evacuate Collection Set: 0.0ms
[200.011s][info][gc,phases      ] GC(1468)   Evacuate Collection Set: 2.5ms
[200.011s][info][gc,phases      ] GC(1468)   Post Evacuate Collection Set: 0.4ms
[200.011s][info][gc,phases      ] GC(1468)   Other: 0.3ms
[200.011s][info][gc,heap        ] GC(1468) Eden regions: 288->0(288)
[200.011s][info][gc,heap        ] GC(1468) Survivor regions: 1->1(37)
[200.011s][info][gc,heap        ] GC(1468) Old regions: 67->67
[200.011s][info][gc,heap        ] GC(1468) Humongous regions: 6->6
[200.011s][info][gc,metaspace   ] GC(1468) Metaspace: 73034K->73034K(1116160K)
[200.011s][info][gc             ] GC(1468) Pause Young (Normal) (G1 Evacuation Pause) 360M->72M(483M) 3.279ms
[200.011s][info][gc,cpu         ] GC(1468) User=0.00s Sys=0.00s Real=0.01s
[200.148s][info][gc,start       ] GC(1469) Pause Young (Normal) (G1 Evacuation Pause)
[200.148s][info][gc,task        ] GC(1469) Using 1 workers of 1 for evacuation
[200.151s][info][gc,phases      ] GC(1469)   Pre Evacuate Collection Set: 0.0ms
[200.151s][info][gc,phases      ] GC(1469)   Evacuate Collection Set: 2.7ms
[200.151s][info][gc,phases      ] GC(1469)   Post Evacuate Collection Set: 0.4ms
[200.151s][info][gc,phases      ] GC(1469)   Other: 0.3ms
[200.151s][info][gc,heap        ] GC(1469) Eden regions: 288->0(288)
[200.151s][info][gc,heap        ] GC(1469) Survivor regions: 1->1(37)
[200.151s][info][gc,heap        ] GC(1469) Old regions: 67->67
[200.151s][info][gc,heap        ] GC(1469) Humongous regions: 6->6
[200.151s][info][gc,metaspace   ] GC(1469) Metaspace: 73034K->73034K(1116160K)
[200.151s][info][gc             ] GC(1469) Pause Young (Normal) (G1 Evacuation Pause) 360M->72M(483M) 3.501ms
[200.151s][info][gc,cpu         ] GC(1469) User=0.00s Sys=0.00s Real=0.01s
[200.283s][info][gc,start       ] GC(1470) Pause Young (Normal) (G1 Evacuation Pause)
[200.283s][info][gc,task        ] GC(1470) Using 1 workers of 1 for evacuation
[200.287s][info][gc,phases      ] GC(1470)   Pre Evacuate Collection Set: 0.0ms
[200.287s][info][gc,phases      ] GC(1470)   Evacuate Collection Set: 2.7ms
[200.287s][info][gc,phases      ] GC(1470)   Post Evacuate Collection Set: 0.4ms
[200.287s][info][gc,phases      ] GC(1470)   Other: 0.4ms
[200.287s][info][gc,heap        ] GC(1470) Eden regions: 288->0(288)
[200.287s][info][gc,heap        ] GC(1470) Survivor regions: 1->1(37)
[200.287s][info][gc,heap        ] GC(1470) Old regions: 67->67
[200.287s][info][gc,heap        ] GC(1470) Humongous regions: 6->6
[200.287s][info][gc,metaspace   ] GC(1470) Metaspace: 73034K->73034K(1116160K)
[200.287s][info][gc             ] GC(1470) Pause Young (Normal) (G1 Evacuation Pause) 360M->72M(483M) 3.581ms
[200.287s][info][gc,cpu         ] GC(1470) User=0.00s Sys=0.00s Real=0.00s
[200.421s][info][gc,start       ] GC(1471) Pause Young (Normal) (G1 Evacuation Pause)
[200.421s][info][gc,task        ] GC(1471) Using 1 workers of 1 for evacuation
[200.424s][info][gc,phases      ] GC(1471)   Pre Evacuate Collection Set: 0.0ms
[200.424s][info][gc,phases      ] GC(1471)   Evacuate Collection Set: 2.8ms
[200.424s][info][gc,phases      ] GC(1471)   Post Evacuate Collection Set: 0.4ms
[200.424s][info][gc,phases      ] GC(1471)   Other: 0.4ms
[200.424s][info][gc,heap        ] GC(1471) Eden regions: 288->0(288)
[200.424s][info][gc,heap        ] GC(1471) Survivor regions: 1->1(37)
[200.424s][info][gc,heap        ] GC(1471) Old regions: 67->67
[200.424s][info][gc,heap        ] GC(1471) Humongous regions: 6->6
[200.424s][info][gc,metaspace   ] GC(1471) Metaspace: 73034K->73034K(1116160K)
[200.424s][info][gc             ] GC(1471) Pause Young (Normal) (G1 Evacuation Pause) 360M->72M(483M) 3.567ms
[200.424s][info][gc,cpu         ] GC(1471) User=0.00s Sys=0.00s Real=0.00s
[200.570s][info][gc,start       ] GC(1472) Pause Young (Normal) (G1 Evacuation Pause)
[200.571s][info][gc,task        ] GC(1472) Using 1 workers of 1 for evacuation
[200.574s][info][gc,phases      ] GC(1472)   Pre Evacuate Collection Set: 0.0ms
[200.574s][info][gc,phases      ] GC(1472)   Evacuate Collection Set: 2.7ms
[200.574s][info][gc,phases      ] GC(1472)   Post Evacuate Collection Set: 0.4ms
[200.574s][info][gc,phases      ] GC(1472)   Other: 0.4ms
[200.574s][info][gc,heap        ] GC(1472) Eden regions: 288->0(288)
[200.574s][info][gc,heap        ] GC(1472) Survivor regions: 1->1(37)
[200.574s][info][gc,heap        ] GC(1472) Old regions: 67->67
[200.574s][info][gc,heap        ] GC(1472) Humongous regions: 11->6
[200.574s][info][gc,metaspace   ] GC(1472) Metaspace: 73034K->73034K(1116160K)
[200.574s][info][gc             ] GC(1472) Pause Young (Normal) (G1 Evacuation Pause) 365M->72M(483M) 3.587ms
[200.574s][info][gc,cpu         ] GC(1472) User=0.00s Sys=0.00s Real=0.00s
[200.713s][info][gc,start       ] GC(1473) Pause Young (Normal) (G1 Evacuation Pause)
[200.713s][info][gc,task        ] GC(1473) Using 1 workers of 1 for evacuation
[200.717s][info][gc,phases      ] GC(1473)   Pre Evacuate Collection Set: 0.0ms
[200.717s][info][gc,phases      ] GC(1473)   Evacuate Collection Set: 2.7ms
[200.717s][info][gc,phases      ] GC(1473)   Post Evacuate Collection Set: 0.4ms
[200.717s][info][gc,phases      ] GC(1473)   Other: 0.3ms
[200.717s][info][gc,heap        ] GC(1473) Eden regions: 288->0(288)
[200.717s][info][gc,heap        ] GC(1473) Survivor regions: 1->1(37)
[200.717s][info][gc,heap        ] GC(1473) Old regions: 67->67
[200.717s][info][gc,heap        ] GC(1473) Humongous regions: 6->6
[200.717s][info][gc,metaspace   ] GC(1473) Metaspace: 73034K->73034K(1116160K)
[200.717s][info][gc             ] GC(1473) Pause Young (Normal) (G1 Evacuation Pause) 360M->71M(483M) 3.515ms
[200.717s][info][gc,cpu         ] GC(1473) User=0.01s Sys=0.00s Real=0.00s
[200.859s][info][gc,start       ] GC(1474) Pause Young (Normal) (G1 Evacuation Pause)
[200.859s][info][gc,task        ] GC(1474) Using 1 workers of 1 for evacuation
[200.862s][info][gc,phases      ] GC(1474)   Pre Evacuate Collection Set: 0.0ms
[200.862s][info][gc,phases      ] GC(1474)   Evacuate Collection Set: 2.7ms
[200.862s][info][gc,phases      ] GC(1474)   Post Evacuate Collection Set: 0.4ms
[200.862s][info][gc,phases      ] GC(1474)   Other: 0.3ms
[200.862s][info][gc,heap        ] GC(1474) Eden regions: 288->0(288)
[200.862s][info][gc,heap        ] GC(1474) Survivor regions: 1->1(37)
[200.862s][info][gc,heap        ] GC(1474) Old regions: 67->67
[200.862s][info][gc,heap        ] GC(1474) Humongous regions: 6->6
[200.862s][info][gc,metaspace   ] GC(1474) Metaspace: 73034K->73034K(1116160K)
[200.862s][info][gc             ] GC(1474) Pause Young (Normal) (G1 Evacuation Pause) 359M->71M(483M) 3.477ms
[200.863s][info][gc,cpu         ] GC(1474) User=0.00s Sys=0.00s Real=0.00s
[200.998s][info][gc,start       ] GC(1475) Pause Young (Normal) (G1 Evacuation Pause)
[200.998s][info][gc,task        ] GC(1475) Using 1 workers of 1 for evacuation
[201.002s][info][gc,phases      ] GC(1475)   Pre Evacuate Collection Set: 0.0ms
[201.002s][info][gc,phases      ] GC(1475)   Evacuate Collection Set: 3.0ms
[201.002s][info][gc,phases      ] GC(1475)   Post Evacuate Collection Set: 0.4ms
[201.002s][info][gc,phases      ] GC(1475)   Other: 0.5ms
[201.002s][info][gc,heap        ] GC(1475) Eden regions: 288->0(288)
[201.002s][info][gc,heap        ] GC(1475) Survivor regions: 1->1(37)
[201.002s][info][gc,heap        ] GC(1475) Old regions: 67->67
[201.002s][info][gc,heap        ] GC(1475) Humongous regions: 6->6
[201.002s][info][gc,metaspace   ] GC(1475) Metaspace: 73034K->73034K(1116160K)
[201.002s][info][gc             ] GC(1475) Pause Young (Normal) (G1 Evacuation Pause) 359M->72M(483M) 4.038ms
[201.002s][info][gc,cpu         ] GC(1475) User=0.00s Sys=0.00s Real=0.01s
[201.137s][info][gc,start       ] GC(1476) Pause Young (Normal) (G1 Evacuation Pause)
[201.137s][info][gc,task        ] GC(1476) Using 1 workers of 1 for evacuation
[201.140s][info][gc,phases      ] GC(1476)   Pre Evacuate Collection Set: 0.0ms
[201.140s][info][gc,phases      ] GC(1476)   Evacuate Collection Set: 2.6ms
[201.140s][info][gc,phases      ] GC(1476)   Post Evacuate Collection Set: 0.4ms
[201.140s][info][gc,phases      ] GC(1476)   Other: 0.3ms
[201.140s][info][gc,heap        ] GC(1476) Eden regions: 288->0(288)
[201.140s][info][gc,heap        ] GC(1476) Survivor regions: 1->1(37)
[201.140s][info][gc,heap        ] GC(1476) Old regions: 67->67
[201.140s][info][gc,heap        ] GC(1476) Humongous regions: 6->6
[201.140s][info][gc,metaspace   ] GC(1476) Metaspace: 73034K->73034K(1116160K)
[201.140s][info][gc             ] GC(1476) Pause Young (Normal) (G1 Evacuation Pause) 360M->72M(483M) 3.319ms
[201.140s][info][gc,cpu         ] GC(1476) User=0.00s Sys=0.00s Real=0.01s
[201.279s][info][gc,start       ] GC(1477) Pause Young (Normal) (G1 Evacuation Pause)
[201.280s][info][gc,task        ] GC(1477) Using 1 workers of 1 for evacuation
[201.284s][info][gc,phases      ] GC(1477)   Pre Evacuate Collection Set: 0.0ms
[201.284s][info][gc,phases      ] GC(1477)   Evacuate Collection Set: 3.4ms
[201.284s][info][gc,phases      ] GC(1477)   Post Evacuate Collection Set: 0.4ms
[201.284s][info][gc,phases      ] GC(1477)   Other: 1.7ms
[201.284s][info][gc,heap        ] GC(1477) Eden regions: 288->0(288)
[201.284s][info][gc,heap        ] GC(1477) Survivor regions: 1->1(37)
[201.284s][info][gc,heap        ] GC(1477) Old regions: 67->67
[201.284s][info][gc,heap        ] GC(1477) Humongous regions: 6->6
[201.284s][info][gc,metaspace   ] GC(1477) Metaspace: 73034K->73034K(1116160K)
[201.285s][info][gc             ] GC(1477) Pause Young (Normal) (G1 Evacuation Pause) 360M->72M(483M) 5.553ms
[201.285s][info][gc,cpu         ] GC(1477) User=0.01s Sys=0.00s Real=0.00s
[201.423s][info][gc,start       ] GC(1478) Pause Young (Normal) (G1 Evacuation Pause)
[201.423s][info][gc,task        ] GC(1478) Using 1 workers of 1 for evacuation
[201.427s][info][gc,phases      ] GC(1478)   Pre Evacuate Collection Set: 0.0ms
[201.427s][info][gc,phases      ] GC(1478)   Evacuate Collection Set: 2.8ms
[201.427s][info][gc,phases      ] GC(1478)   Post Evacuate Collection Set: 0.4ms
[201.427s][info][gc,phases      ] GC(1478)   Other: 0.4ms
[201.427s][info][gc,heap        ] GC(1478) Eden regions: 288->0(288)
[201.427s][info][gc,heap        ] GC(1478) Survivor regions: 1->1(37)
[201.427s][info][gc,heap        ] GC(1478) Old regions: 67->67
[201.427s][info][gc,heap        ] GC(1478) Humongous regions: 6->6
[201.427s][info][gc,metaspace   ] GC(1478) Metaspace: 73034K->73034K(1116160K)
[201.427s][info][gc             ] GC(1478) Pause Young (Normal) (G1 Evacuation Pause) 360M->72M(483M) 3.703ms
[201.427s][info][gc,cpu         ] GC(1478) User=0.00s Sys=0.00s Real=0.00s
[201.575s][info][gc,start       ] GC(1479) Pause Young (Normal) (G1 Evacuation Pause)
[201.575s][info][gc,task        ] GC(1479) Using 1 workers of 1 for evacuation
[201.579s][info][gc,phases      ] GC(1479)   Pre Evacuate Collection Set: 0.0ms
[201.579s][info][gc,phases      ] GC(1479)   Evacuate Collection Set: 3.0ms
[201.579s][info][gc,phases      ] GC(1479)   Post Evacuate Collection Set: 0.4ms
[201.579s][info][gc,phases      ] GC(1479)   Other: 0.3ms
[201.579s][info][gc,heap        ] GC(1479) Eden regions: 288->0(288)
[201.579s][info][gc,heap        ] GC(1479) Survivor regions: 1->1(37)
[201.579s][info][gc,heap        ] GC(1479) Old regions: 67->67
[201.579s][info][gc,heap        ] GC(1479) Humongous regions: 11->6
[201.579s][info][gc,metaspace   ] GC(1479) Metaspace: 73034K->73034K(1116160K)
[201.579s][info][gc             ] GC(1479) Pause Young (Normal) (G1 Evacuation Pause) 365M->72M(483M) 3.751ms
[201.579s][info][gc,cpu         ] GC(1479) User=0.00s Sys=0.00s Real=0.01s
[201.715s][info][gc,start       ] GC(1480) Pause Young (Normal) (G1 Evacuation Pause)
[201.715s][info][gc,task        ] GC(1480) Using 1 workers of 1 for evacuation
[201.718s][info][gc,phases      ] GC(1480)   Pre Evacuate Collection Set: 0.0ms
[201.718s][info][gc,phases      ] GC(1480)   Evacuate Collection Set: 2.8ms
[201.718s][info][gc,phases      ] GC(1480)   Post Evacuate Collection Set: 0.4ms
[201.718s][info][gc,phases      ] GC(1480)   Other: 0.3ms
[201.718s][info][gc,heap        ] GC(1480) Eden regions: 288->0(288)
[201.718s][info][gc,heap        ] GC(1480) Survivor regions: 1->1(37)
[201.718s][info][gc,heap        ] GC(1480) Old regions: 67->67
[201.718s][info][gc,heap        ] GC(1480) Humongous regions: 6->6
[201.718s][info][gc,metaspace   ] GC(1480) Metaspace: 73034K->73034K(1116160K)
[201.718s][info][gc             ] GC(1480) Pause Young (Normal) (G1 Evacuation Pause) 360M->72M(483M) 3.595ms
[201.718s][info][gc,cpu         ] GC(1480) User=0.00s Sys=0.00s Real=0.01s
[201.852s][info][gc,start       ] GC(1481) Pause Young (Normal) (G1 Evacuation Pause)
[201.853s][info][gc,task        ] GC(1481) Using 1 workers of 1 for evacuation
[201.856s][info][gc,phases      ] GC(1481)   Pre Evacuate Collection Set: 0.0ms
[201.856s][info][gc,phases      ] GC(1481)   Evacuate Collection Set: 2.8ms
[201.856s][info][gc,phases      ] GC(1481)   Post Evacuate Collection Set: 0.4ms
[201.856s][info][gc,phases      ] GC(1481)   Other: 0.4ms
[201.856s][info][gc,heap        ] GC(1481) Eden regions: 288->0(288)
[201.856s][info][gc,heap        ] GC(1481) Survivor regions: 1->1(37)
[201.856s][info][gc,heap        ] GC(1481) Old regions: 67->67
[201.856s][info][gc,heap        ] GC(1481) Humongous regions: 6->6
[201.856s][info][gc,metaspace   ] GC(1481) Metaspace: 73034K->73034K(1116160K)
[201.856s][info][gc             ] GC(1481) Pause Young (Normal) (G1 Evacuation Pause) 360M->72M(483M) 3.649ms
[201.856s][info][gc,cpu         ] GC(1481) User=0.01s Sys=0.00s Real=0.00s
[201.991s][info][gc,start       ] GC(1482) Pause Young (Normal) (G1 Evacuation Pause)
[201.991s][info][gc,task        ] GC(1482) Using 1 workers of 1 for evacuation
[201.995s][info][gc,phases      ] GC(1482)   Pre Evacuate Collection Set: 0.0ms
[201.995s][info][gc,phases      ] GC(1482)   Evacuate Collection Set: 2.8ms
[201.995s][info][gc,phases      ] GC(1482)   Post Evacuate Collection Set: 0.4ms
[201.995s][info][gc,phases      ] GC(1482)   Other: 0.3ms
[201.995s][info][gc,heap        ] GC(1482) Eden regions: 288->0(288)
[201.995s][info][gc,heap        ] GC(1482) Survivor regions: 1->1(37)
[201.995s][info][gc,heap        ] GC(1482) Old regions: 67->67
[201.995s][info][gc,heap        ] GC(1482) Humongous regions: 6->6
[201.995s][info][gc,metaspace   ] GC(1482) Metaspace: 73034K->73034K(1116160K)
[201.995s][info][gc             ] GC(1482) Pause Young (Normal) (G1 Evacuation Pause) 360M->72M(483M) 3.604ms
[201.995s][info][gc,cpu         ] GC(1482) User=0.01s Sys=0.00s Real=0.00s
[202.132s][info][gc,start       ] GC(1483) Pause Young (Normal) (G1 Evacuation Pause)
[202.132s][info][gc,task        ] GC(1483) Using 1 workers of 1 for evacuation
[202.135s][info][gc,phases      ] GC(1483)   Pre Evacuate Collection Set: 0.0ms
[202.135s][info][gc,phases      ] GC(1483)   Evacuate Collection Set: 2.8ms
[202.135s][info][gc,phases      ] GC(1483)   Post Evacuate Collection Set: 0.4ms
[202.135s][info][gc,phases      ] GC(1483)   Other: 0.3ms
[202.135s][info][gc,heap        ] GC(1483) Eden regions: 288->0(288)
[202.135s][info][gc,heap        ] GC(1483) Survivor regions: 1->1(37)
[202.135s][info][gc,heap        ] GC(1483) Old regions: 67->67
[202.135s][info][gc,heap        ] GC(1483) Humongous regions: 6->6
[202.135s][info][gc,metaspace   ] GC(1483) Metaspace: 73034K->73034K(1116160K)
[202.135s][info][gc             ] GC(1483) Pause Young (Normal) (G1 Evacuation Pause) 360M->72M(483M) 3.578ms
[202.135s][info][gc,cpu         ] GC(1483) User=0.01s Sys=0.00s Real=0.00s
[202.274s][info][gc,start       ] GC(1484) Pause Young (Normal) (G1 Evacuation Pause)
[202.274s][info][gc,task        ] GC(1484) Using 1 workers of 1 for evacuation
[202.277s][info][gc,phases      ] GC(1484)   Pre Evacuate Collection Set: 0.0ms
[202.277s][info][gc,phases      ] GC(1484)   Evacuate Collection Set: 2.7ms
[202.277s][info][gc,phases      ] GC(1484)   Post Evacuate Collection Set: 0.4ms
[202.277s][info][gc,phases      ] GC(1484)   Other: 0.4ms
[202.277s][info][gc,heap        ] GC(1484) Eden regions: 288->0(288)
[202.277s][info][gc,heap        ] GC(1484) Survivor regions: 1->1(37)
[202.277s][info][gc,heap        ] GC(1484) Old regions: 67->67
[202.277s][info][gc,heap        ] GC(1484) Humongous regions: 6->6
[202.277s][info][gc,metaspace   ] GC(1484) Metaspace: 73034K->73034K(1116160K)
[202.277s][info][gc             ] GC(1484) Pause Young (Normal) (G1 Evacuation Pause) 360M->72M(483M) 3.557ms
[202.277s][info][gc,cpu         ] GC(1484) User=0.01s Sys=0.00s Real=0.00s
[202.422s][info][gc,start       ] GC(1485) Pause Young (Normal) (G1 Evacuation Pause)
[202.422s][info][gc,task        ] GC(1485) Using 1 workers of 1 for evacuation
[202.425s][info][gc,phases      ] GC(1485)   Pre Evacuate Collection Set: 0.0ms
[202.425s][info][gc,phases      ] GC(1485)   Evacuate Collection Set: 2.7ms
[202.425s][info][gc,phases      ] GC(1485)   Post Evacuate Collection Set: 0.4ms
[202.425s][info][gc,phases      ] GC(1485)   Other: 0.3ms
[202.425s][info][gc,heap        ] GC(1485) Eden regions: 288->0(288)
[202.425s][info][gc,heap        ] GC(1485) Survivor regions: 1->1(37)
[202.425s][info][gc,heap        ] GC(1485) Old regions: 67->67
[202.425s][info][gc,heap        ] GC(1485) Humongous regions: 11->6
[202.425s][info][gc,metaspace   ] GC(1485) Metaspace: 73035K->73035K(1116160K)
[202.425s][info][gc             ] GC(1485) Pause Young (Normal) (G1 Evacuation Pause) 365M->72M(483M) 3.547ms
[202.425s][info][gc,cpu         ] GC(1485) User=0.00s Sys=0.00s Real=0.00s
[202.563s][info][gc,start       ] GC(1486) Pause Young (Normal) (G1 Evacuation Pause)
[202.563s][info][gc,task        ] GC(1486) Using 1 workers of 1 for evacuation
[202.567s][info][gc,phases      ] GC(1486)   Pre Evacuate Collection Set: 0.0ms
[202.567s][info][gc,phases      ] GC(1486)   Evacuate Collection Set: 2.6ms
[202.567s][info][gc,phases      ] GC(1486)   Post Evacuate Collection Set: 0.4ms
[202.567s][info][gc,phases      ] GC(1486)   Other: 0.3ms
[202.567s][info][gc,heap        ] GC(1486) Eden regions: 288->0(288)
[202.567s][info][gc,heap        ] GC(1486) Survivor regions: 1->1(37)
[202.567s][info][gc,heap        ] GC(1486) Old regions: 67->67
[202.567s][info][gc,heap        ] GC(1486) Humongous regions: 6->6
[202.567s][info][gc,metaspace   ] GC(1486) Metaspace: 73035K->73035K(1116160K)
[202.567s][info][gc             ] GC(1486) Pause Young (Normal) (G1 Evacuation Pause) 360M->72M(483M) 3.345ms
[202.567s][info][gc,cpu         ] GC(1486) User=0.00s Sys=0.01s Real=0.00s
[202.703s][info][gc,start       ] GC(1487) Pause Young (Normal) (G1 Evacuation Pause)
[202.703s][info][gc,task        ] GC(1487) Using 1 workers of 1 for evacuation
[202.707s][info][gc,phases      ] GC(1487)   Pre Evacuate Collection Set: 0.0ms
[202.707s][info][gc,phases      ] GC(1487)   Evacuate Collection Set: 2.9ms
[202.707s][info][gc,phases      ] GC(1487)   Post Evacuate Collection Set: 0.4ms
[202.707s][info][gc,phases      ] GC(1487)   Other: 0.4ms
[202.707s][info][gc,heap        ] GC(1487) Eden regions: 288->0(288)
[202.707s][info][gc,heap        ] GC(1487) Survivor regions: 1->1(37)
[202.707s][info][gc,heap        ] GC(1487) Old regions: 67->67
[202.707s][info][gc,heap        ] GC(1487) Humongous regions: 6->6
[202.707s][info][gc,metaspace   ] GC(1487) Metaspace: 73036K->73036K(1116160K)
[202.707s][info][gc             ] GC(1487) Pause Young (Normal) (G1 Evacuation Pause) 360M->72M(483M) 3.752ms
[202.707s][info][gc,cpu         ] GC(1487) User=0.00s Sys=0.00s Real=0.00s
[202.849s][info][gc,start       ] GC(1488) Pause Young (Normal) (G1 Evacuation Pause)
[202.849s][info][gc,task        ] GC(1488) Using 1 workers of 1 for evacuation
[202.852s][info][gc,phases      ] GC(1488)   Pre Evacuate Collection Set: 0.0ms
[202.852s][info][gc,phases      ] GC(1488)   Evacuate Collection Set: 2.6ms
[202.852s][info][gc,phases      ] GC(1488)   Post Evacuate Collection Set: 0.4ms
[202.852s][info][gc,phases      ] GC(1488)   Other: 0.3ms
[202.852s][info][gc,heap        ] GC(1488) Eden regions: 288->0(288)
[202.852s][info][gc,heap        ] GC(1488) Survivor regions: 1->1(37)
[202.852s][info][gc,heap        ] GC(1488) Old regions: 67->67
[202.852s][info][gc,heap        ] GC(1488) Humongous regions: 6->6
[202.852s][info][gc,metaspace   ] GC(1488) Metaspace: 73036K->73036K(1116160K)
[202.852s][info][gc             ] GC(1488) Pause Young (Normal) (G1 Evacuation Pause) 360M->72M(483M) 3.368ms
[202.852s][info][gc,cpu         ] GC(1488) User=0.01s Sys=0.00s Real=0.01s
[202.987s][info][gc,start       ] GC(1489) Pause Young (Normal) (G1 Evacuation Pause)
[202.987s][info][gc,task        ] GC(1489) Using 1 workers of 1 for evacuation
[202.991s][info][gc,phases      ] GC(1489)   Pre Evacuate Collection Set: 0.0ms
[202.991s][info][gc,phases      ] GC(1489)   Evacuate Collection Set: 2.7ms
[202.991s][info][gc,phases      ] GC(1489)   Post Evacuate Collection Set: 0.5ms
[202.991s][info][gc,phases      ] GC(1489)   Other: 0.4ms
[202.991s][info][gc,heap        ] GC(1489) Eden regions: 288->0(288)
[202.991s][info][gc,heap        ] GC(1489) Survivor regions: 1->1(37)
[202.991s][info][gc,heap        ] GC(1489) Old regions: 67->67
[202.991s][info][gc,heap        ] GC(1489) Humongous regions: 6->6
[202.991s][info][gc,metaspace   ] GC(1489) Metaspace: 73036K->73036K(1116160K)
[202.991s][info][gc             ] GC(1489) Pause Young (Normal) (G1 Evacuation Pause) 360M->72M(483M) 3.672ms
[202.991s][info][gc,cpu         ] GC(1489) User=0.00s Sys=0.00s Real=0.01s
[203.127s][info][gc,start       ] GC(1490) Pause Young (Normal) (G1 Evacuation Pause)
[203.127s][info][gc,task        ] GC(1490) Using 1 workers of 1 for evacuation
[203.130s][info][gc,phases      ] GC(1490)   Pre Evacuate Collection Set: 0.0ms
[203.131s][info][gc,phases      ] GC(1490)   Evacuate Collection Set: 3.1ms
[203.131s][info][gc,phases      ] GC(1490)   Post Evacuate Collection Set: 0.4ms
[203.131s][info][gc,phases      ] GC(1490)   Other: 0.3ms
[203.131s][info][gc,heap        ] GC(1490) Eden regions: 288->0(288)
[203.131s][info][gc,heap        ] GC(1490) Survivor regions: 1->1(37)
[203.131s][info][gc,heap        ] GC(1490) Old regions: 67->67
[203.131s][info][gc,heap        ] GC(1490) Humongous regions: 6->6
[203.131s][info][gc,metaspace   ] GC(1490) Metaspace: 73036K->73036K(1116160K)
[203.131s][info][gc             ] GC(1490) Pause Young (Normal) (G1 Evacuation Pause) 360M->72M(483M) 3.912ms
[203.131s][info][gc,cpu         ] GC(1490) User=0.00s Sys=0.00s Real=0.01s
[203.267s][info][gc,start       ] GC(1491) Pause Young (Normal) (G1 Evacuation Pause)
[203.267s][info][gc,task        ] GC(1491) Using 1 workers of 1 for evacuation
[203.271s][info][gc,phases      ] GC(1491)   Pre Evacuate Collection Set: 0.0ms
[203.271s][info][gc,phases      ] GC(1491)   Evacuate Collection Set: 3.0ms
[203.271s][info][gc,phases      ] GC(1491)   Post Evacuate Collection Set: 0.4ms
[203.271s][info][gc,phases      ] GC(1491)   Other: 0.3ms
[203.271s][info][gc,heap        ] GC(1491) Eden regions: 288->0(288)
[203.271s][info][gc,heap        ] GC(1491) Survivor regions: 1->1(37)
[203.271s][info][gc,heap        ] GC(1491) Old regions: 67->67
[203.271s][info][gc,heap        ] GC(1491) Humongous regions: 6->6
[203.271s][info][gc,metaspace   ] GC(1491) Metaspace: 73036K->73036K(1116160K)
[203.271s][info][gc             ] GC(1491) Pause Young (Normal) (G1 Evacuation Pause) 360M->72M(483M) 3.827ms
[203.271s][info][gc,cpu         ] GC(1491) User=0.00s Sys=0.00s Real=0.01s
[203.425s][info][gc,start       ] GC(1492) Pause Young (Normal) (G1 Evacuation Pause)
[203.425s][info][gc,task        ] GC(1492) Using 1 workers of 1 for evacuation
[203.429s][info][gc,phases      ] GC(1492)   Pre Evacuate Collection Set: 0.0ms
[203.429s][info][gc,phases      ] GC(1492)   Evacuate Collection Set: 3.1ms
[203.429s][info][gc,phases      ] GC(1492)   Post Evacuate Collection Set: 0.4ms
[203.429s][info][gc,phases      ] GC(1492)   Other: 0.4ms
[203.429s][info][gc,heap        ] GC(1492) Eden regions: 288->0(288)
[203.429s][info][gc,heap        ] GC(1492) Survivor regions: 1->1(37)
[203.429s][info][gc,heap        ] GC(1492) Old regions: 67->67
[203.429s][info][gc,heap        ] GC(1492) Humongous regions: 11->6
[203.429s][info][gc,metaspace   ] GC(1492) Metaspace: 73039K->73039K(1116160K)
[203.429s][info][gc             ] GC(1492) Pause Young (Normal) (G1 Evacuation Pause) 365M->72M(483M) 3.979ms
[203.429s][info][gc,cpu         ] GC(1492) User=0.00s Sys=0.00s Real=0.00s
[203.562s][info][gc,start       ] GC(1493) Pause Young (Normal) (G1 Evacuation Pause)
[203.562s][info][gc,task        ] GC(1493) Using 1 workers of 1 for evacuation
[203.566s][info][gc,phases      ] GC(1493)   Pre Evacuate Collection Set: 0.0ms
[203.566s][info][gc,phases      ] GC(1493)   Evacuate Collection Set: 2.8ms
[203.566s][info][gc,phases      ] GC(1493)   Post Evacuate Collection Set: 0.4ms
[203.566s][info][gc,phases      ] GC(1493)   Other: 0.3ms
[203.566s][info][gc,heap        ] GC(1493) Eden regions: 288->0(288)
[203.566s][info][gc,heap        ] GC(1493) Survivor regions: 1->1(37)
[203.566s][info][gc,heap        ] GC(1493) Old regions: 67->67
[203.566s][info][gc,heap        ] GC(1493) Humongous regions: 6->6
[203.566s][info][gc,metaspace   ] GC(1493) Metaspace: 73039K->73039K(1116160K)
[203.566s][info][gc             ] GC(1493) Pause Young (Normal) (G1 Evacuation Pause) 360M->72M(483M) 3.632ms
[203.566s][info][gc,cpu         ] GC(1493) User=0.00s Sys=0.00s Real=0.00s
[203.703s][info][gc,start       ] GC(1494) Pause Young (Normal) (G1 Evacuation Pause)
[203.703s][info][gc,task        ] GC(1494) Using 1 workers of 1 for evacuation
[203.706s][info][gc,phases      ] GC(1494)   Pre Evacuate Collection Set: 0.0ms
[203.706s][info][gc,phases      ] GC(1494)   Evacuate Collection Set: 3.1ms
[203.706s][info][gc,phases      ] GC(1494)   Post Evacuate Collection Set: 0.4ms
[203.706s][info][gc,phases      ] GC(1494)   Other: 0.3ms
[203.706s][info][gc,heap        ] GC(1494) Eden regions: 288->0(288)
[203.706s][info][gc,heap        ] GC(1494) Survivor regions: 1->1(37)
[203.706s][info][gc,heap        ] GC(1494) Old regions: 67->67
[203.706s][info][gc,heap        ] GC(1494) Humongous regions: 6->6
[203.706s][info][gc,metaspace   ] GC(1494) Metaspace: 73039K->73039K(1116160K)
[203.706s][info][gc             ] GC(1494) Pause Young (Normal) (G1 Evacuation Pause) 360M->72M(483M) 3.841ms
[203.707s][info][gc,cpu         ] GC(1494) User=0.00s Sys=0.00s Real=0.00s
[203.844s][info][gc,start       ] GC(1495) Pause Young (Normal) (G1 Evacuation Pause)
[203.844s][info][gc,task        ] GC(1495) Using 1 workers of 1 for evacuation
[203.848s][info][gc,phases      ] GC(1495)   Pre Evacuate Collection Set: 0.0ms
[203.848s][info][gc,phases      ] GC(1495)   Evacuate Collection Set: 2.9ms
[203.848s][info][gc,phases      ] GC(1495)   Post Evacuate Collection Set: 0.4ms
[203.848s][info][gc,phases      ] GC(1495)   Other: 0.4ms
[203.848s][info][gc,heap        ] GC(1495) Eden regions: 288->0(288)
[203.848s][info][gc,heap        ] GC(1495) Survivor regions: 1->1(37)
[203.848s][info][gc,heap        ] GC(1495) Old regions: 67->67
[203.848s][info][gc,heap        ] GC(1495) Humongous regions: 6->6
[203.848s][info][gc,metaspace   ] GC(1495) Metaspace: 73039K->73039K(1116160K)
[203.848s][info][gc             ] GC(1495) Pause Young (Normal) (G1 Evacuation Pause) 360M->72M(483M) 3.723ms
[203.848s][info][gc,cpu         ] GC(1495) User=0.00s Sys=0.00s Real=0.00s
[203.981s][info][gc,start       ] GC(1496) Pause Young (Normal) (G1 Evacuation Pause)
[203.981s][info][gc,task        ] GC(1496) Using 1 workers of 1 for evacuation
[203.984s][info][gc,phases      ] GC(1496)   Pre Evacuate Collection Set: 0.0ms
[203.984s][info][gc,phases      ] GC(1496)   Evacuate Collection Set: 2.8ms
[203.984s][info][gc,phases      ] GC(1496)   Post Evacuate Collection Set: 0.4ms
[203.984s][info][gc,phases      ] GC(1496)   Other: 0.3ms
[203.984s][info][gc,heap        ] GC(1496) Eden regions: 288->0(288)
[203.984s][info][gc,heap        ] GC(1496) Survivor regions: 1->1(37)
[203.984s][info][gc,heap        ] GC(1496) Old regions: 67->67
[203.984s][info][gc,heap        ] GC(1496) Humongous regions: 6->6
[203.984s][info][gc,metaspace   ] GC(1496) Metaspace: 73039K->73039K(1116160K)
[203.984s][info][gc             ] GC(1496) Pause Young (Normal) (G1 Evacuation Pause) 360M->72M(483M) 3.602ms
[203.984s][info][gc,cpu         ] GC(1496) User=0.01s Sys=0.00s Real=0.00s
[204.117s][info][gc,start       ] GC(1497) Pause Young (Normal) (G1 Evacuation Pause)
[204.117s][info][gc,task        ] GC(1497) Using 1 workers of 1 for evacuation
[204.120s][info][gc,phases      ] GC(1497)   Pre Evacuate Collection Set: 0.0ms
[204.120s][info][gc,phases      ] GC(1497)   Evacuate Collection Set: 2.8ms
[204.120s][info][gc,phases      ] GC(1497)   Post Evacuate Collection Set: 0.4ms
[204.120s][info][gc,phases      ] GC(1497)   Other: 0.3ms
[204.120s][info][gc,heap        ] GC(1497) Eden regions: 288->0(288)
[204.120s][info][gc,heap        ] GC(1497) Survivor regions: 1->1(37)
[204.120s][info][gc,heap        ] GC(1497) Old regions: 67->67
[204.120s][info][gc,heap        ] GC(1497) Humongous regions: 6->6
[204.120s][info][gc,metaspace   ] GC(1497) Metaspace: 73039K->73039K(1116160K)
[204.120s][info][gc             ] GC(1497) Pause Young (Normal) (G1 Evacuation Pause) 360M->72M(483M) 3.517ms
[204.120s][info][gc,cpu         ] GC(1497) User=0.00s Sys=0.00s Real=0.01s
[204.266s][info][gc,start       ] GC(1498) Pause Young (Normal) (G1 Evacuation Pause)
[204.266s][info][gc,task        ] GC(1498) Using 1 workers of 1 for evacuation
[204.269s][info][gc,phases      ] GC(1498)   Pre Evacuate Collection Set: 0.0ms
[204.269s][info][gc,phases      ] GC(1498)   Evacuate Collection Set: 2.8ms
[204.269s][info][gc,phases      ] GC(1498)   Post Evacuate Collection Set: 0.4ms
[204.269s][info][gc,phases      ] GC(1498)   Other: 0.4ms
[204.269s][info][gc,heap        ] GC(1498) Eden regions: 288->0(288)
[204.269s][info][gc,heap        ] GC(1498) Survivor regions: 1->1(37)
[204.269s][info][gc,heap        ] GC(1498) Old regions: 67->67
[204.269s][info][gc,heap        ] GC(1498) Humongous regions: 11->6
[204.269s][info][gc,metaspace   ] GC(1498) Metaspace: 73039K->73039K(1116160K)
[204.269s][info][gc             ] GC(1498) Pause Young (Normal) (G1 Evacuation Pause) 365M->72M(483M) 3.739ms
[204.269s][info][gc,cpu         ] GC(1498) User=0.00s Sys=0.00s Real=0.01s
[204.405s][info][gc,start       ] GC(1499) Pause Young (Normal) (G1 Evacuation Pause)
[204.406s][info][gc,task        ] GC(1499) Using 1 workers of 1 for evacuation
[204.409s][info][gc,phases      ] GC(1499)   Pre Evacuate Collection Set: 0.0ms
[204.409s][info][gc,phases      ] GC(1499)   Evacuate Collection Set: 2.8ms
[204.409s][info][gc,phases      ] GC(1499)   Post Evacuate Collection Set: 0.4ms
[204.409s][info][gc,phases      ] GC(1499)   Other: 0.3ms
[204.409s][info][gc,heap        ] GC(1499) Eden regions: 288->0(288)
[204.409s][info][gc,heap        ] GC(1499) Survivor regions: 1->1(37)
[204.409s][info][gc,heap        ] GC(1499) Old regions: 67->67
[204.409s][info][gc,heap        ] GC(1499) Humongous regions: 6->6
[204.409s][info][gc,metaspace   ] GC(1499) Metaspace: 73039K->73039K(1116160K)
[204.409s][info][gc             ] GC(1499) Pause Young (Normal) (G1 Evacuation Pause) 360M->72M(483M) 3.542ms
[204.409s][info][gc,cpu         ] GC(1499) User=0.01s Sys=0.00s Real=0.00s
[204.547s][info][gc,start       ] GC(1500) Pause Young (Normal) (G1 Evacuation Pause)
[204.547s][info][gc,task        ] GC(1500) Using 1 workers of 1 for evacuation
[204.550s][info][gc,phases      ] GC(1500)   Pre Evacuate Collection Set: 0.0ms
[204.550s][info][gc,phases      ] GC(1500)   Evacuate Collection Set: 2.6ms
[204.550s][info][gc,phases      ] GC(1500)   Post Evacuate Collection Set: 0.4ms
[204.550s][info][gc,phases      ] GC(1500)   Other: 0.3ms
[204.550s][info][gc,heap        ] GC(1500) Eden regions: 288->0(288)
[204.550s][info][gc,heap        ] GC(1500) Survivor regions: 1->1(37)
[204.550s][info][gc,heap        ] GC(1500) Old regions: 67->67
[204.550s][info][gc,heap        ] GC(1500) Humongous regions: 6->6
[204.550s][info][gc,metaspace   ] GC(1500) Metaspace: 73039K->73039K(1116160K)
[204.550s][info][gc             ] GC(1500) Pause Young (Normal) (G1 Evacuation Pause) 360M->72M(483M) 3.394ms
[204.550s][info][gc,cpu         ] GC(1500) User=0.01s Sys=0.00s Real=0.01s
[204.686s][info][gc,start       ] GC(1501) Pause Young (Normal) (G1 Evacuation Pause)
[204.686s][info][gc,task        ] GC(1501) Using 1 workers of 1 for evacuation
[204.689s][info][gc,phases      ] GC(1501)   Pre Evacuate Collection Set: 0.0ms
[204.689s][info][gc,phases      ] GC(1501)   Evacuate Collection Set: 2.6ms
[204.689s][info][gc,phases      ] GC(1501)   Post Evacuate Collection Set: 0.4ms
[204.689s][info][gc,phases      ] GC(1501)   Other: 0.4ms
[204.689s][info][gc,heap        ] GC(1501) Eden regions: 288->0(288)
[204.689s][info][gc,heap        ] GC(1501) Survivor regions: 1->1(37)
[204.689s][info][gc,heap        ] GC(1501) Old regions: 67->67
[204.689s][info][gc,heap        ] GC(1501) Humongous regions: 6->6
[204.689s][info][gc,metaspace   ] GC(1501) Metaspace: 73039K->73039K(1116160K)
[204.689s][info][gc             ] GC(1501) Pause Young (Normal) (G1 Evacuation Pause) 360M->72M(483M) 3.438ms
[204.689s][info][gc,cpu         ] GC(1501) User=0.00s Sys=0.00s Real=0.00s
[204.827s][info][gc,start       ] GC(1502) Pause Young (Normal) (G1 Evacuation Pause)
[204.827s][info][gc,task        ] GC(1502) Using 1 workers of 1 for evacuation
[204.830s][info][gc,phases      ] GC(1502)   Pre Evacuate Collection Set: 0.0ms
[204.830s][info][gc,phases      ] GC(1502)   Evacuate Collection Set: 2.7ms
[204.830s][info][gc,phases      ] GC(1502)   Post Evacuate Collection Set: 0.4ms
[204.830s][info][gc,phases      ] GC(1502)   Other: 0.3ms
[204.830s][info][gc,heap        ] GC(1502) Eden regions: 288->0(288)
[204.830s][info][gc,heap        ] GC(1502) Survivor regions: 1->1(37)
[204.830s][info][gc,heap        ] GC(1502) Old regions: 67->67
[204.830s][info][gc,heap        ] GC(1502) Humongous regions: 6->6
[204.830s][info][gc,metaspace   ] GC(1502) Metaspace: 73039K->73039K(1116160K)
[204.830s][info][gc             ] GC(1502) Pause Young (Normal) (G1 Evacuation Pause) 360M->72M(483M) 3.455ms
[204.830s][info][gc,cpu         ] GC(1502) User=0.00s Sys=0.00s Real=0.01s
[204.966s][info][gc,start       ] GC(1503) Pause Young (Normal) (G1 Evacuation Pause)
[204.966s][info][gc,task        ] GC(1503) Using 1 workers of 1 for evacuation
[204.969s][info][gc,phases      ] GC(1503)   Pre Evacuate Collection Set: 0.0ms
[204.969s][info][gc,phases      ] GC(1503)   Evacuate Collection Set: 2.7ms
[204.969s][info][gc,phases      ] GC(1503)   Post Evacuate Collection Set: 0.5ms
[204.969s][info][gc,phases      ] GC(1503)   Other: 0.3ms
[204.969s][info][gc,heap        ] GC(1503) Eden regions: 288->0(288)
[204.969s][info][gc,heap        ] GC(1503) Survivor regions: 1->1(37)
[204.969s][info][gc,heap        ] GC(1503) Old regions: 67->67
[204.969s][info][gc,heap        ] GC(1503) Humongous regions: 6->6
[204.970s][info][gc,metaspace   ] GC(1503) Metaspace: 73039K->73039K(1116160K)
[204.970s][info][gc             ] GC(1503) Pause Young (Normal) (G1 Evacuation Pause) 360M->72M(483M) 3.620ms
[204.970s][info][gc,cpu         ] GC(1503) User=0.00s Sys=0.00s Real=0.00s
[205.110s][info][gc,start       ] GC(1504) Pause Young (Normal) (G1 Evacuation Pause)
[205.110s][info][gc,task        ] GC(1504) Using 1 workers of 1 for evacuation
[205.114s][info][gc,phases      ] GC(1504)   Pre Evacuate Collection Set: 0.0ms
[205.114s][info][gc,phases      ] GC(1504)   Evacuate Collection Set: 2.9ms
[205.114s][info][gc,phases      ] GC(1504)   Post Evacuate Collection Set: 0.4ms
[205.114s][info][gc,phases      ] GC(1504)   Other: 0.4ms
[205.114s][info][gc,heap        ] GC(1504) Eden regions: 288->0(288)
[205.114s][info][gc,heap        ] GC(1504) Survivor regions: 1->1(37)
[205.114s][info][gc,heap        ] GC(1504) Old regions: 67->67
[205.114s][info][gc,heap        ] GC(1504) Humongous regions: 6->6
[205.114s][info][gc,metaspace   ] GC(1504) Metaspace: 73039K->73039K(1116160K)
[205.114s][info][gc             ] GC(1504) Pause Young (Normal) (G1 Evacuation Pause) 360M->72M(483M) 3.831ms
[205.114s][info][gc,cpu         ] GC(1504) User=0.01s Sys=0.00s Real=0.00s
[205.276s][info][gc,start       ] GC(1505) Pause Young (Normal) (G1 Evacuation Pause)
[205.276s][info][gc,task        ] GC(1505) Using 1 workers of 1 for evacuation
[205.280s][info][gc,phases      ] GC(1505)   Pre Evacuate Collection Set: 0.0ms
[205.280s][info][gc,phases      ] GC(1505)   Evacuate Collection Set: 3.0ms
[205.280s][info][gc,phases      ] GC(1505)   Post Evacuate Collection Set: 0.4ms
[205.280s][info][gc,phases      ] GC(1505)   Other: 0.3ms
[205.280s][info][gc,heap        ] GC(1505) Eden regions: 288->0(288)
[205.280s][info][gc,heap        ] GC(1505) Survivor regions: 1->1(37)
[205.280s][info][gc,heap        ] GC(1505) Old regions: 67->67
[205.280s][info][gc,heap        ] GC(1505) Humongous regions: 11->6
[205.280s][info][gc,metaspace   ] GC(1505) Metaspace: 73043K->73043K(1116160K)
[205.280s][info][gc             ] GC(1505) Pause Young (Normal) (G1 Evacuation Pause) 365M->72M(483M) 3.820ms
[205.280s][info][gc,cpu         ] GC(1505) User=0.00s Sys=0.00s Real=0.01s
[205.415s][info][gc,start       ] GC(1506) Pause Young (Normal) (G1 Evacuation Pause)
[205.415s][info][gc,task        ] GC(1506) Using 1 workers of 1 for evacuation
[205.419s][info][gc,phases      ] GC(1506)   Pre Evacuate Collection Set: 0.0ms
[205.419s][info][gc,phases      ] GC(1506)   Evacuate Collection Set: 2.9ms
[205.419s][info][gc,phases      ] GC(1506)   Post Evacuate Collection Set: 0.4ms
[205.419s][info][gc,phases      ] GC(1506)   Other: 0.4ms
[205.419s][info][gc,heap        ] GC(1506) Eden regions: 288->0(288)
[205.419s][info][gc,heap        ] GC(1506) Survivor regions: 1->1(37)
[205.419s][info][gc,heap        ] GC(1506) Old regions: 67->67
[205.419s][info][gc,heap        ] GC(1506) Humongous regions: 6->6
[205.419s][info][gc,metaspace   ] GC(1506) Metaspace: 73043K->73043K(1116160K)
[205.419s][info][gc             ] GC(1506) Pause Young (Normal) (G1 Evacuation Pause) 360M->72M(483M) 3.797ms
[205.419s][info][gc,cpu         ] GC(1506) User=0.00s Sys=0.00s Real=0.01s
[205.553s][info][gc,start       ] GC(1507) Pause Young (Normal) (G1 Evacuation Pause)
[205.553s][info][gc,task        ] GC(1507) Using 1 workers of 1 for evacuation
[205.556s][info][gc,phases      ] GC(1507)   Pre Evacuate Collection Set: 0.0ms
[205.556s][info][gc,phases      ] GC(1507)   Evacuate Collection Set: 2.9ms
[205.556s][info][gc,phases      ] GC(1507)   Post Evacuate Collection Set: 0.4ms
[205.556s][info][gc,phases      ] GC(1507)   Other: 0.3ms
[205.556s][info][gc,heap        ] GC(1507) Eden regions: 288->0(288)
[205.556s][info][gc,heap        ] GC(1507) Survivor regions: 1->1(37)
[205.556s][info][gc,heap        ] GC(1507) Old regions: 67->67
[205.556s][info][gc,heap        ] GC(1507) Humongous regions: 6->6
[205.556s][info][gc,metaspace   ] GC(1507) Metaspace: 73043K->73043K(1116160K)
[205.557s][info][gc             ] GC(1507) Pause Young (Normal) (G1 Evacuation Pause) 360M->72M(483M) 3.664ms
[205.557s][info][gc,cpu         ] GC(1507) User=0.01s Sys=0.00s Real=0.00s
[205.691s][info][gc,start       ] GC(1508) Pause Young (Normal) (G1 Evacuation Pause)
[205.691s][info][gc,task        ] GC(1508) Using 1 workers of 1 for evacuation
[205.695s][info][gc,phases      ] GC(1508)   Pre Evacuate Collection Set: 0.0ms
[205.695s][info][gc,phases      ] GC(1508)   Evacuate Collection Set: 2.9ms
[205.695s][info][gc,phases      ] GC(1508)   Post Evacuate Collection Set: 0.4ms
[205.695s][info][gc,phases      ] GC(1508)   Other: 0.3ms
[205.695s][info][gc,heap        ] GC(1508) Eden regions: 288->0(288)
[205.695s][info][gc,heap        ] GC(1508) Survivor regions: 1->1(37)
[205.695s][info][gc,heap        ] GC(1508) Old regions: 67->67
[205.695s][info][gc,heap        ] GC(1508) Humongous regions: 6->6
[205.695s][info][gc,metaspace   ] GC(1508) Metaspace: 73047K->73047K(1116160K)
[205.695s][info][gc             ] GC(1508) Pause Young (Normal) (G1 Evacuation Pause) 360M->72M(483M) 3.613ms
[205.695s][info][gc,cpu         ] GC(1508) User=0.01s Sys=0.00s Real=0.00s
[205.836s][info][gc,start       ] GC(1509) Pause Young (Normal) (G1 Evacuation Pause)
[205.836s][info][gc,task        ] GC(1509) Using 1 workers of 1 for evacuation
[205.839s][info][gc,phases      ] GC(1509)   Pre Evacuate Collection Set: 0.0ms
[205.839s][info][gc,phases      ] GC(1509)   Evacuate Collection Set: 2.8ms
[205.839s][info][gc,phases      ] GC(1509)   Post Evacuate Collection Set: 0.4ms
[205.839s][info][gc,phases      ] GC(1509)   Other: 0.4ms
[205.839s][info][gc,heap        ] GC(1509) Eden regions: 288->0(288)
[205.839s][info][gc,heap        ] GC(1509) Survivor regions: 1->1(37)
[205.839s][info][gc,heap        ] GC(1509) Old regions: 67->67
[205.839s][info][gc,heap        ] GC(1509) Humongous regions: 6->6
[205.839s][info][gc,metaspace   ] GC(1509) Metaspace: 73047K->73047K(1116160K)
[205.839s][info][gc             ] GC(1509) Pause Young (Normal) (G1 Evacuation Pause) 360M->72M(483M) 3.566ms
[205.839s][info][gc,cpu         ] GC(1509) User=0.00s Sys=0.00s Real=0.01s
[205.972s][info][gc,start       ] GC(1510) Pause Young (Normal) (G1 Evacuation Pause)
[205.972s][info][gc,task        ] GC(1510) Using 1 workers of 1 for evacuation
[205.976s][info][gc,phases      ] GC(1510)   Pre Evacuate Collection Set: 0.0ms
[205.976s][info][gc,phases      ] GC(1510)   Evacuate Collection Set: 2.8ms
[205.976s][info][gc,phases      ] GC(1510)   Post Evacuate Collection Set: 0.4ms
[205.976s][info][gc,phases      ] GC(1510)   Other: 0.3ms
[205.976s][info][gc,heap        ] GC(1510) Eden regions: 288->0(288)
[205.976s][info][gc,heap        ] GC(1510) Survivor regions: 1->1(37)
[205.976s][info][gc,heap        ] GC(1510) Old regions: 67->67
[205.976s][info][gc,heap        ] GC(1510) Humongous regions: 6->6
[205.976s][info][gc,metaspace   ] GC(1510) Metaspace: 73047K->73047K(1116160K)
[205.976s][info][gc             ] GC(1510) Pause Young (Normal) (G1 Evacuation Pause) 360M->72M(483M) 3.615ms
[205.976s][info][gc,cpu         ] GC(1510) User=0.01s Sys=0.00s Real=0.00s
[206.182s][info][gc,start       ] GC(1511) Pause Young (Normal) (G1 Evacuation Pause)
[206.182s][info][gc,task        ] GC(1511) Using 1 workers of 1 for evacuation
[206.186s][info][gc,phases      ] GC(1511)   Pre Evacuate Collection Set: 0.0ms
[206.186s][info][gc,phases      ] GC(1511)   Evacuate Collection Set: 2.8ms
[206.186s][info][gc,phases      ] GC(1511)   Post Evacuate Collection Set: 0.7ms
[206.186s][info][gc,phases      ] GC(1511)   Other: 0.5ms
[206.186s][info][gc,heap        ] GC(1511) Eden regions: 288->0(288)
[206.186s][info][gc,heap        ] GC(1511) Survivor regions: 1->1(37)
[206.186s][info][gc,heap        ] GC(1511) Old regions: 67->67
[206.186s][info][gc,heap        ] GC(1511) Humongous regions: 11->6
[206.186s][info][gc,metaspace   ] GC(1511) Metaspace: 73048K->73048K(1116160K)
[206.186s][info][gc             ] GC(1511) Pause Young (Normal) (G1 Evacuation Pause) 365M->72M(483M) 3.999ms
[206.186s][info][gc,cpu         ] GC(1511) User=0.01s Sys=0.00s Real=0.00s
[206.352s][info][gc,start       ] GC(1512) Pause Young (Normal) (G1 Evacuation Pause)
[206.353s][info][gc,task        ] GC(1512) Using 1 workers of 1 for evacuation
[206.356s][info][gc,phases      ] GC(1512)   Pre Evacuate Collection Set: 0.0ms
[206.356s][info][gc,phases      ] GC(1512)   Evacuate Collection Set: 2.7ms
[206.356s][info][gc,phases      ] GC(1512)   Post Evacuate Collection Set: 0.4ms
[206.356s][info][gc,phases      ] GC(1512)   Other: 0.6ms
[206.356s][info][gc,heap        ] GC(1512) Eden regions: 288->0(288)
[206.356s][info][gc,heap        ] GC(1512) Survivor regions: 1->1(37)
[206.356s][info][gc,heap        ] GC(1512) Old regions: 67->67
[206.356s][info][gc,heap        ] GC(1512) Humongous regions: 6->6
[206.356s][info][gc,metaspace   ] GC(1512) Metaspace: 73048K->73048K(1116160K)
[206.356s][info][gc             ] GC(1512) Pause Young (Normal) (G1 Evacuation Pause) 360M->72M(483M) 3.763ms
[206.356s][info][gc,cpu         ] GC(1512) User=0.01s Sys=0.00s Real=0.00s
[206.492s][info][gc,start       ] GC(1513) Pause Young (Normal) (G1 Evacuation Pause)
[206.492s][info][gc,task        ] GC(1513) Using 1 workers of 1 for evacuation
[206.495s][info][gc,phases      ] GC(1513)   Pre Evacuate Collection Set: 0.0ms
[206.495s][info][gc,phases      ] GC(1513)   Evacuate Collection Set: 2.6ms
[206.495s][info][gc,phases      ] GC(1513)   Post Evacuate Collection Set: 0.4ms
[206.495s][info][gc,phases      ] GC(1513)   Other: 0.4ms
[206.495s][info][gc,heap        ] GC(1513) Eden regions: 288->0(288)
[206.495s][info][gc,heap        ] GC(1513) Survivor regions: 1->1(37)
[206.495s][info][gc,heap        ] GC(1513) Old regions: 67->67
[206.495s][info][gc,heap        ] GC(1513) Humongous regions: 6->6
[206.495s][info][gc,metaspace   ] GC(1513) Metaspace: 73048K->73048K(1116160K)
[206.495s][info][gc             ] GC(1513) Pause Young (Normal) (G1 Evacuation Pause) 360M->72M(483M) 3.394ms
[206.495s][info][gc,cpu         ] GC(1513) User=0.00s Sys=0.00s Real=0.00s
[206.630s][info][gc,start       ] GC(1514) Pause Young (Normal) (G1 Evacuation Pause)
[206.630s][info][gc,task        ] GC(1514) Using 1 workers of 1 for evacuation
[206.633s][info][gc,phases      ] GC(1514)   Pre Evacuate Collection Set: 0.1ms
[206.633s][info][gc,phases      ] GC(1514)   Evacuate Collection Set: 2.6ms
[206.633s][info][gc,phases      ] GC(1514)   Post Evacuate Collection Set: 0.4ms
[206.633s][info][gc,phases      ] GC(1514)   Other: 0.3ms
[206.633s][info][gc,heap        ] GC(1514) Eden regions: 288->0(288)
[206.633s][info][gc,heap        ] GC(1514) Survivor regions: 1->1(37)
[206.633s][info][gc,heap        ] GC(1514) Old regions: 67->67
[206.633s][info][gc,heap        ] GC(1514) Humongous regions: 6->6
[206.633s][info][gc,metaspace   ] GC(1514) Metaspace: 73048K->73048K(1116160K)
[206.633s][info][gc             ] GC(1514) Pause Young (Normal) (G1 Evacuation Pause) 360M->72M(483M) 3.411ms
[206.633s][info][gc,cpu         ] GC(1514) User=0.00s Sys=0.00s Real=0.01s
[206.774s][info][gc,start       ] GC(1515) Pause Young (Normal) (G1 Evacuation Pause)
[206.774s][info][gc,task        ] GC(1515) Using 1 workers of 1 for evacuation
[206.777s][info][gc,phases      ] GC(1515)   Pre Evacuate Collection Set: 0.0ms
[206.777s][info][gc,phases      ] GC(1515)   Evacuate Collection Set: 2.7ms
[206.777s][info][gc,phases      ] GC(1515)   Post Evacuate Collection Set: 0.4ms
[206.777s][info][gc,phases      ] GC(1515)   Other: 0.3ms
[206.777s][info][gc,heap        ] GC(1515) Eden regions: 288->0(288)
[206.777s][info][gc,heap        ] GC(1515) Survivor regions: 1->1(37)
[206.777s][info][gc,heap        ] GC(1515) Old regions: 67->67
[206.778s][info][gc,heap        ] GC(1515) Humongous regions: 6->6
[206.778s][info][gc,metaspace   ] GC(1515) Metaspace: 73048K->73048K(1116160K)
[206.778s][info][gc             ] GC(1515) Pause Young (Normal) (G1 Evacuation Pause) 360M->72M(483M) 3.483ms
[206.778s][info][gc,cpu         ] GC(1515) User=0.01s Sys=0.00s Real=0.00s
[206.914s][info][gc,start       ] GC(1516) Pause Young (Normal) (G1 Evacuation Pause)
[206.914s][info][gc,task        ] GC(1516) Using 1 workers of 1 for evacuation
[206.917s][info][gc,phases      ] GC(1516)   Pre Evacuate Collection Set: 0.0ms
[206.917s][info][gc,phases      ] GC(1516)   Evacuate Collection Set: 2.7ms
[206.917s][info][gc,phases      ] GC(1516)   Post Evacuate Collection Set: 0.4ms
[206.917s][info][gc,phases      ] GC(1516)   Other: 0.5ms
[206.917s][info][gc,heap        ] GC(1516) Eden regions: 288->0(288)
[206.917s][info][gc,heap        ] GC(1516) Survivor regions: 1->1(37)
[206.917s][info][gc,heap        ] GC(1516) Old regions: 67->67
[206.917s][info][gc,heap        ] GC(1516) Humongous regions: 6->6
[206.917s][info][gc,metaspace   ] GC(1516) Metaspace: 73048K->73048K(1116160K)
[206.917s][info][gc             ] GC(1516) Pause Young (Normal) (G1 Evacuation Pause) 360M->72M(483M) 3.669ms
[206.917s][info][gc,cpu         ] GC(1516) User=0.00s Sys=0.01s Real=0.00s
[207.054s][info][gc,start       ] GC(1517) Pause Young (Normal) (G1 Evacuation Pause)
[207.054s][info][gc,task        ] GC(1517) Using 1 workers of 1 for evacuation
[207.058s][info][gc,phases      ] GC(1517)   Pre Evacuate Collection Set: 0.0ms
[207.058s][info][gc,phases      ] GC(1517)   Evacuate Collection Set: 3.3ms
[207.058s][info][gc,phases      ] GC(1517)   Post Evacuate Collection Set: 0.4ms
[207.058s][info][gc,phases      ] GC(1517)   Other: 0.3ms
[207.058s][info][gc,heap        ] GC(1517) Eden regions: 288->0(288)
[207.058s][info][gc,heap        ] GC(1517) Survivor regions: 1->1(37)
[207.058s][info][gc,heap        ] GC(1517) Old regions: 67->67
[207.058s][info][gc,heap        ] GC(1517) Humongous regions: 6->6
[207.058s][info][gc,metaspace   ] GC(1517) Metaspace: 73048K->73048K(1116160K)
[207.058s][info][gc             ] GC(1517) Pause Young (Normal) (G1 Evacuation Pause) 360M->72M(483M) 4.129ms
[207.058s][info][gc,cpu         ] GC(1517) User=0.00s Sys=0.00s Real=0.00s
[207.206s][info][gc,start       ] GC(1518) Pause Young (Normal) (G1 Evacuation Pause)
[207.206s][info][gc,task        ] GC(1518) Using 1 workers of 1 for evacuation
[207.210s][info][gc,phases      ] GC(1518)   Pre Evacuate Collection Set: 0.0ms
[207.210s][info][gc,phases      ] GC(1518)   Evacuate Collection Set: 3.0ms
[207.210s][info][gc,phases      ] GC(1518)   Post Evacuate Collection Set: 0.4ms
[207.210s][info][gc,phases      ] GC(1518)   Other: 0.3ms
[207.210s][info][gc,heap        ] GC(1518) Eden regions: 288->0(288)
[207.210s][info][gc,heap        ] GC(1518) Survivor regions: 1->1(37)
[207.210s][info][gc,heap        ] GC(1518) Old regions: 67->67
[207.210s][info][gc,heap        ] GC(1518) Humongous regions: 11->6
[207.210s][info][gc,metaspace   ] GC(1518) Metaspace: 73048K->73048K(1116160K)
[207.210s][info][gc             ] GC(1518) Pause Young (Normal) (G1 Evacuation Pause) 365M->72M(483M) 3.811ms
[207.210s][info][gc,cpu         ] GC(1518) User=0.00s Sys=0.00s Real=0.01s
[207.361s][info][gc,start       ] GC(1519) Pause Young (Normal) (G1 Evacuation Pause)
[207.361s][info][gc,task        ] GC(1519) Using 1 workers of 1 for evacuation
[207.365s][info][gc,phases      ] GC(1519)   Pre Evacuate Collection Set: 0.0ms
[207.365s][info][gc,phases      ] GC(1519)   Evacuate Collection Set: 2.9ms
[207.365s][info][gc,phases      ] GC(1519)   Post Evacuate Collection Set: 0.4ms
[207.365s][info][gc,phases      ] GC(1519)   Other: 0.4ms
[207.365s][info][gc,heap        ] GC(1519) Eden regions: 288->0(288)
[207.365s][info][gc,heap        ] GC(1519) Survivor regions: 1->1(37)
[207.365s][info][gc,heap        ] GC(1519) Old regions: 67->67
[207.365s][info][gc,heap        ] GC(1519) Humongous regions: 6->6
[207.365s][info][gc,metaspace   ] GC(1519) Metaspace: 73048K->73048K(1116160K)
[207.365s][info][gc             ] GC(1519) Pause Young (Normal) (G1 Evacuation Pause) 360M->72M(483M) 3.763ms
[207.365s][info][gc,cpu         ] GC(1519) User=0.00s Sys=0.00s Real=0.00s
[207.505s][info][gc,start       ] GC(1520) Pause Young (Normal) (G1 Evacuation Pause)
[207.505s][info][gc,task        ] GC(1520) Using 1 workers of 1 for evacuation
[207.508s][info][gc,phases      ] GC(1520)   Pre Evacuate Collection Set: 0.0ms
[207.508s][info][gc,phases      ] GC(1520)   Evacuate Collection Set: 2.9ms
[207.508s][info][gc,phases      ] GC(1520)   Post Evacuate Collection Set: 0.4ms
[207.508s][info][gc,phases      ] GC(1520)   Other: 0.4ms
[207.508s][info][gc,heap        ] GC(1520) Eden regions: 288->0(288)
[207.508s][info][gc,heap        ] GC(1520) Survivor regions: 1->1(37)
[207.508s][info][gc,heap        ] GC(1520) Old regions: 67->67
[207.508s][info][gc,heap        ] GC(1520) Humongous regions: 6->6
[207.508s][info][gc,metaspace   ] GC(1520) Metaspace: 73049K->73049K(1116160K)
[207.508s][info][gc             ] GC(1520) Pause Young (Normal) (G1 Evacuation Pause) 360M->72M(483M) 3.700ms
[207.508s][info][gc,cpu         ] GC(1520) User=0.00s Sys=0.00s Real=0.00s
[207.640s][info][gc,start       ] GC(1521) Pause Young (Normal) (G1 Evacuation Pause)
[207.640s][info][gc,task        ] GC(1521) Using 1 workers of 1 for evacuation
[207.643s][info][gc,phases      ] GC(1521)   Pre Evacuate Collection Set: 0.0ms
[207.643s][info][gc,phases      ] GC(1521)   Evacuate Collection Set: 2.8ms
[207.643s][info][gc,phases      ] GC(1521)   Post Evacuate Collection Set: 0.4ms
[207.643s][info][gc,phases      ] GC(1521)   Other: 0.4ms
[207.643s][info][gc,heap        ] GC(1521) Eden regions: 288->0(288)
[207.643s][info][gc,heap        ] GC(1521) Survivor regions: 1->1(37)
[207.643s][info][gc,heap        ] GC(1521) Old regions: 67->67
[207.643s][info][gc,heap        ] GC(1521) Humongous regions: 6->6
[207.643s][info][gc,metaspace   ] GC(1521) Metaspace: 73049K->73049K(1116160K)
[207.643s][info][gc             ] GC(1521) Pause Young (Normal) (G1 Evacuation Pause) 360M->72M(483M) 3.668ms
[207.643s][info][gc,cpu         ] GC(1521) User=0.01s Sys=0.00s Real=0.00s
[207.781s][info][gc,start       ] GC(1522) Pause Young (Normal) (G1 Evacuation Pause)
[207.781s][info][gc,task        ] GC(1522) Using 1 workers of 1 for evacuation
[207.784s][info][gc,phases      ] GC(1522)   Pre Evacuate Collection Set: 0.0ms
[207.784s][info][gc,phases      ] GC(1522)   Evacuate Collection Set: 2.9ms
[207.784s][info][gc,phases      ] GC(1522)   Post Evacuate Collection Set: 0.4ms
[207.784s][info][gc,phases      ] GC(1522)   Other: 0.5ms
[207.784s][info][gc,heap        ] GC(1522) Eden regions: 288->0(288)
[207.784s][info][gc,heap        ] GC(1522) Survivor regions: 1->1(37)
[207.784s][info][gc,heap        ] GC(1522) Old regions: 67->67
[207.784s][info][gc,heap        ] GC(1522) Humongous regions: 6->6
[207.784s][info][gc,metaspace   ] GC(1522) Metaspace: 73049K->73049K(1116160K)
[207.784s][info][gc             ] GC(1522) Pause Young (Normal) (G1 Evacuation Pause) 360M->72M(483M) 3.867ms
[207.785s][info][gc,cpu         ] GC(1522) User=0.01s Sys=0.00s Real=0.00s
[207.920s][info][gc,start       ] GC(1523) Pause Young (Normal) (G1 Evacuation Pause)
[207.920s][info][gc,task        ] GC(1523) Using 1 workers of 1 for evacuation
[207.924s][info][gc,phases      ] GC(1523)   Pre Evacuate Collection Set: 0.0ms
[207.924s][info][gc,phases      ] GC(1523)   Evacuate Collection Set: 2.9ms
[207.924s][info][gc,phases      ] GC(1523)   Post Evacuate Collection Set: 0.4ms
[207.924s][info][gc,phases      ] GC(1523)   Other: 0.3ms
[207.924s][info][gc,heap        ] GC(1523) Eden regions: 288->0(288)
[207.924s][info][gc,heap        ] GC(1523) Survivor regions: 1->1(37)
[207.924s][info][gc,heap        ] GC(1523) Old regions: 67->67
[207.924s][info][gc,heap        ] GC(1523) Humongous regions: 6->6
[207.924s][info][gc,metaspace   ] GC(1523) Metaspace: 73049K->73049K(1116160K)
[207.924s][info][gc             ] GC(1523) Pause Young (Normal) (G1 Evacuation Pause) 360M->72M(483M) 3.622ms
[207.924s][info][gc,cpu         ] GC(1523) User=0.01s Sys=0.00s Real=0.00s
[208.077s][info][gc,start       ] GC(1524) Pause Young (Normal) (G1 Evacuation Pause)
[208.077s][info][gc,task        ] GC(1524) Using 1 workers of 1 for evacuation
[208.080s][info][gc,phases      ] GC(1524)   Pre Evacuate Collection Set: 0.0ms
[208.081s][info][gc,phases      ] GC(1524)   Evacuate Collection Set: 2.9ms
[208.081s][info][gc,phases      ] GC(1524)   Post Evacuate Collection Set: 0.4ms
[208.081s][info][gc,phases      ] GC(1524)   Other: 0.3ms
[208.081s][info][gc,heap        ] GC(1524) Eden regions: 288->0(288)
[208.081s][info][gc,heap        ] GC(1524) Survivor regions: 1->1(37)
[208.081s][info][gc,heap        ] GC(1524) Old regions: 67->67
[208.081s][info][gc,heap        ] GC(1524) Humongous regions: 11->6
[208.081s][info][gc,metaspace   ] GC(1524) Metaspace: 73049K->73049K(1116160K)
[208.081s][info][gc             ] GC(1524) Pause Young (Normal) (G1 Evacuation Pause) 365M->72M(483M) 3.692ms
[208.081s][info][gc,cpu         ] GC(1524) User=0.00s Sys=0.00s Real=0.01s
[208.229s][info][gc,start       ] GC(1525) Pause Young (Normal) (G1 Evacuation Pause)
[208.230s][info][gc,task        ] GC(1525) Using 1 workers of 1 for evacuation
[208.233s][info][gc,phases      ] GC(1525)   Pre Evacuate Collection Set: 0.0ms
[208.233s][info][gc,phases      ] GC(1525)   Evacuate Collection Set: 2.7ms
[208.233s][info][gc,phases      ] GC(1525)   Post Evacuate Collection Set: 0.4ms
[208.233s][info][gc,phases      ] GC(1525)   Other: 0.4ms
[208.233s][info][gc,heap        ] GC(1525) Eden regions: 288->0(288)
[208.233s][info][gc,heap        ] GC(1525) Survivor regions: 1->1(37)
[208.233s][info][gc,heap        ] GC(1525) Old regions: 67->67
[208.233s][info][gc,heap        ] GC(1525) Humongous regions: 6->6
[208.233s][info][gc,metaspace   ] GC(1525) Metaspace: 73049K->73049K(1116160K)
[208.233s][info][gc             ] GC(1525) Pause Young (Normal) (G1 Evacuation Pause) 360M->72M(483M) 3.642ms
[208.233s][info][gc,cpu         ] GC(1525) User=0.00s Sys=0.00s Real=0.01s
[208.366s][info][gc,start       ] GC(1526) Pause Young (Normal) (G1 Evacuation Pause)
[208.366s][info][gc,task        ] GC(1526) Using 1 workers of 1 for evacuation
[208.369s][info][gc,phases      ] GC(1526)   Pre Evacuate Collection Set: 0.0ms
[208.369s][info][gc,phases      ] GC(1526)   Evacuate Collection Set: 2.7ms
[208.369s][info][gc,phases      ] GC(1526)   Post Evacuate Collection Set: 0.4ms
[208.369s][info][gc,phases      ] GC(1526)   Other: 0.3ms
[208.369s][info][gc,heap        ] GC(1526) Eden regions: 288->0(288)
[208.369s][info][gc,heap        ] GC(1526) Survivor regions: 1->1(37)
[208.369s][info][gc,heap        ] GC(1526) Old regions: 67->67
[208.369s][info][gc,heap        ] GC(1526) Humongous regions: 6->6
[208.369s][info][gc,metaspace   ] GC(1526) Metaspace: 73049K->73049K(1116160K)
[208.369s][info][gc             ] GC(1526) Pause Young (Normal) (G1 Evacuation Pause) 360M->72M(483M) 3.473ms
[208.369s][info][gc,cpu         ] GC(1526) User=0.01s Sys=0.00s Real=0.00s
[208.503s][info][gc,start       ] GC(1527) Pause Young (Normal) (G1 Evacuation Pause)
[208.503s][info][gc,task        ] GC(1527) Using 1 workers of 1 for evacuation
[208.507s][info][gc,phases      ] GC(1527)   Pre Evacuate Collection Set: 0.0ms
[208.507s][info][gc,phases      ] GC(1527)   Evacuate Collection Set: 2.7ms
[208.507s][info][gc,phases      ] GC(1527)   Post Evacuate Collection Set: 0.4ms
[208.507s][info][gc,phases      ] GC(1527)   Other: 0.3ms
[208.507s][info][gc,heap        ] GC(1527) Eden regions: 288->0(288)
[208.507s][info][gc,heap        ] GC(1527) Survivor regions: 1->1(37)
[208.507s][info][gc,heap        ] GC(1527) Old regions: 67->67
[208.507s][info][gc,heap        ] GC(1527) Humongous regions: 6->6
[208.507s][info][gc,metaspace   ] GC(1527) Metaspace: 73049K->73049K(1116160K)
[208.507s][info][gc             ] GC(1527) Pause Young (Normal) (G1 Evacuation Pause) 360M->72M(483M) 3.500ms
[208.507s][info][gc,cpu         ] GC(1527) User=0.00s Sys=0.00s Real=0.00s
[208.650s][info][gc,start       ] GC(1528) Pause Young (Normal) (G1 Evacuation Pause)
[208.650s][info][gc,task        ] GC(1528) Using 1 workers of 1 for evacuation
[208.654s][info][gc,phases      ] GC(1528)   Pre Evacuate Collection Set: 0.0ms
[208.654s][info][gc,phases      ] GC(1528)   Evacuate Collection Set: 3.3ms
[208.654s][info][gc,phases      ] GC(1528)   Post Evacuate Collection Set: 0.5ms
[208.654s][info][gc,phases      ] GC(1528)   Other: 0.5ms
[208.654s][info][gc,heap        ] GC(1528) Eden regions: 288->0(288)
[208.654s][info][gc,heap        ] GC(1528) Survivor regions: 1->1(37)
[208.654s][info][gc,heap        ] GC(1528) Old regions: 67->67
[208.654s][info][gc,heap        ] GC(1528) Humongous regions: 6->6
[208.654s][info][gc,metaspace   ] GC(1528) Metaspace: 73049K->73049K(1116160K)
[208.654s][info][gc             ] GC(1528) Pause Young (Normal) (G1 Evacuation Pause) 360M->72M(483M) 4.418ms
[208.654s][info][gc,cpu         ] GC(1528) User=0.00s Sys=0.01s Real=0.01s
[208.812s][info][gc,start       ] GC(1529) Pause Young (Normal) (G1 Evacuation Pause)
[208.812s][info][gc,task        ] GC(1529) Using 1 workers of 1 for evacuation
[208.816s][info][gc,phases      ] GC(1529)   Pre Evacuate Collection Set: 0.0ms
[208.816s][info][gc,phases      ] GC(1529)   Evacuate Collection Set: 3.0ms
[208.816s][info][gc,phases      ] GC(1529)   Post Evacuate Collection Set: 0.4ms
[208.816s][info][gc,phases      ] GC(1529)   Other: 0.4ms
[208.816s][info][gc,heap        ] GC(1529) Eden regions: 288->0(288)
[208.816s][info][gc,heap        ] GC(1529) Survivor regions: 1->1(37)
[208.816s][info][gc,heap        ] GC(1529) Old regions: 67->67
[208.816s][info][gc,heap        ] GC(1529) Humongous regions: 6->6
[208.816s][info][gc,metaspace   ] GC(1529) Metaspace: 73049K->73049K(1116160K)
[208.816s][info][gc             ] GC(1529) Pause Young (Normal) (G1 Evacuation Pause) 360M->72M(483M) 3.870ms
[208.816s][info][gc,cpu         ] GC(1529) User=0.00s Sys=0.00s Real=0.00s
[208.961s][info][gc,start       ] GC(1530) Pause Young (Normal) (G1 Evacuation Pause)
[208.961s][info][gc,task        ] GC(1530) Using 1 workers of 1 for evacuation
[208.965s][info][gc,phases      ] GC(1530)   Pre Evacuate Collection Set: 0.0ms
[208.965s][info][gc,phases      ] GC(1530)   Evacuate Collection Set: 3.3ms
[208.965s][info][gc,phases      ] GC(1530)   Post Evacuate Collection Set: 0.4ms
[208.965s][info][gc,phases      ] GC(1530)   Other: 0.5ms
[208.965s][info][gc,heap        ] GC(1530) Eden regions: 288->0(288)
[208.965s][info][gc,heap        ] GC(1530) Survivor regions: 1->1(37)
[208.965s][info][gc,heap        ] GC(1530) Old regions: 67->67
[208.965s][info][gc,heap        ] GC(1530) Humongous regions: 6->6
[208.965s][info][gc,metaspace   ] GC(1530) Metaspace: 73049K->73049K(1116160K)
[208.965s][info][gc             ] GC(1530) Pause Young (Normal) (G1 Evacuation Pause) 360M->72M(483M) 4.277ms
[208.965s][info][gc,cpu         ] GC(1530) User=0.00s Sys=0.00s Real=0.00s
[209.133s][info][gc,start       ] GC(1531) Pause Young (Normal) (G1 Evacuation Pause)
[209.133s][info][gc,task        ] GC(1531) Using 1 workers of 1 for evacuation
[209.137s][info][gc,phases      ] GC(1531)   Pre Evacuate Collection Set: 0.0ms
[209.137s][info][gc,phases      ] GC(1531)   Evacuate Collection Set: 3.2ms
[209.137s][info][gc,phases      ] GC(1531)   Post Evacuate Collection Set: 0.4ms
[209.137s][info][gc,phases      ] GC(1531)   Other: 0.3ms
[209.137s][info][gc,heap        ] GC(1531) Eden regions: 288->0(288)
[209.137s][info][gc,heap        ] GC(1531) Survivor regions: 1->1(37)
[209.137s][info][gc,heap        ] GC(1531) Old regions: 67->67
[209.137s][info][gc,heap        ] GC(1531) Humongous regions: 11->6
[209.137s][info][gc,metaspace   ] GC(1531) Metaspace: 73050K->73050K(1116160K)
[209.137s][info][gc             ] GC(1531) Pause Young (Normal) (G1 Evacuation Pause) 365M->72M(483M) 3.967ms
[209.137s][info][gc,cpu         ] GC(1531) User=0.00s Sys=0.00s Real=0.00s
[209.274s][info][gc,start       ] GC(1532) Pause Young (Normal) (G1 Evacuation Pause)
[209.274s][info][gc,task        ] GC(1532) Using 1 workers of 1 for evacuation
[209.278s][info][gc,phases      ] GC(1532)   Pre Evacuate Collection Set: 0.0ms
[209.278s][info][gc,phases      ] GC(1532)   Evacuate Collection Set: 3.1ms
[209.278s][info][gc,phases      ] GC(1532)   Post Evacuate Collection Set: 0.5ms
[209.278s][info][gc,phases      ] GC(1532)   Other: 0.4ms
[209.278s][info][gc,heap        ] GC(1532) Eden regions: 288->0(288)
[209.278s][info][gc,heap        ] GC(1532) Survivor regions: 1->1(37)
[209.278s][info][gc,heap        ] GC(1532) Old regions: 67->67
[209.278s][info][gc,heap        ] GC(1532) Humongous regions: 6->6
[209.278s][info][gc,metaspace   ] GC(1532) Metaspace: 73050K->73050K(1116160K)
[209.278s][info][gc             ] GC(1532) Pause Young (Normal) (G1 Evacuation Pause) 360M->72M(483M) 4.028ms
[209.278s][info][gc,cpu         ] GC(1532) User=0.00s Sys=0.00s Real=0.01s
[209.418s][info][gc,start       ] GC(1533) Pause Young (Normal) (G1 Evacuation Pause)
[209.418s][info][gc,task        ] GC(1533) Using 1 workers of 1 for evacuation
[209.421s][info][gc,phases      ] GC(1533)   Pre Evacuate Collection Set: 0.0ms
[209.421s][info][gc,phases      ] GC(1533)   Evacuate Collection Set: 3.0ms
[209.421s][info][gc,phases      ] GC(1533)   Post Evacuate Collection Set: 0.4ms
[209.421s][info][gc,phases      ] GC(1533)   Other: 0.4ms
[209.421s][info][gc,heap        ] GC(1533) Eden regions: 288->0(288)
[209.421s][info][gc,heap        ] GC(1533) Survivor regions: 1->1(37)
[209.421s][info][gc,heap        ] GC(1533) Old regions: 67->68
[209.421s][info][gc,heap        ] GC(1533) Humongous regions: 6->6
[209.421s][info][gc,metaspace   ] GC(1533) Metaspace: 73050K->73050K(1116160K)
[209.421s][info][gc             ] GC(1533) Pause Young (Normal) (G1 Evacuation Pause) 360M->72M(483M) 3.904ms
[209.422s][info][gc,cpu         ] GC(1533) User=0.00s Sys=0.00s Real=0.01s
[209.554s][info][gc,start       ] GC(1534) Pause Young (Normal) (G1 Evacuation Pause)
[209.554s][info][gc,task        ] GC(1534) Using 1 workers of 1 for evacuation
[209.558s][info][gc,phases      ] GC(1534)   Pre Evacuate Collection Set: 0.0ms
[209.558s][info][gc,phases      ] GC(1534)   Evacuate Collection Set: 2.8ms
[209.558s][info][gc,phases      ] GC(1534)   Post Evacuate Collection Set: 0.4ms
[209.558s][info][gc,phases      ] GC(1534)   Other: 0.3ms
[209.558s][info][gc,heap        ] GC(1534) Eden regions: 288->0(288)
[209.558s][info][gc,heap        ] GC(1534) Survivor regions: 1->1(37)
[209.558s][info][gc,heap        ] GC(1534) Old regions: 68->68
[209.558s][info][gc,heap        ] GC(1534) Humongous regions: 6->6
[209.558s][info][gc,metaspace   ] GC(1534) Metaspace: 73050K->73050K(1116160K)
[209.558s][info][gc             ] GC(1534) Pause Young (Normal) (G1 Evacuation Pause) 360M->72M(483M) 3.587ms
[209.558s][info][gc,cpu         ] GC(1534) User=0.00s Sys=0.00s Real=0.01s
[209.695s][info][gc,start       ] GC(1535) Pause Young (Normal) (G1 Evacuation Pause)
[209.695s][info][gc,task        ] GC(1535) Using 1 workers of 1 for evacuation
[209.698s][info][gc,phases      ] GC(1535)   Pre Evacuate Collection Set: 0.0ms
[209.698s][info][gc,phases      ] GC(1535)   Evacuate Collection Set: 2.9ms
[209.698s][info][gc,phases      ] GC(1535)   Post Evacuate Collection Set: 0.4ms
[209.698s][info][gc,phases      ] GC(1535)   Other: 0.3ms
[209.698s][info][gc,heap        ] GC(1535) Eden regions: 288->0(288)
[209.698s][info][gc,heap        ] GC(1535) Survivor regions: 1->1(37)
[209.698s][info][gc,heap        ] GC(1535) Old regions: 68->68
[209.698s][info][gc,heap        ] GC(1535) Humongous regions: 6->6
[209.698s][info][gc,metaspace   ] GC(1535) Metaspace: 73050K->73050K(1116160K)
[209.698s][info][gc             ] GC(1535) Pause Young (Normal) (G1 Evacuation Pause) 360M->72M(483M) 3.704ms
[209.698s][info][gc,cpu         ] GC(1535) User=0.00s Sys=0.00s Real=0.01s
[209.837s][info][gc,start       ] GC(1536) Pause Young (Normal) (G1 Evacuation Pause)
[209.837s][info][gc,task        ] GC(1536) Using 1 workers of 1 for evacuation
[209.840s][info][gc,phases      ] GC(1536)   Pre Evacuate Collection Set: 0.0ms
[209.840s][info][gc,phases      ] GC(1536)   Evacuate Collection Set: 2.9ms
[209.840s][info][gc,phases      ] GC(1536)   Post Evacuate Collection Set: 0.4ms
[209.840s][info][gc,phases      ] GC(1536)   Other: 0.4ms
[209.840s][info][gc,heap        ] GC(1536) Eden regions: 288->0(288)
[209.840s][info][gc,heap        ] GC(1536) Survivor regions: 1->1(37)
[209.840s][info][gc,heap        ] GC(1536) Old regions: 68->68
[209.840s][info][gc,heap        ] GC(1536) Humongous regions: 6->6
[209.840s][info][gc,metaspace   ] GC(1536) Metaspace: 73050K->73050K(1116160K)
[209.840s][info][gc             ] GC(1536) Pause Young (Normal) (G1 Evacuation Pause) 360M->72M(483M) 3.704ms
[209.840s][info][gc,cpu         ] GC(1536) User=0.00s Sys=0.00s Real=0.01s
[210.000s][info][gc,start       ] GC(1537) Pause Young (Normal) (G1 Evacuation Pause)
[210.000s][info][gc,task        ] GC(1537) Using 1 workers of 1 for evacuation
[210.004s][info][gc,phases      ] GC(1537)   Pre Evacuate Collection Set: 0.0ms
[210.004s][info][gc,phases      ] GC(1537)   Evacuate Collection Set: 3.3ms
[210.004s][info][gc,phases      ] GC(1537)   Post Evacuate Collection Set: 0.4ms
[210.004s][info][gc,phases      ] GC(1537)   Other: 0.3ms
[210.004s][info][gc,heap        ] GC(1537) Eden regions: 288->0(288)
[210.004s][info][gc,heap        ] GC(1537) Survivor regions: 1->1(37)
[210.004s][info][gc,heap        ] GC(1537) Old regions: 68->68
[210.004s][info][gc,heap        ] GC(1537) Humongous regions: 11->6
[210.004s][info][gc,metaspace   ] GC(1537) Metaspace: 73050K->73050K(1116160K)
[210.004s][info][gc             ] GC(1537) Pause Young (Normal) (G1 Evacuation Pause) 365M->72M(483M) 4.084ms
[210.004s][info][gc,cpu         ] GC(1537) User=0.00s Sys=0.00s Real=0.00s
[210.140s][info][gc,start       ] GC(1538) Pause Young (Normal) (G1 Evacuation Pause)
[210.140s][info][gc,task        ] GC(1538) Using 1 workers of 1 for evacuation
[210.144s][info][gc,phases      ] GC(1538)   Pre Evacuate Collection Set: 0.0ms
[210.144s][info][gc,phases      ] GC(1538)   Evacuate Collection Set: 3.2ms
[210.144s][info][gc,phases      ] GC(1538)   Post Evacuate Collection Set: 0.5ms
[210.144s][info][gc,phases      ] GC(1538)   Other: 0.4ms
[210.144s][info][gc,heap        ] GC(1538) Eden regions: 288->0(288)
[210.144s][info][gc,heap        ] GC(1538) Survivor regions: 1->1(37)
[210.144s][info][gc,heap        ] GC(1538) Old regions: 68->68
[210.144s][info][gc,heap        ] GC(1538) Humongous regions: 6->6
[210.144s][info][gc,metaspace   ] GC(1538) Metaspace: 73050K->73050K(1116160K)
[210.144s][info][gc             ] GC(1538) Pause Young (Normal) (G1 Evacuation Pause) 360M->72M(483M) 4.165ms
[210.144s][info][gc,cpu         ] GC(1538) User=0.00s Sys=0.00s Real=0.00s
[210.277s][info][gc,start       ] GC(1539) Pause Young (Normal) (G1 Evacuation Pause)
[210.277s][info][gc,task        ] GC(1539) Using 1 workers of 1 for evacuation
[210.281s][info][gc,phases      ] GC(1539)   Pre Evacuate Collection Set: 0.1ms
[210.281s][info][gc,phases      ] GC(1539)   Evacuate Collection Set: 3.2ms
[210.281s][info][gc,phases      ] GC(1539)   Post Evacuate Collection Set: 0.4ms
[210.281s][info][gc,phases      ] GC(1539)   Other: 0.3ms
[210.281s][info][gc,heap        ] GC(1539) Eden regions: 288->0(288)
[210.281s][info][gc,heap        ] GC(1539) Survivor regions: 1->1(37)
[210.281s][info][gc,heap        ] GC(1539) Old regions: 68->68
[210.281s][info][gc,heap        ] GC(1539) Humongous regions: 6->6
[210.281s][info][gc,metaspace   ] GC(1539) Metaspace: 73050K->73050K(1116160K)
[210.281s][info][gc             ] GC(1539) Pause Young (Normal) (G1 Evacuation Pause) 360M->72M(483M) 3.939ms
[210.281s][info][gc,cpu         ] GC(1539) User=0.00s Sys=0.00s Real=0.01s
[210.418s][info][gc,start       ] GC(1540) Pause Young (Normal) (G1 Evacuation Pause)
[210.419s][info][gc,task        ] GC(1540) Using 1 workers of 1 for evacuation
[210.422s][info][gc,phases      ] GC(1540)   Pre Evacuate Collection Set: 0.0ms
[210.422s][info][gc,phases      ] GC(1540)   Evacuate Collection Set: 3.0ms
[210.422s][info][gc,phases      ] GC(1540)   Post Evacuate Collection Set: 0.4ms
[210.422s][info][gc,phases      ] GC(1540)   Other: 0.3ms
[210.422s][info][gc,heap        ] GC(1540) Eden regions: 288->0(288)
[210.422s][info][gc,heap        ] GC(1540) Survivor regions: 1->1(37)
[210.422s][info][gc,heap        ] GC(1540) Old regions: 68->68
[210.422s][info][gc,heap        ] GC(1540) Humongous regions: 6->6
[210.422s][info][gc,metaspace   ] GC(1540) Metaspace: 73050K->73050K(1116160K)
[210.422s][info][gc             ] GC(1540) Pause Young (Normal) (G1 Evacuation Pause) 360M->72M(483M) 3.772ms
[210.422s][info][gc,cpu         ] GC(1540) User=0.00s Sys=0.01s Real=0.00s
[210.555s][info][gc,start       ] GC(1541) Pause Young (Normal) (G1 Evacuation Pause)
[210.555s][info][gc,task        ] GC(1541) Using 1 workers of 1 for evacuation
[210.565s][info][gc,phases      ] GC(1541)   Pre Evacuate Collection Set: 0.0ms
[210.565s][info][gc,phases      ] GC(1541)   Evacuate Collection Set: 9.1ms
[210.565s][info][gc,phases      ] GC(1541)   Post Evacuate Collection Set: 0.4ms
[210.565s][info][gc,phases      ] GC(1541)   Other: 0.4ms
[210.565s][info][gc,heap        ] GC(1541) Eden regions: 288->0(288)
[210.565s][info][gc,heap        ] GC(1541) Survivor regions: 1->1(37)
[210.565s][info][gc,heap        ] GC(1541) Old regions: 68->68
[210.565s][info][gc,heap        ] GC(1541) Humongous regions: 6->6
[210.565s][info][gc,metaspace   ] GC(1541) Metaspace: 73050K->73050K(1116160K)
[210.565s][info][gc             ] GC(1541) Pause Young (Normal) (G1 Evacuation Pause) 360M->72M(483M) 9.975ms
[210.565s][info][gc,cpu         ] GC(1541) User=0.01s Sys=0.00s Real=0.01s
[210.703s][info][gc,start       ] GC(1542) Pause Young (Normal) (G1 Evacuation Pause)
[210.703s][info][gc,task        ] GC(1542) Using 1 workers of 1 for evacuation
[210.706s][info][gc,phases      ] GC(1542)   Pre Evacuate Collection Set: 0.0ms
[210.707s][info][gc,phases      ] GC(1542)   Evacuate Collection Set: 3.1ms
[210.707s][info][gc,phases      ] GC(1542)   Post Evacuate Collection Set: 0.5ms
[210.707s][info][gc,phases      ] GC(1542)   Other: 0.3ms
[210.707s][info][gc,heap        ] GC(1542) Eden regions: 288->0(288)
[210.707s][info][gc,heap        ] GC(1542) Survivor regions: 1->1(37)
[210.707s][info][gc,heap        ] GC(1542) Old regions: 68->68
[210.707s][info][gc,heap        ] GC(1542) Humongous regions: 6->6
[210.707s][info][gc,metaspace   ] GC(1542) Metaspace: 73050K->73050K(1116160K)
[210.707s][info][gc             ] GC(1542) Pause Young (Normal) (G1 Evacuation Pause) 360M->72M(483M) 4.035ms
[210.707s][info][gc,cpu         ] GC(1542) User=0.00s Sys=0.00s Real=0.00s
[210.848s][info][gc,start       ] GC(1543) Pause Young (Normal) (G1 Evacuation Pause)
[210.848s][info][gc,task        ] GC(1543) Using 1 workers of 1 for evacuation
[210.853s][info][gc,phases      ] GC(1543)   Pre Evacuate Collection Set: 0.0ms
[210.853s][info][gc,phases      ] GC(1543)   Evacuate Collection Set: 4.2ms
[210.853s][info][gc,phases      ] GC(1543)   Post Evacuate Collection Set: 0.5ms
[210.853s][info][gc,phases      ] GC(1543)   Other: 0.3ms
[210.853s][info][gc,heap        ] GC(1543) Eden regions: 288->0(288)
[210.853s][info][gc,heap        ] GC(1543) Survivor regions: 1->1(37)
[210.853s][info][gc,heap        ] GC(1543) Old regions: 68->68
[210.853s][info][gc,heap        ] GC(1543) Humongous regions: 6->6
[210.853s][info][gc,metaspace   ] GC(1543) Metaspace: 73050K->73050K(1116160K)
[210.853s][info][gc             ] GC(1543) Pause Young (Normal) (G1 Evacuation Pause) 360M->73M(483M) 5.061ms
[210.853s][info][gc,cpu         ] GC(1543) User=0.01s Sys=0.00s Real=0.01s
[211.297s][info][gc,start       ] GC(1544) Pause Young (Normal) (G1 Evacuation Pause)
[211.297s][info][gc,task        ] GC(1544) Using 1 workers of 1 for evacuation
[211.309s][info][gc,phases      ] GC(1544)   Pre Evacuate Collection Set: 0.0ms
[211.309s][info][gc,phases      ] GC(1544)   Evacuate Collection Set: 11.1ms
[211.309s][info][gc,phases      ] GC(1544)   Post Evacuate Collection Set: 0.5ms
[211.309s][info][gc,phases      ] GC(1544)   Other: 0.5ms
[211.309s][info][gc,heap        ] GC(1544) Eden regions: 288->0(284)
[211.309s][info][gc,heap        ] GC(1544) Survivor regions: 1->5(37)
[211.309s][info][gc,heap        ] GC(1544) Old regions: 68->68
[211.309s][info][gc,heap        ] GC(1544) Humongous regions: 41->6
[211.309s][info][gc,metaspace   ] GC(1544) Metaspace: 73057K->73057K(1116160K)
[211.309s][info][gc             ] GC(1544) Pause Young (Normal) (G1 Evacuation Pause) 396M->76M(483M) 12.229ms
[211.309s][info][gc,cpu         ] GC(1544) User=0.02s Sys=0.00s Real=0.01s
[211.469s][info][gc,start       ] GC(1545) Pause Young (Normal) (G1 Evacuation Pause)
[211.469s][info][gc,task        ] GC(1545) Using 1 workers of 1 for evacuation
[211.478s][info][gc,phases      ] GC(1545)   Pre Evacuate Collection Set: 0.0ms
[211.478s][info][gc,phases      ] GC(1545)   Evacuate Collection Set: 8.3ms
[211.478s][info][gc,phases      ] GC(1545)   Post Evacuate Collection Set: 0.4ms
[211.478s][info][gc,phases      ] GC(1545)   Other: 0.3ms
[211.478s][info][gc,heap        ] GC(1545) Eden regions: 284->0(285)
[211.478s][info][gc,heap        ] GC(1545) Survivor regions: 5->4(37)
[211.478s][info][gc,heap        ] GC(1545) Old regions: 68->68
[211.478s][info][gc,heap        ] GC(1545) Humongous regions: 6->6
[211.478s][info][gc,metaspace   ] GC(1545) Metaspace: 73057K->73057K(1116160K)
[211.478s][info][gc             ] GC(1545) Pause Young (Normal) (G1 Evacuation Pause) 360M->76M(483M) 9.092ms
[211.478s][info][gc,cpu         ] GC(1545) User=0.00s Sys=0.00s Real=0.01s
[211.623s][info][gc,start       ] GC(1546) Pause Young (Normal) (G1 Evacuation Pause)
[211.623s][info][gc,task        ] GC(1546) Using 1 workers of 1 for evacuation
[211.632s][info][gc,phases      ] GC(1546)   Pre Evacuate Collection Set: 0.0ms
[211.632s][info][gc,phases      ] GC(1546)   Evacuate Collection Set: 8.4ms
[211.632s][info][gc,phases      ] GC(1546)   Post Evacuate Collection Set: 0.4ms
[211.632s][info][gc,phases      ] GC(1546)   Other: 0.4ms
[211.632s][info][gc,heap        ] GC(1546) Eden regions: 285->0(285)
[211.632s][info][gc,heap        ] GC(1546) Survivor regions: 4->4(37)
[211.632s][info][gc,heap        ] GC(1546) Old regions: 68->68
[211.632s][info][gc,heap        ] GC(1546) Humongous regions: 6->6
[211.632s][info][gc,metaspace   ] GC(1546) Metaspace: 73057K->73057K(1116160K)
[211.632s][info][gc             ] GC(1546) Pause Young (Normal) (G1 Evacuation Pause) 361M->76M(483M) 9.232ms
[211.632s][info][gc,cpu         ] GC(1546) User=0.01s Sys=0.00s Real=0.01s
[212.076s][info][gc,start       ] GC(1547) Pause Young (Normal) (G1 Evacuation Pause)
[212.076s][info][gc,task        ] GC(1547) Using 1 workers of 1 for evacuation
[212.086s][info][gc,phases      ] GC(1547)   Pre Evacuate Collection Set: 0.0ms
[212.086s][info][gc,phases      ] GC(1547)   Evacuate Collection Set: 8.5ms
[212.086s][info][gc,phases      ] GC(1547)   Post Evacuate Collection Set: 0.7ms
[212.086s][info][gc,phases      ] GC(1547)   Other: 0.4ms
[212.086s][info][gc,heap        ] GC(1547) Eden regions: 285->0(310)
[212.086s][info][gc,heap        ] GC(1547) Survivor regions: 4->4(37)
[212.086s][info][gc,heap        ] GC(1547) Old regions: 68->68
[212.086s][info][gc,heap        ] GC(1547) Humongous regions: 66->6
[212.086s][info][gc,metaspace   ] GC(1547) Metaspace: 73071K->73071K(1116160K)
[212.086s][info][gc             ] GC(1547) Pause Young (Normal) (G1 Evacuation Pause) 421M->76M(524M) 9.700ms
[212.086s][info][gc,cpu         ] GC(1547) User=0.01s Sys=0.00s Real=0.01s
[212.322s][info][gc,start       ] GC(1548) Pause Young (Normal) (G1 Evacuation Pause)
[212.322s][info][gc,task        ] GC(1548) Using 1 workers of 1 for evacuation
[212.329s][info][gc,phases      ] GC(1548)   Pre Evacuate Collection Set: 0.0ms
[212.329s][info][gc,phases      ] GC(1548)   Evacuate Collection Set: 6.1ms
[212.329s][info][gc,phases      ] GC(1548)   Post Evacuate Collection Set: 0.5ms
[212.329s][info][gc,phases      ] GC(1548)   Other: 0.6ms
[212.329s][info][gc,heap        ] GC(1548) Eden regions: 310->0(310)
[212.329s][info][gc,heap        ] GC(1548) Survivor regions: 4->4(40)
[212.329s][info][gc,heap        ] GC(1548) Old regions: 68->68
[212.329s][info][gc,heap        ] GC(1548) Humongous regions: 6->6
[212.329s][info][gc,metaspace   ] GC(1548) Metaspace: 73071K->73071K(1116160K)
[212.329s][info][gc             ] GC(1548) Pause Young (Normal) (G1 Evacuation Pause) 386M->76M(524M) 7.210ms
[212.329s][info][gc,cpu         ] GC(1548) User=0.01s Sys=0.00s Real=0.00s
[212.476s][info][gc,start       ] GC(1549) Pause Young (Normal) (G1 Evacuation Pause)
[212.476s][info][gc,task        ] GC(1549) Using 1 workers of 1 for evacuation
[212.483s][info][gc,phases      ] GC(1549)   Pre Evacuate Collection Set: 0.0ms
[212.483s][info][gc,phases      ] GC(1549)   Evacuate Collection Set: 5.7ms
[212.483s][info][gc,phases      ] GC(1549)   Post Evacuate Collection Set: 0.4ms
[212.483s][info][gc,phases      ] GC(1549)   Other: 0.3ms
[212.483s][info][gc,heap        ] GC(1549) Eden regions: 310->0(310)
[212.483s][info][gc,heap        ] GC(1549) Survivor regions: 4->4(40)
[212.483s][info][gc,heap        ] GC(1549) Old regions: 68->68
[212.483s][info][gc,heap        ] GC(1549) Humongous regions: 6->6
[212.483s][info][gc,metaspace   ] GC(1549) Metaspace: 73071K->73071K(1116160K)
[212.483s][info][gc             ] GC(1549) Pause Young (Normal) (G1 Evacuation Pause) 386M->76M(524M) 6.555ms
[212.483s][info][gc,cpu         ] GC(1549) User=0.00s Sys=0.00s Real=0.01s
[212.627s][info][gc,start       ] GC(1550) Pause Young (Normal) (G1 Evacuation Pause)
[212.627s][info][gc,task        ] GC(1550) Using 1 workers of 1 for evacuation
[212.634s][info][gc,phases      ] GC(1550)   Pre Evacuate Collection Set: 0.0ms
[212.634s][info][gc,phases      ] GC(1550)   Evacuate Collection Set: 6.3ms
[212.634s][info][gc,phases      ] GC(1550)   Post Evacuate Collection Set: 0.4ms
[212.634s][info][gc,phases      ] GC(1550)   Other: 0.4ms
[212.634s][info][gc,heap        ] GC(1550) Eden regions: 310->0(310)
[212.634s][info][gc,heap        ] GC(1550) Survivor regions: 4->4(40)
[212.634s][info][gc,heap        ] GC(1550) Old regions: 68->68
[212.634s][info][gc,heap        ] GC(1550) Humongous regions: 6->6
[212.634s][info][gc,metaspace   ] GC(1550) Metaspace: 73071K->73071K(1116160K)
[212.634s][info][gc             ] GC(1550) Pause Young (Normal) (G1 Evacuation Pause) 386M->76M(524M) 7.175ms
[212.634s][info][gc,cpu         ] GC(1550) User=0.00s Sys=0.00s Real=0.01s
[212.843s][info][gc,start       ] GC(1551) Pause Young (Normal) (G1 Evacuation Pause)
[212.843s][info][gc,task        ] GC(1551) Using 1 workers of 1 for evacuation
[212.852s][info][gc,phases      ] GC(1551)   Pre Evacuate Collection Set: 0.0ms
[212.852s][info][gc,phases      ] GC(1551)   Evacuate Collection Set: 7.9ms
[212.852s][info][gc,phases      ] GC(1551)   Post Evacuate Collection Set: 0.7ms
[212.852s][info][gc,phases      ] GC(1551)   Other: 0.6ms
[212.852s][info][gc,heap        ] GC(1551) Eden regions: 310->0(310)
[212.852s][info][gc,heap        ] GC(1551) Survivor regions: 4->4(40)
[212.852s][info][gc,heap        ] GC(1551) Old regions: 68->68
[212.852s][info][gc,heap        ] GC(1551) Humongous regions: 6->6
[212.852s][info][gc,metaspace   ] GC(1551) Metaspace: 73071K->73071K(1116160K)
[212.852s][info][gc             ] GC(1551) Pause Young (Normal) (G1 Evacuation Pause) 386M->76M(524M) 9.255ms
[212.852s][info][gc,cpu         ] GC(1551) User=0.01s Sys=0.00s Real=0.01s
[213.192s][info][gc,start       ] GC(1552) Pause Young (Normal) (G1 Evacuation Pause)
[213.193s][info][gc,task        ] GC(1552) Using 1 workers of 1 for evacuation
[213.200s][info][gc,phases      ] GC(1552)   Pre Evacuate Collection Set: 0.0ms
[213.200s][info][gc,phases      ] GC(1552)   Evacuate Collection Set: 6.5ms
[213.200s][info][gc,phases      ] GC(1552)   Post Evacuate Collection Set: 0.4ms
[213.200s][info][gc,phases      ] GC(1552)   Other: 0.4ms
[213.200s][info][gc,heap        ] GC(1552) Eden regions: 310->0(309)
[213.200s][info][gc,heap        ] GC(1552) Survivor regions: 4->5(40)
[213.200s][info][gc,heap        ] GC(1552) Old regions: 68->68
[213.200s][info][gc,heap        ] GC(1552) Humongous regions: 21->6
[213.200s][info][gc,metaspace   ] GC(1552) Metaspace: 73077K->73077K(1116160K)
[213.200s][info][gc             ] GC(1552) Pause Young (Normal) (G1 Evacuation Pause) 401M->76M(524M) 7.455ms
[213.200s][info][gc,cpu         ] GC(1552) User=0.01s Sys=0.00s Real=0.01s
[213.435s][info][gc,start       ] GC(1553) Pause Young (Normal) (G1 Evacuation Pause)
[213.435s][info][gc,task        ] GC(1553) Using 1 workers of 1 for evacuation
[213.443s][info][gc,phases      ] GC(1553)   Pre Evacuate Collection Set: 0.0ms
[213.443s][info][gc,phases      ] GC(1553)   Evacuate Collection Set: 7.3ms
[213.443s][info][gc,phases      ] GC(1553)   Post Evacuate Collection Set: 0.4ms
[213.443s][info][gc,phases      ] GC(1553)   Other: 0.5ms
[213.444s][info][gc,heap        ] GC(1553) Eden regions: 309->0(309)
[213.444s][info][gc,heap        ] GC(1553) Survivor regions: 5->5(40)
[213.444s][info][gc,heap        ] GC(1553) Old regions: 68->68
[213.444s][info][gc,heap        ] GC(1553) Humongous regions: 16->6
[213.444s][info][gc,metaspace   ] GC(1553) Metaspace: 73080K->73080K(1116160K)
[213.444s][info][gc             ] GC(1553) Pause Young (Normal) (G1 Evacuation Pause) 395M->77M(524M) 8.254ms
[213.444s][info][gc,cpu         ] GC(1553) User=0.01s Sys=0.00s Real=0.01s
[213.591s][info][gc,start       ] GC(1554) Pause Young (Normal) (G1 Evacuation Pause)
[213.592s][info][gc,task        ] GC(1554) Using 1 workers of 1 for evacuation
[213.599s][info][gc,phases      ] GC(1554)   Pre Evacuate Collection Set: 0.1ms
[213.599s][info][gc,phases      ] GC(1554)   Evacuate Collection Set: 6.8ms
[213.599s][info][gc,phases      ] GC(1554)   Post Evacuate Collection Set: 0.4ms
[213.599s][info][gc,phases      ] GC(1554)   Other: 0.3ms
[213.599s][info][gc,heap        ] GC(1554) Eden regions: 309->0(309)
[213.599s][info][gc,heap        ] GC(1554) Survivor regions: 5->5(40)
[213.599s][info][gc,heap        ] GC(1554) Old regions: 68->68
[213.599s][info][gc,heap        ] GC(1554) Humongous regions: 6->6
[213.599s][info][gc,metaspace   ] GC(1554) Metaspace: 73080K->73080K(1116160K)
[213.599s][info][gc             ] GC(1554) Pause Young (Normal) (G1 Evacuation Pause) 386M->77M(524M) 7.660ms
[213.599s][info][gc,cpu         ] GC(1554) User=0.01s Sys=0.00s Real=0.01s
[213.749s][info][gc,start       ] GC(1555) Pause Young (Normal) (G1 Evacuation Pause)
[213.749s][info][gc,task        ] GC(1555) Using 1 workers of 1 for evacuation
[213.757s][info][gc,phases      ] GC(1555)   Pre Evacuate Collection Set: 0.0ms
[213.757s][info][gc,phases      ] GC(1555)   Evacuate Collection Set: 7.2ms
[213.757s][info][gc,phases      ] GC(1555)   Post Evacuate Collection Set: 0.6ms
[213.757s][info][gc,phases      ] GC(1555)   Other: 0.5ms
[213.757s][info][gc,heap        ] GC(1555) Eden regions: 309->0(309)
[213.757s][info][gc,heap        ] GC(1555) Survivor regions: 5->5(40)
[213.757s][info][gc,heap        ] GC(1555) Old regions: 68->68
[213.757s][info][gc,heap        ] GC(1555) Humongous regions: 6->6
[213.757s][info][gc,metaspace   ] GC(1555) Metaspace: 73080K->73080K(1116160K)
[213.757s][info][gc             ] GC(1555) Pause Young (Normal) (G1 Evacuation Pause) 386M->77M(524M) 8.292ms
[213.758s][info][gc,cpu         ] GC(1555) User=0.01s Sys=0.00s Real=0.01s
[213.902s][info][gc,start       ] GC(1556) Pause Young (Normal) (G1 Evacuation Pause)
[213.902s][info][gc,task        ] GC(1556) Using 1 workers of 1 for evacuation
[213.910s][info][gc,phases      ] GC(1556)   Pre Evacuate Collection Set: 0.0ms
[213.910s][info][gc,phases      ] GC(1556)   Evacuate Collection Set: 6.6ms
[213.910s][info][gc,phases      ] GC(1556)   Post Evacuate Collection Set: 0.5ms
[213.910s][info][gc,phases      ] GC(1556)   Other: 0.3ms
[213.910s][info][gc,heap        ] GC(1556) Eden regions: 309->0(309)
[213.910s][info][gc,heap        ] GC(1556) Survivor regions: 5->5(40)
[213.910s][info][gc,heap        ] GC(1556) Old regions: 68->68
[213.910s][info][gc,heap        ] GC(1556) Humongous regions: 6->6
[213.910s][info][gc,metaspace   ] GC(1556) Metaspace: 73080K->73080K(1116160K)
[213.910s][info][gc             ] GC(1556) Pause Young (Normal) (G1 Evacuation Pause) 386M->77M(524M) 7.520ms
[213.910s][info][gc,cpu         ] GC(1556) User=0.01s Sys=0.00s Real=0.01s
[214.056s][info][gc,start       ] GC(1557) Pause Young (Normal) (G1 Evacuation Pause)
[214.056s][info][gc,task        ] GC(1557) Using 1 workers of 1 for evacuation
[214.064s][info][gc,phases      ] GC(1557)   Pre Evacuate Collection Set: 0.0ms
[214.064s][info][gc,phases      ] GC(1557)   Evacuate Collection Set: 7.4ms
[214.064s][info][gc,phases      ] GC(1557)   Post Evacuate Collection Set: 0.5ms
[214.064s][info][gc,phases      ] GC(1557)   Other: 0.4ms
[214.064s][info][gc,heap        ] GC(1557) Eden regions: 309->0(309)
[214.064s][info][gc,heap        ] GC(1557) Survivor regions: 5->5(40)
[214.064s][info][gc,heap        ] GC(1557) Old regions: 68->68
[214.064s][info][gc,heap        ] GC(1557) Humongous regions: 6->6
[214.064s][info][gc,metaspace   ] GC(1557) Metaspace: 73080K->73080K(1116160K)
[214.064s][info][gc             ] GC(1557) Pause Young (Normal) (G1 Evacuation Pause) 386M->77M(524M) 8.384ms
[214.064s][info][gc,cpu         ] GC(1557) User=0.00s Sys=0.00s Real=0.01s
[214.314s][info][gc,start       ] GC(1558) Pause Young (Normal) (G1 Evacuation Pause)
[214.314s][info][gc,task        ] GC(1558) Using 1 workers of 1 for evacuation
[214.321s][info][gc,phases      ] GC(1558)   Pre Evacuate Collection Set: 0.0ms
[214.321s][info][gc,phases      ] GC(1558)   Evacuate Collection Set: 6.7ms
[214.321s][info][gc,phases      ] GC(1558)   Post Evacuate Collection Set: 0.4ms
[214.321s][info][gc,phases      ] GC(1558)   Other: 0.5ms
[214.321s][info][gc,heap        ] GC(1558) Eden regions: 309->0(309)
[214.321s][info][gc,heap        ] GC(1558) Survivor regions: 5->5(40)
[214.321s][info][gc,heap        ] GC(1558) Old regions: 68->68
[214.321s][info][gc,heap        ] GC(1558) Humongous regions: 11->6
[214.321s][info][gc,metaspace   ] GC(1558) Metaspace: 73080K->73080K(1116160K)
[214.321s][info][gc             ] GC(1558) Pause Young (Normal) (G1 Evacuation Pause) 391M->76M(524M) 7.554ms
[214.322s][info][gc,cpu         ] GC(1558) User=0.01s Sys=0.00s Real=0.01s
[214.477s][info][gc,start       ] GC(1559) Pause Young (Normal) (G1 Evacuation Pause)
[214.477s][info][gc,task        ] GC(1559) Using 1 workers of 1 for evacuation
[214.485s][info][gc,phases      ] GC(1559)   Pre Evacuate Collection Set: 0.0ms
[214.485s][info][gc,phases      ] GC(1559)   Evacuate Collection Set: 6.9ms
[214.485s][info][gc,phases      ] GC(1559)   Post Evacuate Collection Set: 0.4ms
[214.485s][info][gc,phases      ] GC(1559)   Other: 0.3ms
[214.485s][info][gc,heap        ] GC(1559) Eden regions: 309->0(310)
[214.485s][info][gc,heap        ] GC(1559) Survivor regions: 5->4(40)
[214.485s][info][gc,heap        ] GC(1559) Old regions: 68->69
[214.485s][info][gc,heap        ] GC(1559) Humongous regions: 6->6
[214.485s][info][gc,metaspace   ] GC(1559) Metaspace: 73080K->73080K(1116160K)
[214.485s][info][gc             ] GC(1559) Pause Young (Normal) (G1 Evacuation Pause) 385M->77M(524M) 7.743ms
[214.485s][info][gc,cpu         ] GC(1559) User=0.00s Sys=0.00s Real=0.01s
[214.628s][info][gc,start       ] GC(1560) Pause Young (Normal) (G1 Evacuation Pause)
[214.629s][info][gc,task        ] GC(1560) Using 1 workers of 1 for evacuation
[214.635s][info][gc,phases      ] GC(1560)   Pre Evacuate Collection Set: 0.0ms
[214.635s][info][gc,phases      ] GC(1560)   Evacuate Collection Set: 5.2ms
[214.635s][info][gc,phases      ] GC(1560)   Post Evacuate Collection Set: 0.4ms
[214.635s][info][gc,phases      ] GC(1560)   Other: 0.5ms
[214.635s][info][gc,heap        ] GC(1560) Eden regions: 310->0(310)
[214.635s][info][gc,heap        ] GC(1560) Survivor regions: 4->4(40)
[214.635s][info][gc,heap        ] GC(1560) Old regions: 69->69
[214.635s][info][gc,heap        ] GC(1560) Humongous regions: 6->6
[214.635s][info][gc,metaspace   ] GC(1560) Metaspace: 73080K->73080K(1116160K)
[214.635s][info][gc             ] GC(1560) Pause Young (Normal) (G1 Evacuation Pause) 387M->77M(524M) 6.187ms
[214.635s][info][gc,cpu         ] GC(1560) User=0.00s Sys=0.00s Real=0.01s
[214.786s][info][gc,start       ] GC(1561) Pause Young (Normal) (G1 Evacuation Pause)
[214.786s][info][gc,task        ] GC(1561) Using 1 workers of 1 for evacuation
[214.792s][info][gc,phases      ] GC(1561)   Pre Evacuate Collection Set: 0.0ms
[214.792s][info][gc,phases      ] GC(1561)   Evacuate Collection Set: 5.3ms
[214.792s][info][gc,phases      ] GC(1561)   Post Evacuate Collection Set: 0.4ms
[214.792s][info][gc,phases      ] GC(1561)   Other: 0.3ms
[214.792s][info][gc,heap        ] GC(1561) Eden regions: 310->0(310)
[214.792s][info][gc,heap        ] GC(1561) Survivor regions: 4->4(40)
[214.792s][info][gc,heap        ] GC(1561) Old regions: 69->69
[214.792s][info][gc,heap        ] GC(1561) Humongous regions: 6->6
[214.792s][info][gc,metaspace   ] GC(1561) Metaspace: 73080K->73080K(1116160K)
[214.792s][info][gc             ] GC(1561) Pause Young (Normal) (G1 Evacuation Pause) 387M->77M(524M) 6.108ms
[214.792s][info][gc,cpu         ] GC(1561) User=0.01s Sys=0.00s Real=0.01s
[214.964s][info][gc,start       ] GC(1562) Pause Young (Normal) (G1 Evacuation Pause)
[214.964s][info][gc,task        ] GC(1562) Using 1 workers of 1 for evacuation
[214.970s][info][gc,phases      ] GC(1562)   Pre Evacuate Collection Set: 0.0ms
[214.970s][info][gc,phases      ] GC(1562)   Evacuate Collection Set: 5.6ms
[214.970s][info][gc,phases      ] GC(1562)   Post Evacuate Collection Set: 0.4ms
[214.970s][info][gc,phases      ] GC(1562)   Other: 0.4ms
[214.970s][info][gc,heap        ] GC(1562) Eden regions: 310->0(312)
[214.970s][info][gc,heap        ] GC(1562) Survivor regions: 4->2(40)
[214.970s][info][gc,heap        ] GC(1562) Old regions: 69->72
[214.970s][info][gc,heap        ] GC(1562) Humongous regions: 11->6
[214.970s][info][gc,metaspace   ] GC(1562) Metaspace: 73081K->73081K(1116160K)
[214.970s][info][gc             ] GC(1562) Pause Young (Normal) (G1 Evacuation Pause) 392M->77M(524M) 6.519ms
[214.970s][info][gc,cpu         ] GC(1562) User=0.01s Sys=0.00s Real=0.01s
[215.115s][info][gc,start       ] GC(1563) Pause Young (Normal) (G1 Evacuation Pause)
[215.115s][info][gc,task        ] GC(1563) Using 1 workers of 1 for evacuation
[215.120s][info][gc,phases      ] GC(1563)   Pre Evacuate Collection Set: 0.0ms
[215.120s][info][gc,phases      ] GC(1563)   Evacuate Collection Set: 4.3ms
[215.120s][info][gc,phases      ] GC(1563)   Post Evacuate Collection Set: 0.4ms
[215.120s][info][gc,phases      ] GC(1563)   Other: 0.3ms
[215.120s][info][gc,heap        ] GC(1563) Eden regions: 312->0(312)
[215.120s][info][gc,heap        ] GC(1563) Survivor regions: 2->2(40)
[215.120s][info][gc,heap        ] GC(1563) Old regions: 72->72
[215.120s][info][gc,heap        ] GC(1563) Humongous regions: 6->6
[215.120s][info][gc,metaspace   ] GC(1563) Metaspace: 73081K->73081K(1116160K)
[215.120s][info][gc             ] GC(1563) Pause Young (Normal) (G1 Evacuation Pause) 389M->77M(524M) 5.090ms
[215.120s][info][gc,cpu         ] GC(1563) User=0.01s Sys=0.00s Real=0.01s
[215.268s][info][gc,start       ] GC(1564) Pause Young (Normal) (G1 Evacuation Pause)
[215.268s][info][gc,task        ] GC(1564) Using 1 workers of 1 for evacuation
[215.273s][info][gc,phases      ] GC(1564)   Pre Evacuate Collection Set: 0.0ms
[215.273s][info][gc,phases      ] GC(1564)   Evacuate Collection Set: 4.2ms
[215.273s][info][gc,phases      ] GC(1564)   Post Evacuate Collection Set: 0.4ms
[215.273s][info][gc,phases      ] GC(1564)   Other: 0.4ms
[215.273s][info][gc,heap        ] GC(1564) Eden regions: 312->0(312)
[215.273s][info][gc,heap        ] GC(1564) Survivor regions: 2->2(40)
[215.273s][info][gc,heap        ] GC(1564) Old regions: 72->72
[215.273s][info][gc,heap        ] GC(1564) Humongous regions: 6->6
[215.273s][info][gc,metaspace   ] GC(1564) Metaspace: 73081K->73081K(1116160K)
[215.273s][info][gc             ] GC(1564) Pause Young (Normal) (G1 Evacuation Pause) 389M->77M(524M) 5.080ms
[215.273s][info][gc,cpu         ] GC(1564) User=0.01s Sys=0.00s Real=0.01s
[215.426s][info][gc,start       ] GC(1565) Pause Young (Normal) (G1 Evacuation Pause)
[215.426s][info][gc,task        ] GC(1565) Using 1 workers of 1 for evacuation
[215.431s][info][gc,phases      ] GC(1565)   Pre Evacuate Collection Set: 0.0ms
[215.431s][info][gc,phases      ] GC(1565)   Evacuate Collection Set: 4.0ms
[215.431s][info][gc,phases      ] GC(1565)   Post Evacuate Collection Set: 0.4ms
[215.431s][info][gc,phases      ] GC(1565)   Other: 0.3ms
[215.431s][info][gc,heap        ] GC(1565) Eden regions: 312->0(312)
[215.431s][info][gc,heap        ] GC(1565) Survivor regions: 2->2(40)
[215.431s][info][gc,heap        ] GC(1565) Old regions: 72->72
[215.431s][info][gc,heap        ] GC(1565) Humongous regions: 6->6
[215.431s][info][gc,metaspace   ] GC(1565) Metaspace: 73081K->73081K(1116160K)
[215.431s][info][gc             ] GC(1565) Pause Young (Normal) (G1 Evacuation Pause) 389M->77M(524M) 4.859ms
[215.431s][info][gc,cpu         ] GC(1565) User=0.00s Sys=0.00s Real=0.01s
[215.577s][info][gc,start       ] GC(1566) Pause Young (Normal) (G1 Evacuation Pause)
[215.577s][info][gc,task        ] GC(1566) Using 1 workers of 1 for evacuation
[215.582s][info][gc,phases      ] GC(1566)   Pre Evacuate Collection Set: 0.0ms
[215.582s][info][gc,phases      ] GC(1566)   Evacuate Collection Set: 4.4ms
[215.582s][info][gc,phases      ] GC(1566)   Post Evacuate Collection Set: 0.4ms
[215.582s][info][gc,phases      ] GC(1566)   Other: 0.4ms
[215.582s][info][gc,heap        ] GC(1566) Eden regions: 312->0(312)
[215.582s][info][gc,heap        ] GC(1566) Survivor regions: 2->2(40)
[215.582s][info][gc,heap        ] GC(1566) Old regions: 72->72
[215.582s][info][gc,heap        ] GC(1566) Humongous regions: 6->6
[215.582s][info][gc,metaspace   ] GC(1566) Metaspace: 73081K->73081K(1116160K)
[215.582s][info][gc             ] GC(1566) Pause Young (Normal) (G1 Evacuation Pause) 389M->77M(524M) 5.220ms
[215.582s][info][gc,cpu         ] GC(1566) User=0.00s Sys=0.00s Real=0.01s
[215.745s][info][gc,start       ] GC(1567) Pause Young (Normal) (G1 Evacuation Pause)
[215.746s][info][gc,task        ] GC(1567) Using 1 workers of 1 for evacuation
[215.750s][info][gc,phases      ] GC(1567)   Pre Evacuate Collection Set: 0.0ms
[215.750s][info][gc,phases      ] GC(1567)   Evacuate Collection Set: 4.1ms
[215.750s][info][gc,phases      ] GC(1567)   Post Evacuate Collection Set: 0.4ms
[215.750s][info][gc,phases      ] GC(1567)   Other: 0.4ms
[215.750s][info][gc,heap        ] GC(1567) Eden regions: 312->0(313)
[215.750s][info][gc,heap        ] GC(1567) Survivor regions: 2->1(40)
[215.750s][info][gc,heap        ] GC(1567) Old regions: 72->72
[215.750s][info][gc,heap        ] GC(1567) Humongous regions: 11->6
[215.750s][info][gc,metaspace   ] GC(1567) Metaspace: 73085K->73085K(1116160K)
[215.750s][info][gc             ] GC(1567) Pause Young (Normal) (G1 Evacuation Pause) 394M->77M(524M) 5.002ms
[215.751s][info][gc,cpu         ] GC(1567) User=0.00s Sys=0.00s Real=0.01s
[215.897s][info][gc,start       ] GC(1568) Pause Young (Normal) (G1 Evacuation Pause)
[215.897s][info][gc,task        ] GC(1568) Using 1 workers of 1 for evacuation
[215.901s][info][gc,phases      ] GC(1568)   Pre Evacuate Collection Set: 0.0ms
[215.901s][info][gc,phases      ] GC(1568)   Evacuate Collection Set: 3.5ms
[215.901s][info][gc,phases      ] GC(1568)   Post Evacuate Collection Set: 0.5ms
[215.901s][info][gc,phases      ] GC(1568)   Other: 0.4ms
[215.901s][info][gc,heap        ] GC(1568) Eden regions: 313->0(313)
[215.901s][info][gc,heap        ] GC(1568) Survivor regions: 1->1(40)
[215.901s][info][gc,heap        ] GC(1568) Old regions: 72->73
[215.901s][info][gc,heap        ] GC(1568) Humongous regions: 6->6
[215.901s][info][gc,metaspace   ] GC(1568) Metaspace: 73085K->73085K(1116160K)
[215.901s][info][gc             ] GC(1568) Pause Young (Normal) (G1 Evacuation Pause) 390M->77M(524M) 4.455ms
[215.901s][info][gc,cpu         ] GC(1568) User=0.00s Sys=0.00s Real=0.01s
[216.046s][info][gc,start       ] GC(1569) Pause Young (Normal) (G1 Evacuation Pause)
[216.046s][info][gc,task        ] GC(1569) Using 1 workers of 1 for evacuation
[216.049s][info][gc,phases      ] GC(1569)   Pre Evacuate Collection Set: 0.0ms
[216.049s][info][gc,phases      ] GC(1569)   Evacuate Collection Set: 2.7ms
[216.049s][info][gc,phases      ] GC(1569)   Post Evacuate Collection Set: 0.4ms
[216.049s][info][gc,phases      ] GC(1569)   Other: 0.3ms
[216.049s][info][gc,heap        ] GC(1569) Eden regions: 313->0(313)
[216.049s][info][gc,heap        ] GC(1569) Survivor regions: 1->1(40)
[216.049s][info][gc,heap        ] GC(1569) Old regions: 73->73
[216.049s][info][gc,heap        ] GC(1569) Humongous regions: 6->6
[216.049s][info][gc,metaspace   ] GC(1569) Metaspace: 73085K->73085K(1116160K)
[216.049s][info][gc             ] GC(1569) Pause Young (Normal) (G1 Evacuation Pause) 390M->77M(524M) 3.469ms
[216.049s][info][gc,cpu         ] GC(1569) User=0.00s Sys=0.00s Real=0.01s
[216.195s][info][gc,start       ] GC(1570) Pause Young (Normal) (G1 Evacuation Pause)
[216.195s][info][gc,task        ] GC(1570) Using 1 workers of 1 for evacuation
[216.199s][info][gc,phases      ] GC(1570)   Pre Evacuate Collection Set: 0.0ms
[216.199s][info][gc,phases      ] GC(1570)   Evacuate Collection Set: 2.8ms
[216.199s][info][gc,phases      ] GC(1570)   Post Evacuate Collection Set: 0.5ms
[216.199s][info][gc,phases      ] GC(1570)   Other: 0.3ms
[216.199s][info][gc,heap        ] GC(1570) Eden regions: 313->0(313)
[216.199s][info][gc,heap        ] GC(1570) Survivor regions: 1->1(40)
[216.199s][info][gc,heap        ] GC(1570) Old regions: 73->73
[216.199s][info][gc,heap        ] GC(1570) Humongous regions: 6->6
[216.199s][info][gc,metaspace   ] GC(1570) Metaspace: 73085K->73085K(1116160K)
[216.199s][info][gc             ] GC(1570) Pause Young (Normal) (G1 Evacuation Pause) 390M->77M(524M) 3.723ms
[216.199s][info][gc,cpu         ] GC(1570) User=0.00s Sys=0.00s Real=0.01s
[216.350s][info][gc,start       ] GC(1571) Pause Young (Normal) (G1 Evacuation Pause)
[216.350s][info][gc,task        ] GC(1571) Using 1 workers of 1 for evacuation
[216.354s][info][gc,phases      ] GC(1571)   Pre Evacuate Collection Set: 0.0ms
[216.354s][info][gc,phases      ] GC(1571)   Evacuate Collection Set: 3.0ms
[216.354s][info][gc,phases      ] GC(1571)   Post Evacuate Collection Set: 0.5ms
[216.354s][info][gc,phases      ] GC(1571)   Other: 0.3ms
[216.354s][info][gc,heap        ] GC(1571) Eden regions: 313->0(313)
[216.354s][info][gc,heap        ] GC(1571) Survivor regions: 1->1(40)
[216.354s][info][gc,heap        ] GC(1571) Old regions: 73->73
[216.354s][info][gc,heap        ] GC(1571) Humongous regions: 6->6
[216.354s][info][gc,metaspace   ] GC(1571) Metaspace: 73085K->73085K(1116160K)
[216.354s][info][gc             ] GC(1571) Pause Young (Normal) (G1 Evacuation Pause) 390M->77M(524M) 3.846ms
[216.354s][info][gc,cpu         ] GC(1571) User=0.01s Sys=0.00s Real=0.00s
[216.523s][info][gc,start       ] GC(1572) Pause Young (Normal) (G1 Evacuation Pause)
[216.523s][info][gc,task        ] GC(1572) Using 1 workers of 1 for evacuation
[216.527s][info][gc,phases      ] GC(1572)   Pre Evacuate Collection Set: 0.0ms
[216.527s][info][gc,phases      ] GC(1572)   Evacuate Collection Set: 3.2ms
[216.527s][info][gc,phases      ] GC(1572)   Post Evacuate Collection Set: 0.4ms
[216.527s][info][gc,phases      ] GC(1572)   Other: 0.4ms
[216.527s][info][gc,heap        ] GC(1572) Eden regions: 313->0(313)
[216.527s][info][gc,heap        ] GC(1572) Survivor regions: 1->1(40)
[216.527s][info][gc,heap        ] GC(1572) Old regions: 73->73
[216.527s][info][gc,heap        ] GC(1572) Humongous regions: 11->6
[216.527s][info][gc,metaspace   ] GC(1572) Metaspace: 73089K->73089K(1116160K)
[216.527s][info][gc             ] GC(1572) Pause Young (Normal) (G1 Evacuation Pause) 395M->77M(524M) 4.103ms
[216.527s][info][gc,cpu         ] GC(1572) User=0.00s Sys=0.00s Real=0.00s
[216.681s][info][gc,start       ] GC(1573) Pause Young (Normal) (G1 Evacuation Pause)
[216.681s][info][gc,task        ] GC(1573) Using 1 workers of 1 for evacuation
[216.685s][info][gc,phases      ] GC(1573)   Pre Evacuate Collection Set: 0.0ms
[216.685s][info][gc,phases      ] GC(1573)   Evacuate Collection Set: 3.2ms
[216.685s][info][gc,phases      ] GC(1573)   Post Evacuate Collection Set: 0.4ms
[216.685s][info][gc,phases      ] GC(1573)   Other: 0.3ms
[216.685s][info][gc,heap        ] GC(1573) Eden regions: 313->0(313)
[216.685s][info][gc,heap        ] GC(1573) Survivor regions: 1->1(40)
[216.685s][info][gc,heap        ] GC(1573) Old regions: 73->73
[216.685s][info][gc,heap        ] GC(1573) Humongous regions: 6->6
[216.685s][info][gc,metaspace   ] GC(1573) Metaspace: 73089K->73089K(1116160K)
[216.685s][info][gc             ] GC(1573) Pause Young (Normal) (G1 Evacuation Pause) 390M->77M(524M) 4.040ms
[216.685s][info][gc,cpu         ] GC(1573) User=0.01s Sys=0.00s Real=0.00s
[216.835s][info][gc,start       ] GC(1574) Pause Young (Normal) (G1 Evacuation Pause)
[216.835s][info][gc,task        ] GC(1574) Using 1 workers of 1 for evacuation
[216.839s][info][gc,phases      ] GC(1574)   Pre Evacuate Collection Set: 0.0ms
[216.839s][info][gc,phases      ] GC(1574)   Evacuate Collection Set: 2.9ms
[216.839s][info][gc,phases      ] GC(1574)   Post Evacuate Collection Set: 0.4ms
[216.839s][info][gc,phases      ] GC(1574)   Other: 0.4ms
[216.839s][info][gc,heap        ] GC(1574) Eden regions: 313->0(313)
[216.839s][info][gc,heap        ] GC(1574) Survivor regions: 1->1(40)
[216.839s][info][gc,heap        ] GC(1574) Old regions: 73->73
[216.839s][info][gc,heap        ] GC(1574) Humongous regions: 6->6
[216.839s][info][gc,metaspace   ] GC(1574) Metaspace: 73089K->73089K(1116160K)
[216.839s][info][gc             ] GC(1574) Pause Young (Normal) (G1 Evacuation Pause) 390M->77M(524M) 3.749ms
[216.839s][info][gc,cpu         ] GC(1574) User=0.00s Sys=0.00s Real=0.01s
[216.982s][info][gc,start       ] GC(1575) Pause Young (Normal) (G1 Evacuation Pause)
[216.982s][info][gc,task        ] GC(1575) Using 1 workers of 1 for evacuation
[216.985s][info][gc,phases      ] GC(1575)   Pre Evacuate Collection Set: 0.0ms
[216.985s][info][gc,phases      ] GC(1575)   Evacuate Collection Set: 2.8ms
[216.985s][info][gc,phases      ] GC(1575)   Post Evacuate Collection Set: 0.4ms
[216.985s][info][gc,phases      ] GC(1575)   Other: 0.3ms
[216.985s][info][gc,heap        ] GC(1575) Eden regions: 313->0(313)
[216.985s][info][gc,heap        ] GC(1575) Survivor regions: 1->1(40)
[216.986s][info][gc,heap        ] GC(1575) Old regions: 73->73
[216.986s][info][gc,heap        ] GC(1575) Humongous regions: 6->6
[216.986s][info][gc,metaspace   ] GC(1575) Metaspace: 73089K->73089K(1116160K)
[216.986s][info][gc             ] GC(1575) Pause Young (Normal) (G1 Evacuation Pause) 390M->77M(524M) 3.641ms
[216.986s][info][gc,cpu         ] GC(1575) User=0.01s Sys=0.00s Real=0.00s
[217.133s][info][gc,start       ] GC(1576) Pause Young (Normal) (G1 Evacuation Pause)
[217.133s][info][gc,task        ] GC(1576) Using 1 workers of 1 for evacuation
[217.137s][info][gc,phases      ] GC(1576)   Pre Evacuate Collection Set: 0.0ms
[217.137s][info][gc,phases      ] GC(1576)   Evacuate Collection Set: 2.9ms
[217.137s][info][gc,phases      ] GC(1576)   Post Evacuate Collection Set: 0.4ms
[217.137s][info][gc,phases      ] GC(1576)   Other: 0.3ms
[217.137s][info][gc,heap        ] GC(1576) Eden regions: 313->0(313)
[217.137s][info][gc,heap        ] GC(1576) Survivor regions: 1->1(40)
[217.137s][info][gc,heap        ] GC(1576) Old regions: 73->73
[217.137s][info][gc,heap        ] GC(1576) Humongous regions: 6->6
[217.137s][info][gc,metaspace   ] GC(1576) Metaspace: 73089K->73089K(1116160K)
[217.137s][info][gc             ] GC(1576) Pause Young (Normal) (G1 Evacuation Pause) 390M->77M(524M) 3.677ms
[217.137s][info][gc,cpu         ] GC(1576) User=0.01s Sys=0.00s Real=0.00s
[217.289s][info][gc,start       ] GC(1577) Pause Young (Normal) (G1 Evacuation Pause)
[217.290s][info][gc,task        ] GC(1577) Using 1 workers of 1 for evacuation
[217.293s][info][gc,phases      ] GC(1577)   Pre Evacuate Collection Set: 0.0ms
[217.293s][info][gc,phases      ] GC(1577)   Evacuate Collection Set: 2.8ms
[217.293s][info][gc,phases      ] GC(1577)   Post Evacuate Collection Set: 0.4ms
[217.293s][info][gc,phases      ] GC(1577)   Other: 0.4ms
[217.293s][info][gc,heap        ] GC(1577) Eden regions: 313->0(313)
[217.293s][info][gc,heap        ] GC(1577) Survivor regions: 1->1(40)
[217.293s][info][gc,heap        ] GC(1577) Old regions: 73->73
[217.293s][info][gc,heap        ] GC(1577) Humongous regions: 11->6
[217.293s][info][gc,metaspace   ] GC(1577) Metaspace: 73089K->73089K(1116160K)
[217.293s][info][gc             ] GC(1577) Pause Young (Normal) (G1 Evacuation Pause) 395M->77M(524M) 3.674ms
[217.293s][info][gc,cpu         ] GC(1577) User=0.00s Sys=0.01s Real=0.00s
[217.439s][info][gc,start       ] GC(1578) Pause Young (Normal) (G1 Evacuation Pause)
[217.439s][info][gc,task        ] GC(1578) Using 1 workers of 1 for evacuation
[217.443s][info][gc,phases      ] GC(1578)   Pre Evacuate Collection Set: 0.0ms
[217.443s][info][gc,phases      ] GC(1578)   Evacuate Collection Set: 2.8ms
[217.443s][info][gc,phases      ] GC(1578)   Post Evacuate Collection Set: 0.4ms
[217.443s][info][gc,phases      ] GC(1578)   Other: 0.4ms
[217.443s][info][gc,heap        ] GC(1578) Eden regions: 313->0(313)
[217.443s][info][gc,heap        ] GC(1578) Survivor regions: 1->1(40)
[217.443s][info][gc,heap        ] GC(1578) Old regions: 73->73
[217.443s][info][gc,heap        ] GC(1578) Humongous regions: 6->6
[217.443s][info][gc,metaspace   ] GC(1578) Metaspace: 73089K->73089K(1116160K)
[217.443s][info][gc             ] GC(1578) Pause Young (Normal) (G1 Evacuation Pause) 390M->77M(524M) 3.599ms
[217.443s][info][gc,cpu         ] GC(1578) User=0.01s Sys=0.00s Real=0.00s
[217.592s][info][gc,start       ] GC(1579) Pause Young (Normal) (G1 Evacuation Pause)
[217.592s][info][gc,task        ] GC(1579) Using 1 workers of 1 for evacuation
[217.596s][info][gc,phases      ] GC(1579)   Pre Evacuate Collection Set: 0.0ms
[217.596s][info][gc,phases      ] GC(1579)   Evacuate Collection Set: 2.9ms
[217.596s][info][gc,phases      ] GC(1579)   Post Evacuate Collection Set: 0.4ms
[217.596s][info][gc,phases      ] GC(1579)   Other: 0.3ms
[217.596s][info][gc,heap        ] GC(1579) Eden regions: 313->0(313)
[217.596s][info][gc,heap        ] GC(1579) Survivor regions: 1->1(40)
[217.596s][info][gc,heap        ] GC(1579) Old regions: 73->73
[217.596s][info][gc,heap        ] GC(1579) Humongous regions: 6->6
[217.596s][info][gc,metaspace   ] GC(1579) Metaspace: 73089K->73089K(1116160K)
[217.596s][info][gc             ] GC(1579) Pause Young (Normal) (G1 Evacuation Pause) 390M->77M(524M) 3.709ms
[217.596s][info][gc,cpu         ] GC(1579) User=0.01s Sys=0.00s Real=0.00s
[217.754s][info][gc,start       ] GC(1580) Pause Young (Normal) (G1 Evacuation Pause)
[217.754s][info][gc,task        ] GC(1580) Using 1 workers of 1 for evacuation
[217.758s][info][gc,phases      ] GC(1580)   Pre Evacuate Collection Set: 0.0ms
[217.758s][info][gc,phases      ] GC(1580)   Evacuate Collection Set: 3.0ms
[217.758s][info][gc,phases      ] GC(1580)   Post Evacuate Collection Set: 0.4ms
[217.758s][info][gc,phases      ] GC(1580)   Other: 0.4ms
[217.758s][info][gc,heap        ] GC(1580) Eden regions: 313->0(313)
[217.758s][info][gc,heap        ] GC(1580) Survivor regions: 1->1(40)
[217.758s][info][gc,heap        ] GC(1580) Old regions: 73->73
[217.758s][info][gc,heap        ] GC(1580) Humongous regions: 6->6
[217.758s][info][gc,metaspace   ] GC(1580) Metaspace: 73089K->73089K(1116160K)
[217.758s][info][gc             ] GC(1580) Pause Young (Normal) (G1 Evacuation Pause) 390M->77M(524M) 3.848ms
[217.758s][info][gc,cpu         ] GC(1580) User=0.00s Sys=0.00s Real=0.01s
[217.905s][info][gc,start       ] GC(1581) Pause Young (Normal) (G1 Evacuation Pause)
[217.905s][info][gc,task        ] GC(1581) Using 1 workers of 1 for evacuation
[217.909s][info][gc,phases      ] GC(1581)   Pre Evacuate Collection Set: 0.0ms
[217.909s][info][gc,phases      ] GC(1581)   Evacuate Collection Set: 3.2ms
[217.909s][info][gc,phases      ] GC(1581)   Post Evacuate Collection Set: 0.4ms
[217.909s][info][gc,phases      ] GC(1581)   Other: 0.3ms
[217.909s][info][gc,heap        ] GC(1581) Eden regions: 313->0(313)
[217.909s][info][gc,heap        ] GC(1581) Survivor regions: 1->1(40)
[217.909s][info][gc,heap        ] GC(1581) Old regions: 73->73
[217.909s][info][gc,heap        ] GC(1581) Humongous regions: 6->6
[217.909s][info][gc,metaspace   ] GC(1581) Metaspace: 73089K->73089K(1116160K)
[217.909s][info][gc             ] GC(1581) Pause Young (Normal) (G1 Evacuation Pause) 390M->77M(524M) 3.971ms
[217.909s][info][gc,cpu         ] GC(1581) User=0.00s Sys=0.00s Real=0.00s
[218.073s][info][gc,start       ] GC(1582) Pause Young (Normal) (G1 Evacuation Pause)
[218.073s][info][gc,task        ] GC(1582) Using 1 workers of 1 for evacuation
[218.077s][info][gc,phases      ] GC(1582)   Pre Evacuate Collection Set: 0.0ms
[218.077s][info][gc,phases      ] GC(1582)   Evacuate Collection Set: 3.3ms
[218.077s][info][gc,phases      ] GC(1582)   Post Evacuate Collection Set: 0.4ms
[218.077s][info][gc,phases      ] GC(1582)   Other: 0.4ms
[218.077s][info][gc,heap        ] GC(1582) Eden regions: 313->0(313)
[218.077s][info][gc,heap        ] GC(1582) Survivor regions: 1->1(40)
[218.077s][info][gc,heap        ] GC(1582) Old regions: 73->73
[218.077s][info][gc,heap        ] GC(1582) Humongous regions: 11->6
[218.077s][info][gc,metaspace   ] GC(1582) Metaspace: 73089K->73089K(1116160K)
[218.077s][info][gc             ] GC(1582) Pause Young (Normal) (G1 Evacuation Pause) 395M->77M(524M) 4.178ms
[218.077s][info][gc,cpu         ] GC(1582) User=0.01s Sys=0.00s Real=0.00s
[218.223s][info][gc,start       ] GC(1583) Pause Young (Normal) (G1 Evacuation Pause)
[218.223s][info][gc,task        ] GC(1583) Using 1 workers of 1 for evacuation
[218.227s][info][gc,phases      ] GC(1583)   Pre Evacuate Collection Set: 0.0ms
[218.227s][info][gc,phases      ] GC(1583)   Evacuate Collection Set: 3.1ms
[218.227s][info][gc,phases      ] GC(1583)   Post Evacuate Collection Set: 0.5ms
[218.227s][info][gc,phases      ] GC(1583)   Other: 0.4ms
[218.227s][info][gc,heap        ] GC(1583) Eden regions: 313->0(313)
[218.227s][info][gc,heap        ] GC(1583) Survivor regions: 1->1(40)
[218.227s][info][gc,heap        ] GC(1583) Old regions: 73->73
[218.227s][info][gc,heap        ] GC(1583) Humongous regions: 6->6
[218.227s][info][gc,metaspace   ] GC(1583) Metaspace: 73091K->73091K(1116160K)
[218.227s][info][gc             ] GC(1583) Pause Young (Normal) (G1 Evacuation Pause) 390M->77M(524M) 4.012ms
[218.227s][info][gc,cpu         ] GC(1583) User=0.01s Sys=0.00s Real=0.00s
[218.373s][info][gc,start       ] GC(1584) Pause Young (Normal) (G1 Evacuation Pause)
[218.373s][info][gc,task        ] GC(1584) Using 1 workers of 1 for evacuation
[218.377s][info][gc,phases      ] GC(1584)   Pre Evacuate Collection Set: 0.0ms
[218.377s][info][gc,phases      ] GC(1584)   Evacuate Collection Set: 3.0ms
[218.377s][info][gc,phases      ] GC(1584)   Post Evacuate Collection Set: 0.4ms
[218.377s][info][gc,phases      ] GC(1584)   Other: 0.3ms
[218.377s][info][gc,heap        ] GC(1584) Eden regions: 313->0(313)
[218.377s][info][gc,heap        ] GC(1584) Survivor regions: 1->1(40)
[218.377s][info][gc,heap        ] GC(1584) Old regions: 73->73
[218.377s][info][gc,heap        ] GC(1584) Humongous regions: 6->6
[218.377s][info][gc,metaspace   ] GC(1584) Metaspace: 73091K->73091K(1116160K)
[218.377s][info][gc             ] GC(1584) Pause Young (Normal) (G1 Evacuation Pause) 390M->77M(524M) 3.807ms
[218.377s][info][gc,cpu         ] GC(1584) User=0.01s Sys=0.00s Real=0.00s
[218.522s][info][gc,start       ] GC(1585) Pause Young (Normal) (G1 Evacuation Pause)
[218.522s][info][gc,task        ] GC(1585) Using 1 workers of 1 for evacuation
[218.526s][info][gc,phases      ] GC(1585)   Pre Evacuate Collection Set: 0.0ms
[218.526s][info][gc,phases      ] GC(1585)   Evacuate Collection Set: 3.0ms
[218.526s][info][gc,phases      ] GC(1585)   Post Evacuate Collection Set: 0.4ms
[218.526s][info][gc,phases      ] GC(1585)   Other: 0.3ms
[218.526s][info][gc,heap        ] GC(1585) Eden regions: 313->0(313)
[218.526s][info][gc,heap        ] GC(1585) Survivor regions: 1->1(40)
[218.526s][info][gc,heap        ] GC(1585) Old regions: 73->73
[218.526s][info][gc,heap        ] GC(1585) Humongous regions: 6->6
[218.526s][info][gc,metaspace   ] GC(1585) Metaspace: 73091K->73091K(1116160K)
[218.526s][info][gc             ] GC(1585) Pause Young (Normal) (G1 Evacuation Pause) 390M->77M(524M) 3.789ms
[218.526s][info][gc,cpu         ] GC(1585) User=0.01s Sys=0.00s Real=0.00s
[218.692s][info][gc,start       ] GC(1586) Pause Young (Normal) (G1 Evacuation Pause)
[218.692s][info][gc,task        ] GC(1586) Using 1 workers of 1 for evacuation
[218.696s][info][gc,phases      ] GC(1586)   Pre Evacuate Collection Set: 0.0ms
[218.696s][info][gc,phases      ] GC(1586)   Evacuate Collection Set: 3.0ms
[218.696s][info][gc,phases      ] GC(1586)   Post Evacuate Collection Set: 0.4ms
[218.696s][info][gc,phases      ] GC(1586)   Other: 0.3ms
[218.696s][info][gc,heap        ] GC(1586) Eden regions: 313->0(313)
[218.696s][info][gc,heap        ] GC(1586) Survivor regions: 1->1(40)
[218.696s][info][gc,heap        ] GC(1586) Old regions: 73->73
[218.696s][info][gc,heap        ] GC(1586) Humongous regions: 11->6
[218.696s][info][gc,metaspace   ] GC(1586) Metaspace: 73091K->73091K(1116160K)
[218.696s][info][gc             ] GC(1586) Pause Young (Normal) (G1 Evacuation Pause) 395M->77M(524M) 3.767ms
[218.696s][info][gc,cpu         ] GC(1586) User=0.01s Sys=0.00s Real=0.00s
[218.849s][info][gc,start       ] GC(1587) Pause Young (Normal) (G1 Evacuation Pause)
[218.849s][info][gc,task        ] GC(1587) Using 1 workers of 1 for evacuation
[218.853s][info][gc,phases      ] GC(1587)   Pre Evacuate Collection Set: 0.0ms
[218.853s][info][gc,phases      ] GC(1587)   Evacuate Collection Set: 3.3ms
[218.853s][info][gc,phases      ] GC(1587)   Post Evacuate Collection Set: 0.4ms
[218.853s][info][gc,phases      ] GC(1587)   Other: 0.8ms
[218.853s][info][gc,heap        ] GC(1587) Eden regions: 313->0(313)
[218.853s][info][gc,heap        ] GC(1587) Survivor regions: 1->1(40)
[218.854s][info][gc,heap        ] GC(1587) Old regions: 73->73
[218.854s][info][gc,heap        ] GC(1587) Humongous regions: 6->6
[218.854s][info][gc,metaspace   ] GC(1587) Metaspace: 73091K->73091K(1116160K)
[218.854s][info][gc             ] GC(1587) Pause Young (Normal) (G1 Evacuation Pause) 390M->77M(524M) 4.538ms
[218.854s][info][gc,cpu         ] GC(1587) User=0.00s Sys=0.00s Real=0.01s
[219.001s][info][gc,start       ] GC(1588) Pause Young (Normal) (G1 Evacuation Pause)
[219.001s][info][gc,task        ] GC(1588) Using 1 workers of 1 for evacuation
[219.004s][info][gc,phases      ] GC(1588)   Pre Evacuate Collection Set: 0.0ms
[219.004s][info][gc,phases      ] GC(1588)   Evacuate Collection Set: 2.8ms
[219.004s][info][gc,phases      ] GC(1588)   Post Evacuate Collection Set: 0.5ms
[219.004s][info][gc,phases      ] GC(1588)   Other: 0.4ms
[219.004s][info][gc,heap        ] GC(1588) Eden regions: 313->0(313)
[219.004s][info][gc,heap        ] GC(1588) Survivor regions: 1->1(40)
[219.004s][info][gc,heap        ] GC(1588) Old regions: 73->73
[219.004s][info][gc,heap        ] GC(1588) Humongous regions: 6->6
[219.004s][info][gc,metaspace   ] GC(1588) Metaspace: 73091K->73091K(1116160K)
[219.004s][info][gc             ] GC(1588) Pause Young (Normal) (G1 Evacuation Pause) 390M->77M(524M) 3.719ms
[219.004s][info][gc,cpu         ] GC(1588) User=0.00s Sys=0.00s Real=0.00s
[219.150s][info][gc,start       ] GC(1589) Pause Young (Normal) (G1 Evacuation Pause)
[219.150s][info][gc,task        ] GC(1589) Using 1 workers of 1 for evacuation
[219.153s][info][gc,phases      ] GC(1589)   Pre Evacuate Collection Set: 0.0ms
[219.153s][info][gc,phases      ] GC(1589)   Evacuate Collection Set: 2.8ms
[219.153s][info][gc,phases      ] GC(1589)   Post Evacuate Collection Set: 0.5ms
[219.153s][info][gc,phases      ] GC(1589)   Other: 0.3ms
[219.153s][info][gc,heap        ] GC(1589) Eden regions: 313->0(313)
[219.153s][info][gc,heap        ] GC(1589) Survivor regions: 1->1(40)
[219.153s][info][gc,heap        ] GC(1589) Old regions: 73->73
[219.153s][info][gc,heap        ] GC(1589) Humongous regions: 6->6
[219.153s][info][gc,metaspace   ] GC(1589) Metaspace: 73091K->73091K(1116160K)
[219.153s][info][gc             ] GC(1589) Pause Young (Normal) (G1 Evacuation Pause) 390M->77M(524M) 3.699ms
[219.153s][info][gc,cpu         ] GC(1589) User=0.00s Sys=0.00s Real=0.01s
[219.300s][info][gc,start       ] GC(1590) Pause Young (Normal) (G1 Evacuation Pause)
[219.300s][info][gc,task        ] GC(1590) Using 1 workers of 1 for evacuation
[219.304s][info][gc,phases      ] GC(1590)   Pre Evacuate Collection Set: 0.0ms
[219.304s][info][gc,phases      ] GC(1590)   Evacuate Collection Set: 3.1ms
[219.304s][info][gc,phases      ] GC(1590)   Post Evacuate Collection Set: 0.4ms
[219.304s][info][gc,phases      ] GC(1590)   Other: 0.3ms
[219.304s][info][gc,heap        ] GC(1590) Eden regions: 313->0(313)
[219.304s][info][gc,heap        ] GC(1590) Survivor regions: 1->1(40)
[219.304s][info][gc,heap        ] GC(1590) Old regions: 73->73
[219.304s][info][gc,heap        ] GC(1590) Humongous regions: 6->6
[219.304s][info][gc,metaspace   ] GC(1590) Metaspace: 73091K->73091K(1116160K)
[219.304s][info][gc             ] GC(1590) Pause Young (Normal) (G1 Evacuation Pause) 390M->77M(524M) 3.921ms
[219.304s][info][gc,cpu         ] GC(1590) User=0.00s Sys=0.00s Real=0.00s
[219.477s][info][gc,start       ] GC(1591) Pause Young (Normal) (G1 Evacuation Pause)
[219.477s][info][gc,task        ] GC(1591) Using 1 workers of 1 for evacuation
[219.481s][info][gc,phases      ] GC(1591)   Pre Evacuate Collection Set: 0.0ms
[219.481s][info][gc,phases      ] GC(1591)   Evacuate Collection Set: 3.1ms
[219.481s][info][gc,phases      ] GC(1591)   Post Evacuate Collection Set: 0.4ms
[219.481s][info][gc,phases      ] GC(1591)   Other: 0.3ms
[219.481s][info][gc,heap        ] GC(1591) Eden regions: 313->0(313)
[219.481s][info][gc,heap        ] GC(1591) Survivor regions: 1->1(40)
[219.481s][info][gc,heap        ] GC(1591) Old regions: 73->73
[219.481s][info][gc,heap        ] GC(1591) Humongous regions: 11->6
[219.481s][info][gc,metaspace   ] GC(1591) Metaspace: 73107K->73107K(1116160K)
[219.481s][info][gc             ] GC(1591) Pause Young (Normal) (G1 Evacuation Pause) 395M->77M(524M) 3.914ms
[219.481s][info][gc,cpu         ] GC(1591) User=0.01s Sys=0.00s Real=0.01s
[219.623s][info][gc,start       ] GC(1592) Pause Young (Normal) (G1 Evacuation Pause)
[219.624s][info][gc,task        ] GC(1592) Using 1 workers of 1 for evacuation
[219.627s][info][gc,phases      ] GC(1592)   Pre Evacuate Collection Set: 0.0ms
[219.627s][info][gc,phases      ] GC(1592)   Evacuate Collection Set: 3.1ms
[219.627s][info][gc,phases      ] GC(1592)   Post Evacuate Collection Set: 0.4ms
[219.627s][info][gc,phases      ] GC(1592)   Other: 0.4ms
[219.627s][info][gc,heap        ] GC(1592) Eden regions: 313->0(313)
[219.627s][info][gc,heap        ] GC(1592) Survivor regions: 1->1(40)
[219.627s][info][gc,heap        ] GC(1592) Old regions: 73->73
[219.627s][info][gc,heap        ] GC(1592) Humongous regions: 6->6
[219.627s][info][gc,metaspace   ] GC(1592) Metaspace: 73107K->73107K(1116160K)
[219.627s][info][gc             ] GC(1592) Pause Young (Normal) (G1 Evacuation Pause) 390M->77M(524M) 3.962ms
[219.628s][info][gc,cpu         ] GC(1592) User=0.00s Sys=0.00s Real=0.00s
[219.782s][info][gc,start       ] GC(1593) Pause Young (Normal) (G1 Evacuation Pause)
[219.782s][info][gc,task        ] GC(1593) Using 1 workers of 1 for evacuation
[219.785s][info][gc,phases      ] GC(1593)   Pre Evacuate Collection Set: 0.0ms
[219.785s][info][gc,phases      ] GC(1593)   Evacuate Collection Set: 2.9ms
[219.785s][info][gc,phases      ] GC(1593)   Post Evacuate Collection Set: 0.4ms
[219.785s][info][gc,phases      ] GC(1593)   Other: 0.4ms
[219.785s][info][gc,heap        ] GC(1593) Eden regions: 313->0(313)
[219.785s][info][gc,heap        ] GC(1593) Survivor regions: 1->1(40)
[219.785s][info][gc,heap        ] GC(1593) Old regions: 73->73
[219.785s][info][gc,heap        ] GC(1593) Humongous regions: 6->6
[219.785s][info][gc,metaspace   ] GC(1593) Metaspace: 73107K->73107K(1116160K)
[219.785s][info][gc             ] GC(1593) Pause Young (Normal) (G1 Evacuation Pause) 390M->77M(524M) 3.785ms
[219.785s][info][gc,cpu         ] GC(1593) User=0.00s Sys=0.00s Real=0.00s
[219.928s][info][gc,start       ] GC(1594) Pause Young (Normal) (G1 Evacuation Pause)
[219.928s][info][gc,task        ] GC(1594) Using 1 workers of 1 for evacuation
[219.932s][info][gc,phases      ] GC(1594)   Pre Evacuate Collection Set: 0.0ms
[219.932s][info][gc,phases      ] GC(1594)   Evacuate Collection Set: 2.9ms
[219.932s][info][gc,phases      ] GC(1594)   Post Evacuate Collection Set: 0.4ms
[219.932s][info][gc,phases      ] GC(1594)   Other: 0.3ms
[219.932s][info][gc,heap        ] GC(1594) Eden regions: 313->0(313)
[219.932s][info][gc,heap        ] GC(1594) Survivor regions: 1->1(40)
[219.932s][info][gc,heap        ] GC(1594) Old regions: 73->73
[219.932s][info][gc,heap        ] GC(1594) Humongous regions: 6->6
[219.932s][info][gc,metaspace   ] GC(1594) Metaspace: 73107K->73107K(1116160K)
[219.932s][info][gc             ] GC(1594) Pause Young (Normal) (G1 Evacuation Pause) 390M->77M(524M) 3.694ms
[219.932s][info][gc,cpu         ] GC(1594) User=0.01s Sys=0.00s Real=0.01s
[220.076s][info][gc,start       ] GC(1595) Pause Young (Normal) (G1 Evacuation Pause)
[220.076s][info][gc,task        ] GC(1595) Using 1 workers of 1 for evacuation
[220.080s][info][gc,phases      ] GC(1595)   Pre Evacuate Collection Set: 0.0ms
[220.080s][info][gc,phases      ] GC(1595)   Evacuate Collection Set: 2.8ms
[220.080s][info][gc,phases      ] GC(1595)   Post Evacuate Collection Set: 0.4ms
[220.080s][info][gc,phases      ] GC(1595)   Other: 0.3ms
[220.080s][info][gc,heap        ] GC(1595) Eden regions: 313->0(313)
[220.080s][info][gc,heap        ] GC(1595) Survivor regions: 1->1(40)
[220.080s][info][gc,heap        ] GC(1595) Old regions: 73->73
[220.080s][info][gc,heap        ] GC(1595) Humongous regions: 6->6
[220.080s][info][gc,metaspace   ] GC(1595) Metaspace: 73107K->73107K(1116160K)
[220.080s][info][gc             ] GC(1595) Pause Young (Normal) (G1 Evacuation Pause) 390M->77M(524M) 3.613ms
[220.080s][info][gc,cpu         ] GC(1595) User=0.00s Sys=0.00s Real=0.01s
[220.253s][info][gc,start       ] GC(1596) Pause Young (Normal) (G1 Evacuation Pause)
[220.253s][info][gc,task        ] GC(1596) Using 1 workers of 1 for evacuation
[220.257s][info][gc,phases      ] GC(1596)   Pre Evacuate Collection Set: 0.0ms
[220.257s][info][gc,phases      ] GC(1596)   Evacuate Collection Set: 2.9ms
[220.257s][info][gc,phases      ] GC(1596)   Post Evacuate Collection Set: 0.4ms
[220.257s][info][gc,phases      ] GC(1596)   Other: 0.4ms
[220.257s][info][gc,heap        ] GC(1596) Eden regions: 313->0(313)
[220.257s][info][gc,heap        ] GC(1596) Survivor regions: 1->1(40)
[220.257s][info][gc,heap        ] GC(1596) Old regions: 73->73
[220.257s][info][gc,heap        ] GC(1596) Humongous regions: 11->6
[220.257s][info][gc,metaspace   ] GC(1596) Metaspace: 73108K->73108K(1116160K)
[220.257s][info][gc             ] GC(1596) Pause Young (Normal) (G1 Evacuation Pause) 395M->77M(524M) 3.786ms
[220.257s][info][gc,cpu         ] GC(1596) User=0.00s Sys=0.00s Real=0.00s
[220.406s][info][gc,start       ] GC(1597) Pause Young (Normal) (G1 Evacuation Pause)
[220.406s][info][gc,task        ] GC(1597) Using 1 workers of 1 for evacuation
[220.409s][info][gc,phases      ] GC(1597)   Pre Evacuate Collection Set: 0.0ms
[220.409s][info][gc,phases      ] GC(1597)   Evacuate Collection Set: 2.9ms
[220.409s][info][gc,phases      ] GC(1597)   Post Evacuate Collection Set: 0.4ms
[220.409s][info][gc,phases      ] GC(1597)   Other: 0.4ms
[220.409s][info][gc,heap        ] GC(1597) Eden regions: 313->0(313)
[220.409s][info][gc,heap        ] GC(1597) Survivor regions: 1->1(40)
[220.409s][info][gc,heap        ] GC(1597) Old regions: 73->73
[220.409s][info][gc,heap        ] GC(1597) Humongous regions: 6->6
[220.409s][info][gc,metaspace   ] GC(1597) Metaspace: 73108K->73108K(1116160K)
[220.409s][info][gc             ] GC(1597) Pause Young (Normal) (G1 Evacuation Pause) 390M->77M(524M) 3.732ms
[220.409s][info][gc,cpu         ] GC(1597) User=0.00s Sys=0.00s Real=0.00s
[220.558s][info][gc,start       ] GC(1598) Pause Young (Normal) (G1 Evacuation Pause)
[220.558s][info][gc,task        ] GC(1598) Using 1 workers of 1 for evacuation
[220.562s][info][gc,phases      ] GC(1598)   Pre Evacuate Collection Set: 0.0ms
[220.562s][info][gc,phases      ] GC(1598)   Evacuate Collection Set: 2.8ms
[220.562s][info][gc,phases      ] GC(1598)   Post Evacuate Collection Set: 0.4ms
[220.562s][info][gc,phases      ] GC(1598)   Other: 0.5ms
[220.562s][info][gc,heap        ] GC(1598) Eden regions: 313->0(313)
[220.562s][info][gc,heap        ] GC(1598) Survivor regions: 1->1(40)
[220.562s][info][gc,heap        ] GC(1598) Old regions: 73->73
[220.562s][info][gc,heap        ] GC(1598) Humongous regions: 6->6
[220.562s][info][gc,metaspace   ] GC(1598) Metaspace: 73108K->73108K(1116160K)
[220.562s][info][gc             ] GC(1598) Pause Young (Normal) (G1 Evacuation Pause) 390M->77M(524M) 3.746ms
[220.562s][info][gc,cpu         ] GC(1598) User=0.01s Sys=0.00s Real=0.01s
[220.713s][info][gc,start       ] GC(1599) Pause Young (Normal) (G1 Evacuation Pause)
[220.714s][info][gc,task        ] GC(1599) Using 1 workers of 1 for evacuation
[220.717s][info][gc,phases      ] GC(1599)   Pre Evacuate Collection Set: 0.0ms
[220.717s][info][gc,phases      ] GC(1599)   Evacuate Collection Set: 2.8ms
[220.717s][info][gc,phases      ] GC(1599)   Post Evacuate Collection Set: 0.4ms
[220.717s][info][gc,phases      ] GC(1599)   Other: 0.4ms
[220.717s][info][gc,heap        ] GC(1599) Eden regions: 313->0(313)
[220.717s][info][gc,heap        ] GC(1599) Survivor regions: 1->1(40)
[220.717s][info][gc,heap        ] GC(1599) Old regions: 73->73
[220.717s][info][gc,heap        ] GC(1599) Humongous regions: 6->6
[220.717s][info][gc,metaspace   ] GC(1599) Metaspace: 73108K->73108K(1116160K)
[220.717s][info][gc             ] GC(1599) Pause Young (Normal) (G1 Evacuation Pause) 390M->77M(524M) 3.582ms
[220.717s][info][gc,cpu         ] GC(1599) User=0.00s Sys=0.00s Real=0.00s
[220.867s][info][gc,start       ] GC(1600) Pause Young (Normal) (G1 Evacuation Pause)
[220.867s][info][gc,task        ] GC(1600) Using 1 workers of 1 for evacuation
[220.871s][info][gc,phases      ] GC(1600)   Pre Evacuate Collection Set: 0.0ms
[220.871s][info][gc,phases      ] GC(1600)   Evacuate Collection Set: 3.1ms
[220.871s][info][gc,phases      ] GC(1600)   Post Evacuate Collection Set: 0.4ms
[220.871s][info][gc,phases      ] GC(1600)   Other: 0.4ms
[220.871s][info][gc,heap        ] GC(1600) Eden regions: 313->0(313)
[220.871s][info][gc,heap        ] GC(1600) Survivor regions: 1->1(40)
[220.871s][info][gc,heap        ] GC(1600) Old regions: 73->73
[220.871s][info][gc,heap        ] GC(1600) Humongous regions: 6->6
[220.871s][info][gc,metaspace   ] GC(1600) Metaspace: 73108K->73108K(1116160K)
[220.871s][info][gc             ] GC(1600) Pause Young (Normal) (G1 Evacuation Pause) 390M->77M(524M) 3.936ms
[220.871s][info][gc,cpu         ] GC(1600) User=0.00s Sys=0.00s Real=0.01s
[221.034s][info][gc,start       ] GC(1601) Pause Young (Normal) (G1 Evacuation Pause)
[221.034s][info][gc,task        ] GC(1601) Using 1 workers of 1 for evacuation
[221.038s][info][gc,phases      ] GC(1601)   Pre Evacuate Collection Set: 0.0ms
[221.038s][info][gc,phases      ] GC(1601)   Evacuate Collection Set: 3.2ms
[221.038s][info][gc,phases      ] GC(1601)   Post Evacuate Collection Set: 0.5ms
[221.038s][info][gc,phases      ] GC(1601)   Other: 0.4ms
[221.038s][info][gc,heap        ] GC(1601) Eden regions: 313->0(313)
[221.038s][info][gc,heap        ] GC(1601) Survivor regions: 1->1(40)
[221.038s][info][gc,heap        ] GC(1601) Old regions: 73->73
[221.039s][info][gc,heap        ] GC(1601) Humongous regions: 11->6
[221.039s][info][gc,metaspace   ] GC(1601) Metaspace: 73109K->73109K(1116160K)
[221.039s][info][gc             ] GC(1601) Pause Young (Normal) (G1 Evacuation Pause) 395M->78M(524M) 4.142ms
[221.039s][info][gc,cpu         ] GC(1601) User=0.00s Sys=0.00s Real=0.01s
[221.183s][info][gc,start       ] GC(1602) Pause Young (Normal) (G1 Evacuation Pause)
[221.183s][info][gc,task        ] GC(1602) Using 1 workers of 1 for evacuation
[221.187s][info][gc,phases      ] GC(1602)   Pre Evacuate Collection Set: 0.0ms
[221.187s][info][gc,phases      ] GC(1602)   Evacuate Collection Set: 3.0ms
[221.187s][info][gc,phases      ] GC(1602)   Post Evacuate Collection Set: 0.4ms
[221.187s][info][gc,phases      ] GC(1602)   Other: 0.4ms
[221.187s][info][gc,heap        ] GC(1602) Eden regions: 313->0(313)
[221.187s][info][gc,heap        ] GC(1602) Survivor regions: 1->1(40)
[221.187s][info][gc,heap        ] GC(1602) Old regions: 73->73
[221.187s][info][gc,heap        ] GC(1602) Humongous regions: 6->6
[221.187s][info][gc,metaspace   ] GC(1602) Metaspace: 73109K->73109K(1116160K)
[221.187s][info][gc             ] GC(1602) Pause Young (Normal) (G1 Evacuation Pause) 391M->77M(524M) 3.858ms
[221.187s][info][gc,cpu         ] GC(1602) User=0.00s Sys=0.00s Real=0.00s
[221.337s][info][gc,start       ] GC(1603) Pause Young (Normal) (G1 Evacuation Pause)
[221.337s][info][gc,task        ] GC(1603) Using 1 workers of 1 for evacuation
[221.341s][info][gc,phases      ] GC(1603)   Pre Evacuate Collection Set: 0.0ms
[221.341s][info][gc,phases      ] GC(1603)   Evacuate Collection Set: 2.9ms
[221.341s][info][gc,phases      ] GC(1603)   Post Evacuate Collection Set: 0.4ms
[221.341s][info][gc,phases      ] GC(1603)   Other: 0.4ms
[221.341s][info][gc,heap        ] GC(1603) Eden regions: 313->0(313)
[221.341s][info][gc,heap        ] GC(1603) Survivor regions: 1->1(40)
[221.341s][info][gc,heap        ] GC(1603) Old regions: 73->73
[221.341s][info][gc,heap        ] GC(1603) Humongous regions: 6->6
[221.341s][info][gc,metaspace   ] GC(1603) Metaspace: 73109K->73109K(1116160K)
[221.341s][info][gc             ] GC(1603) Pause Young (Normal) (G1 Evacuation Pause) 390M->78M(524M) 3.730ms
[221.341s][info][gc,cpu         ] GC(1603) User=0.00s Sys=0.00s Real=0.01s
[221.491s][info][gc,start       ] GC(1604) Pause Young (Normal) (G1 Evacuation Pause)
[221.491s][info][gc,task        ] GC(1604) Using 1 workers of 1 for evacuation
[221.494s][info][gc,phases      ] GC(1604)   Pre Evacuate Collection Set: 0.0ms
[221.494s][info][gc,phases      ] GC(1604)   Evacuate Collection Set: 2.8ms
[221.494s][info][gc,phases      ] GC(1604)   Post Evacuate Collection Set: 0.4ms
[221.494s][info][gc,phases      ] GC(1604)   Other: 0.4ms
[221.494s][info][gc,heap        ] GC(1604) Eden regions: 313->0(313)
[221.494s][info][gc,heap        ] GC(1604) Survivor regions: 1->1(40)
[221.494s][info][gc,heap        ] GC(1604) Old regions: 73->73
[221.494s][info][gc,heap        ] GC(1604) Humongous regions: 6->6
[221.494s][info][gc,metaspace   ] GC(1604) Metaspace: 73109K->73109K(1116160K)
[221.494s][info][gc             ] GC(1604) Pause Young (Normal) (G1 Evacuation Pause) 391M->77M(524M) 3.661ms
[221.494s][info][gc,cpu         ] GC(1604) User=0.00s Sys=0.00s Real=0.00s
[221.641s][info][gc,start       ] GC(1605) Pause Young (Normal) (G1 Evacuation Pause)
[221.641s][info][gc,task        ] GC(1605) Using 1 workers of 1 for evacuation
[221.645s][info][gc,phases      ] GC(1605)   Pre Evacuate Collection Set: 0.0ms
[221.645s][info][gc,phases      ] GC(1605)   Evacuate Collection Set: 3.3ms
[221.645s][info][gc,phases      ] GC(1605)   Post Evacuate Collection Set: 0.4ms
[221.645s][info][gc,phases      ] GC(1605)   Other: 0.3ms
[221.645s][info][gc,heap        ] GC(1605) Eden regions: 313->0(313)
[221.645s][info][gc,heap        ] GC(1605) Survivor regions: 1->1(40)
[221.645s][info][gc,heap        ] GC(1605) Old regions: 73->73
[221.645s][info][gc,heap        ] GC(1605) Humongous regions: 6->6
[221.645s][info][gc,metaspace   ] GC(1605) Metaspace: 73109K->73109K(1116160K)
[221.645s][info][gc             ] GC(1605) Pause Young (Normal) (G1 Evacuation Pause) 390M->78M(524M) 4.116ms
[221.645s][info][gc,cpu         ] GC(1605) User=0.00s Sys=0.00s Real=0.00s
[221.804s][info][gc,start       ] GC(1606) Pause Young (Normal) (G1 Evacuation Pause)
[221.804s][info][gc,task        ] GC(1606) Using 1 workers of 1 for evacuation
[221.808s][info][gc,phases      ] GC(1606)   Pre Evacuate Collection Set: 0.0ms
[221.808s][info][gc,phases      ] GC(1606)   Evacuate Collection Set: 2.9ms
[221.808s][info][gc,phases      ] GC(1606)   Post Evacuate Collection Set: 0.4ms
[221.808s][info][gc,phases      ] GC(1606)   Other: 0.4ms
[221.808s][info][gc,heap        ] GC(1606) Eden regions: 313->0(313)
[221.808s][info][gc,heap        ] GC(1606) Survivor regions: 1->1(40)
[221.808s][info][gc,heap        ] GC(1606) Old regions: 73->73
[221.808s][info][gc,heap        ] GC(1606) Humongous regions: 11->6
[221.808s][info][gc,metaspace   ] GC(1606) Metaspace: 73110K->73110K(1116160K)
[221.808s][info][gc             ] GC(1606) Pause Young (Normal) (G1 Evacuation Pause) 396M->77M(524M) 3.775ms
[221.808s][info][gc,cpu         ] GC(1606) User=0.00s Sys=0.00s Real=0.00s
[221.953s][info][gc,start       ] GC(1607) Pause Young (Normal) (G1 Evacuation Pause)
[221.953s][info][gc,task        ] GC(1607) Using 1 workers of 1 for evacuation
[221.956s][info][gc,phases      ] GC(1607)   Pre Evacuate Collection Set: 0.0ms
[221.956s][info][gc,phases      ] GC(1607)   Evacuate Collection Set: 2.8ms
[221.956s][info][gc,phases      ] GC(1607)   Post Evacuate Collection Set: 0.4ms
[221.956s][info][gc,phases      ] GC(1607)   Other: 0.3ms
[221.956s][info][gc,heap        ] GC(1607) Eden regions: 313->0(313)
[221.956s][info][gc,heap        ] GC(1607) Survivor regions: 1->1(40)
[221.956s][info][gc,heap        ] GC(1607) Old regions: 73->73
[221.956s][info][gc,heap        ] GC(1607) Humongous regions: 6->6
[221.956s][info][gc,metaspace   ] GC(1607) Metaspace: 73110K->73110K(1116160K)
[221.956s][info][gc             ] GC(1607) Pause Young (Normal) (G1 Evacuation Pause) 390M->77M(524M) 3.532ms
[221.956s][info][gc,cpu         ] GC(1607) User=0.00s Sys=0.00s Real=0.00s
[222.101s][info][gc,start       ] GC(1608) Pause Young (Normal) (G1 Evacuation Pause)
[222.101s][info][gc,task        ] GC(1608) Using 1 workers of 1 for evacuation
[222.105s][info][gc,phases      ] GC(1608)   Pre Evacuate Collection Set: 0.0ms
[222.105s][info][gc,phases      ] GC(1608)   Evacuate Collection Set: 2.7ms
[222.105s][info][gc,phases      ] GC(1608)   Post Evacuate Collection Set: 0.4ms
[222.105s][info][gc,phases      ] GC(1608)   Other: 0.3ms
[222.105s][info][gc,heap        ] GC(1608) Eden regions: 313->0(313)
[222.105s][info][gc,heap        ] GC(1608) Survivor regions: 1->1(40)
[222.105s][info][gc,heap        ] GC(1608) Old regions: 73->73
[222.105s][info][gc,heap        ] GC(1608) Humongous regions: 6->6
[222.105s][info][gc,metaspace   ] GC(1608) Metaspace: 73110K->73110K(1116160K)
[222.105s][info][gc             ] GC(1608) Pause Young (Normal) (G1 Evacuation Pause) 390M->77M(524M) 3.493ms
[222.105s][info][gc,cpu         ] GC(1608) User=0.00s Sys=0.00s Real=0.00s
[222.252s][info][gc,start       ] GC(1609) Pause Young (Normal) (G1 Evacuation Pause)
[222.252s][info][gc,task        ] GC(1609) Using 1 workers of 1 for evacuation
[222.256s][info][gc,phases      ] GC(1609)   Pre Evacuate Collection Set: 0.0ms
[222.256s][info][gc,phases      ] GC(1609)   Evacuate Collection Set: 3.0ms
[222.256s][info][gc,phases      ] GC(1609)   Post Evacuate Collection Set: 0.4ms
[222.256s][info][gc,phases      ] GC(1609)   Other: 0.5ms
[222.256s][info][gc,heap        ] GC(1609) Eden regions: 313->0(313)
[222.256s][info][gc,heap        ] GC(1609) Survivor regions: 1->1(40)
[222.256s][info][gc,heap        ] GC(1609) Old regions: 73->73
[222.256s][info][gc,heap        ] GC(1609) Humongous regions: 6->6
[222.256s][info][gc,metaspace   ] GC(1609) Metaspace: 73110K->73110K(1116160K)
[222.256s][info][gc             ] GC(1609) Pause Young (Normal) (G1 Evacuation Pause) 390M->77M(524M) 3.925ms
[222.256s][info][gc,cpu         ] GC(1609) User=0.00s Sys=0.00s Real=0.00s
[222.433s][info][gc,start       ] GC(1610) Pause Young (Normal) (G1 Evacuation Pause)
[222.433s][info][gc,task        ] GC(1610) Using 1 workers of 1 for evacuation
[222.437s][info][gc,phases      ] GC(1610)   Pre Evacuate Collection Set: 0.0ms
[222.437s][info][gc,phases      ] GC(1610)   Evacuate Collection Set: 3.2ms
[222.437s][info][gc,phases      ] GC(1610)   Post Evacuate Collection Set: 0.5ms
[222.437s][info][gc,phases      ] GC(1610)   Other: 0.3ms
[222.437s][info][gc,heap        ] GC(1610) Eden regions: 313->0(313)
[222.437s][info][gc,heap        ] GC(1610) Survivor regions: 1->1(40)
[222.437s][info][gc,heap        ] GC(1610) Old regions: 73->73
[222.437s][info][gc,heap        ] GC(1610) Humongous regions: 11->6
[222.437s][info][gc,metaspace   ] GC(1610) Metaspace: 73111K->73111K(1116160K)
[222.437s][info][gc             ] GC(1610) Pause Young (Normal) (G1 Evacuation Pause) 395M->78M(524M) 4.054ms
[222.437s][info][gc,cpu         ] GC(1610) User=0.00s Sys=0.00s Real=0.00s
[222.590s][info][gc,start       ] GC(1611) Pause Young (Normal) (G1 Evacuation Pause)
[222.590s][info][gc,task        ] GC(1611) Using 1 workers of 1 for evacuation
[222.597s][info][gc,phases      ] GC(1611)   Pre Evacuate Collection Set: 0.0ms
[222.597s][info][gc,phases      ] GC(1611)   Evacuate Collection Set: 6.2ms
[222.597s][info][gc,phases      ] GC(1611)   Post Evacuate Collection Set: 0.4ms
[222.597s][info][gc,phases      ] GC(1611)   Other: 0.4ms
[222.597s][info][gc,heap        ] GC(1611) Eden regions: 313->0(313)
[222.597s][info][gc,heap        ] GC(1611) Survivor regions: 1->1(40)
[222.597s][info][gc,heap        ] GC(1611) Old regions: 73->73
[222.597s][info][gc,heap        ] GC(1611) Humongous regions: 6->6
[222.597s][info][gc,metaspace   ] GC(1611) Metaspace: 73111K->73111K(1116160K)
[222.597s][info][gc             ] GC(1611) Pause Young (Normal) (G1 Evacuation Pause) 391M->78M(524M) 7.008ms
[222.597s][info][gc,cpu         ] GC(1611) User=0.01s Sys=0.00s Real=0.00s
[222.753s][info][gc,start       ] GC(1612) Pause Young (Normal) (G1 Evacuation Pause)
[222.753s][info][gc,task        ] GC(1612) Using 1 workers of 1 for evacuation
[222.757s][info][gc,phases      ] GC(1612)   Pre Evacuate Collection Set: 0.0ms
[222.757s][info][gc,phases      ] GC(1612)   Evacuate Collection Set: 3.3ms
[222.757s][info][gc,phases      ] GC(1612)   Post Evacuate Collection Set: 0.4ms
[222.757s][info][gc,phases      ] GC(1612)   Other: 0.4ms
[222.757s][info][gc,heap        ] GC(1612) Eden regions: 313->0(313)
[222.757s][info][gc,heap        ] GC(1612) Survivor regions: 1->1(40)
[222.757s][info][gc,heap        ] GC(1612) Old regions: 73->73
[222.757s][info][gc,heap        ] GC(1612) Humongous regions: 6->6
[222.757s][info][gc,metaspace   ] GC(1612) Metaspace: 73113K->73113K(1116160K)
[222.757s][info][gc             ] GC(1612) Pause Young (Normal) (G1 Evacuation Pause) 391M->78M(524M) 4.102ms
[222.757s][info][gc,cpu         ] GC(1612) User=0.01s Sys=0.00s Real=0.00s
[222.901s][info][gc,start       ] GC(1613) Pause Young (Normal) (G1 Evacuation Pause)
[222.901s][info][gc,task        ] GC(1613) Using 1 workers of 1 for evacuation
[222.904s][info][gc,phases      ] GC(1613)   Pre Evacuate Collection Set: 0.0ms
[222.905s][info][gc,phases      ] GC(1613)   Evacuate Collection Set: 2.9ms
[222.905s][info][gc,phases      ] GC(1613)   Post Evacuate Collection Set: 0.4ms
[222.905s][info][gc,phases      ] GC(1613)   Other: 0.4ms
[222.905s][info][gc,heap        ] GC(1613) Eden regions: 313->0(313)
[222.905s][info][gc,heap        ] GC(1613) Survivor regions: 1->1(40)
[222.905s][info][gc,heap        ] GC(1613) Old regions: 73->73
[222.905s][info][gc,heap        ] GC(1613) Humongous regions: 6->6
[222.905s][info][gc,metaspace   ] GC(1613) Metaspace: 73113K->73113K(1116160K)
[222.905s][info][gc             ] GC(1613) Pause Young (Normal) (G1 Evacuation Pause) 391M->78M(524M) 3.807ms
[222.905s][info][gc,cpu         ] GC(1613) User=0.01s Sys=0.00s Real=0.00s
[223.054s][info][gc,start       ] GC(1614) Pause Young (Normal) (G1 Evacuation Pause)
[223.054s][info][gc,task        ] GC(1614) Using 1 workers of 1 for evacuation
[223.057s][info][gc,phases      ] GC(1614)   Pre Evacuate Collection Set: 0.0ms
[223.057s][info][gc,phases      ] GC(1614)   Evacuate Collection Set: 2.9ms
[223.057s][info][gc,phases      ] GC(1614)   Post Evacuate Collection Set: 0.4ms
[223.057s][info][gc,phases      ] GC(1614)   Other: 0.4ms
[223.057s][info][gc,heap        ] GC(1614) Eden regions: 313->0(313)
[223.057s][info][gc,heap        ] GC(1614) Survivor regions: 1->1(40)
[223.057s][info][gc,heap        ] GC(1614) Old regions: 73->73
[223.057s][info][gc,heap        ] GC(1614) Humongous regions: 6->6
[223.057s][info][gc,metaspace   ] GC(1614) Metaspace: 73113K->73113K(1116160K)
[223.057s][info][gc             ] GC(1614) Pause Young (Normal) (G1 Evacuation Pause) 391M->78M(524M) 3.782ms
[223.057s][info][gc,cpu         ] GC(1614) User=0.01s Sys=0.00s Real=0.00s
[223.215s][info][gc,start       ] GC(1615) Pause Young (Normal) (G1 Evacuation Pause)
[223.215s][info][gc,task        ] GC(1615) Using 1 workers of 1 for evacuation
[223.219s][info][gc,phases      ] GC(1615)   Pre Evacuate Collection Set: 0.0ms
[223.219s][info][gc,phases      ] GC(1615)   Evacuate Collection Set: 3.0ms
[223.219s][info][gc,phases      ] GC(1615)   Post Evacuate Collection Set: 0.4ms
[223.219s][info][gc,phases      ] GC(1615)   Other: 0.3ms
[223.219s][info][gc,heap        ] GC(1615) Eden regions: 313->0(313)
[223.219s][info][gc,heap        ] GC(1615) Survivor regions: 1->1(40)
[223.219s][info][gc,heap        ] GC(1615) Old regions: 73->73
[223.219s][info][gc,heap        ] GC(1615) Humongous regions: 11->6
[223.219s][info][gc,metaspace   ] GC(1615) Metaspace: 73116K->73116K(1116160K)
[223.219s][info][gc             ] GC(1615) Pause Young (Normal) (G1 Evacuation Pause) 396M->77M(524M) 3.829ms
[223.219s][info][gc,cpu         ] GC(1615) User=0.00s Sys=0.00s Real=0.01s
[223.379s][info][gc,start       ] GC(1616) Pause Young (Normal) (G1 Evacuation Pause)
[223.379s][info][gc,task        ] GC(1616) Using 1 workers of 1 for evacuation
[223.383s][info][gc,phases      ] GC(1616)   Pre Evacuate Collection Set: 0.0ms
[223.383s][info][gc,phases      ] GC(1616)   Evacuate Collection Set: 3.0ms
[223.383s][info][gc,phases      ] GC(1616)   Post Evacuate Collection Set: 0.4ms
[223.383s][info][gc,phases      ] GC(1616)   Other: 0.4ms
[223.383s][info][gc,heap        ] GC(1616) Eden regions: 313->0(313)
[223.383s][info][gc,heap        ] GC(1616) Survivor regions: 1->1(40)
[223.383s][info][gc,heap        ] GC(1616) Old regions: 73->73
[223.383s][info][gc,heap        ] GC(1616) Humongous regions: 6->6
[223.383s][info][gc,metaspace   ] GC(1616) Metaspace: 73116K->73116K(1116160K)
[223.383s][info][gc             ] GC(1616) Pause Young (Normal) (G1 Evacuation Pause) 390M->77M(524M) 3.836ms
[223.383s][info][gc,cpu         ] GC(1616) User=0.00s Sys=0.00s Real=0.00s
[223.531s][info][gc,start       ] GC(1617) Pause Young (Normal) (G1 Evacuation Pause)
[223.531s][info][gc,task        ] GC(1617) Using 1 workers of 1 for evacuation
[223.534s][info][gc,phases      ] GC(1617)   Pre Evacuate Collection Set: 0.0ms
[223.534s][info][gc,phases      ] GC(1617)   Evacuate Collection Set: 2.9ms
[223.534s][info][gc,phases      ] GC(1617)   Post Evacuate Collection Set: 0.4ms
[223.535s][info][gc,phases      ] GC(1617)   Other: 0.3ms
[223.535s][info][gc,heap        ] GC(1617) Eden regions: 313->0(313)
[223.535s][info][gc,heap        ] GC(1617) Survivor regions: 1->1(40)
[223.535s][info][gc,heap        ] GC(1617) Old regions: 73->73
[223.535s][info][gc,heap        ] GC(1617) Humongous regions: 6->6
[223.535s][info][gc,metaspace   ] GC(1617) Metaspace: 73116K->73116K(1116160K)
[223.535s][info][gc             ] GC(1617) Pause Young (Normal) (G1 Evacuation Pause) 390M->77M(524M) 3.637ms
[223.535s][info][gc,cpu         ] GC(1617) User=0.00s Sys=0.00s Real=0.00s
[223.680s][info][gc,start       ] GC(1618) Pause Young (Normal) (G1 Evacuation Pause)
[223.680s][info][gc,task        ] GC(1618) Using 1 workers of 1 for evacuation
[223.684s][info][gc,phases      ] GC(1618)   Pre Evacuate Collection Set: 0.0ms
[223.684s][info][gc,phases      ] GC(1618)   Evacuate Collection Set: 3.0ms
[223.684s][info][gc,phases      ] GC(1618)   Post Evacuate Collection Set: 0.4ms
[223.684s][info][gc,phases      ] GC(1618)   Other: 0.3ms
[223.684s][info][gc,heap        ] GC(1618) Eden regions: 313->0(313)
[223.684s][info][gc,heap        ] GC(1618) Survivor regions: 1->1(40)
[223.684s][info][gc,heap        ] GC(1618) Old regions: 73->73
[223.684s][info][gc,heap        ] GC(1618) Humongous regions: 6->6
[223.684s][info][gc,metaspace   ] GC(1618) Metaspace: 73116K->73116K(1116160K)
[223.684s][info][gc             ] GC(1618) Pause Young (Normal) (G1 Evacuation Pause) 390M->77M(524M) 3.786ms
[223.684s][info][gc,cpu         ] GC(1618) User=0.00s Sys=0.00s Real=0.00s
[223.840s][info][gc,start       ] GC(1619) Pause Young (Normal) (G1 Evacuation Pause)
[223.840s][info][gc,task        ] GC(1619) Using 1 workers of 1 for evacuation
[223.844s][info][gc,phases      ] GC(1619)   Pre Evacuate Collection Set: 0.0ms
[223.844s][info][gc,phases      ] GC(1619)   Evacuate Collection Set: 3.1ms
[223.844s][info][gc,phases      ] GC(1619)   Post Evacuate Collection Set: 0.4ms
[223.844s][info][gc,phases      ] GC(1619)   Other: 0.4ms
[223.844s][info][gc,heap        ] GC(1619) Eden regions: 313->0(313)
[223.844s][info][gc,heap        ] GC(1619) Survivor regions: 1->1(40)
[223.844s][info][gc,heap        ] GC(1619) Old regions: 73->73
[223.844s][info][gc,heap        ] GC(1619) Humongous regions: 6->6
[223.844s][info][gc,metaspace   ] GC(1619) Metaspace: 73116K->73116K(1116160K)
[223.844s][info][gc             ] GC(1619) Pause Young (Normal) (G1 Evacuation Pause) 390M->78M(524M) 3.960ms
[223.844s][info][gc,cpu         ] GC(1619) User=0.00s Sys=0.00s Real=0.00s
[224.006s][info][gc,start       ] GC(1620) Pause Young (Normal) (G1 Evacuation Pause)
[224.006s][info][gc,task        ] GC(1620) Using 1 workers of 1 for evacuation
[224.010s][info][gc,phases      ] GC(1620)   Pre Evacuate Collection Set: 0.0ms
[224.010s][info][gc,phases      ] GC(1620)   Evacuate Collection Set: 3.2ms
[224.010s][info][gc,phases      ] GC(1620)   Post Evacuate Collection Set: 0.4ms
[224.010s][info][gc,phases      ] GC(1620)   Other: 0.4ms
[224.010s][info][gc,heap        ] GC(1620) Eden regions: 313->0(313)
[224.010s][info][gc,heap        ] GC(1620) Survivor regions: 1->1(40)
[224.010s][info][gc,heap        ] GC(1620) Old regions: 73->73
[224.010s][info][gc,heap        ] GC(1620) Humongous regions: 11->6
[224.010s][info][gc,metaspace   ] GC(1620) Metaspace: 73116K->73116K(1116160K)
[224.010s][info][gc             ] GC(1620) Pause Young (Normal) (G1 Evacuation Pause) 396M->78M(524M) 4.023ms
[224.010s][info][gc,cpu         ] GC(1620) User=0.00s Sys=0.01s Real=0.01s
[224.153s][info][gc,start       ] GC(1621) Pause Young (Normal) (G1 Evacuation Pause)
[224.154s][info][gc,task        ] GC(1621) Using 1 workers of 1 for evacuation
[224.157s][info][gc,phases      ] GC(1621)   Pre Evacuate Collection Set: 0.0ms
[224.157s][info][gc,phases      ] GC(1621)   Evacuate Collection Set: 3.1ms
[224.157s][info][gc,phases      ] GC(1621)   Post Evacuate Collection Set: 0.5ms
[224.157s][info][gc,phases      ] GC(1621)   Other: 0.4ms
[224.157s][info][gc,heap        ] GC(1621) Eden regions: 313->0(313)
[224.157s][info][gc,heap        ] GC(1621) Survivor regions: 1->1(40)
[224.157s][info][gc,heap        ] GC(1621) Old regions: 73->73
[224.157s][info][gc,heap        ] GC(1621) Humongous regions: 6->6
[224.157s][info][gc,metaspace   ] GC(1621) Metaspace: 73116K->73116K(1116160K)
[224.157s][info][gc             ] GC(1621) Pause Young (Normal) (G1 Evacuation Pause) 391M->78M(524M) 4.020ms
[224.157s][info][gc,cpu         ] GC(1621) User=0.00s Sys=0.00s Real=0.01s
[224.304s][info][gc,start       ] GC(1622) Pause Young (Normal) (G1 Evacuation Pause)
[224.304s][info][gc,task        ] GC(1622) Using 1 workers of 1 for evacuation
[224.307s][info][gc,phases      ] GC(1622)   Pre Evacuate Collection Set: 0.0ms
[224.307s][info][gc,phases      ] GC(1622)   Evacuate Collection Set: 3.0ms
[224.307s][info][gc,phases      ] GC(1622)   Post Evacuate Collection Set: 0.4ms
[224.307s][info][gc,phases      ] GC(1622)   Other: 0.3ms
[224.307s][info][gc,heap        ] GC(1622) Eden regions: 313->0(313)
[224.307s][info][gc,heap        ] GC(1622) Survivor regions: 1->1(40)
[224.307s][info][gc,heap        ] GC(1622) Old regions: 73->73
[224.307s][info][gc,heap        ] GC(1622) Humongous regions: 6->6
[224.307s][info][gc,metaspace   ] GC(1622) Metaspace: 73116K->73116K(1116160K)
[224.307s][info][gc             ] GC(1622) Pause Young (Normal) (G1 Evacuation Pause) 391M->78M(524M) 3.786ms
[224.307s][info][gc,cpu         ] GC(1622) User=0.00s Sys=0.00s Real=0.00s
[224.454s][info][gc,start       ] GC(1623) Pause Young (Normal) (G1 Evacuation Pause)
[224.454s][info][gc,task        ] GC(1623) Using 1 workers of 1 for evacuation
[224.458s][info][gc,phases      ] GC(1623)   Pre Evacuate Collection Set: 0.0ms
[224.458s][info][gc,phases      ] GC(1623)   Evacuate Collection Set: 3.4ms
[224.458s][info][gc,phases      ] GC(1623)   Post Evacuate Collection Set: 0.4ms
[224.458s][info][gc,phases      ] GC(1623)   Other: 0.4ms
[224.458s][info][gc,heap        ] GC(1623) Eden regions: 313->0(313)
[224.458s][info][gc,heap        ] GC(1623) Survivor regions: 1->1(40)
[224.458s][info][gc,heap        ] GC(1623) Old regions: 73->73
[224.458s][info][gc,heap        ] GC(1623) Humongous regions: 6->6
[224.458s][info][gc,metaspace   ] GC(1623) Metaspace: 73116K->73116K(1116160K)
[224.458s][info][gc             ] GC(1623) Pause Young (Normal) (G1 Evacuation Pause) 391M->78M(524M) 4.286ms
[224.458s][info][gc,cpu         ] GC(1623) User=0.00s Sys=0.00s Real=0.00s
[224.600s][info][gc,start       ] GC(1624) Pause Young (Normal) (G1 Evacuation Pause)
[224.600s][info][gc,task        ] GC(1624) Using 1 workers of 1 for evacuation
[224.603s][info][gc,phases      ] GC(1624)   Pre Evacuate Collection Set: 0.0ms
[224.603s][info][gc,phases      ] GC(1624)   Evacuate Collection Set: 2.9ms
[224.603s][info][gc,phases      ] GC(1624)   Post Evacuate Collection Set: 0.4ms
[224.603s][info][gc,phases      ] GC(1624)   Other: 0.4ms
[224.603s][info][gc,heap        ] GC(1624) Eden regions: 313->0(313)
[224.603s][info][gc,heap        ] GC(1624) Survivor regions: 1->1(40)
[224.603s][info][gc,heap        ] GC(1624) Old regions: 73->73
[224.603s][info][gc,heap        ] GC(1624) Humongous regions: 6->6
[224.603s][info][gc,metaspace   ] GC(1624) Metaspace: 73116K->73116K(1116160K)
[224.603s][info][gc             ] GC(1624) Pause Young (Normal) (G1 Evacuation Pause) 391M->78M(524M) 3.761ms
[224.603s][info][gc,cpu         ] GC(1624) User=0.01s Sys=0.00s Real=0.00s
[224.767s][info][gc,start       ] GC(1625) Pause Young (Normal) (G1 Evacuation Pause)
[224.767s][info][gc,task        ] GC(1625) Using 1 workers of 1 for evacuation
[224.771s][info][gc,phases      ] GC(1625)   Pre Evacuate Collection Set: 0.0ms
[224.771s][info][gc,phases      ] GC(1625)   Evacuate Collection Set: 3.1ms
[224.771s][info][gc,phases      ] GC(1625)   Post Evacuate Collection Set: 0.4ms
[224.771s][info][gc,phases      ] GC(1625)   Other: 0.3ms
[224.771s][info][gc,heap        ] GC(1625) Eden regions: 313->0(313)
[224.771s][info][gc,heap        ] GC(1625) Survivor regions: 1->1(40)
[224.771s][info][gc,heap        ] GC(1625) Old regions: 73->73
[224.771s][info][gc,heap        ] GC(1625) Humongous regions: 11->6
[224.771s][info][gc,metaspace   ] GC(1625) Metaspace: 73123K->73123K(1116160K)
[224.771s][info][gc             ] GC(1625) Pause Young (Normal) (G1 Evacuation Pause) 396M->77M(524M) 3.857ms
[224.771s][info][gc,cpu         ] GC(1625) User=0.00s Sys=0.00s Real=0.01s
[224.919s][info][gc,start       ] GC(1626) Pause Young (Normal) (G1 Evacuation Pause)
[224.920s][info][gc,task        ] GC(1626) Using 1 workers of 1 for evacuation
[224.923s][info][gc,phases      ] GC(1626)   Pre Evacuate Collection Set: 0.0ms
[224.923s][info][gc,phases      ] GC(1626)   Evacuate Collection Set: 2.9ms
[224.923s][info][gc,phases      ] GC(1626)   Post Evacuate Collection Set: 0.4ms
[224.923s][info][gc,phases      ] GC(1626)   Other: 0.5ms
[224.923s][info][gc,heap        ] GC(1626) Eden regions: 313->0(313)
[224.923s][info][gc,heap        ] GC(1626) Survivor regions: 1->1(40)
[224.923s][info][gc,heap        ] GC(1626) Old regions: 73->73
[224.923s][info][gc,heap        ] GC(1626) Humongous regions: 6->6
[224.923s][info][gc,metaspace   ] GC(1626) Metaspace: 73123K->73123K(1116160K)
[224.923s][info][gc             ] GC(1626) Pause Young (Normal) (G1 Evacuation Pause) 390M->77M(524M) 3.746ms
[224.923s][info][gc,cpu         ] GC(1626) User=0.00s Sys=0.00s Real=0.00s
[225.078s][info][gc,start       ] GC(1627) Pause Young (Normal) (G1 Evacuation Pause)
[225.078s][info][gc,task        ] GC(1627) Using 1 workers of 1 for evacuation
[225.081s][info][gc,phases      ] GC(1627)   Pre Evacuate Collection Set: 0.0ms
[225.081s][info][gc,phases      ] GC(1627)   Evacuate Collection Set: 2.8ms
[225.081s][info][gc,phases      ] GC(1627)   Post Evacuate Collection Set: 0.4ms
[225.081s][info][gc,phases      ] GC(1627)   Other: 0.3ms
[225.081s][info][gc,heap        ] GC(1627) Eden regions: 313->0(313)
[225.082s][info][gc,heap        ] GC(1627) Survivor regions: 1->1(40)
[225.082s][info][gc,heap        ] GC(1627) Old regions: 73->73
[225.082s][info][gc,heap        ] GC(1627) Humongous regions: 6->6
[225.082s][info][gc,metaspace   ] GC(1627) Metaspace: 73123K->73123K(1116160K)
[225.082s][info][gc             ] GC(1627) Pause Young (Normal) (G1 Evacuation Pause) 390M->77M(524M) 3.611ms
[225.082s][info][gc,cpu         ] GC(1627) User=0.00s Sys=0.00s Real=0.00s
[225.230s][info][gc,start       ] GC(1628) Pause Young (Normal) (G1 Evacuation Pause)
[225.230s][info][gc,task        ] GC(1628) Using 1 workers of 1 for evacuation
[225.234s][info][gc,phases      ] GC(1628)   Pre Evacuate Collection Set: 0.0ms
[225.234s][info][gc,phases      ] GC(1628)   Evacuate Collection Set: 2.8ms
[225.234s][info][gc,phases      ] GC(1628)   Post Evacuate Collection Set: 0.4ms
[225.234s][info][gc,phases      ] GC(1628)   Other: 0.4ms
[225.234s][info][gc,heap        ] GC(1628) Eden regions: 313->0(313)
[225.234s][info][gc,heap        ] GC(1628) Survivor regions: 1->1(40)
[225.234s][info][gc,heap        ] GC(1628) Old regions: 73->73
[225.234s][info][gc,heap        ] GC(1628) Humongous regions: 6->6
[225.234s][info][gc,metaspace   ] GC(1628) Metaspace: 73123K->73123K(1116160K)
[225.234s][info][gc             ] GC(1628) Pause Young (Normal) (G1 Evacuation Pause) 390M->77M(524M) 3.773ms
[225.234s][info][gc,cpu         ] GC(1628) User=0.00s Sys=0.00s Real=0.01s
[225.407s][info][gc,start       ] GC(1629) Pause Young (Normal) (G1 Evacuation Pause)
[225.407s][info][gc,task        ] GC(1629) Using 1 workers of 1 for evacuation
[225.411s][info][gc,phases      ] GC(1629)   Pre Evacuate Collection Set: 0.0ms
[225.411s][info][gc,phases      ] GC(1629)   Evacuate Collection Set: 3.2ms
[225.411s][info][gc,phases      ] GC(1629)   Post Evacuate Collection Set: 0.5ms
[225.411s][info][gc,phases      ] GC(1629)   Other: 0.4ms
[225.411s][info][gc,heap        ] GC(1629) Eden regions: 313->0(313)
[225.411s][info][gc,heap        ] GC(1629) Survivor regions: 1->1(40)
[225.411s][info][gc,heap        ] GC(1629) Old regions: 73->73
[225.411s][info][gc,heap        ] GC(1629) Humongous regions: 11->6
[225.411s][info][gc,metaspace   ] GC(1629) Metaspace: 73145K->73145K(1116160K)
[225.411s][info][gc             ] GC(1629) Pause Young (Normal) (G1 Evacuation Pause) 395M->78M(524M) 4.122ms
[225.411s][info][gc,cpu         ] GC(1629) User=0.01s Sys=0.00s Real=0.01s
[225.559s][info][gc,start       ] GC(1630) Pause Young (Normal) (G1 Evacuation Pause)
[225.559s][info][gc,task        ] GC(1630) Using 1 workers of 1 for evacuation
[225.563s][info][gc,phases      ] GC(1630)   Pre Evacuate Collection Set: 0.0ms
[225.563s][info][gc,phases      ] GC(1630)   Evacuate Collection Set: 3.1ms
[225.563s][info][gc,phases      ] GC(1630)   Post Evacuate Collection Set: 0.4ms
[225.563s][info][gc,phases      ] GC(1630)   Other: 0.3ms
[225.563s][info][gc,heap        ] GC(1630) Eden regions: 313->0(313)
[225.563s][info][gc,heap        ] GC(1630) Survivor regions: 1->1(40)
[225.563s][info][gc,heap        ] GC(1630) Old regions: 73->73
[225.563s][info][gc,heap        ] GC(1630) Humongous regions: 6->6
[225.563s][info][gc,metaspace   ] GC(1630) Metaspace: 73145K->73145K(1116160K)
[225.563s][info][gc             ] GC(1630) Pause Young (Normal) (G1 Evacuation Pause) 391M->78M(524M) 3.890ms
[225.563s][info][gc,cpu         ] GC(1630) User=0.01s Sys=0.00s Real=0.00s
[225.707s][info][gc,start       ] GC(1631) Pause Young (Normal) (G1 Evacuation Pause)
[225.707s][info][gc,task        ] GC(1631) Using 1 workers of 1 for evacuation
[225.711s][info][gc,phases      ] GC(1631)   Pre Evacuate Collection Set: 0.0ms
[225.711s][info][gc,phases      ] GC(1631)   Evacuate Collection Set: 2.9ms
[225.711s][info][gc,phases      ] GC(1631)   Post Evacuate Collection Set: 0.4ms
[225.711s][info][gc,phases      ] GC(1631)   Other: 0.3ms
[225.711s][info][gc,heap        ] GC(1631) Eden regions: 313->0(313)
[225.711s][info][gc,heap        ] GC(1631) Survivor regions: 1->1(40)
[225.711s][info][gc,heap        ] GC(1631) Old regions: 73->73
[225.711s][info][gc,heap        ] GC(1631) Humongous regions: 6->6
[225.711s][info][gc,metaspace   ] GC(1631) Metaspace: 73145K->73145K(1116160K)
[225.711s][info][gc             ] GC(1631) Pause Young (Normal) (G1 Evacuation Pause) 391M->78M(524M) 3.738ms
[225.711s][info][gc,cpu         ] GC(1631) User=0.00s Sys=0.00s Real=0.01s
[225.860s][info][gc,start       ] GC(1632) Pause Young (Normal) (G1 Evacuation Pause)
[225.860s][info][gc,task        ] GC(1632) Using 1 workers of 1 for evacuation
[225.863s][info][gc,phases      ] GC(1632)   Pre Evacuate Collection Set: 0.0ms
[225.863s][info][gc,phases      ] GC(1632)   Evacuate Collection Set: 2.8ms
[225.863s][info][gc,phases      ] GC(1632)   Post Evacuate Collection Set: 0.4ms
[225.863s][info][gc,phases      ] GC(1632)   Other: 0.3ms
[225.863s][info][gc,heap        ] GC(1632) Eden regions: 313->0(313)
[225.863s][info][gc,heap        ] GC(1632) Survivor regions: 1->1(40)
[225.863s][info][gc,heap        ] GC(1632) Old regions: 73->73
[225.863s][info][gc,heap        ] GC(1632) Humongous regions: 6->6
[225.863s][info][gc,metaspace   ] GC(1632) Metaspace: 73145K->73145K(1116160K)
[225.863s][info][gc             ] GC(1632) Pause Young (Normal) (G1 Evacuation Pause) 391M->78M(524M) 3.653ms
[225.863s][info][gc,cpu         ] GC(1632) User=0.01s Sys=0.00s Real=0.00s
[226.011s][info][gc,start       ] GC(1633) Pause Young (Normal) (G1 Evacuation Pause)
[226.011s][info][gc,task        ] GC(1633) Using 1 workers of 1 for evacuation
[226.014s][info][gc,phases      ] GC(1633)   Pre Evacuate Collection Set: 0.0ms
[226.014s][info][gc,phases      ] GC(1633)   Evacuate Collection Set: 2.9ms
[226.014s][info][gc,phases      ] GC(1633)   Post Evacuate Collection Set: 0.4ms
[226.014s][info][gc,phases      ] GC(1633)   Other: 0.3ms
[226.014s][info][gc,heap        ] GC(1633) Eden regions: 313->0(313)
[226.014s][info][gc,heap        ] GC(1633) Survivor regions: 1->1(40)
[226.014s][info][gc,heap        ] GC(1633) Old regions: 73->73
[226.014s][info][gc,heap        ] GC(1633) Humongous regions: 6->6
[226.014s][info][gc,metaspace   ] GC(1633) Metaspace: 73145K->73145K(1116160K)
[226.014s][info][gc             ] GC(1633) Pause Young (Normal) (G1 Evacuation Pause) 391M->78M(524M) 3.778ms
[226.014s][info][gc,cpu         ] GC(1633) User=0.01s Sys=0.00s Real=0.00s
[226.177s][info][gc,start       ] GC(1634) Pause Young (Normal) (G1 Evacuation Pause)
[226.177s][info][gc,task        ] GC(1634) Using 1 workers of 1 for evacuation
[226.181s][info][gc,phases      ] GC(1634)   Pre Evacuate Collection Set: 0.0ms
[226.181s][info][gc,phases      ] GC(1634)   Evacuate Collection Set: 2.9ms
[226.181s][info][gc,phases      ] GC(1634)   Post Evacuate Collection Set: 0.4ms
[226.181s][info][gc,phases      ] GC(1634)   Other: 0.3ms
[226.181s][info][gc,heap        ] GC(1634) Eden regions: 313->0(313)
[226.181s][info][gc,heap        ] GC(1634) Survivor regions: 1->1(40)
[226.181s][info][gc,heap        ] GC(1634) Old regions: 73->73
[226.181s][info][gc,heap        ] GC(1634) Humongous regions: 11->6
[226.181s][info][gc,metaspace   ] GC(1634) Metaspace: 73148K->73148K(1116160K)
[226.181s][info][gc             ] GC(1634) Pause Young (Normal) (G1 Evacuation Pause) 396M->77M(524M) 3.693ms
[226.181s][info][gc,cpu         ] GC(1634) User=0.00s Sys=0.00s Real=0.01s
[226.329s][info][gc,start       ] GC(1635) Pause Young (Normal) (G1 Evacuation Pause)
[226.329s][info][gc,task        ] GC(1635) Using 1 workers of 1 for evacuation
[226.332s][info][gc,phases      ] GC(1635)   Pre Evacuate Collection Set: 0.0ms
[226.332s][info][gc,phases      ] GC(1635)   Evacuate Collection Set: 2.9ms
[226.332s][info][gc,phases      ] GC(1635)   Post Evacuate Collection Set: 0.4ms
[226.332s][info][gc,phases      ] GC(1635)   Other: 0.4ms
[226.332s][info][gc,heap        ] GC(1635) Eden regions: 313->0(313)
[226.332s][info][gc,heap        ] GC(1635) Survivor regions: 1->1(40)
[226.332s][info][gc,heap        ] GC(1635) Old regions: 73->73
[226.332s][info][gc,heap        ] GC(1635) Humongous regions: 6->6
[226.332s][info][gc,metaspace   ] GC(1635) Metaspace: 73148K->73148K(1116160K)
[226.333s][info][gc             ] GC(1635) Pause Young (Normal) (G1 Evacuation Pause) 390M->77M(524M) 3.836ms
[226.333s][info][gc,cpu         ] GC(1635) User=0.00s Sys=0.00s Real=0.01s
[226.486s][info][gc,start       ] GC(1636) Pause Young (Normal) (G1 Evacuation Pause)
[226.486s][info][gc,task        ] GC(1636) Using 1 workers of 1 for evacuation
[226.489s][info][gc,phases      ] GC(1636)   Pre Evacuate Collection Set: 0.0ms
[226.489s][info][gc,phases      ] GC(1636)   Evacuate Collection Set: 2.7ms
[226.489s][info][gc,phases      ] GC(1636)   Post Evacuate Collection Set: 0.4ms
[226.489s][info][gc,phases      ] GC(1636)   Other: 0.4ms
[226.489s][info][gc,heap        ] GC(1636) Eden regions: 313->0(313)
[226.489s][info][gc,heap        ] GC(1636) Survivor regions: 1->1(40)
[226.489s][info][gc,heap        ] GC(1636) Old regions: 73->73
[226.489s][info][gc,heap        ] GC(1636) Humongous regions: 6->6
[226.489s][info][gc,metaspace   ] GC(1636) Metaspace: 73148K->73148K(1116160K)
[226.489s][info][gc             ] GC(1636) Pause Young (Normal) (G1 Evacuation Pause) 390M->77M(524M) 3.553ms
[226.489s][info][gc,cpu         ] GC(1636) User=0.00s Sys=0.00s Real=0.00s
[226.634s][info][gc,start       ] GC(1637) Pause Young (Normal) (G1 Evacuation Pause)
[226.634s][info][gc,task        ] GC(1637) Using 1 workers of 1 for evacuation
[226.637s][info][gc,phases      ] GC(1637)   Pre Evacuate Collection Set: 0.0ms
[226.637s][info][gc,phases      ] GC(1637)   Evacuate Collection Set: 2.8ms
[226.637s][info][gc,phases      ] GC(1637)   Post Evacuate Collection Set: 0.4ms
[226.637s][info][gc,phases      ] GC(1637)   Other: 0.4ms
[226.637s][info][gc,heap        ] GC(1637) Eden regions: 313->0(313)
[226.637s][info][gc,heap        ] GC(1637) Survivor regions: 1->1(40)
[226.637s][info][gc,heap        ] GC(1637) Old regions: 73->73
[226.637s][info][gc,heap        ] GC(1637) Humongous regions: 6->6
[226.637s][info][gc,metaspace   ] GC(1637) Metaspace: 73148K->73148K(1116160K)
[226.637s][info][gc             ] GC(1637) Pause Young (Normal) (G1 Evacuation Pause) 390M->77M(524M) 3.816ms
[226.637s][info][gc,cpu         ] GC(1637) User=0.00s Sys=0.00s Real=0.01s
[226.804s][info][gc,start       ] GC(1638) Pause Young (Normal) (G1 Evacuation Pause)
[226.804s][info][gc,task        ] GC(1638) Using 1 workers of 1 for evacuation
[226.808s][info][gc,phases      ] GC(1638)   Pre Evacuate Collection Set: 0.0ms
[226.808s][info][gc,phases      ] GC(1638)   Evacuate Collection Set: 3.0ms
[226.808s][info][gc,phases      ] GC(1638)   Post Evacuate Collection Set: 0.4ms
[226.808s][info][gc,phases      ] GC(1638)   Other: 0.3ms
[226.808s][info][gc,heap        ] GC(1638) Eden regions: 313->0(313)
[226.808s][info][gc,heap        ] GC(1638) Survivor regions: 1->1(40)
[226.808s][info][gc,heap        ] GC(1638) Old regions: 73->73
[226.808s][info][gc,heap        ] GC(1638) Humongous regions: 6->6
[226.808s][info][gc,metaspace   ] GC(1638) Metaspace: 73148K->73148K(1116160K)
[226.808s][info][gc             ] GC(1638) Pause Young (Normal) (G1 Evacuation Pause) 390M->78M(524M) 3.814ms
[226.808s][info][gc,cpu         ] GC(1638) User=0.00s Sys=0.00s Real=0.00s
[226.973s][info][gc,start       ] GC(1639) Pause Young (Normal) (G1 Evacuation Pause)
[226.973s][info][gc,task        ] GC(1639) Using 1 workers of 1 for evacuation
[226.977s][info][gc,phases      ] GC(1639)   Pre Evacuate Collection Set: 0.0ms
[226.977s][info][gc,phases      ] GC(1639)   Evacuate Collection Set: 3.4ms
[226.977s][info][gc,phases      ] GC(1639)   Post Evacuate Collection Set: 0.4ms
[226.977s][info][gc,phases      ] GC(1639)   Other: 0.5ms
[226.977s][info][gc,heap        ] GC(1639) Eden regions: 313->0(313)
[226.977s][info][gc,heap        ] GC(1639) Survivor regions: 1->1(40)
[226.977s][info][gc,heap        ] GC(1639) Old regions: 73->73
[226.977s][info][gc,heap        ] GC(1639) Humongous regions: 11->6
[226.977s][info][gc,metaspace   ] GC(1639) Metaspace: 73157K->73157K(1116160K)
[226.977s][info][gc             ] GC(1639) Pause Young (Normal) (G1 Evacuation Pause) 396M->78M(524M) 4.311ms
[226.977s][info][gc,cpu         ] GC(1639) User=0.00s Sys=0.00s Real=0.00s
[227.133s][info][gc,start       ] GC(1640) Pause Young (Normal) (G1 Evacuation Pause)
[227.133s][info][gc,task        ] GC(1640) Using 1 workers of 1 for evacuation
[227.137s][info][gc,phases      ] GC(1640)   Pre Evacuate Collection Set: 0.0ms
[227.137s][info][gc,phases      ] GC(1640)   Evacuate Collection Set: 3.4ms
[227.137s][info][gc,phases      ] GC(1640)   Post Evacuate Collection Set: 0.6ms
[227.137s][info][gc,phases      ] GC(1640)   Other: 0.3ms
[227.137s][info][gc,heap        ] GC(1640) Eden regions: 313->0(313)
[227.137s][info][gc,heap        ] GC(1640) Survivor regions: 1->1(40)
[227.137s][info][gc,heap        ] GC(1640) Old regions: 73->73
[227.137s][info][gc,heap        ] GC(1640) Humongous regions: 6->6
[227.137s][info][gc,metaspace   ] GC(1640) Metaspace: 73157K->73157K(1116160K)
[227.137s][info][gc             ] GC(1640) Pause Young (Normal) (G1 Evacuation Pause) 391M->78M(524M) 4.354ms
[227.137s][info][gc,cpu         ] GC(1640) User=0.00s Sys=0.00s Real=0.00s
[227.291s][info][gc,start       ] GC(1641) Pause Young (Normal) (G1 Evacuation Pause)
[227.291s][info][gc,task        ] GC(1641) Using 1 workers of 1 for evacuation
[227.295s][info][gc,phases      ] GC(1641)   Pre Evacuate Collection Set: 0.0ms
[227.295s][info][gc,phases      ] GC(1641)   Evacuate Collection Set: 2.9ms
[227.295s][info][gc,phases      ] GC(1641)   Post Evacuate Collection Set: 0.4ms
[227.295s][info][gc,phases      ] GC(1641)   Other: 0.4ms
[227.295s][info][gc,heap        ] GC(1641) Eden regions: 313->0(313)
[227.295s][info][gc,heap        ] GC(1641) Survivor regions: 1->1(40)
[227.295s][info][gc,heap        ] GC(1641) Old regions: 73->73
[227.295s][info][gc,heap        ] GC(1641) Humongous regions: 6->6
[227.295s][info][gc,metaspace   ] GC(1641) Metaspace: 73157K->73157K(1116160K)
[227.295s][info][gc             ] GC(1641) Pause Young (Normal) (G1 Evacuation Pause) 391M->78M(524M) 3.784ms
[227.295s][info][gc,cpu         ] GC(1641) User=0.00s Sys=0.00s Real=0.00s
[227.438s][info][gc,start       ] GC(1642) Pause Young (Normal) (G1 Evacuation Pause)
[227.438s][info][gc,task        ] GC(1642) Using 1 workers of 1 for evacuation
[227.442s][info][gc,phases      ] GC(1642)   Pre Evacuate Collection Set: 0.0ms
[227.442s][info][gc,phases      ] GC(1642)   Evacuate Collection Set: 2.9ms
[227.442s][info][gc,phases      ] GC(1642)   Post Evacuate Collection Set: 0.5ms
[227.442s][info][gc,phases      ] GC(1642)   Other: 0.3ms
[227.442s][info][gc,heap        ] GC(1642) Eden regions: 313->0(313)
[227.442s][info][gc,heap        ] GC(1642) Survivor regions: 1->1(40)
[227.442s][info][gc,heap        ] GC(1642) Old regions: 73->73
[227.442s][info][gc,heap        ] GC(1642) Humongous regions: 6->6
[227.442s][info][gc,metaspace   ] GC(1642) Metaspace: 73157K->73157K(1116160K)
[227.442s][info][gc             ] GC(1642) Pause Young (Normal) (G1 Evacuation Pause) 391M->78M(524M) 3.779ms
[227.442s][info][gc,cpu         ] GC(1642) User=0.00s Sys=0.00s Real=0.00s
[227.591s][info][gc,start       ] GC(1643) Pause Young (Normal) (G1 Evacuation Pause)
[227.592s][info][gc,task        ] GC(1643) Using 1 workers of 1 for evacuation
[227.595s][info][gc,phases      ] GC(1643)   Pre Evacuate Collection Set: 0.0ms
[227.595s][info][gc,phases      ] GC(1643)   Evacuate Collection Set: 3.3ms
[227.596s][info][gc,phases      ] GC(1643)   Post Evacuate Collection Set: 0.4ms
[227.596s][info][gc,phases      ] GC(1643)   Other: 0.3ms
[227.596s][info][gc,heap        ] GC(1643) Eden regions: 313->0(313)
[227.596s][info][gc,heap        ] GC(1643) Survivor regions: 1->1(40)
[227.596s][info][gc,heap        ] GC(1643) Old regions: 73->73
[227.596s][info][gc,heap        ] GC(1643) Humongous regions: 6->6
[227.596s][info][gc,metaspace   ] GC(1643) Metaspace: 73158K->73158K(1116160K)
[227.596s][info][gc             ] GC(1643) Pause Young (Normal) (G1 Evacuation Pause) 391M->78M(524M) 4.076ms
[227.596s][info][gc,cpu         ] GC(1643) User=0.01s Sys=0.00s Real=0.00s
[227.803s][info][gc,start       ] GC(1644) Pause Young (Normal) (G1 Evacuation Pause)
[227.803s][info][gc,task        ] GC(1644) Using 1 workers of 1 for evacuation
[227.807s][info][gc,phases      ] GC(1644)   Pre Evacuate Collection Set: 0.0ms
[227.807s][info][gc,phases      ] GC(1644)   Evacuate Collection Set: 3.5ms
[227.807s][info][gc,phases      ] GC(1644)   Post Evacuate Collection Set: 0.4ms
[227.807s][info][gc,phases      ] GC(1644)   Other: 0.5ms
[227.807s][info][gc,heap        ] GC(1644) Eden regions: 313->0(313)
[227.807s][info][gc,heap        ] GC(1644) Survivor regions: 1->1(40)
[227.807s][info][gc,heap        ] GC(1644) Old regions: 73->73
[227.807s][info][gc,heap        ] GC(1644) Humongous regions: 11->6
[227.807s][info][gc,metaspace   ] GC(1644) Metaspace: 73163K->73163K(1116160K)
[227.807s][info][gc             ] GC(1644) Pause Young (Normal) (G1 Evacuation Pause) 396M->78M(524M) 4.497ms
[227.807s][info][gc,cpu         ] GC(1644) User=0.01s Sys=0.00s Real=0.00s
[227.954s][info][gc,start       ] GC(1645) Pause Young (Normal) (G1 Evacuation Pause)
[227.954s][info][gc,task        ] GC(1645) Using 1 workers of 1 for evacuation
[227.959s][info][gc,phases      ] GC(1645)   Pre Evacuate Collection Set: 0.4ms
[227.959s][info][gc,phases      ] GC(1645)   Evacuate Collection Set: 3.3ms
[227.959s][info][gc,phases      ] GC(1645)   Post Evacuate Collection Set: 0.4ms
[227.959s][info][gc,phases      ] GC(1645)   Other: 0.3ms
[227.959s][info][gc,heap        ] GC(1645) Eden regions: 313->0(313)
[227.959s][info][gc,heap        ] GC(1645) Survivor regions: 1->1(40)
[227.959s][info][gc,heap        ] GC(1645) Old regions: 73->73
[227.959s][info][gc,heap        ] GC(1645) Humongous regions: 6->6
[227.959s][info][gc,metaspace   ] GC(1645) Metaspace: 73163K->73163K(1116160K)
[227.959s][info][gc             ] GC(1645) Pause Young (Normal) (G1 Evacuation Pause) 391M->78M(524M) 4.472ms
[227.959s][info][gc,cpu         ] GC(1645) User=0.01s Sys=0.00s Real=0.01s
[228.107s][info][gc,start       ] GC(1646) Pause Young (Normal) (G1 Evacuation Pause)
[228.107s][info][gc,task        ] GC(1646) Using 1 workers of 1 for evacuation
[228.111s][info][gc,phases      ] GC(1646)   Pre Evacuate Collection Set: 0.0ms
[228.111s][info][gc,phases      ] GC(1646)   Evacuate Collection Set: 3.4ms
[228.111s][info][gc,phases      ] GC(1646)   Post Evacuate Collection Set: 0.4ms
[228.111s][info][gc,phases      ] GC(1646)   Other: 0.4ms
[228.111s][info][gc,heap        ] GC(1646) Eden regions: 313->0(313)
[228.111s][info][gc,heap        ] GC(1646) Survivor regions: 1->1(40)
[228.111s][info][gc,heap        ] GC(1646) Old regions: 73->73
[228.111s][info][gc,heap        ] GC(1646) Humongous regions: 6->6
[228.111s][info][gc,metaspace   ] GC(1646) Metaspace: 73163K->73163K(1116160K)
[228.111s][info][gc             ] GC(1646) Pause Young (Normal) (G1 Evacuation Pause) 391M->78M(524M) 4.243ms
[228.111s][info][gc,cpu         ] GC(1646) User=0.00s Sys=0.00s Real=0.01s
[228.262s][info][gc,start       ] GC(1647) Pause Young (Normal) (G1 Evacuation Pause)
[228.263s][info][gc,task        ] GC(1647) Using 1 workers of 1 for evacuation
[228.267s][info][gc,phases      ] GC(1647)   Pre Evacuate Collection Set: 0.0ms
[228.267s][info][gc,phases      ] GC(1647)   Evacuate Collection Set: 3.4ms
[228.267s][info][gc,phases      ] GC(1647)   Post Evacuate Collection Set: 0.4ms
[228.267s][info][gc,phases      ] GC(1647)   Other: 0.3ms
[228.267s][info][gc,heap        ] GC(1647) Eden regions: 313->0(313)
[228.267s][info][gc,heap        ] GC(1647) Survivor regions: 1->1(40)
[228.267s][info][gc,heap        ] GC(1647) Old regions: 73->73
[228.267s][info][gc,heap        ] GC(1647) Humongous regions: 6->6
[228.267s][info][gc,metaspace   ] GC(1647) Metaspace: 73163K->73163K(1116160K)
[228.267s][info][gc             ] GC(1647) Pause Young (Normal) (G1 Evacuation Pause) 391M->78M(524M) 4.183ms
[228.267s][info][gc,cpu         ] GC(1647) User=0.01s Sys=0.00s Real=0.00s
[228.416s][info][gc,start       ] GC(1648) Pause Young (Normal) (G1 Evacuation Pause)
[228.417s][info][gc,task        ] GC(1648) Using 1 workers of 1 for evacuation
[228.421s][info][gc,phases      ] GC(1648)   Pre Evacuate Collection Set: 0.0ms
[228.421s][info][gc,phases      ] GC(1648)   Evacuate Collection Set: 3.7ms
[228.421s][info][gc,phases      ] GC(1648)   Post Evacuate Collection Set: 0.4ms
[228.421s][info][gc,phases      ] GC(1648)   Other: 0.4ms
[228.421s][info][gc,heap        ] GC(1648) Eden regions: 313->0(313)
[228.421s][info][gc,heap        ] GC(1648) Survivor regions: 1->1(40)
[228.421s][info][gc,heap        ] GC(1648) Old regions: 73->73
[228.421s][info][gc,heap        ] GC(1648) Humongous regions: 6->6
[228.421s][info][gc,metaspace   ] GC(1648) Metaspace: 73163K->73163K(1116160K)
[228.421s][info][gc             ] GC(1648) Pause Young (Normal) (G1 Evacuation Pause) 391M->78M(524M) 4.655ms
[228.421s][info][gc,cpu         ] GC(1648) User=0.00s Sys=0.00s Real=0.01s
[228.935s][info][gc,start       ] GC(1649) Pause Young (Normal) (G1 Evacuation Pause)
[228.936s][info][gc,task        ] GC(1649) Using 1 workers of 1 for evacuation
[228.957s][info][gc,phases      ] GC(1649)   Pre Evacuate Collection Set: 0.0ms
[228.957s][info][gc,phases      ] GC(1649)   Evacuate Collection Set: 20.8ms
[228.957s][info][gc,phases      ] GC(1649)   Post Evacuate Collection Set: 0.6ms
[228.957s][info][gc,phases      ] GC(1649)   Other: 0.5ms
[228.957s][info][gc,heap        ] GC(1649) Eden regions: 313->0(310)
[228.957s][info][gc,heap        ] GC(1649) Survivor regions: 1->4(40)
[228.957s][info][gc,heap        ] GC(1649) Old regions: 73->73
[228.957s][info][gc,heap        ] GC(1649) Humongous regions: 41->6
[228.957s][info][gc,metaspace   ] GC(1649) Metaspace: 73257K->73257K(1116160K)
[228.957s][info][gc             ] GC(1649) Pause Young (Normal) (G1 Evacuation Pause) 426M->81M(524M) 22.012ms
[228.957s][info][gc,cpu         ] GC(1649) User=0.01s Sys=0.00s Real=0.02s
[229.164s][info][gc,start       ] GC(1650) Pause Young (Normal) (G1 Evacuation Pause)
[229.164s][info][gc,task        ] GC(1650) Using 1 workers of 1 for evacuation
[229.183s][info][gc,phases      ] GC(1650)   Pre Evacuate Collection Set: 0.0ms
[229.183s][info][gc,phases      ] GC(1650)   Evacuate Collection Set: 18.5ms
[229.183s][info][gc,phases      ] GC(1650)   Post Evacuate Collection Set: 0.4ms
[229.183s][info][gc,phases      ] GC(1650)   Other: 0.4ms
[229.183s][info][gc,heap        ] GC(1650) Eden regions: 310->0(310)
[229.183s][info][gc,heap        ] GC(1650) Survivor regions: 4->4(40)
[229.183s][info][gc,heap        ] GC(1650) Old regions: 73->73
[229.183s][info][gc,heap        ] GC(1650) Humongous regions: 6->6
[229.183s][info][gc,metaspace   ] GC(1650) Metaspace: 73257K->73257K(1116160K)
[229.183s][info][gc             ] GC(1650) Pause Young (Normal) (G1 Evacuation Pause) 391M->81M(524M) 19.441ms
[229.183s][info][gc,cpu         ] GC(1650) User=0.01s Sys=0.00s Real=0.02s
[229.931s][info][gc,start       ] GC(1651) Pause Young (Normal) (G1 Evacuation Pause)
[229.931s][info][gc,task        ] GC(1651) Using 1 workers of 1 for evacuation
[229.939s][info][gc,phases      ] GC(1651)   Pre Evacuate Collection Set: 0.0ms
[229.939s][info][gc,phases      ] GC(1651)   Evacuate Collection Set: 6.9ms
[229.939s][info][gc,phases      ] GC(1651)   Post Evacuate Collection Set: 0.6ms
[229.939s][info][gc,phases      ] GC(1651)   Other: 0.4ms
[229.939s][info][gc,heap        ] GC(1651) Eden regions: 310->0(310)
[229.939s][info][gc,heap        ] GC(1651) Survivor regions: 4->4(40)
[229.939s][info][gc,heap        ] GC(1651) Old regions: 73->73
[229.939s][info][gc,heap        ] GC(1651) Humongous regions: 66->6
[229.939s][info][gc,metaspace   ] GC(1651) Metaspace: 73353K->73353K(1116160K)
[229.939s][info][gc             ] GC(1651) Pause Young (Normal) (G1 Evacuation Pause) 451M->81M(524M) 8.095ms
[229.939s][info][gc,cpu         ] GC(1651) User=0.01s Sys=0.01s Real=0.01s
[230.102s][info][gc,start       ] GC(1652) Pause Young (Normal) (G1 Evacuation Pause)
[230.102s][info][gc,task        ] GC(1652) Using 1 workers of 1 for evacuation
[230.109s][info][gc,phases      ] GC(1652)   Pre Evacuate Collection Set: 0.0ms
[230.109s][info][gc,phases      ] GC(1652)   Evacuate Collection Set: 6.3ms
[230.109s][info][gc,phases      ] GC(1652)   Post Evacuate Collection Set: 0.5ms
[230.109s][info][gc,phases      ] GC(1652)   Other: 0.4ms
[230.109s][info][gc,heap        ] GC(1652) Eden regions: 310->0(310)
[230.109s][info][gc,heap        ] GC(1652) Survivor regions: 4->4(40)
[230.109s][info][gc,heap        ] GC(1652) Old regions: 73->73
[230.109s][info][gc,heap        ] GC(1652) Humongous regions: 6->6
[230.109s][info][gc,metaspace   ] GC(1652) Metaspace: 73353K->73353K(1116160K)
[230.109s][info][gc             ] GC(1652) Pause Young (Normal) (G1 Evacuation Pause) 391M->81M(524M) 7.213ms
[230.109s][info][gc,cpu         ] GC(1652) User=0.01s Sys=0.00s Real=0.00s
[230.256s][info][gc,start       ] GC(1653) Pause Young (Normal) (G1 Evacuation Pause)
[230.256s][info][gc,task        ] GC(1653) Using 1 workers of 1 for evacuation
[230.263s][info][gc,phases      ] GC(1653)   Pre Evacuate Collection Set: 0.0ms
[230.263s][info][gc,phases      ] GC(1653)   Evacuate Collection Set: 6.2ms
[230.263s][info][gc,phases      ] GC(1653)   Post Evacuate Collection Set: 0.4ms
[230.263s][info][gc,phases      ] GC(1653)   Other: 0.4ms
[230.263s][info][gc,heap        ] GC(1653) Eden regions: 310->0(310)
[230.263s][info][gc,heap        ] GC(1653) Survivor regions: 4->4(40)
[230.263s][info][gc,heap        ] GC(1653) Old regions: 73->73
[230.263s][info][gc,heap        ] GC(1653) Humongous regions: 6->6
[230.263s][info][gc,metaspace   ] GC(1653) Metaspace: 73353K->73353K(1116160K)
[230.263s][info][gc             ] GC(1653) Pause Young (Normal) (G1 Evacuation Pause) 391M->81M(524M) 7.143ms
[230.263s][info][gc,cpu         ] GC(1653) User=0.01s Sys=0.00s Real=0.01s
[230.411s][info][gc,start       ] GC(1654) Pause Young (Normal) (G1 Evacuation Pause)
[230.411s][info][gc,task        ] GC(1654) Using 1 workers of 1 for evacuation
[230.418s][info][gc,phases      ] GC(1654)   Pre Evacuate Collection Set: 0.0ms
[230.418s][info][gc,phases      ] GC(1654)   Evacuate Collection Set: 6.0ms
[230.418s][info][gc,phases      ] GC(1654)   Post Evacuate Collection Set: 0.4ms
[230.418s][info][gc,phases      ] GC(1654)   Other: 0.3ms
[230.418s][info][gc,heap        ] GC(1654) Eden regions: 310->0(310)
[230.418s][info][gc,heap        ] GC(1654) Survivor regions: 4->4(40)
[230.418s][info][gc,heap        ] GC(1654) Old regions: 73->73
[230.418s][info][gc,heap        ] GC(1654) Humongous regions: 6->6
[230.418s][info][gc,metaspace   ] GC(1654) Metaspace: 73353K->73353K(1116160K)
[230.418s][info][gc             ] GC(1654) Pause Young (Normal) (G1 Evacuation Pause) 391M->81M(524M) 6.822ms
[230.418s][info][gc,cpu         ] GC(1654) User=0.00s Sys=0.00s Real=0.00s
[230.567s][info][gc,start       ] GC(1655) Pause Young (Normal) (G1 Evacuation Pause)
[230.567s][info][gc,task        ] GC(1655) Using 1 workers of 1 for evacuation
[230.573s][info][gc,phases      ] GC(1655)   Pre Evacuate Collection Set: 0.0ms
[230.573s][info][gc,phases      ] GC(1655)   Evacuate Collection Set: 5.9ms
[230.573s][info][gc,phases      ] GC(1655)   Post Evacuate Collection Set: 0.4ms
[230.573s][info][gc,phases      ] GC(1655)   Other: 0.4ms
[230.573s][info][gc,heap        ] GC(1655) Eden regions: 310->0(310)
[230.573s][info][gc,heap        ] GC(1655) Survivor regions: 4->4(40)
[230.573s][info][gc,heap        ] GC(1655) Old regions: 73->73
[230.573s][info][gc,heap        ] GC(1655) Humongous regions: 6->6
[230.573s][info][gc,metaspace   ] GC(1655) Metaspace: 73353K->73353K(1116160K)
[230.573s][info][gc             ] GC(1655) Pause Young (Normal) (G1 Evacuation Pause) 391M->81M(524M) 6.843ms
[230.574s][info][gc,cpu         ] GC(1655) User=0.00s Sys=0.00s Real=0.01s
[230.724s][info][gc,start       ] GC(1656) Pause Young (Normal) (G1 Evacuation Pause)
[230.724s][info][gc,task        ] GC(1656) Using 1 workers of 1 for evacuation
[230.731s][info][gc,phases      ] GC(1656)   Pre Evacuate Collection Set: 0.0ms
[230.731s][info][gc,phases      ] GC(1656)   Evacuate Collection Set: 6.6ms
[230.731s][info][gc,phases      ] GC(1656)   Post Evacuate Collection Set: 0.4ms
[230.731s][info][gc,phases      ] GC(1656)   Other: 0.3ms
[230.731s][info][gc,heap        ] GC(1656) Eden regions: 310->0(310)
[230.731s][info][gc,heap        ] GC(1656) Survivor regions: 4->4(40)
[230.731s][info][gc,heap        ] GC(1656) Old regions: 73->73
[230.731s][info][gc,heap        ] GC(1656) Humongous regions: 6->6
[230.731s][info][gc,metaspace   ] GC(1656) Metaspace: 73353K->73353K(1116160K)
[230.731s][info][gc             ] GC(1656) Pause Young (Normal) (G1 Evacuation Pause) 391M->81M(524M) 7.458ms
[230.731s][info][gc,cpu         ] GC(1656) User=0.01s Sys=0.00s Real=0.01s
[230.902s][info][gc,start       ] GC(1657) Pause Young (Normal) (G1 Evacuation Pause)
[230.902s][info][gc,task        ] GC(1657) Using 1 workers of 1 for evacuation
[230.909s][info][gc,phases      ] GC(1657)   Pre Evacuate Collection Set: 0.0ms
[230.909s][info][gc,phases      ] GC(1657)   Evacuate Collection Set: 6.3ms
[230.909s][info][gc,phases      ] GC(1657)   Post Evacuate Collection Set: 0.4ms
[230.909s][info][gc,phases      ] GC(1657)   Other: 0.4ms
[230.909s][info][gc,heap        ] GC(1657) Eden regions: 310->0(310)
[230.909s][info][gc,heap        ] GC(1657) Survivor regions: 4->4(40)
[230.909s][info][gc,heap        ] GC(1657) Old regions: 73->73
[230.909s][info][gc,heap        ] GC(1657) Humongous regions: 6->6
[230.909s][info][gc,metaspace   ] GC(1657) Metaspace: 73353K->73353K(1116160K)
[230.909s][info][gc             ] GC(1657) Pause Young (Normal) (G1 Evacuation Pause) 391M->81M(524M) 7.215ms
[230.909s][info][gc,cpu         ] GC(1657) User=0.00s Sys=0.00s Real=0.00s
[231.056s][info][gc,start       ] GC(1658) Pause Young (Normal) (G1 Evacuation Pause)
[231.056s][info][gc,task        ] GC(1658) Using 1 workers of 1 for evacuation
[231.063s][info][gc,phases      ] GC(1658)   Pre Evacuate Collection Set: 0.0ms
[231.063s][info][gc,phases      ] GC(1658)   Evacuate Collection Set: 6.4ms
[231.063s][info][gc,phases      ] GC(1658)   Post Evacuate Collection Set: 0.4ms
[231.063s][info][gc,phases      ] GC(1658)   Other: 0.4ms
[231.063s][info][gc,heap        ] GC(1658) Eden regions: 310->0(310)
[231.063s][info][gc,heap        ] GC(1658) Survivor regions: 4->4(40)
[231.063s][info][gc,heap        ] GC(1658) Old regions: 73->73
[231.063s][info][gc,heap        ] GC(1658) Humongous regions: 6->6
[231.063s][info][gc,metaspace   ] GC(1658) Metaspace: 73353K->73353K(1116160K)
[231.063s][info][gc             ] GC(1658) Pause Young (Normal) (G1 Evacuation Pause) 391M->81M(524M) 7.334ms
[231.063s][info][gc,cpu         ] GC(1658) User=0.01s Sys=0.00s Real=0.01s
[231.409s][info][gc,start       ] GC(1659) Pause Young (Normal) (G1 Evacuation Pause)
[231.410s][info][gc,task        ] GC(1659) Using 1 workers of 1 for evacuation
[231.418s][info][gc,phases      ] GC(1659)   Pre Evacuate Collection Set: 0.1ms
[231.418s][info][gc,phases      ] GC(1659)   Evacuate Collection Set: 7.7ms
[231.418s][info][gc,phases      ] GC(1659)   Post Evacuate Collection Set: 0.5ms
[231.418s][info][gc,phases      ] GC(1659)   Other: 0.4ms
[231.418s][info][gc,heap        ] GC(1659) Eden regions: 310->0(308)
[231.418s][info][gc,heap        ] GC(1659) Survivor regions: 4->6(40)
[231.418s][info][gc,heap        ] GC(1659) Old regions: 73->73
[231.418s][info][gc,heap        ] GC(1659) Humongous regions: 31->6
[231.418s][info][gc,metaspace   ] GC(1659) Metaspace: 73369K->73369K(1116160K)
[231.418s][info][gc             ] GC(1659) Pause Young (Normal) (G1 Evacuation Pause) 416M->83M(524M) 8.708ms
[231.418s][info][gc,cpu         ] GC(1659) User=0.01s Sys=0.00s Real=0.02s
[231.563s][info][gc,start       ] GC(1660) Pause Young (Normal) (G1 Evacuation Pause)
[231.563s][info][gc,task        ] GC(1660) Using 1 workers of 1 for evacuation
[231.570s][info][gc,phases      ] GC(1660)   Pre Evacuate Collection Set: 0.0ms
[231.570s][info][gc,phases      ] GC(1660)   Evacuate Collection Set: 7.1ms
[231.570s][info][gc,phases      ] GC(1660)   Post Evacuate Collection Set: 0.5ms
[231.570s][info][gc,phases      ] GC(1660)   Other: 0.3ms
[231.570s][info][gc,heap        ] GC(1660) Eden regions: 308->0(309)
[231.570s][info][gc,heap        ] GC(1660) Survivor regions: 6->5(40)
[231.570s][info][gc,heap        ] GC(1660) Old regions: 73->73
[231.570s][info][gc,heap        ] GC(1660) Humongous regions: 6->6
[231.570s][info][gc,metaspace   ] GC(1660) Metaspace: 73369K->73369K(1116160K)
[231.570s][info][gc             ] GC(1660) Pause Young (Normal) (G1 Evacuation Pause) 391M->82M(524M) 7.939ms
[231.571s][info][gc,cpu         ] GC(1660) User=0.01s Sys=0.00s Real=0.01s
[231.719s][info][gc,start       ] GC(1661) Pause Young (Normal) (G1 Evacuation Pause)
[231.719s][info][gc,task        ] GC(1661) Using 1 workers of 1 for evacuation
[231.727s][info][gc,phases      ] GC(1661)   Pre Evacuate Collection Set: 0.1ms
[231.727s][info][gc,phases      ] GC(1661)   Evacuate Collection Set: 6.9ms
[231.727s][info][gc,phases      ] GC(1661)   Post Evacuate Collection Set: 0.4ms
[231.727s][info][gc,phases      ] GC(1661)   Other: 0.4ms
[231.727s][info][gc,heap        ] GC(1661) Eden regions: 309->0(309)
[231.727s][info][gc,heap        ] GC(1661) Survivor regions: 5->5(40)
[231.727s][info][gc,heap        ] GC(1661) Old regions: 73->73
[231.727s][info][gc,heap        ] GC(1661) Humongous regions: 6->6
[231.727s][info][gc,metaspace   ] GC(1661) Metaspace: 73369K->73369K(1116160K)
[231.727s][info][gc             ] GC(1661) Pause Young (Normal) (G1 Evacuation Pause) 391M->82M(524M) 7.765ms
[231.727s][info][gc,cpu         ] GC(1661) User=0.01s Sys=0.00s Real=0.00s
[231.878s][info][gc,start       ] GC(1662) Pause Young (Normal) (G1 Evacuation Pause)
[231.879s][info][gc,task        ] GC(1662) Using 1 workers of 1 for evacuation
[231.886s][info][gc,phases      ] GC(1662)   Pre Evacuate Collection Set: 0.0ms
[231.886s][info][gc,phases      ] GC(1662)   Evacuate Collection Set: 6.9ms
[231.886s][info][gc,phases      ] GC(1662)   Post Evacuate Collection Set: 0.5ms
[231.886s][info][gc,phases      ] GC(1662)   Other: 0.4ms
[231.886s][info][gc,heap        ] GC(1662) Eden regions: 309->0(309)
[231.886s][info][gc,heap        ] GC(1662) Survivor regions: 5->5(40)
[231.886s][info][gc,heap        ] GC(1662) Old regions: 73->73
[231.886s][info][gc,heap        ] GC(1662) Humongous regions: 6->6
[231.886s][info][gc,metaspace   ] GC(1662) Metaspace: 73369K->73369K(1116160K)
[231.886s][info][gc             ] GC(1662) Pause Young (Normal) (G1 Evacuation Pause) 391M->82M(524M) 7.803ms
[231.886s][info][gc,cpu         ] GC(1662) User=0.01s Sys=0.00s Real=0.00s
[232.029s][info][gc,start       ] GC(1663) Pause Young (Normal) (G1 Evacuation Pause)
[232.029s][info][gc,task        ] GC(1663) Using 1 workers of 1 for evacuation
[232.037s][info][gc,phases      ] GC(1663)   Pre Evacuate Collection Set: 0.0ms
[232.037s][info][gc,phases      ] GC(1663)   Evacuate Collection Set: 6.8ms
[232.037s][info][gc,phases      ] GC(1663)   Post Evacuate Collection Set: 0.4ms
[232.037s][info][gc,phases      ] GC(1663)   Other: 0.4ms
[232.037s][info][gc,heap        ] GC(1663) Eden regions: 309->0(309)
[232.037s][info][gc,heap        ] GC(1663) Survivor regions: 5->5(40)
[232.037s][info][gc,heap        ] GC(1663) Old regions: 73->73
[232.037s][info][gc,heap        ] GC(1663) Humongous regions: 6->6
[232.037s][info][gc,metaspace   ] GC(1663) Metaspace: 73369K->73369K(1116160K)
[232.037s][info][gc             ] GC(1663) Pause Young (Normal) (G1 Evacuation Pause) 391M->82M(524M) 7.686ms
[232.037s][info][gc,cpu         ] GC(1663) User=0.00s Sys=0.00s Real=0.01s
[232.180s][info][gc,start       ] GC(1664) Pause Young (Normal) (G1 Evacuation Pause)
[232.180s][info][gc,task        ] GC(1664) Using 1 workers of 1 for evacuation
[232.188s][info][gc,phases      ] GC(1664)   Pre Evacuate Collection Set: 0.0ms
[232.188s][info][gc,phases      ] GC(1664)   Evacuate Collection Set: 6.9ms
[232.188s][info][gc,phases      ] GC(1664)   Post Evacuate Collection Set: 0.4ms
[232.188s][info][gc,phases      ] GC(1664)   Other: 0.3ms
[232.188s][info][gc,heap        ] GC(1664) Eden regions: 309->0(310)
[232.188s][info][gc,heap        ] GC(1664) Survivor regions: 5->4(40)
[232.188s][info][gc,heap        ] GC(1664) Old regions: 73->74
[232.188s][info][gc,heap        ] GC(1664) Humongous regions: 6->6
[232.188s][info][gc,metaspace   ] GC(1664) Metaspace: 73369K->73369K(1116160K)
[232.188s][info][gc             ] GC(1664) Pause Young (Normal) (G1 Evacuation Pause) 391M->82M(524M) 7.738ms
[232.188s][info][gc,cpu         ] GC(1664) User=0.00s Sys=0.00s Real=0.00s
[232.335s][info][gc,start       ] GC(1665) Pause Young (Normal) (G1 Evacuation Pause)
[232.336s][info][gc,task        ] GC(1665) Using 1 workers of 1 for evacuation
[232.341s][info][gc,phases      ] GC(1665)   Pre Evacuate Collection Set: 0.0ms
[232.341s][info][gc,phases      ] GC(1665)   Evacuate Collection Set: 5.2ms
[232.341s][info][gc,phases      ] GC(1665)   Post Evacuate Collection Set: 0.4ms
[232.341s][info][gc,phases      ] GC(1665)   Other: 0.3ms
[232.341s][info][gc,heap        ] GC(1665) Eden regions: 310->0(310)
[232.341s][info][gc,heap        ] GC(1665) Survivor regions: 4->4(40)
[232.341s][info][gc,heap        ] GC(1665) Old regions: 74->75
[232.341s][info][gc,heap        ] GC(1665) Humongous regions: 6->6
[232.341s][info][gc,metaspace   ] GC(1665) Metaspace: 73369K->73369K(1116160K)
[232.342s][info][gc             ] GC(1665) Pause Young (Normal) (G1 Evacuation Pause) 392M->83M(524M) 6.007ms
[232.342s][info][gc,cpu         ] GC(1665) User=0.01s Sys=0.00s Real=0.01s
[232.487s][info][gc,start       ] GC(1666) Pause Young (Normal) (G1 Evacuation Pause)
[232.487s][info][gc,task        ] GC(1666) Using 1 workers of 1 for evacuation
[232.493s][info][gc,phases      ] GC(1666)   Pre Evacuate Collection Set: 0.0ms
[232.493s][info][gc,phases      ] GC(1666)   Evacuate Collection Set: 5.2ms
[232.493s][info][gc,phases      ] GC(1666)   Post Evacuate Collection Set: 0.4ms
[232.493s][info][gc,phases      ] GC(1666)   Other: 0.4ms
[232.493s][info][gc,heap        ] GC(1666) Eden regions: 310->0(312)
[232.493s][info][gc,heap        ] GC(1666) Survivor regions: 4->2(40)
[232.493s][info][gc,heap        ] GC(1666) Old regions: 75->77
[232.493s][info][gc,heap        ] GC(1666) Humongous regions: 6->6
[232.493s][info][gc,metaspace   ] GC(1666) Metaspace: 73369K->73369K(1116160K)
[232.493s][info][gc             ] GC(1666) Pause Young (Normal) (G1 Evacuation Pause) 393M->83M(524M) 6.066ms
[232.493s][info][gc,cpu         ] GC(1666) User=0.01s Sys=0.00s Real=0.01s
[232.652s][info][gc,start       ] GC(1667) Pause Young (Normal) (G1 Evacuation Pause)
[232.652s][info][gc,task        ] GC(1667) Using 1 workers of 1 for evacuation
[232.657s][info][gc,phases      ] GC(1667)   Pre Evacuate Collection Set: 0.0ms
[232.657s][info][gc,phases      ] GC(1667)   Evacuate Collection Set: 4.0ms
[232.657s][info][gc,phases      ] GC(1667)   Post Evacuate Collection Set: 0.5ms
[232.657s][info][gc,phases      ] GC(1667)   Other: 0.4ms
[232.657s][info][gc,heap        ] GC(1667) Eden regions: 312->0(312)
[232.657s][info][gc,heap        ] GC(1667) Survivor regions: 2->2(40)
[232.657s][info][gc,heap        ] GC(1667) Old regions: 77->77
[232.657s][info][gc,heap        ] GC(1667) Humongous regions: 11->6
[232.657s][info][gc,metaspace   ] GC(1667) Metaspace: 73380K->73380K(1116160K)
[232.657s][info][gc             ] GC(1667) Pause Young (Normal) (G1 Evacuation Pause) 400M->82M(524M) 4.938ms
[232.657s][info][gc,cpu         ] GC(1667) User=0.01s Sys=0.00s Real=0.00s
[232.806s][info][gc,start       ] GC(1668) Pause Young (Normal) (G1 Evacuation Pause)
[232.806s][info][gc,task        ] GC(1668) Using 1 workers of 1 for evacuation
[232.811s][info][gc,phases      ] GC(1668)   Pre Evacuate Collection Set: 0.0ms
[232.811s][info][gc,phases      ] GC(1668)   Evacuate Collection Set: 3.9ms
[232.811s][info][gc,phases      ] GC(1668)   Post Evacuate Collection Set: 0.4ms
[232.811s][info][gc,phases      ] GC(1668)   Other: 0.4ms
[232.811s][info][gc,heap        ] GC(1668) Eden regions: 312->0(312)
[232.811s][info][gc,heap        ] GC(1668) Survivor regions: 2->2(40)
[232.811s][info][gc,heap        ] GC(1668) Old regions: 77->77
[232.811s][info][gc,heap        ] GC(1668) Humongous regions: 6->6
[232.811s][info][gc,metaspace   ] GC(1668) Metaspace: 73380K->73380K(1116160K)
[232.811s][info][gc             ] GC(1668) Pause Young (Normal) (G1 Evacuation Pause) 394M->82M(524M) 4.745ms
[232.811s][info][gc,cpu         ] GC(1668) User=0.00s Sys=0.00s Real=0.01s
[232.955s][info][gc,start       ] GC(1669) Pause Young (Normal) (G1 Evacuation Pause)
[232.955s][info][gc,task        ] GC(1669) Using 1 workers of 1 for evacuation
[232.960s][info][gc,phases      ] GC(1669)   Pre Evacuate Collection Set: 0.0ms
[232.960s][info][gc,phases      ] GC(1669)   Evacuate Collection Set: 3.8ms
[232.960s][info][gc,phases      ] GC(1669)   Post Evacuate Collection Set: 0.5ms
[232.960s][info][gc,phases      ] GC(1669)   Other: 0.4ms
[232.960s][info][gc,heap        ] GC(1669) Eden regions: 312->0(312)
[232.960s][info][gc,heap        ] GC(1669) Survivor regions: 2->2(40)
[232.960s][info][gc,heap        ] GC(1669) Old regions: 77->77
[232.960s][info][gc,heap        ] GC(1669) Humongous regions: 6->6
[232.960s][info][gc,metaspace   ] GC(1669) Metaspace: 73380K->73380K(1116160K)
[232.960s][info][gc             ] GC(1669) Pause Young (Normal) (G1 Evacuation Pause) 394M->82M(524M) 4.812ms
[232.960s][info][gc,cpu         ] GC(1669) User=0.00s Sys=0.00s Real=0.01s
[233.110s][info][gc,start       ] GC(1670) Pause Young (Normal) (G1 Evacuation Pause)
[233.110s][info][gc,task        ] GC(1670) Using 1 workers of 1 for evacuation
[233.115s][info][gc,phases      ] GC(1670)   Pre Evacuate Collection Set: 0.0ms
[233.115s][info][gc,phases      ] GC(1670)   Evacuate Collection Set: 3.9ms
[233.115s][info][gc,phases      ] GC(1670)   Post Evacuate Collection Set: 0.5ms
[233.115s][info][gc,phases      ] GC(1670)   Other: 0.4ms
[233.115s][info][gc,heap        ] GC(1670) Eden regions: 312->0(312)
[233.115s][info][gc,heap        ] GC(1670) Survivor regions: 2->2(40)
[233.115s][info][gc,heap        ] GC(1670) Old regions: 77->77
[233.115s][info][gc,heap        ] GC(1670) Humongous regions: 6->6
[233.115s][info][gc,metaspace   ] GC(1670) Metaspace: 73380K->73380K(1116160K)
[233.115s][info][gc             ] GC(1670) Pause Young (Normal) (G1 Evacuation Pause) 394M->83M(524M) 4.835ms
[233.115s][info][gc,cpu         ] GC(1670) User=0.00s Sys=0.00s Real=0.00s
[233.259s][info][gc,start       ] GC(1671) Pause Young (Normal) (G1 Evacuation Pause)
[233.260s][info][gc,task        ] GC(1671) Using 1 workers of 1 for evacuation
[233.264s][info][gc,phases      ] GC(1671)   Pre Evacuate Collection Set: 0.0ms
[233.264s][info][gc,phases      ] GC(1671)   Evacuate Collection Set: 3.8ms
[233.264s][info][gc,phases      ] GC(1671)   Post Evacuate Collection Set: 0.4ms
[233.264s][info][gc,phases      ] GC(1671)   Other: 0.4ms
[233.264s][info][gc,heap        ] GC(1671) Eden regions: 312->0(312)
[233.264s][info][gc,heap        ] GC(1671) Survivor regions: 2->2(40)
[233.264s][info][gc,heap        ] GC(1671) Old regions: 77->77
[233.264s][info][gc,heap        ] GC(1671) Humongous regions: 6->6
[233.264s][info][gc,metaspace   ] GC(1671) Metaspace: 73380K->73380K(1116160K)
[233.264s][info][gc             ] GC(1671) Pause Young (Normal) (G1 Evacuation Pause) 395M->83M(524M) 4.673ms
[233.264s][info][gc,cpu         ] GC(1671) User=0.00s Sys=0.00s Real=0.00s
[233.410s][info][gc,start       ] GC(1672) Pause Young (Normal) (G1 Evacuation Pause)
[233.410s][info][gc,task        ] GC(1672) Using 1 workers of 1 for evacuation
[233.415s][info][gc,phases      ] GC(1672)   Pre Evacuate Collection Set: 0.0ms
[233.415s][info][gc,phases      ] GC(1672)   Evacuate Collection Set: 3.9ms
[233.415s][info][gc,phases      ] GC(1672)   Post Evacuate Collection Set: 0.4ms
[233.415s][info][gc,phases      ] GC(1672)   Other: 0.4ms
[233.415s][info][gc,heap        ] GC(1672) Eden regions: 312->0(312)
[233.415s][info][gc,heap        ] GC(1672) Survivor regions: 2->2(40)
[233.415s][info][gc,heap        ] GC(1672) Old regions: 77->77
[233.415s][info][gc,heap        ] GC(1672) Humongous regions: 6->6
[233.415s][info][gc,metaspace   ] GC(1672) Metaspace: 73380K->73380K(1116160K)
[233.415s][info][gc             ] GC(1672) Pause Young (Normal) (G1 Evacuation Pause) 395M->83M(524M) 4.804ms
[233.415s][info][gc,cpu         ] GC(1672) User=0.00s Sys=0.00s Real=0.00s
[233.562s][info][gc,start       ] GC(1673) Pause Young (Normal) (G1 Evacuation Pause)
[233.562s][info][gc,task        ] GC(1673) Using 1 workers of 1 for evacuation
[233.567s][info][gc,phases      ] GC(1673)   Pre Evacuate Collection Set: 0.0ms
[233.567s][info][gc,phases      ] GC(1673)   Evacuate Collection Set: 3.8ms
[233.567s][info][gc,phases      ] GC(1673)   Post Evacuate Collection Set: 0.4ms
[233.567s][info][gc,phases      ] GC(1673)   Other: 0.3ms
[233.567s][info][gc,heap        ] GC(1673) Eden regions: 312->0(312)
[233.567s][info][gc,heap        ] GC(1673) Survivor regions: 2->2(40)
[233.567s][info][gc,heap        ] GC(1673) Old regions: 77->77
[233.567s][info][gc,heap        ] GC(1673) Humongous regions: 6->6
[233.567s][info][gc,metaspace   ] GC(1673) Metaspace: 73380K->73380K(1116160K)
[233.567s][info][gc             ] GC(1673) Pause Young (Normal) (G1 Evacuation Pause) 395M->83M(524M) 4.648ms
[233.567s][info][gc,cpu         ] GC(1673) User=0.01s Sys=0.00s Real=0.00s
[233.837s][info][gc,start       ] GC(1674) Pause Young (Normal) (G1 Evacuation Pause)
[233.837s][info][gc,task        ] GC(1674) Using 1 workers of 1 for evacuation
[233.842s][info][gc,phases      ] GC(1674)   Pre Evacuate Collection Set: 0.0ms
[233.842s][info][gc,phases      ] GC(1674)   Evacuate Collection Set: 3.9ms
[233.842s][info][gc,phases      ] GC(1674)   Post Evacuate Collection Set: 0.4ms
[233.842s][info][gc,phases      ] GC(1674)   Other: 0.4ms
[233.842s][info][gc,heap        ] GC(1674) Eden regions: 312->0(313)
[233.842s][info][gc,heap        ] GC(1674) Survivor regions: 2->1(40)
[233.842s][info][gc,heap        ] GC(1674) Old regions: 77->78
[233.842s][info][gc,heap        ] GC(1674) Humongous regions: 11->6
[233.842s][info][gc,metaspace   ] GC(1674) Metaspace: 73410K->73410K(1116160K)
[233.842s][info][gc             ] GC(1674) Pause Young (Normal) (G1 Evacuation Pause) 400M->83M(524M) 4.805ms
[233.842s][info][gc,cpu         ] GC(1674) User=0.00s Sys=0.00s Real=0.01s
[233.987s][info][gc,start       ] GC(1675) Pause Young (Normal) (G1 Evacuation Pause)
[233.988s][info][gc,task        ] GC(1675) Using 1 workers of 1 for evacuation
[233.992s][info][gc,phases      ] GC(1675)   Pre Evacuate Collection Set: 0.0ms
[233.992s][info][gc,phases      ] GC(1675)   Evacuate Collection Set: 3.1ms
[233.992s][info][gc,phases      ] GC(1675)   Post Evacuate Collection Set: 0.4ms
[233.992s][info][gc,phases      ] GC(1675)   Other: 0.7ms
[233.992s][info][gc,heap        ] GC(1675) Eden regions: 313->0(313)
[233.992s][info][gc,heap        ] GC(1675) Survivor regions: 1->1(40)
[233.992s][info][gc,heap        ] GC(1675) Old regions: 78->78
[233.992s][info][gc,heap        ] GC(1675) Humongous regions: 6->6
[233.992s][info][gc,metaspace   ] GC(1675) Metaspace: 73410K->73410K(1116160K)
[233.992s][info][gc             ] GC(1675) Pause Young (Normal) (G1 Evacuation Pause) 396M->83M(524M) 4.303ms
[233.992s][info][gc,cpu         ] GC(1675) User=0.00s Sys=0.00s Real=0.01s
[234.138s][info][gc,start       ] GC(1676) Pause Young (Normal) (G1 Evacuation Pause)
[234.138s][info][gc,task        ] GC(1676) Using 1 workers of 1 for evacuation
[234.142s][info][gc,phases      ] GC(1676)   Pre Evacuate Collection Set: 0.0ms
[234.142s][info][gc,phases      ] GC(1676)   Evacuate Collection Set: 2.9ms
[234.142s][info][gc,phases      ] GC(1676)   Post Evacuate Collection Set: 0.4ms
[234.142s][info][gc,phases      ] GC(1676)   Other: 0.3ms
[234.142s][info][gc,heap        ] GC(1676) Eden regions: 313->0(313)
[234.142s][info][gc,heap        ] GC(1676) Survivor regions: 1->1(40)
[234.142s][info][gc,heap        ] GC(1676) Old regions: 78->78
[234.142s][info][gc,heap        ] GC(1676) Humongous regions: 6->6
[234.142s][info][gc,metaspace   ] GC(1676) Metaspace: 73410K->73410K(1116160K)
[234.142s][info][gc             ] GC(1676) Pause Young (Normal) (G1 Evacuation Pause) 396M->83M(524M) 3.881ms
[234.142s][info][gc,cpu         ] GC(1676) User=0.00s Sys=0.00s Real=0.00s
[234.290s][info][gc,start       ] GC(1677) Pause Young (Normal) (G1 Evacuation Pause)
[234.290s][info][gc,task        ] GC(1677) Using 1 workers of 1 for evacuation
[234.293s][info][gc,phases      ] GC(1677)   Pre Evacuate Collection Set: 0.0ms
[234.293s][info][gc,phases      ] GC(1677)   Evacuate Collection Set: 2.8ms
[234.293s][info][gc,phases      ] GC(1677)   Post Evacuate Collection Set: 0.4ms
[234.293s][info][gc,phases      ] GC(1677)   Other: 0.4ms
[234.293s][info][gc,heap        ] GC(1677) Eden regions: 313->0(313)
[234.293s][info][gc,heap        ] GC(1677) Survivor regions: 1->1(40)
[234.293s][info][gc,heap        ] GC(1677) Old regions: 78->78
[234.293s][info][gc,heap        ] GC(1677) Humongous regions: 6->6
[234.293s][info][gc,metaspace   ] GC(1677) Metaspace: 73410K->73410K(1116160K)
[234.293s][info][gc             ] GC(1677) Pause Young (Normal) (G1 Evacuation Pause) 396M->83M(524M) 3.674ms
[234.294s][info][gc,cpu         ] GC(1677) User=0.01s Sys=0.00s Real=0.00s
[234.453s][info][gc,start       ] GC(1678) Pause Young (Normal) (G1 Evacuation Pause)
[234.453s][info][gc,task        ] GC(1678) Using 1 workers of 1 for evacuation
[234.457s][info][gc,phases      ] GC(1678)   Pre Evacuate Collection Set: 0.1ms
[234.457s][info][gc,phases      ] GC(1678)   Evacuate Collection Set: 3.0ms
[234.457s][info][gc,phases      ] GC(1678)   Post Evacuate Collection Set: 0.4ms
[234.457s][info][gc,phases      ] GC(1678)   Other: 0.5ms
[234.457s][info][gc,heap        ] GC(1678) Eden regions: 313->0(313)
[234.457s][info][gc,heap        ] GC(1678) Survivor regions: 1->1(40)
[234.457s][info][gc,heap        ] GC(1678) Old regions: 78->78
[234.457s][info][gc,heap        ] GC(1678) Humongous regions: 6->6
[234.457s][info][gc,metaspace   ] GC(1678) Metaspace: 73410K->73410K(1116160K)
[234.457s][info][gc             ] GC(1678) Pause Young (Normal) (G1 Evacuation Pause) 396M->83M(524M) 3.879ms
[234.457s][info][gc,cpu         ] GC(1678) User=0.00s Sys=0.01s Real=0.00s
[234.608s][info][gc,start       ] GC(1679) Pause Young (Normal) (G1 Evacuation Pause)
[234.608s][info][gc,task        ] GC(1679) Using 1 workers of 1 for evacuation
[234.612s][info][gc,phases      ] GC(1679)   Pre Evacuate Collection Set: 0.0ms
[234.612s][info][gc,phases      ] GC(1679)   Evacuate Collection Set: 2.9ms
[234.612s][info][gc,phases      ] GC(1679)   Post Evacuate Collection Set: 0.4ms
[234.612s][info][gc,phases      ] GC(1679)   Other: 0.3ms
[234.612s][info][gc,heap        ] GC(1679) Eden regions: 313->0(313)
[234.612s][info][gc,heap        ] GC(1679) Survivor regions: 1->1(40)
[234.612s][info][gc,heap        ] GC(1679) Old regions: 78->78
[234.612s][info][gc,heap        ] GC(1679) Humongous regions: 6->6
[234.612s][info][gc,metaspace   ] GC(1679) Metaspace: 73410K->73410K(1116160K)
[234.612s][info][gc             ] GC(1679) Pause Young (Normal) (G1 Evacuation Pause) 396M->83M(524M) 3.669ms
[234.612s][info][gc,cpu         ] GC(1679) User=0.01s Sys=0.00s Real=0.01s
[234.766s][info][gc,start       ] GC(1680) Pause Young (Normal) (G1 Evacuation Pause)
[234.766s][info][gc,task        ] GC(1680) Using 1 workers of 1 for evacuation
[234.770s][info][gc,phases      ] GC(1680)   Pre Evacuate Collection Set: 0.0ms
[234.770s][info][gc,phases      ] GC(1680)   Evacuate Collection Set: 3.0ms
[234.770s][info][gc,phases      ] GC(1680)   Post Evacuate Collection Set: 0.4ms
[234.770s][info][gc,phases      ] GC(1680)   Other: 0.4ms
[234.770s][info][gc,heap        ] GC(1680) Eden regions: 313->0(313)
[234.770s][info][gc,heap        ] GC(1680) Survivor regions: 1->1(40)
[234.770s][info][gc,heap        ] GC(1680) Old regions: 78->78
[234.770s][info][gc,heap        ] GC(1680) Humongous regions: 6->6
[234.770s][info][gc,metaspace   ] GC(1680) Metaspace: 73410K->73410K(1116160K)
[234.770s][info][gc             ] GC(1680) Pause Young (Normal) (G1 Evacuation Pause) 396M->83M(524M) 3.863ms
[234.770s][info][gc,cpu         ] GC(1680) User=0.01s Sys=0.00s Real=0.01s
[234.928s][info][gc,start       ] GC(1681) Pause Young (Normal) (G1 Evacuation Pause)
[234.928s][info][gc,task        ] GC(1681) Using 1 workers of 1 for evacuation
[234.931s][info][gc,phases      ] GC(1681)   Pre Evacuate Collection Set: 0.0ms
[234.931s][info][gc,phases      ] GC(1681)   Evacuate Collection Set: 3.0ms
[234.931s][info][gc,phases      ] GC(1681)   Post Evacuate Collection Set: 0.4ms
[234.931s][info][gc,phases      ] GC(1681)   Other: 0.4ms
[234.932s][info][gc,heap        ] GC(1681) Eden regions: 313->0(313)
[234.932s][info][gc,heap        ] GC(1681) Survivor regions: 1->1(40)
[234.932s][info][gc,heap        ] GC(1681) Old regions: 78->78
[234.932s][info][gc,heap        ] GC(1681) Humongous regions: 11->6
[234.932s][info][gc,metaspace   ] GC(1681) Metaspace: 73410K->73410K(1116160K)
[234.932s][info][gc             ] GC(1681) Pause Young (Normal) (G1 Evacuation Pause) 401M->82M(524M) 3.836ms
[234.932s][info][gc,cpu         ] GC(1681) User=0.01s Sys=0.00s Real=0.01s
[235.105s][info][gc,start       ] GC(1682) Pause Young (Normal) (G1 Evacuation Pause)
[235.105s][info][gc,task        ] GC(1682) Using 1 workers of 1 for evacuation
[235.109s][info][gc,phases      ] GC(1682)   Pre Evacuate Collection Set: 0.0ms
[235.109s][info][gc,phases      ] GC(1682)   Evacuate Collection Set: 3.1ms
[235.109s][info][gc,phases      ] GC(1682)   Post Evacuate Collection Set: 0.4ms
[235.109s][info][gc,phases      ] GC(1682)   Other: 0.4ms
[235.109s][info][gc,heap        ] GC(1682) Eden regions: 313->0(313)
[235.109s][info][gc,heap        ] GC(1682) Survivor regions: 1->1(40)
[235.109s][info][gc,heap        ] GC(1682) Old regions: 78->78
[235.109s][info][gc,heap        ] GC(1682) Humongous regions: 6->6
[235.109s][info][gc,metaspace   ] GC(1682) Metaspace: 73410K->73410K(1116160K)
[235.109s][info][gc             ] GC(1682) Pause Young (Normal) (G1 Evacuation Pause) 395M->82M(524M) 4.022ms
[235.109s][info][gc,cpu         ] GC(1682) User=0.00s Sys=0.00s Real=0.00s
[235.263s][info][gc,start       ] GC(1683) Pause Young (Normal) (G1 Evacuation Pause)
[235.263s][info][gc,task        ] GC(1683) Using 1 workers of 1 for evacuation
[235.266s][info][gc,phases      ] GC(1683)   Pre Evacuate Collection Set: 0.0ms
[235.266s][info][gc,phases      ] GC(1683)   Evacuate Collection Set: 2.6ms
[235.266s][info][gc,phases      ] GC(1683)   Post Evacuate Collection Set: 0.4ms
[235.266s][info][gc,phases      ] GC(1683)   Other: 0.3ms
[235.266s][info][gc,heap        ] GC(1683) Eden regions: 313->0(313)
[235.266s][info][gc,heap        ] GC(1683) Survivor regions: 1->1(40)
[235.266s][info][gc,heap        ] GC(1683) Old regions: 78->78
[235.266s][info][gc,heap        ] GC(1683) Humongous regions: 6->6
[235.266s][info][gc,metaspace   ] GC(1683) Metaspace: 73410K->73410K(1116160K)
[235.266s][info][gc             ] GC(1683) Pause Young (Normal) (G1 Evacuation Pause) 395M->82M(524M) 3.407ms
[235.266s][info][gc,cpu         ] GC(1683) User=0.01s Sys=0.00s Real=0.00s
[235.412s][info][gc,start       ] GC(1684) Pause Young (Normal) (G1 Evacuation Pause)
[235.412s][info][gc,task        ] GC(1684) Using 1 workers of 1 for evacuation
[235.415s][info][gc,phases      ] GC(1684)   Pre Evacuate Collection Set: 0.0ms
[235.415s][info][gc,phases      ] GC(1684)   Evacuate Collection Set: 2.7ms
[235.415s][info][gc,phases      ] GC(1684)   Post Evacuate Collection Set: 0.4ms
[235.415s][info][gc,phases      ] GC(1684)   Other: 0.4ms
[235.415s][info][gc,heap        ] GC(1684) Eden regions: 313->0(313)
[235.415s][info][gc,heap        ] GC(1684) Survivor regions: 1->1(40)
[235.415s][info][gc,heap        ] GC(1684) Old regions: 78->78
[235.415s][info][gc,heap        ] GC(1684) Humongous regions: 6->6
[235.415s][info][gc,metaspace   ] GC(1684) Metaspace: 73410K->73410K(1116160K)
[235.415s][info][gc             ] GC(1684) Pause Young (Normal) (G1 Evacuation Pause) 395M->82M(524M) 3.530ms
[235.415s][info][gc,cpu         ] GC(1684) User=0.00s Sys=0.00s Real=0.00s
[235.563s][info][gc,start       ] GC(1685) Pause Young (Normal) (G1 Evacuation Pause)
[235.563s][info][gc,task        ] GC(1685) Using 1 workers of 1 for evacuation
[235.566s][info][gc,phases      ] GC(1685)   Pre Evacuate Collection Set: 0.0ms
[235.566s][info][gc,phases      ] GC(1685)   Evacuate Collection Set: 2.8ms
[235.566s][info][gc,phases      ] GC(1685)   Post Evacuate Collection Set: 0.4ms
[235.566s][info][gc,phases      ] GC(1685)   Other: 0.3ms
[235.566s][info][gc,heap        ] GC(1685) Eden regions: 313->0(313)
[235.566s][info][gc,heap        ] GC(1685) Survivor regions: 1->1(40)
[235.566s][info][gc,heap        ] GC(1685) Old regions: 78->78
[235.566s][info][gc,heap        ] GC(1685) Humongous regions: 6->6
[235.566s][info][gc,metaspace   ] GC(1685) Metaspace: 73410K->73410K(1116160K)
[235.566s][info][gc             ] GC(1685) Pause Young (Normal) (G1 Evacuation Pause) 395M->83M(524M) 3.630ms
[235.566s][info][gc,cpu         ] GC(1685) User=0.00s Sys=0.00s Real=0.00s
[235.717s][info][gc,start       ] GC(1686) Pause Young (Normal) (G1 Evacuation Pause)
[235.717s][info][gc,task        ] GC(1686) Using 1 workers of 1 for evacuation
[235.721s][info][gc,phases      ] GC(1686)   Pre Evacuate Collection Set: 0.1ms
[235.721s][info][gc,phases      ] GC(1686)   Evacuate Collection Set: 2.9ms
[235.721s][info][gc,phases      ] GC(1686)   Post Evacuate Collection Set: 0.4ms
[235.721s][info][gc,phases      ] GC(1686)   Other: 0.4ms
[235.721s][info][gc,heap        ] GC(1686) Eden regions: 313->0(313)
[235.721s][info][gc,heap        ] GC(1686) Survivor regions: 1->1(40)
[235.721s][info][gc,heap        ] GC(1686) Old regions: 78->78
[235.721s][info][gc,heap        ] GC(1686) Humongous regions: 6->6
[235.721s][info][gc,metaspace   ] GC(1686) Metaspace: 73410K->73410K(1116160K)
[235.721s][info][gc             ] GC(1686) Pause Young (Normal) (G1 Evacuation Pause) 396M->83M(524M) 3.713ms
[235.721s][info][gc,cpu         ] GC(1686) User=0.01s Sys=0.00s Real=0.01s
[235.879s][info][gc,start       ] GC(1687) Pause Young (Normal) (G1 Evacuation Pause)
[235.879s][info][gc,task        ] GC(1687) Using 1 workers of 1 for evacuation
[235.882s][info][gc,phases      ] GC(1687)   Pre Evacuate Collection Set: 0.0ms
[235.882s][info][gc,phases      ] GC(1687)   Evacuate Collection Set: 2.8ms
[235.882s][info][gc,phases      ] GC(1687)   Post Evacuate Collection Set: 0.4ms
[235.882s][info][gc,phases      ] GC(1687)   Other: 0.4ms
[235.882s][info][gc,heap        ] GC(1687) Eden regions: 313->0(313)
[235.882s][info][gc,heap        ] GC(1687) Survivor regions: 1->1(40)
[235.882s][info][gc,heap        ] GC(1687) Old regions: 78->78
[235.882s][info][gc,heap        ] GC(1687) Humongous regions: 6->6
[235.882s][info][gc,metaspace   ] GC(1687) Metaspace: 73410K->73410K(1116160K)
[235.882s][info][gc             ] GC(1687) Pause Young (Normal) (G1 Evacuation Pause) 396M->83M(524M) 3.707ms
[235.882s][info][gc,cpu         ] GC(1687) User=0.01s Sys=0.00s Real=0.00s
[236.072s][info][gc,start       ] GC(1688) Pause Young (Normal) (G1 Evacuation Pause)
[236.072s][info][gc,task        ] GC(1688) Using 1 workers of 1 for evacuation
[236.076s][info][gc,phases      ] GC(1688)   Pre Evacuate Collection Set: 0.0ms
[236.076s][info][gc,phases      ] GC(1688)   Evacuate Collection Set: 3.3ms
[236.076s][info][gc,phases      ] GC(1688)   Post Evacuate Collection Set: 0.5ms
[236.076s][info][gc,phases      ] GC(1688)   Other: 0.3ms
[236.076s][info][gc,heap        ] GC(1688) Eden regions: 313->0(313)
[236.076s][info][gc,heap        ] GC(1688) Survivor regions: 1->1(40)
[236.076s][info][gc,heap        ] GC(1688) Old regions: 78->78
[236.076s][info][gc,heap        ] GC(1688) Humongous regions: 11->6
[236.076s][info][gc,metaspace   ] GC(1688) Metaspace: 73411K->73411K(1116160K)
[236.076s][info][gc             ] GC(1688) Pause Young (Normal) (G1 Evacuation Pause) 401M->83M(524M) 4.244ms
[236.076s][info][gc,cpu         ] GC(1688) User=0.01s Sys=0.00s Real=0.00s
[236.239s][info][gc,start       ] GC(1689) Pause Young (Normal) (G1 Evacuation Pause)
[236.239s][info][gc,task        ] GC(1689) Using 1 workers of 1 for evacuation
[236.243s][info][gc,phases      ] GC(1689)   Pre Evacuate Collection Set: 0.0ms
[236.243s][info][gc,phases      ] GC(1689)   Evacuate Collection Set: 3.2ms
[236.243s][info][gc,phases      ] GC(1689)   Post Evacuate Collection Set: 0.4ms
[236.243s][info][gc,phases      ] GC(1689)   Other: 0.4ms
[236.243s][info][gc,heap        ] GC(1689) Eden regions: 313->0(313)
[236.243s][info][gc,heap        ] GC(1689) Survivor regions: 1->1(40)
[236.243s][info][gc,heap        ] GC(1689) Old regions: 78->78
[236.243s][info][gc,heap        ] GC(1689) Humongous regions: 6->6
[236.243s][info][gc,metaspace   ] GC(1689) Metaspace: 73411K->73411K(1116160K)
[236.243s][info][gc             ] GC(1689) Pause Young (Normal) (G1 Evacuation Pause) 396M->83M(524M) 4.167ms
[236.243s][info][gc,cpu         ] GC(1689) User=0.00s Sys=0.00s Real=0.00s
[236.392s][info][gc,start       ] GC(1690) Pause Young (Normal) (G1 Evacuation Pause)
[236.392s][info][gc,task        ] GC(1690) Using 1 workers of 1 for evacuation
[236.396s][info][gc,phases      ] GC(1690)   Pre Evacuate Collection Set: 0.0ms
[236.396s][info][gc,phases      ] GC(1690)   Evacuate Collection Set: 2.9ms
[236.396s][info][gc,phases      ] GC(1690)   Post Evacuate Collection Set: 0.4ms
[236.396s][info][gc,phases      ] GC(1690)   Other: 0.3ms
[236.396s][info][gc,heap        ] GC(1690) Eden regions: 313->0(313)
[236.396s][info][gc,heap        ] GC(1690) Survivor regions: 1->1(40)
[236.396s][info][gc,heap        ] GC(1690) Old regions: 78->78
[236.396s][info][gc,heap        ] GC(1690) Humongous regions: 6->6
[236.396s][info][gc,metaspace   ] GC(1690) Metaspace: 73411K->73411K(1116160K)
[236.396s][info][gc             ] GC(1690) Pause Young (Normal) (G1 Evacuation Pause) 396M->83M(524M) 3.699ms
[236.396s][info][gc,cpu         ] GC(1690) User=0.01s Sys=0.00s Real=0.00s
[236.542s][info][gc,start       ] GC(1691) Pause Young (Normal) (G1 Evacuation Pause)
[236.542s][info][gc,task        ] GC(1691) Using 1 workers of 1 for evacuation
[236.546s][info][gc,phases      ] GC(1691)   Pre Evacuate Collection Set: 0.0ms
[236.546s][info][gc,phases      ] GC(1691)   Evacuate Collection Set: 2.8ms
[236.546s][info][gc,phases      ] GC(1691)   Post Evacuate Collection Set: 0.4ms
[236.546s][info][gc,phases      ] GC(1691)   Other: 0.4ms
[236.546s][info][gc,heap        ] GC(1691) Eden regions: 313->0(313)
[236.546s][info][gc,heap        ] GC(1691) Survivor regions: 1->1(40)
[236.546s][info][gc,heap        ] GC(1691) Old regions: 78->78
[236.546s][info][gc,heap        ] GC(1691) Humongous regions: 6->6
[236.546s][info][gc,metaspace   ] GC(1691) Metaspace: 73411K->73411K(1116160K)
[236.546s][info][gc             ] GC(1691) Pause Young (Normal) (G1 Evacuation Pause) 396M->83M(524M) 3.703ms
[236.546s][info][gc,cpu         ] GC(1691) User=0.00s Sys=0.00s Real=0.00s
[236.692s][info][gc,start       ] GC(1692) Pause Young (Normal) (G1 Evacuation Pause)
[236.692s][info][gc,task        ] GC(1692) Using 1 workers of 1 for evacuation
[236.695s][info][gc,phases      ] GC(1692)   Pre Evacuate Collection Set: 0.0ms
[236.695s][info][gc,phases      ] GC(1692)   Evacuate Collection Set: 2.8ms
[236.695s][info][gc,phases      ] GC(1692)   Post Evacuate Collection Set: 0.4ms
[236.695s][info][gc,phases      ] GC(1692)   Other: 0.3ms
[236.695s][info][gc,heap        ] GC(1692) Eden regions: 313->0(313)
[236.695s][info][gc,heap        ] GC(1692) Survivor regions: 1->1(40)
[236.695s][info][gc,heap        ] GC(1692) Old regions: 78->78
[236.695s][info][gc,heap        ] GC(1692) Humongous regions: 6->6
[236.695s][info][gc,metaspace   ] GC(1692) Metaspace: 73411K->73411K(1116160K)
[236.695s][info][gc             ] GC(1692) Pause Young (Normal) (G1 Evacuation Pause) 396M->83M(524M) 3.630ms
[236.696s][info][gc,cpu         ] GC(1692) User=0.01s Sys=0.00s Real=0.00s
[236.863s][info][gc,start       ] GC(1693) Pause Young (Normal) (G1 Evacuation Pause)
[236.863s][info][gc,task        ] GC(1693) Using 1 workers of 1 for evacuation
[236.867s][info][gc,phases      ] GC(1693)   Pre Evacuate Collection Set: 0.0ms
[236.867s][info][gc,phases      ] GC(1693)   Evacuate Collection Set: 3.3ms
[236.867s][info][gc,phases      ] GC(1693)   Post Evacuate Collection Set: 0.5ms
[236.867s][info][gc,phases      ] GC(1693)   Other: 0.4ms
[236.867s][info][gc,heap        ] GC(1693) Eden regions: 313->0(313)
[236.867s][info][gc,heap        ] GC(1693) Survivor regions: 1->1(40)
[236.867s][info][gc,heap        ] GC(1693) Old regions: 78->78
[236.867s][info][gc,heap        ] GC(1693) Humongous regions: 6->6
[236.867s][info][gc,metaspace   ] GC(1693) Metaspace: 73411K->73411K(1116160K)
[236.867s][info][gc             ] GC(1693) Pause Young (Normal) (G1 Evacuation Pause) 396M->83M(524M) 4.313ms
[236.867s][info][gc,cpu         ] GC(1693) User=0.01s Sys=0.00s Real=0.00s
[237.023s][info][gc,start       ] GC(1694) Pause Young (Normal) (G1 Evacuation Pause)
[237.023s][info][gc,task        ] GC(1694) Using 1 workers of 1 for evacuation
[237.026s][info][gc,phases      ] GC(1694)   Pre Evacuate Collection Set: 0.0ms
[237.026s][info][gc,phases      ] GC(1694)   Evacuate Collection Set: 2.8ms
[237.026s][info][gc,phases      ] GC(1694)   Post Evacuate Collection Set: 0.4ms
[237.026s][info][gc,phases      ] GC(1694)   Other: 0.3ms
[237.026s][info][gc,heap        ] GC(1694) Eden regions: 313->0(313)
[237.026s][info][gc,heap        ] GC(1694) Survivor regions: 1->1(40)
[237.026s][info][gc,heap        ] GC(1694) Old regions: 78->78
[237.026s][info][gc,heap        ] GC(1694) Humongous regions: 6->6
[237.026s][info][gc,metaspace   ] GC(1694) Metaspace: 73411K->73411K(1116160K)
[237.026s][info][gc             ] GC(1694) Pause Young (Normal) (G1 Evacuation Pause) 396M->83M(524M) 3.576ms
[237.027s][info][gc,cpu         ] GC(1694) User=0.00s Sys=0.00s Real=0.00s
[237.177s][info][gc,start       ] GC(1695) Pause Young (Normal) (G1 Evacuation Pause)
[237.177s][info][gc,task        ] GC(1695) Using 1 workers of 1 for evacuation
[237.180s][info][gc,phases      ] GC(1695)   Pre Evacuate Collection Set: 0.0ms
[237.180s][info][gc,phases      ] GC(1695)   Evacuate Collection Set: 2.8ms
[237.180s][info][gc,phases      ] GC(1695)   Post Evacuate Collection Set: 0.4ms
[237.180s][info][gc,phases      ] GC(1695)   Other: 0.4ms
[237.180s][info][gc,heap        ] GC(1695) Eden regions: 313->0(313)
[237.180s][info][gc,heap        ] GC(1695) Survivor regions: 1->1(40)
[237.180s][info][gc,heap        ] GC(1695) Old regions: 78->78
[237.180s][info][gc,heap        ] GC(1695) Humongous regions: 6->6
[237.180s][info][gc,metaspace   ] GC(1695) Metaspace: 73411K->73411K(1116160K)
[237.180s][info][gc             ] GC(1695) Pause Young (Normal) (G1 Evacuation Pause) 396M->83M(524M) 3.725ms
[237.180s][info][gc,cpu         ] GC(1695) User=0.01s Sys=0.00s Real=0.01s
[237.345s][info][gc,start       ] GC(1696) Pause Young (Normal) (G1 Evacuation Pause)
[237.345s][info][gc,task        ] GC(1696) Using 1 workers of 1 for evacuation
[237.348s][info][gc,phases      ] GC(1696)   Pre Evacuate Collection Set: 0.0ms
[237.348s][info][gc,phases      ] GC(1696)   Evacuate Collection Set: 2.8ms
[237.348s][info][gc,phases      ] GC(1696)   Post Evacuate Collection Set: 0.4ms
[237.348s][info][gc,phases      ] GC(1696)   Other: 0.3ms
[237.348s][info][gc,heap        ] GC(1696) Eden regions: 313->0(313)
[237.348s][info][gc,heap        ] GC(1696) Survivor regions: 1->1(40)
[237.348s][info][gc,heap        ] GC(1696) Old regions: 78->78
[237.348s][info][gc,heap        ] GC(1696) Humongous regions: 11->6
[237.348s][info][gc,metaspace   ] GC(1696) Metaspace: 73411K->73411K(1116160K)
[237.348s][info][gc             ] GC(1696) Pause Young (Normal) (G1 Evacuation Pause) 401M->83M(524M) 3.577ms
[237.348s][info][gc,cpu         ] GC(1696) User=0.00s Sys=0.00s Real=0.00s
[237.498s][info][gc,start       ] GC(1697) Pause Young (Normal) (G1 Evacuation Pause)
[237.498s][info][gc,task        ] GC(1697) Using 1 workers of 1 for evacuation
[237.501s][info][gc,phases      ] GC(1697)   Pre Evacuate Collection Set: 0.0ms
[237.501s][info][gc,phases      ] GC(1697)   Evacuate Collection Set: 2.7ms
[237.502s][info][gc,phases      ] GC(1697)   Post Evacuate Collection Set: 0.4ms
[237.502s][info][gc,phases      ] GC(1697)   Other: 0.4ms
[237.502s][info][gc,heap        ] GC(1697) Eden regions: 313->0(313)
[237.502s][info][gc,heap        ] GC(1697) Survivor regions: 1->1(40)
[237.502s][info][gc,heap        ] GC(1697) Old regions: 78->78
[237.502s][info][gc,heap        ] GC(1697) Humongous regions: 6->6
[237.502s][info][gc,metaspace   ] GC(1697) Metaspace: 73413K->73413K(1116160K)
[237.502s][info][gc             ] GC(1697) Pause Young (Normal) (G1 Evacuation Pause) 396M->83M(524M) 3.505ms
[237.502s][info][gc,cpu         ] GC(1697) User=0.00s Sys=0.00s Real=0.00s
[237.645s][info][gc,start       ] GC(1698) Pause Young (Normal) (G1 Evacuation Pause)
[237.645s][info][gc,task        ] GC(1698) Using 1 workers of 1 for evacuation
[237.648s][info][gc,phases      ] GC(1698)   Pre Evacuate Collection Set: 0.0ms
[237.648s][info][gc,phases      ] GC(1698)   Evacuate Collection Set: 2.7ms
[237.648s][info][gc,phases      ] GC(1698)   Post Evacuate Collection Set: 0.4ms
[237.648s][info][gc,phases      ] GC(1698)   Other: 0.3ms
[237.648s][info][gc,heap        ] GC(1698) Eden regions: 313->0(313)
[237.648s][info][gc,heap        ] GC(1698) Survivor regions: 1->1(40)
[237.648s][info][gc,heap        ] GC(1698) Old regions: 78->78
[237.648s][info][gc,heap        ] GC(1698) Humongous regions: 6->6
[237.648s][info][gc,metaspace   ] GC(1698) Metaspace: 73413K->73413K(1116160K)
[237.648s][info][gc             ] GC(1698) Pause Young (Normal) (G1 Evacuation Pause) 396M->83M(524M) 3.401ms
[237.648s][info][gc,cpu         ] GC(1698) User=0.00s Sys=0.00s Real=0.00s
[237.803s][info][gc,start       ] GC(1699) Pause Young (Normal) (G1 Evacuation Pause)
[237.803s][info][gc,task        ] GC(1699) Using 1 workers of 1 for evacuation
[237.806s][info][gc,phases      ] GC(1699)   Pre Evacuate Collection Set: 0.0ms
[237.806s][info][gc,phases      ] GC(1699)   Evacuate Collection Set: 2.7ms
[237.806s][info][gc,phases      ] GC(1699)   Post Evacuate Collection Set: 0.5ms
[237.806s][info][gc,phases      ] GC(1699)   Other: 0.4ms
[237.806s][info][gc,heap        ] GC(1699) Eden regions: 313->0(313)
[237.806s][info][gc,heap        ] GC(1699) Survivor regions: 1->1(40)
[237.806s][info][gc,heap        ] GC(1699) Old regions: 78->78
[237.806s][info][gc,heap        ] GC(1699) Humongous regions: 6->6
[237.806s][info][gc,metaspace   ] GC(1699) Metaspace: 73413K->73413K(1116160K)
[237.806s][info][gc             ] GC(1699) Pause Young (Normal) (G1 Evacuation Pause) 396M->83M(524M) 3.645ms
[237.806s][info][gc,cpu         ] GC(1699) User=0.01s Sys=0.00s Real=0.00s
[237.956s][info][gc,start       ] GC(1700) Pause Young (Normal) (G1 Evacuation Pause)
[237.956s][info][gc,task        ] GC(1700) Using 1 workers of 1 for evacuation
[237.960s][info][gc,phases      ] GC(1700)   Pre Evacuate Collection Set: 0.0ms
[237.960s][info][gc,phases      ] GC(1700)   Evacuate Collection Set: 2.7ms
[237.960s][info][gc,phases      ] GC(1700)   Post Evacuate Collection Set: 0.4ms
[237.960s][info][gc,phases      ] GC(1700)   Other: 0.3ms
[237.960s][info][gc,heap        ] GC(1700) Eden regions: 313->0(313)
[237.960s][info][gc,heap        ] GC(1700) Survivor regions: 1->1(40)
[237.960s][info][gc,heap        ] GC(1700) Old regions: 78->78
[237.960s][info][gc,heap        ] GC(1700) Humongous regions: 6->6
[237.960s][info][gc,metaspace   ] GC(1700) Metaspace: 73413K->73413K(1116160K)
[237.960s][info][gc             ] GC(1700) Pause Young (Normal) (G1 Evacuation Pause) 396M->83M(524M) 3.490ms
[237.960s][info][gc,cpu         ] GC(1700) User=0.01s Sys=0.00s Real=0.01s
[238.109s][info][gc,start       ] GC(1701) Pause Young (Normal) (G1 Evacuation Pause)
[238.109s][info][gc,task        ] GC(1701) Using 1 workers of 1 for evacuation
[238.113s][info][gc,phases      ] GC(1701)   Pre Evacuate Collection Set: 0.0ms
[238.113s][info][gc,phases      ] GC(1701)   Evacuate Collection Set: 2.9ms
[238.113s][info][gc,phases      ] GC(1701)   Post Evacuate Collection Set: 0.9ms
[238.113s][info][gc,phases      ] GC(1701)   Other: 0.4ms
[238.113s][info][gc,heap        ] GC(1701) Eden regions: 313->0(313)
[238.113s][info][gc,heap        ] GC(1701) Survivor regions: 1->1(40)
[238.113s][info][gc,heap        ] GC(1701) Old regions: 78->78
[238.113s][info][gc,heap        ] GC(1701) Humongous regions: 6->6
[238.113s][info][gc,metaspace   ] GC(1701) Metaspace: 73413K->73413K(1116160K)
[238.113s][info][gc             ] GC(1701) Pause Young (Normal) (G1 Evacuation Pause) 396M->83M(524M) 4.228ms
[238.113s][info][gc,cpu         ] GC(1701) User=0.00s Sys=0.00s Real=0.01s
[238.266s][info][gc,start       ] GC(1702) Pause Young (Normal) (G1 Evacuation Pause)
[238.266s][info][gc,task        ] GC(1702) Using 1 workers of 1 for evacuation
[238.269s][info][gc,phases      ] GC(1702)   Pre Evacuate Collection Set: 0.0ms
[238.270s][info][gc,phases      ] GC(1702)   Evacuate Collection Set: 3.0ms
[238.270s][info][gc,phases      ] GC(1702)   Post Evacuate Collection Set: 0.4ms
[238.270s][info][gc,phases      ] GC(1702)   Other: 0.4ms
[238.270s][info][gc,heap        ] GC(1702) Eden regions: 313->0(313)
[238.270s][info][gc,heap        ] GC(1702) Survivor regions: 1->1(40)
[238.270s][info][gc,heap        ] GC(1702) Old regions: 78->78
[238.270s][info][gc,heap        ] GC(1702) Humongous regions: 6->6
[238.270s][info][gc,metaspace   ] GC(1702) Metaspace: 73413K->73413K(1116160K)
[238.270s][info][gc             ] GC(1702) Pause Young (Normal) (G1 Evacuation Pause) 396M->83M(524M) 3.877ms
[238.270s][info][gc,cpu         ] GC(1702) User=0.00s Sys=0.00s Real=0.00s
[238.435s][info][gc,start       ] GC(1703) Pause Young (Normal) (G1 Evacuation Pause)
[238.435s][info][gc,task        ] GC(1703) Using 1 workers of 1 for evacuation
[238.440s][info][gc,phases      ] GC(1703)   Pre Evacuate Collection Set: 0.0ms
[238.440s][info][gc,phases      ] GC(1703)   Evacuate Collection Set: 3.1ms
[238.440s][info][gc,phases      ] GC(1703)   Post Evacuate Collection Set: 1.0ms
[238.440s][info][gc,phases      ] GC(1703)   Other: 0.3ms
[238.440s][info][gc,heap        ] GC(1703) Eden regions: 313->0(313)
[238.440s][info][gc,heap        ] GC(1703) Survivor regions: 1->1(40)
[238.440s][info][gc,heap        ] GC(1703) Old regions: 78->78
[238.440s][info][gc,heap        ] GC(1703) Humongous regions: 11->6
[238.440s][info][gc,metaspace   ] GC(1703) Metaspace: 73420K->73420K(1116160K)
[238.440s][info][gc             ] GC(1703) Pause Young (Normal) (G1 Evacuation Pause) 401M->83M(524M) 4.506ms
[238.440s][info][gc,cpu         ] GC(1703) User=0.00s Sys=0.00s Real=0.01s
[238.599s][info][gc,start       ] GC(1704) Pause Young (Normal) (G1 Evacuation Pause)
[238.600s][info][gc,task        ] GC(1704) Using 1 workers of 1 for evacuation
[238.604s][info][gc,phases      ] GC(1704)   Pre Evacuate Collection Set: 0.0ms
[238.604s][info][gc,phases      ] GC(1704)   Evacuate Collection Set: 2.9ms
[238.604s][info][gc,phases      ] GC(1704)   Post Evacuate Collection Set: 0.4ms
[238.604s][info][gc,phases      ] GC(1704)   Other: 1.3ms
[238.604s][info][gc,heap        ] GC(1704) Eden regions: 313->0(313)
[238.604s][info][gc,heap        ] GC(1704) Survivor regions: 1->1(40)
[238.604s][info][gc,heap        ] GC(1704) Old regions: 78->78
[238.604s][info][gc,heap        ] GC(1704) Humongous regions: 6->6
[238.604s][info][gc,metaspace   ] GC(1704) Metaspace: 73420K->73420K(1116160K)
[238.604s][info][gc             ] GC(1704) Pause Young (Normal) (G1 Evacuation Pause) 396M->83M(524M) 4.641ms
[238.604s][info][gc,cpu         ] GC(1704) User=0.00s Sys=0.00s Real=0.00s
[238.768s][info][gc,start       ] GC(1705) Pause Young (Normal) (G1 Evacuation Pause)
[238.768s][info][gc,task        ] GC(1705) Using 1 workers of 1 for evacuation
[238.772s][info][gc,phases      ] GC(1705)   Pre Evacuate Collection Set: 0.0ms
[238.772s][info][gc,phases      ] GC(1705)   Evacuate Collection Set: 2.9ms
[238.772s][info][gc,phases      ] GC(1705)   Post Evacuate Collection Set: 0.4ms
[238.772s][info][gc,phases      ] GC(1705)   Other: 0.3ms
[238.772s][info][gc,heap        ] GC(1705) Eden regions: 313->0(313)
[238.772s][info][gc,heap        ] GC(1705) Survivor regions: 1->1(40)
[238.772s][info][gc,heap        ] GC(1705) Old regions: 78->78
[238.772s][info][gc,heap        ] GC(1705) Humongous regions: 6->6
[238.772s][info][gc,metaspace   ] GC(1705) Metaspace: 73420K->73420K(1116160K)
[238.772s][info][gc             ] GC(1705) Pause Young (Normal) (G1 Evacuation Pause) 396M->83M(524M) 3.651ms
[238.772s][info][gc,cpu         ] GC(1705) User=0.00s Sys=0.00s Real=0.01s
[238.920s][info][gc,start       ] GC(1706) Pause Young (Normal) (G1 Evacuation Pause)
[238.920s][info][gc,task        ] GC(1706) Using 1 workers of 1 for evacuation
[238.923s][info][gc,phases      ] GC(1706)   Pre Evacuate Collection Set: 0.0ms
[238.923s][info][gc,phases      ] GC(1706)   Evacuate Collection Set: 2.9ms
[238.923s][info][gc,phases      ] GC(1706)   Post Evacuate Collection Set: 0.4ms
[238.923s][info][gc,phases      ] GC(1706)   Other: 0.4ms
[238.923s][info][gc,heap        ] GC(1706) Eden regions: 313->0(313)
[238.923s][info][gc,heap        ] GC(1706) Survivor regions: 1->1(40)
[238.923s][info][gc,heap        ] GC(1706) Old regions: 78->78
[238.923s][info][gc,heap        ] GC(1706) Humongous regions: 6->6
[238.923s][info][gc,metaspace   ] GC(1706) Metaspace: 73420K->73420K(1116160K)
[238.923s][info][gc             ] GC(1706) Pause Young (Normal) (G1 Evacuation Pause) 396M->83M(524M) 3.725ms
[238.923s][info][gc,cpu         ] GC(1706) User=0.00s Sys=0.00s Real=0.00s
[239.073s][info][gc,start       ] GC(1707) Pause Young (Normal) (G1 Evacuation Pause)
[239.073s][info][gc,task        ] GC(1707) Using 1 workers of 1 for evacuation
[239.077s][info][gc,phases      ] GC(1707)   Pre Evacuate Collection Set: 0.0ms
[239.077s][info][gc,phases      ] GC(1707)   Evacuate Collection Set: 2.9ms
[239.077s][info][gc,phases      ] GC(1707)   Post Evacuate Collection Set: 0.4ms
[239.077s][info][gc,phases      ] GC(1707)   Other: 0.8ms
[239.077s][info][gc,heap        ] GC(1707) Eden regions: 313->0(313)
[239.077s][info][gc,heap        ] GC(1707) Survivor regions: 1->1(40)
[239.077s][info][gc,heap        ] GC(1707) Old regions: 78->78
[239.077s][info][gc,heap        ] GC(1707) Humongous regions: 6->6
[239.077s][info][gc,metaspace   ] GC(1707) Metaspace: 73420K->73420K(1116160K)
[239.077s][info][gc             ] GC(1707) Pause Young (Normal) (G1 Evacuation Pause) 396M->83M(524M) 4.175ms
[239.077s][info][gc,cpu         ] GC(1707) User=0.00s Sys=0.00s Real=0.00s
[239.224s][info][gc,start       ] GC(1708) Pause Young (Normal) (G1 Evacuation Pause)
[239.224s][info][gc,task        ] GC(1708) Using 1 workers of 1 for evacuation
[239.228s][info][gc,phases      ] GC(1708)   Pre Evacuate Collection Set: 0.0ms
[239.228s][info][gc,phases      ] GC(1708)   Evacuate Collection Set: 2.9ms
[239.228s][info][gc,phases      ] GC(1708)   Post Evacuate Collection Set: 0.4ms
[239.228s][info][gc,phases      ] GC(1708)   Other: 0.3ms
[239.228s][info][gc,heap        ] GC(1708) Eden regions: 313->0(313)
[239.228s][info][gc,heap        ] GC(1708) Survivor regions: 1->1(40)
[239.228s][info][gc,heap        ] GC(1708) Old regions: 78->78
[239.228s][info][gc,heap        ] GC(1708) Humongous regions: 6->6
[239.228s][info][gc,metaspace   ] GC(1708) Metaspace: 73420K->73420K(1116160K)
[239.228s][info][gc             ] GC(1708) Pause Young (Normal) (G1 Evacuation Pause) 396M->83M(524M) 3.707ms
[239.228s][info][gc,cpu         ] GC(1708) User=0.00s Sys=0.00s Real=0.00s
[239.375s][info][gc,start       ] GC(1709) Pause Young (Normal) (G1 Evacuation Pause)
[239.375s][info][gc,task        ] GC(1709) Using 1 workers of 1 for evacuation
[239.379s][info][gc,phases      ] GC(1709)   Pre Evacuate Collection Set: 0.0ms
[239.379s][info][gc,phases      ] GC(1709)   Evacuate Collection Set: 2.8ms
[239.379s][info][gc,phases      ] GC(1709)   Post Evacuate Collection Set: 0.4ms
[239.379s][info][gc,phases      ] GC(1709)   Other: 0.4ms
[239.379s][info][gc,heap        ] GC(1709) Eden regions: 313->0(313)
[239.379s][info][gc,heap        ] GC(1709) Survivor regions: 1->1(40)
[239.379s][info][gc,heap        ] GC(1709) Old regions: 78->78
[239.379s][info][gc,heap        ] GC(1709) Humongous regions: 6->6
[239.379s][info][gc,metaspace   ] GC(1709) Metaspace: 73420K->73420K(1116160K)
[239.379s][info][gc             ] GC(1709) Pause Young (Normal) (G1 Evacuation Pause) 396M->83M(524M) 3.692ms
[239.379s][info][gc,cpu         ] GC(1709) User=0.00s Sys=0.00s Real=0.01s
[239.541s][info][gc,start       ] GC(1710) Pause Young (Normal) (G1 Evacuation Pause)
[239.541s][info][gc,task        ] GC(1710) Using 1 workers of 1 for evacuation
[239.545s][info][gc,phases      ] GC(1710)   Pre Evacuate Collection Set: 0.0ms
[239.545s][info][gc,phases      ] GC(1710)   Evacuate Collection Set: 2.8ms
[239.545s][info][gc,phases      ] GC(1710)   Post Evacuate Collection Set: 0.4ms
[239.545s][info][gc,phases      ] GC(1710)   Other: 0.3ms
[239.545s][info][gc,heap        ] GC(1710) Eden regions: 313->0(313)
[239.545s][info][gc,heap        ] GC(1710) Survivor regions: 1->1(40)
[239.545s][info][gc,heap        ] GC(1710) Old regions: 78->78
[239.545s][info][gc,heap        ] GC(1710) Humongous regions: 11->6
[239.545s][info][gc,metaspace   ] GC(1710) Metaspace: 73425K->73425K(1116160K)
[239.545s][info][gc             ] GC(1710) Pause Young (Normal) (G1 Evacuation Pause) 401M->83M(524M) 3.623ms
[239.545s][info][gc,cpu         ] GC(1710) User=0.01s Sys=0.00s Real=0.00s
[239.709s][info][gc,start       ] GC(1711) Pause Young (Normal) (G1 Evacuation Pause)
[239.709s][info][gc,task        ] GC(1711) Using 1 workers of 1 for evacuation
[239.713s][info][gc,phases      ] GC(1711)   Pre Evacuate Collection Set: 0.0ms
[239.713s][info][gc,phases      ] GC(1711)   Evacuate Collection Set: 2.8ms
[239.713s][info][gc,phases      ] GC(1711)   Post Evacuate Collection Set: 0.4ms
[239.713s][info][gc,phases      ] GC(1711)   Other: 0.5ms
[239.713s][info][gc,heap        ] GC(1711) Eden regions: 313->0(313)
[239.713s][info][gc,heap        ] GC(1711) Survivor regions: 1->1(40)
[239.713s][info][gc,heap        ] GC(1711) Old regions: 78->78
[239.713s][info][gc,heap        ] GC(1711) Humongous regions: 6->6
[239.713s][info][gc,metaspace   ] GC(1711) Metaspace: 73425K->73425K(1116160K)
[239.713s][info][gc             ] GC(1711) Pause Young (Normal) (G1 Evacuation Pause) 396M->83M(524M) 3.698ms
[239.713s][info][gc,cpu         ] GC(1711) User=0.00s Sys=0.00s Real=0.01s
[239.862s][info][gc,start       ] GC(1712) Pause Young (Normal) (G1 Evacuation Pause)
[239.862s][info][gc,task        ] GC(1712) Using 1 workers of 1 for evacuation
[239.866s][info][gc,phases      ] GC(1712)   Pre Evacuate Collection Set: 0.0ms
[239.866s][info][gc,phases      ] GC(1712)   Evacuate Collection Set: 2.8ms
[239.866s][info][gc,phases      ] GC(1712)   Post Evacuate Collection Set: 0.4ms
[239.866s][info][gc,phases      ] GC(1712)   Other: 0.4ms
[239.866s][info][gc,heap        ] GC(1712) Eden regions: 313->0(313)
[239.866s][info][gc,heap        ] GC(1712) Survivor regions: 1->1(40)
[239.866s][info][gc,heap        ] GC(1712) Old regions: 78->78
[239.866s][info][gc,heap        ] GC(1712) Humongous regions: 6->6
[239.866s][info][gc,metaspace   ] GC(1712) Metaspace: 73425K->73425K(1116160K)
[239.866s][info][gc             ] GC(1712) Pause Young (Normal) (G1 Evacuation Pause) 396M->83M(524M) 3.678ms
[239.866s][info][gc,cpu         ] GC(1712) User=0.00s Sys=0.00s Real=0.00s
[240.021s][info][gc,start       ] GC(1713) Pause Young (Normal) (G1 Evacuation Pause)
[240.021s][info][gc,task        ] GC(1713) Using 1 workers of 1 for evacuation
[240.024s][info][gc,phases      ] GC(1713)   Pre Evacuate Collection Set: 0.1ms
[240.024s][info][gc,phases      ] GC(1713)   Evacuate Collection Set: 2.6ms
[240.024s][info][gc,phases      ] GC(1713)   Post Evacuate Collection Set: 0.4ms
[240.024s][info][gc,phases      ] GC(1713)   Other: 0.4ms
[240.024s][info][gc,heap        ] GC(1713) Eden regions: 313->0(313)
[240.024s][info][gc,heap        ] GC(1713) Survivor regions: 1->1(40)
[240.024s][info][gc,heap        ] GC(1713) Old regions: 78->78
[240.024s][info][gc,heap        ] GC(1713) Humongous regions: 6->6
[240.024s][info][gc,metaspace   ] GC(1713) Metaspace: 73425K->73425K(1116160K)
[240.024s][info][gc             ] GC(1713) Pause Young (Normal) (G1 Evacuation Pause) 396M->83M(524M) 3.543ms
[240.024s][info][gc,cpu         ] GC(1713) User=0.00s Sys=0.00s Real=0.00s
[240.206s][info][gc,start       ] GC(1714) Pause Young (Normal) (G1 Evacuation Pause)
[240.206s][info][gc,task        ] GC(1714) Using 1 workers of 1 for evacuation
[240.210s][info][gc,phases      ] GC(1714)   Pre Evacuate Collection Set: 0.0ms
[240.210s][info][gc,phases      ] GC(1714)   Evacuate Collection Set: 2.7ms
[240.210s][info][gc,phases      ] GC(1714)   Post Evacuate Collection Set: 0.5ms
[240.210s][info][gc,phases      ] GC(1714)   Other: 0.4ms
[240.210s][info][gc,heap        ] GC(1714) Eden regions: 313->0(313)
[240.210s][info][gc,heap        ] GC(1714) Survivor regions: 1->1(40)
[240.210s][info][gc,heap        ] GC(1714) Old regions: 78->78
[240.210s][info][gc,heap        ] GC(1714) Humongous regions: 6->6
[240.210s][info][gc,metaspace   ] GC(1714) Metaspace: 73425K->73425K(1116160K)
[240.210s][info][gc             ] GC(1714) Pause Young (Normal) (G1 Evacuation Pause) 396M->83M(524M) 3.601ms
[240.210s][info][gc,cpu         ] GC(1714) User=0.01s Sys=0.00s Real=0.01s
[240.372s][info][gc,start       ] GC(1715) Pause Young (Normal) (G1 Evacuation Pause)
[240.372s][info][gc,task        ] GC(1715) Using 1 workers of 1 for evacuation
[240.375s][info][gc,phases      ] GC(1715)   Pre Evacuate Collection Set: 0.0ms
[240.375s][info][gc,phases      ] GC(1715)   Evacuate Collection Set: 2.8ms
[240.375s][info][gc,phases      ] GC(1715)   Post Evacuate Collection Set: 0.4ms
[240.376s][info][gc,phases      ] GC(1715)   Other: 0.3ms
[240.376s][info][gc,heap        ] GC(1715) Eden regions: 313->0(313)
[240.376s][info][gc,heap        ] GC(1715) Survivor regions: 1->1(40)
[240.376s][info][gc,heap        ] GC(1715) Old regions: 78->78
[240.376s][info][gc,heap        ] GC(1715) Humongous regions: 6->6
[240.376s][info][gc,metaspace   ] GC(1715) Metaspace: 73425K->73425K(1116160K)
[240.376s][info][gc             ] GC(1715) Pause Young (Normal) (G1 Evacuation Pause) 396M->83M(524M) 3.537ms
[240.376s][info][gc,cpu         ] GC(1715) User=0.00s Sys=0.00s Real=0.00s
[240.535s][info][gc,start       ] GC(1716) Pause Young (Normal) (G1 Evacuation Pause)
[240.535s][info][gc,task        ] GC(1716) Using 1 workers of 1 for evacuation
[240.538s][info][gc,phases      ] GC(1716)   Pre Evacuate Collection Set: 0.0ms
[240.538s][info][gc,phases      ] GC(1716)   Evacuate Collection Set: 2.9ms
[240.538s][info][gc,phases      ] GC(1716)   Post Evacuate Collection Set: 0.6ms
[240.538s][info][gc,phases      ] GC(1716)   Other: 0.4ms
[240.538s][info][gc,heap        ] GC(1716) Eden regions: 313->0(313)
[240.538s][info][gc,heap        ] GC(1716) Survivor regions: 1->1(40)
[240.539s][info][gc,heap        ] GC(1716) Old regions: 78->78
[240.539s][info][gc,heap        ] GC(1716) Humongous regions: 6->6
[240.539s][info][gc,metaspace   ] GC(1716) Metaspace: 73425K->73425K(1116160K)
[240.539s][info][gc             ] GC(1716) Pause Young (Normal) (G1 Evacuation Pause) 396M->83M(524M) 3.942ms
[240.539s][info][gc,cpu         ] GC(1716) User=0.00s Sys=0.00s Real=0.01s
[240.706s][info][gc,start       ] GC(1717) Pause Young (Normal) (G1 Evacuation Pause)
[240.707s][info][gc,task        ] GC(1717) Using 1 workers of 1 for evacuation
[240.710s][info][gc,phases      ] GC(1717)   Pre Evacuate Collection Set: 0.0ms
[240.710s][info][gc,phases      ] GC(1717)   Evacuate Collection Set: 3.0ms
[240.710s][info][gc,phases      ] GC(1717)   Post Evacuate Collection Set: 0.5ms
[240.710s][info][gc,phases      ] GC(1717)   Other: 0.4ms
[240.710s][info][gc,heap        ] GC(1717) Eden regions: 313->0(313)
[240.710s][info][gc,heap        ] GC(1717) Survivor regions: 1->1(40)
[240.710s][info][gc,heap        ] GC(1717) Old regions: 78->78
[240.710s][info][gc,heap        ] GC(1717) Humongous regions: 11->6
[240.710s][info][gc,metaspace   ] GC(1717) Metaspace: 73427K->73427K(1116160K)
[240.710s][info][gc             ] GC(1717) Pause Young (Normal) (G1 Evacuation Pause) 401M->83M(524M) 3.916ms
[240.710s][info][gc,cpu         ] GC(1717) User=0.00s Sys=0.00s Real=0.01s
[240.867s][info][gc,start       ] GC(1718) Pause Young (Normal) (G1 Evacuation Pause)
[240.867s][info][gc,task        ] GC(1718) Using 1 workers of 1 for evacuation
[240.870s][info][gc,phases      ] GC(1718)   Pre Evacuate Collection Set: 0.0ms
[240.870s][info][gc,phases      ] GC(1718)   Evacuate Collection Set: 3.0ms
[240.870s][info][gc,phases      ] GC(1718)   Post Evacuate Collection Set: 0.4ms
[240.870s][info][gc,phases      ] GC(1718)   Other: 0.3ms
[240.870s][info][gc,heap        ] GC(1718) Eden regions: 313->0(313)
[240.870s][info][gc,heap        ] GC(1718) Survivor regions: 1->1(40)
[240.870s][info][gc,heap        ] GC(1718) Old regions: 78->78
[240.870s][info][gc,heap        ] GC(1718) Humongous regions: 6->6
[240.870s][info][gc,metaspace   ] GC(1718) Metaspace: 73427K->73427K(1116160K)
[240.870s][info][gc             ] GC(1718) Pause Young (Normal) (G1 Evacuation Pause) 396M->83M(524M) 3.753ms
[240.870s][info][gc,cpu         ] GC(1718) User=0.00s Sys=0.00s Real=0.01s
[241.015s][info][gc,start       ] GC(1719) Pause Young (Normal) (G1 Evacuation Pause)
[241.015s][info][gc,task        ] GC(1719) Using 1 workers of 1 for evacuation
[241.032s][info][gc,phases      ] GC(1719)   Pre Evacuate Collection Set: 0.0ms
[241.032s][info][gc,phases      ] GC(1719)   Evacuate Collection Set: 15.7ms
[241.032s][info][gc,phases      ] GC(1719)   Post Evacuate Collection Set: 0.4ms
[241.032s][info][gc,phases      ] GC(1719)   Other: 0.4ms
[241.032s][info][gc,heap        ] GC(1719) Eden regions: 313->0(313)
[241.032s][info][gc,heap        ] GC(1719) Survivor regions: 1->1(40)
[241.032s][info][gc,heap        ] GC(1719) Old regions: 78->78
[241.032s][info][gc,heap        ] GC(1719) Humongous regions: 6->6
[241.032s][info][gc,metaspace   ] GC(1719) Metaspace: 73427K->73427K(1116160K)
[241.032s][info][gc             ] GC(1719) Pause Young (Normal) (G1 Evacuation Pause) 396M->83M(524M) 16.561ms
[241.032s][info][gc,cpu         ] GC(1719) User=0.01s Sys=0.00s Real=0.02s
[241.178s][info][gc,start       ] GC(1720) Pause Young (Normal) (G1 Evacuation Pause)
[241.178s][info][gc,task        ] GC(1720) Using 1 workers of 1 for evacuation
[241.181s][info][gc,phases      ] GC(1720)   Pre Evacuate Collection Set: 0.1ms
[241.181s][info][gc,phases      ] GC(1720)   Evacuate Collection Set: 2.7ms
[241.181s][info][gc,phases      ] GC(1720)   Post Evacuate Collection Set: 0.4ms
[241.181s][info][gc,phases      ] GC(1720)   Other: 0.3ms
[241.181s][info][gc,heap        ] GC(1720) Eden regions: 313->0(313)
[241.181s][info][gc,heap        ] GC(1720) Survivor regions: 1->1(40)
[241.181s][info][gc,heap        ] GC(1720) Old regions: 78->78
[241.181s][info][gc,heap        ] GC(1720) Humongous regions: 6->6
[241.181s][info][gc,metaspace   ] GC(1720) Metaspace: 73427K->73427K(1116160K)
[241.181s][info][gc             ] GC(1720) Pause Young (Normal) (G1 Evacuation Pause) 396M->83M(524M) 3.561ms
[241.181s][info][gc,cpu         ] GC(1720) User=0.00s Sys=0.00s Real=0.01s
[241.333s][info][gc,start       ] GC(1721) Pause Young (Normal) (G1 Evacuation Pause)
[241.333s][info][gc,task        ] GC(1721) Using 1 workers of 1 for evacuation
[241.337s][info][gc,phases      ] GC(1721)   Pre Evacuate Collection Set: 0.0ms
[241.337s][info][gc,phases      ] GC(1721)   Evacuate Collection Set: 2.7ms
[241.337s][info][gc,phases      ] GC(1721)   Post Evacuate Collection Set: 0.5ms
[241.337s][info][gc,phases      ] GC(1721)   Other: 0.4ms
[241.337s][info][gc,heap        ] GC(1721) Eden regions: 313->0(313)
[241.337s][info][gc,heap        ] GC(1721) Survivor regions: 1->1(40)
[241.337s][info][gc,heap        ] GC(1721) Old regions: 78->78
[241.337s][info][gc,heap        ] GC(1721) Humongous regions: 6->6
[241.337s][info][gc,metaspace   ] GC(1721) Metaspace: 73427K->73427K(1116160K)
[241.337s][info][gc             ] GC(1721) Pause Young (Normal) (G1 Evacuation Pause) 396M->83M(524M) 3.674ms
[241.337s][info][gc,cpu         ] GC(1721) User=0.01s Sys=0.00s Real=0.00s
[241.486s][info][gc,start       ] GC(1722) Pause Young (Normal) (G1 Evacuation Pause)
[241.487s][info][gc,task        ] GC(1722) Using 1 workers of 1 for evacuation
[241.490s][info][gc,phases      ] GC(1722)   Pre Evacuate Collection Set: 0.0ms
[241.490s][info][gc,phases      ] GC(1722)   Evacuate Collection Set: 2.7ms
[241.490s][info][gc,phases      ] GC(1722)   Post Evacuate Collection Set: 0.5ms
[241.490s][info][gc,phases      ] GC(1722)   Other: 0.4ms
[241.490s][info][gc,heap        ] GC(1722) Eden regions: 313->0(313)
[241.490s][info][gc,heap        ] GC(1722) Survivor regions: 1->1(40)
[241.490s][info][gc,heap        ] GC(1722) Old regions: 78->78
[241.490s][info][gc,heap        ] GC(1722) Humongous regions: 6->6
[241.490s][info][gc,metaspace   ] GC(1722) Metaspace: 73427K->73427K(1116160K)
[241.490s][info][gc             ] GC(1722) Pause Young (Normal) (G1 Evacuation Pause) 396M->83M(524M) 3.646ms
[241.490s][info][gc,cpu         ] GC(1722) User=0.00s Sys=0.00s Real=0.01s
[241.633s][info][gc,start       ] GC(1723) Pause Young (Normal) (G1 Evacuation Pause)
[241.633s][info][gc,task        ] GC(1723) Using 1 workers of 1 for evacuation
[241.636s][info][gc,phases      ] GC(1723)   Pre Evacuate Collection Set: 0.0ms
[241.636s][info][gc,phases      ] GC(1723)   Evacuate Collection Set: 2.7ms
[241.636s][info][gc,phases      ] GC(1723)   Post Evacuate Collection Set: 0.4ms
[241.636s][info][gc,phases      ] GC(1723)   Other: 0.3ms
[241.636s][info][gc,heap        ] GC(1723) Eden regions: 313->0(313)
[241.636s][info][gc,heap        ] GC(1723) Survivor regions: 1->1(40)
[241.636s][info][gc,heap        ] GC(1723) Old regions: 78->78
[241.636s][info][gc,heap        ] GC(1723) Humongous regions: 6->6
[241.636s][info][gc,metaspace   ] GC(1723) Metaspace: 73427K->73427K(1116160K)
[241.636s][info][gc             ] GC(1723) Pause Young (Normal) (G1 Evacuation Pause) 396M->83M(524M) 3.481ms
[241.636s][info][gc,cpu         ] GC(1723) User=0.01s Sys=0.00s Real=0.00s
[241.793s][info][gc,start       ] GC(1724) Pause Young (Normal) (G1 Evacuation Pause)
[241.793s][info][gc,task        ] GC(1724) Using 1 workers of 1 for evacuation
[241.797s][info][gc,phases      ] GC(1724)   Pre Evacuate Collection Set: 0.0ms
[241.797s][info][gc,phases      ] GC(1724)   Evacuate Collection Set: 2.9ms
[241.797s][info][gc,phases      ] GC(1724)   Post Evacuate Collection Set: 0.4ms
[241.797s][info][gc,phases      ] GC(1724)   Other: 0.4ms
[241.797s][info][gc,heap        ] GC(1724) Eden regions: 313->0(313)
[241.797s][info][gc,heap        ] GC(1724) Survivor regions: 1->1(40)
[241.797s][info][gc,heap        ] GC(1724) Old regions: 78->78
[241.797s][info][gc,heap        ] GC(1724) Humongous regions: 6->6
[241.797s][info][gc,metaspace   ] GC(1724) Metaspace: 73427K->73427K(1116160K)
[241.797s][info][gc             ] GC(1724) Pause Young (Normal) (G1 Evacuation Pause) 396M->83M(524M) 3.709ms
[241.797s][info][gc,cpu         ] GC(1724) User=0.01s Sys=0.00s Real=0.00s
[241.951s][info][gc,start       ] GC(1725) Pause Young (Normal) (G1 Evacuation Pause)
[241.951s][info][gc,task        ] GC(1725) Using 1 workers of 1 for evacuation
[241.954s][info][gc,phases      ] GC(1725)   Pre Evacuate Collection Set: 0.0ms
[241.954s][info][gc,phases      ] GC(1725)   Evacuate Collection Set: 2.7ms
[241.954s][info][gc,phases      ] GC(1725)   Post Evacuate Collection Set: 0.5ms
[241.954s][info][gc,phases      ] GC(1725)   Other: 0.3ms
[241.954s][info][gc,heap        ] GC(1725) Eden regions: 313->0(313)
[241.954s][info][gc,heap        ] GC(1725) Survivor regions: 1->1(40)
[241.954s][info][gc,heap        ] GC(1725) Old regions: 78->78
[241.954s][info][gc,heap        ] GC(1725) Humongous regions: 11->6
[241.954s][info][gc,metaspace   ] GC(1725) Metaspace: 73428K->73428K(1116160K)
[241.954s][info][gc             ] GC(1725) Pause Young (Normal) (G1 Evacuation Pause) 401M->83M(524M) 3.610ms
[241.954s][info][gc,cpu         ] GC(1725) User=0.00s Sys=0.00s Real=0.00s
[242.105s][info][gc,start       ] GC(1726) Pause Young (Normal) (G1 Evacuation Pause)
[242.105s][info][gc,task        ] GC(1726) Using 1 workers of 1 for evacuation
[242.108s][info][gc,phases      ] GC(1726)   Pre Evacuate Collection Set: 0.0ms
[242.108s][info][gc,phases      ] GC(1726)   Evacuate Collection Set: 2.7ms
[242.108s][info][gc,phases      ] GC(1726)   Post Evacuate Collection Set: 0.4ms
[242.108s][info][gc,phases      ] GC(1726)   Other: 0.4ms
[242.108s][info][gc,heap        ] GC(1726) Eden regions: 313->0(313)
[242.108s][info][gc,heap        ] GC(1726) Survivor regions: 1->1(40)
[242.108s][info][gc,heap        ] GC(1726) Old regions: 78->78
[242.108s][info][gc,heap        ] GC(1726) Humongous regions: 6->6
[242.108s][info][gc,metaspace   ] GC(1726) Metaspace: 73428K->73428K(1116160K)
[242.108s][info][gc             ] GC(1726) Pause Young (Normal) (G1 Evacuation Pause) 396M->83M(524M) 3.559ms
[242.109s][info][gc,cpu         ] GC(1726) User=0.01s Sys=0.00s Real=0.00s
[242.252s][info][gc,start       ] GC(1727) Pause Young (Normal) (G1 Evacuation Pause)
[242.253s][info][gc,task        ] GC(1727) Using 1 workers of 1 for evacuation
[242.256s][info][gc,phases      ] GC(1727)   Pre Evacuate Collection Set: 0.0ms
[242.256s][info][gc,phases      ] GC(1727)   Evacuate Collection Set: 2.7ms
[242.256s][info][gc,phases      ] GC(1727)   Post Evacuate Collection Set: 0.4ms
[242.256s][info][gc,phases      ] GC(1727)   Other: 0.4ms
[242.256s][info][gc,heap        ] GC(1727) Eden regions: 313->0(313)
[242.256s][info][gc,heap        ] GC(1727) Survivor regions: 1->1(40)
[242.256s][info][gc,heap        ] GC(1727) Old regions: 78->78
[242.256s][info][gc,heap        ] GC(1727) Humongous regions: 6->6
[242.256s][info][gc,metaspace   ] GC(1727) Metaspace: 73428K->73428K(1116160K)
[242.256s][info][gc             ] GC(1727) Pause Young (Normal) (G1 Evacuation Pause) 396M->83M(524M) 3.552ms
[242.256s][info][gc,cpu         ] GC(1727) User=0.01s Sys=0.00s Real=0.00s
[242.408s][info][gc,start       ] GC(1728) Pause Young (Normal) (G1 Evacuation Pause)
[242.408s][info][gc,task        ] GC(1728) Using 1 workers of 1 for evacuation
[242.412s][info][gc,phases      ] GC(1728)   Pre Evacuate Collection Set: 0.1ms
[242.412s][info][gc,phases      ] GC(1728)   Evacuate Collection Set: 2.7ms
[242.412s][info][gc,phases      ] GC(1728)   Post Evacuate Collection Set: 0.4ms
[242.412s][info][gc,phases      ] GC(1728)   Other: 0.3ms
[242.412s][info][gc,heap        ] GC(1728) Eden regions: 313->0(313)
[242.412s][info][gc,heap        ] GC(1728) Survivor regions: 1->1(40)
[242.412s][info][gc,heap        ] GC(1728) Old regions: 78->78
[242.412s][info][gc,heap        ] GC(1728) Humongous regions: 6->6
[242.412s][info][gc,metaspace   ] GC(1728) Metaspace: 73428K->73428K(1116160K)
[242.412s][info][gc             ] GC(1728) Pause Young (Normal) (G1 Evacuation Pause) 396M->83M(524M) 3.494ms
[242.412s][info][gc,cpu         ] GC(1728) User=0.00s Sys=0.00s Real=0.01s
[242.557s][info][gc,start       ] GC(1729) Pause Young (Normal) (G1 Evacuation Pause)
[242.557s][info][gc,task        ] GC(1729) Using 1 workers of 1 for evacuation
[242.560s][info][gc,phases      ] GC(1729)   Pre Evacuate Collection Set: 0.0ms
[242.560s][info][gc,phases      ] GC(1729)   Evacuate Collection Set: 2.7ms
[242.560s][info][gc,phases      ] GC(1729)   Post Evacuate Collection Set: 0.4ms
[242.560s][info][gc,phases      ] GC(1729)   Other: 0.4ms
[242.560s][info][gc,heap        ] GC(1729) Eden regions: 313->0(313)
[242.560s][info][gc,heap        ] GC(1729) Survivor regions: 1->1(40)
[242.560s][info][gc,heap        ] GC(1729) Old regions: 78->78
[242.560s][info][gc,heap        ] GC(1729) Humongous regions: 6->6
[242.560s][info][gc,metaspace   ] GC(1729) Metaspace: 73428K->73428K(1116160K)
[242.560s][info][gc             ] GC(1729) Pause Young (Normal) (G1 Evacuation Pause) 396M->83M(524M) 3.539ms
[242.561s][info][gc,cpu         ] GC(1729) User=0.00s Sys=0.00s Real=0.01s
[242.707s][info][gc,start       ] GC(1730) Pause Young (Normal) (G1 Evacuation Pause)
[242.707s][info][gc,task        ] GC(1730) Using 1 workers of 1 for evacuation
[242.711s][info][gc,phases      ] GC(1730)   Pre Evacuate Collection Set: 0.0ms
[242.711s][info][gc,phases      ] GC(1730)   Evacuate Collection Set: 2.9ms
[242.711s][info][gc,phases      ] GC(1730)   Post Evacuate Collection Set: 0.4ms
[242.711s][info][gc,phases      ] GC(1730)   Other: 0.3ms
[242.711s][info][gc,heap        ] GC(1730) Eden regions: 313->0(313)
[242.711s][info][gc,heap        ] GC(1730) Survivor regions: 1->1(40)
[242.711s][info][gc,heap        ] GC(1730) Old regions: 78->78
[242.711s][info][gc,heap        ] GC(1730) Humongous regions: 6->6
[242.711s][info][gc,metaspace   ] GC(1730) Metaspace: 73428K->73428K(1116160K)
[242.711s][info][gc             ] GC(1730) Pause Young (Normal) (G1 Evacuation Pause) 396M->83M(524M) 3.782ms
[242.711s][info][gc,cpu         ] GC(1730) User=0.00s Sys=0.00s Real=0.01s
[242.862s][info][gc,start       ] GC(1731) Pause Young (Normal) (G1 Evacuation Pause)
[242.862s][info][gc,task        ] GC(1731) Using 1 workers of 1 for evacuation
[242.866s][info][gc,phases      ] GC(1731)   Pre Evacuate Collection Set: 0.0ms
[242.866s][info][gc,phases      ] GC(1731)   Evacuate Collection Set: 2.9ms
[242.866s][info][gc,phases      ] GC(1731)   Post Evacuate Collection Set: 0.4ms
[242.866s][info][gc,phases      ] GC(1731)   Other: 0.4ms
[242.866s][info][gc,heap        ] GC(1731) Eden regions: 313->0(313)
[242.866s][info][gc,heap        ] GC(1731) Survivor regions: 1->1(40)
[242.866s][info][gc,heap        ] GC(1731) Old regions: 78->78
[242.866s][info][gc,heap        ] GC(1731) Humongous regions: 6->6
[242.866s][info][gc,metaspace   ] GC(1731) Metaspace: 73428K->73428K(1116160K)
[242.866s][info][gc             ] GC(1731) Pause Young (Normal) (G1 Evacuation Pause) 396M->83M(524M) 3.847ms
[242.866s][info][gc,cpu         ] GC(1731) User=0.00s Sys=0.00s Real=0.00s
[243.050s][info][gc,start       ] GC(1732) Pause Young (Normal) (G1 Evacuation Pause)
[243.050s][info][gc,task        ] GC(1732) Using 1 workers of 1 for evacuation
[243.054s][info][gc,phases      ] GC(1732)   Pre Evacuate Collection Set: 0.0ms
[243.054s][info][gc,phases      ] GC(1732)   Evacuate Collection Set: 3.3ms
[243.054s][info][gc,phases      ] GC(1732)   Post Evacuate Collection Set: 0.4ms
[243.054s][info][gc,phases      ] GC(1732)   Other: 0.5ms
[243.054s][info][gc,heap        ] GC(1732) Eden regions: 313->0(313)
[243.054s][info][gc,heap        ] GC(1732) Survivor regions: 1->1(40)
[243.054s][info][gc,heap        ] GC(1732) Old regions: 78->78
[243.054s][info][gc,heap        ] GC(1732) Humongous regions: 11->6
[243.054s][info][gc,metaspace   ] GC(1732) Metaspace: 73428K->73428K(1116160K)
[243.054s][info][gc             ] GC(1732) Pause Young (Normal) (G1 Evacuation Pause) 401M->83M(524M) 4.229ms
[243.055s][info][gc,cpu         ] GC(1732) User=0.01s Sys=0.00s Real=0.00s
[243.199s][info][gc,start       ] GC(1733) Pause Young (Normal) (G1 Evacuation Pause)
[243.199s][info][gc,task        ] GC(1733) Using 1 workers of 1 for evacuation
[243.203s][info][gc,phases      ] GC(1733)   Pre Evacuate Collection Set: 0.0ms
[243.203s][info][gc,phases      ] GC(1733)   Evacuate Collection Set: 2.9ms
[243.203s][info][gc,phases      ] GC(1733)   Post Evacuate Collection Set: 0.4ms
[243.203s][info][gc,phases      ] GC(1733)   Other: 0.3ms
[243.203s][info][gc,heap        ] GC(1733) Eden regions: 313->0(313)
[243.203s][info][gc,heap        ] GC(1733) Survivor regions: 1->1(40)
[243.203s][info][gc,heap        ] GC(1733) Old regions: 78->78
[243.203s][info][gc,heap        ] GC(1733) Humongous regions: 6->6
[243.203s][info][gc,metaspace   ] GC(1733) Metaspace: 73428K->73428K(1116160K)
[243.203s][info][gc             ] GC(1733) Pause Young (Normal) (G1 Evacuation Pause) 396M->83M(524M) 3.674ms
[243.203s][info][gc,cpu         ] GC(1733) User=0.01s Sys=0.00s Real=0.00s
[243.353s][info][gc,start       ] GC(1734) Pause Young (Normal) (G1 Evacuation Pause)
[243.353s][info][gc,task        ] GC(1734) Using 1 workers of 1 for evacuation
[243.356s][info][gc,phases      ] GC(1734)   Pre Evacuate Collection Set: 0.0ms
[243.356s][info][gc,phases      ] GC(1734)   Evacuate Collection Set: 2.9ms
[243.356s][info][gc,phases      ] GC(1734)   Post Evacuate Collection Set: 0.4ms
[243.356s][info][gc,phases      ] GC(1734)   Other: 0.3ms
[243.356s][info][gc,heap        ] GC(1734) Eden regions: 313->0(313)
[243.356s][info][gc,heap        ] GC(1734) Survivor regions: 1->1(40)
[243.356s][info][gc,heap        ] GC(1734) Old regions: 78->78
[243.356s][info][gc,heap        ] GC(1734) Humongous regions: 6->6
[243.356s][info][gc,metaspace   ] GC(1734) Metaspace: 73428K->73428K(1116160K)
[243.356s][info][gc             ] GC(1734) Pause Young (Normal) (G1 Evacuation Pause) 396M->83M(524M) 3.758ms
[243.356s][info][gc,cpu         ] GC(1734) User=0.00s Sys=0.00s Real=0.00s
[243.504s][info][gc,start       ] GC(1735) Pause Young (Normal) (G1 Evacuation Pause)
[243.504s][info][gc,task        ] GC(1735) Using 1 workers of 1 for evacuation
[243.507s][info][gc,phases      ] GC(1735)   Pre Evacuate Collection Set: 0.0ms
[243.507s][info][gc,phases      ] GC(1735)   Evacuate Collection Set: 2.8ms
[243.507s][info][gc,phases      ] GC(1735)   Post Evacuate Collection Set: 0.4ms
[243.507s][info][gc,phases      ] GC(1735)   Other: 0.3ms
[243.507s][info][gc,heap        ] GC(1735) Eden regions: 313->0(313)
[243.507s][info][gc,heap        ] GC(1735) Survivor regions: 1->1(40)
[243.507s][info][gc,heap        ] GC(1735) Old regions: 78->78
[243.507s][info][gc,heap        ] GC(1735) Humongous regions: 6->6
[243.507s][info][gc,metaspace   ] GC(1735) Metaspace: 73428K->73428K(1116160K)
[243.508s][info][gc             ] GC(1735) Pause Young (Normal) (G1 Evacuation Pause) 396M->83M(524M) 3.617ms
[243.508s][info][gc,cpu         ] GC(1735) User=0.00s Sys=0.00s Real=0.00s
[243.656s][info][gc,start       ] GC(1736) Pause Young (Normal) (G1 Evacuation Pause)
[243.656s][info][gc,task        ] GC(1736) Using 1 workers of 1 for evacuation
[243.659s][info][gc,phases      ] GC(1736)   Pre Evacuate Collection Set: 0.0ms
[243.659s][info][gc,phases      ] GC(1736)   Evacuate Collection Set: 2.8ms
[243.659s][info][gc,phases      ] GC(1736)   Post Evacuate Collection Set: 0.4ms
[243.659s][info][gc,phases      ] GC(1736)   Other: 0.4ms
[243.659s][info][gc,heap        ] GC(1736) Eden regions: 313->0(313)
[243.659s][info][gc,heap        ] GC(1736) Survivor regions: 1->1(40)
[243.659s][info][gc,heap        ] GC(1736) Old regions: 78->78
[243.659s][info][gc,heap        ] GC(1736) Humongous regions: 6->6
[243.659s][info][gc,metaspace   ] GC(1736) Metaspace: 73428K->73428K(1116160K)
[243.660s][info][gc             ] GC(1736) Pause Young (Normal) (G1 Evacuation Pause) 396M->83M(524M) 3.701ms
[243.660s][info][gc,cpu         ] GC(1736) User=0.00s Sys=0.00s Real=0.01s
[243.808s][info][gc,start       ] GC(1737) Pause Young (Normal) (G1 Evacuation Pause)
[243.808s][info][gc,task        ] GC(1737) Using 1 workers of 1 for evacuation
[243.811s][info][gc,phases      ] GC(1737)   Pre Evacuate Collection Set: 0.0ms
[243.811s][info][gc,phases      ] GC(1737)   Evacuate Collection Set: 2.9ms
[243.811s][info][gc,phases      ] GC(1737)   Post Evacuate Collection Set: 0.4ms
[243.811s][info][gc,phases      ] GC(1737)   Other: 0.4ms
[243.811s][info][gc,heap        ] GC(1737) Eden regions: 313->0(313)
[243.811s][info][gc,heap        ] GC(1737) Survivor regions: 1->1(40)
[243.811s][info][gc,heap        ] GC(1737) Old regions: 78->78
[243.811s][info][gc,heap        ] GC(1737) Humongous regions: 6->6
[243.811s][info][gc,metaspace   ] GC(1737) Metaspace: 73428K->73428K(1116160K)
[243.811s][info][gc             ] GC(1737) Pause Young (Normal) (G1 Evacuation Pause) 396M->83M(524M) 3.743ms
[243.811s][info][gc,cpu         ] GC(1737) User=0.00s Sys=0.00s Real=0.01s
[243.955s][info][gc,start       ] GC(1738) Pause Young (Normal) (G1 Evacuation Pause)
[243.955s][info][gc,task        ] GC(1738) Using 1 workers of 1 for evacuation
[243.959s][info][gc,phases      ] GC(1738)   Pre Evacuate Collection Set: 0.0ms
[243.959s][info][gc,phases      ] GC(1738)   Evacuate Collection Set: 3.0ms
[243.959s][info][gc,phases      ] GC(1738)   Post Evacuate Collection Set: 0.4ms
[243.959s][info][gc,phases      ] GC(1738)   Other: 0.3ms
[243.959s][info][gc,heap        ] GC(1738) Eden regions: 313->0(313)
[243.959s][info][gc,heap        ] GC(1738) Survivor regions: 1->1(40)
[243.959s][info][gc,heap        ] GC(1738) Old regions: 78->78
[243.959s][info][gc,heap        ] GC(1738) Humongous regions: 6->6
[243.959s][info][gc,metaspace   ] GC(1738) Metaspace: 73428K->73428K(1116160K)
[243.959s][info][gc             ] GC(1738) Pause Young (Normal) (G1 Evacuation Pause) 396M->83M(524M) 3.780ms
[243.959s][info][gc,cpu         ] GC(1738) User=0.00s Sys=0.00s Real=0.01s
[244.129s][info][gc,start       ] GC(1739) Pause Young (Normal) (G1 Evacuation Pause)
[244.129s][info][gc,task        ] GC(1739) Using 1 workers of 1 for evacuation
[244.132s][info][gc,phases      ] GC(1739)   Pre Evacuate Collection Set: 0.0ms
[244.132s][info][gc,phases      ] GC(1739)   Evacuate Collection Set: 2.8ms
[244.132s][info][gc,phases      ] GC(1739)   Post Evacuate Collection Set: 0.4ms
[244.132s][info][gc,phases      ] GC(1739)   Other: 0.4ms
[244.132s][info][gc,heap        ] GC(1739) Eden regions: 313->0(313)
[244.132s][info][gc,heap        ] GC(1739) Survivor regions: 1->1(40)
[244.132s][info][gc,heap        ] GC(1739) Old regions: 78->78
[244.132s][info][gc,heap        ] GC(1739) Humongous regions: 11->6
[244.132s][info][gc,metaspace   ] GC(1739) Metaspace: 73432K->73432K(1116160K)
[244.132s][info][gc             ] GC(1739) Pause Young (Normal) (G1 Evacuation Pause) 401M->83M(524M) 3.648ms
[244.132s][info][gc,cpu         ] GC(1739) User=0.00s Sys=0.00s Real=0.01s
[244.278s][info][gc,start       ] GC(1740) Pause Young (Normal) (G1 Evacuation Pause)
[244.278s][info][gc,task        ] GC(1740) Using 1 workers of 1 for evacuation
[244.281s][info][gc,phases      ] GC(1740)   Pre Evacuate Collection Set: 0.0ms
[244.281s][info][gc,phases      ] GC(1740)   Evacuate Collection Set: 2.7ms
[244.281s][info][gc,phases      ] GC(1740)   Post Evacuate Collection Set: 0.4ms
[244.281s][info][gc,phases      ] GC(1740)   Other: 0.4ms
[244.281s][info][gc,heap        ] GC(1740) Eden regions: 313->0(313)
[244.281s][info][gc,heap        ] GC(1740) Survivor regions: 1->1(40)
[244.281s][info][gc,heap        ] GC(1740) Old regions: 78->78
[244.281s][info][gc,heap        ] GC(1740) Humongous regions: 6->6
[244.281s][info][gc,metaspace   ] GC(1740) Metaspace: 73432K->73432K(1116160K)
[244.281s][info][gc             ] GC(1740) Pause Young (Normal) (G1 Evacuation Pause) 396M->83M(524M) 3.569ms
[244.281s][info][gc,cpu         ] GC(1740) User=0.00s Sys=0.00s Real=0.01s
[244.437s][info][gc,start       ] GC(1741) Pause Young (Normal) (G1 Evacuation Pause)
[244.437s][info][gc,task        ] GC(1741) Using 1 workers of 1 for evacuation
[244.441s][info][gc,phases      ] GC(1741)   Pre Evacuate Collection Set: 0.1ms
[244.441s][info][gc,phases      ] GC(1741)   Evacuate Collection Set: 3.3ms
[244.441s][info][gc,phases      ] GC(1741)   Post Evacuate Collection Set: 0.6ms
[244.441s][info][gc,phases      ] GC(1741)   Other: 0.5ms
[244.441s][info][gc,heap        ] GC(1741) Eden regions: 313->0(313)
[244.441s][info][gc,heap        ] GC(1741) Survivor regions: 1->1(40)
[244.441s][info][gc,heap        ] GC(1741) Old regions: 78->78
[244.441s][info][gc,heap        ] GC(1741) Humongous regions: 6->6
[244.441s][info][gc,metaspace   ] GC(1741) Metaspace: 73432K->73432K(1116160K)
[244.441s][info][gc             ] GC(1741) Pause Young (Normal) (G1 Evacuation Pause) 396M->83M(524M) 4.500ms
[244.441s][info][gc,cpu         ] GC(1741) User=0.00s Sys=0.00s Real=0.01s
[244.590s][info][gc,start       ] GC(1742) Pause Young (Normal) (G1 Evacuation Pause)
[244.590s][info][gc,task        ] GC(1742) Using 1 workers of 1 for evacuation
[244.593s][info][gc,phases      ] GC(1742)   Pre Evacuate Collection Set: 0.0ms
[244.593s][info][gc,phases      ] GC(1742)   Evacuate Collection Set: 2.6ms
[244.593s][info][gc,phases      ] GC(1742)   Post Evacuate Collection Set: 0.4ms
[244.593s][info][gc,phases      ] GC(1742)   Other: 0.3ms
[244.593s][info][gc,heap        ] GC(1742) Eden regions: 313->0(313)
[244.593s][info][gc,heap        ] GC(1742) Survivor regions: 1->1(40)
[244.593s][info][gc,heap        ] GC(1742) Old regions: 78->78
[244.593s][info][gc,heap        ] GC(1742) Humongous regions: 6->6
[244.593s][info][gc,metaspace   ] GC(1742) Metaspace: 73432K->73432K(1116160K)
[244.593s][info][gc             ] GC(1742) Pause Young (Normal) (G1 Evacuation Pause) 396M->83M(524M) 3.321ms
[244.593s][info][gc,cpu         ] GC(1742) User=0.00s Sys=0.00s Real=0.00s
[244.744s][info][gc,start       ] GC(1743) Pause Young (Normal) (G1 Evacuation Pause)
[244.744s][info][gc,task        ] GC(1743) Using 1 workers of 1 for evacuation
[244.748s][info][gc,phases      ] GC(1743)   Pre Evacuate Collection Set: 0.0ms
[244.748s][info][gc,phases      ] GC(1743)   Evacuate Collection Set: 2.9ms
[244.748s][info][gc,phases      ] GC(1743)   Post Evacuate Collection Set: 0.5ms
[244.748s][info][gc,phases      ] GC(1743)   Other: 0.4ms
[244.748s][info][gc,heap        ] GC(1743) Eden regions: 313->0(313)
[244.748s][info][gc,heap        ] GC(1743) Survivor regions: 1->1(40)
[244.748s][info][gc,heap        ] GC(1743) Old regions: 78->78
[244.748s][info][gc,heap        ] GC(1743) Humongous regions: 6->6
[244.748s][info][gc,metaspace   ] GC(1743) Metaspace: 73432K->73432K(1116160K)
[244.748s][info][gc             ] GC(1743) Pause Young (Normal) (G1 Evacuation Pause) 396M->83M(524M) 3.921ms
[244.748s][info][gc,cpu         ] GC(1743) User=0.01s Sys=0.00s Real=0.00s
[244.895s][info][gc,start       ] GC(1744) Pause Young (Normal) (G1 Evacuation Pause)
[244.895s][info][gc,task        ] GC(1744) Using 1 workers of 1 for evacuation
[244.898s][info][gc,phases      ] GC(1744)   Pre Evacuate Collection Set: 0.0ms
[244.898s][info][gc,phases      ] GC(1744)   Evacuate Collection Set: 2.7ms
[244.898s][info][gc,phases      ] GC(1744)   Post Evacuate Collection Set: 0.4ms
[244.898s][info][gc,phases      ] GC(1744)   Other: 0.3ms
[244.898s][info][gc,heap        ] GC(1744) Eden regions: 313->0(313)
[244.898s][info][gc,heap        ] GC(1744) Survivor regions: 1->1(40)
[244.898s][info][gc,heap        ] GC(1744) Old regions: 78->78
[244.898s][info][gc,heap        ] GC(1744) Humongous regions: 6->6
[244.898s][info][gc,metaspace   ] GC(1744) Metaspace: 73432K->73432K(1116160K)
[244.898s][info][gc             ] GC(1744) Pause Young (Normal) (G1 Evacuation Pause) 396M->83M(524M) 3.480ms
[244.898s][info][gc,cpu         ] GC(1744) User=0.01s Sys=0.00s Real=0.01s
[245.055s][info][gc,start       ] GC(1745) Pause Young (Normal) (G1 Evacuation Pause)
[245.055s][info][gc,task        ] GC(1745) Using 1 workers of 1 for evacuation
[245.058s][info][gc,phases      ] GC(1745)   Pre Evacuate Collection Set: 0.0ms
[245.058s][info][gc,phases      ] GC(1745)   Evacuate Collection Set: 2.9ms
[245.058s][info][gc,phases      ] GC(1745)   Post Evacuate Collection Set: 0.4ms
[245.058s][info][gc,phases      ] GC(1745)   Other: 0.4ms
[245.058s][info][gc,heap        ] GC(1745) Eden regions: 313->0(313)
[245.058s][info][gc,heap        ] GC(1745) Survivor regions: 1->1(40)
[245.058s][info][gc,heap        ] GC(1745) Old regions: 78->78
[245.058s][info][gc,heap        ] GC(1745) Humongous regions: 6->6
[245.058s][info][gc,metaspace   ] GC(1745) Metaspace: 73432K->73432K(1116160K)
[245.058s][info][gc             ] GC(1745) Pause Young (Normal) (G1 Evacuation Pause) 396M->83M(524M) 3.750ms
[245.059s][info][gc,cpu         ] GC(1745) User=0.01s Sys=0.00s Real=0.01s
[245.219s][info][gc,start       ] GC(1746) Pause Young (Normal) (G1 Evacuation Pause)
[245.219s][info][gc,task        ] GC(1746) Using 1 workers of 1 for evacuation
[245.223s][info][gc,phases      ] GC(1746)   Pre Evacuate Collection Set: 0.0ms
[245.223s][info][gc,phases      ] GC(1746)   Evacuate Collection Set: 3.0ms
[245.223s][info][gc,phases      ] GC(1746)   Post Evacuate Collection Set: 0.4ms
[245.223s][info][gc,phases      ] GC(1746)   Other: 0.3ms
[245.223s][info][gc,heap        ] GC(1746) Eden regions: 313->0(313)
[245.223s][info][gc,heap        ] GC(1746) Survivor regions: 1->1(40)
[245.223s][info][gc,heap        ] GC(1746) Old regions: 78->78
[245.223s][info][gc,heap        ] GC(1746) Humongous regions: 11->6
[245.223s][info][gc,metaspace   ] GC(1746) Metaspace: 73432K->73432K(1116160K)
[245.223s][info][gc             ] GC(1746) Pause Young (Normal) (G1 Evacuation Pause) 401M->83M(524M) 3.845ms
[245.223s][info][gc,cpu         ] GC(1746) User=0.00s Sys=0.00s Real=0.00s
[245.370s][info][gc,start       ] GC(1747) Pause Young (Normal) (G1 Evacuation Pause)
[245.370s][info][gc,task        ] GC(1747) Using 1 workers of 1 for evacuation
[245.374s][info][gc,phases      ] GC(1747)   Pre Evacuate Collection Set: 0.0ms
[245.374s][info][gc,phases      ] GC(1747)   Evacuate Collection Set: 3.0ms
[245.374s][info][gc,phases      ] GC(1747)   Post Evacuate Collection Set: 0.4ms
[245.374s][info][gc,phases      ] GC(1747)   Other: 0.5ms
[245.374s][info][gc,heap        ] GC(1747) Eden regions: 313->0(313)
[245.374s][info][gc,heap        ] GC(1747) Survivor regions: 1->1(40)
[245.374s][info][gc,heap        ] GC(1747) Old regions: 78->78
[245.374s][info][gc,heap        ] GC(1747) Humongous regions: 6->6
[245.374s][info][gc,metaspace   ] GC(1747) Metaspace: 73432K->73432K(1116160K)
[245.374s][info][gc             ] GC(1747) Pause Young (Normal) (G1 Evacuation Pause) 396M->83M(524M) 3.976ms
[245.374s][info][gc,cpu         ] GC(1747) User=0.00s Sys=0.00s Real=0.00s
[245.519s][info][gc,start       ] GC(1748) Pause Young (Normal) (G1 Evacuation Pause)
[245.519s][info][gc,task        ] GC(1748) Using 1 workers of 1 for evacuation
[245.523s][info][gc,phases      ] GC(1748)   Pre Evacuate Collection Set: 0.0ms
[245.523s][info][gc,phases      ] GC(1748)   Evacuate Collection Set: 2.8ms
[245.523s][info][gc,phases      ] GC(1748)   Post Evacuate Collection Set: 0.4ms
[245.523s][info][gc,phases      ] GC(1748)   Other: 0.3ms
[245.523s][info][gc,heap        ] GC(1748) Eden regions: 313->0(313)
[245.523s][info][gc,heap        ] GC(1748) Survivor regions: 1->1(40)
[245.523s][info][gc,heap        ] GC(1748) Old regions: 78->78
[245.523s][info][gc,heap        ] GC(1748) Humongous regions: 6->6
[245.523s][info][gc,metaspace   ] GC(1748) Metaspace: 73432K->73432K(1116160K)
[245.523s][info][gc             ] GC(1748) Pause Young (Normal) (G1 Evacuation Pause) 396M->83M(524M) 3.556ms
[245.523s][info][gc,cpu         ] GC(1748) User=0.00s Sys=0.00s Real=0.00s
[245.669s][info][gc,start       ] GC(1749) Pause Young (Normal) (G1 Evacuation Pause)
[245.669s][info][gc,task        ] GC(1749) Using 1 workers of 1 for evacuation
[245.672s][info][gc,phases      ] GC(1749)   Pre Evacuate Collection Set: 0.0ms
[245.672s][info][gc,phases      ] GC(1749)   Evacuate Collection Set: 2.9ms
[245.672s][info][gc,phases      ] GC(1749)   Post Evacuate Collection Set: 0.4ms
[245.672s][info][gc,phases      ] GC(1749)   Other: 0.3ms
[245.672s][info][gc,heap        ] GC(1749) Eden regions: 313->0(313)
[245.672s][info][gc,heap        ] GC(1749) Survivor regions: 1->1(40)
[245.672s][info][gc,heap        ] GC(1749) Old regions: 78->78
[245.672s][info][gc,heap        ] GC(1749) Humongous regions: 6->6
[245.672s][info][gc,metaspace   ] GC(1749) Metaspace: 73432K->73432K(1116160K)
[245.672s][info][gc             ] GC(1749) Pause Young (Normal) (G1 Evacuation Pause) 396M->83M(524M) 3.823ms
[245.672s][info][gc,cpu         ] GC(1749) User=0.00s Sys=0.00s Real=0.01s
[245.823s][info][gc,start       ] GC(1750) Pause Young (Normal) (G1 Evacuation Pause)
[245.823s][info][gc,task        ] GC(1750) Using 1 workers of 1 for evacuation
[245.826s][info][gc,phases      ] GC(1750)   Pre Evacuate Collection Set: 0.0ms
[245.826s][info][gc,phases      ] GC(1750)   Evacuate Collection Set: 2.8ms
[245.826s][info][gc,phases      ] GC(1750)   Post Evacuate Collection Set: 0.4ms
[245.826s][info][gc,phases      ] GC(1750)   Other: 0.3ms
[245.826s][info][gc,heap        ] GC(1750) Eden regions: 313->0(313)
[245.826s][info][gc,heap        ] GC(1750) Survivor regions: 1->1(40)
[245.826s][info][gc,heap        ] GC(1750) Old regions: 78->78
[245.826s][info][gc,heap        ] GC(1750) Humongous regions: 6->6
[245.826s][info][gc,metaspace   ] GC(1750) Metaspace: 73432K->73432K(1116160K)
[245.826s][info][gc             ] GC(1750) Pause Young (Normal) (G1 Evacuation Pause) 396M->83M(524M) 3.618ms
[245.826s][info][gc,cpu         ] GC(1750) User=0.00s Sys=0.00s Real=0.00s
[245.975s][info][gc,start       ] GC(1751) Pause Young (Normal) (G1 Evacuation Pause)
[245.975s][info][gc,task        ] GC(1751) Using 1 workers of 1 for evacuation
[245.979s][info][gc,phases      ] GC(1751)   Pre Evacuate Collection Set: 0.0ms
[245.979s][info][gc,phases      ] GC(1751)   Evacuate Collection Set: 3.0ms
[245.979s][info][gc,phases      ] GC(1751)   Post Evacuate Collection Set: 0.4ms
[245.979s][info][gc,phases      ] GC(1751)   Other: 0.5ms
[245.979s][info][gc,heap        ] GC(1751) Eden regions: 313->0(313)
[245.979s][info][gc,heap        ] GC(1751) Survivor regions: 1->1(40)
[245.979s][info][gc,heap        ] GC(1751) Old regions: 78->78
[245.979s][info][gc,heap        ] GC(1751) Humongous regions: 6->6
[245.979s][info][gc,metaspace   ] GC(1751) Metaspace: 73432K->73432K(1116160K)
[245.979s][info][gc             ] GC(1751) Pause Young (Normal) (G1 Evacuation Pause) 396M->83M(524M) 3.932ms
[245.979s][info][gc,cpu         ] GC(1751) User=0.00s Sys=0.00s Real=0.01s
[246.130s][info][gc,start       ] GC(1752) Pause Young (Normal) (G1 Evacuation Pause)
[246.130s][info][gc,task        ] GC(1752) Using 1 workers of 1 for evacuation
[246.133s][info][gc,phases      ] GC(1752)   Pre Evacuate Collection Set: 0.0ms
[246.133s][info][gc,phases      ] GC(1752)   Evacuate Collection Set: 2.7ms
[246.133s][info][gc,phases      ] GC(1752)   Post Evacuate Collection Set: 0.4ms
[246.133s][info][gc,phases      ] GC(1752)   Other: 0.3ms
[246.133s][info][gc,heap        ] GC(1752) Eden regions: 313->0(313)
[246.133s][info][gc,heap        ] GC(1752) Survivor regions: 1->1(40)
[246.133s][info][gc,heap        ] GC(1752) Old regions: 78->78
[246.133s][info][gc,heap        ] GC(1752) Humongous regions: 6->6
[246.133s][info][gc,metaspace   ] GC(1752) Metaspace: 73432K->73432K(1116160K)
[246.133s][info][gc             ] GC(1752) Pause Young (Normal) (G1 Evacuation Pause) 396M->83M(524M) 3.460ms
[246.133s][info][gc,cpu         ] GC(1752) User=0.01s Sys=0.00s Real=0.00s
[246.278s][info][gc,start       ] GC(1753) Pause Young (Normal) (G1 Evacuation Pause)
[246.278s][info][gc,task        ] GC(1753) Using 1 workers of 1 for evacuation
[246.281s][info][gc,phases      ] GC(1753)   Pre Evacuate Collection Set: 0.0ms
[246.281s][info][gc,phases      ] GC(1753)   Evacuate Collection Set: 2.8ms
[246.281s][info][gc,phases      ] GC(1753)   Post Evacuate Collection Set: 0.4ms
[246.281s][info][gc,phases      ] GC(1753)   Other: 0.4ms
[246.281s][info][gc,heap        ] GC(1753) Eden regions: 313->0(313)
[246.281s][info][gc,heap        ] GC(1753) Survivor regions: 1->1(40)
[246.281s][info][gc,heap        ] GC(1753) Old regions: 78->78
[246.281s][info][gc,heap        ] GC(1753) Humongous regions: 6->6
[246.281s][info][gc,metaspace   ] GC(1753) Metaspace: 73432K->73432K(1116160K)
[246.281s][info][gc             ] GC(1753) Pause Young (Normal) (G1 Evacuation Pause) 396M->83M(524M) 3.716ms
[246.281s][info][gc,cpu         ] GC(1753) User=0.00s Sys=0.00s Real=0.01s
[246.436s][info][gc,start       ] GC(1754) Pause Young (Normal) (G1 Evacuation Pause)
[246.436s][info][gc,task        ] GC(1754) Using 1 workers of 1 for evacuation
[246.440s][info][gc,phases      ] GC(1754)   Pre Evacuate Collection Set: 0.1ms
[246.440s][info][gc,phases      ] GC(1754)   Evacuate Collection Set: 2.8ms
[246.440s][info][gc,phases      ] GC(1754)   Post Evacuate Collection Set: 0.4ms
[246.440s][info][gc,phases      ] GC(1754)   Other: 0.3ms
[246.440s][info][gc,heap        ] GC(1754) Eden regions: 313->0(313)
[246.440s][info][gc,heap        ] GC(1754) Survivor regions: 1->1(40)
[246.440s][info][gc,heap        ] GC(1754) Old regions: 78->78
[246.440s][info][gc,heap        ] GC(1754) Humongous regions: 11->6
[246.440s][info][gc,metaspace   ] GC(1754) Metaspace: 73432K->73432K(1116160K)
[246.440s][info][gc             ] GC(1754) Pause Young (Normal) (G1 Evacuation Pause) 401M->83M(524M) 3.621ms
[246.440s][info][gc,cpu         ] GC(1754) User=0.00s Sys=0.00s Real=0.01s
[246.588s][info][gc,start       ] GC(1755) Pause Young (Normal) (G1 Evacuation Pause)
[246.588s][info][gc,task        ] GC(1755) Using 1 workers of 1 for evacuation
[246.591s][info][gc,phases      ] GC(1755)   Pre Evacuate Collection Set: 0.0ms
[246.591s][info][gc,phases      ] GC(1755)   Evacuate Collection Set: 2.7ms
[246.591s][info][gc,phases      ] GC(1755)   Post Evacuate Collection Set: 0.4ms
[246.591s][info][gc,phases      ] GC(1755)   Other: 0.4ms
[246.591s][info][gc,heap        ] GC(1755) Eden regions: 313->0(313)
[246.591s][info][gc,heap        ] GC(1755) Survivor regions: 1->1(40)
[246.591s][info][gc,heap        ] GC(1755) Old regions: 78->78
[246.591s][info][gc,heap        ] GC(1755) Humongous regions: 6->6
[246.591s][info][gc,metaspace   ] GC(1755) Metaspace: 73432K->73432K(1116160K)
[246.591s][info][gc             ] GC(1755) Pause Young (Normal) (G1 Evacuation Pause) 396M->83M(524M) 3.554ms
[246.591s][info][gc,cpu         ] GC(1755) User=0.01s Sys=0.00s Real=0.01s
[246.742s][info][gc,start       ] GC(1756) Pause Young (Normal) (G1 Evacuation Pause)
[246.742s][info][gc,task        ] GC(1756) Using 1 workers of 1 for evacuation
[246.746s][info][gc,phases      ] GC(1756)   Pre Evacuate Collection Set: 0.0ms
[246.746s][info][gc,phases      ] GC(1756)   Evacuate Collection Set: 3.1ms
[246.746s][info][gc,phases      ] GC(1756)   Post Evacuate Collection Set: 0.8ms
[246.746s][info][gc,phases      ] GC(1756)   Other: 0.3ms
[246.746s][info][gc,heap        ] GC(1756) Eden regions: 313->0(313)
[246.746s][info][gc,heap        ] GC(1756) Survivor regions: 1->1(40)
[246.746s][info][gc,heap        ] GC(1756) Old regions: 78->78
[246.746s][info][gc,heap        ] GC(1756) Humongous regions: 6->6
[246.746s][info][gc,metaspace   ] GC(1756) Metaspace: 73432K->73432K(1116160K)
[246.746s][info][gc             ] GC(1756) Pause Young (Normal) (G1 Evacuation Pause) 396M->83M(524M) 4.408ms
[246.746s][info][gc,cpu         ] GC(1756) User=0.00s Sys=0.00s Real=0.00s
[246.903s][info][gc,start       ] GC(1757) Pause Young (Normal) (G1 Evacuation Pause)
[246.903s][info][gc,task        ] GC(1757) Using 1 workers of 1 for evacuation
[246.906s][info][gc,phases      ] GC(1757)   Pre Evacuate Collection Set: 0.0ms
[246.906s][info][gc,phases      ] GC(1757)   Evacuate Collection Set: 2.6ms
[246.906s][info][gc,phases      ] GC(1757)   Post Evacuate Collection Set: 0.4ms
[246.906s][info][gc,phases      ] GC(1757)   Other: 0.4ms
[246.906s][info][gc,heap        ] GC(1757) Eden regions: 313->0(313)
[246.906s][info][gc,heap        ] GC(1757) Survivor regions: 1->1(40)
[246.906s][info][gc,heap        ] GC(1757) Old regions: 78->78
[246.906s][info][gc,heap        ] GC(1757) Humongous regions: 6->6
[246.906s][info][gc,metaspace   ] GC(1757) Metaspace: 73432K->73432K(1116160K)
[246.906s][info][gc             ] GC(1757) Pause Young (Normal) (G1 Evacuation Pause) 396M->83M(524M) 3.539ms
[246.906s][info][gc,cpu         ] GC(1757) User=0.00s Sys=0.00s Real=0.00s
[247.052s][info][gc,start       ] GC(1758) Pause Young (Normal) (G1 Evacuation Pause)
[247.052s][info][gc,task        ] GC(1758) Using 1 workers of 1 for evacuation
[247.056s][info][gc,phases      ] GC(1758)   Pre Evacuate Collection Set: 0.0ms
[247.056s][info][gc,phases      ] GC(1758)   Evacuate Collection Set: 2.7ms
[247.056s][info][gc,phases      ] GC(1758)   Post Evacuate Collection Set: 0.7ms
[247.056s][info][gc,phases      ] GC(1758)   Other: 0.4ms
[247.056s][info][gc,heap        ] GC(1758) Eden regions: 313->0(313)
[247.056s][info][gc,heap        ] GC(1758) Survivor regions: 1->1(40)
[247.056s][info][gc,heap        ] GC(1758) Old regions: 78->78
[247.056s][info][gc,heap        ] GC(1758) Humongous regions: 6->6
[247.056s][info][gc,metaspace   ] GC(1758) Metaspace: 73432K->73432K(1116160K)
[247.056s][info][gc             ] GC(1758) Pause Young (Normal) (G1 Evacuation Pause) 396M->83M(524M) 3.875ms
[247.056s][info][gc,cpu         ] GC(1758) User=0.00s Sys=0.00s Real=0.00s
[247.206s][info][gc,start       ] GC(1759) Pause Young (Normal) (G1 Evacuation Pause)
[247.206s][info][gc,task        ] GC(1759) Using 1 workers of 1 for evacuation
[247.210s][info][gc,phases      ] GC(1759)   Pre Evacuate Collection Set: 0.0ms
[247.210s][info][gc,phases      ] GC(1759)   Evacuate Collection Set: 2.8ms
[247.210s][info][gc,phases      ] GC(1759)   Post Evacuate Collection Set: 0.5ms
[247.210s][info][gc,phases      ] GC(1759)   Other: 0.3ms
[247.210s][info][gc,heap        ] GC(1759) Eden regions: 313->0(313)
[247.210s][info][gc,heap        ] GC(1759) Survivor regions: 1->1(40)
[247.210s][info][gc,heap        ] GC(1759) Old regions: 78->78
[247.210s][info][gc,heap        ] GC(1759) Humongous regions: 6->6
[247.210s][info][gc,metaspace   ] GC(1759) Metaspace: 73432K->73432K(1116160K)
[247.210s][info][gc             ] GC(1759) Pause Young (Normal) (G1 Evacuation Pause) 396M->83M(524M) 3.640ms
[247.210s][info][gc,cpu         ] GC(1759) User=0.00s Sys=0.00s Real=0.01s
[247.360s][info][gc,start       ] GC(1760) Pause Young (Normal) (G1 Evacuation Pause)
[247.360s][info][gc,task        ] GC(1760) Using 1 workers of 1 for evacuation
[247.364s][info][gc,phases      ] GC(1760)   Pre Evacuate Collection Set: 0.0ms
[247.364s][info][gc,phases      ] GC(1760)   Evacuate Collection Set: 2.9ms
[247.364s][info][gc,phases      ] GC(1760)   Post Evacuate Collection Set: 0.4ms
[247.364s][info][gc,phases      ] GC(1760)   Other: 0.4ms
[247.364s][info][gc,heap        ] GC(1760) Eden regions: 313->0(313)
[247.364s][info][gc,heap        ] GC(1760) Survivor regions: 1->1(40)
[247.364s][info][gc,heap        ] GC(1760) Old regions: 78->78
[247.364s][info][gc,heap        ] GC(1760) Humongous regions: 6->6
[247.364s][info][gc,metaspace   ] GC(1760) Metaspace: 73432K->73432K(1116160K)
[247.364s][info][gc             ] GC(1760) Pause Young (Normal) (G1 Evacuation Pause) 396M->83M(524M) 3.776ms
[247.364s][info][gc,cpu         ] GC(1760) User=0.01s Sys=0.00s Real=0.00s
[247.533s][info][gc,start       ] GC(1761) Pause Young (Normal) (G1 Evacuation Pause)
[247.533s][info][gc,task        ] GC(1761) Using 1 workers of 1 for evacuation
[247.537s][info][gc,phases      ] GC(1761)   Pre Evacuate Collection Set: 0.0ms
[247.537s][info][gc,phases      ] GC(1761)   Evacuate Collection Set: 3.2ms
[247.537s][info][gc,phases      ] GC(1761)   Post Evacuate Collection Set: 0.4ms
[247.537s][info][gc,phases      ] GC(1761)   Other: 0.3ms
[247.537s][info][gc,heap        ] GC(1761) Eden regions: 313->0(313)
[247.537s][info][gc,heap        ] GC(1761) Survivor regions: 1->1(40)
[247.537s][info][gc,heap        ] GC(1761) Old regions: 78->78
[247.537s][info][gc,heap        ] GC(1761) Humongous regions: 11->6
[247.537s][info][gc,metaspace   ] GC(1761) Metaspace: 73443K->73443K(1116160K)
[247.537s][info][gc             ] GC(1761) Pause Young (Normal) (G1 Evacuation Pause) 401M->83M(524M) 4.010ms
[247.537s][info][gc,cpu         ] GC(1761) User=0.00s Sys=0.00s Real=0.00s
[247.682s][info][gc,start       ] GC(1762) Pause Young (Normal) (G1 Evacuation Pause)
[247.682s][info][gc,task        ] GC(1762) Using 1 workers of 1 for evacuation
[247.686s][info][gc,phases      ] GC(1762)   Pre Evacuate Collection Set: 0.0ms
[247.686s][info][gc,phases      ] GC(1762)   Evacuate Collection Set: 3.0ms
[247.686s][info][gc,phases      ] GC(1762)   Post Evacuate Collection Set: 0.5ms
[247.686s][info][gc,phases      ] GC(1762)   Other: 0.4ms
[247.686s][info][gc,heap        ] GC(1762) Eden regions: 313->0(313)
[247.686s][info][gc,heap        ] GC(1762) Survivor regions: 1->1(40)
[247.686s][info][gc,heap        ] GC(1762) Old regions: 78->78
[247.686s][info][gc,heap        ] GC(1762) Humongous regions: 6->6
[247.686s][info][gc,metaspace   ] GC(1762) Metaspace: 73443K->73443K(1116160K)
[247.686s][info][gc             ] GC(1762) Pause Young (Normal) (G1 Evacuation Pause) 396M->83M(524M) 3.868ms
[247.686s][info][gc,cpu         ] GC(1762) User=0.00s Sys=0.00s Real=0.00s
[247.832s][info][gc,start       ] GC(1763) Pause Young (Normal) (G1 Evacuation Pause)
[247.832s][info][gc,task        ] GC(1763) Using 1 workers of 1 for evacuation
[247.836s][info][gc,phases      ] GC(1763)   Pre Evacuate Collection Set: 0.0ms
[247.836s][info][gc,phases      ] GC(1763)   Evacuate Collection Set: 2.9ms
[247.836s][info][gc,phases      ] GC(1763)   Post Evacuate Collection Set: 0.4ms
[247.836s][info][gc,phases      ] GC(1763)   Other: 0.4ms
[247.836s][info][gc,heap        ] GC(1763) Eden regions: 313->0(313)
[247.836s][info][gc,heap        ] GC(1763) Survivor regions: 1->1(40)
[247.836s][info][gc,heap        ] GC(1763) Old regions: 78->78
[247.836s][info][gc,heap        ] GC(1763) Humongous regions: 6->6
[247.836s][info][gc,metaspace   ] GC(1763) Metaspace: 73443K->73443K(1116160K)
[247.836s][info][gc             ] GC(1763) Pause Young (Normal) (G1 Evacuation Pause) 396M->83M(524M) 3.745ms
[247.836s][info][gc,cpu         ] GC(1763) User=0.00s Sys=0.00s Real=0.00s
[247.985s][info][gc,start       ] GC(1764) Pause Young (Normal) (G1 Evacuation Pause)
[247.986s][info][gc,task        ] GC(1764) Using 1 workers of 1 for evacuation
[247.989s][info][gc,phases      ] GC(1764)   Pre Evacuate Collection Set: 0.0ms
[247.989s][info][gc,phases      ] GC(1764)   Evacuate Collection Set: 2.8ms
[247.989s][info][gc,phases      ] GC(1764)   Post Evacuate Collection Set: 0.4ms
[247.989s][info][gc,phases      ] GC(1764)   Other: 0.3ms
[247.989s][info][gc,heap        ] GC(1764) Eden regions: 313->0(313)
[247.989s][info][gc,heap        ] GC(1764) Survivor regions: 1->1(40)
[247.989s][info][gc,heap        ] GC(1764) Old regions: 78->78
[247.989s][info][gc,heap        ] GC(1764) Humongous regions: 6->6
[247.989s][info][gc,metaspace   ] GC(1764) Metaspace: 73443K->73443K(1116160K)
[247.989s][info][gc             ] GC(1764) Pause Young (Normal) (G1 Evacuation Pause) 396M->83M(524M) 3.598ms
[247.989s][info][gc,cpu         ] GC(1764) User=0.01s Sys=0.00s Real=0.00s
[248.136s][info][gc,start       ] GC(1765) Pause Young (Normal) (G1 Evacuation Pause)
[248.136s][info][gc,task        ] GC(1765) Using 1 workers of 1 for evacuation
[248.139s][info][gc,phases      ] GC(1765)   Pre Evacuate Collection Set: 0.0ms
[248.139s][info][gc,phases      ] GC(1765)   Evacuate Collection Set: 2.9ms
[248.139s][info][gc,phases      ] GC(1765)   Post Evacuate Collection Set: 0.4ms
[248.139s][info][gc,phases      ] GC(1765)   Other: 0.4ms
[248.139s][info][gc,heap        ] GC(1765) Eden regions: 313->0(313)
[248.139s][info][gc,heap        ] GC(1765) Survivor regions: 1->1(40)
[248.139s][info][gc,heap        ] GC(1765) Old regions: 78->78
[248.139s][info][gc,heap        ] GC(1765) Humongous regions: 6->6
[248.139s][info][gc,metaspace   ] GC(1765) Metaspace: 73443K->73443K(1116160K)
[248.139s][info][gc             ] GC(1765) Pause Young (Normal) (G1 Evacuation Pause) 396M->83M(524M) 3.793ms
[248.139s][info][gc,cpu         ] GC(1765) User=0.01s Sys=0.00s Real=0.01s
[248.286s][info][gc,start       ] GC(1766) Pause Young (Normal) (G1 Evacuation Pause)
[248.286s][info][gc,task        ] GC(1766) Using 1 workers of 1 for evacuation
[248.290s][info][gc,phases      ] GC(1766)   Pre Evacuate Collection Set: 0.0ms
[248.290s][info][gc,phases      ] GC(1766)   Evacuate Collection Set: 3.0ms
[248.290s][info][gc,phases      ] GC(1766)   Post Evacuate Collection Set: 0.4ms
[248.290s][info][gc,phases      ] GC(1766)   Other: 0.3ms
[248.290s][info][gc,heap        ] GC(1766) Eden regions: 313->0(313)
[248.290s][info][gc,heap        ] GC(1766) Survivor regions: 1->1(40)
[248.290s][info][gc,heap        ] GC(1766) Old regions: 78->78
[248.290s][info][gc,heap        ] GC(1766) Humongous regions: 6->6
[248.290s][info][gc,metaspace   ] GC(1766) Metaspace: 73443K->73443K(1116160K)
[248.290s][info][gc             ] GC(1766) Pause Young (Normal) (G1 Evacuation Pause) 396M->83M(524M) 3.840ms
[248.290s][info][gc,cpu         ] GC(1766) User=0.01s Sys=0.00s Real=0.01s
[248.437s][info][gc,start       ] GC(1767) Pause Young (Normal) (G1 Evacuation Pause)
[248.437s][info][gc,task        ] GC(1767) Using 1 workers of 1 for evacuation
[248.441s][info][gc,phases      ] GC(1767)   Pre Evacuate Collection Set: 0.0ms
[248.441s][info][gc,phases      ] GC(1767)   Evacuate Collection Set: 3.2ms
[248.441s][info][gc,phases      ] GC(1767)   Post Evacuate Collection Set: 0.4ms
[248.441s][info][gc,phases      ] GC(1767)   Other: 0.3ms
[248.441s][info][gc,heap        ] GC(1767) Eden regions: 313->0(313)
[248.441s][info][gc,heap        ] GC(1767) Survivor regions: 1->1(40)
[248.441s][info][gc,heap        ] GC(1767) Old regions: 78->78
[248.441s][info][gc,heap        ] GC(1767) Humongous regions: 6->6
[248.441s][info][gc,metaspace   ] GC(1767) Metaspace: 73443K->73443K(1116160K)
[248.441s][info][gc             ] GC(1767) Pause Young (Normal) (G1 Evacuation Pause) 396M->83M(524M) 3.995ms
[248.441s][info][gc,cpu         ] GC(1767) User=0.01s Sys=0.00s Real=0.01s
[248.598s][info][gc,start       ] GC(1768) Pause Young (Normal) (G1 Evacuation Pause)
[248.598s][info][gc,task        ] GC(1768) Using 1 workers of 1 for evacuation
[248.601s][info][gc,phases      ] GC(1768)   Pre Evacuate Collection Set: 0.1ms
[248.601s][info][gc,phases      ] GC(1768)   Evacuate Collection Set: 2.8ms
[248.601s][info][gc,phases      ] GC(1768)   Post Evacuate Collection Set: 0.4ms
[248.601s][info][gc,phases      ] GC(1768)   Other: 0.3ms
[248.601s][info][gc,heap        ] GC(1768) Eden regions: 313->0(313)
[248.601s][info][gc,heap        ] GC(1768) Survivor regions: 1->1(40)
[248.601s][info][gc,heap        ] GC(1768) Old regions: 78->78
[248.601s][info][gc,heap        ] GC(1768) Humongous regions: 11->6
[248.601s][info][gc,metaspace   ] GC(1768) Metaspace: 73446K->73446K(1116160K)
[248.601s][info][gc             ] GC(1768) Pause Young (Normal) (G1 Evacuation Pause) 401M->83M(524M) 3.610ms
[248.601s][info][gc,cpu         ] GC(1768) User=0.00s Sys=0.00s Real=0.01s
[248.758s][info][gc,start       ] GC(1769) Pause Young (Normal) (G1 Evacuation Pause)
[248.758s][info][gc,task        ] GC(1769) Using 1 workers of 1 for evacuation
[248.761s][info][gc,phases      ] GC(1769)   Pre Evacuate Collection Set: 0.0ms
[248.761s][info][gc,phases      ] GC(1769)   Evacuate Collection Set: 2.9ms
[248.761s][info][gc,phases      ] GC(1769)   Post Evacuate Collection Set: 0.5ms
[248.761s][info][gc,phases      ] GC(1769)   Other: 0.4ms
[248.761s][info][gc,heap        ] GC(1769) Eden regions: 313->0(313)
[248.761s][info][gc,heap        ] GC(1769) Survivor regions: 1->1(40)
[248.761s][info][gc,heap        ] GC(1769) Old regions: 78->78
[248.761s][info][gc,heap        ] GC(1769) Humongous regions: 6->6
[248.761s][info][gc,metaspace   ] GC(1769) Metaspace: 73446K->73446K(1116160K)
[248.761s][info][gc             ] GC(1769) Pause Young (Normal) (G1 Evacuation Pause) 396M->83M(524M) 3.827ms
[248.762s][info][gc,cpu         ] GC(1769) User=0.00s Sys=0.00s Real=0.00s
[248.907s][info][gc,start       ] GC(1770) Pause Young (Normal) (G1 Evacuation Pause)
[248.907s][info][gc,task        ] GC(1770) Using 1 workers of 1 for evacuation
[248.910s][info][gc,phases      ] GC(1770)   Pre Evacuate Collection Set: 0.0ms
[248.910s][info][gc,phases      ] GC(1770)   Evacuate Collection Set: 2.6ms
[248.910s][info][gc,phases      ] GC(1770)   Post Evacuate Collection Set: 0.4ms
[248.910s][info][gc,phases      ] GC(1770)   Other: 0.3ms
[248.910s][info][gc,heap        ] GC(1770) Eden regions: 313->0(313)
[248.910s][info][gc,heap        ] GC(1770) Survivor regions: 1->1(40)
[248.910s][info][gc,heap        ] GC(1770) Old regions: 78->78
[248.910s][info][gc,heap        ] GC(1770) Humongous regions: 6->6
[248.910s][info][gc,metaspace   ] GC(1770) Metaspace: 73446K->73446K(1116160K)
[248.910s][info][gc             ] GC(1770) Pause Young (Normal) (G1 Evacuation Pause) 396M->83M(524M) 3.440ms
[248.910s][info][gc,cpu         ] GC(1770) User=0.00s Sys=0.00s Real=0.01s
[249.054s][info][gc,start       ] GC(1771) Pause Young (Normal) (G1 Evacuation Pause)
[249.055s][info][gc,task        ] GC(1771) Using 1 workers of 1 for evacuation
[249.058s][info][gc,phases      ] GC(1771)   Pre Evacuate Collection Set: 0.0ms
[249.058s][info][gc,phases      ] GC(1771)   Evacuate Collection Set: 2.7ms
[249.058s][info][gc,phases      ] GC(1771)   Post Evacuate Collection Set: 0.4ms
[249.058s][info][gc,phases      ] GC(1771)   Other: 0.3ms
[249.058s][info][gc,heap        ] GC(1771) Eden regions: 313->0(313)
[249.058s][info][gc,heap        ] GC(1771) Survivor regions: 1->1(40)
[249.058s][info][gc,heap        ] GC(1771) Old regions: 78->78
[249.058s][info][gc,heap        ] GC(1771) Humongous regions: 6->6
[249.058s][info][gc,metaspace   ] GC(1771) Metaspace: 73446K->73446K(1116160K)
[249.058s][info][gc             ] GC(1771) Pause Young (Normal) (G1 Evacuation Pause) 396M->83M(524M) 3.437ms
[249.058s][info][gc,cpu         ] GC(1771) User=0.01s Sys=0.00s Real=0.01s
[249.202s][info][gc,start       ] GC(1772) Pause Young (Normal) (G1 Evacuation Pause)
[249.202s][info][gc,task        ] GC(1772) Using 1 workers of 1 for evacuation
[249.206s][info][gc,phases      ] GC(1772)   Pre Evacuate Collection Set: 0.0ms
[249.206s][info][gc,phases      ] GC(1772)   Evacuate Collection Set: 2.9ms
[249.206s][info][gc,phases      ] GC(1772)   Post Evacuate Collection Set: 0.5ms
[249.206s][info][gc,phases      ] GC(1772)   Other: 0.7ms
[249.206s][info][gc,heap        ] GC(1772) Eden regions: 313->0(313)
[249.206s][info][gc,heap        ] GC(1772) Survivor regions: 1->1(40)
[249.206s][info][gc,heap        ] GC(1772) Old regions: 78->78
[249.206s][info][gc,heap        ] GC(1772) Humongous regions: 6->6
[249.206s][info][gc,metaspace   ] GC(1772) Metaspace: 73446K->73446K(1116160K)
[249.206s][info][gc             ] GC(1772) Pause Young (Normal) (G1 Evacuation Pause) 396M->83M(524M) 4.102ms
[249.206s][info][gc,cpu         ] GC(1772) User=0.00s Sys=0.01s Real=0.00s
[249.352s][info][gc,start       ] GC(1773) Pause Young (Normal) (G1 Evacuation Pause)
[249.352s][info][gc,task        ] GC(1773) Using 1 workers of 1 for evacuation
[249.356s][info][gc,phases      ] GC(1773)   Pre Evacuate Collection Set: 0.0ms
[249.356s][info][gc,phases      ] GC(1773)   Evacuate Collection Set: 2.8ms
[249.356s][info][gc,phases      ] GC(1773)   Post Evacuate Collection Set: 0.6ms
[249.356s][info][gc,phases      ] GC(1773)   Other: 0.3ms
[249.356s][info][gc,heap        ] GC(1773) Eden regions: 313->0(313)
[249.356s][info][gc,heap        ] GC(1773) Survivor regions: 1->1(40)
[249.356s][info][gc,heap        ] GC(1773) Old regions: 78->78
[249.356s][info][gc,heap        ] GC(1773) Humongous regions: 6->6
[249.356s][info][gc,metaspace   ] GC(1773) Metaspace: 73446K->73446K(1116160K)
[249.356s][info][gc             ] GC(1773) Pause Young (Normal) (G1 Evacuation Pause) 396M->83M(524M) 3.811ms
[249.356s][info][gc,cpu         ] GC(1773) User=0.00s Sys=0.00s Real=0.00s
[249.504s][info][gc,start       ] GC(1774) Pause Young (Normal) (G1 Evacuation Pause)
[249.504s][info][gc,task        ] GC(1774) Using 1 workers of 1 for evacuation
[249.508s][info][gc,phases      ] GC(1774)   Pre Evacuate Collection Set: 0.0ms
[249.508s][info][gc,phases      ] GC(1774)   Evacuate Collection Set: 3.0ms
[249.508s][info][gc,phases      ] GC(1774)   Post Evacuate Collection Set: 0.4ms
[249.508s][info][gc,phases      ] GC(1774)   Other: 0.4ms
[249.508s][info][gc,heap        ] GC(1774) Eden regions: 313->0(313)
[249.508s][info][gc,heap        ] GC(1774) Survivor regions: 1->1(40)
[249.508s][info][gc,heap        ] GC(1774) Old regions: 78->78
[249.508s][info][gc,heap        ] GC(1774) Humongous regions: 6->6
[249.508s][info][gc,metaspace   ] GC(1774) Metaspace: 73446K->73446K(1116160K)
[249.508s][info][gc             ] GC(1774) Pause Young (Normal) (G1 Evacuation Pause) 396M->83M(524M) 3.871ms
[249.508s][info][gc,cpu         ] GC(1774) User=0.00s Sys=0.00s Real=0.00s
[249.688s][info][gc,start       ] GC(1775) Pause Young (Normal) (G1 Evacuation Pause)
[249.688s][info][gc,task        ] GC(1775) Using 1 workers of 1 for evacuation
[249.692s][info][gc,phases      ] GC(1775)   Pre Evacuate Collection Set: 0.0ms
[249.692s][info][gc,phases      ] GC(1775)   Evacuate Collection Set: 3.2ms
[249.692s][info][gc,phases      ] GC(1775)   Post Evacuate Collection Set: 0.5ms
[249.692s][info][gc,phases      ] GC(1775)   Other: 0.4ms
[249.692s][info][gc,heap        ] GC(1775) Eden regions: 313->0(313)
[249.692s][info][gc,heap        ] GC(1775) Survivor regions: 1->1(40)
[249.692s][info][gc,heap        ] GC(1775) Old regions: 78->78
[249.692s][info][gc,heap        ] GC(1775) Humongous regions: 11->6
[249.692s][info][gc,metaspace   ] GC(1775) Metaspace: 73458K->73458K(1116160K)
[249.692s][info][gc             ] GC(1775) Pause Young (Normal) (G1 Evacuation Pause) 401M->83M(524M) 4.138ms
[249.692s][info][gc,cpu         ] GC(1775) User=0.00s Sys=0.00s Real=0.01s
[249.845s][info][gc,start       ] GC(1776) Pause Young (Normal) (G1 Evacuation Pause)
[249.845s][info][gc,task        ] GC(1776) Using 1 workers of 1 for evacuation
[249.848s][info][gc,phases      ] GC(1776)   Pre Evacuate Collection Set: 0.0ms
[249.848s][info][gc,phases      ] GC(1776)   Evacuate Collection Set: 3.1ms
[249.848s][info][gc,phases      ] GC(1776)   Post Evacuate Collection Set: 0.4ms
[249.848s][info][gc,phases      ] GC(1776)   Other: 0.4ms
[249.848s][info][gc,heap        ] GC(1776) Eden regions: 313->0(313)
[249.848s][info][gc,heap        ] GC(1776) Survivor regions: 1->1(40)
[249.848s][info][gc,heap        ] GC(1776) Old regions: 78->79
[249.848s][info][gc,heap        ] GC(1776) Humongous regions: 6->6
[249.848s][info][gc,metaspace   ] GC(1776) Metaspace: 73458K->73458K(1116160K)
[249.848s][info][gc             ] GC(1776) Pause Young (Normal) (G1 Evacuation Pause) 396M->83M(524M) 3.892ms
[249.848s][info][gc,cpu         ] GC(1776) User=0.00s Sys=0.00s Real=0.00s
[249.993s][info][gc,start       ] GC(1777) Pause Young (Normal) (G1 Evacuation Pause)
[249.993s][info][gc,task        ] GC(1777) Using 1 workers of 1 for evacuation
[249.996s][info][gc,phases      ] GC(1777)   Pre Evacuate Collection Set: 0.0ms
[249.996s][info][gc,phases      ] GC(1777)   Evacuate Collection Set: 2.8ms
[249.996s][info][gc,phases      ] GC(1777)   Post Evacuate Collection Set: 0.4ms
[249.996s][info][gc,phases      ] GC(1777)   Other: 0.3ms
[249.996s][info][gc,heap        ] GC(1777) Eden regions: 313->0(313)
[249.996s][info][gc,heap        ] GC(1777) Survivor regions: 1->1(40)
[249.996s][info][gc,heap        ] GC(1777) Old regions: 79->79
[249.996s][info][gc,heap        ] GC(1777) Humongous regions: 6->6
[249.996s][info][gc,metaspace   ] GC(1777) Metaspace: 73458K->73458K(1116160K)
[249.996s][info][gc             ] GC(1777) Pause Young (Normal) (G1 Evacuation Pause) 396M->83M(524M) 3.560ms
[249.996s][info][gc,cpu         ] GC(1777) User=0.01s Sys=0.00s Real=0.00s
[250.142s][info][gc,start       ] GC(1778) Pause Young (Normal) (G1 Evacuation Pause)
[250.142s][info][gc,task        ] GC(1778) Using 1 workers of 1 for evacuation
[250.145s][info][gc,phases      ] GC(1778)   Pre Evacuate Collection Set: 0.0ms
[250.145s][info][gc,phases      ] GC(1778)   Evacuate Collection Set: 2.8ms
[250.145s][info][gc,phases      ] GC(1778)   Post Evacuate Collection Set: 0.4ms
[250.145s][info][gc,phases      ] GC(1778)   Other: 0.3ms
[250.145s][info][gc,heap        ] GC(1778) Eden regions: 313->0(313)
[250.145s][info][gc,heap        ] GC(1778) Survivor regions: 1->1(40)
[250.145s][info][gc,heap        ] GC(1778) Old regions: 79->79
[250.145s][info][gc,heap        ] GC(1778) Humongous regions: 6->6
[250.145s][info][gc,metaspace   ] GC(1778) Metaspace: 73458K->73458K(1116160K)
[250.145s][info][gc             ] GC(1778) Pause Young (Normal) (G1 Evacuation Pause) 396M->83M(524M) 3.592ms
[250.145s][info][gc,cpu         ] GC(1778) User=0.01s Sys=0.00s Real=0.00s
[250.296s][info][gc,start       ] GC(1779) Pause Young (Normal) (G1 Evacuation Pause)
[250.296s][info][gc,task        ] GC(1779) Using 1 workers of 1 for evacuation
[250.299s][info][gc,phases      ] GC(1779)   Pre Evacuate Collection Set: 0.0ms
[250.299s][info][gc,phases      ] GC(1779)   Evacuate Collection Set: 2.8ms
[250.299s][info][gc,phases      ] GC(1779)   Post Evacuate Collection Set: 0.4ms
[250.299s][info][gc,phases      ] GC(1779)   Other: 0.4ms
[250.299s][info][gc,heap        ] GC(1779) Eden regions: 313->0(313)
[250.299s][info][gc,heap        ] GC(1779) Survivor regions: 1->1(40)
[250.299s][info][gc,heap        ] GC(1779) Old regions: 79->79
[250.299s][info][gc,heap        ] GC(1779) Humongous regions: 6->6
[250.299s][info][gc,metaspace   ] GC(1779) Metaspace: 73458K->73458K(1116160K)
[250.299s][info][gc             ] GC(1779) Pause Young (Normal) (G1 Evacuation Pause) 396M->83M(524M) 3.776ms
[250.299s][info][gc,cpu         ] GC(1779) User=0.00s Sys=0.00s Real=0.01s
[250.446s][info][gc,start       ] GC(1780) Pause Young (Normal) (G1 Evacuation Pause)
[250.446s][info][gc,task        ] GC(1780) Using 1 workers of 1 for evacuation
[250.450s][info][gc,phases      ] GC(1780)   Pre Evacuate Collection Set: 0.0ms
[250.450s][info][gc,phases      ] GC(1780)   Evacuate Collection Set: 2.9ms
[250.450s][info][gc,phases      ] GC(1780)   Post Evacuate Collection Set: 0.5ms
[250.450s][info][gc,phases      ] GC(1780)   Other: 0.3ms
[250.450s][info][gc,heap        ] GC(1780) Eden regions: 313->0(313)
[250.450s][info][gc,heap        ] GC(1780) Survivor regions: 1->1(40)
[250.450s][info][gc,heap        ] GC(1780) Old regions: 79->79
[250.450s][info][gc,heap        ] GC(1780) Humongous regions: 6->6
[250.450s][info][gc,metaspace   ] GC(1780) Metaspace: 73458K->73458K(1116160K)
[250.450s][info][gc             ] GC(1780) Pause Young (Normal) (G1 Evacuation Pause) 396M->83M(524M) 3.720ms
[250.450s][info][gc,cpu         ] GC(1780) User=0.00s Sys=0.00s Real=0.01s
[250.604s][info][gc,start       ] GC(1781) Pause Young (Normal) (G1 Evacuation Pause)
[250.604s][info][gc,task        ] GC(1781) Using 1 workers of 1 for evacuation
[250.608s][info][gc,phases      ] GC(1781)   Pre Evacuate Collection Set: 0.0ms
[250.608s][info][gc,phases      ] GC(1781)   Evacuate Collection Set: 2.7ms
[250.608s][info][gc,phases      ] GC(1781)   Post Evacuate Collection Set: 0.4ms
[250.608s][info][gc,phases      ] GC(1781)   Other: 0.4ms
[250.608s][info][gc,heap        ] GC(1781) Eden regions: 313->0(313)
[250.608s][info][gc,heap        ] GC(1781) Survivor regions: 1->1(40)
[250.608s][info][gc,heap        ] GC(1781) Old regions: 79->79
[250.608s][info][gc,heap        ] GC(1781) Humongous regions: 6->6
[250.608s][info][gc,metaspace   ] GC(1781) Metaspace: 73458K->73458K(1116160K)
[250.608s][info][gc             ] GC(1781) Pause Young (Normal) (G1 Evacuation Pause) 396M->83M(524M) 3.610ms
[250.608s][info][gc,cpu         ] GC(1781) User=0.01s Sys=0.00s Real=0.00s
[250.766s][info][gc,start       ] GC(1782) Pause Young (Normal) (G1 Evacuation Pause)
[250.766s][info][gc,task        ] GC(1782) Using 1 workers of 1 for evacuation
[250.769s][info][gc,phases      ] GC(1782)   Pre Evacuate Collection Set: 0.0ms
[250.769s][info][gc,phases      ] GC(1782)   Evacuate Collection Set: 2.7ms
[250.769s][info][gc,phases      ] GC(1782)   Post Evacuate Collection Set: 0.4ms
[250.769s][info][gc,phases      ] GC(1782)   Other: 0.3ms
[250.769s][info][gc,heap        ] GC(1782) Eden regions: 313->0(313)
[250.769s][info][gc,heap        ] GC(1782) Survivor regions: 1->1(40)
[250.769s][info][gc,heap        ] GC(1782) Old regions: 79->79
[250.769s][info][gc,heap        ] GC(1782) Humongous regions: 6->6
[250.769s][info][gc,metaspace   ] GC(1782) Metaspace: 73458K->73458K(1116160K)
[250.769s][info][gc             ] GC(1782) Pause Young (Normal) (G1 Evacuation Pause) 396M->83M(524M) 3.525ms
[250.769s][info][gc,cpu         ] GC(1782) User=0.00s Sys=0.00s Real=0.01s
[250.929s][info][gc,start       ] GC(1783) Pause Young (Normal) (G1 Evacuation Pause)
[250.929s][info][gc,task        ] GC(1783) Using 1 workers of 1 for evacuation
[250.933s][info][gc,phases      ] GC(1783)   Pre Evacuate Collection Set: 0.0ms
[250.933s][info][gc,phases      ] GC(1783)   Evacuate Collection Set: 2.7ms
[250.933s][info][gc,phases      ] GC(1783)   Post Evacuate Collection Set: 0.4ms
[250.933s][info][gc,phases      ] GC(1783)   Other: 0.4ms
[250.933s][info][gc,heap        ] GC(1783) Eden regions: 313->0(313)
[250.933s][info][gc,heap        ] GC(1783) Survivor regions: 1->1(40)
[250.933s][info][gc,heap        ] GC(1783) Old regions: 79->79
[250.933s][info][gc,heap        ] GC(1783) Humongous regions: 11->6
[250.933s][info][gc,metaspace   ] GC(1783) Metaspace: 73479K->73479K(1116160K)
[250.933s][info][gc             ] GC(1783) Pause Young (Normal) (G1 Evacuation Pause) 401M->83M(524M) 3.580ms
[250.933s][info][gc,cpu         ] GC(1783) User=0.01s Sys=0.00s Real=0.01s
[251.079s][info][gc,start       ] GC(1784) Pause Young (Normal) (G1 Evacuation Pause)
[251.079s][info][gc,task        ] GC(1784) Using 1 workers of 1 for evacuation
[251.083s][info][gc,phases      ] GC(1784)   Pre Evacuate Collection Set: 0.0ms
[251.083s][info][gc,phases      ] GC(1784)   Evacuate Collection Set: 2.8ms
[251.083s][info][gc,phases      ] GC(1784)   Post Evacuate Collection Set: 0.4ms
[251.083s][info][gc,phases      ] GC(1784)   Other: 0.4ms
[251.083s][info][gc,heap        ] GC(1784) Eden regions: 313->0(313)
[251.083s][info][gc,heap        ] GC(1784) Survivor regions: 1->1(40)
[251.083s][info][gc,heap        ] GC(1784) Old regions: 79->79
[251.083s][info][gc,heap        ] GC(1784) Humongous regions: 6->6
[251.083s][info][gc,metaspace   ] GC(1784) Metaspace: 73479K->73479K(1116160K)
[251.083s][info][gc             ] GC(1784) Pause Young (Normal) (G1 Evacuation Pause) 396M->83M(524M) 3.612ms
[251.083s][info][gc,cpu         ] GC(1784) User=0.00s Sys=0.00s Real=0.00s
[251.227s][info][gc,start       ] GC(1785) Pause Young (Normal) (G1 Evacuation Pause)
[251.227s][info][gc,task        ] GC(1785) Using 1 workers of 1 for evacuation
[251.230s][info][gc,phases      ] GC(1785)   Pre Evacuate Collection Set: 0.0ms
[251.230s][info][gc,phases      ] GC(1785)   Evacuate Collection Set: 2.5ms
[251.230s][info][gc,phases      ] GC(1785)   Post Evacuate Collection Set: 0.5ms
[251.230s][info][gc,phases      ] GC(1785)   Other: 0.3ms
[251.230s][info][gc,heap        ] GC(1785) Eden regions: 313->0(313)
[251.230s][info][gc,heap        ] GC(1785) Survivor regions: 1->1(40)
[251.230s][info][gc,heap        ] GC(1785) Old regions: 79->79
[251.230s][info][gc,heap        ] GC(1785) Humongous regions: 6->6
[251.230s][info][gc,metaspace   ] GC(1785) Metaspace: 73479K->73479K(1116160K)
[251.230s][info][gc             ] GC(1785) Pause Young (Normal) (G1 Evacuation Pause) 396M->83M(524M) 3.360ms
[251.230s][info][gc,cpu         ] GC(1785) User=0.00s Sys=0.00s Real=0.01s
[251.374s][info][gc,start       ] GC(1786) Pause Young (Normal) (G1 Evacuation Pause)
[251.374s][info][gc,task        ] GC(1786) Using 1 workers of 1 for evacuation
[251.377s][info][gc,phases      ] GC(1786)   Pre Evacuate Collection Set: 0.0ms
[251.377s][info][gc,phases      ] GC(1786)   Evacuate Collection Set: 2.5ms
[251.377s][info][gc,phases      ] GC(1786)   Post Evacuate Collection Set: 0.4ms
[251.377s][info][gc,phases      ] GC(1786)   Other: 0.3ms
[251.377s][info][gc,heap        ] GC(1786) Eden regions: 313->0(313)
[251.377s][info][gc,heap        ] GC(1786) Survivor regions: 1->1(40)
[251.377s][info][gc,heap        ] GC(1786) Old regions: 79->79
[251.377s][info][gc,heap        ] GC(1786) Humongous regions: 6->6
[251.377s][info][gc,metaspace   ] GC(1786) Metaspace: 73479K->73479K(1116160K)
[251.377s][info][gc             ] GC(1786) Pause Young (Normal) (G1 Evacuation Pause) 396M->83M(524M) 3.342ms
[251.377s][info][gc,cpu         ] GC(1786) User=0.01s Sys=0.00s Real=0.00s
[251.522s][info][gc,start       ] GC(1787) Pause Young (Normal) (G1 Evacuation Pause)
[251.522s][info][gc,task        ] GC(1787) Using 1 workers of 1 for evacuation
[251.525s][info][gc,phases      ] GC(1787)   Pre Evacuate Collection Set: 0.0ms
[251.526s][info][gc,phases      ] GC(1787)   Evacuate Collection Set: 2.7ms
[251.526s][info][gc,phases      ] GC(1787)   Post Evacuate Collection Set: 0.4ms
[251.526s][info][gc,phases      ] GC(1787)   Other: 0.4ms
[251.526s][info][gc,heap        ] GC(1787) Eden regions: 313->0(313)
[251.526s][info][gc,heap        ] GC(1787) Survivor regions: 1->1(40)
[251.526s][info][gc,heap        ] GC(1787) Old regions: 79->79
[251.526s][info][gc,heap        ] GC(1787) Humongous regions: 6->6
[251.526s][info][gc,metaspace   ] GC(1787) Metaspace: 73479K->73479K(1116160K)
[251.526s][info][gc             ] GC(1787) Pause Young (Normal) (G1 Evacuation Pause) 396M->83M(524M) 3.473ms
[251.526s][info][gc,cpu         ] GC(1787) User=0.00s Sys=0.00s Real=0.00s
[251.676s][info][gc,start       ] GC(1788) Pause Young (Normal) (G1 Evacuation Pause)
[251.676s][info][gc,task        ] GC(1788) Using 1 workers of 1 for evacuation
[251.680s][info][gc,phases      ] GC(1788)   Pre Evacuate Collection Set: 0.0ms
[251.680s][info][gc,phases      ] GC(1788)   Evacuate Collection Set: 2.8ms
[251.680s][info][gc,phases      ] GC(1788)   Post Evacuate Collection Set: 0.4ms
[251.680s][info][gc,phases      ] GC(1788)   Other: 0.3ms
[251.680s][info][gc,heap        ] GC(1788) Eden regions: 313->0(313)
[251.680s][info][gc,heap        ] GC(1788) Survivor regions: 1->1(40)
[251.680s][info][gc,heap        ] GC(1788) Old regions: 79->79
[251.680s][info][gc,heap        ] GC(1788) Humongous regions: 6->6
[251.680s][info][gc,metaspace   ] GC(1788) Metaspace: 73479K->73479K(1116160K)
[251.680s][info][gc             ] GC(1788) Pause Young (Normal) (G1 Evacuation Pause) 396M->83M(524M) 3.636ms
[251.680s][info][gc,cpu         ] GC(1788) User=0.01s Sys=0.00s Real=0.01s
[251.832s][info][gc,start       ] GC(1789) Pause Young (Normal) (G1 Evacuation Pause)
[251.832s][info][gc,task        ] GC(1789) Using 1 workers of 1 for evacuation
[251.836s][info][gc,phases      ] GC(1789)   Pre Evacuate Collection Set: 0.0ms
[251.836s][info][gc,phases      ] GC(1789)   Evacuate Collection Set: 2.9ms
[251.836s][info][gc,phases      ] GC(1789)   Post Evacuate Collection Set: 0.4ms
[251.836s][info][gc,phases      ] GC(1789)   Other: 0.4ms
[251.836s][info][gc,heap        ] GC(1789) Eden regions: 313->0(313)
[251.836s][info][gc,heap        ] GC(1789) Survivor regions: 1->1(40)
[251.836s][info][gc,heap        ] GC(1789) Old regions: 79->79
[251.836s][info][gc,heap        ] GC(1789) Humongous regions: 6->6
[251.836s][info][gc,metaspace   ] GC(1789) Metaspace: 73479K->73479K(1116160K)
[251.836s][info][gc             ] GC(1789) Pause Young (Normal) (G1 Evacuation Pause) 396M->83M(524M) 3.843ms
[251.836s][info][gc,cpu         ] GC(1789) User=0.00s Sys=0.00s Real=0.00s
[252.006s][info][gc,start       ] GC(1790) Pause Young (Normal) (G1 Evacuation Pause)
[252.006s][info][gc,task        ] GC(1790) Using 1 workers of 1 for evacuation
[252.010s][info][gc,phases      ] GC(1790)   Pre Evacuate Collection Set: 0.0ms
[252.010s][info][gc,phases      ] GC(1790)   Evacuate Collection Set: 3.1ms
[252.010s][info][gc,phases      ] GC(1790)   Post Evacuate Collection Set: 0.5ms
[252.010s][info][gc,phases      ] GC(1790)   Other: 0.3ms
[252.010s][info][gc,heap        ] GC(1790) Eden regions: 313->0(313)
[252.010s][info][gc,heap        ] GC(1790) Survivor regions: 1->1(40)
[252.010s][info][gc,heap        ] GC(1790) Old regions: 79->79
[252.010s][info][gc,heap        ] GC(1790) Humongous regions: 11->6
[252.010s][info][gc,metaspace   ] GC(1790) Metaspace: 73487K->73487K(1116160K)
[252.010s][info][gc             ] GC(1790) Pause Young (Normal) (G1 Evacuation Pause) 401M->83M(524M) 3.940ms
[252.010s][info][gc,cpu         ] GC(1790) User=0.01s Sys=0.00s Real=0.01s
[252.156s][info][gc,start       ] GC(1791) Pause Young (Normal) (G1 Evacuation Pause)
[252.156s][info][gc,task        ] GC(1791) Using 1 workers of 1 for evacuation
[252.160s][info][gc,phases      ] GC(1791)   Pre Evacuate Collection Set: 0.0ms
[252.160s][info][gc,phases      ] GC(1791)   Evacuate Collection Set: 2.9ms
[252.160s][info][gc,phases      ] GC(1791)   Post Evacuate Collection Set: 0.4ms
[252.160s][info][gc,phases      ] GC(1791)   Other: 0.4ms
[252.160s][info][gc,heap        ] GC(1791) Eden regions: 313->0(313)
[252.160s][info][gc,heap        ] GC(1791) Survivor regions: 1->1(40)
[252.160s][info][gc,heap        ] GC(1791) Old regions: 79->79
[252.160s][info][gc,heap        ] GC(1791) Humongous regions: 6->6
[252.160s][info][gc,metaspace   ] GC(1791) Metaspace: 73487K->73487K(1116160K)
[252.160s][info][gc             ] GC(1791) Pause Young (Normal) (G1 Evacuation Pause) 396M->83M(524M) 3.784ms
[252.160s][info][gc,cpu         ] GC(1791) User=0.01s Sys=0.00s Real=0.01s
[252.305s][info][gc,start       ] GC(1792) Pause Young (Normal) (G1 Evacuation Pause)
[252.305s][info][gc,task        ] GC(1792) Using 1 workers of 1 for evacuation
[252.309s][info][gc,phases      ] GC(1792)   Pre Evacuate Collection Set: 0.0ms
[252.309s][info][gc,phases      ] GC(1792)   Evacuate Collection Set: 2.8ms
[252.309s][info][gc,phases      ] GC(1792)   Post Evacuate Collection Set: 0.4ms
[252.309s][info][gc,phases      ] GC(1792)   Other: 0.4ms
[252.309s][info][gc,heap        ] GC(1792) Eden regions: 313->0(313)
[252.309s][info][gc,heap        ] GC(1792) Survivor regions: 1->1(40)
[252.309s][info][gc,heap        ] GC(1792) Old regions: 79->79
[252.309s][info][gc,heap        ] GC(1792) Humongous regions: 6->6
[252.309s][info][gc,metaspace   ] GC(1792) Metaspace: 73487K->73487K(1116160K)
[252.309s][info][gc             ] GC(1792) Pause Young (Normal) (G1 Evacuation Pause) 396M->83M(524M) 3.729ms
[252.309s][info][gc,cpu         ] GC(1792) User=0.00s Sys=0.00s Real=0.00s
[252.454s][info][gc,start       ] GC(1793) Pause Young (Normal) (G1 Evacuation Pause)
[252.454s][info][gc,task        ] GC(1793) Using 1 workers of 1 for evacuation
[252.458s][info][gc,phases      ] GC(1793)   Pre Evacuate Collection Set: 0.0ms
[252.458s][info][gc,phases      ] GC(1793)   Evacuate Collection Set: 3.0ms
[252.458s][info][gc,phases      ] GC(1793)   Post Evacuate Collection Set: 0.4ms
[252.458s][info][gc,phases      ] GC(1793)   Other: 0.4ms
[252.458s][info][gc,heap        ] GC(1793) Eden regions: 313->0(313)
[252.458s][info][gc,heap        ] GC(1793) Survivor regions: 1->1(40)
[252.458s][info][gc,heap        ] GC(1793) Old regions: 79->79
[252.458s][info][gc,heap        ] GC(1793) Humongous regions: 6->6
[252.458s][info][gc,metaspace   ] GC(1793) Metaspace: 73487K->73487K(1116160K)
[252.458s][info][gc             ] GC(1793) Pause Young (Normal) (G1 Evacuation Pause) 396M->83M(524M) 3.860ms
[252.458s][info][gc,cpu         ] GC(1793) User=0.00s Sys=0.00s Real=0.00s
[252.601s][info][gc,start       ] GC(1794) Pause Young (Normal) (G1 Evacuation Pause)
[252.601s][info][gc,task        ] GC(1794) Using 1 workers of 1 for evacuation
[252.605s][info][gc,phases      ] GC(1794)   Pre Evacuate Collection Set: 0.0ms
[252.605s][info][gc,phases      ] GC(1794)   Evacuate Collection Set: 2.8ms
[252.605s][info][gc,phases      ] GC(1794)   Post Evacuate Collection Set: 0.4ms
[252.605s][info][gc,phases      ] GC(1794)   Other: 0.4ms
[252.605s][info][gc,heap        ] GC(1794) Eden regions: 313->0(313)
[252.605s][info][gc,heap        ] GC(1794) Survivor regions: 1->1(40)
[252.605s][info][gc,heap        ] GC(1794) Old regions: 79->79
[252.605s][info][gc,heap        ] GC(1794) Humongous regions: 6->6
[252.605s][info][gc,metaspace   ] GC(1794) Metaspace: 73487K->73487K(1116160K)
[252.605s][info][gc             ] GC(1794) Pause Young (Normal) (G1 Evacuation Pause) 396M->83M(524M) 3.795ms
[252.605s][info][gc,cpu         ] GC(1794) User=0.01s Sys=0.00s Real=0.00s
[252.758s][info][gc,start       ] GC(1795) Pause Young (Normal) (G1 Evacuation Pause)
[252.758s][info][gc,task        ] GC(1795) Using 1 workers of 1 for evacuation
[252.762s][info][gc,phases      ] GC(1795)   Pre Evacuate Collection Set: 0.0ms
[252.762s][info][gc,phases      ] GC(1795)   Evacuate Collection Set: 3.0ms
[252.762s][info][gc,phases      ] GC(1795)   Post Evacuate Collection Set: 0.4ms
[252.762s][info][gc,phases      ] GC(1795)   Other: 0.4ms
[252.762s][info][gc,heap        ] GC(1795) Eden regions: 313->0(313)
[252.762s][info][gc,heap        ] GC(1795) Survivor regions: 1->1(40)
[252.762s][info][gc,heap        ] GC(1795) Old regions: 79->79
[252.762s][info][gc,heap        ] GC(1795) Humongous regions: 6->6
[252.762s][info][gc,metaspace   ] GC(1795) Metaspace: 73488K->73488K(1116160K)
[252.762s][info][gc             ] GC(1795) Pause Young (Normal) (G1 Evacuation Pause) 396M->83M(524M) 3.893ms
[252.762s][info][gc,cpu         ] GC(1795) User=0.01s Sys=0.00s Real=0.00s
[252.906s][info][gc,start       ] GC(1796) Pause Young (Normal) (G1 Evacuation Pause)
[252.906s][info][gc,task        ] GC(1796) Using 1 workers of 1 for evacuation
[252.910s][info][gc,phases      ] GC(1796)   Pre Evacuate Collection Set: 0.0ms
[252.910s][info][gc,phases      ] GC(1796)   Evacuate Collection Set: 3.0ms
[252.910s][info][gc,phases      ] GC(1796)   Post Evacuate Collection Set: 0.5ms
[252.910s][info][gc,phases      ] GC(1796)   Other: 0.4ms
[252.910s][info][gc,heap        ] GC(1796) Eden regions: 313->0(313)
[252.910s][info][gc,heap        ] GC(1796) Survivor regions: 1->1(40)
[252.910s][info][gc,heap        ] GC(1796) Old regions: 79->79
[252.910s][info][gc,heap        ] GC(1796) Humongous regions: 6->6
[252.910s][info][gc,metaspace   ] GC(1796) Metaspace: 73488K->73488K(1116160K)
[252.910s][info][gc             ] GC(1796) Pause Young (Normal) (G1 Evacuation Pause) 396M->83M(524M) 3.852ms
[252.910s][info][gc,cpu         ] GC(1796) User=0.00s Sys=0.00s Real=0.01s
[253.076s][info][gc,start       ] GC(1797) Pause Young (Normal) (G1 Evacuation Pause)
[253.076s][info][gc,task        ] GC(1797) Using 1 workers of 1 for evacuation
[253.080s][info][gc,phases      ] GC(1797)   Pre Evacuate Collection Set: 0.0ms
[253.080s][info][gc,phases      ] GC(1797)   Evacuate Collection Set: 3.4ms
[253.080s][info][gc,phases      ] GC(1797)   Post Evacuate Collection Set: 0.4ms
[253.080s][info][gc,phases      ] GC(1797)   Other: 0.3ms
[253.080s][info][gc,heap        ] GC(1797) Eden regions: 313->0(313)
[253.080s][info][gc,heap        ] GC(1797) Survivor regions: 1->1(40)
[253.080s][info][gc,heap        ] GC(1797) Old regions: 79->79
[253.080s][info][gc,heap        ] GC(1797) Humongous regions: 11->6
[253.080s][info][gc,metaspace   ] GC(1797) Metaspace: 73490K->73490K(1116160K)
[253.080s][info][gc             ] GC(1797) Pause Young (Normal) (G1 Evacuation Pause) 401M->83M(524M) 4.188ms
[253.080s][info][gc,cpu         ] GC(1797) User=0.00s Sys=0.00s Real=0.01s
[253.228s][info][gc,start       ] GC(1798) Pause Young (Normal) (G1 Evacuation Pause)
[253.228s][info][gc,task        ] GC(1798) Using 1 workers of 1 for evacuation
[253.232s][info][gc,phases      ] GC(1798)   Pre Evacuate Collection Set: 0.0ms
[253.232s][info][gc,phases      ] GC(1798)   Evacuate Collection Set: 3.2ms
[253.232s][info][gc,phases      ] GC(1798)   Post Evacuate Collection Set: 0.4ms
[253.232s][info][gc,phases      ] GC(1798)   Other: 0.4ms
[253.232s][info][gc,heap        ] GC(1798) Eden regions: 313->0(313)
[253.232s][info][gc,heap        ] GC(1798) Survivor regions: 1->1(40)
[253.232s][info][gc,heap        ] GC(1798) Old regions: 79->79
[253.232s][info][gc,heap        ] GC(1798) Humongous regions: 6->6
[253.232s][info][gc,metaspace   ] GC(1798) Metaspace: 73490K->73490K(1116160K)
[253.232s][info][gc             ] GC(1798) Pause Young (Normal) (G1 Evacuation Pause) 396M->83M(524M) 4.124ms
[253.232s][info][gc,cpu         ] GC(1798) User=0.00s Sys=0.00s Real=0.01s
[253.377s][info][gc,start       ] GC(1799) Pause Young (Normal) (G1 Evacuation Pause)
[253.377s][info][gc,task        ] GC(1799) Using 1 workers of 1 for evacuation
[253.381s][info][gc,phases      ] GC(1799)   Pre Evacuate Collection Set: 0.0ms
[253.381s][info][gc,phases      ] GC(1799)   Evacuate Collection Set: 3.1ms
[253.381s][info][gc,phases      ] GC(1799)   Post Evacuate Collection Set: 0.4ms
[253.381s][info][gc,phases      ] GC(1799)   Other: 0.3ms
[253.381s][info][gc,heap        ] GC(1799) Eden regions: 313->0(313)
[253.381s][info][gc,heap        ] GC(1799) Survivor regions: 1->1(40)
[253.381s][info][gc,heap        ] GC(1799) Old regions: 79->79
[253.381s][info][gc,heap        ] GC(1799) Humongous regions: 6->6
[253.381s][info][gc,metaspace   ] GC(1799) Metaspace: 73490K->73490K(1116160K)
[253.381s][info][gc             ] GC(1799) Pause Young (Normal) (G1 Evacuation Pause) 396M->83M(524M) 3.895ms
[253.381s][info][gc,cpu         ] GC(1799) User=0.00s Sys=0.00s Real=0.01s
[253.526s][info][gc,start       ] GC(1800) Pause Young (Normal) (G1 Evacuation Pause)
[253.526s][info][gc,task        ] GC(1800) Using 1 workers of 1 for evacuation
[253.530s][info][gc,phases      ] GC(1800)   Pre Evacuate Collection Set: 0.0ms
[253.530s][info][gc,phases      ] GC(1800)   Evacuate Collection Set: 3.1ms
[253.530s][info][gc,phases      ] GC(1800)   Post Evacuate Collection Set: 0.4ms
[253.530s][info][gc,phases      ] GC(1800)   Other: 0.4ms
[253.530s][info][gc,heap        ] GC(1800) Eden regions: 313->0(313)
[253.530s][info][gc,heap        ] GC(1800) Survivor regions: 1->1(40)
[253.530s][info][gc,heap        ] GC(1800) Old regions: 79->79
[253.530s][info][gc,heap        ] GC(1800) Humongous regions: 6->6
[253.530s][info][gc,metaspace   ] GC(1800) Metaspace: 73490K->73490K(1116160K)
[253.530s][info][gc             ] GC(1800) Pause Young (Normal) (G1 Evacuation Pause) 396M->83M(524M) 3.989ms
[253.530s][info][gc,cpu         ] GC(1800) User=0.00s Sys=0.01s Real=0.01s
[253.675s][info][gc,start       ] GC(1801) Pause Young (Normal) (G1 Evacuation Pause)
[253.675s][info][gc,task        ] GC(1801) Using 1 workers of 1 for evacuation
[253.679s][info][gc,phases      ] GC(1801)   Pre Evacuate Collection Set: 0.0ms
[253.679s][info][gc,phases      ] GC(1801)   Evacuate Collection Set: 3.3ms
[253.679s][info][gc,phases      ] GC(1801)   Post Evacuate Collection Set: 0.4ms
[253.679s][info][gc,phases      ] GC(1801)   Other: 0.3ms
[253.679s][info][gc,heap        ] GC(1801) Eden regions: 313->0(313)
[253.679s][info][gc,heap        ] GC(1801) Survivor regions: 1->1(40)
[253.679s][info][gc,heap        ] GC(1801) Old regions: 79->79
[253.679s][info][gc,heap        ] GC(1801) Humongous regions: 6->6
[253.679s][info][gc,metaspace   ] GC(1801) Metaspace: 73490K->73490K(1116160K)
[253.679s][info][gc             ] GC(1801) Pause Young (Normal) (G1 Evacuation Pause) 396M->83M(524M) 4.111ms
[253.679s][info][gc,cpu         ] GC(1801) User=0.00s Sys=0.00s Real=0.01s
[253.835s][info][gc,start       ] GC(1802) Pause Young (Normal) (G1 Evacuation Pause)
[253.835s][info][gc,task        ] GC(1802) Using 1 workers of 1 for evacuation
[253.839s][info][gc,phases      ] GC(1802)   Pre Evacuate Collection Set: 0.0ms
[253.839s][info][gc,phases      ] GC(1802)   Evacuate Collection Set: 3.3ms
[253.839s][info][gc,phases      ] GC(1802)   Post Evacuate Collection Set: 0.4ms
[253.839s][info][gc,phases      ] GC(1802)   Other: 0.4ms
[253.839s][info][gc,heap        ] GC(1802) Eden regions: 313->0(313)
[253.839s][info][gc,heap        ] GC(1802) Survivor regions: 1->1(40)
[253.839s][info][gc,heap        ] GC(1802) Old regions: 79->79
[253.839s][info][gc,heap        ] GC(1802) Humongous regions: 6->6
[253.839s][info][gc,metaspace   ] GC(1802) Metaspace: 73490K->73490K(1116160K)
[253.839s][info][gc             ] GC(1802) Pause Young (Normal) (G1 Evacuation Pause) 396M->83M(524M) 4.155ms
[253.839s][info][gc,cpu         ] GC(1802) User=0.00s Sys=0.00s Real=0.01s
[253.987s][info][gc,start       ] GC(1803) Pause Young (Normal) (G1 Evacuation Pause)
[253.987s][info][gc,task        ] GC(1803) Using 1 workers of 1 for evacuation
[253.991s][info][gc,phases      ] GC(1803)   Pre Evacuate Collection Set: 0.0ms
[253.991s][info][gc,phases      ] GC(1803)   Evacuate Collection Set: 3.4ms
[253.991s][info][gc,phases      ] GC(1803)   Post Evacuate Collection Set: 0.4ms
[253.991s][info][gc,phases      ] GC(1803)   Other: 0.3ms
[253.991s][info][gc,heap        ] GC(1803) Eden regions: 313->0(313)
[253.991s][info][gc,heap        ] GC(1803) Survivor regions: 1->1(40)
[253.991s][info][gc,heap        ] GC(1803) Old regions: 79->79
[253.991s][info][gc,heap        ] GC(1803) Humongous regions: 6->6
[253.991s][info][gc,metaspace   ] GC(1803) Metaspace: 73490K->73490K(1116160K)
[253.991s][info][gc             ] GC(1803) Pause Young (Normal) (G1 Evacuation Pause) 396M->84M(524M) 4.234ms
[253.991s][info][gc,cpu         ] GC(1803) User=0.00s Sys=0.01s Real=0.01s
[254.247s][info][gc,start       ] GC(1804) Pause Young (Normal) (G1 Evacuation Pause)
[254.247s][info][gc,task        ] GC(1804) Using 1 workers of 1 for evacuation
[254.256s][info][gc,phases      ] GC(1804)   Pre Evacuate Collection Set: 0.0ms
[254.256s][info][gc,phases      ] GC(1804)   Evacuate Collection Set: 6.2ms
[254.256s][info][gc,phases      ] GC(1804)   Post Evacuate Collection Set: 2.7ms
[254.256s][info][gc,phases      ] GC(1804)   Other: 0.5ms
[254.256s][info][gc,heap        ] GC(1804) Eden regions: 313->0(311)
[254.256s][info][gc,heap        ] GC(1804) Survivor regions: 1->3(40)
[254.256s][info][gc,heap        ] GC(1804) Old regions: 79->79
[254.256s][info][gc,heap        ] GC(1804) Humongous regions: 26->6
[254.257s][info][gc,metaspace   ] GC(1804) Metaspace: 73499K->73499K(1116160K)
[254.257s][info][gc             ] GC(1804) Pause Young (Normal) (G1 Evacuation Pause) 417M->85M(524M) 9.457ms
[254.257s][info][gc,cpu         ] GC(1804) User=0.01s Sys=0.00s Real=0.01s
[254.535s][info][gc,start       ] GC(1805) Pause Young (Normal) (G1 Evacuation Pause)
[254.536s][info][gc,task        ] GC(1805) Using 1 workers of 1 for evacuation
[254.547s][info][gc,phases      ] GC(1805)   Pre Evacuate Collection Set: 0.0ms
[254.547s][info][gc,phases      ] GC(1805)   Evacuate Collection Set: 10.5ms
[254.547s][info][gc,phases      ] GC(1805)   Post Evacuate Collection Set: 0.5ms
[254.547s][info][gc,phases      ] GC(1805)   Other: 0.4ms
[254.547s][info][gc,heap        ] GC(1805) Eden regions: 311->0(309)
[254.547s][info][gc,heap        ] GC(1805) Survivor regions: 3->5(40)
[254.547s][info][gc,heap        ] GC(1805) Old regions: 79->79
[254.547s][info][gc,heap        ] GC(1805) Humongous regions: 21->6
[254.547s][info][gc,metaspace   ] GC(1805) Metaspace: 73510K->73510K(1116160K)
[254.547s][info][gc             ] GC(1805) Pause Young (Normal) (G1 Evacuation Pause) 411M->87M(524M) 11.480ms
[254.547s][info][gc,cpu         ] GC(1805) User=0.01s Sys=0.00s Real=0.01s
[254.705s][info][gc,start       ] GC(1806) Pause Young (Normal) (G1 Evacuation Pause)
[254.705s][info][gc,task        ] GC(1806) Using 1 workers of 1 for evacuation
[254.714s][info][gc,phases      ] GC(1806)   Pre Evacuate Collection Set: 0.0ms
[254.714s][info][gc,phases      ] GC(1806)   Evacuate Collection Set: 8.5ms
[254.714s][info][gc,phases      ] GC(1806)   Post Evacuate Collection Set: 0.5ms
[254.714s][info][gc,phases      ] GC(1806)   Other: 0.3ms
[254.714s][info][gc,heap        ] GC(1806) Eden regions: 309->0(310)
[254.714s][info][gc,heap        ] GC(1806) Survivor regions: 5->4(40)
[254.714s][info][gc,heap        ] GC(1806) Old regions: 79->79
[254.714s][info][gc,heap        ] GC(1806) Humongous regions: 6->6
[254.714s][info][gc,metaspace   ] GC(1806) Metaspace: 73510K->73510K(1116160K)
[254.714s][info][gc             ] GC(1806) Pause Young (Normal) (G1 Evacuation Pause) 396M->87M(524M) 9.464ms
[254.714s][info][gc,cpu         ] GC(1806) User=0.01s Sys=0.00s Real=0.01s
[254.875s][info][gc,start       ] GC(1807) Pause Young (Normal) (G1 Evacuation Pause)
[254.875s][info][gc,task        ] GC(1807) Using 1 workers of 1 for evacuation
[254.884s][info][gc,phases      ] GC(1807)   Pre Evacuate Collection Set: 0.0ms
[254.884s][info][gc,phases      ] GC(1807)   Evacuate Collection Set: 8.3ms
[254.884s][info][gc,phases      ] GC(1807)   Post Evacuate Collection Set: 0.5ms
[254.884s][info][gc,phases      ] GC(1807)   Other: 0.4ms
[254.884s][info][gc,heap        ] GC(1807) Eden regions: 310->0(310)
[254.884s][info][gc,heap        ] GC(1807) Survivor regions: 4->4(40)
[254.884s][info][gc,heap        ] GC(1807) Old regions: 79->79
[254.884s][info][gc,heap        ] GC(1807) Humongous regions: 6->6
[254.884s][info][gc,metaspace   ] GC(1807) Metaspace: 73510K->73510K(1116160K)
[254.884s][info][gc             ] GC(1807) Pause Young (Normal) (G1 Evacuation Pause) 397M->87M(524M) 9.250ms
[254.884s][info][gc,cpu         ] GC(1807) User=0.01s Sys=0.00s Real=0.01s
[255.348s][info][gc,start       ] GC(1808) Pause Young (Normal) (G1 Evacuation Pause)
[255.348s][info][gc,task        ] GC(1808) Using 1 workers of 1 for evacuation
[255.359s][info][gc,phases      ] GC(1808)   Pre Evacuate Collection Set: 0.0ms
[255.359s][info][gc,phases      ] GC(1808)   Evacuate Collection Set: 9.8ms
[255.359s][info][gc,phases      ] GC(1808)   Post Evacuate Collection Set: 0.8ms
[255.359s][info][gc,phases      ] GC(1808)   Other: 0.4ms
[255.359s][info][gc,heap        ] GC(1808) Eden regions: 310->0(309)
[255.359s][info][gc,heap        ] GC(1808) Survivor regions: 4->5(40)
[255.359s][info][gc,heap        ] GC(1808) Old regions: 79->79
[255.359s][info][gc,heap        ] GC(1808) Humongous regions: 66->6
[255.359s][info][gc,metaspace   ] GC(1808) Metaspace: 73534K->73534K(1116160K)
[255.359s][info][gc             ] GC(1808) Pause Young (Normal) (G1 Evacuation Pause) 457M->87M(524M) 11.037ms
[255.359s][info][gc,cpu         ] GC(1808) User=0.01s Sys=0.00s Real=0.02s
[255.522s][info][gc,start       ] GC(1809) Pause Young (Normal) (G1 Evacuation Pause)
[255.522s][info][gc,task        ] GC(1809) Using 1 workers of 1 for evacuation
[255.529s][info][gc,phases      ] GC(1809)   Pre Evacuate Collection Set: 0.0ms
[255.529s][info][gc,phases      ] GC(1809)   Evacuate Collection Set: 6.2ms
[255.529s][info][gc,phases      ] GC(1809)   Post Evacuate Collection Set: 0.4ms
[255.529s][info][gc,phases      ] GC(1809)   Other: 0.3ms
[255.529s][info][gc,heap        ] GC(1809) Eden regions: 309->0(310)
[255.529s][info][gc,heap        ] GC(1809) Survivor regions: 5->4(40)
[255.529s][info][gc,heap        ] GC(1809) Old regions: 79->79
[255.529s][info][gc,heap        ] GC(1809) Humongous regions: 6->6
[255.529s][info][gc,metaspace   ] GC(1809) Metaspace: 73553K->73553K(1116160K)
[255.529s][info][gc             ] GC(1809) Pause Young (Normal) (G1 Evacuation Pause) 396M->87M(524M) 7.046ms
[255.529s][info][gc,cpu         ] GC(1809) User=0.00s Sys=0.00s Real=0.00s
[255.675s][info][gc,start       ] GC(1810) Pause Young (Normal) (G1 Evacuation Pause)
[255.675s][info][gc,task        ] GC(1810) Using 1 workers of 1 for evacuation
[255.683s][info][gc,phases      ] GC(1810)   Pre Evacuate Collection Set: 0.0ms
[255.683s][info][gc,phases      ] GC(1810)   Evacuate Collection Set: 6.4ms
[255.683s][info][gc,phases      ] GC(1810)   Post Evacuate Collection Set: 0.4ms
[255.683s][info][gc,phases      ] GC(1810)   Other: 0.4ms
[255.683s][info][gc,heap        ] GC(1810) Eden regions: 310->0(310)
[255.683s][info][gc,heap        ] GC(1810) Survivor regions: 4->4(40)
[255.683s][info][gc,heap        ] GC(1810) Old regions: 79->79
[255.683s][info][gc,heap        ] GC(1810) Humongous regions: 6->6
[255.683s][info][gc,metaspace   ] GC(1810) Metaspace: 73553K->73553K(1116160K)
[255.683s][info][gc             ] GC(1810) Pause Young (Normal) (G1 Evacuation Pause) 397M->87M(524M) 7.271ms
[255.683s][info][gc,cpu         ] GC(1810) User=0.00s Sys=0.00s Real=0.01s
[255.838s][info][gc,start       ] GC(1811) Pause Young (Normal) (G1 Evacuation Pause)
[255.838s][info][gc,task        ] GC(1811) Using 1 workers of 1 for evacuation
[255.845s][info][gc,phases      ] GC(1811)   Pre Evacuate Collection Set: 0.0ms
[255.845s][info][gc,phases      ] GC(1811)   Evacuate Collection Set: 6.2ms
[255.845s][info][gc,phases      ] GC(1811)   Post Evacuate Collection Set: 0.5ms
[255.845s][info][gc,phases      ] GC(1811)   Other: 0.4ms
[255.845s][info][gc,heap        ] GC(1811) Eden regions: 310->0(310)
[255.845s][info][gc,heap        ] GC(1811) Survivor regions: 4->4(40)
[255.845s][info][gc,heap        ] GC(1811) Old regions: 79->79
[255.845s][info][gc,heap        ] GC(1811) Humongous regions: 6->6
[255.845s][info][gc,metaspace   ] GC(1811) Metaspace: 73553K->73553K(1116160K)
[255.845s][info][gc             ] GC(1811) Pause Young (Normal) (G1 Evacuation Pause) 397M->87M(524M) 7.115ms
[255.845s][info][gc,cpu         ] GC(1811) User=0.01s Sys=0.00s Real=0.00s
[255.991s][info][gc,start       ] GC(1812) Pause Young (Normal) (G1 Evacuation Pause)
[255.991s][info][gc,task        ] GC(1812) Using 1 workers of 1 for evacuation
[255.998s][info][gc,phases      ] GC(1812)   Pre Evacuate Collection Set: 0.0ms
[255.998s][info][gc,phases      ] GC(1812)   Evacuate Collection Set: 6.3ms
[255.998s][info][gc,phases      ] GC(1812)   Post Evacuate Collection Set: 0.5ms
[255.998s][info][gc,phases      ] GC(1812)   Other: 0.3ms
[255.998s][info][gc,heap        ] GC(1812) Eden regions: 310->0(310)
[255.998s][info][gc,heap        ] GC(1812) Survivor regions: 4->4(40)
[255.998s][info][gc,heap        ] GC(1812) Old regions: 79->79
[255.998s][info][gc,heap        ] GC(1812) Humongous regions: 6->6
[255.998s][info][gc,metaspace   ] GC(1812) Metaspace: 73553K->73553K(1116160K)
[255.998s][info][gc             ] GC(1812) Pause Young (Normal) (G1 Evacuation Pause) 397M->87M(524M) 7.184ms
[255.998s][info][gc,cpu         ] GC(1812) User=0.01s Sys=0.00s Real=0.01s
[256.288s][info][gc,start       ] GC(1813) Pause Young (Normal) (G1 Evacuation Pause)
[256.288s][info][gc,task        ] GC(1813) Using 1 workers of 1 for evacuation
[256.296s][info][gc,phases      ] GC(1813)   Pre Evacuate Collection Set: 0.0ms
[256.296s][info][gc,phases      ] GC(1813)   Evacuate Collection Set: 6.6ms
[256.296s][info][gc,phases      ] GC(1813)   Post Evacuate Collection Set: 0.6ms
[256.296s][info][gc,phases      ] GC(1813)   Other: 0.4ms
[256.296s][info][gc,heap        ] GC(1813) Eden regions: 310->0(309)
[256.296s][info][gc,heap        ] GC(1813) Survivor regions: 4->5(40)
[256.296s][info][gc,heap        ] GC(1813) Old regions: 79->79
[256.296s][info][gc,heap        ] GC(1813) Humongous regions: 21->6
[256.296s][info][gc,metaspace   ] GC(1813) Metaspace: 73567K->73567K(1116160K)
[256.296s][info][gc             ] GC(1813) Pause Young (Normal) (G1 Evacuation Pause) 412M->87M(524M) 7.682ms
[256.296s][info][gc,cpu         ] GC(1813) User=0.01s Sys=0.00s Real=0.01s
[256.573s][info][gc,start       ] GC(1814) Pause Young (Normal) (G1 Evacuation Pause)
[256.573s][info][gc,task        ] GC(1814) Using 1 workers of 1 for evacuation
[256.581s][info][gc,phases      ] GC(1814)   Pre Evacuate Collection Set: 0.0ms
[256.581s][info][gc,phases      ] GC(1814)   Evacuate Collection Set: 7.4ms
[256.581s][info][gc,phases      ] GC(1814)   Post Evacuate Collection Set: 0.4ms
[256.582s][info][gc,phases      ] GC(1814)   Other: 0.4ms
[256.582s][info][gc,heap        ] GC(1814) Eden regions: 309->0(308)
[256.582s][info][gc,heap        ] GC(1814) Survivor regions: 5->6(40)
[256.582s][info][gc,heap        ] GC(1814) Old regions: 79->79
[256.582s][info][gc,heap        ] GC(1814) Humongous regions: 16->6
[256.582s][info][gc,metaspace   ] GC(1814) Metaspace: 73596K->73596K(1116160K)
[256.582s][info][gc             ] GC(1814) Pause Young (Normal) (G1 Evacuation Pause) 406M->88M(524M) 8.349ms
[256.582s][info][gc,cpu         ] GC(1814) User=0.01s Sys=0.00s Real=0.01s
[256.729s][info][gc,start       ] GC(1815) Pause Young (Normal) (G1 Evacuation Pause)
[256.729s][info][gc,task        ] GC(1815) Using 1 workers of 1 for evacuation
[256.737s][info][gc,phases      ] GC(1815)   Pre Evacuate Collection Set: 0.0ms
[256.737s][info][gc,phases      ] GC(1815)   Evacuate Collection Set: 7.0ms
[256.737s][info][gc,phases      ] GC(1815)   Post Evacuate Collection Set: 0.5ms
[256.737s][info][gc,phases      ] GC(1815)   Other: 0.3ms
[256.737s][info][gc,heap        ] GC(1815) Eden regions: 308->0(309)
[256.737s][info][gc,heap        ] GC(1815) Survivor regions: 6->5(40)
[256.737s][info][gc,heap        ] GC(1815) Old regions: 79->79
[256.737s][info][gc,heap        ] GC(1815) Humongous regions: 6->6
[256.737s][info][gc,metaspace   ] GC(1815) Metaspace: 73596K->73596K(1116160K)
[256.737s][info][gc             ] GC(1815) Pause Young (Normal) (G1 Evacuation Pause) 396M->88M(524M) 7.866ms
[256.737s][info][gc,cpu         ] GC(1815) User=0.01s Sys=0.00s Real=0.01s
[256.887s][info][gc,start       ] GC(1816) Pause Young (Normal) (G1 Evacuation Pause)
[256.888s][info][gc,task        ] GC(1816) Using 1 workers of 1 for evacuation
[256.895s][info][gc,phases      ] GC(1816)   Pre Evacuate Collection Set: 0.0ms
[256.895s][info][gc,phases      ] GC(1816)   Evacuate Collection Set: 7.1ms
[256.895s][info][gc,phases      ] GC(1816)   Post Evacuate Collection Set: 0.4ms
[256.895s][info][gc,phases      ] GC(1816)   Other: 0.4ms
[256.895s][info][gc,heap        ] GC(1816) Eden regions: 309->0(309)
[256.895s][info][gc,heap        ] GC(1816) Survivor regions: 5->5(40)
[256.895s][info][gc,heap        ] GC(1816) Old regions: 79->79
[256.895s][info][gc,heap        ] GC(1816) Humongous regions: 6->6
[256.895s][info][gc,metaspace   ] GC(1816) Metaspace: 73596K->73596K(1116160K)
[256.895s][info][gc             ] GC(1816) Pause Young (Normal) (G1 Evacuation Pause) 397M->88M(524M) 8.014ms
[256.895s][info][gc,cpu         ] GC(1816) User=0.00s Sys=0.00s Real=0.01s
[257.039s][info][gc,start       ] GC(1817) Pause Young (Normal) (G1 Evacuation Pause)
[257.039s][info][gc,task        ] GC(1817) Using 1 workers of 1 for evacuation
[257.047s][info][gc,phases      ] GC(1817)   Pre Evacuate Collection Set: 0.0ms
[257.047s][info][gc,phases      ] GC(1817)   Evacuate Collection Set: 7.1ms
[257.047s][info][gc,phases      ] GC(1817)   Post Evacuate Collection Set: 0.4ms
[257.047s][info][gc,phases      ] GC(1817)   Other: 0.4ms
[257.047s][info][gc,heap        ] GC(1817) Eden regions: 309->0(309)
[257.047s][info][gc,heap        ] GC(1817) Survivor regions: 5->5(40)
[257.047s][info][gc,heap        ] GC(1817) Old regions: 79->79
[257.047s][info][gc,heap        ] GC(1817) Humongous regions: 6->6
[257.047s][info][gc,metaspace   ] GC(1817) Metaspace: 73596K->73596K(1116160K)
[257.047s][info][gc             ] GC(1817) Pause Young (Normal) (G1 Evacuation Pause) 397M->88M(524M) 7.923ms
[257.047s][info][gc,cpu         ] GC(1817) User=0.00s Sys=0.00s Real=0.00s
[257.190s][info][gc,start       ] GC(1818) Pause Young (Normal) (G1 Evacuation Pause)
[257.190s][info][gc,task        ] GC(1818) Using 1 workers of 1 for evacuation
[257.197s][info][gc,phases      ] GC(1818)   Pre Evacuate Collection Set: 0.0ms
[257.198s][info][gc,phases      ] GC(1818)   Evacuate Collection Set: 7.0ms
[257.198s][info][gc,phases      ] GC(1818)   Post Evacuate Collection Set: 0.4ms
[257.198s][info][gc,phases      ] GC(1818)   Other: 0.5ms
[257.198s][info][gc,heap        ] GC(1818) Eden regions: 309->0(309)
[257.198s][info][gc,heap        ] GC(1818) Survivor regions: 5->5(40)
[257.198s][info][gc,heap        ] GC(1818) Old regions: 79->79
[257.198s][info][gc,heap        ] GC(1818) Humongous regions: 6->6
[257.198s][info][gc,metaspace   ] GC(1818) Metaspace: 73596K->73596K(1116160K)
[257.198s][info][gc             ] GC(1818) Pause Young (Normal) (G1 Evacuation Pause) 397M->88M(524M) 7.938ms
[257.198s][info][gc,cpu         ] GC(1818) User=0.00s Sys=0.00s Real=0.01s
[257.359s][info][gc,start       ] GC(1819) Pause Young (Normal) (G1 Evacuation Pause)
[257.360s][info][gc,task        ] GC(1819) Using 1 workers of 1 for evacuation
[257.367s][info][gc,phases      ] GC(1819)   Pre Evacuate Collection Set: 0.0ms
[257.367s][info][gc,phases      ] GC(1819)   Evacuate Collection Set: 7.2ms
[257.367s][info][gc,phases      ] GC(1819)   Post Evacuate Collection Set: 0.4ms
[257.367s][info][gc,phases      ] GC(1819)   Other: 0.3ms
[257.367s][info][gc,heap        ] GC(1819) Eden regions: 309->0(310)
[257.367s][info][gc,heap        ] GC(1819) Survivor regions: 5->4(40)
[257.367s][info][gc,heap        ] GC(1819) Old regions: 79->80
[257.367s][info][gc,heap        ] GC(1819) Humongous regions: 11->6
[257.367s][info][gc,metaspace   ] GC(1819) Metaspace: 73596K->73596K(1116160K)
[257.368s][info][gc             ] GC(1819) Pause Young (Normal) (G1 Evacuation Pause) 402M->88M(524M) 8.038ms
[257.368s][info][gc,cpu         ] GC(1819) User=0.01s Sys=0.00s Real=0.00s
[257.521s][info][gc,start       ] GC(1820) Pause Young (Normal) (G1 Evacuation Pause)
[257.521s][info][gc,task        ] GC(1820) Using 1 workers of 1 for evacuation
[257.527s][info][gc,phases      ] GC(1820)   Pre Evacuate Collection Set: 0.0ms
[257.527s][info][gc,phases      ] GC(1820)   Evacuate Collection Set: 5.5ms
[257.527s][info][gc,phases      ] GC(1820)   Post Evacuate Collection Set: 0.4ms
[257.527s][info][gc,phases      ] GC(1820)   Other: 0.4ms
[257.527s][info][gc,heap        ] GC(1820) Eden regions: 310->0(310)
[257.527s][info][gc,heap        ] GC(1820) Survivor regions: 4->4(40)
[257.527s][info][gc,heap        ] GC(1820) Old regions: 80->80
[257.527s][info][gc,heap        ] GC(1820) Humongous regions: 6->6
[257.527s][info][gc,metaspace   ] GC(1820) Metaspace: 73600K->73600K(1116160K)
[257.527s][info][gc             ] GC(1820) Pause Young (Normal) (G1 Evacuation Pause) 398M->88M(524M) 6.373ms
[257.527s][info][gc,cpu         ] GC(1820) User=0.01s Sys=0.00s Real=0.00s
[257.670s][info][gc,start       ] GC(1821) Pause Young (Normal) (G1 Evacuation Pause)
[257.670s][info][gc,task        ] GC(1821) Using 1 workers of 1 for evacuation
[257.675s][info][gc,phases      ] GC(1821)   Pre Evacuate Collection Set: 0.0ms
[257.675s][info][gc,phases      ] GC(1821)   Evacuate Collection Set: 5.2ms
[257.676s][info][gc,phases      ] GC(1821)   Post Evacuate Collection Set: 0.4ms
[257.676s][info][gc,phases      ] GC(1821)   Other: 0.3ms
[257.676s][info][gc,heap        ] GC(1821) Eden regions: 310->0(310)
[257.676s][info][gc,heap        ] GC(1821) Survivor regions: 4->4(40)
[257.676s][info][gc,heap        ] GC(1821) Old regions: 80->80
[257.676s][info][gc,heap        ] GC(1821) Humongous regions: 6->6
[257.676s][info][gc,metaspace   ] GC(1821) Metaspace: 73600K->73600K(1116160K)
[257.676s][info][gc             ] GC(1821) Pause Young (Normal) (G1 Evacuation Pause) 398M->88M(524M) 6.013ms
[257.676s][info][gc,cpu         ] GC(1821) User=0.01s Sys=0.00s Real=0.00s
[257.823s][info][gc,start       ] GC(1822) Pause Young (Normal) (G1 Evacuation Pause)
[257.823s][info][gc,task        ] GC(1822) Using 1 workers of 1 for evacuation
[257.829s][info][gc,phases      ] GC(1822)   Pre Evacuate Collection Set: 0.0ms
[257.829s][info][gc,phases      ] GC(1822)   Evacuate Collection Set: 5.3ms
[257.829s][info][gc,phases      ] GC(1822)   Post Evacuate Collection Set: 0.4ms
[257.829s][info][gc,phases      ] GC(1822)   Other: 0.4ms
[257.829s][info][gc,heap        ] GC(1822) Eden regions: 310->0(310)
[257.829s][info][gc,heap        ] GC(1822) Survivor regions: 4->4(40)
[257.829s][info][gc,heap        ] GC(1822) Old regions: 80->80
[257.829s][info][gc,heap        ] GC(1822) Humongous regions: 6->6
[257.829s][info][gc,metaspace   ] GC(1822) Metaspace: 73600K->73600K(1116160K)
[257.829s][info][gc             ] GC(1822) Pause Young (Normal) (G1 Evacuation Pause) 398M->88M(524M) 6.320ms
[257.829s][info][gc,cpu         ] GC(1822) User=0.01s Sys=0.00s Real=0.00s
[257.974s][info][gc,start       ] GC(1823) Pause Young (Normal) (G1 Evacuation Pause)
[257.974s][info][gc,task        ] GC(1823) Using 1 workers of 1 for evacuation
[257.980s][info][gc,phases      ] GC(1823)   Pre Evacuate Collection Set: 0.0ms
[257.980s][info][gc,phases      ] GC(1823)   Evacuate Collection Set: 5.6ms
[257.980s][info][gc,phases      ] GC(1823)   Post Evacuate Collection Set: 0.4ms
[257.980s][info][gc,phases      ] GC(1823)   Other: 0.3ms
[257.980s][info][gc,heap        ] GC(1823) Eden regions: 310->0(312)
[257.980s][info][gc,heap        ] GC(1823) Survivor regions: 4->2(40)
[257.980s][info][gc,heap        ] GC(1823) Old regions: 80->83
[257.980s][info][gc,heap        ] GC(1823) Humongous regions: 6->6
[257.980s][info][gc,metaspace   ] GC(1823) Metaspace: 73600K->73600K(1116160K)
[257.980s][info][gc             ] GC(1823) Pause Young (Normal) (G1 Evacuation Pause) 398M->88M(524M) 6.416ms
[257.980s][info][gc,cpu         ] GC(1823) User=0.01s Sys=0.00s Real=0.01s
[258.144s][info][gc,start       ] GC(1824) Pause Young (Normal) (G1 Evacuation Pause)
[258.144s][info][gc,task        ] GC(1824) Using 1 workers of 1 for evacuation
[258.149s][info][gc,phases      ] GC(1824)   Pre Evacuate Collection Set: 0.0ms
[258.150s][info][gc,phases      ] GC(1824)   Evacuate Collection Set: 4.4ms
[258.150s][info][gc,phases      ] GC(1824)   Post Evacuate Collection Set: 0.5ms
[258.150s][info][gc,phases      ] GC(1824)   Other: 0.5ms
[258.150s][info][gc,heap        ] GC(1824) Eden regions: 312->0(312)
[258.150s][info][gc,heap        ] GC(1824) Survivor regions: 2->2(40)
[258.150s][info][gc,heap        ] GC(1824) Old regions: 83->83
[258.150s][info][gc,heap        ] GC(1824) Humongous regions: 11->6
[258.150s][info][gc,metaspace   ] GC(1824) Metaspace: 73600K->73600K(1116160K)
[258.150s][info][gc             ] GC(1824) Pause Young (Normal) (G1 Evacuation Pause) 405M->88M(524M) 5.467ms
[258.150s][info][gc,cpu         ] GC(1824) User=0.01s Sys=0.00s Real=0.01s
[258.293s][info][gc,start       ] GC(1825) Pause Young (Normal) (G1 Evacuation Pause)
[258.293s][info][gc,task        ] GC(1825) Using 1 workers of 1 for evacuation
[258.298s][info][gc,phases      ] GC(1825)   Pre Evacuate Collection Set: 0.0ms
[258.298s][info][gc,phases      ] GC(1825)   Evacuate Collection Set: 4.2ms
[258.298s][info][gc,phases      ] GC(1825)   Post Evacuate Collection Set: 0.4ms
[258.298s][info][gc,phases      ] GC(1825)   Other: 0.4ms
[258.298s][info][gc,heap        ] GC(1825) Eden regions: 312->0(312)
[258.298s][info][gc,heap        ] GC(1825) Survivor regions: 2->2(40)
[258.298s][info][gc,heap        ] GC(1825) Old regions: 83->83
[258.298s][info][gc,heap        ] GC(1825) Humongous regions: 6->6
[258.298s][info][gc,metaspace   ] GC(1825) Metaspace: 73600K->73600K(1116160K)
[258.298s][info][gc             ] GC(1825) Pause Young (Normal) (G1 Evacuation Pause) 400M->88M(524M) 5.122ms
[258.299s][info][gc,cpu         ] GC(1825) User=0.00s Sys=0.00s Real=0.01s
[258.442s][info][gc,start       ] GC(1826) Pause Young (Normal) (G1 Evacuation Pause)
[258.442s][info][gc,task        ] GC(1826) Using 1 workers of 1 for evacuation
[258.447s][info][gc,phases      ] GC(1826)   Pre Evacuate Collection Set: 0.0ms
[258.447s][info][gc,phases      ] GC(1826)   Evacuate Collection Set: 4.1ms
[258.447s][info][gc,phases      ] GC(1826)   Post Evacuate Collection Set: 0.4ms
[258.447s][info][gc,phases      ] GC(1826)   Other: 0.3ms
[258.447s][info][gc,heap        ] GC(1826) Eden regions: 312->0(312)
[258.447s][info][gc,heap        ] GC(1826) Survivor regions: 2->2(40)
[258.447s][info][gc,heap        ] GC(1826) Old regions: 83->83
[258.447s][info][gc,heap        ] GC(1826) Humongous regions: 6->6
[258.447s][info][gc,metaspace   ] GC(1826) Metaspace: 73600K->73600K(1116160K)
[258.447s][info][gc             ] GC(1826) Pause Young (Normal) (G1 Evacuation Pause) 400M->88M(524M) 4.916ms
[258.447s][info][gc,cpu         ] GC(1826) User=0.00s Sys=0.00s Real=0.00s
[258.590s][info][gc,start       ] GC(1827) Pause Young (Normal) (G1 Evacuation Pause)
[258.590s][info][gc,task        ] GC(1827) Using 1 workers of 1 for evacuation
[258.595s][info][gc,phases      ] GC(1827)   Pre Evacuate Collection Set: 0.0ms
[258.595s][info][gc,phases      ] GC(1827)   Evacuate Collection Set: 4.1ms
[258.595s][info][gc,phases      ] GC(1827)   Post Evacuate Collection Set: 0.5ms
[258.595s][info][gc,phases      ] GC(1827)   Other: 0.3ms
[258.595s][info][gc,heap        ] GC(1827) Eden regions: 312->0(312)
[258.595s][info][gc,heap        ] GC(1827) Survivor regions: 2->2(40)
[258.595s][info][gc,heap        ] GC(1827) Old regions: 83->83
[258.595s][info][gc,heap        ] GC(1827) Humongous regions: 6->6
[258.595s][info][gc,metaspace   ] GC(1827) Metaspace: 73600K->73600K(1116160K)
[258.595s][info][gc             ] GC(1827) Pause Young (Normal) (G1 Evacuation Pause) 400M->88M(524M) 4.958ms
[258.595s][info][gc,cpu         ] GC(1827) User=0.00s Sys=0.00s Real=0.00s
[258.759s][info][gc,start       ] GC(1828) Pause Young (Normal) (G1 Evacuation Pause)
[258.759s][info][gc,task        ] GC(1828) Using 1 workers of 1 for evacuation
[258.764s][info][gc,phases      ] GC(1828)   Pre Evacuate Collection Set: 0.0ms
[258.764s][info][gc,phases      ] GC(1828)   Evacuate Collection Set: 4.0ms
[258.764s][info][gc,phases      ] GC(1828)   Post Evacuate Collection Set: 0.4ms
[258.764s][info][gc,phases      ] GC(1828)   Other: 0.3ms
[258.764s][info][gc,heap        ] GC(1828) Eden regions: 312->0(313)
[258.764s][info][gc,heap        ] GC(1828) Survivor regions: 2->1(40)
[258.764s][info][gc,heap        ] GC(1828) Old regions: 83->83
[258.764s][info][gc,heap        ] GC(1828) Humongous regions: 11->6
[258.764s][info][gc,metaspace   ] GC(1828) Metaspace: 73601K->73601K(1116160K)
[258.764s][info][gc             ] GC(1828) Pause Young (Normal) (G1 Evacuation Pause) 405M->88M(524M) 4.783ms
[258.764s][info][gc,cpu         ] GC(1828) User=0.01s Sys=0.00s Real=0.00s
[258.909s][info][gc,start       ] GC(1829) Pause Young (Normal) (G1 Evacuation Pause)
[258.909s][info][gc,task        ] GC(1829) Using 1 workers of 1 for evacuation
[258.913s][info][gc,phases      ] GC(1829)   Pre Evacuate Collection Set: 0.0ms
[258.913s][info][gc,phases      ] GC(1829)   Evacuate Collection Set: 3.5ms
[258.913s][info][gc,phases      ] GC(1829)   Post Evacuate Collection Set: 0.4ms
[258.913s][info][gc,phases      ] GC(1829)   Other: 0.4ms
[258.913s][info][gc,heap        ] GC(1829) Eden regions: 313->0(313)
[258.913s][info][gc,heap        ] GC(1829) Survivor regions: 1->1(40)
[258.913s][info][gc,heap        ] GC(1829) Old regions: 83->84
[258.913s][info][gc,heap        ] GC(1829) Humongous regions: 6->6
[258.913s][info][gc,metaspace   ] GC(1829) Metaspace: 73601K->73601K(1116160K)
[258.913s][info][gc             ] GC(1829) Pause Young (Normal) (G1 Evacuation Pause) 401M->88M(524M) 4.396ms
[258.913s][info][gc,cpu         ] GC(1829) User=0.01s Sys=0.00s Real=0.01s
[259.061s][info][gc,start       ] GC(1830) Pause Young (Normal) (G1 Evacuation Pause)
[259.061s][info][gc,task        ] GC(1830) Using 1 workers of 1 for evacuation
[259.065s][info][gc,phases      ] GC(1830)   Pre Evacuate Collection Set: 0.0ms
[259.065s][info][gc,phases      ] GC(1830)   Evacuate Collection Set: 2.9ms
[259.065s][info][gc,phases      ] GC(1830)   Post Evacuate Collection Set: 0.4ms
[259.065s][info][gc,phases      ] GC(1830)   Other: 0.4ms
[259.065s][info][gc,heap        ] GC(1830) Eden regions: 313->0(313)
[259.065s][info][gc,heap        ] GC(1830) Survivor regions: 1->1(40)
[259.065s][info][gc,heap        ] GC(1830) Old regions: 84->84
[259.065s][info][gc,heap        ] GC(1830) Humongous regions: 6->6
[259.065s][info][gc,metaspace   ] GC(1830) Metaspace: 73601K->73601K(1116160K)
[259.065s][info][gc             ] GC(1830) Pause Young (Normal) (G1 Evacuation Pause) 401M->88M(524M) 3.707ms
[259.065s][info][gc,cpu         ] GC(1830) User=0.01s Sys=0.00s Real=0.00s
[259.209s][info][gc,start       ] GC(1831) Pause Young (Normal) (G1 Evacuation Pause)
[259.209s][info][gc,task        ] GC(1831) Using 1 workers of 1 for evacuation
[259.213s][info][gc,phases      ] GC(1831)   Pre Evacuate Collection Set: 0.0ms
[259.213s][info][gc,phases      ] GC(1831)   Evacuate Collection Set: 3.1ms
[259.213s][info][gc,phases      ] GC(1831)   Post Evacuate Collection Set: 0.4ms
[259.213s][info][gc,phases      ] GC(1831)   Other: 0.4ms
[259.213s][info][gc,heap        ] GC(1831) Eden regions: 313->0(313)
[259.213s][info][gc,heap        ] GC(1831) Survivor regions: 1->1(40)
[259.213s][info][gc,heap        ] GC(1831) Old regions: 84->84
[259.213s][info][gc,heap        ] GC(1831) Humongous regions: 6->6
[259.213s][info][gc,metaspace   ] GC(1831) Metaspace: 73601K->73601K(1116160K)
[259.213s][info][gc             ] GC(1831) Pause Young (Normal) (G1 Evacuation Pause) 401M->88M(524M) 4.006ms
[259.213s][info][gc,cpu         ] GC(1831) User=0.00s Sys=0.00s Real=0.01s
[259.363s][info][gc,start       ] GC(1832) Pause Young (Normal) (G1 Evacuation Pause)
[259.363s][info][gc,task        ] GC(1832) Using 1 workers of 1 for evacuation
[259.367s][info][gc,phases      ] GC(1832)   Pre Evacuate Collection Set: 0.0ms
[259.367s][info][gc,phases      ] GC(1832)   Evacuate Collection Set: 3.3ms
[259.367s][info][gc,phases      ] GC(1832)   Post Evacuate Collection Set: 0.4ms
[259.367s][info][gc,phases      ] GC(1832)   Other: 0.7ms
[259.367s][info][gc,heap        ] GC(1832) Eden regions: 313->0(313)
[259.367s][info][gc,heap        ] GC(1832) Survivor regions: 1->1(40)
[259.367s][info][gc,heap        ] GC(1832) Old regions: 84->84
[259.367s][info][gc,heap        ] GC(1832) Humongous regions: 6->6
[259.367s][info][gc,metaspace   ] GC(1832) Metaspace: 73601K->73601K(1116160K)
[259.368s][info][gc             ] GC(1832) Pause Young (Normal) (G1 Evacuation Pause) 401M->88M(524M) 4.512ms
[259.368s][info][gc,cpu         ] GC(1832) User=0.00s Sys=0.00s Real=0.00s
[259.532s][info][gc,start       ] GC(1833) Pause Young (Normal) (G1 Evacuation Pause)
[259.532s][info][gc,task        ] GC(1833) Using 1 workers of 1 for evacuation
[259.536s][info][gc,phases      ] GC(1833)   Pre Evacuate Collection Set: 0.0ms
[259.536s][info][gc,phases      ] GC(1833)   Evacuate Collection Set: 3.2ms
[259.536s][info][gc,phases      ] GC(1833)   Post Evacuate Collection Set: 0.4ms
[259.536s][info][gc,phases      ] GC(1833)   Other: 0.4ms
[259.536s][info][gc,heap        ] GC(1833) Eden regions: 313->0(313)
[259.536s][info][gc,heap        ] GC(1833) Survivor regions: 1->1(40)
[259.536s][info][gc,heap        ] GC(1833) Old regions: 84->84
[259.536s][info][gc,heap        ] GC(1833) Humongous regions: 11->6
[259.536s][info][gc,metaspace   ] GC(1833) Metaspace: 73601K->73601K(1116160K)
[259.536s][info][gc             ] GC(1833) Pause Young (Normal) (G1 Evacuation Pause) 406M->88M(524M) 3.978ms
[259.536s][info][gc,cpu         ] GC(1833) User=0.00s Sys=0.00s Real=0.00s
[259.681s][info][gc,start       ] GC(1834) Pause Young (Normal) (G1 Evacuation Pause)
[259.681s][info][gc,task        ] GC(1834) Using 1 workers of 1 for evacuation
[259.685s][info][gc,phases      ] GC(1834)   Pre Evacuate Collection Set: 0.0ms
[259.685s][info][gc,phases      ] GC(1834)   Evacuate Collection Set: 3.3ms
[259.685s][info][gc,phases      ] GC(1834)   Post Evacuate Collection Set: 0.4ms
[259.685s][info][gc,phases      ] GC(1834)   Other: 0.4ms
[259.685s][info][gc,heap        ] GC(1834) Eden regions: 313->0(313)
[259.685s][info][gc,heap        ] GC(1834) Survivor regions: 1->1(40)
[259.685s][info][gc,heap        ] GC(1834) Old regions: 84->84
[259.685s][info][gc,heap        ] GC(1834) Humongous regions: 6->6
[259.685s][info][gc,metaspace   ] GC(1834) Metaspace: 73601K->73601K(1116160K)
[259.685s][info][gc             ] GC(1834) Pause Young (Normal) (G1 Evacuation Pause) 401M->88M(524M) 4.104ms
[259.685s][info][gc,cpu         ] GC(1834) User=0.01s Sys=0.00s Real=0.00s
[259.840s][info][gc,start       ] GC(1835) Pause Young (Normal) (G1 Evacuation Pause)
[259.840s][info][gc,task        ] GC(1835) Using 1 workers of 1 for evacuation
[259.843s][info][gc,phases      ] GC(1835)   Pre Evacuate Collection Set: 0.0ms
[259.843s][info][gc,phases      ] GC(1835)   Evacuate Collection Set: 3.0ms
[259.843s][info][gc,phases      ] GC(1835)   Post Evacuate Collection Set: 0.4ms
[259.843s][info][gc,phases      ] GC(1835)   Other: 0.4ms
[259.843s][info][gc,heap        ] GC(1835) Eden regions: 313->0(313)
[259.843s][info][gc,heap        ] GC(1835) Survivor regions: 1->1(40)
[259.843s][info][gc,heap        ] GC(1835) Old regions: 84->84
[259.844s][info][gc,heap        ] GC(1835) Humongous regions: 6->6
[259.844s][info][gc,metaspace   ] GC(1835) Metaspace: 73601K->73601K(1116160K)
[259.844s][info][gc             ] GC(1835) Pause Young (Normal) (G1 Evacuation Pause) 401M->88M(524M) 3.813ms
[259.844s][info][gc,cpu         ] GC(1835) User=0.01s Sys=0.00s Real=0.00s
[259.989s][info][gc,start       ] GC(1836) Pause Young (Normal) (G1 Evacuation Pause)
[259.990s][info][gc,task        ] GC(1836) Using 1 workers of 1 for evacuation
[259.993s][info][gc,phases      ] GC(1836)   Pre Evacuate Collection Set: 0.0ms
[259.993s][info][gc,phases      ] GC(1836)   Evacuate Collection Set: 2.9ms
[259.993s][info][gc,phases      ] GC(1836)   Post Evacuate Collection Set: 0.4ms
[259.993s][info][gc,phases      ] GC(1836)   Other: 0.3ms
[259.993s][info][gc,heap        ] GC(1836) Eden regions: 313->0(313)
[259.993s][info][gc,heap        ] GC(1836) Survivor regions: 1->1(40)
[259.993s][info][gc,heap        ] GC(1836) Old regions: 84->84
[259.993s][info][gc,heap        ] GC(1836) Humongous regions: 6->6
[259.993s][info][gc,metaspace   ] GC(1836) Metaspace: 73601K->73601K(1116160K)
[259.993s][info][gc             ] GC(1836) Pause Young (Normal) (G1 Evacuation Pause) 401M->88M(524M) 3.614ms
[259.993s][info][gc,cpu         ] GC(1836) User=0.00s Sys=0.00s Real=0.00s
[260.137s][info][gc,start       ] GC(1837) Pause Young (Normal) (G1 Evacuation Pause)
[260.137s][info][gc,task        ] GC(1837) Using 1 workers of 1 for evacuation
[260.140s][info][gc,phases      ] GC(1837)   Pre Evacuate Collection Set: 0.1ms
[260.140s][info][gc,phases      ] GC(1837)   Evacuate Collection Set: 2.8ms
[260.140s][info][gc,phases      ] GC(1837)   Post Evacuate Collection Set: 0.4ms
[260.140s][info][gc,phases      ] GC(1837)   Other: 0.3ms
[260.140s][info][gc,heap        ] GC(1837) Eden regions: 313->0(313)
[260.140s][info][gc,heap        ] GC(1837) Survivor regions: 1->1(40)
[260.140s][info][gc,heap        ] GC(1837) Old regions: 84->84
[260.140s][info][gc,heap        ] GC(1837) Humongous regions: 6->6
[260.140s][info][gc,metaspace   ] GC(1837) Metaspace: 73601K->73601K(1116160K)
[260.140s][info][gc             ] GC(1837) Pause Young (Normal) (G1 Evacuation Pause) 401M->88M(524M) 3.683ms
[260.140s][info][gc,cpu         ] GC(1837) User=0.00s Sys=0.00s Real=0.01s
[260.294s][info][gc,start       ] GC(1838) Pause Young (Normal) (G1 Evacuation Pause)
[260.295s][info][gc,task        ] GC(1838) Using 1 workers of 1 for evacuation
[260.298s][info][gc,phases      ] GC(1838)   Pre Evacuate Collection Set: 0.0ms
[260.298s][info][gc,phases      ] GC(1838)   Evacuate Collection Set: 2.9ms
[260.298s][info][gc,phases      ] GC(1838)   Post Evacuate Collection Set: 0.5ms
[260.298s][info][gc,phases      ] GC(1838)   Other: 0.4ms
[260.298s][info][gc,heap        ] GC(1838) Eden regions: 313->0(313)
[260.298s][info][gc,heap        ] GC(1838) Survivor regions: 1->1(40)
[260.298s][info][gc,heap        ] GC(1838) Old regions: 84->84
[260.298s][info][gc,heap        ] GC(1838) Humongous regions: 11->6
[260.298s][info][gc,metaspace   ] GC(1838) Metaspace: 73601K->73601K(1116160K)
[260.298s][info][gc             ] GC(1838) Pause Young (Normal) (G1 Evacuation Pause) 406M->88M(524M) 3.872ms
[260.298s][info][gc,cpu         ] GC(1838) User=0.01s Sys=0.00s Real=0.01s
[260.446s][info][gc,start       ] GC(1839) Pause Young (Normal) (G1 Evacuation Pause)
[260.446s][info][gc,task        ] GC(1839) Using 1 workers of 1 for evacuation
[260.450s][info][gc,phases      ] GC(1839)   Pre Evacuate Collection Set: 0.0ms
[260.450s][info][gc,phases      ] GC(1839)   Evacuate Collection Set: 2.9ms
[260.450s][info][gc,phases      ] GC(1839)   Post Evacuate Collection Set: 0.5ms
[260.450s][info][gc,phases      ] GC(1839)   Other: 0.3ms
[260.450s][info][gc,heap        ] GC(1839) Eden regions: 313->0(313)
[260.450s][info][gc,heap        ] GC(1839) Survivor regions: 1->1(40)
[260.450s][info][gc,heap        ] GC(1839) Old regions: 84->84
[260.450s][info][gc,heap        ] GC(1839) Humongous regions: 6->6
[260.450s][info][gc,metaspace   ] GC(1839) Metaspace: 73601K->73601K(1116160K)
[260.450s][info][gc             ] GC(1839) Pause Young (Normal) (G1 Evacuation Pause) 401M->88M(524M) 3.803ms
[260.450s][info][gc,cpu         ] GC(1839) User=0.00s Sys=0.00s Real=0.01s
[260.600s][info][gc,start       ] GC(1840) Pause Young (Normal) (G1 Evacuation Pause)
[260.600s][info][gc,task        ] GC(1840) Using 1 workers of 1 for evacuation
[260.604s][info][gc,phases      ] GC(1840)   Pre Evacuate Collection Set: 0.0ms
[260.604s][info][gc,phases      ] GC(1840)   Evacuate Collection Set: 2.8ms
[260.604s][info][gc,phases      ] GC(1840)   Post Evacuate Collection Set: 0.4ms
[260.604s][info][gc,phases      ] GC(1840)   Other: 0.4ms
[260.604s][info][gc,heap        ] GC(1840) Eden regions: 313->0(313)
[260.604s][info][gc,heap        ] GC(1840) Survivor regions: 1->1(40)
[260.604s][info][gc,heap        ] GC(1840) Old regions: 84->84
[260.604s][info][gc,heap        ] GC(1840) Humongous regions: 6->6
[260.604s][info][gc,metaspace   ] GC(1840) Metaspace: 73601K->73601K(1116160K)
[260.604s][info][gc             ] GC(1840) Pause Young (Normal) (G1 Evacuation Pause) 401M->88M(524M) 3.746ms
[260.604s][info][gc,cpu         ] GC(1840) User=0.00s Sys=0.00s Real=0.00s
[260.751s][info][gc,start       ] GC(1841) Pause Young (Normal) (G1 Evacuation Pause)
[260.751s][info][gc,task        ] GC(1841) Using 1 workers of 1 for evacuation
[260.755s][info][gc,phases      ] GC(1841)   Pre Evacuate Collection Set: 0.0ms
[260.755s][info][gc,phases      ] GC(1841)   Evacuate Collection Set: 3.1ms
[260.755s][info][gc,phases      ] GC(1841)   Post Evacuate Collection Set: 0.4ms
[260.755s][info][gc,phases      ] GC(1841)   Other: 0.3ms
[260.755s][info][gc,heap        ] GC(1841) Eden regions: 313->0(313)
[260.755s][info][gc,heap        ] GC(1841) Survivor regions: 1->1(40)
[260.755s][info][gc,heap        ] GC(1841) Old regions: 84->84
[260.755s][info][gc,heap        ] GC(1841) Humongous regions: 6->6
[260.755s][info][gc,metaspace   ] GC(1841) Metaspace: 73601K->73601K(1116160K)
[260.755s][info][gc             ] GC(1841) Pause Young (Normal) (G1 Evacuation Pause) 401M->88M(524M) 3.991ms
[260.755s][info][gc,cpu         ] GC(1841) User=0.00s Sys=0.00s Real=0.00s
[260.901s][info][gc,start       ] GC(1842) Pause Young (Normal) (G1 Evacuation Pause)
[260.901s][info][gc,task        ] GC(1842) Using 1 workers of 1 for evacuation
[260.905s][info][gc,phases      ] GC(1842)   Pre Evacuate Collection Set: 0.0ms
[260.905s][info][gc,phases      ] GC(1842)   Evacuate Collection Set: 3.0ms
[260.905s][info][gc,phases      ] GC(1842)   Post Evacuate Collection Set: 0.5ms
[260.905s][info][gc,phases      ] GC(1842)   Other: 0.3ms
[260.905s][info][gc,heap        ] GC(1842) Eden regions: 313->0(313)
[260.905s][info][gc,heap        ] GC(1842) Survivor regions: 1->1(40)
[260.905s][info][gc,heap        ] GC(1842) Old regions: 84->84
[260.905s][info][gc,heap        ] GC(1842) Humongous regions: 6->6
[260.905s][info][gc,metaspace   ] GC(1842) Metaspace: 73601K->73601K(1116160K)
[260.905s][info][gc             ] GC(1842) Pause Young (Normal) (G1 Evacuation Pause) 401M->88M(524M) 3.897ms
[260.905s][info][gc,cpu         ] GC(1842) User=0.00s Sys=0.00s Real=0.00s
[261.082s][info][gc,start       ] GC(1843) Pause Young (Normal) (G1 Evacuation Pause)
[261.082s][info][gc,task        ] GC(1843) Using 1 workers of 1 for evacuation
[261.086s][info][gc,phases      ] GC(1843)   Pre Evacuate Collection Set: 0.0ms
[261.086s][info][gc,phases      ] GC(1843)   Evacuate Collection Set: 3.2ms
[261.086s][info][gc,phases      ] GC(1843)   Post Evacuate Collection Set: 0.5ms
[261.086s][info][gc,phases      ] GC(1843)   Other: 0.3ms
[261.086s][info][gc,heap        ] GC(1843) Eden regions: 313->0(313)
[261.086s][info][gc,heap        ] GC(1843) Survivor regions: 1->1(40)
[261.086s][info][gc,heap        ] GC(1843) Old regions: 84->84
[261.086s][info][gc,heap        ] GC(1843) Humongous regions: 11->6
[261.086s][info][gc,metaspace   ] GC(1843) Metaspace: 73602K->73602K(1116160K)
[261.086s][info][gc             ] GC(1843) Pause Young (Normal) (G1 Evacuation Pause) 406M->88M(524M) 4.011ms
[261.086s][info][gc,cpu         ] GC(1843) User=0.01s Sys=0.00s Real=0.00s
[261.230s][info][gc,start       ] GC(1844) Pause Young (Normal) (G1 Evacuation Pause)
[261.230s][info][gc,task        ] GC(1844) Using 1 workers of 1 for evacuation
[261.233s][info][gc,phases      ] GC(1844)   Pre Evacuate Collection Set: 0.0ms
[261.233s][info][gc,phases      ] GC(1844)   Evacuate Collection Set: 2.9ms
[261.233s][info][gc,phases      ] GC(1844)   Post Evacuate Collection Set: 0.5ms
[261.233s][info][gc,phases      ] GC(1844)   Other: 0.4ms
[261.234s][info][gc,heap        ] GC(1844) Eden regions: 313->0(313)
[261.234s][info][gc,heap        ] GC(1844) Survivor regions: 1->1(40)
[261.234s][info][gc,heap        ] GC(1844) Old regions: 84->84
[261.234s][info][gc,heap        ] GC(1844) Humongous regions: 6->6
[261.234s][info][gc,metaspace   ] GC(1844) Metaspace: 73602K->73602K(1116160K)
[261.234s][info][gc             ] GC(1844) Pause Young (Normal) (G1 Evacuation Pause) 401M->88M(524M) 3.818ms
[261.234s][info][gc,cpu         ] GC(1844) User=0.00s Sys=0.00s Real=0.01s
[261.380s][info][gc,start       ] GC(1845) Pause Young (Normal) (G1 Evacuation Pause)
[261.380s][info][gc,task        ] GC(1845) Using 1 workers of 1 for evacuation
[261.384s][info][gc,phases      ] GC(1845)   Pre Evacuate Collection Set: 0.0ms
[261.384s][info][gc,phases      ] GC(1845)   Evacuate Collection Set: 2.9ms
[261.384s][info][gc,phases      ] GC(1845)   Post Evacuate Collection Set: 0.4ms
[261.384s][info][gc,phases      ] GC(1845)   Other: 0.3ms
[261.384s][info][gc,heap        ] GC(1845) Eden regions: 313->0(313)
[261.384s][info][gc,heap        ] GC(1845) Survivor regions: 1->1(40)
[261.384s][info][gc,heap        ] GC(1845) Old regions: 84->84
[261.384s][info][gc,heap        ] GC(1845) Humongous regions: 6->6
[261.384s][info][gc,metaspace   ] GC(1845) Metaspace: 73602K->73602K(1116160K)
[261.384s][info][gc             ] GC(1845) Pause Young (Normal) (G1 Evacuation Pause) 401M->88M(524M) 3.653ms
[261.384s][info][gc,cpu         ] GC(1845) User=0.00s Sys=0.00s Real=0.00s
[261.529s][info][gc,start       ] GC(1846) Pause Young (Normal) (G1 Evacuation Pause)
[261.530s][info][gc,task        ] GC(1846) Using 1 workers of 1 for evacuation
[261.533s][info][gc,phases      ] GC(1846)   Pre Evacuate Collection Set: 0.0ms
[261.533s][info][gc,phases      ] GC(1846)   Evacuate Collection Set: 3.0ms
[261.533s][info][gc,phases      ] GC(1846)   Post Evacuate Collection Set: 0.4ms
[261.533s][info][gc,phases      ] GC(1846)   Other: 0.4ms
[261.533s][info][gc,heap        ] GC(1846) Eden regions: 313->0(313)
[261.533s][info][gc,heap        ] GC(1846) Survivor regions: 1->1(40)
[261.533s][info][gc,heap        ] GC(1846) Old regions: 84->84
[261.533s][info][gc,heap        ] GC(1846) Humongous regions: 6->6
[261.533s][info][gc,metaspace   ] GC(1846) Metaspace: 73602K->73602K(1116160K)
[261.533s][info][gc             ] GC(1846) Pause Young (Normal) (G1 Evacuation Pause) 401M->88M(524M) 3.834ms
[261.533s][info][gc,cpu         ] GC(1846) User=0.00s Sys=0.00s Real=0.01s
[261.683s][info][gc,start       ] GC(1847) Pause Young (Normal) (G1 Evacuation Pause)
[261.683s][info][gc,task        ] GC(1847) Using 1 workers of 1 for evacuation
[261.687s][info][gc,phases      ] GC(1847)   Pre Evacuate Collection Set: 0.0ms
[261.687s][info][gc,phases      ] GC(1847)   Evacuate Collection Set: 3.0ms
[261.687s][info][gc,phases      ] GC(1847)   Post Evacuate Collection Set: 0.4ms
[261.687s][info][gc,phases      ] GC(1847)   Other: 0.4ms
[261.687s][info][gc,heap        ] GC(1847) Eden regions: 313->0(313)
[261.687s][info][gc,heap        ] GC(1847) Survivor regions: 1->1(40)
[261.687s][info][gc,heap        ] GC(1847) Old regions: 84->84
[261.687s][info][gc,heap        ] GC(1847) Humongous regions: 6->6
[261.687s][info][gc,metaspace   ] GC(1847) Metaspace: 73602K->73602K(1116160K)
[261.687s][info][gc             ] GC(1847) Pause Young (Normal) (G1 Evacuation Pause) 401M->88M(524M) 3.854ms
[261.687s][info][gc,cpu         ] GC(1847) User=0.00s Sys=0.00s Real=0.00s
[261.847s][info][gc,start       ] GC(1848) Pause Young (Normal) (G1 Evacuation Pause)
[261.847s][info][gc,task        ] GC(1848) Using 1 workers of 1 for evacuation
[261.851s][info][gc,phases      ] GC(1848)   Pre Evacuate Collection Set: 0.0ms
[261.851s][info][gc,phases      ] GC(1848)   Evacuate Collection Set: 3.0ms
[261.851s][info][gc,phases      ] GC(1848)   Post Evacuate Collection Set: 0.4ms
[261.851s][info][gc,phases      ] GC(1848)   Other: 0.4ms
[261.851s][info][gc,heap        ] GC(1848) Eden regions: 313->0(313)
[261.851s][info][gc,heap        ] GC(1848) Survivor regions: 1->1(40)
[261.851s][info][gc,heap        ] GC(1848) Old regions: 84->84
[261.851s][info][gc,heap        ] GC(1848) Humongous regions: 11->6
[261.851s][info][gc,metaspace   ] GC(1848) Metaspace: 73604K->73604K(1116160K)
[261.851s][info][gc             ] GC(1848) Pause Young (Normal) (G1 Evacuation Pause) 406M->88M(524M) 3.910ms
[261.851s][info][gc,cpu         ] GC(1848) User=0.01s Sys=0.00s Real=0.01s
[261.998s][info][gc,start       ] GC(1849) Pause Young (Normal) (G1 Evacuation Pause)
[261.998s][info][gc,task        ] GC(1849) Using 1 workers of 1 for evacuation
[262.002s][info][gc,phases      ] GC(1849)   Pre Evacuate Collection Set: 0.0ms
[262.002s][info][gc,phases      ] GC(1849)   Evacuate Collection Set: 2.8ms
[262.002s][info][gc,phases      ] GC(1849)   Post Evacuate Collection Set: 0.4ms
[262.002s][info][gc,phases      ] GC(1849)   Other: 0.3ms
[262.002s][info][gc,heap        ] GC(1849) Eden regions: 313->0(313)
[262.002s][info][gc,heap        ] GC(1849) Survivor regions: 1->1(40)
[262.002s][info][gc,heap        ] GC(1849) Old regions: 84->84
[262.002s][info][gc,heap        ] GC(1849) Humongous regions: 6->6
[262.002s][info][gc,metaspace   ] GC(1849) Metaspace: 73604K->73604K(1116160K)
[262.002s][info][gc             ] GC(1849) Pause Young (Normal) (G1 Evacuation Pause) 401M->88M(524M) 3.547ms
[262.002s][info][gc,cpu         ] GC(1849) User=0.01s Sys=0.00s Real=0.00s
[262.153s][info][gc,start       ] GC(1850) Pause Young (Normal) (G1 Evacuation Pause)
[262.153s][info][gc,task        ] GC(1850) Using 1 workers of 1 for evacuation
[262.156s][info][gc,phases      ] GC(1850)   Pre Evacuate Collection Set: 0.0ms
[262.156s][info][gc,phases      ] GC(1850)   Evacuate Collection Set: 3.0ms
[262.156s][info][gc,phases      ] GC(1850)   Post Evacuate Collection Set: 0.4ms
[262.156s][info][gc,phases      ] GC(1850)   Other: 0.4ms
[262.156s][info][gc,heap        ] GC(1850) Eden regions: 313->0(313)
[262.156s][info][gc,heap        ] GC(1850) Survivor regions: 1->1(40)
[262.156s][info][gc,heap        ] GC(1850) Old regions: 84->84
[262.156s][info][gc,heap        ] GC(1850) Humongous regions: 6->6
[262.156s][info][gc,metaspace   ] GC(1850) Metaspace: 73604K->73604K(1116160K)
[262.156s][info][gc             ] GC(1850) Pause Young (Normal) (G1 Evacuation Pause) 401M->88M(524M) 3.816ms
[262.156s][info][gc,cpu         ] GC(1850) User=0.00s Sys=0.00s Real=0.00s
[262.304s][info][gc,start       ] GC(1851) Pause Young (Normal) (G1 Evacuation Pause)
[262.304s][info][gc,task        ] GC(1851) Using 1 workers of 1 for evacuation
[262.307s][info][gc,phases      ] GC(1851)   Pre Evacuate Collection Set: 0.0ms
[262.307s][info][gc,phases      ] GC(1851)   Evacuate Collection Set: 3.0ms
[262.307s][info][gc,phases      ] GC(1851)   Post Evacuate Collection Set: 0.4ms
[262.308s][info][gc,phases      ] GC(1851)   Other: 0.4ms
[262.308s][info][gc,heap        ] GC(1851) Eden regions: 313->0(313)
[262.308s][info][gc,heap        ] GC(1851) Survivor regions: 1->1(40)
[262.308s][info][gc,heap        ] GC(1851) Old regions: 84->84
[262.308s][info][gc,heap        ] GC(1851) Humongous regions: 6->6
[262.308s][info][gc,metaspace   ] GC(1851) Metaspace: 73604K->73604K(1116160K)
[262.308s][info][gc             ] GC(1851) Pause Young (Normal) (G1 Evacuation Pause) 401M->88M(524M) 3.833ms
[262.308s][info][gc,cpu         ] GC(1851) User=0.00s Sys=0.00s Real=0.00s
[262.468s][info][gc,start       ] GC(1852) Pause Young (Normal) (G1 Evacuation Pause)
[262.468s][info][gc,task        ] GC(1852) Using 1 workers of 1 for evacuation
[262.472s][info][gc,phases      ] GC(1852)   Pre Evacuate Collection Set: 0.0ms
[262.472s][info][gc,phases      ] GC(1852)   Evacuate Collection Set: 3.2ms
[262.472s][info][gc,phases      ] GC(1852)   Post Evacuate Collection Set: 0.5ms
[262.472s][info][gc,phases      ] GC(1852)   Other: 0.3ms
[262.472s][info][gc,heap        ] GC(1852) Eden regions: 313->0(313)
[262.472s][info][gc,heap        ] GC(1852) Survivor regions: 1->1(40)
[262.472s][info][gc,heap        ] GC(1852) Old regions: 84->84
[262.472s][info][gc,heap        ] GC(1852) Humongous regions: 11->6
[262.472s][info][gc,metaspace   ] GC(1852) Metaspace: 73604K->73604K(1116160K)
[262.472s][info][gc             ] GC(1852) Pause Young (Normal) (G1 Evacuation Pause) 406M->88M(524M) 4.053ms
[262.473s][info][gc,cpu         ] GC(1852) User=0.00s Sys=0.00s Real=0.01s
[262.621s][info][gc,start       ] GC(1853) Pause Young (Normal) (G1 Evacuation Pause)
[262.621s][info][gc,task        ] GC(1853) Using 1 workers of 1 for evacuation
[262.625s][info][gc,phases      ] GC(1853)   Pre Evacuate Collection Set: 0.0ms
[262.625s][info][gc,phases      ] GC(1853)   Evacuate Collection Set: 3.1ms
[262.625s][info][gc,phases      ] GC(1853)   Post Evacuate Collection Set: 0.4ms
[262.625s][info][gc,phases      ] GC(1853)   Other: 0.4ms
[262.625s][info][gc,heap        ] GC(1853) Eden regions: 313->0(313)
[262.625s][info][gc,heap        ] GC(1853) Survivor regions: 1->1(40)
[262.625s][info][gc,heap        ] GC(1853) Old regions: 84->84
[262.625s][info][gc,heap        ] GC(1853) Humongous regions: 6->6
[262.625s][info][gc,metaspace   ] GC(1853) Metaspace: 73604K->73604K(1116160K)
[262.625s][info][gc             ] GC(1853) Pause Young (Normal) (G1 Evacuation Pause) 401M->88M(524M) 3.955ms
[262.625s][info][gc,cpu         ] GC(1853) User=0.00s Sys=0.00s Real=0.00s
[262.790s][info][gc,start       ] GC(1854) Pause Young (Normal) (G1 Evacuation Pause)
[262.790s][info][gc,task        ] GC(1854) Using 1 workers of 1 for evacuation
[262.794s][info][gc,phases      ] GC(1854)   Pre Evacuate Collection Set: 0.0ms
[262.794s][info][gc,phases      ] GC(1854)   Evacuate Collection Set: 3.0ms
[262.794s][info][gc,phases      ] GC(1854)   Post Evacuate Collection Set: 0.4ms
[262.794s][info][gc,phases      ] GC(1854)   Other: 0.3ms
[262.794s][info][gc,heap        ] GC(1854) Eden regions: 313->0(313)
[262.794s][info][gc,heap        ] GC(1854) Survivor regions: 1->1(40)
[262.794s][info][gc,heap        ] GC(1854) Old regions: 84->84
[262.794s][info][gc,heap        ] GC(1854) Humongous regions: 6->6
[262.794s][info][gc,metaspace   ] GC(1854) Metaspace: 73604K->73604K(1116160K)
[262.794s][info][gc             ] GC(1854) Pause Young (Normal) (G1 Evacuation Pause) 401M->89M(524M) 3.855ms
[262.794s][info][gc,cpu         ] GC(1854) User=0.00s Sys=0.00s Real=0.00s
[262.945s][info][gc,start       ] GC(1855) Pause Young (Normal) (G1 Evacuation Pause)
[262.945s][info][gc,task        ] GC(1855) Using 1 workers of 1 for evacuation
[262.949s][info][gc,phases      ] GC(1855)   Pre Evacuate Collection Set: 0.0ms
[262.949s][info][gc,phases      ] GC(1855)   Evacuate Collection Set: 3.0ms
[262.949s][info][gc,phases      ] GC(1855)   Post Evacuate Collection Set: 0.4ms
[262.949s][info][gc,phases      ] GC(1855)   Other: 0.4ms
[262.949s][info][gc,heap        ] GC(1855) Eden regions: 313->0(313)
[262.949s][info][gc,heap        ] GC(1855) Survivor regions: 1->1(40)
[262.949s][info][gc,heap        ] GC(1855) Old regions: 84->84
[262.949s][info][gc,heap        ] GC(1855) Humongous regions: 6->6
[262.949s][info][gc,metaspace   ] GC(1855) Metaspace: 73604K->73604K(1116160K)
[262.949s][info][gc             ] GC(1855) Pause Young (Normal) (G1 Evacuation Pause) 402M->89M(524M) 3.880ms
[262.949s][info][gc,cpu         ] GC(1855) User=0.00s Sys=0.00s Real=0.00s
[263.097s][info][gc,start       ] GC(1856) Pause Young (Normal) (G1 Evacuation Pause)
[263.097s][info][gc,task        ] GC(1856) Using 1 workers of 1 for evacuation
[263.101s][info][gc,phases      ] GC(1856)   Pre Evacuate Collection Set: 0.0ms
[263.101s][info][gc,phases      ] GC(1856)   Evacuate Collection Set: 3.0ms
[263.101s][info][gc,phases      ] GC(1856)   Post Evacuate Collection Set: 0.4ms
[263.101s][info][gc,phases      ] GC(1856)   Other: 0.4ms
[263.101s][info][gc,heap        ] GC(1856) Eden regions: 313->0(313)
[263.101s][info][gc,heap        ] GC(1856) Survivor regions: 1->1(40)
[263.101s][info][gc,heap        ] GC(1856) Old regions: 84->84
[263.101s][info][gc,heap        ] GC(1856) Humongous regions: 6->6
[263.101s][info][gc,metaspace   ] GC(1856) Metaspace: 73604K->73604K(1116160K)
[263.101s][info][gc             ] GC(1856) Pause Young (Normal) (G1 Evacuation Pause) 402M->89M(524M) 3.922ms
[263.101s][info][gc,cpu         ] GC(1856) User=0.00s Sys=0.00s Real=0.01s
[263.279s][info][gc,start       ] GC(1857) Pause Young (Normal) (G1 Evacuation Pause)
[263.279s][info][gc,task        ] GC(1857) Using 1 workers of 1 for evacuation
[263.283s][info][gc,phases      ] GC(1857)   Pre Evacuate Collection Set: 0.0ms
[263.283s][info][gc,phases      ] GC(1857)   Evacuate Collection Set: 3.1ms
[263.283s][info][gc,phases      ] GC(1857)   Post Evacuate Collection Set: 0.4ms
[263.283s][info][gc,phases      ] GC(1857)   Other: 0.3ms
[263.283s][info][gc,heap        ] GC(1857) Eden regions: 313->0(313)
[263.283s][info][gc,heap        ] GC(1857) Survivor regions: 1->1(40)
[263.283s][info][gc,heap        ] GC(1857) Old regions: 84->84
[263.283s][info][gc,heap        ] GC(1857) Humongous regions: 11->6
[263.283s][info][gc,metaspace   ] GC(1857) Metaspace: 73604K->73604K(1116160K)
[263.283s][info][gc             ] GC(1857) Pause Young (Normal) (G1 Evacuation Pause) 407M->88M(524M) 3.906ms
[263.283s][info][gc,cpu         ] GC(1857) User=0.01s Sys=0.00s Real=0.00s
[263.431s][info][gc,start       ] GC(1858) Pause Young (Normal) (G1 Evacuation Pause)
[263.431s][info][gc,task        ] GC(1858) Using 1 workers of 1 for evacuation
[263.435s][info][gc,phases      ] GC(1858)   Pre Evacuate Collection Set: 0.0ms
[263.435s][info][gc,phases      ] GC(1858)   Evacuate Collection Set: 3.0ms
[263.435s][info][gc,phases      ] GC(1858)   Post Evacuate Collection Set: 0.4ms
[263.435s][info][gc,phases      ] GC(1858)   Other: 0.4ms
[263.435s][info][gc,heap        ] GC(1858) Eden regions: 313->0(313)
[263.435s][info][gc,heap        ] GC(1858) Survivor regions: 1->1(40)
[263.435s][info][gc,heap        ] GC(1858) Old regions: 84->84
[263.435s][info][gc,heap        ] GC(1858) Humongous regions: 6->6
[263.435s][info][gc,metaspace   ] GC(1858) Metaspace: 73604K->73604K(1116160K)
[263.435s][info][gc             ] GC(1858) Pause Young (Normal) (G1 Evacuation Pause) 401M->88M(524M) 3.865ms
[263.435s][info][gc,cpu         ] GC(1858) User=0.01s Sys=0.00s Real=0.00s
[263.585s][info][gc,start       ] GC(1859) Pause Young (Normal) (G1 Evacuation Pause)
[263.585s][info][gc,task        ] GC(1859) Using 1 workers of 1 for evacuation
[263.589s][info][gc,phases      ] GC(1859)   Pre Evacuate Collection Set: 0.0ms
[263.589s][info][gc,phases      ] GC(1859)   Evacuate Collection Set: 3.4ms
[263.589s][info][gc,phases      ] GC(1859)   Post Evacuate Collection Set: 0.4ms
[263.589s][info][gc,phases      ] GC(1859)   Other: 0.3ms
[263.589s][info][gc,heap        ] GC(1859) Eden regions: 313->0(313)
[263.589s][info][gc,heap        ] GC(1859) Survivor regions: 1->1(40)
[263.589s][info][gc,heap        ] GC(1859) Old regions: 84->84
[263.589s][info][gc,heap        ] GC(1859) Humongous regions: 6->6
[263.589s][info][gc,metaspace   ] GC(1859) Metaspace: 73604K->73604K(1116160K)
[263.589s][info][gc             ] GC(1859) Pause Young (Normal) (G1 Evacuation Pause) 401M->88M(524M) 4.228ms
[263.590s][info][gc,cpu         ] GC(1859) User=0.00s Sys=0.00s Real=0.00s
[263.749s][info][gc,start       ] GC(1860) Pause Young (Normal) (G1 Evacuation Pause)
[263.750s][info][gc,task        ] GC(1860) Using 1 workers of 1 for evacuation
[263.754s][info][gc,phases      ] GC(1860)   Pre Evacuate Collection Set: 0.0ms
[263.754s][info][gc,phases      ] GC(1860)   Evacuate Collection Set: 3.8ms
[263.754s][info][gc,phases      ] GC(1860)   Post Evacuate Collection Set: 0.6ms
[263.754s][info][gc,phases      ] GC(1860)   Other: 0.4ms
[263.754s][info][gc,heap        ] GC(1860) Eden regions: 313->0(313)
[263.754s][info][gc,heap        ] GC(1860) Survivor regions: 1->1(40)
[263.754s][info][gc,heap        ] GC(1860) Old regions: 84->84
[263.754s][info][gc,heap        ] GC(1860) Humongous regions: 6->6
[263.754s][info][gc,metaspace   ] GC(1860) Metaspace: 73604K->73604K(1116160K)
[263.754s][info][gc             ] GC(1860) Pause Young (Normal) (G1 Evacuation Pause) 401M->88M(524M) 4.951ms
[263.754s][info][gc,cpu         ] GC(1860) User=0.00s Sys=0.00s Real=0.01s
[263.900s][info][gc,start       ] GC(1861) Pause Young (Normal) (G1 Evacuation Pause)
[263.901s][info][gc,task        ] GC(1861) Using 1 workers of 1 for evacuation
[263.904s][info][gc,phases      ] GC(1861)   Pre Evacuate Collection Set: 0.0ms
[263.904s][info][gc,phases      ] GC(1861)   Evacuate Collection Set: 3.1ms
[263.904s][info][gc,phases      ] GC(1861)   Post Evacuate Collection Set: 0.4ms
[263.904s][info][gc,phases      ] GC(1861)   Other: 0.4ms
[263.904s][info][gc,heap        ] GC(1861) Eden regions: 313->0(313)
[263.904s][info][gc,heap        ] GC(1861) Survivor regions: 1->1(40)
[263.904s][info][gc,heap        ] GC(1861) Old regions: 84->84
[263.904s][info][gc,heap        ] GC(1861) Humongous regions: 6->6
[263.904s][info][gc,metaspace   ] GC(1861) Metaspace: 73604K->73604K(1116160K)
[263.904s][info][gc             ] GC(1861) Pause Young (Normal) (G1 Evacuation Pause) 401M->88M(524M) 4.057ms
[263.905s][info][gc,cpu         ] GC(1861) User=0.00s Sys=0.00s Real=0.00s
[264.067s][info][gc,start       ] GC(1862) Pause Young (Normal) (G1 Evacuation Pause)
[264.068s][info][gc,task        ] GC(1862) Using 1 workers of 1 for evacuation
[264.072s][info][gc,phases      ] GC(1862)   Pre Evacuate Collection Set: 0.0ms
[264.072s][info][gc,phases      ] GC(1862)   Evacuate Collection Set: 3.7ms
[264.072s][info][gc,phases      ] GC(1862)   Post Evacuate Collection Set: 0.5ms
[264.072s][info][gc,phases      ] GC(1862)   Other: 0.4ms
[264.072s][info][gc,heap        ] GC(1862) Eden regions: 313->0(313)
[264.072s][info][gc,heap        ] GC(1862) Survivor regions: 1->1(40)
[264.072s][info][gc,heap        ] GC(1862) Old regions: 84->84
[264.072s][info][gc,heap        ] GC(1862) Humongous regions: 11->6
[264.072s][info][gc,metaspace   ] GC(1862) Metaspace: 73607K->73607K(1116160K)
[264.072s][info][gc             ] GC(1862) Pause Young (Normal) (G1 Evacuation Pause) 406M->89M(524M) 4.722ms
[264.072s][info][gc,cpu         ] GC(1862) User=0.01s Sys=0.00s Real=0.01s
[264.221s][info][gc,start       ] GC(1863) Pause Young (Normal) (G1 Evacuation Pause)
[264.221s][info][gc,task        ] GC(1863) Using 1 workers of 1 for evacuation
[264.225s][info][gc,phases      ] GC(1863)   Pre Evacuate Collection Set: 0.0ms
[264.225s][info][gc,phases      ] GC(1863)   Evacuate Collection Set: 3.3ms
[264.225s][info][gc,phases      ] GC(1863)   Post Evacuate Collection Set: 0.4ms
[264.225s][info][gc,phases      ] GC(1863)   Other: 0.5ms
[264.225s][info][gc,heap        ] GC(1863) Eden regions: 313->0(313)
[264.225s][info][gc,heap        ] GC(1863) Survivor regions: 1->1(40)
[264.225s][info][gc,heap        ] GC(1863) Old regions: 84->84
[264.225s][info][gc,heap        ] GC(1863) Humongous regions: 6->6
[264.225s][info][gc,metaspace   ] GC(1863) Metaspace: 73607K->73607K(1116160K)
[264.225s][info][gc             ] GC(1863) Pause Young (Normal) (G1 Evacuation Pause) 402M->89M(524M) 4.286ms
[264.225s][info][gc,cpu         ] GC(1863) User=0.00s Sys=0.00s Real=0.00s
[264.373s][info][gc,start       ] GC(1864) Pause Young (Normal) (G1 Evacuation Pause)
[264.373s][info][gc,task        ] GC(1864) Using 1 workers of 1 for evacuation
[264.377s][info][gc,phases      ] GC(1864)   Pre Evacuate Collection Set: 0.0ms
[264.377s][info][gc,phases      ] GC(1864)   Evacuate Collection Set: 3.2ms
[264.377s][info][gc,phases      ] GC(1864)   Post Evacuate Collection Set: 0.4ms
[264.377s][info][gc,phases      ] GC(1864)   Other: 0.6ms
[264.377s][info][gc,heap        ] GC(1864) Eden regions: 313->0(313)
[264.377s][info][gc,heap        ] GC(1864) Survivor regions: 1->1(40)
[264.377s][info][gc,heap        ] GC(1864) Old regions: 84->84
[264.377s][info][gc,heap        ] GC(1864) Humongous regions: 6->6
[264.377s][info][gc,metaspace   ] GC(1864) Metaspace: 73607K->73607K(1116160K)
[264.377s][info][gc             ] GC(1864) Pause Young (Normal) (G1 Evacuation Pause) 402M->89M(524M) 4.231ms
[264.377s][info][gc,cpu         ] GC(1864) User=0.00s Sys=0.00s Real=0.00s
[264.524s][info][gc,start       ] GC(1865) Pause Young (Normal) (G1 Evacuation Pause)
[264.524s][info][gc,task        ] GC(1865) Using 1 workers of 1 for evacuation
[264.528s][info][gc,phases      ] GC(1865)   Pre Evacuate Collection Set: 0.0ms
[264.528s][info][gc,phases      ] GC(1865)   Evacuate Collection Set: 3.0ms
[264.528s][info][gc,phases      ] GC(1865)   Post Evacuate Collection Set: 0.4ms
[264.528s][info][gc,phases      ] GC(1865)   Other: 0.4ms
[264.528s][info][gc,heap        ] GC(1865) Eden regions: 313->0(313)
[264.528s][info][gc,heap        ] GC(1865) Survivor regions: 1->1(40)
[264.528s][info][gc,heap        ] GC(1865) Old regions: 84->84
[264.528s][info][gc,heap        ] GC(1865) Humongous regions: 6->6
[264.528s][info][gc,metaspace   ] GC(1865) Metaspace: 73607K->73607K(1116160K)
[264.528s][info][gc             ] GC(1865) Pause Young (Normal) (G1 Evacuation Pause) 402M->89M(524M) 3.812ms
[264.528s][info][gc,cpu         ] GC(1865) User=0.00s Sys=0.00s Real=0.00s
[264.677s][info][gc,start       ] GC(1866) Pause Young (Normal) (G1 Evacuation Pause)
[264.677s][info][gc,task        ] GC(1866) Using 1 workers of 1 for evacuation
[264.681s][info][gc,phases      ] GC(1866)   Pre Evacuate Collection Set: 0.0ms
[264.681s][info][gc,phases      ] GC(1866)   Evacuate Collection Set: 3.2ms
[264.681s][info][gc,phases      ] GC(1866)   Post Evacuate Collection Set: 0.4ms
[264.681s][info][gc,phases      ] GC(1866)   Other: 0.4ms
[264.681s][info][gc,heap        ] GC(1866) Eden regions: 313->0(313)
[264.681s][info][gc,heap        ] GC(1866) Survivor regions: 1->1(40)
[264.681s][info][gc,heap        ] GC(1866) Old regions: 84->84
[264.681s][info][gc,heap        ] GC(1866) Humongous regions: 6->6
[264.681s][info][gc,metaspace   ] GC(1866) Metaspace: 73607K->73607K(1116160K)
[264.681s][info][gc             ] GC(1866) Pause Young (Normal) (G1 Evacuation Pause) 402M->89M(524M) 4.103ms
[264.681s][info][gc,cpu         ] GC(1866) User=0.00s Sys=0.00s Real=0.01s
[264.853s][info][gc,start       ] GC(1867) Pause Young (Normal) (G1 Evacuation Pause)
[264.853s][info][gc,task        ] GC(1867) Using 1 workers of 1 for evacuation
[264.857s][info][gc,phases      ] GC(1867)   Pre Evacuate Collection Set: 0.0ms
[264.857s][info][gc,phases      ] GC(1867)   Evacuate Collection Set: 2.9ms
[264.857s][info][gc,phases      ] GC(1867)   Post Evacuate Collection Set: 0.4ms
[264.857s][info][gc,phases      ] GC(1867)   Other: 0.4ms
[264.857s][info][gc,heap        ] GC(1867) Eden regions: 313->0(313)
[264.857s][info][gc,heap        ] GC(1867) Survivor regions: 1->1(40)
[264.857s][info][gc,heap        ] GC(1867) Old regions: 84->84
[264.857s][info][gc,heap        ] GC(1867) Humongous regions: 11->6
[264.857s][info][gc,metaspace   ] GC(1867) Metaspace: 73607K->73607K(1116160K)
[264.857s][info][gc             ] GC(1867) Pause Young (Normal) (G1 Evacuation Pause) 407M->88M(524M) 3.784ms
[264.857s][info][gc,cpu         ] GC(1867) User=0.00s Sys=0.00s Real=0.00s
[265.001s][info][gc,start       ] GC(1868) Pause Young (Normal) (G1 Evacuation Pause)
[265.001s][info][gc,task        ] GC(1868) Using 1 workers of 1 for evacuation
[265.004s][info][gc,phases      ] GC(1868)   Pre Evacuate Collection Set: 0.1ms
[265.004s][info][gc,phases      ] GC(1868)   Evacuate Collection Set: 2.8ms
[265.004s][info][gc,phases      ] GC(1868)   Post Evacuate Collection Set: 0.4ms
[265.004s][info][gc,phases      ] GC(1868)   Other: 0.4ms
[265.004s][info][gc,heap        ] GC(1868) Eden regions: 313->0(313)
[265.004s][info][gc,heap        ] GC(1868) Survivor regions: 1->1(40)
[265.004s][info][gc,heap        ] GC(1868) Old regions: 84->84
[265.004s][info][gc,heap        ] GC(1868) Humongous regions: 6->6
[265.004s][info][gc,metaspace   ] GC(1868) Metaspace: 73607K->73607K(1116160K)
[265.004s][info][gc             ] GC(1868) Pause Young (Normal) (G1 Evacuation Pause) 401M->88M(524M) 3.682ms
[265.004s][info][gc,cpu         ] GC(1868) User=0.01s Sys=0.00s Real=0.00s
[265.150s][info][gc,start       ] GC(1869) Pause Young (Normal) (G1 Evacuation Pause)
[265.150s][info][gc,task        ] GC(1869) Using 1 workers of 1 for evacuation
[265.154s][info][gc,phases      ] GC(1869)   Pre Evacuate Collection Set: 0.0ms
[265.154s][info][gc,phases      ] GC(1869)   Evacuate Collection Set: 2.9ms
[265.154s][info][gc,phases      ] GC(1869)   Post Evacuate Collection Set: 0.4ms
[265.154s][info][gc,phases      ] GC(1869)   Other: 0.3ms
[265.154s][info][gc,heap        ] GC(1869) Eden regions: 313->0(313)
[265.154s][info][gc,heap        ] GC(1869) Survivor regions: 1->1(40)
[265.154s][info][gc,heap        ] GC(1869) Old regions: 84->84
[265.154s][info][gc,heap        ] GC(1869) Humongous regions: 6->6
[265.154s][info][gc,metaspace   ] GC(1869) Metaspace: 73607K->73607K(1116160K)
[265.154s][info][gc             ] GC(1869) Pause Young (Normal) (G1 Evacuation Pause) 401M->88M(524M) 3.659ms
[265.154s][info][gc,cpu         ] GC(1869) User=0.01s Sys=0.00s Real=0.00s
[265.302s][info][gc,start       ] GC(1870) Pause Young (Normal) (G1 Evacuation Pause)
[265.302s][info][gc,task        ] GC(1870) Using 1 workers of 1 for evacuation
[265.305s][info][gc,phases      ] GC(1870)   Pre Evacuate Collection Set: 0.0ms
[265.305s][info][gc,phases      ] GC(1870)   Evacuate Collection Set: 3.0ms
[265.305s][info][gc,phases      ] GC(1870)   Post Evacuate Collection Set: 0.4ms
[265.305s][info][gc,phases      ] GC(1870)   Other: 0.4ms
[265.305s][info][gc,heap        ] GC(1870) Eden regions: 313->0(313)
[265.305s][info][gc,heap        ] GC(1870) Survivor regions: 1->1(40)
[265.305s][info][gc,heap        ] GC(1870) Old regions: 84->84
[265.305s][info][gc,heap        ] GC(1870) Humongous regions: 6->6
[265.305s][info][gc,metaspace   ] GC(1870) Metaspace: 73607K->73607K(1116160K)
[265.305s][info][gc             ] GC(1870) Pause Young (Normal) (G1 Evacuation Pause) 401M->88M(524M) 3.823ms
[265.305s][info][gc,cpu         ] GC(1870) User=0.00s Sys=0.00s Real=0.00s
[265.470s][info][gc,start       ] GC(1871) Pause Young (Normal) (G1 Evacuation Pause)
[265.470s][info][gc,task        ] GC(1871) Using 1 workers of 1 for evacuation
[265.474s][info][gc,phases      ] GC(1871)   Pre Evacuate Collection Set: 0.0ms
[265.474s][info][gc,phases      ] GC(1871)   Evacuate Collection Set: 3.2ms
[265.474s][info][gc,phases      ] GC(1871)   Post Evacuate Collection Set: 0.5ms
[265.474s][info][gc,phases      ] GC(1871)   Other: 0.4ms
[265.474s][info][gc,heap        ] GC(1871) Eden regions: 313->0(313)
[265.474s][info][gc,heap        ] GC(1871) Survivor regions: 1->1(40)
[265.474s][info][gc,heap        ] GC(1871) Old regions: 84->84
[265.474s][info][gc,heap        ] GC(1871) Humongous regions: 11->6
[265.474s][info][gc,metaspace   ] GC(1871) Metaspace: 73609K->73609K(1116160K)
[265.474s][info][gc             ] GC(1871) Pause Young (Normal) (G1 Evacuation Pause) 406M->89M(524M) 4.123ms
[265.474s][info][gc,cpu         ] GC(1871) User=0.00s Sys=0.01s Real=0.00s
[265.619s][info][gc,start       ] GC(1872) Pause Young (Normal) (G1 Evacuation Pause)
[265.620s][info][gc,task        ] GC(1872) Using 1 workers of 1 for evacuation
[265.623s][info][gc,phases      ] GC(1872)   Pre Evacuate Collection Set: 0.0ms
[265.623s][info][gc,phases      ] GC(1872)   Evacuate Collection Set: 3.1ms
[265.623s][info][gc,phases      ] GC(1872)   Post Evacuate Collection Set: 0.4ms
[265.623s][info][gc,phases      ] GC(1872)   Other: 0.3ms
[265.623s][info][gc,heap        ] GC(1872) Eden regions: 313->0(313)
[265.623s][info][gc,heap        ] GC(1872) Survivor regions: 1->1(40)
[265.623s][info][gc,heap        ] GC(1872) Old regions: 84->84
[265.623s][info][gc,heap        ] GC(1872) Humongous regions: 6->6
[265.623s][info][gc,metaspace   ] GC(1872) Metaspace: 73609K->73609K(1116160K)
[265.623s][info][gc             ] GC(1872) Pause Young (Normal) (G1 Evacuation Pause) 402M->89M(524M) 3.890ms
[265.623s][info][gc,cpu         ] GC(1872) User=0.01s Sys=0.00s Real=0.00s
[265.775s][info][gc,start       ] GC(1873) Pause Young (Normal) (G1 Evacuation Pause)
[265.775s][info][gc,task        ] GC(1873) Using 1 workers of 1 for evacuation
[265.778s][info][gc,phases      ] GC(1873)   Pre Evacuate Collection Set: 0.0ms
[265.778s][info][gc,phases      ] GC(1873)   Evacuate Collection Set: 2.9ms
[265.778s][info][gc,phases      ] GC(1873)   Post Evacuate Collection Set: 0.4ms
[265.778s][info][gc,phases      ] GC(1873)   Other: 0.4ms
[265.778s][info][gc,heap        ] GC(1873) Eden regions: 313->0(313)
[265.778s][info][gc,heap        ] GC(1873) Survivor regions: 1->1(40)
[265.778s][info][gc,heap        ] GC(1873) Old regions: 84->84
[265.778s][info][gc,heap        ] GC(1873) Humongous regions: 6->6
[265.778s][info][gc,metaspace   ] GC(1873) Metaspace: 73609K->73609K(1116160K)
[265.778s][info][gc             ] GC(1873) Pause Young (Normal) (G1 Evacuation Pause) 402M->89M(524M) 3.727ms
[265.778s][info][gc,cpu         ] GC(1873) User=0.00s Sys=0.00s Real=0.01s
[265.924s][info][gc,start       ] GC(1874) Pause Young (Normal) (G1 Evacuation Pause)
[265.924s][info][gc,task        ] GC(1874) Using 1 workers of 1 for evacuation
[265.928s][info][gc,phases      ] GC(1874)   Pre Evacuate Collection Set: 0.0ms
[265.928s][info][gc,phases      ] GC(1874)   Evacuate Collection Set: 3.0ms
[265.928s][info][gc,phases      ] GC(1874)   Post Evacuate Collection Set: 0.4ms
[265.928s][info][gc,phases      ] GC(1874)   Other: 0.3ms
[265.928s][info][gc,heap        ] GC(1874) Eden regions: 313->0(313)
[265.928s][info][gc,heap        ] GC(1874) Survivor regions: 1->1(40)
[265.928s][info][gc,heap        ] GC(1874) Old regions: 84->84
[265.928s][info][gc,heap        ] GC(1874) Humongous regions: 6->6
[265.928s][info][gc,metaspace   ] GC(1874) Metaspace: 73609K->73609K(1116160K)
[265.928s][info][gc             ] GC(1874) Pause Young (Normal) (G1 Evacuation Pause) 402M->89M(524M) 3.827ms
[265.928s][info][gc,cpu         ] GC(1874) User=0.00s Sys=0.00s Real=0.00s
[266.076s][info][gc,start       ] GC(1875) Pause Young (Normal) (G1 Evacuation Pause)
[266.076s][info][gc,task        ] GC(1875) Using 1 workers of 1 for evacuation
[266.080s][info][gc,phases      ] GC(1875)   Pre Evacuate Collection Set: 0.0ms
[266.080s][info][gc,phases      ] GC(1875)   Evacuate Collection Set: 3.2ms
[266.080s][info][gc,phases      ] GC(1875)   Post Evacuate Collection Set: 0.4ms
[266.080s][info][gc,phases      ] GC(1875)   Other: 0.4ms
[266.080s][info][gc,heap        ] GC(1875) Eden regions: 313->0(313)
[266.080s][info][gc,heap        ] GC(1875) Survivor regions: 1->1(40)
[266.080s][info][gc,heap        ] GC(1875) Old regions: 84->84
[266.080s][info][gc,heap        ] GC(1875) Humongous regions: 6->6
[266.080s][info][gc,metaspace   ] GC(1875) Metaspace: 73609K->73609K(1116160K)
[266.080s][info][gc             ] GC(1875) Pause Young (Normal) (G1 Evacuation Pause) 402M->89M(524M) 4.065ms
[266.080s][info][gc,cpu         ] GC(1875) User=0.00s Sys=0.00s Real=0.01s
[266.241s][info][gc,start       ] GC(1876) Pause Young (Normal) (G1 Evacuation Pause)
[266.241s][info][gc,task        ] GC(1876) Using 1 workers of 1 for evacuation
[266.245s][info][gc,phases      ] GC(1876)   Pre Evacuate Collection Set: 0.0ms
[266.245s][info][gc,phases      ] GC(1876)   Evacuate Collection Set: 2.9ms
[266.245s][info][gc,phases      ] GC(1876)   Post Evacuate Collection Set: 0.4ms
[266.245s][info][gc,phases      ] GC(1876)   Other: 0.3ms
[266.245s][info][gc,heap        ] GC(1876) Eden regions: 313->0(313)
[266.245s][info][gc,heap        ] GC(1876) Survivor regions: 1->1(40)
[266.245s][info][gc,heap        ] GC(1876) Old regions: 84->84
[266.245s][info][gc,heap        ] GC(1876) Humongous regions: 11->6
[266.245s][info][gc,metaspace   ] GC(1876) Metaspace: 73609K->73609K(1116160K)
[266.245s][info][gc             ] GC(1876) Pause Young (Normal) (G1 Evacuation Pause) 407M->88M(524M) 3.649ms
[266.245s][info][gc,cpu         ] GC(1876) User=0.00s Sys=0.00s Real=0.00s
[266.392s][info][gc,start       ] GC(1877) Pause Young (Normal) (G1 Evacuation Pause)
[266.392s][info][gc,task        ] GC(1877) Using 1 workers of 1 for evacuation
[266.396s][info][gc,phases      ] GC(1877)   Pre Evacuate Collection Set: 0.0ms
[266.396s][info][gc,phases      ] GC(1877)   Evacuate Collection Set: 2.9ms
[266.396s][info][gc,phases      ] GC(1877)   Post Evacuate Collection Set: 0.4ms
[266.396s][info][gc,phases      ] GC(1877)   Other: 0.4ms
[266.396s][info][gc,heap        ] GC(1877) Eden regions: 313->0(313)
[266.396s][info][gc,heap        ] GC(1877) Survivor regions: 1->1(40)
[266.396s][info][gc,heap        ] GC(1877) Old regions: 84->84
[266.396s][info][gc,heap        ] GC(1877) Humongous regions: 6->6
[266.396s][info][gc,metaspace   ] GC(1877) Metaspace: 73609K->73609K(1116160K)
[266.396s][info][gc             ] GC(1877) Pause Young (Normal) (G1 Evacuation Pause) 401M->88M(524M) 3.775ms
[266.396s][info][gc,cpu         ] GC(1877) User=0.00s Sys=0.00s Real=0.00s
[266.540s][info][gc,start       ] GC(1878) Pause Young (Normal) (G1 Evacuation Pause)
[266.540s][info][gc,task        ] GC(1878) Using 1 workers of 1 for evacuation
[266.543s][info][gc,phases      ] GC(1878)   Pre Evacuate Collection Set: 0.0ms
[266.543s][info][gc,phases      ] GC(1878)   Evacuate Collection Set: 2.7ms
[266.543s][info][gc,phases      ] GC(1878)   Post Evacuate Collection Set: 0.4ms
[266.543s][info][gc,phases      ] GC(1878)   Other: 0.3ms
[266.543s][info][gc,heap        ] GC(1878) Eden regions: 313->0(313)
[266.543s][info][gc,heap        ] GC(1878) Survivor regions: 1->1(40)
[266.543s][info][gc,heap        ] GC(1878) Old regions: 84->84
[266.543s][info][gc,heap        ] GC(1878) Humongous regions: 6->6
[266.543s][info][gc,metaspace   ] GC(1878) Metaspace: 73609K->73609K(1116160K)
[266.543s][info][gc             ] GC(1878) Pause Young (Normal) (G1 Evacuation Pause) 401M->88M(524M) 3.496ms
[266.543s][info][gc,cpu         ] GC(1878) User=0.00s Sys=0.00s Real=0.00s
[266.689s][info][gc,start       ] GC(1879) Pause Young (Normal) (G1 Evacuation Pause)
[266.689s][info][gc,task        ] GC(1879) Using 1 workers of 1 for evacuation
[266.693s][info][gc,phases      ] GC(1879)   Pre Evacuate Collection Set: 0.0ms
[266.693s][info][gc,phases      ] GC(1879)   Evacuate Collection Set: 2.9ms
[266.693s][info][gc,phases      ] GC(1879)   Post Evacuate Collection Set: 0.4ms
[266.693s][info][gc,phases      ] GC(1879)   Other: 0.3ms
[266.693s][info][gc,heap        ] GC(1879) Eden regions: 313->0(313)
[266.693s][info][gc,heap        ] GC(1879) Survivor regions: 1->1(40)
[266.693s][info][gc,heap        ] GC(1879) Old regions: 84->84
[266.693s][info][gc,heap        ] GC(1879) Humongous regions: 6->6
[266.693s][info][gc,metaspace   ] GC(1879) Metaspace: 73609K->73609K(1116160K)
[266.693s][info][gc             ] GC(1879) Pause Young (Normal) (G1 Evacuation Pause) 401M->88M(524M) 3.771ms
[266.693s][info][gc,cpu         ] GC(1879) User=0.01s Sys=0.00s Real=0.01s
[266.847s][info][gc,start       ] GC(1880) Pause Young (Normal) (G1 Evacuation Pause)
[266.847s][info][gc,task        ] GC(1880) Using 1 workers of 1 for evacuation
[266.851s][info][gc,phases      ] GC(1880)   Pre Evacuate Collection Set: 0.0ms
[266.851s][info][gc,phases      ] GC(1880)   Evacuate Collection Set: 3.0ms
[266.851s][info][gc,phases      ] GC(1880)   Post Evacuate Collection Set: 0.5ms
[266.851s][info][gc,phases      ] GC(1880)   Other: 0.4ms
[266.851s][info][gc,heap        ] GC(1880) Eden regions: 313->0(313)
[266.851s][info][gc,heap        ] GC(1880) Survivor regions: 1->1(40)
[266.851s][info][gc,heap        ] GC(1880) Old regions: 84->84
[266.851s][info][gc,heap        ] GC(1880) Humongous regions: 6->6
[266.851s][info][gc,metaspace   ] GC(1880) Metaspace: 73609K->73609K(1116160K)
[266.851s][info][gc             ] GC(1880) Pause Young (Normal) (G1 Evacuation Pause) 401M->89M(524M) 3.939ms
[266.851s][info][gc,cpu         ] GC(1880) User=0.01s Sys=0.00s Real=0.01s
[267.014s][info][gc,start       ] GC(1881) Pause Young (Normal) (G1 Evacuation Pause)
[267.014s][info][gc,task        ] GC(1881) Using 1 workers of 1 for evacuation
[267.018s][info][gc,phases      ] GC(1881)   Pre Evacuate Collection Set: 0.0ms
[267.018s][info][gc,phases      ] GC(1881)   Evacuate Collection Set: 3.4ms
[267.018s][info][gc,phases      ] GC(1881)   Post Evacuate Collection Set: 0.5ms
[267.018s][info][gc,phases      ] GC(1881)   Other: 0.3ms
[267.018s][info][gc,heap        ] GC(1881) Eden regions: 313->0(313)
[267.018s][info][gc,heap        ] GC(1881) Survivor regions: 1->1(40)
[267.018s][info][gc,heap        ] GC(1881) Old regions: 84->84
[267.018s][info][gc,heap        ] GC(1881) Humongous regions: 11->6
[267.018s][info][gc,metaspace   ] GC(1881) Metaspace: 73609K->73609K(1116160K)
[267.018s][info][gc             ] GC(1881) Pause Young (Normal) (G1 Evacuation Pause) 407M->89M(524M) 4.278ms
[267.018s][info][gc,cpu         ] GC(1881) User=0.00s Sys=0.00s Real=0.01s
[267.162s][info][gc,start       ] GC(1882) Pause Young (Normal) (G1 Evacuation Pause)
[267.162s][info][gc,task        ] GC(1882) Using 1 workers of 1 for evacuation
[267.166s][info][gc,phases      ] GC(1882)   Pre Evacuate Collection Set: 0.0ms
[267.166s][info][gc,phases      ] GC(1882)   Evacuate Collection Set: 3.1ms
[267.166s][info][gc,phases      ] GC(1882)   Post Evacuate Collection Set: 0.4ms
[267.166s][info][gc,phases      ] GC(1882)   Other: 0.4ms
[267.166s][info][gc,heap        ] GC(1882) Eden regions: 313->0(313)
[267.166s][info][gc,heap        ] GC(1882) Survivor regions: 1->1(40)
[267.166s][info][gc,heap        ] GC(1882) Old regions: 84->84
[267.166s][info][gc,heap        ] GC(1882) Humongous regions: 6->6
[267.166s][info][gc,metaspace   ] GC(1882) Metaspace: 73609K->73609K(1116160K)
[267.166s][info][gc             ] GC(1882) Pause Young (Normal) (G1 Evacuation Pause) 402M->89M(524M) 3.915ms
[267.166s][info][gc,cpu         ] GC(1882) User=0.00s Sys=0.00s Real=0.00s
[267.309s][info][gc,start       ] GC(1883) Pause Young (Normal) (G1 Evacuation Pause)
[267.309s][info][gc,task        ] GC(1883) Using 1 workers of 1 for evacuation
[267.313s][info][gc,phases      ] GC(1883)   Pre Evacuate Collection Set: 0.0ms
[267.313s][info][gc,phases      ] GC(1883)   Evacuate Collection Set: 3.0ms
[267.313s][info][gc,phases      ] GC(1883)   Post Evacuate Collection Set: 0.4ms
[267.313s][info][gc,phases      ] GC(1883)   Other: 0.3ms
[267.313s][info][gc,heap        ] GC(1883) Eden regions: 313->0(313)
[267.313s][info][gc,heap        ] GC(1883) Survivor regions: 1->1(40)
[267.313s][info][gc,heap        ] GC(1883) Old regions: 84->84
[267.313s][info][gc,heap        ] GC(1883) Humongous regions: 6->6
[267.313s][info][gc,metaspace   ] GC(1883) Metaspace: 73609K->73609K(1116160K)
[267.313s][info][gc             ] GC(1883) Pause Young (Normal) (G1 Evacuation Pause) 402M->89M(524M) 3.752ms
[267.313s][info][gc,cpu         ] GC(1883) User=0.01s Sys=0.00s Real=0.01s
[267.458s][info][gc,start       ] GC(1884) Pause Young (Normal) (G1 Evacuation Pause)
[267.458s][info][gc,task        ] GC(1884) Using 1 workers of 1 for evacuation
[267.462s][info][gc,phases      ] GC(1884)   Pre Evacuate Collection Set: 0.0ms
[267.462s][info][gc,phases      ] GC(1884)   Evacuate Collection Set: 2.9ms
[267.462s][info][gc,phases      ] GC(1884)   Post Evacuate Collection Set: 0.4ms
[267.462s][info][gc,phases      ] GC(1884)   Other: 0.3ms
[267.462s][info][gc,heap        ] GC(1884) Eden regions: 313->0(313)
[267.462s][info][gc,heap        ] GC(1884) Survivor regions: 1->1(40)
[267.462s][info][gc,heap        ] GC(1884) Old regions: 84->84
[267.462s][info][gc,heap        ] GC(1884) Humongous regions: 6->6
[267.462s][info][gc,metaspace   ] GC(1884) Metaspace: 73609K->73609K(1116160K)
[267.462s][info][gc             ] GC(1884) Pause Young (Normal) (G1 Evacuation Pause) 402M->89M(524M) 3.729ms
[267.462s][info][gc,cpu         ] GC(1884) User=0.00s Sys=0.00s Real=0.00s
[267.608s][info][gc,start       ] GC(1885) Pause Young (Normal) (G1 Evacuation Pause)
[267.608s][info][gc,task        ] GC(1885) Using 1 workers of 1 for evacuation
[267.612s][info][gc,phases      ] GC(1885)   Pre Evacuate Collection Set: 0.0ms
[267.612s][info][gc,phases      ] GC(1885)   Evacuate Collection Set: 3.0ms
[267.612s][info][gc,phases      ] GC(1885)   Post Evacuate Collection Set: 0.4ms
[267.612s][info][gc,phases      ] GC(1885)   Other: 0.4ms
[267.612s][info][gc,heap        ] GC(1885) Eden regions: 313->0(313)
[267.612s][info][gc,heap        ] GC(1885) Survivor regions: 1->1(40)
[267.612s][info][gc,heap        ] GC(1885) Old regions: 84->84
[267.612s][info][gc,heap        ] GC(1885) Humongous regions: 6->6
[267.612s][info][gc,metaspace   ] GC(1885) Metaspace: 73610K->73610K(1116160K)
[267.612s][info][gc             ] GC(1885) Pause Young (Normal) (G1 Evacuation Pause) 402M->89M(524M) 3.903ms
[267.612s][info][gc,cpu         ] GC(1885) User=0.00s Sys=0.00s Real=0.01s
[267.768s][info][gc,start       ] GC(1886) Pause Young (Normal) (G1 Evacuation Pause)
[267.768s][info][gc,task        ] GC(1886) Using 1 workers of 1 for evacuation
[267.772s][info][gc,phases      ] GC(1886)   Pre Evacuate Collection Set: 0.0ms
[267.772s][info][gc,phases      ] GC(1886)   Evacuate Collection Set: 3.1ms
[267.772s][info][gc,phases      ] GC(1886)   Post Evacuate Collection Set: 0.4ms
[267.772s][info][gc,phases      ] GC(1886)   Other: 0.3ms
[267.772s][info][gc,heap        ] GC(1886) Eden regions: 313->0(313)
[267.772s][info][gc,heap        ] GC(1886) Survivor regions: 1->1(40)
[267.772s][info][gc,heap        ] GC(1886) Old regions: 84->84
[267.772s][info][gc,heap        ] GC(1886) Humongous regions: 11->6
[267.772s][info][gc,metaspace   ] GC(1886) Metaspace: 73610K->73610K(1116160K)
[267.772s][info][gc             ] GC(1886) Pause Young (Normal) (G1 Evacuation Pause) 407M->88M(524M) 3.847ms
[267.772s][info][gc,cpu         ] GC(1886) User=0.01s Sys=0.00s Real=0.01s
[267.915s][info][gc,start       ] GC(1887) Pause Young (Normal) (G1 Evacuation Pause)
[267.915s][info][gc,task        ] GC(1887) Using 1 workers of 1 for evacuation
[267.919s][info][gc,phases      ] GC(1887)   Pre Evacuate Collection Set: 0.0ms
[267.919s][info][gc,phases      ] GC(1887)   Evacuate Collection Set: 2.9ms
[267.919s][info][gc,phases      ] GC(1887)   Post Evacuate Collection Set: 0.4ms
[267.919s][info][gc,phases      ] GC(1887)   Other: 0.4ms
[267.919s][info][gc,heap        ] GC(1887) Eden regions: 313->0(313)
[267.919s][info][gc,heap        ] GC(1887) Survivor regions: 1->1(40)
[267.919s][info][gc,heap        ] GC(1887) Old regions: 84->84
[267.919s][info][gc,heap        ] GC(1887) Humongous regions: 6->6
[267.919s][info][gc,metaspace   ] GC(1887) Metaspace: 73610K->73610K(1116160K)
[267.919s][info][gc             ] GC(1887) Pause Young (Normal) (G1 Evacuation Pause) 401M->88M(524M) 3.710ms
[267.919s][info][gc,cpu         ] GC(1887) User=0.00s Sys=0.00s Real=0.01s
[268.064s][info][gc,start       ] GC(1888) Pause Young (Normal) (G1 Evacuation Pause)
[268.064s][info][gc,task        ] GC(1888) Using 1 workers of 1 for evacuation
[268.068s][info][gc,phases      ] GC(1888)   Pre Evacuate Collection Set: 0.0ms
[268.068s][info][gc,phases      ] GC(1888)   Evacuate Collection Set: 3.1ms
[268.068s][info][gc,phases      ] GC(1888)   Post Evacuate Collection Set: 0.4ms
[268.068s][info][gc,phases      ] GC(1888)   Other: 0.3ms
[268.068s][info][gc,heap        ] GC(1888) Eden regions: 313->0(313)
[268.068s][info][gc,heap        ] GC(1888) Survivor regions: 1->1(40)
[268.068s][info][gc,heap        ] GC(1888) Old regions: 84->84
[268.068s][info][gc,heap        ] GC(1888) Humongous regions: 6->6
[268.068s][info][gc,metaspace   ] GC(1888) Metaspace: 73610K->73610K(1116160K)
[268.068s][info][gc             ] GC(1888) Pause Young (Normal) (G1 Evacuation Pause) 401M->88M(524M) 3.888ms
[268.068s][info][gc,cpu         ] GC(1888) User=0.00s Sys=0.00s Real=0.00s
[268.215s][info][gc,start       ] GC(1889) Pause Young (Normal) (G1 Evacuation Pause)
[268.215s][info][gc,task        ] GC(1889) Using 1 workers of 1 for evacuation
[268.219s][info][gc,phases      ] GC(1889)   Pre Evacuate Collection Set: 0.0ms
[268.219s][info][gc,phases      ] GC(1889)   Evacuate Collection Set: 3.1ms
[268.219s][info][gc,phases      ] GC(1889)   Post Evacuate Collection Set: 0.4ms
[268.219s][info][gc,phases      ] GC(1889)   Other: 0.3ms
[268.219s][info][gc,heap        ] GC(1889) Eden regions: 313->0(313)
[268.219s][info][gc,heap        ] GC(1889) Survivor regions: 1->1(40)
[268.219s][info][gc,heap        ] GC(1889) Old regions: 84->84
[268.219s][info][gc,heap        ] GC(1889) Humongous regions: 6->6
[268.219s][info][gc,metaspace   ] GC(1889) Metaspace: 73610K->73610K(1116160K)
[268.219s][info][gc             ] GC(1889) Pause Young (Normal) (G1 Evacuation Pause) 401M->89M(524M) 3.983ms
[268.219s][info][gc,cpu         ] GC(1889) User=0.00s Sys=0.00s Real=0.01s
[268.395s][info][gc,start       ] GC(1890) Pause Young (Normal) (G1 Evacuation Pause)
[268.395s][info][gc,task        ] GC(1890) Using 1 workers of 1 for evacuation
[268.399s][info][gc,phases      ] GC(1890)   Pre Evacuate Collection Set: 0.0ms
[268.399s][info][gc,phases      ] GC(1890)   Evacuate Collection Set: 3.2ms
[268.399s][info][gc,phases      ] GC(1890)   Post Evacuate Collection Set: 0.5ms
[268.399s][info][gc,phases      ] GC(1890)   Other: 0.3ms
[268.399s][info][gc,heap        ] GC(1890) Eden regions: 313->0(313)
[268.399s][info][gc,heap        ] GC(1890) Survivor regions: 1->1(40)
[268.399s][info][gc,heap        ] GC(1890) Old regions: 84->84
[268.399s][info][gc,heap        ] GC(1890) Humongous regions: 11->6
[268.399s][info][gc,metaspace   ] GC(1890) Metaspace: 73612K->73612K(1116160K)
[268.399s][info][gc             ] GC(1890) Pause Young (Normal) (G1 Evacuation Pause) 407M->89M(524M) 4.049ms
[268.399s][info][gc,cpu         ] GC(1890) User=0.00s Sys=0.00s Real=0.01s
[268.549s][info][gc,start       ] GC(1891) Pause Young (Normal) (G1 Evacuation Pause)
[268.549s][info][gc,task        ] GC(1891) Using 1 workers of 1 for evacuation
[268.553s][info][gc,phases      ] GC(1891)   Pre Evacuate Collection Set: 0.0ms
[268.553s][info][gc,phases      ] GC(1891)   Evacuate Collection Set: 3.1ms
[268.553s][info][gc,phases      ] GC(1891)   Post Evacuate Collection Set: 0.4ms
[268.553s][info][gc,phases      ] GC(1891)   Other: 0.4ms
[268.553s][info][gc,heap        ] GC(1891) Eden regions: 313->0(313)
[268.553s][info][gc,heap        ] GC(1891) Survivor regions: 1->1(40)
[268.553s][info][gc,heap        ] GC(1891) Old regions: 84->84
[268.553s][info][gc,heap        ] GC(1891) Humongous regions: 6->6
[268.553s][info][gc,metaspace   ] GC(1891) Metaspace: 73612K->73612K(1116160K)
[268.553s][info][gc             ] GC(1891) Pause Young (Normal) (G1 Evacuation Pause) 402M->89M(524M) 3.978ms
[268.553s][info][gc,cpu         ] GC(1891) User=0.01s Sys=0.00s Real=0.01s
[268.698s][info][gc,start       ] GC(1892) Pause Young (Normal) (G1 Evacuation Pause)
[268.699s][info][gc,task        ] GC(1892) Using 1 workers of 1 for evacuation
[268.702s][info][gc,phases      ] GC(1892)   Pre Evacuate Collection Set: 0.0ms
[268.702s][info][gc,phases      ] GC(1892)   Evacuate Collection Set: 3.1ms
[268.702s][info][gc,phases      ] GC(1892)   Post Evacuate Collection Set: 0.4ms
[268.702s][info][gc,phases      ] GC(1892)   Other: 0.4ms
[268.702s][info][gc,heap        ] GC(1892) Eden regions: 313->0(313)
[268.702s][info][gc,heap        ] GC(1892) Survivor regions: 1->1(40)
[268.702s][info][gc,heap        ] GC(1892) Old regions: 84->84
[268.702s][info][gc,heap        ] GC(1892) Humongous regions: 6->6
[268.702s][info][gc,metaspace   ] GC(1892) Metaspace: 73612K->73612K(1116160K)
[268.702s][info][gc             ] GC(1892) Pause Young (Normal) (G1 Evacuation Pause) 402M->89M(524M) 3.987ms
[268.702s][info][gc,cpu         ] GC(1892) User=0.00s Sys=0.00s Real=0.00s
[268.854s][info][gc,start       ] GC(1893) Pause Young (Normal) (G1 Evacuation Pause)
[268.854s][info][gc,task        ] GC(1893) Using 1 workers of 1 for evacuation
[268.858s][info][gc,phases      ] GC(1893)   Pre Evacuate Collection Set: 0.0ms
[268.858s][info][gc,phases      ] GC(1893)   Evacuate Collection Set: 3.0ms
[268.858s][info][gc,phases      ] GC(1893)   Post Evacuate Collection Set: 0.5ms
[268.858s][info][gc,phases      ] GC(1893)   Other: 0.3ms
[268.858s][info][gc,heap        ] GC(1893) Eden regions: 313->0(313)
[268.858s][info][gc,heap        ] GC(1893) Survivor regions: 1->1(40)
[268.858s][info][gc,heap        ] GC(1893) Old regions: 84->84
[268.858s][info][gc,heap        ] GC(1893) Humongous regions: 6->6
[268.858s][info][gc,metaspace   ] GC(1893) Metaspace: 73612K->73612K(1116160K)
[268.858s][info][gc             ] GC(1893) Pause Young (Normal) (G1 Evacuation Pause) 402M->89M(524M) 3.804ms
[268.858s][info][gc,cpu         ] GC(1893) User=0.00s Sys=0.00s Real=0.01s
[269.004s][info][gc,start       ] GC(1894) Pause Young (Normal) (G1 Evacuation Pause)
[269.004s][info][gc,task        ] GC(1894) Using 1 workers of 1 for evacuation
[269.008s][info][gc,phases      ] GC(1894)   Pre Evacuate Collection Set: 0.0ms
[269.008s][info][gc,phases      ] GC(1894)   Evacuate Collection Set: 3.0ms
[269.008s][info][gc,phases      ] GC(1894)   Post Evacuate Collection Set: 0.4ms
[269.008s][info][gc,phases      ] GC(1894)   Other: 0.4ms
[269.008s][info][gc,heap        ] GC(1894) Eden regions: 313->0(313)
[269.008s][info][gc,heap        ] GC(1894) Survivor regions: 1->1(40)
[269.008s][info][gc,heap        ] GC(1894) Old regions: 84->84
[269.008s][info][gc,heap        ] GC(1894) Humongous regions: 6->6
[269.008s][info][gc,metaspace   ] GC(1894) Metaspace: 73612K->73612K(1116160K)
[269.008s][info][gc             ] GC(1894) Pause Young (Normal) (G1 Evacuation Pause) 402M->89M(524M) 3.815ms
[269.008s][info][gc,cpu         ] GC(1894) User=0.00s Sys=0.00s Real=0.00s
[269.169s][info][gc,start       ] GC(1895) Pause Young (Normal) (G1 Evacuation Pause)
[269.169s][info][gc,task        ] GC(1895) Using 1 workers of 1 for evacuation
[269.173s][info][gc,phases      ] GC(1895)   Pre Evacuate Collection Set: 0.0ms
[269.173s][info][gc,phases      ] GC(1895)   Evacuate Collection Set: 3.1ms
[269.173s][info][gc,phases      ] GC(1895)   Post Evacuate Collection Set: 0.4ms
[269.173s][info][gc,phases      ] GC(1895)   Other: 0.4ms
[269.173s][info][gc,heap        ] GC(1895) Eden regions: 313->0(313)
[269.173s][info][gc,heap        ] GC(1895) Survivor regions: 1->1(40)
[269.173s][info][gc,heap        ] GC(1895) Old regions: 84->84
[269.173s][info][gc,heap        ] GC(1895) Humongous regions: 11->6
[269.173s][info][gc,metaspace   ] GC(1895) Metaspace: 73612K->73612K(1116160K)
[269.173s][info][gc             ] GC(1895) Pause Young (Normal) (G1 Evacuation Pause) 407M->89M(524M) 3.979ms
[269.173s][info][gc,cpu         ] GC(1895) User=0.00s Sys=0.00s Real=0.01s
[269.332s][info][gc,start       ] GC(1896) Pause Young (Normal) (G1 Evacuation Pause)
[269.333s][info][gc,task        ] GC(1896) Using 1 workers of 1 for evacuation
[269.337s][info][gc,phases      ] GC(1896)   Pre Evacuate Collection Set: 0.0ms
[269.337s][info][gc,phases      ] GC(1896)   Evacuate Collection Set: 3.3ms
[269.337s][info][gc,phases      ] GC(1896)   Post Evacuate Collection Set: 0.4ms
[269.337s][info][gc,phases      ] GC(1896)   Other: 0.4ms
[269.337s][info][gc,heap        ] GC(1896) Eden regions: 313->0(313)
[269.337s][info][gc,heap        ] GC(1896) Survivor regions: 1->1(40)
[269.337s][info][gc,heap        ] GC(1896) Old regions: 84->84
[269.337s][info][gc,heap        ] GC(1896) Humongous regions: 6->6
[269.337s][info][gc,metaspace   ] GC(1896) Metaspace: 73612K->73612K(1116160K)
[269.337s][info][gc             ] GC(1896) Pause Young (Normal) (G1 Evacuation Pause) 402M->88M(524M) 4.193ms
[269.337s][info][gc,cpu         ] GC(1896) User=0.00s Sys=0.00s Real=0.00s
[269.483s][info][gc,start       ] GC(1897) Pause Young (Normal) (G1 Evacuation Pause)
[269.484s][info][gc,task        ] GC(1897) Using 1 workers of 1 for evacuation
[269.488s][info][gc,phases      ] GC(1897)   Pre Evacuate Collection Set: 0.0ms
[269.488s][info][gc,phases      ] GC(1897)   Evacuate Collection Set: 3.1ms
[269.488s][info][gc,phases      ] GC(1897)   Post Evacuate Collection Set: 0.4ms
[269.488s][info][gc,phases      ] GC(1897)   Other: 0.7ms
[269.488s][info][gc,heap        ] GC(1897) Eden regions: 313->0(313)
[269.488s][info][gc,heap        ] GC(1897) Survivor regions: 1->1(40)
[269.488s][info][gc,heap        ] GC(1897) Old regions: 84->84
[269.488s][info][gc,heap        ] GC(1897) Humongous regions: 6->6
[269.488s][info][gc,metaspace   ] GC(1897) Metaspace: 73612K->73612K(1116160K)
[269.488s][info][gc             ] GC(1897) Pause Young (Normal) (G1 Evacuation Pause) 401M->89M(524M) 4.255ms
[269.488s][info][gc,cpu         ] GC(1897) User=0.00s Sys=0.00s Real=0.00s
[269.640s][info][gc,start       ] GC(1898) Pause Young (Normal) (G1 Evacuation Pause)
[269.640s][info][gc,task        ] GC(1898) Using 1 workers of 1 for evacuation
[269.644s][info][gc,phases      ] GC(1898)   Pre Evacuate Collection Set: 0.0ms
[269.644s][info][gc,phases      ] GC(1898)   Evacuate Collection Set: 3.2ms
[269.644s][info][gc,phases      ] GC(1898)   Post Evacuate Collection Set: 0.4ms
[269.644s][info][gc,phases      ] GC(1898)   Other: 0.3ms
[269.644s][info][gc,heap        ] GC(1898) Eden regions: 313->0(313)
[269.644s][info][gc,heap        ] GC(1898) Survivor regions: 1->1(40)
[269.644s][info][gc,heap        ] GC(1898) Old regions: 84->84
[269.644s][info][gc,heap        ] GC(1898) Humongous regions: 6->6
[269.644s][info][gc,metaspace   ] GC(1898) Metaspace: 73612K->73612K(1116160K)
[269.644s][info][gc             ] GC(1898) Pause Young (Normal) (G1 Evacuation Pause) 402M->89M(524M) 4.024ms
[269.644s][info][gc,cpu         ] GC(1898) User=0.00s Sys=0.00s Real=0.00s
[269.800s][info][gc,start       ] GC(1899) Pause Young (Normal) (G1 Evacuation Pause)
[269.800s][info][gc,task        ] GC(1899) Using 1 workers of 1 for evacuation
[269.804s][info][gc,phases      ] GC(1899)   Pre Evacuate Collection Set: 0.0ms
[269.804s][info][gc,phases      ] GC(1899)   Evacuate Collection Set: 3.3ms
[269.804s][info][gc,phases      ] GC(1899)   Post Evacuate Collection Set: 0.4ms
[269.804s][info][gc,phases      ] GC(1899)   Other: 0.4ms
[269.804s][info][gc,heap        ] GC(1899) Eden regions: 313->0(313)
[269.804s][info][gc,heap        ] GC(1899) Survivor regions: 1->1(40)
[269.804s][info][gc,heap        ] GC(1899) Old regions: 84->84
[269.804s][info][gc,heap        ] GC(1899) Humongous regions: 6->6
[269.804s][info][gc,metaspace   ] GC(1899) Metaspace: 73612K->73612K(1116160K)
[269.805s][info][gc             ] GC(1899) Pause Young (Normal) (G1 Evacuation Pause) 402M->89M(524M) 4.214ms
[269.805s][info][gc,cpu         ] GC(1899) User=0.00s Sys=0.00s Real=0.00s
[269.964s][info][gc,start       ] GC(1900) Pause Young (Normal) (G1 Evacuation Pause)
[269.964s][info][gc,task        ] GC(1900) Using 1 workers of 1 for evacuation
[269.968s][info][gc,phases      ] GC(1900)   Pre Evacuate Collection Set: 0.0ms
[269.968s][info][gc,phases      ] GC(1900)   Evacuate Collection Set: 3.5ms
[269.968s][info][gc,phases      ] GC(1900)   Post Evacuate Collection Set: 0.4ms
[269.968s][info][gc,phases      ] GC(1900)   Other: 0.3ms
[269.968s][info][gc,heap        ] GC(1900) Eden regions: 313->0(313)
[269.968s][info][gc,heap        ] GC(1900) Survivor regions: 1->1(40)
[269.968s][info][gc,heap        ] GC(1900) Old regions: 84->84
[269.968s][info][gc,heap        ] GC(1900) Humongous regions: 11->6
[269.968s][info][gc,metaspace   ] GC(1900) Metaspace: 73612K->73612K(1116160K)
[269.968s][info][gc             ] GC(1900) Pause Young (Normal) (G1 Evacuation Pause) 407M->89M(524M) 4.325ms
[269.968s][info][gc,cpu         ] GC(1900) User=0.01s Sys=0.00s Real=0.00s
[270.115s][info][gc,start       ] GC(1901) Pause Young (Normal) (G1 Evacuation Pause)
[270.115s][info][gc,task        ] GC(1901) Using 1 workers of 1 for evacuation
[270.119s][info][gc,phases      ] GC(1901)   Pre Evacuate Collection Set: 0.0ms
[270.119s][info][gc,phases      ] GC(1901)   Evacuate Collection Set: 3.2ms
[270.119s][info][gc,phases      ] GC(1901)   Post Evacuate Collection Set: 0.4ms
[270.119s][info][gc,phases      ] GC(1901)   Other: 0.4ms
[270.119s][info][gc,heap        ] GC(1901) Eden regions: 313->0(313)
[270.119s][info][gc,heap        ] GC(1901) Survivor regions: 1->1(40)
[270.119s][info][gc,heap        ] GC(1901) Old regions: 84->84
[270.119s][info][gc,heap        ] GC(1901) Humongous regions: 6->6
[270.119s][info][gc,metaspace   ] GC(1901) Metaspace: 73612K->73612K(1116160K)
[270.119s][info][gc             ] GC(1901) Pause Young (Normal) (G1 Evacuation Pause) 402M->89M(524M) 4.032ms
[270.119s][info][gc,cpu         ] GC(1901) User=0.01s Sys=0.00s Real=0.01s
[270.264s][info][gc,start       ] GC(1902) Pause Young (Normal) (G1 Evacuation Pause)
[270.264s][info][gc,task        ] GC(1902) Using 1 workers of 1 for evacuation
[270.268s][info][gc,phases      ] GC(1902)   Pre Evacuate Collection Set: 0.0ms
[270.268s][info][gc,phases      ] GC(1902)   Evacuate Collection Set: 3.1ms
[270.268s][info][gc,phases      ] GC(1902)   Post Evacuate Collection Set: 0.4ms
[270.268s][info][gc,phases      ] GC(1902)   Other: 0.4ms
[270.268s][info][gc,heap        ] GC(1902) Eden regions: 313->0(313)
[270.268s][info][gc,heap        ] GC(1902) Survivor regions: 1->1(40)
[270.268s][info][gc,heap        ] GC(1902) Old regions: 84->84
[270.268s][info][gc,heap        ] GC(1902) Humongous regions: 6->6
[270.268s][info][gc,metaspace   ] GC(1902) Metaspace: 73612K->73612K(1116160K)
[270.268s][info][gc             ] GC(1902) Pause Young (Normal) (G1 Evacuation Pause) 402M->89M(524M) 3.975ms
[270.268s][info][gc,cpu         ] GC(1902) User=0.00s Sys=0.00s Real=0.00s
[270.411s][info][gc,start       ] GC(1903) Pause Young (Normal) (G1 Evacuation Pause)
[270.411s][info][gc,task        ] GC(1903) Using 1 workers of 1 for evacuation
[270.415s][info][gc,phases      ] GC(1903)   Pre Evacuate Collection Set: 0.0ms
[270.415s][info][gc,phases      ] GC(1903)   Evacuate Collection Set: 3.1ms
[270.415s][info][gc,phases      ] GC(1903)   Post Evacuate Collection Set: 0.4ms
[270.415s][info][gc,phases      ] GC(1903)   Other: 0.3ms
[270.415s][info][gc,heap        ] GC(1903) Eden regions: 313->0(313)
[270.415s][info][gc,heap        ] GC(1903) Survivor regions: 1->1(40)
[270.415s][info][gc,heap        ] GC(1903) Old regions: 84->84
[270.415s][info][gc,heap        ] GC(1903) Humongous regions: 6->6
[270.415s][info][gc,metaspace   ] GC(1903) Metaspace: 73612K->73612K(1116160K)
[270.415s][info][gc             ] GC(1903) Pause Young (Normal) (G1 Evacuation Pause) 402M->89M(524M) 3.898ms
[270.415s][info][gc,cpu         ] GC(1903) User=0.00s Sys=0.00s Real=0.00s
[270.565s][info][gc,start       ] GC(1904) Pause Young (Normal) (G1 Evacuation Pause)
[270.565s][info][gc,task        ] GC(1904) Using 1 workers of 1 for evacuation
[270.569s][info][gc,phases      ] GC(1904)   Pre Evacuate Collection Set: 0.0ms
[270.569s][info][gc,phases      ] GC(1904)   Evacuate Collection Set: 3.2ms
[270.569s][info][gc,phases      ] GC(1904)   Post Evacuate Collection Set: 0.4ms
[270.569s][info][gc,phases      ] GC(1904)   Other: 0.3ms
[270.569s][info][gc,heap        ] GC(1904) Eden regions: 313->0(313)
[270.569s][info][gc,heap        ] GC(1904) Survivor regions: 1->1(40)
[270.569s][info][gc,heap        ] GC(1904) Old regions: 84->84
[270.569s][info][gc,heap        ] GC(1904) Humongous regions: 6->6
[270.569s][info][gc,metaspace   ] GC(1904) Metaspace: 73612K->73612K(1116160K)
[270.569s][info][gc             ] GC(1904) Pause Young (Normal) (G1 Evacuation Pause) 402M->89M(524M) 4.019ms
[270.569s][info][gc,cpu         ] GC(1904) User=0.00s Sys=0.00s Real=0.00s
[270.838s][info][gc,start       ] GC(1905) Pause Young (Normal) (G1 Evacuation Pause)
[270.838s][info][gc,task        ] GC(1905) Using 1 workers of 1 for evacuation
[270.843s][info][gc,phases      ] GC(1905)   Pre Evacuate Collection Set: 0.0ms
[270.843s][info][gc,phases      ] GC(1905)   Evacuate Collection Set: 3.6ms
[270.843s][info][gc,phases      ] GC(1905)   Post Evacuate Collection Set: 0.4ms
[270.843s][info][gc,phases      ] GC(1905)   Other: 0.4ms
[270.843s][info][gc,heap        ] GC(1905) Eden regions: 313->0(313)
[270.843s][info][gc,heap        ] GC(1905) Survivor regions: 1->1(40)
[270.843s][info][gc,heap        ] GC(1905) Old regions: 84->84
[270.843s][info][gc,heap        ] GC(1905) Humongous regions: 11->6
[270.843s][info][gc,metaspace   ] GC(1905) Metaspace: 73621K->73621K(1116160K)
[270.843s][info][gc             ] GC(1905) Pause Young (Normal) (G1 Evacuation Pause) 407M->89M(524M) 4.445ms
[270.843s][info][gc,cpu         ] GC(1905) User=0.01s Sys=0.00s Real=0.00s
[271.024s][info][gc,start       ] GC(1906) Pause Young (Normal) (G1 Evacuation Pause)
[271.024s][info][gc,task        ] GC(1906) Using 1 workers of 1 for evacuation
[271.028s][info][gc,phases      ] GC(1906)   Pre Evacuate Collection Set: 0.0ms
[271.028s][info][gc,phases      ] GC(1906)   Evacuate Collection Set: 3.4ms
[271.028s][info][gc,phases      ] GC(1906)   Post Evacuate Collection Set: 0.4ms
[271.028s][info][gc,phases      ] GC(1906)   Other: 0.3ms
[271.028s][info][gc,heap        ] GC(1906) Eden regions: 313->0(313)
[271.028s][info][gc,heap        ] GC(1906) Survivor regions: 1->1(40)
[271.028s][info][gc,heap        ] GC(1906) Old regions: 84->84
[271.028s][info][gc,heap        ] GC(1906) Humongous regions: 6->6
[271.028s][info][gc,metaspace   ] GC(1906) Metaspace: 73621K->73621K(1116160K)
[271.028s][info][gc             ] GC(1906) Pause Young (Normal) (G1 Evacuation Pause) 402M->89M(524M) 4.201ms
[271.028s][info][gc,cpu         ] GC(1906) User=0.00s Sys=0.00s Real=0.00s
[271.187s][info][gc,start       ] GC(1907) Pause Young (Normal) (G1 Evacuation Pause)
[271.187s][info][gc,task        ] GC(1907) Using 1 workers of 1 for evacuation
[271.191s][info][gc,phases      ] GC(1907)   Pre Evacuate Collection Set: 0.0ms
[271.191s][info][gc,phases      ] GC(1907)   Evacuate Collection Set: 3.4ms
[271.191s][info][gc,phases      ] GC(1907)   Post Evacuate Collection Set: 0.5ms
[271.191s][info][gc,phases      ] GC(1907)   Other: 0.4ms
[271.191s][info][gc,heap        ] GC(1907) Eden regions: 313->0(313)
[271.191s][info][gc,heap        ] GC(1907) Survivor regions: 1->1(40)
[271.191s][info][gc,heap        ] GC(1907) Old regions: 84->84
[271.191s][info][gc,heap        ] GC(1907) Humongous regions: 6->6
[271.191s][info][gc,metaspace   ] GC(1907) Metaspace: 73621K->73621K(1116160K)
[271.191s][info][gc             ] GC(1907) Pause Young (Normal) (G1 Evacuation Pause) 402M->89M(524M) 4.417ms
[271.191s][info][gc,cpu         ] GC(1907) User=0.00s Sys=0.00s Real=0.01s
[271.351s][info][gc,start       ] GC(1908) Pause Young (Normal) (G1 Evacuation Pause)
[271.351s][info][gc,task        ] GC(1908) Using 1 workers of 1 for evacuation
[271.355s][info][gc,phases      ] GC(1908)   Pre Evacuate Collection Set: 0.0ms
[271.355s][info][gc,phases      ] GC(1908)   Evacuate Collection Set: 3.5ms
[271.355s][info][gc,phases      ] GC(1908)   Post Evacuate Collection Set: 0.4ms
[271.355s][info][gc,phases      ] GC(1908)   Other: 0.3ms
[271.355s][info][gc,heap        ] GC(1908) Eden regions: 313->0(313)
[271.355s][info][gc,heap        ] GC(1908) Survivor regions: 1->1(40)
[271.355s][info][gc,heap        ] GC(1908) Old regions: 84->84
[271.355s][info][gc,heap        ] GC(1908) Humongous regions: 6->6
[271.355s][info][gc,metaspace   ] GC(1908) Metaspace: 73621K->73621K(1116160K)
[271.355s][info][gc             ] GC(1908) Pause Young (Normal) (G1 Evacuation Pause) 402M->89M(524M) 4.316ms
[271.355s][info][gc,cpu         ] GC(1908) User=0.01s Sys=0.00s Real=0.00s
[271.507s][info][gc,start       ] GC(1909) Pause Young (Normal) (G1 Evacuation Pause)
[271.507s][info][gc,task        ] GC(1909) Using 1 workers of 1 for evacuation
[271.512s][info][gc,phases      ] GC(1909)   Pre Evacuate Collection Set: 0.0ms
[271.512s][info][gc,phases      ] GC(1909)   Evacuate Collection Set: 4.8ms
[271.512s][info][gc,phases      ] GC(1909)   Post Evacuate Collection Set: 0.4ms
[271.512s][info][gc,phases      ] GC(1909)   Other: 0.4ms
[271.512s][info][gc,heap        ] GC(1909) Eden regions: 313->0(313)
[271.512s][info][gc,heap        ] GC(1909) Survivor regions: 1->1(40)
[271.512s][info][gc,heap        ] GC(1909) Old regions: 84->84
[271.512s][info][gc,heap        ] GC(1909) Humongous regions: 6->6
[271.512s][info][gc,metaspace   ] GC(1909) Metaspace: 73621K->73621K(1116160K)
[271.512s][info][gc             ] GC(1909) Pause Young (Normal) (G1 Evacuation Pause) 402M->89M(524M) 5.704ms
[271.512s][info][gc,cpu         ] GC(1909) User=0.00s Sys=0.00s Real=0.01s
[272.069s][info][gc,start       ] GC(1910) Pause Young (Normal) (G1 Evacuation Pause)
[272.069s][info][gc,task        ] GC(1910) Using 1 workers of 1 for evacuation
[272.090s][info][gc,phases      ] GC(1910)   Pre Evacuate Collection Set: 0.0ms
[272.090s][info][gc,phases      ] GC(1910)   Evacuate Collection Set: 15.3ms
[272.090s][info][gc,phases      ] GC(1910)   Post Evacuate Collection Set: 5.3ms
[272.090s][info][gc,phases      ] GC(1910)   Other: 0.5ms
[272.090s][info][gc,heap        ] GC(1910) Eden regions: 313->0(310)
[272.090s][info][gc,heap        ] GC(1910) Survivor regions: 1->4(40)
[272.090s][info][gc,heap        ] GC(1910) Old regions: 84->84
[272.090s][info][gc,heap        ] GC(1910) Humongous regions: 41->6
[272.090s][info][gc,metaspace   ] GC(1910) Metaspace: 73634K->73634K(1116160K)
[272.090s][info][gc             ] GC(1910) Pause Young (Normal) (G1 Evacuation Pause) 437M->92M(524M) 21.123ms
[272.090s][info][gc,cpu         ] GC(1910) User=0.02s Sys=0.00s Real=0.03s
[272.281s][info][gc,start       ] GC(1911) Pause Young (Normal) (G1 Evacuation Pause)
[272.281s][info][gc,task        ] GC(1911) Using 1 workers of 1 for evacuation
[272.291s][info][gc,phases      ] GC(1911)   Pre Evacuate Collection Set: 0.0ms
[272.291s][info][gc,phases      ] GC(1911)   Evacuate Collection Set: 8.4ms
[272.291s][info][gc,phases      ] GC(1911)   Post Evacuate Collection Set: 0.5ms
[272.291s][info][gc,phases      ] GC(1911)   Other: 0.4ms
[272.291s][info][gc,heap        ] GC(1911) Eden regions: 310->0(310)
[272.291s][info][gc,heap        ] GC(1911) Survivor regions: 4->4(40)
[272.291s][info][gc,heap        ] GC(1911) Old regions: 84->84
[272.291s][info][gc,heap        ] GC(1911) Humongous regions: 6->6
[272.291s][info][gc,metaspace   ] GC(1911) Metaspace: 73634K->73634K(1116160K)
[272.291s][info][gc             ] GC(1911) Pause Young (Normal) (G1 Evacuation Pause) 402M->92M(524M) 9.385ms
[272.291s][info][gc,cpu         ] GC(1911) User=0.01s Sys=0.00s Real=0.01s
[272.688s][info][gc,start       ] GC(1912) Pause Young (Normal) (G1 Evacuation Pause)
[272.688s][info][gc,task        ] GC(1912) Using 1 workers of 1 for evacuation
[272.700s][info][gc,phases      ] GC(1912)   Pre Evacuate Collection Set: 0.0ms
[272.700s][info][gc,phases      ] GC(1912)   Evacuate Collection Set: 10.9ms
[272.700s][info][gc,phases      ] GC(1912)   Post Evacuate Collection Set: 0.5ms
[272.700s][info][gc,phases      ] GC(1912)   Other: 0.5ms
[272.700s][info][gc,heap        ] GC(1912) Eden regions: 310->0(310)
[272.700s][info][gc,heap        ] GC(1912) Survivor regions: 4->4(40)
[272.700s][info][gc,heap        ] GC(1912) Old regions: 84->84
[272.700s][info][gc,heap        ] GC(1912) Humongous regions: 36->6
[272.700s][info][gc,metaspace   ] GC(1912) Metaspace: 73643K->73643K(1116160K)
[272.700s][info][gc             ] GC(1912) Pause Young (Normal) (G1 Evacuation Pause) 432M->92M(524M) 12.016ms
[272.700s][info][gc,cpu         ] GC(1912) User=0.01s Sys=0.00s Real=0.02s
[272.880s][info][gc,start       ] GC(1913) Pause Young (Normal) (G1 Evacuation Pause)
[272.880s][info][gc,task        ] GC(1913) Using 1 workers of 1 for evacuation
[272.890s][info][gc,phases      ] GC(1913)   Pre Evacuate Collection Set: 0.0ms
[272.890s][info][gc,phases      ] GC(1913)   Evacuate Collection Set: 9.3ms
[272.890s][info][gc,phases      ] GC(1913)   Post Evacuate Collection Set: 0.4ms
[272.890s][info][gc,phases      ] GC(1913)   Other: 0.3ms
[272.890s][info][gc,heap        ] GC(1913) Eden regions: 310->0(310)
[272.890s][info][gc,heap        ] GC(1913) Survivor regions: 4->4(40)
[272.890s][info][gc,heap        ] GC(1913) Old regions: 84->84
[272.890s][info][gc,heap        ] GC(1913) Humongous regions: 6->6
[272.890s][info][gc,metaspace   ] GC(1913) Metaspace: 73643K->73643K(1116160K)
[272.890s][info][gc             ] GC(1913) Pause Young (Normal) (G1 Evacuation Pause) 402M->92M(524M) 10.131ms
[272.890s][info][gc,cpu         ] GC(1913) User=0.01s Sys=0.00s Real=0.01s
[273.193s][info][gc,start       ] GC(1914) Pause Young (Normal) (G1 Evacuation Pause)
[273.193s][info][gc,task        ] GC(1914) Using 1 workers of 1 for evacuation
[273.206s][info][gc,phases      ] GC(1914)   Pre Evacuate Collection Set: 0.0ms
[273.206s][info][gc,phases      ] GC(1914)   Evacuate Collection Set: 6.2ms
[273.206s][info][gc,phases      ] GC(1914)   Post Evacuate Collection Set: 6.3ms
[273.206s][info][gc,phases      ] GC(1914)   Other: 0.4ms
[273.206s][info][gc,heap        ] GC(1914) Eden regions: 310->0(312)
[273.206s][info][gc,heap        ] GC(1914) Survivor regions: 4->2(40)
[273.206s][info][gc,heap        ] GC(1914) Old regions: 84->84
[273.206s][info][gc,heap        ] GC(1914) Humongous regions: 16->6
[273.206s][info][gc,metaspace   ] GC(1914) Metaspace: 73812K->73812K(1116160K)
[273.206s][info][gc             ] GC(1914) Pause Young (Normal) (G1 Evacuation Pause) 412M->90M(524M) 13.040ms
[273.206s][info][gc,cpu         ] GC(1914) User=0.01s Sys=0.00s Real=0.01s
[273.420s][info][gc,task        ] GC(1915) Using 1 workers of 1 for full compaction
[273.420s][info][gc,start       ] GC(1915) Pause Full (System.gc())
[273.425s][info][gc,phases,start] GC(1915) Phase 1: Mark live objects
[273.578s][info][gc,stringtable ] GC(1915) Cleaned string and symbol table, strings: 25404 processed, 30 removed, symbols: 145798 processed, 4 removed
[273.578s][info][gc,phases      ] GC(1915) Phase 1: Mark live objects 153.939ms
[273.578s][info][gc,phases,start] GC(1915) Phase 2: Prepare for compaction
[273.590s][info][gc,phases      ] GC(1915) Phase 2: Prepare for compaction 11.680ms
[273.590s][info][gc,phases,start] GC(1915) Phase 3: Adjust pointers
[273.633s][info][gc,phases      ] GC(1915) Phase 3: Adjust pointers 43.245ms
[273.633s][info][gc,phases,start] GC(1915) Phase 4: Compact heap
[273.651s][info][gc,phases      ] GC(1915) Phase 4: Compact heap 17.644ms
[273.669s][info][gc,heap        ] GC(1915) Eden regions: 53->0(144)
[273.669s][info][gc,heap        ] GC(1915) Survivor regions: 2->0(40)
[273.669s][info][gc,heap        ] GC(1915) Old regions: 84->67
[273.669s][info][gc,heap        ] GC(1915) Humongous regions: 31->6
[273.669s][info][gc,metaspace   ] GC(1915) Metaspace: 73899K->73899K(1116160K)
[273.669s][info][gc             ] GC(1915) Pause Full (System.gc()) 167M->69M(244M) 248.890ms
[273.669s][info][gc,cpu         ] GC(1915) User=0.23s Sys=0.00s Real=0.24s
[274.009s][info][gc,start       ] GC(1916) Pause Young (Concurrent Start) (G1 Humongous Allocation)
[274.009s][info][gc,task        ] GC(1916) Using 1 workers of 1 for evacuation
[274.019s][info][gc,phases      ] GC(1916)   Pre Evacuate Collection Set: 0.4ms
[274.019s][info][gc,phases      ] GC(1916)   Evacuate Collection Set: 6.3ms
[274.019s][info][gc,phases      ] GC(1916)   Post Evacuate Collection Set: 3.4ms
[274.019s][info][gc,phases      ] GC(1916)   Other: 0.4ms
[274.019s][info][gc,heap        ] GC(1916) Eden regions: 75->0(140)
[274.019s][info][gc,heap        ] GC(1916) Survivor regions: 0->2(18)
[274.019s][info][gc,heap        ] GC(1916) Old regions: 67->67
[274.019s][info][gc,heap        ] GC(1916) Humongous regions: 41->6
[274.019s][info][gc,metaspace   ] GC(1916) Metaspace: 73945K->73945K(1116160K)
[274.019s][info][gc             ] GC(1916) Pause Young (Concurrent Start) (G1 Humongous Allocation) 179M->71M(244M) 10.543ms
[274.019s][info][gc,cpu         ] GC(1916) User=0.01s Sys=0.00s Real=0.02s
[274.019s][info][gc             ] GC(1917) Concurrent Cycle
[274.019s][info][gc,marking     ] GC(1917) Concurrent Clear Claimed Marks
[274.020s][info][gc,marking     ] GC(1917) Concurrent Clear Claimed Marks 0.345ms
[274.020s][info][gc,marking     ] GC(1917) Concurrent Scan Root Regions
[274.021s][info][gc,marking     ] GC(1917) Concurrent Scan Root Regions 0.959ms
[274.021s][info][gc,marking     ] GC(1917) Concurrent Mark (274.021s)
[274.021s][info][gc,marking     ] GC(1917) Concurrent Mark From Roots
[274.021s][info][gc,task        ] GC(1917) Using 1 workers of 1 for marking
[274.152s][info][gc,marking     ] GC(1917) Concurrent Mark From Roots 131.487ms
[274.152s][info][gc,marking     ] GC(1917) Concurrent Preclean
[274.152s][info][gc,marking     ] GC(1917) Concurrent Preclean 0.084ms
[274.152s][info][gc,marking     ] GC(1917) Concurrent Mark (274.021s, 274.152s) 131.642ms
[274.153s][info][gc,start       ] GC(1917) Pause Remark
[274.212s][info][gc,stringtable ] GC(1917) Cleaned string and symbol table, strings: 25426 processed, 0 removed, symbols: 145797 processed, 0 removed
[274.213s][info][gc             ] GC(1917) Pause Remark 117M->117M(244M) 59.784ms
[274.213s][info][gc,cpu         ] GC(1917) User=0.06s Sys=0.00s Real=0.06s
[274.218s][info][gc,marking     ] GC(1917) Concurrent Rebuild Remembered Sets
[274.312s][info][gc,marking     ] GC(1917) Concurrent Rebuild Remembered Sets 94.484ms
[274.313s][info][gc,start       ] GC(1917) Pause Cleanup
[274.313s][info][gc             ] GC(1917) Pause Cleanup 153M->153M(244M) 0.121ms
[274.313s][info][gc,cpu         ] GC(1917) User=0.00s Sys=0.00s Real=0.00s
[274.313s][info][gc,marking     ] GC(1917) Concurrent Cleanup for Next Mark
[274.322s][info][gc,marking     ] GC(1917) Concurrent Cleanup for Next Mark 9.077ms
[274.322s][info][gc             ] GC(1917) Concurrent Cycle 302.698ms
[274.373s][info][gc,start       ] GC(1918) Pause Young (Prepare Mixed) (G1 Evacuation Pause)
[274.373s][info][gc,task        ] GC(1918) Using 1 workers of 1 for evacuation
[274.379s][info][gc,phases      ] GC(1918)   Pre Evacuate Collection Set: 0.0ms
[274.379s][info][gc,phases      ] GC(1918)   Evacuate Collection Set: 5.6ms
[274.379s][info][gc,phases      ] GC(1918)   Post Evacuate Collection Set: 0.4ms
[274.379s][info][gc,phases      ] GC(1918)   Other: 0.3ms
[274.379s][info][gc,heap        ] GC(1918) Eden regions: 140->0(9)
[274.379s][info][gc,heap        ] GC(1918) Survivor regions: 2->3(18)
[274.379s][info][gc,heap        ] GC(1918) Old regions: 66->66
[274.379s][info][gc,heap        ] GC(1918) Humongous regions: 26->6
[274.379s][info][gc,metaspace   ] GC(1918) Metaspace: 73945K->73945K(1116160K)
[274.379s][info][gc             ] GC(1918) Pause Young (Prepare Mixed) (G1 Evacuation Pause) 231M->71M(244M) 6.351ms
[274.379s][info][gc,cpu         ] GC(1918) User=0.00s Sys=0.00s Real=0.01s
[274.385s][info][gc,start       ] GC(1919) Pause Young (Mixed) (G1 Evacuation Pause)
[274.385s][info][gc,task        ] GC(1919) Using 1 workers of 1 for evacuation
[274.393s][info][gc,phases      ] GC(1919)   Pre Evacuate Collection Set: 0.1ms
[274.393s][info][gc,phases      ] GC(1919)   Evacuate Collection Set: 8.0ms
[274.393s][info][gc,phases      ] GC(1919)   Post Evacuate Collection Set: 0.4ms
[274.393s][info][gc,phases      ] GC(1919)   Other: 0.3ms
[274.393s][info][gc,heap        ] GC(1919) Eden regions: 9->0(145)
[274.393s][info][gc,heap        ] GC(1919) Survivor regions: 3->1(2)
[274.393s][info][gc,heap        ] GC(1919) Old regions: 66->54
[274.393s][info][gc,heap        ] GC(1919) Humongous regions: 6->6
[274.393s][info][gc,metaspace   ] GC(1919) Metaspace: 73945K->73945K(1116160K)
[274.393s][info][gc             ] GC(1919) Pause Young (Mixed) (G1 Evacuation Pause) 80M->58M(244M) 8.752ms
[274.393s][info][gc,cpu         ] GC(1919) User=0.01s Sys=0.00s Real=0.01s
[274.462s][info][gc,start       ] GC(1920) Pause Young (Normal) (G1 Evacuation Pause)
[274.462s][info][gc,task        ] GC(1920) Using 1 workers of 1 for evacuation
[274.467s][info][gc,phases      ] GC(1920)   Pre Evacuate Collection Set: 0.0ms
[274.467s][info][gc,phases      ] GC(1920)   Evacuate Collection Set: 3.9ms
[274.467s][info][gc,phases      ] GC(1920)   Post Evacuate Collection Set: 0.7ms
[274.467s][info][gc,phases      ] GC(1920)   Other: 0.3ms
[274.467s][info][gc,heap        ] GC(1920) Eden regions: 145->0(181)
[274.467s][info][gc,heap        ] GC(1920) Survivor regions: 1->1(19)
[274.467s][info][gc,heap        ] GC(1920) Old regions: 54->54
[274.467s][info][gc,heap        ] GC(1920) Humongous regions: 6->6
[274.467s][info][gc,metaspace   ] GC(1920) Metaspace: 73945K->73945K(1116160K)
[274.467s][info][gc             ] GC(1920) Pause Young (Normal) (G1 Evacuation Pause) 203M->58M(330M) 4.941ms
[274.467s][info][gc,cpu         ] GC(1920) User=0.00s Sys=0.01s Real=0.00s
[274.572s][info][gc,start       ] GC(1921) Pause Young (Normal) (G1 Evacuation Pause)
[274.573s][info][gc,task        ] GC(1921) Using 1 workers of 1 for evacuation
[274.576s][info][gc,phases      ] GC(1921)   Pre Evacuate Collection Set: 0.0ms
[274.576s][info][gc,phases      ] GC(1921)   Evacuate Collection Set: 2.8ms
[274.576s][info][gc,phases      ] GC(1921)   Post Evacuate Collection Set: 0.3ms
[274.576s][info][gc,phases      ] GC(1921)   Other: 1.0ms
[274.576s][info][gc,heap        ] GC(1921) Eden regions: 181->0(185)
[274.576s][info][gc,heap        ] GC(1921) Survivor regions: 1->1(23)
[274.576s][info][gc,heap        ] GC(1921) Old regions: 54->54
[274.576s][info][gc,heap        ] GC(1921) Humongous regions: 6->6
[274.576s][info][gc,metaspace   ] GC(1921) Metaspace: 73945K->73945K(1116160K)
[274.576s][info][gc             ] GC(1921) Pause Young (Normal) (G1 Evacuation Pause) 239M->58M(330M) 4.250ms
[274.576s][info][gc,cpu         ] GC(1921) User=0.00s Sys=0.00s Real=0.00s
[274.662s][info][gc,start       ] GC(1922) Pause Young (Normal) (G1 Evacuation Pause)
[274.662s][info][gc,task        ] GC(1922) Using 1 workers of 1 for evacuation
[274.666s][info][gc,phases      ] GC(1922)   Pre Evacuate Collection Set: 0.0ms
[274.666s][info][gc,phases      ] GC(1922)   Evacuate Collection Set: 2.8ms
[274.666s][info][gc,phases      ] GC(1922)   Post Evacuate Collection Set: 0.4ms
[274.666s][info][gc,phases      ] GC(1922)   Other: 0.3ms
[274.666s][info][gc,heap        ] GC(1922) Eden regions: 185->0(189)
[274.666s][info][gc,heap        ] GC(1922) Survivor regions: 1->1(24)
[274.666s][info][gc,heap        ] GC(1922) Old regions: 54->54
[274.666s][info][gc,heap        ] GC(1922) Humongous regions: 6->6
[274.666s][info][gc,metaspace   ] GC(1922) Metaspace: 73945K->73945K(1116160K)
[274.666s][info][gc             ] GC(1922) Pause Young (Normal) (G1 Evacuation Pause) 243M->58M(330M) 3.542ms
[274.666s][info][gc,cpu         ] GC(1922) User=0.00s Sys=0.00s Real=0.00s
[274.756s][info][gc,start       ] GC(1923) Pause Young (Normal) (G1 Evacuation Pause)
[274.756s][info][gc,task        ] GC(1923) Using 1 workers of 1 for evacuation
[274.760s][info][gc,phases      ] GC(1923)   Pre Evacuate Collection Set: 0.0ms
[274.760s][info][gc,phases      ] GC(1923)   Evacuate Collection Set: 2.9ms
[274.760s][info][gc,phases      ] GC(1923)   Post Evacuate Collection Set: 0.3ms
[274.760s][info][gc,phases      ] GC(1923)   Other: 0.3ms
[274.760s][info][gc,heap        ] GC(1923) Eden regions: 189->0(192)
[274.760s][info][gc,heap        ] GC(1923) Survivor regions: 1->1(24)
[274.760s][info][gc,heap        ] GC(1923) Old regions: 54->54
[274.760s][info][gc,heap        ] GC(1923) Humongous regions: 6->6
[274.760s][info][gc,metaspace   ] GC(1923) Metaspace: 73945K->73945K(1116160K)
[274.760s][info][gc             ] GC(1923) Pause Young (Normal) (G1 Evacuation Pause) 247M->58M(330M) 3.555ms
[274.760s][info][gc,cpu         ] GC(1923) User=0.00s Sys=0.00s Real=0.01s
[274.849s][info][gc,start       ] GC(1924) Pause Young (Normal) (G1 Evacuation Pause)
[274.850s][info][gc,task        ] GC(1924) Using 1 workers of 1 for evacuation
[274.853s][info][gc,phases      ] GC(1924)   Pre Evacuate Collection Set: 0.0ms
[274.853s][info][gc,phases      ] GC(1924)   Evacuate Collection Set: 2.9ms
[274.853s][info][gc,phases      ] GC(1924)   Post Evacuate Collection Set: 0.4ms
[274.853s][info][gc,phases      ] GC(1924)   Other: 0.3ms
[274.853s][info][gc,heap        ] GC(1924) Eden regions: 192->0(195)
[274.853s][info][gc,heap        ] GC(1924) Survivor regions: 1->1(25)
[274.853s][info][gc,heap        ] GC(1924) Old regions: 54->54
[274.853s][info][gc,heap        ] GC(1924) Humongous regions: 6->6
[274.853s][info][gc,metaspace   ] GC(1924) Metaspace: 73945K->73945K(1116160K)
[274.853s][info][gc             ] GC(1924) Pause Young (Normal) (G1 Evacuation Pause) 250M->58M(330M) 3.661ms
[274.853s][info][gc,cpu         ] GC(1924) User=0.00s Sys=0.00s Real=0.01s
[274.948s][info][gc,start       ] GC(1925) Pause Young (Normal) (G1 Evacuation Pause)
[274.948s][info][gc,task        ] GC(1925) Using 1 workers of 1 for evacuation
[274.952s][info][gc,phases      ] GC(1925)   Pre Evacuate Collection Set: 0.0ms
[274.952s][info][gc,phases      ] GC(1925)   Evacuate Collection Set: 3.0ms
[274.952s][info][gc,phases      ] GC(1925)   Post Evacuate Collection Set: 0.4ms
[274.952s][info][gc,phases      ] GC(1925)   Other: 0.3ms
[274.952s][info][gc,heap        ] GC(1925) Eden regions: 195->0(196)
[274.952s][info][gc,heap        ] GC(1925) Survivor regions: 1->2(25)
[274.952s][info][gc,heap        ] GC(1925) Old regions: 54->54
[274.952s][info][gc,heap        ] GC(1925) Humongous regions: 6->6
[274.952s][info][gc,metaspace   ] GC(1925) Metaspace: 73945K->73945K(1116160K)
[274.952s][info][gc             ] GC(1925) Pause Young (Normal) (G1 Evacuation Pause) 253M->59M(330M) 3.702ms
[274.952s][info][gc,cpu         ] GC(1925) User=0.00s Sys=0.00s Real=0.01s
[275.047s][info][gc,start       ] GC(1926) Pause Young (Normal) (G1 Evacuation Pause)
[275.047s][info][gc,task        ] GC(1926) Using 1 workers of 1 for evacuation
[275.051s][info][gc,phases      ] GC(1926)   Pre Evacuate Collection Set: 0.0ms
[275.051s][info][gc,phases      ] GC(1926)   Evacuate Collection Set: 3.1ms
[275.051s][info][gc,phases      ] GC(1926)   Post Evacuate Collection Set: 0.4ms
[275.051s][info][gc,phases      ] GC(1926)   Other: 0.4ms
[275.051s][info][gc,heap        ] GC(1926) Eden regions: 196->0(196)
[275.051s][info][gc,heap        ] GC(1926) Survivor regions: 2->2(25)
[275.051s][info][gc,heap        ] GC(1926) Old regions: 54->54
[275.051s][info][gc,heap        ] GC(1926) Humongous regions: 6->6
[275.051s][info][gc,metaspace   ] GC(1926) Metaspace: 73945K->73945K(1116160K)
[275.051s][info][gc             ] GC(1926) Pause Young (Normal) (G1 Evacuation Pause) 255M->59M(330M) 3.921ms
[275.051s][info][gc,cpu         ] GC(1926) User=0.00s Sys=0.00s Real=0.01s
[275.263s][info][gc,start       ] GC(1927) Pause Young (Normal) (G1 Evacuation Pause)
[275.263s][info][gc,task        ] GC(1927) Using 1 workers of 1 for evacuation
[275.267s][info][gc,phases      ] GC(1927)   Pre Evacuate Collection Set: 0.0ms
[275.268s][info][gc,phases      ] GC(1927)   Evacuate Collection Set: 3.4ms
[275.268s][info][gc,phases      ] GC(1927)   Post Evacuate Collection Set: 0.4ms
[275.268s][info][gc,phases      ] GC(1927)   Other: 0.4ms
[275.268s][info][gc,heap        ] GC(1927) Eden regions: 196->0(196)
[275.268s][info][gc,heap        ] GC(1927) Survivor regions: 2->2(25)
[275.268s][info][gc,heap        ] GC(1927) Old regions: 54->54
[275.268s][info][gc,heap        ] GC(1927) Humongous regions: 21->6
[275.268s][info][gc,metaspace   ] GC(1927) Metaspace: 73947K->73947K(1116160K)
[275.268s][info][gc             ] GC(1927) Pause Young (Normal) (G1 Evacuation Pause) 270M->59M(330M) 4.211ms
[275.268s][info][gc,cpu         ] GC(1927) User=0.01s Sys=0.00s Real=0.00s
[275.437s][info][gc,start       ] GC(1928) Pause Young (Normal) (G1 Evacuation Pause)
[275.437s][info][gc,task        ] GC(1928) Using 1 workers of 1 for evacuation
[275.442s][info][gc,phases      ] GC(1928)   Pre Evacuate Collection Set: 0.0ms
[275.442s][info][gc,phases      ] GC(1928)   Evacuate Collection Set: 4.3ms
[275.442s][info][gc,phases      ] GC(1928)   Post Evacuate Collection Set: 0.4ms
[275.442s][info][gc,phases      ] GC(1928)   Other: 0.3ms
[275.442s][info][gc,heap        ] GC(1928) Eden regions: 196->0(195)
[275.442s][info][gc,heap        ] GC(1928) Survivor regions: 2->3(25)
[275.442s][info][gc,heap        ] GC(1928) Old regions: 54->54
[275.442s][info][gc,heap        ] GC(1928) Humongous regions: 16->6
[275.442s][info][gc,metaspace   ] GC(1928) Metaspace: 73958K->73958K(1116160K)
[275.442s][info][gc             ] GC(1928) Pause Young (Normal) (G1 Evacuation Pause) 265M->60M(330M) 5.081ms
[275.442s][info][gc,cpu         ] GC(1928) User=0.01s Sys=0.00s Real=0.01s
[275.539s][info][gc,start       ] GC(1929) Pause Young (Normal) (G1 Evacuation Pause)
[275.539s][info][gc,task        ] GC(1929) Using 1 workers of 1 for evacuation
[275.543s][info][gc,phases      ] GC(1929)   Pre Evacuate Collection Set: 0.0ms
[275.543s][info][gc,phases      ] GC(1929)   Evacuate Collection Set: 4.0ms
[275.543s][info][gc,phases      ] GC(1929)   Post Evacuate Collection Set: 0.4ms
[275.543s][info][gc,phases      ] GC(1929)   Other: 0.3ms
[275.543s][info][gc,heap        ] GC(1929) Eden regions: 195->0(195)
[275.543s][info][gc,heap        ] GC(1929) Survivor regions: 3->3(25)
[275.543s][info][gc,heap        ] GC(1929) Old regions: 54->54
[275.543s][info][gc,heap        ] GC(1929) Humongous regions: 6->6
[275.543s][info][gc,metaspace   ] GC(1929) Metaspace: 73958K->73958K(1116160K)
[275.543s][info][gc             ] GC(1929) Pause Young (Normal) (G1 Evacuation Pause) 255M->60M(330M) 4.727ms
[275.543s][info][gc,cpu         ] GC(1929) User=0.01s Sys=0.00s Real=0.00s
[275.639s][info][gc,start       ] GC(1930) Pause Young (Normal) (G1 Evacuation Pause)
[275.639s][info][gc,task        ] GC(1930) Using 1 workers of 1 for evacuation
[275.644s][info][gc,phases      ] GC(1930)   Pre Evacuate Collection Set: 0.0ms
[275.644s][info][gc,phases      ] GC(1930)   Evacuate Collection Set: 4.3ms
[275.644s][info][gc,phases      ] GC(1930)   Post Evacuate Collection Set: 0.4ms
[275.644s][info][gc,phases      ] GC(1930)   Other: 0.3ms
[275.644s][info][gc,heap        ] GC(1930) Eden regions: 195->0(195)
[275.644s][info][gc,heap        ] GC(1930) Survivor regions: 3->3(25)
[275.644s][info][gc,heap        ] GC(1930) Old regions: 54->54
[275.644s][info][gc,heap        ] GC(1930) Humongous regions: 6->6
[275.644s][info][gc,metaspace   ] GC(1930) Metaspace: 73958K->73958K(1116160K)
[275.644s][info][gc             ] GC(1930) Pause Young (Normal) (G1 Evacuation Pause) 255M->60M(330M) 4.997ms
[275.644s][info][gc,cpu         ] GC(1930) User=0.01s Sys=0.00s Real=0.00s
[275.738s][info][gc,start       ] GC(1931) Pause Young (Normal) (G1 Evacuation Pause)
[275.738s][info][gc,task        ] GC(1931) Using 1 workers of 1 for evacuation
[275.747s][info][gc,phases      ] GC(1931)   Pre Evacuate Collection Set: 0.0ms
[275.747s][info][gc,phases      ] GC(1931)   Evacuate Collection Set: 8.2ms
[275.747s][info][gc,phases      ] GC(1931)   Post Evacuate Collection Set: 0.5ms
[275.747s][info][gc,phases      ] GC(1931)   Other: 0.4ms
[275.747s][info][gc,heap        ] GC(1931) Eden regions: 195->0(195)
[275.747s][info][gc,heap        ] GC(1931) Survivor regions: 3->3(25)
[275.747s][info][gc,heap        ] GC(1931) Old regions: 54->54
[275.747s][info][gc,heap        ] GC(1931) Humongous regions: 6->6
[275.747s][info][gc,metaspace   ] GC(1931) Metaspace: 73958K->73958K(1116160K)
[275.747s][info][gc             ] GC(1931) Pause Young (Normal) (G1 Evacuation Pause) 255M->60M(330M) 9.084ms
[275.748s][info][gc,cpu         ] GC(1931) User=0.01s Sys=0.00s Real=0.00s
[275.843s][info][gc,start       ] GC(1932) Pause Young (Normal) (G1 Evacuation Pause)
[275.843s][info][gc,task        ] GC(1932) Using 1 workers of 1 for evacuation
[275.847s][info][gc,phases      ] GC(1932)   Pre Evacuate Collection Set: 0.0ms
[275.847s][info][gc,phases      ] GC(1932)   Evacuate Collection Set: 3.9ms
[275.847s][info][gc,phases      ] GC(1932)   Post Evacuate Collection Set: 0.6ms
[275.848s][info][gc,phases      ] GC(1932)   Other: 0.3ms
[275.848s][info][gc,heap        ] GC(1932) Eden regions: 195->0(223)
[275.848s][info][gc,heap        ] GC(1932) Survivor regions: 3->3(25)
[275.848s][info][gc,heap        ] GC(1932) Old regions: 54->54
[275.848s][info][gc,heap        ] GC(1932) Humongous regions: 6->6
[275.848s][info][gc,metaspace   ] GC(1932) Metaspace: 73958K->73958K(1116160K)
[275.848s][info][gc             ] GC(1932) Pause Young (Normal) (G1 Evacuation Pause) 255M->60M(378M) 4.855ms
[275.848s][info][gc,cpu         ] GC(1932) User=0.01s Sys=0.00s Real=0.00s
[275.966s][info][gc,start       ] GC(1933) Pause Young (Normal) (G1 Evacuation Pause)
[275.966s][info][gc,task        ] GC(1933) Using 1 workers of 1 for evacuation
[275.971s][info][gc,phases      ] GC(1933)   Pre Evacuate Collection Set: 0.0ms
[275.971s][info][gc,phases      ] GC(1933)   Evacuate Collection Set: 4.2ms
[275.971s][info][gc,phases      ] GC(1933)   Post Evacuate Collection Set: 0.4ms
[275.971s][info][gc,phases      ] GC(1933)   Other: 0.4ms
[275.971s][info][gc,heap        ] GC(1933) Eden regions: 223->0(224)
[275.971s][info][gc,heap        ] GC(1933) Survivor regions: 3->2(29)
[275.971s][info][gc,heap        ] GC(1933) Old regions: 54->55
[275.971s][info][gc,heap        ] GC(1933) Humongous regions: 6->6
[275.971s][info][gc,metaspace   ] GC(1933) Metaspace: 73958K->73958K(1116160K)
[275.971s][info][gc             ] GC(1933) Pause Young (Normal) (G1 Evacuation Pause) 283M->60M(378M) 5.055ms
[275.971s][info][gc,cpu         ] GC(1933) User=0.00s Sys=0.00s Real=0.01s
[276.083s][info][gc,start       ] GC(1934) Pause Young (Normal) (G1 Evacuation Pause)
[276.083s][info][gc,task        ] GC(1934) Using 1 workers of 1 for evacuation
[276.087s][info][gc,phases      ] GC(1934)   Pre Evacuate Collection Set: 0.0ms
[276.087s][info][gc,phases      ] GC(1934)   Evacuate Collection Set: 3.7ms
[276.088s][info][gc,phases      ] GC(1934)   Post Evacuate Collection Set: 0.4ms
[276.088s][info][gc,phases      ] GC(1934)   Other: 0.3ms
[276.088s][info][gc,heap        ] GC(1934) Eden regions: 224->0(224)
[276.088s][info][gc,heap        ] GC(1934) Survivor regions: 2->2(29)
[276.088s][info][gc,heap        ] GC(1934) Old regions: 55->55
[276.088s][info][gc,heap        ] GC(1934) Humongous regions: 6->6
[276.088s][info][gc,metaspace   ] GC(1934) Metaspace: 73958K->73958K(1116160K)
[276.088s][info][gc             ] GC(1934) Pause Young (Normal) (G1 Evacuation Pause) 284M->60M(378M) 4.444ms
[276.088s][info][gc,cpu         ] GC(1934) User=0.00s Sys=0.00s Real=0.00s
[276.193s][info][gc,start       ] GC(1935) Pause Young (Normal) (G1 Evacuation Pause)
[276.193s][info][gc,task        ] GC(1935) Using 1 workers of 1 for evacuation
[276.197s][info][gc,phases      ] GC(1935)   Pre Evacuate Collection Set: 0.0ms
[276.197s][info][gc,phases      ] GC(1935)   Evacuate Collection Set: 3.6ms
[276.197s][info][gc,phases      ] GC(1935)   Post Evacuate Collection Set: 0.4ms
[276.197s][info][gc,phases      ] GC(1935)   Other: 0.3ms
[276.197s][info][gc,heap        ] GC(1935) Eden regions: 224->0(224)
[276.197s][info][gc,heap        ] GC(1935) Survivor regions: 2->2(29)
[276.197s][info][gc,heap        ] GC(1935) Old regions: 55->55
[276.197s][info][gc,heap        ] GC(1935) Humongous regions: 6->6
[276.197s][info][gc,metaspace   ] GC(1935) Metaspace: 73958K->73958K(1116160K)
[276.197s][info][gc             ] GC(1935) Pause Young (Normal) (G1 Evacuation Pause) 284M->60M(378M) 4.352ms
[276.198s][info][gc,cpu         ] GC(1935) User=0.00s Sys=0.00s Real=0.01s
[276.312s][info][gc,start       ] GC(1936) Pause Young (Normal) (G1 Evacuation Pause)
[276.312s][info][gc,task        ] GC(1936) Using 1 workers of 1 for evacuation
[276.316s][info][gc,phases      ] GC(1936)   Pre Evacuate Collection Set: 0.0ms
[276.316s][info][gc,phases      ] GC(1936)   Evacuate Collection Set: 3.6ms
[276.316s][info][gc,phases      ] GC(1936)   Post Evacuate Collection Set: 0.4ms
[276.316s][info][gc,phases      ] GC(1936)   Other: 0.4ms
[276.316s][info][gc,heap        ] GC(1936) Eden regions: 224->0(224)
[276.316s][info][gc,heap        ] GC(1936) Survivor regions: 2->2(29)
[276.316s][info][gc,heap        ] GC(1936) Old regions: 55->55
[276.316s][info][gc,heap        ] GC(1936) Humongous regions: 11->6
[276.316s][info][gc,metaspace   ] GC(1936) Metaspace: 73958K->73958K(1116160K)
[276.316s][info][gc             ] GC(1936) Pause Young (Normal) (G1 Evacuation Pause) 289M->59M(378M) 4.428ms
[276.316s][info][gc,cpu         ] GC(1936) User=0.01s Sys=0.00s Real=0.00s
[276.424s][info][gc,start       ] GC(1937) Pause Young (Normal) (G1 Evacuation Pause)
[276.424s][info][gc,task        ] GC(1937) Using 1 workers of 1 for evacuation
[276.428s][info][gc,phases      ] GC(1937)   Pre Evacuate Collection Set: 0.0ms
[276.428s][info][gc,phases      ] GC(1937)   Evacuate Collection Set: 3.5ms
[276.428s][info][gc,phases      ] GC(1937)   Post Evacuate Collection Set: 0.4ms
[276.428s][info][gc,phases      ] GC(1937)   Other: 0.3ms
[276.428s][info][gc,heap        ] GC(1937) Eden regions: 224->0(224)
[276.428s][info][gc,heap        ] GC(1937) Survivor regions: 2->2(29)
[276.428s][info][gc,heap        ] GC(1937) Old regions: 55->55
[276.428s][info][gc,heap        ] GC(1937) Humongous regions: 6->6
[276.428s][info][gc,metaspace   ] GC(1937) Metaspace: 73958K->73958K(1116160K)
[276.428s][info][gc             ] GC(1937) Pause Young (Normal) (G1 Evacuation Pause) 283M->59M(378M) 4.247ms
[276.428s][info][gc,cpu         ] GC(1937) User=0.00s Sys=0.00s Real=0.00s
[276.538s][info][gc,start       ] GC(1938) Pause Young (Normal) (G1 Evacuation Pause)
[276.538s][info][gc,task        ] GC(1938) Using 1 workers of 1 for evacuation
[276.542s][info][gc,phases      ] GC(1938)   Pre Evacuate Collection Set: 0.0ms
[276.542s][info][gc,phases      ] GC(1938)   Evacuate Collection Set: 3.4ms
[276.542s][info][gc,phases      ] GC(1938)   Post Evacuate Collection Set: 0.4ms
[276.542s][info][gc,phases      ] GC(1938)   Other: 0.3ms
[276.542s][info][gc,heap        ] GC(1938) Eden regions: 224->0(224)
[276.542s][info][gc,heap        ] GC(1938) Survivor regions: 2->2(29)
[276.542s][info][gc,heap        ] GC(1938) Old regions: 55->55
[276.542s][info][gc,heap        ] GC(1938) Humongous regions: 6->6
[276.542s][info][gc,metaspace   ] GC(1938) Metaspace: 73958K->73958K(1116160K)
[276.542s][info][gc             ] GC(1938) Pause Young (Normal) (G1 Evacuation Pause) 283M->59M(378M) 4.146ms
[276.542s][info][gc,cpu         ] GC(1938) User=0.00s Sys=0.00s Real=0.00s
[276.650s][info][gc,start       ] GC(1939) Pause Young (Normal) (G1 Evacuation Pause)
[276.650s][info][gc,task        ] GC(1939) Using 1 workers of 1 for evacuation
[276.654s][info][gc,phases      ] GC(1939)   Pre Evacuate Collection Set: 0.0ms
[276.654s][info][gc,phases      ] GC(1939)   Evacuate Collection Set: 3.5ms
[276.654s][info][gc,phases      ] GC(1939)   Post Evacuate Collection Set: 0.4ms
[276.654s][info][gc,phases      ] GC(1939)   Other: 0.3ms
[276.654s][info][gc,heap        ] GC(1939) Eden regions: 224->0(224)
[276.654s][info][gc,heap        ] GC(1939) Survivor regions: 2->2(29)
[276.654s][info][gc,heap        ] GC(1939) Old regions: 55->55
[276.654s][info][gc,heap        ] GC(1939) Humongous regions: 6->6
[276.654s][info][gc,metaspace   ] GC(1939) Metaspace: 73958K->73958K(1116160K)
[276.654s][info][gc             ] GC(1939) Pause Young (Normal) (G1 Evacuation Pause) 283M->59M(378M) 4.286ms
[276.654s][info][gc,cpu         ] GC(1939) User=0.01s Sys=0.00s Real=0.00s
[276.779s][info][gc,start       ] GC(1940) Pause Young (Normal) (G1 Evacuation Pause)
[276.779s][info][gc,task        ] GC(1940) Using 1 workers of 1 for evacuation
[276.783s][info][gc,phases      ] GC(1940)   Pre Evacuate Collection Set: 0.0ms
[276.784s][info][gc,phases      ] GC(1940)   Evacuate Collection Set: 3.5ms
[276.784s][info][gc,phases      ] GC(1940)   Post Evacuate Collection Set: 0.4ms
[276.784s][info][gc,phases      ] GC(1940)   Other: 0.4ms
[276.784s][info][gc,heap        ] GC(1940) Eden regions: 224->0(224)
[276.784s][info][gc,heap        ] GC(1940) Survivor regions: 2->2(29)
[276.784s][info][gc,heap        ] GC(1940) Old regions: 55->55
[276.784s][info][gc,heap        ] GC(1940) Humongous regions: 6->6
[276.784s][info][gc,metaspace   ] GC(1940) Metaspace: 73958K->73958K(1116160K)
[276.784s][info][gc             ] GC(1940) Pause Young (Normal) (G1 Evacuation Pause) 283M->59M(378M) 4.365ms
[276.784s][info][gc,cpu         ] GC(1940) User=0.00s Sys=0.00s Real=0.00s
[276.890s][info][gc,start       ] GC(1941) Pause Young (Normal) (G1 Evacuation Pause)
[276.890s][info][gc,task        ] GC(1941) Using 1 workers of 1 for evacuation
[276.895s][info][gc,phases      ] GC(1941)   Pre Evacuate Collection Set: 0.0ms
[276.895s][info][gc,phases      ] GC(1941)   Evacuate Collection Set: 3.5ms
[276.895s][info][gc,phases      ] GC(1941)   Post Evacuate Collection Set: 0.4ms
[276.895s][info][gc,phases      ] GC(1941)   Other: 0.3ms
[276.895s][info][gc,heap        ] GC(1941) Eden regions: 224->0(224)
[276.895s][info][gc,heap        ] GC(1941) Survivor regions: 2->2(29)
[276.895s][info][gc,heap        ] GC(1941) Old regions: 55->55
[276.895s][info][gc,heap        ] GC(1941) Humongous regions: 6->6
[276.895s][info][gc,metaspace   ] GC(1941) Metaspace: 73958K->73958K(1116160K)
[276.895s][info][gc             ] GC(1941) Pause Young (Normal) (G1 Evacuation Pause) 283M->60M(378M) 4.257ms
[276.895s][info][gc,cpu         ] GC(1941) User=0.00s Sys=0.00s Real=0.00s
[277.002s][info][gc,start       ] GC(1942) Pause Young (Normal) (G1 Evacuation Pause)
[277.002s][info][gc,task        ] GC(1942) Using 1 workers of 1 for evacuation
[277.007s][info][gc,phases      ] GC(1942)   Pre Evacuate Collection Set: 0.0ms
[277.007s][info][gc,phases      ] GC(1942)   Evacuate Collection Set: 3.4ms
[277.007s][info][gc,phases      ] GC(1942)   Post Evacuate Collection Set: 0.4ms
[277.007s][info][gc,phases      ] GC(1942)   Other: 0.3ms
[277.007s][info][gc,heap        ] GC(1942) Eden regions: 224->0(225)
[277.007s][info][gc,heap        ] GC(1942) Survivor regions: 2->1(29)
[277.007s][info][gc,heap        ] GC(1942) Old regions: 55->56
[277.007s][info][gc,heap        ] GC(1942) Humongous regions: 6->6
[277.007s][info][gc,metaspace   ] GC(1942) Metaspace: 73958K->73958K(1116160K)
[277.007s][info][gc             ] GC(1942) Pause Young (Normal) (G1 Evacuation Pause) 284M->60M(378M) 4.250ms
[277.007s][info][gc,cpu         ] GC(1942) User=0.00s Sys=0.00s Real=0.00s
[277.128s][info][gc,start       ] GC(1943) Pause Young (Normal) (G1 Evacuation Pause)
[277.128s][info][gc,task        ] GC(1943) Using 1 workers of 1 for evacuation
[277.132s][info][gc,phases      ] GC(1943)   Pre Evacuate Collection Set: 0.0ms
[277.132s][info][gc,phases      ] GC(1943)   Evacuate Collection Set: 3.3ms
[277.132s][info][gc,phases      ] GC(1943)   Post Evacuate Collection Set: 0.4ms
[277.132s][info][gc,phases      ] GC(1943)   Other: 0.3ms
[277.132s][info][gc,heap        ] GC(1943) Eden regions: 225->0(225)
[277.132s][info][gc,heap        ] GC(1943) Survivor regions: 1->1(29)
[277.132s][info][gc,heap        ] GC(1943) Old regions: 56->56
[277.132s][info][gc,heap        ] GC(1943) Humongous regions: 11->6
[277.132s][info][gc,metaspace   ] GC(1943) Metaspace: 73958K->73958K(1116160K)
[277.132s][info][gc             ] GC(1943) Pause Young (Normal) (G1 Evacuation Pause) 290M->60M(378M) 4.039ms
[277.132s][info][gc,cpu         ] GC(1943) User=0.01s Sys=0.00s Real=0.01s
[277.239s][info][gc,start       ] GC(1944) Pause Young (Normal) (G1 Evacuation Pause)
[277.239s][info][gc,task        ] GC(1944) Using 1 workers of 1 for evacuation
[277.242s][info][gc,phases      ] GC(1944)   Pre Evacuate Collection Set: 0.0ms
[277.243s][info][gc,phases      ] GC(1944)   Evacuate Collection Set: 2.8ms
[277.243s][info][gc,phases      ] GC(1944)   Post Evacuate Collection Set: 0.3ms
[277.243s][info][gc,phases      ] GC(1944)   Other: 0.3ms
[277.243s][info][gc,heap        ] GC(1944) Eden regions: 225->0(225)
[277.243s][info][gc,heap        ] GC(1944) Survivor regions: 1->1(29)
[277.243s][info][gc,heap        ] GC(1944) Old regions: 56->56
[277.243s][info][gc,heap        ] GC(1944) Humongous regions: 6->6
[277.243s][info][gc,metaspace   ] GC(1944) Metaspace: 73958K->73958K(1116160K)
[277.243s][info][gc             ] GC(1944) Pause Young (Normal) (G1 Evacuation Pause) 285M->60M(378M) 3.484ms
[277.243s][info][gc,cpu         ] GC(1944) User=0.01s Sys=0.00s Real=0.00s
[277.350s][info][gc,start       ] GC(1945) Pause Young (Normal) (G1 Evacuation Pause)
[277.350s][info][gc,task        ] GC(1945) Using 1 workers of 1 for evacuation
[277.353s][info][gc,phases      ] GC(1945)   Pre Evacuate Collection Set: 0.0ms
[277.353s][info][gc,phases      ] GC(1945)   Evacuate Collection Set: 2.6ms
[277.353s][info][gc,phases      ] GC(1945)   Post Evacuate Collection Set: 0.4ms
[277.353s][info][gc,phases      ] GC(1945)   Other: 0.3ms
[277.353s][info][gc,heap        ] GC(1945) Eden regions: 225->0(225)
[277.353s][info][gc,heap        ] GC(1945) Survivor regions: 1->1(29)
[277.353s][info][gc,heap        ] GC(1945) Old regions: 56->56
[277.353s][info][gc,heap        ] GC(1945) Humongous regions: 6->6
[277.353s][info][gc,metaspace   ] GC(1945) Metaspace: 73958K->73958K(1116160K)
[277.353s][info][gc             ] GC(1945) Pause Young (Normal) (G1 Evacuation Pause) 285M->60M(378M) 3.355ms
[277.354s][info][gc,cpu         ] GC(1945) User=0.00s Sys=0.00s Real=0.01s
[277.459s][info][gc,start       ] GC(1946) Pause Young (Normal) (G1 Evacuation Pause)
[277.459s][info][gc,task        ] GC(1946) Using 1 workers of 1 for evacuation
[277.463s][info][gc,phases      ] GC(1946)   Pre Evacuate Collection Set: 0.0ms
[277.463s][info][gc,phases      ] GC(1946)   Evacuate Collection Set: 2.7ms
[277.463s][info][gc,phases      ] GC(1946)   Post Evacuate Collection Set: 0.3ms
[277.463s][info][gc,phases      ] GC(1946)   Other: 0.3ms
[277.463s][info][gc,heap        ] GC(1946) Eden regions: 225->0(225)
[277.463s][info][gc,heap        ] GC(1946) Survivor regions: 1->1(29)
[277.463s][info][gc,heap        ] GC(1946) Old regions: 56->56
[277.463s][info][gc,heap        ] GC(1946) Humongous regions: 6->6
[277.463s][info][gc,metaspace   ] GC(1946) Metaspace: 73958K->73958K(1116160K)
[277.463s][info][gc             ] GC(1946) Pause Young (Normal) (G1 Evacuation Pause) 285M->60M(378M) 3.357ms
[277.463s][info][gc,cpu         ] GC(1946) User=0.00s Sys=0.00s Real=0.00s
[277.569s][info][gc,start       ] GC(1947) Pause Young (Normal) (G1 Evacuation Pause)
[277.570s][info][gc,task        ] GC(1947) Using 1 workers of 1 for evacuation
[277.573s][info][gc,phases      ] GC(1947)   Pre Evacuate Collection Set: 0.0ms
[277.573s][info][gc,phases      ] GC(1947)   Evacuate Collection Set: 2.8ms
[277.573s][info][gc,phases      ] GC(1947)   Post Evacuate Collection Set: 0.4ms
[277.573s][info][gc,phases      ] GC(1947)   Other: 0.4ms
[277.573s][info][gc,heap        ] GC(1947) Eden regions: 225->0(225)
[277.573s][info][gc,heap        ] GC(1947) Survivor regions: 1->1(29)
[277.573s][info][gc,heap        ] GC(1947) Old regions: 56->56
[277.573s][info][gc,heap        ] GC(1947) Humongous regions: 6->6
[277.573s][info][gc,metaspace   ] GC(1947) Metaspace: 73958K->73958K(1116160K)
[277.573s][info][gc             ] GC(1947) Pause Young (Normal) (G1 Evacuation Pause) 285M->60M(378M) 3.605ms
[277.573s][info][gc,cpu         ] GC(1947) User=0.00s Sys=0.00s Real=0.01s
[277.678s][info][gc,start       ] GC(1948) Pause Young (Normal) (G1 Evacuation Pause)
[277.678s][info][gc,task        ] GC(1948) Using 1 workers of 1 for evacuation
[277.682s][info][gc,phases      ] GC(1948)   Pre Evacuate Collection Set: 0.0ms
[277.682s][info][gc,phases      ] GC(1948)   Evacuate Collection Set: 2.6ms
[277.682s][info][gc,phases      ] GC(1948)   Post Evacuate Collection Set: 0.4ms
[277.682s][info][gc,phases      ] GC(1948)   Other: 0.3ms
[277.682s][info][gc,heap        ] GC(1948) Eden regions: 225->0(225)
[277.682s][info][gc,heap        ] GC(1948) Survivor regions: 1->1(29)
[277.682s][info][gc,heap        ] GC(1948) Old regions: 56->56
[277.682s][info][gc,heap        ] GC(1948) Humongous regions: 6->6
[277.682s][info][gc,metaspace   ] GC(1948) Metaspace: 73958K->73958K(1116160K)
[277.682s][info][gc             ] GC(1948) Pause Young (Normal) (G1 Evacuation Pause) 285M->60M(378M) 3.366ms
[277.682s][info][gc,cpu         ] GC(1948) User=0.00s Sys=0.00s Real=0.00s
[277.794s][info][gc,start       ] GC(1949) Pause Young (Normal) (G1 Evacuation Pause)
[277.795s][info][gc,task        ] GC(1949) Using 1 workers of 1 for evacuation
[277.798s][info][gc,phases      ] GC(1949)   Pre Evacuate Collection Set: 0.0ms
[277.798s][info][gc,phases      ] GC(1949)   Evacuate Collection Set: 2.7ms
[277.798s][info][gc,phases      ] GC(1949)   Post Evacuate Collection Set: 0.4ms
[277.798s][info][gc,phases      ] GC(1949)   Other: 0.3ms
[277.798s][info][gc,heap        ] GC(1949) Eden regions: 225->0(225)
[277.798s][info][gc,heap        ] GC(1949) Survivor regions: 1->1(29)
[277.798s][info][gc,heap        ] GC(1949) Old regions: 56->56
[277.798s][info][gc,heap        ] GC(1949) Humongous regions: 6->6
[277.798s][info][gc,metaspace   ] GC(1949) Metaspace: 73958K->73958K(1116160K)
[277.798s][info][gc             ] GC(1949) Pause Young (Normal) (G1 Evacuation Pause) 285M->60M(378M) 3.474ms
[277.798s][info][gc,cpu         ] GC(1949) User=0.01s Sys=0.00s Real=0.01s
[277.905s][info][gc,start       ] GC(1950) Pause Young (Normal) (G1 Evacuation Pause)
[277.905s][info][gc,task        ] GC(1950) Using 1 workers of 1 for evacuation
[277.909s][info][gc,phases      ] GC(1950)   Pre Evacuate Collection Set: 0.0ms
[277.909s][info][gc,phases      ] GC(1950)   Evacuate Collection Set: 2.7ms
[277.909s][info][gc,phases      ] GC(1950)   Post Evacuate Collection Set: 0.4ms
[277.909s][info][gc,phases      ] GC(1950)   Other: 0.4ms
[277.909s][info][gc,heap        ] GC(1950) Eden regions: 225->0(225)
[277.909s][info][gc,heap        ] GC(1950) Survivor regions: 1->1(29)
[277.909s][info][gc,heap        ] GC(1950) Old regions: 56->56
[277.909s][info][gc,heap        ] GC(1950) Humongous regions: 6->6
[277.909s][info][gc,metaspace   ] GC(1950) Metaspace: 73958K->73958K(1116160K)
[277.909s][info][gc             ] GC(1950) Pause Young (Normal) (G1 Evacuation Pause) 285M->60M(378M) 3.507ms
[277.909s][info][gc,cpu         ] GC(1950) User=0.00s Sys=0.00s Real=0.00s
[278.029s][info][gc,start       ] GC(1951) Pause Young (Normal) (G1 Evacuation Pause)
[278.029s][info][gc,task        ] GC(1951) Using 1 workers of 1 for evacuation
[278.032s][info][gc,phases      ] GC(1951)   Pre Evacuate Collection Set: 0.0ms
[278.032s][info][gc,phases      ] GC(1951)   Evacuate Collection Set: 2.8ms
[278.033s][info][gc,phases      ] GC(1951)   Post Evacuate Collection Set: 0.4ms
[278.033s][info][gc,phases      ] GC(1951)   Other: 0.3ms
[278.033s][info][gc,heap        ] GC(1951) Eden regions: 225->0(225)
[278.033s][info][gc,heap        ] GC(1951) Survivor regions: 1->1(29)
[278.033s][info][gc,heap        ] GC(1951) Old regions: 56->56
[278.033s][info][gc,heap        ] GC(1951) Humongous regions: 11->6
[278.033s][info][gc,metaspace   ] GC(1951) Metaspace: 73958K->73958K(1116160K)
[278.033s][info][gc             ] GC(1951) Pause Young (Normal) (G1 Evacuation Pause) 290M->60M(378M) 3.586ms
[278.033s][info][gc,cpu         ] GC(1951) User=0.00s Sys=0.00s Real=0.01s
[278.143s][info][gc,start       ] GC(1952) Pause Young (Normal) (G1 Evacuation Pause)
[278.143s][info][gc,task        ] GC(1952) Using 1 workers of 1 for evacuation
[278.146s][info][gc,phases      ] GC(1952)   Pre Evacuate Collection Set: 0.0ms
[278.146s][info][gc,phases      ] GC(1952)   Evacuate Collection Set: 2.6ms
[278.146s][info][gc,phases      ] GC(1952)   Post Evacuate Collection Set: 0.4ms
[278.146s][info][gc,phases      ] GC(1952)   Other: 0.3ms
[278.146s][info][gc,heap        ] GC(1952) Eden regions: 225->0(225)
[278.146s][info][gc,heap        ] GC(1952) Survivor regions: 1->1(29)
[278.146s][info][gc,heap        ] GC(1952) Old regions: 56->56
[278.146s][info][gc,heap        ] GC(1952) Humongous regions: 6->6
[278.146s][info][gc,metaspace   ] GC(1952) Metaspace: 73958K->73958K(1116160K)
[278.146s][info][gc             ] GC(1952) Pause Young (Normal) (G1 Evacuation Pause) 285M->59M(378M) 3.372ms
[278.146s][info][gc,cpu         ] GC(1952) User=0.01s Sys=0.00s Real=0.00s
[278.255s][info][gc,start       ] GC(1953) Pause Young (Normal) (G1 Evacuation Pause)
[278.255s][info][gc,task        ] GC(1953) Using 1 workers of 1 for evacuation
[278.258s][info][gc,phases      ] GC(1953)   Pre Evacuate Collection Set: 0.0ms
[278.258s][info][gc,phases      ] GC(1953)   Evacuate Collection Set: 2.5ms
[278.258s][info][gc,phases      ] GC(1953)   Post Evacuate Collection Set: 0.4ms
[278.258s][info][gc,phases      ] GC(1953)   Other: 0.3ms
[278.258s][info][gc,heap        ] GC(1953) Eden regions: 225->0(225)
[278.258s][info][gc,heap        ] GC(1953) Survivor regions: 1->1(29)
[278.258s][info][gc,heap        ] GC(1953) Old regions: 56->56
[278.258s][info][gc,heap        ] GC(1953) Humongous regions: 6->6
[278.258s][info][gc,metaspace   ] GC(1953) Metaspace: 73958K->73958K(1116160K)
[278.258s][info][gc             ] GC(1953) Pause Young (Normal) (G1 Evacuation Pause) 284M->60M(378M) 3.253ms
[278.258s][info][gc,cpu         ] GC(1953) User=0.00s Sys=0.00s Real=0.01s
[278.367s][info][gc,start       ] GC(1954) Pause Young (Normal) (G1 Evacuation Pause)
[278.367s][info][gc,task        ] GC(1954) Using 1 workers of 1 for evacuation
[278.370s][info][gc,phases      ] GC(1954)   Pre Evacuate Collection Set: 0.0ms
[278.370s][info][gc,phases      ] GC(1954)   Evacuate Collection Set: 2.7ms
[278.370s][info][gc,phases      ] GC(1954)   Post Evacuate Collection Set: 0.4ms
[278.370s][info][gc,phases      ] GC(1954)   Other: 0.4ms
[278.370s][info][gc,heap        ] GC(1954) Eden regions: 225->0(225)
[278.370s][info][gc,heap        ] GC(1954) Survivor regions: 1->1(29)
[278.370s][info][gc,heap        ] GC(1954) Old regions: 56->56
[278.370s][info][gc,heap        ] GC(1954) Humongous regions: 6->6
[278.370s][info][gc,metaspace   ] GC(1954) Metaspace: 73958K->73958K(1116160K)
[278.370s][info][gc             ] GC(1954) Pause Young (Normal) (G1 Evacuation Pause) 285M->60M(378M) 3.487ms
[278.370s][info][gc,cpu         ] GC(1954) User=0.00s Sys=0.00s Real=0.01s
[278.478s][info][gc,start       ] GC(1955) Pause Young (Normal) (G1 Evacuation Pause)
[278.478s][info][gc,task        ] GC(1955) Using 1 workers of 1 for evacuation
[278.481s][info][gc,phases      ] GC(1955)   Pre Evacuate Collection Set: 0.0ms
[278.482s][info][gc,phases      ] GC(1955)   Evacuate Collection Set: 2.6ms
[278.482s][info][gc,phases      ] GC(1955)   Post Evacuate Collection Set: 0.4ms
[278.482s][info][gc,phases      ] GC(1955)   Other: 0.3ms
[278.482s][info][gc,heap        ] GC(1955) Eden regions: 225->0(225)
[278.482s][info][gc,heap        ] GC(1955) Survivor regions: 1->1(29)
[278.482s][info][gc,heap        ] GC(1955) Old regions: 56->56
[278.482s][info][gc,heap        ] GC(1955) Humongous regions: 6->6
[278.482s][info][gc,metaspace   ] GC(1955) Metaspace: 73958K->73958K(1116160K)
[278.482s][info][gc             ] GC(1955) Pause Young (Normal) (G1 Evacuation Pause) 285M->60M(378M) 3.292ms
[278.482s][info][gc,cpu         ] GC(1955) User=0.00s Sys=0.00s Real=0.00s
[278.591s][info][gc,start       ] GC(1956) Pause Young (Normal) (G1 Evacuation Pause)
[278.591s][info][gc,task        ] GC(1956) Using 1 workers of 1 for evacuation
[278.594s][info][gc,phases      ] GC(1956)   Pre Evacuate Collection Set: 0.0ms
[278.594s][info][gc,phases      ] GC(1956)   Evacuate Collection Set: 2.7ms
[278.594s][info][gc,phases      ] GC(1956)   Post Evacuate Collection Set: 0.5ms
[278.594s][info][gc,phases      ] GC(1956)   Other: 0.3ms
[278.594s][info][gc,heap        ] GC(1956) Eden regions: 225->0(225)
[278.594s][info][gc,heap        ] GC(1956) Survivor regions: 1->1(29)
[278.594s][info][gc,heap        ] GC(1956) Old regions: 56->56
[278.594s][info][gc,heap        ] GC(1956) Humongous regions: 6->6
[278.594s][info][gc,metaspace   ] GC(1956) Metaspace: 73958K->73958K(1116160K)
[278.594s][info][gc             ] GC(1956) Pause Young (Normal) (G1 Evacuation Pause) 285M->60M(378M) 3.555ms
[278.594s][info][gc,cpu         ] GC(1956) User=0.00s Sys=0.00s Real=0.00s
[278.724s][info][gc,start       ] GC(1957) Pause Young (Normal) (G1 Evacuation Pause)
[278.724s][info][gc,task        ] GC(1957) Using 1 workers of 1 for evacuation
[278.728s][info][gc,phases      ] GC(1957)   Pre Evacuate Collection Set: 0.0ms
[278.728s][info][gc,phases      ] GC(1957)   Evacuate Collection Set: 3.0ms
[278.728s][info][gc,phases      ] GC(1957)   Post Evacuate Collection Set: 0.4ms
[278.728s][info][gc,phases      ] GC(1957)   Other: 0.3ms
[278.728s][info][gc,heap        ] GC(1957) Eden regions: 225->0(225)
[278.728s][info][gc,heap        ] GC(1957) Survivor regions: 1->1(29)
[278.728s][info][gc,heap        ] GC(1957) Old regions: 56->56
[278.728s][info][gc,heap        ] GC(1957) Humongous regions: 11->6
[278.728s][info][gc,metaspace   ] GC(1957) Metaspace: 73958K->73958K(1116160K)
[278.728s][info][gc             ] GC(1957) Pause Young (Normal) (G1 Evacuation Pause) 290M->60M(378M) 3.764ms
[278.728s][info][gc,cpu         ] GC(1957) User=0.01s Sys=0.00s Real=0.00s
[278.841s][info][gc,start       ] GC(1958) Pause Young (Normal) (G1 Evacuation Pause)
[278.841s][info][gc,task        ] GC(1958) Using 1 workers of 1 for evacuation
[278.845s][info][gc,phases      ] GC(1958)   Pre Evacuate Collection Set: 0.0ms
[278.845s][info][gc,phases      ] GC(1958)   Evacuate Collection Set: 2.9ms
[278.845s][info][gc,phases      ] GC(1958)   Post Evacuate Collection Set: 0.4ms
[278.845s][info][gc,phases      ] GC(1958)   Other: 0.3ms
[278.845s][info][gc,heap        ] GC(1958) Eden regions: 225->0(225)
[278.845s][info][gc,heap        ] GC(1958) Survivor regions: 1->1(29)
[278.845s][info][gc,heap        ] GC(1958) Old regions: 56->56
[278.845s][info][gc,heap        ] GC(1958) Humongous regions: 6->6
[278.845s][info][gc,metaspace   ] GC(1958) Metaspace: 73958K->73958K(1116160K)
[278.845s][info][gc             ] GC(1958) Pause Young (Normal) (G1 Evacuation Pause) 285M->60M(378M) 3.687ms
[278.845s][info][gc,cpu         ] GC(1958) User=0.00s Sys=0.00s Real=0.00s
[278.951s][info][gc,start       ] GC(1959) Pause Young (Normal) (G1 Evacuation Pause)
[278.952s][info][gc,task        ] GC(1959) Using 1 workers of 1 for evacuation
[278.955s][info][gc,phases      ] GC(1959)   Pre Evacuate Collection Set: 0.0ms
[278.955s][info][gc,phases      ] GC(1959)   Evacuate Collection Set: 2.8ms
[278.955s][info][gc,phases      ] GC(1959)   Post Evacuate Collection Set: 0.4ms
[278.955s][info][gc,phases      ] GC(1959)   Other: 0.3ms
[278.955s][info][gc,heap        ] GC(1959) Eden regions: 225->0(225)
[278.955s][info][gc,heap        ] GC(1959) Survivor regions: 1->1(29)
[278.955s][info][gc,heap        ] GC(1959) Old regions: 56->56
[278.955s][info][gc,heap        ] GC(1959) Humongous regions: 6->6
[278.955s][info][gc,metaspace   ] GC(1959) Metaspace: 73958K->73958K(1116160K)
[278.955s][info][gc             ] GC(1959) Pause Young (Normal) (G1 Evacuation Pause) 285M->60M(378M) 3.492ms
[278.955s][info][gc,cpu         ] GC(1959) User=0.00s Sys=0.00s Real=0.00s
[279.060s][info][gc,start       ] GC(1960) Pause Young (Normal) (G1 Evacuation Pause)
[279.060s][info][gc,task        ] GC(1960) Using 1 workers of 1 for evacuation
[279.064s][info][gc,phases      ] GC(1960)   Pre Evacuate Collection Set: 0.0ms
[279.064s][info][gc,phases      ] GC(1960)   Evacuate Collection Set: 2.7ms
[279.064s][info][gc,phases      ] GC(1960)   Post Evacuate Collection Set: 0.4ms
[279.064s][info][gc,phases      ] GC(1960)   Other: 0.3ms
[279.064s][info][gc,heap        ] GC(1960) Eden regions: 225->0(225)
[279.064s][info][gc,heap        ] GC(1960) Survivor regions: 1->1(29)
[279.064s][info][gc,heap        ] GC(1960) Old regions: 56->56
[279.064s][info][gc,heap        ] GC(1960) Humongous regions: 6->6
[279.064s][info][gc,metaspace   ] GC(1960) Metaspace: 73958K->73958K(1116160K)
[279.064s][info][gc             ] GC(1960) Pause Young (Normal) (G1 Evacuation Pause) 285M->60M(378M) 3.396ms
[279.064s][info][gc,cpu         ] GC(1960) User=0.00s Sys=0.00s Real=0.00s
[279.174s][info][gc,start       ] GC(1961) Pause Young (Normal) (G1 Evacuation Pause)
[279.174s][info][gc,task        ] GC(1961) Using 1 workers of 1 for evacuation
[279.178s][info][gc,phases      ] GC(1961)   Pre Evacuate Collection Set: 0.0ms
[279.178s][info][gc,phases      ] GC(1961)   Evacuate Collection Set: 3.0ms
[279.178s][info][gc,phases      ] GC(1961)   Post Evacuate Collection Set: 0.4ms
[279.178s][info][gc,phases      ] GC(1961)   Other: 0.4ms
[279.178s][info][gc,heap        ] GC(1961) Eden regions: 225->0(225)
[279.178s][info][gc,heap        ] GC(1961) Survivor regions: 1->1(29)
[279.178s][info][gc,heap        ] GC(1961) Old regions: 56->56
[279.178s][info][gc,heap        ] GC(1961) Humongous regions: 6->6
[279.178s][info][gc,metaspace   ] GC(1961) Metaspace: 73958K->73958K(1116160K)
[279.178s][info][gc             ] GC(1961) Pause Young (Normal) (G1 Evacuation Pause) 285M->60M(378M) 3.832ms
[279.178s][info][gc,cpu         ] GC(1961) User=0.00s Sys=0.00s Real=0.01s
[279.285s][info][gc,start       ] GC(1962) Pause Young (Normal) (G1 Evacuation Pause)
[279.285s][info][gc,task        ] GC(1962) Using 1 workers of 1 for evacuation
[279.288s][info][gc,phases      ] GC(1962)   Pre Evacuate Collection Set: 0.0ms
[279.288s][info][gc,phases      ] GC(1962)   Evacuate Collection Set: 2.8ms
[279.288s][info][gc,phases      ] GC(1962)   Post Evacuate Collection Set: 0.4ms
[279.288s][info][gc,phases      ] GC(1962)   Other: 0.3ms
[279.288s][info][gc,heap        ] GC(1962) Eden regions: 225->0(225)
[279.288s][info][gc,heap        ] GC(1962) Survivor regions: 1->1(29)
[279.288s][info][gc,heap        ] GC(1962) Old regions: 56->56
[279.288s][info][gc,heap        ] GC(1962) Humongous regions: 6->6
[279.288s][info][gc,metaspace   ] GC(1962) Metaspace: 73958K->73958K(1116160K)
[279.288s][info][gc             ] GC(1962) Pause Young (Normal) (G1 Evacuation Pause) 285M->60M(378M) 3.512ms
[279.288s][info][gc,cpu         ] GC(1962) User=0.00s Sys=0.00s Real=0.00s
[279.396s][info][gc,start       ] GC(1963) Pause Young (Normal) (G1 Evacuation Pause)
[279.397s][info][gc,task        ] GC(1963) Using 1 workers of 1 for evacuation
[279.400s][info][gc,phases      ] GC(1963)   Pre Evacuate Collection Set: 0.0ms
[279.400s][info][gc,phases      ] GC(1963)   Evacuate Collection Set: 2.8ms
[279.400s][info][gc,phases      ] GC(1963)   Post Evacuate Collection Set: 0.3ms
[279.400s][info][gc,phases      ] GC(1963)   Other: 0.3ms
[279.400s][info][gc,heap        ] GC(1963) Eden regions: 225->0(225)
[279.400s][info][gc,heap        ] GC(1963) Survivor regions: 1->1(29)
[279.400s][info][gc,heap        ] GC(1963) Old regions: 56->56
[279.400s][info][gc,heap        ] GC(1963) Humongous regions: 6->6
[279.400s][info][gc,metaspace   ] GC(1963) Metaspace: 73958K->73958K(1116160K)
[279.400s][info][gc             ] GC(1963) Pause Young (Normal) (G1 Evacuation Pause) 285M->60M(378M) 3.527ms
[279.400s][info][gc,cpu         ] GC(1963) User=0.00s Sys=0.00s Real=0.01s
[279.507s][info][gc,start       ] GC(1964) Pause Young (Normal) (G1 Evacuation Pause)
[279.507s][info][gc,task        ] GC(1964) Using 1 workers of 1 for evacuation
[279.510s][info][gc,phases      ] GC(1964)   Pre Evacuate Collection Set: 0.0ms
[279.510s][info][gc,phases      ] GC(1964)   Evacuate Collection Set: 2.6ms
[279.510s][info][gc,phases      ] GC(1964)   Post Evacuate Collection Set: 0.3ms
[279.510s][info][gc,phases      ] GC(1964)   Other: 0.3ms
[279.510s][info][gc,heap        ] GC(1964) Eden regions: 225->0(225)
[279.510s][info][gc,heap        ] GC(1964) Survivor regions: 1->1(29)
[279.510s][info][gc,heap        ] GC(1964) Old regions: 56->56
[279.510s][info][gc,heap        ] GC(1964) Humongous regions: 6->6
[279.510s][info][gc,metaspace   ] GC(1964) Metaspace: 73958K->73958K(1116160K)
[279.510s][info][gc             ] GC(1964) Pause Young (Normal) (G1 Evacuation Pause) 285M->60M(378M) 3.347ms
[279.511s][info][gc,cpu         ] GC(1964) User=0.00s Sys=0.00s Real=0.01s
[279.627s][info][gc,start       ] GC(1965) Pause Young (Normal) (G1 Evacuation Pause)
[279.627s][info][gc,task        ] GC(1965) Using 1 workers of 1 for evacuation
[279.630s][info][gc,phases      ] GC(1965)   Pre Evacuate Collection Set: 0.0ms
[279.630s][info][gc,phases      ] GC(1965)   Evacuate Collection Set: 2.7ms
[279.630s][info][gc,phases      ] GC(1965)   Post Evacuate Collection Set: 0.3ms
[279.630s][info][gc,phases      ] GC(1965)   Other: 0.3ms
[279.630s][info][gc,heap        ] GC(1965) Eden regions: 225->0(225)
[279.630s][info][gc,heap        ] GC(1965) Survivor regions: 1->1(29)
[279.630s][info][gc,heap        ] GC(1965) Old regions: 56->56
[279.630s][info][gc,heap        ] GC(1965) Humongous regions: 11->6
[279.630s][info][gc,metaspace   ] GC(1965) Metaspace: 73958K->73958K(1116160K)
[279.630s][info][gc             ] GC(1965) Pause Young (Normal) (G1 Evacuation Pause) 290M->60M(378M) 3.418ms
[279.630s][info][gc,cpu         ] GC(1965) User=0.00s Sys=0.00s Real=0.01s
[279.742s][info][gc,start       ] GC(1966) Pause Young (Normal) (G1 Evacuation Pause)
[279.742s][info][gc,task        ] GC(1966) Using 1 workers of 1 for evacuation
[279.745s][info][gc,phases      ] GC(1966)   Pre Evacuate Collection Set: 0.0ms
[279.745s][info][gc,phases      ] GC(1966)   Evacuate Collection Set: 2.6ms
[279.745s][info][gc,phases      ] GC(1966)   Post Evacuate Collection Set: 0.5ms
[279.745s][info][gc,phases      ] GC(1966)   Other: 0.3ms
[279.745s][info][gc,heap        ] GC(1966) Eden regions: 225->0(225)
[279.745s][info][gc,heap        ] GC(1966) Survivor regions: 1->1(29)
[279.745s][info][gc,heap        ] GC(1966) Old regions: 56->56
[279.746s][info][gc,heap        ] GC(1966) Humongous regions: 6->6
[279.746s][info][gc,metaspace   ] GC(1966) Metaspace: 73958K->73958K(1116160K)
[279.746s][info][gc             ] GC(1966) Pause Young (Normal) (G1 Evacuation Pause) 285M->60M(378M) 3.514ms
[279.746s][info][gc,cpu         ] GC(1966) User=0.00s Sys=0.00s Real=0.00s
[279.852s][info][gc,start       ] GC(1967) Pause Young (Normal) (G1 Evacuation Pause)
[279.852s][info][gc,task        ] GC(1967) Using 1 workers of 1 for evacuation
[279.855s][info][gc,phases      ] GC(1967)   Pre Evacuate Collection Set: 0.0ms
[279.855s][info][gc,phases      ] GC(1967)   Evacuate Collection Set: 2.4ms
[279.855s][info][gc,phases      ] GC(1967)   Post Evacuate Collection Set: 0.3ms
[279.855s][info][gc,phases      ] GC(1967)   Other: 0.3ms
[279.855s][info][gc,heap        ] GC(1967) Eden regions: 225->0(225)
[279.855s][info][gc,heap        ] GC(1967) Survivor regions: 1->1(29)
[279.855s][info][gc,heap        ] GC(1967) Old regions: 56->56
[279.855s][info][gc,heap        ] GC(1967) Humongous regions: 6->6
[279.855s][info][gc,metaspace   ] GC(1967) Metaspace: 73958K->73958K(1116160K)
[279.855s][info][gc             ] GC(1967) Pause Young (Normal) (G1 Evacuation Pause) 285M->60M(378M) 3.139ms
[279.855s][info][gc,cpu         ] GC(1967) User=0.00s Sys=0.00s Real=0.00s
[279.963s][info][gc,start       ] GC(1968) Pause Young (Normal) (G1 Evacuation Pause)
[279.963s][info][gc,task        ] GC(1968) Using 1 workers of 1 for evacuation
[279.967s][info][gc,phases      ] GC(1968)   Pre Evacuate Collection Set: 0.0ms
[279.967s][info][gc,phases      ] GC(1968)   Evacuate Collection Set: 2.6ms
[279.967s][info][gc,phases      ] GC(1968)   Post Evacuate Collection Set: 0.3ms
[279.967s][info][gc,phases      ] GC(1968)   Other: 0.4ms
[279.967s][info][gc,heap        ] GC(1968) Eden regions: 225->0(225)
[279.967s][info][gc,heap        ] GC(1968) Survivor regions: 1->1(29)
[279.967s][info][gc,heap        ] GC(1968) Old regions: 56->56
[279.967s][info][gc,heap        ] GC(1968) Humongous regions: 6->6
[279.967s][info][gc,metaspace   ] GC(1968) Metaspace: 73958K->73958K(1116160K)
[279.967s][info][gc             ] GC(1968) Pause Young (Normal) (G1 Evacuation Pause) 285M->60M(378M) 3.352ms
[279.967s][info][gc,cpu         ] GC(1968) User=0.01s Sys=0.00s Real=0.00s
[280.077s][info][gc,start       ] GC(1969) Pause Young (Normal) (G1 Evacuation Pause)
[280.077s][info][gc,task        ] GC(1969) Using 1 workers of 1 for evacuation
[280.081s][info][gc,phases      ] GC(1969)   Pre Evacuate Collection Set: 0.0ms
[280.081s][info][gc,phases      ] GC(1969)   Evacuate Collection Set: 2.6ms
[280.081s][info][gc,phases      ] GC(1969)   Post Evacuate Collection Set: 0.4ms
[280.081s][info][gc,phases      ] GC(1969)   Other: 0.3ms
[280.081s][info][gc,heap        ] GC(1969) Eden regions: 225->0(225)
[280.081s][info][gc,heap        ] GC(1969) Survivor regions: 1->1(29)
[280.081s][info][gc,heap        ] GC(1969) Old regions: 56->56
[280.081s][info][gc,heap        ] GC(1969) Humongous regions: 6->6
[280.081s][info][gc,metaspace   ] GC(1969) Metaspace: 73958K->73958K(1116160K)
[280.081s][info][gc             ] GC(1969) Pause Young (Normal) (G1 Evacuation Pause) 285M->60M(378M) 3.405ms
[280.081s][info][gc,cpu         ] GC(1969) User=0.00s Sys=0.00s Real=0.01s
[280.190s][info][gc,start       ] GC(1970) Pause Young (Normal) (G1 Evacuation Pause)
[280.190s][info][gc,task        ] GC(1970) Using 1 workers of 1 for evacuation
[280.193s][info][gc,phases      ] GC(1970)   Pre Evacuate Collection Set: 0.0ms
[280.194s][info][gc,phases      ] GC(1970)   Evacuate Collection Set: 2.6ms
[280.194s][info][gc,phases      ] GC(1970)   Post Evacuate Collection Set: 0.3ms
[280.194s][info][gc,phases      ] GC(1970)   Other: 0.3ms
[280.194s][info][gc,heap        ] GC(1970) Eden regions: 225->0(225)
[280.194s][info][gc,heap        ] GC(1970) Survivor regions: 1->1(29)
[280.194s][info][gc,heap        ] GC(1970) Old regions: 56->56
[280.194s][info][gc,heap        ] GC(1970) Humongous regions: 6->6
[280.194s][info][gc,metaspace   ] GC(1970) Metaspace: 73958K->73958K(1116160K)
[280.194s][info][gc             ] GC(1970) Pause Young (Normal) (G1 Evacuation Pause) 285M->60M(378M) 3.312ms
[280.194s][info][gc,cpu         ] GC(1970) User=0.00s Sys=0.00s Real=0.00s
[280.304s][info][gc,start       ] GC(1971) Pause Young (Normal) (G1 Evacuation Pause)
[280.304s][info][gc,task        ] GC(1971) Using 1 workers of 1 for evacuation
[280.307s][info][gc,phases      ] GC(1971)   Pre Evacuate Collection Set: 0.0ms
[280.307s][info][gc,phases      ] GC(1971)   Evacuate Collection Set: 2.7ms
[280.307s][info][gc,phases      ] GC(1971)   Post Evacuate Collection Set: 0.4ms
[280.307s][info][gc,phases      ] GC(1971)   Other: 0.3ms
[280.307s][info][gc,heap        ] GC(1971) Eden regions: 225->0(225)
[280.307s][info][gc,heap        ] GC(1971) Survivor regions: 1->1(29)
[280.307s][info][gc,heap        ] GC(1971) Old regions: 56->56
[280.307s][info][gc,heap        ] GC(1971) Humongous regions: 6->6
[280.307s][info][gc,metaspace   ] GC(1971) Metaspace: 73958K->73958K(1116160K)
[280.307s][info][gc             ] GC(1971) Pause Young (Normal) (G1 Evacuation Pause) 285M->60M(378M) 3.434ms
[280.307s][info][gc,cpu         ] GC(1971) User=0.00s Sys=0.00s Real=0.00s
[280.429s][info][gc,start       ] GC(1972) Pause Young (Normal) (G1 Evacuation Pause)
[280.429s][info][gc,task        ] GC(1972) Using 1 workers of 1 for evacuation
[280.433s][info][gc,phases      ] GC(1972)   Pre Evacuate Collection Set: 0.1ms
[280.433s][info][gc,phases      ] GC(1972)   Evacuate Collection Set: 2.8ms
[280.433s][info][gc,phases      ] GC(1972)   Post Evacuate Collection Set: 0.4ms
[280.433s][info][gc,phases      ] GC(1972)   Other: 0.3ms
[280.433s][info][gc,heap        ] GC(1972) Eden regions: 225->0(225)
[280.433s][info][gc,heap        ] GC(1972) Survivor regions: 1->1(29)
[280.433s][info][gc,heap        ] GC(1972) Old regions: 56->56
[280.433s][info][gc,heap        ] GC(1972) Humongous regions: 11->6
[280.433s][info][gc,metaspace   ] GC(1972) Metaspace: 73960K->73960K(1116160K)
[280.433s][info][gc             ] GC(1972) Pause Young (Normal) (G1 Evacuation Pause) 290M->60M(378M) 3.671ms
[280.433s][info][gc,cpu         ] GC(1972) User=0.01s Sys=0.00s Real=0.01s
[280.540s][info][gc,start       ] GC(1973) Pause Young (Normal) (G1 Evacuation Pause)
[280.540s][info][gc,task        ] GC(1973) Using 1 workers of 1 for evacuation
[280.543s][info][gc,phases      ] GC(1973)   Pre Evacuate Collection Set: 0.0ms
[280.543s][info][gc,phases      ] GC(1973)   Evacuate Collection Set: 2.7ms
[280.543s][info][gc,phases      ] GC(1973)   Post Evacuate Collection Set: 0.4ms
[280.543s][info][gc,phases      ] GC(1973)   Other: 0.3ms
[280.543s][info][gc,heap        ] GC(1973) Eden regions: 225->0(225)
[280.543s][info][gc,heap        ] GC(1973) Survivor regions: 1->1(29)
[280.543s][info][gc,heap        ] GC(1973) Old regions: 56->56
[280.543s][info][gc,heap        ] GC(1973) Humongous regions: 6->6
[280.543s][info][gc,metaspace   ] GC(1973) Metaspace: 73960K->73960K(1116160K)
[280.543s][info][gc             ] GC(1973) Pause Young (Normal) (G1 Evacuation Pause) 285M->60M(378M) 3.400ms
[280.543s][info][gc,cpu         ] GC(1973) User=0.01s Sys=0.00s Real=0.00s
[280.649s][info][gc,start       ] GC(1974) Pause Young (Normal) (G1 Evacuation Pause)
[280.649s][info][gc,task        ] GC(1974) Using 1 workers of 1 for evacuation
[280.652s][info][gc,phases      ] GC(1974)   Pre Evacuate Collection Set: 0.0ms
[280.652s][info][gc,phases      ] GC(1974)   Evacuate Collection Set: 2.7ms
[280.652s][info][gc,phases      ] GC(1974)   Post Evacuate Collection Set: 0.4ms
[280.652s][info][gc,phases      ] GC(1974)   Other: 0.3ms
[280.652s][info][gc,heap        ] GC(1974) Eden regions: 225->0(225)
[280.652s][info][gc,heap        ] GC(1974) Survivor regions: 1->1(29)
[280.652s][info][gc,heap        ] GC(1974) Old regions: 56->56
[280.652s][info][gc,heap        ] GC(1974) Humongous regions: 6->6
[280.652s][info][gc,metaspace   ] GC(1974) Metaspace: 73960K->73960K(1116160K)
[280.652s][info][gc             ] GC(1974) Pause Young (Normal) (G1 Evacuation Pause) 285M->60M(378M) 3.439ms
[280.652s][info][gc,cpu         ] GC(1974) User=0.01s Sys=0.00s Real=0.01s
[280.768s][info][gc,start       ] GC(1975) Pause Young (Normal) (G1 Evacuation Pause)
[280.768s][info][gc,task        ] GC(1975) Using 1 workers of 1 for evacuation
[280.771s][info][gc,phases      ] GC(1975)   Pre Evacuate Collection Set: 0.0ms
[280.771s][info][gc,phases      ] GC(1975)   Evacuate Collection Set: 2.6ms
[280.771s][info][gc,phases      ] GC(1975)   Post Evacuate Collection Set: 0.3ms
[280.771s][info][gc,phases      ] GC(1975)   Other: 0.3ms
[280.771s][info][gc,heap        ] GC(1975) Eden regions: 225->0(225)
[280.771s][info][gc,heap        ] GC(1975) Survivor regions: 1->1(29)
[280.771s][info][gc,heap        ] GC(1975) Old regions: 56->56
[280.771s][info][gc,heap        ] GC(1975) Humongous regions: 6->6
[280.771s][info][gc,metaspace   ] GC(1975) Metaspace: 73960K->73960K(1116160K)
[280.771s][info][gc             ] GC(1975) Pause Young (Normal) (G1 Evacuation Pause) 285M->60M(378M) 3.351ms
[280.771s][info][gc,cpu         ] GC(1975) User=0.01s Sys=0.00s Real=0.01s
[280.888s][info][gc,start       ] GC(1976) Pause Young (Normal) (G1 Evacuation Pause)
[280.888s][info][gc,task        ] GC(1976) Using 1 workers of 1 for evacuation
[280.892s][info][gc,phases      ] GC(1976)   Pre Evacuate Collection Set: 0.0ms
[280.892s][info][gc,phases      ] GC(1976)   Evacuate Collection Set: 2.7ms
[280.892s][info][gc,phases      ] GC(1976)   Post Evacuate Collection Set: 0.4ms
[280.892s][info][gc,phases      ] GC(1976)   Other: 0.3ms
[280.892s][info][gc,heap        ] GC(1976) Eden regions: 225->0(225)
[280.892s][info][gc,heap        ] GC(1976) Survivor regions: 1->1(29)
[280.892s][info][gc,heap        ] GC(1976) Old regions: 56->56
[280.892s][info][gc,heap        ] GC(1976) Humongous regions: 6->6
[280.892s][info][gc,metaspace   ] GC(1976) Metaspace: 73960K->73960K(1116160K)
[280.892s][info][gc             ] GC(1976) Pause Young (Normal) (G1 Evacuation Pause) 285M->60M(378M) 3.429ms
[280.892s][info][gc,cpu         ] GC(1976) User=0.01s Sys=0.00s Real=0.01s
[280.999s][info][gc,start       ] GC(1977) Pause Young (Normal) (G1 Evacuation Pause)
[280.999s][info][gc,task        ] GC(1977) Using 1 workers of 1 for evacuation
[281.002s][info][gc,phases      ] GC(1977)   Pre Evacuate Collection Set: 0.0ms
[281.002s][info][gc,phases      ] GC(1977)   Evacuate Collection Set: 2.6ms
[281.002s][info][gc,phases      ] GC(1977)   Post Evacuate Collection Set: 0.3ms
[281.002s][info][gc,phases      ] GC(1977)   Other: 0.3ms
[281.002s][info][gc,heap        ] GC(1977) Eden regions: 225->0(225)
[281.002s][info][gc,heap        ] GC(1977) Survivor regions: 1->1(29)
[281.002s][info][gc,heap        ] GC(1977) Old regions: 56->56
[281.002s][info][gc,heap        ] GC(1977) Humongous regions: 6->6
[281.002s][info][gc,metaspace   ] GC(1977) Metaspace: 73960K->73960K(1116160K)
[281.002s][info][gc             ] GC(1977) Pause Young (Normal) (G1 Evacuation Pause) 285M->60M(378M) 3.285ms
[281.002s][info][gc,cpu         ] GC(1977) User=0.00s Sys=0.00s Real=0.00s
[281.107s][info][gc,start       ] GC(1978) Pause Young (Normal) (G1 Evacuation Pause)
[281.107s][info][gc,task        ] GC(1978) Using 1 workers of 1 for evacuation
[281.110s][info][gc,phases      ] GC(1978)   Pre Evacuate Collection Set: 0.0ms
[281.110s][info][gc,phases      ] GC(1978)   Evacuate Collection Set: 2.7ms
[281.110s][info][gc,phases      ] GC(1978)   Post Evacuate Collection Set: 0.4ms
[281.110s][info][gc,phases      ] GC(1978)   Other: 0.3ms
[281.110s][info][gc,heap        ] GC(1978) Eden regions: 225->0(225)
[281.110s][info][gc,heap        ] GC(1978) Survivor regions: 1->1(29)
[281.110s][info][gc,heap        ] GC(1978) Old regions: 56->56
[281.110s][info][gc,heap        ] GC(1978) Humongous regions: 6->6
[281.110s][info][gc,metaspace   ] GC(1978) Metaspace: 73960K->73960K(1116160K)
[281.110s][info][gc             ] GC(1978) Pause Young (Normal) (G1 Evacuation Pause) 285M->60M(378M) 3.427ms
[281.110s][info][gc,cpu         ] GC(1978) User=0.00s Sys=0.00s Real=0.01s
[281.242s][info][gc,start       ] GC(1979) Pause Young (Normal) (G1 Evacuation Pause)
[281.242s][info][gc,task        ] GC(1979) Using 1 workers of 1 for evacuation
[281.246s][info][gc,phases      ] GC(1979)   Pre Evacuate Collection Set: 0.0ms
[281.246s][info][gc,phases      ] GC(1979)   Evacuate Collection Set: 2.7ms
[281.246s][info][gc,phases      ] GC(1979)   Post Evacuate Collection Set: 0.4ms
[281.246s][info][gc,phases      ] GC(1979)   Other: 0.3ms
[281.246s][info][gc,heap        ] GC(1979) Eden regions: 225->0(225)
[281.246s][info][gc,heap        ] GC(1979) Survivor regions: 1->1(29)
[281.246s][info][gc,heap        ] GC(1979) Old regions: 56->56
[281.246s][info][gc,heap        ] GC(1979) Humongous regions: 11->6
[281.246s][info][gc,metaspace   ] GC(1979) Metaspace: 73960K->73960K(1116160K)
[281.246s][info][gc             ] GC(1979) Pause Young (Normal) (G1 Evacuation Pause) 290M->60M(378M) 3.420ms
[281.246s][info][gc,cpu         ] GC(1979) User=0.00s Sys=0.01s Real=0.00s
[281.372s][info][gc,start       ] GC(1980) Pause Young (Normal) (G1 Evacuation Pause)
[281.372s][info][gc,task        ] GC(1980) Using 1 workers of 1 for evacuation
[281.375s][info][gc,phases      ] GC(1980)   Pre Evacuate Collection Set: 0.0ms
[281.375s][info][gc,phases      ] GC(1980)   Evacuate Collection Set: 2.6ms
[281.375s][info][gc,phases      ] GC(1980)   Post Evacuate Collection Set: 0.4ms
[281.375s][info][gc,phases      ] GC(1980)   Other: 0.5ms
[281.375s][info][gc,heap        ] GC(1980) Eden regions: 225->0(225)
[281.376s][info][gc,heap        ] GC(1980) Survivor regions: 1->1(29)
[281.376s][info][gc,heap        ] GC(1980) Old regions: 56->56
[281.376s][info][gc,heap        ] GC(1980) Humongous regions: 6->6
[281.376s][info][gc,metaspace   ] GC(1980) Metaspace: 73960K->73960K(1116160K)
[281.376s][info][gc             ] GC(1980) Pause Young (Normal) (G1 Evacuation Pause) 285M->60M(378M) 3.477ms
[281.376s][info][gc,cpu         ] GC(1980) User=0.00s Sys=0.00s Real=0.00s
[281.485s][info][gc,start       ] GC(1981) Pause Young (Normal) (G1 Evacuation Pause)
[281.485s][info][gc,task        ] GC(1981) Using 1 workers of 1 for evacuation
[281.488s][info][gc,phases      ] GC(1981)   Pre Evacuate Collection Set: 0.0ms
[281.488s][info][gc,phases      ] GC(1981)   Evacuate Collection Set: 2.4ms
[281.488s][info][gc,phases      ] GC(1981)   Post Evacuate Collection Set: 0.9ms
[281.488s][info][gc,phases      ] GC(1981)   Other: 0.4ms
[281.488s][info][gc,heap        ] GC(1981) Eden regions: 225->0(225)
[281.488s][info][gc,heap        ] GC(1981) Survivor regions: 1->1(29)
[281.488s][info][gc,heap        ] GC(1981) Old regions: 56->56
[281.488s][info][gc,heap        ] GC(1981) Humongous regions: 6->6
[281.488s][info][gc,metaspace   ] GC(1981) Metaspace: 73960K->73960K(1116160K)
[281.488s][info][gc             ] GC(1981) Pause Young (Normal) (G1 Evacuation Pause) 285M->60M(378M) 3.765ms
[281.488s][info][gc,cpu         ] GC(1981) User=0.00s Sys=0.00s Real=0.00s
[281.599s][info][gc,start       ] GC(1982) Pause Young (Normal) (G1 Evacuation Pause)
[281.599s][info][gc,task        ] GC(1982) Using 1 workers of 1 for evacuation
[281.602s][info][gc,phases      ] GC(1982)   Pre Evacuate Collection Set: 0.0ms
[281.602s][info][gc,phases      ] GC(1982)   Evacuate Collection Set: 2.5ms
[281.602s][info][gc,phases      ] GC(1982)   Post Evacuate Collection Set: 0.3ms
[281.602s][info][gc,phases      ] GC(1982)   Other: 0.3ms
[281.602s][info][gc,heap        ] GC(1982) Eden regions: 225->0(225)
[281.602s][info][gc,heap        ] GC(1982) Survivor regions: 1->1(29)
[281.602s][info][gc,heap        ] GC(1982) Old regions: 56->56
[281.602s][info][gc,heap        ] GC(1982) Humongous regions: 6->6
[281.602s][info][gc,metaspace   ] GC(1982) Metaspace: 73960K->73960K(1116160K)
[281.602s][info][gc             ] GC(1982) Pause Young (Normal) (G1 Evacuation Pause) 285M->60M(378M) 3.211ms
[281.602s][info][gc,cpu         ] GC(1982) User=0.01s Sys=0.00s Real=0.00s
[281.723s][info][gc,start       ] GC(1983) Pause Young (Normal) (G1 Evacuation Pause)
[281.723s][info][gc,task        ] GC(1983) Using 1 workers of 1 for evacuation
[281.726s][info][gc,phases      ] GC(1983)   Pre Evacuate Collection Set: 0.0ms
[281.726s][info][gc,phases      ] GC(1983)   Evacuate Collection Set: 2.6ms
[281.726s][info][gc,phases      ] GC(1983)   Post Evacuate Collection Set: 0.4ms
[281.726s][info][gc,phases      ] GC(1983)   Other: 0.3ms
[281.726s][info][gc,heap        ] GC(1983) Eden regions: 225->0(225)
[281.726s][info][gc,heap        ] GC(1983) Survivor regions: 1->1(29)
[281.726s][info][gc,heap        ] GC(1983) Old regions: 56->56
[281.726s][info][gc,heap        ] GC(1983) Humongous regions: 6->6
[281.726s][info][gc,metaspace   ] GC(1983) Metaspace: 73960K->73960K(1116160K)
[281.726s][info][gc             ] GC(1983) Pause Young (Normal) (G1 Evacuation Pause) 285M->60M(378M) 3.383ms
[281.726s][info][gc,cpu         ] GC(1983) User=0.00s Sys=0.00s Real=0.00s
[281.842s][info][gc,start       ] GC(1984) Pause Young (Normal) (G1 Evacuation Pause)
[281.842s][info][gc,task        ] GC(1984) Using 1 workers of 1 for evacuation
[281.845s][info][gc,phases      ] GC(1984)   Pre Evacuate Collection Set: 0.1ms
[281.845s][info][gc,phases      ] GC(1984)   Evacuate Collection Set: 2.7ms
[281.845s][info][gc,phases      ] GC(1984)   Post Evacuate Collection Set: 0.4ms
[281.845s][info][gc,phases      ] GC(1984)   Other: 0.3ms
[281.845s][info][gc,heap        ] GC(1984) Eden regions: 225->0(225)
[281.845s][info][gc,heap        ] GC(1984) Survivor regions: 1->1(29)
[281.845s][info][gc,heap        ] GC(1984) Old regions: 56->56
[281.845s][info][gc,heap        ] GC(1984) Humongous regions: 6->6
[281.845s][info][gc,metaspace   ] GC(1984) Metaspace: 73960K->73960K(1116160K)
[281.846s][info][gc             ] GC(1984) Pause Young (Normal) (G1 Evacuation Pause) 285M->60M(378M) 3.521ms
[281.846s][info][gc,cpu         ] GC(1984) User=0.01s Sys=0.00s Real=0.00s
[281.956s][info][gc,start       ] GC(1985) Pause Young (Normal) (G1 Evacuation Pause)
[281.956s][info][gc,task        ] GC(1985) Using 1 workers of 1 for evacuation
[281.959s][info][gc,phases      ] GC(1985)   Pre Evacuate Collection Set: 0.0ms
[281.959s][info][gc,phases      ] GC(1985)   Evacuate Collection Set: 2.8ms
[281.959s][info][gc,phases      ] GC(1985)   Post Evacuate Collection Set: 0.4ms
[281.959s][info][gc,phases      ] GC(1985)   Other: 0.4ms
[281.959s][info][gc,heap        ] GC(1985) Eden regions: 225->0(225)
[281.959s][info][gc,heap        ] GC(1985) Survivor regions: 1->1(29)
[281.959s][info][gc,heap        ] GC(1985) Old regions: 56->56
[281.959s][info][gc,heap        ] GC(1985) Humongous regions: 6->6
[281.959s][info][gc,metaspace   ] GC(1985) Metaspace: 73960K->73960K(1116160K)
[281.959s][info][gc             ] GC(1985) Pause Young (Normal) (G1 Evacuation Pause) 285M->60M(378M) 3.498ms
[281.959s][info][gc,cpu         ] GC(1985) User=0.00s Sys=0.00s Real=0.01s
[282.085s][info][gc,start       ] GC(1986) Pause Young (Normal) (G1 Evacuation Pause)
[282.085s][info][gc,task        ] GC(1986) Using 1 workers of 1 for evacuation
[282.088s][info][gc,phases      ] GC(1986)   Pre Evacuate Collection Set: 0.0ms
[282.088s][info][gc,phases      ] GC(1986)   Evacuate Collection Set: 3.0ms
[282.088s][info][gc,phases      ] GC(1986)   Post Evacuate Collection Set: 0.4ms
[282.088s][info][gc,phases      ] GC(1986)   Other: 0.3ms
[282.088s][info][gc,heap        ] GC(1986) Eden regions: 225->0(225)
[282.089s][info][gc,heap        ] GC(1986) Survivor regions: 1->1(29)
[282.089s][info][gc,heap        ] GC(1986) Old regions: 56->56
[282.089s][info][gc,heap        ] GC(1986) Humongous regions: 11->6
[282.089s][info][gc,metaspace   ] GC(1986) Metaspace: 73960K->73960K(1116160K)
[282.089s][info][gc             ] GC(1986) Pause Young (Normal) (G1 Evacuation Pause) 290M->60M(378M) 4.431ms
[282.089s][info][gc,cpu         ] GC(1986) User=0.00s Sys=0.00s Real=0.00s
[282.199s][info][gc,start       ] GC(1987) Pause Young (Normal) (G1 Evacuation Pause)
[282.199s][info][gc,task        ] GC(1987) Using 1 workers of 1 for evacuation
[282.202s][info][gc,phases      ] GC(1987)   Pre Evacuate Collection Set: 0.0ms
[282.202s][info][gc,phases      ] GC(1987)   Evacuate Collection Set: 2.8ms
[282.202s][info][gc,phases      ] GC(1987)   Post Evacuate Collection Set: 0.3ms
[282.202s][info][gc,phases      ] GC(1987)   Other: 0.3ms
[282.202s][info][gc,heap        ] GC(1987) Eden regions: 225->0(225)
[282.202s][info][gc,heap        ] GC(1987) Survivor regions: 1->1(29)
[282.202s][info][gc,heap        ] GC(1987) Old regions: 56->56
[282.202s][info][gc,heap        ] GC(1987) Humongous regions: 6->6
[282.202s][info][gc,metaspace   ] GC(1987) Metaspace: 73960K->73960K(1116160K)
[282.202s][info][gc             ] GC(1987) Pause Young (Normal) (G1 Evacuation Pause) 285M->60M(378M) 3.518ms
[282.202s][info][gc,cpu         ] GC(1987) User=0.00s Sys=0.00s Real=0.00s
[282.309s][info][gc,start       ] GC(1988) Pause Young (Normal) (G1 Evacuation Pause)
[282.309s][info][gc,task        ] GC(1988) Using 1 workers of 1 for evacuation
[282.312s][info][gc,phases      ] GC(1988)   Pre Evacuate Collection Set: 0.0ms
[282.312s][info][gc,phases      ] GC(1988)   Evacuate Collection Set: 2.8ms
[282.312s][info][gc,phases      ] GC(1988)   Post Evacuate Collection Set: 0.4ms
[282.312s][info][gc,phases      ] GC(1988)   Other: 0.4ms
[282.312s][info][gc,heap        ] GC(1988) Eden regions: 225->0(225)
[282.312s][info][gc,heap        ] GC(1988) Survivor regions: 1->1(29)
[282.312s][info][gc,heap        ] GC(1988) Old regions: 56->56
[282.312s][info][gc,heap        ] GC(1988) Humongous regions: 6->6
[282.312s][info][gc,metaspace   ] GC(1988) Metaspace: 73960K->73960K(1116160K)
[282.312s][info][gc             ] GC(1988) Pause Young (Normal) (G1 Evacuation Pause) 285M->60M(378M) 3.580ms
[282.312s][info][gc,cpu         ] GC(1988) User=0.00s Sys=0.00s Real=0.01s
[282.418s][info][gc,start       ] GC(1989) Pause Young (Normal) (G1 Evacuation Pause)
[282.418s][info][gc,task        ] GC(1989) Using 1 workers of 1 for evacuation
[282.421s][info][gc,phases      ] GC(1989)   Pre Evacuate Collection Set: 0.0ms
[282.421s][info][gc,phases      ] GC(1989)   Evacuate Collection Set: 2.7ms
[282.421s][info][gc,phases      ] GC(1989)   Post Evacuate Collection Set: 0.4ms
[282.421s][info][gc,phases      ] GC(1989)   Other: 0.4ms
[282.421s][info][gc,heap        ] GC(1989) Eden regions: 225->0(225)
[282.421s][info][gc,heap        ] GC(1989) Survivor regions: 1->1(29)
[282.421s][info][gc,heap        ] GC(1989) Old regions: 56->56
[282.421s][info][gc,heap        ] GC(1989) Humongous regions: 6->6
[282.421s][info][gc,metaspace   ] GC(1989) Metaspace: 73960K->73960K(1116160K)
[282.421s][info][gc             ] GC(1989) Pause Young (Normal) (G1 Evacuation Pause) 285M->60M(378M) 3.506ms
[282.421s][info][gc,cpu         ] GC(1989) User=0.00s Sys=0.00s Real=0.01s
[282.527s][info][gc,start       ] GC(1990) Pause Young (Normal) (G1 Evacuation Pause)
[282.527s][info][gc,task        ] GC(1990) Using 1 workers of 1 for evacuation
[282.530s][info][gc,phases      ] GC(1990)   Pre Evacuate Collection Set: 0.0ms
[282.530s][info][gc,phases      ] GC(1990)   Evacuate Collection Set: 2.6ms
[282.530s][info][gc,phases      ] GC(1990)   Post Evacuate Collection Set: 0.4ms
[282.530s][info][gc,phases      ] GC(1990)   Other: 0.3ms
[282.530s][info][gc,heap        ] GC(1990) Eden regions: 225->0(225)
[282.530s][info][gc,heap        ] GC(1990) Survivor regions: 1->1(29)
[282.530s][info][gc,heap        ] GC(1990) Old regions: 56->56
[282.530s][info][gc,heap        ] GC(1990) Humongous regions: 6->6
[282.530s][info][gc,metaspace   ] GC(1990) Metaspace: 73960K->73960K(1116160K)
[282.530s][info][gc             ] GC(1990) Pause Young (Normal) (G1 Evacuation Pause) 285M->60M(378M) 3.374ms
[282.531s][info][gc,cpu         ] GC(1990) User=0.00s Sys=0.00s Real=0.01s
[282.635s][info][gc,start       ] GC(1991) Pause Young (Normal) (G1 Evacuation Pause)
[282.635s][info][gc,task        ] GC(1991) Using 1 workers of 1 for evacuation
[282.638s][info][gc,phases      ] GC(1991)   Pre Evacuate Collection Set: 0.0ms
[282.638s][info][gc,phases      ] GC(1991)   Evacuate Collection Set: 2.6ms
[282.638s][info][gc,phases      ] GC(1991)   Post Evacuate Collection Set: 0.4ms
[282.638s][info][gc,phases      ] GC(1991)   Other: 0.3ms
[282.638s][info][gc,heap        ] GC(1991) Eden regions: 225->0(225)
[282.638s][info][gc,heap        ] GC(1991) Survivor regions: 1->1(29)
[282.638s][info][gc,heap        ] GC(1991) Old regions: 56->56
[282.638s][info][gc,heap        ] GC(1991) Humongous regions: 6->6
[282.638s][info][gc,metaspace   ] GC(1991) Metaspace: 73960K->73960K(1116160K)
[282.638s][info][gc             ] GC(1991) Pause Young (Normal) (G1 Evacuation Pause) 285M->60M(378M) 3.359ms
[282.638s][info][gc,cpu         ] GC(1991) User=0.00s Sys=0.00s Real=0.01s
[282.751s][info][gc,start       ] GC(1992) Pause Young (Normal) (G1 Evacuation Pause)
[282.751s][info][gc,task        ] GC(1992) Using 1 workers of 1 for evacuation
[282.755s][info][gc,phases      ] GC(1992)   Pre Evacuate Collection Set: 0.0ms
[282.755s][info][gc,phases      ] GC(1992)   Evacuate Collection Set: 2.9ms
[282.755s][info][gc,phases      ] GC(1992)   Post Evacuate Collection Set: 0.4ms
[282.755s][info][gc,phases      ] GC(1992)   Other: 0.3ms
[282.755s][info][gc,heap        ] GC(1992) Eden regions: 225->0(225)
[282.755s][info][gc,heap        ] GC(1992) Survivor regions: 1->1(29)
[282.755s][info][gc,heap        ] GC(1992) Old regions: 56->56
[282.755s][info][gc,heap        ] GC(1992) Humongous regions: 6->6
[282.755s][info][gc,metaspace   ] GC(1992) Metaspace: 73960K->73960K(1116160K)
[282.755s][info][gc             ] GC(1992) Pause Young (Normal) (G1 Evacuation Pause) 285M->60M(378M) 3.600ms
[282.755s][info][gc,cpu         ] GC(1992) User=0.00s Sys=0.00s Real=0.00s
[282.859s][info][gc,start       ] GC(1993) Pause Young (Normal) (G1 Evacuation Pause)
[282.859s][info][gc,task        ] GC(1993) Using 1 workers of 1 for evacuation
[282.863s][info][gc,phases      ] GC(1993)   Pre Evacuate Collection Set: 0.0ms
[282.863s][info][gc,phases      ] GC(1993)   Evacuate Collection Set: 2.8ms
[282.863s][info][gc,phases      ] GC(1993)   Post Evacuate Collection Set: 0.3ms
[282.863s][info][gc,phases      ] GC(1993)   Other: 0.3ms
[282.863s][info][gc,heap        ] GC(1993) Eden regions: 225->0(225)
[282.863s][info][gc,heap        ] GC(1993) Survivor regions: 1->1(29)
[282.863s][info][gc,heap        ] GC(1993) Old regions: 56->56
[282.863s][info][gc,heap        ] GC(1993) Humongous regions: 6->6
[282.863s][info][gc,metaspace   ] GC(1993) Metaspace: 73960K->73960K(1116160K)
[282.863s][info][gc             ] GC(1993) Pause Young (Normal) (G1 Evacuation Pause) 285M->60M(378M) 3.499ms
[282.863s][info][gc,cpu         ] GC(1993) User=0.00s Sys=0.00s Real=0.00s
[282.981s][info][gc,start       ] GC(1994) Pause Young (Normal) (G1 Evacuation Pause)
[282.981s][info][gc,task        ] GC(1994) Using 1 workers of 1 for evacuation
[282.984s][info][gc,phases      ] GC(1994)   Pre Evacuate Collection Set: 0.0ms
[282.984s][info][gc,phases      ] GC(1994)   Evacuate Collection Set: 2.7ms
[282.984s][info][gc,phases      ] GC(1994)   Post Evacuate Collection Set: 0.4ms
[282.984s][info][gc,phases      ] GC(1994)   Other: 0.3ms
[282.984s][info][gc,heap        ] GC(1994) Eden regions: 225->0(225)
[282.984s][info][gc,heap        ] GC(1994) Survivor regions: 1->1(29)
[282.984s][info][gc,heap        ] GC(1994) Old regions: 56->56
[282.984s][info][gc,heap        ] GC(1994) Humongous regions: 11->6
[282.984s][info][gc,metaspace   ] GC(1994) Metaspace: 73960K->73960K(1116160K)
[282.984s][info][gc             ] GC(1994) Pause Young (Normal) (G1 Evacuation Pause) 290M->60M(378M) 3.443ms
[282.985s][info][gc,cpu         ] GC(1994) User=0.00s Sys=0.00s Real=0.00s
[283.092s][info][gc,start       ] GC(1995) Pause Young (Normal) (G1 Evacuation Pause)
[283.092s][info][gc,task        ] GC(1995) Using 1 workers of 1 for evacuation
[283.095s][info][gc,phases      ] GC(1995)   Pre Evacuate Collection Set: 0.0ms
[283.095s][info][gc,phases      ] GC(1995)   Evacuate Collection Set: 2.7ms
[283.095s][info][gc,phases      ] GC(1995)   Post Evacuate Collection Set: 0.4ms
[283.095s][info][gc,phases      ] GC(1995)   Other: 0.4ms
[283.095s][info][gc,heap        ] GC(1995) Eden regions: 225->0(225)
[283.095s][info][gc,heap        ] GC(1995) Survivor regions: 1->1(29)
[283.095s][info][gc,heap        ] GC(1995) Old regions: 56->56
[283.095s][info][gc,heap        ] GC(1995) Humongous regions: 6->6
[283.095s][info][gc,metaspace   ] GC(1995) Metaspace: 73960K->73960K(1116160K)
[283.095s][info][gc             ] GC(1995) Pause Young (Normal) (G1 Evacuation Pause) 285M->60M(378M) 3.548ms
[283.095s][info][gc,cpu         ] GC(1995) User=0.00s Sys=0.00s Real=0.00s
[283.202s][info][gc,start       ] GC(1996) Pause Young (Normal) (G1 Evacuation Pause)
[283.202s][info][gc,task        ] GC(1996) Using 1 workers of 1 for evacuation
[283.208s][info][gc,phases      ] GC(1996)   Pre Evacuate Collection Set: 0.0ms
[283.208s][info][gc,phases      ] GC(1996)   Evacuate Collection Set: 5.6ms
[283.208s][info][gc,phases      ] GC(1996)   Post Evacuate Collection Set: 0.3ms
[283.208s][info][gc,phases      ] GC(1996)   Other: 0.3ms
[283.208s][info][gc,heap        ] GC(1996) Eden regions: 225->0(225)
[283.208s][info][gc,heap        ] GC(1996) Survivor regions: 1->1(29)
[283.208s][info][gc,heap        ] GC(1996) Old regions: 56->56
[283.208s][info][gc,heap        ] GC(1996) Humongous regions: 6->6
[283.208s][info][gc,metaspace   ] GC(1996) Metaspace: 73960K->73960K(1116160K)
[283.208s][info][gc             ] GC(1996) Pause Young (Normal) (G1 Evacuation Pause) 285M->60M(378M) 6.273ms
[283.209s][info][gc,cpu         ] GC(1996) User=0.01s Sys=0.00s Real=0.00s
[283.319s][info][gc,start       ] GC(1997) Pause Young (Normal) (G1 Evacuation Pause)
[283.319s][info][gc,task        ] GC(1997) Using 1 workers of 1 for evacuation
[283.322s][info][gc,phases      ] GC(1997)   Pre Evacuate Collection Set: 0.0ms
[283.322s][info][gc,phases      ] GC(1997)   Evacuate Collection Set: 2.8ms
[283.322s][info][gc,phases      ] GC(1997)   Post Evacuate Collection Set: 0.4ms
[283.322s][info][gc,phases      ] GC(1997)   Other: 0.3ms
[283.322s][info][gc,heap        ] GC(1997) Eden regions: 225->0(225)
[283.322s][info][gc,heap        ] GC(1997) Survivor regions: 1->1(29)
[283.322s][info][gc,heap        ] GC(1997) Old regions: 56->56
[283.322s][info][gc,heap        ] GC(1997) Humongous regions: 6->6
[283.322s][info][gc,metaspace   ] GC(1997) Metaspace: 73960K->73960K(1116160K)
[283.322s][info][gc             ] GC(1997) Pause Young (Normal) (G1 Evacuation Pause) 285M->60M(378M) 3.499ms
[283.323s][info][gc,cpu         ] GC(1997) User=0.01s Sys=0.00s Real=0.00s
[283.430s][info][gc,start       ] GC(1998) Pause Young (Normal) (G1 Evacuation Pause)
[283.431s][info][gc,task        ] GC(1998) Using 1 workers of 1 for evacuation
[283.434s][info][gc,phases      ] GC(1998)   Pre Evacuate Collection Set: 0.0ms
[283.434s][info][gc,phases      ] GC(1998)   Evacuate Collection Set: 2.6ms
[283.434s][info][gc,phases      ] GC(1998)   Post Evacuate Collection Set: 0.4ms
[283.434s][info][gc,phases      ] GC(1998)   Other: 0.3ms
[283.434s][info][gc,heap        ] GC(1998) Eden regions: 225->0(225)
[283.434s][info][gc,heap        ] GC(1998) Survivor regions: 1->1(29)
[283.434s][info][gc,heap        ] GC(1998) Old regions: 56->56
[283.434s][info][gc,heap        ] GC(1998) Humongous regions: 6->6
[283.434s][info][gc,metaspace   ] GC(1998) Metaspace: 73960K->73960K(1116160K)
[283.434s][info][gc             ] GC(1998) Pause Young (Normal) (G1 Evacuation Pause) 285M->60M(378M) 3.298ms
[283.434s][info][gc,cpu         ] GC(1998) User=0.00s Sys=0.00s Real=0.00s
[283.543s][info][gc,start       ] GC(1999) Pause Young (Normal) (G1 Evacuation Pause)
[283.543s][info][gc,task        ] GC(1999) Using 1 workers of 1 for evacuation
[283.547s][info][gc,phases      ] GC(1999)   Pre Evacuate Collection Set: 0.0ms
[283.547s][info][gc,phases      ] GC(1999)   Evacuate Collection Set: 2.7ms
[283.547s][info][gc,phases      ] GC(1999)   Post Evacuate Collection Set: 0.4ms
[283.547s][info][gc,phases      ] GC(1999)   Other: 0.3ms
[283.547s][info][gc,heap        ] GC(1999) Eden regions: 225->0(225)
[283.547s][info][gc,heap        ] GC(1999) Survivor regions: 1->1(29)
[283.547s][info][gc,heap        ] GC(1999) Old regions: 56->56
[283.547s][info][gc,heap        ] GC(1999) Humongous regions: 6->6
[283.547s][info][gc,metaspace   ] GC(1999) Metaspace: 73960K->73960K(1116160K)
[283.547s][info][gc             ] GC(1999) Pause Young (Normal) (G1 Evacuation Pause) 285M->60M(378M) 3.452ms
[283.547s][info][gc,cpu         ] GC(1999) User=0.00s Sys=0.00s Real=0.00s
[283.657s][info][gc,start       ] GC(2000) Pause Young (Normal) (G1 Evacuation Pause)
[283.657s][info][gc,task        ] GC(2000) Using 1 workers of 1 for evacuation
[283.661s][info][gc,phases      ] GC(2000)   Pre Evacuate Collection Set: 0.0ms
[283.661s][info][gc,phases      ] GC(2000)   Evacuate Collection Set: 3.0ms
[283.661s][info][gc,phases      ] GC(2000)   Post Evacuate Collection Set: 0.4ms
[283.661s][info][gc,phases      ] GC(2000)   Other: 0.3ms
[283.661s][info][gc,heap        ] GC(2000) Eden regions: 225->0(225)
[283.661s][info][gc,heap        ] GC(2000) Survivor regions: 1->1(29)
[283.661s][info][gc,heap        ] GC(2000) Old regions: 56->56
[283.661s][info][gc,heap        ] GC(2000) Humongous regions: 6->6
[283.661s][info][gc,metaspace   ] GC(2000) Metaspace: 73960K->73960K(1116160K)
[283.661s][info][gc             ] GC(2000) Pause Young (Normal) (G1 Evacuation Pause) 285M->60M(378M) 3.774ms
[283.661s][info][gc,cpu         ] GC(2000) User=0.01s Sys=0.00s Real=0.01s
[283.782s][info][gc,start       ] GC(2001) Pause Young (Normal) (G1 Evacuation Pause)
[283.782s][info][gc,task        ] GC(2001) Using 1 workers of 1 for evacuation
[283.785s][info][gc,phases      ] GC(2001)   Pre Evacuate Collection Set: 0.0ms
[283.785s][info][gc,phases      ] GC(2001)   Evacuate Collection Set: 2.9ms
[283.785s][info][gc,phases      ] GC(2001)   Post Evacuate Collection Set: 0.4ms
[283.785s][info][gc,phases      ] GC(2001)   Other: 0.3ms
[283.785s][info][gc,heap        ] GC(2001) Eden regions: 225->0(225)
[283.785s][info][gc,heap        ] GC(2001) Survivor regions: 1->1(29)
[283.785s][info][gc,heap        ] GC(2001) Old regions: 56->56
[283.785s][info][gc,heap        ] GC(2001) Humongous regions: 11->6
[283.785s][info][gc,metaspace   ] GC(2001) Metaspace: 73960K->73960K(1116160K)
[283.785s][info][gc             ] GC(2001) Pause Young (Normal) (G1 Evacuation Pause) 290M->60M(378M) 3.718ms
[283.785s][info][gc,cpu         ] GC(2001) User=0.00s Sys=0.00s Real=0.00s
[283.892s][info][gc,start       ] GC(2002) Pause Young (Normal) (G1 Evacuation Pause)
[283.892s][info][gc,task        ] GC(2002) Using 1 workers of 1 for evacuation
[283.896s][info][gc,phases      ] GC(2002)   Pre Evacuate Collection Set: 0.0ms
[283.896s][info][gc,phases      ] GC(2002)   Evacuate Collection Set: 2.7ms
[283.896s][info][gc,phases      ] GC(2002)   Post Evacuate Collection Set: 0.4ms
[283.896s][info][gc,phases      ] GC(2002)   Other: 0.3ms
[283.896s][info][gc,heap        ] GC(2002) Eden regions: 225->0(225)
[283.896s][info][gc,heap        ] GC(2002) Survivor regions: 1->1(29)
[283.896s][info][gc,heap        ] GC(2002) Old regions: 56->56
[283.896s][info][gc,heap        ] GC(2002) Humongous regions: 6->6
[283.896s][info][gc,metaspace   ] GC(2002) Metaspace: 73960K->73960K(1116160K)
[283.896s][info][gc             ] GC(2002) Pause Young (Normal) (G1 Evacuation Pause) 285M->60M(378M) 3.505ms
[283.896s][info][gc,cpu         ] GC(2002) User=0.00s Sys=0.00s Real=0.00s
[284.007s][info][gc,start       ] GC(2003) Pause Young (Normal) (G1 Evacuation Pause)
[284.007s][info][gc,task        ] GC(2003) Using 1 workers of 1 for evacuation
[284.010s][info][gc,phases      ] GC(2003)   Pre Evacuate Collection Set: 0.0ms
[284.010s][info][gc,phases      ] GC(2003)   Evacuate Collection Set: 2.7ms
[284.010s][info][gc,phases      ] GC(2003)   Post Evacuate Collection Set: 0.4ms
[284.011s][info][gc,phases      ] GC(2003)   Other: 0.4ms
[284.011s][info][gc,heap        ] GC(2003) Eden regions: 225->0(225)
[284.011s][info][gc,heap        ] GC(2003) Survivor regions: 1->1(29)
[284.011s][info][gc,heap        ] GC(2003) Old regions: 56->56
[284.011s][info][gc,heap        ] GC(2003) Humongous regions: 6->6
[284.011s][info][gc,metaspace   ] GC(2003) Metaspace: 73960K->73960K(1116160K)
[284.011s][info][gc             ] GC(2003) Pause Young (Normal) (G1 Evacuation Pause) 285M->60M(378M) 3.521ms
[284.011s][info][gc,cpu         ] GC(2003) User=0.00s Sys=0.00s Real=0.01s
[284.115s][info][gc,start       ] GC(2004) Pause Young (Normal) (G1 Evacuation Pause)
[284.115s][info][gc,task        ] GC(2004) Using 1 workers of 1 for evacuation
[284.119s][info][gc,phases      ] GC(2004)   Pre Evacuate Collection Set: 0.0ms
[284.119s][info][gc,phases      ] GC(2004)   Evacuate Collection Set: 2.7ms
[284.119s][info][gc,phases      ] GC(2004)   Post Evacuate Collection Set: 0.3ms
[284.119s][info][gc,phases      ] GC(2004)   Other: 0.3ms
[284.119s][info][gc,heap        ] GC(2004) Eden regions: 225->0(225)
[284.119s][info][gc,heap        ] GC(2004) Survivor regions: 1->1(29)
[284.119s][info][gc,heap        ] GC(2004) Old regions: 56->56
[284.119s][info][gc,heap        ] GC(2004) Humongous regions: 6->6
[284.119s][info][gc,metaspace   ] GC(2004) Metaspace: 73960K->73960K(1116160K)
[284.119s][info][gc             ] GC(2004) Pause Young (Normal) (G1 Evacuation Pause) 285M->60M(378M) 3.415ms
[284.119s][info][gc,cpu         ] GC(2004) User=0.00s Sys=0.00s Real=0.01s
[284.223s][info][gc,start       ] GC(2005) Pause Young (Normal) (G1 Evacuation Pause)
[284.223s][info][gc,task        ] GC(2005) Using 1 workers of 1 for evacuation
[284.226s][info][gc,phases      ] GC(2005)   Pre Evacuate Collection Set: 0.0ms
[284.226s][info][gc,phases      ] GC(2005)   Evacuate Collection Set: 2.7ms
[284.226s][info][gc,phases      ] GC(2005)   Post Evacuate Collection Set: 0.4ms
[284.226s][info][gc,phases      ] GC(2005)   Other: 0.3ms
[284.226s][info][gc,heap        ] GC(2005) Eden regions: 225->0(225)
[284.226s][info][gc,heap        ] GC(2005) Survivor regions: 1->1(29)
[284.226s][info][gc,heap        ] GC(2005) Old regions: 56->56
[284.226s][info][gc,heap        ] GC(2005) Humongous regions: 6->6
[284.226s][info][gc,metaspace   ] GC(2005) Metaspace: 73960K->73960K(1116160K)
[284.226s][info][gc             ] GC(2005) Pause Young (Normal) (G1 Evacuation Pause) 285M->60M(378M) 3.402ms
[284.226s][info][gc,cpu         ] GC(2005) User=0.00s Sys=0.00s Real=0.00s
[284.331s][info][gc,start       ] GC(2006) Pause Young (Normal) (G1 Evacuation Pause)
[284.331s][info][gc,task        ] GC(2006) Using 1 workers of 1 for evacuation
[284.334s][info][gc,phases      ] GC(2006)   Pre Evacuate Collection Set: 0.0ms
[284.335s][info][gc,phases      ] GC(2006)   Evacuate Collection Set: 2.7ms
[284.335s][info][gc,phases      ] GC(2006)   Post Evacuate Collection Set: 0.4ms
[284.335s][info][gc,phases      ] GC(2006)   Other: 0.3ms
[284.335s][info][gc,heap        ] GC(2006) Eden regions: 225->0(225)
[284.335s][info][gc,heap        ] GC(2006) Survivor regions: 1->1(29)
[284.335s][info][gc,heap        ] GC(2006) Old regions: 56->56
[284.335s][info][gc,heap        ] GC(2006) Humongous regions: 6->6
[284.335s][info][gc,metaspace   ] GC(2006) Metaspace: 73960K->73960K(1116160K)
[284.335s][info][gc             ] GC(2006) Pause Young (Normal) (G1 Evacuation Pause) 285M->60M(378M) 3.459ms
[284.335s][info][gc,cpu         ] GC(2006) User=0.01s Sys=0.00s Real=0.00s
[284.439s][info][gc,start       ] GC(2007) Pause Young (Normal) (G1 Evacuation Pause)
[284.439s][info][gc,task        ] GC(2007) Using 1 workers of 1 for evacuation
[284.442s][info][gc,phases      ] GC(2007)   Pre Evacuate Collection Set: 0.0ms
[284.442s][info][gc,phases      ] GC(2007)   Evacuate Collection Set: 2.8ms
[284.442s][info][gc,phases      ] GC(2007)   Post Evacuate Collection Set: 0.4ms
[284.442s][info][gc,phases      ] GC(2007)   Other: 0.3ms
[284.442s][info][gc,heap        ] GC(2007) Eden regions: 225->0(225)
[284.442s][info][gc,heap        ] GC(2007) Survivor regions: 1->1(29)
[284.442s][info][gc,heap        ] GC(2007) Old regions: 56->56
[284.442s][info][gc,heap        ] GC(2007) Humongous regions: 6->6
[284.442s][info][gc,metaspace   ] GC(2007) Metaspace: 73960K->73960K(1116160K)
[284.442s][info][gc             ] GC(2007) Pause Young (Normal) (G1 Evacuation Pause) 285M->60M(378M) 3.513ms
[284.442s][info][gc,cpu         ] GC(2007) User=0.00s Sys=0.00s Real=0.00s
[284.555s][info][gc,start       ] GC(2008) Pause Young (Normal) (G1 Evacuation Pause)
[284.555s][info][gc,task        ] GC(2008) Using 1 workers of 1 for evacuation
[284.558s][info][gc,phases      ] GC(2008)   Pre Evacuate Collection Set: 0.0ms
[284.558s][info][gc,phases      ] GC(2008)   Evacuate Collection Set: 2.6ms
[284.558s][info][gc,phases      ] GC(2008)   Post Evacuate Collection Set: 0.4ms
[284.559s][info][gc,phases      ] GC(2008)   Other: 0.3ms
[284.559s][info][gc,heap        ] GC(2008) Eden regions: 225->0(225)
[284.559s][info][gc,heap        ] GC(2008) Survivor regions: 1->1(29)
[284.559s][info][gc,heap        ] GC(2008) Old regions: 56->56
[284.559s][info][gc,heap        ] GC(2008) Humongous regions: 11->6
[284.559s][info][gc,metaspace   ] GC(2008) Metaspace: 73960K->73960K(1116160K)
[284.559s][info][gc             ] GC(2008) Pause Young (Normal) (G1 Evacuation Pause) 290M->60M(378M) 3.325ms
[284.559s][info][gc,cpu         ] GC(2008) User=0.00s Sys=0.00s Real=0.01s
[284.666s][info][gc,start       ] GC(2009) Pause Young (Normal) (G1 Evacuation Pause)
[284.666s][info][gc,task        ] GC(2009) Using 1 workers of 1 for evacuation
[284.670s][info][gc,phases      ] GC(2009)   Pre Evacuate Collection Set: 0.0ms
[284.670s][info][gc,phases      ] GC(2009)   Evacuate Collection Set: 2.7ms
[284.670s][info][gc,phases      ] GC(2009)   Post Evacuate Collection Set: 0.3ms
[284.670s][info][gc,phases      ] GC(2009)   Other: 1.3ms
[284.670s][info][gc,heap        ] GC(2009) Eden regions: 225->0(225)
[284.670s][info][gc,heap        ] GC(2009) Survivor regions: 1->1(29)
[284.670s][info][gc,heap        ] GC(2009) Old regions: 56->56
[284.670s][info][gc,heap        ] GC(2009) Humongous regions: 6->6
[284.670s][info][gc,metaspace   ] GC(2009) Metaspace: 73960K->73960K(1116160K)
[284.670s][info][gc             ] GC(2009) Pause Young (Normal) (G1 Evacuation Pause) 285M->60M(378M) 4.392ms
[284.670s][info][gc,cpu         ] GC(2009) User=0.01s Sys=0.00s Real=0.01s
[284.782s][info][gc,start       ] GC(2010) Pause Young (Normal) (G1 Evacuation Pause)
[284.782s][info][gc,task        ] GC(2010) Using 1 workers of 1 for evacuation
[284.785s][info][gc,phases      ] GC(2010)   Pre Evacuate Collection Set: 0.0ms
[284.785s][info][gc,phases      ] GC(2010)   Evacuate Collection Set: 2.4ms
[284.785s][info][gc,phases      ] GC(2010)   Post Evacuate Collection Set: 0.3ms
[284.785s][info][gc,phases      ] GC(2010)   Other: 0.3ms
[284.785s][info][gc,heap        ] GC(2010) Eden regions: 225->0(225)
[284.785s][info][gc,heap        ] GC(2010) Survivor regions: 1->1(29)
[284.785s][info][gc,heap        ] GC(2010) Old regions: 56->56
[284.785s][info][gc,heap        ] GC(2010) Humongous regions: 6->6
[284.785s][info][gc,metaspace   ] GC(2010) Metaspace: 73960K->73960K(1116160K)
[284.785s][info][gc             ] GC(2010) Pause Young (Normal) (G1 Evacuation Pause) 285M->60M(378M) 3.110ms
[284.785s][info][gc,cpu         ] GC(2010) User=0.00s Sys=0.00s Real=0.00s
[284.890s][info][gc,start       ] GC(2011) Pause Young (Normal) (G1 Evacuation Pause)
[284.890s][info][gc,task        ] GC(2011) Using 1 workers of 1 for evacuation
[284.893s][info][gc,phases      ] GC(2011)   Pre Evacuate Collection Set: 0.0ms
[284.893s][info][gc,phases      ] GC(2011)   Evacuate Collection Set: 2.5ms
[284.893s][info][gc,phases      ] GC(2011)   Post Evacuate Collection Set: 0.4ms
[284.893s][info][gc,phases      ] GC(2011)   Other: 0.3ms
[284.893s][info][gc,heap        ] GC(2011) Eden regions: 225->0(225)
[284.893s][info][gc,heap        ] GC(2011) Survivor regions: 1->1(29)
[284.893s][info][gc,heap        ] GC(2011) Old regions: 56->56
[284.893s][info][gc,heap        ] GC(2011) Humongous regions: 6->6
[284.893s][info][gc,metaspace   ] GC(2011) Metaspace: 73960K->73960K(1116160K)
[284.893s][info][gc             ] GC(2011) Pause Young (Normal) (G1 Evacuation Pause) 285M->60M(378M) 3.224ms
[284.894s][info][gc,cpu         ] GC(2011) User=0.00s Sys=0.00s Real=0.00s
[285.002s][info][gc,start       ] GC(2012) Pause Young (Normal) (G1 Evacuation Pause)
[285.002s][info][gc,task        ] GC(2012) Using 1 workers of 1 for evacuation
[285.005s][info][gc,phases      ] GC(2012)   Pre Evacuate Collection Set: 0.0ms
[285.005s][info][gc,phases      ] GC(2012)   Evacuate Collection Set: 2.5ms
[285.005s][info][gc,phases      ] GC(2012)   Post Evacuate Collection Set: 0.3ms
[285.005s][info][gc,phases      ] GC(2012)   Other: 0.3ms
[285.005s][info][gc,heap        ] GC(2012) Eden regions: 225->0(225)
[285.005s][info][gc,heap        ] GC(2012) Survivor regions: 1->1(29)
[285.005s][info][gc,heap        ] GC(2012) Old regions: 56->56
[285.005s][info][gc,heap        ] GC(2012) Humongous regions: 6->6
[285.005s][info][gc,metaspace   ] GC(2012) Metaspace: 73960K->73960K(1116160K)
[285.005s][info][gc             ] GC(2012) Pause Young (Normal) (G1 Evacuation Pause) 285M->60M(378M) 3.234ms
[285.005s][info][gc,cpu         ] GC(2012) User=0.00s Sys=0.00s Real=0.00s
[285.116s][info][gc,start       ] GC(2013) Pause Young (Normal) (G1 Evacuation Pause)
[285.116s][info][gc,task        ] GC(2013) Using 1 workers of 1 for evacuation
[285.119s][info][gc,phases      ] GC(2013)   Pre Evacuate Collection Set: 0.0ms
[285.119s][info][gc,phases      ] GC(2013)   Evacuate Collection Set: 2.7ms
[285.119s][info][gc,phases      ] GC(2013)   Post Evacuate Collection Set: 0.4ms
[285.119s][info][gc,phases      ] GC(2013)   Other: 0.3ms
[285.119s][info][gc,heap        ] GC(2013) Eden regions: 225->0(225)
[285.119s][info][gc,heap        ] GC(2013) Survivor regions: 1->1(29)
[285.119s][info][gc,heap        ] GC(2013) Old regions: 56->56
[285.119s][info][gc,heap        ] GC(2013) Humongous regions: 6->6
[285.119s][info][gc,metaspace   ] GC(2013) Metaspace: 73960K->73960K(1116160K)
[285.119s][info][gc             ] GC(2013) Pause Young (Normal) (G1 Evacuation Pause) 285M->60M(378M) 3.461ms
[285.119s][info][gc,cpu         ] GC(2013) User=0.01s Sys=0.00s Real=0.01s
[285.226s][info][gc,start       ] GC(2014) Pause Young (Normal) (G1 Evacuation Pause)
[285.226s][info][gc,task        ] GC(2014) Using 1 workers of 1 for evacuation
[285.229s][info][gc,phases      ] GC(2014)   Pre Evacuate Collection Set: 0.0ms
[285.229s][info][gc,phases      ] GC(2014)   Evacuate Collection Set: 2.6ms
[285.229s][info][gc,phases      ] GC(2014)   Post Evacuate Collection Set: 0.4ms
[285.229s][info][gc,phases      ] GC(2014)   Other: 0.3ms
[285.229s][info][gc,heap        ] GC(2014) Eden regions: 225->0(225)
[285.229s][info][gc,heap        ] GC(2014) Survivor regions: 1->1(29)
[285.229s][info][gc,heap        ] GC(2014) Old regions: 56->56
[285.229s][info][gc,heap        ] GC(2014) Humongous regions: 6->6
[285.229s][info][gc,metaspace   ] GC(2014) Metaspace: 73960K->73960K(1116160K)
[285.229s][info][gc             ] GC(2014) Pause Young (Normal) (G1 Evacuation Pause) 285M->60M(378M) 3.335ms
[285.229s][info][gc,cpu         ] GC(2014) User=0.01s Sys=0.00s Real=0.00s
[285.351s][info][gc,start       ] GC(2015) Pause Young (Normal) (G1 Evacuation Pause)
[285.351s][info][gc,task        ] GC(2015) Using 1 workers of 1 for evacuation
[285.355s][info][gc,phases      ] GC(2015)   Pre Evacuate Collection Set: 0.0ms
[285.355s][info][gc,phases      ] GC(2015)   Evacuate Collection Set: 2.9ms
[285.355s][info][gc,phases      ] GC(2015)   Post Evacuate Collection Set: 0.4ms
[285.355s][info][gc,phases      ] GC(2015)   Other: 0.3ms
[285.355s][info][gc,heap        ] GC(2015) Eden regions: 225->0(225)
[285.355s][info][gc,heap        ] GC(2015) Survivor regions: 1->1(29)
[285.355s][info][gc,heap        ] GC(2015) Old regions: 56->56
[285.355s][info][gc,heap        ] GC(2015) Humongous regions: 11->6
[285.355s][info][gc,metaspace   ] GC(2015) Metaspace: 73960K->73960K(1116160K)
[285.355s][info][gc             ] GC(2015) Pause Young (Normal) (G1 Evacuation Pause) 290M->60M(378M) 3.632ms
[285.355s][info][gc,cpu         ] GC(2015) User=0.01s Sys=0.00s Real=0.00s
[285.462s][info][gc,start       ] GC(2016) Pause Young (Normal) (G1 Evacuation Pause)
[285.463s][info][gc,task        ] GC(2016) Using 1 workers of 1 for evacuation
[285.466s][info][gc,phases      ] GC(2016)   Pre Evacuate Collection Set: 0.0ms
[285.466s][info][gc,phases      ] GC(2016)   Evacuate Collection Set: 2.7ms
[285.466s][info][gc,phases      ] GC(2016)   Post Evacuate Collection Set: 0.4ms
[285.466s][info][gc,phases      ] GC(2016)   Other: 0.3ms
[285.466s][info][gc,heap        ] GC(2016) Eden regions: 225->0(225)
[285.466s][info][gc,heap        ] GC(2016) Survivor regions: 1->1(29)
[285.466s][info][gc,heap        ] GC(2016) Old regions: 56->56
[285.466s][info][gc,heap        ] GC(2016) Humongous regions: 6->6
[285.466s][info][gc,metaspace   ] GC(2016) Metaspace: 73960K->73960K(1116160K)
[285.466s][info][gc             ] GC(2016) Pause Young (Normal) (G1 Evacuation Pause) 285M->60M(378M) 3.439ms
[285.466s][info][gc,cpu         ] GC(2016) User=0.01s Sys=0.00s Real=0.00s
[285.569s][info][gc,start       ] GC(2017) Pause Young (Normal) (G1 Evacuation Pause)
[285.569s][info][gc,task        ] GC(2017) Using 1 workers of 1 for evacuation
[285.572s][info][gc,phases      ] GC(2017)   Pre Evacuate Collection Set: 0.0ms
[285.572s][info][gc,phases      ] GC(2017)   Evacuate Collection Set: 2.6ms
[285.572s][info][gc,phases      ] GC(2017)   Post Evacuate Collection Set: 0.4ms
[285.572s][info][gc,phases      ] GC(2017)   Other: 0.4ms
[285.572s][info][gc,heap        ] GC(2017) Eden regions: 225->0(225)
[285.572s][info][gc,heap        ] GC(2017) Survivor regions: 1->1(29)
[285.572s][info][gc,heap        ] GC(2017) Old regions: 56->56
[285.572s][info][gc,heap        ] GC(2017) Humongous regions: 6->6
[285.572s][info][gc,metaspace   ] GC(2017) Metaspace: 73960K->73960K(1116160K)
[285.572s][info][gc             ] GC(2017) Pause Young (Normal) (G1 Evacuation Pause) 285M->60M(378M) 3.447ms
[285.573s][info][gc,cpu         ] GC(2017) User=0.00s Sys=0.00s Real=0.01s
[285.680s][info][gc,start       ] GC(2018) Pause Young (Normal) (G1 Evacuation Pause)
[285.680s][info][gc,task        ] GC(2018) Using 1 workers of 1 for evacuation
[285.683s][info][gc,phases      ] GC(2018)   Pre Evacuate Collection Set: 0.0ms
[285.683s][info][gc,phases      ] GC(2018)   Evacuate Collection Set: 2.7ms
[285.683s][info][gc,phases      ] GC(2018)   Post Evacuate Collection Set: 0.4ms
[285.683s][info][gc,phases      ] GC(2018)   Other: 0.3ms
[285.683s][info][gc,heap        ] GC(2018) Eden regions: 225->0(225)
[285.683s][info][gc,heap        ] GC(2018) Survivor regions: 1->1(29)
[285.683s][info][gc,heap        ] GC(2018) Old regions: 56->56
[285.683s][info][gc,heap        ] GC(2018) Humongous regions: 6->6
[285.683s][info][gc,metaspace   ] GC(2018) Metaspace: 73960K->73960K(1116160K)
[285.683s][info][gc             ] GC(2018) Pause Young (Normal) (G1 Evacuation Pause) 285M->60M(378M) 3.404ms
[285.683s][info][gc,cpu         ] GC(2018) User=0.00s Sys=0.00s Real=0.00s
[285.796s][info][gc,start       ] GC(2019) Pause Young (Normal) (G1 Evacuation Pause)
[285.796s][info][gc,task        ] GC(2019) Using 1 workers of 1 for evacuation
[285.799s][info][gc,phases      ] GC(2019)   Pre Evacuate Collection Set: 0.0ms
[285.799s][info][gc,phases      ] GC(2019)   Evacuate Collection Set: 2.6ms
[285.799s][info][gc,phases      ] GC(2019)   Post Evacuate Collection Set: 0.4ms
[285.799s][info][gc,phases      ] GC(2019)   Other: 0.3ms
[285.799s][info][gc,heap        ] GC(2019) Eden regions: 225->0(225)
[285.799s][info][gc,heap        ] GC(2019) Survivor regions: 1->1(29)
[285.799s][info][gc,heap        ] GC(2019) Old regions: 56->56
[285.799s][info][gc,heap        ] GC(2019) Humongous regions: 6->6
[285.799s][info][gc,metaspace   ] GC(2019) Metaspace: 73960K->73960K(1116160K)
[285.799s][info][gc             ] GC(2019) Pause Young (Normal) (G1 Evacuation Pause) 285M->60M(378M) 3.349ms
[285.799s][info][gc,cpu         ] GC(2019) User=0.00s Sys=0.00s Real=0.01s
[285.904s][info][gc,start       ] GC(2020) Pause Young (Normal) (G1 Evacuation Pause)
[285.904s][info][gc,task        ] GC(2020) Using 1 workers of 1 for evacuation
[285.907s][info][gc,phases      ] GC(2020)   Pre Evacuate Collection Set: 0.0ms
[285.907s][info][gc,phases      ] GC(2020)   Evacuate Collection Set: 2.7ms
[285.907s][info][gc,phases      ] GC(2020)   Post Evacuate Collection Set: 0.4ms
[285.907s][info][gc,phases      ] GC(2020)   Other: 0.3ms
[285.907s][info][gc,heap        ] GC(2020) Eden regions: 225->0(225)
[285.907s][info][gc,heap        ] GC(2020) Survivor regions: 1->1(29)
[285.907s][info][gc,heap        ] GC(2020) Old regions: 56->56
[285.907s][info][gc,heap        ] GC(2020) Humongous regions: 6->6
[285.907s][info][gc,metaspace   ] GC(2020) Metaspace: 73960K->73960K(1116160K)
[285.907s][info][gc             ] GC(2020) Pause Young (Normal) (G1 Evacuation Pause) 285M->60M(378M) 3.406ms
[285.907s][info][gc,cpu         ] GC(2020) User=0.01s Sys=0.00s Real=0.00s
[286.013s][info][gc,start       ] GC(2021) Pause Young (Normal) (G1 Evacuation Pause)
[286.013s][info][gc,task        ] GC(2021) Using 1 workers of 1 for evacuation
[286.017s][info][gc,phases      ] GC(2021)   Pre Evacuate Collection Set: 0.0ms
[286.017s][info][gc,phases      ] GC(2021)   Evacuate Collection Set: 2.7ms
[286.017s][info][gc,phases      ] GC(2021)   Post Evacuate Collection Set: 0.4ms
[286.017s][info][gc,phases      ] GC(2021)   Other: 0.3ms
[286.017s][info][gc,heap        ] GC(2021) Eden regions: 225->0(225)
[286.017s][info][gc,heap        ] GC(2021) Survivor regions: 1->1(29)
[286.017s][info][gc,heap        ] GC(2021) Old regions: 56->56
[286.017s][info][gc,heap        ] GC(2021) Humongous regions: 6->6
[286.017s][info][gc,metaspace   ] GC(2021) Metaspace: 73960K->73960K(1116160K)
[286.017s][info][gc             ] GC(2021) Pause Young (Normal) (G1 Evacuation Pause) 285M->60M(378M) 3.405ms
[286.017s][info][gc,cpu         ] GC(2021) User=0.01s Sys=0.00s Real=0.00s
[286.123s][info][gc,start       ] GC(2022) Pause Young (Normal) (G1 Evacuation Pause)
[286.123s][info][gc,task        ] GC(2022) Using 1 workers of 1 for evacuation
[286.126s][info][gc,phases      ] GC(2022)   Pre Evacuate Collection Set: 0.0ms
[286.126s][info][gc,phases      ] GC(2022)   Evacuate Collection Set: 2.6ms
[286.126s][info][gc,phases      ] GC(2022)   Post Evacuate Collection Set: 0.4ms
[286.126s][info][gc,phases      ] GC(2022)   Other: 0.3ms
[286.126s][info][gc,heap        ] GC(2022) Eden regions: 225->0(225)
[286.126s][info][gc,heap        ] GC(2022) Survivor regions: 1->1(29)
[286.126s][info][gc,heap        ] GC(2022) Old regions: 56->56
[286.126s][info][gc,heap        ] GC(2022) Humongous regions: 6->6
[286.126s][info][gc,metaspace   ] GC(2022) Metaspace: 73960K->73960K(1116160K)
[286.126s][info][gc             ] GC(2022) Pause Young (Normal) (G1 Evacuation Pause) 285M->60M(378M) 3.380ms
[286.126s][info][gc,cpu         ] GC(2022) User=0.01s Sys=0.00s Real=0.00s
[286.247s][info][gc,start       ] GC(2023) Pause Young (Normal) (G1 Evacuation Pause)
[286.247s][info][gc,task        ] GC(2023) Using 1 workers of 1 for evacuation
[286.251s][info][gc,phases      ] GC(2023)   Pre Evacuate Collection Set: 0.0ms
[286.251s][info][gc,phases      ] GC(2023)   Evacuate Collection Set: 2.6ms
[286.251s][info][gc,phases      ] GC(2023)   Post Evacuate Collection Set: 0.4ms
[286.251s][info][gc,phases      ] GC(2023)   Other: 0.3ms
[286.251s][info][gc,heap        ] GC(2023) Eden regions: 225->0(225)
[286.251s][info][gc,heap        ] GC(2023) Survivor regions: 1->1(29)
[286.251s][info][gc,heap        ] GC(2023) Old regions: 56->56
[286.251s][info][gc,heap        ] GC(2023) Humongous regions: 11->6
[286.251s][info][gc,metaspace   ] GC(2023) Metaspace: 73960K->73960K(1116160K)
[286.251s][info][gc             ] GC(2023) Pause Young (Normal) (G1 Evacuation Pause) 290M->60M(378M) 3.321ms
[286.251s][info][gc,cpu         ] GC(2023) User=0.00s Sys=0.00s Real=0.01s
[286.356s][info][gc,start       ] GC(2024) Pause Young (Normal) (G1 Evacuation Pause)
[286.356s][info][gc,task        ] GC(2024) Using 1 workers of 1 for evacuation
[286.359s][info][gc,phases      ] GC(2024)   Pre Evacuate Collection Set: 0.0ms
[286.359s][info][gc,phases      ] GC(2024)   Evacuate Collection Set: 2.6ms
[286.359s][info][gc,phases      ] GC(2024)   Post Evacuate Collection Set: 0.4ms
[286.359s][info][gc,phases      ] GC(2024)   Other: 0.4ms
[286.359s][info][gc,heap        ] GC(2024) Eden regions: 225->0(225)
[286.359s][info][gc,heap        ] GC(2024) Survivor regions: 1->1(29)
[286.359s][info][gc,heap        ] GC(2024) Old regions: 56->56
[286.359s][info][gc,heap        ] GC(2024) Humongous regions: 6->6
[286.359s][info][gc,metaspace   ] GC(2024) Metaspace: 73960K->73960K(1116160K)
[286.359s][info][gc             ] GC(2024) Pause Young (Normal) (G1 Evacuation Pause) 285M->60M(378M) 3.349ms
[286.359s][info][gc,cpu         ] GC(2024) User=0.01s Sys=0.00s Real=0.01s
[286.464s][info][gc,start       ] GC(2025) Pause Young (Normal) (G1 Evacuation Pause)
[286.464s][info][gc,task        ] GC(2025) Using 1 workers of 1 for evacuation
[286.467s][info][gc,phases      ] GC(2025)   Pre Evacuate Collection Set: 0.0ms
[286.467s][info][gc,phases      ] GC(2025)   Evacuate Collection Set: 2.5ms
[286.467s][info][gc,phases      ] GC(2025)   Post Evacuate Collection Set: 0.3ms
[286.467s][info][gc,phases      ] GC(2025)   Other: 0.3ms
[286.467s][info][gc,heap        ] GC(2025) Eden regions: 225->0(225)
[286.467s][info][gc,heap        ] GC(2025) Survivor regions: 1->1(29)
[286.467s][info][gc,heap        ] GC(2025) Old regions: 56->56
[286.467s][info][gc,heap        ] GC(2025) Humongous regions: 6->6
[286.467s][info][gc,metaspace   ] GC(2025) Metaspace: 73960K->73960K(1116160K)
[286.467s][info][gc             ] GC(2025) Pause Young (Normal) (G1 Evacuation Pause) 285M->60M(378M) 3.171ms
[286.467s][info][gc,cpu         ] GC(2025) User=0.01s Sys=0.00s Real=0.00s
[286.570s][info][gc,start       ] GC(2026) Pause Young (Normal) (G1 Evacuation Pause)
[286.570s][info][gc,task        ] GC(2026) Using 1 workers of 1 for evacuation
[286.574s][info][gc,phases      ] GC(2026)   Pre Evacuate Collection Set: 0.0ms
[286.574s][info][gc,phases      ] GC(2026)   Evacuate Collection Set: 2.5ms
[286.574s][info][gc,phases      ] GC(2026)   Post Evacuate Collection Set: 0.3ms
[286.574s][info][gc,phases      ] GC(2026)   Other: 0.3ms
[286.574s][info][gc,heap        ] GC(2026) Eden regions: 225->0(225)
[286.574s][info][gc,heap        ] GC(2026) Survivor regions: 1->1(29)
[286.574s][info][gc,heap        ] GC(2026) Old regions: 56->56
[286.574s][info][gc,heap        ] GC(2026) Humongous regions: 6->6
[286.574s][info][gc,metaspace   ] GC(2026) Metaspace: 73960K->73960K(1116160K)
[286.574s][info][gc             ] GC(2026) Pause Young (Normal) (G1 Evacuation Pause) 285M->60M(378M) 3.237ms
[286.574s][info][gc,cpu         ] GC(2026) User=0.00s Sys=0.01s Real=0.00s
[286.694s][info][gc,start       ] GC(2027) Pause Young (Normal) (G1 Evacuation Pause)
[286.695s][info][gc,task        ] GC(2027) Using 1 workers of 1 for evacuation
[286.698s][info][gc,phases      ] GC(2027)   Pre Evacuate Collection Set: 0.0ms
[286.698s][info][gc,phases      ] GC(2027)   Evacuate Collection Set: 2.6ms
[286.698s][info][gc,phases      ] GC(2027)   Post Evacuate Collection Set: 0.3ms
[286.698s][info][gc,phases      ] GC(2027)   Other: 0.3ms
[286.698s][info][gc,heap        ] GC(2027) Eden regions: 225->0(225)
[286.698s][info][gc,heap        ] GC(2027) Survivor regions: 1->1(29)
[286.698s][info][gc,heap        ] GC(2027) Old regions: 56->56
[286.698s][info][gc,heap        ] GC(2027) Humongous regions: 6->6
[286.698s][info][gc,metaspace   ] GC(2027) Metaspace: 73960K->73960K(1116160K)
[286.698s][info][gc             ] GC(2027) Pause Young (Normal) (G1 Evacuation Pause) 285M->60M(378M) 3.264ms
[286.698s][info][gc,cpu         ] GC(2027) User=0.00s Sys=0.00s Real=0.01s
[286.809s][info][gc,start       ] GC(2028) Pause Young (Normal) (G1 Evacuation Pause)
[286.809s][info][gc,task        ] GC(2028) Using 1 workers of 1 for evacuation
[286.812s][info][gc,phases      ] GC(2028)   Pre Evacuate Collection Set: 0.0ms
[286.812s][info][gc,phases      ] GC(2028)   Evacuate Collection Set: 2.7ms
[286.812s][info][gc,phases      ] GC(2028)   Post Evacuate Collection Set: 0.4ms
[286.812s][info][gc,phases      ] GC(2028)   Other: 0.3ms
[286.812s][info][gc,heap        ] GC(2028) Eden regions: 225->0(225)
[286.812s][info][gc,heap        ] GC(2028) Survivor regions: 1->1(29)
[286.812s][info][gc,heap        ] GC(2028) Old regions: 56->56
[286.812s][info][gc,heap        ] GC(2028) Humongous regions: 6->6
[286.812s][info][gc,metaspace   ] GC(2028) Metaspace: 73960K->73960K(1116160K)
[286.812s][info][gc             ] GC(2028) Pause Young (Normal) (G1 Evacuation Pause) 285M->60M(378M) 3.378ms
[286.812s][info][gc,cpu         ] GC(2028) User=0.00s Sys=0.00s Real=0.01s
[286.921s][info][gc,start       ] GC(2029) Pause Young (Normal) (G1 Evacuation Pause)
[286.921s][info][gc,task        ] GC(2029) Using 1 workers of 1 for evacuation
[286.924s][info][gc,phases      ] GC(2029)   Pre Evacuate Collection Set: 0.0ms
[286.924s][info][gc,phases      ] GC(2029)   Evacuate Collection Set: 2.7ms
[286.924s][info][gc,phases      ] GC(2029)   Post Evacuate Collection Set: 0.4ms
[286.924s][info][gc,phases      ] GC(2029)   Other: 0.3ms
[286.924s][info][gc,heap        ] GC(2029) Eden regions: 225->0(225)
[286.924s][info][gc,heap        ] GC(2029) Survivor regions: 1->1(29)
[286.924s][info][gc,heap        ] GC(2029) Old regions: 56->56
[286.924s][info][gc,heap        ] GC(2029) Humongous regions: 6->6
[286.924s][info][gc,metaspace   ] GC(2029) Metaspace: 73960K->73960K(1116160K)
[286.924s][info][gc             ] GC(2029) Pause Young (Normal) (G1 Evacuation Pause) 285M->60M(378M) 3.438ms
[286.924s][info][gc,cpu         ] GC(2029) User=0.00s Sys=0.00s Real=0.00s
[287.053s][info][gc,start       ] GC(2030) Pause Young (Normal) (G1 Evacuation Pause)
[287.053s][info][gc,task        ] GC(2030) Using 1 workers of 1 for evacuation
[287.056s][info][gc,phases      ] GC(2030)   Pre Evacuate Collection Set: 0.0ms
[287.056s][info][gc,phases      ] GC(2030)   Evacuate Collection Set: 2.8ms
[287.056s][info][gc,phases      ] GC(2030)   Post Evacuate Collection Set: 0.3ms
[287.056s][info][gc,phases      ] GC(2030)   Other: 0.3ms
[287.056s][info][gc,heap        ] GC(2030) Eden regions: 225->0(225)
[287.056s][info][gc,heap        ] GC(2030) Survivor regions: 1->1(29)
[287.056s][info][gc,heap        ] GC(2030) Old regions: 56->57
[287.056s][info][gc,heap        ] GC(2030) Humongous regions: 11->6
[287.056s][info][gc,metaspace   ] GC(2030) Metaspace: 73967K->73967K(1116160K)
[287.056s][info][gc             ] GC(2030) Pause Young (Normal) (G1 Evacuation Pause) 290M->60M(378M) 3.492ms
[287.057s][info][gc,cpu         ] GC(2030) User=0.00s Sys=0.00s Real=0.00s
[287.163s][info][gc,start       ] GC(2031) Pause Young (Normal) (G1 Evacuation Pause)
[287.163s][info][gc,task        ] GC(2031) Using 1 workers of 1 for evacuation
