[0.003s][info][gc,init] Initializing The Z Garbage Collector
[0.003s][info][gc,init] Version: 11.0.15+10-Ubuntu-0ubuntu0.20.04.1 (release)
[0.003s][info][gc,init] NUMA Support: Disabled
[0.003s][info][gc,init] CPUs: 1 total, 1 available
[0.003s][info][gc,init] Memory: 3926M
[0.003s][info][gc,init] Large Page Support: Disabled
[0.003s][info][gc,init] Workers: 1 parallel, 1 concurrent
[0.003s][info][gc,init] Heap backed by file: /memfd:java_heap
[0.003s][info][gc,init] Available space on backing filesystem: N/A
[0.044s][info][gc,init] Pre-touching: Disabled
[0.049s][info][gc,init] Pre-mapping: 62M
[0.074s][info][gc,init] Runtime Workers: 1 parallel
[0.074s][info][gc     ] Using The Z Garbage Collector
[0.682s][info][gc,start] GC(0) Garbage Collection (System.gc())
[0.682s][info][gc,phases] GC(0) Pause Mark Start 0.222ms
[0.684s][info][gc,phases] GC(0) Concurrent Mark 1.505ms
[0.688s][info][gc,phases] GC(0) Pause Mark End 0.026ms
[0.689s][info][gc,phases] GC(0) Concurrent Process Non-Strong References 0.060ms
[0.689s][info][gc,phases] GC(0) Concurrent Reset Relocation Set 0.000ms
[0.689s][info][gc,phases] GC(0) Concurrent Destroy Detached Pages 0.000ms
[0.698s][info][gc,phases] GC(0) Concurrent Select Relocation Set 9.017ms
[0.698s][info][gc,phases] GC(0) Concurrent Prepare Relocation Set 0.087ms
[0.698s][info][gc,phases] GC(0) Pause Relocate Start 0.269ms
[0.704s][info][gc,phases] GC(0) Concurrent Relocate 4.020ms
[0.705s][info][gc,load  ] GC(0) Load: 2.77/1.21/0.69
[0.705s][info][gc,mmu   ] GC(0) MMU: 2ms/86.6%, 5ms/94.6%, 10ms/97.0%, 20ms/97.4%, 50ms/99.0%, 100ms/99.5%
[0.705s][info][gc,marking] GC(0) Mark: 1 stripe(s), 1 proactive flush(es), 1 terminate flush(es), 0 completion(s), 0 continuation(s) 
[0.705s][info][gc,reloc  ] GC(0) Relocation: Successful, 1M relocated
[0.705s][info][gc,nmethod] GC(0) NMethods: 92 registered, 0 unregistered
[0.705s][info][gc,metaspace] GC(0) Metaspace: 6M used, 6M capacity, 6M committed, 8M reserved
[0.705s][info][gc,ref      ] GC(0) Soft: 63 encountered, 0 discovered, 0 enqueued
[0.705s][info][gc,ref      ] GC(0) Weak: 97 encountered, 81 discovered, 46 enqueued
[0.705s][info][gc,ref      ] GC(0) Final: 3 encountered, 0 discovered, 0 enqueued
[0.705s][info][gc,ref      ] GC(0) Phantom: 94 encountered, 51 discovered, 40 enqueued
[0.705s][info][gc,heap     ] GC(0)                Mark Start          Mark End        Relocate Start      Relocate End           High               Low         
[0.705s][info][gc,heap     ] GC(0)  Capacity:       96M (10%)          96M (10%)          96M (10%)          96M (10%)          96M (10%)          96M (10%)    
[0.705s][info][gc,heap     ] GC(0)   Reserve:       34M (3%)           34M (3%)           34M (3%)           34M (3%)           34M (3%)           34M (3%)     
[0.705s][info][gc,heap     ] GC(0)      Free:      940M (96%)         940M (96%)         938M (96%)         944M (96%)         944M (96%)         936M (95%)    
[0.705s][info][gc,heap     ] GC(0)      Used:        8M (1%)            8M (1%)           10M (1%)            4M (0%)           12M (1%)            4M (0%)     
[0.705s][info][gc,heap     ] GC(0)      Live:         -                 1M (0%)            1M (0%)            1M (0%)             -                  -          
[0.705s][info][gc,heap     ] GC(0) Allocated:         -                 0M (0%)            2M (0%)            4M (0%)             -                  -          
[0.705s][info][gc,heap     ] GC(0)   Garbage:         -                 6M (1%)            6M (1%)            0M (0%)             -                  -          
[0.705s][info][gc,heap     ] GC(0) Reclaimed:         -                  -                 0M (0%)            6M (1%)             -                  -          
[0.705s][info][gc          ] GC(0) Garbage Collection (System.gc()) 8M(1%)->4M(0%)
[10.136s][info][gc,stats    ] === Garbage Collection Statistics =======================================================================================================================
[10.136s][info][gc,stats    ]                                                              Last 10s              Last 10m              Last 10h                Total
[10.136s][info][gc,stats    ]                                                              Avg / Max             Avg / Max             Avg / Max             Avg / Max
[10.136s][info][gc,stats    ]   Collector: Garbage Collection Cycle                     22.685 / 22.685       22.685 / 22.685       22.685 / 22.685       22.685 / 22.685      ms
[10.136s][info][gc,stats    ]  Contention: Mark Segment Reset Contention                     0 / 0                 0 / 0                 0 / 0                 0 / 0           ops/s
[10.136s][info][gc,stats    ]  Contention: Mark SeqNum Reset Contention                      0 / 0                 0 / 0                 0 / 0                 0 / 0           ops/s
[10.136s][info][gc,stats    ]  Contention: Relocation Contention                             0 / 0                 0 / 0                 0 / 0                 0 / 0           ops/s
[10.136s][info][gc,stats    ]    Critical: Allocation Stall                              0.000 / 0.000         0.000 / 0.000         0.000 / 0.000         0.000 / 0.000       ms
[10.136s][info][gc,stats    ]    Critical: Allocation Stall                                  0 / 0                 0 / 0                 0 / 0                 0 / 0           ops/s
[10.136s][info][gc,stats    ]    Critical: GC Locker Stall                               0.000 / 0.000         0.000 / 0.000         0.000 / 0.000         0.000 / 0.000       ms
[10.136s][info][gc,stats    ]    Critical: GC Locker Stall                                   0 / 0                 0 / 0                 0 / 0                 0 / 0           ops/s
[10.136s][info][gc,stats    ]      Memory: Allocation Rate                                   6 / 14                6 / 14                6 / 14                6 / 14          MB/s
[10.136s][info][gc,stats    ]      Memory: Heap Used After Mark                              8 / 8                 8 / 8                 8 / 8                 8 / 8           MB
[10.136s][info][gc,stats    ]      Memory: Heap Used After Relocation                        4 / 4                 4 / 4                 4 / 4                 4 / 4           MB
[10.136s][info][gc,stats    ]      Memory: Heap Used Before Mark                             8 / 8                 8 / 8                 8 / 8                 8 / 8           MB
[10.136s][info][gc,stats    ]      Memory: Heap Used Before Relocation                      10 / 10               10 / 10               10 / 10               10 / 10          MB
[10.136s][info][gc,stats    ]      Memory: Out Of Memory                                     0 / 0                 0 / 0                 0 / 0                 0 / 0           ops/s
[10.136s][info][gc,stats    ]      Memory: Page Cache Flush                                  0 / 0                 0 / 0                 0 / 0                 0 / 0           MB/s
[10.136s][info][gc,stats    ]      Memory: Page Cache Hit L1                                 0 / 2                 0 / 2                 0 / 2                 0 / 2           ops/s
[10.136s][info][gc,stats    ]      Memory: Page Cache Hit L2                                 0 / 0                 0 / 0                 0 / 0                 0 / 0           ops/s
[10.136s][info][gc,stats    ]      Memory: Page Cache Miss                                   2 / 6                 2 / 6                 2 / 6                 2 / 6           ops/s
[10.136s][info][gc,stats    ]      Memory: Undo Object Allocation Failed                     0 / 0                 0 / 0                 0 / 0                 0 / 0           ops/s
[10.136s][info][gc,stats    ]      Memory: Undo Object Allocation Succeeded                  0 / 0                 0 / 0                 0 / 0                 0 / 0           ops/s
[10.136s][info][gc,stats    ]      Memory: Undo Page Allocation                              0 / 0                 0 / 0                 0 / 0                 0 / 0           ops/s
[10.136s][info][gc,stats    ]       Phase: Concurrent Destroy Detached Pages             0.000 / 0.000         0.000 / 0.000         0.000 / 0.000         0.000 / 0.000       ms
[10.136s][info][gc,stats    ]       Phase: Concurrent Mark                               1.505 / 1.505         1.505 / 1.505         1.505 / 1.505         1.505 / 1.505       ms
[10.136s][info][gc,stats    ]       Phase: Concurrent Mark Continue                      0.000 / 0.000         0.000 / 0.000         0.000 / 0.000         0.000 / 0.000       ms
[10.136s][info][gc,stats    ]       Phase: Concurrent Prepare Relocation Set             0.087 / 0.087         0.087 / 0.087         0.087 / 0.087         0.087 / 0.087       ms
[10.136s][info][gc,stats    ]       Phase: Concurrent Process Non-Strong References      0.060 / 0.060         0.060 / 0.060         0.060 / 0.060         0.060 / 0.060       ms
[10.136s][info][gc,stats    ]       Phase: Concurrent Relocate                           4.020 / 4.020         4.020 / 4.020         4.020 / 4.020         4.020 / 4.020       ms
[10.136s][info][gc,stats    ]       Phase: Concurrent Reset Relocation Set               0.000 / 0.000         0.000 / 0.000         0.000 / 0.000         0.000 / 0.000       ms
[10.136s][info][gc,stats    ]       Phase: Concurrent Select Relocation Set              9.017 / 9.017         9.017 / 9.017         9.017 / 9.017         9.017 / 9.017       ms
[10.136s][info][gc,stats    ]       Phase: Pause Mark End                                0.026 / 0.026         0.026 / 0.026         0.026 / 0.026         0.026 / 0.026       ms
[10.136s][info][gc,stats    ]       Phase: Pause Mark Start                              0.222 / 0.222         0.222 / 0.222         0.222 / 0.222         0.222 / 0.222       ms
[10.136s][info][gc,stats    ]       Phase: Pause Relocate Start                          0.269 / 0.269         0.269 / 0.269         0.269 / 0.269         0.269 / 0.269       ms
[10.136s][info][gc,stats    ]    Subphase: Concurrent Mark                               1.493 / 1.493         1.493 / 1.493         1.493 / 1.493         1.493 / 1.493       ms
[10.136s][info][gc,stats    ]    Subphase: Concurrent Mark Idle                          0.000 / 0.000         0.000 / 0.000         0.000 / 0.000         0.000 / 0.000       ms
[10.136s][info][gc,stats    ]    Subphase: Concurrent Mark Try Flush                     0.030 / 0.055         0.030 / 0.055         0.030 / 0.055         0.030 / 0.055       ms
[10.136s][info][gc,stats    ]    Subphase: Concurrent Mark Try Terminate                 0.002 / 0.005         0.002 / 0.005         0.002 / 0.005         0.002 / 0.005       ms
[10.136s][info][gc,stats    ]    Subphase: Concurrent References Enqueue                 0.002 / 0.002         0.002 / 0.002         0.002 / 0.002         0.002 / 0.002       ms
[10.136s][info][gc,stats    ]    Subphase: Concurrent References Process                 0.011 / 0.011         0.011 / 0.011         0.011 / 0.011         0.011 / 0.011       ms
[10.136s][info][gc,stats    ]    Subphase: Concurrent Weak Roots                         0.043 / 0.043         0.043 / 0.043         0.043 / 0.043         0.043 / 0.043       ms
[10.136s][info][gc,stats    ]    Subphase: Concurrent Weak Roots JNIWeakHandles          0.000 / 0.000         0.000 / 0.000         0.000 / 0.000         0.000 / 0.000       ms
[10.136s][info][gc,stats    ]    Subphase: Concurrent Weak Roots StringTable             0.042 / 0.042         0.042 / 0.042         0.042 / 0.042         0.042 / 0.042       ms
[10.136s][info][gc,stats    ]    Subphase: Concurrent Weak Roots VMWeakHandles           0.001 / 0.001         0.001 / 0.001         0.001 / 0.001         0.001 / 0.001       ms
[10.136s][info][gc,stats    ]    Subphase: Pause Mark Try Complete                       0.000 / 0.000         0.000 / 0.000         0.000 / 0.000         0.000 / 0.000       ms
[10.136s][info][gc,stats    ]    Subphase: Pause Remap TLABS                             0.000 / 0.000         0.000 / 0.000         0.000 / 0.000         0.000 / 0.000       ms
[10.136s][info][gc,stats    ]    Subphase: Pause Retire TLABS                            0.003 / 0.003         0.003 / 0.003         0.003 / 0.003         0.003 / 0.003       ms
[10.136s][info][gc,stats    ]    Subphase: Pause Roots                                   0.156 / 0.257         0.156 / 0.257         0.156 / 0.257         0.156 / 0.257       ms
[10.136s][info][gc,stats    ]    Subphase: Pause Roots ClassLoaderDataGraph              0.092 / 0.172         0.092 / 0.172         0.092 / 0.172         0.092 / 0.172       ms
[10.136s][info][gc,stats    ]    Subphase: Pause Roots CodeCache                         0.031 / 0.040         0.031 / 0.040         0.031 / 0.040         0.031 / 0.040       ms
[10.136s][info][gc,stats    ]    Subphase: Pause Roots JNIHandles                        0.002 / 0.003         0.002 / 0.003         0.002 / 0.003         0.002 / 0.003       ms
[10.136s][info][gc,stats    ]    Subphase: Pause Roots JNIWeakHandles                    0.000 / 0.000         0.000 / 0.000         0.000 / 0.000         0.000 / 0.000       ms
[10.136s][info][gc,stats    ]    Subphase: Pause Roots JRFWeak                           0.000 / 0.000         0.000 / 0.000         0.000 / 0.000         0.000 / 0.000       ms
[10.136s][info][gc,stats    ]    Subphase: Pause Roots JVMTIExport                       0.000 / 0.000         0.000 / 0.000         0.000 / 0.000         0.000 / 0.000       ms
[10.136s][info][gc,stats    ]    Subphase: Pause Roots JVMTIWeakExport                   0.000 / 0.000         0.000 / 0.000         0.000 / 0.000         0.000 / 0.000       ms
[10.136s][info][gc,stats    ]    Subphase: Pause Roots Management                        0.001 / 0.001         0.001 / 0.001         0.001 / 0.001         0.001 / 0.001       ms
[10.136s][info][gc,stats    ]    Subphase: Pause Roots ObjectSynchronizer                0.000 / 0.001         0.000 / 0.001         0.000 / 0.001         0.000 / 0.001       ms
[10.136s][info][gc,stats    ]    Subphase: Pause Roots Setup                             0.001 / 0.002         0.001 / 0.002         0.001 / 0.002         0.001 / 0.002       ms
[10.136s][info][gc,stats    ]    Subphase: Pause Roots StringTable                       0.000 / 0.000         0.000 / 0.000         0.000 / 0.000         0.000 / 0.000       ms
[10.136s][info][gc,stats    ]    Subphase: Pause Roots SystemDictionary                  0.002 / 0.002         0.002 / 0.002         0.002 / 0.002         0.002 / 0.002       ms
[10.136s][info][gc,stats    ]    Subphase: Pause Roots Teardown                          0.000 / 0.000         0.000 / 0.000         0.000 / 0.000         0.000 / 0.000       ms
[10.136s][info][gc,stats    ]    Subphase: Pause Roots Threads                           0.064 / 0.161         0.064 / 0.161         0.064 / 0.161         0.064 / 0.161       ms
[10.136s][info][gc,stats    ]    Subphase: Pause Roots Universe                          0.009 / 0.017         0.009 / 0.017         0.009 / 0.017         0.009 / 0.017       ms
[10.136s][info][gc,stats    ]    Subphase: Pause Roots VMWeakHandles                     0.000 / 0.000         0.000 / 0.000         0.000 / 0.000         0.000 / 0.000       ms
[10.136s][info][gc,stats    ]    Subphase: Pause Weak Roots                              0.005 / 0.005         0.005 / 0.005         0.005 / 0.005         0.005 / 0.005       ms
[10.136s][info][gc,stats    ]    Subphase: Pause Weak Roots JFRWeak                      0.000 / 0.000         0.000 / 0.000         0.000 / 0.000         0.000 / 0.000       ms
[10.136s][info][gc,stats    ]    Subphase: Pause Weak Roots JNIWeakHandles               0.000 / 0.000         0.000 / 0.000         0.000 / 0.000         0.000 / 0.000       ms
[10.136s][info][gc,stats    ]    Subphase: Pause Weak Roots JVMTIWeakExport              0.004 / 0.004         0.004 / 0.004         0.004 / 0.004         0.004 / 0.004       ms
[10.136s][info][gc,stats    ]    Subphase: Pause Weak Roots Setup                        0.000 / 0.000         0.000 / 0.000         0.000 / 0.000         0.000 / 0.000       ms
[10.136s][info][gc,stats    ]    Subphase: Pause Weak Roots StringTable                  0.000 / 0.000         0.000 / 0.000         0.000 / 0.000         0.000 / 0.000       ms
[10.136s][info][gc,stats    ]    Subphase: Pause Weak Roots SymbolTable                  0.000 / 0.000         0.000 / 0.000         0.000 / 0.000         0.000 / 0.000       ms
[10.136s][info][gc,stats    ]    Subphase: Pause Weak Roots Teardown                     0.000 / 0.000         0.000 / 0.000         0.000 / 0.000         0.000 / 0.000       ms
[10.136s][info][gc,stats    ]    Subphase: Pause Weak Roots VMWeakHandles                0.000 / 0.000         0.000 / 0.000         0.000 / 0.000         0.000 / 0.000       ms
[10.136s][info][gc,stats    ]      System: Java Threads                                      9 / 9                 9 / 9                 9 / 9                 9 / 9           threads
[10.136s][info][gc,stats    ] =========================================================================================================================================================
[15.353s][info][gc,heap,exit] Heap
[15.353s][info][gc,heap,exit]  ZHeap           used 84M, capacity 118M, max capacity 982M
[15.353s][info][gc,heap,exit]  Metaspace       used 9147K, capacity 9247K, committed 9472K, reserved 10240K
