[0.007s][info][gc,heap] Heap region size: 1M
[0.008s][info][gc     ] Using G1
[0.008s][info][gc,heap,coops] Heap address: 0x00000000c2a00000, size: 982 MB, Compressed Oops mode: 32-bit
[0.799s][info][gc,start     ] GC(0) Pause Young (Normal) (G1 Evacuation Pause)
[0.801s][info][gc,task      ] GC(0) Using 1 workers of 1 for evacuation
[0.811s][info][gc,phases    ] GC(0)   Pre Evacuate Collection Set: 0.0ms
[0.812s][info][gc,phases    ] GC(0)   Evacuate Collection Set: 9.9ms
[0.812s][info][gc,phases    ] GC(0)   Post Evacuate Collection Set: 0.1ms
[0.812s][info][gc,phases    ] GC(0)   Other: 2.2ms
[0.812s][info][gc,heap      ] GC(0) Eden regions: 3->0(36)
[0.812s][info][gc,heap      ] GC(0) Survivor regions: 0->1(1)
[0.812s][info][gc,heap      ] GC(0) Old regions: 0->0
[0.812s][info][gc,heap      ] GC(0) Humongous regions: 0->0
[0.812s][info][gc,metaspace ] GC(0) Metaspace: 1036K->1036K(1056768K)
[0.812s][info][gc           ] GC(0) Pause Young (Normal) (G1 Evacuation Pause) 3M->0M(62M) 13.021ms
[0.812s][info][gc,cpu       ] GC(0) User=0.01s Sys=0.00s Real=0.01s
[1.487s][info][gc,task      ] GC(1) Using 1 workers of 1 for full compaction
[1.487s][info][gc,start     ] GC(1) Pause Full (System.gc())
[1.487s][info][gc,phases,start] GC(1) Phase 1: Mark live objects
[1.489s][info][gc,stringtable ] GC(1) Cleaned string and symbol table, strings: 2115 processed, 1 removed, symbols: 1739 processed, 1 removed
[1.489s][info][gc,phases      ] GC(1) Phase 1: Mark live objects 1.308ms
[1.489s][info][gc,phases,start] GC(1) Phase 2: Prepare for compaction
[1.489s][info][gc,phases      ] GC(1) Phase 2: Prepare for compaction 0.309ms
[1.489s][info][gc,phases,start] GC(1) Phase 3: Adjust pointers
[1.489s][info][gc,phases      ] GC(1) Phase 3: Adjust pointers 0.548ms
[1.489s][info][gc,phases,start] GC(1) Phase 4: Compact heap
[1.490s][info][gc,phases      ] GC(1) Phase 4: Compact heap 0.516ms
[1.491s][info][gc,heap        ] GC(1) Eden regions: 7->0(2)
[1.493s][info][gc,heap        ] GC(1) Survivor regions: 1->0(1)
[1.493s][info][gc,heap        ] GC(1) Old regions: 0->1
[1.493s][info][gc,heap        ] GC(1) Humongous regions: 0->0
[1.493s][info][gc,metaspace   ] GC(1) Metaspace: 1108K->1108K(1056768K)
[1.493s][info][gc             ] GC(1) Pause Full (System.gc()) 7M->0M(8M) 5.649ms
[1.493s][info][gc,cpu         ] GC(1) User=0.01s Sys=0.00s Real=0.01s
[1.700s][info][gc,start       ] GC(2) Pause Young (Normal) (G1 Evacuation Pause)
[1.700s][info][gc,task        ] GC(2) Using 1 workers of 1 for evacuation
[1.701s][info][gc,phases      ] GC(2)   Pre Evacuate Collection Set: 0.0ms
[1.705s][info][gc,phases      ] GC(2)   Evacuate Collection Set: 0.8ms
[1.705s][info][gc,phases      ] GC(2)   Post Evacuate Collection Set: 0.0ms
[1.705s][info][gc,phases      ] GC(2)   Other: 0.4ms
[1.705s][info][gc,heap        ] GC(2) Eden regions: 2->0(2)
[1.705s][info][gc,heap        ] GC(2) Survivor regions: 0->1(1)
[1.705s][info][gc,heap        ] GC(2) Old regions: 1->1
[1.705s][info][gc,heap        ] GC(2) Humongous regions: 0->0
[1.705s][info][gc,metaspace   ] GC(2) Metaspace: 2102K->2102K(1056768K)
[1.705s][info][gc             ] GC(2) Pause Young (Normal) (G1 Evacuation Pause) 2M->1M(8M) 4.932ms
[1.705s][info][gc,cpu         ] GC(2) User=0.00s Sys=0.00s Real=0.00s
[1.911s][info][gc,start       ] GC(3) Pause Young (Normal) (G1 Evacuation Pause)
[1.911s][info][gc,task        ] GC(3) Using 1 workers of 1 for evacuation
[1.921s][info][gc,phases      ] GC(3)   Pre Evacuate Collection Set: 0.0ms
[1.921s][info][gc,phases      ] GC(3)   Evacuate Collection Set: 9.5ms
[1.921s][info][gc,phases      ] GC(3)   Post Evacuate Collection Set: 0.0ms
[1.921s][info][gc,phases      ] GC(3)   Other: 0.2ms
[1.921s][info][gc,heap        ] GC(3) Eden regions: 2->0(1)
[1.921s][info][gc,heap        ] GC(3) Survivor regions: 1->1(1)
[1.921s][info][gc,heap        ] GC(3) Old regions: 1->2
[1.921s][info][gc,heap        ] GC(3) Humongous regions: 0->0
[1.921s][info][gc,metaspace   ] GC(3) Metaspace: 2574K->2574K(1056768K)
[1.921s][info][gc             ] GC(3) Pause Young (Normal) (G1 Evacuation Pause) 3M->2M(8M) 9.893ms
[1.921s][info][gc,cpu         ] GC(3) User=0.01s Sys=0.00s Real=0.01s
[2.121s][info][gc,start       ] GC(4) Pause Young (Normal) (G1 Evacuation Pause)
[2.122s][info][gc,task        ] GC(4) Using 1 workers of 1 for evacuation
[2.124s][info][gc,phases      ] GC(4)   Pre Evacuate Collection Set: 0.0ms
[2.124s][info][gc,phases      ] GC(4)   Evacuate Collection Set: 2.0ms
[2.124s][info][gc,phases      ] GC(4)   Post Evacuate Collection Set: 0.0ms
[2.124s][info][gc,phases      ] GC(4)   Other: 0.2ms
[2.124s][info][gc,heap        ] GC(4) Eden regions: 1->0(1)
[2.124s][info][gc,heap        ] GC(4) Survivor regions: 1->1(1)
[2.124s][info][gc,heap        ] GC(4) Old regions: 2->3
[2.124s][info][gc,heap        ] GC(4) Humongous regions: 0->0
[2.124s][info][gc,metaspace   ] GC(4) Metaspace: 2591K->2591K(1056768K)
[2.124s][info][gc             ] GC(4) Pause Young (Normal) (G1 Evacuation Pause) 3M->2M(8M) 2.416ms
[2.124s][info][gc,cpu         ] GC(4) User=0.01s Sys=0.00s Real=0.00s
[2.345s][info][gc,start       ] GC(5) Pause Young (Normal) (G1 Evacuation Pause)
[2.345s][info][gc,task        ] GC(5) Using 1 workers of 1 for evacuation
[2.346s][info][gc,phases      ] GC(5)   Pre Evacuate Collection Set: 0.0ms
[2.346s][info][gc,phases      ] GC(5)   Evacuate Collection Set: 1.1ms
[2.346s][info][gc,phases      ] GC(5)   Post Evacuate Collection Set: 0.0ms
[2.346s][info][gc,phases      ] GC(5)   Other: 0.2ms
[2.346s][info][gc,heap        ] GC(5) Eden regions: 1->0(1)
[2.346s][info][gc,heap        ] GC(5) Survivor regions: 1->1(1)
[2.346s][info][gc,heap        ] GC(5) Old regions: 3->3
[2.346s][info][gc,heap        ] GC(5) Humongous regions: 0->0
[2.346s][info][gc,metaspace   ] GC(5) Metaspace: 2593K->2593K(1056768K)
[2.346s][info][gc             ] GC(5) Pause Young (Normal) (G1 Evacuation Pause) 3M->3M(8M) 1.458ms
[2.346s][info][gc,cpu         ] GC(5) User=0.00s Sys=0.00s Real=0.00s
[2.648s][info][gc,start       ] GC(6) Pause Young (Normal) (G1 Evacuation Pause)
[2.649s][info][gc,task        ] GC(6) Using 1 workers of 1 for evacuation
[2.650s][info][gc,phases      ] GC(6)   Pre Evacuate Collection Set: 0.0ms
[2.652s][info][gc,phases      ] GC(6)   Evacuate Collection Set: 1.4ms
[2.652s][info][gc,phases      ] GC(6)   Post Evacuate Collection Set: 0.0ms
[2.652s][info][gc,phases      ] GC(6)   Other: 1.2ms
[2.652s][info][gc,heap        ] GC(6) Eden regions: 1->0(1)
[2.652s][info][gc,heap        ] GC(6) Survivor regions: 1->1(1)
[2.652s][info][gc,heap        ] GC(6) Old regions: 3->4
[2.652s][info][gc,heap        ] GC(6) Humongous regions: 0->0
[2.652s][info][gc,metaspace   ] GC(6) Metaspace: 2599K->2599K(1056768K)
[2.652s][info][gc             ] GC(6) Pause Young (Normal) (G1 Evacuation Pause) 4M->4M(8M) 4.479ms
[2.652s][info][gc,cpu         ] GC(6) User=0.01s Sys=0.00s Real=0.01s
[3.229s][info][gc,start       ] GC(7) Pause Young (Concurrent Start) (G1 Evacuation Pause)
[3.230s][info][gc,task        ] GC(7) Using 1 workers of 1 for evacuation
[3.231s][info][gc,phases      ] GC(7)   Pre Evacuate Collection Set: 0.0ms
[3.231s][info][gc,phases      ] GC(7)   Evacuate Collection Set: 1.2ms
[3.231s][info][gc,phases      ] GC(7)   Post Evacuate Collection Set: 0.0ms
[3.231s][info][gc,phases      ] GC(7)   Other: 0.1ms
[3.231s][info][gc,heap        ] GC(7) Eden regions: 1->0(1)
[3.231s][info][gc,heap        ] GC(7) Survivor regions: 1->1(1)
[3.231s][info][gc,heap        ] GC(7) Old regions: 4->5
[3.231s][info][gc,heap        ] GC(7) Humongous regions: 0->0
[3.231s][info][gc,metaspace   ] GC(7) Metaspace: 2622K->2622K(1056768K)
[3.231s][info][gc             ] GC(7) Pause Young (Concurrent Start) (G1 Evacuation Pause) 5M->4M(8M) 1.439ms
[3.231s][info][gc,cpu         ] GC(7) User=0.00s Sys=0.00s Real=0.00s
[3.231s][info][gc             ] GC(8) Concurrent Cycle
[3.231s][info][gc,marking     ] GC(8) Concurrent Clear Claimed Marks
[3.231s][info][gc,marking     ] GC(8) Concurrent Clear Claimed Marks 0.004ms
[3.231s][info][gc,marking     ] GC(8) Concurrent Scan Root Regions
[3.231s][info][gc,marking     ] GC(8) Concurrent Scan Root Regions 0.088ms
[3.231s][info][gc,marking     ] GC(8) Concurrent Mark (3.231s)
[3.231s][info][gc,marking     ] GC(8) Concurrent Mark From Roots
[3.231s][info][gc,task        ] GC(8) Using 1 workers of 1 for marking
[3.234s][info][gc,marking     ] GC(8) Concurrent Mark From Roots 2.769ms
[3.234s][info][gc,marking     ] GC(8) Concurrent Preclean
[3.234s][info][gc,marking     ] GC(8) Concurrent Preclean 0.013ms
[3.234s][info][gc,marking     ] GC(8) Concurrent Mark (3.231s, 3.234s) 2.799ms
[3.234s][info][gc,start       ] GC(8) Pause Remark
[3.235s][info][gc,stringtable ] GC(8) Cleaned string and symbol table, strings: 4092 processed, 1 removed, symbols: 5671 processed, 0 removed
[3.235s][info][gc             ] GC(8) Pause Remark 4M->4M(8M) 0.750ms
[3.235s][info][gc,cpu         ] GC(8) User=0.00s Sys=0.00s Real=0.00s
[3.235s][info][gc,marking     ] GC(8) Concurrent Rebuild Remembered Sets
[3.253s][info][gc,marking     ] GC(8) Concurrent Rebuild Remembered Sets 18.140ms
[3.253s][info][gc,start       ] GC(8) Pause Cleanup
[3.253s][info][gc             ] GC(8) Pause Cleanup 4M->4M(8M) 0.033ms
[3.253s][info][gc,cpu         ] GC(8) User=0.00s Sys=0.00s Real=0.00s
[3.253s][info][gc,marking     ] GC(8) Concurrent Cleanup for Next Mark
[3.285s][info][gc,marking     ] GC(8) Concurrent Cleanup for Next Mark 31.780ms
[3.285s][info][gc             ] GC(8) Concurrent Cycle 53.959ms
[4.184s][info][gc,start       ] GC(9) Pause Young (Normal) (G1 Evacuation Pause)
[4.184s][info][gc,task        ] GC(9) Using 1 workers of 1 for evacuation
[4.187s][info][gc,phases      ] GC(9)   Pre Evacuate Collection Set: 0.0ms
[4.187s][info][gc,phases      ] GC(9)   Evacuate Collection Set: 3.1ms
[4.187s][info][gc,phases      ] GC(9)   Post Evacuate Collection Set: 0.0ms
[4.187s][info][gc,phases      ] GC(9)   Other: 0.2ms
[4.187s][info][gc,heap        ] GC(9) Eden regions: 1->0(1)
[4.187s][info][gc,heap        ] GC(9) Survivor regions: 1->1(1)
[4.187s][info][gc,heap        ] GC(9) Old regions: 5->5
[4.187s][info][gc,heap        ] GC(9) Humongous regions: 0->0
[4.187s][info][gc,metaspace   ] GC(9) Metaspace: 2859K->2859K(1056768K)
[4.187s][info][gc             ] GC(9) Pause Young (Normal) (G1 Evacuation Pause) 5M->4M(8M) 3.453ms
[4.187s][info][gc,cpu         ] GC(9) User=0.00s Sys=0.00s Real=0.00s
[4.601s][info][gc,start       ] GC(10) Pause Young (Concurrent Start) (G1 Evacuation Pause)
[4.601s][info][gc,task        ] GC(10) Using 1 workers of 1 for evacuation
[4.602s][info][gc,phases      ] GC(10)   Pre Evacuate Collection Set: 0.0ms
[4.602s][info][gc,phases      ] GC(10)   Evacuate Collection Set: 0.7ms
[4.602s][info][gc,phases      ] GC(10)   Post Evacuate Collection Set: 0.0ms
[4.602s][info][gc,phases      ] GC(10)   Other: 0.2ms
[4.602s][info][gc,heap        ] GC(10) Eden regions: 1->0(1)
[4.602s][info][gc,heap        ] GC(10) Survivor regions: 1->1(1)
[4.602s][info][gc,heap        ] GC(10) Old regions: 5->5
[4.602s][info][gc,heap        ] GC(10) Humongous regions: 0->0
[4.602s][info][gc,metaspace   ] GC(10) Metaspace: 2948K->2948K(1056768K)
[4.602s][info][gc             ] GC(10) Pause Young (Concurrent Start) (G1 Evacuation Pause) 5M->5M(8M) 1.072ms
[4.602s][info][gc,cpu         ] GC(10) User=0.00s Sys=0.00s Real=0.00s
[4.602s][info][gc             ] GC(11) Concurrent Cycle
[4.602s][info][gc,marking     ] GC(11) Concurrent Clear Claimed Marks
[4.602s][info][gc,marking     ] GC(11) Concurrent Clear Claimed Marks 0.013ms
[4.602s][info][gc,marking     ] GC(11) Concurrent Scan Root Regions
[4.603s][info][gc,marking     ] GC(11) Concurrent Scan Root Regions 0.878ms
[4.608s][info][gc,marking     ] GC(11) Concurrent Mark (4.608s)
[4.608s][info][gc,marking     ] GC(11) Concurrent Mark From Roots
[4.608s][info][gc,task        ] GC(11) Using 1 workers of 1 for marking
[4.610s][info][gc,marking     ] GC(11) Concurrent Mark From Roots 2.433ms
[4.610s][info][gc,marking     ] GC(11) Concurrent Preclean
[4.610s][info][gc,marking     ] GC(11) Concurrent Preclean 0.022ms
[4.610s][info][gc,marking     ] GC(11) Concurrent Mark (4.608s, 4.610s) 2.557ms
[4.610s][info][gc,start       ] GC(11) Pause Remark
[4.611s][info][gc,stringtable ] GC(11) Cleaned string and symbol table, strings: 4121 processed, 0 removed, symbols: 5941 processed, 0 removed
[4.611s][info][gc             ] GC(11) Pause Remark 5M->5M(8M) 1.034ms
[4.611s][info][gc,cpu         ] GC(11) User=0.00s Sys=0.00s Real=0.00s
[4.611s][info][gc,marking     ] GC(11) Concurrent Rebuild Remembered Sets
[4.619s][info][gc,marking     ] GC(11) Concurrent Rebuild Remembered Sets 7.712ms
[4.619s][info][gc,start       ] GC(11) Pause Cleanup
[4.619s][info][gc             ] GC(11) Pause Cleanup 5M->5M(8M) 0.038ms
[4.619s][info][gc,cpu         ] GC(11) User=0.00s Sys=0.00s Real=0.00s
[4.619s][info][gc,marking     ] GC(11) Concurrent Cleanup for Next Mark
[4.620s][info][gc,marking     ] GC(11) Concurrent Cleanup for Next Mark 0.935ms
[4.620s][info][gc             ] GC(11) Concurrent Cycle 18.314ms
[4.846s][info][gc,start       ] GC(12) Pause Young (Normal) (G1 Evacuation Pause)
[4.847s][info][gc,task        ] GC(12) Using 1 workers of 1 for evacuation
[4.847s][info][gc,phases      ] GC(12)   Pre Evacuate Collection Set: 0.0ms
[4.849s][info][gc,phases      ] GC(12)   Evacuate Collection Set: 0.7ms
[4.849s][info][gc,phases      ] GC(12)   Post Evacuate Collection Set: 0.0ms
[4.849s][info][gc,phases      ] GC(12)   Other: 0.2ms
[4.849s][info][gc,heap        ] GC(12) Eden regions: 1->0(1)
[4.849s][info][gc,heap        ] GC(12) Survivor regions: 1->1(1)
[4.849s][info][gc,heap        ] GC(12) Old regions: 5->5
[4.849s][info][gc,heap        ] GC(12) Humongous regions: 0->0
[4.849s][info][gc,metaspace   ] GC(12) Metaspace: 2981K->2981K(1056768K)
[4.849s][info][gc             ] GC(12) Pause Young (Normal) (G1 Evacuation Pause) 6M->5M(8M) 2.404ms
[4.849s][info][gc,cpu         ] GC(12) User=0.00s Sys=0.00s Real=0.01s
[5.047s][info][gc,start       ] GC(13) Pause Young (Concurrent Start) (G1 Evacuation Pause)
[5.049s][info][gc,task        ] GC(13) Using 1 workers of 1 for evacuation
[5.050s][info][gc,phases      ] GC(13)   Pre Evacuate Collection Set: 0.0ms
[5.051s][info][gc,phases      ] GC(13)   Evacuate Collection Set: 0.7ms
[5.051s][info][gc,phases      ] GC(13)   Post Evacuate Collection Set: 0.0ms
[5.051s][info][gc,phases      ] GC(13)   Other: 1.9ms
[5.051s][info][gc,heap        ] GC(13) Eden regions: 1->0(1)
[5.051s][info][gc,heap        ] GC(13) Survivor regions: 1->1(1)
[5.051s][info][gc,heap        ] GC(13) Old regions: 5->5
[5.051s][info][gc,heap        ] GC(13) Humongous regions: 0->0
[5.051s][info][gc,metaspace   ] GC(13) Metaspace: 3022K->3022K(1056768K)
[5.051s][info][gc             ] GC(13) Pause Young (Concurrent Start) (G1 Evacuation Pause) 6M->5M(8M) 4.174ms
[5.051s][info][gc,cpu         ] GC(13) User=0.00s Sys=0.00s Real=0.01s
[5.051s][info][gc             ] GC(14) Concurrent Cycle
[5.051s][info][gc,marking     ] GC(14) Concurrent Clear Claimed Marks
[5.051s][info][gc,marking     ] GC(14) Concurrent Clear Claimed Marks 0.013ms
[5.051s][info][gc,marking     ] GC(14) Concurrent Scan Root Regions
[5.052s][info][gc,marking     ] GC(14) Concurrent Scan Root Regions 0.588ms
[5.052s][info][gc,marking     ] GC(14) Concurrent Mark (5.052s)
[5.052s][info][gc,marking     ] GC(14) Concurrent Mark From Roots
[5.052s][info][gc,task        ] GC(14) Using 1 workers of 1 for marking
[5.061s][info][gc,marking     ] GC(14) Concurrent Mark From Roots 9.052ms
[5.061s][info][gc,marking     ] GC(14) Concurrent Preclean
[5.061s][info][gc,marking     ] GC(14) Concurrent Preclean 0.027ms
[5.061s][info][gc,marking     ] GC(14) Concurrent Mark (5.052s, 5.061s) 9.165ms
[5.061s][info][gc,start       ] GC(14) Pause Remark
[5.062s][info][gc,stringtable ] GC(14) Cleaned string and symbol table, strings: 4137 processed, 0 removed, symbols: 5941 processed, 0 removed
[5.062s][info][gc             ] GC(14) Pause Remark 5M->5M(8M) 1.093ms
[5.062s][info][gc,cpu         ] GC(14) User=0.00s Sys=0.00s Real=0.00s
[5.062s][info][gc,marking     ] GC(14) Concurrent Rebuild Remembered Sets
[5.066s][info][gc,marking     ] GC(14) Concurrent Rebuild Remembered Sets 4.021ms
[5.066s][info][gc,start       ] GC(14) Pause Cleanup
[5.066s][info][gc             ] GC(14) Pause Cleanup 5M->5M(8M) 0.039ms
[5.066s][info][gc,cpu         ] GC(14) User=0.00s Sys=0.00s Real=0.00s
[5.066s][info][gc,marking     ] GC(14) Concurrent Cleanup for Next Mark
[5.076s][info][gc,marking     ] GC(14) Concurrent Cleanup for Next Mark 9.920ms
[5.076s][info][gc             ] GC(14) Concurrent Cycle 25.182ms
[5.263s][info][gc,start       ] GC(15) Pause Young (Normal) (G1 Evacuation Pause)
[5.263s][info][gc,task        ] GC(15) Using 1 workers of 1 for evacuation
[5.264s][info][gc,phases      ] GC(15)   Pre Evacuate Collection Set: 0.0ms
[5.264s][info][gc,phases      ] GC(15)   Evacuate Collection Set: 0.7ms
[5.264s][info][gc,phases      ] GC(15)   Post Evacuate Collection Set: 0.0ms
[5.264s][info][gc,phases      ] GC(15)   Other: 0.2ms
[5.264s][info][gc,heap        ] GC(15) Eden regions: 1->0(1)
[5.264s][info][gc,heap        ] GC(15) Survivor regions: 1->1(1)
[5.264s][info][gc,heap        ] GC(15) Old regions: 5->5
[5.264s][info][gc,heap        ] GC(15) Humongous regions: 0->0
[5.264s][info][gc,metaspace   ] GC(15) Metaspace: 3075K->3075K(1056768K)
[5.264s][info][gc             ] GC(15) Pause Young (Normal) (G1 Evacuation Pause) 6M->5M(8M) 1.025ms
[5.264s][info][gc,cpu         ] GC(15) User=0.00s Sys=0.00s Real=0.00s
[5.548s][info][gc,start       ] GC(16) Pause Young (Concurrent Start) (G1 Evacuation Pause)
[5.548s][info][gc,task        ] GC(16) Using 1 workers of 1 for evacuation
[5.549s][info][gc,phases      ] GC(16)   Pre Evacuate Collection Set: 0.0ms
[5.553s][info][gc,phases      ] GC(16)   Evacuate Collection Set: 0.7ms
[5.553s][info][gc,phases      ] GC(16)   Post Evacuate Collection Set: 0.0ms
[5.553s][info][gc,phases      ] GC(16)   Other: 0.8ms
[5.553s][info][gc,heap        ] GC(16) Eden regions: 1->0(1)
[5.553s][info][gc,heap        ] GC(16) Survivor regions: 1->1(1)
[5.553s][info][gc,heap        ] GC(16) Old regions: 5->5
[5.553s][info][gc,heap        ] GC(16) Humongous regions: 0->0
[5.553s][info][gc,metaspace   ] GC(16) Metaspace: 3075K->3075K(1056768K)
[5.553s][info][gc             ] GC(16) Pause Young (Concurrent Start) (G1 Evacuation Pause) 6M->5M(8M) 5.068ms
[5.553s][info][gc,cpu         ] GC(16) User=0.00s Sys=0.00s Real=0.01s
[5.553s][info][gc             ] GC(17) Concurrent Cycle
[5.553s][info][gc,marking     ] GC(17) Concurrent Clear Claimed Marks
[5.553s][info][gc,marking     ] GC(17) Concurrent Clear Claimed Marks 0.018ms
[5.553s][info][gc,marking     ] GC(17) Concurrent Scan Root Regions
[5.563s][info][gc,marking     ] GC(17) Concurrent Scan Root Regions 9.833ms
[5.563s][info][gc,marking     ] GC(17) Concurrent Mark (5.563s)
[5.563s][info][gc,marking     ] GC(17) Concurrent Mark From Roots
[5.563s][info][gc,task        ] GC(17) Using 1 workers of 1 for marking
[5.769s][info][gc,marking     ] GC(17) Concurrent Mark From Roots 205.455ms
[5.769s][info][gc,marking     ] GC(17) Concurrent Preclean
[5.769s][info][gc,marking     ] GC(17) Concurrent Preclean 0.061ms
[5.769s][info][gc,marking     ] GC(17) Concurrent Mark (5.563s, 5.769s) 205.746ms
[5.769s][info][gc,start       ] GC(17) Pause Remark
[5.770s][info][gc,stringtable ] GC(17) Cleaned string and symbol table, strings: 4147 processed, 0 removed, symbols: 5941 processed, 0 removed
[5.774s][info][gc             ] GC(17) Pause Remark 5M->5M(8M) 5.204ms
[5.774s][info][gc,cpu         ] GC(17) User=0.00s Sys=0.00s Real=0.00s
[5.774s][info][gc,marking     ] GC(17) Concurrent Rebuild Remembered Sets
[5.797s][info][gc,marking     ] GC(17) Concurrent Rebuild Remembered Sets 23.077ms
[5.806s][info][gc,start       ] GC(17) Pause Cleanup
[5.806s][info][gc             ] GC(17) Pause Cleanup 5M->5M(8M) 0.061ms
[5.806s][info][gc,cpu         ] GC(17) User=0.00s Sys=0.00s Real=0.00s
[5.806s][info][gc,marking     ] GC(17) Concurrent Cleanup for Next Mark
[5.810s][info][gc,marking     ] GC(17) Concurrent Cleanup for Next Mark 4.173ms
[5.810s][info][gc             ] GC(17) Concurrent Cycle 256.738ms
[5.903s][info][gc,start       ] GC(18) Pause Young (Normal) (G1 Evacuation Pause)
[5.903s][info][gc,task        ] GC(18) Using 1 workers of 1 for evacuation
[5.905s][info][gc,phases      ] GC(18)   Pre Evacuate Collection Set: 0.0ms
[5.905s][info][gc,phases      ] GC(18)   Evacuate Collection Set: 1.6ms
[5.905s][info][gc,phases      ] GC(18)   Post Evacuate Collection Set: 0.0ms
[5.905s][info][gc,phases      ] GC(18)   Other: 0.1ms
[5.905s][info][gc,heap        ] GC(18) Eden regions: 1->0(1)
[5.906s][info][gc,heap        ] GC(18) Survivor regions: 1->1(1)
[5.906s][info][gc,heap        ] GC(18) Old regions: 5->5
[5.906s][info][gc,heap        ] GC(18) Humongous regions: 0->0
[5.906s][info][gc,metaspace   ] GC(18) Metaspace: 3101K->3101K(1056768K)
[5.906s][info][gc             ] GC(18) Pause Young (Normal) (G1 Evacuation Pause) 6M->5M(8M) 2.977ms
[5.906s][info][gc,cpu         ] GC(18) User=0.00s Sys=0.00s Real=0.00s
[6.019s][info][gc,start       ] GC(19) Pause Young (Concurrent Start) (G1 Evacuation Pause)
[6.020s][info][gc,task        ] GC(19) Using 1 workers of 1 for evacuation
[6.020s][info][gc,phases      ] GC(19)   Pre Evacuate Collection Set: 0.0ms
[6.021s][info][gc,phases      ] GC(19)   Evacuate Collection Set: 0.7ms
[6.021s][info][gc,phases      ] GC(19)   Post Evacuate Collection Set: 0.0ms
[6.021s][info][gc,phases      ] GC(19)   Other: 0.1ms
[6.021s][info][gc,heap        ] GC(19) Eden regions: 1->0(1)
[6.021s][info][gc,heap        ] GC(19) Survivor regions: 1->1(1)
[6.021s][info][gc,heap        ] GC(19) Old regions: 5->5
[6.021s][info][gc,heap        ] GC(19) Humongous regions: 0->0
[6.021s][info][gc,metaspace   ] GC(19) Metaspace: 3102K->3102K(1056768K)
[6.021s][info][gc             ] GC(19) Pause Young (Concurrent Start) (G1 Evacuation Pause) 6M->5M(8M) 1.354ms
[6.021s][info][gc,cpu         ] GC(19) User=0.00s Sys=0.00s Real=0.00s
[6.021s][info][gc             ] GC(20) Concurrent Cycle
[6.021s][info][gc,marking     ] GC(20) Concurrent Clear Claimed Marks
[6.021s][info][gc,marking     ] GC(20) Concurrent Clear Claimed Marks 0.012ms
[6.021s][info][gc,marking     ] GC(20) Concurrent Scan Root Regions
[6.022s][info][gc,marking     ] GC(20) Concurrent Scan Root Regions 0.606ms
[6.022s][info][gc,marking     ] GC(20) Concurrent Mark (6.022s)
[6.022s][info][gc,marking     ] GC(20) Concurrent Mark From Roots
[6.022s][info][gc,task        ] GC(20) Using 1 workers of 1 for marking
[6.027s][info][gc,marking     ] GC(20) Concurrent Mark From Roots 4.695ms
[6.027s][info][gc,marking     ] GC(20) Concurrent Preclean
[6.027s][info][gc,marking     ] GC(20) Concurrent Preclean 0.035ms
[6.034s][info][gc,marking     ] GC(20) Concurrent Mark (6.022s, 6.034s) 11.394ms
[6.034s][info][gc,start       ] GC(20) Pause Remark
[6.038s][info][gc,stringtable ] GC(20) Cleaned string and symbol table, strings: 4147 processed, 0 removed, symbols: 5941 processed, 0 removed
[6.039s][info][gc             ] GC(20) Pause Remark 5M->5M(8M) 5.211ms
[6.039s][info][gc,cpu         ] GC(20) User=0.00s Sys=0.00s Real=0.01s
[6.039s][info][gc,marking     ] GC(20) Concurrent Rebuild Remembered Sets
[6.046s][info][gc,marking     ] GC(20) Concurrent Rebuild Remembered Sets 6.837ms
[6.046s][info][gc,start       ] GC(20) Pause Cleanup
[6.046s][info][gc             ] GC(20) Pause Cleanup 5M->5M(8M) 0.029ms
[6.046s][info][gc,cpu         ] GC(20) User=0.00s Sys=0.00s Real=0.00s
[6.046s][info][gc,marking     ] GC(20) Concurrent Cleanup for Next Mark
[6.051s][info][gc,marking     ] GC(20) Concurrent Cleanup for Next Mark 4.576ms
[6.051s][info][gc             ] GC(20) Concurrent Cycle 30.138ms
[6.199s][info][gc,start       ] GC(21) Pause Young (Normal) (G1 Evacuation Pause)
[6.201s][info][gc,task        ] GC(21) Using 1 workers of 1 for evacuation
[6.202s][info][gc,phases      ] GC(21)   Pre Evacuate Collection Set: 0.0ms
[6.202s][info][gc,phases      ] GC(21)   Evacuate Collection Set: 0.8ms
[6.202s][info][gc,phases      ] GC(21)   Post Evacuate Collection Set: 0.0ms
[6.202s][info][gc,phases      ] GC(21)   Other: 2.2ms
[6.202s][info][gc,heap        ] GC(21) Eden regions: 1->0(1)
[6.202s][info][gc,heap        ] GC(21) Survivor regions: 1->1(1)
[6.202s][info][gc,heap        ] GC(21) Old regions: 5->5
[6.202s][info][gc,heap        ] GC(21) Humongous regions: 0->0
[6.202s][info][gc,metaspace   ] GC(21) Metaspace: 3102K->3102K(1056768K)
[6.202s][info][gc             ] GC(21) Pause Young (Normal) (G1 Evacuation Pause) 6M->5M(8M) 3.256ms
[6.202s][info][gc,cpu         ] GC(21) User=0.00s Sys=0.00s Real=0.00s
[6.568s][info][gc,start       ] GC(22) Pause Young (Concurrent Start) (G1 Evacuation Pause)
[6.568s][info][gc,task        ] GC(22) Using 1 workers of 1 for evacuation
[6.570s][info][gc,phases      ] GC(22)   Pre Evacuate Collection Set: 0.0ms
[6.571s][info][gc,phases      ] GC(22)   Evacuate Collection Set: 1.6ms
[6.571s][info][gc,phases      ] GC(22)   Post Evacuate Collection Set: 0.0ms
[6.571s][info][gc,phases      ] GC(22)   Other: 0.2ms
[6.571s][info][gc,heap        ] GC(22) Eden regions: 1->0(1)
[6.571s][info][gc,heap        ] GC(22) Survivor regions: 1->1(1)
[6.571s][info][gc,heap        ] GC(22) Old regions: 5->5
[6.571s][info][gc,heap        ] GC(22) Humongous regions: 0->0
[6.571s][info][gc,metaspace   ] GC(22) Metaspace: 3102K->3102K(1056768K)
[6.571s][info][gc             ] GC(22) Pause Young (Concurrent Start) (G1 Evacuation Pause) 6M->5M(8M) 2.857ms
[6.571s][info][gc,cpu         ] GC(22) User=0.00s Sys=0.00s Real=0.01s
[6.571s][info][gc             ] GC(23) Concurrent Cycle
[6.571s][info][gc,marking     ] GC(23) Concurrent Clear Claimed Marks
[6.571s][info][gc,marking     ] GC(23) Concurrent Clear Claimed Marks 0.012ms
[6.571s][info][gc,marking     ] GC(23) Concurrent Scan Root Regions
[6.572s][info][gc,marking     ] GC(23) Concurrent Scan Root Regions 0.523ms
[6.573s][info][gc,marking     ] GC(23) Concurrent Mark (6.573s)
[6.573s][info][gc,marking     ] GC(23) Concurrent Mark From Roots
[6.573s][info][gc,task        ] GC(23) Using 1 workers of 1 for marking
[6.582s][info][gc,marking     ] GC(23) Concurrent Mark From Roots 9.205ms
[6.582s][info][gc,marking     ] GC(23) Concurrent Preclean
[6.582s][info][gc,marking     ] GC(23) Concurrent Preclean 0.028ms
[6.582s][info][gc,marking     ] GC(23) Concurrent Mark (6.573s, 6.582s) 9.321ms
[6.582s][info][gc,start       ] GC(23) Pause Remark
[6.589s][info][gc,stringtable ] GC(23) Cleaned string and symbol table, strings: 4161 processed, 0 removed, symbols: 5941 processed, 0 removed
[6.589s][info][gc             ] GC(23) Pause Remark 5M->5M(8M) 6.896ms
[6.589s][info][gc,cpu         ] GC(23) User=0.00s Sys=0.00s Real=0.01s
[6.589s][info][gc,marking     ] GC(23) Concurrent Rebuild Remembered Sets
[6.594s][info][gc,marking     ] GC(23) Concurrent Rebuild Remembered Sets 4.461ms
[6.594s][info][gc,start       ] GC(23) Pause Cleanup
[6.594s][info][gc             ] GC(23) Pause Cleanup 5M->5M(8M) 0.030ms
[6.594s][info][gc,cpu         ] GC(23) User=0.00s Sys=0.00s Real=0.00s
[6.594s][info][gc,marking     ] GC(23) Concurrent Cleanup for Next Mark
[6.601s][info][gc,marking     ] GC(23) Concurrent Cleanup for Next Mark 6.787ms
[6.601s][info][gc             ] GC(23) Concurrent Cycle 30.144ms
[6.874s][info][gc,start       ] GC(24) Pause Young (Normal) (G1 Evacuation Pause)
[6.875s][info][gc,task        ] GC(24) Using 1 workers of 1 for evacuation
[6.876s][info][gc,phases      ] GC(24)   Pre Evacuate Collection Set: 0.0ms
[6.876s][info][gc,phases      ] GC(24)   Evacuate Collection Set: 0.7ms
[6.876s][info][gc,phases      ] GC(24)   Post Evacuate Collection Set: 0.0ms
[6.876s][info][gc,phases      ] GC(24)   Other: 1.0ms
[6.876s][info][gc,heap        ] GC(24) Eden regions: 1->0(1)
[6.876s][info][gc,heap        ] GC(24) Survivor regions: 1->1(1)
[6.876s][info][gc,heap        ] GC(24) Old regions: 5->5
[6.876s][info][gc,heap        ] GC(24) Humongous regions: 0->0
[6.876s][info][gc,metaspace   ] GC(24) Metaspace: 3102K->3102K(1056768K)
[6.876s][info][gc             ] GC(24) Pause Young (Normal) (G1 Evacuation Pause) 6M->5M(8M) 1.809ms
[6.876s][info][gc,cpu         ] GC(24) User=0.00s Sys=0.00s Real=0.00s
[6.998s][info][gc,start       ] GC(25) Pause Young (Concurrent Start) (G1 Evacuation Pause)
[6.998s][info][gc,task        ] GC(25) Using 1 workers of 1 for evacuation
[6.999s][info][gc,phases      ] GC(25)   Pre Evacuate Collection Set: 0.0ms
[6.999s][info][gc,phases      ] GC(25)   Evacuate Collection Set: 0.7ms
[6.999s][info][gc,phases      ] GC(25)   Post Evacuate Collection Set: 0.0ms
[6.999s][info][gc,phases      ] GC(25)   Other: 0.1ms
[6.999s][info][gc,heap        ] GC(25) Eden regions: 1->0(1)
[6.999s][info][gc,heap        ] GC(25) Survivor regions: 1->1(1)
[6.999s][info][gc,heap        ] GC(25) Old regions: 5->5
[6.999s][info][gc,heap        ] GC(25) Humongous regions: 0->0
[6.999s][info][gc,metaspace   ] GC(25) Metaspace: 3102K->3102K(1056768K)
[6.999s][info][gc             ] GC(25) Pause Young (Concurrent Start) (G1 Evacuation Pause) 6M->5M(8M) 0.920ms
[6.999s][info][gc,cpu         ] GC(25) User=0.00s Sys=0.00s Real=0.00s
[6.999s][info][gc             ] GC(26) Concurrent Cycle
[6.999s][info][gc,marking     ] GC(26) Concurrent Clear Claimed Marks
[6.999s][info][gc,marking     ] GC(26) Concurrent Clear Claimed Marks 0.021ms
[6.999s][info][gc,marking     ] GC(26) Concurrent Scan Root Regions
[7.000s][info][gc,marking     ] GC(26) Concurrent Scan Root Regions 0.669ms
[7.001s][info][gc,marking     ] GC(26) Concurrent Mark (7.001s)
[7.001s][info][gc,marking     ] GC(26) Concurrent Mark From Roots
[7.001s][info][gc,task        ] GC(26) Using 1 workers of 1 for marking
[7.009s][info][gc,marking     ] GC(26) Concurrent Mark From Roots 8.580ms
[7.009s][info][gc,marking     ] GC(26) Concurrent Preclean
[7.009s][info][gc,marking     ] GC(26) Concurrent Preclean 0.025ms
[7.009s][info][gc,marking     ] GC(26) Concurrent Mark (7.001s, 7.009s) 8.707ms
[7.009s][info][gc,start       ] GC(26) Pause Remark
[7.011s][info][gc,stringtable ] GC(26) Cleaned string and symbol table, strings: 4168 processed, 0 removed, symbols: 5941 processed, 0 removed
[7.011s][info][gc             ] GC(26) Pause Remark 5M->5M(8M) 1.202ms
[7.011s][info][gc,cpu         ] GC(26) User=0.00s Sys=0.00s Real=0.00s
[7.011s][info][gc,marking     ] GC(26) Concurrent Rebuild Remembered Sets
[7.023s][info][gc,marking     ] GC(26) Concurrent Rebuild Remembered Sets 12.000ms
[7.023s][info][gc,start       ] GC(26) Pause Cleanup
[7.023s][info][gc             ] GC(26) Pause Cleanup 5M->5M(8M) 0.031ms
[7.023s][info][gc,cpu         ] GC(26) User=0.00s Sys=0.00s Real=0.00s
[7.023s][info][gc,marking     ] GC(26) Concurrent Cleanup for Next Mark
[7.024s][info][gc,marking     ] GC(26) Concurrent Cleanup for Next Mark 1.493ms
[7.024s][info][gc             ] GC(26) Concurrent Cycle 25.571ms
[7.152s][info][gc,start       ] GC(27) Pause Young (Normal) (G1 Evacuation Pause)
[7.153s][info][gc,task        ] GC(27) Using 1 workers of 1 for evacuation
[7.154s][info][gc,phases      ] GC(27)   Pre Evacuate Collection Set: 0.0ms
[7.156s][info][gc,phases      ] GC(27)   Evacuate Collection Set: 0.9ms
[7.156s][info][gc,phases      ] GC(27)   Post Evacuate Collection Set: 0.0ms
[7.156s][info][gc,phases      ] GC(27)   Other: 0.6ms
[7.156s][info][gc,heap        ] GC(27) Eden regions: 1->0(1)
[7.156s][info][gc,heap        ] GC(27) Survivor regions: 1->1(1)
[7.156s][info][gc,heap        ] GC(27) Old regions: 5->5
[7.156s][info][gc,heap        ] GC(27) Humongous regions: 0->0
[7.156s][info][gc,metaspace   ] GC(27) Metaspace: 3102K->3102K(1056768K)
[7.156s][info][gc             ] GC(27) Pause Young (Normal) (G1 Evacuation Pause) 6M->5M(8M) 3.508ms
[7.156s][info][gc,cpu         ] GC(27) User=0.00s Sys=0.00s Real=0.00s
[7.354s][info][gc,start       ] GC(28) Pause Young (Concurrent Start) (G1 Evacuation Pause)
[7.357s][info][gc,task        ] GC(28) Using 1 workers of 1 for evacuation
[7.358s][info][gc,phases      ] GC(28)   Pre Evacuate Collection Set: 0.0ms
[7.358s][info][gc,phases      ] GC(28)   Evacuate Collection Set: 0.8ms
[7.358s][info][gc,phases      ] GC(28)   Post Evacuate Collection Set: 0.0ms
[7.358s][info][gc,phases      ] GC(28)   Other: 2.5ms
[7.358s][info][gc,heap        ] GC(28) Eden regions: 1->0(1)
[7.358s][info][gc,heap        ] GC(28) Survivor regions: 1->1(1)
[7.358s][info][gc,heap        ] GC(28) Old regions: 5->5
[7.358s][info][gc,heap        ] GC(28) Humongous regions: 0->0
[7.358s][info][gc,metaspace   ] GC(28) Metaspace: 3102K->3102K(1056768K)
[7.358s][info][gc             ] GC(28) Pause Young (Concurrent Start) (G1 Evacuation Pause) 6M->5M(8M) 3.460ms
[7.358s][info][gc,cpu         ] GC(28) User=0.00s Sys=0.00s Real=0.01s
[7.358s][info][gc             ] GC(29) Concurrent Cycle
[7.358s][info][gc,marking     ] GC(29) Concurrent Clear Claimed Marks
[7.358s][info][gc,marking     ] GC(29) Concurrent Clear Claimed Marks 0.012ms
[7.358s][info][gc,marking     ] GC(29) Concurrent Scan Root Regions
[7.358s][info][gc,marking     ] GC(29) Concurrent Scan Root Regions 0.646ms
[7.358s][info][gc,marking     ] GC(29) Concurrent Mark (7.358s)
[7.359s][info][gc,marking     ] GC(29) Concurrent Mark From Roots
[7.359s][info][gc,task        ] GC(29) Using 1 workers of 1 for marking
[7.373s][info][gc,marking     ] GC(29) Concurrent Mark From Roots 14.749ms
[7.373s][info][gc,marking     ] GC(29) Concurrent Preclean
[7.373s][info][gc,marking     ] GC(29) Concurrent Preclean 0.026ms
[7.373s][info][gc,marking     ] GC(29) Concurrent Mark (7.358s, 7.373s) 14.849ms
[7.373s][info][gc,start       ] GC(29) Pause Remark
[7.375s][info][gc,stringtable ] GC(29) Cleaned string and symbol table, strings: 4169 processed, 0 removed, symbols: 5941 processed, 0 removed
[7.375s][info][gc             ] GC(29) Pause Remark 5M->5M(8M) 1.329ms
[7.375s][info][gc,cpu         ] GC(29) User=0.01s Sys=0.00s Real=0.00s
[7.375s][info][gc,marking     ] GC(29) Concurrent Rebuild Remembered Sets
[7.390s][info][gc,marking     ] GC(29) Concurrent Rebuild Remembered Sets 15.091ms
[7.391s][info][gc,start       ] GC(29) Pause Cleanup
[7.391s][info][gc             ] GC(29) Pause Cleanup 5M->5M(8M) 0.036ms
[7.391s][info][gc,cpu         ] GC(29) User=0.00s Sys=0.00s Real=0.00s
[7.391s][info][gc,marking     ] GC(29) Concurrent Cleanup for Next Mark
[7.398s][info][gc,marking     ] GC(29) Concurrent Cleanup for Next Mark 6.456ms
[7.399s][info][gc             ] GC(29) Concurrent Cycle 41.568ms
[7.504s][info][gc,start       ] GC(30) Pause Young (Normal) (G1 Evacuation Pause)
[7.504s][info][gc,task        ] GC(30) Using 1 workers of 1 for evacuation
[7.506s][info][gc,phases      ] GC(30)   Pre Evacuate Collection Set: 0.0ms
[7.507s][info][gc,phases      ] GC(30)   Evacuate Collection Set: 0.9ms
[7.509s][info][gc,phases      ] GC(30)   Post Evacuate Collection Set: 0.0ms
[7.509s][info][gc,phases      ] GC(30)   Other: 0.5ms
[7.509s][info][gc,heap        ] GC(30) Eden regions: 1->0(1)
[7.509s][info][gc,heap        ] GC(30) Survivor regions: 1->1(1)
[7.509s][info][gc,heap        ] GC(30) Old regions: 5->6
[7.509s][info][gc,heap        ] GC(30) Humongous regions: 0->0
[7.509s][info][gc,metaspace   ] GC(30) Metaspace: 3102K->3102K(1056768K)
[7.509s][info][gc             ] GC(30) Pause Young (Normal) (G1 Evacuation Pause) 6M->5M(9M) 4.525ms
[7.509s][info][gc,cpu         ] GC(30) User=0.00s Sys=0.00s Real=0.01s
[8.158s][info][gc,start       ] GC(31) Pause Young (Concurrent Start) (G1 Evacuation Pause)
[8.162s][info][gc,task        ] GC(31) Using 1 workers of 1 for evacuation
[8.163s][info][gc,phases      ] GC(31)   Pre Evacuate Collection Set: 0.0ms
[8.165s][info][gc,phases      ] GC(31)   Evacuate Collection Set: 0.9ms
[8.165s][info][gc,phases      ] GC(31)   Post Evacuate Collection Set: 0.0ms
[8.165s][info][gc,phases      ] GC(31)   Other: 4.4ms
[8.165s][info][gc,heap        ] GC(31) Eden regions: 1->0(1)
[8.165s][info][gc,heap        ] GC(31) Survivor regions: 1->1(1)
[8.165s][info][gc,heap        ] GC(31) Old regions: 6->6
[8.165s][info][gc,heap        ] GC(31) Humongous regions: 0->0
[8.165s][info][gc,metaspace   ] GC(31) Metaspace: 3334K->3334K(1056768K)
[8.165s][info][gc             ] GC(31) Pause Young (Concurrent Start) (G1 Evacuation Pause) 6M->5M(9M) 7.236ms
[8.165s][info][gc,cpu         ] GC(31) User=0.00s Sys=0.00s Real=0.00s
[8.165s][info][gc             ] GC(32) Concurrent Cycle
[8.166s][info][gc,marking     ] GC(32) Concurrent Clear Claimed Marks
[8.166s][info][gc,marking     ] GC(32) Concurrent Clear Claimed Marks 0.023ms
[8.166s][info][gc,marking     ] GC(32) Concurrent Scan Root Regions
[8.166s][info][gc,marking     ] GC(32) Concurrent Scan Root Regions 0.096ms
[8.166s][info][gc,marking     ] GC(32) Concurrent Mark (8.166s)
[8.166s][info][gc,marking     ] GC(32) Concurrent Mark From Roots
[8.166s][info][gc,task        ] GC(32) Using 1 workers of 1 for marking
[8.177s][info][gc,marking     ] GC(32) Concurrent Mark From Roots 11.109ms
[8.177s][info][gc,marking     ] GC(32) Concurrent Preclean
[8.177s][info][gc,marking     ] GC(32) Concurrent Preclean 0.027ms
[8.177s][info][gc,marking     ] GC(32) Concurrent Mark (8.166s, 8.177s) 11.488ms
[8.177s][info][gc,start       ] GC(32) Pause Remark
[8.179s][info][gc,stringtable ] GC(32) Cleaned string and symbol table, strings: 4227 processed, 0 removed, symbols: 6195 processed, 0 removed
[8.187s][info][gc             ] GC(32) Pause Remark 5M->5M(9M) 9.650ms
[8.187s][info][gc,cpu         ] GC(32) User=0.00s Sys=0.00s Real=0.00s
[8.187s][info][gc,marking     ] GC(32) Concurrent Rebuild Remembered Sets
[8.220s][info][gc,marking     ] GC(32) Concurrent Rebuild Remembered Sets 33.164ms
[8.226s][info][gc,start       ] GC(32) Pause Cleanup
[8.227s][info][gc             ] GC(32) Pause Cleanup 5M->5M(9M) 0.670ms
[8.227s][info][gc,cpu         ] GC(32) User=0.00s Sys=0.00s Real=0.00s
[8.227s][info][gc,marking     ] GC(32) Concurrent Cleanup for Next Mark
[8.232s][info][gc,marking     ] GC(32) Concurrent Cleanup for Next Mark 4.262ms
[8.232s][info][gc             ] GC(32) Concurrent Cycle 66.753ms
[8.470s][info][gc,start       ] GC(33) Pause Young (Normal) (G1 Evacuation Pause)
[8.470s][info][gc,task        ] GC(33) Using 1 workers of 1 for evacuation
[8.472s][info][gc,phases      ] GC(33)   Pre Evacuate Collection Set: 0.0ms
[8.473s][info][gc,phases      ] GC(33)   Evacuate Collection Set: 2.5ms
[8.473s][info][gc,phases      ] GC(33)   Post Evacuate Collection Set: 0.0ms
[8.473s][info][gc,phases      ] GC(33)   Other: 0.2ms
[8.473s][info][gc,heap        ] GC(33) Eden regions: 1->0(1)
[8.473s][info][gc,heap        ] GC(33) Survivor regions: 1->1(1)
[8.473s][info][gc,heap        ] GC(33) Old regions: 6->6
[8.473s][info][gc,heap        ] GC(33) Humongous regions: 0->0
[8.473s][info][gc,metaspace   ] GC(33) Metaspace: 3358K->3358K(1056768K)
[8.473s][info][gc             ] GC(33) Pause Young (Normal) (G1 Evacuation Pause) 6M->5M(9M) 2.893ms
[8.473s][info][gc,cpu         ] GC(33) User=0.00s Sys=0.00s Real=0.00s
[8.955s][info][gc,start       ] GC(34) Pause Young (Concurrent Start) (G1 Evacuation Pause)
[8.956s][info][gc,task        ] GC(34) Using 1 workers of 1 for evacuation
[8.956s][info][gc,phases      ] GC(34)   Pre Evacuate Collection Set: 0.0ms
[8.957s][info][gc,phases      ] GC(34)   Evacuate Collection Set: 0.4ms
[8.957s][info][gc,phases      ] GC(34)   Post Evacuate Collection Set: 0.0ms
[8.957s][info][gc,phases      ] GC(34)   Other: 0.3ms
[8.957s][info][gc,heap        ] GC(34) Eden regions: 1->0(1)
[8.957s][info][gc,heap        ] GC(34) Survivor regions: 1->1(1)
[8.957s][info][gc,heap        ] GC(34) Old regions: 6->6
[8.957s][info][gc,heap        ] GC(34) Humongous regions: 0->0
[8.957s][info][gc,metaspace   ] GC(34) Metaspace: 3358K->3358K(1056768K)
[8.957s][info][gc             ] GC(34) Pause Young (Concurrent Start) (G1 Evacuation Pause) 6M->5M(9M) 1.837ms
[8.957s][info][gc,cpu         ] GC(34) User=0.00s Sys=0.00s Real=0.01s
[8.957s][info][gc             ] GC(35) Concurrent Cycle
[8.957s][info][gc,marking     ] GC(35) Concurrent Clear Claimed Marks
[8.957s][info][gc,marking     ] GC(35) Concurrent Clear Claimed Marks 0.005ms
[8.957s][info][gc,marking     ] GC(35) Concurrent Scan Root Regions
[8.957s][info][gc,marking     ] GC(35) Concurrent Scan Root Regions 0.091ms
[8.957s][info][gc,marking     ] GC(35) Concurrent Mark (8.957s)
[8.957s][info][gc,marking     ] GC(35) Concurrent Mark From Roots
[8.957s][info][gc,task        ] GC(35) Using 1 workers of 1 for marking
[8.962s][info][gc,marking     ] GC(35) Concurrent Mark From Roots 4.677ms
[8.962s][info][gc,marking     ] GC(35) Concurrent Preclean
[8.963s][info][gc,marking     ] GC(35) Concurrent Preclean 0.493ms
[8.963s][info][gc,marking     ] GC(35) Concurrent Mark (8.957s, 8.963s) 5.251ms
[8.969s][info][gc,start       ] GC(35) Pause Remark
[8.972s][info][gc,stringtable ] GC(35) Cleaned string and symbol table, strings: 4235 processed, 0 removed, symbols: 6195 processed, 0 removed
[8.977s][info][gc             ] GC(35) Pause Remark 5M->5M(9M) 7.820ms
[8.977s][info][gc,cpu         ] GC(35) User=0.00s Sys=0.00s Real=0.01s
[8.993s][info][gc,marking     ] GC(35) Concurrent Rebuild Remembered Sets
[9.000s][info][gc,marking     ] GC(35) Concurrent Rebuild Remembered Sets 6.706ms
[9.000s][info][gc,start       ] GC(35) Pause Cleanup
[9.005s][info][gc             ] GC(35) Pause Cleanup 5M->5M(9M) 4.736ms
[9.005s][info][gc,cpu         ] GC(35) User=0.00s Sys=0.00s Real=0.00s
[9.006s][info][gc,marking     ] GC(35) Concurrent Cleanup for Next Mark
[9.006s][info][gc,marking     ] GC(35) Concurrent Cleanup for Next Mark 0.051ms
[9.006s][info][gc             ] GC(35) Concurrent Cycle 48.825ms
[9.173s][info][gc,start       ] GC(36) Pause Young (Normal) (G1 Evacuation Pause)
[9.173s][info][gc,task        ] GC(36) Using 1 workers of 1 for evacuation
[9.173s][info][gc,phases      ] GC(36)   Pre Evacuate Collection Set: 0.0ms
[9.173s][info][gc,phases      ] GC(36)   Evacuate Collection Set: 0.3ms
[9.173s][info][gc,phases      ] GC(36)   Post Evacuate Collection Set: 0.0ms
[9.173s][info][gc,phases      ] GC(36)   Other: 0.2ms
[9.173s][info][gc,heap        ] GC(36) Eden regions: 1->0(1)
[9.173s][info][gc,heap        ] GC(36) Survivor regions: 1->1(1)
[9.173s][info][gc,heap        ] GC(36) Old regions: 6->6
[9.173s][info][gc,heap        ] GC(36) Humongous regions: 0->0
[9.173s][info][gc,metaspace   ] GC(36) Metaspace: 3358K->3358K(1056768K)
[9.173s][info][gc             ] GC(36) Pause Young (Normal) (G1 Evacuation Pause) 6M->5M(9M) 0.655ms
[9.173s][info][gc,cpu         ] GC(36) User=0.00s Sys=0.00s Real=0.00s
[9.282s][info][gc,start       ] GC(37) Pause Young (Concurrent Start) (G1 Evacuation Pause)
[9.282s][info][gc,task        ] GC(37) Using 1 workers of 1 for evacuation
[9.282s][info][gc,phases      ] GC(37)   Pre Evacuate Collection Set: 0.0ms
[9.282s][info][gc,phases      ] GC(37)   Evacuate Collection Set: 0.4ms
[9.283s][info][gc,phases      ] GC(37)   Post Evacuate Collection Set: 0.0ms
[9.283s][info][gc,phases      ] GC(37)   Other: 0.1ms
[9.283s][info][gc,heap        ] GC(37) Eden regions: 1->0(1)
[9.283s][info][gc,heap        ] GC(37) Survivor regions: 1->1(1)
[9.283s][info][gc,heap        ] GC(37) Old regions: 6->6
[9.283s][info][gc,heap        ] GC(37) Humongous regions: 0->0
[9.283s][info][gc,metaspace   ] GC(37) Metaspace: 3362K->3362K(1056768K)
[9.283s][info][gc             ] GC(37) Pause Young (Concurrent Start) (G1 Evacuation Pause) 6M->5M(9M) 0.688ms
[9.283s][info][gc,cpu         ] GC(37) User=0.00s Sys=0.00s Real=0.00s
[9.283s][info][gc             ] GC(38) Concurrent Cycle
[9.283s][info][gc,marking     ] GC(38) Concurrent Clear Claimed Marks
[9.283s][info][gc,marking     ] GC(38) Concurrent Clear Claimed Marks 0.012ms
[9.283s][info][gc,marking     ] GC(38) Concurrent Scan Root Regions
[9.283s][info][gc,marking     ] GC(38) Concurrent Scan Root Regions 0.087ms
[9.283s][info][gc,marking     ] GC(38) Concurrent Mark (9.283s)
[9.283s][info][gc,marking     ] GC(38) Concurrent Mark From Roots
[9.283s][info][gc,task        ] GC(38) Using 1 workers of 1 for marking
[9.306s][info][gc,marking     ] GC(38) Concurrent Mark From Roots 23.036ms
[9.310s][info][gc,marking     ] GC(38) Concurrent Preclean
[9.310s][info][gc,marking     ] GC(38) Concurrent Preclean 0.046ms
[9.311s][info][gc,marking     ] GC(38) Concurrent Mark (9.283s, 9.311s) 27.821ms
[9.311s][info][gc,start       ] GC(38) Pause Remark
[9.314s][info][gc,stringtable ] GC(38) Cleaned string and symbol table, strings: 4235 processed, 0 removed, symbols: 6195 processed, 0 removed
[9.314s][info][gc             ] GC(38) Pause Remark 5M->5M(9M) 3.697ms
[9.315s][info][gc,cpu         ] GC(38) User=0.00s Sys=0.00s Real=0.00s
[9.315s][info][gc,marking     ] GC(38) Concurrent Rebuild Remembered Sets
[9.321s][info][gc,marking     ] GC(38) Concurrent Rebuild Remembered Sets 6.171ms
[9.321s][info][gc,start       ] GC(38) Pause Cleanup
[9.321s][info][gc             ] GC(38) Pause Cleanup 5M->5M(9M) 0.028ms
[9.321s][info][gc,cpu         ] GC(38) User=0.00s Sys=0.00s Real=0.00s
[9.321s][info][gc,marking     ] GC(38) Concurrent Cleanup for Next Mark
[9.331s][info][gc,marking     ] GC(38) Concurrent Cleanup for Next Mark 10.259ms
[9.332s][info][gc             ] GC(38) Concurrent Cycle 49.673ms
[9.606s][info][gc,start       ] GC(39) Pause Young (Normal) (G1 Evacuation Pause)
[9.606s][info][gc,task        ] GC(39) Using 1 workers of 1 for evacuation
[9.610s][info][gc,phases      ] GC(39)   Pre Evacuate Collection Set: 0.0ms
[9.610s][info][gc,phases      ] GC(39)   Evacuate Collection Set: 3.8ms
[9.610s][info][gc,phases      ] GC(39)   Post Evacuate Collection Set: 0.1ms
[9.610s][info][gc,phases      ] GC(39)   Other: 0.5ms
[9.610s][info][gc,heap        ] GC(39) Eden regions: 1->0(1)
[9.610s][info][gc,heap        ] GC(39) Survivor regions: 1->1(1)
[9.610s][info][gc,heap        ] GC(39) Old regions: 6->6
[9.610s][info][gc,heap        ] GC(39) Humongous regions: 0->0
[9.610s][info][gc,metaspace   ] GC(39) Metaspace: 3433K->3433K(1056768K)
[9.610s][info][gc             ] GC(39) Pause Young (Normal) (G1 Evacuation Pause) 6M->5M(9M) 4.361ms
[9.610s][info][gc,cpu         ] GC(39) User=0.00s Sys=0.00s Real=0.01s
[9.783s][info][gc,heap,exit   ] Heap
[9.783s][info][gc,heap,exit   ]  garbage-first heap   total 9216K, used 5645K [0x00000000c2a00000, 0x0000000100000000)
[9.783s][info][gc,heap,exit   ]   region size 1024K, 2 young (2048K), 1 survivors (1024K)
[9.783s][info][gc,heap,exit   ]  Metaspace       used 3434K, capacity 6258K, committed 6528K, reserved 1056768K
[9.783s][info][gc,heap,exit   ]   class space    used 272K, capacity 573K, committed 640K, reserved 1048576K
