[0.006s][info][gc,heap] Heap region size: 1M
[0.006s][info][gc     ] Using G1
[0.006s][info][gc,heap,coops] Heap address: 0x00000000c2a00000, size: 982 MB, Compressed Oops mode: 32-bit
[0.431s][info][gc,start     ] GC(0) Pause Young (Normal) (G1 Evacuation Pause)
[0.433s][info][gc,task      ] GC(0) Using 1 workers of 1 for evacuation
[0.437s][info][gc,phases    ] GC(0)   Pre Evacuate Collection Set: 0.0ms
[0.437s][info][gc,phases    ] GC(0)   Evacuate Collection Set: 3.5ms
[0.437s][info][gc,phases    ] GC(0)   Post Evacuate Collection Set: 0.0ms
[0.437s][info][gc,phases    ] GC(0)   Other: 2.5ms
[0.437s][info][gc,heap      ] GC(0) Eden regions: 3->0(36)
[0.437s][info][gc,heap      ] GC(0) Survivor regions: 0->1(1)
[0.437s][info][gc,heap      ] GC(0) Old regions: 0->0
[0.437s][info][gc,heap      ] GC(0) Humongous regions: 0->0
[0.437s][info][gc,metaspace ] GC(0) Metaspace: 1037K->1037K(1056768K)
[0.437s][info][gc           ] GC(0) Pause Young (Normal) (G1 Evacuation Pause) 3M->0M(62M) 6.239ms
[0.437s][info][gc,cpu       ] GC(0) User=0.00s Sys=0.00s Real=0.00s
[4.721s][info][gc,start     ] GC(1) Pause Young (Normal) (G1 Evacuation Pause)
[4.725s][info][gc,task      ] GC(1) Using 1 workers of 1 for evacuation
[4.745s][info][gc,phases    ] GC(1)   Pre Evacuate Collection Set: 0.0ms
[4.745s][info][gc,phases    ] GC(1)   Evacuate Collection Set: 15.1ms
[4.745s][info][gc,phases    ] GC(1)   Post Evacuate Collection Set: 0.2ms
[4.745s][info][gc,phases    ] GC(1)   Other: 4.2ms
[4.745s][info][gc,heap      ] GC(1) Eden regions: 36->0(9)
[4.745s][info][gc,heap      ] GC(1) Survivor regions: 1->5(5)
[4.745s][info][gc,heap      ] GC(1) Old regions: 0->0
[4.745s][info][gc,heap      ] GC(1) Humongous regions: 0->0
[4.745s][info][gc,metaspace ] GC(1) Metaspace: 7121K->7121K(1056768K)
[4.745s][info][gc           ] GC(1) Pause Young (Normal) (G1 Evacuation Pause) 36M->4M(62M) 24.035ms
[4.745s][info][gc,cpu       ] GC(1) User=0.01s Sys=0.00s Real=0.02s
[5.275s][info][gc,start     ] GC(2) Pause Young (Normal) (G1 Evacuation Pause)
[5.277s][info][gc,task      ] GC(2) Using 1 workers of 1 for evacuation
[5.297s][info][gc,phases    ] GC(2)   Pre Evacuate Collection Set: 0.0ms
[5.297s][info][gc,phases    ] GC(2)   Evacuate Collection Set: 20.0ms
[5.297s][info][gc,phases    ] GC(2)   Post Evacuate Collection Set: 0.3ms
[5.297s][info][gc,phases    ] GC(2)   Other: 2.3ms
[5.297s][info][gc,heap      ] GC(2) Eden regions: 9->0(24)
[5.297s][info][gc,heap      ] GC(2) Survivor regions: 5->1(2)
[5.297s][info][gc,heap      ] GC(2) Old regions: 0->5
[5.297s][info][gc,heap      ] GC(2) Humongous regions: 0->0
[5.297s][info][gc,metaspace ] GC(2) Metaspace: 7746K->7746K(1056768K)
[5.297s][info][gc           ] GC(2) Pause Young (Normal) (G1 Evacuation Pause) 13M->4M(62M) 22.770ms
[5.297s][info][gc,cpu       ] GC(2) User=0.01s Sys=0.00s Real=0.02s
[6.839s][info][gc,start     ] GC(3) Pause Young (Normal) (G1 Evacuation Pause)
[6.840s][info][gc,task      ] GC(3) Using 1 workers of 1 for evacuation
[6.853s][info][gc,phases    ] GC(3)   Pre Evacuate Collection Set: 0.0ms
[6.853s][info][gc,phases    ] GC(3)   Evacuate Collection Set: 7.7ms
[6.853s][info][gc,phases    ] GC(3)   Post Evacuate Collection Set: 5.3ms
[6.853s][info][gc,phases    ] GC(3)   Other: 0.5ms
[6.853s][info][gc,heap      ] GC(3) Eden regions: 20->0(28)
[6.853s][info][gc,heap      ] GC(3) Survivor regions: 1->2(3)
[6.853s][info][gc,heap      ] GC(3) Old regions: 5->5
[6.853s][info][gc,heap      ] GC(3) Humongous regions: 0->0
[6.853s][info][gc,metaspace ] GC(3) Metaspace: 12333K->12333K(1060864K)
[6.853s][info][gc           ] GC(3) Pause Young (Normal) (G1 Evacuation Pause) 24M->5M(62M) 13.726ms
[6.853s][info][gc,cpu       ] GC(3) User=0.01s Sys=0.00s Real=0.02s
[7.552s][info][gc,start     ] GC(4) Pause Young (Normal) (G1 Evacuation Pause)
[7.552s][info][gc,task      ] GC(4) Using 1 workers of 1 for evacuation
[7.562s][info][gc,phases    ] GC(4)   Pre Evacuate Collection Set: 0.0ms
[7.562s][info][gc,phases    ] GC(4)   Evacuate Collection Set: 9.6ms
[7.562s][info][gc,phases    ] GC(4)   Post Evacuate Collection Set: 0.5ms
[7.562s][info][gc,phases    ] GC(4)   Other: 0.2ms
[7.562s][info][gc,heap      ] GC(4) Eden regions: 28->0(33)
[7.562s][info][gc,heap      ] GC(4) Survivor regions: 2->4(4)
[7.562s][info][gc,heap      ] GC(4) Old regions: 5->5
[7.562s][info][gc,heap      ] GC(4) Humongous regions: 0->0
[7.562s][info][gc,metaspace ] GC(4) Metaspace: 14733K->14733K(1062912K)
[7.562s][info][gc           ] GC(4) Pause Young (Normal) (G1 Evacuation Pause) 33M->7M(62M) 10.492ms
[7.562s][info][gc,cpu       ] GC(4) User=0.01s Sys=0.00s Real=0.01s
[8.145s][info][gc,start     ] GC(5) Pause Young (Normal) (G1 Evacuation Pause)
[8.145s][info][gc,task      ] GC(5) Using 1 workers of 1 for evacuation
[8.186s][info][gc,phases    ] GC(5)   Pre Evacuate Collection Set: 0.0ms
[8.186s][info][gc,phases    ] GC(5)   Evacuate Collection Set: 40.4ms
[8.186s][info][gc,phases    ] GC(5)   Post Evacuate Collection Set: 0.5ms
[8.186s][info][gc,phases    ] GC(5)   Other: 0.3ms
[8.186s][info][gc,heap      ] GC(5) Eden regions: 33->0(32)
[8.186s][info][gc,heap      ] GC(5) Survivor regions: 4->5(5)
[8.186s][info][gc,heap      ] GC(5) Old regions: 5->6
[8.186s][info][gc,heap      ] GC(5) Humongous regions: 0->0
[8.186s][info][gc,metaspace ] GC(5) Metaspace: 18773K->18773K(1067008K)
[8.186s][info][gc           ] GC(5) Pause Young (Normal) (G1 Evacuation Pause) 40M->10M(62M) 41.321ms
[8.186s][info][gc,cpu       ] GC(5) User=0.03s Sys=0.00s Real=0.04s
[8.306s][info][gc,start     ] GC(6) Pause Young (Concurrent Start) (Metadata GC Threshold)
[8.307s][info][gc,task      ] GC(6) Using 1 workers of 1 for evacuation
[8.315s][info][gc,phases    ] GC(6)   Pre Evacuate Collection Set: 0.1ms
[8.315s][info][gc,phases    ] GC(6)   Evacuate Collection Set: 8.2ms
[8.315s][info][gc,phases    ] GC(6)   Post Evacuate Collection Set: 0.1ms
[8.315s][info][gc,phases    ] GC(6)   Other: 0.2ms
[8.315s][info][gc,heap      ] GC(6) Eden regions: 6->0(34)
[8.315s][info][gc,heap      ] GC(6) Survivor regions: 5->1(5)
[8.315s][info][gc,heap      ] GC(6) Old regions: 6->10
[8.315s][info][gc,heap      ] GC(6) Humongous regions: 0->0
[8.315s][info][gc,metaspace ] GC(6) Metaspace: 20076K->20076K(1067008K)
[8.315s][info][gc           ] GC(6) Pause Young (Concurrent Start) (Metadata GC Threshold) 15M->10M(62M) 8.799ms
[8.315s][info][gc,cpu       ] GC(6) User=0.01s Sys=0.00s Real=0.01s
[8.315s][info][gc           ] GC(7) Concurrent Cycle
[8.317s][info][gc,marking   ] GC(7) Concurrent Clear Claimed Marks
[8.317s][info][gc,marking   ] GC(7) Concurrent Clear Claimed Marks 0.064ms
[8.317s][info][gc,marking   ] GC(7) Concurrent Scan Root Regions
[8.318s][info][gc,marking   ] GC(7) Concurrent Scan Root Regions 0.370ms
[8.318s][info][gc,marking   ] GC(7) Concurrent Mark (8.318s)
[8.318s][info][gc,marking   ] GC(7) Concurrent Mark From Roots
[8.318s][info][gc,task      ] GC(7) Using 1 workers of 1 for marking
[8.373s][info][gc,marking   ] GC(7) Concurrent Mark From Roots 54.907ms
[8.374s][info][gc,marking   ] GC(7) Concurrent Preclean
[8.374s][info][gc,marking   ] GC(7) Concurrent Preclean 0.064ms
[8.374s][info][gc,marking   ] GC(7) Concurrent Mark (8.318s, 8.374s) 56.474ms
[8.380s][info][gc,start     ] GC(7) Pause Remark
[8.385s][info][gc,stringtable] GC(7) Cleaned string and symbol table, strings: 9332 processed, 23 removed, symbols: 38303 processed, 30 removed
[8.389s][info][gc            ] GC(7) Pause Remark 12M->12M(62M) 8.500ms
[8.389s][info][gc,cpu        ] GC(7) User=0.01s Sys=0.00s Real=0.02s
[8.389s][info][gc,marking    ] GC(7) Concurrent Rebuild Remembered Sets
[8.416s][info][gc,marking    ] GC(7) Concurrent Rebuild Remembered Sets 26.657ms
[8.423s][info][gc,start      ] GC(7) Pause Cleanup
[8.423s][info][gc            ] GC(7) Pause Cleanup 14M->14M(62M) 0.081ms
[8.423s][info][gc,cpu        ] GC(7) User=0.00s Sys=0.00s Real=0.00s
[8.423s][info][gc,marking    ] GC(7) Concurrent Cleanup for Next Mark
[8.425s][info][gc,marking    ] GC(7) Concurrent Cleanup for Next Mark 2.142ms
[8.425s][info][gc            ] GC(7) Concurrent Cycle 109.711ms
[8.853s][info][gc,start      ] GC(8) Pause Young (Concurrent Start) (G1 Evacuation Pause)
[8.853s][info][gc,task       ] GC(8) Using 1 workers of 1 for evacuation
[8.861s][info][gc,phases     ] GC(8)   Pre Evacuate Collection Set: 0.1ms
[8.861s][info][gc,phases     ] GC(8)   Evacuate Collection Set: 7.5ms
[8.861s][info][gc,phases     ] GC(8)   Post Evacuate Collection Set: 0.5ms
[8.861s][info][gc,phases     ] GC(8)   Other: 0.3ms
[8.861s][info][gc,heap       ] GC(8) Eden regions: 34->0(33)
[8.861s][info][gc,heap       ] GC(8) Survivor regions: 1->3(5)
[8.861s][info][gc,heap       ] GC(8) Old regions: 10->10
[8.861s][info][gc,heap       ] GC(8) Humongous regions: 0->0
[8.861s][info][gc,metaspace  ] GC(8) Metaspace: 23647K->23647K(1071104K)
[8.861s][info][gc            ] GC(8) Pause Young (Concurrent Start) (G1 Evacuation Pause) 44M->12M(62M) 8.533ms
[8.861s][info][gc,cpu        ] GC(8) User=0.01s Sys=0.00s Real=0.01s
[8.861s][info][gc            ] GC(9) Concurrent Cycle
[8.866s][info][gc,marking    ] GC(9) Concurrent Clear Claimed Marks
[8.866s][info][gc,marking    ] GC(9) Concurrent Clear Claimed Marks 0.097ms
[8.866s][info][gc,marking    ] GC(9) Concurrent Scan Root Regions
[8.867s][info][gc,marking    ] GC(9) Concurrent Scan Root Regions 1.593ms
[8.867s][info][gc,marking    ] GC(9) Concurrent Mark (8.867s)
[8.867s][info][gc,marking    ] GC(9) Concurrent Mark From Roots
[8.867s][info][gc,task       ] GC(9) Using 1 workers of 1 for marking
[8.925s][info][gc,marking    ] GC(9) Concurrent Mark From Roots 57.735ms
[8.925s][info][gc,marking    ] GC(9) Concurrent Preclean
[8.925s][info][gc,marking    ] GC(9) Concurrent Preclean 0.052ms
[8.925s][info][gc,marking    ] GC(9) Concurrent Mark (8.867s, 8.925s) 57.905ms
[8.925s][info][gc,start      ] GC(9) Pause Remark
[8.930s][info][gc,stringtable] GC(9) Cleaned string and symbol table, strings: 10474 processed, 2 removed, symbols: 46090 processed, 19 removed
[8.930s][info][gc            ] GC(9) Pause Remark 15M->15M(62M) 4.211ms
[8.930s][info][gc,cpu        ] GC(9) User=0.01s Sys=0.00s Real=0.01s
[8.930s][info][gc,marking    ] GC(9) Concurrent Rebuild Remembered Sets
[8.955s][info][gc,marking    ] GC(9) Concurrent Rebuild Remembered Sets 25.560ms
[8.957s][info][gc,start      ] GC(9) Pause Cleanup
[8.957s][info][gc            ] GC(9) Pause Cleanup 17M->17M(62M) 0.051ms
[8.957s][info][gc,cpu        ] GC(9) User=0.00s Sys=0.00s Real=0.00s
[8.957s][info][gc,marking    ] GC(9) Concurrent Cleanup for Next Mark
[8.961s][info][gc,marking    ] GC(9) Concurrent Cleanup for Next Mark 3.588ms
[8.961s][info][gc            ] GC(9) Concurrent Cycle 99.609ms
[9.272s][info][gc,start      ] GC(10) Pause Young (Normal) (G1 Evacuation Pause)
[9.272s][info][gc,task       ] GC(10) Using 1 workers of 1 for evacuation
[9.293s][info][gc,phases     ] GC(10)   Pre Evacuate Collection Set: 0.0ms
[9.293s][info][gc,phases     ] GC(10)   Evacuate Collection Set: 19.0ms
[9.293s][info][gc,phases     ] GC(10)   Post Evacuate Collection Set: 1.7ms
[9.293s][info][gc,phases     ] GC(10)   Other: 0.3ms
[9.293s][info][gc,heap       ] GC(10) Eden regions: 33->0(30)
[9.293s][info][gc,heap       ] GC(10) Survivor regions: 3->5(5)
[9.293s][info][gc,heap       ] GC(10) Old regions: 10->11
[9.293s][info][gc,heap       ] GC(10) Humongous regions: 0->0
[9.293s][info][gc,metaspace  ] GC(10) Metaspace: 25180K->25180K(1073152K)
[9.293s][info][gc            ] GC(10) Pause Young (Normal) (G1 Evacuation Pause) 45M->15M(62M) 21.142ms
[9.293s][info][gc,cpu        ] GC(10) User=0.02s Sys=0.00s Real=0.02s
[9.595s][info][gc,start      ] GC(11) Pause Young (Normal) (G1 Evacuation Pause)
[9.596s][info][gc,task       ] GC(11) Using 1 workers of 1 for evacuation
[9.614s][info][gc,phases     ] GC(11)   Pre Evacuate Collection Set: 0.0ms
[9.614s][info][gc,phases     ] GC(11)   Evacuate Collection Set: 16.7ms
[9.614s][info][gc,phases     ] GC(11)   Post Evacuate Collection Set: 1.6ms
[9.614s][info][gc,phases     ] GC(11)   Other: 0.2ms
[9.614s][info][gc,heap       ] GC(11) Eden regions: 30->0(35)
[9.614s][info][gc,heap       ] GC(11) Survivor regions: 5->2(5)
[9.614s][info][gc,heap       ] GC(11) Old regions: 11->16
[9.614s][info][gc,heap       ] GC(11) Humongous regions: 0->0
[9.614s][info][gc,metaspace  ] GC(11) Metaspace: 26876K->26876K(1075200K)
[9.614s][info][gc            ] GC(11) Pause Young (Normal) (G1 Evacuation Pause) 45M->17M(75M) 18.715ms
[9.614s][info][gc,cpu        ] GC(11) User=0.01s Sys=0.00s Real=0.02s
[10.177s][info][gc,start      ] GC(12) Pause Young (Normal) (G1 Evacuation Pause)
[10.181s][info][gc,task       ] GC(12) Using 1 workers of 1 for evacuation
[10.197s][info][gc,phases     ] GC(12)   Pre Evacuate Collection Set: 0.0ms
[10.197s][info][gc,phases     ] GC(12)   Evacuate Collection Set: 14.6ms
[10.197s][info][gc,phases     ] GC(12)   Post Evacuate Collection Set: 0.6ms
[10.197s][info][gc,phases     ] GC(12)   Other: 4.9ms
[10.197s][info][gc,heap       ] GC(12) Eden regions: 35->0(34)
[10.197s][info][gc,heap       ] GC(12) Survivor regions: 2->4(5)
[10.197s][info][gc,heap       ] GC(12) Old regions: 16->16
[10.197s][info][gc,heap       ] GC(12) Humongous regions: 0->0
[10.197s][info][gc,metaspace  ] GC(12) Metaspace: 30805K->30805K(1077248K)
[10.197s][info][gc            ] GC(12) Pause Young (Normal) (G1 Evacuation Pause) 52M->19M(75M) 20.332ms
[10.197s][info][gc,cpu        ] GC(12) User=0.02s Sys=0.00s Real=0.02s
[10.605s][info][gc,start      ] GC(13) Pause Young (Normal) (G1 Evacuation Pause)
[10.605s][info][gc,task       ] GC(13) Using 1 workers of 1 for evacuation
[10.622s][info][gc,phases     ] GC(13)   Pre Evacuate Collection Set: 0.0ms
[10.622s][info][gc,phases     ] GC(13)   Evacuate Collection Set: 16.2ms
[10.622s][info][gc,phases     ] GC(13)   Post Evacuate Collection Set: 0.5ms
[10.622s][info][gc,phases     ] GC(13)   Other: 0.3ms
[10.622s][info][gc,heap       ] GC(13) Eden regions: 34->0(33)
[10.622s][info][gc,heap       ] GC(13) Survivor regions: 4->3(5)
[10.622s][info][gc,heap       ] GC(13) Old regions: 16->20
[10.622s][info][gc,heap       ] GC(13) Humongous regions: 0->0
[10.622s][info][gc,metaspace  ] GC(13) Metaspace: 33316K->33316K(1081344K)
[10.622s][info][gc            ] GC(13) Pause Young (Normal) (G1 Evacuation Pause) 53M->21M(75M) 17.177ms
[10.622s][info][gc,cpu        ] GC(13) User=0.02s Sys=0.00s Real=0.02s
[11.041s][info][gc,start      ] GC(14) Pause Young (Normal) (G1 Evacuation Pause)
[11.041s][info][gc,task       ] GC(14) Using 1 workers of 1 for evacuation
[11.054s][info][gc,phases     ] GC(14)   Pre Evacuate Collection Set: 0.0ms
[11.054s][info][gc,phases     ] GC(14)   Evacuate Collection Set: 11.8ms
[11.054s][info][gc,phases     ] GC(14)   Post Evacuate Collection Set: 0.4ms
[11.054s][info][gc,phases     ] GC(14)   Other: 0.5ms
[11.054s][info][gc,heap       ] GC(14) Eden regions: 33->0(33)
[11.054s][info][gc,heap       ] GC(14) Survivor regions: 3->4(5)
[11.054s][info][gc,heap       ] GC(14) Old regions: 20->20
[11.054s][info][gc,heap       ] GC(14) Humongous regions: 0->0
[11.054s][info][gc,metaspace  ] GC(14) Metaspace: 35841K->35841K(1083392K)
[11.054s][info][gc            ] GC(14) Pause Young (Normal) (G1 Evacuation Pause) 54M->23M(75M) 12.997ms
[11.054s][info][gc,cpu        ] GC(14) User=0.01s Sys=0.00s Real=0.01s
[11.398s][info][gc,start      ] GC(15) Pause Young (Normal) (G1 Evacuation Pause)
[11.398s][info][gc,task       ] GC(15) Using 1 workers of 1 for evacuation
[11.412s][info][gc,phases     ] GC(15)   Pre Evacuate Collection Set: 0.0ms
[11.413s][info][gc,phases     ] GC(15)   Evacuate Collection Set: 13.9ms
[11.413s][info][gc,phases     ] GC(15)   Post Evacuate Collection Set: 0.4ms
[11.413s][info][gc,phases     ] GC(15)   Other: 0.3ms
[11.413s][info][gc,heap       ] GC(15) Eden regions: 33->0(40)
[11.413s][info][gc,heap       ] GC(15) Survivor regions: 4->4(5)
[11.413s][info][gc,heap       ] GC(15) Old regions: 20->22
[11.413s][info][gc,heap       ] GC(15) Humongous regions: 0->0
[11.413s][info][gc,metaspace  ] GC(15) Metaspace: 36307K->36307K(1083392K)
[11.413s][info][gc            ] GC(15) Pause Young (Normal) (G1 Evacuation Pause) 56M->24M(90M) 14.835ms
[11.413s][info][gc,cpu        ] GC(15) User=0.01s Sys=0.00s Real=0.02s
[11.765s][info][gc,start      ] GC(16) Pause Young (Concurrent Start) (Metadata GC Threshold)
[11.766s][info][gc,task       ] GC(16) Using 1 workers of 1 for evacuation
[11.779s][info][gc,phases     ] GC(16)   Pre Evacuate Collection Set: 0.1ms
[11.779s][info][gc,phases     ] GC(16)   Evacuate Collection Set: 12.4ms
[11.779s][info][gc,phases     ] GC(16)   Post Evacuate Collection Set: 0.3ms
[11.779s][info][gc,phases     ] GC(16)   Other: 0.5ms
[11.779s][info][gc,heap       ] GC(16) Eden regions: 17->0(38)
[11.779s][info][gc,heap       ] GC(16) Survivor regions: 4->4(6)
[11.779s][info][gc,heap       ] GC(16) Old regions: 22->23
[11.779s][info][gc,heap       ] GC(16) Humongous regions: 0->0
[11.779s][info][gc,metaspace  ] GC(16) Metaspace: 40172K->40172K(1087488K)
[11.779s][info][gc            ] GC(16) Pause Young (Concurrent Start) (Metadata GC Threshold) 41M->26M(90M) 13.610ms
[11.779s][info][gc,cpu        ] GC(16) User=0.02s Sys=0.00s Real=0.01s
[11.779s][info][gc            ] GC(17) Concurrent Cycle
[11.779s][info][gc,marking    ] GC(17) Concurrent Clear Claimed Marks
[11.780s][info][gc,marking    ] GC(17) Concurrent Clear Claimed Marks 0.097ms
[11.780s][info][gc,marking    ] GC(17) Concurrent Scan Root Regions
[11.782s][info][gc,marking    ] GC(17) Concurrent Scan Root Regions 1.913ms
[11.782s][info][gc,marking    ] GC(17) Concurrent Mark (11.782s)
[11.782s][info][gc,marking    ] GC(17) Concurrent Mark From Roots
[11.782s][info][gc,task       ] GC(17) Using 1 workers of 1 for marking
[11.876s][info][gc,marking    ] GC(17) Concurrent Mark From Roots 94.102ms
[11.876s][info][gc,marking    ] GC(17) Concurrent Preclean
[11.876s][info][gc,marking    ] GC(17) Concurrent Preclean 0.103ms
[11.876s][info][gc,marking    ] GC(17) Concurrent Mark (11.782s, 11.876s) 94.355ms
[11.876s][info][gc,start      ] GC(17) Pause Remark
[11.887s][info][gc,stringtable] GC(17) Cleaned string and symbol table, strings: 21084 processed, 5 removed, symbols: 94850 processed, 71 removed
[11.887s][info][gc            ] GC(17) Pause Remark 30M->30M(90M) 11.189ms
[11.887s][info][gc,cpu        ] GC(17) User=0.01s Sys=0.00s Real=0.01s
[11.889s][info][gc,marking    ] GC(17) Concurrent Rebuild Remembered Sets
[11.901s][info][gc,task       ] GC(18) Using 1 workers of 1 for full compaction
[11.901s][info][gc,start      ] GC(18) Pause Full (System.gc())
[11.903s][info][gc,phases,start] GC(18) Phase 1: Mark live objects
[11.955s][info][gc,stringtable ] GC(18) Cleaned string and symbol table, strings: 21126 processed, 0 removed, symbols: 94865 processed, 0 removed
[11.955s][info][gc,phases      ] GC(18) Phase 1: Mark live objects 52.687ms
[11.955s][info][gc,phases,start] GC(18) Phase 2: Prepare for compaction
[11.961s][info][gc,phases      ] GC(18) Phase 2: Prepare for compaction 5.258ms
[11.961s][info][gc,phases,start] GC(18) Phase 3: Adjust pointers
[11.995s][info][gc,phases      ] GC(18) Phase 3: Adjust pointers 34.745ms
[11.995s][info][gc,phases,start] GC(18) Phase 4: Compact heap
[12.014s][info][gc,phases      ] GC(18) Phase 4: Compact heap 18.453ms
[12.016s][info][gc,heap        ] GC(18) Eden regions: 4->0(36)
[12.016s][info][gc,heap        ] GC(18) Survivor regions: 4->0(6)
[12.016s][info][gc,heap        ] GC(18) Old regions: 23->25
[12.016s][info][gc,heap        ] GC(18) Humongous regions: 0->0
[12.016s][info][gc,metaspace   ] GC(18) Metaspace: 40521K->40521K(1087488K)
[12.016s][info][gc             ] GC(18) Pause Full (System.gc()) 30M->24M(84M) 115.130ms
[12.016s][info][gc,cpu         ] GC(18) User=0.10s Sys=0.01s Real=0.11s
[12.017s][info][gc,marking     ] GC(17) Concurrent Rebuild Remembered Sets 128.054ms
[12.017s][info][gc,marking     ] GC(17) Concurrent Mark Abort
[12.017s][info][gc             ] GC(17) Concurrent Cycle 237.704ms
[12.018s][info][gc,task        ] GC(19) Using 1 workers of 1 for full compaction
[12.018s][info][gc,start       ] GC(19) Pause Full (System.gc())
[12.019s][info][gc,phases,start] GC(19) Phase 1: Mark live objects
[12.068s][info][gc,stringtable ] GC(19) Cleaned string and symbol table, strings: 21128 processed, 0 removed, symbols: 94869 processed, 0 removed
[12.068s][info][gc,phases      ] GC(19) Phase 1: Mark live objects 49.543ms
[12.068s][info][gc,phases,start] GC(19) Phase 2: Prepare for compaction
[12.091s][info][gc,phases      ] GC(19) Phase 2: Prepare for compaction 22.525ms
[12.091s][info][gc,phases,start] GC(19) Phase 3: Adjust pointers
[12.122s][info][gc,phases      ] GC(19) Phase 3: Adjust pointers 30.784ms
[12.122s][info][gc,phases,start] GC(19) Phase 4: Compact heap
[12.132s][info][gc,phases      ] GC(19) Phase 4: Compact heap 9.581ms
[12.133s][info][gc,heap        ] GC(19) Eden regions: 2->0(36)
[12.134s][info][gc,heap        ] GC(19) Survivor regions: 0->0(6)
[12.134s][info][gc,heap        ] GC(19) Old regions: 25->25
[12.134s][info][gc,heap        ] GC(19) Humongous regions: 0->0
[12.134s][info][gc,metaspace   ] GC(19) Metaspace: 40524K->40524K(1087488K)
[12.134s][info][gc             ] GC(19) Pause Full (System.gc()) 25M->24M(84M) 115.768ms
[12.134s][info][gc,cpu         ] GC(19) User=0.10s Sys=0.00s Real=0.12s
[13.000s][info][gc,start       ] GC(20) Pause Young (Normal) (G1 Evacuation Pause)
[13.000s][info][gc,task        ] GC(20) Using 1 workers of 1 for evacuation
[13.005s][info][gc,phases      ] GC(20)   Pre Evacuate Collection Set: 0.0ms
[13.005s][info][gc,phases      ] GC(20)   Evacuate Collection Set: 4.1ms
[13.005s][info][gc,phases      ] GC(20)   Post Evacuate Collection Set: 0.6ms
[13.005s][info][gc,phases      ] GC(20)   Other: 0.4ms
[13.006s][info][gc,heap        ] GC(20) Eden regions: 36->0(36)
[13.006s][info][gc,heap        ] GC(20) Survivor regions: 0->2(5)
[13.006s][info][gc,heap        ] GC(20) Old regions: 25->25
[13.006s][info][gc,heap        ] GC(20) Humongous regions: 0->0
[13.006s][info][gc,metaspace   ] GC(20) Metaspace: 45655K->45655K(1091584K)
[13.006s][info][gc             ] GC(20) Pause Young (Normal) (G1 Evacuation Pause) 60M->26M(84M) 5.244ms
[13.006s][info][gc,cpu         ] GC(20) User=0.00s Sys=0.00s Real=0.01s
[13.840s][info][gc,start       ] GC(21) Pause Young (Normal) (G1 Evacuation Pause)
[13.841s][info][gc,task        ] GC(21) Using 1 workers of 1 for evacuation
[13.848s][info][gc,phases      ] GC(21)   Pre Evacuate Collection Set: 0.0ms
[13.848s][info][gc,phases      ] GC(21)   Evacuate Collection Set: 5.9ms
[13.848s][info][gc,phases      ] GC(21)   Post Evacuate Collection Set: 0.6ms
[13.848s][info][gc,phases      ] GC(21)   Other: 0.6ms
[13.848s][info][gc,heap        ] GC(21) Eden regions: 36->0(36)
[13.848s][info][gc,heap        ] GC(21) Survivor regions: 2->4(5)
[13.848s][info][gc,heap        ] GC(21) Old regions: 25->25
[13.848s][info][gc,heap        ] GC(21) Humongous regions: 0->0
[13.848s][info][gc,metaspace   ] GC(21) Metaspace: 49456K->49456K(1095680K)
[13.848s][info][gc             ] GC(21) Pause Young (Normal) (G1 Evacuation Pause) 62M->27M(84M) 7.303ms
[13.848s][info][gc,cpu         ] GC(21) User=0.01s Sys=0.00s Real=0.01s
[14.351s][info][gc,start       ] GC(22) Pause Young (Normal) (G1 Evacuation Pause)
[14.352s][info][gc,task        ] GC(22) Using 1 workers of 1 for evacuation
[14.369s][info][gc,phases      ] GC(22)   Pre Evacuate Collection Set: 0.0ms
[14.369s][info][gc,phases      ] GC(22)   Evacuate Collection Set: 8.5ms
[14.369s][info][gc,phases      ] GC(22)   Post Evacuate Collection Set: 8.7ms
[14.369s][info][gc,phases      ] GC(22)   Other: 0.6ms
[14.369s][info][gc,heap        ] GC(22) Eden regions: 36->0(35)
[14.369s][info][gc,heap        ] GC(22) Survivor regions: 4->3(5)
[14.369s][info][gc,heap        ] GC(22) Old regions: 25->27
[14.369s][info][gc,heap        ] GC(22) Humongous regions: 1->1
[14.369s][info][gc,metaspace   ] GC(22) Metaspace: 51439K->51439K(1097728K)
[14.369s][info][gc             ] GC(22) Pause Young (Normal) (G1 Evacuation Pause) 64M->29M(84M) 18.029ms
[14.370s][info][gc,cpu         ] GC(22) User=0.02s Sys=0.00s Real=0.02s
[14.906s][info][gc,start       ] GC(23) Pause Young (Normal) (G1 Evacuation Pause)
[14.906s][info][gc,task        ] GC(23) Using 1 workers of 1 for evacuation
[14.919s][info][gc,phases      ] GC(23)   Pre Evacuate Collection Set: 0.0ms
[14.919s][info][gc,phases      ] GC(23)   Evacuate Collection Set: 12.3ms
[14.919s][info][gc,phases      ] GC(23)   Post Evacuate Collection Set: 0.7ms
[14.919s][info][gc,phases      ] GC(23)   Other: 0.3ms
[14.919s][info][gc,heap        ] GC(23) Eden regions: 35->0(41)
[14.919s][info][gc,heap        ] GC(23) Survivor regions: 3->4(5)
[14.919s][info][gc,heap        ] GC(23) Old regions: 27->28
[14.920s][info][gc,heap        ] GC(23) Humongous regions: 1->1
[14.920s][info][gc,metaspace   ] GC(23) Metaspace: 53848K->53848K(1099776K)
[14.920s][info][gc             ] GC(23) Pause Young (Normal) (G1 Evacuation Pause) 64M->31M(101M) 13.597ms
[14.920s][info][gc,cpu         ] GC(23) User=0.01s Sys=0.00s Real=0.01s
[15.470s][info][gc,start       ] GC(24) Pause Young (Normal) (G1 Evacuation Pause)
[15.470s][info][gc,task        ] GC(24) Using 1 workers of 1 for evacuation
[15.482s][info][gc,phases      ] GC(24)   Pre Evacuate Collection Set: 0.0ms
[15.482s][info][gc,phases      ] GC(24)   Evacuate Collection Set: 11.3ms
[15.482s][info][gc,phases      ] GC(24)   Post Evacuate Collection Set: 0.3ms
[15.482s][info][gc,phases      ] GC(24)   Other: 0.3ms
[15.482s][info][gc,heap        ] GC(24) Eden regions: 41->0(44)
[15.482s][info][gc,heap        ] GC(24) Survivor regions: 4->4(6)
[15.482s][info][gc,heap        ] GC(24) Old regions: 28->30
[15.482s][info][gc,heap        ] GC(24) Humongous regions: 1->1
[15.482s][info][gc,metaspace   ] GC(24) Metaspace: 55910K->55910K(1101824K)
[15.482s][info][gc             ] GC(24) Pause Young (Normal) (G1 Evacuation Pause) 72M->33M(101M) 12.102ms
[15.482s][info][gc,cpu         ] GC(24) User=0.01s Sys=0.00s Real=0.01s
[16.042s][info][gc,start       ] GC(25) Pause Young (Normal) (G1 Evacuation Pause)
[16.042s][info][gc,task        ] GC(25) Using 1 workers of 1 for evacuation
[16.057s][info][gc,phases      ] GC(25)   Pre Evacuate Collection Set: 0.0ms
[16.057s][info][gc,phases      ] GC(25)   Evacuate Collection Set: 9.8ms
[16.057s][info][gc,phases      ] GC(25)   Post Evacuate Collection Set: 5.2ms
[16.057s][info][gc,phases      ] GC(25)   Other: 0.4ms
[16.057s][info][gc,heap        ] GC(25) Eden regions: 44->0(43)
[16.057s][info][gc,heap        ] GC(25) Survivor regions: 4->3(6)
[16.058s][info][gc,heap        ] GC(25) Old regions: 30->32
[16.058s][info][gc,heap        ] GC(25) Humongous regions: 1->1
[16.058s][info][gc,metaspace   ] GC(25) Metaspace: 59415K->59415K(1103872K)
[16.058s][info][gc             ] GC(25) Pause Young (Normal) (G1 Evacuation Pause) 77M->34M(101M) 15.545ms
[16.058s][info][gc,cpu         ] GC(25) User=0.02s Sys=0.00s Real=0.01s
[17.225s][info][gc,start       ] GC(26) Pause Young (Normal) (G1 Evacuation Pause)
[17.225s][info][gc,task        ] GC(26) Using 1 workers of 1 for evacuation
[17.245s][info][gc,phases      ] GC(26)   Pre Evacuate Collection Set: 0.0ms
[17.245s][info][gc,phases      ] GC(26)   Evacuate Collection Set: 14.7ms
[17.245s][info][gc,phases      ] GC(26)   Post Evacuate Collection Set: 4.6ms
[17.245s][info][gc,phases      ] GC(26)   Other: 0.5ms
[17.245s][info][gc,heap        ] GC(26) Eden regions: 43->0(43)
[17.245s][info][gc,heap        ] GC(26) Survivor regions: 3->5(6)
[17.245s][info][gc,heap        ] GC(26) Old regions: 32->32
[17.245s][info][gc,heap        ] GC(26) Humongous regions: 1->1
[17.245s][info][gc,metaspace   ] GC(26) Metaspace: 61107K->61107K(1105920K)
[17.245s][info][gc             ] GC(26) Pause Young (Normal) (G1 Evacuation Pause) 77M->36M(101M) 20.153ms
[17.245s][info][gc,cpu         ] GC(26) User=0.02s Sys=0.00s Real=0.02s
[17.248s][info][gc,task        ] GC(27) Using 1 workers of 1 for full compaction
[17.248s][info][gc,start       ] GC(27) Pause Full (System.gc())
[17.249s][info][gc,phases,start] GC(27) Phase 1: Mark live objects
[17.297s][info][gc,stringtable ] GC(27) Cleaned string and symbol table, strings: 27635 processed, 6 removed, symbols: 133826 processed, 99 removed
[17.297s][info][gc,phases      ] GC(27) Phase 1: Mark live objects 47.299ms
[17.297s][info][gc,phases,start] GC(27) Phase 2: Prepare for compaction
[17.304s][info][gc,phases      ] GC(27) Phase 2: Prepare for compaction 7.131ms
[17.304s][info][gc,phases,start] GC(27) Phase 3: Adjust pointers
[17.326s][info][gc,phases      ] GC(27) Phase 3: Adjust pointers 21.868ms
[17.326s][info][gc,phases,start] GC(27) Phase 4: Compact heap
[17.337s][info][gc,phases      ] GC(27) Phase 4: Compact heap 11.547ms
[17.340s][info][gc,heap        ] GC(27) Eden regions: 1->0(43)
[17.340s][info][gc,heap        ] GC(27) Survivor regions: 5->0(6)
[17.340s][info][gc,heap        ] GC(27) Old regions: 32->35
[17.341s][info][gc,heap        ] GC(27) Humongous regions: 1->1
[17.341s][info][gc,metaspace   ] GC(27) Metaspace: 61131K->61124K(1105920K)
[17.341s][info][gc             ] GC(27) Pause Full (System.gc()) 37M->35M(101M) 92.338ms
[17.341s][info][gc,cpu         ] GC(27) User=0.09s Sys=0.00s Real=0.09s
[18.445s][info][gc,start       ] GC(28) Pause Young (Normal) (G1 Evacuation Pause)
[18.445s][info][gc,task        ] GC(28) Using 1 workers of 1 for evacuation
[18.453s][info][gc,phases      ] GC(28)   Pre Evacuate Collection Set: 0.0ms
[18.453s][info][gc,phases      ] GC(28)   Evacuate Collection Set: 7.0ms
[18.453s][info][gc,phases      ] GC(28)   Post Evacuate Collection Set: 0.3ms
[18.453s][info][gc,phases      ] GC(28)   Other: 0.6ms
[18.453s][info][gc,heap        ] GC(28) Eden regions: 43->0(53)
[18.453s][info][gc,heap        ] GC(28) Survivor regions: 0->1(6)
[18.453s][info][gc,heap        ] GC(28) Old regions: 35->35
[18.453s][info][gc,heap        ] GC(28) Humongous regions: 1->1
[18.453s][info][gc,metaspace   ] GC(28) Metaspace: 62301K->62301K(1107968K)
[18.453s][info][gc             ] GC(28) Pause Young (Normal) (G1 Evacuation Pause) 78M->36M(122M) 8.092ms
[18.453s][info][gc,cpu         ] GC(28) User=0.00s Sys=0.00s Real=0.01s
[18.848s][info][gc,start       ] GC(29) Pause Young (Normal) (G1 Evacuation Pause)
[18.848s][info][gc,task        ] GC(29) Using 1 workers of 1 for evacuation
[18.858s][info][gc,phases      ] GC(29)   Pre Evacuate Collection Set: 0.0ms
[18.858s][info][gc,phases      ] GC(29)   Evacuate Collection Set: 4.9ms
[18.858s][info][gc,phases      ] GC(29)   Post Evacuate Collection Set: 0.1ms
[18.858s][info][gc,phases      ] GC(29)   Other: 5.6ms
[18.858s][info][gc,heap        ] GC(29) Eden regions: 53->0(55)
[18.858s][info][gc,heap        ] GC(29) Survivor regions: 1->2(7)
[18.858s][info][gc,heap        ] GC(29) Old regions: 35->35
[18.858s][info][gc,heap        ] GC(29) Humongous regions: 1->1
[18.858s][info][gc,metaspace   ] GC(29) Metaspace: 62360K->62360K(1107968K)
[18.858s][info][gc             ] GC(29) Pause Young (Normal) (G1 Evacuation Pause) 89M->36M(122M) 10.779ms
[18.858s][info][gc,cpu         ] GC(29) User=0.01s Sys=0.00s Real=0.01s
[19.193s][info][gc,start       ] GC(30) Pause Young (Normal) (G1 Evacuation Pause)
[19.193s][info][gc,task        ] GC(30) Using 1 workers of 1 for evacuation
[19.198s][info][gc,phases      ] GC(30)   Pre Evacuate Collection Set: 0.0ms
[19.198s][info][gc,phases      ] GC(30)   Evacuate Collection Set: 4.5ms
[19.198s][info][gc,phases      ] GC(30)   Post Evacuate Collection Set: 0.1ms
[19.198s][info][gc,phases      ] GC(30)   Other: 0.4ms
[19.198s][info][gc,heap        ] GC(30) Eden regions: 55->0(58)
[19.198s][info][gc,heap        ] GC(30) Survivor regions: 2->2(8)
[19.198s][info][gc,heap        ] GC(30) Old regions: 35->35
[19.198s][info][gc,heap        ] GC(30) Humongous regions: 1->1
[19.198s][info][gc,metaspace   ] GC(30) Metaspace: 62364K->62364K(1107968K)
[19.198s][info][gc             ] GC(30) Pause Young (Normal) (G1 Evacuation Pause) 91M->37M(122M) 5.071ms
[19.198s][info][gc,cpu         ] GC(30) User=0.00s Sys=0.00s Real=0.00s
[19.580s][info][gc,start       ] GC(31) Pause Young (Normal) (G1 Evacuation Pause)
[19.580s][info][gc,task        ] GC(31) Using 1 workers of 1 for evacuation
[19.585s][info][gc,phases      ] GC(31)   Pre Evacuate Collection Set: 0.0ms
[19.585s][info][gc,phases      ] GC(31)   Evacuate Collection Set: 5.1ms
[19.585s][info][gc,phases      ] GC(31)   Post Evacuate Collection Set: 0.1ms
[19.585s][info][gc,phases      ] GC(31)   Other: 0.5ms
[19.585s][info][gc,heap        ] GC(31) Eden regions: 58->0(59)
[19.585s][info][gc,heap        ] GC(31) Survivor regions: 2->2(8)
[19.585s][info][gc,heap        ] GC(31) Old regions: 35->35
[19.585s][info][gc,heap        ] GC(31) Humongous regions: 1->1
[19.585s][info][gc,metaspace   ] GC(31) Metaspace: 62365K->62365K(1107968K)
[19.585s][info][gc             ] GC(31) Pause Young (Normal) (G1 Evacuation Pause) 95M->37M(122M) 5.819ms
[19.585s][info][gc,cpu         ] GC(31) User=0.00s Sys=0.00s Real=0.01s
[19.881s][info][gc,start       ] GC(32) Pause Young (Normal) (G1 Evacuation Pause)
[19.881s][info][gc,task        ] GC(32) Using 1 workers of 1 for evacuation
[19.893s][info][gc,phases      ] GC(32)   Pre Evacuate Collection Set: 0.0ms
[19.893s][info][gc,phases      ] GC(32)   Evacuate Collection Set: 5.4ms
[19.893s][info][gc,phases      ] GC(32)   Post Evacuate Collection Set: 5.9ms
[19.893s][info][gc,phases      ] GC(32)   Other: 0.3ms
[19.893s][info][gc,heap        ] GC(32) Eden regions: 59->0(59)
[19.893s][info][gc,heap        ] GC(32) Survivor regions: 2->3(8)
[19.893s][info][gc,heap        ] GC(32) Old regions: 35->35
[19.893s][info][gc,heap        ] GC(32) Humongous regions: 1->1
[19.893s][info][gc,metaspace   ] GC(32) Metaspace: 62365K->62365K(1107968K)
[19.893s][info][gc             ] GC(32) Pause Young (Normal) (G1 Evacuation Pause) 96M->37M(122M) 11.784ms
[19.893s][info][gc,cpu         ] GC(32) User=0.01s Sys=0.00s Real=0.01s
[20.182s][info][gc,start       ] GC(33) Pause Young (Normal) (G1 Evacuation Pause)
[20.182s][info][gc,task        ] GC(33) Using 1 workers of 1 for evacuation
[20.193s][info][gc,phases      ] GC(33)   Pre Evacuate Collection Set: 0.0ms
[20.193s][info][gc,phases      ] GC(33)   Evacuate Collection Set: 6.8ms
[20.193s][info][gc,phases      ] GC(33)   Post Evacuate Collection Set: 3.9ms
[20.193s][info][gc,phases      ] GC(33)   Other: 0.4ms
[20.193s][info][gc,heap        ] GC(33) Eden regions: 59->0(60)
[20.193s][info][gc,heap        ] GC(33) Survivor regions: 3->3(8)
[20.193s][info][gc,heap        ] GC(33) Old regions: 35->35
[20.193s][info][gc,heap        ] GC(33) Humongous regions: 1->1
[20.193s][info][gc,metaspace   ] GC(33) Metaspace: 62370K->62370K(1107968K)
[20.193s][info][gc             ] GC(33) Pause Young (Normal) (G1 Evacuation Pause) 96M->38M(122M) 11.265ms
[20.193s][info][gc,cpu         ] GC(33) User=0.01s Sys=0.00s Real=0.01s
[20.493s][info][gc,start       ] GC(34) Pause Young (Normal) (G1 Evacuation Pause)
[20.493s][info][gc,task        ] GC(34) Using 1 workers of 1 for evacuation
[20.501s][info][gc,phases      ] GC(34)   Pre Evacuate Collection Set: 0.0ms
[20.501s][info][gc,phases      ] GC(34)   Evacuate Collection Set: 6.8ms
[20.501s][info][gc,phases      ] GC(34)   Post Evacuate Collection Set: 0.6ms
[20.501s][info][gc,phases      ] GC(34)   Other: 0.6ms
[20.501s][info][gc,heap        ] GC(34) Eden regions: 60->0(60)
[20.501s][info][gc,heap        ] GC(34) Survivor regions: 3->4(8)
[20.501s][info][gc,heap        ] GC(34) Old regions: 35->35
[20.501s][info][gc,heap        ] GC(34) Humongous regions: 1->1
[20.501s][info][gc,metaspace   ] GC(34) Metaspace: 62370K->62370K(1107968K)
[20.501s][info][gc             ] GC(34) Pause Young (Normal) (G1 Evacuation Pause) 98M->38M(122M) 8.133ms
[20.501s][info][gc,cpu         ] GC(34) User=0.01s Sys=0.00s Real=0.01s
[20.769s][info][gc,start       ] GC(35) Pause Young (Normal) (G1 Evacuation Pause)
[20.769s][info][gc,task        ] GC(35) Using 1 workers of 1 for evacuation
[20.783s][info][gc,phases      ] GC(35)   Pre Evacuate Collection Set: 0.0ms
[20.783s][info][gc,phases      ] GC(35)   Evacuate Collection Set: 13.9ms
[20.783s][info][gc,phases      ] GC(35)   Post Evacuate Collection Set: 0.1ms
[20.783s][info][gc,phases      ] GC(35)   Other: 0.3ms
[20.783s][info][gc,heap        ] GC(35) Eden regions: 60->0(60)
[20.783s][info][gc,heap        ] GC(35) Survivor regions: 4->4(8)
[20.783s][info][gc,heap        ] GC(35) Old regions: 35->35
[20.783s][info][gc,heap        ] GC(35) Humongous regions: 1->1
[20.783s][info][gc,metaspace   ] GC(35) Metaspace: 62372K->62372K(1107968K)
[20.783s][info][gc             ] GC(35) Pause Young (Normal) (G1 Evacuation Pause) 98M->38M(122M) 14.529ms
[20.784s][info][gc,cpu         ] GC(35) User=0.01s Sys=0.00s Real=0.01s
[21.038s][info][gc,start       ] GC(36) Pause Young (Normal) (G1 Evacuation Pause)
[21.038s][info][gc,task        ] GC(36) Using 1 workers of 1 for evacuation
[21.057s][info][gc,phases      ] GC(36)   Pre Evacuate Collection Set: 0.0ms
[21.057s][info][gc,phases      ] GC(36)   Evacuate Collection Set: 12.6ms
[21.057s][info][gc,phases      ] GC(36)   Post Evacuate Collection Set: 6.4ms
[21.057s][info][gc,phases      ] GC(36)   Other: 0.3ms
[21.057s][info][gc,heap        ] GC(36) Eden regions: 60->0(61)
[21.057s][info][gc,heap        ] GC(36) Survivor regions: 4->4(8)
[21.057s][info][gc,heap        ] GC(36) Old regions: 35->35
[21.057s][info][gc,heap        ] GC(36) Humongous regions: 1->1
[21.057s][info][gc,metaspace   ] GC(36) Metaspace: 62372K->62372K(1107968K)
[21.057s][info][gc             ] GC(36) Pause Young (Normal) (G1 Evacuation Pause) 98M->39M(122M) 19.466ms
[21.057s][info][gc,cpu         ] GC(36) User=0.02s Sys=0.00s Real=0.02s
[21.341s][info][gc,start       ] GC(37) Pause Young (Normal) (G1 Evacuation Pause)
[21.341s][info][gc,task        ] GC(37) Using 1 workers of 1 for evacuation
[21.358s][info][gc,phases      ] GC(37)   Pre Evacuate Collection Set: 0.0ms
[21.358s][info][gc,phases      ] GC(37)   Evacuate Collection Set: 13.1ms
[21.358s][info][gc,phases      ] GC(37)   Post Evacuate Collection Set: 3.5ms
[21.358s][info][gc,phases      ] GC(37)   Other: 0.5ms
[21.358s][info][gc,heap        ] GC(37) Eden regions: 61->0(68)
[21.358s][info][gc,heap        ] GC(37) Survivor regions: 4->5(9)
[21.358s][info][gc,heap        ] GC(37) Old regions: 35->35
[21.358s][info][gc,heap        ] GC(37) Humongous regions: 1->1
[21.358s][info][gc,metaspace   ] GC(37) Metaspace: 62372K->62372K(1107968K)
[21.358s][info][gc             ] GC(37) Pause Young (Normal) (G1 Evacuation Pause) 100M->39M(147M) 17.364ms
[21.358s][info][gc,cpu         ] GC(37) User=0.02s Sys=0.00s Real=0.01s
[21.769s][info][gc,start       ] GC(38) Pause Young (Normal) (G1 Evacuation Pause)
[21.769s][info][gc,task        ] GC(38) Using 1 workers of 1 for evacuation
[21.780s][info][gc,phases      ] GC(38)   Pre Evacuate Collection Set: 0.0ms
[21.780s][info][gc,phases      ] GC(38)   Evacuate Collection Set: 10.6ms
[21.780s][info][gc,phases      ] GC(38)   Post Evacuate Collection Set: 0.1ms
[21.780s][info][gc,phases      ] GC(38)   Other: 0.4ms
[21.780s][info][gc,heap        ] GC(38) Eden regions: 68->0(75)
[21.780s][info][gc,heap        ] GC(38) Survivor regions: 5->5(10)
[21.780s][info][gc,heap        ] GC(38) Old regions: 35->35
[21.780s][info][gc,heap        ] GC(38) Humongous regions: 1->1
[21.780s][info][gc,metaspace   ] GC(38) Metaspace: 62408K->62408K(1107968K)
[21.780s][info][gc             ] GC(38) Pause Young (Normal) (G1 Evacuation Pause) 107M->40M(147M) 11.280ms
[21.780s][info][gc,cpu         ] GC(38) User=0.01s Sys=0.00s Real=0.00s
[22.073s][info][gc,start       ] GC(39) Pause Young (Normal) (G1 Evacuation Pause)
[22.074s][info][gc,task        ] GC(39) Using 1 workers of 1 for evacuation
[22.085s][info][gc,phases      ] GC(39)   Pre Evacuate Collection Set: 0.0ms
[22.085s][info][gc,phases      ] GC(39)   Evacuate Collection Set: 11.1ms
[22.085s][info][gc,phases      ] GC(39)   Post Evacuate Collection Set: 0.1ms
[22.085s][info][gc,phases      ] GC(39)   Other: 0.5ms
[22.085s][info][gc,heap        ] GC(39) Eden regions: 75->0(77)
[22.085s][info][gc,heap        ] GC(39) Survivor regions: 5->6(10)
[22.085s][info][gc,heap        ] GC(39) Old regions: 35->35
[22.085s][info][gc,heap        ] GC(39) Humongous regions: 1->1
[22.085s][info][gc,metaspace   ] GC(39) Metaspace: 62408K->62408K(1107968K)
[22.085s][info][gc             ] GC(39) Pause Young (Normal) (G1 Evacuation Pause) 115M->40M(147M) 11.992ms
[22.085s][info][gc,cpu         ] GC(39) User=0.01s Sys=0.00s Real=0.01s
[22.375s][info][gc,start       ] GC(40) Pause Young (Normal) (G1 Evacuation Pause)
[22.375s][info][gc,task        ] GC(40) Using 1 workers of 1 for evacuation
[22.388s][info][gc,phases      ] GC(40)   Pre Evacuate Collection Set: 0.0ms
[22.388s][info][gc,phases      ] GC(40)   Evacuate Collection Set: 12.3ms
[22.388s][info][gc,phases      ] GC(40)   Post Evacuate Collection Set: 0.1ms
[22.388s][info][gc,phases      ] GC(40)   Other: 0.5ms
[22.388s][info][gc,heap        ] GC(40) Eden regions: 77->0(80)
[22.388s][info][gc,heap        ] GC(40) Survivor regions: 6->6(11)
[22.388s][info][gc,heap        ] GC(40) Old regions: 35->35
[22.388s][info][gc,heap        ] GC(40) Humongous regions: 1->1
[22.388s][info][gc,metaspace   ] GC(40) Metaspace: 62408K->62408K(1107968K)
[22.388s][info][gc             ] GC(40) Pause Young (Normal) (G1 Evacuation Pause) 117M->41M(147M) 13.060ms
[22.388s][info][gc,cpu         ] GC(40) User=0.01s Sys=0.00s Real=0.01s
[22.834s][info][gc,start       ] GC(41) Pause Young (Normal) (G1 Evacuation Pause)
[22.834s][info][gc,task        ] GC(41) Using 1 workers of 1 for evacuation
[22.848s][info][gc,phases      ] GC(41)   Pre Evacuate Collection Set: 0.0ms
[22.848s][info][gc,phases      ] GC(41)   Evacuate Collection Set: 13.0ms
[22.848s][info][gc,phases      ] GC(41)   Post Evacuate Collection Set: 0.4ms
[22.848s][info][gc,phases      ] GC(41)   Other: 0.3ms
[22.848s][info][gc,heap        ] GC(41) Eden regions: 80->0(88)
[22.848s][info][gc,heap        ] GC(41) Survivor regions: 6->6(11)
[22.848s][info][gc,heap        ] GC(41) Old regions: 35->36
[22.848s][info][gc,heap        ] GC(41) Humongous regions: 1->1
[22.848s][info][gc,metaspace   ] GC(41) Metaspace: 62408K->62408K(1107968K)
[22.848s][info][gc             ] GC(41) Pause Young (Normal) (G1 Evacuation Pause) 121M->41M(177M) 13.856ms
[22.848s][info][gc,cpu         ] GC(41) User=0.01s Sys=0.00s Real=0.01s
[23.214s][info][gc,start       ] GC(42) Pause Young (Normal) (G1 Evacuation Pause)
[23.214s][info][gc,task        ] GC(42) Using 1 workers of 1 for evacuation
[23.228s][info][gc,phases      ] GC(42)   Pre Evacuate Collection Set: 0.0ms
[23.228s][info][gc,phases      ] GC(42)   Evacuate Collection Set: 13.5ms
[23.228s][info][gc,phases      ] GC(42)   Post Evacuate Collection Set: 0.1ms
[23.228s][info][gc,phases      ] GC(42)   Other: 0.4ms
[23.228s][info][gc,heap        ] GC(42) Eden regions: 88->0(96)
[23.228s][info][gc,heap        ] GC(42) Survivor regions: 6->6(12)
[23.228s][info][gc,heap        ] GC(42) Old regions: 36->36
[23.228s][info][gc,heap        ] GC(42) Humongous regions: 1->1
[23.228s][info][gc,metaspace   ] GC(42) Metaspace: 62408K->62408K(1107968K)
[23.228s][info][gc             ] GC(42) Pause Young (Normal) (G1 Evacuation Pause) 129M->42M(177M) 14.139ms
[23.228s][info][gc,cpu         ] GC(42) User=0.02s Sys=0.00s Real=0.01s
[23.545s][info][gc,start       ] GC(43) Pause Young (Normal) (G1 Evacuation Pause)
[23.545s][info][gc,task        ] GC(43) Using 1 workers of 1 for evacuation
[23.559s][info][gc,phases      ] GC(43)   Pre Evacuate Collection Set: 0.0ms
[23.559s][info][gc,phases      ] GC(43)   Evacuate Collection Set: 13.6ms
[23.559s][info][gc,phases      ] GC(43)   Post Evacuate Collection Set: 0.1ms
[23.559s][info][gc,phases      ] GC(43)   Other: 0.4ms
[23.559s][info][gc,heap        ] GC(43) Eden regions: 96->0(99)
[23.559s][info][gc,heap        ] GC(43) Survivor regions: 6->7(13)
[23.559s][info][gc,heap        ] GC(43) Old regions: 36->36
[23.559s][info][gc,heap        ] GC(43) Humongous regions: 1->1
[23.559s][info][gc,metaspace   ] GC(43) Metaspace: 62410K->62410K(1107968K)
[23.559s][info][gc             ] GC(43) Pause Young (Normal) (G1 Evacuation Pause) 138M->43M(177M) 14.301ms
[23.559s][info][gc,cpu         ] GC(43) User=0.02s Sys=0.00s Real=0.01s
[23.860s][info][gc,start       ] GC(44) Pause Young (Normal) (G1 Evacuation Pause)
[23.861s][info][gc,task        ] GC(44) Using 1 workers of 1 for evacuation
[23.877s][info][gc,phases      ] GC(44)   Pre Evacuate Collection Set: 0.0ms
[23.877s][info][gc,phases      ] GC(44)   Evacuate Collection Set: 15.4ms
[23.877s][info][gc,phases      ] GC(44)   Post Evacuate Collection Set: 0.2ms
[23.877s][info][gc,phases      ] GC(44)   Other: 1.2ms
[23.877s][info][gc,heap        ] GC(44) Eden regions: 99->0(99)
[23.877s][info][gc,heap        ] GC(44) Survivor regions: 7->7(14)
[23.877s][info][gc,heap        ] GC(44) Old regions: 36->37
[23.877s][info][gc,heap        ] GC(44) Humongous regions: 1->1
[23.877s][info][gc,metaspace   ] GC(44) Metaspace: 62410K->62410K(1107968K)
[23.877s][info][gc             ] GC(44) Pause Young (Normal) (G1 Evacuation Pause) 142M->43M(177M) 16.995ms
[23.877s][info][gc,cpu         ] GC(44) User=0.01s Sys=0.00s Real=0.02s
[24.181s][info][gc,start       ] GC(45) Pause Young (Normal) (G1 Evacuation Pause)
[24.181s][info][gc,task        ] GC(45) Using 1 workers of 1 for evacuation
[24.197s][info][gc,phases      ] GC(45)   Pre Evacuate Collection Set: 0.0ms
[24.197s][info][gc,phases      ] GC(45)   Evacuate Collection Set: 15.3ms
[24.197s][info][gc,phases      ] GC(45)   Post Evacuate Collection Set: 0.4ms
[24.197s][info][gc,phases      ] GC(45)   Other: 0.3ms
[24.197s][info][gc,heap        ] GC(45) Eden regions: 99->0(110)
[24.197s][info][gc,heap        ] GC(45) Survivor regions: 7->8(14)
[24.197s][info][gc,heap        ] GC(45) Old regions: 37->37
[24.197s][info][gc,heap        ] GC(45) Humongous regions: 1->1
[24.197s][info][gc,metaspace   ] GC(45) Metaspace: 62410K->62410K(1107968K)
[24.197s][info][gc             ] GC(45) Pause Young (Normal) (G1 Evacuation Pause) 142M->44M(210M) 16.230ms
[24.197s][info][gc,cpu         ] GC(45) User=0.02s Sys=0.00s Real=0.01s
[24.490s][info][gc,start       ] GC(46) Pause Young (Normal) (G1 Evacuation Pause)
[24.490s][info][gc,task        ] GC(46) Using 1 workers of 1 for evacuation
[24.507s][info][gc,phases      ] GC(46)   Pre Evacuate Collection Set: 0.0ms
[24.507s][info][gc,phases      ] GC(46)   Evacuate Collection Set: 17.1ms
[24.507s][info][gc,phases      ] GC(46)   Post Evacuate Collection Set: 0.1ms
[24.507s][info][gc,phases      ] GC(46)   Other: 0.4ms
[24.507s][info][gc,heap        ] GC(46) Eden regions: 110->0(118)
[24.507s][info][gc,heap        ] GC(46) Survivor regions: 8->8(15)
[24.507s][info][gc,heap        ] GC(46) Old regions: 37->37
[24.507s][info][gc,heap        ] GC(46) Humongous regions: 1->1
[24.507s][info][gc,metaspace   ] GC(46) Metaspace: 62410K->62410K(1107968K)
[24.507s][info][gc             ] GC(46) Pause Young (Normal) (G1 Evacuation Pause) 154M->45M(210M) 17.758ms
[24.507s][info][gc,cpu         ] GC(46) User=0.02s Sys=0.00s Real=0.01s
[24.834s][info][gc,start       ] GC(47) Pause Young (Normal) (G1 Evacuation Pause)
[24.835s][info][gc,task        ] GC(47) Using 1 workers of 1 for evacuation
[24.852s][info][gc,phases      ] GC(47)   Pre Evacuate Collection Set: 0.0ms
[24.852s][info][gc,phases      ] GC(47)   Evacuate Collection Set: 17.3ms
[24.852s][info][gc,phases      ] GC(47)   Post Evacuate Collection Set: 0.2ms
[24.852s][info][gc,phases      ] GC(47)   Other: 0.4ms
[24.852s][info][gc,heap        ] GC(47) Eden regions: 118->0(118)
[24.852s][info][gc,heap        ] GC(47) Survivor regions: 8->8(16)
[24.852s][info][gc,heap        ] GC(47) Old regions: 37->38
[24.852s][info][gc,heap        ] GC(47) Humongous regions: 1->1
[24.852s][info][gc,metaspace   ] GC(47) Metaspace: 62410K->62410K(1107968K)
[24.852s][info][gc             ] GC(47) Pause Young (Normal) (G1 Evacuation Pause) 163M->45M(210M) 17.990ms
[24.852s][info][gc,cpu         ] GC(47) User=0.02s Sys=0.00s Real=0.02s
[25.091s][info][gc,start       ] GC(48) Pause Young (Normal) (G1 Evacuation Pause)
[25.091s][info][gc,task        ] GC(48) Using 1 workers of 1 for evacuation
[25.109s][info][gc,phases      ] GC(48)   Pre Evacuate Collection Set: 0.0ms
[25.110s][info][gc,phases      ] GC(48)   Evacuate Collection Set: 17.9ms
[25.110s][info][gc,phases      ] GC(48)   Post Evacuate Collection Set: 0.1ms
[25.110s][info][gc,phases      ] GC(48)   Other: 0.4ms
[25.110s][info][gc,heap        ] GC(48) Eden regions: 118->0(117)
[25.110s][info][gc,heap        ] GC(48) Survivor regions: 8->9(16)
[25.110s][info][gc,heap        ] GC(48) Old regions: 38->38
[25.110s][info][gc,heap        ] GC(48) Humongous regions: 1->1
[25.110s][info][gc,metaspace   ] GC(48) Metaspace: 62410K->62410K(1107968K)
[25.110s][info][gc             ] GC(48) Pause Young (Normal) (G1 Evacuation Pause) 163M->46M(210M) 18.719ms
[25.110s][info][gc,cpu         ] GC(48) User=0.02s Sys=0.00s Real=0.02s
[25.491s][info][gc,start       ] GC(49) Pause Young (Normal) (G1 Evacuation Pause)
[25.491s][info][gc,task        ] GC(49) Using 1 workers of 1 for evacuation
[25.533s][info][gc,phases      ] GC(49)   Pre Evacuate Collection Set: 0.0ms
[25.533s][info][gc,phases      ] GC(49)   Evacuate Collection Set: 41.7ms
[25.533s][info][gc,phases      ] GC(49)   Post Evacuate Collection Set: 0.3ms
[25.533s][info][gc,phases      ] GC(49)   Other: 0.4ms
[25.533s][info][gc,heap        ] GC(49) Eden regions: 117->0(134)
[25.533s][info][gc,heap        ] GC(49) Survivor regions: 9->9(16)
[25.533s][info][gc,heap        ] GC(49) Old regions: 38->39
[25.533s][info][gc,heap        ] GC(49) Humongous regions: 1->1
[25.533s][info][gc,metaspace   ] GC(49) Metaspace: 62421K->62421K(1107968K)
[25.533s][info][gc             ] GC(49) Pause Young (Normal) (G1 Evacuation Pause) 163M->47M(245M) 42.578ms
[25.534s][info][gc,cpu         ] GC(49) User=0.05s Sys=0.00s Real=0.04s
[26.073s][info][gc,start       ] GC(50) Pause Young (Normal) (G1 Evacuation Pause)
[26.073s][info][gc,task        ] GC(50) Using 1 workers of 1 for evacuation
[26.095s][info][gc,phases      ] GC(50)   Pre Evacuate Collection Set: 0.0ms
[26.095s][info][gc,phases      ] GC(50)   Evacuate Collection Set: 21.2ms
[26.095s][info][gc,phases      ] GC(50)   Post Evacuate Collection Set: 0.3ms
[26.095s][info][gc,phases      ] GC(50)   Other: 0.5ms
[26.095s][info][gc,heap        ] GC(50) Eden regions: 134->0(138)
[26.095s][info][gc,heap        ] GC(50) Survivor regions: 9->9(18)
[26.095s][info][gc,heap        ] GC(50) Old regions: 39->39
[26.095s][info][gc,heap        ] GC(50) Humongous regions: 1->1
[26.095s][info][gc,metaspace   ] GC(50) Metaspace: 62453K->62453K(1107968K)
[26.095s][info][gc             ] GC(50) Pause Young (Normal) (G1 Evacuation Pause) 181M->48M(245M) 22.174ms
[26.095s][info][gc,cpu         ] GC(50) User=0.02s Sys=0.00s Real=0.02s
[26.560s][info][gc,start       ] GC(51) Pause Young (Normal) (G1 Evacuation Pause)
[26.560s][info][gc,task        ] GC(51) Using 1 workers of 1 for evacuation
[26.595s][info][gc,phases      ] GC(51)   Pre Evacuate Collection Set: 0.0ms
[26.595s][info][gc,phases      ] GC(51)   Evacuate Collection Set: 34.7ms
[26.595s][info][gc,phases      ] GC(51)   Post Evacuate Collection Set: 0.2ms
[26.595s][info][gc,phases      ] GC(51)   Other: 0.4ms
[26.595s][info][gc,heap        ] GC(51) Eden regions: 138->0(138)
[26.595s][info][gc,heap        ] GC(51) Survivor regions: 9->9(19)
[26.595s][info][gc,heap        ] GC(51) Old regions: 39->39
[26.595s][info][gc,heap        ] GC(51) Humongous regions: 1->1
[26.595s][info][gc,metaspace   ] GC(51) Metaspace: 62463K->62463K(1107968K)
[26.595s][info][gc             ] GC(51) Pause Young (Normal) (G1 Evacuation Pause) 186M->48M(245M) 35.459ms
[26.595s][info][gc,cpu         ] GC(51) User=0.03s Sys=0.00s Real=0.04s
[27.015s][info][gc,start       ] GC(52) Pause Young (Normal) (G1 Evacuation Pause)
[27.015s][info][gc,task        ] GC(52) Using 1 workers of 1 for evacuation
[27.034s][info][gc,phases      ] GC(52)   Pre Evacuate Collection Set: 0.0ms
[27.035s][info][gc,phases      ] GC(52)   Evacuate Collection Set: 19.0ms
[27.035s][info][gc,phases      ] GC(52)   Post Evacuate Collection Set: 0.2ms
[27.035s][info][gc,phases      ] GC(52)   Other: 0.6ms
[27.035s][info][gc,heap        ] GC(52) Eden regions: 138->0(138)
[27.035s][info][gc,heap        ] GC(52) Survivor regions: 9->9(19)
[27.035s][info][gc,heap        ] GC(52) Old regions: 39->40
[27.035s][info][gc,heap        ] GC(52) Humongous regions: 1->1
[27.035s][info][gc,metaspace   ] GC(52) Metaspace: 62463K->62463K(1107968K)
[27.035s][info][gc             ] GC(52) Pause Young (Normal) (G1 Evacuation Pause) 186M->48M(245M) 20.039ms
[27.035s][info][gc,cpu         ] GC(52) User=0.02s Sys=0.00s Real=0.02s
[27.451s][info][gc,heap,exit   ] Heap
[27.451s][info][gc,heap,exit   ]  garbage-first heap   total 250880K, used 59887K [0x00000000c2a00000, 0x0000000100000000)
[27.451s][info][gc,heap,exit   ]   region size 1024K, 20 young (20480K), 9 survivors (9216K)
[27.451s][info][gc,heap,exit   ]  Metaspace       used 62524K, capacity 66012K, committed 66376K, reserved 1107968K
[27.451s][info][gc,heap,exit   ]   class space    used 7422K, capacity 8405K, committed 8520K, reserved 1048576K
