[0.003s][info][gc,init] Initializing The Z Garbage Collector
[0.003s][info][gc,init] Version: 11.0.15+10-Ubuntu-0ubuntu0.20.04.1 (release)
[0.003s][info][gc,init] NUMA Support: Disabled
[0.003s][info][gc,init] CPUs: 1 total, 1 available
[0.003s][info][gc,init] Memory: 3926M
[0.003s][info][gc,init] Large Page Support: Disabled
[0.003s][info][gc,init] Workers: 1 parallel, 1 concurrent
[0.003s][info][gc,init] Heap backed by file: /memfd:java_heap
[0.003s][info][gc,init] Available space on backing filesystem: N/A
[0.024s][info][gc,init] Pre-touching: Disabled
[0.024s][info][gc,init] Pre-mapping: 62M
[0.046s][info][gc,init] Runtime Workers: 1 parallel
[0.047s][info][gc     ] Using The Z Garbage Collector
[2.898s][info][gc,start] GC(0) Garbage Collection (System.gc())
[2.899s][info][gc,phases] GC(0) Pause Mark Start 0.328ms
[2.921s][info][gc,phases] GC(0) Concurrent Mark 22.496ms
[2.921s][info][gc,phases] GC(0) Pause Mark End 0.039ms
[2.922s][info][gc,phases] GC(0) Concurrent Process Non-Strong References 0.218ms
[2.922s][info][gc,phases] GC(0) Concurrent Reset Relocation Set 0.000ms
[2.922s][info][gc,phases] GC(0) Concurrent Destroy Detached Pages 0.000ms
[2.926s][info][gc,phases] GC(0) Concurrent Select Relocation Set 4.074ms
[2.927s][info][gc,phases] GC(0) Concurrent Prepare Relocation Set 0.345ms
[2.927s][info][gc,phases] GC(0) Pause Relocate Start 0.390ms
[2.936s][info][gc,phases] GC(0) Concurrent Relocate 8.645ms
[2.936s][info][gc,load  ] GC(0) Load: 2.64/3.01/1.88
[2.936s][info][gc,mmu   ] GC(0) MMU: 2ms/80.5%, 5ms/92.2%, 10ms/95.7%, 20ms/97.9%, 50ms/98.5%, 100ms/99.2%
[2.936s][info][gc,marking] GC(0) Mark: 1 stripe(s), 1 proactive flush(es), 1 terminate flush(es), 0 completion(s), 0 continuation(s) 
[2.936s][info][gc,reloc  ] GC(0) Relocation: Successful, 4M relocated
[2.936s][info][gc,nmethod] GC(0) NMethods: 265 registered, 0 unregistered
[2.936s][info][gc,metaspace] GC(0) Metaspace: 12M used, 12M capacity, 12M committed, 14M reserved
[2.936s][info][gc,ref      ] GC(0) Soft: 2334 encountered, 0 discovered, 0 enqueued
[2.936s][info][gc,ref      ] GC(0) Weak: 230 encountered, 219 discovered, 72 enqueued
[2.936s][info][gc,ref      ] GC(0) Final: 4 encountered, 1 discovered, 0 enqueued
[2.936s][info][gc,ref      ] GC(0) Phantom: 124 encountered, 93 discovered, 64 enqueued
[2.936s][info][gc,heap     ] GC(0)                Mark Start          Mark End        Relocate Start      Relocate End           High               Low         
[2.936s][info][gc,heap     ] GC(0)  Capacity:       96M (10%)          96M (10%)          96M (10%)          96M (10%)          96M (10%)          96M (10%)    
[2.936s][info][gc,heap     ] GC(0)   Reserve:       34M (3%)           34M (3%)           34M (3%)           34M (3%)           34M (3%)           34M (3%)     
[2.936s][info][gc,heap     ] GC(0)      Free:      926M (94%)         926M (94%)         924M (94%)         940M (96%)         940M (96%)         922M (94%)    
[2.936s][info][gc,heap     ] GC(0)      Used:       22M (2%)           22M (2%)           24M (2%)            8M (1%)           26M (3%)            8M (1%)     
[2.936s][info][gc,heap     ] GC(0)      Live:         -                 4M (0%)            4M (0%)            4M (0%)             -                  -          
[2.936s][info][gc,heap     ] GC(0) Allocated:         -                 0M (0%)            2M (0%)            6M (1%)             -                  -          
[2.936s][info][gc,heap     ] GC(0)   Garbage:         -                17M (2%)           17M (2%)            1M (0%)             -                  -          
[2.936s][info][gc,heap     ] GC(0) Reclaimed:         -                  -                 0M (0%)           16M (2%)             -                  -          
[2.936s][info][gc          ] GC(0) Garbage Collection (System.gc()) 22M(2%)->8M(1%)
[3.113s][info][gc,heap,exit] Heap
[3.113s][info][gc,heap,exit]  ZHeap           used 8M, capacity 96M, max capacity 982M
[3.113s][info][gc,heap,exit]  Metaspace       used 12980K, capacity 13114K, committed 13312K, reserved 14336K
