[0.003s][info][gc,init] Regions: 3977 x 512K
[0.003s][info][gc,init] Humongous object threshold: 512K
[0.003s][info][gc,init] Max TLAB size: 512K
[0.003s][info][gc,init] GC threads: 1 parallel, 1 concurrent
[0.003s][info][gc     ] Heuristics ergonomically sets -XX:+ExplicitGCInvokesConcurrent
[0.003s][info][gc     ] Heuristics ergonomically sets -XX:+ShenandoahImplicitGCInvokesConcurrent
[0.003s][info][gc,init] Shenandoah GC mode: Snapshot-At-The-Beginning (SATB)
[0.003s][info][gc,init] Shenandoah heuristics: Adaptive
[0.004s][info][gc,ergo] Pacer for Idle. Initial: 40724K, Alloc Tax Rate: 1.0x
[0.004s][info][gc,init] Initialize Shenandoah heap: 124M initial, 6656K min, 1988M max
[0.004s][info][gc,init] Safepointing mechanism: global-page poll
[0.004s][info][gc     ] Using Shenandoah
[0.004s][info][gc,heap,coops] Heap address: 0x0000000083b80000, size: 1988 MB, Compressed Oops mode: 32-bit
[0.006s][info][gc,init      ] Reference processing: serial discovery, serial processing
[0.014s][info][gc           ] Soft Max Heap Size: 1988M -> 1988M
[3.762s][info][gc           ] Trigger: Metadata GC Threshold
[3.762s][info][gc,ergo      ] Free: 1809M, Max: 512K regular, 1809M humongous, Frag: 0% external, 0% internal; Reserve: 101888K, Max: 512K
[3.762s][info][gc,start     ] GC(0) Concurrent reset
[3.762s][info][gc,task      ] GC(0) Using 1 of 1 workers for concurrent reset
[3.762s][info][gc,ergo      ] GC(0) Pacer for Reset. Non-Taxable: 1988M
[3.763s][info][gc           ] GC(0) Concurrent reset 0.093ms
[3.765s][info][gc,start     ] GC(0) Pause Init Mark (process weakrefs) (unload classes)
[3.765s][info][gc,task      ] GC(0) Using 1 of 1 workers for init marking
[3.766s][info][gc,ergo      ] GC(0) Pacer for Mark. Expected Live: 198M, Free: 1809M, Non-Taxable: 180M, Alloc Tax Rate: 0.1x
[3.766s][info][gc           ] GC(0) Pause Init Mark (process weakrefs) (unload classes) 0.965ms
[3.766s][info][gc,start     ] GC(0) Concurrent marking (process weakrefs) (unload classes)
[3.766s][info][gc,task      ] GC(0) Using 1 of 1 workers for concurrent marking
[3.800s][info][gc           ] GC(0) Concurrent marking (process weakrefs) (unload classes) 34.240ms
[3.800s][info][gc,start     ] GC(0) Concurrent precleaning
[3.800s][info][gc,task      ] GC(0) Using 1 of 1 workers for concurrent preclean
[3.800s][info][gc,ergo      ] GC(0) Pacer for Precleaning. Non-Taxable: 1988M
[3.801s][info][gc           ] GC(0) Concurrent precleaning 0.419ms
[3.801s][info][gc,start     ] GC(0) Pause Final Mark (process weakrefs) (unload classes)
[3.801s][info][gc,task      ] GC(0) Using 1 of 1 workers for final marking
[3.807s][info][gc,stringtable] GC(0) Cleaned string and symbol table, strings: 7925 processed, 0 removed, symbols: 40218 processed, 44 removed
[3.807s][info][gc,ergo       ] GC(0) Adaptive CSet Selection. Target Free: 281M, Actual Free: 1907M, Max CSet: 84823K, Min Garbage: 0B
[3.807s][info][gc,ergo       ] GC(0) Collectable Garbage: 62289K (98%), Immediate: 0B (0%), CSet: 62289K (98%)
[3.809s][info][gc,ergo       ] GC(0) Pacer for Evacuation. Used CSet: 69632K, Free: 1808M, Non-Taxable: 180M, Alloc Tax Rate: 1.1x
[3.809s][info][gc            ] GC(0) Pause Final Mark (process weakrefs) (unload classes) 7.948ms
[3.809s][info][gc,start      ] GC(0) Concurrent cleanup
[3.809s][info][gc            ] GC(0) Concurrent cleanup 80M->80M(125M) 0.075ms
[3.809s][info][gc,ergo       ] GC(0) Free: 1808M, Max: 512K regular, 1808M humongous, Frag: 0% external, 0% internal; Reserve: 100864K, Max: 512K
[3.809s][info][gc,start      ] GC(0) Concurrent evacuation
[3.809s][info][gc,task       ] GC(0) Using 1 of 1 workers for concurrent evacuation
[3.836s][info][gc            ] GC(0) Concurrent evacuation 26.469ms
[3.836s][info][gc,start      ] GC(0) Pause Init Update Refs
[3.836s][info][gc,ergo       ] GC(0) Pacer for Update Refs. Used: 91060K, Free: 1807M, Non-Taxable: 180M, Alloc Tax Rate: 1.1x
[3.836s][info][gc            ] GC(0) Pause Init Update Refs 0.013ms
[3.836s][info][gc,start      ] GC(0) Concurrent update references
[3.836s][info][gc,task       ] GC(0) Using 1 of 1 workers for concurrent reference update
[3.848s][info][gc            ] GC(0) Concurrent update references 12.149ms
[3.850s][info][gc,start      ] GC(0) Pause Final Update Refs
[3.850s][info][gc,task       ] GC(0) Using 1 of 1 workers for final reference update
[3.850s][info][gc            ] GC(0) Pause Final Update Refs 0.426ms
[3.850s][info][gc,start      ] GC(0) Concurrent cleanup
[3.850s][info][gc            ] GC(0) Concurrent cleanup 88M->20M(132M) 0.081ms
[3.850s][info][gc,ergo       ] Free: 1867M, Max: 512K regular, 1799M humongous, Frag: 4% external, 0% internal; Reserve: 101888K, Max: 512K
[3.850s][info][gc,stats      ] 
[3.850s][info][gc,stats      ] All times are wall-clock times, except per-root-class counters, that are sum over
[3.850s][info][gc,stats      ] all workers. Dividing the <total> over the root stage time estimates parallelism.
[3.850s][info][gc,stats      ] 
[3.850s][info][gc,stats      ] Concurrent Reset                     78 us
[3.850s][info][gc,stats      ] Pause Init Mark (G)                3674 us
[3.850s][info][gc,stats      ] Pause Init Mark (N)                 946 us
[3.850s][info][gc,stats      ]   Accumulate Stats                    2 us
[3.850s][info][gc,stats      ]   Make Parsable                       2 us
[3.850s][info][gc,stats      ]   Update Region States               41 us
[3.850s][info][gc,stats      ]   Scan Roots                        882 us, parallelism: 0.95x
[3.850s][info][gc,stats      ]     S: <total>                      838 us
[3.850s][info][gc,stats      ]     S: Thread Roots                 673 us, workers (us): 673, 
[3.850s][info][gc,stats      ]     S: Universe Roots                10 us, workers (us):  10, 
[3.850s][info][gc,stats      ]     S: JNI Handles Roots              4 us, workers (us):   4, 
[3.850s][info][gc,stats      ]     S: Synchronizer Roots             0 us, workers (us):   0, 
[3.850s][info][gc,stats      ]     S: Management Roots               1 us, workers (us):   1, 
[3.850s][info][gc,stats      ]     S: System Dict Roots             29 us, workers (us):  29, 
[3.850s][info][gc,stats      ]     S: CLDG Roots                   121 us, workers (us): 121, 
[3.850s][info][gc,stats      ]     S: JVMTI Roots                    0 us, workers (us):   0, 
[3.850s][info][gc,stats      ]   Resize TLABs                        1 us
[3.850s][info][gc,stats      ] Concurrent Marking                34233 us
[3.850s][info][gc,stats      ] Concurrent Precleaning              413 us
[3.850s][info][gc,stats      ] Pause Final Mark (G)               8284 us
[3.850s][info][gc,stats      ] Pause Final Mark (N)               7943 us
[3.850s][info][gc,stats      ]   Finish Queues                      17 us
[3.850s][info][gc,stats      ]   Weak References                    63 us
[3.850s][info][gc,stats      ]     Process                          61 us
[3.851s][info][gc,stats      ]   System Purge                      102 us
[3.851s][info][gc,stats      ]     Unload Classes                  532 us
[3.851s][info][gc,stats      ]     Cleanup                        5028 us, parallelism: 0.99x
[3.851s][info][gc,stats      ]       CU: <total>                  4966 us
[3.851s][info][gc,stats      ]       CU: Code Cache Roots         1752 us, workers (us): 1752, 
[3.851s][info][gc,stats      ]       CU: Code Cache Cleaning       495 us, workers (us): 495, 
[3.851s][info][gc,stats      ]       CU: String Table Roots        768 us, workers (us): 768, 
[3.851s][info][gc,stats      ]       CU: Resolved Table Roots       25 us, workers (us):  25, 
[3.851s][info][gc,stats      ]       CU: CLDG Roots               1926 us, workers (us): 1926, 
[3.851s][info][gc,stats      ]     Weak Roots                      102 us
[3.851s][info][gc,stats      ]     CLDG                              0 us
[3.851s][info][gc,stats      ]   Update Region States               46 us
[3.851s][info][gc,stats      ]   Retire TLABs                        4 us
[3.851s][info][gc,stats      ]   Choose Collection Set              42 us
[3.851s][info][gc,stats      ]   Rebuild Free Set                   17 us
[3.851s][info][gc,stats      ]   Initial Evacuation               2086 us, parallelism: 0.62x
[3.851s][info][gc,stats      ]     E: <total>                     1298 us
[3.851s][info][gc,stats      ]     E: Thread Roots                  92 us, workers (us):  92, 
[3.851s][info][gc,stats      ]     E: Code Cache Roots             613 us, workers (us): 613, 
[3.851s][info][gc,stats      ]     E: Universe Roots                19 us, workers (us):  19, 
[3.851s][info][gc,stats      ]     E: JNI Handles Roots              4 us, workers (us):   4, 
[3.851s][info][gc,stats      ]     E: Synchronizer Roots             0 us, workers (us):   0, 
[3.851s][info][gc,stats      ]     E: Management Roots               1 us, workers (us):   1, 
[3.851s][info][gc,stats      ]     E: System Dict Roots             11 us, workers (us):  11, 
[3.851s][info][gc,stats      ]     E: CLDG Roots                   556 us, workers (us): 556, 
[3.851s][info][gc,stats      ]     E: JVMTI Roots                    1 us, workers (us):   1, 
[3.851s][info][gc,stats      ] Concurrent Cleanup                   65 us
[3.851s][info][gc,stats      ] Concurrent Evacuation             26463 us
[3.851s][info][gc,stats      ] Pause Init  Update Refs (G)          70 us
[3.851s][info][gc,stats      ] Pause Init  Update Refs (N)           7 us
[3.851s][info][gc,stats      ]   Retire GCLABs                       2 us
[3.851s][info][gc,stats      ] Concurrent Update Refs            12141 us
[3.851s][info][gc,stats      ] Pause Final Update Refs (G)        2254 us
[3.851s][info][gc,stats      ] Pause Final Update Refs (N)         414 us
[3.851s][info][gc,stats      ]   Update Roots                      350 us, parallelism: 0.98x
[3.851s][info][gc,stats      ]     UR: <total>                     344 us
[3.851s][info][gc,stats      ]     UR: Thread Roots                344 us, workers (us): 344, 
[3.851s][info][gc,stats      ]   Update Region States               41 us
[3.851s][info][gc,stats      ]   Trash Collection Set                2 us
[3.851s][info][gc,stats      ]   Rebuild Free Set                   15 us
[3.851s][info][gc,stats      ] Concurrent Cleanup                   69 us
[3.851s][info][gc,stats      ] 
[3.851s][info][gc,stats      ] Allocation pacing accrued:
[3.851s][info][gc,stats      ]       0 of  3847 ms (  0.0%): <total>
[3.851s][info][gc,stats      ]       0 of  3847 ms (  0.0%): <average total>
[3.851s][info][gc,stats      ] 
[3.851s][info][gc,metaspace  ] Metaspace: 20177K->20465K(1067008K)
[3.851s][info][gc,ergo       ] Pacer for Idle. Initial: 40724K, Alloc Tax Rate: 1.0x
[5.448s][info][gc            ] Trigger: Metadata GC Threshold
[5.448s][info][gc,ergo       ] Free: 1796M, Max: 512K regular, 1796M humongous, Frag: 0% external, 0% internal; Reserve: 101888K, Max: 512K
[5.448s][info][gc,start      ] GC(1) Concurrent reset
[5.448s][info][gc,task       ] GC(1) Using 1 of 1 workers for concurrent reset
[5.448s][info][gc,ergo       ] GC(1) Pacer for Reset. Non-Taxable: 1988M
[5.448s][info][gc            ] GC(1) Concurrent reset 0.200ms
[5.452s][info][gc,start      ] GC(1) Pause Init Mark (unload classes)
[5.452s][info][gc,task       ] GC(1) Using 1 of 1 workers for init marking
[5.454s][info][gc,ergo       ] GC(1) Pacer for Mark. Expected Live: 17449K, Free: 1796M, Non-Taxable: 179M, Alloc Tax Rate: 0.0x
[5.454s][info][gc            ] GC(1) Pause Init Mark (unload classes) 1.540ms
[5.454s][info][gc,start      ] GC(1) Concurrent marking (unload classes)
[5.454s][info][gc,task       ] GC(1) Using 1 of 1 workers for concurrent marking
[5.483s][info][gc            ] GC(1) Concurrent marking (unload classes) 29.184ms
[5.483s][info][gc,start      ] GC(1) Pause Final Mark (unload classes)
[5.483s][info][gc,task       ] GC(1) Using 1 of 1 workers for final marking
[5.495s][info][gc,stringtable] GC(1) Cleaned string and symbol table, strings: 13469 processed, 0 removed, symbols: 80035 processed, 44 removed
[5.495s][info][gc,ergo       ] GC(1) Adaptive CSet Selection. Target Free: 281M, Actual Free: 1895M, Max CSet: 84823K, Min Garbage: 0B
[5.495s][info][gc,ergo       ] GC(1) Collectable Garbage: 71405K (98%), Immediate: 512K (0%), CSet: 70893K (97%)
[5.497s][info][gc,ergo       ] GC(1) Pacer for Evacuation. Used CSet: 75264K, Free: 1796M, Non-Taxable: 179M, Alloc Tax Rate: 1.1x
[5.497s][info][gc            ] GC(1) Pause Final Mark (unload classes) 13.729ms
[5.500s][info][gc,start      ] GC(1) Concurrent cleanup
[5.500s][info][gc            ] GC(1) Concurrent cleanup 93M->92M(133M) 0.108ms
[5.500s][info][gc,ergo       ] GC(1) Free: 1796M, Max: 512K regular, 1795M humongous, Frag: 1% external, 0% internal; Reserve: 100864K, Max: 512K
[5.500s][info][gc,start      ] GC(1) Concurrent evacuation
[5.500s][info][gc,task       ] GC(1) Using 1 of 1 workers for concurrent evacuation
[5.511s][info][gc            ] GC(1) Concurrent evacuation 10.679ms
[5.511s][info][gc,start      ] GC(1) Pause Init Update Refs
[5.511s][info][gc,ergo       ] GC(1) Pacer for Update Refs. Used: 99240K, Free: 1795M, Non-Taxable: 179M, Alloc Tax Rate: 1.1x
[5.511s][info][gc            ] GC(1) Pause Init Update Refs 0.016ms
[5.511s][info][gc,start      ] GC(1) Concurrent update references
[5.511s][info][gc,task       ] GC(1) Using 1 of 1 workers for concurrent reference update
[5.543s][info][gc            ] GC(1) Concurrent update references 32.519ms
[5.543s][info][gc,start      ] GC(1) Pause Final Update Refs
[5.543s][info][gc,task       ] GC(1) Using 1 of 1 workers for final reference update
[5.544s][info][gc            ] GC(1) Pause Final Update Refs 0.474ms
[5.544s][info][gc,start      ] GC(1) Concurrent cleanup
[5.544s][info][gc            ] GC(1) Concurrent cleanup 97M->23M(137M) 0.074ms
[5.544s][info][gc,ergo       ] Free: 1864M, Max: 512K regular, 1791M humongous, Frag: 4% external, 0% internal; Reserve: 101888K, Max: 512K
[5.544s][info][gc,stats      ] 
[5.544s][info][gc,stats      ] All times are wall-clock times, except per-root-class counters, that are sum over
[5.544s][info][gc,stats      ] all workers. Dividing the <total> over the root stage time estimates parallelism.
[5.544s][info][gc,stats      ] 
[5.544s][info][gc,stats      ] Concurrent Reset                    186 us
[5.544s][info][gc,stats      ] Pause Init Mark (G)                5541 us
[5.544s][info][gc,stats      ] Pause Init Mark (N)                1507 us
[5.544s][info][gc,stats      ]   Accumulate Stats                    5 us
[5.544s][info][gc,stats      ]   Make Parsable                       8 us
[5.544s][info][gc,stats      ]   Update Region States               52 us
[5.544s][info][gc,stats      ]   Scan Roots                       1417 us, parallelism: 0.94x
[5.544s][info][gc,stats      ]     S: <total>                     1326 us
[5.544s][info][gc,stats      ]     S: Thread Roots                1228 us, workers (us): 1228, 
[5.544s][info][gc,stats      ]     S: Universe Roots                 2 us, workers (us):   2, 
[5.544s][info][gc,stats      ]     S: JNI Handles Roots              1 us, workers (us):   1, 
[5.544s][info][gc,stats      ]     S: Synchronizer Roots             0 us, workers (us):   0, 
[5.544s][info][gc,stats      ]     S: Management Roots               1 us, workers (us):   1, 
[5.544s][info][gc,stats      ]     S: System Dict Roots             23 us, workers (us):  23, 
[5.544s][info][gc,stats      ]     S: CLDG Roots                    71 us, workers (us):  71, 
[5.544s][info][gc,stats      ]     S: JVMTI Roots                    1 us, workers (us):   1, 
[5.544s][info][gc,stats      ]   Resize TLABs                        4 us
[5.544s][info][gc,stats      ] Concurrent Marking                29177 us
[5.544s][info][gc,stats      ] Pause Final Mark (G)              16615 us
[5.544s][info][gc,stats      ] Pause Final Mark (N)              13721 us
[5.544s][info][gc,stats      ]   Finish Queues                      37 us
[5.544s][info][gc,stats      ]   System Purge                      149 us
[5.544s][info][gc,stats      ]     Unload Classes                  326 us
[5.544s][info][gc,stats      ]     Cleanup                       11096 us, parallelism: 0.99x
[5.544s][info][gc,stats      ]       CU: <total>                 11040 us
[5.544s][info][gc,stats      ]       CU: Code Cache Roots         2417 us, workers (us): 2417, 
[5.544s][info][gc,stats      ]       CU: Code Cache Cleaning       618 us, workers (us): 618, 
[5.544s][info][gc,stats      ]       CU: String Table Roots       1826 us, workers (us): 1826, 
[5.544s][info][gc,stats      ]       CU: Resolved Table Roots     3267 us, workers (us): 3267, 
[5.544s][info][gc,stats      ]       CU: CLDG Roots               2911 us, workers (us): 2911, 
[5.544s][info][gc,stats      ]     Weak Roots                      148 us
[5.544s][info][gc,stats      ]     CLDG                              1 us
[5.544s][info][gc,stats      ]   Update Region States               61 us
[5.544s][info][gc,stats      ]   Retire TLABs                        9 us
[5.544s][info][gc,stats      ]   Choose Collection Set              55 us
[5.544s][info][gc,stats      ]   Rebuild Free Set                   13 us
[5.544s][info][gc,stats      ]   Initial Evacuation               1968 us, parallelism: 0.51x
[5.544s][info][gc,stats      ]     E: <total>                     1007 us
[5.544s][info][gc,stats      ]     E: Thread Roots                 216 us, workers (us): 216, 
[5.544s][info][gc,stats      ]     E: Code Cache Roots             155 us, workers (us): 155, 
[5.544s][info][gc,stats      ]     E: Universe Roots                 1 us, workers (us):   1, 
[5.544s][info][gc,stats      ]     E: JNI Handles Roots              2 us, workers (us):   2, 
[5.544s][info][gc,stats      ]     E: Synchronizer Roots             0 us, workers (us):   0, 
[5.544s][info][gc,stats      ]     E: Management Roots               1 us, workers (us):   1, 
[5.544s][info][gc,stats      ]     E: System Dict Roots             41 us, workers (us):  41, 
[5.544s][info][gc,stats      ]     E: CLDG Roots                   591 us, workers (us): 591, 
[5.544s][info][gc,stats      ]     E: JVMTI Roots                    1 us, workers (us):   1, 
[5.544s][info][gc,stats      ] Concurrent Cleanup                   67 us
[5.544s][info][gc,stats      ] Concurrent Evacuation             10668 us
[5.544s][info][gc,stats      ] Pause Init  Update Refs (G)         138 us
[5.544s][info][gc,stats      ] Pause Init  Update Refs (N)           8 us
[5.544s][info][gc,stats      ]   Retire GCLABs                       2 us
[5.544s][info][gc,stats      ] Concurrent Update Refs            32509 us
[5.544s][info][gc,stats      ] Pause Final Update Refs (G)         579 us
[5.544s][info][gc,stats      ] Pause Final Update Refs (N)         467 us
[5.544s][info][gc,stats      ]   Update Roots                      400 us, parallelism: 0.98x
[5.544s][info][gc,stats      ]     UR: <total>                     392 us
[5.544s][info][gc,stats      ]     UR: Thread Roots                392 us, workers (us): 392, 
[5.544s][info][gc,stats      ]   Update Region States               43 us
[5.544s][info][gc,stats      ]   Trash Collection Set                6 us
[5.544s][info][gc,stats      ]   Rebuild Free Set                   13 us
[5.544s][info][gc,stats      ] Concurrent Cleanup                   69 us
[5.544s][info][gc,stats      ] 
[5.544s][info][gc,stats      ] Allocation pacing accrued:
[5.544s][info][gc,stats      ]       0 of  1694 ms (  0.0%): <total>
[5.544s][info][gc,stats      ]       0 of  1694 ms (  0.0%): <average total>
[5.544s][info][gc,stats      ] 
[5.544s][info][gc,metaspace  ] Metaspace: 34511K->34861K(1081344K)
[5.544s][info][gc,ergo       ] Pacer for Idle. Initial: 40724K, Alloc Tax Rate: 1.0x
[8.075s][info][gc            ] Trigger: Metadata GC Threshold
[8.075s][info][gc,ergo       ] Free: 1747M, Max: 512K regular, 1747M humongous, Frag: 0% external, 0% internal; Reserve: 101888K, Max: 512K
[8.075s][info][gc,start      ] GC(2) Concurrent reset
[8.075s][info][gc,task       ] GC(2) Using 1 of 1 workers for concurrent reset
[8.075s][info][gc,ergo       ] GC(2) Pacer for Reset. Non-Taxable: 1988M
[8.075s][info][gc            ] GC(2) Concurrent reset 0.199ms
[8.081s][info][gc,start      ] GC(2) Pause Init Mark (unload classes)
[8.081s][info][gc,task       ] GC(2) Using 1 of 1 workers for init marking
[8.082s][info][gc,ergo       ] GC(2) Pacer for Mark. Expected Live: 19398K, Free: 1747M, Non-Taxable: 174M, Alloc Tax Rate: 0.0x
[8.082s][info][gc            ] GC(2) Pause Init Mark (unload classes) 0.852ms
[8.082s][info][gc,start      ] GC(2) Concurrent marking (unload classes)
[8.082s][info][gc,task       ] GC(2) Using 1 of 1 workers for concurrent marking
[8.129s][info][gc            ] GC(2) Concurrent marking (unload classes) 46.994ms
[8.129s][info][gc,start      ] GC(2) Pause Final Mark (unload classes)
[8.129s][info][gc,task       ] GC(2) Using 1 of 1 workers for final marking
[8.155s][info][gc,stringtable] GC(2) Cleaned string and symbol table, strings: 18432 processed, 0 removed, symbols: 138711 processed, 79 removed
[8.157s][info][gc,ergo       ] GC(2) Adaptive CSet Selection. Target Free: 281M, Actual Free: 1848M, Max CSet: 84823K, Min Garbage: 0B
[8.157s][info][gc,ergo       ] GC(2) Collectable Garbage: 112M (98%), Immediate: 3837K (3%), CSet: 108M (95%)
[8.159s][info][gc,ergo       ] GC(2) Pacer for Evacuation. Used CSet: 114M, Free: 1749M, Non-Taxable: 174M, Alloc Tax Rate: 1.1x
[8.159s][info][gc            ] GC(2) Pause Final Mark (unload classes) 30.665ms
[8.159s][info][gc,start      ] GC(2) Concurrent cleanup
[8.160s][info][gc            ] GC(2) Concurrent cleanup 142M->139M(144M) 0.073ms
[8.160s][info][gc,ergo       ] GC(2) Free: 1749M, Max: 512K regular, 1745M humongous, Frag: 1% external, 0% internal; Reserve: 100864K, Max: 512K
[8.160s][info][gc,start      ] GC(2) Concurrent evacuation
[8.160s][info][gc,task       ] GC(2) Using 1 of 1 workers for concurrent evacuation
[8.185s][info][gc            ] GC(2) Concurrent evacuation 25.451ms
[8.186s][info][gc,start      ] GC(2) Pause Init Update Refs
[8.186s][info][gc,ergo       ] GC(2) Pacer for Update Refs. Used: 145M, Free: 1748M, Non-Taxable: 174M, Alloc Tax Rate: 1.1x
[8.186s][info][gc            ] GC(2) Pause Init Update Refs 0.022ms
[8.186s][info][gc,start      ] GC(2) Concurrent update references
[8.186s][info][gc,task       ] GC(2) Using 1 of 1 workers for concurrent reference update
[8.215s][info][gc            ] GC(2) Concurrent update references 29.045ms
[8.215s][info][gc,start      ] GC(2) Pause Final Update Refs
[8.215s][info][gc,task       ] GC(2) Using 1 of 1 workers for final reference update
[8.221s][info][gc            ] GC(2) Pause Final Update Refs 5.388ms
[8.221s][info][gc,start      ] GC(2) Concurrent cleanup
[8.221s][info][gc            ] GC(2) Concurrent cleanup 146M->31M(150M) 0.081ms
[8.221s][info][gc,ergo       ] Free: 1856M, Max: 512K regular, 1740M humongous, Frag: 7% external, 0% internal; Reserve: 101888K, Max: 512K
[8.221s][info][gc,stats      ] 
[8.221s][info][gc,stats      ] All times are wall-clock times, except per-root-class counters, that are sum over
[8.221s][info][gc,stats      ] all workers. Dividing the <total> over the root stage time estimates parallelism.
[8.221s][info][gc,stats      ] 
[8.221s][info][gc,stats      ] Concurrent Reset                    183 us
[8.221s][info][gc,stats      ] Pause Init Mark (G)                6575 us
[8.221s][info][gc,stats      ] Pause Init Mark (N)                 816 us
[8.221s][info][gc,stats      ]   Accumulate Stats                    6 us
[8.221s][info][gc,stats      ]   Make Parsable                       7 us
[8.221s][info][gc,stats      ]   Update Region States               59 us
[8.221s][info][gc,stats      ]   Scan Roots                        711 us, parallelism: 0.80x
[8.221s][info][gc,stats      ]     S: <total>                      571 us
[8.221s][info][gc,stats      ]     S: Thread Roots                 451 us, workers (us): 451, 
[8.221s][info][gc,stats      ]     S: Universe Roots                 2 us, workers (us):   2, 
[8.221s][info][gc,stats      ]     S: JNI Handles Roots              3 us, workers (us):   3, 
[8.221s][info][gc,stats      ]     S: Synchronizer Roots             0 us, workers (us):   0, 
[8.221s][info][gc,stats      ]     S: Management Roots               1 us, workers (us):   1, 
[8.221s][info][gc,stats      ]     S: System Dict Roots             22 us, workers (us):  22, 
[8.221s][info][gc,stats      ]     S: CLDG Roots                    92 us, workers (us):  92, 
[8.221s][info][gc,stats      ]     S: JVMTI Roots                    0 us, workers (us):   0, 
[8.221s][info][gc,stats      ]   Resize TLABs                        3 us
[8.221s][info][gc,stats      ] Concurrent Marking                46987 us
[8.221s][info][gc,stats      ] Pause Final Mark (G)              30731 us
[8.221s][info][gc,stats      ] Pause Final Mark (N)              30657 us
[8.221s][info][gc,stats      ]   Finish Queues                      40 us
[8.221s][info][gc,stats      ]   System Purge                      262 us
[8.221s][info][gc,stats      ]     Unload Classes                  579 us
[8.221s][info][gc,stats      ]     Cleanup                       25652 us, parallelism: 1.00x
[8.221s][info][gc,stats      ]       CU: <total>                 25590 us
[8.221s][info][gc,stats      ]       CU: Code Cache Roots         3185 us, workers (us): 3185, 
[8.221s][info][gc,stats      ]       CU: Code Cache Cleaning       823 us, workers (us): 823, 
[8.221s][info][gc,stats      ]       CU: String Table Roots      13979 us, workers (us): 13979, 
[8.221s][info][gc,stats      ]       CU: Resolved Table Roots       72 us, workers (us):  72, 
[8.221s][info][gc,stats      ]       CU: CLDG Roots               7531 us, workers (us): 7531, 
[8.221s][info][gc,stats      ]     Weak Roots                      262 us
[8.221s][info][gc,stats      ]     CLDG                              1 us
[8.221s][info][gc,stats      ]   Update Region States             1658 us
[8.221s][info][gc,stats      ]   Retire TLABs                       11 us
[8.221s][info][gc,stats      ]   Choose Collection Set              60 us
[8.221s][info][gc,stats      ]   Rebuild Free Set                   12 us
[8.221s][info][gc,stats      ]   Initial Evacuation               2373 us, parallelism: 0.51x
[8.221s][info][gc,stats      ]     E: <total>                     1210 us
[8.221s][info][gc,stats      ]     E: Thread Roots                 222 us, workers (us): 222, 
[8.221s][info][gc,stats      ]     E: Code Cache Roots             160 us, workers (us): 160, 
[8.221s][info][gc,stats      ]     E: Universe Roots                 1 us, workers (us):   1, 
[8.221s][info][gc,stats      ]     E: JNI Handles Roots              2 us, workers (us):   2, 
[8.221s][info][gc,stats      ]     E: Synchronizer Roots             0 us, workers (us):   0, 
[8.221s][info][gc,stats      ]     E: Management Roots               4 us, workers (us):   4, 
[8.221s][info][gc,stats      ]     E: System Dict Roots             12 us, workers (us):  12, 
[8.221s][info][gc,stats      ]     E: CLDG Roots                   808 us, workers (us): 808, 
[8.221s][info][gc,stats      ]     E: JVMTI Roots                    1 us, workers (us):   1, 
[8.221s][info][gc,stats      ] Concurrent Cleanup                   66 us
[8.221s][info][gc,stats      ] Concurrent Evacuation             25442 us
[8.221s][info][gc,stats      ] Pause Init  Update Refs (G)         998 us
[8.221s][info][gc,stats      ] Pause Init  Update Refs (N)           9 us
[8.221s][info][gc,stats      ]   Retire GCLABs                       3 us
[8.221s][info][gc,stats      ] Concurrent Update Refs            29035 us
[8.221s][info][gc,stats      ] Pause Final Update Refs (G)        5591 us
[8.221s][info][gc,stats      ] Pause Final Update Refs (N)        5378 us
[8.221s][info][gc,stats      ]   Update Roots                     5308 us, parallelism: 0.05x
[8.221s][info][gc,stats      ]     UR: <total>                     240 us
[8.221s][info][gc,stats      ]     UR: Thread Roots                240 us, workers (us): 240, 
[8.221s][info][gc,stats      ]   Update Region States               46 us
[8.221s][info][gc,stats      ]   Trash Collection Set                3 us
[8.221s][info][gc,stats      ]   Rebuild Free Set                   15 us
[8.221s][info][gc,stats      ] Concurrent Cleanup                   73 us
[8.221s][info][gc,stats      ] 
[8.221s][info][gc,stats      ] Allocation pacing accrued:
[8.221s][info][gc,stats      ]       0 of  2677 ms (  0.0%): <total>
[8.221s][info][gc,stats      ]       0 of  2677 ms (  0.0%): <average total>
[8.221s][info][gc,stats      ] 
[8.221s][info][gc,metaspace  ] Metaspace: 58230K->58734K(1101824K)
[8.221s][info][gc,ergo       ] Pacer for Idle. Initial: 40724K, Alloc Tax Rate: 1.0x
[11.700s][info][gc            ] Trigger: Explicit GC request (System.gc())
[11.700s][info][gc,ergo       ] Free: 1726M, Max: 512K regular, 1726M humongous, Frag: 0% external, 0% internal; Reserve: 101888K, Max: 512K
[11.700s][info][gc,start      ] GC(3) Concurrent reset
[11.701s][info][gc,task       ] GC(3) Using 1 of 1 workers for concurrent reset
[11.701s][info][gc,ergo       ] GC(3) Pacer for Reset. Non-Taxable: 1988M
[11.701s][info][gc            ] GC(3) Concurrent reset 0.257ms
[11.701s][info][gc,start      ] GC(3) Pause Init Mark (process weakrefs) (unload classes)
[11.701s][info][gc,task       ] GC(3) Using 1 of 1 workers for init marking
[11.701s][info][gc,ergo       ] GC(3) Pacer for Mark. Expected Live: 21796K, Free: 1726M, Non-Taxable: 172M, Alloc Tax Rate: 0.0x
[11.701s][info][gc            ] GC(3) Pause Init Mark (process weakrefs) (unload classes) 0.658ms
[11.702s][info][gc,start      ] GC(3) Concurrent marking (process weakrefs) (unload classes)
[11.702s][info][gc,task       ] GC(3) Using 1 of 1 workers for concurrent marking
[11.755s][info][gc            ] GC(3) Concurrent marking (process weakrefs) (unload classes) 53.649ms
[11.755s][info][gc,start      ] GC(3) Concurrent precleaning
[11.755s][info][gc,task       ] GC(3) Using 1 of 1 workers for concurrent preclean
[11.755s][info][gc,ergo       ] GC(3) Pacer for Precleaning. Non-Taxable: 1988M
[11.757s][info][gc            ] GC(3) Concurrent precleaning 1.678ms
[11.757s][info][gc,start      ] GC(3) Pause Final Mark (process weakrefs) (unload classes)
[11.757s][info][gc,task       ] GC(3) Using 1 of 1 workers for final marking
[11.784s][info][gc,stringtable] GC(3) Cleaned string and symbol table, strings: 23392 processed, 0 removed, symbols: 194045 processed, 239 removed
[11.784s][info][gc,ergo       ] GC(3) Adaptive CSet Selection. Target Free: 281M, Actual Free: 1827M, Max CSet: 84823K, Min Garbage: 0B
[11.784s][info][gc,ergo       ] GC(3) Collectable Garbage: 129M (98%), Immediate: 1405K (1%), CSet: 127M (97%)
[11.787s][info][gc,ergo       ] GC(3) Pacer for Evacuation. Used CSet: 136M, Free: 1728M, Non-Taxable: 172M, Alloc Tax Rate: 1.1x
[11.787s][info][gc            ] GC(3) Pause Final Mark (process weakrefs) (unload classes) 29.776ms
[11.789s][info][gc,start      ] GC(3) Concurrent cleanup
[11.789s][info][gc            ] GC(3) Concurrent cleanup 161M->161M(163M) 0.110ms
[11.789s][info][gc,ergo       ] GC(3) Free: 1727M, Max: 512K regular, 1727M humongous, Frag: 1% external, 0% internal; Reserve: 100861K, Max: 512K
[11.789s][info][gc,start      ] GC(3) Concurrent evacuation
[11.789s][info][gc,task       ] GC(3) Using 1 of 1 workers for concurrent evacuation
[11.812s][info][gc            ] GC(3) Concurrent evacuation 22.841ms
[11.812s][info][gc,start      ] GC(3) Pause Init Update Refs
[11.812s][info][gc,ergo       ] GC(3) Pacer for Update Refs. Used: 169M, Free: 1727M, Non-Taxable: 172M, Alloc Tax Rate: 1.1x
[11.812s][info][gc            ] GC(3) Pause Init Update Refs 0.018ms
[11.812s][info][gc,start      ] GC(3) Concurrent update references
[11.812s][info][gc,task       ] GC(3) Using 1 of 1 workers for concurrent reference update
[11.842s][info][gc            ] GC(3) Concurrent update references 29.112ms
[11.842s][info][gc,start      ] GC(3) Pause Final Update Refs
[11.842s][info][gc,task       ] GC(3) Using 1 of 1 workers for final reference update
[11.849s][info][gc            ] GC(3) Pause Final Update Refs 7.040ms
[11.849s][info][gc,start      ] GC(3) Concurrent cleanup
[11.849s][info][gc            ] GC(3) Concurrent cleanup 169M->32M(171M) 0.082ms
[11.849s][info][gc,ergo       ] Free: 1855M, Max: 512K regular, 1796M humongous, Frag: 4% external, 0% internal; Reserve: 101888K, Max: 512K
[11.849s][info][gc,stats      ] 
[11.849s][info][gc,stats      ] All times are wall-clock times, except per-root-class counters, that are sum over
[11.849s][info][gc,stats      ] all workers. Dividing the <total> over the root stage time estimates parallelism.
[11.849s][info][gc,stats      ] 
[11.849s][info][gc,stats      ] Concurrent Reset                    241 us
[11.849s][info][gc,stats      ] Pause Init Mark (G)                 765 us
[11.849s][info][gc,stats      ] Pause Init Mark (N)                 651 us
[11.849s][info][gc,stats      ]   Accumulate Stats                    5 us
[11.849s][info][gc,stats      ]   Make Parsable                       5 us
[11.849s][info][gc,stats      ]   Update Region States               34 us
[11.849s][info][gc,stats      ]   Scan Roots                        586 us, parallelism: 0.66x
[11.849s][info][gc,stats      ]     S: <total>                      387 us
[11.849s][info][gc,stats      ]     S: Thread Roots                 216 us, workers (us): 216, 
[11.849s][info][gc,stats      ]     S: Universe Roots                 2 us, workers (us):   2, 
[11.849s][info][gc,stats      ]     S: JNI Handles Roots              1 us, workers (us):   1, 
[11.849s][info][gc,stats      ]     S: Synchronizer Roots             0 us, workers (us):   0, 
[11.849s][info][gc,stats      ]     S: Management Roots               1 us, workers (us):   1, 
[11.849s][info][gc,stats      ]     S: System Dict Roots             14 us, workers (us):  14, 
[11.849s][info][gc,stats      ]     S: CLDG Roots                   152 us, workers (us): 152, 
[11.849s][info][gc,stats      ]     S: JVMTI Roots                    0 us, workers (us):   0, 
[11.849s][info][gc,stats      ]   Resize TLABs                        2 us
[11.849s][info][gc,stats      ] Concurrent Marking                53644 us
[11.849s][info][gc,stats      ] Concurrent Precleaning             1671 us
[11.849s][info][gc,stats      ] Pause Final Mark (G)              32370 us
[11.849s][info][gc,stats      ] Pause Final Mark (N)              29768 us
[11.849s][info][gc,stats      ]   Finish Queues                     579 us
[11.849s][info][gc,stats      ]   Weak References                   654 us
[11.849s][info][gc,stats      ]     Process                         652 us
[11.849s][info][gc,stats      ]   System Purge                      353 us
[11.849s][info][gc,stats      ]     Unload Classes                 1620 us
[11.849s][info][gc,stats      ]     Cleanup                       23425 us, parallelism: 1.00x
[11.849s][info][gc,stats      ]       CU: <total>                 23362 us
[11.849s][info][gc,stats      ]       CU: Code Cache Roots         5482 us, workers (us): 5482, 
[11.849s][info][gc,stats      ]       CU: Code Cache Cleaning      1098 us, workers (us): 1098, 
[11.849s][info][gc,stats      ]       CU: String Table Roots      10895 us, workers (us): 10895, 
[11.849s][info][gc,stats      ]       CU: Resolved Table Roots      100 us, workers (us): 100, 
[11.849s][info][gc,stats      ]       CU: CLDG Roots               5787 us, workers (us): 5787, 
[11.849s][info][gc,stats      ]     Weak Roots                      353 us
[11.849s][info][gc,stats      ]     CLDG                            141 us
[11.849s][info][gc,stats      ]   Update Region States               42 us
[11.849s][info][gc,stats      ]   Retire TLABs                       11 us
[11.849s][info][gc,stats      ]   Choose Collection Set              49 us
[11.849s][info][gc,stats      ]   Rebuild Free Set                   12 us
[11.849s][info][gc,stats      ]   Initial Evacuation               2873 us, parallelism: 0.55x
[11.849s][info][gc,stats      ]     E: <total>                     1580 us
[11.849s][info][gc,stats      ]     E: Thread Roots                 179 us, workers (us): 179, 
[11.849s][info][gc,stats      ]     E: Code Cache Roots             403 us, workers (us): 403, 
[11.849s][info][gc,stats      ]     E: Universe Roots                 3 us, workers (us):   3, 
[11.849s][info][gc,stats      ]     E: JNI Handles Roots              1 us, workers (us):   1, 
[11.849s][info][gc,stats      ]     E: Synchronizer Roots             0 us, workers (us):   0, 
[11.849s][info][gc,stats      ]     E: Management Roots               1 us, workers (us):   1, 
[11.849s][info][gc,stats      ]     E: System Dict Roots             12 us, workers (us):  12, 
[11.849s][info][gc,stats      ]     E: CLDG Roots                   979 us, workers (us): 979, 
[11.849s][info][gc,stats      ]     E: JVMTI Roots                    1 us, workers (us):   1, 
[11.849s][info][gc,stats      ] Concurrent Cleanup                   65 us
[11.849s][info][gc,stats      ] Concurrent Evacuation             22831 us
[11.849s][info][gc,stats      ] Pause Init  Update Refs (G)         121 us
[11.849s][info][gc,stats      ] Pause Init  Update Refs (N)          10 us
[11.849s][info][gc,stats      ]   Retire GCLABs                       4 us
[11.849s][info][gc,stats      ] Concurrent Update Refs            29104 us
[11.849s][info][gc,stats      ] Pause Final Update Refs (G)        7175 us
[11.849s][info][gc,stats      ] Pause Final Update Refs (N)        7031 us
[11.849s][info][gc,stats      ]   Update Roots                     6961 us, parallelism: 0.02x
[11.849s][info][gc,stats      ]     UR: <total>                     168 us
[11.849s][info][gc,stats      ]     UR: Thread Roots                168 us, workers (us): 168, 
[11.849s][info][gc,stats      ]   Update Region States               47 us
[11.849s][info][gc,stats      ]   Trash Collection Set                3 us
[11.849s][info][gc,stats      ]   Rebuild Free Set                   15 us
[11.849s][info][gc,stats      ] Concurrent Cleanup                   75 us
[11.849s][info][gc,stats      ] 
[11.849s][info][gc,stats      ] Allocation pacing accrued:
[11.849s][info][gc,stats      ]       0 of  3628 ms (  0.0%): <total>
[11.849s][info][gc,stats      ]       0 of  3628 ms (  0.0%): <average total>
[11.849s][info][gc,stats      ] 
[11.849s][info][gc,metaspace  ] Metaspace: 86142K->85908K(1126400K)
[11.849s][info][gc,ergo       ] Pacer for Idle. Initial: 40724K, Alloc Tax Rate: 1.0x
[11.849s][info][gc,start      ] Concurrent uncommit
[11.855s][info][gc            ] Concurrent uncommit 32M->32M(33M) 5.631ms
[16.618s][info][gc            ] Trigger: Learning 2 of 5. Free (1391M) is below initial threshold (1391M)
[16.618s][info][gc,ergo       ] Free: 1391M, Max: 512K regular, 1391M humongous, Frag: 0% external, 0% internal; Reserve: 101888K, Max: 512K
[16.618s][info][gc,start      ] GC(4) Concurrent reset
[16.618s][info][gc,task       ] GC(4) Using 1 of 1 workers for concurrent reset
[16.618s][info][gc,ergo       ] GC(4) Pacer for Reset. Non-Taxable: 1988M
[16.618s][info][gc            ] GC(4) Concurrent reset 0.557ms
[16.622s][info][gc,start      ] GC(4) Pause Init Mark
[16.622s][info][gc,task       ] GC(4) Using 1 of 1 workers for init marking
[16.624s][info][gc,ergo       ] GC(4) Pacer for Mark. Expected Live: 23892K, Free: 1391M, Non-Taxable: 139M, Alloc Tax Rate: 0.0x
[16.624s][info][gc            ] GC(4) Pause Init Mark 2.571ms
[16.624s][info][gc,start      ] GC(4) Concurrent marking
[16.624s][info][gc,task       ] GC(4) Using 1 of 1 workers for concurrent marking
[16.732s][info][gc            ] GC(4) Concurrent marking 107.295ms
[16.732s][info][gc,start      ] GC(4) Pause Final Mark
[16.732s][info][gc,task       ] GC(4) Using 1 of 1 workers for final marking
[16.734s][info][gc,ergo       ] GC(4) Adaptive CSet Selection. Target Free: 281M, Actual Free: 1775M, Max CSet: 84823K, Min Garbage: 0B
[16.734s][info][gc,ergo       ] GC(4) Collectable Garbage: 446M (99%), Immediate: 325M (72%), CSet: 120M (26%)
[16.739s][info][gc,ergo       ] GC(4) Pacer for Evacuation. Used CSet: 128M, Free: 1680M, Non-Taxable: 168M, Alloc Tax Rate: 1.1x
[16.739s][info][gc            ] GC(4) Pause Final Mark 7.363ms
[16.741s][info][gc,start      ] GC(4) Concurrent cleanup
[16.741s][info][gc            ] GC(4) Concurrent cleanup 534M->211M(539M) 0.118ms
[16.741s][info][gc,ergo       ] GC(4) Free: 1677M, Max: 512K regular, 1351M humongous, Frag: 20% external, 0% internal; Reserve: 100561K, Max: 512K
[16.741s][info][gc,start      ] GC(4) Concurrent evacuation
[16.741s][info][gc,task       ] GC(4) Using 1 of 1 workers for concurrent evacuation
[16.772s][info][gc            ] GC(4) Concurrent evacuation 30.822ms
[16.772s][info][gc,start      ] GC(4) Pause Init Update Refs
[16.772s][info][gc,ergo       ] GC(4) Pacer for Update Refs. Used: 234M, Free: 1661M, Non-Taxable: 166M, Alloc Tax Rate: 1.1x
[16.772s][info][gc            ] GC(4) Pause Init Update Refs 0.016ms
[16.772s][info][gc,start      ] GC(4) Concurrent update references
[16.772s][info][gc,task       ] GC(4) Using 1 of 1 workers for concurrent reference update
[16.906s][info][gc            ] GC(4) Concurrent update references 133.853ms
[16.908s][info][gc,start      ] GC(4) Pause Final Update Refs
[16.908s][info][gc,task       ] GC(4) Using 1 of 1 workers for final reference update
[16.908s][info][gc            ] GC(4) Pause Final Update Refs 0.279ms
[16.908s][info][gc,start      ] GC(4) Concurrent cleanup
[16.908s][info][gc            ] GC(4) Concurrent cleanup 320M->192M(546M) 0.079ms
[16.908s][info][gc,ergo       ] Free: 1694M, Max: 512K regular, 1343M humongous, Frag: 21% external, 0% internal; Reserve: 101888K, Max: 512K
[16.908s][info][gc,stats      ] 
[16.908s][info][gc,stats      ] All times are wall-clock times, except per-root-class counters, that are sum over
[16.908s][info][gc,stats      ] all workers. Dividing the <total> over the root stage time estimates parallelism.
[16.908s][info][gc,stats      ] 
[16.908s][info][gc,stats      ] Concurrent Reset                    540 us
[16.908s][info][gc,stats      ] Pause Init Mark (G)                5931 us
[16.908s][info][gc,stats      ] Pause Init Mark (N)                2551 us
[16.908s][info][gc,stats      ]   Accumulate Stats                    6 us
[16.908s][info][gc,stats      ]   Make Parsable                       8 us
[16.908s][info][gc,stats      ]   Update Region States               42 us
[16.908s][info][gc,stats      ]   Scan Roots                       2457 us, parallelism: 0.86x
[16.908s][info][gc,stats      ]     S: <total>                     2112 us
[16.908s][info][gc,stats      ]     S: Thread Roots                1005 us, workers (us): 1005, 
[16.908s][info][gc,stats      ]     S: Universe Roots                 2 us, workers (us):   2, 
[16.908s][info][gc,stats      ]     S: JNI Handles Roots              1 us, workers (us):   1, 
[16.908s][info][gc,stats      ]     S: Synchronizer Roots             0 us, workers (us):   0, 
[16.908s][info][gc,stats      ]     S: Management Roots               1 us, workers (us):   1, 
[16.908s][info][gc,stats      ]     S: System Dict Roots             25 us, workers (us):  25, 
[16.908s][info][gc,stats      ]     S: CLDG Roots                  1078 us, workers (us): 1078, 
[16.908s][info][gc,stats      ]     S: JVMTI Roots                    0 us, workers (us):   0, 
[16.908s][info][gc,stats      ]   Resize TLABs                        5 us
[16.908s][info][gc,stats      ] Concurrent Marking               107286 us
[16.908s][info][gc,stats      ] Pause Final Mark (G)               9121 us
[16.908s][info][gc,stats      ] Pause Final Mark (N)               7355 us
[16.908s][info][gc,stats      ]   Finish Queues                    2194 us
[16.908s][info][gc,stats      ]   System Purge                      504 us
[16.908s][info][gc,stats      ]     Weak Roots                      504 us
[16.908s][info][gc,stats      ]   Update Region States               43 us
[16.908s][info][gc,stats      ]   Retire TLABs                        6 us
[16.908s][info][gc,stats      ]   Choose Collection Set              84 us
[16.908s][info][gc,stats      ]   Rebuild Free Set                   13 us
[16.908s][info][gc,stats      ]   Initial Evacuation               4506 us, parallelism: 0.52x
[16.908s][info][gc,stats      ]     E: <total>                     2363 us
[16.908s][info][gc,stats      ]     E: Thread Roots                 260 us, workers (us): 260, 
[16.908s][info][gc,stats      ]     E: Code Cache Roots             502 us, workers (us): 502, 
[16.908s][info][gc,stats      ]     E: Universe Roots                 1 us, workers (us):   1, 
[16.908s][info][gc,stats      ]     E: JNI Handles Roots              1 us, workers (us):   1, 
[16.908s][info][gc,stats      ]     E: Synchronizer Roots             0 us, workers (us):   0, 
[16.908s][info][gc,stats      ]     E: Management Roots               1 us, workers (us):   1, 
[16.908s][info][gc,stats      ]     E: System Dict Roots             47 us, workers (us):  47, 
[16.908s][info][gc,stats      ]     E: CLDG Roots                  1551 us, workers (us): 1551, 
[16.908s][info][gc,stats      ]     E: JVMTI Roots                    0 us, workers (us):   0, 
[16.908s][info][gc,stats      ] Concurrent Cleanup                   92 us
[16.908s][info][gc,stats      ] Concurrent Evacuation             30812 us
[16.908s][info][gc,stats      ] Pause Init  Update Refs (G)         167 us
[16.908s][info][gc,stats      ] Pause Init  Update Refs (N)           9 us
[16.908s][info][gc,stats      ]   Retire GCLABs                       3 us
[16.908s][info][gc,stats      ] Concurrent Update Refs           133844 us
[16.908s][info][gc,stats      ] Pause Final Update Refs (G)        2382 us
[16.908s][info][gc,stats      ] Pause Final Update Refs (N)         267 us
[16.908s][info][gc,stats      ]   Update Roots                      206 us, parallelism: 0.97x
[16.908s][info][gc,stats      ]     UR: <total>                     201 us
[16.908s][info][gc,stats      ]     UR: Thread Roots                201 us, workers (us): 201, 
[16.908s][info][gc,stats      ]   Update Region States               40 us
[16.908s][info][gc,stats      ]   Trash Collection Set                3 us
[16.908s][info][gc,stats      ]   Rebuild Free Set                   12 us
[16.908s][info][gc,stats      ] Concurrent Cleanup                   74 us
[16.908s][info][gc,stats      ] 
[16.908s][info][gc,stats      ] Allocation pacing accrued:
[16.908s][info][gc,stats      ]       0 of  5059 ms (  0.0%): <total>
[16.908s][info][gc,stats      ]       0 of  5059 ms (  0.0%): <average total>
[16.908s][info][gc,stats      ] 
[16.908s][info][gc,metaspace  ] Metaspace: 105720K->105721K(1142784K)
[16.908s][info][gc,ergo       ] Pacer for Idle. Initial: 40724K, Alloc Tax Rate: 1.0x
[17.155s][info][gc            ] Trigger: Learning 3 of 5. Free (1390M) is below initial threshold (1391M)
[17.155s][info][gc,ergo       ] Free: 1390M, Max: 512K regular, 1343M humongous, Frag: 4% external, 0% internal; Reserve: 101888K, Max: 512K
[17.155s][info][gc,start      ] GC(5) Concurrent reset
[17.155s][info][gc,task       ] GC(5) Using 1 of 1 workers for concurrent reset
[17.155s][info][gc,ergo       ] GC(5) Pacer for Reset. Non-Taxable: 1988M
[17.156s][info][gc            ] GC(5) Concurrent reset 0.380ms
[17.157s][info][gc,start      ] GC(5) Pause Init Mark (process weakrefs)
[17.157s][info][gc,task       ] GC(5) Using 1 of 1 workers for init marking
[17.159s][info][gc,ergo       ] GC(5) Pacer for Mark. Expected Live: 28031K, Free: 1390M, Non-Taxable: 139M, Alloc Tax Rate: 0.0x
[17.159s][info][gc            ] GC(5) Pause Init Mark (process weakrefs) 1.635ms
[17.159s][info][gc,start      ] GC(5) Concurrent marking (process weakrefs)
[17.159s][info][gc,task       ] GC(5) Using 1 of 1 workers for concurrent marking
[17.254s][info][gc            ] GC(5) Concurrent marking (process weakrefs) 94.790ms
[17.254s][info][gc,start      ] GC(5) Concurrent precleaning
[17.254s][info][gc,task       ] GC(5) Using 1 of 1 workers for concurrent preclean
[17.254s][info][gc,ergo       ] GC(5) Pacer for Precleaning. Non-Taxable: 1988M
[17.255s][info][gc            ] GC(5) Concurrent precleaning 0.965ms
[17.255s][info][gc,start      ] GC(5) Pause Final Mark (process weakrefs)
[17.255s][info][gc,task       ] GC(5) Using 1 of 1 workers for final marking
[17.255s][info][gc,ergo       ] GC(5) Collectable Garbage: 424M (97%), Immediate: 424M (97%), CSet: 0B (0%)
[17.255s][info][gc            ] GC(5) Pause Final Mark (process weakrefs) 0.607ms
[17.255s][info][gc,start      ] GC(5) Concurrent cleanup
[17.256s][info][gc            ] GC(5) Concurrent cleanup 550M->125M(556M) 0.115ms
[17.256s][info][gc,ergo       ] GC(5) Free: 1761M, Max: 512K regular, 1333M humongous, Frag: 25% external, 0% internal; Reserve: 101888K, Max: 512K
[17.256s][info][gc,ergo       ] Free: 1761M, Max: 512K regular, 1333M humongous, Frag: 25% external, 0% internal; Reserve: 101888K, Max: 512K
[17.256s][info][gc,stats      ] 
[17.256s][info][gc,stats      ] All times are wall-clock times, except per-root-class counters, that are sum over
[17.256s][info][gc,stats      ] all workers. Dividing the <total> over the root stage time estimates parallelism.
[17.256s][info][gc,stats      ] 
[17.256s][info][gc,stats      ] Concurrent Reset                    372 us
[17.256s][info][gc,stats      ] Pause Init Mark (G)                3407 us
[17.256s][info][gc,stats      ] Pause Init Mark (N)                1597 us
[17.256s][info][gc,stats      ]   Accumulate Stats                    7 us
[17.256s][info][gc,stats      ]   Make Parsable                       6 us
[17.256s][info][gc,stats      ]   Update Region States               59 us
[17.256s][info][gc,stats      ]   Scan Roots                       1494 us, parallelism: 0.76x
[17.256s][info][gc,stats      ]     S: <total>                     1143 us
[17.256s][info][gc,stats      ]     S: Thread Roots                 291 us, workers (us): 291, 
[17.256s][info][gc,stats      ]     S: Universe Roots                 2 us, workers (us):   2, 
[17.256s][info][gc,stats      ]     S: JNI Handles Roots              1 us, workers (us):   1, 
[17.256s][info][gc,stats      ]     S: Synchronizer Roots             0 us, workers (us):   0, 
[17.256s][info][gc,stats      ]     S: Management Roots               1 us, workers (us):   1, 
[17.256s][info][gc,stats      ]     S: System Dict Roots             13 us, workers (us):  13, 
[17.256s][info][gc,stats      ]     S: CLDG Roots                   834 us, workers (us): 834, 
[17.256s][info][gc,stats      ]     S: JVMTI Roots                    0 us, workers (us):   0, 
[17.256s][info][gc,stats      ]   Resize TLABs                        4 us
[17.256s][info][gc,stats      ] Concurrent Marking                94783 us
[17.256s][info][gc,stats      ] Concurrent Precleaning              959 us
[17.256s][info][gc,stats      ] Pause Final Mark (G)                670 us
[17.256s][info][gc,stats      ] Pause Final Mark (N)                601 us
[17.256s][info][gc,stats      ]   Finish Queues                      10 us
[17.256s][info][gc,stats      ]   Weak References                   134 us
[17.256s][info][gc,stats      ]     Process                         132 us
[17.256s][info][gc,stats      ]   System Purge                      364 us
[17.256s][info][gc,stats      ]     Weak Roots                      364 us
[17.256s][info][gc,stats      ]   Update Region States               48 us
[17.256s][info][gc,stats      ]   Retire TLABs                        5 us
[17.256s][info][gc,stats      ]   Choose Collection Set              22 us
[17.256s][info][gc,stats      ]   Rebuild Free Set                   13 us
[17.257s][info][gc,stats      ] Concurrent Cleanup                  100 us
[17.257s][info][gc,stats      ] 
[17.257s][info][gc,stats      ] Allocation pacing accrued:
[17.257s][info][gc,stats      ]       0 of   348 ms (  0.0%): <total>
[17.257s][info][gc,stats      ]       0 of   348 ms (  0.0%): <average total>
[17.257s][info][gc,stats      ] 
[17.257s][info][gc,metaspace  ] Metaspace: 105722K->105746K(1142784K)
[17.257s][info][gc,ergo       ] Pacer for Idle. Initial: 40724K, Alloc Tax Rate: 1.0x
[21.121s][info][gc            ] Trigger: Learning 4 of 5. Free (1388M) is below initial threshold (1391M)
[21.121s][info][gc,ergo       ] Free: 1389M, Max: 512K regular, 1333M humongous, Frag: 5% external, 0% internal; Reserve: 101888K, Max: 512K
[21.122s][info][gc,start      ] GC(6) Concurrent reset
[21.122s][info][gc,task       ] GC(6) Using 1 of 1 workers for concurrent reset
[21.122s][info][gc,ergo       ] GC(6) Pacer for Reset. Non-Taxable: 1988M
[21.122s][info][gc            ] GC(6) Concurrent reset 0.234ms
[21.126s][info][gc,start      ] GC(6) Pause Init Mark
[21.126s][info][gc,task       ] GC(6) Using 1 of 1 workers for init marking
[21.129s][info][gc,ergo       ] GC(6) Pacer for Mark. Expected Live: 36302K, Free: 1389M, Non-Taxable: 138M, Alloc Tax Rate: 0.0x
[21.129s][info][gc            ] GC(6) Pause Init Mark 2.498ms
[21.129s][info][gc,start      ] GC(6) Concurrent marking
[21.129s][info][gc,task       ] GC(6) Using 1 of 1 workers for concurrent marking
[21.247s][info][gc            ] GC(6) Concurrent marking 117.660ms
[21.251s][info][gc,start      ] GC(6) Pause Final Mark
[21.251s][info][gc,task       ] GC(6) Using 1 of 1 workers for final marking
[21.251s][info][gc,ergo       ] GC(6) Adaptive CSet Selection. Target Free: 281M, Actual Free: 1720M, Max CSet: 84823K, Min Garbage: 0B
[21.251s][info][gc,ergo       ] GC(6) Collectable Garbage: 430M (99%), Immediate: 304M (70%), CSet: 126M (29%)
[21.256s][info][gc,ergo       ] GC(6) Pacer for Evacuation. Used CSet: 132M, Free: 1627M, Non-Taxable: 162M, Alloc Tax Rate: 1.1x
[21.256s][info][gc            ] GC(6) Pause Final Mark 5.020ms
[21.256s][info][gc,start      ] GC(6) Concurrent cleanup
[21.256s][info][gc            ] GC(6) Concurrent cleanup 563M->259M(572M) 0.098ms
[21.256s][info][gc,ergo       ] GC(6) Free: 1627M, Max: 512K regular, 1317M humongous, Frag: 20% external, 0% internal; Reserve: 101376K, Max: 512K
[21.256s][info][gc,start      ] GC(6) Concurrent evacuation
[21.256s][info][gc,task       ] GC(6) Using 1 of 1 workers for concurrent evacuation
[21.289s][info][gc            ] GC(6) Concurrent evacuation 32.934ms
[21.291s][info][gc,start      ] GC(6) Pause Init Update Refs
[21.291s][info][gc,ergo       ] GC(6) Pacer for Update Refs. Used: 282M, Free: 1611M, Non-Taxable: 161M, Alloc Tax Rate: 1.1x
[21.291s][info][gc            ] GC(6) Pause Init Update Refs 0.026ms
[21.291s][info][gc,start      ] GC(6) Concurrent update references
[21.291s][info][gc,task       ] GC(6) Using 1 of 1 workers for concurrent reference update
[21.515s][info][gc            ] GC(6) Concurrent update references 224.823ms
[21.516s][info][gc,start      ] GC(6) Pause Final Update Refs
[21.516s][info][gc,task       ] GC(6) Using 1 of 1 workers for final reference update
[21.520s][info][gc            ] GC(6) Pause Final Update Refs 4.052ms
[21.520s][info][gc,start      ] GC(6) Concurrent cleanup
[21.520s][info][gc            ] GC(6) Concurrent cleanup 355M->222M(578M) 0.084ms
[21.520s][info][gc,ergo       ] Free: 1664M, Max: 512K regular, 1312M humongous, Frag: 22% external, 0% internal; Reserve: 101888K, Max: 512K
[21.520s][info][gc,stats      ] 
[21.520s][info][gc,stats      ] All times are wall-clock times, except per-root-class counters, that are sum over
[21.520s][info][gc,stats      ] all workers. Dividing the <total> over the root stage time estimates parallelism.
[21.520s][info][gc,stats      ] 
[21.520s][info][gc,stats      ] Concurrent Reset                    219 us
[21.520s][info][gc,stats      ] Pause Init Mark (G)                7085 us
[21.520s][info][gc,stats      ] Pause Init Mark (N)                2459 us
[21.520s][info][gc,stats      ]   Accumulate Stats                    6 us
[21.520s][info][gc,stats      ]   Make Parsable                       9 us
[21.520s][info][gc,stats      ]   Update Region States               50 us
[21.520s][info][gc,stats      ]   Scan Roots                       2348 us, parallelism: 0.81x
[21.520s][info][gc,stats      ]     S: <total>                     1900 us
[21.520s][info][gc,stats      ]     S: Thread Roots                 545 us, workers (us): 545, 
[21.520s][info][gc,stats      ]     S: Universe Roots                 2 us, workers (us):   2, 
[21.520s][info][gc,stats      ]     S: JNI Handles Roots              1 us, workers (us):   1, 
[21.520s][info][gc,stats      ]     S: Synchronizer Roots             0 us, workers (us):   0, 
[21.520s][info][gc,stats      ]     S: Management Roots               2 us, workers (us):   2, 
[21.520s][info][gc,stats      ]     S: System Dict Roots             27 us, workers (us):  27, 
[21.520s][info][gc,stats      ]     S: CLDG Roots                  1322 us, workers (us): 1322, 
[21.520s][info][gc,stats      ]     S: JVMTI Roots                    0 us, workers (us):   0, 
[21.520s][info][gc,stats      ]   Resize TLABs                        5 us
[21.520s][info][gc,stats      ] Concurrent Marking               117652 us
[21.520s][info][gc,stats      ] Pause Final Mark (G)               5882 us
[21.520s][info][gc,stats      ] Pause Final Mark (N)               4991 us
[21.520s][info][gc,stats      ]   Finish Queues                      20 us
[21.520s][info][gc,stats      ]   System Purge                      513 us
[21.520s][info][gc,stats      ]     Weak Roots                      512 us
[21.520s][info][gc,stats      ]   Update Region States               55 us
[21.520s][info][gc,stats      ]   Retire TLABs                        7 us
[21.520s][info][gc,stats      ]   Choose Collection Set              79 us
[21.520s][info][gc,stats      ]   Rebuild Free Set                   13 us
[21.520s][info][gc,stats      ]   Initial Evacuation               4297 us, parallelism: 0.59x
[21.520s][info][gc,stats      ]     E: <total>                     2543 us
[21.520s][info][gc,stats      ]     E: Thread Roots                 392 us, workers (us): 392, 
[21.520s][info][gc,stats      ]     E: Code Cache Roots             655 us, workers (us): 655, 
[21.520s][info][gc,stats      ]     E: Universe Roots                 1 us, workers (us):   1, 
[21.520s][info][gc,stats      ]     E: JNI Handles Roots              1 us, workers (us):   1, 
[21.520s][info][gc,stats      ]     E: Synchronizer Roots             0 us, workers (us):   0, 
[21.520s][info][gc,stats      ]     E: Management Roots               1 us, workers (us):   1, 
[21.520s][info][gc,stats      ]     E: System Dict Roots             19 us, workers (us):  19, 
[21.520s][info][gc,stats      ]     E: CLDG Roots                  1473 us, workers (us): 1473, 
[21.520s][info][gc,stats      ]     E: JVMTI Roots                    0 us, workers (us):   0, 
[21.520s][info][gc,stats      ] Concurrent Cleanup                   91 us
[21.520s][info][gc,stats      ] Concurrent Evacuation             32927 us
[21.520s][info][gc,stats      ] Pause Init  Update Refs (G)        1722 us
[21.520s][info][gc,stats      ] Pause Init  Update Refs (N)           9 us
[21.520s][info][gc,stats      ]   Retire GCLABs                       3 us
[21.520s][info][gc,stats      ] Concurrent Update Refs           224815 us
[21.520s][info][gc,stats      ] Pause Final Update Refs (G)        4200 us
[21.520s][info][gc,stats      ] Pause Final Update Refs (N)        4039 us
[21.520s][info][gc,stats      ]   Update Roots                     3966 us, parallelism: 0.11x
[21.520s][info][gc,stats      ]     UR: <total>                     450 us
[21.520s][info][gc,stats      ]     UR: Thread Roots                450 us, workers (us): 450, 
[21.520s][info][gc,stats      ]   Update Region States               48 us
[21.520s][info][gc,stats      ]   Trash Collection Set                3 us
[21.520s][info][gc,stats      ]   Rebuild Free Set                   14 us
[21.520s][info][gc,stats      ] Concurrent Cleanup                   76 us
[21.520s][info][gc,stats      ] 
[21.520s][info][gc,stats      ] Allocation pacing accrued:
[21.520s][info][gc,stats      ]       0 of  4263 ms (  0.0%): <total>
[21.520s][info][gc,stats      ]       0 of  4263 ms (  0.0%): <average total>
[21.520s][info][gc,stats      ] 
[21.520s][info][gc,metaspace  ] Metaspace: 117129K->117674K(1155072K)
[21.520s][info][gc,ergo       ] Pacer for Idle. Initial: 40724K, Alloc Tax Rate: 1.0x
[23.019s][info][gc            ] Trigger: Learning 5 of 5. Free (1390M) is below initial threshold (1391M)
[23.019s][info][gc,ergo       ] Free: 1390M, Max: 512K regular, 1312M humongous, Frag: 6% external, 0% internal; Reserve: 101888K, Max: 512K
[23.019s][info][gc,start      ] GC(7) Concurrent reset
[23.019s][info][gc,task       ] GC(7) Using 1 of 1 workers for concurrent reset
[23.019s][info][gc,ergo       ] GC(7) Pacer for Reset. Non-Taxable: 1988M
[23.020s][info][gc            ] GC(7) Concurrent reset 0.381ms
[23.020s][info][gc,start      ] GC(7) Pause Init Mark
[23.020s][info][gc,task       ] GC(7) Using 1 of 1 workers for init marking
[23.022s][info][gc,ergo       ] GC(7) Pacer for Mark. Expected Live: 43842K, Free: 1390M, Non-Taxable: 139M, Alloc Tax Rate: 0.0x
[23.022s][info][gc            ] GC(7) Pause Init Mark 2.156ms
[23.022s][info][gc,start      ] GC(7) Concurrent marking
[23.022s][info][gc,task       ] GC(7) Using 1 of 1 workers for concurrent marking
[23.132s][info][gc            ] GC(7) Concurrent marking 109.996ms
[23.132s][info][gc,start      ] GC(7) Pause Final Mark
[23.132s][info][gc,task       ] GC(7) Using 1 of 1 workers for final marking
[23.132s][info][gc,ergo       ] GC(7) Adaptive CSet Selection. Target Free: 281M, Actual Free: 1837M, Max CSet: 84823K, Min Garbage: 0B
[23.133s][info][gc,ergo       ] GC(7) Collectable Garbage: 433M (99%), Immediate: 377M (86%), CSet: 57678K (12%)
[23.136s][info][gc,ergo       ] GC(7) Pacer for Evacuation. Used CSet: 60274K, Free: 1738M, Non-Taxable: 173M, Alloc Tax Rate: 1.1x
[23.136s][info][gc            ] GC(7) Pause Final Mark 3.612ms
[23.136s][info][gc,start      ] GC(7) Concurrent cleanup
[23.136s][info][gc            ] GC(7) Concurrent cleanup 526M->148M(578M) 0.104ms
[23.136s][info][gc,ergo       ] GC(7) Free: 1738M, Max: 512K regular, 1312M humongous, Frag: 25% external, 0% internal; Reserve: 101761K, Max: 512K
[23.136s][info][gc,start      ] GC(7) Concurrent evacuation
[23.136s][info][gc,task       ] GC(7) Using 1 of 1 workers for concurrent evacuation
[23.146s][info][gc            ] GC(7) Concurrent evacuation 9.978ms
[23.148s][info][gc,start      ] GC(7) Pause Init Update Refs
[23.148s][info][gc,ergo       ] GC(7) Pacer for Update Refs. Used: 154M, Free: 1736M, Non-Taxable: 173M, Alloc Tax Rate: 1.1x
[23.148s][info][gc            ] GC(7) Pause Init Update Refs 0.034ms
[23.148s][info][gc,start      ] GC(7) Concurrent update references
[23.148s][info][gc,task       ] GC(7) Using 1 of 1 workers for concurrent reference update
[23.262s][info][gc            ] GC(7) Concurrent update references 114.252ms
[23.264s][info][gc,start      ] GC(7) Pause Final Update Refs
[23.264s][info][gc,task       ] GC(7) Using 1 of 1 workers for final reference update
[23.265s][info][gc            ] GC(7) Pause Final Update Refs 0.295ms
[23.265s][info][gc,start      ] GC(7) Concurrent cleanup
[23.265s][info][gc            ] GC(7) Concurrent cleanup 187M->128M(580M) 0.075ms
[23.265s][info][gc,ergo       ] Free: 1758M, Max: 512K regular, 1332M humongous, Frag: 25% external, 0% internal; Reserve: 101888K, Max: 512K
[23.265s][info][gc,stats      ] 
[23.265s][info][gc,stats      ] All times are wall-clock times, except per-root-class counters, that are sum over
[23.265s][info][gc,stats      ] all workers. Dividing the <total> over the root stage time estimates parallelism.
[23.265s][info][gc,stats      ] 
[23.265s][info][gc,stats      ] Concurrent Reset                    364 us
[23.265s][info][gc,stats      ] Pause Init Mark (G)                2316 us
[23.265s][info][gc,stats      ] Pause Init Mark (N)                2148 us
[23.265s][info][gc,stats      ]   Accumulate Stats                    6 us
[23.265s][info][gc,stats      ]   Make Parsable                       9 us
[23.265s][info][gc,stats      ]   Update Region States               34 us
[23.265s][info][gc,stats      ]   Scan Roots                       2059 us, parallelism: 0.73x
[23.265s][info][gc,stats      ]     S: <total>                     1494 us
[23.265s][info][gc,stats      ]     S: Thread Roots                 357 us, workers (us): 357, 
[23.265s][info][gc,stats      ]     S: Universe Roots                 2 us, workers (us):   2, 
[23.265s][info][gc,stats      ]     S: JNI Handles Roots              1 us, workers (us):   1, 
[23.265s][info][gc,stats      ]     S: Synchronizer Roots             0 us, workers (us):   0, 
[23.265s][info][gc,stats      ]     S: Management Roots               1 us, workers (us):   1, 
[23.265s][info][gc,stats      ]     S: System Dict Roots             15 us, workers (us):  15, 
[23.265s][info][gc,stats      ]     S: CLDG Roots                  1116 us, workers (us): 1116, 
[23.265s][info][gc,stats      ]     S: JVMTI Roots                    0 us, workers (us):   0, 
[23.265s][info][gc,stats      ]   Resize TLABs                        6 us
[23.265s][info][gc,stats      ] Concurrent Marking               109988 us
[23.265s][info][gc,stats      ] Pause Final Mark (G)               3687 us
[23.265s][info][gc,stats      ] Pause Final Mark (N)               3604 us
[23.265s][info][gc,stats      ]   Finish Queues                      12 us
[23.265s][info][gc,stats      ]   System Purge                      429 us
[23.265s][info][gc,stats      ]     Weak Roots                      428 us
[23.265s][info][gc,stats      ]   Update Region States               42 us
[23.265s][info][gc,stats      ]   Retire TLABs                        6 us
[23.265s][info][gc,stats      ]   Choose Collection Set              45 us
[23.265s][info][gc,stats      ]   Rebuild Free Set                   13 us
[23.265s][info][gc,stats      ]   Initial Evacuation               3051 us, parallelism: 0.59x
[23.265s][info][gc,stats      ]     E: <total>                     1790 us
[23.265s][info][gc,stats      ]     E: Thread Roots                 245 us, workers (us): 245, 
[23.265s][info][gc,stats      ]     E: Code Cache Roots             320 us, workers (us): 320, 
[23.265s][info][gc,stats      ]     E: Universe Roots                 1 us, workers (us):   1, 
[23.265s][info][gc,stats      ]     E: JNI Handles Roots              1 us, workers (us):   1, 
[23.265s][info][gc,stats      ]     E: Synchronizer Roots             0 us, workers (us):   0, 
[23.265s][info][gc,stats      ]     E: Management Roots               1 us, workers (us):   1, 
[23.265s][info][gc,stats      ]     E: System Dict Roots             17 us, workers (us):  17, 
[23.265s][info][gc,stats      ]     E: CLDG Roots                  1204 us, workers (us): 1204, 
[23.265s][info][gc,stats      ]     E: JVMTI Roots                    0 us, workers (us):   0, 
[23.265s][info][gc,stats      ] Concurrent Cleanup                   97 us
[23.265s][info][gc,stats      ] Concurrent Evacuation              9968 us
[23.265s][info][gc,stats      ] Pause Init  Update Refs (G)        2398 us
[23.265s][info][gc,stats      ] Pause Init  Update Refs (N)          10 us
[23.265s][info][gc,stats      ]   Retire GCLABs                       4 us
[23.265s][info][gc,stats      ] Concurrent Update Refs           114242 us
[23.265s][info][gc,stats      ] Pause Final Update Refs (G)        2332 us
[23.265s][info][gc,stats      ] Pause Final Update Refs (N)         277 us
[23.265s][info][gc,stats      ]   Update Roots                      213 us, parallelism: 0.97x
[23.265s][info][gc,stats      ]     UR: <total>                     206 us
[23.265s][info][gc,stats      ]     UR: Thread Roots                206 us, workers (us): 206, 
[23.265s][info][gc,stats      ]   Update Region States               42 us
[23.265s][info][gc,stats      ]   Trash Collection Set                3 us
[23.265s][info][gc,stats      ]   Rebuild Free Set                   13 us
[23.265s][info][gc,stats      ] Concurrent Cleanup                   69 us
[23.265s][info][gc,stats      ] 
[23.265s][info][gc,stats      ] Allocation pacing accrued:
[23.265s][info][gc,stats      ]       0 of  1745 ms (  0.0%): <total>
[23.265s][info][gc,stats      ]       0 of  1745 ms (  0.0%): <average total>
[23.265s][info][gc,stats      ] 
[23.265s][info][gc,metaspace  ] Metaspace: 118619K->118619K(1155072K)
[23.265s][info][gc,ergo       ] Pacer for Idle. Initial: 40724K, Alloc Tax Rate: 1.0x
[26.688s][info][gc            ] Trigger: Explicit GC request (System.gc())
[26.688s][info][gc,ergo       ] Free: 879M, Max: 512K regular, 879M humongous, Frag: 0% external, 0% internal; Reserve: 101888K, Max: 512K
[26.689s][info][gc,start      ] GC(8) Concurrent reset
[26.689s][info][gc,task       ] GC(8) Using 1 of 1 workers for concurrent reset
[26.689s][info][gc,ergo       ] GC(8) Pacer for Reset. Non-Taxable: 1988M
[26.689s][info][gc            ] GC(8) Concurrent reset 0.298ms
[26.696s][info][gc,start      ] GC(8) Pause Init Mark (process weakrefs) (unload classes)
[26.696s][info][gc,task       ] GC(8) Using 1 of 1 workers for init marking
[26.697s][info][gc,ergo       ] GC(8) Pacer for Mark. Expected Live: 50660K, Free: 879M, Non-Taxable: 90009K, Alloc Tax Rate: 0.1x
[26.697s][info][gc            ] GC(8) Pause Init Mark (process weakrefs) (unload classes) 1.199ms
[26.697s][info][gc,start      ] GC(8) Concurrent marking (process weakrefs) (unload classes)
[26.697s][info][gc,task       ] GC(8) Using 1 of 1 workers for concurrent marking
[26.768s][info][gc            ] GC(8) Concurrent marking (process weakrefs) (unload classes) 71.157ms
[26.768s][info][gc,start      ] GC(8) Concurrent precleaning
[26.768s][info][gc,task       ] GC(8) Using 1 of 1 workers for concurrent preclean
[26.768s][info][gc,ergo       ] GC(8) Pacer for Precleaning. Non-Taxable: 1988M
[26.769s][info][gc            ] GC(8) Concurrent precleaning 0.924ms
[26.769s][info][gc,start      ] GC(8) Pause Final Mark (process weakrefs) (unload classes)
[26.769s][info][gc,task       ] GC(8) Using 1 of 1 workers for final marking
[26.864s][info][gc,stringtable] GC(8) Cleaned string and symbol table, strings: 29341 processed, 0 removed, symbols: 239822 processed, 95 removed
[26.865s][info][gc,ergo       ] GC(8) Collectable Garbage: 890M (93%), Immediate: 890M (93%), CSet: 0B (0%)
[26.865s][info][gc            ] GC(8) Pause Final Mark (process weakrefs) (unload classes) 95.992ms
[26.865s][info][gc,start      ] GC(8) Concurrent cleanup
[26.866s][info][gc            ] GC(8) Concurrent cleanup 1003M->112M(1012M) 0.140ms
[26.866s][info][gc,ergo       ] GC(8) Free: 1774M, Max: 512K regular, 878M humongous, Frag: 51% external, 0% internal; Reserve: 101888K, Max: 512K
[26.866s][info][gc,ergo       ] Free: 1774M, Max: 512K regular, 878M humongous, Frag: 51% external, 0% internal; Reserve: 101888K, Max: 512K
[26.866s][info][gc,stats      ] 
[26.866s][info][gc,stats      ] All times are wall-clock times, except per-root-class counters, that are sum over
[26.866s][info][gc,stats      ] all workers. Dividing the <total> over the root stage time estimates parallelism.
[26.866s][info][gc,stats      ] 
[26.866s][info][gc,stats      ] Concurrent Reset                    280 us
[26.866s][info][gc,stats      ] Pause Init Mark (G)                8299 us
[26.866s][info][gc,stats      ] Pause Init Mark (N)                1159 us
[26.866s][info][gc,stats      ]   Accumulate Stats                   10 us
[26.866s][info][gc,stats      ]   Make Parsable                      16 us
[26.866s][info][gc,stats      ]   Update Region States               63 us
[26.866s][info][gc,stats      ]   Scan Roots                       1028 us, parallelism: 0.51x
[26.866s][info][gc,stats      ]     S: <total>                      529 us
[26.866s][info][gc,stats      ]     S: Thread Roots                 301 us, workers (us): 301, 
[26.866s][info][gc,stats      ]     S: Universe Roots                 2 us, workers (us):   2, 
[26.866s][info][gc,stats      ]     S: JNI Handles Roots              1 us, workers (us):   1, 
[26.866s][info][gc,stats      ]     S: Synchronizer Roots             0 us, workers (us):   0, 
[26.866s][info][gc,stats      ]     S: Management Roots               2 us, workers (us):   2, 
[26.866s][info][gc,stats      ]     S: System Dict Roots             36 us, workers (us):  36, 
[26.866s][info][gc,stats      ]     S: CLDG Roots                   188 us, workers (us): 188, 
[26.866s][info][gc,stats      ]     S: JVMTI Roots                    1 us, workers (us):   1, 
[26.866s][info][gc,stats      ]   Resize TLABs                        8 us
[26.866s][info][gc,stats      ] Concurrent Marking                71149 us
[26.866s][info][gc,stats      ] Concurrent Precleaning              918 us
[26.866s][info][gc,stats      ] Pause Final Mark (G)              96122 us
[26.866s][info][gc,stats      ] Pause Final Mark (N)              95984 us
[26.866s][info][gc,stats      ]   Finish Queues                    2668 us
[26.866s][info][gc,stats      ]   Weak References                   824 us
[26.866s][info][gc,stats      ]     Process                         821 us
[26.866s][info][gc,stats      ]   System Purge                      450 us
[26.866s][info][gc,stats      ]     Unload Classes                 2676 us
[26.866s][info][gc,stats      ]     Cleanup                       88254 us, parallelism: 1.00x
[26.866s][info][gc,stats      ]       CU: <total>                 88186 us
[26.866s][info][gc,stats      ]       CU: Code Cache Roots        27556 us, workers (us): 27556, 
[26.866s][info][gc,stats      ]       CU: Code Cache Cleaning      2848 us, workers (us): 2848, 
[26.866s][info][gc,stats      ]       CU: String Table Roots      31614 us, workers (us): 31614, 
[26.866s][info][gc,stats      ]       CU: Resolved Table Roots      276 us, workers (us): 276, 
[26.866s][info][gc,stats      ]       CU: CLDG Roots              25892 us, workers (us): 25892, 
[26.866s][info][gc,stats      ]     Weak Roots                      450 us
[26.866s][info][gc,stats      ]     CLDG                            976 us
[26.866s][info][gc,stats      ]   Update Region States               53 us
[26.866s][info][gc,stats      ]   Retire TLABs                       17 us
[26.866s][info][gc,stats      ]   Choose Collection Set              43 us
[26.866s][info][gc,stats      ]   Rebuild Free Set                   13 us
[26.866s][info][gc,stats      ] Concurrent Cleanup                  132 us
[26.866s][info][gc,stats      ] 
[26.866s][info][gc,stats      ] Allocation pacing accrued:
[26.866s][info][gc,stats      ]       0 of  3601 ms (  0.0%): <total>
[26.866s][info][gc,stats      ]       0 of  3601 ms (  0.0%): <average total>
[26.866s][info][gc,stats      ] 
[26.866s][info][gc,metaspace  ] Metaspace: 120572K->118463K(1157120K)
[26.866s][info][gc,ergo       ] Pacer for Idle. Initial: 40724K, Alloc Tax Rate: 1.0x
[26.866s][info][gc,start      ] Concurrent uncommit
[26.934s][info][gc            ] Concurrent uncommit 112M->112M(116M) 68.069ms
[28.914s][info][gc            ] Trigger: Learning 2 of 5. Free (1390M) is below initial threshold (1391M)
[28.914s][info][gc,ergo       ] Free: 1390M, Max: 512K regular, 878M humongous, Frag: 37% external, 0% internal; Reserve: 101888K, Max: 512K
[28.914s][info][gc,start      ] GC(9) Concurrent reset
[28.914s][info][gc,task       ] GC(9) Using 1 of 1 workers for concurrent reset
[28.914s][info][gc,ergo       ] GC(9) Pacer for Reset. Non-Taxable: 1988M
[28.914s][info][gc            ] GC(9) Concurrent reset 0.309ms
[28.920s][info][gc,start      ] GC(9) Pause Init Mark
[28.920s][info][gc,task       ] GC(9) Using 1 of 1 workers for init marking
[28.923s][info][gc,ergo       ] GC(9) Pacer for Mark. Expected Live: 55719K, Free: 1390M, Non-Taxable: 139M, Alloc Tax Rate: 0.0x
[28.923s][info][gc            ] GC(9) Pause Init Mark 2.622ms
[28.923s][info][gc,start      ] GC(9) Concurrent marking
[28.923s][info][gc,task       ] GC(9) Using 1 of 1 workers for concurrent marking
[29.040s][info][gc            ] GC(9) Concurrent marking 117.507ms
[29.040s][info][gc,start      ] GC(9) Pause Final Mark
[29.040s][info][gc,task       ] GC(9) Using 1 of 1 workers for final marking
[29.041s][info][gc,ergo       ] GC(9) Adaptive CSet Selection. Target Free: 281M, Actual Free: 1696M, Max CSet: 84823K, Min Garbage: 0B
[29.041s][info][gc,ergo       ] GC(9) Collectable Garbage: 430M (99%), Immediate: 267M (61%), CSet: 162M (37%)
[29.053s][info][gc,ergo       ] GC(9) Pacer for Evacuation. Used CSet: 172M, Free: 1603M, Non-Taxable: 160M, Alloc Tax Rate: 1.1x
[29.053s][info][gc            ] GC(9) Pause Final Mark 12.522ms
[29.053s][info][gc,start      ] GC(9) Concurrent cleanup
[29.053s][info][gc            ] GC(9) Concurrent cleanup 552M->284M(560M) 0.096ms
[29.053s][info][gc,ergo       ] GC(9) Free: 1603M, Max: 512K regular, 879M humongous, Frag: 46% external, 0% internal; Reserve: 100864K, Max: 512K
[29.053s][info][gc,start      ] GC(9) Concurrent evacuation
[29.053s][info][gc,task       ] GC(9) Using 1 of 1 workers for concurrent evacuation
[29.084s][info][gc            ] GC(9) Concurrent evacuation 31.348ms
[29.087s][info][gc,start      ] GC(9) Pause Init Update Refs
[29.087s][info][gc,ergo       ] GC(9) Pacer for Update Refs. Used: 325M, Free: 1571M, Non-Taxable: 157M, Alloc Tax Rate: 1.1x
[29.087s][info][gc            ] GC(9) Pause Init Update Refs 0.034ms
[29.087s][info][gc,start      ] GC(9) Concurrent update references
[29.087s][info][gc,task       ] GC(9) Using 1 of 1 workers for concurrent reference update
[29.274s][info][gc            ] GC(9) Concurrent update references 186.154ms
[29.274s][info][gc,start      ] GC(9) Pause Final Update Refs
[29.274s][info][gc,task       ] GC(9) Using 1 of 1 workers for final reference update
[29.278s][info][gc            ] GC(9) Pause Final Update Refs 4.104ms
[29.278s][info][gc,start      ] GC(9) Concurrent cleanup
[29.278s][info][gc            ] GC(9) Concurrent cleanup 358M->185M(570M) 0.086ms
[29.278s][info][gc,ergo       ] Free: 1701M, Max: 512K regular, 1334M humongous, Frag: 22% external, 0% internal; Reserve: 101888K, Max: 512K
[29.278s][info][gc,stats      ] 
[29.278s][info][gc,stats      ] All times are wall-clock times, except per-root-class counters, that are sum over
[29.278s][info][gc,stats      ] all workers. Dividing the <total> over the root stage time estimates parallelism.
[29.278s][info][gc,stats      ] 
[29.278s][info][gc,stats      ] Concurrent Reset                    291 us
[29.278s][info][gc,stats      ] Pause Init Mark (G)                8284 us
[29.278s][info][gc,stats      ] Pause Init Mark (N)                2580 us
[29.278s][info][gc,stats      ]   Accumulate Stats                   20 us
[29.278s][info][gc,stats      ]   Make Parsable                      35 us
[29.278s][info][gc,stats      ]   Update Region States               62 us
[29.278s][info][gc,stats      ]   Scan Roots                       2399 us, parallelism: 0.81x
[29.278s][info][gc,stats      ]     S: <total>                     1938 us
[29.278s][info][gc,stats      ]     S: Thread Roots                 694 us, workers (us): 694, 
[29.278s][info][gc,stats      ]     S: Universe Roots                 2 us, workers (us):   2, 
[29.278s][info][gc,stats      ]     S: JNI Handles Roots              1 us, workers (us):   1, 
[29.278s][info][gc,stats      ]     S: Synchronizer Roots             0 us, workers (us):   0, 
[29.278s][info][gc,stats      ]     S: Management Roots               1 us, workers (us):   1, 
[29.278s][info][gc,stats      ]     S: System Dict Roots             16 us, workers (us):  16, 
[29.278s][info][gc,stats      ]     S: CLDG Roots                  1223 us, workers (us): 1223, 
[29.278s][info][gc,stats      ]     S: JVMTI Roots                    0 us, workers (us):   0, 
[29.278s][info][gc,stats      ]   Resize TLABs                       17 us
[29.278s][info][gc,stats      ] Concurrent Marking               117499 us
[29.278s][info][gc,stats      ] Pause Final Mark (G)              12675 us
[29.278s][info][gc,stats      ] Pause Final Mark (N)              12515 us
[29.278s][info][gc,stats      ]   Finish Queues                      16 us
[29.278s][info][gc,stats      ]   System Purge                      502 us
[29.278s][info][gc,stats      ]     Weak Roots                      502 us
[29.278s][info][gc,stats      ]   Update Region States               43 us
[29.278s][info][gc,stats      ]   Retire TLABs                       22 us
[29.278s][info][gc,stats      ]   Choose Collection Set              76 us
[29.278s][info][gc,stats      ]   Rebuild Free Set                   14 us
[29.278s][info][gc,stats      ]   Initial Evacuation              11834 us, parallelism: 0.82x
[29.278s][info][gc,stats      ]     E: <total>                     9756 us
[29.278s][info][gc,stats      ]     E: Thread Roots                 651 us, workers (us): 651, 
[29.278s][info][gc,stats      ]     E: Code Cache Roots            7460 us, workers (us): 7460, 
[29.278s][info][gc,stats      ]     E: Universe Roots                 1 us, workers (us):   1, 
[29.278s][info][gc,stats      ]     E: JNI Handles Roots              1 us, workers (us):   1, 
[29.278s][info][gc,stats      ]     E: Synchronizer Roots             0 us, workers (us):   0, 
[29.278s][info][gc,stats      ]     E: Management Roots               1 us, workers (us):   1, 
[29.278s][info][gc,stats      ]     E: System Dict Roots             47 us, workers (us):  47, 
[29.278s][info][gc,stats      ]     E: CLDG Roots                  1595 us, workers (us): 1595, 
[29.278s][info][gc,stats      ]     E: JVMTI Roots                    1 us, workers (us):   1, 
[29.278s][info][gc,stats      ] Concurrent Cleanup                   89 us
[29.278s][info][gc,stats      ] Concurrent Evacuation             31338 us
[29.278s][info][gc,stats      ] Pause Init  Update Refs (G)        3022 us
[29.278s][info][gc,stats      ] Pause Init  Update Refs (N)          15 us
[29.278s][info][gc,stats      ]   Retire GCLABs                       8 us
[29.278s][info][gc,stats      ] Concurrent Update Refs           186143 us
[29.278s][info][gc,stats      ] Pause Final Update Refs (G)        4418 us
[29.278s][info][gc,stats      ] Pause Final Update Refs (N)        4090 us
[29.278s][info][gc,stats      ]   Update Roots                     4017 us, parallelism: 0.14x
[29.278s][info][gc,stats      ]     UR: <total>                     557 us
[29.278s][info][gc,stats      ]     UR: Thread Roots                557 us, workers (us): 557, 
[29.278s][info][gc,stats      ]   Update Region States               47 us
[29.278s][info][gc,stats      ]   Trash Collection Set                4 us
[29.278s][info][gc,stats      ]   Rebuild Free Set                   15 us
[29.278s][info][gc,stats      ] Concurrent Cleanup                   79 us
[29.278s][info][gc,stats      ] 
[29.278s][info][gc,stats      ] Allocation pacing accrued:
[29.278s][info][gc,stats      ]       0 of  2413 ms (  0.0%): <total>
[29.278s][info][gc,stats      ]       0 of  2413 ms (  0.0%): <average total>
[29.278s][info][gc,stats      ] 
[29.278s][info][gc,metaspace  ] Metaspace: 120041K->120128K(1157120K)
[29.278s][info][gc,ergo       ] Pacer for Idle. Initial: 40724K, Alloc Tax Rate: 1.0x
[30.195s][info][gc            ] Trigger: Learning 3 of 5. Free (1390M) is below initial threshold (1391M)
[30.195s][info][gc,ergo       ] Free: 1391M, Max: 512K regular, 1334M humongous, Frag: 5% external, 0% internal; Reserve: 101888K, Max: 512K
[30.195s][info][gc,start      ] GC(10) Concurrent reset
[30.195s][info][gc,task       ] GC(10) Using 1 of 1 workers for concurrent reset
[30.195s][info][gc,ergo       ] GC(10) Pacer for Reset. Non-Taxable: 1988M
[30.196s][info][gc            ] GC(10) Concurrent reset 0.456ms
[30.199s][info][gc,start      ] GC(10) Pause Init Mark (process weakrefs)
[30.199s][info][gc,task       ] GC(10) Using 1 of 1 workers for init marking
[30.201s][info][gc,ergo       ] GC(10) Pacer for Mark. Expected Live: 58641K, Free: 1391M, Non-Taxable: 139M, Alloc Tax Rate: 0.1x
[30.201s][info][gc            ] GC(10) Pause Init Mark (process weakrefs) 2.293ms
[30.201s][info][gc,start      ] GC(10) Concurrent marking (process weakrefs)
[30.201s][info][gc,task       ] GC(10) Using 1 of 1 workers for concurrent marking
[30.310s][info][gc            ] GC(10) Concurrent marking (process weakrefs) 108.631ms
[30.310s][info][gc,start      ] GC(10) Concurrent precleaning
[30.310s][info][gc,task       ] GC(10) Using 1 of 1 workers for concurrent preclean
[30.310s][info][gc,ergo       ] GC(10) Pacer for Precleaning. Non-Taxable: 1988M
[30.322s][info][gc            ] GC(10) Concurrent precleaning 12.248ms
[30.329s][info][gc,start      ] GC(10) Pause Final Mark (process weakrefs)
[30.330s][info][gc,task       ] GC(10) Using 1 of 1 workers for final marking
[30.330s][info][gc,ergo       ] GC(10) Adaptive CSet Selection. Target Free: 281M, Actual Free: 1853M, Max CSet: 84823K, Min Garbage: 0B
[30.330s][info][gc,ergo       ] GC(10) Collectable Garbage: 434M (99%), Immediate: 395M (90%), CSet: 40388K (9%)
[30.333s][info][gc,ergo       ] GC(10) Pacer for Evacuation. Used CSet: 43520K, Free: 1754M, Non-Taxable: 175M, Alloc Tax Rate: 1.1x
[30.333s][info][gc            ] GC(10) Pause Final Mark (process weakrefs) 3.829ms
[30.345s][info][gc,start      ] GC(10) Concurrent cleanup
[30.345s][info][gc            ] GC(10) Concurrent cleanup 529M->140M(589M) 0.136ms
[30.345s][info][gc,ergo       ] GC(10) Free: 1747M, Max: 512K regular, 1334M humongous, Frag: 24% external, 0% internal; Reserve: 100864K, Max: 512K
[30.345s][info][gc,start      ] GC(10) Concurrent evacuation
[30.345s][info][gc,task       ] GC(10) Using 1 of 1 workers for concurrent evacuation
[30.348s][info][gc            ] GC(10) Concurrent evacuation 3.106ms
[30.354s][info][gc,start      ] GC(10) Pause Init Update Refs
[30.354s][info][gc,ergo       ] GC(10) Pacer for Update Refs. Used: 144M, Free: 1747M, Non-Taxable: 174M, Alloc Tax Rate: 1.1x
[30.354s][info][gc            ] GC(10) Pause Init Update Refs 0.043ms
[30.354s][info][gc,start      ] GC(10) Concurrent update references
[30.354s][info][gc,task       ] GC(10) Using 1 of 1 workers for concurrent reference update
[30.488s][info][gc            ] GC(10) Concurrent update references 133.747ms
[30.496s][info][gc,start      ] GC(10) Pause Final Update Refs
[30.496s][info][gc,task       ] GC(10) Using 1 of 1 workers for final reference update
[30.497s][info][gc            ] GC(10) Pause Final Update Refs 0.790ms
[30.497s][info][gc,start      ] GC(10) Concurrent cleanup
[30.497s][info][gc            ] GC(10) Concurrent cleanup 190M->147M(589M) 0.075ms
[30.497s][info][gc,ergo       ] Free: 1739M, Max: 512K regular, 1333M humongous, Frag: 24% external, 0% internal; Reserve: 101888K, Max: 512K
[30.497s][info][gc,stats      ] 
[30.497s][info][gc,stats      ] All times are wall-clock times, except per-root-class counters, that are sum over
[30.497s][info][gc,stats      ] all workers. Dividing the <total> over the root stage time estimates parallelism.
[30.497s][info][gc,stats      ] 
[30.497s][info][gc,stats      ] Concurrent Reset                    445 us
[30.497s][info][gc,stats      ] Pause Init Mark (G)                5343 us
[30.497s][info][gc,stats      ] Pause Init Mark (N)                2268 us
[30.497s][info][gc,stats      ]   Accumulate Stats                   19 us
[30.497s][info][gc,stats      ]   Make Parsable                      14 us
[30.497s][info][gc,stats      ]   Update Region States               44 us
[30.497s][info][gc,stats      ]   Scan Roots                       2135 us, parallelism: 0.78x
[30.497s][info][gc,stats      ]     S: <total>                     1659 us
[30.497s][info][gc,stats      ]     S: Thread Roots                 558 us, workers (us): 558, 
[30.497s][info][gc,stats      ]     S: Universe Roots                 2 us, workers (us):   2, 
[30.497s][info][gc,stats      ]     S: JNI Handles Roots              1 us, workers (us):   1, 
[30.497s][info][gc,stats      ]     S: Synchronizer Roots             0 us, workers (us):   0, 
[30.497s][info][gc,stats      ]     S: Management Roots               1 us, workers (us):   1, 
[30.497s][info][gc,stats      ]     S: System Dict Roots             27 us, workers (us):  27, 
[30.497s][info][gc,stats      ]     S: CLDG Roots                  1070 us, workers (us): 1070, 
[30.497s][info][gc,stats      ]     S: JVMTI Roots                    0 us, workers (us):   0, 
[30.497s][info][gc,stats      ]   Resize TLABs                       17 us
[30.497s][info][gc,stats      ] Concurrent Marking               108623 us
[30.497s][info][gc,stats      ] Concurrent Precleaning            12236 us
[30.497s][info][gc,stats      ] Pause Final Mark (G)              22626 us
[30.497s][info][gc,stats      ] Pause Final Mark (N)               3794 us
[30.497s][info][gc,stats      ]   Finish Queues                      27 us
[30.497s][info][gc,stats      ]   Weak References                   119 us
[30.497s][info][gc,stats      ]     Process                         117 us
[30.497s][info][gc,stats      ]   System Purge                      465 us
[30.497s][info][gc,stats      ]     Weak Roots                      465 us
[30.497s][info][gc,stats      ]   Update Region States               44 us
[30.497s][info][gc,stats      ]   Retire TLABs                       22 us
[30.497s][info][gc,stats      ]   Choose Collection Set              44 us
[30.497s][info][gc,stats      ]   Rebuild Free Set                   14 us
[30.497s][info][gc,stats      ]   Initial Evacuation               3052 us, parallelism: 0.64x
[30.497s][info][gc,stats      ]     E: <total>                     1952 us
[30.497s][info][gc,stats      ]     E: Thread Roots                 538 us, workers (us): 538, 
[30.497s][info][gc,stats      ]     E: Code Cache Roots             350 us, workers (us): 350, 
[30.497s][info][gc,stats      ]     E: Universe Roots                 1 us, workers (us):   1, 
[30.497s][info][gc,stats      ]     E: JNI Handles Roots              1 us, workers (us):   1, 
[30.497s][info][gc,stats      ]     E: Synchronizer Roots             0 us, workers (us):   0, 
[30.497s][info][gc,stats      ]     E: Management Roots               2 us, workers (us):   2, 
[30.497s][info][gc,stats      ]     E: System Dict Roots             18 us, workers (us):  18, 
[30.497s][info][gc,stats      ]     E: CLDG Roots                  1041 us, workers (us): 1041, 
[30.497s][info][gc,stats      ]     E: JVMTI Roots                    0 us, workers (us):   0, 
[30.497s][info][gc,stats      ] Concurrent Cleanup                   98 us
[30.497s][info][gc,stats      ] Concurrent Evacuation              3096 us
[30.497s][info][gc,stats      ] Pause Init  Update Refs (G)        5885 us
[30.497s][info][gc,stats      ] Pause Init  Update Refs (N)          17 us
[30.497s][info][gc,stats      ]   Retire GCLABs                      10 us
[30.497s][info][gc,stats      ] Concurrent Update Refs           133739 us
[30.497s][info][gc,stats      ] Pause Final Update Refs (G)        9492 us
[30.497s][info][gc,stats      ] Pause Final Update Refs (N)         752 us
[30.497s][info][gc,stats      ]   Update Roots                      611 us, parallelism: 0.98x
[30.497s][info][gc,stats      ]     UR: <total>                     601 us
[30.497s][info][gc,stats      ]     UR: Thread Roots                601 us, workers (us): 601, 
[30.497s][info][gc,stats      ]   Update Region States              114 us
[30.497s][info][gc,stats      ]   Trash Collection Set                3 us
[30.497s][info][gc,stats      ]   Rebuild Free Set                   15 us
[30.497s][info][gc,stats      ] Concurrent Cleanup                   68 us
[30.497s][info][gc,stats      ] 
[30.497s][info][gc,stats      ] Allocation pacing accrued:
[30.497s][info][gc,stats      ]       0 of  1219 ms (  0.0%): <total>
[30.497s][info][gc,stats      ]       0 of  1219 ms (  0.0%): <average total>
[30.497s][info][gc,stats      ] 
[30.497s][info][gc,metaspace  ] Metaspace: 120139K->120162K(1157120K)
[30.497s][info][gc,ergo       ] Pacer for Idle. Initial: 40724K, Alloc Tax Rate: 1.0x
[31.068s][info][gc            ] Trigger: Learning 4 of 5. Free (1391M) is below initial threshold (1391M)
[31.068s][info][gc,ergo       ] Free: 1392M, Max: 512K regular, 1333M humongous, Frag: 5% external, 0% internal; Reserve: 101888K, Max: 512K
[31.068s][info][gc,start      ] GC(11) Concurrent reset
[31.068s][info][gc,task       ] GC(11) Using 1 of 1 workers for concurrent reset
[31.068s][info][gc,ergo       ] GC(11) Pacer for Reset. Non-Taxable: 1988M
[31.068s][info][gc            ] GC(11) Concurrent reset 0.235ms
[31.068s][info][gc,start      ] GC(11) Pause Init Mark
[31.068s][info][gc,task       ] GC(11) Using 1 of 1 workers for init marking
[31.071s][info][gc,ergo       ] GC(11) Pacer for Mark. Expected Live: 58694K, Free: 1392M, Non-Taxable: 139M, Alloc Tax Rate: 0.1x
[31.071s][info][gc            ] GC(11) Pause Init Mark 2.620ms
[31.071s][info][gc,start      ] GC(11) Concurrent marking
[31.071s][info][gc,task       ] GC(11) Using 1 of 1 workers for concurrent marking
[31.206s][info][gc            ] GC(11) Concurrent marking 134.903ms
[31.206s][info][gc,start      ] GC(11) Pause Final Mark
[31.206s][info][gc,task       ] GC(11) Using 1 of 1 workers for final marking
[31.207s][info][gc,ergo       ] GC(11) Collectable Garbage: 401M (92%), Immediate: 401M (92%), CSet: 0B (0%)
[31.207s][info][gc            ] GC(11) Pause Final Mark 0.629ms
[31.207s][info][gc,start      ] GC(11) Concurrent cleanup
[31.207s][info][gc            ] GC(11) Concurrent cleanup 514M->112M(589M) 0.100ms
[31.207s][info][gc,ergo       ] GC(11) Free: 1774M, Max: 512K regular, 1334M humongous, Frag: 25% external, 0% internal; Reserve: 101888K, Max: 512K
[31.207s][info][gc,ergo       ] Free: 1774M, Max: 512K regular, 1334M humongous, Frag: 25% external, 0% internal; Reserve: 101888K, Max: 512K
[31.207s][info][gc,stats      ] 
[31.207s][info][gc,stats      ] All times are wall-clock times, except per-root-class counters, that are sum over
[31.207s][info][gc,stats      ] all workers. Dividing the <total> over the root stage time estimates parallelism.
[31.207s][info][gc,stats      ] 
[31.207s][info][gc,stats      ] Concurrent Reset                    228 us
[31.207s][info][gc,stats      ] Pause Init Mark (G)                3015 us
[31.207s][info][gc,stats      ] Pause Init Mark (N)                2609 us
[31.207s][info][gc,stats      ]   Accumulate Stats                   23 us
[31.207s][info][gc,stats      ]   Make Parsable                      24 us
[31.207s][info][gc,stats      ]   Update Region States               35 us
[31.207s][info][gc,stats      ]   Scan Roots                       2472 us, parallelism: 0.78x
[31.207s][info][gc,stats      ]     S: <total>                     1936 us
[31.207s][info][gc,stats      ]     S: Thread Roots                 837 us, workers (us): 837, 
[31.207s][info][gc,stats      ]     S: Universe Roots                 2 us, workers (us):   2, 
[31.207s][info][gc,stats      ]     S: JNI Handles Roots              2 us, workers (us):   2, 
[31.207s][info][gc,stats      ]     S: Synchronizer Roots             0 us, workers (us):   0, 
[31.207s][info][gc,stats      ]     S: Management Roots               1 us, workers (us):   1, 
[31.207s][info][gc,stats      ]     S: System Dict Roots             16 us, workers (us):  16, 
[31.207s][info][gc,stats      ]     S: CLDG Roots                  1078 us, workers (us): 1078, 
[31.207s][info][gc,stats      ]     S: JVMTI Roots                    0 us, workers (us):   0, 
[31.207s][info][gc,stats      ]   Resize TLABs                       19 us
[31.207s][info][gc,stats      ] Concurrent Marking               134895 us
[31.207s][info][gc,stats      ] Pause Final Mark (G)                783 us
[31.207s][info][gc,stats      ] Pause Final Mark (N)                621 us
[31.207s][info][gc,stats      ]   Finish Queues                      14 us
[31.207s][info][gc,stats      ]   System Purge                      478 us
[31.207s][info][gc,stats      ]     Weak Roots                      477 us
[31.207s][info][gc,stats      ]   Update Region States               50 us
[31.207s][info][gc,stats      ]   Retire TLABs                       26 us
[31.207s][info][gc,stats      ]   Choose Collection Set              33 us
[31.207s][info][gc,stats      ]   Rebuild Free Set                   15 us
[31.207s][info][gc,stats      ] Concurrent Cleanup                   95 us
[31.207s][info][gc,stats      ] 
[31.207s][info][gc,stats      ] Allocation pacing accrued:
[31.207s][info][gc,stats      ]       0 of   710 ms (  0.0%): <total>
[31.207s][info][gc,stats      ]       0 of   710 ms (  0.0%): <average total>
[31.207s][info][gc,stats      ] 
[31.207s][info][gc,metaspace  ] Metaspace: 120277K->120320K(1157120K)
[31.207s][info][gc,ergo       ] Pacer for Idle. Initial: 40724K, Alloc Tax Rate: 1.0x
[32.054s][info][gc            ] Trigger: Explicit GC request (System.gc())
[32.054s][info][gc,ergo       ] Free: 1414M, Max: 512K regular, 1334M humongous, Frag: 6% external, 0% internal; Reserve: 101888K, Max: 512K
[32.054s][info][gc,start      ] GC(12) Concurrent reset
[32.054s][info][gc,task       ] GC(12) Using 1 of 1 workers for concurrent reset
[32.054s][info][gc,ergo       ] GC(12) Pacer for Reset. Non-Taxable: 1988M
[32.055s][info][gc            ] GC(12) Concurrent reset 0.204ms
[32.075s][info][gc,start      ] GC(12) Pause Init Mark (process weakrefs) (unload classes)
[32.076s][info][gc,task       ] GC(12) Using 1 of 1 workers for init marking
[32.081s][info][gc,ergo       ] GC(12) Pacer for Mark. Expected Live: 58607K, Free: 1411M, Non-Taxable: 141M, Alloc Tax Rate: 0.0x
[32.081s][info][gc            ] GC(12) Pause Init Mark (process weakrefs) (unload classes) 5.866ms
[32.081s][info][gc,start      ] GC(12) Concurrent marking (process weakrefs) (unload classes)
[32.081s][info][gc,task       ] GC(12) Using 1 of 1 workers for concurrent marking
[32.145s][info][gc            ] GC(12) Concurrent marking (process weakrefs) (unload classes) 63.799ms
[32.145s][info][gc,start      ] GC(12) Concurrent precleaning
[32.145s][info][gc,task       ] GC(12) Using 1 of 1 workers for concurrent preclean
[32.145s][info][gc,ergo       ] GC(12) Pacer for Precleaning. Non-Taxable: 1988M
[32.146s][info][gc            ] GC(12) Concurrent precleaning 0.521ms
[32.146s][info][gc,start      ] GC(12) Pause Final Mark (process weakrefs) (unload classes)
[32.146s][info][gc,task       ] GC(12) Using 1 of 1 workers for final marking
[32.203s][info][gc,stringtable] GC(12) Cleaned string and symbol table, strings: 29484 processed, 0 removed, symbols: 240407 processed, 654 removed
[32.203s][info][gc,ergo       ] GC(12) Adaptive CSet Selection. Target Free: 281M, Actual Free: 1864M, Max CSet: 84823K, Min Garbage: 0B
[32.203s][info][gc,ergo       ] GC(12) Collectable Garbage: 415M (99%), Immediate: 357M (85%), CSet: 60082K (14%)
[32.208s][info][gc,ergo       ] GC(12) Pacer for Evacuation. Used CSet: 61938K, Free: 1768M, Non-Taxable: 176M, Alloc Tax Rate: 1.1x
[32.208s][info][gc            ] GC(12) Pause Final Mark (process weakrefs) (unload classes) 61.790ms
[32.212s][info][gc,start      ] GC(12) Concurrent cleanup
[32.213s][info][gc            ] GC(12) Concurrent cleanup 476M->119M(589M) 0.131ms
[32.213s][info][gc,ergo       ] GC(12) Free: 1768M, Max: 512K regular, 1334M humongous, Frag: 25% external, 0% internal; Reserve: 101376K, Max: 512K
[32.213s][info][gc,start      ] GC(12) Concurrent evacuation
[32.213s][info][gc,task       ] GC(12) Using 1 of 1 workers for concurrent evacuation
[32.215s][info][gc            ] GC(12) Concurrent evacuation 2.810ms
[32.218s][info][gc,start      ] GC(12) Pause Init Update Refs
[32.218s][info][gc,ergo       ] GC(12) Pacer for Update Refs. Used: 121M, Free: 1767M, Non-Taxable: 176M, Alloc Tax Rate: 1.1x
[32.218s][info][gc            ] GC(12) Pause Init Update Refs 0.032ms
[32.218s][info][gc,start      ] GC(12) Concurrent update references
[32.218s][info][gc,task       ] GC(12) Using 1 of 1 workers for concurrent reference update
[32.264s][info][gc            ] GC(12) Concurrent update references 46.523ms
[32.267s][info][gc,start      ] GC(12) Pause Final Update Refs
[32.267s][info][gc,task       ] GC(12) Using 1 of 1 workers for final reference update
[32.267s][info][gc            ] GC(12) Pause Final Update Refs 0.618ms
[32.267s][info][gc,start      ] GC(12) Concurrent cleanup
[32.268s][info][gc            ] GC(12) Concurrent cleanup 131M->71M(589M) 0.075ms
[32.268s][info][gc,ergo       ] Free: 1816M, Max: 512K regular, 1338M humongous, Frag: 27% external, 0% internal; Reserve: 101888K, Max: 512K
[32.268s][info][gc,stats      ] 
[32.268s][info][gc,stats      ] All times are wall-clock times, except per-root-class counters, that are sum over
[32.268s][info][gc,stats      ] all workers. Dividing the <total> over the root stage time estimates parallelism.
[32.268s][info][gc,stats      ] 
[32.268s][info][gc,stats      ] Concurrent Reset                    194 us
[32.268s][info][gc,stats      ] Pause Init Mark (G)               26913 us
[32.268s][info][gc,stats      ] Pause Init Mark (N)                5832 us
[32.268s][info][gc,stats      ]   Accumulate Stats                   22 us
[32.268s][info][gc,stats      ]   Make Parsable                      21 us
[32.268s][info][gc,stats      ]   Update Region States               58 us
[32.268s][info][gc,stats      ]   Scan Roots                       5646 us, parallelism: 0.92x
[32.268s][info][gc,stats      ]     S: <total>                     5192 us
[32.268s][info][gc,stats      ]     S: Thread Roots                5037 us, workers (us): 5037, 
[32.268s][info][gc,stats      ]     S: Universe Roots                 2 us, workers (us):   2, 
[32.268s][info][gc,stats      ]     S: JNI Handles Roots              1 us, workers (us):   1, 
[32.268s][info][gc,stats      ]     S: Synchronizer Roots             0 us, workers (us):   0, 
[32.268s][info][gc,stats      ]     S: Management Roots               1 us, workers (us):   1, 
[32.268s][info][gc,stats      ]     S: System Dict Roots             14 us, workers (us):  14, 
[32.268s][info][gc,stats      ]     S: CLDG Roots                   135 us, workers (us): 135, 
[32.268s][info][gc,stats      ]     S: JVMTI Roots                    0 us, workers (us):   0, 
[32.268s][info][gc,stats      ]   Resize TLABs                       39 us
[32.268s][info][gc,stats      ] Concurrent Marking                63788 us
[32.268s][info][gc,stats      ] Concurrent Precleaning              515 us
[32.268s][info][gc,stats      ] Pause Final Mark (G)              66647 us
[32.268s][info][gc,stats      ] Pause Final Mark (N)              61782 us
[32.268s][info][gc,stats      ]   Finish Queues                     151 us
[32.268s][info][gc,stats      ]   Weak References                   135 us
[32.268s][info][gc,stats      ]     Process                         133 us
[32.268s][info][gc,stats      ]   System Purge                      454 us
[32.268s][info][gc,stats      ]     Unload Classes                 2213 us
[32.268s][info][gc,stats      ]     Cleanup                       53731 us, parallelism: 1.00x
[32.268s][info][gc,stats      ]       CU: <total>                 53608 us
[32.268s][info][gc,stats      ]       CU: Code Cache Roots        24750 us, workers (us): 24750, 
[32.268s][info][gc,stats      ]       CU: Code Cache Cleaning      2985 us, workers (us): 2985, 
[32.268s][info][gc,stats      ]       CU: String Table Roots      15207 us, workers (us): 15207, 
[32.268s][info][gc,stats      ]       CU: Resolved Table Roots      274 us, workers (us): 274, 
[32.268s][info][gc,stats      ]       CU: CLDG Roots              10392 us, workers (us): 10392, 
[32.268s][info][gc,stats      ]     Weak Roots                      454 us
[32.268s][info][gc,stats      ]     CLDG                            570 us
[32.268s][info][gc,stats      ]   Update Region States               47 us
[32.268s][info][gc,stats      ]   Retire TLABs                       42 us
[32.268s][info][gc,stats      ]   Choose Collection Set              62 us
[32.268s][info][gc,stats      ]   Rebuild Free Set                   16 us
[32.268s][info][gc,stats      ]   Initial Evacuation               4353 us, parallelism: 0.67x
[32.268s][info][gc,stats      ]     E: <total>                     2931 us
[32.268s][info][gc,stats      ]     E: Thread Roots                 607 us, workers (us): 607, 
[32.268s][info][gc,stats      ]     E: Code Cache Roots            1302 us, workers (us): 1302, 
[32.268s][info][gc,stats      ]     E: Universe Roots                 3 us, workers (us):   3, 
[32.268s][info][gc,stats      ]     E: JNI Handles Roots              1 us, workers (us):   1, 
[32.268s][info][gc,stats      ]     E: Synchronizer Roots             0 us, workers (us):   0, 
[32.268s][info][gc,stats      ]     E: Management Roots               1 us, workers (us):   1, 
[32.268s][info][gc,stats      ]     E: System Dict Roots             16 us, workers (us):  16, 
[32.268s][info][gc,stats      ]     E: CLDG Roots                   999 us, workers (us): 999, 
[32.268s][info][gc,stats      ]     E: JVMTI Roots                    1 us, workers (us):   1, 
[32.268s][info][gc,stats      ] Concurrent Cleanup                   97 us
[32.268s][info][gc,stats      ] Concurrent Evacuation              2802 us
[32.268s][info][gc,stats      ] Pause Init  Update Refs (G)        2451 us
[32.268s][info][gc,stats      ] Pause Init  Update Refs (N)          18 us
[32.268s][info][gc,stats      ]   Retire GCLABs                      11 us
[32.268s][info][gc,stats      ] Concurrent Update Refs            46517 us
[32.268s][info][gc,stats      ] Pause Final Update Refs (G)        2946 us
[32.268s][info][gc,stats      ] Pause Final Update Refs (N)         608 us
[32.268s][info][gc,stats      ]   Update Roots                      541 us, parallelism: 0.99x
[32.268s][info][gc,stats      ]     UR: <total>                     534 us
[32.268s][info][gc,stats      ]     UR: Thread Roots                534 us, workers (us): 534, 
[32.268s][info][gc,stats      ]   Update Region States               42 us
[32.268s][info][gc,stats      ]   Trash Collection Set                3 us
[32.268s][info][gc,stats      ]   Rebuild Free Set                   14 us
[32.268s][info][gc,stats      ] Concurrent Cleanup                   70 us
[32.268s][info][gc,stats      ] 
[32.268s][info][gc,stats      ] Allocation pacing accrued:
[32.268s][info][gc,stats      ]       0 of  1061 ms (  0.0%): <total>
[32.268s][info][gc,stats      ]       0 of  1061 ms (  0.0%): <average total>
[32.268s][info][gc,stats      ] 
[32.268s][info][gc,metaspace  ] Metaspace: 120426K->119206K(1157120K)
[32.268s][info][gc,ergo       ] Pacer for Idle. Initial: 40724K, Alloc Tax Rate: 1.0x
[32.268s][info][gc,start      ] Concurrent uncommit
[32.309s][info][gc            ] Concurrent uncommit 71M->71M(73M) 40.798ms
[33.871s][info][gc            ] Trigger: Learning 2 of 5. Free (1390M) is below initial threshold (1391M)
[33.871s][info][gc,ergo       ] Free: 1391M, Max: 512K regular, 1338M humongous, Frag: 4% external, 0% internal; Reserve: 101888K, Max: 512K
[33.871s][info][gc,start      ] GC(13) Concurrent reset
[33.871s][info][gc,task       ] GC(13) Using 1 of 1 workers for concurrent reset
[33.871s][info][gc,ergo       ] GC(13) Pacer for Reset. Non-Taxable: 1988M
[33.871s][info][gc            ] GC(13) Concurrent reset 0.377ms
[33.874s][info][gc,start      ] GC(13) Pause Init Mark
[33.874s][info][gc,task       ] GC(13) Using 1 of 1 workers for init marking
[33.876s][info][gc,ergo       ] GC(13) Pacer for Mark. Expected Live: 57512K, Free: 1391M, Non-Taxable: 139M, Alloc Tax Rate: 0.0x
[33.876s][info][gc            ] GC(13) Pause Init Mark 2.672ms
[33.876s][info][gc,start      ] GC(13) Concurrent marking
[33.876s][info][gc,task       ] GC(13) Using 1 of 1 workers for concurrent marking
[33.979s][info][gc            ] GC(13) Concurrent marking 102.249ms
[33.979s][info][gc,start      ] GC(13) Pause Final Mark
[33.979s][info][gc,task       ] GC(13) Using 1 of 1 workers for final marking
[33.979s][info][gc,ergo       ] GC(13) Adaptive CSet Selection. Target Free: 281M, Actual Free: 1787M, Max CSet: 84823K, Min Garbage: 0B
[33.979s][info][gc,ergo       ] GC(13) Collectable Garbage: 429M (99%), Immediate: 337M (77%), CSet: 94227K (21%)
[33.984s][info][gc,ergo       ] GC(13) Pacer for Evacuation. Used CSet: 99139K, Free: 1694M, Non-Taxable: 169M, Alloc Tax Rate: 1.1x
[33.984s][info][gc            ] GC(13) Pause Final Mark 4.822ms
[33.984s][info][gc,start      ] GC(13) Concurrent cleanup
[33.984s][info][gc            ] GC(13) Concurrent cleanup 530M->193M(538M) 0.101ms
[33.984s][info][gc,ergo       ] GC(13) Free: 1694M, Max: 512K regular, 1338M humongous, Frag: 22% external, 0% internal; Reserve: 101632K, Max: 512K
[33.984s][info][gc,start      ] GC(13) Concurrent evacuation
[33.984s][info][gc,task       ] GC(13) Using 1 of 1 workers for concurrent evacuation
[34.008s][info][gc            ] GC(13) Concurrent evacuation 24.086ms
[34.008s][info][gc,start      ] GC(13) Pause Init Update Refs
[34.008s][info][gc,ergo       ] GC(13) Pacer for Update Refs. Used: 202M, Free: 1689M, Non-Taxable: 168M, Alloc Tax Rate: 1.1x
[34.008s][info][gc            ] GC(13) Pause Init Update Refs 0.027ms
[34.008s][info][gc,start      ] GC(13) Concurrent update references
[34.008s][info][gc,task       ] GC(13) Using 1 of 1 workers for concurrent reference update
[34.127s][info][gc            ] GC(13) Concurrent update references 118.264ms
[34.129s][info][gc,start      ] GC(13) Pause Final Update Refs
[34.129s][info][gc,task       ] GC(13) Using 1 of 1 workers for final reference update
[34.133s][info][gc            ] GC(13) Pause Final Update Refs 4.500ms
[34.136s][info][gc,start      ] GC(13) Concurrent cleanup
[34.136s][info][gc            ] GC(13) Concurrent cleanup 215M->119M(543M) 0.101ms
[34.136s][info][gc,ergo       ] Free: 1767M, Max: 512K regular, 1333M humongous, Frag: 25% external, 0% internal; Reserve: 101888K, Max: 512K
[34.136s][info][gc,stats      ] 
[34.136s][info][gc,stats      ] All times are wall-clock times, except per-root-class counters, that are sum over
[34.136s][info][gc,stats      ] all workers. Dividing the <total> over the root stage time estimates parallelism.
[34.136s][info][gc,stats      ] 
[34.136s][info][gc,stats      ] Concurrent Reset                    359 us
[34.136s][info][gc,stats      ] Pause Init Mark (G)                5051 us
[34.136s][info][gc,stats      ] Pause Init Mark (N)                2657 us
[34.136s][info][gc,stats      ]   Accumulate Stats                   31 us
[34.136s][info][gc,stats      ]   Make Parsable                      32 us
[34.136s][info][gc,stats      ]   Update Region States               36 us
[34.136s][info][gc,stats      ]   Scan Roots                       2500 us, parallelism: 0.81x
[34.136s][info][gc,stats      ]     S: <total>                     2030 us
[34.136s][info][gc,stats      ]     S: Thread Roots                 797 us, workers (us): 797, 
[34.136s][info][gc,stats      ]     S: Universe Roots                 2 us, workers (us):   2, 
[34.136s][info][gc,stats      ]     S: JNI Handles Roots              1 us, workers (us):   1, 
[34.136s][info][gc,stats      ]     S: Synchronizer Roots             0 us, workers (us):   0, 
[34.136s][info][gc,stats      ]     S: Management Roots               1 us, workers (us):   1, 
[34.136s][info][gc,stats      ]     S: System Dict Roots             15 us, workers (us):  15, 
[34.136s][info][gc,stats      ]     S: CLDG Roots                  1214 us, workers (us): 1214, 
[34.136s][info][gc,stats      ]     S: JVMTI Roots                    0 us, workers (us):   0, 
[34.136s][info][gc,stats      ]   Resize TLABs                       23 us
[34.136s][info][gc,stats      ] Concurrent Marking               102242 us
[34.136s][info][gc,stats      ] Pause Final Mark (G)               5038 us
[34.136s][info][gc,stats      ] Pause Final Mark (N)               4813 us
[34.136s][info][gc,stats      ]   Finish Queues                      16 us
[34.136s][info][gc,stats      ]   System Purge                      494 us
[34.136s][info][gc,stats      ]     Weak Roots                      494 us
[34.136s][info][gc,stats      ]   Update Region States               49 us
[34.136s][info][gc,stats      ]   Retire TLABs                       32 us
[34.136s][info][gc,stats      ]   Choose Collection Set              57 us
[34.136s][info][gc,stats      ]   Rebuild Free Set                   13 us
[34.136s][info][gc,stats      ]   Initial Evacuation               4145 us, parallelism: 0.59x
[34.136s][info][gc,stats      ]     E: <total>                     2434 us
[34.136s][info][gc,stats      ]     E: Thread Roots                 734 us, workers (us): 734, 
[34.137s][info][gc,stats      ]     E: Code Cache Roots             446 us, workers (us): 446, 
[34.137s][info][gc,stats      ]     E: Universe Roots                 1 us, workers (us):   1, 
[34.137s][info][gc,stats      ]     E: JNI Handles Roots              1 us, workers (us):   1, 
[34.137s][info][gc,stats      ]     E: Synchronizer Roots             0 us, workers (us):   0, 
[34.137s][info][gc,stats      ]     E: Management Roots               2 us, workers (us):   2, 
[34.137s][info][gc,stats      ]     E: System Dict Roots             14 us, workers (us):  14, 
[34.137s][info][gc,stats      ]     E: CLDG Roots                  1235 us, workers (us): 1235, 
[34.137s][info][gc,stats      ]     E: JVMTI Roots                    0 us, workers (us):   0, 
[34.137s][info][gc,stats      ] Concurrent Cleanup                   94 us
[34.137s][info][gc,stats      ] Concurrent Evacuation             24076 us
[34.137s][info][gc,stats      ] Pause Init  Update Refs (G)         410 us
[34.137s][info][gc,stats      ] Pause Init  Update Refs (N)          19 us
[34.137s][info][gc,stats      ]   Retire GCLABs                      12 us
[34.137s][info][gc,stats      ] Concurrent Update Refs           118253 us
[34.137s][info][gc,stats      ] Pause Final Update Refs (G)        9609 us
[34.137s][info][gc,stats      ] Pause Final Update Refs (N)        4477 us
[34.137s][info][gc,stats      ]   Update Roots                     4404 us, parallelism: 0.16x
[34.137s][info][gc,stats      ]     UR: <total>                     698 us
[34.137s][info][gc,stats      ]     UR: Thread Roots                698 us, workers (us): 698, 
[34.137s][info][gc,stats      ]   Update Region States               50 us
[34.137s][info][gc,stats      ]   Trash Collection Set                3 us
[34.137s][info][gc,stats      ]   Rebuild Free Set                   13 us
[34.137s][info][gc,stats      ] Concurrent Cleanup                   75 us
[34.137s][info][gc,stats      ] 
[34.137s][info][gc,stats      ] Allocation pacing accrued:
[34.137s][info][gc,stats      ]       0 of  1869 ms (  0.0%): <total>
[34.137s][info][gc,stats      ]       0 of  1869 ms (  0.0%): <average total>
[34.137s][info][gc,stats      ] 
[34.137s][info][gc,metaspace  ] Metaspace: 120676K->120767K(1157120K)
[34.137s][info][gc,ergo       ] Pacer for Idle. Initial: 40724K, Alloc Tax Rate: 1.0x
[35.037s][info][gc            ] Trigger: Learning 3 of 5. Free (1391M) is below initial threshold (1391M)
[35.037s][info][gc,ergo       ] Free: 1391M, Max: 512K regular, 1333M humongous, Frag: 5% external, 0% internal; Reserve: 101888K, Max: 512K
[35.037s][info][gc,start      ] GC(14) Concurrent reset
[35.037s][info][gc,task       ] GC(14) Using 1 of 1 workers for concurrent reset
[35.037s][info][gc,ergo       ] GC(14) Pacer for Reset. Non-Taxable: 1988M
[35.037s][info][gc            ] GC(14) Concurrent reset 0.330ms
[35.040s][info][gc,start      ] GC(14) Pause Init Mark
[35.043s][info][gc,task       ] GC(14) Using 1 of 1 workers for init marking
[35.046s][info][gc,ergo       ] GC(14) Pacer for Mark. Expected Live: 58244K, Free: 1391M, Non-Taxable: 139M, Alloc Tax Rate: 0.0x
[35.046s][info][gc            ] GC(14) Pause Init Mark 6.250ms
[35.046s][info][gc,start      ] GC(14) Concurrent marking
[35.046s][info][gc,task       ] GC(14) Using 1 of 1 workers for concurrent marking
[35.181s][info][gc            ] GC(14) Concurrent marking 134.624ms
[35.181s][info][gc,start      ] GC(14) Pause Final Mark
[35.181s][info][gc,task       ] GC(14) Using 1 of 1 workers for final marking
[35.183s][info][gc,ergo       ] GC(14) Adaptive CSet Selection. Target Free: 281M, Actual Free: 1848M, Max CSet: 84823K, Min Garbage: 0B
[35.183s][info][gc,ergo       ] GC(14) Collectable Garbage: 432M (99%), Immediate: 396M (90%), CSet: 36956K (8%)
[35.186s][info][gc,ergo       ] GC(14) Pacer for Evacuation. Used CSet: 39329K, Free: 1749M, Non-Taxable: 174M, Alloc Tax Rate: 1.1x
[35.186s][info][gc            ] GC(14) Pause Final Mark 5.160ms
[35.188s][info][gc,start      ] GC(14) Concurrent cleanup
[35.188s][info][gc            ] GC(14) Concurrent cleanup 534M->137M(543M) 0.118ms
[35.188s][info][gc,ergo       ] GC(14) Free: 1749M, Max: 512K regular, 1333M humongous, Frag: 24% external, 0% internal; Reserve: 101857K, Max: 512K
[35.188s][info][gc,start      ] GC(14) Concurrent evacuation
[35.188s][info][gc,task       ] GC(14) Using 1 of 1 workers for concurrent evacuation
[35.197s][info][gc            ] GC(14) Concurrent evacuation 8.288ms
[35.212s][info][gc,start      ] GC(14) Pause Init Update Refs
[35.212s][info][gc,ergo       ] GC(14) Pacer for Update Refs. Used: 144M, Free: 1745M, Non-Taxable: 174M, Alloc Tax Rate: 1.1x
[35.212s][info][gc            ] GC(14) Pause Init Update Refs 0.072ms
[35.212s][info][gc,start      ] GC(14) Concurrent update references
[35.212s][info][gc,task       ] GC(14) Using 1 of 1 workers for concurrent reference update
[35.330s][info][gc            ] GC(14) Concurrent update references 117.866ms
[35.334s][info][gc,start      ] GC(14) Pause Final Update Refs
[35.334s][info][gc,task       ] GC(14) Using 1 of 1 workers for final reference update
[35.334s][info][gc            ] GC(14) Pause Final Update Refs 0.696ms
[35.334s][info][gc,start      ] GC(14) Concurrent cleanup
[35.334s][info][gc            ] GC(14) Concurrent cleanup 189M->150M(545M) 0.073ms
[35.334s][info][gc,ergo       ] Free: 1736M, Max: 512K regular, 1333M humongous, Frag: 24% external, 0% internal; Reserve: 101888K, Max: 512K
[35.334s][info][gc,stats      ] 
[35.334s][info][gc,stats      ] All times are wall-clock times, except per-root-class counters, that are sum over
[35.334s][info][gc,stats      ] all workers. Dividing the <total> over the root stage time estimates parallelism.
[35.334s][info][gc,stats      ] 
[35.334s][info][gc,stats      ] Concurrent Reset                    319 us
[35.334s][info][gc,stats      ] Pause Init Mark (G)                9201 us
[35.334s][info][gc,stats      ] Pause Init Mark (N)                3605 us
[35.334s][info][gc,stats      ]   Accumulate Stats                   49 us
[35.334s][info][gc,stats      ]   Make Parsable                      23 us
[35.334s][info][gc,stats      ]   Update Region States               74 us
[35.334s][info][gc,stats      ]   Scan Roots                       3379 us, parallelism: 0.66x
[35.334s][info][gc,stats      ]     S: <total>                     2218 us
[35.335s][info][gc,stats      ]     S: Thread Roots                 757 us, workers (us): 757, 
[35.335s][info][gc,stats      ]     S: Universe Roots                 2 us, workers (us):   2, 
[35.335s][info][gc,stats      ]     S: JNI Handles Roots              2 us, workers (us):   2, 
[35.335s][info][gc,stats      ]     S: Synchronizer Roots             0 us, workers (us):   0, 
[35.335s][info][gc,stats      ]     S: Management Roots               2 us, workers (us):   2, 
[35.335s][info][gc,stats      ]     S: System Dict Roots             15 us, workers (us):  15, 
[35.335s][info][gc,stats      ]     S: CLDG Roots                  1440 us, workers (us): 1440, 
[35.335s][info][gc,stats      ]     S: JVMTI Roots                    1 us, workers (us):   1, 
[35.335s][info][gc,stats      ]   Resize TLABs                       28 us
[35.335s][info][gc,stats      ] Concurrent Marking               134616 us
[35.335s][info][gc,stats      ] Pause Final Mark (G)               7086 us
[35.335s][info][gc,stats      ] Pause Final Mark (N)               5151 us
[35.335s][info][gc,stats      ]   Finish Queues                    1019 us
[35.335s][info][gc,stats      ]   System Purge                      453 us
[35.335s][info][gc,stats      ]     Weak Roots                      452 us
[35.335s][info][gc,stats      ]   Update Region States               46 us
[35.335s][info][gc,stats      ]   Retire TLABs                       28 us
[35.335s][info][gc,stats      ]   Choose Collection Set              60 us
[35.335s][info][gc,stats      ]   Rebuild Free Set                   13 us
[35.335s][info][gc,stats      ]   Initial Evacuation               3526 us, parallelism: 0.64x
[35.335s][info][gc,stats      ]     E: <total>                     2244 us
[35.335s][info][gc,stats      ]     E: Thread Roots                 696 us, workers (us): 696, 
[35.335s][info][gc,stats      ]     E: Code Cache Roots             389 us, workers (us): 389, 
[35.335s][info][gc,stats      ]     E: Universe Roots                 1 us, workers (us):   1, 
[35.335s][info][gc,stats      ]     E: JNI Handles Roots              1 us, workers (us):   1, 
[35.335s][info][gc,stats      ]     E: Synchronizer Roots             0 us, workers (us):   0, 
[35.335s][info][gc,stats      ]     E: Management Roots               2 us, workers (us):   2, 
[35.335s][info][gc,stats      ]     E: System Dict Roots             16 us, workers (us):  16, 
[35.335s][info][gc,stats      ]     E: CLDG Roots                  1138 us, workers (us): 1138, 
[35.335s][info][gc,stats      ]     E: JVMTI Roots                    1 us, workers (us):   1, 
[35.335s][info][gc,stats      ] Concurrent Cleanup                   99 us
[35.335s][info][gc,stats      ] Concurrent Evacuation              8278 us
[35.335s][info][gc,stats      ] Pause Init  Update Refs (G)       15782 us
[35.335s][info][gc,stats      ] Pause Init  Update Refs (N)          29 us
[35.335s][info][gc,stats      ]   Retire GCLABs                      15 us
[35.335s][info][gc,stats      ] Concurrent Update Refs           117853 us
[35.335s][info][gc,stats      ] Pause Final Update Refs (G)        4094 us
[35.335s][info][gc,stats      ] Pause Final Update Refs (N)         672 us
[35.335s][info][gc,stats      ]   Update Roots                      607 us, parallelism: 0.99x
[35.335s][info][gc,stats      ]     UR: <total>                     599 us
[35.335s][info][gc,stats      ]     UR: Thread Roots                599 us, workers (us): 599, 
[35.335s][info][gc,stats      ]   Update Region States               43 us
[35.335s][info][gc,stats      ]   Trash Collection Set                2 us
[35.335s][info][gc,stats      ]   Rebuild Free Set                   13 us
[35.335s][info][gc,stats      ] Concurrent Cleanup                   67 us
[35.335s][info][gc,stats      ] 
[35.335s][info][gc,stats      ] Allocation pacing accrued:
[35.335s][info][gc,stats      ]       0 of  1198 ms (  0.0%): <total>
[35.335s][info][gc,stats      ]       0 of  1198 ms (  0.0%): <average total>
[35.335s][info][gc,stats      ] 
[35.335s][info][gc,metaspace  ] Metaspace: 120771K->120771K(1157120K)
[35.335s][info][gc,ergo       ] Pacer for Idle. Initial: 40724K, Alloc Tax Rate: 1.0x
[36.013s][info][gc            ] Trigger: Learning 4 of 5. Free (1391M) is below initial threshold (1391M)
[36.013s][info][gc,ergo       ] Free: 1391M, Max: 512K regular, 1333M humongous, Frag: 5% external, 0% internal; Reserve: 101888K, Max: 512K
[36.013s][info][gc,start      ] GC(15) Concurrent reset
[36.013s][info][gc,task       ] GC(15) Using 1 of 1 workers for concurrent reset
[36.013s][info][gc,ergo       ] GC(15) Pacer for Reset. Non-Taxable: 1988M
[36.013s][info][gc            ] GC(15) Concurrent reset 0.227ms
[36.017s][info][gc,start      ] GC(15) Pause Init Mark (process weakrefs)
[36.017s][info][gc,task       ] GC(15) Using 1 of 1 workers for init marking
[36.020s][info][gc,ergo       ] GC(15) Pacer for Mark. Expected Live: 58405K, Free: 1391M, Non-Taxable: 139M, Alloc Tax Rate: 0.1x
[36.020s][info][gc            ] GC(15) Pause Init Mark (process weakrefs) 2.490ms
[36.020s][info][gc,start      ] GC(15) Concurrent marking (process weakrefs)
[36.020s][info][gc,task       ] GC(15) Using 1 of 1 workers for concurrent marking
[36.146s][info][gc            ] GC(15) Concurrent marking (process weakrefs) 126.606ms
[36.146s][info][gc,start      ] GC(15) Concurrent precleaning
[36.146s][info][gc,task       ] GC(15) Using 1 of 1 workers for concurrent preclean
[36.146s][info][gc,ergo       ] GC(15) Pacer for Precleaning. Non-Taxable: 1988M
[36.147s][info][gc            ] GC(15) Concurrent precleaning 1.020ms
[36.149s][info][gc,start      ] GC(15) Pause Final Mark (process weakrefs)
[36.149s][info][gc,task       ] GC(15) Using 1 of 1 workers for final marking
[36.150s][info][gc,ergo       ] GC(15) Adaptive CSet Selection. Target Free: 281M, Actual Free: 1787M, Max CSet: 84823K, Min Garbage: 0B
[36.150s][info][gc,ergo       ] GC(15) Collectable Garbage: 424M (99%), Immediate: 334M (78%), CSet: 92029K (20%)
[36.157s][info][gc,ergo       ] GC(15) Pacer for Evacuation. Used CSet: 101376K, Free: 1690M, Non-Taxable: 169M, Alloc Tax Rate: 1.1x
[36.157s][info][gc            ] GC(15) Pause Final Mark (process weakrefs) 8.061ms
[36.157s][info][gc,start      ] GC(15) Concurrent cleanup
[36.157s][info][gc            ] GC(15) Concurrent cleanup 531M->196M(545M) 0.100ms
[36.157s][info][gc,ergo       ] GC(15) Free: 1690M, Max: 512K regular, 1333M humongous, Frag: 22% external, 0% internal; Reserve: 101825K, Max: 512K
[36.157s][info][gc,start      ] GC(15) Concurrent evacuation
[36.157s][info][gc,task       ] GC(15) Using 1 of 1 workers for concurrent evacuation
[36.179s][info][gc            ] GC(15) Concurrent evacuation 21.810ms
[36.180s][info][gc,start      ] GC(15) Pause Init Update Refs
[36.180s][info][gc,ergo       ] GC(15) Pacer for Update Refs. Used: 215M, Free: 1681M, Non-Taxable: 168M, Alloc Tax Rate: 1.1x
[36.180s][info][gc            ] GC(15) Pause Init Update Refs 0.062ms
[36.181s][info][gc,start      ] GC(15) Concurrent update references
[36.181s][info][gc,task       ] GC(15) Using 1 of 1 workers for concurrent reference update
[36.314s][info][gc            ] GC(15) Concurrent update references 133.432ms
[36.323s][info][gc,start      ] GC(15) Pause Final Update Refs
[36.323s][info][gc,task       ] GC(15) Using 1 of 1 workers for final reference update
[36.324s][info][gc            ] GC(15) Pause Final Update Refs 0.852ms
[36.324s][info][gc,start      ] GC(15) Concurrent cleanup
[36.324s][info][gc            ] GC(15) Concurrent cleanup 261M->162M(552M) 0.079ms
[36.324s][info][gc,ergo       ] Free: 1724M, Max: 512K regular, 1326M humongous, Frag: 24% external, 0% internal; Reserve: 101888K, Max: 512K
[36.324s][info][gc,stats      ] 
[36.324s][info][gc,stats      ] All times are wall-clock times, except per-root-class counters, that are sum over
[36.324s][info][gc,stats      ] all workers. Dividing the <total> over the root stage time estimates parallelism.
[36.324s][info][gc,stats      ] 
[36.324s][info][gc,stats      ] Concurrent Reset                    216 us
[36.324s][info][gc,stats      ] Pause Init Mark (G)                6474 us
[36.324s][info][gc,stats      ] Pause Init Mark (N)                2466 us
[36.324s][info][gc,stats      ]   Accumulate Stats                   27 us
[36.324s][info][gc,stats      ]   Make Parsable                      19 us
[36.324s][info][gc,stats      ]   Update Region States               46 us
[36.324s][info][gc,stats      ]   Scan Roots                       2309 us, parallelism: 0.80x
[36.324s][info][gc,stats      ]     S: <total>                     1848 us
[36.324s][info][gc,stats      ]     S: Thread Roots                 728 us, workers (us): 728, 
[36.324s][info][gc,stats      ]     S: Universe Roots                 2 us, workers (us):   2, 
[36.324s][info][gc,stats      ]     S: JNI Handles Roots              1 us, workers (us):   1, 
[36.324s][info][gc,stats      ]     S: Synchronizer Roots             0 us, workers (us):   0, 
[36.324s][info][gc,stats      ]     S: Management Roots               2 us, workers (us):   2, 
[36.324s][info][gc,stats      ]     S: System Dict Roots             16 us, workers (us):  16, 
[36.324s][info][gc,stats      ]     S: CLDG Roots                  1099 us, workers (us): 1099, 
[36.324s][info][gc,stats      ]     S: JVMTI Roots                    0 us, workers (us):   0, 
[36.324s][info][gc,stats      ]   Resize TLABs                       22 us
[36.324s][info][gc,stats      ] Concurrent Marking               126599 us
[36.324s][info][gc,stats      ] Concurrent Precleaning             1013 us
[36.324s][info][gc,stats      ] Pause Final Mark (G)               9902 us
[36.324s][info][gc,stats      ] Pause Final Mark (N)               8047 us
[36.324s][info][gc,stats      ]   Finish Queues                      26 us
[36.324s][info][gc,stats      ]   Weak References                    93 us
[36.324s][info][gc,stats      ]     Process                          91 us
[36.324s][info][gc,stats      ]   System Purge                      450 us
[36.324s][info][gc,stats      ]     Weak Roots                      450 us
[36.324s][info][gc,stats      ]   Update Region States               44 us
[36.324s][info][gc,stats      ]   Retire TLABs                       29 us
[36.324s][info][gc,stats      ]   Choose Collection Set              52 us
[36.324s][info][gc,stats      ]   Rebuild Free Set                   14 us
[36.324s][info][gc,stats      ]   Initial Evacuation               7331 us, parallelism: 0.85x
[36.324s][info][gc,stats      ]     E: <total>                     6219 us
[36.324s][info][gc,stats      ]     E: Thread Roots                4676 us, workers (us): 4676, 
[36.324s][info][gc,stats      ]     E: Code Cache Roots             409 us, workers (us): 409, 
[36.324s][info][gc,stats      ]     E: Universe Roots                 1 us, workers (us):   1, 
[36.324s][info][gc,stats      ]     E: JNI Handles Roots              1 us, workers (us):   1, 
[36.324s][info][gc,stats      ]     E: Synchronizer Roots             0 us, workers (us):   0, 
[36.324s][info][gc,stats      ]     E: Management Roots               1 us, workers (us):   1, 
[36.324s][info][gc,stats      ]     E: System Dict Roots             17 us, workers (us):  17, 
[36.324s][info][gc,stats      ]     E: CLDG Roots                  1114 us, workers (us): 1114, 
[36.324s][info][gc,stats      ]     E: JVMTI Roots                    0 us, workers (us):   0, 
[36.324s][info][gc,stats      ] Concurrent Cleanup                   93 us
[36.324s][info][gc,stats      ] Concurrent Evacuation             21803 us
[36.324s][info][gc,stats      ] Pause Init  Update Refs (G)        1543 us
[36.324s][info][gc,stats      ] Pause Init  Update Refs (N)          26 us
[36.324s][info][gc,stats      ]   Retire GCLABs                      18 us
[36.324s][info][gc,stats      ] Concurrent Update Refs           133416 us
[36.324s][info][gc,stats      ] Pause Final Update Refs (G)        9579 us
[36.324s][info][gc,stats      ] Pause Final Update Refs (N)         766 us
[36.324s][info][gc,stats      ]   Update Roots                      688 us, parallelism: 0.98x
[36.324s][info][gc,stats      ]     UR: <total>                     676 us
[36.324s][info][gc,stats      ]     UR: Thread Roots                676 us, workers (us): 676, 
[36.324s][info][gc,stats      ]   Update Region States               49 us
[36.324s][info][gc,stats      ]   Trash Collection Set                3 us
[36.324s][info][gc,stats      ]   Rebuild Free Set                   14 us
[36.324s][info][gc,stats      ] Concurrent Cleanup                   72 us
[36.324s][info][gc,stats      ] 
[36.324s][info][gc,stats      ] Allocation pacing accrued:
[36.324s][info][gc,stats      ]       0 of   989 ms (  0.0%): <total>
[36.324s][info][gc,stats      ]       0 of   989 ms (  0.0%): <average total>
[36.324s][info][gc,stats      ] 
[36.324s][info][gc,metaspace  ] Metaspace: 120882K->120888K(1157120K)
[36.324s][info][gc,ergo       ] Pacer for Idle. Initial: 40724K, Alloc Tax Rate: 1.0x
[36.859s][info][gc            ] Trigger: Explicit GC request (System.gc())
[36.859s][info][gc,ergo       ] Free: 1515M, Max: 512K regular, 1326M humongous, Frag: 13% external, 0% internal; Reserve: 101888K, Max: 512K
[36.859s][info][gc,start      ] GC(16) Concurrent reset
[36.859s][info][gc,task       ] GC(16) Using 1 of 1 workers for concurrent reset
[36.859s][info][gc,ergo       ] GC(16) Pacer for Reset. Non-Taxable: 1988M
[36.859s][info][gc            ] GC(16) Concurrent reset 0.314ms
[36.860s][info][gc,start      ] GC(16) Pause Init Mark (process weakrefs) (unload classes)
[36.860s][info][gc,task       ] GC(16) Using 1 of 1 workers for init marking
[36.861s][info][gc,ergo       ] GC(16) Pacer for Mark. Expected Live: 59963K, Free: 1515M, Non-Taxable: 151M, Alloc Tax Rate: 0.0x
[36.861s][info][gc            ] GC(16) Pause Init Mark (process weakrefs) (unload classes) 1.529ms
[36.861s][info][gc,start      ] GC(16) Concurrent marking (process weakrefs) (unload classes)
[36.861s][info][gc,task       ] GC(16) Using 1 of 1 workers for concurrent marking
[36.933s][info][gc            ] GC(16) Concurrent marking (process weakrefs) (unload classes) 71.616ms
[36.933s][info][gc,start      ] GC(16) Concurrent precleaning
[36.933s][info][gc,task       ] GC(16) Using 1 of 1 workers for concurrent preclean
[36.933s][info][gc,ergo       ] GC(16) Pacer for Precleaning. Non-Taxable: 1988M
[36.941s][info][gc            ] GC(16) Concurrent precleaning 7.679ms
[36.941s][info][gc,start      ] GC(16) Pause Final Mark (process weakrefs) (unload classes)
[36.941s][info][gc,task       ] GC(16) Using 1 of 1 workers for final marking
[36.997s][info][gc,stringtable] GC(16) Cleaned string and symbol table, strings: 29628 processed, 0 removed, symbols: 240403 processed, 648 removed
[36.997s][info][gc,ergo       ] GC(16) Adaptive CSet Selection. Target Free: 281M, Actual Free: 1889M, Max CSet: 84823K, Min Garbage: 0B
[36.997s][info][gc,ergo       ] GC(16) Collectable Garbage: 312M (98%), Immediate: 274M (86%), CSet: 38837K (12%)
[37.001s][info][gc,ergo       ] GC(16) Pacer for Evacuation. Used CSet: 40419K, Free: 1792M, Non-Taxable: 179M, Alloc Tax Rate: 1.1x
[37.001s][info][gc            ] GC(16) Pause Final Mark (process weakrefs) (unload classes) 59.447ms
[37.003s][info][gc,start      ] GC(16) Concurrent cleanup
[37.003s][info][gc            ] GC(16) Concurrent cleanup 370M->95M(552M) 0.118ms
[37.003s][info][gc,ergo       ] GC(16) Free: 1792M, Max: 512K regular, 1332M humongous, Frag: 26% external, 0% internal; Reserve: 101857K, Max: 512K
[37.003s][info][gc,start      ] GC(16) Concurrent evacuation
[37.003s][info][gc,task       ] GC(16) Using 1 of 1 workers for concurrent evacuation
[37.017s][info][gc            ] GC(16) Concurrent evacuation 14.372ms
[37.018s][info][gc,start      ] GC(16) Pause Init Update Refs
[37.018s][info][gc,ergo       ] GC(16) Pacer for Update Refs. Used: 108M, Free: 1780M, Non-Taxable: 178M, Alloc Tax Rate: 1.1x
[37.018s][info][gc            ] GC(16) Pause Init Update Refs 0.030ms
[37.018s][info][gc,start      ] GC(16) Concurrent update references
[37.018s][info][gc,task       ] GC(16) Using 1 of 1 workers for concurrent reference update
[37.057s][info][gc            ] GC(16) Concurrent update references 38.859ms
[37.057s][info][gc,start      ] GC(16) Pause Final Update Refs
[37.057s][info][gc,task       ] GC(16) Using 1 of 1 workers for final reference update
[37.058s][info][gc            ] GC(16) Pause Final Update Refs 0.640ms
[37.058s][info][gc,start      ] GC(16) Concurrent cleanup
[37.058s][info][gc            ] GC(16) Concurrent cleanup 108M->69M(552M) 0.073ms
[37.058s][info][gc,ergo       ] Free: 1818M, Max: 512K regular, 1337M humongous, Frag: 27% external, 0% internal; Reserve: 101888K, Max: 512K
[37.058s][info][gc,stats      ] 
[37.058s][info][gc,stats      ] All times are wall-clock times, except per-root-class counters, that are sum over
[37.058s][info][gc,stats      ] all workers. Dividing the <total> over the root stage time estimates parallelism.
[37.058s][info][gc,stats      ] 
[37.058s][info][gc,stats      ] Concurrent Reset                    306 us
[37.058s][info][gc,stats      ] Pause Init Mark (G)                1922 us
[37.058s][info][gc,stats      ] Pause Init Mark (N)                1519 us
[37.058s][info][gc,stats      ]   Accumulate Stats                   30 us
[37.058s][info][gc,stats      ]   Make Parsable                      36 us
[37.058s][info][gc,stats      ]   Update Region States              104 us
[37.058s][info][gc,stats      ]   Scan Roots                       1303 us, parallelism: 0.64x
[37.058s][info][gc,stats      ]     S: <total>                      836 us
[37.058s][info][gc,stats      ]     S: Thread Roots                 680 us, workers (us): 680, 
[37.058s][info][gc,stats      ]     S: Universe Roots                 2 us, workers (us):   2, 
[37.058s][info][gc,stats      ]     S: JNI Handles Roots              2 us, workers (us):   2, 
[37.058s][info][gc,stats      ]     S: Synchronizer Roots             0 us, workers (us):   0, 
[37.058s][info][gc,stats      ]     S: Management Roots               1 us, workers (us):   1, 
[37.058s][info][gc,stats      ]     S: System Dict Roots             15 us, workers (us):  15, 
[37.058s][info][gc,stats      ]     S: CLDG Roots                   135 us, workers (us): 135, 
[37.058s][info][gc,stats      ]     S: JVMTI Roots                    0 us, workers (us):   0, 
[37.058s][info][gc,stats      ]   Resize TLABs                       17 us
[37.058s][info][gc,stats      ] Concurrent Marking                71609 us
[37.058s][info][gc,stats      ] Concurrent Precleaning             7668 us
[37.058s][info][gc,stats      ] Pause Final Mark (G)              62133 us
[37.058s][info][gc,stats      ] Pause Final Mark (N)              59436 us
[37.058s][info][gc,stats      ]   Finish Queues                     203 us
[37.058s][info][gc,stats      ]   Weak References                   159 us
[37.058s][info][gc,stats      ]     Process                         157 us
[37.058s][info][gc,stats      ]   System Purge                      456 us
[37.058s][info][gc,stats      ]     Unload Classes                 2283 us
[37.058s][info][gc,stats      ]     Cleanup                       52330 us, parallelism: 1.00x
[37.058s][info][gc,stats      ]       CU: <total>                 52257 us
[37.058s][info][gc,stats      ]       CU: Code Cache Roots        22317 us, workers (us): 22317, 
[37.058s][info][gc,stats      ]       CU: Code Cache Cleaning      3254 us, workers (us): 3254, 
[37.058s][info][gc,stats      ]       CU: String Table Roots      15613 us, workers (us): 15613, 
[37.058s][info][gc,stats      ]       CU: Resolved Table Roots      265 us, workers (us): 265, 
[37.058s][info][gc,stats      ]       CU: CLDG Roots              10808 us, workers (us): 10808, 
[37.058s][info][gc,stats      ]     Weak Roots                      456 us
[37.058s][info][gc,stats      ]     CLDG                            591 us
[37.058s][info][gc,stats      ]   Update Region States               46 us
[37.058s][info][gc,stats      ]   Retire TLABs                       46 us
[37.058s][info][gc,stats      ]   Choose Collection Set              47 us
[37.058s][info][gc,stats      ]   Rebuild Free Set                   15 us
[37.058s][info][gc,stats      ]   Initial Evacuation               3249 us, parallelism: 0.65x
[37.058s][info][gc,stats      ]     E: <total>                     2124 us
[37.058s][info][gc,stats      ]     E: Thread Roots                 668 us, workers (us): 668, 
[37.058s][info][gc,stats      ]     E: Code Cache Roots             483 us, workers (us): 483, 
[37.058s][info][gc,stats      ]     E: Universe Roots                 3 us, workers (us):   3, 
[37.058s][info][gc,stats      ]     E: JNI Handles Roots              1 us, workers (us):   1, 
[37.058s][info][gc,stats      ]     E: Synchronizer Roots             0 us, workers (us):   0, 
[37.058s][info][gc,stats      ]     E: Management Roots               1 us, workers (us):   1, 
[37.058s][info][gc,stats      ]     E: System Dict Roots             14 us, workers (us):  14, 
[37.058s][info][gc,stats      ]     E: CLDG Roots                   953 us, workers (us): 953, 
[37.058s][info][gc,stats      ]     E: JVMTI Roots                    1 us, workers (us):   1, 
[37.058s][info][gc,stats      ] Concurrent Cleanup                   89 us
[37.058s][info][gc,stats      ] Concurrent Evacuation             14362 us
[37.058s][info][gc,stats      ] Pause Init  Update Refs (G)         409 us
[37.058s][info][gc,stats      ] Pause Init  Update Refs (N)          21 us
[37.058s][info][gc,stats      ]   Retire GCLABs                      15 us
[37.058s][info][gc,stats      ] Concurrent Update Refs            38851 us
[37.058s][info][gc,stats      ] Pause Final Update Refs (G)        1008 us
[37.058s][info][gc,stats      ] Pause Final Update Refs (N)         632 us
[37.058s][info][gc,stats      ]   Update Roots                      563 us, parallelism: 0.99x
[37.058s][info][gc,stats      ]     UR: <total>                     556 us
[37.058s][info][gc,stats      ]     UR: Thread Roots                556 us, workers (us): 556, 
[37.058s][info][gc,stats      ]   Update Region States               44 us
[37.058s][info][gc,stats      ]   Trash Collection Set                3 us
[37.058s][info][gc,stats      ]   Rebuild Free Set                   15 us
[37.058s][info][gc,stats      ] Concurrent Cleanup                   68 us
[37.058s][info][gc,stats      ] 
[37.058s][info][gc,stats      ] Allocation pacing accrued:
[37.058s][info][gc,stats      ]       0 of   734 ms (  0.0%): <total>
[37.058s][info][gc,stats      ]       0 of   734 ms (  0.0%): <average total>
[37.058s][info][gc,stats      ] 
[37.058s][info][gc,metaspace  ] Metaspace: 120957K->119743K(1157120K)
[37.058s][info][gc,ergo       ] Pacer for Idle. Initial: 40724K, Alloc Tax Rate: 1.0x
[37.058s][info][gc,start      ] Concurrent uncommit
[37.089s][info][gc            ] Concurrent uncommit 69M->69M(71M) 31.055ms
[38.504s][info][gc            ] Trigger: Learning 2 of 5. Free (1390M) is below initial threshold (1391M)
[38.504s][info][gc,ergo       ] Free: 1390M, Max: 512K regular, 1337M humongous, Frag: 4% external, 0% internal; Reserve: 101888K, Max: 512K
[38.504s][info][gc,start      ] GC(17) Concurrent reset
[38.504s][info][gc,task       ] GC(17) Using 1 of 1 workers for concurrent reset
[38.504s][info][gc,ergo       ] GC(17) Pacer for Reset. Non-Taxable: 1988M
[38.504s][info][gc            ] GC(17) Concurrent reset 0.284ms
[38.506s][info][gc,start      ] GC(17) Pause Init Mark
[38.506s][info][gc,task       ] GC(17) Using 1 of 1 workers for init marking
[38.509s][info][gc,ergo       ] GC(17) Pacer for Mark. Expected Live: 59316K, Free: 1390M, Non-Taxable: 139M, Alloc Tax Rate: 0.1x
[38.509s][info][gc            ] GC(17) Pause Init Mark 2.676ms
[38.509s][info][gc,start      ] GC(17) Concurrent marking
[38.509s][info][gc,task       ] GC(17) Using 1 of 1 workers for concurrent marking
[38.647s][info][gc            ] GC(17) Concurrent marking 137.923ms
[38.647s][info][gc,start      ] GC(17) Pause Final Mark
[38.647s][info][gc,task       ] GC(17) Using 1 of 1 workers for final marking
[38.648s][info][gc,ergo       ] GC(17) Adaptive CSet Selection. Target Free: 281M, Actual Free: 1815M, Max CSet: 84823K, Min Garbage: 0B
[38.648s][info][gc,ergo       ] GC(17) Collectable Garbage: 429M (99%), Immediate: 357M (82%), CSet: 74495K (16%)
[38.652s][info][gc,ergo       ] GC(17) Pacer for Evacuation. Used CSet: 79221K, Free: 1722M, Non-Taxable: 172M, Alloc Tax Rate: 1.1x
[38.652s][info][gc            ] GC(17) Pause Final Mark 4.856ms
[38.652s][info][gc,start      ] GC(17) Concurrent cleanup
[38.652s][info][gc            ] GC(17) Concurrent cleanup 521M->164M(530M) 0.102ms
[38.652s][info][gc,ergo       ] GC(17) Free: 1722M, Max: 512K regular, 1337M humongous, Frag: 23% external, 0% internal; Reserve: 101632K, Max: 512K
[38.652s][info][gc,start      ] GC(17) Concurrent evacuation
[38.652s][info][gc,task       ] GC(17) Using 1 of 1 workers for concurrent evacuation
[38.675s][info][gc            ] GC(17) Concurrent evacuation 22.964ms
[38.676s][info][gc,start      ] GC(17) Pause Init Update Refs
[38.676s][info][gc,ergo       ] GC(17) Pacer for Update Refs. Used: 171M, Free: 1720M, Non-Taxable: 172M, Alloc Tax Rate: 1.1x
[38.676s][info][gc            ] GC(17) Pause Init Update Refs 0.029ms
[38.676s][info][gc,start      ] GC(17) Concurrent update references
[38.676s][info][gc,task       ] GC(17) Using 1 of 1 workers for concurrent reference update
[38.759s][info][gc            ] GC(17) Concurrent update references 82.780ms
[38.763s][info][gc,start      ] GC(17) Pause Final Update Refs
[38.763s][info][gc,task       ] GC(17) Using 1 of 1 workers for final reference update
[38.764s][info][gc            ] GC(17) Pause Final Update Refs 0.724ms
[38.764s][info][gc,start      ] GC(17) Concurrent cleanup
[38.764s][info][gc            ] GC(17) Concurrent cleanup 180M->102M(535M) 0.077ms
[38.764s][info][gc,ergo       ] Free: 1784M, Max: 512K regular, 1333M humongous, Frag: 26% external, 0% internal; Reserve: 101888K, Max: 512K
[38.764s][info][gc,stats      ] 
[38.764s][info][gc,stats      ] All times are wall-clock times, except per-root-class counters, that are sum over
[38.764s][info][gc,stats      ] all workers. Dividing the <total> over the root stage time estimates parallelism.
[38.764s][info][gc,stats      ] 
[38.764s][info][gc,stats      ] Concurrent Reset                    273 us
[38.764s][info][gc,stats      ] Pause Init Mark (G)                5067 us
[38.764s][info][gc,stats      ] Pause Init Mark (N)                2661 us
[38.764s][info][gc,stats      ]   Accumulate Stats                   29 us
[38.764s][info][gc,stats      ]   Make Parsable                      43 us
[38.764s][info][gc,stats      ]   Update Region States               37 us
[38.764s][info][gc,stats      ]   Scan Roots                       2489 us, parallelism: 0.82x
[38.764s][info][gc,stats      ]     S: <total>                     2035 us
[38.764s][info][gc,stats      ]     S: Thread Roots                 825 us, workers (us): 825, 
[38.764s][info][gc,stats      ]     S: Universe Roots                 2 us, workers (us):   2, 
[38.764s][info][gc,stats      ]     S: JNI Handles Roots              1 us, workers (us):   1, 
[38.764s][info][gc,stats      ]     S: Synchronizer Roots             0 us, workers (us):   0, 
[38.764s][info][gc,stats      ]     S: Management Roots               1 us, workers (us):   1, 
[38.764s][info][gc,stats      ]     S: System Dict Roots             15 us, workers (us):  15, 
[38.764s][info][gc,stats      ]     S: CLDG Roots                  1190 us, workers (us): 1190, 
[38.764s][info][gc,stats      ]     S: JVMTI Roots                    0 us, workers (us):   0, 
[38.764s][info][gc,stats      ]   Resize TLABs                       25 us
[38.764s][info][gc,stats      ] Concurrent Marking               137915 us
[38.764s][info][gc,stats      ] Pause Final Mark (G)               5086 us
[38.764s][info][gc,stats      ] Pause Final Mark (N)               4845 us
[38.764s][info][gc,stats      ]   Finish Queues                      19 us
[38.764s][info][gc,stats      ]   System Purge                      456 us
[38.764s][info][gc,stats      ]     Weak Roots                      455 us
[38.764s][info][gc,stats      ]   Update Region States               54 us
[38.764s][info][gc,stats      ]   Retire TLABs                       25 us
[38.764s][info][gc,stats      ]   Choose Collection Set              49 us
[38.764s][info][gc,stats      ]   Rebuild Free Set                   13 us
[38.764s][info][gc,stats      ]   Initial Evacuation               4222 us, parallelism: 0.60x
[38.764s][info][gc,stats      ]     E: <total>                     2524 us
[38.764s][info][gc,stats      ]     E: Thread Roots                 786 us, workers (us): 786, 
[38.764s][info][gc,stats      ]     E: Code Cache Roots             500 us, workers (us): 500, 
[38.764s][info][gc,stats      ]     E: Universe Roots                 1 us, workers (us):   1, 
[38.764s][info][gc,stats      ]     E: JNI Handles Roots              1 us, workers (us):   1, 
[38.764s][info][gc,stats      ]     E: Synchronizer Roots             0 us, workers (us):   0, 
[38.764s][info][gc,stats      ]     E: Management Roots               1 us, workers (us):   1, 
[38.764s][info][gc,stats      ]     E: System Dict Roots             14 us, workers (us):  14, 
[38.764s][info][gc,stats      ]     E: CLDG Roots                  1219 us, workers (us): 1219, 
[38.764s][info][gc,stats      ]     E: JVMTI Roots                    1 us, workers (us):   1, 
[38.764s][info][gc,stats      ] Concurrent Cleanup                   95 us
[38.764s][info][gc,stats      ] Concurrent Evacuation             22955 us
[38.764s][info][gc,stats      ] Pause Init  Update Refs (G)         430 us
[38.764s][info][gc,stats      ] Pause Init  Update Refs (N)          18 us
[38.764s][info][gc,stats      ]   Retire GCLABs                      11 us
[38.764s][info][gc,stats      ] Concurrent Update Refs            82770 us
[38.764s][info][gc,stats      ] Pause Final Update Refs (G)        5343 us
[38.764s][info][gc,stats      ] Pause Final Update Refs (N)         690 us
[38.764s][info][gc,stats      ]   Update Roots                      621 us, parallelism: 0.99x
[38.764s][info][gc,stats      ]     UR: <total>                     613 us
[38.764s][info][gc,stats      ]     UR: Thread Roots                613 us, workers (us): 613, 
[38.764s][info][gc,stats      ]   Update Region States               44 us
[38.764s][info][gc,stats      ]   Trash Collection Set                3 us
[38.764s][info][gc,stats      ]   Rebuild Free Set                   14 us
[38.764s][info][gc,stats      ] Concurrent Cleanup                   71 us
[38.764s][info][gc,stats      ] 
[38.764s][info][gc,stats      ] Allocation pacing accrued:
[38.764s][info][gc,stats      ]       0 of  1706 ms (  0.0%): <total>
[38.764s][info][gc,stats      ]       0 of  1706 ms (  0.0%): <average total>
[38.764s][info][gc,stats      ] 
[38.764s][info][gc,metaspace  ] Metaspace: 121100K->121186K(1157120K)
[38.764s][info][gc,ergo       ] Pacer for Idle. Initial: 40724K, Alloc Tax Rate: 1.0x
[39.207s][info][gc            ] Trigger: Learning 3 of 5. Free (1389M) is below initial threshold (1391M)
[39.207s][info][gc,ergo       ] Free: 1389M, Max: 512K regular, 1333M humongous, Frag: 4% external, 0% internal; Reserve: 101888K, Max: 512K
[39.207s][info][gc,start      ] GC(18) Concurrent reset
[39.207s][info][gc,task       ] GC(18) Using 1 of 1 workers for concurrent reset
[39.207s][info][gc,ergo       ] GC(18) Pacer for Reset. Non-Taxable: 1988M
[39.208s][info][gc            ] GC(18) Concurrent reset 0.288ms
[39.210s][info][gc,start      ] GC(18) Pause Init Mark
[39.210s][info][gc,task       ] GC(18) Using 1 of 1 workers for init marking
[39.212s][info][gc,ergo       ] GC(18) Pacer for Mark. Expected Live: 60111K, Free: 1389M, Non-Taxable: 138M, Alloc Tax Rate: 0.1x
[39.212s][info][gc            ] GC(18) Pause Init Mark 2.530ms
[39.212s][info][gc,start      ] GC(18) Concurrent marking
[39.212s][info][gc,task       ] GC(18) Using 1 of 1 workers for concurrent marking
[39.288s][info][gc            ] GC(18) Concurrent marking 76.006ms
[39.289s][info][gc,start      ] GC(18) Pause Final Mark
[39.289s][info][gc,task       ] GC(18) Using 1 of 1 workers for final marking
[39.289s][info][gc,ergo       ] GC(18) Adaptive CSet Selection. Target Free: 281M, Actual Free: 1845M, Max CSet: 84823K, Min Garbage: 0B
[39.289s][info][gc,ergo       ] GC(18) Collectable Garbage: 435M (99%), Immediate: 396M (90%), CSet: 40045K (8%)
[39.292s][info][gc,ergo       ] GC(18) Pacer for Evacuation. Used CSet: 43008K, Free: 1746M, Non-Taxable: 174M, Alloc Tax Rate: 1.1x
[39.293s][info][gc            ] GC(18) Pause Final Mark 3.864ms
[39.294s][info][gc,start      ] GC(18) Concurrent cleanup
[39.294s][info][gc            ] GC(18) Concurrent cleanup 537M->142M(540M) 0.117ms
[39.294s][info][gc,ergo       ] GC(18) Free: 1745M, Max: 512K regular, 1333M humongous, Frag: 24% external, 0% internal; Reserve: 101376K, Max: 512K
[39.294s][info][gc,start      ] GC(18) Concurrent evacuation
[39.294s][info][gc,task       ] GC(18) Using 1 of 1 workers for concurrent evacuation
[39.302s][info][gc            ] GC(18) Concurrent evacuation 7.935ms
[39.306s][info][gc,start      ] GC(18) Pause Init Update Refs
[39.306s][info][gc,ergo       ] GC(18) Pacer for Update Refs. Used: 153M, Free: 1738M, Non-Taxable: 173M, Alloc Tax Rate: 1.1x
[39.306s][info][gc            ] GC(18) Pause Init Update Refs 0.035ms
[39.306s][info][gc,start      ] GC(18) Concurrent update references
[39.306s][info][gc,task       ] GC(18) Using 1 of 1 workers for concurrent reference update
[39.391s][info][gc            ] GC(18) Concurrent update references 84.549ms
[39.395s][info][gc,start      ] GC(18) Pause Final Update Refs
[39.395s][info][gc,task       ] GC(18) Using 1 of 1 workers for final reference update
[39.396s][info][gc            ] GC(18) Pause Final Update Refs 0.675ms
[39.396s][info][gc,start      ] GC(18) Concurrent cleanup
[39.396s][info][gc            ] GC(18) Concurrent cleanup 204M->162M(543M) 0.073ms
[39.396s][info][gc,ergo       ] Free: 1725M, Max: 512K regular, 1331M humongous, Frag: 23% external, 0% internal; Reserve: 101888K, Max: 512K
[39.396s][info][gc,stats      ] 
[39.396s][info][gc,stats      ] All times are wall-clock times, except per-root-class counters, that are sum over
[39.396s][info][gc,stats      ] all workers. Dividing the <total> over the root stage time estimates parallelism.
[39.396s][info][gc,stats      ] 
[39.396s][info][gc,stats      ] Concurrent Reset                    280 us
[39.396s][info][gc,stats      ] Pause Init Mark (G)                4901 us
[39.396s][info][gc,stats      ] Pause Init Mark (N)                2515 us
[39.396s][info][gc,stats      ]   Accumulate Stats                   29 us
[39.396s][info][gc,stats      ]   Make Parsable                      17 us
[39.396s][info][gc,stats      ]   Update Region States               35 us
[39.396s][info][gc,stats      ]   Scan Roots                       2375 us, parallelism: 0.79x
[39.396s][info][gc,stats      ]     S: <total>                     1877 us
[39.396s][info][gc,stats      ]     S: Thread Roots                 788 us, workers (us): 788, 
[39.396s][info][gc,stats      ]     S: Universe Roots                 2 us, workers (us):   2, 
[39.396s][info][gc,stats      ]     S: JNI Handles Roots              1 us, workers (us):   1, 
[39.396s][info][gc,stats      ]     S: Synchronizer Roots             0 us, workers (us):   0, 
[39.396s][info][gc,stats      ]     S: Management Roots               1 us, workers (us):   1, 
[39.396s][info][gc,stats      ]     S: System Dict Roots             17 us, workers (us):  17, 
[39.396s][info][gc,stats      ]     S: CLDG Roots                  1067 us, workers (us): 1067, 
[39.396s][info][gc,stats      ]     S: JVMTI Roots                    0 us, workers (us):   0, 
[39.396s][info][gc,stats      ]   Resize TLABs                       24 us
[39.396s][info][gc,stats      ] Concurrent Marking                75998 us
[39.396s][info][gc,stats      ] Pause Final Mark (G)               5770 us
[39.396s][info][gc,stats      ] Pause Final Mark (N)               3856 us
[39.396s][info][gc,stats      ]   Finish Queues                      20 us
[39.396s][info][gc,stats      ]   System Purge                      411 us
[39.396s][info][gc,stats      ]     Weak Roots                      411 us
[39.396s][info][gc,stats      ]   Update Region States               42 us
[39.396s][info][gc,stats      ]   Retire TLABs                       23 us
[39.396s][info][gc,stats      ]   Choose Collection Set              42 us
[39.396s][info][gc,stats      ]   Rebuild Free Set                   13 us
[39.396s][info][gc,stats      ]   Initial Evacuation               3298 us, parallelism: 0.66x
[39.396s][info][gc,stats      ]     E: <total>                     2191 us
[39.396s][info][gc,stats      ]     E: Thread Roots                 753 us, workers (us): 753, 
[39.396s][info][gc,stats      ]     E: Code Cache Roots             412 us, workers (us): 412, 
[39.396s][info][gc,stats      ]     E: Universe Roots                 1 us, workers (us):   1, 
[39.396s][info][gc,stats      ]     E: JNI Handles Roots              1 us, workers (us):   1, 
[39.396s][info][gc,stats      ]     E: Synchronizer Roots             0 us, workers (us):   0, 
[39.396s][info][gc,stats      ]     E: Management Roots               1 us, workers (us):   1, 
[39.396s][info][gc,stats      ]     E: System Dict Roots             14 us, workers (us):  14, 
[39.396s][info][gc,stats      ]     E: CLDG Roots                  1009 us, workers (us): 1009, 
[39.396s][info][gc,stats      ]     E: JVMTI Roots                    0 us, workers (us):   0, 
[39.396s][info][gc,stats      ] Concurrent Cleanup                   97 us
[39.396s][info][gc,stats      ] Concurrent Evacuation              7925 us
[39.396s][info][gc,stats      ] Pause Init  Update Refs (G)        3959 us
[39.396s][info][gc,stats      ] Pause Init  Update Refs (N)          20 us
[39.396s][info][gc,stats      ]   Retire GCLABs                      13 us
[39.396s][info][gc,stats      ] Concurrent Update Refs            84539 us
[39.396s][info][gc,stats      ] Pause Final Update Refs (G)        4653 us
[39.396s][info][gc,stats      ] Pause Final Update Refs (N)         661 us
[39.396s][info][gc,stats      ]   Update Roots                      598 us, parallelism: 0.99x
[39.396s][info][gc,stats      ]     UR: <total>                     591 us
[39.396s][info][gc,stats      ]     UR: Thread Roots                591 us, workers (us): 591, 
[39.396s][info][gc,stats      ]   Update Region States               41 us
[39.396s][info][gc,stats      ]   Trash Collection Set                2 us
[39.396s][info][gc,stats      ]   Rebuild Free Set                   13 us
[39.396s][info][gc,stats      ] Concurrent Cleanup                   68 us
[39.396s][info][gc,stats      ] 
[39.396s][info][gc,stats      ] Allocation pacing accrued:
[39.396s][info][gc,stats      ]       0 of   632 ms (  0.0%): <total>
[39.396s][info][gc,stats      ]       0 of   632 ms (  0.0%): <average total>
[39.396s][info][gc,stats      ] 
[39.396s][info][gc,metaspace  ] Metaspace: 121189K->121189K(1157120K)
[39.396s][info][gc,ergo       ] Pacer for Idle. Initial: 40724K, Alloc Tax Rate: 1.0x
[39.957s][info][gc            ] Trigger: Learning 4 of 5. Free (1390M) is below initial threshold (1391M)
[39.957s][info][gc,ergo       ] Free: 1390M, Max: 512K regular, 1331M humongous, Frag: 5% external, 0% internal; Reserve: 101888K, Max: 512K
[39.957s][info][gc,start      ] GC(19) Concurrent reset
[39.957s][info][gc,task       ] GC(19) Using 1 of 1 workers for concurrent reset
[39.957s][info][gc,ergo       ] GC(19) Pacer for Reset. Non-Taxable: 1988M
[39.957s][info][gc            ] GC(19) Concurrent reset 0.256ms
[39.961s][info][gc,start      ] GC(19) Pause Init Mark
[39.961s][info][gc,task       ] GC(19) Using 1 of 1 workers for init marking
[39.964s][info][gc,ergo       ] GC(19) Pacer for Mark. Expected Live: 60299K, Free: 1390M, Non-Taxable: 139M, Alloc Tax Rate: 0.1x
[39.964s][info][gc            ] GC(19) Pause Init Mark 2.522ms
[39.964s][info][gc,start      ] GC(19) Concurrent marking
[39.964s][info][gc,task       ] GC(19) Using 1 of 1 workers for concurrent marking
[40.073s][info][gc            ] GC(19) Concurrent marking 109.242ms
[40.073s][info][gc,start      ] GC(19) Pause Final Mark
[40.073s][info][gc,task       ] GC(19) Using 1 of 1 workers for final marking
[40.074s][info][gc,ergo       ] GC(19) Adaptive CSet Selection. Target Free: 281M, Actual Free: 1766M, Max CSet: 84823K, Min Garbage: 0B
[40.074s][info][gc,ergo       ] GC(19) Collectable Garbage: 422M (99%), Immediate: 311M (73%), CSet: 110M (25%)
[40.077s][info][gc,ergo       ] GC(19) Pacer for Evacuation. Used CSet: 121M, Free: 1670M, Non-Taxable: 167M, Alloc Tax Rate: 1.1x
[40.077s][info][gc            ] GC(19) Pause Final Mark 3.890ms
[40.077s][info][gc,start      ] GC(19) Concurrent cleanup
[40.077s][info][gc            ] GC(19) Concurrent cleanup 529M->217M(543M) 0.099ms
[40.077s][info][gc,ergo       ] GC(19) Free: 1670M, Max: 512K regular, 1332M humongous, Frag: 21% external, 0% internal; Reserve: 101857K, Max: 512K
[40.077s][info][gc,start      ] GC(19) Concurrent evacuation
[40.077s][info][gc,task       ] GC(19) Using 1 of 1 workers for concurrent evacuation
[40.093s][info][gc            ] GC(19) Concurrent evacuation 15.203ms
[40.097s][info][gc,start      ] GC(19) Pause Init Update Refs
[40.097s][info][gc,ergo       ] GC(19) Pacer for Update Refs. Used: 238M, Free: 1660M, Non-Taxable: 166M, Alloc Tax Rate: 1.1x
[40.097s][info][gc            ] GC(19) Pause Init Update Refs 0.040ms
[40.097s][info][gc,start      ] GC(19) Concurrent update references
[40.097s][info][gc,task       ] GC(19) Using 1 of 1 workers for concurrent reference update
[40.170s][info][gc            ] GC(19) Concurrent update references 73.076ms
[40.172s][info][gc,start      ] GC(19) Pause Final Update Refs
[40.172s][info][gc,task       ] GC(19) Using 1 of 1 workers for final reference update
[40.173s][info][gc            ] GC(19) Pause Final Update Refs 0.703ms
[40.173s][info][gc,start      ] GC(19) Concurrent cleanup
[40.173s][info][gc            ] GC(19) Concurrent cleanup 271M->150M(552M) 0.079ms
[40.173s][info][gc,ergo       ] Free: 1737M, Max: 512K regular, 1323M humongous, Frag: 24% external, 0% internal; Reserve: 101888K, Max: 512K
[40.173s][info][gc,stats      ] 
[40.173s][info][gc,stats      ] All times are wall-clock times, except per-root-class counters, that are sum over
[40.173s][info][gc,stats      ] all workers. Dividing the <total> over the root stage time estimates parallelism.
[40.173s][info][gc,stats      ] 
[40.173s][info][gc,stats      ] Concurrent Reset                    246 us
[40.173s][info][gc,stats      ] Pause Init Mark (G)                6729 us
[40.173s][info][gc,stats      ] Pause Init Mark (N)                2491 us
[40.173s][info][gc,stats      ]   Accumulate Stats                   29 us
[40.173s][info][gc,stats      ]   Make Parsable                      19 us
[40.173s][info][gc,stats      ]   Update Region States               48 us
[40.173s][info][gc,stats      ]   Scan Roots                       2336 us, parallelism: 0.80x
[40.173s][info][gc,stats      ]     S: <total>                     1872 us
[40.173s][info][gc,stats      ]     S: Thread Roots                 755 us, workers (us): 755, 
[40.173s][info][gc,stats      ]     S: Universe Roots                 2 us, workers (us):   2, 
[40.173s][info][gc,stats      ]     S: JNI Handles Roots              2 us, workers (us):   2, 
[40.173s][info][gc,stats      ]     S: Synchronizer Roots             0 us, workers (us):   0, 
[40.173s][info][gc,stats      ]     S: Management Roots               1 us, workers (us):   1, 
[40.173s][info][gc,stats      ]     S: System Dict Roots             17 us, workers (us):  17, 
[40.173s][info][gc,stats      ]     S: CLDG Roots                  1095 us, workers (us): 1095, 
[40.173s][info][gc,stats      ]     S: JVMTI Roots                    0 us, workers (us):   0, 
[40.173s][info][gc,stats      ]   Resize TLABs                       25 us
[40.173s][info][gc,stats      ] Concurrent Marking               109234 us
[40.173s][info][gc,stats      ] Pause Final Mark (G)               4109 us
[40.173s][info][gc,stats      ] Pause Final Mark (N)               3882 us
[40.173s][info][gc,stats      ]   Finish Queues                      19 us
[40.173s][info][gc,stats      ]   System Purge                      409 us
[40.173s][info][gc,stats      ]     Weak Roots                      409 us
[40.173s][info][gc,stats      ]   Update Region States               44 us
[40.173s][info][gc,stats      ]   Retire TLABs                       24 us
[40.173s][info][gc,stats      ]   Choose Collection Set              57 us
[40.173s][info][gc,stats      ]   Rebuild Free Set                   13 us
[40.173s][info][gc,stats      ]   Initial Evacuation               3309 us, parallelism: 0.65x
[40.173s][info][gc,stats      ]     E: <total>                     2161 us
[40.173s][info][gc,stats      ]     E: Thread Roots                 727 us, workers (us): 727, 
[40.173s][info][gc,stats      ]     E: Code Cache Roots             423 us, workers (us): 423, 
[40.173s][info][gc,stats      ]     E: Universe Roots                 1 us, workers (us):   1, 
[40.173s][info][gc,stats      ]     E: JNI Handles Roots              1 us, workers (us):   1, 
[40.173s][info][gc,stats      ]     E: Synchronizer Roots             0 us, workers (us):   0, 
[40.173s][info][gc,stats      ]     E: Management Roots               1 us, workers (us):   1, 
[40.173s][info][gc,stats      ]     E: System Dict Roots             15 us, workers (us):  15, 
[40.173s][info][gc,stats      ]     E: CLDG Roots                   993 us, workers (us): 993, 
[40.173s][info][gc,stats      ]     E: JVMTI Roots                    0 us, workers (us):   0, 
[40.173s][info][gc,stats      ] Concurrent Cleanup                   92 us
[40.173s][info][gc,stats      ] Concurrent Evacuation             15194 us
[40.173s][info][gc,stats      ] Pause Init  Update Refs (G)        3945 us
[40.173s][info][gc,stats      ] Pause Init  Update Refs (N)          25 us
[40.173s][info][gc,stats      ]   Retire GCLABs                      17 us
[40.173s][info][gc,stats      ] Concurrent Update Refs            73066 us
[40.173s][info][gc,stats      ] Pause Final Update Refs (G)        3070 us
[40.173s][info][gc,stats      ] Pause Final Update Refs (N)         693 us
[40.173s][info][gc,stats      ]   Update Roots                      597 us, parallelism: 0.99x
[40.173s][info][gc,stats      ]     UR: <total>                     590 us
[40.173s][info][gc,stats      ]     UR: Thread Roots                590 us, workers (us): 590, 
[40.173s][info][gc,stats      ]   Update Region States               71 us
[40.173s][info][gc,stats      ]   Trash Collection Set                3 us
[40.173s][info][gc,stats      ]   Rebuild Free Set                   13 us
[40.173s][info][gc,stats      ] Concurrent Cleanup                   74 us
[40.173s][info][gc,stats      ] 
[40.173s][info][gc,stats      ] Allocation pacing accrued:
[40.173s][info][gc,stats      ]       0 of   777 ms (  0.0%): <total>
[40.173s][info][gc,stats      ]       0 of   777 ms (  0.0%): <average total>
[40.173s][info][gc,stats      ] 
[40.173s][info][gc,metaspace  ] Metaspace: 121321K->121321K(1157120K)
[40.173s][info][gc,ergo       ] Pacer for Idle. Initial: 40724K, Alloc Tax Rate: 1.0x
[40.554s][info][gc            ] Trigger: Explicit GC request (System.gc())
[40.554s][info][gc,ergo       ] Free: 1548M, Max: 512K regular, 1323M humongous, Frag: 15% external, 0% internal; Reserve: 101888K, Max: 512K
[40.554s][info][gc,start      ] GC(20) Concurrent reset
[40.554s][info][gc,task       ] GC(20) Using 1 of 1 workers for concurrent reset
[40.554s][info][gc,ergo       ] GC(20) Pacer for Reset. Non-Taxable: 1988M
[40.554s][info][gc            ] GC(20) Concurrent reset 0.306ms
[40.555s][info][gc,start      ] GC(20) Pause Init Mark (process weakrefs) (unload classes)
[40.555s][info][gc,task       ] GC(20) Using 1 of 1 workers for init marking
[40.556s][info][gc,ergo       ] GC(20) Pacer for Mark. Expected Live: 62268K, Free: 1548M, Non-Taxable: 154M, Alloc Tax Rate: 0.0x
[40.556s][info][gc            ] GC(20) Pause Init Mark (process weakrefs) (unload classes) 1.540ms
[40.556s][info][gc,start      ] GC(20) Concurrent marking (process weakrefs) (unload classes)
[40.556s][info][gc,task       ] GC(20) Using 1 of 1 workers for concurrent marking
[40.628s][info][gc            ] GC(20) Concurrent marking (process weakrefs) (unload classes) 71.635ms
[40.628s][info][gc,start      ] GC(20) Concurrent precleaning
[40.628s][info][gc,task       ] GC(20) Using 1 of 1 workers for concurrent preclean
[40.628s][info][gc,ergo       ] GC(20) Pacer for Precleaning. Non-Taxable: 1988M
[40.633s][info][gc            ] GC(20) Concurrent precleaning 4.784ms
[40.633s][info][gc,start      ] GC(20) Pause Final Mark (process weakrefs) (unload classes)
[40.633s][info][gc,task       ] GC(20) Using 1 of 1 workers for final marking
[40.742s][info][gc,stringtable] GC(20) Cleaned string and symbol table, strings: 29679 processed, 0 removed, symbols: 240429 processed, 649 removed
[40.743s][info][gc,ergo       ] GC(20) Collectable Garbage: 256M (91%), Immediate: 256M (91%), CSet: 0B (0%)
[40.743s][info][gc            ] GC(20) Pause Final Mark (process weakrefs) (unload classes) 109.991ms
[40.743s][info][gc,start      ] GC(20) Concurrent cleanup
[40.743s][info][gc            ] GC(20) Concurrent cleanup 335M->80M(552M) 0.091ms
[40.743s][info][gc,ergo       ] GC(20) Free: 1807M, Max: 512K regular, 1331M humongous, Frag: 27% external, 0% internal; Reserve: 101888K, Max: 512K
[40.743s][info][gc,ergo       ] Free: 1807M, Max: 512K regular, 1331M humongous, Frag: 27% external, 0% internal; Reserve: 101888K, Max: 512K
[40.743s][info][gc,stats      ] 
[40.743s][info][gc,stats      ] All times are wall-clock times, except per-root-class counters, that are sum over
[40.743s][info][gc,stats      ] all workers. Dividing the <total> over the root stage time estimates parallelism.
[40.743s][info][gc,stats      ] 
[40.743s][info][gc,stats      ] Concurrent Reset                    296 us
[40.743s][info][gc,stats      ] Pause Init Mark (G)                1912 us
[40.743s][info][gc,stats      ] Pause Init Mark (N)                1529 us
[40.743s][info][gc,stats      ]   Accumulate Stats                   29 us
[40.743s][info][gc,stats      ]   Make Parsable                      28 us
[40.743s][info][gc,stats      ]   Update Region States               35 us
[40.743s][info][gc,stats      ]   Scan Roots                       1387 us, parallelism: 0.64x
[40.743s][info][gc,stats      ]     S: <total>                      882 us
[40.743s][info][gc,stats      ]     S: Thread Roots                 724 us, workers (us): 724, 
[40.743s][info][gc,stats      ]     S: Universe Roots                 2 us, workers (us):   2, 
[40.743s][info][gc,stats      ]     S: JNI Handles Roots              1 us, workers (us):   1, 
[40.743s][info][gc,stats      ]     S: Synchronizer Roots             0 us, workers (us):   0, 
[40.743s][info][gc,stats      ]     S: Management Roots               1 us, workers (us):   1, 
[40.743s][info][gc,stats      ]     S: System Dict Roots             16 us, workers (us):  16, 
[40.743s][info][gc,stats      ]     S: CLDG Roots                   137 us, workers (us): 137, 
[40.743s][info][gc,stats      ]     S: JVMTI Roots                    0 us, workers (us):   0, 
[40.743s][info][gc,stats      ]   Resize TLABs                       19 us
[40.743s][info][gc,stats      ] Concurrent Marking                71628 us
[40.743s][info][gc,stats      ] Concurrent Precleaning             4774 us
[40.743s][info][gc,stats      ] Pause Final Mark (G)             110419 us
[40.743s][info][gc,stats      ] Pause Final Mark (N)             109980 us
[40.743s][info][gc,stats      ]   Finish Queues                     198 us
[40.743s][info][gc,stats      ]   Weak References                   234 us
[40.743s][info][gc,stats      ]     Process                         232 us
[40.743s][info][gc,stats      ]   System Purge                      445 us
[40.743s][info][gc,stats      ]     Unload Classes                 2246 us
[40.743s][info][gc,stats      ]     Cleanup                      106131 us, parallelism: 1.00x
[40.743s][info][gc,stats      ]       CU: <total>                106056 us
[40.743s][info][gc,stats      ]       CU: Code Cache Roots        36803 us, workers (us): 36803, 
[40.743s][info][gc,stats      ]       CU: Code Cache Cleaning      7383 us, workers (us): 7383, 
[40.743s][info][gc,stats      ]       CU: String Table Roots      38649 us, workers (us): 38649, 
[40.743s][info][gc,stats      ]       CU: Resolved Table Roots      265 us, workers (us): 265, 
[40.743s][info][gc,stats      ]       CU: CLDG Roots              22956 us, workers (us): 22956, 
[40.743s][info][gc,stats      ]     Weak Roots                      445 us
[40.743s][info][gc,stats      ]     CLDG                            580 us
[40.743s][info][gc,stats      ]   Update Region States               47 us
[40.743s][info][gc,stats      ]   Retire TLABs                       46 us
[40.743s][info][gc,stats      ]   Choose Collection Set              30 us
[40.743s][info][gc,stats      ]   Rebuild Free Set                   13 us
[40.743s][info][gc,stats      ] Concurrent Cleanup                   83 us
[40.743s][info][gc,stats      ] 
[40.743s][info][gc,stats      ] Allocation pacing accrued:
[40.743s][info][gc,stats      ]       0 of   570 ms (  0.0%): <total>
[40.743s][info][gc,stats      ]       0 of   570 ms (  0.0%): <average total>
[40.743s][info][gc,stats      ] 
[40.743s][info][gc,metaspace  ] Metaspace: 121370K->120145K(1157120K)
[40.743s][info][gc,ergo       ] Pacer for Idle. Initial: 40724K, Alloc Tax Rate: 1.0x
[40.743s][info][gc,start      ] Concurrent uncommit
[40.785s][info][gc            ] Concurrent uncommit 80M->80M(83M) 41.053ms
[42.184s][info][gc            ] Trigger: Learning 2 of 5. Free (1391M) is below initial threshold (1391M)
[42.184s][info][gc,ergo       ] Free: 1391M, Max: 512K regular, 1331M humongous, Frag: 5% external, 0% internal; Reserve: 101888K, Max: 512K
[42.184s][info][gc,start      ] GC(21) Concurrent reset
[42.184s][info][gc,task       ] GC(21) Using 1 of 1 workers for concurrent reset
[42.184s][info][gc,ergo       ] GC(21) Pacer for Reset. Non-Taxable: 1988M
[42.185s][info][gc            ] GC(21) Concurrent reset 0.207ms
[42.187s][info][gc,start      ] GC(21) Pause Init Mark
[42.187s][info][gc,task       ] GC(21) Using 1 of 1 workers for init marking
[42.190s][info][gc,ergo       ] GC(21) Pacer for Mark. Expected Live: 60148K, Free: 1391M, Non-Taxable: 139M, Alloc Tax Rate: 0.1x
[42.190s][info][gc            ] GC(21) Pause Init Mark 2.861ms
[42.190s][info][gc,start      ] GC(21) Concurrent marking
[42.190s][info][gc,task       ] GC(21) Using 1 of 1 workers for concurrent marking
[42.297s][info][gc            ] GC(21) Concurrent marking 106.773ms
[42.297s][info][gc,start      ] GC(21) Pause Final Mark
[42.297s][info][gc,task       ] GC(21) Using 1 of 1 workers for final marking
[42.298s][info][gc,ergo       ] GC(21) Adaptive CSet Selection. Target Free: 281M, Actual Free: 1754M, Max CSet: 84823K, Min Garbage: 0B
[42.298s][info][gc,ergo       ] GC(21) Collectable Garbage: 428M (99%), Immediate: 320M (74%), CSet: 107M (24%)
[42.302s][info][gc,ergo       ] GC(21) Pacer for Evacuation. Used CSet: 113M, Free: 1661M, Non-Taxable: 166M, Alloc Tax Rate: 1.1x
[42.302s][info][gc            ] GC(21) Pause Final Mark 4.810ms
[42.302s][info][gc,start      ] GC(21) Concurrent cleanup
[42.302s][info][gc            ] GC(21) Concurrent cleanup 546M->226M(554M) 0.100ms
[42.302s][info][gc,ergo       ] GC(21) Free: 1661M, Max: 512K regular, 1332M humongous, Frag: 20% external, 0% internal; Reserve: 101632K, Max: 512K
[42.302s][info][gc,start      ] GC(21) Concurrent evacuation
[42.302s][info][gc,task       ] GC(21) Using 1 of 1 workers for concurrent evacuation
[42.327s][info][gc            ] GC(21) Concurrent evacuation 24.835ms
[42.327s][info][gc,start      ] GC(21) Pause Init Update Refs
[42.327s][info][gc,ergo       ] GC(21) Pacer for Update Refs. Used: 235M, Free: 1657M, Non-Taxable: 165M, Alloc Tax Rate: 1.1x
[42.327s][info][gc            ] GC(21) Pause Init Update Refs 0.030ms
[42.327s][info][gc,start      ] GC(21) Concurrent update references
[42.327s][info][gc,task       ] GC(21) Using 1 of 1 workers for concurrent reference update
[42.482s][info][gc            ] GC(21) Concurrent update references 154.972ms
[42.487s][info][gc,start      ] GC(21) Pause Final Update Refs
[42.487s][info][gc,task       ] GC(21) Using 1 of 1 workers for final reference update
[42.487s][info][gc            ] GC(21) Pause Final Update Refs 0.739ms
[42.487s][info][gc,start      ] GC(21) Concurrent cleanup
[42.488s][info][gc            ] GC(21) Concurrent cleanup 256M->143M(560M) 0.080ms
[42.488s][info][gc,ergo       ] Free: 1743M, Max: 512K regular, 1333M humongous, Frag: 24% external, 0% internal; Reserve: 101888K, Max: 512K
[42.488s][info][gc,stats      ] 
[42.488s][info][gc,stats      ] All times are wall-clock times, except per-root-class counters, that are sum over
[42.488s][info][gc,stats      ] all workers. Dividing the <total> over the root stage time estimates parallelism.
[42.488s][info][gc,stats      ] 
[42.488s][info][gc,stats      ] Concurrent Reset                    191 us
[42.488s][info][gc,stats      ] Pause Init Mark (G)                5287 us
[42.488s][info][gc,stats      ] Pause Init Mark (N)                2849 us
[42.488s][info][gc,stats      ]   Accumulate Stats                   28 us
[42.488s][info][gc,stats      ]   Make Parsable                      44 us
[42.488s][info][gc,stats      ]   Update Region States               37 us
[42.488s][info][gc,stats      ]   Scan Roots                       2676 us, parallelism: 0.82x
[42.488s][info][gc,stats      ]     S: <total>                     2195 us
[42.488s][info][gc,stats      ]     S: Thread Roots                 923 us, workers (us): 923, 
[42.488s][info][gc,stats      ]     S: Universe Roots                 2 us, workers (us):   2, 
[42.488s][info][gc,stats      ]     S: JNI Handles Roots              1 us, workers (us):   1, 
[42.488s][info][gc,stats      ]     S: Synchronizer Roots             0 us, workers (us):   0, 
[42.488s][info][gc,stats      ]     S: Management Roots               1 us, workers (us):   1, 
[42.488s][info][gc,stats      ]     S: System Dict Roots             15 us, workers (us):  15, 
[42.488s][info][gc,stats      ]     S: CLDG Roots                  1251 us, workers (us): 1251, 
[42.488s][info][gc,stats      ]     S: JVMTI Roots                    1 us, workers (us):   1, 
[42.488s][info][gc,stats      ]   Resize TLABs                       27 us
[42.488s][info][gc,stats      ] Concurrent Marking               106765 us
[42.488s][info][gc,stats      ] Pause Final Mark (G)               5031 us
[42.488s][info][gc,stats      ] Pause Final Mark (N)               4801 us
[42.488s][info][gc,stats      ]   Finish Queues                      18 us
[42.488s][info][gc,stats      ]   System Purge                      453 us
[42.488s][info][gc,stats      ]     Weak Roots                      452 us
[42.488s][info][gc,stats      ]   Update Region States               45 us
[42.488s][info][gc,stats      ]   Retire TLABs                       26 us
[42.488s][info][gc,stats      ]   Choose Collection Set              72 us
[42.488s][info][gc,stats      ]   Rebuild Free Set                   13 us
[42.488s][info][gc,stats      ]   Initial Evacuation               4168 us, parallelism: 0.63x
[42.488s][info][gc,stats      ]     E: <total>                     2623 us
[42.488s][info][gc,stats      ]     E: Thread Roots                 757 us, workers (us): 757, 
[42.488s][info][gc,stats      ]     E: Code Cache Roots             665 us, workers (us): 665, 
[42.488s][info][gc,stats      ]     E: Universe Roots                 1 us, workers (us):   1, 
[42.488s][info][gc,stats      ]     E: JNI Handles Roots              1 us, workers (us):   1, 
[42.488s][info][gc,stats      ]     E: Synchronizer Roots             0 us, workers (us):   0, 
[42.488s][info][gc,stats      ]     E: Management Roots               1 us, workers (us):   1, 
[42.488s][info][gc,stats      ]     E: System Dict Roots             16 us, workers (us):  16, 
[42.488s][info][gc,stats      ]     E: CLDG Roots                  1182 us, workers (us): 1182, 
[42.488s][info][gc,stats      ]     E: JVMTI Roots                    0 us, workers (us):   0, 
[42.488s][info][gc,stats      ] Concurrent Cleanup                   93 us
[42.488s][info][gc,stats      ] Concurrent Evacuation             24827 us
[42.488s][info][gc,stats      ] Pause Init  Update Refs (G)         424 us
[42.488s][info][gc,stats      ] Pause Init  Update Refs (N)          20 us
[42.488s][info][gc,stats      ]   Retire GCLABs                      12 us
[42.488s][info][gc,stats      ] Concurrent Update Refs           154962 us
[42.488s][info][gc,stats      ] Pause Final Update Refs (G)        5271 us
[42.488s][info][gc,stats      ] Pause Final Update Refs (N)         702 us
[42.488s][info][gc,stats      ]   Update Roots                      630 us, parallelism: 0.98x
[42.488s][info][gc,stats      ]     UR: <total>                     620 us
[42.488s][info][gc,stats      ]     UR: Thread Roots                620 us, workers (us): 620, 
[42.488s][info][gc,stats      ]   Update Region States               45 us
[42.488s][info][gc,stats      ]   Trash Collection Set                3 us
[42.488s][info][gc,stats      ]   Rebuild Free Set                   14 us
[42.488s][info][gc,stats      ] Concurrent Cleanup                   74 us
[42.488s][info][gc,stats      ] 
[42.488s][info][gc,stats      ] Allocation pacing accrued:
[42.488s][info][gc,stats      ]       0 of  1744 ms (  0.0%): <total>
[42.488s][info][gc,stats      ]       0 of  1744 ms (  0.0%): <average total>
[42.488s][info][gc,stats      ] 
[42.488s][info][gc,metaspace  ] Metaspace: 121519K->121610K(1157120K)
[42.488s][info][gc,ergo       ] Pacer for Idle. Initial: 40724K, Alloc Tax Rate: 1.0x
[42.947s][info][gc            ] Trigger: Learning 3 of 5. Free (1390M) is below initial threshold (1391M)
[42.947s][info][gc,ergo       ] Free: 1390M, Max: 512K regular, 1333M humongous, Frag: 5% external, 0% internal; Reserve: 101888K, Max: 512K
[42.947s][info][gc,start      ] GC(22) Concurrent reset
[42.947s][info][gc,task       ] GC(22) Using 1 of 1 workers for concurrent reset
[42.947s][info][gc,ergo       ] GC(22) Pacer for Reset. Non-Taxable: 1988M
[42.947s][info][gc            ] GC(22) Concurrent reset 0.347ms
[42.953s][info][gc,start      ] GC(22) Pause Init Mark
[42.953s][info][gc,task       ] GC(22) Using 1 of 1 workers for init marking
[42.955s][info][gc,ergo       ] GC(22) Pacer for Mark. Expected Live: 61045K, Free: 1390M, Non-Taxable: 139M, Alloc Tax Rate: 0.1x
[42.955s][info][gc            ] GC(22) Pause Init Mark 2.547ms
[42.955s][info][gc,start      ] GC(22) Concurrent marking
[42.955s][info][gc,task       ] GC(22) Using 1 of 1 workers for concurrent marking
[43.074s][info][gc            ] GC(22) Concurrent marking 118.288ms
[43.074s][info][gc,start      ] GC(22) Pause Final Mark
[43.074s][info][gc,task       ] GC(22) Using 1 of 1 workers for final marking
[43.075s][info][gc,ergo       ] GC(22) Adaptive CSet Selection. Target Free: 281M, Actual Free: 1845M, Max CSet: 84823K, Min Garbage: 0B
[43.075s][info][gc,ergo       ] GC(22) Collectable Garbage: 433M (99%), Immediate: 396M (90%), CSet: 37415K (8%)
[43.081s][info][gc,ergo       ] GC(22) Pacer for Evacuation. Used CSet: 38910K, Free: 1746M, Non-Taxable: 174M, Alloc Tax Rate: 1.1x
[43.081s][info][gc            ] GC(22) Pause Final Mark 6.792ms
[43.081s][info][gc,start      ] GC(22) Concurrent cleanup
[43.081s][info][gc            ] GC(22) Concurrent cleanup 537M->140M(560M) 0.105ms
[43.081s][info][gc,ergo       ] GC(22) Free: 1746M, Max: 512K regular, 1333M humongous, Frag: 24% external, 0% internal; Reserve: 101857K, Max: 512K
[43.081s][info][gc,start      ] GC(22) Concurrent evacuation
[43.081s][info][gc,task       ] GC(22) Using 1 of 1 workers for concurrent evacuation
[43.082s][info][gc            ] GC(22) Concurrent evacuation 1.086ms
[43.082s][info][gc,start      ] GC(22) Pause Init Update Refs
[43.082s][info][gc,ergo       ] GC(22) Pacer for Update Refs. Used: 142M, Free: 1746M, Non-Taxable: 174M, Alloc Tax Rate: 1.1x
[43.082s][info][gc            ] GC(22) Pause Init Update Refs 0.045ms
[43.082s][info][gc,start      ] GC(22) Concurrent update references
[43.082s][info][gc,task       ] GC(22) Using 1 of 1 workers for concurrent reference update
[43.180s][info][gc            ] GC(22) Concurrent update references 97.209ms
[43.184s][info][gc,start      ] GC(22) Pause Final Update Refs
[43.184s][info][gc,task       ] GC(22) Using 1 of 1 workers for final reference update
[43.184s][info][gc            ] GC(22) Pause Final Update Refs 0.743ms
[43.184s][info][gc,start      ] GC(22) Concurrent cleanup
[43.184s][info][gc            ] GC(22) Concurrent cleanup 201M->163M(560M) 0.074ms
[43.184s][info][gc,ergo       ] Free: 1724M, Max: 512K regular, 1332M humongous, Frag: 23% external, 0% internal; Reserve: 101888K, Max: 512K
[43.184s][info][gc,stats      ] 
[43.184s][info][gc,stats      ] All times are wall-clock times, except per-root-class counters, that are sum over
[43.184s][info][gc,stats      ] all workers. Dividing the <total> over the root stage time estimates parallelism.
[43.184s][info][gc,stats      ] 
[43.184s][info][gc,stats      ] Concurrent Reset                    339 us
[43.184s][info][gc,stats      ] Pause Init Mark (G)                8325 us
[43.185s][info][gc,stats      ] Pause Init Mark (N)                2510 us
[43.185s][info][gc,stats      ]   Accumulate Stats                   29 us
[43.185s][info][gc,stats      ]   Make Parsable                      20 us
[43.185s][info][gc,stats      ]   Update Region States               54 us
[43.185s][info][gc,stats      ]   Scan Roots                       2337 us, parallelism: 0.79x
[43.185s][info][gc,stats      ]     S: <total>                     1846 us
[43.185s][info][gc,stats      ]     S: Thread Roots                 740 us, workers (us): 740, 
[43.185s][info][gc,stats      ]     S: Universe Roots                 2 us, workers (us):   2, 
[43.185s][info][gc,stats      ]     S: JNI Handles Roots              1 us, workers (us):   1, 
[43.185s][info][gc,stats      ]     S: Synchronizer Roots             0 us, workers (us):   0, 
[43.185s][info][gc,stats      ]     S: Management Roots               1 us, workers (us):   1, 
[43.185s][info][gc,stats      ]     S: System Dict Roots             16 us, workers (us):  16, 
[43.185s][info][gc,stats      ]     S: CLDG Roots                  1086 us, workers (us): 1086, 
[43.185s][info][gc,stats      ]     S: JVMTI Roots                    0 us, workers (us):   0, 
[43.185s][info][gc,stats      ]   Resize TLABs                       25 us
[43.185s][info][gc,stats      ] Concurrent Marking               118281 us
[43.185s][info][gc,stats      ] Pause Final Mark (G)               7021 us
[43.185s][info][gc,stats      ] Pause Final Mark (N)               6777 us
[43.185s][info][gc,stats      ]   Finish Queues                      19 us
[43.185s][info][gc,stats      ]   System Purge                      410 us
[43.185s][info][gc,stats      ]     Weak Roots                      409 us
[43.185s][info][gc,stats      ]   Update Region States               45 us
[43.185s][info][gc,stats      ]   Retire TLABs                       21 us
[43.185s][info][gc,stats      ]   Choose Collection Set              43 us
[43.185s][info][gc,stats      ]   Rebuild Free Set                   13 us
[43.185s][info][gc,stats      ]   Initial Evacuation               6211 us, parallelism: 0.82x
[43.185s][info][gc,stats      ]     E: <total>                     5066 us
[43.185s][info][gc,stats      ]     E: Thread Roots                3598 us, workers (us): 3598, 
[43.185s][info][gc,stats      ]     E: Code Cache Roots             441 us, workers (us): 441, 
[43.185s][info][gc,stats      ]     E: Universe Roots                 1 us, workers (us):   1, 
[43.185s][info][gc,stats      ]     E: JNI Handles Roots              1 us, workers (us):   1, 
[43.185s][info][gc,stats      ]     E: Synchronizer Roots             0 us, workers (us):   0, 
[43.185s][info][gc,stats      ]     E: Management Roots               2 us, workers (us):   2, 
[43.185s][info][gc,stats      ]     E: System Dict Roots             14 us, workers (us):  14, 
[43.185s][info][gc,stats      ]     E: CLDG Roots                  1009 us, workers (us): 1009, 
[43.185s][info][gc,stats      ]     E: JVMTI Roots                    0 us, workers (us):   0, 
[43.185s][info][gc,stats      ] Concurrent Cleanup                   98 us
[43.185s][info][gc,stats      ] Concurrent Evacuation              1079 us
[43.185s][info][gc,stats      ] Pause Init  Update Refs (G)         420 us
[43.185s][info][gc,stats      ] Pause Init  Update Refs (N)          19 us
[43.185s][info][gc,stats      ]   Retire GCLABs                      11 us
[43.185s][info][gc,stats      ] Concurrent Update Refs            97200 us
[43.185s][info][gc,stats      ] Pause Final Update Refs (G)        4665 us
[43.185s][info][gc,stats      ] Pause Final Update Refs (N)         727 us
[43.185s][info][gc,stats      ]   Update Roots                      661 us, parallelism: 0.99x
[43.185s][info][gc,stats      ]     UR: <total>                     653 us
[43.185s][info][gc,stats      ]     UR: Thread Roots                653 us, workers (us): 653, 
[43.185s][info][gc,stats      ]   Update Region States               41 us
[43.185s][info][gc,stats      ]   Trash Collection Set                3 us
[43.185s][info][gc,stats      ]   Rebuild Free Set                   15 us
[43.185s][info][gc,stats      ] Concurrent Cleanup                   67 us
[43.185s][info][gc,stats      ] 
[43.185s][info][gc,stats      ] Allocation pacing accrued:
[43.185s][info][gc,stats      ]       0 of   697 ms (  0.0%): <total>
[43.185s][info][gc,stats      ]       0 of   697 ms (  0.0%): <average total>
[43.185s][info][gc,stats      ] 
[43.185s][info][gc,metaspace  ] Metaspace: 121613K->121613K(1157120K)
[43.185s][info][gc,ergo       ] Pacer for Idle. Initial: 40724K, Alloc Tax Rate: 1.0x
[43.651s][info][gc            ] Trigger: Learning 4 of 5. Free (1390M) is below initial threshold (1391M)
[43.651s][info][gc,ergo       ] Free: 1391M, Max: 512K regular, 1332M humongous, Frag: 5% external, 0% internal; Reserve: 101888K, Max: 512K
[43.651s][info][gc,start      ] GC(23) Concurrent reset
[43.651s][info][gc,task       ] GC(23) Using 1 of 1 workers for concurrent reset
[43.651s][info][gc,ergo       ] GC(23) Pacer for Reset. Non-Taxable: 1988M
[43.652s][info][gc            ] GC(23) Concurrent reset 0.220ms
[43.654s][info][gc,start      ] GC(23) Pause Init Mark
[43.654s][info][gc,task       ] GC(23) Using 1 of 1 workers for init marking
[43.656s][info][gc,ergo       ] GC(23) Pacer for Mark. Expected Live: 61356K, Free: 1391M, Non-Taxable: 139M, Alloc Tax Rate: 0.1x
[43.656s][info][gc            ] GC(23) Pause Init Mark 2.563ms
[43.656s][info][gc,start      ] GC(23) Concurrent marking
[43.656s][info][gc,task       ] GC(23) Using 1 of 1 workers for concurrent marking
[43.743s][info][gc            ] GC(23) Concurrent marking 86.346ms
[43.743s][info][gc,start      ] GC(23) Pause Final Mark
[43.743s][info][gc,task       ] GC(23) Using 1 of 1 workers for final marking
[43.744s][info][gc,ergo       ] GC(23) Adaptive CSet Selection. Target Free: 281M, Actual Free: 1806M, Max CSet: 84823K, Min Garbage: 0B
[43.744s][info][gc,ergo       ] GC(23) Collectable Garbage: 425M (99%), Immediate: 353M (82%), CSet: 73378K (16%)
[43.747s][info][gc,ergo       ] GC(23) Pacer for Evacuation. Used CSet: 80382K, Free: 1709M, Non-Taxable: 170M, Alloc Tax Rate: 1.1x
[43.747s][info][gc            ] GC(23) Pause Final Mark 4.013ms
[43.747s][info][gc,start      ] GC(23) Concurrent cleanup
[43.747s][info][gc            ] GC(23) Concurrent cleanup 531M->177M(560M) 0.102ms
[43.747s][info][gc,ergo       ] GC(23) Free: 1709M, Max: 512K regular, 1332M humongous, Frag: 23% external, 1% internal; Reserve: 101857K, Max: 512K
[43.747s][info][gc,start      ] GC(23) Concurrent evacuation
[43.747s][info][gc,task       ] GC(23) Using 1 of 1 workers for concurrent evacuation
[43.755s][info][gc            ] GC(23) Concurrent evacuation 7.275ms
[43.757s][info][gc,start      ] GC(23) Pause Init Update Refs
[43.757s][info][gc,ergo       ] GC(23) Pacer for Update Refs. Used: 189M, Free: 1705M, Non-Taxable: 170M, Alloc Tax Rate: 1.1x
[43.757s][info][gc            ] GC(23) Pause Init Update Refs 0.031ms
[43.757s][info][gc,start      ] GC(23) Concurrent update references
[43.757s][info][gc,task       ] GC(23) Using 1 of 1 workers for concurrent reference update
[43.833s][info][gc            ] GC(23) Concurrent update references 76.358ms
[43.836s][info][gc,start      ] GC(23) Pause Final Update Refs
[43.836s][info][gc,task       ] GC(23) Using 1 of 1 workers for final reference update
[43.836s][info][gc            ] GC(23) Pause Final Update Refs 0.708ms
[43.836s][info][gc,start      ] GC(23) Concurrent cleanup
[43.837s][info][gc            ] GC(23) Concurrent cleanup 223M->145M(561M) 0.076ms
[43.837s][info][gc,ergo       ] Free: 1742M, Max: 512K regular, 1326M humongous, Frag: 24% external, 2% internal; Reserve: 101888K, Max: 512K
[43.837s][info][gc,stats      ] 
[43.837s][info][gc,stats      ] All times are wall-clock times, except per-root-class counters, that are sum over
[43.837s][info][gc,stats      ] all workers. Dividing the <total> over the root stage time estimates parallelism.
[43.837s][info][gc,stats      ] 
[43.837s][info][gc,stats      ] Concurrent Reset                    212 us
[43.837s][info][gc,stats      ] Pause Init Mark (G)                4972 us
[43.837s][info][gc,stats      ] Pause Init Mark (N)                2548 us
[43.837s][info][gc,stats      ]   Accumulate Stats                   29 us
[43.837s][info][gc,stats      ]   Make Parsable                      21 us
[43.837s][info][gc,stats      ]   Update Region States               36 us
[43.837s][info][gc,stats      ]   Scan Roots                       2401 us, parallelism: 0.80x
[43.837s][info][gc,stats      ]     S: <total>                     1918 us
[43.837s][info][gc,stats      ]     S: Thread Roots                 815 us, workers (us): 815, 
[43.837s][info][gc,stats      ]     S: Universe Roots                 2 us, workers (us):   2, 
[43.837s][info][gc,stats      ]     S: JNI Handles Roots              1 us, workers (us):   1, 
[43.837s][info][gc,stats      ]     S: Synchronizer Roots             0 us, workers (us):   0, 
[43.837s][info][gc,stats      ]     S: Management Roots               1 us, workers (us):   1, 
[43.837s][info][gc,stats      ]     S: System Dict Roots             17 us, workers (us):  17, 
[43.837s][info][gc,stats      ]     S: CLDG Roots                  1080 us, workers (us): 1080, 
[43.837s][info][gc,stats      ]     S: JVMTI Roots                    1 us, workers (us):   1, 
[43.837s][info][gc,stats      ]   Resize TLABs                       26 us
[43.837s][info][gc,stats      ] Concurrent Marking                86338 us
[43.837s][info][gc,stats      ] Pause Final Mark (G)               4246 us
[43.837s][info][gc,stats      ] Pause Final Mark (N)               4004 us
[43.837s][info][gc,stats      ]   Finish Queues                      19 us
[43.837s][info][gc,stats      ]   System Purge                      412 us
[43.837s][info][gc,stats      ]     Weak Roots                      412 us
[43.837s][info][gc,stats      ]   Update Region States               42 us
[43.837s][info][gc,stats      ]   Retire TLABs                       21 us
[43.837s][info][gc,stats      ]   Choose Collection Set              49 us
[43.837s][info][gc,stats      ]   Rebuild Free Set                   13 us
[43.837s][info][gc,stats      ]   Initial Evacuation               3442 us, parallelism: 0.67x
[43.837s][info][gc,stats      ]     E: <total>                     2322 us
[43.837s][info][gc,stats      ]     E: Thread Roots                 719 us, workers (us): 719, 
[43.837s][info][gc,stats      ]     E: Code Cache Roots             596 us, workers (us): 596, 
[43.837s][info][gc,stats      ]     E: Universe Roots                 1 us, workers (us):   1, 
[43.837s][info][gc,stats      ]     E: JNI Handles Roots              1 us, workers (us):   1, 
[43.837s][info][gc,stats      ]     E: Synchronizer Roots             0 us, workers (us):   0, 
[43.837s][info][gc,stats      ]     E: Management Roots               1 us, workers (us):   1, 
[43.837s][info][gc,stats      ]     E: System Dict Roots             16 us, workers (us):  16, 
[43.837s][info][gc,stats      ]     E: CLDG Roots                   987 us, workers (us): 987, 
[43.837s][info][gc,stats      ]     E: JVMTI Roots                    0 us, workers (us):   0, 
[43.837s][info][gc,stats      ] Concurrent Cleanup                   95 us
[43.837s][info][gc,stats      ] Concurrent Evacuation              7265 us
[43.837s][info][gc,stats      ] Pause Init  Update Refs (G)        2409 us
[43.837s][info][gc,stats      ] Pause Init  Update Refs (N)          19 us
[43.837s][info][gc,stats      ]   Retire GCLABs                      12 us
[43.837s][info][gc,stats      ] Concurrent Update Refs            76349 us
[43.837s][info][gc,stats      ] Pause Final Update Refs (G)        3082 us
[43.837s][info][gc,stats      ] Pause Final Update Refs (N)         699 us
[43.837s][info][gc,stats      ]   Update Roots                      635 us, parallelism: 0.99x
[43.837s][info][gc,stats      ]     UR: <total>                     627 us
[43.837s][info][gc,stats      ]     UR: Thread Roots                627 us, workers (us): 627, 
[43.837s][info][gc,stats      ]   Update Region States               40 us
[43.837s][info][gc,stats      ]   Trash Collection Set                2 us
[43.837s][info][gc,stats      ]   Rebuild Free Set                   14 us
[43.837s][info][gc,stats      ] Concurrent Cleanup                   70 us
[43.837s][info][gc,stats      ] 
[43.837s][info][gc,stats      ] Allocation pacing accrued:
[43.837s][info][gc,stats      ]       0 of   652 ms (  0.0%): <total>
[43.837s][info][gc,stats      ]       0 of   652 ms (  0.0%): <average total>
[43.837s][info][gc,stats      ] 
[43.837s][info][gc,metaspace  ] Metaspace: 121725K->121725K(1157120K)
[43.837s][info][gc,ergo       ] Pacer for Idle. Initial: 40724K, Alloc Tax Rate: 1.0x
[44.303s][info][gc            ] Trigger: Explicit GC request (System.gc())
[44.303s][info][gc,ergo       ] Free: 1512M, Max: 512K regular, 1326M humongous, Frag: 13% external, 1% internal; Reserve: 101888K, Max: 512K
[44.303s][info][gc,start      ] GC(24) Concurrent reset
[44.303s][info][gc,task       ] GC(24) Using 1 of 1 workers for concurrent reset
[44.303s][info][gc,ergo       ] GC(24) Pacer for Reset. Non-Taxable: 1988M
[44.303s][info][gc            ] GC(24) Concurrent reset 0.254ms
[44.303s][info][gc,start      ] GC(24) Pause Init Mark (process weakrefs) (unload classes)
[44.303s][info][gc,task       ] GC(24) Using 1 of 1 workers for init marking
[44.305s][info][gc,ergo       ] GC(24) Pacer for Mark. Expected Live: 62674K, Free: 1512M, Non-Taxable: 151M, Alloc Tax Rate: 0.0x
[44.305s][info][gc            ] GC(24) Pause Init Mark (process weakrefs) (unload classes) 1.512ms
[44.305s][info][gc,start      ] GC(24) Concurrent marking (process weakrefs) (unload classes)
[44.305s][info][gc,task       ] GC(24) Using 1 of 1 workers for concurrent marking
[44.375s][info][gc            ] GC(24) Concurrent marking (process weakrefs) (unload classes) 70.098ms
[44.375s][info][gc,start      ] GC(24) Concurrent precleaning
[44.375s][info][gc,task       ] GC(24) Using 1 of 1 workers for concurrent preclean
[44.375s][info][gc,ergo       ] GC(24) Pacer for Precleaning. Non-Taxable: 1988M
[44.378s][info][gc            ] GC(24) Concurrent precleaning 3.343ms
[44.379s][info][gc,start      ] GC(24) Pause Final Mark (process weakrefs) (unload classes)
[44.379s][info][gc,task       ] GC(24) Using 1 of 1 workers for final marking
[44.448s][info][gc,stringtable] GC(24) Cleaned string and symbol table, strings: 29725 processed, 0 removed, symbols: 240430 processed, 648 removed
[44.449s][info][gc,ergo       ] GC(24) Adaptive CSet Selection. Target Free: 281M, Actual Free: 1899M, Max CSet: 84823K, Min Garbage: 0B
[44.449s][info][gc,ergo       ] GC(24) Collectable Garbage: 314M (98%), Immediate: 288M (90%), CSet: 26290K (8%)
[44.452s][info][gc,ergo       ] GC(24) Pacer for Evacuation. Used CSet: 28946K, Free: 1802M, Non-Taxable: 180M, Alloc Tax Rate: 1.1x
[44.452s][info][gc            ] GC(24) Pause Final Mark (process weakrefs) (unload classes) 73.269ms
[44.452s][info][gc,start      ] GC(24) Concurrent cleanup
[44.452s][info][gc            ] GC(24) Concurrent cleanup 372M->84M(561M) 0.099ms
[44.452s][info][gc,ergo       ] GC(24) Free: 1802M, Max: 512K regular, 1331M humongous, Frag: 27% external, 0% internal; Reserve: 101825K, Max: 512K
[44.452s][info][gc,start      ] GC(24) Concurrent evacuation
[44.452s][info][gc,task       ] GC(24) Using 1 of 1 workers for concurrent evacuation
[44.481s][info][gc            ] GC(24) Concurrent evacuation 28.560ms
[44.482s][info][gc,start      ] GC(24) Pause Init Update Refs
[44.482s][info][gc,ergo       ] GC(24) Pacer for Update Refs. Used: 110M, Free: 1779M, Non-Taxable: 177M, Alloc Tax Rate: 1.1x
[44.482s][info][gc            ] GC(24) Pause Init Update Refs 0.035ms
[44.482s][info][gc,start      ] GC(24) Concurrent update references
[44.482s][info][gc,task       ] GC(24) Using 1 of 1 workers for concurrent reference update
[44.530s][info][gc            ] GC(24) Concurrent update references 48.053ms
[44.530s][info][gc,start      ] GC(24) Pause Final Update Refs
[44.530s][info][gc,task       ] GC(24) Using 1 of 1 workers for final reference update
[44.531s][info][gc            ] GC(24) Pause Final Update Refs 0.639ms
[44.531s][info][gc,start      ] GC(24) Concurrent cleanup
[44.531s][info][gc            ] GC(24) Concurrent cleanup 110M->82M(561M) 0.072ms
[44.531s][info][gc,ergo       ] Free: 1805M, Max: 512K regular, 1336M humongous, Frag: 26% external, 0% internal; Reserve: 101888K, Max: 512K
[44.531s][info][gc,stats      ] 
[44.531s][info][gc,stats      ] All times are wall-clock times, except per-root-class counters, that are sum over
[44.531s][info][gc,stats      ] all workers. Dividing the <total> over the root stage time estimates parallelism.
[44.531s][info][gc,stats      ] 
[44.531s][info][gc,stats      ] Concurrent Reset                    247 us
[44.531s][info][gc,stats      ] Pause Init Mark (G)                1961 us
[44.531s][info][gc,stats      ] Pause Init Mark (N)                1500 us
[44.531s][info][gc,stats      ]   Accumulate Stats                   29 us
[44.531s][info][gc,stats      ]   Make Parsable                      26 us
[44.531s][info][gc,stats      ]   Update Region States               37 us
[44.531s][info][gc,stats      ]   Scan Roots                       1361 us, parallelism: 0.64x
[44.531s][info][gc,stats      ]     S: <total>                      872 us
[44.531s][info][gc,stats      ]     S: Thread Roots                 715 us, workers (us): 715, 
[44.531s][info][gc,stats      ]     S: Universe Roots                 2 us, workers (us):   2, 
[44.531s][info][gc,stats      ]     S: JNI Handles Roots              2 us, workers (us):   2, 
[44.531s][info][gc,stats      ]     S: Synchronizer Roots             0 us, workers (us):   0, 
[44.531s][info][gc,stats      ]     S: Management Roots               1 us, workers (us):   1, 
[44.531s][info][gc,stats      ]     S: System Dict Roots             15 us, workers (us):  15, 
[44.531s][info][gc,stats      ]     S: CLDG Roots                   136 us, workers (us): 136, 
[44.531s][info][gc,stats      ]     S: JVMTI Roots                    0 us, workers (us):   0, 
[44.531s][info][gc,stats      ]   Resize TLABs                       19 us
[44.531s][info][gc,stats      ] Concurrent Marking                70084 us
[44.531s][info][gc,stats      ] Concurrent Precleaning             3336 us
[44.531s][info][gc,stats      ] Pause Final Mark (G)              73696 us
[44.531s][info][gc,stats      ] Pause Final Mark (N)              73260 us
[44.531s][info][gc,stats      ]   Finish Queues                     198 us
[44.531s][info][gc,stats      ]   Weak References                   189 us
[44.531s][info][gc,stats      ]     Process                         187 us
[44.531s][info][gc,stats      ]   System Purge                      423 us
[44.531s][info][gc,stats      ]     Unload Classes                 2203 us
[44.531s][info][gc,stats      ]     Cleanup                       66175 us, parallelism: 1.00x
[44.531s][info][gc,stats      ]       CU: <total>                 66096 us
[44.531s][info][gc,stats      ]       CU: Code Cache Roots        35079 us, workers (us): 35079, 
[44.531s][info][gc,stats      ]       CU: Code Cache Cleaning      3458 us, workers (us): 3458, 
[44.531s][info][gc,stats      ]       CU: String Table Roots      15509 us, workers (us): 15509, 
[44.531s][info][gc,stats      ]       CU: Resolved Table Roots      332 us, workers (us): 332, 
[44.531s][info][gc,stats      ]       CU: CLDG Roots              11718 us, workers (us): 11718, 
[44.531s][info][gc,stats      ]     Weak Roots                      423 us
[44.531s][info][gc,stats      ]     CLDG                            637 us
[44.531s][info][gc,stats      ]   Update Region States               46 us
[44.531s][info][gc,stats      ]   Retire TLABs                       47 us
[44.531s][info][gc,stats      ]   Choose Collection Set              48 us
[44.531s][info][gc,stats      ]   Rebuild Free Set                   15 us
[44.531s][info][gc,stats      ]   Initial Evacuation               3259 us, parallelism: 0.66x
[44.531s][info][gc,stats      ]     E: <total>                     2165 us
[44.531s][info][gc,stats      ]     E: Thread Roots                 654 us, workers (us): 654, 
[44.531s][info][gc,stats      ]     E: Code Cache Roots             555 us, workers (us): 555, 
[44.531s][info][gc,stats      ]     E: Universe Roots                 3 us, workers (us):   3, 
[44.531s][info][gc,stats      ]     E: JNI Handles Roots              1 us, workers (us):   1, 
[44.531s][info][gc,stats      ]     E: Synchronizer Roots             0 us, workers (us):   0, 
[44.531s][info][gc,stats      ]     E: Management Roots               2 us, workers (us):   2, 
[44.531s][info][gc,stats      ]     E: System Dict Roots             12 us, workers (us):  12, 
[44.531s][info][gc,stats      ]     E: CLDG Roots                   938 us, workers (us): 938, 
[44.531s][info][gc,stats      ]     E: JVMTI Roots                    1 us, workers (us):   1, 
[44.531s][info][gc,stats      ] Concurrent Cleanup                   89 us
[44.531s][info][gc,stats      ] Concurrent Evacuation             28552 us
[44.531s][info][gc,stats      ] Pause Init  Update Refs (G)         896 us
[44.531s][info][gc,stats      ] Pause Init  Update Refs (N)          22 us
[44.531s][info][gc,stats      ]   Retire GCLABs                      14 us
[44.531s][info][gc,stats      ] Concurrent Update Refs            48043 us
[44.531s][info][gc,stats      ] Pause Final Update Refs (G)        1015 us
[44.531s][info][gc,stats      ] Pause Final Update Refs (N)         630 us
[44.531s][info][gc,stats      ]   Update Roots                      558 us, parallelism: 0.99x
[44.531s][info][gc,stats      ]     UR: <total>                     552 us
[44.531s][info][gc,stats      ]     UR: Thread Roots                552 us, workers (us): 552, 
[44.531s][info][gc,stats      ]   Update Region States               40 us
[44.531s][info][gc,stats      ]   Trash Collection Set                2 us
[44.531s][info][gc,stats      ]   Rebuild Free Set                   13 us
[44.531s][info][gc,stats      ] Concurrent Cleanup                   66 us
[44.531s][info][gc,stats      ] 
[44.531s][info][gc,stats      ] Allocation pacing accrued:
[44.531s][info][gc,stats      ]       0 of   695 ms (  0.0%): <total>
[44.531s][info][gc,stats      ]       0 of   695 ms (  0.0%): <average total>
[44.531s][info][gc,stats      ] 
[44.531s][info][gc,metaspace  ] Metaspace: 121828K->120609K(1159168K)
[44.531s][info][gc,ergo       ] Pacer for Idle. Initial: 40724K, Alloc Tax Rate: 1.0x
[44.531s][info][gc,start      ] Concurrent uncommit
[44.565s][info][gc            ] Concurrent uncommit 82M->82M(84M) 33.330ms
[45.914s][info][gc            ] Trigger: Learning 2 of 5. Free (1390M) is below initial threshold (1391M)
[45.914s][info][gc,ergo       ] Free: 1391M, Max: 512K regular, 1336M humongous, Frag: 4% external, 0% internal; Reserve: 101888K, Max: 512K
[45.914s][info][gc,start      ] GC(25) Concurrent reset
[45.914s][info][gc,task       ] GC(25) Using 1 of 1 workers for concurrent reset
[45.914s][info][gc,ergo       ] GC(25) Pacer for Reset. Non-Taxable: 1988M
[45.915s][info][gc            ] GC(25) Concurrent reset 0.269ms
[45.922s][info][gc,start      ] GC(25) Pause Init Mark (process weakrefs)
[45.922s][info][gc,task       ] GC(25) Using 1 of 1 workers for init marking
[45.925s][info][gc,ergo       ] GC(25) Pacer for Mark. Expected Live: 59993K, Free: 1391M, Non-Taxable: 139M, Alloc Tax Rate: 0.1x
[45.925s][info][gc            ] GC(25) Pause Init Mark (process weakrefs) 2.690ms
[45.925s][info][gc,start      ] GC(25) Concurrent marking (process weakrefs)
[45.925s][info][gc,task       ] GC(25) Using 1 of 1 workers for concurrent marking
[46.072s][info][gc            ] GC(25) Concurrent marking (process weakrefs) 147.358ms
[46.072s][info][gc,start      ] GC(25) Concurrent precleaning
[46.072s][info][gc,task       ] GC(25) Using 1 of 1 workers for concurrent preclean
[46.072s][info][gc,ergo       ] GC(25) Pacer for Precleaning. Non-Taxable: 1988M
[46.073s][info][gc            ] GC(25) Concurrent precleaning 1.016ms
[46.074s][info][gc,start      ] GC(25) Pause Final Mark (process weakrefs)
[46.074s][info][gc,task       ] GC(25) Using 1 of 1 workers for final marking
[46.075s][info][gc,ergo       ] GC(25) Adaptive CSet Selection. Target Free: 281M, Actual Free: 1786M, Max CSet: 84823K, Min Garbage: 0B
[46.075s][info][gc,ergo       ] GC(25) Collectable Garbage: 429M (99%), Immediate: 342M (79%), CSet: 88600K (19%)
[46.079s][info][gc,ergo       ] GC(25) Pacer for Evacuation. Used CSet: 93413K, Free: 1693M, Non-Taxable: 169M, Alloc Tax Rate: 1.1x
[46.079s][info][gc            ] GC(25) Pause Final Mark (process weakrefs) 5.773ms
[46.084s][info][gc,start      ] GC(25) Concurrent cleanup
[46.084s][info][gc            ] GC(25) Concurrent cleanup 536M->193M(545M) 0.129ms
[46.084s][info][gc,ergo       ] GC(25) Free: 1693M, Max: 512K regular, 1336M humongous, Frag: 22% external, 0% internal; Reserve: 101632K, Max: 512K
[46.084s][info][gc,start      ] GC(25) Concurrent evacuation
[46.084s][info][gc,task       ] GC(25) Using 1 of 1 workers for concurrent evacuation
[46.102s][info][gc            ] GC(25) Concurrent evacuation 17.962ms
[46.103s][info][gc,start      ] GC(25) Pause Init Update Refs
[46.103s][info][gc,ergo       ] GC(25) Pacer for Update Refs. Used: 212M, Free: 1679M, Non-Taxable: 167M, Alloc Tax Rate: 1.1x
[46.103s][info][gc            ] GC(25) Pause Init Update Refs 0.032ms
[46.103s][info][gc,start      ] GC(25) Concurrent update references
[46.103s][info][gc,task       ] GC(25) Using 1 of 1 workers for concurrent reference update
[46.211s][info][gc            ] GC(25) Concurrent update references 108.720ms
[46.216s][info][gc,start      ] GC(25) Pause Final Update Refs
[46.216s][info][gc,task       ] GC(25) Using 1 of 1 workers for final reference update
[46.216s][info][gc            ] GC(25) Pause Final Update Refs 0.766ms
[46.216s][info][gc,start      ] GC(25) Concurrent cleanup
[46.216s][info][gc            ] GC(25) Concurrent cleanup 223M->132M(549M) 0.082ms
[46.216s][info][gc,ergo       ] Free: 1754M, Max: 512K regular, 1334M humongous, Frag: 24% external, 0% internal; Reserve: 101888K, Max: 512K
[46.217s][info][gc,stats      ] 
[46.217s][info][gc,stats      ] All times are wall-clock times, except per-root-class counters, that are sum over
[46.217s][info][gc,stats      ] all workers. Dividing the <total> over the root stage time estimates parallelism.
[46.217s][info][gc,stats      ] 
[46.217s][info][gc,stats      ] Concurrent Reset                    257 us
[46.217s][info][gc,stats      ] Pause Init Mark (G)               10339 us
[46.217s][info][gc,stats      ] Pause Init Mark (N)                2650 us
[46.217s][info][gc,stats      ]   Accumulate Stats                   30 us
[46.217s][info][gc,stats      ]   Make Parsable                      38 us
[46.217s][info][gc,stats      ]   Update Region States               58 us
[46.217s][info][gc,stats      ]   Scan Roots                       2458 us, parallelism: 0.81x
[46.217s][info][gc,stats      ]     S: <total>                     1989 us
[46.217s][info][gc,stats      ]     S: Thread Roots                 775 us, workers (us): 775, 
[46.217s][info][gc,stats      ]     S: Universe Roots                 2 us, workers (us):   2, 
[46.217s][info][gc,stats      ]     S: JNI Handles Roots              1 us, workers (us):   1, 
[46.217s][info][gc,stats      ]     S: Synchronizer Roots             0 us, workers (us):   0, 
[46.217s][info][gc,stats      ]     S: Management Roots               2 us, workers (us):   2, 
[46.217s][info][gc,stats      ]     S: System Dict Roots             16 us, workers (us):  16, 
[46.217s][info][gc,stats      ]     S: CLDG Roots                  1193 us, workers (us): 1193, 
[46.217s][info][gc,stats      ]     S: JVMTI Roots                    1 us, workers (us):   1, 
[46.217s][info][gc,stats      ]   Resize TLABs                       28 us
[46.217s][info][gc,stats      ] Concurrent Marking               147350 us
[46.217s][info][gc,stats      ] Concurrent Precleaning             1007 us
[46.217s][info][gc,stats      ] Pause Final Mark (G)              10688 us
[46.217s][info][gc,stats      ] Pause Final Mark (N)               5766 us
[46.217s][info][gc,stats      ]   Finish Queues                      22 us
[46.217s][info][gc,stats      ]   Weak References                    65 us
[46.217s][info][gc,stats      ]     Process                          64 us
[46.217s][info][gc,stats      ]   System Purge                      492 us
[46.217s][info][gc,stats      ]     Weak Roots                      492 us
[46.217s][info][gc,stats      ]   Update Region States              731 us
[46.217s][info][gc,stats      ]   Retire TLABs                       37 us
[46.217s][info][gc,stats      ]   Choose Collection Set              60 us
[46.217s][info][gc,stats      ]   Rebuild Free Set                   15 us
[46.217s][info][gc,stats      ]   Initial Evacuation               4337 us, parallelism: 0.61x
[46.217s][info][gc,stats      ]     E: <total>                     2631 us
[46.217s][info][gc,stats      ]     E: Thread Roots                 796 us, workers (us): 796, 
[46.217s][info][gc,stats      ]     E: Code Cache Roots             595 us, workers (us): 595, 
[46.217s][info][gc,stats      ]     E: Universe Roots                29 us, workers (us):  29, 
[46.217s][info][gc,stats      ]     E: JNI Handles Roots              1 us, workers (us):   1, 
[46.217s][info][gc,stats      ]     E: Synchronizer Roots             0 us, workers (us):   0, 
[46.217s][info][gc,stats      ]     E: Management Roots               1 us, workers (us):   1, 
[46.217s][info][gc,stats      ]     E: System Dict Roots             15 us, workers (us):  15, 
[46.217s][info][gc,stats      ]     E: CLDG Roots                  1193 us, workers (us): 1193, 
[46.217s][info][gc,stats      ]     E: JVMTI Roots                    0 us, workers (us):   0, 
[46.217s][info][gc,stats      ] Concurrent Cleanup                   95 us
[46.217s][info][gc,stats      ] Concurrent Evacuation             17952 us
[46.217s][info][gc,stats      ] Pause Init  Update Refs (G)         453 us
[46.217s][info][gc,stats      ] Pause Init  Update Refs (N)          22 us
[46.217s][info][gc,stats      ]   Retire GCLABs                      14 us
[46.217s][info][gc,stats      ] Concurrent Update Refs           108710 us
[46.217s][info][gc,stats      ] Pause Final Update Refs (G)        4911 us
[46.217s][info][gc,stats      ] Pause Final Update Refs (N)         747 us
[46.217s][info][gc,stats      ]   Update Roots                      671 us, parallelism: 0.99x
[46.217s][info][gc,stats      ]     UR: <total>                     662 us
[46.217s][info][gc,stats      ]     UR: Thread Roots                662 us, workers (us): 662, 
[46.217s][info][gc,stats      ]   Update Region States               41 us
[46.217s][info][gc,stats      ]   Trash Collection Set                3 us
[46.217s][info][gc,stats      ]   Rebuild Free Set                   14 us
[46.217s][info][gc,stats      ] Concurrent Cleanup                   72 us
[46.217s][info][gc,stats      ] 
[46.217s][info][gc,stats      ] Allocation pacing accrued:
[46.217s][info][gc,stats      ]       0 of  1685 ms (  0.0%): <total>
[46.217s][info][gc,stats      ]       0 of  1685 ms (  0.0%): <average total>
[46.217s][info][gc,stats      ] 
[46.217s][info][gc,metaspace  ] Metaspace: 121911K->122002K(1159168K)
[46.217s][info][gc,ergo       ] Pacer for Idle. Initial: 40724K, Alloc Tax Rate: 1.0x
[46.575s][info][gc            ] Trigger: Learning 3 of 5. Free (1391M) is below initial threshold (1391M)
[46.575s][info][gc,ergo       ] Free: 1391M, Max: 512K regular, 1334M humongous, Frag: 5% external, 0% internal; Reserve: 101888K, Max: 512K
[46.575s][info][gc,start      ] GC(26) Concurrent reset
[46.575s][info][gc,task       ] GC(26) Using 1 of 1 workers for concurrent reset
[46.575s][info][gc,ergo       ] GC(26) Pacer for Reset. Non-Taxable: 1988M
[46.575s][info][gc            ] GC(26) Concurrent reset 0.304ms
[46.579s][info][gc,start      ] GC(26) Pause Init Mark
[46.579s][info][gc,task       ] GC(26) Using 1 of 1 workers for init marking
[46.582s][info][gc,ergo       ] GC(26) Pacer for Mark. Expected Live: 60544K, Free: 1391M, Non-Taxable: 139M, Alloc Tax Rate: 0.1x
[46.582s][info][gc            ] GC(26) Pause Init Mark 2.628ms
[46.582s][info][gc,start      ] GC(26) Concurrent marking
[46.582s][info][gc,task       ] GC(26) Using 1 of 1 workers for concurrent marking
[46.658s][info][gc            ] GC(26) Concurrent marking 76.106ms
[46.658s][info][gc,start      ] GC(26) Pause Final Mark
[46.658s][info][gc,task       ] GC(26) Using 1 of 1 workers for final marking
[46.658s][info][gc,ergo       ] GC(26) Adaptive CSet Selection. Target Free: 281M, Actual Free: 1833M, Max CSet: 84823K, Min Garbage: 0B
[46.659s][info][gc,ergo       ] GC(26) Collectable Garbage: 433M (99%), Immediate: 384M (88%), CSet: 49516K (11%)
[46.662s][info][gc,ergo       ] GC(26) Pacer for Evacuation. Used CSet: 51710K, Free: 1735M, Non-Taxable: 173M, Alloc Tax Rate: 1.1x
[46.662s][info][gc            ] GC(26) Pause Final Mark 4.000ms
[46.664s][info][gc,start      ] GC(26) Concurrent cleanup
[46.664s][info][gc            ] GC(26) Concurrent cleanup 537M->154M(549M) 0.123ms
[46.664s][info][gc,ergo       ] GC(26) Free: 1733M, Max: 512K regular, 1334M humongous, Frag: 24% external, 0% internal; Reserve: 101376K, Max: 512K
[46.664s][info][gc,start      ] GC(26) Concurrent evacuation
[46.664s][info][gc,task       ] GC(26) Using 1 of 1 workers for concurrent evacuation
[46.670s][info][gc            ] GC(26) Concurrent evacuation 5.233ms
[46.674s][info][gc,start      ] GC(26) Pause Init Update Refs
[46.674s][info][gc,ergo       ] GC(26) Pacer for Update Refs. Used: 161M, Free: 1728M, Non-Taxable: 172M, Alloc Tax Rate: 1.1x
[46.674s][info][gc            ] GC(26) Pause Init Update Refs 0.033ms
[46.674s][info][gc,start      ] GC(26) Concurrent update references
[46.674s][info][gc,task       ] GC(26) Using 1 of 1 workers for concurrent reference update
[46.760s][info][gc            ] GC(26) Concurrent update references 85.955ms
[46.762s][info][gc,start      ] GC(26) Pause Final Update Refs
[46.762s][info][gc,task       ] GC(26) Using 1 of 1 workers for final reference update
[46.763s][info][gc            ] GC(26) Pause Final Update Refs 0.700ms
[46.763s][info][gc,start      ] GC(26) Concurrent cleanup
[46.763s][info][gc            ] GC(26) Concurrent cleanup 209M->159M(550M) 0.090ms
[46.763s][info][gc,ergo       ] Free: 1728M, Max: 512K regular, 1332M humongous, Frag: 23% external, 0% internal; Reserve: 101888K, Max: 512K
[46.763s][info][gc,stats      ] 
[46.763s][info][gc,stats      ] All times are wall-clock times, except per-root-class counters, that are sum over
[46.763s][info][gc,stats      ] all workers. Dividing the <total> over the root stage time estimates parallelism.
[46.763s][info][gc,stats      ] 
[46.763s][info][gc,stats      ] Concurrent Reset                    296 us
[46.763s][info][gc,stats      ] Pause Init Mark (G)                6482 us
[46.763s][info][gc,stats      ] Pause Init Mark (N)                2590 us
[46.763s][info][gc,stats      ]   Accumulate Stats                   29 us
[46.763s][info][gc,stats      ]   Make Parsable                      23 us
[46.763s][info][gc,stats      ]   Update Region States               55 us
[46.763s][info][gc,stats      ]   Scan Roots                       2418 us, parallelism: 0.81x
[46.763s][info][gc,stats      ]     S: <total>                     1949 us
[46.763s][info][gc,stats      ]     S: Thread Roots                 812 us, workers (us): 812, 
[46.763s][info][gc,stats      ]     S: Universe Roots                 2 us, workers (us):   2, 
[46.763s][info][gc,stats      ]     S: JNI Handles Roots              1 us, workers (us):   1, 
[46.763s][info][gc,stats      ]     S: Synchronizer Roots             0 us, workers (us):   0, 
[46.763s][info][gc,stats      ]     S: Management Roots               1 us, workers (us):   1, 
[46.763s][info][gc,stats      ]     S: System Dict Roots             15 us, workers (us):  15, 
[46.763s][info][gc,stats      ]     S: CLDG Roots                  1117 us, workers (us): 1117, 
[46.763s][info][gc,stats      ]     S: JVMTI Roots                    0 us, workers (us):   0, 
[46.763s][info][gc,stats      ]   Resize TLABs                       25 us
[46.763s][info][gc,stats      ] Concurrent Marking                76098 us
[46.763s][info][gc,stats      ] Pause Final Mark (G)               6475 us
[46.763s][info][gc,stats      ] Pause Final Mark (N)               3992 us
[46.763s][info][gc,stats      ]   Finish Queues                      18 us
[46.763s][info][gc,stats      ]   System Purge                      474 us
[46.763s][info][gc,stats      ]     Weak Roots                      474 us
[46.763s][info][gc,stats      ]   Update Region States               42 us
[46.763s][info][gc,stats      ]   Retire TLABs                       28 us
[46.763s][info][gc,stats      ]   Choose Collection Set              46 us
[46.763s][info][gc,stats      ]   Rebuild Free Set                   15 us
[46.763s][info][gc,stats      ]   Initial Evacuation               3363 us, parallelism: 0.65x
[46.763s][info][gc,stats      ]     E: <total>                     2199 us
[46.763s][info][gc,stats      ]     E: Thread Roots                 719 us, workers (us): 719, 
[46.763s][info][gc,stats      ]     E: Code Cache Roots             461 us, workers (us): 461, 
[46.763s][info][gc,stats      ]     E: Universe Roots                 1 us, workers (us):   1, 
[46.763s][info][gc,stats      ]     E: JNI Handles Roots              1 us, workers (us):   1, 
[46.763s][info][gc,stats      ]     E: Synchronizer Roots             0 us, workers (us):   0, 
[46.763s][info][gc,stats      ]     E: Management Roots               1 us, workers (us):   1, 
[46.763s][info][gc,stats      ]     E: System Dict Roots             15 us, workers (us):  15, 
[46.763s][info][gc,stats      ]     E: CLDG Roots                  1001 us, workers (us): 1001, 
[46.763s][info][gc,stats      ]     E: JVMTI Roots                    0 us, workers (us):   0, 
[46.763s][info][gc,stats      ] Concurrent Cleanup                   96 us
[46.763s][info][gc,stats      ] Concurrent Evacuation              5224 us
[46.763s][info][gc,stats      ] Pause Init  Update Refs (G)        4038 us
[46.763s][info][gc,stats      ] Pause Init  Update Refs (N)          21 us
[46.763s][info][gc,stats      ]   Retire GCLABs                      13 us
[46.763s][info][gc,stats      ] Concurrent Update Refs            85938 us
[46.763s][info][gc,stats      ] Pause Final Update Refs (G)        3081 us
[46.763s][info][gc,stats      ] Pause Final Update Refs (N)         680 us
[46.763s][info][gc,stats      ]   Update Roots                      612 us, parallelism: 0.98x
[46.763s][info][gc,stats      ]     UR: <total>                     601 us
[46.763s][info][gc,stats      ]     UR: Thread Roots                601 us, workers (us): 601, 
[46.763s][info][gc,stats      ]   Update Region States               42 us
[46.763s][info][gc,stats      ]   Trash Collection Set                3 us
[46.763s][info][gc,stats      ]   Rebuild Free Set                   15 us
[46.763s][info][gc,stats      ] Concurrent Cleanup                   83 us
[46.763s][info][gc,stats      ] 
[46.763s][info][gc,stats      ] Allocation pacing accrued:
[46.763s][info][gc,stats      ]       0 of   546 ms (  0.0%): <total>
[46.763s][info][gc,stats      ]       0 of   546 ms (  0.0%): <average total>
[46.763s][info][gc,stats      ] 
[46.763s][info][gc,metaspace  ] Metaspace: 122004K->122004K(1159168K)
[46.763s][info][gc,ergo       ] Pacer for Idle. Initial: 40724K, Alloc Tax Rate: 1.0x
[47.260s][info][gc            ] Trigger: Learning 4 of 5. Free (1390M) is below initial threshold (1391M)
[47.260s][info][gc,ergo       ] Free: 1391M, Max: 512K regular, 1332M humongous, Frag: 5% external, 0% internal; Reserve: 101888K, Max: 512K
[47.261s][info][gc,start      ] GC(27) Concurrent reset
[47.261s][info][gc,task       ] GC(27) Using 1 of 1 workers for concurrent reset
[47.261s][info][gc,ergo       ] GC(27) Pacer for Reset. Non-Taxable: 1988M
[47.261s][info][gc            ] GC(27) Concurrent reset 0.260ms
[47.263s][info][gc,start      ] GC(27) Pause Init Mark
[47.263s][info][gc,task       ] GC(27) Using 1 of 1 workers for init marking
[47.266s][info][gc,ergo       ] GC(27) Pacer for Mark. Expected Live: 60532K, Free: 1391M, Non-Taxable: 139M, Alloc Tax Rate: 0.1x
[47.266s][info][gc            ] GC(27) Pause Init Mark 2.629ms
[47.266s][info][gc,start      ] GC(27) Concurrent marking
[47.266s][info][gc,task       ] GC(27) Using 1 of 1 workers for concurrent marking
[47.378s][info][gc            ] GC(27) Concurrent marking 112.243ms
[47.379s][info][gc,start      ] GC(27) Pause Final Mark
[47.379s][info][gc,task       ] GC(27) Using 1 of 1 workers for final marking
[47.380s][info][gc,ergo       ] GC(27) Adaptive CSet Selection. Target Free: 281M, Actual Free: 1800M, Max CSet: 84823K, Min Garbage: 0B
[47.380s][info][gc,ergo       ] GC(27) Collectable Garbage: 424M (99%), Immediate: 341M (79%), CSet: 85412K (19%)
[47.384s][info][gc,ergo       ] GC(27) Pacer for Evacuation. Used CSet: 93646K, Free: 1703M, Non-Taxable: 170M, Alloc Tax Rate: 1.1x
[47.384s][info][gc            ] GC(27) Pause Final Mark 5.261ms
[47.384s][info][gc,start      ] GC(27) Concurrent cleanup
[47.384s][info][gc            ] GC(27) Concurrent cleanup 525M->184M(550M) 0.100ms
[47.384s][info][gc,ergo       ] GC(27) Free: 1703M, Max: 512K regular, 1333M humongous, Frag: 22% external, 0% internal; Reserve: 101825K, Max: 512K
[47.384s][info][gc,start      ] GC(27) Concurrent evacuation
[47.384s][info][gc,task       ] GC(27) Using 1 of 1 workers for concurrent evacuation
[47.399s][info][gc            ] GC(27) Concurrent evacuation 15.408ms
[47.405s][info][gc,start      ] GC(27) Pause Init Update Refs
[47.405s][info][gc,ergo       ] GC(27) Pacer for Update Refs. Used: 199M, Free: 1696M, Non-Taxable: 169M, Alloc Tax Rate: 1.1x
[47.405s][info][gc            ] GC(27) Pause Init Update Refs 0.055ms
[47.405s][info][gc,start      ] GC(27) Concurrent update references
[47.405s][info][gc,task       ] GC(27) Using 1 of 1 workers for concurrent reference update
[47.512s][info][gc            ] GC(27) Concurrent update references 106.880ms
[47.518s][info][gc,start      ] GC(27) Pause Final Update Refs
[47.518s][info][gc,task       ] GC(27) Using 1 of 1 workers for final reference update
[47.519s][info][gc            ] GC(27) Pause Final Update Refs 0.721ms
[47.519s][info][gc,start      ] GC(27) Concurrent cleanup
[47.519s][info][gc            ] GC(27) Concurrent cleanup 231M->139M(556M) 0.078ms
[47.519s][info][gc,ergo       ] Free: 1747M, Max: 512K regular, 1326M humongous, Frag: 25% external, 0% internal; Reserve: 101888K, Max: 512K
[47.519s][info][gc,stats      ] 
[47.519s][info][gc,stats      ] All times are wall-clock times, except per-root-class counters, that are sum over
[47.519s][info][gc,stats      ] all workers. Dividing the <total> over the root stage time estimates parallelism.
[47.519s][info][gc,stats      ] 
[47.519s][info][gc,stats      ] Concurrent Reset                    249 us
[47.519s][info][gc,stats      ] Pause Init Mark (G)                5350 us
[47.519s][info][gc,stats      ] Pause Init Mark (N)                2614 us
[47.519s][info][gc,stats      ]   Accumulate Stats                   29 us
[47.519s][info][gc,stats      ]   Make Parsable                      22 us
[47.519s][info][gc,stats      ]   Update Region States               40 us
[47.519s][info][gc,stats      ]   Scan Roots                       2460 us, parallelism: 0.78x
[47.519s][info][gc,stats      ]     S: <total>                     1921 us
[47.519s][info][gc,stats      ]     S: Thread Roots                 785 us, workers (us): 785, 
[47.519s][info][gc,stats      ]     S: Universe Roots                 2 us, workers (us):   2, 
[47.519s][info][gc,stats      ]     S: JNI Handles Roots              1 us, workers (us):   1, 
[47.519s][info][gc,stats      ]     S: Synchronizer Roots             0 us, workers (us):   0, 
[47.519s][info][gc,stats      ]     S: Management Roots               2 us, workers (us):   2, 
[47.519s][info][gc,stats      ]     S: System Dict Roots             16 us, workers (us):  16, 
[47.519s][info][gc,stats      ]     S: CLDG Roots                  1115 us, workers (us): 1115, 
[47.519s][info][gc,stats      ]     S: JVMTI Roots                    0 us, workers (us):   0, 
[47.519s][info][gc,stats      ]   Resize TLABs                       26 us
[47.519s][info][gc,stats      ] Concurrent Marking               112235 us
[47.519s][info][gc,stats      ] Pause Final Mark (G)               5488 us
[47.519s][info][gc,stats      ] Pause Final Mark (N)               5251 us
[47.519s][info][gc,stats      ]   Finish Queues                      19 us
[47.519s][info][gc,stats      ]   System Purge                      415 us
[47.519s][info][gc,stats      ]     Weak Roots                      415 us
[47.519s][info][gc,stats      ]   Update Region States             1249 us
[47.519s][info][gc,stats      ]   Retire TLABs                       39 us
[47.519s][info][gc,stats      ]   Choose Collection Set              67 us
[47.519s][info][gc,stats      ]   Rebuild Free Set                   13 us
[47.519s][info][gc,stats      ]   Initial Evacuation               3443 us, parallelism: 0.64x
[47.519s][info][gc,stats      ]     E: <total>                     2203 us
[47.519s][info][gc,stats      ]     E: Thread Roots                 718 us, workers (us): 718, 
[47.519s][info][gc,stats      ]     E: Code Cache Roots             476 us, workers (us): 476, 
[47.519s][info][gc,stats      ]     E: Universe Roots                 1 us, workers (us):   1, 
[47.519s][info][gc,stats      ]     E: JNI Handles Roots              1 us, workers (us):   1, 
[47.519s][info][gc,stats      ]     E: Synchronizer Roots             0 us, workers (us):   0, 
[47.519s][info][gc,stats      ]     E: Management Roots               1 us, workers (us):   1, 
[47.519s][info][gc,stats      ]     E: System Dict Roots             14 us, workers (us):  14, 
[47.519s][info][gc,stats      ]     E: CLDG Roots                   990 us, workers (us): 990, 
[47.519s][info][gc,stats      ]     E: JVMTI Roots                    0 us, workers (us):   0, 
[47.519s][info][gc,stats      ] Concurrent Cleanup                   93 us
[47.519s][info][gc,stats      ] Concurrent Evacuation             15398 us
[47.519s][info][gc,stats      ] Pause Init  Update Refs (G)        5291 us
[47.519s][info][gc,stats      ] Pause Init  Update Refs (N)          20 us
[47.519s][info][gc,stats      ]   Retire GCLABs                      12 us
[47.519s][info][gc,stats      ] Concurrent Update Refs           106868 us
[47.519s][info][gc,stats      ] Pause Final Update Refs (G)        7338 us
[47.519s][info][gc,stats      ] Pause Final Update Refs (N)         684 us
[47.519s][info][gc,stats      ]   Update Roots                      616 us, parallelism: 0.98x
[47.519s][info][gc,stats      ]     UR: <total>                     606 us
[47.519s][info][gc,stats      ]     UR: Thread Roots                606 us, workers (us): 606, 
[47.519s][info][gc,stats      ]   Update Region States               44 us
[47.519s][info][gc,stats      ]   Trash Collection Set                2 us
[47.519s][info][gc,stats      ]   Rebuild Free Set                   13 us
[47.519s][info][gc,stats      ] Concurrent Cleanup                   71 us
[47.519s][info][gc,stats      ] 
[47.519s][info][gc,stats      ] Allocation pacing accrued:
[47.519s][info][gc,stats      ]       0 of   756 ms (  0.0%): <total>
[47.519s][info][gc,stats      ]       0 of   756 ms (  0.0%): <average total>
[47.519s][info][gc,stats      ] 
[47.519s][info][gc,metaspace  ] Metaspace: 122116K->122116K(1159168K)
[47.519s][info][gc,ergo       ] Pacer for Idle. Initial: 40724K, Alloc Tax Rate: 1.0x
[47.965s][info][gc            ] Trigger: Explicit GC request (System.gc())
[47.965s][info][gc,ergo       ] Free: 1522M, Max: 512K regular, 1326M humongous, Frag: 13% external, 0% internal; Reserve: 101888K, Max: 512K
[47.965s][info][gc,start      ] GC(28) Concurrent reset
[47.965s][info][gc,task       ] GC(28) Using 1 of 1 workers for concurrent reset
[47.965s][info][gc,ergo       ] GC(28) Pacer for Reset. Non-Taxable: 1988M
[47.965s][info][gc            ] GC(28) Concurrent reset 0.298ms
[47.965s][info][gc,start      ] GC(28) Pause Init Mark (process weakrefs) (unload classes)
[47.965s][info][gc,task       ] GC(28) Using 1 of 1 workers for init marking
[47.967s][info][gc,ergo       ] GC(28) Pacer for Mark. Expected Live: 61727K, Free: 1522M, Non-Taxable: 152M, Alloc Tax Rate: 0.0x
[47.967s][info][gc            ] GC(28) Pause Init Mark (process weakrefs) (unload classes) 1.480ms
[47.967s][info][gc,start      ] GC(28) Concurrent marking (process weakrefs) (unload classes)
[47.967s][info][gc,task       ] GC(28) Using 1 of 1 workers for concurrent marking
[48.039s][info][gc            ] GC(28) Concurrent marking (process weakrefs) (unload classes) 72.594ms
[48.040s][info][gc,start      ] GC(28) Concurrent precleaning
[48.040s][info][gc,task       ] GC(28) Using 1 of 1 workers for concurrent preclean
[48.040s][info][gc,ergo       ] GC(28) Pacer for Precleaning. Non-Taxable: 1988M
[48.040s][info][gc            ] GC(28) Concurrent precleaning 0.536ms
[48.040s][info][gc,start      ] GC(28) Pause Final Mark (process weakrefs) (unload classes)
[48.040s][info][gc,task       ] GC(28) Using 1 of 1 workers for final marking
[48.094s][info][gc,stringtable] GC(28) Cleaned string and symbol table, strings: 29964 processed, 0 removed, symbols: 240432 processed, 648 removed
[48.095s][info][gc,ergo       ] GC(28) Adaptive CSet Selection. Target Free: 281M, Actual Free: 1900M, Max CSet: 84823K, Min Garbage: 0B
[48.095s][info][gc,ergo       ] GC(28) Collectable Garbage: 304M (98%), Immediate: 279M (90%), CSet: 25145K (7%)
[48.099s][info][gc,ergo       ] GC(28) Pacer for Evacuation. Used CSet: 26864K, Free: 1803M, Non-Taxable: 180M, Alloc Tax Rate: 1.1x
[48.099s][info][gc            ] GC(28) Pause Final Mark (process weakrefs) (unload classes) 58.334ms
[48.100s][info][gc,start      ] GC(28) Concurrent cleanup
[48.100s][info][gc            ] GC(28) Concurrent cleanup 363M->83M(556M) 0.103ms
[48.100s][info][gc,ergo       ] GC(28) Free: 1803M, Max: 512K regular, 1331M humongous, Frag: 27% external, 0% internal; Reserve: 101825K, Max: 512K
[48.100s][info][gc,start      ] GC(28) Concurrent evacuation
[48.100s][info][gc,task       ] GC(28) Using 1 of 1 workers for concurrent evacuation
[48.118s][info][gc            ] GC(28) Concurrent evacuation 17.782ms
[48.119s][info][gc,start      ] GC(28) Pause Init Update Refs
[48.119s][info][gc,ergo       ] GC(28) Pacer for Update Refs. Used: 104M, Free: 1784M, Non-Taxable: 178M, Alloc Tax Rate: 1.1x
[48.119s][info][gc            ] GC(28) Pause Init Update Refs 0.030ms
[48.119s][info][gc,start      ] GC(28) Concurrent update references
[48.119s][info][gc,task       ] GC(28) Using 1 of 1 workers for concurrent reference update
[48.154s][info][gc            ] GC(28) Concurrent update references 35.148ms
[48.154s][info][gc,start      ] GC(28) Pause Final Update Refs
[48.154s][info][gc,task       ] GC(28) Using 1 of 1 workers for final reference update
[48.158s][info][gc            ] GC(28) Pause Final Update Refs 3.522ms
[48.158s][info][gc,start      ] GC(28) Concurrent cleanup
[48.158s][info][gc            ] GC(28) Concurrent cleanup 104M->77M(556M) 0.074ms
[48.158s][info][gc,ergo       ] Free: 1809M, Max: 512K regular, 1336M humongous, Frag: 27% external, 0% internal; Reserve: 101888K, Max: 512K
[48.158s][info][gc,stats      ] 
[48.158s][info][gc,stats      ] All times are wall-clock times, except per-root-class counters, that are sum over
[48.158s][info][gc,stats      ] all workers. Dividing the <total> over the root stage time estimates parallelism.
[48.158s][info][gc,stats      ] 
[48.158s][info][gc,stats      ] Concurrent Reset                    287 us
[48.158s][info][gc,stats      ] Pause Init Mark (G)                1925 us
[48.158s][info][gc,stats      ] Pause Init Mark (N)                1468 us
[48.158s][info][gc,stats      ]   Accumulate Stats                   29 us
[48.158s][info][gc,stats      ]   Make Parsable                      59 us
[48.158s][info][gc,stats      ]   Update Region States               39 us
[48.158s][info][gc,stats      ]   Scan Roots                       1301 us, parallelism: 0.64x
[48.158s][info][gc,stats      ]     S: <total>                      836 us
[48.158s][info][gc,stats      ]     S: Thread Roots                 677 us, workers (us): 677, 
[48.158s][info][gc,stats      ]     S: Universe Roots                 2 us, workers (us):   2, 
[48.158s][info][gc,stats      ]     S: JNI Handles Roots              1 us, workers (us):   1, 
[48.158s][info][gc,stats      ]     S: Synchronizer Roots             0 us, workers (us):   0, 
[48.158s][info][gc,stats      ]     S: Management Roots               1 us, workers (us):   1, 
[48.158s][info][gc,stats      ]     S: System Dict Roots             15 us, workers (us):  15, 
[48.158s][info][gc,stats      ]     S: CLDG Roots                   139 us, workers (us): 139, 
[48.158s][info][gc,stats      ]     S: JVMTI Roots                    1 us, workers (us):   1, 
[48.158s][info][gc,stats      ]   Resize TLABs                       16 us
[48.158s][info][gc,stats      ] Concurrent Marking                72587 us
[48.158s][info][gc,stats      ] Concurrent Precleaning              529 us
[48.158s][info][gc,stats      ] Pause Final Mark (G)              60271 us
[48.158s][info][gc,stats      ] Pause Final Mark (N)              58327 us
[48.158s][info][gc,stats      ]   Finish Queues                     416 us
[48.158s][info][gc,stats      ]   Weak References                   174 us
[48.158s][info][gc,stats      ]     Process                         172 us
[48.158s][info][gc,stats      ]   System Purge                      474 us
[48.158s][info][gc,stats      ]     Unload Classes                 2217 us
[48.158s][info][gc,stats      ]     Cleanup                       50865 us, parallelism: 1.00x
[48.158s][info][gc,stats      ]       CU: <total>                 50766 us
[48.158s][info][gc,stats      ]       CU: Code Cache Roots        19677 us, workers (us): 19677, 
[48.158s][info][gc,stats      ]       CU: Code Cache Cleaning      3478 us, workers (us): 3478, 
[48.158s][info][gc,stats      ]       CU: String Table Roots      15768 us, workers (us): 15768, 
[48.158s][info][gc,stats      ]       CU: Resolved Table Roots      264 us, workers (us): 264, 
[48.158s][info][gc,stats      ]       CU: CLDG Roots              11578 us, workers (us): 11578, 
[48.158s][info][gc,stats      ]     Weak Roots                      474 us
[48.158s][info][gc,stats      ]     CLDG                            617 us
[48.158s][info][gc,stats      ]   Update Region States               47 us
[48.158s][info][gc,stats      ]   Retire TLABs                       47 us
[48.158s][info][gc,stats      ]   Choose Collection Set              45 us
[48.158s][info][gc,stats      ]   Rebuild Free Set                   13 us
[48.158s][info][gc,stats      ]   Initial Evacuation               3403 us, parallelism: 0.67x
[48.158s][info][gc,stats      ]     E: <total>                     2272 us
[48.158s][info][gc,stats      ]     E: Thread Roots                 702 us, workers (us): 702, 
[48.158s][info][gc,stats      ]     E: Code Cache Roots             579 us, workers (us): 579, 
[48.158s][info][gc,stats      ]     E: Universe Roots                 3 us, workers (us):   3, 
[48.158s][info][gc,stats      ]     E: JNI Handles Roots              1 us, workers (us):   1, 
[48.158s][info][gc,stats      ]     E: Synchronizer Roots             0 us, workers (us):   0, 
[48.158s][info][gc,stats      ]     E: Management Roots               1 us, workers (us):   1, 
[48.158s][info][gc,stats      ]     E: System Dict Roots             14 us, workers (us):  14, 
[48.158s][info][gc,stats      ]     E: CLDG Roots                   971 us, workers (us): 971, 
[48.158s][info][gc,stats      ]     E: JVMTI Roots                    1 us, workers (us):   1, 
[48.158s][info][gc,stats      ] Concurrent Cleanup                   89 us
[48.158s][info][gc,stats      ] Concurrent Evacuation             17773 us
[48.158s][info][gc,stats      ] Pause Init  Update Refs (G)         441 us
[48.158s][info][gc,stats      ] Pause Init  Update Refs (N)          22 us
[48.158s][info][gc,stats      ]   Retire GCLABs                      15 us
[48.158s][info][gc,stats      ] Concurrent Update Refs            35138 us
[48.158s][info][gc,stats      ] Pause Final Update Refs (G)        3948 us
[48.158s][info][gc,stats      ] Pause Final Update Refs (N)        3513 us
[48.158s][info][gc,stats      ]   Update Roots                     3442 us, parallelism: 0.17x
[48.158s][info][gc,stats      ]     UR: <total>                     573 us
[48.158s][info][gc,stats      ]     UR: Thread Roots                573 us, workers (us): 573, 
[48.158s][info][gc,stats      ]   Update Region States               48 us
[48.158s][info][gc,stats      ]   Trash Collection Set                2 us
[48.158s][info][gc,stats      ]   Rebuild Free Set                   13 us
[48.158s][info][gc,stats      ] Concurrent Cleanup                   66 us
[48.158s][info][gc,stats      ] 
[48.158s][info][gc,stats      ] Allocation pacing accrued:
[48.158s][info][gc,stats      ]       0 of   639 ms (  0.0%): <total>
[48.158s][info][gc,stats      ]       0 of   639 ms (  0.0%): <average total>
[48.158s][info][gc,stats      ] 
[48.158s][info][gc,metaspace  ] Metaspace: 122175K->120966K(1159168K)
[48.158s][info][gc,ergo       ] Pacer for Idle. Initial: 40724K, Alloc Tax Rate: 1.0x
[48.158s][info][gc,start      ] Concurrent uncommit
[48.203s][info][gc            ] Concurrent uncommit 77M->78M(80M) 44.355ms
[49.518s][info][gc            ] Trigger: Learning 2 of 5. Free (1391M) is below initial threshold (1391M)
[49.518s][info][gc,ergo       ] Free: 1391M, Max: 512K regular, 1336M humongous, Frag: 4% external, 0% internal; Reserve: 101888K, Max: 512K
[49.518s][info][gc,start      ] GC(29) Concurrent reset
[49.518s][info][gc,task       ] GC(29) Using 1 of 1 workers for concurrent reset
[49.518s][info][gc,ergo       ] GC(29) Pacer for Reset. Non-Taxable: 1988M
[49.518s][info][gc            ] GC(29) Concurrent reset 0.263ms
[49.527s][info][gc,start      ] GC(29) Pause Init Mark
[49.527s][info][gc,task       ] GC(29) Using 1 of 1 workers for init marking
[49.530s][info][gc,ergo       ] GC(29) Pacer for Mark. Expected Live: 59660K, Free: 1391M, Non-Taxable: 139M, Alloc Tax Rate: 0.1x
[49.530s][info][gc            ] GC(29) Pause Init Mark 2.756ms
[49.531s][info][gc,start      ] GC(29) Concurrent marking
[49.532s][info][gc,task       ] GC(29) Using 1 of 1 workers for concurrent marking
[49.682s][info][gc            ] GC(29) Concurrent marking 150.521ms
[49.682s][info][gc,start      ] GC(29) Pause Final Mark
[49.682s][info][gc,task       ] GC(29) Using 1 of 1 workers for final marking
[49.685s][info][gc,ergo       ] GC(29) Adaptive CSet Selection. Target Free: 281M, Actual Free: 1795M, Max CSet: 84823K, Min Garbage: 0B
[49.685s][info][gc,ergo       ] GC(29) Collectable Garbage: 427M (99%), Immediate: 348M (80%), CSet: 81230K (18%)
[49.689s][info][gc,ergo       ] GC(29) Pacer for Evacuation. Used CSet: 86327K, Free: 1702M, Non-Taxable: 170M, Alloc Tax Rate: 1.1x
[49.689s][info][gc            ] GC(29) Pause Final Mark 7.160ms
[49.689s][info][gc,start      ] GC(29) Concurrent cleanup
[49.690s][info][gc            ] GC(29) Concurrent cleanup 532M->184M(542M) 0.102ms
[49.690s][info][gc,ergo       ] GC(29) Free: 1702M, Max: 512K regular, 1336M humongous, Frag: 22% external, 0% internal; Reserve: 101632K, Max: 512K
[49.690s][info][gc,start      ] GC(29) Concurrent evacuation
[49.690s][info][gc,task       ] GC(29) Using 1 of 1 workers for concurrent evacuation
[49.713s][info][gc            ] GC(29) Concurrent evacuation 23.557ms
[49.714s][info][gc,start      ] GC(29) Pause Init Update Refs
[49.714s][info][gc,ergo       ] GC(29) Pacer for Update Refs. Used: 192M, Free: 1699M, Non-Taxable: 169M, Alloc Tax Rate: 1.1x
[49.714s][info][gc            ] GC(29) Pause Init Update Refs 0.033ms
[49.714s][info][gc,start      ] GC(29) Concurrent update references
[49.714s][info][gc,task       ] GC(29) Using 1 of 1 workers for concurrent reference update
[49.812s][info][gc            ] GC(29) Concurrent update references 98.231ms
[49.812s][info][gc,start      ] GC(29) Pause Final Update Refs
[49.812s][info][gc,task       ] GC(29) Using 1 of 1 workers for final reference update
[49.814s][info][gc            ] GC(29) Pause Final Update Refs 1.827ms
[49.816s][info][gc,start      ] GC(29) Concurrent cleanup
[49.816s][info][gc            ] GC(29) Concurrent cleanup 204M->120M(547M) 0.109ms
[49.816s][info][gc,ergo       ] Free: 1765M, Max: 512K regular, 1332M humongous, Frag: 25% external, 0% internal; Reserve: 101888K, Max: 512K
[49.816s][info][gc,stats      ] 
[49.816s][info][gc,stats      ] All times are wall-clock times, except per-root-class counters, that are sum over
[49.816s][info][gc,stats      ] all workers. Dividing the <total> over the root stage time estimates parallelism.
[49.816s][info][gc,stats      ] 
[49.816s][info][gc,stats      ] Concurrent Reset                    246 us
[49.816s][info][gc,stats      ] Pause Init Mark (G)               13250 us
[49.816s][info][gc,stats      ] Pause Init Mark (N)                2716 us
[49.816s][info][gc,stats      ]   Accumulate Stats                   29 us
[49.816s][info][gc,stats      ]   Make Parsable                      35 us
[49.816s][info][gc,stats      ]   Update Region States               56 us
[49.816s][info][gc,stats      ]   Scan Roots                       2529 us, parallelism: 0.81x
[49.816s][info][gc,stats      ]     S: <total>                     2058 us
[49.816s][info][gc,stats      ]     S: Thread Roots                 778 us, workers (us): 778, 
[49.816s][info][gc,stats      ]     S: Universe Roots                 2 us, workers (us):   2, 
[49.816s][info][gc,stats      ]     S: JNI Handles Roots              1 us, workers (us):   1, 
[49.816s][info][gc,stats      ]     S: Synchronizer Roots             0 us, workers (us):   0, 
[49.816s][info][gc,stats      ]     S: Management Roots               1 us, workers (us):   1, 
[49.816s][info][gc,stats      ]     S: System Dict Roots             16 us, workers (us):  16, 
[49.816s][info][gc,stats      ]     S: CLDG Roots                  1258 us, workers (us): 1258, 
[49.816s][info][gc,stats      ]     S: JVMTI Roots                    0 us, workers (us):   0, 
[49.816s][info][gc,stats      ]   Resize TLABs                       27 us
[49.816s][info][gc,stats      ] Concurrent Marking               150489 us
[49.816s][info][gc,stats      ] Pause Final Mark (G)               7447 us
[49.816s][info][gc,stats      ] Pause Final Mark (N)               7150 us
[49.816s][info][gc,stats      ]   Finish Queues                      23 us
[49.816s][info][gc,stats      ]   System Purge                      461 us
[49.816s][info][gc,stats      ]     Weak Roots                      461 us
[49.816s][info][gc,stats      ]   Update Region States             2040 us
[49.816s][info][gc,stats      ]   Retire TLABs                       66 us
[49.816s][info][gc,stats      ]   Choose Collection Set             109 us
[49.816s][info][gc,stats      ]   Rebuild Free Set                   13 us
[49.816s][info][gc,stats      ]   Initial Evacuation               4430 us, parallelism: 0.60x
[49.816s][info][gc,stats      ]     E: <total>                     2641 us
[49.816s][info][gc,stats      ]     E: Thread Roots                 765 us, workers (us): 765, 
[49.816s][info][gc,stats      ]     E: Code Cache Roots             515 us, workers (us): 515, 
[49.816s][info][gc,stats      ]     E: Universe Roots                 1 us, workers (us):   1, 
[49.816s][info][gc,stats      ]     E: JNI Handles Roots              1 us, workers (us):   1, 
[49.816s][info][gc,stats      ]     E: Synchronizer Roots             0 us, workers (us):   0, 
[49.816s][info][gc,stats      ]     E: Management Roots               2 us, workers (us):   2, 
[49.816s][info][gc,stats      ]     E: System Dict Roots             14 us, workers (us):  14, 
[49.816s][info][gc,stats      ]     E: CLDG Roots                  1341 us, workers (us): 1341, 
[49.816s][info][gc,stats      ]     E: JVMTI Roots                    1 us, workers (us):   1, 
[49.816s][info][gc,stats      ] Concurrent Cleanup                   95 us
[49.816s][info][gc,stats      ] Concurrent Evacuation             23547 us
[49.816s][info][gc,stats      ] Pause Init  Update Refs (G)         475 us
[49.816s][info][gc,stats      ] Pause Init  Update Refs (N)          24 us
[49.816s][info][gc,stats      ]   Retire GCLABs                      17 us
[49.816s][info][gc,stats      ] Concurrent Update Refs            98220 us
[49.816s][info][gc,stats      ] Pause Final Update Refs (G)        3899 us
[49.816s][info][gc,stats      ] Pause Final Update Refs (N)        1803 us
[49.816s][info][gc,stats      ]   Update Roots                     1732 us, parallelism: 0.42x
[49.816s][info][gc,stats      ]     UR: <total>                     724 us
[49.816s][info][gc,stats      ]     UR: Thread Roots                724 us, workers (us): 724, 
[49.816s][info][gc,stats      ]   Update Region States               44 us
[49.816s][info][gc,stats      ]   Trash Collection Set                3 us
[49.816s][info][gc,stats      ]   Rebuild Free Set                   13 us
[49.816s][info][gc,stats      ] Concurrent Cleanup                   73 us
[49.816s][info][gc,stats      ] 
[49.816s][info][gc,stats      ] Allocation pacing accrued:
[49.816s][info][gc,stats      ]       0 of  1658 ms (  0.0%): <total>
[49.816s][info][gc,stats      ]       0 of  1658 ms (  0.0%): <average total>
[49.816s][info][gc,stats      ] 
[49.816s][info][gc,metaspace  ] Metaspace: 122238K->122323K(1159168K)
[49.816s][info][gc,ergo       ] Pacer for Idle. Initial: 40724K, Alloc Tax Rate: 1.0x
[50.366s][info][gc            ] Trigger: Learning 3 of 5. Free (1390M) is below initial threshold (1391M)
[50.366s][info][gc,ergo       ] Free: 1390M, Max: 512K regular, 1332M humongous, Frag: 5% external, 0% internal; Reserve: 101888K, Max: 512K
[50.366s][info][gc,start      ] GC(30) Concurrent reset
[50.366s][info][gc,task       ] GC(30) Using 1 of 1 workers for concurrent reset
[50.366s][info][gc,ergo       ] GC(30) Pacer for Reset. Non-Taxable: 1988M
[50.366s][info][gc            ] GC(30) Concurrent reset 0.312ms
[50.368s][info][gc,start      ] GC(30) Pause Init Mark (process weakrefs)
[50.368s][info][gc,task       ] GC(30) Using 1 of 1 workers for init marking
[50.371s][info][gc,ergo       ] GC(30) Pacer for Mark. Expected Live: 60372K, Free: 1390M, Non-Taxable: 139M, Alloc Tax Rate: 0.1x
[50.371s][info][gc            ] GC(30) Pause Init Mark (process weakrefs) 2.659ms
[50.371s][info][gc,start      ] GC(30) Concurrent marking (process weakrefs)
[50.371s][info][gc,task       ] GC(30) Using 1 of 1 workers for concurrent marking
[50.458s][info][gc            ] GC(30) Concurrent marking (process weakrefs) 87.335ms
[50.458s][info][gc,start      ] GC(30) Concurrent precleaning
[50.458s][info][gc,task       ] GC(30) Using 1 of 1 workers for concurrent preclean
[50.458s][info][gc,ergo       ] GC(30) Pacer for Precleaning. Non-Taxable: 1988M
[50.460s][info][gc            ] GC(30) Concurrent precleaning 1.948ms
[50.461s][info][gc,start      ] GC(30) Pause Final Mark (process weakrefs)
[50.461s][info][gc,task       ] GC(30) Using 1 of 1 workers for final marking
[50.462s][info][gc,ergo       ] GC(30) Adaptive CSet Selection. Target Free: 281M, Actual Free: 1834M, Max CSet: 84823K, Min Garbage: 0B
[50.462s][info][gc,ergo       ] GC(30) Collectable Garbage: 433M (99%), Immediate: 392M (89%), CSet: 42147K (9%)
[50.466s][info][gc,ergo       ] GC(30) Pacer for Evacuation. Used CSet: 44940K, Free: 1735M, Non-Taxable: 173M, Alloc Tax Rate: 1.1x
[50.466s][info][gc            ] GC(30) Pause Final Mark (process weakrefs) 4.317ms
[50.466s][info][gc,start      ] GC(30) Concurrent cleanup
[50.468s][info][gc            ] GC(30) Concurrent cleanup 544M->153M(549M) 2.043ms
[50.468s][info][gc,ergo       ] GC(30) Free: 1734M, Max: 512K regular, 1332M humongous, Frag: 24% external, 0% internal; Reserve: 101359K, Max: 512K
[50.468s][info][gc,start      ] GC(30) Concurrent evacuation
[50.468s][info][gc,task       ] GC(30) Using 1 of 1 workers for concurrent evacuation
[50.490s][info][gc            ] GC(30) Concurrent evacuation 21.669ms
[50.494s][info][gc,start      ] GC(30) Pause Init Update Refs
[50.495s][info][gc,ergo       ] GC(30) Pacer for Update Refs. Used: 170M, Free: 1720M, Non-Taxable: 172M, Alloc Tax Rate: 1.1x
[50.495s][info][gc            ] GC(30) Pause Init Update Refs 0.060ms
[50.495s][info][gc,start      ] GC(30) Concurrent update references
[50.495s][info][gc,task       ] GC(30) Using 1 of 1 workers for concurrent reference update
[50.592s][info][gc            ] GC(30) Concurrent update references 97.448ms
[50.594s][info][gc,start      ] GC(30) Pause Final Update Refs
[50.594s][info][gc,task       ] GC(30) Using 1 of 1 workers for final reference update
[50.595s][info][gc            ] GC(30) Pause Final Update Refs 0.659ms
[50.595s][info][gc,start      ] GC(30) Concurrent cleanup
[50.595s][info][gc            ] GC(30) Concurrent cleanup 214M->170M(550M) 0.111ms
[50.595s][info][gc,ergo       ] Free: 1716M, Max: 512K regular, 1332M humongous, Frag: 23% external, 0% internal; Reserve: 101888K, Max: 512K
[50.595s][info][gc,stats      ] 
[50.595s][info][gc,stats      ] All times are wall-clock times, except per-root-class counters, that are sum over
[50.595s][info][gc,stats      ] all workers. Dividing the <total> over the root stage time estimates parallelism.
[50.595s][info][gc,stats      ] 
[50.595s][info][gc,stats      ] Concurrent Reset                    289 us
[50.595s][info][gc,stats      ] Pause Init Mark (G)                5039 us
[50.595s][info][gc,stats      ] Pause Init Mark (N)                2645 us
[50.595s][info][gc,stats      ]   Accumulate Stats                   28 us
[50.595s][info][gc,stats      ]   Make Parsable                      19 us
[50.595s][info][gc,stats      ]   Update Region States              130 us
[50.595s][info][gc,stats      ]   Scan Roots                       2403 us, parallelism: 0.81x
[50.595s][info][gc,stats      ]     S: <total>                     1938 us
[50.595s][info][gc,stats      ]     S: Thread Roots                 807 us, workers (us): 807, 
[50.595s][info][gc,stats      ]     S: Universe Roots                 2 us, workers (us):   2, 
[50.595s][info][gc,stats      ]     S: JNI Handles Roots              2 us, workers (us):   2, 
[50.595s][info][gc,stats      ]     S: Synchronizer Roots             0 us, workers (us):   0, 
[50.595s][info][gc,stats      ]     S: Management Roots               1 us, workers (us):   1, 
[50.595s][info][gc,stats      ]     S: System Dict Roots             15 us, workers (us):  15, 
[50.595s][info][gc,stats      ]     S: CLDG Roots                  1110 us, workers (us): 1110, 
[50.595s][info][gc,stats      ]     S: JVMTI Roots                    0 us, workers (us):   0, 
[50.595s][info][gc,stats      ]   Resize TLABs                       26 us
[50.595s][info][gc,stats      ] Concurrent Marking                87327 us
[50.595s][info][gc,stats      ] Concurrent Precleaning             1940 us
[50.595s][info][gc,stats      ] Pause Final Mark (G)               5850 us
[50.595s][info][gc,stats      ] Pause Final Mark (N)               4307 us
[50.595s][info][gc,stats      ]   Finish Queues                      38 us
[50.595s][info][gc,stats      ]   Weak References                    69 us
[50.595s][info][gc,stats      ]     Process                          67 us
[50.595s][info][gc,stats      ]   System Purge                      464 us
[50.595s][info][gc,stats      ]     Weak Roots                      464 us
[50.595s][info][gc,stats      ]   Update Region States               43 us
[50.595s][info][gc,stats      ]   Retire TLABs                       30 us
[50.595s][info][gc,stats      ]   Choose Collection Set              45 us
[50.595s][info][gc,stats      ]   Rebuild Free Set                   13 us
[50.595s][info][gc,stats      ]   Initial Evacuation               3598 us, parallelism: 0.67x
[50.595s][info][gc,stats      ]     E: <total>                     2403 us
[50.595s][info][gc,stats      ]     E: Thread Roots                 742 us, workers (us): 742, 
[50.595s][info][gc,stats      ]     E: Code Cache Roots             588 us, workers (us): 588, 
[50.595s][info][gc,stats      ]     E: Universe Roots                 1 us, workers (us):   1, 
[50.595s][info][gc,stats      ]     E: JNI Handles Roots              1 us, workers (us):   1, 
[50.595s][info][gc,stats      ]     E: Synchronizer Roots             0 us, workers (us):   0, 
[50.595s][info][gc,stats      ]     E: Management Roots               1 us, workers (us):   1, 
[50.595s][info][gc,stats      ]     E: System Dict Roots             13 us, workers (us):  13, 
[50.595s][info][gc,stats      ]     E: CLDG Roots                  1057 us, workers (us): 1057, 
[50.595s][info][gc,stats      ]     E: JVMTI Roots                    0 us, workers (us):   0, 
[50.595s][info][gc,stats      ] Concurrent Cleanup                  167 us
[50.595s][info][gc,stats      ] Concurrent Evacuation             21659 us
[50.595s][info][gc,stats      ] Pause Init  Update Refs (G)        4511 us
[50.595s][info][gc,stats      ] Pause Init  Update Refs (N)          32 us
[50.595s][info][gc,stats      ]   Retire GCLABs                      21 us
[50.595s][info][gc,stats      ] Concurrent Update Refs            97437 us
[50.595s][info][gc,stats      ] Pause Final Update Refs (G)        3051 us
[50.595s][info][gc,stats      ] Pause Final Update Refs (N)         647 us
[50.595s][info][gc,stats      ]   Update Roots                      586 us, parallelism: 0.99x
[50.595s][info][gc,stats      ]     UR: <total>                     578 us
[50.595s][info][gc,stats      ]     UR: Thread Roots                578 us, workers (us): 578, 
[50.595s][info][gc,stats      ]   Update Region States               40 us
[50.595s][info][gc,stats      ]   Trash Collection Set                2 us
[50.595s][info][gc,stats      ]   Rebuild Free Set                   13 us
[50.595s][info][gc,stats      ] Concurrent Cleanup                  105 us
[50.595s][info][gc,stats      ] 
[50.595s][info][gc,stats      ] Allocation pacing accrued:
[50.595s][info][gc,stats      ]       0 of   779 ms (  0.0%): <total>
[50.595s][info][gc,stats      ]       0 of   779 ms (  0.0%): <average total>
[50.595s][info][gc,stats      ] 
[50.595s][info][gc,metaspace  ] Metaspace: 122323K->122363K(1159168K)
[50.595s][info][gc,ergo       ] Pacer for Idle. Initial: 40724K, Alloc Tax Rate: 1.0x
[51.059s][info][gc            ] Trigger: Learning 4 of 5. Free (1391M) is below initial threshold (1391M)
[51.059s][info][gc,ergo       ] Free: 1392M, Max: 512K regular, 1332M humongous, Frag: 5% external, 0% internal; Reserve: 101888K, Max: 512K
[51.060s][info][gc,start      ] GC(31) Concurrent reset
[51.060s][info][gc,task       ] GC(31) Using 1 of 1 workers for concurrent reset
[51.060s][info][gc,ergo       ] GC(31) Pacer for Reset. Non-Taxable: 1988M
[51.060s][info][gc            ] GC(31) Concurrent reset 0.249ms
[51.062s][info][gc,start      ] GC(31) Pause Init Mark
[51.062s][info][gc,task       ] GC(31) Using 1 of 1 workers for init marking
[51.065s][info][gc,ergo       ] GC(31) Pacer for Mark. Expected Live: 60584K, Free: 1392M, Non-Taxable: 139M, Alloc Tax Rate: 0.1x
[51.065s][info][gc            ] GC(31) Pause Init Mark 2.553ms
[51.065s][info][gc,start      ] GC(31) Concurrent marking
[51.065s][info][gc,task       ] GC(31) Using 1 of 1 workers for concurrent marking
[51.169s][info][gc            ] GC(31) Concurrent marking 104.270ms
[51.169s][info][gc,start      ] GC(31) Pause Final Mark
[51.169s][info][gc,task       ] GC(31) Using 1 of 1 workers for final marking
[51.170s][info][gc,ergo       ] GC(31) Adaptive CSet Selection. Target Free: 281M, Actual Free: 1782M, Max CSet: 84823K, Min Garbage: 0B
[51.170s][info][gc,ergo       ] GC(31) Collectable Garbage: 423M (99%), Immediate: 322M (75%), CSet: 100M (23%)
[51.173s][info][gc,ergo       ] GC(31) Pacer for Evacuation. Used CSet: 109M, Free: 1686M, Non-Taxable: 168M, Alloc Tax Rate: 1.1x
[51.173s][info][gc            ] GC(31) Pause Final Mark 4.210ms
[51.174s][info][gc,start      ] GC(31) Concurrent cleanup
[51.174s][info][gc            ] GC(31) Concurrent cleanup 524M->201M(550M) 0.103ms
[51.174s][info][gc,ergo       ] GC(31) Free: 1686M, Max: 512K regular, 1332M humongous, Frag: 21% external, 0% internal; Reserve: 101761K, Max: 512K
[51.174s][info][gc,start      ] GC(31) Concurrent evacuation
[51.174s][info][gc,task       ] GC(31) Using 1 of 1 workers for concurrent evacuation
[51.194s][info][gc            ] GC(31) Concurrent evacuation 19.857ms
[51.198s][info][gc,start      ] GC(31) Pause Init Update Refs
[51.198s][info][gc,ergo       ] GC(31) Pacer for Update Refs. Used: 217M, Free: 1679M, Non-Taxable: 167M, Alloc Tax Rate: 1.1x
[51.198s][info][gc            ] GC(31) Pause Init Update Refs 0.051ms
[51.198s][info][gc,start      ] GC(31) Concurrent update references
[51.198s][info][gc,task       ] GC(31) Using 1 of 1 workers for concurrent reference update
[51.313s][info][gc            ] GC(31) Concurrent update references 114.953ms
[51.318s][info][gc,start      ] GC(31) Pause Final Update Refs
[51.318s][info][gc,task       ] GC(31) Using 1 of 1 workers for final reference update
[51.318s][info][gc            ] GC(31) Pause Final Update Refs 0.712ms
[51.318s][info][gc,start      ] GC(31) Concurrent cleanup
[51.318s][info][gc            ] GC(31) Concurrent cleanup 252M->143M(557M) 0.079ms
[51.319s][info][gc,ergo       ] Free: 1744M, Max: 512K regular, 1325M humongous, Frag: 25% external, 1% internal; Reserve: 101888K, Max: 512K
[51.319s][info][gc,stats      ] 
[51.319s][info][gc,stats      ] All times are wall-clock times, except per-root-class counters, that are sum over
[51.319s][info][gc,stats      ] all workers. Dividing the <total> over the root stage time estimates parallelism.
[51.319s][info][gc,stats      ] 
[51.319s][info][gc,stats      ] Concurrent Reset                    242 us
[51.319s][info][gc,stats      ] Pause Init Mark (G)                4993 us
[51.319s][info][gc,stats      ] Pause Init Mark (N)                2539 us
[51.319s][info][gc,stats      ]   Accumulate Stats                   30 us
[51.319s][info][gc,stats      ]   Make Parsable                      27 us
[51.319s][info][gc,stats      ]   Update Region States               45 us
[51.319s][info][gc,stats      ]   Scan Roots                       2375 us, parallelism: 0.81x
[51.319s][info][gc,stats      ]     S: <total>                     1917 us
[51.319s][info][gc,stats      ]     S: Thread Roots                 829 us, workers (us): 829, 
[51.319s][info][gc,stats      ]     S: Universe Roots                 2 us, workers (us):   2, 
[51.319s][info][gc,stats      ]     S: JNI Handles Roots              1 us, workers (us):   1, 
[51.319s][info][gc,stats      ]     S: Synchronizer Roots             0 us, workers (us):   0, 
[51.319s][info][gc,stats      ]     S: Management Roots               1 us, workers (us):   1, 
[51.319s][info][gc,stats      ]     S: System Dict Roots             17 us, workers (us):  17, 
[51.319s][info][gc,stats      ]     S: CLDG Roots                  1066 us, workers (us): 1066, 
[51.319s][info][gc,stats      ]     S: JVMTI Roots                    0 us, workers (us):   0, 
[51.319s][info][gc,stats      ]   Resize TLABs                       26 us
[51.319s][info][gc,stats      ] Concurrent Marking               104263 us
[51.319s][info][gc,stats      ] Pause Final Mark (G)               4426 us
[51.319s][info][gc,stats      ] Pause Final Mark (N)               4197 us
[51.319s][info][gc,stats      ]   Finish Queues                      19 us
[51.319s][info][gc,stats      ]   System Purge                      418 us
[51.319s][info][gc,stats      ]     Weak Roots                      418 us
[51.319s][info][gc,stats      ]   Update Region States               73 us
[51.319s][info][gc,stats      ]   Retire TLABs                       28 us
[51.319s][info][gc,stats      ]   Choose Collection Set              63 us
[51.319s][info][gc,stats      ]   Rebuild Free Set                   13 us
[51.319s][info][gc,stats      ]   Initial Evacuation               3576 us, parallelism: 0.68x
[51.319s][info][gc,stats      ]     E: <total>                     2420 us
[51.319s][info][gc,stats      ]     E: Thread Roots                 793 us, workers (us): 793, 
[51.319s][info][gc,stats      ]     E: Code Cache Roots             615 us, workers (us): 615, 
[51.319s][info][gc,stats      ]     E: Universe Roots                 1 us, workers (us):   1, 
[51.319s][info][gc,stats      ]     E: JNI Handles Roots              1 us, workers (us):   1, 
[51.319s][info][gc,stats      ]     E: Synchronizer Roots             0 us, workers (us):   0, 
[51.319s][info][gc,stats      ]     E: Management Roots               1 us, workers (us):   1, 
[51.319s][info][gc,stats      ]     E: System Dict Roots             13 us, workers (us):  13, 
[51.319s][info][gc,stats      ]     E: CLDG Roots                   995 us, workers (us): 995, 
[51.319s][info][gc,stats      ]     E: JVMTI Roots                    0 us, workers (us):   0, 
[51.319s][info][gc,stats      ] Concurrent Cleanup                   96 us
[51.319s][info][gc,stats      ] Concurrent Evacuation             19846 us
[51.319s][info][gc,stats      ] Pause Init  Update Refs (G)        4730 us
[51.319s][info][gc,stats      ] Pause Init  Update Refs (N)          21 us
[51.319s][info][gc,stats      ]   Retire GCLABs                      12 us
[51.319s][info][gc,stats      ] Concurrent Update Refs           114942 us
[51.319s][info][gc,stats      ] Pause Final Update Refs (G)        5131 us
[51.319s][info][gc,stats      ] Pause Final Update Refs (N)         681 us
[51.319s][info][gc,stats      ]   Update Roots                      611 us, parallelism: 0.99x
[51.319s][info][gc,stats      ]     UR: <total>                     602 us
[51.319s][info][gc,stats      ]     UR: Thread Roots                602 us, workers (us): 602, 
[51.319s][info][gc,stats      ]   Update Region States               44 us
[51.319s][info][gc,stats      ]   Trash Collection Set                3 us
[51.319s][info][gc,stats      ]   Rebuild Free Set                   13 us
[51.319s][info][gc,stats      ] Concurrent Cleanup                   73 us
[51.319s][info][gc,stats      ] 
[51.319s][info][gc,stats      ] Allocation pacing accrued:
[51.319s][info][gc,stats      ]       0 of   723 ms (  0.0%): <total>
[51.319s][info][gc,stats      ]       0 of   723 ms (  0.0%): <average total>
[51.319s][info][gc,stats      ] 
[51.319s][info][gc,metaspace  ] Metaspace: 122506K->122506K(1159168K)
[51.319s][info][gc,ergo       ] Pacer for Idle. Initial: 40724K, Alloc Tax Rate: 1.0x
[51.738s][info][gc            ] Trigger: Explicit GC request (System.gc())
[51.739s][info][gc,ergo       ] Free: 1529M, Max: 512K regular, 1325M humongous, Frag: 14% external, 0% internal; Reserve: 101888K, Max: 512K
[51.739s][info][gc,start      ] GC(32) Concurrent reset
[51.739s][info][gc,task       ] GC(32) Using 1 of 1 workers for concurrent reset
[51.739s][info][gc,ergo       ] GC(32) Pacer for Reset. Non-Taxable: 1988M
[51.739s][info][gc            ] GC(32) Concurrent reset 0.330ms
[51.739s][info][gc,start      ] GC(32) Pause Init Mark (process weakrefs) (unload classes)
[51.739s][info][gc,task       ] GC(32) Using 1 of 1 workers for init marking
[51.741s][info][gc,ergo       ] GC(32) Pacer for Mark. Expected Live: 62145K, Free: 1529M, Non-Taxable: 152M, Alloc Tax Rate: 0.0x
[51.741s][info][gc            ] GC(32) Pause Init Mark (process weakrefs) (unload classes) 1.532ms
[51.741s][info][gc,start      ] GC(32) Concurrent marking (process weakrefs) (unload classes)
[51.741s][info][gc,task       ] GC(32) Using 1 of 1 workers for concurrent marking
[51.796s][info][gc            ] GC(32) Concurrent marking (process weakrefs) (unload classes) 54.655ms
[51.796s][info][gc,start      ] GC(32) Concurrent precleaning
[51.796s][info][gc,task       ] GC(32) Using 1 of 1 workers for concurrent preclean
[51.796s][info][gc,ergo       ] GC(32) Pacer for Precleaning. Non-Taxable: 1988M
[51.796s][info][gc            ] GC(32) Concurrent precleaning 0.606ms
[51.796s][info][gc,start      ] GC(32) Pause Final Mark (process weakrefs) (unload classes)
[51.797s][info][gc,task       ] GC(32) Using 1 of 1 workers for final marking
[51.852s][info][gc,stringtable] GC(32) Cleaned string and symbol table, strings: 30046 processed, 0 removed, symbols: 240432 processed, 648 removed
[51.853s][info][gc,ergo       ] GC(32) Collectable Garbage: 274M (91%), Immediate: 274M (91%), CSet: 0B (0%)
[51.853s][info][gc            ] GC(32) Pause Final Mark (process weakrefs) (unload classes) 56.140ms
[51.853s][info][gc,start      ] GC(32) Concurrent cleanup
[51.853s][info][gc            ] GC(32) Concurrent cleanup 355M->80M(557M) 0.119ms
[51.853s][info][gc,ergo       ] GC(32) Free: 1806M, Max: 512K regular, 1332M humongous, Frag: 27% external, 0% internal; Reserve: 101888K, Max: 512K
[51.853s][info][gc,ergo       ] Free: 1806M, Max: 512K regular, 1332M humongous, Frag: 27% external, 0% internal; Reserve: 101888K, Max: 512K
[51.853s][info][gc,stats      ] 
[51.853s][info][gc,stats      ] All times are wall-clock times, except per-root-class counters, that are sum over
[51.853s][info][gc,stats      ] all workers. Dividing the <total> over the root stage time estimates parallelism.
[51.853s][info][gc,stats      ] 
[51.853s][info][gc,stats      ] Concurrent Reset                    322 us
[51.853s][info][gc,stats      ] Pause Init Mark (G)                1974 us
[51.853s][info][gc,stats      ] Pause Init Mark (N)                1521 us
[51.853s][info][gc,stats      ]   Accumulate Stats                   30 us
[51.853s][info][gc,stats      ]   Make Parsable                      64 us
[51.853s][info][gc,stats      ]   Update Region States               40 us
[51.853s][info][gc,stats      ]   Scan Roots                       1341 us, parallelism: 0.65x
[51.853s][info][gc,stats      ]     S: <total>                      870 us
[51.853s][info][gc,stats      ]     S: Thread Roots                 711 us, workers (us): 711, 
[51.853s][info][gc,stats      ]     S: Universe Roots                 2 us, workers (us):   2, 
[51.853s][info][gc,stats      ]     S: JNI Handles Roots              2 us, workers (us):   2, 
[51.853s][info][gc,stats      ]     S: Synchronizer Roots             0 us, workers (us):   0, 
[51.853s][info][gc,stats      ]     S: Management Roots               1 us, workers (us):   1, 
[51.853s][info][gc,stats      ]     S: System Dict Roots             15 us, workers (us):  15, 
[51.853s][info][gc,stats      ]     S: CLDG Roots                   137 us, workers (us): 137, 
[51.853s][info][gc,stats      ]     S: JVMTI Roots                    0 us, workers (us):   0, 
[51.853s][info][gc,stats      ]   Resize TLABs                       18 us
[51.853s][info][gc,stats      ] Concurrent Marking                54647 us
[51.853s][info][gc,stats      ] Concurrent Precleaning              599 us
[51.853s][info][gc,stats      ] Pause Final Mark (G)              56459 us
[51.853s][info][gc,stats      ] Pause Final Mark (N)              56133 us
[51.853s][info][gc,stats      ]   Finish Queues                     187 us
[51.853s][info][gc,stats      ]   Weak References                   159 us
[51.853s][info][gc,stats      ]     Process                         156 us
[51.853s][info][gc,stats      ]   System Purge                      482 us
[51.853s][info][gc,stats      ]     Unload Classes                 2190 us
[51.853s][info][gc,stats      ]     Cleanup                       52173 us, parallelism: 1.00x
[51.853s][info][gc,stats      ]       CU: <total>                 52098 us
[51.853s][info][gc,stats      ]       CU: Code Cache Roots        20826 us, workers (us): 20826, 
[51.853s][info][gc,stats      ]       CU: Code Cache Cleaning      3796 us, workers (us): 3796, 
[51.853s][info][gc,stats      ]       CU: String Table Roots      15389 us, workers (us): 15389, 
[51.853s][info][gc,stats      ]       CU: Resolved Table Roots      265 us, workers (us): 265, 
[51.853s][info][gc,stats      ]       CU: CLDG Roots              11821 us, workers (us): 11821, 
[51.853s][info][gc,stats      ]     Weak Roots                      481 us
[51.853s][info][gc,stats      ]     CLDG                            744 us
[51.853s][info][gc,stats      ]   Update Region States               65 us
[51.853s][info][gc,stats      ]   Retire TLABs                       61 us
[51.853s][info][gc,stats      ]   Choose Collection Set              48 us
[51.853s][info][gc,stats      ]   Rebuild Free Set                   16 us
[51.853s][info][gc,stats      ] Concurrent Cleanup                  110 us
[51.853s][info][gc,stats      ] 
[51.853s][info][gc,stats      ] Allocation pacing accrued:
[51.853s][info][gc,stats      ]       0 of   534 ms (  0.0%): <total>
[51.853s][info][gc,stats      ]       0 of   534 ms (  0.0%): <average total>
[51.853s][info][gc,stats      ] 
[51.853s][info][gc,metaspace  ] Metaspace: 122547K->121322K(1159168K)
[51.853s][info][gc,ergo       ] Pacer for Idle. Initial: 40724K, Alloc Tax Rate: 1.0x
[51.853s][info][gc,start      ] Concurrent uncommit
[51.874s][info][gc            ] Concurrent uncommit 80M->80M(83M) 20.754ms
[53.120s][info][gc            ] Trigger: Learning 2 of 5. Free (1391M) is below initial threshold (1391M)
[53.120s][info][gc,ergo       ] Free: 1391M, Max: 512K regular, 1332M humongous, Frag: 5% external, 0% internal; Reserve: 101888K, Max: 512K
[53.120s][info][gc,start      ] GC(33) Concurrent reset
[53.120s][info][gc,task       ] GC(33) Using 1 of 1 workers for concurrent reset
[53.120s][info][gc,ergo       ] GC(33) Pacer for Reset. Non-Taxable: 1988M
[53.121s][info][gc            ] GC(33) Concurrent reset 0.214ms
[53.125s][info][gc,start      ] GC(33) Pause Init Mark
[53.125s][info][gc,task       ] GC(33) Using 1 of 1 workers for init marking
[53.128s][info][gc,ergo       ] GC(33) Pacer for Mark. Expected Live: 60065K, Free: 1391M, Non-Taxable: 139M, Alloc Tax Rate: 0.1x
[53.128s][info][gc            ] GC(33) Pause Init Mark 2.743ms
[53.128s][info][gc,start      ] GC(33) Concurrent marking
[53.128s][info][gc,task       ] GC(33) Using 1 of 1 workers for concurrent marking
[53.267s][info][gc            ] GC(33) Concurrent marking 138.966ms
[53.267s][info][gc,start      ] GC(33) Pause Final Mark
[53.267s][info][gc,task       ] GC(33) Using 1 of 1 workers for final marking
[53.268s][info][gc,ergo       ] GC(33) Adaptive CSet Selection. Target Free: 281M, Actual Free: 1771M, Max CSet: 84823K, Min Garbage: 0B
[53.268s][info][gc,ergo       ] GC(33) Collectable Garbage: 428M (99%), Immediate: 330M (76%), CSet: 100422K (22%)
[53.272s][info][gc,ergo       ] GC(33) Pacer for Evacuation. Used CSet: 103M, Free: 1677M, Non-Taxable: 167M, Alloc Tax Rate: 1.1x
[53.272s][info][gc            ] GC(33) Pause Final Mark 5.007ms
[53.272s][info][gc,start      ] GC(33) Concurrent cleanup
[53.272s][info][gc            ] GC(33) Concurrent cleanup 540M->210M(548M) 0.100ms
[53.272s][info][gc,ergo       ] GC(33) Free: 1677M, Max: 512K regular, 1332M humongous, Frag: 21% external, 0% internal; Reserve: 101632K, Max: 512K
[53.272s][info][gc,start      ] GC(33) Concurrent evacuation
[53.272s][info][gc,task       ] GC(33) Using 1 of 1 workers for concurrent evacuation
[53.283s][info][gc            ] GC(33) Concurrent evacuation 10.837ms
[53.284s][info][gc,start      ] GC(33) Pause Init Update Refs
[53.284s][info][gc,ergo       ] GC(33) Pacer for Update Refs. Used: 215M, Free: 1676M, Non-Taxable: 167M, Alloc Tax Rate: 1.1x
[53.284s][info][gc            ] GC(33) Pause Init Update Refs 0.029ms
[53.284s][info][gc,start      ] GC(33) Concurrent update references
[53.284s][info][gc,task       ] GC(33) Using 1 of 1 workers for concurrent reference update
[53.435s][info][gc            ] GC(33) Concurrent update references 150.953ms
[53.437s][info][gc,start      ] GC(33) Pause Final Update Refs
[53.437s][info][gc,task       ] GC(33) Using 1 of 1 workers for final reference update
[53.438s][info][gc            ] GC(33) Pause Final Update Refs 0.707ms
[53.438s][info][gc,start      ] GC(33) Concurrent cleanup
[53.438s][info][gc            ] GC(33) Concurrent cleanup 239M->135M(553M) 0.079ms
[53.438s][info][gc,ergo       ] Free: 1751M, Max: 512K regular, 1333M humongous, Frag: 24% external, 0% internal; Reserve: 101888K, Max: 512K
[53.438s][info][gc,stats      ] 
[53.438s][info][gc,stats      ] All times are wall-clock times, except per-root-class counters, that are sum over
[53.438s][info][gc,stats      ] all workers. Dividing the <total> over the root stage time estimates parallelism.
[53.438s][info][gc,stats      ] 
[53.438s][info][gc,stats      ] Concurrent Reset                    203 us
[53.438s][info][gc,stats      ] Pause Init Mark (G)                7435 us
[53.438s][info][gc,stats      ] Pause Init Mark (N)                2711 us
[53.438s][info][gc,stats      ]   Accumulate Stats                   34 us
[53.438s][info][gc,stats      ]   Make Parsable                      30 us
[53.438s][info][gc,stats      ]   Update Region States               47 us
[53.438s][info][gc,stats      ]   Scan Roots                       2536 us, parallelism: 0.82x
[53.438s][info][gc,stats      ]     S: <total>                     2089 us
[53.438s][info][gc,stats      ]     S: Thread Roots                 843 us, workers (us): 843, 
[53.438s][info][gc,stats      ]     S: Universe Roots                 2 us, workers (us):   2, 
[53.438s][info][gc,stats      ]     S: JNI Handles Roots              1 us, workers (us):   1, 
[53.438s][info][gc,stats      ]     S: Synchronizer Roots             0 us, workers (us):   0, 
[53.438s][info][gc,stats      ]     S: Management Roots               1 us, workers (us):   1, 
[53.438s][info][gc,stats      ]     S: System Dict Roots             17 us, workers (us):  17, 
[53.438s][info][gc,stats      ]     S: CLDG Roots                  1223 us, workers (us): 1223, 
[53.438s][info][gc,stats      ]     S: JVMTI Roots                    1 us, workers (us):   1, 
[53.438s][info][gc,stats      ]   Resize TLABs                       25 us
[53.438s][info][gc,stats      ] Concurrent Marking               138955 us
[53.438s][info][gc,stats      ] Pause Final Mark (G)               5243 us
[53.438s][info][gc,stats      ] Pause Final Mark (N)               4990 us
[53.438s][info][gc,stats      ]   Finish Queues                      21 us
[53.438s][info][gc,stats      ]   System Purge                      521 us
[53.438s][info][gc,stats      ]     Weak Roots                      520 us
[53.438s][info][gc,stats      ]   Update Region States               45 us
[53.438s][info][gc,stats      ]   Retire TLABs                       23 us
[53.438s][info][gc,stats      ]   Choose Collection Set              59 us
[53.438s][info][gc,stats      ]   Rebuild Free Set                   13 us
[53.438s][info][gc,stats      ]   Initial Evacuation               4301 us, parallelism: 0.62x
[53.438s][info][gc,stats      ]     E: <total>                     2645 us
[53.438s][info][gc,stats      ]     E: Thread Roots                 749 us, workers (us): 749, 
[53.438s][info][gc,stats      ]     E: Code Cache Roots             673 us, workers (us): 673, 
[53.438s][info][gc,stats      ]     E: Universe Roots                 1 us, workers (us):   1, 
[53.438s][info][gc,stats      ]     E: JNI Handles Roots              1 us, workers (us):   1, 
[53.438s][info][gc,stats      ]     E: Synchronizer Roots             0 us, workers (us):   0, 
[53.438s][info][gc,stats      ]     E: Management Roots               1 us, workers (us):   1, 
[53.438s][info][gc,stats      ]     E: System Dict Roots             15 us, workers (us):  15, 
[53.438s][info][gc,stats      ]     E: CLDG Roots                  1204 us, workers (us): 1204, 
[53.438s][info][gc,stats      ]     E: JVMTI Roots                    0 us, workers (us):   0, 
[53.438s][info][gc,stats      ] Concurrent Cleanup                   93 us
[53.438s][info][gc,stats      ] Concurrent Evacuation             10827 us
[53.438s][info][gc,stats      ] Pause Init  Update Refs (G)         446 us
[53.438s][info][gc,stats      ] Pause Init  Update Refs (N)          19 us
[53.438s][info][gc,stats      ]   Retire GCLABs                      13 us
[53.438s][info][gc,stats      ] Concurrent Update Refs           150942 us
[53.438s][info][gc,stats      ] Pause Final Update Refs (G)        3102 us
[53.438s][info][gc,stats      ] Pause Final Update Refs (N)         687 us
[53.438s][info][gc,stats      ]   Update Roots                      610 us, parallelism: 0.99x
[53.438s][info][gc,stats      ]     UR: <total>                     601 us
[53.438s][info][gc,stats      ]     UR: Thread Roots                601 us, workers (us): 601, 
[53.438s][info][gc,stats      ]   Update Region States               44 us
[53.438s][info][gc,stats      ]   Trash Collection Set                4 us
[53.438s][info][gc,stats      ]   Rebuild Free Set                   16 us
[53.438s][info][gc,stats      ] Concurrent Cleanup                   73 us
[53.438s][info][gc,stats      ] 
[53.438s][info][gc,stats      ] Allocation pacing accrued:
[53.438s][info][gc,stats      ]       0 of  1585 ms (  0.0%): <total>
[53.438s][info][gc,stats      ]       0 of  1585 ms (  0.0%): <average total>
[53.438s][info][gc,stats      ] 
[53.438s][info][gc,metaspace  ] Metaspace: 122630K->122713K(1159168K)
[53.438s][info][gc,ergo       ] Pacer for Idle. Initial: 40724K, Alloc Tax Rate: 1.0x
[53.863s][info][gc            ] Trigger: Learning 3 of 5. Free (1391M) is below initial threshold (1391M)
[53.863s][info][gc,ergo       ] Free: 1391M, Max: 512K regular, 1333M humongous, Frag: 5% external, 0% internal; Reserve: 101888K, Max: 512K
[53.863s][info][gc,start      ] GC(34) Concurrent reset
[53.863s][info][gc,task       ] GC(34) Using 1 of 1 workers for concurrent reset
[53.863s][info][gc,ergo       ] GC(34) Pacer for Reset. Non-Taxable: 1988M
[53.863s][info][gc            ] GC(34) Concurrent reset 0.309ms
[53.866s][info][gc,start      ] GC(34) Pause Init Mark
[53.866s][info][gc,task       ] GC(34) Using 1 of 1 workers for init marking
[53.868s][info][gc,ergo       ] GC(34) Pacer for Mark. Expected Live: 60811K, Free: 1391M, Non-Taxable: 139M, Alloc Tax Rate: 0.1x
[53.868s][info][gc            ] GC(34) Pause Init Mark 2.522ms
[53.868s][info][gc,start      ] GC(34) Concurrent marking
[53.868s][info][gc,task       ] GC(34) Using 1 of 1 workers for concurrent marking
[53.947s][info][gc            ] GC(34) Concurrent marking 78.999ms
[53.947s][info][gc,start      ] GC(34) Pause Final Mark
[53.947s][info][gc,task       ] GC(34) Using 1 of 1 workers for final marking
[53.948s][info][gc,ergo       ] GC(34) Adaptive CSet Selection. Target Free: 281M, Actual Free: 1843M, Max CSet: 84823K, Min Garbage: 0B
[53.948s][info][gc,ergo       ] GC(34) Collectable Garbage: 431M (99%), Immediate: 395M (90%), CSet: 37605K (8%)
[53.951s][info][gc,ergo       ] GC(34) Pacer for Evacuation. Used CSet: 39422K, Free: 1744M, Non-Taxable: 174M, Alloc Tax Rate: 1.1x
[53.951s][info][gc            ] GC(34) Pause Final Mark 4.007ms
[53.955s][info][gc,start      ] GC(34) Concurrent cleanup
[53.955s][info][gc            ] GC(34) Concurrent cleanup 538M->146M(553M) 0.129ms
[53.955s][info][gc,ergo       ] GC(34) Free: 1741M, Max: 512K regular, 1333M humongous, Frag: 24% external, 0% internal; Reserve: 101376K, Max: 512K
[53.955s][info][gc,start      ] GC(34) Concurrent evacuation
[53.955s][info][gc,task       ] GC(34) Using 1 of 1 workers for concurrent evacuation
[53.956s][info][gc            ] GC(34) Concurrent evacuation 0.962ms
[53.958s][info][gc,start      ] GC(34) Pause Init Update Refs
[53.958s][info][gc,ergo       ] GC(34) Pacer for Update Refs. Used: 148M, Free: 1741M, Non-Taxable: 174M, Alloc Tax Rate: 1.1x
[53.958s][info][gc            ] GC(34) Pause Init Update Refs 0.030ms
[53.958s][info][gc,start      ] GC(34) Concurrent update references
[53.958s][info][gc,task       ] GC(34) Using 1 of 1 workers for concurrent reference update
[54.051s][info][gc            ] GC(34) Concurrent update references 92.285ms
[54.055s][info][gc,start      ] GC(34) Pause Final Update Refs
[54.055s][info][gc,task       ] GC(34) Using 1 of 1 workers for final reference update
[54.055s][info][gc            ] GC(34) Pause Final Update Refs 0.670ms
[54.055s][info][gc,start      ] GC(34) Concurrent cleanup
[54.055s][info][gc            ] GC(34) Concurrent cleanup 204M->166M(553M) 0.083ms
[54.055s][info][gc,ergo       ] Free: 1721M, Max: 512K regular, 1332M humongous, Frag: 23% external, 0% internal; Reserve: 101888K, Max: 512K
[54.055s][info][gc,stats      ] 
[54.055s][info][gc,stats      ] All times are wall-clock times, except per-root-class counters, that are sum over
[54.055s][info][gc,stats      ] all workers. Dividing the <total> over the root stage time estimates parallelism.
[54.055s][info][gc,stats      ] 
[54.055s][info][gc,stats      ] Concurrent Reset                    302 us
[54.055s][info][gc,stats      ] Pause Init Mark (G)                4918 us
[54.055s][info][gc,stats      ] Pause Init Mark (N)                2505 us
[54.055s][info][gc,stats      ]   Accumulate Stats                   29 us
[54.055s][info][gc,stats      ]   Make Parsable                      22 us
[54.055s][info][gc,stats      ]   Update Region States               37 us
[54.055s][info][gc,stats      ]   Scan Roots                       2348 us, parallelism: 0.79x
[54.055s][info][gc,stats      ]     S: <total>                     1861 us
[54.055s][info][gc,stats      ]     S: Thread Roots                 765 us, workers (us): 765, 
[54.055s][info][gc,stats      ]     S: Universe Roots                 2 us, workers (us):   2, 
[54.055s][info][gc,stats      ]     S: JNI Handles Roots              1 us, workers (us):   1, 
[54.055s][info][gc,stats      ]     S: Synchronizer Roots             0 us, workers (us):   0, 
[54.055s][info][gc,stats      ]     S: Management Roots               1 us, workers (us):   1, 
[54.055s][info][gc,stats      ]     S: System Dict Roots             15 us, workers (us):  15, 
[54.055s][info][gc,stats      ]     S: CLDG Roots                  1075 us, workers (us): 1075, 
[54.055s][info][gc,stats      ]     S: JVMTI Roots                    0 us, workers (us):   0, 
[54.055s][info][gc,stats      ]   Resize TLABs                       28 us
[54.055s][info][gc,stats      ] Concurrent Marking                78992 us
[54.055s][info][gc,stats      ] Pause Final Mark (G)               7512 us
[54.055s][info][gc,stats      ] Pause Final Mark (N)               3999 us
[54.055s][info][gc,stats      ]   Finish Queues                      21 us
[54.055s][info][gc,stats      ]   System Purge                      492 us
[54.055s][info][gc,stats      ]     Weak Roots                      492 us
[54.055s][info][gc,stats      ]   Update Region States               41 us
[54.055s][info][gc,stats      ]   Retire TLABs                       30 us
[54.055s][info][gc,stats      ]   Choose Collection Set              46 us
[54.055s][info][gc,stats      ]   Rebuild Free Set                   13 us
[54.055s][info][gc,stats      ]   Initial Evacuation               3350 us, parallelism: 0.66x
[54.055s][info][gc,stats      ]     E: <total>                     2194 us
[54.055s][info][gc,stats      ]     E: Thread Roots                 715 us, workers (us): 715, 
[54.055s][info][gc,stats      ]     E: Code Cache Roots             496 us, workers (us): 496, 
[54.055s][info][gc,stats      ]     E: Universe Roots                 1 us, workers (us):   1, 
[54.055s][info][gc,stats      ]     E: JNI Handles Roots              1 us, workers (us):   1, 
[54.055s][info][gc,stats      ]     E: Synchronizer Roots             0 us, workers (us):   0, 
[54.055s][info][gc,stats      ]     E: Management Roots               2 us, workers (us):   2, 
[54.055s][info][gc,stats      ]     E: System Dict Roots             14 us, workers (us):  14, 
[54.055s][info][gc,stats      ]     E: CLDG Roots                   965 us, workers (us): 965, 
[54.055s][info][gc,stats      ]     E: JVMTI Roots                    0 us, workers (us):   0, 
[54.055s][info][gc,stats      ] Concurrent Cleanup                   99 us
[54.055s][info][gc,stats      ] Concurrent Evacuation               955 us
[54.055s][info][gc,stats      ] Pause Init  Update Refs (G)        2404 us
[54.055s][info][gc,stats      ] Pause Init  Update Refs (N)          19 us
[54.055s][info][gc,stats      ]   Retire GCLABs                      12 us
[54.055s][info][gc,stats      ] Concurrent Update Refs            92275 us
[54.055s][info][gc,stats      ] Pause Final Update Refs (G)        4660 us
[54.055s][info][gc,stats      ] Pause Final Update Refs (N)         658 us
[54.055s][info][gc,stats      ]   Update Roots                      594 us, parallelism: 0.99x
[54.055s][info][gc,stats      ]     UR: <total>                     586 us
[54.055s][info][gc,stats      ]     UR: Thread Roots                586 us, workers (us): 586, 
[54.055s][info][gc,stats      ]   Update Region States               41 us
[54.056s][info][gc,stats      ]   Trash Collection Set                2 us
[54.056s][info][gc,stats      ]   Rebuild Free Set                   13 us
[54.056s][info][gc,stats      ] Concurrent Cleanup                   77 us
[54.056s][info][gc,stats      ] 
[54.056s][info][gc,stats      ] Allocation pacing accrued:
[54.056s][info][gc,stats      ]       0 of   617 ms (  0.0%): <total>
[54.056s][info][gc,stats      ]       0 of   617 ms (  0.0%): <average total>
[54.056s][info][gc,stats      ] 
[54.056s][info][gc,metaspace  ] Metaspace: 122716K->122716K(1159168K)
[54.056s][info][gc,ergo       ] Pacer for Idle. Initial: 40724K, Alloc Tax Rate: 1.0x
[54.462s][info][gc            ] Trigger: Learning 4 of 5. Free (1391M) is below initial threshold (1391M)
[54.462s][info][gc,ergo       ] Free: 1391M, Max: 512K regular, 1332M humongous, Frag: 5% external, 0% internal; Reserve: 101888K, Max: 512K
[54.462s][info][gc,start      ] GC(35) Concurrent reset
[54.462s][info][gc,task       ] GC(35) Using 1 of 1 workers for concurrent reset
[54.462s][info][gc,ergo       ] GC(35) Pacer for Reset. Non-Taxable: 1988M
[54.462s][info][gc            ] GC(35) Concurrent reset 0.235ms
[54.465s][info][gc,start      ] GC(35) Pause Init Mark (process weakrefs)
[54.465s][info][gc,task       ] GC(35) Using 1 of 1 workers for init marking
[54.467s][info][gc,ergo       ] GC(35) Pacer for Mark. Expected Live: 60995K, Free: 1391M, Non-Taxable: 139M, Alloc Tax Rate: 0.1x
[54.467s][info][gc            ] GC(35) Pause Init Mark (process weakrefs) 2.510ms
[54.467s][info][gc,start      ] GC(35) Concurrent marking (process weakrefs)
[54.467s][info][gc,task       ] GC(35) Using 1 of 1 workers for concurrent marking
[54.558s][info][gc            ] GC(35) Concurrent marking (process weakrefs) 90.883ms
[54.558s][info][gc,start      ] GC(35) Concurrent precleaning
[54.558s][info][gc,task       ] GC(35) Using 1 of 1 workers for concurrent preclean
[54.558s][info][gc,ergo       ] GC(35) Pacer for Precleaning. Non-Taxable: 1988M
[54.559s][info][gc            ] GC(35) Concurrent precleaning 0.961ms
[54.559s][info][gc,start      ] GC(35) Pause Final Mark (process weakrefs)
[54.559s][info][gc,task       ] GC(35) Using 1 of 1 workers for final marking
[54.560s][info][gc,ergo       ] GC(35) Adaptive CSet Selection. Target Free: 281M, Actual Free: 1794M, Max CSet: 84823K, Min Garbage: 0B
[54.560s][info][gc,ergo       ] GC(35) Collectable Garbage: 424M (99%), Immediate: 346M (80%), CSet: 80402K (18%)
[54.563s][info][gc,ergo       ] GC(35) Pacer for Evacuation. Used CSet: 88537K, Free: 1697M, Non-Taxable: 169M, Alloc Tax Rate: 1.1x
[54.563s][info][gc            ] GC(35) Pause Final Mark (process weakrefs) 4.248ms
[54.564s][info][gc,start      ] GC(35) Concurrent cleanup
[54.564s][info][gc            ] GC(35) Concurrent cleanup 536M->190M(553M) 0.101ms
[54.564s][info][gc,ergo       ] GC(35) Free: 1697M, Max: 512K regular, 1332M humongous, Frag: 22% external, 0% internal; Reserve: 101825K, Max: 512K
[54.564s][info][gc,start      ] GC(35) Concurrent evacuation
[54.564s][info][gc,task       ] GC(35) Using 1 of 1 workers for concurrent evacuation
[54.584s][info][gc            ] GC(35) Concurrent evacuation 19.923ms
[54.588s][info][gc,start      ] GC(35) Pause Init Update Refs
[54.588s][info][gc,ergo       ] GC(35) Pacer for Update Refs. Used: 212M, Free: 1683M, Non-Taxable: 168M, Alloc Tax Rate: 1.1x
[54.588s][info][gc            ] GC(35) Pause Init Update Refs 0.041ms
[54.588s][info][gc,start      ] GC(35) Concurrent update references
[54.588s][info][gc,task       ] GC(35) Using 1 of 1 workers for concurrent reference update
[54.676s][info][gc            ] GC(35) Concurrent update references 87.820ms
[54.681s][info][gc,start      ] GC(35) Pause Final Update Refs
[54.681s][info][gc,task       ] GC(35) Using 1 of 1 workers for final reference update
[54.682s][info][gc            ] GC(35) Pause Final Update Refs 0.727ms
[54.682s][info][gc,start      ] GC(35) Concurrent cleanup
[54.682s][info][gc            ] GC(35) Concurrent cleanup 249M->162M(557M) 0.077ms
[54.682s][info][gc,ergo       ] Free: 1724M, Max: 512K regular, 1326M humongous, Frag: 24% external, 0% internal; Reserve: 101888K, Max: 512K
[54.682s][info][gc,stats      ] 
[54.682s][info][gc,stats      ] All times are wall-clock times, except per-root-class counters, that are sum over
[54.682s][info][gc,stats      ] all workers. Dividing the <total> over the root stage time estimates parallelism.
[54.682s][info][gc,stats      ] 
[54.682s][info][gc,stats      ] Concurrent Reset                    224 us
[54.682s][info][gc,stats      ] Pause Init Mark (G)                4940 us
[54.682s][info][gc,stats      ] Pause Init Mark (N)                2492 us
[54.682s][info][gc,stats      ]   Accumulate Stats                   28 us
[54.682s][info][gc,stats      ]   Make Parsable                      20 us
[54.682s][info][gc,stats      ]   Update Region States               40 us
[54.682s][info][gc,stats      ]   Scan Roots                       2344 us, parallelism: 0.80x
[54.682s][info][gc,stats      ]     S: <total>                     1876 us
[54.682s][info][gc,stats      ]     S: Thread Roots                 766 us, workers (us): 766, 
[54.682s][info][gc,stats      ]     S: Universe Roots                 2 us, workers (us):   2, 
[54.682s][info][gc,stats      ]     S: JNI Handles Roots              2 us, workers (us):   2, 
[54.682s][info][gc,stats      ]     S: Synchronizer Roots             0 us, workers (us):   0, 
[54.682s][info][gc,stats      ]     S: Management Roots               1 us, workers (us):   1, 
[54.682s][info][gc,stats      ]     S: System Dict Roots             16 us, workers (us):  16, 
[54.682s][info][gc,stats      ]     S: CLDG Roots                  1089 us, workers (us): 1089, 
[54.682s][info][gc,stats      ]     S: JVMTI Roots                    0 us, workers (us):   0, 
[54.682s][info][gc,stats      ]   Resize TLABs                       25 us
[54.682s][info][gc,stats      ] Concurrent Marking                90874 us
[54.682s][info][gc,stats      ] Concurrent Precleaning              954 us
[54.682s][info][gc,stats      ] Pause Final Mark (G)               4500 us
[54.682s][info][gc,stats      ] Pause Final Mark (N)               4240 us
[54.682s][info][gc,stats      ]   Finish Queues                      17 us
[54.682s][info][gc,stats      ]   Weak References                    70 us
[54.682s][info][gc,stats      ]     Process                          68 us
[54.682s][info][gc,stats      ]   System Purge                      477 us
[54.682s][info][gc,stats      ]     Weak Roots                      477 us
[54.682s][info][gc,stats      ]   Update Region States               45 us
[54.682s][info][gc,stats      ]   Retire TLABs                       28 us
[54.682s][info][gc,stats      ]   Choose Collection Set              52 us
[54.682s][info][gc,stats      ]   Rebuild Free Set                   13 us
[54.682s][info][gc,stats      ]   Initial Evacuation               3532 us, parallelism: 0.65x
[54.682s][info][gc,stats      ]     E: <total>                     2311 us
[54.682s][info][gc,stats      ]     E: Thread Roots                 724 us, workers (us): 724, 
[54.682s][info][gc,stats      ]     E: Code Cache Roots             588 us, workers (us): 588, 
[54.682s][info][gc,stats      ]     E: Universe Roots                 1 us, workers (us):   1, 
[54.682s][info][gc,stats      ]     E: JNI Handles Roots              1 us, workers (us):   1, 
[54.682s][info][gc,stats      ]     E: Synchronizer Roots             0 us, workers (us):   0, 
[54.682s][info][gc,stats      ]     E: Management Roots               1 us, workers (us):   1, 
[54.682s][info][gc,stats      ]     E: System Dict Roots             15 us, workers (us):  15, 
[54.682s][info][gc,stats      ]     E: CLDG Roots                   981 us, workers (us): 981, 
[54.682s][info][gc,stats      ]     E: JVMTI Roots                    0 us, workers (us):   0, 
[54.682s][info][gc,stats      ] Concurrent Cleanup                   94 us
[54.682s][info][gc,stats      ] Concurrent Evacuation             19915 us
[54.682s][info][gc,stats      ] Pause Init  Update Refs (G)        4193 us
[54.682s][info][gc,stats      ] Pause Init  Update Refs (N)          23 us
[54.682s][info][gc,stats      ]   Retire GCLABs                      16 us
[54.682s][info][gc,stats      ] Concurrent Update Refs            87808 us
[54.682s][info][gc,stats      ] Pause Final Update Refs (G)        6166 us
[54.682s][info][gc,stats      ] Pause Final Update Refs (N)         693 us
[54.682s][info][gc,stats      ]   Update Roots                      620 us, parallelism: 0.99x
[54.682s][info][gc,stats      ]     UR: <total>                     611 us
[54.682s][info][gc,stats      ]     UR: Thread Roots                611 us, workers (us): 611, 
[54.682s][info][gc,stats      ]   Update Region States               48 us
[54.682s][info][gc,stats      ]   Trash Collection Set                3 us
[54.682s][info][gc,stats      ]   Rebuild Free Set                   13 us
[54.682s][info][gc,stats      ] Concurrent Cleanup                   71 us
[54.682s][info][gc,stats      ] 
[54.682s][info][gc,stats      ] Allocation pacing accrued:
[54.682s][info][gc,stats      ]       0 of   627 ms (  0.0%): <total>
[54.682s][info][gc,stats      ]       0 of   627 ms (  0.0%): <average total>
[54.682s][info][gc,stats      ] 
[54.682s][info][gc,metaspace  ] Metaspace: 122812K->122822K(1159168K)
[54.682s][info][gc,ergo       ] Pacer for Idle. Initial: 40724K, Alloc Tax Rate: 1.0x
[55.026s][info][gc            ] Trigger: Explicit GC request (System.gc())
[55.026s][info][gc,ergo       ] Free: 1507M, Max: 512K regular, 1326M humongous, Frag: 13% external, 0% internal; Reserve: 101888K, Max: 512K
[55.026s][info][gc,start      ] GC(36) Concurrent reset
[55.026s][info][gc,task       ] GC(36) Using 1 of 1 workers for concurrent reset
[55.026s][info][gc,ergo       ] GC(36) Pacer for Reset. Non-Taxable: 1988M
[55.026s][info][gc            ] GC(36) Concurrent reset 0.284ms
[55.026s][info][gc,start      ] GC(36) Pause Init Mark (process weakrefs) (unload classes)
[55.026s][info][gc,task       ] GC(36) Using 1 of 1 workers for init marking
[55.028s][info][gc,ergo       ] GC(36) Pacer for Mark. Expected Live: 62316K, Free: 1507M, Non-Taxable: 150M, Alloc Tax Rate: 0.0x
[55.028s][info][gc            ] GC(36) Pause Init Mark (process weakrefs) (unload classes) 1.545ms
[55.028s][info][gc,start      ] GC(36) Concurrent marking (process weakrefs) (unload classes)
[55.028s][info][gc,task       ] GC(36) Using 1 of 1 workers for concurrent marking
[55.076s][info][gc            ] GC(36) Concurrent marking (process weakrefs) (unload classes) 47.854ms
[55.076s][info][gc,start      ] GC(36) Concurrent precleaning
[55.076s][info][gc,task       ] GC(36) Using 1 of 1 workers for concurrent preclean
[55.076s][info][gc,ergo       ] GC(36) Pacer for Precleaning. Non-Taxable: 1988M
[55.076s][info][gc            ] GC(36) Concurrent precleaning 0.493ms
[55.077s][info][gc,start      ] GC(36) Pause Final Mark (process weakrefs) (unload classes)
[55.077s][info][gc,task       ] GC(36) Using 1 of 1 workers for final marking
[55.133s][info][gc,stringtable] GC(36) Cleaned string and symbol table, strings: 30111 processed, 0 removed, symbols: 240436 processed, 648 removed
[55.134s][info][gc,ergo       ] GC(36) Adaptive CSet Selection. Target Free: 281M, Actual Free: 1892M, Max CSet: 84823K, Min Garbage: 0B
[55.134s][info][gc,ergo       ] GC(36) Collectable Garbage: 318M (98%), Immediate: 285M (88%), CSet: 34373K (10%)
[55.137s][info][gc,ergo       ] GC(36) Pacer for Evacuation. Used CSet: 35974K, Free: 1795M, Non-Taxable: 179M, Alloc Tax Rate: 1.1x
[55.137s][info][gc            ] GC(36) Pause Final Mark (process weakrefs) (unload classes) 60.768ms
[55.138s][info][gc,start      ] GC(36) Concurrent cleanup
[55.138s][info][gc            ] GC(36) Concurrent cleanup 376M->92M(557M) 0.095ms
[55.138s][info][gc,ergo       ] GC(36) Free: 1794M, Max: 512K regular, 1331M humongous, Frag: 26% external, 0% internal; Reserve: 101825K, Max: 512K
[55.138s][info][gc,start      ] GC(36) Concurrent evacuation
[55.138s][info][gc,task       ] GC(36) Using 1 of 1 workers for concurrent evacuation
[55.149s][info][gc            ] GC(36) Concurrent evacuation 11.645ms
[55.150s][info][gc,start      ] GC(36) Pause Init Update Refs
[55.150s][info][gc,ergo       ] GC(36) Pacer for Update Refs. Used: 106M, Free: 1782M, Non-Taxable: 178M, Alloc Tax Rate: 1.1x
[55.150s][info][gc            ] GC(36) Pause Init Update Refs 0.031ms
[55.150s][info][gc,start      ] GC(36) Concurrent update references
[55.150s][info][gc,task       ] GC(36) Using 1 of 1 workers for concurrent reference update
[55.167s][info][gc            ] GC(36) Concurrent update references 17.567ms
[55.168s][info][gc,start      ] GC(36) Pause Final Update Refs
[55.168s][info][gc,task       ] GC(36) Using 1 of 1 workers for final reference update
[55.168s][info][gc            ] GC(36) Pause Final Update Refs 0.707ms
[55.168s][info][gc,start      ] GC(36) Concurrent cleanup
[55.169s][info][gc            ] GC(36) Concurrent cleanup 106M->71M(557M) 0.073ms
[55.169s][info][gc,ergo       ] Free: 1816M, Max: 512K regular, 1336M humongous, Frag: 27% external, 0% internal; Reserve: 101888K, Max: 512K
[55.169s][info][gc,stats      ] 
[55.169s][info][gc,stats      ] All times are wall-clock times, except per-root-class counters, that are sum over
[55.169s][info][gc,stats      ] all workers. Dividing the <total> over the root stage time estimates parallelism.
[55.169s][info][gc,stats      ] 
[55.169s][info][gc,stats      ] Concurrent Reset                    276 us
[55.169s][info][gc,stats      ] Pause Init Mark (G)                1979 us
[55.169s][info][gc,stats      ] Pause Init Mark (N)                1533 us
[55.169s][info][gc,stats      ]   Accumulate Stats                   30 us
[55.169s][info][gc,stats      ]   Make Parsable                      37 us
[55.169s][info][gc,stats      ]   Update Region States               37 us
[55.169s][info][gc,stats      ]   Scan Roots                       1382 us, parallelism: 0.62x
[55.169s][info][gc,stats      ]     S: <total>                      862 us
[55.169s][info][gc,stats      ]     S: Thread Roots                 700 us, workers (us): 700, 
[55.169s][info][gc,stats      ]     S: Universe Roots                 2 us, workers (us):   2, 
[55.169s][info][gc,stats      ]     S: JNI Handles Roots              1 us, workers (us):   1, 
[55.169s][info][gc,stats      ]     S: Synchronizer Roots             0 us, workers (us):   0, 
[55.169s][info][gc,stats      ]     S: Management Roots               1 us, workers (us):   1, 
[55.169s][info][gc,stats      ]     S: System Dict Roots             15 us, workers (us):  15, 
[55.169s][info][gc,stats      ]     S: CLDG Roots                   142 us, workers (us): 142, 
[55.169s][info][gc,stats      ]     S: JVMTI Roots                    0 us, workers (us):   0, 
[55.169s][info][gc,stats      ]   Resize TLABs                       21 us
[55.169s][info][gc,stats      ] Concurrent Marking                47847 us
[55.169s][info][gc,stats      ] Concurrent Precleaning              487 us
[55.169s][info][gc,stats      ] Pause Final Mark (G)              61099 us
[55.169s][info][gc,stats      ] Pause Final Mark (N)              60758 us
[55.169s][info][gc,stats      ]   Finish Queues                     186 us
[55.169s][info][gc,stats      ]   Weak References                   138 us
[55.169s][info][gc,stats      ]     Process                         136 us
[55.169s][info][gc,stats      ]   System Purge                      486 us
[55.169s][info][gc,stats      ]     Unload Classes                 2376 us
[55.169s][info][gc,stats      ]     Cleanup                       53326 us, parallelism: 1.00x
[55.169s][info][gc,stats      ]       CU: <total>                 53259 us
[55.169s][info][gc,stats      ]       CU: Code Cache Roots        21702 us, workers (us): 21702, 
[55.169s][info][gc,stats      ]       CU: Code Cache Cleaning      3835 us, workers (us): 3835, 
[55.169s][info][gc,stats      ]       CU: String Table Roots      15247 us, workers (us): 15247, 
[55.169s][info][gc,stats      ]       CU: Resolved Table Roots      268 us, workers (us): 268, 
[55.169s][info][gc,stats      ]       CU: CLDG Roots              12207 us, workers (us): 12207, 
[55.169s][info][gc,stats      ]     Weak Roots                      486 us
[55.169s][info][gc,stats      ]     CLDG                            629 us
[55.169s][info][gc,stats      ]   Update Region States               46 us
[55.169s][info][gc,stats      ]   Retire TLABs                       48 us
[55.169s][info][gc,stats      ]   Choose Collection Set              46 us
[55.169s][info][gc,stats      ]   Rebuild Free Set                   15 us
[55.169s][info][gc,stats      ]   Initial Evacuation               3452 us, parallelism: 0.66x
[55.169s][info][gc,stats      ]     E: <total>                     2295 us
[55.169s][info][gc,stats      ]     E: Thread Roots                 684 us, workers (us): 684, 
[55.169s][info][gc,stats      ]     E: Code Cache Roots             700 us, workers (us): 700, 
[55.169s][info][gc,stats      ]     E: Universe Roots                 3 us, workers (us):   3, 
[55.169s][info][gc,stats      ]     E: JNI Handles Roots              1 us, workers (us):   1, 
[55.169s][info][gc,stats      ]     E: Synchronizer Roots             0 us, workers (us):   0, 
[55.169s][info][gc,stats      ]     E: Management Roots               1 us, workers (us):   1, 
[55.169s][info][gc,stats      ]     E: System Dict Roots             16 us, workers (us):  16, 
[55.169s][info][gc,stats      ]     E: CLDG Roots                   888 us, workers (us): 888, 
[55.169s][info][gc,stats      ]     E: JVMTI Roots                    1 us, workers (us):   1, 
[55.169s][info][gc,stats      ] Concurrent Cleanup                   88 us
[55.169s][info][gc,stats      ] Concurrent Evacuation             11638 us
[55.169s][info][gc,stats      ] Pause Init  Update Refs (G)         452 us
[55.169s][info][gc,stats      ] Pause Init  Update Refs (N)          22 us
[55.169s][info][gc,stats      ]   Retire GCLABs                      14 us
[55.169s][info][gc,stats      ] Concurrent Update Refs            17558 us
[55.169s][info][gc,stats      ] Pause Final Update Refs (G)        1092 us
[55.169s][info][gc,stats      ] Pause Final Update Refs (N)         699 us
[55.169s][info][gc,stats      ]   Update Roots                      630 us, parallelism: 0.99x
[55.169s][info][gc,stats      ]     UR: <total>                     624 us
[55.169s][info][gc,stats      ]     UR: Thread Roots                624 us, workers (us): 624, 
[55.169s][info][gc,stats      ]   Update Region States               45 us
[55.169s][info][gc,stats      ]   Trash Collection Set                2 us
[55.169s][info][gc,stats      ]   Rebuild Free Set                   13 us
[55.169s][info][gc,stats      ] Concurrent Cleanup                   68 us
[55.169s][info][gc,stats      ] 
[55.169s][info][gc,stats      ] Allocation pacing accrued:
[55.169s][info][gc,stats      ]       0 of   487 ms (  0.0%): <total>
[55.169s][info][gc,stats      ]       0 of   487 ms (  0.0%): <average total>
[55.169s][info][gc,stats      ] 
[55.169s][info][gc,metaspace  ] Metaspace: 122874K->121653K(1159168K)
[55.169s][info][gc,ergo       ] Pacer for Idle. Initial: 40724K, Alloc Tax Rate: 1.0x
[55.169s][info][gc,start      ] Concurrent uncommit
[55.189s][info][gc            ] Concurrent uncommit 71M->71M(73M) 19.948ms
[56.319s][info][gc            ] Trigger: Learning 2 of 5. Free (1389M) is below initial threshold (1391M)
[56.320s][info][gc,ergo       ] Free: 1389M, Max: 512K regular, 1336M humongous, Frag: 4% external, 0% internal; Reserve: 101888K, Max: 512K
[56.320s][info][gc,start      ] GC(37) Concurrent reset
[56.320s][info][gc,task       ] GC(37) Using 1 of 1 workers for concurrent reset
[56.320s][info][gc,ergo       ] GC(37) Pacer for Reset. Non-Taxable: 1988M
[56.320s][info][gc            ] GC(37) Concurrent reset 0.260ms
[56.323s][info][gc,start      ] GC(37) Pause Init Mark
[56.323s][info][gc,task       ] GC(37) Using 1 of 1 workers for init marking
[56.325s][info][gc,ergo       ] GC(37) Pacer for Mark. Expected Live: 60051K, Free: 1389M, Non-Taxable: 138M, Alloc Tax Rate: 0.1x
[56.325s][info][gc            ] GC(37) Pause Init Mark 2.727ms
[56.325s][info][gc,start      ] GC(37) Concurrent marking
[56.325s][info][gc,task       ] GC(37) Using 1 of 1 workers for concurrent marking
[56.451s][info][gc            ] GC(37) Concurrent marking 125.958ms
[56.452s][info][gc,start      ] GC(37) Pause Final Mark
[56.452s][info][gc,task       ] GC(37) Using 1 of 1 workers for final marking
[56.452s][info][gc,ergo       ] GC(37) Adaptive CSet Selection. Target Free: 281M, Actual Free: 1810M, Max CSet: 84823K, Min Garbage: 0B
[56.452s][info][gc,ergo       ] GC(37) Collectable Garbage: 430M (99%), Immediate: 355M (82%), CSet: 76071K (17%)
[56.456s][info][gc,ergo       ] GC(37) Pacer for Evacuation. Used CSet: 80751K, Free: 1716M, Non-Taxable: 171M, Alloc Tax Rate: 1.1x
[56.456s][info][gc            ] GC(37) Pause Final Mark 4.914ms
[56.456s][info][gc,start      ] GC(37) Concurrent cleanup
[56.457s][info][gc            ] GC(37) Concurrent cleanup 525M->170M(534M) 0.106ms
[56.457s][info][gc,ergo       ] GC(37) Free: 1716M, Max: 512K regular, 1336M humongous, Frag: 23% external, 0% internal; Reserve: 101632K, Max: 512K
[56.457s][info][gc,start      ] GC(37) Concurrent evacuation
[56.457s][info][gc,task       ] GC(37) Using 1 of 1 workers for concurrent evacuation
[56.475s][info][gc            ] GC(37) Concurrent evacuation 18.339ms
[56.484s][info][gc,start      ] GC(37) Pause Init Update Refs
[56.485s][info][gc,ergo       ] GC(37) Pacer for Update Refs. Used: 177M, Free: 1713M, Non-Taxable: 171M, Alloc Tax Rate: 1.1x
[56.485s][info][gc            ] GC(37) Pause Init Update Refs 0.061ms
[56.485s][info][gc,start      ] GC(37) Concurrent update references
[56.485s][info][gc,task       ] GC(37) Using 1 of 1 workers for concurrent reference update
[56.576s][info][gc            ] GC(37) Concurrent update references 90.956ms
[56.577s][info][gc,start      ] GC(37) Pause Final Update Refs
[56.577s][info][gc,task       ] GC(37) Using 1 of 1 workers for final reference update
[56.584s][info][gc            ] GC(37) Pause Final Update Refs 7.194ms
[56.585s][info][gc,start      ] GC(37) Concurrent cleanup
[56.585s][info][gc            ] GC(37) Concurrent cleanup 187M->108M(539M) 0.079ms
[56.585s][info][gc,ergo       ] Free: 1778M, Max: 512K regular, 1332M humongous, Frag: 26% external, 0% internal; Reserve: 101888K, Max: 512K
[56.585s][info][gc,stats      ] 
[56.585s][info][gc,stats      ] All times are wall-clock times, except per-root-class counters, that are sum over
[56.585s][info][gc,stats      ] all workers. Dividing the <total> over the root stage time estimates parallelism.
[56.585s][info][gc,stats      ] 
[56.585s][info][gc,stats      ] Concurrent Reset                    248 us
[56.585s][info][gc,stats      ] Pause Init Mark (G)                5163 us
[56.585s][info][gc,stats      ] Pause Init Mark (N)                2711 us
[56.585s][info][gc,stats      ]   Accumulate Stats                   30 us
[56.585s][info][gc,stats      ]   Make Parsable                      31 us
[56.585s][info][gc,stats      ]   Update Region States               39 us
[56.585s][info][gc,stats      ]   Scan Roots                       2545 us, parallelism: 0.81x
[56.585s][info][gc,stats      ]     S: <total>                     2067 us
[56.585s][info][gc,stats      ]     S: Thread Roots                 781 us, workers (us): 781, 
[56.585s][info][gc,stats      ]     S: Universe Roots                 2 us, workers (us):   2, 
[56.585s][info][gc,stats      ]     S: JNI Handles Roots              1 us, workers (us):   1, 
[56.585s][info][gc,stats      ]     S: Synchronizer Roots             0 us, workers (us):   0, 
[56.585s][info][gc,stats      ]     S: Management Roots               1 us, workers (us):   1, 
[56.585s][info][gc,stats      ]     S: System Dict Roots             17 us, workers (us):  17, 
[56.585s][info][gc,stats      ]     S: CLDG Roots                  1265 us, workers (us): 1265, 
[56.585s][info][gc,stats      ]     S: JVMTI Roots                    0 us, workers (us):   0, 
[56.585s][info][gc,stats      ]   Resize TLABs                       27 us
[56.585s][info][gc,stats      ] Concurrent Marking               125950 us
[56.585s][info][gc,stats      ] Pause Final Mark (G)               5140 us
[56.585s][info][gc,stats      ] Pause Final Mark (N)               4905 us
[56.585s][info][gc,stats      ]   Finish Queues                      16 us
[56.585s][info][gc,stats      ]   System Purge                      510 us
[56.585s][info][gc,stats      ]     Weak Roots                      510 us
[56.585s][info][gc,stats      ]   Update Region States               45 us
[56.585s][info][gc,stats      ]   Retire TLABs                       31 us
[56.585s][info][gc,stats      ]   Choose Collection Set              55 us
[56.585s][info][gc,stats      ]   Rebuild Free Set                   13 us
[56.585s][info][gc,stats      ]   Initial Evacuation               4228 us, parallelism: 0.61x
[56.585s][info][gc,stats      ]     E: <total>                     2591 us
[56.585s][info][gc,stats      ]     E: Thread Roots                 785 us, workers (us): 785, 
[56.585s][info][gc,stats      ]     E: Code Cache Roots             589 us, workers (us): 589, 
[56.585s][info][gc,stats      ]     E: Universe Roots                 1 us, workers (us):   1, 
[56.585s][info][gc,stats      ]     E: JNI Handles Roots              1 us, workers (us):   1, 
[56.585s][info][gc,stats      ]     E: Synchronizer Roots             0 us, workers (us):   0, 
[56.585s][info][gc,stats      ]     E: Management Roots               1 us, workers (us):   1, 
[56.585s][info][gc,stats      ]     E: System Dict Roots             16 us, workers (us):  16, 
[56.585s][info][gc,stats      ]     E: CLDG Roots                  1197 us, workers (us): 1197, 
[56.585s][info][gc,stats      ]     E: JVMTI Roots                    0 us, workers (us):   0, 
[56.585s][info][gc,stats      ] Concurrent Cleanup                   99 us
[56.585s][info][gc,stats      ] Concurrent Evacuation             18329 us
[56.585s][info][gc,stats      ] Pause Init  Update Refs (G)        9556 us
[56.585s][info][gc,stats      ] Pause Init  Update Refs (N)          22 us
[56.585s][info][gc,stats      ]   Retire GCLABs                      13 us
[56.585s][info][gc,stats      ] Concurrent Update Refs            90944 us
[56.585s][info][gc,stats      ] Pause Final Update Refs (G)        8957 us
[56.585s][info][gc,stats      ] Pause Final Update Refs (N)        7169 us
[56.585s][info][gc,stats      ]   Update Roots                     7090 us, parallelism: 0.11x
[56.585s][info][gc,stats      ]     UR: <total>                     752 us
[56.585s][info][gc,stats      ]     UR: Thread Roots                752 us, workers (us): 752, 
[56.585s][info][gc,stats      ]   Update Region States               53 us
[56.585s][info][gc,stats      ]   Trash Collection Set                3 us
[56.585s][info][gc,stats      ]   Rebuild Free Set                   13 us
[56.585s][info][gc,stats      ] Concurrent Cleanup                   71 us
[56.585s][info][gc,stats      ] 
[56.585s][info][gc,stats      ] Allocation pacing accrued:
[56.585s][info][gc,stats      ]       0 of  1416 ms (  0.0%): <total>
[56.585s][info][gc,stats      ]       0 of  1416 ms (  0.0%): <average total>
[56.585s][info][gc,stats      ] 
[56.585s][info][gc,metaspace  ] Metaspace: 122888K->122982K(1159168K)
[56.585s][info][gc,ergo       ] Pacer for Idle. Initial: 40724K, Alloc Tax Rate: 1.0x
[56.937s][info][gc            ] Trigger: Learning 3 of 5. Free (1391M) is below initial threshold (1391M)
[56.938s][info][gc,ergo       ] Free: 1391M, Max: 512K regular, 1332M humongous, Frag: 5% external, 0% internal; Reserve: 101888K, Max: 512K
[56.938s][info][gc,start      ] GC(38) Concurrent reset
[56.938s][info][gc,task       ] GC(38) Using 1 of 1 workers for concurrent reset
[56.938s][info][gc,ergo       ] GC(38) Pacer for Reset. Non-Taxable: 1988M
[56.938s][info][gc            ] GC(38) Concurrent reset 0.295ms
[56.940s][info][gc,start      ] GC(38) Pause Init Mark
[56.940s][info][gc,task       ] GC(38) Using 1 of 1 workers for init marking
[56.943s][info][gc,ergo       ] GC(38) Pacer for Mark. Expected Live: 60800K, Free: 1391M, Non-Taxable: 139M, Alloc Tax Rate: 0.1x
[56.943s][info][gc            ] GC(38) Pause Init Mark 2.524ms
[56.943s][info][gc,start      ] GC(38) Concurrent marking
[56.943s][info][gc,task       ] GC(38) Using 1 of 1 workers for concurrent marking
[57.029s][info][gc            ] GC(38) Concurrent marking 86.233ms
[57.029s][info][gc,start      ] GC(38) Pause Final Mark
[57.029s][info][gc,task       ] GC(38) Using 1 of 1 workers for final marking
[57.030s][info][gc,ergo       ] GC(38) Adaptive CSet Selection. Target Free: 281M, Actual Free: 1834M, Max CSet: 84823K, Min Garbage: 0B
[57.030s][info][gc,ergo       ] GC(38) Collectable Garbage: 431M (99%), Immediate: 391M (89%), CSet: 41185K (9%)
[57.033s][info][gc,ergo       ] GC(38) Pacer for Evacuation. Used CSet: 44032K, Free: 1735M, Non-Taxable: 173M, Alloc Tax Rate: 1.1x
[57.033s][info][gc            ] GC(38) Pause Final Mark 4.049ms
[57.033s][info][gc,start      ] GC(38) Concurrent cleanup
[57.033s][info][gc            ] GC(38) Concurrent cleanup 543M->151M(546M) 0.105ms
[57.033s][info][gc,ergo       ] GC(38) Free: 1735M, Max: 512K regular, 1332M humongous, Frag: 24% external, 0% internal; Reserve: 101857K, Max: 512K
[57.033s][info][gc,start      ] GC(38) Concurrent evacuation
[57.034s][info][gc,task       ] GC(38) Using 1 of 1 workers for concurrent evacuation
[57.040s][info][gc            ] GC(38) Concurrent evacuation 6.947ms
[57.045s][info][gc,start      ] GC(38) Pause Init Update Refs
[57.045s][info][gc,ergo       ] GC(38) Pacer for Update Refs. Used: 159M, Free: 1730M, Non-Taxable: 173M, Alloc Tax Rate: 1.1x
[57.045s][info][gc            ] GC(38) Pause Init Update Refs 0.049ms
[57.045s][info][gc,start      ] GC(38) Concurrent update references
[57.045s][info][gc,task       ] GC(38) Using 1 of 1 workers for concurrent reference update
[57.137s][info][gc            ] GC(38) Concurrent update references 92.792ms
[57.148s][info][gc,start      ] GC(38) Pause Final Update Refs
[57.148s][info][gc,task       ] GC(38) Using 1 of 1 workers for final reference update
[57.148s][info][gc            ] GC(38) Pause Final Update Refs 0.680ms
[57.156s][info][gc,start      ] GC(38) Concurrent cleanup
[57.156s][info][gc            ] GC(38) Concurrent cleanup 214M->180M(548M) 0.101ms
[57.156s][info][gc,ergo       ] Free: 1706M, Max: 512K regular, 1331M humongous, Frag: 23% external, 0% internal; Reserve: 101888K, Max: 512K
[57.156s][info][gc,stats      ] 
[57.156s][info][gc,stats      ] All times are wall-clock times, except per-root-class counters, that are sum over
[57.156s][info][gc,stats      ] all workers. Dividing the <total> over the root stage time estimates parallelism.
[57.156s][info][gc,stats      ] 
[57.156s][info][gc,stats      ] Concurrent Reset                    284 us
[57.156s][info][gc,stats      ] Pause Init Mark (G)                4907 us
[57.156s][info][gc,stats      ] Pause Init Mark (N)                2511 us
[57.156s][info][gc,stats      ]   Accumulate Stats                   29 us
[57.156s][info][gc,stats      ]   Make Parsable                      17 us
[57.156s][info][gc,stats      ]   Update Region States               87 us
[57.156s][info][gc,stats      ]   Scan Roots                       2318 us, parallelism: 0.80x
[57.156s][info][gc,stats      ]     S: <total>                     1851 us
[57.156s][info][gc,stats      ]     S: Thread Roots                 754 us, workers (us): 754, 
[57.156s][info][gc,stats      ]     S: Universe Roots                 2 us, workers (us):   2, 
[57.156s][info][gc,stats      ]     S: JNI Handles Roots              1 us, workers (us):   1, 
[57.156s][info][gc,stats      ]     S: Synchronizer Roots             0 us, workers (us):   0, 
[57.156s][info][gc,stats      ]     S: Management Roots               1 us, workers (us):   1, 
[57.156s][info][gc,stats      ]     S: System Dict Roots             18 us, workers (us):  18, 
[57.156s][info][gc,stats      ]     S: CLDG Roots                  1074 us, workers (us): 1074, 
[57.156s][info][gc,stats      ]     S: JVMTI Roots                    1 us, workers (us):   1, 
[57.156s][info][gc,stats      ]   Resize TLABs                       24 us
[57.156s][info][gc,stats      ] Concurrent Marking                86225 us
[57.156s][info][gc,stats      ] Pause Final Mark (G)               4260 us
[57.156s][info][gc,stats      ] Pause Final Mark (N)               4040 us
[57.156s][info][gc,stats      ]   Finish Queues                      31 us
[57.156s][info][gc,stats      ]   System Purge                      426 us
[57.156s][info][gc,stats      ]     Weak Roots                      426 us
[57.156s][info][gc,stats      ]   Update Region States               44 us
[57.156s][info][gc,stats      ]   Retire TLABs                       25 us
[57.156s][info][gc,stats      ]   Choose Collection Set              45 us
[57.156s][info][gc,stats      ]   Rebuild Free Set                   13 us
[57.156s][info][gc,stats      ]   Initial Evacuation               3450 us, parallelism: 0.67x
[57.156s][info][gc,stats      ]     E: <total>                     2302 us
[57.156s][info][gc,stats      ]     E: Thread Roots                 718 us, workers (us): 718, 
[57.156s][info][gc,stats      ]     E: Code Cache Roots             582 us, workers (us): 582, 
[57.156s][info][gc,stats      ]     E: Universe Roots                 1 us, workers (us):   1, 
[57.156s][info][gc,stats      ]     E: JNI Handles Roots              1 us, workers (us):   1, 
[57.156s][info][gc,stats      ]     E: Synchronizer Roots             0 us, workers (us):   0, 
[57.156s][info][gc,stats      ]     E: Management Roots               1 us, workers (us):   1, 
[57.156s][info][gc,stats      ]     E: System Dict Roots             15 us, workers (us):  15, 
[57.156s][info][gc,stats      ]     E: CLDG Roots                   983 us, workers (us): 983, 
[57.156s][info][gc,stats      ]     E: JVMTI Roots                    0 us, workers (us):   0, 
[57.156s][info][gc,stats      ] Concurrent Cleanup                   98 us
[57.156s][info][gc,stats      ] Concurrent Evacuation              6937 us
[57.156s][info][gc,stats      ] Pause Init  Update Refs (G)        4155 us
[57.156s][info][gc,stats      ] Pause Init  Update Refs (N)          29 us
[57.156s][info][gc,stats      ]   Retire GCLABs                      13 us
[57.156s][info][gc,stats      ] Concurrent Update Refs            92782 us
[57.156s][info][gc,stats      ] Pause Final Update Refs (G)       18317 us
[57.156s][info][gc,stats      ] Pause Final Update Refs (N)         663 us
[57.156s][info][gc,stats      ]   Update Roots                      596 us, parallelism: 0.99x
[57.156s][info][gc,stats      ]     UR: <total>                     591 us
[57.156s][info][gc,stats      ]     UR: Thread Roots                591 us, workers (us): 591, 
[57.156s][info][gc,stats      ]   Update Region States               44 us
[57.156s][info][gc,stats      ]   Trash Collection Set                2 us
[57.156s][info][gc,stats      ]   Rebuild Free Set                   13 us
[57.156s][info][gc,stats      ] Concurrent Cleanup                   68 us
[57.156s][info][gc,stats      ] 
[57.156s][info][gc,stats      ] Allocation pacing accrued:
[57.156s][info][gc,stats      ]       0 of   571 ms (  0.0%): <total>
[57.156s][info][gc,stats      ]       0 of   571 ms (  0.0%): <average total>
[57.156s][info][gc,stats      ] 
[57.156s][info][gc,metaspace  ] Metaspace: 122982K->122982K(1159168K)
[57.156s][info][gc,ergo       ] Pacer for Idle. Initial: 40724K, Alloc Tax Rate: 1.0x
[57.546s][info][gc            ] Trigger: Learning 4 of 5. Free (1390M) is below initial threshold (1391M)
[57.546s][info][gc,ergo       ] Free: 1391M, Max: 512K regular, 1331M humongous, Frag: 5% external, 0% internal; Reserve: 101888K, Max: 512K
[57.546s][info][gc,start      ] GC(39) Concurrent reset
[57.546s][info][gc,task       ] GC(39) Using 1 of 1 workers for concurrent reset
[57.546s][info][gc,ergo       ] GC(39) Pacer for Reset. Non-Taxable: 1988M
[57.547s][info][gc            ] GC(39) Concurrent reset 0.257ms
[57.549s][info][gc,start      ] GC(39) Pause Init Mark
[57.549s][info][gc,task       ] GC(39) Using 1 of 1 workers for init marking
[57.552s][info][gc,ergo       ] GC(39) Pacer for Mark. Expected Live: 60978K, Free: 1391M, Non-Taxable: 139M, Alloc Tax Rate: 0.1x
[57.552s][info][gc            ] GC(39) Pause Init Mark 2.512ms
[57.552s][info][gc,start      ] GC(39) Concurrent marking
[57.552s][info][gc,task       ] GC(39) Using 1 of 1 workers for concurrent marking
[57.633s][info][gc            ] GC(39) Concurrent marking 81.412ms
[57.633s][info][gc,start      ] GC(39) Pause Final Mark
[57.633s][info][gc,task       ] GC(39) Using 1 of 1 workers for final marking
[57.634s][info][gc,ergo       ] GC(39) Adaptive CSet Selection. Target Free: 281M, Actual Free: 1770M, Max CSet: 84823K, Min Garbage: 0B
[57.634s][info][gc,ergo       ] GC(39) Collectable Garbage: 421M (99%), Immediate: 315M (74%), CSet: 105M (24%)
[57.637s][info][gc,ergo       ] GC(39) Pacer for Evacuation. Used CSet: 116M, Free: 1673M, Non-Taxable: 167M, Alloc Tax Rate: 1.1x
[57.637s][info][gc            ] GC(39) Pause Final Mark 4.092ms
[57.644s][info][gc,start      ] GC(39) Concurrent cleanup
[57.644s][info][gc            ] GC(39) Concurrent cleanup 529M->216M(548M) 0.109ms
[57.644s][info][gc,ergo       ] GC(39) Free: 1671M, Max: 512K regular, 1331M humongous, Frag: 21% external, 0% internal; Reserve: 101376K, Max: 512K
[57.644s][info][gc,start      ] GC(39) Concurrent evacuation
[57.644s][info][gc,task       ] GC(39) Using 1 of 1 workers for concurrent evacuation
[57.649s][info][gc            ] GC(39) Concurrent evacuation 4.697ms
[57.651s][info][gc,start      ] GC(39) Pause Init Update Refs
[57.651s][info][gc,ergo       ] GC(39) Pacer for Update Refs. Used: 227M, Free: 1671M, Non-Taxable: 167M, Alloc Tax Rate: 1.1x
[57.651s][info][gc            ] GC(39) Pause Init Update Refs 0.037ms
[57.651s][info][gc,start      ] GC(39) Concurrent update references
[57.651s][info][gc,task       ] GC(39) Using 1 of 1 workers for concurrent reference update
[57.734s][info][gc            ] GC(39) Concurrent update references 82.461ms
[57.736s][info][gc,start      ] GC(39) Pause Final Update Refs
[57.736s][info][gc,task       ] GC(39) Using 1 of 1 workers for final reference update
[57.737s][info][gc            ] GC(39) Pause Final Update Refs 0.685ms
[57.737s][info][gc,start      ] GC(39) Concurrent cleanup
[57.737s][info][gc            ] GC(39) Concurrent cleanup 266M->149M(558M) 0.079ms
[57.737s][info][gc,ergo       ] Free: 1737M, Max: 512K regular, 1322M humongous, Frag: 24% external, 1% internal; Reserve: 101888K, Max: 512K
[57.737s][info][gc,stats      ] 
[57.737s][info][gc,stats      ] All times are wall-clock times, except per-root-class counters, that are sum over
[57.737s][info][gc,stats      ] all workers. Dividing the <total> over the root stage time estimates parallelism.
[57.737s][info][gc,stats      ] 
[57.737s][info][gc,stats      ] Concurrent Reset                    247 us
[57.737s][info][gc,stats      ] Pause Init Mark (G)                4926 us
[57.737s][info][gc,stats      ] Pause Init Mark (N)                2498 us
[57.737s][info][gc,stats      ]   Accumulate Stats                   29 us
[57.737s][info][gc,stats      ]   Make Parsable                      21 us
[57.737s][info][gc,stats      ]   Update Region States               36 us
[57.737s][info][gc,stats      ]   Scan Roots                       2355 us, parallelism: 0.80x
[57.737s][info][gc,stats      ]     S: <total>                     1887 us
[57.737s][info][gc,stats      ]     S: Thread Roots                 769 us, workers (us): 769, 
[57.737s][info][gc,stats      ]     S: Universe Roots                 2 us, workers (us):   2, 
[57.737s][info][gc,stats      ]     S: JNI Handles Roots              1 us, workers (us):   1, 
[57.737s][info][gc,stats      ]     S: Synchronizer Roots             0 us, workers (us):   0, 
[57.737s][info][gc,stats      ]     S: Management Roots               1 us, workers (us):   1, 
[57.737s][info][gc,stats      ]     S: System Dict Roots             17 us, workers (us):  17, 
[57.737s][info][gc,stats      ]     S: CLDG Roots                  1096 us, workers (us): 1096, 
[57.737s][info][gc,stats      ]     S: JVMTI Roots                    0 us, workers (us):   0, 
[57.737s][info][gc,stats      ]   Resize TLABs                       24 us
[57.737s][info][gc,stats      ] Concurrent Marking                81405 us
[57.737s][info][gc,stats      ] Pause Final Mark (G)              10995 us
[57.737s][info][gc,stats      ] Pause Final Mark (N)               4083 us
[57.737s][info][gc,stats      ]   Finish Queues                      21 us
[57.737s][info][gc,stats      ]   System Purge                      423 us
[57.737s][info][gc,stats      ]     Weak Roots                      423 us
[57.737s][info][gc,stats      ]   Update Region States               44 us
[57.737s][info][gc,stats      ]   Retire TLABs                       27 us
[57.737s][info][gc,stats      ]   Choose Collection Set              60 us
[57.737s][info][gc,stats      ]   Rebuild Free Set                   13 us
[57.737s][info][gc,stats      ]   Initial Evacuation               3488 us, parallelism: 0.68x
[57.737s][info][gc,stats      ]     E: <total>                     2365 us
[57.737s][info][gc,stats      ]     E: Thread Roots                 774 us, workers (us): 774, 
[57.737s][info][gc,stats      ]     E: Code Cache Roots             584 us, workers (us): 584, 
[57.737s][info][gc,stats      ]     E: Universe Roots                 1 us, workers (us):   1, 
[57.737s][info][gc,stats      ]     E: JNI Handles Roots              1 us, workers (us):   1, 
[57.737s][info][gc,stats      ]     E: Synchronizer Roots             0 us, workers (us):   0, 
[57.737s][info][gc,stats      ]     E: Management Roots               1 us, workers (us):   1, 
[57.737s][info][gc,stats      ]     E: System Dict Roots             16 us, workers (us):  16, 
[57.737s][info][gc,stats      ]     E: CLDG Roots                   987 us, workers (us): 987, 
[57.737s][info][gc,stats      ]     E: JVMTI Roots                    0 us, workers (us):   0, 
[57.737s][info][gc,stats      ] Concurrent Cleanup                   90 us
[57.737s][info][gc,stats      ] Concurrent Evacuation              4685 us
[57.737s][info][gc,stats      ] Pause Init  Update Refs (G)        2413 us
[57.737s][info][gc,stats      ] Pause Init  Update Refs (N)          19 us
[57.737s][info][gc,stats      ]   Retire GCLABs                      12 us
[57.737s][info][gc,stats      ] Concurrent Update Refs            82452 us
[57.737s][info][gc,stats      ] Pause Final Update Refs (G)        3077 us
[57.737s][info][gc,stats      ] Pause Final Update Refs (N)         674 us
[57.737s][info][gc,stats      ]   Update Roots                      609 us, parallelism: 0.99x
[57.737s][info][gc,stats      ]     UR: <total>                     602 us
[57.737s][info][gc,stats      ]     UR: Thread Roots                602 us, workers (us): 602, 
[57.737s][info][gc,stats      ]   Update Region States               40 us
[57.737s][info][gc,stats      ]   Trash Collection Set                3 us
[57.737s][info][gc,stats      ]   Rebuild Free Set                   14 us
[57.737s][info][gc,stats      ] Concurrent Cleanup                   73 us
[57.737s][info][gc,stats      ] 
[57.737s][info][gc,stats      ] Allocation pacing accrued:
[57.737s][info][gc,stats      ]       0 of   581 ms (  0.0%): <total>
[57.737s][info][gc,stats      ]       0 of   581 ms (  0.0%): <average total>
[57.737s][info][gc,stats      ] 
[57.737s][info][gc,metaspace  ] Metaspace: 123094K->123094K(1159168K)
[57.737s][info][gc,ergo       ] Pacer for Idle. Initial: 40724K, Alloc Tax Rate: 1.0x
[58.062s][info][gc            ] Trigger: Explicit GC request (System.gc())
[58.062s][info][gc,ergo       ] Free: 1544M, Max: 512K regular, 1322M humongous, Frag: 15% external, 0% internal; Reserve: 101888K, Max: 512K
[58.062s][info][gc,start      ] GC(40) Concurrent reset
[58.062s][info][gc,task       ] GC(40) Using 1 of 1 workers for concurrent reset
[58.062s][info][gc,ergo       ] GC(40) Pacer for Reset. Non-Taxable: 1988M
[58.063s][info][gc            ] GC(40) Concurrent reset 0.297ms
[58.063s][info][gc,start      ] GC(40) Pause Init Mark (process weakrefs) (unload classes)
[58.063s][info][gc,task       ] GC(40) Using 1 of 1 workers for init marking
[58.065s][info][gc,ergo       ] GC(40) Pacer for Mark. Expected Live: 62859K, Free: 1544M, Non-Taxable: 154M, Alloc Tax Rate: 0.0x
[58.065s][info][gc            ] GC(40) Pause Init Mark (process weakrefs) (unload classes) 1.608ms
[58.065s][info][gc,start      ] GC(40) Concurrent marking (process weakrefs) (unload classes)
[58.065s][info][gc,task       ] GC(40) Using 1 of 1 workers for concurrent marking
[58.107s][info][gc            ] GC(40) Concurrent marking (process weakrefs) (unload classes) 41.733ms
[58.107s][info][gc,start      ] GC(40) Concurrent precleaning
[58.107s][info][gc,task       ] GC(40) Using 1 of 1 workers for concurrent preclean
[58.107s][info][gc,ergo       ] GC(40) Pacer for Precleaning. Non-Taxable: 1988M
[58.107s][info][gc            ] GC(40) Concurrent precleaning 0.583ms
[58.107s][info][gc,start      ] GC(40) Pause Final Mark (process weakrefs) (unload classes)
[58.107s][info][gc,task       ] GC(40) Using 1 of 1 workers for final marking
[58.166s][info][gc,stringtable] GC(40) Cleaned string and symbol table, strings: 30201 processed, 0 removed, symbols: 240436 processed, 648 removed
[58.166s][info][gc,ergo       ] GC(40) Adaptive CSet Selection. Target Free: 281M, Actual Free: 1902M, Max CSet: 84823K, Min Garbage: 0B
[58.166s][info][gc,ergo       ] GC(40) Collectable Garbage: 280M (98%), Immediate: 258M (90%), CSet: 22736K (7%)
[58.170s][info][gc,ergo       ] GC(40) Pacer for Evacuation. Used CSet: 24766K, Free: 1805M, Non-Taxable: 180M, Alloc Tax Rate: 1.1x
[58.170s][info][gc            ] GC(40) Pause Final Mark (process weakrefs) (unload classes) 62.578ms
[58.170s][info][gc,start      ] GC(40) Concurrent cleanup
[58.170s][info][gc            ] GC(40) Concurrent cleanup 339M->81M(558M) 0.094ms
[58.170s][info][gc,ergo       ] GC(40) Free: 1805M, Max: 512K regular, 1330M humongous, Frag: 27% external, 0% internal; Reserve: 101825K, Max: 512K
[58.170s][info][gc,start      ] GC(40) Concurrent evacuation
[58.170s][info][gc,task       ] GC(40) Using 1 of 1 workers for concurrent evacuation
[58.193s][info][gc            ] GC(40) Concurrent evacuation 22.628ms
[58.193s][info][gc,start      ] GC(40) Pause Init Update Refs
[58.193s][info][gc,ergo       ] GC(40) Pacer for Update Refs. Used: 107M, Free: 1781M, Non-Taxable: 178M, Alloc Tax Rate: 1.1x
[58.193s][info][gc            ] GC(40) Pause Init Update Refs 0.033ms
[58.193s][info][gc,start      ] GC(40) Concurrent update references
[58.193s][info][gc,task       ] GC(40) Using 1 of 1 workers for concurrent reference update
[58.225s][info][gc            ] GC(40) Concurrent update references 31.679ms
[58.225s][info][gc,start      ] GC(40) Pause Final Update Refs
[58.225s][info][gc,task       ] GC(40) Using 1 of 1 workers for final reference update
[58.226s][info][gc            ] GC(40) Pause Final Update Refs 0.639ms
[58.226s][info][gc,start      ] GC(40) Concurrent cleanup
[58.226s][info][gc            ] GC(40) Concurrent cleanup 107M->83M(558M) 0.072ms
[58.226s][info][gc,ergo       ] Free: 1803M, Max: 512K regular, 1335M humongous, Frag: 26% external, 0% internal; Reserve: 101888K, Max: 512K
[58.226s][info][gc,stats      ] 
[58.226s][info][gc,stats      ] All times are wall-clock times, except per-root-class counters, that are sum over
[58.226s][info][gc,stats      ] all workers. Dividing the <total> over the root stage time estimates parallelism.
[58.226s][info][gc,stats      ] 
[58.226s][info][gc,stats      ] Concurrent Reset                    290 us
[58.226s][info][gc,stats      ] Pause Init Mark (G)                2033 us
[58.226s][info][gc,stats      ] Pause Init Mark (N)                1596 us
[58.226s][info][gc,stats      ]   Accumulate Stats                   57 us
[58.226s][info][gc,stats      ]   Make Parsable                      27 us
[58.226s][info][gc,stats      ]   Update Region States               39 us
[58.226s][info][gc,stats      ]   Scan Roots                       1419 us, parallelism: 0.67x
[58.226s][info][gc,stats      ]     S: <total>                      945 us
[58.226s][info][gc,stats      ]     S: Thread Roots                 784 us, workers (us): 784, 
[58.226s][info][gc,stats      ]     S: Universe Roots                 2 us, workers (us):   2, 
[58.226s][info][gc,stats      ]     S: JNI Handles Roots              1 us, workers (us):   1, 
[58.226s][info][gc,stats      ]     S: Synchronizer Roots             0 us, workers (us):   0, 
[58.226s][info][gc,stats      ]     S: Management Roots               2 us, workers (us):   2, 
[58.226s][info][gc,stats      ]     S: System Dict Roots             15 us, workers (us):  15, 
[58.226s][info][gc,stats      ]     S: CLDG Roots                   140 us, workers (us): 140, 
[58.226s][info][gc,stats      ]     S: JVMTI Roots                    1 us, workers (us):   1, 
[58.226s][info][gc,stats      ]   Resize TLABs                       20 us
[58.226s][info][gc,stats      ] Concurrent Marking                41726 us
[58.226s][info][gc,stats      ] Concurrent Precleaning              577 us
[58.226s][info][gc,stats      ] Pause Final Mark (G)              62866 us
[58.226s][info][gc,stats      ] Pause Final Mark (N)              62569 us
[58.226s][info][gc,stats      ]   Finish Queues                     183 us
[58.226s][info][gc,stats      ]   Weak References                   175 us
[58.226s][info][gc,stats      ]     Process                         173 us
[58.226s][info][gc,stats      ]   System Purge                      528 us
[58.226s][info][gc,stats      ]     Unload Classes                 2186 us
[58.226s][info][gc,stats      ]     Cleanup                       55111 us, parallelism: 1.00x
[58.226s][info][gc,stats      ]       CU: <total>                 55041 us
[58.226s][info][gc,stats      ]       CU: Code Cache Roots        22757 us, workers (us): 22757, 
[58.226s][info][gc,stats      ]       CU: Code Cache Cleaning      3938 us, workers (us): 3938, 
[58.226s][info][gc,stats      ]       CU: String Table Roots      15738 us, workers (us): 15738, 
[58.226s][info][gc,stats      ]       CU: Resolved Table Roots      278 us, workers (us): 278, 
[58.226s][info][gc,stats      ]       CU: CLDG Roots              12330 us, workers (us): 12330, 
[58.226s][info][gc,stats      ]     Weak Roots                      527 us
[58.226s][info][gc,stats      ]     CLDG                            634 us
[58.226s][info][gc,stats      ]   Update Region States               48 us
[58.226s][info][gc,stats      ]   Retire TLABs                       49 us
[58.226s][info][gc,stats      ]   Choose Collection Set              46 us
[58.226s][info][gc,stats      ]   Rebuild Free Set                   15 us
[58.226s][info][gc,stats      ]   Initial Evacuation               3585 us, parallelism: 0.68x
[58.226s][info][gc,stats      ]     E: <total>                     2440 us
[58.226s][info][gc,stats      ]     E: Thread Roots                 736 us, workers (us): 736, 
[58.226s][info][gc,stats      ]     E: Code Cache Roots             724 us, workers (us): 724, 
[58.226s][info][gc,stats      ]     E: Universe Roots                 3 us, workers (us):   3, 
[58.226s][info][gc,stats      ]     E: JNI Handles Roots              1 us, workers (us):   1, 
[58.226s][info][gc,stats      ]     E: Synchronizer Roots             0 us, workers (us):   0, 
[58.226s][info][gc,stats      ]     E: Management Roots               1 us, workers (us):   1, 
[58.226s][info][gc,stats      ]     E: System Dict Roots             16 us, workers (us):  16, 
[58.226s][info][gc,stats      ]     E: CLDG Roots                   958 us, workers (us): 958, 
[58.226s][info][gc,stats      ]     E: JVMTI Roots                    1 us, workers (us):   1, 
[58.226s][info][gc,stats      ] Concurrent Cleanup                   87 us
[58.226s][info][gc,stats      ] Concurrent Evacuation             22618 us
[58.226s][info][gc,stats      ] Pause Init  Update Refs (G)         470 us
[58.226s][info][gc,stats      ] Pause Init  Update Refs (N)          23 us
[58.226s][info][gc,stats      ]   Retire GCLABs                      15 us
[58.226s][info][gc,stats      ] Concurrent Update Refs            31669 us
[58.226s][info][gc,stats      ] Pause Final Update Refs (G)        1031 us
[58.226s][info][gc,stats      ] Pause Final Update Refs (N)         631 us
[58.226s][info][gc,stats      ]   Update Roots                      567 us, parallelism: 0.99x
[58.226s][info][gc,stats      ]     UR: <total>                     560 us
[58.226s][info][gc,stats      ]     UR: Thread Roots                560 us, workers (us): 560, 
[58.226s][info][gc,stats      ]   Update Region States               41 us
[58.226s][info][gc,stats      ]   Trash Collection Set                2 us
[58.226s][info][gc,stats      ]   Rebuild Free Set                   15 us
[58.226s][info][gc,stats      ] Concurrent Cleanup                   66 us
[58.226s][info][gc,stats      ] 
[58.226s][info][gc,stats      ] Allocation pacing accrued:
[58.226s][info][gc,stats      ]       0 of   489 ms (  0.0%): <total>
[58.226s][info][gc,stats      ]       0 of   489 ms (  0.0%): <average total>
[58.226s][info][gc,stats      ] 
[58.226s][info][gc,metaspace  ] Metaspace: 123152K->121938K(1159168K)
[58.226s][info][gc,ergo       ] Pacer for Idle. Initial: 40724K, Alloc Tax Rate: 1.0x
[58.226s][info][gc,start      ] Concurrent uncommit
[58.249s][info][gc            ] Concurrent uncommit 83M->83M(86M) 22.190ms
[59.418s][info][gc            ] Trigger: Learning 2 of 5. Free (1388M) is below initial threshold (1391M)
[59.418s][info][gc,ergo       ] Free: 1389M, Max: 512K regular, 1335M humongous, Frag: 4% external, 0% internal; Reserve: 101888K, Max: 512K
[59.418s][info][gc,start      ] GC(41) Concurrent reset
[59.418s][info][gc,task       ] GC(41) Using 1 of 1 workers for concurrent reset
[59.418s][info][gc,ergo       ] GC(41) Pacer for Reset. Non-Taxable: 1988M
[59.418s][info][gc            ] GC(41) Concurrent reset 0.238ms
[59.420s][info][gc,start      ] GC(41) Pause Init Mark
[59.420s][info][gc,task       ] GC(41) Using 1 of 1 workers for init marking
[59.423s][info][gc,ergo       ] GC(41) Pacer for Mark. Expected Live: 60949K, Free: 1389M, Non-Taxable: 138M, Alloc Tax Rate: 0.1x
[59.423s][info][gc            ] GC(41) Pause Init Mark 2.728ms
[59.423s][info][gc,start      ] GC(41) Concurrent marking
[59.423s][info][gc,task       ] GC(41) Using 1 of 1 workers for concurrent marking
[59.547s][info][gc            ] GC(41) Concurrent marking 123.972ms
[59.547s][info][gc,start      ] GC(41) Pause Final Mark
[59.547s][info][gc,task       ] GC(41) Using 1 of 1 workers for final marking
[59.548s][info][gc,ergo       ] GC(41) Adaptive CSet Selection. Target Free: 281M, Actual Free: 1787M, Max CSet: 84823K, Min Garbage: 0B
[59.548s][info][gc,ergo       ] GC(41) Collectable Garbage: 429M (99%), Immediate: 343M (79%), CSet: 87748K (19%)
[59.553s][info][gc,ergo       ] GC(41) Pacer for Evacuation. Used CSet: 92872K, Free: 1694M, Non-Taxable: 169M, Alloc Tax Rate: 1.1x
[59.553s][info][gc            ] GC(41) Pause Final Mark 5.158ms
[59.556s][info][gc,start      ] GC(41) Concurrent cleanup
[59.557s][info][gc            ] GC(41) Concurrent cleanup 536M->193M(545M) 0.138ms
[59.557s][info][gc,ergo       ] GC(41) Free: 1693M, Max: 512K regular, 1335M humongous, Frag: 22% external, 0% internal; Reserve: 101625K, Max: 512K
[59.557s][info][gc,start      ] GC(41) Concurrent evacuation
[59.557s][info][gc,task       ] GC(41) Using 1 of 1 workers for concurrent evacuation
[59.576s][info][gc            ] GC(41) Concurrent evacuation 19.006ms
[59.578s][info][gc,start      ] GC(41) Pause Init Update Refs
[59.578s][info][gc,ergo       ] GC(41) Pacer for Update Refs. Used: 199M, Free: 1692M, Non-Taxable: 169M, Alloc Tax Rate: 1.1x
[59.578s][info][gc            ] GC(41) Pause Init Update Refs 0.034ms
[59.578s][info][gc,start      ] GC(41) Concurrent update references
[59.578s][info][gc,task       ] GC(41) Using 1 of 1 workers for concurrent reference update
[59.690s][info][gc            ] GC(41) Concurrent update references 112.272ms
[59.693s][info][gc,start      ] GC(41) Pause Final Update Refs
[59.693s][info][gc,task       ] GC(41) Using 1 of 1 workers for final reference update
[59.694s][info][gc            ] GC(41) Pause Final Update Refs 1.263ms
[59.694s][info][gc,start      ] GC(41) Concurrent cleanup
[59.695s][info][gc            ] GC(41) Concurrent cleanup 212M->121M(550M) 0.078ms
[59.695s][info][gc,ergo       ] Free: 1765M, Max: 512K regular, 1332M humongous, Frag: 25% external, 0% internal; Reserve: 101888K, Max: 512K
[59.695s][info][gc,stats      ] 
[59.695s][info][gc,stats      ] All times are wall-clock times, except per-root-class counters, that are sum over
[59.695s][info][gc,stats      ] all workers. Dividing the <total> over the root stage time estimates parallelism.
[59.695s][info][gc,stats      ] 
[59.695s][info][gc,stats      ] Concurrent Reset                    221 us
[59.695s][info][gc,stats      ] Pause Init Mark (G)                5127 us
[59.695s][info][gc,stats      ] Pause Init Mark (N)                2715 us
[59.695s][info][gc,stats      ]   Accumulate Stats                   30 us
[59.695s][info][gc,stats      ]   Make Parsable                      84 us
[59.695s][info][gc,stats      ]   Update Region States               37 us
[59.695s][info][gc,stats      ]   Scan Roots                       2503 us, parallelism: 0.82x
[59.695s][info][gc,stats      ]     S: <total>                     2050 us
[59.695s][info][gc,stats      ]     S: Thread Roots                 823 us, workers (us): 823, 
[59.695s][info][gc,stats      ]     S: Universe Roots                 2 us, workers (us):   2, 
[59.695s][info][gc,stats      ]     S: JNI Handles Roots              1 us, workers (us):   1, 
[59.695s][info][gc,stats      ]     S: Synchronizer Roots             0 us, workers (us):   0, 
[59.695s][info][gc,stats      ]     S: Management Roots               1 us, workers (us):   1, 
[59.695s][info][gc,stats      ]     S: System Dict Roots             17 us, workers (us):  17, 
[59.695s][info][gc,stats      ]     S: CLDG Roots                  1206 us, workers (us): 1206, 
[59.695s][info][gc,stats      ]     S: JVMTI Roots                    1 us, workers (us):   1, 
[59.695s][info][gc,stats      ]   Resize TLABs                       24 us
[59.695s][info][gc,stats      ] Concurrent Marking               123965 us
[59.695s][info][gc,stats      ] Pause Final Mark (G)               9246 us
[59.695s][info][gc,stats      ] Pause Final Mark (N)               5149 us
[59.695s][info][gc,stats      ]   Finish Queues                      17 us
[59.695s][info][gc,stats      ]   System Purge                      471 us
[59.695s][info][gc,stats      ]     Weak Roots                      471 us
[59.695s][info][gc,stats      ]   Update Region States               44 us
[59.695s][info][gc,stats      ]   Retire TLABs                       33 us
[59.695s][info][gc,stats      ]   Choose Collection Set              55 us
[59.695s][info][gc,stats      ]   Rebuild Free Set                   13 us
[59.695s][info][gc,stats      ]   Initial Evacuation               4509 us, parallelism: 0.62x
[59.695s][info][gc,stats      ]     E: <total>                     2797 us
[59.695s][info][gc,stats      ]     E: Thread Roots                 795 us, workers (us): 795, 
[59.695s][info][gc,stats      ]     E: Code Cache Roots             808 us, workers (us): 808, 
[59.695s][info][gc,stats      ]     E: Universe Roots                 1 us, workers (us):   1, 
[59.695s][info][gc,stats      ]     E: JNI Handles Roots              1 us, workers (us):   1, 
[59.695s][info][gc,stats      ]     E: Synchronizer Roots             0 us, workers (us):   0, 
[59.695s][info][gc,stats      ]     E: Management Roots               1 us, workers (us):   1, 
[59.695s][info][gc,stats      ]     E: System Dict Roots             17 us, workers (us):  17, 
[59.695s][info][gc,stats      ]     E: CLDG Roots                  1173 us, workers (us): 1173, 
[59.695s][info][gc,stats      ]     E: JVMTI Roots                    1 us, workers (us):   1, 
[59.695s][info][gc,stats      ] Concurrent Cleanup                   95 us
[59.695s][info][gc,stats      ] Concurrent Evacuation             18997 us
[59.695s][info][gc,stats      ] Pause Init  Update Refs (G)        2468 us
[59.695s][info][gc,stats      ] Pause Init  Update Refs (N)          21 us
[59.695s][info][gc,stats      ]   Retire GCLABs                      13 us
[59.695s][info][gc,stats      ] Concurrent Update Refs           112261 us
[59.695s][info][gc,stats      ] Pause Final Update Refs (G)        3952 us
[59.695s][info][gc,stats      ] Pause Final Update Refs (N)        1231 us
[59.695s][info][gc,stats      ]   Update Roots                      720 us, parallelism: 0.96x
[59.695s][info][gc,stats      ]     UR: <total>                     692 us
[59.695s][info][gc,stats      ]     UR: Thread Roots                692 us, workers (us): 692, 
[59.695s][info][gc,stats      ]   Update Region States              482 us
[59.695s][info][gc,stats      ]   Trash Collection Set                3 us
[59.695s][info][gc,stats      ]   Rebuild Free Set                   15 us
[59.695s][info][gc,stats      ] Concurrent Cleanup                   72 us
[59.695s][info][gc,stats      ] 
[59.695s][info][gc,stats      ] Allocation pacing accrued:
[59.695s][info][gc,stats      ]       0 of  1468 ms (  0.0%): <total>
[59.695s][info][gc,stats      ]       0 of  1468 ms (  0.0%): <average total>
[59.695s][info][gc,stats      ] 
[59.695s][info][gc,metaspace  ] Metaspace: 123143K->123224K(1159168K)
[59.695s][info][gc,ergo       ] Pacer for Idle. Initial: 40724K, Alloc Tax Rate: 1.0x
[60.068s][info][gc            ] Trigger: Learning 3 of 5. Free (1391M) is below initial threshold (1391M)
[60.069s][info][gc,ergo       ] Free: 1391M, Max: 512K regular, 1332M humongous, Frag: 5% external, 0% internal; Reserve: 101888K, Max: 512K
[60.069s][info][gc,start      ] GC(42) Concurrent reset
[60.069s][info][gc,task       ] GC(42) Using 1 of 1 workers for concurrent reset
[60.069s][info][gc,ergo       ] GC(42) Pacer for Reset. Non-Taxable: 1988M
[60.069s][info][gc            ] GC(42) Concurrent reset 0.307ms
[60.071s][info][gc,start      ] GC(42) Pause Init Mark
[60.071s][info][gc,task       ] GC(42) Using 1 of 1 workers for init marking
[60.074s][info][gc,ergo       ] GC(42) Pacer for Mark. Expected Live: 61838K, Free: 1391M, Non-Taxable: 139M, Alloc Tax Rate: 0.1x
[60.074s][info][gc            ] GC(42) Pause Init Mark 2.558ms
[60.074s][info][gc,start      ] GC(42) Concurrent marking
[60.074s][info][gc,task       ] GC(42) Using 1 of 1 workers for concurrent marking
[60.180s][info][gc            ] GC(42) Concurrent marking 106.300ms
[60.180s][info][gc,start      ] GC(42) Pause Final Mark
[60.180s][info][gc,task       ] GC(42) Using 1 of 1 workers for final marking
[60.181s][info][gc,ergo       ] GC(42) Adaptive CSet Selection. Target Free: 281M, Actual Free: 1825M, Max CSet: 84823K, Min Garbage: 0B
[60.181s][info][gc,ergo       ] GC(42) Collectable Garbage: 431M (99%), Immediate: 391M (89%), CSet: 41040K (9%)
[60.185s][info][gc,ergo       ] GC(42) Pacer for Evacuation. Used CSet: 43520K, Free: 1726M, Non-Taxable: 172M, Alloc Tax Rate: 1.1x
[60.185s][info][gc            ] GC(42) Pause Final Mark 4.288ms
[60.185s][info][gc,start      ] GC(42) Concurrent cleanup
[60.185s][info][gc            ] GC(42) Concurrent cleanup 551M->160M(556M) 0.119ms
[60.185s][info][gc,ergo       ] GC(42) Free: 1726M, Max: 512K regular, 1332M humongous, Frag: 23% external, 0% internal; Reserve: 101857K, Max: 512K
[60.185s][info][gc,start      ] GC(42) Concurrent evacuation
[60.185s][info][gc,task       ] GC(42) Using 1 of 1 workers for concurrent evacuation
[60.190s][info][gc            ] GC(42) Concurrent evacuation 5.677ms
[60.194s][info][gc,start      ] GC(42) Pause Init Update Refs
[60.194s][info][gc,ergo       ] GC(42) Pacer for Update Refs. Used: 167M, Free: 1722M, Non-Taxable: 172M, Alloc Tax Rate: 1.1x
[60.194s][info][gc            ] GC(42) Pause Init Update Refs 0.040ms
[60.194s][info][gc,start      ] GC(42) Concurrent update references
[60.194s][info][gc,task       ] GC(42) Using 1 of 1 workers for concurrent reference update
[60.298s][info][gc            ] GC(42) Concurrent update references 103.885ms
[60.300s][info][gc,start      ] GC(42) Pause Final Update Refs
[60.300s][info][gc,task       ] GC(42) Using 1 of 1 workers for final reference update
[60.301s][info][gc            ] GC(42) Pause Final Update Refs 0.696ms
[60.301s][info][gc,start      ] GC(42) Concurrent cleanup
[60.301s][info][gc            ] GC(42) Concurrent cleanup 229M->186M(557M) 0.073ms
[60.301s][info][gc,ergo       ] Free: 1700M, Max: 512K regular, 1330M humongous, Frag: 22% external, 0% internal; Reserve: 101888K, Max: 512K
[60.301s][info][gc,stats      ] 
[60.301s][info][gc,stats      ] All times are wall-clock times, except per-root-class counters, that are sum over
[60.301s][info][gc,stats      ] all workers. Dividing the <total> over the root stage time estimates parallelism.
[60.301s][info][gc,stats      ] 
[60.301s][info][gc,stats      ] Concurrent Reset                    298 us
[60.301s][info][gc,stats      ] Pause Init Mark (G)                4954 us
[60.301s][info][gc,stats      ] Pause Init Mark (N)                2543 us
[60.301s][info][gc,stats      ]   Accumulate Stats                   30 us
[60.301s][info][gc,stats      ]   Make Parsable                      18 us
[60.301s][info][gc,stats      ]   Update Region States               47 us
[60.301s][info][gc,stats      ]   Scan Roots                       2385 us, parallelism: 0.80x
[60.301s][info][gc,stats      ]     S: <total>                     1913 us
[60.301s][info][gc,stats      ]     S: Thread Roots                 775 us, workers (us): 775, 
[60.301s][info][gc,stats      ]     S: Universe Roots                 2 us, workers (us):   2, 
[60.301s][info][gc,stats      ]     S: JNI Handles Roots              1 us, workers (us):   1, 
[60.301s][info][gc,stats      ]     S: Synchronizer Roots             0 us, workers (us):   0, 
[60.301s][info][gc,stats      ]     S: Management Roots               1 us, workers (us):   1, 
[60.301s][info][gc,stats      ]     S: System Dict Roots             16 us, workers (us):  16, 
[60.301s][info][gc,stats      ]     S: CLDG Roots                  1117 us, workers (us): 1117, 
[60.301s][info][gc,stats      ]     S: JVMTI Roots                    0 us, workers (us):   0, 
[60.301s][info][gc,stats      ]   Resize TLABs                       25 us
[60.301s][info][gc,stats      ] Concurrent Marking               106293 us
[60.301s][info][gc,stats      ] Pause Final Mark (G)               4512 us
[60.301s][info][gc,stats      ] Pause Final Mark (N)               4279 us
[60.301s][info][gc,stats      ]   Finish Queues                      18 us
[60.301s][info][gc,stats      ]   System Purge                      459 us
[60.301s][info][gc,stats      ]     Weak Roots                      459 us
[60.301s][info][gc,stats      ]   Update Region States               44 us
[60.301s][info][gc,stats      ]   Retire TLABs                       29 us
[60.301s][info][gc,stats      ]   Choose Collection Set              47 us
[60.301s][info][gc,stats      ]   Rebuild Free Set                   13 us
[60.301s][info][gc,stats      ]   Initial Evacuation               3662 us, parallelism: 0.68x
[60.301s][info][gc,stats      ]     E: <total>                     2501 us
[60.301s][info][gc,stats      ]     E: Thread Roots                 695 us, workers (us): 695, 
[60.301s][info][gc,stats      ]     E: Code Cache Roots             626 us, workers (us): 626, 
[60.301s][info][gc,stats      ]     E: Universe Roots                 1 us, workers (us):   1, 
[60.301s][info][gc,stats      ]     E: JNI Handles Roots              1 us, workers (us):   1, 
[60.301s][info][gc,stats      ]     E: Synchronizer Roots             0 us, workers (us):   0, 
[60.301s][info][gc,stats      ]     E: Management Roots               1 us, workers (us):   1, 
[60.301s][info][gc,stats      ]     E: System Dict Roots             17 us, workers (us):  17, 
[60.301s][info][gc,stats      ]     E: CLDG Roots                  1160 us, workers (us): 1160, 
[60.301s][info][gc,stats      ]     E: JVMTI Roots                    1 us, workers (us):   1, 
[60.301s][info][gc,stats      ] Concurrent Cleanup                  112 us
[60.301s][info][gc,stats      ] Concurrent Evacuation              5667 us
[60.301s][info][gc,stats      ] Pause Init  Update Refs (G)        3424 us
[60.301s][info][gc,stats      ] Pause Init  Update Refs (N)          20 us
[60.301s][info][gc,stats      ]   Retire GCLABs                      13 us
[60.301s][info][gc,stats      ] Concurrent Update Refs           103875 us
[60.301s][info][gc,stats      ] Pause Final Update Refs (G)        3145 us
[60.301s][info][gc,stats      ] Pause Final Update Refs (N)         679 us
[60.301s][info][gc,stats      ]   Update Roots                      602 us, parallelism: 0.99x
[60.301s][info][gc,stats      ]     UR: <total>                     594 us
[60.301s][info][gc,stats      ]     UR: Thread Roots                594 us, workers (us): 594, 
[60.301s][info][gc,stats      ]   Update Region States               52 us
[60.301s][info][gc,stats      ]   Trash Collection Set                2 us
[60.301s][info][gc,stats      ]   Rebuild Free Set                   13 us
[60.301s][info][gc,stats      ] Concurrent Cleanup                   68 us
[60.301s][info][gc,stats      ] 
[60.301s][info][gc,stats      ] Allocation pacing accrued:
[60.301s][info][gc,stats      ]       0 of   607 ms (  0.0%): <total>
[60.301s][info][gc,stats      ]       0 of   607 ms (  0.0%): <average total>
[60.301s][info][gc,stats      ] 
[60.301s][info][gc,metaspace  ] Metaspace: 123225K->123225K(1159168K)
[60.301s][info][gc,ergo       ] Pacer for Idle. Initial: 40724K, Alloc Tax Rate: 1.0x
[60.735s][info][gc            ] Trigger: Learning 4 of 5. Free (1390M) is below initial threshold (1391M)
[60.735s][info][gc,ergo       ] Free: 1390M, Max: 512K regular, 1330M humongous, Frag: 5% external, 0% internal; Reserve: 101888K, Max: 512K
[60.735s][info][gc,start      ] GC(43) Concurrent reset
[60.735s][info][gc,task       ] GC(43) Using 1 of 1 workers for concurrent reset
[60.735s][info][gc,ergo       ] GC(43) Pacer for Reset. Non-Taxable: 1988M
[60.735s][info][gc            ] GC(43) Concurrent reset 0.252ms
[60.738s][info][gc,start      ] GC(43) Pause Init Mark
[60.738s][info][gc,task       ] GC(43) Using 1 of 1 workers for init marking
[60.740s][info][gc,ergo       ] GC(43) Pacer for Mark. Expected Live: 62144K, Free: 1390M, Non-Taxable: 139M, Alloc Tax Rate: 0.1x
[60.740s][info][gc            ] GC(43) Pause Init Mark 2.559ms
[60.740s][info][gc,start      ] GC(43) Concurrent marking
[60.740s][info][gc,task       ] GC(43) Using 1 of 1 workers for concurrent marking
[60.833s][info][gc            ] GC(43) Concurrent marking 92.218ms
[60.833s][info][gc,start      ] GC(43) Pause Final Mark
[60.833s][info][gc,task       ] GC(43) Using 1 of 1 workers for final marking
[60.833s][info][gc,ergo       ] GC(43) Adaptive CSet Selection. Target Free: 281M, Actual Free: 1779M, Max CSet: 84823K, Min Garbage: 0B
[60.833s][info][gc,ergo       ] GC(43) Collectable Garbage: 422M (99%), Immediate: 329M (77%), CSet: 95734K (21%)
[60.837s][info][gc,ergo       ] GC(43) Pacer for Evacuation. Used CSet: 102M, Free: 1682M, Non-Taxable: 168M, Alloc Tax Rate: 1.1x
[60.837s][info][gc            ] GC(43) Pause Final Mark 4.180ms
[60.837s][info][gc,start      ] GC(43) Concurrent cleanup
[60.837s][info][gc            ] GC(43) Concurrent cleanup 534M->204M(557M) 0.099ms
[60.837s][info][gc,ergo       ] GC(43) Free: 1682M, Max: 512K regular, 1330M humongous, Frag: 21% external, 0% internal; Reserve: 101857K, Max: 512K
[60.837s][info][gc,start      ] GC(43) Concurrent evacuation
[60.837s][info][gc,task       ] GC(43) Using 1 of 1 workers for concurrent evacuation
[60.849s][info][gc            ] GC(43) Concurrent evacuation 12.274ms
[60.854s][info][gc,start      ] GC(43) Pause Init Update Refs
[60.854s][info][gc,ergo       ] GC(43) Pacer for Update Refs. Used: 221M, Free: 1675M, Non-Taxable: 167M, Alloc Tax Rate: 1.1x
[60.854s][info][gc            ] GC(43) Pause Init Update Refs 0.037ms
[60.854s][info][gc,start      ] GC(43) Concurrent update references
[60.854s][info][gc,task       ] GC(43) Using 1 of 1 workers for concurrent reference update
[60.937s][info][gc            ] GC(43) Concurrent update references 82.966ms
[60.944s][info][gc,start      ] GC(43) Pause Final Update Refs
[60.944s][info][gc,task       ] GC(43) Using 1 of 1 workers for final reference update
[60.945s][info][gc            ] GC(43) Pause Final Update Refs 0.689ms
[60.945s][info][gc,start      ] GC(43) Concurrent cleanup
[60.945s][info][gc            ] GC(43) Concurrent cleanup 261M->158M(565M) 0.082ms
[60.945s][info][gc,ergo       ] Free: 1728M, Max: 512K regular, 1323M humongous, Frag: 24% external, 0% internal; Reserve: 101888K, Max: 512K
[60.945s][info][gc,stats      ] 
[60.945s][info][gc,stats      ] All times are wall-clock times, except per-root-class counters, that are sum over
[60.945s][info][gc,stats      ] all workers. Dividing the <total> over the root stage time estimates parallelism.
[60.945s][info][gc,stats      ] 
[60.945s][info][gc,stats      ] Concurrent Reset                    245 us
[60.945s][info][gc,stats      ] Pause Init Mark (G)                4981 us
[60.945s][info][gc,stats      ] Pause Init Mark (N)                2544 us
[60.945s][info][gc,stats      ]   Accumulate Stats                   31 us
[60.945s][info][gc,stats      ]   Make Parsable                      22 us
[60.945s][info][gc,stats      ]   Update Region States               46 us
[60.945s][info][gc,stats      ]   Scan Roots                       2384 us, parallelism: 0.81x
[60.945s][info][gc,stats      ]     S: <total>                     1921 us
[60.945s][info][gc,stats      ]     S: Thread Roots                 813 us, workers (us): 813, 
[60.945s][info][gc,stats      ]     S: Universe Roots                 2 us, workers (us):   2, 
[60.945s][info][gc,stats      ]     S: JNI Handles Roots              1 us, workers (us):   1, 
[60.945s][info][gc,stats      ]     S: Synchronizer Roots             0 us, workers (us):   0, 
[60.945s][info][gc,stats      ]     S: Management Roots               2 us, workers (us):   2, 
[60.945s][info][gc,stats      ]     S: System Dict Roots             14 us, workers (us):  14, 
[60.945s][info][gc,stats      ]     S: CLDG Roots                  1089 us, workers (us): 1089, 
[60.945s][info][gc,stats      ]     S: JVMTI Roots                    1 us, workers (us):   1, 
[60.945s][info][gc,stats      ]   Resize TLABs                       25 us
[60.945s][info][gc,stats      ] Concurrent Marking                92210 us
[60.945s][info][gc,stats      ] Pause Final Mark (G)               4443 us
[60.945s][info][gc,stats      ] Pause Final Mark (N)               4170 us
[60.945s][info][gc,stats      ]   Finish Queues                      17 us
[60.945s][info][gc,stats      ]   System Purge                      437 us
[60.945s][info][gc,stats      ]     Weak Roots                      437 us
[60.945s][info][gc,stats      ]   Update Region States               45 us
[60.945s][info][gc,stats      ]   Retire TLABs                       18 us
[60.945s][info][gc,stats      ]   Choose Collection Set              55 us
[60.945s][info][gc,stats      ]   Rebuild Free Set                   12 us
[60.945s][info][gc,stats      ]   Initial Evacuation               3579 us, parallelism: 0.68x
[60.945s][info][gc,stats      ]     E: <total>                     2439 us
[60.945s][info][gc,stats      ]     E: Thread Roots                 763 us, workers (us): 763, 
[60.945s][info][gc,stats      ]     E: Code Cache Roots             548 us, workers (us): 548, 
[60.945s][info][gc,stats      ]     E: Universe Roots                 1 us, workers (us):   1, 
[60.945s][info][gc,stats      ]     E: JNI Handles Roots              1 us, workers (us):   1, 
[60.945s][info][gc,stats      ]     E: Synchronizer Roots             0 us, workers (us):   0, 
[60.945s][info][gc,stats      ]     E: Management Roots               1 us, workers (us):   1, 
[60.945s][info][gc,stats      ]     E: System Dict Roots             13 us, workers (us):  13, 
[60.945s][info][gc,stats      ]     E: CLDG Roots                  1110 us, workers (us): 1110, 
[60.945s][info][gc,stats      ]     E: JVMTI Roots                    1 us, workers (us):   1, 
[60.945s][info][gc,stats      ] Concurrent Cleanup                   92 us
[60.945s][info][gc,stats      ] Concurrent Evacuation             12264 us
[60.945s][info][gc,stats      ] Pause Init  Update Refs (G)        4473 us
[60.945s][info][gc,stats      ] Pause Init  Update Refs (N)          20 us
[60.945s][info][gc,stats      ]   Retire GCLABs                      12 us
[60.945s][info][gc,stats      ] Concurrent Update Refs            82956 us
[60.945s][info][gc,stats      ] Pause Final Update Refs (G)        8191 us
[60.945s][info][gc,stats      ] Pause Final Update Refs (N)         674 us
[60.945s][info][gc,stats      ]   Update Roots                      607 us, parallelism: 0.99x
[60.945s][info][gc,stats      ]     UR: <total>                     599 us
[60.945s][info][gc,stats      ]     UR: Thread Roots                599 us, workers (us): 599, 
[60.945s][info][gc,stats      ]   Update Region States               43 us
[60.945s][info][gc,stats      ]   Trash Collection Set                3 us
[60.945s][info][gc,stats      ]   Rebuild Free Set                   13 us
[60.945s][info][gc,stats      ] Concurrent Cleanup                   76 us
[60.945s][info][gc,stats      ] 
[60.945s][info][gc,stats      ] Allocation pacing accrued:
[60.945s][info][gc,stats      ]       0 of   644 ms (  0.0%): <total>
[60.945s][info][gc,stats      ]       0 of   644 ms (  0.0%): <average total>
[60.945s][info][gc,stats      ] 
[60.945s][info][gc,metaspace  ] Metaspace: 123322K->123322K(1159168K)
[60.945s][info][gc,ergo       ] Pacer for Idle. Initial: 40724K, Alloc Tax Rate: 1.0x
[61.390s][info][gc            ] Cancelling GC: Stopping VM
[61.390s][info][gc,heap,exit  ] Heap
[61.390s][info][gc,heap,exit  ] Shenandoah Heap
[61.390s][info][gc,heap,exit  ]  1988M max, 1988M soft max, 565M committed, 409M used
[61.390s][info][gc,heap,exit  ]  3977 x 512K regions
[61.390s][info][gc,heap,exit  ] Status: cancelled
[61.390s][info][gc,heap,exit  ] Reserved region:
[61.390s][info][gc,heap,exit  ]  - [0x0000000083b80000, 0x0000000100000000) 
[61.390s][info][gc,heap,exit  ] Collection set:
[61.390s][info][gc,heap,exit  ]  - map (vanilla): 0x0000000000011077
[61.390s][info][gc,heap,exit  ]  - map (biased):  0x0000000000010000
[61.390s][info][gc,heap,exit  ] 
[61.390s][info][gc,heap,exit  ]  Metaspace       used 123867K, capacity 131500K, committed 131844K, reserved 1159168K
[61.390s][info][gc,heap,exit  ]   class space    used 17389K, capacity 21132K, committed 21428K, reserved 1048576K
[61.390s][info][gc,stats      ] 
[61.390s][info][gc,stats      ] GC STATISTICS:
[61.390s][info][gc,stats      ]   "(G)" (gross) pauses include VM time: time to notify and block threads, do the pre-
[61.390s][info][gc,stats      ]         and post-safepoint housekeeping. Use -XX:+PrintSafepointStatistics to dissect.
[61.390s][info][gc,stats      ]   "(N)" (net) pauses are the times spent in the actual GC code.
[61.390s][info][gc,stats      ]   "a" is average time for each phase, look at levels to see if average makes sense.
[61.390s][info][gc,stats      ]   "lvls" are quantiles: 0% (minimum), 25%, 50% (median), 75%, 100% (maximum).
[61.390s][info][gc,stats      ] 
[61.390s][info][gc,stats      ]   All times are wall-clock times, except per-root-class counters, that are sum over
[61.390s][info][gc,stats      ]   all workers. Dividing the <total> over the root stage time estimates parallelism.
[61.390s][info][gc,stats      ] 
[61.390s][info][gc,stats      ]   Pacing delays are measured from entering the pacing code till exiting it. Therefore,
[61.390s][info][gc,stats      ]   observed pacing delays may be higher than the threshold when paced thread spent more
[61.390s][info][gc,stats      ]   time in the pacing code. It usually happens when thread is de-scheduled while paced,
[61.390s][info][gc,stats      ]   OS takes longer to unblock the thread, or JVM experiences an STW pause.
[61.390s][info][gc,stats      ] 
[61.390s][info][gc,stats      ]   Higher delay would prevent application outpacing the GC, but it will hide the GC latencies
[61.390s][info][gc,stats      ]   from the STW pause times. Pacing affects the individual threads, and so it would also be
[61.390s][info][gc,stats      ]   invisible to the usual profiling tools, but would add up to end-to-end application latency.
[61.390s][info][gc,stats      ]   Raise max pacing delay with care.
[61.390s][info][gc,stats      ] 
[61.390s][info][gc,stats      ] Concurrent Reset               =    0.012 s (a =      271 us) (n =    44) (lvls, us =       78,      223,      256,      295,      540)
[61.390s][info][gc,stats      ] Pause Init Mark (G)            =    0.250 s (a =     5674 us) (n =    44) (lvls, us =      764,     3398,     5039,     6465,    26913)
[61.390s][info][gc,stats      ] Pause Init Mark (N)            =    0.101 s (a =     2297 us) (n =    44) (lvls, us =      650,     1523,     2500,     2598,     5832)
[61.390s][info][gc,stats      ]   Accumulate Stats             =    0.001 s (a =       25 us) (n =    44) (lvls, us =        2,       20,       29,       30,       57)
[61.390s][info][gc,stats      ]   Make Parsable                =    0.001 s (a =       25 us) (n =    44) (lvls, us =        2,       16,       22,       31,       84)
[61.390s][info][gc,stats      ]   Update Region States         =    0.002 s (a =       49 us) (n =    44) (lvls, us =       34,       37,       42,       55,      130)
[61.390s][info][gc,stats      ]   Scan Roots                   =    0.094 s (a =     2143 us) (n =    44) (lvls, us =      586,     1406,     2344,     2441,     5646)
[61.390s][info][gc,stats      ]     S: <total>                 =    0.074 s (a =     1688 us) (n =    44) (lvls, us =      385,      943,     1875,     1934,     5192)
[61.390s][info][gc,stats      ]     S: Thread Roots            =    0.036 s (a =      822 us) (n =    44) (lvls, us =      215,      693,      766,      811,     5037)
[61.390s][info][gc,stats      ]     S: Universe Roots          =    0.000 s (a =        2 us) (n =    44) (lvls, us =        2,        2,        2,        2,       10)
[61.390s][info][gc,stats      ]     S: JNI Handles Roots       =    0.000 s (a =        1 us) (n =    44) (lvls, us =        1,        1,        1,        1,        4)
[61.390s][info][gc,stats      ]     S: Synchronizer Roots      =    0.000 s (a =        0 us) (n =    44) (lvls, us =        0,        0,        0,        0,        0)
[61.390s][info][gc,stats      ]     S: Management Roots        =    0.000 s (a =        1 us) (n =    44) (lvls, us =        1,        1,        1,        1,        2)
[61.390s][info][gc,stats      ]     S: System Dict Roots       =    0.001 s (a =       17 us) (n =    44) (lvls, us =       13,       15,       16,       17,       36)
[61.390s][info][gc,stats      ]     S: CLDG Roots              =    0.037 s (a =      842 us) (n =    44) (lvls, us =       71,      141,     1074,     1113,     1440)
[61.390s][info][gc,stats      ]     S: JVMTI Roots             =    0.000 s (a =        0 us) (n =    44) (lvls, us =        0,        0,        0,        1,        1)
[61.390s][info][gc,stats      ]   Resize TLABs                 =    0.001 s (a =       20 us) (n =    44) (lvls, us =        1,       17,       24,       25,       39)
[61.390s][info][gc,stats      ] Concurrent Marking             =    4.120 s (a =    93647 us) (n =    44) (lvls, us =    29102,    71484,    92188,   117188,   150489)
[61.390s][info][gc,stats      ] Concurrent Precleaning         =    0.040 s (a =     2329 us) (n =    17) (lvls, us =      412,      527,      953,     1660,    12236)
[61.390s][info][gc,stats      ] Pause Final Mark (G)           =    0.943 s (a =    21424 us) (n =    44) (lvls, us =      668,     5020,     7070,    22461,   110419)
[61.390s][info][gc,stats      ] Pause Final Mark (N)           =    0.870 s (a =    19784 us) (n =    44) (lvls, us =      600,     4082,     4980,    13672,   109980)
[61.390s][info][gc,stats      ]   Finish Queues                =    0.009 s (a =      201 us) (n =    44) (lvls, us =       10,       18,       21,      150,     2668)
[61.390s][info][gc,stats      ]   Weak References              =    0.003 s (a =      203 us) (n =    17) (lvls, us =       63,       70,      135,      174,      824)
[61.390s][info][gc,stats      ]     Process                    =    0.003 s (a =      201 us) (n =    17) (lvls, us =       61,       68,      133,      170,      821)
[61.390s][info][gc,stats      ]   System Purge                 =    0.019 s (a =      437 us) (n =    44) (lvls, us =      102,      418,      453,      477,      528)
[61.390s][info][gc,stats      ]     Unload Classes             =    0.024 s (a =     1819 us) (n =    13) (lvls, us =      324,      578,     2188,     2207,     2676)
[61.390s][info][gc,stats      ]     Cleanup                    =    0.643 s (a =    49484 us) (n =    13) (lvls, us =     5020,    23242,    52148,    53711,   106131)
[61.390s][info][gc,stats      ]       CU: <total>              =    0.642 s (a =    49410 us) (n =    13) (lvls, us =     4961,    23242,    51953,    53516,   106056)
[61.390s][info][gc,stats      ]       CU: Code Cache Roots     =    0.244 s (a =    18792 us) (n =    13) (lvls, us =     1738,     3184,    20703,    22656,    36803)
[61.390s][info][gc,stats      ]       CU: Code Cache Cleaning  =    0.038 s (a =     2924 us) (n =    13) (lvls, us =      494,      822,     2969,     3477,     7383)
[61.390s][info][gc,stats      ]       CU: String Table Roots   =    0.206 s (a =    15862 us) (n =    13) (lvls, us =      768,    10742,    15234,    15430,    38649)
[61.390s][info][gc,stats      ]       CU: Resolved Table Roots =    0.006 s (a =      458 us) (n =    13) (lvls, us =       25,      100,      264,      273,     3267)
[61.390s][info][gc,stats      ]       CU: CLDG Roots           =    0.148 s (a =    11374 us) (n =    13) (lvls, us =     1914,     5781,    10742,    11719,    25892)
[61.390s][info][gc,stats      ]     Weak Roots                 =    0.019 s (a =      436 us) (n =    44) (lvls, us =      102,      416,      453,      477,      527)
[61.390s][info][gc,stats      ]     CLDG                       =    0.006 s (a =      471 us) (n =    13) (lvls, us =        0,        1,      580,      627,      976)
[61.390s][info][gc,stats      ]   Update Region States         =    0.008 s (a =      172 us) (n =    44) (lvls, us =       41,       44,       45,       49,     2040)
[61.390s][info][gc,stats      ]   Retire TLABs                 =    0.001 s (a =       28 us) (n =    44) (lvls, us =        4,       21,       27,       33,       66)
[61.390s][info][gc,stats      ]   Choose Collection Set        =    0.002 s (a =       53 us) (n =    44) (lvls, us =       22,       45,       49,       60,      109)
[61.390s][info][gc,stats      ]   Rebuild Free Set             =    0.001 s (a =       14 us) (n =    44) (lvls, us =       12,       13,       13,       14,       17)
[61.390s][info][gc,stats      ]   Initial Evacuation           =    0.154 s (a =     3945 us) (n =    39) (lvls, us =     1953,     3281,     3516,     4219,    11834)
[61.390s][info][gc,stats      ]     E: <total>                 =    0.102 s (a =     2619 us) (n =    39) (lvls, us =      996,     2148,     2305,     2539,     9756)
[61.390s][info][gc,stats      ]     E: Thread Roots            =    0.032 s (a =      809 us) (n =    39) (lvls, us =       92,      605,      717,      756,     4676)
[61.390s][info][gc,stats      ]     E: Code Cache Roots        =    0.028 s (a =      718 us) (n =    39) (lvls, us =      154,      422,      547,      611,     7460)
[61.390s][info][gc,stats      ]     E: Universe Roots          =    0.000 s (a =        3 us) (n =    39) (lvls, us =        1,        1,        1,        1,       29)
[61.390s][info][gc,stats      ]     E: JNI Handles Roots       =    0.000 s (a =        1 us) (n =    39) (lvls, us =        1,        1,        1,        1,        4)
[61.390s][info][gc,stats      ]     E: Synchronizer Roots      =    0.000 s (a =        0 us) (n =    39) (lvls, us =        0,        0,        0,        0,        0)
[61.390s][info][gc,stats      ]     E: Management Roots        =    0.000 s (a =        1 us) (n =    39) (lvls, us =        1,        1,        1,        1,        4)
[61.390s][info][gc,stats      ]     E: System Dict Roots       =    0.001 s (a =       17 us) (n =    39) (lvls, us =       11,       14,       15,       16,       47)
[61.390s][info][gc,stats      ]     E: CLDG Roots              =    0.042 s (a =     1070 us) (n =    39) (lvls, us =      555,      971,      996,     1172,     1595)
[61.390s][info][gc,stats      ]     E: JVMTI Roots             =    0.000 s (a =        1 us) (n =    39) (lvls, us =        0,        0,        0,        1,        1)
[61.390s][info][gc,stats      ] Concurrent Cleanup             =    0.004 s (a =       94 us) (n =    44) (lvls, us =       65,       89,       94,       97,      167)
[61.390s][info][gc,stats      ] Concurrent Evacuation          =    0.627 s (a =    16074 us) (n =    39) (lvls, us =      955,     7246,    15234,    22656,    32927)
[61.390s][info][gc,stats      ] Pause Init  Update Refs (G)    =    0.102 s (a =     2615 us) (n =    39) (lvls, us =       70,      430,     1719,     3945,    15782)
[61.390s][info][gc,stats      ] Pause Init  Update Refs (N)    =    0.001 s (a =       19 us) (n =    39) (lvls, us =        7,       17,       20,       22,       32)
[61.390s][info][gc,stats      ]   Retire GCLABs                =    0.000 s (a =       12 us) (n =    39) (lvls, us =        2,       10,       12,       13,       21)
[61.390s][info][gc,stats      ] Concurrent Update Refs         =    3.560 s (a =    91286 us) (n =    39) (lvls, us =    12109,    46484,    90820,   113281,   224815)
[61.390s][info][gc,stats      ] Pause Final Update Refs (G)    =    0.186 s (a =     4764 us) (n =    39) (lvls, us =      578,     2930,     3945,     5332,    18317)
[61.390s][info][gc,stats      ] Pause Final Update Refs (N)    =    0.058 s (a =     1484 us) (n =    39) (lvls, us =      266,      646,      684,      752,     7169)
[61.390s][info][gc,stats      ]   Update Roots                 =    0.055 s (a =     1401 us) (n =    39) (lvls, us =      205,      584,      609,      670,     7090)
[61.390s][info][gc,stats      ]     UR: <total>                =    0.022 s (a =      555 us) (n =    39) (lvls, us =      166,      551,      594,      613,      752)
[61.390s][info][gc,stats      ]     UR: Thread Roots           =    0.022 s (a =      555 us) (n =    39) (lvls, us =      166,      551,      594,      613,      752)
[61.390s][info][gc,stats      ]   Update Region States         =    0.002 s (a =       58 us) (n =    39) (lvls, us =       40,       41,       44,       47,      482)
[61.390s][info][gc,stats      ]   Trash Collection Set         =    0.000 s (a =        3 us) (n =    39) (lvls, us =        2,        2,        3,        3,        6)
[61.390s][info][gc,stats      ]   Rebuild Free Set             =    0.001 s (a =       14 us) (n =    39) (lvls, us =       12,       13,       13,       14,       16)
[61.390s][info][gc,stats      ] Concurrent Cleanup             =    0.003 s (a =       72 us) (n =    39) (lvls, us =       66,       68,       71,       74,      105)
[61.390s][info][gc,stats      ] Concurrent Uncommit            =    0.327 s (a =    32708 us) (n =    10) (lvls, us =     5605,    19922,    30859,    40625,    68060)
[61.390s][info][gc,stats      ] 
[61.390s][info][gc,stats      ] 
[61.390s][info][gc,stats      ] Under allocation pressure, concurrent cycles may cancel, and either continue cycle
[61.390s][info][gc,stats      ] under stop-the-world pause or result in stop-the-world Full GC. Increase heap size,
[61.390s][info][gc,stats      ] tune GC heuristics, set more aggressive pacing delay, or lower allocation rate
[61.390s][info][gc,stats      ] to avoid Degenerated and Full GC cycles.
[61.390s][info][gc,stats      ] 
[61.390s][info][gc,stats      ]    44 successful concurrent GCs
[61.390s][info][gc,stats      ]      10 invoked explicitly
[61.390s][info][gc,stats      ]       0 invoked implicitly
[61.390s][info][gc,stats      ] 
[61.390s][info][gc,stats      ]     0 Degenerated GCs
[61.390s][info][gc,stats      ]       0 caused by allocation failure
[61.390s][info][gc,stats      ]       0 upgraded to Full GC
[61.390s][info][gc,stats      ] 
[61.390s][info][gc,stats      ]     0 Full GCs
[61.390s][info][gc,stats      ]       0 invoked explicitly
[61.390s][info][gc,stats      ]       0 invoked implicitly
[61.390s][info][gc,stats      ]       0 caused by allocation failure
[61.390s][info][gc,stats      ]       0 upgraded from Degenerated GC
[61.390s][info][gc,stats      ] 
[61.390s][info][gc,stats      ] 
