[0.003s][info][gc,heap] Heap region size: 1M
[0.004s][info][gc     ] Using G1
[0.004s][info][gc,heap,coops] Heap address: 0x00000000c1800000, size: 1000 MB, Compressed Oops mode: 32-bit
[0.431s][info][gc,start     ] GC(0) Pause Young (Normal) (G1 Evacuation Pause)
[0.432s][info][gc,task      ] GC(0) Using 1 workers of 1 for evacuation
[0.438s][info][gc,phases    ] GC(0)   Pre Evacuate Collection Set: 0.0ms
[0.438s][info][gc,phases    ] GC(0)   Evacuate Collection Set: 5.4ms
[0.438s][info][gc,phases    ] GC(0)   Post Evacuate Collection Set: 0.1ms
[0.438s][info][gc,phases    ] GC(0)   Other: 0.9ms
[0.438s][info][gc,heap      ] GC(0) Eden regions: 6->0(5)
[0.438s][info][gc,heap      ] GC(0) Survivor regions: 0->1(1)
[0.438s][info][gc,heap      ] GC(0) Old regions: 0->2
[0.438s][info][gc,heap      ] GC(0) Humongous regions: 0->0
[0.438s][info][gc,metaspace ] GC(0) Metaspace: 2151K->2151K(1056768K)
[0.438s][info][gc           ] GC(0) Pause Young (Normal) (G1 Evacuation Pause) 6M->2M(126M) 6.589ms
[0.438s][info][gc,cpu       ] GC(0) User=0.00s Sys=0.00s Real=0.01s
[0.577s][info][gc,start     ] GC(1) Pause Young (Normal) (G1 Evacuation Pause)
[0.577s][info][gc,task      ] GC(1) Using 1 workers of 1 for evacuation
[0.579s][info][gc,phases    ] GC(1)   Pre Evacuate Collection Set: 0.0ms
[0.579s][info][gc,phases    ] GC(1)   Evacuate Collection Set: 2.4ms
[0.579s][info][gc,phases    ] GC(1)   Post Evacuate Collection Set: 0.1ms
[0.579s][info][gc,phases    ] GC(1)   Other: 0.1ms
[0.579s][info][gc,heap      ] GC(1) Eden regions: 5->0(6)
[0.579s][info][gc,heap      ] GC(1) Survivor regions: 1->1(1)
[0.579s][info][gc,heap      ] GC(1) Old regions: 2->3
[0.579s][info][gc,heap      ] GC(1) Humongous regions: 0->0
[0.579s][info][gc,metaspace ] GC(1) Metaspace: 4286K->4286K(1056768K)
[0.579s][info][gc           ] GC(1) Pause Young (Normal) (G1 Evacuation Pause) 7M->2M(126M) 2.643ms
[0.579s][info][gc,cpu       ] GC(1) User=0.00s Sys=0.00s Real=0.00s
[0.813s][info][gc,start     ] GC(2) Pause Young (Normal) (G1 Evacuation Pause)
[0.813s][info][gc,task      ] GC(2) Using 1 workers of 1 for evacuation
[0.815s][info][gc,phases    ] GC(2)   Pre Evacuate Collection Set: 0.0ms
[0.815s][info][gc,phases    ] GC(2)   Evacuate Collection Set: 1.5ms
[0.815s][info][gc,phases    ] GC(2)   Post Evacuate Collection Set: 0.1ms
[0.815s][info][gc,phases    ] GC(2)   Other: 0.3ms
[0.815s][info][gc,heap      ] GC(2) Eden regions: 6->0(12)
[0.815s][info][gc,heap      ] GC(2) Survivor regions: 1->1(1)
[0.815s][info][gc,heap      ] GC(2) Old regions: 3->3
[0.815s][info][gc,heap      ] GC(2) Humongous regions: 0->0
[0.815s][info][gc,metaspace ] GC(2) Metaspace: 6645K->6645K(1058816K)
[0.815s][info][gc           ] GC(2) Pause Young (Normal) (G1 Evacuation Pause) 8M->2M(126M) 1.937ms
[0.815s][info][gc,cpu       ] GC(2) User=0.00s Sys=0.00s Real=0.01s
[2.308s][info][gc,start     ] GC(3) Pause Young (Normal) (G1 Evacuation Pause)
[2.308s][info][gc,task      ] GC(3) Using 1 workers of 1 for evacuation
[2.311s][info][gc,phases    ] GC(3)   Pre Evacuate Collection Set: 0.0ms
[2.311s][info][gc,phases    ] GC(3)   Evacuate Collection Set: 2.8ms
[2.311s][info][gc,phases    ] GC(3)   Post Evacuate Collection Set: 0.1ms
[2.311s][info][gc,phases    ] GC(3)   Other: 0.2ms
[2.311s][info][gc,heap      ] GC(3) Eden regions: 12->0(18)
[2.311s][info][gc,heap      ] GC(3) Survivor regions: 1->1(2)
[2.311s][info][gc,heap      ] GC(3) Old regions: 3->3
[2.311s][info][gc,heap      ] GC(3) Humongous regions: 0->0
[2.311s][info][gc,metaspace ] GC(3) Metaspace: 8520K->8520K(1058816K)
[2.311s][info][gc           ] GC(3) Pause Young (Normal) (G1 Evacuation Pause) 14M->3M(126M) 3.194ms
[2.311s][info][gc,cpu       ] GC(3) User=0.01s Sys=0.00s Real=0.00s
[2.635s][info][gc,start     ] GC(4) Pause Young (Normal) (G1 Evacuation Pause)
[2.635s][info][gc,task      ] GC(4) Using 1 workers of 1 for evacuation
[2.642s][info][gc,phases    ] GC(4)   Pre Evacuate Collection Set: 0.0ms
[2.642s][info][gc,phases    ] GC(4)   Evacuate Collection Set: 6.8ms
[2.642s][info][gc,phases    ] GC(4)   Post Evacuate Collection Set: 0.2ms
[2.642s][info][gc,phases    ] GC(4)   Other: 0.2ms
[2.642s][info][gc,heap      ] GC(4) Eden regions: 18->0(19)
[2.642s][info][gc,heap      ] GC(4) Survivor regions: 1->3(3)
[2.642s][info][gc,heap      ] GC(4) Old regions: 3->8
[2.642s][info][gc,heap      ] GC(4) Humongous regions: 6->6
[2.642s][info][gc,metaspace ] GC(4) Metaspace: 12186K->12186K(1060864K)
[2.642s][info][gc           ] GC(4) Pause Young (Normal) (G1 Evacuation Pause) 27M->16M(126M) 7.191ms
[2.642s][info][gc,cpu       ] GC(4) User=0.00s Sys=0.00s Real=0.00s
[3.491s][info][gc,start     ] GC(5) Pause Young (Normal) (G1 Evacuation Pause)
[3.491s][info][gc,task      ] GC(5) Using 1 workers of 1 for evacuation
[3.498s][info][gc,phases    ] GC(5)   Pre Evacuate Collection Set: 0.0ms
[3.498s][info][gc,phases    ] GC(5)   Evacuate Collection Set: 6.3ms
[3.498s][info][gc,phases    ] GC(5)   Post Evacuate Collection Set: 0.2ms
[3.498s][info][gc,phases    ] GC(5)   Other: 0.2ms
[3.498s][info][gc,heap      ] GC(5) Eden regions: 19->0(22)
[3.498s][info][gc,heap      ] GC(5) Survivor regions: 3->3(3)
[3.498s][info][gc,heap      ] GC(5) Old regions: 8->11
[3.498s][info][gc,heap      ] GC(5) Humongous regions: 6->6
[3.498s][info][gc,metaspace ] GC(5) Metaspace: 17567K->17567K(1064960K)
[3.498s][info][gc           ] GC(5) Pause Young (Normal) (G1 Evacuation Pause) 35M->19M(126M) 6.863ms
[3.498s][info][gc,cpu       ] GC(5) User=0.00s Sys=0.00s Real=0.01s
[3.728s][info][gc,start     ] GC(6) Pause Young (Concurrent Start) (Metadata GC Threshold)
[3.728s][info][gc,task      ] GC(6) Using 1 workers of 1 for evacuation
[3.733s][info][gc,phases    ] GC(6)   Pre Evacuate Collection Set: 0.1ms
[3.734s][info][gc,phases    ] GC(6)   Evacuate Collection Set: 5.3ms
[3.734s][info][gc,phases    ] GC(6)   Post Evacuate Collection Set: 0.1ms
[3.734s][info][gc,phases    ] GC(6)   Other: 0.2ms
[3.734s][info][gc,heap      ] GC(6) Eden regions: 9->0(26)
[3.734s][info][gc,heap      ] GC(6) Survivor regions: 3->1(4)
[3.734s][info][gc,heap      ] GC(6) Old regions: 11->15
[3.734s][info][gc,heap      ] GC(6) Humongous regions: 6->6
[3.734s][info][gc,metaspace ] GC(6) Metaspace: 20166K->20166K(1067008K)
[3.734s][info][gc           ] GC(6) Pause Young (Concurrent Start) (Metadata GC Threshold) 28M->20M(126M) 5.725ms
[3.734s][info][gc,cpu       ] GC(6) User=0.01s Sys=0.00s Real=0.00s
[3.734s][info][gc           ] GC(7) Concurrent Cycle
[3.734s][info][gc,marking   ] GC(7) Concurrent Clear Claimed Marks
[3.734s][info][gc,marking   ] GC(7) Concurrent Clear Claimed Marks 0.048ms
[3.734s][info][gc,marking   ] GC(7) Concurrent Scan Root Regions
[3.734s][info][gc,marking   ] GC(7) Concurrent Scan Root Regions 0.313ms
[3.734s][info][gc,marking   ] GC(7) Concurrent Mark (3.734s)
[3.734s][info][gc,marking   ] GC(7) Concurrent Mark From Roots
[3.734s][info][gc,task      ] GC(7) Using 1 workers of 1 for marking
[3.764s][info][gc,marking   ] GC(7) Concurrent Mark From Roots 29.836ms
[3.764s][info][gc,marking   ] GC(7) Concurrent Preclean
[3.764s][info][gc,marking   ] GC(7) Concurrent Preclean 0.046ms
[3.764s][info][gc,marking   ] GC(7) Concurrent Mark (3.734s, 3.764s) 29.923ms
[3.764s][info][gc,start     ] GC(7) Pause Remark
[3.768s][info][gc,stringtable] GC(7) Cleaned string and symbol table, strings: 7902 processed, 7 removed, symbols: 40182 processed, 43 removed
[3.768s][info][gc            ] GC(7) Pause Remark 21M->21M(126M) 3.936ms
[3.768s][info][gc,cpu        ] GC(7) User=0.00s Sys=0.00s Real=0.01s
[3.768s][info][gc,marking    ] GC(7) Concurrent Rebuild Remembered Sets
[3.773s][info][gc,marking    ] GC(7) Concurrent Rebuild Remembered Sets 4.872ms
[3.773s][info][gc,start      ] GC(7) Pause Cleanup
[3.773s][info][gc            ] GC(7) Pause Cleanup 21M->21M(126M) 0.039ms
[3.773s][info][gc,cpu        ] GC(7) User=0.00s Sys=0.00s Real=0.00s
[3.773s][info][gc,marking    ] GC(7) Concurrent Cleanup for Next Mark
[3.791s][info][gc,marking    ] GC(7) Concurrent Cleanup for Next Mark 17.973ms
[3.791s][info][gc            ] GC(7) Concurrent Cycle 57.357ms
[4.438s][info][gc,start      ] GC(8) Pause Young (Normal) (G1 Evacuation Pause)
[4.439s][info][gc,task       ] GC(8) Using 1 workers of 1 for evacuation
[4.445s][info][gc,phases     ] GC(8)   Pre Evacuate Collection Set: 0.0ms
[4.445s][info][gc,phases     ] GC(8)   Evacuate Collection Set: 5.8ms
[4.445s][info][gc,phases     ] GC(8)   Post Evacuate Collection Set: 0.2ms
[4.445s][info][gc,phases     ] GC(8)   Other: 0.3ms
[4.445s][info][gc,heap       ] GC(8) Eden regions: 26->0(44)
[4.445s][info][gc,heap       ] GC(8) Survivor regions: 1->2(4)
[4.445s][info][gc,heap       ] GC(8) Old regions: 15->15
[4.445s][info][gc,heap       ] GC(8) Humongous regions: 6->6
[4.445s][info][gc,metaspace  ] GC(8) Metaspace: 25557K->25557K(1073152K)
[4.445s][info][gc            ] GC(8) Pause Young (Normal) (G1 Evacuation Pause) 46M->21M(126M) 6.352ms
[4.445s][info][gc,cpu        ] GC(8) User=0.00s Sys=0.00s Real=0.00s
[5.466s][info][gc,start      ] GC(9) Pause Young (Concurrent Start) (Metadata GC Threshold)
[5.467s][info][gc,task       ] GC(9) Using 1 workers of 1 for evacuation
[5.493s][info][gc,phases     ] GC(9)   Pre Evacuate Collection Set: 0.1ms
[5.493s][info][gc,phases     ] GC(9)   Evacuate Collection Set: 25.1ms
[5.493s][info][gc,phases     ] GC(9)   Post Evacuate Collection Set: 0.6ms
[5.493s][info][gc,phases     ] GC(9)   Other: 1.1ms
[5.493s][info][gc,heap       ] GC(9) Eden regions: 41->0(50)
[5.493s][info][gc,heap       ] GC(9) Survivor regions: 2->5(6)
[5.493s][info][gc,heap       ] GC(9) Old regions: 15->15
[5.493s][info][gc,heap       ] GC(9) Humongous regions: 6->6
[5.493s][info][gc,metaspace  ] GC(9) Metaspace: 34488K->34488K(1079296K)
[5.493s][info][gc            ] GC(9) Pause Young (Concurrent Start) (Metadata GC Threshold) 62M->24M(126M) 27.108ms
[5.493s][info][gc,cpu        ] GC(9) User=0.03s Sys=0.00s Real=0.03s
[5.493s][info][gc            ] GC(10) Concurrent Cycle
[5.493s][info][gc,marking    ] GC(10) Concurrent Clear Claimed Marks
[5.493s][info][gc,marking    ] GC(10) Concurrent Clear Claimed Marks 0.154ms
[5.493s][info][gc,marking    ] GC(10) Concurrent Scan Root Regions
[5.505s][info][gc,marking    ] GC(10) Concurrent Scan Root Regions 11.942ms
[5.505s][info][gc,marking    ] GC(10) Concurrent Mark (5.505s)
[5.505s][info][gc,marking    ] GC(10) Concurrent Mark From Roots
[5.505s][info][gc,task       ] GC(10) Using 1 workers of 1 for marking
[5.534s][info][gc,marking    ] GC(10) Concurrent Mark From Roots 28.990ms
[5.534s][info][gc,marking    ] GC(10) Concurrent Preclean
[5.534s][info][gc,marking    ] GC(10) Concurrent Preclean 0.041ms
[5.534s][info][gc,marking    ] GC(10) Concurrent Mark (5.505s, 5.534s) 29.076ms
[5.534s][info][gc,start      ] GC(10) Pause Remark
[5.540s][info][gc,stringtable] GC(10) Cleaned string and symbol table, strings: 13687 processed, 3 removed, symbols: 80000 processed, 44 removed
[5.541s][info][gc            ] GC(10) Pause Remark 24M->24M(126M) 6.337ms
[5.541s][info][gc,cpu        ] GC(10) User=0.01s Sys=0.00s Real=0.00s
[5.541s][info][gc,marking    ] GC(10) Concurrent Rebuild Remembered Sets
[5.545s][info][gc,marking    ] GC(10) Concurrent Rebuild Remembered Sets 4.449ms
[5.545s][info][gc,start      ] GC(10) Pause Cleanup
[5.545s][info][gc            ] GC(10) Pause Cleanup 24M->24M(126M) 0.036ms
[5.545s][info][gc,cpu        ] GC(10) User=0.00s Sys=0.00s Real=0.00s
[5.545s][info][gc,marking    ] GC(10) Concurrent Cleanup for Next Mark
[5.556s][info][gc,marking    ] GC(10) Concurrent Cleanup for Next Mark 10.133ms
[5.556s][info][gc            ] GC(10) Concurrent Cycle 62.546ms
[6.534s][info][gc,start      ] GC(11) Pause Young (Normal) (G1 Evacuation Pause)
[6.534s][info][gc,task       ] GC(11) Using 1 workers of 1 for evacuation
[6.566s][info][gc,phases     ] GC(11)   Pre Evacuate Collection Set: 0.0ms
[6.566s][info][gc,phases     ] GC(11)   Evacuate Collection Set: 31.1ms
[6.566s][info][gc,phases     ] GC(11)   Post Evacuate Collection Set: 0.4ms
[6.566s][info][gc,phases     ] GC(11)   Other: 0.4ms
[6.566s][info][gc,heap       ] GC(11) Eden regions: 50->0(67)
[6.566s][info][gc,heap       ] GC(11) Survivor regions: 5->6(7)
[6.566s][info][gc,heap       ] GC(11) Old regions: 15->16
[6.566s][info][gc,heap       ] GC(11) Humongous regions: 6->6
[6.566s][info][gc,metaspace  ] GC(11) Metaspace: 42877K->42877K(1087488K)
[6.566s][info][gc            ] GC(11) Pause Young (Normal) (G1 Evacuation Pause) 74M->27M(126M) 32.041ms
[6.566s][info][gc,cpu        ] GC(11) User=0.04s Sys=0.00s Real=0.03s
[6.954s][info][gc,start      ] GC(12) Pause Young (Normal) (G1 Evacuation Pause)
[6.954s][info][gc,task       ] GC(12) Using 1 workers of 1 for evacuation
[6.985s][info][gc,phases     ] GC(12)   Pre Evacuate Collection Set: 0.0ms
[6.985s][info][gc,phases     ] GC(12)   Evacuate Collection Set: 30.9ms
[6.985s][info][gc,phases     ] GC(12)   Post Evacuate Collection Set: 0.2ms
[6.985s][info][gc,phases     ] GC(12)   Other: 0.2ms
[6.985s][info][gc,heap       ] GC(12) Eden regions: 67->0(53)
[6.985s][info][gc,heap       ] GC(12) Survivor regions: 6->10(10)
[6.985s][info][gc,heap       ] GC(12) Old regions: 16->23
[6.985s][info][gc,heap       ] GC(12) Humongous regions: 6->6
[6.985s][info][gc,metaspace  ] GC(12) Metaspace: 42877K->42877K(1087488K)
[6.985s][info][gc            ] GC(12) Pause Young (Normal) (G1 Evacuation Pause) 94M->38M(126M) 31.416ms
[6.985s][info][gc,cpu        ] GC(12) User=0.02s Sys=0.01s Real=0.03s
[7.096s][info][gc,start      ] GC(13) Pause Young (Normal) (G1 Evacuation Pause)
[7.096s][info][gc,task       ] GC(13) Using 1 workers of 1 for evacuation
[7.130s][info][gc,phases     ] GC(13)   Pre Evacuate Collection Set: 0.0ms
[7.130s][info][gc,phases     ] GC(13)   Evacuate Collection Set: 33.7ms
[7.130s][info][gc,phases     ] GC(13)   Post Evacuate Collection Set: 0.4ms
[7.130s][info][gc,phases     ] GC(13)   Other: 0.2ms
[7.130s][info][gc,heap       ] GC(13) Eden regions: 53->0(58)
[7.130s][info][gc,heap       ] GC(13) Survivor regions: 10->8(8)
[7.130s][info][gc,heap       ] GC(13) Old regions: 23->34
[7.130s][info][gc,heap       ] GC(13) Humongous regions: 6->6
[7.130s][info][gc,metaspace  ] GC(13) Metaspace: 42877K->42877K(1087488K)
[7.130s][info][gc            ] GC(13) Pause Young (Normal) (G1 Evacuation Pause) 91M->47M(152M) 34.240ms
[7.130s][info][gc,cpu        ] GC(13) User=0.03s Sys=0.00s Real=0.03s
[7.199s][info][gc,start      ] GC(14) Pause Young (Normal) (G1 Evacuation Pause)
[7.199s][info][gc,task       ] GC(14) Using 1 workers of 1 for evacuation
[7.225s][info][gc,phases     ] GC(14)   Pre Evacuate Collection Set: 0.0ms
[7.225s][info][gc,phases     ] GC(14)   Evacuate Collection Set: 25.2ms
[7.225s][info][gc,phases     ] GC(14)   Post Evacuate Collection Set: 0.2ms
[7.225s][info][gc,phases     ] GC(14)   Other: 0.2ms
[7.225s][info][gc,heap       ] GC(14) Eden regions: 58->0(54)
[7.225s][info][gc,heap       ] GC(14) Survivor regions: 8->9(9)
[7.225s][info][gc,heap       ] GC(14) Old regions: 34->43
[7.225s][info][gc,heap       ] GC(14) Humongous regions: 6->6
[7.225s][info][gc,metaspace  ] GC(14) Metaspace: 42877K->42877K(1087488K)
[7.225s][info][gc            ] GC(14) Pause Young (Normal) (G1 Evacuation Pause) 105M->57M(152M) 25.599ms
[7.225s][info][gc,cpu        ] GC(14) User=0.02s Sys=0.00s Real=0.02s
[7.301s][info][gc,start      ] GC(15) Pause Young (Normal) (G1 Evacuation Pause)
[7.301s][info][gc,task       ] GC(15) Using 1 workers of 1 for evacuation
[7.347s][info][gc,phases     ] GC(15)   Pre Evacuate Collection Set: 0.0ms
[7.347s][info][gc,phases     ] GC(15)   Evacuate Collection Set: 46.0ms
[7.347s][info][gc,phases     ] GC(15)   Post Evacuate Collection Set: 0.2ms
[7.347s][info][gc,phases     ] GC(15)   Other: 0.2ms
[7.347s][info][gc,heap       ] GC(15) Eden regions: 54->0(49)
[7.347s][info][gc,heap       ] GC(15) Survivor regions: 9->8(8)
[7.347s][info][gc,heap       ] GC(15) Old regions: 43->53
[7.347s][info][gc,heap       ] GC(15) Humongous regions: 6->6
[7.347s][info][gc,metaspace  ] GC(15) Metaspace: 42877K->42877K(1087488K)
[7.347s][info][gc            ] GC(15) Pause Young (Normal) (G1 Evacuation Pause) 111M->67M(152M) 46.344ms
[7.347s][info][gc,cpu        ] GC(15) User=0.05s Sys=0.00s Real=0.05s
[7.429s][info][gc,start      ] GC(16) Pause Young (Normal) (G1 Evacuation Pause)
[7.429s][info][gc,task       ] GC(16) Using 1 workers of 1 for evacuation
[7.452s][info][gc,phases     ] GC(16)   Pre Evacuate Collection Set: 0.0ms
[7.452s][info][gc,phases     ] GC(16)   Evacuate Collection Set: 22.5ms
[7.452s][info][gc,phases     ] GC(16)   Post Evacuate Collection Set: 0.1ms
[7.452s][info][gc,phases     ] GC(16)   Other: 0.2ms
[7.452s][info][gc,heap       ] GC(16) Eden regions: 49->0(42)
[7.452s][info][gc,heap       ] GC(16) Survivor regions: 8->8(8)
[7.452s][info][gc,heap       ] GC(16) Old regions: 53->62
[7.452s][info][gc,heap       ] GC(16) Humongous regions: 6->6
[7.452s][info][gc,metaspace  ] GC(16) Metaspace: 42877K->42877K(1087488K)
[7.452s][info][gc            ] GC(16) Pause Young (Normal) (G1 Evacuation Pause) 116M->75M(152M) 23.025ms
[7.452s][info][gc,cpu        ] GC(16) User=0.02s Sys=0.00s Real=0.02s
[7.490s][info][gc,start      ] GC(17) Pause Young (Normal) (G1 Evacuation Pause)
[7.490s][info][gc,task       ] GC(17) Using 1 workers of 1 for evacuation
[7.510s][info][gc,phases     ] GC(17)   Pre Evacuate Collection Set: 0.0ms
[7.510s][info][gc,phases     ] GC(17)   Evacuate Collection Set: 19.7ms
[7.510s][info][gc,phases     ] GC(17)   Post Evacuate Collection Set: 0.5ms
[7.510s][info][gc,phases     ] GC(17)   Other: 0.1ms
[7.510s][info][gc,heap       ] GC(17) Eden regions: 42->0(62)
[7.510s][info][gc,heap       ] GC(17) Survivor regions: 8->7(7)
[7.510s][info][gc,heap       ] GC(17) Old regions: 62->70
[7.510s][info][gc,heap       ] GC(17) Humongous regions: 6->6
[7.510s][info][gc,metaspace  ] GC(17) Metaspace: 42877K->42877K(1087488K)
[7.510s][info][gc            ] GC(17) Pause Young (Normal) (G1 Evacuation Pause) 117M->83M(220M) 20.537ms
[7.510s][info][gc,cpu        ] GC(17) User=0.02s Sys=0.00s Real=0.02s
[7.579s][info][gc,start      ] GC(18) Pause Young (Normal) (G1 Evacuation Pause)
[7.579s][info][gc,task       ] GC(18) Using 1 workers of 1 for evacuation
[7.605s][info][gc,phases     ] GC(18)   Pre Evacuate Collection Set: 0.0ms
[7.605s][info][gc,phases     ] GC(18)   Evacuate Collection Set: 25.9ms
[7.605s][info][gc,phases     ] GC(18)   Post Evacuate Collection Set: 0.2ms
[7.605s][info][gc,phases     ] GC(18)   Other: 0.2ms
[7.605s][info][gc,heap       ] GC(18) Eden regions: 62->0(60)
[7.605s][info][gc,heap       ] GC(18) Survivor regions: 7->9(9)
[7.605s][info][gc,heap       ] GC(18) Old regions: 70->79
[7.605s][info][gc,heap       ] GC(18) Humongous regions: 6->6
[7.605s][info][gc,metaspace  ] GC(18) Metaspace: 42877K->42877K(1087488K)
[7.605s][info][gc            ] GC(18) Pause Young (Normal) (G1 Evacuation Pause) 145M->93M(220M) 26.318ms
[7.605s][info][gc,cpu        ] GC(18) User=0.02s Sys=0.01s Real=0.02s
[7.662s][info][gc,start      ] GC(19) Pause Young (Normal) (G1 Evacuation Pause)
[7.662s][info][gc,task       ] GC(19) Using 1 workers of 1 for evacuation
[7.688s][info][gc,phases     ] GC(19)   Pre Evacuate Collection Set: 0.0ms
[7.688s][info][gc,phases     ] GC(19)   Evacuate Collection Set: 25.4ms
[7.688s][info][gc,phases     ] GC(19)   Post Evacuate Collection Set: 0.2ms
[7.688s][info][gc,phases     ] GC(19)   Other: 0.2ms
[7.688s][info][gc,heap       ] GC(19) Eden regions: 60->0(58)
[7.688s][info][gc,heap       ] GC(19) Survivor regions: 9->9(9)
[7.688s][info][gc,heap       ] GC(19) Old regions: 79->89
[7.688s][info][gc,heap       ] GC(19) Humongous regions: 6->6
[7.688s][info][gc,metaspace  ] GC(19) Metaspace: 42877K->42877K(1087488K)
[7.688s][info][gc            ] GC(19) Pause Young (Normal) (G1 Evacuation Pause) 153M->104M(220M) 25.845ms
[7.688s][info][gc,cpu        ] GC(19) User=0.02s Sys=0.00s Real=0.03s
[7.740s][info][gc,start      ] GC(20) Pause Young (Normal) (G1 Evacuation Pause)
[7.740s][info][gc,task       ] GC(20) Using 1 workers of 1 for evacuation
[7.767s][info][gc,phases     ] GC(20)   Pre Evacuate Collection Set: 0.0ms
[7.767s][info][gc,phases     ] GC(20)   Evacuate Collection Set: 26.8ms
[7.767s][info][gc,phases     ] GC(20)   Post Evacuate Collection Set: 0.2ms
[7.767s][info][gc,phases     ] GC(20)   Other: 0.1ms
[7.767s][info][gc,heap       ] GC(20) Eden regions: 58->0(55)
[7.767s][info][gc,heap       ] GC(20) Survivor regions: 9->9(9)
[7.767s][info][gc,heap       ] GC(20) Old regions: 89->99
[7.767s][info][gc,heap       ] GC(20) Humongous regions: 6->6
[7.767s][info][gc,metaspace  ] GC(20) Metaspace: 42877K->42877K(1087488K)
[7.767s][info][gc            ] GC(20) Pause Young (Normal) (G1 Evacuation Pause) 162M->114M(220M) 27.180ms
[7.767s][info][gc,cpu        ] GC(20) User=0.02s Sys=0.00s Real=0.03s
[7.830s][info][gc,start      ] GC(21) Pause Young (Concurrent Start) (G1 Evacuation Pause)
[7.830s][info][gc,task       ] GC(21) Using 1 workers of 1 for evacuation
[7.872s][info][gc,phases     ] GC(21)   Pre Evacuate Collection Set: 0.1ms
[7.872s][info][gc,phases     ] GC(21)   Evacuate Collection Set: 39.7ms
[7.872s][info][gc,phases     ] GC(21)   Post Evacuate Collection Set: 1.4ms
[7.872s][info][gc,phases     ] GC(21)   Other: 0.2ms
[7.872s][info][gc,heap       ] GC(21) Eden regions: 55->0(78)
[7.872s][info][gc,heap       ] GC(21) Survivor regions: 9->8(8)
[7.872s][info][gc,heap       ] GC(21) Old regions: 99->110
[7.872s][info][gc,heap       ] GC(21) Humongous regions: 6->6
[7.872s][info][gc,metaspace  ] GC(21) Metaspace: 42877K->42877K(1087488K)
[7.872s][info][gc            ] GC(21) Pause Young (Concurrent Start) (G1 Evacuation Pause) 169M->123M(312M) 41.557ms
[7.872s][info][gc,cpu        ] GC(21) User=0.04s Sys=0.00s Real=0.04s
[7.872s][info][gc            ] GC(22) Concurrent Cycle
[7.872s][info][gc,marking    ] GC(22) Concurrent Clear Claimed Marks
[7.872s][info][gc,marking    ] GC(22) Concurrent Clear Claimed Marks 0.213ms
[7.872s][info][gc,marking    ] GC(22) Concurrent Scan Root Regions
[7.894s][info][gc,marking    ] GC(22) Concurrent Scan Root Regions 22.122ms
[7.894s][info][gc,marking    ] GC(22) Concurrent Mark (7.894s)
[7.894s][info][gc,marking    ] GC(22) Concurrent Mark From Roots
[7.894s][info][gc,task       ] GC(22) Using 1 workers of 1 for marking
[8.202s][info][gc,marking    ] GC(22) Concurrent Mark From Roots 307.505ms
[8.202s][info][gc,marking    ] GC(22) Concurrent Preclean
[8.202s][info][gc,marking    ] GC(22) Concurrent Preclean 0.123ms
[8.202s][info][gc,marking    ] GC(22) Concurrent Mark (7.894s, 8.202s) 307.913ms
[8.202s][info][gc,start      ] GC(22) Pause Remark
[8.211s][info][gc,stringtable] GC(22) Cleaned string and symbol table, strings: 16358 processed, 217 removed, symbols: 102121 processed, 16 removed
[8.211s][info][gc            ] GC(22) Pause Remark 137M->137M(312M) 8.594ms
[8.211s][info][gc,cpu        ] GC(22) User=0.01s Sys=0.00s Real=0.01s
[8.214s][info][gc,marking    ] GC(22) Concurrent Rebuild Remembered Sets
[8.446s][info][gc,marking    ] GC(22) Concurrent Rebuild Remembered Sets 232.118ms
[8.448s][info][gc,start      ] GC(22) Pause Cleanup
[8.448s][info][gc            ] GC(22) Pause Cleanup 142M->142M(312M) 0.150ms
[8.448s][info][gc,cpu        ] GC(22) User=0.00s Sys=0.00s Real=0.00s
[8.454s][info][gc,marking    ] GC(22) Concurrent Cleanup for Next Mark
[8.455s][info][gc,marking    ] GC(22) Concurrent Cleanup for Next Mark 0.907ms
[8.455s][info][gc            ] GC(22) Concurrent Cycle 583.031ms
[9.320s][info][gc,task       ] GC(23) Using 1 workers of 1 for full compaction
[9.320s][info][gc,start      ] GC(23) Pause Full (System.gc())
[9.320s][info][gc,phases,start] GC(23) Phase 1: Mark live objects
[9.381s][info][gc,stringtable ] GC(23) Cleaned string and symbol table, strings: 17897 processed, 214 removed, symbols: 113905 processed, 16 removed
[9.381s][info][gc,phases      ] GC(23) Phase 1: Mark live objects 60.561ms
[9.381s][info][gc,phases,start] GC(23) Phase 2: Prepare for compaction
[9.396s][info][gc,phases      ] GC(23) Phase 2: Prepare for compaction 14.939ms
[9.396s][info][gc,phases,start] GC(23) Phase 3: Adjust pointers
[9.422s][info][gc,phases      ] GC(23) Phase 3: Adjust pointers 25.910ms
[9.422s][info][gc,phases,start] GC(23) Phase 4: Compact heap
[9.432s][info][gc,phases      ] GC(23) Phase 4: Compact heap 10.170ms
[9.445s][info][gc,heap        ] GC(23) Eden regions: 48->0(37)
[9.445s][info][gc,heap        ] GC(23) Survivor regions: 8->0(8)
[9.445s][info][gc,heap        ] GC(23) Old regions: 110->20
[9.445s][info][gc,heap        ] GC(23) Humongous regions: 11->6
[9.445s][info][gc,metaspace   ] GC(23) Metaspace: 49281K->49281K(1093632K)
[9.446s][info][gc             ] GC(23) Pause Full (System.gc()) 176M->24M(87M) 125.786ms
[9.446s][info][gc,cpu         ] GC(23) User=0.12s Sys=0.01s Real=0.13s
[10.561s][info][gc,start       ] GC(24) Pause Young (Normal) (G1 Evacuation Pause)
[10.562s][info][gc,task        ] GC(24) Using 1 workers of 1 for evacuation
[10.571s][info][gc,phases      ] GC(24)   Pre Evacuate Collection Set: 0.0ms
[10.571s][info][gc,phases      ] GC(24)   Evacuate Collection Set: 8.7ms
[10.571s][info][gc,phases      ] GC(24)   Post Evacuate Collection Set: 0.4ms
[10.571s][info][gc,phases      ] GC(24)   Other: 0.7ms
[10.571s][info][gc,heap        ] GC(24) Eden regions: 37->0(36)
[10.571s][info][gc,heap        ] GC(24) Survivor regions: 0->3(5)
[10.571s][info][gc,heap        ] GC(24) Old regions: 20->20
[10.571s][info][gc,heap        ] GC(24) Humongous regions: 11->6
[10.571s][info][gc,metaspace   ] GC(24) Metaspace: 55212K->55212K(1097728K)
[10.571s][info][gc             ] GC(24) Pause Young (Normal) (G1 Evacuation Pause) 66M->27M(87M) 9.921ms
[10.571s][info][gc,cpu         ] GC(24) User=0.01s Sys=0.00s Real=0.01s
[10.862s][info][gc,start       ] GC(25) Pause Young (Normal) (G1 Evacuation Pause)
[10.862s][info][gc,task        ] GC(25) Using 1 workers of 1 for evacuation
[10.879s][info][gc,phases      ] GC(25)   Pre Evacuate Collection Set: 0.0ms
[10.879s][info][gc,phases      ] GC(25)   Evacuate Collection Set: 12.5ms
[10.879s][info][gc,phases      ] GC(25)   Post Evacuate Collection Set: 4.1ms
[10.879s][info][gc,phases      ] GC(25)   Other: 0.2ms
[10.879s][info][gc,heap        ] GC(25) Eden regions: 36->0(36)
[10.879s][info][gc,heap        ] GC(25) Survivor regions: 3->4(5)
[10.879s][info][gc,heap        ] GC(25) Old regions: 20->20
[10.879s][info][gc,heap        ] GC(25) Humongous regions: 6->6
[10.879s][info][gc,metaspace   ] GC(25) Metaspace: 55261K->55261K(1099776K)
[10.879s][info][gc             ] GC(25) Pause Young (Normal) (G1 Evacuation Pause) 63M->28M(87M) 16.901ms
[10.879s][info][gc,cpu         ] GC(25) User=0.02s Sys=0.00s Real=0.02s
[11.065s][info][gc,start       ] GC(26) Pause Young (Normal) (G1 Evacuation Pause)
[11.065s][info][gc,task        ] GC(26) Using 1 workers of 1 for evacuation
[11.077s][info][gc,phases      ] GC(26)   Pre Evacuate Collection Set: 0.0ms
[11.077s][info][gc,phases      ] GC(26)   Evacuate Collection Set: 11.9ms
[11.077s][info][gc,phases      ] GC(26)   Post Evacuate Collection Set: 0.3ms
[11.077s][info][gc,phases      ] GC(26)   Other: 0.2ms
[11.077s][info][gc,heap        ] GC(26) Eden regions: 36->0(34)
[11.077s][info][gc,heap        ] GC(26) Survivor regions: 4->5(5)
[11.077s][info][gc,heap        ] GC(26) Old regions: 20->23
[11.077s][info][gc,heap        ] GC(26) Humongous regions: 6->6
[11.077s][info][gc,metaspace   ] GC(26) Metaspace: 55263K->55263K(1099776K)
[11.077s][info][gc             ] GC(26) Pause Young (Normal) (G1 Evacuation Pause) 64M->31M(87M) 12.464ms
[11.077s][info][gc,cpu         ] GC(26) User=0.02s Sys=0.00s Real=0.02s
[11.271s][info][gc,start       ] GC(27) Pause Young (Normal) (G1 Evacuation Pause)
[11.271s][info][gc,task        ] GC(27) Using 1 workers of 1 for evacuation
[11.290s][info][gc,phases      ] GC(27)   Pre Evacuate Collection Set: 0.0ms
[11.290s][info][gc,phases      ] GC(27)   Evacuate Collection Set: 18.9ms
[11.290s][info][gc,phases      ] GC(27)   Post Evacuate Collection Set: 0.6ms
[11.290s][info][gc,phases      ] GC(27)   Other: 0.2ms
[11.290s][info][gc,heap        ] GC(27) Eden regions: 34->0(68)
[11.290s][info][gc,heap        ] GC(27) Survivor regions: 5->3(5)
[11.290s][info][gc,heap        ] GC(27) Old regions: 23->27
[11.290s][info][gc,heap        ] GC(27) Humongous regions: 7->7
[11.290s][info][gc,metaspace   ] GC(27) Metaspace: 55289K->55289K(1099776K)
[11.290s][info][gc             ] GC(27) Pause Young (Normal) (G1 Evacuation Pause) 66M->35M(174M) 19.826ms
[11.290s][info][gc,cpu         ] GC(27) User=0.02s Sys=0.01s Real=0.02s
[11.663s][info][gc,start       ] GC(28) Pause Young (Normal) (G1 Evacuation Pause)
[11.663s][info][gc,task        ] GC(28) Using 1 workers of 1 for evacuation
[11.680s][info][gc,phases      ] GC(28)   Pre Evacuate Collection Set: 0.0ms
[11.680s][info][gc,phases      ] GC(28)   Evacuate Collection Set: 17.2ms
[11.680s][info][gc,phases      ] GC(28)   Post Evacuate Collection Set: 0.2ms
[11.680s][info][gc,phases      ] GC(28)   Other: 0.2ms
[11.680s][info][gc,heap        ] GC(28) Eden regions: 68->0(68)
[11.680s][info][gc,heap        ] GC(28) Survivor regions: 3->8(9)
[11.680s][info][gc,heap        ] GC(28) Old regions: 27->27
[11.680s][info][gc,heap        ] GC(28) Humongous regions: 7->7
[11.680s][info][gc,metaspace   ] GC(28) Metaspace: 55302K->55302K(1099776K)
[11.680s][info][gc             ] GC(28) Pause Young (Normal) (G1 Evacuation Pause) 103M->40M(174M) 17.693ms
[11.680s][info][gc,cpu         ] GC(28) User=0.01s Sys=0.00s Real=0.02s
[11.820s][info][gc,start       ] GC(29) Pause Young (Normal) (G1 Evacuation Pause)
[11.821s][info][gc,task        ] GC(29) Using 1 workers of 1 for evacuation
[11.846s][info][gc,phases      ] GC(29)   Pre Evacuate Collection Set: 0.0ms
[11.846s][info][gc,phases      ] GC(29)   Evacuate Collection Set: 24.7ms
[11.846s][info][gc,phases      ] GC(29)   Post Evacuate Collection Set: 0.2ms
[11.846s][info][gc,phases      ] GC(29)   Other: 0.2ms
[11.846s][info][gc,heap        ] GC(29) Eden regions: 68->0(68)
[11.846s][info][gc,heap        ] GC(29) Survivor regions: 8->6(10)
[11.846s][info][gc,heap        ] GC(29) Old regions: 27->35
[11.846s][info][gc,heap        ] GC(29) Humongous regions: 9->9
[11.846s][info][gc,metaspace   ] GC(29) Metaspace: 55303K->55303K(1099776K)
[11.846s][info][gc             ] GC(29) Pause Young (Normal) (G1 Evacuation Pause) 110M->47M(174M) 25.175ms
[11.846s][info][gc,cpu         ] GC(29) User=0.03s Sys=0.00s Real=0.02s
[12.003s][info][gc,start       ] GC(30) Pause Young (Normal) (G1 Evacuation Pause)
[12.003s][info][gc,task        ] GC(30) Using 1 workers of 1 for evacuation
[12.023s][info][gc,phases      ] GC(30)   Pre Evacuate Collection Set: 0.0ms
[12.023s][info][gc,phases      ] GC(30)   Evacuate Collection Set: 19.2ms
[12.023s][info][gc,phases      ] GC(30)   Post Evacuate Collection Set: 0.2ms
[12.023s][info][gc,phases      ] GC(30)   Other: 0.3ms
[12.023s][info][gc,heap        ] GC(30) Eden regions: 68->0(68)
[12.023s][info][gc,heap        ] GC(30) Survivor regions: 6->6(10)
[12.023s][info][gc,heap        ] GC(30) Old regions: 35->40
[12.023s][info][gc,heap        ] GC(30) Humongous regions: 9->9
[12.023s][info][gc,metaspace   ] GC(30) Metaspace: 55316K->55316K(1099776K)
[12.023s][info][gc             ] GC(30) Pause Young (Normal) (G1 Evacuation Pause) 115M->53M(174M) 19.826ms
[12.023s][info][gc,cpu         ] GC(30) User=0.02s Sys=0.00s Real=0.02s
[12.168s][info][gc,start       ] GC(31) Pause Young (Normal) (G1 Evacuation Pause)
[12.168s][info][gc,task        ] GC(31) Using 1 workers of 1 for evacuation
[12.189s][info][gc,phases      ] GC(31)   Pre Evacuate Collection Set: 0.0ms
[12.189s][info][gc,phases      ] GC(31)   Evacuate Collection Set: 20.9ms
[12.189s][info][gc,phases      ] GC(31)   Post Evacuate Collection Set: 0.4ms
[12.189s][info][gc,phases      ] GC(31)   Other: 0.2ms
[12.189s][info][gc,heap        ] GC(31) Eden regions: 68->0(83)
[12.189s][info][gc,heap        ] GC(31) Survivor regions: 6->6(10)
[12.189s][info][gc,heap        ] GC(31) Old regions: 40->46
[12.189s][info][gc,heap        ] GC(31) Humongous regions: 12->12
[12.189s][info][gc,metaspace   ] GC(31) Metaspace: 55330K->55330K(1099776K)
[12.189s][info][gc             ] GC(31) Pause Young (Normal) (G1 Evacuation Pause) 124M->62M(223M) 21.615ms
[12.189s][info][gc,cpu         ] GC(31) User=0.02s Sys=0.00s Real=0.02s
[12.370s][info][gc,start       ] GC(32) Pause Young (Normal) (G1 Evacuation Pause)
[12.370s][info][gc,task        ] GC(32) Using 1 workers of 1 for evacuation
[12.393s][info][gc,phases      ] GC(32)   Pre Evacuate Collection Set: 0.0ms
[12.393s][info][gc,phases      ] GC(32)   Evacuate Collection Set: 22.3ms
[12.393s][info][gc,phases      ] GC(32)   Post Evacuate Collection Set: 0.2ms
[12.393s][info][gc,phases      ] GC(32)   Other: 0.3ms
[12.393s][info][gc,heap        ] GC(32) Eden regions: 83->0(87)
[12.393s][info][gc,heap        ] GC(32) Survivor regions: 6->12(12)
[12.393s][info][gc,heap        ] GC(32) Old regions: 46->47
[12.393s][info][gc,heap        ] GC(32) Humongous regions: 12->12
[12.393s][info][gc,metaspace   ] GC(32) Metaspace: 55331K->55331K(1099776K)
[12.393s][info][gc             ] GC(32) Pause Young (Normal) (G1 Evacuation Pause) 145M->69M(223M) 22.894ms
[12.393s][info][gc,cpu         ] GC(32) User=0.02s Sys=0.00s Real=0.02s
[12.481s][info][gc,start       ] GC(33) Pause Young (Normal) (G1 Evacuation Pause)
[12.481s][info][gc,task        ] GC(33) Using 1 workers of 1 for evacuation
[12.512s][info][gc,phases      ] GC(33)   Pre Evacuate Collection Set: 0.0ms
[12.512s][info][gc,phases      ] GC(33)   Evacuate Collection Set: 30.1ms
[12.512s][info][gc,phases      ] GC(33)   Post Evacuate Collection Set: 0.2ms
[12.512s][info][gc,phases      ] GC(33)   Other: 0.1ms
[12.512s][info][gc,heap        ] GC(33) Eden regions: 87->0(87)
[12.512s][info][gc,heap        ] GC(33) Survivor regions: 12->8(13)
[12.512s][info][gc,heap        ] GC(33) Old regions: 47->59
[12.512s][info][gc,heap        ] GC(33) Humongous regions: 12->12
[12.512s][info][gc,metaspace   ] GC(33) Metaspace: 55331K->55331K(1099776K)
[12.512s][info][gc             ] GC(33) Pause Young (Normal) (G1 Evacuation Pause) 156M->77M(223M) 30.524ms
[12.512s][info][gc,cpu         ] GC(33) User=0.03s Sys=0.00s Real=0.03s
[12.566s][info][gc,start       ] GC(34) Pause Young (Normal) (G1 Evacuation Pause)
[12.566s][info][gc,task        ] GC(34) Using 1 workers of 1 for evacuation
[12.594s][info][gc,phases      ] GC(34)   Pre Evacuate Collection Set: 0.0ms
[12.594s][info][gc,phases      ] GC(34)   Evacuate Collection Set: 27.5ms
[12.594s][info][gc,phases      ] GC(34)   Post Evacuate Collection Set: 0.2ms
[12.594s][info][gc,phases      ] GC(34)   Other: 0.1ms
[12.594s][info][gc,heap        ] GC(34) Eden regions: 87->0(83)
[12.594s][info][gc,heap        ] GC(34) Survivor regions: 8->8(12)
[12.594s][info][gc,heap        ] GC(34) Old regions: 59->67
[12.594s][info][gc,heap        ] GC(34) Humongous regions: 17->17
[12.594s][info][gc,metaspace   ] GC(34) Metaspace: 55331K->55331K(1099776K)
[12.594s][info][gc             ] GC(34) Pause Young (Normal) (G1 Evacuation Pause) 169M->89M(223M) 27.950ms
[12.594s][info][gc,cpu         ] GC(34) User=0.03s Sys=0.00s Real=0.02s
[12.648s][info][gc,start       ] GC(35) Pause Young (Normal) (G1 Evacuation Pause)
[12.648s][info][gc,task        ] GC(35) Using 1 workers of 1 for evacuation
[12.676s][info][gc,phases      ] GC(35)   Pre Evacuate Collection Set: 0.0ms
[12.676s][info][gc,phases      ] GC(35)   Evacuate Collection Set: 27.0ms
[12.676s][info][gc,phases      ] GC(35)   Post Evacuate Collection Set: 0.6ms
[12.676s][info][gc,phases      ] GC(35)   Other: 0.2ms
[12.676s][info][gc,heap        ] GC(35) Eden regions: 83->0(111)
[12.676s][info][gc,heap        ] GC(35) Survivor regions: 8->8(12)
[12.676s][info][gc,heap        ] GC(35) Old regions: 67->74
[12.676s][info][gc,heap        ] GC(35) Humongous regions: 17->17
[12.676s][info][gc,metaspace   ] GC(35) Metaspace: 55332K->55332K(1099776K)
[12.676s][info][gc             ] GC(35) Pause Young (Normal) (G1 Evacuation Pause) 172M->97M(323M) 27.813ms
[12.676s][info][gc,cpu         ] GC(35) User=0.03s Sys=0.00s Real=0.03s
[12.761s][info][gc,start       ] GC(36) Pause Young (Normal) (G1 Evacuation Pause)
[12.761s][info][gc,task        ] GC(36) Using 1 workers of 1 for evacuation
[12.790s][info][gc,phases      ] GC(36)   Pre Evacuate Collection Set: 0.0ms
[12.791s][info][gc,phases      ] GC(36)   Evacuate Collection Set: 28.8ms
[12.791s][info][gc,phases      ] GC(36)   Post Evacuate Collection Set: 0.2ms
[12.791s][info][gc,phases      ] GC(36)   Other: 0.1ms
[12.791s][info][gc,heap        ] GC(36) Eden regions: 111->0(142)
[12.791s][info][gc,heap        ] GC(36) Survivor regions: 8->15(15)
[12.791s][info][gc,heap        ] GC(36) Old regions: 74->76
[12.791s][info][gc,heap        ] GC(36) Humongous regions: 17->17
[12.791s][info][gc,metaspace   ] GC(36) Metaspace: 55332K->55332K(1099776K)
[12.791s][info][gc             ] GC(36) Pause Young (Normal) (G1 Evacuation Pause) 208M->106M(323M) 29.329ms
[12.791s][info][gc,cpu         ] GC(36) User=0.03s Sys=0.00s Real=0.03s
[12.871s][info][gc,start       ] GC(37) Pause Young (Normal) (G1 Evacuation Pause)
[12.871s][info][gc,task        ] GC(37) Using 1 workers of 1 for evacuation
[12.914s][info][gc,phases      ] GC(37)   Pre Evacuate Collection Set: 0.0ms
[12.914s][info][gc,phases      ] GC(37)   Evacuate Collection Set: 43.3ms
[12.914s][info][gc,phases      ] GC(37)   Post Evacuate Collection Set: 0.2ms
[12.914s][info][gc,phases      ] GC(37)   Other: 0.1ms
[12.914s][info][gc,heap        ] GC(37) Eden regions: 142->0(131)
[12.914s][info][gc,heap        ] GC(37) Survivor regions: 15->20(20)
[12.914s][info][gc,heap        ] GC(37) Old regions: 76->84
[12.914s][info][gc,heap        ] GC(37) Humongous regions: 17->17
[12.915s][info][gc,metaspace   ] GC(37) Metaspace: 55347K->55347K(1099776K)
[12.915s][info][gc             ] GC(37) Pause Young (Normal) (G1 Evacuation Pause) 248M->119M(323M) 43.797ms
[12.915s][info][gc,cpu         ] GC(37) User=0.05s Sys=0.00s Real=0.05s
[12.982s][info][gc,start       ] GC(38) Pause Young (Normal) (G1 Evacuation Pause)
[12.983s][info][gc,task        ] GC(38) Using 1 workers of 1 for evacuation
[13.034s][info][gc,phases      ] GC(38)   Pre Evacuate Collection Set: 0.0ms
[13.034s][info][gc,phases      ] GC(38)   Evacuate Collection Set: 51.1ms
[13.034s][info][gc,phases      ] GC(38)   Post Evacuate Collection Set: 0.2ms
[13.034s][info][gc,phases      ] GC(38)   Other: 0.3ms
[13.034s][info][gc,heap        ] GC(38) Eden regions: 131->0(125)
[13.034s][info][gc,heap        ] GC(38) Survivor regions: 20->12(19)
[13.034s][info][gc,heap        ] GC(38) Old regions: 84->104
[13.034s][info][gc,heap        ] GC(38) Humongous regions: 17->17
[13.034s][info][gc,metaspace   ] GC(38) Metaspace: 55347K->55347K(1099776K)
[13.034s][info][gc             ] GC(38) Pause Young (Normal) (G1 Evacuation Pause) 250M->130M(323M) 51.647ms
[13.034s][info][gc,cpu         ] GC(38) User=0.05s Sys=0.00s Real=0.05s
[13.108s][info][gc,start       ] GC(39) Pause Young (Normal) (G1 Evacuation Pause)
[13.108s][info][gc,task        ] GC(39) Using 1 workers of 1 for evacuation
[13.149s][info][gc,phases      ] GC(39)   Pre Evacuate Collection Set: 0.0ms
[13.149s][info][gc,phases      ] GC(39)   Evacuate Collection Set: 39.4ms
[13.149s][info][gc,phases      ] GC(39)   Post Evacuate Collection Set: 1.2ms
[13.149s][info][gc,phases      ] GC(39)   Other: 0.2ms
[13.149s][info][gc,heap        ] GC(39) Eden regions: 125->0(184)
[13.149s][info][gc,heap        ] GC(39) Survivor regions: 12->11(18)
[13.149s][info][gc,heap        ] GC(39) Old regions: 104->115
[13.149s][info][gc,heap        ] GC(39) Humongous regions: 26->26
[13.149s][info][gc,metaspace   ] GC(39) Metaspace: 55348K->55348K(1099776K)
[13.149s][info][gc             ] GC(39) Pause Young (Normal) (G1 Evacuation Pause) 264M->150M(527M) 40.843ms
[13.149s][info][gc,cpu         ] GC(39) User=0.04s Sys=0.00s Real=0.04s
[13.290s][info][gc,start       ] GC(40) Pause Young (Normal) (G1 Evacuation Pause)
[13.291s][info][gc,task        ] GC(40) Using 1 workers of 1 for evacuation
[13.342s][info][gc,phases      ] GC(40)   Pre Evacuate Collection Set: 0.0ms
[13.342s][info][gc,phases      ] GC(40)   Evacuate Collection Set: 51.4ms
[13.342s][info][gc,phases      ] GC(40)   Post Evacuate Collection Set: 0.4ms
[13.342s][info][gc,phases      ] GC(40)   Other: 0.3ms
[13.342s][info][gc,heap        ] GC(40) Eden regions: 184->0(205)
[13.342s][info][gc,heap        ] GC(40) Survivor regions: 11->25(25)
[13.342s][info][gc,heap        ] GC(40) Old regions: 115->117
[13.342s][info][gc,heap        ] GC(40) Humongous regions: 26->26
[13.342s][info][gc,metaspace   ] GC(40) Metaspace: 55348K->55348K(1099776K)
[13.342s][info][gc             ] GC(40) Pause Young (Normal) (G1 Evacuation Pause) 334M->166M(527M) 52.156ms
[13.342s][info][gc,cpu         ] GC(40) User=0.05s Sys=0.00s Real=0.05s
[13.457s][info][gc,start       ] GC(41) Pause Young (Normal) (G1 Evacuation Pause)
[13.457s][info][gc,task        ] GC(41) Using 1 workers of 1 for evacuation
[13.525s][info][gc,phases      ] GC(41)   Pre Evacuate Collection Set: 0.0ms
[13.525s][info][gc,phases      ] GC(41)   Evacuate Collection Set: 67.0ms
[13.525s][info][gc,phases      ] GC(41)   Post Evacuate Collection Set: 0.3ms
[13.525s][info][gc,phases      ] GC(41)   Other: 0.2ms
[13.525s][info][gc,heap        ] GC(41) Eden regions: 205->0(212)
[13.525s][info][gc,heap        ] GC(41) Survivor regions: 25->18(29)
[13.525s][info][gc,heap        ] GC(41) Old regions: 117->142
[13.525s][info][gc,heap        ] GC(41) Humongous regions: 26->26
[13.525s][info][gc,metaspace   ] GC(41) Metaspace: 55348K->55348K(1099776K)
[13.525s][info][gc             ] GC(41) Pause Young (Normal) (G1 Evacuation Pause) 371M->184M(527M) 67.664ms
[13.525s][info][gc,cpu         ] GC(41) User=0.07s Sys=0.00s Real=0.06s
[14.532s][info][gc,start       ] GC(42) Pause Young (Normal) (G1 Evacuation Pause)
[14.532s][info][gc,task        ] GC(42) Using 1 workers of 1 for evacuation
[14.570s][info][gc,phases      ] GC(42)   Pre Evacuate Collection Set: 0.0ms
[14.570s][info][gc,phases      ] GC(42)   Evacuate Collection Set: 36.9ms
[14.570s][info][gc,phases      ] GC(42)   Post Evacuate Collection Set: 0.6ms
[14.570s][info][gc,phases      ] GC(42)   Other: 0.3ms
[14.570s][info][gc,heap        ] GC(42) Eden regions: 212->0(215)
[14.570s][info][gc,heap        ] GC(42) Survivor regions: 18->5(29)
[14.570s][info][gc,heap        ] GC(42) Old regions: 142->160
[14.570s][info][gc,heap        ] GC(42) Humongous regions: 37->32
[14.570s][info][gc,metaspace   ] GC(42) Metaspace: 57327K->57327K(1099776K)
[14.570s][info][gc             ] GC(42) Pause Young (Normal) (G1 Evacuation Pause) 407M->195M(527M) 37.896ms
[14.570s][info][gc,cpu         ] GC(42) User=0.04s Sys=0.00s Real=0.04s
[14.679s][info][gc,start       ] GC(43) Pause Young (Normal) (G1 Evacuation Pause)
[14.680s][info][gc,task        ] GC(43) Using 1 workers of 1 for evacuation
[14.689s][info][gc,phases      ] GC(43)   Pre Evacuate Collection Set: 0.0ms
[14.689s][info][gc,phases      ] GC(43)   Evacuate Collection Set: 8.3ms
[14.689s][info][gc,phases      ] GC(43)   Post Evacuate Collection Set: 1.2ms
[14.689s][info][gc,phases      ] GC(43)   Other: 0.3ms
[14.689s][info][gc,heap        ] GC(43) Eden regions: 215->0(274)
[14.689s][info][gc,heap        ] GC(43) Survivor regions: 5->5(28)
[14.689s][info][gc,heap        ] GC(43) Old regions: 160->160
[14.689s][info][gc,heap        ] GC(43) Humongous regions: 32->32
[14.689s][info][gc,metaspace   ] GC(43) Metaspace: 57327K->57327K(1099776K)
[14.689s][info][gc             ] GC(43) Pause Young (Normal) (G1 Evacuation Pause) 410M->195M(716M) 9.866ms
[14.689s][info][gc,cpu         ] GC(43) User=0.01s Sys=0.00s Real=0.01s
[14.855s][info][gc,start       ] GC(44) Pause Young (Normal) (G1 Evacuation Pause)
[14.855s][info][gc,task        ] GC(44) Using 1 workers of 1 for evacuation
[14.864s][info][gc,phases      ] GC(44)   Pre Evacuate Collection Set: 0.0ms
[14.864s][info][gc,phases      ] GC(44)   Evacuate Collection Set: 8.4ms
[14.864s][info][gc,phases      ] GC(44)   Post Evacuate Collection Set: 0.4ms
[14.864s][info][gc,phases      ] GC(44)   Other: 0.2ms
[14.864s][info][gc,heap        ] GC(44) Eden regions: 274->0(317)
[14.864s][info][gc,heap        ] GC(44) Survivor regions: 5->5(35)
[14.864s][info][gc,heap        ] GC(44) Old regions: 160->160
[14.864s][info][gc,heap        ] GC(44) Humongous regions: 32->32
[14.864s][info][gc,metaspace   ] GC(44) Metaspace: 57327K->57327K(1099776K)
[14.864s][info][gc             ] GC(44) Pause Young (Normal) (G1 Evacuation Pause) 469M->195M(716M) 9.107ms
[14.864s][info][gc,cpu         ] GC(44) User=0.01s Sys=0.00s Real=0.00s
[15.002s][info][gc,start       ] GC(45) Pause Young (Normal) (G1 Evacuation Pause)
[15.002s][info][gc,task        ] GC(45) Using 1 workers of 1 for evacuation
[15.012s][info][gc,phases      ] GC(45)   Pre Evacuate Collection Set: 0.0ms
[15.012s][info][gc,phases      ] GC(45)   Evacuate Collection Set: 8.8ms
[15.012s][info][gc,phases      ] GC(45)   Post Evacuate Collection Set: 0.4ms
[15.012s][info][gc,phases      ] GC(45)   Other: 0.3ms
[15.012s][info][gc,heap        ] GC(45) Eden regions: 317->0(349)
[15.012s][info][gc,heap        ] GC(45) Survivor regions: 5->5(41)
[15.012s][info][gc,heap        ] GC(45) Old regions: 160->160
[15.012s][info][gc,heap        ] GC(45) Humongous regions: 32->32
[15.012s][info][gc,metaspace   ] GC(45) Metaspace: 57327K->57327K(1099776K)
[15.012s][info][gc             ] GC(45) Pause Young (Normal) (G1 Evacuation Pause) 512M->195M(716M) 9.549ms
[15.012s][info][gc,cpu         ] GC(45) User=0.01s Sys=0.00s Real=0.01s
[15.163s][info][gc,start       ] GC(46) Pause Young (Normal) (G1 Evacuation Pause)
[15.163s][info][gc,task        ] GC(46) Using 1 workers of 1 for evacuation
[15.172s][info][gc,phases      ] GC(46)   Pre Evacuate Collection Set: 0.0ms
[15.172s][info][gc,phases      ] GC(46)   Evacuate Collection Set: 8.5ms
[15.172s][info][gc,phases      ] GC(46)   Post Evacuate Collection Set: 0.4ms
[15.172s][info][gc,phases      ] GC(46)   Other: 0.2ms
[15.172s][info][gc,heap        ] GC(46) Eden regions: 349->0(372)
[15.172s][info][gc,heap        ] GC(46) Survivor regions: 5->5(45)
[15.172s][info][gc,heap        ] GC(46) Old regions: 160->160
[15.172s][info][gc,heap        ] GC(46) Humongous regions: 32->32
[15.172s][info][gc,metaspace   ] GC(46) Metaspace: 57327K->57327K(1099776K)
[15.172s][info][gc             ] GC(46) Pause Young (Normal) (G1 Evacuation Pause) 544M->195M(716M) 9.262ms
[15.173s][info][gc,cpu         ] GC(46) User=0.00s Sys=0.00s Real=0.01s
[15.347s][info][gc,start       ] GC(47) Pause Young (Normal) (G1 Evacuation Pause)
[15.347s][info][gc,task        ] GC(47) Using 1 workers of 1 for evacuation
[15.356s][info][gc,phases      ] GC(47)   Pre Evacuate Collection Set: 0.0ms
[15.356s][info][gc,phases      ] GC(47)   Evacuate Collection Set: 8.3ms
[15.356s][info][gc,phases      ] GC(47)   Post Evacuate Collection Set: 0.5ms
[15.356s][info][gc,phases      ] GC(47)   Other: 0.3ms
[15.356s][info][gc,heap        ] GC(47) Eden regions: 372->0(389)
[15.356s][info][gc,heap        ] GC(47) Survivor regions: 5->5(48)
[15.356s][info][gc,heap        ] GC(47) Old regions: 160->160
[15.356s][info][gc,heap        ] GC(47) Humongous regions: 32->32
[15.356s][info][gc,metaspace   ] GC(47) Metaspace: 57327K->57327K(1099776K)
[15.356s][info][gc             ] GC(47) Pause Young (Normal) (G1 Evacuation Pause) 567M->195M(716M) 9.123ms
[15.357s][info][gc,cpu         ] GC(47) User=0.01s Sys=0.00s Real=0.01s
[15.771s][info][gc,task        ] GC(48) Using 1 workers of 1 for full compaction
[15.771s][info][gc,start       ] GC(48) Pause Full (System.gc())
[15.772s][info][gc,phases,start] GC(48) Phase 1: Mark live objects
[15.924s][info][gc,stringtable ] GC(48) Cleaned string and symbol table, strings: 21681 processed, 217 removed, symbols: 131046 processed, 16 removed
[15.924s][info][gc,phases      ] GC(48) Phase 1: Mark live objects 152.763ms
[15.924s][info][gc,phases,start] GC(48) Phase 2: Prepare for compaction
[15.957s][info][gc,phases      ] GC(48) Phase 2: Prepare for compaction 32.165ms
[15.957s][info][gc,phases,start] GC(48) Phase 3: Adjust pointers
[16.041s][info][gc,phases      ] GC(48) Phase 3: Adjust pointers 84.571ms
[16.041s][info][gc,phases,start] GC(48) Phase 4: Compact heap
[16.102s][info][gc,phases      ] GC(48) Phase 4: Compact heap 60.955ms
[16.109s][info][gc,heap        ] GC(48) Eden regions: 231->0(330)
[16.110s][info][gc,heap        ] GC(48) Survivor regions: 5->0(48)
[16.110s][info][gc,heap        ] GC(48) Old regions: 160->161
[16.110s][info][gc,heap        ] GC(48) Humongous regions: 37->12
[16.110s][info][gc,metaspace   ] GC(48) Metaspace: 59489K->59489K(1101824K)
[16.110s][info][gc             ] GC(48) Pause Full (System.gc()) 431M->171M(577M) 338.288ms
[16.110s][info][gc,cpu         ] GC(48) User=0.32s Sys=0.01s Real=0.34s
[16.872s][info][gc,start       ] GC(49) Pause Young (Normal) (G1 Evacuation Pause)
[16.872s][info][gc,task        ] GC(49) Using 1 workers of 1 for evacuation
[16.875s][info][gc,phases      ] GC(49)   Pre Evacuate Collection Set: 0.0ms
[16.875s][info][gc,phases      ] GC(49)   Evacuate Collection Set: 2.3ms
[16.875s][info][gc,phases      ] GC(49)   Post Evacuate Collection Set: 0.4ms
[16.875s][info][gc,phases      ] GC(49)   Other: 0.3ms
[16.875s][info][gc,heap        ] GC(49) Eden regions: 330->0(332)
[16.875s][info][gc,heap        ] GC(49) Survivor regions: 0->1(42)
[16.875s][info][gc,heap        ] GC(49) Old regions: 161->161
[16.875s][info][gc,heap        ] GC(49) Humongous regions: 22->12
[16.875s][info][gc,metaspace   ] GC(49) Metaspace: 59879K->59879K(1103872K)
[16.875s][info][gc             ] GC(49) Pause Young (Normal) (G1 Evacuation Pause) 511M->171M(577M) 3.068ms
[16.875s][info][gc,cpu         ] GC(49) User=0.01s Sys=0.00s Real=0.01s
[17.133s][info][gc,start       ] GC(50) Pause Young (Normal) (G1 Evacuation Pause)
[17.133s][info][gc,task        ] GC(50) Using 1 workers of 1 for evacuation
[17.135s][info][gc,phases      ] GC(50)   Pre Evacuate Collection Set: 0.0ms
[17.135s][info][gc,phases      ] GC(50)   Evacuate Collection Set: 1.9ms
[17.135s][info][gc,phases      ] GC(50)   Post Evacuate Collection Set: 0.3ms
[17.135s][info][gc,phases      ] GC(50)   Other: 0.3ms
[17.136s][info][gc,heap        ] GC(50) Eden regions: 332->0(334)
[17.136s][info][gc,heap        ] GC(50) Survivor regions: 1->1(42)
[17.136s][info][gc,heap        ] GC(50) Old regions: 161->161
[17.136s][info][gc,heap        ] GC(50) Humongous regions: 12->12
[17.136s][info][gc,metaspace   ] GC(50) Metaspace: 59888K->59888K(1103872K)
[17.136s][info][gc             ] GC(50) Pause Young (Normal) (G1 Evacuation Pause) 503M->171M(577M) 2.556ms
[17.136s][info][gc,cpu         ] GC(50) User=0.01s Sys=0.00s Real=0.01s
[17.385s][info][gc,start       ] GC(51) Pause Young (Normal) (G1 Evacuation Pause)
[17.385s][info][gc,task        ] GC(51) Using 1 workers of 1 for evacuation
[17.388s][info][gc,phases      ] GC(51)   Pre Evacuate Collection Set: 0.0ms
[17.388s][info][gc,phases      ] GC(51)   Evacuate Collection Set: 2.3ms
[17.388s][info][gc,phases      ] GC(51)   Post Evacuate Collection Set: 0.3ms
[17.388s][info][gc,phases      ] GC(51)   Other: 0.3ms
[17.388s][info][gc,heap        ] GC(51) Eden regions: 334->0(335)
[17.388s][info][gc,heap        ] GC(51) Survivor regions: 1->1(42)
[17.388s][info][gc,heap        ] GC(51) Old regions: 161->161
[17.388s][info][gc,heap        ] GC(51) Humongous regions: 12->12
[17.388s][info][gc,metaspace   ] GC(51) Metaspace: 59888K->59888K(1103872K)
[17.388s][info][gc             ] GC(51) Pause Young (Normal) (G1 Evacuation Pause) 505M->171M(577M) 3.024ms
[17.388s][info][gc,cpu         ] GC(51) User=0.01s Sys=0.00s Real=0.01s
[17.665s][info][gc,start       ] GC(52) Pause Young (Normal) (G1 Evacuation Pause)
[17.665s][info][gc,task        ] GC(52) Using 1 workers of 1 for evacuation
[17.667s][info][gc,phases      ] GC(52)   Pre Evacuate Collection Set: 0.0ms
[17.667s][info][gc,phases      ] GC(52)   Evacuate Collection Set: 1.8ms
[17.667s][info][gc,phases      ] GC(52)   Post Evacuate Collection Set: 0.3ms
[17.668s][info][gc,phases      ] GC(52)   Other: 0.3ms
[17.668s][info][gc,heap        ] GC(52) Eden regions: 335->0(336)
[17.668s][info][gc,heap        ] GC(52) Survivor regions: 1->1(42)
[17.668s][info][gc,heap        ] GC(52) Old regions: 161->161
[17.668s][info][gc,heap        ] GC(52) Humongous regions: 12->12
[17.668s][info][gc,metaspace   ] GC(52) Metaspace: 59888K->59888K(1103872K)
[17.668s][info][gc             ] GC(52) Pause Young (Normal) (G1 Evacuation Pause) 506M->171M(577M) 2.511ms
[17.668s][info][gc,cpu         ] GC(52) User=0.01s Sys=0.00s Real=0.01s
[17.940s][info][gc,start       ] GC(53) Pause Young (Normal) (G1 Evacuation Pause)
[17.940s][info][gc,task        ] GC(53) Using 1 workers of 1 for evacuation
[17.943s][info][gc,phases      ] GC(53)   Pre Evacuate Collection Set: 0.0ms
[17.943s][info][gc,phases      ] GC(53)   Evacuate Collection Set: 1.9ms
[17.943s][info][gc,phases      ] GC(53)   Post Evacuate Collection Set: 0.3ms
[17.943s][info][gc,phases      ] GC(53)   Other: 0.3ms
[17.943s][info][gc,heap        ] GC(53) Eden regions: 336->0(337)
[17.943s][info][gc,heap        ] GC(53) Survivor regions: 1->1(43)
[17.943s][info][gc,heap        ] GC(53) Old regions: 161->161
[17.943s][info][gc,heap        ] GC(53) Humongous regions: 12->12
[17.943s][info][gc,metaspace   ] GC(53) Metaspace: 59888K->59888K(1103872K)
[17.943s][info][gc             ] GC(53) Pause Young (Normal) (G1 Evacuation Pause) 507M->171M(577M) 2.670ms
[17.943s][info][gc,cpu         ] GC(53) User=0.00s Sys=0.00s Real=0.00s
[18.255s][info][gc,task        ] GC(54) Using 1 workers of 1 for full compaction
[18.255s][info][gc,start       ] GC(54) Pause Full (System.gc())
[18.256s][info][gc,phases,start] GC(54) Phase 1: Mark live objects
[18.413s][info][gc,stringtable ] GC(54) Cleaned string and symbol table, strings: 21589 processed, 24 removed, symbols: 131329 processed, 0 removed
[18.413s][info][gc,phases      ] GC(54) Phase 1: Mark live objects 156.868ms
[18.413s][info][gc,phases,start] GC(54) Phase 2: Prepare for compaction
[18.477s][info][gc,phases      ] GC(54) Phase 2: Prepare for compaction 64.810ms
[18.478s][info][gc,phases,start] GC(54) Phase 3: Adjust pointers
[18.561s][info][gc,phases      ] GC(54) Phase 3: Adjust pointers 83.038ms
[18.561s][info][gc,phases,start] GC(54) Phase 4: Compact heap
[18.620s][info][gc,phases      ] GC(54) Phase 4: Compact heap 58.875ms
[18.626s][info][gc,heap        ] GC(54) Eden regions: 254->0(338)
[18.626s][info][gc,heap        ] GC(54) Survivor regions: 1->0(43)
[18.626s][info][gc,heap        ] GC(54) Old regions: 161->161
[18.626s][info][gc,heap        ] GC(54) Humongous regions: 17->12
[18.626s][info][gc,metaspace   ] GC(54) Metaspace: 59920K->59920K(1103872K)
[18.626s][info][gc             ] GC(54) Pause Full (System.gc()) 430M->171M(577M) 370.685ms
[18.626s][info][gc,cpu         ] GC(54) User=0.36s Sys=0.00s Real=0.37s
[19.326s][info][gc,start       ] GC(55) Pause Young (Normal) (G1 Evacuation Pause)
[19.326s][info][gc,task        ] GC(55) Using 1 workers of 1 for evacuation
[19.329s][info][gc,phases      ] GC(55)   Pre Evacuate Collection Set: 0.0ms
[19.329s][info][gc,phases      ] GC(55)   Evacuate Collection Set: 2.1ms
[19.329s][info][gc,phases      ] GC(55)   Post Evacuate Collection Set: 0.4ms
[19.329s][info][gc,phases      ] GC(55)   Other: 0.3ms
[19.329s][info][gc,heap        ] GC(55) Eden regions: 338->0(338)
[19.329s][info][gc,heap        ] GC(55) Survivor regions: 0->1(43)
[19.329s][info][gc,heap        ] GC(55) Old regions: 161->161
[19.329s][info][gc,heap        ] GC(55) Humongous regions: 22->12
[19.329s][info][gc,metaspace   ] GC(55) Metaspace: 60365K->60365K(1103872K)
[19.329s][info][gc             ] GC(55) Pause Young (Normal) (G1 Evacuation Pause) 519M->171M(577M) 2.851ms
[19.329s][info][gc,cpu         ] GC(55) User=0.00s Sys=0.00s Real=0.00s
[19.725s][info][gc,start       ] GC(56) Pause Young (Normal) (G1 Evacuation Pause)
[19.725s][info][gc,task        ] GC(56) Using 1 workers of 1 for evacuation
[19.727s][info][gc,phases      ] GC(56)   Pre Evacuate Collection Set: 0.0ms
[19.727s][info][gc,phases      ] GC(56)   Evacuate Collection Set: 2.0ms
[19.727s][info][gc,phases      ] GC(56)   Post Evacuate Collection Set: 0.3ms
[19.727s][info][gc,phases      ] GC(56)   Other: 0.3ms
[19.727s][info][gc,heap        ] GC(56) Eden regions: 338->0(339)
[19.727s][info][gc,heap        ] GC(56) Survivor regions: 1->1(43)
[19.727s][info][gc,heap        ] GC(56) Old regions: 161->161
[19.727s][info][gc,heap        ] GC(56) Humongous regions: 12->12
[19.727s][info][gc,metaspace   ] GC(56) Metaspace: 60393K->60393K(1103872K)
[19.727s][info][gc             ] GC(56) Pause Young (Normal) (G1 Evacuation Pause) 509M->171M(577M) 2.726ms
[19.727s][info][gc,cpu         ] GC(56) User=0.01s Sys=0.00s Real=0.01s
[19.994s][info][gc,start       ] GC(57) Pause Young (Normal) (G1 Evacuation Pause)
[19.995s][info][gc,task        ] GC(57) Using 1 workers of 1 for evacuation
[19.997s][info][gc,phases      ] GC(57)   Pre Evacuate Collection Set: 0.0ms
[19.997s][info][gc,phases      ] GC(57)   Evacuate Collection Set: 2.0ms
[19.997s][info][gc,phases      ] GC(57)   Post Evacuate Collection Set: 0.4ms
[19.997s][info][gc,phases      ] GC(57)   Other: 0.3ms
[19.997s][info][gc,heap        ] GC(57) Eden regions: 339->0(339)
[19.997s][info][gc,heap        ] GC(57) Survivor regions: 1->1(43)
[19.997s][info][gc,heap        ] GC(57) Old regions: 161->161
[19.997s][info][gc,heap        ] GC(57) Humongous regions: 12->12
[19.997s][info][gc,metaspace   ] GC(57) Metaspace: 60393K->60393K(1103872K)
[19.997s][info][gc             ] GC(57) Pause Young (Normal) (G1 Evacuation Pause) 510M->171M(577M) 2.665ms
[19.997s][info][gc,cpu         ] GC(57) User=0.01s Sys=0.00s Real=0.00s
[20.240s][info][gc,start       ] GC(58) Pause Young (Normal) (G1 Evacuation Pause)
[20.240s][info][gc,task        ] GC(58) Using 1 workers of 1 for evacuation
[20.243s][info][gc,phases      ] GC(58)   Pre Evacuate Collection Set: 0.0ms
[20.243s][info][gc,phases      ] GC(58)   Evacuate Collection Set: 2.0ms
[20.243s][info][gc,phases      ] GC(58)   Post Evacuate Collection Set: 0.4ms
[20.243s][info][gc,phases      ] GC(58)   Other: 0.3ms
[20.243s][info][gc,heap        ] GC(58) Eden regions: 339->0(340)
[20.243s][info][gc,heap        ] GC(58) Survivor regions: 1->1(43)
[20.243s][info][gc,heap        ] GC(58) Old regions: 161->161
[20.243s][info][gc,heap        ] GC(58) Humongous regions: 12->12
[20.243s][info][gc,metaspace   ] GC(58) Metaspace: 60393K->60393K(1103872K)
[20.243s][info][gc             ] GC(58) Pause Young (Normal) (G1 Evacuation Pause) 510M->171M(577M) 2.859ms
[20.243s][info][gc,cpu         ] GC(58) User=0.00s Sys=0.00s Real=0.00s
[20.513s][info][gc,start       ] GC(59) Pause Young (Normal) (G1 Evacuation Pause)
[20.514s][info][gc,task        ] GC(59) Using 1 workers of 1 for evacuation
[20.516s][info][gc,phases      ] GC(59)   Pre Evacuate Collection Set: 0.0ms
[20.516s][info][gc,phases      ] GC(59)   Evacuate Collection Set: 1.9ms
[20.516s][info][gc,phases      ] GC(59)   Post Evacuate Collection Set: 0.3ms
[20.516s][info][gc,phases      ] GC(59)   Other: 0.3ms
[20.516s][info][gc,heap        ] GC(59) Eden regions: 340->0(340)
[20.516s][info][gc,heap        ] GC(59) Survivor regions: 1->1(43)
[20.516s][info][gc,heap        ] GC(59) Old regions: 161->161
[20.516s][info][gc,heap        ] GC(59) Humongous regions: 12->12
[20.516s][info][gc,metaspace   ] GC(59) Metaspace: 60393K->60393K(1103872K)
[20.516s][info][gc             ] GC(59) Pause Young (Normal) (G1 Evacuation Pause) 511M->171M(577M) 2.610ms
[20.516s][info][gc,cpu         ] GC(59) User=0.00s Sys=0.00s Real=0.01s
[20.805s][info][gc,task        ] GC(60) Using 1 workers of 1 for full compaction
[20.805s][info][gc,start       ] GC(60) Pause Full (System.gc())
[20.806s][info][gc,phases,start] GC(60) Phase 1: Mark live objects
[20.982s][info][gc,stringtable ] GC(60) Cleaned string and symbol table, strings: 21654 processed, 25 removed, symbols: 131780 processed, 0 removed
[20.982s][info][gc,phases      ] GC(60) Phase 1: Mark live objects 176.039ms
[20.982s][info][gc,phases,start] GC(60) Phase 2: Prepare for compaction
[21.014s][info][gc,phases      ] GC(60) Phase 2: Prepare for compaction 31.256ms
[21.014s][info][gc,phases,start] GC(60) Phase 3: Adjust pointers
[21.097s][info][gc,phases      ] GC(60) Phase 3: Adjust pointers 83.714ms
[21.098s][info][gc,phases,start] GC(60) Phase 4: Compact heap
[21.153s][info][gc,phases      ] GC(60) Phase 4: Compact heap 55.451ms
[21.156s][info][gc,heap        ] GC(60) Eden regions: 221->0(341)
[21.156s][info][gc,heap        ] GC(60) Survivor regions: 1->0(43)
[21.156s][info][gc,heap        ] GC(60) Old regions: 161->161
[21.156s][info][gc,heap        ] GC(60) Humongous regions: 17->12
[21.156s][info][gc,metaspace   ] GC(60) Metaspace: 60438K->60438K(1103872K)
[21.156s][info][gc             ] GC(60) Pause Full (System.gc()) 397M->171M(577M) 351.083ms
[21.156s][info][gc,cpu         ] GC(60) User=0.35s Sys=0.01s Real=0.36s
[21.886s][info][gc,start       ] GC(61) Pause Young (Normal) (G1 Evacuation Pause)
[21.886s][info][gc,task        ] GC(61) Using 1 workers of 1 for evacuation
[21.889s][info][gc,phases      ] GC(61)   Pre Evacuate Collection Set: 0.0ms
[21.889s][info][gc,phases      ] GC(61)   Evacuate Collection Set: 1.9ms
[21.889s][info][gc,phases      ] GC(61)   Post Evacuate Collection Set: 0.3ms
[21.889s][info][gc,phases      ] GC(61)   Other: 0.4ms
[21.889s][info][gc,heap        ] GC(61) Eden regions: 341->0(341)
[21.889s][info][gc,heap        ] GC(61) Survivor regions: 0->1(43)
[21.889s][info][gc,heap        ] GC(61) Old regions: 161->161
[21.889s][info][gc,heap        ] GC(61) Humongous regions: 22->12
[21.889s][info][gc,metaspace   ] GC(61) Metaspace: 60517K->60517K(1103872K)
[21.889s][info][gc             ] GC(61) Pause Young (Normal) (G1 Evacuation Pause) 522M->171M(577M) 2.823ms
[21.889s][info][gc,cpu         ] GC(61) User=0.00s Sys=0.00s Real=0.00s
[22.315s][info][gc,start       ] GC(62) Pause Young (Normal) (G1 Evacuation Pause)
[22.315s][info][gc,task        ] GC(62) Using 1 workers of 1 for evacuation
[22.317s][info][gc,phases      ] GC(62)   Pre Evacuate Collection Set: 0.0ms
[22.317s][info][gc,phases      ] GC(62)   Evacuate Collection Set: 1.7ms
[22.317s][info][gc,phases      ] GC(62)   Post Evacuate Collection Set: 0.4ms
[22.317s][info][gc,phases      ] GC(62)   Other: 0.3ms
[22.317s][info][gc,heap        ] GC(62) Eden regions: 341->0(341)
[22.317s][info][gc,heap        ] GC(62) Survivor regions: 1->1(43)
[22.317s][info][gc,heap        ] GC(62) Old regions: 161->161
[22.317s][info][gc,heap        ] GC(62) Humongous regions: 12->12
[22.317s][info][gc,metaspace   ] GC(62) Metaspace: 60540K->60540K(1103872K)
[22.317s][info][gc             ] GC(62) Pause Young (Normal) (G1 Evacuation Pause) 512M->171M(577M) 2.390ms
[22.317s][info][gc,cpu         ] GC(62) User=0.01s Sys=0.00s Real=0.00s
[22.574s][info][gc,start       ] GC(63) Pause Young (Normal) (G1 Evacuation Pause)
[22.575s][info][gc,task        ] GC(63) Using 1 workers of 1 for evacuation
[22.577s][info][gc,phases      ] GC(63)   Pre Evacuate Collection Set: 0.0ms
[22.577s][info][gc,phases      ] GC(63)   Evacuate Collection Set: 1.6ms
[22.577s][info][gc,phases      ] GC(63)   Post Evacuate Collection Set: 0.3ms
[22.577s][info][gc,phases      ] GC(63)   Other: 0.3ms
[22.577s][info][gc,heap        ] GC(63) Eden regions: 341->0(341)
[22.577s][info][gc,heap        ] GC(63) Survivor regions: 1->1(43)
[22.577s][info][gc,heap        ] GC(63) Old regions: 161->161
[22.577s][info][gc,heap        ] GC(63) Humongous regions: 12->12
[22.577s][info][gc,metaspace   ] GC(63) Metaspace: 60540K->60540K(1103872K)
[22.577s][info][gc             ] GC(63) Pause Young (Normal) (G1 Evacuation Pause) 512M->171M(577M) 2.308ms
[22.577s][info][gc,cpu         ] GC(63) User=0.01s Sys=0.00s Real=0.00s
[22.831s][info][gc,start       ] GC(64) Pause Young (Normal) (G1 Evacuation Pause)
[22.832s][info][gc,task        ] GC(64) Using 1 workers of 1 for evacuation
[22.834s][info][gc,phases      ] GC(64)   Pre Evacuate Collection Set: 0.0ms
[22.834s][info][gc,phases      ] GC(64)   Evacuate Collection Set: 1.7ms
[22.834s][info][gc,phases      ] GC(64)   Post Evacuate Collection Set: 0.4ms
[22.834s][info][gc,phases      ] GC(64)   Other: 0.3ms
[22.834s][info][gc,heap        ] GC(64) Eden regions: 341->0(342)
[22.834s][info][gc,heap        ] GC(64) Survivor regions: 1->1(43)
[22.834s][info][gc,heap        ] GC(64) Old regions: 161->161
[22.834s][info][gc,heap        ] GC(64) Humongous regions: 12->12
[22.834s][info][gc,metaspace   ] GC(64) Metaspace: 60540K->60540K(1103872K)
[22.834s][info][gc             ] GC(64) Pause Young (Normal) (G1 Evacuation Pause) 512M->171M(577M) 2.504ms
[22.834s][info][gc,cpu         ] GC(64) User=0.00s Sys=0.00s Real=0.01s
[23.204s][info][gc,start       ] GC(65) Pause Young (Normal) (G1 Evacuation Pause)
[23.204s][info][gc,task        ] GC(65) Using 1 workers of 1 for evacuation
[23.206s][info][gc,phases      ] GC(65)   Pre Evacuate Collection Set: 0.0ms
[23.206s][info][gc,phases      ] GC(65)   Evacuate Collection Set: 1.9ms
[23.206s][info][gc,phases      ] GC(65)   Post Evacuate Collection Set: 0.4ms
[23.206s][info][gc,phases      ] GC(65)   Other: 0.3ms
[23.206s][info][gc,heap        ] GC(65) Eden regions: 342->0(342)
[23.206s][info][gc,heap        ] GC(65) Survivor regions: 1->1(43)
[23.206s][info][gc,heap        ] GC(65) Old regions: 161->161
[23.206s][info][gc,heap        ] GC(65) Humongous regions: 12->12
[23.206s][info][gc,metaspace   ] GC(65) Metaspace: 60540K->60540K(1103872K)
[23.206s][info][gc             ] GC(65) Pause Young (Normal) (G1 Evacuation Pause) 513M->171M(577M) 2.615ms
[23.206s][info][gc,cpu         ] GC(65) User=0.00s Sys=0.00s Real=0.01s
[23.426s][info][gc,task        ] GC(66) Using 1 workers of 1 for full compaction
[23.426s][info][gc,start       ] GC(66) Pause Full (System.gc())
[23.427s][info][gc,phases,start] GC(66) Phase 1: Mark live objects
[23.627s][info][gc,stringtable ] GC(66) Cleaned string and symbol table, strings: 21680 processed, 22 removed, symbols: 131790 processed, 0 removed
[23.627s][info][gc,phases      ] GC(66) Phase 1: Mark live objects 199.873ms
[23.627s][info][gc,phases,start] GC(66) Phase 2: Prepare for compaction
[23.660s][info][gc,phases      ] GC(66) Phase 2: Prepare for compaction 32.771ms
[23.660s][info][gc,phases,start] GC(66) Phase 3: Adjust pointers
[23.744s][info][gc,phases      ] GC(66) Phase 3: Adjust pointers 84.425ms
[23.744s][info][gc,phases,start] GC(66) Phase 4: Compact heap
[23.800s][info][gc,phases      ] GC(66) Phase 4: Compact heap 55.364ms
[23.803s][info][gc,heap        ] GC(66) Eden regions: 204->0(343)
[23.804s][info][gc,heap        ] GC(66) Survivor regions: 1->0(43)
[23.804s][info][gc,heap        ] GC(66) Old regions: 161->161
[23.804s][info][gc,heap        ] GC(66) Humongous regions: 17->12
[23.804s][info][gc,metaspace   ] GC(66) Metaspace: 60582K->60582K(1103872K)
[23.804s][info][gc             ] GC(66) Pause Full (System.gc()) 380M->171M(577M) 377.171ms
[23.804s][info][gc,cpu         ] GC(66) User=0.38s Sys=0.00s Real=0.37s
[24.529s][info][gc,start       ] GC(67) Pause Young (Normal) (G1 Evacuation Pause)
[24.529s][info][gc,task        ] GC(67) Using 1 workers of 1 for evacuation
[24.531s][info][gc,phases      ] GC(67)   Pre Evacuate Collection Set: 0.0ms
[24.531s][info][gc,phases      ] GC(67)   Evacuate Collection Set: 1.8ms
[24.531s][info][gc,phases      ] GC(67)   Post Evacuate Collection Set: 0.4ms
[24.531s][info][gc,phases      ] GC(67)   Other: 0.4ms
[24.531s][info][gc,heap        ] GC(67) Eden regions: 343->0(342)
[24.531s][info][gc,heap        ] GC(67) Survivor regions: 0->1(43)
[24.531s][info][gc,heap        ] GC(67) Old regions: 161->161
[24.531s][info][gc,heap        ] GC(67) Humongous regions: 22->12
[24.531s][info][gc,metaspace   ] GC(67) Metaspace: 60651K->60651K(1103872K)
[24.531s][info][gc             ] GC(67) Pause Young (Normal) (G1 Evacuation Pause) 524M->171M(577M) 2.604ms
[24.531s][info][gc,cpu         ] GC(67) User=0.01s Sys=0.00s Real=0.00s
[24.947s][info][gc,start       ] GC(68) Pause Young (Normal) (G1 Evacuation Pause)
[24.947s][info][gc,task        ] GC(68) Using 1 workers of 1 for evacuation
[24.949s][info][gc,phases      ] GC(68)   Pre Evacuate Collection Set: 0.0ms
[24.949s][info][gc,phases      ] GC(68)   Evacuate Collection Set: 1.7ms
[24.949s][info][gc,phases      ] GC(68)   Post Evacuate Collection Set: 0.3ms
[24.949s][info][gc,phases      ] GC(68)   Other: 0.3ms
[24.949s][info][gc,heap        ] GC(68) Eden regions: 342->0(342)
[24.949s][info][gc,heap        ] GC(68) Survivor regions: 1->1(43)
[24.949s][info][gc,heap        ] GC(68) Old regions: 161->161
[24.949s][info][gc,heap        ] GC(68) Humongous regions: 12->12
[24.949s][info][gc,metaspace   ] GC(68) Metaspace: 60653K->60653K(1103872K)
[24.949s][info][gc             ] GC(68) Pause Young (Normal) (G1 Evacuation Pause) 513M->171M(577M) 2.505ms
[24.949s][info][gc,cpu         ] GC(68) User=0.00s Sys=0.00s Real=0.00s
[25.221s][info][gc,start       ] GC(69) Pause Young (Normal) (G1 Evacuation Pause)
[25.221s][info][gc,task        ] GC(69) Using 1 workers of 1 for evacuation
[25.223s][info][gc,phases      ] GC(69)   Pre Evacuate Collection Set: 0.0ms
[25.223s][info][gc,phases      ] GC(69)   Evacuate Collection Set: 1.7ms
[25.223s][info][gc,phases      ] GC(69)   Post Evacuate Collection Set: 0.3ms
[25.223s][info][gc,phases      ] GC(69)   Other: 0.3ms
[25.223s][info][gc,heap        ] GC(69) Eden regions: 342->0(343)
[25.223s][info][gc,heap        ] GC(69) Survivor regions: 1->1(43)
[25.223s][info][gc,heap        ] GC(69) Old regions: 161->161
[25.223s][info][gc,heap        ] GC(69) Humongous regions: 12->12
[25.223s][info][gc,metaspace   ] GC(69) Metaspace: 60653K->60653K(1103872K)
[25.223s][info][gc             ] GC(69) Pause Young (Normal) (G1 Evacuation Pause) 513M->171M(577M) 2.410ms
[25.223s][info][gc,cpu         ] GC(69) User=0.01s Sys=0.00s Real=0.00s
[25.472s][info][gc,start       ] GC(70) Pause Young (Normal) (G1 Evacuation Pause)
[25.472s][info][gc,task        ] GC(70) Using 1 workers of 1 for evacuation
[25.474s][info][gc,phases      ] GC(70)   Pre Evacuate Collection Set: 0.0ms
[25.474s][info][gc,phases      ] GC(70)   Evacuate Collection Set: 1.7ms
[25.474s][info][gc,phases      ] GC(70)   Post Evacuate Collection Set: 0.3ms
[25.474s][info][gc,phases      ] GC(70)   Other: 0.3ms
[25.474s][info][gc,heap        ] GC(70) Eden regions: 343->0(343)
[25.474s][info][gc,heap        ] GC(70) Survivor regions: 1->1(43)
[25.474s][info][gc,heap        ] GC(70) Old regions: 161->161
[25.474s][info][gc,heap        ] GC(70) Humongous regions: 12->12
[25.474s][info][gc,metaspace   ] GC(70) Metaspace: 60653K->60653K(1103872K)
[25.474s][info][gc             ] GC(70) Pause Young (Normal) (G1 Evacuation Pause) 514M->171M(577M) 2.426ms
[25.474s][info][gc,cpu         ] GC(70) User=0.01s Sys=0.00s Real=0.01s
[25.722s][info][gc,start       ] GC(71) Pause Young (Normal) (G1 Evacuation Pause)
[25.723s][info][gc,task        ] GC(71) Using 1 workers of 1 for evacuation
[25.727s][info][gc,phases      ] GC(71)   Pre Evacuate Collection Set: 0.1ms
[25.727s][info][gc,phases      ] GC(71)   Evacuate Collection Set: 3.3ms
[25.727s][info][gc,phases      ] GC(71)   Post Evacuate Collection Set: 0.8ms
[25.727s][info][gc,phases      ] GC(71)   Other: 1.3ms
[25.727s][info][gc,heap        ] GC(71) Eden regions: 343->0(343)
[25.727s][info][gc,heap        ] GC(71) Survivor regions: 1->1(43)
[25.727s][info][gc,heap        ] GC(71) Old regions: 161->161
[25.727s][info][gc,heap        ] GC(71) Humongous regions: 12->12
[25.727s][info][gc,metaspace   ] GC(71) Metaspace: 60653K->60653K(1103872K)
[25.727s][info][gc             ] GC(71) Pause Young (Normal) (G1 Evacuation Pause) 514M->171M(577M) 5.509ms
[25.727s][info][gc,cpu         ] GC(71) User=0.01s Sys=0.00s Real=0.01s
[26.078s][info][gc,task        ] GC(72) Using 1 workers of 1 for full compaction
[26.078s][info][gc,start       ] GC(72) Pause Full (System.gc())
[26.079s][info][gc,phases,start] GC(72) Phase 1: Mark live objects
[26.230s][info][gc,stringtable ] GC(72) Cleaned string and symbol table, strings: 21686 processed, 22 removed, symbols: 131790 processed, 0 removed
[26.231s][info][gc,phases      ] GC(72) Phase 1: Mark live objects 151.206ms
[26.231s][info][gc,phases,start] GC(72) Phase 2: Prepare for compaction
[26.262s][info][gc,phases      ] GC(72) Phase 2: Prepare for compaction 30.960ms
[26.262s][info][gc,phases,start] GC(72) Phase 3: Adjust pointers
[26.341s][info][gc,phases      ] GC(72) Phase 3: Adjust pointers 79.530ms
[26.341s][info][gc,phases,start] GC(72) Phase 4: Compact heap
[26.366s][info][gc,phases      ] GC(72) Phase 4: Compact heap 25.050ms
[26.370s][info][gc,heap        ] GC(72) Eden regions: 197->0(344)
[26.370s][info][gc,heap        ] GC(72) Survivor regions: 1->0(43)
[26.370s][info][gc,heap        ] GC(72) Old regions: 161->161
[26.370s][info][gc,heap        ] GC(72) Humongous regions: 17->12
[26.370s][info][gc,metaspace   ] GC(72) Metaspace: 60684K->60684K(1103872K)
[26.370s][info][gc             ] GC(72) Pause Full (System.gc()) 373M->171M(577M) 291.835ms
[26.370s][info][gc,cpu         ] GC(72) User=0.29s Sys=0.00s Real=0.29s
[26.769s][info][gc,start       ] GC(73) Pause Young (Normal) (G1 Evacuation Pause)
[26.769s][info][gc,task        ] GC(73) Using 1 workers of 1 for evacuation
[26.772s][info][gc,phases      ] GC(73)   Pre Evacuate Collection Set: 0.0ms
[26.772s][info][gc,phases      ] GC(73)   Evacuate Collection Set: 1.9ms
[26.772s][info][gc,phases      ] GC(73)   Post Evacuate Collection Set: 0.4ms
[26.772s][info][gc,phases      ] GC(73)   Other: 0.4ms
[26.772s][info][gc,heap        ] GC(73) Eden regions: 344->0(343)
[26.772s][info][gc,heap        ] GC(73) Survivor regions: 0->1(43)
[26.772s][info][gc,heap        ] GC(73) Old regions: 161->161
[26.772s][info][gc,heap        ] GC(73) Humongous regions: 22->12
[26.772s][info][gc,metaspace   ] GC(73) Metaspace: 60748K->60748K(1103872K)
[26.772s][info][gc             ] GC(73) Pause Young (Normal) (G1 Evacuation Pause) 525M->171M(577M) 2.777ms
[26.772s][info][gc,cpu         ] GC(73) User=0.00s Sys=0.00s Real=0.00s
[27.030s][info][gc,start       ] GC(74) Pause Young (Normal) (G1 Evacuation Pause)
[27.030s][info][gc,task        ] GC(74) Using 1 workers of 1 for evacuation
[27.033s][info][gc,phases      ] GC(74)   Pre Evacuate Collection Set: 0.0ms
[27.033s][info][gc,phases      ] GC(74)   Evacuate Collection Set: 2.0ms
[27.033s][info][gc,phases      ] GC(74)   Post Evacuate Collection Set: 0.4ms
[27.033s][info][gc,phases      ] GC(74)   Other: 0.3ms
[27.033s][info][gc,heap        ] GC(74) Eden regions: 343->0(343)
[27.033s][info][gc,heap        ] GC(74) Survivor regions: 1->1(43)
[27.033s][info][gc,heap        ] GC(74) Old regions: 161->161
[27.033s][info][gc,heap        ] GC(74) Humongous regions: 12->12
[27.033s][info][gc,metaspace   ] GC(74) Metaspace: 60749K->60749K(1103872K)
[27.033s][info][gc             ] GC(74) Pause Young (Normal) (G1 Evacuation Pause) 514M->171M(577M) 2.744ms
[27.033s][info][gc,cpu         ] GC(74) User=0.00s Sys=0.00s Real=0.00s
[27.340s][info][gc,start       ] GC(75) Pause Young (Normal) (G1 Evacuation Pause)
[27.340s][info][gc,task        ] GC(75) Using 1 workers of 1 for evacuation
[27.342s][info][gc,phases      ] GC(75)   Pre Evacuate Collection Set: 0.0ms
[27.342s][info][gc,phases      ] GC(75)   Evacuate Collection Set: 1.7ms
[27.342s][info][gc,phases      ] GC(75)   Post Evacuate Collection Set: 0.3ms
[27.342s][info][gc,phases      ] GC(75)   Other: 0.4ms
[27.342s][info][gc,heap        ] GC(75) Eden regions: 343->0(343)
[27.342s][info][gc,heap        ] GC(75) Survivor regions: 1->1(43)
[27.342s][info][gc,heap        ] GC(75) Old regions: 161->161
[27.342s][info][gc,heap        ] GC(75) Humongous regions: 12->12
[27.342s][info][gc,metaspace   ] GC(75) Metaspace: 60749K->60749K(1103872K)
[27.342s][info][gc             ] GC(75) Pause Young (Normal) (G1 Evacuation Pause) 514M->171M(577M) 2.536ms
[27.342s][info][gc,cpu         ] GC(75) User=0.00s Sys=0.00s Real=0.00s
[27.590s][info][gc,start       ] GC(76) Pause Young (Normal) (G1 Evacuation Pause)
[27.590s][info][gc,task        ] GC(76) Using 1 workers of 1 for evacuation
[27.592s][info][gc,phases      ] GC(76)   Pre Evacuate Collection Set: 0.0ms
[27.592s][info][gc,phases      ] GC(76)   Evacuate Collection Set: 1.8ms
[27.592s][info][gc,phases      ] GC(76)   Post Evacuate Collection Set: 0.3ms
[27.592s][info][gc,phases      ] GC(76)   Other: 0.3ms
[27.592s][info][gc,heap        ] GC(76) Eden regions: 343->0(343)
[27.592s][info][gc,heap        ] GC(76) Survivor regions: 1->1(43)
[27.592s][info][gc,heap        ] GC(76) Old regions: 161->161
[27.592s][info][gc,heap        ] GC(76) Humongous regions: 12->12
[27.592s][info][gc,metaspace   ] GC(76) Metaspace: 60749K->60749K(1103872K)
[27.592s][info][gc             ] GC(76) Pause Young (Normal) (G1 Evacuation Pause) 514M->171M(577M) 2.483ms
[27.592s][info][gc,cpu         ] GC(76) User=0.01s Sys=0.00s Real=0.00s
[27.861s][info][gc,start       ] GC(77) Pause Young (Normal) (G1 Evacuation Pause)
[27.861s][info][gc,task        ] GC(77) Using 1 workers of 1 for evacuation
[27.863s][info][gc,phases      ] GC(77)   Pre Evacuate Collection Set: 0.0ms
[27.863s][info][gc,phases      ] GC(77)   Evacuate Collection Set: 1.7ms
[27.863s][info][gc,phases      ] GC(77)   Post Evacuate Collection Set: 0.3ms
[27.863s][info][gc,phases      ] GC(77)   Other: 0.3ms
[27.863s][info][gc,heap        ] GC(77) Eden regions: 343->0(343)
[27.863s][info][gc,heap        ] GC(77) Survivor regions: 1->1(43)
[27.863s][info][gc,heap        ] GC(77) Old regions: 161->161
[27.863s][info][gc,heap        ] GC(77) Humongous regions: 12->12
[27.863s][info][gc,metaspace   ] GC(77) Metaspace: 60749K->60749K(1103872K)
[27.863s][info][gc             ] GC(77) Pause Young (Normal) (G1 Evacuation Pause) 514M->171M(577M) 2.479ms
[27.863s][info][gc,cpu         ] GC(77) User=0.01s Sys=0.00s Real=0.00s
[28.070s][info][gc,task        ] GC(78) Using 1 workers of 1 for full compaction
[28.071s][info][gc,start       ] GC(78) Pause Full (System.gc())
[28.071s][info][gc,phases,start] GC(78) Phase 1: Mark live objects
[28.224s][info][gc,stringtable ] GC(78) Cleaned string and symbol table, strings: 21733 processed, 22 removed, symbols: 131800 processed, 0 removed
[28.224s][info][gc,phases      ] GC(78) Phase 1: Mark live objects 152.320ms
[28.224s][info][gc,phases,start] GC(78) Phase 2: Prepare for compaction
[28.254s][info][gc,phases      ] GC(78) Phase 2: Prepare for compaction 30.730ms
[28.255s][info][gc,phases,start] GC(78) Phase 3: Adjust pointers
[28.339s][info][gc,phases      ] GC(78) Phase 3: Adjust pointers 84.703ms
[28.339s][info][gc,phases,start] GC(78) Phase 4: Compact heap
[28.396s][info][gc,phases      ] GC(78) Phase 4: Compact heap 56.851ms
[28.400s][info][gc,heap        ] GC(78) Eden regions: 194->0(344)
[28.400s][info][gc,heap        ] GC(78) Survivor regions: 1->0(43)
[28.400s][info][gc,heap        ] GC(78) Old regions: 161->161
[28.400s][info][gc,heap        ] GC(78) Humongous regions: 17->12
[28.400s][info][gc,metaspace   ] GC(78) Metaspace: 60773K->60773K(1103872K)
[28.400s][info][gc             ] GC(78) Pause Full (System.gc()) 370M->171M(577M) 329.372ms
[28.400s][info][gc,cpu         ] GC(78) User=0.33s Sys=0.00s Real=0.33s
[28.847s][info][gc,start       ] GC(79) Pause Young (Normal) (G1 Evacuation Pause)
[28.847s][info][gc,task        ] GC(79) Using 1 workers of 1 for evacuation
[28.850s][info][gc,phases      ] GC(79)   Pre Evacuate Collection Set: 0.0ms
[28.850s][info][gc,phases      ] GC(79)   Evacuate Collection Set: 2.1ms
[28.850s][info][gc,phases      ] GC(79)   Post Evacuate Collection Set: 0.4ms
[28.850s][info][gc,phases      ] GC(79)   Other: 0.3ms
[28.850s][info][gc,heap        ] GC(79) Eden regions: 344->0(343)
[28.850s][info][gc,heap        ] GC(79) Survivor regions: 0->1(43)
[28.850s][info][gc,heap        ] GC(79) Old regions: 161->161
[28.850s][info][gc,heap        ] GC(79) Humongous regions: 22->12
[28.850s][info][gc,metaspace   ] GC(79) Metaspace: 60880K->60880K(1103872K)
[28.850s][info][gc             ] GC(79) Pause Young (Normal) (G1 Evacuation Pause) 525M->172M(577M) 2.861ms
[28.850s][info][gc,cpu         ] GC(79) User=0.00s Sys=0.00s Real=0.00s
[29.112s][info][gc,start       ] GC(80) Pause Young (Normal) (G1 Evacuation Pause)
[29.112s][info][gc,task        ] GC(80) Using 1 workers of 1 for evacuation
[29.115s][info][gc,phases      ] GC(80)   Pre Evacuate Collection Set: 0.0ms
[29.115s][info][gc,phases      ] GC(80)   Evacuate Collection Set: 2.1ms
[29.115s][info][gc,phases      ] GC(80)   Post Evacuate Collection Set: 0.4ms
[29.115s][info][gc,phases      ] GC(80)   Other: 0.4ms
[29.115s][info][gc,heap        ] GC(80) Eden regions: 343->0(343)
[29.115s][info][gc,heap        ] GC(80) Survivor regions: 1->1(43)
[29.115s][info][gc,heap        ] GC(80) Old regions: 161->161
[29.115s][info][gc,heap        ] GC(80) Humongous regions: 12->12
[29.115s][info][gc,metaspace   ] GC(80) Metaspace: 60895K->60895K(1103872K)
[29.115s][info][gc             ] GC(80) Pause Young (Normal) (G1 Evacuation Pause) 515M->171M(577M) 2.915ms
[29.115s][info][gc,cpu         ] GC(80) User=0.00s Sys=0.00s Real=0.01s
[29.367s][info][gc,start       ] GC(81) Pause Young (Normal) (G1 Evacuation Pause)
[29.367s][info][gc,task        ] GC(81) Using 1 workers of 1 for evacuation
[29.369s][info][gc,phases      ] GC(81)   Pre Evacuate Collection Set: 0.0ms
[29.369s][info][gc,phases      ] GC(81)   Evacuate Collection Set: 2.0ms
[29.369s][info][gc,phases      ] GC(81)   Post Evacuate Collection Set: 0.3ms
[29.369s][info][gc,phases      ] GC(81)   Other: 0.3ms
[29.369s][info][gc,heap        ] GC(81) Eden regions: 343->0(343)
[29.369s][info][gc,heap        ] GC(81) Survivor regions: 1->1(43)
[29.369s][info][gc,heap        ] GC(81) Old regions: 161->161
[29.369s][info][gc,heap        ] GC(81) Humongous regions: 12->12
[29.369s][info][gc,metaspace   ] GC(81) Metaspace: 60895K->60895K(1103872K)
[29.369s][info][gc             ] GC(81) Pause Young (Normal) (G1 Evacuation Pause) 514M->172M(577M) 2.686ms
[29.370s][info][gc,cpu         ] GC(81) User=0.00s Sys=0.00s Real=0.00s
[29.615s][info][gc,start       ] GC(82) Pause Young (Normal) (G1 Evacuation Pause)
[29.615s][info][gc,task        ] GC(82) Using 1 workers of 1 for evacuation
[29.618s][info][gc,phases      ] GC(82)   Pre Evacuate Collection Set: 0.0ms
[29.618s][info][gc,phases      ] GC(82)   Evacuate Collection Set: 2.0ms
[29.618s][info][gc,phases      ] GC(82)   Post Evacuate Collection Set: 0.3ms
[29.618s][info][gc,phases      ] GC(82)   Other: 0.3ms
[29.618s][info][gc,heap        ] GC(82) Eden regions: 343->0(343)
[29.618s][info][gc,heap        ] GC(82) Survivor regions: 1->1(43)
[29.618s][info][gc,heap        ] GC(82) Old regions: 161->161
[29.618s][info][gc,heap        ] GC(82) Humongous regions: 12->12
[29.618s][info][gc,metaspace   ] GC(82) Metaspace: 60895K->60895K(1103872K)
[29.618s][info][gc             ] GC(82) Pause Young (Normal) (G1 Evacuation Pause) 515M->171M(577M) 2.698ms
[29.618s][info][gc,cpu         ] GC(82) User=0.01s Sys=0.00s Real=0.00s
[29.872s][info][gc,start       ] GC(83) Pause Young (Normal) (G1 Evacuation Pause)
[29.872s][info][gc,task        ] GC(83) Using 1 workers of 1 for evacuation
[29.875s][info][gc,phases      ] GC(83)   Pre Evacuate Collection Set: 0.0ms
[29.875s][info][gc,phases      ] GC(83)   Evacuate Collection Set: 2.0ms
[29.875s][info][gc,phases      ] GC(83)   Post Evacuate Collection Set: 0.3ms
[29.875s][info][gc,phases      ] GC(83)   Other: 0.4ms
[29.875s][info][gc,heap        ] GC(83) Eden regions: 343->0(343)
[29.875s][info][gc,heap        ] GC(83) Survivor regions: 1->1(43)
[29.875s][info][gc,heap        ] GC(83) Old regions: 161->161
[29.875s][info][gc,heap        ] GC(83) Humongous regions: 12->12
[29.875s][info][gc,metaspace   ] GC(83) Metaspace: 60895K->60895K(1103872K)
[29.875s][info][gc             ] GC(83) Pause Young (Normal) (G1 Evacuation Pause) 514M->171M(577M) 2.832ms
[29.875s][info][gc,cpu         ] GC(83) User=0.00s Sys=0.00s Real=0.01s
[30.092s][info][gc,task        ] GC(84) Using 1 workers of 1 for full compaction
[30.092s][info][gc,start       ] GC(84) Pause Full (System.gc())
[30.093s][info][gc,phases,start] GC(84) Phase 1: Mark live objects
[30.247s][info][gc,stringtable ] GC(84) Cleaned string and symbol table, strings: 21739 processed, 22 removed, symbols: 131819 processed, 0 removed
[30.247s][info][gc,phases      ] GC(84) Phase 1: Mark live objects 154.353ms
[30.247s][info][gc,phases,start] GC(84) Phase 2: Prepare for compaction
[30.279s][info][gc,phases      ] GC(84) Phase 2: Prepare for compaction 31.762ms
[30.279s][info][gc,phases,start] GC(84) Phase 3: Adjust pointers
[30.380s][info][gc,phases      ] GC(84) Phase 3: Adjust pointers 101.173ms
[30.380s][info][gc,phases,start] GC(84) Phase 4: Compact heap
[30.436s][info][gc,phases      ] GC(84) Phase 4: Compact heap 55.575ms
[30.440s][info][gc,heap        ] GC(84) Eden regions: 196->0(344)
[30.440s][info][gc,heap        ] GC(84) Survivor regions: 1->0(43)
[30.440s][info][gc,heap        ] GC(84) Old regions: 161->161
[30.440s][info][gc,heap        ] GC(84) Humongous regions: 17->12
[30.440s][info][gc,metaspace   ] GC(84) Metaspace: 60916K->60916K(1103872K)
[30.440s][info][gc             ] GC(84) Pause Full (System.gc()) 372M->171M(577M) 347.858ms
[30.440s][info][gc,cpu         ] GC(84) User=0.34s Sys=0.00s Real=0.35s
[31.127s][info][gc,start       ] GC(85) Pause Young (Normal) (G1 Evacuation Pause)
[31.127s][info][gc,task        ] GC(85) Using 1 workers of 1 for evacuation
[31.130s][info][gc,phases      ] GC(85)   Pre Evacuate Collection Set: 0.0ms
[31.130s][info][gc,phases      ] GC(85)   Evacuate Collection Set: 2.1ms
[31.130s][info][gc,phases      ] GC(85)   Post Evacuate Collection Set: 0.4ms
[31.130s][info][gc,phases      ] GC(85)   Other: 0.4ms
[31.130s][info][gc,heap        ] GC(85) Eden regions: 344->0(343)
[31.130s][info][gc,heap        ] GC(85) Survivor regions: 0->1(43)
[31.130s][info][gc,heap        ] GC(85) Old regions: 161->161
[31.130s][info][gc,heap        ] GC(85) Humongous regions: 22->12
[31.130s][info][gc,metaspace   ] GC(85) Metaspace: 60977K->60977K(1103872K)
[31.130s][info][gc             ] GC(85) Pause Young (Normal) (G1 Evacuation Pause) 525M->172M(577M) 2.945ms
[31.130s][info][gc,cpu         ] GC(85) User=0.01s Sys=0.00s Real=0.00s
[31.398s][info][gc,start       ] GC(86) Pause Young (Normal) (G1 Evacuation Pause)
[31.398s][info][gc,task        ] GC(86) Using 1 workers of 1 for evacuation
[31.401s][info][gc,phases      ] GC(86)   Pre Evacuate Collection Set: 0.0ms
[31.401s][info][gc,phases      ] GC(86)   Evacuate Collection Set: 1.9ms
[31.401s][info][gc,phases      ] GC(86)   Post Evacuate Collection Set: 0.3ms
[31.401s][info][gc,phases      ] GC(86)   Other: 0.4ms
[31.401s][info][gc,heap        ] GC(86) Eden regions: 343->0(343)
[31.401s][info][gc,heap        ] GC(86) Survivor regions: 1->1(43)
[31.401s][info][gc,heap        ] GC(86) Old regions: 161->161
[31.401s][info][gc,heap        ] GC(86) Humongous regions: 12->12
[31.401s][info][gc,metaspace   ] GC(86) Metaspace: 60979K->60979K(1103872K)
[31.401s][info][gc             ] GC(86) Pause Young (Normal) (G1 Evacuation Pause) 515M->172M(577M) 2.699ms
[31.401s][info][gc,cpu         ] GC(86) User=0.00s Sys=0.00s Real=0.00s
[31.651s][info][gc,start       ] GC(87) Pause Young (Normal) (G1 Evacuation Pause)
[31.651s][info][gc,task        ] GC(87) Using 1 workers of 1 for evacuation
[31.654s][info][gc,phases      ] GC(87)   Pre Evacuate Collection Set: 0.0ms
[31.654s][info][gc,phases      ] GC(87)   Evacuate Collection Set: 1.9ms
[31.654s][info][gc,phases      ] GC(87)   Post Evacuate Collection Set: 0.3ms
[31.654s][info][gc,phases      ] GC(87)   Other: 0.3ms
[31.654s][info][gc,heap        ] GC(87) Eden regions: 343->0(343)
[31.654s][info][gc,heap        ] GC(87) Survivor regions: 1->1(43)
[31.654s][info][gc,heap        ] GC(87) Old regions: 161->161
[31.654s][info][gc,heap        ] GC(87) Humongous regions: 12->12
[31.654s][info][gc,metaspace   ] GC(87) Metaspace: 60979K->60979K(1103872K)
[31.654s][info][gc             ] GC(87) Pause Young (Normal) (G1 Evacuation Pause) 515M->172M(577M) 2.642ms
[31.654s][info][gc,cpu         ] GC(87) User=0.01s Sys=0.00s Real=0.00s
[31.911s][info][gc,start       ] GC(88) Pause Young (Normal) (G1 Evacuation Pause)
[31.911s][info][gc,task        ] GC(88) Using 1 workers of 1 for evacuation
[31.913s][info][gc,phases      ] GC(88)   Pre Evacuate Collection Set: 0.0ms
[31.913s][info][gc,phases      ] GC(88)   Evacuate Collection Set: 2.1ms
[31.913s][info][gc,phases      ] GC(88)   Post Evacuate Collection Set: 0.4ms
[31.914s][info][gc,phases      ] GC(88)   Other: 0.3ms
[31.914s][info][gc,heap        ] GC(88) Eden regions: 343->0(343)
[31.914s][info][gc,heap        ] GC(88) Survivor regions: 1->1(43)
[31.914s][info][gc,heap        ] GC(88) Old regions: 161->161
[31.914s][info][gc,heap        ] GC(88) Humongous regions: 12->12
[31.914s][info][gc,metaspace   ] GC(88) Metaspace: 60979K->60979K(1103872K)
[31.914s][info][gc             ] GC(88) Pause Young (Normal) (G1 Evacuation Pause) 515M->172M(577M) 2.915ms
[31.914s][info][gc,cpu         ] GC(88) User=0.00s Sys=0.00s Real=0.00s
[32.164s][info][gc,start       ] GC(89) Pause Young (Normal) (G1 Evacuation Pause)
[32.164s][info][gc,task        ] GC(89) Using 1 workers of 1 for evacuation
[32.166s][info][gc,phases      ] GC(89)   Pre Evacuate Collection Set: 0.0ms
[32.167s][info][gc,phases      ] GC(89)   Evacuate Collection Set: 1.8ms
[32.167s][info][gc,phases      ] GC(89)   Post Evacuate Collection Set: 0.4ms
[32.167s][info][gc,phases      ] GC(89)   Other: 0.3ms
[32.167s][info][gc,heap        ] GC(89) Eden regions: 343->0(343)
[32.167s][info][gc,heap        ] GC(89) Survivor regions: 1->1(43)
[32.167s][info][gc,heap        ] GC(89) Old regions: 161->161
[32.167s][info][gc,heap        ] GC(89) Humongous regions: 12->12
[32.167s][info][gc,metaspace   ] GC(89) Metaspace: 60979K->60979K(1103872K)
[32.167s][info][gc             ] GC(89) Pause Young (Normal) (G1 Evacuation Pause) 515M->172M(577M) 2.589ms
[32.167s][info][gc,cpu         ] GC(89) User=0.00s Sys=0.00s Real=0.01s
[32.354s][info][gc,task        ] GC(90) Using 1 workers of 1 for full compaction
[32.354s][info][gc,start       ] GC(90) Pause Full (System.gc())
[32.355s][info][gc,phases,start] GC(90) Phase 1: Mark live objects
[32.515s][info][gc,stringtable ] GC(90) Cleaned string and symbol table, strings: 21746 processed, 22 removed, symbols: 131831 processed, 0 removed
[32.515s][info][gc,phases      ] GC(90) Phase 1: Mark live objects 159.696ms
[32.515s][info][gc,phases,start] GC(90) Phase 2: Prepare for compaction
[32.546s][info][gc,phases      ] GC(90) Phase 2: Prepare for compaction 30.767ms
[32.546s][info][gc,phases,start] GC(90) Phase 3: Adjust pointers
[32.632s][info][gc,phases      ] GC(90) Phase 3: Adjust pointers 86.312ms
[32.632s][info][gc,phases,start] GC(90) Phase 4: Compact heap
[32.688s][info][gc,phases      ] GC(90) Phase 4: Compact heap 55.854ms
[32.692s][info][gc,heap        ] GC(90) Eden regions: 194->0(344)
[32.692s][info][gc,heap        ] GC(90) Survivor regions: 1->0(43)
[32.692s][info][gc,heap        ] GC(90) Old regions: 161->161
[32.692s][info][gc,heap        ] GC(90) Humongous regions: 17->12
[32.692s][info][gc,metaspace   ] GC(90) Metaspace: 60995K->60995K(1103872K)
[32.692s][info][gc             ] GC(90) Pause Full (System.gc()) 370M->171M(577M) 337.662ms
[32.692s][info][gc,cpu         ] GC(90) User=0.34s Sys=0.00s Real=0.33s
[33.304s][info][gc,start       ] GC(91) Pause Young (Normal) (G1 Evacuation Pause)
[33.304s][info][gc,task        ] GC(91) Using 1 workers of 1 for evacuation
[33.306s][info][gc,phases      ] GC(91)   Pre Evacuate Collection Set: 0.0ms
[33.306s][info][gc,phases      ] GC(91)   Evacuate Collection Set: 2.0ms
[33.306s][info][gc,phases      ] GC(91)   Post Evacuate Collection Set: 0.3ms
[33.306s][info][gc,phases      ] GC(91)   Other: 0.5ms
[33.306s][info][gc,heap        ] GC(91) Eden regions: 344->0(343)
[33.306s][info][gc,heap        ] GC(91) Survivor regions: 0->1(43)
[33.306s][info][gc,heap        ] GC(91) Old regions: 161->161
[33.306s][info][gc,heap        ] GC(91) Humongous regions: 22->12
[33.306s][info][gc,metaspace   ] GC(91) Metaspace: 61036K->61036K(1103872K)
[33.306s][info][gc             ] GC(91) Pause Young (Normal) (G1 Evacuation Pause) 525M->172M(577M) 2.911ms
[33.306s][info][gc,cpu         ] GC(91) User=0.01s Sys=0.00s Real=0.01s
[33.655s][info][gc,start       ] GC(92) Pause Young (Normal) (G1 Evacuation Pause)
[33.655s][info][gc,task        ] GC(92) Using 1 workers of 1 for evacuation
[33.658s][info][gc,phases      ] GC(92)   Pre Evacuate Collection Set: 0.0ms
[33.658s][info][gc,phases      ] GC(92)   Evacuate Collection Set: 1.9ms
[33.658s][info][gc,phases      ] GC(92)   Post Evacuate Collection Set: 0.3ms
[33.658s][info][gc,phases      ] GC(92)   Other: 0.4ms
[33.658s][info][gc,heap        ] GC(92) Eden regions: 343->0(343)
[33.658s][info][gc,heap        ] GC(92) Survivor regions: 1->1(43)
[33.658s][info][gc,heap        ] GC(92) Old regions: 161->161
[33.658s][info][gc,heap        ] GC(92) Humongous regions: 12->12
[33.658s][info][gc,metaspace   ] GC(92) Metaspace: 61037K->61037K(1103872K)
[33.658s][info][gc             ] GC(92) Pause Young (Normal) (G1 Evacuation Pause) 515M->172M(577M) 2.636ms
[33.658s][info][gc,cpu         ] GC(92) User=0.00s Sys=0.00s Real=0.00s
[33.907s][info][gc,start       ] GC(93) Pause Young (Normal) (G1 Evacuation Pause)
[33.907s][info][gc,task        ] GC(93) Using 1 workers of 1 for evacuation
[33.910s][info][gc,phases      ] GC(93)   Pre Evacuate Collection Set: 0.0ms
[33.910s][info][gc,phases      ] GC(93)   Evacuate Collection Set: 1.8ms
[33.910s][info][gc,phases      ] GC(93)   Post Evacuate Collection Set: 0.3ms
[33.910s][info][gc,phases      ] GC(93)   Other: 0.5ms
[33.910s][info][gc,heap        ] GC(93) Eden regions: 343->0(343)
[33.910s][info][gc,heap        ] GC(93) Survivor regions: 1->1(43)
[33.910s][info][gc,heap        ] GC(93) Old regions: 161->161
[33.910s][info][gc,heap        ] GC(93) Humongous regions: 12->12
[33.910s][info][gc,metaspace   ] GC(93) Metaspace: 61037K->61037K(1103872K)
[33.910s][info][gc             ] GC(93) Pause Young (Normal) (G1 Evacuation Pause) 515M->172M(577M) 2.722ms
[33.910s][info][gc,cpu         ] GC(93) User=0.01s Sys=0.00s Real=0.00s
[34.162s][info][gc,start       ] GC(94) Pause Young (Normal) (G1 Evacuation Pause)
[34.162s][info][gc,task        ] GC(94) Using 1 workers of 1 for evacuation
[34.165s][info][gc,phases      ] GC(94)   Pre Evacuate Collection Set: 0.0ms
[34.165s][info][gc,phases      ] GC(94)   Evacuate Collection Set: 1.9ms
[34.165s][info][gc,phases      ] GC(94)   Post Evacuate Collection Set: 0.4ms
[34.165s][info][gc,phases      ] GC(94)   Other: 0.3ms
[34.165s][info][gc,heap        ] GC(94) Eden regions: 343->0(343)
[34.165s][info][gc,heap        ] GC(94) Survivor regions: 1->1(43)
[34.165s][info][gc,heap        ] GC(94) Old regions: 161->161
[34.165s][info][gc,heap        ] GC(94) Humongous regions: 12->12
[34.165s][info][gc,metaspace   ] GC(94) Metaspace: 61037K->61037K(1103872K)
[34.165s][info][gc             ] GC(94) Pause Young (Normal) (G1 Evacuation Pause) 515M->172M(577M) 2.656ms
[34.165s][info][gc,cpu         ] GC(94) User=0.00s Sys=0.00s Real=0.00s
[34.423s][info][gc,start       ] GC(95) Pause Young (Normal) (G1 Evacuation Pause)
[34.423s][info][gc,task        ] GC(95) Using 1 workers of 1 for evacuation
[34.425s][info][gc,phases      ] GC(95)   Pre Evacuate Collection Set: 0.0ms
[34.425s][info][gc,phases      ] GC(95)   Evacuate Collection Set: 1.8ms
[34.425s][info][gc,phases      ] GC(95)   Post Evacuate Collection Set: 0.3ms
[34.425s][info][gc,phases      ] GC(95)   Other: 0.3ms
[34.425s][info][gc,heap        ] GC(95) Eden regions: 343->0(343)
[34.425s][info][gc,heap        ] GC(95) Survivor regions: 1->1(43)
[34.425s][info][gc,heap        ] GC(95) Old regions: 161->161
[34.425s][info][gc,heap        ] GC(95) Humongous regions: 12->12
[34.425s][info][gc,metaspace   ] GC(95) Metaspace: 61037K->61037K(1103872K)
[34.425s][info][gc             ] GC(95) Pause Young (Normal) (G1 Evacuation Pause) 515M->172M(577M) 2.581ms
[34.425s][info][gc,cpu         ] GC(95) User=0.00s Sys=0.00s Real=0.00s
[34.618s][info][gc,task        ] GC(96) Using 1 workers of 1 for full compaction
[34.619s][info][gc,start       ] GC(96) Pause Full (System.gc())
[34.620s][info][gc,phases,start] GC(96) Phase 1: Mark live objects
[34.814s][info][gc,stringtable ] GC(96) Cleaned string and symbol table, strings: 21748 processed, 22 removed, symbols: 131831 processed, 0 removed
[34.814s][info][gc,phases      ] GC(96) Phase 1: Mark live objects 194.020ms
[34.814s][info][gc,phases,start] GC(96) Phase 2: Prepare for compaction
[34.845s][info][gc,phases      ] GC(96) Phase 2: Prepare for compaction 31.640ms
[34.845s][info][gc,phases,start] GC(96) Phase 3: Adjust pointers
[34.935s][info][gc,phases      ] GC(96) Phase 3: Adjust pointers 89.376ms
[34.935s][info][gc,phases,start] GC(96) Phase 4: Compact heap
[34.960s][info][gc,phases      ] GC(96) Phase 4: Compact heap 25.308ms
[34.964s][info][gc,heap        ] GC(96) Eden regions: 193->0(344)
[34.964s][info][gc,heap        ] GC(96) Survivor regions: 1->0(43)
[34.964s][info][gc,heap        ] GC(96) Old regions: 161->161
[34.964s][info][gc,heap        ] GC(96) Humongous regions: 17->12
[34.964s][info][gc,metaspace   ] GC(96) Metaspace: 61047K->61047K(1103872K)
[34.964s][info][gc             ] GC(96) Pause Full (System.gc()) 369M->171M(577M) 345.607ms
[34.964s][info][gc,cpu         ] GC(96) User=0.35s Sys=0.00s Real=0.34s
[35.452s][info][gc,start       ] GC(97) Pause Young (Normal) (G1 Evacuation Pause)
[35.452s][info][gc,task        ] GC(97) Using 1 workers of 1 for evacuation
[35.455s][info][gc,phases      ] GC(97)   Pre Evacuate Collection Set: 0.0ms
[35.455s][info][gc,phases      ] GC(97)   Evacuate Collection Set: 2.1ms
[35.455s][info][gc,phases      ] GC(97)   Post Evacuate Collection Set: 0.4ms
[35.455s][info][gc,phases      ] GC(97)   Other: 0.5ms
[35.455s][info][gc,heap        ] GC(97) Eden regions: 344->0(343)
[35.455s][info][gc,heap        ] GC(97) Survivor regions: 0->1(43)
[35.455s][info][gc,heap        ] GC(97) Old regions: 161->161
[35.455s][info][gc,heap        ] GC(97) Humongous regions: 22->12
[35.455s][info][gc,metaspace   ] GC(97) Metaspace: 61077K->61077K(1103872K)
[35.455s][info][gc             ] GC(97) Pause Young (Normal) (G1 Evacuation Pause) 525M->172M(577M) 3.111ms
[35.455s][info][gc,cpu         ] GC(97) User=0.00s Sys=0.00s Real=0.01s
[35.709s][info][gc,start       ] GC(98) Pause Young (Normal) (G1 Evacuation Pause)
[35.709s][info][gc,task        ] GC(98) Using 1 workers of 1 for evacuation
[35.711s][info][gc,phases      ] GC(98)   Pre Evacuate Collection Set: 0.0ms
[35.711s][info][gc,phases      ] GC(98)   Evacuate Collection Set: 1.9ms
[35.711s][info][gc,phases      ] GC(98)   Post Evacuate Collection Set: 0.3ms
[35.711s][info][gc,phases      ] GC(98)   Other: 0.4ms
[35.711s][info][gc,heap        ] GC(98) Eden regions: 343->0(343)
[35.711s][info][gc,heap        ] GC(98) Survivor regions: 1->1(43)
[35.711s][info][gc,heap        ] GC(98) Old regions: 161->161
[35.711s][info][gc,heap        ] GC(98) Humongous regions: 12->12
[35.711s][info][gc,metaspace   ] GC(98) Metaspace: 61079K->61079K(1103872K)
[35.711s][info][gc             ] GC(98) Pause Young (Normal) (G1 Evacuation Pause) 515M->172M(577M) 2.662ms
[35.711s][info][gc,cpu         ] GC(98) User=0.00s Sys=0.00s Real=0.00s
[35.963s][info][gc,start       ] GC(99) Pause Young (Normal) (G1 Evacuation Pause)
[35.963s][info][gc,task        ] GC(99) Using 1 workers of 1 for evacuation
[35.966s][info][gc,phases      ] GC(99)   Pre Evacuate Collection Set: 0.0ms
[35.966s][info][gc,phases      ] GC(99)   Evacuate Collection Set: 2.0ms
[35.966s][info][gc,phases      ] GC(99)   Post Evacuate Collection Set: 0.3ms
[35.966s][info][gc,phases      ] GC(99)   Other: 0.8ms
[35.966s][info][gc,heap        ] GC(99) Eden regions: 343->0(343)
[35.966s][info][gc,heap        ] GC(99) Survivor regions: 1->1(43)
[35.966s][info][gc,heap        ] GC(99) Old regions: 161->161
[35.966s][info][gc,heap        ] GC(99) Humongous regions: 12->12
[35.966s][info][gc,metaspace   ] GC(99) Metaspace: 61079K->61079K(1103872K)
[35.966s][info][gc             ] GC(99) Pause Young (Normal) (G1 Evacuation Pause) 515M->172M(577M) 3.231ms
[35.966s][info][gc,cpu         ] GC(99) User=0.00s Sys=0.00s Real=0.01s
[36.228s][info][gc,start       ] GC(100) Pause Young (Normal) (G1 Evacuation Pause)
[36.228s][info][gc,task        ] GC(100) Using 1 workers of 1 for evacuation
[36.231s][info][gc,phases      ] GC(100)   Pre Evacuate Collection Set: 0.0ms
[36.231s][info][gc,phases      ] GC(100)   Evacuate Collection Set: 1.9ms
[36.231s][info][gc,phases      ] GC(100)   Post Evacuate Collection Set: 0.3ms
[36.231s][info][gc,phases      ] GC(100)   Other: 0.4ms
[36.231s][info][gc,heap        ] GC(100) Eden regions: 343->0(343)
[36.231s][info][gc,heap        ] GC(100) Survivor regions: 1->1(43)
[36.231s][info][gc,heap        ] GC(100) Old regions: 161->161
[36.231s][info][gc,heap        ] GC(100) Humongous regions: 12->12
[36.231s][info][gc,metaspace   ] GC(100) Metaspace: 61079K->61079K(1103872K)
[36.231s][info][gc             ] GC(100) Pause Young (Normal) (G1 Evacuation Pause) 515M->172M(577M) 2.699ms
[36.231s][info][gc,cpu         ] GC(100) User=0.01s Sys=0.00s Real=0.00s
[36.477s][info][gc,start       ] GC(101) Pause Young (Normal) (G1 Evacuation Pause)
[36.478s][info][gc,task        ] GC(101) Using 1 workers of 1 for evacuation
[36.480s][info][gc,phases      ] GC(101)   Pre Evacuate Collection Set: 0.0ms
[36.480s][info][gc,phases      ] GC(101)   Evacuate Collection Set: 1.9ms
[36.480s][info][gc,phases      ] GC(101)   Post Evacuate Collection Set: 0.4ms
[36.480s][info][gc,phases      ] GC(101)   Other: 0.3ms
[36.480s][info][gc,heap        ] GC(101) Eden regions: 343->0(343)
[36.480s][info][gc,heap        ] GC(101) Survivor regions: 1->1(43)
[36.480s][info][gc,heap        ] GC(101) Old regions: 161->161
[36.480s][info][gc,heap        ] GC(101) Humongous regions: 12->12
[36.480s][info][gc,metaspace   ] GC(101) Metaspace: 61079K->61079K(1103872K)
[36.480s][info][gc             ] GC(101) Pause Young (Normal) (G1 Evacuation Pause) 515M->172M(577M) 2.654ms
[36.480s][info][gc,cpu         ] GC(101) User=0.00s Sys=0.00s Real=0.00s
[36.825s][info][gc,heap,exit   ] Heap
[36.825s][info][gc,heap,exit   ]  garbage-first heap   total 590848K, used 418930K [0x00000000c1800000, 0x0000000100000000)
[36.825s][info][gc,heap,exit   ]   region size 1024K, 234 young (239616K), 1 survivors (1024K)
[36.825s][info][gc,heap,exit   ]  Metaspace       used 61636K, capacity 65334K, committed 65436K, reserved 1103872K
[36.825s][info][gc,heap,exit   ]   class space    used 8725K, capacity 10561K, committed 10572K, reserved 1048576K
