[0.003s][info][gc,heap] Heap region size: 1M
[0.005s][info][gc     ] Using G1
[0.005s][info][gc,heap,coops] Heap address: 0x00000000e0c00000, size: 500 MB, Compressed Oops mode: 32-bit
[0.565s][info][gc,start     ] GC(0) Pause Young (Normal) (G1 Evacuation Pause)
[0.565s][info][gc,task      ] GC(0) Using 1 workers of 1 for evacuation
[0.571s][info][gc,phases    ] GC(0)   Pre Evacuate Collection Set: 0.0ms
[0.571s][info][gc,phases    ] GC(0)   Evacuate Collection Set: 4.7ms
[0.571s][info][gc,phases    ] GC(0)   Post Evacuate Collection Set: 0.9ms
[0.571s][info][gc,phases    ] GC(0)   Other: 0.2ms
[0.571s][info][gc,heap      ] GC(0) Eden regions: 6->0(5)
[0.571s][info][gc,heap      ] GC(0) Survivor regions: 0->1(1)
[0.571s][info][gc,heap      ] GC(0) Old regions: 0->2
[0.571s][info][gc,heap      ] GC(0) Humongous regions: 0->0
[0.571s][info][gc,metaspace ] GC(0) Metaspace: 2154K->2154K(1056768K)
[0.571s][info][gc           ] GC(0) Pause Young (Normal) (G1 Evacuation Pause) 6M->2M(126M) 5.846ms
[0.571s][info][gc,cpu       ] GC(0) User=0.00s Sys=0.00s Real=0.00s
[0.731s][info][gc,start     ] GC(1) Pause Young (Normal) (G1 Evacuation Pause)
[0.731s][info][gc,task      ] GC(1) Using 1 workers of 1 for evacuation
[0.733s][info][gc,phases    ] GC(1)   Pre Evacuate Collection Set: 0.0ms
[0.733s][info][gc,phases    ] GC(1)   Evacuate Collection Set: 2.3ms
[0.733s][info][gc,phases    ] GC(1)   Post Evacuate Collection Set: 0.1ms
[0.733s][info][gc,phases    ] GC(1)   Other: 0.1ms
[0.733s][info][gc,heap      ] GC(1) Eden regions: 5->0(6)
[0.733s][info][gc,heap      ] GC(1) Survivor regions: 1->1(1)
[0.733s][info][gc,heap      ] GC(1) Old regions: 2->3
[0.733s][info][gc,heap      ] GC(1) Humongous regions: 0->0
[0.733s][info][gc,metaspace ] GC(1) Metaspace: 4302K->4302K(1056768K)
[0.733s][info][gc           ] GC(1) Pause Young (Normal) (G1 Evacuation Pause) 7M->2M(126M) 2.576ms
[0.733s][info][gc,cpu       ] GC(1) User=0.00s Sys=0.00s Real=0.01s
[0.951s][info][gc,start     ] GC(2) Pause Young (Normal) (G1 Evacuation Pause)
[0.951s][info][gc,task      ] GC(2) Using 1 workers of 1 for evacuation
[0.953s][info][gc,phases    ] GC(2)   Pre Evacuate Collection Set: 0.0ms
[0.953s][info][gc,phases    ] GC(2)   Evacuate Collection Set: 1.5ms
[0.953s][info][gc,phases    ] GC(2)   Post Evacuate Collection Set: 0.0ms
[0.953s][info][gc,phases    ] GC(2)   Other: 0.2ms
[0.953s][info][gc,heap      ] GC(2) Eden regions: 6->0(13)
[0.953s][info][gc,heap      ] GC(2) Survivor regions: 1->1(1)
[0.953s][info][gc,heap      ] GC(2) Old regions: 3->3
[0.953s][info][gc,heap      ] GC(2) Humongous regions: 0->0
[0.953s][info][gc,metaspace ] GC(2) Metaspace: 6628K->6628K(1058816K)
[0.953s][info][gc           ] GC(2) Pause Young (Normal) (G1 Evacuation Pause) 8M->2M(126M) 1.878ms
[0.953s][info][gc,cpu       ] GC(2) User=0.00s Sys=0.00s Real=0.01s
[2.610s][info][gc,start     ] GC(3) Pause Young (Normal) (G1 Evacuation Pause)
[2.610s][info][gc,task      ] GC(3) Using 1 workers of 1 for evacuation
[2.614s][info][gc,phases    ] GC(3)   Pre Evacuate Collection Set: 0.0ms
[2.614s][info][gc,phases    ] GC(3)   Evacuate Collection Set: 3.2ms
[2.614s][info][gc,phases    ] GC(3)   Post Evacuate Collection Set: 0.1ms
[2.614s][info][gc,phases    ] GC(3)   Other: 0.3ms
[2.614s][info][gc,heap      ] GC(3) Eden regions: 13->0(18)
[2.614s][info][gc,heap      ] GC(3) Survivor regions: 1->2(2)
[2.614s][info][gc,heap      ] GC(3) Old regions: 3->3
[2.614s][info][gc,heap      ] GC(3) Humongous regions: 0->0
[2.614s][info][gc,metaspace ] GC(3) Metaspace: 8491K->8491K(1058816K)
[2.614s][info][gc           ] GC(3) Pause Young (Normal) (G1 Evacuation Pause) 15M->4M(126M) 3.786ms
[2.614s][info][gc,cpu       ] GC(3) User=0.00s Sys=0.00s Real=0.01s
[2.945s][info][gc,start     ] GC(4) Pause Young (Normal) (G1 Evacuation Pause)
[2.945s][info][gc,task      ] GC(4) Using 1 workers of 1 for evacuation
[2.952s][info][gc,phases    ] GC(4)   Pre Evacuate Collection Set: 0.0ms
[2.952s][info][gc,phases    ] GC(4)   Evacuate Collection Set: 6.2ms
[2.952s][info][gc,phases    ] GC(4)   Post Evacuate Collection Set: 0.1ms
[2.952s][info][gc,phases    ] GC(4)   Other: 0.2ms
[2.952s][info][gc,heap      ] GC(4) Eden regions: 18->0(20)
[2.952s][info][gc,heap      ] GC(4) Survivor regions: 2->3(3)
[2.952s][info][gc,heap      ] GC(4) Old regions: 3->9
[2.952s][info][gc,heap      ] GC(4) Humongous regions: 6->6
[2.952s][info][gc,metaspace ] GC(4) Metaspace: 12188K->12188K(1060864K)
[2.952s][info][gc           ] GC(4) Pause Young (Normal) (G1 Evacuation Pause) 27M->17M(126M) 6.652ms
[2.952s][info][gc,cpu       ] GC(4) User=0.01s Sys=0.01s Real=0.00s
[3.727s][info][gc,start     ] GC(5) Pause Young (Normal) (G1 Evacuation Pause)
[3.727s][info][gc,task      ] GC(5) Using 1 workers of 1 for evacuation
[3.734s][info][gc,phases    ] GC(5)   Pre Evacuate Collection Set: 0.0ms
[3.734s][info][gc,phases    ] GC(5)   Evacuate Collection Set: 6.2ms
[3.734s][info][gc,phases    ] GC(5)   Post Evacuate Collection Set: 0.2ms
[3.734s][info][gc,phases    ] GC(5)   Other: 0.2ms
[3.734s][info][gc,heap      ] GC(5) Eden regions: 20->0(23)
[3.734s][info][gc,heap      ] GC(5) Survivor regions: 3->3(3)
[3.734s][info][gc,heap      ] GC(5) Old regions: 9->12
[3.734s][info][gc,heap      ] GC(5) Humongous regions: 6->6
[3.734s][info][gc,metaspace ] GC(5) Metaspace: 18306K->18306K(1067008K)
[3.734s][info][gc           ] GC(5) Pause Young (Normal) (G1 Evacuation Pause) 37M->20M(126M) 6.758ms
[3.734s][info][gc,cpu       ] GC(5) User=0.00s Sys=0.00s Real=0.01s
[3.943s][info][gc,start     ] GC(6) Pause Young (Concurrent Start) (Metadata GC Threshold)
[3.943s][info][gc,task      ] GC(6) Using 1 workers of 1 for evacuation
[3.950s][info][gc,phases    ] GC(6)   Pre Evacuate Collection Set: 0.1ms
[3.950s][info][gc,phases    ] GC(6)   Evacuate Collection Set: 4.5ms
[3.950s][info][gc,phases    ] GC(6)   Post Evacuate Collection Set: 1.9ms
[3.950s][info][gc,phases    ] GC(6)   Other: 0.2ms
[3.950s][info][gc,heap      ] GC(6) Eden regions: 7->0(26)
[3.950s][info][gc,heap      ] GC(6) Survivor regions: 3->1(4)
[3.950s][info][gc,heap      ] GC(6) Old regions: 12->14
[3.950s][info][gc,heap      ] GC(6) Humongous regions: 6->6
[3.950s][info][gc,metaspace ] GC(6) Metaspace: 20162K->20162K(1067008K)
[3.950s][info][gc           ] GC(6) Pause Young (Concurrent Start) (Metadata GC Threshold) 27M->20M(126M) 6.715ms
[3.950s][info][gc,cpu       ] GC(6) User=0.01s Sys=0.00s Real=0.01s
[3.950s][info][gc           ] GC(7) Concurrent Cycle
[3.950s][info][gc,marking   ] GC(7) Concurrent Clear Claimed Marks
[3.950s][info][gc,marking   ] GC(7) Concurrent Clear Claimed Marks 0.049ms
[3.950s][info][gc,marking   ] GC(7) Concurrent Scan Root Regions
[3.950s][info][gc,marking   ] GC(7) Concurrent Scan Root Regions 0.296ms
[3.950s][info][gc,marking   ] GC(7) Concurrent Mark (3.950s)
[3.950s][info][gc,marking   ] GC(7) Concurrent Mark From Roots
[3.950s][info][gc,task      ] GC(7) Using 1 workers of 1 for marking
[3.970s][info][gc,marking   ] GC(7) Concurrent Mark From Roots 20.061ms
[3.970s][info][gc,marking   ] GC(7) Concurrent Preclean
[3.970s][info][gc,marking   ] GC(7) Concurrent Preclean 0.041ms
[3.970s][info][gc,marking   ] GC(7) Concurrent Mark (3.950s, 3.970s) 20.149ms
[3.970s][info][gc,start     ] GC(7) Pause Remark
[3.974s][info][gc,stringtable] GC(7) Cleaned string and symbol table, strings: 7923 processed, 7 removed, symbols: 40182 processed, 43 removed
[3.974s][info][gc            ] GC(7) Pause Remark 20M->20M(126M) 3.799ms
[3.974s][info][gc,cpu        ] GC(7) User=0.00s Sys=0.00s Real=0.01s
[3.974s][info][gc,marking    ] GC(7) Concurrent Rebuild Remembered Sets
[3.988s][info][gc,marking    ] GC(7) Concurrent Rebuild Remembered Sets 13.444ms
[3.988s][info][gc,start      ] GC(7) Pause Cleanup
[3.988s][info][gc            ] GC(7) Pause Cleanup 20M->20M(126M) 0.038ms
[3.988s][info][gc,cpu        ] GC(7) User=0.00s Sys=0.00s Real=0.00s
[3.988s][info][gc,marking    ] GC(7) Concurrent Cleanup for Next Mark
[3.998s][info][gc,marking    ] GC(7) Concurrent Cleanup for Next Mark 10.463ms
[3.998s][info][gc            ] GC(7) Concurrent Cycle 48.495ms
[4.733s][info][gc,start      ] GC(8) Pause Young (Normal) (G1 Evacuation Pause)
[4.733s][info][gc,task       ] GC(8) Using 1 workers of 1 for evacuation
[4.741s][info][gc,phases     ] GC(8)   Pre Evacuate Collection Set: 0.0ms
[4.741s][info][gc,phases     ] GC(8)   Evacuate Collection Set: 6.2ms
[4.741s][info][gc,phases     ] GC(8)   Post Evacuate Collection Set: 1.6ms
[4.741s][info][gc,phases     ] GC(8)   Other: 0.3ms
[4.741s][info][gc,heap       ] GC(8) Eden regions: 27->0(48)
[4.741s][info][gc,heap       ] GC(8) Survivor regions: 1->2(4)
[4.741s][info][gc,heap       ] GC(8) Old regions: 14->14
[4.741s][info][gc,heap       ] GC(8) Humongous regions: 6->6
[4.741s][info][gc,metaspace  ] GC(8) Metaspace: 26164K->26164K(1073152K)
[4.741s][info][gc            ] GC(8) Pause Young (Normal) (G1 Evacuation Pause) 47M->21M(126M) 8.125ms
[4.741s][info][gc,cpu        ] GC(8) User=0.01s Sys=0.00s Real=0.00s
[5.809s][info][gc,start      ] GC(9) Pause Young (Concurrent Start) (Metadata GC Threshold)
[5.810s][info][gc,task       ] GC(9) Using 1 workers of 1 for evacuation
[5.821s][info][gc,phases     ] GC(9)   Pre Evacuate Collection Set: 0.1ms
[5.821s][info][gc,phases     ] GC(9)   Evacuate Collection Set: 10.9ms
[5.821s][info][gc,phases     ] GC(9)   Post Evacuate Collection Set: 0.3ms
[5.821s][info][gc,phases     ] GC(9)   Other: 0.6ms
[5.821s][info][gc,heap       ] GC(9) Eden regions: 40->0(50)
[5.821s][info][gc,heap       ] GC(9) Survivor regions: 2->4(7)
[5.821s][info][gc,heap       ] GC(9) Old regions: 14->14
[5.821s][info][gc,heap       ] GC(9) Humongous regions: 6->6
[5.821s][info][gc,metaspace  ] GC(9) Metaspace: 34538K->34538K(1079296K)
[5.821s][info][gc            ] GC(9) Pause Young (Concurrent Start) (Metadata GC Threshold) 61M->23M(126M) 12.093ms
[5.821s][info][gc,cpu        ] GC(9) User=0.01s Sys=0.00s Real=0.01s
[5.822s][info][gc            ] GC(10) Concurrent Cycle
[5.822s][info][gc,marking    ] GC(10) Concurrent Clear Claimed Marks
[5.822s][info][gc,marking    ] GC(10) Concurrent Clear Claimed Marks 0.095ms
[5.822s][info][gc,marking    ] GC(10) Concurrent Scan Root Regions
[5.833s][info][gc,marking    ] GC(10) Concurrent Scan Root Regions 11.585ms
[5.833s][info][gc,marking    ] GC(10) Concurrent Mark (5.833s)
[5.833s][info][gc,marking    ] GC(10) Concurrent Mark From Roots
[5.833s][info][gc,task       ] GC(10) Using 1 workers of 1 for marking
[5.872s][info][gc,marking    ] GC(10) Concurrent Mark From Roots 38.472ms
[5.872s][info][gc,marking    ] GC(10) Concurrent Preclean
[5.872s][info][gc,marking    ] GC(10) Concurrent Preclean 0.021ms
[5.872s][info][gc,marking    ] GC(10) Concurrent Mark (5.833s, 5.872s) 38.547ms
[5.872s][info][gc,start      ] GC(10) Pause Remark
[5.878s][info][gc,stringtable] GC(10) Cleaned string and symbol table, strings: 13676 processed, 18 removed, symbols: 80104 processed, 44 removed
[5.878s][info][gc            ] GC(10) Pause Remark 24M->24M(126M) 6.416ms
[5.878s][info][gc,cpu        ] GC(10) User=0.00s Sys=0.00s Real=0.00s
[5.878s][info][gc,marking    ] GC(10) Concurrent Rebuild Remembered Sets
[5.901s][info][gc,marking    ] GC(10) Concurrent Rebuild Remembered Sets 22.429ms
[5.901s][info][gc,start      ] GC(10) Pause Cleanup
[5.901s][info][gc            ] GC(10) Pause Cleanup 25M->25M(126M) 0.037ms
[5.901s][info][gc,cpu        ] GC(10) User=0.00s Sys=0.00s Real=0.00s
[5.901s][info][gc,marking    ] GC(10) Concurrent Cleanup for Next Mark
[5.901s][info][gc,marking    ] GC(10) Concurrent Cleanup for Next Mark 0.393ms
[5.902s][info][gc            ] GC(10) Concurrent Cycle 79.958ms
[6.935s][info][gc,start      ] GC(11) Pause Young (Concurrent Start) (G1 Evacuation Pause)
[6.936s][info][gc,task       ] GC(11) Using 1 workers of 1 for evacuation
[6.953s][info][gc,phases     ] GC(11)   Pre Evacuate Collection Set: 0.1ms
[6.953s][info][gc,phases     ] GC(11)   Evacuate Collection Set: 16.7ms
[6.953s][info][gc,phases     ] GC(11)   Post Evacuate Collection Set: 0.4ms
[6.953s][info][gc,phases     ] GC(11)   Other: 0.3ms
[6.953s][info][gc,heap       ] GC(11) Eden regions: 50->0(55)
[6.953s][info][gc,heap       ] GC(11) Survivor regions: 4->6(7)
[6.953s][info][gc,heap       ] GC(11) Old regions: 14->16
[6.953s][info][gc,heap       ] GC(11) Humongous regions: 6->6
[6.953s][info][gc,metaspace  ] GC(11) Metaspace: 42872K->42872K(1087488K)
[6.953s][info][gc            ] GC(11) Pause Young (Concurrent Start) (G1 Evacuation Pause) 73M->27M(126M) 17.608ms
[6.953s][info][gc,cpu        ] GC(11) User=0.01s Sys=0.01s Real=0.02s
[6.953s][info][gc            ] GC(12) Concurrent Cycle
[6.953s][info][gc,marking    ] GC(12) Concurrent Clear Claimed Marks
[6.953s][info][gc,marking    ] GC(12) Concurrent Clear Claimed Marks 0.130ms
[6.953s][info][gc,marking    ] GC(12) Concurrent Scan Root Regions
[6.969s][info][gc,marking    ] GC(12) Concurrent Scan Root Regions 15.434ms
[6.969s][info][gc,marking    ] GC(12) Concurrent Mark (6.969s)
[6.969s][info][gc,marking    ] GC(12) Concurrent Mark From Roots
[6.969s][info][gc,task       ] GC(12) Using 1 workers of 1 for marking
[6.991s][info][gc,marking    ] GC(12) Concurrent Mark From Roots 21.863ms
[6.991s][info][gc,marking    ] GC(12) Concurrent Preclean
[6.991s][info][gc,marking    ] GC(12) Concurrent Preclean 0.043ms
[6.991s][info][gc,marking    ] GC(12) Concurrent Mark (6.969s, 6.991s) 21.962ms
[6.993s][info][gc,start      ] GC(12) Pause Remark
[7.002s][info][gc,stringtable] GC(12) Cleaned string and symbol table, strings: 16294 processed, 0 removed, symbols: 102119 processed, 16 removed
[7.002s][info][gc            ] GC(12) Pause Remark 36M->36M(126M) 9.545ms
[7.002s][info][gc,cpu        ] GC(12) User=0.01s Sys=0.00s Real=0.00s
[7.003s][info][gc,marking    ] GC(12) Concurrent Rebuild Remembered Sets
[7.022s][info][gc,marking    ] GC(12) Concurrent Rebuild Remembered Sets 19.465ms
[7.024s][info][gc,start      ] GC(12) Pause Cleanup
[7.025s][info][gc            ] GC(12) Pause Cleanup 40M->40M(126M) 0.096ms
[7.025s][info][gc,cpu        ] GC(12) User=0.00s Sys=0.00s Real=0.00s
[7.025s][info][gc,marking    ] GC(12) Concurrent Cleanup for Next Mark
[7.028s][info][gc,marking    ] GC(12) Concurrent Cleanup for Next Mark 3.852ms
[7.028s][info][gc            ] GC(12) Concurrent Cycle 75.481ms
[7.142s][info][gc,start      ] GC(13) Pause Young (Normal) (G1 Evacuation Pause)
[7.142s][info][gc,task       ] GC(13) Using 1 workers of 1 for evacuation
[7.180s][info][gc,phases     ] GC(13)   Pre Evacuate Collection Set: 0.0ms
[7.181s][info][gc,phases     ] GC(13)   Evacuate Collection Set: 38.3ms
[7.181s][info][gc,phases     ] GC(13)   Post Evacuate Collection Set: 0.2ms
[7.181s][info][gc,phases     ] GC(13)   Other: 0.2ms
[7.181s][info][gc,heap       ] GC(13) Eden regions: 55->0(53)
[7.181s][info][gc,heap       ] GC(13) Survivor regions: 6->8(8)
[7.181s][info][gc,heap       ] GC(13) Old regions: 16->23
[7.181s][info][gc,heap       ] GC(13) Humongous regions: 6->6
[7.181s][info][gc,metaspace  ] GC(13) Metaspace: 42872K->42872K(1087488K)
[7.181s][info][gc            ] GC(13) Pause Young (Normal) (G1 Evacuation Pause) 82M->36M(126M) 38.812ms
[7.181s][info][gc,cpu        ] GC(13) User=0.02s Sys=0.01s Real=0.04s
[7.317s][info][gc,start      ] GC(14) Pause Young (Normal) (G1 Evacuation Pause)
[7.317s][info][gc,task       ] GC(14) Using 1 workers of 1 for evacuation
[7.393s][info][gc,phases     ] GC(14)   Pre Evacuate Collection Set: 0.0ms
[7.393s][info][gc,phases     ] GC(14)   Evacuate Collection Set: 75.1ms
[7.393s][info][gc,phases     ] GC(14)   Post Evacuate Collection Set: 0.4ms
[7.393s][info][gc,phases     ] GC(14)   Other: 0.3ms
[7.393s][info][gc,heap       ] GC(14) Eden regions: 53->0(48)
[7.393s][info][gc,heap       ] GC(14) Survivor regions: 8->8(8)
[7.393s][info][gc,heap       ] GC(14) Old regions: 23->32
[7.393s][info][gc,heap       ] GC(14) Humongous regions: 6->6
[7.393s][info][gc,metaspace  ] GC(14) Metaspace: 42872K->42872K(1087488K)
[7.393s][info][gc            ] GC(14) Pause Young (Normal) (G1 Evacuation Pause) 89M->46M(126M) 75.961ms
[7.393s][info][gc,cpu        ] GC(14) User=0.07s Sys=0.00s Real=0.08s
[7.440s][info][gc,start      ] GC(15) Pause Young (Normal) (G1 Evacuation Pause)
[7.440s][info][gc,task       ] GC(15) Using 1 workers of 1 for evacuation
[7.464s][info][gc,phases     ] GC(15)   Pre Evacuate Collection Set: 0.0ms
[7.464s][info][gc,phases     ] GC(15)   Evacuate Collection Set: 23.8ms
[7.464s][info][gc,phases     ] GC(15)   Post Evacuate Collection Set: 0.2ms
[7.464s][info][gc,phases     ] GC(15)   Other: 0.2ms
[7.464s][info][gc,heap       ] GC(15) Eden regions: 48->0(41)
[7.464s][info][gc,heap       ] GC(15) Survivor regions: 8->7(7)
[7.464s][info][gc,heap       ] GC(15) Old regions: 32->42
[7.464s][info][gc,heap       ] GC(15) Humongous regions: 6->6
[7.464s][info][gc,metaspace  ] GC(15) Metaspace: 42872K->42872K(1087488K)
[7.464s][info][gc            ] GC(15) Pause Young (Normal) (G1 Evacuation Pause) 94M->54M(126M) 24.359ms
[7.464s][info][gc,cpu        ] GC(15) User=0.02s Sys=0.00s Real=0.03s
[7.542s][info][gc,start      ] GC(16) Pause Young (Normal) (G1 Evacuation Pause)
[7.542s][info][gc,task       ] GC(16) Using 1 workers of 1 for evacuation
[7.581s][info][gc,phases     ] GC(16)   Pre Evacuate Collection Set: 0.0ms
[7.581s][info][gc,phases     ] GC(16)   Evacuate Collection Set: 38.4ms
[7.581s][info][gc,phases     ] GC(16)   Post Evacuate Collection Set: 0.1ms
[7.581s][info][gc,phases     ] GC(16)   Other: 0.1ms
[7.581s][info][gc,heap       ] GC(16) Eden regions: 41->0(36)
[7.581s][info][gc,heap       ] GC(16) Survivor regions: 7->6(6)
[7.581s][info][gc,heap       ] GC(16) Old regions: 42->50
[7.581s][info][gc,heap       ] GC(16) Humongous regions: 6->6
[7.581s][info][gc,metaspace  ] GC(16) Metaspace: 42872K->42872K(1087488K)
[7.581s][info][gc            ] GC(16) Pause Young (Normal) (G1 Evacuation Pause) 95M->61M(126M) 38.745ms
[7.581s][info][gc,cpu        ] GC(16) User=0.04s Sys=0.01s Real=0.04s
[7.619s][info][gc,start      ] GC(17) Pause Young (Normal) (G1 Evacuation Pause)
[7.619s][info][gc,task       ] GC(17) Using 1 workers of 1 for evacuation
[7.636s][info][gc,phases     ] GC(17)   Pre Evacuate Collection Set: 0.0ms
[7.636s][info][gc,phases     ] GC(17)   Evacuate Collection Set: 16.9ms
[7.636s][info][gc,phases     ] GC(17)   Post Evacuate Collection Set: 0.1ms
[7.636s][info][gc,phases     ] GC(17)   Other: 0.1ms
[7.636s][info][gc,heap       ] GC(17) Eden regions: 36->0(32)
[7.636s][info][gc,heap       ] GC(17) Survivor regions: 6->6(6)
[7.636s][info][gc,heap       ] GC(17) Old regions: 50->56
[7.636s][info][gc,heap       ] GC(17) Humongous regions: 6->6
[7.636s][info][gc,metaspace  ] GC(17) Metaspace: 42872K->42872K(1087488K)
[7.636s][info][gc            ] GC(17) Pause Young (Normal) (G1 Evacuation Pause) 97M->68M(126M) 17.369ms
[7.636s][info][gc,cpu        ] GC(17) User=0.02s Sys=0.00s Real=0.02s
[7.665s][info][gc,start      ] GC(18) Pause Young (Concurrent Start) (G1 Evacuation Pause)
[7.665s][info][gc,task       ] GC(18) Using 1 workers of 1 for evacuation
[7.681s][info][gc,phases     ] GC(18)   Pre Evacuate Collection Set: 0.1ms
[7.681s][info][gc,phases     ] GC(18)   Evacuate Collection Set: 16.1ms
[7.681s][info][gc,phases     ] GC(18)   Post Evacuate Collection Set: 0.1ms
[7.681s][info][gc,phases     ] GC(18)   Other: 0.1ms
[7.681s][info][gc,heap       ] GC(18) Eden regions: 32->0(27)
[7.681s][info][gc,heap       ] GC(18) Survivor regions: 6->5(5)
[7.681s][info][gc,heap       ] GC(18) Old regions: 56->63
[7.681s][info][gc,heap       ] GC(18) Humongous regions: 6->6
[7.681s][info][gc,metaspace  ] GC(18) Metaspace: 42872K->42872K(1087488K)
[7.681s][info][gc            ] GC(18) Pause Young (Concurrent Start) (G1 Evacuation Pause) 100M->73M(126M) 16.638ms
[7.681s][info][gc,cpu        ] GC(18) User=0.01s Sys=0.00s Real=0.01s
[7.681s][info][gc            ] GC(19) Concurrent Cycle
[7.681s][info][gc,marking    ] GC(19) Concurrent Clear Claimed Marks
[7.682s][info][gc,marking    ] GC(19) Concurrent Clear Claimed Marks 0.132ms
[7.682s][info][gc,marking    ] GC(19) Concurrent Scan Root Regions
[7.684s][info][gc,marking    ] GC(19) Concurrent Scan Root Regions 2.109ms
[7.684s][info][gc,marking    ] GC(19) Concurrent Mark (7.684s)
[7.684s][info][gc,marking    ] GC(19) Concurrent Mark From Roots
[7.684s][info][gc,task       ] GC(19) Using 1 workers of 1 for marking
[7.732s][info][gc,start      ] GC(20) Pause Young (Normal) (G1 Evacuation Pause)
[7.732s][info][gc,task       ] GC(20) Using 1 workers of 1 for evacuation
[7.746s][info][gc,phases     ] GC(20)   Pre Evacuate Collection Set: 0.0ms
[7.746s][info][gc,phases     ] GC(20)   Evacuate Collection Set: 13.1ms
[7.746s][info][gc,phases     ] GC(20)   Post Evacuate Collection Set: 0.3ms
[7.746s][info][gc,phases     ] GC(20)   Other: 0.1ms
[7.746s][info][gc,heap       ] GC(20) Eden regions: 27->0(39)
[7.746s][info][gc,heap       ] GC(20) Survivor regions: 5->4(4)
[7.746s][info][gc,heap       ] GC(20) Old regions: 63->69
[7.746s][info][gc,heap       ] GC(20) Humongous regions: 6->6
[7.746s][info][gc,metaspace  ] GC(20) Metaspace: 42872K->42872K(1087488K)
[7.746s][info][gc            ] GC(20) Pause Young (Normal) (G1 Evacuation Pause) 100M->78M(160M) 13.661ms
[7.746s][info][gc,cpu        ] GC(20) User=0.02s Sys=0.00s Real=0.01s
[7.855s][info][gc,start      ] GC(21) Pause Young (Normal) (G1 Evacuation Pause)
[7.855s][info][gc,task       ] GC(21) Using 1 workers of 1 for evacuation
[7.871s][info][gc,phases     ] GC(21)   Pre Evacuate Collection Set: 0.0ms
[7.871s][info][gc,phases     ] GC(21)   Evacuate Collection Set: 14.9ms
[7.871s][info][gc,phases     ] GC(21)   Post Evacuate Collection Set: 0.2ms
[7.871s][info][gc,phases     ] GC(21)   Other: 0.2ms
[7.871s][info][gc,heap       ] GC(21) Eden regions: 39->0(37)
[7.871s][info][gc,heap       ] GC(21) Survivor regions: 4->6(6)
[7.871s][info][gc,heap       ] GC(21) Old regions: 69->74
[7.871s][info][gc,heap       ] GC(21) Humongous regions: 6->6
[7.871s][info][gc,metaspace  ] GC(21) Metaspace: 42872K->42872K(1087488K)
[7.871s][info][gc            ] GC(21) Pause Young (Normal) (G1 Evacuation Pause) 117M->85M(160M) 15.273ms
[7.871s][info][gc,cpu        ] GC(21) User=0.02s Sys=0.00s Real=0.01s
[7.871s][info][gc,marking    ] GC(19) Concurrent Mark From Roots 187.409ms
[7.871s][info][gc,marking    ] GC(19) Concurrent Preclean
[7.871s][info][gc,marking    ] GC(19) Concurrent Preclean 0.057ms
[7.871s][info][gc,marking    ] GC(19) Concurrent Mark (7.684s, 7.871s) 187.480ms
[7.873s][info][gc,start      ] GC(19) Pause Remark
[7.880s][info][gc,stringtable] GC(19) Cleaned string and symbol table, strings: 16294 processed, 215 removed, symbols: 102103 processed, 0 removed
[7.880s][info][gc            ] GC(19) Pause Remark 87M->87M(160M) 7.070ms
[7.880s][info][gc,cpu        ] GC(19) User=0.01s Sys=0.00s Real=0.00s
[7.880s][info][gc,marking    ] GC(19) Concurrent Rebuild Remembered Sets
[7.941s][info][gc,start      ] GC(22) Pause Young (Normal) (G1 Evacuation Pause)
[7.941s][info][gc,task       ] GC(22) Using 1 workers of 1 for evacuation
[7.958s][info][gc,phases     ] GC(22)   Pre Evacuate Collection Set: 0.0ms
[7.958s][info][gc,phases     ] GC(22)   Evacuate Collection Set: 16.5ms
[7.958s][info][gc,phases     ] GC(22)   Post Evacuate Collection Set: 0.1ms
[7.958s][info][gc,phases     ] GC(22)   Other: 0.1ms
[7.958s][info][gc,heap       ] GC(22) Eden regions: 37->0(35)
[7.958s][info][gc,heap       ] GC(22) Survivor regions: 6->6(6)
[7.958s][info][gc,heap       ] GC(22) Old regions: 74->80
[7.958s][info][gc,heap       ] GC(22) Humongous regions: 6->6
[7.958s][info][gc,metaspace  ] GC(22) Metaspace: 42872K->42872K(1087488K)
[7.958s][info][gc            ] GC(22) Pause Young (Normal) (G1 Evacuation Pause) 122M->92M(160M) 16.894ms
[7.958s][info][gc,cpu        ] GC(22) User=0.01s Sys=0.00s Real=0.02s
[8.008s][info][gc,marking    ] GC(19) Concurrent Rebuild Remembered Sets 127.174ms
[8.010s][info][gc,start      ] GC(19) Pause Cleanup
[8.010s][info][gc            ] GC(19) Pause Cleanup 120M->120M(160M) 0.081ms
[8.010s][info][gc,cpu        ] GC(19) User=0.00s Sys=0.00s Real=0.00s
[8.010s][info][gc,marking    ] GC(19) Concurrent Cleanup for Next Mark
[8.016s][info][gc,start      ] GC(23) Pause Young (Normal) (G1 Evacuation Pause)
[8.016s][info][gc,task       ] GC(23) Using 1 workers of 1 for evacuation
[8.032s][info][gc,phases     ] GC(23)   Pre Evacuate Collection Set: 0.0ms
[8.032s][info][gc,phases     ] GC(23)   Evacuate Collection Set: 16.2ms
[8.032s][info][gc,phases     ] GC(23)   Post Evacuate Collection Set: 0.1ms
[8.033s][info][gc,phases     ] GC(23)   Other: 0.1ms
[8.033s][info][gc,heap       ] GC(23) Eden regions: 35->0(32)
[8.033s][info][gc,heap       ] GC(23) Survivor regions: 6->6(6)
[8.033s][info][gc,heap       ] GC(23) Old regions: 80->86
[8.033s][info][gc,heap       ] GC(23) Humongous regions: 6->6
[8.033s][info][gc,metaspace  ] GC(23) Metaspace: 42872K->42872K(1087488K)
[8.033s][info][gc            ] GC(23) Pause Young (Normal) (G1 Evacuation Pause) 127M->98M(160M) 16.564ms
[8.033s][info][gc,cpu        ] GC(23) User=0.01s Sys=0.00s Real=0.02s
[8.033s][info][gc,marking    ] GC(19) Concurrent Cleanup for Next Mark 23.146ms
[8.033s][info][gc            ] GC(19) Concurrent Cycle 351.567ms
[8.062s][info][gc,start      ] GC(24) Pause Young (Normal) (G1 Evacuation Pause)
[8.062s][info][gc,task       ] GC(24) Using 1 workers of 1 for evacuation
[8.078s][info][gc,phases     ] GC(24)   Pre Evacuate Collection Set: 0.0ms
[8.078s][info][gc,phases     ] GC(24)   Evacuate Collection Set: 15.4ms
[8.078s][info][gc,phases     ] GC(24)   Post Evacuate Collection Set: 0.1ms
[8.078s][info][gc,phases     ] GC(24)   Other: 0.1ms
[8.078s][info][gc,heap       ] GC(24) Eden regions: 32->0(28)
[8.078s][info][gc,heap       ] GC(24) Survivor regions: 6->5(5)
[8.078s][info][gc,heap       ] GC(24) Old regions: 86->93
[8.078s][info][gc,heap       ] GC(24) Humongous regions: 6->6
[8.078s][info][gc,metaspace  ] GC(24) Metaspace: 42872K->42872K(1087488K)
[8.078s][info][gc            ] GC(24) Pause Young (Normal) (G1 Evacuation Pause) 130M->103M(160M) 15.801ms
[8.078s][info][gc,cpu        ] GC(24) User=0.02s Sys=0.00s Real=0.02s
[8.102s][info][gc,start      ] GC(25) Pause Young (Concurrent Start) (G1 Evacuation Pause)
[8.102s][info][gc,task       ] GC(25) Using 1 workers of 1 for evacuation
[8.116s][info][gc,phases     ] GC(25)   Pre Evacuate Collection Set: 0.2ms
[8.116s][info][gc,phases     ] GC(25)   Evacuate Collection Set: 13.5ms
[8.116s][info][gc,phases     ] GC(25)   Post Evacuate Collection Set: 0.2ms
[8.116s][info][gc,phases     ] GC(25)   Other: 0.1ms
[8.116s][info][gc,heap       ] GC(25) Eden regions: 28->0(25)
[8.116s][info][gc,heap       ] GC(25) Survivor regions: 5->5(5)
[8.116s][info][gc,heap       ] GC(25) Old regions: 93->98
[8.116s][info][gc,heap       ] GC(25) Humongous regions: 6->6
[8.116s][info][gc,metaspace  ] GC(25) Metaspace: 42872K->42872K(1087488K)
[8.116s][info][gc            ] GC(25) Pause Young (Concurrent Start) (G1 Evacuation Pause) 131M->109M(160M) 14.045ms
[8.116s][info][gc,cpu        ] GC(25) User=0.02s Sys=0.00s Real=0.02s
[8.116s][info][gc            ] GC(26) Concurrent Cycle
[8.116s][info][gc,marking    ] GC(26) Concurrent Clear Claimed Marks
[8.116s][info][gc,marking    ] GC(26) Concurrent Clear Claimed Marks 0.133ms
[8.116s][info][gc,marking    ] GC(26) Concurrent Scan Root Regions
[8.118s][info][gc,marking    ] GC(26) Concurrent Scan Root Regions 1.946ms
[8.118s][info][gc,marking    ] GC(26) Concurrent Mark (8.118s)
[8.118s][info][gc,marking    ] GC(26) Concurrent Mark From Roots
[8.118s][info][gc,task       ] GC(26) Using 1 workers of 1 for marking
[8.162s][info][gc,start      ] GC(27) Pause Young (Normal) (G1 Evacuation Pause)
[8.162s][info][gc,task       ] GC(27) Using 1 workers of 1 for evacuation
[8.175s][info][gc,phases     ] GC(27)   Pre Evacuate Collection Set: 0.0ms
[8.175s][info][gc,phases     ] GC(27)   Evacuate Collection Set: 12.6ms
[8.175s][info][gc,phases     ] GC(27)   Post Evacuate Collection Set: 0.5ms
[8.175s][info][gc,phases     ] GC(27)   Other: 0.1ms
[8.175s][info][gc,heap       ] GC(27) Eden regions: 25->0(45)
[8.175s][info][gc,heap       ] GC(27) Survivor regions: 5->4(4)
[8.175s][info][gc,heap       ] GC(27) Old regions: 98->103
[8.175s][info][gc,heap       ] GC(27) Humongous regions: 6->6
[8.175s][info][gc,metaspace  ] GC(27) Metaspace: 42872K->42872K(1087488K)
[8.175s][info][gc            ] GC(27) Pause Young (Normal) (G1 Evacuation Pause) 134M->113M(228M) 13.342ms
[8.175s][info][gc,cpu        ] GC(27) User=0.01s Sys=0.00s Real=0.02s
[8.274s][info][gc,start      ] GC(28) Pause Young (Normal) (G1 Evacuation Pause)
[8.274s][info][gc,task       ] GC(28) Using 1 workers of 1 for evacuation
[8.296s][info][gc,phases     ] GC(28)   Pre Evacuate Collection Set: 0.0ms
[8.296s][info][gc,phases     ] GC(28)   Evacuate Collection Set: 21.6ms
[8.296s][info][gc,phases     ] GC(28)   Post Evacuate Collection Set: 0.2ms
[8.296s][info][gc,phases     ] GC(28)   Other: 0.2ms
[8.296s][info][gc,heap       ] GC(28) Eden regions: 45->0(44)
[8.296s][info][gc,heap       ] GC(28) Survivor regions: 4->7(7)
[8.296s][info][gc,heap       ] GC(28) Old regions: 103->108
[8.296s][info][gc,heap       ] GC(28) Humongous regions: 6->6
[8.296s][info][gc,metaspace  ] GC(28) Metaspace: 42872K->42872K(1087488K)
[8.296s][info][gc            ] GC(28) Pause Young (Normal) (G1 Evacuation Pause) 158M->121M(228M) 22.083ms
[8.296s][info][gc,cpu        ] GC(28) User=0.03s Sys=0.00s Real=0.02s
[8.326s][info][gc,marking    ] GC(26) Concurrent Mark From Roots 207.710ms
[8.326s][info][gc,marking    ] GC(26) Concurrent Preclean
[8.326s][info][gc,marking    ] GC(26) Concurrent Preclean 0.063ms
[8.326s][info][gc,marking    ] GC(26) Concurrent Mark (8.118s, 8.326s) 207.825ms
[8.328s][info][gc,start      ] GC(26) Pause Remark
[8.336s][info][gc,stringtable] GC(26) Cleaned string and symbol table, strings: 16079 processed, 0 removed, symbols: 102103 processed, 0 removed
[8.336s][info][gc            ] GC(26) Pause Remark 138M->138M(228M) 7.579ms
[8.336s][info][gc,cpu        ] GC(26) User=0.00s Sys=0.00s Real=0.01s
[8.336s][info][gc,marking    ] GC(26) Concurrent Rebuild Remembered Sets
[8.580s][info][gc,marking    ] GC(26) Concurrent Rebuild Remembered Sets 243.632ms
[8.584s][info][gc,start      ] GC(26) Pause Cleanup
[8.584s][info][gc            ] GC(26) Pause Cleanup 157M->157M(228M) 0.150ms
[8.584s][info][gc,cpu        ] GC(26) User=0.00s Sys=0.00s Real=0.00s
[8.584s][info][gc,marking    ] GC(26) Concurrent Cleanup for Next Mark
[8.585s][info][gc,marking    ] GC(26) Concurrent Cleanup for Next Mark 0.498ms
[8.585s][info][gc            ] GC(26) Concurrent Cycle 468.669ms
[8.886s][info][gc,start      ] GC(29) Pause Young (Normal) (G1 Evacuation Pause)
[8.886s][info][gc,task       ] GC(29) Using 1 workers of 1 for evacuation
[8.908s][info][gc,phases     ] GC(29)   Pre Evacuate Collection Set: 0.0ms
[8.908s][info][gc,phases     ] GC(29)   Evacuate Collection Set: 21.8ms
[8.908s][info][gc,phases     ] GC(29)   Post Evacuate Collection Set: 0.2ms
[8.908s][info][gc,phases     ] GC(29)   Other: 0.2ms
[8.908s][info][gc,heap       ] GC(29) Eden regions: 44->0(44)
[8.908s][info][gc,heap       ] GC(29) Survivor regions: 7->7(7)
[8.908s][info][gc,heap       ] GC(29) Old regions: 108->115
[8.908s][info][gc,heap       ] GC(29) Humongous regions: 6->6
[8.908s][info][gc,metaspace  ] GC(29) Metaspace: 44584K->44584K(1089536K)
[8.908s][info][gc            ] GC(29) Pause Young (Normal) (G1 Evacuation Pause) 165M->127M(228M) 22.290ms
[8.908s][info][gc,cpu        ] GC(29) User=0.02s Sys=0.00s Real=0.02s
[9.540s][info][gc,start      ] GC(30) Pause Young (Concurrent Start) (G1 Humongous Allocation)
[9.540s][info][gc,task       ] GC(30) Using 1 workers of 1 for evacuation
[9.553s][info][gc,phases     ] GC(30)   Pre Evacuate Collection Set: 0.2ms
[9.553s][info][gc,phases     ] GC(30)   Evacuate Collection Set: 12.3ms
[9.553s][info][gc,phases     ] GC(30)   Post Evacuate Collection Set: 0.2ms
[9.553s][info][gc,phases     ] GC(30)   Other: 0.3ms
[9.553s][info][gc,heap       ] GC(30) Eden regions: 19->0(44)
[9.553s][info][gc,heap       ] GC(30) Survivor regions: 7->1(7)
[9.553s][info][gc,heap       ] GC(30) Old regions: 115->122
[9.553s][info][gc,heap       ] GC(30) Humongous regions: 6->6
[9.553s][info][gc,metaspace  ] GC(30) Metaspace: 48346K->48346K(1091584K)
[9.553s][info][gc            ] GC(30) Pause Young (Concurrent Start) (G1 Humongous Allocation) 146M->128M(228M) 13.089ms
[9.553s][info][gc,cpu        ] GC(30) User=0.02s Sys=0.00s Real=0.02s
[9.553s][info][gc            ] GC(31) Concurrent Cycle
[9.553s][info][gc,marking    ] GC(31) Concurrent Clear Claimed Marks
[9.553s][info][gc,marking    ] GC(31) Concurrent Clear Claimed Marks 0.151ms
[9.553s][info][gc,marking    ] GC(31) Concurrent Scan Root Regions
[9.554s][info][gc,marking    ] GC(31) Concurrent Scan Root Regions 0.976ms
[9.554s][info][gc,marking    ] GC(31) Concurrent Mark (9.554s)
[9.554s][info][gc,marking    ] GC(31) Concurrent Mark From Roots
[9.554s][info][gc,task       ] GC(31) Using 1 workers of 1 for marking
[9.617s][info][gc,marking    ] GC(31) Concurrent Mark From Roots 62.507ms
[9.617s][info][gc,marking    ] GC(31) Concurrent Preclean
[9.617s][info][gc,marking    ] GC(31) Concurrent Preclean 0.069ms
[9.617s][info][gc,marking    ] GC(31) Concurrent Mark (9.554s, 9.617s) 62.631ms
[9.617s][info][gc,start      ] GC(31) Pause Remark
[9.626s][info][gc,stringtable] GC(31) Cleaned string and symbol table, strings: 17623 processed, 0 removed, symbols: 112002 processed, 11 removed
[9.626s][info][gc            ] GC(31) Pause Remark 135M->37M(228M) 9.296ms
[9.626s][info][gc,cpu        ] GC(31) User=0.01s Sys=0.00s Real=0.01s
[9.627s][info][gc,marking    ] GC(31) Concurrent Rebuild Remembered Sets
[9.654s][info][gc,marking    ] GC(31) Concurrent Rebuild Remembered Sets 27.168ms
[9.655s][info][gc,start      ] GC(31) Pause Cleanup
[9.655s][info][gc            ] GC(31) Pause Cleanup 37M->37M(228M) 0.059ms
[9.655s][info][gc,cpu        ] GC(31) User=0.00s Sys=0.00s Real=0.00s
[9.655s][info][gc,marking    ] GC(31) Concurrent Cleanup for Next Mark
[9.666s][info][gc,marking    ] GC(31) Concurrent Cleanup for Next Mark 11.134ms
[9.666s][info][gc            ] GC(31) Concurrent Cycle 112.831ms
[9.836s][info][gc,task       ] GC(32) Using 1 workers of 1 for full compaction
[9.836s][info][gc,start      ] GC(32) Pause Full (System.gc())
[9.836s][info][gc,phases,start] GC(32) Phase 1: Mark live objects
[9.873s][info][gc,stringtable ] GC(32) Cleaned string and symbol table, strings: 17822 processed, 214 removed, symbols: 113894 processed, 5 removed
[9.873s][info][gc,phases      ] GC(32) Phase 1: Mark live objects 36.951ms
[9.873s][info][gc,phases,start] GC(32) Phase 2: Prepare for compaction
[9.881s][info][gc,phases      ] GC(32) Phase 2: Prepare for compaction 8.081ms
[9.881s][info][gc,phases,start] GC(32) Phase 3: Adjust pointers
[9.895s][info][gc,phases      ] GC(32) Phase 3: Adjust pointers 14.256ms
[9.895s][info][gc,phases,start] GC(32) Phase 4: Compact heap
[9.901s][info][gc,phases      ] GC(32) Phase 4: Compact heap 5.071ms
[9.907s][info][gc,heap        ] GC(32) Eden regions: 9->0(34)
[9.907s][info][gc,heap        ] GC(32) Survivor regions: 1->0(7)
[9.907s][info][gc,heap        ] GC(32) Old regions: 24->20
[9.907s][info][gc,heap        ] GC(32) Humongous regions: 11->6
[9.907s][info][gc,metaspace   ] GC(32) Metaspace: 49257K->49257K(1093632K)
[9.907s][info][gc             ] GC(32) Pause Full (System.gc()) 44M->24M(87M) 70.900ms
[9.907s][info][gc,cpu         ] GC(32) User=0.05s Sys=0.00s Real=0.07s
[10.869s][info][gc,start       ] GC(33) Pause Young (Normal) (G1 Evacuation Pause)
[10.869s][info][gc,task        ] GC(33) Using 1 workers of 1 for evacuation
[10.885s][info][gc,phases      ] GC(33)   Pre Evacuate Collection Set: 0.0ms
[10.885s][info][gc,phases      ] GC(33)   Evacuate Collection Set: 11.0ms
[10.885s][info][gc,phases      ] GC(33)   Post Evacuate Collection Set: 4.9ms
[10.885s][info][gc,phases      ] GC(33)   Other: 0.6ms
[10.885s][info][gc,heap        ] GC(33) Eden regions: 34->0(72)
[10.885s][info][gc,heap        ] GC(33) Survivor regions: 0->3(5)
[10.885s][info][gc,heap        ] GC(33) Old regions: 20->20
[10.885s][info][gc,heap        ] GC(33) Humongous regions: 11->6
[10.885s][info][gc,metaspace   ] GC(33) Metaspace: 55185K->55185K(1099776K)
[10.885s][info][gc             ] GC(33) Pause Young (Normal) (G1 Evacuation Pause) 63M->27M(192M) 16.493ms
[10.885s][info][gc,cpu         ] GC(33) User=0.02s Sys=0.01s Real=0.02s
[11.497s][info][gc,start       ] GC(34) Pause Young (Normal) (G1 Evacuation Pause)
[11.497s][info][gc,task        ] GC(34) Using 1 workers of 1 for evacuation
[11.523s][info][gc,phases      ] GC(34)   Pre Evacuate Collection Set: 0.0ms
[11.523s][info][gc,phases      ] GC(34)   Evacuate Collection Set: 25.7ms
[11.523s][info][gc,phases      ] GC(34)   Post Evacuate Collection Set: 0.3ms
[11.523s][info][gc,phases      ] GC(34)   Other: 0.3ms
[11.523s][info][gc,heap        ] GC(34) Eden regions: 72->0(84)
[11.523s][info][gc,heap        ] GC(34) Survivor regions: 3->7(10)
[11.523s][info][gc,heap        ] GC(34) Old regions: 20->20
[11.523s][info][gc,heap        ] GC(34) Humongous regions: 6->6
[11.523s][info][gc,metaspace   ] GC(34) Metaspace: 55268K->55268K(1099776K)
[11.523s][info][gc             ] GC(34) Pause Young (Normal) (G1 Evacuation Pause) 99M->31M(192M) 26.468ms
[11.523s][info][gc,cpu         ] GC(34) User=0.02s Sys=0.01s Real=0.02s
[11.888s][info][gc,start       ] GC(35) Pause Young (Normal) (G1 Evacuation Pause)
[11.888s][info][gc,task        ] GC(35) Using 1 workers of 1 for evacuation
[11.914s][info][gc,phases      ] GC(35)   Pre Evacuate Collection Set: 0.0ms
[11.914s][info][gc,phases      ] GC(35)   Evacuate Collection Set: 25.8ms
[11.914s][info][gc,phases      ] GC(35)   Post Evacuate Collection Set: 0.3ms
[11.914s][info][gc,phases      ] GC(35)   Other: 0.3ms
[11.914s][info][gc,heap        ] GC(35) Eden regions: 84->0(89)
[11.914s][info][gc,heap        ] GC(35) Survivor regions: 7->11(12)
[11.914s][info][gc,heap        ] GC(35) Old regions: 20->23
[11.914s][info][gc,heap        ] GC(35) Humongous regions: 7->7
[11.914s][info][gc,metaspace   ] GC(35) Metaspace: 55306K->55306K(1099776K)
[11.914s][info][gc             ] GC(35) Pause Young (Normal) (G1 Evacuation Pause) 116M->38M(192M) 26.448ms
[11.914s][info][gc,cpu         ] GC(35) User=0.03s Sys=0.00s Real=0.03s
[12.164s][info][gc,start       ] GC(36) Pause Young (Normal) (G1 Evacuation Pause)
[12.164s][info][gc,task        ] GC(36) Using 1 workers of 1 for evacuation
[12.197s][info][gc,phases      ] GC(36)   Pre Evacuate Collection Set: 0.0ms
[12.197s][info][gc,phases      ] GC(36)   Evacuate Collection Set: 32.4ms
[12.197s][info][gc,phases      ] GC(36)   Post Evacuate Collection Set: 0.2ms
[12.197s][info][gc,phases      ] GC(36)   Other: 0.2ms
[12.197s][info][gc,heap        ] GC(36) Eden regions: 89->0(88)
[12.197s][info][gc,heap        ] GC(36) Survivor regions: 11->8(13)
[12.197s][info][gc,heap        ] GC(36) Old regions: 23->33
[12.197s][info][gc,heap        ] GC(36) Humongous regions: 9->9
[12.197s][info][gc,metaspace   ] GC(36) Metaspace: 55315K->55315K(1099776K)
[12.197s][info][gc             ] GC(36) Pause Young (Normal) (G1 Evacuation Pause) 129M->48M(192M) 32.902ms
[12.197s][info][gc,cpu         ] GC(36) User=0.03s Sys=0.00s Real=0.03s
[12.377s][info][gc,start       ] GC(37) Pause Young (Normal) (G1 Evacuation Pause)
[12.377s][info][gc,task        ] GC(37) Using 1 workers of 1 for evacuation
[12.407s][info][gc,phases      ] GC(37)   Pre Evacuate Collection Set: 0.0ms
[12.407s][info][gc,phases      ] GC(37)   Evacuate Collection Set: 30.2ms
[12.407s][info][gc,phases      ] GC(37)   Post Evacuate Collection Set: 0.2ms
[12.407s][info][gc,phases      ] GC(37)   Other: 0.2ms
[12.407s][info][gc,heap        ] GC(37) Eden regions: 88->0(83)
[12.407s][info][gc,heap        ] GC(37) Survivor regions: 8->8(12)
[12.407s][info][gc,heap        ] GC(37) Old regions: 33->41
[12.407s][info][gc,heap        ] GC(37) Humongous regions: 12->12
[12.407s][info][gc,metaspace   ] GC(37) Metaspace: 55337K->55337K(1099776K)
[12.407s][info][gc             ] GC(37) Pause Young (Normal) (G1 Evacuation Pause) 139M->58M(192M) 30.686ms
[12.408s][info][gc,cpu         ] GC(37) User=0.03s Sys=0.00s Real=0.03s
[12.513s][info][gc,start       ] GC(38) Pause Young (Normal) (G1 Evacuation Pause)
[12.513s][info][gc,task        ] GC(38) Using 1 workers of 1 for evacuation
[12.539s][info][gc,phases      ] GC(38)   Pre Evacuate Collection Set: 0.0ms
[12.539s][info][gc,phases      ] GC(38)   Evacuate Collection Set: 25.5ms
[12.539s][info][gc,phases      ] GC(38)   Post Evacuate Collection Set: 0.3ms
[12.539s][info][gc,phases      ] GC(38)   Other: 0.2ms
[12.539s][info][gc,heap        ] GC(38) Eden regions: 83->0(88)
[12.539s][info][gc,heap        ] GC(38) Survivor regions: 8->8(12)
[12.539s][info][gc,heap        ] GC(38) Old regions: 41->48
[12.539s][info][gc,heap        ] GC(38) Humongous regions: 12->12
[12.539s][info][gc,metaspace   ] GC(38) Metaspace: 55337K->55337K(1099776K)
[12.539s][info][gc             ] GC(38) Pause Young (Normal) (G1 Evacuation Pause) 141M->66M(205M) 26.052ms
[12.539s][info][gc,cpu         ] GC(38) User=0.03s Sys=0.00s Real=0.02s
[12.651s][info][gc,start       ] GC(39) Pause Young (Normal) (G1 Evacuation Pause)
[12.651s][info][gc,task        ] GC(39) Using 1 workers of 1 for evacuation
[12.676s][info][gc,phases      ] GC(39)   Pre Evacuate Collection Set: 0.0ms
[12.676s][info][gc,phases      ] GC(39)   Evacuate Collection Set: 24.1ms
[12.676s][info][gc,phases      ] GC(39)   Post Evacuate Collection Set: 0.3ms
[12.676s][info][gc,phases      ] GC(39)   Other: 0.2ms
[12.676s][info][gc,heap        ] GC(39) Eden regions: 88->0(84)
[12.676s][info][gc,heap        ] GC(39) Survivor regions: 8->8(12)
[12.676s][info][gc,heap        ] GC(39) Old regions: 48->56
[12.676s][info][gc,heap        ] GC(39) Humongous regions: 12->12
[12.676s][info][gc,metaspace   ] GC(39) Metaspace: 55338K->55338K(1099776K)
[12.676s][info][gc             ] GC(39) Pause Young (Normal) (G1 Evacuation Pause) 154M->74M(205M) 24.608ms
[12.676s][info][gc,cpu         ] GC(39) User=0.02s Sys=0.00s Real=0.03s
[12.720s][info][gc,start       ] GC(40) Pause Young (Normal) (G1 Evacuation Pause)
[12.721s][info][gc,task        ] GC(40) Using 1 workers of 1 for evacuation
[12.745s][info][gc,phases      ] GC(40)   Pre Evacuate Collection Set: 0.0ms
[12.745s][info][gc,phases      ] GC(40)   Evacuate Collection Set: 24.3ms
[12.745s][info][gc,phases      ] GC(40)   Post Evacuate Collection Set: 0.2ms
[12.745s][info][gc,phases      ] GC(40)   Other: 0.2ms
[12.745s][info][gc,heap        ] GC(40) Eden regions: 84->0(79)
[12.745s][info][gc,heap        ] GC(40) Survivor regions: 8->8(12)
[12.745s][info][gc,heap        ] GC(40) Old regions: 56->64
[12.745s][info][gc,heap        ] GC(40) Humongous regions: 12->12
[12.745s][info][gc,metaspace   ] GC(40) Metaspace: 55338K->55338K(1099776K)
[12.745s][info][gc             ] GC(40) Pause Young (Normal) (G1 Evacuation Pause) 158M->81M(205M) 24.726ms
[12.745s][info][gc,cpu         ] GC(40) User=0.02s Sys=0.00s Real=0.03s
[12.794s][info][gc,start       ] GC(41) Pause Young (Normal) (G1 Evacuation Pause)
[12.794s][info][gc,task        ] GC(41) Using 1 workers of 1 for evacuation
[12.820s][info][gc,phases      ] GC(41)   Pre Evacuate Collection Set: 0.0ms
[12.820s][info][gc,phases      ] GC(41)   Evacuate Collection Set: 25.0ms
[12.820s][info][gc,phases      ] GC(41)   Post Evacuate Collection Set: 0.2ms
[12.820s][info][gc,phases      ] GC(41)   Other: 0.1ms
[12.820s][info][gc,heap        ] GC(41) Eden regions: 79->0(71)
[12.820s][info][gc,heap        ] GC(41) Survivor regions: 8->7(11)
[12.820s][info][gc,heap        ] GC(41) Old regions: 64->71
[12.820s][info][gc,heap        ] GC(41) Humongous regions: 17->17
[12.820s][info][gc,metaspace   ] GC(41) Metaspace: 55338K->55338K(1099776K)
[12.820s][info][gc             ] GC(41) Pause Young (Normal) (G1 Evacuation Pause) 165M->93M(205M) 25.431ms
[12.820s][info][gc,cpu         ] GC(41) User=0.02s Sys=0.00s Real=0.02s
[12.858s][info][gc,start       ] GC(42) Pause Young (Normal) (G1 Evacuation Pause)
[12.858s][info][gc,task        ] GC(42) Using 1 workers of 1 for evacuation
[12.879s][info][gc,phases      ] GC(42)   Pre Evacuate Collection Set: 0.0ms
[12.879s][info][gc,phases      ] GC(42)   Evacuate Collection Set: 20.9ms
[12.879s][info][gc,phases      ] GC(42)   Post Evacuate Collection Set: 0.2ms
[12.879s][info][gc,phases      ] GC(42)   Other: 0.1ms
[12.879s][info][gc,heap        ] GC(42) Eden regions: 71->0(66)
[12.879s][info][gc,heap        ] GC(42) Survivor regions: 7->7(10)
[12.879s][info][gc,heap        ] GC(42) Old regions: 71->78
[12.879s][info][gc,heap        ] GC(42) Humongous regions: 17->17
[12.879s][info][gc,metaspace   ] GC(42) Metaspace: 55339K->55339K(1099776K)
[12.879s][info][gc             ] GC(42) Pause Young (Normal) (G1 Evacuation Pause) 164M->100M(205M) 21.363ms
[12.879s][info][gc,cpu         ] GC(42) User=0.02s Sys=0.00s Real=0.02s
[12.916s][info][gc,start       ] GC(43) Pause Young (Concurrent Start) (G1 Evacuation Pause)
[12.916s][info][gc,task        ] GC(43) Using 1 workers of 1 for evacuation
[12.936s][info][gc,phases      ] GC(43)   Pre Evacuate Collection Set: 0.3ms
[12.936s][info][gc,phases      ] GC(43)   Evacuate Collection Set: 19.6ms
[12.936s][info][gc,phases      ] GC(43)   Post Evacuate Collection Set: 0.2ms
[12.936s][info][gc,phases      ] GC(43)   Other: 0.2ms
[12.936s][info][gc,heap        ] GC(43) Eden regions: 66->0(61)
[12.936s][info][gc,heap        ] GC(43) Survivor regions: 7->6(10)
[12.936s][info][gc,heap        ] GC(43) Old regions: 78->85
[12.936s][info][gc,heap        ] GC(43) Humongous regions: 17->17
[12.936s][info][gc,metaspace   ] GC(43) Metaspace: 55339K->55339K(1099776K)
[12.936s][info][gc             ] GC(43) Pause Young (Concurrent Start) (G1 Evacuation Pause) 166M->106M(205M) 20.311ms
[12.936s][info][gc,cpu         ] GC(43) User=0.02s Sys=0.00s Real=0.02s
[12.936s][info][gc             ] GC(44) Concurrent Cycle
[12.936s][info][gc,marking     ] GC(44) Concurrent Clear Claimed Marks
[12.937s][info][gc,marking     ] GC(44) Concurrent Clear Claimed Marks 0.225ms
[12.937s][info][gc,marking     ] GC(44) Concurrent Scan Root Regions
[12.939s][info][gc,marking     ] GC(44) Concurrent Scan Root Regions 2.689ms
[12.939s][info][gc,marking     ] GC(44) Concurrent Mark (12.939s)
[12.939s][info][gc,marking     ] GC(44) Concurrent Mark From Roots
[12.939s][info][gc,task        ] GC(44) Using 1 workers of 1 for marking
[13.012s][info][gc,start       ] GC(45) Pause Young (Normal) (G1 Evacuation Pause)
[13.012s][info][gc,task        ] GC(45) Using 1 workers of 1 for evacuation
[13.034s][info][gc,phases      ] GC(45)   Pre Evacuate Collection Set: 0.0ms
[13.034s][info][gc,phases      ] GC(45)   Evacuate Collection Set: 21.4ms
[13.034s][info][gc,phases      ] GC(45)   Post Evacuate Collection Set: 0.3ms
[13.034s][info][gc,phases      ] GC(45)   Other: 0.2ms
[13.034s][info][gc,heap        ] GC(45) Eden regions: 61->0(65)
[13.034s][info][gc,heap        ] GC(45) Survivor regions: 6->6(9)
[13.034s][info][gc,heap        ] GC(45) Old regions: 85->91
[13.034s][info][gc,heap        ] GC(45) Humongous regions: 17->17
[13.034s][info][gc,metaspace   ] GC(45) Metaspace: 55354K->55354K(1099776K)
[13.034s][info][gc             ] GC(45) Pause Young (Normal) (G1 Evacuation Pause) 167M->111M(217M) 21.914ms
[13.034s][info][gc,cpu         ] GC(45) User=0.02s Sys=0.00s Real=0.02s
[13.110s][info][gc,start       ] GC(46) Pause Young (Normal) (G1 Evacuation Pause)
[13.110s][info][gc,task        ] GC(46) Using 1 workers of 1 for evacuation
[13.128s][info][gc,phases      ] GC(46)   Pre Evacuate Collection Set: 0.0ms
[13.128s][info][gc,phases      ] GC(46)   Evacuate Collection Set: 18.0ms
[13.128s][info][gc,phases      ] GC(46)   Post Evacuate Collection Set: 0.2ms
[13.128s][info][gc,phases      ] GC(46)   Other: 0.2ms
[13.128s][info][gc,heap        ] GC(46) Eden regions: 65->0(61)
[13.128s][info][gc,heap        ] GC(46) Survivor regions: 6->6(9)
[13.128s][info][gc,heap        ] GC(46) Old regions: 91->96
[13.128s][info][gc,heap        ] GC(46) Humongous regions: 17->17
[13.128s][info][gc,metaspace   ] GC(46) Metaspace: 55354K->55354K(1099776K)
[13.128s][info][gc             ] GC(46) Pause Young (Normal) (G1 Evacuation Pause) 176M->117M(217M) 18.460ms
[13.128s][info][gc,cpu         ] GC(46) User=0.02s Sys=0.00s Real=0.02s
[13.150s][info][gc,marking     ] GC(44) Concurrent Mark From Roots 210.891ms
[13.150s][info][gc,marking     ] GC(44) Concurrent Preclean
[13.150s][info][gc,marking     ] GC(44) Concurrent Preclean 0.092ms
[13.150s][info][gc,marking     ] GC(44) Concurrent Mark (12.939s, 13.150s) 211.034ms
[13.152s][info][gc,start       ] GC(44) Pause Remark
[13.165s][info][gc,stringtable ] GC(44) Cleaned string and symbol table, strings: 20673 processed, 209 removed, symbols: 125060 processed, 9 removed
[13.166s][info][gc             ] GC(44) Pause Remark 138M->132M(217M) 13.112ms
[13.166s][info][gc,cpu         ] GC(44) User=0.01s Sys=0.00s Real=0.01s
[13.166s][info][gc,marking     ] GC(44) Concurrent Rebuild Remembered Sets
[13.213s][info][gc,start       ] GC(47) Pause Young (Normal) (G1 Evacuation Pause)
[13.213s][info][gc,task        ] GC(47) Using 1 workers of 1 for evacuation
[13.232s][info][gc,phases      ] GC(47)   Pre Evacuate Collection Set: 0.0ms
[13.232s][info][gc,phases      ] GC(47)   Evacuate Collection Set: 18.4ms
[13.232s][info][gc,phases      ] GC(47)   Post Evacuate Collection Set: 0.3ms
[13.232s][info][gc,phases      ] GC(47)   Other: 0.1ms
[13.232s][info][gc,heap        ] GC(47) Eden regions: 61->0(62)
[13.232s][info][gc,heap        ] GC(47) Survivor regions: 6->6(9)
[13.232s][info][gc,heap        ] GC(47) Old regions: 96->102
[13.232s][info][gc,heap        ] GC(47) Humongous regions: 11->11
[13.232s][info][gc,metaspace   ] GC(47) Metaspace: 55354K->55354K(1099776K)
[13.232s][info][gc             ] GC(47) Pause Young (Normal) (G1 Evacuation Pause) 172M->117M(217M) 18.848ms
[13.232s][info][gc,cpu         ] GC(47) User=0.02s Sys=0.00s Real=0.02s
[13.305s][info][gc,start       ] GC(48) Pause Young (Normal) (G1 Evacuation Pause)
[13.305s][info][gc,task        ] GC(48) Using 1 workers of 1 for evacuation
[13.337s][info][gc,phases      ] GC(48)   Pre Evacuate Collection Set: 0.0ms
[13.337s][info][gc,phases      ] GC(48)   Evacuate Collection Set: 31.0ms
[13.337s][info][gc,phases      ] GC(48)   Post Evacuate Collection Set: 0.5ms
[13.337s][info][gc,phases      ] GC(48)   Other: 0.1ms
[13.337s][info][gc,heap        ] GC(48) Eden regions: 62->0(57)
[13.337s][info][gc,heap        ] GC(48) Survivor regions: 6->6(9)
[13.337s][info][gc,heap        ] GC(48) Old regions: 102->108
[13.337s][info][gc,heap        ] GC(48) Humongous regions: 11->11
[13.337s][info][gc,metaspace   ] GC(48) Metaspace: 55354K->55354K(1099776K)
[13.337s][info][gc             ] GC(48) Pause Young (Normal) (G1 Evacuation Pause) 179M->122M(217M) 31.816ms
[13.337s][info][gc,cpu         ] GC(48) User=0.03s Sys=0.00s Real=0.03s
[13.404s][info][gc,marking     ] GC(44) Concurrent Rebuild Remembered Sets 237.982ms
[13.406s][info][gc,start       ] GC(44) Pause Cleanup
[13.406s][info][gc             ] GC(44) Pause Cleanup 167M->167M(217M) 0.101ms
[13.407s][info][gc,cpu         ] GC(44) User=0.00s Sys=0.00s Real=0.00s
[13.407s][info][gc,marking     ] GC(44) Concurrent Cleanup for Next Mark
[13.411s][info][gc,marking     ] GC(44) Concurrent Cleanup for Next Mark 4.563ms
[13.411s][info][gc             ] GC(44) Concurrent Cycle 474.824ms
[13.414s][info][gc,start       ] GC(49) Pause Young (Normal) (G1 Evacuation Pause)
[13.414s][info][gc,task        ] GC(49) Using 1 workers of 1 for evacuation
[13.431s][info][gc,phases      ] GC(49)   Pre Evacuate Collection Set: 0.0ms
[13.432s][info][gc,phases      ] GC(49)   Evacuate Collection Set: 16.9ms
[13.432s][info][gc,phases      ] GC(49)   Post Evacuate Collection Set: 0.6ms
[13.432s][info][gc,phases      ] GC(49)   Other: 0.1ms
[13.432s][info][gc,heap        ] GC(49) Eden regions: 57->0(91)
[13.432s][info][gc,heap        ] GC(49) Survivor regions: 6->5(8)
[13.432s][info][gc,heap        ] GC(49) Old regions: 108->113
[13.432s][info][gc,heap        ] GC(49) Humongous regions: 11->11
[13.432s][info][gc,metaspace   ] GC(49) Metaspace: 55354K->55354K(1099776K)
[13.432s][info][gc             ] GC(49) Pause Young (Normal) (G1 Evacuation Pause) 179M->127M(282M) 17.668ms
[13.432s][info][gc,cpu         ] GC(49) User=0.02s Sys=0.00s Real=0.01s
[13.861s][info][gc,start       ] GC(50) Pause Young (Concurrent Start) (G1 Humongous Allocation)
[13.861s][info][gc,task        ] GC(50) Using 1 workers of 1 for evacuation
[13.876s][info][gc,phases      ] GC(50)   Pre Evacuate Collection Set: 0.3ms
[13.876s][info][gc,phases      ] GC(50)   Evacuate Collection Set: 14.2ms
[13.876s][info][gc,phases      ] GC(50)   Post Evacuate Collection Set: 0.3ms
[13.876s][info][gc,phases      ] GC(50)   Other: 0.3ms
[13.876s][info][gc,heap        ] GC(50) Eden regions: 21->0(68)
[13.876s][info][gc,heap        ] GC(50) Survivor regions: 5->6(12)
[13.876s][info][gc,heap        ] GC(50) Old regions: 113->113
[13.876s][info][gc,heap        ] GC(50) Humongous regions: 11->11
[13.876s][info][gc,metaspace   ] GC(50) Metaspace: 56814K->56814K(1099776K)
[13.876s][info][gc             ] GC(50) Pause Young (Concurrent Start) (G1 Humongous Allocation) 148M->128M(282M) 15.188ms
[13.876s][info][gc,cpu         ] GC(50) User=0.02s Sys=0.00s Real=0.02s
[13.876s][info][gc             ] GC(51) Concurrent Cycle
[13.876s][info][gc,marking     ] GC(51) Concurrent Clear Claimed Marks
[13.876s][info][gc,marking     ] GC(51) Concurrent Clear Claimed Marks 0.240ms
[13.876s][info][gc,marking     ] GC(51) Concurrent Scan Root Regions
[13.886s][info][gc,marking     ] GC(51) Concurrent Scan Root Regions 9.599ms
[13.886s][info][gc,marking     ] GC(51) Concurrent Mark (13.886s)
[13.886s][info][gc,marking     ] GC(51) Concurrent Mark From Roots
[13.886s][info][gc,task        ] GC(51) Using 1 workers of 1 for marking
[13.968s][info][gc,marking     ] GC(51) Concurrent Mark From Roots 82.222ms
[13.968s][info][gc,marking     ] GC(51) Concurrent Preclean
[13.968s][info][gc,marking     ] GC(51) Concurrent Preclean 0.073ms
[13.968s][info][gc,marking     ] GC(51) Concurrent Mark (13.886s, 13.968s) 82.367ms
[13.968s][info][gc,start       ] GC(51) Pause Remark
[13.982s][info][gc,stringtable ] GC(51) Cleaned string and symbol table, strings: 21143 processed, 0 removed, symbols: 126548 processed, 3 removed
[13.982s][info][gc             ] GC(51) Pause Remark 135M->52M(282M) 13.664ms
[13.982s][info][gc,cpu         ] GC(51) User=0.01s Sys=0.00s Real=0.01s
[13.982s][info][gc,marking     ] GC(51) Concurrent Rebuild Remembered Sets
[14.038s][info][gc,marking     ] GC(51) Concurrent Rebuild Remembered Sets 55.928ms
[14.047s][info][gc,start       ] GC(51) Pause Cleanup
[14.047s][info][gc             ] GC(51) Pause Cleanup 58M->58M(282M) 0.125ms
[14.047s][info][gc,cpu         ] GC(51) User=0.00s Sys=0.00s Real=0.00s
[14.047s][info][gc,marking     ] GC(51) Concurrent Cleanup for Next Mark
[14.049s][info][gc,marking     ] GC(51) Concurrent Cleanup for Next Mark 1.550ms
[14.049s][info][gc             ] GC(51) Concurrent Cycle 172.778ms
[14.263s][info][gc,start       ] GC(52) Pause Young (Normal) (G1 Evacuation Pause)
[14.263s][info][gc,task        ] GC(52) Using 1 workers of 1 for evacuation
[14.284s][info][gc,phases      ] GC(52)   Pre Evacuate Collection Set: 0.0ms
[14.285s][info][gc,phases      ] GC(52)   Evacuate Collection Set: 15.6ms
[14.285s][info][gc,phases      ] GC(52)   Post Evacuate Collection Set: 5.7ms
[14.285s][info][gc,phases      ] GC(52)   Other: 0.2ms
[14.285s][info][gc,heap        ] GC(52) Eden regions: 68->0(112)
[14.285s][info][gc,heap        ] GC(52) Survivor regions: 6->5(10)
[14.285s][info][gc,heap        ] GC(52) Old regions: 35->35
[14.285s][info][gc,heap        ] GC(52) Humongous regions: 11->6
[14.285s][info][gc,metaspace   ] GC(52) Metaspace: 57270K->57270K(1099776K)
[14.285s][info][gc             ] GC(52) Pause Young (Normal) (G1 Evacuation Pause) 118M->44M(282M) 21.594ms
[14.285s][info][gc,cpu         ] GC(52) User=0.02s Sys=0.00s Real=0.03s
[14.667s][info][gc,start       ] GC(53) Pause Young (Normal) (G1 Evacuation Pause)
[14.668s][info][gc,task        ] GC(53) Using 1 workers of 1 for evacuation
[14.692s][info][gc,phases      ] GC(53)   Pre Evacuate Collection Set: 0.0ms
[14.692s][info][gc,phases      ] GC(53)   Evacuate Collection Set: 24.1ms
[14.692s][info][gc,phases      ] GC(53)   Post Evacuate Collection Set: 0.3ms
[14.692s][info][gc,phases      ] GC(53)   Other: 0.3ms
[14.692s][info][gc,heap        ] GC(53) Eden regions: 112->0(118)
[14.692s][info][gc,heap        ] GC(53) Survivor regions: 5->13(15)
[14.692s][info][gc,heap        ] GC(53) Old regions: 35->35
[14.692s][info][gc,heap        ] GC(53) Humongous regions: 7->7
[14.692s][info][gc,metaspace   ] GC(53) Metaspace: 57271K->57271K(1099776K)
[14.692s][info][gc             ] GC(53) Pause Young (Normal) (G1 Evacuation Pause) 157M->53M(282M) 24.871ms
[14.692s][info][gc,cpu         ] GC(53) User=0.03s Sys=0.00s Real=0.03s
[14.883s][info][gc,start       ] GC(54) Pause Young (Normal) (G1 Evacuation Pause)
[14.883s][info][gc,task        ] GC(54) Using 1 workers of 1 for evacuation
[14.921s][info][gc,phases      ] GC(54)   Pre Evacuate Collection Set: 0.0ms
[14.921s][info][gc,phases      ] GC(54)   Evacuate Collection Set: 36.7ms
[14.921s][info][gc,phases      ] GC(54)   Post Evacuate Collection Set: 0.6ms
[14.921s][info][gc,phases      ] GC(54)   Other: 0.3ms
[14.921s][info][gc,heap        ] GC(54) Eden regions: 118->0(132)
[14.921s][info][gc,heap        ] GC(54) Survivor regions: 13->17(17)
[14.921s][info][gc,heap        ] GC(54) Old regions: 35->40
[14.921s][info][gc,heap        ] GC(54) Humongous regions: 9->9
[14.921s][info][gc,metaspace   ] GC(54) Metaspace: 57271K->57271K(1099776K)
[14.921s][info][gc             ] GC(54) Pause Young (Normal) (G1 Evacuation Pause) 173M->64M(322M) 37.634ms
[14.921s][info][gc,cpu         ] GC(54) User=0.03s Sys=0.00s Real=0.04s
[15.149s][info][gc,start       ] GC(55) Pause Young (Normal) (G1 Evacuation Pause)
[15.149s][info][gc,task        ] GC(55) Using 1 workers of 1 for evacuation
[15.197s][info][gc,phases      ] GC(55)   Pre Evacuate Collection Set: 0.0ms
[15.197s][info][gc,phases      ] GC(55)   Evacuate Collection Set: 47.0ms
[15.197s][info][gc,phases      ] GC(55)   Post Evacuate Collection Set: 0.3ms
[15.197s][info][gc,phases      ] GC(55)   Other: 0.2ms
[15.197s][info][gc,heap        ] GC(55) Eden regions: 132->0(138)
[15.197s][info][gc,heap        ] GC(55) Survivor regions: 17->19(19)
[15.197s][info][gc,heap        ] GC(55) Old regions: 40->48
[15.197s][info][gc,heap        ] GC(55) Humongous regions: 12->12
[15.197s][info][gc,metaspace   ] GC(55) Metaspace: 57271K->57271K(1099776K)
[15.197s][info][gc             ] GC(55) Pause Young (Normal) (G1 Evacuation Pause) 199M->77M(322M) 47.623ms
[15.197s][info][gc,cpu         ] GC(55) User=0.04s Sys=0.00s Real=0.05s
[15.413s][info][gc,start       ] GC(56) Pause Young (Normal) (G1 Evacuation Pause)
[15.413s][info][gc,task        ] GC(56) Using 1 workers of 1 for evacuation
[15.459s][info][gc,phases      ] GC(56)   Pre Evacuate Collection Set: 0.0ms
[15.459s][info][gc,phases      ] GC(56)   Evacuate Collection Set: 46.1ms
[15.460s][info][gc,phases      ] GC(56)   Post Evacuate Collection Set: 0.3ms
[15.460s][info][gc,phases      ] GC(56)   Other: 0.3ms
[15.460s][info][gc,heap        ] GC(56) Eden regions: 138->0(141)
[15.460s][info][gc,heap        ] GC(56) Survivor regions: 19->20(20)
[15.460s][info][gc,heap        ] GC(56) Old regions: 48->57
[15.460s][info][gc,heap        ] GC(56) Humongous regions: 12->12
[15.460s][info][gc,metaspace   ] GC(56) Metaspace: 57271K->57271K(1099776K)
[15.460s][info][gc             ] GC(56) Pause Young (Normal) (G1 Evacuation Pause) 215M->87M(322M) 46.724ms
[15.460s][info][gc,cpu         ] GC(56) User=0.05s Sys=0.00s Real=0.04s
[15.696s][info][gc,start       ] GC(57) Pause Young (Normal) (G1 Evacuation Pause)
[15.696s][info][gc,task        ] GC(57) Using 1 workers of 1 for evacuation
[15.783s][info][gc,phases      ] GC(57)   Pre Evacuate Collection Set: 0.0ms
[15.783s][info][gc,phases      ] GC(57)   Evacuate Collection Set: 86.3ms
[15.783s][info][gc,phases      ] GC(57)   Post Evacuate Collection Set: 0.5ms
[15.783s][info][gc,phases      ] GC(57)   Other: 0.2ms
[15.783s][info][gc,heap        ] GC(57) Eden regions: 141->0(139)
[15.783s][info][gc,heap        ] GC(57) Survivor regions: 20->21(21)
[15.783s][info][gc,heap        ] GC(57) Old regions: 57->67
[15.783s][info][gc,heap        ] GC(57) Humongous regions: 17->17
[15.783s][info][gc,metaspace   ] GC(57) Metaspace: 57271K->57271K(1099776K)
[15.783s][info][gc             ] GC(57) Pause Young (Normal) (G1 Evacuation Pause) 233M->103M(322M) 87.114ms
[15.784s][info][gc,cpu         ] GC(57) User=0.09s Sys=0.00s Real=0.08s
[15.894s][info][gc,start       ] GC(58) Pause Young (Normal) (G1 Evacuation Pause)
[15.894s][info][gc,task        ] GC(58) Using 1 workers of 1 for evacuation
[15.957s][info][gc,phases      ] GC(58)   Pre Evacuate Collection Set: 0.0ms
[15.957s][info][gc,phases      ] GC(58)   Evacuate Collection Set: 62.1ms
[15.957s][info][gc,phases      ] GC(58)   Post Evacuate Collection Set: 0.5ms
[15.957s][info][gc,phases      ] GC(58)   Other: 1.0ms
[15.957s][info][gc,heap        ] GC(58) Eden regions: 139->0(150)
[15.957s][info][gc,heap        ] GC(58) Survivor regions: 21->11(20)
[15.957s][info][gc,heap        ] GC(58) Old regions: 67->88
[15.957s][info][gc,heap        ] GC(58) Humongous regions: 17->17
[15.957s][info][gc,metaspace   ] GC(58) Metaspace: 57271K->57271K(1099776K)
[15.957s][info][gc             ] GC(58) Pause Young (Normal) (G1 Evacuation Pause) 242M->114M(366M) 63.727ms
[15.957s][info][gc,cpu         ] GC(58) User=0.06s Sys=0.00s Real=0.06s
[16.051s][info][gc,start       ] GC(59) Pause Young (Normal) (G1 Evacuation Pause)
[16.051s][info][gc,task        ] GC(59) Using 1 workers of 1 for evacuation
[16.088s][info][gc,phases      ] GC(59)   Pre Evacuate Collection Set: 0.0ms
[16.088s][info][gc,phases      ] GC(59)   Evacuate Collection Set: 36.6ms
[16.088s][info][gc,phases      ] GC(59)   Post Evacuate Collection Set: 0.3ms
[16.088s][info][gc,phases      ] GC(59)   Other: 0.2ms
[16.088s][info][gc,heap        ] GC(59) Eden regions: 150->0(152)
[16.088s][info][gc,heap        ] GC(59) Survivor regions: 11->21(21)
[16.088s][info][gc,heap        ] GC(59) Old regions: 88->89
[16.088s][info][gc,heap        ] GC(59) Humongous regions: 17->17
[16.088s][info][gc,metaspace   ] GC(59) Metaspace: 57271K->57271K(1099776K)
[16.088s][info][gc             ] GC(59) Pause Young (Normal) (G1 Evacuation Pause) 264M->125M(366M) 37.271ms
[16.088s][info][gc,cpu         ] GC(59) User=0.03s Sys=0.01s Real=0.04s
[16.162s][info][gc,start       ] GC(60) Pause Young (Normal) (G1 Evacuation Pause)
[16.162s][info][gc,task        ] GC(60) Using 1 workers of 1 for evacuation
[16.211s][info][gc,phases      ] GC(60)   Pre Evacuate Collection Set: 0.0ms
[16.211s][info][gc,phases      ] GC(60)   Evacuate Collection Set: 48.8ms
[16.211s][info][gc,phases      ] GC(60)   Post Evacuate Collection Set: 0.3ms
[16.211s][info][gc,phases      ] GC(60)   Other: 0.2ms
[16.211s][info][gc,heap        ] GC(60) Eden regions: 152->0(151)
[16.211s][info][gc,heap        ] GC(60) Survivor regions: 21->22(22)
[16.211s][info][gc,heap        ] GC(60) Old regions: 89->100
[16.211s][info][gc,heap        ] GC(60) Humongous regions: 17->17
[16.211s][info][gc,metaspace   ] GC(60) Metaspace: 57271K->57271K(1099776K)
[16.211s][info][gc             ] GC(60) Pause Young (Normal) (G1 Evacuation Pause) 277M->137M(366M) 49.438ms
[16.211s][info][gc,cpu         ] GC(60) User=0.05s Sys=0.00s Real=0.05s
[16.617s][info][gc,start       ] GC(61) Pause Young (Normal) (G1 Evacuation Pause)
[16.617s][info][gc,task        ] GC(61) Using 1 workers of 1 for evacuation
[16.668s][info][gc,phases      ] GC(61)   Pre Evacuate Collection Set: 0.0ms
[16.668s][info][gc,phases      ] GC(61)   Evacuate Collection Set: 50.2ms
[16.668s][info][gc,phases      ] GC(61)   Post Evacuate Collection Set: 0.3ms
[16.668s][info][gc,phases      ] GC(61)   Other: 0.2ms
[16.668s][info][gc,heap        ] GC(61) Eden regions: 151->0(149)
[16.668s][info][gc,heap        ] GC(61) Survivor regions: 22->7(22)
[16.668s][info][gc,heap        ] GC(61) Old regions: 100->122
[16.668s][info][gc,heap        ] GC(61) Humongous regions: 17->17
[16.668s][info][gc,metaspace   ] GC(61) Metaspace: 57579K->57579K(1101824K)
[16.668s][info][gc             ] GC(61) Pause Young (Normal) (G1 Evacuation Pause) 288M->144M(366M) 50.920ms
[16.668s][info][gc,cpu         ] GC(61) User=0.05s Sys=0.00s Real=0.05s
[16.774s][info][gc,start       ] GC(62) Pause Young (Normal) (G1 Evacuation Pause)
[16.774s][info][gc,task        ] GC(62) Using 1 workers of 1 for evacuation
[16.784s][info][gc,phases      ] GC(62)   Pre Evacuate Collection Set: 0.0ms
[16.784s][info][gc,phases      ] GC(62)   Evacuate Collection Set: 9.8ms
[16.784s][info][gc,phases      ] GC(62)   Post Evacuate Collection Set: 0.4ms
[16.784s][info][gc,phases      ] GC(62)   Other: 0.2ms
[16.784s][info][gc,heap        ] GC(62) Eden regions: 149->0(159)
[16.784s][info][gc,heap        ] GC(62) Survivor regions: 7->7(20)
[16.784s][info][gc,heap        ] GC(62) Old regions: 122->122
[16.784s][info][gc,heap        ] GC(62) Humongous regions: 17->17
[16.784s][info][gc,metaspace   ] GC(62) Metaspace: 57579K->57579K(1101824K)
[16.784s][info][gc             ] GC(62) Pause Young (Normal) (G1 Evacuation Pause) 293M->144M(393M) 10.540ms
[16.784s][info][gc,cpu         ] GC(62) User=0.01s Sys=0.00s Real=0.01s
[16.892s][info][gc,start       ] GC(63) Pause Young (Normal) (G1 Evacuation Pause)
[16.892s][info][gc,task        ] GC(63) Using 1 workers of 1 for evacuation
[16.902s][info][gc,phases      ] GC(63)   Pre Evacuate Collection Set: 0.0ms
[16.902s][info][gc,phases      ] GC(63)   Evacuate Collection Set: 9.7ms
[16.902s][info][gc,phases      ] GC(63)   Post Evacuate Collection Set: 0.3ms
[16.902s][info][gc,phases      ] GC(63)   Other: 0.2ms
[16.902s][info][gc,heap        ] GC(63) Eden regions: 159->0(165)
[16.902s][info][gc,heap        ] GC(63) Survivor regions: 7->7(21)
[16.902s][info][gc,heap        ] GC(63) Old regions: 122->122
[16.902s][info][gc,heap        ] GC(63) Humongous regions: 17->17
[16.902s][info][gc,metaspace   ] GC(63) Metaspace: 57579K->57579K(1101824K)
[16.902s][info][gc             ] GC(63) Pause Young (Normal) (G1 Evacuation Pause) 303M->144M(393M) 10.318ms
[16.902s][info][gc,cpu         ] GC(63) User=0.01s Sys=0.00s Real=0.01s
[16.983s][info][gc,start       ] GC(64) Pause Young (Normal) (G1 Evacuation Pause)
[16.983s][info][gc,task        ] GC(64) Using 1 workers of 1 for evacuation
[16.993s][info][gc,phases      ] GC(64)   Pre Evacuate Collection Set: 0.0ms
[16.993s][info][gc,phases      ] GC(64)   Evacuate Collection Set: 9.6ms
[16.993s][info][gc,phases      ] GC(64)   Post Evacuate Collection Set: 0.3ms
[16.993s][info][gc,phases      ] GC(64)   Other: 0.2ms
[16.993s][info][gc,heap        ] GC(64) Eden regions: 165->0(170)
[16.993s][info][gc,heap        ] GC(64) Survivor regions: 7->7(22)
[16.993s][info][gc,heap        ] GC(64) Old regions: 122->122
[16.993s][info][gc,heap        ] GC(64) Humongous regions: 17->17
[16.993s][info][gc,metaspace   ] GC(64) Metaspace: 57579K->57579K(1101824K)
[16.993s][info][gc             ] GC(64) Pause Young (Normal) (G1 Evacuation Pause) 309M->144M(393M) 10.099ms
[16.993s][info][gc,cpu         ] GC(64) User=0.01s Sys=0.00s Real=0.02s
[17.077s][info][gc,start       ] GC(65) Pause Young (Normal) (G1 Evacuation Pause)
[17.077s][info][gc,task        ] GC(65) Using 1 workers of 1 for evacuation
[17.087s][info][gc,phases      ] GC(65)   Pre Evacuate Collection Set: 0.0ms
[17.087s][info][gc,phases      ] GC(65)   Evacuate Collection Set: 9.9ms
[17.087s][info][gc,phases      ] GC(65)   Post Evacuate Collection Set: 0.3ms
[17.087s][info][gc,phases      ] GC(65)   Other: 0.2ms
[17.087s][info][gc,heap        ] GC(65) Eden regions: 170->0(175)
[17.087s][info][gc,heap        ] GC(65) Survivor regions: 7->7(23)
[17.087s][info][gc,heap        ] GC(65) Old regions: 122->122
[17.087s][info][gc,heap        ] GC(65) Humongous regions: 17->17
[17.087s][info][gc,metaspace   ] GC(65) Metaspace: 57579K->57579K(1101824K)
[17.087s][info][gc             ] GC(65) Pause Young (Normal) (G1 Evacuation Pause) 314M->144M(393M) 10.442ms
[17.087s][info][gc,cpu         ] GC(65) User=0.01s Sys=0.00s Real=0.01s
[17.177s][info][gc,start       ] GC(66) Pause Young (Normal) (G1 Evacuation Pause)
[17.177s][info][gc,task        ] GC(66) Using 1 workers of 1 for evacuation
[17.190s][info][gc,phases      ] GC(66)   Pre Evacuate Collection Set: 0.0ms
[17.190s][info][gc,phases      ] GC(66)   Evacuate Collection Set: 12.9ms
[17.191s][info][gc,phases      ] GC(66)   Post Evacuate Collection Set: 0.4ms
[17.191s][info][gc,phases      ] GC(66)   Other: 0.3ms
[17.191s][info][gc,heap        ] GC(66) Eden regions: 175->0(179)
[17.191s][info][gc,heap        ] GC(66) Survivor regions: 7->7(23)
[17.191s][info][gc,heap        ] GC(66) Old regions: 122->122
[17.191s][info][gc,heap        ] GC(66) Humongous regions: 17->17
[17.191s][info][gc,metaspace   ] GC(66) Metaspace: 57579K->57579K(1101824K)
[17.191s][info][gc             ] GC(66) Pause Young (Normal) (G1 Evacuation Pause) 319M->144M(393M) 13.649ms
[17.191s][info][gc,cpu         ] GC(66) User=0.02s Sys=0.00s Real=0.01s
[17.321s][info][gc,start       ] GC(67) Pause Young (Normal) (G1 Evacuation Pause)
[17.321s][info][gc,task        ] GC(67) Using 1 workers of 1 for evacuation
[17.331s][info][gc,phases      ] GC(67)   Pre Evacuate Collection Set: 0.0ms
[17.331s][info][gc,phases      ] GC(67)   Evacuate Collection Set: 9.8ms
[17.331s][info][gc,phases      ] GC(67)   Post Evacuate Collection Set: 0.3ms
[17.331s][info][gc,phases      ] GC(67)   Other: 0.2ms
[17.331s][info][gc,heap        ] GC(67) Eden regions: 179->0(182)
[17.331s][info][gc,heap        ] GC(67) Survivor regions: 7->7(24)
[17.331s][info][gc,heap        ] GC(67) Old regions: 122->122
[17.331s][info][gc,heap        ] GC(67) Humongous regions: 17->17
[17.331s][info][gc,metaspace   ] GC(67) Metaspace: 57579K->57579K(1101824K)
[17.331s][info][gc             ] GC(67) Pause Young (Normal) (G1 Evacuation Pause) 323M->144M(393M) 10.366ms
[17.331s][info][gc,cpu         ] GC(67) User=0.01s Sys=0.00s Real=0.01s
[17.420s][info][gc,start       ] GC(68) Pause Young (Normal) (G1 Evacuation Pause)
[17.420s][info][gc,task        ] GC(68) Using 1 workers of 1 for evacuation
[17.431s][info][gc,phases      ] GC(68)   Pre Evacuate Collection Set: 0.0ms
[17.431s][info][gc,phases      ] GC(68)   Evacuate Collection Set: 9.7ms
[17.431s][info][gc,phases      ] GC(68)   Post Evacuate Collection Set: 0.3ms
[17.431s][info][gc,phases      ] GC(68)   Other: 0.2ms
[17.431s][info][gc,heap        ] GC(68) Eden regions: 182->0(185)
[17.431s][info][gc,heap        ] GC(68) Survivor regions: 7->7(24)
[17.431s][info][gc,heap        ] GC(68) Old regions: 122->122
[17.431s][info][gc,heap        ] GC(68) Humongous regions: 17->17
[17.431s][info][gc,metaspace   ] GC(68) Metaspace: 57579K->57579K(1101824K)
[17.431s][info][gc             ] GC(68) Pause Young (Normal) (G1 Evacuation Pause) 326M->144M(393M) 10.333ms
[17.431s][info][gc,cpu         ] GC(68) User=0.01s Sys=0.00s Real=0.01s
[17.543s][info][gc,start       ] GC(69) Pause Young (Normal) (G1 Evacuation Pause)
[17.543s][info][gc,task        ] GC(69) Using 1 workers of 1 for evacuation
[17.555s][info][gc,phases      ] GC(69)   Pre Evacuate Collection Set: 0.0ms
[17.555s][info][gc,phases      ] GC(69)   Evacuate Collection Set: 11.8ms
[17.555s][info][gc,phases      ] GC(69)   Post Evacuate Collection Set: 0.3ms
[17.555s][info][gc,phases      ] GC(69)   Other: 0.2ms
[17.555s][info][gc,heap        ] GC(69) Eden regions: 185->0(187)
[17.555s][info][gc,heap        ] GC(69) Survivor regions: 7->7(24)
[17.555s][info][gc,heap        ] GC(69) Old regions: 122->122
[17.555s][info][gc,heap        ] GC(69) Humongous regions: 17->17
[17.555s][info][gc,metaspace   ] GC(69) Metaspace: 57579K->57579K(1101824K)
[17.555s][info][gc             ] GC(69) Pause Young (Normal) (G1 Evacuation Pause) 329M->144M(393M) 12.364ms
[17.555s][info][gc,cpu         ] GC(69) User=0.01s Sys=0.00s Real=0.02s
[17.654s][info][gc,start       ] GC(70) Pause Young (Normal) (G1 Evacuation Pause)
[17.654s][info][gc,task        ] GC(70) Using 1 workers of 1 for evacuation
[17.664s][info][gc,phases      ] GC(70)   Pre Evacuate Collection Set: 0.0ms
[17.664s][info][gc,phases      ] GC(70)   Evacuate Collection Set: 9.6ms
[17.664s][info][gc,phases      ] GC(70)   Post Evacuate Collection Set: 0.3ms
[17.664s][info][gc,phases      ] GC(70)   Other: 0.2ms
[17.664s][info][gc,heap        ] GC(70) Eden regions: 187->0(189)
[17.664s][info][gc,heap        ] GC(70) Survivor regions: 7->7(25)
[17.664s][info][gc,heap        ] GC(70) Old regions: 122->122
[17.664s][info][gc,heap        ] GC(70) Humongous regions: 17->17
[17.664s][info][gc,metaspace   ] GC(70) Metaspace: 57579K->57579K(1101824K)
[17.664s][info][gc             ] GC(70) Pause Young (Normal) (G1 Evacuation Pause) 331M->144M(393M) 10.154ms
[17.664s][info][gc,cpu         ] GC(70) User=0.01s Sys=0.00s Real=0.00s
[17.761s][info][gc,start       ] GC(71) Pause Young (Normal) (G1 Evacuation Pause)
[17.761s][info][gc,task        ] GC(71) Using 1 workers of 1 for evacuation
[17.771s][info][gc,phases      ] GC(71)   Pre Evacuate Collection Set: 0.0ms
[17.771s][info][gc,phases      ] GC(71)   Evacuate Collection Set: 9.6ms
[17.771s][info][gc,phases      ] GC(71)   Post Evacuate Collection Set: 0.3ms
[17.771s][info][gc,phases      ] GC(71)   Other: 0.2ms
[17.771s][info][gc,heap        ] GC(71) Eden regions: 189->0(190)
[17.771s][info][gc,heap        ] GC(71) Survivor regions: 7->7(25)
[17.771s][info][gc,heap        ] GC(71) Old regions: 122->122
[17.771s][info][gc,heap        ] GC(71) Humongous regions: 17->17
[17.771s][info][gc,metaspace   ] GC(71) Metaspace: 57579K->57579K(1101824K)
[17.771s][info][gc             ] GC(71) Pause Young (Normal) (G1 Evacuation Pause) 333M->144M(393M) 10.246ms
[17.771s][info][gc,cpu         ] GC(71) User=0.01s Sys=0.00s Real=0.01s
[17.873s][info][gc,start       ] GC(72) Pause Young (Normal) (G1 Evacuation Pause)
[17.873s][info][gc,task        ] GC(72) Using 1 workers of 1 for evacuation
[17.883s][info][gc,phases      ] GC(72)   Pre Evacuate Collection Set: 0.0ms
[17.884s][info][gc,phases      ] GC(72)   Evacuate Collection Set: 9.7ms
[17.884s][info][gc,phases      ] GC(72)   Post Evacuate Collection Set: 0.3ms
[17.884s][info][gc,phases      ] GC(72)   Other: 0.2ms
[17.884s][info][gc,heap        ] GC(72) Eden regions: 190->0(191)
[17.884s][info][gc,heap        ] GC(72) Survivor regions: 7->7(25)
[17.884s][info][gc,heap        ] GC(72) Old regions: 122->122
[17.884s][info][gc,heap        ] GC(72) Humongous regions: 17->17
[17.884s][info][gc,metaspace   ] GC(72) Metaspace: 57579K->57579K(1101824K)
[17.884s][info][gc             ] GC(72) Pause Young (Normal) (G1 Evacuation Pause) 334M->144M(393M) 10.349ms
[17.884s][info][gc,cpu         ] GC(72) User=0.01s Sys=0.00s Real=0.00s
[17.979s][info][gc,start       ] GC(73) Pause Young (Normal) (G1 Evacuation Pause)
[17.979s][info][gc,task        ] GC(73) Using 1 workers of 1 for evacuation
[17.990s][info][gc,phases      ] GC(73)   Pre Evacuate Collection Set: 0.0ms
[17.990s][info][gc,phases      ] GC(73)   Evacuate Collection Set: 9.7ms
[17.990s][info][gc,phases      ] GC(73)   Post Evacuate Collection Set: 0.4ms
[17.990s][info][gc,phases      ] GC(73)   Other: 0.1ms
[17.990s][info][gc,heap        ] GC(73) Eden regions: 191->0(193)
[17.990s][info][gc,heap        ] GC(73) Survivor regions: 7->7(25)
[17.990s][info][gc,heap        ] GC(73) Old regions: 122->122
[17.990s][info][gc,heap        ] GC(73) Humongous regions: 17->17
[17.990s][info][gc,metaspace   ] GC(73) Metaspace: 57579K->57579K(1101824K)
[17.990s][info][gc             ] GC(73) Pause Young (Normal) (G1 Evacuation Pause) 335M->144M(398M) 10.347ms
[17.990s][info][gc,cpu         ] GC(73) User=0.01s Sys=0.00s Real=0.01s
[18.091s][info][gc,start       ] GC(74) Pause Young (Normal) (G1 Evacuation Pause)
[18.091s][info][gc,task        ] GC(74) Using 1 workers of 1 for evacuation
[18.102s][info][gc,phases      ] GC(74)   Pre Evacuate Collection Set: 0.0ms
[18.102s][info][gc,phases      ] GC(74)   Evacuate Collection Set: 10.5ms
[18.102s][info][gc,phases      ] GC(74)   Post Evacuate Collection Set: 0.3ms
[18.102s][info][gc,phases      ] GC(74)   Other: 0.2ms
[18.102s][info][gc,heap        ] GC(74) Eden regions: 193->0(195)
[18.102s][info][gc,heap        ] GC(74) Survivor regions: 7->7(25)
[18.102s][info][gc,heap        ] GC(74) Old regions: 122->122
[18.102s][info][gc,heap        ] GC(74) Humongous regions: 17->17
[18.102s][info][gc,metaspace   ] GC(74) Metaspace: 57579K->57579K(1101824K)
[18.102s][info][gc             ] GC(74) Pause Young (Normal) (G1 Evacuation Pause) 337M->144M(398M) 11.058ms
[18.102s][info][gc,cpu         ] GC(74) User=0.01s Sys=0.00s Real=0.01s
[18.203s][info][gc,start       ] GC(75) Pause Young (Normal) (G1 Evacuation Pause)
[18.203s][info][gc,task        ] GC(75) Using 1 workers of 1 for evacuation
[18.213s][info][gc,phases      ] GC(75)   Pre Evacuate Collection Set: 0.0ms
[18.213s][info][gc,phases      ] GC(75)   Evacuate Collection Set: 10.0ms
[18.213s][info][gc,phases      ] GC(75)   Post Evacuate Collection Set: 0.3ms
[18.213s][info][gc,phases      ] GC(75)   Other: 0.2ms
[18.213s][info][gc,heap        ] GC(75) Eden regions: 195->0(196)
[18.213s][info][gc,heap        ] GC(75) Survivor regions: 7->7(26)
[18.213s][info][gc,heap        ] GC(75) Old regions: 122->122
[18.213s][info][gc,heap        ] GC(75) Humongous regions: 17->17
[18.213s][info][gc,metaspace   ] GC(75) Metaspace: 57579K->57579K(1101824K)
[18.213s][info][gc             ] GC(75) Pause Young (Normal) (G1 Evacuation Pause) 339M->144M(398M) 10.560ms
[18.213s][info][gc,cpu         ] GC(75) User=0.02s Sys=0.00s Real=0.02s
[18.331s][info][gc,start       ] GC(76) Pause Young (Normal) (G1 Evacuation Pause)
[18.331s][info][gc,task        ] GC(76) Using 1 workers of 1 for evacuation
[18.342s][info][gc,phases      ] GC(76)   Pre Evacuate Collection Set: 0.0ms
[18.342s][info][gc,phases      ] GC(76)   Evacuate Collection Set: 10.0ms
[18.342s][info][gc,phases      ] GC(76)   Post Evacuate Collection Set: 0.3ms
[18.342s][info][gc,phases      ] GC(76)   Other: 0.2ms
[18.342s][info][gc,heap        ] GC(76) Eden regions: 196->0(197)
[18.342s][info][gc,heap        ] GC(76) Survivor regions: 7->1(26)
[18.342s][info][gc,heap        ] GC(76) Old regions: 122->129
[18.342s][info][gc,heap        ] GC(76) Humongous regions: 17->17
[18.342s][info][gc,metaspace   ] GC(76) Metaspace: 57579K->57579K(1101824K)
[18.342s][info][gc             ] GC(76) Pause Young (Normal) (G1 Evacuation Pause) 340M->145M(398M) 10.572ms
[18.342s][info][gc,cpu         ] GC(76) User=0.01s Sys=0.00s Real=0.01s
[18.712s][info][gc,task        ] GC(77) Using 1 workers of 1 for full compaction
[18.712s][info][gc,start       ] GC(77) Pause Full (System.gc())
[18.713s][info][gc,phases,start] GC(77) Phase 1: Mark live objects
[18.764s][info][gc,stringtable ] GC(77) Cleaned string and symbol table, strings: 21458 processed, 26 removed, symbols: 131057 processed, 5 removed
[18.764s][info][gc,phases      ] GC(77) Phase 1: Mark live objects 51.273ms
[18.764s][info][gc,phases,start] GC(77) Phase 2: Prepare for compaction
[18.769s][info][gc,phases      ] GC(77) Phase 2: Prepare for compaction 4.710ms
[18.769s][info][gc,phases,start] GC(77) Phase 3: Adjust pointers
[18.785s][info][gc,phases      ] GC(77) Phase 3: Adjust pointers 16.101ms
[18.785s][info][gc,phases,start] GC(77) Phase 4: Compact heap
[18.791s][info][gc,phases      ] GC(77) Phase 4: Compact heap 6.222ms
[18.803s][info][gc,heap        ] GC(77) Eden regions: 89->0(57)
[18.803s][info][gc,heap        ] GC(77) Survivor regions: 1->0(26)
[18.803s][info][gc,heap        ] GC(77) Old regions: 129->23
[18.803s][info][gc,heap        ] GC(77) Humongous regions: 22->6
[18.803s][info][gc,metaspace   ] GC(77) Metaspace: 59703K->59703K(1101824K)
[18.803s][info][gc             ] GC(77) Pause Full (System.gc()) 239M->28M(97M) 90.370ms
[18.803s][info][gc,cpu         ] GC(77) User=0.07s Sys=0.01s Real=0.08s
[19.066s][info][gc,start       ] GC(78) Pause Young (Normal) (G1 Evacuation Pause)
[19.066s][info][gc,task        ] GC(78) Using 1 workers of 1 for evacuation
[19.074s][info][gc,phases      ] GC(78)   Pre Evacuate Collection Set: 0.0ms
[19.074s][info][gc,phases      ] GC(78)   Evacuate Collection Set: 6.6ms
[19.074s][info][gc,phases      ] GC(78)   Post Evacuate Collection Set: 0.5ms
[19.074s][info][gc,phases      ] GC(78)   Other: 0.3ms
[19.074s][info][gc,heap        ] GC(78) Eden regions: 57->0(95)
[19.074s][info][gc,heap        ] GC(78) Survivor regions: 0->3(8)
[19.074s][info][gc,heap        ] GC(78) Old regions: 23->23
[19.074s][info][gc,heap        ] GC(78) Humongous regions: 11->6
[19.074s][info][gc,metaspace   ] GC(78) Metaspace: 59826K->59826K(1103872K)
[19.074s][info][gc             ] GC(78) Pause Young (Normal) (G1 Evacuation Pause) 90M->31M(164M) 7.447ms
[19.074s][info][gc,cpu         ] GC(78) User=0.00s Sys=0.00s Real=0.01s
[19.416s][info][gc,start       ] GC(79) Pause Young (Normal) (G1 Evacuation Pause)
[19.416s][info][gc,task        ] GC(79) Using 1 workers of 1 for evacuation
[19.449s][info][gc,phases      ] GC(79)   Pre Evacuate Collection Set: 0.0ms
[19.449s][info][gc,phases      ] GC(79)   Evacuate Collection Set: 28.4ms
[19.449s][info][gc,phases      ] GC(79)   Post Evacuate Collection Set: 3.8ms
[19.449s][info][gc,phases      ] GC(79)   Other: 0.3ms
[19.449s][info][gc,heap        ] GC(79) Eden regions: 95->0(88)
[19.449s][info][gc,heap        ] GC(79) Survivor regions: 3->10(13)
[19.449s][info][gc,heap        ] GC(79) Old regions: 23->23
[19.449s][info][gc,heap        ] GC(79) Humongous regions: 7->7
[19.449s][info][gc,metaspace   ] GC(79) Metaspace: 59826K->59826K(1103872K)
[19.449s][info][gc             ] GC(79) Pause Young (Normal) (G1 Evacuation Pause) 127M->38M(164M) 32.511ms
[19.449s][info][gc,cpu         ] GC(79) User=0.04s Sys=0.00s Real=0.03s
[19.652s][info][gc,start       ] GC(80) Pause Young (Normal) (G1 Evacuation Pause)
[19.652s][info][gc,task        ] GC(80) Using 1 workers of 1 for evacuation
[19.705s][info][gc,phases      ] GC(80)   Pre Evacuate Collection Set: 0.0ms
[19.705s][info][gc,phases      ] GC(80)   Evacuate Collection Set: 46.6ms
[19.705s][info][gc,phases      ] GC(80)   Post Evacuate Collection Set: 6.1ms
[19.705s][info][gc,phases      ] GC(80)   Other: 0.2ms
[19.705s][info][gc,heap        ] GC(80) Eden regions: 88->0(87)
[19.705s][info][gc,heap        ] GC(80) Survivor regions: 10->7(13)
[19.705s][info][gc,heap        ] GC(80) Old regions: 23->33
[19.705s][info][gc,heap        ] GC(80) Humongous regions: 9->9
[19.705s][info][gc,metaspace   ] GC(80) Metaspace: 59826K->59826K(1103872K)
[19.705s][info][gc             ] GC(80) Pause Young (Normal) (G1 Evacuation Pause) 128M->47M(164M) 52.998ms
[19.705s][info][gc,cpu         ] GC(80) User=0.06s Sys=0.00s Real=0.05s
[19.892s][info][gc,start       ] GC(81) Pause Young (Normal) (G1 Evacuation Pause)
[19.892s][info][gc,task        ] GC(81) Using 1 workers of 1 for evacuation
[19.931s][info][gc,phases      ] GC(81)   Pre Evacuate Collection Set: 0.0ms
[19.932s][info][gc,phases      ] GC(81)   Evacuate Collection Set: 38.8ms
[19.932s][info][gc,phases      ] GC(81)   Post Evacuate Collection Set: 0.3ms
[19.932s][info][gc,phases      ] GC(81)   Other: 0.2ms
[19.932s][info][gc,heap        ] GC(81) Eden regions: 87->0(80)
[19.932s][info][gc,heap        ] GC(81) Survivor regions: 7->7(12)
[19.932s][info][gc,heap        ] GC(81) Old regions: 33->39
[19.932s][info][gc,heap        ] GC(81) Humongous regions: 9->9
[19.932s][info][gc,metaspace   ] GC(81) Metaspace: 59826K->59826K(1103872K)
[19.932s][info][gc             ] GC(81) Pause Young (Normal) (G1 Evacuation Pause) 134M->53M(164M) 39.398ms
[19.932s][info][gc,cpu         ] GC(81) User=0.04s Sys=0.00s Real=0.03s
[20.071s][info][gc,start       ] GC(82) Pause Young (Normal) (G1 Evacuation Pause)
[20.071s][info][gc,task        ] GC(82) Using 1 workers of 1 for evacuation
[20.094s][info][gc,phases      ] GC(82)   Pre Evacuate Collection Set: 0.0ms
[20.094s][info][gc,phases      ] GC(82)   Evacuate Collection Set: 22.6ms
[20.094s][info][gc,phases      ] GC(82)   Post Evacuate Collection Set: 0.2ms
[20.094s][info][gc,phases      ] GC(82)   Other: 0.2ms
[20.094s][info][gc,heap        ] GC(82) Eden regions: 80->0(71)
[20.094s][info][gc,heap        ] GC(82) Survivor regions: 7->6(11)
[20.094s][info][gc,heap        ] GC(82) Old regions: 39->46
[20.094s][info][gc,heap        ] GC(82) Humongous regions: 12->12
[20.094s][info][gc,metaspace   ] GC(82) Metaspace: 59826K->59826K(1103872K)
[20.094s][info][gc             ] GC(82) Pause Young (Normal) (G1 Evacuation Pause) 136M->62M(164M) 23.040ms
[20.094s][info][gc,cpu         ] GC(82) User=0.02s Sys=0.00s Real=0.03s
[20.177s][info][gc,start       ] GC(83) Pause Young (Normal) (G1 Evacuation Pause)
[20.177s][info][gc,task        ] GC(83) Using 1 workers of 1 for evacuation
[20.213s][info][gc,phases      ] GC(83)   Pre Evacuate Collection Set: 0.0ms
[20.214s][info][gc,phases      ] GC(83)   Evacuate Collection Set: 36.1ms
[20.214s][info][gc,phases      ] GC(83)   Post Evacuate Collection Set: 0.5ms
[20.214s][info][gc,phases      ] GC(83)   Other: 0.1ms
[20.214s][info][gc,heap        ] GC(83) Eden regions: 71->0(98)
[20.214s][info][gc,heap        ] GC(83) Survivor regions: 6->6(10)
[20.214s][info][gc,heap        ] GC(83) Old regions: 46->52
[20.214s][info][gc,heap        ] GC(83) Humongous regions: 12->12
[20.214s][info][gc,metaspace   ] GC(83) Metaspace: 59826K->59826K(1103872K)
[20.214s][info][gc             ] GC(83) Pause Young (Normal) (G1 Evacuation Pause) 133M->68M(237M) 36.916ms
[20.214s][info][gc,cpu         ] GC(83) User=0.04s Sys=0.00s Real=0.04s
[20.379s][info][gc,start       ] GC(84) Pause Young (Normal) (G1 Evacuation Pause)
[20.380s][info][gc,task        ] GC(84) Using 1 workers of 1 for evacuation
[20.402s][info][gc,phases      ] GC(84)   Pre Evacuate Collection Set: 0.0ms
[20.402s][info][gc,phases      ] GC(84)   Evacuate Collection Set: 22.1ms
[20.402s][info][gc,phases      ] GC(84)   Post Evacuate Collection Set: 0.3ms
[20.402s][info][gc,phases      ] GC(84)   Other: 0.4ms
[20.402s][info][gc,heap        ] GC(84) Eden regions: 98->0(98)
[20.402s][info][gc,heap        ] GC(84) Survivor regions: 6->13(13)
[20.402s][info][gc,heap        ] GC(84) Old regions: 52->52
[20.402s][info][gc,heap        ] GC(84) Humongous regions: 12->12
[20.402s][info][gc,metaspace   ] GC(84) Metaspace: 59826K->59826K(1103872K)
[20.402s][info][gc             ] GC(84) Pause Young (Normal) (G1 Evacuation Pause) 166M->75M(237M) 22.750ms
[20.402s][info][gc,cpu         ] GC(84) User=0.02s Sys=0.00s Real=0.02s
[20.540s][info][gc,start       ] GC(85) Pause Young (Normal) (G1 Evacuation Pause)
[20.540s][info][gc,task        ] GC(85) Using 1 workers of 1 for evacuation
[20.599s][info][gc,phases      ] GC(85)   Pre Evacuate Collection Set: 0.0ms
[20.599s][info][gc,phases      ] GC(85)   Evacuate Collection Set: 55.6ms
[20.599s][info][gc,phases      ] GC(85)   Post Evacuate Collection Set: 2.7ms
[20.599s][info][gc,phases      ] GC(85)   Other: 0.2ms
[20.599s][info][gc,heap        ] GC(85) Eden regions: 98->0(96)
[20.599s][info][gc,heap        ] GC(85) Survivor regions: 13->8(14)
[20.599s][info][gc,heap        ] GC(85) Old regions: 52->65
[20.599s][info][gc,heap        ] GC(85) Humongous regions: 12->12
[20.599s][info][gc,metaspace   ] GC(85) Metaspace: 59826K->59826K(1103872K)
[20.599s][info][gc             ] GC(85) Pause Young (Normal) (G1 Evacuation Pause) 173M->82M(237M) 58.569ms
[20.599s][info][gc,cpu         ] GC(85) User=0.06s Sys=0.00s Real=0.06s
[20.711s][info][gc,start       ] GC(86) Pause Young (Normal) (G1 Evacuation Pause)
[20.711s][info][gc,task        ] GC(86) Using 1 workers of 1 for evacuation
[20.757s][info][gc,phases      ] GC(86)   Pre Evacuate Collection Set: 0.0ms
[20.757s][info][gc,phases      ] GC(86)   Evacuate Collection Set: 45.5ms
[20.757s][info][gc,phases      ] GC(86)   Post Evacuate Collection Set: 0.3ms
[20.757s][info][gc,phases      ] GC(86)   Other: 0.2ms
[20.757s][info][gc,heap        ] GC(86) Eden regions: 96->0(91)
[20.757s][info][gc,heap        ] GC(86) Survivor regions: 8->8(13)
[20.757s][info][gc,heap        ] GC(86) Old regions: 65->72
[20.757s][info][gc,heap        ] GC(86) Humongous regions: 17->17
[20.757s][info][gc,metaspace   ] GC(86) Metaspace: 59826K->59826K(1103872K)
[20.757s][info][gc             ] GC(86) Pause Young (Normal) (G1 Evacuation Pause) 183M->95M(237M) 46.120ms
[20.757s][info][gc,cpu         ] GC(86) User=0.05s Sys=0.00s Real=0.05s
[20.818s][info][gc,start       ] GC(87) Pause Young (Normal) (G1 Evacuation Pause)
[20.818s][info][gc,task        ] GC(87) Using 1 workers of 1 for evacuation
[20.842s][info][gc,phases      ] GC(87)   Pre Evacuate Collection Set: 0.0ms
[20.842s][info][gc,phases      ] GC(87)   Evacuate Collection Set: 23.4ms
[20.842s][info][gc,phases      ] GC(87)   Post Evacuate Collection Set: 0.5ms
[20.842s][info][gc,phases      ] GC(87)   Other: 0.2ms
[20.842s][info][gc,heap        ] GC(87) Eden regions: 91->0(113)
[20.842s][info][gc,heap        ] GC(87) Survivor regions: 8->7(13)
[20.842s][info][gc,heap        ] GC(87) Old regions: 72->80
[20.842s][info][gc,heap        ] GC(87) Humongous regions: 17->17
[20.842s][info][gc,metaspace   ] GC(87) Metaspace: 59826K->59826K(1103872K)
[20.842s][info][gc             ] GC(87) Pause Young (Normal) (G1 Evacuation Pause) 186M->102M(290M) 24.179ms
[20.842s][info][gc,cpu         ] GC(87) User=0.03s Sys=0.00s Real=0.02s
[20.914s][info][gc,start       ] GC(88) Pause Young (Normal) (G1 Evacuation Pause)
[20.914s][info][gc,task        ] GC(88) Using 1 workers of 1 for evacuation
[20.962s][info][gc,phases      ] GC(88)   Pre Evacuate Collection Set: 0.0ms
[20.962s][info][gc,phases      ] GC(88)   Evacuate Collection Set: 47.5ms
[20.962s][info][gc,phases      ] GC(88)   Post Evacuate Collection Set: 0.3ms
[20.962s][info][gc,phases      ] GC(88)   Other: 0.4ms
[20.962s][info][gc,heap        ] GC(88) Eden regions: 113->0(111)
[20.962s][info][gc,heap        ] GC(88) Survivor regions: 7->15(15)
[20.962s][info][gc,heap        ] GC(88) Old regions: 80->80
[20.962s][info][gc,heap        ] GC(88) Humongous regions: 17->17
[20.962s][info][gc,metaspace   ] GC(88) Metaspace: 59826K->59826K(1103872K)
[20.962s][info][gc             ] GC(88) Pause Young (Normal) (G1 Evacuation Pause) 215M->111M(290M) 48.293ms
[20.962s][info][gc,cpu         ] GC(88) User=0.04s Sys=0.00s Real=0.04s
[21.018s][info][gc,start       ] GC(89) Pause Young (Normal) (G1 Evacuation Pause)
[21.018s][info][gc,task        ] GC(89) Using 1 workers of 1 for evacuation
[21.055s][info][gc,phases      ] GC(89)   Pre Evacuate Collection Set: 0.0ms
[21.055s][info][gc,phases      ] GC(89)   Evacuate Collection Set: 36.6ms
[21.055s][info][gc,phases      ] GC(89)   Post Evacuate Collection Set: 0.3ms
[21.056s][info][gc,phases      ] GC(89)   Other: 0.2ms
[21.056s][info][gc,heap        ] GC(89) Eden regions: 111->0(108)
[21.056s][info][gc,heap        ] GC(89) Survivor regions: 15->9(16)
[21.056s][info][gc,heap        ] GC(89) Old regions: 80->96
[21.056s][info][gc,heap        ] GC(89) Humongous regions: 17->17
[21.056s][info][gc,metaspace   ] GC(89) Metaspace: 59826K->59826K(1103872K)
[21.056s][info][gc             ] GC(89) Pause Young (Normal) (G1 Evacuation Pause) 222M->119M(290M) 37.149ms
[21.056s][info][gc,cpu         ] GC(89) User=0.03s Sys=0.00s Real=0.04s
[21.192s][info][gc,start       ] GC(90) Pause Young (Normal) (G1 Evacuation Pause)
[21.192s][info][gc,task        ] GC(90) Using 1 workers of 1 for evacuation
[21.223s][info][gc,phases      ] GC(90)   Pre Evacuate Collection Set: 0.0ms
[21.223s][info][gc,phases      ] GC(90)   Evacuate Collection Set: 30.7ms
[21.223s][info][gc,phases      ] GC(90)   Post Evacuate Collection Set: 0.3ms
[21.223s][info][gc,phases      ] GC(90)   Other: 0.3ms
[21.223s][info][gc,heap        ] GC(90) Eden regions: 108->0(105)
[21.223s][info][gc,heap        ] GC(90) Survivor regions: 9->9(15)
[21.223s][info][gc,heap        ] GC(90) Old regions: 96->104
[21.223s][info][gc,heap        ] GC(90) Humongous regions: 17->17
[21.223s][info][gc,metaspace   ] GC(90) Metaspace: 60130K->60130K(1103872K)
[21.223s][info][gc             ] GC(90) Pause Young (Normal) (G1 Evacuation Pause) 227M->128M(290M) 31.391ms
[21.223s][info][gc,cpu         ] GC(90) User=0.03s Sys=0.00s Real=0.02s
[21.481s][info][gc,start       ] GC(91) Pause Young (Normal) (G1 Evacuation Pause)
[21.481s][info][gc,task        ] GC(91) Using 1 workers of 1 for evacuation
[21.506s][info][gc,phases      ] GC(91)   Pre Evacuate Collection Set: 0.0ms
[21.506s][info][gc,phases      ] GC(91)   Evacuate Collection Set: 24.1ms
[21.506s][info][gc,phases      ] GC(91)   Post Evacuate Collection Set: 0.5ms
[21.506s][info][gc,phases      ] GC(91)   Other: 0.2ms
[21.506s][info][gc,heap        ] GC(91) Eden regions: 105->0(122)
[21.506s][info][gc,heap        ] GC(91) Survivor regions: 9->7(15)
[21.506s][info][gc,heap        ] GC(91) Old regions: 104->113
[21.506s][info][gc,heap        ] GC(91) Humongous regions: 22->17
[21.506s][info][gc,metaspace   ] GC(91) Metaspace: 60162K->60162K(1103872K)
[21.506s][info][gc             ] GC(91) Pause Young (Normal) (G1 Evacuation Pause) 238M->135M(335M) 24.890ms
[21.506s][info][gc,cpu         ] GC(91) User=0.02s Sys=0.00s Real=0.03s
[21.591s][info][gc,start       ] GC(92) Pause Young (Normal) (G1 Evacuation Pause)
[21.591s][info][gc,task        ] GC(92) Using 1 workers of 1 for evacuation
[21.620s][info][gc,phases      ] GC(92)   Pre Evacuate Collection Set: 0.0ms
[21.620s][info][gc,phases      ] GC(92)   Evacuate Collection Set: 27.7ms
[21.620s][info][gc,phases      ] GC(92)   Post Evacuate Collection Set: 0.3ms
[21.620s][info][gc,phases      ] GC(92)   Other: 0.2ms
[21.620s][info][gc,heap        ] GC(92) Eden regions: 122->0(119)
[21.620s][info][gc,heap        ] GC(92) Survivor regions: 7->16(17)
[21.620s][info][gc,heap        ] GC(92) Old regions: 113->113
[21.620s][info][gc,heap        ] GC(92) Humongous regions: 18->18
[21.620s][info][gc,metaspace   ] GC(92) Metaspace: 60162K->60162K(1103872K)
[21.620s][info][gc             ] GC(92) Pause Young (Normal) (G1 Evacuation Pause) 258M->145M(335M) 28.411ms
[21.620s][info][gc,cpu         ] GC(92) User=0.03s Sys=0.00s Real=0.03s
[21.745s][info][gc,start       ] GC(93) Pause Young (Normal) (G1 Evacuation Pause)
[21.745s][info][gc,task        ] GC(93) Using 1 workers of 1 for evacuation
[21.785s][info][gc,phases      ] GC(93)   Pre Evacuate Collection Set: 0.0ms
[21.785s][info][gc,phases      ] GC(93)   Evacuate Collection Set: 39.3ms
[21.785s][info][gc,phases      ] GC(93)   Post Evacuate Collection Set: 0.3ms
[21.785s][info][gc,phases      ] GC(93)   Other: 0.2ms
[21.785s][info][gc,heap        ] GC(93) Eden regions: 119->0(115)
[21.785s][info][gc,heap        ] GC(93) Survivor regions: 16->9(17)
[21.785s][info][gc,heap        ] GC(93) Old regions: 113->128
[21.785s][info][gc,heap        ] GC(93) Humongous regions: 20->20
[21.785s][info][gc,metaspace   ] GC(93) Metaspace: 60292K->60292K(1103872K)
[21.785s][info][gc             ] GC(93) Pause Young (Normal) (G1 Evacuation Pause) 266M->155M(335M) 39.846ms
[21.785s][info][gc,cpu         ] GC(93) User=0.04s Sys=0.00s Real=0.04s
[21.850s][info][gc,start       ] GC(94) Pause Young (Normal) (G1 Evacuation Pause)
[21.850s][info][gc,task        ] GC(94) Using 1 workers of 1 for evacuation
[21.883s][info][gc,phases      ] GC(94)   Pre Evacuate Collection Set: 0.0ms
[21.883s][info][gc,phases      ] GC(94)   Evacuate Collection Set: 32.3ms
[21.883s][info][gc,phases      ] GC(94)   Post Evacuate Collection Set: 0.3ms
[21.883s][info][gc,phases      ] GC(94)   Other: 0.2ms
[21.883s][info][gc,heap        ] GC(94) Eden regions: 115->0(109)
[21.883s][info][gc,heap        ] GC(94) Survivor regions: 9->9(16)
[21.883s][info][gc,heap        ] GC(94) Old regions: 128->137
[21.883s][info][gc,heap        ] GC(94) Humongous regions: 23->23
[21.883s][info][gc,metaspace   ] GC(94) Metaspace: 60292K->60292K(1103872K)
[21.883s][info][gc             ] GC(94) Pause Young (Normal) (G1 Evacuation Pause) 273M->168M(335M) 32.907ms
[21.883s][info][gc,cpu         ] GC(94) User=0.04s Sys=0.00s Real=0.03s
[21.938s][info][gc,start       ] GC(95) Pause Young (Concurrent Start) (G1 Evacuation Pause)
[21.938s][info][gc,task        ] GC(95) Using 1 workers of 1 for evacuation
[21.967s][info][gc,phases      ] GC(95)   Pre Evacuate Collection Set: 0.3ms
[21.967s][info][gc,phases      ] GC(95)   Evacuate Collection Set: 28.8ms
[21.967s][info][gc,phases      ] GC(95)   Post Evacuate Collection Set: 0.4ms
[21.967s][info][gc,phases      ] GC(95)   Other: 0.2ms
[21.967s][info][gc,heap        ] GC(95) Eden regions: 109->0(120)
[21.967s][info][gc,heap        ] GC(95) Survivor regions: 9->9(15)
[21.967s][info][gc,heap        ] GC(95) Old regions: 137->146
[21.967s][info][gc,heap        ] GC(95) Humongous regions: 23->23
[21.967s][info][gc,metaspace   ] GC(95) Metaspace: 60292K->60292K(1103872K)
[21.967s][info][gc             ] GC(95) Pause Young (Concurrent Start) (G1 Evacuation Pause) 277M->176M(371M) 29.804ms
[21.967s][info][gc,cpu         ] GC(95) User=0.03s Sys=0.00s Real=0.03s
[21.967s][info][gc             ] GC(96) Concurrent Cycle
[21.967s][info][gc,marking     ] GC(96) Concurrent Clear Claimed Marks
[21.968s][info][gc,marking     ] GC(96) Concurrent Clear Claimed Marks 0.296ms
[21.968s][info][gc,marking     ] GC(96) Concurrent Scan Root Regions
[21.972s][info][gc,marking     ] GC(96) Concurrent Scan Root Regions 3.847ms
[21.972s][info][gc,marking     ] GC(96) Concurrent Mark (21.972s)
[21.972s][info][gc,marking     ] GC(96) Concurrent Mark From Roots
[21.972s][info][gc,task        ] GC(96) Using 1 workers of 1 for marking
[22.075s][info][gc,marking     ] GC(96) Concurrent Mark From Roots 103.133ms
[22.075s][info][gc,marking     ] GC(96) Concurrent Preclean
[22.075s][info][gc,marking     ] GC(96) Concurrent Preclean 0.089ms
[22.075s][info][gc,marking     ] GC(96) Concurrent Mark (21.972s, 22.075s) 103.291ms
[22.077s][info][gc,start       ] GC(96) Pause Remark
[22.098s][info][gc,stringtable ] GC(96) Cleaned string and symbol table, strings: 21550 processed, 19 removed, symbols: 131531 processed, 0 removed
[22.098s][info][gc             ] GC(96) Pause Remark 260M->163M(371M) 21.072ms
[22.098s][info][gc,cpu         ] GC(96) User=0.02s Sys=0.00s Real=0.02s
[22.098s][info][gc,marking     ] GC(96) Concurrent Rebuild Remembered Sets
[22.143s][info][gc,start       ] GC(97) Pause Young (Normal) (G1 Evacuation Pause)
[22.143s][info][gc,task        ] GC(97) Using 1 workers of 1 for evacuation
[22.172s][info][gc,phases      ] GC(97)   Pre Evacuate Collection Set: 0.0ms
[22.172s][info][gc,phases      ] GC(97)   Evacuate Collection Set: 29.0ms
[22.172s][info][gc,phases      ] GC(97)   Post Evacuate Collection Set: 0.3ms
[22.172s][info][gc,phases      ] GC(97)   Other: 0.2ms
[22.172s][info][gc,heap        ] GC(97) Eden regions: 120->0(160)
[22.172s][info][gc,heap        ] GC(97) Survivor regions: 9->17(17)
[22.172s][info][gc,heap        ] GC(97) Old regions: 63->64
[22.172s][info][gc,heap        ] GC(97) Humongous regions: 9->9
[22.172s][info][gc,metaspace   ] GC(97) Metaspace: 60293K->60293K(1103872K)
[22.172s][info][gc             ] GC(97) Pause Young (Normal) (G1 Evacuation Pause) 199M->88M(371M) 29.514ms
[22.172s][info][gc,cpu         ] GC(97) User=0.03s Sys=0.00s Real=0.04s
[22.239s][info][gc,marking     ] GC(96) Concurrent Rebuild Remembered Sets 140.720ms
[22.244s][info][gc,start       ] GC(96) Pause Cleanup
[22.244s][info][gc             ] GC(96) Pause Cleanup 138M->138M(371M) 0.216ms
[22.244s][info][gc,cpu         ] GC(96) User=0.00s Sys=0.00s Real=0.00s
[22.245s][info][gc,marking     ] GC(96) Concurrent Cleanup for Next Mark
[22.254s][info][gc,marking     ] GC(96) Concurrent Cleanup for Next Mark 8.392ms
[22.254s][info][gc             ] GC(96) Concurrent Cycle 286.282ms
[22.326s][info][gc,start       ] GC(98) Pause Young (Normal) (G1 Evacuation Pause)
[22.327s][info][gc,task        ] GC(98) Using 1 workers of 1 for evacuation
[22.377s][info][gc,phases      ] GC(98)   Pre Evacuate Collection Set: 0.0ms
[22.377s][info][gc,phases      ] GC(98)   Evacuate Collection Set: 50.1ms
[22.377s][info][gc,phases      ] GC(98)   Post Evacuate Collection Set: 0.4ms
[22.377s][info][gc,phases      ] GC(98)   Other: 0.2ms
[22.377s][info][gc,heap        ] GC(98) Eden regions: 160->0(157)
[22.377s][info][gc,heap        ] GC(98) Survivor regions: 17->21(23)
[22.377s][info][gc,heap        ] GC(98) Old regions: 64->72
[22.377s][info][gc,heap        ] GC(98) Humongous regions: 14->14
[22.377s][info][gc,metaspace   ] GC(98) Metaspace: 60294K->60294K(1103872K)
[22.377s][info][gc             ] GC(98) Pause Young (Normal) (G1 Evacuation Pause) 253M->105M(371M) 50.725ms
[22.377s][info][gc,cpu         ] GC(98) User=0.05s Sys=0.00s Real=0.05s
[22.455s][info][gc,start       ] GC(99) Pause Young (Normal) (G1 Evacuation Pause)
[22.455s][info][gc,task        ] GC(99) Using 1 workers of 1 for evacuation
[22.507s][info][gc,phases      ] GC(99)   Pre Evacuate Collection Set: 0.0ms
[22.507s][info][gc,phases      ] GC(99)   Evacuate Collection Set: 51.4ms
[22.507s][info][gc,phases      ] GC(99)   Post Evacuate Collection Set: 0.3ms
[22.507s][info][gc,phases      ] GC(99)   Other: 0.2ms
[22.507s][info][gc,heap        ] GC(99) Eden regions: 157->0(156)
[22.507s][info][gc,heap        ] GC(99) Survivor regions: 21->12(23)
[22.507s][info][gc,heap        ] GC(99) Old regions: 72->93
[22.507s][info][gc,heap        ] GC(99) Humongous regions: 14->14
[22.507s][info][gc,metaspace   ] GC(99) Metaspace: 60294K->60294K(1103872K)
[22.507s][info][gc             ] GC(99) Pause Young (Normal) (G1 Evacuation Pause) 262M->118M(371M) 52.014ms
[22.507s][info][gc,cpu         ] GC(99) User=0.05s Sys=0.00s Real=0.05s
[22.585s][info][gc,start       ] GC(100) Pause Young (Normal) (G1 Evacuation Pause)
[22.585s][info][gc,task        ] GC(100) Using 1 workers of 1 for evacuation
[22.624s][info][gc,phases      ] GC(100)   Pre Evacuate Collection Set: 0.0ms
[22.624s][info][gc,phases      ] GC(100)   Evacuate Collection Set: 38.6ms
[22.624s][info][gc,phases      ] GC(100)   Post Evacuate Collection Set: 0.5ms
[22.624s][info][gc,phases      ] GC(100)   Other: 0.2ms
[22.624s][info][gc,heap        ] GC(100) Eden regions: 156->0(167)
[22.624s][info][gc,heap        ] GC(100) Survivor regions: 12->12(21)
[22.624s][info][gc,heap        ] GC(100) Old regions: 93->105
[22.624s][info][gc,heap        ] GC(100) Humongous regions: 14->14
[22.624s][info][gc,metaspace   ] GC(100) Metaspace: 60294K->60294K(1103872K)
[22.624s][info][gc             ] GC(100) Pause Young (Normal) (G1 Evacuation Pause) 274M->130M(411M) 39.371ms
[22.624s][info][gc,cpu         ] GC(100) User=0.04s Sys=0.00s Real=0.03s
[22.824s][info][gc,start       ] GC(101) Pause Young (Normal) (G1 Evacuation Pause)
[22.824s][info][gc,task        ] GC(101) Using 1 workers of 1 for evacuation
[22.863s][info][gc,phases      ] GC(101)   Pre Evacuate Collection Set: 0.0ms
[22.863s][info][gc,phases      ] GC(101)   Evacuate Collection Set: 38.4ms
[22.863s][info][gc,phases      ] GC(101)   Post Evacuate Collection Set: 0.3ms
[22.863s][info][gc,phases      ] GC(101)   Other: 0.3ms
[22.863s][info][gc,heap        ] GC(101) Eden regions: 167->0(166)
[22.863s][info][gc,heap        ] GC(101) Survivor regions: 12->12(23)
[22.863s][info][gc,heap        ] GC(101) Old regions: 105->117
[22.863s][info][gc,heap        ] GC(101) Humongous regions: 14->14
[22.863s][info][gc,metaspace   ] GC(101) Metaspace: 60297K->60297K(1103872K)
[22.863s][info][gc             ] GC(101) Pause Young (Normal) (G1 Evacuation Pause) 297M->141M(411M) 39.109ms
[22.863s][info][gc,cpu         ] GC(101) User=0.04s Sys=0.00s Real=0.04s
[23.078s][info][gc,start       ] GC(102) Pause Young (Normal) (G1 Evacuation Pause)
[23.079s][info][gc,task        ] GC(102) Using 1 workers of 1 for evacuation
[23.093s][info][gc,phases      ] GC(102)   Pre Evacuate Collection Set: 0.0ms
[23.093s][info][gc,phases      ] GC(102)   Evacuate Collection Set: 14.4ms
[23.093s][info][gc,phases      ] GC(102)   Post Evacuate Collection Set: 0.3ms
[23.093s][info][gc,phases      ] GC(102)   Other: 0.3ms
[23.093s][info][gc,heap        ] GC(102) Eden regions: 166->0(170)
[23.093s][info][gc,heap        ] GC(102) Survivor regions: 12->12(23)
[23.093s][info][gc,heap        ] GC(102) Old regions: 117->117
[23.093s][info][gc,heap        ] GC(102) Humongous regions: 14->14
[23.093s][info][gc,metaspace   ] GC(102) Metaspace: 60297K->60297K(1103872K)
[23.093s][info][gc             ] GC(102) Pause Young (Normal) (G1 Evacuation Pause) 307M->141M(411M) 15.042ms
[23.093s][info][gc,cpu         ] GC(102) User=0.01s Sys=0.00s Real=0.02s
[23.234s][info][gc,start       ] GC(103) Pause Young (Normal) (G1 Evacuation Pause)
[23.234s][info][gc,task        ] GC(103) Using 1 workers of 1 for evacuation
[23.257s][info][gc,phases      ] GC(103)   Pre Evacuate Collection Set: 0.0ms
[23.257s][info][gc,phases      ] GC(103)   Evacuate Collection Set: 22.9ms
[23.257s][info][gc,phases      ] GC(103)   Post Evacuate Collection Set: 0.3ms
[23.257s][info][gc,phases      ] GC(103)   Other: 0.2ms
[23.257s][info][gc,heap        ] GC(103) Eden regions: 170->0(176)
[23.257s][info][gc,heap        ] GC(103) Survivor regions: 12->12(23)
[23.257s][info][gc,heap        ] GC(103) Old regions: 117->117
[23.257s][info][gc,heap        ] GC(103) Humongous regions: 14->14
[23.257s][info][gc,metaspace   ] GC(103) Metaspace: 60297K->60297K(1103872K)
[23.257s][info][gc             ] GC(103) Pause Young (Normal) (G1 Evacuation Pause) 311M->141M(411M) 23.513ms
[23.257s][info][gc,cpu         ] GC(103) User=0.02s Sys=0.00s Real=0.02s
[23.399s][info][gc,start       ] GC(104) Pause Young (Normal) (G1 Evacuation Pause)
[23.400s][info][gc,task        ] GC(104) Using 1 workers of 1 for evacuation
[23.415s][info][gc,phases      ] GC(104)   Pre Evacuate Collection Set: 0.0ms
[23.415s][info][gc,phases      ] GC(104)   Evacuate Collection Set: 14.7ms
[23.415s][info][gc,phases      ] GC(104)   Post Evacuate Collection Set: 0.5ms
[23.415s][info][gc,phases      ] GC(104)   Other: 0.3ms
[23.415s][info][gc,heap        ] GC(104) Eden regions: 176->0(189)
[23.415s][info][gc,heap        ] GC(104) Survivor regions: 12->12(24)
[23.415s][info][gc,heap        ] GC(104) Old regions: 117->117
[23.415s][info][gc,heap        ] GC(104) Humongous regions: 14->14
[23.415s][info][gc,metaspace   ] GC(104) Metaspace: 60297K->60297K(1103872K)
[23.415s][info][gc             ] GC(104) Pause Young (Normal) (G1 Evacuation Pause) 317M->141M(429M) 15.516ms
[23.415s][info][gc,cpu         ] GC(104) User=0.01s Sys=0.00s Real=0.02s
[23.574s][info][gc,start       ] GC(105) Pause Young (Normal) (G1 Evacuation Pause)
[23.574s][info][gc,task        ] GC(105) Using 1 workers of 1 for evacuation
[23.589s][info][gc,phases      ] GC(105)   Pre Evacuate Collection Set: 0.0ms
[23.589s][info][gc,phases      ] GC(105)   Evacuate Collection Set: 15.0ms
[23.589s][info][gc,phases      ] GC(105)   Post Evacuate Collection Set: 0.3ms
[23.589s][info][gc,phases      ] GC(105)   Other: 0.3ms
[23.589s][info][gc,heap        ] GC(105) Eden regions: 189->0(195)
[23.589s][info][gc,heap        ] GC(105) Survivor regions: 12->12(26)
[23.589s][info][gc,heap        ] GC(105) Old regions: 117->117
[23.589s][info][gc,heap        ] GC(105) Humongous regions: 14->14
[23.589s][info][gc,metaspace   ] GC(105) Metaspace: 60297K->60297K(1103872K)
[23.590s][info][gc             ] GC(105) Pause Young (Normal) (G1 Evacuation Pause) 330M->141M(429M) 15.649ms
[23.590s][info][gc,cpu         ] GC(105) User=0.01s Sys=0.00s Real=0.01s
[23.748s][info][gc,start       ] GC(106) Pause Young (Normal) (G1 Evacuation Pause)
[23.748s][info][gc,task        ] GC(106) Using 1 workers of 1 for evacuation
[23.763s][info][gc,phases      ] GC(106)   Pre Evacuate Collection Set: 0.0ms
[23.764s][info][gc,phases      ] GC(106)   Evacuate Collection Set: 14.9ms
[23.764s][info][gc,phases      ] GC(106)   Post Evacuate Collection Set: 0.3ms
[23.764s][info][gc,phases      ] GC(106)   Other: 0.2ms
[23.764s][info][gc,heap        ] GC(106) Eden regions: 195->0(201)
[23.764s][info][gc,heap        ] GC(106) Survivor regions: 12->12(26)
[23.764s][info][gc,heap        ] GC(106) Old regions: 117->117
[23.764s][info][gc,heap        ] GC(106) Humongous regions: 14->14
[23.764s][info][gc,metaspace   ] GC(106) Metaspace: 60297K->60297K(1103872K)
[23.764s][info][gc             ] GC(106) Pause Young (Normal) (G1 Evacuation Pause) 336M->141M(429M) 15.577ms
[23.764s][info][gc,cpu         ] GC(106) User=0.02s Sys=0.00s Real=0.01s
[23.926s][info][gc,start       ] GC(107) Pause Young (Normal) (G1 Evacuation Pause)
[23.926s][info][gc,task        ] GC(107) Using 1 workers of 1 for evacuation
[23.941s][info][gc,phases      ] GC(107)   Pre Evacuate Collection Set: 0.0ms
[23.942s][info][gc,phases      ] GC(107)   Evacuate Collection Set: 14.6ms
[23.942s][info][gc,phases      ] GC(107)   Post Evacuate Collection Set: 0.4ms
[23.942s][info][gc,phases      ] GC(107)   Other: 0.3ms
[23.942s][info][gc,heap        ] GC(107) Eden regions: 201->0(208)
[23.942s][info][gc,heap        ] GC(107) Survivor regions: 12->12(27)
[23.942s][info][gc,heap        ] GC(107) Old regions: 117->117
[23.942s][info][gc,heap        ] GC(107) Humongous regions: 14->14
[23.942s][info][gc,metaspace   ] GC(107) Metaspace: 60297K->60297K(1103872K)
[23.942s][info][gc             ] GC(107) Pause Young (Normal) (G1 Evacuation Pause) 342M->141M(429M) 15.314ms
[23.942s][info][gc,cpu         ] GC(107) User=0.02s Sys=0.00s Real=0.01s
[24.113s][info][gc,start       ] GC(108) Pause Young (Normal) (G1 Evacuation Pause)
[24.113s][info][gc,task        ] GC(108) Using 1 workers of 1 for evacuation
[24.129s][info][gc,phases      ] GC(108)   Pre Evacuate Collection Set: 0.0ms
[24.129s][info][gc,phases      ] GC(108)   Evacuate Collection Set: 14.9ms
[24.129s][info][gc,phases      ] GC(108)   Post Evacuate Collection Set: 0.4ms
[24.129s][info][gc,phases      ] GC(108)   Other: 0.2ms
[24.129s][info][gc,heap        ] GC(108) Eden regions: 208->0(215)
[24.129s][info][gc,heap        ] GC(108) Survivor regions: 12->12(28)
[24.129s][info][gc,heap        ] GC(108) Old regions: 117->117
[24.129s][info][gc,heap        ] GC(108) Humongous regions: 14->14
[24.129s][info][gc,metaspace   ] GC(108) Metaspace: 60297K->60297K(1103872K)
[24.129s][info][gc             ] GC(108) Pause Young (Normal) (G1 Evacuation Pause) 349M->141M(432M) 15.601ms
[24.129s][info][gc,cpu         ] GC(108) User=0.01s Sys=0.00s Real=0.01s
[24.330s][info][gc,start       ] GC(109) Pause Young (Normal) (G1 Evacuation Pause)
[24.331s][info][gc,task        ] GC(109) Using 1 workers of 1 for evacuation
[24.346s][info][gc,phases      ] GC(109)   Pre Evacuate Collection Set: 0.0ms
[24.346s][info][gc,phases      ] GC(109)   Evacuate Collection Set: 14.7ms
[24.346s][info][gc,phases      ] GC(109)   Post Evacuate Collection Set: 0.3ms
[24.346s][info][gc,phases      ] GC(109)   Other: 0.3ms
[24.346s][info][gc,heap        ] GC(109) Eden regions: 215->0(221)
[24.346s][info][gc,heap        ] GC(109) Survivor regions: 12->12(29)
[24.346s][info][gc,heap        ] GC(109) Old regions: 117->117
[24.346s][info][gc,heap        ] GC(109) Humongous regions: 14->14
[24.346s][info][gc,metaspace   ] GC(109) Metaspace: 60297K->60297K(1103872K)
[24.346s][info][gc             ] GC(109) Pause Young (Normal) (G1 Evacuation Pause) 356M->141M(432M) 15.444ms
[24.346s][info][gc,cpu         ] GC(109) User=0.02s Sys=0.00s Real=0.02s
[24.496s][info][gc,start       ] GC(110) Pause Young (Normal) (G1 Evacuation Pause)
[24.496s][info][gc,task        ] GC(110) Using 1 workers of 1 for evacuation
[24.511s][info][gc,phases      ] GC(110)   Pre Evacuate Collection Set: 0.0ms
[24.511s][info][gc,phases      ] GC(110)   Evacuate Collection Set: 14.7ms
[24.511s][info][gc,phases      ] GC(110)   Post Evacuate Collection Set: 0.3ms
[24.511s][info][gc,phases      ] GC(110)   Other: 0.2ms
[24.511s][info][gc,heap        ] GC(110) Eden regions: 221->0(225)
[24.511s][info][gc,heap        ] GC(110) Survivor regions: 12->12(30)
[24.511s][info][gc,heap        ] GC(110) Old regions: 117->117
[24.511s][info][gc,heap        ] GC(110) Humongous regions: 14->14
[24.511s][info][gc,metaspace   ] GC(110) Metaspace: 60297K->60297K(1103872K)
[24.511s][info][gc             ] GC(110) Pause Young (Normal) (G1 Evacuation Pause) 362M->141M(432M) 15.401ms
[24.511s][info][gc,cpu         ] GC(110) User=0.01s Sys=0.00s Real=0.01s
[24.663s][info][gc,start       ] GC(111) Pause Young (Normal) (G1 Evacuation Pause)
[24.663s][info][gc,task        ] GC(111) Using 1 workers of 1 for evacuation
[24.678s][info][gc,phases      ] GC(111)   Pre Evacuate Collection Set: 0.0ms
[24.678s][info][gc,phases      ] GC(111)   Evacuate Collection Set: 14.8ms
[24.678s][info][gc,phases      ] GC(111)   Post Evacuate Collection Set: 0.3ms
[24.678s][info][gc,phases      ] GC(111)   Other: 0.3ms
[24.678s][info][gc,heap        ] GC(111) Eden regions: 225->0(229)
[24.678s][info][gc,heap        ] GC(111) Survivor regions: 12->12(30)
[24.678s][info][gc,heap        ] GC(111) Old regions: 117->117
[24.678s][info][gc,heap        ] GC(111) Humongous regions: 14->14
[24.678s][info][gc,metaspace   ] GC(111) Metaspace: 60297K->60297K(1103872K)
[24.678s][info][gc             ] GC(111) Pause Young (Normal) (G1 Evacuation Pause) 366M->141M(432M) 15.515ms
[24.678s][info][gc,cpu         ] GC(111) User=0.02s Sys=0.00s Real=0.02s
[24.853s][info][gc,start       ] GC(112) Pause Young (Normal) (G1 Evacuation Pause)
[24.853s][info][gc,task        ] GC(112) Using 1 workers of 1 for evacuation
[24.869s][info][gc,phases      ] GC(112)   Pre Evacuate Collection Set: 0.0ms
[24.869s][info][gc,phases      ] GC(112)   Evacuate Collection Set: 14.6ms
[24.869s][info][gc,phases      ] GC(112)   Post Evacuate Collection Set: 0.4ms
[24.869s][info][gc,phases      ] GC(112)   Other: 0.2ms
[24.869s][info][gc,heap        ] GC(112) Eden regions: 229->0(233)
[24.869s][info][gc,heap        ] GC(112) Survivor regions: 12->12(31)
[24.869s][info][gc,heap        ] GC(112) Old regions: 117->117
[24.869s][info][gc,heap        ] GC(112) Humongous regions: 14->14
[24.869s][info][gc,metaspace   ] GC(112) Metaspace: 60297K->60297K(1103872K)
[24.869s][info][gc             ] GC(112) Pause Young (Normal) (G1 Evacuation Pause) 370M->141M(435M) 15.321ms
[24.869s][info][gc,cpu         ] GC(112) User=0.02s Sys=0.00s Real=0.01s
[25.023s][info][gc,start       ] GC(113) Pause Young (Normal) (G1 Evacuation Pause)
[25.023s][info][gc,task        ] GC(113) Using 1 workers of 1 for evacuation
[25.038s][info][gc,phases      ] GC(113)   Pre Evacuate Collection Set: 0.0ms
[25.038s][info][gc,phases      ] GC(113)   Evacuate Collection Set: 14.6ms
[25.038s][info][gc,phases      ] GC(113)   Post Evacuate Collection Set: 0.4ms
[25.038s][info][gc,phases      ] GC(113)   Other: 0.2ms
[25.038s][info][gc,heap        ] GC(113) Eden regions: 233->0(236)
[25.038s][info][gc,heap        ] GC(113) Survivor regions: 12->12(31)
[25.038s][info][gc,heap        ] GC(113) Old regions: 117->117
[25.038s][info][gc,heap        ] GC(113) Humongous regions: 14->14
[25.038s][info][gc,metaspace   ] GC(113) Metaspace: 60297K->60297K(1103872K)
[25.038s][info][gc             ] GC(113) Pause Young (Normal) (G1 Evacuation Pause) 374M->141M(435M) 15.255ms
[25.038s][info][gc,cpu         ] GC(113) User=0.02s Sys=0.00s Real=0.02s
[25.196s][info][gc,start       ] GC(114) Pause Young (Normal) (G1 Evacuation Pause)
[25.196s][info][gc,task        ] GC(114) Using 1 workers of 1 for evacuation
[25.212s][info][gc,phases      ] GC(114)   Pre Evacuate Collection Set: 0.0ms
[25.212s][info][gc,phases      ] GC(114)   Evacuate Collection Set: 14.7ms
[25.212s][info][gc,phases      ] GC(114)   Post Evacuate Collection Set: 0.3ms
[25.212s][info][gc,phases      ] GC(114)   Other: 0.2ms
[25.212s][info][gc,heap        ] GC(114) Eden regions: 236->0(236)
[25.212s][info][gc,heap        ] GC(114) Survivor regions: 12->12(31)
[25.212s][info][gc,heap        ] GC(114) Old regions: 117->117
[25.212s][info][gc,heap        ] GC(114) Humongous regions: 14->14
[25.212s][info][gc,metaspace   ] GC(114) Metaspace: 60297K->60297K(1103872K)
[25.212s][info][gc             ] GC(114) Pause Young (Normal) (G1 Evacuation Pause) 377M->141M(435M) 15.583ms
[25.212s][info][gc,cpu         ] GC(114) User=0.02s Sys=0.00s Real=0.02s
[25.409s][info][gc,task        ] GC(115) Using 1 workers of 1 for full compaction
[25.409s][info][gc,start       ] GC(115) Pause Full (System.gc())
[25.409s][info][gc,phases,start] GC(115) Phase 1: Mark live objects
[25.451s][info][gc,stringtable ] GC(115) Cleaned string and symbol table, strings: 21562 processed, 10 removed, symbols: 131537 processed, 1 removed
[25.451s][info][gc,phases      ] GC(115) Phase 1: Mark live objects 42.227ms
[25.451s][info][gc,phases,start] GC(115) Phase 2: Prepare for compaction
[25.456s][info][gc,phases      ] GC(115) Phase 2: Prepare for compaction 4.873ms
[25.456s][info][gc,phases,start] GC(115) Phase 3: Adjust pointers
[25.473s][info][gc,phases      ] GC(115) Phase 3: Adjust pointers 16.845ms
[25.473s][info][gc,phases,start] GC(115) Phase 4: Compact heap
[25.479s][info][gc,phases      ] GC(115) Phase 4: Compact heap 5.445ms
[25.491s][info][gc,heap        ] GC(115) Eden regions: 159->0(59)
[25.492s][info][gc,heap        ] GC(115) Survivor regions: 12->0(31)
[25.492s][info][gc,heap        ] GC(115) Old regions: 117->24
[25.492s][info][gc,heap        ] GC(115) Humongous regions: 19->6
[25.492s][info][gc,metaspace   ] GC(115) Metaspace: 60326K->60326K(1103872K)
[25.492s][info][gc             ] GC(115) Pause Full (System.gc()) 305M->28M(100M) 82.803ms
[25.492s][info][gc,cpu         ] GC(115) User=0.06s Sys=0.02s Real=0.08s
[25.648s][info][gc,start       ] GC(116) Pause Young (Normal) (G1 Evacuation Pause)
[25.648s][info][gc,task        ] GC(116) Using 1 workers of 1 for evacuation
[25.656s][info][gc,phases      ] GC(116)   Pre Evacuate Collection Set: 0.0ms
[25.656s][info][gc,phases      ] GC(116)   Evacuate Collection Set: 7.3ms
[25.656s][info][gc,phases      ] GC(116)   Post Evacuate Collection Set: 0.2ms
[25.656s][info][gc,phases      ] GC(116)   Other: 0.2ms
[25.656s][info][gc,heap        ] GC(116) Eden regions: 59->0(52)
[25.656s][info][gc,heap        ] GC(116) Survivor regions: 0->4(8)
[25.656s][info][gc,heap        ] GC(116) Old regions: 24->24
[25.656s][info][gc,heap        ] GC(116) Humongous regions: 11->6
[25.656s][info][gc,metaspace   ] GC(116) Metaspace: 60364K->60364K(1103872K)
[25.656s][info][gc             ] GC(116) Pause Young (Normal) (G1 Evacuation Pause) 92M->31M(100M) 7.847ms
[25.656s][info][gc,cpu         ] GC(116) User=0.01s Sys=0.00s Real=0.01s
[25.708s][info][gc,start       ] GC(117) Pause Young (Normal) (G1 Evacuation Pause)
[25.708s][info][gc,task        ] GC(117) Using 1 workers of 1 for evacuation
[25.721s][info][gc,phases      ] GC(117)   Pre Evacuate Collection Set: 0.0ms
[25.721s][info][gc,phases      ] GC(117)   Evacuate Collection Set: 12.2ms
[25.721s][info][gc,phases      ] GC(117)   Post Evacuate Collection Set: 0.4ms
[25.721s][info][gc,phases      ] GC(117)   Other: 0.1ms
[25.721s][info][gc,heap        ] GC(117) Eden regions: 52->0(80)
[25.721s][info][gc,heap        ] GC(117) Survivor regions: 4->7(7)
[25.721s][info][gc,heap        ] GC(117) Old regions: 24->24
[25.721s][info][gc,heap        ] GC(117) Humongous regions: 7->7
[25.721s][info][gc,metaspace   ] GC(117) Metaspace: 60365K->60365K(1103872K)
[25.721s][info][gc             ] GC(117) Pause Young (Normal) (G1 Evacuation Pause) 84M->36M(145M) 12.870ms
[25.721s][info][gc,cpu         ] GC(117) User=0.02s Sys=0.00s Real=0.01s
[25.774s][info][gc,start       ] GC(118) Pause Young (Normal) (G1 Evacuation Pause)
[25.774s][info][gc,task        ] GC(118) Using 1 workers of 1 for evacuation
[25.799s][info][gc,phases      ] GC(118)   Pre Evacuate Collection Set: 0.0ms
[25.799s][info][gc,phases      ] GC(118)   Evacuate Collection Set: 23.8ms
[25.799s][info][gc,phases      ] GC(118)   Post Evacuate Collection Set: 0.2ms
[25.799s][info][gc,phases      ] GC(118)   Other: 0.2ms
[25.799s][info][gc,heap        ] GC(118) Eden regions: 80->0(72)
[25.799s][info][gc,heap        ] GC(118) Survivor regions: 7->10(11)
[25.799s][info][gc,heap        ] GC(118) Old regions: 24->28
[25.799s][info][gc,heap        ] GC(118) Humongous regions: 9->9
[25.799s][info][gc,metaspace   ] GC(118) Metaspace: 60365K->60365K(1103872K)
[25.799s][info][gc             ] GC(118) Pause Young (Normal) (G1 Evacuation Pause) 118M->43M(145M) 24.326ms
[25.799s][info][gc,cpu         ] GC(118) User=0.03s Sys=0.00s Real=0.02s
[25.836s][info][gc,start       ] GC(119) Pause Young (Normal) (G1 Evacuation Pause)
[25.836s][info][gc,task        ] GC(119) Using 1 workers of 1 for evacuation
[25.861s][info][gc,phases      ] GC(119)   Pre Evacuate Collection Set: 0.0ms
[25.861s][info][gc,phases      ] GC(119)   Evacuate Collection Set: 24.8ms
[25.861s][info][gc,phases      ] GC(119)   Post Evacuate Collection Set: 0.2ms
[25.861s][info][gc,phases      ] GC(119)   Other: 0.2ms
[25.861s][info][gc,heap        ] GC(119) Eden regions: 72->0(67)
[25.861s][info][gc,heap        ] GC(119) Survivor regions: 10->6(11)
[25.861s][info][gc,heap        ] GC(119) Old regions: 28->37
[25.861s][info][gc,heap        ] GC(119) Humongous regions: 9->9
[25.861s][info][gc,metaspace   ] GC(119) Metaspace: 60365K->60365K(1103872K)
[25.861s][info][gc             ] GC(119) Pause Young (Normal) (G1 Evacuation Pause) 115M->49M(145M) 25.368ms
[25.861s][info][gc,cpu         ] GC(119) User=0.03s Sys=0.00s Real=0.02s
[25.894s][info][gc,start       ] GC(120) Pause Young (Normal) (G1 Evacuation Pause)
[25.894s][info][gc,task        ] GC(120) Using 1 workers of 1 for evacuation
[25.919s][info][gc,phases      ] GC(120)   Pre Evacuate Collection Set: 0.0ms
[25.919s][info][gc,phases      ] GC(120)   Evacuate Collection Set: 23.9ms
[25.919s][info][gc,phases      ] GC(120)   Post Evacuate Collection Set: 0.6ms
[25.919s][info][gc,phases      ] GC(120)   Other: 0.2ms
[25.919s][info][gc,heap        ] GC(120) Eden regions: 67->0(61)
[25.919s][info][gc,heap        ] GC(120) Survivor regions: 6->6(10)
[25.919s][info][gc,heap        ] GC(120) Old regions: 37->43
[25.919s][info][gc,heap        ] GC(120) Humongous regions: 9->9
[25.919s][info][gc,metaspace   ] GC(120) Metaspace: 60365K->60365K(1103872K)
[25.919s][info][gc             ] GC(120) Pause Young (Normal) (G1 Evacuation Pause) 116M->55M(145M) 25.345ms
[25.919s][info][gc,cpu         ] GC(120) User=0.02s Sys=0.00s Real=0.02s
[25.981s][info][gc,start       ] GC(121) Pause Young (Normal) (G1 Evacuation Pause)
[25.981s][info][gc,task        ] GC(121) Using 1 workers of 1 for evacuation
[26.000s][info][gc,phases      ] GC(121)   Pre Evacuate Collection Set: 0.0ms
[26.000s][info][gc,phases      ] GC(121)   Evacuate Collection Set: 17.7ms
[26.000s][info][gc,phases      ] GC(121)   Post Evacuate Collection Set: 0.5ms
[26.000s][info][gc,phases      ] GC(121)   Other: 0.2ms
[26.000s][info][gc,heap        ] GC(121) Eden regions: 61->0(97)
[26.000s][info][gc,heap        ] GC(121) Survivor regions: 6->5(9)
[26.000s][info][gc,heap        ] GC(121) Old regions: 43->48
[26.000s][info][gc,heap        ] GC(121) Humongous regions: 12->12
[26.000s][info][gc,metaspace   ] GC(121) Metaspace: 60365K->60365K(1103872K)
[26.000s][info][gc             ] GC(121) Pause Young (Normal) (G1 Evacuation Pause) 119M->62M(216M) 18.562ms
[26.000s][info][gc,cpu         ] GC(121) User=0.01s Sys=0.00s Real=0.02s
[26.086s][info][gc,start       ] GC(122) Pause Young (Normal) (G1 Evacuation Pause)
[26.086s][info][gc,task        ] GC(122) Using 1 workers of 1 for evacuation
[26.107s][info][gc,phases      ] GC(122)   Pre Evacuate Collection Set: 0.0ms
[26.107s][info][gc,phases      ] GC(122)   Evacuate Collection Set: 20.9ms
[26.107s][info][gc,phases      ] GC(122)   Post Evacuate Collection Set: 0.3ms
[26.107s][info][gc,phases      ] GC(122)   Other: 0.2ms
[26.107s][info][gc,heap        ] GC(122) Eden regions: 97->0(95)
[26.107s][info][gc,heap        ] GC(122) Survivor regions: 5->12(13)
[26.107s][info][gc,heap        ] GC(122) Old regions: 48->48
[26.107s][info][gc,heap        ] GC(122) Humongous regions: 12->12
[26.107s][info][gc,metaspace   ] GC(122) Metaspace: 60365K->60365K(1103872K)
[26.107s][info][gc             ] GC(122) Pause Young (Normal) (G1 Evacuation Pause) 159M->70M(216M) 21.457ms
[26.107s][info][gc,cpu         ] GC(122) User=0.02s Sys=0.00s Real=0.02s
[26.188s][info][gc,start       ] GC(123) Pause Young (Normal) (G1 Evacuation Pause)
[26.188s][info][gc,task        ] GC(123) Using 1 workers of 1 for evacuation
[26.218s][info][gc,phases      ] GC(123)   Pre Evacuate Collection Set: 0.0ms
[26.218s][info][gc,phases      ] GC(123)   Evacuate Collection Set: 29.4ms
[26.218s][info][gc,phases      ] GC(123)   Post Evacuate Collection Set: 0.3ms
[26.218s][info][gc,phases      ] GC(123)   Other: 0.2ms
[26.218s][info][gc,heap        ] GC(123) Eden regions: 95->0(91)
[26.218s][info][gc,heap        ] GC(123) Survivor regions: 12->8(14)
[26.218s][info][gc,heap        ] GC(123) Old regions: 48->60
[26.218s][info][gc,heap        ] GC(123) Humongous regions: 12->12
[26.218s][info][gc,metaspace   ] GC(123) Metaspace: 60365K->60365K(1103872K)
[26.218s][info][gc             ] GC(123) Pause Young (Normal) (G1 Evacuation Pause) 165M->77M(216M) 29.945ms
[26.218s][info][gc,cpu         ] GC(123) User=0.03s Sys=0.00s Real=0.03s
[26.273s][info][gc,start       ] GC(124) Pause Young (Normal) (G1 Evacuation Pause)
[26.273s][info][gc,task        ] GC(124) Using 1 workers of 1 for evacuation
[26.301s][info][gc,phases      ] GC(124)   Pre Evacuate Collection Set: 0.0ms
[26.301s][info][gc,phases      ] GC(124)   Evacuate Collection Set: 27.6ms
[26.301s][info][gc,phases      ] GC(124)   Post Evacuate Collection Set: 0.2ms
[26.301s][info][gc,phases      ] GC(124)   Other: 0.2ms
[26.301s][info][gc,heap        ] GC(124) Eden regions: 91->0(84)
[26.301s][info][gc,heap        ] GC(124) Survivor regions: 8->7(13)
[26.301s][info][gc,heap        ] GC(124) Old regions: 60->67
[26.301s][info][gc,heap        ] GC(124) Humongous regions: 17->17
[26.301s][info][gc,metaspace   ] GC(124) Metaspace: 60365K->60365K(1103872K)
[26.301s][info][gc             ] GC(124) Pause Young (Normal) (G1 Evacuation Pause) 173M->89M(216M) 28.123ms
[26.301s][info][gc,cpu         ] GC(124) User=0.02s Sys=0.00s Real=0.02s
[26.342s][info][gc,start       ] GC(125) Pause Young (Normal) (G1 Evacuation Pause)
[26.342s][info][gc,task        ] GC(125) Using 1 workers of 1 for evacuation
[26.366s][info][gc,phases      ] GC(125)   Pre Evacuate Collection Set: 0.0ms
[26.366s][info][gc,phases      ] GC(125)   Evacuate Collection Set: 22.5ms
[26.366s][info][gc,phases      ] GC(125)   Post Evacuate Collection Set: 0.5ms
[26.366s][info][gc,phases      ] GC(125)   Other: 0.2ms
[26.366s][info][gc,heap        ] GC(125) Eden regions: 84->0(108)
[26.366s][info][gc,heap        ] GC(125) Survivor regions: 7->7(12)
[26.366s][info][gc,heap        ] GC(125) Old regions: 67->74
[26.366s][info][gc,heap        ] GC(125) Humongous regions: 17->17
[26.366s][info][gc,metaspace   ] GC(125) Metaspace: 60365K->60365K(1103872K)
[26.366s][info][gc             ] GC(125) Pause Young (Normal) (G1 Evacuation Pause) 173M->95M(282M) 23.267ms
[26.366s][info][gc,cpu         ] GC(125) User=0.03s Sys=0.00s Real=0.03s
[26.433s][info][gc,start       ] GC(126) Pause Young (Normal) (G1 Evacuation Pause)
[26.433s][info][gc,task        ] GC(126) Using 1 workers of 1 for evacuation
[26.460s][info][gc,phases      ] GC(126)   Pre Evacuate Collection Set: 0.0ms
[26.460s][info][gc,phases      ] GC(126)   Evacuate Collection Set: 26.3ms
[26.460s][info][gc,phases      ] GC(126)   Post Evacuate Collection Set: 0.3ms
[26.460s][info][gc,phases      ] GC(126)   Other: 0.2ms
[26.460s][info][gc,heap        ] GC(126) Eden regions: 108->0(107)
[26.460s][info][gc,heap        ] GC(126) Survivor regions: 7->15(15)
[26.460s][info][gc,heap        ] GC(126) Old regions: 74->74
[26.460s][info][gc,heap        ] GC(126) Humongous regions: 17->17
[26.460s][info][gc,metaspace   ] GC(126) Metaspace: 60365K->60365K(1103872K)
[26.460s][info][gc             ] GC(126) Pause Young (Normal) (G1 Evacuation Pause) 203M->103M(282M) 26.826ms
[26.460s][info][gc,cpu         ] GC(126) User=0.02s Sys=0.00s Real=0.02s
[26.535s][info][gc,start       ] GC(127) Pause Young (Normal) (G1 Evacuation Pause)
[26.535s][info][gc,task        ] GC(127) Using 1 workers of 1 for evacuation
[26.570s][info][gc,phases      ] GC(127)   Pre Evacuate Collection Set: 0.0ms
[26.570s][info][gc,phases      ] GC(127)   Evacuate Collection Set: 34.8ms
[26.570s][info][gc,phases      ] GC(127)   Post Evacuate Collection Set: 0.3ms
[26.570s][info][gc,phases      ] GC(127)   Other: 0.2ms
[26.570s][info][gc,heap        ] GC(127) Eden regions: 107->0(105)
[26.570s][info][gc,heap        ] GC(127) Survivor regions: 15->9(16)
[26.570s][info][gc,heap        ] GC(127) Old regions: 74->89
[26.570s][info][gc,heap        ] GC(127) Humongous regions: 17->17
[26.570s][info][gc,metaspace   ] GC(127) Metaspace: 60365K->60365K(1103872K)
[26.570s][info][gc             ] GC(127) Pause Young (Normal) (G1 Evacuation Pause) 210M->112M(282M) 35.377ms
[26.570s][info][gc,cpu         ] GC(127) User=0.03s Sys=0.00s Real=0.03s
[26.623s][info][gc,start       ] GC(128) Pause Young (Normal) (G1 Evacuation Pause)
[26.623s][info][gc,task        ] GC(128) Using 1 workers of 1 for evacuation
[26.650s][info][gc,phases      ] GC(128)   Pre Evacuate Collection Set: 0.0ms
[26.650s][info][gc,phases      ] GC(128)   Evacuate Collection Set: 26.5ms
[26.650s][info][gc,phases      ] GC(128)   Post Evacuate Collection Set: 0.3ms
[26.650s][info][gc,phases      ] GC(128)   Other: 0.2ms
[26.650s][info][gc,heap        ] GC(128) Eden regions: 105->0(103)
[26.650s][info][gc,heap        ] GC(128) Survivor regions: 9->8(15)
[26.650s][info][gc,heap        ] GC(128) Old regions: 89->97
[26.650s][info][gc,heap        ] GC(128) Humongous regions: 17->17
[26.650s][info][gc,metaspace   ] GC(128) Metaspace: 60365K->60365K(1103872K)
[26.650s][info][gc             ] GC(128) Pause Young (Normal) (G1 Evacuation Pause) 217M->120M(282M) 27.072ms
[26.650s][info][gc,cpu         ] GC(128) User=0.03s Sys=0.00s Real=0.03s
[26.700s][info][gc,start       ] GC(129) Pause Young (Normal) (G1 Evacuation Pause)
[26.700s][info][gc,task        ] GC(129) Using 1 workers of 1 for evacuation
[26.728s][info][gc,phases      ] GC(129)   Pre Evacuate Collection Set: 0.0ms
[26.728s][info][gc,phases      ] GC(129)   Evacuate Collection Set: 26.5ms
[26.728s][info][gc,phases      ] GC(129)   Post Evacuate Collection Set: 0.6ms
[26.728s][info][gc,phases      ] GC(129)   Other: 0.2ms
[26.728s][info][gc,heap        ] GC(129) Eden regions: 103->0(131)
[26.728s][info][gc,heap        ] GC(129) Survivor regions: 8->8(14)
[26.728s][info][gc,heap        ] GC(129) Old regions: 97->105
[26.728s][info][gc,heap        ] GC(129) Humongous regions: 17->17
[26.728s][info][gc,metaspace   ] GC(129) Metaspace: 60365K->60365K(1103872K)
[26.728s][info][gc             ] GC(129) Pause Young (Normal) (G1 Evacuation Pause) 223M->128M(365M) 27.387ms
[26.728s][info][gc,cpu         ] GC(129) User=0.02s Sys=0.00s Real=0.03s
[26.991s][info][gc,start       ] GC(130) Pause Young (Normal) (G1 Evacuation Pause)
[26.991s][info][gc,task        ] GC(130) Using 1 workers of 1 for evacuation
[27.031s][info][gc,phases      ] GC(130)   Pre Evacuate Collection Set: 0.0ms
[27.032s][info][gc,phases      ] GC(130)   Evacuate Collection Set: 39.9ms
[27.032s][info][gc,phases      ] GC(130)   Post Evacuate Collection Set: 0.6ms
[27.032s][info][gc,phases      ] GC(130)   Other: 0.3ms
[27.032s][info][gc,heap        ] GC(130) Eden regions: 131->0(131)
[27.032s][info][gc,heap        ] GC(130) Survivor regions: 8->17(18)
[27.032s][info][gc,heap        ] GC(130) Old regions: 105->105
[27.032s][info][gc,heap        ] GC(130) Humongous regions: 22->17
[27.032s][info][gc,metaspace   ] GC(130) Metaspace: 60411K->60411K(1103872K)
[27.032s][info][gc             ] GC(130) Pause Young (Normal) (G1 Evacuation Pause) 264M->136M(365M) 41.015ms
[27.032s][info][gc,cpu         ] GC(130) User=0.04s Sys=0.00s Real=0.04s
[27.125s][info][gc,start       ] GC(131) Pause Young (Normal) (G1 Evacuation Pause)
[27.125s][info][gc,task        ] GC(131) Using 1 workers of 1 for evacuation
[27.168s][info][gc,phases      ] GC(131)   Pre Evacuate Collection Set: 0.0ms
[27.169s][info][gc,phases      ] GC(131)   Evacuate Collection Set: 42.8ms
[27.169s][info][gc,phases      ] GC(131)   Post Evacuate Collection Set: 0.3ms
[27.169s][info][gc,phases      ] GC(131)   Other: 0.2ms
[27.169s][info][gc,heap        ] GC(131) Eden regions: 131->0(129)
[27.169s][info][gc,heap        ] GC(131) Survivor regions: 17->18(19)
[27.169s][info][gc,heap        ] GC(131) Old regions: 105->113
[27.169s][info][gc,heap        ] GC(131) Humongous regions: 20->20
[27.169s][info][gc,metaspace   ] GC(131) Metaspace: 60411K->60411K(1103872K)
[27.169s][info][gc             ] GC(131) Pause Young (Normal) (G1 Evacuation Pause) 270M->148M(365M) 43.398ms
[27.169s][info][gc,cpu         ] GC(131) User=0.05s Sys=0.00s Real=0.04s
[27.233s][info][gc,start       ] GC(132) Pause Young (Normal) (G1 Evacuation Pause)
[27.233s][info][gc,task        ] GC(132) Using 1 workers of 1 for evacuation
[27.284s][info][gc,phases      ] GC(132)   Pre Evacuate Collection Set: 0.0ms
[27.284s][info][gc,phases      ] GC(132)   Evacuate Collection Set: 50.5ms
[27.284s][info][gc,phases      ] GC(132)   Post Evacuate Collection Set: 0.3ms
[27.284s][info][gc,phases      ] GC(132)   Other: 0.2ms
[27.284s][info][gc,heap        ] GC(132) Eden regions: 129->0(127)
[27.284s][info][gc,heap        ] GC(132) Survivor regions: 18->19(19)
[27.284s][info][gc,heap        ] GC(132) Old regions: 113->122
[27.284s][info][gc,heap        ] GC(132) Humongous regions: 20->20
[27.284s][info][gc,metaspace   ] GC(132) Metaspace: 60411K->60411K(1103872K)
[27.284s][info][gc             ] GC(132) Pause Young (Normal) (G1 Evacuation Pause) 277M->158M(365M) 51.110ms
[27.284s][info][gc,cpu         ] GC(132) User=0.05s Sys=0.00s Real=0.05s
[27.350s][info][gc,start       ] GC(133) Pause Young (Normal) (G1 Evacuation Pause)
[27.350s][info][gc,task        ] GC(133) Using 1 workers of 1 for evacuation
[27.398s][info][gc,phases      ] GC(133)   Pre Evacuate Collection Set: 0.0ms
[27.399s][info][gc,phases      ] GC(133)   Evacuate Collection Set: 47.7ms
[27.399s][info][gc,phases      ] GC(133)   Post Evacuate Collection Set: 0.5ms
[27.399s][info][gc,phases      ] GC(133)   Other: 0.2ms
[27.399s][info][gc,heap        ] GC(133) Eden regions: 127->0(141)
[27.399s][info][gc,heap        ] GC(133) Survivor regions: 19->10(19)
[27.399s][info][gc,heap        ] GC(133) Old regions: 122->141
[27.399s][info][gc,heap        ] GC(133) Humongous regions: 23->23
[27.399s][info][gc,metaspace   ] GC(133) Metaspace: 60411K->60411K(1103872K)
[27.399s][info][gc             ] GC(133) Pause Young (Normal) (G1 Evacuation Pause) 288M->171M(419M) 48.553ms
[27.399s][info][gc,cpu         ] GC(133) User=0.05s Sys=0.00s Real=0.05s
[27.482s][info][gc,start       ] GC(134) Pause Young (Normal) (G1 Evacuation Pause)
[27.482s][info][gc,task        ] GC(134) Using 1 workers of 1 for evacuation
[27.517s][info][gc,phases      ] GC(134)   Pre Evacuate Collection Set: 0.0ms
[27.517s][info][gc,phases      ] GC(134)   Evacuate Collection Set: 34.4ms
[27.517s][info][gc,phases      ] GC(134)   Post Evacuate Collection Set: 0.3ms
[27.517s][info][gc,phases      ] GC(134)   Other: 0.2ms
[27.517s][info][gc,heap        ] GC(134) Eden regions: 141->0(140)
[27.517s][info][gc,heap        ] GC(134) Survivor regions: 10->19(19)
[27.517s][info][gc,heap        ] GC(134) Old regions: 141->142
[27.517s][info][gc,heap        ] GC(134) Humongous regions: 23->23
[27.517s][info][gc,metaspace   ] GC(134) Metaspace: 60411K->60411K(1103872K)
[27.517s][info][gc             ] GC(134) Pause Young (Normal) (G1 Evacuation Pause) 312M->182M(419M) 35.090ms
[27.517s][info][gc,cpu         ] GC(134) User=0.04s Sys=0.00s Real=0.04s
[27.626s][info][gc,start       ] GC(135) Pause Young (Normal) (G1 Evacuation Pause)
[27.626s][info][gc,task        ] GC(135) Using 1 workers of 1 for evacuation
[27.677s][info][gc,phases      ] GC(135)   Pre Evacuate Collection Set: 0.0ms
[27.677s][info][gc,phases      ] GC(135)   Evacuate Collection Set: 50.5ms
[27.677s][info][gc,phases      ] GC(135)   Post Evacuate Collection Set: 0.3ms
[27.677s][info][gc,phases      ] GC(135)   Other: 0.2ms
[27.677s][info][gc,heap        ] GC(135) Eden regions: 140->0(136)
[27.677s][info][gc,heap        ] GC(135) Survivor regions: 19->20(20)
[27.677s][info][gc,heap        ] GC(135) Old regions: 142->152
[27.677s][info][gc,heap        ] GC(135) Humongous regions: 28->28
[27.677s][info][gc,metaspace   ] GC(135) Metaspace: 60411K->60411K(1103872K)
[27.677s][info][gc             ] GC(135) Pause Young (Normal) (G1 Evacuation Pause) 327M->197M(419M) 51.111ms
[27.677s][info][gc,cpu         ] GC(135) User=0.05s Sys=0.00s Real=0.05s
[27.753s][info][gc,start       ] GC(136) Pause Young (Normal) (G1 Evacuation Pause)
[27.753s][info][gc,task        ] GC(136) Using 1 workers of 1 for evacuation
[27.801s][info][gc,phases      ] GC(136)   Pre Evacuate Collection Set: 0.0ms
[27.801s][info][gc,phases      ] GC(136)   Evacuate Collection Set: 47.8ms
[27.801s][info][gc,phases      ] GC(136)   Post Evacuate Collection Set: 0.3ms
[27.801s][info][gc,phases      ] GC(136)   Other: 0.2ms
[27.801s][info][gc,heap        ] GC(136) Eden regions: 136->0(132)
[27.801s][info][gc,heap        ] GC(136) Survivor regions: 20->11(20)
[27.801s][info][gc,heap        ] GC(136) Old regions: 152->172
[27.801s][info][gc,heap        ] GC(136) Humongous regions: 28->28
[27.801s][info][gc,metaspace   ] GC(136) Metaspace: 60412K->60412K(1103872K)
[27.801s][info][gc             ] GC(136) Pause Young (Normal) (G1 Evacuation Pause) 333M->208M(419M) 48.314ms
[27.801s][info][gc,cpu         ] GC(136) User=0.04s Sys=0.00s Real=0.04s
[27.869s][info][gc,start       ] GC(137) Pause Young (Concurrent Start) (G1 Evacuation Pause)
[27.869s][info][gc,task        ] GC(137) Using 1 workers of 1 for evacuation
[27.904s][info][gc,phases      ] GC(137)   Pre Evacuate Collection Set: 0.3ms
[27.904s][info][gc,phases      ] GC(137)   Evacuate Collection Set: 34.0ms
[27.904s][info][gc,phases      ] GC(137)   Post Evacuate Collection Set: 0.5ms
[27.904s][info][gc,phases      ] GC(137)   Other: 0.2ms
[27.904s][info][gc,heap        ] GC(137) Eden regions: 132->0(141)
[27.904s][info][gc,heap        ] GC(137) Survivor regions: 11->10(18)
[27.904s][info][gc,heap        ] GC(137) Old regions: 172->182
[27.904s][info][gc,heap        ] GC(137) Humongous regions: 28->28
[27.904s][info][gc,metaspace   ] GC(137) Metaspace: 60412K->60412K(1103872K)
[27.904s][info][gc             ] GC(137) Pause Young (Concurrent Start) (G1 Evacuation Pause) 340M->218M(452M) 35.082ms
[27.904s][info][gc,cpu         ] GC(137) User=0.03s Sys=0.01s Real=0.04s
[27.904s][info][gc             ] GC(138) Concurrent Cycle
[27.904s][info][gc,marking     ] GC(138) Concurrent Clear Claimed Marks
[27.905s][info][gc,marking     ] GC(138) Concurrent Clear Claimed Marks 0.281ms
[27.905s][info][gc,marking     ] GC(138) Concurrent Scan Root Regions
[27.913s][info][gc,marking     ] GC(138) Concurrent Scan Root Regions 8.462ms
[27.913s][info][gc,marking     ] GC(138) Concurrent Mark (27.913s)
[27.913s][info][gc,marking     ] GC(138) Concurrent Mark From Roots
[27.913s][info][gc,task        ] GC(138) Using 1 workers of 1 for marking
[28.071s][info][gc,start       ] GC(139) Pause Young (Normal) (G1 Evacuation Pause)
[28.071s][info][gc,task        ] GC(139) Using 1 workers of 1 for evacuation
[28.106s][info][gc,phases      ] GC(139)   Pre Evacuate Collection Set: 0.0ms
[28.106s][info][gc,phases      ] GC(139)   Evacuate Collection Set: 33.9ms
[28.106s][info][gc,phases      ] GC(139)   Post Evacuate Collection Set: 0.3ms
[28.106s][info][gc,phases      ] GC(139)   Other: 0.3ms
[28.106s][info][gc,heap        ] GC(139) Eden regions: 141->0(139)
[28.106s][info][gc,heap        ] GC(139) Survivor regions: 10->11(19)
[28.106s][info][gc,heap        ] GC(139) Old regions: 182->192
[28.106s][info][gc,heap        ] GC(139) Humongous regions: 28->28
[28.106s][info][gc,metaspace   ] GC(139) Metaspace: 60412K->60412K(1103872K)
[28.106s][info][gc             ] GC(139) Pause Young (Normal) (G1 Evacuation Pause) 359M->229M(452M) 34.535ms
[28.106s][info][gc,cpu         ] GC(139) User=0.04s Sys=0.00s Real=0.04s
[28.132s][info][gc,marking     ] GC(138) Concurrent Mark From Roots 218.546ms
[28.132s][info][gc,marking     ] GC(138) Concurrent Preclean
[28.132s][info][gc,marking     ] GC(138) Concurrent Preclean 0.111ms
[28.132s][info][gc,marking     ] GC(138) Concurrent Mark (27.913s, 28.132s) 218.714ms
[28.134s][info][gc,start       ] GC(138) Pause Remark
[28.148s][info][gc,stringtable ] GC(138) Cleaned string and symbol table, strings: 21595 processed, 16 removed, symbols: 131548 processed, 0 removed
[28.148s][info][gc             ] GC(138) Pause Remark 255M->153M(452M) 13.647ms
[28.148s][info][gc,cpu         ] GC(138) User=0.01s Sys=0.00s Real=0.01s
[28.148s][info][gc,marking     ] GC(138) Concurrent Rebuild Remembered Sets
[28.393s][info][gc,marking     ] GC(138) Concurrent Rebuild Remembered Sets 244.391ms
[28.395s][info][gc,start       ] GC(138) Pause Cleanup
[28.395s][info][gc             ] GC(138) Pause Cleanup 265M->265M(452M) 0.215ms
[28.395s][info][gc,cpu         ] GC(138) User=0.00s Sys=0.00s Real=0.00s
[28.395s][info][gc,marking     ] GC(138) Concurrent Cleanup for Next Mark
[28.397s][info][gc,marking     ] GC(138) Concurrent Cleanup for Next Mark 1.429ms
[28.397s][info][gc             ] GC(138) Concurrent Cycle 492.629ms
[28.402s][info][gc,start       ] GC(140) Pause Young (Normal) (G1 Evacuation Pause)
[28.402s][info][gc,task        ] GC(140) Using 1 workers of 1 for evacuation
[28.434s][info][gc,phases      ] GC(140)   Pre Evacuate Collection Set: 0.0ms
[28.434s][info][gc,phases      ] GC(140)   Evacuate Collection Set: 31.4ms
[28.434s][info][gc,phases      ] GC(140)   Post Evacuate Collection Set: 0.3ms
[28.434s][info][gc,phases      ] GC(140)   Other: 0.2ms
[28.434s][info][gc,heap        ] GC(140) Eden regions: 139->0(174)
[28.434s][info][gc,heap        ] GC(140) Survivor regions: 11->8(19)
[28.434s][info][gc,heap        ] GC(140) Old regions: 107->118
[28.434s][info][gc,heap        ] GC(140) Humongous regions: 11->11
[28.434s][info][gc,metaspace   ] GC(140) Metaspace: 60417K->60417K(1103872K)
[28.434s][info][gc             ] GC(140) Pause Young (Normal) (G1 Evacuation Pause) 266M->134M(452M) 32.017ms
[28.434s][info][gc,cpu         ] GC(140) User=0.03s Sys=0.00s Real=0.04s
[28.608s][info][gc,start       ] GC(141) Pause Young (Normal) (G1 Evacuation Pause)
[28.608s][info][gc,task        ] GC(141) Using 1 workers of 1 for evacuation
[28.623s][info][gc,phases      ] GC(141)   Pre Evacuate Collection Set: 0.0ms
[28.623s][info][gc,phases      ] GC(141)   Evacuate Collection Set: 13.7ms
[28.623s][info][gc,phases      ] GC(141)   Post Evacuate Collection Set: 0.3ms
[28.623s][info][gc,phases      ] GC(141)   Other: 0.2ms
[28.623s][info][gc,heap        ] GC(141) Eden regions: 174->0(182)
[28.623s][info][gc,heap        ] GC(141) Survivor regions: 8->8(23)
[28.623s][info][gc,heap        ] GC(141) Old regions: 118->118
[28.623s][info][gc,heap        ] GC(141) Humongous regions: 11->11
[28.623s][info][gc,metaspace   ] GC(141) Metaspace: 60417K->60417K(1103872K)
[28.623s][info][gc             ] GC(141) Pause Young (Normal) (G1 Evacuation Pause) 308M->134M(452M) 14.404ms
[28.623s][info][gc,cpu         ] GC(141) User=0.01s Sys=0.00s Real=0.01s
[28.837s][info][gc,start       ] GC(142) Pause Young (Normal) (G1 Evacuation Pause)
[28.837s][info][gc,task        ] GC(142) Using 1 workers of 1 for evacuation
[28.849s][info][gc,phases      ] GC(142)   Pre Evacuate Collection Set: 0.0ms
[28.849s][info][gc,phases      ] GC(142)   Evacuate Collection Set: 10.9ms
[28.849s][info][gc,phases      ] GC(142)   Post Evacuate Collection Set: 0.5ms
[28.849s][info][gc,phases      ] GC(142)   Other: 0.3ms
[28.849s][info][gc,heap        ] GC(142) Eden regions: 182->0(193)
[28.849s][info][gc,heap        ] GC(142) Survivor regions: 8->8(24)
[28.849s][info][gc,heap        ] GC(142) Old regions: 118->118
[28.849s][info][gc,heap        ] GC(142) Humongous regions: 11->11
[28.849s][info][gc,metaspace   ] GC(142) Metaspace: 60417K->60417K(1103872K)
[28.849s][info][gc             ] GC(142) Pause Young (Normal) (G1 Evacuation Pause) 316M->134M(462M) 11.754ms
[28.849s][info][gc,cpu         ] GC(142) User=0.01s Sys=0.00s Real=0.01s
[29.041s][info][gc,start       ] GC(143) Pause Young (Normal) (G1 Evacuation Pause)
[29.041s][info][gc,task        ] GC(143) Using 1 workers of 1 for evacuation
[29.052s][info][gc,phases      ] GC(143)   Pre Evacuate Collection Set: 0.0ms
[29.052s][info][gc,phases      ] GC(143)   Evacuate Collection Set: 10.1ms
[29.052s][info][gc,phases      ] GC(143)   Post Evacuate Collection Set: 0.3ms
[29.052s][info][gc,phases      ] GC(143)   Other: 0.2ms
[29.052s][info][gc,heap        ] GC(143) Eden regions: 193->0(201)
[29.052s][info][gc,heap        ] GC(143) Survivor regions: 8->8(26)
[29.052s][info][gc,heap        ] GC(143) Old regions: 118->118
[29.052s][info][gc,heap        ] GC(143) Humongous regions: 11->11
[29.052s][info][gc,metaspace   ] GC(143) Metaspace: 60417K->60417K(1103872K)
[29.052s][info][gc             ] GC(143) Pause Young (Normal) (G1 Evacuation Pause) 327M->134M(462M) 10.790ms
[29.052s][info][gc,cpu         ] GC(143) User=0.00s Sys=0.01s Real=0.02s
[29.299s][info][gc,start       ] GC(144) Pause Young (Normal) (G1 Evacuation Pause)
[29.299s][info][gc,task        ] GC(144) Using 1 workers of 1 for evacuation
[29.310s][info][gc,phases      ] GC(144)   Pre Evacuate Collection Set: 0.0ms
[29.310s][info][gc,phases      ] GC(144)   Evacuate Collection Set: 10.3ms
[29.310s][info][gc,phases      ] GC(144)   Post Evacuate Collection Set: 0.4ms
[29.310s][info][gc,phases      ] GC(144)   Other: 0.3ms
[29.310s][info][gc,heap        ] GC(144) Eden regions: 201->0(208)
[29.310s][info][gc,heap        ] GC(144) Survivor regions: 8->8(27)
[29.310s][info][gc,heap        ] GC(144) Old regions: 118->118
[29.310s][info][gc,heap        ] GC(144) Humongous regions: 11->11
[29.310s][info][gc,metaspace   ] GC(144) Metaspace: 60417K->60417K(1103872K)
[29.310s][info][gc             ] GC(144) Pause Young (Normal) (G1 Evacuation Pause) 335M->134M(462M) 11.131ms
[29.310s][info][gc,cpu         ] GC(144) User=0.01s Sys=0.00s Real=0.01s
[29.520s][info][gc,start       ] GC(145) Pause Young (Normal) (G1 Evacuation Pause)
[29.520s][info][gc,task        ] GC(145) Using 1 workers of 1 for evacuation
[29.531s][info][gc,phases      ] GC(145)   Pre Evacuate Collection Set: 0.0ms
[29.531s][info][gc,phases      ] GC(145)   Evacuate Collection Set: 10.1ms
[29.531s][info][gc,phases      ] GC(145)   Post Evacuate Collection Set: 0.4ms
[29.531s][info][gc,phases      ] GC(145)   Other: 0.3ms
[29.531s][info][gc,heap        ] GC(145) Eden regions: 208->0(215)
[29.531s][info][gc,heap        ] GC(145) Survivor regions: 8->8(27)
[29.531s][info][gc,heap        ] GC(145) Old regions: 118->118
[29.531s][info][gc,heap        ] GC(145) Humongous regions: 11->11
[29.531s][info][gc,metaspace   ] GC(145) Metaspace: 60417K->60417K(1103872K)
[29.531s][info][gc             ] GC(145) Pause Young (Normal) (G1 Evacuation Pause) 342M->134M(462M) 10.868ms
[29.531s][info][gc,cpu         ] GC(145) User=0.01s Sys=0.00s Real=0.01s
[29.751s][info][gc,start       ] GC(146) Pause Young (Normal) (G1 Evacuation Pause)
[29.751s][info][gc,task        ] GC(146) Using 1 workers of 1 for evacuation
[29.762s][info][gc,phases      ] GC(146)   Pre Evacuate Collection Set: 0.0ms
[29.762s][info][gc,phases      ] GC(146)   Evacuate Collection Set: 10.3ms
[29.762s][info][gc,phases      ] GC(146)   Post Evacuate Collection Set: 0.3ms
[29.762s][info][gc,phases      ] GC(146)   Other: 0.3ms
[29.762s][info][gc,heap        ] GC(146) Eden regions: 215->0(221)
[29.762s][info][gc,heap        ] GC(146) Survivor regions: 8->8(28)
[29.762s][info][gc,heap        ] GC(146) Old regions: 118->118
[29.762s][info][gc,heap        ] GC(146) Humongous regions: 11->11
[29.762s][info][gc,metaspace   ] GC(146) Metaspace: 60417K->60417K(1103872K)
[29.762s][info][gc             ] GC(146) Pause Young (Normal) (G1 Evacuation Pause) 349M->134M(462M) 10.979ms
[29.762s][info][gc,cpu         ] GC(146) User=0.02s Sys=0.00s Real=0.01s
[29.978s][info][gc,start       ] GC(147) Pause Young (Normal) (G1 Evacuation Pause)
[29.978s][info][gc,task        ] GC(147) Using 1 workers of 1 for evacuation
[29.989s][info][gc,phases      ] GC(147)   Pre Evacuate Collection Set: 0.0ms
[29.989s][info][gc,phases      ] GC(147)   Evacuate Collection Set: 10.2ms
[29.989s][info][gc,phases      ] GC(147)   Post Evacuate Collection Set: 0.3ms
[29.989s][info][gc,phases      ] GC(147)   Other: 0.3ms
[29.989s][info][gc,heap        ] GC(147) Eden regions: 221->0(227)
[29.989s][info][gc,heap        ] GC(147) Survivor regions: 8->8(29)
[29.989s][info][gc,heap        ] GC(147) Old regions: 118->118
[29.989s][info][gc,heap        ] GC(147) Humongous regions: 11->11
[29.989s][info][gc,metaspace   ] GC(147) Metaspace: 60417K->60417K(1103872K)
[29.989s][info][gc             ] GC(147) Pause Young (Normal) (G1 Evacuation Pause) 355M->134M(462M) 11.024ms
[29.989s][info][gc,cpu         ] GC(147) User=0.01s Sys=0.00s Real=0.01s
[30.180s][info][gc,start       ] GC(148) Pause Young (Normal) (G1 Evacuation Pause)
[30.181s][info][gc,task        ] GC(148) Using 1 workers of 1 for evacuation
[30.191s][info][gc,phases      ] GC(148)   Pre Evacuate Collection Set: 0.0ms
[30.191s][info][gc,phases      ] GC(148)   Evacuate Collection Set: 10.2ms
[30.191s][info][gc,phases      ] GC(148)   Post Evacuate Collection Set: 0.4ms
[30.191s][info][gc,phases      ] GC(148)   Other: 0.2ms
[30.191s][info][gc,heap        ] GC(148) Eden regions: 227->0(232)
[30.191s][info][gc,heap        ] GC(148) Survivor regions: 8->8(30)
[30.191s][info][gc,heap        ] GC(148) Old regions: 118->118
[30.191s][info][gc,heap        ] GC(148) Humongous regions: 11->11
[30.191s][info][gc,metaspace   ] GC(148) Metaspace: 60419K->60419K(1103872K)
[30.191s][info][gc             ] GC(148) Pause Young (Normal) (G1 Evacuation Pause) 361M->134M(462M) 10.895ms
[30.191s][info][gc,cpu         ] GC(148) User=0.01s Sys=0.00s Real=0.01s
[30.442s][info][gc,start       ] GC(149) Pause Young (Normal) (G1 Evacuation Pause)
[30.442s][info][gc,task        ] GC(149) Using 1 workers of 1 for evacuation
[30.456s][info][gc,phases      ] GC(149)   Pre Evacuate Collection Set: 0.0ms
[30.456s][info][gc,phases      ] GC(149)   Evacuate Collection Set: 13.3ms
[30.456s][info][gc,phases      ] GC(149)   Post Evacuate Collection Set: 0.5ms
[30.456s][info][gc,phases      ] GC(149)   Other: 0.4ms
[30.456s][info][gc,heap        ] GC(149) Eden regions: 232->0(236)
[30.456s][info][gc,heap        ] GC(149) Survivor regions: 8->8(30)
[30.456s][info][gc,heap        ] GC(149) Old regions: 118->118
[30.456s][info][gc,heap        ] GC(149) Humongous regions: 11->11
[30.456s][info][gc,metaspace   ] GC(149) Metaspace: 60419K->60419K(1103872K)
[30.456s][info][gc             ] GC(149) Pause Young (Normal) (G1 Evacuation Pause) 366M->134M(462M) 14.259ms
[30.456s][info][gc,cpu         ] GC(149) User=0.02s Sys=0.00s Real=0.02s
[30.691s][info][gc,start       ] GC(150) Pause Young (Normal) (G1 Evacuation Pause)
[30.692s][info][gc,task        ] GC(150) Using 1 workers of 1 for evacuation
[30.702s][info][gc,phases      ] GC(150)   Pre Evacuate Collection Set: 0.0ms
[30.702s][info][gc,phases      ] GC(150)   Evacuate Collection Set: 10.3ms
[30.702s][info][gc,phases      ] GC(150)   Post Evacuate Collection Set: 0.4ms
[30.702s][info][gc,phases      ] GC(150)   Other: 0.3ms
[30.702s][info][gc,heap        ] GC(150) Eden regions: 236->0(240)
[30.702s][info][gc,heap        ] GC(150) Survivor regions: 8->8(31)
[30.702s][info][gc,heap        ] GC(150) Old regions: 118->118
[30.702s][info][gc,heap        ] GC(150) Humongous regions: 11->11
[30.702s][info][gc,metaspace   ] GC(150) Metaspace: 60419K->60419K(1103872K)
[30.702s][info][gc             ] GC(150) Pause Young (Normal) (G1 Evacuation Pause) 370M->134M(462M) 11.078ms
[30.702s][info][gc,cpu         ] GC(150) User=0.01s Sys=0.00s Real=0.01s
[30.899s][info][gc,start       ] GC(151) Pause Young (Normal) (G1 Evacuation Pause)
[30.900s][info][gc,task        ] GC(151) Using 1 workers of 1 for evacuation
[30.910s][info][gc,phases      ] GC(151)   Pre Evacuate Collection Set: 0.0ms
[30.910s][info][gc,phases      ] GC(151)   Evacuate Collection Set: 10.1ms
[30.910s][info][gc,phases      ] GC(151)   Post Evacuate Collection Set: 0.3ms
[30.910s][info][gc,phases      ] GC(151)   Other: 0.3ms
[30.910s][info][gc,heap        ] GC(151) Eden regions: 240->0(243)
[30.910s][info][gc,heap        ] GC(151) Survivor regions: 8->8(31)
[30.910s][info][gc,heap        ] GC(151) Old regions: 118->118
[30.910s][info][gc,heap        ] GC(151) Humongous regions: 11->11
[30.910s][info][gc,metaspace   ] GC(151) Metaspace: 60419K->60419K(1103872K)
[30.910s][info][gc             ] GC(151) Pause Young (Normal) (G1 Evacuation Pause) 374M->134M(462M) 10.790ms
[30.910s][info][gc,cpu         ] GC(151) User=0.01s Sys=0.00s Real=0.01s
[31.098s][info][gc,start       ] GC(152) Pause Young (Normal) (G1 Evacuation Pause)
[31.098s][info][gc,task        ] GC(152) Using 1 workers of 1 for evacuation
[31.110s][info][gc,phases      ] GC(152)   Pre Evacuate Collection Set: 0.0ms
[31.110s][info][gc,phases      ] GC(152)   Evacuate Collection Set: 10.9ms
[31.110s][info][gc,phases      ] GC(152)   Post Evacuate Collection Set: 0.4ms
[31.110s][info][gc,phases      ] GC(152)   Other: 0.5ms
[31.110s][info][gc,heap        ] GC(152) Eden regions: 243->0(247)
[31.110s][info][gc,heap        ] GC(152) Survivor regions: 8->8(32)
[31.110s][info][gc,heap        ] GC(152) Old regions: 118->118
[31.110s][info][gc,heap        ] GC(152) Humongous regions: 11->11
[31.110s][info][gc,metaspace   ] GC(152) Metaspace: 60423K->60423K(1103872K)
[31.110s][info][gc             ] GC(152) Pause Young (Normal) (G1 Evacuation Pause) 377M->134M(462M) 11.890ms
[31.110s][info][gc,cpu         ] GC(152) User=0.01s Sys=0.00s Real=0.01s
[31.404s][info][gc,task        ] GC(153) Using 1 workers of 1 for full compaction
[31.404s][info][gc,start       ] GC(153) Pause Full (System.gc())
[31.405s][info][gc,phases,start] GC(153) Phase 1: Mark live objects
[31.449s][info][gc,stringtable ] GC(153) Cleaned string and symbol table, strings: 21614 processed, 10 removed, symbols: 131552 processed, 0 removed
[31.449s][info][gc,phases      ] GC(153) Phase 1: Mark live objects 43.974ms
[31.449s][info][gc,phases,start] GC(153) Phase 2: Prepare for compaction
[31.453s][info][gc,phases      ] GC(153) Phase 2: Prepare for compaction 4.625ms
[31.454s][info][gc,phases,start] GC(153) Phase 3: Adjust pointers
[31.471s][info][gc,phases      ] GC(153) Phase 3: Adjust pointers 17.191ms
[31.471s][info][gc,phases,start] GC(153) Phase 4: Compact heap
[31.476s][info][gc,phases      ] GC(153) Phase 4: Compact heap 4.753ms
[31.489s][info][gc,heap        ] GC(153) Eden regions: 233->0(59)
[31.489s][info][gc,heap        ] GC(153) Survivor regions: 8->0(32)
[31.489s][info][gc,heap        ] GC(153) Old regions: 118->24
[31.489s][info][gc,heap        ] GC(153) Humongous regions: 16->6
[31.489s][info][gc,metaspace   ] GC(153) Metaspace: 60475K->60475K(1103872K)
[31.489s][info][gc             ] GC(153) Pause Full (System.gc()) 372M->28M(100M) 85.034ms
[31.489s][info][gc,cpu         ] GC(153) User=0.06s Sys=0.02s Real=0.08s
[31.607s][info][gc,start       ] GC(154) Pause Young (Normal) (G1 Evacuation Pause)
[31.608s][info][gc,task        ] GC(154) Using 1 workers of 1 for evacuation
[31.615s][info][gc,phases      ] GC(154)   Pre Evacuate Collection Set: 0.0ms
[31.615s][info][gc,phases      ] GC(154)   Evacuate Collection Set: 6.9ms
[31.615s][info][gc,phases      ] GC(154)   Post Evacuate Collection Set: 0.3ms
[31.615s][info][gc,phases      ] GC(154)   Other: 0.2ms
[31.615s][info][gc,heap        ] GC(154) Eden regions: 59->0(52)
[31.615s][info][gc,heap        ] GC(154) Survivor regions: 0->4(8)
[31.615s][info][gc,heap        ] GC(154) Old regions: 24->24
[31.615s][info][gc,heap        ] GC(154) Humongous regions: 11->6
[31.615s][info][gc,metaspace   ] GC(154) Metaspace: 60512K->60512K(1103872K)
[31.615s][info][gc             ] GC(154) Pause Young (Normal) (G1 Evacuation Pause) 92M->31M(100M) 7.492ms
[31.615s][info][gc,cpu         ] GC(154) User=0.01s Sys=0.00s Real=0.01s
[31.646s][info][gc,start       ] GC(155) Pause Young (Normal) (G1 Evacuation Pause)
[31.646s][info][gc,task        ] GC(155) Using 1 workers of 1 for evacuation
[31.660s][info][gc,phases      ] GC(155)   Pre Evacuate Collection Set: 0.0ms
[31.660s][info][gc,phases      ] GC(155)   Evacuate Collection Set: 13.0ms
[31.660s][info][gc,phases      ] GC(155)   Post Evacuate Collection Set: 0.3ms
[31.660s][info][gc,phases      ] GC(155)   Other: 0.2ms
[31.660s][info][gc,heap        ] GC(155) Eden regions: 52->0(45)
[31.660s][info][gc,heap        ] GC(155) Survivor regions: 4->7(7)
[31.660s][info][gc,heap        ] GC(155) Old regions: 24->24
[31.660s][info][gc,heap        ] GC(155) Humongous regions: 7->7
[31.660s][info][gc,metaspace   ] GC(155) Metaspace: 60512K->60512K(1103872K)
[31.660s][info][gc             ] GC(155) Pause Young (Normal) (G1 Evacuation Pause) 84M->36M(100M) 13.587ms
[31.660s][info][gc,cpu         ] GC(155) User=0.01s Sys=0.00s Real=0.01s
[31.703s][info][gc,start       ] GC(156) Pause Young (Normal) (G1 Evacuation Pause)
[31.703s][info][gc,task        ] GC(156) Using 1 workers of 1 for evacuation
[31.724s][info][gc,phases      ] GC(156)   Pre Evacuate Collection Set: 0.0ms
[31.724s][info][gc,phases      ] GC(156)   Evacuate Collection Set: 20.3ms
[31.724s][info][gc,phases      ] GC(156)   Post Evacuate Collection Set: 0.4ms
[31.724s][info][gc,phases      ] GC(156)   Other: 0.3ms
[31.724s][info][gc,heap        ] GC(156) Eden regions: 45->0(42)
[31.724s][info][gc,heap        ] GC(156) Survivor regions: 7->4(7)
[31.724s][info][gc,heap        ] GC(156) Old regions: 24->31
[31.724s][info][gc,heap        ] GC(156) Humongous regions: 7->7
[31.724s][info][gc,metaspace   ] GC(156) Metaspace: 60513K->60513K(1103872K)
[31.724s][info][gc             ] GC(156) Pause Young (Normal) (G1 Evacuation Pause) 81M->39M(100M) 20.971ms
[31.724s][info][gc,cpu         ] GC(156) User=0.02s Sys=0.00s Real=0.02s
[31.755s][info][gc,start       ] GC(157) Pause Young (Normal) (G1 Evacuation Pause)
[31.755s][info][gc,task        ] GC(157) Using 1 workers of 1 for evacuation
[31.771s][info][gc,phases      ] GC(157)   Pre Evacuate Collection Set: 0.0ms
[31.771s][info][gc,phases      ] GC(157)   Evacuate Collection Set: 14.7ms
[31.771s][info][gc,phases      ] GC(157)   Post Evacuate Collection Set: 0.5ms
[31.771s][info][gc,phases      ] GC(157)   Other: 0.2ms
[31.771s][info][gc,heap        ] GC(157) Eden regions: 42->0(54)
[31.771s][info][gc,heap        ] GC(157) Survivor regions: 4->4(6)
[31.771s][info][gc,heap        ] GC(157) Old regions: 31->35
[31.771s][info][gc,heap        ] GC(157) Humongous regions: 9->9
[31.771s][info][gc,metaspace   ] GC(157) Metaspace: 60513K->60513K(1103872K)
[31.771s][info][gc             ] GC(157) Pause Young (Normal) (G1 Evacuation Pause) 83M->45M(133M) 15.419ms
[31.771s][info][gc,cpu         ] GC(157) User=0.01s Sys=0.00s Real=0.01s
[31.821s][info][gc,start       ] GC(158) Pause Young (Normal) (G1 Evacuation Pause)
[31.821s][info][gc,task        ] GC(158) Using 1 workers of 1 for evacuation
[31.835s][info][gc,phases      ] GC(158)   Pre Evacuate Collection Set: 0.0ms
[31.835s][info][gc,phases      ] GC(158)   Evacuate Collection Set: 13.9ms
[31.835s][info][gc,phases      ] GC(158)   Post Evacuate Collection Set: 0.3ms
[31.835s][info][gc,phases      ] GC(158)   Other: 0.2ms
[31.835s][info][gc,heap        ] GC(158) Eden regions: 54->0(53)
[31.835s][info][gc,heap        ] GC(158) Survivor regions: 4->8(8)
[31.835s][info][gc,heap        ] GC(158) Old regions: 35->35
[31.835s][info][gc,heap        ] GC(158) Humongous regions: 9->9
[31.835s][info][gc,metaspace   ] GC(158) Metaspace: 60513K->60513K(1103872K)
[31.835s][info][gc             ] GC(158) Pause Young (Normal) (G1 Evacuation Pause) 99M->49M(133M) 14.572ms
[31.835s][info][gc,cpu         ] GC(158) User=0.02s Sys=0.00s Real=0.02s
[31.870s][info][gc,start       ] GC(159) Pause Young (Normal) (G1 Evacuation Pause)
[31.870s][info][gc,task        ] GC(159) Using 1 workers of 1 for evacuation
[31.890s][info][gc,phases      ] GC(159)   Pre Evacuate Collection Set: 0.0ms
[31.890s][info][gc,phases      ] GC(159)   Evacuate Collection Set: 19.6ms
[31.890s][info][gc,phases      ] GC(159)   Post Evacuate Collection Set: 0.2ms
[31.890s][info][gc,phases      ] GC(159)   Other: 0.2ms
[31.890s][info][gc,heap        ] GC(159) Eden regions: 53->0(51)
[31.890s][info][gc,heap        ] GC(159) Survivor regions: 8->4(8)
[31.890s][info][gc,heap        ] GC(159) Old regions: 35->42
[31.890s][info][gc,heap        ] GC(159) Humongous regions: 9->9
[31.890s][info][gc,metaspace   ] GC(159) Metaspace: 60513K->60513K(1103872K)
[31.890s][info][gc             ] GC(159) Pause Young (Normal) (G1 Evacuation Pause) 102M->52M(133M) 20.105ms
[31.890s][info][gc,cpu         ] GC(159) User=0.02s Sys=0.00s Real=0.02s
[31.921s][info][gc,start       ] GC(160) Pause Young (Normal) (G1 Evacuation Pause)
[31.921s][info][gc,task        ] GC(160) Using 1 workers of 1 for evacuation
[31.938s][info][gc,phases      ] GC(160)   Pre Evacuate Collection Set: 0.0ms
[31.938s][info][gc,phases      ] GC(160)   Evacuate Collection Set: 16.4ms
[31.938s][info][gc,phases      ] GC(160)   Post Evacuate Collection Set: 0.2ms
[31.938s][info][gc,phases      ] GC(160)   Other: 0.2ms
[31.938s][info][gc,heap        ] GC(160) Eden regions: 51->0(47)
[31.938s][info][gc,heap        ] GC(160) Survivor regions: 4->4(7)
[31.938s][info][gc,heap        ] GC(160) Old regions: 42->46
[31.938s][info][gc,heap        ] GC(160) Humongous regions: 12->12
[31.938s][info][gc,metaspace   ] GC(160) Metaspace: 60513K->60513K(1103872K)
[31.938s][info][gc             ] GC(160) Pause Young (Normal) (G1 Evacuation Pause) 106M->60M(133M) 16.930ms
[31.938s][info][gc,cpu         ] GC(160) User=0.02s Sys=0.00s Real=0.02s
[31.964s][info][gc,start       ] GC(161) Pause Young (Normal) (G1 Evacuation Pause)
[31.964s][info][gc,task        ] GC(161) Using 1 workers of 1 for evacuation
[31.979s][info][gc,phases      ] GC(161)   Pre Evacuate Collection Set: 0.0ms
[31.979s][info][gc,phases      ] GC(161)   Evacuate Collection Set: 13.6ms
[31.979s][info][gc,phases      ] GC(161)   Post Evacuate Collection Set: 0.5ms
[31.979s][info][gc,phases      ] GC(161)   Other: 0.2ms
[31.979s][info][gc,heap        ] GC(161) Eden regions: 47->0(71)
[31.979s][info][gc,heap        ] GC(161) Survivor regions: 4->4(7)
[31.979s][info][gc,heap        ] GC(161) Old regions: 46->50
[31.979s][info][gc,heap        ] GC(161) Humongous regions: 12->12
[31.979s][info][gc,metaspace   ] GC(161) Metaspace: 60513K->60513K(1103872K)
[31.979s][info][gc             ] GC(161) Pause Young (Normal) (G1 Evacuation Pause) 107M->64M(201M) 14.379ms
[31.979s][info][gc,cpu         ] GC(161) User=0.01s Sys=0.00s Real=0.01s
[32.035s][info][gc,start       ] GC(162) Pause Young (Normal) (G1 Evacuation Pause)
[32.035s][info][gc,task        ] GC(162) Using 1 workers of 1 for evacuation
[32.053s][info][gc,phases      ] GC(162)   Pre Evacuate Collection Set: 0.0ms
[32.053s][info][gc,phases      ] GC(162)   Evacuate Collection Set: 17.1ms
[32.053s][info][gc,phases      ] GC(162)   Post Evacuate Collection Set: 0.3ms
[32.053s][info][gc,phases      ] GC(162)   Other: 0.2ms
[32.053s][info][gc,heap        ] GC(162) Eden regions: 71->0(71)
[32.053s][info][gc,heap        ] GC(162) Survivor regions: 4->9(10)
[32.053s][info][gc,heap        ] GC(162) Old regions: 50->50
[32.053s][info][gc,heap        ] GC(162) Humongous regions: 12->12
[32.053s][info][gc,metaspace   ] GC(162) Metaspace: 60513K->60513K(1103872K)
[32.053s][info][gc             ] GC(162) Pause Young (Normal) (G1 Evacuation Pause) 135M->69M(201M) 17.688ms
[32.053s][info][gc,cpu         ] GC(162) User=0.02s Sys=0.00s Real=0.02s
[32.092s][info][gc,start       ] GC(163) Pause Young (Normal) (G1 Evacuation Pause)
[32.092s][info][gc,task        ] GC(163) Using 1 workers of 1 for evacuation
[32.116s][info][gc,phases      ] GC(163)   Pre Evacuate Collection Set: 0.0ms
[32.116s][info][gc,phases      ] GC(163)   Evacuate Collection Set: 24.0ms
[32.116s][info][gc,phases      ] GC(163)   Post Evacuate Collection Set: 0.3ms
[32.116s][info][gc,phases      ] GC(163)   Other: 0.2ms
[32.116s][info][gc,heap        ] GC(163) Eden regions: 71->0(71)
[32.116s][info][gc,heap        ] GC(163) Survivor regions: 9->6(10)
[32.116s][info][gc,heap        ] GC(163) Old regions: 50->59
[32.116s][info][gc,heap        ] GC(163) Humongous regions: 12->12
[32.116s][info][gc,metaspace   ] GC(163) Metaspace: 60513K->60513K(1103872K)
[32.116s][info][gc             ] GC(163) Pause Young (Normal) (G1 Evacuation Pause) 140M->74M(201M) 24.579ms
[32.116s][info][gc,cpu         ] GC(163) User=0.02s Sys=0.00s Real=0.02s
[32.161s][info][gc,start       ] GC(164) Pause Young (Normal) (G1 Evacuation Pause)
[32.161s][info][gc,task        ] GC(164) Using 1 workers of 1 for evacuation
[32.182s][info][gc,phases      ] GC(164)   Pre Evacuate Collection Set: 0.0ms
[32.182s][info][gc,phases      ] GC(164)   Evacuate Collection Set: 19.8ms
[32.182s][info][gc,phases      ] GC(164)   Post Evacuate Collection Set: 0.3ms
[32.182s][info][gc,phases      ] GC(164)   Other: 0.2ms
[32.182s][info][gc,heap        ] GC(164) Eden regions: 71->0(70)
[32.182s][info][gc,heap        ] GC(164) Survivor regions: 6->6(10)
[32.182s][info][gc,heap        ] GC(164) Old regions: 59->65
[32.182s][info][gc,heap        ] GC(164) Humongous regions: 12->12
[32.182s][info][gc,metaspace   ] GC(164) Metaspace: 60513K->60513K(1103872K)
[32.182s][info][gc             ] GC(164) Pause Young (Normal) (G1 Evacuation Pause) 145M->80M(201M) 20.390ms
[32.182s][info][gc,cpu         ] GC(164) User=0.02s Sys=0.00s Real=0.02s
[32.249s][info][gc,start       ] GC(165) Pause Young (Normal) (G1 Evacuation Pause)
[32.249s][info][gc,task        ] GC(165) Using 1 workers of 1 for evacuation
[32.276s][info][gc,phases      ] GC(165)   Pre Evacuate Collection Set: 0.0ms
[32.276s][info][gc,phases      ] GC(165)   Evacuate Collection Set: 25.9ms
[32.276s][info][gc,phases      ] GC(165)   Post Evacuate Collection Set: 0.6ms
[32.276s][info][gc,phases      ] GC(165)   Other: 0.2ms
[32.276s][info][gc,heap        ] GC(165) Eden regions: 70->0(104)
[32.276s][info][gc,heap        ] GC(165) Survivor regions: 6->6(10)
[32.276s][info][gc,heap        ] GC(165) Old regions: 65->70
[32.276s][info][gc,heap        ] GC(165) Humongous regions: 17->17
[32.276s][info][gc,metaspace   ] GC(165) Metaspace: 60513K->60513K(1103872K)
[32.276s][info][gc             ] GC(165) Pause Young (Normal) (G1 Evacuation Pause) 155M->90M(296M) 26.820ms
[32.276s][info][gc,cpu         ] GC(165) User=0.03s Sys=0.00s Real=0.03s
[32.362s][info][gc,start       ] GC(166) Pause Young (Normal) (G1 Evacuation Pause)
[32.362s][info][gc,task        ] GC(166) Using 1 workers of 1 for evacuation
[32.388s][info][gc,phases      ] GC(166)   Pre Evacuate Collection Set: 0.0ms
[32.388s][info][gc,phases      ] GC(166)   Evacuate Collection Set: 25.4ms
[32.388s][info][gc,phases      ] GC(166)   Post Evacuate Collection Set: 0.4ms
[32.388s][info][gc,phases      ] GC(166)   Other: 0.3ms
[32.388s][info][gc,heap        ] GC(166) Eden regions: 104->0(106)
[32.388s][info][gc,heap        ] GC(166) Survivor regions: 6->13(14)
[32.388s][info][gc,heap        ] GC(166) Old regions: 70->70
[32.388s][info][gc,heap        ] GC(166) Humongous regions: 17->17
[32.388s][info][gc,metaspace   ] GC(166) Metaspace: 60513K->60513K(1103872K)
[32.388s][info][gc             ] GC(166) Pause Young (Normal) (G1 Evacuation Pause) 194M->98M(296M) 26.112ms
[32.388s][info][gc,cpu         ] GC(166) User=0.03s Sys=0.00s Real=0.03s
[32.471s][info][gc,start       ] GC(167) Pause Young (Normal) (G1 Evacuation Pause)
[32.471s][info][gc,task        ] GC(167) Using 1 workers of 1 for evacuation
[32.509s][info][gc,phases      ] GC(167)   Pre Evacuate Collection Set: 0.0ms
[32.509s][info][gc,phases      ] GC(167)   Evacuate Collection Set: 37.3ms
[32.509s][info][gc,phases      ] GC(167)   Post Evacuate Collection Set: 0.3ms
[32.509s][info][gc,phases      ] GC(167)   Other: 0.2ms
[32.509s][info][gc,heap        ] GC(167) Eden regions: 106->0(106)
[32.509s][info][gc,heap        ] GC(167) Survivor regions: 13->9(15)
[32.509s][info][gc,heap        ] GC(167) Old regions: 70->83
[32.509s][info][gc,heap        ] GC(167) Humongous regions: 17->17
[32.509s][info][gc,metaspace   ] GC(167) Metaspace: 60513K->60513K(1103872K)
[32.509s][info][gc             ] GC(167) Pause Young (Normal) (G1 Evacuation Pause) 204M->106M(296M) 37.887ms
[32.509s][info][gc,cpu         ] GC(167) User=0.03s Sys=0.00s Real=0.04s
[32.569s][info][gc,start       ] GC(168) Pause Young (Normal) (G1 Evacuation Pause)
[32.570s][info][gc,task        ] GC(168) Using 1 workers of 1 for evacuation
[32.599s][info][gc,phases      ] GC(168)   Pre Evacuate Collection Set: 0.0ms
[32.600s][info][gc,phases      ] GC(168)   Evacuate Collection Set: 29.5ms
[32.600s][info][gc,phases      ] GC(168)   Post Evacuate Collection Set: 0.3ms
[32.600s][info][gc,phases      ] GC(168)   Other: 0.2ms
[32.600s][info][gc,heap        ] GC(168) Eden regions: 106->0(105)
[32.600s][info][gc,heap        ] GC(168) Survivor regions: 9->9(15)
[32.600s][info][gc,heap        ] GC(168) Old regions: 83->92
[32.600s][info][gc,heap        ] GC(168) Humongous regions: 17->17
[32.600s][info][gc,metaspace   ] GC(168) Metaspace: 60513K->60513K(1103872K)
[32.600s][info][gc             ] GC(168) Pause Young (Normal) (G1 Evacuation Pause) 212M->115M(296M) 30.142ms
[32.600s][info][gc,cpu         ] GC(168) User=0.03s Sys=0.00s Real=0.03s
[32.668s][info][gc,start       ] GC(169) Pause Young (Normal) (G1 Evacuation Pause)
[32.668s][info][gc,task        ] GC(169) Using 1 workers of 1 for evacuation
[32.718s][info][gc,phases      ] GC(169)   Pre Evacuate Collection Set: 0.0ms
[32.718s][info][gc,phases      ] GC(169)   Evacuate Collection Set: 48.6ms
[32.718s][info][gc,phases      ] GC(169)   Post Evacuate Collection Set: 1.2ms
[32.718s][info][gc,phases      ] GC(169)   Other: 0.2ms
[32.718s][info][gc,heap        ] GC(169) Eden regions: 105->0(142)
[32.718s][info][gc,heap        ] GC(169) Survivor regions: 9->8(15)
[32.718s][info][gc,heap        ] GC(169) Old regions: 92->100
[32.718s][info][gc,heap        ] GC(169) Humongous regions: 17->17
[32.718s][info][gc,metaspace   ] GC(169) Metaspace: 60513K->60513K(1103872K)
[32.718s][info][gc             ] GC(169) Pause Young (Normal) (G1 Evacuation Pause) 220M->123M(378M) 50.105ms
[32.718s][info][gc,cpu         ] GC(169) User=0.05s Sys=0.00s Real=0.05s
[32.883s][info][gc,start       ] GC(170) Pause Young (Normal) (G1 Evacuation Pause)
[32.883s][info][gc,task        ] GC(170) Using 1 workers of 1 for evacuation
[32.924s][info][gc,phases      ] GC(170)   Pre Evacuate Collection Set: 0.0ms
[32.924s][info][gc,phases      ] GC(170)   Evacuate Collection Set: 41.0ms
[32.924s][info][gc,phases      ] GC(170)   Post Evacuate Collection Set: 0.3ms
[32.924s][info][gc,phases      ] GC(170)   Other: 0.3ms
[32.924s][info][gc,heap        ] GC(170) Eden regions: 142->0(142)
[32.924s][info][gc,heap        ] GC(170) Survivor regions: 8->19(19)
[32.924s][info][gc,heap        ] GC(170) Old regions: 100->100
[32.924s][info][gc,heap        ] GC(170) Humongous regions: 17->17
[32.924s][info][gc,metaspace   ] GC(170) Metaspace: 60531K->60531K(1103872K)
[32.924s][info][gc             ] GC(170) Pause Young (Normal) (G1 Evacuation Pause) 265M->133M(378M) 41.707ms
[32.924s][info][gc,cpu         ] GC(170) User=0.04s Sys=0.00s Real=0.05s
[33.195s][info][gc,start       ] GC(171) Pause Young (Normal) (G1 Evacuation Pause)
[33.195s][info][gc,task        ] GC(171) Using 1 workers of 1 for evacuation
[33.278s][info][gc,phases      ] GC(171)   Pre Evacuate Collection Set: 0.0ms
[33.278s][info][gc,phases      ] GC(171)   Evacuate Collection Set: 79.1ms
[33.278s][info][gc,phases      ] GC(171)   Post Evacuate Collection Set: 3.6ms
[33.278s][info][gc,phases      ] GC(171)   Other: 0.3ms
[33.278s][info][gc,heap        ] GC(171) Eden regions: 142->0(141)
[33.278s][info][gc,heap        ] GC(171) Survivor regions: 19->10(21)
[33.278s][info][gc,heap        ] GC(171) Old regions: 100->119
[33.278s][info][gc,heap        ] GC(171) Humongous regions: 23->18
[33.278s][info][gc,metaspace   ] GC(171) Metaspace: 60605K->60605K(1103872K)
[33.278s][info][gc             ] GC(171) Pause Young (Normal) (G1 Evacuation Pause) 281M->144M(378M) 83.130ms
[33.278s][info][gc,cpu         ] GC(171) User=0.08s Sys=0.00s Real=0.08s
[33.420s][info][gc,start       ] GC(172) Pause Young (Normal) (G1 Evacuation Pause)
[33.420s][info][gc,task        ] GC(172) Using 1 workers of 1 for evacuation
[33.456s][info][gc,phases      ] GC(172)   Pre Evacuate Collection Set: 0.0ms
[33.456s][info][gc,phases      ] GC(172)   Evacuate Collection Set: 35.5ms
[33.456s][info][gc,phases      ] GC(172)   Post Evacuate Collection Set: 0.4ms
[33.456s][info][gc,phases      ] GC(172)   Other: 0.3ms
[33.456s][info][gc,heap        ] GC(172) Eden regions: 141->0(137)
[33.456s][info][gc,heap        ] GC(172) Survivor regions: 10->19(19)
[33.456s][info][gc,heap        ] GC(172) Old regions: 119->120
[33.456s][info][gc,heap        ] GC(172) Humongous regions: 20->20
[33.456s][info][gc,metaspace   ] GC(172) Metaspace: 60605K->60605K(1103872K)
[33.456s][info][gc             ] GC(172) Pause Young (Normal) (G1 Evacuation Pause) 287M->156M(378M) 36.274ms
[33.456s][info][gc,cpu         ] GC(172) User=0.04s Sys=0.00s Real=0.04s
[33.538s][info][gc,start       ] GC(173) Pause Young (Normal) (G1 Evacuation Pause)
[33.538s][info][gc,task        ] GC(173) Using 1 workers of 1 for evacuation
[33.591s][info][gc,phases      ] GC(173)   Pre Evacuate Collection Set: 0.0ms
[33.591s][info][gc,phases      ] GC(173)   Evacuate Collection Set: 51.9ms
[33.591s][info][gc,phases      ] GC(173)   Post Evacuate Collection Set: 0.5ms
[33.591s][info][gc,phases      ] GC(173)   Other: 0.2ms
[33.591s][info][gc,heap        ] GC(173) Eden regions: 137->0(150)
[33.591s][info][gc,heap        ] GC(173) Survivor regions: 19->20(20)
[33.591s][info][gc,heap        ] GC(173) Old regions: 120->129
[33.591s][info][gc,heap        ] GC(173) Humongous regions: 23->23
[33.591s][info][gc,metaspace   ] GC(173) Metaspace: 60605K->60605K(1103872K)
[33.591s][info][gc             ] GC(173) Pause Young (Normal) (G1 Evacuation Pause) 296M->170M(427M) 52.789ms
[33.591s][info][gc,cpu         ] GC(173) User=0.05s Sys=0.00s Real=0.05s
[33.686s][info][gc,start       ] GC(174) Pause Young (Normal) (G1 Evacuation Pause)
[33.686s][info][gc,task        ] GC(174) Using 1 workers of 1 for evacuation
[33.746s][info][gc,phases      ] GC(174)   Pre Evacuate Collection Set: 0.0ms
[33.746s][info][gc,phases      ] GC(174)   Evacuate Collection Set: 58.9ms
[33.746s][info][gc,phases      ] GC(174)   Post Evacuate Collection Set: 0.3ms
[33.746s][info][gc,phases      ] GC(174)   Other: 0.3ms
[33.746s][info][gc,heap        ] GC(174) Eden regions: 150->0(149)
[33.746s][info][gc,heap        ] GC(174) Survivor regions: 20->22(22)
[33.746s][info][gc,heap        ] GC(174) Old regions: 129->139
[33.746s][info][gc,heap        ] GC(174) Humongous regions: 23->23
[33.746s][info][gc,metaspace   ] GC(174) Metaspace: 60605K->60605K(1103872K)
[33.746s][info][gc             ] GC(174) Pause Young (Normal) (G1 Evacuation Pause) 320M->182M(427M) 59.576ms
[33.746s][info][gc,cpu         ] GC(174) User=0.06s Sys=0.00s Real=0.06s
[33.835s][info][gc,start       ] GC(175) Pause Young (Normal) (G1 Evacuation Pause)
[33.835s][info][gc,task        ] GC(175) Using 1 workers of 1 for evacuation
[33.895s][info][gc,phases      ] GC(175)   Pre Evacuate Collection Set: 0.0ms
[33.895s][info][gc,phases      ] GC(175)   Evacuate Collection Set: 60.1ms
[33.895s][info][gc,phases      ] GC(175)   Post Evacuate Collection Set: 0.3ms
[33.895s][info][gc,phases      ] GC(175)   Other: 0.2ms
[33.895s][info][gc,heap        ] GC(175) Eden regions: 149->0(143)
[33.895s][info][gc,heap        ] GC(175) Survivor regions: 22->12(22)
[33.895s][info][gc,heap        ] GC(175) Old regions: 139->161
[33.895s][info][gc,heap        ] GC(175) Humongous regions: 28->28
[33.895s][info][gc,metaspace   ] GC(175) Metaspace: 60605K->60605K(1103872K)
[33.895s][info][gc             ] GC(175) Pause Young (Normal) (G1 Evacuation Pause) 336M->198M(427M) 60.733ms
[33.895s][info][gc,cpu         ] GC(175) User=0.06s Sys=0.00s Real=0.06s
[33.966s][info][gc,start       ] GC(176) Pause Young (Normal) (G1 Evacuation Pause)
[33.966s][info][gc,task        ] GC(176) Using 1 workers of 1 for evacuation
[34.004s][info][gc,phases      ] GC(176)   Pre Evacuate Collection Set: 0.0ms
[34.004s][info][gc,phases      ] GC(176)   Evacuate Collection Set: 37.0ms
[34.004s][info][gc,phases      ] GC(176)   Post Evacuate Collection Set: 0.3ms
[34.004s][info][gc,phases      ] GC(176)   Other: 0.3ms
[34.004s][info][gc,heap        ] GC(176) Eden regions: 143->0(139)
[34.004s][info][gc,heap        ] GC(176) Survivor regions: 12->11(20)
[34.004s][info][gc,heap        ] GC(176) Old regions: 161->173
[34.004s][info][gc,heap        ] GC(176) Humongous regions: 28->28
[34.004s][info][gc,metaspace   ] GC(176) Metaspace: 60605K->60605K(1103872K)
[34.004s][info][gc             ] GC(176) Pause Young (Normal) (G1 Evacuation Pause) 341M->209M(427M) 37.651ms
[34.004s][info][gc,cpu         ] GC(176) User=0.04s Sys=0.00s Real=0.03s
[34.072s][info][gc,start       ] GC(177) Pause Young (Concurrent Start) (G1 Evacuation Pause)
[34.072s][info][gc,task        ] GC(177) Using 1 workers of 1 for evacuation
[34.108s][info][gc,phases      ] GC(177)   Pre Evacuate Collection Set: 0.3ms
[34.108s][info][gc,phases      ] GC(177)   Evacuate Collection Set: 35.4ms
[34.108s][info][gc,phases      ] GC(177)   Post Evacuate Collection Set: 0.5ms
[34.108s][info][gc,phases      ] GC(177)   Other: 0.2ms
[34.108s][info][gc,heap        ] GC(177) Eden regions: 139->0(146)
[34.108s][info][gc,heap        ] GC(177) Survivor regions: 11->11(19)
[34.108s][info][gc,heap        ] GC(177) Old regions: 173->184
[34.108s][info][gc,heap        ] GC(177) Humongous regions: 28->28
[34.108s][info][gc,metaspace   ] GC(177) Metaspace: 60605K->60605K(1103872K)
[34.108s][info][gc             ] GC(177) Pause Young (Concurrent Start) (G1 Evacuation Pause) 348M->220M(456M) 36.412ms
[34.108s][info][gc,cpu         ] GC(177) User=0.04s Sys=0.00s Real=0.03s
[34.108s][info][gc             ] GC(178) Concurrent Cycle
[34.108s][info][gc,marking     ] GC(178) Concurrent Clear Claimed Marks
[34.109s][info][gc,marking     ] GC(178) Concurrent Clear Claimed Marks 0.288ms
[34.109s][info][gc,marking     ] GC(178) Concurrent Scan Root Regions
[34.117s][info][gc,marking     ] GC(178) Concurrent Scan Root Regions 8.730ms
[34.117s][info][gc,marking     ] GC(178) Concurrent Mark (34.117s)
[34.117s][info][gc,marking     ] GC(178) Concurrent Mark From Roots
[34.117s][info][gc,task        ] GC(178) Using 1 workers of 1 for marking
[34.289s][info][gc,start       ] GC(179) Pause Young (Normal) (G1 Evacuation Pause)
[34.289s][info][gc,task        ] GC(179) Using 1 workers of 1 for evacuation
[34.325s][info][gc,phases      ] GC(179)   Pre Evacuate Collection Set: 0.0ms
[34.325s][info][gc,phases      ] GC(179)   Evacuate Collection Set: 35.7ms
[34.325s][info][gc,phases      ] GC(179)   Post Evacuate Collection Set: 0.3ms
[34.325s][info][gc,phases      ] GC(179)   Other: 0.3ms
[34.325s][info][gc,heap        ] GC(179) Eden regions: 146->0(142)
[34.325s][info][gc,heap        ] GC(179) Survivor regions: 11->12(20)
[34.325s][info][gc,heap        ] GC(179) Old regions: 184->195
[34.325s][info][gc,heap        ] GC(179) Humongous regions: 28->28
[34.325s][info][gc,metaspace   ] GC(179) Metaspace: 60605K->60605K(1103872K)
[34.325s][info][gc             ] GC(179) Pause Young (Normal) (G1 Evacuation Pause) 366M->232M(456M) 36.325ms
[34.325s][info][gc,cpu         ] GC(179) User=0.04s Sys=0.00s Real=0.04s
[34.342s][info][gc,marking     ] GC(178) Concurrent Mark From Roots 224.983ms
[34.342s][info][gc,marking     ] GC(178) Concurrent Preclean
[34.342s][info][gc,marking     ] GC(178) Concurrent Preclean 0.076ms
[34.342s][info][gc,marking     ] GC(178) Concurrent Mark (34.117s, 34.342s) 225.115ms
[34.345s][info][gc,start       ] GC(178) Pause Remark
[34.359s][info][gc,stringtable ] GC(178) Cleaned string and symbol table, strings: 21649 processed, 16 removed, symbols: 131574 processed, 0 removed
[34.359s][info][gc             ] GC(178) Pause Remark 247M->142M(456M) 14.222ms
[34.359s][info][gc,cpu         ] GC(178) User=0.01s Sys=0.00s Real=0.01s
[34.360s][info][gc,marking     ] GC(178) Concurrent Rebuild Remembered Sets
[34.561s][info][gc,marking     ] GC(178) Concurrent Rebuild Remembered Sets 201.385ms
[34.564s][info][gc,start       ] GC(178) Pause Cleanup
[34.564s][info][gc             ] GC(178) Pause Cleanup 263M->263M(456M) 0.134ms
[34.564s][info][gc,cpu         ] GC(178) User=0.00s Sys=0.00s Real=0.00s
[34.564s][info][gc,marking     ] GC(178) Concurrent Cleanup for Next Mark
[34.570s][info][gc,marking     ] GC(178) Concurrent Cleanup for Next Mark 5.604ms
[34.570s][info][gc             ] GC(178) Concurrent Cycle 461.328ms
[34.572s][info][gc,start       ] GC(180) Pause Young (Normal) (G1 Evacuation Pause)
[34.572s][info][gc,task        ] GC(180) Using 1 workers of 1 for evacuation
[34.602s][info][gc,phases      ] GC(180)   Pre Evacuate Collection Set: 0.0ms
[34.602s][info][gc,phases      ] GC(180)   Evacuate Collection Set: 29.4ms
[34.602s][info][gc,phases      ] GC(180)   Post Evacuate Collection Set: 0.3ms
[34.602s][info][gc,phases      ] GC(180)   Other: 0.2ms
[34.602s][info][gc,heap        ] GC(180) Eden regions: 142->0(188)
[34.602s][info][gc,heap        ] GC(180) Survivor regions: 12->7(20)
[34.602s][info][gc,heap        ] GC(180) Old regions: 107->118
[34.602s][info][gc,heap        ] GC(180) Humongous regions: 11->11
[34.602s][info][gc,metaspace   ] GC(180) Metaspace: 60635K->60635K(1103872K)
[34.602s][info][gc             ] GC(180) Pause Young (Normal) (G1 Evacuation Pause) 269M->134M(456M) 29.961ms
[34.602s][info][gc,cpu         ] GC(180) User=0.03s Sys=0.00s Real=0.03s
[34.789s][info][gc,start       ] GC(181) Pause Young (Normal) (G1 Evacuation Pause)
[34.789s][info][gc,task        ] GC(181) Using 1 workers of 1 for evacuation
[34.799s][info][gc,phases      ] GC(181)   Pre Evacuate Collection Set: 0.0ms
[34.799s][info][gc,phases      ] GC(181)   Evacuate Collection Set: 9.9ms
[34.799s][info][gc,phases      ] GC(181)   Post Evacuate Collection Set: 0.3ms
[34.799s][info][gc,phases      ] GC(181)   Other: 0.4ms
[34.799s][info][gc,heap        ] GC(181) Eden regions: 188->0(195)
[34.799s][info][gc,heap        ] GC(181) Survivor regions: 7->7(25)
[34.799s][info][gc,heap        ] GC(181) Old regions: 118->118
[34.799s][info][gc,heap        ] GC(181) Humongous regions: 11->11
[34.799s][info][gc,metaspace   ] GC(181) Metaspace: 60635K->60635K(1103872K)
[34.799s][info][gc             ] GC(181) Pause Young (Normal) (G1 Evacuation Pause) 322M->134M(456M) 10.670ms
[34.799s][info][gc,cpu         ] GC(181) User=0.01s Sys=0.00s Real=0.01s
[34.995s][info][gc,start       ] GC(182) Pause Young (Normal) (G1 Evacuation Pause)
[34.995s][info][gc,task        ] GC(182) Using 1 workers of 1 for evacuation
[35.005s][info][gc,phases      ] GC(182)   Pre Evacuate Collection Set: 0.0ms
[35.005s][info][gc,phases      ] GC(182)   Evacuate Collection Set: 9.6ms
[35.005s][info][gc,phases      ] GC(182)   Post Evacuate Collection Set: 0.3ms
[35.005s][info][gc,phases      ] GC(182)   Other: 0.3ms
[35.005s][info][gc,heap        ] GC(182) Eden regions: 195->0(201)
[35.005s][info][gc,heap        ] GC(182) Survivor regions: 7->7(26)
[35.005s][info][gc,heap        ] GC(182) Old regions: 118->118
[35.005s][info][gc,heap        ] GC(182) Humongous regions: 11->11
[35.005s][info][gc,metaspace   ] GC(182) Metaspace: 60635K->60635K(1103872K)
[35.005s][info][gc             ] GC(182) Pause Young (Normal) (G1 Evacuation Pause) 329M->134M(456M) 10.267ms
[35.005s][info][gc,cpu         ] GC(182) User=0.01s Sys=0.00s Real=0.01s
[35.202s][info][gc,start       ] GC(183) Pause Young (Normal) (G1 Evacuation Pause)
[35.202s][info][gc,task        ] GC(183) Using 1 workers of 1 for evacuation
[35.212s][info][gc,phases      ] GC(183)   Pre Evacuate Collection Set: 0.0ms
[35.212s][info][gc,phases      ] GC(183)   Evacuate Collection Set: 9.7ms
[35.212s][info][gc,phases      ] GC(183)   Post Evacuate Collection Set: 0.4ms
[35.212s][info][gc,phases      ] GC(183)   Other: 0.3ms
[35.212s][info][gc,heap        ] GC(183) Eden regions: 201->0(207)
[35.212s][info][gc,heap        ] GC(183) Survivor regions: 7->7(26)
[35.212s][info][gc,heap        ] GC(183) Old regions: 118->118
[35.212s][info][gc,heap        ] GC(183) Humongous regions: 11->11
[35.212s][info][gc,metaspace   ] GC(183) Metaspace: 60635K->60635K(1103872K)
[35.212s][info][gc             ] GC(183) Pause Young (Normal) (G1 Evacuation Pause) 335M->134M(456M) 10.513ms
[35.212s][info][gc,cpu         ] GC(183) User=0.01s Sys=0.00s Real=0.02s
[35.436s][info][gc,start       ] GC(184) Pause Young (Normal) (G1 Evacuation Pause)
[35.436s][info][gc,task        ] GC(184) Using 1 workers of 1 for evacuation
[35.446s][info][gc,phases      ] GC(184)   Pre Evacuate Collection Set: 0.0ms
[35.446s][info][gc,phases      ] GC(184)   Evacuate Collection Set: 9.6ms
[35.446s][info][gc,phases      ] GC(184)   Post Evacuate Collection Set: 0.3ms
[35.446s][info][gc,phases      ] GC(184)   Other: 0.3ms
[35.446s][info][gc,heap        ] GC(184) Eden regions: 207->0(212)
[35.446s][info][gc,heap        ] GC(184) Survivor regions: 7->7(27)
[35.446s][info][gc,heap        ] GC(184) Old regions: 118->118
[35.446s][info][gc,heap        ] GC(184) Humongous regions: 11->11
[35.446s][info][gc,metaspace   ] GC(184) Metaspace: 60635K->60635K(1103872K)
[35.446s][info][gc             ] GC(184) Pause Young (Normal) (G1 Evacuation Pause) 341M->134M(456M) 10.330ms
[35.446s][info][gc,cpu         ] GC(184) User=0.01s Sys=0.01s Real=0.01s
[35.921s][info][gc,start       ] GC(185) Pause Young (Normal) (G1 Evacuation Pause)
[35.921s][info][gc,task        ] GC(185) Using 1 workers of 1 for evacuation
[35.931s][info][gc,phases      ] GC(185)   Pre Evacuate Collection Set: 0.0ms
[35.931s][info][gc,phases      ] GC(185)   Evacuate Collection Set: 9.5ms
[35.931s][info][gc,phases      ] GC(185)   Post Evacuate Collection Set: 0.4ms
[35.931s][info][gc,phases      ] GC(185)   Other: 0.3ms
[35.931s][info][gc,heap        ] GC(185) Eden regions: 212->0(216)
[35.931s][info][gc,heap        ] GC(185) Survivor regions: 7->7(28)
[35.931s][info][gc,heap        ] GC(185) Old regions: 118->118
[35.931s][info][gc,heap        ] GC(185) Humongous regions: 11->11
[35.931s][info][gc,metaspace   ] GC(185) Metaspace: 60635K->60635K(1103872K)
[35.931s][info][gc             ] GC(185) Pause Young (Normal) (G1 Evacuation Pause) 346M->134M(456M) 10.266ms
[35.931s][info][gc,cpu         ] GC(185) User=0.01s Sys=0.00s Real=0.01s
[36.148s][info][gc,start       ] GC(186) Pause Young (Normal) (G1 Evacuation Pause)
[36.148s][info][gc,task        ] GC(186) Using 1 workers of 1 for evacuation
[36.162s][info][gc,phases      ] GC(186)   Pre Evacuate Collection Set: 0.0ms
[36.162s][info][gc,phases      ] GC(186)   Evacuate Collection Set: 10.7ms
[36.162s][info][gc,phases      ] GC(186)   Post Evacuate Collection Set: 2.5ms
[36.162s][info][gc,phases      ] GC(186)   Other: 0.8ms
[36.162s][info][gc,heap        ] GC(186) Eden regions: 216->0(220)
[36.162s][info][gc,heap        ] GC(186) Survivor regions: 7->7(28)
[36.162s][info][gc,heap        ] GC(186) Old regions: 118->118
[36.162s][info][gc,heap        ] GC(186) Humongous regions: 11->11
[36.162s][info][gc,metaspace   ] GC(186) Metaspace: 60635K->60635K(1103872K)
[36.162s][info][gc             ] GC(186) Pause Young (Normal) (G1 Evacuation Pause) 350M->134M(456M) 14.096ms
[36.162s][info][gc,cpu         ] GC(186) User=0.02s Sys=0.00s Real=0.01s
[36.392s][info][gc,start       ] GC(187) Pause Young (Normal) (G1 Evacuation Pause)
[36.392s][info][gc,task        ] GC(187) Using 1 workers of 1 for evacuation
[36.403s][info][gc,phases      ] GC(187)   Pre Evacuate Collection Set: 0.0ms
[36.403s][info][gc,phases      ] GC(187)   Evacuate Collection Set: 9.7ms
[36.403s][info][gc,phases      ] GC(187)   Post Evacuate Collection Set: 0.3ms
[36.403s][info][gc,phases      ] GC(187)   Other: 0.3ms
[36.403s][info][gc,heap        ] GC(187) Eden regions: 220->0(224)
[36.403s][info][gc,heap        ] GC(187) Survivor regions: 7->7(29)
[36.403s][info][gc,heap        ] GC(187) Old regions: 118->118
[36.403s][info][gc,heap        ] GC(187) Humongous regions: 11->11
[36.403s][info][gc,metaspace   ] GC(187) Metaspace: 60635K->60635K(1103872K)
[36.403s][info][gc             ] GC(187) Pause Young (Normal) (G1 Evacuation Pause) 354M->134M(456M) 10.498ms
[36.403s][info][gc,cpu         ] GC(187) User=0.01s Sys=0.00s Real=0.00s
[36.576s][info][gc,start       ] GC(188) Pause Young (Normal) (G1 Evacuation Pause)
[36.576s][info][gc,task        ] GC(188) Using 1 workers of 1 for evacuation
[36.586s][info][gc,phases      ] GC(188)   Pre Evacuate Collection Set: 0.0ms
[36.586s][info][gc,phases      ] GC(188)   Evacuate Collection Set: 9.7ms
[36.586s][info][gc,phases      ] GC(188)   Post Evacuate Collection Set: 0.3ms
[36.586s][info][gc,phases      ] GC(188)   Other: 0.2ms
[36.586s][info][gc,heap        ] GC(188) Eden regions: 224->0(227)
[36.586s][info][gc,heap        ] GC(188) Survivor regions: 7->7(29)
[36.586s][info][gc,heap        ] GC(188) Old regions: 118->118
[36.586s][info][gc,heap        ] GC(188) Humongous regions: 11->11
[36.586s][info][gc,metaspace   ] GC(188) Metaspace: 60635K->60635K(1103872K)
[36.586s][info][gc             ] GC(188) Pause Young (Normal) (G1 Evacuation Pause) 358M->134M(456M) 10.339ms
[36.586s][info][gc,cpu         ] GC(188) User=0.01s Sys=0.00s Real=0.01s
[36.765s][info][gc,start       ] GC(189) Pause Young (Normal) (G1 Evacuation Pause)
[36.766s][info][gc,task        ] GC(189) Using 1 workers of 1 for evacuation
[36.776s][info][gc,phases      ] GC(189)   Pre Evacuate Collection Set: 0.0ms
[36.776s][info][gc,phases      ] GC(189)   Evacuate Collection Set: 9.6ms
[36.776s][info][gc,phases      ] GC(189)   Post Evacuate Collection Set: 0.3ms
[36.776s][info][gc,phases      ] GC(189)   Other: 0.3ms
[36.776s][info][gc,heap        ] GC(189) Eden regions: 227->0(230)
[36.776s][info][gc,heap        ] GC(189) Survivor regions: 7->7(30)
[36.776s][info][gc,heap        ] GC(189) Old regions: 118->118
[36.776s][info][gc,heap        ] GC(189) Humongous regions: 11->11
[36.776s][info][gc,metaspace   ] GC(189) Metaspace: 60635K->60635K(1103872K)
[36.776s][info][gc             ] GC(189) Pause Young (Normal) (G1 Evacuation Pause) 361M->134M(456M) 10.351ms
[36.776s][info][gc,cpu         ] GC(189) User=0.01s Sys=0.00s Real=0.01s
[36.953s][info][gc,start       ] GC(190) Pause Young (Normal) (G1 Evacuation Pause)
[36.953s][info][gc,task        ] GC(190) Using 1 workers of 1 for evacuation
[36.963s][info][gc,phases      ] GC(190)   Pre Evacuate Collection Set: 0.0ms
[36.963s][info][gc,phases      ] GC(190)   Evacuate Collection Set: 9.5ms
[36.963s][info][gc,phases      ] GC(190)   Post Evacuate Collection Set: 0.4ms
[36.963s][info][gc,phases      ] GC(190)   Other: 0.2ms
[36.963s][info][gc,heap        ] GC(190) Eden regions: 230->0(233)
[36.963s][info][gc,heap        ] GC(190) Survivor regions: 7->7(30)
[36.963s][info][gc,heap        ] GC(190) Old regions: 118->118
[36.963s][info][gc,heap        ] GC(190) Humongous regions: 11->11
[36.963s][info][gc,metaspace   ] GC(190) Metaspace: 60635K->60635K(1103872K)
[36.963s][info][gc             ] GC(190) Pause Young (Normal) (G1 Evacuation Pause) 364M->134M(456M) 10.157ms
[36.963s][info][gc,cpu         ] GC(190) User=0.01s Sys=0.00s Real=0.00s
[37.139s][info][gc,start       ] GC(191) Pause Young (Normal) (G1 Evacuation Pause)
[37.140s][info][gc,task        ] GC(191) Using 1 workers of 1 for evacuation
[37.151s][info][gc,phases      ] GC(191)   Pre Evacuate Collection Set: 0.0ms
[37.151s][info][gc,phases      ] GC(191)   Evacuate Collection Set: 10.8ms
[37.151s][info][gc,phases      ] GC(191)   Post Evacuate Collection Set: 0.5ms
[37.151s][info][gc,phases      ] GC(191)   Other: 0.4ms
[37.151s][info][gc,heap        ] GC(191) Eden regions: 233->0(235)
[37.151s][info][gc,heap        ] GC(191) Survivor regions: 7->7(30)
[37.151s][info][gc,heap        ] GC(191) Old regions: 118->118
[37.151s][info][gc,heap        ] GC(191) Humongous regions: 11->11
[37.151s][info][gc,metaspace   ] GC(191) Metaspace: 60635K->60635K(1103872K)
[37.151s][info][gc             ] GC(191) Pause Young (Normal) (G1 Evacuation Pause) 367M->134M(456M) 11.960ms
[37.151s][info][gc,cpu         ] GC(191) User=0.02s Sys=0.00s Real=0.01s
[37.345s][info][gc,start       ] GC(192) Pause Young (Normal) (G1 Evacuation Pause)
[37.346s][info][gc,task        ] GC(192) Using 1 workers of 1 for evacuation
[37.356s][info][gc,phases      ] GC(192)   Pre Evacuate Collection Set: 0.0ms
[37.356s][info][gc,phases      ] GC(192)   Evacuate Collection Set: 9.7ms
[37.356s][info][gc,phases      ] GC(192)   Post Evacuate Collection Set: 0.3ms
[37.356s][info][gc,phases      ] GC(192)   Other: 0.3ms
[37.356s][info][gc,heap        ] GC(192) Eden regions: 235->0(238)
[37.356s][info][gc,heap        ] GC(192) Survivor regions: 7->7(31)
[37.356s][info][gc,heap        ] GC(192) Old regions: 118->118
[37.356s][info][gc,heap        ] GC(192) Humongous regions: 11->11
[37.356s][info][gc,metaspace   ] GC(192) Metaspace: 60635K->60635K(1103872K)
[37.356s][info][gc             ] GC(192) Pause Young (Normal) (G1 Evacuation Pause) 369M->134M(456M) 10.444ms
[37.356s][info][gc,cpu         ] GC(192) User=0.01s Sys=0.00s Real=0.01s
[37.572s][info][gc,task        ] GC(193) Using 1 workers of 1 for full compaction
[37.572s][info][gc,start       ] GC(193) Pause Full (System.gc())
[37.573s][info][gc,phases,start] GC(193) Phase 1: Mark live objects
[37.626s][info][gc,stringtable ] GC(193) Cleaned string and symbol table, strings: 21657 processed, 10 removed, symbols: 131576 processed, 0 removed
[37.626s][info][gc,phases      ] GC(193) Phase 1: Mark live objects 53.500ms
[37.626s][info][gc,phases,start] GC(193) Phase 2: Prepare for compaction
[37.633s][info][gc,phases      ] GC(193) Phase 2: Prepare for compaction 6.317ms
[37.633s][info][gc,phases,start] GC(193) Phase 3: Adjust pointers
[37.651s][info][gc,phases      ] GC(193) Phase 3: Adjust pointers 18.395ms
[37.651s][info][gc,phases,start] GC(193) Phase 4: Compact heap
[37.655s][info][gc,phases      ] GC(193) Phase 4: Compact heap 4.261ms
[37.669s][info][gc,heap        ] GC(193) Eden regions: 204->0(59)
[37.669s][info][gc,heap        ] GC(193) Survivor regions: 7->0(31)
[37.669s][info][gc,heap        ] GC(193) Old regions: 118->24
[37.669s][info][gc,heap        ] GC(193) Humongous regions: 16->6
[37.669s][info][gc,metaspace   ] GC(193) Metaspace: 60668K->60668K(1103872K)
[37.669s][info][gc             ] GC(193) Pause Full (System.gc()) 342M->28M(100M) 97.156ms
[37.669s][info][gc,cpu         ] GC(193) User=0.08s Sys=0.01s Real=0.09s
[37.808s][info][gc,start       ] GC(194) Pause Young (Normal) (G1 Evacuation Pause)
[37.809s][info][gc,task        ] GC(194) Using 1 workers of 1 for evacuation
[37.816s][info][gc,phases      ] GC(194)   Pre Evacuate Collection Set: 0.0ms
[37.816s][info][gc,phases      ] GC(194)   Evacuate Collection Set: 6.7ms
[37.816s][info][gc,phases      ] GC(194)   Post Evacuate Collection Set: 0.3ms
[37.816s][info][gc,phases      ] GC(194)   Other: 0.3ms
[37.816s][info][gc,heap        ] GC(194) Eden regions: 59->0(52)
[37.816s][info][gc,heap        ] GC(194) Survivor regions: 0->4(8)
[37.816s][info][gc,heap        ] GC(194) Old regions: 24->24
[37.816s][info][gc,heap        ] GC(194) Humongous regions: 11->6
[37.816s][info][gc,metaspace   ] GC(194) Metaspace: 60685K->60685K(1103872K)
[37.816s][info][gc             ] GC(194) Pause Young (Normal) (G1 Evacuation Pause) 92M->31M(100M) 7.348ms
[37.816s][info][gc,cpu         ] GC(194) User=0.01s Sys=0.00s Real=0.01s
[37.846s][info][gc,start       ] GC(195) Pause Young (Normal) (G1 Evacuation Pause)
[37.846s][info][gc,task        ] GC(195) Using 1 workers of 1 for evacuation
[37.858s][info][gc,phases      ] GC(195)   Pre Evacuate Collection Set: 0.0ms
[37.858s][info][gc,phases      ] GC(195)   Evacuate Collection Set: 11.9ms
[37.858s][info][gc,phases      ] GC(195)   Post Evacuate Collection Set: 0.2ms
[37.858s][info][gc,phases      ] GC(195)   Other: 0.2ms
[37.858s][info][gc,heap        ] GC(195) Eden regions: 52->0(45)
[37.858s][info][gc,heap        ] GC(195) Survivor regions: 4->7(7)
[37.858s][info][gc,heap        ] GC(195) Old regions: 24->24
[37.858s][info][gc,heap        ] GC(195) Humongous regions: 7->7
[37.858s][info][gc,metaspace   ] GC(195) Metaspace: 60685K->60685K(1103872K)
[37.858s][info][gc             ] GC(195) Pause Young (Normal) (G1 Evacuation Pause) 84M->36M(100M) 12.439ms
[37.858s][info][gc,cpu         ] GC(195) User=0.01s Sys=0.00s Real=0.01s
[37.884s][info][gc,start       ] GC(196) Pause Young (Normal) (G1 Evacuation Pause)
[37.884s][info][gc,task        ] GC(196) Using 1 workers of 1 for evacuation
[37.900s][info][gc,phases      ] GC(196)   Pre Evacuate Collection Set: 0.0ms
[37.900s][info][gc,phases      ] GC(196)   Evacuate Collection Set: 16.0ms
[37.901s][info][gc,phases      ] GC(196)   Post Evacuate Collection Set: 0.3ms
[37.901s][info][gc,phases      ] GC(196)   Other: 0.2ms
[37.901s][info][gc,heap        ] GC(196) Eden regions: 45->0(42)
[37.901s][info][gc,heap        ] GC(196) Survivor regions: 7->4(7)
[37.901s][info][gc,heap        ] GC(196) Old regions: 24->31
[37.901s][info][gc,heap        ] GC(196) Humongous regions: 7->7
[37.901s][info][gc,metaspace   ] GC(196) Metaspace: 60685K->60685K(1103872K)
[37.901s][info][gc             ] GC(196) Pause Young (Normal) (G1 Evacuation Pause) 81M->39M(100M) 16.560ms
[37.901s][info][gc,cpu         ] GC(196) User=0.01s Sys=0.00s Real=0.02s
[37.924s][info][gc,start       ] GC(197) Pause Young (Normal) (G1 Evacuation Pause)
[37.924s][info][gc,task        ] GC(197) Using 1 workers of 1 for evacuation
[37.937s][info][gc,phases      ] GC(197)   Pre Evacuate Collection Set: 0.0ms
[37.937s][info][gc,phases      ] GC(197)   Evacuate Collection Set: 12.6ms
[37.937s][info][gc,phases      ] GC(197)   Post Evacuate Collection Set: 0.2ms
[37.937s][info][gc,phases      ] GC(197)   Other: 0.2ms
[37.937s][info][gc,heap        ] GC(197) Eden regions: 42->0(36)
[37.937s][info][gc,heap        ] GC(197) Survivor regions: 4->4(6)
[37.937s][info][gc,heap        ] GC(197) Old regions: 31->35
[37.937s][info][gc,heap        ] GC(197) Humongous regions: 9->9
[37.937s][info][gc,metaspace   ] GC(197) Metaspace: 60685K->60685K(1103872K)
[37.937s][info][gc             ] GC(197) Pause Young (Normal) (G1 Evacuation Pause) 83M->45M(100M) 13.123ms
[37.937s][info][gc,cpu         ] GC(197) User=0.01s Sys=0.00s Real=0.01s
[37.956s][info][gc,start       ] GC(198) Pause Young (Normal) (G1 Evacuation Pause)
[37.956s][info][gc,task        ] GC(198) Using 1 workers of 1 for evacuation
[37.967s][info][gc,phases      ] GC(198)   Pre Evacuate Collection Set: 0.0ms
[37.967s][info][gc,phases      ] GC(198)   Evacuate Collection Set: 10.4ms
[37.967s][info][gc,phases      ] GC(198)   Post Evacuate Collection Set: 0.5ms
[37.967s][info][gc,phases      ] GC(198)   Other: 0.2ms
[37.967s][info][gc,heap        ] GC(198) Eden regions: 36->0(59)
[37.967s][info][gc,heap        ] GC(198) Survivor regions: 4->3(5)
[37.967s][info][gc,heap        ] GC(198) Old regions: 35->38
[37.967s][info][gc,heap        ] GC(198) Humongous regions: 9->9
[37.967s][info][gc,metaspace   ] GC(198) Metaspace: 60685K->60685K(1103872K)
[37.967s][info][gc             ] GC(198) Pause Young (Normal) (G1 Evacuation Pause) 81M->48M(142M) 11.114ms
[37.967s][info][gc,cpu         ] GC(198) User=0.01s Sys=0.00s Real=0.01s
[38.007s][info][gc,start       ] GC(199) Pause Young (Normal) (G1 Evacuation Pause)
[38.007s][info][gc,task        ] GC(199) Using 1 workers of 1 for evacuation
[38.020s][info][gc,phases      ] GC(199)   Pre Evacuate Collection Set: 0.0ms
[38.020s][info][gc,phases      ] GC(199)   Evacuate Collection Set: 13.1ms
[38.020s][info][gc,phases      ] GC(199)   Post Evacuate Collection Set: 0.2ms
[38.020s][info][gc,phases      ] GC(199)   Other: 0.2ms
[38.020s][info][gc,heap        ] GC(199) Eden regions: 59->0(57)
[38.020s][info][gc,heap        ] GC(199) Survivor regions: 3->8(8)
[38.020s][info][gc,heap        ] GC(199) Old regions: 38->38
[38.020s][info][gc,heap        ] GC(199) Humongous regions: 9->9
[38.020s][info][gc,metaspace   ] GC(199) Metaspace: 60685K->60685K(1103872K)
[38.020s][info][gc             ] GC(199) Pause Young (Normal) (G1 Evacuation Pause) 107M->52M(142M) 13.557ms
[38.020s][info][gc,cpu         ] GC(199) User=0.01s Sys=0.00s Real=0.01s
[38.050s][info][gc,start       ] GC(200) Pause Young (Normal) (G1 Evacuation Pause)
[38.050s][info][gc,task        ] GC(200) Using 1 workers of 1 for evacuation
[38.071s][info][gc,phases      ] GC(200)   Pre Evacuate Collection Set: 0.0ms
[38.071s][info][gc,phases      ] GC(200)   Evacuate Collection Set: 20.8ms
[38.071s][info][gc,phases      ] GC(200)   Post Evacuate Collection Set: 0.2ms
[38.071s][info][gc,phases      ] GC(200)   Other: 0.2ms
[38.071s][info][gc,heap        ] GC(200) Eden regions: 57->0(53)
[38.071s][info][gc,heap        ] GC(200) Survivor regions: 8->9(9)
[38.071s][info][gc,heap        ] GC(200) Old regions: 38->41
[38.071s][info][gc,heap        ] GC(200) Humongous regions: 12->12
[38.071s][info][gc,metaspace   ] GC(200) Metaspace: 60685K->60685K(1103872K)
[38.071s][info][gc             ] GC(200) Pause Young (Normal) (G1 Evacuation Pause) 112M->60M(142M) 21.289ms
[38.071s][info][gc,cpu         ] GC(200) User=0.02s Sys=0.00s Real=0.02s
[38.098s][info][gc,start       ] GC(201) Pause Young (Normal) (G1 Evacuation Pause)
[38.098s][info][gc,task        ] GC(201) Using 1 workers of 1 for evacuation
[38.119s][info][gc,phases      ] GC(201)   Pre Evacuate Collection Set: 0.0ms
[38.119s][info][gc,phases      ] GC(201)   Evacuate Collection Set: 20.6ms
[38.119s][info][gc,phases      ] GC(201)   Post Evacuate Collection Set: 0.2ms
[38.119s][info][gc,phases      ] GC(201)   Other: 0.2ms
[38.119s][info][gc,heap        ] GC(201) Eden regions: 53->0(50)
[38.119s][info][gc,heap        ] GC(201) Survivor regions: 9->4(8)
[38.119s][info][gc,heap        ] GC(201) Old regions: 41->50
[38.119s][info][gc,heap        ] GC(201) Humongous regions: 12->12
[38.119s][info][gc,metaspace   ] GC(201) Metaspace: 60685K->60685K(1103872K)
[38.119s][info][gc             ] GC(201) Pause Young (Normal) (G1 Evacuation Pause) 113M->63M(142M) 21.127ms
[38.119s][info][gc,cpu         ] GC(201) User=0.02s Sys=0.00s Real=0.02s
[38.144s][info][gc,start       ] GC(202) Pause Young (Normal) (G1 Evacuation Pause)
[38.144s][info][gc,task        ] GC(202) Using 1 workers of 1 for evacuation
[38.159s][info][gc,phases      ] GC(202)   Pre Evacuate Collection Set: 0.0ms
[38.159s][info][gc,phases      ] GC(202)   Evacuate Collection Set: 14.8ms
[38.159s][info][gc,phases      ] GC(202)   Post Evacuate Collection Set: 0.6ms
[38.159s][info][gc,phases      ] GC(202)   Other: 0.2ms
[38.159s][info][gc,heap        ] GC(202) Eden regions: 50->0(74)
[38.159s][info][gc,heap        ] GC(202) Survivor regions: 4->4(7)
[38.159s][info][gc,heap        ] GC(202) Old regions: 50->54
[38.159s][info][gc,heap        ] GC(202) Humongous regions: 12->12
[38.159s][info][gc,metaspace   ] GC(202) Metaspace: 60685K->60685K(1103872K)
[38.160s][info][gc             ] GC(202) Pause Young (Normal) (G1 Evacuation Pause) 113M->67M(214M) 15.660ms
[38.160s][info][gc,cpu         ] GC(202) User=0.02s Sys=0.00s Real=0.02s
[38.215s][info][gc,start       ] GC(203) Pause Young (Normal) (G1 Evacuation Pause)
[38.215s][info][gc,task        ] GC(203) Using 1 workers of 1 for evacuation
[38.232s][info][gc,phases      ] GC(203)   Pre Evacuate Collection Set: 0.0ms
[38.232s][info][gc,phases      ] GC(203)   Evacuate Collection Set: 17.1ms
[38.232s][info][gc,phases      ] GC(203)   Post Evacuate Collection Set: 0.2ms
[38.232s][info][gc,phases      ] GC(203)   Other: 0.2ms
[38.232s][info][gc,heap        ] GC(203) Eden regions: 74->0(75)
[38.232s][info][gc,heap        ] GC(203) Survivor regions: 4->10(10)
[38.232s][info][gc,heap        ] GC(203) Old regions: 54->54
[38.232s][info][gc,heap        ] GC(203) Humongous regions: 12->12
[38.232s][info][gc,metaspace   ] GC(203) Metaspace: 60685K->60685K(1103872K)
[38.232s][info][gc             ] GC(203) Pause Young (Normal) (G1 Evacuation Pause) 141M->73M(214M) 17.599ms
[38.232s][info][gc,cpu         ] GC(203) User=0.02s Sys=0.00s Real=0.01s
[38.280s][info][gc,start       ] GC(204) Pause Young (Normal) (G1 Evacuation Pause)
[38.280s][info][gc,task        ] GC(204) Using 1 workers of 1 for evacuation
[38.304s][info][gc,phases      ] GC(204)   Pre Evacuate Collection Set: 0.0ms
[38.304s][info][gc,phases      ] GC(204)   Evacuate Collection Set: 23.7ms
[38.304s][info][gc,phases      ] GC(204)   Post Evacuate Collection Set: 0.3ms
[38.304s][info][gc,phases      ] GC(204)   Other: 0.2ms
[38.304s][info][gc,heap        ] GC(204) Eden regions: 75->0(75)
[38.304s][info][gc,heap        ] GC(204) Survivor regions: 10->6(11)
[38.304s][info][gc,heap        ] GC(204) Old regions: 54->63
[38.304s][info][gc,heap        ] GC(204) Humongous regions: 12->12
[38.304s][info][gc,metaspace   ] GC(204) Metaspace: 60685K->60685K(1103872K)
[38.304s][info][gc             ] GC(204) Pause Young (Normal) (G1 Evacuation Pause) 148M->79M(214M) 24.206ms
[38.304s][info][gc,cpu         ] GC(204) User=0.02s Sys=0.00s Real=0.03s
[38.343s][info][gc,start       ] GC(205) Pause Young (Normal) (G1 Evacuation Pause)
[38.343s][info][gc,task        ] GC(205) Using 1 workers of 1 for evacuation
[38.366s][info][gc,phases      ] GC(205)   Pre Evacuate Collection Set: 0.0ms
[38.366s][info][gc,phases      ] GC(205)   Evacuate Collection Set: 22.7ms
[38.366s][info][gc,phases      ] GC(205)   Post Evacuate Collection Set: 0.2ms
[38.366s][info][gc,phases      ] GC(205)   Other: 0.2ms
[38.366s][info][gc,heap        ] GC(205) Eden regions: 75->0(72)
[38.366s][info][gc,heap        ] GC(205) Survivor regions: 6->6(11)
[38.366s][info][gc,heap        ] GC(205) Old regions: 63->69
[38.366s][info][gc,heap        ] GC(205) Humongous regions: 17->17
[38.366s][info][gc,metaspace   ] GC(205) Metaspace: 60685K->60685K(1103872K)
[38.366s][info][gc             ] GC(205) Pause Young (Normal) (G1 Evacuation Pause) 159M->90M(214M) 23.235ms
[38.366s][info][gc,cpu         ] GC(205) User=0.02s Sys=0.00s Real=0.03s
[38.401s][info][gc,start       ] GC(206) Pause Young (Normal) (G1 Evacuation Pause)
[38.401s][info][gc,task        ] GC(206) Using 1 workers of 1 for evacuation
[38.421s][info][gc,phases      ] GC(206)   Pre Evacuate Collection Set: 0.0ms
[38.421s][info][gc,phases      ] GC(206)   Evacuate Collection Set: 19.5ms
[38.421s][info][gc,phases      ] GC(206)   Post Evacuate Collection Set: 0.7ms
[38.421s][info][gc,phases      ] GC(206)   Other: 0.2ms
[38.421s][info][gc,heap        ] GC(206) Eden regions: 72->0(114)
[38.421s][info][gc,heap        ] GC(206) Survivor regions: 6->6(10)
[38.421s][info][gc,heap        ] GC(206) Old regions: 69->75
[38.421s][info][gc,heap        ] GC(206) Humongous regions: 17->17
[38.421s][info][gc,metaspace   ] GC(206) Metaspace: 60685K->60685K(1103872K)
[38.421s][info][gc             ] GC(206) Pause Young (Normal) (G1 Evacuation Pause) 162M->95M(329M) 20.396ms
[38.422s][info][gc,cpu         ] GC(206) User=0.02s Sys=0.00s Real=0.02s
[38.510s][info][gc,start       ] GC(207) Pause Young (Normal) (G1 Evacuation Pause)
[38.510s][info][gc,task        ] GC(207) Using 1 workers of 1 for evacuation
[38.536s][info][gc,phases      ] GC(207)   Pre Evacuate Collection Set: 0.0ms
[38.536s][info][gc,phases      ] GC(207)   Evacuate Collection Set: 25.6ms
[38.536s][info][gc,phases      ] GC(207)   Post Evacuate Collection Set: 0.3ms
[38.536s][info][gc,phases      ] GC(207)   Other: 0.3ms
[38.536s][info][gc,heap        ] GC(207) Eden regions: 114->0(116)
[38.536s][info][gc,heap        ] GC(207) Survivor regions: 6->15(15)
[38.536s][info][gc,heap        ] GC(207) Old regions: 75->75
[38.536s][info][gc,heap        ] GC(207) Humongous regions: 17->17
[38.536s][info][gc,metaspace   ] GC(207) Metaspace: 60685K->60685K(1103872K)
[38.536s][info][gc             ] GC(207) Pause Young (Normal) (G1 Evacuation Pause) 209M->104M(329M) 26.267ms
[38.536s][info][gc,cpu         ] GC(207) User=0.03s Sys=0.00s Real=0.03s
[38.592s][info][gc,start       ] GC(208) Pause Young (Normal) (G1 Evacuation Pause)
[38.592s][info][gc,task        ] GC(208) Using 1 workers of 1 for evacuation
[38.628s][info][gc,phases      ] GC(208)   Pre Evacuate Collection Set: 0.0ms
[38.628s][info][gc,phases      ] GC(208)   Evacuate Collection Set: 35.8ms
[38.628s][info][gc,phases      ] GC(208)   Post Evacuate Collection Set: 0.4ms
[38.628s][info][gc,phases      ] GC(208)   Other: 0.2ms
[38.628s][info][gc,heap        ] GC(208) Eden regions: 116->0(117)
[38.628s][info][gc,heap        ] GC(208) Survivor regions: 15->9(17)
[38.628s][info][gc,heap        ] GC(208) Old regions: 75->90
[38.628s][info][gc,heap        ] GC(208) Humongous regions: 17->17
[38.628s][info][gc,metaspace   ] GC(208) Metaspace: 60685K->60685K(1103872K)
[38.628s][info][gc             ] GC(208) Pause Young (Normal) (G1 Evacuation Pause) 220M->113M(329M) 36.534ms
[38.628s][info][gc,cpu         ] GC(208) User=0.03s Sys=0.00s Real=0.04s
[38.692s][info][gc,start       ] GC(209) Pause Young (Normal) (G1 Evacuation Pause)
[38.692s][info][gc,task        ] GC(209) Using 1 workers of 1 for evacuation
[38.726s][info][gc,phases      ] GC(209)   Pre Evacuate Collection Set: 0.0ms
[38.726s][info][gc,phases      ] GC(209)   Evacuate Collection Set: 32.8ms
[38.726s][info][gc,phases      ] GC(209)   Post Evacuate Collection Set: 0.3ms
[38.726s][info][gc,phases      ] GC(209)   Other: 0.2ms
[38.726s][info][gc,heap        ] GC(209) Eden regions: 117->0(117)
[38.726s][info][gc,heap        ] GC(209) Survivor regions: 9->9(16)
[38.726s][info][gc,heap        ] GC(209) Old regions: 90->99
[38.726s][info][gc,heap        ] GC(209) Humongous regions: 17->17
[38.726s][info][gc,metaspace   ] GC(209) Metaspace: 60685K->60685K(1103872K)
[38.726s][info][gc             ] GC(209) Pause Young (Normal) (G1 Evacuation Pause) 230M->122M(329M) 33.394ms
[38.726s][info][gc,cpu         ] GC(209) User=0.04s Sys=0.00s Real=0.03s
[38.829s][info][gc,start       ] GC(210) Pause Young (Normal) (G1 Evacuation Pause)
[38.830s][info][gc,task        ] GC(210) Using 1 workers of 1 for evacuation
[38.861s][info][gc,phases      ] GC(210)   Pre Evacuate Collection Set: 0.0ms
[38.861s][info][gc,phases      ] GC(210)   Evacuate Collection Set: 30.4ms
[38.861s][info][gc,phases      ] GC(210)   Post Evacuate Collection Set: 0.5ms
[38.861s][info][gc,phases      ] GC(210)   Other: 0.3ms
[38.861s][info][gc,heap        ] GC(210) Eden regions: 117->0(140)
[38.861s][info][gc,heap        ] GC(210) Survivor regions: 9->9(16)
[38.861s][info][gc,heap        ] GC(210) Old regions: 99->108
[38.861s][info][gc,heap        ] GC(210) Humongous regions: 17->17
[38.861s][info][gc,metaspace   ] GC(210) Metaspace: 60685K->60685K(1103872K)
[38.861s][info][gc             ] GC(210) Pause Young (Normal) (G1 Evacuation Pause) 239M->131M(398M) 31.339ms
[38.861s][info][gc,cpu         ] GC(210) User=0.03s Sys=0.00s Real=0.03s
[39.050s][info][gc,start       ] GC(211) Pause Young (Normal) (G1 Evacuation Pause)
[39.050s][info][gc,task        ] GC(211) Using 1 workers of 1 for evacuation
[39.082s][info][gc,phases      ] GC(211)   Pre Evacuate Collection Set: 0.0ms
[39.082s][info][gc,phases      ] GC(211)   Evacuate Collection Set: 31.7ms
[39.082s][info][gc,phases      ] GC(211)   Post Evacuate Collection Set: 0.3ms
[39.082s][info][gc,phases      ] GC(211)   Other: 0.3ms
[39.082s][info][gc,heap        ] GC(211) Eden regions: 140->0(141)
[39.082s][info][gc,heap        ] GC(211) Survivor regions: 9->18(19)
[39.082s][info][gc,heap        ] GC(211) Old regions: 108->108
[39.082s][info][gc,heap        ] GC(211) Humongous regions: 23->18
[39.082s][info][gc,metaspace   ] GC(211) Metaspace: 60703K->60703K(1103872K)
[39.082s][info][gc             ] GC(211) Pause Young (Normal) (G1 Evacuation Pause) 277M->141M(398M) 32.348ms
[39.082s][info][gc,cpu         ] GC(211) User=0.03s Sys=0.00s Real=0.03s
[39.164s][info][gc,start       ] GC(212) Pause Young (Normal) (G1 Evacuation Pause)
[39.164s][info][gc,task        ] GC(212) Using 1 workers of 1 for evacuation
[39.269s][info][gc,phases      ] GC(212)   Pre Evacuate Collection Set: 0.0ms
[39.270s][info][gc,phases      ] GC(212)   Evacuate Collection Set: 105.3ms
[39.270s][info][gc,phases      ] GC(212)   Post Evacuate Collection Set: 0.3ms
[39.270s][info][gc,phases      ] GC(212)   Other: 0.4ms
[39.270s][info][gc,heap        ] GC(212) Eden regions: 141->0(140)
[39.270s][info][gc,heap        ] GC(212) Survivor regions: 18->20(20)
[39.270s][info][gc,heap        ] GC(212) Old regions: 108->117
[39.270s][info][gc,heap        ] GC(212) Humongous regions: 20->20
[39.270s][info][gc,metaspace   ] GC(212) Metaspace: 60703K->60703K(1103872K)
[39.270s][info][gc             ] GC(212) Pause Young (Normal) (G1 Evacuation Pause) 284M->154M(398M) 106.048ms
[39.270s][info][gc,cpu         ] GC(212) User=0.11s Sys=0.00s Real=0.11s
[39.350s][info][gc,start       ] GC(213) Pause Young (Normal) (G1 Evacuation Pause)
[39.350s][info][gc,task        ] GC(213) Using 1 workers of 1 for evacuation
[39.444s][info][gc,phases      ] GC(213)   Pre Evacuate Collection Set: 0.0ms
[39.444s][info][gc,phases      ] GC(213)   Evacuate Collection Set: 93.2ms
[39.444s][info][gc,phases      ] GC(213)   Post Evacuate Collection Set: 0.6ms
[39.444s][info][gc,phases      ] GC(213)   Other: 0.2ms
[39.444s][info][gc,heap        ] GC(213) Eden regions: 140->0(138)
[39.444s][info][gc,heap        ] GC(213) Survivor regions: 20->11(20)
[39.444s][info][gc,heap        ] GC(213) Old regions: 117->136
[39.444s][info][gc,heap        ] GC(213) Humongous regions: 23->23
[39.444s][info][gc,metaspace   ] GC(213) Metaspace: 60703K->60703K(1103872K)
[39.444s][info][gc             ] GC(213) Pause Young (Normal) (G1 Evacuation Pause) 297M->167M(398M) 94.377ms
[39.444s][info][gc,cpu         ] GC(213) User=0.09s Sys=0.00s Real=0.10s
[39.536s][info][gc,start       ] GC(214) Pause Young (Normal) (G1 Evacuation Pause)
[39.536s][info][gc,task        ] GC(214) Using 1 workers of 1 for evacuation
[39.572s][info][gc,phases      ] GC(214)   Pre Evacuate Collection Set: 0.0ms
[39.573s][info][gc,phases      ] GC(214)   Evacuate Collection Set: 36.1ms
[39.573s][info][gc,phases      ] GC(214)   Post Evacuate Collection Set: 0.5ms
[39.573s][info][gc,phases      ] GC(214)   Other: 0.2ms
[39.573s][info][gc,heap        ] GC(214) Eden regions: 138->0(152)
[39.573s][info][gc,heap        ] GC(214) Survivor regions: 11->11(19)
[39.573s][info][gc,heap        ] GC(214) Old regions: 136->147
[39.573s][info][gc,heap        ] GC(214) Humongous regions: 23->23
[39.573s][info][gc,metaspace   ] GC(214) Metaspace: 60703K->60703K(1103872K)
[39.573s][info][gc             ] GC(214) Pause Young (Normal) (G1 Evacuation Pause) 305M->178M(439M) 36.945ms
[39.573s][info][gc,cpu         ] GC(214) User=0.04s Sys=0.00s Real=0.04s
[39.657s][info][gc,start       ] GC(215) Pause Young (Normal) (G1 Evacuation Pause)
[39.657s][info][gc,task        ] GC(215) Using 1 workers of 1 for evacuation
[39.701s][info][gc,phases      ] GC(215)   Pre Evacuate Collection Set: 0.0ms
[39.702s][info][gc,phases      ] GC(215)   Evacuate Collection Set: 44.2ms
[39.702s][info][gc,phases      ] GC(215)   Post Evacuate Collection Set: 0.3ms
[39.702s][info][gc,phases      ] GC(215)   Other: 0.2ms
[39.702s][info][gc,heap        ] GC(215) Eden regions: 152->0(148)
[39.702s][info][gc,heap        ] GC(215) Survivor regions: 11->21(21)
[39.702s][info][gc,heap        ] GC(215) Old regions: 147->148
[39.702s][info][gc,heap        ] GC(215) Humongous regions: 28->28
[39.702s][info][gc,metaspace   ] GC(215) Metaspace: 60703K->60703K(1103872K)
[39.702s][info][gc             ] GC(215) Pause Young (Normal) (G1 Evacuation Pause) 335M->194M(439M) 44.837ms
[39.702s][info][gc,cpu         ] GC(215) User=0.05s Sys=0.00s Real=0.04s
[39.775s][info][gc,start       ] GC(216) Pause Young (Normal) (G1 Evacuation Pause)
[39.775s][info][gc,task        ] GC(216) Using 1 workers of 1 for evacuation
[39.829s][info][gc,phases      ] GC(216)   Pre Evacuate Collection Set: 0.0ms
[39.829s][info][gc,phases      ] GC(216)   Evacuate Collection Set: 53.3ms
[39.829s][info][gc,phases      ] GC(216)   Post Evacuate Collection Set: 0.3ms
[39.829s][info][gc,phases      ] GC(216)   Other: 0.2ms
[39.829s][info][gc,heap        ] GC(216) Eden regions: 148->0(145)
[39.829s][info][gc,heap        ] GC(216) Survivor regions: 21->22(22)
[39.829s][info][gc,heap        ] GC(216) Old regions: 148->158
[39.829s][info][gc,heap        ] GC(216) Humongous regions: 28->28
[39.829s][info][gc,metaspace   ] GC(216) Metaspace: 60703K->60703K(1103872K)
[39.829s][info][gc             ] GC(216) Pause Young (Normal) (G1 Evacuation Pause) 342M->206M(439M) 53.874ms
[39.829s][info][gc,cpu         ] GC(216) User=0.05s Sys=0.00s Real=0.05s
[39.899s][info][gc,start       ] GC(217) Pause Young (Normal) (G1 Evacuation Pause)
[39.899s][info][gc,task        ] GC(217) Using 1 workers of 1 for evacuation
[39.951s][info][gc,phases      ] GC(217)   Pre Evacuate Collection Set: 0.0ms
[39.951s][info][gc,phases      ] GC(217)   Evacuate Collection Set: 50.6ms
[39.951s][info][gc,phases      ] GC(217)   Post Evacuate Collection Set: 0.3ms
[39.951s][info][gc,phases      ] GC(217)   Other: 0.3ms
[39.951s][info][gc,heap        ] GC(217) Eden regions: 145->0(140)
[39.951s][info][gc,heap        ] GC(217) Survivor regions: 22->11(21)
[39.951s][info][gc,heap        ] GC(217) Old regions: 158->180
[39.951s][info][gc,heap        ] GC(217) Humongous regions: 28->28
[39.951s][info][gc,metaspace   ] GC(217) Metaspace: 60703K->60703K(1103872K)
[39.951s][info][gc             ] GC(217) Pause Young (Normal) (G1 Evacuation Pause) 351M->217M(439M) 51.244ms
[39.951s][info][gc,cpu         ] GC(217) User=0.05s Sys=0.00s Real=0.05s
[40.017s][info][gc,start       ] GC(218) Pause Young (Concurrent Start) (G1 Evacuation Pause)
[40.017s][info][gc,task        ] GC(218) Using 1 workers of 1 for evacuation
[40.054s][info][gc,phases      ] GC(218)   Pre Evacuate Collection Set: 0.3ms
[40.054s][info][gc,phases      ] GC(218)   Evacuate Collection Set: 36.2ms
[40.054s][info][gc,phases      ] GC(218)   Post Evacuate Collection Set: 0.4ms
[40.054s][info][gc,phases      ] GC(218)   Other: 0.2ms
[40.054s][info][gc,heap        ] GC(218) Eden regions: 140->0(145)
[40.054s][info][gc,heap        ] GC(218) Survivor regions: 11->11(19)
[40.054s][info][gc,heap        ] GC(218) Old regions: 180->191
[40.054s][info][gc,heap        ] GC(218) Humongous regions: 28->28
[40.054s][info][gc,metaspace   ] GC(218) Metaspace: 60703K->60703K(1103872K)
[40.054s][info][gc             ] GC(218) Pause Young (Concurrent Start) (G1 Evacuation Pause) 357M->228M(464M) 37.194ms
[40.054s][info][gc,cpu         ] GC(218) User=0.03s Sys=0.00s Real=0.04s
[40.054s][info][gc             ] GC(219) Concurrent Cycle
[40.054s][info][gc,marking     ] GC(219) Concurrent Clear Claimed Marks
[40.055s][info][gc,marking     ] GC(219) Concurrent Clear Claimed Marks 0.281ms
[40.055s][info][gc,marking     ] GC(219) Concurrent Scan Root Regions
[40.062s][info][gc,marking     ] GC(219) Concurrent Scan Root Regions 7.844ms
[40.062s][info][gc,marking     ] GC(219) Concurrent Mark (40.062s)
[40.062s][info][gc,marking     ] GC(219) Concurrent Mark From Roots
[40.062s][info][gc,task        ] GC(219) Using 1 workers of 1 for marking
[40.324s][info][gc,start       ] GC(220) Pause Young (Normal) (G1 Evacuation Pause)
[40.325s][info][gc,task        ] GC(220) Using 1 workers of 1 for evacuation
[40.359s][info][gc,phases      ] GC(220)   Pre Evacuate Collection Set: 0.0ms
[40.359s][info][gc,phases      ] GC(220)   Evacuate Collection Set: 33.7ms
[40.359s][info][gc,phases      ] GC(220)   Post Evacuate Collection Set: 0.4ms
[40.359s][info][gc,phases      ] GC(220)   Other: 0.4ms
[40.359s][info][gc,heap        ] GC(220) Eden regions: 145->0(142)
[40.359s][info][gc,heap        ] GC(220) Survivor regions: 11->10(20)
[40.359s][info][gc,heap        ] GC(220) Old regions: 191->202
[40.359s][info][gc,heap        ] GC(220) Humongous regions: 28->28
[40.359s][info][gc,metaspace   ] GC(220) Metaspace: 60708K->60708K(1103872K)
[40.359s][info][gc             ] GC(220) Pause Young (Normal) (G1 Evacuation Pause) 373M->238M(464M) 34.542ms
[40.359s][info][gc,cpu         ] GC(220) User=0.03s Sys=0.00s Real=0.04s
[40.367s][info][gc,marking     ] GC(219) Concurrent Mark From Roots 304.644ms
[40.367s][info][gc,marking     ] GC(219) Concurrent Preclean
[40.367s][info][gc,marking     ] GC(219) Concurrent Preclean 0.063ms
[40.367s][info][gc,marking     ] GC(219) Concurrent Mark (40.062s, 40.367s) 304.756ms
[40.370s][info][gc,start       ] GC(219) Pause Remark
[40.384s][info][gc,stringtable ] GC(219) Cleaned string and symbol table, strings: 21681 processed, 16 removed, symbols: 131576 processed, 0 removed
[40.384s][info][gc             ] GC(219) Pause Remark 241M->134M(464M) 14.249ms
[40.384s][info][gc,cpu         ] GC(219) User=0.02s Sys=0.00s Real=0.02s
[40.384s][info][gc,marking     ] GC(219) Concurrent Rebuild Remembered Sets
[40.574s][info][gc,marking     ] GC(219) Concurrent Rebuild Remembered Sets 189.999ms
[40.577s][info][gc,start       ] GC(219) Pause Cleanup
[40.577s][info][gc             ] GC(219) Pause Cleanup 226M->226M(464M) 0.145ms
[40.577s][info][gc,cpu         ] GC(219) User=0.00s Sys=0.00s Real=0.00s
[40.577s][info][gc,marking     ] GC(219) Concurrent Cleanup for Next Mark
[40.579s][info][gc,marking     ] GC(219) Concurrent Cleanup for Next Mark 1.978ms
[40.579s][info][gc             ] GC(219) Concurrent Cycle 525.095ms
[40.626s][info][gc,start       ] GC(221) Pause Young (Normal) (G1 Evacuation Pause)
[40.626s][info][gc,task        ] GC(221) Using 1 workers of 1 for evacuation
[40.640s][info][gc,phases      ] GC(221)   Pre Evacuate Collection Set: 0.0ms
[40.640s][info][gc,phases      ] GC(221)   Evacuate Collection Set: 13.8ms
[40.640s][info][gc,phases      ] GC(221)   Post Evacuate Collection Set: 0.3ms
[40.640s][info][gc,phases      ] GC(221)   Other: 0.2ms
[40.640s][info][gc,heap        ] GC(221) Eden regions: 142->0(182)
[40.640s][info][gc,heap        ] GC(221) Survivor regions: 10->1(19)
[40.640s][info][gc,heap        ] GC(221) Old regions: 112->122
[40.640s][info][gc,heap        ] GC(221) Humongous regions: 11->11
[40.640s][info][gc,metaspace   ] GC(221) Metaspace: 60713K->60713K(1103872K)
[40.640s][info][gc             ] GC(221) Pause Young (Normal) (G1 Evacuation Pause) 273M->131M(464M) 14.454ms
[40.640s][info][gc,cpu         ] GC(221) User=0.01s Sys=0.00s Real=0.01s
[40.827s][info][gc,start       ] GC(222) Pause Young (Normal) (G1 Evacuation Pause)
[40.827s][info][gc,task        ] GC(222) Using 1 workers of 1 for evacuation
[40.829s][info][gc,phases      ] GC(222)   Pre Evacuate Collection Set: 0.0ms
[40.829s][info][gc,phases      ] GC(222)   Evacuate Collection Set: 1.6ms
[40.829s][info][gc,phases      ] GC(222)   Post Evacuate Collection Set: 0.3ms
[40.829s][info][gc,phases      ] GC(222)   Other: 0.3ms
[40.829s][info][gc,heap        ] GC(222) Eden regions: 182->0(189)
[40.829s][info][gc,heap        ] GC(222) Survivor regions: 1->1(23)
[40.829s][info][gc,heap        ] GC(222) Old regions: 122->122
[40.829s][info][gc,heap        ] GC(222) Humongous regions: 11->11
[40.829s][info][gc,metaspace   ] GC(222) Metaspace: 60713K->60713K(1103872K)
[40.829s][info][gc             ] GC(222) Pause Young (Normal) (G1 Evacuation Pause) 313M->131M(464M) 2.217ms
[40.829s][info][gc,cpu         ] GC(222) User=0.00s Sys=0.00s Real=0.00s
[41.045s][info][gc,start       ] GC(223) Pause Young (Normal) (G1 Evacuation Pause)
[41.045s][info][gc,task        ] GC(223) Using 1 workers of 1 for evacuation
[41.047s][info][gc,phases      ] GC(223)   Pre Evacuate Collection Set: 0.0ms
[41.047s][info][gc,phases      ] GC(223)   Evacuate Collection Set: 1.3ms
[41.047s][info][gc,phases      ] GC(223)   Post Evacuate Collection Set: 0.3ms
[41.047s][info][gc,phases      ] GC(223)   Other: 0.3ms
[41.047s][info][gc,heap        ] GC(223) Eden regions: 189->0(199)
[41.047s][info][gc,heap        ] GC(223) Survivor regions: 1->1(24)
[41.047s][info][gc,heap        ] GC(223) Old regions: 122->122
[41.047s][info][gc,heap        ] GC(223) Humongous regions: 11->11
[41.047s][info][gc,metaspace   ] GC(223) Metaspace: 60713K->60713K(1103872K)
[41.047s][info][gc             ] GC(223) Pause Young (Normal) (G1 Evacuation Pause) 320M->131M(464M) 1.963ms
[41.047s][info][gc,cpu         ] GC(223) User=0.01s Sys=0.00s Real=0.00s
[41.369s][info][gc,start       ] GC(224) Pause Young (Normal) (G1 Evacuation Pause)
[41.369s][info][gc,task        ] GC(224) Using 1 workers of 1 for evacuation
[41.371s][info][gc,phases      ] GC(224)   Pre Evacuate Collection Set: 0.0ms
[41.371s][info][gc,phases      ] GC(224)   Evacuate Collection Set: 1.6ms
[41.371s][info][gc,phases      ] GC(224)   Post Evacuate Collection Set: 0.3ms
[41.371s][info][gc,phases      ] GC(224)   Other: 0.6ms
[41.371s][info][gc,heap        ] GC(224) Eden regions: 199->0(208)
[41.371s][info][gc,heap        ] GC(224) Survivor regions: 1->1(25)
[41.371s][info][gc,heap        ] GC(224) Old regions: 122->122
[41.371s][info][gc,heap        ] GC(224) Humongous regions: 11->11
[41.371s][info][gc,metaspace   ] GC(224) Metaspace: 60720K->60720K(1103872K)
[41.371s][info][gc             ] GC(224) Pause Young (Normal) (G1 Evacuation Pause) 330M->131M(464M) 2.580ms
[41.371s][info][gc,cpu         ] GC(224) User=0.00s Sys=0.00s Real=0.00s
[41.577s][info][gc,start       ] GC(225) Pause Young (Normal) (G1 Evacuation Pause)
[41.577s][info][gc,task        ] GC(225) Using 1 workers of 1 for evacuation
[41.579s][info][gc,phases      ] GC(225)   Pre Evacuate Collection Set: 0.0ms
[41.579s][info][gc,phases      ] GC(225)   Evacuate Collection Set: 1.4ms
[41.579s][info][gc,phases      ] GC(225)   Post Evacuate Collection Set: 0.3ms
[41.579s][info][gc,phases      ] GC(225)   Other: 0.3ms
[41.579s][info][gc,heap        ] GC(225) Eden regions: 208->0(218)
[41.579s][info][gc,heap        ] GC(225) Survivor regions: 1->1(27)
[41.579s][info][gc,heap        ] GC(225) Old regions: 122->122
[41.579s][info][gc,heap        ] GC(225) Humongous regions: 11->11
[41.579s][info][gc,metaspace   ] GC(225) Metaspace: 60720K->60720K(1103872K)
[41.579s][info][gc             ] GC(225) Pause Young (Normal) (G1 Evacuation Pause) 339M->131M(464M) 2.037ms
[41.579s][info][gc,cpu         ] GC(225) User=0.00s Sys=0.00s Real=0.00s
[41.799s][info][gc,start       ] GC(226) Pause Young (Normal) (G1 Evacuation Pause)
[41.799s][info][gc,task        ] GC(226) Using 1 workers of 1 for evacuation
[41.801s][info][gc,phases      ] GC(226)   Pre Evacuate Collection Set: 0.0ms
[41.801s][info][gc,phases      ] GC(226)   Evacuate Collection Set: 1.8ms
[41.801s][info][gc,phases      ] GC(226)   Post Evacuate Collection Set: 0.4ms
[41.801s][info][gc,phases      ] GC(226)   Other: 0.3ms
[41.801s][info][gc,heap        ] GC(226) Eden regions: 218->0(227)
[41.801s][info][gc,heap        ] GC(226) Survivor regions: 1->1(28)
[41.801s][info][gc,heap        ] GC(226) Old regions: 122->122
[41.801s][info][gc,heap        ] GC(226) Humongous regions: 11->11
[41.801s][info][gc,metaspace   ] GC(226) Metaspace: 60722K->60722K(1103872K)
[41.801s][info][gc             ] GC(226) Pause Young (Normal) (G1 Evacuation Pause) 349M->131M(464M) 2.584ms
[41.801s][info][gc,cpu         ] GC(226) User=0.01s Sys=0.00s Real=0.00s
[42.050s][info][gc,start       ] GC(227) Pause Young (Normal) (G1 Evacuation Pause)
[42.051s][info][gc,task        ] GC(227) Using 1 workers of 1 for evacuation
[42.053s][info][gc,phases      ] GC(227)   Pre Evacuate Collection Set: 0.0ms
[42.053s][info][gc,phases      ] GC(227)   Evacuate Collection Set: 1.6ms
[42.053s][info][gc,phases      ] GC(227)   Post Evacuate Collection Set: 0.3ms
[42.053s][info][gc,phases      ] GC(227)   Other: 0.3ms
[42.053s][info][gc,heap        ] GC(227) Eden regions: 227->0(236)
[42.053s][info][gc,heap        ] GC(227) Survivor regions: 1->1(29)
[42.053s][info][gc,heap        ] GC(227) Old regions: 122->122
[42.053s][info][gc,heap        ] GC(227) Humongous regions: 11->11
[42.053s][info][gc,metaspace   ] GC(227) Metaspace: 60722K->60722K(1103872K)
[42.053s][info][gc             ] GC(227) Pause Young (Normal) (G1 Evacuation Pause) 358M->131M(464M) 2.232ms
[42.053s][info][gc,cpu         ] GC(227) User=0.00s Sys=0.00s Real=0.01s
[42.294s][info][gc,start       ] GC(228) Pause Young (Normal) (G1 Evacuation Pause)
[42.294s][info][gc,task        ] GC(228) Using 1 workers of 1 for evacuation
[42.296s][info][gc,phases      ] GC(228)   Pre Evacuate Collection Set: 0.0ms
[42.296s][info][gc,phases      ] GC(228)   Evacuate Collection Set: 1.6ms
[42.296s][info][gc,phases      ] GC(228)   Post Evacuate Collection Set: 0.3ms
[42.296s][info][gc,phases      ] GC(228)   Other: 0.3ms
[42.296s][info][gc,heap        ] GC(228) Eden regions: 236->0(243)
[42.296s][info][gc,heap        ] GC(228) Survivor regions: 1->1(30)
[42.296s][info][gc,heap        ] GC(228) Old regions: 122->122
[42.296s][info][gc,heap        ] GC(228) Humongous regions: 11->11
[42.296s][info][gc,metaspace   ] GC(228) Metaspace: 60722K->60722K(1103872K)
[42.296s][info][gc             ] GC(228) Pause Young (Normal) (G1 Evacuation Pause) 367M->131M(464M) 2.238ms
[42.296s][info][gc,cpu         ] GC(228) User=0.00s Sys=0.00s Real=0.00s
[42.538s][info][gc,start       ] GC(229) Pause Young (Normal) (G1 Evacuation Pause)
[42.538s][info][gc,task        ] GC(229) Using 1 workers of 1 for evacuation
[42.540s][info][gc,phases      ] GC(229)   Pre Evacuate Collection Set: 0.0ms
[42.540s][info][gc,phases      ] GC(229)   Evacuate Collection Set: 1.6ms
[42.540s][info][gc,phases      ] GC(229)   Post Evacuate Collection Set: 0.3ms
[42.540s][info][gc,phases      ] GC(229)   Other: 0.3ms
[42.540s][info][gc,heap        ] GC(229) Eden regions: 243->0(250)
[42.540s][info][gc,heap        ] GC(229) Survivor regions: 1->1(31)
[42.540s][info][gc,heap        ] GC(229) Old regions: 122->122
[42.540s][info][gc,heap        ] GC(229) Humongous regions: 11->11
[42.540s][info][gc,metaspace   ] GC(229) Metaspace: 60722K->60722K(1103872K)
[42.540s][info][gc             ] GC(229) Pause Young (Normal) (G1 Evacuation Pause) 374M->131M(464M) 2.250ms
[42.540s][info][gc,cpu         ] GC(229) User=0.00s Sys=0.00s Real=0.00s
[42.760s][info][gc,start       ] GC(230) Pause Young (Normal) (G1 Evacuation Pause)
[42.760s][info][gc,task        ] GC(230) Using 1 workers of 1 for evacuation
[42.762s][info][gc,phases      ] GC(230)   Pre Evacuate Collection Set: 0.0ms
[42.762s][info][gc,phases      ] GC(230)   Evacuate Collection Set: 1.6ms
[42.762s][info][gc,phases      ] GC(230)   Post Evacuate Collection Set: 0.3ms
[42.762s][info][gc,phases      ] GC(230)   Other: 0.3ms
[42.762s][info][gc,heap        ] GC(230) Eden regions: 250->0(257)
[42.762s][info][gc,heap        ] GC(230) Survivor regions: 1->1(32)
[42.762s][info][gc,heap        ] GC(230) Old regions: 122->122
[42.762s][info][gc,heap        ] GC(230) Humongous regions: 11->11
[42.762s][info][gc,metaspace   ] GC(230) Metaspace: 60722K->60722K(1103872K)
[42.762s][info][gc             ] GC(230) Pause Young (Normal) (G1 Evacuation Pause) 381M->131M(464M) 2.292ms
[42.762s][info][gc,cpu         ] GC(230) User=0.01s Sys=0.00s Real=0.00s
[43.001s][info][gc,start       ] GC(231) Pause Young (Normal) (G1 Evacuation Pause)
[43.001s][info][gc,task        ] GC(231) Using 1 workers of 1 for evacuation
[43.003s][info][gc,phases      ] GC(231)   Pre Evacuate Collection Set: 0.0ms
[43.003s][info][gc,phases      ] GC(231)   Evacuate Collection Set: 1.6ms
[43.003s][info][gc,phases      ] GC(231)   Post Evacuate Collection Set: 0.3ms
[43.003s][info][gc,phases      ] GC(231)   Other: 0.3ms
[43.003s][info][gc,heap        ] GC(231) Eden regions: 257->0(262)
[43.003s][info][gc,heap        ] GC(231) Survivor regions: 1->1(33)
[43.003s][info][gc,heap        ] GC(231) Old regions: 122->122
[43.003s][info][gc,heap        ] GC(231) Humongous regions: 11->11
[43.003s][info][gc,metaspace   ] GC(231) Metaspace: 60722K->60722K(1103872K)
[43.003s][info][gc             ] GC(231) Pause Young (Normal) (G1 Evacuation Pause) 388M->131M(464M) 2.179ms
[43.003s][info][gc,cpu         ] GC(231) User=0.01s Sys=0.00s Real=0.00s
[43.202s][info][gc,start       ] GC(232) Pause Young (Normal) (G1 Evacuation Pause)
[43.202s][info][gc,task        ] GC(232) Using 1 workers of 1 for evacuation
[43.204s][info][gc,phases      ] GC(232)   Pre Evacuate Collection Set: 0.0ms
[43.204s][info][gc,phases      ] GC(232)   Evacuate Collection Set: 1.7ms
[43.204s][info][gc,phases      ] GC(232)   Post Evacuate Collection Set: 0.3ms
[43.204s][info][gc,phases      ] GC(232)   Other: 0.3ms
[43.204s][info][gc,heap        ] GC(232) Eden regions: 262->0(266)
[43.204s][info][gc,heap        ] GC(232) Survivor regions: 1->1(33)
[43.204s][info][gc,heap        ] GC(232) Old regions: 122->122
[43.204s][info][gc,heap        ] GC(232) Humongous regions: 11->11
[43.204s][info][gc,metaspace   ] GC(232) Metaspace: 60722K->60722K(1103872K)
[43.204s][info][gc             ] GC(232) Pause Young (Normal) (G1 Evacuation Pause) 393M->131M(464M) 2.332ms
[43.204s][info][gc,cpu         ] GC(232) User=0.01s Sys=0.00s Real=0.00s
[43.440s][info][gc,task        ] GC(233) Using 1 workers of 1 for full compaction
[43.440s][info][gc,start       ] GC(233) Pause Full (System.gc())
[43.441s][info][gc,phases,start] GC(233) Phase 1: Mark live objects
[43.493s][info][gc,stringtable ] GC(233) Cleaned string and symbol table, strings: 21676 processed, 10 removed, symbols: 131578 processed, 0 removed
[43.493s][info][gc,phases      ] GC(233) Phase 1: Mark live objects 52.415ms
[43.493s][info][gc,phases,start] GC(233) Phase 2: Prepare for compaction
[43.498s][info][gc,phases      ] GC(233) Phase 2: Prepare for compaction 4.674ms
[43.498s][info][gc,phases,start] GC(233) Phase 3: Adjust pointers
[43.515s][info][gc,phases      ] GC(233) Phase 3: Adjust pointers 17.365ms
[43.515s][info][gc,phases,start] GC(233) Phase 4: Compact heap
[43.521s][info][gc,phases      ] GC(233) Phase 4: Compact heap 5.236ms
[43.536s][info][gc,heap        ] GC(233) Eden regions: 215->0(59)
[43.536s][info][gc,heap        ] GC(233) Survivor regions: 1->0(33)
[43.536s][info][gc,heap        ] GC(233) Old regions: 122->24
[43.536s][info][gc,heap        ] GC(233) Humongous regions: 16->6
[43.536s][info][gc,metaspace   ] GC(233) Metaspace: 60740K->60740K(1103872K)
[43.536s][info][gc             ] GC(233) Pause Full (System.gc()) 351M->28M(100M) 95.907ms
[43.536s][info][gc,cpu         ] GC(233) User=0.07s Sys=0.02s Real=0.10s
[43.700s][info][gc,start       ] GC(234) Pause Young (Normal) (G1 Evacuation Pause)
[43.700s][info][gc,task        ] GC(234) Using 1 workers of 1 for evacuation
[43.712s][info][gc,phases      ] GC(234)   Pre Evacuate Collection Set: 0.0ms
[43.712s][info][gc,phases      ] GC(234)   Evacuate Collection Set: 7.0ms
[43.712s][info][gc,phases      ] GC(234)   Post Evacuate Collection Set: 4.0ms
[43.712s][info][gc,phases      ] GC(234)   Other: 0.3ms
[43.712s][info][gc,heap        ] GC(234) Eden regions: 59->0(52)
[43.712s][info][gc,heap        ] GC(234) Survivor regions: 0->4(8)
[43.712s][info][gc,heap        ] GC(234) Old regions: 24->24
[43.712s][info][gc,heap        ] GC(234) Humongous regions: 11->6
[43.712s][info][gc,metaspace   ] GC(234) Metaspace: 60771K->60771K(1103872K)
[43.712s][info][gc             ] GC(234) Pause Young (Normal) (G1 Evacuation Pause) 92M->31M(100M) 11.332ms
[43.712s][info][gc,cpu         ] GC(234) User=0.01s Sys=0.00s Real=0.01s
[43.753s][info][gc,start       ] GC(235) Pause Young (Normal) (G1 Evacuation Pause)
[43.753s][info][gc,task        ] GC(235) Using 1 workers of 1 for evacuation
[43.766s][info][gc,phases      ] GC(235)   Pre Evacuate Collection Set: 0.0ms
[43.766s][info][gc,phases      ] GC(235)   Evacuate Collection Set: 12.0ms
[43.766s][info][gc,phases      ] GC(235)   Post Evacuate Collection Set: 0.2ms
[43.766s][info][gc,phases      ] GC(235)   Other: 0.2ms
[43.766s][info][gc,heap        ] GC(235) Eden regions: 52->0(45)
[43.766s][info][gc,heap        ] GC(235) Survivor regions: 4->7(7)
[43.766s][info][gc,heap        ] GC(235) Old regions: 24->24
[43.766s][info][gc,heap        ] GC(235) Humongous regions: 7->7
[43.766s][info][gc,metaspace   ] GC(235) Metaspace: 60771K->60771K(1103872K)
[43.766s][info][gc             ] GC(235) Pause Young (Normal) (G1 Evacuation Pause) 84M->36M(100M) 12.567ms
[43.766s][info][gc,cpu         ] GC(235) User=0.01s Sys=0.00s Real=0.01s
[43.788s][info][gc,start       ] GC(236) Pause Young (Normal) (G1 Evacuation Pause)
[43.788s][info][gc,task        ] GC(236) Using 1 workers of 1 for evacuation
[43.805s][info][gc,phases      ] GC(236)   Pre Evacuate Collection Set: 0.0ms
[43.805s][info][gc,phases      ] GC(236)   Evacuate Collection Set: 16.2ms
[43.805s][info][gc,phases      ] GC(236)   Post Evacuate Collection Set: 0.2ms
[43.805s][info][gc,phases      ] GC(236)   Other: 0.2ms
[43.805s][info][gc,heap        ] GC(236) Eden regions: 45->0(42)
[43.805s][info][gc,heap        ] GC(236) Survivor regions: 7->4(7)
[43.805s][info][gc,heap        ] GC(236) Old regions: 24->31
[43.805s][info][gc,heap        ] GC(236) Humongous regions: 7->7
[43.805s][info][gc,metaspace   ] GC(236) Metaspace: 60771K->60771K(1103872K)
[43.805s][info][gc             ] GC(236) Pause Young (Normal) (G1 Evacuation Pause) 81M->39M(100M) 16.709ms
[43.805s][info][gc,cpu         ] GC(236) User=0.02s Sys=0.00s Real=0.02s
[43.828s][info][gc,start       ] GC(237) Pause Young (Normal) (G1 Evacuation Pause)
[43.828s][info][gc,task        ] GC(237) Using 1 workers of 1 for evacuation
[43.843s][info][gc,phases      ] GC(237)   Pre Evacuate Collection Set: 0.0ms
[43.843s][info][gc,phases      ] GC(237)   Evacuate Collection Set: 15.2ms
[43.843s][info][gc,phases      ] GC(237)   Post Evacuate Collection Set: 0.2ms
[43.843s][info][gc,phases      ] GC(237)   Other: 0.2ms
[43.843s][info][gc,heap        ] GC(237) Eden regions: 42->0(36)
[43.843s][info][gc,heap        ] GC(237) Survivor regions: 4->4(6)
[43.843s][info][gc,heap        ] GC(237) Old regions: 31->35
[43.843s][info][gc,heap        ] GC(237) Humongous regions: 9->9
[43.843s][info][gc,metaspace   ] GC(237) Metaspace: 60771K->60771K(1103872K)
[43.843s][info][gc             ] GC(237) Pause Young (Normal) (G1 Evacuation Pause) 83M->45M(100M) 15.684ms
[43.843s][info][gc,cpu         ] GC(237) User=0.02s Sys=0.00s Real=0.01s
[43.861s][info][gc,start       ] GC(238) Pause Young (Normal) (G1 Evacuation Pause)
[43.861s][info][gc,task        ] GC(238) Using 1 workers of 1 for evacuation
[43.873s][info][gc,phases      ] GC(238)   Pre Evacuate Collection Set: 0.0ms
[43.873s][info][gc,phases      ] GC(238)   Evacuate Collection Set: 10.8ms
[43.873s][info][gc,phases      ] GC(238)   Post Evacuate Collection Set: 0.5ms
[43.873s][info][gc,phases      ] GC(238)   Other: 0.2ms
[43.873s][info][gc,heap        ] GC(238) Eden regions: 36->0(58)
[43.873s][info][gc,heap        ] GC(238) Survivor regions: 4->3(5)
[43.873s][info][gc,heap        ] GC(238) Old regions: 35->38
[43.873s][info][gc,heap        ] GC(238) Humongous regions: 9->9
[43.873s][info][gc,metaspace   ] GC(238) Metaspace: 60771K->60771K(1103872K)
[43.873s][info][gc             ] GC(238) Pause Young (Normal) (G1 Evacuation Pause) 81M->48M(139M) 11.482ms
[43.873s][info][gc,cpu         ] GC(238) User=0.02s Sys=0.00s Real=0.02s
[43.947s][info][gc,start       ] GC(239) Pause Young (Normal) (G1 Evacuation Pause)
[43.947s][info][gc,task        ] GC(239) Using 1 workers of 1 for evacuation
[43.960s][info][gc,phases      ] GC(239)   Pre Evacuate Collection Set: 0.0ms
[43.960s][info][gc,phases      ] GC(239)   Evacuate Collection Set: 12.9ms
[43.960s][info][gc,phases      ] GC(239)   Post Evacuate Collection Set: 0.2ms
[43.960s][info][gc,phases      ] GC(239)   Other: 0.2ms
[43.960s][info][gc,heap        ] GC(239) Eden regions: 58->0(56)
[43.960s][info][gc,heap        ] GC(239) Survivor regions: 3->8(8)
[43.960s][info][gc,heap        ] GC(239) Old regions: 38->38
[43.960s][info][gc,heap        ] GC(239) Humongous regions: 9->9
[43.960s][info][gc,metaspace   ] GC(239) Metaspace: 60771K->60771K(1103872K)
[43.960s][info][gc             ] GC(239) Pause Young (Normal) (G1 Evacuation Pause) 106M->52M(139M) 13.454ms
[43.960s][info][gc,cpu         ] GC(239) User=0.01s Sys=0.00s Real=0.01s
[43.988s][info][gc,start       ] GC(240) Pause Young (Normal) (G1 Evacuation Pause)
[43.988s][info][gc,task        ] GC(240) Using 1 workers of 1 for evacuation
[44.009s][info][gc,phases      ] GC(240)   Pre Evacuate Collection Set: 0.0ms
[44.009s][info][gc,phases      ] GC(240)   Evacuate Collection Set: 20.8ms
[44.009s][info][gc,phases      ] GC(240)   Post Evacuate Collection Set: 0.2ms
[44.009s][info][gc,phases      ] GC(240)   Other: 0.2ms
[44.010s][info][gc,heap        ] GC(240) Eden regions: 56->0(51)
[44.010s][info][gc,heap        ] GC(240) Survivor regions: 8->5(8)
[44.010s][info][gc,heap        ] GC(240) Old regions: 38->46
[44.010s][info][gc,heap        ] GC(240) Humongous regions: 12->12
[44.010s][info][gc,metaspace   ] GC(240) Metaspace: 60771K->60771K(1103872K)
[44.010s][info][gc             ] GC(240) Pause Young (Normal) (G1 Evacuation Pause) 111M->60M(139M) 21.365ms
[44.010s][info][gc,cpu         ] GC(240) User=0.02s Sys=0.00s Real=0.02s
[44.035s][info][gc,start       ] GC(241) Pause Young (Normal) (G1 Evacuation Pause)
[44.035s][info][gc,task        ] GC(241) Using 1 workers of 1 for evacuation
[44.051s][info][gc,phases      ] GC(241)   Pre Evacuate Collection Set: 0.0ms
[44.051s][info][gc,phases      ] GC(241)   Evacuate Collection Set: 14.6ms
[44.051s][info][gc,phases      ] GC(241)   Post Evacuate Collection Set: 0.2ms
[44.051s][info][gc,phases      ] GC(241)   Other: 0.2ms
[44.051s][info][gc,heap        ] GC(241) Eden regions: 51->0(49)
[44.051s][info][gc,heap        ] GC(241) Survivor regions: 5->4(7)
[44.051s][info][gc,heap        ] GC(241) Old regions: 46->50
[44.051s][info][gc,heap        ] GC(241) Humongous regions: 12->12
[44.051s][info][gc,metaspace   ] GC(241) Metaspace: 60771K->60771K(1103872K)
[44.051s][info][gc             ] GC(241) Pause Young (Normal) (G1 Evacuation Pause) 111M->63M(139M) 15.142ms
[44.051s][info][gc,cpu         ] GC(241) User=0.02s Sys=0.00s Real=0.01s
[44.075s][info][gc,start       ] GC(242) Pause Young (Normal) (G1 Evacuation Pause)
[44.075s][info][gc,task        ] GC(242) Using 1 workers of 1 for evacuation
[44.090s][info][gc,phases      ] GC(242)   Pre Evacuate Collection Set: 0.0ms
[44.090s][info][gc,phases      ] GC(242)   Evacuate Collection Set: 13.8ms
[44.090s][info][gc,phases      ] GC(242)   Post Evacuate Collection Set: 0.5ms
[44.090s][info][gc,phases      ] GC(242)   Other: 0.2ms
[44.090s][info][gc,heap        ] GC(242) Eden regions: 49->0(78)
[44.090s][info][gc,heap        ] GC(242) Survivor regions: 4->4(7)
[44.090s][info][gc,heap        ] GC(242) Old regions: 50->54
[44.090s][info][gc,heap        ] GC(242) Humongous regions: 12->12
[44.090s][info][gc,metaspace   ] GC(242) Metaspace: 60771K->60771K(1103872K)
[44.090s][info][gc             ] GC(242) Pause Young (Normal) (G1 Evacuation Pause) 112M->67M(211M) 14.577ms
[44.090s][info][gc,cpu         ] GC(242) User=0.02s Sys=0.00s Real=0.01s
[44.145s][info][gc,start       ] GC(243) Pause Young (Normal) (G1 Evacuation Pause)
[44.145s][info][gc,task        ] GC(243) Using 1 workers of 1 for evacuation
[44.164s][info][gc,phases      ] GC(243)   Pre Evacuate Collection Set: 0.0ms
[44.164s][info][gc,phases      ] GC(243)   Evacuate Collection Set: 18.7ms
[44.164s][info][gc,phases      ] GC(243)   Post Evacuate Collection Set: 0.3ms
[44.164s][info][gc,phases      ] GC(243)   Other: 0.3ms
[44.164s][info][gc,heap        ] GC(243) Eden regions: 78->0(77)
[44.164s][info][gc,heap        ] GC(243) Survivor regions: 4->10(11)
[44.164s][info][gc,heap        ] GC(243) Old regions: 54->54
[44.164s][info][gc,heap        ] GC(243) Humongous regions: 12->12
[44.164s][info][gc,metaspace   ] GC(243) Metaspace: 60771K->60771K(1103872K)
[44.164s][info][gc             ] GC(243) Pause Young (Normal) (G1 Evacuation Pause) 145M->73M(211M) 19.390ms
[44.164s][info][gc,cpu         ] GC(243) User=0.02s Sys=0.00s Real=0.02s
[44.202s][info][gc,start       ] GC(244) Pause Young (Normal) (G1 Evacuation Pause)
[44.202s][info][gc,task        ] GC(244) Using 1 workers of 1 for evacuation
[44.228s][info][gc,phases      ] GC(244)   Pre Evacuate Collection Set: 0.0ms
[44.228s][info][gc,phases      ] GC(244)   Evacuate Collection Set: 25.5ms
[44.228s][info][gc,phases      ] GC(244)   Post Evacuate Collection Set: 0.3ms
[44.228s][info][gc,phases      ] GC(244)   Other: 0.2ms
[44.228s][info][gc,heap        ] GC(244) Eden regions: 77->0(77)
[44.228s][info][gc,heap        ] GC(244) Survivor regions: 10->6(11)
[44.228s][info][gc,heap        ] GC(244) Old regions: 54->64
[44.228s][info][gc,heap        ] GC(244) Humongous regions: 12->12
[44.228s][info][gc,metaspace   ] GC(244) Metaspace: 60771K->60771K(1103872K)
[44.228s][info][gc             ] GC(244) Pause Young (Normal) (G1 Evacuation Pause) 150M->79M(211M) 26.021ms
[44.228s][info][gc,cpu         ] GC(244) User=0.03s Sys=0.00s Real=0.03s
[44.302s][info][gc,start       ] GC(245) Pause Young (Normal) (G1 Evacuation Pause)
[44.302s][info][gc,task        ] GC(245) Using 1 workers of 1 for evacuation
[44.326s][info][gc,phases      ] GC(245)   Pre Evacuate Collection Set: 0.0ms
[44.326s][info][gc,phases      ] GC(245)   Evacuate Collection Set: 23.3ms
[44.326s][info][gc,phases      ] GC(245)   Post Evacuate Collection Set: 0.3ms
[44.326s][info][gc,phases      ] GC(245)   Other: 0.2ms
[44.326s][info][gc,heap        ] GC(245) Eden regions: 77->0(72)
[44.326s][info][gc,heap        ] GC(245) Survivor regions: 6->6(11)
[44.326s][info][gc,heap        ] GC(245) Old regions: 64->70
[44.326s][info][gc,heap        ] GC(245) Humongous regions: 17->17
[44.326s][info][gc,metaspace   ] GC(245) Metaspace: 60771K->60771K(1103872K)
[44.326s][info][gc             ] GC(245) Pause Young (Normal) (G1 Evacuation Pause) 161M->90M(211M) 23.938ms
[44.326s][info][gc,cpu         ] GC(245) User=0.02s Sys=0.00s Real=0.03s
[44.362s][info][gc,start       ] GC(246) Pause Young (Normal) (G1 Evacuation Pause)
[44.362s][info][gc,task        ] GC(246) Using 1 workers of 1 for evacuation
[44.382s][info][gc,phases      ] GC(246)   Pre Evacuate Collection Set: 0.0ms
[44.382s][info][gc,phases      ] GC(246)   Evacuate Collection Set: 19.4ms
[44.383s][info][gc,phases      ] GC(246)   Post Evacuate Collection Set: 0.7ms
[44.383s][info][gc,phases      ] GC(246)   Other: 0.2ms
[44.383s][info][gc,heap        ] GC(246) Eden regions: 72->0(112)
[44.383s][info][gc,heap        ] GC(246) Survivor regions: 6->6(10)
[44.383s][info][gc,heap        ] GC(246) Old regions: 70->76
[44.383s][info][gc,heap        ] GC(246) Humongous regions: 17->17
[44.383s][info][gc,metaspace   ] GC(246) Metaspace: 60771K->60771K(1103872K)
[44.383s][info][gc             ] GC(246) Pause Young (Normal) (G1 Evacuation Pause) 162M->96M(327M) 20.337ms
[44.383s][info][gc,cpu         ] GC(246) User=0.02s Sys=0.00s Real=0.02s
[44.466s][info][gc,start       ] GC(247) Pause Young (Normal) (G1 Evacuation Pause)
[44.466s][info][gc,task        ] GC(247) Using 1 workers of 1 for evacuation
[44.493s][info][gc,phases      ] GC(247)   Pre Evacuate Collection Set: 0.0ms
[44.494s][info][gc,phases      ] GC(247)   Evacuate Collection Set: 27.0ms
[44.494s][info][gc,phases      ] GC(247)   Post Evacuate Collection Set: 0.3ms
[44.494s][info][gc,phases      ] GC(247)   Other: 0.2ms
[44.494s][info][gc,heap        ] GC(247) Eden regions: 112->0(114)
[44.494s][info][gc,heap        ] GC(247) Survivor regions: 6->14(15)
[44.494s][info][gc,heap        ] GC(247) Old regions: 76->76
[44.494s][info][gc,heap        ] GC(247) Humongous regions: 17->17
[44.494s][info][gc,metaspace   ] GC(247) Metaspace: 60771K->60771K(1103872K)
[44.494s][info][gc             ] GC(247) Pause Young (Normal) (G1 Evacuation Pause) 208M->104M(327M) 27.595ms
[44.494s][info][gc,cpu         ] GC(247) User=0.03s Sys=0.00s Real=0.03s
[44.552s][info][gc,start       ] GC(248) Pause Young (Normal) (G1 Evacuation Pause)
[44.552s][info][gc,task        ] GC(248) Using 1 workers of 1 for evacuation
[44.589s][info][gc,phases      ] GC(248)   Pre Evacuate Collection Set: 0.0ms
[44.589s][info][gc,phases      ] GC(248)   Evacuate Collection Set: 37.0ms
[44.589s][info][gc,phases      ] GC(248)   Post Evacuate Collection Set: 0.3ms
[44.589s][info][gc,phases      ] GC(248)   Other: 0.3ms
[44.589s][info][gc,heap        ] GC(248) Eden regions: 114->0(115)
[44.589s][info][gc,heap        ] GC(248) Survivor regions: 14->9(16)
[44.589s][info][gc,heap        ] GC(248) Old regions: 76->90
[44.589s][info][gc,heap        ] GC(248) Humongous regions: 17->17
[44.589s][info][gc,metaspace   ] GC(248) Metaspace: 60771K->60771K(1103872K)
[44.589s][info][gc             ] GC(248) Pause Young (Normal) (G1 Evacuation Pause) 218M->113M(327M) 37.613ms
[44.589s][info][gc,cpu         ] GC(248) User=0.03s Sys=0.00s Real=0.04s
[44.645s][info][gc,start       ] GC(249) Pause Young (Normal) (G1 Evacuation Pause)
[44.645s][info][gc,task        ] GC(249) Using 1 workers of 1 for evacuation
[44.675s][info][gc,phases      ] GC(249)   Pre Evacuate Collection Set: 0.0ms
[44.675s][info][gc,phases      ] GC(249)   Evacuate Collection Set: 30.0ms
[44.675s][info][gc,phases      ] GC(249)   Post Evacuate Collection Set: 0.3ms
[44.675s][info][gc,phases      ] GC(249)   Other: 0.2ms
[44.675s][info][gc,heap        ] GC(249) Eden regions: 115->0(115)
[44.675s][info][gc,heap        ] GC(249) Survivor regions: 9->9(16)
[44.675s][info][gc,heap        ] GC(249) Old regions: 90->99
[44.675s][info][gc,heap        ] GC(249) Humongous regions: 17->17
[44.675s][info][gc,metaspace   ] GC(249) Metaspace: 60771K->60771K(1103872K)
[44.675s][info][gc             ] GC(249) Pause Young (Normal) (G1 Evacuation Pause) 228M->122M(327M) 30.566ms
[44.675s][info][gc,cpu         ] GC(249) User=0.03s Sys=0.00s Real=0.03s
[44.732s][info][gc,start       ] GC(250) Pause Young (Normal) (G1 Evacuation Pause)
[44.732s][info][gc,task        ] GC(250) Using 1 workers of 1 for evacuation
[44.764s][info][gc,phases      ] GC(250)   Pre Evacuate Collection Set: 0.0ms
[44.764s][info][gc,phases      ] GC(250)   Evacuate Collection Set: 31.1ms
[44.764s][info][gc,phases      ] GC(250)   Post Evacuate Collection Set: 0.5ms
[44.764s][info][gc,phases      ] GC(250)   Other: 0.2ms
[44.764s][info][gc,heap        ] GC(250) Eden regions: 115->0(138)
[44.764s][info][gc,heap        ] GC(250) Survivor regions: 9->9(16)
[44.764s][info][gc,heap        ] GC(250) Old regions: 99->108
[44.764s][info][gc,heap        ] GC(250) Humongous regions: 17->17
[44.764s][info][gc,metaspace   ] GC(250) Metaspace: 60771K->60771K(1103872K)
[44.764s][info][gc             ] GC(250) Pause Young (Normal) (G1 Evacuation Pause) 237M->131M(397M) 31.959ms
[44.764s][info][gc,cpu         ] GC(250) User=0.03s Sys=0.00s Real=0.04s
[44.993s][info][gc,start       ] GC(251) Pause Young (Normal) (G1 Evacuation Pause)
[44.993s][info][gc,task        ] GC(251) Using 1 workers of 1 for evacuation
[45.022s][info][gc,phases      ] GC(251)   Pre Evacuate Collection Set: 0.0ms
[45.022s][info][gc,phases      ] GC(251)   Evacuate Collection Set: 27.8ms
[45.022s][info][gc,phases      ] GC(251)   Post Evacuate Collection Set: 0.3ms
[45.022s][info][gc,phases      ] GC(251)   Other: 0.3ms
[45.022s][info][gc,heap        ] GC(251) Eden regions: 138->0(140)
[45.022s][info][gc,heap        ] GC(251) Survivor regions: 9->18(19)
[45.022s][info][gc,heap        ] GC(251) Old regions: 108->108
[45.022s][info][gc,heap        ] GC(251) Humongous regions: 22->17
[45.022s][info][gc,metaspace   ] GC(251) Metaspace: 60829K->60829K(1103872K)
[45.022s][info][gc             ] GC(251) Pause Young (Normal) (G1 Evacuation Pause) 274M->140M(397M) 28.491ms
[45.022s][info][gc,cpu         ] GC(251) User=0.03s Sys=0.00s Real=0.02s
[45.098s][info][gc,start       ] GC(252) Pause Young (Normal) (G1 Evacuation Pause)
[45.098s][info][gc,task        ] GC(252) Using 1 workers of 1 for evacuation
[45.143s][info][gc,phases      ] GC(252)   Pre Evacuate Collection Set: 0.0ms
[45.143s][info][gc,phases      ] GC(252)   Evacuate Collection Set: 44.9ms
[45.143s][info][gc,phases      ] GC(252)   Post Evacuate Collection Set: 0.3ms
[45.143s][info][gc,phases      ] GC(252)   Other: 0.2ms
[45.143s][info][gc,heap        ] GC(252) Eden regions: 140->0(139)
[45.143s][info][gc,heap        ] GC(252) Survivor regions: 18->19(20)
[45.143s][info][gc,heap        ] GC(252) Old regions: 108->117
[45.143s][info][gc,heap        ] GC(252) Humongous regions: 20->20
[45.143s][info][gc,metaspace   ] GC(252) Metaspace: 60829K->60829K(1103872K)
[45.143s][info][gc             ] GC(252) Pause Young (Normal) (G1 Evacuation Pause) 283M->153M(397M) 45.551ms
[45.143s][info][gc,cpu         ] GC(252) User=0.04s Sys=0.00s Real=0.04s
[45.271s][info][gc,start       ] GC(253) Pause Young (Normal) (G1 Evacuation Pause)
[45.271s][info][gc,task        ] GC(253) Using 1 workers of 1 for evacuation
[45.322s][info][gc,phases      ] GC(253)   Pre Evacuate Collection Set: 0.0ms
[45.322s][info][gc,phases      ] GC(253)   Evacuate Collection Set: 50.9ms
[45.322s][info][gc,phases      ] GC(253)   Post Evacuate Collection Set: 0.3ms
[45.322s][info][gc,phases      ] GC(253)   Other: 0.2ms
[45.322s][info][gc,heap        ] GC(253) Eden regions: 139->0(136)
[45.322s][info][gc,heap        ] GC(253) Survivor regions: 19->11(20)
[45.322s][info][gc,heap        ] GC(253) Old regions: 117->136
[45.322s][info][gc,heap        ] GC(253) Humongous regions: 23->23
[45.322s][info][gc,metaspace   ] GC(253) Metaspace: 60829K->60829K(1103872K)
[45.322s][info][gc             ] GC(253) Pause Young (Normal) (G1 Evacuation Pause) 295M->167M(397M) 51.536ms
[45.322s][info][gc,cpu         ] GC(253) User=0.05s Sys=0.00s Real=0.05s
[45.437s][info][gc,start       ] GC(254) Pause Young (Normal) (G1 Evacuation Pause)
[45.437s][info][gc,task        ] GC(254) Using 1 workers of 1 for evacuation
[45.473s][info][gc,phases      ] GC(254)   Pre Evacuate Collection Set: 0.0ms
[45.473s][info][gc,phases      ] GC(254)   Evacuate Collection Set: 35.6ms
[45.473s][info][gc,phases      ] GC(254)   Post Evacuate Collection Set: 0.5ms
[45.473s][info][gc,phases      ] GC(254)   Other: 0.2ms
[45.473s][info][gc,heap        ] GC(254) Eden regions: 136->0(149)
[45.473s][info][gc,heap        ] GC(254) Survivor regions: 11->11(19)
[45.473s][info][gc,heap        ] GC(254) Old regions: 136->146
[45.473s][info][gc,heap        ] GC(254) Humongous regions: 23->23
[45.473s][info][gc,metaspace   ] GC(254) Metaspace: 60829K->60829K(1103872K)
[45.473s][info][gc             ] GC(254) Pause Young (Normal) (G1 Evacuation Pause) 303M->177M(439M) 36.348ms
[45.473s][info][gc,cpu         ] GC(254) User=0.03s Sys=0.00s Real=0.04s
[45.556s][info][gc,start       ] GC(255) Pause Young (Normal) (G1 Evacuation Pause)
[45.556s][info][gc,task        ] GC(255) Using 1 workers of 1 for evacuation
[45.592s][info][gc,phases      ] GC(255)   Pre Evacuate Collection Set: 0.0ms
[45.593s][info][gc,phases      ] GC(255)   Evacuate Collection Set: 36.2ms
[45.593s][info][gc,phases      ] GC(255)   Post Evacuate Collection Set: 0.4ms
[45.593s][info][gc,phases      ] GC(255)   Other: 0.2ms
[45.593s][info][gc,heap        ] GC(255) Eden regions: 149->0(148)
[45.593s][info][gc,heap        ] GC(255) Survivor regions: 11->12(20)
[45.593s][info][gc,heap        ] GC(255) Old regions: 146->157
[45.593s][info][gc,heap        ] GC(255) Humongous regions: 23->23
[45.593s][info][gc,metaspace   ] GC(255) Metaspace: 60829K->60829K(1103872K)
[45.593s][info][gc             ] GC(255) Pause Young (Normal) (G1 Evacuation Pause) 326M->189M(439M) 36.916ms
[45.593s][info][gc,cpu         ] GC(255) User=0.03s Sys=0.00s Real=0.04s
[45.671s][info][gc,start       ] GC(256) Pause Young (Normal) (G1 Evacuation Pause)
[45.671s][info][gc,task        ] GC(256) Using 1 workers of 1 for evacuation
[45.713s][info][gc,phases      ] GC(256)   Pre Evacuate Collection Set: 0.0ms
[45.713s][info][gc,phases      ] GC(256)   Evacuate Collection Set: 41.1ms
[45.713s][info][gc,phases      ] GC(256)   Post Evacuate Collection Set: 0.4ms
[45.713s][info][gc,phases      ] GC(256)   Other: 0.2ms
[45.713s][info][gc,heap        ] GC(256) Eden regions: 148->0(143)
[45.713s][info][gc,heap        ] GC(256) Survivor regions: 12->12(20)
[45.713s][info][gc,heap        ] GC(256) Old regions: 157->168
[45.713s][info][gc,heap        ] GC(256) Humongous regions: 28->28
[45.713s][info][gc,metaspace   ] GC(256) Metaspace: 60829K->60829K(1103872K)
[45.713s][info][gc             ] GC(256) Pause Young (Normal) (G1 Evacuation Pause) 342M->205M(439M) 41.725ms
[45.713s][info][gc,cpu         ] GC(256) User=0.04s Sys=0.00s Real=0.05s
[45.784s][info][gc,start       ] GC(257) Pause Young (Normal) (G1 Evacuation Pause)
[45.784s][info][gc,task        ] GC(257) Using 1 workers of 1 for evacuation
[45.821s][info][gc,phases      ] GC(257)   Pre Evacuate Collection Set: 0.0ms
[45.821s][info][gc,phases      ] GC(257)   Evacuate Collection Set: 36.4ms
[45.821s][info][gc,phases      ] GC(257)   Post Evacuate Collection Set: 0.3ms
[45.821s][info][gc,phases      ] GC(257)   Other: 0.2ms
[45.821s][info][gc,heap        ] GC(257) Eden regions: 143->0(140)
[45.821s][info][gc,heap        ] GC(257) Survivor regions: 12->11(20)
[45.821s][info][gc,heap        ] GC(257) Old regions: 168->180
[45.821s][info][gc,heap        ] GC(257) Humongous regions: 28->28
[45.821s][info][gc,metaspace   ] GC(257) Metaspace: 60829K->60829K(1103872K)
[45.821s][info][gc             ] GC(257) Pause Young (Normal) (G1 Evacuation Pause) 348M->216M(439M) 37.014ms
[45.821s][info][gc,cpu         ] GC(257) User=0.03s Sys=0.00s Real=0.03s
[45.921s][info][gc,start       ] GC(258) Pause Young (Concurrent Start) (G1 Evacuation Pause)
[45.921s][info][gc,task        ] GC(258) Using 1 workers of 1 for evacuation
[45.957s][info][gc,phases      ] GC(258)   Pre Evacuate Collection Set: 0.3ms
[45.957s][info][gc,phases      ] GC(258)   Evacuate Collection Set: 35.2ms
[45.957s][info][gc,phases      ] GC(258)   Post Evacuate Collection Set: 0.4ms
[45.957s][info][gc,phases      ] GC(258)   Other: 0.2ms
[45.957s][info][gc,heap        ] GC(258) Eden regions: 140->0(144)
[45.957s][info][gc,heap        ] GC(258) Survivor regions: 11->11(19)
[45.957s][info][gc,heap        ] GC(258) Old regions: 180->191
[45.957s][info][gc,heap        ] GC(258) Humongous regions: 28->28
[45.957s][info][gc,metaspace   ] GC(258) Metaspace: 60829K->60829K(1103872K)
[45.957s][info][gc             ] GC(258) Pause Young (Concurrent Start) (G1 Evacuation Pause) 356M->227M(460M) 36.259ms
[45.957s][info][gc,cpu         ] GC(258) User=0.04s Sys=0.00s Real=0.04s
[45.957s][info][gc             ] GC(259) Concurrent Cycle
[45.957s][info][gc,marking     ] GC(259) Concurrent Clear Claimed Marks
[45.958s][info][gc,marking     ] GC(259) Concurrent Clear Claimed Marks 0.283ms
[45.958s][info][gc,marking     ] GC(259) Concurrent Scan Root Regions
[45.966s][info][gc,marking     ] GC(259) Concurrent Scan Root Regions 8.709ms
[45.966s][info][gc,marking     ] GC(259) Concurrent Mark (45.966s)
[45.967s][info][gc,marking     ] GC(259) Concurrent Mark From Roots
[45.967s][info][gc,task        ] GC(259) Using 1 workers of 1 for marking
[46.115s][info][gc,start       ] GC(260) Pause Young (Normal) (G1 Evacuation Pause)
[46.115s][info][gc,task        ] GC(260) Using 1 workers of 1 for evacuation
[46.163s][info][gc,phases      ] GC(260)   Pre Evacuate Collection Set: 0.0ms
[46.163s][info][gc,phases      ] GC(260)   Evacuate Collection Set: 47.5ms
[46.163s][info][gc,phases      ] GC(260)   Post Evacuate Collection Set: 0.7ms
[46.163s][info][gc,phases      ] GC(260)   Other: 0.2ms
[46.163s][info][gc,heap        ] GC(260) Eden regions: 144->0(140)
[46.163s][info][gc,heap        ] GC(260) Survivor regions: 11->11(20)
[46.163s][info][gc,heap        ] GC(260) Old regions: 191->202
[46.163s][info][gc,heap        ] GC(260) Humongous regions: 28->28
[46.163s][info][gc,metaspace   ] GC(260) Metaspace: 60829K->60829K(1103872K)
[46.164s][info][gc             ] GC(260) Pause Young (Normal) (G1 Evacuation Pause) 371M->238M(460M) 48.702ms
[46.164s][info][gc,cpu         ] GC(260) User=0.05s Sys=0.00s Real=0.04s
[46.251s][info][gc,marking     ] GC(259) Concurrent Mark From Roots 284.060ms
[46.251s][info][gc,marking     ] GC(259) Concurrent Preclean
[46.251s][info][gc,marking     ] GC(259) Concurrent Preclean 0.078ms
[46.251s][info][gc,marking     ] GC(259) Concurrent Mark (45.966s, 46.251s) 284.237ms
[46.255s][info][gc,start       ] GC(259) Pause Remark
[46.285s][info][gc,stringtable ] GC(259) Cleaned string and symbol table, strings: 21696 processed, 16 removed, symbols: 131588 processed, 0 removed
[46.285s][info][gc             ] GC(259) Pause Remark 260M->153M(460M) 30.331ms
[46.285s][info][gc,cpu         ] GC(259) User=0.03s Sys=0.00s Real=0.03s
[46.285s][info][gc,marking     ] GC(259) Concurrent Rebuild Remembered Sets
[46.513s][info][gc,marking     ] GC(259) Concurrent Rebuild Remembered Sets 227.290ms
[46.516s][info][gc,start       ] GC(259) Pause Cleanup
[46.516s][info][gc             ] GC(259) Pause Cleanup 244M->244M(460M) 0.163ms
[46.516s][info][gc,cpu         ] GC(259) User=0.00s Sys=0.00s Real=0.00s
[46.516s][info][gc,marking     ] GC(259) Concurrent Cleanup for Next Mark
[46.518s][info][gc,marking     ] GC(259) Concurrent Cleanup for Next Mark 1.429ms
[46.518s][info][gc             ] GC(259) Concurrent Cycle 560.466ms
[46.546s][info][gc,start       ] GC(261) Pause Young (Normal) (G1 Evacuation Pause)
[46.546s][info][gc,task        ] GC(261) Using 1 workers of 1 for evacuation
[46.562s][info][gc,phases      ] GC(261)   Pre Evacuate Collection Set: 0.0ms
[46.562s][info][gc,phases      ] GC(261)   Evacuate Collection Set: 15.3ms
[46.562s][info][gc,phases      ] GC(261)   Post Evacuate Collection Set: 0.3ms
[46.562s][info][gc,phases      ] GC(261)   Other: 0.2ms
[46.562s][info][gc,heap        ] GC(261) Eden regions: 140->0(183)
[46.562s][info][gc,heap        ] GC(261) Survivor regions: 11->1(19)
[46.562s][info][gc,heap        ] GC(261) Old regions: 112->123
[46.562s][info][gc,heap        ] GC(261) Humongous regions: 11->11
[46.562s][info][gc,metaspace   ] GC(261) Metaspace: 60839K->60839K(1103872K)
[46.562s][info][gc             ] GC(261) Pause Young (Normal) (G1 Evacuation Pause) 271M->132M(460M) 15.871ms
[46.562s][info][gc,cpu         ] GC(261) User=0.02s Sys=0.00s Real=0.01s
[46.754s][info][gc,start       ] GC(262) Pause Young (Normal) (G1 Evacuation Pause)
[46.754s][info][gc,task        ] GC(262) Using 1 workers of 1 for evacuation
[46.756s][info][gc,phases      ] GC(262)   Pre Evacuate Collection Set: 0.0ms
[46.756s][info][gc,phases      ] GC(262)   Evacuate Collection Set: 1.5ms
[46.756s][info][gc,phases      ] GC(262)   Post Evacuate Collection Set: 0.3ms
[46.756s][info][gc,phases      ] GC(262)   Other: 0.3ms
[46.756s][info][gc,heap        ] GC(262) Eden regions: 183->0(191)
[46.756s][info][gc,heap        ] GC(262) Survivor regions: 1->1(23)
[46.756s][info][gc,heap        ] GC(262) Old regions: 123->123
[46.756s][info][gc,heap        ] GC(262) Humongous regions: 11->11
[46.756s][info][gc,metaspace   ] GC(262) Metaspace: 60839K->60839K(1103872K)
[46.756s][info][gc             ] GC(262) Pause Young (Normal) (G1 Evacuation Pause) 315M->132M(460M) 2.256ms
[46.756s][info][gc,cpu         ] GC(262) User=0.00s Sys=0.00s Real=0.00s
[46.971s][info][gc,start       ] GC(263) Pause Young (Normal) (G1 Evacuation Pause)
[46.971s][info][gc,task        ] GC(263) Using 1 workers of 1 for evacuation
[46.973s][info][gc,phases      ] GC(263)   Pre Evacuate Collection Set: 0.0ms
[46.973s][info][gc,phases      ] GC(263)   Evacuate Collection Set: 1.5ms
[46.973s][info][gc,phases      ] GC(263)   Post Evacuate Collection Set: 0.3ms
[46.973s][info][gc,phases      ] GC(263)   Other: 0.3ms
[46.973s][info][gc,heap        ] GC(263) Eden regions: 191->0(201)
[46.973s][info][gc,heap        ] GC(263) Survivor regions: 1->1(24)
[46.973s][info][gc,heap        ] GC(263) Old regions: 123->123
[46.973s][info][gc,heap        ] GC(263) Humongous regions: 11->11
[46.973s][info][gc,metaspace   ] GC(263) Metaspace: 60839K->60839K(1103872K)
[46.973s][info][gc             ] GC(263) Pause Young (Normal) (G1 Evacuation Pause) 323M->132M(460M) 2.130ms
[46.973s][info][gc,cpu         ] GC(263) User=0.00s Sys=0.00s Real=0.01s
[47.176s][info][gc,start       ] GC(264) Pause Young (Normal) (G1 Evacuation Pause)
[47.176s][info][gc,task        ] GC(264) Using 1 workers of 1 for evacuation
[47.178s][info][gc,phases      ] GC(264)   Pre Evacuate Collection Set: 0.0ms
[47.178s][info][gc,phases      ] GC(264)   Evacuate Collection Set: 1.5ms
[47.178s][info][gc,phases      ] GC(264)   Post Evacuate Collection Set: 0.3ms
[47.178s][info][gc,phases      ] GC(264)   Other: 0.3ms
[47.178s][info][gc,heap        ] GC(264) Eden regions: 201->0(210)
[47.178s][info][gc,heap        ] GC(264) Survivor regions: 1->1(26)
[47.178s][info][gc,heap        ] GC(264) Old regions: 123->123
[47.178s][info][gc,heap        ] GC(264) Humongous regions: 11->11
[47.178s][info][gc,metaspace   ] GC(264) Metaspace: 60839K->60839K(1103872K)
[47.178s][info][gc             ] GC(264) Pause Young (Normal) (G1 Evacuation Pause) 333M->132M(460M) 2.215ms
[47.178s][info][gc,cpu         ] GC(264) User=0.00s Sys=0.00s Real=0.00s
[47.408s][info][gc,start       ] GC(265) Pause Young (Normal) (G1 Evacuation Pause)
[47.408s][info][gc,task        ] GC(265) Using 1 workers of 1 for evacuation
[47.410s][info][gc,phases      ] GC(265)   Pre Evacuate Collection Set: 0.0ms
[47.410s][info][gc,phases      ] GC(265)   Evacuate Collection Set: 1.5ms
[47.410s][info][gc,phases      ] GC(265)   Post Evacuate Collection Set: 0.3ms
[47.410s][info][gc,phases      ] GC(265)   Other: 0.3ms
[47.410s][info][gc,heap        ] GC(265) Eden regions: 210->0(218)
[47.410s][info][gc,heap        ] GC(265) Survivor regions: 1->1(27)
[47.410s][info][gc,heap        ] GC(265) Old regions: 123->123
[47.410s][info][gc,heap        ] GC(265) Humongous regions: 11->11
[47.410s][info][gc,metaspace   ] GC(265) Metaspace: 60839K->60839K(1103872K)
[47.410s][info][gc             ] GC(265) Pause Young (Normal) (G1 Evacuation Pause) 342M->131M(460M) 2.149ms
[47.410s][info][gc,cpu         ] GC(265) User=0.00s Sys=0.00s Real=0.00s
[47.634s][info][gc,start       ] GC(266) Pause Young (Normal) (G1 Evacuation Pause)
[47.634s][info][gc,task        ] GC(266) Using 1 workers of 1 for evacuation
[47.638s][info][gc,phases      ] GC(266)   Pre Evacuate Collection Set: 0.0ms
[47.638s][info][gc,phases      ] GC(266)   Evacuate Collection Set: 3.7ms
[47.638s][info][gc,phases      ] GC(266)   Post Evacuate Collection Set: 0.3ms
[47.638s][info][gc,phases      ] GC(266)   Other: 0.3ms
[47.638s][info][gc,heap        ] GC(266) Eden regions: 218->0(226)
[47.638s][info][gc,heap        ] GC(266) Survivor regions: 1->1(28)
[47.638s][info][gc,heap        ] GC(266) Old regions: 123->123
[47.638s][info][gc,heap        ] GC(266) Humongous regions: 11->11
[47.638s][info][gc,metaspace   ] GC(266) Metaspace: 60839K->60839K(1103872K)
[47.638s][info][gc             ] GC(266) Pause Young (Normal) (G1 Evacuation Pause) 349M->131M(460M) 4.309ms
[47.639s][info][gc,cpu         ] GC(266) User=0.00s Sys=0.00s Real=0.00s
[47.914s][info][gc,start       ] GC(267) Pause Young (Normal) (G1 Evacuation Pause)
[47.914s][info][gc,task        ] GC(267) Using 1 workers of 1 for evacuation
[47.916s][info][gc,phases      ] GC(267)   Pre Evacuate Collection Set: 0.0ms
[47.916s][info][gc,phases      ] GC(267)   Evacuate Collection Set: 1.5ms
[47.916s][info][gc,phases      ] GC(267)   Post Evacuate Collection Set: 0.3ms
[47.916s][info][gc,phases      ] GC(267)   Other: 0.3ms
[47.916s][info][gc,heap        ] GC(267) Eden regions: 226->0(233)
[47.916s][info][gc,heap        ] GC(267) Survivor regions: 1->1(29)
[47.916s][info][gc,heap        ] GC(267) Old regions: 123->123
[47.916s][info][gc,heap        ] GC(267) Humongous regions: 11->11
[47.916s][info][gc,metaspace   ] GC(267) Metaspace: 60839K->60839K(1103872K)
[47.916s][info][gc             ] GC(267) Pause Young (Normal) (G1 Evacuation Pause) 357M->131M(460M) 2.135ms
[47.916s][info][gc,cpu         ] GC(267) User=0.00s Sys=0.00s Real=0.00s
[48.121s][info][gc,start       ] GC(268) Pause Young (Normal) (G1 Evacuation Pause)
[48.121s][info][gc,task        ] GC(268) Using 1 workers of 1 for evacuation
[48.123s][info][gc,phases      ] GC(268)   Pre Evacuate Collection Set: 0.0ms
[48.123s][info][gc,phases      ] GC(268)   Evacuate Collection Set: 1.5ms
[48.123s][info][gc,phases      ] GC(268)   Post Evacuate Collection Set: 0.3ms
[48.123s][info][gc,phases      ] GC(268)   Other: 0.2ms
[48.123s][info][gc,heap        ] GC(268) Eden regions: 233->0(240)
[48.123s][info][gc,heap        ] GC(268) Survivor regions: 1->1(30)
[48.123s][info][gc,heap        ] GC(268) Old regions: 123->123
[48.123s][info][gc,heap        ] GC(268) Humongous regions: 11->11
[48.123s][info][gc,metaspace   ] GC(268) Metaspace: 60839K->60839K(1103872K)
[48.123s][info][gc             ] GC(268) Pause Young (Normal) (G1 Evacuation Pause) 364M->131M(460M) 2.102ms
[48.123s][info][gc,cpu         ] GC(268) User=0.01s Sys=0.00s Real=0.00s
[48.321s][info][gc,start       ] GC(269) Pause Young (Normal) (G1 Evacuation Pause)
[48.321s][info][gc,task        ] GC(269) Using 1 workers of 1 for evacuation
[48.323s][info][gc,phases      ] GC(269)   Pre Evacuate Collection Set: 0.0ms
[48.323s][info][gc,phases      ] GC(269)   Evacuate Collection Set: 1.7ms
[48.323s][info][gc,phases      ] GC(269)   Post Evacuate Collection Set: 0.3ms
[48.323s][info][gc,phases      ] GC(269)   Other: 0.2ms
[48.323s][info][gc,heap        ] GC(269) Eden regions: 240->0(245)
[48.323s][info][gc,heap        ] GC(269) Survivor regions: 1->1(31)
[48.323s][info][gc,heap        ] GC(269) Old regions: 123->123
[48.323s][info][gc,heap        ] GC(269) Humongous regions: 11->11
[48.323s][info][gc,metaspace   ] GC(269) Metaspace: 60839K->60839K(1103872K)
[48.323s][info][gc             ] GC(269) Pause Young (Normal) (G1 Evacuation Pause) 371M->132M(460M) 2.357ms
[48.323s][info][gc,cpu         ] GC(269) User=0.01s Sys=0.00s Real=0.00s
[48.514s][info][gc,start       ] GC(270) Pause Young (Normal) (G1 Evacuation Pause)
[48.514s][info][gc,task        ] GC(270) Using 1 workers of 1 for evacuation
[48.516s][info][gc,phases      ] GC(270)   Pre Evacuate Collection Set: 0.0ms
[48.516s][info][gc,phases      ] GC(270)   Evacuate Collection Set: 1.5ms
[48.516s][info][gc,phases      ] GC(270)   Post Evacuate Collection Set: 0.3ms
[48.516s][info][gc,phases      ] GC(270)   Other: 0.2ms
[48.516s][info][gc,heap        ] GC(270) Eden regions: 245->0(250)
[48.516s][info][gc,heap        ] GC(270) Survivor regions: 1->1(31)
[48.516s][info][gc,heap        ] GC(270) Old regions: 123->123
[48.516s][info][gc,heap        ] GC(270) Humongous regions: 11->11
[48.516s][info][gc,metaspace   ] GC(270) Metaspace: 60839K->60839K(1103872K)
[48.516s][info][gc             ] GC(270) Pause Young (Normal) (G1 Evacuation Pause) 377M->131M(460M) 2.085ms
[48.516s][info][gc,cpu         ] GC(270) User=0.00s Sys=0.00s Real=0.00s
[48.714s][info][gc,start       ] GC(271) Pause Young (Normal) (G1 Evacuation Pause)
[48.714s][info][gc,task        ] GC(271) Using 1 workers of 1 for evacuation
[48.716s][info][gc,phases      ] GC(271)   Pre Evacuate Collection Set: 0.0ms
[48.716s][info][gc,phases      ] GC(271)   Evacuate Collection Set: 1.6ms
[48.716s][info][gc,phases      ] GC(271)   Post Evacuate Collection Set: 0.3ms
[48.716s][info][gc,phases      ] GC(271)   Other: 0.3ms
[48.716s][info][gc,heap        ] GC(271) Eden regions: 250->0(254)
[48.716s][info][gc,heap        ] GC(271) Survivor regions: 1->1(32)
[48.716s][info][gc,heap        ] GC(271) Old regions: 123->123
[48.716s][info][gc,heap        ] GC(271) Humongous regions: 11->11
[48.716s][info][gc,metaspace   ] GC(271) Metaspace: 60839K->60839K(1103872K)
[48.716s][info][gc             ] GC(271) Pause Young (Normal) (G1 Evacuation Pause) 381M->132M(460M) 2.215ms
[48.716s][info][gc,cpu         ] GC(271) User=0.01s Sys=0.00s Real=0.00s
[48.912s][info][gc,start       ] GC(272) Pause Young (Normal) (G1 Evacuation Pause)
[48.912s][info][gc,task        ] GC(272) Using 1 workers of 1 for evacuation
[48.914s][info][gc,phases      ] GC(272)   Pre Evacuate Collection Set: 0.0ms
[48.914s][info][gc,phases      ] GC(272)   Evacuate Collection Set: 1.5ms
[48.914s][info][gc,phases      ] GC(272)   Post Evacuate Collection Set: 0.3ms
[48.914s][info][gc,phases      ] GC(272)   Other: 0.3ms
[48.914s][info][gc,heap        ] GC(272) Eden regions: 254->0(258)
[48.914s][info][gc,heap        ] GC(272) Survivor regions: 1->1(32)
[48.914s][info][gc,heap        ] GC(272) Old regions: 123->123
[48.914s][info][gc,heap        ] GC(272) Humongous regions: 11->11
[48.914s][info][gc,metaspace   ] GC(272) Metaspace: 60839K->60839K(1103872K)
[48.914s][info][gc             ] GC(272) Pause Young (Normal) (G1 Evacuation Pause) 386M->132M(460M) 2.170ms
[48.914s][info][gc,cpu         ] GC(272) User=0.00s Sys=0.00s Real=0.01s
[49.164s][info][gc,task        ] GC(273) Using 1 workers of 1 for full compaction
[49.165s][info][gc,start       ] GC(273) Pause Full (System.gc())
[49.165s][info][gc,phases,start] GC(273) Phase 1: Mark live objects
[49.212s][info][gc,stringtable ] GC(273) Cleaned string and symbol table, strings: 21704 processed, 10 removed, symbols: 131588 processed, 0 removed
[49.212s][info][gc,phases      ] GC(273) Phase 1: Mark live objects 46.910ms
[49.212s][info][gc,phases,start] GC(273) Phase 2: Prepare for compaction
[49.217s][info][gc,phases      ] GC(273) Phase 2: Prepare for compaction 4.885ms
[49.217s][info][gc,phases,start] GC(273) Phase 3: Adjust pointers
[49.245s][info][gc,phases      ] GC(273) Phase 3: Adjust pointers 28.066ms
[49.245s][info][gc,phases,start] GC(273) Phase 4: Compact heap
[49.250s][info][gc,phases      ] GC(273) Phase 4: Compact heap 4.316ms
[49.266s][info][gc,heap        ] GC(273) Eden regions: 253->0(59)
[49.266s][info][gc,heap        ] GC(273) Survivor regions: 1->0(32)
[49.266s][info][gc,heap        ] GC(273) Old regions: 123->24
[49.266s][info][gc,heap        ] GC(273) Humongous regions: 16->6
[49.266s][info][gc,metaspace   ] GC(273) Metaspace: 60850K->60850K(1103872K)
[49.266s][info][gc             ] GC(273) Pause Full (System.gc()) 390M->28M(100M) 101.820ms
[49.266s][info][gc,cpu         ] GC(273) User=0.07s Sys=0.02s Real=0.10s
[49.393s][info][gc,start       ] GC(274) Pause Young (Normal) (G1 Evacuation Pause)
[49.394s][info][gc,task        ] GC(274) Using 1 workers of 1 for evacuation
[49.401s][info][gc,phases      ] GC(274)   Pre Evacuate Collection Set: 0.0ms
[49.401s][info][gc,phases      ] GC(274)   Evacuate Collection Set: 6.9ms
[49.401s][info][gc,phases      ] GC(274)   Post Evacuate Collection Set: 0.3ms
[49.401s][info][gc,phases      ] GC(274)   Other: 0.3ms
[49.401s][info][gc,heap        ] GC(274) Eden regions: 59->0(52)
[49.401s][info][gc,heap        ] GC(274) Survivor regions: 0->4(8)
[49.401s][info][gc,heap        ] GC(274) Old regions: 24->24
[49.401s][info][gc,heap        ] GC(274) Humongous regions: 11->6
[49.401s][info][gc,metaspace   ] GC(274) Metaspace: 60895K->60895K(1103872K)
[49.401s][info][gc             ] GC(274) Pause Young (Normal) (G1 Evacuation Pause) 92M->31M(100M) 7.511ms
[49.401s][info][gc,cpu         ] GC(274) User=0.01s Sys=0.00s Real=0.00s
[49.429s][info][gc,start       ] GC(275) Pause Young (Normal) (G1 Evacuation Pause)
[49.429s][info][gc,task        ] GC(275) Using 1 workers of 1 for evacuation
[49.441s][info][gc,phases      ] GC(275)   Pre Evacuate Collection Set: 0.0ms
[49.441s][info][gc,phases      ] GC(275)   Evacuate Collection Set: 12.2ms
[49.441s][info][gc,phases      ] GC(275)   Post Evacuate Collection Set: 0.2ms
[49.441s][info][gc,phases      ] GC(275)   Other: 0.2ms
[49.441s][info][gc,heap        ] GC(275) Eden regions: 52->0(45)
[49.441s][info][gc,heap        ] GC(275) Survivor regions: 4->7(7)
[49.441s][info][gc,heap        ] GC(275) Old regions: 24->24
[49.441s][info][gc,heap        ] GC(275) Humongous regions: 7->7
[49.441s][info][gc,metaspace   ] GC(275) Metaspace: 60895K->60895K(1103872K)
[49.442s][info][gc             ] GC(275) Pause Young (Normal) (G1 Evacuation Pause) 84M->36M(100M) 12.686ms
[49.442s][info][gc,cpu         ] GC(275) User=0.01s Sys=0.00s Real=0.01s
[49.467s][info][gc,start       ] GC(276) Pause Young (Normal) (G1 Evacuation Pause)
[49.467s][info][gc,task        ] GC(276) Using 1 workers of 1 for evacuation
[49.495s][info][gc,phases      ] GC(276)   Pre Evacuate Collection Set: 0.0ms
[49.495s][info][gc,phases      ] GC(276)   Evacuate Collection Set: 26.8ms
[49.495s][info][gc,phases      ] GC(276)   Post Evacuate Collection Set: 0.2ms
[49.495s][info][gc,phases      ] GC(276)   Other: 0.3ms
[49.495s][info][gc,heap        ] GC(276) Eden regions: 45->0(42)
[49.495s][info][gc,heap        ] GC(276) Survivor regions: 7->4(7)
[49.495s][info][gc,heap        ] GC(276) Old regions: 24->31
[49.495s][info][gc,heap        ] GC(276) Humongous regions: 7->7
[49.495s][info][gc,metaspace   ] GC(276) Metaspace: 60895K->60895K(1103872K)
[49.495s][info][gc             ] GC(276) Pause Young (Normal) (G1 Evacuation Pause) 81M->39M(100M) 27.383ms
[49.495s][info][gc,cpu         ] GC(276) User=0.03s Sys=0.00s Real=0.03s
[49.518s][info][gc,start       ] GC(277) Pause Young (Normal) (G1 Evacuation Pause)
[49.518s][info][gc,task        ] GC(277) Using 1 workers of 1 for evacuation
[49.531s][info][gc,phases      ] GC(277)   Pre Evacuate Collection Set: 0.0ms
[49.531s][info][gc,phases      ] GC(277)   Evacuate Collection Set: 12.8ms
[49.531s][info][gc,phases      ] GC(277)   Post Evacuate Collection Set: 0.2ms
[49.531s][info][gc,phases      ] GC(277)   Other: 0.2ms
[49.531s][info][gc,heap        ] GC(277) Eden regions: 42->0(36)
[49.531s][info][gc,heap        ] GC(277) Survivor regions: 4->4(6)
[49.531s][info][gc,heap        ] GC(277) Old regions: 31->35
[49.531s][info][gc,heap        ] GC(277) Humongous regions: 9->9
[49.531s][info][gc,metaspace   ] GC(277) Metaspace: 60895K->60895K(1103872K)
[49.531s][info][gc             ] GC(277) Pause Young (Normal) (G1 Evacuation Pause) 83M->45M(100M) 13.224ms
[49.531s][info][gc,cpu         ] GC(277) User=0.02s Sys=0.00s Real=0.01s
[49.551s][info][gc,start       ] GC(278) Pause Young (Normal) (G1 Evacuation Pause)
[49.551s][info][gc,task        ] GC(278) Using 1 workers of 1 for evacuation
[49.562s][info][gc,phases      ] GC(278)   Pre Evacuate Collection Set: 0.0ms
[49.562s][info][gc,phases      ] GC(278)   Evacuate Collection Set: 10.8ms
[49.562s][info][gc,phases      ] GC(278)   Post Evacuate Collection Set: 0.5ms
[49.562s][info][gc,phases      ] GC(278)   Other: 0.2ms
[49.562s][info][gc,heap        ] GC(278) Eden regions: 36->0(65)
[49.562s][info][gc,heap        ] GC(278) Survivor regions: 4->3(5)
[49.562s][info][gc,heap        ] GC(278) Old regions: 35->38
[49.562s][info][gc,heap        ] GC(278) Humongous regions: 9->9
[49.562s][info][gc,metaspace   ] GC(278) Metaspace: 60895K->60895K(1103872K)
[49.562s][info][gc             ] GC(278) Pause Young (Normal) (G1 Evacuation Pause) 81M->48M(152M) 11.483ms
[49.562s][info][gc,cpu         ] GC(278) User=0.01s Sys=0.00s Real=0.01s
[49.608s][info][gc,start       ] GC(279) Pause Young (Normal) (G1 Evacuation Pause)
[49.608s][info][gc,task        ] GC(279) Using 1 workers of 1 for evacuation
[49.623s][info][gc,phases      ] GC(279)   Pre Evacuate Collection Set: 0.0ms
[49.623s][info][gc,phases      ] GC(279)   Evacuate Collection Set: 14.3ms
[49.623s][info][gc,phases      ] GC(279)   Post Evacuate Collection Set: 0.2ms
[49.623s][info][gc,phases      ] GC(279)   Other: 0.3ms
[49.623s][info][gc,heap        ] GC(279) Eden regions: 65->0(63)
[49.623s][info][gc,heap        ] GC(279) Survivor regions: 3->8(9)
[49.623s][info][gc,heap        ] GC(279) Old regions: 38->38
[49.623s][info][gc,heap        ] GC(279) Humongous regions: 9->9
[49.623s][info][gc,metaspace   ] GC(279) Metaspace: 60895K->60895K(1103872K)
[49.623s][info][gc             ] GC(279) Pause Young (Normal) (G1 Evacuation Pause) 113M->53M(152M) 14.966ms
[49.623s][info][gc,cpu         ] GC(279) User=0.02s Sys=0.00s Real=0.01s
[49.656s][info][gc,start       ] GC(280) Pause Young (Normal) (G1 Evacuation Pause)
[49.656s][info][gc,task        ] GC(280) Using 1 workers of 1 for evacuation
[49.679s][info][gc,phases      ] GC(280)   Pre Evacuate Collection Set: 0.0ms
[49.679s][info][gc,phases      ] GC(280)   Evacuate Collection Set: 22.6ms
[49.679s][info][gc,phases      ] GC(280)   Post Evacuate Collection Set: 0.2ms
[49.679s][info][gc,phases      ] GC(280)   Other: 0.2ms
[49.679s][info][gc,heap        ] GC(280) Eden regions: 63->0(58)
[49.680s][info][gc,heap        ] GC(280) Survivor regions: 8->5(9)
[49.680s][info][gc,heap        ] GC(280) Old regions: 38->46
[49.680s][info][gc,heap        ] GC(280) Humongous regions: 12->12
[49.680s][info][gc,metaspace   ] GC(280) Metaspace: 60895K->60895K(1103872K)
[49.680s][info][gc             ] GC(280) Pause Young (Normal) (G1 Evacuation Pause) 119M->61M(152M) 23.198ms
[49.680s][info][gc,cpu         ] GC(280) User=0.02s Sys=0.00s Real=0.02s
[49.708s][info][gc,start       ] GC(281) Pause Young (Normal) (G1 Evacuation Pause)
[49.708s][info][gc,task        ] GC(281) Using 1 workers of 1 for evacuation
[49.725s][info][gc,phases      ] GC(281)   Pre Evacuate Collection Set: 0.0ms
[49.725s][info][gc,phases      ] GC(281)   Evacuate Collection Set: 16.2ms
[49.725s][info][gc,phases      ] GC(281)   Post Evacuate Collection Set: 0.3ms
[49.725s][info][gc,phases      ] GC(281)   Other: 0.2ms
[49.725s][info][gc,heap        ] GC(281) Eden regions: 58->0(55)
[49.725s][info][gc,heap        ] GC(281) Survivor regions: 5->5(8)
[49.725s][info][gc,heap        ] GC(281) Old regions: 46->51
[49.725s][info][gc,heap        ] GC(281) Humongous regions: 12->12
[49.725s][info][gc,metaspace   ] GC(281) Metaspace: 60895K->60895K(1103872K)
[49.725s][info][gc             ] GC(281) Pause Young (Normal) (G1 Evacuation Pause) 119M->65M(152M) 16.694ms
[49.725s][info][gc,cpu         ] GC(281) User=0.02s Sys=0.00s Real=0.02s
[49.752s][info][gc,start       ] GC(282) Pause Young (Normal) (G1 Evacuation Pause)
[49.752s][info][gc,task        ] GC(282) Using 1 workers of 1 for evacuation
[49.774s][info][gc,phases      ] GC(282)   Pre Evacuate Collection Set: 0.0ms
[49.774s][info][gc,phases      ] GC(282)   Evacuate Collection Set: 20.4ms
[49.774s][info][gc,phases      ] GC(282)   Post Evacuate Collection Set: 0.5ms
[49.774s][info][gc,phases      ] GC(282)   Other: 0.2ms
[49.774s][info][gc,heap        ] GC(282) Eden regions: 55->0(84)
[49.774s][info][gc,heap        ] GC(282) Survivor regions: 5->5(8)
[49.774s][info][gc,heap        ] GC(282) Old regions: 51->55
[49.774s][info][gc,heap        ] GC(282) Humongous regions: 12->12
[49.774s][info][gc,metaspace   ] GC(282) Metaspace: 60895K->60895K(1103872K)
[49.774s][info][gc             ] GC(282) Pause Young (Normal) (G1 Evacuation Pause) 120M->69M(222M) 21.229ms
[49.774s][info][gc,cpu         ] GC(282) User=0.03s Sys=0.00s Real=0.02s
[49.833s][info][gc,start       ] GC(283) Pause Young (Normal) (G1 Evacuation Pause)
[49.833s][info][gc,task        ] GC(283) Using 1 workers of 1 for evacuation
[49.857s][info][gc,phases      ] GC(283)   Pre Evacuate Collection Set: 0.0ms
[49.857s][info][gc,phases      ] GC(283)   Evacuate Collection Set: 22.8ms
[49.857s][info][gc,phases      ] GC(283)   Post Evacuate Collection Set: 0.3ms
[49.857s][info][gc,phases      ] GC(283)   Other: 0.2ms
[49.857s][info][gc,heap        ] GC(283) Eden regions: 84->0(84)
[49.857s][info][gc,heap        ] GC(283) Survivor regions: 5->11(12)
[49.857s][info][gc,heap        ] GC(283) Old regions: 55->55
[49.857s][info][gc,heap        ] GC(283) Humongous regions: 12->12
[49.857s][info][gc,metaspace   ] GC(283) Metaspace: 60895K->60895K(1103872K)
[49.857s][info][gc             ] GC(283) Pause Young (Normal) (G1 Evacuation Pause) 153M->76M(222M) 23.376ms
[49.857s][info][gc,cpu         ] GC(283) User=0.02s Sys=0.00s Real=0.02s
[49.898s][info][gc,start       ] GC(284) Pause Young (Normal) (G1 Evacuation Pause)
[49.898s][info][gc,task        ] GC(284) Using 1 workers of 1 for evacuation
[49.925s][info][gc,phases      ] GC(284)   Pre Evacuate Collection Set: 0.0ms
[49.925s][info][gc,phases      ] GC(284)   Evacuate Collection Set: 26.4ms
[49.925s][info][gc,phases      ] GC(284)   Post Evacuate Collection Set: 0.3ms
[49.925s][info][gc,phases      ] GC(284)   Other: 0.2ms
[49.925s][info][gc,heap        ] GC(284) Eden regions: 84->0(83)
[49.925s][info][gc,heap        ] GC(284) Survivor regions: 11->7(12)
[49.925s][info][gc,heap        ] GC(284) Old regions: 55->66
[49.925s][info][gc,heap        ] GC(284) Humongous regions: 12->12
[49.925s][info][gc,metaspace   ] GC(284) Metaspace: 60895K->60895K(1103872K)
[49.925s][info][gc             ] GC(284) Pause Young (Normal) (G1 Evacuation Pause) 160M->82M(222M) 26.885ms
[49.925s][info][gc,cpu         ] GC(284) User=0.02s Sys=0.00s Real=0.03s
[49.968s][info][gc,start       ] GC(285) Pause Young (Normal) (G1 Evacuation Pause)
[49.968s][info][gc,task        ] GC(285) Using 1 workers of 1 for evacuation
[49.992s][info][gc,phases      ] GC(285)   Pre Evacuate Collection Set: 0.0ms
[49.992s][info][gc,phases      ] GC(285)   Evacuate Collection Set: 24.2ms
[49.992s][info][gc,phases      ] GC(285)   Post Evacuate Collection Set: 0.3ms
[49.992s][info][gc,phases      ] GC(285)   Other: 0.2ms
[49.992s][info][gc,heap        ] GC(285) Eden regions: 83->0(78)
[49.992s][info][gc,heap        ] GC(285) Survivor regions: 7->7(12)
[49.992s][info][gc,heap        ] GC(285) Old regions: 66->73
[49.992s][info][gc,heap        ] GC(285) Humongous regions: 17->17
[49.992s][info][gc,metaspace   ] GC(285) Metaspace: 60895K->60895K(1103872K)
[49.993s][info][gc             ] GC(285) Pause Young (Normal) (G1 Evacuation Pause) 170M->94M(222M) 24.866ms
[49.993s][info][gc,cpu         ] GC(285) User=0.02s Sys=0.00s Real=0.03s
[50.030s][info][gc,start       ] GC(286) Pause Young (Normal) (G1 Evacuation Pause)
[50.030s][info][gc,task        ] GC(286) Using 1 workers of 1 for evacuation
[50.051s][info][gc,phases      ] GC(286)   Pre Evacuate Collection Set: 0.0ms
[50.051s][info][gc,phases      ] GC(286)   Evacuate Collection Set: 20.4ms
[50.051s][info][gc,phases      ] GC(286)   Post Evacuate Collection Set: 0.7ms
[50.051s][info][gc,phases      ] GC(286)   Other: 0.2ms
[50.051s][info][gc,heap        ] GC(286) Eden regions: 78->0(132)
[50.051s][info][gc,heap        ] GC(286) Survivor regions: 7->6(11)
[50.051s][info][gc,heap        ] GC(286) Old regions: 73->79
[50.051s][info][gc,heap        ] GC(286) Humongous regions: 17->17
[50.051s][info][gc,metaspace   ] GC(286) Metaspace: 60895K->60895K(1103872K)
[50.051s][info][gc             ] GC(286) Pause Young (Normal) (G1 Evacuation Pause) 172M->100M(334M) 21.366ms
[50.051s][info][gc,cpu         ] GC(286) User=0.02s Sys=0.00s Real=0.02s
[50.141s][info][gc,start       ] GC(287) Pause Young (Normal) (G1 Evacuation Pause)
[50.141s][info][gc,task        ] GC(287) Using 1 workers of 1 for evacuation
[50.170s][info][gc,phases      ] GC(287)   Pre Evacuate Collection Set: 0.0ms
[50.170s][info][gc,phases      ] GC(287)   Evacuate Collection Set: 28.7ms
[50.170s][info][gc,phases      ] GC(287)   Post Evacuate Collection Set: 0.3ms
[50.170s][info][gc,phases      ] GC(287)   Other: 0.2ms
[50.170s][info][gc,heap        ] GC(287) Eden regions: 132->0(131)
[50.170s][info][gc,heap        ] GC(287) Survivor regions: 6->16(18)
[50.170s][info][gc,heap        ] GC(287) Old regions: 79->79
[50.170s][info][gc,heap        ] GC(287) Humongous regions: 17->17
[50.170s][info][gc,metaspace   ] GC(287) Metaspace: 60895K->60895K(1103872K)
[50.170s][info][gc             ] GC(287) Pause Young (Normal) (G1 Evacuation Pause) 232M->110M(334M) 29.325ms
[50.170s][info][gc,cpu         ] GC(287) User=0.03s Sys=0.00s Real=0.03s
[50.234s][info][gc,start       ] GC(288) Pause Young (Normal) (G1 Evacuation Pause)
[50.235s][info][gc,task        ] GC(288) Using 1 workers of 1 for evacuation
[50.308s][info][gc,phases      ] GC(288)   Pre Evacuate Collection Set: 0.0ms
[50.308s][info][gc,phases      ] GC(288)   Evacuate Collection Set: 72.7ms
[50.308s][info][gc,phases      ] GC(288)   Post Evacuate Collection Set: 0.6ms
[50.308s][info][gc,phases      ] GC(288)   Other: 0.2ms
[50.308s][info][gc,heap        ] GC(288) Eden regions: 131->0(130)
[50.308s][info][gc,heap        ] GC(288) Survivor regions: 16->10(19)
[50.308s][info][gc,heap        ] GC(288) Old regions: 79->95
[50.308s][info][gc,heap        ] GC(288) Humongous regions: 17->17
[50.308s][info][gc,metaspace   ] GC(288) Metaspace: 60895K->60895K(1103872K)
[50.308s][info][gc             ] GC(288) Pause Young (Normal) (G1 Evacuation Pause) 241M->120M(334M) 73.848ms
[50.308s][info][gc,cpu         ] GC(288) User=0.08s Sys=0.00s Real=0.07s
[50.387s][info][gc,start       ] GC(289) Pause Young (Normal) (G1 Evacuation Pause)
[50.387s][info][gc,task        ] GC(289) Using 1 workers of 1 for evacuation
[50.420s][info][gc,phases      ] GC(289)   Pre Evacuate Collection Set: 0.0ms
[50.420s][info][gc,phases      ] GC(289)   Evacuate Collection Set: 32.7ms
[50.420s][info][gc,phases      ] GC(289)   Post Evacuate Collection Set: 0.3ms
[50.420s][info][gc,phases      ] GC(289)   Other: 0.2ms
[50.420s][info][gc,heap        ] GC(289) Eden regions: 130->0(127)
[50.420s][info][gc,heap        ] GC(289) Survivor regions: 10->10(18)
[50.420s][info][gc,heap        ] GC(289) Old regions: 95->105
[50.420s][info][gc,heap        ] GC(289) Humongous regions: 17->17
[50.420s][info][gc,metaspace   ] GC(289) Metaspace: 60895K->60895K(1103872K)
[50.420s][info][gc             ] GC(289) Pause Young (Normal) (G1 Evacuation Pause) 250M->130M(334M) 33.329ms
[50.420s][info][gc,cpu         ] GC(289) User=0.04s Sys=0.00s Real=0.03s
[50.610s][info][gc,start       ] GC(290) Pause Young (Normal) (G1 Evacuation Pause)
[50.610s][info][gc,task        ] GC(290) Using 1 workers of 1 for evacuation
[50.639s][info][gc,phases      ] GC(290)   Pre Evacuate Collection Set: 0.0ms
[50.639s][info][gc,phases      ] GC(290)   Evacuate Collection Set: 28.2ms
[50.639s][info][gc,phases      ] GC(290)   Post Evacuate Collection Set: 0.6ms
[50.639s][info][gc,phases      ] GC(290)   Other: 0.3ms
[50.639s][info][gc,heap        ] GC(290) Eden regions: 127->0(147)
[50.639s][info][gc,heap        ] GC(290) Survivor regions: 10->9(18)
[50.639s][info][gc,heap        ] GC(290) Old regions: 105->115
[50.639s][info][gc,heap        ] GC(290) Humongous regions: 22->17
[50.639s][info][gc,metaspace   ] GC(290) Metaspace: 60909K->60909K(1103872K)
[50.640s][info][gc             ] GC(290) Pause Young (Normal) (G1 Evacuation Pause) 262M->138M(401M) 29.252ms
[50.640s][info][gc,cpu         ] GC(290) User=0.03s Sys=0.00s Real=0.03s
[50.751s][info][gc,start       ] GC(291) Pause Young (Normal) (G1 Evacuation Pause)
[50.751s][info][gc,task        ] GC(291) Using 1 workers of 1 for evacuation
[50.786s][info][gc,phases      ] GC(291)   Pre Evacuate Collection Set: 0.0ms
[50.786s][info][gc,phases      ] GC(291)   Evacuate Collection Set: 34.9ms
[50.786s][info][gc,phases      ] GC(291)   Post Evacuate Collection Set: 0.3ms
[50.786s][info][gc,phases      ] GC(291)   Other: 0.3ms
[50.786s][info][gc,heap        ] GC(291) Eden regions: 147->0(146)
[50.786s][info][gc,heap        ] GC(291) Survivor regions: 9->19(20)
[50.786s][info][gc,heap        ] GC(291) Old regions: 115->115
[50.786s][info][gc,heap        ] GC(291) Humongous regions: 20->20
[50.786s][info][gc,metaspace   ] GC(291) Metaspace: 60909K->60909K(1103872K)
[50.786s][info][gc             ] GC(291) Pause Young (Normal) (G1 Evacuation Pause) 288M->152M(401M) 35.638ms
[50.786s][info][gc,cpu         ] GC(291) User=0.04s Sys=0.00s Real=0.04s
[50.860s][info][gc,start       ] GC(292) Pause Young (Normal) (G1 Evacuation Pause)
[50.860s][info][gc,task        ] GC(292) Using 1 workers of 1 for evacuation
[50.913s][info][gc,phases      ] GC(292)   Pre Evacuate Collection Set: 0.0ms
[50.913s][info][gc,phases      ] GC(292)   Evacuate Collection Set: 52.1ms
[50.913s][info][gc,phases      ] GC(292)   Post Evacuate Collection Set: 0.3ms
[50.913s][info][gc,phases      ] GC(292)   Other: 0.2ms
[50.913s][info][gc,heap        ] GC(292) Eden regions: 146->0(143)
[50.913s][info][gc,heap        ] GC(292) Survivor regions: 19->11(21)
[50.913s][info][gc,heap        ] GC(292) Old regions: 115->134
[50.913s][info][gc,heap        ] GC(292) Humongous regions: 23->23
[50.913s][info][gc,metaspace   ] GC(292) Metaspace: 60909K->60909K(1103872K)
[50.913s][info][gc             ] GC(292) Pause Young (Normal) (G1 Evacuation Pause) 301M->166M(401M) 52.752ms
[50.913s][info][gc,cpu         ] GC(292) User=0.05s Sys=0.00s Real=0.06s
[50.983s][info][gc,start       ] GC(293) Pause Young (Normal) (G1 Evacuation Pause)
[50.983s][info][gc,task        ] GC(293) Using 1 workers of 1 for evacuation
[51.020s][info][gc,phases      ] GC(293)   Pre Evacuate Collection Set: 0.0ms
[51.020s][info][gc,phases      ] GC(293)   Evacuate Collection Set: 37.0ms
[51.020s][info][gc,phases      ] GC(293)   Post Evacuate Collection Set: 0.3ms
[51.020s][info][gc,phases      ] GC(293)   Other: 0.2ms
[51.020s][info][gc,heap        ] GC(293) Eden regions: 143->0(140)
[51.020s][info][gc,heap        ] GC(293) Survivor regions: 11->11(20)
[51.020s][info][gc,heap        ] GC(293) Old regions: 134->145
[51.020s][info][gc,heap        ] GC(293) Humongous regions: 23->23
[51.020s][info][gc,metaspace   ] GC(293) Metaspace: 60909K->60909K(1103872K)
[51.020s][info][gc             ] GC(293) Pause Young (Normal) (G1 Evacuation Pause) 309M->177M(401M) 37.590ms
[51.020s][info][gc,cpu         ] GC(293) User=0.04s Sys=0.00s Real=0.04s
[51.095s][info][gc,start       ] GC(294) Pause Young (Normal) (G1 Evacuation Pause)
[51.095s][info][gc,task        ] GC(294) Using 1 workers of 1 for evacuation
[51.131s][info][gc,phases      ] GC(294)   Pre Evacuate Collection Set: 0.0ms
[51.131s][info][gc,phases      ] GC(294)   Evacuate Collection Set: 35.2ms
[51.131s][info][gc,phases      ] GC(294)   Post Evacuate Collection Set: 0.5ms
[51.131s][info][gc,phases      ] GC(294)   Other: 0.2ms
[51.131s][info][gc,heap        ] GC(294) Eden regions: 140->0(150)
[51.131s][info][gc,heap        ] GC(294) Survivor regions: 11->11(19)
[51.131s][info][gc,heap        ] GC(294) Old regions: 145->156
[51.131s][info][gc,heap        ] GC(294) Humongous regions: 23->23
[51.131s][info][gc,metaspace   ] GC(294) Metaspace: 60910K->60910K(1103872K)
[51.131s][info][gc             ] GC(294) Pause Young (Normal) (G1 Evacuation Pause) 317M->188M(441M) 35.979ms
[51.131s][info][gc,cpu         ] GC(294) User=0.04s Sys=0.00s Real=0.03s
[51.218s][info][gc,start       ] GC(295) Pause Young (Normal) (G1 Evacuation Pause)
[51.218s][info][gc,task        ] GC(295) Using 1 workers of 1 for evacuation
[51.270s][info][gc,phases      ] GC(295)   Pre Evacuate Collection Set: 0.0ms
[51.270s][info][gc,phases      ] GC(295)   Evacuate Collection Set: 51.2ms
[51.270s][info][gc,phases      ] GC(295)   Post Evacuate Collection Set: 0.3ms
[51.270s][info][gc,phases      ] GC(295)   Other: 0.2ms
[51.270s][info][gc,heap        ] GC(295) Eden regions: 150->0(146)
[51.270s][info][gc,heap        ] GC(295) Survivor regions: 11->12(21)
[51.270s][info][gc,heap        ] GC(295) Old regions: 156->167
[51.270s][info][gc,heap        ] GC(295) Humongous regions: 28->28
[51.270s][info][gc,metaspace   ] GC(295) Metaspace: 60910K->60910K(1103872K)
[51.270s][info][gc             ] GC(295) Pause Young (Normal) (G1 Evacuation Pause) 343M->204M(441M) 51.857ms
[51.270s][info][gc,cpu         ] GC(295) User=0.05s Sys=0.00s Real=0.05s
[51.342s][info][gc,start       ] GC(296) Pause Young (Normal) (G1 Evacuation Pause)
[51.342s][info][gc,task        ] GC(296) Using 1 workers of 1 for evacuation
[51.379s][info][gc,phases      ] GC(296)   Pre Evacuate Collection Set: 0.0ms
[51.379s][info][gc,phases      ] GC(296)   Evacuate Collection Set: 36.9ms
[51.379s][info][gc,phases      ] GC(296)   Post Evacuate Collection Set: 0.3ms
[51.379s][info][gc,phases      ] GC(296)   Other: 0.2ms
[51.379s][info][gc,heap        ] GC(296) Eden regions: 146->0(142)
[51.379s][info][gc,heap        ] GC(296) Survivor regions: 12->12(20)
[51.379s][info][gc,heap        ] GC(296) Old regions: 167->179
[51.379s][info][gc,heap        ] GC(296) Humongous regions: 28->28
[51.379s][info][gc,metaspace   ] GC(296) Metaspace: 60910K->60910K(1103872K)
[51.379s][info][gc             ] GC(296) Pause Young (Normal) (G1 Evacuation Pause) 350M->216M(441M) 37.546ms
[51.379s][info][gc,cpu         ] GC(296) User=0.04s Sys=0.00s Real=0.04s
[51.476s][info][gc,start       ] GC(297) Pause Young (Concurrent Start) (G1 Evacuation Pause)
[51.476s][info][gc,task        ] GC(297) Using 1 workers of 1 for evacuation
[51.514s][info][gc,phases      ] GC(297)   Pre Evacuate Collection Set: 0.3ms
[51.514s][info][gc,phases      ] GC(297)   Evacuate Collection Set: 36.7ms
[51.514s][info][gc,phases      ] GC(297)   Post Evacuate Collection Set: 0.3ms
[51.514s][info][gc,phases      ] GC(297)   Other: 0.2ms
[51.514s][info][gc,heap        ] GC(297) Eden regions: 142->0(138)
[51.514s][info][gc,heap        ] GC(297) Survivor regions: 12->11(20)
[51.514s][info][gc,heap        ] GC(297) Old regions: 179->190
[51.514s][info][gc,heap        ] GC(297) Humongous regions: 28->28
[51.514s][info][gc,metaspace   ] GC(297) Metaspace: 60910K->60910K(1103872K)
[51.514s][info][gc             ] GC(297) Pause Young (Concurrent Start) (G1 Evacuation Pause) 358M->227M(441M) 37.971ms
[51.514s][info][gc,cpu         ] GC(297) User=0.04s Sys=0.00s Real=0.04s
[51.514s][info][gc             ] GC(298) Concurrent Cycle
[51.514s][info][gc,marking     ] GC(298) Concurrent Clear Claimed Marks
[51.515s][info][gc,marking     ] GC(298) Concurrent Clear Claimed Marks 0.532ms
[51.515s][info][gc,marking     ] GC(298) Concurrent Scan Root Regions
[51.520s][info][gc,marking     ] GC(298) Concurrent Scan Root Regions 4.940ms
[51.520s][info][gc,marking     ] GC(298) Concurrent Mark (51.520s)
[51.520s][info][gc,marking     ] GC(298) Concurrent Mark From Roots
[51.520s][info][gc,task        ] GC(298) Using 1 workers of 1 for marking
[51.689s][info][gc,start       ] GC(299) Pause Young (Normal) (G1 Evacuation Pause)
[51.689s][info][gc,task        ] GC(299) Using 1 workers of 1 for evacuation
[51.725s][info][gc,phases      ] GC(299)   Pre Evacuate Collection Set: 0.0ms
[51.725s][info][gc,phases      ] GC(299)   Evacuate Collection Set: 35.1ms
[51.725s][info][gc,phases      ] GC(299)   Post Evacuate Collection Set: 0.4ms
[51.725s][info][gc,phases      ] GC(299)   Other: 0.3ms
[51.725s][info][gc,heap        ] GC(299) Eden regions: 138->0(143)
[51.725s][info][gc,heap        ] GC(299) Survivor regions: 11->11(19)
[51.725s][info][gc,heap        ] GC(299) Old regions: 190->201
[51.725s][info][gc,heap        ] GC(299) Humongous regions: 28->28
[51.725s][info][gc,metaspace   ] GC(299) Metaspace: 60920K->60920K(1103872K)
[51.725s][info][gc             ] GC(299) Pause Young (Normal) (G1 Evacuation Pause) 365M->237M(463M) 35.963ms
[51.725s][info][gc,cpu         ] GC(299) User=0.03s Sys=0.00s Real=0.04s
[51.791s][info][gc,marking     ] GC(298) Concurrent Mark From Roots 270.881ms
[51.791s][info][gc,marking     ] GC(298) Concurrent Preclean
[51.791s][info][gc,marking     ] GC(298) Concurrent Preclean 0.068ms
[51.791s][info][gc,marking     ] GC(298) Concurrent Mark (51.520s, 51.791s) 271.196ms
[51.794s][info][gc,start       ] GC(298) Pause Remark
[51.809s][info][gc,stringtable ] GC(298) Cleaned string and symbol table, strings: 21718 processed, 16 removed, symbols: 131592 processed, 0 removed
[51.809s][info][gc             ] GC(298) Pause Remark 256M->149M(463M) 15.208ms
[51.809s][info][gc,cpu         ] GC(298) User=0.02s Sys=0.00s Real=0.01s
[51.810s][info][gc,marking     ] GC(298) Concurrent Rebuild Remembered Sets
[51.993s][info][gc,marking     ] GC(298) Concurrent Rebuild Remembered Sets 183.076ms
[51.996s][info][gc,start       ] GC(298) Pause Cleanup
[51.996s][info][gc             ] GC(298) Pause Cleanup 237M->237M(463M) 0.143ms
[51.996s][info][gc,cpu         ] GC(298) User=0.00s Sys=0.00s Real=0.00s
[51.996s][info][gc,marking     ] GC(298) Concurrent Cleanup for Next Mark
[51.997s][info][gc,marking     ] GC(298) Concurrent Cleanup for Next Mark 1.376ms
[51.998s][info][gc             ] GC(298) Concurrent Cycle 483.243ms
[52.035s][info][gc,start       ] GC(300) Pause Young (Normal) (G1 Evacuation Pause)
[52.035s][info][gc,task        ] GC(300) Using 1 workers of 1 for evacuation
[52.051s][info][gc,phases      ] GC(300)   Pre Evacuate Collection Set: 0.0ms
[52.051s][info][gc,phases      ] GC(300)   Evacuate Collection Set: 16.0ms
[52.051s][info][gc,phases      ] GC(300)   Post Evacuate Collection Set: 0.3ms
[52.051s][info][gc,phases      ] GC(300)   Other: 0.2ms
[52.051s][info][gc,heap        ] GC(300) Eden regions: 143->0(196)
[52.051s][info][gc,heap        ] GC(300) Survivor regions: 11->1(20)
[52.051s][info][gc,heap        ] GC(300) Old regions: 111->122
[52.051s][info][gc,heap        ] GC(300) Humongous regions: 11->11
[52.051s][info][gc,metaspace   ] GC(300) Metaspace: 60931K->60931K(1103872K)
[52.051s][info][gc             ] GC(300) Pause Young (Normal) (G1 Evacuation Pause) 273M->131M(463M) 16.600ms
[52.051s][info][gc,cpu         ] GC(300) User=0.02s Sys=0.00s Real=0.01s
[52.249s][info][gc,start       ] GC(301) Pause Young (Normal) (G1 Evacuation Pause)
[52.249s][info][gc,task        ] GC(301) Using 1 workers of 1 for evacuation
[52.252s][info][gc,phases      ] GC(301)   Pre Evacuate Collection Set: 0.0ms
[52.252s][info][gc,phases      ] GC(301)   Evacuate Collection Set: 2.7ms
[52.252s][info][gc,phases      ] GC(301)   Post Evacuate Collection Set: 0.3ms
[52.252s][info][gc,phases      ] GC(301)   Other: 0.3ms
[52.252s][info][gc,heap        ] GC(301) Eden regions: 196->0(203)
[52.252s][info][gc,heap        ] GC(301) Survivor regions: 1->1(25)
[52.252s][info][gc,heap        ] GC(301) Old regions: 122->122
[52.252s][info][gc,heap        ] GC(301) Humongous regions: 11->11
[52.252s][info][gc,metaspace   ] GC(301) Metaspace: 60931K->60931K(1103872K)
[52.252s][info][gc             ] GC(301) Pause Young (Normal) (G1 Evacuation Pause) 327M->131M(463M) 3.433ms
[52.253s][info][gc,cpu         ] GC(301) User=0.01s Sys=0.00s Real=0.01s
[52.486s][info][gc,start       ] GC(302) Pause Young (Normal) (G1 Evacuation Pause)
[52.486s][info][gc,task        ] GC(302) Using 1 workers of 1 for evacuation
[52.489s][info][gc,phases      ] GC(302)   Pre Evacuate Collection Set: 0.0ms
[52.489s][info][gc,phases      ] GC(302)   Evacuate Collection Set: 2.4ms
[52.489s][info][gc,phases      ] GC(302)   Post Evacuate Collection Set: 0.3ms
[52.489s][info][gc,phases      ] GC(302)   Other: 0.3ms
[52.489s][info][gc,heap        ] GC(302) Eden regions: 203->0(210)
[52.489s][info][gc,heap        ] GC(302) Survivor regions: 1->1(26)
[52.489s][info][gc,heap        ] GC(302) Old regions: 122->122
[52.489s][info][gc,heap        ] GC(302) Humongous regions: 11->11
[52.489s][info][gc,metaspace   ] GC(302) Metaspace: 60931K->60931K(1103872K)
[52.489s][info][gc             ] GC(302) Pause Young (Normal) (G1 Evacuation Pause) 334M->131M(463M) 3.176ms
[52.489s][info][gc,cpu         ] GC(302) User=0.00s Sys=0.00s Real=0.00s
[52.704s][info][gc,start       ] GC(303) Pause Young (Normal) (G1 Evacuation Pause)
[52.704s][info][gc,task        ] GC(303) Using 1 workers of 1 for evacuation
[52.707s][info][gc,phases      ] GC(303)   Pre Evacuate Collection Set: 0.0ms
[52.707s][info][gc,phases      ] GC(303)   Evacuate Collection Set: 2.5ms
[52.707s][info][gc,phases      ] GC(303)   Post Evacuate Collection Set: 0.3ms
[52.707s][info][gc,phases      ] GC(303)   Other: 0.3ms
[52.707s][info][gc,heap        ] GC(303) Eden regions: 210->0(215)
[52.707s][info][gc,heap        ] GC(303) Survivor regions: 1->1(27)
[52.707s][info][gc,heap        ] GC(303) Old regions: 122->122
[52.707s][info][gc,heap        ] GC(303) Humongous regions: 11->11
[52.707s][info][gc,metaspace   ] GC(303) Metaspace: 60931K->60931K(1103872K)
[52.707s][info][gc             ] GC(303) Pause Young (Normal) (G1 Evacuation Pause) 341M->131M(463M) 3.137ms
[52.707s][info][gc,cpu         ] GC(303) User=0.01s Sys=0.00s Real=0.01s
[52.972s][info][gc,start       ] GC(304) Pause Young (Normal) (G1 Evacuation Pause)
[52.973s][info][gc,task        ] GC(304) Using 1 workers of 1 for evacuation
[52.975s][info][gc,phases      ] GC(304)   Pre Evacuate Collection Set: 0.0ms
[52.975s][info][gc,phases      ] GC(304)   Evacuate Collection Set: 2.4ms
[52.975s][info][gc,phases      ] GC(304)   Post Evacuate Collection Set: 0.3ms
[52.975s][info][gc,phases      ] GC(304)   Other: 0.3ms
[52.975s][info][gc,heap        ] GC(304) Eden regions: 215->0(220)
[52.975s][info][gc,heap        ] GC(304) Survivor regions: 1->1(27)
[52.975s][info][gc,heap        ] GC(304) Old regions: 122->122
[52.975s][info][gc,heap        ] GC(304) Humongous regions: 11->11
[52.975s][info][gc,metaspace   ] GC(304) Metaspace: 60931K->60931K(1103872K)
[52.975s][info][gc             ] GC(304) Pause Young (Normal) (G1 Evacuation Pause) 346M->131M(463M) 3.018ms
[52.976s][info][gc,cpu         ] GC(304) User=0.00s Sys=0.00s Real=0.00s
[53.192s][info][gc,start       ] GC(305) Pause Young (Normal) (G1 Evacuation Pause)
[53.193s][info][gc,task        ] GC(305) Using 1 workers of 1 for evacuation
[53.195s][info][gc,phases      ] GC(305)   Pre Evacuate Collection Set: 0.0ms
[53.196s][info][gc,phases      ] GC(305)   Evacuate Collection Set: 2.4ms
[53.196s][info][gc,phases      ] GC(305)   Post Evacuate Collection Set: 0.3ms
[53.196s][info][gc,phases      ] GC(305)   Other: 0.4ms
[53.196s][info][gc,heap        ] GC(305) Eden regions: 220->0(225)
[53.196s][info][gc,heap        ] GC(305) Survivor regions: 1->1(28)
[53.196s][info][gc,heap        ] GC(305) Old regions: 122->122
[53.196s][info][gc,heap        ] GC(305) Humongous regions: 11->11
[53.196s][info][gc,metaspace   ] GC(305) Metaspace: 60931K->60931K(1103872K)
[53.196s][info][gc             ] GC(305) Pause Young (Normal) (G1 Evacuation Pause) 351M->131M(463M) 3.181ms
[53.196s][info][gc,cpu         ] GC(305) User=0.00s Sys=0.00s Real=0.00s
[53.427s][info][gc,start       ] GC(306) Pause Young (Normal) (G1 Evacuation Pause)
[53.427s][info][gc,task        ] GC(306) Using 1 workers of 1 for evacuation
[53.430s][info][gc,phases      ] GC(306)   Pre Evacuate Collection Set: 0.0ms
[53.430s][info][gc,phases      ] GC(306)   Evacuate Collection Set: 2.4ms
[53.430s][info][gc,phases      ] GC(306)   Post Evacuate Collection Set: 0.3ms
[53.430s][info][gc,phases      ] GC(306)   Other: 0.3ms
[53.430s][info][gc,heap        ] GC(306) Eden regions: 225->0(229)
[53.430s][info][gc,heap        ] GC(306) Survivor regions: 1->1(29)
[53.430s][info][gc,heap        ] GC(306) Old regions: 122->122
[53.430s][info][gc,heap        ] GC(306) Humongous regions: 11->11
[53.430s][info][gc,metaspace   ] GC(306) Metaspace: 60931K->60931K(1103872K)
[53.430s][info][gc             ] GC(306) Pause Young (Normal) (G1 Evacuation Pause) 356M->131M(463M) 3.125ms
[53.430s][info][gc,cpu         ] GC(306) User=0.00s Sys=0.00s Real=0.00s
[53.672s][info][gc,start       ] GC(307) Pause Young (Normal) (G1 Evacuation Pause)
[53.672s][info][gc,task        ] GC(307) Using 1 workers of 1 for evacuation
[53.675s][info][gc,phases      ] GC(307)   Pre Evacuate Collection Set: 0.0ms
[53.675s][info][gc,phases      ] GC(307)   Evacuate Collection Set: 2.5ms
[53.675s][info][gc,phases      ] GC(307)   Post Evacuate Collection Set: 0.3ms
[53.675s][info][gc,phases      ] GC(307)   Other: 0.3ms
[53.675s][info][gc,heap        ] GC(307) Eden regions: 229->0(232)
[53.675s][info][gc,heap        ] GC(307) Survivor regions: 1->1(29)
[53.675s][info][gc,heap        ] GC(307) Old regions: 122->122
[53.675s][info][gc,heap        ] GC(307) Humongous regions: 11->11
[53.675s][info][gc,metaspace   ] GC(307) Metaspace: 60931K->60931K(1103872K)
[53.675s][info][gc             ] GC(307) Pause Young (Normal) (G1 Evacuation Pause) 360M->131M(463M) 3.172ms
[53.675s][info][gc,cpu         ] GC(307) User=0.00s Sys=0.00s Real=0.00s
[53.854s][info][gc,start       ] GC(308) Pause Young (Normal) (G1 Evacuation Pause)
[53.854s][info][gc,task        ] GC(308) Using 1 workers of 1 for evacuation
[53.857s][info][gc,phases      ] GC(308)   Pre Evacuate Collection Set: 0.0ms
[53.857s][info][gc,phases      ] GC(308)   Evacuate Collection Set: 2.6ms
[53.857s][info][gc,phases      ] GC(308)   Post Evacuate Collection Set: 0.3ms
[53.857s][info][gc,phases      ] GC(308)   Other: 0.2ms
[53.857s][info][gc,heap        ] GC(308) Eden regions: 232->0(236)
[53.857s][info][gc,heap        ] GC(308) Survivor regions: 1->1(30)
[53.857s][info][gc,heap        ] GC(308) Old regions: 122->122
[53.857s][info][gc,heap        ] GC(308) Humongous regions: 11->11
[53.857s][info][gc,metaspace   ] GC(308) Metaspace: 60931K->60931K(1103872K)
[53.857s][info][gc             ] GC(308) Pause Young (Normal) (G1 Evacuation Pause) 363M->131M(463M) 3.196ms
[53.857s][info][gc,cpu         ] GC(308) User=0.00s Sys=0.00s Real=0.00s
[54.036s][info][gc,start       ] GC(309) Pause Young (Normal) (G1 Evacuation Pause)
[54.036s][info][gc,task        ] GC(309) Using 1 workers of 1 for evacuation
[54.039s][info][gc,phases      ] GC(309)   Pre Evacuate Collection Set: 0.0ms
[54.039s][info][gc,phases      ] GC(309)   Evacuate Collection Set: 2.3ms
[54.039s][info][gc,phases      ] GC(309)   Post Evacuate Collection Set: 0.3ms
[54.039s][info][gc,phases      ] GC(309)   Other: 0.4ms
[54.039s][info][gc,heap        ] GC(309) Eden regions: 236->0(239)
[54.039s][info][gc,heap        ] GC(309) Survivor regions: 1->1(30)
[54.039s][info][gc,heap        ] GC(309) Old regions: 122->122
[54.039s][info][gc,heap        ] GC(309) Humongous regions: 11->11
[54.039s][info][gc,metaspace   ] GC(309) Metaspace: 60931K->60931K(1103872K)
[54.039s][info][gc             ] GC(309) Pause Young (Normal) (G1 Evacuation Pause) 367M->131M(463M) 3.134ms
[54.039s][info][gc,cpu         ] GC(309) User=0.00s Sys=0.01s Real=0.00s
[54.226s][info][gc,start       ] GC(310) Pause Young (Normal) (G1 Evacuation Pause)
[54.226s][info][gc,task        ] GC(310) Using 1 workers of 1 for evacuation
[54.229s][info][gc,phases      ] GC(310)   Pre Evacuate Collection Set: 0.0ms
[54.229s][info][gc,phases      ] GC(310)   Evacuate Collection Set: 2.4ms
[54.229s][info][gc,phases      ] GC(310)   Post Evacuate Collection Set: 0.3ms
[54.229s][info][gc,phases      ] GC(310)   Other: 0.2ms
[54.229s][info][gc,heap        ] GC(310) Eden regions: 239->0(242)
[54.229s][info][gc,heap        ] GC(310) Survivor regions: 1->1(30)
[54.229s][info][gc,heap        ] GC(310) Old regions: 122->122
[54.229s][info][gc,heap        ] GC(310) Humongous regions: 11->11
[54.229s][info][gc,metaspace   ] GC(310) Metaspace: 60931K->60931K(1103872K)
[54.229s][info][gc             ] GC(310) Pause Young (Normal) (G1 Evacuation Pause) 370M->131M(463M) 3.067ms
[54.229s][info][gc,cpu         ] GC(310) User=0.01s Sys=0.00s Real=0.00s
[54.421s][info][gc,start       ] GC(311) Pause Young (Normal) (G1 Evacuation Pause)
[54.421s][info][gc,task        ] GC(311) Using 1 workers of 1 for evacuation
[54.424s][info][gc,phases      ] GC(311)   Pre Evacuate Collection Set: 0.0ms
[54.424s][info][gc,phases      ] GC(311)   Evacuate Collection Set: 2.4ms
[54.424s][info][gc,phases      ] GC(311)   Post Evacuate Collection Set: 0.3ms
[54.424s][info][gc,phases      ] GC(311)   Other: 0.3ms
[54.424s][info][gc,heap        ] GC(311) Eden regions: 242->0(244)
[54.424s][info][gc,heap        ] GC(311) Survivor regions: 1->1(31)
[54.424s][info][gc,heap        ] GC(311) Old regions: 122->122
[54.424s][info][gc,heap        ] GC(311) Humongous regions: 11->11
[54.424s][info][gc,metaspace   ] GC(311) Metaspace: 60931K->60931K(1103872K)
[54.424s][info][gc             ] GC(311) Pause Young (Normal) (G1 Evacuation Pause) 373M->131M(463M) 3.123ms
[54.424s][info][gc,cpu         ] GC(311) User=0.00s Sys=0.00s Real=0.00s
[54.611s][info][gc,start       ] GC(312) Pause Young (Normal) (G1 Evacuation Pause)
[54.611s][info][gc,task        ] GC(312) Using 1 workers of 1 for evacuation
[54.614s][info][gc,phases      ] GC(312)   Pre Evacuate Collection Set: 0.0ms
[54.614s][info][gc,phases      ] GC(312)   Evacuate Collection Set: 2.4ms
[54.614s][info][gc,phases      ] GC(312)   Post Evacuate Collection Set: 0.3ms
[54.614s][info][gc,phases      ] GC(312)   Other: 0.2ms
[54.614s][info][gc,heap        ] GC(312) Eden regions: 244->0(247)
[54.614s][info][gc,heap        ] GC(312) Survivor regions: 1->1(31)
[54.614s][info][gc,heap        ] GC(312) Old regions: 122->122
[54.614s][info][gc,heap        ] GC(312) Humongous regions: 11->11
[54.614s][info][gc,metaspace   ] GC(312) Metaspace: 60931K->60931K(1103872K)
[54.614s][info][gc             ] GC(312) Pause Young (Normal) (G1 Evacuation Pause) 375M->131M(463M) 3.053ms
[54.614s][info][gc,cpu         ] GC(312) User=0.00s Sys=0.00s Real=0.01s
[54.687s][info][gc,task        ] GC(313) Using 1 workers of 1 for full compaction
[54.687s][info][gc,start       ] GC(313) Pause Full (System.gc())
[54.688s][info][gc,phases,start] GC(313) Phase 1: Mark live objects
[54.733s][info][gc,stringtable ] GC(313) Cleaned string and symbol table, strings: 21713 processed, 10 removed, symbols: 131592 processed, 0 removed
[54.733s][info][gc,phases      ] GC(313) Phase 1: Mark live objects 45.193ms
[54.733s][info][gc,phases,start] GC(313) Phase 2: Prepare for compaction
[54.738s][info][gc,phases      ] GC(313) Phase 2: Prepare for compaction 4.795ms
[54.738s][info][gc,phases,start] GC(313) Phase 3: Adjust pointers
[54.755s][info][gc,phases      ] GC(313) Phase 3: Adjust pointers 17.460ms
[54.755s][info][gc,phases,start] GC(313) Phase 4: Compact heap
[54.759s][info][gc,phases      ] GC(313) Phase 4: Compact heap 3.792ms
[54.776s][info][gc,heap        ] GC(313) Eden regions: 20->0(59)
[54.776s][info][gc,heap        ] GC(313) Survivor regions: 1->0(31)
[54.776s][info][gc,heap        ] GC(313) Old regions: 122->24
[54.776s][info][gc,heap        ] GC(313) Humongous regions: 16->6
[54.776s][info][gc,metaspace   ] GC(313) Metaspace: 60966K->60966K(1103872K)
[54.776s][info][gc             ] GC(313) Pause Full (System.gc()) 156M->28M(100M) 89.434ms
[54.776s][info][gc,cpu         ] GC(313) User=0.07s Sys=0.01s Real=0.09s
[54.872s][info][gc,start       ] GC(314) Pause Young (Normal) (G1 Evacuation Pause)
[54.872s][info][gc,task        ] GC(314) Using 1 workers of 1 for evacuation
[54.879s][info][gc,phases      ] GC(314)   Pre Evacuate Collection Set: 0.0ms
[54.879s][info][gc,phases      ] GC(314)   Evacuate Collection Set: 6.8ms
[54.879s][info][gc,phases      ] GC(314)   Post Evacuate Collection Set: 0.3ms
[54.879s][info][gc,phases      ] GC(314)   Other: 0.2ms
[54.879s][info][gc,heap        ] GC(314) Eden regions: 59->0(52)
[54.879s][info][gc,heap        ] GC(314) Survivor regions: 0->4(8)
[54.879s][info][gc,heap        ] GC(314) Old regions: 24->24
[54.879s][info][gc,heap        ] GC(314) Humongous regions: 11->6
[54.879s][info][gc,metaspace   ] GC(314) Metaspace: 60998K->60998K(1103872K)
[54.879s][info][gc             ] GC(314) Pause Young (Normal) (G1 Evacuation Pause) 92M->31M(100M) 7.370ms
[54.879s][info][gc,cpu         ] GC(314) User=0.00s Sys=0.00s Real=0.00s
[54.911s][info][gc,start       ] GC(315) Pause Young (Normal) (G1 Evacuation Pause)
[54.911s][info][gc,task        ] GC(315) Using 1 workers of 1 for evacuation
[54.924s][info][gc,phases      ] GC(315)   Pre Evacuate Collection Set: 0.0ms
[54.924s][info][gc,phases      ] GC(315)   Evacuate Collection Set: 12.2ms
[54.924s][info][gc,phases      ] GC(315)   Post Evacuate Collection Set: 0.2ms
[54.924s][info][gc,phases      ] GC(315)   Other: 0.2ms
[54.924s][info][gc,heap        ] GC(315) Eden regions: 52->0(45)
[54.924s][info][gc,heap        ] GC(315) Survivor regions: 4->7(7)
[54.924s][info][gc,heap        ] GC(315) Old regions: 24->24
[54.924s][info][gc,heap        ] GC(315) Humongous regions: 7->7
[54.924s][info][gc,metaspace   ] GC(315) Metaspace: 61009K->61009K(1103872K)
[54.924s][info][gc             ] GC(315) Pause Young (Normal) (G1 Evacuation Pause) 84M->36M(100M) 12.681ms
[54.924s][info][gc,cpu         ] GC(315) User=0.01s Sys=0.00s Real=0.01s
[54.947s][info][gc,start       ] GC(316) Pause Young (Normal) (G1 Evacuation Pause)
[54.947s][info][gc,task        ] GC(316) Using 1 workers of 1 for evacuation
[54.963s][info][gc,phases      ] GC(316)   Pre Evacuate Collection Set: 0.0ms
[54.963s][info][gc,phases      ] GC(316)   Evacuate Collection Set: 16.4ms
[54.963s][info][gc,phases      ] GC(316)   Post Evacuate Collection Set: 0.2ms
[54.964s][info][gc,phases      ] GC(316)   Other: 0.2ms
[54.964s][info][gc,heap        ] GC(316) Eden regions: 45->0(42)
[54.964s][info][gc,heap        ] GC(316) Survivor regions: 7->4(7)
[54.964s][info][gc,heap        ] GC(316) Old regions: 24->31
[54.964s][info][gc,heap        ] GC(316) Humongous regions: 7->7
[54.964s][info][gc,metaspace   ] GC(316) Metaspace: 61009K->61009K(1103872K)
[54.964s][info][gc             ] GC(316) Pause Young (Normal) (G1 Evacuation Pause) 81M->39M(100M) 16.952ms
[54.964s][info][gc,cpu         ] GC(316) User=0.02s Sys=0.00s Real=0.01s
[54.986s][info][gc,start       ] GC(317) Pause Young (Normal) (G1 Evacuation Pause)
[54.986s][info][gc,task        ] GC(317) Using 1 workers of 1 for evacuation
[54.999s][info][gc,phases      ] GC(317)   Pre Evacuate Collection Set: 0.0ms
[54.999s][info][gc,phases      ] GC(317)   Evacuate Collection Set: 12.7ms
[54.999s][info][gc,phases      ] GC(317)   Post Evacuate Collection Set: 0.2ms
[54.999s][info][gc,phases      ] GC(317)   Other: 0.2ms
[54.999s][info][gc,heap        ] GC(317) Eden regions: 42->0(36)
[54.999s][info][gc,heap        ] GC(317) Survivor regions: 4->4(6)
[54.999s][info][gc,heap        ] GC(317) Old regions: 31->35
[54.999s][info][gc,heap        ] GC(317) Humongous regions: 9->9
[54.999s][info][gc,metaspace   ] GC(317) Metaspace: 61009K->61009K(1103872K)
[54.999s][info][gc             ] GC(317) Pause Young (Normal) (G1 Evacuation Pause) 83M->45M(100M) 13.144ms
[54.999s][info][gc,cpu         ] GC(317) User=0.01s Sys=0.00s Real=0.01s
[55.018s][info][gc,start       ] GC(318) Pause Young (Normal) (G1 Evacuation Pause)
[55.018s][info][gc,task        ] GC(318) Using 1 workers of 1 for evacuation
[55.029s][info][gc,phases      ] GC(318)   Pre Evacuate Collection Set: 0.0ms
[55.029s][info][gc,phases      ] GC(318)   Evacuate Collection Set: 10.5ms
[55.029s][info][gc,phases      ] GC(318)   Post Evacuate Collection Set: 0.5ms
[55.029s][info][gc,phases      ] GC(318)   Other: 0.2ms
[55.029s][info][gc,heap        ] GC(318) Eden regions: 36->0(64)
[55.029s][info][gc,heap        ] GC(318) Survivor regions: 4->3(5)
[55.029s][info][gc,heap        ] GC(318) Old regions: 35->38
[55.029s][info][gc,heap        ] GC(318) Humongous regions: 9->9
[55.029s][info][gc,metaspace   ] GC(318) Metaspace: 61009K->61009K(1103872K)
[55.029s][info][gc             ] GC(318) Pause Young (Normal) (G1 Evacuation Pause) 81M->48M(151M) 11.228ms
[55.029s][info][gc,cpu         ] GC(318) User=0.01s Sys=0.01s Real=0.01s
[55.073s][info][gc,start       ] GC(319) Pause Young (Normal) (G1 Evacuation Pause)
[55.073s][info][gc,task        ] GC(319) Using 1 workers of 1 for evacuation
[55.088s][info][gc,phases      ] GC(319)   Pre Evacuate Collection Set: 0.0ms
[55.088s][info][gc,phases      ] GC(319)   Evacuate Collection Set: 13.9ms
[55.088s][info][gc,phases      ] GC(319)   Post Evacuate Collection Set: 0.3ms
[55.088s][info][gc,phases      ] GC(319)   Other: 0.2ms
[55.088s][info][gc,heap        ] GC(319) Eden regions: 64->0(62)
[55.088s][info][gc,heap        ] GC(319) Survivor regions: 3->8(9)
[55.088s][info][gc,heap        ] GC(319) Old regions: 38->38
[55.088s][info][gc,heap        ] GC(319) Humongous regions: 9->9
[55.088s][info][gc,metaspace   ] GC(319) Metaspace: 61009K->61009K(1103872K)
[55.088s][info][gc             ] GC(319) Pause Young (Normal) (G1 Evacuation Pause) 112M->53M(151M) 14.571ms
[55.088s][info][gc,cpu         ] GC(319) User=0.01s Sys=0.00s Real=0.01s
[55.120s][info][gc,start       ] GC(320) Pause Young (Normal) (G1 Evacuation Pause)
[55.121s][info][gc,task        ] GC(320) Using 1 workers of 1 for evacuation
[55.143s][info][gc,phases      ] GC(320)   Pre Evacuate Collection Set: 0.0ms
[55.143s][info][gc,phases      ] GC(320)   Evacuate Collection Set: 21.8ms
[55.143s][info][gc,phases      ] GC(320)   Post Evacuate Collection Set: 0.2ms
[55.143s][info][gc,phases      ] GC(320)   Other: 0.2ms
[55.143s][info][gc,heap        ] GC(320) Eden regions: 62->0(58)
[55.143s][info][gc,heap        ] GC(320) Survivor regions: 8->5(9)
[55.143s][info][gc,heap        ] GC(320) Old regions: 38->46
[55.143s][info][gc,heap        ] GC(320) Humongous regions: 12->12
[55.143s][info][gc,metaspace   ] GC(320) Metaspace: 61009K->61009K(1103872K)
[55.143s][info][gc             ] GC(320) Pause Young (Normal) (G1 Evacuation Pause) 118M->61M(151M) 22.330ms
[55.143s][info][gc,cpu         ] GC(320) User=0.02s Sys=0.00s Real=0.02s
[55.175s][info][gc,start       ] GC(321) Pause Young (Normal) (G1 Evacuation Pause)
[55.175s][info][gc,task        ] GC(321) Using 1 workers of 1 for evacuation
[55.191s][info][gc,phases      ] GC(321)   Pre Evacuate Collection Set: 0.0ms
[55.191s][info][gc,phases      ] GC(321)   Evacuate Collection Set: 16.0ms
[55.191s][info][gc,phases      ] GC(321)   Post Evacuate Collection Set: 0.3ms
[55.191s][info][gc,phases      ] GC(321)   Other: 0.2ms
[55.191s][info][gc,heap        ] GC(321) Eden regions: 58->0(55)
[55.191s][info][gc,heap        ] GC(321) Survivor regions: 5->5(8)
[55.191s][info][gc,heap        ] GC(321) Old regions: 46->51
[55.191s][info][gc,heap        ] GC(321) Humongous regions: 12->12
[55.191s][info][gc,metaspace   ] GC(321) Metaspace: 61009K->61009K(1103872K)
[55.192s][info][gc             ] GC(321) Pause Young (Normal) (G1 Evacuation Pause) 119M->65M(151M) 16.568ms
[55.192s][info][gc,cpu         ] GC(321) User=0.01s Sys=0.00s Real=0.01s
[55.222s][info][gc,start       ] GC(322) Pause Young (Normal) (G1 Evacuation Pause)
[55.222s][info][gc,task        ] GC(322) Using 1 workers of 1 for evacuation
[55.241s][info][gc,phases      ] GC(322)   Pre Evacuate Collection Set: 0.0ms
[55.241s][info][gc,phases      ] GC(322)   Evacuate Collection Set: 17.8ms
[55.241s][info][gc,phases      ] GC(322)   Post Evacuate Collection Set: 0.7ms
[55.241s][info][gc,phases      ] GC(322)   Other: 0.2ms
[55.241s][info][gc,heap        ] GC(322) Eden regions: 55->0(87)
[55.241s][info][gc,heap        ] GC(322) Survivor regions: 5->5(8)
[55.241s][info][gc,heap        ] GC(322) Old regions: 51->55
[55.241s][info][gc,heap        ] GC(322) Humongous regions: 12->12
[55.241s][info][gc,metaspace   ] GC(322) Metaspace: 61009K->61009K(1103872K)
[55.241s][info][gc             ] GC(322) Pause Young (Normal) (G1 Evacuation Pause) 120M->69M(226M) 18.805ms
[55.241s][info][gc,cpu         ] GC(322) User=0.02s Sys=0.00s Real=0.02s
[55.316s][info][gc,start       ] GC(323) Pause Young (Normal) (G1 Evacuation Pause)
[55.316s][info][gc,task        ] GC(323) Using 1 workers of 1 for evacuation
[55.336s][info][gc,phases      ] GC(323)   Pre Evacuate Collection Set: 0.0ms
[55.336s][info][gc,phases      ] GC(323)   Evacuate Collection Set: 19.3ms
[55.336s][info][gc,phases      ] GC(323)   Post Evacuate Collection Set: 0.3ms
[55.336s][info][gc,phases      ] GC(323)   Other: 0.3ms
[55.336s][info][gc,heap        ] GC(323) Eden regions: 87->0(87)
[55.336s][info][gc,heap        ] GC(323) Survivor regions: 5->11(12)
[55.336s][info][gc,heap        ] GC(323) Old regions: 55->55
[55.336s][info][gc,heap        ] GC(323) Humongous regions: 12->12
[55.336s][info][gc,metaspace   ] GC(323) Metaspace: 61009K->61009K(1103872K)
[55.336s][info][gc             ] GC(323) Pause Young (Normal) (G1 Evacuation Pause) 156M->76M(226M) 19.889ms
[55.336s][info][gc,cpu         ] GC(323) User=0.02s Sys=0.00s Real=0.02s
[55.382s][info][gc,start       ] GC(324) Pause Young (Normal) (G1 Evacuation Pause)
[55.382s][info][gc,task        ] GC(324) Using 1 workers of 1 for evacuation
[55.409s][info][gc,phases      ] GC(324)   Pre Evacuate Collection Set: 0.0ms
[55.409s][info][gc,phases      ] GC(324)   Evacuate Collection Set: 27.2ms
[55.409s][info][gc,phases      ] GC(324)   Post Evacuate Collection Set: 0.3ms
[55.409s][info][gc,phases      ] GC(324)   Other: 0.2ms
[55.409s][info][gc,heap        ] GC(324) Eden regions: 87->0(86)
[55.409s][info][gc,heap        ] GC(324) Survivor regions: 11->7(13)
[55.409s][info][gc,heap        ] GC(324) Old regions: 55->66
[55.409s][info][gc,heap        ] GC(324) Humongous regions: 12->12
[55.409s][info][gc,metaspace   ] GC(324) Metaspace: 61009K->61009K(1103872K)
[55.410s][info][gc             ] GC(324) Pause Young (Normal) (G1 Evacuation Pause) 163M->83M(226M) 27.836ms
[55.410s][info][gc,cpu         ] GC(324) User=0.03s Sys=0.00s Real=0.03s
[55.454s][info][gc,start       ] GC(325) Pause Young (Normal) (G1 Evacuation Pause)
[55.454s][info][gc,task        ] GC(325) Using 1 workers of 1 for evacuation
[55.479s][info][gc,phases      ] GC(325)   Pre Evacuate Collection Set: 0.0ms
[55.479s][info][gc,phases      ] GC(325)   Evacuate Collection Set: 24.5ms
[55.479s][info][gc,phases      ] GC(325)   Post Evacuate Collection Set: 0.3ms
[55.479s][info][gc,phases      ] GC(325)   Other: 0.2ms
[55.479s][info][gc,heap        ] GC(325) Eden regions: 86->0(81)
[55.479s][info][gc,heap        ] GC(325) Survivor regions: 7->7(12)
[55.479s][info][gc,heap        ] GC(325) Old regions: 66->73
[55.479s][info][gc,heap        ] GC(325) Humongous regions: 17->17
[55.479s][info][gc,metaspace   ] GC(325) Metaspace: 61009K->61009K(1103872K)
[55.479s][info][gc             ] GC(325) Pause Young (Normal) (G1 Evacuation Pause) 174M->94M(226M) 25.050ms
[55.479s][info][gc,cpu         ] GC(325) User=0.02s Sys=0.00s Real=0.02s
[55.519s][info][gc,start       ] GC(326) Pause Young (Normal) (G1 Evacuation Pause)
[55.519s][info][gc,task        ] GC(326) Using 1 workers of 1 for evacuation
[55.541s][info][gc,phases      ] GC(326)   Pre Evacuate Collection Set: 0.0ms
[55.542s][info][gc,phases      ] GC(326)   Evacuate Collection Set: 21.4ms
[55.542s][info][gc,phases      ] GC(326)   Post Evacuate Collection Set: 0.7ms
[55.542s][info][gc,phases      ] GC(326)   Other: 0.2ms
[55.542s][info][gc,heap        ] GC(326) Eden regions: 81->0(126)
[55.542s][info][gc,heap        ] GC(326) Survivor regions: 7->7(11)
[55.542s][info][gc,heap        ] GC(326) Old regions: 73->79
[55.542s][info][gc,heap        ] GC(326) Humongous regions: 17->17
[55.542s][info][gc,metaspace   ] GC(326) Metaspace: 61009K->61009K(1103872K)
[55.542s][info][gc             ] GC(326) Pause Young (Normal) (G1 Evacuation Pause) 175M->100M(336M) 22.382ms
[55.542s][info][gc,cpu         ] GC(326) User=0.02s Sys=0.00s Real=0.02s
[55.636s][info][gc,start       ] GC(327) Pause Young (Normal) (G1 Evacuation Pause)
[55.636s][info][gc,task        ] GC(327) Using 1 workers of 1 for evacuation
[55.666s][info][gc,phases      ] GC(327)   Pre Evacuate Collection Set: 0.1ms
[55.666s][info][gc,phases      ] GC(327)   Evacuate Collection Set: 29.6ms
[55.666s][info][gc,phases      ] GC(327)   Post Evacuate Collection Set: 0.3ms
[55.666s][info][gc,phases      ] GC(327)   Other: 0.2ms
[55.666s][info][gc,heap        ] GC(327) Eden regions: 126->0(127)
[55.666s][info][gc,heap        ] GC(327) Survivor regions: 7->16(17)
[55.666s][info][gc,heap        ] GC(327) Old regions: 79->79
[55.666s][info][gc,heap        ] GC(327) Humongous regions: 17->17
[55.666s][info][gc,metaspace   ] GC(327) Metaspace: 61009K->61009K(1103872K)
[55.666s][info][gc             ] GC(327) Pause Young (Normal) (G1 Evacuation Pause) 226M->110M(336M) 30.351ms
[55.666s][info][gc,cpu         ] GC(327) User=0.03s Sys=0.00s Real=0.03s
[55.739s][info][gc,start       ] GC(328) Pause Young (Normal) (G1 Evacuation Pause)
[55.739s][info][gc,task        ] GC(328) Using 1 workers of 1 for evacuation
[55.782s][info][gc,phases      ] GC(328)   Pre Evacuate Collection Set: 0.0ms
[55.782s][info][gc,phases      ] GC(328)   Evacuate Collection Set: 41.6ms
[55.782s][info][gc,phases      ] GC(328)   Post Evacuate Collection Set: 0.3ms
[55.782s][info][gc,phases      ] GC(328)   Other: 0.3ms
[55.782s][info][gc,heap        ] GC(328) Eden regions: 127->0(126)
[55.782s][info][gc,heap        ] GC(328) Survivor regions: 16->10(18)
[55.782s][info][gc,heap        ] GC(328) Old regions: 79->95
[55.782s][info][gc,heap        ] GC(328) Humongous regions: 17->17
[55.782s][info][gc,metaspace   ] GC(328) Metaspace: 61009K->61009K(1103872K)
[55.782s][info][gc             ] GC(328) Pause Young (Normal) (G1 Evacuation Pause) 237M->120M(336M) 42.257ms
[55.782s][info][gc,cpu         ] GC(328) User=0.05s Sys=0.00s Real=0.04s
[55.861s][info][gc,start       ] GC(329) Pause Young (Normal) (G1 Evacuation Pause)
[55.861s][info][gc,task        ] GC(329) Using 1 workers of 1 for evacuation
[55.916s][info][gc,phases      ] GC(329)   Pre Evacuate Collection Set: 0.0ms
[55.916s][info][gc,phases      ] GC(329)   Evacuate Collection Set: 54.5ms
[55.916s][info][gc,phases      ] GC(329)   Post Evacuate Collection Set: 0.3ms
[55.916s][info][gc,phases      ] GC(329)   Other: 0.3ms
[55.916s][info][gc,heap        ] GC(329) Eden regions: 126->0(125)
[55.916s][info][gc,heap        ] GC(329) Survivor regions: 10->10(17)
[55.916s][info][gc,heap        ] GC(329) Old regions: 95->105
[55.916s][info][gc,heap        ] GC(329) Humongous regions: 17->17
[55.916s][info][gc,metaspace   ] GC(329) Metaspace: 61009K->61009K(1103872K)
[55.916s][info][gc             ] GC(329) Pause Young (Normal) (G1 Evacuation Pause) 246M->129M(336M) 55.141ms
[55.916s][info][gc,cpu         ] GC(329) User=0.06s Sys=0.00s Real=0.06s
[56.102s][info][gc,start       ] GC(330) Pause Young (Normal) (G1 Evacuation Pause)
[56.102s][info][gc,task        ] GC(330) Using 1 workers of 1 for evacuation
[56.138s][info][gc,phases      ] GC(330)   Pre Evacuate Collection Set: 0.0ms
[56.138s][info][gc,phases      ] GC(330)   Evacuate Collection Set: 35.2ms
[56.138s][info][gc,phases      ] GC(330)   Post Evacuate Collection Set: 0.6ms
[56.138s][info][gc,phases      ] GC(330)   Other: 0.3ms
[56.138s][info][gc,heap        ] GC(330) Eden regions: 125->0(149)
[56.138s][info][gc,heap        ] GC(330) Survivor regions: 10->9(17)
[56.138s][info][gc,heap        ] GC(330) Old regions: 105->115
[56.138s][info][gc,heap        ] GC(330) Humongous regions: 22->17
[56.138s][info][gc,metaspace   ] GC(330) Metaspace: 61054K->61054K(1103872K)
[56.138s][info][gc             ] GC(330) Pause Young (Normal) (G1 Evacuation Pause) 259M->138M(402M) 36.142ms
[56.138s][info][gc,cpu         ] GC(330) User=0.03s Sys=0.00s Real=0.04s
[56.381s][info][gc,start       ] GC(331) Pause Young (Normal) (G1 Evacuation Pause)
[56.381s][info][gc,task        ] GC(331) Using 1 workers of 1 for evacuation
[56.428s][info][gc,phases      ] GC(331)   Pre Evacuate Collection Set: 0.0ms
[56.428s][info][gc,phases      ] GC(331)   Evacuate Collection Set: 46.6ms
[56.428s][info][gc,phases      ] GC(331)   Post Evacuate Collection Set: 0.3ms
[56.428s][info][gc,phases      ] GC(331)   Other: 0.4ms
[56.428s][info][gc,heap        ] GC(331) Eden regions: 149->0(147)
[56.428s][info][gc,heap        ] GC(331) Survivor regions: 9->19(20)
[56.428s][info][gc,heap        ] GC(331) Old regions: 115->115
[56.428s][info][gc,heap        ] GC(331) Humongous regions: 20->20
[56.428s][info][gc,metaspace   ] GC(331) Metaspace: 61054K->61054K(1103872K)
[56.428s][info][gc             ] GC(331) Pause Young (Normal) (G1 Evacuation Pause) 290M->151M(402M) 47.448ms
[56.428s][info][gc,cpu         ] GC(331) User=0.04s Sys=0.00s Real=0.05s
[56.609s][info][gc,start       ] GC(332) Pause Young (Normal) (G1 Evacuation Pause)
[56.609s][info][gc,task        ] GC(332) Using 1 workers of 1 for evacuation
[56.729s][info][gc,phases      ] GC(332)   Pre Evacuate Collection Set: 0.0ms
[56.730s][info][gc,phases      ] GC(332)   Evacuate Collection Set: 119.8ms
[56.730s][info][gc,phases      ] GC(332)   Post Evacuate Collection Set: 0.4ms
[56.730s][info][gc,phases      ] GC(332)   Other: 0.7ms
[56.730s][info][gc,heap        ] GC(332) Eden regions: 147->0(144)
[56.730s][info][gc,heap        ] GC(332) Survivor regions: 19->11(21)
[56.730s][info][gc,heap        ] GC(332) Old regions: 115->134
[56.730s][info][gc,heap        ] GC(332) Humongous regions: 23->23
[56.730s][info][gc,metaspace   ] GC(332) Metaspace: 61054K->61054K(1103872K)
[56.730s][info][gc             ] GC(332) Pause Young (Normal) (G1 Evacuation Pause) 301M->165M(402M) 121.056ms
[56.730s][info][gc,cpu         ] GC(332) User=0.12s Sys=0.00s Real=0.12s
[56.924s][info][gc,start       ] GC(333) Pause Young (Normal) (G1 Evacuation Pause)
[56.924s][info][gc,task        ] GC(333) Using 1 workers of 1 for evacuation
[56.965s][info][gc,phases      ] GC(333)   Pre Evacuate Collection Set: 0.0ms
[56.965s][info][gc,phases      ] GC(333)   Evacuate Collection Set: 40.2ms
[56.965s][info][gc,phases      ] GC(333)   Post Evacuate Collection Set: 0.3ms
[56.965s][info][gc,phases      ] GC(333)   Other: 0.4ms
[56.965s][info][gc,heap        ] GC(333) Eden regions: 144->0(141)
[56.965s][info][gc,heap        ] GC(333) Survivor regions: 11->11(20)
[56.965s][info][gc,heap        ] GC(333) Old regions: 134->145
[56.965s][info][gc,heap        ] GC(333) Humongous regions: 23->23
[56.965s][info][gc,metaspace   ] GC(333) Metaspace: 61054K->61054K(1103872K)
[56.965s][info][gc             ] GC(333) Pause Young (Normal) (G1 Evacuation Pause) 309M->176M(402M) 40.958ms
[56.965s][info][gc,cpu         ] GC(333) User=0.04s Sys=0.00s Real=0.04s
[57.042s][info][gc,start       ] GC(334) Pause Young (Normal) (G1 Evacuation Pause)
[57.042s][info][gc,task        ] GC(334) Using 1 workers of 1 for evacuation
[57.089s][info][gc,phases      ] GC(334)   Pre Evacuate Collection Set: 0.0ms
[57.089s][info][gc,phases      ] GC(334)   Evacuate Collection Set: 46.3ms
[57.089s][info][gc,phases      ] GC(334)   Post Evacuate Collection Set: 0.5ms
[57.089s][info][gc,phases      ] GC(334)   Other: 0.3ms
[57.090s][info][gc,heap        ] GC(334) Eden regions: 141->0(151)
[57.090s][info][gc,heap        ] GC(334) Survivor regions: 11->11(19)
[57.090s][info][gc,heap        ] GC(334) Old regions: 145->156
[57.090s][info][gc,heap        ] GC(334) Humongous regions: 23->23
[57.090s][info][gc,metaspace   ] GC(334) Metaspace: 61054K->61054K(1103872K)
[57.090s][info][gc             ] GC(334) Pause Young (Normal) (G1 Evacuation Pause) 317M->187M(442M) 47.125ms
[57.090s][info][gc,cpu         ] GC(334) User=0.04s Sys=0.00s Real=0.05s
[57.203s][info][gc,start       ] GC(335) Pause Young (Normal) (G1 Evacuation Pause)
[57.203s][info][gc,task        ] GC(335) Using 1 workers of 1 for evacuation
[57.249s][info][gc,phases      ] GC(335)   Pre Evacuate Collection Set: 0.0ms
[57.249s][info][gc,phases      ] GC(335)   Evacuate Collection Set: 46.0ms
[57.249s][info][gc,phases      ] GC(335)   Post Evacuate Collection Set: 0.3ms
[57.249s][info][gc,phases      ] GC(335)   Other: 0.3ms
[57.249s][info][gc,heap        ] GC(335) Eden regions: 151->0(147)
[57.249s][info][gc,heap        ] GC(335) Survivor regions: 11->12(21)
[57.249s][info][gc,heap        ] GC(335) Old regions: 156->167
[57.249s][info][gc,heap        ] GC(335) Humongous regions: 28->28
[57.249s][info][gc,metaspace   ] GC(335) Metaspace: 61054K->61054K(1103872K)
[57.250s][info][gc             ] GC(335) Pause Young (Normal) (G1 Evacuation Pause) 343M->204M(442M) 46.812ms
[57.250s][info][gc,cpu         ] GC(335) User=0.05s Sys=0.00s Real=0.05s
[57.337s][info][gc,start       ] GC(336) Pause Young (Normal) (G1 Evacuation Pause)
[57.337s][info][gc,task        ] GC(336) Using 1 workers of 1 for evacuation
[57.377s][info][gc,phases      ] GC(336)   Pre Evacuate Collection Set: 0.0ms
[57.377s][info][gc,phases      ] GC(336)   Evacuate Collection Set: 39.4ms
[57.377s][info][gc,phases      ] GC(336)   Post Evacuate Collection Set: 0.3ms
[57.377s][info][gc,phases      ] GC(336)   Other: 0.3ms
[57.377s][info][gc,heap        ] GC(336) Eden regions: 147->0(143)
[57.377s][info][gc,heap        ] GC(336) Survivor regions: 12->12(20)
[57.377s][info][gc,heap        ] GC(336) Old regions: 167->178
[57.377s][info][gc,heap        ] GC(336) Humongous regions: 28->28
[57.377s][info][gc,metaspace   ] GC(336) Metaspace: 61054K->61054K(1103872K)
[57.377s][info][gc             ] GC(336) Pause Young (Normal) (G1 Evacuation Pause) 351M->215M(442M) 39.999ms
[57.377s][info][gc,cpu         ] GC(336) User=0.04s Sys=0.00s Real=0.04s
[57.467s][info][gc,start       ] GC(337) Pause Young (Concurrent Start) (G1 Evacuation Pause)
[57.467s][info][gc,task        ] GC(337) Using 1 workers of 1 for evacuation
[57.511s][info][gc,phases      ] GC(337)   Pre Evacuate Collection Set: 0.3ms
[57.511s][info][gc,phases      ] GC(337)   Evacuate Collection Set: 43.1ms
[57.511s][info][gc,phases      ] GC(337)   Post Evacuate Collection Set: 0.5ms
[57.511s][info][gc,phases      ] GC(337)   Other: 0.3ms
[57.511s][info][gc,heap        ] GC(337) Eden regions: 143->0(138)
[57.511s][info][gc,heap        ] GC(337) Survivor regions: 12->11(20)
[57.511s][info][gc,heap        ] GC(337) Old regions: 178->190
[57.511s][info][gc,heap        ] GC(337) Humongous regions: 28->28
[57.511s][info][gc,metaspace   ] GC(337) Metaspace: 61054K->61054K(1103872K)
[57.511s][info][gc             ] GC(337) Pause Young (Concurrent Start) (G1 Evacuation Pause) 358M->226M(442M) 44.307ms
[57.511s][info][gc,cpu         ] GC(337) User=0.04s Sys=0.00s Real=0.04s
[57.511s][info][gc             ] GC(338) Concurrent Cycle
[57.511s][info][gc,marking     ] GC(338) Concurrent Clear Claimed Marks
[57.513s][info][gc,marking     ] GC(338) Concurrent Clear Claimed Marks 1.613ms
[57.513s][info][gc,marking     ] GC(338) Concurrent Scan Root Regions
[57.523s][info][gc,marking     ] GC(338) Concurrent Scan Root Regions 10.017ms
[57.523s][info][gc,marking     ] GC(338) Concurrent Mark (57.523s)
[57.523s][info][gc,marking     ] GC(338) Concurrent Mark From Roots
[57.523s][info][gc,task        ] GC(338) Using 1 workers of 1 for marking
[57.668s][info][gc,start       ] GC(339) Pause Young (Normal) (G1 Evacuation Pause)
[57.668s][info][gc,task        ] GC(339) Using 1 workers of 1 for evacuation
[57.707s][info][gc,phases      ] GC(339)   Pre Evacuate Collection Set: 0.0ms
[57.707s][info][gc,phases      ] GC(339)   Evacuate Collection Set: 37.8ms
[57.707s][info][gc,phases      ] GC(339)   Post Evacuate Collection Set: 0.4ms
[57.707s][info][gc,phases      ] GC(339)   Other: 0.3ms
[57.707s][info][gc,heap        ] GC(339) Eden regions: 138->0(141)
[57.707s][info][gc,heap        ] GC(339) Survivor regions: 11->11(19)
[57.707s][info][gc,heap        ] GC(339) Old regions: 190->201
[57.707s][info][gc,heap        ] GC(339) Humongous regions: 28->28
[57.707s][info][gc,metaspace   ] GC(339) Metaspace: 61054K->61054K(1103872K)
[57.707s][info][gc             ] GC(339) Pause Young (Normal) (G1 Evacuation Pause) 364M->237M(458M) 38.579ms
[57.707s][info][gc,cpu         ] GC(339) User=0.04s Sys=0.00s Real=0.04s
[57.801s][info][gc,marking     ] GC(338) Concurrent Mark From Roots 278.118ms
[57.801s][info][gc,marking     ] GC(338) Concurrent Preclean
[57.801s][info][gc,marking     ] GC(338) Concurrent Preclean 0.062ms
[57.801s][info][gc,marking     ] GC(338) Concurrent Mark (57.523s, 57.801s) 278.234ms
[57.805s][info][gc,start       ] GC(338) Pause Remark
[57.820s][info][gc,stringtable ] GC(338) Cleaned string and symbol table, strings: 21752 processed, 16 removed, symbols: 131607 processed, 0 removed
[57.821s][info][gc             ] GC(338) Pause Remark 258M->152M(458M) 15.479ms
[57.821s][info][gc,cpu         ] GC(338) User=0.01s Sys=0.00s Real=0.01s
[57.821s][info][gc,marking     ] GC(338) Concurrent Rebuild Remembered Sets
[58.057s][info][gc,marking     ] GC(338) Concurrent Rebuild Remembered Sets 236.658ms
[58.060s][info][gc,start       ] GC(338) Pause Cleanup
[58.060s][info][gc             ] GC(338) Pause Cleanup 238M->238M(458M) 0.191ms
[58.060s][info][gc,cpu         ] GC(338) User=0.00s Sys=0.00s Real=0.00s
[58.060s][info][gc,marking     ] GC(338) Concurrent Cleanup for Next Mark
[58.066s][info][gc,marking     ] GC(338) Concurrent Cleanup for Next Mark 5.581ms
[58.066s][info][gc             ] GC(338) Concurrent Cycle 554.236ms
[58.099s][info][gc,start       ] GC(340) Pause Young (Normal) (G1 Evacuation Pause)
[58.099s][info][gc,task        ] GC(340) Using 1 workers of 1 for evacuation
[58.117s][info][gc,phases      ] GC(340)   Pre Evacuate Collection Set: 0.0ms
[58.117s][info][gc,phases      ] GC(340)   Evacuate Collection Set: 17.4ms
[58.117s][info][gc,phases      ] GC(340)   Post Evacuate Collection Set: 0.4ms
[58.117s][info][gc,phases      ] GC(340)   Other: 0.3ms
[58.117s][info][gc,heap        ] GC(340) Eden regions: 141->0(193)
[58.117s][info][gc,heap        ] GC(340) Survivor regions: 11->1(19)
[58.117s][info][gc,heap        ] GC(340) Old regions: 112->122
[58.117s][info][gc,heap        ] GC(340) Humongous regions: 11->11
[58.117s][info][gc,metaspace   ] GC(340) Metaspace: 61072K->61072K(1103872K)
[58.117s][info][gc             ] GC(340) Pause Young (Normal) (G1 Evacuation Pause) 272M->132M(458M) 18.179ms
[58.117s][info][gc,cpu         ] GC(340) User=0.02s Sys=0.00s Real=0.02s
[58.336s][info][gc,start       ] GC(341) Pause Young (Normal) (G1 Evacuation Pause)
[58.336s][info][gc,task        ] GC(341) Using 1 workers of 1 for evacuation
[58.339s][info][gc,phases      ] GC(341)   Pre Evacuate Collection Set: 0.0ms
[58.340s][info][gc,phases      ] GC(341)   Evacuate Collection Set: 2.5ms
[58.340s][info][gc,phases      ] GC(341)   Post Evacuate Collection Set: 0.4ms
[58.340s][info][gc,phases      ] GC(341)   Other: 0.4ms
[58.340s][info][gc,heap        ] GC(341) Eden regions: 193->0(201)
[58.340s][info][gc,heap        ] GC(341) Survivor regions: 1->1(25)
[58.340s][info][gc,heap        ] GC(341) Old regions: 122->122
[58.340s][info][gc,heap        ] GC(341) Humongous regions: 11->11
[58.340s][info][gc,metaspace   ] GC(341) Metaspace: 61072K->61072K(1103872K)
[58.340s][info][gc             ] GC(341) Pause Young (Normal) (G1 Evacuation Pause) 325M->132M(458M) 3.351ms
[58.340s][info][gc,cpu         ] GC(341) User=0.00s Sys=0.00s Real=0.00s
[58.574s][info][gc,start       ] GC(342) Pause Young (Normal) (G1 Evacuation Pause)
[58.574s][info][gc,task        ] GC(342) Using 1 workers of 1 for evacuation
[58.577s][info][gc,phases      ] GC(342)   Pre Evacuate Collection Set: 0.0ms
[58.577s][info][gc,phases      ] GC(342)   Evacuate Collection Set: 2.4ms
[58.577s][info][gc,phases      ] GC(342)   Post Evacuate Collection Set: 0.3ms
[58.577s][info][gc,phases      ] GC(342)   Other: 0.3ms
[58.577s][info][gc,heap        ] GC(342) Eden regions: 201->0(208)
[58.577s][info][gc,heap        ] GC(342) Survivor regions: 1->1(26)
[58.577s][info][gc,heap        ] GC(342) Old regions: 122->122
[58.577s][info][gc,heap        ] GC(342) Humongous regions: 11->11
[58.577s][info][gc,metaspace   ] GC(342) Metaspace: 61072K->61072K(1103872K)
[58.577s][info][gc             ] GC(342) Pause Young (Normal) (G1 Evacuation Pause) 333M->132M(458M) 3.090ms
[58.577s][info][gc,cpu         ] GC(342) User=0.00s Sys=0.00s Real=0.00s
[58.820s][info][gc,start       ] GC(343) Pause Young (Normal) (G1 Evacuation Pause)
[58.820s][info][gc,task        ] GC(343) Using 1 workers of 1 for evacuation
[58.823s][info][gc,phases      ] GC(343)   Pre Evacuate Collection Set: 0.0ms
[58.823s][info][gc,phases      ] GC(343)   Evacuate Collection Set: 2.3ms
[58.823s][info][gc,phases      ] GC(343)   Post Evacuate Collection Set: 0.3ms
[58.823s][info][gc,phases      ] GC(343)   Other: 0.4ms
[58.823s][info][gc,heap        ] GC(343) Eden regions: 208->0(214)
[58.823s][info][gc,heap        ] GC(343) Survivor regions: 1->1(27)
[58.823s][info][gc,heap        ] GC(343) Old regions: 122->122
[58.823s][info][gc,heap        ] GC(343) Humongous regions: 11->11
[58.823s][info][gc,metaspace   ] GC(343) Metaspace: 61072K->61072K(1103872K)
[58.823s][info][gc             ] GC(343) Pause Young (Normal) (G1 Evacuation Pause) 340M->132M(458M) 2.993ms
[58.823s][info][gc,cpu         ] GC(343) User=0.00s Sys=0.00s Real=0.00s
[59.062s][info][gc,start       ] GC(344) Pause Young (Normal) (G1 Evacuation Pause)
[59.062s][info][gc,task        ] GC(344) Using 1 workers of 1 for evacuation
[59.065s][info][gc,phases      ] GC(344)   Pre Evacuate Collection Set: 0.0ms
[59.065s][info][gc,phases      ] GC(344)   Evacuate Collection Set: 2.7ms
[59.065s][info][gc,phases      ] GC(344)   Post Evacuate Collection Set: 0.4ms
[59.065s][info][gc,phases      ] GC(344)   Other: 0.4ms
[59.065s][info][gc,heap        ] GC(344) Eden regions: 214->0(219)
[59.065s][info][gc,heap        ] GC(344) Survivor regions: 1->1(27)
[59.065s][info][gc,heap        ] GC(344) Old regions: 122->122
[59.065s][info][gc,heap        ] GC(344) Humongous regions: 11->11
[59.065s][info][gc,metaspace   ] GC(344) Metaspace: 61072K->61072K(1103872K)
[59.066s][info][gc             ] GC(344) Pause Young (Normal) (G1 Evacuation Pause) 346M->132M(458M) 3.546ms
[59.066s][info][gc,cpu         ] GC(344) User=0.01s Sys=0.00s Real=0.01s
[59.307s][info][gc,start       ] GC(345) Pause Young (Normal) (G1 Evacuation Pause)
[59.307s][info][gc,task        ] GC(345) Using 1 workers of 1 for evacuation
[59.312s][info][gc,phases      ] GC(345)   Pre Evacuate Collection Set: 0.0ms
[59.312s][info][gc,phases      ] GC(345)   Evacuate Collection Set: 4.4ms
[59.312s][info][gc,phases      ] GC(345)   Post Evacuate Collection Set: 0.5ms
[59.312s][info][gc,phases      ] GC(345)   Other: 0.5ms
[59.312s][info][gc,heap        ] GC(345) Eden regions: 219->0(224)
[59.312s][info][gc,heap        ] GC(345) Survivor regions: 1->1(28)
[59.312s][info][gc,heap        ] GC(345) Old regions: 122->122
[59.312s][info][gc,heap        ] GC(345) Humongous regions: 11->11
[59.312s][info][gc,metaspace   ] GC(345) Metaspace: 61072K->61072K(1103872K)
[59.312s][info][gc             ] GC(345) Pause Young (Normal) (G1 Evacuation Pause) 351M->132M(458M) 5.678ms
[59.312s][info][gc,cpu         ] GC(345) User=0.00s Sys=0.00s Real=0.01s
[59.555s][info][gc,start       ] GC(346) Pause Young (Normal) (G1 Evacuation Pause)
[59.555s][info][gc,task        ] GC(346) Using 1 workers of 1 for evacuation
[59.558s][info][gc,phases      ] GC(346)   Pre Evacuate Collection Set: 0.0ms
[59.558s][info][gc,phases      ] GC(346)   Evacuate Collection Set: 2.5ms
[59.558s][info][gc,phases      ] GC(346)   Post Evacuate Collection Set: 0.3ms
[59.558s][info][gc,phases      ] GC(346)   Other: 0.4ms
[59.558s][info][gc,heap        ] GC(346) Eden regions: 224->0(228)
[59.558s][info][gc,heap        ] GC(346) Survivor regions: 1->1(29)
[59.558s][info][gc,heap        ] GC(346) Old regions: 122->122
[59.558s][info][gc,heap        ] GC(346) Humongous regions: 11->11
[59.558s][info][gc,metaspace   ] GC(346) Metaspace: 61072K->61072K(1103872K)
[59.558s][info][gc             ] GC(346) Pause Young (Normal) (G1 Evacuation Pause) 356M->132M(458M) 3.331ms
[59.558s][info][gc,cpu         ] GC(346) User=0.00s Sys=0.00s Real=0.00s
[59.811s][info][gc,start       ] GC(347) Pause Young (Normal) (G1 Evacuation Pause)
[59.811s][info][gc,task        ] GC(347) Using 1 workers of 1 for evacuation
[59.814s][info][gc,phases      ] GC(347)   Pre Evacuate Collection Set: 0.0ms
[59.814s][info][gc,phases      ] GC(347)   Evacuate Collection Set: 2.5ms
[59.814s][info][gc,phases      ] GC(347)   Post Evacuate Collection Set: 0.3ms
[59.814s][info][gc,phases      ] GC(347)   Other: 0.3ms
[59.814s][info][gc,heap        ] GC(347) Eden regions: 228->0(232)
[59.814s][info][gc,heap        ] GC(347) Survivor regions: 1->1(29)
[59.814s][info][gc,heap        ] GC(347) Old regions: 122->122
[59.814s][info][gc,heap        ] GC(347) Humongous regions: 11->11
[59.814s][info][gc,metaspace   ] GC(347) Metaspace: 61072K->61072K(1103872K)
[59.814s][info][gc             ] GC(347) Pause Young (Normal) (G1 Evacuation Pause) 360M->132M(458M) 3.168ms
[59.814s][info][gc,cpu         ] GC(347) User=0.00s Sys=0.00s Real=0.01s
[60.018s][info][gc,start       ] GC(348) Pause Young (Normal) (G1 Evacuation Pause)
[60.018s][info][gc,task        ] GC(348) Using 1 workers of 1 for evacuation
[60.021s][info][gc,phases      ] GC(348)   Pre Evacuate Collection Set: 0.0ms
[60.021s][info][gc,phases      ] GC(348)   Evacuate Collection Set: 2.3ms
[60.021s][info][gc,phases      ] GC(348)   Post Evacuate Collection Set: 0.3ms
[60.021s][info][gc,phases      ] GC(348)   Other: 0.3ms
[60.021s][info][gc,heap        ] GC(348) Eden regions: 232->0(236)
[60.021s][info][gc,heap        ] GC(348) Survivor regions: 1->1(30)
[60.021s][info][gc,heap        ] GC(348) Old regions: 122->122
[60.021s][info][gc,heap        ] GC(348) Humongous regions: 11->11
[60.021s][info][gc,metaspace   ] GC(348) Metaspace: 61072K->61072K(1103872K)
[60.021s][info][gc             ] GC(348) Pause Young (Normal) (G1 Evacuation Pause) 364M->132M(458M) 3.017ms
[60.021s][info][gc,cpu         ] GC(348) User=0.00s Sys=0.00s Real=0.00s
[60.246s][info][gc,start       ] GC(349) Pause Young (Normal) (G1 Evacuation Pause)
[60.246s][info][gc,task        ] GC(349) Using 1 workers of 1 for evacuation
[60.250s][info][gc,phases      ] GC(349)   Pre Evacuate Collection Set: 0.0ms
[60.250s][info][gc,phases      ] GC(349)   Evacuate Collection Set: 2.5ms
[60.250s][info][gc,phases      ] GC(349)   Post Evacuate Collection Set: 0.4ms
[60.250s][info][gc,phases      ] GC(349)   Other: 0.4ms
[60.250s][info][gc,heap        ] GC(349) Eden regions: 236->0(239)
[60.250s][info][gc,heap        ] GC(349) Survivor regions: 1->1(30)
[60.250s][info][gc,heap        ] GC(349) Old regions: 122->122
[60.250s][info][gc,heap        ] GC(349) Humongous regions: 11->11
[60.250s][info][gc,metaspace   ] GC(349) Metaspace: 61072K->61072K(1103872K)
[60.250s][info][gc             ] GC(349) Pause Young (Normal) (G1 Evacuation Pause) 368M->132M(458M) 3.443ms
[60.250s][info][gc,cpu         ] GC(349) User=0.01s Sys=0.00s Real=0.00s
[60.474s][info][gc,start       ] GC(350) Pause Young (Normal) (G1 Evacuation Pause)
[60.474s][info][gc,task        ] GC(350) Using 1 workers of 1 for evacuation
[60.477s][info][gc,phases      ] GC(350)   Pre Evacuate Collection Set: 0.0ms
[60.477s][info][gc,phases      ] GC(350)   Evacuate Collection Set: 2.4ms
[60.477s][info][gc,phases      ] GC(350)   Post Evacuate Collection Set: 0.3ms
[60.477s][info][gc,phases      ] GC(350)   Other: 0.3ms
[60.477s][info][gc,heap        ] GC(350) Eden regions: 239->0(242)
[60.477s][info][gc,heap        ] GC(350) Survivor regions: 1->1(30)
[60.477s][info][gc,heap        ] GC(350) Old regions: 122->122
[60.477s][info][gc,heap        ] GC(350) Humongous regions: 11->11
[60.477s][info][gc,metaspace   ] GC(350) Metaspace: 61072K->61072K(1103872K)
[60.477s][info][gc             ] GC(350) Pause Young (Normal) (G1 Evacuation Pause) 371M->132M(458M) 3.134ms
[60.477s][info][gc,cpu         ] GC(350) User=0.00s Sys=0.00s Real=0.00s
[60.678s][info][gc,start       ] GC(351) Pause Young (Normal) (G1 Evacuation Pause)
[60.678s][info][gc,task        ] GC(351) Using 1 workers of 1 for evacuation
[60.680s][info][gc,phases      ] GC(351)   Pre Evacuate Collection Set: 0.0ms
[60.680s][info][gc,phases      ] GC(351)   Evacuate Collection Set: 2.3ms
[60.680s][info][gc,phases      ] GC(351)   Post Evacuate Collection Set: 0.3ms
[60.681s][info][gc,phases      ] GC(351)   Other: 0.3ms
[60.681s][info][gc,heap        ] GC(351) Eden regions: 242->0(245)
[60.681s][info][gc,heap        ] GC(351) Survivor regions: 1->1(31)
[60.681s][info][gc,heap        ] GC(351) Old regions: 122->122
[60.681s][info][gc,heap        ] GC(351) Humongous regions: 11->11
[60.681s][info][gc,metaspace   ] GC(351) Metaspace: 61072K->61072K(1103872K)
[60.681s][info][gc             ] GC(351) Pause Young (Normal) (G1 Evacuation Pause) 374M->132M(458M) 3.003ms
[60.681s][info][gc,cpu         ] GC(351) User=0.00s Sys=0.00s Real=0.00s
[60.909s][info][gc,start       ] GC(352) Pause Young (Normal) (G1 Evacuation Pause)
[60.909s][info][gc,task        ] GC(352) Using 1 workers of 1 for evacuation
[60.912s][info][gc,phases      ] GC(352)   Pre Evacuate Collection Set: 0.0ms
[60.912s][info][gc,phases      ] GC(352)   Evacuate Collection Set: 2.3ms
[60.912s][info][gc,phases      ] GC(352)   Post Evacuate Collection Set: 0.3ms
[60.912s][info][gc,phases      ] GC(352)   Other: 0.3ms
[60.912s][info][gc,heap        ] GC(352) Eden regions: 245->0(247)
[60.912s][info][gc,heap        ] GC(352) Survivor regions: 1->1(31)
[60.912s][info][gc,heap        ] GC(352) Old regions: 122->122
[60.912s][info][gc,heap        ] GC(352) Humongous regions: 11->11
[60.912s][info][gc,metaspace   ] GC(352) Metaspace: 61072K->61072K(1103872K)
[60.912s][info][gc             ] GC(352) Pause Young (Normal) (G1 Evacuation Pause) 377M->132M(458M) 2.997ms
[60.912s][info][gc,cpu         ] GC(352) User=0.00s Sys=0.00s Real=0.01s
[61.010s][info][gc,task        ] GC(353) Using 1 workers of 1 for full compaction
[61.010s][info][gc,start       ] GC(353) Pause Full (System.gc())
[61.014s][info][gc,phases,start] GC(353) Phase 1: Mark live objects
[61.063s][info][gc,stringtable ] GC(353) Cleaned string and symbol table, strings: 21748 processed, 10 removed, symbols: 131609 processed, 0 removed
[61.063s][info][gc,phases      ] GC(353) Phase 1: Mark live objects 49.459ms
[61.063s][info][gc,phases,start] GC(353) Phase 2: Prepare for compaction
[61.068s][info][gc,phases      ] GC(353) Phase 2: Prepare for compaction 4.430ms
[61.068s][info][gc,phases,start] GC(353) Phase 3: Adjust pointers
[61.086s][info][gc,phases      ] GC(353) Phase 3: Adjust pointers 18.729ms
[61.086s][info][gc,phases,start] GC(353) Phase 4: Compact heap
[61.090s][info][gc,phases      ] GC(353) Phase 4: Compact heap 3.886ms
[61.105s][info][gc,heap        ] GC(353) Eden regions: 30->0(59)
[61.105s][info][gc,heap        ] GC(353) Survivor regions: 1->0(31)
[61.105s][info][gc,heap        ] GC(353) Old regions: 122->24
[61.105s][info][gc,heap        ] GC(353) Humongous regions: 16->6
[61.105s][info][gc,metaspace   ] GC(353) Metaspace: 61089K->61089K(1103872K)
[61.105s][info][gc             ] GC(353) Pause Full (System.gc()) 166M->28M(100M) 94.706ms
[61.105s][info][gc,cpu         ] GC(353) User=0.07s Sys=0.01s Real=0.10s
[61.198s][info][gc,start       ] GC(354) Pause Young (Normal) (G1 Evacuation Pause)
[61.198s][info][gc,task        ] GC(354) Using 1 workers of 1 for evacuation
[61.205s][info][gc,phases      ] GC(354)   Pre Evacuate Collection Set: 0.0ms
[61.205s][info][gc,phases      ] GC(354)   Evacuate Collection Set: 6.9ms
[61.205s][info][gc,phases      ] GC(354)   Post Evacuate Collection Set: 0.3ms
[61.205s][info][gc,phases      ] GC(354)   Other: 0.3ms
[61.205s][info][gc,heap        ] GC(354) Eden regions: 59->0(52)
[61.205s][info][gc,heap        ] GC(354) Survivor regions: 0->4(8)
[61.205s][info][gc,heap        ] GC(354) Old regions: 24->24
[61.205s][info][gc,heap        ] GC(354) Humongous regions: 11->6
[61.205s][info][gc,metaspace   ] GC(354) Metaspace: 61122K->61122K(1103872K)
[61.205s][info][gc             ] GC(354) Pause Young (Normal) (G1 Evacuation Pause) 92M->31M(100M) 7.507ms
[61.205s][info][gc,cpu         ] GC(354) User=0.01s Sys=0.00s Real=0.01s
[61.234s][info][gc,start       ] GC(355) Pause Young (Normal) (G1 Evacuation Pause)
[61.234s][info][gc,task        ] GC(355) Using 1 workers of 1 for evacuation
[61.249s][info][gc,phases      ] GC(355)   Pre Evacuate Collection Set: 0.0ms
[61.249s][info][gc,phases      ] GC(355)   Evacuate Collection Set: 14.7ms
[61.249s][info][gc,phases      ] GC(355)   Post Evacuate Collection Set: 0.2ms
[61.249s][info][gc,phases      ] GC(355)   Other: 0.3ms
[61.249s][info][gc,heap        ] GC(355) Eden regions: 52->0(45)
[61.249s][info][gc,heap        ] GC(355) Survivor regions: 4->7(7)
[61.249s][info][gc,heap        ] GC(355) Old regions: 24->24
[61.249s][info][gc,heap        ] GC(355) Humongous regions: 7->7
[61.249s][info][gc,metaspace   ] GC(355) Metaspace: 61122K->61122K(1103872K)
[61.249s][info][gc             ] GC(355) Pause Young (Normal) (G1 Evacuation Pause) 84M->36M(100M) 15.279ms
[61.249s][info][gc,cpu         ] GC(355) User=0.02s Sys=0.00s Real=0.01s
[61.273s][info][gc,start       ] GC(356) Pause Young (Normal) (G1 Evacuation Pause)
[61.273s][info][gc,task        ] GC(356) Using 1 workers of 1 for evacuation
[61.290s][info][gc,phases      ] GC(356)   Pre Evacuate Collection Set: 0.0ms
[61.290s][info][gc,phases      ] GC(356)   Evacuate Collection Set: 16.3ms
[61.290s][info][gc,phases      ] GC(356)   Post Evacuate Collection Set: 0.2ms
[61.290s][info][gc,phases      ] GC(356)   Other: 0.2ms
[61.290s][info][gc,heap        ] GC(356) Eden regions: 45->0(42)
[61.290s][info][gc,heap        ] GC(356) Survivor regions: 7->4(7)
[61.290s][info][gc,heap        ] GC(356) Old regions: 24->31
[61.290s][info][gc,heap        ] GC(356) Humongous regions: 7->7
[61.290s][info][gc,metaspace   ] GC(356) Metaspace: 61122K->61122K(1103872K)
[61.290s][info][gc             ] GC(356) Pause Young (Normal) (G1 Evacuation Pause) 81M->39M(100M) 16.829ms
[61.290s][info][gc,cpu         ] GC(356) User=0.02s Sys=0.00s Real=0.01s
[61.313s][info][gc,start       ] GC(357) Pause Young (Normal) (G1 Evacuation Pause)
[61.313s][info][gc,task        ] GC(357) Using 1 workers of 1 for evacuation
[61.326s][info][gc,phases      ] GC(357)   Pre Evacuate Collection Set: 0.0ms
[61.326s][info][gc,phases      ] GC(357)   Evacuate Collection Set: 12.9ms
[61.326s][info][gc,phases      ] GC(357)   Post Evacuate Collection Set: 0.2ms
[61.326s][info][gc,phases      ] GC(357)   Other: 0.2ms
[61.326s][info][gc,heap        ] GC(357) Eden regions: 42->0(36)
[61.326s][info][gc,heap        ] GC(357) Survivor regions: 4->4(6)
[61.326s][info][gc,heap        ] GC(357) Old regions: 31->35
[61.326s][info][gc,heap        ] GC(357) Humongous regions: 9->9
[61.326s][info][gc,metaspace   ] GC(357) Metaspace: 61122K->61122K(1103872K)
[61.326s][info][gc             ] GC(357) Pause Young (Normal) (G1 Evacuation Pause) 83M->45M(100M) 13.379ms
[61.326s][info][gc,cpu         ] GC(357) User=0.02s Sys=0.00s Real=0.01s
[61.362s][info][gc,start       ] GC(358) Pause Young (Normal) (G1 Evacuation Pause)
[61.362s][info][gc,task        ] GC(358) Using 1 workers of 1 for evacuation
[61.375s][info][gc,phases      ] GC(358)   Pre Evacuate Collection Set: 0.0ms
[61.375s][info][gc,phases      ] GC(358)   Evacuate Collection Set: 12.3ms
[61.375s][info][gc,phases      ] GC(358)   Post Evacuate Collection Set: 0.5ms
[61.375s][info][gc,phases      ] GC(358)   Other: 0.4ms
[61.375s][info][gc,heap        ] GC(358) Eden regions: 36->0(61)
[61.375s][info][gc,heap        ] GC(358) Survivor regions: 4->3(5)
[61.375s][info][gc,heap        ] GC(358) Old regions: 35->38
[61.375s][info][gc,heap        ] GC(358) Humongous regions: 9->9
[61.375s][info][gc,metaspace   ] GC(358) Metaspace: 61122K->61122K(1103872K)
[61.375s][info][gc             ] GC(358) Pause Young (Normal) (G1 Evacuation Pause) 81M->48M(145M) 13.124ms
[61.375s][info][gc,cpu         ] GC(358) User=0.01s Sys=0.00s Real=0.02s
[61.419s][info][gc,start       ] GC(359) Pause Young (Normal) (G1 Evacuation Pause)
[61.419s][info][gc,task        ] GC(359) Using 1 workers of 1 for evacuation
[61.433s][info][gc,phases      ] GC(359)   Pre Evacuate Collection Set: 0.0ms
[61.434s][info][gc,phases      ] GC(359)   Evacuate Collection Set: 13.8ms
[61.434s][info][gc,phases      ] GC(359)   Post Evacuate Collection Set: 0.2ms
[61.434s][info][gc,phases      ] GC(359)   Other: 0.3ms
[61.434s][info][gc,heap        ] GC(359) Eden regions: 61->0(59)
[61.434s][info][gc,heap        ] GC(359) Survivor regions: 3->8(8)
[61.434s][info][gc,heap        ] GC(359) Old regions: 38->38
[61.434s][info][gc,heap        ] GC(359) Humongous regions: 9->9
[61.434s][info][gc,metaspace   ] GC(359) Metaspace: 61122K->61122K(1103872K)
[61.434s][info][gc             ] GC(359) Pause Young (Normal) (G1 Evacuation Pause) 109M->52M(145M) 14.412ms
[61.434s][info][gc,cpu         ] GC(359) User=0.02s Sys=0.00s Real=0.02s
[61.488s][info][gc,start       ] GC(360) Pause Young (Normal) (G1 Evacuation Pause)
[61.488s][info][gc,task        ] GC(360) Using 1 workers of 1 for evacuation
[61.510s][info][gc,phases      ] GC(360)   Pre Evacuate Collection Set: 0.0ms
[61.510s][info][gc,phases      ] GC(360)   Evacuate Collection Set: 21.6ms
[61.510s][info][gc,phases      ] GC(360)   Post Evacuate Collection Set: 0.3ms
[61.510s][info][gc,phases      ] GC(360)   Other: 0.2ms
[61.510s][info][gc,heap        ] GC(360) Eden regions: 59->0(54)
[61.510s][info][gc,heap        ] GC(360) Survivor regions: 8->5(9)
[61.510s][info][gc,heap        ] GC(360) Old regions: 38->46
[61.510s][info][gc,heap        ] GC(360) Humongous regions: 12->12
[61.510s][info][gc,metaspace   ] GC(360) Metaspace: 61122K->61122K(1103872K)
[61.510s][info][gc             ] GC(360) Pause Young (Normal) (G1 Evacuation Pause) 114M->60M(145M) 22.215ms
[61.510s][info][gc,cpu         ] GC(360) User=0.02s Sys=0.00s Real=0.02s
[61.537s][info][gc,start       ] GC(361) Pause Young (Normal) (G1 Evacuation Pause)
[61.538s][info][gc,task        ] GC(361) Using 1 workers of 1 for evacuation
[61.553s][info][gc,phases      ] GC(361)   Pre Evacuate Collection Set: 0.0ms
[61.553s][info][gc,phases      ] GC(361)   Evacuate Collection Set: 15.1ms
[61.553s][info][gc,phases      ] GC(361)   Post Evacuate Collection Set: 0.2ms
[61.553s][info][gc,phases      ] GC(361)   Other: 0.2ms
[61.553s][info][gc,heap        ] GC(361) Eden regions: 54->0(52)
[61.553s][info][gc,heap        ] GC(361) Survivor regions: 5->5(8)
[61.553s][info][gc,heap        ] GC(361) Old regions: 46->50
[61.553s][info][gc,heap        ] GC(361) Humongous regions: 12->12
[61.553s][info][gc,metaspace   ] GC(361) Metaspace: 61122K->61122K(1103872K)
[61.553s][info][gc             ] GC(361) Pause Young (Normal) (G1 Evacuation Pause) 114M->64M(145M) 15.645ms
[61.553s][info][gc,cpu         ] GC(361) User=0.02s Sys=0.00s Real=0.02s
[61.579s][info][gc,start       ] GC(362) Pause Young (Normal) (G1 Evacuation Pause)
[61.579s][info][gc,task        ] GC(362) Using 1 workers of 1 for evacuation
[61.594s][info][gc,phases      ] GC(362)   Pre Evacuate Collection Set: 0.0ms
[61.594s][info][gc,phases      ] GC(362)   Evacuate Collection Set: 14.8ms
[61.594s][info][gc,phases      ] GC(362)   Post Evacuate Collection Set: 0.5ms
[61.594s][info][gc,phases      ] GC(362)   Other: 0.2ms
[61.594s][info][gc,heap        ] GC(362) Eden regions: 52->0(88)
[61.594s][info][gc,heap        ] GC(362) Survivor regions: 5->4(8)
[61.594s][info][gc,heap        ] GC(362) Old regions: 50->55
[61.594s][info][gc,heap        ] GC(362) Humongous regions: 12->12
[61.594s][info][gc,metaspace   ] GC(362) Metaspace: 61122K->61122K(1103872K)
[61.594s][info][gc             ] GC(362) Pause Young (Normal) (G1 Evacuation Pause) 116M->68M(216M) 15.643ms
[61.594s][info][gc,cpu         ] GC(362) User=0.02s Sys=0.00s Real=0.02s
[61.657s][info][gc,start       ] GC(363) Pause Young (Normal) (G1 Evacuation Pause)
[61.658s][info][gc,task        ] GC(363) Using 1 workers of 1 for evacuation
[61.678s][info][gc,phases      ] GC(363)   Pre Evacuate Collection Set: 0.0ms
[61.678s][info][gc,phases      ] GC(363)   Evacuate Collection Set: 19.8ms
[61.678s][info][gc,phases      ] GC(363)   Post Evacuate Collection Set: 0.3ms
[61.678s][info][gc,phases      ] GC(363)   Other: 0.6ms
[61.678s][info][gc,heap        ] GC(363) Eden regions: 88->0(86)
[61.678s][info][gc,heap        ] GC(363) Survivor regions: 4->11(12)
[61.678s][info][gc,heap        ] GC(363) Old regions: 55->55
[61.678s][info][gc,heap        ] GC(363) Humongous regions: 12->12
[61.678s][info][gc,metaspace   ] GC(363) Metaspace: 61124K->61124K(1103872K)
[61.678s][info][gc             ] GC(363) Pause Young (Normal) (G1 Evacuation Pause) 156M->75M(216M) 20.783ms
[61.678s][info][gc,cpu         ] GC(363) User=0.02s Sys=0.00s Real=0.02s
[61.722s][info][gc,start       ] GC(364) Pause Young (Normal) (G1 Evacuation Pause)
[61.722s][info][gc,task        ] GC(364) Using 1 workers of 1 for evacuation
[61.750s][info][gc,phases      ] GC(364)   Pre Evacuate Collection Set: 0.0ms
[61.750s][info][gc,phases      ] GC(364)   Evacuate Collection Set: 27.5ms
[61.750s][info][gc,phases      ] GC(364)   Post Evacuate Collection Set: 0.3ms
[61.750s][info][gc,phases      ] GC(364)   Other: 0.2ms
[61.750s][info][gc,heap        ] GC(364) Eden regions: 86->0(84)
[61.750s][info][gc,heap        ] GC(364) Survivor regions: 11->7(13)
[61.750s][info][gc,heap        ] GC(364) Old regions: 55->66
[61.750s][info][gc,heap        ] GC(364) Humongous regions: 12->12
[61.750s][info][gc,metaspace   ] GC(364) Metaspace: 61124K->61124K(1103872K)
[61.750s][info][gc             ] GC(364) Pause Young (Normal) (G1 Evacuation Pause) 161M->82M(216M) 28.020ms
[61.750s][info][gc,cpu         ] GC(364) User=0.03s Sys=0.00s Real=0.03s
[61.794s][info][gc,start       ] GC(365) Pause Young (Normal) (G1 Evacuation Pause)
[61.794s][info][gc,task        ] GC(365) Using 1 workers of 1 for evacuation
[61.820s][info][gc,phases      ] GC(365)   Pre Evacuate Collection Set: 0.0ms
[61.820s][info][gc,phases      ] GC(365)   Evacuate Collection Set: 25.0ms
[61.820s][info][gc,phases      ] GC(365)   Post Evacuate Collection Set: 0.3ms
[61.820s][info][gc,phases      ] GC(365)   Other: 0.2ms
[61.820s][info][gc,heap        ] GC(365) Eden regions: 84->0(78)
[61.820s][info][gc,heap        ] GC(365) Survivor regions: 7->7(12)
[61.820s][info][gc,heap        ] GC(365) Old regions: 66->72
[61.820s][info][gc,heap        ] GC(365) Humongous regions: 17->17
[61.820s][info][gc,metaspace   ] GC(365) Metaspace: 61124K->61124K(1103872K)
[61.820s][info][gc             ] GC(365) Pause Young (Normal) (G1 Evacuation Pause) 171M->93M(216M) 25.651ms
[61.820s][info][gc,cpu         ] GC(365) User=0.03s Sys=0.00s Real=0.02s
[61.861s][info][gc,start       ] GC(366) Pause Young (Normal) (G1 Evacuation Pause)
[61.861s][info][gc,task        ] GC(366) Using 1 workers of 1 for evacuation
[61.882s][info][gc,phases      ] GC(366)   Pre Evacuate Collection Set: 0.0ms
[61.882s][info][gc,phases      ] GC(366)   Evacuate Collection Set: 20.6ms
[61.882s][info][gc,phases      ] GC(366)   Post Evacuate Collection Set: 0.7ms
[61.882s][info][gc,phases      ] GC(366)   Other: 0.2ms
[61.882s][info][gc,heap        ] GC(366) Eden regions: 78->0(126)
[61.882s][info][gc,heap        ] GC(366) Survivor regions: 7->6(11)
[61.882s][info][gc,heap        ] GC(366) Old regions: 72->79
[61.882s][info][gc,heap        ] GC(366) Humongous regions: 17->17
[61.882s][info][gc,metaspace   ] GC(366) Metaspace: 61124K->61124K(1103872K)
[61.882s][info][gc             ] GC(366) Pause Young (Normal) (G1 Evacuation Pause) 171M->99M(330M) 21.559ms
[61.882s][info][gc,cpu         ] GC(366) User=0.02s Sys=0.00s Real=0.02s
[61.970s][info][gc,start       ] GC(367) Pause Young (Normal) (G1 Evacuation Pause)
[61.970s][info][gc,task        ] GC(367) Using 1 workers of 1 for evacuation
[62.001s][info][gc,phases      ] GC(367)   Pre Evacuate Collection Set: 0.0ms
[62.001s][info][gc,phases      ] GC(367)   Evacuate Collection Set: 30.4ms
[62.001s][info][gc,phases      ] GC(367)   Post Evacuate Collection Set: 0.3ms
[62.001s][info][gc,phases      ] GC(367)   Other: 0.3ms
[62.001s][info][gc,heap        ] GC(367) Eden regions: 126->0(126)
[62.001s][info][gc,heap        ] GC(367) Survivor regions: 6->16(17)
[62.001s][info][gc,heap        ] GC(367) Old regions: 79->79
[62.001s][info][gc,heap        ] GC(367) Humongous regions: 17->17
[62.001s][info][gc,metaspace   ] GC(367) Metaspace: 61124K->61124K(1103872K)
[62.001s][info][gc             ] GC(367) Pause Young (Normal) (G1 Evacuation Pause) 225M->109M(330M) 31.126ms
[62.001s][info][gc,cpu         ] GC(367) User=0.03s Sys=0.00s Real=0.03s
[62.064s][info][gc,start       ] GC(368) Pause Young (Normal) (G1 Evacuation Pause)
[62.064s][info][gc,task        ] GC(368) Using 1 workers of 1 for evacuation
[62.103s][info][gc,phases      ] GC(368)   Pre Evacuate Collection Set: 0.0ms
[62.103s][info][gc,phases      ] GC(368)   Evacuate Collection Set: 38.7ms
[62.103s][info][gc,phases      ] GC(368)   Post Evacuate Collection Set: 0.3ms
[62.103s][info][gc,phases      ] GC(368)   Other: 0.3ms
[62.103s][info][gc,heap        ] GC(368) Eden regions: 126->0(126)
[62.103s][info][gc,heap        ] GC(368) Survivor regions: 16->10(18)
[62.103s][info][gc,heap        ] GC(368) Old regions: 79->94
[62.103s][info][gc,heap        ] GC(368) Humongous regions: 17->17
[62.103s][info][gc,metaspace   ] GC(368) Metaspace: 61124K->61124K(1103872K)
[62.103s][info][gc             ] GC(368) Pause Young (Normal) (G1 Evacuation Pause) 235M->119M(330M) 39.356ms
[62.103s][info][gc,cpu         ] GC(368) User=0.04s Sys=0.00s Real=0.04s
[62.166s][info][gc,start       ] GC(369) Pause Young (Normal) (G1 Evacuation Pause)
[62.166s][info][gc,task        ] GC(369) Using 1 workers of 1 for evacuation
[62.199s][info][gc,phases      ] GC(369)   Pre Evacuate Collection Set: 0.0ms
[62.199s][info][gc,phases      ] GC(369)   Evacuate Collection Set: 32.7ms
[62.199s][info][gc,phases      ] GC(369)   Post Evacuate Collection Set: 0.4ms
[62.199s][info][gc,phases      ] GC(369)   Other: 0.2ms
[62.199s][info][gc,heap        ] GC(369) Eden regions: 126->0(124)
[62.199s][info][gc,heap        ] GC(369) Survivor regions: 10->10(17)
[62.199s][info][gc,heap        ] GC(369) Old regions: 94->104
[62.199s][info][gc,heap        ] GC(369) Humongous regions: 17->17
[62.199s][info][gc,metaspace   ] GC(369) Metaspace: 61124K->61124K(1103872K)
[62.199s][info][gc             ] GC(369) Pause Young (Normal) (G1 Evacuation Pause) 245M->128M(330M) 33.368ms
[62.199s][info][gc,cpu         ] GC(369) User=0.04s Sys=0.00s Real=0.03s
[62.338s][info][gc,start       ] GC(370) Pause Young (Normal) (G1 Evacuation Pause)
[62.338s][info][gc,task        ] GC(370) Using 1 workers of 1 for evacuation
[62.367s][info][gc,phases      ] GC(370)   Pre Evacuate Collection Set: 0.0ms
[62.367s][info][gc,phases      ] GC(370)   Evacuate Collection Set: 28.3ms
[62.367s][info][gc,phases      ] GC(370)   Post Evacuate Collection Set: 0.6ms
[62.367s][info][gc,phases      ] GC(370)   Other: 0.3ms
[62.367s][info][gc,heap        ] GC(370) Eden regions: 124->0(148)
[62.367s][info][gc,heap        ] GC(370) Survivor regions: 10->9(17)
[62.367s][info][gc,heap        ] GC(370) Old regions: 104->114
[62.367s][info][gc,heap        ] GC(370) Humongous regions: 22->17
[62.367s][info][gc,metaspace   ] GC(370) Metaspace: 61152K->61152K(1103872K)
[62.367s][info][gc             ] GC(370) Pause Young (Normal) (G1 Evacuation Pause) 257M->137M(398M) 29.185ms
[62.367s][info][gc,cpu         ] GC(370) User=0.03s Sys=0.00s Real=0.03s
[62.482s][info][gc,start       ] GC(371) Pause Young (Normal) (G1 Evacuation Pause)
[62.482s][info][gc,task        ] GC(371) Using 1 workers of 1 for evacuation
[62.518s][info][gc,phases      ] GC(371)   Pre Evacuate Collection Set: 0.0ms
[62.518s][info][gc,phases      ] GC(371)   Evacuate Collection Set: 35.0ms
[62.518s][info][gc,phases      ] GC(371)   Post Evacuate Collection Set: 0.3ms
[62.518s][info][gc,phases      ] GC(371)   Other: 0.4ms
[62.518s][info][gc,heap        ] GC(371) Eden regions: 148->0(147)
[62.518s][info][gc,heap        ] GC(371) Survivor regions: 9->19(20)
[62.518s][info][gc,heap        ] GC(371) Old regions: 114->114
[62.518s][info][gc,heap        ] GC(371) Humongous regions: 20->20
[62.518s][info][gc,metaspace   ] GC(371) Metaspace: 61152K->61152K(1103872K)
[62.518s][info][gc             ] GC(371) Pause Young (Normal) (G1 Evacuation Pause) 288M->150M(398M) 35.746ms
[62.518s][info][gc,cpu         ] GC(371) User=0.04s Sys=0.00s Real=0.04s
[62.594s][info][gc,start       ] GC(372) Pause Young (Normal) (G1 Evacuation Pause)
[62.594s][info][gc,task        ] GC(372) Using 1 workers of 1 for evacuation
[62.649s][info][gc,phases      ] GC(372)   Pre Evacuate Collection Set: 0.0ms
[62.650s][info][gc,phases      ] GC(372)   Evacuate Collection Set: 54.6ms
[62.650s][info][gc,phases      ] GC(372)   Post Evacuate Collection Set: 0.4ms
[62.650s][info][gc,phases      ] GC(372)   Other: 0.3ms
[62.650s][info][gc,heap        ] GC(372) Eden regions: 147->0(143)
[62.650s][info][gc,heap        ] GC(372) Survivor regions: 19->11(21)
[62.650s][info][gc,heap        ] GC(372) Old regions: 114->133
[62.650s][info][gc,heap        ] GC(372) Humongous regions: 23->23
[62.650s][info][gc,metaspace   ] GC(372) Metaspace: 61152K->61152K(1103872K)
[62.650s][info][gc             ] GC(372) Pause Young (Normal) (G1 Evacuation Pause) 300M->164M(398M) 55.381ms
[62.650s][info][gc,cpu         ] GC(372) User=0.05s Sys=0.00s Real=0.05s
[62.726s][info][gc,start       ] GC(373) Pause Young (Normal) (G1 Evacuation Pause)
[62.726s][info][gc,task        ] GC(373) Using 1 workers of 1 for evacuation
[62.790s][info][gc,phases      ] GC(373)   Pre Evacuate Collection Set: 0.0ms
[62.791s][info][gc,phases      ] GC(373)   Evacuate Collection Set: 63.9ms
[62.791s][info][gc,phases      ] GC(373)   Post Evacuate Collection Set: 0.3ms
[62.791s][info][gc,phases      ] GC(373)   Other: 0.2ms
[62.791s][info][gc,heap        ] GC(373) Eden regions: 143->0(140)
[62.791s][info][gc,heap        ] GC(373) Survivor regions: 11->11(20)
[62.791s][info][gc,heap        ] GC(373) Old regions: 133->144
[62.791s][info][gc,heap        ] GC(373) Humongous regions: 23->23
[62.791s][info][gc,metaspace   ] GC(373) Metaspace: 61152K->61152K(1103872K)
[62.791s][info][gc             ] GC(373) Pause Young (Normal) (G1 Evacuation Pause) 307M->175M(398M) 64.653ms
[62.791s][info][gc,cpu         ] GC(373) User=0.06s Sys=0.00s Real=0.06s
[62.880s][info][gc,start       ] GC(374) Pause Young (Normal) (G1 Evacuation Pause)
[62.880s][info][gc,task        ] GC(374) Using 1 workers of 1 for evacuation
[62.917s][info][gc,phases      ] GC(374)   Pre Evacuate Collection Set: 0.0ms
[62.917s][info][gc,phases      ] GC(374)   Evacuate Collection Set: 36.0ms
[62.917s][info][gc,phases      ] GC(374)   Post Evacuate Collection Set: 0.5ms
[62.917s][info][gc,phases      ] GC(374)   Other: 0.2ms
[62.917s][info][gc,heap        ] GC(374) Eden regions: 140->0(151)
[62.917s][info][gc,heap        ] GC(374) Survivor regions: 11->11(19)
[62.917s][info][gc,heap        ] GC(374) Old regions: 144->155
[62.917s][info][gc,heap        ] GC(374) Humongous regions: 23->23
[62.917s][info][gc,metaspace   ] GC(374) Metaspace: 61152K->61152K(1103872K)
[62.917s][info][gc             ] GC(374) Pause Young (Normal) (G1 Evacuation Pause) 315M->186M(439M) 36.798ms
[62.917s][info][gc,cpu         ] GC(374) User=0.04s Sys=0.00s Real=0.04s
[63.005s][info][gc,start       ] GC(375) Pause Young (Normal) (G1 Evacuation Pause)
[63.005s][info][gc,task        ] GC(375) Using 1 workers of 1 for evacuation
[63.046s][info][gc,phases      ] GC(375)   Pre Evacuate Collection Set: 0.0ms
[63.046s][info][gc,phases      ] GC(375)   Evacuate Collection Set: 40.5ms
[63.046s][info][gc,phases      ] GC(375)   Post Evacuate Collection Set: 0.3ms
[63.046s][info][gc,phases      ] GC(375)   Other: 0.2ms
[63.046s][info][gc,heap        ] GC(375) Eden regions: 151->0(146)
[63.046s][info][gc,heap        ] GC(375) Survivor regions: 11->12(21)
[63.046s][info][gc,heap        ] GC(375) Old regions: 155->166
[63.046s][info][gc,heap        ] GC(375) Humongous regions: 28->28
[63.046s][info][gc,metaspace   ] GC(375) Metaspace: 61152K->61152K(1103872K)
[63.046s][info][gc             ] GC(375) Pause Young (Normal) (G1 Evacuation Pause) 342M->203M(439M) 41.103ms
[63.046s][info][gc,cpu         ] GC(375) User=0.04s Sys=0.00s Real=0.04s
[63.118s][info][gc,start       ] GC(376) Pause Young (Normal) (G1 Evacuation Pause)
[63.118s][info][gc,task        ] GC(376) Using 1 workers of 1 for evacuation
[63.171s][info][gc,phases      ] GC(376)   Pre Evacuate Collection Set: 0.0ms
[63.171s][info][gc,phases      ] GC(376)   Evacuate Collection Set: 52.9ms
[63.171s][info][gc,phases      ] GC(376)   Post Evacuate Collection Set: 0.3ms
[63.171s][info][gc,phases      ] GC(376)   Other: 0.2ms
[63.171s][info][gc,heap        ] GC(376) Eden regions: 146->0(143)
[63.171s][info][gc,heap        ] GC(376) Survivor regions: 12->12(20)
[63.171s][info][gc,heap        ] GC(376) Old regions: 166->177
[63.171s][info][gc,heap        ] GC(376) Humongous regions: 28->28
[63.171s][info][gc,metaspace   ] GC(376) Metaspace: 61152K->61152K(1103872K)
[63.171s][info][gc             ] GC(376) Pause Young (Normal) (G1 Evacuation Pause) 349M->214M(439M) 53.578ms
[63.171s][info][gc,cpu         ] GC(376) User=0.05s Sys=0.00s Real=0.05s
[63.245s][info][gc,start       ] GC(377) Pause Young (Concurrent Start) (G1 Evacuation Pause)
[63.246s][info][gc,task        ] GC(377) Using 1 workers of 1 for evacuation
[63.284s][info][gc,phases      ] GC(377)   Pre Evacuate Collection Set: 0.3ms
[63.284s][info][gc,phases      ] GC(377)   Evacuate Collection Set: 38.1ms
[63.284s][info][gc,phases      ] GC(377)   Post Evacuate Collection Set: 0.3ms
[63.285s][info][gc,phases      ] GC(377)   Other: 0.3ms
[63.285s][info][gc,heap        ] GC(377) Eden regions: 143->0(137)
[63.285s][info][gc,heap        ] GC(377) Survivor regions: 12->11(20)
[63.285s][info][gc,heap        ] GC(377) Old regions: 177->189
[63.285s][info][gc,heap        ] GC(377) Humongous regions: 28->28
[63.285s][info][gc,metaspace   ] GC(377) Metaspace: 61152K->61152K(1103872K)
[63.285s][info][gc             ] GC(377) Pause Young (Concurrent Start) (G1 Evacuation Pause) 357M->225M(439M) 39.073ms
[63.285s][info][gc,cpu         ] GC(377) User=0.04s Sys=0.00s Real=0.04s
[63.285s][info][gc             ] GC(378) Concurrent Cycle
[63.285s][info][gc,marking     ] GC(378) Concurrent Clear Claimed Marks
[63.285s][info][gc,marking     ] GC(378) Concurrent Clear Claimed Marks 0.287ms
[63.285s][info][gc,marking     ] GC(378) Concurrent Scan Root Regions
[63.295s][info][gc,marking     ] GC(378) Concurrent Scan Root Regions 9.960ms
[63.295s][info][gc,marking     ] GC(378) Concurrent Mark (63.295s)
[63.295s][info][gc,marking     ] GC(378) Concurrent Mark From Roots
[63.295s][info][gc,task        ] GC(378) Using 1 workers of 1 for marking
[63.437s][info][gc,start       ] GC(379) Pause Young (Normal) (G1 Evacuation Pause)
[63.437s][info][gc,task        ] GC(379) Using 1 workers of 1 for evacuation
[63.480s][info][gc,phases      ] GC(379)   Pre Evacuate Collection Set: 0.0ms
[63.480s][info][gc,phases      ] GC(379)   Evacuate Collection Set: 42.3ms
[63.480s][info][gc,phases      ] GC(379)   Post Evacuate Collection Set: 0.5ms
[63.480s][info][gc,phases      ] GC(379)   Other: 0.3ms
[63.480s][info][gc,heap        ] GC(379) Eden regions: 137->0(144)
[63.480s][info][gc,heap        ] GC(379) Survivor regions: 11->11(19)
[63.480s][info][gc,heap        ] GC(379) Old regions: 189->200
[63.480s][info][gc,heap        ] GC(379) Humongous regions: 28->28
[63.480s][info][gc,metaspace   ] GC(379) Metaspace: 61152K->61152K(1103872K)
[63.480s][info][gc             ] GC(379) Pause Young (Normal) (G1 Evacuation Pause) 362M->236M(463M) 43.130ms
[63.480s][info][gc,cpu         ] GC(379) User=0.04s Sys=0.01s Real=0.04s
[63.524s][info][gc,marking     ] GC(378) Concurrent Mark From Roots 228.545ms
[63.524s][info][gc,marking     ] GC(378) Concurrent Preclean
[63.524s][info][gc,marking     ] GC(378) Concurrent Preclean 0.067ms
[63.524s][info][gc,marking     ] GC(378) Concurrent Mark (63.295s, 63.524s) 228.684ms
[63.526s][info][gc,start       ] GC(378) Pause Remark
[63.542s][info][gc,stringtable ] GC(378) Cleaned string and symbol table, strings: 21757 processed, 16 removed, symbols: 131609 processed, 0 removed
[63.542s][info][gc             ] GC(378) Pause Remark 264M->161M(463M) 15.752ms
[63.542s][info][gc,cpu         ] GC(378) User=0.01s Sys=0.00s Real=0.01s
[63.542s][info][gc,marking     ] GC(378) Concurrent Rebuild Remembered Sets
[63.754s][info][gc,marking     ] GC(378) Concurrent Rebuild Remembered Sets 212.119ms
[63.759s][info][gc,start       ] GC(378) Pause Cleanup
[63.759s][info][gc             ] GC(378) Pause Cleanup 246M->246M(463M) 0.160ms
[63.759s][info][gc,cpu         ] GC(378) User=0.00s Sys=0.00s Real=0.00s
[63.759s][info][gc,marking     ] GC(378) Concurrent Cleanup for Next Mark
[63.761s][info][gc,marking     ] GC(378) Concurrent Cleanup for Next Mark 1.978ms
[63.761s][info][gc             ] GC(378) Concurrent Cycle 476.548ms
[63.793s][info][gc,start       ] GC(380) Pause Young (Normal) (G1 Evacuation Pause)
[63.794s][info][gc,task        ] GC(380) Using 1 workers of 1 for evacuation
[63.835s][info][gc,phases      ] GC(380)   Pre Evacuate Collection Set: 0.0ms
[63.835s][info][gc,phases      ] GC(380)   Evacuate Collection Set: 41.0ms
[63.835s][info][gc,phases      ] GC(380)   Post Evacuate Collection Set: 0.4ms
[63.835s][info][gc,phases      ] GC(380)   Other: 0.2ms
[63.835s][info][gc,heap        ] GC(380) Eden regions: 144->0(196)
[63.835s][info][gc,heap        ] GC(380) Survivor regions: 11->3(20)
[63.835s][info][gc,heap        ] GC(380) Old regions: 114->124
[63.835s][info][gc,heap        ] GC(380) Humongous regions: 11->11
[63.835s][info][gc,metaspace   ] GC(380) Metaspace: 61161K->61161K(1103872K)
[63.835s][info][gc             ] GC(380) Pause Young (Normal) (G1 Evacuation Pause) 277M->136M(463M) 41.750ms
[63.835s][info][gc,cpu         ] GC(380) User=0.04s Sys=0.00s Real=0.04s
[64.031s][info][gc,start       ] GC(381) Pause Young (Normal) (G1 Evacuation Pause)
[64.031s][info][gc,task        ] GC(381) Using 1 workers of 1 for evacuation
[64.036s][info][gc,phases      ] GC(381)   Pre Evacuate Collection Set: 0.0ms
[64.036s][info][gc,phases      ] GC(381)   Evacuate Collection Set: 4.6ms
[64.036s][info][gc,phases      ] GC(381)   Post Evacuate Collection Set: 0.3ms
[64.036s][info][gc,phases      ] GC(381)   Other: 0.3ms
[64.036s][info][gc,heap        ] GC(381) Eden regions: 196->0(204)
[64.036s][info][gc,heap        ] GC(381) Survivor regions: 3->3(25)
[64.036s][info][gc,heap        ] GC(381) Old regions: 124->124
[64.036s][info][gc,heap        ] GC(381) Humongous regions: 11->11
[64.036s][info][gc,metaspace   ] GC(381) Metaspace: 61161K->61161K(1103872K)
[64.036s][info][gc             ] GC(381) Pause Young (Normal) (G1 Evacuation Pause) 332M->136M(463M) 5.306ms
[64.036s][info][gc,cpu         ] GC(381) User=0.01s Sys=0.00s Real=0.01s
[64.246s][info][gc,start       ] GC(382) Pause Young (Normal) (G1 Evacuation Pause)
[64.246s][info][gc,task        ] GC(382) Using 1 workers of 1 for evacuation
[64.255s][info][gc,phases      ] GC(382)   Pre Evacuate Collection Set: 0.0ms
[64.255s][info][gc,phases      ] GC(382)   Evacuate Collection Set: 8.5ms
[64.255s][info][gc,phases      ] GC(382)   Post Evacuate Collection Set: 0.5ms
[64.255s][info][gc,phases      ] GC(382)   Other: 0.4ms
[64.255s][info][gc,heap        ] GC(382) Eden regions: 204->0(211)
[64.255s][info][gc,heap        ] GC(382) Survivor regions: 3->3(26)
[64.255s][info][gc,heap        ] GC(382) Old regions: 124->124
[64.255s][info][gc,heap        ] GC(382) Humongous regions: 11->11
[64.255s][info][gc,metaspace   ] GC(382) Metaspace: 61161K->61161K(1103872K)
[64.255s][info][gc             ] GC(382) Pause Young (Normal) (G1 Evacuation Pause) 340M->136M(463M) 9.534ms
[64.255s][info][gc,cpu         ] GC(382) User=0.01s Sys=0.00s Real=0.01s
[64.522s][info][gc,start       ] GC(383) Pause Young (Normal) (G1 Evacuation Pause)
[64.522s][info][gc,task        ] GC(383) Using 1 workers of 1 for evacuation
[64.527s][info][gc,phases      ] GC(383)   Pre Evacuate Collection Set: 0.0ms
[64.527s][info][gc,phases      ] GC(383)   Evacuate Collection Set: 4.5ms
[64.527s][info][gc,phases      ] GC(383)   Post Evacuate Collection Set: 0.3ms
[64.527s][info][gc,phases      ] GC(383)   Other: 0.3ms
[64.527s][info][gc,heap        ] GC(383) Eden regions: 211->0(218)
[64.527s][info][gc,heap        ] GC(383) Survivor regions: 3->3(27)
[64.527s][info][gc,heap        ] GC(383) Old regions: 124->124
[64.527s][info][gc,heap        ] GC(383) Humongous regions: 11->11
[64.527s][info][gc,metaspace   ] GC(383) Metaspace: 61161K->61161K(1103872K)
[64.527s][info][gc             ] GC(383) Pause Young (Normal) (G1 Evacuation Pause) 347M->136M(463M) 5.306ms
[64.527s][info][gc,cpu         ] GC(383) User=0.01s Sys=0.00s Real=0.01s
[64.749s][info][gc,start       ] GC(384) Pause Young (Normal) (G1 Evacuation Pause)
[64.750s][info][gc,task        ] GC(384) Using 1 workers of 1 for evacuation
[64.755s][info][gc,phases      ] GC(384)   Pre Evacuate Collection Set: 0.0ms
[64.755s][info][gc,phases      ] GC(384)   Evacuate Collection Set: 4.6ms
[64.755s][info][gc,phases      ] GC(384)   Post Evacuate Collection Set: 0.3ms
[64.755s][info][gc,phases      ] GC(384)   Other: 0.3ms
[64.755s][info][gc,heap        ] GC(384) Eden regions: 218->0(223)
[64.755s][info][gc,heap        ] GC(384) Survivor regions: 3->3(28)
[64.755s][info][gc,heap        ] GC(384) Old regions: 124->124
[64.755s][info][gc,heap        ] GC(384) Humongous regions: 11->11
[64.755s][info][gc,metaspace   ] GC(384) Metaspace: 61161K->61161K(1103872K)
[64.755s][info][gc             ] GC(384) Pause Young (Normal) (G1 Evacuation Pause) 354M->136M(463M) 5.417ms
[64.755s][info][gc,cpu         ] GC(384) User=0.00s Sys=0.00s Real=0.01s
[64.979s][info][gc,start       ] GC(385) Pause Young (Normal) (G1 Evacuation Pause)
[64.979s][info][gc,task        ] GC(385) Using 1 workers of 1 for evacuation
[64.984s][info][gc,phases      ] GC(385)   Pre Evacuate Collection Set: 0.0ms
[64.984s][info][gc,phases      ] GC(385)   Evacuate Collection Set: 4.5ms
[64.984s][info][gc,phases      ] GC(385)   Post Evacuate Collection Set: 0.4ms
[64.984s][info][gc,phases      ] GC(385)   Other: 0.3ms
[64.984s][info][gc,heap        ] GC(385) Eden regions: 223->0(228)
[64.984s][info][gc,heap        ] GC(385) Survivor regions: 3->3(29)
[64.984s][info][gc,heap        ] GC(385) Old regions: 124->124
[64.984s][info][gc,heap        ] GC(385) Humongous regions: 11->11
[64.984s][info][gc,metaspace   ] GC(385) Metaspace: 61161K->61161K(1103872K)
[64.984s][info][gc             ] GC(385) Pause Young (Normal) (G1 Evacuation Pause) 359M->136M(463M) 5.344ms
[64.984s][info][gc,cpu         ] GC(385) User=0.00s Sys=0.00s Real=0.00s
[65.219s][info][gc,start       ] GC(386) Pause Young (Normal) (G1 Evacuation Pause)
[65.220s][info][gc,task        ] GC(386) Using 1 workers of 1 for evacuation
[65.225s][info][gc,phases      ] GC(386)   Pre Evacuate Collection Set: 0.0ms
[65.225s][info][gc,phases      ] GC(386)   Evacuate Collection Set: 4.8ms
[65.225s][info][gc,phases      ] GC(386)   Post Evacuate Collection Set: 0.3ms
[65.225s][info][gc,phases      ] GC(386)   Other: 0.4ms
[65.225s][info][gc,heap        ] GC(386) Eden regions: 228->0(233)
[65.225s][info][gc,heap        ] GC(386) Survivor regions: 3->3(29)
[65.225s][info][gc,heap        ] GC(386) Old regions: 124->124
[65.225s][info][gc,heap        ] GC(386) Humongous regions: 11->11
[65.225s][info][gc,metaspace   ] GC(386) Metaspace: 61161K->61161K(1103872K)
[65.225s][info][gc             ] GC(386) Pause Young (Normal) (G1 Evacuation Pause) 364M->136M(463M) 5.611ms
[65.225s][info][gc,cpu         ] GC(386) User=0.00s Sys=0.00s Real=0.01s
[65.435s][info][gc,start       ] GC(387) Pause Young (Normal) (G1 Evacuation Pause)
[65.435s][info][gc,task        ] GC(387) Using 1 workers of 1 for evacuation
[65.440s][info][gc,phases      ] GC(387)   Pre Evacuate Collection Set: 0.0ms
[65.440s][info][gc,phases      ] GC(387)   Evacuate Collection Set: 4.6ms
[65.440s][info][gc,phases      ] GC(387)   Post Evacuate Collection Set: 0.4ms
[65.440s][info][gc,phases      ] GC(387)   Other: 0.4ms
[65.440s][info][gc,heap        ] GC(387) Eden regions: 233->0(237)
[65.440s][info][gc,heap        ] GC(387) Survivor regions: 3->3(30)
[65.440s][info][gc,heap        ] GC(387) Old regions: 124->124
[65.440s][info][gc,heap        ] GC(387) Humongous regions: 11->11
[65.440s][info][gc,metaspace   ] GC(387) Metaspace: 61161K->61161K(1103872K)
[65.440s][info][gc             ] GC(387) Pause Young (Normal) (G1 Evacuation Pause) 369M->136M(463M) 5.484ms
[65.440s][info][gc,cpu         ] GC(387) User=0.00s Sys=0.00s Real=0.00s
[65.623s][info][gc,start       ] GC(388) Pause Young (Normal) (G1 Evacuation Pause)
[65.623s][info][gc,task        ] GC(388) Using 1 workers of 1 for evacuation
[65.628s][info][gc,phases      ] GC(388)   Pre Evacuate Collection Set: 0.0ms
[65.628s][info][gc,phases      ] GC(388)   Evacuate Collection Set: 4.8ms
[65.628s][info][gc,phases      ] GC(388)   Post Evacuate Collection Set: 0.3ms
[65.628s][info][gc,phases      ] GC(388)   Other: 0.3ms
[65.628s][info][gc,heap        ] GC(388) Eden regions: 237->0(240)
[65.628s][info][gc,heap        ] GC(388) Survivor regions: 3->3(30)
[65.628s][info][gc,heap        ] GC(388) Old regions: 124->124
[65.628s][info][gc,heap        ] GC(388) Humongous regions: 11->11
[65.628s][info][gc,metaspace   ] GC(388) Metaspace: 61162K->61162K(1103872K)
[65.628s][info][gc             ] GC(388) Pause Young (Normal) (G1 Evacuation Pause) 373M->136M(463M) 5.534ms
[65.629s][info][gc,cpu         ] GC(388) User=0.01s Sys=0.00s Real=0.01s
[65.819s][info][gc,start       ] GC(389) Pause Young (Normal) (G1 Evacuation Pause)
[65.819s][info][gc,task        ] GC(389) Using 1 workers of 1 for evacuation
[65.825s][info][gc,phases      ] GC(389)   Pre Evacuate Collection Set: 0.0ms
[65.825s][info][gc,phases      ] GC(389)   Evacuate Collection Set: 4.7ms
[65.825s][info][gc,phases      ] GC(389)   Post Evacuate Collection Set: 0.3ms
[65.825s][info][gc,phases      ] GC(389)   Other: 0.3ms
[65.825s][info][gc,heap        ] GC(389) Eden regions: 240->0(244)
[65.825s][info][gc,heap        ] GC(389) Survivor regions: 3->3(31)
[65.825s][info][gc,heap        ] GC(389) Old regions: 124->124
[65.825s][info][gc,heap        ] GC(389) Humongous regions: 11->11
[65.825s][info][gc,metaspace   ] GC(389) Metaspace: 61162K->61162K(1103872K)
[65.825s][info][gc             ] GC(389) Pause Young (Normal) (G1 Evacuation Pause) 376M->136M(463M) 5.465ms
[65.825s][info][gc,cpu         ] GC(389) User=0.01s Sys=0.00s Real=0.01s
[66.034s][info][gc,start       ] GC(390) Pause Young (Normal) (G1 Evacuation Pause)
[66.034s][info][gc,task        ] GC(390) Using 1 workers of 1 for evacuation
[66.039s][info][gc,phases      ] GC(390)   Pre Evacuate Collection Set: 0.0ms
[66.039s][info][gc,phases      ] GC(390)   Evacuate Collection Set: 4.7ms
[66.039s][info][gc,phases      ] GC(390)   Post Evacuate Collection Set: 0.4ms
[66.039s][info][gc,phases      ] GC(390)   Other: 0.4ms
[66.039s][info][gc,heap        ] GC(390) Eden regions: 244->0(246)
[66.039s][info][gc,heap        ] GC(390) Survivor regions: 3->3(31)
[66.039s][info][gc,heap        ] GC(390) Old regions: 124->124
[66.039s][info][gc,heap        ] GC(390) Humongous regions: 11->11
[66.039s][info][gc,metaspace   ] GC(390) Metaspace: 61162K->61162K(1103872K)
[66.039s][info][gc             ] GC(390) Pause Young (Normal) (G1 Evacuation Pause) 380M->136M(463M) 5.557ms
[66.039s][info][gc,cpu         ] GC(390) User=0.00s Sys=0.00s Real=0.00s
[66.315s][info][gc,start       ] GC(391) Pause Young (Normal) (G1 Evacuation Pause)
[66.315s][info][gc,task        ] GC(391) Using 1 workers of 1 for evacuation
[66.320s][info][gc,phases      ] GC(391)   Pre Evacuate Collection Set: 0.0ms
[66.320s][info][gc,phases      ] GC(391)   Evacuate Collection Set: 4.7ms
[66.320s][info][gc,phases      ] GC(391)   Post Evacuate Collection Set: 0.3ms
[66.320s][info][gc,phases      ] GC(391)   Other: 0.3ms
[66.320s][info][gc,heap        ] GC(391) Eden regions: 246->0(249)
[66.320s][info][gc,heap        ] GC(391) Survivor regions: 3->3(32)
[66.320s][info][gc,heap        ] GC(391) Old regions: 124->124
[66.320s][info][gc,heap        ] GC(391) Humongous regions: 11->11
[66.320s][info][gc,metaspace   ] GC(391) Metaspace: 61162K->61162K(1103872K)
[66.320s][info][gc             ] GC(391) Pause Young (Normal) (G1 Evacuation Pause) 382M->136M(463M) 5.412ms
[66.320s][info][gc,cpu         ] GC(391) User=0.00s Sys=0.00s Real=0.00s
[66.515s][info][gc,start       ] GC(392) Pause Young (Normal) (G1 Evacuation Pause)
[66.515s][info][gc,task        ] GC(392) Using 1 workers of 1 for evacuation
[66.520s][info][gc,phases      ] GC(392)   Pre Evacuate Collection Set: 0.0ms
[66.520s][info][gc,phases      ] GC(392)   Evacuate Collection Set: 4.1ms
[66.520s][info][gc,phases      ] GC(392)   Post Evacuate Collection Set: 0.3ms
[66.520s][info][gc,phases      ] GC(392)   Other: 0.4ms
[66.520s][info][gc,heap        ] GC(392) Eden regions: 249->0(251)
[66.520s][info][gc,heap        ] GC(392) Survivor regions: 3->3(32)
[66.520s][info][gc,heap        ] GC(392) Old regions: 124->124
[66.520s][info][gc,heap        ] GC(392) Humongous regions: 11->11
[66.520s][info][gc,metaspace   ] GC(392) Metaspace: 61162K->61162K(1103872K)
[66.520s][info][gc             ] GC(392) Pause Young (Normal) (G1 Evacuation Pause) 385M->136M(463M) 4.927ms
[66.520s][info][gc,cpu         ] GC(392) User=0.00s Sys=0.00s Real=0.00s
[66.569s][info][gc,task        ] GC(393) Using 1 workers of 1 for full compaction
[66.569s][info][gc,start       ] GC(393) Pause Full (System.gc())
[66.570s][info][gc,phases,start] GC(393) Phase 1: Mark live objects
[66.615s][info][gc,stringtable ] GC(393) Cleaned string and symbol table, strings: 21751 processed, 10 removed, symbols: 131609 processed, 0 removed
[66.615s][info][gc,phases      ] GC(393) Phase 1: Mark live objects 44.405ms
[66.615s][info][gc,phases,start] GC(393) Phase 2: Prepare for compaction
[66.619s][info][gc,phases      ] GC(393) Phase 2: Prepare for compaction 4.458ms
[66.619s][info][gc,phases,start] GC(393) Phase 3: Adjust pointers
[66.638s][info][gc,phases      ] GC(393) Phase 3: Adjust pointers 18.119ms
[66.638s][info][gc,phases,start] GC(393) Phase 4: Compact heap
[66.641s][info][gc,phases      ] GC(393) Phase 4: Compact heap 3.249ms
[66.655s][info][gc,heap        ] GC(393) Eden regions: 5->0(59)
[66.655s][info][gc,heap        ] GC(393) Survivor regions: 3->0(32)
[66.655s][info][gc,heap        ] GC(393) Old regions: 124->24
[66.655s][info][gc,heap        ] GC(393) Humongous regions: 16->6
[66.655s][info][gc,metaspace   ] GC(393) Metaspace: 61178K->61178K(1103872K)
[66.655s][info][gc             ] GC(393) Pause Full (System.gc()) 145M->28M(100M) 86.086ms
[66.655s][info][gc,cpu         ] GC(393) User=0.07s Sys=0.01s Real=0.09s
[66.780s][info][gc,start       ] GC(394) Pause Young (Normal) (G1 Evacuation Pause)
[66.780s][info][gc,task        ] GC(394) Using 1 workers of 1 for evacuation
[66.788s][info][gc,phases      ] GC(394)   Pre Evacuate Collection Set: 0.0ms
[66.788s][info][gc,phases      ] GC(394)   Evacuate Collection Set: 7.2ms
[66.788s][info][gc,phases      ] GC(394)   Post Evacuate Collection Set: 0.3ms
[66.788s][info][gc,phases      ] GC(394)   Other: 0.3ms
[66.788s][info][gc,heap        ] GC(394) Eden regions: 59->0(52)
[66.788s][info][gc,heap        ] GC(394) Survivor regions: 0->4(8)
[66.788s][info][gc,heap        ] GC(394) Old regions: 24->24
[66.788s][info][gc,heap        ] GC(394) Humongous regions: 11->6
[66.788s][info][gc,metaspace   ] GC(394) Metaspace: 61185K->61185K(1103872K)
[66.788s][info][gc             ] GC(394) Pause Young (Normal) (G1 Evacuation Pause) 92M->32M(100M) 7.857ms
[66.788s][info][gc,cpu         ] GC(394) User=0.01s Sys=0.00s Real=0.01s
[66.816s][info][gc,start       ] GC(395) Pause Young (Normal) (G1 Evacuation Pause)
[66.816s][info][gc,task        ] GC(395) Using 1 workers of 1 for evacuation
[66.829s][info][gc,phases      ] GC(395)   Pre Evacuate Collection Set: 0.0ms
[66.829s][info][gc,phases      ] GC(395)   Evacuate Collection Set: 12.5ms
[66.829s][info][gc,phases      ] GC(395)   Post Evacuate Collection Set: 0.2ms
[66.829s][info][gc,phases      ] GC(395)   Other: 0.2ms
[66.829s][info][gc,heap        ] GC(395) Eden regions: 52->0(45)
[66.829s][info][gc,heap        ] GC(395) Survivor regions: 4->7(7)
[66.829s][info][gc,heap        ] GC(395) Old regions: 24->24
[66.829s][info][gc,heap        ] GC(395) Humongous regions: 7->7
[66.829s][info][gc,metaspace   ] GC(395) Metaspace: 61185K->61185K(1103872K)
[66.829s][info][gc             ] GC(395) Pause Young (Normal) (G1 Evacuation Pause) 85M->36M(100M) 13.095ms
[66.829s][info][gc,cpu         ] GC(395) User=0.02s Sys=0.00s Real=0.01s
[66.852s][info][gc,start       ] GC(396) Pause Young (Normal) (G1 Evacuation Pause)
[66.852s][info][gc,task        ] GC(396) Using 1 workers of 1 for evacuation
[66.869s][info][gc,phases      ] GC(396)   Pre Evacuate Collection Set: 0.0ms
[66.869s][info][gc,phases      ] GC(396)   Evacuate Collection Set: 16.7ms
[66.869s][info][gc,phases      ] GC(396)   Post Evacuate Collection Set: 0.2ms
[66.869s][info][gc,phases      ] GC(396)   Other: 0.2ms
[66.869s][info][gc,heap        ] GC(396) Eden regions: 45->0(42)
[66.869s][info][gc,heap        ] GC(396) Survivor regions: 7->4(7)
[66.869s][info][gc,heap        ] GC(396) Old regions: 24->31
[66.869s][info][gc,heap        ] GC(396) Humongous regions: 7->7
[66.870s][info][gc,metaspace   ] GC(396) Metaspace: 61185K->61185K(1103872K)
[66.870s][info][gc             ] GC(396) Pause Young (Normal) (G1 Evacuation Pause) 81M->39M(100M) 17.266ms
[66.870s][info][gc,cpu         ] GC(396) User=0.02s Sys=0.00s Real=0.01s
[66.892s][info][gc,start       ] GC(397) Pause Young (Normal) (G1 Evacuation Pause)
[66.892s][info][gc,task        ] GC(397) Using 1 workers of 1 for evacuation
[66.905s][info][gc,phases      ] GC(397)   Pre Evacuate Collection Set: 0.0ms
[66.905s][info][gc,phases      ] GC(397)   Evacuate Collection Set: 12.7ms
[66.905s][info][gc,phases      ] GC(397)   Post Evacuate Collection Set: 0.2ms
[66.905s][info][gc,phases      ] GC(397)   Other: 0.2ms
[66.905s][info][gc,heap        ] GC(397) Eden regions: 42->0(36)
[66.905s][info][gc,heap        ] GC(397) Survivor regions: 4->4(6)
[66.905s][info][gc,heap        ] GC(397) Old regions: 31->35
[66.905s][info][gc,heap        ] GC(397) Humongous regions: 9->9
[66.905s][info][gc,metaspace   ] GC(397) Metaspace: 61185K->61185K(1103872K)
[66.905s][info][gc             ] GC(397) Pause Young (Normal) (G1 Evacuation Pause) 83M->45M(100M) 13.264ms
[66.906s][info][gc,cpu         ] GC(397) User=0.01s Sys=0.00s Real=0.01s
[66.924s][info][gc,start       ] GC(398) Pause Young (Normal) (G1 Evacuation Pause)
[66.924s][info][gc,task        ] GC(398) Using 1 workers of 1 for evacuation
[66.935s][info][gc,phases      ] GC(398)   Pre Evacuate Collection Set: 0.0ms
[66.935s][info][gc,phases      ] GC(398)   Evacuate Collection Set: 10.7ms
[66.935s][info][gc,phases      ] GC(398)   Post Evacuate Collection Set: 0.5ms
[66.935s][info][gc,phases      ] GC(398)   Other: 0.2ms
[66.935s][info][gc,heap        ] GC(398) Eden regions: 36->0(61)
[66.935s][info][gc,heap        ] GC(398) Survivor regions: 4->3(5)
[66.935s][info][gc,heap        ] GC(398) Old regions: 35->38
[66.935s][info][gc,heap        ] GC(398) Humongous regions: 9->9
[66.935s][info][gc,metaspace   ] GC(398) Metaspace: 61185K->61185K(1103872K)
[66.935s][info][gc             ] GC(398) Pause Young (Normal) (G1 Evacuation Pause) 81M->48M(146M) 11.464ms
[66.935s][info][gc,cpu         ] GC(398) User=0.01s Sys=0.00s Real=0.02s
[66.980s][info][gc,start       ] GC(399) Pause Young (Normal) (G1 Evacuation Pause)
[66.980s][info][gc,task        ] GC(399) Using 1 workers of 1 for evacuation
[66.994s][info][gc,phases      ] GC(399)   Pre Evacuate Collection Set: 0.0ms
[66.994s][info][gc,phases      ] GC(399)   Evacuate Collection Set: 13.6ms
[66.994s][info][gc,phases      ] GC(399)   Post Evacuate Collection Set: 0.2ms
[66.994s][info][gc,phases      ] GC(399)   Other: 0.3ms
[66.994s][info][gc,heap        ] GC(399) Eden regions: 61->0(59)
[66.994s][info][gc,heap        ] GC(399) Survivor regions: 3->8(8)
[66.994s][info][gc,heap        ] GC(399) Old regions: 38->38
[66.994s][info][gc,heap        ] GC(399) Humongous regions: 9->9
[66.994s][info][gc,metaspace   ] GC(399) Metaspace: 61185K->61185K(1103872K)
[66.994s][info][gc             ] GC(399) Pause Young (Normal) (G1 Evacuation Pause) 109M->53M(146M) 14.182ms
[66.994s][info][gc,cpu         ] GC(399) User=0.01s Sys=0.00s Real=0.02s
[67.024s][info][gc,start       ] GC(400) Pause Young (Normal) (G1 Evacuation Pause)
[67.024s][info][gc,task        ] GC(400) Using 1 workers of 1 for evacuation
[67.046s][info][gc,phases      ] GC(400)   Pre Evacuate Collection Set: 0.0ms
[67.046s][info][gc,phases      ] GC(400)   Evacuate Collection Set: 21.7ms
[67.046s][info][gc,phases      ] GC(400)   Post Evacuate Collection Set: 0.2ms
[67.046s][info][gc,phases      ] GC(400)   Other: 0.2ms
[67.046s][info][gc,heap        ] GC(400) Eden regions: 59->0(55)
[67.046s][info][gc,heap        ] GC(400) Survivor regions: 8->5(9)
[67.046s][info][gc,heap        ] GC(400) Old regions: 38->46
[67.046s][info][gc,heap        ] GC(400) Humongous regions: 12->12
[67.046s][info][gc,metaspace   ] GC(400) Metaspace: 61185K->61185K(1103872K)
[67.046s][info][gc             ] GC(400) Pause Young (Normal) (G1 Evacuation Pause) 115M->60M(146M) 22.182ms
[67.046s][info][gc,cpu         ] GC(400) User=0.03s Sys=0.00s Real=0.03s
[67.073s][info][gc,start       ] GC(401) Pause Young (Normal) (G1 Evacuation Pause)
[67.073s][info][gc,task        ] GC(401) Using 1 workers of 1 for evacuation
[67.089s][info][gc,phases      ] GC(401)   Pre Evacuate Collection Set: 0.0ms
[67.089s][info][gc,phases      ] GC(401)   Evacuate Collection Set: 15.5ms
[67.089s][info][gc,phases      ] GC(401)   Post Evacuate Collection Set: 0.2ms
[67.089s][info][gc,phases      ] GC(401)   Other: 0.2ms
[67.089s][info][gc,heap        ] GC(401) Eden regions: 55->0(52)
[67.089s][info][gc,heap        ] GC(401) Survivor regions: 5->5(8)
[67.089s][info][gc,heap        ] GC(401) Old regions: 46->50
[67.089s][info][gc,heap        ] GC(401) Humongous regions: 12->12
[67.089s][info][gc,metaspace   ] GC(401) Metaspace: 61185K->61185K(1103872K)
[67.089s][info][gc             ] GC(401) Pause Young (Normal) (G1 Evacuation Pause) 115M->65M(146M) 16.041ms
[67.089s][info][gc,cpu         ] GC(401) User=0.02s Sys=0.00s Real=0.01s
[67.114s][info][gc,start       ] GC(402) Pause Young (Normal) (G1 Evacuation Pause)
[67.114s][info][gc,task        ] GC(402) Using 1 workers of 1 for evacuation
[67.129s][info][gc,phases      ] GC(402)   Pre Evacuate Collection Set: 0.0ms
[67.129s][info][gc,phases      ] GC(402)   Evacuate Collection Set: 14.1ms
[67.129s][info][gc,phases      ] GC(402)   Post Evacuate Collection Set: 0.6ms
[67.129s][info][gc,phases      ] GC(402)   Other: 0.2ms
[67.129s][info][gc,heap        ] GC(402) Eden regions: 52->0(88)
[67.129s][info][gc,heap        ] GC(402) Survivor regions: 5->4(8)
[67.129s][info][gc,heap        ] GC(402) Old regions: 50->55
[67.129s][info][gc,heap        ] GC(402) Humongous regions: 12->12
[67.129s][info][gc,metaspace   ] GC(402) Metaspace: 61185K->61185K(1103872K)
[67.129s][info][gc             ] GC(402) Pause Young (Normal) (G1 Evacuation Pause) 117M->69M(217M) 14.981ms
[67.129s][info][gc,cpu         ] GC(402) User=0.02s Sys=0.00s Real=0.01s
[67.197s][info][gc,start       ] GC(403) Pause Young (Normal) (G1 Evacuation Pause)
[67.197s][info][gc,task        ] GC(403) Using 1 workers of 1 for evacuation
[67.223s][info][gc,phases      ] GC(403)   Pre Evacuate Collection Set: 0.0ms
[67.223s][info][gc,phases      ] GC(403)   Evacuate Collection Set: 25.8ms
[67.223s][info][gc,phases      ] GC(403)   Post Evacuate Collection Set: 0.3ms
[67.223s][info][gc,phases      ] GC(403)   Other: 0.3ms
[67.223s][info][gc,heap        ] GC(403) Eden regions: 88->0(86)
[67.223s][info][gc,heap        ] GC(403) Survivor regions: 4->11(12)
[67.223s][info][gc,heap        ] GC(403) Old regions: 55->55
[67.223s][info][gc,heap        ] GC(403) Humongous regions: 12->12
[67.223s][info][gc,metaspace   ] GC(403) Metaspace: 61185K->61185K(1103872K)
[67.223s][info][gc             ] GC(403) Pause Young (Normal) (G1 Evacuation Pause) 157M->76M(217M) 26.573ms
[67.223s][info][gc,cpu         ] GC(403) User=0.03s Sys=0.00s Real=0.02s
[67.274s][info][gc,start       ] GC(404) Pause Young (Normal) (G1 Evacuation Pause)
[67.274s][info][gc,task        ] GC(404) Using 1 workers of 1 for evacuation
[67.301s][info][gc,phases      ] GC(404)   Pre Evacuate Collection Set: 0.0ms
[67.301s][info][gc,phases      ] GC(404)   Evacuate Collection Set: 27.0ms
[67.301s][info][gc,phases      ] GC(404)   Post Evacuate Collection Set: 0.3ms
[67.301s][info][gc,phases      ] GC(404)   Other: 0.2ms
[67.301s][info][gc,heap        ] GC(404) Eden regions: 86->0(84)
[67.301s][info][gc,heap        ] GC(404) Survivor regions: 11->7(13)
[67.301s][info][gc,heap        ] GC(404) Old regions: 55->66
[67.301s][info][gc,heap        ] GC(404) Humongous regions: 12->12
[67.301s][info][gc,metaspace   ] GC(404) Metaspace: 61185K->61185K(1103872K)
[67.301s][info][gc             ] GC(404) Pause Young (Normal) (G1 Evacuation Pause) 162M->82M(217M) 27.638ms
[67.301s][info][gc,cpu         ] GC(404) User=0.03s Sys=0.00s Real=0.02s
[67.367s][info][gc,start       ] GC(405) Pause Young (Normal) (G1 Evacuation Pause)
[67.367s][info][gc,task        ] GC(405) Using 1 workers of 1 for evacuation
[67.397s][info][gc,phases      ] GC(405)   Pre Evacuate Collection Set: 0.0ms
[67.397s][info][gc,phases      ] GC(405)   Evacuate Collection Set: 29.0ms
[67.397s][info][gc,phases      ] GC(405)   Post Evacuate Collection Set: 0.8ms
[67.397s][info][gc,phases      ] GC(405)   Other: 0.3ms
[67.397s][info][gc,heap        ] GC(405) Eden regions: 84->0(78)
[67.397s][info][gc,heap        ] GC(405) Survivor regions: 7->7(12)
[67.397s][info][gc,heap        ] GC(405) Old regions: 66->72
[67.397s][info][gc,heap        ] GC(405) Humongous regions: 17->17
[67.397s][info][gc,metaspace   ] GC(405) Metaspace: 61185K->61185K(1103872K)
[67.397s][info][gc             ] GC(405) Pause Young (Normal) (G1 Evacuation Pause) 171M->94M(217M) 30.307ms
[67.397s][info][gc,cpu         ] GC(405) User=0.03s Sys=0.00s Real=0.03s
[67.436s][info][gc,start       ] GC(406) Pause Young (Normal) (G1 Evacuation Pause)
[67.436s][info][gc,task        ] GC(406) Using 1 workers of 1 for evacuation
[67.458s][info][gc,phases      ] GC(406)   Pre Evacuate Collection Set: 0.0ms
[67.458s][info][gc,phases      ] GC(406)   Evacuate Collection Set: 21.0ms
[67.458s][info][gc,phases      ] GC(406)   Post Evacuate Collection Set: 0.7ms
[67.458s][info][gc,phases      ] GC(406)   Other: 0.2ms
[67.458s][info][gc,heap        ] GC(406) Eden regions: 78->0(126)
[67.458s][info][gc,heap        ] GC(406) Survivor regions: 7->6(11)
[67.458s][info][gc,heap        ] GC(406) Old regions: 72->79
[67.458s][info][gc,heap        ] GC(406) Humongous regions: 17->17
[67.458s][info][gc,metaspace   ] GC(406) Metaspace: 61185K->61185K(1103872K)
[67.458s][info][gc             ] GC(406) Pause Young (Normal) (G1 Evacuation Pause) 172M->100M(331M) 22.016ms
[67.458s][info][gc,cpu         ] GC(406) User=0.02s Sys=0.00s Real=0.02s
[67.571s][info][gc,start       ] GC(407) Pause Young (Normal) (G1 Evacuation Pause)
[67.571s][info][gc,task        ] GC(407) Using 1 workers of 1 for evacuation
[67.599s][info][gc,phases      ] GC(407)   Pre Evacuate Collection Set: 0.0ms
[67.599s][info][gc,phases      ] GC(407)   Evacuate Collection Set: 27.4ms
[67.599s][info][gc,phases      ] GC(407)   Post Evacuate Collection Set: 0.3ms
[67.599s][info][gc,phases      ] GC(407)   Other: 0.3ms
[67.599s][info][gc,heap        ] GC(407) Eden regions: 126->0(126)
[67.599s][info][gc,heap        ] GC(407) Survivor regions: 6->16(17)
[67.599s][info][gc,heap        ] GC(407) Old regions: 79->79
[67.599s][info][gc,heap        ] GC(407) Humongous regions: 17->17
[67.599s][info][gc,metaspace   ] GC(407) Metaspace: 61185K->61185K(1103872K)
[67.599s][info][gc             ] GC(407) Pause Young (Normal) (G1 Evacuation Pause) 226M->109M(331M) 28.118ms
[67.599s][info][gc,cpu         ] GC(407) User=0.03s Sys=0.00s Real=0.03s
[67.660s][info][gc,start       ] GC(408) Pause Young (Normal) (G1 Evacuation Pause)
[67.660s][info][gc,task        ] GC(408) Using 1 workers of 1 for evacuation
[67.701s][info][gc,phases      ] GC(408)   Pre Evacuate Collection Set: 0.0ms
[67.701s][info][gc,phases      ] GC(408)   Evacuate Collection Set: 40.8ms
[67.701s][info][gc,phases      ] GC(408)   Post Evacuate Collection Set: 0.3ms
[67.701s][info][gc,phases      ] GC(408)   Other: 0.2ms
[67.701s][info][gc,heap        ] GC(408) Eden regions: 126->0(125)
[67.701s][info][gc,heap        ] GC(408) Survivor regions: 16->10(18)
[67.701s][info][gc,heap        ] GC(408) Old regions: 79->94
[67.701s][info][gc,heap        ] GC(408) Humongous regions: 17->17
[67.701s][info][gc,metaspace   ] GC(408) Metaspace: 61185K->61185K(1103872K)
[67.701s][info][gc             ] GC(408) Pause Young (Normal) (G1 Evacuation Pause) 235M->119M(331M) 41.427ms
[67.701s][info][gc,cpu         ] GC(408) User=0.04s Sys=0.00s Real=0.04s
[67.762s][info][gc,start       ] GC(409) Pause Young (Normal) (G1 Evacuation Pause)
[67.763s][info][gc,task        ] GC(409) Using 1 workers of 1 for evacuation
[67.799s][info][gc,phases      ] GC(409)   Pre Evacuate Collection Set: 0.0ms
[67.799s][info][gc,phases      ] GC(409)   Evacuate Collection Set: 35.8ms
[67.799s][info][gc,phases      ] GC(409)   Post Evacuate Collection Set: 0.4ms
[67.799s][info][gc,phases      ] GC(409)   Other: 0.2ms
[67.799s][info][gc,heap        ] GC(409) Eden regions: 125->0(124)
[67.799s][info][gc,heap        ] GC(409) Survivor regions: 10->10(17)
[67.799s][info][gc,heap        ] GC(409) Old regions: 94->104
[67.799s][info][gc,heap        ] GC(409) Humongous regions: 17->17
[67.799s][info][gc,metaspace   ] GC(409) Metaspace: 61185K->61185K(1103872K)
[67.799s][info][gc             ] GC(409) Pause Young (Normal) (G1 Evacuation Pause) 244M->128M(331M) 36.511ms
[67.799s][info][gc,cpu         ] GC(409) User=0.03s Sys=0.00s Real=0.04s
[68.000s][info][gc,start       ] GC(410) Pause Young (Normal) (G1 Evacuation Pause)
[68.001s][info][gc,task        ] GC(410) Using 1 workers of 1 for evacuation
[68.034s][info][gc,phases      ] GC(410)   Pre Evacuate Collection Set: 0.0ms
[68.035s][info][gc,phases      ] GC(410)   Evacuate Collection Set: 33.1ms
[68.035s][info][gc,phases      ] GC(410)   Post Evacuate Collection Set: 0.6ms
[68.035s][info][gc,phases      ] GC(410)   Other: 0.3ms
[68.035s][info][gc,heap        ] GC(410) Eden regions: 124->0(150)
[68.035s][info][gc,heap        ] GC(410) Survivor regions: 10->9(17)
[68.035s][info][gc,heap        ] GC(410) Old regions: 104->113
[68.035s][info][gc,heap        ] GC(410) Humongous regions: 22->17
[68.035s][info][gc,metaspace   ] GC(410) Metaspace: 61220K->61220K(1103872K)
[68.035s][info][gc             ] GC(410) Pause Young (Normal) (G1 Evacuation Pause) 257M->137M(399M) 34.144ms
[68.035s][info][gc,cpu         ] GC(410) User=0.03s Sys=0.00s Real=0.04s
[68.271s][info][gc,start       ] GC(411) Pause Young (Normal) (G1 Evacuation Pause)
[68.271s][info][gc,task        ] GC(411) Using 1 workers of 1 for evacuation
[68.344s][info][gc,phases      ] GC(411)   Pre Evacuate Collection Set: 0.0ms
[68.344s][info][gc,phases      ] GC(411)   Evacuate Collection Set: 68.4ms
[68.344s][info][gc,phases      ] GC(411)   Post Evacuate Collection Set: 4.5ms
[68.344s][info][gc,phases      ] GC(411)   Other: 0.3ms
[68.344s][info][gc,heap        ] GC(411) Eden regions: 150->0(148)
[68.344s][info][gc,heap        ] GC(411) Survivor regions: 9->19(20)
[68.344s][info][gc,heap        ] GC(411) Old regions: 113->113
[68.344s][info][gc,heap        ] GC(411) Humongous regions: 20->20
[68.344s][info][gc,metaspace   ] GC(411) Metaspace: 61220K->61220K(1103872K)
[68.344s][info][gc             ] GC(411) Pause Young (Normal) (G1 Evacuation Pause) 290M->150M(399M) 73.258ms
[68.345s][info][gc,cpu         ] GC(411) User=0.07s Sys=0.00s Real=0.08s
[68.525s][info][gc,start       ] GC(412) Pause Young (Normal) (G1 Evacuation Pause)
[68.525s][info][gc,task        ] GC(412) Using 1 workers of 1 for evacuation
[68.627s][info][gc,phases      ] GC(412)   Pre Evacuate Collection Set: 0.0ms
[68.627s][info][gc,phases      ] GC(412)   Evacuate Collection Set: 98.6ms
[68.627s][info][gc,phases      ] GC(412)   Post Evacuate Collection Set: 2.6ms
[68.627s][info][gc,phases      ] GC(412)   Other: 0.3ms
[68.627s][info][gc,heap        ] GC(412) Eden regions: 148->0(144)
[68.627s][info][gc,heap        ] GC(412) Survivor regions: 19->12(21)
[68.627s][info][gc,heap        ] GC(412) Old regions: 113->132
[68.627s][info][gc,heap        ] GC(412) Humongous regions: 23->23
[68.627s][info][gc,metaspace   ] GC(412) Metaspace: 61220K->61220K(1103872K)
[68.627s][info][gc             ] GC(412) Pause Young (Normal) (G1 Evacuation Pause) 301M->164M(399M) 101.584ms
[68.627s][info][gc,cpu         ] GC(412) User=0.10s Sys=0.00s Real=0.10s
[68.767s][info][gc,start       ] GC(413) Pause Young (Normal) (G1 Evacuation Pause)
[68.767s][info][gc,task        ] GC(413) Using 1 workers of 1 for evacuation
[68.806s][info][gc,phases      ] GC(413)   Pre Evacuate Collection Set: 0.0ms
[68.806s][info][gc,phases      ] GC(413)   Evacuate Collection Set: 37.8ms
[68.806s][info][gc,phases      ] GC(413)   Post Evacuate Collection Set: 0.3ms
[68.806s][info][gc,phases      ] GC(413)   Other: 0.2ms
[68.806s][info][gc,heap        ] GC(413) Eden regions: 144->0(141)
[68.806s][info][gc,heap        ] GC(413) Survivor regions: 12->11(20)
[68.806s][info][gc,heap        ] GC(413) Old regions: 132->143
[68.806s][info][gc,heap        ] GC(413) Humongous regions: 23->23
[68.806s][info][gc,metaspace   ] GC(413) Metaspace: 61220K->61220K(1103872K)
[68.806s][info][gc             ] GC(413) Pause Young (Normal) (G1 Evacuation Pause) 308M->175M(399M) 38.455ms
[68.806s][info][gc,cpu         ] GC(413) User=0.04s Sys=0.00s Real=0.04s
[68.877s][info][gc,start       ] GC(414) Pause Young (Normal) (G1 Evacuation Pause)
[68.877s][info][gc,task        ] GC(414) Using 1 workers of 1 for evacuation
[68.913s][info][gc,phases      ] GC(414)   Pre Evacuate Collection Set: 0.0ms
[68.913s][info][gc,phases      ] GC(414)   Evacuate Collection Set: 35.6ms
[68.913s][info][gc,phases      ] GC(414)   Post Evacuate Collection Set: 0.5ms
[68.913s][info][gc,phases      ] GC(414)   Other: 0.3ms
[68.913s][info][gc,heap        ] GC(414) Eden regions: 141->0(153)
[68.913s][info][gc,heap        ] GC(414) Survivor regions: 11->11(19)
[68.913s][info][gc,heap        ] GC(414) Old regions: 143->154
[68.913s][info][gc,heap        ] GC(414) Humongous regions: 23->23
[68.913s][info][gc,metaspace   ] GC(414) Metaspace: 61220K->61220K(1103872K)
[68.913s][info][gc             ] GC(414) Pause Young (Normal) (G1 Evacuation Pause) 316M->186M(440M) 36.432ms
[68.913s][info][gc,cpu         ] GC(414) User=0.03s Sys=0.00s Real=0.04s
[69.002s][info][gc,start       ] GC(415) Pause Young (Normal) (G1 Evacuation Pause)
[69.002s][info][gc,task        ] GC(415) Using 1 workers of 1 for evacuation
[69.043s][info][gc,phases      ] GC(415)   Pre Evacuate Collection Set: 0.0ms
[69.043s][info][gc,phases      ] GC(415)   Evacuate Collection Set: 40.5ms
[69.043s][info][gc,phases      ] GC(415)   Post Evacuate Collection Set: 0.3ms
[69.043s][info][gc,phases      ] GC(415)   Other: 0.3ms
[69.043s][info][gc,heap        ] GC(415) Eden regions: 153->0(148)
[69.043s][info][gc,heap        ] GC(415) Survivor regions: 11->12(21)
[69.043s][info][gc,heap        ] GC(415) Old regions: 154->165
[69.043s][info][gc,heap        ] GC(415) Humongous regions: 28->28
[69.043s][info][gc,metaspace   ] GC(415) Metaspace: 61220K->61220K(1103872K)
[69.043s][info][gc             ] GC(415) Pause Young (Normal) (G1 Evacuation Pause) 344M->203M(440M) 41.133ms
[69.043s][info][gc,cpu         ] GC(415) User=0.04s Sys=0.00s Real=0.04s
[69.116s][info][gc,start       ] GC(416) Pause Young (Normal) (G1 Evacuation Pause)
[69.116s][info][gc,task        ] GC(416) Using 1 workers of 1 for evacuation
[69.155s][info][gc,phases      ] GC(416)   Pre Evacuate Collection Set: 0.0ms
[69.155s][info][gc,phases      ] GC(416)   Evacuate Collection Set: 38.1ms
[69.155s][info][gc,phases      ] GC(416)   Post Evacuate Collection Set: 0.3ms
[69.155s][info][gc,phases      ] GC(416)   Other: 0.2ms
[69.155s][info][gc,heap        ] GC(416) Eden regions: 148->0(144)
[69.155s][info][gc,heap        ] GC(416) Survivor regions: 12->12(20)
[69.155s][info][gc,heap        ] GC(416) Old regions: 165->177
[69.155s][info][gc,heap        ] GC(416) Humongous regions: 28->28
[69.155s][info][gc,metaspace   ] GC(416) Metaspace: 61220K->61220K(1103872K)
[69.155s][info][gc             ] GC(416) Pause Young (Normal) (G1 Evacuation Pause) 351M->214M(440M) 38.794ms
[69.155s][info][gc,cpu         ] GC(416) User=0.04s Sys=0.00s Real=0.04s
[69.227s][info][gc,start       ] GC(417) Pause Young (Concurrent Start) (G1 Evacuation Pause)
[69.227s][info][gc,task        ] GC(417) Using 1 workers of 1 for evacuation
[69.284s][info][gc,phases      ] GC(417)   Pre Evacuate Collection Set: 0.3ms
[69.284s][info][gc,phases      ] GC(417)   Evacuate Collection Set: 56.2ms
[69.284s][info][gc,phases      ] GC(417)   Post Evacuate Collection Set: 0.8ms
[69.284s][info][gc,phases      ] GC(417)   Other: 0.3ms
[69.284s][info][gc,heap        ] GC(417) Eden regions: 144->0(139)
[69.284s][info][gc,heap        ] GC(417) Survivor regions: 12->11(20)
[69.285s][info][gc,heap        ] GC(417) Old regions: 177->188
[69.285s][info][gc,heap        ] GC(417) Humongous regions: 28->28
[69.285s][info][gc,metaspace   ] GC(417) Metaspace: 61220K->61220K(1103872K)
[69.285s][info][gc             ] GC(417) Pause Young (Concurrent Start) (G1 Evacuation Pause) 358M->225M(440M) 57.842ms
[69.285s][info][gc,cpu         ] GC(417) User=0.06s Sys=0.00s Real=0.06s
[69.285s][info][gc             ] GC(418) Concurrent Cycle
[69.285s][info][gc,marking     ] GC(418) Concurrent Clear Claimed Marks
[69.285s][info][gc,marking     ] GC(418) Concurrent Clear Claimed Marks 0.460ms
[69.285s][info][gc,marking     ] GC(418) Concurrent Scan Root Regions
[69.312s][info][gc,marking     ] GC(418) Concurrent Scan Root Regions 27.146ms
[69.312s][info][gc,marking     ] GC(418) Concurrent Mark (69.312s)
[69.312s][info][gc,marking     ] GC(418) Concurrent Mark From Roots
[69.312s][info][gc,task        ] GC(418) Using 1 workers of 1 for marking
[69.452s][info][gc,start       ] GC(419) Pause Young (Normal) (G1 Evacuation Pause)
[69.452s][info][gc,task        ] GC(419) Using 1 workers of 1 for evacuation
[69.488s][info][gc,phases      ] GC(419)   Pre Evacuate Collection Set: 0.0ms
[69.488s][info][gc,phases      ] GC(419)   Evacuate Collection Set: 35.4ms
[69.488s][info][gc,phases      ] GC(419)   Post Evacuate Collection Set: 0.4ms
[69.488s][info][gc,phases      ] GC(419)   Other: 0.3ms
[69.488s][info][gc,heap        ] GC(419) Eden regions: 139->0(142)
[69.488s][info][gc,heap        ] GC(419) Survivor regions: 11->11(19)
[69.488s][info][gc,heap        ] GC(419) Old regions: 188->199
[69.488s][info][gc,heap        ] GC(419) Humongous regions: 28->28
[69.488s][info][gc,metaspace   ] GC(419) Metaspace: 61220K->61220K(1103872K)
[69.488s][info][gc             ] GC(419) Pause Young (Normal) (G1 Evacuation Pause) 364M->236M(458M) 36.102ms
[69.488s][info][gc,cpu         ] GC(419) User=0.04s Sys=0.00s Real=0.04s
[69.544s][info][gc,marking     ] GC(418) Concurrent Mark From Roots 231.164ms
[69.544s][info][gc,marking     ] GC(418) Concurrent Preclean
[69.544s][info][gc,marking     ] GC(418) Concurrent Preclean 0.066ms
[69.544s][info][gc,marking     ] GC(418) Concurrent Mark (69.312s, 69.544s) 231.292ms
[69.547s][info][gc,start       ] GC(418) Pause Remark
[69.571s][info][gc,stringtable ] GC(418) Cleaned string and symbol table, strings: 21767 processed, 16 removed, symbols: 131609 processed, 0 removed
[69.572s][info][gc             ] GC(418) Pause Remark 264M->158M(458M) 24.351ms
[69.572s][info][gc,cpu         ] GC(418) User=0.02s Sys=0.00s Real=0.02s
[69.572s][info][gc,marking     ] GC(418) Concurrent Rebuild Remembered Sets
[69.763s][info][gc,marking     ] GC(418) Concurrent Rebuild Remembered Sets 191.452ms
[69.765s][info][gc,start       ] GC(418) Pause Cleanup
[69.765s][info][gc             ] GC(418) Pause Cleanup 241M->241M(458M) 0.321ms
[69.765s][info][gc,cpu         ] GC(418) User=0.00s Sys=0.00s Real=0.00s
[69.765s][info][gc,marking     ] GC(418) Concurrent Cleanup for Next Mark
[69.776s][info][gc,marking     ] GC(418) Concurrent Cleanup for Next Mark 10.783ms
[69.776s][info][gc             ] GC(418) Concurrent Cycle 491.178ms
[69.818s][info][gc,start       ] GC(420) Pause Young (Normal) (G1 Evacuation Pause)
[69.818s][info][gc,task        ] GC(420) Using 1 workers of 1 for evacuation
[69.837s][info][gc,phases      ] GC(420)   Pre Evacuate Collection Set: 0.0ms
[69.837s][info][gc,phases      ] GC(420)   Evacuate Collection Set: 18.4ms
[69.837s][info][gc,phases      ] GC(420)   Post Evacuate Collection Set: 0.3ms
[69.837s][info][gc,phases      ] GC(420)   Other: 0.2ms
[69.837s][info][gc,heap        ] GC(420) Eden regions: 142->0(193)
[69.837s][info][gc,heap        ] GC(420) Survivor regions: 11->2(20)
[69.837s][info][gc,heap        ] GC(420) Old regions: 110->121
[69.837s][info][gc,heap        ] GC(420) Humongous regions: 11->11
[69.837s][info][gc,metaspace   ] GC(420) Metaspace: 61223K->61223K(1103872K)
[69.837s][info][gc             ] GC(420) Pause Young (Normal) (G1 Evacuation Pause) 272M->132M(458M) 19.086ms
[69.837s][info][gc,cpu         ] GC(420) User=0.02s Sys=0.00s Real=0.02s
[70.026s][info][gc,start       ] GC(421) Pause Young (Normal) (G1 Evacuation Pause)
[70.026s][info][gc,task        ] GC(421) Using 1 workers of 1 for evacuation
[70.030s][info][gc,phases      ] GC(421)   Pre Evacuate Collection Set: 0.0ms
[70.030s][info][gc,phases      ] GC(421)   Evacuate Collection Set: 3.5ms
[70.030s][info][gc,phases      ] GC(421)   Post Evacuate Collection Set: 0.3ms
[70.030s][info][gc,phases      ] GC(421)   Other: 0.4ms
[70.030s][info][gc,heap        ] GC(421) Eden regions: 193->0(201)
[70.030s][info][gc,heap        ] GC(421) Survivor regions: 2->2(25)
[70.030s][info][gc,heap        ] GC(421) Old regions: 121->121
[70.030s][info][gc,heap        ] GC(421) Humongous regions: 11->11
[70.030s][info][gc,metaspace   ] GC(421) Metaspace: 61223K->61223K(1103872K)
[70.030s][info][gc             ] GC(421) Pause Young (Normal) (G1 Evacuation Pause) 325M->132M(458M) 4.277ms
[70.030s][info][gc,cpu         ] GC(421) User=0.00s Sys=0.00s Real=0.00s
[70.245s][info][gc,start       ] GC(422) Pause Young (Normal) (G1 Evacuation Pause)
[70.245s][info][gc,task        ] GC(422) Using 1 workers of 1 for evacuation
[70.250s][info][gc,phases      ] GC(422)   Pre Evacuate Collection Set: 0.0ms
[70.250s][info][gc,phases      ] GC(422)   Evacuate Collection Set: 4.6ms
[70.250s][info][gc,phases      ] GC(422)   Post Evacuate Collection Set: 0.4ms
[70.250s][info][gc,phases      ] GC(422)   Other: 0.5ms
[70.250s][info][gc,heap        ] GC(422) Eden regions: 201->0(208)
[70.250s][info][gc,heap        ] GC(422) Survivor regions: 2->2(26)
[70.250s][info][gc,heap        ] GC(422) Old regions: 121->121
[70.250s][info][gc,heap        ] GC(422) Humongous regions: 11->11
[70.250s][info][gc,metaspace   ] GC(422) Metaspace: 61223K->61223K(1103872K)
[70.250s][info][gc             ] GC(422) Pause Young (Normal) (G1 Evacuation Pause) 333M->132M(458M) 5.459ms
[70.250s][info][gc,cpu         ] GC(422) User=0.01s Sys=0.01s Real=0.00s
[70.456s][info][gc,start       ] GC(423) Pause Young (Normal) (G1 Evacuation Pause)
[70.457s][info][gc,task        ] GC(423) Using 1 workers of 1 for evacuation
[70.461s][info][gc,phases      ] GC(423)   Pre Evacuate Collection Set: 0.0ms
[70.461s][info][gc,phases      ] GC(423)   Evacuate Collection Set: 3.5ms
[70.461s][info][gc,phases      ] GC(423)   Post Evacuate Collection Set: 0.4ms
[70.461s][info][gc,phases      ] GC(423)   Other: 0.4ms
[70.461s][info][gc,heap        ] GC(423) Eden regions: 208->0(215)
[70.461s][info][gc,heap        ] GC(423) Survivor regions: 2->2(27)
[70.461s][info][gc,heap        ] GC(423) Old regions: 121->121
[70.461s][info][gc,heap        ] GC(423) Humongous regions: 11->11
[70.461s][info][gc,metaspace   ] GC(423) Metaspace: 61223K->61223K(1103872K)
[70.461s][info][gc             ] GC(423) Pause Young (Normal) (G1 Evacuation Pause) 340M->132M(458M) 4.313ms
[70.461s][info][gc,cpu         ] GC(423) User=0.01s Sys=0.00s Real=0.00s
[70.712s][info][gc,start       ] GC(424) Pause Young (Normal) (G1 Evacuation Pause)
[70.712s][info][gc,task        ] GC(424) Using 1 workers of 1 for evacuation
[70.716s][info][gc,phases      ] GC(424)   Pre Evacuate Collection Set: 0.0ms
[70.716s][info][gc,phases      ] GC(424)   Evacuate Collection Set: 3.5ms
[70.716s][info][gc,phases      ] GC(424)   Post Evacuate Collection Set: 0.3ms
[70.716s][info][gc,phases      ] GC(424)   Other: 0.3ms
[70.716s][info][gc,heap        ] GC(424) Eden regions: 215->0(220)
[70.716s][info][gc,heap        ] GC(424) Survivor regions: 2->2(28)
[70.716s][info][gc,heap        ] GC(424) Old regions: 121->121
[70.716s][info][gc,heap        ] GC(424) Humongous regions: 11->11
[70.716s][info][gc,metaspace   ] GC(424) Metaspace: 61223K->61223K(1103872K)
[70.716s][info][gc             ] GC(424) Pause Young (Normal) (G1 Evacuation Pause) 347M->132M(458M) 4.267ms
[70.717s][info][gc,cpu         ] GC(424) User=0.00s Sys=0.00s Real=0.01s
[70.955s][info][gc,start       ] GC(425) Pause Young (Normal) (G1 Evacuation Pause)
[70.955s][info][gc,task        ] GC(425) Using 1 workers of 1 for evacuation
[70.959s][info][gc,phases      ] GC(425)   Pre Evacuate Collection Set: 0.0ms
[70.959s][info][gc,phases      ] GC(425)   Evacuate Collection Set: 3.4ms
[70.959s][info][gc,phases      ] GC(425)   Post Evacuate Collection Set: 0.4ms
[70.959s][info][gc,phases      ] GC(425)   Other: 0.4ms
[70.959s][info][gc,heap        ] GC(425) Eden regions: 220->0(225)
[70.959s][info][gc,heap        ] GC(425) Survivor regions: 2->2(28)
[70.959s][info][gc,heap        ] GC(425) Old regions: 121->121
[70.959s][info][gc,heap        ] GC(425) Humongous regions: 11->11
[70.959s][info][gc,metaspace   ] GC(425) Metaspace: 61223K->61223K(1103872K)
[70.959s][info][gc             ] GC(425) Pause Young (Normal) (G1 Evacuation Pause) 352M->132M(458M) 4.162ms
[70.959s][info][gc,cpu         ] GC(425) User=0.00s Sys=0.00s Real=0.00s
[71.186s][info][gc,start       ] GC(426) Pause Young (Normal) (G1 Evacuation Pause)
[71.186s][info][gc,task        ] GC(426) Using 1 workers of 1 for evacuation
[71.190s][info][gc,phases      ] GC(426)   Pre Evacuate Collection Set: 0.0ms
[71.190s][info][gc,phases      ] GC(426)   Evacuate Collection Set: 3.6ms
[71.190s][info][gc,phases      ] GC(426)   Post Evacuate Collection Set: 0.3ms
[71.190s][info][gc,phases      ] GC(426)   Other: 0.3ms
[71.190s][info][gc,heap        ] GC(426) Eden regions: 225->0(230)
[71.190s][info][gc,heap        ] GC(426) Survivor regions: 2->2(29)
[71.190s][info][gc,heap        ] GC(426) Old regions: 121->121
[71.190s][info][gc,heap        ] GC(426) Humongous regions: 11->11
[71.190s][info][gc,metaspace   ] GC(426) Metaspace: 61223K->61223K(1103872K)
[71.190s][info][gc             ] GC(426) Pause Young (Normal) (G1 Evacuation Pause) 357M->132M(458M) 4.386ms
[71.190s][info][gc,cpu         ] GC(426) User=0.00s Sys=0.00s Real=0.00s
[71.416s][info][gc,start       ] GC(427) Pause Young (Normal) (G1 Evacuation Pause)
[71.416s][info][gc,task        ] GC(427) Using 1 workers of 1 for evacuation
[71.420s][info][gc,phases      ] GC(427)   Pre Evacuate Collection Set: 0.0ms
[71.420s][info][gc,phases      ] GC(427)   Evacuate Collection Set: 3.5ms
[71.420s][info][gc,phases      ] GC(427)   Post Evacuate Collection Set: 0.3ms
[71.420s][info][gc,phases      ] GC(427)   Other: 0.3ms
[71.420s][info][gc,heap        ] GC(427) Eden regions: 230->0(234)
[71.420s][info][gc,heap        ] GC(427) Survivor regions: 2->2(29)
[71.420s][info][gc,heap        ] GC(427) Old regions: 121->121
[71.420s][info][gc,heap        ] GC(427) Humongous regions: 11->11
[71.420s][info][gc,metaspace   ] GC(427) Metaspace: 61223K->61223K(1103872K)
[71.420s][info][gc             ] GC(427) Pause Young (Normal) (G1 Evacuation Pause) 362M->132M(458M) 4.289ms
[71.420s][info][gc,cpu         ] GC(427) User=0.01s Sys=0.00s Real=0.00s
[71.601s][info][gc,start       ] GC(428) Pause Young (Normal) (G1 Evacuation Pause)
[71.602s][info][gc,task        ] GC(428) Using 1 workers of 1 for evacuation
[71.606s][info][gc,phases      ] GC(428)   Pre Evacuate Collection Set: 0.0ms
[71.606s][info][gc,phases      ] GC(428)   Evacuate Collection Set: 3.5ms
[71.606s][info][gc,phases      ] GC(428)   Post Evacuate Collection Set: 0.3ms
[71.606s][info][gc,phases      ] GC(428)   Other: 0.3ms
[71.606s][info][gc,heap        ] GC(428) Eden regions: 234->0(238)
[71.606s][info][gc,heap        ] GC(428) Survivor regions: 2->2(30)
[71.606s][info][gc,heap        ] GC(428) Old regions: 121->121
[71.606s][info][gc,heap        ] GC(428) Humongous regions: 11->11
[71.606s][info][gc,metaspace   ] GC(428) Metaspace: 61223K->61223K(1103872K)
[71.606s][info][gc             ] GC(428) Pause Young (Normal) (G1 Evacuation Pause) 366M->132M(458M) 4.170ms
[71.606s][info][gc,cpu         ] GC(428) User=0.00s Sys=0.00s Real=0.01s
[71.793s][info][gc,start       ] GC(429) Pause Young (Normal) (G1 Evacuation Pause)
[71.793s][info][gc,task        ] GC(429) Using 1 workers of 1 for evacuation
[71.799s][info][gc,phases      ] GC(429)   Pre Evacuate Collection Set: 0.0ms
[71.799s][info][gc,phases      ] GC(429)   Evacuate Collection Set: 4.5ms
[71.799s][info][gc,phases      ] GC(429)   Post Evacuate Collection Set: 0.4ms
[71.799s][info][gc,phases      ] GC(429)   Other: 0.7ms
[71.799s][info][gc,heap        ] GC(429) Eden regions: 238->0(241)
[71.799s][info][gc,heap        ] GC(429) Survivor regions: 2->2(30)
[71.799s][info][gc,heap        ] GC(429) Old regions: 121->121
[71.799s][info][gc,heap        ] GC(429) Humongous regions: 11->11
[71.799s][info][gc,metaspace   ] GC(429) Metaspace: 61223K->61223K(1103872K)
[71.799s][info][gc             ] GC(429) Pause Young (Normal) (G1 Evacuation Pause) 370M->132M(458M) 5.578ms
[71.799s][info][gc,cpu         ] GC(429) User=0.00s Sys=0.00s Real=0.00s
[71.985s][info][gc,start       ] GC(430) Pause Young (Normal) (G1 Evacuation Pause)
[71.985s][info][gc,task        ] GC(430) Using 1 workers of 1 for evacuation
[71.991s][info][gc,phases      ] GC(430)   Pre Evacuate Collection Set: 0.0ms
[71.991s][info][gc,phases      ] GC(430)   Evacuate Collection Set: 3.7ms
[71.991s][info][gc,phases      ] GC(430)   Post Evacuate Collection Set: 0.3ms
[71.991s][info][gc,phases      ] GC(430)   Other: 1.9ms
[71.991s][info][gc,heap        ] GC(430) Eden regions: 241->0(244)
[71.991s][info][gc,heap        ] GC(430) Survivor regions: 2->2(31)
[71.991s][info][gc,heap        ] GC(430) Old regions: 121->121
[71.991s][info][gc,heap        ] GC(430) Humongous regions: 11->11
[71.991s][info][gc,metaspace   ] GC(430) Metaspace: 61223K->61223K(1103872K)
[71.991s][info][gc             ] GC(430) Pause Young (Normal) (G1 Evacuation Pause) 373M->132M(458M) 6.015ms
[71.991s][info][gc,cpu         ] GC(430) User=0.00s Sys=0.00s Real=0.00s
[72.178s][info][gc,start       ] GC(431) Pause Young (Normal) (G1 Evacuation Pause)
[72.178s][info][gc,task        ] GC(431) Using 1 workers of 1 for evacuation
[72.182s][info][gc,phases      ] GC(431)   Pre Evacuate Collection Set: 0.0ms
[72.182s][info][gc,phases      ] GC(431)   Evacuate Collection Set: 3.6ms
[72.182s][info][gc,phases      ] GC(431)   Post Evacuate Collection Set: 0.3ms
[72.182s][info][gc,phases      ] GC(431)   Other: 0.3ms
[72.182s][info][gc,heap        ] GC(431) Eden regions: 244->0(247)
[72.182s][info][gc,heap        ] GC(431) Survivor regions: 2->2(31)
[72.182s][info][gc,heap        ] GC(431) Old regions: 121->121
[72.182s][info][gc,heap        ] GC(431) Humongous regions: 11->11
[72.182s][info][gc,metaspace   ] GC(431) Metaspace: 61223K->61223K(1103872K)
[72.182s][info][gc             ] GC(431) Pause Young (Normal) (G1 Evacuation Pause) 376M->132M(458M) 4.387ms
[72.182s][info][gc,cpu         ] GC(431) User=0.00s Sys=0.00s Real=0.00s
[72.387s][info][gc,start       ] GC(432) Pause Young (Normal) (G1 Evacuation Pause)
[72.387s][info][gc,task        ] GC(432) Using 1 workers of 1 for evacuation
[72.391s][info][gc,phases      ] GC(432)   Pre Evacuate Collection Set: 0.0ms
[72.391s][info][gc,phases      ] GC(432)   Evacuate Collection Set: 3.5ms
[72.391s][info][gc,phases      ] GC(432)   Post Evacuate Collection Set: 0.3ms
[72.391s][info][gc,phases      ] GC(432)   Other: 0.4ms
[72.391s][info][gc,heap        ] GC(432) Eden regions: 247->0(249)
[72.391s][info][gc,heap        ] GC(432) Survivor regions: 2->2(32)
[72.391s][info][gc,heap        ] GC(432) Old regions: 121->121
[72.391s][info][gc,heap        ] GC(432) Humongous regions: 11->11
[72.391s][info][gc,metaspace   ] GC(432) Metaspace: 61223K->61223K(1103872K)
[72.391s][info][gc             ] GC(432) Pause Young (Normal) (G1 Evacuation Pause) 379M->132M(458M) 4.376ms
[72.391s][info][gc,cpu         ] GC(432) User=0.00s Sys=0.00s Real=0.00s
[72.571s][info][gc,heap,exit   ] Heap
[72.571s][info][gc,heap,exit   ]  garbage-first heap   total 468992K, used 217261K [0x00000000e0c00000, 0x0000000100000000)
[72.571s][info][gc,heap,exit   ]   region size 1024K, 78 young (79872K), 2 survivors (2048K)
[72.571s][info][gc,heap,exit   ]  Metaspace       used 61749K, capacity 65460K, committed 65692K, reserved 1103872K
[72.571s][info][gc,heap,exit   ]   class space    used 8699K, capacity 10539K, committed 10624K, reserved 1048576K
