[0.003s][info][gc,heap] Heap region size: 1M
[0.004s][info][gc     ] Using G1
[0.004s][info][gc,heap,coops] Heap address: 0x00000000a2400000, size: 1500 MB, Compressed Oops mode: 32-bit
[0.414s][info][gc,start     ] GC(0) Pause Young (Normal) (G1 Evacuation Pause)
[0.414s][info][gc,task      ] GC(0) Using 1 workers of 1 for evacuation
[0.419s][info][gc,phases    ] GC(0)   Pre Evacuate Collection Set: 0.0ms
[0.419s][info][gc,phases    ] GC(0)   Evacuate Collection Set: 4.2ms
[0.419s][info][gc,phases    ] GC(0)   Post Evacuate Collection Set: 0.1ms
[0.419s][info][gc,phases    ] GC(0)   Other: 0.2ms
[0.419s][info][gc,heap      ] GC(0) Eden regions: 6->0(5)
[0.419s][info][gc,heap      ] GC(0) Survivor regions: 0->1(1)
[0.419s][info][gc,heap      ] GC(0) Old regions: 0->2
[0.419s][info][gc,heap      ] GC(0) Humongous regions: 0->0
[0.419s][info][gc,metaspace ] GC(0) Metaspace: 2145K->2145K(1056768K)
[0.419s][info][gc           ] GC(0) Pause Young (Normal) (G1 Evacuation Pause) 6M->2M(126M) 4.580ms
[0.419s][info][gc,cpu       ] GC(0) User=0.00s Sys=0.00s Real=0.01s
[0.582s][info][gc,start     ] GC(1) Pause Young (Normal) (G1 Evacuation Pause)
[0.582s][info][gc,task      ] GC(1) Using 1 workers of 1 for evacuation
[0.585s][info][gc,phases    ] GC(1)   Pre Evacuate Collection Set: 0.0ms
[0.585s][info][gc,phases    ] GC(1)   Evacuate Collection Set: 2.4ms
[0.585s][info][gc,phases    ] GC(1)   Post Evacuate Collection Set: 0.1ms
[0.585s][info][gc,phases    ] GC(1)   Other: 0.1ms
[0.585s][info][gc,heap      ] GC(1) Eden regions: 5->0(6)
[0.585s][info][gc,heap      ] GC(1) Survivor regions: 1->1(1)
[0.585s][info][gc,heap      ] GC(1) Old regions: 2->3
[0.585s][info][gc,heap      ] GC(1) Humongous regions: 0->0
[0.585s][info][gc,metaspace ] GC(1) Metaspace: 4292K->4292K(1056768K)
[0.585s][info][gc           ] GC(1) Pause Young (Normal) (G1 Evacuation Pause) 7M->2M(126M) 2.709ms
[0.585s][info][gc,cpu       ] GC(1) User=0.00s Sys=0.01s Real=0.00s
[0.791s][info][gc,start     ] GC(2) Pause Young (Normal) (G1 Evacuation Pause)
[0.791s][info][gc,task      ] GC(2) Using 1 workers of 1 for evacuation
[0.793s][info][gc,phases    ] GC(2)   Pre Evacuate Collection Set: 0.0ms
[0.793s][info][gc,phases    ] GC(2)   Evacuate Collection Set: 1.5ms
[0.793s][info][gc,phases    ] GC(2)   Post Evacuate Collection Set: 0.0ms
[0.793s][info][gc,phases    ] GC(2)   Other: 0.2ms
[0.793s][info][gc,heap      ] GC(2) Eden regions: 6->0(12)
[0.793s][info][gc,heap      ] GC(2) Survivor regions: 1->1(1)
[0.793s][info][gc,heap      ] GC(2) Old regions: 3->3
[0.793s][info][gc,heap      ] GC(2) Humongous regions: 0->0
[0.793s][info][gc,metaspace ] GC(2) Metaspace: 6632K->6632K(1058816K)
[0.793s][info][gc           ] GC(2) Pause Young (Normal) (G1 Evacuation Pause) 8M->2M(126M) 1.753ms
[0.793s][info][gc,cpu       ] GC(2) User=0.00s Sys=0.00s Real=0.00s
[2.322s][info][gc,start     ] GC(3) Pause Young (Normal) (G1 Evacuation Pause)
[2.322s][info][gc,task      ] GC(3) Using 1 workers of 1 for evacuation
[2.325s][info][gc,phases    ] GC(3)   Pre Evacuate Collection Set: 0.0ms
[2.325s][info][gc,phases    ] GC(3)   Evacuate Collection Set: 2.6ms
[2.325s][info][gc,phases    ] GC(3)   Post Evacuate Collection Set: 0.1ms
[2.325s][info][gc,phases    ] GC(3)   Other: 0.2ms
[2.325s][info][gc,heap      ] GC(3) Eden regions: 12->0(18)
[2.325s][info][gc,heap      ] GC(3) Survivor regions: 1->1(2)
[2.325s][info][gc,heap      ] GC(3) Old regions: 3->3
[2.325s][info][gc,heap      ] GC(3) Humongous regions: 0->0
[2.325s][info][gc,metaspace ] GC(3) Metaspace: 8519K->8519K(1058816K)
[2.325s][info][gc           ] GC(3) Pause Young (Normal) (G1 Evacuation Pause) 14M->3M(126M) 2.989ms
[2.325s][info][gc,cpu       ] GC(3) User=0.01s Sys=0.00s Real=0.00s
[2.643s][info][gc,start     ] GC(4) Pause Young (Normal) (G1 Evacuation Pause)
[2.643s][info][gc,task      ] GC(4) Using 1 workers of 1 for evacuation
[2.651s][info][gc,phases    ] GC(4)   Pre Evacuate Collection Set: 0.0ms
[2.651s][info][gc,phases    ] GC(4)   Evacuate Collection Set: 7.1ms
[2.651s][info][gc,phases    ] GC(4)   Post Evacuate Collection Set: 0.2ms
[2.651s][info][gc,phases    ] GC(4)   Other: 0.2ms
[2.651s][info][gc,heap      ] GC(4) Eden regions: 18->0(19)
[2.651s][info][gc,heap      ] GC(4) Survivor regions: 1->3(3)
[2.651s][info][gc,heap      ] GC(4) Old regions: 3->8
[2.651s][info][gc,heap      ] GC(4) Humongous regions: 6->6
[2.651s][info][gc,metaspace ] GC(4) Metaspace: 12181K->12181K(1060864K)
[2.651s][info][gc           ] GC(4) Pause Young (Normal) (G1 Evacuation Pause) 27M->16M(126M) 7.520ms
[2.651s][info][gc,cpu       ] GC(4) User=0.01s Sys=0.01s Real=0.01s
[3.407s][info][gc,start     ] GC(5) Pause Young (Normal) (G1 Evacuation Pause)
[3.407s][info][gc,task      ] GC(5) Using 1 workers of 1 for evacuation
[3.414s][info][gc,phases    ] GC(5)   Pre Evacuate Collection Set: 0.0ms
[3.414s][info][gc,phases    ] GC(5)   Evacuate Collection Set: 6.2ms
[3.414s][info][gc,phases    ] GC(5)   Post Evacuate Collection Set: 0.2ms
[3.414s][info][gc,phases    ] GC(5)   Other: 0.2ms
[3.414s][info][gc,heap      ] GC(5) Eden regions: 19->0(65)
[3.414s][info][gc,heap      ] GC(5) Survivor regions: 3->3(3)
[3.414s][info][gc,heap      ] GC(5) Old regions: 8->11
[3.414s][info][gc,heap      ] GC(5) Humongous regions: 6->6
[3.414s][info][gc,metaspace ] GC(5) Metaspace: 17616K->17616K(1064960K)
[3.414s][info][gc           ] GC(5) Pause Young (Normal) (G1 Evacuation Pause) 35M->19M(126M) 6.764ms
[3.414s][info][gc,cpu       ] GC(5) User=0.01s Sys=0.00s Real=0.00s
[3.678s][info][gc,start     ] GC(6) Pause Young (Concurrent Start) (Metadata GC Threshold)
[3.678s][info][gc,task      ] GC(6) Using 1 workers of 1 for evacuation
[3.694s][info][gc,phases    ] GC(6)   Pre Evacuate Collection Set: 0.1ms
[3.694s][info][gc,phases    ] GC(6)   Evacuate Collection Set: 11.0ms
[3.694s][info][gc,phases    ] GC(6)   Post Evacuate Collection Set: 4.3ms
[3.694s][info][gc,phases    ] GC(6)   Other: 0.4ms
[3.694s][info][gc,heap      ] GC(6) Eden regions: 9->0(26)
[3.694s][info][gc,heap      ] GC(6) Survivor regions: 3->4(9)
[3.694s][info][gc,heap      ] GC(6) Old regions: 11->11
[3.694s][info][gc,heap      ] GC(6) Humongous regions: 6->6
[3.694s][info][gc,metaspace ] GC(6) Metaspace: 20168K->20168K(1067008K)
[3.694s][info][gc           ] GC(6) Pause Young (Concurrent Start) (Metadata GC Threshold) 28M->19M(152M) 15.843ms
[3.694s][info][gc,cpu       ] GC(6) User=0.01s Sys=0.00s Real=0.02s
[3.694s][info][gc           ] GC(7) Concurrent Cycle
[3.694s][info][gc,marking   ] GC(7) Concurrent Clear Claimed Marks
[3.694s][info][gc,marking   ] GC(7) Concurrent Clear Claimed Marks 0.049ms
[3.694s][info][gc,marking   ] GC(7) Concurrent Scan Root Regions
[3.695s][info][gc,marking   ] GC(7) Concurrent Scan Root Regions 1.388ms
[3.695s][info][gc,marking   ] GC(7) Concurrent Mark (3.695s)
[3.695s][info][gc,marking   ] GC(7) Concurrent Mark From Roots
[3.695s][info][gc,task      ] GC(7) Using 1 workers of 1 for marking
[3.701s][info][gc,marking   ] GC(7) Concurrent Mark From Roots 5.148ms
[3.701s][info][gc,marking   ] GC(7) Concurrent Preclean
[3.701s][info][gc,marking   ] GC(7) Concurrent Preclean 0.036ms
[3.701s][info][gc,marking   ] GC(7) Concurrent Mark (3.695s, 3.701s) 5.234ms
[3.705s][info][gc,start     ] GC(7) Pause Remark
[3.708s][info][gc,stringtable] GC(7) Cleaned string and symbol table, strings: 7725 processed, 7 removed, symbols: 40182 processed, 43 removed
[3.709s][info][gc            ] GC(7) Pause Remark 20M->20M(152M) 3.903ms
[3.709s][info][gc,cpu        ] GC(7) User=0.00s Sys=0.00s Real=0.01s
[3.709s][info][gc,marking    ] GC(7) Concurrent Rebuild Remembered Sets
[3.729s][info][gc,marking    ] GC(7) Concurrent Rebuild Remembered Sets 19.904ms
[3.729s][info][gc,start      ] GC(7) Pause Cleanup
[3.729s][info][gc            ] GC(7) Pause Cleanup 20M->20M(152M) 0.060ms
[3.729s][info][gc,cpu        ] GC(7) User=0.00s Sys=0.00s Real=0.00s
[3.729s][info][gc,marking    ] GC(7) Concurrent Cleanup for Next Mark
[3.729s][info][gc,marking    ] GC(7) Concurrent Cleanup for Next Mark 0.539ms
[3.729s][info][gc            ] GC(7) Concurrent Cycle 35.319ms
[4.457s][info][gc,start      ] GC(8) Pause Young (Normal) (G1 Evacuation Pause)
[4.458s][info][gc,task       ] GC(8) Using 1 workers of 1 for evacuation
[4.475s][info][gc,phases     ] GC(8)   Pre Evacuate Collection Set: 0.0ms
[4.475s][info][gc,phases     ] GC(8)   Evacuate Collection Set: 11.6ms
[4.475s][info][gc,phases     ] GC(8)   Post Evacuate Collection Set: 4.5ms
[4.475s][info][gc,phases     ] GC(8)   Other: 0.9ms
[4.475s][info][gc,heap       ] GC(8) Eden regions: 27->0(70)
[4.475s][info][gc,heap       ] GC(8) Survivor regions: 4->2(4)
[4.475s][info][gc,heap       ] GC(8) Old regions: 11->14
[4.475s][info][gc,heap       ] GC(8) Humongous regions: 6->6
[4.475s][info][gc,metaspace  ] GC(8) Metaspace: 26173K->26173K(1073152K)
[4.475s][info][gc            ] GC(8) Pause Young (Normal) (G1 Evacuation Pause) 46M->21M(152M) 17.169ms
[4.475s][info][gc,cpu        ] GC(8) User=0.02s Sys=0.00s Real=0.02s
[5.443s][info][gc,start      ] GC(9) Pause Young (Concurrent Start) (Metadata GC Threshold)
[5.443s][info][gc,task       ] GC(9) Using 1 workers of 1 for evacuation
[5.453s][info][gc,phases     ] GC(9)   Pre Evacuate Collection Set: 0.1ms
[5.453s][info][gc,phases     ] GC(9)   Evacuate Collection Set: 9.3ms
[5.453s][info][gc,phases     ] GC(9)   Post Evacuate Collection Set: 0.3ms
[5.453s][info][gc,phases     ] GC(9)   Other: 0.3ms
[5.453s][info][gc,heap       ] GC(9) Eden regions: 41->0(51)
[5.453s][info][gc,heap       ] GC(9) Survivor regions: 2->5(9)
[5.453s][info][gc,heap       ] GC(9) Old regions: 14->14
[5.453s][info][gc,heap       ] GC(9) Humongous regions: 6->6
[5.453s][info][gc,metaspace  ] GC(9) Metaspace: 34494K->34494K(1079296K)
[5.453s][info][gc            ] GC(9) Pause Young (Concurrent Start) (Metadata GC Threshold) 61M->23M(152M) 10.042ms
[5.453s][info][gc,cpu        ] GC(9) User=0.01s Sys=0.00s Real=0.01s
[5.453s][info][gc            ] GC(10) Concurrent Cycle
[5.453s][info][gc,marking    ] GC(10) Concurrent Clear Claimed Marks
[5.453s][info][gc,marking    ] GC(10) Concurrent Clear Claimed Marks 0.131ms
[5.453s][info][gc,marking    ] GC(10) Concurrent Scan Root Regions
[5.456s][info][gc,marking    ] GC(10) Concurrent Scan Root Regions 2.665ms
[5.456s][info][gc,marking    ] GC(10) Concurrent Mark (5.456s)
[5.456s][info][gc,marking    ] GC(10) Concurrent Mark From Roots
[5.456s][info][gc,task       ] GC(10) Using 1 workers of 1 for marking
[5.485s][info][gc,marking    ] GC(10) Concurrent Mark From Roots 28.779ms
[5.485s][info][gc,marking    ] GC(10) Concurrent Preclean
[5.485s][info][gc,marking    ] GC(10) Concurrent Preclean 0.025ms
[5.485s][info][gc,marking    ] GC(10) Concurrent Mark (5.456s, 5.485s) 28.855ms
[5.486s][info][gc,start      ] GC(10) Pause Remark
[5.492s][info][gc,stringtable] GC(10) Cleaned string and symbol table, strings: 13686 processed, 3 removed, symbols: 80094 processed, 44 removed
[5.492s][info][gc            ] GC(10) Pause Remark 24M->24M(152M) 5.900ms
[5.492s][info][gc,cpu        ] GC(10) User=0.01s Sys=0.00s Real=0.01s
[5.492s][info][gc,marking    ] GC(10) Concurrent Rebuild Remembered Sets
[5.504s][info][gc,marking    ] GC(10) Concurrent Rebuild Remembered Sets 12.336ms
[5.504s][info][gc,start      ] GC(10) Pause Cleanup
[5.504s][info][gc            ] GC(10) Pause Cleanup 24M->24M(152M) 0.050ms
[5.504s][info][gc,cpu        ] GC(10) User=0.00s Sys=0.00s Real=0.00s
[5.504s][info][gc,marking    ] GC(10) Concurrent Cleanup for Next Mark
[5.512s][info][gc,marking    ] GC(10) Concurrent Cleanup for Next Mark 7.376ms
[5.512s][info][gc            ] GC(10) Concurrent Cycle 58.556ms
[6.504s][info][gc,start      ] GC(11) Pause Young (Normal) (G1 Evacuation Pause)
[6.505s][info][gc,task       ] GC(11) Using 1 workers of 1 for evacuation
[6.536s][info][gc,phases     ] GC(11)   Pre Evacuate Collection Set: 0.0ms
[6.536s][info][gc,phases     ] GC(11)   Evacuate Collection Set: 30.4ms
[6.536s][info][gc,phases     ] GC(11)   Post Evacuate Collection Set: 0.5ms
[6.536s][info][gc,phases     ] GC(11)   Other: 0.5ms
[6.536s][info][gc,heap       ] GC(11) Eden regions: 52->0(83)
[6.536s][info][gc,heap       ] GC(11) Survivor regions: 5->8(8)
[6.536s][info][gc,heap       ] GC(11) Old regions: 14->14
[6.536s][info][gc,heap       ] GC(11) Humongous regions: 6->6
[6.536s][info][gc,metaspace  ] GC(11) Metaspace: 42877K->42877K(1087488K)
[6.536s][info][gc            ] GC(11) Pause Young (Normal) (G1 Evacuation Pause) 75M->27M(152M) 31.548ms
[6.536s][info][gc,cpu        ] GC(11) User=0.03s Sys=0.00s Real=0.03s
[6.766s][info][gc,start      ] GC(12) Pause Young (Normal) (G1 Evacuation Pause)
[6.766s][info][gc,task       ] GC(12) Using 1 workers of 1 for evacuation
[6.807s][info][gc,phases     ] GC(12)   Pre Evacuate Collection Set: 0.0ms
[6.807s][info][gc,phases     ] GC(12)   Evacuate Collection Set: 39.6ms
[6.807s][info][gc,phases     ] GC(12)   Post Evacuate Collection Set: 0.4ms
[6.807s][info][gc,phases     ] GC(12)   Other: 0.3ms
[6.807s][info][gc,heap       ] GC(12) Eden regions: 83->0(82)
[6.807s][info][gc,heap       ] GC(12) Survivor regions: 8->12(12)
[6.807s][info][gc,heap       ] GC(12) Old regions: 14->24
[6.807s][info][gc,heap       ] GC(12) Humongous regions: 6->6
[6.807s][info][gc,metaspace  ] GC(12) Metaspace: 42877K->42877K(1087488K)
[6.807s][info][gc            ] GC(12) Pause Young (Normal) (G1 Evacuation Pause) 110M->41M(187M) 40.366ms
[6.807s][info][gc,cpu        ] GC(12) User=0.04s Sys=0.00s Real=0.04s
[6.916s][info][gc,start      ] GC(13) Pause Young (Normal) (G1 Evacuation Pause)
[6.916s][info][gc,task       ] GC(13) Using 1 workers of 1 for evacuation
[6.985s][info][gc,phases     ] GC(13)   Pre Evacuate Collection Set: 0.0ms
[6.985s][info][gc,phases     ] GC(13)   Evacuate Collection Set: 68.6ms
[6.985s][info][gc,phases     ] GC(13)   Post Evacuate Collection Set: 0.2ms
[6.985s][info][gc,phases     ] GC(13)   Other: 0.2ms
[6.985s][info][gc,heap       ] GC(13) Eden regions: 82->0(75)
[6.985s][info][gc,heap       ] GC(13) Survivor regions: 12->12(12)
[6.985s][info][gc,heap       ] GC(13) Old regions: 24->38
[6.985s][info][gc,heap       ] GC(13) Humongous regions: 6->6
[6.985s][info][gc,metaspace  ] GC(13) Metaspace: 42877K->42877K(1087488K)
[6.985s][info][gc            ] GC(13) Pause Young (Normal) (G1 Evacuation Pause) 123M->55M(187M) 69.060ms
[6.985s][info][gc,cpu        ] GC(13) User=0.07s Sys=0.01s Real=0.07s
[7.058s][info][gc,start      ] GC(14) Pause Young (Normal) (G1 Evacuation Pause)
[7.058s][info][gc,task       ] GC(14) Using 1 workers of 1 for evacuation
[7.107s][info][gc,phases     ] GC(14)   Pre Evacuate Collection Set: 0.0ms
[7.107s][info][gc,phases     ] GC(14)   Evacuate Collection Set: 49.0ms
[7.107s][info][gc,phases     ] GC(14)   Post Evacuate Collection Set: 0.2ms
[7.107s][info][gc,phases     ] GC(14)   Other: 0.2ms
[7.107s][info][gc,heap       ] GC(14) Eden regions: 75->0(68)
[7.107s][info][gc,heap       ] GC(14) Survivor regions: 12->11(11)
[7.107s][info][gc,heap       ] GC(14) Old regions: 38->52
[7.107s][info][gc,heap       ] GC(14) Humongous regions: 6->6
[7.107s][info][gc,metaspace  ] GC(14) Metaspace: 42877K->42877K(1087488K)
[7.107s][info][gc            ] GC(14) Pause Young (Normal) (G1 Evacuation Pause) 130M->68M(187M) 49.456ms
[7.107s][info][gc,cpu        ] GC(14) User=0.05s Sys=0.00s Real=0.06s
[7.172s][info][gc,start      ] GC(15) Pause Young (Normal) (G1 Evacuation Pause)
[7.172s][info][gc,task       ] GC(15) Using 1 workers of 1 for evacuation
[7.205s][info][gc,phases     ] GC(15)   Pre Evacuate Collection Set: 0.0ms
[7.205s][info][gc,phases     ] GC(15)   Evacuate Collection Set: 32.8ms
[7.205s][info][gc,phases     ] GC(15)   Post Evacuate Collection Set: 0.2ms
[7.205s][info][gc,phases     ] GC(15)   Other: 0.1ms
[7.205s][info][gc,heap       ] GC(15) Eden regions: 68->0(61)
[7.205s][info][gc,heap       ] GC(15) Survivor regions: 11->10(10)
[7.205s][info][gc,heap       ] GC(15) Old regions: 52->65
[7.205s][info][gc,heap       ] GC(15) Humongous regions: 6->6
[7.205s][info][gc,metaspace  ] GC(15) Metaspace: 42877K->42877K(1087488K)
[7.205s][info][gc            ] GC(15) Pause Young (Normal) (G1 Evacuation Pause) 136M->80M(187M) 33.255ms
[7.205s][info][gc,cpu        ] GC(15) User=0.03s Sys=0.00s Real=0.03s
[7.261s][info][gc,start      ] GC(16) Pause Young (Normal) (G1 Evacuation Pause)
[7.261s][info][gc,task       ] GC(16) Using 1 workers of 1 for evacuation
[7.290s][info][gc,phases     ] GC(16)   Pre Evacuate Collection Set: 0.0ms
[7.290s][info][gc,phases     ] GC(16)   Evacuate Collection Set: 28.0ms
[7.290s][info][gc,phases     ] GC(16)   Post Evacuate Collection Set: 1.0ms
[7.290s][info][gc,phases     ] GC(16)   Other: 0.1ms
[7.290s][info][gc,heap       ] GC(16) Eden regions: 61->0(99)
[7.290s][info][gc,heap       ] GC(16) Survivor regions: 10->9(9)
[7.290s][info][gc,heap       ] GC(16) Old regions: 65->76
[7.290s][info][gc,heap       ] GC(16) Humongous regions: 6->6
[7.290s][info][gc,metaspace  ] GC(16) Metaspace: 42877K->42877K(1087488K)
[7.290s][info][gc            ] GC(16) Pause Young (Normal) (G1 Evacuation Pause) 141M->91M(333M) 29.305ms
[7.291s][info][gc,cpu        ] GC(16) User=0.02s Sys=0.00s Real=0.03s
[7.404s][info][gc,start      ] GC(17) Pause Young (Normal) (G1 Evacuation Pause)
[7.404s][info][gc,task       ] GC(17) Using 1 workers of 1 for evacuation
[7.444s][info][gc,phases     ] GC(17)   Pre Evacuate Collection Set: 0.0ms
[7.444s][info][gc,phases     ] GC(17)   Evacuate Collection Set: 40.2ms
[7.444s][info][gc,phases     ] GC(17)   Post Evacuate Collection Set: 0.2ms
[7.444s][info][gc,phases     ] GC(17)   Other: 0.3ms
[7.444s][info][gc,heap       ] GC(17) Eden regions: 99->0(106)
[7.444s][info][gc,heap       ] GC(17) Survivor regions: 9->14(14)
[7.444s][info][gc,heap       ] GC(17) Old regions: 76->88
[7.444s][info][gc,heap       ] GC(17) Humongous regions: 6->6
[7.444s][info][gc,metaspace  ] GC(17) Metaspace: 42877K->42877K(1087488K)
[7.444s][info][gc            ] GC(17) Pause Young (Normal) (G1 Evacuation Pause) 190M->108M(333M) 40.797ms
[7.444s][info][gc,cpu        ] GC(17) User=0.04s Sys=0.00s Real=0.04s
[7.983s][info][gc,start      ] GC(18) Pause Young (Normal) (G1 Evacuation Pause)
[7.983s][info][gc,task       ] GC(18) Using 1 workers of 1 for evacuation
[8.057s][info][gc,phases     ] GC(18)   Pre Evacuate Collection Set: 0.0ms
[8.057s][info][gc,phases     ] GC(18)   Evacuate Collection Set: 74.0ms
[8.057s][info][gc,phases     ] GC(18)   Post Evacuate Collection Set: 0.4ms
[8.057s][info][gc,phases     ] GC(18)   Other: 0.3ms
[8.057s][info][gc,heap       ] GC(18) Eden regions: 106->0(105)
[8.057s][info][gc,heap       ] GC(18) Survivor regions: 14->15(15)
[8.057s][info][gc,heap       ] GC(18) Old regions: 88->104
[8.057s][info][gc,heap       ] GC(18) Humongous regions: 6->6
[8.057s][info][gc,metaspace  ] GC(18) Metaspace: 44499K->44499K(1089536K)
[8.057s][info][gc            ] GC(18) Pause Young (Normal) (G1 Evacuation Pause) 214M->125M(333M) 74.796ms
[8.057s][info][gc,cpu        ] GC(18) User=0.07s Sys=0.01s Real=0.07s
[8.895s][info][gc,task       ] GC(19) Using 1 workers of 1 for full compaction
[8.895s][info][gc,start      ] GC(19) Pause Full (System.gc())
[8.895s][info][gc,phases,start] GC(19) Phase 1: Mark live objects
[8.925s][info][gc,stringtable ] GC(19) Cleaned string and symbol table, strings: 17891 processed, 227 removed, symbols: 113919 processed, 30 removed
[8.925s][info][gc,phases      ] GC(19) Phase 1: Mark live objects 29.964ms
[8.925s][info][gc,phases,start] GC(19) Phase 2: Prepare for compaction
[8.929s][info][gc,phases      ] GC(19) Phase 2: Prepare for compaction 4.055ms
[8.929s][info][gc,phases,start] GC(19) Phase 3: Adjust pointers
[8.949s][info][gc,phases      ] GC(19) Phase 3: Adjust pointers 19.113ms
[8.949s][info][gc,phases,start] GC(19) Phase 4: Compact heap
[8.955s][info][gc,phases      ] GC(19) Phase 4: Compact heap 6.220ms
[8.964s][info][gc,heap        ] GC(19) Eden regions: 29->0(37)
[8.964s][info][gc,heap        ] GC(19) Survivor regions: 15->0(15)
[8.964s][info][gc,heap        ] GC(19) Old regions: 104->20
[8.964s][info][gc,heap        ] GC(19) Humongous regions: 11->6
[8.964s][info][gc,metaspace   ] GC(19) Metaspace: 49338K->49338K(1093632K)
[8.964s][info][gc             ] GC(19) Pause Full (System.gc()) 158M->24M(87M) 69.404ms
[8.965s][info][gc,cpu         ] GC(19) User=0.05s Sys=0.01s Real=0.07s
[10.075s][info][gc,start       ] GC(20) Pause Young (Normal) (G1 Evacuation Pause)
[10.075s][info][gc,task        ] GC(20) Using 1 workers of 1 for evacuation
[10.082s][info][gc,phases      ] GC(20)   Pre Evacuate Collection Set: 0.0ms
[10.082s][info][gc,phases      ] GC(20)   Evacuate Collection Set: 6.8ms
[10.082s][info][gc,phases      ] GC(20)   Post Evacuate Collection Set: 0.4ms
[10.082s][info][gc,phases      ] GC(20)   Other: 0.3ms
[10.082s][info][gc,heap        ] GC(20) Eden regions: 37->0(36)
[10.082s][info][gc,heap        ] GC(20) Survivor regions: 0->3(5)
[10.082s][info][gc,heap        ] GC(20) Old regions: 20->20
[10.082s][info][gc,heap        ] GC(20) Humongous regions: 11->6
[10.082s][info][gc,metaspace   ] GC(20) Metaspace: 55231K->55231K(1097728K)
[10.082s][info][gc             ] GC(20) Pause Young (Normal) (G1 Evacuation Pause) 66M->27M(87M) 7.590ms
[10.082s][info][gc,cpu         ] GC(20) User=0.00s Sys=0.00s Real=0.01s
[10.323s][info][gc,start       ] GC(21) Pause Young (Normal) (G1 Evacuation Pause)
[10.323s][info][gc,task        ] GC(21) Using 1 workers of 1 for evacuation
[10.332s][info][gc,phases      ] GC(21)   Pre Evacuate Collection Set: 0.0ms
[10.332s][info][gc,phases      ] GC(21)   Evacuate Collection Set: 8.3ms
[10.332s][info][gc,phases      ] GC(21)   Post Evacuate Collection Set: 0.6ms
[10.332s][info][gc,phases      ] GC(21)   Other: 0.2ms
[10.332s][info][gc,heap        ] GC(21) Eden regions: 36->0(82)
[10.332s][info][gc,heap        ] GC(21) Survivor regions: 3->5(5)
[10.332s][info][gc,heap        ] GC(21) Old regions: 20->20
[10.332s][info][gc,heap        ] GC(21) Humongous regions: 6->6
[10.332s][info][gc,metaspace   ] GC(21) Metaspace: 55277K->55277K(1099776K)
[10.332s][info][gc             ] GC(21) Pause Young (Normal) (G1 Evacuation Pause) 63M->29M(174M) 9.196ms
[10.332s][info][gc,cpu         ] GC(21) User=0.01s Sys=0.00s Real=0.01s
[10.705s][info][gc,start       ] GC(22) Pause Young (Normal) (G1 Evacuation Pause)
[10.705s][info][gc,task        ] GC(22) Using 1 workers of 1 for evacuation
[10.727s][info][gc,phases      ] GC(22)   Pre Evacuate Collection Set: 0.0ms
[10.727s][info][gc,phases      ] GC(22)   Evacuate Collection Set: 21.1ms
[10.727s][info][gc,phases      ] GC(22)   Post Evacuate Collection Set: 0.4ms
[10.727s][info][gc,phases      ] GC(22)   Other: 0.3ms
[10.727s][info][gc,heap        ] GC(22) Eden regions: 82->0(81)
[10.727s][info][gc,heap        ] GC(22) Survivor regions: 5->11(11)
[10.727s][info][gc,heap        ] GC(22) Old regions: 20->20
[10.727s][info][gc,heap        ] GC(22) Humongous regions: 7->7
[10.727s][info][gc,metaspace   ] GC(22) Metaspace: 55313K->55313K(1099776K)
[10.727s][info][gc             ] GC(22) Pause Young (Normal) (G1 Evacuation Pause) 112M->36M(174M) 21.966ms
[10.727s][info][gc,cpu         ] GC(22) User=0.02s Sys=0.00s Real=0.03s
[10.928s][info][gc,start       ] GC(23) Pause Young (Normal) (G1 Evacuation Pause)
[10.928s][info][gc,task        ] GC(23) Using 1 workers of 1 for evacuation
[10.959s][info][gc,phases      ] GC(23)   Pre Evacuate Collection Set: 0.0ms
[10.959s][info][gc,phases      ] GC(23)   Evacuate Collection Set: 30.2ms
[10.959s][info][gc,phases      ] GC(23)   Post Evacuate Collection Set: 0.3ms
[10.959s][info][gc,phases      ] GC(23)   Other: 0.3ms
[10.959s][info][gc,heap        ] GC(23) Eden regions: 81->0(79)
[10.959s][info][gc,heap        ] GC(23) Survivor regions: 11->7(12)
[10.959s][info][gc,heap        ] GC(23) Old regions: 20->31
[10.959s][info][gc,heap        ] GC(23) Humongous regions: 9->9
[10.959s][info][gc,metaspace   ] GC(23) Metaspace: 55321K->55321K(1099776K)
[10.959s][info][gc             ] GC(23) Pause Young (Normal) (G1 Evacuation Pause) 119M->45M(174M) 30.884ms
[10.959s][info][gc,cpu         ] GC(23) User=0.03s Sys=0.00s Real=0.03s
[11.067s][info][gc,start       ] GC(24) Pause Young (Normal) (G1 Evacuation Pause)
[11.067s][info][gc,task        ] GC(24) Using 1 workers of 1 for evacuation
[11.091s][info][gc,phases      ] GC(24)   Pre Evacuate Collection Set: 0.0ms
[11.091s][info][gc,phases      ] GC(24)   Evacuate Collection Set: 23.5ms
[11.091s][info][gc,phases      ] GC(24)   Post Evacuate Collection Set: 0.2ms
[11.091s][info][gc,phases      ] GC(24)   Other: 0.1ms
[11.091s][info][gc,heap        ] GC(24) Eden regions: 79->0(77)
[11.091s][info][gc,heap        ] GC(24) Survivor regions: 7->7(11)
[11.091s][info][gc,heap        ] GC(24) Old regions: 31->37
[11.091s][info][gc,heap        ] GC(24) Humongous regions: 9->9
[11.091s][info][gc,metaspace   ] GC(24) Metaspace: 55327K->55327K(1099776K)
[11.091s][info][gc             ] GC(24) Pause Young (Normal) (G1 Evacuation Pause) 124M->51M(174M) 23.926ms
[11.091s][info][gc,cpu         ] GC(24) User=0.02s Sys=0.00s Real=0.02s
[11.215s][info][gc,start       ] GC(25) Pause Young (Normal) (G1 Evacuation Pause)
[11.215s][info][gc,task        ] GC(25) Using 1 workers of 1 for evacuation
[11.242s][info][gc,phases      ] GC(25)   Pre Evacuate Collection Set: 0.0ms
[11.242s][info][gc,phases      ] GC(25)   Evacuate Collection Set: 25.4ms
[11.242s][info][gc,phases      ] GC(25)   Post Evacuate Collection Set: 1.1ms
[11.242s][info][gc,phases      ] GC(25)   Other: 0.2ms
[11.242s][info][gc,heap        ] GC(25) Eden regions: 77->0(108)
[11.242s][info][gc,heap        ] GC(25) Survivor regions: 7->7(11)
[11.242s][info][gc,heap        ] GC(25) Old regions: 37->44
[11.242s][info][gc,heap        ] GC(25) Humongous regions: 12->12
[11.242s][info][gc,metaspace   ] GC(25) Metaspace: 55346K->55346K(1099776K)
[11.242s][info][gc             ] GC(25) Pause Young (Normal) (G1 Evacuation Pause) 131M->61M(256M) 27.015ms
[11.242s][info][gc,cpu         ] GC(25) User=0.03s Sys=0.00s Real=0.03s
[11.344s][info][gc,start       ] GC(26) Pause Young (Normal) (G1 Evacuation Pause)
[11.344s][info][gc,task        ] GC(26) Using 1 workers of 1 for evacuation
[11.371s][info][gc,phases      ] GC(26)   Pre Evacuate Collection Set: 0.0ms
[11.371s][info][gc,phases      ] GC(26)   Evacuate Collection Set: 26.8ms
[11.371s][info][gc,phases      ] GC(26)   Post Evacuate Collection Set: 0.3ms
[11.371s][info][gc,phases      ] GC(26)   Other: 0.2ms
[11.371s][info][gc,heap        ] GC(26) Eden regions: 108->0(108)
[11.371s][info][gc,heap        ] GC(26) Survivor regions: 7->15(15)
[11.371s][info][gc,heap        ] GC(26) Old regions: 44->45
[11.371s][info][gc,heap        ] GC(26) Humongous regions: 12->12
[11.371s][info][gc,metaspace   ] GC(26) Metaspace: 55348K->55348K(1099776K)
[11.371s][info][gc             ] GC(26) Pause Young (Normal) (G1 Evacuation Pause) 169M->70M(256M) 27.383ms
[11.371s][info][gc,cpu         ] GC(26) User=0.03s Sys=0.00s Real=0.03s
[11.425s][info][gc,start       ] GC(27) Pause Young (Normal) (G1 Evacuation Pause)
[11.425s][info][gc,task        ] GC(27) Using 1 workers of 1 for evacuation
[11.463s][info][gc,phases      ] GC(27)   Pre Evacuate Collection Set: 0.0ms
[11.463s][info][gc,phases      ] GC(27)   Evacuate Collection Set: 37.4ms
[11.463s][info][gc,phases      ] GC(27)   Post Evacuate Collection Set: 0.3ms
[11.463s][info][gc,phases      ] GC(27)   Other: 0.1ms
[11.463s][info][gc,heap        ] GC(27) Eden regions: 108->0(106)
[11.463s][info][gc,heap        ] GC(27) Survivor regions: 15->10(16)
[11.463s][info][gc,heap        ] GC(27) Old regions: 45->60
[11.463s][info][gc,heap        ] GC(27) Humongous regions: 12->12
[11.463s][info][gc,metaspace   ] GC(27) Metaspace: 55348K->55348K(1099776K)
[11.463s][info][gc             ] GC(27) Pause Young (Normal) (G1 Evacuation Pause) 178M->80M(256M) 37.936ms
[11.463s][info][gc,cpu         ] GC(27) User=0.03s Sys=0.00s Real=0.04s
[11.531s][info][gc,start       ] GC(28) Pause Young (Normal) (G1 Evacuation Pause)
[11.531s][info][gc,task        ] GC(28) Using 1 workers of 1 for evacuation
[11.563s][info][gc,phases      ] GC(28)   Pre Evacuate Collection Set: 0.0ms
[11.563s][info][gc,phases      ] GC(28)   Evacuate Collection Set: 32.1ms
[11.563s][info][gc,phases      ] GC(28)   Post Evacuate Collection Set: 0.2ms
[11.563s][info][gc,phases      ] GC(28)   Other: 0.1ms
[11.563s][info][gc,heap        ] GC(28) Eden regions: 106->0(100)
[11.563s][info][gc,heap        ] GC(28) Survivor regions: 10->9(15)
[11.563s][info][gc,heap        ] GC(28) Old regions: 60->70
[11.563s][info][gc,heap        ] GC(28) Humongous regions: 17->17
[11.563s][info][gc,metaspace   ] GC(28) Metaspace: 55348K->55348K(1099776K)
[11.563s][info][gc             ] GC(28) Pause Young (Normal) (G1 Evacuation Pause) 191M->94M(256M) 32.545ms
[11.563s][info][gc,cpu         ] GC(28) User=0.03s Sys=0.00s Real=0.03s
[11.615s][info][gc,start       ] GC(29) Pause Young (Normal) (G1 Evacuation Pause)
[11.615s][info][gc,task        ] GC(29) Using 1 workers of 1 for evacuation
[11.645s][info][gc,phases      ] GC(29)   Pre Evacuate Collection Set: 0.0ms
[11.645s][info][gc,phases      ] GC(29)   Evacuate Collection Set: 29.1ms
[11.645s][info][gc,phases      ] GC(29)   Post Evacuate Collection Set: 0.9ms
[11.645s][info][gc,phases      ] GC(29)   Other: 0.1ms
[11.645s][info][gc,heap        ] GC(29) Eden regions: 100->0(159)
[11.645s][info][gc,heap        ] GC(29) Survivor regions: 9->9(14)
[11.645s][info][gc,heap        ] GC(29) Old regions: 70->79
[11.645s][info][gc,heap        ] GC(29) Humongous regions: 17->17
[11.645s][info][gc,metaspace   ] GC(29) Metaspace: 55348K->55348K(1099776K)
[11.645s][info][gc             ] GC(29) Pause Young (Normal) (G1 Evacuation Pause) 194M->103M(429M) 30.279ms
[11.645s][info][gc,cpu         ] GC(29) User=0.03s Sys=0.00s Real=0.03s
[11.777s][info][gc,start       ] GC(30) Pause Young (Normal) (G1 Evacuation Pause)
[11.777s][info][gc,task        ] GC(30) Using 1 workers of 1 for evacuation
[11.819s][info][gc,phases      ] GC(30)   Pre Evacuate Collection Set: 0.0ms
[11.819s][info][gc,phases      ] GC(30)   Evacuate Collection Set: 42.1ms
[11.819s][info][gc,phases      ] GC(30)   Post Evacuate Collection Set: 0.3ms
[11.819s][info][gc,phases      ] GC(30)   Other: 0.2ms
[11.819s][info][gc,heap        ] GC(30) Eden regions: 159->0(175)
[11.819s][info][gc,heap        ] GC(30) Survivor regions: 9->21(21)
[11.819s][info][gc,heap        ] GC(30) Old regions: 79->80
[11.819s][info][gc,heap        ] GC(30) Humongous regions: 17->17
[11.819s][info][gc,metaspace   ] GC(30) Metaspace: 55364K->55364K(1099776K)
[11.819s][info][gc             ] GC(30) Pause Young (Normal) (G1 Evacuation Pause) 262M->116M(429M) 42.710ms
[11.819s][info][gc,cpu         ] GC(30) User=0.04s Sys=0.00s Real=0.05s
[11.911s][info][gc,start       ] GC(31) Pause Young (Normal) (G1 Evacuation Pause)
[11.911s][info][gc,task        ] GC(31) Using 1 workers of 1 for evacuation
[11.970s][info][gc,phases      ] GC(31)   Pre Evacuate Collection Set: 0.0ms
[11.970s][info][gc,phases      ] GC(31)   Evacuate Collection Set: 59.1ms
[11.970s][info][gc,phases      ] GC(31)   Post Evacuate Collection Set: 0.3ms
[11.970s][info][gc,phases      ] GC(31)   Other: 0.2ms
[11.970s][info][gc,heap        ] GC(31) Eden regions: 175->0(181)
[11.970s][info][gc,heap        ] GC(31) Survivor regions: 21->25(25)
[11.970s][info][gc,heap        ] GC(31) Old regions: 80->91
[11.970s][info][gc,heap        ] GC(31) Humongous regions: 17->17
[11.970s][info][gc,metaspace   ] GC(31) Metaspace: 55364K->55364K(1099776K)
[11.970s][info][gc             ] GC(31) Pause Young (Normal) (G1 Evacuation Pause) 291M->131M(429M) 59.652ms
[11.970s][info][gc,cpu         ] GC(31) User=0.06s Sys=0.00s Real=0.06s
[12.077s][info][gc,start       ] GC(32) Pause Young (Normal) (G1 Evacuation Pause)
[12.077s][info][gc,task        ] GC(32) Using 1 workers of 1 for evacuation
[12.151s][info][gc,phases      ] GC(32)   Pre Evacuate Collection Set: 0.0ms
[12.151s][info][gc,phases      ] GC(32)   Evacuate Collection Set: 72.8ms
[12.151s][info][gc,phases      ] GC(32)   Post Evacuate Collection Set: 0.4ms
[12.151s][info][gc,phases      ] GC(32)   Other: 0.2ms
[12.151s][info][gc,heap        ] GC(32) Eden regions: 181->0(175)
[12.151s][info][gc,heap        ] GC(32) Survivor regions: 25->26(26)
[12.151s][info][gc,heap        ] GC(32) Old regions: 91->106
[12.151s][info][gc,heap        ] GC(32) Humongous regions: 26->26
[12.151s][info][gc,metaspace   ] GC(32) Metaspace: 55365K->55365K(1099776K)
[12.151s][info][gc             ] GC(32) Pause Young (Normal) (G1 Evacuation Pause) 321M->156M(429M) 73.459ms
[12.151s][info][gc,cpu         ] GC(32) User=0.08s Sys=0.00s Real=0.08s
[12.250s][info][gc,start       ] GC(33) Pause Young (Normal) (G1 Evacuation Pause)
[12.250s][info][gc,task        ] GC(33) Using 1 workers of 1 for evacuation
[12.322s][info][gc,phases      ] GC(33)   Pre Evacuate Collection Set: 0.0ms
[12.322s][info][gc,phases      ] GC(33)   Evacuate Collection Set: 70.5ms
[12.322s][info][gc,phases      ] GC(33)   Post Evacuate Collection Set: 2.0ms
[12.322s][info][gc,phases      ] GC(33)   Other: 0.2ms
[12.322s][info][gc,heap        ] GC(33) Eden regions: 175->0(252)
[12.322s][info][gc,heap        ] GC(33) Survivor regions: 26->15(26)
[12.322s][info][gc,heap        ] GC(33) Old regions: 106->132
[12.322s][info][gc,heap        ] GC(33) Humongous regions: 26->26
[12.322s][info][gc,metaspace   ] GC(33) Metaspace: 55365K->55365K(1099776K)
[12.322s][info][gc             ] GC(33) Pause Young (Normal) (G1 Evacuation Pause) 331M->171M(851M) 72.895ms
[12.323s][info][gc,cpu         ] GC(33) User=0.07s Sys=0.00s Real=0.07s
[13.380s][info][gc,start       ] GC(34) Pause Young (Normal) (G1 Evacuation Pause)
[13.380s][info][gc,task        ] GC(34) Using 1 workers of 1 for evacuation
[13.517s][info][gc,phases      ] GC(34)   Pre Evacuate Collection Set: 0.0ms
[13.517s][info][gc,phases      ] GC(34)   Evacuate Collection Set: 135.6ms
[13.517s][info][gc,phases      ] GC(34)   Post Evacuate Collection Set: 0.6ms
[13.517s][info][gc,phases      ] GC(34)   Other: 0.4ms
[13.517s][info][gc,heap        ] GC(34) Eden regions: 249->0(253)
[13.517s][info][gc,heap        ] GC(34) Survivor regions: 15->32(33)
[13.517s][info][gc,heap        ] GC(34) Old regions: 132->132
[13.517s][info][gc,heap        ] GC(34) Humongous regions: 37->32
[13.517s][info][gc,metaspace   ] GC(34) Metaspace: 57352K->57352K(1099776K)
[13.517s][info][gc             ] GC(34) Pause Young (Normal) (G1 Evacuation Pause) 431M->193M(851M) 136.740ms
[13.517s][info][gc,cpu         ] GC(34) User=0.13s Sys=0.01s Real=0.13s
[14.093s][info][gc,start       ] GC(35) Pause Young (Normal) (G1 Evacuation Pause)
[14.094s][info][gc,task        ] GC(35) Using 1 workers of 1 for evacuation
[14.150s][info][gc,phases      ] GC(35)   Pre Evacuate Collection Set: 0.0ms
[14.150s][info][gc,phases      ] GC(35)   Evacuate Collection Set: 55.7ms
[14.150s][info][gc,phases      ] GC(35)   Post Evacuate Collection Set: 0.4ms
[14.150s][info][gc,phases      ] GC(35)   Other: 0.4ms
[14.150s][info][gc,heap        ] GC(35) Eden regions: 253->0(299)
[14.150s][info][gc,heap        ] GC(35) Survivor regions: 32->17(36)
[14.150s][info][gc,heap        ] GC(35) Old regions: 132->147
[14.150s][info][gc,heap        ] GC(35) Humongous regions: 32->32
[14.150s][info][gc,metaspace   ] GC(35) Metaspace: 57352K->57352K(1099776K)
[14.150s][info][gc             ] GC(35) Pause Young (Normal) (G1 Evacuation Pause) 446M->193M(851M) 56.592ms
[14.150s][info][gc,cpu         ] GC(35) User=0.05s Sys=0.00s Real=0.06s
[14.336s][info][gc,start       ] GC(36) Pause Young (Normal) (G1 Evacuation Pause)
[14.337s][info][gc,task        ] GC(36) Using 1 workers of 1 for evacuation
[14.366s][info][gc,phases      ] GC(36)   Pre Evacuate Collection Set: 0.0ms
[14.366s][info][gc,phases      ] GC(36)   Evacuate Collection Set: 28.3ms
[14.366s][info][gc,phases      ] GC(36)   Post Evacuate Collection Set: 0.4ms
[14.366s][info][gc,phases      ] GC(36)   Other: 0.3ms
[14.366s][info][gc,heap        ] GC(36) Eden regions: 299->0(358)
[14.366s][info][gc,heap        ] GC(36) Survivor regions: 17->17(40)
[14.366s][info][gc,heap        ] GC(36) Old regions: 147->147
[14.366s][info][gc,heap        ] GC(36) Humongous regions: 32->32
[14.366s][info][gc,metaspace   ] GC(36) Metaspace: 57352K->57352K(1099776K)
[14.366s][info][gc             ] GC(36) Pause Young (Normal) (G1 Evacuation Pause) 492M->193M(851M) 29.162ms
[14.366s][info][gc,cpu         ] GC(36) User=0.02s Sys=0.01s Real=0.03s
[14.530s][info][gc,start       ] GC(37) Pause Young (Normal) (G1 Evacuation Pause)
[14.530s][info][gc,task        ] GC(37) Using 1 workers of 1 for evacuation
[14.574s][info][gc,phases      ] GC(37)   Pre Evacuate Collection Set: 0.0ms
[14.574s][info][gc,phases      ] GC(37)   Evacuate Collection Set: 39.9ms
[14.574s][info][gc,phases      ] GC(37)   Post Evacuate Collection Set: 3.8ms
[14.574s][info][gc,phases      ] GC(37)   Other: 0.3ms
[14.574s][info][gc,heap        ] GC(37) Eden regions: 358->0(425)
[14.574s][info][gc,heap        ] GC(37) Survivor regions: 17->17(47)
[14.574s][info][gc,heap        ] GC(37) Old regions: 147->147
[14.574s][info][gc,heap        ] GC(37) Humongous regions: 32->32
[14.574s][info][gc,metaspace   ] GC(37) Metaspace: 57352K->57352K(1099776K)
[14.574s][info][gc             ] GC(37) Pause Young (Normal) (G1 Evacuation Pause) 551M->193M(1111M) 44.560ms
[14.574s][info][gc,cpu         ] GC(37) User=0.04s Sys=0.00s Real=0.04s
[14.870s][info][gc,start       ] GC(38) Pause Young (Normal) (G1 Evacuation Pause)
[14.870s][info][gc,task        ] GC(38) Using 1 workers of 1 for evacuation
[14.901s][info][gc,phases      ] GC(38)   Pre Evacuate Collection Set: 0.0ms
[14.901s][info][gc,phases      ] GC(38)   Evacuate Collection Set: 29.4ms
[14.901s][info][gc,phases      ] GC(38)   Post Evacuate Collection Set: 0.6ms
[14.901s][info][gc,phases      ] GC(38)   Other: 0.8ms
[14.901s][info][gc,heap        ] GC(38) Eden regions: 425->0(507)
[14.901s][info][gc,heap        ] GC(38) Survivor regions: 17->17(56)
[14.901s][info][gc,heap        ] GC(38) Old regions: 147->147
[14.901s][info][gc,heap        ] GC(38) Humongous regions: 32->32
[14.901s][info][gc,metaspace   ] GC(38) Metaspace: 57352K->57352K(1099776K)
[14.901s][info][gc             ] GC(38) Pause Young (Normal) (G1 Evacuation Pause) 618M->193M(1111M) 30.884ms
[14.901s][info][gc,cpu         ] GC(38) User=0.03s Sys=0.00s Real=0.03s
[15.122s][info][gc,start       ] GC(39) Pause Young (Normal) (G1 Evacuation Pause)
[15.122s][info][gc,task        ] GC(39) Using 1 workers of 1 for evacuation
[15.149s][info][gc,phases      ] GC(39)   Pre Evacuate Collection Set: 0.0ms
[15.149s][info][gc,phases      ] GC(39)   Evacuate Collection Set: 25.6ms
[15.149s][info][gc,phases      ] GC(39)   Post Evacuate Collection Set: 0.6ms
[15.149s][info][gc,phases      ] GC(39)   Other: 0.3ms
[15.149s][info][gc,heap        ] GC(39) Eden regions: 507->0(606)
[15.149s][info][gc,heap        ] GC(39) Survivor regions: 17->17(66)
[15.149s][info][gc,heap        ] GC(39) Old regions: 147->147
[15.149s][info][gc,heap        ] GC(39) Humongous regions: 32->32
[15.149s][info][gc,metaspace   ] GC(39) Metaspace: 57352K->57352K(1099776K)
[15.149s][info][gc             ] GC(39) Pause Young (Normal) (G1 Evacuation Pause) 700M->193M(1111M) 26.620ms
[15.149s][info][gc,cpu         ] GC(39) User=0.03s Sys=0.00s Real=0.03s
[15.587s][info][gc,task        ] GC(40) Using 1 workers of 1 for full compaction
[15.587s][info][gc,start       ] GC(40) Pause Full (System.gc())
[15.588s][info][gc,phases,start] GC(40) Phase 1: Mark live objects
[15.752s][info][gc,stringtable ] GC(40) Cleaned string and symbol table, strings: 21680 processed, 217 removed, symbols: 131045 processed, 15 removed
[15.752s][info][gc,phases      ] GC(40) Phase 1: Mark live objects 163.895ms
[15.752s][info][gc,phases,start] GC(40) Phase 2: Prepare for compaction
[15.784s][info][gc,phases      ] GC(40) Phase 2: Prepare for compaction 32.281ms
[15.784s][info][gc,phases,start] GC(40) Phase 3: Adjust pointers
[15.869s][info][gc,phases      ] GC(40) Phase 3: Adjust pointers 84.820ms
[15.869s][info][gc,phases,start] GC(40) Phase 4: Compact heap
[15.929s][info][gc,phases      ] GC(40) Phase 4: Compact heap 59.982ms
[15.948s][info][gc,heap        ] GC(40) Eden regions: 218->0(325)
[15.948s][info][gc,heap        ] GC(40) Survivor regions: 17->0(66)
[15.948s][info][gc,heap        ] GC(40) Old regions: 147->160
[15.948s][info][gc,heap        ] GC(40) Humongous regions: 37->12
[15.948s][info][gc,metaspace   ] GC(40) Metaspace: 59508K->59508K(1101824K)
[15.948s][info][gc             ] GC(40) Pause Full (System.gc()) 416M->171M(574M) 360.874ms
[15.948s][info][gc,cpu         ] GC(40) User=0.34s Sys=0.02s Real=0.36s
[17.566s][info][gc,start       ] GC(41) Pause Young (Normal) (G1 Evacuation Pause)
[17.566s][info][gc,task        ] GC(41) Using 1 workers of 1 for evacuation
[17.569s][info][gc,phases      ] GC(41)   Pre Evacuate Collection Set: 0.0ms
[17.570s][info][gc,phases      ] GC(41)   Evacuate Collection Set: 2.4ms
[17.570s][info][gc,phases      ] GC(41)   Post Evacuate Collection Set: 0.4ms
[17.570s][info][gc,phases      ] GC(41)   Other: 0.4ms
[17.570s][info][gc,heap        ] GC(41) Eden regions: 325->0(327)
[17.570s][info][gc,heap        ] GC(41) Survivor regions: 0->1(41)
[17.570s][info][gc,heap        ] GC(41) Old regions: 160->160
[17.570s][info][gc,heap        ] GC(41) Humongous regions: 22->12
[17.570s][info][gc,metaspace   ] GC(41) Metaspace: 60233K->60233K(1103872K)
[17.570s][info][gc             ] GC(41) Pause Young (Normal) (G1 Evacuation Pause) 506M->171M(574M) 3.362ms
[17.570s][info][gc,cpu         ] GC(41) User=0.01s Sys=0.00s Real=0.01s
[17.804s][info][gc,start       ] GC(42) Pause Young (Normal) (G1 Evacuation Pause)
[17.804s][info][gc,task        ] GC(42) Using 1 workers of 1 for evacuation
[17.807s][info][gc,phases      ] GC(42)   Pre Evacuate Collection Set: 0.0ms
[17.807s][info][gc,phases      ] GC(42)   Evacuate Collection Set: 2.1ms
[17.807s][info][gc,phases      ] GC(42)   Post Evacuate Collection Set: 0.3ms
[17.807s][info][gc,phases      ] GC(42)   Other: 0.3ms
[17.807s][info][gc,heap        ] GC(42) Eden regions: 327->0(329)
[17.807s][info][gc,heap        ] GC(42) Survivor regions: 1->1(41)
[17.807s][info][gc,heap        ] GC(42) Old regions: 160->160
[17.807s][info][gc,heap        ] GC(42) Humongous regions: 12->12
[17.807s][info][gc,metaspace   ] GC(42) Metaspace: 60246K->60246K(1103872K)
[17.807s][info][gc             ] GC(42) Pause Young (Normal) (G1 Evacuation Pause) 498M->171M(574M) 2.830ms
[17.807s][info][gc,cpu         ] GC(42) User=0.00s Sys=0.00s Real=0.01s
[18.099s][info][gc,start       ] GC(43) Pause Young (Normal) (G1 Evacuation Pause)
[18.099s][info][gc,task        ] GC(43) Using 1 workers of 1 for evacuation
[18.102s][info][gc,phases      ] GC(43)   Pre Evacuate Collection Set: 0.0ms
[18.102s][info][gc,phases      ] GC(43)   Evacuate Collection Set: 2.2ms
[18.102s][info][gc,phases      ] GC(43)   Post Evacuate Collection Set: 0.3ms
[18.102s][info][gc,phases      ] GC(43)   Other: 0.3ms
[18.102s][info][gc,heap        ] GC(43) Eden regions: 329->0(331)
[18.102s][info][gc,heap        ] GC(43) Survivor regions: 1->1(42)
[18.102s][info][gc,heap        ] GC(43) Old regions: 160->160
[18.102s][info][gc,heap        ] GC(43) Humongous regions: 12->12
[18.102s][info][gc,metaspace   ] GC(43) Metaspace: 60378K->60378K(1103872K)
[18.102s][info][gc             ] GC(43) Pause Young (Normal) (G1 Evacuation Pause) 500M->171M(574M) 2.910ms
[18.102s][info][gc,cpu         ] GC(43) User=0.00s Sys=0.00s Real=0.00s
[18.332s][info][gc,start       ] GC(44) Pause Young (Normal) (G1 Evacuation Pause)
[18.332s][info][gc,task        ] GC(44) Using 1 workers of 1 for evacuation
[18.335s][info][gc,phases      ] GC(44)   Pre Evacuate Collection Set: 0.0ms
[18.335s][info][gc,phases      ] GC(44)   Evacuate Collection Set: 2.2ms
[18.335s][info][gc,phases      ] GC(44)   Post Evacuate Collection Set: 0.3ms
[18.335s][info][gc,phases      ] GC(44)   Other: 0.3ms
[18.335s][info][gc,heap        ] GC(44) Eden regions: 331->0(332)
[18.335s][info][gc,heap        ] GC(44) Survivor regions: 1->1(42)
[18.335s][info][gc,heap        ] GC(44) Old regions: 160->160
[18.335s][info][gc,heap        ] GC(44) Humongous regions: 12->12
[18.335s][info][gc,metaspace   ] GC(44) Metaspace: 60378K->60378K(1103872K)
[18.335s][info][gc             ] GC(44) Pause Young (Normal) (G1 Evacuation Pause) 502M->171M(574M) 2.885ms
[18.335s][info][gc,cpu         ] GC(44) User=0.01s Sys=0.00s Real=0.00s
[18.557s][info][gc,start       ] GC(45) Pause Young (Normal) (G1 Evacuation Pause)
[18.557s][info][gc,task        ] GC(45) Using 1 workers of 1 for evacuation
[18.560s][info][gc,phases      ] GC(45)   Pre Evacuate Collection Set: 0.0ms
[18.560s][info][gc,phases      ] GC(45)   Evacuate Collection Set: 2.1ms
[18.560s][info][gc,phases      ] GC(45)   Post Evacuate Collection Set: 0.3ms
[18.560s][info][gc,phases      ] GC(45)   Other: 0.3ms
[18.560s][info][gc,heap        ] GC(45) Eden regions: 332->0(333)
[18.560s][info][gc,heap        ] GC(45) Survivor regions: 1->1(42)
[18.560s][info][gc,heap        ] GC(45) Old regions: 160->160
[18.560s][info][gc,heap        ] GC(45) Humongous regions: 12->12
[18.560s][info][gc,metaspace   ] GC(45) Metaspace: 60378K->60378K(1103872K)
[18.560s][info][gc             ] GC(45) Pause Young (Normal) (G1 Evacuation Pause) 503M->171M(574M) 2.823ms
[18.560s][info][gc,cpu         ] GC(45) User=0.00s Sys=0.00s Real=0.01s
[18.783s][info][gc,start       ] GC(46) Pause Young (Normal) (G1 Evacuation Pause)
[18.783s][info][gc,task        ] GC(46) Using 1 workers of 1 for evacuation
[18.786s][info][gc,phases      ] GC(46)   Pre Evacuate Collection Set: 0.0ms
[18.786s][info][gc,phases      ] GC(46)   Evacuate Collection Set: 2.8ms
[18.786s][info][gc,phases      ] GC(46)   Post Evacuate Collection Set: 0.3ms
[18.786s][info][gc,phases      ] GC(46)   Other: 0.3ms
[18.786s][info][gc,heap        ] GC(46) Eden regions: 333->0(334)
[18.786s][info][gc,heap        ] GC(46) Survivor regions: 1->1(42)
[18.786s][info][gc,heap        ] GC(46) Old regions: 160->160
[18.786s][info][gc,heap        ] GC(46) Humongous regions: 12->12
[18.786s][info][gc,metaspace   ] GC(46) Metaspace: 60378K->60378K(1103872K)
[18.786s][info][gc             ] GC(46) Pause Young (Normal) (G1 Evacuation Pause) 504M->171M(574M) 3.445ms
[18.786s][info][gc,cpu         ] GC(46) User=0.00s Sys=0.00s Real=0.00s
[19.090s][info][gc,task        ] GC(47) Using 1 workers of 1 for full compaction
[19.090s][info][gc,start       ] GC(47) Pause Full (System.gc())
[19.090s][info][gc,phases,start] GC(47) Phase 1: Mark live objects
[19.271s][info][gc,stringtable ] GC(47) Cleaned string and symbol table, strings: 21615 processed, 25 removed, symbols: 131782 processed, 0 removed
[19.271s][info][gc,phases      ] GC(47) Phase 1: Mark live objects 181.232ms
[19.271s][info][gc,phases,start] GC(47) Phase 2: Prepare for compaction
[19.307s][info][gc,phases      ] GC(47) Phase 2: Prepare for compaction 35.522ms
[19.307s][info][gc,phases,start] GC(47) Phase 3: Adjust pointers
[19.390s][info][gc,phases      ] GC(47) Phase 3: Adjust pointers 82.834ms
[19.390s][info][gc,phases,start] GC(47) Phase 4: Compact heap
[19.447s][info][gc,phases      ] GC(47) Phase 4: Compact heap 56.571ms
[19.450s][info][gc,heap        ] GC(47) Eden regions: 298->0(334)
[19.450s][info][gc,heap        ] GC(47) Survivor regions: 1->0(42)
[19.450s][info][gc,heap        ] GC(47) Old regions: 160->161
[19.450s][info][gc,heap        ] GC(47) Humongous regions: 17->12
[19.450s][info][gc,metaspace   ] GC(47) Metaspace: 60412K->60410K(1103872K)
[19.450s][info][gc             ] GC(47) Pause Full (System.gc()) 474M->171M(574M) 359.864ms
[19.450s][info][gc,cpu         ] GC(47) User=0.34s Sys=0.01s Real=0.36s
[20.266s][info][gc,start       ] GC(48) Pause Young (Normal) (G1 Evacuation Pause)
[20.267s][info][gc,task        ] GC(48) Using 1 workers of 1 for evacuation
[20.269s][info][gc,phases      ] GC(48)   Pre Evacuate Collection Set: 0.0ms
[20.269s][info][gc,phases      ] GC(48)   Evacuate Collection Set: 1.9ms
[20.269s][info][gc,phases      ] GC(48)   Post Evacuate Collection Set: 0.4ms
[20.269s][info][gc,phases      ] GC(48)   Other: 1.1ms
[20.269s][info][gc,heap        ] GC(48) Eden regions: 334->0(334)
[20.269s][info][gc,heap        ] GC(48) Survivor regions: 0->1(42)
[20.269s][info][gc,heap        ] GC(48) Old regions: 161->161
[20.269s][info][gc,heap        ] GC(48) Humongous regions: 22->12
[20.269s][info][gc,metaspace   ] GC(48) Metaspace: 60492K->60492K(1103872K)
[20.269s][info][gc             ] GC(48) Pause Young (Normal) (G1 Evacuation Pause) 515M->171M(574M) 3.546ms
[20.269s][info][gc,cpu         ] GC(48) User=0.01s Sys=0.00s Real=0.01s
[20.557s][info][gc,start       ] GC(49) Pause Young (Normal) (G1 Evacuation Pause)
[20.557s][info][gc,task        ] GC(49) Using 1 workers of 1 for evacuation
[20.559s][info][gc,phases      ] GC(49)   Pre Evacuate Collection Set: 0.0ms
[20.559s][info][gc,phases      ] GC(49)   Evacuate Collection Set: 1.6ms
[20.559s][info][gc,phases      ] GC(49)   Post Evacuate Collection Set: 0.3ms
[20.559s][info][gc,phases      ] GC(49)   Other: 0.3ms
[20.559s][info][gc,heap        ] GC(49) Eden regions: 334->0(335)
[20.559s][info][gc,heap        ] GC(49) Survivor regions: 1->1(42)
[20.559s][info][gc,heap        ] GC(49) Old regions: 161->161
[20.559s][info][gc,heap        ] GC(49) Humongous regions: 12->12
[20.559s][info][gc,metaspace   ] GC(49) Metaspace: 60509K->60509K(1103872K)
[20.559s][info][gc             ] GC(49) Pause Young (Normal) (G1 Evacuation Pause) 505M->171M(574M) 2.295ms
[20.559s][info][gc,cpu         ] GC(49) User=0.00s Sys=0.00s Real=0.01s
[20.852s][info][gc,start       ] GC(50) Pause Young (Normal) (G1 Evacuation Pause)
[20.852s][info][gc,task        ] GC(50) Using 1 workers of 1 for evacuation
[20.855s][info][gc,phases      ] GC(50)   Pre Evacuate Collection Set: 0.0ms
[20.855s][info][gc,phases      ] GC(50)   Evacuate Collection Set: 1.8ms
[20.855s][info][gc,phases      ] GC(50)   Post Evacuate Collection Set: 1.1ms
[20.855s][info][gc,phases      ] GC(50)   Other: 0.4ms
[20.855s][info][gc,heap        ] GC(50) Eden regions: 335->0(442)
[20.855s][info][gc,heap        ] GC(50) Survivor regions: 1->1(42)
[20.855s][info][gc,heap        ] GC(50) Old regions: 161->161
[20.855s][info][gc,heap        ] GC(50) Humongous regions: 12->12
[20.855s][info][gc,metaspace   ] GC(50) Metaspace: 60509K->60509K(1103872K)
[20.855s][info][gc             ] GC(50) Pause Young (Normal) (G1 Evacuation Pause) 506M->171M(760M) 3.379ms
[20.855s][info][gc,cpu         ] GC(50) User=0.00s Sys=0.00s Real=0.00s
[21.321s][info][gc,start       ] GC(51) Pause Young (Normal) (G1 Evacuation Pause)
[21.321s][info][gc,task        ] GC(51) Using 1 workers of 1 for evacuation
[21.328s][info][gc,phases      ] GC(51)   Pre Evacuate Collection Set: 0.0ms
[21.328s][info][gc,phases      ] GC(51)   Evacuate Collection Set: 6.0ms
[21.328s][info][gc,phases      ] GC(51)   Post Evacuate Collection Set: 0.7ms
[21.328s][info][gc,phases      ] GC(51)   Other: 0.3ms
[21.328s][info][gc,heap        ] GC(51) Eden regions: 442->0(451)
[21.328s][info][gc,heap        ] GC(51) Survivor regions: 1->1(56)
[21.328s][info][gc,heap        ] GC(51) Old regions: 161->161
[21.328s][info][gc,heap        ] GC(51) Humongous regions: 12->12
[21.328s][info][gc,metaspace   ] GC(51) Metaspace: 60509K->60509K(1103872K)
[21.328s][info][gc             ] GC(51) Pause Young (Normal) (G1 Evacuation Pause) 613M->171M(760M) 7.181ms
[21.328s][info][gc,cpu         ] GC(51) User=0.00s Sys=0.00s Real=0.01s
[21.796s][info][gc,start       ] GC(52) Pause Young (Normal) (G1 Evacuation Pause)
[21.796s][info][gc,task        ] GC(52) Using 1 workers of 1 for evacuation
[21.799s][info][gc,phases      ] GC(52)   Pre Evacuate Collection Set: 0.0ms
[21.799s][info][gc,phases      ] GC(52)   Evacuate Collection Set: 1.7ms
[21.799s][info][gc,phases      ] GC(52)   Post Evacuate Collection Set: 0.4ms
[21.799s][info][gc,phases      ] GC(52)   Other: 0.4ms
[21.799s][info][gc,heap        ] GC(52) Eden regions: 451->0(455)
[21.799s][info][gc,heap        ] GC(52) Survivor regions: 1->1(57)
[21.799s][info][gc,heap        ] GC(52) Old regions: 161->161
[21.799s][info][gc,heap        ] GC(52) Humongous regions: 12->12
[21.799s][info][gc,metaspace   ] GC(52) Metaspace: 60509K->60509K(1103872K)
[21.799s][info][gc             ] GC(52) Pause Young (Normal) (G1 Evacuation Pause) 622M->171M(760M) 2.569ms
[21.799s][info][gc,cpu         ] GC(52) User=0.00s Sys=0.00s Real=0.01s
[22.163s][info][gc,task        ] GC(53) Using 1 workers of 1 for full compaction
[22.163s][info][gc,start       ] GC(53) Pause Full (System.gc())
[22.164s][info][gc,phases,start] GC(53) Phase 1: Mark live objects
[22.328s][info][gc,stringtable ] GC(53) Cleaned string and symbol table, strings: 21644 processed, 22 removed, symbols: 131798 processed, 1 removed
[22.328s][info][gc,phases      ] GC(53) Phase 1: Mark live objects 164.577ms
[22.328s][info][gc,phases,start] GC(53) Phase 2: Prepare for compaction
[22.360s][info][gc,phases      ] GC(53) Phase 2: Prepare for compaction 31.160ms
[22.360s][info][gc,phases,start] GC(53) Phase 3: Adjust pointers
[22.443s][info][gc,phases      ] GC(53) Phase 3: Adjust pointers 83.170ms
[22.443s][info][gc,phases,start] GC(53) Phase 4: Compact heap
[22.499s][info][gc,phases      ] GC(53) Phase 4: Compact heap 55.732ms
[22.507s][info][gc,heap        ] GC(53) Eden regions: 362->0(340)
[22.507s][info][gc,heap        ] GC(53) Survivor regions: 1->0(57)
[22.507s][info][gc,heap        ] GC(53) Old regions: 161->161
[22.507s][info][gc,heap        ] GC(53) Humongous regions: 17->12
[22.507s][info][gc,metaspace   ] GC(53) Metaspace: 60557K->60557K(1103872K)
[22.507s][info][gc             ] GC(53) Pause Full (System.gc()) 538M->171M(577M) 344.599ms
[22.507s][info][gc,cpu         ] GC(53) User=0.33s Sys=0.00s Real=0.35s
[23.376s][info][gc,start       ] GC(54) Pause Young (Normal) (G1 Evacuation Pause)
[23.377s][info][gc,task        ] GC(54) Using 1 workers of 1 for evacuation
[23.379s][info][gc,phases      ] GC(54)   Pre Evacuate Collection Set: 0.0ms
[23.379s][info][gc,phases      ] GC(54)   Evacuate Collection Set: 2.0ms
[23.379s][info][gc,phases      ] GC(54)   Post Evacuate Collection Set: 0.4ms
[23.379s][info][gc,phases      ] GC(54)   Other: 0.4ms
[23.379s][info][gc,heap        ] GC(54) Eden regions: 340->0(340)
[23.379s][info][gc,heap        ] GC(54) Survivor regions: 0->1(43)
[23.379s][info][gc,heap        ] GC(54) Old regions: 161->161
[23.379s][info][gc,heap        ] GC(54) Humongous regions: 22->12
[23.379s][info][gc,metaspace   ] GC(54) Metaspace: 60611K->60611K(1103872K)
[23.379s][info][gc             ] GC(54) Pause Young (Normal) (G1 Evacuation Pause) 521M->171M(577M) 2.819ms
[23.379s][info][gc,cpu         ] GC(54) User=0.00s Sys=0.00s Real=0.01s
[23.775s][info][gc,start       ] GC(55) Pause Young (Normal) (G1 Evacuation Pause)
[23.775s][info][gc,task        ] GC(55) Using 1 workers of 1 for evacuation
[23.777s][info][gc,phases      ] GC(55)   Pre Evacuate Collection Set: 0.0ms
[23.777s][info][gc,phases      ] GC(55)   Evacuate Collection Set: 1.6ms
[23.777s][info][gc,phases      ] GC(55)   Post Evacuate Collection Set: 0.4ms
[23.777s][info][gc,phases      ] GC(55)   Other: 0.3ms
[23.777s][info][gc,heap        ] GC(55) Eden regions: 340->0(341)
[23.777s][info][gc,heap        ] GC(55) Survivor regions: 1->1(43)
[23.777s][info][gc,heap        ] GC(55) Old regions: 161->161
[23.777s][info][gc,heap        ] GC(55) Humongous regions: 12->12
[23.777s][info][gc,metaspace   ] GC(55) Metaspace: 60639K->60639K(1103872K)
[23.777s][info][gc             ] GC(55) Pause Young (Normal) (G1 Evacuation Pause) 511M->171M(577M) 2.363ms
[23.777s][info][gc,cpu         ] GC(55) User=0.00s Sys=0.00s Real=0.00s
[24.070s][info][gc,start       ] GC(56) Pause Young (Normal) (G1 Evacuation Pause)
[24.070s][info][gc,task        ] GC(56) Using 1 workers of 1 for evacuation
[24.074s][info][gc,phases      ] GC(56)   Pre Evacuate Collection Set: 0.1ms
[24.074s][info][gc,phases      ] GC(56)   Evacuate Collection Set: 2.4ms
[24.074s][info][gc,phases      ] GC(56)   Post Evacuate Collection Set: 0.4ms
[24.074s][info][gc,phases      ] GC(56)   Other: 0.8ms
[24.074s][info][gc,heap        ] GC(56) Eden regions: 341->0(341)
[24.074s][info][gc,heap        ] GC(56) Survivor regions: 1->1(43)
[24.074s][info][gc,heap        ] GC(56) Old regions: 161->161
[24.074s][info][gc,heap        ] GC(56) Humongous regions: 12->12
[24.074s][info][gc,metaspace   ] GC(56) Metaspace: 60639K->60639K(1103872K)
[24.074s][info][gc             ] GC(56) Pause Young (Normal) (G1 Evacuation Pause) 512M->171M(577M) 3.885ms
[24.074s][info][gc,cpu         ] GC(56) User=0.00s Sys=0.00s Real=0.00s
[24.361s][info][gc,start       ] GC(57) Pause Young (Normal) (G1 Evacuation Pause)
[24.362s][info][gc,task        ] GC(57) Using 1 workers of 1 for evacuation
[24.364s][info][gc,phases      ] GC(57)   Pre Evacuate Collection Set: 0.0ms
[24.364s][info][gc,phases      ] GC(57)   Evacuate Collection Set: 1.7ms
[24.364s][info][gc,phases      ] GC(57)   Post Evacuate Collection Set: 0.3ms
[24.364s][info][gc,phases      ] GC(57)   Other: 0.3ms
[24.364s][info][gc,heap        ] GC(57) Eden regions: 341->0(341)
[24.364s][info][gc,heap        ] GC(57) Survivor regions: 1->1(43)
[24.364s][info][gc,heap        ] GC(57) Old regions: 161->161
[24.364s][info][gc,heap        ] GC(57) Humongous regions: 12->12
[24.364s][info][gc,metaspace   ] GC(57) Metaspace: 60639K->60639K(1103872K)
[24.364s][info][gc             ] GC(57) Pause Young (Normal) (G1 Evacuation Pause) 512M->171M(577M) 2.384ms
[24.364s][info][gc,cpu         ] GC(57) User=0.00s Sys=0.00s Real=0.00s
[24.640s][info][gc,start       ] GC(58) Pause Young (Normal) (G1 Evacuation Pause)
[24.640s][info][gc,task        ] GC(58) Using 1 workers of 1 for evacuation
[24.642s][info][gc,phases      ] GC(58)   Pre Evacuate Collection Set: 0.0ms
[24.642s][info][gc,phases      ] GC(58)   Evacuate Collection Set: 1.7ms
[24.642s][info][gc,phases      ] GC(58)   Post Evacuate Collection Set: 0.3ms
[24.642s][info][gc,phases      ] GC(58)   Other: 0.3ms
[24.642s][info][gc,heap        ] GC(58) Eden regions: 341->0(342)
[24.642s][info][gc,heap        ] GC(58) Survivor regions: 1->1(43)
[24.642s][info][gc,heap        ] GC(58) Old regions: 161->161
[24.642s][info][gc,heap        ] GC(58) Humongous regions: 12->12
[24.642s][info][gc,metaspace   ] GC(58) Metaspace: 60639K->60639K(1103872K)
[24.642s][info][gc             ] GC(58) Pause Young (Normal) (G1 Evacuation Pause) 512M->171M(577M) 2.352ms
[24.642s][info][gc,cpu         ] GC(58) User=0.00s Sys=0.00s Real=0.00s
[24.925s][info][gc,start       ] GC(59) Pause Young (Normal) (G1 Evacuation Pause)
[24.925s][info][gc,task        ] GC(59) Using 1 workers of 1 for evacuation
[24.927s][info][gc,phases      ] GC(59)   Pre Evacuate Collection Set: 0.0ms
[24.927s][info][gc,phases      ] GC(59)   Evacuate Collection Set: 1.7ms
[24.927s][info][gc,phases      ] GC(59)   Post Evacuate Collection Set: 0.3ms
[24.927s][info][gc,phases      ] GC(59)   Other: 0.3ms
[24.927s][info][gc,heap        ] GC(59) Eden regions: 342->0(342)
[24.927s][info][gc,heap        ] GC(59) Survivor regions: 1->1(43)
[24.927s][info][gc,heap        ] GC(59) Old regions: 161->161
[24.927s][info][gc,heap        ] GC(59) Humongous regions: 12->12
[24.927s][info][gc,metaspace   ] GC(59) Metaspace: 60639K->60639K(1103872K)
[24.927s][info][gc             ] GC(59) Pause Young (Normal) (G1 Evacuation Pause) 513M->171M(577M) 2.497ms
[24.928s][info][gc,cpu         ] GC(59) User=0.00s Sys=0.00s Real=0.01s
[25.167s][info][gc,task        ] GC(60) Using 1 workers of 1 for full compaction
[25.167s][info][gc,start       ] GC(60) Pause Full (System.gc())
[25.167s][info][gc,phases,start] GC(60) Phase 1: Mark live objects
[25.389s][info][gc,stringtable ] GC(60) Cleaned string and symbol table, strings: 21669 processed, 22 removed, symbols: 131807 processed, 0 removed
[25.390s][info][gc,phases      ] GC(60) Phase 1: Mark live objects 222.546ms
[25.390s][info][gc,phases,start] GC(60) Phase 2: Prepare for compaction
[25.431s][info][gc,phases      ] GC(60) Phase 2: Prepare for compaction 40.812ms
[25.431s][info][gc,phases,start] GC(60) Phase 3: Adjust pointers
[25.517s][info][gc,phases      ] GC(60) Phase 3: Adjust pointers 86.438ms
[25.517s][info][gc,phases,start] GC(60) Phase 4: Compact heap
[25.573s][info][gc,phases      ] GC(60) Phase 4: Compact heap 55.547ms
[25.576s][info][gc,heap        ] GC(60) Eden regions: 211->0(343)
[25.576s][info][gc,heap        ] GC(60) Survivor regions: 1->0(43)
[25.576s][info][gc,heap        ] GC(60) Old regions: 161->161
[25.576s][info][gc,heap        ] GC(60) Humongous regions: 17->12
[25.576s][info][gc,metaspace   ] GC(60) Metaspace: 60663K->60663K(1103872K)
[25.577s][info][gc             ] GC(60) Pause Full (System.gc()) 387M->171M(577M) 409.788ms
[25.577s][info][gc,cpu         ] GC(60) User=0.39s Sys=0.01s Real=0.40s
[26.411s][info][gc,start       ] GC(61) Pause Young (Normal) (G1 Evacuation Pause)
[26.411s][info][gc,task        ] GC(61) Using 1 workers of 1 for evacuation
[26.414s][info][gc,phases      ] GC(61)   Pre Evacuate Collection Set: 0.0ms
[26.414s][info][gc,phases      ] GC(61)   Evacuate Collection Set: 1.8ms
[26.414s][info][gc,phases      ] GC(61)   Post Evacuate Collection Set: 0.4ms
[26.414s][info][gc,phases      ] GC(61)   Other: 0.4ms
[26.414s][info][gc,heap        ] GC(61) Eden regions: 343->0(342)
[26.414s][info][gc,heap        ] GC(61) Survivor regions: 0->1(43)
[26.414s][info][gc,heap        ] GC(61) Old regions: 161->161
[26.414s][info][gc,heap        ] GC(61) Humongous regions: 22->12
[26.414s][info][gc,metaspace   ] GC(61) Metaspace: 60761K->60761K(1103872K)
[26.414s][info][gc             ] GC(61) Pause Young (Normal) (G1 Evacuation Pause) 524M->171M(577M) 2.606ms
[26.414s][info][gc,cpu         ] GC(61) User=0.00s Sys=0.00s Real=0.00s
[26.783s][info][gc,start       ] GC(62) Pause Young (Normal) (G1 Evacuation Pause)
[26.783s][info][gc,task        ] GC(62) Using 1 workers of 1 for evacuation
[26.786s][info][gc,phases      ] GC(62)   Pre Evacuate Collection Set: 0.0ms
[26.786s][info][gc,phases      ] GC(62)   Evacuate Collection Set: 1.9ms
[26.786s][info][gc,phases      ] GC(62)   Post Evacuate Collection Set: 0.3ms
[26.786s][info][gc,phases      ] GC(62)   Other: 0.3ms
[26.786s][info][gc,heap        ] GC(62) Eden regions: 342->0(342)
[26.786s][info][gc,heap        ] GC(62) Survivor regions: 1->1(43)
[26.786s][info][gc,heap        ] GC(62) Old regions: 161->161
[26.786s][info][gc,heap        ] GC(62) Humongous regions: 12->12
[26.786s][info][gc,metaspace   ] GC(62) Metaspace: 60765K->60765K(1103872K)
[26.786s][info][gc             ] GC(62) Pause Young (Normal) (G1 Evacuation Pause) 513M->171M(577M) 2.623ms
[26.786s][info][gc,cpu         ] GC(62) User=0.00s Sys=0.00s Real=0.00s
[27.133s][info][gc,start       ] GC(63) Pause Young (Normal) (G1 Evacuation Pause)
[27.133s][info][gc,task        ] GC(63) Using 1 workers of 1 for evacuation
[27.136s][info][gc,phases      ] GC(63)   Pre Evacuate Collection Set: 0.0ms
[27.136s][info][gc,phases      ] GC(63)   Evacuate Collection Set: 2.0ms
[27.136s][info][gc,phases      ] GC(63)   Post Evacuate Collection Set: 0.4ms
[27.136s][info][gc,phases      ] GC(63)   Other: 0.4ms
[27.136s][info][gc,heap        ] GC(63) Eden regions: 342->0(343)
[27.136s][info][gc,heap        ] GC(63) Survivor regions: 1->1(43)
[27.136s][info][gc,heap        ] GC(63) Old regions: 161->161
[27.136s][info][gc,heap        ] GC(63) Humongous regions: 12->12
[27.136s][info][gc,metaspace   ] GC(63) Metaspace: 60765K->60765K(1103872K)
[27.136s][info][gc             ] GC(63) Pause Young (Normal) (G1 Evacuation Pause) 513M->171M(577M) 2.841ms
[27.136s][info][gc,cpu         ] GC(63) User=0.00s Sys=0.00s Real=0.00s
[27.445s][info][gc,start       ] GC(64) Pause Young (Normal) (G1 Evacuation Pause)
[27.446s][info][gc,task        ] GC(64) Using 1 workers of 1 for evacuation
[27.448s][info][gc,phases      ] GC(64)   Pre Evacuate Collection Set: 0.0ms
[27.448s][info][gc,phases      ] GC(64)   Evacuate Collection Set: 1.6ms
[27.448s][info][gc,phases      ] GC(64)   Post Evacuate Collection Set: 0.3ms
[27.448s][info][gc,phases      ] GC(64)   Other: 0.3ms
[27.448s][info][gc,heap        ] GC(64) Eden regions: 343->0(343)
[27.448s][info][gc,heap        ] GC(64) Survivor regions: 1->1(43)
[27.448s][info][gc,heap        ] GC(64) Old regions: 161->161
[27.448s][info][gc,heap        ] GC(64) Humongous regions: 12->12
[27.448s][info][gc,metaspace   ] GC(64) Metaspace: 60765K->60765K(1103872K)
[27.448s][info][gc             ] GC(64) Pause Young (Normal) (G1 Evacuation Pause) 514M->171M(577M) 2.409ms
[27.448s][info][gc,cpu         ] GC(64) User=0.00s Sys=0.00s Real=0.01s
[27.724s][info][gc,start       ] GC(65) Pause Young (Normal) (G1 Evacuation Pause)
[27.724s][info][gc,task        ] GC(65) Using 1 workers of 1 for evacuation
[27.726s][info][gc,phases      ] GC(65)   Pre Evacuate Collection Set: 0.0ms
[27.726s][info][gc,phases      ] GC(65)   Evacuate Collection Set: 1.7ms
[27.726s][info][gc,phases      ] GC(65)   Post Evacuate Collection Set: 0.3ms
[27.726s][info][gc,phases      ] GC(65)   Other: 0.3ms
[27.726s][info][gc,heap        ] GC(65) Eden regions: 343->0(343)
[27.726s][info][gc,heap        ] GC(65) Survivor regions: 1->1(43)
[27.726s][info][gc,heap        ] GC(65) Old regions: 161->161
[27.726s][info][gc,heap        ] GC(65) Humongous regions: 12->12
[27.726s][info][gc,metaspace   ] GC(65) Metaspace: 60765K->60765K(1103872K)
[27.726s][info][gc             ] GC(65) Pause Young (Normal) (G1 Evacuation Pause) 514M->171M(577M) 2.505ms
[27.726s][info][gc,cpu         ] GC(65) User=0.00s Sys=0.00s Real=0.01s
[28.004s][info][gc,start       ] GC(66) Pause Young (Normal) (G1 Evacuation Pause)
[28.004s][info][gc,task        ] GC(66) Using 1 workers of 1 for evacuation
[28.006s][info][gc,phases      ] GC(66)   Pre Evacuate Collection Set: 0.0ms
[28.006s][info][gc,phases      ] GC(66)   Evacuate Collection Set: 1.8ms
[28.006s][info][gc,phases      ] GC(66)   Post Evacuate Collection Set: 0.3ms
[28.006s][info][gc,phases      ] GC(66)   Other: 0.4ms
[28.006s][info][gc,heap        ] GC(66) Eden regions: 343->0(343)
[28.006s][info][gc,heap        ] GC(66) Survivor regions: 1->1(43)
[28.006s][info][gc,heap        ] GC(66) Old regions: 161->161
[28.006s][info][gc,heap        ] GC(66) Humongous regions: 12->12
[28.006s][info][gc,metaspace   ] GC(66) Metaspace: 60769K->60769K(1103872K)
[28.006s][info][gc             ] GC(66) Pause Young (Normal) (G1 Evacuation Pause) 514M->171M(577M) 2.563ms
[28.006s][info][gc,cpu         ] GC(66) User=0.00s Sys=0.00s Real=0.00s
[28.307s][info][gc,task        ] GC(67) Using 1 workers of 1 for full compaction
[28.307s][info][gc,start       ] GC(67) Pause Full (System.gc())
[28.308s][info][gc,phases,start] GC(67) Phase 1: Mark live objects
[28.468s][info][gc,stringtable ] GC(67) Cleaned string and symbol table, strings: 21689 processed, 22 removed, symbols: 131807 processed, 0 removed
[28.468s][info][gc,phases      ] GC(67) Phase 1: Mark live objects 160.329ms
[28.468s][info][gc,phases,start] GC(67) Phase 2: Prepare for compaction
[28.499s][info][gc,phases      ] GC(67) Phase 2: Prepare for compaction 30.804ms
[28.499s][info][gc,phases,start] GC(67) Phase 3: Adjust pointers
[28.582s][info][gc,phases      ] GC(67) Phase 3: Adjust pointers 82.409ms
[28.582s][info][gc,phases,start] GC(67) Phase 4: Compact heap
[28.607s][info][gc,phases      ] GC(67) Phase 4: Compact heap 25.575ms
[28.611s][info][gc,heap        ] GC(67) Eden regions: 199->0(344)
[28.611s][info][gc,heap        ] GC(67) Survivor regions: 1->0(43)
[28.611s][info][gc,heap        ] GC(67) Old regions: 161->161
[28.611s][info][gc,heap        ] GC(67) Humongous regions: 17->12
[28.611s][info][gc,metaspace   ] GC(67) Metaspace: 60802K->60802K(1103872K)
[28.611s][info][gc             ] GC(67) Pause Full (System.gc()) 375M->171M(577M) 303.924ms
[28.611s][info][gc,cpu         ] GC(67) User=0.29s Sys=0.00s Real=0.30s
[29.367s][info][gc,start       ] GC(68) Pause Young (Normal) (G1 Evacuation Pause)
[29.367s][info][gc,task        ] GC(68) Using 1 workers of 1 for evacuation
[29.370s][info][gc,phases      ] GC(68)   Pre Evacuate Collection Set: 0.0ms
[29.370s][info][gc,phases      ] GC(68)   Evacuate Collection Set: 1.8ms
[29.370s][info][gc,phases      ] GC(68)   Post Evacuate Collection Set: 0.3ms
[29.370s][info][gc,phases      ] GC(68)   Other: 0.4ms
[29.370s][info][gc,heap        ] GC(68) Eden regions: 344->0(343)
[29.370s][info][gc,heap        ] GC(68) Survivor regions: 0->1(43)
[29.370s][info][gc,heap        ] GC(68) Old regions: 161->161
[29.370s][info][gc,heap        ] GC(68) Humongous regions: 22->12
[29.370s][info][gc,metaspace   ] GC(68) Metaspace: 60879K->60879K(1103872K)
[29.370s][info][gc             ] GC(68) Pause Young (Normal) (G1 Evacuation Pause) 525M->171M(577M) 2.672ms
[29.370s][info][gc,cpu         ] GC(68) User=0.00s Sys=0.00s Real=0.00s
[29.802s][info][gc,start       ] GC(69) Pause Young (Normal) (G1 Evacuation Pause)
[29.802s][info][gc,task        ] GC(69) Using 1 workers of 1 for evacuation
[29.804s][info][gc,phases      ] GC(69)   Pre Evacuate Collection Set: 0.0ms
[29.804s][info][gc,phases      ] GC(69)   Evacuate Collection Set: 1.8ms
[29.804s][info][gc,phases      ] GC(69)   Post Evacuate Collection Set: 0.3ms
[29.804s][info][gc,phases      ] GC(69)   Other: 0.4ms
[29.804s][info][gc,heap        ] GC(69) Eden regions: 343->0(343)
[29.804s][info][gc,heap        ] GC(69) Survivor regions: 1->1(43)
[29.804s][info][gc,heap        ] GC(69) Old regions: 161->161
[29.804s][info][gc,heap        ] GC(69) Humongous regions: 12->12
[29.804s][info][gc,metaspace   ] GC(69) Metaspace: 60880K->60880K(1103872K)
[29.804s][info][gc             ] GC(69) Pause Young (Normal) (G1 Evacuation Pause) 514M->171M(577M) 2.592ms
[29.804s][info][gc,cpu         ] GC(69) User=0.00s Sys=0.00s Real=0.00s
[30.080s][info][gc,start       ] GC(70) Pause Young (Normal) (G1 Evacuation Pause)
[30.080s][info][gc,task        ] GC(70) Using 1 workers of 1 for evacuation
[30.085s][info][gc,phases      ] GC(70)   Pre Evacuate Collection Set: 0.0ms
[30.085s][info][gc,phases      ] GC(70)   Evacuate Collection Set: 4.7ms
[30.085s][info][gc,phases      ] GC(70)   Post Evacuate Collection Set: 0.4ms
[30.085s][info][gc,phases      ] GC(70)   Other: 0.4ms
[30.085s][info][gc,heap        ] GC(70) Eden regions: 343->0(343)
[30.085s][info][gc,heap        ] GC(70) Survivor regions: 1->1(43)
[30.085s][info][gc,heap        ] GC(70) Old regions: 161->161
[30.085s][info][gc,heap        ] GC(70) Humongous regions: 12->12
[30.085s][info][gc,metaspace   ] GC(70) Metaspace: 60880K->60880K(1103872K)
[30.085s][info][gc             ] GC(70) Pause Young (Normal) (G1 Evacuation Pause) 514M->171M(577M) 5.626ms
[30.085s][info][gc,cpu         ] GC(70) User=0.01s Sys=0.00s Real=0.00s
[30.377s][info][gc,start       ] GC(71) Pause Young (Normal) (G1 Evacuation Pause)
[30.377s][info][gc,task        ] GC(71) Using 1 workers of 1 for evacuation
[30.379s][info][gc,phases      ] GC(71)   Pre Evacuate Collection Set: 0.0ms
[30.379s][info][gc,phases      ] GC(71)   Evacuate Collection Set: 1.8ms
[30.379s][info][gc,phases      ] GC(71)   Post Evacuate Collection Set: 0.4ms
[30.379s][info][gc,phases      ] GC(71)   Other: 0.3ms
[30.379s][info][gc,heap        ] GC(71) Eden regions: 343->0(343)
[30.379s][info][gc,heap        ] GC(71) Survivor regions: 1->1(43)
[30.379s][info][gc,heap        ] GC(71) Old regions: 161->161
[30.379s][info][gc,heap        ] GC(71) Humongous regions: 12->12
[30.379s][info][gc,metaspace   ] GC(71) Metaspace: 60880K->60880K(1103872K)
[30.379s][info][gc             ] GC(71) Pause Young (Normal) (G1 Evacuation Pause) 514M->171M(577M) 2.529ms
[30.379s][info][gc,cpu         ] GC(71) User=0.00s Sys=0.00s Real=0.01s
[30.669s][info][gc,start       ] GC(72) Pause Young (Normal) (G1 Evacuation Pause)
[30.669s][info][gc,task        ] GC(72) Using 1 workers of 1 for evacuation
[30.671s][info][gc,phases      ] GC(72)   Pre Evacuate Collection Set: 0.0ms
[30.671s][info][gc,phases      ] GC(72)   Evacuate Collection Set: 1.9ms
[30.671s][info][gc,phases      ] GC(72)   Post Evacuate Collection Set: 0.3ms
[30.671s][info][gc,phases      ] GC(72)   Other: 0.6ms
[30.671s][info][gc,heap        ] GC(72) Eden regions: 343->0(343)
[30.671s][info][gc,heap        ] GC(72) Survivor regions: 1->1(43)
[30.671s][info][gc,heap        ] GC(72) Old regions: 161->161
[30.671s][info][gc,heap        ] GC(72) Humongous regions: 12->12
[30.671s][info][gc,metaspace   ] GC(72) Metaspace: 60880K->60880K(1103872K)
[30.671s][info][gc             ] GC(72) Pause Young (Normal) (G1 Evacuation Pause) 514M->171M(577M) 2.973ms
[30.672s][info][gc,cpu         ] GC(72) User=0.00s Sys=0.00s Real=0.00s
[30.959s][info][gc,start       ] GC(73) Pause Young (Normal) (G1 Evacuation Pause)
[30.959s][info][gc,task        ] GC(73) Using 1 workers of 1 for evacuation
[30.961s][info][gc,phases      ] GC(73)   Pre Evacuate Collection Set: 0.0ms
[30.962s][info][gc,phases      ] GC(73)   Evacuate Collection Set: 1.7ms
[30.962s][info][gc,phases      ] GC(73)   Post Evacuate Collection Set: 0.4ms
[30.962s][info][gc,phases      ] GC(73)   Other: 0.3ms
[30.962s][info][gc,heap        ] GC(73) Eden regions: 343->0(343)
[30.962s][info][gc,heap        ] GC(73) Survivor regions: 1->1(43)
[30.962s][info][gc,heap        ] GC(73) Old regions: 161->161
[30.962s][info][gc,heap        ] GC(73) Humongous regions: 12->12
[30.962s][info][gc,metaspace   ] GC(73) Metaspace: 60880K->60880K(1103872K)
[30.962s][info][gc             ] GC(73) Pause Young (Normal) (G1 Evacuation Pause) 514M->171M(577M) 2.509ms
[30.962s][info][gc,cpu         ] GC(73) User=0.01s Sys=0.00s Real=0.00s
[31.207s][info][gc,task        ] GC(74) Using 1 workers of 1 for full compaction
[31.207s][info][gc,start       ] GC(74) Pause Full (System.gc())
[31.208s][info][gc,phases,start] GC(74) Phase 1: Mark live objects
[31.408s][info][gc,stringtable ] GC(74) Cleaned string and symbol table, strings: 21705 processed, 22 removed, symbols: 131819 processed, 0 removed
[31.409s][info][gc,phases      ] GC(74) Phase 1: Mark live objects 200.639ms
[31.409s][info][gc,phases,start] GC(74) Phase 2: Prepare for compaction
[31.441s][info][gc,phases      ] GC(74) Phase 2: Prepare for compaction 32.171ms
[31.441s][info][gc,phases,start] GC(74) Phase 3: Adjust pointers
[31.538s][info][gc,phases      ] GC(74) Phase 3: Adjust pointers 96.740ms
[31.538s][info][gc,phases,start] GC(74) Phase 4: Compact heap
[31.603s][info][gc,phases      ] GC(74) Phase 4: Compact heap 65.333ms
[31.607s][info][gc,heap        ] GC(74) Eden regions: 195->0(344)
[31.607s][info][gc,heap        ] GC(74) Survivor regions: 1->0(43)
[31.607s][info][gc,heap        ] GC(74) Old regions: 161->161
[31.607s][info][gc,heap        ] GC(74) Humongous regions: 17->12
[31.607s][info][gc,metaspace   ] GC(74) Metaspace: 60887K->60887K(1103872K)
[31.607s][info][gc             ] GC(74) Pause Full (System.gc()) 371M->171M(577M) 399.736ms
[31.607s][info][gc,cpu         ] GC(74) User=0.38s Sys=0.00s Real=0.40s
[32.050s][info][gc,start       ] GC(75) Pause Young (Normal) (G1 Evacuation Pause)
[32.050s][info][gc,task        ] GC(75) Using 1 workers of 1 for evacuation
[32.053s][info][gc,phases      ] GC(75)   Pre Evacuate Collection Set: 0.0ms
[32.053s][info][gc,phases      ] GC(75)   Evacuate Collection Set: 1.9ms
[32.053s][info][gc,phases      ] GC(75)   Post Evacuate Collection Set: 0.4ms
[32.053s][info][gc,phases      ] GC(75)   Other: 0.4ms
[32.053s][info][gc,heap        ] GC(75) Eden regions: 344->0(343)
[32.053s][info][gc,heap        ] GC(75) Survivor regions: 0->1(43)
[32.053s][info][gc,heap        ] GC(75) Old regions: 161->161
[32.053s][info][gc,heap        ] GC(75) Humongous regions: 22->12
[32.053s][info][gc,metaspace   ] GC(75) Metaspace: 60917K->60917K(1103872K)
[32.053s][info][gc             ] GC(75) Pause Young (Normal) (G1 Evacuation Pause) 525M->171M(577M) 2.712ms
[32.053s][info][gc,cpu         ] GC(75) User=0.00s Sys=0.00s Real=0.00s
[32.388s][info][gc,start       ] GC(76) Pause Young (Normal) (G1 Evacuation Pause)
[32.389s][info][gc,task        ] GC(76) Using 1 workers of 1 for evacuation
[32.391s][info][gc,phases      ] GC(76)   Pre Evacuate Collection Set: 0.0ms
[32.391s][info][gc,phases      ] GC(76)   Evacuate Collection Set: 1.8ms
[32.391s][info][gc,phases      ] GC(76)   Post Evacuate Collection Set: 0.4ms
[32.391s][info][gc,phases      ] GC(76)   Other: 0.3ms
[32.391s][info][gc,heap        ] GC(76) Eden regions: 343->0(343)
[32.391s][info][gc,heap        ] GC(76) Survivor regions: 1->1(43)
[32.391s][info][gc,heap        ] GC(76) Old regions: 161->161
[32.391s][info][gc,heap        ] GC(76) Humongous regions: 12->12
[32.391s][info][gc,metaspace   ] GC(76) Metaspace: 60928K->60928K(1103872K)
[32.391s][info][gc             ] GC(76) Pause Young (Normal) (G1 Evacuation Pause) 514M->171M(577M) 2.581ms
[32.391s][info][gc,cpu         ] GC(76) User=0.00s Sys=0.00s Real=0.00s
[32.708s][info][gc,start       ] GC(77) Pause Young (Normal) (G1 Evacuation Pause)
[32.708s][info][gc,task        ] GC(77) Using 1 workers of 1 for evacuation
[32.710s][info][gc,phases      ] GC(77)   Pre Evacuate Collection Set: 0.0ms
[32.710s][info][gc,phases      ] GC(77)   Evacuate Collection Set: 1.8ms
[32.711s][info][gc,phases      ] GC(77)   Post Evacuate Collection Set: 0.4ms
[32.711s][info][gc,phases      ] GC(77)   Other: 0.3ms
[32.711s][info][gc,heap        ] GC(77) Eden regions: 343->0(343)
[32.711s][info][gc,heap        ] GC(77) Survivor regions: 1->1(43)
[32.711s][info][gc,heap        ] GC(77) Old regions: 161->161
[32.711s][info][gc,heap        ] GC(77) Humongous regions: 12->12
[32.711s][info][gc,metaspace   ] GC(77) Metaspace: 60928K->60928K(1103872K)
[32.711s][info][gc             ] GC(77) Pause Young (Normal) (G1 Evacuation Pause) 514M->171M(577M) 2.562ms
[32.711s][info][gc,cpu         ] GC(77) User=0.00s Sys=0.00s Real=0.00s
[32.987s][info][gc,start       ] GC(78) Pause Young (Normal) (G1 Evacuation Pause)
[32.987s][info][gc,task        ] GC(78) Using 1 workers of 1 for evacuation
[32.991s][info][gc,phases      ] GC(78)   Pre Evacuate Collection Set: 0.0ms
[32.991s][info][gc,phases      ] GC(78)   Evacuate Collection Set: 2.6ms
[32.991s][info][gc,phases      ] GC(78)   Post Evacuate Collection Set: 0.3ms
[32.991s][info][gc,phases      ] GC(78)   Other: 0.3ms
[32.991s][info][gc,heap        ] GC(78) Eden regions: 343->0(343)
[32.991s][info][gc,heap        ] GC(78) Survivor regions: 1->1(43)
[32.991s][info][gc,heap        ] GC(78) Old regions: 161->161
[32.991s][info][gc,heap        ] GC(78) Humongous regions: 12->12
[32.991s][info][gc,metaspace   ] GC(78) Metaspace: 60928K->60928K(1103872K)
[32.991s][info][gc             ] GC(78) Pause Young (Normal) (G1 Evacuation Pause) 514M->171M(577M) 3.417ms
[32.991s][info][gc,cpu         ] GC(78) User=0.00s Sys=0.00s Real=0.00s
[33.280s][info][gc,start       ] GC(79) Pause Young (Normal) (G1 Evacuation Pause)
[33.280s][info][gc,task        ] GC(79) Using 1 workers of 1 for evacuation
[33.282s][info][gc,phases      ] GC(79)   Pre Evacuate Collection Set: 0.0ms
[33.282s][info][gc,phases      ] GC(79)   Evacuate Collection Set: 1.8ms
[33.282s][info][gc,phases      ] GC(79)   Post Evacuate Collection Set: 0.4ms
[33.282s][info][gc,phases      ] GC(79)   Other: 0.3ms
[33.282s][info][gc,heap        ] GC(79) Eden regions: 343->0(343)
[33.282s][info][gc,heap        ] GC(79) Survivor regions: 1->1(43)
[33.282s][info][gc,heap        ] GC(79) Old regions: 161->161
[33.282s][info][gc,heap        ] GC(79) Humongous regions: 12->12
[33.282s][info][gc,metaspace   ] GC(79) Metaspace: 60928K->60928K(1103872K)
[33.282s][info][gc             ] GC(79) Pause Young (Normal) (G1 Evacuation Pause) 514M->171M(577M) 2.704ms
[33.282s][info][gc,cpu         ] GC(79) User=0.00s Sys=0.00s Real=0.00s
[33.583s][info][gc,start       ] GC(80) Pause Young (Normal) (G1 Evacuation Pause)
[33.583s][info][gc,task        ] GC(80) Using 1 workers of 1 for evacuation
[33.585s][info][gc,phases      ] GC(80)   Pre Evacuate Collection Set: 0.0ms
[33.585s][info][gc,phases      ] GC(80)   Evacuate Collection Set: 1.8ms
[33.585s][info][gc,phases      ] GC(80)   Post Evacuate Collection Set: 0.3ms
[33.585s][info][gc,phases      ] GC(80)   Other: 0.3ms
[33.585s][info][gc,heap        ] GC(80) Eden regions: 343->0(343)
[33.585s][info][gc,heap        ] GC(80) Survivor regions: 1->1(43)
[33.585s][info][gc,heap        ] GC(80) Old regions: 161->161
[33.585s][info][gc,heap        ] GC(80) Humongous regions: 12->12
[33.585s][info][gc,metaspace   ] GC(80) Metaspace: 60928K->60928K(1103872K)
[33.585s][info][gc             ] GC(80) Pause Young (Normal) (G1 Evacuation Pause) 514M->171M(577M) 2.510ms
[33.585s][info][gc,cpu         ] GC(80) User=0.00s Sys=0.01s Real=0.00s
[33.800s][info][gc,task        ] GC(81) Using 1 workers of 1 for full compaction
[33.800s][info][gc,start       ] GC(81) Pause Full (System.gc())
[33.801s][info][gc,phases,start] GC(81) Phase 1: Mark live objects
[33.965s][info][gc,stringtable ] GC(81) Cleaned string and symbol table, strings: 21723 processed, 22 removed, symbols: 131819 processed, 0 removed
[33.965s][info][gc,phases      ] GC(81) Phase 1: Mark live objects 164.503ms
[33.965s][info][gc,phases,start] GC(81) Phase 2: Prepare for compaction
[33.997s][info][gc,phases      ] GC(81) Phase 2: Prepare for compaction 32.159ms
[33.997s][info][gc,phases,start] GC(81) Phase 3: Adjust pointers
[34.079s][info][gc,phases      ] GC(81) Phase 3: Adjust pointers 81.697ms
[34.079s][info][gc,phases,start] GC(81) Phase 4: Compact heap
[34.104s][info][gc,phases      ] GC(81) Phase 4: Compact heap 24.550ms
[34.109s][info][gc,heap        ] GC(81) Eden regions: 196->0(344)
[34.109s][info][gc,heap        ] GC(81) Survivor regions: 1->0(43)
[34.109s][info][gc,heap        ] GC(81) Old regions: 161->161
[34.109s][info][gc,heap        ] GC(81) Humongous regions: 17->12
[34.109s][info][gc,metaspace   ] GC(81) Metaspace: 60939K->60939K(1103872K)
[34.110s][info][gc             ] GC(81) Pause Full (System.gc()) 372M->171M(577M) 309.861ms
[34.110s][info][gc,cpu         ] GC(81) User=0.30s Sys=0.00s Real=0.31s
[34.525s][info][gc,start       ] GC(82) Pause Young (Normal) (G1 Evacuation Pause)
[34.526s][info][gc,task        ] GC(82) Using 1 workers of 1 for evacuation
[34.530s][info][gc,phases      ] GC(82)   Pre Evacuate Collection Set: 0.0ms
[34.530s][info][gc,phases      ] GC(82)   Evacuate Collection Set: 3.3ms
[34.530s][info][gc,phases      ] GC(82)   Post Evacuate Collection Set: 0.8ms
[34.530s][info][gc,phases      ] GC(82)   Other: 0.4ms
[34.530s][info][gc,heap        ] GC(82) Eden regions: 344->0(343)
[34.530s][info][gc,heap        ] GC(82) Survivor regions: 0->1(43)
[34.530s][info][gc,heap        ] GC(82) Old regions: 161->161
[34.530s][info][gc,heap        ] GC(82) Humongous regions: 22->12
[34.530s][info][gc,metaspace   ] GC(82) Metaspace: 60990K->60990K(1103872K)
[34.530s][info][gc             ] GC(82) Pause Young (Normal) (G1 Evacuation Pause) 525M->172M(577M) 4.761ms
[34.530s][info][gc,cpu         ] GC(82) User=0.00s Sys=0.00s Real=0.01s
[34.828s][info][gc,start       ] GC(83) Pause Young (Normal) (G1 Evacuation Pause)
[34.828s][info][gc,task        ] GC(83) Using 1 workers of 1 for evacuation
[34.830s][info][gc,phases      ] GC(83)   Pre Evacuate Collection Set: 0.0ms
[34.830s][info][gc,phases      ] GC(83)   Evacuate Collection Set: 1.8ms
[34.830s][info][gc,phases      ] GC(83)   Post Evacuate Collection Set: 0.4ms
[34.830s][info][gc,phases      ] GC(83)   Other: 0.3ms
[34.830s][info][gc,heap        ] GC(83) Eden regions: 343->0(343)
[34.830s][info][gc,heap        ] GC(83) Survivor regions: 1->1(43)
[34.830s][info][gc,heap        ] GC(83) Old regions: 161->161
[34.830s][info][gc,heap        ] GC(83) Humongous regions: 12->12
[34.830s][info][gc,metaspace   ] GC(83) Metaspace: 60992K->60992K(1103872K)
[34.830s][info][gc             ] GC(83) Pause Young (Normal) (G1 Evacuation Pause) 515M->172M(577M) 2.578ms
[34.830s][info][gc,cpu         ] GC(83) User=0.00s Sys=0.00s Real=0.00s
[35.157s][info][gc,start       ] GC(84) Pause Young (Normal) (G1 Evacuation Pause)
[35.157s][info][gc,task        ] GC(84) Using 1 workers of 1 for evacuation
[35.160s][info][gc,phases      ] GC(84)   Pre Evacuate Collection Set: 0.0ms
[35.160s][info][gc,phases      ] GC(84)   Evacuate Collection Set: 1.9ms
[35.160s][info][gc,phases      ] GC(84)   Post Evacuate Collection Set: 0.3ms
[35.160s][info][gc,phases      ] GC(84)   Other: 0.3ms
[35.160s][info][gc,heap        ] GC(84) Eden regions: 343->0(343)
[35.160s][info][gc,heap        ] GC(84) Survivor regions: 1->1(43)
[35.160s][info][gc,heap        ] GC(84) Old regions: 161->161
[35.160s][info][gc,heap        ] GC(84) Humongous regions: 12->12
[35.160s][info][gc,metaspace   ] GC(84) Metaspace: 60992K->60992K(1103872K)
[35.160s][info][gc             ] GC(84) Pause Young (Normal) (G1 Evacuation Pause) 515M->172M(577M) 2.591ms
[35.160s][info][gc,cpu         ] GC(84) User=0.00s Sys=0.00s Real=0.01s
[35.489s][info][gc,start       ] GC(85) Pause Young (Normal) (G1 Evacuation Pause)
[35.489s][info][gc,task        ] GC(85) Using 1 workers of 1 for evacuation
[35.491s][info][gc,phases      ] GC(85)   Pre Evacuate Collection Set: 0.0ms
[35.491s][info][gc,phases      ] GC(85)   Evacuate Collection Set: 1.9ms
[35.491s][info][gc,phases      ] GC(85)   Post Evacuate Collection Set: 0.3ms
[35.491s][info][gc,phases      ] GC(85)   Other: 0.3ms
[35.491s][info][gc,heap        ] GC(85) Eden regions: 343->0(343)
[35.491s][info][gc,heap        ] GC(85) Survivor regions: 1->1(43)
[35.491s][info][gc,heap        ] GC(85) Old regions: 161->161
[35.491s][info][gc,heap        ] GC(85) Humongous regions: 12->12
[35.491s][info][gc,metaspace   ] GC(85) Metaspace: 60992K->60992K(1103872K)
[35.491s][info][gc             ] GC(85) Pause Young (Normal) (G1 Evacuation Pause) 515M->172M(577M) 2.625ms
[35.491s][info][gc,cpu         ] GC(85) User=0.00s Sys=0.00s Real=0.00s
[35.772s][info][gc,start       ] GC(86) Pause Young (Normal) (G1 Evacuation Pause)
[35.773s][info][gc,task        ] GC(86) Using 1 workers of 1 for evacuation
[35.775s][info][gc,phases      ] GC(86)   Pre Evacuate Collection Set: 0.0ms
[35.775s][info][gc,phases      ] GC(86)   Evacuate Collection Set: 1.9ms
[35.775s][info][gc,phases      ] GC(86)   Post Evacuate Collection Set: 0.4ms
[35.775s][info][gc,phases      ] GC(86)   Other: 0.6ms
[35.775s][info][gc,heap        ] GC(86) Eden regions: 343->0(343)
[35.775s][info][gc,heap        ] GC(86) Survivor regions: 1->1(43)
[35.775s][info][gc,heap        ] GC(86) Old regions: 161->161
[35.775s][info][gc,heap        ] GC(86) Humongous regions: 12->12
[35.775s][info][gc,metaspace   ] GC(86) Metaspace: 60992K->60992K(1103872K)
[35.775s][info][gc             ] GC(86) Pause Young (Normal) (G1 Evacuation Pause) 515M->172M(577M) 3.008ms
[35.775s][info][gc,cpu         ] GC(86) User=0.00s Sys=0.00s Real=0.00s
[36.096s][info][gc,start       ] GC(87) Pause Young (Normal) (G1 Evacuation Pause)
[36.096s][info][gc,task        ] GC(87) Using 1 workers of 1 for evacuation
[36.099s][info][gc,phases      ] GC(87)   Pre Evacuate Collection Set: 0.0ms
[36.099s][info][gc,phases      ] GC(87)   Evacuate Collection Set: 1.8ms
[36.099s][info][gc,phases      ] GC(87)   Post Evacuate Collection Set: 0.4ms
[36.099s][info][gc,phases      ] GC(87)   Other: 0.4ms
[36.099s][info][gc,heap        ] GC(87) Eden regions: 343->0(343)
[36.099s][info][gc,heap        ] GC(87) Survivor regions: 1->1(43)
[36.099s][info][gc,heap        ] GC(87) Old regions: 161->161
[36.099s][info][gc,heap        ] GC(87) Humongous regions: 12->12
[36.099s][info][gc,metaspace   ] GC(87) Metaspace: 60992K->60992K(1103872K)
[36.099s][info][gc             ] GC(87) Pause Young (Normal) (G1 Evacuation Pause) 515M->172M(577M) 2.696ms
[36.099s][info][gc,cpu         ] GC(87) User=0.00s Sys=0.00s Real=0.01s
[36.315s][info][gc,task        ] GC(88) Using 1 workers of 1 for full compaction
[36.315s][info][gc,start       ] GC(88) Pause Full (System.gc())
[36.316s][info][gc,phases,start] GC(88) Phase 1: Mark live objects
[36.475s][info][gc,stringtable ] GC(88) Cleaned string and symbol table, strings: 21730 processed, 22 removed, symbols: 131831 processed, 0 removed
[36.475s][info][gc,phases      ] GC(88) Phase 1: Mark live objects 158.843ms
[36.475s][info][gc,phases,start] GC(88) Phase 2: Prepare for compaction
[36.508s][info][gc,phases      ] GC(88) Phase 2: Prepare for compaction 33.091ms
[36.508s][info][gc,phases,start] GC(88) Phase 3: Adjust pointers
[36.594s][info][gc,phases      ] GC(88) Phase 3: Adjust pointers 85.370ms
[36.594s][info][gc,phases,start] GC(88) Phase 4: Compact heap
[36.647s][info][gc,phases      ] GC(88) Phase 4: Compact heap 53.477ms
[36.651s][info][gc,heap        ] GC(88) Eden regions: 196->0(344)
[36.651s][info][gc,heap        ] GC(88) Survivor regions: 1->0(43)
[36.651s][info][gc,heap        ] GC(88) Old regions: 161->161
[36.651s][info][gc,heap        ] GC(88) Humongous regions: 17->12
[36.651s][info][gc,metaspace   ] GC(88) Metaspace: 61009K->61009K(1103872K)
[36.651s][info][gc             ] GC(88) Pause Full (System.gc()) 372M->171M(577M) 336.267ms
[36.651s][info][gc,cpu         ] GC(88) User=0.32s Sys=0.00s Real=0.34s
[37.056s][info][gc,start       ] GC(89) Pause Young (Normal) (G1 Evacuation Pause)
[37.056s][info][gc,task        ] GC(89) Using 1 workers of 1 for evacuation
[37.058s][info][gc,phases      ] GC(89)   Pre Evacuate Collection Set: 0.0ms
[37.058s][info][gc,phases      ] GC(89)   Evacuate Collection Set: 2.0ms
[37.058s][info][gc,phases      ] GC(89)   Post Evacuate Collection Set: 0.4ms
[37.058s][info][gc,phases      ] GC(89)   Other: 0.4ms
[37.058s][info][gc,heap        ] GC(89) Eden regions: 344->0(343)
[37.058s][info][gc,heap        ] GC(89) Survivor regions: 0->1(43)
[37.058s][info][gc,heap        ] GC(89) Old regions: 161->161
[37.058s][info][gc,heap        ] GC(89) Humongous regions: 22->12
[37.058s][info][gc,metaspace   ] GC(89) Metaspace: 61052K->61052K(1103872K)
[37.059s][info][gc             ] GC(89) Pause Young (Normal) (G1 Evacuation Pause) 525M->172M(577M) 2.899ms
[37.059s][info][gc,cpu         ] GC(89) User=0.00s Sys=0.00s Real=0.00s
[37.375s][info][gc,start       ] GC(90) Pause Young (Normal) (G1 Evacuation Pause)
[37.375s][info][gc,task        ] GC(90) Using 1 workers of 1 for evacuation
[37.377s][info][gc,phases      ] GC(90)   Pre Evacuate Collection Set: 0.0ms
[37.377s][info][gc,phases      ] GC(90)   Evacuate Collection Set: 1.9ms
[37.377s][info][gc,phases      ] GC(90)   Post Evacuate Collection Set: 0.3ms
[37.377s][info][gc,phases      ] GC(90)   Other: 0.4ms
[37.377s][info][gc,heap        ] GC(90) Eden regions: 343->0(343)
[37.377s][info][gc,heap        ] GC(90) Survivor regions: 1->1(43)
[37.377s][info][gc,heap        ] GC(90) Old regions: 161->161
[37.377s][info][gc,heap        ] GC(90) Humongous regions: 12->12
[37.377s][info][gc,metaspace   ] GC(90) Metaspace: 61052K->61052K(1103872K)
[37.377s][info][gc             ] GC(90) Pause Young (Normal) (G1 Evacuation Pause) 515M->172M(577M) 2.666ms
[37.377s][info][gc,cpu         ] GC(90) User=0.00s Sys=0.00s Real=0.00s
[37.653s][info][gc,start       ] GC(91) Pause Young (Normal) (G1 Evacuation Pause)
[37.653s][info][gc,task        ] GC(91) Using 1 workers of 1 for evacuation
[37.656s][info][gc,phases      ] GC(91)   Pre Evacuate Collection Set: 0.0ms
[37.656s][info][gc,phases      ] GC(91)   Evacuate Collection Set: 2.0ms
[37.656s][info][gc,phases      ] GC(91)   Post Evacuate Collection Set: 0.3ms
[37.656s][info][gc,phases      ] GC(91)   Other: 0.4ms
[37.656s][info][gc,heap        ] GC(91) Eden regions: 343->0(343)
[37.656s][info][gc,heap        ] GC(91) Survivor regions: 1->1(43)
[37.656s][info][gc,heap        ] GC(91) Old regions: 161->161
[37.656s][info][gc,heap        ] GC(91) Humongous regions: 12->12
[37.656s][info][gc,metaspace   ] GC(91) Metaspace: 61052K->61052K(1103872K)
[37.656s][info][gc             ] GC(91) Pause Young (Normal) (G1 Evacuation Pause) 515M->172M(577M) 2.766ms
[37.656s][info][gc,cpu         ] GC(91) User=0.00s Sys=0.00s Real=0.00s
[38.012s][info][gc,start       ] GC(92) Pause Young (Normal) (G1 Evacuation Pause)
[38.013s][info][gc,task        ] GC(92) Using 1 workers of 1 for evacuation
[38.015s][info][gc,phases      ] GC(92)   Pre Evacuate Collection Set: 0.0ms
[38.015s][info][gc,phases      ] GC(92)   Evacuate Collection Set: 2.0ms
[38.015s][info][gc,phases      ] GC(92)   Post Evacuate Collection Set: 0.3ms
[38.015s][info][gc,phases      ] GC(92)   Other: 0.4ms
[38.015s][info][gc,heap        ] GC(92) Eden regions: 343->0(343)
[38.015s][info][gc,heap        ] GC(92) Survivor regions: 1->1(43)
[38.015s][info][gc,heap        ] GC(92) Old regions: 161->161
[38.015s][info][gc,heap        ] GC(92) Humongous regions: 12->12
[38.015s][info][gc,metaspace   ] GC(92) Metaspace: 61059K->61059K(1103872K)
[38.015s][info][gc             ] GC(92) Pause Young (Normal) (G1 Evacuation Pause) 515M->172M(577M) 2.774ms
[38.015s][info][gc,cpu         ] GC(92) User=0.00s Sys=0.00s Real=0.00s
[38.299s][info][gc,start       ] GC(93) Pause Young (Normal) (G1 Evacuation Pause)
[38.299s][info][gc,task        ] GC(93) Using 1 workers of 1 for evacuation
[38.302s][info][gc,phases      ] GC(93)   Pre Evacuate Collection Set: 0.0ms
[38.302s][info][gc,phases      ] GC(93)   Evacuate Collection Set: 2.3ms
[38.302s][info][gc,phases      ] GC(93)   Post Evacuate Collection Set: 0.4ms
[38.303s][info][gc,phases      ] GC(93)   Other: 0.4ms
[38.303s][info][gc,heap        ] GC(93) Eden regions: 343->0(343)
[38.303s][info][gc,heap        ] GC(93) Survivor regions: 1->1(43)
[38.303s][info][gc,heap        ] GC(93) Old regions: 161->161
[38.303s][info][gc,heap        ] GC(93) Humongous regions: 12->12
[38.303s][info][gc,metaspace   ] GC(93) Metaspace: 61059K->61059K(1103872K)
[38.303s][info][gc             ] GC(93) Pause Young (Normal) (G1 Evacuation Pause) 515M->172M(577M) 3.242ms
[38.303s][info][gc,cpu         ] GC(93) User=0.01s Sys=0.00s Real=0.00s
[38.578s][info][gc,start       ] GC(94) Pause Young (Normal) (G1 Evacuation Pause)
[38.578s][info][gc,task        ] GC(94) Using 1 workers of 1 for evacuation
[38.580s][info][gc,phases      ] GC(94)   Pre Evacuate Collection Set: 0.0ms
[38.580s][info][gc,phases      ] GC(94)   Evacuate Collection Set: 1.9ms
[38.580s][info][gc,phases      ] GC(94)   Post Evacuate Collection Set: 0.3ms
[38.580s][info][gc,phases      ] GC(94)   Other: 0.3ms
[38.580s][info][gc,heap        ] GC(94) Eden regions: 343->0(343)
[38.580s][info][gc,heap        ] GC(94) Survivor regions: 1->1(43)
[38.580s][info][gc,heap        ] GC(94) Old regions: 161->161
[38.580s][info][gc,heap        ] GC(94) Humongous regions: 12->12
[38.580s][info][gc,metaspace   ] GC(94) Metaspace: 61059K->61059K(1103872K)
[38.580s][info][gc             ] GC(94) Pause Young (Normal) (G1 Evacuation Pause) 515M->172M(577M) 2.688ms
[38.581s][info][gc,cpu         ] GC(94) User=0.00s Sys=0.00s Real=0.01s
[38.783s][info][gc,task        ] GC(95) Using 1 workers of 1 for full compaction
[38.783s][info][gc,start       ] GC(95) Pause Full (System.gc())
[38.784s][info][gc,phases,start] GC(95) Phase 1: Mark live objects
[38.948s][info][gc,stringtable ] GC(95) Cleaned string and symbol table, strings: 21734 processed, 22 removed, symbols: 131833 processed, 0 removed
[38.948s][info][gc,phases      ] GC(95) Phase 1: Mark live objects 163.547ms
[38.948s][info][gc,phases,start] GC(95) Phase 2: Prepare for compaction
[39.000s][info][gc,phases      ] GC(95) Phase 2: Prepare for compaction 52.087ms
[39.000s][info][gc,phases,start] GC(95) Phase 3: Adjust pointers
[39.114s][info][gc,phases      ] GC(95) Phase 3: Adjust pointers 114.410ms
[39.115s][info][gc,phases,start] GC(95) Phase 4: Compact heap
[39.176s][info][gc,phases      ] GC(95) Phase 4: Compact heap 61.008ms
[39.183s][info][gc,heap        ] GC(95) Eden regions: 195->0(344)
[39.184s][info][gc,heap        ] GC(95) Survivor regions: 1->0(43)
[39.184s][info][gc,heap        ] GC(95) Old regions: 161->161
[39.184s][info][gc,heap        ] GC(95) Humongous regions: 17->12
[39.184s][info][gc,metaspace   ] GC(95) Metaspace: 61071K->61071K(1103872K)
[39.184s][info][gc             ] GC(95) Pause Full (System.gc()) 371M->171M(577M) 400.473ms
[39.184s][info][gc,cpu         ] GC(95) User=0.39s Sys=0.00s Real=0.40s
[39.660s][info][gc,start       ] GC(96) Pause Young (Normal) (G1 Evacuation Pause)
[39.660s][info][gc,task        ] GC(96) Using 1 workers of 1 for evacuation
[39.663s][info][gc,phases      ] GC(96)   Pre Evacuate Collection Set: 0.0ms
[39.663s][info][gc,phases      ] GC(96)   Evacuate Collection Set: 2.1ms
[39.663s][info][gc,phases      ] GC(96)   Post Evacuate Collection Set: 0.4ms
[39.663s][info][gc,phases      ] GC(96)   Other: 0.4ms
[39.663s][info][gc,heap        ] GC(96) Eden regions: 344->0(343)
[39.663s][info][gc,heap        ] GC(96) Survivor regions: 0->1(43)
[39.663s][info][gc,heap        ] GC(96) Old regions: 161->161
[39.663s][info][gc,heap        ] GC(96) Humongous regions: 22->12
[39.663s][info][gc,metaspace   ] GC(96) Metaspace: 61099K->61099K(1103872K)
[39.663s][info][gc             ] GC(96) Pause Young (Normal) (G1 Evacuation Pause) 525M->172M(577M) 3.037ms
[39.663s][info][gc,cpu         ] GC(96) User=0.00s Sys=0.00s Real=0.00s
[39.955s][info][gc,start       ] GC(97) Pause Young (Normal) (G1 Evacuation Pause)
[39.955s][info][gc,task        ] GC(97) Using 1 workers of 1 for evacuation
[39.958s][info][gc,phases      ] GC(97)   Pre Evacuate Collection Set: 0.0ms
[39.958s][info][gc,phases      ] GC(97)   Evacuate Collection Set: 1.9ms
[39.958s][info][gc,phases      ] GC(97)   Post Evacuate Collection Set: 0.4ms
[39.958s][info][gc,phases      ] GC(97)   Other: 0.3ms
[39.958s][info][gc,heap        ] GC(97) Eden regions: 343->0(343)
[39.958s][info][gc,heap        ] GC(97) Survivor regions: 1->1(43)
[39.958s][info][gc,heap        ] GC(97) Old regions: 161->161
[39.958s][info][gc,heap        ] GC(97) Humongous regions: 12->12
[39.958s][info][gc,metaspace   ] GC(97) Metaspace: 61101K->61101K(1103872K)
[39.958s][info][gc             ] GC(97) Pause Young (Normal) (G1 Evacuation Pause) 515M->172M(577M) 2.687ms
[39.958s][info][gc,cpu         ] GC(97) User=0.00s Sys=0.00s Real=0.00s
[40.231s][info][gc,start       ] GC(98) Pause Young (Normal) (G1 Evacuation Pause)
[40.231s][info][gc,task        ] GC(98) Using 1 workers of 1 for evacuation
[40.233s][info][gc,phases      ] GC(98)   Pre Evacuate Collection Set: 0.0ms
[40.233s][info][gc,phases      ] GC(98)   Evacuate Collection Set: 1.9ms
[40.233s][info][gc,phases      ] GC(98)   Post Evacuate Collection Set: 0.3ms
[40.233s][info][gc,phases      ] GC(98)   Other: 0.3ms
[40.233s][info][gc,heap        ] GC(98) Eden regions: 343->0(343)
[40.233s][info][gc,heap        ] GC(98) Survivor regions: 1->1(43)
[40.233s][info][gc,heap        ] GC(98) Old regions: 161->161
[40.233s][info][gc,heap        ] GC(98) Humongous regions: 12->12
[40.233s][info][gc,metaspace   ] GC(98) Metaspace: 61101K->61101K(1103872K)
[40.233s][info][gc             ] GC(98) Pause Young (Normal) (G1 Evacuation Pause) 515M->172M(577M) 2.622ms
[40.233s][info][gc,cpu         ] GC(98) User=0.01s Sys=0.00s Real=0.00s
[40.531s][info][gc,start       ] GC(99) Pause Young (Normal) (G1 Evacuation Pause)
[40.531s][info][gc,task        ] GC(99) Using 1 workers of 1 for evacuation
[40.534s][info][gc,phases      ] GC(99)   Pre Evacuate Collection Set: 0.0ms
[40.534s][info][gc,phases      ] GC(99)   Evacuate Collection Set: 1.9ms
[40.534s][info][gc,phases      ] GC(99)   Post Evacuate Collection Set: 0.3ms
[40.534s][info][gc,phases      ] GC(99)   Other: 0.4ms
[40.534s][info][gc,heap        ] GC(99) Eden regions: 343->0(343)
[40.534s][info][gc,heap        ] GC(99) Survivor regions: 1->1(43)
[40.534s][info][gc,heap        ] GC(99) Old regions: 161->161
[40.534s][info][gc,heap        ] GC(99) Humongous regions: 12->12
[40.534s][info][gc,metaspace   ] GC(99) Metaspace: 61101K->61101K(1103872K)
[40.534s][info][gc             ] GC(99) Pause Young (Normal) (G1 Evacuation Pause) 515M->172M(577M) 2.665ms
[40.534s][info][gc,cpu         ] GC(99) User=0.00s Sys=0.00s Real=0.00s
[40.813s][info][gc,start       ] GC(100) Pause Young (Normal) (G1 Evacuation Pause)
[40.814s][info][gc,task        ] GC(100) Using 1 workers of 1 for evacuation
[40.817s][info][gc,phases      ] GC(100)   Pre Evacuate Collection Set: 0.1ms
[40.817s][info][gc,phases      ] GC(100)   Evacuate Collection Set: 2.2ms
[40.817s][info][gc,phases      ] GC(100)   Post Evacuate Collection Set: 0.3ms
[40.817s][info][gc,phases      ] GC(100)   Other: 0.7ms
[40.817s][info][gc,heap        ] GC(100) Eden regions: 343->0(343)
[40.817s][info][gc,heap        ] GC(100) Survivor regions: 1->1(43)
[40.817s][info][gc,heap        ] GC(100) Old regions: 161->161
[40.817s][info][gc,heap        ] GC(100) Humongous regions: 12->12
[40.817s][info][gc,metaspace   ] GC(100) Metaspace: 61101K->61101K(1103872K)
[40.817s][info][gc             ] GC(100) Pause Young (Normal) (G1 Evacuation Pause) 515M->172M(577M) 3.390ms
[40.817s][info][gc,cpu         ] GC(100) User=0.01s Sys=0.00s Real=0.00s
[41.113s][info][gc,start       ] GC(101) Pause Young (Normal) (G1 Evacuation Pause)
[41.113s][info][gc,task        ] GC(101) Using 1 workers of 1 for evacuation
[41.116s][info][gc,phases      ] GC(101)   Pre Evacuate Collection Set: 0.0ms
[41.116s][info][gc,phases      ] GC(101)   Evacuate Collection Set: 1.9ms
[41.116s][info][gc,phases      ] GC(101)   Post Evacuate Collection Set: 0.3ms
[41.116s][info][gc,phases      ] GC(101)   Other: 0.3ms
[41.116s][info][gc,heap        ] GC(101) Eden regions: 343->0(343)
[41.116s][info][gc,heap        ] GC(101) Survivor regions: 1->1(43)
[41.116s][info][gc,heap        ] GC(101) Old regions: 161->161
[41.116s][info][gc,heap        ] GC(101) Humongous regions: 12->12
[41.116s][info][gc,metaspace   ] GC(101) Metaspace: 61101K->61101K(1103872K)
[41.116s][info][gc             ] GC(101) Pause Young (Normal) (G1 Evacuation Pause) 515M->172M(577M) 2.627ms
[41.116s][info][gc,cpu         ] GC(101) User=0.00s Sys=0.00s Real=0.00s
[41.527s][info][gc,heap,exit   ] Heap
[41.527s][info][gc,heap,exit   ]  garbage-first heap   total 590848K, used 417899K [0x00000000a2400000, 0x0000000100000000)
[41.527s][info][gc,heap,exit   ]   region size 1024K, 233 young (238592K), 1 survivors (1024K)
[41.527s][info][gc,heap,exit   ]  Metaspace       used 61664K, capacity 65345K, committed 65436K, reserved 1103872K
[41.527s][info][gc,heap,exit   ]   class space    used 8725K, capacity 10562K, committed 10572K, reserved 1048576K
