[0.003s][info][gc,heap] Heap region size: 1M
[0.004s][info][gc     ] Using G1
[0.004s][info][gc,heap,coops] Heap address: 0x00000000d1200000, size: 750 MB, Compressed Oops mode: 32-bit
[0.497s][info][gc,start     ] GC(0) Pause Young (Normal) (G1 Evacuation Pause)
[0.497s][info][gc,task      ] GC(0) Using 1 workers of 1 for evacuation
[0.501s][info][gc,phases    ] GC(0)   Pre Evacuate Collection Set: 0.0ms
[0.501s][info][gc,phases    ] GC(0)   Evacuate Collection Set: 4.2ms
[0.501s][info][gc,phases    ] GC(0)   Post Evacuate Collection Set: 0.1ms
[0.501s][info][gc,phases    ] GC(0)   Other: 0.2ms
[0.501s][info][gc,heap      ] GC(0) Eden regions: 6->0(5)
[0.501s][info][gc,heap      ] GC(0) Survivor regions: 0->1(1)
[0.501s][info][gc,heap      ] GC(0) Old regions: 0->2
[0.501s][info][gc,heap      ] GC(0) Humongous regions: 0->0
[0.501s][info][gc,metaspace ] GC(0) Metaspace: 2146K->2146K(1056768K)
[0.501s][info][gc           ] GC(0) Pause Young (Normal) (G1 Evacuation Pause) 6M->2M(126M) 4.636ms
[0.501s][info][gc,cpu       ] GC(0) User=0.00s Sys=0.01s Real=0.01s
[0.666s][info][gc,start     ] GC(1) Pause Young (Normal) (G1 Evacuation Pause)
[0.666s][info][gc,task      ] GC(1) Using 1 workers of 1 for evacuation
[0.668s][info][gc,phases    ] GC(1)   Pre Evacuate Collection Set: 0.0ms
[0.668s][info][gc,phases    ] GC(1)   Evacuate Collection Set: 2.4ms
[0.668s][info][gc,phases    ] GC(1)   Post Evacuate Collection Set: 0.1ms
[0.668s][info][gc,phases    ] GC(1)   Other: 0.1ms
[0.668s][info][gc,heap      ] GC(1) Eden regions: 5->0(6)
[0.668s][info][gc,heap      ] GC(1) Survivor regions: 1->1(1)
[0.668s][info][gc,heap      ] GC(1) Old regions: 2->3
[0.668s][info][gc,heap      ] GC(1) Humongous regions: 0->0
[0.668s][info][gc,metaspace ] GC(1) Metaspace: 4292K->4292K(1056768K)
[0.668s][info][gc           ] GC(1) Pause Young (Normal) (G1 Evacuation Pause) 7M->2M(126M) 2.665ms
[0.668s][info][gc,cpu       ] GC(1) User=0.01s Sys=0.00s Real=0.00s
[0.873s][info][gc,start     ] GC(2) Pause Young (Normal) (G1 Evacuation Pause)
[0.873s][info][gc,task      ] GC(2) Using 1 workers of 1 for evacuation
[0.875s][info][gc,phases    ] GC(2)   Pre Evacuate Collection Set: 0.0ms
[0.875s][info][gc,phases    ] GC(2)   Evacuate Collection Set: 1.5ms
[0.875s][info][gc,phases    ] GC(2)   Post Evacuate Collection Set: 0.1ms
[0.875s][info][gc,phases    ] GC(2)   Other: 0.2ms
[0.875s][info][gc,heap      ] GC(2) Eden regions: 6->0(13)
[0.875s][info][gc,heap      ] GC(2) Survivor regions: 1->1(1)
[0.875s][info][gc,heap      ] GC(2) Old regions: 3->3
[0.875s][info][gc,heap      ] GC(2) Humongous regions: 0->0
[0.875s][info][gc,metaspace ] GC(2) Metaspace: 6631K->6631K(1058816K)
[0.875s][info][gc           ] GC(2) Pause Young (Normal) (G1 Evacuation Pause) 8M->2M(126M) 1.894ms
[0.875s][info][gc,cpu       ] GC(2) User=0.01s Sys=0.00s Real=0.00s
[2.349s][info][gc,start     ] GC(3) Pause Young (Normal) (G1 Evacuation Pause)
[2.349s][info][gc,task      ] GC(3) Using 1 workers of 1 for evacuation
[2.352s][info][gc,phases    ] GC(3)   Pre Evacuate Collection Set: 0.0ms
[2.352s][info][gc,phases    ] GC(3)   Evacuate Collection Set: 3.1ms
[2.352s][info][gc,phases    ] GC(3)   Post Evacuate Collection Set: 0.1ms
[2.352s][info][gc,phases    ] GC(3)   Other: 0.3ms
[2.352s][info][gc,heap      ] GC(3) Eden regions: 13->0(18)
[2.352s][info][gc,heap      ] GC(3) Survivor regions: 1->2(2)
[2.352s][info][gc,heap      ] GC(3) Old regions: 3->3
[2.352s][info][gc,heap      ] GC(3) Humongous regions: 0->0
[2.352s][info][gc,metaspace ] GC(3) Metaspace: 8500K->8500K(1058816K)
[2.352s][info][gc           ] GC(3) Pause Young (Normal) (G1 Evacuation Pause) 15M->4M(126M) 3.559ms
[2.352s][info][gc,cpu       ] GC(3) User=0.00s Sys=0.00s Real=0.01s
[2.645s][info][gc,start     ] GC(4) Pause Young (Normal) (G1 Evacuation Pause)
[2.645s][info][gc,task      ] GC(4) Using 1 workers of 1 for evacuation
[2.652s][info][gc,phases    ] GC(4)   Pre Evacuate Collection Set: 0.0ms
[2.652s][info][gc,phases    ] GC(4)   Evacuate Collection Set: 6.3ms
[2.652s][info][gc,phases    ] GC(4)   Post Evacuate Collection Set: 0.2ms
[2.652s][info][gc,phases    ] GC(4)   Other: 0.2ms
[2.652s][info][gc,heap      ] GC(4) Eden regions: 18->0(20)
[2.652s][info][gc,heap      ] GC(4) Survivor regions: 2->3(3)
[2.652s][info][gc,heap      ] GC(4) Old regions: 3->10
[2.652s][info][gc,heap      ] GC(4) Humongous regions: 6->6
[2.652s][info][gc,metaspace ] GC(4) Metaspace: 12178K->12178K(1060864K)
[2.652s][info][gc           ] GC(4) Pause Young (Normal) (G1 Evacuation Pause) 27M->18M(126M) 6.843ms
[2.652s][info][gc,cpu       ] GC(4) User=0.01s Sys=0.00s Real=0.01s
[3.430s][info][gc,start     ] GC(5) Pause Young (Normal) (G1 Evacuation Pause)
[3.431s][info][gc,task      ] GC(5) Using 1 workers of 1 for evacuation
[3.438s][info][gc,phases    ] GC(5)   Pre Evacuate Collection Set: 0.0ms
[3.438s][info][gc,phases    ] GC(5)   Evacuate Collection Set: 7.1ms
[3.438s][info][gc,phases    ] GC(5)   Post Evacuate Collection Set: 0.2ms
[3.438s][info][gc,phases    ] GC(5)   Other: 0.4ms
[3.438s][info][gc,heap      ] GC(5) Eden regions: 20->0(23)
[3.438s][info][gc,heap      ] GC(5) Survivor regions: 3->3(3)
[3.438s][info][gc,heap      ] GC(5) Old regions: 10->12
[3.438s][info][gc,heap      ] GC(5) Humongous regions: 6->6
[3.438s][info][gc,metaspace ] GC(5) Metaspace: 18283K->18283K(1067008K)
[3.438s][info][gc           ] GC(5) Pause Young (Normal) (G1 Evacuation Pause) 38M->20M(126M) 7.751ms
[3.438s][info][gc,cpu       ] GC(5) User=0.00s Sys=0.00s Real=0.01s
[3.596s][info][gc,start     ] GC(6) Pause Young (Concurrent Start) (Metadata GC Threshold)
[3.596s][info][gc,task      ] GC(6) Using 1 workers of 1 for evacuation
[3.605s][info][gc,phases    ] GC(6)   Pre Evacuate Collection Set: 0.1ms
[3.605s][info][gc,phases    ] GC(6)   Evacuate Collection Set: 8.8ms
[3.605s][info][gc,phases    ] GC(6)   Post Evacuate Collection Set: 0.1ms
[3.605s][info][gc,phases    ] GC(6)   Other: 0.1ms
[3.605s][info][gc,heap      ] GC(6) Eden regions: 7->0(25)
[3.605s][info][gc,heap      ] GC(6) Survivor regions: 3->1(4)
[3.605s][info][gc,heap      ] GC(6) Old regions: 12->15
[3.605s][info][gc,heap      ] GC(6) Humongous regions: 6->6
[3.605s][info][gc,metaspace ] GC(6) Metaspace: 20140K->20140K(1067008K)
[3.605s][info][gc           ] GC(6) Pause Young (Concurrent Start) (Metadata GC Threshold) 27M->20M(126M) 9.135ms
[3.605s][info][gc,cpu       ] GC(6) User=0.01s Sys=0.00s Real=0.01s
[3.605s][info][gc           ] GC(7) Concurrent Cycle
[3.605s][info][gc,marking   ] GC(7) Concurrent Clear Claimed Marks
[3.605s][info][gc,marking   ] GC(7) Concurrent Clear Claimed Marks 0.050ms
[3.605s][info][gc,marking   ] GC(7) Concurrent Scan Root Regions
[3.606s][info][gc,marking   ] GC(7) Concurrent Scan Root Regions 0.647ms
[3.606s][info][gc,marking   ] GC(7) Concurrent Mark (3.606s)
[3.606s][info][gc,marking   ] GC(7) Concurrent Mark From Roots
[3.606s][info][gc,task      ] GC(7) Using 1 workers of 1 for marking
[3.635s][info][gc,marking   ] GC(7) Concurrent Mark From Roots 29.238ms
[3.635s][info][gc,marking   ] GC(7) Concurrent Preclean
[3.635s][info][gc,marking   ] GC(7) Concurrent Preclean 0.047ms
[3.635s][info][gc,marking   ] GC(7) Concurrent Mark (3.606s, 3.635s) 29.342ms
[3.637s][info][gc,start     ] GC(7) Pause Remark
[3.641s][info][gc,stringtable] GC(7) Cleaned string and symbol table, strings: 8002 processed, 7 removed, symbols: 40187 processed, 43 removed
[3.641s][info][gc            ] GC(7) Pause Remark 21M->21M(126M) 3.975ms
[3.641s][info][gc,cpu        ] GC(7) User=0.01s Sys=0.00s Real=0.01s
[3.641s][info][gc,marking    ] GC(7) Concurrent Rebuild Remembered Sets
[3.653s][info][gc,marking    ] GC(7) Concurrent Rebuild Remembered Sets 11.938ms
[3.653s][info][gc,start      ] GC(7) Pause Cleanup
[3.653s][info][gc            ] GC(7) Pause Cleanup 21M->21M(126M) 0.041ms
[3.653s][info][gc,cpu        ] GC(7) User=0.00s Sys=0.00s Real=0.00s
[3.653s][info][gc,marking    ] GC(7) Concurrent Cleanup for Next Mark
[3.653s][info][gc,marking    ] GC(7) Concurrent Cleanup for Next Mark 0.427ms
[3.653s][info][gc            ] GC(7) Concurrent Cycle 48.394ms
[4.410s][info][gc,start      ] GC(8) Pause Young (Normal) (G1 Evacuation Pause)
[4.411s][info][gc,task       ] GC(8) Using 1 workers of 1 for evacuation
[4.425s][info][gc,phases     ] GC(8)   Pre Evacuate Collection Set: 0.0ms
[4.425s][info][gc,phases     ] GC(8)   Evacuate Collection Set: 13.6ms
[4.425s][info][gc,phases     ] GC(8)   Post Evacuate Collection Set: 0.4ms
[4.425s][info][gc,phases     ] GC(8)   Other: 1.0ms
[4.426s][info][gc,heap       ] GC(8) Eden regions: 26->0(46)
[4.426s][info][gc,heap       ] GC(8) Survivor regions: 1->2(4)
[4.426s][info][gc,heap       ] GC(8) Old regions: 15->15
[4.426s][info][gc,heap       ] GC(8) Humongous regions: 6->6
[4.426s][info][gc,metaspace  ] GC(8) Metaspace: 25576K->25576K(1073152K)
[4.426s][info][gc            ] GC(8) Pause Young (Normal) (G1 Evacuation Pause) 46M->21M(126M) 15.131ms
[4.426s][info][gc,cpu        ] GC(8) User=0.02s Sys=0.00s Real=0.02s
[5.575s][info][gc,start      ] GC(9) Pause Young (Concurrent Start) (Metadata GC Threshold)
[5.575s][info][gc,task       ] GC(9) Using 1 workers of 1 for evacuation
[5.585s][info][gc,phases     ] GC(9)   Pre Evacuate Collection Set: 0.1ms
[5.585s][info][gc,phases     ] GC(9)   Evacuate Collection Set: 9.8ms
[5.585s][info][gc,phases     ] GC(9)   Post Evacuate Collection Set: 0.2ms
[5.585s][info][gc,phases     ] GC(9)   Other: 0.3ms
[5.585s][info][gc,heap       ] GC(9) Eden regions: 42->0(51)
[5.585s][info][gc,heap       ] GC(9) Survivor regions: 2->4(6)
[5.585s][info][gc,heap       ] GC(9) Old regions: 15->15
[5.585s][info][gc,heap       ] GC(9) Humongous regions: 6->6
[5.585s][info][gc,metaspace  ] GC(9) Metaspace: 34496K->34496K(1079296K)
[5.585s][info][gc            ] GC(9) Pause Young (Concurrent Start) (Metadata GC Threshold) 63M->24M(126M) 10.590ms
[5.585s][info][gc,cpu        ] GC(9) User=0.01s Sys=0.00s Real=0.01s
[5.585s][info][gc            ] GC(10) Concurrent Cycle
[5.585s][info][gc,marking    ] GC(10) Concurrent Clear Claimed Marks
[5.586s][info][gc,marking    ] GC(10) Concurrent Clear Claimed Marks 0.117ms
[5.586s][info][gc,marking    ] GC(10) Concurrent Scan Root Regions
[5.596s][info][gc,marking    ] GC(10) Concurrent Scan Root Regions 10.791ms
[5.596s][info][gc,marking    ] GC(10) Concurrent Mark (5.596s)
[5.596s][info][gc,marking    ] GC(10) Concurrent Mark From Roots
[5.596s][info][gc,task       ] GC(10) Using 1 workers of 1 for marking
[5.623s][info][gc,marking    ] GC(10) Concurrent Mark From Roots 26.397ms
[5.623s][info][gc,marking    ] GC(10) Concurrent Preclean
[5.623s][info][gc,marking    ] GC(10) Concurrent Preclean 0.022ms
[5.623s][info][gc,marking    ] GC(10) Concurrent Mark (5.596s, 5.623s) 26.467ms
[5.623s][info][gc,start      ] GC(10) Pause Remark
[5.629s][info][gc,stringtable] GC(10) Cleaned string and symbol table, strings: 13682 processed, 18 removed, symbols: 80098 processed, 44 removed
[5.632s][info][gc            ] GC(10) Pause Remark 24M->24M(126M) 9.288ms
[5.632s][info][gc,cpu        ] GC(10) User=0.01s Sys=0.00s Real=0.01s
[5.632s][info][gc,marking    ] GC(10) Concurrent Rebuild Remembered Sets
[5.637s][info][gc,marking    ] GC(10) Concurrent Rebuild Remembered Sets 4.575ms
[5.637s][info][gc,start      ] GC(10) Pause Cleanup
[5.637s][info][gc            ] GC(10) Pause Cleanup 24M->24M(126M) 0.037ms
[5.637s][info][gc,cpu        ] GC(10) User=0.00s Sys=0.00s Real=0.00s
[5.637s][info][gc,marking    ] GC(10) Concurrent Cleanup for Next Mark
[5.638s][info][gc,marking    ] GC(10) Concurrent Cleanup for Next Mark 0.404ms
[5.638s][info][gc            ] GC(10) Concurrent Cycle 52.107ms
[6.672s][info][gc,start      ] GC(11) Pause Young (Normal) (G1 Evacuation Pause)
[6.672s][info][gc,task       ] GC(11) Using 1 workers of 1 for evacuation
[6.720s][info][gc,phases     ] GC(11)   Pre Evacuate Collection Set: 0.0ms
[6.720s][info][gc,phases     ] GC(11)   Evacuate Collection Set: 42.4ms
[6.720s][info][gc,phases     ] GC(11)   Post Evacuate Collection Set: 5.1ms
[6.720s][info][gc,phases     ] GC(11)   Other: 0.6ms
[6.720s][info][gc,heap       ] GC(11) Eden regions: 51->0(55)
[6.720s][info][gc,heap       ] GC(11) Survivor regions: 4->7(7)
[6.720s][info][gc,heap       ] GC(11) Old regions: 15->16
[6.720s][info][gc,heap       ] GC(11) Humongous regions: 6->6
[6.720s][info][gc,metaspace  ] GC(11) Metaspace: 42873K->42873K(1087488K)
[6.720s][info][gc            ] GC(11) Pause Young (Normal) (G1 Evacuation Pause) 75M->28M(126M) 48.156ms
[6.720s][info][gc,cpu        ] GC(11) User=0.04s Sys=0.00s Real=0.05s
[6.987s][info][gc,start      ] GC(12) Pause Young (Normal) (G1 Evacuation Pause)
[6.987s][info][gc,task       ] GC(12) Using 1 workers of 1 for evacuation
[7.025s][info][gc,phases     ] GC(12)   Pre Evacuate Collection Set: 0.0ms
[7.025s][info][gc,phases     ] GC(12)   Evacuate Collection Set: 37.8ms
[7.025s][info][gc,phases     ] GC(12)   Post Evacuate Collection Set: 0.2ms
[7.025s][info][gc,phases     ] GC(12)   Other: 0.2ms
[7.025s][info][gc,heap       ] GC(12) Eden regions: 55->0(53)
[7.025s][info][gc,heap       ] GC(12) Survivor regions: 7->8(8)
[7.025s][info][gc,heap       ] GC(12) Old regions: 16->23
[7.025s][info][gc,heap       ] GC(12) Humongous regions: 6->6
[7.025s][info][gc,metaspace  ] GC(12) Metaspace: 42873K->42873K(1087488K)
[7.025s][info][gc            ] GC(12) Pause Young (Normal) (G1 Evacuation Pause) 83M->36M(126M) 38.297ms
[7.025s][info][gc,cpu        ] GC(12) User=0.04s Sys=0.00s Real=0.04s
[7.180s][info][gc,start      ] GC(13) Pause Young (Normal) (G1 Evacuation Pause)
[7.180s][info][gc,task       ] GC(13) Using 1 workers of 1 for evacuation
[7.215s][info][gc,phases     ] GC(13)   Pre Evacuate Collection Set: 0.0ms
[7.215s][info][gc,phases     ] GC(13)   Evacuate Collection Set: 35.1ms
[7.215s][info][gc,phases     ] GC(13)   Post Evacuate Collection Set: 0.2ms
[7.215s][info][gc,phases     ] GC(13)   Other: 0.2ms
[7.215s][info][gc,heap       ] GC(13) Eden regions: 53->0(48)
[7.215s][info][gc,heap       ] GC(13) Survivor regions: 8->8(8)
[7.215s][info][gc,heap       ] GC(13) Old regions: 23->32
[7.215s][info][gc,heap       ] GC(13) Humongous regions: 6->6
[7.215s][info][gc,metaspace  ] GC(13) Metaspace: 42873K->42873K(1087488K)
[7.215s][info][gc            ] GC(13) Pause Young (Normal) (G1 Evacuation Pause) 89M->46M(126M) 35.526ms
[7.215s][info][gc,cpu        ] GC(13) User=0.04s Sys=0.00s Real=0.03s
[7.303s][info][gc,start      ] GC(14) Pause Young (Normal) (G1 Evacuation Pause)
[7.303s][info][gc,task       ] GC(14) Using 1 workers of 1 for evacuation
[7.329s][info][gc,phases     ] GC(14)   Pre Evacuate Collection Set: 0.0ms
[7.329s][info][gc,phases     ] GC(14)   Evacuate Collection Set: 25.7ms
[7.329s][info][gc,phases     ] GC(14)   Post Evacuate Collection Set: 0.4ms
[7.329s][info][gc,phases     ] GC(14)   Other: 0.2ms
[7.329s][info][gc,heap       ] GC(14) Eden regions: 48->0(59)
[7.329s][info][gc,heap       ] GC(14) Survivor regions: 8->7(7)
[7.329s][info][gc,heap       ] GC(14) Old regions: 32->42
[7.329s][info][gc,heap       ] GC(14) Humongous regions: 6->6
[7.329s][info][gc,metaspace  ] GC(14) Metaspace: 42873K->42873K(1087488K)
[7.329s][info][gc            ] GC(14) Pause Young (Normal) (G1 Evacuation Pause) 94M->54M(170M) 26.416ms
[7.329s][info][gc,cpu        ] GC(14) User=0.02s Sys=0.00s Real=0.02s
[7.433s][info][gc,start      ] GC(15) Pause Young (Normal) (G1 Evacuation Pause)
[7.433s][info][gc,task       ] GC(15) Using 1 workers of 1 for evacuation
[7.467s][info][gc,phases     ] GC(15)   Pre Evacuate Collection Set: 0.0ms
[7.467s][info][gc,phases     ] GC(15)   Evacuate Collection Set: 34.1ms
[7.467s][info][gc,phases     ] GC(15)   Post Evacuate Collection Set: 0.2ms
[7.467s][info][gc,phases     ] GC(15)   Other: 0.2ms
[7.467s][info][gc,heap       ] GC(15) Eden regions: 59->0(57)
[7.467s][info][gc,heap       ] GC(15) Survivor regions: 7->9(9)
[7.467s][info][gc,heap       ] GC(15) Old regions: 42->50
[7.467s][info][gc,heap       ] GC(15) Humongous regions: 6->6
[7.467s][info][gc,metaspace  ] GC(15) Metaspace: 42873K->42873K(1087488K)
[7.467s][info][gc            ] GC(15) Pause Young (Normal) (G1 Evacuation Pause) 113M->64M(170M) 34.542ms
[7.467s][info][gc,cpu        ] GC(15) User=0.03s Sys=0.01s Real=0.03s
[7.520s][info][gc,start      ] GC(16) Pause Young (Normal) (G1 Evacuation Pause)
[7.520s][info][gc,task       ] GC(16) Using 1 workers of 1 for evacuation
[7.546s][info][gc,phases     ] GC(16)   Pre Evacuate Collection Set: 0.0ms
[7.546s][info][gc,phases     ] GC(16)   Evacuate Collection Set: 24.9ms
[7.546s][info][gc,phases     ] GC(16)   Post Evacuate Collection Set: 0.2ms
[7.546s][info][gc,phases     ] GC(16)   Other: 0.2ms
[7.546s][info][gc,heap       ] GC(16) Eden regions: 57->0(53)
[7.546s][info][gc,heap       ] GC(16) Survivor regions: 9->9(9)
[7.546s][info][gc,heap       ] GC(16) Old regions: 50->60
[7.546s][info][gc,heap       ] GC(16) Humongous regions: 6->6
[7.546s][info][gc,metaspace  ] GC(16) Metaspace: 42873K->42873K(1087488K)
[7.546s][info][gc            ] GC(16) Pause Young (Normal) (G1 Evacuation Pause) 121M->74M(170M) 25.299ms
[7.546s][info][gc,cpu        ] GC(16) User=0.03s Sys=0.00s Real=0.02s
[7.597s][info][gc,start      ] GC(17) Pause Young (Normal) (G1 Evacuation Pause)
[7.597s][info][gc,task       ] GC(17) Using 1 workers of 1 for evacuation
[7.621s][info][gc,phases     ] GC(17)   Pre Evacuate Collection Set: 0.0ms
[7.621s][info][gc,phases     ] GC(17)   Evacuate Collection Set: 24.4ms
[7.621s][info][gc,phases     ] GC(17)   Post Evacuate Collection Set: 0.2ms
[7.621s][info][gc,phases     ] GC(17)   Other: 0.1ms
[7.621s][info][gc,heap       ] GC(17) Eden regions: 53->0(48)
[7.621s][info][gc,heap       ] GC(17) Survivor regions: 9->8(8)
[7.621s][info][gc,heap       ] GC(17) Old regions: 60->70
[7.621s][info][gc,heap       ] GC(17) Humongous regions: 6->6
[7.621s][info][gc,metaspace  ] GC(17) Metaspace: 42873K->42873K(1087488K)
[7.621s][info][gc            ] GC(17) Pause Young (Normal) (G1 Evacuation Pause) 127M->83M(170M) 24.783ms
[7.621s][info][gc,cpu        ] GC(17) User=0.02s Sys=0.00s Real=0.03s
[7.666s][info][gc,start      ] GC(18) Pause Young (Normal) (G1 Evacuation Pause)
[7.666s][info][gc,task       ] GC(18) Using 1 workers of 1 for evacuation
[7.689s][info][gc,phases     ] GC(18)   Pre Evacuate Collection Set: 0.0ms
[7.689s][info][gc,phases     ] GC(18)   Evacuate Collection Set: 22.4ms
[7.689s][info][gc,phases     ] GC(18)   Post Evacuate Collection Set: 0.3ms
[7.689s][info][gc,phases     ] GC(18)   Other: 0.1ms
[7.689s][info][gc,heap       ] GC(18) Eden regions: 48->0(55)
[7.689s][info][gc,heap       ] GC(18) Survivor regions: 8->7(7)
[7.689s][info][gc,heap       ] GC(18) Old regions: 70->79
[7.689s][info][gc,heap       ] GC(18) Humongous regions: 6->6
[7.689s][info][gc,metaspace  ] GC(18) Metaspace: 42873K->42873K(1087488K)
[7.689s][info][gc            ] GC(18) Pause Young (Normal) (G1 Evacuation Pause) 131M->92M(200M) 22.961ms
[7.689s][info][gc,cpu        ] GC(18) User=0.02s Sys=0.00s Real=0.02s
[7.746s][info][gc,start      ] GC(19) Pause Young (Normal) (G1 Evacuation Pause)
[7.746s][info][gc,task       ] GC(19) Using 1 workers of 1 for evacuation
[7.769s][info][gc,phases     ] GC(19)   Pre Evacuate Collection Set: 0.0ms
[7.769s][info][gc,phases     ] GC(19)   Evacuate Collection Set: 22.9ms
[7.769s][info][gc,phases     ] GC(19)   Post Evacuate Collection Set: 0.2ms
[7.769s][info][gc,phases     ] GC(19)   Other: 0.2ms
[7.769s][info][gc,heap       ] GC(19) Eden regions: 55->0(52)
[7.769s][info][gc,heap       ] GC(19) Survivor regions: 7->8(8)
[7.769s][info][gc,heap       ] GC(19) Old regions: 79->88
[7.769s][info][gc,heap       ] GC(19) Humongous regions: 6->6
[7.769s][info][gc,metaspace  ] GC(19) Metaspace: 42873K->42873K(1087488K)
[7.769s][info][gc            ] GC(19) Pause Young (Normal) (G1 Evacuation Pause) 147M->101M(200M) 23.303ms
[7.769s][info][gc,cpu        ] GC(19) User=0.02s Sys=0.00s Real=0.02s
[7.817s][info][gc,start      ] GC(20) Pause Young (Concurrent Start) (G1 Evacuation Pause)
[7.817s][info][gc,task       ] GC(20) Using 1 workers of 1 for evacuation
[7.841s][info][gc,phases     ] GC(20)   Pre Evacuate Collection Set: 0.1ms
[7.841s][info][gc,phases     ] GC(20)   Evacuate Collection Set: 23.4ms
[7.841s][info][gc,phases     ] GC(20)   Post Evacuate Collection Set: 0.2ms
[7.841s][info][gc,phases     ] GC(20)   Other: 0.1ms
[7.841s][info][gc,heap       ] GC(20) Eden regions: 52->0(48)
[7.841s][info][gc,heap       ] GC(20) Survivor regions: 8->8(8)
[7.841s][info][gc,heap       ] GC(20) Old regions: 88->97
[7.841s][info][gc,heap       ] GC(20) Humongous regions: 6->6
[7.841s][info][gc,metaspace  ] GC(20) Metaspace: 42873K->42873K(1087488K)
[7.841s][info][gc            ] GC(20) Pause Young (Concurrent Start) (G1 Evacuation Pause) 153M->110M(200M) 23.900ms
[7.841s][info][gc,cpu        ] GC(20) User=0.02s Sys=0.00s Real=0.03s
[7.841s][info][gc            ] GC(21) Concurrent Cycle
[7.841s][info][gc,marking    ] GC(21) Concurrent Clear Claimed Marks
[7.841s][info][gc,marking    ] GC(21) Concurrent Clear Claimed Marks 0.134ms
[7.841s][info][gc,marking    ] GC(21) Concurrent Scan Root Regions
[7.845s][info][gc,marking    ] GC(21) Concurrent Scan Root Regions 3.475ms
[7.845s][info][gc,marking    ] GC(21) Concurrent Mark (7.845s)
[7.845s][info][gc,marking    ] GC(21) Concurrent Mark From Roots
[7.845s][info][gc,task       ] GC(21) Using 1 workers of 1 for marking
[7.960s][info][gc,start      ] GC(22) Pause Young (Normal) (G1 Evacuation Pause)
[7.960s][info][gc,task       ] GC(22) Using 1 workers of 1 for evacuation
[7.982s][info][gc,phases     ] GC(22)   Pre Evacuate Collection Set: 0.0ms
[7.982s][info][gc,phases     ] GC(22)   Evacuate Collection Set: 21.6ms
[7.982s][info][gc,phases     ] GC(22)   Post Evacuate Collection Set: 0.2ms
[7.982s][info][gc,phases     ] GC(22)   Other: 0.2ms
[7.982s][info][gc,heap       ] GC(22) Eden regions: 48->0(43)
[7.982s][info][gc,heap       ] GC(22) Survivor regions: 8->7(7)
[7.982s][info][gc,heap       ] GC(22) Old regions: 97->106
[7.982s][info][gc,heap       ] GC(22) Humongous regions: 6->6
[7.982s][info][gc,metaspace  ] GC(22) Metaspace: 42873K->42873K(1087488K)
[7.982s][info][gc            ] GC(22) Pause Young (Normal) (G1 Evacuation Pause) 158M->119M(200M) 22.049ms
[7.982s][info][gc,cpu        ] GC(22) User=0.02s Sys=0.00s Real=0.02s
[8.050s][info][gc,marking    ] GC(21) Concurrent Mark From Roots 204.995ms
[8.050s][info][gc,marking    ] GC(21) Concurrent Preclean
[8.050s][info][gc,marking    ] GC(21) Concurrent Preclean 0.070ms
[8.050s][info][gc,marking    ] GC(21) Concurrent Mark (7.845s, 8.050s) 205.134ms
[8.052s][info][gc,start      ] GC(21) Pause Remark
[8.060s][info][gc,stringtable] GC(21) Cleaned string and symbol table, strings: 16365 processed, 215 removed, symbols: 102119 processed, 16 removed
[8.060s][info][gc            ] GC(21) Pause Remark 152M->152M(200M) 7.650ms
[8.060s][info][gc,cpu        ] GC(21) User=0.01s Sys=0.00s Real=0.01s
[8.061s][info][gc,marking    ] GC(21) Concurrent Rebuild Remembered Sets
[8.334s][info][gc,marking    ] GC(21) Concurrent Rebuild Remembered Sets 273.322ms
[8.334s][info][gc,start      ] GC(21) Pause Cleanup
[8.335s][info][gc            ] GC(21) Pause Cleanup 161M->161M(200M) 0.080ms
[8.335s][info][gc,cpu        ] GC(21) User=0.00s Sys=0.00s Real=0.00s
[8.335s][info][gc,marking    ] GC(21) Concurrent Cleanup for Next Mark
[8.352s][info][gc,marking    ] GC(21) Concurrent Cleanup for Next Mark 17.259ms
[8.352s][info][gc            ] GC(21) Concurrent Cycle 510.652ms
[8.410s][info][gc,start      ] GC(23) Pause Young (Normal) (G1 Evacuation Pause)
[8.410s][info][gc,task       ] GC(23) Using 1 workers of 1 for evacuation
[8.431s][info][gc,phases     ] GC(23)   Pre Evacuate Collection Set: 0.0ms
[8.431s][info][gc,phases     ] GC(23)   Evacuate Collection Set: 20.0ms
[8.431s][info][gc,phases     ] GC(23)   Post Evacuate Collection Set: 0.6ms
[8.431s][info][gc,phases     ] GC(23)   Other: 0.1ms
[8.431s][info][gc,heap       ] GC(23) Eden regions: 43->0(66)
[8.431s][info][gc,heap       ] GC(23) Survivor regions: 7->7(7)
[8.431s][info][gc,heap       ] GC(23) Old regions: 106->114
[8.431s][info][gc,heap       ] GC(23) Humongous regions: 6->6
[8.431s][info][gc,metaspace  ] GC(23) Metaspace: 43099K->43099K(1087488K)
[8.431s][info][gc            ] GC(23) Pause Young (Normal) (G1 Evacuation Pause) 162M->126M(286M) 20.791ms
[8.431s][info][gc,cpu        ] GC(23) User=0.02s Sys=0.00s Real=0.02s
[9.399s][info][gc,task       ] GC(24) Using 1 workers of 1 for full compaction
[9.399s][info][gc,start      ] GC(24) Pause Full (System.gc())
[9.400s][info][gc,phases,start] GC(24) Phase 1: Mark live objects
[9.448s][info][gc,stringtable ] GC(24) Cleaned string and symbol table, strings: 17939 processed, 214 removed, symbols: 113905 processed, 16 removed
[9.448s][info][gc,phases      ] GC(24) Phase 1: Mark live objects 48.750ms
[9.449s][info][gc,phases,start] GC(24) Phase 2: Prepare for compaction
[9.455s][info][gc,phases      ] GC(24) Phase 2: Prepare for compaction 6.721ms
[9.455s][info][gc,phases,start] GC(24) Phase 3: Adjust pointers
[9.484s][info][gc,phases      ] GC(24) Phase 3: Adjust pointers 28.900ms
[9.484s][info][gc,phases,start] GC(24) Phase 4: Compact heap
[9.490s][info][gc,phases      ] GC(24) Phase 4: Compact heap 5.852ms
[9.502s][info][gc,heap        ] GC(24) Eden regions: 34->0(38)
[9.507s][info][gc,heap        ] GC(24) Survivor regions: 7->0(7)
[9.507s][info][gc,heap        ] GC(24) Old regions: 114->21
[9.507s][info][gc,heap        ] GC(24) Humongous regions: 11->6
[9.508s][info][gc,metaspace   ] GC(24) Metaspace: 49289K->49289K(1093632K)
[9.508s][info][gc             ] GC(24) Pause Full (System.gc()) 165M->24M(90M) 108.068ms
[9.508s][info][gc,cpu         ] GC(24) User=0.11s Sys=0.00s Real=0.10s
[10.637s][info][gc,start       ] GC(25) Pause Young (Normal) (G1 Evacuation Pause)
[10.638s][info][gc,task        ] GC(25) Using 1 workers of 1 for evacuation
[10.646s][info][gc,phases      ] GC(25)   Pre Evacuate Collection Set: 0.0ms
[10.646s][info][gc,phases      ] GC(25)   Evacuate Collection Set: 8.0ms
[10.646s][info][gc,phases      ] GC(25)   Post Evacuate Collection Set: 0.4ms
[10.646s][info][gc,phases      ] GC(25)   Other: 0.3ms
[10.646s][info][gc,heap        ] GC(25) Eden regions: 38->0(37)
[10.646s][info][gc,heap        ] GC(25) Survivor regions: 0->3(5)
[10.646s][info][gc,heap        ] GC(25) Old regions: 21->21
[10.646s][info][gc,heap        ] GC(25) Humongous regions: 11->6
[10.646s][info][gc,metaspace   ] GC(25) Metaspace: 55235K->55235K(1097728K)
[10.646s][info][gc             ] GC(25) Pause Young (Normal) (G1 Evacuation Pause) 67M->27M(90M) 8.932ms
[10.646s][info][gc,cpu         ] GC(25) User=0.01s Sys=0.00s Real=0.01s
[10.952s][info][gc,start       ] GC(26) Pause Young (Normal) (G1 Evacuation Pause)
[10.952s][info][gc,task        ] GC(26) Using 1 workers of 1 for evacuation
[10.962s][info][gc,phases      ] GC(26)   Pre Evacuate Collection Set: 0.0ms
[10.962s][info][gc,phases      ] GC(26)   Evacuate Collection Set: 9.1ms
[10.962s][info][gc,phases      ] GC(26)   Post Evacuate Collection Set: 0.3ms
[10.962s][info][gc,phases      ] GC(26)   Other: 0.2ms
[10.962s][info][gc,heap        ] GC(26) Eden regions: 37->0(37)
[10.962s][info][gc,heap        ] GC(26) Survivor regions: 3->5(5)
[10.962s][info][gc,heap        ] GC(26) Old regions: 21->21
[10.962s][info][gc,heap        ] GC(26) Humongous regions: 6->6
[10.962s][info][gc,metaspace   ] GC(26) Metaspace: 55272K->55272K(1099776K)
[10.962s][info][gc             ] GC(26) Pause Young (Normal) (G1 Evacuation Pause) 64M->29M(90M) 9.690ms
[10.962s][info][gc,cpu         ] GC(26) User=0.01s Sys=0.00s Real=0.01s
[11.119s][info][gc,start       ] GC(27) Pause Young (Normal) (G1 Evacuation Pause)
[11.119s][info][gc,task        ] GC(27) Using 1 workers of 1 for evacuation
[11.140s][info][gc,phases      ] GC(27)   Pre Evacuate Collection Set: 0.0ms
[11.140s][info][gc,phases      ] GC(27)   Evacuate Collection Set: 20.0ms
[11.140s][info][gc,phases      ] GC(27)   Post Evacuate Collection Set: 0.3ms
[11.140s][info][gc,phases      ] GC(27)   Other: 0.2ms
[11.140s][info][gc,heap        ] GC(27) Eden regions: 37->0(36)
[11.140s][info][gc,heap        ] GC(27) Survivor regions: 5->5(6)
[11.140s][info][gc,heap        ] GC(27) Old regions: 21->24
[11.140s][info][gc,heap        ] GC(27) Humongous regions: 6->6
[11.140s][info][gc,metaspace   ] GC(27) Metaspace: 55275K->55275K(1099776K)
[11.140s][info][gc             ] GC(27) Pause Young (Normal) (G1 Evacuation Pause) 66M->31M(90M) 20.510ms
[11.140s][info][gc,cpu         ] GC(27) User=0.02s Sys=0.00s Real=0.02s
[11.260s][info][gc,start       ] GC(28) Pause Young (Normal) (G1 Evacuation Pause)
[11.260s][info][gc,task        ] GC(28) Using 1 workers of 1 for evacuation
[11.273s][info][gc,phases      ] GC(28)   Pre Evacuate Collection Set: 0.0ms
[11.273s][info][gc,phases      ] GC(28)   Evacuate Collection Set: 12.2ms
[11.273s][info][gc,phases      ] GC(28)   Post Evacuate Collection Set: 0.4ms
[11.273s][info][gc,phases      ] GC(28)   Other: 0.2ms
[11.273s][info][gc,heap        ] GC(28) Eden regions: 36->0(58)
[11.273s][info][gc,heap        ] GC(28) Survivor regions: 5->6(6)
[11.273s][info][gc,heap        ] GC(28) Old regions: 24->26
[11.273s][info][gc,heap        ] GC(28) Humongous regions: 7->7
[11.273s][info][gc,metaspace   ] GC(28) Metaspace: 55308K->55308K(1099776K)
[11.273s][info][gc             ] GC(28) Pause Young (Normal) (G1 Evacuation Pause) 68M->35M(144M) 12.901ms
[11.273s][info][gc,cpu         ] GC(28) User=0.01s Sys=0.00s Real=0.01s
[11.471s][info][gc,start       ] GC(29) Pause Young (Normal) (G1 Evacuation Pause)
[11.471s][info][gc,task        ] GC(29) Using 1 workers of 1 for evacuation
[11.488s][info][gc,phases      ] GC(29)   Pre Evacuate Collection Set: 0.0ms
[11.489s][info][gc,phases      ] GC(29)   Evacuate Collection Set: 17.3ms
[11.489s][info][gc,phases      ] GC(29)   Post Evacuate Collection Set: 0.2ms
[11.489s][info][gc,phases      ] GC(29)   Other: 0.3ms
[11.489s][info][gc,heap        ] GC(29) Eden regions: 58->0(58)
[11.489s][info][gc,heap        ] GC(29) Survivor regions: 6->8(8)
[11.489s][info][gc,heap        ] GC(29) Old regions: 26->28
[11.489s][info][gc,heap        ] GC(29) Humongous regions: 7->7
[11.489s][info][gc,metaspace   ] GC(29) Metaspace: 55316K->55316K(1099776K)
[11.489s][info][gc             ] GC(29) Pause Young (Normal) (G1 Evacuation Pause) 93M->40M(144M) 17.845ms
[11.489s][info][gc,cpu         ] GC(29) User=0.02s Sys=0.00s Real=0.02s
[11.587s][info][gc,start       ] GC(30) Pause Young (Normal) (G1 Evacuation Pause)
[11.587s][info][gc,task        ] GC(30) Using 1 workers of 1 for evacuation
[11.609s][info][gc,phases      ] GC(30)   Pre Evacuate Collection Set: 0.0ms
[11.609s][info][gc,phases      ] GC(30)   Evacuate Collection Set: 21.3ms
[11.609s][info][gc,phases      ] GC(30)   Post Evacuate Collection Set: 0.2ms
[11.609s][info][gc,phases      ] GC(30)   Other: 0.1ms
[11.609s][info][gc,heap        ] GC(30) Eden regions: 58->0(56)
[11.609s][info][gc,heap        ] GC(30) Survivor regions: 8->5(9)
[11.609s][info][gc,heap        ] GC(30) Old regions: 28->36
[11.609s][info][gc,heap        ] GC(30) Humongous regions: 9->9
[11.609s][info][gc,metaspace   ] GC(30) Metaspace: 55317K->55317K(1099776K)
[11.609s][info][gc             ] GC(30) Pause Young (Normal) (G1 Evacuation Pause) 100M->47M(144M) 21.701ms
[11.609s][info][gc,cpu         ] GC(30) User=0.02s Sys=0.00s Real=0.02s
[11.672s][info][gc,start       ] GC(31) Pause Young (Normal) (G1 Evacuation Pause)
[11.672s][info][gc,task        ] GC(31) Using 1 workers of 1 for evacuation
[11.689s][info][gc,phases      ] GC(31)   Pre Evacuate Collection Set: 0.0ms
[11.689s][info][gc,phases      ] GC(31)   Evacuate Collection Set: 16.0ms
[11.689s][info][gc,phases      ] GC(31)   Post Evacuate Collection Set: 0.2ms
[11.689s][info][gc,phases      ] GC(31)   Other: 0.1ms
[11.689s][info][gc,heap        ] GC(31) Eden regions: 56->0(55)
[11.689s][info][gc,heap        ] GC(31) Survivor regions: 5->5(8)
[11.689s][info][gc,heap        ] GC(31) Old regions: 36->41
[11.689s][info][gc,heap        ] GC(31) Humongous regions: 9->9
[11.689s][info][gc,metaspace   ] GC(31) Metaspace: 55323K->55323K(1099776K)
[11.689s][info][gc             ] GC(31) Pause Young (Normal) (G1 Evacuation Pause) 103M->52M(144M) 16.471ms
[11.689s][info][gc,cpu         ] GC(31) User=0.01s Sys=0.00s Real=0.01s
[11.727s][info][gc,start       ] GC(32) Pause Young (Normal) (G1 Evacuation Pause)
[11.727s][info][gc,task        ] GC(32) Using 1 workers of 1 for evacuation
[11.745s][info][gc,phases      ] GC(32)   Pre Evacuate Collection Set: 0.0ms
[11.745s][info][gc,phases      ] GC(32)   Evacuate Collection Set: 17.5ms
[11.745s][info][gc,phases      ] GC(32)   Post Evacuate Collection Set: 0.3ms
[11.745s][info][gc,phases      ] GC(32)   Other: 0.1ms
[11.745s][info][gc,heap        ] GC(32) Eden regions: 55->0(61)
[11.745s][info][gc,heap        ] GC(32) Survivor regions: 5->5(8)
[11.745s][info][gc,heap        ] GC(32) Old regions: 41->46
[11.745s][info][gc,heap        ] GC(32) Humongous regions: 12->12
[11.745s][info][gc,metaspace   ] GC(32) Metaspace: 55341K->55341K(1099776K)
[11.745s][info][gc             ] GC(32) Pause Young (Normal) (G1 Evacuation Pause) 110M->60M(169M) 18.095ms
[11.745s][info][gc,cpu         ] GC(32) User=0.01s Sys=0.00s Real=0.02s
[11.786s][info][gc,start       ] GC(33) Pause Young (Normal) (G1 Evacuation Pause)
[11.786s][info][gc,task        ] GC(33) Using 1 workers of 1 for evacuation
[11.803s][info][gc,phases      ] GC(33)   Pre Evacuate Collection Set: 0.0ms
[11.803s][info][gc,phases      ] GC(33)   Evacuate Collection Set: 16.9ms
[11.803s][info][gc,phases      ] GC(33)   Post Evacuate Collection Set: 0.2ms
[11.803s][info][gc,phases      ] GC(33)   Other: 0.1ms
[11.803s][info][gc,heap        ] GC(33) Eden regions: 61->0(60)
[11.803s][info][gc,heap        ] GC(33) Survivor regions: 5->6(9)
[11.803s][info][gc,heap        ] GC(33) Old regions: 46->51
[11.803s][info][gc,heap        ] GC(33) Humongous regions: 12->12
[11.803s][info][gc,metaspace   ] GC(33) Metaspace: 55342K->55342K(1099776K)
[11.803s][info][gc             ] GC(33) Pause Young (Normal) (G1 Evacuation Pause) 121M->66M(169M) 17.321ms
[11.803s][info][gc,cpu         ] GC(33) User=0.02s Sys=0.00s Real=0.02s
[11.837s][info][gc,start       ] GC(34) Pause Young (Normal) (G1 Evacuation Pause)
[11.837s][info][gc,task        ] GC(34) Using 1 workers of 1 for evacuation
[11.854s][info][gc,phases      ] GC(34)   Pre Evacuate Collection Set: 0.0ms
[11.854s][info][gc,phases      ] GC(34)   Evacuate Collection Set: 17.2ms
[11.854s][info][gc,phases      ] GC(34)   Post Evacuate Collection Set: 0.2ms
[11.854s][info][gc,phases      ] GC(34)   Other: 0.1ms
[11.854s][info][gc,heap        ] GC(34) Eden regions: 60->0(58)
[11.854s][info][gc,heap        ] GC(34) Survivor regions: 6->6(9)
[11.854s][info][gc,heap        ] GC(34) Old regions: 51->57
[11.854s][info][gc,heap        ] GC(34) Humongous regions: 12->12
[11.854s][info][gc,metaspace   ] GC(34) Metaspace: 55343K->55343K(1099776K)
[11.854s][info][gc             ] GC(34) Pause Young (Normal) (G1 Evacuation Pause) 126M->71M(169M) 17.607ms
[11.854s][info][gc,cpu         ] GC(34) User=0.01s Sys=0.00s Real=0.02s
[11.885s][info][gc,start       ] GC(35) Pause Young (Normal) (G1 Evacuation Pause)
[11.885s][info][gc,task        ] GC(35) Using 1 workers of 1 for evacuation
[11.903s][info][gc,phases      ] GC(35)   Pre Evacuate Collection Set: 0.0ms
[11.903s][info][gc,phases      ] GC(35)   Evacuate Collection Set: 17.1ms
[11.903s][info][gc,phases      ] GC(35)   Post Evacuate Collection Set: 0.2ms
[11.903s][info][gc,phases      ] GC(35)   Other: 0.1ms
[11.903s][info][gc,heap        ] GC(35) Eden regions: 58->0(57)
[11.903s][info][gc,heap        ] GC(35) Survivor regions: 6->5(8)
[11.903s][info][gc,heap        ] GC(35) Old regions: 57->62
[11.903s][info][gc,heap        ] GC(35) Humongous regions: 12->12
[11.903s][info][gc,metaspace   ] GC(35) Metaspace: 55343K->55343K(1099776K)
[11.903s][info][gc             ] GC(35) Pause Young (Normal) (G1 Evacuation Pause) 129M->76M(169M) 17.570ms
[11.903s][info][gc,cpu         ] GC(35) User=0.02s Sys=0.00s Real=0.02s
[11.932s][info][gc,start       ] GC(36) Pause Young (Normal) (G1 Evacuation Pause)
[11.933s][info][gc,task        ] GC(36) Using 1 workers of 1 for evacuation
[11.949s][info][gc,phases      ] GC(36)   Pre Evacuate Collection Set: 0.0ms
[11.949s][info][gc,phases      ] GC(36)   Evacuate Collection Set: 16.3ms
[11.949s][info][gc,phases      ] GC(36)   Post Evacuate Collection Set: 0.5ms
[11.949s][info][gc,phases      ] GC(36)   Other: 0.1ms
[11.949s][info][gc,heap        ] GC(36) Eden regions: 57->0(79)
[11.949s][info][gc,heap        ] GC(36) Survivor regions: 5->5(8)
[11.949s][info][gc,heap        ] GC(36) Old regions: 62->67
[11.949s][info][gc,heap        ] GC(36) Humongous regions: 12->12
[11.949s][info][gc,metaspace   ] GC(36) Metaspace: 55343K->55343K(1099776K)
[11.949s][info][gc             ] GC(36) Pause Young (Normal) (G1 Evacuation Pause) 133M->81M(235M) 16.987ms
[11.949s][info][gc,cpu         ] GC(36) User=0.02s Sys=0.00s Real=0.01s
[12.016s][info][gc,start       ] GC(37) Pause Young (Normal) (G1 Evacuation Pause)
[12.016s][info][gc,task        ] GC(37) Using 1 workers of 1 for evacuation
[12.039s][info][gc,phases      ] GC(37)   Pre Evacuate Collection Set: 0.0ms
[12.039s][info][gc,phases      ] GC(37)   Evacuate Collection Set: 23.0ms
[12.039s][info][gc,phases      ] GC(37)   Post Evacuate Collection Set: 0.2ms
[12.039s][info][gc,phases      ] GC(37)   Other: 0.2ms
[12.039s][info][gc,heap        ] GC(37) Eden regions: 79->0(81)
[12.039s][info][gc,heap        ] GC(37) Survivor regions: 5->11(11)
[12.039s][info][gc,heap        ] GC(37) Old regions: 67->68
[12.039s][info][gc,heap        ] GC(37) Humongous regions: 17->17
[12.039s][info][gc,metaspace   ] GC(37) Metaspace: 55343K->55343K(1099776K)
[12.039s][info][gc             ] GC(37) Pause Young (Normal) (G1 Evacuation Pause) 165M->93M(235M) 23.468ms
[12.039s][info][gc,cpu         ] GC(37) User=0.02s Sys=0.00s Real=0.02s
[12.094s][info][gc,start       ] GC(38) Pause Young (Normal) (G1 Evacuation Pause)
[12.094s][info][gc,task        ] GC(38) Using 1 workers of 1 for evacuation
[12.134s][info][gc,phases      ] GC(38)   Pre Evacuate Collection Set: 0.0ms
[12.134s][info][gc,phases      ] GC(38)   Evacuate Collection Set: 39.1ms
[12.134s][info][gc,phases      ] GC(38)   Post Evacuate Collection Set: 0.2ms
[12.134s][info][gc,phases      ] GC(38)   Other: 0.2ms
[12.134s][info][gc,heap        ] GC(38) Eden regions: 81->0(80)
[12.134s][info][gc,heap        ] GC(38) Survivor regions: 11->7(12)
[12.134s][info][gc,heap        ] GC(38) Old regions: 68->79
[12.134s][info][gc,heap        ] GC(38) Humongous regions: 17->17
[12.134s][info][gc,metaspace   ] GC(38) Metaspace: 55343K->55343K(1099776K)
[12.134s][info][gc             ] GC(38) Pause Young (Normal) (G1 Evacuation Pause) 174M->100M(235M) 39.573ms
[12.134s][info][gc,cpu         ] GC(38) User=0.04s Sys=0.00s Real=0.04s
[12.178s][info][gc,start       ] GC(39) Pause Young (Normal) (G1 Evacuation Pause)
[12.178s][info][gc,task        ] GC(39) Using 1 workers of 1 for evacuation
[12.201s][info][gc,phases      ] GC(39)   Pre Evacuate Collection Set: 0.0ms
[12.201s][info][gc,phases      ] GC(39)   Evacuate Collection Set: 22.7ms
[12.201s][info][gc,phases      ] GC(39)   Post Evacuate Collection Set: 0.2ms
[12.201s][info][gc,phases      ] GC(39)   Other: 0.1ms
[12.201s][info][gc,heap        ] GC(39) Eden regions: 80->0(79)
[12.201s][info][gc,heap        ] GC(39) Survivor regions: 7->7(11)
[12.201s][info][gc,heap        ] GC(39) Old regions: 79->86
[12.201s][info][gc,heap        ] GC(39) Humongous regions: 17->17
[12.201s][info][gc,metaspace   ] GC(39) Metaspace: 55343K->55343K(1099776K)
[12.201s][info][gc             ] GC(39) Pause Young (Normal) (G1 Evacuation Pause) 180M->107M(235M) 23.150ms
[12.201s][info][gc,cpu         ] GC(39) User=0.02s Sys=0.00s Real=0.03s
[12.257s][info][gc,start       ] GC(40) Pause Young (Normal) (G1 Evacuation Pause)
[12.257s][info][gc,task        ] GC(40) Using 1 workers of 1 for evacuation
[12.282s][info][gc,phases      ] GC(40)   Pre Evacuate Collection Set: 0.0ms
[12.282s][info][gc,phases      ] GC(40)   Evacuate Collection Set: 23.9ms
[12.282s][info][gc,phases      ] GC(40)   Post Evacuate Collection Set: 1.0ms
[12.282s][info][gc,phases      ] GC(40)   Other: 0.2ms
[12.282s][info][gc,heap        ] GC(40) Eden regions: 79->0(132)
[12.282s][info][gc,heap        ] GC(40) Survivor regions: 7->7(11)
[12.282s][info][gc,heap        ] GC(40) Old regions: 86->93
[12.282s][info][gc,heap        ] GC(40) Humongous regions: 17->17
[12.282s][info][gc,metaspace   ] GC(40) Metaspace: 55359K->55359K(1099776K)
[12.282s][info][gc             ] GC(40) Pause Young (Normal) (G1 Evacuation Pause) 186M->114M(431M) 25.301ms
[12.282s][info][gc,cpu         ] GC(40) User=0.02s Sys=0.00s Real=0.03s
[12.380s][info][gc,start       ] GC(41) Pause Young (Normal) (G1 Evacuation Pause)
[12.380s][info][gc,task        ] GC(41) Using 1 workers of 1 for evacuation
[12.416s][info][gc,phases      ] GC(41)   Pre Evacuate Collection Set: 0.0ms
[12.416s][info][gc,phases      ] GC(41)   Evacuate Collection Set: 35.8ms
[12.416s][info][gc,phases      ] GC(41)   Post Evacuate Collection Set: 0.2ms
[12.416s][info][gc,phases      ] GC(41)   Other: 0.2ms
[12.416s][info][gc,heap        ] GC(41) Eden regions: 132->0(158)
[12.416s][info][gc,heap        ] GC(41) Survivor regions: 7->18(18)
[12.416s][info][gc,heap        ] GC(41) Old regions: 93->94
[12.416s][info][gc,heap        ] GC(41) Humongous regions: 17->17
[12.416s][info][gc,metaspace   ] GC(41) Metaspace: 55359K->55359K(1099776K)
[12.416s][info][gc             ] GC(41) Pause Young (Normal) (G1 Evacuation Pause) 246M->126M(431M) 36.281ms
[12.416s][info][gc,cpu         ] GC(41) User=0.04s Sys=0.00s Real=0.03s
[12.514s][info][gc,start       ] GC(42) Pause Young (Normal) (G1 Evacuation Pause)
[12.514s][info][gc,task        ] GC(42) Using 1 workers of 1 for evacuation
[12.573s][info][gc,phases      ] GC(42)   Pre Evacuate Collection Set: 0.0ms
[12.573s][info][gc,phases      ] GC(42)   Evacuate Collection Set: 58.5ms
[12.573s][info][gc,phases      ] GC(42)   Post Evacuate Collection Set: 0.3ms
[12.573s][info][gc,phases      ] GC(42)   Other: 0.2ms
[12.573s][info][gc,heap        ] GC(42) Eden regions: 158->0(166)
[12.573s][info][gc,heap        ] GC(42) Survivor regions: 18->14(22)
[12.573s][info][gc,heap        ] GC(42) Old regions: 94->112
[12.573s][info][gc,heap        ] GC(42) Humongous regions: 26->26
[12.573s][info][gc,metaspace   ] GC(42) Metaspace: 55359K->55359K(1099776K)
[12.573s][info][gc             ] GC(42) Pause Young (Normal) (G1 Evacuation Pause) 293M->149M(431M) 59.035ms
[12.573s][info][gc,cpu         ] GC(42) User=0.06s Sys=0.00s Real=0.06s
[12.661s][info][gc,start       ] GC(43) Pause Young (Normal) (G1 Evacuation Pause)
[12.661s][info][gc,task        ] GC(43) Using 1 workers of 1 for evacuation
[12.731s][info][gc,phases      ] GC(43)   Pre Evacuate Collection Set: 0.0ms
[12.732s][info][gc,phases      ] GC(43)   Evacuate Collection Set: 70.3ms
[12.732s][info][gc,phases      ] GC(43)   Post Evacuate Collection Set: 0.3ms
[12.732s][info][gc,phases      ] GC(43)   Other: 0.2ms
[12.732s][info][gc,heap        ] GC(43) Eden regions: 166->0(168)
[12.732s][info][gc,heap        ] GC(43) Survivor regions: 14->15(23)
[12.732s][info][gc,heap        ] GC(43) Old regions: 112->126
[12.732s][info][gc,heap        ] GC(43) Humongous regions: 26->26
[12.732s][info][gc,metaspace   ] GC(43) Metaspace: 55360K->55360K(1099776K)
[12.732s][info][gc             ] GC(43) Pause Young (Normal) (G1 Evacuation Pause) 315M->163M(431M) 70.815ms
[12.732s][info][gc,cpu         ] GC(43) User=0.07s Sys=0.00s Real=0.07s
[12.827s][info][gc,start       ] GC(44) Pause Young (Normal) (G1 Evacuation Pause)
[12.827s][info][gc,task        ] GC(44) Using 1 workers of 1 for evacuation
[12.875s][info][gc,phases      ] GC(44)   Pre Evacuate Collection Set: 0.0ms
[12.875s][info][gc,phases      ] GC(44)   Evacuate Collection Set: 46.9ms
[12.875s][info][gc,phases      ] GC(44)   Post Evacuate Collection Set: 0.9ms
[12.875s][info][gc,phases      ] GC(44)   Other: 0.2ms
[12.875s][info][gc,heap        ] GC(44) Eden regions: 168->0(237)
[12.875s][info][gc,heap        ] GC(44) Survivor regions: 15->15(23)
[12.875s][info][gc,heap        ] GC(44) Old regions: 126->140
[12.875s][info][gc,heap        ] GC(44) Humongous regions: 26->26
[12.875s][info][gc,metaspace   ] GC(44) Metaspace: 55360K->55360K(1099776K)
[12.875s][info][gc             ] GC(44) Pause Young (Normal) (G1 Evacuation Pause) 331M->178M(559M) 48.046ms
[12.875s][info][gc,cpu         ] GC(44) User=0.04s Sys=0.01s Real=0.05s
[14.343s][info][gc,start       ] GC(45) Pause Young (Normal) (G1 Evacuation Pause)
[14.343s][info][gc,task        ] GC(45) Using 1 workers of 1 for evacuation
[14.395s][info][gc,phases      ] GC(45)   Pre Evacuate Collection Set: 0.0ms
[14.395s][info][gc,phases      ] GC(45)   Evacuate Collection Set: 50.8ms
[14.395s][info][gc,phases      ] GC(45)   Post Evacuate Collection Set: 0.6ms
[14.395s][info][gc,phases      ] GC(45)   Other: 0.4ms
[14.395s][info][gc,heap        ] GC(45) Eden regions: 237->0(238)
[14.395s][info][gc,heap        ] GC(45) Survivor regions: 15->27(32)
[14.395s][info][gc,heap        ] GC(45) Old regions: 140->140
[14.395s][info][gc,heap        ] GC(45) Humongous regions: 37->32
[14.395s][info][gc,metaspace   ] GC(45) Metaspace: 57359K->57359K(1099776K)
[14.395s][info][gc             ] GC(45) Pause Young (Normal) (G1 Evacuation Pause) 426M->196M(559M) 52.043ms
[14.395s][info][gc,cpu         ] GC(45) User=0.06s Sys=0.00s Real=0.05s
[15.081s][info][gc,start       ] GC(46) Pause Young (Normal) (G1 Evacuation Pause)
[15.081s][info][gc,task        ] GC(46) Using 1 workers of 1 for evacuation
[15.128s][info][gc,phases      ] GC(46)   Pre Evacuate Collection Set: 0.0ms
[15.128s][info][gc,phases      ] GC(46)   Evacuate Collection Set: 45.4ms
[15.128s][info][gc,phases      ] GC(46)   Post Evacuate Collection Set: 0.8ms
[15.128s][info][gc,phases      ] GC(46)   Other: 0.5ms
[15.128s][info][gc,heap        ] GC(46) Eden regions: 238->0(243)
[15.128s][info][gc,heap        ] GC(46) Survivor regions: 27->13(34)
[15.128s][info][gc,heap        ] GC(46) Old regions: 140->155
[15.128s][info][gc,heap        ] GC(46) Humongous regions: 32->32
[15.128s][info][gc,metaspace   ] GC(46) Metaspace: 57359K->57359K(1099776K)
[15.128s][info][gc             ] GC(46) Pause Young (Normal) (G1 Evacuation Pause) 434M->196M(559M) 46.891ms
[15.128s][info][gc,cpu         ] GC(46) User=0.05s Sys=0.00s Real=0.04s
[15.317s][info][gc,start       ] GC(47) Pause Young (Normal) (G1 Evacuation Pause)
[15.317s][info][gc,task        ] GC(47) Using 1 workers of 1 for evacuation
[15.336s][info][gc,phases      ] GC(47)   Pre Evacuate Collection Set: 0.0ms
[15.336s][info][gc,phases      ] GC(47)   Evacuate Collection Set: 18.6ms
[15.336s][info][gc,phases      ] GC(47)   Post Evacuate Collection Set: 0.4ms
[15.336s][info][gc,phases      ] GC(47)   Other: 0.2ms
[15.336s][info][gc,heap        ] GC(47) Eden regions: 243->0(255)
[15.336s][info][gc,heap        ] GC(47) Survivor regions: 13->13(32)
[15.336s][info][gc,heap        ] GC(47) Old regions: 155->155
[15.336s][info][gc,heap        ] GC(47) Humongous regions: 32->32
[15.336s][info][gc,metaspace   ] GC(47) Metaspace: 57359K->57359K(1099776K)
[15.336s][info][gc             ] GC(47) Pause Young (Normal) (G1 Evacuation Pause) 439M->196M(559M) 19.349ms
[15.336s][info][gc,cpu         ] GC(47) User=0.02s Sys=0.00s Real=0.02s
[15.560s][info][gc,start       ] GC(48) Pause Young (Normal) (G1 Evacuation Pause)
[15.560s][info][gc,task        ] GC(48) Using 1 workers of 1 for evacuation
[15.580s][info][gc,phases      ] GC(48)   Pre Evacuate Collection Set: 0.0ms
[15.580s][info][gc,phases      ] GC(48)   Evacuate Collection Set: 19.5ms
[15.580s][info][gc,phases      ] GC(48)   Post Evacuate Collection Set: 0.4ms
[15.580s][info][gc,phases      ] GC(48)   Other: 0.2ms
[15.580s][info][gc,heap        ] GC(48) Eden regions: 255->0(265)
[15.580s][info][gc,heap        ] GC(48) Survivor regions: 13->13(34)
[15.580s][info][gc,heap        ] GC(48) Old regions: 155->155
[15.580s][info][gc,heap        ] GC(48) Humongous regions: 32->32
[15.580s][info][gc,metaspace   ] GC(48) Metaspace: 57359K->57359K(1099776K)
[15.580s][info][gc             ] GC(48) Pause Young (Normal) (G1 Evacuation Pause) 451M->196M(559M) 20.207ms
[15.580s][info][gc,cpu         ] GC(48) User=0.02s Sys=0.00s Real=0.02s
[15.780s][info][gc,start       ] GC(49) Pause Young (Normal) (G1 Evacuation Pause)
[15.780s][info][gc,task        ] GC(49) Using 1 workers of 1 for evacuation
[15.800s][info][gc,phases      ] GC(49)   Pre Evacuate Collection Set: 0.0ms
[15.800s][info][gc,phases      ] GC(49)   Evacuate Collection Set: 19.0ms
[15.800s][info][gc,phases      ] GC(49)   Post Evacuate Collection Set: 0.5ms
[15.800s][info][gc,phases      ] GC(49)   Other: 0.2ms
[15.800s][info][gc,heap        ] GC(49) Eden regions: 265->0(273)
[15.800s][info][gc,heap        ] GC(49) Survivor regions: 13->13(35)
[15.800s][info][gc,heap        ] GC(49) Old regions: 155->155
[15.800s][info][gc,heap        ] GC(49) Humongous regions: 32->32
[15.800s][info][gc,metaspace   ] GC(49) Metaspace: 57359K->57359K(1099776K)
[15.800s][info][gc             ] GC(49) Pause Young (Normal) (G1 Evacuation Pause) 461M->196M(559M) 19.763ms
[15.800s][info][gc,cpu         ] GC(49) User=0.02s Sys=0.00s Real=0.02s
[16.003s][info][gc,start       ] GC(50) Pause Young (Normal) (G1 Evacuation Pause)
[16.003s][info][gc,task        ] GC(50) Using 1 workers of 1 for evacuation
[16.023s][info][gc,phases      ] GC(50)   Pre Evacuate Collection Set: 0.0ms
[16.023s][info][gc,phases      ] GC(50)   Evacuate Collection Set: 19.2ms
[16.023s][info][gc,phases      ] GC(50)   Post Evacuate Collection Set: 0.5ms
[16.023s][info][gc,phases      ] GC(50)   Other: 0.4ms
[16.023s][info][gc,heap        ] GC(50) Eden regions: 273->0(279)
[16.023s][info][gc,heap        ] GC(50) Survivor regions: 13->13(36)
[16.023s][info][gc,heap        ] GC(50) Old regions: 155->155
[16.023s][info][gc,heap        ] GC(50) Humongous regions: 32->32
[16.023s][info][gc,metaspace   ] GC(50) Metaspace: 57359K->57359K(1099776K)
[16.023s][info][gc             ] GC(50) Pause Young (Normal) (G1 Evacuation Pause) 469M->196M(559M) 20.200ms
[16.023s][info][gc,cpu         ] GC(50) User=0.02s Sys=0.00s Real=0.02s
[16.233s][info][gc,start       ] GC(51) Pause Young (Normal) (G1 Evacuation Pause)
[16.233s][info][gc,task        ] GC(51) Using 1 workers of 1 for evacuation
[16.254s][info][gc,phases      ] GC(51)   Pre Evacuate Collection Set: 0.0ms
[16.254s][info][gc,phases      ] GC(51)   Evacuate Collection Set: 20.7ms
[16.254s][info][gc,phases      ] GC(51)   Post Evacuate Collection Set: 0.4ms
[16.254s][info][gc,phases      ] GC(51)   Other: 0.2ms
[16.254s][info][gc,heap        ] GC(51) Eden regions: 279->0(283)
[16.254s][info][gc,heap        ] GC(51) Survivor regions: 13->13(37)
[16.254s][info][gc,heap        ] GC(51) Old regions: 155->155
[16.254s][info][gc,heap        ] GC(51) Humongous regions: 32->32
[16.254s][info][gc,metaspace   ] GC(51) Metaspace: 57359K->57359K(1099776K)
[16.254s][info][gc             ] GC(51) Pause Young (Normal) (G1 Evacuation Pause) 475M->196M(559M) 21.454ms
[16.254s][info][gc,cpu         ] GC(51) User=0.02s Sys=0.00s Real=0.02s
[16.469s][info][gc,start       ] GC(52) Pause Young (Normal) (G1 Evacuation Pause)
[16.469s][info][gc,task        ] GC(52) Using 1 workers of 1 for evacuation
[16.489s][info][gc,phases      ] GC(52)   Pre Evacuate Collection Set: 0.0ms
[16.489s][info][gc,phases      ] GC(52)   Evacuate Collection Set: 19.0ms
[16.489s][info][gc,phases      ] GC(52)   Post Evacuate Collection Set: 0.4ms
[16.489s][info][gc,phases      ] GC(52)   Other: 0.2ms
[16.489s][info][gc,heap        ] GC(52) Eden regions: 283->0(286)
[16.489s][info][gc,heap        ] GC(52) Survivor regions: 13->13(37)
[16.489s][info][gc,heap        ] GC(52) Old regions: 155->155
[16.489s][info][gc,heap        ] GC(52) Humongous regions: 32->32
[16.489s][info][gc,metaspace   ] GC(52) Metaspace: 57359K->57359K(1099776K)
[16.489s][info][gc             ] GC(52) Pause Young (Normal) (G1 Evacuation Pause) 479M->196M(559M) 19.710ms
[16.489s][info][gc,cpu         ] GC(52) User=0.02s Sys=0.00s Real=0.02s
[16.706s][info][gc,start       ] GC(53) Pause Young (Normal) (G1 Evacuation Pause)
[16.707s][info][gc,task        ] GC(53) Using 1 workers of 1 for evacuation
[16.726s][info][gc,phases      ] GC(53)   Pre Evacuate Collection Set: 0.0ms
[16.726s][info][gc,phases      ] GC(53)   Evacuate Collection Set: 18.9ms
[16.726s][info][gc,phases      ] GC(53)   Post Evacuate Collection Set: 0.4ms
[16.726s][info][gc,phases      ] GC(53)   Other: 0.3ms
[16.726s][info][gc,heap        ] GC(53) Eden regions: 286->0(289)
[16.726s][info][gc,heap        ] GC(53) Survivor regions: 13->13(38)
[16.726s][info][gc,heap        ] GC(53) Old regions: 155->155
[16.726s][info][gc,heap        ] GC(53) Humongous regions: 32->32
[16.726s][info][gc,metaspace   ] GC(53) Metaspace: 57359K->57359K(1099776K)
[16.726s][info][gc             ] GC(53) Pause Young (Normal) (G1 Evacuation Pause) 482M->196M(559M) 19.703ms
[16.726s][info][gc,cpu         ] GC(53) User=0.02s Sys=0.00s Real=0.02s
[17.158s][info][gc,task        ] GC(54) Using 1 workers of 1 for full compaction
[17.158s][info][gc,start       ] GC(54) Pause Full (System.gc())
[17.158s][info][gc,phases,start] GC(54) Phase 1: Mark live objects
[17.312s][info][gc,stringtable ] GC(54) Cleaned string and symbol table, strings: 21705 processed, 217 removed, symbols: 131046 processed, 16 removed
[17.312s][info][gc,phases      ] GC(54) Phase 1: Mark live objects 154.367ms
[17.312s][info][gc,phases,start] GC(54) Phase 2: Prepare for compaction
[17.343s][info][gc,phases      ] GC(54) Phase 2: Prepare for compaction 30.835ms
[17.343s][info][gc,phases,start] GC(54) Phase 3: Adjust pointers
[17.428s][info][gc,phases      ] GC(54) Phase 3: Adjust pointers 84.537ms
[17.428s][info][gc,phases,start] GC(54) Phase 4: Compact heap
[17.487s][info][gc,phases      ] GC(54) Phase 4: Compact heap 59.533ms
[17.490s][info][gc,heap        ] GC(54) Eden regions: 177->0(302)
[17.491s][info][gc,heap        ] GC(54) Survivor regions: 13->0(38)
[17.491s][info][gc,heap        ] GC(54) Old regions: 155->161
[17.491s][info][gc,heap        ] GC(54) Humongous regions: 37->12
[17.491s][info][gc,metaspace   ] GC(54) Metaspace: 59506K->59506K(1101824K)
[17.491s][info][gc             ] GC(54) Pause Full (System.gc()) 378M->171M(559M) 332.788ms
[17.491s][info][gc,cpu         ] GC(54) User=0.32s Sys=0.01s Real=0.33s
[18.826s][info][gc,start       ] GC(55) Pause Young (Normal) (G1 Evacuation Pause)
[18.826s][info][gc,task        ] GC(55) Using 1 workers of 1 for evacuation
[18.830s][info][gc,phases      ] GC(55)   Pre Evacuate Collection Set: 0.0ms
[18.830s][info][gc,phases      ] GC(55)   Evacuate Collection Set: 2.5ms
[18.830s][info][gc,phases      ] GC(55)   Post Evacuate Collection Set: 0.4ms
[18.830s][info][gc,phases      ] GC(55)   Other: 0.4ms
[18.830s][info][gc,heap        ] GC(55) Eden regions: 302->0(320)
[18.830s][info][gc,heap        ] GC(55) Survivor regions: 0->1(38)
[18.830s][info][gc,heap        ] GC(55) Old regions: 161->161
[18.830s][info][gc,heap        ] GC(55) Humongous regions: 22->12
[18.830s][info][gc,metaspace   ] GC(55) Metaspace: 60312K->60312K(1103872K)
[18.830s][info][gc             ] GC(55) Pause Young (Normal) (G1 Evacuation Pause) 483M->171M(559M) 3.364ms
[18.830s][info][gc,cpu         ] GC(55) User=0.01s Sys=0.00s Real=0.00s
[19.257s][info][gc,start       ] GC(56) Pause Young (Normal) (G1 Evacuation Pause)
[19.257s][info][gc,task        ] GC(56) Using 1 workers of 1 for evacuation
[19.260s][info][gc,phases      ] GC(56)   Pre Evacuate Collection Set: 0.0ms
[19.260s][info][gc,phases      ] GC(56)   Evacuate Collection Set: 2.1ms
[19.260s][info][gc,phases      ] GC(56)   Post Evacuate Collection Set: 0.5ms
[19.260s][info][gc,phases      ] GC(56)   Other: 0.3ms
[19.260s][info][gc,heap        ] GC(56) Eden regions: 320->0(327)
[19.260s][info][gc,heap        ] GC(56) Survivor regions: 1->1(41)
[19.260s][info][gc,heap        ] GC(56) Old regions: 161->161
[19.260s][info][gc,heap        ] GC(56) Humongous regions: 12->12
[19.260s][info][gc,metaspace   ] GC(56) Metaspace: 60323K->60323K(1103872K)
[19.260s][info][gc             ] GC(56) Pause Young (Normal) (G1 Evacuation Pause) 491M->171M(580M) 3.109ms
[19.260s][info][gc,cpu         ] GC(56) User=0.00s Sys=0.00s Real=0.01s
[19.639s][info][gc,start       ] GC(57) Pause Young (Normal) (G1 Evacuation Pause)
[19.639s][info][gc,task        ] GC(57) Using 1 workers of 1 for evacuation
[19.642s][info][gc,phases      ] GC(57)   Pre Evacuate Collection Set: 0.0ms
[19.642s][info][gc,phases      ] GC(57)   Evacuate Collection Set: 2.2ms
[19.642s][info][gc,phases      ] GC(57)   Post Evacuate Collection Set: 0.4ms
[19.642s][info][gc,phases      ] GC(57)   Other: 0.3ms
[19.642s][info][gc,heap        ] GC(57) Eden regions: 327->0(332)
[19.642s][info][gc,heap        ] GC(57) Survivor regions: 1->1(41)
[19.642s][info][gc,heap        ] GC(57) Old regions: 161->161
[19.642s][info][gc,heap        ] GC(57) Humongous regions: 12->12
[19.642s][info][gc,metaspace   ] GC(57) Metaspace: 60323K->60323K(1103872K)
[19.642s][info][gc             ] GC(57) Pause Young (Normal) (G1 Evacuation Pause) 498M->171M(580M) 2.897ms
[19.642s][info][gc,cpu         ] GC(57) User=0.01s Sys=0.00s Real=0.01s
[19.966s][info][gc,start       ] GC(58) Pause Young (Normal) (G1 Evacuation Pause)
[19.966s][info][gc,task        ] GC(58) Using 1 workers of 1 for evacuation
[19.969s][info][gc,phases      ] GC(58)   Pre Evacuate Collection Set: 0.0ms
[19.969s][info][gc,phases      ] GC(58)   Evacuate Collection Set: 2.2ms
[19.969s][info][gc,phases      ] GC(58)   Post Evacuate Collection Set: 0.3ms
[19.969s][info][gc,phases      ] GC(58)   Other: 0.3ms
[19.969s][info][gc,heap        ] GC(58) Eden regions: 332->0(335)
[19.969s][info][gc,heap        ] GC(58) Survivor regions: 1->1(42)
[19.969s][info][gc,heap        ] GC(58) Old regions: 161->161
[19.969s][info][gc,heap        ] GC(58) Humongous regions: 12->12
[19.969s][info][gc,metaspace   ] GC(58) Metaspace: 60323K->60323K(1103872K)
[19.969s][info][gc             ] GC(58) Pause Young (Normal) (G1 Evacuation Pause) 503M->171M(580M) 2.953ms
[19.969s][info][gc,cpu         ] GC(58) User=0.00s Sys=0.00s Real=0.00s
[20.293s][info][gc,start       ] GC(59) Pause Young (Normal) (G1 Evacuation Pause)
[20.293s][info][gc,task        ] GC(59) Using 1 workers of 1 for evacuation
[20.298s][info][gc,phases      ] GC(59)   Pre Evacuate Collection Set: 0.1ms
[20.299s][info][gc,phases      ] GC(59)   Evacuate Collection Set: 4.2ms
[20.299s][info][gc,phases      ] GC(59)   Post Evacuate Collection Set: 0.7ms
[20.299s][info][gc,phases      ] GC(59)   Other: 0.8ms
[20.299s][info][gc,heap        ] GC(59) Eden regions: 335->0(337)
[20.299s][info][gc,heap        ] GC(59) Survivor regions: 1->1(42)
[20.299s][info][gc,heap        ] GC(59) Old regions: 161->161
[20.299s][info][gc,heap        ] GC(59) Humongous regions: 12->12
[20.299s][info][gc,metaspace   ] GC(59) Metaspace: 60323K->60323K(1103872K)
[20.299s][info][gc             ] GC(59) Pause Young (Normal) (G1 Evacuation Pause) 506M->171M(580M) 5.979ms
[20.299s][info][gc,cpu         ] GC(59) User=0.01s Sys=0.00s Real=0.00s
[20.649s][info][gc,start       ] GC(60) Pause Young (Normal) (G1 Evacuation Pause)
[20.649s][info][gc,task        ] GC(60) Using 1 workers of 1 for evacuation
[20.652s][info][gc,phases      ] GC(60)   Pre Evacuate Collection Set: 0.0ms
[20.652s][info][gc,phases      ] GC(60)   Evacuate Collection Set: 2.1ms
[20.652s][info][gc,phases      ] GC(60)   Post Evacuate Collection Set: 0.4ms
[20.652s][info][gc,phases      ] GC(60)   Other: 0.3ms
[20.652s][info][gc,heap        ] GC(60) Eden regions: 337->0(338)
[20.652s][info][gc,heap        ] GC(60) Survivor regions: 1->1(43)
[20.652s][info][gc,heap        ] GC(60) Old regions: 161->161
[20.652s][info][gc,heap        ] GC(60) Humongous regions: 12->12
[20.652s][info][gc,metaspace   ] GC(60) Metaspace: 60323K->60323K(1103872K)
[20.652s][info][gc             ] GC(60) Pause Young (Normal) (G1 Evacuation Pause) 508M->171M(580M) 2.902ms
[20.652s][info][gc,cpu         ] GC(60) User=0.00s Sys=0.00s Real=0.01s
[20.981s][info][gc,start       ] GC(61) Pause Young (Normal) (G1 Evacuation Pause)
[20.981s][info][gc,task        ] GC(61) Using 1 workers of 1 for evacuation
[20.984s][info][gc,phases      ] GC(61)   Pre Evacuate Collection Set: 0.0ms
[20.984s][info][gc,phases      ] GC(61)   Evacuate Collection Set: 2.1ms
[20.984s][info][gc,phases      ] GC(61)   Post Evacuate Collection Set: 0.3ms
[20.984s][info][gc,phases      ] GC(61)   Other: 0.3ms
[20.984s][info][gc,heap        ] GC(61) Eden regions: 338->0(339)
[20.984s][info][gc,heap        ] GC(61) Survivor regions: 1->1(43)
[20.984s][info][gc,heap        ] GC(61) Old regions: 161->161
[20.984s][info][gc,heap        ] GC(61) Humongous regions: 12->12
[20.984s][info][gc,metaspace   ] GC(61) Metaspace: 60323K->60323K(1103872K)
[20.984s][info][gc             ] GC(61) Pause Young (Normal) (G1 Evacuation Pause) 509M->171M(580M) 3.123ms
[20.984s][info][gc,cpu         ] GC(61) User=0.00s Sys=0.00s Real=0.00s
[21.212s][info][gc,task        ] GC(62) Using 1 workers of 1 for full compaction
[21.212s][info][gc,start       ] GC(62) Pause Full (System.gc())
[21.212s][info][gc,phases,start] GC(62) Phase 1: Mark live objects
[21.366s][info][gc,stringtable ] GC(62) Cleaned string and symbol table, strings: 21636 processed, 25 removed, symbols: 131780 processed, 0 removed
[21.366s][info][gc,phases      ] GC(62) Phase 1: Mark live objects 153.731ms
[21.366s][info][gc,phases,start] GC(62) Phase 2: Prepare for compaction
[21.398s][info][gc,phases      ] GC(62) Phase 2: Prepare for compaction 31.631ms
[21.398s][info][gc,phases,start] GC(62) Phase 3: Adjust pointers
[21.577s][info][gc,phases      ] GC(62) Phase 3: Adjust pointers 179.309ms
[21.578s][info][gc,phases,start] GC(62) Phase 4: Compact heap
[21.634s][info][gc,phases      ] GC(62) Phase 4: Compact heap 55.826ms
[21.637s][info][gc,heap        ] GC(62) Eden regions: 125->0(338)
[21.637s][info][gc,heap        ] GC(62) Survivor regions: 1->0(43)
[21.637s][info][gc,heap        ] GC(62) Old regions: 161->161
[21.637s][info][gc,heap        ] GC(62) Humongous regions: 17->12
[21.637s][info][gc,metaspace   ] GC(62) Metaspace: 60365K->60365K(1103872K)
[21.637s][info][gc             ] GC(62) Pause Full (System.gc()) 301M->171M(577M) 425.287ms
[21.637s][info][gc,cpu         ] GC(62) User=0.42s Sys=0.00s Real=0.42s
[22.567s][info][gc,start       ] GC(63) Pause Young (Normal) (G1 Evacuation Pause)
[22.567s][info][gc,task        ] GC(63) Using 1 workers of 1 for evacuation
[22.571s][info][gc,phases      ] GC(63)   Pre Evacuate Collection Set: 0.0ms
[22.571s][info][gc,phases      ] GC(63)   Evacuate Collection Set: 3.6ms
[22.571s][info][gc,phases      ] GC(63)   Post Evacuate Collection Set: 0.4ms
[22.571s][info][gc,phases      ] GC(63)   Other: 0.4ms
[22.571s][info][gc,heap        ] GC(63) Eden regions: 338->0(339)
[22.571s][info][gc,heap        ] GC(63) Survivor regions: 0->1(43)
[22.571s][info][gc,heap        ] GC(63) Old regions: 161->161
[22.571s][info][gc,heap        ] GC(63) Humongous regions: 22->12
[22.571s][info][gc,metaspace   ] GC(63) Metaspace: 60459K->60459K(1103872K)
[22.571s][info][gc             ] GC(63) Pause Young (Normal) (G1 Evacuation Pause) 519M->171M(577M) 4.424ms
[22.571s][info][gc,cpu         ] GC(63) User=0.01s Sys=0.00s Real=0.00s
[23.047s][info][gc,start       ] GC(64) Pause Young (Normal) (G1 Evacuation Pause)
[23.047s][info][gc,task        ] GC(64) Using 1 workers of 1 for evacuation
[23.052s][info][gc,phases      ] GC(64)   Pre Evacuate Collection Set: 0.0ms
[23.052s][info][gc,phases      ] GC(64)   Evacuate Collection Set: 3.7ms
[23.052s][info][gc,phases      ] GC(64)   Post Evacuate Collection Set: 0.8ms
[23.052s][info][gc,phases      ] GC(64)   Other: 0.4ms
[23.052s][info][gc,heap        ] GC(64) Eden regions: 339->0(339)
[23.052s][info][gc,heap        ] GC(64) Survivor regions: 1->1(43)
[23.052s][info][gc,heap        ] GC(64) Old regions: 161->161
[23.052s][info][gc,heap        ] GC(64) Humongous regions: 12->12
[23.052s][info][gc,metaspace   ] GC(64) Metaspace: 60474K->60474K(1103872K)
[23.052s][info][gc             ] GC(64) Pause Young (Normal) (G1 Evacuation Pause) 510M->171M(577M) 5.152ms
[23.052s][info][gc,cpu         ] GC(64) User=0.01s Sys=0.01s Real=0.01s
[23.457s][info][gc,start       ] GC(65) Pause Young (Normal) (G1 Evacuation Pause)
[23.457s][info][gc,task        ] GC(65) Using 1 workers of 1 for evacuation
[23.462s][info][gc,phases      ] GC(65)   Pre Evacuate Collection Set: 0.0ms
[23.462s][info][gc,phases      ] GC(65)   Evacuate Collection Set: 3.7ms
[23.462s][info][gc,phases      ] GC(65)   Post Evacuate Collection Set: 0.9ms
[23.462s][info][gc,phases      ] GC(65)   Other: 0.7ms
[23.462s][info][gc,heap        ] GC(65) Eden regions: 339->0(340)
[23.462s][info][gc,heap        ] GC(65) Survivor regions: 1->1(43)
[23.462s][info][gc,heap        ] GC(65) Old regions: 161->161
[23.462s][info][gc,heap        ] GC(65) Humongous regions: 12->12
[23.462s][info][gc,metaspace   ] GC(65) Metaspace: 60474K->60474K(1103872K)
[23.462s][info][gc             ] GC(65) Pause Young (Normal) (G1 Evacuation Pause) 510M->171M(577M) 5.569ms
[23.462s][info][gc,cpu         ] GC(65) User=0.00s Sys=0.00s Real=0.01s
[23.797s][info][gc,start       ] GC(66) Pause Young (Normal) (G1 Evacuation Pause)
[23.797s][info][gc,task        ] GC(66) Using 1 workers of 1 for evacuation
[23.799s][info][gc,phases      ] GC(66)   Pre Evacuate Collection Set: 0.0ms
[23.799s][info][gc,phases      ] GC(66)   Evacuate Collection Set: 1.6ms
[23.799s][info][gc,phases      ] GC(66)   Post Evacuate Collection Set: 0.4ms
[23.799s][info][gc,phases      ] GC(66)   Other: 0.3ms
[23.799s][info][gc,heap        ] GC(66) Eden regions: 340->0(340)
[23.799s][info][gc,heap        ] GC(66) Survivor regions: 1->1(43)
[23.799s][info][gc,heap        ] GC(66) Old regions: 161->161
[23.799s][info][gc,heap        ] GC(66) Humongous regions: 12->12
[23.800s][info][gc,metaspace   ] GC(66) Metaspace: 60474K->60474K(1103872K)
[23.800s][info][gc             ] GC(66) Pause Young (Normal) (G1 Evacuation Pause) 511M->171M(577M) 2.351ms
[23.800s][info][gc,cpu         ] GC(66) User=0.00s Sys=0.00s Real=0.01s
[24.151s][info][gc,start       ] GC(67) Pause Young (Normal) (G1 Evacuation Pause)
[24.151s][info][gc,task        ] GC(67) Using 1 workers of 1 for evacuation
[24.153s][info][gc,phases      ] GC(67)   Pre Evacuate Collection Set: 0.0ms
[24.153s][info][gc,phases      ] GC(67)   Evacuate Collection Set: 1.6ms
[24.153s][info][gc,phases      ] GC(67)   Post Evacuate Collection Set: 0.3ms
[24.153s][info][gc,phases      ] GC(67)   Other: 0.3ms
[24.153s][info][gc,heap        ] GC(67) Eden regions: 340->0(341)
[24.153s][info][gc,heap        ] GC(67) Survivor regions: 1->1(43)
[24.153s][info][gc,heap        ] GC(67) Old regions: 161->161
[24.153s][info][gc,heap        ] GC(67) Humongous regions: 12->12
[24.153s][info][gc,metaspace   ] GC(67) Metaspace: 60474K->60474K(1103872K)
[24.154s][info][gc             ] GC(67) Pause Young (Normal) (G1 Evacuation Pause) 511M->171M(577M) 2.320ms
[24.154s][info][gc,cpu         ] GC(67) User=0.00s Sys=0.00s Real=0.01s
[24.478s][info][gc,start       ] GC(68) Pause Young (Normal) (G1 Evacuation Pause)
[24.478s][info][gc,task        ] GC(68) Using 1 workers of 1 for evacuation
[24.483s][info][gc,phases      ] GC(68)   Pre Evacuate Collection Set: 0.0ms
[24.483s][info][gc,phases      ] GC(68)   Evacuate Collection Set: 3.3ms
[24.483s][info][gc,phases      ] GC(68)   Post Evacuate Collection Set: 0.8ms
[24.483s][info][gc,phases      ] GC(68)   Other: 0.6ms
[24.483s][info][gc,heap        ] GC(68) Eden regions: 341->0(341)
[24.483s][info][gc,heap        ] GC(68) Survivor regions: 1->1(43)
[24.483s][info][gc,heap        ] GC(68) Old regions: 161->161
[24.483s][info][gc,heap        ] GC(68) Humongous regions: 12->12
[24.483s][info][gc,metaspace   ] GC(68) Metaspace: 60481K->60481K(1103872K)
[24.483s][info][gc             ] GC(68) Pause Young (Normal) (G1 Evacuation Pause) 512M->171M(577M) 4.876ms
[24.483s][info][gc,cpu         ] GC(68) User=0.00s Sys=0.00s Real=0.01s
[24.932s][info][gc,task        ] GC(69) Using 1 workers of 1 for full compaction
[24.932s][info][gc,start       ] GC(69) Pause Full (System.gc())
[24.933s][info][gc,phases,start] GC(69) Phase 1: Mark live objects
[25.088s][info][gc,stringtable ] GC(69) Cleaned string and symbol table, strings: 21669 processed, 22 removed, symbols: 131797 processed, 0 removed
[25.088s][info][gc,phases      ] GC(69) Phase 1: Mark live objects 155.597ms
[25.088s][info][gc,phases,start] GC(69) Phase 2: Prepare for compaction
[25.119s][info][gc,phases      ] GC(69) Phase 2: Prepare for compaction 31.105ms
[25.119s][info][gc,phases,start] GC(69) Phase 3: Adjust pointers
[25.204s][info][gc,phases      ] GC(69) Phase 3: Adjust pointers 84.118ms
[25.204s][info][gc,phases,start] GC(69) Phase 4: Compact heap
[25.263s][info][gc,phases      ] GC(69) Phase 4: Compact heap 59.372ms
[25.266s][info][gc,heap        ] GC(69) Eden regions: 335->0(341)
[25.266s][info][gc,heap        ] GC(69) Survivor regions: 1->0(43)
[25.266s][info][gc,heap        ] GC(69) Old regions: 161->161
[25.266s][info][gc,heap        ] GC(69) Humongous regions: 17->12
[25.266s][info][gc,metaspace   ] GC(69) Metaspace: 60529K->60529K(1103872K)
[25.266s][info][gc             ] GC(69) Pause Full (System.gc()) 511M->171M(577M) 334.290ms
[25.266s][info][gc,cpu         ] GC(69) User=0.33s Sys=0.00s Real=0.33s
[26.105s][info][gc,start       ] GC(70) Pause Young (Normal) (G1 Evacuation Pause)
[26.105s][info][gc,task        ] GC(70) Using 1 workers of 1 for evacuation
[26.107s][info][gc,phases      ] GC(70)   Pre Evacuate Collection Set: 0.0ms
[26.107s][info][gc,phases      ] GC(70)   Evacuate Collection Set: 1.7ms
[26.107s][info][gc,phases      ] GC(70)   Post Evacuate Collection Set: 0.4ms
[26.107s][info][gc,phases      ] GC(70)   Other: 0.4ms
[26.107s][info][gc,heap        ] GC(70) Eden regions: 341->0(341)
[26.107s][info][gc,heap        ] GC(70) Survivor regions: 0->1(43)
[26.107s][info][gc,heap        ] GC(70) Old regions: 161->161
[26.107s][info][gc,heap        ] GC(70) Humongous regions: 22->12
[26.107s][info][gc,metaspace   ] GC(70) Metaspace: 60584K->60584K(1103872K)
[26.107s][info][gc             ] GC(70) Pause Young (Normal) (G1 Evacuation Pause) 522M->171M(577M) 2.538ms
[26.107s][info][gc,cpu         ] GC(70) User=0.00s Sys=0.00s Real=0.00s
[26.777s][info][gc,start       ] GC(71) Pause Young (Normal) (G1 Evacuation Pause)
[26.777s][info][gc,task        ] GC(71) Using 1 workers of 1 for evacuation
[26.779s][info][gc,phases      ] GC(71)   Pre Evacuate Collection Set: 0.0ms
[26.779s][info][gc,phases      ] GC(71)   Evacuate Collection Set: 1.6ms
[26.779s][info][gc,phases      ] GC(71)   Post Evacuate Collection Set: 0.3ms
[26.779s][info][gc,phases      ] GC(71)   Other: 0.3ms
[26.779s][info][gc,heap        ] GC(71) Eden regions: 341->0(342)
[26.779s][info][gc,heap        ] GC(71) Survivor regions: 1->1(43)
[26.779s][info][gc,heap        ] GC(71) Old regions: 161->161
[26.779s][info][gc,heap        ] GC(71) Humongous regions: 12->12
[26.779s][info][gc,metaspace   ] GC(71) Metaspace: 60612K->60612K(1103872K)
[26.779s][info][gc             ] GC(71) Pause Young (Normal) (G1 Evacuation Pause) 512M->171M(577M) 2.372ms
[26.779s][info][gc,cpu         ] GC(71) User=0.00s Sys=0.00s Real=0.00s
[27.173s][info][gc,start       ] GC(72) Pause Young (Normal) (G1 Evacuation Pause)
[27.173s][info][gc,task        ] GC(72) Using 1 workers of 1 for evacuation
[27.175s][info][gc,phases      ] GC(72)   Pre Evacuate Collection Set: 0.0ms
[27.175s][info][gc,phases      ] GC(72)   Evacuate Collection Set: 1.6ms
[27.175s][info][gc,phases      ] GC(72)   Post Evacuate Collection Set: 0.4ms
[27.175s][info][gc,phases      ] GC(72)   Other: 0.3ms
[27.175s][info][gc,heap        ] GC(72) Eden regions: 342->0(342)
[27.175s][info][gc,heap        ] GC(72) Survivor regions: 1->1(43)
[27.175s][info][gc,heap        ] GC(72) Old regions: 161->161
[27.175s][info][gc,heap        ] GC(72) Humongous regions: 12->12
[27.175s][info][gc,metaspace   ] GC(72) Metaspace: 60612K->60612K(1103872K)
[27.175s][info][gc             ] GC(72) Pause Young (Normal) (G1 Evacuation Pause) 513M->171M(577M) 2.394ms
[27.175s][info][gc,cpu         ] GC(72) User=0.00s Sys=0.00s Real=0.00s
[27.491s][info][gc,start       ] GC(73) Pause Young (Normal) (G1 Evacuation Pause)
[27.491s][info][gc,task        ] GC(73) Using 1 workers of 1 for evacuation
[27.493s][info][gc,phases      ] GC(73)   Pre Evacuate Collection Set: 0.0ms
[27.493s][info][gc,phases      ] GC(73)   Evacuate Collection Set: 1.6ms
[27.493s][info][gc,phases      ] GC(73)   Post Evacuate Collection Set: 0.3ms
[27.493s][info][gc,phases      ] GC(73)   Other: 0.3ms
[27.493s][info][gc,heap        ] GC(73) Eden regions: 342->0(342)
[27.493s][info][gc,heap        ] GC(73) Survivor regions: 1->1(43)
[27.493s][info][gc,heap        ] GC(73) Old regions: 161->161
[27.493s][info][gc,heap        ] GC(73) Humongous regions: 12->12
[27.493s][info][gc,metaspace   ] GC(73) Metaspace: 60612K->60612K(1103872K)
[27.493s][info][gc             ] GC(73) Pause Young (Normal) (G1 Evacuation Pause) 513M->171M(577M) 2.272ms
[27.493s][info][gc,cpu         ] GC(73) User=0.00s Sys=0.00s Real=0.00s
[27.908s][info][gc,start       ] GC(74) Pause Young (Normal) (G1 Evacuation Pause)
[27.908s][info][gc,task        ] GC(74) Using 1 workers of 1 for evacuation
[27.910s][info][gc,phases      ] GC(74)   Pre Evacuate Collection Set: 0.0ms
[27.910s][info][gc,phases      ] GC(74)   Evacuate Collection Set: 1.6ms
[27.910s][info][gc,phases      ] GC(74)   Post Evacuate Collection Set: 0.3ms
[27.911s][info][gc,phases      ] GC(74)   Other: 0.3ms
[27.911s][info][gc,heap        ] GC(74) Eden regions: 342->0(342)
[27.911s][info][gc,heap        ] GC(74) Survivor regions: 1->1(43)
[27.911s][info][gc,heap        ] GC(74) Old regions: 161->161
[27.911s][info][gc,heap        ] GC(74) Humongous regions: 12->12
[27.911s][info][gc,metaspace   ] GC(74) Metaspace: 60612K->60612K(1103872K)
[27.911s][info][gc             ] GC(74) Pause Young (Normal) (G1 Evacuation Pause) 513M->171M(577M) 2.216ms
[27.911s][info][gc,cpu         ] GC(74) User=0.00s Sys=0.00s Real=0.00s
[28.247s][info][gc,start       ] GC(75) Pause Young (Normal) (G1 Evacuation Pause)
[28.247s][info][gc,task        ] GC(75) Using 1 workers of 1 for evacuation
[28.249s][info][gc,phases      ] GC(75)   Pre Evacuate Collection Set: 0.0ms
[28.249s][info][gc,phases      ] GC(75)   Evacuate Collection Set: 1.6ms
[28.249s][info][gc,phases      ] GC(75)   Post Evacuate Collection Set: 0.3ms
[28.249s][info][gc,phases      ] GC(75)   Other: 0.3ms
[28.249s][info][gc,heap        ] GC(75) Eden regions: 342->0(343)
[28.249s][info][gc,heap        ] GC(75) Survivor regions: 1->1(43)
[28.249s][info][gc,heap        ] GC(75) Old regions: 161->161
[28.249s][info][gc,heap        ] GC(75) Humongous regions: 12->12
[28.249s][info][gc,metaspace   ] GC(75) Metaspace: 60612K->60612K(1103872K)
[28.249s][info][gc             ] GC(75) Pause Young (Normal) (G1 Evacuation Pause) 513M->171M(577M) 2.334ms
[28.249s][info][gc,cpu         ] GC(75) User=0.00s Sys=0.00s Real=0.00s
[28.656s][info][gc,task        ] GC(76) Using 1 workers of 1 for full compaction
[28.656s][info][gc,start       ] GC(76) Pause Full (System.gc())
[28.657s][info][gc,phases,start] GC(76) Phase 1: Mark live objects
[28.809s][info][gc,stringtable ] GC(76) Cleaned string and symbol table, strings: 21677 processed, 22 removed, symbols: 131807 processed, 0 removed
[28.809s][info][gc,phases      ] GC(76) Phase 1: Mark live objects 151.923ms
[28.809s][info][gc,phases,start] GC(76) Phase 2: Prepare for compaction
[28.841s][info][gc,phases      ] GC(76) Phase 2: Prepare for compaction 32.315ms
[28.841s][info][gc,phases,start] GC(76) Phase 3: Adjust pointers
[28.928s][info][gc,phases      ] GC(76) Phase 3: Adjust pointers 86.626ms
[28.928s][info][gc,phases,start] GC(76) Phase 4: Compact heap
[28.986s][info][gc,phases      ] GC(76) Phase 4: Compact heap 58.123ms
[28.992s][info][gc,heap        ] GC(76) Eden regions: 321->0(343)
[28.992s][info][gc,heap        ] GC(76) Survivor regions: 1->0(43)
[28.992s][info][gc,heap        ] GC(76) Old regions: 161->161
[28.992s][info][gc,heap        ] GC(76) Humongous regions: 17->12
[28.992s][info][gc,metaspace   ] GC(76) Metaspace: 60643K->60643K(1103872K)
[28.992s][info][gc             ] GC(76) Pause Full (System.gc()) 497M->171M(577M) 336.184ms
[28.992s][info][gc,cpu         ] GC(76) User=0.34s Sys=0.00s Real=0.34s
[29.523s][info][gc,start       ] GC(77) Pause Young (Normal) (G1 Evacuation Pause)
[29.523s][info][gc,task        ] GC(77) Using 1 workers of 1 for evacuation
[29.525s][info][gc,phases      ] GC(77)   Pre Evacuate Collection Set: 0.0ms
[29.525s][info][gc,phases      ] GC(77)   Evacuate Collection Set: 1.9ms
[29.525s][info][gc,phases      ] GC(77)   Post Evacuate Collection Set: 0.4ms
[29.525s][info][gc,phases      ] GC(77)   Other: 0.4ms
[29.525s][info][gc,heap        ] GC(77) Eden regions: 343->0(343)
[29.525s][info][gc,heap        ] GC(77) Survivor regions: 0->1(43)
[29.525s][info][gc,heap        ] GC(77) Old regions: 161->161
[29.525s][info][gc,heap        ] GC(77) Humongous regions: 22->12
[29.525s][info][gc,metaspace   ] GC(77) Metaspace: 60713K->60713K(1103872K)
[29.525s][info][gc             ] GC(77) Pause Young (Normal) (G1 Evacuation Pause) 524M->171M(577M) 2.717ms
[29.525s][info][gc,cpu         ] GC(77) User=0.00s Sys=0.00s Real=0.00s
[29.867s][info][gc,start       ] GC(78) Pause Young (Normal) (G1 Evacuation Pause)
[29.867s][info][gc,task        ] GC(78) Using 1 workers of 1 for evacuation
[29.869s][info][gc,phases      ] GC(78)   Pre Evacuate Collection Set: 0.0ms
[29.869s][info][gc,phases      ] GC(78)   Evacuate Collection Set: 1.7ms
[29.869s][info][gc,phases      ] GC(78)   Post Evacuate Collection Set: 0.3ms
[29.869s][info][gc,phases      ] GC(78)   Other: 0.3ms
[29.869s][info][gc,heap        ] GC(78) Eden regions: 343->0(343)
[29.869s][info][gc,heap        ] GC(78) Survivor regions: 1->1(43)
[29.869s][info][gc,heap        ] GC(78) Old regions: 161->161
[29.869s][info][gc,heap        ] GC(78) Humongous regions: 12->12
[29.869s][info][gc,metaspace   ] GC(78) Metaspace: 60714K->60714K(1103872K)
[29.869s][info][gc             ] GC(78) Pause Young (Normal) (G1 Evacuation Pause) 514M->171M(577M) 2.421ms
[29.869s][info][gc,cpu         ] GC(78) User=0.00s Sys=0.00s Real=0.00s
[30.289s][info][gc,start       ] GC(79) Pause Young (Normal) (G1 Evacuation Pause)
[30.289s][info][gc,task        ] GC(79) Using 1 workers of 1 for evacuation
[30.291s][info][gc,phases      ] GC(79)   Pre Evacuate Collection Set: 0.0ms
[30.291s][info][gc,phases      ] GC(79)   Evacuate Collection Set: 1.7ms
[30.291s][info][gc,phases      ] GC(79)   Post Evacuate Collection Set: 0.3ms
[30.291s][info][gc,phases      ] GC(79)   Other: 0.3ms
[30.291s][info][gc,heap        ] GC(79) Eden regions: 343->0(343)
[30.291s][info][gc,heap        ] GC(79) Survivor regions: 1->1(43)
[30.291s][info][gc,heap        ] GC(79) Old regions: 161->161
[30.291s][info][gc,heap        ] GC(79) Humongous regions: 12->12
[30.291s][info][gc,metaspace   ] GC(79) Metaspace: 60714K->60714K(1103872K)
[30.291s][info][gc             ] GC(79) Pause Young (Normal) (G1 Evacuation Pause) 514M->171M(577M) 2.321ms
[30.291s][info][gc,cpu         ] GC(79) User=0.00s Sys=0.00s Real=0.00s
[30.609s][info][gc,start       ] GC(80) Pause Young (Normal) (G1 Evacuation Pause)
[30.609s][info][gc,task        ] GC(80) Using 1 workers of 1 for evacuation
[30.612s][info][gc,phases      ] GC(80)   Pre Evacuate Collection Set: 0.0ms
[30.612s][info][gc,phases      ] GC(80)   Evacuate Collection Set: 2.1ms
[30.612s][info][gc,phases      ] GC(80)   Post Evacuate Collection Set: 0.3ms
[30.612s][info][gc,phases      ] GC(80)   Other: 0.7ms
[30.612s][info][gc,heap        ] GC(80) Eden regions: 343->0(343)
[30.612s][info][gc,heap        ] GC(80) Survivor regions: 1->1(43)
[30.612s][info][gc,heap        ] GC(80) Old regions: 161->161
[30.612s][info][gc,heap        ] GC(80) Humongous regions: 12->12
[30.612s][info][gc,metaspace   ] GC(80) Metaspace: 60714K->60714K(1103872K)
[30.612s][info][gc             ] GC(80) Pause Young (Normal) (G1 Evacuation Pause) 514M->171M(577M) 3.218ms
[30.612s][info][gc,cpu         ] GC(80) User=0.00s Sys=0.00s Real=0.01s
[30.931s][info][gc,start       ] GC(81) Pause Young (Normal) (G1 Evacuation Pause)
[30.932s][info][gc,task        ] GC(81) Using 1 workers of 1 for evacuation
[30.934s][info][gc,phases      ] GC(81)   Pre Evacuate Collection Set: 0.0ms
[30.934s][info][gc,phases      ] GC(81)   Evacuate Collection Set: 1.6ms
[30.934s][info][gc,phases      ] GC(81)   Post Evacuate Collection Set: 0.3ms
[30.934s][info][gc,phases      ] GC(81)   Other: 0.3ms
[30.934s][info][gc,heap        ] GC(81) Eden regions: 343->0(343)
[30.934s][info][gc,heap        ] GC(81) Survivor regions: 1->1(43)
[30.934s][info][gc,heap        ] GC(81) Old regions: 161->161
[30.934s][info][gc,heap        ] GC(81) Humongous regions: 12->12
[30.934s][info][gc,metaspace   ] GC(81) Metaspace: 60714K->60714K(1103872K)
[30.934s][info][gc             ] GC(81) Pause Young (Normal) (G1 Evacuation Pause) 514M->171M(577M) 2.376ms
[30.934s][info][gc,cpu         ] GC(81) User=0.01s Sys=0.00s Real=0.01s
[31.252s][info][gc,start       ] GC(82) Pause Young (Normal) (G1 Evacuation Pause)
[31.253s][info][gc,task        ] GC(82) Using 1 workers of 1 for evacuation
[31.255s][info][gc,phases      ] GC(82)   Pre Evacuate Collection Set: 0.0ms
[31.255s][info][gc,phases      ] GC(82)   Evacuate Collection Set: 1.6ms
[31.255s][info][gc,phases      ] GC(82)   Post Evacuate Collection Set: 0.3ms
[31.255s][info][gc,phases      ] GC(82)   Other: 0.4ms
[31.255s][info][gc,heap        ] GC(82) Eden regions: 343->0(343)
[31.255s][info][gc,heap        ] GC(82) Survivor regions: 1->1(43)
[31.255s][info][gc,heap        ] GC(82) Old regions: 161->161
[31.255s][info][gc,heap        ] GC(82) Humongous regions: 12->12
[31.255s][info][gc,metaspace   ] GC(82) Metaspace: 60714K->60714K(1103872K)
[31.255s][info][gc             ] GC(82) Pause Young (Normal) (G1 Evacuation Pause) 514M->171M(577M) 2.424ms
[31.255s][info][gc,cpu         ] GC(82) User=0.01s Sys=0.00s Real=0.00s
[31.597s][info][gc,task        ] GC(83) Using 1 workers of 1 for full compaction
[31.597s][info][gc,start       ] GC(83) Pause Full (System.gc())
[31.598s][info][gc,phases,start] GC(83) Phase 1: Mark live objects
[31.755s][info][gc,stringtable ] GC(83) Cleaned string and symbol table, strings: 21696 processed, 22 removed, symbols: 131807 processed, 0 removed
[31.755s][info][gc,phases      ] GC(83) Phase 1: Mark live objects 156.889ms
[31.755s][info][gc,phases,start] GC(83) Phase 2: Prepare for compaction
[31.801s][info][gc,phases      ] GC(83) Phase 2: Prepare for compaction 46.012ms
[31.801s][info][gc,phases,start] GC(83) Phase 3: Adjust pointers
[31.880s][info][gc,phases      ] GC(83) Phase 3: Adjust pointers 79.150ms
[31.880s][info][gc,phases,start] GC(83) Phase 4: Compact heap
[31.905s][info][gc,phases      ] GC(83) Phase 4: Compact heap 25.031ms
[31.909s][info][gc,heap        ] GC(83) Eden regions: 311->0(344)
[31.909s][info][gc,heap        ] GC(83) Survivor regions: 1->0(43)
[31.909s][info][gc,heap        ] GC(83) Old regions: 161->161
[31.909s][info][gc,heap        ] GC(83) Humongous regions: 17->12
[31.909s][info][gc,metaspace   ] GC(83) Metaspace: 60744K->60744K(1103872K)
[31.909s][info][gc             ] GC(83) Pause Full (System.gc()) 487M->171M(577M) 312.049ms
[31.909s][info][gc,cpu         ] GC(83) User=0.31s Sys=0.00s Real=0.31s
[32.361s][info][gc,start       ] GC(84) Pause Young (Normal) (G1 Evacuation Pause)
[32.361s][info][gc,task        ] GC(84) Using 1 workers of 1 for evacuation
[32.363s][info][gc,phases      ] GC(84)   Pre Evacuate Collection Set: 0.0ms
[32.363s][info][gc,phases      ] GC(84)   Evacuate Collection Set: 1.8ms
[32.363s][info][gc,phases      ] GC(84)   Post Evacuate Collection Set: 0.3ms
[32.363s][info][gc,phases      ] GC(84)   Other: 0.3ms
[32.363s][info][gc,heap        ] GC(84) Eden regions: 344->0(344)
[32.363s][info][gc,heap        ] GC(84) Survivor regions: 0->1(43)
[32.363s][info][gc,heap        ] GC(84) Old regions: 161->161
[32.363s][info][gc,heap        ] GC(84) Humongous regions: 22->12
[32.363s][info][gc,metaspace   ] GC(84) Metaspace: 60815K->60815K(1103872K)
[32.363s][info][gc             ] GC(84) Pause Young (Normal) (G1 Evacuation Pause) 525M->171M(577M) 2.560ms
[32.363s][info][gc,cpu         ] GC(84) User=0.01s Sys=0.00s Real=0.00s
[32.701s][info][gc,start       ] GC(85) Pause Young (Normal) (G1 Evacuation Pause)
[32.701s][info][gc,task        ] GC(85) Using 1 workers of 1 for evacuation
[32.703s][info][gc,phases      ] GC(85)   Pre Evacuate Collection Set: 0.0ms
[32.703s][info][gc,phases      ] GC(85)   Evacuate Collection Set: 1.7ms
[32.703s][info][gc,phases      ] GC(85)   Post Evacuate Collection Set: 0.3ms
[32.703s][info][gc,phases      ] GC(85)   Other: 0.3ms
[32.703s][info][gc,heap        ] GC(85) Eden regions: 344->0(344)
[32.703s][info][gc,heap        ] GC(85) Survivor regions: 1->1(44)
[32.703s][info][gc,heap        ] GC(85) Old regions: 161->161
[32.703s][info][gc,heap        ] GC(85) Humongous regions: 12->12
[32.703s][info][gc,metaspace   ] GC(85) Metaspace: 60816K->60816K(1103872K)
[32.703s][info][gc             ] GC(85) Pause Young (Normal) (G1 Evacuation Pause) 515M->171M(577M) 2.412ms
[32.703s][info][gc,cpu         ] GC(85) User=0.00s Sys=0.00s Real=0.00s
[33.085s][info][gc,start       ] GC(86) Pause Young (Normal) (G1 Evacuation Pause)
[33.085s][info][gc,task        ] GC(86) Using 1 workers of 1 for evacuation
[33.088s][info][gc,phases      ] GC(86)   Pre Evacuate Collection Set: 0.0ms
[33.088s][info][gc,phases      ] GC(86)   Evacuate Collection Set: 1.8ms
[33.088s][info][gc,phases      ] GC(86)   Post Evacuate Collection Set: 0.3ms
[33.088s][info][gc,phases      ] GC(86)   Other: 0.3ms
[33.088s][info][gc,heap        ] GC(86) Eden regions: 344->0(344)
[33.088s][info][gc,heap        ] GC(86) Survivor regions: 1->1(44)
[33.088s][info][gc,heap        ] GC(86) Old regions: 161->161
[33.088s][info][gc,heap        ] GC(86) Humongous regions: 12->12
[33.088s][info][gc,metaspace   ] GC(86) Metaspace: 60816K->60816K(1103872K)
[33.088s][info][gc             ] GC(86) Pause Young (Normal) (G1 Evacuation Pause) 515M->171M(577M) 2.491ms
[33.088s][info][gc,cpu         ] GC(86) User=0.00s Sys=0.00s Real=0.00s
[33.414s][info][gc,start       ] GC(87) Pause Young (Normal) (G1 Evacuation Pause)
[33.414s][info][gc,task        ] GC(87) Using 1 workers of 1 for evacuation
[33.416s][info][gc,phases      ] GC(87)   Pre Evacuate Collection Set: 0.0ms
[33.416s][info][gc,phases      ] GC(87)   Evacuate Collection Set: 1.9ms
[33.416s][info][gc,phases      ] GC(87)   Post Evacuate Collection Set: 0.4ms
[33.416s][info][gc,phases      ] GC(87)   Other: 0.3ms
[33.416s][info][gc,heap        ] GC(87) Eden regions: 344->0(344)
[33.416s][info][gc,heap        ] GC(87) Survivor regions: 1->1(44)
[33.416s][info][gc,heap        ] GC(87) Old regions: 161->161
[33.416s][info][gc,heap        ] GC(87) Humongous regions: 12->12
[33.416s][info][gc,metaspace   ] GC(87) Metaspace: 60816K->60816K(1103872K)
[33.416s][info][gc             ] GC(87) Pause Young (Normal) (G1 Evacuation Pause) 515M->171M(577M) 2.651ms
[33.416s][info][gc,cpu         ] GC(87) User=0.00s Sys=0.00s Real=0.00s
[33.771s][info][gc,start       ] GC(88) Pause Young (Normal) (G1 Evacuation Pause)
[33.771s][info][gc,task        ] GC(88) Using 1 workers of 1 for evacuation
[33.773s][info][gc,phases      ] GC(88)   Pre Evacuate Collection Set: 0.0ms
[33.773s][info][gc,phases      ] GC(88)   Evacuate Collection Set: 1.7ms
[33.773s][info][gc,phases      ] GC(88)   Post Evacuate Collection Set: 0.3ms
[33.773s][info][gc,phases      ] GC(88)   Other: 0.4ms
[33.773s][info][gc,heap        ] GC(88) Eden regions: 344->0(344)
[33.773s][info][gc,heap        ] GC(88) Survivor regions: 1->1(44)
[33.773s][info][gc,heap        ] GC(88) Old regions: 161->161
[33.773s][info][gc,heap        ] GC(88) Humongous regions: 12->12
[33.773s][info][gc,metaspace   ] GC(88) Metaspace: 60816K->60816K(1103872K)
[33.773s][info][gc             ] GC(88) Pause Young (Normal) (G1 Evacuation Pause) 515M->171M(577M) 2.511ms
[33.773s][info][gc,cpu         ] GC(88) User=0.00s Sys=0.00s Real=0.01s
[34.095s][info][gc,start       ] GC(89) Pause Young (Normal) (G1 Evacuation Pause)
[34.095s][info][gc,task        ] GC(89) Using 1 workers of 1 for evacuation
[34.097s][info][gc,phases      ] GC(89)   Pre Evacuate Collection Set: 0.0ms
[34.097s][info][gc,phases      ] GC(89)   Evacuate Collection Set: 1.7ms
[34.097s][info][gc,phases      ] GC(89)   Post Evacuate Collection Set: 0.3ms
[34.097s][info][gc,phases      ] GC(89)   Other: 0.3ms
[34.097s][info][gc,heap        ] GC(89) Eden regions: 344->0(344)
[34.097s][info][gc,heap        ] GC(89) Survivor regions: 1->1(44)
[34.097s][info][gc,heap        ] GC(89) Old regions: 161->161
[34.097s][info][gc,heap        ] GC(89) Humongous regions: 12->12
[34.097s][info][gc,metaspace   ] GC(89) Metaspace: 60816K->60816K(1103872K)
[34.097s][info][gc             ] GC(89) Pause Young (Normal) (G1 Evacuation Pause) 515M->171M(577M) 2.421ms
[34.097s][info][gc,cpu         ] GC(89) User=0.00s Sys=0.00s Real=0.00s
[34.466s][info][gc,task        ] GC(90) Using 1 workers of 1 for full compaction
[34.467s][info][gc,start       ] GC(90) Pause Full (System.gc())
[34.467s][info][gc,phases,start] GC(90) Phase 1: Mark live objects
[34.639s][info][gc,stringtable ] GC(90) Cleaned string and symbol table, strings: 21729 processed, 22 removed, symbols: 131819 processed, 0 removed
[34.639s][info][gc,phases      ] GC(90) Phase 1: Mark live objects 171.897ms
[34.639s][info][gc,phases,start] GC(90) Phase 2: Prepare for compaction
[34.671s][info][gc,phases      ] GC(90) Phase 2: Prepare for compaction 32.098ms
[34.671s][info][gc,phases,start] GC(90) Phase 3: Adjust pointers
[34.758s][info][gc,phases      ] GC(90) Phase 3: Adjust pointers 86.810ms
[34.758s][info][gc,phases,start] GC(90) Phase 4: Compact heap
[34.823s][info][gc,phases      ] GC(90) Phase 4: Compact heap 64.403ms
[34.826s][info][gc,heap        ] GC(90) Eden regions: 306->0(344)
[34.826s][info][gc,heap        ] GC(90) Survivor regions: 1->0(44)
[34.826s][info][gc,heap        ] GC(90) Old regions: 161->161
[34.826s][info][gc,heap        ] GC(90) Humongous regions: 17->12
[34.826s][info][gc,metaspace   ] GC(90) Metaspace: 60837K->60837K(1103872K)
[34.826s][info][gc             ] GC(90) Pause Full (System.gc()) 482M->171M(577M) 359.932ms
[34.827s][info][gc,cpu         ] GC(90) User=0.35s Sys=0.01s Real=0.36s
[35.428s][info][gc,start       ] GC(91) Pause Young (Normal) (G1 Evacuation Pause)
[35.428s][info][gc,task        ] GC(91) Using 1 workers of 1 for evacuation
[35.430s][info][gc,phases      ] GC(91)   Pre Evacuate Collection Set: 0.0ms
[35.430s][info][gc,phases      ] GC(91)   Evacuate Collection Set: 1.9ms
[35.430s][info][gc,phases      ] GC(91)   Post Evacuate Collection Set: 0.4ms
[35.430s][info][gc,phases      ] GC(91)   Other: 0.4ms
[35.430s][info][gc,heap        ] GC(91) Eden regions: 344->0(344)
[35.430s][info][gc,heap        ] GC(91) Survivor regions: 0->1(43)
[35.430s][info][gc,heap        ] GC(91) Old regions: 161->161
[35.430s][info][gc,heap        ] GC(91) Humongous regions: 22->12
[35.430s][info][gc,metaspace   ] GC(91) Metaspace: 60908K->60908K(1103872K)
[35.430s][info][gc             ] GC(91) Pause Young (Normal) (G1 Evacuation Pause) 525M->171M(577M) 2.791ms
[35.431s][info][gc,cpu         ] GC(91) User=0.00s Sys=0.00s Real=0.00s
[35.775s][info][gc,start       ] GC(92) Pause Young (Normal) (G1 Evacuation Pause)
[35.776s][info][gc,task        ] GC(92) Using 1 workers of 1 for evacuation
[35.778s][info][gc,phases      ] GC(92)   Pre Evacuate Collection Set: 0.0ms
[35.778s][info][gc,phases      ] GC(92)   Evacuate Collection Set: 1.9ms
[35.778s][info][gc,phases      ] GC(92)   Post Evacuate Collection Set: 0.4ms
[35.778s][info][gc,phases      ] GC(92)   Other: 0.9ms
[35.778s][info][gc,heap        ] GC(92) Eden regions: 344->0(344)
[35.778s][info][gc,heap        ] GC(92) Survivor regions: 1->1(44)
[35.778s][info][gc,heap        ] GC(92) Old regions: 161->161
[35.778s][info][gc,heap        ] GC(92) Humongous regions: 12->12
[35.778s][info][gc,metaspace   ] GC(92) Metaspace: 60919K->60919K(1103872K)
[35.778s][info][gc             ] GC(92) Pause Young (Normal) (G1 Evacuation Pause) 515M->171M(577M) 3.179ms
[35.778s][info][gc,cpu         ] GC(92) User=0.01s Sys=0.00s Real=0.00s
[36.096s][info][gc,start       ] GC(93) Pause Young (Normal) (G1 Evacuation Pause)
[36.096s][info][gc,task        ] GC(93) Using 1 workers of 1 for evacuation
[36.099s][info][gc,phases      ] GC(93)   Pre Evacuate Collection Set: 0.0ms
[36.099s][info][gc,phases      ] GC(93)   Evacuate Collection Set: 1.8ms
[36.099s][info][gc,phases      ] GC(93)   Post Evacuate Collection Set: 0.3ms
[36.099s][info][gc,phases      ] GC(93)   Other: 0.4ms
[36.099s][info][gc,heap        ] GC(93) Eden regions: 344->0(344)
[36.099s][info][gc,heap        ] GC(93) Survivor regions: 1->1(44)
[36.099s][info][gc,heap        ] GC(93) Old regions: 161->161
[36.099s][info][gc,heap        ] GC(93) Humongous regions: 12->12
[36.099s][info][gc,metaspace   ] GC(93) Metaspace: 60919K->60919K(1103872K)
[36.099s][info][gc             ] GC(93) Pause Young (Normal) (G1 Evacuation Pause) 515M->171M(577M) 2.624ms
[36.099s][info][gc,cpu         ] GC(93) User=0.01s Sys=0.00s Real=0.01s
[36.437s][info][gc,start       ] GC(94) Pause Young (Normal) (G1 Evacuation Pause)
[36.437s][info][gc,task        ] GC(94) Using 1 workers of 1 for evacuation
[36.439s][info][gc,phases      ] GC(94)   Pre Evacuate Collection Set: 0.0ms
[36.439s][info][gc,phases      ] GC(94)   Evacuate Collection Set: 1.8ms
[36.439s][info][gc,phases      ] GC(94)   Post Evacuate Collection Set: 0.3ms
[36.439s][info][gc,phases      ] GC(94)   Other: 0.3ms
[36.439s][info][gc,heap        ] GC(94) Eden regions: 344->0(344)
[36.439s][info][gc,heap        ] GC(94) Survivor regions: 1->1(44)
[36.439s][info][gc,heap        ] GC(94) Old regions: 161->161
[36.439s][info][gc,heap        ] GC(94) Humongous regions: 12->12
[36.439s][info][gc,metaspace   ] GC(94) Metaspace: 60919K->60919K(1103872K)
[36.439s][info][gc             ] GC(94) Pause Young (Normal) (G1 Evacuation Pause) 515M->171M(577M) 2.514ms
[36.439s][info][gc,cpu         ] GC(94) User=0.00s Sys=0.00s Real=0.01s
[36.762s][info][gc,start       ] GC(95) Pause Young (Normal) (G1 Evacuation Pause)
[36.763s][info][gc,task        ] GC(95) Using 1 workers of 1 for evacuation
[36.765s][info][gc,phases      ] GC(95)   Pre Evacuate Collection Set: 0.0ms
[36.765s][info][gc,phases      ] GC(95)   Evacuate Collection Set: 1.8ms
[36.765s][info][gc,phases      ] GC(95)   Post Evacuate Collection Set: 0.3ms
[36.765s][info][gc,phases      ] GC(95)   Other: 0.3ms
[36.765s][info][gc,heap        ] GC(95) Eden regions: 344->0(344)
[36.765s][info][gc,heap        ] GC(95) Survivor regions: 1->1(44)
[36.765s][info][gc,heap        ] GC(95) Old regions: 161->161
[36.765s][info][gc,heap        ] GC(95) Humongous regions: 12->12
[36.765s][info][gc,metaspace   ] GC(95) Metaspace: 60919K->60919K(1103872K)
[36.765s][info][gc             ] GC(95) Pause Young (Normal) (G1 Evacuation Pause) 515M->171M(577M) 2.552ms
[36.765s][info][gc,cpu         ] GC(95) User=0.01s Sys=0.00s Real=0.00s
[37.097s][info][gc,start       ] GC(96) Pause Young (Normal) (G1 Evacuation Pause)
[37.097s][info][gc,task        ] GC(96) Using 1 workers of 1 for evacuation
[37.099s][info][gc,phases      ] GC(96)   Pre Evacuate Collection Set: 0.0ms
[37.099s][info][gc,phases      ] GC(96)   Evacuate Collection Set: 1.7ms
[37.099s][info][gc,phases      ] GC(96)   Post Evacuate Collection Set: 0.3ms
[37.099s][info][gc,phases      ] GC(96)   Other: 0.3ms
[37.099s][info][gc,heap        ] GC(96) Eden regions: 344->0(344)
[37.099s][info][gc,heap        ] GC(96) Survivor regions: 1->1(44)
[37.099s][info][gc,heap        ] GC(96) Old regions: 161->161
[37.100s][info][gc,heap        ] GC(96) Humongous regions: 12->12
[37.100s][info][gc,metaspace   ] GC(96) Metaspace: 60919K->60919K(1103872K)
[37.100s][info][gc             ] GC(96) Pause Young (Normal) (G1 Evacuation Pause) 515M->171M(577M) 2.417ms
[37.100s][info][gc,cpu         ] GC(96) User=0.00s Sys=0.00s Real=0.01s
[37.485s][info][gc,task        ] GC(97) Using 1 workers of 1 for full compaction
[37.485s][info][gc,start       ] GC(97) Pause Full (System.gc())
[37.486s][info][gc,phases,start] GC(97) Phase 1: Mark live objects
[37.638s][info][gc,stringtable ] GC(97) Cleaned string and symbol table, strings: 21736 processed, 22 removed, symbols: 131819 processed, 0 removed
[37.639s][info][gc,phases      ] GC(97) Phase 1: Mark live objects 152.578ms
[37.639s][info][gc,phases,start] GC(97) Phase 2: Prepare for compaction
[37.670s][info][gc,phases      ] GC(97) Phase 2: Prepare for compaction 31.422ms
[37.670s][info][gc,phases,start] GC(97) Phase 3: Adjust pointers
[37.750s][info][gc,phases      ] GC(97) Phase 3: Adjust pointers 80.472ms
[37.751s][info][gc,phases,start] GC(97) Phase 4: Compact heap
[37.775s][info][gc,phases      ] GC(97) Phase 4: Compact heap 24.522ms
[37.779s][info][gc,heap        ] GC(97) Eden regions: 304->0(344)
[37.779s][info][gc,heap        ] GC(97) Survivor regions: 1->0(44)
[37.779s][info][gc,heap        ] GC(97) Old regions: 161->161
[37.779s][info][gc,heap        ] GC(97) Humongous regions: 17->12
[37.779s][info][gc,metaspace   ] GC(97) Metaspace: 60924K->60924K(1103872K)
[37.779s][info][gc             ] GC(97) Pause Full (System.gc()) 480M->171M(577M) 294.143ms
[37.779s][info][gc,cpu         ] GC(97) User=0.29s Sys=0.00s Real=0.29s
[38.284s][info][gc,start       ] GC(98) Pause Young (Normal) (G1 Evacuation Pause)
[38.284s][info][gc,task        ] GC(98) Using 1 workers of 1 for evacuation
[38.286s][info][gc,phases      ] GC(98)   Pre Evacuate Collection Set: 0.0ms
[38.286s][info][gc,phases      ] GC(98)   Evacuate Collection Set: 1.9ms
[38.286s][info][gc,phases      ] GC(98)   Post Evacuate Collection Set: 0.3ms
[38.286s][info][gc,phases      ] GC(98)   Other: 0.4ms
[38.286s][info][gc,heap        ] GC(98) Eden regions: 344->0(344)
[38.286s][info][gc,heap        ] GC(98) Survivor regions: 0->1(43)
[38.286s][info][gc,heap        ] GC(98) Old regions: 161->161
[38.286s][info][gc,heap        ] GC(98) Humongous regions: 22->12
[38.286s][info][gc,metaspace   ] GC(98) Metaspace: 61003K->61003K(1103872K)
[38.286s][info][gc             ] GC(98) Pause Young (Normal) (G1 Evacuation Pause) 525M->172M(577M) 2.657ms
[38.286s][info][gc,cpu         ] GC(98) User=0.00s Sys=0.01s Real=0.00s
[38.623s][info][gc,start       ] GC(99) Pause Young (Normal) (G1 Evacuation Pause)
[38.623s][info][gc,task        ] GC(99) Using 1 workers of 1 for evacuation
[38.625s][info][gc,phases      ] GC(99)   Pre Evacuate Collection Set: 0.0ms
[38.625s][info][gc,phases      ] GC(99)   Evacuate Collection Set: 1.8ms
[38.625s][info][gc,phases      ] GC(99)   Post Evacuate Collection Set: 0.3ms
[38.625s][info][gc,phases      ] GC(99)   Other: 0.4ms
[38.625s][info][gc,heap        ] GC(99) Eden regions: 344->0(344)
[38.625s][info][gc,heap        ] GC(99) Survivor regions: 1->1(44)
[38.625s][info][gc,heap        ] GC(99) Old regions: 161->161
[38.625s][info][gc,heap        ] GC(99) Humongous regions: 12->12
[38.625s][info][gc,metaspace   ] GC(99) Metaspace: 61015K->61015K(1103872K)
[38.625s][info][gc             ] GC(99) Pause Young (Normal) (G1 Evacuation Pause) 516M->172M(577M) 2.551ms
[38.625s][info][gc,cpu         ] GC(99) User=0.01s Sys=0.00s Real=0.00s
[38.960s][info][gc,start       ] GC(100) Pause Young (Normal) (G1 Evacuation Pause)
[38.960s][info][gc,task        ] GC(100) Using 1 workers of 1 for evacuation
[38.962s][info][gc,phases      ] GC(100)   Pre Evacuate Collection Set: 0.0ms
[38.962s][info][gc,phases      ] GC(100)   Evacuate Collection Set: 2.1ms
[38.962s][info][gc,phases      ] GC(100)   Post Evacuate Collection Set: 0.3ms
[38.962s][info][gc,phases      ] GC(100)   Other: 0.4ms
[38.962s][info][gc,heap        ] GC(100) Eden regions: 344->0(344)
[38.962s][info][gc,heap        ] GC(100) Survivor regions: 1->1(44)
[38.962s][info][gc,heap        ] GC(100) Old regions: 161->161
[38.962s][info][gc,heap        ] GC(100) Humongous regions: 12->12
[38.962s][info][gc,metaspace   ] GC(100) Metaspace: 61015K->61015K(1103872K)
[38.962s][info][gc             ] GC(100) Pause Young (Normal) (G1 Evacuation Pause) 516M->172M(577M) 2.894ms
[38.963s][info][gc,cpu         ] GC(100) User=0.00s Sys=0.00s Real=0.00s
[39.304s][info][gc,start       ] GC(101) Pause Young (Normal) (G1 Evacuation Pause)
[39.304s][info][gc,task        ] GC(101) Using 1 workers of 1 for evacuation
[39.306s][info][gc,phases      ] GC(101)   Pre Evacuate Collection Set: 0.0ms
[39.306s][info][gc,phases      ] GC(101)   Evacuate Collection Set: 1.8ms
[39.306s][info][gc,phases      ] GC(101)   Post Evacuate Collection Set: 0.3ms
[39.306s][info][gc,phases      ] GC(101)   Other: 0.4ms
[39.306s][info][gc,heap        ] GC(101) Eden regions: 344->0(344)
[39.306s][info][gc,heap        ] GC(101) Survivor regions: 1->1(44)
[39.306s][info][gc,heap        ] GC(101) Old regions: 161->161
[39.306s][info][gc,heap        ] GC(101) Humongous regions: 12->12
[39.306s][info][gc,metaspace   ] GC(101) Metaspace: 61015K->61015K(1103872K)
[39.306s][info][gc             ] GC(101) Pause Young (Normal) (G1 Evacuation Pause) 516M->172M(577M) 2.622ms
[39.306s][info][gc,cpu         ] GC(101) User=0.01s Sys=0.00s Real=0.00s
[39.658s][info][gc,start       ] GC(102) Pause Young (Normal) (G1 Evacuation Pause)
[39.658s][info][gc,task        ] GC(102) Using 1 workers of 1 for evacuation
[39.661s][info][gc,phases      ] GC(102)   Pre Evacuate Collection Set: 0.0ms
[39.661s][info][gc,phases      ] GC(102)   Evacuate Collection Set: 1.9ms
[39.661s][info][gc,phases      ] GC(102)   Post Evacuate Collection Set: 0.3ms
[39.661s][info][gc,phases      ] GC(102)   Other: 0.3ms
[39.661s][info][gc,heap        ] GC(102) Eden regions: 344->0(344)
[39.661s][info][gc,heap        ] GC(102) Survivor regions: 1->1(44)
[39.661s][info][gc,heap        ] GC(102) Old regions: 161->161
[39.661s][info][gc,heap        ] GC(102) Humongous regions: 12->12
[39.661s][info][gc,metaspace   ] GC(102) Metaspace: 61015K->61015K(1103872K)
[39.661s][info][gc             ] GC(102) Pause Young (Normal) (G1 Evacuation Pause) 516M->172M(577M) 2.663ms
[39.661s][info][gc,cpu         ] GC(102) User=0.00s Sys=0.00s Real=0.01s
[39.981s][info][gc,start       ] GC(103) Pause Young (Normal) (G1 Evacuation Pause)
[39.981s][info][gc,task        ] GC(103) Using 1 workers of 1 for evacuation
[39.984s][info][gc,phases      ] GC(103)   Pre Evacuate Collection Set: 0.0ms
[39.984s][info][gc,phases      ] GC(103)   Evacuate Collection Set: 2.2ms
[39.984s][info][gc,phases      ] GC(103)   Post Evacuate Collection Set: 0.4ms
[39.984s][info][gc,phases      ] GC(103)   Other: 0.3ms
[39.984s][info][gc,heap        ] GC(103) Eden regions: 344->0(344)
[39.984s][info][gc,heap        ] GC(103) Survivor regions: 1->1(44)
[39.984s][info][gc,heap        ] GC(103) Old regions: 161->161
[39.984s][info][gc,heap        ] GC(103) Humongous regions: 12->12
[39.984s][info][gc,metaspace   ] GC(103) Metaspace: 61015K->61015K(1103872K)
[39.984s][info][gc             ] GC(103) Pause Young (Normal) (G1 Evacuation Pause) 516M->172M(577M) 3.015ms
[39.984s][info][gc,cpu         ] GC(103) User=0.00s Sys=0.00s Real=0.00s
[40.316s][info][gc,task        ] GC(104) Using 1 workers of 1 for full compaction
[40.316s][info][gc,start       ] GC(104) Pause Full (System.gc())
[40.317s][info][gc,phases,start] GC(104) Phase 1: Mark live objects
[40.467s][info][gc,stringtable ] GC(104) Cleaned string and symbol table, strings: 21746 processed, 22 removed, symbols: 131834 processed, 0 removed
[40.467s][info][gc,phases      ] GC(104) Phase 1: Mark live objects 149.692ms
[40.467s][info][gc,phases,start] GC(104) Phase 2: Prepare for compaction
[40.498s][info][gc,phases      ] GC(104) Phase 2: Prepare for compaction 31.544ms
[40.498s][info][gc,phases,start] GC(104) Phase 3: Adjust pointers
[40.582s][info][gc,phases      ] GC(104) Phase 3: Adjust pointers 83.687ms
[40.582s][info][gc,phases,start] GC(104) Phase 4: Compact heap
[40.637s][info][gc,phases      ] GC(104) Phase 4: Compact heap 54.411ms
[40.640s][info][gc,heap        ] GC(104) Eden regions: 306->0(345)
[40.640s][info][gc,heap        ] GC(104) Survivor regions: 1->0(44)
[40.640s][info][gc,heap        ] GC(104) Old regions: 161->161
[40.640s][info][gc,heap        ] GC(104) Humongous regions: 17->12
[40.640s][info][gc,metaspace   ] GC(104) Metaspace: 61037K->61037K(1103872K)
[40.640s][info][gc             ] GC(104) Pause Full (System.gc()) 482M->171M(577M) 324.273ms
[40.640s][info][gc,cpu         ] GC(104) User=0.32s Sys=0.00s Real=0.33s
[41.152s][info][gc,start       ] GC(105) Pause Young (Normal) (G1 Evacuation Pause)
[41.153s][info][gc,task        ] GC(105) Using 1 workers of 1 for evacuation
[41.159s][info][gc,phases      ] GC(105)   Pre Evacuate Collection Set: 0.0ms
[41.159s][info][gc,phases      ] GC(105)   Evacuate Collection Set: 4.4ms
[41.159s][info][gc,phases      ] GC(105)   Post Evacuate Collection Set: 0.9ms
[41.159s][info][gc,phases      ] GC(105)   Other: 1.5ms
[41.159s][info][gc,heap        ] GC(105) Eden regions: 345->0(344)
[41.159s][info][gc,heap        ] GC(105) Survivor regions: 0->1(44)
[41.159s][info][gc,heap        ] GC(105) Old regions: 161->161
[41.159s][info][gc,heap        ] GC(105) Humongous regions: 22->12
[41.159s][info][gc,metaspace   ] GC(105) Metaspace: 61071K->61071K(1103872K)
[41.159s][info][gc             ] GC(105) Pause Young (Normal) (G1 Evacuation Pause) 526M->172M(577M) 7.378ms
[41.159s][info][gc,cpu         ] GC(105) User=0.01s Sys=0.00s Real=0.01s
[41.506s][info][gc,start       ] GC(106) Pause Young (Normal) (G1 Evacuation Pause)
[41.506s][info][gc,task        ] GC(106) Using 1 workers of 1 for evacuation
[41.508s][info][gc,phases      ] GC(106)   Pre Evacuate Collection Set: 0.0ms
[41.508s][info][gc,phases      ] GC(106)   Evacuate Collection Set: 1.9ms
[41.508s][info][gc,phases      ] GC(106)   Post Evacuate Collection Set: 0.3ms
[41.508s][info][gc,phases      ] GC(106)   Other: 0.3ms
[41.508s][info][gc,heap        ] GC(106) Eden regions: 344->0(344)
[41.508s][info][gc,heap        ] GC(106) Survivor regions: 1->1(44)
[41.508s][info][gc,heap        ] GC(106) Old regions: 161->161
[41.508s][info][gc,heap        ] GC(106) Humongous regions: 12->12
[41.508s][info][gc,metaspace   ] GC(106) Metaspace: 61071K->61071K(1103872K)
[41.508s][info][gc             ] GC(106) Pause Young (Normal) (G1 Evacuation Pause) 516M->172M(577M) 2.647ms
[41.508s][info][gc,cpu         ] GC(106) User=0.00s Sys=0.00s Real=0.00s
[41.904s][info][gc,start       ] GC(107) Pause Young (Normal) (G1 Evacuation Pause)
[41.904s][info][gc,task        ] GC(107) Using 1 workers of 1 for evacuation
[41.906s][info][gc,phases      ] GC(107)   Pre Evacuate Collection Set: 0.0ms
[41.906s][info][gc,phases      ] GC(107)   Evacuate Collection Set: 1.9ms
[41.906s][info][gc,phases      ] GC(107)   Post Evacuate Collection Set: 0.3ms
[41.906s][info][gc,phases      ] GC(107)   Other: 0.4ms
[41.906s][info][gc,heap        ] GC(107) Eden regions: 344->0(344)
[41.906s][info][gc,heap        ] GC(107) Survivor regions: 1->1(44)
[41.906s][info][gc,heap        ] GC(107) Old regions: 161->161
[41.906s][info][gc,heap        ] GC(107) Humongous regions: 12->12
[41.906s][info][gc,metaspace   ] GC(107) Metaspace: 61071K->61071K(1103872K)
[41.906s][info][gc             ] GC(107) Pause Young (Normal) (G1 Evacuation Pause) 516M->172M(577M) 2.671ms
[41.907s][info][gc,cpu         ] GC(107) User=0.00s Sys=0.00s Real=0.00s
[42.224s][info][gc,start       ] GC(108) Pause Young (Normal) (G1 Evacuation Pause)
[42.224s][info][gc,task        ] GC(108) Using 1 workers of 1 for evacuation
[42.227s][info][gc,phases      ] GC(108)   Pre Evacuate Collection Set: 0.0ms
[42.227s][info][gc,phases      ] GC(108)   Evacuate Collection Set: 1.9ms
[42.227s][info][gc,phases      ] GC(108)   Post Evacuate Collection Set: 0.5ms
[42.227s][info][gc,phases      ] GC(108)   Other: 0.3ms
[42.227s][info][gc,heap        ] GC(108) Eden regions: 344->0(344)
[42.227s][info][gc,heap        ] GC(108) Survivor regions: 1->1(44)
[42.227s][info][gc,heap        ] GC(108) Old regions: 161->161
[42.227s][info][gc,heap        ] GC(108) Humongous regions: 12->12
[42.227s][info][gc,metaspace   ] GC(108) Metaspace: 61071K->61071K(1103872K)
[42.227s][info][gc             ] GC(108) Pause Young (Normal) (G1 Evacuation Pause) 516M->172M(577M) 2.860ms
[42.227s][info][gc,cpu         ] GC(108) User=0.00s Sys=0.00s Real=0.00s
[42.619s][info][gc,start       ] GC(109) Pause Young (Normal) (G1 Evacuation Pause)
[42.619s][info][gc,task        ] GC(109) Using 1 workers of 1 for evacuation
[42.621s][info][gc,phases      ] GC(109)   Pre Evacuate Collection Set: 0.0ms
[42.621s][info][gc,phases      ] GC(109)   Evacuate Collection Set: 1.9ms
[42.621s][info][gc,phases      ] GC(109)   Post Evacuate Collection Set: 0.3ms
[42.621s][info][gc,phases      ] GC(109)   Other: 0.4ms
[42.621s][info][gc,heap        ] GC(109) Eden regions: 344->0(344)
[42.621s][info][gc,heap        ] GC(109) Survivor regions: 1->1(44)
[42.621s][info][gc,heap        ] GC(109) Old regions: 161->161
[42.621s][info][gc,heap        ] GC(109) Humongous regions: 12->12
[42.621s][info][gc,metaspace   ] GC(109) Metaspace: 61071K->61071K(1103872K)
[42.621s][info][gc             ] GC(109) Pause Young (Normal) (G1 Evacuation Pause) 516M->172M(577M) 2.749ms
[42.621s][info][gc,cpu         ] GC(109) User=0.00s Sys=0.00s Real=0.01s
[42.956s][info][gc,start       ] GC(110) Pause Young (Normal) (G1 Evacuation Pause)
[42.956s][info][gc,task        ] GC(110) Using 1 workers of 1 for evacuation
[42.958s][info][gc,phases      ] GC(110)   Pre Evacuate Collection Set: 0.0ms
[42.958s][info][gc,phases      ] GC(110)   Evacuate Collection Set: 1.9ms
[42.958s][info][gc,phases      ] GC(110)   Post Evacuate Collection Set: 0.4ms
[42.958s][info][gc,phases      ] GC(110)   Other: 0.3ms
[42.958s][info][gc,heap        ] GC(110) Eden regions: 344->0(344)
[42.958s][info][gc,heap        ] GC(110) Survivor regions: 1->1(44)
[42.958s][info][gc,heap        ] GC(110) Old regions: 161->161
[42.959s][info][gc,heap        ] GC(110) Humongous regions: 12->12
[42.959s][info][gc,metaspace   ] GC(110) Metaspace: 61071K->61071K(1103872K)
[42.959s][info][gc             ] GC(110) Pause Young (Normal) (G1 Evacuation Pause) 516M->172M(577M) 2.643ms
[42.959s][info][gc,cpu         ] GC(110) User=0.00s Sys=0.00s Real=0.00s
[43.329s][info][gc,task        ] GC(111) Using 1 workers of 1 for full compaction
[43.329s][info][gc,start       ] GC(111) Pause Full (System.gc())
[43.331s][info][gc,phases,start] GC(111) Phase 1: Mark live objects
[43.499s][info][gc,stringtable ] GC(111) Cleaned string and symbol table, strings: 21748 processed, 22 removed, symbols: 131834 processed, 0 removed
[43.499s][info][gc,phases      ] GC(111) Phase 1: Mark live objects 167.778ms
[43.499s][info][gc,phases,start] GC(111) Phase 2: Prepare for compaction
[43.530s][info][gc,phases      ] GC(111) Phase 2: Prepare for compaction 31.346ms
[43.530s][info][gc,phases,start] GC(111) Phase 3: Adjust pointers
[43.610s][info][gc,phases      ] GC(111) Phase 3: Adjust pointers 79.608ms
[43.610s][info][gc,phases,start] GC(111) Phase 4: Compact heap
[43.646s][info][gc,phases      ] GC(111) Phase 4: Compact heap 36.047ms
[43.654s][info][gc,heap        ] GC(111) Eden regions: 304->0(344)
[43.654s][info][gc,heap        ] GC(111) Survivor regions: 1->0(44)
[43.654s][info][gc,heap        ] GC(111) Old regions: 161->162
[43.654s][info][gc,heap        ] GC(111) Humongous regions: 17->12
[43.654s][info][gc,metaspace   ] GC(111) Metaspace: 61082K->61082K(1103872K)
[43.654s][info][gc             ] GC(111) Pause Full (System.gc()) 480M->171M(577M) 325.484ms
[43.654s][info][gc,cpu         ] GC(111) User=0.32s Sys=0.00s Real=0.33s
[44.162s][info][gc,start       ] GC(112) Pause Young (Normal) (G1 Evacuation Pause)
[44.162s][info][gc,task        ] GC(112) Using 1 workers of 1 for evacuation
[44.164s][info][gc,phases      ] GC(112)   Pre Evacuate Collection Set: 0.0ms
[44.165s][info][gc,phases      ] GC(112)   Evacuate Collection Set: 2.0ms
[44.165s][info][gc,phases      ] GC(112)   Post Evacuate Collection Set: 0.4ms
[44.165s][info][gc,phases      ] GC(112)   Other: 0.4ms
[44.165s][info][gc,heap        ] GC(112) Eden regions: 344->0(343)
[44.165s][info][gc,heap        ] GC(112) Survivor regions: 0->1(43)
[44.165s][info][gc,heap        ] GC(112) Old regions: 162->162
[44.165s][info][gc,heap        ] GC(112) Humongous regions: 22->12
[44.165s][info][gc,metaspace   ] GC(112) Metaspace: 61103K->61103K(1103872K)
[44.165s][info][gc             ] GC(112) Pause Young (Normal) (G1 Evacuation Pause) 525M->172M(577M) 2.892ms
[44.165s][info][gc,cpu         ] GC(112) User=0.00s Sys=0.00s Real=0.00s
[44.496s][info][gc,start       ] GC(113) Pause Young (Normal) (G1 Evacuation Pause)
[44.496s][info][gc,task        ] GC(113) Using 1 workers of 1 for evacuation
[44.499s][info][gc,phases      ] GC(113)   Pre Evacuate Collection Set: 0.0ms
[44.499s][info][gc,phases      ] GC(113)   Evacuate Collection Set: 1.9ms
[44.499s][info][gc,phases      ] GC(113)   Post Evacuate Collection Set: 0.4ms
[44.499s][info][gc,phases      ] GC(113)   Other: 0.3ms
[44.499s][info][gc,heap        ] GC(113) Eden regions: 343->0(343)
[44.499s][info][gc,heap        ] GC(113) Survivor regions: 1->1(43)
[44.499s][info][gc,heap        ] GC(113) Old regions: 162->162
[44.499s][info][gc,heap        ] GC(113) Humongous regions: 12->12
[44.499s][info][gc,metaspace   ] GC(113) Metaspace: 61111K->61111K(1103872K)
[44.499s][info][gc             ] GC(113) Pause Young (Normal) (G1 Evacuation Pause) 515M->172M(577M) 2.697ms
[44.499s][info][gc,cpu         ] GC(113) User=0.00s Sys=0.00s Real=0.00s
[44.829s][info][gc,start       ] GC(114) Pause Young (Normal) (G1 Evacuation Pause)
[44.829s][info][gc,task        ] GC(114) Using 1 workers of 1 for evacuation
[44.831s][info][gc,phases      ] GC(114)   Pre Evacuate Collection Set: 0.0ms
[44.831s][info][gc,phases      ] GC(114)   Evacuate Collection Set: 1.9ms
[44.831s][info][gc,phases      ] GC(114)   Post Evacuate Collection Set: 0.3ms
[44.831s][info][gc,phases      ] GC(114)   Other: 0.4ms
[44.831s][info][gc,heap        ] GC(114) Eden regions: 343->0(343)
[44.831s][info][gc,heap        ] GC(114) Survivor regions: 1->1(43)
[44.831s][info][gc,heap        ] GC(114) Old regions: 162->162
[44.831s][info][gc,heap        ] GC(114) Humongous regions: 12->12
[44.831s][info][gc,metaspace   ] GC(114) Metaspace: 61111K->61111K(1103872K)
[44.831s][info][gc             ] GC(114) Pause Young (Normal) (G1 Evacuation Pause) 515M->172M(577M) 2.792ms
[44.832s][info][gc,cpu         ] GC(114) User=0.00s Sys=0.00s Real=0.01s
[45.224s][info][gc,start       ] GC(115) Pause Young (Normal) (G1 Evacuation Pause)
[45.224s][info][gc,task        ] GC(115) Using 1 workers of 1 for evacuation
[45.229s][info][gc,phases      ] GC(115)   Pre Evacuate Collection Set: 0.0ms
[45.229s][info][gc,phases      ] GC(115)   Evacuate Collection Set: 4.3ms
[45.229s][info][gc,phases      ] GC(115)   Post Evacuate Collection Set: 0.4ms
[45.229s][info][gc,phases      ] GC(115)   Other: 0.4ms
[45.229s][info][gc,heap        ] GC(115) Eden regions: 343->0(343)
[45.229s][info][gc,heap        ] GC(115) Survivor regions: 1->1(43)
[45.229s][info][gc,heap        ] GC(115) Old regions: 162->162
[45.229s][info][gc,heap        ] GC(115) Humongous regions: 12->12
[45.229s][info][gc,metaspace   ] GC(115) Metaspace: 61111K->61111K(1103872K)
[45.229s][info][gc             ] GC(115) Pause Young (Normal) (G1 Evacuation Pause) 515M->172M(577M) 5.149ms
[45.229s][info][gc,cpu         ] GC(115) User=0.01s Sys=0.00s Real=0.00s
[45.579s][info][gc,start       ] GC(116) Pause Young (Normal) (G1 Evacuation Pause)
[45.579s][info][gc,task        ] GC(116) Using 1 workers of 1 for evacuation
[45.582s][info][gc,phases      ] GC(116)   Pre Evacuate Collection Set: 0.0ms
[45.582s][info][gc,phases      ] GC(116)   Evacuate Collection Set: 1.9ms
[45.582s][info][gc,phases      ] GC(116)   Post Evacuate Collection Set: 0.3ms
[45.582s][info][gc,phases      ] GC(116)   Other: 0.3ms
[45.582s][info][gc,heap        ] GC(116) Eden regions: 343->0(343)
[45.582s][info][gc,heap        ] GC(116) Survivor regions: 1->1(43)
[45.582s][info][gc,heap        ] GC(116) Old regions: 162->162
[45.582s][info][gc,heap        ] GC(116) Humongous regions: 12->12
[45.582s][info][gc,metaspace   ] GC(116) Metaspace: 61111K->61111K(1103872K)
[45.582s][info][gc             ] GC(116) Pause Young (Normal) (G1 Evacuation Pause) 515M->172M(577M) 2.645ms
[45.582s][info][gc,cpu         ] GC(116) User=0.00s Sys=0.00s Real=0.00s
[45.905s][info][gc,start       ] GC(117) Pause Young (Normal) (G1 Evacuation Pause)
[45.905s][info][gc,task        ] GC(117) Using 1 workers of 1 for evacuation
[45.907s][info][gc,phases      ] GC(117)   Pre Evacuate Collection Set: 0.0ms
[45.907s][info][gc,phases      ] GC(117)   Evacuate Collection Set: 1.9ms
[45.907s][info][gc,phases      ] GC(117)   Post Evacuate Collection Set: 0.4ms
[45.907s][info][gc,phases      ] GC(117)   Other: 0.3ms
[45.907s][info][gc,heap        ] GC(117) Eden regions: 343->0(343)
[45.907s][info][gc,heap        ] GC(117) Survivor regions: 1->1(43)
[45.907s][info][gc,heap        ] GC(117) Old regions: 162->162
[45.907s][info][gc,heap        ] GC(117) Humongous regions: 12->12
[45.907s][info][gc,metaspace   ] GC(117) Metaspace: 61111K->61111K(1103872K)
[45.908s][info][gc             ] GC(117) Pause Young (Normal) (G1 Evacuation Pause) 515M->172M(577M) 2.767ms
[45.908s][info][gc,cpu         ] GC(117) User=0.01s Sys=0.00s Real=0.00s
[46.349s][info][gc,start       ] GC(118) Pause Young (Normal) (G1 Evacuation Pause)
[46.349s][info][gc,task        ] GC(118) Using 1 workers of 1 for evacuation
[46.352s][info][gc,phases      ] GC(118)   Pre Evacuate Collection Set: 0.0ms
[46.352s][info][gc,phases      ] GC(118)   Evacuate Collection Set: 2.2ms
[46.352s][info][gc,phases      ] GC(118)   Post Evacuate Collection Set: 0.4ms
[46.352s][info][gc,phases      ] GC(118)   Other: 0.3ms
[46.352s][info][gc,heap        ] GC(118) Eden regions: 343->0(343)
[46.352s][info][gc,heap        ] GC(118) Survivor regions: 1->1(43)
[46.352s][info][gc,heap        ] GC(118) Old regions: 162->162
[46.352s][info][gc,heap        ] GC(118) Humongous regions: 17->12
[46.352s][info][gc,metaspace   ] GC(118) Metaspace: 61502K->61502K(1103872K)
[46.352s][info][gc             ] GC(118) Pause Young (Normal) (G1 Evacuation Pause) 520M->172M(577M) 2.897ms
[46.352s][info][gc,cpu         ] GC(118) User=0.00s Sys=0.00s Real=0.01s
[46.394s][info][gc,heap,exit   ] Heap
[46.394s][info][gc,heap,exit   ]  garbage-first heap   total 590848K, used 180297K [0x00000000d1200000, 0x0000000100000000)
[46.394s][info][gc,heap,exit   ]   region size 1024K, 6 young (6144K), 1 survivors (1024K)
[46.394s][info][gc,heap,exit   ]  Metaspace       used 61656K, capacity 65347K, committed 65436K, reserved 1103872K
[46.394s][info][gc,heap,exit   ]   class space    used 8725K, capacity 10562K, committed 10572K, reserved 1048576K
