[0.003s][info][gc,heap] Heap region size: 1M
[0.005s][info][gc     ] Using G1
[0.005s][info][gc,heap,coops] Heap address: 0x00000000b1e00000, size: 1250 MB, Compressed Oops mode: 32-bit
[0.440s][info][gc,start     ] GC(0) Pause Young (Normal) (G1 Evacuation Pause)
[0.440s][info][gc,task      ] GC(0) Using 1 workers of 1 for evacuation
[0.445s][info][gc,phases    ] GC(0)   Pre Evacuate Collection Set: 0.0ms
[0.445s][info][gc,phases    ] GC(0)   Evacuate Collection Set: 4.2ms
[0.445s][info][gc,phases    ] GC(0)   Post Evacuate Collection Set: 0.2ms
[0.445s][info][gc,phases    ] GC(0)   Other: 0.2ms
[0.445s][info][gc,heap      ] GC(0) Eden regions: 6->0(5)
[0.445s][info][gc,heap      ] GC(0) Survivor regions: 0->1(1)
[0.445s][info][gc,heap      ] GC(0) Old regions: 0->2
[0.445s][info][gc,heap      ] GC(0) Humongous regions: 0->0
[0.445s][info][gc,metaspace ] GC(0) Metaspace: 2151K->2151K(1056768K)
[0.445s][info][gc           ] GC(0) Pause Young (Normal) (G1 Evacuation Pause) 6M->2M(126M) 4.603ms
[0.445s][info][gc,cpu       ] GC(0) User=0.01s Sys=0.00s Real=0.00s
[0.622s][info][gc,start     ] GC(1) Pause Young (Normal) (G1 Evacuation Pause)
[0.622s][info][gc,task      ] GC(1) Using 1 workers of 1 for evacuation
[0.625s][info][gc,phases    ] GC(1)   Pre Evacuate Collection Set: 0.0ms
[0.625s][info][gc,phases    ] GC(1)   Evacuate Collection Set: 2.3ms
[0.625s][info][gc,phases    ] GC(1)   Post Evacuate Collection Set: 0.1ms
[0.625s][info][gc,phases    ] GC(1)   Other: 0.1ms
[0.625s][info][gc,heap      ] GC(1) Eden regions: 5->0(6)
[0.625s][info][gc,heap      ] GC(1) Survivor regions: 1->1(1)
[0.625s][info][gc,heap      ] GC(1) Old regions: 2->3
[0.625s][info][gc,heap      ] GC(1) Humongous regions: 0->0
[0.625s][info][gc,metaspace ] GC(1) Metaspace: 4300K->4300K(1056768K)
[0.625s][info][gc           ] GC(1) Pause Young (Normal) (G1 Evacuation Pause) 7M->2M(126M) 2.546ms
[0.625s][info][gc,cpu       ] GC(1) User=0.00s Sys=0.00s Real=0.00s
[0.845s][info][gc,start     ] GC(2) Pause Young (Normal) (G1 Evacuation Pause)
[0.845s][info][gc,task      ] GC(2) Using 1 workers of 1 for evacuation
[0.847s][info][gc,phases    ] GC(2)   Pre Evacuate Collection Set: 0.0ms
[0.847s][info][gc,phases    ] GC(2)   Evacuate Collection Set: 1.6ms
[0.847s][info][gc,phases    ] GC(2)   Post Evacuate Collection Set: 0.1ms
[0.847s][info][gc,phases    ] GC(2)   Other: 0.2ms
[0.847s][info][gc,heap      ] GC(2) Eden regions: 6->0(13)
[0.847s][info][gc,heap      ] GC(2) Survivor regions: 1->1(1)
[0.847s][info][gc,heap      ] GC(2) Old regions: 3->3
[0.847s][info][gc,heap      ] GC(2) Humongous regions: 0->0
[0.847s][info][gc,metaspace ] GC(2) Metaspace: 6641K->6641K(1058816K)
[0.847s][info][gc           ] GC(2) Pause Young (Normal) (G1 Evacuation Pause) 8M->2M(126M) 1.946ms
[0.847s][info][gc,cpu       ] GC(2) User=0.00s Sys=0.00s Real=0.00s
[2.421s][info][gc,start     ] GC(3) Pause Young (Normal) (G1 Evacuation Pause)
[2.422s][info][gc,task      ] GC(3) Using 1 workers of 1 for evacuation
[2.425s][info][gc,phases    ] GC(3)   Pre Evacuate Collection Set: 0.0ms
[2.425s][info][gc,phases    ] GC(3)   Evacuate Collection Set: 3.4ms
[2.425s][info][gc,phases    ] GC(3)   Post Evacuate Collection Set: 0.1ms
[2.426s][info][gc,phases    ] GC(3)   Other: 0.4ms
[2.426s][info][gc,heap      ] GC(3) Eden regions: 13->0(18)
[2.426s][info][gc,heap      ] GC(3) Survivor regions: 1->2(2)
[2.426s][info][gc,heap      ] GC(3) Old regions: 3->3
[2.426s][info][gc,heap      ] GC(3) Humongous regions: 0->0
[2.426s][info][gc,metaspace ] GC(3) Metaspace: 8504K->8504K(1058816K)
[2.426s][info][gc           ] GC(3) Pause Young (Normal) (G1 Evacuation Pause) 15M->4M(126M) 4.054ms
[2.426s][info][gc,cpu       ] GC(3) User=0.00s Sys=0.00s Real=0.00s
[2.734s][info][gc,start     ] GC(4) Pause Young (Normal) (G1 Evacuation Pause)
[2.734s][info][gc,task      ] GC(4) Using 1 workers of 1 for evacuation
[2.741s][info][gc,phases    ] GC(4)   Pre Evacuate Collection Set: 0.0ms
[2.741s][info][gc,phases    ] GC(4)   Evacuate Collection Set: 6.2ms
[2.741s][info][gc,phases    ] GC(4)   Post Evacuate Collection Set: 0.1ms
[2.741s][info][gc,phases    ] GC(4)   Other: 0.2ms
[2.741s][info][gc,heap      ] GC(4) Eden regions: 18->0(20)
[2.741s][info][gc,heap      ] GC(4) Survivor regions: 2->3(3)
[2.741s][info][gc,heap      ] GC(4) Old regions: 3->10
[2.741s][info][gc,heap      ] GC(4) Humongous regions: 6->6
[2.741s][info][gc,metaspace ] GC(4) Metaspace: 12177K->12177K(1060864K)
[2.741s][info][gc           ] GC(4) Pause Young (Normal) (G1 Evacuation Pause) 27M->18M(126M) 6.623ms
[2.741s][info][gc,cpu       ] GC(4) User=0.00s Sys=0.00s Real=0.01s
[3.492s][info][gc,start     ] GC(5) Pause Young (Normal) (G1 Evacuation Pause)
[3.492s][info][gc,task      ] GC(5) Using 1 workers of 1 for evacuation
[3.499s][info][gc,phases    ] GC(5)   Pre Evacuate Collection Set: 0.0ms
[3.499s][info][gc,phases    ] GC(5)   Evacuate Collection Set: 6.4ms
[3.499s][info][gc,phases    ] GC(5)   Post Evacuate Collection Set: 0.2ms
[3.499s][info][gc,phases    ] GC(5)   Other: 0.3ms
[3.499s][info][gc,heap      ] GC(5) Eden regions: 20->0(23)
[3.499s][info][gc,heap      ] GC(5) Survivor regions: 3->3(3)
[3.499s][info][gc,heap      ] GC(5) Old regions: 10->12
[3.499s][info][gc,heap      ] GC(5) Humongous regions: 6->6
[3.499s][info][gc,metaspace ] GC(5) Metaspace: 18299K->18299K(1067008K)
[3.499s][info][gc           ] GC(5) Pause Young (Normal) (G1 Evacuation Pause) 38M->20M(126M) 7.008ms
[3.499s][info][gc,cpu       ] GC(5) User=0.01s Sys=0.00s Real=0.01s
[3.687s][info][gc,start     ] GC(6) Pause Young (Concurrent Start) (Metadata GC Threshold)
[3.687s][info][gc,task      ] GC(6) Using 1 workers of 1 for evacuation
[3.694s][info][gc,phases    ] GC(6)   Pre Evacuate Collection Set: 0.1ms
[3.694s][info][gc,phases    ] GC(6)   Evacuate Collection Set: 4.5ms
[3.694s][info][gc,phases    ] GC(6)   Post Evacuate Collection Set: 1.9ms
[3.694s][info][gc,phases    ] GC(6)   Other: 0.2ms
[3.694s][info][gc,heap      ] GC(6) Eden regions: 7->0(27)
[3.694s][info][gc,heap      ] GC(6) Survivor regions: 3->1(4)
[3.694s][info][gc,heap      ] GC(6) Old regions: 12->15
[3.694s][info][gc,heap      ] GC(6) Humongous regions: 6->6
[3.694s][info][gc,metaspace ] GC(6) Metaspace: 20163K->20163K(1067008K)
[3.694s][info][gc           ] GC(6) Pause Young (Concurrent Start) (Metadata GC Threshold) 27M->20M(126M) 6.734ms
[3.694s][info][gc,cpu       ] GC(6) User=0.01s Sys=0.00s Real=0.01s
[3.694s][info][gc           ] GC(7) Concurrent Cycle
[3.694s][info][gc,marking   ] GC(7) Concurrent Clear Claimed Marks
[3.694s][info][gc,marking   ] GC(7) Concurrent Clear Claimed Marks 0.049ms
[3.694s][info][gc,marking   ] GC(7) Concurrent Scan Root Regions
[3.694s][info][gc,marking   ] GC(7) Concurrent Scan Root Regions 0.304ms
[3.694s][info][gc,marking   ] GC(7) Concurrent Mark (3.694s)
[3.694s][info][gc,marking   ] GC(7) Concurrent Mark From Roots
[3.694s][info][gc,task      ] GC(7) Using 1 workers of 1 for marking
[3.702s][info][gc,marking   ] GC(7) Concurrent Mark From Roots 7.172ms
[3.702s][info][gc,marking   ] GC(7) Concurrent Preclean
[3.702s][info][gc,marking   ] GC(7) Concurrent Preclean 0.043ms
[3.702s][info][gc,marking   ] GC(7) Concurrent Mark (3.694s, 3.702s) 7.265ms
[3.714s][info][gc,start     ] GC(7) Pause Remark
[3.718s][info][gc,stringtable] GC(7) Cleaned string and symbol table, strings: 7803 processed, 7 removed, symbols: 40183 processed, 44 removed
[3.718s][info][gc            ] GC(7) Pause Remark 21M->21M(126M) 4.101ms
[3.718s][info][gc,cpu        ] GC(7) User=0.00s Sys=0.00s Real=0.01s
[3.718s][info][gc,marking    ] GC(7) Concurrent Rebuild Remembered Sets
[3.735s][info][gc,marking    ] GC(7) Concurrent Rebuild Remembered Sets 16.949ms
[3.737s][info][gc,start      ] GC(7) Pause Cleanup
[3.737s][info][gc            ] GC(7) Pause Cleanup 21M->21M(126M) 0.054ms
[3.737s][info][gc,cpu        ] GC(7) User=0.00s Sys=0.00s Real=0.00s
[3.737s][info][gc,marking    ] GC(7) Concurrent Cleanup for Next Mark
[3.742s][info][gc,marking    ] GC(7) Concurrent Cleanup for Next Mark 5.796ms
[3.742s][info][gc            ] GC(7) Concurrent Cycle 48.410ms
[4.576s][info][gc,start      ] GC(8) Pause Young (Normal) (G1 Evacuation Pause)
[4.576s][info][gc,task       ] GC(8) Using 1 workers of 1 for evacuation
[4.586s][info][gc,phases     ] GC(8)   Pre Evacuate Collection Set: 0.1ms
[4.586s][info][gc,phases     ] GC(8)   Evacuate Collection Set: 9.8ms
[4.586s][info][gc,phases     ] GC(8)   Post Evacuate Collection Set: 0.2ms
[4.586s][info][gc,phases     ] GC(8)   Other: 0.3ms
[4.586s][info][gc,heap       ] GC(8) Eden regions: 28->0(50)
[4.586s][info][gc,heap       ] GC(8) Survivor regions: 1->2(4)
[4.586s][info][gc,heap       ] GC(8) Old regions: 15->15
[4.586s][info][gc,heap       ] GC(8) Humongous regions: 6->6
[4.587s][info][gc,metaspace  ] GC(8) Metaspace: 26251K->26251K(1073152K)
[4.587s][info][gc            ] GC(8) Pause Young (Normal) (G1 Evacuation Pause) 48M->22M(126M) 10.431ms
[4.587s][info][gc,cpu        ] GC(8) User=0.01s Sys=0.00s Real=0.01s
[5.547s][info][gc,start      ] GC(9) Pause Young (Concurrent Start) (Metadata GC Threshold)
[5.548s][info][gc,task       ] GC(9) Using 1 workers of 1 for evacuation
[5.560s][info][gc,phases     ] GC(9)   Pre Evacuate Collection Set: 0.1ms
[5.560s][info][gc,phases     ] GC(9)   Evacuate Collection Set: 12.2ms
[5.560s][info][gc,phases     ] GC(9)   Post Evacuate Collection Set: 0.3ms
[5.560s][info][gc,phases     ] GC(9)   Other: 0.7ms
[5.560s][info][gc,heap       ] GC(9) Eden regions: 41->0(51)
[5.560s][info][gc,heap       ] GC(9) Survivor regions: 2->4(7)
[5.560s][info][gc,heap       ] GC(9) Old regions: 15->15
[5.560s][info][gc,heap       ] GC(9) Humongous regions: 6->6
[5.560s][info][gc,metaspace  ] GC(9) Metaspace: 34489K->34489K(1079296K)
[5.560s][info][gc            ] GC(9) Pause Young (Concurrent Start) (Metadata GC Threshold) 62M->24M(126M) 13.343ms
[5.560s][info][gc,cpu        ] GC(9) User=0.02s Sys=0.00s Real=0.02s
[5.560s][info][gc            ] GC(10) Concurrent Cycle
[5.560s][info][gc,marking    ] GC(10) Concurrent Clear Claimed Marks
[5.561s][info][gc,marking    ] GC(10) Concurrent Clear Claimed Marks 0.137ms
[5.561s][info][gc,marking    ] GC(10) Concurrent Scan Root Regions
[5.568s][info][gc,marking    ] GC(10) Concurrent Scan Root Regions 7.419ms
[5.568s][info][gc,marking    ] GC(10) Concurrent Mark (5.568s)
[5.568s][info][gc,marking    ] GC(10) Concurrent Mark From Roots
[5.568s][info][gc,task       ] GC(10) Using 1 workers of 1 for marking
[5.589s][info][gc,marking    ] GC(10) Concurrent Mark From Roots 21.086ms
[5.589s][info][gc,marking    ] GC(10) Concurrent Preclean
[5.589s][info][gc,marking    ] GC(10) Concurrent Preclean 0.040ms
[5.589s][info][gc,marking    ] GC(10) Concurrent Mark (5.568s, 5.589s) 21.178ms
[5.591s][info][gc,start      ] GC(10) Pause Remark
[5.599s][info][gc,stringtable] GC(10) Cleaned string and symbol table, strings: 13683 processed, 18 removed, symbols: 80049 processed, 44 removed
[5.599s][info][gc            ] GC(10) Pause Remark 24M->24M(126M) 7.910ms
[5.599s][info][gc,cpu        ] GC(10) User=0.01s Sys=0.00s Real=0.01s
[5.602s][info][gc,marking    ] GC(10) Concurrent Rebuild Remembered Sets
[5.617s][info][gc,marking    ] GC(10) Concurrent Rebuild Remembered Sets 15.267ms
[5.617s][info][gc,start      ] GC(10) Pause Cleanup
[5.617s][info][gc            ] GC(10) Pause Cleanup 24M->24M(126M) 0.041ms
[5.617s][info][gc,cpu        ] GC(10) User=0.00s Sys=0.00s Real=0.00s
[5.617s][info][gc,marking    ] GC(10) Concurrent Cleanup for Next Mark
[5.620s][info][gc,marking    ] GC(10) Concurrent Cleanup for Next Mark 2.949ms
[5.620s][info][gc            ] GC(10) Concurrent Cycle 59.761ms
[6.711s][info][gc,start      ] GC(11) Pause Young (Normal) (G1 Evacuation Pause)
[6.711s][info][gc,task       ] GC(11) Using 1 workers of 1 for evacuation
[6.744s][info][gc,phases     ] GC(11)   Pre Evacuate Collection Set: 0.0ms
[6.744s][info][gc,phases     ] GC(11)   Evacuate Collection Set: 32.4ms
[6.744s][info][gc,phases     ] GC(11)   Post Evacuate Collection Set: 0.4ms
[6.744s][info][gc,phases     ] GC(11)   Other: 0.3ms
[6.744s][info][gc,heap       ] GC(11) Eden regions: 51->0(55)
[6.744s][info][gc,heap       ] GC(11) Survivor regions: 4->6(7)
[6.744s][info][gc,heap       ] GC(11) Old regions: 15->16
[6.744s][info][gc,heap       ] GC(11) Humongous regions: 6->6
[6.744s][info][gc,metaspace  ] GC(11) Metaspace: 42872K->42872K(1087488K)
[6.744s][info][gc            ] GC(11) Pause Young (Normal) (G1 Evacuation Pause) 75M->27M(126M) 33.191ms
[6.744s][info][gc,cpu        ] GC(11) User=0.03s Sys=0.00s Real=0.03s
[7.028s][info][gc,start      ] GC(12) Pause Young (Normal) (G1 Evacuation Pause)
[7.028s][info][gc,task       ] GC(12) Using 1 workers of 1 for evacuation
[7.087s][info][gc,phases     ] GC(12)   Pre Evacuate Collection Set: 0.0ms
[7.087s][info][gc,phases     ] GC(12)   Evacuate Collection Set: 58.0ms
[7.087s][info][gc,phases     ] GC(12)   Post Evacuate Collection Set: 0.9ms
[7.087s][info][gc,phases     ] GC(12)   Other: 0.3ms
[7.087s][info][gc,heap       ] GC(12) Eden regions: 55->0(61)
[7.087s][info][gc,heap       ] GC(12) Survivor regions: 6->8(8)
[7.087s][info][gc,heap       ] GC(12) Old regions: 16->23
[7.087s][info][gc,heap       ] GC(12) Humongous regions: 6->6
[7.087s][info][gc,metaspace  ] GC(12) Metaspace: 42872K->42872K(1087488K)
[7.087s][info][gc            ] GC(12) Pause Young (Normal) (G1 Evacuation Pause) 82M->36M(152M) 59.319ms
[7.087s][info][gc,cpu        ] GC(12) User=0.06s Sys=0.01s Real=0.06s
[7.233s][info][gc,start      ] GC(13) Pause Young (Normal) (G1 Evacuation Pause)
[7.233s][info][gc,task       ] GC(13) Using 1 workers of 1 for evacuation
[7.265s][info][gc,phases     ] GC(13)   Pre Evacuate Collection Set: 0.0ms
[7.265s][info][gc,phases     ] GC(13)   Evacuate Collection Set: 31.8ms
[7.265s][info][gc,phases     ] GC(13)   Post Evacuate Collection Set: 0.2ms
[7.265s][info][gc,phases     ] GC(13)   Other: 0.3ms
[7.265s][info][gc,heap       ] GC(13) Eden regions: 61->0(59)
[7.265s][info][gc,heap       ] GC(13) Survivor regions: 8->9(9)
[7.265s][info][gc,heap       ] GC(13) Old regions: 23->33
[7.265s][info][gc,heap       ] GC(13) Humongous regions: 6->6
[7.265s][info][gc,metaspace  ] GC(13) Metaspace: 42872K->42872K(1087488K)
[7.265s][info][gc            ] GC(13) Pause Young (Normal) (G1 Evacuation Pause) 97M->47M(152M) 32.383ms
[7.265s][info][gc,cpu        ] GC(13) User=0.03s Sys=0.00s Real=0.03s
[7.345s][info][gc,start      ] GC(14) Pause Young (Normal) (G1 Evacuation Pause)
[7.345s][info][gc,task       ] GC(14) Using 1 workers of 1 for evacuation
[7.373s][info][gc,phases     ] GC(14)   Pre Evacuate Collection Set: 0.0ms
[7.373s][info][gc,phases     ] GC(14)   Evacuate Collection Set: 27.9ms
[7.373s][info][gc,phases     ] GC(14)   Post Evacuate Collection Set: 0.2ms
[7.373s][info][gc,phases     ] GC(14)   Other: 0.2ms
[7.373s][info][gc,heap       ] GC(14) Eden regions: 59->0(54)
[7.373s][info][gc,heap       ] GC(14) Survivor regions: 9->9(9)
[7.373s][info][gc,heap       ] GC(14) Old regions: 33->43
[7.373s][info][gc,heap       ] GC(14) Humongous regions: 6->6
[7.373s][info][gc,metaspace  ] GC(14) Metaspace: 42872K->42872K(1087488K)
[7.373s][info][gc            ] GC(14) Pause Young (Normal) (G1 Evacuation Pause) 106M->57M(152M) 28.244ms
[7.373s][info][gc,cpu        ] GC(14) User=0.03s Sys=0.00s Real=0.03s
[7.489s][info][gc,start      ] GC(15) Pause Young (Normal) (G1 Evacuation Pause)
[7.489s][info][gc,task       ] GC(15) Using 1 workers of 1 for evacuation
[7.518s][info][gc,phases     ] GC(15)   Pre Evacuate Collection Set: 0.0ms
[7.518s][info][gc,phases     ] GC(15)   Evacuate Collection Set: 28.7ms
[7.518s][info][gc,phases     ] GC(15)   Post Evacuate Collection Set: 0.2ms
[7.518s][info][gc,phases     ] GC(15)   Other: 0.2ms
[7.518s][info][gc,heap       ] GC(15) Eden regions: 54->0(49)
[7.518s][info][gc,heap       ] GC(15) Survivor regions: 9->8(8)
[7.518s][info][gc,heap       ] GC(15) Old regions: 43->53
[7.518s][info][gc,heap       ] GC(15) Humongous regions: 6->6
[7.518s][info][gc,metaspace  ] GC(15) Metaspace: 42872K->42872K(1087488K)
[7.518s][info][gc            ] GC(15) Pause Young (Normal) (G1 Evacuation Pause) 111M->67M(152M) 29.093ms
[7.518s][info][gc,cpu        ] GC(15) User=0.03s Sys=0.00s Real=0.03s
[7.567s][info][gc,start      ] GC(16) Pause Young (Normal) (G1 Evacuation Pause)
[7.567s][info][gc,task       ] GC(16) Using 1 workers of 1 for evacuation
[7.589s][info][gc,phases     ] GC(16)   Pre Evacuate Collection Set: 0.0ms
[7.589s][info][gc,phases     ] GC(16)   Evacuate Collection Set: 21.7ms
[7.589s][info][gc,phases     ] GC(16)   Post Evacuate Collection Set: 0.6ms
[7.589s][info][gc,phases     ] GC(16)   Other: 0.2ms
[7.589s][info][gc,heap       ] GC(16) Eden regions: 49->0(70)
[7.589s][info][gc,heap       ] GC(16) Survivor regions: 8->8(8)
[7.589s][info][gc,heap       ] GC(16) Old regions: 53->62
[7.589s][info][gc,heap       ] GC(16) Humongous regions: 6->6
[7.589s][info][gc,metaspace  ] GC(16) Metaspace: 42872K->42872K(1087488K)
[7.589s][info][gc            ] GC(16) Pause Young (Normal) (G1 Evacuation Pause) 116M->75M(232M) 22.589ms
[7.589s][info][gc,cpu        ] GC(16) User=0.02s Sys=0.00s Real=0.02s
[7.673s][info][gc,start      ] GC(17) Pause Young (Normal) (G1 Evacuation Pause)
[7.673s][info][gc,task       ] GC(17) Using 1 workers of 1 for evacuation
[7.706s][info][gc,phases     ] GC(17)   Pre Evacuate Collection Set: 0.0ms
[7.706s][info][gc,phases     ] GC(17)   Evacuate Collection Set: 32.5ms
[7.706s][info][gc,phases     ] GC(17)   Post Evacuate Collection Set: 0.2ms
[7.706s][info][gc,phases     ] GC(17)   Other: 0.2ms
[7.706s][info][gc,heap       ] GC(17) Eden regions: 70->0(71)
[7.706s][info][gc,heap       ] GC(17) Survivor regions: 8->10(10)
[7.706s][info][gc,heap       ] GC(17) Old regions: 62->72
[7.706s][info][gc,heap       ] GC(17) Humongous regions: 6->6
[7.706s][info][gc,metaspace  ] GC(17) Metaspace: 42872K->42872K(1087488K)
[7.706s][info][gc            ] GC(17) Pause Young (Normal) (G1 Evacuation Pause) 145M->87M(232M) 32.901ms
[7.706s][info][gc,cpu        ] GC(17) User=0.03s Sys=0.00s Real=0.03s
[7.777s][info][gc,start      ] GC(18) Pause Young (Normal) (G1 Evacuation Pause)
[7.777s][info][gc,task       ] GC(18) Using 1 workers of 1 for evacuation
[7.807s][info][gc,phases     ] GC(18)   Pre Evacuate Collection Set: 0.0ms
[7.807s][info][gc,phases     ] GC(18)   Evacuate Collection Set: 29.6ms
[7.807s][info][gc,phases     ] GC(18)   Post Evacuate Collection Set: 0.2ms
[7.807s][info][gc,phases     ] GC(18)   Other: 0.2ms
[7.807s][info][gc,heap       ] GC(18) Eden regions: 71->0(68)
[7.807s][info][gc,heap       ] GC(18) Survivor regions: 10->11(11)
[7.807s][info][gc,heap       ] GC(18) Old regions: 72->83
[7.807s][info][gc,heap       ] GC(18) Humongous regions: 6->6
[7.807s][info][gc,metaspace  ] GC(18) Metaspace: 42872K->42872K(1087488K)
[7.807s][info][gc            ] GC(18) Pause Young (Normal) (G1 Evacuation Pause) 158M->100M(232M) 29.979ms
[7.807s][info][gc,cpu        ] GC(18) User=0.03s Sys=0.00s Real=0.03s
[7.869s][info][gc,start      ] GC(19) Pause Young (Normal) (G1 Evacuation Pause)
[7.869s][info][gc,task       ] GC(19) Using 1 workers of 1 for evacuation
[7.915s][info][gc,phases     ] GC(19)   Pre Evacuate Collection Set: 0.0ms
[7.915s][info][gc,phases     ] GC(19)   Evacuate Collection Set: 45.9ms
[7.915s][info][gc,phases     ] GC(19)   Post Evacuate Collection Set: 0.4ms
[7.916s][info][gc,phases     ] GC(19)   Other: 0.2ms
[7.916s][info][gc,heap       ] GC(19) Eden regions: 68->0(63)
[7.916s][info][gc,heap       ] GC(19) Survivor regions: 11->10(10)
[7.916s][info][gc,heap       ] GC(19) Old regions: 83->96
[7.916s][info][gc,heap       ] GC(19) Humongous regions: 6->6
[7.916s][info][gc,metaspace  ] GC(19) Metaspace: 42872K->42872K(1087488K)
[7.916s][info][gc            ] GC(19) Pause Young (Normal) (G1 Evacuation Pause) 168M->112M(232M) 46.636ms
[7.916s][info][gc,cpu        ] GC(19) User=0.04s Sys=0.00s Real=0.05s
[7.974s][info][gc,start      ] GC(20) Pause Young (Normal) (G1 Evacuation Pause)
[7.975s][info][gc,task       ] GC(20) Using 1 workers of 1 for evacuation
[8.003s][info][gc,phases     ] GC(20)   Pre Evacuate Collection Set: 0.0ms
[8.003s][info][gc,phases     ] GC(20)   Evacuate Collection Set: 27.3ms
[8.003s][info][gc,phases     ] GC(20)   Post Evacuate Collection Set: 0.9ms
[8.003s][info][gc,phases     ] GC(20)   Other: 0.2ms
[8.003s][info][gc,heap       ] GC(20) Eden regions: 63->0(103)
[8.003s][info][gc,heap       ] GC(20) Survivor regions: 10->10(10)
[8.003s][info][gc,heap       ] GC(20) Old regions: 96->107
[8.003s][info][gc,heap       ] GC(20) Humongous regions: 6->6
[8.003s][info][gc,metaspace  ] GC(20) Metaspace: 42872K->42872K(1087488K)
[8.003s][info][gc            ] GC(20) Pause Young (Normal) (G1 Evacuation Pause) 175M->123M(379M) 28.532ms
[8.003s][info][gc,cpu        ] GC(20) User=0.03s Sys=0.00s Real=0.03s
[9.265s][info][gc,task       ] GC(21) Using 1 workers of 1 for full compaction
[9.265s][info][gc,start      ] GC(21) Pause Full (System.gc())
[9.266s][info][gc,phases,start] GC(21) Phase 1: Mark live objects
[9.303s][info][gc,stringtable ] GC(21) Cleaned string and symbol table, strings: 17912 processed, 226 removed, symbols: 113919 processed, 30 removed
[9.303s][info][gc,phases      ] GC(21) Phase 1: Mark live objects 37.475ms
[9.303s][info][gc,phases,start] GC(21) Phase 2: Prepare for compaction
[9.308s][info][gc,phases      ] GC(21) Phase 2: Prepare for compaction 4.373ms
[9.308s][info][gc,phases,start] GC(21) Phase 3: Adjust pointers
[9.321s][info][gc,phases      ] GC(21) Phase 3: Adjust pointers 13.554ms
[9.321s][info][gc,phases,start] GC(21) Phase 4: Compact heap
[9.328s][info][gc,phases      ] GC(21) Phase 4: Compact heap 6.508ms
[9.337s][info][gc,heap        ] GC(21) Eden regions: 56->0(37)
[9.337s][info][gc,heap        ] GC(21) Survivor regions: 10->0(10)
[9.337s][info][gc,heap        ] GC(21) Old regions: 107->20
[9.337s][info][gc,heap        ] GC(21) Humongous regions: 11->6
[9.337s][info][gc,metaspace   ] GC(21) Metaspace: 49308K->49308K(1093632K)
[9.337s][info][gc             ] GC(21) Pause Full (System.gc()) 183M->24M(87M) 71.276ms
[9.337s][info][gc,cpu         ] GC(21) User=0.05s Sys=0.01s Real=0.07s
[10.423s][info][gc,start       ] GC(22) Pause Young (Normal) (G1 Evacuation Pause)
[10.423s][info][gc,task        ] GC(22) Using 1 workers of 1 for evacuation
[10.430s][info][gc,phases      ] GC(22)   Pre Evacuate Collection Set: 0.0ms
[10.430s][info][gc,phases      ] GC(22)   Evacuate Collection Set: 6.7ms
[10.430s][info][gc,phases      ] GC(22)   Post Evacuate Collection Set: 0.4ms
[10.430s][info][gc,phases      ] GC(22)   Other: 0.3ms
[10.430s][info][gc,heap        ] GC(22) Eden regions: 37->0(36)
[10.430s][info][gc,heap        ] GC(22) Survivor regions: 0->3(5)
[10.430s][info][gc,heap        ] GC(22) Old regions: 20->20
[10.430s][info][gc,heap        ] GC(22) Humongous regions: 11->6
[10.430s][info][gc,metaspace   ] GC(22) Metaspace: 55198K->55198K(1097728K)
[10.430s][info][gc             ] GC(22) Pause Young (Normal) (G1 Evacuation Pause) 66M->27M(87M) 7.485ms
[10.430s][info][gc,cpu         ] GC(22) User=0.01s Sys=0.00s Real=0.01s
[10.855s][info][gc,start       ] GC(23) Pause Young (Normal) (G1 Evacuation Pause)
[10.855s][info][gc,task        ] GC(23) Using 1 workers of 1 for evacuation
[10.873s][info][gc,phases      ] GC(23)   Pre Evacuate Collection Set: 0.0ms
[10.873s][info][gc,phases      ] GC(23)   Evacuate Collection Set: 12.6ms
[10.873s][info][gc,phases      ] GC(23)   Post Evacuate Collection Set: 5.7ms
[10.873s][info][gc,phases      ] GC(23)   Other: 0.5ms
[10.873s][info][gc,heap        ] GC(23) Eden regions: 36->0(36)
[10.873s][info][gc,heap        ] GC(23) Survivor regions: 3->4(5)
[10.873s][info][gc,heap        ] GC(23) Old regions: 20->20
[10.873s][info][gc,heap        ] GC(23) Humongous regions: 6->6
[10.873s][info][gc,metaspace   ] GC(23) Metaspace: 55245K->55245K(1097728K)
[10.873s][info][gc             ] GC(23) Pause Young (Normal) (G1 Evacuation Pause) 63M->28M(87M) 18.881ms
[10.873s][info][gc,cpu         ] GC(23) User=0.02s Sys=0.00s Real=0.02s
[11.003s][info][gc,start       ] GC(24) Pause Young (Normal) (G1 Evacuation Pause)
[11.003s][info][gc,task        ] GC(24) Using 1 workers of 1 for evacuation
[11.023s][info][gc,phases      ] GC(24)   Pre Evacuate Collection Set: 0.0ms
[11.023s][info][gc,phases      ] GC(24)   Evacuate Collection Set: 19.7ms
[11.023s][info][gc,phases      ] GC(24)   Post Evacuate Collection Set: 0.2ms
[11.023s][info][gc,phases      ] GC(24)   Other: 0.2ms
[11.023s][info][gc,heap        ] GC(24) Eden regions: 36->0(34)
[11.023s][info][gc,heap        ] GC(24) Survivor regions: 4->5(5)
[11.023s][info][gc,heap        ] GC(24) Old regions: 20->23
[11.023s][info][gc,heap        ] GC(24) Humongous regions: 6->6
[11.023s][info][gc,metaspace   ] GC(24) Metaspace: 55248K->55248K(1099776K)
[11.023s][info][gc             ] GC(24) Pause Young (Normal) (G1 Evacuation Pause) 64M->31M(87M) 20.222ms
[11.023s][info][gc,cpu         ] GC(24) User=0.02s Sys=0.00s Real=0.02s
[11.129s][info][gc,start       ] GC(25) Pause Young (Normal) (G1 Evacuation Pause)
[11.129s][info][gc,task        ] GC(25) Using 1 workers of 1 for evacuation
[11.148s][info][gc,phases      ] GC(25)   Pre Evacuate Collection Set: 0.0ms
[11.148s][info][gc,phases      ] GC(25)   Evacuate Collection Set: 18.7ms
[11.148s][info][gc,phases      ] GC(25)   Post Evacuate Collection Set: 0.5ms
[11.149s][info][gc,phases      ] GC(25)   Other: 0.2ms
[11.149s][info][gc,heap        ] GC(25) Eden regions: 34->0(58)
[11.149s][info][gc,heap        ] GC(25) Survivor regions: 5->3(5)
[11.149s][info][gc,heap        ] GC(25) Old regions: 23->27
[11.149s][info][gc,heap        ] GC(25) Humongous regions: 7->7
[11.149s][info][gc,metaspace   ] GC(25) Metaspace: 55271K->55271K(1099776K)
[11.149s][info][gc             ] GC(25) Pause Young (Normal) (G1 Evacuation Pause) 66M->34M(144M) 19.416ms
[11.149s][info][gc,cpu         ] GC(25) User=0.02s Sys=0.00s Real=0.01s
[11.379s][info][gc,start       ] GC(26) Pause Young (Normal) (G1 Evacuation Pause)
[11.379s][info][gc,task        ] GC(26) Using 1 workers of 1 for evacuation
[11.393s][info][gc,phases      ] GC(26)   Pre Evacuate Collection Set: 0.0ms
[11.393s][info][gc,phases      ] GC(26)   Evacuate Collection Set: 13.5ms
[11.393s][info][gc,phases      ] GC(26)   Post Evacuate Collection Set: 0.2ms
[11.393s][info][gc,phases      ] GC(26)   Other: 0.3ms
[11.393s][info][gc,heap        ] GC(26) Eden regions: 58->0(58)
[11.393s][info][gc,heap        ] GC(26) Survivor regions: 3->8(8)
[11.393s][info][gc,heap        ] GC(26) Old regions: 27->27
[11.393s][info][gc,heap        ] GC(26) Humongous regions: 7->7
[11.393s][info][gc,metaspace   ] GC(26) Metaspace: 55285K->55285K(1099776K)
[11.393s][info][gc             ] GC(26) Pause Young (Normal) (G1 Evacuation Pause) 92M->39M(144M) 14.108ms
[11.393s][info][gc,cpu         ] GC(26) User=0.01s Sys=0.00s Real=0.01s
[11.546s][info][gc,start       ] GC(27) Pause Young (Normal) (G1 Evacuation Pause)
[11.546s][info][gc,task        ] GC(27) Using 1 workers of 1 for evacuation
[11.567s][info][gc,phases      ] GC(27)   Pre Evacuate Collection Set: 0.0ms
[11.567s][info][gc,phases      ] GC(27)   Evacuate Collection Set: 20.7ms
[11.567s][info][gc,phases      ] GC(27)   Post Evacuate Collection Set: 0.2ms
[11.567s][info][gc,phases      ] GC(27)   Other: 0.2ms
[11.567s][info][gc,heap        ] GC(27) Eden regions: 58->0(57)
[11.567s][info][gc,heap        ] GC(27) Survivor regions: 8->5(9)
[11.567s][info][gc,heap        ] GC(27) Old regions: 27->34
[11.567s][info][gc,heap        ] GC(27) Humongous regions: 9->9
[11.567s][info][gc,metaspace   ] GC(27) Metaspace: 55287K->55287K(1099776K)
[11.567s][info][gc             ] GC(27) Pause Young (Normal) (G1 Evacuation Pause) 99M->46M(144M) 21.150ms
[11.567s][info][gc,cpu         ] GC(27) User=0.02s Sys=0.00s Real=0.02s
[11.682s][info][gc,start       ] GC(28) Pause Young (Normal) (G1 Evacuation Pause)
[11.682s][info][gc,task        ] GC(28) Using 1 workers of 1 for evacuation
[11.706s][info][gc,phases      ] GC(28)   Pre Evacuate Collection Set: 0.0ms
[11.706s][info][gc,phases      ] GC(28)   Evacuate Collection Set: 22.9ms
[11.706s][info][gc,phases      ] GC(28)   Post Evacuate Collection Set: 0.3ms
[11.706s][info][gc,phases      ] GC(28)   Other: 0.2ms
[11.706s][info][gc,heap        ] GC(28) Eden regions: 57->0(56)
[11.706s][info][gc,heap        ] GC(28) Survivor regions: 5->5(8)
[11.706s][info][gc,heap        ] GC(28) Old regions: 34->39
[11.706s][info][gc,heap        ] GC(28) Humongous regions: 9->9
[11.706s][info][gc,metaspace   ] GC(28) Metaspace: 55295K->55295K(1099776K)
[11.706s][info][gc             ] GC(28) Pause Young (Normal) (G1 Evacuation Pause) 103M->51M(144M) 23.426ms
[11.706s][info][gc,cpu         ] GC(28) User=0.02s Sys=0.01s Real=0.02s
[11.797s][info][gc,start       ] GC(29) Pause Young (Normal) (G1 Evacuation Pause)
[11.798s][info][gc,task        ] GC(29) Using 1 workers of 1 for evacuation
[11.817s][info][gc,phases      ] GC(29)   Pre Evacuate Collection Set: 0.0ms
[11.817s][info][gc,phases      ] GC(29)   Evacuate Collection Set: 18.5ms
[11.817s][info][gc,phases      ] GC(29)   Post Evacuate Collection Set: 0.5ms
[11.817s][info][gc,phases      ] GC(29)   Other: 0.1ms
[11.817s][info][gc,heap        ] GC(29) Eden regions: 56->0(76)
[11.817s][info][gc,heap        ] GC(29) Survivor regions: 5->5(8)
[11.817s][info][gc,heap        ] GC(29) Old regions: 39->44
[11.817s][info][gc,heap        ] GC(29) Humongous regions: 12->12
[11.817s][info][gc,metaspace   ] GC(29) Metaspace: 55314K->55314K(1099776K)
[11.817s][info][gc             ] GC(29) Pause Young (Normal) (G1 Evacuation Pause) 110M->59M(206M) 19.154ms
[11.817s][info][gc,cpu         ] GC(29) User=0.02s Sys=0.00s Real=0.01s
[11.885s][info][gc,start       ] GC(30) Pause Young (Normal) (G1 Evacuation Pause)
[11.885s][info][gc,task        ] GC(30) Using 1 workers of 1 for evacuation
[11.906s][info][gc,phases      ] GC(30)   Pre Evacuate Collection Set: 0.0ms
[11.906s][info][gc,phases      ] GC(30)   Evacuate Collection Set: 21.1ms
[11.906s][info][gc,phases      ] GC(30)   Post Evacuate Collection Set: 0.2ms
[11.906s][info][gc,phases      ] GC(30)   Other: 0.1ms
[11.906s][info][gc,heap        ] GC(30) Eden regions: 76->0(77)
[11.906s][info][gc,heap        ] GC(30) Survivor regions: 5->11(11)
[11.906s][info][gc,heap        ] GC(30) Old regions: 44->44
[11.906s][info][gc,heap        ] GC(30) Humongous regions: 12->12
[11.906s][info][gc,metaspace   ] GC(30) Metaspace: 55315K->55315K(1099776K)
[11.906s][info][gc             ] GC(30) Pause Young (Normal) (G1 Evacuation Pause) 135M->65M(206M) 21.569ms
[11.906s][info][gc,cpu         ] GC(30) User=0.02s Sys=0.00s Real=0.02s
[11.956s][info][gc,start       ] GC(31) Pause Young (Normal) (G1 Evacuation Pause)
[11.956s][info][gc,task        ] GC(31) Using 1 workers of 1 for evacuation
[11.984s][info][gc,phases      ] GC(31)   Pre Evacuate Collection Set: 0.0ms
[11.985s][info][gc,phases      ] GC(31)   Evacuate Collection Set: 27.9ms
[11.985s][info][gc,phases      ] GC(31)   Post Evacuate Collection Set: 0.2ms
[11.985s][info][gc,phases      ] GC(31)   Other: 0.1ms
[11.985s][info][gc,heap        ] GC(31) Eden regions: 77->0(76)
[11.985s][info][gc,heap        ] GC(31) Survivor regions: 11->7(11)
[11.985s][info][gc,heap        ] GC(31) Old regions: 44->55
[11.985s][info][gc,heap        ] GC(31) Humongous regions: 12->12
[11.985s][info][gc,metaspace   ] GC(31) Metaspace: 55316K->55316K(1099776K)
[11.985s][info][gc             ] GC(31) Pause Young (Normal) (G1 Evacuation Pause) 142M->72M(206M) 28.317ms
[11.985s][info][gc,cpu         ] GC(31) User=0.03s Sys=0.00s Real=0.03s
[12.024s][info][gc,start       ] GC(32) Pause Young (Normal) (G1 Evacuation Pause)
[12.024s][info][gc,task        ] GC(32) Using 1 workers of 1 for evacuation
[12.046s][info][gc,phases      ] GC(32)   Pre Evacuate Collection Set: 0.0ms
[12.046s][info][gc,phases      ] GC(32)   Evacuate Collection Set: 21.8ms
[12.046s][info][gc,phases      ] GC(32)   Post Evacuate Collection Set: 0.2ms
[12.046s][info][gc,phases      ] GC(32)   Other: 0.1ms
[12.046s][info][gc,heap        ] GC(32) Eden regions: 76->0(75)
[12.046s][info][gc,heap        ] GC(32) Survivor regions: 7->7(11)
[12.046s][info][gc,heap        ] GC(32) Old regions: 55->62
[12.046s][info][gc,heap        ] GC(32) Humongous regions: 12->12
[12.046s][info][gc,metaspace   ] GC(32) Metaspace: 55316K->55316K(1099776K)
[12.046s][info][gc             ] GC(32) Pause Young (Normal) (G1 Evacuation Pause) 148M->78M(206M) 22.250ms
[12.046s][info][gc,cpu         ] GC(32) User=0.02s Sys=0.00s Real=0.02s
[12.091s][info][gc,start       ] GC(33) Pause Young (Normal) (G1 Evacuation Pause)
[12.091s][info][gc,task        ] GC(33) Using 1 workers of 1 for evacuation
[12.116s][info][gc,phases      ] GC(33)   Pre Evacuate Collection Set: 0.0ms
[12.116s][info][gc,phases      ] GC(33)   Evacuate Collection Set: 23.8ms
[12.116s][info][gc,phases      ] GC(33)   Post Evacuate Collection Set: 0.9ms
[12.116s][info][gc,phases      ] GC(33)   Other: 0.2ms
[12.116s][info][gc,heap        ] GC(33) Eden regions: 75->0(119)
[12.116s][info][gc,heap        ] GC(33) Survivor regions: 7->7(11)
[12.116s][info][gc,heap        ] GC(33) Old regions: 62->68
[12.116s][info][gc,heap        ] GC(33) Humongous regions: 17->17
[12.116s][info][gc,metaspace   ] GC(33) Metaspace: 55316K->55316K(1099776K)
[12.116s][info][gc             ] GC(33) Pause Young (Normal) (G1 Evacuation Pause) 158M->90M(370M) 24.984ms
[12.116s][info][gc,cpu         ] GC(33) User=0.02s Sys=0.00s Real=0.02s
[12.225s][info][gc,start       ] GC(34) Pause Young (Normal) (G1 Evacuation Pause)
[12.225s][info][gc,task        ] GC(34) Using 1 workers of 1 for evacuation
[12.259s][info][gc,phases      ] GC(34)   Pre Evacuate Collection Set: 0.0ms
[12.259s][info][gc,phases      ] GC(34)   Evacuate Collection Set: 33.1ms
[12.259s][info][gc,phases      ] GC(34)   Post Evacuate Collection Set: 0.2ms
[12.259s][info][gc,phases      ] GC(34)   Other: 0.2ms
[12.259s][info][gc,heap        ] GC(34) Eden regions: 119->0(155)
[12.259s][info][gc,heap        ] GC(34) Survivor regions: 7->16(16)
[12.259s][info][gc,heap        ] GC(34) Old regions: 68->69
[12.259s][info][gc,heap        ] GC(34) Humongous regions: 17->17
[12.259s][info][gc,metaspace   ] GC(34) Metaspace: 55316K->55316K(1099776K)
[12.259s][info][gc             ] GC(34) Pause Young (Normal) (G1 Evacuation Pause) 209M->100M(370M) 33.638ms
[12.259s][info][gc,cpu         ] GC(34) User=0.03s Sys=0.00s Real=0.04s
[12.361s][info][gc,start       ] GC(35) Pause Young (Normal) (G1 Evacuation Pause)
[12.361s][info][gc,task        ] GC(35) Using 1 workers of 1 for evacuation
[12.409s][info][gc,phases      ] GC(35)   Pre Evacuate Collection Set: 0.0ms
[12.409s][info][gc,phases      ] GC(35)   Evacuate Collection Set: 48.1ms
[12.409s][info][gc,phases      ] GC(35)   Post Evacuate Collection Set: 0.3ms
[12.409s][info][gc,phases      ] GC(35)   Other: 0.2ms
[12.409s][info][gc,heap        ] GC(35) Eden regions: 155->0(158)
[12.409s][info][gc,heap        ] GC(35) Survivor regions: 16->22(22)
[12.409s][info][gc,heap        ] GC(35) Old regions: 69->76
[12.409s][info][gc,heap        ] GC(35) Humongous regions: 17->17
[12.409s][info][gc,metaspace   ] GC(35) Metaspace: 55331K->55331K(1099776K)
[12.409s][info][gc             ] GC(35) Pause Young (Normal) (G1 Evacuation Pause) 255M->113M(370M) 48.707ms
[12.409s][info][gc,cpu         ] GC(35) User=0.05s Sys=0.00s Real=0.05s
[12.495s][info][gc,start       ] GC(36) Pause Young (Normal) (G1 Evacuation Pause)
[12.495s][info][gc,task        ] GC(36) Using 1 workers of 1 for evacuation
[12.550s][info][gc,phases      ] GC(36)   Pre Evacuate Collection Set: 0.0ms
[12.550s][info][gc,phases      ] GC(36)   Evacuate Collection Set: 54.7ms
[12.550s][info][gc,phases      ] GC(36)   Post Evacuate Collection Set: 0.3ms
[12.550s][info][gc,phases      ] GC(36)   Other: 0.2ms
[12.550s][info][gc,heap        ] GC(36) Eden regions: 158->0(156)
[12.550s][info][gc,heap        ] GC(36) Survivor regions: 22->14(23)
[12.550s][info][gc,heap        ] GC(36) Old regions: 76->98
[12.550s][info][gc,heap        ] GC(36) Humongous regions: 17->17
[12.550s][info][gc,metaspace   ] GC(36) Metaspace: 55331K->55331K(1099776K)
[12.550s][info][gc             ] GC(36) Pause Young (Normal) (G1 Evacuation Pause) 271M->127M(370M) 55.227ms
[12.550s][info][gc,cpu         ] GC(36) User=0.06s Sys=0.00s Real=0.06s
[12.654s][info][gc,start       ] GC(37) Pause Young (Normal) (G1 Evacuation Pause)
[12.654s][info][gc,task        ] GC(37) Using 1 workers of 1 for evacuation
[12.704s][info][gc,phases      ] GC(37)   Pre Evacuate Collection Set: 0.0ms
[12.705s][info][gc,phases      ] GC(37)   Evacuate Collection Set: 48.2ms
[12.705s][info][gc,phases      ] GC(37)   Post Evacuate Collection Set: 1.9ms
[12.705s][info][gc,phases      ] GC(37)   Other: 0.2ms
[12.705s][info][gc,heap        ] GC(37) Eden regions: 156->0(204)
[12.705s][info][gc,heap        ] GC(37) Survivor regions: 14->14(22)
[12.705s][info][gc,heap        ] GC(37) Old regions: 98->112
[12.705s][info][gc,heap        ] GC(37) Humongous regions: 26->26
[12.705s][info][gc,metaspace   ] GC(37) Metaspace: 55332K->55332K(1099776K)
[12.705s][info][gc             ] GC(37) Pause Young (Normal) (G1 Evacuation Pause) 292M->149M(722M) 50.372ms
[12.705s][info][gc,cpu         ] GC(37) User=0.05s Sys=0.00s Real=0.05s
[12.888s][info][gc,start       ] GC(38) Pause Young (Normal) (G1 Evacuation Pause)
[12.888s][info][gc,task        ] GC(38) Using 1 workers of 1 for evacuation
[12.955s][info][gc,phases      ] GC(38)   Pre Evacuate Collection Set: 0.0ms
[12.955s][info][gc,phases      ] GC(38)   Evacuate Collection Set: 66.2ms
[12.956s][info][gc,phases      ] GC(38)   Post Evacuate Collection Set: 0.7ms
[12.956s][info][gc,phases      ] GC(38)   Other: 0.2ms
[12.956s][info][gc,heap        ] GC(38) Eden regions: 204->0(348)
[12.956s][info][gc,heap        ] GC(38) Survivor regions: 14->28(28)
[12.956s][info][gc,heap        ] GC(38) Old regions: 112->115
[12.956s][info][gc,heap        ] GC(38) Humongous regions: 26->26
[12.956s][info][gc,metaspace   ] GC(38) Metaspace: 55332K->55332K(1099776K)
[12.956s][info][gc             ] GC(38) Pause Young (Normal) (G1 Evacuation Pause) 353M->167M(722M) 67.559ms
[12.956s][info][gc,cpu         ] GC(38) User=0.07s Sys=0.00s Real=0.07s
[13.331s][info][gc,start       ] GC(39) Pause Young (Normal) (G1 Evacuation Pause)
[13.331s][info][gc,task        ] GC(39) Using 1 workers of 1 for evacuation
[13.466s][info][gc,phases      ] GC(39)   Pre Evacuate Collection Set: 0.0ms
[13.466s][info][gc,phases      ] GC(39)   Evacuate Collection Set: 134.7ms
[13.466s][info][gc,phases      ] GC(39)   Post Evacuate Collection Set: 0.5ms
[13.466s][info][gc,phases      ] GC(39)   Other: 0.3ms
[13.466s][info][gc,heap        ] GC(39) Eden regions: 234->0(202)
[13.466s][info][gc,heap        ] GC(39) Survivor regions: 28->33(33)
[13.466s][info][gc,heap        ] GC(39) Old regions: 115->130
[13.466s][info][gc,heap        ] GC(39) Humongous regions: 32->32
[13.466s][info][gc,metaspace   ] GC(39) Metaspace: 56383K->56383K(1099776K)
[13.466s][info][gc             ] GC(39) Pause Young (Normal) (G1 Evacuation Pause) 407M->193M(722M) 135.513ms
[13.466s][info][gc,cpu         ] GC(39) User=0.13s Sys=0.00s Real=0.13s
[14.984s][info][gc,start       ] GC(40) Pause Young (Normal) (G1 Evacuation Pause)
[14.984s][info][gc,task        ] GC(40) Using 1 workers of 1 for evacuation
[15.033s][info][gc,phases      ] GC(40)   Pre Evacuate Collection Set: 0.0ms
[15.033s][info][gc,phases      ] GC(40)   Evacuate Collection Set: 48.0ms
[15.033s][info][gc,phases      ] GC(40)   Post Evacuate Collection Set: 0.4ms
[15.033s][info][gc,phases      ] GC(40)   Other: 0.4ms
[15.033s][info][gc,heap        ] GC(40) Eden regions: 202->0(259)
[15.033s][info][gc,heap        ] GC(40) Survivor regions: 33->1(30)
[15.033s][info][gc,heap        ] GC(40) Old regions: 130->163
[15.033s][info][gc,heap        ] GC(40) Humongous regions: 37->32
[15.033s][info][gc,metaspace   ] GC(40) Metaspace: 57344K->57344K(1099776K)
[15.033s][info][gc             ] GC(40) Pause Young (Normal) (G1 Evacuation Pause) 400M->194M(722M) 49.046ms
[15.033s][info][gc,cpu         ] GC(40) User=0.05s Sys=0.00s Real=0.05s
[15.283s][info][gc,start       ] GC(41) Pause Young (Normal) (G1 Evacuation Pause)
[15.283s][info][gc,task        ] GC(41) Using 1 workers of 1 for evacuation
[15.287s][info][gc,phases      ] GC(41)   Pre Evacuate Collection Set: 0.0ms
[15.287s][info][gc,phases      ] GC(41)   Evacuate Collection Set: 2.4ms
[15.287s][info][gc,phases      ] GC(41)   Post Evacuate Collection Set: 1.3ms
[15.287s][info][gc,phases      ] GC(41)   Other: 0.3ms
[15.287s][info][gc,heap        ] GC(41) Eden regions: 259->0(313)
[15.287s][info][gc,heap        ] GC(41) Survivor regions: 1->1(33)
[15.287s][info][gc,heap        ] GC(41) Old regions: 163->163
[15.287s][info][gc,heap        ] GC(41) Humongous regions: 32->32
[15.287s][info][gc,metaspace   ] GC(41) Metaspace: 57344K->57344K(1099776K)
[15.287s][info][gc             ] GC(41) Pause Young (Normal) (G1 Evacuation Pause) 453M->194M(934M) 4.062ms
[15.287s][info][gc,cpu         ] GC(41) User=0.01s Sys=0.00s Real=0.00s
[15.584s][info][gc,start       ] GC(42) Pause Young (Normal) (G1 Evacuation Pause)
[15.584s][info][gc,task        ] GC(42) Using 1 workers of 1 for evacuation
[15.587s][info][gc,phases      ] GC(42)   Pre Evacuate Collection Set: 0.0ms
[15.587s][info][gc,phases      ] GC(42)   Evacuate Collection Set: 2.4ms
[15.587s][info][gc,phases      ] GC(42)   Post Evacuate Collection Set: 0.3ms
[15.587s][info][gc,phases      ] GC(42)   Other: 0.3ms
[15.587s][info][gc,heap        ] GC(42) Eden regions: 313->0(395)
[15.587s][info][gc,heap        ] GC(42) Survivor regions: 1->1(40)
[15.587s][info][gc,heap        ] GC(42) Old regions: 163->163
[15.587s][info][gc,heap        ] GC(42) Humongous regions: 32->32
[15.587s][info][gc,metaspace   ] GC(42) Metaspace: 57344K->57344K(1099776K)
[15.587s][info][gc             ] GC(42) Pause Young (Normal) (G1 Evacuation Pause) 507M->194M(934M) 3.178ms
[15.587s][info][gc,cpu         ] GC(42) User=0.01s Sys=0.00s Real=0.00s
[15.890s][info][gc,start       ] GC(43) Pause Young (Normal) (G1 Evacuation Pause)
[15.890s][info][gc,task        ] GC(43) Using 1 workers of 1 for evacuation
[15.893s][info][gc,phases      ] GC(43)   Pre Evacuate Collection Set: 0.0ms
[15.894s][info][gc,phases      ] GC(43)   Evacuate Collection Set: 2.6ms
[15.894s][info][gc,phases      ] GC(43)   Post Evacuate Collection Set: 0.4ms
[15.894s][info][gc,phases      ] GC(43)   Other: 0.6ms
[15.894s][info][gc,heap        ] GC(43) Eden regions: 395->0(460)
[15.894s][info][gc,heap        ] GC(43) Survivor regions: 1->1(50)
[15.894s][info][gc,heap        ] GC(43) Old regions: 163->163
[15.894s][info][gc,heap        ] GC(43) Humongous regions: 32->32
[15.894s][info][gc,metaspace   ] GC(43) Metaspace: 57344K->57344K(1099776K)
[15.894s][info][gc             ] GC(43) Pause Young (Normal) (G1 Evacuation Pause) 589M->194M(934M) 3.611ms
[15.894s][info][gc,cpu         ] GC(43) User=0.00s Sys=0.00s Real=0.00s
[16.289s][info][gc,start       ] GC(44) Pause Young (Normal) (G1 Evacuation Pause)
[16.289s][info][gc,task        ] GC(44) Using 1 workers of 1 for evacuation
[16.292s][info][gc,phases      ] GC(44)   Pre Evacuate Collection Set: 0.0ms
[16.292s][info][gc,phases      ] GC(44)   Evacuate Collection Set: 2.5ms
[16.292s][info][gc,phases      ] GC(44)   Post Evacuate Collection Set: 0.4ms
[16.292s][info][gc,phases      ] GC(44)   Other: 0.3ms
[16.292s][info][gc,heap        ] GC(44) Eden regions: 460->0(507)
[16.292s][info][gc,heap        ] GC(44) Survivor regions: 1->1(58)
[16.292s][info][gc,heap        ] GC(44) Old regions: 163->163
[16.292s][info][gc,heap        ] GC(44) Humongous regions: 32->32
[16.292s][info][gc,metaspace   ] GC(44) Metaspace: 57344K->57344K(1099776K)
[16.292s][info][gc             ] GC(44) Pause Young (Normal) (G1 Evacuation Pause) 654M->194M(934M) 3.326ms
[16.293s][info][gc,cpu         ] GC(44) User=0.01s Sys=0.00s Real=0.01s
[16.725s][info][gc,start       ] GC(45) Pause Young (Normal) (G1 Evacuation Pause)
[16.726s][info][gc,task        ] GC(45) Using 1 workers of 1 for evacuation
[16.729s][info][gc,phases      ] GC(45)   Pre Evacuate Collection Set: 0.0ms
[16.729s][info][gc,phases      ] GC(45)   Evacuate Collection Set: 2.6ms
[16.729s][info][gc,phases      ] GC(45)   Post Evacuate Collection Set: 0.5ms
[16.729s][info][gc,phases      ] GC(45)   Other: 0.4ms
[16.729s][info][gc,heap        ] GC(45) Eden regions: 507->0(541)
[16.729s][info][gc,heap        ] GC(45) Survivor regions: 1->1(64)
[16.729s][info][gc,heap        ] GC(45) Old regions: 163->163
[16.729s][info][gc,heap        ] GC(45) Humongous regions: 32->32
[16.729s][info][gc,metaspace   ] GC(45) Metaspace: 57344K->57344K(1099776K)
[16.729s][info][gc             ] GC(45) Pause Young (Normal) (G1 Evacuation Pause) 701M->194M(934M) 3.575ms
[16.729s][info][gc,cpu         ] GC(45) User=0.00s Sys=0.00s Real=0.00s
[17.242s][info][gc,task        ] GC(46) Using 1 workers of 1 for full compaction
[17.242s][info][gc,start       ] GC(46) Pause Full (System.gc())
[17.242s][info][gc,phases,start] GC(46) Phase 1: Mark live objects
[17.420s][info][gc,stringtable ] GC(46) Cleaned string and symbol table, strings: 21722 processed, 217 removed, symbols: 131046 processed, 16 removed
[17.420s][info][gc,phases      ] GC(46) Phase 1: Mark live objects 177.663ms
[17.420s][info][gc,phases,start] GC(46) Phase 2: Prepare for compaction
[17.452s][info][gc,phases      ] GC(46) Phase 2: Prepare for compaction 32.371ms
[17.452s][info][gc,phases,start] GC(46) Phase 3: Adjust pointers
[17.542s][info][gc,phases      ] GC(46) Phase 3: Adjust pointers 89.656ms
[17.542s][info][gc,phases,start] GC(46) Phase 4: Compact heap
[17.647s][info][gc,phases      ] GC(46) Phase 4: Compact heap 104.705ms
[17.673s][info][gc,heap        ] GC(46) Eden regions: 257->0(322)
[17.673s][info][gc,heap        ] GC(46) Survivor regions: 1->0(64)
[17.673s][info][gc,heap        ] GC(46) Old regions: 163->161
[17.673s][info][gc,heap        ] GC(46) Humongous regions: 37->12
[17.673s][info][gc,metaspace   ] GC(46) Metaspace: 59494K->59494K(1101824K)
[17.673s][info][gc             ] GC(46) Pause Full (System.gc()) 456M->171M(577M) 431.621ms
[17.673s][info][gc,cpu         ] GC(46) User=0.39s Sys=0.02s Real=0.43s
[19.078s][info][gc,start       ] GC(47) Pause Young (Normal) (G1 Evacuation Pause)
[19.079s][info][gc,task        ] GC(47) Using 1 workers of 1 for evacuation
[19.082s][info][gc,phases      ] GC(47)   Pre Evacuate Collection Set: 0.0ms
[19.082s][info][gc,phases      ] GC(47)   Evacuate Collection Set: 2.5ms
[19.082s][info][gc,phases      ] GC(47)   Post Evacuate Collection Set: 0.4ms
[19.082s][info][gc,phases      ] GC(47)   Other: 0.5ms
[19.082s][info][gc,heap        ] GC(47) Eden regions: 322->0(326)
[19.082s][info][gc,heap        ] GC(47) Survivor regions: 0->1(41)
[19.082s][info][gc,heap        ] GC(47) Old regions: 161->161
[19.082s][info][gc,heap        ] GC(47) Humongous regions: 22->12
[19.082s][info][gc,metaspace   ] GC(47) Metaspace: 59948K->59948K(1103872K)
[19.082s][info][gc             ] GC(47) Pause Young (Normal) (G1 Evacuation Pause) 503M->171M(577M) 3.563ms
[19.082s][info][gc,cpu         ] GC(47) User=0.00s Sys=0.00s Real=0.00s
[19.420s][info][gc,start       ] GC(48) Pause Young (Normal) (G1 Evacuation Pause)
[19.420s][info][gc,task        ] GC(48) Using 1 workers of 1 for evacuation
[19.423s][info][gc,phases      ] GC(48)   Pre Evacuate Collection Set: 0.0ms
[19.423s][info][gc,phases      ] GC(48)   Evacuate Collection Set: 1.9ms
[19.423s][info][gc,phases      ] GC(48)   Post Evacuate Collection Set: 0.3ms
[19.423s][info][gc,phases      ] GC(48)   Other: 0.3ms
[19.423s][info][gc,heap        ] GC(48) Eden regions: 326->0(329)
[19.423s][info][gc,heap        ] GC(48) Survivor regions: 1->1(41)
[19.423s][info][gc,heap        ] GC(48) Old regions: 161->161
[19.423s][info][gc,heap        ] GC(48) Humongous regions: 12->12
[19.423s][info][gc,metaspace   ] GC(48) Metaspace: 59955K->59955K(1103872K)
[19.423s][info][gc             ] GC(48) Pause Young (Normal) (G1 Evacuation Pause) 497M->171M(577M) 2.542ms
[19.423s][info][gc,cpu         ] GC(48) User=0.00s Sys=0.00s Real=0.00s
[19.805s][info][gc,start       ] GC(49) Pause Young (Normal) (G1 Evacuation Pause)
[19.806s][info][gc,task        ] GC(49) Using 1 workers of 1 for evacuation
[19.808s][info][gc,phases      ] GC(49)   Pre Evacuate Collection Set: 0.0ms
[19.808s][info][gc,phases      ] GC(49)   Evacuate Collection Set: 2.2ms
[19.808s][info][gc,phases      ] GC(49)   Post Evacuate Collection Set: 0.3ms
[19.808s][info][gc,phases      ] GC(49)   Other: 0.4ms
[19.808s][info][gc,heap        ] GC(49) Eden regions: 329->0(331)
[19.808s][info][gc,heap        ] GC(49) Survivor regions: 1->1(42)
[19.808s][info][gc,heap        ] GC(49) Old regions: 161->161
[19.808s][info][gc,heap        ] GC(49) Humongous regions: 12->12
[19.808s][info][gc,metaspace   ] GC(49) Metaspace: 60245K->60245K(1103872K)
[19.808s][info][gc             ] GC(49) Pause Young (Normal) (G1 Evacuation Pause) 500M->171M(577M) 2.924ms
[19.808s][info][gc,cpu         ] GC(49) User=0.00s Sys=0.00s Real=0.00s
[20.186s][info][gc,start       ] GC(50) Pause Young (Normal) (G1 Evacuation Pause)
[20.186s][info][gc,task        ] GC(50) Using 1 workers of 1 for evacuation
[20.189s][info][gc,phases      ] GC(50)   Pre Evacuate Collection Set: 0.0ms
[20.189s][info][gc,phases      ] GC(50)   Evacuate Collection Set: 2.1ms
[20.189s][info][gc,phases      ] GC(50)   Post Evacuate Collection Set: 0.4ms
[20.189s][info][gc,phases      ] GC(50)   Other: 0.3ms
[20.189s][info][gc,heap        ] GC(50) Eden regions: 331->0(332)
[20.189s][info][gc,heap        ] GC(50) Survivor regions: 1->1(42)
[20.189s][info][gc,heap        ] GC(50) Old regions: 161->161
[20.189s][info][gc,heap        ] GC(50) Humongous regions: 12->12
[20.189s][info][gc,metaspace   ] GC(50) Metaspace: 60245K->60245K(1103872K)
[20.189s][info][gc             ] GC(50) Pause Young (Normal) (G1 Evacuation Pause) 502M->171M(577M) 2.812ms
[20.189s][info][gc,cpu         ] GC(50) User=0.00s Sys=0.00s Real=0.00s
[20.520s][info][gc,start       ] GC(51) Pause Young (Normal) (G1 Evacuation Pause)
[20.520s][info][gc,task        ] GC(51) Using 1 workers of 1 for evacuation
[20.523s][info][gc,phases      ] GC(51)   Pre Evacuate Collection Set: 0.0ms
[20.523s][info][gc,phases      ] GC(51)   Evacuate Collection Set: 2.1ms
[20.523s][info][gc,phases      ] GC(51)   Post Evacuate Collection Set: 0.3ms
[20.523s][info][gc,phases      ] GC(51)   Other: 0.3ms
[20.523s][info][gc,heap        ] GC(51) Eden regions: 332->0(334)
[20.523s][info][gc,heap        ] GC(51) Survivor regions: 1->1(42)
[20.523s][info][gc,heap        ] GC(51) Old regions: 161->161
[20.523s][info][gc,heap        ] GC(51) Humongous regions: 12->12
[20.523s][info][gc,metaspace   ] GC(51) Metaspace: 60245K->60245K(1103872K)
[20.523s][info][gc             ] GC(51) Pause Young (Normal) (G1 Evacuation Pause) 503M->171M(577M) 2.783ms
[20.523s][info][gc,cpu         ] GC(51) User=0.00s Sys=0.00s Real=0.00s
[20.819s][info][gc,start       ] GC(52) Pause Young (Normal) (G1 Evacuation Pause)
[20.819s][info][gc,task        ] GC(52) Using 1 workers of 1 for evacuation
[20.822s][info][gc,phases      ] GC(52)   Pre Evacuate Collection Set: 0.0ms
[20.822s][info][gc,phases      ] GC(52)   Evacuate Collection Set: 2.2ms
[20.822s][info][gc,phases      ] GC(52)   Post Evacuate Collection Set: 0.3ms
[20.822s][info][gc,phases      ] GC(52)   Other: 0.4ms
[20.822s][info][gc,heap        ] GC(52) Eden regions: 334->0(335)
[20.822s][info][gc,heap        ] GC(52) Survivor regions: 1->1(42)
[20.822s][info][gc,heap        ] GC(52) Old regions: 161->161
[20.822s][info][gc,heap        ] GC(52) Humongous regions: 12->12
[20.822s][info][gc,metaspace   ] GC(52) Metaspace: 60245K->60245K(1103872K)
[20.822s][info][gc             ] GC(52) Pause Young (Normal) (G1 Evacuation Pause) 505M->171M(577M) 3.026ms
[20.822s][info][gc,cpu         ] GC(52) User=0.00s Sys=0.00s Real=0.00s
[21.126s][info][gc,start       ] GC(53) Pause Young (Normal) (G1 Evacuation Pause)
[21.126s][info][gc,task        ] GC(53) Using 1 workers of 1 for evacuation
[21.128s][info][gc,phases      ] GC(53)   Pre Evacuate Collection Set: 0.0ms
[21.128s][info][gc,phases      ] GC(53)   Evacuate Collection Set: 2.1ms
[21.128s][info][gc,phases      ] GC(53)   Post Evacuate Collection Set: 0.3ms
[21.128s][info][gc,phases      ] GC(53)   Other: 0.3ms
[21.128s][info][gc,heap        ] GC(53) Eden regions: 335->0(336)
[21.128s][info][gc,heap        ] GC(53) Survivor regions: 1->1(42)
[21.128s][info][gc,heap        ] GC(53) Old regions: 161->161
[21.128s][info][gc,heap        ] GC(53) Humongous regions: 12->12
[21.128s][info][gc,metaspace   ] GC(53) Metaspace: 60245K->60245K(1103872K)
[21.128s][info][gc             ] GC(53) Pause Young (Normal) (G1 Evacuation Pause) 506M->171M(577M) 2.751ms
[21.128s][info][gc,cpu         ] GC(53) User=0.01s Sys=0.00s Real=0.00s
[21.306s][info][gc,task        ] GC(54) Using 1 workers of 1 for full compaction
[21.306s][info][gc,start       ] GC(54) Pause Full (System.gc())
[21.307s][info][gc,phases,start] GC(54) Phase 1: Mark live objects
[21.533s][info][gc,stringtable ] GC(54) Cleaned string and symbol table, strings: 21669 processed, 24 removed, symbols: 131700 processed, 0 removed
[21.534s][info][gc,phases      ] GC(54) Phase 1: Mark live objects 226.796ms
[21.534s][info][gc,phases,start] GC(54) Phase 2: Prepare for compaction
[21.568s][info][gc,phases      ] GC(54) Phase 2: Prepare for compaction 34.115ms
[21.568s][info][gc,phases,start] GC(54) Phase 3: Adjust pointers
[21.651s][info][gc,phases      ] GC(54) Phase 3: Adjust pointers 83.389ms
[21.651s][info][gc,phases,start] GC(54) Phase 4: Compact heap
[21.713s][info][gc,phases      ] GC(54) Phase 4: Compact heap 61.653ms
[21.716s][info][gc,heap        ] GC(54) Eden regions: 108->0(336)
[21.716s][info][gc,heap        ] GC(54) Survivor regions: 1->0(42)
[21.716s][info][gc,heap        ] GC(54) Old regions: 161->161
[21.716s][info][gc,heap        ] GC(54) Humongous regions: 17->12
[21.716s][info][gc,metaspace   ] GC(54) Metaspace: 60285K->60282K(1103872K)
[21.716s][info][gc             ] GC(54) Pause Full (System.gc()) 284M->171M(577M) 410.442ms
[21.716s][info][gc,cpu         ] GC(54) User=0.39s Sys=0.01s Real=0.41s
[22.574s][info][gc,start       ] GC(55) Pause Young (Normal) (G1 Evacuation Pause)
[22.574s][info][gc,task        ] GC(55) Using 1 workers of 1 for evacuation
[22.577s][info][gc,phases      ] GC(55)   Pre Evacuate Collection Set: 0.0ms
[22.577s][info][gc,phases      ] GC(55)   Evacuate Collection Set: 1.9ms
[22.577s][info][gc,phases      ] GC(55)   Post Evacuate Collection Set: 0.3ms
[22.577s][info][gc,phases      ] GC(55)   Other: 0.7ms
[22.577s][info][gc,heap        ] GC(55) Eden regions: 336->0(337)
[22.577s][info][gc,heap        ] GC(55) Survivor regions: 0->1(42)
[22.577s][info][gc,heap        ] GC(55) Old regions: 161->161
[22.577s][info][gc,heap        ] GC(55) Humongous regions: 22->12
[22.577s][info][gc,metaspace   ] GC(55) Metaspace: 60374K->60374K(1103872K)
[22.577s][info][gc             ] GC(55) Pause Young (Normal) (G1 Evacuation Pause) 517M->171M(577M) 3.080ms
[22.577s][info][gc,cpu         ] GC(55) User=0.00s Sys=0.00s Real=0.00s
[22.899s][info][gc,start       ] GC(56) Pause Young (Normal) (G1 Evacuation Pause)
[22.899s][info][gc,task        ] GC(56) Using 1 workers of 1 for evacuation
[22.901s][info][gc,phases      ] GC(56)   Pre Evacuate Collection Set: 0.0ms
[22.901s][info][gc,phases      ] GC(56)   Evacuate Collection Set: 1.6ms
[22.901s][info][gc,phases      ] GC(56)   Post Evacuate Collection Set: 0.3ms
[22.901s][info][gc,phases      ] GC(56)   Other: 0.3ms
[22.901s][info][gc,heap        ] GC(56) Eden regions: 337->0(338)
[22.901s][info][gc,heap        ] GC(56) Survivor regions: 1->1(43)
[22.901s][info][gc,heap        ] GC(56) Old regions: 161->161
[22.901s][info][gc,heap        ] GC(56) Humongous regions: 12->12
[22.901s][info][gc,metaspace   ] GC(56) Metaspace: 60390K->60390K(1103872K)
[22.901s][info][gc             ] GC(56) Pause Young (Normal) (G1 Evacuation Pause) 508M->171M(577M) 2.240ms
[22.901s][info][gc,cpu         ] GC(56) User=0.00s Sys=0.00s Real=0.00s
[23.239s][info][gc,start       ] GC(57) Pause Young (Normal) (G1 Evacuation Pause)
[23.239s][info][gc,task        ] GC(57) Using 1 workers of 1 for evacuation
[23.241s][info][gc,phases      ] GC(57)   Pre Evacuate Collection Set: 0.0ms
[23.241s][info][gc,phases      ] GC(57)   Evacuate Collection Set: 1.9ms
[23.241s][info][gc,phases      ] GC(57)   Post Evacuate Collection Set: 0.3ms
[23.241s][info][gc,phases      ] GC(57)   Other: 0.3ms
[23.241s][info][gc,heap        ] GC(57) Eden regions: 338->0(338)
[23.241s][info][gc,heap        ] GC(57) Survivor regions: 1->1(43)
[23.241s][info][gc,heap        ] GC(57) Old regions: 161->161
[23.241s][info][gc,heap        ] GC(57) Humongous regions: 12->12
[23.241s][info][gc,metaspace   ] GC(57) Metaspace: 60516K->60516K(1103872K)
[23.241s][info][gc             ] GC(57) Pause Young (Normal) (G1 Evacuation Pause) 509M->171M(577M) 2.741ms
[23.241s][info][gc,cpu         ] GC(57) User=0.00s Sys=0.00s Real=0.00s
[23.549s][info][gc,start       ] GC(58) Pause Young (Normal) (G1 Evacuation Pause)
[23.549s][info][gc,task        ] GC(58) Using 1 workers of 1 for evacuation
[23.552s][info][gc,phases      ] GC(58)   Pre Evacuate Collection Set: 0.0ms
[23.552s][info][gc,phases      ] GC(58)   Evacuate Collection Set: 1.9ms
[23.552s][info][gc,phases      ] GC(58)   Post Evacuate Collection Set: 0.3ms
[23.552s][info][gc,phases      ] GC(58)   Other: 0.3ms
[23.552s][info][gc,heap        ] GC(58) Eden regions: 338->0(339)
[23.552s][info][gc,heap        ] GC(58) Survivor regions: 1->1(43)
[23.552s][info][gc,heap        ] GC(58) Old regions: 161->161
[23.552s][info][gc,heap        ] GC(58) Humongous regions: 12->12
[23.552s][info][gc,metaspace   ] GC(58) Metaspace: 60516K->60516K(1103872K)
[23.552s][info][gc             ] GC(58) Pause Young (Normal) (G1 Evacuation Pause) 509M->171M(577M) 2.581ms
[23.552s][info][gc,cpu         ] GC(58) User=0.00s Sys=0.00s Real=0.00s
[23.890s][info][gc,start       ] GC(59) Pause Young (Normal) (G1 Evacuation Pause)
[23.890s][info][gc,task        ] GC(59) Using 1 workers of 1 for evacuation
[23.893s][info][gc,phases      ] GC(59)   Pre Evacuate Collection Set: 0.0ms
[23.893s][info][gc,phases      ] GC(59)   Evacuate Collection Set: 1.8ms
[23.893s][info][gc,phases      ] GC(59)   Post Evacuate Collection Set: 0.3ms
[23.893s][info][gc,phases      ] GC(59)   Other: 0.3ms
[23.893s][info][gc,heap        ] GC(59) Eden regions: 339->0(340)
[23.893s][info][gc,heap        ] GC(59) Survivor regions: 1->1(43)
[23.893s][info][gc,heap        ] GC(59) Old regions: 161->161
[23.893s][info][gc,heap        ] GC(59) Humongous regions: 12->12
[23.893s][info][gc,metaspace   ] GC(59) Metaspace: 60516K->60516K(1103872K)
[23.893s][info][gc             ] GC(59) Pause Young (Normal) (G1 Evacuation Pause) 510M->171M(577M) 2.620ms
[23.893s][info][gc,cpu         ] GC(59) User=0.00s Sys=0.00s Real=0.00s
[24.197s][info][gc,start       ] GC(60) Pause Young (Normal) (G1 Evacuation Pause)
[24.198s][info][gc,task        ] GC(60) Using 1 workers of 1 for evacuation
[24.200s][info][gc,phases      ] GC(60)   Pre Evacuate Collection Set: 0.0ms
[24.200s][info][gc,phases      ] GC(60)   Evacuate Collection Set: 1.8ms
[24.200s][info][gc,phases      ] GC(60)   Post Evacuate Collection Set: 0.4ms
[24.200s][info][gc,phases      ] GC(60)   Other: 0.3ms
[24.200s][info][gc,heap        ] GC(60) Eden regions: 340->0(340)
[24.200s][info][gc,heap        ] GC(60) Survivor regions: 1->1(43)
[24.200s][info][gc,heap        ] GC(60) Old regions: 161->161
[24.200s][info][gc,heap        ] GC(60) Humongous regions: 12->12
[24.200s][info][gc,metaspace   ] GC(60) Metaspace: 60516K->60516K(1103872K)
[24.200s][info][gc             ] GC(60) Pause Young (Normal) (G1 Evacuation Pause) 511M->171M(577M) 2.585ms
[24.200s][info][gc,cpu         ] GC(60) User=0.00s Sys=0.00s Real=0.00s
[24.509s][info][gc,start       ] GC(61) Pause Young (Normal) (G1 Evacuation Pause)
[24.510s][info][gc,task        ] GC(61) Using 1 workers of 1 for evacuation
[24.512s][info][gc,phases      ] GC(61)   Pre Evacuate Collection Set: 0.1ms
[24.512s][info][gc,phases      ] GC(61)   Evacuate Collection Set: 1.9ms
[24.512s][info][gc,phases      ] GC(61)   Post Evacuate Collection Set: 0.4ms
[24.512s][info][gc,phases      ] GC(61)   Other: 0.3ms
[24.512s][info][gc,heap        ] GC(61) Eden regions: 340->0(341)
[24.512s][info][gc,heap        ] GC(61) Survivor regions: 1->1(43)
[24.512s][info][gc,heap        ] GC(61) Old regions: 161->161
[24.512s][info][gc,heap        ] GC(61) Humongous regions: 12->12
[24.512s][info][gc,metaspace   ] GC(61) Metaspace: 60516K->60516K(1103872K)
[24.512s][info][gc             ] GC(61) Pause Young (Normal) (G1 Evacuation Pause) 511M->171M(577M) 2.613ms
[24.512s][info][gc,cpu         ] GC(61) User=0.01s Sys=0.00s Real=0.01s
[24.602s][info][gc,task        ] GC(62) Using 1 workers of 1 for full compaction
[24.602s][info][gc,start       ] GC(62) Pause Full (System.gc())
[24.603s][info][gc,phases,start] GC(62) Phase 1: Mark live objects
[24.786s][info][gc,stringtable ] GC(62) Cleaned string and symbol table, strings: 21715 processed, 24 removed, symbols: 131798 processed, 1 removed
[24.787s][info][gc,phases      ] GC(62) Phase 1: Mark live objects 183.418ms
[24.787s][info][gc,phases,start] GC(62) Phase 2: Prepare for compaction
[24.817s][info][gc,phases      ] GC(62) Phase 2: Prepare for compaction 30.376ms
[24.817s][info][gc,phases,start] GC(62) Phase 3: Adjust pointers
[24.900s][info][gc,phases      ] GC(62) Phase 3: Adjust pointers 83.022ms
[24.900s][info][gc,phases,start] GC(62) Phase 4: Compact heap
[24.959s][info][gc,phases      ] GC(62) Phase 4: Compact heap 59.107ms
[24.963s][info][gc,heap        ] GC(62) Eden regions: 6->0(341)
[24.963s][info][gc,heap        ] GC(62) Survivor regions: 1->0(43)
[24.963s][info][gc,heap        ] GC(62) Old regions: 161->161
[24.963s][info][gc,heap        ] GC(62) Humongous regions: 17->12
[24.963s][info][gc,metaspace   ] GC(62) Metaspace: 60574K->60574K(1103872K)
[24.963s][info][gc             ] GC(62) Pause Full (System.gc()) 182M->171M(577M) 360.181ms
[24.963s][info][gc,cpu         ] GC(62) User=0.34s Sys=0.00s Real=0.36s
[25.854s][info][gc,start       ] GC(63) Pause Young (Normal) (G1 Evacuation Pause)
[25.854s][info][gc,task        ] GC(63) Using 1 workers of 1 for evacuation
[25.858s][info][gc,phases      ] GC(63)   Pre Evacuate Collection Set: 0.0ms
[25.859s][info][gc,phases      ] GC(63)   Evacuate Collection Set: 3.4ms
[25.859s][info][gc,phases      ] GC(63)   Post Evacuate Collection Set: 0.4ms
[25.859s][info][gc,phases      ] GC(63)   Other: 0.8ms
[25.859s][info][gc,heap        ] GC(63) Eden regions: 341->0(341)
[25.859s][info][gc,heap        ] GC(63) Survivor regions: 0->1(43)
[25.859s][info][gc,heap        ] GC(63) Old regions: 161->161
[25.859s][info][gc,heap        ] GC(63) Humongous regions: 22->12
[25.859s][info][gc,metaspace   ] GC(63) Metaspace: 60608K->60608K(1103872K)
[25.859s][info][gc             ] GC(63) Pause Young (Normal) (G1 Evacuation Pause) 522M->171M(577M) 4.653ms
[25.859s][info][gc,cpu         ] GC(63) User=0.01s Sys=0.00s Real=0.01s
[26.505s][info][gc,start       ] GC(64) Pause Young (Normal) (G1 Evacuation Pause)
[26.506s][info][gc,task        ] GC(64) Using 1 workers of 1 for evacuation
[26.508s][info][gc,phases      ] GC(64)   Pre Evacuate Collection Set: 0.0ms
[26.508s][info][gc,phases      ] GC(64)   Evacuate Collection Set: 1.7ms
[26.508s][info][gc,phases      ] GC(64)   Post Evacuate Collection Set: 0.3ms
[26.508s][info][gc,phases      ] GC(64)   Other: 0.4ms
[26.508s][info][gc,heap        ] GC(64) Eden regions: 341->0(341)
[26.508s][info][gc,heap        ] GC(64) Survivor regions: 1->1(43)
[26.508s][info][gc,heap        ] GC(64) Old regions: 161->161
[26.508s][info][gc,heap        ] GC(64) Humongous regions: 12->12
[26.508s][info][gc,metaspace   ] GC(64) Metaspace: 60636K->60636K(1103872K)
[26.508s][info][gc             ] GC(64) Pause Young (Normal) (G1 Evacuation Pause) 512M->171M(577M) 2.428ms
[26.508s][info][gc,cpu         ] GC(64) User=0.00s Sys=0.00s Real=0.00s
[27.012s][info][gc,start       ] GC(65) Pause Young (Normal) (G1 Evacuation Pause)
[27.013s][info][gc,task        ] GC(65) Using 1 workers of 1 for evacuation
[27.015s][info][gc,phases      ] GC(65)   Pre Evacuate Collection Set: 0.0ms
[27.015s][info][gc,phases      ] GC(65)   Evacuate Collection Set: 1.7ms
[27.015s][info][gc,phases      ] GC(65)   Post Evacuate Collection Set: 0.3ms
[27.015s][info][gc,phases      ] GC(65)   Other: 0.3ms
[27.015s][info][gc,heap        ] GC(65) Eden regions: 341->0(342)
[27.015s][info][gc,heap        ] GC(65) Survivor regions: 1->1(43)
[27.015s][info][gc,heap        ] GC(65) Old regions: 161->161
[27.015s][info][gc,heap        ] GC(65) Humongous regions: 12->12
[27.015s][info][gc,metaspace   ] GC(65) Metaspace: 60636K->60636K(1103872K)
[27.015s][info][gc             ] GC(65) Pause Young (Normal) (G1 Evacuation Pause) 512M->171M(577M) 2.376ms
[27.015s][info][gc,cpu         ] GC(65) User=0.00s Sys=0.00s Real=0.00s
[27.322s][info][gc,start       ] GC(66) Pause Young (Normal) (G1 Evacuation Pause)
[27.322s][info][gc,task        ] GC(66) Using 1 workers of 1 for evacuation
[27.324s][info][gc,phases      ] GC(66)   Pre Evacuate Collection Set: 0.0ms
[27.324s][info][gc,phases      ] GC(66)   Evacuate Collection Set: 1.6ms
[27.324s][info][gc,phases      ] GC(66)   Post Evacuate Collection Set: 0.3ms
[27.324s][info][gc,phases      ] GC(66)   Other: 0.3ms
[27.324s][info][gc,heap        ] GC(66) Eden regions: 342->0(342)
[27.324s][info][gc,heap        ] GC(66) Survivor regions: 1->1(43)
[27.324s][info][gc,heap        ] GC(66) Old regions: 161->161
[27.324s][info][gc,heap        ] GC(66) Humongous regions: 12->12
[27.324s][info][gc,metaspace   ] GC(66) Metaspace: 60636K->60636K(1103872K)
[27.324s][info][gc             ] GC(66) Pause Young (Normal) (G1 Evacuation Pause) 513M->171M(577M) 2.283ms
[27.324s][info][gc,cpu         ] GC(66) User=0.00s Sys=0.00s Real=0.00s
[27.645s][info][gc,start       ] GC(67) Pause Young (Normal) (G1 Evacuation Pause)
[27.646s][info][gc,task        ] GC(67) Using 1 workers of 1 for evacuation
[27.648s][info][gc,phases      ] GC(67)   Pre Evacuate Collection Set: 0.0ms
[27.648s][info][gc,phases      ] GC(67)   Evacuate Collection Set: 1.8ms
[27.648s][info][gc,phases      ] GC(67)   Post Evacuate Collection Set: 0.3ms
[27.648s][info][gc,phases      ] GC(67)   Other: 0.8ms
[27.648s][info][gc,heap        ] GC(67) Eden regions: 342->0(342)
[27.648s][info][gc,heap        ] GC(67) Survivor regions: 1->1(43)
[27.648s][info][gc,heap        ] GC(67) Old regions: 161->161
[27.648s][info][gc,heap        ] GC(67) Humongous regions: 12->12
[27.648s][info][gc,metaspace   ] GC(67) Metaspace: 60636K->60636K(1103872K)
[27.648s][info][gc             ] GC(67) Pause Young (Normal) (G1 Evacuation Pause) 513M->171M(577M) 3.024ms
[27.648s][info][gc,cpu         ] GC(67) User=0.00s Sys=0.00s Real=0.00s
[27.949s][info][gc,start       ] GC(68) Pause Young (Normal) (G1 Evacuation Pause)
[27.949s][info][gc,task        ] GC(68) Using 1 workers of 1 for evacuation
[27.951s][info][gc,phases      ] GC(68)   Pre Evacuate Collection Set: 0.0ms
[27.951s][info][gc,phases      ] GC(68)   Evacuate Collection Set: 1.6ms
[27.951s][info][gc,phases      ] GC(68)   Post Evacuate Collection Set: 0.3ms
[27.951s][info][gc,phases      ] GC(68)   Other: 0.4ms
[27.951s][info][gc,heap        ] GC(68) Eden regions: 342->0(342)
[27.951s][info][gc,heap        ] GC(68) Survivor regions: 1->1(43)
[27.951s][info][gc,heap        ] GC(68) Old regions: 161->161
[27.951s][info][gc,heap        ] GC(68) Humongous regions: 12->12
[27.951s][info][gc,metaspace   ] GC(68) Metaspace: 60636K->60636K(1103872K)
[27.951s][info][gc             ] GC(68) Pause Young (Normal) (G1 Evacuation Pause) 513M->171M(577M) 2.424ms
[27.951s][info][gc,cpu         ] GC(68) User=0.00s Sys=0.00s Real=0.01s
[28.326s][info][gc,task        ] GC(69) Using 1 workers of 1 for full compaction
[28.326s][info][gc,start       ] GC(69) Pause Full (System.gc())
[28.327s][info][gc,phases,start] GC(69) Phase 1: Mark live objects
[28.510s][info][gc,stringtable ] GC(69) Cleaned string and symbol table, strings: 21729 processed, 22 removed, symbols: 131807 processed, 0 removed
[28.510s][info][gc,phases      ] GC(69) Phase 1: Mark live objects 183.228ms
[28.510s][info][gc,phases,start] GC(69) Phase 2: Prepare for compaction
[28.544s][info][gc,phases      ] GC(69) Phase 2: Prepare for compaction 34.153ms
[28.544s][info][gc,phases,start] GC(69) Phase 3: Adjust pointers
[28.629s][info][gc,phases      ] GC(69) Phase 3: Adjust pointers 84.811ms
[28.629s][info][gc,phases,start] GC(69) Phase 4: Compact heap
[28.684s][info][gc,phases      ] GC(69) Phase 4: Compact heap 55.097ms
[28.688s][info][gc,heap        ] GC(69) Eden regions: 322->0(343)
[28.688s][info][gc,heap        ] GC(69) Survivor regions: 1->0(43)
[28.688s][info][gc,heap        ] GC(69) Old regions: 161->161
[28.688s][info][gc,heap        ] GC(69) Humongous regions: 17->12
[28.688s][info][gc,metaspace   ] GC(69) Metaspace: 60668K->60668K(1103872K)
[28.688s][info][gc             ] GC(69) Pause Full (System.gc()) 498M->171M(577M) 361.504ms
[28.688s][info][gc,cpu         ] GC(69) User=0.35s Sys=0.00s Real=0.36s
[29.248s][info][gc,start       ] GC(70) Pause Young (Normal) (G1 Evacuation Pause)
[29.248s][info][gc,task        ] GC(70) Using 1 workers of 1 for evacuation
[29.250s][info][gc,phases      ] GC(70)   Pre Evacuate Collection Set: 0.0ms
[29.250s][info][gc,phases      ] GC(70)   Evacuate Collection Set: 1.7ms
[29.250s][info][gc,phases      ] GC(70)   Post Evacuate Collection Set: 0.4ms
[29.250s][info][gc,phases      ] GC(70)   Other: 0.3ms
[29.250s][info][gc,heap        ] GC(70) Eden regions: 343->0(342)
[29.250s][info][gc,heap        ] GC(70) Survivor regions: 0->1(43)
[29.250s][info][gc,heap        ] GC(70) Old regions: 161->161
[29.250s][info][gc,heap        ] GC(70) Humongous regions: 22->12
[29.251s][info][gc,metaspace   ] GC(70) Metaspace: 60731K->60731K(1103872K)
[29.251s][info][gc             ] GC(70) Pause Young (Normal) (G1 Evacuation Pause) 524M->171M(577M) 2.519ms
[29.251s][info][gc,cpu         ] GC(70) User=0.01s Sys=0.00s Real=0.01s
[29.569s][info][gc,start       ] GC(71) Pause Young (Normal) (G1 Evacuation Pause)
[29.569s][info][gc,task        ] GC(71) Using 1 workers of 1 for evacuation
[29.571s][info][gc,phases      ] GC(71)   Pre Evacuate Collection Set: 0.0ms
[29.571s][info][gc,phases      ] GC(71)   Evacuate Collection Set: 1.8ms
[29.571s][info][gc,phases      ] GC(71)   Post Evacuate Collection Set: 0.3ms
[29.571s][info][gc,phases      ] GC(71)   Other: 0.4ms
[29.571s][info][gc,heap        ] GC(71) Eden regions: 342->0(343)
[29.571s][info][gc,heap        ] GC(71) Survivor regions: 1->1(43)
[29.571s][info][gc,heap        ] GC(71) Old regions: 161->161
[29.571s][info][gc,heap        ] GC(71) Humongous regions: 12->12
[29.571s][info][gc,metaspace   ] GC(71) Metaspace: 60733K->60733K(1103872K)
[29.571s][info][gc             ] GC(71) Pause Young (Normal) (G1 Evacuation Pause) 513M->171M(577M) 2.625ms
[29.571s][info][gc,cpu         ] GC(71) User=0.01s Sys=0.00s Real=0.01s
[29.879s][info][gc,start       ] GC(72) Pause Young (Normal) (G1 Evacuation Pause)
[29.879s][info][gc,task        ] GC(72) Using 1 workers of 1 for evacuation
[29.881s][info][gc,phases      ] GC(72)   Pre Evacuate Collection Set: 0.0ms
[29.881s][info][gc,phases      ] GC(72)   Evacuate Collection Set: 1.6ms
[29.881s][info][gc,phases      ] GC(72)   Post Evacuate Collection Set: 0.3ms
[29.881s][info][gc,phases      ] GC(72)   Other: 0.3ms
[29.881s][info][gc,heap        ] GC(72) Eden regions: 343->0(343)
[29.881s][info][gc,heap        ] GC(72) Survivor regions: 1->1(43)
[29.881s][info][gc,heap        ] GC(72) Old regions: 161->161
[29.881s][info][gc,heap        ] GC(72) Humongous regions: 12->12
[29.881s][info][gc,metaspace   ] GC(72) Metaspace: 60734K->60734K(1103872K)
[29.881s][info][gc             ] GC(72) Pause Young (Normal) (G1 Evacuation Pause) 514M->171M(577M) 2.365ms
[29.881s][info][gc,cpu         ] GC(72) User=0.00s Sys=0.00s Real=0.00s
[30.183s][info][gc,start       ] GC(73) Pause Young (Normal) (G1 Evacuation Pause)
[30.183s][info][gc,task        ] GC(73) Using 1 workers of 1 for evacuation
[30.185s][info][gc,phases      ] GC(73)   Pre Evacuate Collection Set: 0.0ms
[30.185s][info][gc,phases      ] GC(73)   Evacuate Collection Set: 1.7ms
[30.185s][info][gc,phases      ] GC(73)   Post Evacuate Collection Set: 0.4ms
[30.185s][info][gc,phases      ] GC(73)   Other: 0.3ms
[30.185s][info][gc,heap        ] GC(73) Eden regions: 343->0(343)
[30.185s][info][gc,heap        ] GC(73) Survivor regions: 1->1(43)
[30.185s][info][gc,heap        ] GC(73) Old regions: 161->161
[30.185s][info][gc,heap        ] GC(73) Humongous regions: 12->12
[30.185s][info][gc,metaspace   ] GC(73) Metaspace: 60734K->60734K(1103872K)
[30.185s][info][gc             ] GC(73) Pause Young (Normal) (G1 Evacuation Pause) 514M->171M(577M) 2.505ms
[30.185s][info][gc,cpu         ] GC(73) User=0.01s Sys=0.00s Real=0.00s
[30.507s][info][gc,start       ] GC(74) Pause Young (Normal) (G1 Evacuation Pause)
[30.507s][info][gc,task        ] GC(74) Using 1 workers of 1 for evacuation
[30.510s][info][gc,phases      ] GC(74)   Pre Evacuate Collection Set: 0.0ms
[30.510s][info][gc,phases      ] GC(74)   Evacuate Collection Set: 1.7ms
[30.510s][info][gc,phases      ] GC(74)   Post Evacuate Collection Set: 0.3ms
[30.510s][info][gc,phases      ] GC(74)   Other: 0.4ms
[30.510s][info][gc,heap        ] GC(74) Eden regions: 343->0(343)
[30.510s][info][gc,heap        ] GC(74) Survivor regions: 1->1(43)
[30.510s][info][gc,heap        ] GC(74) Old regions: 161->161
[30.510s][info][gc,heap        ] GC(74) Humongous regions: 12->12
[30.510s][info][gc,metaspace   ] GC(74) Metaspace: 60734K->60734K(1103872K)
[30.510s][info][gc             ] GC(74) Pause Young (Normal) (G1 Evacuation Pause) 514M->171M(577M) 2.521ms
[30.510s][info][gc,cpu         ] GC(74) User=0.01s Sys=0.00s Real=0.01s
[30.813s][info][gc,start       ] GC(75) Pause Young (Normal) (G1 Evacuation Pause)
[30.813s][info][gc,task        ] GC(75) Using 1 workers of 1 for evacuation
[30.816s][info][gc,phases      ] GC(75)   Pre Evacuate Collection Set: 0.0ms
[30.816s][info][gc,phases      ] GC(75)   Evacuate Collection Set: 1.6ms
[30.816s][info][gc,phases      ] GC(75)   Post Evacuate Collection Set: 0.4ms
[30.816s][info][gc,phases      ] GC(75)   Other: 0.3ms
[30.816s][info][gc,heap        ] GC(75) Eden regions: 343->0(343)
[30.816s][info][gc,heap        ] GC(75) Survivor regions: 1->1(43)
[30.816s][info][gc,heap        ] GC(75) Old regions: 161->161
[30.816s][info][gc,heap        ] GC(75) Humongous regions: 12->12
[30.816s][info][gc,metaspace   ] GC(75) Metaspace: 60734K->60734K(1103872K)
[30.816s][info][gc             ] GC(75) Pause Young (Normal) (G1 Evacuation Pause) 514M->171M(577M) 2.418ms
[30.816s][info][gc,cpu         ] GC(75) User=0.00s Sys=0.00s Real=0.00s
[31.172s][info][gc,task        ] GC(76) Using 1 workers of 1 for full compaction
[31.172s][info][gc,start       ] GC(76) Pause Full (System.gc())
[31.173s][info][gc,phases,start] GC(76) Phase 1: Mark live objects
[31.337s][info][gc,stringtable ] GC(76) Cleaned string and symbol table, strings: 21734 processed, 22 removed, symbols: 131807 processed, 0 removed
[31.338s][info][gc,phases      ] GC(76) Phase 1: Mark live objects 164.683ms
[31.338s][info][gc,phases,start] GC(76) Phase 2: Prepare for compaction
[31.369s][info][gc,phases      ] GC(76) Phase 2: Prepare for compaction 31.712ms
[31.369s][info][gc,phases,start] GC(76) Phase 3: Adjust pointers
[31.488s][info][gc,phases      ] GC(76) Phase 3: Adjust pointers 119.174ms
[31.489s][info][gc,phases,start] GC(76) Phase 4: Compact heap
[31.514s][info][gc,phases      ] GC(76) Phase 4: Compact heap 25.069ms
[31.517s][info][gc,heap        ] GC(76) Eden regions: 313->0(344)
[31.517s][info][gc,heap        ] GC(76) Survivor regions: 1->0(43)
[31.517s][info][gc,heap        ] GC(76) Old regions: 161->161
[31.517s][info][gc,heap        ] GC(76) Humongous regions: 17->12
[31.517s][info][gc,metaspace   ] GC(76) Metaspace: 60761K->60761K(1103872K)
[31.517s][info][gc             ] GC(76) Pause Full (System.gc()) 489M->171M(577M) 345.463ms
[31.517s][info][gc,cpu         ] GC(76) User=0.34s Sys=0.00s Real=0.35s
[32.048s][info][gc,start       ] GC(77) Pause Young (Normal) (G1 Evacuation Pause)
[32.048s][info][gc,task        ] GC(77) Using 1 workers of 1 for evacuation
[32.050s][info][gc,phases      ] GC(77)   Pre Evacuate Collection Set: 0.0ms
[32.050s][info][gc,phases      ] GC(77)   Evacuate Collection Set: 1.9ms
[32.050s][info][gc,phases      ] GC(77)   Post Evacuate Collection Set: 0.4ms
[32.050s][info][gc,phases      ] GC(77)   Other: 0.4ms
[32.050s][info][gc,heap        ] GC(77) Eden regions: 344->0(343)
[32.050s][info][gc,heap        ] GC(77) Survivor regions: 0->1(43)
[32.050s][info][gc,heap        ] GC(77) Old regions: 161->161
[32.050s][info][gc,heap        ] GC(77) Humongous regions: 22->12
[32.050s][info][gc,metaspace   ] GC(77) Metaspace: 60831K->60831K(1103872K)
[32.050s][info][gc             ] GC(77) Pause Young (Normal) (G1 Evacuation Pause) 525M->171M(577M) 2.744ms
[32.051s][info][gc,cpu         ] GC(77) User=0.00s Sys=0.00s Real=0.01s
[32.385s][info][gc,start       ] GC(78) Pause Young (Normal) (G1 Evacuation Pause)
[32.385s][info][gc,task        ] GC(78) Using 1 workers of 1 for evacuation
[32.387s][info][gc,phases      ] GC(78)   Pre Evacuate Collection Set: 0.0ms
[32.387s][info][gc,phases      ] GC(78)   Evacuate Collection Set: 1.8ms
[32.387s][info][gc,phases      ] GC(78)   Post Evacuate Collection Set: 0.3ms
[32.387s][info][gc,phases      ] GC(78)   Other: 0.4ms
[32.387s][info][gc,heap        ] GC(78) Eden regions: 343->0(343)
[32.387s][info][gc,heap        ] GC(78) Survivor regions: 1->1(43)
[32.387s][info][gc,heap        ] GC(78) Old regions: 161->161
[32.387s][info][gc,heap        ] GC(78) Humongous regions: 12->12
[32.387s][info][gc,metaspace   ] GC(78) Metaspace: 60834K->60834K(1103872K)
[32.387s][info][gc             ] GC(78) Pause Young (Normal) (G1 Evacuation Pause) 514M->171M(577M) 2.561ms
[32.387s][info][gc,cpu         ] GC(78) User=0.01s Sys=0.00s Real=0.00s
[32.711s][info][gc,start       ] GC(79) Pause Young (Normal) (G1 Evacuation Pause)
[32.711s][info][gc,task        ] GC(79) Using 1 workers of 1 for evacuation
[32.714s][info][gc,phases      ] GC(79)   Pre Evacuate Collection Set: 0.0ms
[32.714s][info][gc,phases      ] GC(79)   Evacuate Collection Set: 1.9ms
[32.714s][info][gc,phases      ] GC(79)   Post Evacuate Collection Set: 0.3ms
[32.714s][info][gc,phases      ] GC(79)   Other: 0.7ms
[32.714s][info][gc,heap        ] GC(79) Eden regions: 343->0(343)
[32.714s][info][gc,heap        ] GC(79) Survivor regions: 1->1(43)
[32.714s][info][gc,heap        ] GC(79) Old regions: 161->161
[32.714s][info][gc,heap        ] GC(79) Humongous regions: 12->12
[32.714s][info][gc,metaspace   ] GC(79) Metaspace: 60834K->60834K(1103872K)
[32.714s][info][gc             ] GC(79) Pause Young (Normal) (G1 Evacuation Pause) 514M->171M(577M) 2.959ms
[32.714s][info][gc,cpu         ] GC(79) User=0.00s Sys=0.00s Real=0.00s
[33.104s][info][gc,start       ] GC(80) Pause Young (Normal) (G1 Evacuation Pause)
[33.104s][info][gc,task        ] GC(80) Using 1 workers of 1 for evacuation
[33.111s][info][gc,phases      ] GC(80)   Pre Evacuate Collection Set: 0.0ms
[33.111s][info][gc,phases      ] GC(80)   Evacuate Collection Set: 5.2ms
[33.111s][info][gc,phases      ] GC(80)   Post Evacuate Collection Set: 0.8ms
[33.111s][info][gc,phases      ] GC(80)   Other: 0.5ms
[33.111s][info][gc,heap        ] GC(80) Eden regions: 343->0(343)
[33.111s][info][gc,heap        ] GC(80) Survivor regions: 1->1(43)
[33.111s][info][gc,heap        ] GC(80) Old regions: 161->161
[33.111s][info][gc,heap        ] GC(80) Humongous regions: 12->12
[33.111s][info][gc,metaspace   ] GC(80) Metaspace: 60834K->60834K(1103872K)
[33.111s][info][gc             ] GC(80) Pause Young (Normal) (G1 Evacuation Pause) 514M->171M(577M) 6.647ms
[33.111s][info][gc,cpu         ] GC(80) User=0.01s Sys=0.00s Real=0.01s
[33.532s][info][gc,start       ] GC(81) Pause Young (Normal) (G1 Evacuation Pause)
[33.532s][info][gc,task        ] GC(81) Using 1 workers of 1 for evacuation
[33.534s][info][gc,phases      ] GC(81)   Pre Evacuate Collection Set: 0.0ms
[33.534s][info][gc,phases      ] GC(81)   Evacuate Collection Set: 1.8ms
[33.534s][info][gc,phases      ] GC(81)   Post Evacuate Collection Set: 0.3ms
[33.534s][info][gc,phases      ] GC(81)   Other: 0.4ms
[33.534s][info][gc,heap        ] GC(81) Eden regions: 343->0(343)
[33.534s][info][gc,heap        ] GC(81) Survivor regions: 1->1(43)
[33.534s][info][gc,heap        ] GC(81) Old regions: 161->161
[33.534s][info][gc,heap        ] GC(81) Humongous regions: 12->12
[33.534s][info][gc,metaspace   ] GC(81) Metaspace: 60846K->60846K(1103872K)
[33.534s][info][gc             ] GC(81) Pause Young (Normal) (G1 Evacuation Pause) 514M->171M(577M) 2.548ms
[33.534s][info][gc,cpu         ] GC(81) User=0.00s Sys=0.00s Real=0.00s
[33.865s][info][gc,start       ] GC(82) Pause Young (Normal) (G1 Evacuation Pause)
[33.865s][info][gc,task        ] GC(82) Using 1 workers of 1 for evacuation
[33.867s][info][gc,phases      ] GC(82)   Pre Evacuate Collection Set: 0.0ms
[33.867s][info][gc,phases      ] GC(82)   Evacuate Collection Set: 1.8ms
[33.867s][info][gc,phases      ] GC(82)   Post Evacuate Collection Set: 0.3ms
[33.867s][info][gc,phases      ] GC(82)   Other: 0.3ms
[33.867s][info][gc,heap        ] GC(82) Eden regions: 343->0(343)
[33.867s][info][gc,heap        ] GC(82) Survivor regions: 1->1(43)
[33.867s][info][gc,heap        ] GC(82) Old regions: 161->161
[33.867s][info][gc,heap        ] GC(82) Humongous regions: 12->12
[33.867s][info][gc,metaspace   ] GC(82) Metaspace: 60846K->60846K(1103872K)
[33.867s][info][gc             ] GC(82) Pause Young (Normal) (G1 Evacuation Pause) 514M->171M(577M) 2.544ms
[33.867s][info][gc,cpu         ] GC(82) User=0.00s Sys=0.00s Real=0.00s
[34.194s][info][gc,task        ] GC(83) Using 1 workers of 1 for full compaction
[34.194s][info][gc,start       ] GC(83) Pause Full (System.gc())
[34.195s][info][gc,phases,start] GC(83) Phase 1: Mark live objects
[34.377s][info][gc,stringtable ] GC(83) Cleaned string and symbol table, strings: 21792 processed, 22 removed, symbols: 131819 processed, 0 removed
[34.377s][info][gc,phases      ] GC(83) Phase 1: Mark live objects 182.234ms
[34.377s][info][gc,phases,start] GC(83) Phase 2: Prepare for compaction
[34.447s][info][gc,phases      ] GC(83) Phase 2: Prepare for compaction 69.859ms
[34.447s][info][gc,phases,start] GC(83) Phase 3: Adjust pointers
[34.561s][info][gc,phases      ] GC(83) Phase 3: Adjust pointers 113.541ms
[34.561s][info][gc,phases,start] GC(83) Phase 4: Compact heap
[34.616s][info][gc,phases      ] GC(83) Phase 4: Compact heap 55.075ms
[34.620s][info][gc,heap        ] GC(83) Eden regions: 310->0(344)
[34.620s][info][gc,heap        ] GC(83) Survivor regions: 1->0(43)
[34.620s][info][gc,heap        ] GC(83) Old regions: 161->161
[34.620s][info][gc,heap        ] GC(83) Humongous regions: 17->12
[34.620s][info][gc,metaspace   ] GC(83) Metaspace: 60858K->60858K(1103872K)
[34.620s][info][gc             ] GC(83) Pause Full (System.gc()) 486M->171M(577M) 425.806ms
[34.620s][info][gc,cpu         ] GC(83) User=0.42s Sys=0.00s Real=0.43s
[35.130s][info][gc,start       ] GC(84) Pause Young (Normal) (G1 Evacuation Pause)
[35.130s][info][gc,task        ] GC(84) Using 1 workers of 1 for evacuation
[35.132s][info][gc,phases      ] GC(84)   Pre Evacuate Collection Set: 0.0ms
[35.132s][info][gc,phases      ] GC(84)   Evacuate Collection Set: 1.8ms
[35.132s][info][gc,phases      ] GC(84)   Post Evacuate Collection Set: 0.4ms
[35.132s][info][gc,phases      ] GC(84)   Other: 0.4ms
[35.132s][info][gc,heap        ] GC(84) Eden regions: 344->0(343)
[35.132s][info][gc,heap        ] GC(84) Survivor regions: 0->1(43)
[35.132s][info][gc,heap        ] GC(84) Old regions: 161->161
[35.132s][info][gc,heap        ] GC(84) Humongous regions: 22->12
[35.132s][info][gc,metaspace   ] GC(84) Metaspace: 60902K->60902K(1103872K)
[35.132s][info][gc             ] GC(84) Pause Young (Normal) (G1 Evacuation Pause) 525M->171M(577M) 2.699ms
[35.132s][info][gc,cpu         ] GC(84) User=0.00s Sys=0.00s Real=0.00s
[35.446s][info][gc,start       ] GC(85) Pause Young (Normal) (G1 Evacuation Pause)
[35.446s][info][gc,task        ] GC(85) Using 1 workers of 1 for evacuation
[35.449s][info][gc,phases      ] GC(85)   Pre Evacuate Collection Set: 0.0ms
[35.449s][info][gc,phases      ] GC(85)   Evacuate Collection Set: 1.8ms
[35.449s][info][gc,phases      ] GC(85)   Post Evacuate Collection Set: 0.3ms
[35.449s][info][gc,phases      ] GC(85)   Other: 0.3ms
[35.449s][info][gc,heap        ] GC(85) Eden regions: 343->0(343)
[35.449s][info][gc,heap        ] GC(85) Survivor regions: 1->1(43)
[35.449s][info][gc,heap        ] GC(85) Old regions: 161->161
[35.449s][info][gc,heap        ] GC(85) Humongous regions: 12->12
[35.449s][info][gc,metaspace   ] GC(85) Metaspace: 60913K->60913K(1103872K)
[35.449s][info][gc             ] GC(85) Pause Young (Normal) (G1 Evacuation Pause) 514M->171M(577M) 2.561ms
[35.449s][info][gc,cpu         ] GC(85) User=0.00s Sys=0.00s Real=0.00s
[35.760s][info][gc,start       ] GC(86) Pause Young (Normal) (G1 Evacuation Pause)
[35.760s][info][gc,task        ] GC(86) Using 1 workers of 1 for evacuation
[35.763s][info][gc,phases      ] GC(86)   Pre Evacuate Collection Set: 0.0ms
[35.763s][info][gc,phases      ] GC(86)   Evacuate Collection Set: 1.8ms
[35.763s][info][gc,phases      ] GC(86)   Post Evacuate Collection Set: 0.3ms
[35.763s][info][gc,phases      ] GC(86)   Other: 0.3ms
[35.763s][info][gc,heap        ] GC(86) Eden regions: 343->0(343)
[35.763s][info][gc,heap        ] GC(86) Survivor regions: 1->1(43)
[35.763s][info][gc,heap        ] GC(86) Old regions: 161->161
[35.763s][info][gc,heap        ] GC(86) Humongous regions: 12->12
[35.763s][info][gc,metaspace   ] GC(86) Metaspace: 60913K->60913K(1103872K)
[35.763s][info][gc             ] GC(86) Pause Young (Normal) (G1 Evacuation Pause) 514M->171M(577M) 2.545ms
[35.763s][info][gc,cpu         ] GC(86) User=0.01s Sys=0.00s Real=0.00s
[36.075s][info][gc,start       ] GC(87) Pause Young (Normal) (G1 Evacuation Pause)
[36.075s][info][gc,task        ] GC(87) Using 1 workers of 1 for evacuation
[36.078s][info][gc,phases      ] GC(87)   Pre Evacuate Collection Set: 0.0ms
[36.078s][info][gc,phases      ] GC(87)   Evacuate Collection Set: 2.1ms
[36.078s][info][gc,phases      ] GC(87)   Post Evacuate Collection Set: 0.4ms
[36.078s][info][gc,phases      ] GC(87)   Other: 0.5ms
[36.078s][info][gc,heap        ] GC(87) Eden regions: 343->0(343)
[36.078s][info][gc,heap        ] GC(87) Survivor regions: 1->1(43)
[36.078s][info][gc,heap        ] GC(87) Old regions: 161->161
[36.078s][info][gc,heap        ] GC(87) Humongous regions: 12->12
[36.078s][info][gc,metaspace   ] GC(87) Metaspace: 60913K->60913K(1103872K)
[36.078s][info][gc             ] GC(87) Pause Young (Normal) (G1 Evacuation Pause) 514M->171M(577M) 3.095ms
[36.078s][info][gc,cpu         ] GC(87) User=0.00s Sys=0.00s Real=0.01s
[36.400s][info][gc,start       ] GC(88) Pause Young (Normal) (G1 Evacuation Pause)
[36.400s][info][gc,task        ] GC(88) Using 1 workers of 1 for evacuation
[36.403s][info][gc,phases      ] GC(88)   Pre Evacuate Collection Set: 0.0ms
[36.403s][info][gc,phases      ] GC(88)   Evacuate Collection Set: 1.8ms
[36.403s][info][gc,phases      ] GC(88)   Post Evacuate Collection Set: 0.3ms
[36.403s][info][gc,phases      ] GC(88)   Other: 0.3ms
[36.403s][info][gc,heap        ] GC(88) Eden regions: 343->0(343)
[36.403s][info][gc,heap        ] GC(88) Survivor regions: 1->1(43)
[36.403s][info][gc,heap        ] GC(88) Old regions: 161->161
[36.403s][info][gc,heap        ] GC(88) Humongous regions: 12->12
[36.403s][info][gc,metaspace   ] GC(88) Metaspace: 60913K->60913K(1103872K)
[36.403s][info][gc             ] GC(88) Pause Young (Normal) (G1 Evacuation Pause) 514M->171M(577M) 2.573ms
[36.403s][info][gc,cpu         ] GC(88) User=0.00s Sys=0.00s Real=0.00s
[36.757s][info][gc,start       ] GC(89) Pause Young (Normal) (G1 Evacuation Pause)
[36.757s][info][gc,task        ] GC(89) Using 1 workers of 1 for evacuation
[36.759s][info][gc,phases      ] GC(89)   Pre Evacuate Collection Set: 0.0ms
[36.760s][info][gc,phases      ] GC(89)   Evacuate Collection Set: 1.8ms
[36.760s][info][gc,phases      ] GC(89)   Post Evacuate Collection Set: 0.3ms
[36.760s][info][gc,phases      ] GC(89)   Other: 0.4ms
[36.760s][info][gc,heap        ] GC(89) Eden regions: 343->0(343)
[36.760s][info][gc,heap        ] GC(89) Survivor regions: 1->1(43)
[36.760s][info][gc,heap        ] GC(89) Old regions: 161->161
[36.760s][info][gc,heap        ] GC(89) Humongous regions: 12->12
[36.760s][info][gc,metaspace   ] GC(89) Metaspace: 60913K->60913K(1103872K)
[36.760s][info][gc             ] GC(89) Pause Young (Normal) (G1 Evacuation Pause) 514M->171M(577M) 2.632ms
[36.760s][info][gc,cpu         ] GC(89) User=0.01s Sys=0.00s Real=0.01s
[37.089s][info][gc,task        ] GC(90) Using 1 workers of 1 for full compaction
[37.089s][info][gc,start       ] GC(90) Pause Full (System.gc())
[37.090s][info][gc,phases,start] GC(90) Phase 1: Mark live objects
[37.258s][info][gc,stringtable ] GC(90) Cleaned string and symbol table, strings: 21799 processed, 22 removed, symbols: 131819 processed, 0 removed
[37.258s][info][gc,phases      ] GC(90) Phase 1: Mark live objects 168.239ms
[37.258s][info][gc,phases,start] GC(90) Phase 2: Prepare for compaction
[37.289s][info][gc,phases      ] GC(90) Phase 2: Prepare for compaction 31.213ms
[37.289s][info][gc,phases,start] GC(90) Phase 3: Adjust pointers
[37.372s][info][gc,phases      ] GC(90) Phase 3: Adjust pointers 82.381ms
[37.372s][info][gc,phases,start] GC(90) Phase 4: Compact heap
[37.397s][info][gc,phases      ] GC(90) Phase 4: Compact heap 25.129ms
[37.401s][info][gc,heap        ] GC(90) Eden regions: 310->0(344)
[37.401s][info][gc,heap        ] GC(90) Survivor regions: 1->0(43)
[37.401s][info][gc,heap        ] GC(90) Old regions: 161->161
[37.401s][info][gc,heap        ] GC(90) Humongous regions: 17->12
[37.401s][info][gc,metaspace   ] GC(90) Metaspace: 60935K->60935K(1103872K)
[37.401s][info][gc             ] GC(90) Pause Full (System.gc()) 486M->171M(577M) 311.833ms
[37.401s][info][gc,cpu         ] GC(90) User=0.29s Sys=0.00s Real=0.32s
[37.902s][info][gc,start       ] GC(91) Pause Young (Normal) (G1 Evacuation Pause)
[37.902s][info][gc,task        ] GC(91) Using 1 workers of 1 for evacuation
[37.906s][info][gc,phases      ] GC(91)   Pre Evacuate Collection Set: 0.0ms
[37.906s][info][gc,phases      ] GC(91)   Evacuate Collection Set: 2.4ms
[37.906s][info][gc,phases      ] GC(91)   Post Evacuate Collection Set: 0.4ms
[37.906s][info][gc,phases      ] GC(91)   Other: 1.2ms
[37.906s][info][gc,heap        ] GC(91) Eden regions: 344->0(343)
[37.906s][info][gc,heap        ] GC(91) Survivor regions: 0->1(43)
[37.906s][info][gc,heap        ] GC(91) Old regions: 161->161
[37.906s][info][gc,heap        ] GC(91) Humongous regions: 22->12
[37.906s][info][gc,metaspace   ] GC(91) Metaspace: 61012K->61012K(1103872K)
[37.906s][info][gc             ] GC(91) Pause Young (Normal) (G1 Evacuation Pause) 525M->172M(577M) 4.031ms
[37.906s][info][gc,cpu         ] GC(91) User=0.00s Sys=0.00s Real=0.00s
[38.215s][info][gc,start       ] GC(92) Pause Young (Normal) (G1 Evacuation Pause)
[38.216s][info][gc,task        ] GC(92) Using 1 workers of 1 for evacuation
[38.218s][info][gc,phases      ] GC(92)   Pre Evacuate Collection Set: 0.0ms
[38.218s][info][gc,phases      ] GC(92)   Evacuate Collection Set: 1.9ms
[38.218s][info][gc,phases      ] GC(92)   Post Evacuate Collection Set: 0.3ms
[38.218s][info][gc,phases      ] GC(92)   Other: 0.3ms
[38.218s][info][gc,heap        ] GC(92) Eden regions: 343->0(343)
[38.218s][info][gc,heap        ] GC(92) Survivor regions: 1->1(43)
[38.218s][info][gc,heap        ] GC(92) Old regions: 161->161
[38.218s][info][gc,heap        ] GC(92) Humongous regions: 12->12
[38.218s][info][gc,metaspace   ] GC(92) Metaspace: 61014K->61014K(1103872K)
[38.218s][info][gc             ] GC(92) Pause Young (Normal) (G1 Evacuation Pause) 515M->172M(577M) 2.680ms
[38.218s][info][gc,cpu         ] GC(92) User=0.00s Sys=0.00s Real=0.01s
[38.665s][info][gc,start       ] GC(93) Pause Young (Normal) (G1 Evacuation Pause)
[38.665s][info][gc,task        ] GC(93) Using 1 workers of 1 for evacuation
[38.667s][info][gc,phases      ] GC(93)   Pre Evacuate Collection Set: 0.0ms
[38.668s][info][gc,phases      ] GC(93)   Evacuate Collection Set: 1.9ms
[38.668s][info][gc,phases      ] GC(93)   Post Evacuate Collection Set: 0.3ms
[38.668s][info][gc,phases      ] GC(93)   Other: 0.3ms
[38.668s][info][gc,heap        ] GC(93) Eden regions: 343->0(343)
[38.668s][info][gc,heap        ] GC(93) Survivor regions: 1->1(43)
[38.668s][info][gc,heap        ] GC(93) Old regions: 161->161
[38.668s][info][gc,heap        ] GC(93) Humongous regions: 12->12
[38.668s][info][gc,metaspace   ] GC(93) Metaspace: 61014K->61014K(1103872K)
[38.668s][info][gc             ] GC(93) Pause Young (Normal) (G1 Evacuation Pause) 515M->172M(577M) 2.632ms
[38.668s][info][gc,cpu         ] GC(93) User=0.00s Sys=0.00s Real=0.00s
[39.038s][info][gc,start       ] GC(94) Pause Young (Normal) (G1 Evacuation Pause)
[39.038s][info][gc,task        ] GC(94) Using 1 workers of 1 for evacuation
[39.040s][info][gc,phases      ] GC(94)   Pre Evacuate Collection Set: 0.0ms
[39.040s][info][gc,phases      ] GC(94)   Evacuate Collection Set: 1.8ms
[39.040s][info][gc,phases      ] GC(94)   Post Evacuate Collection Set: 0.3ms
[39.040s][info][gc,phases      ] GC(94)   Other: 0.3ms
[39.040s][info][gc,heap        ] GC(94) Eden regions: 343->0(343)
[39.040s][info][gc,heap        ] GC(94) Survivor regions: 1->1(43)
[39.040s][info][gc,heap        ] GC(94) Old regions: 161->161
[39.040s][info][gc,heap        ] GC(94) Humongous regions: 12->12
[39.040s][info][gc,metaspace   ] GC(94) Metaspace: 61014K->61014K(1103872K)
[39.041s][info][gc             ] GC(94) Pause Young (Normal) (G1 Evacuation Pause) 515M->172M(577M) 2.585ms
[39.041s][info][gc,cpu         ] GC(94) User=0.00s Sys=0.00s Real=0.00s
[39.341s][info][gc,start       ] GC(95) Pause Young (Normal) (G1 Evacuation Pause)
[39.341s][info][gc,task        ] GC(95) Using 1 workers of 1 for evacuation
[39.343s][info][gc,phases      ] GC(95)   Pre Evacuate Collection Set: 0.0ms
[39.343s][info][gc,phases      ] GC(95)   Evacuate Collection Set: 1.8ms
[39.343s][info][gc,phases      ] GC(95)   Post Evacuate Collection Set: 0.3ms
[39.343s][info][gc,phases      ] GC(95)   Other: 0.4ms
[39.343s][info][gc,heap        ] GC(95) Eden regions: 343->0(343)
[39.343s][info][gc,heap        ] GC(95) Survivor regions: 1->1(43)
[39.344s][info][gc,heap        ] GC(95) Old regions: 161->161
[39.344s][info][gc,heap        ] GC(95) Humongous regions: 12->12
[39.344s][info][gc,metaspace   ] GC(95) Metaspace: 61014K->61014K(1103872K)
[39.344s][info][gc             ] GC(95) Pause Young (Normal) (G1 Evacuation Pause) 515M->172M(577M) 2.565ms
[39.344s][info][gc,cpu         ] GC(95) User=0.01s Sys=0.00s Real=0.00s
[39.708s][info][gc,start       ] GC(96) Pause Young (Normal) (G1 Evacuation Pause)
[39.708s][info][gc,task        ] GC(96) Using 1 workers of 1 for evacuation
[39.711s][info][gc,phases      ] GC(96)   Pre Evacuate Collection Set: 0.0ms
[39.711s][info][gc,phases      ] GC(96)   Evacuate Collection Set: 1.9ms
[39.711s][info][gc,phases      ] GC(96)   Post Evacuate Collection Set: 0.4ms
[39.711s][info][gc,phases      ] GC(96)   Other: 0.4ms
[39.711s][info][gc,heap        ] GC(96) Eden regions: 343->0(343)
[39.711s][info][gc,heap        ] GC(96) Survivor regions: 1->1(43)
[39.711s][info][gc,heap        ] GC(96) Old regions: 161->161
[39.711s][info][gc,heap        ] GC(96) Humongous regions: 12->12
[39.711s][info][gc,metaspace   ] GC(96) Metaspace: 61014K->61014K(1103872K)
[39.711s][info][gc             ] GC(96) Pause Young (Normal) (G1 Evacuation Pause) 515M->172M(577M) 2.704ms
[39.711s][info][gc,cpu         ] GC(96) User=0.00s Sys=0.00s Real=0.01s
[40.054s][info][gc,task        ] GC(97) Using 1 workers of 1 for full compaction
[40.054s][info][gc,start       ] GC(97) Pause Full (System.gc())
[40.055s][info][gc,phases,start] GC(97) Phase 1: Mark live objects
[40.223s][info][gc,stringtable ] GC(97) Cleaned string and symbol table, strings: 21816 processed, 22 removed, symbols: 131834 processed, 0 removed
[40.223s][info][gc,phases      ] GC(97) Phase 1: Mark live objects 168.094ms
[40.223s][info][gc,phases,start] GC(97) Phase 2: Prepare for compaction
[40.255s][info][gc,phases      ] GC(97) Phase 2: Prepare for compaction 31.928ms
[40.255s][info][gc,phases,start] GC(97) Phase 3: Adjust pointers
[40.343s][info][gc,phases      ] GC(97) Phase 3: Adjust pointers 87.985ms
[40.343s][info][gc,phases,start] GC(97) Phase 4: Compact heap
[40.404s][info][gc,phases      ] GC(97) Phase 4: Compact heap 60.589ms
[40.408s][info][gc,heap        ] GC(97) Eden regions: 311->0(344)
[40.408s][info][gc,heap        ] GC(97) Survivor regions: 1->0(43)
[40.408s][info][gc,heap        ] GC(97) Old regions: 161->161
[40.408s][info][gc,heap        ] GC(97) Humongous regions: 17->12
[40.408s][info][gc,metaspace   ] GC(97) Metaspace: 61039K->61039K(1103872K)
[40.408s][info][gc             ] GC(97) Pause Full (System.gc()) 487M->171M(577M) 353.790ms
[40.408s][info][gc,cpu         ] GC(97) User=0.34s Sys=0.00s Real=0.35s
[40.908s][info][gc,start       ] GC(98) Pause Young (Normal) (G1 Evacuation Pause)
[40.908s][info][gc,task        ] GC(98) Using 1 workers of 1 for evacuation
[40.914s][info][gc,phases      ] GC(98)   Pre Evacuate Collection Set: 0.0ms
[40.914s][info][gc,phases      ] GC(98)   Evacuate Collection Set: 4.4ms
[40.914s][info][gc,phases      ] GC(98)   Post Evacuate Collection Set: 0.9ms
[40.914s][info][gc,phases      ] GC(98)   Other: 0.7ms
[40.914s][info][gc,heap        ] GC(98) Eden regions: 344->0(343)
[40.914s][info][gc,heap        ] GC(98) Survivor regions: 0->1(43)
[40.914s][info][gc,heap        ] GC(98) Old regions: 161->161
[40.914s][info][gc,heap        ] GC(98) Humongous regions: 22->12
[40.914s][info][gc,metaspace   ] GC(98) Metaspace: 61079K->61079K(1103872K)
[40.914s][info][gc             ] GC(98) Pause Young (Normal) (G1 Evacuation Pause) 525M->172M(577M) 6.297ms
[40.915s][info][gc,cpu         ] GC(98) User=0.00s Sys=0.00s Real=0.01s
[41.223s][info][gc,start       ] GC(99) Pause Young (Normal) (G1 Evacuation Pause)
[41.223s][info][gc,task        ] GC(99) Using 1 workers of 1 for evacuation
[41.225s][info][gc,phases      ] GC(99)   Pre Evacuate Collection Set: 0.0ms
[41.225s][info][gc,phases      ] GC(99)   Evacuate Collection Set: 1.9ms
[41.225s][info][gc,phases      ] GC(99)   Post Evacuate Collection Set: 0.4ms
[41.225s][info][gc,phases      ] GC(99)   Other: 0.3ms
[41.225s][info][gc,heap        ] GC(99) Eden regions: 343->0(343)
[41.225s][info][gc,heap        ] GC(99) Survivor regions: 1->1(43)
[41.225s][info][gc,heap        ] GC(99) Old regions: 161->161
[41.225s][info][gc,heap        ] GC(99) Humongous regions: 12->12
[41.225s][info][gc,metaspace   ] GC(99) Metaspace: 61079K->61079K(1103872K)
[41.225s][info][gc             ] GC(99) Pause Young (Normal) (G1 Evacuation Pause) 515M->172M(577M) 2.663ms
[41.225s][info][gc,cpu         ] GC(99) User=0.00s Sys=0.00s Real=0.00s
[41.531s][info][gc,start       ] GC(100) Pause Young (Normal) (G1 Evacuation Pause)
[41.531s][info][gc,task        ] GC(100) Using 1 workers of 1 for evacuation
[41.533s][info][gc,phases      ] GC(100)   Pre Evacuate Collection Set: 0.0ms
[41.533s][info][gc,phases      ] GC(100)   Evacuate Collection Set: 1.8ms
[41.533s][info][gc,phases      ] GC(100)   Post Evacuate Collection Set: 0.4ms
[41.533s][info][gc,phases      ] GC(100)   Other: 0.4ms
[41.533s][info][gc,heap        ] GC(100) Eden regions: 343->0(343)
[41.533s][info][gc,heap        ] GC(100) Survivor regions: 1->1(43)
[41.533s][info][gc,heap        ] GC(100) Old regions: 161->161
[41.533s][info][gc,heap        ] GC(100) Humongous regions: 12->12
[41.533s][info][gc,metaspace   ] GC(100) Metaspace: 61079K->61079K(1103872K)
[41.533s][info][gc             ] GC(100) Pause Young (Normal) (G1 Evacuation Pause) 515M->172M(577M) 2.776ms
[41.533s][info][gc,cpu         ] GC(100) User=0.01s Sys=0.00s Real=0.00s
[41.836s][info][gc,start       ] GC(101) Pause Young (Normal) (G1 Evacuation Pause)
[41.836s][info][gc,task        ] GC(101) Using 1 workers of 1 for evacuation
[41.838s][info][gc,phases      ] GC(101)   Pre Evacuate Collection Set: 0.0ms
[41.838s][info][gc,phases      ] GC(101)   Evacuate Collection Set: 1.9ms
[41.838s][info][gc,phases      ] GC(101)   Post Evacuate Collection Set: 0.3ms
[41.838s][info][gc,phases      ] GC(101)   Other: 0.3ms
[41.838s][info][gc,heap        ] GC(101) Eden regions: 343->0(343)
[41.838s][info][gc,heap        ] GC(101) Survivor regions: 1->1(43)
[41.838s][info][gc,heap        ] GC(101) Old regions: 161->161
[41.838s][info][gc,heap        ] GC(101) Humongous regions: 12->12
[41.838s][info][gc,metaspace   ] GC(101) Metaspace: 61079K->61079K(1103872K)
[41.839s][info][gc             ] GC(101) Pause Young (Normal) (G1 Evacuation Pause) 515M->172M(577M) 2.614ms
[41.839s][info][gc,cpu         ] GC(101) User=0.00s Sys=0.00s Real=0.01s
[42.157s][info][gc,start       ] GC(102) Pause Young (Normal) (G1 Evacuation Pause)
[42.158s][info][gc,task        ] GC(102) Using 1 workers of 1 for evacuation
[42.160s][info][gc,phases      ] GC(102)   Pre Evacuate Collection Set: 0.0ms
[42.160s][info][gc,phases      ] GC(102)   Evacuate Collection Set: 1.8ms
[42.160s][info][gc,phases      ] GC(102)   Post Evacuate Collection Set: 0.3ms
[42.160s][info][gc,phases      ] GC(102)   Other: 0.3ms
[42.160s][info][gc,heap        ] GC(102) Eden regions: 343->0(343)
[42.160s][info][gc,heap        ] GC(102) Survivor regions: 1->1(43)
[42.160s][info][gc,heap        ] GC(102) Old regions: 161->161
[42.160s][info][gc,heap        ] GC(102) Humongous regions: 12->12
[42.160s][info][gc,metaspace   ] GC(102) Metaspace: 61079K->61079K(1103872K)
[42.160s][info][gc             ] GC(102) Pause Young (Normal) (G1 Evacuation Pause) 515M->172M(577M) 2.553ms
[42.160s][info][gc,cpu         ] GC(102) User=0.00s Sys=0.00s Real=0.00s
[42.510s][info][gc,start       ] GC(103) Pause Young (Normal) (G1 Evacuation Pause)
[42.510s][info][gc,task        ] GC(103) Using 1 workers of 1 for evacuation
[42.512s][info][gc,phases      ] GC(103)   Pre Evacuate Collection Set: 0.0ms
[42.513s][info][gc,phases      ] GC(103)   Evacuate Collection Set: 1.9ms
[42.513s][info][gc,phases      ] GC(103)   Post Evacuate Collection Set: 0.3ms
[42.513s][info][gc,phases      ] GC(103)   Other: 0.4ms
[42.513s][info][gc,heap        ] GC(103) Eden regions: 343->0(343)
[42.513s][info][gc,heap        ] GC(103) Survivor regions: 1->1(43)
[42.513s][info][gc,heap        ] GC(103) Old regions: 161->161
[42.513s][info][gc,heap        ] GC(103) Humongous regions: 12->12
[42.513s][info][gc,metaspace   ] GC(103) Metaspace: 61079K->61079K(1103872K)
[42.513s][info][gc             ] GC(103) Pause Young (Normal) (G1 Evacuation Pause) 515M->172M(577M) 2.715ms
[42.513s][info][gc,cpu         ] GC(103) User=0.00s Sys=0.00s Real=0.00s
[42.838s][info][gc,task        ] GC(104) Using 1 workers of 1 for full compaction
[42.838s][info][gc,start       ] GC(104) Pause Full (System.gc())
[42.839s][info][gc,phases,start] GC(104) Phase 1: Mark live objects
[43.028s][info][gc,stringtable ] GC(104) Cleaned string and symbol table, strings: 21824 processed, 22 removed, symbols: 131834 processed, 0 removed
[43.029s][info][gc,phases      ] GC(104) Phase 1: Mark live objects 189.336ms
[43.029s][info][gc,phases,start] GC(104) Phase 2: Prepare for compaction
[43.061s][info][gc,phases      ] GC(104) Phase 2: Prepare for compaction 32.196ms
[43.061s][info][gc,phases,start] GC(104) Phase 3: Adjust pointers
[43.150s][info][gc,phases      ] GC(104) Phase 3: Adjust pointers 89.245ms
[43.150s][info][gc,phases,start] GC(104) Phase 4: Compact heap
[43.198s][info][gc,phases      ] GC(104) Phase 4: Compact heap 47.488ms
[43.202s][info][gc,heap        ] GC(104) Eden regions: 311->0(344)
[43.202s][info][gc,heap        ] GC(104) Survivor regions: 1->0(43)
[43.202s][info][gc,heap        ] GC(104) Old regions: 161->161
[43.202s][info][gc,heap        ] GC(104) Humongous regions: 17->12
[43.202s][info][gc,metaspace   ] GC(104) Metaspace: 61091K->61091K(1103872K)
[43.202s][info][gc             ] GC(104) Pause Full (System.gc()) 487M->171M(577M) 363.572ms
[43.202s][info][gc,cpu         ] GC(104) User=0.35s Sys=0.00s Real=0.36s
[43.623s][info][gc,start       ] GC(105) Pause Young (Normal) (G1 Evacuation Pause)
[43.623s][info][gc,task        ] GC(105) Using 1 workers of 1 for evacuation
[43.626s][info][gc,phases      ] GC(105)   Pre Evacuate Collection Set: 0.0ms
[43.626s][info][gc,phases      ] GC(105)   Evacuate Collection Set: 2.0ms
[43.626s][info][gc,phases      ] GC(105)   Post Evacuate Collection Set: 0.4ms
[43.626s][info][gc,phases      ] GC(105)   Other: 0.3ms
[43.626s][info][gc,heap        ] GC(105) Eden regions: 344->0(343)
[43.626s][info][gc,heap        ] GC(105) Survivor regions: 0->1(43)
[43.626s][info][gc,heap        ] GC(105) Old regions: 161->161
[43.626s][info][gc,heap        ] GC(105) Humongous regions: 22->12
[43.626s][info][gc,metaspace   ] GC(105) Metaspace: 61120K->61120K(1103872K)
[43.626s][info][gc             ] GC(105) Pause Young (Normal) (G1 Evacuation Pause) 525M->172M(577M) 2.831ms
[43.626s][info][gc,cpu         ] GC(105) User=0.01s Sys=0.00s Real=0.00s
[43.970s][info][gc,start       ] GC(106) Pause Young (Normal) (G1 Evacuation Pause)
[43.970s][info][gc,task        ] GC(106) Using 1 workers of 1 for evacuation
[43.973s][info][gc,phases      ] GC(106)   Pre Evacuate Collection Set: 0.0ms
[43.973s][info][gc,phases      ] GC(106)   Evacuate Collection Set: 1.9ms
[43.973s][info][gc,phases      ] GC(106)   Post Evacuate Collection Set: 0.4ms
[43.973s][info][gc,phases      ] GC(106)   Other: 0.4ms
[43.973s][info][gc,heap        ] GC(106) Eden regions: 343->0(343)
[43.973s][info][gc,heap        ] GC(106) Survivor regions: 1->1(43)
[43.973s][info][gc,heap        ] GC(106) Old regions: 161->161
[43.973s][info][gc,heap        ] GC(106) Humongous regions: 12->12
[43.973s][info][gc,metaspace   ] GC(106) Metaspace: 61122K->61122K(1103872K)
[43.973s][info][gc             ] GC(106) Pause Young (Normal) (G1 Evacuation Pause) 515M->172M(577M) 2.784ms
[43.973s][info][gc,cpu         ] GC(106) User=0.00s Sys=0.00s Real=0.00s
[44.277s][info][gc,start       ] GC(107) Pause Young (Normal) (G1 Evacuation Pause)
[44.277s][info][gc,task        ] GC(107) Using 1 workers of 1 for evacuation
[44.279s][info][gc,phases      ] GC(107)   Pre Evacuate Collection Set: 0.0ms
[44.279s][info][gc,phases      ] GC(107)   Evacuate Collection Set: 1.9ms
[44.279s][info][gc,phases      ] GC(107)   Post Evacuate Collection Set: 0.4ms
[44.279s][info][gc,phases      ] GC(107)   Other: 0.3ms
[44.279s][info][gc,heap        ] GC(107) Eden regions: 343->0(343)
[44.279s][info][gc,heap        ] GC(107) Survivor regions: 1->1(43)
[44.279s][info][gc,heap        ] GC(107) Old regions: 161->161
[44.279s][info][gc,heap        ] GC(107) Humongous regions: 12->12
[44.279s][info][gc,metaspace   ] GC(107) Metaspace: 61122K->61122K(1103872K)
[44.279s][info][gc             ] GC(107) Pause Young (Normal) (G1 Evacuation Pause) 515M->172M(577M) 2.712ms
[44.280s][info][gc,cpu         ] GC(107) User=0.01s Sys=0.00s Real=0.01s
[44.616s][info][gc,start       ] GC(108) Pause Young (Normal) (G1 Evacuation Pause)
[44.616s][info][gc,task        ] GC(108) Using 1 workers of 1 for evacuation
[44.618s][info][gc,phases      ] GC(108)   Pre Evacuate Collection Set: 0.0ms
[44.618s][info][gc,phases      ] GC(108)   Evacuate Collection Set: 1.9ms
[44.618s][info][gc,phases      ] GC(108)   Post Evacuate Collection Set: 0.4ms
[44.618s][info][gc,phases      ] GC(108)   Other: 0.3ms
[44.618s][info][gc,heap        ] GC(108) Eden regions: 343->0(343)
[44.618s][info][gc,heap        ] GC(108) Survivor regions: 1->1(43)
[44.618s][info][gc,heap        ] GC(108) Old regions: 161->161
[44.618s][info][gc,heap        ] GC(108) Humongous regions: 12->12
[44.618s][info][gc,metaspace   ] GC(108) Metaspace: 61122K->61122K(1103872K)
[44.619s][info][gc             ] GC(108) Pause Young (Normal) (G1 Evacuation Pause) 515M->172M(577M) 2.683ms
[44.619s][info][gc,cpu         ] GC(108) User=0.00s Sys=0.00s Real=0.01s
[44.935s][info][gc,start       ] GC(109) Pause Young (Normal) (G1 Evacuation Pause)
[44.935s][info][gc,task        ] GC(109) Using 1 workers of 1 for evacuation
[44.937s][info][gc,phases      ] GC(109)   Pre Evacuate Collection Set: 0.0ms
[44.937s][info][gc,phases      ] GC(109)   Evacuate Collection Set: 1.9ms
[44.937s][info][gc,phases      ] GC(109)   Post Evacuate Collection Set: 0.4ms
[44.937s][info][gc,phases      ] GC(109)   Other: 0.3ms
[44.937s][info][gc,heap        ] GC(109) Eden regions: 343->0(343)
[44.937s][info][gc,heap        ] GC(109) Survivor regions: 1->1(43)
[44.937s][info][gc,heap        ] GC(109) Old regions: 161->161
[44.937s][info][gc,heap        ] GC(109) Humongous regions: 12->12
[44.937s][info][gc,metaspace   ] GC(109) Metaspace: 61122K->61122K(1103872K)
[44.937s][info][gc             ] GC(109) Pause Young (Normal) (G1 Evacuation Pause) 515M->172M(577M) 2.668ms
[44.937s][info][gc,cpu         ] GC(109) User=0.00s Sys=0.00s Real=0.00s
[45.272s][info][gc,start       ] GC(110) Pause Young (Normal) (G1 Evacuation Pause)
[45.272s][info][gc,task        ] GC(110) Using 1 workers of 1 for evacuation
[45.274s][info][gc,phases      ] GC(110)   Pre Evacuate Collection Set: 0.0ms
[45.275s][info][gc,phases      ] GC(110)   Evacuate Collection Set: 1.9ms
[45.275s][info][gc,phases      ] GC(110)   Post Evacuate Collection Set: 0.3ms
[45.275s][info][gc,phases      ] GC(110)   Other: 0.4ms
[45.275s][info][gc,heap        ] GC(110) Eden regions: 343->0(343)
[45.275s][info][gc,heap        ] GC(110) Survivor regions: 1->1(43)
[45.275s][info][gc,heap        ] GC(110) Old regions: 161->161
[45.275s][info][gc,heap        ] GC(110) Humongous regions: 12->12
[45.275s][info][gc,metaspace   ] GC(110) Metaspace: 61122K->61122K(1103872K)
[45.275s][info][gc             ] GC(110) Pause Young (Normal) (G1 Evacuation Pause) 515M->172M(577M) 2.700ms
[45.275s][info][gc,cpu         ] GC(110) User=0.00s Sys=0.00s Real=0.00s
[45.759s][info][gc,start       ] GC(111) Pause Young (Normal) (G1 Evacuation Pause)
[45.759s][info][gc,task        ] GC(111) Using 1 workers of 1 for evacuation
[45.766s][info][gc,phases      ] GC(111)   Pre Evacuate Collection Set: 0.0ms
[45.766s][info][gc,phases      ] GC(111)   Evacuate Collection Set: 2.1ms
[45.766s][info][gc,phases      ] GC(111)   Post Evacuate Collection Set: 4.9ms
[45.766s][info][gc,phases      ] GC(111)   Other: 0.5ms
[45.766s][info][gc,heap        ] GC(111) Eden regions: 343->0(343)
[45.766s][info][gc,heap        ] GC(111) Survivor regions: 1->1(43)
[45.766s][info][gc,heap        ] GC(111) Old regions: 161->161
[45.766s][info][gc,heap        ] GC(111) Humongous regions: 17->12
[45.766s][info][gc,metaspace   ] GC(111) Metaspace: 61509K->61509K(1103872K)
[45.766s][info][gc             ] GC(111) Pause Young (Normal) (G1 Evacuation Pause) 520M->172M(577M) 7.648ms
[45.767s][info][gc,cpu         ] GC(111) User=0.00s Sys=0.00s Real=0.00s
[45.835s][info][gc,heap,exit   ] Heap
[45.835s][info][gc,heap,exit   ]  garbage-first heap   total 590848K, used 182367K [0x00000000b1e00000, 0x0000000100000000)
[45.835s][info][gc,heap,exit   ]   region size 1024K, 8 young (8192K), 1 survivors (1024K)
[45.835s][info][gc,heap,exit   ]  Metaspace       used 61676K, capacity 65408K, committed 65692K, reserved 1103872K
[45.835s][info][gc,heap,exit   ]   class space    used 8726K, capacity 10562K, committed 10572K, reserved 1048576K
