[0.002s][info][gc,init] Regions: 3000 x 256K
[0.003s][info][gc,init] Humongous object threshold: 256K
[0.003s][info][gc,init] Max TLAB size: 256K
[0.003s][info][gc,init] GC threads: 1 parallel, 1 concurrent
[0.003s][info][gc     ] Heuristics ergonomically sets -XX:+ExplicitGCInvokesConcurrent
[0.003s][info][gc     ] Heuristics ergonomically sets -XX:+ShenandoahImplicitGCInvokesConcurrent
[0.003s][info][gc,init] Shenandoah GC mode: Snapshot-At-The-Beginning (SATB)
[0.003s][info][gc,init] Shenandoah heuristics: Adaptive
[0.003s][info][gc,ergo] Pacer for Idle. Initial: 15360K, Alloc Tax Rate: 1.0x
[0.003s][info][gc,init] Initialize Shenandoah heap: 124M initial, 6656K min, 750M max
[0.003s][info][gc,init] Safepointing mechanism: global-page poll
[0.003s][info][gc     ] Using Shenandoah
[0.003s][info][gc,heap,coops] Heap address: 0x00000000d1200000, size: 750 MB, Compressed Oops mode: 32-bit
[0.007s][info][gc,init      ] Reference processing: serial discovery, serial processing
[4.137s][info][gc           ] Trigger: Metadata GC Threshold
[4.137s][info][gc,ergo      ] Free: 632M, Max: 256K regular, 632M humongous, Frag: 0% external, 0% internal; Reserve: 38400K, Max: 256K
[4.137s][info][gc,start     ] GC(0) Concurrent reset
[4.137s][info][gc,task      ] GC(0) Using 1 of 1 workers for concurrent reset
[4.137s][info][gc,ergo      ] GC(0) Pacer for Reset. Non-Taxable: 750M
[4.137s][info][gc           ] GC(0) Concurrent reset 0.100ms
[4.141s][info][gc,start     ] GC(0) Pause Init Mark (process weakrefs) (unload classes)
[4.141s][info][gc,task      ] GC(0) Using 1 of 1 workers for init marking
[4.142s][info][gc,ergo      ] GC(0) Pacer for Mark. Expected Live: 76800K, Free: 632M, Non-Taxable: 64716K, Alloc Tax Rate: 0.1x
[4.142s][info][gc           ] GC(0) Pause Init Mark (process weakrefs) (unload classes) 1.040ms
[4.142s][info][gc,start     ] GC(0) Concurrent marking (process weakrefs) (unload classes)
[4.142s][info][gc,task      ] GC(0) Using 1 of 1 workers for concurrent marking
[4.181s][info][gc           ] GC(0) Concurrent marking (process weakrefs) (unload classes) 39.466ms
[4.183s][info][gc,start     ] GC(0) Concurrent precleaning
[4.183s][info][gc,task      ] GC(0) Using 1 of 1 workers for concurrent preclean
[4.183s][info][gc,ergo      ] GC(0) Pacer for Precleaning. Non-Taxable: 750M
[4.183s][info][gc           ] GC(0) Concurrent precleaning 0.350ms
[4.183s][info][gc,start     ] GC(0) Pause Final Mark (process weakrefs) (unload classes)
[4.183s][info][gc,task      ] GC(0) Using 1 of 1 workers for final marking
[4.190s][info][gc,stringtable] GC(0) Cleaned string and symbol table, strings: 7981 processed, 0 removed, symbols: 40187 processed, 43 removed
[4.190s][info][gc,ergo       ] GC(0) Adaptive CSet Selection. Target Free: 106M, Actual Free: 670M, Max CSet: 32000K, Min Garbage: 0B
[4.191s][info][gc,ergo       ] GC(0) Collectable Garbage: 62399K (98%), Immediate: 1035K (1%), CSet: 61364K (97%)
[4.193s][info][gc,ergo       ] GC(0) Pacer for Evacuation. Used CSet: 68096K, Free: 633M, Non-Taxable: 64863K, Alloc Tax Rate: 1.1x
[4.193s][info][gc            ] GC(0) Pause Final Mark (process weakrefs) (unload classes) 9.952ms
[4.196s][info][gc,start      ] GC(0) Concurrent cleanup
[4.196s][info][gc            ] GC(0) Concurrent cleanup 79M->78M(125M) 0.096ms
[4.196s][info][gc,ergo       ] GC(0) Free: 633M, Max: 256K regular, 631M humongous, Frag: 1% external, 0% internal; Reserve: 37632K, Max: 256K
[4.196s][info][gc,start      ] GC(0) Concurrent evacuation
[4.196s][info][gc,task       ] GC(0) Using 1 of 1 workers for concurrent evacuation
[4.211s][info][gc            ] GC(0) Concurrent evacuation 15.264ms
[4.211s][info][gc,start      ] GC(0) Pause Init Update Refs
[4.211s][info][gc,ergo       ] GC(0) Pacer for Update Refs. Used: 87672K, Free: 632M, Non-Taxable: 64812K, Alloc Tax Rate: 1.1x
[4.211s][info][gc            ] GC(0) Pause Init Update Refs 0.039ms
[4.213s][info][gc,start      ] GC(0) Concurrent update references
[4.213s][info][gc,task       ] GC(0) Using 1 of 1 workers for concurrent reference update
[4.247s][info][gc            ] GC(0) Concurrent update references 34.602ms
[4.249s][info][gc,start      ] GC(0) Pause Final Update Refs
[4.249s][info][gc,task       ] GC(0) Using 1 of 1 workers for final reference update
[4.250s][info][gc            ] GC(0) Pause Final Update Refs 0.446ms
[4.250s][info][gc,start      ] GC(0) Concurrent cleanup
[4.250s][info][gc            ] GC(0) Concurrent cleanup 86M->19M(131M) 0.075ms
[4.250s][info][gc,ergo       ] Free: 691M, Max: 256K regular, 624M humongous, Frag: 10% external, 0% internal; Reserve: 38400K, Max: 256K
[4.250s][info][gc,stats      ] 
[4.250s][info][gc,stats      ] All times are wall-clock times, except per-root-class counters, that are sum over
[4.250s][info][gc,stats      ] all workers. Dividing the <total> over the root stage time estimates parallelism.
[4.250s][info][gc,stats      ] 
[4.250s][info][gc,stats      ] Concurrent Reset                     72 us
[4.250s][info][gc,stats      ] Pause Init Mark (G)                4656 us
[4.250s][info][gc,stats      ] Pause Init Mark (N)                1000 us
[4.250s][info][gc,stats      ]   Accumulate Stats                    3 us
[4.250s][info][gc,stats      ]   Make Parsable                       3 us
[4.250s][info][gc,stats      ]   Update Region States               50 us
[4.250s][info][gc,stats      ]   Scan Roots                        922 us, parallelism: 0.94x
[4.250s][info][gc,stats      ]     S: <total>                      863 us
[4.250s][info][gc,stats      ]     S: Thread Roots                 669 us, workers (us): 669, 
[4.250s][info][gc,stats      ]     S: Universe Roots                18 us, workers (us):  18, 
[4.250s][info][gc,stats      ]     S: JNI Handles Roots              4 us, workers (us):   4, 
[4.250s][info][gc,stats      ]     S: Synchronizer Roots             0 us, workers (us):   0, 
[4.250s][info][gc,stats      ]     S: Management Roots               1 us, workers (us):   1, 
[4.250s][info][gc,stats      ]     S: System Dict Roots             33 us, workers (us):  33, 
[4.250s][info][gc,stats      ]     S: CLDG Roots                   137 us, workers (us): 137, 
[4.250s][info][gc,stats      ]     S: JVMTI Roots                    0 us, workers (us):   0, 
[4.250s][info][gc,stats      ]   Resize TLABs                        1 us
[4.250s][info][gc,stats      ] Concurrent Marking                39456 us
[4.250s][info][gc,stats      ] Concurrent Precleaning              322 us
[4.250s][info][gc,stats      ] Pause Final Mark (G)              12366 us
[4.250s][info][gc,stats      ] Pause Final Mark (N)               9943 us
[4.250s][info][gc,stats      ]   Finish Queues                      17 us
[4.250s][info][gc,stats      ]   Weak References                   105 us
[4.250s][info][gc,stats      ]     Process                         102 us
[4.250s][info][gc,stats      ]   System Purge                      239 us
[4.250s][info][gc,stats      ]     Unload Classes                  767 us
[4.250s][info][gc,stats      ]     Cleanup                        6007 us, parallelism: 0.98x
[4.250s][info][gc,stats      ]       CU: <total>                  5914 us
[4.250s][info][gc,stats      ]       CU: Code Cache Roots         1926 us, workers (us): 1926, 
[4.250s][info][gc,stats      ]       CU: Code Cache Cleaning       568 us, workers (us): 568, 
[4.250s][info][gc,stats      ]       CU: String Table Roots        852 us, workers (us): 852, 
[4.250s][info][gc,stats      ]       CU: Resolved Table Roots       25 us, workers (us):  25, 
[4.250s][info][gc,stats      ]       CU: CLDG Roots               2544 us, workers (us): 2544, 
[4.250s][info][gc,stats      ]     Weak Roots                      239 us
[4.250s][info][gc,stats      ]     CLDG                              1 us
[4.250s][info][gc,stats      ]   Update Region States               49 us
[4.250s][info][gc,stats      ]   Retire TLABs                        6 us
[4.250s][info][gc,stats      ]   Choose Collection Set              53 us
[4.250s][info][gc,stats      ]   Rebuild Free Set                   10 us
[4.250s][info][gc,stats      ]   Initial Evacuation               2680 us, parallelism: 0.64x
[4.250s][info][gc,stats      ]     E: <total>                     1717 us
[4.250s][info][gc,stats      ]     E: Thread Roots                 234 us, workers (us): 234, 
[4.250s][info][gc,stats      ]     E: Code Cache Roots             739 us, workers (us): 739, 
[4.250s][info][gc,stats      ]     E: Universe Roots                22 us, workers (us):  22, 
[4.250s][info][gc,stats      ]     E: JNI Handles Roots              5 us, workers (us):   5, 
[4.250s][info][gc,stats      ]     E: Synchronizer Roots             0 us, workers (us):   0, 
[4.250s][info][gc,stats      ]     E: Management Roots               1 us, workers (us):   1, 
[4.250s][info][gc,stats      ]     E: System Dict Roots             15 us, workers (us):  15, 
[4.250s][info][gc,stats      ]     E: CLDG Roots                   699 us, workers (us): 699, 
[4.250s][info][gc,stats      ]     E: JVMTI Roots                    1 us, workers (us):   1, 
[4.250s][info][gc,stats      ] Concurrent Cleanup                   52 us
[4.250s][info][gc,stats      ] Concurrent Evacuation             15252 us
[4.250s][info][gc,stats      ] Pause Init  Update Refs (G)        1611 us
[4.250s][info][gc,stats      ] Pause Init  Update Refs (N)          13 us
[4.250s][info][gc,stats      ]   Retire GCLABs                       2 us
[4.250s][info][gc,stats      ] Concurrent Update Refs            34573 us
[4.250s][info][gc,stats      ] Pause Final Update Refs (G)        2519 us
[4.250s][info][gc,stats      ] Pause Final Update Refs (N)         420 us
[4.250s][info][gc,stats      ]   Update Roots                      355 us, parallelism: 0.98x
[4.250s][info][gc,stats      ]     UR: <total>                     347 us
[4.250s][info][gc,stats      ]     UR: Thread Roots                347 us, workers (us): 347, 
[4.250s][info][gc,stats      ]   Update Region States               47 us
[4.250s][info][gc,stats      ]   Trash Collection Set                2 us
[4.250s][info][gc,stats      ]   Rebuild Free Set                    9 us
[4.250s][info][gc,stats      ] Concurrent Cleanup                   59 us
[4.250s][info][gc,stats      ] 
[4.250s][info][gc,stats      ] Allocation pacing accrued:
[4.250s][info][gc,stats      ]       0 of  4247 ms (  0.0%): <total>
[4.250s][info][gc,stats      ]       0 of  4247 ms (  0.0%): <average total>
[4.250s][info][gc,stats      ] 
[4.250s][info][gc,metaspace  ] Metaspace: 20175K->20472K(1067008K)
[4.250s][info][gc,ergo       ] Pacer for Idle. Initial: 15360K, Alloc Tax Rate: 1.0x
[6.363s][info][gc            ] Trigger: Metadata GC Threshold
[6.363s][info][gc,ergo       ] Free: 627M, Max: 256K regular, 624M humongous, Frag: 1% external, 0% internal; Reserve: 38400K, Max: 256K
[6.363s][info][gc,start      ] GC(1) Concurrent reset
[6.363s][info][gc,task       ] GC(1) Using 1 of 1 workers for concurrent reset
[6.363s][info][gc,ergo       ] GC(1) Pacer for Reset. Non-Taxable: 750M
[6.363s][info][gc            ] GC(1) Concurrent reset 0.232ms
[6.364s][info][gc,start      ] GC(1) Pause Init Mark (unload classes)
[6.364s][info][gc,task       ] GC(1) Using 1 of 1 workers for init marking
[6.365s][info][gc,ergo       ] GC(1) Pacer for Mark. Expected Live: 17452K, Free: 627M, Non-Taxable: 64230K, Alloc Tax Rate: 0.0x
[6.365s][info][gc            ] GC(1) Pause Init Mark (unload classes) 1.617ms
[6.365s][info][gc,start      ] GC(1) Concurrent marking (unload classes)
[6.365s][info][gc,task       ] GC(1) Using 1 of 1 workers for concurrent marking
[6.397s][info][gc            ] GC(1) Concurrent marking (unload classes) 31.712ms
[6.397s][info][gc,start      ] GC(1) Pause Final Mark (unload classes)
[6.397s][info][gc,task       ] GC(1) Using 1 of 1 workers for final marking
[6.407s][info][gc,stringtable] GC(1) Cleaned string and symbol table, strings: 13463 processed, 0 removed, symbols: 80096 processed, 44 removed
[6.407s][info][gc,ergo       ] GC(1) Adaptive CSet Selection. Target Free: 106M, Actual Free: 664M, Max CSet: 32000K, Min Garbage: 0B
[6.407s][info][gc,ergo       ] GC(1) Collectable Garbage: 63824K (98%), Immediate: 639K (0%), CSet: 63185K (97%)
[6.409s][info][gc,ergo       ] GC(1) Pacer for Evacuation. Used CSet: 67584K, Free: 627M, Non-Taxable: 64257K, Alloc Tax Rate: 1.1x
[6.409s][info][gc            ] GC(1) Pause Final Mark (unload classes) 11.906ms
[6.413s][info][gc,start      ] GC(1) Concurrent cleanup
[6.413s][info][gc            ] GC(1) Concurrent cleanup 85M->84M(132M) 0.093ms
[6.413s][info][gc,ergo       ] GC(1) Free: 627M, Max: 256K regular, 624M humongous, Frag: 1% external, 0% internal; Reserve: 37632K, Max: 256K
[6.413s][info][gc,start      ] GC(1) Concurrent evacuation
[6.413s][info][gc,task       ] GC(1) Using 1 of 1 workers for concurrent evacuation
[6.429s][info][gc            ] GC(1) Concurrent evacuation 15.659ms
[6.429s][info][gc,start      ] GC(1) Pause Init Update Refs
[6.429s][info][gc,ergo       ] GC(1) Pacer for Update Refs. Used: 91357K, Free: 626M, Non-Taxable: 64187K, Alloc Tax Rate: 1.1x
[6.429s][info][gc            ] GC(1) Pause Init Update Refs 0.018ms
[6.429s][info][gc,start      ] GC(1) Concurrent update references
[6.429s][info][gc,task       ] GC(1) Using 1 of 1 workers for concurrent reference update
[6.455s][info][gc            ] GC(1) Concurrent update references 26.268ms
[6.459s][info][gc,start      ] GC(1) Pause Final Update Refs
[6.459s][info][gc,task       ] GC(1) Using 1 of 1 workers for final reference update
[6.459s][info][gc            ] GC(1) Pause Final Update Refs 0.506ms
[6.459s][info][gc,start      ] GC(1) Concurrent cleanup
[6.459s][info][gc            ] GC(1) Concurrent cleanup 89M->23M(136M) 0.067ms
[6.459s][info][gc,ergo       ] Free: 688M, Max: 256K regular, 623M humongous, Frag: 10% external, 0% internal; Reserve: 38400K, Max: 256K
[6.459s][info][gc,stats      ] 
[6.459s][info][gc,stats      ] All times are wall-clock times, except per-root-class counters, that are sum over
[6.459s][info][gc,stats      ] all workers. Dividing the <total> over the root stage time estimates parallelism.
[6.459s][info][gc,stats      ] 
[6.459s][info][gc,stats      ] Concurrent Reset                    196 us
[6.459s][info][gc,stats      ] Pause Init Mark (G)                1881 us
[6.459s][info][gc,stats      ] Pause Init Mark (N)                1604 us
[6.459s][info][gc,stats      ]   Accumulate Stats                    5 us
[6.459s][info][gc,stats      ]   Make Parsable                      11 us
[6.459s][info][gc,stats      ]   Update Region States               27 us
[6.459s][info][gc,stats      ]   Scan Roots                       1535 us, parallelism: 0.93x
[6.459s][info][gc,stats      ]     S: <total>                     1428 us
[6.459s][info][gc,stats      ]     S: Thread Roots                1275 us, workers (us): 1275, 
[6.459s][info][gc,stats      ]     S: Universe Roots                 2 us, workers (us):   2, 
[6.459s][info][gc,stats      ]     S: JNI Handles Roots              1 us, workers (us):   1, 
[6.459s][info][gc,stats      ]     S: Synchronizer Roots             0 us, workers (us):   0, 
[6.459s][info][gc,stats      ]     S: Management Roots               1 us, workers (us):   1, 
[6.459s][info][gc,stats      ]     S: System Dict Roots             66 us, workers (us):  66, 
[6.459s][info][gc,stats      ]     S: CLDG Roots                    83 us, workers (us):  83, 
[6.459s][info][gc,stats      ]     S: JVMTI Roots                    1 us, workers (us):   1, 
[6.459s][info][gc,stats      ]   Resize TLABs                        3 us
[6.459s][info][gc,stats      ] Concurrent Marking                31703 us
[6.459s][info][gc,stats      ] Pause Final Mark (G)              15718 us
[6.459s][info][gc,stats      ] Pause Final Mark (N)              11893 us
[6.459s][info][gc,stats      ]   Finish Queues                      34 us
[6.459s][info][gc,stats      ]   System Purge                      203 us
[6.460s][info][gc,stats      ]     Unload Classes                  362 us
[6.460s][info][gc,stats      ]     Cleanup                        8830 us, parallelism: 0.99x
[6.460s][info][gc,stats      ]       CU: <total>                  8759 us
[6.460s][info][gc,stats      ]       CU: Code Cache Roots         2544 us, workers (us): 2544, 
[6.460s][info][gc,stats      ]       CU: Code Cache Cleaning       796 us, workers (us): 796, 
[6.460s][info][gc,stats      ]       CU: String Table Roots       2084 us, workers (us): 2084, 
[6.460s][info][gc,stats      ]       CU: Resolved Table Roots       45 us, workers (us):  45, 
[6.460s][info][gc,stats      ]       CU: CLDG Roots               3289 us, workers (us): 3289, 
[6.460s][info][gc,stats      ]     Weak Roots                      203 us
[6.460s][info][gc,stats      ]     CLDG                              1 us
[6.460s][info][gc,stats      ]   Update Region States               50 us
[6.460s][info][gc,stats      ]   Retire TLABs                       13 us
[6.460s][info][gc,stats      ]   Choose Collection Set              59 us
[6.460s][info][gc,stats      ]   Rebuild Free Set                   10 us
[6.460s][info][gc,stats      ]   Initial Evacuation               2323 us, parallelism: 0.54x
[6.460s][info][gc,stats      ]     E: <total>                     1259 us
[6.460s][info][gc,stats      ]     E: Thread Roots                 328 us, workers (us): 328, 
[6.460s][info][gc,stats      ]     E: Code Cache Roots             176 us, workers (us): 176, 
[6.460s][info][gc,stats      ]     E: Universe Roots                 1 us, workers (us):   1, 
[6.460s][info][gc,stats      ]     E: JNI Handles Roots              3 us, workers (us):   3, 
[6.460s][info][gc,stats      ]     E: Synchronizer Roots             0 us, workers (us):   0, 
[6.460s][info][gc,stats      ]     E: Management Roots               2 us, workers (us):   2, 
[6.460s][info][gc,stats      ]     E: System Dict Roots             60 us, workers (us):  60, 
[6.460s][info][gc,stats      ]     E: CLDG Roots                   688 us, workers (us): 688, 
[6.460s][info][gc,stats      ]     E: JVMTI Roots                    1 us, workers (us):   1, 
[6.460s][info][gc,stats      ] Concurrent Cleanup                   53 us
[6.460s][info][gc,stats      ] Concurrent Evacuation             15648 us
[6.460s][info][gc,stats      ] Pause Init  Update Refs (G)         148 us
[6.460s][info][gc,stats      ] Pause Init  Update Refs (N)           9 us
[6.460s][info][gc,stats      ]   Retire GCLABs                       3 us
[6.460s][info][gc,stats      ] Concurrent Update Refs            26254 us
[6.460s][info][gc,stats      ] Pause Final Update Refs (G)        4213 us
[6.460s][info][gc,stats      ] Pause Final Update Refs (N)         465 us
[6.460s][info][gc,stats      ]   Update Roots                      394 us, parallelism: 0.98x
[6.460s][info][gc,stats      ]     UR: <total>                     384 us
[6.460s][info][gc,stats      ]     UR: Thread Roots                384 us, workers (us): 384, 
[6.460s][info][gc,stats      ]   Update Region States               50 us
[6.460s][info][gc,stats      ]   Trash Collection Set                3 us
[6.460s][info][gc,stats      ]   Rebuild Free Set                   11 us
[6.460s][info][gc,stats      ] Concurrent Cleanup                   59 us
[6.460s][info][gc,stats      ] 
[6.460s][info][gc,stats      ] Allocation pacing accrued:
[6.460s][info][gc,stats      ]       0 of  2209 ms (  0.0%): <total>
[6.460s][info][gc,stats      ]       0 of  2209 ms (  0.0%): <average total>
[6.460s][info][gc,stats      ] 
[6.460s][info][gc,metaspace  ] Metaspace: 34511K->34906K(1081344K)
[6.460s][info][gc,ergo       ] Pacer for Idle. Initial: 15360K, Alloc Tax Rate: 1.0x
[7.855s][info][gc            ] Trigger: Learning 3 of 5. Free (524M) is below initial threshold (525M)
[7.855s][info][gc,ergo       ] Free: 524M, Max: 256K regular, 524M humongous, Frag: 0% external, 0% internal; Reserve: 38400K, Max: 256K
[7.855s][info][gc,start      ] GC(2) Concurrent reset
[7.855s][info][gc,task       ] GC(2) Using 1 of 1 workers for concurrent reset
[7.855s][info][gc,ergo       ] GC(2) Pacer for Reset. Non-Taxable: 750M
[7.855s][info][gc            ] GC(2) Concurrent reset 0.202ms
[7.857s][info][gc,start      ] GC(2) Pause Init Mark
[7.857s][info][gc,task       ] GC(2) Using 1 of 1 workers for init marking
[7.858s][info][gc,ergo       ] GC(2) Pacer for Mark. Expected Live: 19400K, Free: 524M, Non-Taxable: 53709K, Alloc Tax Rate: 0.0x
[7.858s][info][gc            ] GC(2) Pause Init Mark 0.990ms
[7.858s][info][gc,start      ] GC(2) Concurrent marking
[7.858s][info][gc,task       ] GC(2) Using 1 of 1 workers for concurrent marking
[7.979s][info][gc            ] GC(2) Concurrent marking 121.030ms
[7.980s][info][gc,start      ] GC(2) Pause Final Mark
[7.980s][info][gc,task       ] GC(2) Using 1 of 1 workers for final marking
[7.980s][info][gc,ergo       ] GC(2) Adaptive CSet Selection. Target Free: 106M, Actual Free: 525M, Max CSet: 32000K, Min Garbage: 0B
[7.980s][info][gc,ergo       ] GC(2) Collectable Garbage: 142M (99%), Immediate: 457K (0%), CSet: 141M (98%)
[7.982s][info][gc,ergo       ] GC(2) Pacer for Evacuation. Used CSet: 165M, Free: 488M, Non-Taxable: 50023K, Alloc Tax Rate: 1.1x
[7.982s][info][gc            ] GC(2) Pause Final Mark 2.231ms
[7.982s][info][gc,start      ] GC(2) Concurrent cleanup
[7.982s][info][gc            ] GC(2) Concurrent cleanup 223M->223M(225M) 0.059ms
[7.982s][info][gc,ergo       ] GC(2) Free: 488M, Max: 256K regular, 488M humongous, Frag: 1% external, 0% internal; Reserve: 37888K, Max: 256K
[7.982s][info][gc,start      ] GC(2) Concurrent evacuation
[7.982s][info][gc,task       ] GC(2) Using 1 of 1 workers for concurrent evacuation
[8.054s][info][gc            ] GC(2) Concurrent evacuation 71.767ms
[8.056s][info][gc,start      ] GC(2) Pause Init Update Refs
[8.056s][info][gc,ergo       ] GC(2) Pacer for Update Refs. Used: 269M, Free: 465M, Non-Taxable: 47642K, Alloc Tax Rate: 1.1x
[8.056s][info][gc            ] GC(2) Pause Init Update Refs 0.076ms
[8.056s][info][gc,start      ] GC(2) Concurrent update references
[8.056s][info][gc,task       ] GC(2) Using 1 of 1 workers for concurrent reference update
[8.141s][info][gc            ] GC(2) Concurrent update references 84.626ms
[8.143s][info][gc,start      ] GC(2) Pause Final Update Refs
[8.143s][info][gc,task       ] GC(2) Using 1 of 1 workers for final reference update
[8.143s][info][gc            ] GC(2) Pause Final Update Refs 0.276ms
[8.143s][info][gc,start      ] GC(2) Concurrent cleanup
[8.143s][info][gc            ] GC(2) Concurrent cleanup 302M->137M(303M) 0.081ms
[8.143s][info][gc,ergo       ] Free: 574M, Max: 256K regular, 409M humongous, Frag: 29% external, 0% internal; Reserve: 38400K, Max: 256K
[8.143s][info][gc,stats      ] 
[8.143s][info][gc,stats      ] All times are wall-clock times, except per-root-class counters, that are sum over
[8.143s][info][gc,stats      ] all workers. Dividing the <total> over the root stage time estimates parallelism.
[8.143s][info][gc,stats      ] 
[8.143s][info][gc,stats      ] Concurrent Reset                    187 us
[8.143s][info][gc,stats      ] Pause Init Mark (G)                3381 us
[8.143s][info][gc,stats      ] Pause Init Mark (N)                 965 us
[8.143s][info][gc,stats      ]   Accumulate Stats                    6 us
[8.143s][info][gc,stats      ]   Make Parsable                       9 us
[8.143s][info][gc,stats      ]   Update Region States               35 us
[8.143s][info][gc,stats      ]   Scan Roots                        874 us, parallelism: 0.82x
[8.143s][info][gc,stats      ]     S: <total>                      714 us
[8.143s][info][gc,stats      ]     S: Thread Roots                 310 us, workers (us): 310, 
[8.143s][info][gc,stats      ]     S: Universe Roots                 2 us, workers (us):   2, 
[8.143s][info][gc,stats      ]     S: JNI Handles Roots              1 us, workers (us):   1, 
[8.143s][info][gc,stats      ]     S: Synchronizer Roots             0 us, workers (us):   0, 
[8.143s][info][gc,stats      ]     S: Management Roots               1 us, workers (us):   1, 
[8.143s][info][gc,stats      ]     S: System Dict Roots             20 us, workers (us):  20, 
[8.143s][info][gc,stats      ]     S: CLDG Roots                   379 us, workers (us): 379, 
[8.143s][info][gc,stats      ]     S: JVMTI Roots                    0 us, workers (us):   0, 
[8.143s][info][gc,stats      ]   Resize TLABs                        3 us
[8.143s][info][gc,stats      ] Concurrent Marking               121021 us
[8.143s][info][gc,stats      ] Pause Final Mark (G)               2304 us
[8.143s][info][gc,stats      ] Pause Final Mark (N)               2221 us
[8.143s][info][gc,stats      ]   Finish Queues                      11 us
[8.143s][info][gc,stats      ]   System Purge                      245 us
[8.143s][info][gc,stats      ]     Weak Roots                      245 us
[8.143s][info][gc,stats      ]   Update Region States               55 us
[8.143s][info][gc,stats      ]   Retire TLABs                        9 us
[8.143s][info][gc,stats      ]   Choose Collection Set             125 us
[8.143s][info][gc,stats      ]   Rebuild Free Set                    9 us
[8.143s][info][gc,stats      ]   Initial Evacuation               1761 us, parallelism: 0.49x
[8.143s][info][gc,stats      ]     E: <total>                      869 us
[8.143s][info][gc,stats      ]     E: Thread Roots                 211 us, workers (us): 211, 
[8.143s][info][gc,stats      ]     E: Code Cache Roots             139 us, workers (us): 139, 
[8.143s][info][gc,stats      ]     E: Universe Roots                 1 us, workers (us):   1, 
[8.143s][info][gc,stats      ]     E: JNI Handles Roots              1 us, workers (us):   1, 
[8.143s][info][gc,stats      ]     E: Synchronizer Roots             0 us, workers (us):   0, 
[8.143s][info][gc,stats      ]     E: Management Roots               5 us, workers (us):   5, 
[8.143s][info][gc,stats      ]     E: System Dict Roots              9 us, workers (us):   9, 
[8.143s][info][gc,stats      ]     E: CLDG Roots                   503 us, workers (us): 503, 
[8.143s][info][gc,stats      ]     E: JVMTI Roots                    1 us, workers (us):   1, 
[8.143s][info][gc,stats      ] Concurrent Cleanup                   51 us
[8.143s][info][gc,stats      ] Concurrent Evacuation             71755 us
[8.143s][info][gc,stats      ] Pause Init  Update Refs (G)        2173 us
[8.143s][info][gc,stats      ] Pause Init  Update Refs (N)          30 us
[8.143s][info][gc,stats      ]   Retire GCLABs                       4 us
[8.143s][info][gc,stats      ] Concurrent Update Refs            84610 us
[8.143s][info][gc,stats      ] Pause Final Update Refs (G)        2399 us
[8.143s][info][gc,stats      ] Pause Final Update Refs (N)         261 us
[8.143s][info][gc,stats      ]   Update Roots                      190 us, parallelism: 0.95x
[8.143s][info][gc,stats      ]     UR: <total>                     180 us
[8.143s][info][gc,stats      ]     UR: Thread Roots                180 us, workers (us): 180, 
[8.143s][info][gc,stats      ]   Update Region States               48 us
[8.143s][info][gc,stats      ]   Trash Collection Set                4 us
[8.143s][info][gc,stats      ]   Rebuild Free Set                   12 us
[8.143s][info][gc,stats      ] Concurrent Cleanup                   74 us
[8.143s][info][gc,stats      ] 
[8.143s][info][gc,stats      ] Allocation pacing accrued:
[8.143s][info][gc,stats      ]       0 of  1684 ms (  0.0%): <total>
[8.143s][info][gc,stats      ]       0 of  1684 ms (  0.0%): <average total>
[8.143s][info][gc,stats      ] 
[8.143s][info][gc,metaspace  ] Metaspace: 42876K->42876K(1087488K)
[8.143s][info][gc,ergo       ] Pacer for Idle. Initial: 15360K, Alloc Tax Rate: 1.0x
[8.191s][info][gc            ] Trigger: Learning 4 of 5. Free (523M) is below initial threshold (525M)
[8.191s][info][gc,ergo       ] Free: 523M, Max: 256K regular, 409M humongous, Frag: 22% external, 0% internal; Reserve: 38400K, Max: 256K
[8.191s][info][gc,start      ] GC(3) Concurrent reset
[8.191s][info][gc,task       ] GC(3) Using 1 of 1 workers for concurrent reset
[8.191s][info][gc,ergo       ] GC(3) Pacer for Reset. Non-Taxable: 750M
[8.191s][info][gc            ] GC(3) Concurrent reset 0.286ms
[8.193s][info][gc,start      ] GC(3) Pause Init Mark
[8.193s][info][gc,task       ] GC(3) Using 1 of 1 workers for init marking
[8.194s][info][gc,ergo       ] GC(3) Pacer for Mark. Expected Live: 27765K, Free: 523M, Non-Taxable: 53608K, Alloc Tax Rate: 0.1x
[8.194s][info][gc            ] GC(3) Pause Init Mark 0.783ms
[8.194s][info][gc,start      ] GC(3) Concurrent marking
[8.194s][info][gc,task       ] GC(3) Using 1 of 1 workers for concurrent marking
[8.372s][info][gc            ] GC(3) Concurrent marking 178.136ms
[8.372s][info][gc,start      ] GC(3) Pause Final Mark
[8.372s][info][gc,task       ] GC(3) Using 1 of 1 workers for final marking
[8.373s][info][gc,ergo       ] GC(3) Adaptive CSet Selection. Target Free: 106M, Actual Free: 498M, Max CSet: 32000K, Min Garbage: 0B
[8.373s][info][gc,ergo       ] GC(3) Collectable Garbage: 119M (99%), Immediate: 0B (0%), CSet: 119M (99%)
[8.374s][info][gc,ergo       ] GC(3) Pacer for Evacuation. Used CSet: 143M, Free: 461M, Non-Taxable: 47232K, Alloc Tax Rate: 1.1x
[8.374s][info][gc            ] GC(3) Pause Final Mark 1.313ms
[8.374s][info][gc,start      ] GC(3) Concurrent cleanup
[8.374s][info][gc            ] GC(3) Concurrent cleanup 250M->250M(303M) 0.056ms
[8.374s][info][gc,ergo       ] GC(3) Free: 461M, Max: 256K regular, 409M humongous, Frag: 12% external, 0% internal; Reserve: 38400K, Max: 256K
[8.374s][info][gc,start      ] GC(3) Concurrent evacuation
[8.374s][info][gc,task       ] GC(3) Using 1 of 1 workers for concurrent evacuation
[8.439s][info][gc            ] GC(3) Concurrent evacuation 65.480ms
[8.441s][info][gc,start      ] GC(3) Pause Init Update Refs
[8.441s][info][gc,ergo       ] GC(3) Pacer for Update Refs. Used: 300M, Free: 434M, Non-Taxable: 44523K, Alloc Tax Rate: 1.1x
[8.441s][info][gc            ] GC(3) Pause Init Update Refs 0.051ms
[8.441s][info][gc,start      ] GC(3) Concurrent update references
[8.441s][info][gc,task       ] GC(3) Using 1 of 1 workers for concurrent reference update
[8.568s][info][gc            ] GC(3) Concurrent update references 126.032ms
[8.570s][info][gc,start      ] GC(3) Pause Final Update Refs
[8.570s][info][gc,task       ] GC(3) Using 1 of 1 workers for final reference update
[8.570s][info][gc            ] GC(3) Pause Final Update Refs 0.252ms
[8.570s][info][gc,start      ] GC(3) Concurrent cleanup
[8.570s][info][gc            ] GC(3) Concurrent cleanup 351M->208M(352M) 0.088ms
[8.570s][info][gc,ergo       ] Free: 503M, Max: 256K regular, 359M humongous, Frag: 29% external, 0% internal; Reserve: 38400K, Max: 256K
[8.570s][info][gc,stats      ] 
[8.570s][info][gc,stats      ] All times are wall-clock times, except per-root-class counters, that are sum over
[8.570s][info][gc,stats      ] all workers. Dividing the <total> over the root stage time estimates parallelism.
[8.570s][info][gc,stats      ] 
[8.570s][info][gc,stats      ] Concurrent Reset                    276 us
[8.570s][info][gc,stats      ] Pause Init Mark (G)                2956 us
[8.570s][info][gc,stats      ] Pause Init Mark (N)                 756 us
[8.570s][info][gc,stats      ]   Accumulate Stats                    6 us
[8.570s][info][gc,stats      ]   Make Parsable                       6 us
[8.570s][info][gc,stats      ]   Update Region States               39 us
[8.570s][info][gc,stats      ]   Scan Roots                        669 us, parallelism: 0.79x
[8.570s][info][gc,stats      ]     S: <total>                      529 us
[8.570s][info][gc,stats      ]     S: Thread Roots                 175 us, workers (us): 175, 
[8.570s][info][gc,stats      ]     S: Universe Roots                 2 us, workers (us):   2, 
[8.570s][info][gc,stats      ]     S: JNI Handles Roots              1 us, workers (us):   1, 
[8.570s][info][gc,stats      ]     S: Synchronizer Roots             0 us, workers (us):   0, 
[8.570s][info][gc,stats      ]     S: Management Roots               2 us, workers (us):   2, 
[8.570s][info][gc,stats      ]     S: System Dict Roots              8 us, workers (us):   8, 
[8.570s][info][gc,stats      ]     S: CLDG Roots                   340 us, workers (us): 340, 
[8.570s][info][gc,stats      ]     S: JVMTI Roots                    1 us, workers (us):   1, 
[8.570s][info][gc,stats      ]   Resize TLABs                        2 us
[8.570s][info][gc,stats      ] Concurrent Marking               178128 us
[8.570s][info][gc,stats      ] Pause Final Mark (G)               1382 us
[8.570s][info][gc,stats      ] Pause Final Mark (N)               1296 us
[8.570s][info][gc,stats      ]   Finish Queues                      13 us
[8.570s][info][gc,stats      ]   System Purge                      193 us
[8.570s][info][gc,stats      ]     Weak Roots                      192 us
[8.570s][info][gc,stats      ]   Update Region States               50 us
[8.570s][info][gc,stats      ]   Retire TLABs                        7 us
[8.570s][info][gc,stats      ]   Choose Collection Set             114 us
[8.570s][info][gc,stats      ]   Rebuild Free Set                    9 us
[8.570s][info][gc,stats      ]   Initial Evacuation                903 us, parallelism: 0.62x
[8.570s][info][gc,stats      ]     E: <total>                      559 us
[8.570s][info][gc,stats      ]     E: Thread Roots                 165 us, workers (us): 165, 
[8.570s][info][gc,stats      ]     E: Code Cache Roots             122 us, workers (us): 122, 
[8.570s][info][gc,stats      ]     E: Universe Roots                 1 us, workers (us):   1, 
[8.570s][info][gc,stats      ]     E: JNI Handles Roots              1 us, workers (us):   1, 
[8.570s][info][gc,stats      ]     E: Synchronizer Roots             0 us, workers (us):   0, 
[8.570s][info][gc,stats      ]     E: Management Roots               1 us, workers (us):   1, 
[8.570s][info][gc,stats      ]     E: System Dict Roots              6 us, workers (us):   6, 
[8.570s][info][gc,stats      ]     E: CLDG Roots                   263 us, workers (us): 263, 
[8.570s][info][gc,stats      ]     E: JVMTI Roots                    0 us, workers (us):   0, 
[8.570s][info][gc,stats      ] Concurrent Cleanup                   49 us
[8.570s][info][gc,stats      ] Concurrent Evacuation             65468 us
[8.570s][info][gc,stats      ] Pause Init  Update Refs (G)        2210 us
[8.570s][info][gc,stats      ] Pause Init  Update Refs (N)          12 us
[8.570s][info][gc,stats      ]   Retire GCLABs                       5 us
[8.570s][info][gc,stats      ] Concurrent Update Refs           126018 us
[8.570s][info][gc,stats      ] Pause Final Update Refs (G)        2361 us
[8.570s][info][gc,stats      ] Pause Final Update Refs (N)         235 us
[8.570s][info][gc,stats      ]   Update Roots                      162 us, parallelism: 0.96x
[8.570s][info][gc,stats      ]     UR: <total>                     155 us
[8.570s][info][gc,stats      ]     UR: Thread Roots                155 us, workers (us): 155, 
[8.570s][info][gc,stats      ]   Update Region States               53 us
[8.570s][info][gc,stats      ]   Trash Collection Set                3 us
[8.570s][info][gc,stats      ]   Rebuild Free Set                   10 us
[8.570s][info][gc,stats      ] Concurrent Cleanup                   80 us
[8.570s][info][gc,stats      ] 
[8.570s][info][gc,stats      ] Allocation pacing accrued:
[8.570s][info][gc,stats      ]       0 of   427 ms (  0.0%): <total>
[8.570s][info][gc,stats      ]       0 of   427 ms (  0.0%): <average total>
[8.570s][info][gc,stats      ] 
[8.570s][info][gc,metaspace  ] Metaspace: 42876K->42876K(1087488K)
[8.570s][info][gc,ergo       ] Pacer for Idle. Initial: 15360K, Alloc Tax Rate: 1.0x
[8.572s][info][gc            ] Trigger: Learning 5 of 5. Free (501M) is below initial threshold (525M)
[8.572s][info][gc,ergo       ] Free: 501M, Max: 256K regular, 359M humongous, Frag: 29% external, 0% internal; Reserve: 38400K, Max: 256K
[8.572s][info][gc,start      ] GC(4) Concurrent reset
[8.572s][info][gc,task       ] GC(4) Using 1 of 1 workers for concurrent reset
[8.572s][info][gc,ergo       ] GC(4) Pacer for Reset. Non-Taxable: 750M
[8.572s][info][gc            ] GC(4) Concurrent reset 0.287ms
[8.574s][info][gc,start      ] GC(4) Pause Init Mark
[8.574s][info][gc,task       ] GC(4) Using 1 of 1 workers for init marking
[8.575s][info][gc,ergo       ] GC(4) Pacer for Mark. Expected Live: 38131K, Free: 501M, Non-Taxable: 51353K, Alloc Tax Rate: 0.1x
[8.575s][info][gc            ] GC(4) Pause Init Mark 0.761ms
[8.575s][info][gc,start      ] GC(4) Concurrent marking
[8.575s][info][gc,task       ] GC(4) Using 1 of 1 workers for concurrent marking
[8.741s][info][gc            ] GC(4) Concurrent marking 165.785ms
[8.741s][info][gc,start      ] GC(4) Pause Final Mark
[8.741s][info][gc,task       ] GC(4) Using 1 of 1 workers for final marking
[8.741s][info][gc,ergo       ] GC(4) Adaptive CSet Selection. Target Free: 106M, Actual Free: 469M, Max CSet: 32000K, Min Garbage: 0B
[8.741s][info][gc,ergo       ] GC(4) Collectable Garbage: 117M (99%), Immediate: 0B (0%), CSet: 117M (99%)
[8.742s][info][gc,ergo       ] GC(4) Pacer for Evacuation. Used CSet: 141M, Free: 432M, Non-Taxable: 44244K, Alloc Tax Rate: 1.1x
[8.742s][info][gc            ] GC(4) Pause Final Mark 1.245ms
[8.742s][info][gc,start      ] GC(4) Concurrent cleanup
[8.742s][info][gc            ] GC(4) Concurrent cleanup 279M->279M(352M) 0.056ms
[8.742s][info][gc,ergo       ] GC(4) Free: 432M, Max: 256K regular, 359M humongous, Frag: 17% external, 0% internal; Reserve: 38400K, Max: 256K
[8.742s][info][gc,start      ] GC(4) Concurrent evacuation
[8.742s][info][gc,task       ] GC(4) Using 1 of 1 workers for concurrent evacuation
[8.815s][info][gc            ] GC(4) Concurrent evacuation 72.149ms
[8.817s][info][gc,start      ] GC(4) Pause Init Update Refs
[8.817s][info][gc,ergo       ] GC(4) Pacer for Update Refs. Used: 339M, Free: 395M, Non-Taxable: 40524K, Alloc Tax Rate: 1.1x
[8.817s][info][gc            ] GC(4) Pause Init Update Refs 0.032ms
[8.817s][info][gc,start      ] GC(4) Concurrent update references
[8.817s][info][gc,task       ] GC(4) Using 1 of 1 workers for concurrent reference update
[8.966s][info][gc            ] GC(4) Concurrent update references 148.737ms
[8.968s][info][gc,start      ] GC(4) Pause Final Update Refs
[8.968s][info][gc,task       ] GC(4) Using 1 of 1 workers for final reference update
[8.968s][info][gc            ] GC(4) Pause Final Update Refs 0.248ms
[8.968s][info][gc,start      ] GC(4) Concurrent cleanup
[8.968s][info][gc            ] GC(4) Concurrent cleanup 402M->260M(403M) 0.082ms
[8.968s][info][gc,ergo       ] Free: 450M, Max: 256K regular, 309M humongous, Frag: 32% external, 0% internal; Reserve: 38400K, Max: 256K
[8.968s][info][gc,stats      ] 
[8.968s][info][gc,stats      ] All times are wall-clock times, except per-root-class counters, that are sum over
[8.968s][info][gc,stats      ] all workers. Dividing the <total> over the root stage time estimates parallelism.
[8.968s][info][gc,stats      ] 
[8.968s][info][gc,stats      ] Concurrent Reset                    281 us
[8.968s][info][gc,stats      ] Pause Init Mark (G)                2896 us
[8.968s][info][gc,stats      ] Pause Init Mark (N)                 729 us
[8.968s][info][gc,stats      ]   Accumulate Stats                    7 us
[8.968s][info][gc,stats      ]   Make Parsable                       6 us
[8.968s][info][gc,stats      ]   Update Region States               39 us
[8.968s][info][gc,stats      ]   Scan Roots                        643 us, parallelism: 0.78x
[8.968s][info][gc,stats      ]     S: <total>                      503 us
[8.968s][info][gc,stats      ]     S: Thread Roots                 170 us, workers (us): 170, 
[8.968s][info][gc,stats      ]     S: Universe Roots                 2 us, workers (us):   2, 
[8.968s][info][gc,stats      ]     S: JNI Handles Roots              1 us, workers (us):   1, 
[8.968s][info][gc,stats      ]     S: Synchronizer Roots             0 us, workers (us):   0, 
[8.968s][info][gc,stats      ]     S: Management Roots               1 us, workers (us):   1, 
[8.968s][info][gc,stats      ]     S: System Dict Roots              7 us, workers (us):   7, 
[8.968s][info][gc,stats      ]     S: CLDG Roots                   321 us, workers (us): 321, 
[8.968s][info][gc,stats      ]     S: JVMTI Roots                    0 us, workers (us):   0, 
[8.968s][info][gc,stats      ]   Resize TLABs                        2 us
[8.968s][info][gc,stats      ] Concurrent Marking               165778 us
[8.968s][info][gc,stats      ] Pause Final Mark (G)               1321 us
[8.968s][info][gc,stats      ] Pause Final Mark (N)               1231 us
[8.968s][info][gc,stats      ]   Finish Queues                      14 us
[8.968s][info][gc,stats      ]   System Purge                      161 us
[8.968s][info][gc,stats      ]     Weak Roots                      161 us
[8.968s][info][gc,stats      ]   Update Region States               46 us
[8.968s][info][gc,stats      ]   Retire TLABs                        6 us
[8.968s][info][gc,stats      ]   Choose Collection Set             107 us
[8.968s][info][gc,stats      ]   Rebuild Free Set                    9 us
[8.968s][info][gc,stats      ]   Initial Evacuation                882 us, parallelism: 0.60x
[8.968s][info][gc,stats      ]     E: <total>                      531 us
[8.968s][info][gc,stats      ]     E: Thread Roots                 164 us, workers (us): 164, 
[8.968s][info][gc,stats      ]     E: Code Cache Roots              77 us, workers (us):  77, 
[8.968s][info][gc,stats      ]     E: Universe Roots                 1 us, workers (us):   1, 
[8.968s][info][gc,stats      ]     E: JNI Handles Roots              1 us, workers (us):   1, 
[8.968s][info][gc,stats      ]     E: Synchronizer Roots             0 us, workers (us):   0, 
[8.968s][info][gc,stats      ]     E: Management Roots               1 us, workers (us):   1, 
[8.968s][info][gc,stats      ]     E: System Dict Roots              6 us, workers (us):   6, 
[8.968s][info][gc,stats      ]     E: CLDG Roots                   281 us, workers (us): 281, 
[8.968s][info][gc,stats      ]     E: JVMTI Roots                    0 us, workers (us):   0, 
[8.968s][info][gc,stats      ] Concurrent Cleanup                   49 us
[8.968s][info][gc,stats      ] Concurrent Evacuation             72136 us
[8.968s][info][gc,stats      ] Pause Init  Update Refs (G)        2159 us
[8.968s][info][gc,stats      ] Pause Init  Update Refs (N)          11 us
[8.968s][info][gc,stats      ]   Retire GCLABs                       3 us
[8.968s][info][gc,stats      ] Concurrent Update Refs           148723 us
[8.968s][info][gc,stats      ] Pause Final Update Refs (G)        2417 us
[8.968s][info][gc,stats      ] Pause Final Update Refs (N)         229 us
[8.968s][info][gc,stats      ]   Update Roots                      159 us, parallelism: 0.96x
[8.968s][info][gc,stats      ]     UR: <total>                     152 us
[8.968s][info][gc,stats      ]     UR: Thread Roots                152 us, workers (us): 152, 
[8.968s][info][gc,stats      ]   Update Region States               49 us
[8.969s][info][gc,stats      ]   Trash Collection Set                3 us
[8.969s][info][gc,stats      ]   Rebuild Free Set                   11 us
[8.969s][info][gc,stats      ] Concurrent Cleanup                   76 us
[8.969s][info][gc,stats      ] 
[8.969s][info][gc,stats      ] Allocation pacing accrued:
[8.969s][info][gc,stats      ]       0 of   398 ms (  0.0%): <total>
[8.969s][info][gc,stats      ]       0 of   398 ms (  0.0%): <average total>
[8.969s][info][gc,stats      ] 
[8.969s][info][gc,metaspace  ] Metaspace: 42876K->42876K(1087488K)
[8.969s][info][gc,ergo       ] Pacer for Idle. Initial: 15360K, Alloc Tax Rate: 1.0x
[10.511s][info][gc            ] Trigger: Explicit GC request (System.gc())
[10.511s][info][gc,ergo       ] Free: 404M, Max: 256K regular, 309M humongous, Frag: 24% external, 0% internal; Reserve: 38400K, Max: 256K
[10.511s][info][gc,start      ] GC(5) Concurrent reset
[10.511s][info][gc,task       ] GC(5) Using 1 of 1 workers for concurrent reset
[10.511s][info][gc,ergo       ] GC(5) Pacer for Reset. Non-Taxable: 750M
[10.511s][info][gc            ] GC(5) Concurrent reset 0.358ms
[10.511s][info][gc,start      ] GC(5) Pause Init Mark (process weakrefs) (unload classes)
[10.511s][info][gc,task       ] GC(5) Using 1 of 1 workers for init marking
[10.512s][info][gc,ergo       ] GC(5) Pacer for Mark. Expected Live: 49224K, Free: 404M, Non-Taxable: 41410K, Alloc Tax Rate: 0.1x
[10.512s][info][gc            ] GC(5) Pause Init Mark (process weakrefs) (unload classes) 0.720ms
[10.512s][info][gc,start      ] GC(5) Concurrent marking (process weakrefs) (unload classes)
[10.512s][info][gc,task       ] GC(5) Using 1 of 1 workers for concurrent marking
[10.547s][info][gc            ] GC(5) Concurrent marking (process weakrefs) (unload classes) 34.482ms
[10.547s][info][gc,start      ] GC(5) Concurrent precleaning
[10.547s][info][gc,task       ] GC(5) Using 1 of 1 workers for concurrent preclean
[10.547s][info][gc,ergo       ] GC(5) Pacer for Precleaning. Non-Taxable: 750M
[10.549s][info][gc            ] GC(5) Concurrent precleaning 2.753ms
[10.549s][info][gc,start      ] GC(5) Pause Final Mark (process weakrefs) (unload classes)
[10.550s][info][gc,task       ] GC(5) Using 1 of 1 workers for final marking
[10.568s][info][gc,stringtable] GC(5) Cleaned string and symbol table, strings: 16600 processed, 0 removed, symbols: 113919 processed, 30 removed
[10.568s][info][gc,ergo       ] GC(5) Adaptive CSet Selection. Target Free: 106M, Actual Free: 690M, Max CSet: 32000K, Min Garbage: 0B
[10.568s][info][gc,ergo       ] GC(5) Collectable Garbage: 282M (99%), Immediate: 249M (87%), CSet: 34277K (11%)
[10.570s][info][gc,ergo       ] GC(5) Pacer for Evacuation. Used CSet: 36494K, Free: 655M, Non-Taxable: 67072K, Alloc Tax Rate: 1.1x
[10.570s][info][gc            ] GC(5) Pause Final Mark (process weakrefs) (unload classes) 20.935ms
[10.571s][info][gc,start      ] GC(5) Concurrent cleanup
[10.571s][info][gc            ] GC(5) Concurrent cleanup 305M->56M(403M) 0.101ms
[10.571s][info][gc,ergo       ] GC(5) Free: 654M, Max: 256K regular, 591M humongous, Frag: 10% external, 0% internal; Reserve: 38144K, Max: 256K
[10.571s][info][gc,start      ] GC(5) Concurrent evacuation
[10.571s][info][gc,task       ] GC(5) Using 1 of 1 workers for concurrent evacuation
[10.582s][info][gc            ] GC(5) Concurrent evacuation 11.522ms
[10.582s][info][gc,start      ] GC(5) Pause Init Update Refs
[10.582s][info][gc,ergo       ] GC(5) Pacer for Update Refs. Used: 60100K, Free: 654M, Non-Taxable: 67046K, Alloc Tax Rate: 1.1x
[10.582s][info][gc            ] GC(5) Pause Init Update Refs 0.019ms
[10.582s][info][gc,start      ] GC(5) Concurrent update references
[10.582s][info][gc,task       ] GC(5) Using 1 of 1 workers for concurrent reference update
[10.598s][info][gc            ] GC(5) Concurrent update references 15.672ms
[10.598s][info][gc,start      ] GC(5) Pause Final Update Refs
[10.598s][info][gc,task       ] GC(5) Using 1 of 1 workers for final reference update
[10.600s][info][gc            ] GC(5) Pause Final Update Refs 1.603ms
[10.600s][info][gc,start      ] GC(5) Concurrent cleanup
[10.600s][info][gc            ] GC(5) Concurrent cleanup 58M->23M(403M) 0.063ms
[10.600s][info][gc,ergo       ] Free: 688M, Max: 256K regular, 646M humongous, Frag: 7% external, 0% internal; Reserve: 38400K, Max: 256K
[10.600s][info][gc,stats      ] 
[10.600s][info][gc,stats      ] All times are wall-clock times, except per-root-class counters, that are sum over
[10.600s][info][gc,stats      ] all workers. Dividing the <total> over the root stage time estimates parallelism.
[10.600s][info][gc,stats      ] 
[10.600s][info][gc,stats      ] Concurrent Reset                    327 us
[10.600s][info][gc,stats      ] Pause Init Mark (G)                 865 us
[10.600s][info][gc,stats      ] Pause Init Mark (N)                 706 us
[10.600s][info][gc,stats      ]   Accumulate Stats                    6 us
[10.600s][info][gc,stats      ]   Make Parsable                       8 us
[10.600s][info][gc,stats      ]   Update Region States               31 us
[10.600s][info][gc,stats      ]   Scan Roots                        624 us, parallelism: 0.63x
[10.600s][info][gc,stats      ]     S: <total>                      390 us
[10.600s][info][gc,stats      ]     S: Thread Roots                 275 us, workers (us): 275, 
[10.600s][info][gc,stats      ]     S: Universe Roots                 3 us, workers (us):   3, 
[10.600s][info][gc,stats      ]     S: JNI Handles Roots              2 us, workers (us):   2, 
[10.600s][info][gc,stats      ]     S: Synchronizer Roots             0 us, workers (us):   0, 
[10.600s][info][gc,stats      ]     S: Management Roots               2 us, workers (us):   2, 
[10.600s][info][gc,stats      ]     S: System Dict Roots             10 us, workers (us):  10, 
[10.600s][info][gc,stats      ]     S: CLDG Roots                    97 us, workers (us):  97, 
[10.600s][info][gc,stats      ]     S: JVMTI Roots                    1 us, workers (us):   1, 
[10.600s][info][gc,stats      ]   Resize TLABs                        3 us
[10.600s][info][gc,stats      ] Concurrent Marking                34473 us
[10.600s][info][gc,stats      ] Concurrent Precleaning             2740 us
[10.600s][info][gc,stats      ] Pause Final Mark (G)              21099 us
[10.600s][info][gc,stats      ] Pause Final Mark (N)              20925 us
[10.600s][info][gc,stats      ]   Finish Queues                      36 us
[10.600s][info][gc,stats      ]   Weak References                   330 us
[10.600s][info][gc,stats      ]     Process                         327 us
[10.600s][info][gc,stats      ]   System Purge                      241 us
[10.600s][info][gc,stats      ]     Unload Classes                  878 us
[10.600s][info][gc,stats      ]     Cleanup                       17124 us, parallelism: 1.00x
[10.600s][info][gc,stats      ]       CU: <total>                 17043 us
[10.600s][info][gc,stats      ]       CU: Code Cache Roots         6944 us, workers (us): 6944, 
[10.600s][info][gc,stats      ]       CU: Code Cache Cleaning       975 us, workers (us): 975, 
[10.600s][info][gc,stats      ]       CU: String Table Roots       4622 us, workers (us): 4622, 
[10.600s][info][gc,stats      ]       CU: Resolved Table Roots       71 us, workers (us):  71, 
[10.600s][info][gc,stats      ]       CU: CLDG Roots               4430 us, workers (us): 4430, 
[10.600s][info][gc,stats      ]     Weak Roots                      241 us
[10.600s][info][gc,stats      ]     CLDG                            220 us
[10.600s][info][gc,stats      ]   Update Region States               64 us
[10.600s][info][gc,stats      ]   Retire TLABs                       14 us
[10.600s][info][gc,stats      ]   Choose Collection Set              45 us
[10.600s][info][gc,stats      ]   Rebuild Free Set                   10 us
[10.600s][info][gc,stats      ]   Initial Evacuation               1954 us, parallelism: 0.63x
[10.600s][info][gc,stats      ]     E: <total>                     1230 us
[10.600s][info][gc,stats      ]     E: Thread Roots                 209 us, workers (us): 209, 
[10.600s][info][gc,stats      ]     E: Code Cache Roots             264 us, workers (us): 264, 
[10.600s][info][gc,stats      ]     E: Universe Roots                 1 us, workers (us):   1, 
[10.600s][info][gc,stats      ]     E: JNI Handles Roots              2 us, workers (us):   2, 
[10.600s][info][gc,stats      ]     E: Synchronizer Roots             0 us, workers (us):   0, 
[10.600s][info][gc,stats      ]     E: Management Roots               2 us, workers (us):   2, 
[10.600s][info][gc,stats      ]     E: System Dict Roots             14 us, workers (us):  14, 
[10.600s][info][gc,stats      ]     E: CLDG Roots                   737 us, workers (us): 737, 
[10.600s][info][gc,stats      ]     E: JVMTI Roots                    1 us, workers (us):   1, 
[10.600s][info][gc,stats      ] Concurrent Cleanup                   92 us
[10.600s][info][gc,stats      ] Concurrent Evacuation             11511 us
[10.600s][info][gc,stats      ] Pause Init  Update Refs (G)         136 us
[10.600s][info][gc,stats      ] Pause Init  Update Refs (N)          10 us
[10.600s][info][gc,stats      ]   Retire GCLABs                       3 us
[10.600s][info][gc,stats      ] Concurrent Update Refs            15659 us
[10.600s][info][gc,stats      ] Pause Final Update Refs (G)        1761 us
[10.600s][info][gc,stats      ] Pause Final Update Refs (N)        1589 us
[10.600s][info][gc,stats      ]   Update Roots                     1519 us, parallelism: 0.17x
[10.600s][info][gc,stats      ]     UR: <total>                     252 us
[10.600s][info][gc,stats      ]     UR: Thread Roots                252 us, workers (us): 252, 
[10.600s][info][gc,stats      ]   Update Region States               50 us
[10.600s][info][gc,stats      ]   Trash Collection Set                2 us
[10.600s][info][gc,stats      ]   Rebuild Free Set                   10 us
[10.600s][info][gc,stats      ] Concurrent Cleanup                   54 us
[10.600s][info][gc,stats      ] 
[10.600s][info][gc,stats      ] Allocation pacing accrued:
[10.600s][info][gc,stats      ]       0 of  1632 ms (  0.0%): <total>
[10.600s][info][gc,stats      ]       0 of  1632 ms (  0.0%): <average total>
[10.600s][info][gc,stats      ] 
[10.600s][info][gc,metaspace  ] Metaspace: 49346K->49086K(1093632K)
[10.600s][info][gc,ergo       ] Pacer for Idle. Initial: 15360K, Alloc Tax Rate: 1.0x
[10.600s][info][gc,start      ] Concurrent uncommit
[10.635s][info][gc            ] Concurrent uncommit 23M->23M(24M) 35.176ms
[12.689s][info][gc            ] Trigger: Learning 2 of 5. Free (524M) is below initial threshold (525M)
[12.689s][info][gc,ergo       ] Free: 524M, Max: 256K regular, 524M humongous, Frag: 0% external, 0% internal; Reserve: 38400K, Max: 256K
[12.689s][info][gc,start      ] GC(6) Concurrent reset
[12.689s][info][gc,task       ] GC(6) Using 1 of 1 workers for concurrent reset
[12.689s][info][gc,ergo       ] GC(6) Pacer for Reset. Non-Taxable: 750M
[12.690s][info][gc            ] GC(6) Concurrent reset 0.463ms
[12.694s][info][gc,start      ] GC(6) Pause Init Mark
[12.694s][info][gc,task       ] GC(6) Using 1 of 1 workers for init marking
[12.695s][info][gc,ergo       ] GC(6) Pacer for Mark. Expected Live: 50039K, Free: 524M, Non-Taxable: 53734K, Alloc Tax Rate: 0.1x
[12.696s][info][gc            ] GC(6) Pause Init Mark 1.918ms
[12.696s][info][gc,start      ] GC(6) Concurrent marking
[12.696s][info][gc,task       ] GC(6) Using 1 of 1 workers for concurrent marking
[12.790s][info][gc            ] GC(6) Concurrent marking 93.955ms
[12.790s][info][gc,start      ] GC(6) Pause Final Mark
[12.790s][info][gc,task       ] GC(6) Using 1 of 1 workers for final marking
[12.790s][info][gc,ergo       ] GC(6) Adaptive CSet Selection. Target Free: 106M, Actual Free: 550M, Max CSet: 32000K, Min Garbage: 0B
[12.790s][info][gc,ergo       ] GC(6) Collectable Garbage: 150M (98%), Immediate: 8597K (5%), CSet: 142M (93%)
[12.793s][info][gc,ergo       ] GC(6) Pacer for Evacuation. Used CSet: 153M, Free: 515M, Non-Taxable: 52787K, Alloc Tax Rate: 1.1x
[12.793s][info][gc            ] GC(6) Pause Final Mark 3.013ms
[12.793s][info][gc,start      ] GC(6) Concurrent cleanup
[12.793s][info][gc            ] GC(6) Concurrent cleanup 204M->195M(207M) 0.067ms
[12.793s][info][gc,ergo       ] GC(6) Free: 515M, Max: 256K regular, 505M humongous, Frag: 3% external, 0% internal; Reserve: 38144K, Max: 256K
[12.793s][info][gc,start      ] GC(6) Concurrent evacuation
[12.793s][info][gc,task       ] GC(6) Using 1 of 1 workers for concurrent evacuation
[12.841s][info][gc            ] GC(6) Concurrent evacuation 48.490ms
[12.843s][info][gc,start      ] GC(6) Pause Init Update Refs
[12.843s][info][gc,ergo       ] GC(6) Pacer for Update Refs. Used: 220M, Free: 502M, Non-Taxable: 51404K, Alloc Tax Rate: 1.1x
[12.843s][info][gc            ] GC(6) Pause Init Update Refs 0.030ms
[12.843s][info][gc,start      ] GC(6) Concurrent update references
[12.843s][info][gc,task       ] GC(6) Using 1 of 1 workers for concurrent reference update
[12.955s][info][gc            ] GC(6) Concurrent update references 112.070ms
[12.958s][info][gc,start      ] GC(6) Pause Final Update Refs
[12.958s][info][gc,task       ] GC(6) Using 1 of 1 workers for final reference update
[12.958s][info][gc            ] GC(6) Pause Final Update Refs 0.287ms
[12.958s][info][gc,start      ] GC(6) Concurrent cleanup
[12.958s][info][gc            ] GC(6) Concurrent cleanup 242M->89M(244M) 0.079ms
[12.958s][info][gc,ergo       ] Free: 621M, Max: 256K regular, 468M humongous, Frag: 25% external, 0% internal; Reserve: 38400K, Max: 256K
[12.958s][info][gc,stats      ] 
[12.958s][info][gc,stats      ] All times are wall-clock times, except per-root-class counters, that are sum over
[12.958s][info][gc,stats      ] all workers. Dividing the <total> over the root stage time estimates parallelism.
[12.958s][info][gc,stats      ] 
[12.958s][info][gc,stats      ] Concurrent Reset                    406 us
[12.958s][info][gc,stats      ] Pause Init Mark (G)                5995 us
[12.958s][info][gc,stats      ] Pause Init Mark (N)                1884 us
[12.958s][info][gc,stats      ]   Accumulate Stats                    6 us
[12.958s][info][gc,stats      ]   Make Parsable                       9 us
[12.958s][info][gc,stats      ]   Update Region States               50 us
[12.958s][info][gc,stats      ]   Scan Roots                       1762 us, parallelism: 0.87x
[12.958s][info][gc,stats      ]     S: <total>                     1531 us
[12.958s][info][gc,stats      ]     S: Thread Roots                 871 us, workers (us): 871, 
[12.958s][info][gc,stats      ]     S: Universe Roots                 2 us, workers (us):   2, 
[12.958s][info][gc,stats      ]     S: JNI Handles Roots              2 us, workers (us):   2, 
[12.958s][info][gc,stats      ]     S: Synchronizer Roots             0 us, workers (us):   0, 
[12.958s][info][gc,stats      ]     S: Management Roots               2 us, workers (us):   2, 
[12.958s][info][gc,stats      ]     S: System Dict Roots             35 us, workers (us):  35, 
[12.958s][info][gc,stats      ]     S: CLDG Roots                   619 us, workers (us): 619, 
[12.958s][info][gc,stats      ]     S: JVMTI Roots                    1 us, workers (us):   1, 
[12.958s][info][gc,stats      ]   Resize TLABs                        8 us
[12.958s][info][gc,stats      ] Concurrent Marking                93944 us
[12.958s][info][gc,stats      ] Pause Final Mark (G)               3097 us
[12.958s][info][gc,stats      ] Pause Final Mark (N)               3001 us
[12.958s][info][gc,stats      ]   Finish Queues                      11 us
[12.958s][info][gc,stats      ]   System Purge                      291 us
[12.958s][info][gc,stats      ]     Weak Roots                      291 us
[12.958s][info][gc,stats      ]   Update Region States               51 us
[12.958s][info][gc,stats      ]   Retire TLABs                        7 us
[12.958s][info][gc,stats      ]   Choose Collection Set             105 us
[12.958s][info][gc,stats      ]   Rebuild Free Set                   13 us
[12.958s][info][gc,stats      ]   Initial Evacuation               2518 us, parallelism: 0.53x
[12.958s][info][gc,stats      ]     E: <total>                     1345 us
[12.958s][info][gc,stats      ]     E: Thread Roots                 299 us, workers (us): 299, 
[12.958s][info][gc,stats      ]     E: Code Cache Roots             323 us, workers (us): 323, 
[12.958s][info][gc,stats      ]     E: Universe Roots                 1 us, workers (us):   1, 
[12.958s][info][gc,stats      ]     E: JNI Handles Roots              1 us, workers (us):   1, 
[12.958s][info][gc,stats      ]     E: Synchronizer Roots             0 us, workers (us):   0, 
[12.958s][info][gc,stats      ]     E: Management Roots               1 us, workers (us):   1, 
[12.958s][info][gc,stats      ]     E: System Dict Roots             44 us, workers (us):  44, 
[12.958s][info][gc,stats      ]     E: CLDG Roots                   675 us, workers (us): 675, 
[12.958s][info][gc,stats      ]     E: JVMTI Roots                    0 us, workers (us):   0, 
[12.958s][info][gc,stats      ] Concurrent Cleanup                   57 us
[12.958s][info][gc,stats      ] Concurrent Evacuation             48477 us
[12.958s][info][gc,stats      ] Pause Init  Update Refs (G)        2093 us
[12.958s][info][gc,stats      ] Pause Init  Update Refs (N)          11 us
[12.958s][info][gc,stats      ]   Retire GCLABs                       4 us
[12.958s][info][gc,stats      ] Concurrent Update Refs           112055 us
[12.958s][info][gc,stats      ] Pause Final Update Refs (G)        2442 us
[12.958s][info][gc,stats      ] Pause Final Update Refs (N)         270 us
[12.958s][info][gc,stats      ]   Update Roots                      203 us, parallelism: 0.97x
[12.958s][info][gc,stats      ]     UR: <total>                     197 us
[12.958s][info][gc,stats      ]     UR: Thread Roots                197 us, workers (us): 197, 
[12.958s][info][gc,stats      ]   Update Region States               46 us
[12.958s][info][gc,stats      ]   Trash Collection Set                4 us
[12.958s][info][gc,stats      ]   Rebuild Free Set                   10 us
[12.958s][info][gc,stats      ] Concurrent Cleanup                   72 us
[12.958s][info][gc,stats      ] 
[12.958s][info][gc,stats      ] Allocation pacing accrued:
[12.958s][info][gc,stats      ]       0 of  2358 ms (  0.0%): <total>
[12.958s][info][gc,stats      ]       0 of  2358 ms (  0.0%): <average total>
[12.958s][info][gc,stats      ] 
[12.958s][info][gc,metaspace  ] Metaspace: 55073K->55082K(1097728K)
[12.958s][info][gc,ergo       ] Pacer for Idle. Initial: 15360K, Alloc Tax Rate: 1.0x
[13.199s][info][gc            ] Trigger: Learning 3 of 5. Free (524M) is below initial threshold (525M)
[13.199s][info][gc,ergo       ] Free: 524M, Max: 256K regular, 468M humongous, Frag: 11% external, 0% internal; Reserve: 38400K, Max: 256K
[13.199s][info][gc,start      ] GC(7) Concurrent reset
[13.199s][info][gc,task       ] GC(7) Using 1 of 1 workers for concurrent reset
[13.199s][info][gc,ergo       ] GC(7) Pacer for Reset. Non-Taxable: 750M
[13.200s][info][gc            ] GC(7) Concurrent reset 0.323ms
[13.202s][info][gc,start      ] GC(7) Pause Init Mark
[13.202s][info][gc,task       ] GC(7) Using 1 of 1 workers for init marking
[13.203s][info][gc,ergo       ] GC(7) Pacer for Mark. Expected Live: 52297K, Free: 524M, Non-Taxable: 53708K, Alloc Tax Rate: 0.1x
[13.203s][info][gc            ] GC(7) Pause Init Mark 1.044ms
[13.203s][info][gc,start      ] GC(7) Concurrent marking
[13.203s][info][gc,task       ] GC(7) Using 1 of 1 workers for concurrent marking
[13.328s][info][gc            ] GC(7) Concurrent marking 125.001ms
[13.328s][info][gc,start      ] GC(7) Pause Final Mark
[13.328s][info][gc,task       ] GC(7) Using 1 of 1 workers for final marking
[13.328s][info][gc,ergo       ] GC(7) Adaptive CSet Selection. Target Free: 106M, Actual Free: 519M, Max CSet: 32000K, Min Garbage: 0B
[13.329s][info][gc,ergo       ] GC(7) Collectable Garbage: 140M (98%), Immediate: 1024K (0%), CSet: 139M (98%)
[13.330s][info][gc,ergo       ] GC(7) Pacer for Evacuation. Used CSet: 151M, Free: 482M, Non-Taxable: 49384K, Alloc Tax Rate: 1.1x
[13.330s][info][gc            ] GC(7) Pause Final Mark 1.772ms
[13.330s][info][gc,start      ] GC(7) Concurrent cleanup
[13.330s][info][gc            ] GC(7) Concurrent cleanup 230M->229M(244M) 0.064ms
[13.330s][info][gc,ergo       ] GC(7) Free: 482M, Max: 256K regular, 468M humongous, Frag: 3% external, 0% internal; Reserve: 38397K, Max: 256K
[13.330s][info][gc,start      ] GC(7) Concurrent evacuation
[13.330s][info][gc,task       ] GC(7) Using 1 of 1 workers for concurrent evacuation
[13.377s][info][gc            ] GC(7) Concurrent evacuation 47.153ms
[13.377s][info][gc,start      ] GC(7) Pause Init Update Refs
[13.377s][info][gc,ergo       ] GC(7) Pacer for Update Refs. Used: 251M, Free: 472M, Non-Taxable: 48335K, Alloc Tax Rate: 1.1x
[13.377s][info][gc            ] GC(7) Pause Init Update Refs 0.020ms
[13.377s][info][gc,start      ] GC(7) Concurrent update references
[13.377s][info][gc,task       ] GC(7) Using 1 of 1 workers for concurrent reference update
[13.550s][info][gc            ] GC(7) Concurrent update references 172.785ms
[13.552s][info][gc,start      ] GC(7) Pause Final Update Refs
[13.552s][info][gc,task       ] GC(7) Using 1 of 1 workers for final reference update
[13.553s][info][gc            ] GC(7) Pause Final Update Refs 0.333ms
[13.553s][info][gc,start      ] GC(7) Concurrent cleanup
[13.553s][info][gc            ] GC(7) Concurrent cleanup 303M->152M(305M) 0.078ms
[13.553s][info][gc,ergo       ] Free: 558M, Max: 256K regular, 407M humongous, Frag: 28% external, 0% internal; Reserve: 38400K, Max: 256K
[13.553s][info][gc,stats      ] 
[13.553s][info][gc,stats      ] All times are wall-clock times, except per-root-class counters, that are sum over
[13.553s][info][gc,stats      ] all workers. Dividing the <total> over the root stage time estimates parallelism.
[13.553s][info][gc,stats      ] 
[13.553s][info][gc,stats      ] Concurrent Reset                    313 us
[13.553s][info][gc,stats      ] Pause Init Mark (G)                3286 us
[13.553s][info][gc,stats      ] Pause Init Mark (N)                1015 us
[13.553s][info][gc,stats      ]   Accumulate Stats                    6 us
[13.553s][info][gc,stats      ]   Make Parsable                       5 us
[13.553s][info][gc,stats      ]   Update Region States               39 us
[13.553s][info][gc,stats      ]   Scan Roots                        937 us, parallelism: 0.74x
[13.553s][info][gc,stats      ]     S: <total>                      693 us
[13.553s][info][gc,stats      ]     S: Thread Roots                 221 us, workers (us): 221, 
[13.553s][info][gc,stats      ]     S: Universe Roots                 2 us, workers (us):   2, 
[13.553s][info][gc,stats      ]     S: JNI Handles Roots              1 us, workers (us):   1, 
[13.553s][info][gc,stats      ]     S: Synchronizer Roots             0 us, workers (us):   0, 
[13.553s][info][gc,stats      ]     S: Management Roots               2 us, workers (us):   2, 
[13.553s][info][gc,stats      ]     S: System Dict Roots             11 us, workers (us):  11, 
[13.553s][info][gc,stats      ]     S: CLDG Roots                   456 us, workers (us): 456, 
[13.553s][info][gc,stats      ]     S: JVMTI Roots                    1 us, workers (us):   1, 
[13.553s][info][gc,stats      ]   Resize TLABs                        3 us
[13.553s][info][gc,stats      ] Concurrent Marking               124993 us
[13.553s][info][gc,stats      ] Pause Final Mark (G)               1848 us
[13.553s][info][gc,stats      ] Pause Final Mark (N)               1761 us
[13.553s][info][gc,stats      ]   Finish Queues                      10 us
[13.553s][info][gc,stats      ]   System Purge                      247 us
[13.553s][info][gc,stats      ]     Weak Roots                      246 us
[13.553s][info][gc,stats      ]   Update Region States               48 us
[13.553s][info][gc,stats      ]   Retire TLABs                        7 us
[13.553s][info][gc,stats      ]   Choose Collection Set             105 us
[13.553s][info][gc,stats      ]   Rebuild Free Set                   10 us
[13.553s][info][gc,stats      ]   Initial Evacuation               1328 us, parallelism: 0.61x
[13.553s][info][gc,stats      ]     E: <total>                      811 us
[13.553s][info][gc,stats      ]     E: Thread Roots                 236 us, workers (us): 236, 
[13.553s][info][gc,stats      ]     E: Code Cache Roots             127 us, workers (us): 127, 
[13.553s][info][gc,stats      ]     E: Universe Roots                 1 us, workers (us):   1, 
[13.553s][info][gc,stats      ]     E: JNI Handles Roots              1 us, workers (us):   1, 
[13.553s][info][gc,stats      ]     E: Synchronizer Roots             0 us, workers (us):   0, 
[13.553s][info][gc,stats      ]     E: Management Roots               1 us, workers (us):   1, 
[13.553s][info][gc,stats      ]     E: System Dict Roots             10 us, workers (us):  10, 
[13.553s][info][gc,stats      ]     E: CLDG Roots                   435 us, workers (us): 435, 
[13.553s][info][gc,stats      ]     E: JVMTI Roots                    0 us, workers (us):   0, 
[13.553s][info][gc,stats      ] Concurrent Cleanup                   56 us
[13.553s][info][gc,stats      ] Concurrent Evacuation             47140 us
[13.553s][info][gc,stats      ] Pause Init  Update Refs (G)         166 us
[13.553s][info][gc,stats      ] Pause Init  Update Refs (N)          10 us
[13.553s][info][gc,stats      ]   Retire GCLABs                       4 us
[13.553s][info][gc,stats      ] Concurrent Update Refs           172770 us
[13.553s][info][gc,stats      ] Pause Final Update Refs (G)        2441 us
[13.553s][info][gc,stats      ] Pause Final Update Refs (N)         281 us
[13.553s][info][gc,stats      ]   Update Roots                      208 us, parallelism: 0.96x
[13.553s][info][gc,stats      ]     UR: <total>                     199 us
[13.553s][info][gc,stats      ]     UR: Thread Roots                199 us, workers (us): 199, 
[13.553s][info][gc,stats      ]   Update Region States               46 us
[13.553s][info][gc,stats      ]   Trash Collection Set                4 us
[13.553s][info][gc,stats      ]   Rebuild Free Set                   10 us
[13.553s][info][gc,stats      ] Concurrent Cleanup                   72 us
[13.553s][info][gc,stats      ] 
[13.553s][info][gc,stats      ] Allocation pacing accrued:
[13.553s][info][gc,stats      ]       0 of   595 ms (  0.0%): <total>
[13.553s][info][gc,stats      ]       0 of   595 ms (  0.0%): <average total>
[13.553s][info][gc,stats      ] 
[13.553s][info][gc,metaspace  ] Metaspace: 55087K->55107K(1097728K)
[13.553s][info][gc,ergo       ] Pacer for Idle. Initial: 15360K, Alloc Tax Rate: 1.0x
[13.637s][info][gc            ] Trigger: Learning 4 of 5. Free (523M) is below initial threshold (525M)
[13.637s][info][gc,ergo       ] Free: 523M, Max: 256K regular, 407M humongous, Frag: 23% external, 0% internal; Reserve: 38400K, Max: 256K
[13.637s][info][gc,start      ] GC(8) Concurrent reset
[13.637s][info][gc,task       ] GC(8) Using 1 of 1 workers for concurrent reset
[13.637s][info][gc,ergo       ] GC(8) Pacer for Reset. Non-Taxable: 750M
[13.637s][info][gc            ] GC(8) Concurrent reset 0.327ms
[13.640s][info][gc,start      ] GC(8) Pause Init Mark
[13.640s][info][gc,task       ] GC(8) Using 1 of 1 workers for init marking
[13.641s][info][gc,ergo       ] GC(8) Pacer for Mark. Expected Live: 52547K, Free: 523M, Non-Taxable: 53585K, Alloc Tax Rate: 0.1x
[13.641s][info][gc            ] GC(8) Pause Init Mark 1.092ms
[13.641s][info][gc,start      ] GC(8) Concurrent marking
[13.641s][info][gc,task       ] GC(8) Using 1 of 1 workers for concurrent marking
[13.761s][info][gc            ] GC(8) Concurrent marking 119.681ms
[13.761s][info][gc,start      ] GC(8) Pause Final Mark
[13.761s][info][gc,task       ] GC(8) Using 1 of 1 workers for final marking
[13.761s][info][gc,ergo       ] GC(8) Adaptive CSet Selection. Target Free: 106M, Actual Free: 481M, Max CSet: 32000K, Min Garbage: 0B
[13.761s][info][gc,ergo       ] GC(8) Collectable Garbage: 128M (98%), Immediate: 1024K (0%), CSet: 127M (97%)
[13.763s][info][gc,ergo       ] GC(8) Pacer for Evacuation. Used CSet: 139M, Free: 444M, Non-Taxable: 45470K, Alloc Tax Rate: 1.1x
[13.763s][info][gc            ] GC(8) Pause Final Mark 1.778ms
[13.763s][info][gc,start      ] GC(8) Concurrent cleanup
[13.763s][info][gc            ] GC(8) Concurrent cleanup 268M->267M(305M) 0.059ms
[13.763s][info][gc,ergo       ] GC(8) Free: 444M, Max: 256K regular, 407M humongous, Frag: 9% external, 0% internal; Reserve: 38397K, Max: 256K
[13.763s][info][gc,start      ] GC(8) Concurrent evacuation
[13.763s][info][gc,task       ] GC(8) Using 1 of 1 workers for concurrent evacuation
[13.793s][info][gc            ] GC(8) Concurrent evacuation 30.414ms
[13.795s][info][gc,start      ] GC(8) Pause Init Update Refs
[13.795s][info][gc,ergo       ] GC(8) Pacer for Update Refs. Used: 303M, Free: 419M, Non-Taxable: 42936K, Alloc Tax Rate: 1.1x
[13.795s][info][gc            ] GC(8) Pause Init Update Refs 0.046ms
[13.795s][info][gc,start      ] GC(8) Concurrent update references
[13.795s][info][gc,task       ] GC(8) Using 1 of 1 workers for concurrent reference update
[13.968s][info][gc            ] GC(8) Concurrent update references 172.106ms
[13.970s][info][gc,start      ] GC(8) Pause Final Update Refs
[13.970s][info][gc,task       ] GC(8) Using 1 of 1 workers for final reference update
[13.971s][info][gc            ] GC(8) Pause Final Update Refs 0.347ms
[13.973s][info][gc,start      ] GC(8) Concurrent cleanup
[13.973s][info][gc            ] GC(8) Concurrent cleanup 389M->253M(390M) 0.100ms
[13.973s][info][gc,ergo       ] Free: 457M, Max: 256K regular, 322M humongous, Frag: 30% external, 0% internal; Reserve: 38400K, Max: 256K
[13.973s][info][gc,stats      ] 
[13.973s][info][gc,stats      ] All times are wall-clock times, except per-root-class counters, that are sum over
[13.973s][info][gc,stats      ] all workers. Dividing the <total> over the root stage time estimates parallelism.
[13.973s][info][gc,stats      ] 
[13.973s][info][gc,stats      ] Concurrent Reset                    319 us
[13.973s][info][gc,stats      ] Pause Init Mark (G)                3685 us
[13.973s][info][gc,stats      ] Pause Init Mark (N)                1061 us
[13.973s][info][gc,stats      ]   Accumulate Stats                    7 us
[13.973s][info][gc,stats      ]   Make Parsable                       6 us
[13.973s][info][gc,stats      ]   Update Region States               42 us
[13.973s][info][gc,stats      ]   Scan Roots                        971 us, parallelism: 0.77x
[13.973s][info][gc,stats      ]     S: <total>                      745 us
[13.973s][info][gc,stats      ]     S: Thread Roots                 282 us, workers (us): 282, 
[13.973s][info][gc,stats      ]     S: Universe Roots                 2 us, workers (us):   2, 
[13.973s][info][gc,stats      ]     S: JNI Handles Roots              1 us, workers (us):   1, 
[13.973s][info][gc,stats      ]     S: Synchronizer Roots             0 us, workers (us):   0, 
[13.973s][info][gc,stats      ]     S: Management Roots               1 us, workers (us):   1, 
[13.973s][info][gc,stats      ]     S: System Dict Roots             11 us, workers (us):  11, 
[13.973s][info][gc,stats      ]     S: CLDG Roots                   447 us, workers (us): 447, 
[13.973s][info][gc,stats      ]     S: JVMTI Roots                    0 us, workers (us):   0, 
[13.973s][info][gc,stats      ]   Resize TLABs                        4 us
[13.973s][info][gc,stats      ] Concurrent Marking               119672 us
[13.973s][info][gc,stats      ] Pause Final Mark (G)               1853 us
[13.973s][info][gc,stats      ] Pause Final Mark (N)               1760 us
[13.973s][info][gc,stats      ]   Finish Queues                      11 us
[13.973s][info][gc,stats      ]   System Purge                      308 us
[13.973s][info][gc,stats      ]     Weak Roots                      307 us
[13.973s][info][gc,stats      ]   Update Region States               51 us
[13.973s][info][gc,stats      ]   Retire TLABs                        8 us
[13.973s][info][gc,stats      ]   Choose Collection Set             114 us
[13.973s][info][gc,stats      ]   Rebuild Free Set                    9 us
[13.973s][info][gc,stats      ]   Initial Evacuation               1253 us, parallelism: 0.61x
[13.973s][info][gc,stats      ]     E: <total>                      761 us
[13.973s][info][gc,stats      ]     E: Thread Roots                 212 us, workers (us): 212, 
[13.973s][info][gc,stats      ]     E: Code Cache Roots             122 us, workers (us): 122, 
[13.973s][info][gc,stats      ]     E: Universe Roots                 1 us, workers (us):   1, 
[13.973s][info][gc,stats      ]     E: JNI Handles Roots              1 us, workers (us):   1, 
[13.973s][info][gc,stats      ]     E: Synchronizer Roots             0 us, workers (us):   0, 
[13.973s][info][gc,stats      ]     E: Management Roots               2 us, workers (us):   2, 
[13.973s][info][gc,stats      ]     E: System Dict Roots             10 us, workers (us):  10, 
[13.973s][info][gc,stats      ]     E: CLDG Roots                   413 us, workers (us): 413, 
[13.973s][info][gc,stats      ]     E: JVMTI Roots                    1 us, workers (us):   1, 
[13.973s][info][gc,stats      ] Concurrent Cleanup                   50 us
[13.973s][info][gc,stats      ] Concurrent Evacuation             30401 us
[13.973s][info][gc,stats      ] Pause Init  Update Refs (G)        2122 us
[13.973s][info][gc,stats      ] Pause Init  Update Refs (N)          12 us
[13.973s][info][gc,stats      ]   Retire GCLABs                       4 us
[13.973s][info][gc,stats      ] Concurrent Update Refs           172091 us
[13.973s][info][gc,stats      ] Pause Final Update Refs (G)        4958 us
[13.973s][info][gc,stats      ] Pause Final Update Refs (N)         307 us
[13.973s][info][gc,stats      ]   Update Roots                      236 us, parallelism: 0.95x
[13.973s][info][gc,stats      ]     UR: <total>                     225 us
[13.973s][info][gc,stats      ]     UR: Thread Roots                225 us, workers (us): 225, 
[13.973s][info][gc,stats      ]   Update Region States               47 us
[13.973s][info][gc,stats      ]   Trash Collection Set                4 us
[13.973s][info][gc,stats      ]   Rebuild Free Set                   10 us
[13.973s][info][gc,stats      ] Concurrent Cleanup                   84 us
[13.973s][info][gc,stats      ] 
[13.973s][info][gc,stats      ] Allocation pacing accrued:
[13.973s][info][gc,stats      ]       0 of   420 ms (  0.0%): <total>
[13.973s][info][gc,stats      ]       0 of   420 ms (  0.0%): <average total>
[13.973s][info][gc,stats      ] 
[13.973s][info][gc,metaspace  ] Metaspace: 55107K->55108K(1097728K)
[13.973s][info][gc,ergo       ] Pacer for Idle. Initial: 15360K, Alloc Tax Rate: 1.0x
[13.974s][info][gc            ] Trigger: Learning 5 of 5. Free (452M) is below initial threshold (525M)
[13.974s][info][gc,ergo       ] Free: 452M, Max: 256K regular, 322M humongous, Frag: 29% external, 0% internal; Reserve: 38400K, Max: 256K
[13.974s][info][gc,start      ] GC(9) Concurrent reset
[13.974s][info][gc,task       ] GC(9) Using 1 of 1 workers for concurrent reset
[13.974s][info][gc,ergo       ] GC(9) Pacer for Reset. Non-Taxable: 750M
[13.977s][info][gc            ] GC(9) Concurrent reset 2.259ms
[13.977s][info][gc,start      ] GC(9) Pause Init Mark
[13.977s][info][gc,task       ] GC(9) Using 1 of 1 workers for init marking
[13.978s][info][gc,ergo       ] GC(9) Pacer for Mark. Expected Live: 50414K, Free: 451M, Non-Taxable: 46263K, Alloc Tax Rate: 0.1x
[13.978s][info][gc            ] GC(9) Pause Init Mark 1.187ms
[13.978s][info][gc,start      ] GC(9) Concurrent marking
[13.978s][info][gc,task       ] GC(9) Using 1 of 1 workers for concurrent marking
[14.131s][info][gc            ] GC(9) Concurrent marking 153.096ms
[14.131s][info][gc,start      ] GC(9) Pause Final Mark
[14.131s][info][gc,task       ] GC(9) Using 1 of 1 workers for final marking
[14.132s][info][gc,ergo       ] GC(9) Adaptive CSet Selection. Target Free: 106M, Actual Free: 395M, Max CSet: 32000K, Min Garbage: 0B
[14.132s][info][gc,ergo       ] GC(9) Collectable Garbage: 181M (98%), Immediate: 2048K (1%), CSet: 179M (97%)
[14.133s][info][gc,ergo       ] GC(9) Pacer for Evacuation. Used CSet: 196M, Free: 357M, Non-Taxable: 36642K, Alloc Tax Rate: 1.3x
[14.133s][info][gc            ] GC(9) Pause Final Mark 1.920ms
[14.133s][info][gc,start      ] GC(9) Concurrent cleanup
[14.133s][info][gc            ] GC(9) Concurrent cleanup 355M->353M(390M) 0.066ms
[14.133s][info][gc,ergo       ] GC(9) Free: 357M, Max: 256K regular, 322M humongous, Frag: 10% external, 0% internal; Reserve: 38397K, Max: 256K
[14.133s][info][gc,start      ] GC(9) Concurrent evacuation
[14.133s][info][gc,task       ] GC(9) Using 1 of 1 workers for concurrent evacuation
[14.181s][info][gc            ] GC(9) Concurrent evacuation 48.148ms
[14.184s][info][gc,start      ] GC(9) Pause Init Update Refs
[14.184s][info][gc,ergo       ] GC(9) Pacer for Update Refs. Used: 410M, Free: 318M, Non-Taxable: 32563K, Alloc Tax Rate: 1.6x
[14.184s][info][gc            ] GC(9) Pause Init Update Refs 0.109ms
[14.184s][info][gc,start      ] GC(9) Concurrent update references
[14.184s][info][gc,task       ] GC(9) Using 1 of 1 workers for concurrent reference update
[14.476s][info][gc            ] GC(9) Concurrent update references 292.427ms
[14.480s][info][gc,start      ] GC(9) Pause Final Update Refs
[14.480s][info][gc,task       ] GC(9) Using 1 of 1 workers for final reference update
[14.480s][info][gc            ] GC(9) Pause Final Update Refs 0.458ms
[14.489s][info][gc,start      ] GC(9) Concurrent cleanup
[14.489s][info][gc            ] GC(9) Concurrent cleanup 519M->329M(520M) 0.149ms
[14.490s][info][gc,ergo       ] Free: 381M, Max: 256K regular, 192M humongous, Frag: 50% external, 0% internal; Reserve: 38400K, Max: 256K
[14.490s][info][gc,stats      ] 
[14.490s][info][gc,stats      ] All times are wall-clock times, except per-root-class counters, that are sum over
[14.490s][info][gc,stats      ] all workers. Dividing the <total> over the root stage time estimates parallelism.
[14.490s][info][gc,stats      ] 
[14.490s][info][gc,stats      ] Concurrent Reset                   2251 us
[14.490s][info][gc,stats      ] Pause Init Mark (G)                1387 us
[14.490s][info][gc,stats      ] Pause Init Mark (N)                1172 us
[14.490s][info][gc,stats      ]   Accumulate Stats                    7 us
[14.490s][info][gc,stats      ]   Make Parsable                       5 us
[14.490s][info][gc,stats      ]   Update Region States               45 us
[14.490s][info][gc,stats      ]   Scan Roots                       1070 us, parallelism: 0.75x
[14.490s][info][gc,stats      ]     S: <total>                      804 us
[14.490s][info][gc,stats      ]     S: Thread Roots                 247 us, workers (us): 247, 
[14.490s][info][gc,stats      ]     S: Universe Roots                 2 us, workers (us):   2, 
[14.490s][info][gc,stats      ]     S: JNI Handles Roots              1 us, workers (us):   1, 
[14.490s][info][gc,stats      ]     S: Synchronizer Roots             0 us, workers (us):   0, 
[14.490s][info][gc,stats      ]     S: Management Roots               1 us, workers (us):   1, 
[14.490s][info][gc,stats      ]     S: System Dict Roots              9 us, workers (us):   9, 
[14.490s][info][gc,stats      ]     S: CLDG Roots                   542 us, workers (us): 542, 
[14.490s][info][gc,stats      ]     S: JVMTI Roots                    0 us, workers (us):   0, 
[14.490s][info][gc,stats      ]   Resize TLABs                        5 us
[14.490s][info][gc,stats      ] Concurrent Marking               153087 us
[14.490s][info][gc,stats      ] Pause Final Mark (G)               2006 us
[14.490s][info][gc,stats      ] Pause Final Mark (N)               1909 us
[14.490s][info][gc,stats      ]   Finish Queues                      14 us
[14.490s][info][gc,stats      ]   System Purge                      251 us
[14.490s][info][gc,stats      ]     Weak Roots                      251 us
[14.490s][info][gc,stats      ]   Update Region States               49 us
[14.490s][info][gc,stats      ]   Retire TLABs                        7 us
[14.490s][info][gc,stats      ]   Choose Collection Set             160 us
[14.490s][info][gc,stats      ]   Rebuild Free Set                   10 us
[14.490s][info][gc,stats      ]   Initial Evacuation               1410 us, parallelism: 0.60x
[14.490s][info][gc,stats      ]     E: <total>                      840 us
[14.490s][info][gc,stats      ]     E: Thread Roots                 227 us, workers (us): 227, 
[14.490s][info][gc,stats      ]     E: Code Cache Roots             137 us, workers (us): 137, 
[14.490s][info][gc,stats      ]     E: Universe Roots                 1 us, workers (us):   1, 
[14.490s][info][gc,stats      ]     E: JNI Handles Roots              1 us, workers (us):   1, 
[14.490s][info][gc,stats      ]     E: Synchronizer Roots             0 us, workers (us):   0, 
[14.490s][info][gc,stats      ]     E: Management Roots               2 us, workers (us):   2, 
[14.490s][info][gc,stats      ]     E: System Dict Roots             12 us, workers (us):  12, 
[14.490s][info][gc,stats      ]     E: CLDG Roots                   460 us, workers (us): 460, 
[14.490s][info][gc,stats      ]     E: JVMTI Roots                    1 us, workers (us):   1, 
[14.490s][info][gc,stats      ] Concurrent Cleanup                   58 us
[14.490s][info][gc,stats      ] Concurrent Evacuation             48135 us
[14.490s][info][gc,stats      ] Pause Init  Update Refs (G)        2198 us
[14.490s][info][gc,stats      ] Pause Init  Update Refs (N)          15 us
[14.490s][info][gc,stats      ]   Retire GCLABs                       4 us
[14.490s][info][gc,stats      ] Concurrent Update Refs           292412 us
[14.490s][info][gc,stats      ] Pause Final Update Refs (G)       12619 us
[14.490s][info][gc,stats      ] Pause Final Update Refs (N)         332 us
[14.490s][info][gc,stats      ]   Update Roots                      250 us, parallelism: 0.94x
[14.490s][info][gc,stats      ]     UR: <total>                     235 us
[14.490s][info][gc,stats      ]     UR: Thread Roots                235 us, workers (us): 235, 
[14.490s][info][gc,stats      ]   Update Region States               50 us
[14.490s][info][gc,stats      ]   Trash Collection Set                4 us
[14.490s][info][gc,stats      ]   Rebuild Free Set                   12 us
[14.490s][info][gc,stats      ] Concurrent Cleanup                   98 us
[14.490s][info][gc,stats      ] Pacing                             5110 us
[14.490s][info][gc,stats      ] 
[14.490s][info][gc,stats      ] Allocation pacing accrued:
[14.490s][info][gc,stats      ]       5 of   517 ms (  1.0%): Executor task launch worker for task 0.0 in stage 0.0 (TID 0)
[14.490s][info][gc,stats      ]       5 of   517 ms (  1.0%): <total>
[14.490s][info][gc,stats      ]       0 of   517 ms (  0.0%): <average total>
[14.490s][info][gc,stats      ]       5 of   517 ms (  1.0%): <average non-zero>
[14.490s][info][gc,stats      ] 
[14.490s][info][gc,metaspace  ] Metaspace: 55108K->55109K(1097728K)
[14.490s][info][gc,ergo       ] Pacer for Idle. Initial: 15360K, Alloc Tax Rate: 1.0x
[14.571s][info][gc            ] Trigger: Average GC time (312.47 ms) is above the time for allocation rate (658 MB/s) to deplete free headroom (203M)
[14.571s][info][gc,ergo       ] Free headroom: 241M (free) - 38400K (spike) - 0B (penalties) = 203M
[14.571s][info][gc,ergo       ] Free: 241M, Max: 256K regular, 192M humongous, Frag: 21% external, 0% internal; Reserve: 38400K, Max: 256K
[14.571s][info][gc,start      ] GC(10) Concurrent reset
[14.571s][info][gc,task       ] GC(10) Using 1 of 1 workers for concurrent reset
[14.571s][info][gc,ergo       ] GC(10) Pacer for Reset. Non-Taxable: 750M
[14.572s][info][gc            ] GC(10) Concurrent reset 0.412ms
[14.574s][info][gc,start      ] GC(10) Pause Init Mark (process weakrefs)
[14.574s][info][gc,task       ] GC(10) Using 1 of 1 workers for init marking
[14.575s][info][gc,ergo       ] GC(10) Pacer for Mark. Expected Live: 47227K, Free: 241M, Non-Taxable: 24686K, Alloc Tax Rate: 0.2x
[14.575s][info][gc            ] GC(10) Pause Init Mark (process weakrefs) 1.151ms
[14.575s][info][gc,start      ] GC(10) Concurrent marking (process weakrefs)
[14.575s][info][gc,task       ] GC(10) Using 1 of 1 workers for concurrent marking
[14.726s][info][gc            ] GC(10) Concurrent marking (process weakrefs) 150.627ms
[14.726s][info][gc,start      ] GC(10) Concurrent precleaning
[14.726s][info][gc,task       ] GC(10) Using 1 of 1 workers for concurrent preclean
[14.726s][info][gc,ergo       ] GC(10) Pacer for Precleaning. Non-Taxable: 750M
[14.726s][info][gc            ] GC(10) Concurrent precleaning 0.520ms
[14.729s][info][gc,start      ] GC(10) Pause Final Mark (process weakrefs)
[14.729s][info][gc,task       ] GC(10) Using 1 of 1 workers for final marking
[14.729s][info][gc,ergo       ] GC(10) Adaptive CSet Selection. Target Free: 106M, Actual Free: 211M, Max CSet: 32000K, Min Garbage: 0B
[14.730s][info][gc,ergo       ] GC(10) Collectable Garbage: 338M (93%), Immediate: 0B (0%), CSet: 338M (93%)
[14.732s][info][gc,ergo       ] GC(10) Pacer for Evacuation. Used CSet: 370M, Free: 173M, Non-Taxable: 17792K, Alloc Tax Rate: 5.2x
[14.732s][info][gc            ] GC(10) Pause Final Mark (process weakrefs) 3.069ms
[14.732s][info][gc,start      ] GC(10) Concurrent cleanup
[14.732s][info][gc            ] GC(10) Concurrent cleanup 537M->537M(539M) 0.083ms
[14.732s][info][gc,ergo       ] GC(10) Free: 173M, Max: 256K regular, 173M humongous, Frag: 0% external, 1% internal; Reserve: 38397K, Max: 256K
[14.732s][info][gc,start      ] GC(10) Concurrent evacuation
[14.732s][info][gc,task       ] GC(10) Using 1 of 1 workers for concurrent evacuation
[14.841s][info][gc            ] GC(10) Concurrent evacuation 108.996ms
[14.843s][info][gc,start      ] GC(10) Pause Init Update Refs
[14.844s][info][gc,ergo       ] GC(10) Pacer for Update Refs. Used: 614M, Free: 128M, Non-Taxable: 13169K, Alloc Tax Rate: 5.8x
[14.844s][info][gc            ] GC(10) Pause Init Update Refs 0.066ms
[14.844s][info][gc,start      ] GC(10) Concurrent update references
[14.844s][info][gc,task       ] GC(10) Using 1 of 1 workers for concurrent reference update
[15.102s][info][gc            ] GC(10) Concurrent update references 257.977ms
[15.104s][info][gc,start      ] GC(10) Pause Final Update Refs
[15.104s][info][gc,task       ] GC(10) Using 1 of 1 workers for final reference update
[15.104s][info][gc            ] GC(10) Pause Final Update Refs 0.442ms
[15.104s][info][gc,start      ] GC(10) Concurrent cleanup
[15.105s][info][gc            ] GC(10) Concurrent cleanup 703M->333M(705M) 0.120ms
[15.105s][info][gc,ergo       ] Free: 377M, Max: 256K regular, 40704K humongous, Frag: 90% external, 0% internal; Reserve: 38400K, Max: 256K
[15.105s][info][gc,stats      ] 
[15.105s][info][gc,stats      ] All times are wall-clock times, except per-root-class counters, that are sum over
[15.105s][info][gc,stats      ] all workers. Dividing the <total> over the root stage time estimates parallelism.
[15.105s][info][gc,stats      ] 
[15.105s][info][gc,stats      ] Concurrent Reset                    402 us
[15.105s][info][gc,stats      ] Pause Init Mark (G)                3350 us
[15.105s][info][gc,stats      ] Pause Init Mark (N)                1125 us
[15.105s][info][gc,stats      ]   Accumulate Stats                    6 us
[15.105s][info][gc,stats      ]   Make Parsable                       6 us
[15.105s][info][gc,stats      ]   Update Region States               35 us
[15.105s][info][gc,stats      ]   Scan Roots                       1033 us, parallelism: 0.75x
[15.105s][info][gc,stats      ]     S: <total>                      772 us
[15.105s][info][gc,stats      ]     S: Thread Roots                 229 us, workers (us): 229, 
[15.105s][info][gc,stats      ]     S: Universe Roots                 3 us, workers (us):   3, 
[15.105s][info][gc,stats      ]     S: JNI Handles Roots              2 us, workers (us):   2, 
[15.105s][info][gc,stats      ]     S: Synchronizer Roots             0 us, workers (us):   0, 
[15.105s][info][gc,stats      ]     S: Management Roots               2 us, workers (us):   2, 
[15.105s][info][gc,stats      ]     S: System Dict Roots             12 us, workers (us):  12, 
[15.105s][info][gc,stats      ]     S: CLDG Roots                   524 us, workers (us): 524, 
[15.105s][info][gc,stats      ]     S: JVMTI Roots                    1 us, workers (us):   1, 
[15.105s][info][gc,stats      ]   Resize TLABs                        5 us
[15.105s][info][gc,stats      ] Concurrent Marking               150611 us
[15.105s][info][gc,stats      ] Concurrent Precleaning              504 us
[15.105s][info][gc,stats      ] Pause Final Mark (G)               5486 us
[15.105s][info][gc,stats      ] Pause Final Mark (N)               3018 us
[15.105s][info][gc,stats      ]   Finish Queues                      21 us
[15.105s][info][gc,stats      ]   Weak References                   125 us
[15.105s][info][gc,stats      ]     Process                         122 us
[15.105s][info][gc,stats      ]   System Purge                      292 us
[15.105s][info][gc,stats      ]     Weak Roots                      291 us
[15.105s][info][gc,stats      ]   Update Region States               57 us
[15.105s][info][gc,stats      ]   Retire TLABs                       15 us
[15.105s][info][gc,stats      ]   Choose Collection Set             431 us
[15.105s][info][gc,stats      ]   Rebuild Free Set                   21 us
[15.105s][info][gc,stats      ]   Initial Evacuation               2045 us, parallelism: 0.60x
[15.105s][info][gc,stats      ]     E: <total>                     1235 us
[15.105s][info][gc,stats      ]     E: Thread Roots                 397 us, workers (us): 397, 
[15.105s][info][gc,stats      ]     E: Code Cache Roots             246 us, workers (us): 246, 
[15.105s][info][gc,stats      ]     E: Universe Roots                 1 us, workers (us):   1, 
[15.105s][info][gc,stats      ]     E: JNI Handles Roots              1 us, workers (us):   1, 
[15.105s][info][gc,stats      ]     E: Synchronizer Roots             1 us, workers (us):   1, 
[15.105s][info][gc,stats      ]     E: Management Roots               2 us, workers (us):   2, 
[15.105s][info][gc,stats      ]     E: System Dict Roots              9 us, workers (us):   9, 
[15.105s][info][gc,stats      ]     E: CLDG Roots                   577 us, workers (us): 577, 
[15.105s][info][gc,stats      ]     E: JVMTI Roots                    1 us, workers (us):   1, 
[15.105s][info][gc,stats      ] Concurrent Cleanup                   69 us
[15.105s][info][gc,stats      ] Concurrent Evacuation            108980 us
[15.105s][info][gc,stats      ] Pause Init  Update Refs (G)        2554 us
[15.105s][info][gc,stats      ] Pause Init  Update Refs (N)          14 us
[15.105s][info][gc,stats      ]   Retire GCLABs                       5 us
[15.105s][info][gc,stats      ] Concurrent Update Refs           257960 us
[15.105s][info][gc,stats      ] Pause Final Update Refs (G)        2643 us
[15.105s][info][gc,stats      ] Pause Final Update Refs (N)         315 us
[15.105s][info][gc,stats      ]   Update Roots                      232 us, parallelism: 0.95x
[15.105s][info][gc,stats      ]     UR: <total>                     220 us
[15.105s][info][gc,stats      ]     UR: Thread Roots                220 us, workers (us): 220, 
[15.105s][info][gc,stats      ]   Update Region States               49 us
[15.105s][info][gc,stats      ]   Trash Collection Set                8 us
[15.105s][info][gc,stats      ]   Rebuild Free Set                   10 us
[15.105s][info][gc,stats      ] Concurrent Cleanup                  109 us
[15.105s][info][gc,stats      ] Pacing                            63641 us
[15.105s][info][gc,stats      ] 
[15.105s][info][gc,stats      ] Allocation pacing accrued:
[15.105s][info][gc,stats      ]      64 of   615 ms ( 10.3%): Executor task launch worker for task 0.0 in stage 0.0 (TID 0)
[15.105s][info][gc,stats      ]      64 of   615 ms ( 10.3%): <total>
[15.105s][info][gc,stats      ]       1 of   615 ms (  0.2%): <average total>
[15.105s][info][gc,stats      ]      64 of   615 ms ( 10.3%): <average non-zero>
[15.105s][info][gc,stats      ] 
[15.105s][info][gc,metaspace  ] Metaspace: 55121K->55121K(1097728K)
[15.105s][info][gc,ergo       ] Pacer for Idle. Initial: 15360K, Alloc Tax Rate: 1.0x
[15.181s][info][gc            ] Trigger: Average GC time (401.34 ms) is above the time for allocation rate (538 MB/s) to deplete free headroom (213M)
[15.181s][info][gc,ergo       ] Free headroom: 251M (free) - 38400K (spike) - 0B (penalties) = 213M
[15.181s][info][gc,ergo       ] Free: 251M, Max: 256K regular, 40704K humongous, Frag: 85% external, 0% internal; Reserve: 38400K, Max: 256K
[15.181s][info][gc,start      ] GC(11) Concurrent reset
[15.181s][info][gc,task       ] GC(11) Using 1 of 1 workers for concurrent reset
[15.181s][info][gc,ergo       ] GC(11) Pacer for Reset. Non-Taxable: 750M
[15.182s][info][gc            ] GC(11) Concurrent reset 1.016ms
[15.185s][info][gc,start      ] GC(11) Pause Init Mark
[15.185s][info][gc,task       ] GC(11) Using 1 of 1 workers for init marking
[15.186s][info][gc,ergo       ] GC(11) Pacer for Mark. Expected Live: 65238K, Free: 251M, Non-Taxable: 25724K, Alloc Tax Rate: 0.3x
[15.186s][info][gc            ] GC(11) Pause Init Mark 1.245ms
[15.186s][info][gc,start      ] GC(11) Concurrent marking
[15.186s][info][gc,task       ] GC(11) Using 1 of 1 workers for concurrent marking
[15.366s][info][gc            ] GC(11) Concurrent marking 180.064ms
[15.366s][info][gc,start      ] GC(11) Pause Final Mark
[15.366s][info][gc,task       ] GC(11) Using 1 of 1 workers for final marking
[15.367s][info][gc,ergo       ] GC(11) Adaptive CSet Selection. Target Free: 106M, Actual Free: 224M, Max CSet: 32000K, Min Garbage: 0B
[15.367s][info][gc,ergo       ] GC(11) Collectable Garbage: 317M (99%), Immediate: 4096K (1%), CSet: 313M (98%)
[15.368s][info][gc,ergo       ] GC(11) Pacer for Evacuation. Used CSet: 342M, Free: 187M, Non-Taxable: 19211K, Alloc Tax Rate: 4.5x
[15.368s][info][gc            ] GC(11) Pause Final Mark 1.857ms
[15.368s][info][gc,start      ] GC(11) Concurrent cleanup
[15.368s][info][gc            ] GC(11) Concurrent cleanup 527M->523M(705M) 0.059ms
[15.368s][info][gc,ergo       ] GC(11) Free: 187M, Max: 256K regular, 40704K humongous, Frag: 79% external, 1% internal; Reserve: 38397K, Max: 256K
[15.368s][info][gc,start      ] GC(11) Concurrent evacuation
[15.368s][info][gc,task       ] GC(11) Using 1 of 1 workers for concurrent evacuation
[15.523s][info][gc            ] GC(11) Concurrent evacuation 155.012ms
[15.523s][info][gc,start      ] GC(11) Pause Init Update Refs
[15.523s][info][gc,ergo       ] GC(11) Pacer for Update Refs. Used: 646M, Free: 96115K, Non-Taxable: 9611K, Alloc Tax Rate: 8.4x
[15.523s][info][gc            ] GC(11) Pause Init Update Refs 0.019ms
[15.523s][info][gc,start      ] GC(11) Concurrent update references
[15.523s][info][gc,task       ] GC(11) Using 1 of 1 workers for concurrent reference update
[15.729s][info][gc            ] GC(11) Concurrent update references 205.375ms
[15.729s][info][gc,start      ] GC(11) Pause Final Update Refs
[15.729s][info][gc,task       ] GC(11) Using 1 of 1 workers for final reference update
[15.730s][info][gc            ] GC(11) Pause Final Update Refs 0.450ms
[15.730s][info][gc,start      ] GC(11) Concurrent cleanup
[15.730s][info][gc            ] GC(11) Concurrent cleanup 720M->377M(734M) 0.117ms
[15.730s][info][gc,ergo       ] Free: 333M, Max: 256K regular, 136M humongous, Frag: 59% external, 0% internal; Reserve: 38400K, Max: 256K
[15.730s][info][gc,stats      ] 
[15.730s][info][gc,stats      ] All times are wall-clock times, except per-root-class counters, that are sum over
[15.730s][info][gc,stats      ] all workers. Dividing the <total> over the root stage time estimates parallelism.
[15.730s][info][gc,stats      ] 
[15.730s][info][gc,stats      ] Concurrent Reset                   1001 us
[15.730s][info][gc,stats      ] Pause Init Mark (G)                3529 us
[15.730s][info][gc,stats      ] Pause Init Mark (N)                1217 us
[15.730s][info][gc,stats      ]   Accumulate Stats                    9 us
[15.730s][info][gc,stats      ]   Make Parsable                      12 us
[15.730s][info][gc,stats      ]   Update Region States               54 us
[15.730s][info][gc,stats      ]   Scan Roots                       1094 us, parallelism: 0.74x
[15.730s][info][gc,stats      ]     S: <total>                      815 us
[15.730s][info][gc,stats      ]     S: Thread Roots                 274 us, workers (us): 274, 
[15.730s][info][gc,stats      ]     S: Universe Roots                 2 us, workers (us):   2, 
[15.730s][info][gc,stats      ]     S: JNI Handles Roots              1 us, workers (us):   1, 
[15.730s][info][gc,stats      ]     S: Synchronizer Roots             0 us, workers (us):   0, 
[15.730s][info][gc,stats      ]     S: Management Roots               2 us, workers (us):   2, 
[15.730s][info][gc,stats      ]     S: System Dict Roots             10 us, workers (us):  10, 
[15.730s][info][gc,stats      ]     S: CLDG Roots                   526 us, workers (us): 526, 
[15.730s][info][gc,stats      ]     S: JVMTI Roots                    1 us, workers (us):   1, 
[15.730s][info][gc,stats      ]   Resize TLABs                        5 us
[15.730s][info][gc,stats      ] Concurrent Marking               180045 us
[15.730s][info][gc,stats      ] Pause Final Mark (G)               1929 us
[15.730s][info][gc,stats      ] Pause Final Mark (N)               1839 us
[15.730s][info][gc,stats      ]   Finish Queues                      11 us
[15.730s][info][gc,stats      ]   System Purge                      227 us
[15.730s][info][gc,stats      ]     Weak Roots                      226 us
[15.730s][info][gc,stats      ]   Update Region States               39 us
[15.730s][info][gc,stats      ]   Retire TLABs                        5 us
[15.730s][info][gc,stats      ]   Choose Collection Set             229 us
[15.730s][info][gc,stats      ]   Rebuild Free Set                   10 us
[15.730s][info][gc,stats      ]   Initial Evacuation               1311 us, parallelism: 0.59x
[15.730s][info][gc,stats      ]     E: <total>                      779 us
[15.730s][info][gc,stats      ]     E: Thread Roots                 213 us, workers (us): 213, 
[15.730s][info][gc,stats      ]     E: Code Cache Roots             134 us, workers (us): 134, 
[15.730s][info][gc,stats      ]     E: Universe Roots                 1 us, workers (us):   1, 
[15.730s][info][gc,stats      ]     E: JNI Handles Roots              1 us, workers (us):   1, 
[15.730s][info][gc,stats      ]     E: Synchronizer Roots             0 us, workers (us):   0, 
[15.730s][info][gc,stats      ]     E: Management Roots               1 us, workers (us):   1, 
[15.730s][info][gc,stats      ]     E: System Dict Roots              9 us, workers (us):   9, 
[15.730s][info][gc,stats      ]     E: CLDG Roots                   419 us, workers (us): 419, 
[15.730s][info][gc,stats      ]     E: JVMTI Roots                    1 us, workers (us):   1, 
[15.730s][info][gc,stats      ] Concurrent Cleanup                   51 us
[15.730s][info][gc,stats      ] Concurrent Evacuation            155001 us
[15.730s][info][gc,stats      ] Pause Init  Update Refs (G)         133 us
[15.730s][info][gc,stats      ] Pause Init  Update Refs (N)           9 us
[15.730s][info][gc,stats      ]   Retire GCLABs                       3 us
[15.730s][info][gc,stats      ] Concurrent Update Refs           205360 us
[15.730s][info][gc,stats      ] Pause Final Update Refs (G)         606 us
[15.730s][info][gc,stats      ] Pause Final Update Refs (N)         329 us
[15.730s][info][gc,stats      ]   Update Roots                      244 us, parallelism: 0.95x
[15.730s][info][gc,stats      ]     UR: <total>                     231 us
[15.730s][info][gc,stats      ]     UR: Thread Roots                231 us, workers (us): 231, 
[15.730s][info][gc,stats      ]   Update Region States               51 us
[15.730s][info][gc,stats      ]   Trash Collection Set                7 us
[15.730s][info][gc,stats      ]   Rebuild Free Set                   10 us
[15.730s][info][gc,stats      ] Concurrent Cleanup                  108 us
[15.730s][info][gc,stats      ] Pacing                           189819 us
[15.730s][info][gc,stats      ] 
[15.730s][info][gc,stats      ] Allocation pacing accrued:
[15.730s][info][gc,stats      ]     190 of   625 ms ( 30.4%): Executor task launch worker for task 0.0 in stage 0.0 (TID 0)
[15.730s][info][gc,stats      ]     190 of   625 ms ( 30.4%): <total>
[15.730s][info][gc,stats      ]       4 of   625 ms (  0.6%): <average total>
[15.730s][info][gc,stats      ]     190 of   625 ms ( 30.4%): <average non-zero>
[15.730s][info][gc,stats      ] 
[15.730s][info][gc,metaspace  ] Metaspace: 55124K->55124K(1097728K)
[15.730s][info][gc,ergo       ] Pacer for Idle. Initial: 15360K, Alloc Tax Rate: 1.0x
[15.768s][info][gc            ] Trigger: Average GC time (457.20 ms) is above the time for allocation rate (510 MB/s) to deplete free headroom (232M)
[15.768s][info][gc,ergo       ] Free headroom: 270M (free) - 38400K (spike) - 0B (penalties) = 232M
[15.768s][info][gc,ergo       ] Free: 270M, Max: 256K regular, 136M humongous, Frag: 50% external, 0% internal; Reserve: 38400K, Max: 256K
[15.768s][info][gc,start      ] GC(12) Concurrent reset
[15.768s][info][gc,task       ] GC(12) Using 1 of 1 workers for concurrent reset
[15.768s][info][gc,ergo       ] GC(12) Pacer for Reset. Non-Taxable: 750M
[15.769s][info][gc            ] GC(12) Concurrent reset 0.930ms
[15.771s][info][gc,start      ] GC(12) Pause Init Mark
[15.771s][info][gc,task       ] GC(12) Using 1 of 1 workers for init marking
[15.772s][info][gc,ergo       ] GC(12) Pacer for Mark. Expected Live: 87362K, Free: 270M, Non-Taxable: 27671K, Alloc Tax Rate: 0.4x
[15.772s][info][gc            ] GC(12) Pause Init Mark 1.025ms
[15.772s][info][gc,start      ] GC(12) Concurrent marking
[15.772s][info][gc,task       ] GC(12) Using 1 of 1 workers for concurrent marking
[16.270s][info][gc            ] GC(12) Concurrent marking 498.184ms
[16.273s][info][gc,start      ] GC(12) Pause Final Mark
[16.273s][info][gc,task       ] GC(12) Using 1 of 1 workers for final marking
[16.273s][info][gc,ergo       ] GC(12) Adaptive CSet Selection. Target Free: 106M, Actual Free: 245M, Max CSet: 32000K, Min Garbage: 0B
[16.274s][info][gc,ergo       ] GC(12) Collectable Garbage: 273M (99%), Immediate: 0B (0%), CSet: 273M (99%)
[16.276s][info][gc,ergo       ] GC(12) Pacer for Evacuation. Used CSet: 299M, Free: 207M, Non-Taxable: 21277K, Alloc Tax Rate: 3.5x
[16.276s][info][gc            ] GC(12) Pause Final Mark 2.630ms
[16.276s][info][gc,start      ] GC(12) Concurrent cleanup
[16.276s][info][gc            ] GC(12) Concurrent cleanup 502M->502M(734M) 0.067ms
[16.276s][info][gc,ergo       ] GC(12) Free: 207M, Max: 256K regular, 136M humongous, Frag: 35% external, 2% internal; Reserve: 38400K, Max: 256K
[16.276s][info][gc,start      ] GC(12) Concurrent evacuation
[16.276s][info][gc,task       ] GC(12) Using 1 of 1 workers for concurrent evacuation
[16.456s][info][gc            ] GC(12) Concurrent evacuation 179.994ms
[16.456s][info][gc,start      ] GC(12) Pause Init Update Refs
[16.456s][info][gc,ergo       ] GC(12) Pacer for Update Refs. Used: 533M, Free: 202M, Non-Taxable: 20722K, Alloc Tax Rate: 3.2x
[16.456s][info][gc            ] GC(12) Pause Init Update Refs 0.021ms
[16.456s][info][gc,start      ] GC(12) Concurrent update references
[16.456s][info][gc,task       ] GC(12) Using 1 of 1 workers for concurrent reference update
[16.995s][info][gc            ] GC(12) Concurrent update references 538.544ms
[16.998s][info][gc,start      ] GC(12) Pause Final Update Refs
[16.998s][info][gc,task       ] GC(12) Using 1 of 1 workers for final reference update
[16.999s][info][gc            ] GC(12) Pause Final Update Refs 0.577ms
[16.999s][info][gc,start      ] GC(12) Concurrent cleanup
[16.999s][info][gc            ] GC(12) Concurrent cleanup 555M->256M(750M) 0.132ms
[16.999s][info][gc,ergo       ] Free: 453M, Max: 256K regular, 248M humongous, Frag: 46% external, 1% internal; Reserve: 38400K, Max: 256K
[16.999s][info][gc,stats      ] 
[16.999s][info][gc,stats      ] All times are wall-clock times, except per-root-class counters, that are sum over
[16.999s][info][gc,stats      ] all workers. Dividing the <total> over the root stage time estimates parallelism.
[16.999s][info][gc,stats      ] 
[16.999s][info][gc,stats      ] Concurrent Reset                    867 us
[16.999s][info][gc,stats      ] Pause Init Mark (G)                3156 us
[16.999s][info][gc,stats      ] Pause Init Mark (N)                1008 us
[16.999s][info][gc,stats      ]   Accumulate Stats                    6 us
[16.999s][info][gc,stats      ]   Make Parsable                       7 us
[16.999s][info][gc,stats      ]   Update Region States               35 us
[16.999s][info][gc,stats      ]   Scan Roots                        934 us, parallelism: 0.76x
[16.999s][info][gc,stats      ]     S: <total>                      705 us
[16.999s][info][gc,stats      ]     S: Thread Roots                 230 us, workers (us): 230, 
[16.999s][info][gc,stats      ]     S: Universe Roots                 3 us, workers (us):   3, 
[16.999s][info][gc,stats      ]     S: JNI Handles Roots              2 us, workers (us):   2, 
[16.999s][info][gc,stats      ]     S: Synchronizer Roots             0 us, workers (us):   0, 
[16.999s][info][gc,stats      ]     S: Management Roots               1 us, workers (us):   1, 
[16.999s][info][gc,stats      ]     S: System Dict Roots             12 us, workers (us):  12, 
[16.999s][info][gc,stats      ]     S: CLDG Roots                   457 us, workers (us): 457, 
[16.999s][info][gc,stats      ]     S: JVMTI Roots                    1 us, workers (us):   1, 
[16.999s][info][gc,stats      ]   Resize TLABs                        3 us
[16.999s][info][gc,stats      ] Concurrent Marking               498176 us
[16.999s][info][gc,stats      ] Pause Final Mark (G)               2799 us
[16.999s][info][gc,stats      ] Pause Final Mark (N)               2548 us
[16.999s][info][gc,stats      ]   Finish Queues                      20 us
[16.999s][info][gc,stats      ]   System Purge                      259 us
[16.999s][info][gc,stats      ]     Weak Roots                      259 us
[16.999s][info][gc,stats      ]   Update Region States               51 us
[16.999s][info][gc,stats      ]   Retire TLABs                       10 us
[16.999s][info][gc,stats      ]   Choose Collection Set             208 us
[16.999s][info][gc,stats      ]   Rebuild Free Set                   10 us
[16.999s][info][gc,stats      ]   Initial Evacuation               1976 us, parallelism: 0.68x
[16.999s][info][gc,stats      ]     E: <total>                     1344 us
[16.999s][info][gc,stats      ]     E: Thread Roots                 747 us, workers (us): 747, 
[16.999s][info][gc,stats      ]     E: Code Cache Roots             146 us, workers (us): 146, 
[16.999s][info][gc,stats      ]     E: Universe Roots                 1 us, workers (us):   1, 
[16.999s][info][gc,stats      ]     E: JNI Handles Roots              1 us, workers (us):   1, 
[16.999s][info][gc,stats      ]     E: Synchronizer Roots             0 us, workers (us):   0, 
[16.999s][info][gc,stats      ]     E: Management Roots               2 us, workers (us):   2, 
[16.999s][info][gc,stats      ]     E: System Dict Roots             10 us, workers (us):  10, 
[16.999s][info][gc,stats      ]     E: CLDG Roots                   436 us, workers (us): 436, 
[16.999s][info][gc,stats      ]     E: JVMTI Roots                    1 us, workers (us):   1, 
[16.999s][info][gc,stats      ] Concurrent Cleanup                   56 us
[16.999s][info][gc,stats      ] Concurrent Evacuation            179983 us
[16.999s][info][gc,stats      ] Pause Init  Update Refs (G)         164 us
[16.999s][info][gc,stats      ] Pause Init  Update Refs (N)          10 us
[16.999s][info][gc,stats      ]   Retire GCLABs                       3 us
[16.999s][info][gc,stats      ] Concurrent Update Refs           538529 us
[16.999s][info][gc,stats      ] Pause Final Update Refs (G)        3860 us
[16.999s][info][gc,stats      ] Pause Final Update Refs (N)         452 us
[16.999s][info][gc,stats      ]   Update Roots                      348 us, parallelism: 0.97x
[16.999s][info][gc,stats      ]     UR: <total>                     337 us
[16.999s][info][gc,stats      ]     UR: Thread Roots                337 us, workers (us): 337, 
[16.999s][info][gc,stats      ]   Update Region States               55 us
[16.999s][info][gc,stats      ]   Trash Collection Set               11 us
[16.999s][info][gc,stats      ]   Rebuild Free Set                   17 us
[16.999s][info][gc,stats      ] Concurrent Cleanup                  121 us
[16.999s][info][gc,stats      ] Pacing                            18715 us
[16.999s][info][gc,stats      ] 
[16.999s][info][gc,stats      ] Allocation pacing accrued:
[16.999s][info][gc,stats      ]      10 of  1269 ms (  0.8%): main
[16.999s][info][gc,stats      ]       9 of  1269 ms (  0.7%): Executor task launch worker for task 0.0 in stage 1.0 (TID 1)
[16.999s][info][gc,stats      ]      19 of  1269 ms (  1.5%): <total>
[16.999s][info][gc,stats      ]       0 of  1269 ms (  0.0%): <average total>
[16.999s][info][gc,stats      ]       9 of  1269 ms (  0.7%): <average non-zero>
[16.999s][info][gc,stats      ] 
[16.999s][info][gc,metaspace  ] Metaspace: 55124K->57115K(1099776K)
[16.999s][info][gc,ergo       ] Pacer for Idle. Initial: 15360K, Alloc Tax Rate: 1.0x
[18.614s][info][gc            ] Trigger: Average GC time (632.72 ms) is above the time for allocation rate (146 MB/s) to deplete free headroom (93448K)
[18.614s][info][gc,ergo       ] Free headroom: 128M (free) - 38400K (spike) - 0B (penalties) = 93448K
[18.614s][info][gc,ergo       ] Free: 128M, Max: 256K regular, 128M humongous, Frag: 0% external, 1% internal; Reserve: 38400K, Max: 256K
[18.615s][info][gc,start      ] GC(13) Concurrent reset
[18.615s][info][gc,task       ] GC(13) Using 1 of 1 workers for concurrent reset
[18.615s][info][gc,ergo       ] GC(13) Pacer for Reset. Non-Taxable: 750M
[18.615s][info][gc            ] GC(13) Concurrent reset 0.862ms
[18.618s][info][gc,start      ] GC(13) Pause Init Mark
[18.618s][info][gc,task       ] GC(13) Using 1 of 1 workers for init marking
[18.619s][info][gc,ergo       ] GC(13) Pacer for Mark. Expected Live: 109M, Free: 128M, Non-Taxable: 13184K, Alloc Tax Rate: 1.0x
[18.619s][info][gc            ] GC(13) Pause Init Mark 1.145ms
[18.619s][info][gc,start      ] GC(13) Concurrent marking
[18.619s][info][gc,task       ] GC(13) Using 1 of 1 workers for concurrent marking
[18.769s][info][gc            ] GC(13) Concurrent marking 150.069ms
[18.770s][info][gc,start      ] GC(13) Pause Final Mark
[18.770s][info][gc,task       ] GC(13) Using 1 of 1 workers for final marking
[18.771s][info][gc,ergo       ] GC(13) Adaptive CSet Selection. Target Free: 106M, Actual Free: 495M, Max CSet: 32000K, Min Garbage: 0B
[18.771s][info][gc,ergo       ] GC(13) Collectable Garbage: 411M (99%), Immediate: 354M (85%), CSet: 58527K (13%)
[18.773s][info][gc,ergo       ] GC(13) Pacer for Evacuation. Used CSet: 63742K, Free: 459M, Non-Taxable: 47001K, Alloc Tax Rate: 1.1x
[18.773s][info][gc            ] GC(13) Pause Final Mark 2.667ms
[18.777s][info][gc,start      ] GC(13) Concurrent cleanup
[18.777s][info][gc            ] GC(13) Concurrent cleanup 607M->255M(750M) 0.158ms
[18.777s][info][gc,ergo       ] GC(13) Free: 456M, Max: 256K regular, 133M humongous, Frag: 71% external, 0% internal; Reserve: 38258K, Max: 256K
[18.777s][info][gc,start      ] GC(13) Concurrent evacuation
[18.777s][info][gc,task       ] GC(13) Using 1 of 1 workers for concurrent evacuation
[18.788s][info][gc            ] GC(13) Concurrent evacuation 11.549ms
[18.791s][info][gc,start      ] GC(13) Pause Init Update Refs
[18.791s][info][gc,ergo       ] GC(13) Pacer for Update Refs. Used: 263M, Free: 453M, Non-Taxable: 46387K, Alloc Tax Rate: 1.1x
[18.791s][info][gc            ] GC(13) Pause Init Update Refs 0.028ms
[18.791s][info][gc,start      ] GC(13) Concurrent update references
[18.791s][info][gc,task       ] GC(13) Using 1 of 1 workers for concurrent reference update
[19.462s][info][gc            ] GC(13) Concurrent update references 671.134ms
[19.468s][info][gc,start      ] GC(13) Pause Final Update Refs
[19.468s][info][gc,task       ] GC(13) Using 1 of 1 workers for final reference update
[19.468s][info][gc            ] GC(13) Pause Final Update Refs 0.310ms
[19.468s][info][gc,start      ] GC(13) Concurrent cleanup
[19.469s][info][gc            ] GC(13) Concurrent cleanup 341M->278M(750M) 0.066ms
[19.469s][info][gc,ergo       ] Free: 432M, Max: 256K regular, 267M humongous, Frag: 39% external, 0% internal; Reserve: 38400K, Max: 256K
[19.469s][info][gc,stats      ] 
[19.469s][info][gc,stats      ] All times are wall-clock times, except per-root-class counters, that are sum over
[19.469s][info][gc,stats      ] all workers. Dividing the <total> over the root stage time estimates parallelism.
[19.469s][info][gc,stats      ] 
[19.469s][info][gc,stats      ] Concurrent Reset                    829 us
[19.469s][info][gc,stats      ] Pause Init Mark (G)                3289 us
[19.469s][info][gc,stats      ] Pause Init Mark (N)                1126 us
[19.469s][info][gc,stats      ]   Accumulate Stats                    7 us
[19.469s][info][gc,stats      ]   Make Parsable                      10 us
[19.469s][info][gc,stats      ]   Update Region States               33 us
[19.469s][info][gc,stats      ]   Scan Roots                       1042 us, parallelism: 0.75x
[19.469s][info][gc,stats      ]     S: <total>                      779 us
[19.469s][info][gc,stats      ]     S: Thread Roots                 218 us, workers (us): 218, 
[19.469s][info][gc,stats      ]     S: Universe Roots                 2 us, workers (us):   2, 
[19.469s][info][gc,stats      ]     S: JNI Handles Roots              1 us, workers (us):   1, 
[19.469s][info][gc,stats      ]     S: Synchronizer Roots             0 us, workers (us):   0, 
[19.469s][info][gc,stats      ]     S: Management Roots               1 us, workers (us):   1, 
[19.469s][info][gc,stats      ]     S: System Dict Roots             12 us, workers (us):  12, 
[19.469s][info][gc,stats      ]     S: CLDG Roots                   543 us, workers (us): 543, 
[19.469s][info][gc,stats      ]     S: JVMTI Roots                    0 us, workers (us):   0, 
[19.469s][info][gc,stats      ]   Resize TLABs                        4 us
[19.469s][info][gc,stats      ] Concurrent Marking               150061 us
[19.469s][info][gc,stats      ] Pause Final Mark (G)               6534 us
[19.469s][info][gc,stats      ] Pause Final Mark (N)               2644 us
[19.469s][info][gc,stats      ]   Finish Queues                      14 us
[19.469s][info][gc,stats      ]   System Purge                      353 us
[19.469s][info][gc,stats      ]     Weak Roots                      352 us
[19.469s][info][gc,stats      ]   Update Region States               50 us
[19.469s][info][gc,stats      ]   Retire TLABs                        7 us
[19.469s][info][gc,stats      ]   Choose Collection Set             151 us
[19.469s][info][gc,stats      ]   Rebuild Free Set                   15 us
[19.469s][info][gc,stats      ]   Initial Evacuation               2047 us, parallelism: 0.59x
[19.469s][info][gc,stats      ]     E: <total>                     1200 us
[19.469s][info][gc,stats      ]     E: Thread Roots                 322 us, workers (us): 322, 
[19.469s][info][gc,stats      ]     E: Code Cache Roots             258 us, workers (us): 258, 
[19.469s][info][gc,stats      ]     E: Universe Roots                 1 us, workers (us):   1, 
[19.469s][info][gc,stats      ]     E: JNI Handles Roots              1 us, workers (us):   1, 
[19.469s][info][gc,stats      ]     E: Synchronizer Roots             0 us, workers (us):   0, 
[19.469s][info][gc,stats      ]     E: Management Roots               2 us, workers (us):   2, 
[19.469s][info][gc,stats      ]     E: System Dict Roots             14 us, workers (us):  14, 
[19.469s][info][gc,stats      ]     E: CLDG Roots                   601 us, workers (us): 601, 
[19.469s][info][gc,stats      ]     E: JVMTI Roots                    1 us, workers (us):   1, 
[19.469s][info][gc,stats      ] Concurrent Cleanup                  134 us
[19.469s][info][gc,stats      ] Concurrent Evacuation             11536 us
[19.469s][info][gc,stats      ] Pause Init  Update Refs (G)        2723 us
[19.469s][info][gc,stats      ] Pause Init  Update Refs (N)          10 us
[19.469s][info][gc,stats      ]   Retire GCLABs                       3 us
[19.469s][info][gc,stats      ] Concurrent Update Refs           671121 us
[19.469s][info][gc,stats      ] Pause Final Update Refs (G)        3211 us
[19.469s][info][gc,stats      ] Pause Final Update Refs (N)         277 us
[19.469s][info][gc,stats      ]   Update Roots                      204 us, parallelism: 0.96x
[19.469s][info][gc,stats      ]     UR: <total>                     195 us
[19.469s][info][gc,stats      ]     UR: Thread Roots                195 us, workers (us): 195, 
[19.469s][info][gc,stats      ]   Update Region States               53 us
[19.469s][info][gc,stats      ]   Trash Collection Set                3 us
[19.469s][info][gc,stats      ]   Rebuild Free Set                   10 us
[19.469s][info][gc,stats      ] Concurrent Cleanup                   59 us
[19.469s][info][gc,stats      ] Pacing                            86051 us
[19.469s][info][gc,stats      ] 
[19.469s][info][gc,stats      ] Allocation pacing accrued:
[19.469s][info][gc,stats      ]      86 of  2470 ms (  3.5%): Executor task launch worker for task 0.0 in stage 1.0 (TID 1)
[19.469s][info][gc,stats      ]      86 of  2470 ms (  3.5%): <total>
[19.469s][info][gc,stats      ]       2 of  2470 ms (  0.1%): <average total>
[19.469s][info][gc,stats      ]      86 of  2470 ms (  3.5%): <average non-zero>
[19.469s][info][gc,stats      ] 
[19.469s][info][gc,metaspace  ] Metaspace: 57119K->57618K(1099776K)
[19.469s][info][gc,ergo       ] Pacer for Idle. Initial: 15360K, Alloc Tax Rate: 1.0x
[20.269s][info][gc            ] Trigger: Average GC time (736.39 ms) is above the time for allocation rate (211 MB/s) to deplete free headroom (155M)
[20.270s][info][gc,ergo       ] Free headroom: 192M (free) - 38400K (spike) - 0B (penalties) = 155M
[20.270s][info][gc,ergo       ] Free: 192M, Max: 256K regular, 106M humongous, Frag: 45% external, 1% internal; Reserve: 38400K, Max: 256K
[20.270s][info][gc,start      ] GC(14) Concurrent reset
[20.270s][info][gc,task       ] GC(14) Using 1 of 1 workers for concurrent reset
[20.270s][info][gc,ergo       ] GC(14) Pacer for Reset. Non-Taxable: 750M
[20.270s][info][gc            ] GC(14) Concurrent reset 0.395ms
[20.272s][info][gc,start      ] GC(14) Pause Init Mark
[20.272s][info][gc,task       ] GC(14) Using 1 of 1 workers for init marking
[20.274s][info][gc,ergo       ] GC(14) Pacer for Mark. Expected Live: 131M, Free: 192M, Non-Taxable: 19737K, Alloc Tax Rate: 0.8x
[20.274s][info][gc            ] GC(14) Pause Init Mark 1.173ms
[20.274s][info][gc,start      ] GC(14) Concurrent marking
[20.274s][info][gc,task       ] GC(14) Using 1 of 1 workers for concurrent marking
[20.550s][info][gc            ] GC(14) Concurrent marking 276.054ms
[20.550s][info][gc,start      ] GC(14) Pause Final Mark
[20.553s][info][gc,task       ] GC(14) Using 1 of 1 workers for final marking
[20.553s][info][gc,ergo       ] GC(14) Collectable Garbage: 345M (98%), Immediate: 345M (98%), CSet: 0B (0%)
[20.553s][info][gc            ] GC(14) Pause Final Mark 2.875ms
[20.562s][info][gc,start      ] GC(14) Concurrent cleanup
[20.562s][info][gc            ] GC(14) Concurrent cleanup 552M->210M(750M) 0.164ms
[20.562s][info][gc,ergo       ] GC(14) Free: 501M, Max: 256K regular, 184M humongous, Frag: 64% external, 0% internal; Reserve: 38400K, Max: 256K
[20.562s][info][gc,ergo       ] Free: 501M, Max: 256K regular, 184M humongous, Frag: 64% external, 0% internal; Reserve: 38400K, Max: 256K
[20.562s][info][gc,stats      ] 
[20.562s][info][gc,stats      ] All times are wall-clock times, except per-root-class counters, that are sum over
[20.562s][info][gc,stats      ] all workers. Dividing the <total> over the root stage time estimates parallelism.
[20.562s][info][gc,stats      ] 
[20.562s][info][gc,stats      ] Concurrent Reset                    386 us
[20.562s][info][gc,stats      ] Pause Init Mark (G)                3542 us
[20.562s][info][gc,stats      ] Pause Init Mark (N)                1150 us
[20.562s][info][gc,stats      ]   Accumulate Stats                    7 us
[20.562s][info][gc,stats      ]   Make Parsable                      10 us
[20.562s][info][gc,stats      ]   Update Region States               37 us
[20.562s][info][gc,stats      ]   Scan Roots                       1065 us, parallelism: 0.75x
[20.562s][info][gc,stats      ]     S: <total>                      794 us
[20.562s][info][gc,stats      ]     S: Thread Roots                 274 us, workers (us): 274, 
[20.562s][info][gc,stats      ]     S: Universe Roots                 3 us, workers (us):   3, 
[20.562s][info][gc,stats      ]     S: JNI Handles Roots              2 us, workers (us):   2, 
[20.562s][info][gc,stats      ]     S: Synchronizer Roots             0 us, workers (us):   0, 
[20.562s][info][gc,stats      ]     S: Management Roots               1 us, workers (us):   1, 
[20.562s][info][gc,stats      ]     S: System Dict Roots             12 us, workers (us):  12, 
[20.562s][info][gc,stats      ]     S: CLDG Roots                   502 us, workers (us): 502, 
[20.562s][info][gc,stats      ]     S: JVMTI Roots                    1 us, workers (us):   1, 
[20.562s][info][gc,stats      ]   Resize TLABs                        3 us
[20.562s][info][gc,stats      ] Concurrent Marking               276045 us
[20.562s][info][gc,stats      ] Pause Final Mark (G)              11820 us
[20.562s][info][gc,stats      ] Pause Final Mark (N)                405 us
[20.562s][info][gc,stats      ]   Finish Queues                      18 us
[20.562s][info][gc,stats      ]   System Purge                      283 us
[20.562s][info][gc,stats      ]     Weak Roots                      283 us
[20.562s][info][gc,stats      ]   Update Region States               49 us
[20.562s][info][gc,stats      ]   Retire TLABs                        7 us
[20.562s][info][gc,stats      ]   Choose Collection Set              20 us
[20.562s][info][gc,stats      ]   Rebuild Free Set                    9 us
[20.562s][info][gc,stats      ] Concurrent Cleanup                  111 us
[20.562s][info][gc,stats      ] Pacing                           112655 us
[20.562s][info][gc,stats      ] 
[20.562s][info][gc,stats      ] Allocation pacing accrued:
[20.562s][info][gc,stats      ]     113 of  1093 ms ( 10.3%): Executor task launch worker for task 0.0 in stage 1.0 (TID 1)
[20.562s][info][gc,stats      ]     113 of  1093 ms ( 10.3%): <total>
[20.562s][info][gc,stats      ]       2 of  1093 ms (  0.2%): <average total>
[20.562s][info][gc,stats      ]     113 of  1093 ms ( 10.3%): <average non-zero>
[20.562s][info][gc,stats      ] 
[20.562s][info][gc,metaspace  ] Metaspace: 57618K->57618K(1099776K)
[20.562s][info][gc,ergo       ] Pacer for Idle. Initial: 15360K, Alloc Tax Rate: 1.0x
[21.311s][info][gc            ] Trigger: Average GC time (691.78 ms) is above the time for allocation rate (289 MB/s) to deplete free headroom (199M)
[21.311s][info][gc,ergo       ] Free headroom: 237M (free) - 38400K (spike) - 0B (penalties) = 199M
[21.311s][info][gc,ergo       ] Free: 237M, Max: 256K regular, 184M humongous, Frag: 23% external, 0% internal; Reserve: 38400K, Max: 256K
[21.311s][info][gc,start      ] GC(15) Concurrent reset
[21.311s][info][gc,task       ] GC(15) Using 1 of 1 workers for concurrent reset
[21.311s][info][gc,ergo       ] GC(15) Pacer for Reset. Non-Taxable: 750M
[21.312s][info][gc            ] GC(15) Concurrent reset 0.300ms
[21.320s][info][gc,start      ] GC(15) Pause Init Mark (process weakrefs)
[21.320s][info][gc,task       ] GC(15) Using 1 of 1 workers for init marking
[21.321s][info][gc,ergo       ] GC(15) Pacer for Mark. Expected Live: 149M, Free: 237M, Non-Taxable: 24268K, Alloc Tax Rate: 0.8x
[21.321s][info][gc            ] GC(15) Pause Init Mark (process weakrefs) 1.221ms
[21.321s][info][gc,start      ] GC(15) Concurrent marking (process weakrefs)
[21.321s][info][gc,task       ] GC(15) Using 1 of 1 workers for concurrent marking
[21.693s][info][gc            ] GC(15) Concurrent marking (process weakrefs) 371.945ms
[21.693s][info][gc,start      ] GC(15) Concurrent precleaning
[21.693s][info][gc,task       ] GC(15) Using 1 of 1 workers for concurrent preclean
[21.693s][info][gc,ergo       ] GC(15) Pacer for Precleaning. Non-Taxable: 750M
[21.694s][info][gc            ] GC(15) Concurrent precleaning 0.548ms
[21.694s][info][gc,start      ] GC(15) Pause Final Mark (process weakrefs)
[21.694s][info][gc,task       ] GC(15) Using 1 of 1 workers for final marking
[21.694s][info][gc,ergo       ] GC(15) Collectable Garbage: 301M (98%), Immediate: 301M (98%), CSet: 0B (0%)
[21.694s][info][gc            ] GC(15) Pause Final Mark (process weakrefs) 0.440ms
[21.694s][info][gc,start      ] GC(15) Concurrent cleanup
[21.694s][info][gc            ] GC(15) Concurrent cleanup 514M->213M(750M) 0.102ms
[21.694s][info][gc,ergo       ] GC(15) Free: 498M, Max: 256K regular, 231M humongous, Frag: 54% external, 0% internal; Reserve: 38400K, Max: 256K
[21.694s][info][gc,ergo       ] Free: 498M, Max: 256K regular, 231M humongous, Frag: 54% external, 0% internal; Reserve: 38400K, Max: 256K
[21.695s][info][gc,stats      ] 
[21.695s][info][gc,stats      ] All times are wall-clock times, except per-root-class counters, that are sum over
[21.695s][info][gc,stats      ] all workers. Dividing the <total> over the root stage time estimates parallelism.
[21.695s][info][gc,stats      ] 
[21.695s][info][gc,stats      ] Concurrent Reset                    291 us
[21.695s][info][gc,stats      ] Pause Init Mark (G)                9704 us
[21.695s][info][gc,stats      ] Pause Init Mark (N)                1174 us
[21.695s][info][gc,stats      ]   Accumulate Stats                    7 us
[21.695s][info][gc,stats      ]   Make Parsable                       7 us
[21.695s][info][gc,stats      ]   Update Region States               57 us
[21.695s][info][gc,stats      ]   Scan Roots                       1062 us, parallelism: 0.75x
[21.695s][info][gc,stats      ]     S: <total>                      796 us
[21.695s][info][gc,stats      ]     S: Thread Roots                 232 us, workers (us): 232, 
[21.695s][info][gc,stats      ]     S: Universe Roots                 2 us, workers (us):   2, 
[21.695s][info][gc,stats      ]     S: JNI Handles Roots              2 us, workers (us):   2, 
[21.695s][info][gc,stats      ]     S: Synchronizer Roots             0 us, workers (us):   0, 
[21.695s][info][gc,stats      ]     S: Management Roots               2 us, workers (us):   2, 
[21.695s][info][gc,stats      ]     S: System Dict Roots             11 us, workers (us):  11, 
[21.695s][info][gc,stats      ]     S: CLDG Roots                   546 us, workers (us): 546, 
[21.695s][info][gc,stats      ]     S: JVMTI Roots                    1 us, workers (us):   1, 
[21.695s][info][gc,stats      ]   Resize TLABs                        4 us
[21.695s][info][gc,stats      ] Concurrent Marking               371935 us
[21.695s][info][gc,stats      ] Concurrent Precleaning              534 us
[21.695s][info][gc,stats      ] Pause Final Mark (G)                511 us
[21.695s][info][gc,stats      ] Pause Final Mark (N)                432 us
[21.695s][info][gc,stats      ]   Finish Queues                       8 us
[21.695s][info][gc,stats      ]   Weak References                    40 us
[21.695s][info][gc,stats      ]     Process                          38 us
[21.695s][info][gc,stats      ]   System Purge                      279 us
[21.695s][info][gc,stats      ]     Weak Roots                      279 us
[21.695s][info][gc,stats      ]   Update Region States               49 us
[21.695s][info][gc,stats      ]   Retire TLABs                        9 us
[21.695s][info][gc,stats      ]   Choose Collection Set              33 us
[21.695s][info][gc,stats      ]   Rebuild Free Set                   10 us
[21.695s][info][gc,stats      ] Concurrent Cleanup                   94 us
[21.695s][info][gc,stats      ] Pacing                           137215 us
[21.695s][info][gc,stats      ] 
[21.695s][info][gc,stats      ] Allocation pacing accrued:
[21.695s][info][gc,stats      ]      18 of  1133 ms (  1.5%): RemoteBlock-temp-file-clean-thread
[21.695s][info][gc,stats      ]     120 of  1133 ms ( 10.6%): Executor task launch worker for task 0.0 in stage 1.0 (TID 1)
[21.695s][info][gc,stats      ]     137 of  1133 ms ( 12.1%): <total>
[21.695s][info][gc,stats      ]       3 of  1133 ms (  0.2%): <average total>
[21.695s][info][gc,stats      ]      69 of  1133 ms (  6.1%): <average non-zero>
[21.695s][info][gc,stats      ] 
[21.695s][info][gc,metaspace  ] Metaspace: 57618K->57618K(1099776K)
[21.695s][info][gc,ergo       ] Pacer for Idle. Initial: 15360K, Alloc Tax Rate: 1.0x
[22.821s][info][gc            ] Trigger: Average GC time (661.76 ms) is above the time for allocation rate (231 MB/s) to deplete free headroom (152M)
[22.821s][info][gc,ergo       ] Free headroom: 190M (free) - 38400K (spike) - 0B (penalties) = 152M
[22.821s][info][gc,ergo       ] Free: 190M, Max: 256K regular, 190M humongous, Frag: 0% external, 1% internal; Reserve: 38400K, Max: 256K
[22.821s][info][gc,start      ] GC(16) Concurrent reset
[22.821s][info][gc,task       ] GC(16) Using 1 of 1 workers for concurrent reset
[22.821s][info][gc,ergo       ] GC(16) Pacer for Reset. Non-Taxable: 750M
[22.821s][info][gc            ] GC(16) Concurrent reset 0.310ms
[22.824s][info][gc,start      ] GC(16) Pause Init Mark
[22.824s][info][gc,task       ] GC(16) Using 1 of 1 workers for init marking
[22.827s][info][gc,ergo       ] GC(16) Pacer for Mark. Expected Live: 161M, Free: 190M, Non-Taxable: 19456K, Alloc Tax Rate: 1.0x
[22.827s][info][gc            ] GC(16) Pause Init Mark 2.751ms
[22.827s][info][gc,start      ] GC(16) Concurrent marking
[22.827s][info][gc,task       ] GC(16) Using 1 of 1 workers for concurrent marking
[23.142s][info][gc            ] GC(16) Concurrent marking 315.546ms
[23.143s][info][gc,start      ] GC(16) Pause Final Mark
[23.143s][info][gc,task       ] GC(16) Using 1 of 1 workers for final marking
[23.143s][info][gc,ergo       ] GC(16) Collectable Garbage: 344M (97%), Immediate: 344M (97%), CSet: 0B (0%)
[23.143s][info][gc            ] GC(16) Pause Final Mark 0.720ms
[23.149s][info][gc,start      ] GC(16) Concurrent cleanup
[23.149s][info][gc            ] GC(16) Concurrent cleanup 553M->210M(750M) 0.367ms
[23.149s][info][gc,ergo       ] GC(16) Free: 501M, Max: 256K regular, 158M humongous, Frag: 69% external, 0% internal; Reserve: 38400K, Max: 256K
[23.150s][info][gc,ergo       ] Free: 501M, Max: 256K regular, 158M humongous, Frag: 69% external, 0% internal; Reserve: 38400K, Max: 256K
[23.150s][info][gc,stats      ] 
[23.150s][info][gc,stats      ] All times are wall-clock times, except per-root-class counters, that are sum over
[23.150s][info][gc,stats      ] all workers. Dividing the <total> over the root stage time estimates parallelism.
[23.150s][info][gc,stats      ] 
[23.150s][info][gc,stats      ] Concurrent Reset                    295 us
[23.150s][info][gc,stats      ] Pause Init Mark (G)                5467 us
[23.150s][info][gc,stats      ] Pause Init Mark (N)                2685 us
[23.150s][info][gc,stats      ]   Accumulate Stats                   10 us
[23.150s][info][gc,stats      ]   Make Parsable                      14 us
[23.150s][info][gc,stats      ]   Update Region States               77 us
[23.150s][info][gc,stats      ]   Scan Roots                       2487 us, parallelism: 0.75x
[23.150s][info][gc,stats      ]     S: <total>                     1863 us
[23.150s][info][gc,stats      ]     S: Thread Roots                 515 us, workers (us): 515, 
[23.150s][info][gc,stats      ]     S: Universe Roots                 4 us, workers (us):   4, 
[23.150s][info][gc,stats      ]     S: JNI Handles Roots              3 us, workers (us):   3, 
[23.150s][info][gc,stats      ]     S: Synchronizer Roots             1 us, workers (us):   1, 
[23.150s][info][gc,stats      ]     S: Management Roots               4 us, workers (us):   4, 
[23.150s][info][gc,stats      ]     S: System Dict Roots             17 us, workers (us):  17, 
[23.150s][info][gc,stats      ]     S: CLDG Roots                  1318 us, workers (us): 1318, 
[23.150s][info][gc,stats      ]     S: JVMTI Roots                    1 us, workers (us):   1, 
[23.150s][info][gc,stats      ]   Resize TLABs                       12 us
[23.150s][info][gc,stats      ] Concurrent Marking               315517 us
[23.150s][info][gc,stats      ] Pause Final Mark (G)               6461 us
[23.150s][info][gc,stats      ] Pause Final Mark (N)                685 us
[23.150s][info][gc,stats      ]   Finish Queues                      21 us
[23.150s][info][gc,stats      ]   System Purge                      487 us
[23.150s][info][gc,stats      ]     Weak Roots                      487 us
[23.150s][info][gc,stats      ]   Update Region States               72 us
[23.150s][info][gc,stats      ]   Retire TLABs                       11 us
[23.150s][info][gc,stats      ]   Choose Collection Set              56 us
[23.150s][info][gc,stats      ]   Rebuild Free Set                   23 us
[23.150s][info][gc,stats      ] Concurrent Cleanup                  310 us
[23.150s][info][gc,stats      ] Pacing                           177203 us
[23.150s][info][gc,stats      ] 
[23.150s][info][gc,stats      ] Allocation pacing accrued:
[23.150s][info][gc,stats      ]     177 of  1455 ms ( 12.2%): Executor task launch worker for task 0.0 in stage 1.0 (TID 1)
[23.150s][info][gc,stats      ]     177 of  1455 ms ( 12.2%): <total>
[23.157s][info][gc,stats      ]       3 of  1455 ms (  0.2%): <average total>
[23.157s][info][gc,stats      ]     177 of  1455 ms ( 12.2%): <average non-zero>
[23.157s][info][gc,stats      ] 
[23.157s][info][gc,metaspace  ] Metaspace: 57892K->57892K(1101824K)
[23.157s][info][gc,ergo       ] Pacer for Idle. Initial: 15360K, Alloc Tax Rate: 1.0x
[23.941s][info][gc            ] Trigger: Average GC time (617.79 ms) is above the time for allocation rate (287 MB/s) to deplete free headroom (176M)
[23.942s][info][gc,ergo       ] Free headroom: 213M (free) - 38400K (spike) - 0B (penalties) = 176M
[23.942s][info][gc,ergo       ] Free: 213M, Max: 256K regular, 158M humongous, Frag: 26% external, 1% internal; Reserve: 38400K, Max: 256K
[23.942s][info][gc,start      ] GC(17) Concurrent reset
[23.942s][info][gc,task       ] GC(17) Using 1 of 1 workers for concurrent reset
[23.942s][info][gc,ergo       ] GC(17) Pacer for Reset. Non-Taxable: 750M
[23.942s][info][gc            ] GC(17) Concurrent reset 0.304ms
[23.944s][info][gc,start      ] GC(17) Pause Init Mark
[23.944s][info][gc,task       ] GC(17) Using 1 of 1 workers for init marking
[23.945s][info][gc,ergo       ] GC(17) Pacer for Mark. Expected Live: 167M, Free: 213M, Non-Taxable: 21862K, Alloc Tax Rate: 1.0x
[23.945s][info][gc            ] GC(17) Pause Init Mark 1.270ms
[23.945s][info][gc,start      ] GC(17) Concurrent marking
[23.945s][info][gc,task       ] GC(17) Using 1 of 1 workers for concurrent marking
[24.102s][info][gc            ] GC(17) Concurrent marking 156.261ms
[24.102s][info][gc,start      ] GC(17) Pause Final Mark
[24.102s][info][gc,task       ] GC(17) Using 1 of 1 workers for final marking
[24.102s][info][gc,ergo       ] GC(17) Collectable Garbage: 321M (97%), Immediate: 321M (97%), CSet: 0B (0%)
[24.102s][info][gc            ] GC(17) Pause Final Mark 0.384ms
[24.102s][info][gc,start      ] GC(17) Concurrent cleanup
[24.102s][info][gc            ] GC(17) Concurrent cleanup 531M->210M(750M) 0.104ms
[24.102s][info][gc,ergo       ] GC(17) Free: 501M, Max: 256K regular, 212M humongous, Frag: 58% external, 0% internal; Reserve: 38400K, Max: 256K
[24.102s][info][gc,ergo       ] Free: 501M, Max: 256K regular, 212M humongous, Frag: 58% external, 0% internal; Reserve: 38400K, Max: 256K
[24.102s][info][gc,stats      ] 
[24.102s][info][gc,stats      ] All times are wall-clock times, except per-root-class counters, that are sum over
[24.102s][info][gc,stats      ] all workers. Dividing the <total> over the root stage time estimates parallelism.
[24.102s][info][gc,stats      ] 
[24.102s][info][gc,stats      ] Concurrent Reset                    294 us
[24.102s][info][gc,stats      ] Pause Init Mark (G)                3465 us
[24.102s][info][gc,stats      ] Pause Init Mark (N)                1242 us
[24.102s][info][gc,stats      ]   Accumulate Stats                    8 us
[24.102s][info][gc,stats      ]   Make Parsable                       8 us
[24.102s][info][gc,stats      ]   Update Region States               40 us
[24.102s][info][gc,stats      ]   Scan Roots                       1140 us, parallelism: 0.74x
[24.102s][info][gc,stats      ]     S: <total>                      842 us
[24.102s][info][gc,stats      ]     S: Thread Roots                 301 us, workers (us): 301, 
[24.102s][info][gc,stats      ]     S: Universe Roots                 2 us, workers (us):   2, 
[24.102s][info][gc,stats      ]     S: JNI Handles Roots              2 us, workers (us):   2, 
[24.102s][info][gc,stats      ]     S: Synchronizer Roots             0 us, workers (us):   0, 
[24.102s][info][gc,stats      ]     S: Management Roots               2 us, workers (us):   2, 
[24.102s][info][gc,stats      ]     S: System Dict Roots             12 us, workers (us):  12, 
[24.102s][info][gc,stats      ]     S: CLDG Roots                   523 us, workers (us): 523, 
[24.102s][info][gc,stats      ]     S: JVMTI Roots                    1 us, workers (us):   1, 
[24.102s][info][gc,stats      ]   Resize TLABs                        6 us
[24.102s][info][gc,stats      ] Concurrent Marking               156252 us
[24.102s][info][gc,stats      ] Pause Final Mark (G)                456 us
[24.102s][info][gc,stats      ] Pause Final Mark (N)                372 us
[24.102s][info][gc,stats      ]   Finish Queues                      12 us
[24.102s][info][gc,stats      ]   System Purge                      267 us
[24.102s][info][gc,stats      ]     Weak Roots                      266 us
[24.102s][info][gc,stats      ]   Update Region States               45 us
[24.102s][info][gc,stats      ]   Retire TLABs                        7 us
[24.102s][info][gc,stats      ]   Choose Collection Set              23 us
[24.102s][info][gc,stats      ]   Rebuild Free Set                   11 us
[24.103s][info][gc,stats      ] Concurrent Cleanup                   98 us
[24.103s][info][gc,stats      ] Pacing                            49937 us
[24.103s][info][gc,stats      ] 
[24.103s][info][gc,stats      ] Allocation pacing accrued:
[24.103s][info][gc,stats      ]      50 of   953 ms (  5.2%): Executor task launch worker for task 0.0 in stage 1.0 (TID 1)
[24.103s][info][gc,stats      ]      50 of   953 ms (  5.2%): <total>
[24.103s][info][gc,stats      ]       1 of   953 ms (  0.1%): <average total>
[24.103s][info][gc,stats      ]      50 of   953 ms (  5.2%): <average non-zero>
[24.103s][info][gc,stats      ] 
[24.103s][info][gc,metaspace  ] Metaspace: 57897K->57897K(1101824K)
[24.103s][info][gc,ergo       ] Pacer for Idle. Initial: 15360K, Alloc Tax Rate: 1.0x
[24.885s][info][gc            ] Trigger: Average GC time (403.71 ms) is above the time for allocation rate (369 MB/s) to deplete free headroom (148M)
[24.886s][info][gc,ergo       ] Free headroom: 186M (free) - 38400K (spike) - 0B (penalties) = 148M
[24.886s][info][gc,ergo       ] Free: 186M, Max: 256K regular, 186M humongous, Frag: 0% external, 1% internal; Reserve: 38400K, Max: 256K
[24.886s][info][gc,start      ] GC(18) Concurrent reset
[24.886s][info][gc,task       ] GC(18) Using 1 of 1 workers for concurrent reset
[24.886s][info][gc,ergo       ] GC(18) Pacer for Reset. Non-Taxable: 750M
[24.887s][info][gc            ] GC(18) Concurrent reset 0.552ms
[24.890s][info][gc,start      ] GC(18) Pause Init Mark
[24.890s][info][gc,task       ] GC(18) Using 1 of 1 workers for init marking
[24.891s][info][gc,ergo       ] GC(18) Pacer for Mark. Expected Live: 167M, Free: 186M, Non-Taxable: 19072K, Alloc Tax Rate: 1.1x
[24.891s][info][gc            ] GC(18) Pause Init Mark 1.321ms
[24.891s][info][gc,start      ] GC(18) Concurrent marking
[24.891s][info][gc,task       ] GC(18) Using 1 of 1 workers for concurrent marking
[25.170s][info][gc            ] GC(18) Concurrent marking 278.883ms
[25.170s][info][gc,start      ] GC(18) Pause Final Mark
[25.170s][info][gc,task       ] GC(18) Using 1 of 1 workers for final marking
[25.171s][info][gc,ergo       ] GC(18) Collectable Garbage: 348M (97%), Immediate: 348M (97%), CSet: 0B (0%)
[25.171s][info][gc            ] GC(18) Pause Final Mark 0.673ms
[25.171s][info][gc,start      ] GC(18) Concurrent cleanup
[25.171s][info][gc            ] GC(18) Concurrent cleanup 555M->207M(750M) 0.253ms
[25.171s][info][gc,ergo       ] GC(18) Free: 504M, Max: 256K regular, 177M humongous, Frag: 65% external, 0% internal; Reserve: 38400K, Max: 256K
[25.171s][info][gc,ergo       ] Free: 504M, Max: 256K regular, 177M humongous, Frag: 65% external, 0% internal; Reserve: 38400K, Max: 256K
[25.171s][info][gc,stats      ] 
[25.171s][info][gc,stats      ] All times are wall-clock times, except per-root-class counters, that are sum over
[25.171s][info][gc,stats      ] all workers. Dividing the <total> over the root stage time estimates parallelism.
[25.171s][info][gc,stats      ] 
[25.171s][info][gc,stats      ] Concurrent Reset                    536 us
[25.171s][info][gc,stats      ] Pause Init Mark (G)                4298 us
[25.171s][info][gc,stats      ] Pause Init Mark (N)                1274 us
[25.171s][info][gc,stats      ]   Accumulate Stats                   13 us
[25.171s][info][gc,stats      ]   Make Parsable                       7 us
[25.171s][info][gc,stats      ]   Update Region States               57 us
[25.171s][info][gc,stats      ]   Scan Roots                       1151 us, parallelism: 0.76x
[25.171s][info][gc,stats      ]     S: <total>                      871 us
[25.171s][info][gc,stats      ]     S: Thread Roots                 262 us, workers (us): 262, 
[25.171s][info][gc,stats      ]     S: Universe Roots                 2 us, workers (us):   2, 
[25.171s][info][gc,stats      ]     S: JNI Handles Roots              2 us, workers (us):   2, 
[25.171s][info][gc,stats      ]     S: Synchronizer Roots             0 us, workers (us):   0, 
[25.171s][info][gc,stats      ]     S: Management Roots               2 us, workers (us):   2, 
[25.171s][info][gc,stats      ]     S: System Dict Roots             12 us, workers (us):  12, 
[25.171s][info][gc,stats      ]     S: CLDG Roots                   590 us, workers (us): 590, 
[25.171s][info][gc,stats      ]     S: JVMTI Roots                    1 us, workers (us):   1, 
[25.171s][info][gc,stats      ]   Resize TLABs                        5 us
[25.171s][info][gc,stats      ] Concurrent Marking               278873 us
[25.171s][info][gc,stats      ] Pause Final Mark (G)                879 us
[25.171s][info][gc,stats      ] Pause Final Mark (N)                629 us
[25.171s][info][gc,stats      ]   Finish Queues                      28 us
[25.171s][info][gc,stats      ]   System Purge                      438 us
[25.171s][info][gc,stats      ]     Weak Roots                      437 us
[25.171s][info][gc,stats      ]   Update Region States               73 us
[25.171s][info][gc,stats      ]   Retire TLABs                       10 us
[25.171s][info][gc,stats      ]   Choose Collection Set              43 us
[25.171s][info][gc,stats      ]   Rebuild Free Set                   21 us
[25.171s][info][gc,stats      ] Concurrent Cleanup                  231 us
[25.171s][info][gc,stats      ] Pacing                           115599 us
[25.171s][info][gc,stats      ] 
[25.171s][info][gc,stats      ] Allocation pacing accrued:
[25.171s][info][gc,stats      ]     116 of  1069 ms ( 10.8%): Executor task launch worker for task 0.0 in stage 1.0 (TID 1)
[25.171s][info][gc,stats      ]     116 of  1069 ms ( 10.8%): <total>
[25.171s][info][gc,stats      ]       2 of  1069 ms (  0.2%): <average total>
[25.171s][info][gc,stats      ]     116 of  1069 ms ( 10.8%): <average non-zero>
[25.171s][info][gc,stats      ] 
[25.171s][info][gc,metaspace  ] Metaspace: 57897K->57897K(1101824K)
[25.171s][info][gc,ergo       ] Pacer for Idle. Initial: 15360K, Alloc Tax Rate: 1.0x
[25.635s][info][gc            ] Trigger: Average GC time (289.93 ms) is above the time for allocation rate (480 MB/s) to deplete free headroom (137M)
[25.635s][info][gc,ergo       ] Free headroom: 174M (free) - 38400K (spike) - 0B (penalties) = 137M
[25.635s][info][gc,ergo       ] Free: 174M, Max: 256K regular, 156M humongous, Frag: 11% external, 1% internal; Reserve: 38400K, Max: 256K
[25.635s][info][gc,start      ] GC(19) Concurrent reset
[25.635s][info][gc,task       ] GC(19) Using 1 of 1 workers for concurrent reset
[25.635s][info][gc,ergo       ] GC(19) Pacer for Reset. Non-Taxable: 750M
[25.635s][info][gc            ] GC(19) Concurrent reset 0.295ms
[25.638s][info][gc,start      ] GC(19) Pause Init Mark
[25.638s][info][gc,task       ] GC(19) Using 1 of 1 workers for init marking
[25.639s][info][gc,ergo       ] GC(19) Pacer for Mark. Expected Live: 167M, Free: 174M, Non-Taxable: 17894K, Alloc Tax Rate: 1.2x
[25.639s][info][gc            ] GC(19) Pause Init Mark 1.536ms
[25.639s][info][gc,start      ] GC(19) Concurrent marking
[25.639s][info][gc,task       ] GC(19) Using 1 of 1 workers for concurrent marking
[25.982s][info][gc            ] GC(19) Concurrent marking 342.934ms
[25.982s][info][gc,start      ] GC(19) Pause Final Mark
[25.982s][info][gc,task       ] GC(19) Using 1 of 1 workers for final marking
[25.983s][info][gc,ergo       ] GC(19) Collectable Garbage: 359M (97%), Immediate: 359M (97%), CSet: 0B (0%)
[25.983s][info][gc            ] GC(19) Pause Final Mark 0.361ms
[25.983s][info][gc,start      ] GC(19) Concurrent cleanup
[25.983s][info][gc            ] GC(19) Concurrent cleanup 553M->193M(750M) 0.110ms
[25.983s][info][gc,ergo       ] GC(19) Free: 517M, Max: 256K regular, 188M humongous, Frag: 64% external, 0% internal; Reserve: 38400K, Max: 256K
[25.983s][info][gc,ergo       ] Free: 517M, Max: 256K regular, 188M humongous, Frag: 64% external, 0% internal; Reserve: 38400K, Max: 256K
[25.983s][info][gc,stats      ] 
[25.983s][info][gc,stats      ] All times are wall-clock times, except per-root-class counters, that are sum over
[25.983s][info][gc,stats      ] all workers. Dividing the <total> over the root stage time estimates parallelism.
[25.983s][info][gc,stats      ] 
[25.983s][info][gc,stats      ] Concurrent Reset                    287 us
[25.983s][info][gc,stats      ] Pause Init Mark (G)                3788 us
[25.983s][info][gc,stats      ] Pause Init Mark (N)                1490 us
[25.983s][info][gc,stats      ]   Accumulate Stats                    8 us
[25.983s][info][gc,stats      ]   Make Parsable                       6 us
[25.983s][info][gc,stats      ]   Update Region States               50 us
[25.983s][info][gc,stats      ]   Scan Roots                       1357 us, parallelism: 0.77x
[25.983s][info][gc,stats      ]     S: <total>                     1047 us
[25.983s][info][gc,stats      ]     S: Thread Roots                 329 us, workers (us): 329, 
[25.983s][info][gc,stats      ]     S: Universe Roots                 3 us, workers (us):   3, 
[25.983s][info][gc,stats      ]     S: JNI Handles Roots              2 us, workers (us):   2, 
[25.983s][info][gc,stats      ]     S: Synchronizer Roots             0 us, workers (us):   0, 
[25.983s][info][gc,stats      ]     S: Management Roots               3 us, workers (us):   3, 
[25.983s][info][gc,stats      ]     S: System Dict Roots             16 us, workers (us):  16, 
[25.983s][info][gc,stats      ]     S: CLDG Roots                   694 us, workers (us): 694, 
[25.983s][info][gc,stats      ]     S: JVMTI Roots                    1 us, workers (us):   1, 
[25.983s][info][gc,stats      ]   Resize TLABs                        7 us
[25.983s][info][gc,stats      ] Concurrent Marking               342921 us
[25.983s][info][gc,stats      ] Pause Final Mark (G)                423 us
[25.983s][info][gc,stats      ] Pause Final Mark (N)                345 us
[25.983s][info][gc,stats      ]   Finish Queues                      14 us
[25.983s][info][gc,stats      ]   System Purge                      244 us
[25.983s][info][gc,stats      ]     Weak Roots                      243 us
[25.983s][info][gc,stats      ]   Update Region States               44 us
[25.983s][info][gc,stats      ]   Retire TLABs                        8 us
[25.983s][info][gc,stats      ]   Choose Collection Set              19 us
[25.983s][info][gc,stats      ]   Rebuild Free Set                   10 us
[25.983s][info][gc,stats      ] Concurrent Cleanup                  104 us
[25.983s][info][gc,stats      ] Pacing                            10827 us
[25.983s][info][gc,stats      ] 
[25.983s][info][gc,stats      ] Allocation pacing accrued:
[25.983s][info][gc,stats      ]      11 of   812 ms (  1.3%): Executor task launch worker for task 0.0 in stage 2.0 (TID 2)
[25.983s][info][gc,stats      ]      11 of   812 ms (  1.3%): <total>
[25.983s][info][gc,stats      ]       0 of   812 ms (  0.0%): <average total>
[25.983s][info][gc,stats      ]      11 of   812 ms (  1.3%): <average non-zero>
[25.983s][info][gc,stats      ] 
[25.983s][info][gc,metaspace  ] Metaspace: 57897K->58960K(1101824K)
[25.983s][info][gc,ergo       ] Pacer for Idle. Initial: 15360K, Alloc Tax Rate: 1.0x
[26.123s][info][gc            ] Trigger: Explicit GC request (System.gc())
[26.123s][info][gc,ergo       ] Free: 513M, Max: 256K regular, 188M humongous, Frag: 64% external, 0% internal; Reserve: 38400K, Max: 256K
[26.123s][info][gc,start      ] GC(20) Concurrent reset
[26.123s][info][gc,task       ] GC(20) Using 1 of 1 workers for concurrent reset
[26.123s][info][gc,ergo       ] GC(20) Pacer for Reset. Non-Taxable: 750M
[26.123s][info][gc            ] GC(20) Concurrent reset 0.344ms
[26.123s][info][gc,start      ] GC(20) Pause Init Mark (process weakrefs) (unload classes)
[26.123s][info][gc,task       ] GC(20) Using 1 of 1 workers for init marking
[26.124s][info][gc,ergo       ] GC(20) Pacer for Mark. Expected Live: 167M, Free: 513M, Non-Taxable: 52620K, Alloc Tax Rate: 0.4x
[26.124s][info][gc            ] GC(20) Pause Init Mark (process weakrefs) (unload classes) 0.848ms
[26.124s][info][gc,start      ] GC(20) Concurrent marking (process weakrefs) (unload classes)
[26.124s][info][gc,task       ] GC(20) Using 1 of 1 workers for concurrent marking
[26.276s][info][gc            ] GC(20) Concurrent marking (process weakrefs) (unload classes) 152.147ms
[26.276s][info][gc,start      ] GC(20) Concurrent precleaning
[26.276s][info][gc,task       ] GC(20) Using 1 of 1 workers for concurrent preclean
[26.276s][info][gc,ergo       ] GC(20) Pacer for Precleaning. Non-Taxable: 750M
[26.277s][info][gc            ] GC(20) Concurrent precleaning 0.395ms
[26.277s][info][gc,start      ] GC(20) Pause Final Mark (process weakrefs) (unload classes)
[26.277s][info][gc,task       ] GC(20) Using 1 of 1 workers for final marking
[26.300s][info][gc,stringtable] GC(20) Cleaned string and symbol table, strings: 18389 processed, 0 removed, symbols: 131779 processed, 45 removed
[26.300s][info][gc,ergo       ] GC(20) Adaptive CSet Selection. Target Free: 106M, Actual Free: 563M, Max CSet: 32000K, Min Garbage: 0B
[26.300s][info][gc,ergo       ] GC(20) Collectable Garbage: 29939K (93%), Immediate: 12671K (39%), CSet: 17268K (53%)
[26.302s][info][gc,ergo       ] GC(20) Pacer for Evacuation. Used CSet: 18942K, Free: 526M, Non-Taxable: 53913K, Alloc Tax Rate: 1.1x
[26.302s][info][gc            ] GC(20) Pause Final Mark (process weakrefs) (unload classes) 25.432ms
[26.302s][info][gc,start      ] GC(20) Concurrent cleanup
[26.302s][info][gc            ] GC(20) Concurrent cleanup 197M->185M(750M) 0.069ms
[26.302s][info][gc,ergo       ] GC(20) Free: 526M, Max: 256K regular, 232M humongous, Frag: 56% external, 0% internal; Reserve: 37888K, Max: 256K
[26.302s][info][gc,start      ] GC(20) Concurrent evacuation
[26.302s][info][gc,task       ] GC(20) Using 1 of 1 workers for concurrent evacuation
[26.318s][info][gc            ] GC(20) Concurrent evacuation 15.979ms
[26.324s][info][gc,start      ] GC(20) Pause Init Update Refs
[26.324s][info][gc,ergo       ] GC(20) Pacer for Update Refs. Used: 187M, Free: 525M, Non-Taxable: 53859K, Alloc Tax Rate: 1.1x
[26.324s][info][gc            ] GC(20) Pause Init Update Refs 0.060ms
[26.324s][info][gc,start      ] GC(20) Concurrent update references
[26.324s][info][gc,task       ] GC(20) Using 1 of 1 workers for concurrent reference update
[26.443s][info][gc            ] GC(20) Concurrent update references 118.460ms
[26.443s][info][gc,start      ] GC(20) Pause Final Update Refs
[26.443s][info][gc,task       ] GC(20) Using 1 of 1 workers for final reference update
[26.443s][info][gc            ] GC(20) Pause Final Update Refs 0.322ms
[26.443s][info][gc,start      ] GC(20) Concurrent cleanup
[26.443s][info][gc            ] GC(20) Concurrent cleanup 191M->172M(750M) 0.058ms
[26.443s][info][gc,ergo       ] Free: 538M, Max: 256K regular, 431M humongous, Frag: 20% external, 0% internal; Reserve: 38400K, Max: 256K
[26.443s][info][gc,stats      ] 
[26.443s][info][gc,stats      ] All times are wall-clock times, except per-root-class counters, that are sum over
[26.443s][info][gc,stats      ] all workers. Dividing the <total> over the root stage time estimates parallelism.
[26.443s][info][gc,stats      ] 
[26.443s][info][gc,stats      ] Concurrent Reset                    335 us
[26.443s][info][gc,stats      ] Pause Init Mark (G)                1014 us
[26.443s][info][gc,stats      ] Pause Init Mark (N)                 831 us
[26.443s][info][gc,stats      ]   Accumulate Stats                    7 us
[26.443s][info][gc,stats      ]   Make Parsable                       8 us
[26.443s][info][gc,stats      ]   Update Region States               32 us
[26.443s][info][gc,stats      ]   Scan Roots                        721 us, parallelism: 0.48x
[26.443s][info][gc,stats      ]     S: <total>                      345 us
[26.443s][info][gc,stats      ]     S: Thread Roots                 213 us, workers (us): 213, 
[26.443s][info][gc,stats      ]     S: Universe Roots                 3 us, workers (us):   3, 
[26.443s][info][gc,stats      ]     S: JNI Handles Roots              2 us, workers (us):   2, 
[26.443s][info][gc,stats      ]     S: Synchronizer Roots             0 us, workers (us):   0, 
[26.443s][info][gc,stats      ]     S: Management Roots               2 us, workers (us):   2, 
[26.443s][info][gc,stats      ]     S: System Dict Roots             12 us, workers (us):  12, 
[26.443s][info][gc,stats      ]     S: CLDG Roots                   111 us, workers (us): 111, 
[26.443s][info][gc,stats      ]     S: JVMTI Roots                    1 us, workers (us):   1, 
[26.443s][info][gc,stats      ]   Resize TLABs                        6 us
[26.443s][info][gc,stats      ] Concurrent Marking               152139 us
[26.443s][info][gc,stats      ] Concurrent Precleaning              384 us
[26.443s][info][gc,stats      ] Pause Final Mark (G)              25662 us
[26.443s][info][gc,stats      ] Pause Final Mark (N)              25422 us
[26.443s][info][gc,stats      ]   Finish Queues                      41 us
[26.443s][info][gc,stats      ]   Weak References                   308 us
[26.443s][info][gc,stats      ]     Process                         305 us
[26.443s][info][gc,stats      ]   System Purge                      285 us
[26.443s][info][gc,stats      ]     Unload Classes                 1103 us
[26.443s][info][gc,stats      ]     Cleanup                       21066 us, parallelism: 1.00x
[26.443s][info][gc,stats      ]       CU: <total>                 20979 us
[26.443s][info][gc,stats      ]       CU: Code Cache Roots         6763 us, workers (us): 6763, 
[26.443s][info][gc,stats      ]       CU: Code Cache Cleaning      1347 us, workers (us): 1347, 
[26.443s][info][gc,stats      ]       CU: String Table Roots       6886 us, workers (us): 6886, 
[26.443s][info][gc,stats      ]       CU: Resolved Table Roots      133 us, workers (us): 133, 
[26.443s][info][gc,stats      ]       CU: CLDG Roots               5850 us, workers (us): 5850, 
[26.443s][info][gc,stats      ]     Weak Roots                      284 us
[26.443s][info][gc,stats      ]     CLDG                            267 us
[26.443s][info][gc,stats      ]   Update Region States               51 us
[26.443s][info][gc,stats      ]   Retire TLABs                       19 us
[26.443s][info][gc,stats      ]   Choose Collection Set              75 us
[26.443s][info][gc,stats      ]   Rebuild Free Set                   10 us
[26.443s][info][gc,stats      ]   Initial Evacuation               2187 us, parallelism: 0.57x
[26.443s][info][gc,stats      ]     E: <total>                     1253 us
[26.443s][info][gc,stats      ]     E: Thread Roots                 212 us, workers (us): 212, 
[26.443s][info][gc,stats      ]     E: Code Cache Roots             277 us, workers (us): 277, 
[26.443s][info][gc,stats      ]     E: Universe Roots                 3 us, workers (us):   3, 
[26.443s][info][gc,stats      ]     E: JNI Handles Roots              2 us, workers (us):   2, 
[26.443s][info][gc,stats      ]     E: Synchronizer Roots             0 us, workers (us):   0, 
[26.443s][info][gc,stats      ]     E: Management Roots               2 us, workers (us):   2, 
[26.443s][info][gc,stats      ]     E: System Dict Roots             14 us, workers (us):  14, 
[26.443s][info][gc,stats      ]     E: CLDG Roots                   743 us, workers (us): 743, 
[26.443s][info][gc,stats      ]     E: JVMTI Roots                    1 us, workers (us):   1, 
[26.443s][info][gc,stats      ] Concurrent Cleanup                   52 us
[26.443s][info][gc,stats      ] Concurrent Evacuation             15966 us
[26.443s][info][gc,stats      ] Pause Init  Update Refs (G)        5585 us
[26.443s][info][gc,stats      ] Pause Init  Update Refs (N)          15 us
[26.443s][info][gc,stats      ]   Retire GCLABs                       6 us
[26.443s][info][gc,stats      ] Concurrent Update Refs           118445 us
[26.443s][info][gc,stats      ] Pause Final Update Refs (G)         471 us
[26.443s][info][gc,stats      ] Pause Final Update Refs (N)         310 us
[26.443s][info][gc,stats      ]   Update Roots                      213 us, parallelism: 0.97x
[26.443s][info][gc,stats      ]     UR: <total>                     206 us
[26.443s][info][gc,stats      ]     UR: Thread Roots                206 us, workers (us): 206, 
[26.443s][info][gc,stats      ]   Update Region States               76 us
[26.443s][info][gc,stats      ]   Trash Collection Set                2 us
[26.443s][info][gc,stats      ]   Rebuild Free Set                   11 us
[26.443s][info][gc,stats      ] Concurrent Cleanup                   52 us
[26.443s][info][gc,stats      ] 
[26.443s][info][gc,stats      ] Allocation pacing accrued:
[26.443s][info][gc,stats      ]       0 of   460 ms (  0.0%): <total>
[26.443s][info][gc,stats      ]       0 of   460 ms (  0.0%): <average total>
[26.443s][info][gc,stats      ] 
[26.443s][info][gc,metaspace  ] Metaspace: 60030K->59594K(1103872K)
[26.443s][info][gc,ergo       ] Pacer for Idle. Initial: 15360K, Alloc Tax Rate: 1.0x
[26.443s][info][gc,start      ] Concurrent uncommit
[26.472s][info][gc            ] Concurrent uncommit 172M->172M(173M) 29.015ms
[26.746s][info][gc            ] Trigger: Learning 2 of 5. Free (524M) is below initial threshold (525M)
[26.746s][info][gc,ergo       ] Free: 524M, Max: 256K regular, 431M humongous, Frag: 18% external, 0% internal; Reserve: 38400K, Max: 256K
[26.746s][info][gc,start      ] GC(21) Concurrent reset
[26.746s][info][gc,task       ] GC(21) Using 1 of 1 workers for concurrent reset
[26.746s][info][gc,ergo       ] GC(21) Pacer for Reset. Non-Taxable: 750M
[26.747s][info][gc            ] GC(21) Concurrent reset 0.364ms
[26.748s][info][gc,start      ] GC(21) Pause Init Mark
[26.748s][info][gc,task       ] GC(21) Using 1 of 1 workers for init marking
[26.749s][info][gc,ergo       ] GC(21) Pacer for Mark. Expected Live: 167M, Free: 524M, Non-Taxable: 53759K, Alloc Tax Rate: 0.4x
[26.749s][info][gc            ] GC(21) Pause Init Mark 1.701ms
[26.749s][info][gc,start      ] GC(21) Concurrent marking
[26.749s][info][gc,task       ] GC(21) Using 1 of 1 workers for concurrent marking
[27.118s][info][gc            ] GC(21) Concurrent marking 368.310ms
[27.118s][info][gc,start      ] GC(21) Pause Final Mark
[27.118s][info][gc,task       ] GC(21) Using 1 of 1 workers for final marking
[27.118s][info][gc,ergo       ] GC(21) Adaptive CSet Selection. Target Free: 106M, Actual Free: 550M, Max CSet: 32000K, Min Garbage: 0B
[27.118s][info][gc,ergo       ] GC(21) Collectable Garbage: 16473K (87%), Immediate: 7431K (39%), CSet: 9042K (48%)
[27.120s][info][gc,ergo       ] GC(21) Pacer for Evacuation. Used CSet: 10090K, Free: 515M, Non-Taxable: 52737K, Alloc Tax Rate: 1.1x
[27.120s][info][gc            ] GC(21) Pause Final Mark 2.460ms
[27.120s][info][gc,start      ] GC(21) Concurrent cleanup
[27.120s][info][gc            ] GC(21) Concurrent cleanup 202M->195M(207M) 0.067ms
[27.120s][info][gc,ergo       ] GC(21) Free: 515M, Max: 256K regular, 431M humongous, Frag: 17% external, 0% internal; Reserve: 38337K, Max: 256K
[27.120s][info][gc,start      ] GC(21) Concurrent evacuation
[27.120s][info][gc,task       ] GC(21) Using 1 of 1 workers for concurrent evacuation
[27.123s][info][gc            ] GC(21) Concurrent evacuation 2.119ms
[27.127s][info][gc,start      ] GC(21) Pause Init Update Refs
[27.127s][info][gc,ergo       ] GC(21) Pacer for Update Refs. Used: 196M, Free: 514M, Non-Taxable: 52711K, Alloc Tax Rate: 1.1x
[27.127s][info][gc            ] GC(21) Pause Init Update Refs 0.074ms
[27.127s][info][gc,start      ] GC(21) Concurrent update references
[27.127s][info][gc,task       ] GC(21) Using 1 of 1 workers for concurrent reference update
[27.420s][info][gc            ] GC(21) Concurrent update references 292.474ms
[27.422s][info][gc,start      ] GC(21) Pause Final Update Refs
[27.423s][info][gc,task       ] GC(21) Using 1 of 1 workers for final reference update
[27.429s][info][gc            ] GC(21) Pause Final Update Refs 6.706ms
[27.429s][info][gc,start      ] GC(21) Concurrent cleanup
[27.429s][info][gc            ] GC(21) Concurrent cleanup 212M->202M(215M) 0.129ms
[27.429s][info][gc,ergo       ] Free: 507M, Max: 256K regular, 430M humongous, Frag: 16% external, 0% internal; Reserve: 38400K, Max: 256K
[27.429s][info][gc,stats      ] 
[27.429s][info][gc,stats      ] All times are wall-clock times, except per-root-class counters, that are sum over
[27.429s][info][gc,stats      ] all workers. Dividing the <total> over the root stage time estimates parallelism.
[27.429s][info][gc,stats      ] 
[27.429s][info][gc,stats      ] Concurrent Reset                    353 us
[27.429s][info][gc,stats      ] Pause Init Mark (G)                2880 us
[27.429s][info][gc,stats      ] Pause Init Mark (N)                1675 us
[27.429s][info][gc,stats      ]   Accumulate Stats                    9 us
[27.429s][info][gc,stats      ]   Make Parsable                      16 us
[27.429s][info][gc,stats      ]   Update Region States               37 us
[27.430s][info][gc,stats      ]   Scan Roots                       1571 us, parallelism: 0.80x
[27.430s][info][gc,stats      ]     S: <total>                     1261 us
[27.430s][info][gc,stats      ]     S: Thread Roots                 688 us, workers (us): 688, 
[27.430s][info][gc,stats      ]     S: Universe Roots                 2 us, workers (us):   2, 
[27.430s][info][gc,stats      ]     S: JNI Handles Roots              2 us, workers (us):   2, 
[27.430s][info][gc,stats      ]     S: Synchronizer Roots             0 us, workers (us):   0, 
[27.430s][info][gc,stats      ]     S: Management Roots               1 us, workers (us):   1, 
[27.430s][info][gc,stats      ]     S: System Dict Roots             12 us, workers (us):  12, 
[27.430s][info][gc,stats      ]     S: CLDG Roots                   555 us, workers (us): 555, 
[27.430s][info][gc,stats      ]     S: JVMTI Roots                    1 us, workers (us):   1, 
[27.430s][info][gc,stats      ]   Resize TLABs                        6 us
[27.430s][info][gc,stats      ] Concurrent Marking               368300 us
[27.430s][info][gc,stats      ] Pause Final Mark (G)               2559 us
[27.430s][info][gc,stats      ] Pause Final Mark (N)               2442 us
[27.430s][info][gc,stats      ]   Finish Queues                      12 us
[27.430s][info][gc,stats      ]   System Purge                      266 us
[27.430s][info][gc,stats      ]     Weak Roots                      266 us
[27.430s][info][gc,stats      ]   Update Region States              138 us
[27.430s][info][gc,stats      ]   Retire TLABs                       13 us
[27.430s][info][gc,stats      ]   Choose Collection Set              87 us
[27.430s][info][gc,stats      ]   Rebuild Free Set                   12 us
[27.430s][info][gc,stats      ]   Initial Evacuation               1906 us, parallelism: 0.58x
[27.430s][info][gc,stats      ]     E: <total>                     1114 us
[27.430s][info][gc,stats      ]     E: Thread Roots                 371 us, workers (us): 371, 
[27.430s][info][gc,stats      ]     E: Code Cache Roots             162 us, workers (us): 162, 
[27.430s][info][gc,stats      ]     E: Universe Roots                 1 us, workers (us):   1, 
[27.430s][info][gc,stats      ]     E: JNI Handles Roots              1 us, workers (us):   1, 
[27.430s][info][gc,stats      ]     E: Synchronizer Roots             0 us, workers (us):   0, 
[27.430s][info][gc,stats      ]     E: Management Roots               1 us, workers (us):   1, 
[27.430s][info][gc,stats      ]     E: System Dict Roots              9 us, workers (us):   9, 
[27.430s][info][gc,stats      ]     E: CLDG Roots                   567 us, workers (us): 567, 
[27.430s][info][gc,stats      ]     E: JVMTI Roots                    1 us, workers (us):   1, 
[27.430s][info][gc,stats      ] Concurrent Cleanup                   53 us
[27.430s][info][gc,stats      ] Concurrent Evacuation              2109 us
[27.430s][info][gc,stats      ] Pause Init  Update Refs (G)        4781 us
[27.430s][info][gc,stats      ] Pause Init  Update Refs (N)          16 us
[27.430s][info][gc,stats      ]   Retire GCLABs                       7 us
[27.430s][info][gc,stats      ] Concurrent Update Refs           292457 us
[27.430s][info][gc,stats      ] Pause Final Update Refs (G)        9173 us
[27.430s][info][gc,stats      ] Pause Final Update Refs (N)        6587 us
[27.430s][info][gc,stats      ]   Update Roots                      856 us, parallelism: 0.94x
[27.430s][info][gc,stats      ]     UR: <total>                     804 us
[27.430s][info][gc,stats      ]     UR: Thread Roots                804 us, workers (us): 804, 
[27.430s][info][gc,stats      ]   Update Region States             5669 us
[27.430s][info][gc,stats      ]   Trash Collection Set                5 us
[27.430s][info][gc,stats      ]   Rebuild Free Set                   25 us
[27.430s][info][gc,stats      ] Concurrent Cleanup                  112 us
[27.430s][info][gc,stats      ] 
[27.430s][info][gc,stats      ] Allocation pacing accrued:
[27.430s][info][gc,stats      ]       0 of   986 ms (  0.0%): <total>
[27.430s][info][gc,stats      ]       0 of   986 ms (  0.0%): <average total>
[27.430s][info][gc,stats      ] 
[27.430s][info][gc,metaspace  ] Metaspace: 59825K->60079K(1103872K)
[27.430s][info][gc,ergo       ] Pacer for Idle. Initial: 15360K, Alloc Tax Rate: 1.0x
[27.432s][info][gc            ] Trigger: Learning 3 of 5. Free (507M) is below initial threshold (525M)
[27.432s][info][gc,ergo       ] Free: 507M, Max: 256K regular, 430M humongous, Frag: 16% external, 0% internal; Reserve: 38400K, Max: 256K
[27.432s][info][gc,start      ] GC(22) Concurrent reset
[27.432s][info][gc,task       ] GC(22) Using 1 of 1 workers for concurrent reset
[27.432s][info][gc,ergo       ] GC(22) Pacer for Reset. Non-Taxable: 750M
[27.432s][info][gc            ] GC(22) Concurrent reset 0.319ms
[27.435s][info][gc,start      ] GC(22) Pause Init Mark
[27.435s][info][gc,task       ] GC(22) Using 1 of 1 workers for init marking
[27.436s][info][gc,ergo       ] GC(22) Pacer for Mark. Expected Live: 167M, Free: 507M, Non-Taxable: 51968K, Alloc Tax Rate: 0.4x
[27.436s][info][gc            ] GC(22) Pause Init Mark 1.405ms
[27.436s][info][gc,start      ] GC(22) Concurrent marking
[27.436s][info][gc,task       ] GC(22) Using 1 of 1 workers for concurrent marking
[27.814s][info][gc            ] GC(22) Concurrent marking 377.744ms
[27.814s][info][gc,start      ] GC(22) Pause Final Mark
[27.814s][info][gc,task       ] GC(22) Using 1 of 1 workers for final marking
[27.815s][info][gc,ergo       ] GC(22) Adaptive CSet Selection. Target Free: 106M, Actual Free: 552M, Max CSet: 32000K, Min Garbage: 0B
[27.815s][info][gc,ergo       ] GC(22) Collectable Garbage: 34314K (93%), Immediate: 27392K (74%), CSet: 6922K (18%)
[27.817s][info][gc,ergo       ] GC(22) Pacer for Evacuation. Used CSet: 7679K, Free: 516M, Non-Taxable: 52889K, Alloc Tax Rate: 1.1x
[27.817s][info][gc            ] GC(22) Pause Final Mark 2.267ms
[27.817s][info][gc,start      ] GC(22) Concurrent cleanup
[27.817s][info][gc            ] GC(22) Concurrent cleanup 221M->195M(224M) 0.064ms
[27.817s][info][gc,ergo       ] GC(22) Free: 516M, Max: 256K regular, 430M humongous, Frag: 17% external, 0% internal; Reserve: 38337K, Max: 256K
[27.817s][info][gc,start      ] GC(22) Concurrent evacuation
[27.817s][info][gc,task       ] GC(22) Using 1 of 1 workers for concurrent evacuation
[27.822s][info][gc            ] GC(22) Concurrent evacuation 4.838ms
[27.829s][info][gc,start      ] GC(22) Pause Init Update Refs
[27.829s][info][gc,ergo       ] GC(22) Pacer for Update Refs. Used: 196M, Free: 515M, Non-Taxable: 52787K, Alloc Tax Rate: 1.1x
[27.829s][info][gc            ] GC(22) Pause Init Update Refs 0.068ms
[27.829s][info][gc,start      ] GC(22) Concurrent update references
[27.829s][info][gc,task       ] GC(22) Using 1 of 1 workers for concurrent reference update
[28.134s][info][gc            ] GC(22) Concurrent update references 305.385ms
[28.138s][info][gc,start      ] GC(22) Pause Final Update Refs
[28.139s][info][gc,task       ] GC(22) Using 1 of 1 workers for final reference update
[28.139s][info][gc            ] GC(22) Pause Final Update Refs 0.401ms
[28.139s][info][gc,start      ] GC(22) Concurrent cleanup
[28.139s][info][gc            ] GC(22) Concurrent cleanup 216M->208M(225M) 0.059ms
[28.139s][info][gc,ergo       ] Free: 502M, Max: 256K regular, 430M humongous, Frag: 15% external, 0% internal; Reserve: 38400K, Max: 256K
[28.139s][info][gc,stats      ] 
[28.139s][info][gc,stats      ] All times are wall-clock times, except per-root-class counters, that are sum over
[28.139s][info][gc,stats      ] all workers. Dividing the <total> over the root stage time estimates parallelism.
[28.139s][info][gc,stats      ] 
[28.139s][info][gc,stats      ] Concurrent Reset                    311 us
[28.139s][info][gc,stats      ] Pause Init Mark (G)                4098 us
[28.139s][info][gc,stats      ] Pause Init Mark (N)                1368 us
[28.139s][info][gc,stats      ]   Accumulate Stats                    9 us
[28.139s][info][gc,stats      ]   Make Parsable                       7 us
[28.139s][info][gc,stats      ]   Update Region States               48 us
[28.139s][info][gc,stats      ]   Scan Roots                       1246 us, parallelism: 0.77x
[28.139s][info][gc,stats      ]     S: <total>                      959 us
[28.139s][info][gc,stats      ]     S: Thread Roots                 324 us, workers (us): 324, 
[28.139s][info][gc,stats      ]     S: Universe Roots                 2 us, workers (us):   2, 
[28.139s][info][gc,stats      ]     S: JNI Handles Roots              1 us, workers (us):   1, 
[28.139s][info][gc,stats      ]     S: Synchronizer Roots             0 us, workers (us):   0, 
[28.139s][info][gc,stats      ]     S: Management Roots               2 us, workers (us):   2, 
[28.139s][info][gc,stats      ]     S: System Dict Roots             12 us, workers (us):  12, 
[28.139s][info][gc,stats      ]     S: CLDG Roots                   617 us, workers (us): 617, 
[28.139s][info][gc,stats      ]     S: JVMTI Roots                    1 us, workers (us):   1, 
[28.139s][info][gc,stats      ]   Resize TLABs                        8 us
[28.139s][info][gc,stats      ] Concurrent Marking               377734 us
[28.139s][info][gc,stats      ] Pause Final Mark (G)               2361 us
[28.139s][info][gc,stats      ] Pause Final Mark (N)               2230 us
[28.139s][info][gc,stats      ]   Finish Queues                      17 us
[28.139s][info][gc,stats      ]   System Purge                      264 us
[28.139s][info][gc,stats      ]     Weak Roots                      263 us
[28.139s][info][gc,stats      ]   Update Region States               50 us
[28.139s][info][gc,stats      ]   Retire TLABs                        9 us
[28.139s][info][gc,stats      ]   Choose Collection Set              78 us
[28.139s][info][gc,stats      ]   Rebuild Free Set                   12 us
[28.139s][info][gc,stats      ]   Initial Evacuation               1787 us, parallelism: 0.56x
[28.139s][info][gc,stats      ]     E: <total>                     1005 us
[28.139s][info][gc,stats      ]     E: Thread Roots                 280 us, workers (us): 280, 
[28.139s][info][gc,stats      ]     E: Code Cache Roots             177 us, workers (us): 177, 
[28.139s][info][gc,stats      ]     E: Universe Roots                 1 us, workers (us):   1, 
[28.139s][info][gc,stats      ]     E: JNI Handles Roots              1 us, workers (us):   1, 
[28.139s][info][gc,stats      ]     E: Synchronizer Roots             0 us, workers (us):   0, 
[28.139s][info][gc,stats      ]     E: Management Roots               1 us, workers (us):   1, 
[28.139s][info][gc,stats      ]     E: System Dict Roots              9 us, workers (us):   9, 
[28.139s][info][gc,stats      ]     E: CLDG Roots                   535 us, workers (us): 535, 
[28.139s][info][gc,stats      ]     E: JVMTI Roots                    0 us, workers (us):   0, 
[28.139s][info][gc,stats      ] Concurrent Cleanup                   56 us
[28.139s][info][gc,stats      ] Concurrent Evacuation              4828 us
[28.139s][info][gc,stats      ] Pause Init  Update Refs (G)        7332 us
[28.139s][info][gc,stats      ] Pause Init  Update Refs (N)          15 us
[28.139s][info][gc,stats      ]   Retire GCLABs                       7 us
[28.139s][info][gc,stats      ] Concurrent Update Refs           305371 us
[28.139s][info][gc,stats      ] Pause Final Update Refs (G)        4414 us
[28.139s][info][gc,stats      ] Pause Final Update Refs (N)         340 us
[28.139s][info][gc,stats      ]   Update Roots                      256 us, parallelism: 0.96x
[28.139s][info][gc,stats      ]     UR: <total>                     247 us
[28.139s][info][gc,stats      ]     UR: Thread Roots                247 us, workers (us): 247, 
[28.139s][info][gc,stats      ]   Update Region States               51 us
[28.139s][info][gc,stats      ]   Trash Collection Set                2 us
[28.139s][info][gc,stats      ]   Rebuild Free Set                   10 us
[28.139s][info][gc,stats      ] Concurrent Cleanup                   51 us
[28.139s][info][gc,stats      ] 
[28.139s][info][gc,stats      ] Allocation pacing accrued:
[28.139s][info][gc,stats      ]       0 of   709 ms (  0.0%): <total>
[28.139s][info][gc,stats      ]       0 of   709 ms (  0.0%): <average total>
[28.139s][info][gc,stats      ] 
[28.139s][info][gc,metaspace  ] Metaspace: 60079K->60079K(1103872K)
[28.139s][info][gc,ergo       ] Pacer for Idle. Initial: 15360K, Alloc Tax Rate: 1.0x
[28.140s][info][gc            ] Trigger: Learning 4 of 5. Free (502M) is below initial threshold (525M)
[28.140s][info][gc,ergo       ] Free: 502M, Max: 256K regular, 430M humongous, Frag: 15% external, 0% internal; Reserve: 38400K, Max: 256K
[28.140s][info][gc,start      ] GC(23) Concurrent reset
[28.140s][info][gc,task       ] GC(23) Using 1 of 1 workers for concurrent reset
[28.140s][info][gc,ergo       ] GC(23) Pacer for Reset. Non-Taxable: 750M
[28.141s][info][gc            ] GC(23) Concurrent reset 0.298ms
[28.141s][info][gc,start      ] GC(23) Pause Init Mark
[28.141s][info][gc,task       ] GC(23) Using 1 of 1 workers for init marking
[28.142s][info][gc,ergo       ] GC(23) Pacer for Mark. Expected Live: 166M, Free: 502M, Non-Taxable: 51481K, Alloc Tax Rate: 0.4x
[28.142s][info][gc            ] GC(23) Pause Init Mark 1.306ms
[28.142s][info][gc,start      ] GC(23) Concurrent marking
[28.142s][info][gc,task       ] GC(23) Using 1 of 1 workers for concurrent marking
[28.453s][info][gc            ] GC(23) Concurrent marking 311.128ms
[28.454s][info][gc,start      ] GC(23) Pause Final Mark
[28.454s][info][gc,task       ] GC(23) Using 1 of 1 workers for final marking
[28.454s][info][gc,ergo       ] GC(23) Collectable Garbage: 39680K (92%), Immediate: 39680K (92%), CSet: 0B (0%)
[28.454s][info][gc            ] GC(23) Pause Final Mark 0.430ms
[28.454s][info][gc,start      ] GC(23) Concurrent cleanup
[28.454s][info][gc            ] GC(23) Concurrent cleanup 239M->200M(241M) 0.061ms
[28.454s][info][gc,ergo       ] GC(23) Free: 510M, Max: 256K regular, 430M humongous, Frag: 16% external, 0% internal; Reserve: 38400K, Max: 256K
[28.454s][info][gc,ergo       ] Free: 510M, Max: 256K regular, 430M humongous, Frag: 16% external, 0% internal; Reserve: 38400K, Max: 256K
[28.454s][info][gc,stats      ] 
[28.454s][info][gc,stats      ] All times are wall-clock times, except per-root-class counters, that are sum over
[28.454s][info][gc,stats      ] all workers. Dividing the <total> over the root stage time estimates parallelism.
[28.454s][info][gc,stats      ] 
[28.454s][info][gc,stats      ] Concurrent Reset                    290 us
[28.454s][info][gc,stats      ] Pause Init Mark (G)                1484 us
[28.454s][info][gc,stats      ] Pause Init Mark (N)                1294 us
[28.454s][info][gc,stats      ]   Accumulate Stats                    9 us
[28.454s][info][gc,stats      ]   Make Parsable                       7 us
[28.454s][info][gc,stats      ]   Update Region States               28 us
[28.454s][info][gc,stats      ]   Scan Roots                       1215 us, parallelism: 0.77x
[28.454s][info][gc,stats      ]     S: <total>                      934 us
[28.454s][info][gc,stats      ]     S: Thread Roots                 281 us, workers (us): 281, 
[28.454s][info][gc,stats      ]     S: Universe Roots                 3 us, workers (us):   3, 
[28.454s][info][gc,stats      ]     S: JNI Handles Roots              2 us, workers (us):   2, 
[28.454s][info][gc,stats      ]     S: Synchronizer Roots             0 us, workers (us):   0, 
[28.454s][info][gc,stats      ]     S: Management Roots               1 us, workers (us):   1, 
[28.454s][info][gc,stats      ]     S: System Dict Roots             11 us, workers (us):  11, 
[28.454s][info][gc,stats      ]     S: CLDG Roots                   636 us, workers (us): 636, 
[28.454s][info][gc,stats      ]     S: JVMTI Roots                    0 us, workers (us):   0, 
[28.454s][info][gc,stats      ]   Resize TLABs                        6 us
[28.454s][info][gc,stats      ] Concurrent Marking               311119 us
[28.454s][info][gc,stats      ] Pause Final Mark (G)                519 us
[28.454s][info][gc,stats      ] Pause Final Mark (N)                379 us
[28.454s][info][gc,stats      ]   Finish Queues                      15 us
[28.454s][info][gc,stats      ]   System Purge                      264 us
[28.454s][info][gc,stats      ]     Weak Roots                      264 us
[28.454s][info][gc,stats      ]   Update Region States               49 us
[28.454s][info][gc,stats      ]   Retire TLABs                       10 us
[28.454s][info][gc,stats      ]   Choose Collection Set              17 us
[28.454s][info][gc,stats      ]   Rebuild Free Set                   11 us
[28.454s][info][gc,stats      ] Concurrent Cleanup                   54 us
[28.454s][info][gc,stats      ] 
[28.454s][info][gc,stats      ] Allocation pacing accrued:
[28.454s][info][gc,stats      ]       0 of   315 ms (  0.0%): <total>
[28.454s][info][gc,stats      ]       0 of   315 ms (  0.0%): <average total>
[28.454s][info][gc,stats      ] 
[28.454s][info][gc,metaspace  ] Metaspace: 60079K->60079K(1103872K)
[28.454s][info][gc,ergo       ] Pacer for Idle. Initial: 15360K, Alloc Tax Rate: 1.0x
[28.456s][info][gc            ] Trigger: Learning 5 of 5. Free (509M) is below initial threshold (525M)
[28.456s][info][gc,ergo       ] Free: 509M, Max: 256K regular, 430M humongous, Frag: 16% external, 0% internal; Reserve: 38400K, Max: 256K
[28.456s][info][gc,start      ] GC(24) Concurrent reset
[28.456s][info][gc,task       ] GC(24) Using 1 of 1 workers for concurrent reset
[28.456s][info][gc,ergo       ] GC(24) Pacer for Reset. Non-Taxable: 750M
[28.456s][info][gc            ] GC(24) Concurrent reset 0.261ms
[28.461s][info][gc,start      ] GC(24) Pause Init Mark
[28.461s][info][gc,task       ] GC(24) Using 1 of 1 workers for init marking
[28.462s][info][gc,ergo       ] GC(24) Pacer for Mark. Expected Live: 166M, Free: 509M, Non-Taxable: 52198K, Alloc Tax Rate: 0.4x
[28.462s][info][gc            ] GC(24) Pause Init Mark 1.273ms
[28.462s][info][gc,start      ] GC(24) Concurrent marking
[28.462s][info][gc,task       ] GC(24) Using 1 of 1 workers for concurrent marking
[28.754s][info][gc            ] GC(24) Concurrent marking 291.884ms
[28.754s][info][gc,start      ] GC(24) Pause Final Mark
[28.754s][info][gc,task       ] GC(24) Using 1 of 1 workers for final marking
[28.755s][info][gc,ergo       ] GC(24) Collectable Garbage: 32512K (91%), Immediate: 32512K (91%), CSet: 0B (0%)
[28.755s][info][gc            ] GC(24) Pause Final Mark 0.370ms
[28.755s][info][gc,start      ] GC(24) Concurrent cleanup
[28.755s][info][gc            ] GC(24) Concurrent cleanup 279M->248M(281M) 0.060ms
[28.755s][info][gc,ergo       ] GC(24) Free: 463M, Max: 256K regular, 430M humongous, Frag: 8% external, 0% internal; Reserve: 38400K, Max: 256K
[28.755s][info][gc,ergo       ] Free: 463M, Max: 256K regular, 430M humongous, Frag: 8% external, 0% internal; Reserve: 38400K, Max: 256K
[28.755s][info][gc,stats      ] 
[28.755s][info][gc,stats      ] All times are wall-clock times, except per-root-class counters, that are sum over
[28.755s][info][gc,stats      ] all workers. Dividing the <total> over the root stage time estimates parallelism.
[28.755s][info][gc,stats      ] 
[28.755s][info][gc,stats      ] Concurrent Reset                    255 us
[28.755s][info][gc,stats      ] Pause Init Mark (G)                5995 us
[28.755s][info][gc,stats      ] Pause Init Mark (N)                1235 us
[28.755s][info][gc,stats      ]   Accumulate Stats                    9 us
[28.755s][info][gc,stats      ]   Make Parsable                       7 us
[28.755s][info][gc,stats      ]   Update Region States               47 us
[28.755s][info][gc,stats      ]   Scan Roots                       1134 us, parallelism: 0.76x
[28.755s][info][gc,stats      ]     S: <total>                      860 us
[28.755s][info][gc,stats      ]     S: Thread Roots                 276 us, workers (us): 276, 
[28.755s][info][gc,stats      ]     S: Universe Roots                 2 us, workers (us):   2, 
[28.755s][info][gc,stats      ]     S: JNI Handles Roots              1 us, workers (us):   1, 
[28.755s][info][gc,stats      ]     S: Synchronizer Roots             0 us, workers (us):   0, 
[28.755s][info][gc,stats      ]     S: Management Roots               1 us, workers (us):   1, 
[28.755s][info][gc,stats      ]     S: System Dict Roots             12 us, workers (us):  12, 
[28.755s][info][gc,stats      ]     S: CLDG Roots                   566 us, workers (us): 566, 
[28.755s][info][gc,stats      ]     S: JVMTI Roots                    1 us, workers (us):   1, 
[28.755s][info][gc,stats      ]   Resize TLABs                        5 us
[28.755s][info][gc,stats      ] Concurrent Marking               291875 us
[28.755s][info][gc,stats      ] Pause Final Mark (G)                443 us
[28.755s][info][gc,stats      ] Pause Final Mark (N)                354 us
[28.755s][info][gc,stats      ]   Finish Queues                      11 us
[28.755s][info][gc,stats      ]   System Purge                      253 us
[28.755s][info][gc,stats      ]     Weak Roots                      253 us
[28.755s][info][gc,stats      ]   Update Region States               46 us
[28.755s][info][gc,stats      ]   Retire TLABs                        9 us
[28.755s][info][gc,stats      ]   Choose Collection Set              15 us
[28.755s][info][gc,stats      ]   Rebuild Free Set                   11 us
[28.755s][info][gc,stats      ] Concurrent Cleanup                   53 us
[28.755s][info][gc,stats      ] Pacing                            12790 us
[28.755s][info][gc,stats      ] 
[28.755s][info][gc,stats      ] Allocation pacing accrued:
[28.755s][info][gc,stats      ]      13 of   301 ms (  4.3%): Executor task launch worker for task 0.0 in stage 4.0 (TID 4)
[28.755s][info][gc,stats      ]      13 of   301 ms (  4.3%): <total>
[28.755s][info][gc,stats      ]       0 of   301 ms (  0.1%): <average total>
[28.755s][info][gc,stats      ]      13 of   301 ms (  4.3%): <average non-zero>
[28.755s][info][gc,stats      ] 
[28.755s][info][gc,metaspace  ] Metaspace: 60079K->60079K(1103872K)
[28.755s][info][gc,ergo       ] Pacer for Idle. Initial: 15360K, Alloc Tax Rate: 1.0x
[29.121s][info][gc            ] Trigger: Average GC time (464.64 ms) is above the time for allocation rate (446 MB/s) to deplete free headroom (207M)
[29.122s][info][gc,ergo       ] Free headroom: 244M (free) - 38400K (spike) - 0B (penalties) = 207M
[29.122s][info][gc,ergo       ] Free: 244M, Max: 256K regular, 244M humongous, Frag: 0% external, 1% internal; Reserve: 38400K, Max: 256K
[29.122s][info][gc,start      ] GC(25) Concurrent reset
[29.122s][info][gc,task       ] GC(25) Using 1 of 1 workers for concurrent reset
[29.122s][info][gc,ergo       ] GC(25) Pacer for Reset. Non-Taxable: 750M
[29.122s][info][gc            ] GC(25) Concurrent reset 0.314ms
[29.124s][info][gc,start      ] GC(25) Pause Init Mark (process weakrefs)
[29.124s][info][gc,task       ] GC(25) Using 1 of 1 workers for init marking
[29.126s][info][gc,ergo       ] GC(25) Pacer for Mark. Expected Live: 166M, Free: 244M, Non-Taxable: 25036K, Alloc Tax Rate: 0.8x
[29.126s][info][gc            ] GC(25) Pause Init Mark (process weakrefs) 1.544ms
[29.126s][info][gc,start      ] GC(25) Concurrent marking (process weakrefs)
[29.126s][info][gc,task       ] GC(25) Using 1 of 1 workers for concurrent marking
[29.276s][info][gc            ] GC(25) Concurrent marking (process weakrefs) 149.693ms
[29.276s][info][gc,start      ] GC(25) Concurrent precleaning
[29.276s][info][gc,task       ] GC(25) Using 1 of 1 workers for concurrent preclean
[29.276s][info][gc,ergo       ] GC(25) Pacer for Precleaning. Non-Taxable: 750M
[29.276s][info][gc            ] GC(25) Concurrent precleaning 0.594ms
[29.276s][info][gc,start      ] GC(25) Pause Final Mark (process weakrefs)
[29.276s][info][gc,task       ] GC(25) Using 1 of 1 workers for final marking
[29.277s][info][gc,ergo       ] GC(25) Collectable Garbage: 296M (98%), Immediate: 296M (98%), CSet: 0B (0%)
[29.277s][info][gc            ] GC(25) Pause Final Mark (process weakrefs) 0.407ms
[29.277s][info][gc,start      ] GC(25) Concurrent cleanup
[29.277s][info][gc            ] GC(25) Concurrent cleanup 505M->208M(507M) 0.141ms
[29.277s][info][gc,ergo       ] GC(25) Free: 502M, Max: 256K regular, 206M humongous, Frag: 60% external, 0% internal; Reserve: 38400K, Max: 256K
[29.277s][info][gc,ergo       ] Free: 502M, Max: 256K regular, 206M humongous, Frag: 60% external, 0% internal; Reserve: 38400K, Max: 256K
[29.277s][info][gc,stats      ] 
[29.277s][info][gc,stats      ] All times are wall-clock times, except per-root-class counters, that are sum over
[29.277s][info][gc,stats      ] all workers. Dividing the <total> over the root stage time estimates parallelism.
[29.277s][info][gc,stats      ] 
[29.277s][info][gc,stats      ] Concurrent Reset                    305 us
[29.277s][info][gc,stats      ] Pause Init Mark (G)                3823 us
[29.277s][info][gc,stats      ] Pause Init Mark (N)                1503 us
[29.277s][info][gc,stats      ]   Accumulate Stats                   14 us
[29.277s][info][gc,stats      ]   Make Parsable                      13 us
[29.277s][info][gc,stats      ]   Update Region States               51 us
[29.277s][info][gc,stats      ]   Scan Roots                       1357 us, parallelism: 0.76x
[29.277s][info][gc,stats      ]     S: <total>                     1032 us
[29.277s][info][gc,stats      ]     S: Thread Roots                 313 us, workers (us): 313, 
[29.277s][info][gc,stats      ]     S: Universe Roots                 3 us, workers (us):   3, 
[29.277s][info][gc,stats      ]     S: JNI Handles Roots              2 us, workers (us):   2, 
[29.277s][info][gc,stats      ]     S: Synchronizer Roots             1 us, workers (us):   1, 
[29.277s][info][gc,stats      ]     S: Management Roots               2 us, workers (us):   2, 
[29.277s][info][gc,stats      ]     S: System Dict Roots             15 us, workers (us):  15, 
[29.277s][info][gc,stats      ]     S: CLDG Roots                   696 us, workers (us): 696, 
[29.277s][info][gc,stats      ]     S: JVMTI Roots                    1 us, workers (us):   1, 
[29.277s][info][gc,stats      ]   Resize TLABs                        9 us
[29.277s][info][gc,stats      ] Concurrent Marking               149683 us
[29.277s][info][gc,stats      ] Concurrent Precleaning              585 us
[29.277s][info][gc,stats      ] Pause Final Mark (G)                493 us
[29.277s][info][gc,stats      ] Pause Final Mark (N)                399 us
[29.277s][info][gc,stats      ]   Finish Queues                      10 us
[29.277s][info][gc,stats      ]   Weak References                    24 us
[29.277s][info][gc,stats      ]     Process                          22 us
[29.277s][info][gc,stats      ]   System Purge                      277 us
[29.277s][info][gc,stats      ]     Weak Roots                      277 us
[29.277s][info][gc,stats      ]   Update Region States               46 us
[29.277s][info][gc,stats      ]   Retire TLABs                        9 us
[29.277s][info][gc,stats      ]   Choose Collection Set              18 us
[29.277s][info][gc,stats      ]   Rebuild Free Set                   10 us
[29.277s][info][gc,stats      ] Concurrent Cleanup                  134 us
[29.277s][info][gc,stats      ] Pacing                            72143 us
[29.277s][info][gc,stats      ] 
[29.277s][info][gc,stats      ] Allocation pacing accrued:
[29.277s][info][gc,stats      ]      72 of   522 ms ( 13.8%): Executor task launch worker for task 0.0 in stage 4.0 (TID 4)
[29.277s][info][gc,stats      ]      72 of   522 ms ( 13.8%): <total>
[29.277s][info][gc,stats      ]       1 of   522 ms (  0.2%): <average total>
[29.277s][info][gc,stats      ]      72 of   522 ms ( 13.8%): <average non-zero>
[29.277s][info][gc,stats      ] 
[29.277s][info][gc,metaspace  ] Metaspace: 60085K->60085K(1103872K)
[29.277s][info][gc,ergo       ] Pacer for Idle. Initial: 15360K, Alloc Tax Rate: 1.0x
[29.429s][info][gc            ] Trigger: Average GC time (431.59 ms) is above the time for allocation rate (685 MB/s) to deplete free headroom (293M)
[29.429s][info][gc,ergo       ] Free headroom: 330M (free) - 38400K (spike) - 0B (penalties) = 293M
[29.429s][info][gc,ergo       ] Free: 330M, Max: 256K regular, 206M humongous, Frag: 38% external, 0% internal; Reserve: 38400K, Max: 256K
[29.429s][info][gc,start      ] GC(26) Concurrent reset
[29.429s][info][gc,task       ] GC(26) Using 1 of 1 workers for concurrent reset
[29.429s][info][gc,ergo       ] GC(26) Pacer for Reset. Non-Taxable: 750M
[29.430s][info][gc            ] GC(26) Concurrent reset 0.284ms
[29.432s][info][gc,start      ] GC(26) Pause Init Mark
[29.432s][info][gc,task       ] GC(26) Using 1 of 1 workers for init marking
[29.433s][info][gc,ergo       ] GC(26) Pacer for Mark. Expected Live: 166M, Free: 330M, Non-Taxable: 33843K, Alloc Tax Rate: 0.6x
[29.433s][info][gc            ] GC(26) Pause Init Mark 1.400ms
[29.433s][info][gc,start      ] GC(26) Concurrent marking
[29.433s][info][gc,task       ] GC(26) Using 1 of 1 workers for concurrent marking
[29.580s][info][gc            ] GC(26) Concurrent marking 146.356ms
[29.580s][info][gc,start      ] GC(26) Pause Final Mark
[29.580s][info][gc,task       ] GC(26) Using 1 of 1 workers for final marking
[29.580s][info][gc,ergo       ] GC(26) Collectable Garbage: 209M (97%), Immediate: 209M (97%), CSet: 0B (0%)
[29.580s][info][gc            ] GC(26) Pause Final Mark 0.361ms
[29.580s][info][gc,start      ] GC(26) Concurrent cleanup
[29.580s][info][gc            ] GC(26) Concurrent cleanup 432M->223M(507M) 0.087ms
[29.580s][info][gc,ergo       ] GC(26) Free: 488M, Max: 256K regular, 224M humongous, Frag: 55% external, 0% internal; Reserve: 38400K, Max: 256K
[29.580s][info][gc,ergo       ] Free: 488M, Max: 256K regular, 224M humongous, Frag: 55% external, 0% internal; Reserve: 38400K, Max: 256K
[29.580s][info][gc,stats      ] 
[29.580s][info][gc,stats      ] All times are wall-clock times, except per-root-class counters, that are sum over
[29.580s][info][gc,stats      ] all workers. Dividing the <total> over the root stage time estimates parallelism.
[29.580s][info][gc,stats      ] 
[29.580s][info][gc,stats      ] Concurrent Reset                    276 us
[29.580s][info][gc,stats      ] Pause Init Mark (G)                3687 us
[29.580s][info][gc,stats      ] Pause Init Mark (N)                1377 us
[29.580s][info][gc,stats      ]   Accumulate Stats                   10 us
[29.580s][info][gc,stats      ]   Make Parsable                      11 us
[29.580s][info][gc,stats      ]   Update Region States               35 us
[29.580s][info][gc,stats      ]   Scan Roots                       1270 us, parallelism: 0.77x
[29.580s][info][gc,stats      ]     S: <total>                      977 us
[29.580s][info][gc,stats      ]     S: Thread Roots                 399 us, workers (us): 399, 
[29.580s][info][gc,stats      ]     S: Universe Roots                 2 us, workers (us):   2, 
[29.580s][info][gc,stats      ]     S: JNI Handles Roots              1 us, workers (us):   1, 
[29.580s][info][gc,stats      ]     S: Synchronizer Roots             0 us, workers (us):   0, 
[29.580s][info][gc,stats      ]     S: Management Roots               1 us, workers (us):   1, 
[29.580s][info][gc,stats      ]     S: System Dict Roots             12 us, workers (us):  12, 
[29.580s][info][gc,stats      ]     S: CLDG Roots                   560 us, workers (us): 560, 
[29.580s][info][gc,stats      ]     S: JVMTI Roots                    1 us, workers (us):   1, 
[29.580s][info][gc,stats      ]   Resize TLABs                        9 us
[29.580s][info][gc,stats      ] Concurrent Marking               146347 us
[29.580s][info][gc,stats      ] Pause Final Mark (G)                438 us
[29.580s][info][gc,stats      ] Pause Final Mark (N)                351 us
[29.580s][info][gc,stats      ]   Finish Queues                      10 us
[29.580s][info][gc,stats      ]   System Purge                      254 us
[29.580s][info][gc,stats      ]     Weak Roots                      254 us
[29.580s][info][gc,stats      ]   Update Region States               45 us
[29.580s][info][gc,stats      ]   Retire TLABs                        8 us
[29.580s][info][gc,stats      ]   Choose Collection Set              18 us
[29.580s][info][gc,stats      ]   Rebuild Free Set                   10 us
[29.580s][info][gc,stats      ] Concurrent Cleanup                   81 us
[29.580s][info][gc,stats      ] Pacing                            58798 us
[29.580s][info][gc,stats      ] 
[29.580s][info][gc,stats      ] Allocation pacing accrued:
[29.580s][info][gc,stats      ]      59 of   303 ms ( 19.4%): Executor task launch worker for task 0.0 in stage 4.0 (TID 4)
[29.580s][info][gc,stats      ]      59 of   303 ms ( 19.4%): <total>
[29.580s][info][gc,stats      ]       1 of   303 ms (  0.3%): <average total>
[29.580s][info][gc,stats      ]      59 of   303 ms ( 19.4%): <average non-zero>
[29.580s][info][gc,stats      ] 
[29.580s][info][gc,metaspace  ] Metaspace: 60092K->60092K(1103872K)
[29.580s][info][gc,ergo       ] Pacer for Idle. Initial: 15360K, Alloc Tax Rate: 1.0x
[29.749s][info][gc            ] Trigger: Average GC time (325.13 ms) is above the time for allocation rate (782 MB/s) to deplete free headroom (252M)
[29.749s][info][gc,ergo       ] Free headroom: 289M (free) - 38400K (spike) - 0B (penalties) = 252M
[29.749s][info][gc,ergo       ] Free: 289M, Max: 256K regular, 224M humongous, Frag: 23% external, 0% internal; Reserve: 38400K, Max: 256K
[29.749s][info][gc,start      ] GC(27) Concurrent reset
[29.749s][info][gc,task       ] GC(27) Using 1 of 1 workers for concurrent reset
[29.749s][info][gc,ergo       ] GC(27) Pacer for Reset. Non-Taxable: 750M
[29.749s][info][gc            ] GC(27) Concurrent reset 0.277ms
[29.751s][info][gc,start      ] GC(27) Pause Init Mark
[29.751s][info][gc,task       ] GC(27) Using 1 of 1 workers for init marking
[29.753s][info][gc,ergo       ] GC(27) Pacer for Mark. Expected Live: 167M, Free: 289M, Non-Taxable: 29670K, Alloc Tax Rate: 0.7x
[29.753s][info][gc            ] GC(27) Pause Init Mark 1.354ms
[29.753s][info][gc,start      ] GC(27) Concurrent marking
[29.753s][info][gc,task       ] GC(27) Using 1 of 1 workers for concurrent marking
[29.899s][info][gc            ] GC(27) Concurrent marking 146.461ms
[29.900s][info][gc,start      ] GC(27) Pause Final Mark
[29.900s][info][gc,task       ] GC(27) Using 1 of 1 workers for final marking
[29.900s][info][gc,ergo       ] GC(27) Collectable Garbage: 249M (98%), Immediate: 249M (98%), CSet: 0B (0%)
[29.900s][info][gc            ] GC(27) Pause Final Mark 0.376ms
[29.900s][info][gc,start      ] GC(27) Concurrent cleanup
[29.901s][info][gc            ] GC(27) Concurrent cleanup 467M->217M(507M) 0.952ms
[29.901s][info][gc,ergo       ] GC(27) Free: 494M, Max: 256K regular, 224M humongous, Frag: 55% external, 0% internal; Reserve: 38400K, Max: 256K
[29.901s][info][gc,ergo       ] Free: 494M, Max: 256K regular, 224M humongous, Frag: 55% external, 0% internal; Reserve: 38400K, Max: 256K
[29.901s][info][gc,stats      ] 
[29.901s][info][gc,stats      ] All times are wall-clock times, except per-root-class counters, that are sum over
[29.901s][info][gc,stats      ] all workers. Dividing the <total> over the root stage time estimates parallelism.
[29.901s][info][gc,stats      ] 
[29.901s][info][gc,stats      ] Concurrent Reset                    268 us
[29.901s][info][gc,stats      ] Pause Init Mark (G)                3666 us
[29.901s][info][gc,stats      ] Pause Init Mark (N)                1329 us
[29.901s][info][gc,stats      ]   Accumulate Stats                   10 us
[29.901s][info][gc,stats      ]   Make Parsable                       8 us
[29.901s][info][gc,stats      ]   Update Region States               35 us
[29.901s][info][gc,stats      ]   Scan Roots                       1234 us, parallelism: 0.77x
[29.901s][info][gc,stats      ]     S: <total>                      944 us
[29.901s][info][gc,stats      ]     S: Thread Roots                 397 us, workers (us): 397, 
[29.901s][info][gc,stats      ]     S: Universe Roots                 2 us, workers (us):   2, 
[29.901s][info][gc,stats      ]     S: JNI Handles Roots              1 us, workers (us):   1, 
[29.901s][info][gc,stats      ]     S: Synchronizer Roots             0 us, workers (us):   0, 
[29.901s][info][gc,stats      ]     S: Management Roots               1 us, workers (us):   1, 
[29.901s][info][gc,stats      ]     S: System Dict Roots             11 us, workers (us):  11, 
[29.901s][info][gc,stats      ]     S: CLDG Roots                   531 us, workers (us): 531, 
[29.901s][info][gc,stats      ]     S: JVMTI Roots                    1 us, workers (us):   1, 
[29.901s][info][gc,stats      ]   Resize TLABs                        7 us
[29.901s][info][gc,stats      ] Concurrent Marking               146452 us
[29.901s][info][gc,stats      ] Pause Final Mark (G)                484 us
[29.901s][info][gc,stats      ] Pause Final Mark (N)                360 us
[29.901s][info][gc,stats      ]   Finish Queues                      15 us
[29.901s][info][gc,stats      ]   System Purge                      255 us
[29.901s][info][gc,stats      ]     Weak Roots                      255 us
[29.901s][info][gc,stats      ]   Update Region States               46 us
[29.901s][info][gc,stats      ]   Retire TLABs                        9 us
[29.901s][info][gc,stats      ]   Choose Collection Set              18 us
[29.901s][info][gc,stats      ]   Rebuild Free Set                   10 us
[29.901s][info][gc,stats      ] Concurrent Cleanup                  943 us
[29.901s][info][gc,stats      ] Pacing                            70326 us
[29.901s][info][gc,stats      ] 
[29.901s][info][gc,stats      ] Allocation pacing accrued:
[29.901s][info][gc,stats      ]      70 of   321 ms ( 21.9%): Executor task launch worker for task 0.0 in stage 4.0 (TID 4)
[29.901s][info][gc,stats      ]      70 of   321 ms ( 21.9%): <total>
[29.901s][info][gc,stats      ]       1 of   321 ms (  0.3%): <average total>
[29.901s][info][gc,stats      ]      70 of   321 ms ( 21.9%): <average non-zero>
[29.901s][info][gc,stats      ] 
[29.901s][info][gc,metaspace  ] Metaspace: 60092K->60092K(1103872K)
[29.901s][info][gc,ergo       ] Pacer for Idle. Initial: 15360K, Alloc Tax Rate: 1.0x
[30.137s][info][gc            ] Trigger: Average GC time (214.16 ms) is above the time for allocation rate (835 MB/s) to deplete free headroom (178M)
[30.137s][info][gc,ergo       ] Free headroom: 215M (free) - 38400K (spike) - 0B (penalties) = 178M
[30.137s][info][gc,ergo       ] Free: 215M, Max: 256K regular, 215M humongous, Frag: 0% external, 1% internal; Reserve: 38400K, Max: 256K
[30.137s][info][gc,start      ] GC(28) Concurrent reset
[30.137s][info][gc,task       ] GC(28) Using 1 of 1 workers for concurrent reset
[30.137s][info][gc,ergo       ] GC(28) Pacer for Reset. Non-Taxable: 750M
[30.137s][info][gc            ] GC(28) Concurrent reset 0.286ms
[30.139s][info][gc,start      ] GC(28) Pause Init Mark
[30.139s][info][gc,task       ] GC(28) Using 1 of 1 workers for init marking
[30.141s][info][gc,ergo       ] GC(28) Pacer for Mark. Expected Live: 167M, Free: 215M, Non-Taxable: 22092K, Alloc Tax Rate: 0.9x
[30.141s][info][gc            ] GC(28) Pause Init Mark 1.331ms
[30.141s][info][gc,start      ] GC(28) Concurrent marking
[30.141s][info][gc,task       ] GC(28) Using 1 of 1 workers for concurrent marking
[30.307s][info][gc            ] GC(28) Concurrent marking 166.202ms
[30.307s][info][gc,start      ] GC(28) Pause Final Mark
[30.307s][info][gc,task       ] GC(28) Using 1 of 1 workers for final marking
[30.307s][info][gc,ergo       ] GC(28) Collectable Garbage: 323M (98%), Immediate: 323M (98%), CSet: 0B (0%)
[30.307s][info][gc            ] GC(28) Pause Final Mark 0.363ms
[30.307s][info][gc,start      ] GC(28) Concurrent cleanup
[30.308s][info][gc            ] GC(28) Concurrent cleanup 529M->205M(531M) 0.104ms
[30.308s][info][gc,ergo       ] GC(28) Free: 505M, Max: 256K regular, 182M humongous, Frag: 65% external, 0% internal; Reserve: 38400K, Max: 256K
[30.308s][info][gc,ergo       ] Free: 505M, Max: 256K regular, 182M humongous, Frag: 65% external, 0% internal; Reserve: 38400K, Max: 256K
[30.308s][info][gc,stats      ] 
[30.308s][info][gc,stats      ] All times are wall-clock times, except per-root-class counters, that are sum over
[30.308s][info][gc,stats      ] all workers. Dividing the <total> over the root stage time estimates parallelism.
[30.308s][info][gc,stats      ] 
[30.308s][info][gc,stats      ] Concurrent Reset                    277 us
[30.308s][info][gc,stats      ] Pause Init Mark (G)                3617 us
[30.308s][info][gc,stats      ] Pause Init Mark (N)                1306 us
[30.308s][info][gc,stats      ]   Accumulate Stats                   10 us
[30.308s][info][gc,stats      ]   Make Parsable                       8 us
[30.308s][info][gc,stats      ]   Update Region States               35 us
[30.308s][info][gc,stats      ]   Scan Roots                       1213 us, parallelism: 0.73x
[30.308s][info][gc,stats      ]     S: <total>                      885 us
[30.308s][info][gc,stats      ]     S: Thread Roots                 326 us, workers (us): 326, 
[30.308s][info][gc,stats      ]     S: Universe Roots                 2 us, workers (us):   2, 
[30.308s][info][gc,stats      ]     S: JNI Handles Roots              2 us, workers (us):   2, 
[30.308s][info][gc,stats      ]     S: Synchronizer Roots             0 us, workers (us):   0, 
[30.308s][info][gc,stats      ]     S: Management Roots               2 us, workers (us):   2, 
[30.308s][info][gc,stats      ]     S: System Dict Roots             12 us, workers (us):  12, 
[30.308s][info][gc,stats      ]     S: CLDG Roots                   541 us, workers (us): 541, 
[30.308s][info][gc,stats      ]     S: JVMTI Roots                    1 us, workers (us):   1, 
[30.308s][info][gc,stats      ]   Resize TLABs                        6 us
[30.308s][info][gc,stats      ] Concurrent Marking               166191 us
[30.308s][info][gc,stats      ] Pause Final Mark (G)                441 us
[30.308s][info][gc,stats      ] Pause Final Mark (N)                353 us
[30.308s][info][gc,stats      ]   Finish Queues                      11 us
[30.308s][info][gc,stats      ]   System Purge                      254 us
[30.308s][info][gc,stats      ]     Weak Roots                      254 us
[30.308s][info][gc,stats      ]   Update Region States               44 us
[30.308s][info][gc,stats      ]   Retire TLABs                        9 us
[30.308s][info][gc,stats      ]   Choose Collection Set              19 us
[30.308s][info][gc,stats      ]   Rebuild Free Set                   10 us
[30.308s][info][gc,stats      ] Concurrent Cleanup                   98 us
[30.308s][info][gc,stats      ] Pacing                            57340 us
[30.308s][info][gc,stats      ] 
[30.308s][info][gc,stats      ] Allocation pacing accrued:
[30.308s][info][gc,stats      ]      57 of   406 ms ( 14.1%): Executor task launch worker for task 0.0 in stage 4.0 (TID 4)
[30.308s][info][gc,stats      ]      57 of   406 ms ( 14.1%): <total>
[30.308s][info][gc,stats      ]       1 of   406 ms (  0.2%): <average total>
[30.308s][info][gc,stats      ]      57 of   406 ms ( 14.1%): <average non-zero>
[30.308s][info][gc,stats      ] 
[30.308s][info][gc,metaspace  ] Metaspace: 60092K->60092K(1103872K)
[30.308s][info][gc,ergo       ] Pacer for Idle. Initial: 15360K, Alloc Tax Rate: 1.0x
[30.583s][info][gc            ] Trigger: Average GC time (185.58 ms) is above the time for allocation rate (795 MB/s) to deplete free headroom (147M)
[30.583s][info][gc,ergo       ] Free headroom: 184M (free) - 38400K (spike) - 0B (penalties) = 147M
[30.583s][info][gc,ergo       ] Free: 184M, Max: 256K regular, 182M humongous, Frag: 2% external, 1% internal; Reserve: 38400K, Max: 256K
[30.583s][info][gc,start      ] GC(29) Concurrent reset
[30.583s][info][gc,task       ] GC(29) Using 1 of 1 workers for concurrent reset
[30.583s][info][gc,ergo       ] GC(29) Pacer for Reset. Non-Taxable: 750M
[30.584s][info][gc            ] GC(29) Concurrent reset 0.318ms
[30.586s][info][gc,start      ] GC(29) Pause Init Mark
[30.586s][info][gc,task       ] GC(29) Using 1 of 1 workers for init marking
[30.587s][info][gc,ergo       ] GC(29) Pacer for Mark. Expected Live: 167M, Free: 184M, Non-Taxable: 18918K, Alloc Tax Rate: 1.1x
[30.587s][info][gc            ] GC(29) Pause Init Mark 1.315ms
[30.587s][info][gc,start      ] GC(29) Concurrent marking
[30.587s][info][gc,task       ] GC(29) Using 1 of 1 workers for concurrent marking
[30.719s][info][gc            ] GC(29) Concurrent marking 131.948ms
[30.719s][info][gc,start      ] GC(29) Pause Final Mark
[30.719s][info][gc,task       ] GC(29) Using 1 of 1 workers for final marking
[30.720s][info][gc,ergo       ] GC(29) Collectable Garbage: 354M (98%), Immediate: 354M (98%), CSet: 0B (0%)
[30.720s][info][gc            ] GC(29) Pause Final Mark 0.365ms
[30.720s][info][gc,start      ] GC(29) Concurrent cleanup
[30.720s][info][gc            ] GC(29) Concurrent cleanup 556M->201M(557M) 0.109ms
[30.720s][info][gc,ergo       ] GC(29) Free: 510M, Max: 256K regular, 155M humongous, Frag: 70% external, 0% internal; Reserve: 38400K, Max: 256K
[30.720s][info][gc,ergo       ] Free: 510M, Max: 256K regular, 155M humongous, Frag: 70% external, 0% internal; Reserve: 38400K, Max: 256K
[30.720s][info][gc,stats      ] 
[30.720s][info][gc,stats      ] All times are wall-clock times, except per-root-class counters, that are sum over
[30.720s][info][gc,stats      ] all workers. Dividing the <total> over the root stage time estimates parallelism.
[30.720s][info][gc,stats      ] 
[30.720s][info][gc,stats      ] Concurrent Reset                    310 us
[30.720s][info][gc,stats      ] Pause Init Mark (G)                3657 us
[30.720s][info][gc,stats      ] Pause Init Mark (N)                1286 us
[30.720s][info][gc,stats      ]   Accumulate Stats                    9 us
[30.720s][info][gc,stats      ]   Make Parsable                       8 us
[30.720s][info][gc,stats      ]   Update Region States               56 us
[30.720s][info][gc,stats      ]   Scan Roots                       1171 us, parallelism: 0.77x
[30.720s][info][gc,stats      ]     S: <total>                      896 us
[30.720s][info][gc,stats      ]     S: Thread Roots                 345 us, workers (us): 345, 
[30.720s][info][gc,stats      ]     S: Universe Roots                 2 us, workers (us):   2, 
[30.720s][info][gc,stats      ]     S: JNI Handles Roots              2 us, workers (us):   2, 
[30.720s][info][gc,stats      ]     S: Synchronizer Roots             0 us, workers (us):   0, 
[30.720s][info][gc,stats      ]     S: Management Roots               2 us, workers (us):   2, 
[30.720s][info][gc,stats      ]     S: System Dict Roots             11 us, workers (us):  11, 
[30.720s][info][gc,stats      ]     S: CLDG Roots                   534 us, workers (us): 534, 
[30.720s][info][gc,stats      ]     S: JVMTI Roots                    1 us, workers (us):   1, 
[30.720s][info][gc,stats      ]   Resize TLABs                        6 us
[30.720s][info][gc,stats      ] Concurrent Marking               131940 us
[30.720s][info][gc,stats      ] Pause Final Mark (G)                438 us
[30.720s][info][gc,stats      ] Pause Final Mark (N)                355 us
[30.720s][info][gc,stats      ]   Finish Queues                      11 us
[30.720s][info][gc,stats      ]   System Purge                      256 us
[30.720s][info][gc,stats      ]     Weak Roots                      256 us
[30.720s][info][gc,stats      ]   Update Region States               43 us
[30.720s][info][gc,stats      ]   Retire TLABs                        9 us
[30.720s][info][gc,stats      ]   Choose Collection Set              20 us
[30.720s][info][gc,stats      ]   Rebuild Free Set                   11 us
[30.720s][info][gc,stats      ] Concurrent Cleanup                  102 us
[30.720s][info][gc,stats      ] Pacing                            72464 us
[30.720s][info][gc,stats      ] 
[30.720s][info][gc,stats      ] Allocation pacing accrued:
[30.720s][info][gc,stats      ]      72 of   412 ms ( 17.6%): Executor task launch worker for task 0.0 in stage 4.0 (TID 4)
[30.720s][info][gc,stats      ]      72 of   412 ms ( 17.6%): <total>
[30.720s][info][gc,stats      ]       1 of   412 ms (  0.2%): <average total>
[30.720s][info][gc,stats      ]      72 of   412 ms ( 17.6%): <average non-zero>
[30.720s][info][gc,stats      ] 
[30.720s][info][gc,metaspace  ] Metaspace: 60092K->60092K(1103872K)
[30.720s][info][gc,ergo       ] Pacer for Idle. Initial: 15360K, Alloc Tax Rate: 1.0x
[31.036s][info][gc            ] Trigger: Average GC time (153.13 ms) is above the time for allocation rate (831 MB/s) to deplete free headroom (126M)
[31.036s][info][gc,ergo       ] Free headroom: 163M (free) - 38400K (spike) - 0B (penalties) = 126M
[31.036s][info][gc,ergo       ] Free: 163M, Max: 256K regular, 155M humongous, Frag: 6% external, 1% internal; Reserve: 38400K, Max: 256K
[31.036s][info][gc,start      ] GC(30) Concurrent reset
[31.036s][info][gc,task       ] GC(30) Using 1 of 1 workers for concurrent reset
[31.036s][info][gc,ergo       ] GC(30) Pacer for Reset. Non-Taxable: 750M
[31.036s][info][gc            ] GC(30) Concurrent reset 0.287ms
[31.039s][info][gc,start      ] GC(30) Pause Init Mark (process weakrefs)
[31.039s][info][gc,task       ] GC(30) Using 1 of 1 workers for init marking
[31.040s][info][gc,ergo       ] GC(30) Pacer for Mark. Expected Live: 167M, Free: 163M, Non-Taxable: 16768K, Alloc Tax Rate: 1.2x
[31.040s][info][gc            ] GC(30) Pause Init Mark (process weakrefs) 1.263ms
[31.040s][info][gc,start      ] GC(30) Concurrent marking (process weakrefs)
[31.040s][info][gc,task       ] GC(30) Using 1 of 1 workers for concurrent marking
[31.166s][info][gc            ] GC(30) Concurrent marking (process weakrefs) 126.343ms
[31.166s][info][gc,start      ] GC(30) Concurrent precleaning
[31.166s][info][gc,task       ] GC(30) Using 1 of 1 workers for concurrent preclean
[31.166s][info][gc,ergo       ] GC(30) Pacer for Precleaning. Non-Taxable: 750M
[31.167s][info][gc            ] GC(30) Concurrent precleaning 0.541ms
[31.167s][info][gc,start      ] GC(30) Pause Final Mark (process weakrefs)
[31.167s][info][gc,task       ] GC(30) Using 1 of 1 workers for final marking
[31.167s][info][gc,ergo       ] GC(30) Collectable Garbage: 375M (98%), Immediate: 375M (98%), CSet: 0B (0%)
[31.167s][info][gc            ] GC(30) Pause Final Mark (process weakrefs) 0.403ms
[31.167s][info][gc,start      ] GC(30) Concurrent cleanup
[31.167s][info][gc            ] GC(30) Concurrent cleanup 574M->198M(575M) 0.113ms
[31.167s][info][gc,ergo       ] GC(30) Free: 513M, Max: 256K regular, 137M humongous, Frag: 74% external, 0% internal; Reserve: 38400K, Max: 256K
[31.167s][info][gc,ergo       ] Free: 513M, Max: 256K regular, 137M humongous, Frag: 74% external, 0% internal; Reserve: 38400K, Max: 256K
[31.167s][info][gc,stats      ] 
[31.167s][info][gc,stats      ] All times are wall-clock times, except per-root-class counters, that are sum over
[31.167s][info][gc,stats      ] all workers. Dividing the <total> over the root stage time estimates parallelism.
[31.167s][info][gc,stats      ] 
[31.167s][info][gc,stats      ] Concurrent Reset                    276 us
[31.167s][info][gc,stats      ] Pause Init Mark (G)                3677 us
[31.167s][info][gc,stats      ] Pause Init Mark (N)                1233 us
[31.167s][info][gc,stats      ]   Accumulate Stats                   11 us
[31.167s][info][gc,stats      ]   Make Parsable                       7 us
[31.168s][info][gc,stats      ]   Update Region States               42 us
[31.168s][info][gc,stats      ]   Scan Roots                       1137 us, parallelism: 0.76x
[31.168s][info][gc,stats      ]     S: <total>                      864 us
[31.168s][info][gc,stats      ]     S: Thread Roots                 310 us, workers (us): 310, 
[31.168s][info][gc,stats      ]     S: Universe Roots                 2 us, workers (us):   2, 
[31.168s][info][gc,stats      ]     S: JNI Handles Roots              2 us, workers (us):   2, 
[31.168s][info][gc,stats      ]     S: Synchronizer Roots             0 us, workers (us):   0, 
[31.168s][info][gc,stats      ]     S: Management Roots               1 us, workers (us):   1, 
[31.168s][info][gc,stats      ]     S: System Dict Roots             11 us, workers (us):  11, 
[31.168s][info][gc,stats      ]     S: CLDG Roots                   537 us, workers (us): 537, 
[31.168s][info][gc,stats      ]     S: JVMTI Roots                    1 us, workers (us):   1, 
[31.168s][info][gc,stats      ]   Resize TLABs                        6 us
[31.168s][info][gc,stats      ] Concurrent Marking               126334 us
[31.168s][info][gc,stats      ] Concurrent Precleaning              532 us
[31.168s][info][gc,stats      ] Pause Final Mark (G)                493 us
[31.168s][info][gc,stats      ] Pause Final Mark (N)                396 us
[31.168s][info][gc,stats      ]   Finish Queues                      11 us
[31.168s][info][gc,stats      ]   Weak References                    16 us
[31.168s][info][gc,stats      ]     Process                          14 us
[31.168s][info][gc,stats      ]   System Purge                      280 us
[31.168s][info][gc,stats      ]     Weak Roots                      280 us
[31.168s][info][gc,stats      ]   Update Region States               45 us
[31.168s][info][gc,stats      ]   Retire TLABs                        9 us
[31.168s][info][gc,stats      ]   Choose Collection Set              20 us
[31.168s][info][gc,stats      ]   Rebuild Free Set                   10 us
[31.168s][info][gc,stats      ] Concurrent Cleanup                  106 us
[31.168s][info][gc,stats      ] Pacing                            82859 us
[31.168s][info][gc,stats      ] 
[31.168s][info][gc,stats      ] Allocation pacing accrued:
[31.168s][info][gc,stats      ]      13 of   448 ms (  2.8%): Spark Context Cleaner
[31.168s][info][gc,stats      ]      70 of   448 ms ( 15.7%): Executor task launch worker for task 0.0 in stage 4.0 (TID 4)
[31.168s][info][gc,stats      ]      83 of   448 ms ( 18.5%): <total>
[31.168s][info][gc,stats      ]       1 of   448 ms (  0.2%): <average total>
[31.168s][info][gc,stats      ]      41 of   448 ms (  9.3%): <average non-zero>
[31.168s][info][gc,stats      ] 
[31.168s][info][gc,metaspace  ] Metaspace: 60092K->60092K(1103872K)
[31.168s][info][gc,ergo       ] Pacer for Idle. Initial: 15360K, Alloc Tax Rate: 1.0x
[31.483s][info][gc            ] Trigger: Average GC time (148.41 ms) is above the time for allocation rate (846 MB/s) to deplete free headroom (123M)
[31.483s][info][gc,ergo       ] Free headroom: 161M (free) - 38400K (spike) - 0B (penalties) = 123M
[31.483s][info][gc,ergo       ] Free: 161M, Max: 256K regular, 137M humongous, Frag: 15% external, 1% internal; Reserve: 38400K, Max: 256K
[31.483s][info][gc,start      ] GC(31) Concurrent reset
[31.483s][info][gc,task       ] GC(31) Using 1 of 1 workers for concurrent reset
[31.483s][info][gc,ergo       ] GC(31) Pacer for Reset. Non-Taxable: 750M
[31.484s][info][gc            ] GC(31) Concurrent reset 0.287ms
[31.486s][info][gc,start      ] GC(31) Pause Init Mark
[31.486s][info][gc,task       ] GC(31) Using 1 of 1 workers for init marking
[31.487s][info][gc,ergo       ] GC(31) Pacer for Mark. Expected Live: 167M, Free: 161M, Non-Taxable: 16486K, Alloc Tax Rate: 1.3x
[31.487s][info][gc            ] GC(31) Pause Init Mark 1.317ms
[31.487s][info][gc,start      ] GC(31) Concurrent marking
[31.487s][info][gc,task       ] GC(31) Using 1 of 1 workers for concurrent marking
[31.613s][info][gc            ] GC(31) Concurrent marking 125.322ms
[31.613s][info][gc,start      ] GC(31) Pause Final Mark
[31.613s][info][gc,task       ] GC(31) Using 1 of 1 workers for final marking
[31.613s][info][gc,ergo       ] GC(31) Collectable Garbage: 378M (98%), Immediate: 378M (98%), CSet: 0B (0%)
[31.613s][info][gc            ] GC(31) Pause Final Mark 0.472ms
[31.613s][info][gc,start      ] GC(31) Concurrent cleanup
[31.613s][info][gc            ] GC(31) Concurrent cleanup 576M->198M(578M) 0.119ms
[31.613s][info][gc,ergo       ] GC(31) Free: 513M, Max: 256K regular, 135M humongous, Frag: 74% external, 0% internal; Reserve: 38400K, Max: 256K
[31.613s][info][gc,ergo       ] Free: 513M, Max: 256K regular, 135M humongous, Frag: 74% external, 0% internal; Reserve: 38400K, Max: 256K
[31.613s][info][gc,stats      ] 
[31.613s][info][gc,stats      ] All times are wall-clock times, except per-root-class counters, that are sum over
[31.613s][info][gc,stats      ] all workers. Dividing the <total> over the root stage time estimates parallelism.
[31.613s][info][gc,stats      ] 
[31.613s][info][gc,stats      ] Concurrent Reset                    279 us
[31.613s][info][gc,stats      ] Pause Init Mark (G)                3654 us
[31.613s][info][gc,stats      ] Pause Init Mark (N)                1291 us
[31.613s][info][gc,stats      ]   Accumulate Stats                   10 us
[31.613s][info][gc,stats      ]   Make Parsable                       8 us
[31.613s][info][gc,stats      ]   Update Region States               37 us
[31.613s][info][gc,stats      ]   Scan Roots                       1200 us, parallelism: 0.75x
[31.613s][info][gc,stats      ]     S: <total>                      902 us
[31.613s][info][gc,stats      ]     S: Thread Roots                 315 us, workers (us): 315, 
[31.613s][info][gc,stats      ]     S: Universe Roots                 2 us, workers (us):   2, 
[31.613s][info][gc,stats      ]     S: JNI Handles Roots              1 us, workers (us):   1, 
[31.613s][info][gc,stats      ]     S: Synchronizer Roots             0 us, workers (us):   0, 
[31.613s][info][gc,stats      ]     S: Management Roots               2 us, workers (us):   2, 
[31.613s][info][gc,stats      ]     S: System Dict Roots             11 us, workers (us):  11, 
[31.613s][info][gc,stats      ]     S: CLDG Roots                   569 us, workers (us): 569, 
[31.613s][info][gc,stats      ]     S: JVMTI Roots                    1 us, workers (us):   1, 
[31.613s][info][gc,stats      ]   Resize TLABs                        7 us
[31.613s][info][gc,stats      ] Concurrent Marking               125301 us
[31.613s][info][gc,stats      ] Pause Final Mark (G)                561 us
[31.613s][info][gc,stats      ] Pause Final Mark (N)                461 us
[31.613s][info][gc,stats      ]   Finish Queues                      12 us
[31.613s][info][gc,stats      ]   System Purge                      273 us
[31.613s][info][gc,stats      ]     Weak Roots                      273 us
[31.613s][info][gc,stats      ]   Update Region States              111 us
[31.613s][info][gc,stats      ]   Retire TLABs                       12 us
[31.613s][info][gc,stats      ]   Choose Collection Set              33 us
[31.613s][info][gc,stats      ]   Rebuild Free Set                   12 us
[31.613s][info][gc,stats      ] Concurrent Cleanup                  112 us
[31.613s][info][gc,stats      ] Pacing                            84063 us
[31.613s][info][gc,stats      ] 
[31.613s][info][gc,stats      ] Allocation pacing accrued:
[31.613s][info][gc,stats      ]      84 of   446 ms ( 18.9%): Executor task launch worker for task 0.0 in stage 4.0 (TID 4)
[31.613s][info][gc,stats      ]      84 of   446 ms ( 18.9%): <total>
[31.613s][info][gc,stats      ]       1 of   446 ms (  0.2%): <average total>
[31.613s][info][gc,stats      ]      84 of   446 ms ( 18.9%): <average non-zero>
[31.613s][info][gc,stats      ] 
[31.614s][info][gc,metaspace  ] Metaspace: 60092K->60092K(1103872K)
[31.614s][info][gc,ergo       ] Pacer for Idle. Initial: 15360K, Alloc Tax Rate: 1.0x
[31.785s][info][gc            ] Trigger: Explicit GC request (System.gc())
[31.785s][info][gc,ergo       ] Free: 443M, Max: 256K regular, 135M humongous, Frag: 70% external, 0% internal; Reserve: 38400K, Max: 256K
[31.785s][info][gc,start      ] GC(32) Concurrent reset
[31.785s][info][gc,task       ] GC(32) Using 1 of 1 workers for concurrent reset
[31.785s][info][gc,ergo       ] GC(32) Pacer for Reset. Non-Taxable: 750M
[31.786s][info][gc            ] GC(32) Concurrent reset 0.284ms
[31.786s][info][gc,start      ] GC(32) Pause Init Mark (process weakrefs) (unload classes)
[31.786s][info][gc,task       ] GC(32) Using 1 of 1 workers for init marking
[31.787s][info][gc,ergo       ] GC(32) Pacer for Mark. Expected Live: 167M, Free: 443M, Non-Taxable: 45440K, Alloc Tax Rate: 0.5x
[31.787s][info][gc            ] GC(32) Pause Init Mark (process weakrefs) (unload classes) 0.825ms
[31.787s][info][gc,start      ] GC(32) Concurrent marking (process weakrefs) (unload classes)
[31.787s][info][gc,task       ] GC(32) Using 1 of 1 workers for concurrent marking
[31.911s][info][gc            ] GC(32) Concurrent marking (process weakrefs) (unload classes) 123.904ms
[31.911s][info][gc,start      ] GC(32) Concurrent precleaning
[31.911s][info][gc,task       ] GC(32) Using 1 of 1 workers for concurrent preclean
[31.911s][info][gc,ergo       ] GC(32) Pacer for Precleaning. Non-Taxable: 750M
[31.911s][info][gc            ] GC(32) Concurrent precleaning 0.270ms
[31.911s][info][gc,start      ] GC(32) Pause Final Mark (process weakrefs) (unload classes)
[31.911s][info][gc,task       ] GC(32) Using 1 of 1 workers for final marking
[31.933s][info][gc,stringtable] GC(32) Cleaned string and symbol table, strings: 18452 processed, 0 removed, symbols: 131954 processed, 202 removed
[31.934s][info][gc,ergo       ] GC(32) Collectable Garbage: 96256K (92%), Immediate: 96256K (92%), CSet: 0B (0%)
[31.934s][info][gc            ] GC(32) Pause Final Mark (process weakrefs) (unload classes) 22.921ms
[31.934s][info][gc,start      ] GC(32) Concurrent cleanup
[31.934s][info][gc            ] GC(32) Concurrent cleanup 267M->173M(578M) 0.072ms
[31.934s][info][gc,ergo       ] GC(32) Free: 537M, Max: 256K regular, 224M humongous, Frag: 59% external, 0% internal; Reserve: 38400K, Max: 256K
[31.934s][info][gc,ergo       ] Free: 537M, Max: 256K regular, 224M humongous, Frag: 59% external, 0% internal; Reserve: 38400K, Max: 256K
[31.934s][info][gc,stats      ] 
[31.934s][info][gc,stats      ] All times are wall-clock times, except per-root-class counters, that are sum over
[31.934s][info][gc,stats      ] all workers. Dividing the <total> over the root stage time estimates parallelism.
[31.934s][info][gc,stats      ] 
[31.934s][info][gc,stats      ] Concurrent Reset                    273 us
[31.934s][info][gc,stats      ] Pause Init Mark (G)                1051 us
[31.934s][info][gc,stats      ] Pause Init Mark (N)                 812 us
[31.934s][info][gc,stats      ]   Accumulate Stats                   10 us
[31.934s][info][gc,stats      ]   Make Parsable                      11 us
[31.934s][info][gc,stats      ]   Update Region States               30 us
[31.934s][info][gc,stats      ]   Scan Roots                        729 us, parallelism: 0.53x
[31.934s][info][gc,stats      ]     S: <total>                      389 us
[31.934s][info][gc,stats      ]     S: Thread Roots                 268 us, workers (us): 268, 
[31.934s][info][gc,stats      ]     S: Universe Roots                 2 us, workers (us):   2, 
[31.934s][info][gc,stats      ]     S: JNI Handles Roots              2 us, workers (us):   2, 
[31.934s][info][gc,stats      ]     S: Synchronizer Roots             0 us, workers (us):   0, 
[31.934s][info][gc,stats      ]     S: Management Roots               2 us, workers (us):   2, 
[31.934s][info][gc,stats      ]     S: System Dict Roots             11 us, workers (us):  11, 
[31.934s][info][gc,stats      ]     S: CLDG Roots                   104 us, workers (us): 104, 
[31.934s][info][gc,stats      ]     S: JVMTI Roots                    1 us, workers (us):   1, 
[31.934s][info][gc,stats      ]   Resize TLABs                        4 us
[31.934s][info][gc,stats      ] Concurrent Marking               123896 us
[31.934s][info][gc,stats      ] Concurrent Precleaning              261 us
[31.934s][info][gc,stats      ] Pause Final Mark (G)              23049 us
[31.934s][info][gc,stats      ] Pause Final Mark (N)              22912 us
[31.934s][info][gc,stats      ]   Finish Queues                      51 us
[31.934s][info][gc,stats      ]   Weak References                    47 us
[31.934s][info][gc,stats      ]     Process                          45 us
[31.934s][info][gc,stats      ]   System Purge                      286 us
[31.934s][info][gc,stats      ]     Unload Classes                 1065 us
[31.934s][info][gc,stats      ]     Cleanup                       21116 us, parallelism: 1.00x
[31.934s][info][gc,stats      ]       CU: <total>                 21032 us
[31.934s][info][gc,stats      ]       CU: Code Cache Roots         6972 us, workers (us): 6972, 
[31.934s][info][gc,stats      ]       CU: Code Cache Cleaning      1271 us, workers (us): 1271, 
[31.934s][info][gc,stats      ]       CU: String Table Roots       6913 us, workers (us): 6913, 
[31.934s][info][gc,stats      ]       CU: Resolved Table Roots      131 us, workers (us): 131, 
[31.934s][info][gc,stats      ]       CU: CLDG Roots               5744 us, workers (us): 5744, 
[31.934s][info][gc,stats      ]     Weak Roots                      285 us
[31.934s][info][gc,stats      ]     CLDG                            230 us
[31.934s][info][gc,stats      ]   Update Region States               53 us
[31.934s][info][gc,stats      ]   Retire TLABs                       24 us
[31.934s][info][gc,stats      ]   Choose Collection Set              21 us
[31.934s][info][gc,stats      ]   Rebuild Free Set                   11 us
[31.934s][info][gc,stats      ] Concurrent Cleanup                   63 us
[31.934s][info][gc,stats      ] Pacing                            10079 us
[31.934s][info][gc,stats      ] 
[31.934s][info][gc,stats      ] Allocation pacing accrued:
[31.934s][info][gc,stats      ]      10 of   321 ms (  3.1%): Executor task launch worker for task 0.0 in stage 5.0 (TID 5)
[31.934s][info][gc,stats      ]      10 of   321 ms (  3.1%): <total>
[31.934s][info][gc,stats      ]       0 of   321 ms (  0.0%): <average total>
[31.934s][info][gc,stats      ]      10 of   321 ms (  3.1%): <average non-zero>
[31.934s][info][gc,stats      ] 
[31.934s][info][gc,metaspace  ] Metaspace: 60153K->59775K(1103872K)
[31.934s][info][gc,ergo       ] Pacer for Idle. Initial: 15360K, Alloc Tax Rate: 1.0x
[31.934s][info][gc,start      ] Concurrent uncommit
[31.961s][info][gc            ] Concurrent uncommit 173M->173M(175M) 26.518ms
[32.161s][info][gc            ] Trigger: Learning 2 of 5. Free (521M) is below initial threshold (525M)
[32.161s][info][gc,ergo       ] Free: 521M, Max: 256K regular, 224M humongous, Frag: 58% external, 0% internal; Reserve: 38400K, Max: 256K
[32.161s][info][gc,start      ] GC(33) Concurrent reset
[32.162s][info][gc,task       ] GC(33) Using 1 of 1 workers for concurrent reset
[32.162s][info][gc,ergo       ] GC(33) Pacer for Reset. Non-Taxable: 750M
[32.162s][info][gc            ] GC(33) Concurrent reset 0.291ms
[32.162s][info][gc,start      ] GC(33) Pause Init Mark
[32.162s][info][gc,task       ] GC(33) Using 1 of 1 workers for init marking
[32.164s][info][gc,ergo       ] GC(33) Pacer for Mark. Expected Live: 166M, Free: 521M, Non-Taxable: 53404K, Alloc Tax Rate: 0.4x
[32.164s][info][gc            ] GC(33) Pause Init Mark 1.726ms
[32.164s][info][gc,start      ] GC(33) Concurrent marking
[32.164s][info][gc,task       ] GC(33) Using 1 of 1 workers for concurrent marking
[32.537s][info][gc            ] GC(33) Concurrent marking 372.614ms
[32.537s][info][gc,start      ] GC(33) Pause Final Mark
[32.537s][info][gc,task       ] GC(33) Using 1 of 1 workers for final marking
[32.537s][info][gc,ergo       ] GC(33) Adaptive CSet Selection. Target Free: 106M, Actual Free: 529M, Max CSet: 32000K, Min Garbage: 0B
[32.538s][info][gc,ergo       ] GC(33) Collectable Garbage: 15962K (87%), Immediate: 3439K (18%), CSet: 12522K (68%)
[32.540s][info][gc,ergo       ] GC(33) Pacer for Evacuation. Used CSet: 13308K, Free: 494M, Non-Taxable: 50616K, Alloc Tax Rate: 1.1x
[32.540s][info][gc            ] GC(33) Pause Final Mark 2.560ms
[32.540s][info][gc,start      ] GC(33) Concurrent cleanup
[32.540s][info][gc            ] GC(33) Concurrent cleanup 219M->215M(224M) 0.066ms
[32.540s][info][gc,ergo       ] GC(33) Free: 494M, Max: 256K regular, 224M humongous, Frag: 55% external, 1% internal; Reserve: 38337K, Max: 256K
[32.540s][info][gc,start      ] GC(33) Concurrent evacuation
[32.540s][info][gc,task       ] GC(33) Using 1 of 1 workers for concurrent evacuation
[32.546s][info][gc            ] GC(33) Concurrent evacuation 6.581ms
[32.546s][info][gc,start      ] GC(33) Pause Init Update Refs
[32.547s][info][gc,ergo       ] GC(33) Pacer for Update Refs. Used: 216M, Free: 494M, Non-Taxable: 50616K, Alloc Tax Rate: 1.1x
[32.547s][info][gc            ] GC(33) Pause Init Update Refs 0.020ms
[32.547s][info][gc,start      ] GC(33) Concurrent update references
[32.547s][info][gc,task       ] GC(33) Using 1 of 1 workers for concurrent reference update
[32.844s][info][gc            ] GC(33) Concurrent update references 297.325ms
[32.846s][info][gc,start      ] GC(33) Pause Final Update Refs
[32.846s][info][gc,task       ] GC(33) Using 1 of 1 workers for final reference update
[32.847s][info][gc            ] GC(33) Pause Final Update Refs 0.437ms
[32.847s][info][gc,start      ] GC(33) Concurrent cleanup
[32.847s][info][gc            ] GC(33) Concurrent cleanup 293M->280M(296M) 0.059ms
[32.847s][info][gc,ergo       ] Free: 429M, Max: 256K regular, 418M humongous, Frag: 3% external, 0% internal; Reserve: 38400K, Max: 256K
[32.847s][info][gc,stats      ] 
[32.847s][info][gc,stats      ] All times are wall-clock times, except per-root-class counters, that are sum over
[32.847s][info][gc,stats      ] all workers. Dividing the <total> over the root stage time estimates parallelism.
[32.847s][info][gc,stats      ] 
[32.847s][info][gc,stats      ] Concurrent Reset                    282 us
[32.847s][info][gc,stats      ] Pause Init Mark (G)                2360 us
[32.847s][info][gc,stats      ] Pause Init Mark (N)                1701 us
[32.847s][info][gc,stats      ]   Accumulate Stats                   14 us
[32.847s][info][gc,stats      ]   Make Parsable                      14 us
[32.847s][info][gc,stats      ]   Update Region States               41 us
[32.847s][info][gc,stats      ]   Scan Roots                       1594 us, parallelism: 0.83x
[32.847s][info][gc,stats      ]     S: <total>                     1317 us
[32.847s][info][gc,stats      ]     S: Thread Roots                 718 us, workers (us): 718, 
[32.847s][info][gc,stats      ]     S: Universe Roots                 2 us, workers (us):   2, 
[32.847s][info][gc,stats      ]     S: JNI Handles Roots              2 us, workers (us):   2, 
[32.847s][info][gc,stats      ]     S: Synchronizer Roots             0 us, workers (us):   0, 
[32.847s][info][gc,stats      ]     S: Management Roots               2 us, workers (us):   2, 
[32.847s][info][gc,stats      ]     S: System Dict Roots             13 us, workers (us):  13, 
[32.847s][info][gc,stats      ]     S: CLDG Roots                   580 us, workers (us): 580, 
[32.847s][info][gc,stats      ]     S: JVMTI Roots                    1 us, workers (us):   1, 
[32.847s][info][gc,stats      ]   Resize TLABs                        7 us
[32.847s][info][gc,stats      ] Concurrent Marking               372604 us
[32.847s][info][gc,stats      ] Pause Final Mark (G)               2672 us
[32.847s][info][gc,stats      ] Pause Final Mark (N)               2527 us
[32.847s][info][gc,stats      ]   Finish Queues                      14 us
[32.847s][info][gc,stats      ]   System Purge                      260 us
[32.847s][info][gc,stats      ]     Weak Roots                      260 us
[32.847s][info][gc,stats      ]   Update Region States               46 us
[32.847s][info][gc,stats      ]   Retire TLABs                       14 us
[32.847s][info][gc,stats      ]   Choose Collection Set             175 us
[32.847s][info][gc,stats      ]   Rebuild Free Set                   13 us
[32.847s][info][gc,stats      ]   Initial Evacuation               1992 us, parallelism: 0.61x
[32.847s][info][gc,stats      ]     E: <total>                     1212 us
[32.847s][info][gc,stats      ]     E: Thread Roots                 446 us, workers (us): 446, 
[32.847s][info][gc,stats      ]     E: Code Cache Roots             197 us, workers (us): 197, 
[32.847s][info][gc,stats      ]     E: Universe Roots                 1 us, workers (us):   1, 
[32.847s][info][gc,stats      ]     E: JNI Handles Roots              1 us, workers (us):   1, 
[32.847s][info][gc,stats      ]     E: Synchronizer Roots             0 us, workers (us):   0, 
[32.847s][info][gc,stats      ]     E: Management Roots               2 us, workers (us):   2, 
[32.847s][info][gc,stats      ]     E: System Dict Roots             10 us, workers (us):  10, 
[32.847s][info][gc,stats      ]     E: CLDG Roots                   555 us, workers (us): 555, 
[32.847s][info][gc,stats      ]     E: JVMTI Roots                    1 us, workers (us):   1, 
[32.847s][info][gc,stats      ] Concurrent Cleanup                   55 us
[32.847s][info][gc,stats      ] Concurrent Evacuation              6568 us
[32.847s][info][gc,stats      ] Pause Init  Update Refs (G)         207 us
[32.847s][info][gc,stats      ] Pause Init  Update Refs (N)          12 us
[32.847s][info][gc,stats      ]   Retire GCLABs                       6 us
[32.847s][info][gc,stats      ] Concurrent Update Refs           297311 us
[32.847s][info][gc,stats      ] Pause Final Update Refs (G)        2890 us
[32.847s][info][gc,stats      ] Pause Final Update Refs (N)         375 us
[32.847s][info][gc,stats      ]   Update Roots                      302 us, parallelism: 0.97x
[32.847s][info][gc,stats      ]     UR: <total>                     293 us
[32.847s][info][gc,stats      ]     UR: Thread Roots                293 us, workers (us): 293, 
[32.847s][info][gc,stats      ]   Update Region States               51 us
[32.847s][info][gc,stats      ]   Trash Collection Set                2 us
[32.847s][info][gc,stats      ]   Rebuild Free Set                   11 us
[32.847s][info][gc,stats      ] Concurrent Cleanup                   51 us
[32.847s][info][gc,stats      ] 
[32.847s][info][gc,stats      ] Allocation pacing accrued:
[32.847s][info][gc,stats      ]       0 of   913 ms (  0.0%): <total>
[32.847s][info][gc,stats      ]       0 of   913 ms (  0.0%): <average total>
[32.847s][info][gc,stats      ] 
[32.847s][info][gc,metaspace  ] Metaspace: 59970K->60227K(1103872K)
[32.847s][info][gc,ergo       ] Pacer for Idle. Initial: 15360K, Alloc Tax Rate: 1.0x
[32.849s][info][gc            ] Trigger: Learning 3 of 5. Free (427M) is below initial threshold (525M)
[32.849s][info][gc,ergo       ] Free: 427M, Max: 256K regular, 418M humongous, Frag: 3% external, 0% internal; Reserve: 38400K, Max: 256K
[32.849s][info][gc,start      ] GC(34) Concurrent reset
[32.849s][info][gc,task       ] GC(34) Using 1 of 1 workers for concurrent reset
[32.849s][info][gc,ergo       ] GC(34) Pacer for Reset. Non-Taxable: 750M
[32.850s][info][gc            ] GC(34) Concurrent reset 0.363ms
[32.853s][info][gc,start      ] GC(34) Pause Init Mark
[32.853s][info][gc,task       ] GC(34) Using 1 of 1 workers for init marking
[32.855s][info][gc,ergo       ] GC(34) Pacer for Mark. Expected Live: 167M, Free: 427M, Non-Taxable: 43801K, Alloc Tax Rate: 0.5x
[32.855s][info][gc            ] GC(34) Pause Init Mark 1.394ms
[32.855s][info][gc,start      ] GC(34) Concurrent marking
[32.855s][info][gc,task       ] GC(34) Using 1 of 1 workers for concurrent marking
[33.143s][info][gc            ] GC(34) Concurrent marking 288.772ms
[33.144s][info][gc,start      ] GC(34) Pause Final Mark
[33.144s][info][gc,task       ] GC(34) Using 1 of 1 workers for final marking
[33.144s][info][gc,ergo       ] GC(34) Collectable Garbage: 105M (91%), Immediate: 105M (91%), CSet: 0B (0%)
[33.144s][info][gc            ] GC(34) Pause Final Mark 0.411ms
[33.144s][info][gc,start      ] GC(34) Concurrent cleanup
[33.144s][info][gc            ] GC(34) Concurrent cleanup 354M->248M(358M) 0.071ms
[33.144s][info][gc,ergo       ] GC(34) Free: 462M, Max: 256K regular, 355M humongous, Frag: 24% external, 0% internal; Reserve: 38400K, Max: 256K
[33.144s][info][gc,ergo       ] Free: 462M, Max: 256K regular, 355M humongous, Frag: 24% external, 0% internal; Reserve: 38400K, Max: 256K
[33.144s][info][gc,stats      ] 
[33.144s][info][gc,stats      ] All times are wall-clock times, except per-root-class counters, that are sum over
[33.144s][info][gc,stats      ] all workers. Dividing the <total> over the root stage time estimates parallelism.
[33.144s][info][gc,stats      ] 
[33.144s][info][gc,stats      ] Concurrent Reset                    354 us
[33.144s][info][gc,stats      ] Pause Init Mark (G)                5064 us
[33.144s][info][gc,stats      ] Pause Init Mark (N)                1346 us
[33.144s][info][gc,stats      ]   Accumulate Stats                   11 us
[33.144s][info][gc,stats      ]   Make Parsable                       9 us
[33.144s][info][gc,stats      ]   Update Region States               48 us
[33.144s][info][gc,stats      ]   Scan Roots                       1237 us, parallelism: 0.78x
[33.144s][info][gc,stats      ]     S: <total>                      959 us
[33.144s][info][gc,stats      ]     S: Thread Roots                 337 us, workers (us): 337, 
[33.144s][info][gc,stats      ]     S: Universe Roots                 2 us, workers (us):   2, 
[33.144s][info][gc,stats      ]     S: JNI Handles Roots              1 us, workers (us):   1, 
[33.144s][info][gc,stats      ]     S: Synchronizer Roots             0 us, workers (us):   0, 
[33.144s][info][gc,stats      ]     S: Management Roots               2 us, workers (us):   2, 
[33.144s][info][gc,stats      ]     S: System Dict Roots             12 us, workers (us):  12, 
[33.144s][info][gc,stats      ]     S: CLDG Roots                   603 us, workers (us): 603, 
[33.144s][info][gc,stats      ]     S: JVMTI Roots                    1 us, workers (us):   1, 
[33.144s][info][gc,stats      ]   Resize TLABs                        7 us
[33.144s][info][gc,stats      ] Concurrent Marking               288763 us
[33.144s][info][gc,stats      ] Pause Final Mark (G)                502 us
[33.144s][info][gc,stats      ] Pause Final Mark (N)                395 us
[33.144s][info][gc,stats      ]   Finish Queues                      18 us
[33.144s][info][gc,stats      ]   System Purge                      270 us
[33.144s][info][gc,stats      ]     Weak Roots                      269 us
[33.144s][info][gc,stats      ]   Update Region States               48 us
[33.144s][info][gc,stats      ]   Retire TLABs                       11 us
[33.144s][info][gc,stats      ]   Choose Collection Set              29 us
[33.144s][info][gc,stats      ]   Rebuild Free Set                   12 us
[33.144s][info][gc,stats      ] Concurrent Cleanup                   65 us
[33.144s][info][gc,stats      ] Pacing                            47950 us
[33.144s][info][gc,stats      ] 
[33.144s][info][gc,stats      ] Allocation pacing accrued:
[33.144s][info][gc,stats      ]      48 of   297 ms ( 16.1%): Executor task launch worker for task 0.0 in stage 7.0 (TID 7)
[33.144s][info][gc,stats      ]      48 of   297 ms ( 16.1%): <total>
[33.144s][info][gc,stats      ]       1 of   297 ms (  0.2%): <average total>
[33.144s][info][gc,stats      ]      48 of   297 ms ( 16.1%): <average non-zero>
[33.144s][info][gc,stats      ] 
[33.144s][info][gc,metaspace  ] Metaspace: 60227K->60227K(1103872K)
[33.144s][info][gc,ergo       ] Pacer for Idle. Initial: 15360K, Alloc Tax Rate: 1.0x
[33.146s][info][gc            ] Trigger: Learning 4 of 5. Free (460M) is below initial threshold (525M)
[33.146s][info][gc,ergo       ] Free: 460M, Max: 256K regular, 355M humongous, Frag: 23% external, 0% internal; Reserve: 38400K, Max: 256K
[33.146s][info][gc,start      ] GC(35) Concurrent reset
[33.146s][info][gc,task       ] GC(35) Using 1 of 1 workers for concurrent reset
[33.146s][info][gc,ergo       ] GC(35) Pacer for Reset. Non-Taxable: 750M
[33.147s][info][gc            ] GC(35) Concurrent reset 0.286ms
[33.151s][info][gc,start      ] GC(35) Pause Init Mark (process weakrefs)
[33.151s][info][gc,task       ] GC(35) Using 1 of 1 workers for init marking
[33.153s][info][gc,ergo       ] GC(35) Pacer for Mark. Expected Live: 167M, Free: 460M, Non-Taxable: 47181K, Alloc Tax Rate: 0.4x
[33.153s][info][gc            ] GC(35) Pause Init Mark (process weakrefs) 1.343ms
[33.153s][info][gc,start      ] GC(35) Concurrent marking (process weakrefs)
[33.153s][info][gc,task       ] GC(35) Using 1 of 1 workers for concurrent marking
[33.450s][info][gc            ] GC(35) Concurrent marking (process weakrefs) 297.169ms
[33.453s][info][gc,start      ] GC(35) Concurrent precleaning
[33.453s][info][gc,task       ] GC(35) Using 1 of 1 workers for concurrent preclean
[33.453s][info][gc,ergo       ] GC(35) Pacer for Precleaning. Non-Taxable: 750M
[33.453s][info][gc            ] GC(35) Concurrent precleaning 0.640ms
[33.456s][info][gc,start      ] GC(35) Pause Final Mark (process weakrefs)
[33.456s][info][gc,task       ] GC(35) Using 1 of 1 workers for final marking
[33.456s][info][gc,ergo       ] GC(35) Adaptive CSet Selection. Target Free: 106M, Actual Free: 492M, Max CSet: 32000K, Min Garbage: 0B
[33.456s][info][gc,ergo       ] GC(35) Collectable Garbage: 83412K (97%), Immediate: 75776K (88%), CSet: 7636K (8%)
[33.458s][info][gc,ergo       ] GC(35) Pacer for Evacuation. Used CSet: 8445K, Free: 455M, Non-Taxable: 46592K, Alloc Tax Rate: 1.1x
[33.458s][info][gc            ] GC(35) Pause Final Mark (process weakrefs) 2.380ms
[33.458s][info][gc,start      ] GC(35) Concurrent cleanup
[33.458s][info][gc            ] GC(35) Concurrent cleanup 330M->256M(358M) 0.072ms
[33.458s][info][gc,ergo       ] GC(35) Free: 455M, Max: 256K regular, 356M humongous, Frag: 22% external, 0% internal; Reserve: 38337K, Max: 256K
[33.458s][info][gc,start      ] GC(35) Concurrent evacuation
[33.458s][info][gc,task       ] GC(35) Using 1 of 1 workers for concurrent evacuation
[33.460s][info][gc            ] GC(35) Concurrent evacuation 1.677ms
[33.468s][info][gc,start      ] GC(35) Pause Init Update Refs
[33.468s][info][gc,ergo       ] GC(35) Pacer for Update Refs. Used: 257M, Free: 454M, Non-Taxable: 46588K, Alloc Tax Rate: 1.1x
[33.468s][info][gc            ] GC(35) Pause Init Update Refs 0.064ms
[33.470s][info][gc,start      ] GC(35) Concurrent update references
[33.470s][info][gc,task       ] GC(35) Using 1 of 1 workers for concurrent reference update
[33.785s][info][gc            ] GC(35) Concurrent update references 314.553ms
[33.787s][info][gc,start      ] GC(35) Pause Final Update Refs
[33.787s][info][gc,task       ] GC(35) Using 1 of 1 workers for final reference update
[33.788s][info][gc            ] GC(35) Pause Final Update Refs 0.399ms
[33.790s][info][gc,start      ] GC(35) Concurrent cleanup
[33.790s][info][gc            ] GC(35) Concurrent cleanup 385M->379M(387M) 0.072ms
[33.790s][info][gc,ergo       ] Free: 332M, Max: 256K regular, 326M humongous, Frag: 2% external, 0% internal; Reserve: 38400K, Max: 256K
[33.790s][info][gc,stats      ] 
[33.790s][info][gc,stats      ] All times are wall-clock times, except per-root-class counters, that are sum over
[33.790s][info][gc,stats      ] all workers. Dividing the <total> over the root stage time estimates parallelism.
[33.790s][info][gc,stats      ] 
[33.790s][info][gc,stats      ] Concurrent Reset                    272 us
[33.790s][info][gc,stats      ] Pause Init Mark (G)                6084 us
[33.790s][info][gc,stats      ] Pause Init Mark (N)                1294 us
[33.790s][info][gc,stats      ]   Accumulate Stats                   11 us
[33.790s][info][gc,stats      ]   Make Parsable                       8 us
[33.790s][info][gc,stats      ]   Update Region States               50 us
[33.790s][info][gc,stats      ]   Scan Roots                       1187 us, parallelism: 0.77x
[33.790s][info][gc,stats      ]     S: <total>                      914 us
[33.790s][info][gc,stats      ]     S: Thread Roots                 345 us, workers (us): 345, 
[33.790s][info][gc,stats      ]     S: Universe Roots                 2 us, workers (us):   2, 
[33.790s][info][gc,stats      ]     S: JNI Handles Roots              2 us, workers (us):   2, 
[33.790s][info][gc,stats      ]     S: Synchronizer Roots             0 us, workers (us):   0, 
[33.790s][info][gc,stats      ]     S: Management Roots               1 us, workers (us):   1, 
[33.790s][info][gc,stats      ]     S: System Dict Roots             11 us, workers (us):  11, 
[33.790s][info][gc,stats      ]     S: CLDG Roots                   552 us, workers (us): 552, 
[33.790s][info][gc,stats      ]     S: JVMTI Roots                    1 us, workers (us):   1, 
[33.790s][info][gc,stats      ]   Resize TLABs                        6 us
[33.790s][info][gc,stats      ] Concurrent Marking               297160 us
[33.790s][info][gc,stats      ] Concurrent Precleaning              595 us
[33.790s][info][gc,stats      ] Pause Final Mark (G)               4683 us
[33.790s][info][gc,stats      ] Pause Final Mark (N)               2357 us
[33.790s][info][gc,stats      ]   Finish Queues                      20 us
[33.790s][info][gc,stats      ]   Weak References                    27 us
[33.790s][info][gc,stats      ]     Process                          25 us
[33.790s][info][gc,stats      ]   System Purge                      289 us
[33.790s][info][gc,stats      ]     Weak Roots                      289 us
[33.790s][info][gc,stats      ]   Update Region States               49 us
[33.790s][info][gc,stats      ]   Retire TLABs                       12 us
[33.790s][info][gc,stats      ]   Choose Collection Set              93 us
[33.790s][info][gc,stats      ]   Rebuild Free Set                   11 us
[33.790s][info][gc,stats      ]   Initial Evacuation               1848 us, parallelism: 0.61x
[33.790s][info][gc,stats      ]     E: <total>                     1119 us
[33.790s][info][gc,stats      ]     E: Thread Roots                 355 us, workers (us): 355, 
[33.790s][info][gc,stats      ]     E: Code Cache Roots             246 us, workers (us): 246, 
[33.790s][info][gc,stats      ]     E: Universe Roots                 3 us, workers (us):   3, 
[33.790s][info][gc,stats      ]     E: JNI Handles Roots              1 us, workers (us):   1, 
[33.790s][info][gc,stats      ]     E: Synchronizer Roots             0 us, workers (us):   0, 
[33.790s][info][gc,stats      ]     E: Management Roots               1 us, workers (us):   1, 
[33.790s][info][gc,stats      ]     E: System Dict Roots             10 us, workers (us):  10, 
[33.790s][info][gc,stats      ]     E: CLDG Roots                   502 us, workers (us): 502, 
[33.790s][info][gc,stats      ]     E: JVMTI Roots                    0 us, workers (us):   0, 
[33.790s][info][gc,stats      ] Concurrent Cleanup                   64 us
[33.790s][info][gc,stats      ] Concurrent Evacuation              1668 us
[33.790s][info][gc,stats      ] Pause Init  Update Refs (G)       10320 us
[33.790s][info][gc,stats      ] Pause Init  Update Refs (N)          16 us
[33.790s][info][gc,stats      ]   Retire GCLABs                       8 us
[33.790s][info][gc,stats      ] Concurrent Update Refs           314531 us
[33.790s][info][gc,stats      ] Pause Final Update Refs (G)        4777 us
[33.790s][info][gc,stats      ] Pause Final Update Refs (N)         371 us
[33.790s][info][gc,stats      ]   Update Roots                      303 us, parallelism: 0.98x
[33.790s][info][gc,stats      ]     UR: <total>                     297 us
[33.790s][info][gc,stats      ]     UR: Thread Roots                297 us, workers (us): 297, 
[33.790s][info][gc,stats      ]   Update Region States               46 us
[33.790s][info][gc,stats      ]   Trash Collection Set                2 us
[33.790s][info][gc,stats      ]   Rebuild Free Set                   10 us
[33.790s][info][gc,stats      ] Concurrent Cleanup                   54 us
[33.790s][info][gc,stats      ] Pacing                            73608 us
[33.790s][info][gc,stats      ] 
[33.790s][info][gc,stats      ] Allocation pacing accrued:
[33.790s][info][gc,stats      ]      74 of   646 ms ( 11.4%): Executor task launch worker for task 0.0 in stage 7.0 (TID 7)
[33.790s][info][gc,stats      ]      74 of   646 ms ( 11.4%): <total>
[33.790s][info][gc,stats      ]       1 of   646 ms (  0.1%): <average total>
[33.790s][info][gc,stats      ]      74 of   646 ms ( 11.4%): <average non-zero>
[33.790s][info][gc,stats      ] 
[33.790s][info][gc,metaspace  ] Metaspace: 60227K->60229K(1103872K)
[33.790s][info][gc,ergo       ] Pacer for Idle. Initial: 15360K, Alloc Tax Rate: 1.0x
[33.792s][info][gc            ] Trigger: Learning 5 of 5. Free (330M) is below initial threshold (525M)
[33.792s][info][gc,ergo       ] Free: 330M, Max: 256K regular, 326M humongous, Frag: 2% external, 0% internal; Reserve: 38400K, Max: 256K
[33.792s][info][gc,start      ] GC(36) Concurrent reset
[33.792s][info][gc,task       ] GC(36) Using 1 of 1 workers for concurrent reset
[33.792s][info][gc,ergo       ] GC(36) Pacer for Reset. Non-Taxable: 750M
[33.792s][info][gc            ] GC(36) Concurrent reset 0.289ms
[33.795s][info][gc,start      ] GC(36) Pause Init Mark
[33.795s][info][gc,task       ] GC(36) Using 1 of 1 workers for init marking
[33.796s][info][gc,ergo       ] GC(36) Pacer for Mark. Expected Live: 167M, Free: 330M, Non-Taxable: 33817K, Alloc Tax Rate: 0.6x
[33.796s][info][gc            ] GC(36) Pause Init Mark 1.383ms
[33.796s][info][gc,start      ] GC(36) Concurrent marking
[33.796s][info][gc,task       ] GC(36) Using 1 of 1 workers for concurrent marking
[33.955s][info][gc            ] GC(36) Concurrent marking 158.729ms
[33.955s][info][gc,start      ] GC(36) Pause Final Mark
[33.955s][info][gc,task       ] GC(36) Using 1 of 1 workers for final marking
[33.955s][info][gc,ergo       ] GC(36) Collectable Garbage: 209M (97%), Immediate: 209M (97%), CSet: 0B (0%)
[33.955s][info][gc            ] GC(36) Pause Final Mark 0.475ms
[33.961s][info][gc,start      ] GC(36) Concurrent cleanup
[33.961s][info][gc            ] GC(36) Concurrent cleanup 432M->229M(434M) 0.099ms
[33.961s][info][gc,ergo       ] GC(36) Free: 481M, Max: 256K regular, 279M humongous, Frag: 43% external, 0% internal; Reserve: 38400K, Max: 256K
[33.961s][info][gc,ergo       ] Free: 481M, Max: 256K regular, 279M humongous, Frag: 43% external, 0% internal; Reserve: 38400K, Max: 256K
[33.961s][info][gc,stats      ] 
[33.961s][info][gc,stats      ] All times are wall-clock times, except per-root-class counters, that are sum over
[33.961s][info][gc,stats      ] all workers. Dividing the <total> over the root stage time estimates parallelism.
[33.961s][info][gc,stats      ] 
[33.961s][info][gc,stats      ] Concurrent Reset                    284 us
[33.961s][info][gc,stats      ] Pause Init Mark (G)                3948 us
[33.961s][info][gc,stats      ] Pause Init Mark (N)                1354 us
[33.961s][info][gc,stats      ]   Accumulate Stats                   26 us
[33.961s][info][gc,stats      ]   Make Parsable                      15 us
[33.961s][info][gc,stats      ]   Update Region States               43 us
[33.961s][info][gc,stats      ]   Scan Roots                       1221 us, parallelism: 0.77x
[33.961s][info][gc,stats      ]     S: <total>                      943 us
[33.961s][info][gc,stats      ]     S: Thread Roots                 391 us, workers (us): 391, 
[33.961s][info][gc,stats      ]     S: Universe Roots                 2 us, workers (us):   2, 
[33.961s][info][gc,stats      ]     S: JNI Handles Roots              2 us, workers (us):   2, 
[33.961s][info][gc,stats      ]     S: Synchronizer Roots             0 us, workers (us):   0, 
[33.961s][info][gc,stats      ]     S: Management Roots               1 us, workers (us):   1, 
[33.961s][info][gc,stats      ]     S: System Dict Roots             12 us, workers (us):  12, 
[33.961s][info][gc,stats      ]     S: CLDG Roots                   533 us, workers (us): 533, 
[33.961s][info][gc,stats      ]     S: JVMTI Roots                    1 us, workers (us):   1, 
[33.961s][info][gc,stats      ]   Resize TLABs                        8 us
[33.961s][info][gc,stats      ] Concurrent Marking               158720 us
[33.961s][info][gc,stats      ] Pause Final Mark (G)               6014 us
[33.961s][info][gc,stats      ] Pause Final Mark (N)                464 us
[33.961s][info][gc,stats      ]   Finish Queues                      11 us
[33.961s][info][gc,stats      ]   System Purge                      351 us
[33.961s][info][gc,stats      ]     Weak Roots                      350 us
[33.961s][info][gc,stats      ]   Update Region States               45 us
[33.961s][info][gc,stats      ]   Retire TLABs                       14 us
[33.961s][info][gc,stats      ]   Choose Collection Set              27 us
[33.961s][info][gc,stats      ]   Rebuild Free Set                   10 us
[33.961s][info][gc,stats      ] Concurrent Cleanup                   80 us
[33.961s][info][gc,stats      ] Pacing                            46199 us
[33.961s][info][gc,stats      ] 
[33.961s][info][gc,stats      ] Allocation pacing accrued:
[33.961s][info][gc,stats      ]      46 of   171 ms ( 27.0%): Executor task launch worker for task 0.0 in stage 7.0 (TID 7)
[33.961s][info][gc,stats      ]      46 of   171 ms ( 27.0%): <total>
[33.961s][info][gc,stats      ]       0 of   171 ms (  0.3%): <average total>
[33.961s][info][gc,stats      ]      46 of   171 ms ( 27.0%): <average non-zero>
[33.961s][info][gc,stats      ] 
[33.961s][info][gc,metaspace  ] Metaspace: 60229K->60229K(1103872K)
[33.961s][info][gc,ergo       ] Pacer for Idle. Initial: 15360K, Alloc Tax Rate: 1.0x
[34.121s][info][gc            ] Trigger: Average GC time (388.35 ms) is above the time for allocation rate (703 MB/s) to deplete free headroom (270M)
[34.121s][info][gc,ergo       ] Free headroom: 308M (free) - 38400K (spike) - 0B (penalties) = 270M
[34.121s][info][gc,ergo       ] Free: 308M, Max: 256K regular, 279M humongous, Frag: 10% external, 0% internal; Reserve: 38400K, Max: 256K
[34.121s][info][gc,start      ] GC(37) Concurrent reset
[34.121s][info][gc,task       ] GC(37) Using 1 of 1 workers for concurrent reset
[34.121s][info][gc,ergo       ] GC(37) Pacer for Reset. Non-Taxable: 750M
[34.122s][info][gc            ] GC(37) Concurrent reset 0.279ms
[34.124s][info][gc,start      ] GC(37) Pause Init Mark
[34.124s][info][gc,task       ] GC(37) Using 1 of 1 workers for init marking
[34.125s][info][gc,ergo       ] GC(37) Pacer for Mark. Expected Live: 167M, Free: 308M, Non-Taxable: 31539K, Alloc Tax Rate: 0.7x
[34.125s][info][gc            ] GC(37) Pause Init Mark 1.408ms
[34.125s][info][gc,start      ] GC(37) Concurrent marking
[34.125s][info][gc,task       ] GC(37) Using 1 of 1 workers for concurrent marking
[34.270s][info][gc            ] GC(37) Concurrent marking 145.144ms
[34.271s][info][gc,start      ] GC(37) Pause Final Mark
[34.271s][info][gc,task       ] GC(37) Using 1 of 1 workers for final marking
[34.271s][info][gc,ergo       ] GC(37) Collectable Garbage: 231M (97%), Immediate: 231M (97%), CSet: 0B (0%)
[34.271s][info][gc            ] GC(37) Pause Final Mark 0.370ms
[34.271s][info][gc,start      ] GC(37) Concurrent cleanup
[34.271s][info][gc            ] GC(37) Concurrent cleanup 451M->219M(453M) 0.090ms
[34.271s][info][gc,ergo       ] GC(37) Free: 491M, Max: 256K regular, 260M humongous, Frag: 48% external, 0% internal; Reserve: 38400K, Max: 256K
[34.271s][info][gc,ergo       ] Free: 491M, Max: 256K regular, 260M humongous, Frag: 48% external, 0% internal; Reserve: 38400K, Max: 256K
[34.271s][info][gc,stats      ] 
[34.271s][info][gc,stats      ] All times are wall-clock times, except per-root-class counters, that are sum over
[34.271s][info][gc,stats      ] all workers. Dividing the <total> over the root stage time estimates parallelism.
[34.271s][info][gc,stats      ] 
[34.271s][info][gc,stats      ] Concurrent Reset                    269 us
[34.271s][info][gc,stats      ] Pause Init Mark (G)                3760 us
[34.271s][info][gc,stats      ] Pause Init Mark (N)                1365 us
[34.271s][info][gc,stats      ]   Accumulate Stats                   16 us
[34.271s][info][gc,stats      ]   Make Parsable                       8 us
[34.271s][info][gc,stats      ]   Update Region States               41 us
[34.271s][info][gc,stats      ]   Scan Roots                       1250 us, parallelism: 0.78x
[34.271s][info][gc,stats      ]     S: <total>                      975 us
[34.271s][info][gc,stats      ]     S: Thread Roots                 421 us, workers (us): 421, 
[34.271s][info][gc,stats      ]     S: Universe Roots                 2 us, workers (us):   2, 
[34.271s][info][gc,stats      ]     S: JNI Handles Roots              2 us, workers (us):   2, 
[34.271s][info][gc,stats      ]     S: Synchronizer Roots             0 us, workers (us):   0, 
[34.271s][info][gc,stats      ]     S: Management Roots               2 us, workers (us):   2, 
[34.271s][info][gc,stats      ]     S: System Dict Roots             11 us, workers (us):  11, 
[34.271s][info][gc,stats      ]     S: CLDG Roots                   537 us, workers (us): 537, 
[34.271s][info][gc,stats      ]     S: JVMTI Roots                    1 us, workers (us):   1, 
[34.271s][info][gc,stats      ]   Resize TLABs                        8 us
[34.271s][info][gc,stats      ] Concurrent Marking               145135 us
[34.271s][info][gc,stats      ] Pause Final Mark (G)                457 us
[34.271s][info][gc,stats      ] Pause Final Mark (N)                359 us
[34.271s][info][gc,stats      ]   Finish Queues                      11 us
[34.271s][info][gc,stats      ]   System Purge                      257 us
[34.271s][info][gc,stats      ]     Weak Roots                      257 us
[34.271s][info][gc,stats      ]   Update Region States               45 us
[34.271s][info][gc,stats      ]   Retire TLABs                       11 us
[34.271s][info][gc,stats      ]   Choose Collection Set              18 us
[34.271s][info][gc,stats      ]   Rebuild Free Set                   10 us
[34.271s][info][gc,stats      ] Concurrent Cleanup                   84 us
[34.271s][info][gc,stats      ] Pacing                            37235 us
[34.271s][info][gc,stats      ] 
[34.271s][info][gc,stats      ] Allocation pacing accrued:
[34.271s][info][gc,stats      ]      37 of   310 ms ( 12.0%): Executor task launch worker for task 0.0 in stage 7.0 (TID 7)
[34.271s][info][gc,stats      ]      37 of   310 ms ( 12.0%): <total>
[34.271s][info][gc,stats      ]       0 of   310 ms (  0.1%): <average total>
[34.271s][info][gc,stats      ]      37 of   310 ms ( 12.0%): <average non-zero>
[34.271s][info][gc,stats      ] 
[34.271s][info][gc,metaspace  ] Metaspace: 60229K->60229K(1103872K)
[34.271s][info][gc,ergo       ] Pacer for Idle. Initial: 15360K, Alloc Tax Rate: 1.0x
[34.433s][info][gc            ] Trigger: Average GC time (388.57 ms) is above the time for allocation rate (719 MB/s) to deplete free headroom (278M)
[34.433s][info][gc,ergo       ] Free headroom: 315M (free) - 38400K (spike) - 0B (penalties) = 278M
[34.433s][info][gc,ergo       ] Free: 315M, Max: 256K regular, 260M humongous, Frag: 18% external, 0% internal; Reserve: 38400K, Max: 256K
[34.433s][info][gc,start      ] GC(38) Concurrent reset
[34.433s][info][gc,task       ] GC(38) Using 1 of 1 workers for concurrent reset
[34.433s][info][gc,ergo       ] GC(38) Pacer for Reset. Non-Taxable: 750M
[34.433s][info][gc            ] GC(38) Concurrent reset 0.281ms
[34.436s][info][gc,start      ] GC(38) Pause Init Mark
[34.436s][info][gc,task       ] GC(38) Using 1 of 1 workers for init marking
[34.437s][info][gc,ergo       ] GC(38) Pacer for Mark. Expected Live: 167M, Free: 315M, Non-Taxable: 32307K, Alloc Tax Rate: 0.6x
[34.437s][info][gc            ] GC(38) Pause Init Mark 1.358ms
[34.437s][info][gc,start      ] GC(38) Concurrent marking
[34.437s][info][gc,task       ] GC(38) Using 1 of 1 workers for concurrent marking
[34.576s][info][gc            ] GC(38) Concurrent marking 138.829ms
[34.576s][info][gc,start      ] GC(38) Pause Final Mark
[34.576s][info][gc,task       ] GC(38) Using 1 of 1 workers for final marking
[34.576s][info][gc,ergo       ] GC(38) Collectable Garbage: 224M (97%), Immediate: 224M (97%), CSet: 0B (0%)
[34.576s][info][gc            ] GC(38) Pause Final Mark 0.413ms
[34.576s][info][gc,start      ] GC(38) Concurrent cleanup
[34.577s][info][gc            ] GC(38) Concurrent cleanup 445M->221M(453M) 0.090ms
[34.577s][info][gc,ergo       ] GC(38) Free: 490M, Max: 256K regular, 285M humongous, Frag: 42% external, 0% internal; Reserve: 38400K, Max: 256K
[34.577s][info][gc,ergo       ] Free: 490M, Max: 256K regular, 285M humongous, Frag: 42% external, 0% internal; Reserve: 38400K, Max: 256K
[34.577s][info][gc,stats      ] 
[34.577s][info][gc,stats      ] All times are wall-clock times, except per-root-class counters, that are sum over
[34.577s][info][gc,stats      ] all workers. Dividing the <total> over the root stage time estimates parallelism.
[34.577s][info][gc,stats      ] 
[34.577s][info][gc,stats      ] Concurrent Reset                    273 us
[34.577s][info][gc,stats      ] Pause Init Mark (G)                3793 us
[34.577s][info][gc,stats      ] Pause Init Mark (N)                1332 us
[34.577s][info][gc,stats      ]   Accumulate Stats                   12 us
[34.577s][info][gc,stats      ]   Make Parsable                      10 us
[34.577s][info][gc,stats      ]   Update Region States               37 us
[34.577s][info][gc,stats      ]   Scan Roots                       1230 us, parallelism: 0.76x
[34.577s][info][gc,stats      ]     S: <total>                      938 us
[34.577s][info][gc,stats      ]     S: Thread Roots                 379 us, workers (us): 379, 
[34.577s][info][gc,stats      ]     S: Universe Roots                 3 us, workers (us):   3, 
[34.577s][info][gc,stats      ]     S: JNI Handles Roots              2 us, workers (us):   2, 
[34.577s][info][gc,stats      ]     S: Synchronizer Roots             0 us, workers (us):   0, 
[34.577s][info][gc,stats      ]     S: Management Roots               1 us, workers (us):   1, 
[34.577s][info][gc,stats      ]     S: System Dict Roots             13 us, workers (us):  13, 
[34.577s][info][gc,stats      ]     S: CLDG Roots                   540 us, workers (us): 540, 
[34.577s][info][gc,stats      ]     S: JVMTI Roots                    1 us, workers (us):   1, 
[34.577s][info][gc,stats      ]   Resize TLABs                        9 us
[34.577s][info][gc,stats      ] Concurrent Marking               138820 us
[34.577s][info][gc,stats      ] Pause Final Mark (G)                502 us
[34.577s][info][gc,stats      ] Pause Final Mark (N)                392 us
[34.577s][info][gc,stats      ]   Finish Queues                      11 us
[34.577s][info][gc,stats      ]   System Purge                      284 us
[34.577s][info][gc,stats      ]     Weak Roots                      283 us
[34.577s][info][gc,stats      ]   Update Region States               45 us
[34.577s][info][gc,stats      ]   Retire TLABs                       14 us
[34.577s][info][gc,stats      ]   Choose Collection Set              21 us
[34.577s][info][gc,stats      ]   Rebuild Free Set                   10 us
[34.577s][info][gc,stats      ] Concurrent Cleanup                   83 us
[34.577s][info][gc,stats      ] Pacing                            59531 us
[34.577s][info][gc,stats      ] 
[34.577s][info][gc,stats      ] Allocation pacing accrued:
[34.577s][info][gc,stats      ]      60 of   306 ms ( 19.5%): Executor task launch worker for task 0.0 in stage 7.0 (TID 7)
[34.577s][info][gc,stats      ]      60 of   306 ms ( 19.5%): <total>
[34.577s][info][gc,stats      ]       1 of   306 ms (  0.2%): <average total>
[34.577s][info][gc,stats      ]      60 of   306 ms ( 19.5%): <average non-zero>
[34.577s][info][gc,stats      ] 
[34.577s][info][gc,metaspace  ] Metaspace: 60229K->60229K(1103872K)
[34.577s][info][gc,ergo       ] Pacer for Idle. Initial: 15360K, Alloc Tax Rate: 1.0x
[34.821s][info][gc            ] Trigger: Average GC time (280.20 ms) is above the time for allocation rate (753 MB/s) to deplete free headroom (210M)
[34.821s][info][gc,ergo       ] Free headroom: 247M (free) - 38400K (spike) - 0B (penalties) = 210M
[34.821s][info][gc,ergo       ] Free: 247M, Max: 256K regular, 247M humongous, Frag: 0% external, 0% internal; Reserve: 38400K, Max: 256K
[34.821s][info][gc,start      ] GC(39) Concurrent reset
[34.821s][info][gc,task       ] GC(39) Using 1 of 1 workers for concurrent reset
[34.821s][info][gc,ergo       ] GC(39) Pacer for Reset. Non-Taxable: 750M
[34.821s][info][gc            ] GC(39) Concurrent reset 0.348ms
[34.824s][info][gc,start      ] GC(39) Pause Init Mark
[34.824s][info][gc,task       ] GC(39) Using 1 of 1 workers for init marking
[34.825s][info][gc,ergo       ] GC(39) Pacer for Mark. Expected Live: 167M, Free: 247M, Non-Taxable: 25369K, Alloc Tax Rate: 0.8x
[34.825s][info][gc            ] GC(39) Pause Init Mark 1.424ms
[34.825s][info][gc,start      ] GC(39) Concurrent marking
[34.825s][info][gc,task       ] GC(39) Using 1 of 1 workers for concurrent marking
[34.985s][info][gc            ] GC(39) Concurrent marking 159.662ms
[34.985s][info][gc,start      ] GC(39) Pause Final Mark
[34.985s][info][gc,task       ] GC(39) Using 1 of 1 workers for final marking
[34.986s][info][gc,ergo       ] GC(39) Collectable Garbage: 291M (98%), Immediate: 291M (98%), CSet: 0B (0%)
[34.986s][info][gc            ] GC(39) Pause Final Mark 0.439ms
[34.986s][info][gc,start      ] GC(39) Concurrent cleanup
[34.986s][info][gc            ] GC(39) Concurrent cleanup 502M->211M(504M) 0.106ms
[34.986s][info][gc,ergo       ] GC(39) Free: 500M, Max: 256K regular, 208M humongous, Frag: 59% external, 0% internal; Reserve: 38400K, Max: 256K
[34.986s][info][gc,ergo       ] Free: 500M, Max: 256K regular, 208M humongous, Frag: 59% external, 0% internal; Reserve: 38400K, Max: 256K
[34.986s][info][gc,stats      ] 
[34.986s][info][gc,stats      ] All times are wall-clock times, except per-root-class counters, that are sum over
[34.986s][info][gc,stats      ] all workers. Dividing the <total> over the root stage time estimates parallelism.
[34.986s][info][gc,stats      ] 
[34.986s][info][gc,stats      ] Concurrent Reset                    339 us
[34.986s][info][gc,stats      ] Pause Init Mark (G)                3865 us
[34.986s][info][gc,stats      ] Pause Init Mark (N)                1396 us
[34.986s][info][gc,stats      ]   Accumulate Stats                   12 us
[34.986s][info][gc,stats      ]   Make Parsable                      10 us
[34.986s][info][gc,stats      ]   Update Region States               42 us
[34.986s][info][gc,stats      ]   Scan Roots                       1282 us, parallelism: 0.78x
[34.986s][info][gc,stats      ]     S: <total>                     1001 us
[34.986s][info][gc,stats      ]     S: Thread Roots                 387 us, workers (us): 387, 
[34.986s][info][gc,stats      ]     S: Universe Roots                 3 us, workers (us):   3, 
[34.986s][info][gc,stats      ]     S: JNI Handles Roots              2 us, workers (us):   2, 
[34.986s][info][gc,stats      ]     S: Synchronizer Roots             0 us, workers (us):   0, 
[34.986s][info][gc,stats      ]     S: Management Roots               1 us, workers (us):   1, 
[34.986s][info][gc,stats      ]     S: System Dict Roots             11 us, workers (us):  11, 
[34.986s][info][gc,stats      ]     S: CLDG Roots                   597 us, workers (us): 597, 
[34.986s][info][gc,stats      ]     S: JVMTI Roots                    1 us, workers (us):   1, 
[34.986s][info][gc,stats      ]   Resize TLABs                        9 us
[34.986s][info][gc,stats      ] Concurrent Marking               159652 us
[34.986s][info][gc,stats      ] Pause Final Mark (G)                636 us
[34.986s][info][gc,stats      ] Pause Final Mark (N)                410 us
[34.986s][info][gc,stats      ]   Finish Queues                      22 us
[34.986s][info][gc,stats      ]   System Purge                      256 us
[34.986s][info][gc,stats      ]     Weak Roots                      256 us
[34.986s][info][gc,stats      ]   Update Region States               46 us
[34.986s][info][gc,stats      ]   Retire TLABs                       12 us
[34.986s][info][gc,stats      ]   Choose Collection Set              19 us
[34.986s][info][gc,stats      ]   Rebuild Free Set                   45 us
[34.986s][info][gc,stats      ] Concurrent Cleanup                   93 us
[34.986s][info][gc,stats      ] Pacing                            70487 us
[34.986s][info][gc,stats      ] 
[34.986s][info][gc,stats      ] Allocation pacing accrued:
[34.986s][info][gc,stats      ]      70 of   409 ms ( 17.2%): Executor task launch worker for task 0.0 in stage 7.0 (TID 7)
[34.986s][info][gc,stats      ]      70 of   409 ms ( 17.2%): <total>
[34.986s][info][gc,stats      ]       1 of   409 ms (  0.2%): <average total>
[34.986s][info][gc,stats      ]      70 of   409 ms ( 17.2%): <average non-zero>
[34.986s][info][gc,stats      ] 
[34.986s][info][gc,metaspace  ] Metaspace: 60229K->60229K(1103872K)
[34.986s][info][gc,ergo       ] Pacer for Idle. Initial: 15360K, Alloc Tax Rate: 1.0x
[35.258s][info][gc            ] Trigger: Average GC time (254.24 ms) is above the time for allocation rate (727 MB/s) to deplete free headroom (183M)
[35.258s][info][gc,ergo       ] Free headroom: 221M (free) - 38400K (spike) - 0B (penalties) = 183M
[35.259s][info][gc,ergo       ] Free: 221M, Max: 256K regular, 208M humongous, Frag: 6% external, 1% internal; Reserve: 38400K, Max: 256K
[35.259s][info][gc,start      ] GC(40) Concurrent reset
[35.259s][info][gc,task       ] GC(40) Using 1 of 1 workers for concurrent reset
[35.259s][info][gc,ergo       ] GC(40) Pacer for Reset. Non-Taxable: 750M
[35.259s][info][gc            ] GC(40) Concurrent reset 0.283ms
[35.261s][info][gc,start      ] GC(40) Pause Init Mark (process weakrefs)
[35.261s][info][gc,task       ] GC(40) Using 1 of 1 workers for init marking
[35.263s][info][gc,ergo       ] GC(40) Pacer for Mark. Expected Live: 167M, Free: 221M, Non-Taxable: 22656K, Alloc Tax Rate: 0.9x
[35.263s][info][gc            ] GC(40) Pause Init Mark (process weakrefs) 1.298ms
[35.263s][info][gc,start      ] GC(40) Concurrent marking (process weakrefs)
[35.263s][info][gc,task       ] GC(40) Using 1 of 1 workers for concurrent marking
[35.411s][info][gc            ] GC(40) Concurrent marking (process weakrefs) 147.931ms
[35.411s][info][gc,start      ] GC(40) Concurrent precleaning
[35.411s][info][gc,task       ] GC(40) Using 1 of 1 workers for concurrent preclean
[35.411s][info][gc,ergo       ] GC(40) Pacer for Precleaning. Non-Taxable: 750M
[35.411s][info][gc            ] GC(40) Concurrent precleaning 0.564ms
[35.411s][info][gc,start      ] GC(40) Pause Final Mark (process weakrefs)
[35.411s][info][gc,task       ] GC(40) Using 1 of 1 workers for final marking
[35.412s][info][gc,ergo       ] GC(40) Collectable Garbage: 318M (98%), Immediate: 318M (98%), CSet: 0B (0%)
[35.412s][info][gc            ] GC(40) Pause Final Mark (process weakrefs) 0.386ms
[35.412s][info][gc,start      ] GC(40) Concurrent cleanup
[35.412s][info][gc            ] GC(40) Concurrent cleanup 525M->207M(527M) 0.150ms
[35.412s][info][gc,ergo       ] GC(40) Free: 504M, Max: 256K regular, 186M humongous, Frag: 64% external, 0% internal; Reserve: 38400K, Max: 256K
[35.412s][info][gc,ergo       ] Free: 504M, Max: 256K regular, 186M humongous, Frag: 64% external, 0% internal; Reserve: 38400K, Max: 256K
[35.412s][info][gc,stats      ] 
[35.412s][info][gc,stats      ] All times are wall-clock times, except per-root-class counters, that are sum over
[35.412s][info][gc,stats      ] all workers. Dividing the <total> over the root stage time estimates parallelism.
[35.412s][info][gc,stats      ] 
[35.412s][info][gc,stats      ] Concurrent Reset                    275 us
[35.412s][info][gc,stats      ] Pause Init Mark (G)                3784 us
[35.412s][info][gc,stats      ] Pause Init Mark (N)                1275 us
[35.412s][info][gc,stats      ]   Accumulate Stats                   15 us
[35.412s][info][gc,stats      ]   Make Parsable                       9 us
[35.412s][info][gc,stats      ]   Update Region States               37 us
[35.412s][info][gc,stats      ]   Scan Roots                       1178 us, parallelism: 0.77x
[35.412s][info][gc,stats      ]     S: <total>                      903 us
[35.412s][info][gc,stats      ]     S: Thread Roots                 366 us, workers (us): 366, 
[35.412s][info][gc,stats      ]     S: Universe Roots                 3 us, workers (us):   3, 
[35.412s][info][gc,stats      ]     S: JNI Handles Roots              1 us, workers (us):   1, 
[35.412s][info][gc,stats      ]     S: Synchronizer Roots             0 us, workers (us):   0, 
[35.412s][info][gc,stats      ]     S: Management Roots               1 us, workers (us):   1, 
[35.412s][info][gc,stats      ]     S: System Dict Roots             12 us, workers (us):  12, 
[35.412s][info][gc,stats      ]     S: CLDG Roots                   519 us, workers (us): 519, 
[35.412s][info][gc,stats      ]     S: JVMTI Roots                    1 us, workers (us):   1, 
[35.412s][info][gc,stats      ]   Resize TLABs                        7 us
[35.412s][info][gc,stats      ] Concurrent Marking               147924 us
[35.412s][info][gc,stats      ] Concurrent Precleaning              554 us
[35.412s][info][gc,stats      ] Pause Final Mark (G)                502 us
[35.412s][info][gc,stats      ] Pause Final Mark (N)                378 us
[35.412s][info][gc,stats      ]   Finish Queues                      11 us
[35.412s][info][gc,stats      ]   Weak References                    18 us
[35.412s][info][gc,stats      ]     Process                          16 us
[35.412s][info][gc,stats      ]   System Purge                      255 us
[35.412s][info][gc,stats      ]     Weak Roots                      255 us
[35.412s][info][gc,stats      ]   Update Region States               47 us
[35.412s][info][gc,stats      ]   Retire TLABs                       12 us
[35.412s][info][gc,stats      ]   Choose Collection Set              19 us
[35.412s][info][gc,stats      ]   Rebuild Free Set                   11 us
[35.412s][info][gc,stats      ] Concurrent Cleanup                  141 us
[35.412s][info][gc,stats      ] Pacing                            72306 us
[35.412s][info][gc,stats      ] 
[35.412s][info][gc,stats      ] Allocation pacing accrued:
[35.412s][info][gc,stats      ]      72 of   426 ms ( 17.0%): Executor task launch worker for task 0.0 in stage 7.0 (TID 7)
[35.412s][info][gc,stats      ]      72 of   426 ms ( 17.0%): <total>
[35.412s][info][gc,stats      ]       1 of   426 ms (  0.2%): <average total>
[35.412s][info][gc,stats      ]      72 of   426 ms ( 17.0%): <average non-zero>
[35.412s][info][gc,stats      ] 
[35.412s][info][gc,metaspace  ] Metaspace: 60229K->60229K(1103872K)
[35.412s][info][gc,ergo       ] Pacer for Idle. Initial: 15360K, Alloc Tax Rate: 1.0x
[35.725s][info][gc            ] Trigger: Average GC time (156.20 ms) is above the time for allocation rate (806 MB/s) to deplete free headroom (125M)
[35.726s][info][gc,ergo       ] Free headroom: 163M (free) - 38400K (spike) - 0B (penalties) = 125M
[35.726s][info][gc,ergo       ] Free: 163M, Max: 256K regular, 163M humongous, Frag: 0% external, 1% internal; Reserve: 38400K, Max: 256K
[35.726s][info][gc,start      ] GC(41) Concurrent reset
[35.726s][info][gc,task       ] GC(41) Using 1 of 1 workers for concurrent reset
[35.726s][info][gc,ergo       ] GC(41) Pacer for Reset. Non-Taxable: 750M
[35.726s][info][gc            ] GC(41) Concurrent reset 0.353ms
[35.728s][info][gc,start      ] GC(41) Pause Init Mark
[35.728s][info][gc,task       ] GC(41) Using 1 of 1 workers for init marking
[35.730s][info][gc,ergo       ] GC(41) Pacer for Mark. Expected Live: 167M, Free: 163M, Non-Taxable: 16691K, Alloc Tax Rate: 1.3x
[35.730s][info][gc            ] GC(41) Pause Init Mark 1.361ms
[35.730s][info][gc,start      ] GC(41) Concurrent marking
[35.730s][info][gc,task       ] GC(41) Using 1 of 1 workers for concurrent marking
[35.868s][info][gc            ] GC(41) Concurrent marking 137.711ms
[35.868s][info][gc,start      ] GC(41) Pause Final Mark
[35.868s][info][gc,task       ] GC(41) Using 1 of 1 workers for final marking
[35.869s][info][gc,ergo       ] GC(41) Collectable Garbage: 376M (98%), Immediate: 376M (98%), CSet: 0B (0%)
[35.869s][info][gc            ] GC(41) Pause Final Mark 0.918ms
[35.869s][info][gc,start      ] GC(41) Concurrent cleanup
[35.869s][info][gc            ] GC(41) Concurrent cleanup 574M->198M(576M) 0.427ms
[35.869s][info][gc,ergo       ] GC(41) Free: 513M, Max: 256K regular, 174M humongous, Frag: 67% external, 0% internal; Reserve: 38400K, Max: 256K
[35.869s][info][gc,ergo       ] Free: 513M, Max: 256K regular, 174M humongous, Frag: 67% external, 0% internal; Reserve: 38400K, Max: 256K
[35.869s][info][gc,stats      ] 
[35.869s][info][gc,stats      ] All times are wall-clock times, except per-root-class counters, that are sum over
[35.869s][info][gc,stats      ] all workers. Dividing the <total> over the root stage time estimates parallelism.
[35.869s][info][gc,stats      ] 
[35.869s][info][gc,stats      ] Concurrent Reset                    342 us
[35.869s][info][gc,stats      ] Pause Init Mark (G)                3793 us
[35.869s][info][gc,stats      ] Pause Init Mark (N)                1335 us
[35.869s][info][gc,stats      ]   Accumulate Stats                   13 us
[35.869s][info][gc,stats      ]   Make Parsable                      10 us
[35.869s][info][gc,stats      ]   Update Region States               38 us
[35.869s][info][gc,stats      ]   Scan Roots                       1235 us, parallelism: 0.78x
[35.869s][info][gc,stats      ]     S: <total>                      963 us
[35.869s][info][gc,stats      ]     S: Thread Roots                 356 us, workers (us): 356, 
[35.869s][info][gc,stats      ]     S: Universe Roots                 2 us, workers (us):   2, 
[35.870s][info][gc,stats      ]     S: JNI Handles Roots              1 us, workers (us):   1, 
[35.870s][info][gc,stats      ]     S: Synchronizer Roots             0 us, workers (us):   0, 
[35.870s][info][gc,stats      ]     S: Management Roots               1 us, workers (us):   1, 
[35.870s][info][gc,stats      ]     S: System Dict Roots             11 us, workers (us):  11, 
[35.870s][info][gc,stats      ]     S: CLDG Roots                   591 us, workers (us): 591, 
[35.870s][info][gc,stats      ]     S: JVMTI Roots                    0 us, workers (us):   0, 
[35.870s][info][gc,stats      ]   Resize TLABs                        7 us
[35.870s][info][gc,stats      ] Concurrent Marking               137701 us
[35.870s][info][gc,stats      ] Pause Final Mark (G)               1184 us
[35.870s][info][gc,stats      ] Pause Final Mark (N)                889 us
[35.870s][info][gc,stats      ]   Finish Queues                      31 us
[35.870s][info][gc,stats      ]   System Purge                      605 us
[35.870s][info][gc,stats      ]     Weak Roots                      604 us
[35.870s][info][gc,stats      ]   Update Region States               95 us
[35.870s][info][gc,stats      ]   Retire TLABs                       28 us
[35.870s][info][gc,stats      ]   Choose Collection Set              83 us
[35.870s][info][gc,stats      ]   Rebuild Free Set                   31 us
[35.870s][info][gc,stats      ] Concurrent Cleanup                  406 us
[35.870s][info][gc,stats      ] Pacing                            99406 us
[35.870s][info][gc,stats      ] 
[35.870s][info][gc,stats      ] Allocation pacing accrued:
[35.870s][info][gc,stats      ]      13 of   458 ms (  2.8%): Spark Context Cleaner
[35.870s][info][gc,stats      ]      87 of   458 ms ( 19.0%): Executor task launch worker for task 0.0 in stage 7.0 (TID 7)
[35.870s][info][gc,stats      ]      99 of   458 ms ( 21.7%): <total>
[35.870s][info][gc,stats      ]       1 of   458 ms (  0.2%): <average total>
[35.870s][info][gc,stats      ]      50 of   458 ms ( 10.9%): <average non-zero>
[35.870s][info][gc,stats      ] 
[35.870s][info][gc,metaspace  ] Metaspace: 60229K->60229K(1103872K)
[35.870s][info][gc,ergo       ] Pacer for Idle. Initial: 15360K, Alloc Tax Rate: 1.0x
[36.207s][info][gc            ] Trigger: Average GC time (151.10 ms) is above the time for allocation rate (797 MB/s) to deplete free headroom (118M)
[36.207s][info][gc,ergo       ] Free headroom: 155M (free) - 38400K (spike) - 0B (penalties) = 118M
[36.207s][info][gc,ergo       ] Free: 155M, Max: 256K regular, 136M humongous, Frag: 13% external, 1% internal; Reserve: 38400K, Max: 256K
[36.207s][info][gc,start      ] GC(42) Concurrent reset
[36.207s][info][gc,task       ] GC(42) Using 1 of 1 workers for concurrent reset
[36.207s][info][gc,ergo       ] GC(42) Pacer for Reset. Non-Taxable: 750M
[36.208s][info][gc            ] GC(42) Concurrent reset 0.287ms
[36.210s][info][gc,start      ] GC(42) Pause Init Mark
[36.210s][info][gc,task       ] GC(42) Using 1 of 1 workers for init marking
[36.211s][info][gc,ergo       ] GC(42) Pacer for Mark. Expected Live: 167M, Free: 155M, Non-Taxable: 15948K, Alloc Tax Rate: 1.3x
[36.211s][info][gc            ] GC(42) Pause Init Mark 1.339ms
[36.211s][info][gc,start      ] GC(42) Concurrent marking
[36.211s][info][gc,task       ] GC(42) Using 1 of 1 workers for concurrent marking
[36.337s][info][gc            ] GC(42) Concurrent marking 126.107ms
[36.338s][info][gc,start      ] GC(42) Pause Final Mark
[36.338s][info][gc,task       ] GC(42) Using 1 of 1 workers for final marking
[36.338s][info][gc,ergo       ] GC(42) Collectable Garbage: 383M (98%), Immediate: 383M (98%), CSet: 0B (0%)
[36.338s][info][gc            ] GC(42) Pause Final Mark 0.371ms
[36.338s][info][gc,start      ] GC(42) Concurrent cleanup
[36.338s][info][gc            ] GC(42) Concurrent cleanup 581M->197M(582M) 0.129ms
[36.338s][info][gc,ergo       ] GC(42) Free: 514M, Max: 256K regular, 194M humongous, Frag: 63% external, 0% internal; Reserve: 38400K, Max: 256K
[36.338s][info][gc,ergo       ] Free: 514M, Max: 256K regular, 194M humongous, Frag: 63% external, 0% internal; Reserve: 38400K, Max: 256K
[36.338s][info][gc,stats      ] 
[36.338s][info][gc,stats      ] All times are wall-clock times, except per-root-class counters, that are sum over
[36.338s][info][gc,stats      ] all workers. Dividing the <total> over the root stage time estimates parallelism.
[36.338s][info][gc,stats      ] 
[36.338s][info][gc,stats      ] Concurrent Reset                    278 us
[36.338s][info][gc,stats      ] Pause Init Mark (G)                3784 us
[36.338s][info][gc,stats      ] Pause Init Mark (N)                1301 us
[36.338s][info][gc,stats      ]   Accumulate Stats                   21 us
[36.338s][info][gc,stats      ]   Make Parsable                       8 us
[36.338s][info][gc,stats      ]   Update Region States               39 us
[36.338s][info][gc,stats      ]   Scan Roots                       1197 us, parallelism: 0.77x
[36.338s][info][gc,stats      ]     S: <total>                      923 us
[36.338s][info][gc,stats      ]     S: Thread Roots                 372 us, workers (us): 372, 
[36.338s][info][gc,stats      ]     S: Universe Roots                 2 us, workers (us):   2, 
[36.338s][info][gc,stats      ]     S: JNI Handles Roots              2 us, workers (us):   2, 
[36.338s][info][gc,stats      ]     S: Synchronizer Roots             0 us, workers (us):   0, 
[36.338s][info][gc,stats      ]     S: Management Roots               1 us, workers (us):   1, 
[36.338s][info][gc,stats      ]     S: System Dict Roots             12 us, workers (us):  12, 
[36.338s][info][gc,stats      ]     S: CLDG Roots                   533 us, workers (us): 533, 
[36.338s][info][gc,stats      ]     S: JVMTI Roots                    0 us, workers (us):   0, 
[36.338s][info][gc,stats      ]   Resize TLABs                        7 us
[36.338s][info][gc,stats      ] Concurrent Marking               126098 us
[36.338s][info][gc,stats      ] Pause Final Mark (G)                458 us
[36.338s][info][gc,stats      ] Pause Final Mark (N)                361 us
[36.338s][info][gc,stats      ]   Finish Queues                      12 us
[36.338s][info][gc,stats      ]   System Purge                      257 us
[36.338s][info][gc,stats      ]     Weak Roots                      257 us
[36.338s][info][gc,stats      ]   Update Region States               43 us
[36.338s][info][gc,stats      ]   Retire TLABs                       11 us
[36.338s][info][gc,stats      ]   Choose Collection Set              20 us
[36.338s][info][gc,stats      ]   Rebuild Free Set                   11 us
[36.338s][info][gc,stats      ] Concurrent Cleanup                  122 us
[36.338s][info][gc,stats      ] Pacing                            84388 us
[36.338s][info][gc,stats      ] 
[36.338s][info][gc,stats      ] Allocation pacing accrued:
[36.338s][info][gc,stats      ]      84 of   469 ms ( 18.0%): Executor task launch worker for task 0.0 in stage 7.0 (TID 7)
[36.338s][info][gc,stats      ]      84 of   469 ms ( 18.0%): <total>
[36.338s][info][gc,stats      ]       1 of   469 ms (  0.2%): <average total>
[36.338s][info][gc,stats      ]      84 of   469 ms ( 18.0%): <average non-zero>
[36.338s][info][gc,stats      ] 
[36.338s][info][gc,metaspace  ] Metaspace: 60229K->60229K(1103872K)
[36.338s][info][gc,ergo       ] Pacer for Idle. Initial: 15360K, Alloc Tax Rate: 1.0x
[36.525s][info][gc            ] Trigger: Explicit GC request (System.gc())
[36.525s][info][gc,ergo       ] Free: 388M, Max: 256K regular, 177M humongous, Frag: 55% external, 0% internal; Reserve: 38400K, Max: 256K
[36.525s][info][gc,start      ] GC(43) Concurrent reset
[36.525s][info][gc,task       ] GC(43) Using 1 of 1 workers for concurrent reset
[36.525s][info][gc,ergo       ] GC(43) Pacer for Reset. Non-Taxable: 750M
[36.525s][info][gc            ] GC(43) Concurrent reset 0.285ms
[36.525s][info][gc,start      ] GC(43) Pause Init Mark (process weakrefs) (unload classes)
[36.525s][info][gc,task       ] GC(43) Using 1 of 1 workers for init marking
[36.526s][info][gc,ergo       ] GC(43) Pacer for Mark. Expected Live: 167M, Free: 388M, Non-Taxable: 39731K, Alloc Tax Rate: 0.5x
[36.526s][info][gc            ] GC(43) Pause Init Mark (process weakrefs) (unload classes) 0.866ms
[36.526s][info][gc,start      ] GC(43) Concurrent marking (process weakrefs) (unload classes)
[36.526s][info][gc,task       ] GC(43) Using 1 of 1 workers for concurrent marking
[36.644s][info][gc            ] GC(43) Concurrent marking (process weakrefs) (unload classes) 117.690ms
[36.644s][info][gc,start      ] GC(43) Concurrent precleaning
[36.644s][info][gc,task       ] GC(43) Using 1 of 1 workers for concurrent preclean
[36.644s][info][gc,ergo       ] GC(43) Pacer for Precleaning. Non-Taxable: 750M
[36.644s][info][gc            ] GC(43) Concurrent precleaning 0.372ms
[36.645s][info][gc,start      ] GC(43) Pause Final Mark (process weakrefs) (unload classes)
[36.645s][info][gc,task       ] GC(43) Using 1 of 1 workers for final marking
[36.668s][info][gc,stringtable] GC(43) Cleaned string and symbol table, strings: 18470 processed, 0 removed, symbols: 131958 processed, 200 removed
[36.668s][info][gc,ergo       ] GC(43) Collectable Garbage: 149M (95%), Immediate: 149M (95%), CSet: 0B (0%)
[36.669s][info][gc            ] GC(43) Pause Final Mark (process weakrefs) (unload classes) 23.973ms
[36.669s][info][gc,start      ] GC(43) Concurrent cleanup
[36.669s][info][gc            ] GC(43) Concurrent cleanup 323M->173M(582M) 0.080ms
[36.669s][info][gc,ergo       ] GC(43) Free: 537M, Max: 256K regular, 413M humongous, Frag: 24% external, 0% internal; Reserve: 38400K, Max: 256K
[36.669s][info][gc,ergo       ] Free: 537M, Max: 256K regular, 413M humongous, Frag: 24% external, 0% internal; Reserve: 38400K, Max: 256K
[36.669s][info][gc,stats      ] 
[36.669s][info][gc,stats      ] All times are wall-clock times, except per-root-class counters, that are sum over
[36.669s][info][gc,stats      ] all workers. Dividing the <total> over the root stage time estimates parallelism.
[36.669s][info][gc,stats      ] 
[36.669s][info][gc,stats      ] Concurrent Reset                    272 us
[36.669s][info][gc,stats      ] Pause Init Mark (G)                1067 us
[36.669s][info][gc,stats      ] Pause Init Mark (N)                 853 us
[36.669s][info][gc,stats      ]   Accumulate Stats                   12 us
[36.669s][info][gc,stats      ]   Make Parsable                      12 us
[36.669s][info][gc,stats      ]   Update Region States               31 us
[36.669s][info][gc,stats      ]   Scan Roots                        770 us, parallelism: 0.55x
[36.669s][info][gc,stats      ]     S: <total>                      425 us
[36.669s][info][gc,stats      ]     S: Thread Roots                 312 us, workers (us): 312, 
[36.669s][info][gc,stats      ]     S: Universe Roots                 2 us, workers (us):   2, 
[36.669s][info][gc,stats      ]     S: JNI Handles Roots              1 us, workers (us):   1, 
[36.669s][info][gc,stats      ]     S: Synchronizer Roots             0 us, workers (us):   0, 
[36.669s][info][gc,stats      ]     S: Management Roots               1 us, workers (us):   1, 
[36.669s][info][gc,stats      ]     S: System Dict Roots             11 us, workers (us):  11, 
[36.669s][info][gc,stats      ]     S: CLDG Roots                    97 us, workers (us):  97, 
[36.669s][info][gc,stats      ]     S: JVMTI Roots                    1 us, workers (us):   1, 
[36.669s][info][gc,stats      ]   Resize TLABs                        5 us
[36.669s][info][gc,stats      ] Concurrent Marking               117682 us
[36.669s][info][gc,stats      ] Concurrent Precleaning              290 us
[36.669s][info][gc,stats      ] Pause Final Mark (G)              24094 us
[36.669s][info][gc,stats      ] Pause Final Mark (N)              23964 us
[36.669s][info][gc,stats      ]   Finish Queues                      65 us
[36.669s][info][gc,stats      ]   Weak References                    47 us
[36.669s][info][gc,stats      ]     Process                          46 us
[36.669s][info][gc,stats      ]   System Purge                      355 us
[36.669s][info][gc,stats      ]     Unload Classes                 1001 us
[36.669s][info][gc,stats      ]     Cleanup                       22112 us, parallelism: 1.00x
[36.669s][info][gc,stats      ]       CU: <total>                 22026 us
[36.669s][info][gc,stats      ]       CU: Code Cache Roots         7414 us, workers (us): 7414, 
[36.669s][info][gc,stats      ]       CU: Code Cache Cleaning      1738 us, workers (us): 1738, 
[36.669s][info][gc,stats      ]       CU: String Table Roots       6314 us, workers (us): 6314, 
[36.669s][info][gc,stats      ]       CU: Resolved Table Roots      147 us, workers (us): 147, 
[36.669s][info][gc,stats      ]       CU: CLDG Roots               6414 us, workers (us): 6414, 
[36.669s][info][gc,stats      ]     Weak Roots                      355 us
[36.669s][info][gc,stats      ]     CLDG                            262 us
[36.669s][info][gc,stats      ]   Update Region States               52 us
[36.669s][info][gc,stats      ]   Retire TLABs                       29 us
[36.669s][info][gc,stats      ]   Choose Collection Set              22 us
[36.669s][info][gc,stats      ]   Rebuild Free Set                   11 us
[36.669s][info][gc,stats      ] Concurrent Cleanup                   71 us
[36.669s][info][gc,stats      ] Pacing                             7103 us
[36.669s][info][gc,stats      ] 
[36.669s][info][gc,stats      ] Allocation pacing accrued:
[36.669s][info][gc,stats      ]       7 of   331 ms (  2.1%): Executor task launch worker for task 0.0 in stage 8.0 (TID 8)
[36.669s][info][gc,stats      ]       7 of   331 ms (  2.1%): <total>
[36.669s][info][gc,stats      ]       0 of   331 ms (  0.0%): <average total>
[36.669s][info][gc,stats      ]       7 of   331 ms (  2.1%): <average non-zero>
[36.669s][info][gc,stats      ] 
[36.669s][info][gc,metaspace  ] Metaspace: 60289K->59910K(1103872K)
[36.669s][info][gc,ergo       ] Pacer for Idle. Initial: 15360K, Alloc Tax Rate: 1.0x
[36.669s][info][gc,start      ] Concurrent uncommit
[36.688s][info][gc            ] Concurrent uncommit 173M->173M(174M) 18.638ms
[36.833s][info][gc            ] Trigger: Learning 2 of 5. Free (521M) is below initial threshold (525M)
[36.834s][info][gc,ergo       ] Free: 521M, Max: 256K regular, 413M humongous, Frag: 21% external, 0% internal; Reserve: 38400K, Max: 256K
[36.834s][info][gc,start      ] GC(44) Concurrent reset
[36.834s][info][gc,task       ] GC(44) Using 1 of 1 workers for concurrent reset
[36.834s][info][gc,ergo       ] GC(44) Pacer for Reset. Non-Taxable: 750M
[36.834s][info][gc            ] GC(44) Concurrent reset 0.348ms
[36.837s][info][gc,start      ] GC(44) Pause Init Mark
[36.837s][info][gc,task       ] GC(44) Using 1 of 1 workers for init marking
[36.838s][info][gc,ergo       ] GC(44) Pacer for Mark. Expected Live: 166M, Free: 521M, Non-Taxable: 53404K, Alloc Tax Rate: 0.4x
[36.838s][info][gc            ] GC(44) Pause Init Mark 1.585ms
[36.838s][info][gc,start      ] GC(44) Concurrent marking
[36.838s][info][gc,task       ] GC(44) Using 1 of 1 workers for concurrent marking
[37.184s][info][gc            ] GC(44) Concurrent marking 345.607ms
[37.184s][info][gc,start      ] GC(44) Pause Final Mark
[37.184s][info][gc,task       ] GC(44) Using 1 of 1 workers for final marking
[37.185s][info][gc,ergo       ] GC(44) Adaptive CSet Selection. Target Free: 106M, Actual Free: 502M, Max CSet: 32000K, Min Garbage: 0B
[37.185s][info][gc,ergo       ] GC(44) Collectable Garbage: 16038K (87%), Immediate: 3317K (18%), CSet: 12721K (69%)
[37.187s][info][gc,ergo       ] GC(44) Pacer for Evacuation. Used CSet: 13566K, Free: 467M, Non-Taxable: 47848K, Alloc Tax Rate: 1.1x
[37.187s][info][gc            ] GC(44) Pause Final Mark 2.529ms
[37.187s][info][gc,start      ] GC(44) Concurrent cleanup
[37.187s][info][gc            ] GC(44) Concurrent cleanup 246M->242M(250M) 0.060ms
[37.187s][info][gc,ergo       ] GC(44) Free: 467M, Max: 256K regular, 413M humongous, Frag: 12% external, 1% internal; Reserve: 38273K, Max: 256K
[37.187s][info][gc,start      ] GC(44) Concurrent evacuation
[37.187s][info][gc,task       ] GC(44) Using 1 of 1 workers for concurrent evacuation
[37.188s][info][gc            ] GC(44) Concurrent evacuation 0.880ms
[37.188s][info][gc,start      ] GC(44) Pause Init Update Refs
[37.188s][info][gc,ergo       ] GC(44) Pacer for Update Refs. Used: 243M, Free: 467M, Non-Taxable: 47848K, Alloc Tax Rate: 1.1x
[37.188s][info][gc            ] GC(44) Pause Init Update Refs 0.021ms
[37.188s][info][gc,start      ] GC(44) Concurrent update references
[37.188s][info][gc,task       ] GC(44) Using 1 of 1 workers for concurrent reference update
[37.438s][info][gc            ] GC(44) Concurrent update references 249.847ms
[37.441s][info][gc,start      ] GC(44) Pause Final Update Refs
[37.441s][info][gc,task       ] GC(44) Using 1 of 1 workers for final reference update
[37.441s][info][gc            ] GC(44) Pause Final Update Refs 0.452ms
[37.441s][info][gc,start      ] GC(44) Concurrent cleanup
[37.441s][info][gc            ] GC(44) Concurrent cleanup 335M->321M(337M) 0.058ms
[37.441s][info][gc,ergo       ] Free: 388M, Max: 256K regular, 376M humongous, Frag: 4% external, 0% internal; Reserve: 38400K, Max: 256K
[37.441s][info][gc,stats      ] 
[37.441s][info][gc,stats      ] All times are wall-clock times, except per-root-class counters, that are sum over
[37.441s][info][gc,stats      ] all workers. Dividing the <total> over the root stage time estimates parallelism.
[37.441s][info][gc,stats      ] 
[37.441s][info][gc,stats      ] Concurrent Reset                    339 us
[37.441s][info][gc,stats      ] Pause Init Mark (G)                4409 us
[37.441s][info][gc,stats      ] Pause Init Mark (N)                1538 us
[37.441s][info][gc,stats      ]   Accumulate Stats                   13 us
[37.441s][info][gc,stats      ]   Make Parsable                      16 us
[37.441s][info][gc,stats      ]   Update Region States               53 us
[37.441s][info][gc,stats      ]   Scan Roots                       1399 us, parallelism: 0.80x
[37.441s][info][gc,stats      ]     S: <total>                     1124 us
[37.441s][info][gc,stats      ]     S: Thread Roots                 467 us, workers (us): 467, 
[37.441s][info][gc,stats      ]     S: Universe Roots                 2 us, workers (us):   2, 
[37.441s][info][gc,stats      ]     S: JNI Handles Roots              2 us, workers (us):   2, 
[37.441s][info][gc,stats      ]     S: Synchronizer Roots             0 us, workers (us):   0, 
[37.441s][info][gc,stats      ]     S: Management Roots               2 us, workers (us):   2, 
[37.441s][info][gc,stats      ]     S: System Dict Roots             12 us, workers (us):  12, 
[37.441s][info][gc,stats      ]     S: CLDG Roots                   638 us, workers (us): 638, 
[37.441s][info][gc,stats      ]     S: JVMTI Roots                    1 us, workers (us):   1, 
[37.441s][info][gc,stats      ]   Resize TLABs                       12 us
[37.441s][info][gc,stats      ] Concurrent Marking               345599 us
[37.441s][info][gc,stats      ] Pause Final Mark (G)               2674 us
[37.441s][info][gc,stats      ] Pause Final Mark (N)               2507 us
[37.441s][info][gc,stats      ]   Finish Queues                      19 us
[37.441s][info][gc,stats      ]   System Purge                      271 us
[37.441s][info][gc,stats      ]     Weak Roots                      270 us
[37.441s][info][gc,stats      ]   Update Region States               50 us
[37.441s][info][gc,stats      ]   Retire TLABs                       13 us
[37.441s][info][gc,stats      ]   Choose Collection Set              88 us
[37.441s][info][gc,stats      ]   Rebuild Free Set                   10 us
[37.441s][info][gc,stats      ]   Initial Evacuation               2047 us, parallelism: 0.59x
[37.441s][info][gc,stats      ]     E: <total>                     1214 us
[37.441s][info][gc,stats      ]     E: Thread Roots                 413 us, workers (us): 413, 
[37.441s][info][gc,stats      ]     E: Code Cache Roots             271 us, workers (us): 271, 
[37.441s][info][gc,stats      ]     E: Universe Roots                 1 us, workers (us):   1, 
[37.441s][info][gc,stats      ]     E: JNI Handles Roots              1 us, workers (us):   1, 
[37.441s][info][gc,stats      ]     E: Synchronizer Roots             0 us, workers (us):   0, 
[37.441s][info][gc,stats      ]     E: Management Roots               1 us, workers (us):   1, 
[37.441s][info][gc,stats      ]     E: System Dict Roots             10 us, workers (us):  10, 
[37.441s][info][gc,stats      ]     E: CLDG Roots                   515 us, workers (us): 515, 
[37.441s][info][gc,stats      ]     E: JVMTI Roots                    0 us, workers (us):   0, 
[37.441s][info][gc,stats      ] Concurrent Cleanup                   51 us
[37.441s][info][gc,stats      ] Concurrent Evacuation               870 us
[37.441s][info][gc,stats      ] Pause Init  Update Refs (G)         221 us
[37.441s][info][gc,stats      ] Pause Init  Update Refs (N)          12 us
[37.441s][info][gc,stats      ]   Retire GCLABs                       6 us
[37.441s][info][gc,stats      ] Concurrent Update Refs           249833 us
[37.441s][info][gc,stats      ] Pause Final Update Refs (G)        3016 us
[37.441s][info][gc,stats      ] Pause Final Update Refs (N)         418 us
[37.441s][info][gc,stats      ]   Update Roots                      350 us, parallelism: 0.97x
[37.441s][info][gc,stats      ]     UR: <total>                     341 us
[37.441s][info][gc,stats      ]     UR: Thread Roots                341 us, workers (us): 341, 
[37.441s][info][gc,stats      ]   Update Region States               47 us
[37.441s][info][gc,stats      ]   Trash Collection Set                2 us
[37.441s][info][gc,stats      ]   Rebuild Free Set                   11 us
[37.441s][info][gc,stats      ] Concurrent Cleanup                   51 us
[37.441s][info][gc,stats      ] 
[37.441s][info][gc,stats      ] Allocation pacing accrued:
[37.441s][info][gc,stats      ]       0 of   773 ms (  0.0%): <total>
[37.441s][info][gc,stats      ]       0 of   773 ms (  0.0%): <average total>
[37.441s][info][gc,stats      ] 
[37.441s][info][gc,metaspace  ] Metaspace: 60086K->60331K(1103872K)
[37.441s][info][gc,ergo       ] Pacer for Idle. Initial: 15360K, Alloc Tax Rate: 1.0x
[37.443s][info][gc            ] Trigger: Learning 3 of 5. Free (386M) is below initial threshold (525M)
[37.443s][info][gc,ergo       ] Free: 386M, Max: 256K regular, 376M humongous, Frag: 3% external, 0% internal; Reserve: 38400K, Max: 256K
[37.443s][info][gc,start      ] GC(45) Concurrent reset
[37.443s][info][gc,task       ] GC(45) Using 1 of 1 workers for concurrent reset
[37.443s][info][gc,ergo       ] GC(45) Pacer for Reset. Non-Taxable: 750M
[37.444s][info][gc            ] GC(45) Concurrent reset 0.315ms
[37.446s][info][gc,start      ] GC(45) Pause Init Mark (process weakrefs)
[37.446s][info][gc,task       ] GC(45) Using 1 of 1 workers for init marking
[37.448s][info][gc,ergo       ] GC(45) Pacer for Mark. Expected Live: 167M, Free: 386M, Non-Taxable: 39552K, Alloc Tax Rate: 0.5x
[37.448s][info][gc            ] GC(45) Pause Init Mark (process weakrefs) 1.587ms
[37.448s][info][gc,start      ] GC(45) Concurrent marking (process weakrefs)
[37.448s][info][gc,task       ] GC(45) Using 1 of 1 workers for concurrent marking
[37.615s][info][gc            ] GC(45) Concurrent marking (process weakrefs) 167.363ms
[37.621s][info][gc,start      ] GC(45) Concurrent precleaning
[37.621s][info][gc,task       ] GC(45) Using 1 of 1 workers for concurrent preclean
[37.621s][info][gc,ergo       ] GC(45) Pacer for Precleaning. Non-Taxable: 750M
[37.622s][info][gc            ] GC(45) Concurrent precleaning 0.636ms
[37.624s][info][gc,start      ] GC(45) Pause Final Mark (process weakrefs)
[37.624s][info][gc,task       ] GC(45) Using 1 of 1 workers for final marking
[37.625s][info][gc,ergo       ] GC(45) Collectable Garbage: 147M (93%), Immediate: 147M (93%), CSet: 0B (0%)
[37.625s][info][gc            ] GC(45) Pause Final Mark (process weakrefs) 0.459ms
[37.625s][info][gc,start      ] GC(45) Concurrent cleanup
[37.625s][info][gc            ] GC(45) Concurrent cleanup 388M->241M(392M) 0.078ms
[37.625s][info][gc,ergo       ] GC(45) Free: 470M, Max: 256K regular, 321M humongous, Frag: 32% external, 0% internal; Reserve: 38400K, Max: 256K
[37.625s][info][gc,ergo       ] Free: 470M, Max: 256K regular, 321M humongous, Frag: 32% external, 0% internal; Reserve: 38400K, Max: 256K
[37.625s][info][gc,stats      ] 
[37.625s][info][gc,stats      ] All times are wall-clock times, except per-root-class counters, that are sum over
[37.625s][info][gc,stats      ] all workers. Dividing the <total> over the root stage time estimates parallelism.
[37.625s][info][gc,stats      ] 
[37.625s][info][gc,stats      ] Concurrent Reset                    302 us
[37.625s][info][gc,stats      ] Pause Init Mark (G)                4157 us
[37.625s][info][gc,stats      ] Pause Init Mark (N)                1558 us
[37.625s][info][gc,stats      ]   Accumulate Stats                   18 us
[37.625s][info][gc,stats      ]   Make Parsable                      10 us
[37.625s][info][gc,stats      ]   Update Region States               39 us
[37.625s][info][gc,stats      ]   Scan Roots                       1427 us, parallelism: 0.78x
[37.625s][info][gc,stats      ]     S: <total>                     1118 us
[37.625s][info][gc,stats      ]     S: Thread Roots                 427 us, workers (us): 427, 
[37.625s][info][gc,stats      ]     S: Universe Roots                 3 us, workers (us):   3, 
[37.625s][info][gc,stats      ]     S: JNI Handles Roots              2 us, workers (us):   2, 
[37.625s][info][gc,stats      ]     S: Synchronizer Roots             0 us, workers (us):   0, 
[37.625s][info][gc,stats      ]     S: Management Roots               1 us, workers (us):   1, 
[37.625s][info][gc,stats      ]     S: System Dict Roots             12 us, workers (us):  12, 
[37.625s][info][gc,stats      ]     S: CLDG Roots                   673 us, workers (us): 673, 
[37.625s][info][gc,stats      ]     S: JVMTI Roots                    1 us, workers (us):   1, 
[37.625s][info][gc,stats      ]   Resize TLABs                       12 us
[37.625s][info][gc,stats      ] Concurrent Marking               167354 us
[37.625s][info][gc,stats      ] Concurrent Precleaning              584 us
[37.625s][info][gc,stats      ] Pause Final Mark (G)               3043 us
[37.625s][info][gc,stats      ] Pause Final Mark (N)                435 us
[37.625s][info][gc,stats      ]   Finish Queues                      20 us
[37.625s][info][gc,stats      ]   Weak References                    27 us
[37.625s][info][gc,stats      ]     Process                          24 us
[37.625s][info][gc,stats      ]   System Purge                      288 us
[37.625s][info][gc,stats      ]     Weak Roots                      287 us
[37.625s][info][gc,stats      ]   Update Region States               49 us
[37.625s][info][gc,stats      ]   Retire TLABs                       14 us
[37.625s][info][gc,stats      ]   Choose Collection Set              19 us
[37.625s][info][gc,stats      ]   Rebuild Free Set                   11 us
[37.625s][info][gc,stats      ] Concurrent Cleanup                   71 us
[37.625s][info][gc,stats      ] Pacing                            30249 us
[37.625s][info][gc,stats      ] 
[37.625s][info][gc,stats      ] Allocation pacing accrued:
[37.625s][info][gc,stats      ]      30 of   184 ms ( 16.5%): Executor task launch worker for task 0.0 in stage 10.0 (TID 10)
[37.625s][info][gc,stats      ]      30 of   184 ms ( 16.5%): <total>
[37.625s][info][gc,stats      ]       0 of   184 ms (  0.1%): <average total>
[37.625s][info][gc,stats      ]      30 of   184 ms ( 16.5%): <average non-zero>
[37.625s][info][gc,stats      ] 
[37.625s][info][gc,metaspace  ] Metaspace: 60331K->60331K(1103872K)
[37.625s][info][gc,ergo       ] Pacer for Idle. Initial: 15360K, Alloc Tax Rate: 1.0x
[37.627s][info][gc            ] Trigger: Learning 4 of 5. Free (470M) is below initial threshold (525M)
[37.627s][info][gc,ergo       ] Free: 470M, Max: 256K regular, 321M humongous, Frag: 32% external, 0% internal; Reserve: 38400K, Max: 256K
[37.627s][info][gc,start      ] GC(46) Concurrent reset
[37.627s][info][gc,task       ] GC(46) Using 1 of 1 workers for concurrent reset
[37.627s][info][gc,ergo       ] GC(46) Pacer for Reset. Non-Taxable: 750M
[37.627s][info][gc            ] GC(46) Concurrent reset 0.277ms
[37.630s][info][gc,start      ] GC(46) Pause Init Mark
[37.630s][info][gc,task       ] GC(46) Using 1 of 1 workers for init marking
[37.632s][info][gc,ergo       ] GC(46) Pacer for Mark. Expected Live: 167M, Free: 470M, Non-Taxable: 48153K, Alloc Tax Rate: 0.4x
[37.632s][info][gc            ] GC(46) Pause Init Mark 1.522ms
[37.632s][info][gc,start      ] GC(46) Concurrent marking
[37.632s][info][gc,task       ] GC(46) Using 1 of 1 workers for concurrent marking
[37.806s][info][gc            ] GC(46) Concurrent marking 174.561ms
[37.807s][info][gc,start      ] GC(46) Pause Final Mark
[37.807s][info][gc,task       ] GC(46) Using 1 of 1 workers for final marking
[37.807s][info][gc,ergo       ] GC(46) Adaptive CSet Selection. Target Free: 106M, Actual Free: 500M, Max CSet: 32000K, Min Garbage: 0B
[37.807s][info][gc,ergo       ] GC(46) Collectable Garbage: 73637K (96%), Immediate: 66048K (86%), CSet: 7589K (9%)
[37.809s][info][gc,ergo       ] GC(46) Pacer for Evacuation. Used CSet: 8446K, Free: 462M, Non-Taxable: 47360K, Alloc Tax Rate: 1.1x
[37.809s][info][gc            ] GC(46) Pause Final Mark 2.408ms
[37.809s][info][gc,start      ] GC(46) Concurrent cleanup
[37.809s][info][gc            ] GC(46) Concurrent cleanup 313M->249M(392M) 0.071ms
[37.809s][info][gc,ergo       ] GC(46) Free: 462M, Max: 256K regular, 321M humongous, Frag: 31% external, 0% internal; Reserve: 38337K, Max: 256K
[37.809s][info][gc,start      ] GC(46) Concurrent evacuation
[37.809s][info][gc,task       ] GC(46) Using 1 of 1 workers for concurrent evacuation
[37.810s][info][gc            ] GC(46) Concurrent evacuation 0.723ms
[37.810s][info][gc,start      ] GC(46) Pause Init Update Refs
[37.810s][info][gc,ergo       ] GC(46) Pacer for Update Refs. Used: 250M, Free: 462M, Non-Taxable: 47360K, Alloc Tax Rate: 1.1x
[37.810s][info][gc            ] GC(46) Pause Init Update Refs 0.019ms
[37.810s][info][gc,start      ] GC(46) Concurrent update references
[37.810s][info][gc,task       ] GC(46) Using 1 of 1 workers for concurrent reference update
[38.073s][info][gc            ] GC(46) Concurrent update references 262.778ms
[38.076s][info][gc,start      ] GC(46) Pause Final Update Refs
[38.076s][info][gc,task       ] GC(46) Using 1 of 1 workers for final reference update
[38.076s][info][gc            ] GC(46) Pause Final Update Refs 0.546ms
[38.076s][info][gc,start      ] GC(46) Concurrent cleanup
[38.076s][info][gc            ] GC(46) Concurrent cleanup 385M->377M(392M) 0.067ms
[38.076s][info][gc,ergo       ] Free: 334M, Max: 256K regular, 326M humongous, Frag: 3% external, 0% internal; Reserve: 38400K, Max: 256K
[38.077s][info][gc,stats      ] 
[38.077s][info][gc,stats      ] All times are wall-clock times, except per-root-class counters, that are sum over
[38.077s][info][gc,stats      ] all workers. Dividing the <total> over the root stage time estimates parallelism.
[38.077s][info][gc,stats      ] 
[38.077s][info][gc,stats      ] Concurrent Reset                    270 us
[38.077s][info][gc,stats      ] Pause Init Mark (G)                4347 us
[38.077s][info][gc,stats      ] Pause Init Mark (N)                1495 us
[38.077s][info][gc,stats      ]   Accumulate Stats                   12 us
[38.077s][info][gc,stats      ]   Make Parsable                      10 us
[38.077s][info][gc,stats      ]   Update Region States               40 us
[38.077s][info][gc,stats      ]   Scan Roots                       1388 us, parallelism: 0.80x
[38.077s][info][gc,stats      ]     S: <total>                     1116 us
[38.077s][info][gc,stats      ]     S: Thread Roots                 521 us, workers (us): 521, 
[38.077s][info][gc,stats      ]     S: Universe Roots                 3 us, workers (us):   3, 
[38.077s][info][gc,stats      ]     S: JNI Handles Roots              1 us, workers (us):   1, 
[38.077s][info][gc,stats      ]     S: Synchronizer Roots             0 us, workers (us):   0, 
[38.077s][info][gc,stats      ]     S: Management Roots               1 us, workers (us):   1, 
[38.077s][info][gc,stats      ]     S: System Dict Roots             11 us, workers (us):  11, 
[38.077s][info][gc,stats      ]     S: CLDG Roots                   578 us, workers (us): 578, 
[38.077s][info][gc,stats      ]     S: JVMTI Roots                    1 us, workers (us):   1, 
[38.077s][info][gc,stats      ]   Resize TLABs                       12 us
[38.077s][info][gc,stats      ] Concurrent Marking               174552 us
[38.077s][info][gc,stats      ] Pause Final Mark (G)               2530 us
[38.077s][info][gc,stats      ] Pause Final Mark (N)               2390 us
[38.077s][info][gc,stats      ]   Finish Queues                      14 us
[38.077s][info][gc,stats      ]   System Purge                      276 us
[38.077s][info][gc,stats      ]     Weak Roots                      276 us
[38.077s][info][gc,stats      ]   Update Region States               47 us
[38.077s][info][gc,stats      ]   Retire TLABs                       20 us
[38.077s][info][gc,stats      ]   Choose Collection Set              95 us
[38.077s][info][gc,stats      ]   Rebuild Free Set                   11 us
[38.077s][info][gc,stats      ]   Initial Evacuation               1920 us, parallelism: 0.61x
[38.077s][info][gc,stats      ]     E: <total>                     1180 us
[38.077s][info][gc,stats      ]     E: Thread Roots                 486 us, workers (us): 486, 
[38.077s][info][gc,stats      ]     E: Code Cache Roots             186 us, workers (us): 186, 
[38.077s][info][gc,stats      ]     E: Universe Roots                 1 us, workers (us):   1, 
[38.077s][info][gc,stats      ]     E: JNI Handles Roots              1 us, workers (us):   1, 
[38.077s][info][gc,stats      ]     E: Synchronizer Roots             0 us, workers (us):   0, 
[38.077s][info][gc,stats      ]     E: Management Roots               1 us, workers (us):   1, 
[38.077s][info][gc,stats      ]     E: System Dict Roots             10 us, workers (us):  10, 
[38.077s][info][gc,stats      ]     E: CLDG Roots                   494 us, workers (us): 494, 
[38.077s][info][gc,stats      ]     E: JVMTI Roots                    0 us, workers (us):   0, 
[38.077s][info][gc,stats      ] Concurrent Cleanup                   63 us
[38.077s][info][gc,stats      ] Concurrent Evacuation               717 us
[38.077s][info][gc,stats      ] Pause Init  Update Refs (G)         201 us
[38.077s][info][gc,stats      ] Pause Init  Update Refs (N)          11 us
[38.077s][info][gc,stats      ]   Retire GCLABs                       6 us
[38.077s][info][gc,stats      ] Concurrent Update Refs           262766 us
[38.077s][info][gc,stats      ] Pause Final Update Refs (G)        3376 us
[38.077s][info][gc,stats      ] Pause Final Update Refs (N)         445 us
[38.077s][info][gc,stats      ]   Update Roots                      358 us, parallelism: 0.98x
[38.077s][info][gc,stats      ]     UR: <total>                     349 us
[38.077s][info][gc,stats      ]     UR: Thread Roots                349 us, workers (us): 349, 
[38.077s][info][gc,stats      ]   Update Region States               50 us
[38.077s][info][gc,stats      ]   Trash Collection Set                2 us
[38.077s][info][gc,stats      ]   Rebuild Free Set                   10 us
[38.077s][info][gc,stats      ] Concurrent Cleanup                   51 us
[38.077s][info][gc,stats      ] Pacing                            32766 us
[38.077s][info][gc,stats      ] 
[38.077s][info][gc,stats      ] Allocation pacing accrued:
[38.077s][info][gc,stats      ]      33 of   452 ms (  7.3%): Executor task launch worker for task 0.0 in stage 10.0 (TID 10)
[38.077s][info][gc,stats      ]      33 of   452 ms (  7.3%): <total>
[38.077s][info][gc,stats      ]       0 of   452 ms (  0.1%): <average total>
[38.077s][info][gc,stats      ]      33 of   452 ms (  7.3%): <average non-zero>
[38.077s][info][gc,stats      ] 
[38.077s][info][gc,metaspace  ] Metaspace: 60333K->60353K(1103872K)
[38.077s][info][gc,ergo       ] Pacer for Idle. Initial: 15360K, Alloc Tax Rate: 1.0x
[38.078s][info][gc            ] Trigger: Learning 5 of 5. Free (332M) is below initial threshold (525M)
[38.078s][info][gc,ergo       ] Free: 332M, Max: 256K regular, 326M humongous, Frag: 2% external, 0% internal; Reserve: 38400K, Max: 256K
[38.078s][info][gc,start      ] GC(47) Concurrent reset
[38.078s][info][gc,task       ] GC(47) Using 1 of 1 workers for concurrent reset
[38.078s][info][gc,ergo       ] GC(47) Pacer for Reset. Non-Taxable: 750M
[38.079s][info][gc            ] GC(47) Concurrent reset 0.277ms
[38.081s][info][gc,start      ] GC(47) Pause Init Mark
[38.081s][info][gc,task       ] GC(47) Using 1 of 1 workers for init marking
[38.083s][info][gc,ergo       ] GC(47) Pacer for Mark. Expected Live: 167M, Free: 332M, Non-Taxable: 34022K, Alloc Tax Rate: 0.6x
[38.083s][info][gc            ] GC(47) Pause Init Mark 1.383ms
[38.083s][info][gc,start      ] GC(47) Concurrent marking
[38.083s][info][gc,task       ] GC(47) Using 1 of 1 workers for concurrent marking
[38.242s][info][gc            ] GC(47) Concurrent marking 159.399ms
[38.242s][info][gc,start      ] GC(47) Pause Final Mark
[38.242s][info][gc,task       ] GC(47) Using 1 of 1 workers for final marking
[38.243s][info][gc,ergo       ] GC(47) Collectable Garbage: 207M (97%), Immediate: 207M (97%), CSet: 0B (0%)
[38.243s][info][gc            ] GC(47) Pause Final Mark 0.405ms
[38.243s][info][gc,start      ] GC(47) Concurrent cleanup
[38.243s][info][gc            ] GC(47) Concurrent cleanup 430M->223M(432M) 0.087ms
[38.243s][info][gc,ergo       ] GC(47) Free: 488M, Max: 256K regular, 281M humongous, Frag: 43% external, 0% internal; Reserve: 38400K, Max: 256K
[38.243s][info][gc,ergo       ] Free: 488M, Max: 256K regular, 281M humongous, Frag: 43% external, 0% internal; Reserve: 38400K, Max: 256K
[38.243s][info][gc,stats      ] 
[38.243s][info][gc,stats      ] All times are wall-clock times, except per-root-class counters, that are sum over
[38.243s][info][gc,stats      ] all workers. Dividing the <total> over the root stage time estimates parallelism.
[38.243s][info][gc,stats      ] 
[38.243s][info][gc,stats      ] Concurrent Reset                    270 us
[38.243s][info][gc,stats      ] Pause Init Mark (G)                4009 us
[38.243s][info][gc,stats      ] Pause Init Mark (N)                1356 us
[38.243s][info][gc,stats      ]   Accumulate Stats                   21 us
[38.243s][info][gc,stats      ]   Make Parsable                      11 us
[38.243s][info][gc,stats      ]   Update Region States               39 us
[38.243s][info][gc,stats      ]   Scan Roots                       1242 us, parallelism: 0.78x
[38.243s][info][gc,stats      ]     S: <total>                      969 us
[38.243s][info][gc,stats      ]     S: Thread Roots                 429 us, workers (us): 429, 
[38.243s][info][gc,stats      ]     S: Universe Roots                 3 us, workers (us):   3, 
[38.243s][info][gc,stats      ]     S: JNI Handles Roots              1 us, workers (us):   1, 
[38.243s][info][gc,stats      ]     S: Synchronizer Roots             0 us, workers (us):   0, 
[38.243s][info][gc,stats      ]     S: Management Roots               1 us, workers (us):   1, 
[38.243s][info][gc,stats      ]     S: System Dict Roots             12 us, workers (us):  12, 
[38.243s][info][gc,stats      ]     S: CLDG Roots                   522 us, workers (us): 522, 
[38.243s][info][gc,stats      ]     S: JVMTI Roots                    0 us, workers (us):   0, 
[38.243s][info][gc,stats      ]   Resize TLABs                        7 us
[38.243s][info][gc,stats      ] Concurrent Marking               159390 us
[38.243s][info][gc,stats      ] Pause Final Mark (G)                508 us
[38.243s][info][gc,stats      ] Pause Final Mark (N)                396 us
[38.243s][info][gc,stats      ]   Finish Queues                      12 us
[38.243s][info][gc,stats      ]   System Purge                      281 us
[38.243s][info][gc,stats      ]     Weak Roots                      281 us
[38.243s][info][gc,stats      ]   Update Region States               47 us
[38.243s][info][gc,stats      ]   Retire TLABs                       16 us
[38.243s][info][gc,stats      ]   Choose Collection Set              21 us
[38.243s][info][gc,stats      ]   Rebuild Free Set                   12 us
[38.243s][info][gc,stats      ] Concurrent Cleanup                   81 us
[38.243s][info][gc,stats      ] Pacing                            36977 us
[38.243s][info][gc,stats      ] 
[38.243s][info][gc,stats      ] Allocation pacing accrued:
[38.243s][info][gc,stats      ]      37 of   166 ms ( 22.3%): Executor task launch worker for task 0.0 in stage 10.0 (TID 10)
[38.243s][info][gc,stats      ]      37 of   166 ms ( 22.3%): <total>
[38.243s][info][gc,stats      ]       0 of   166 ms (  0.2%): <average total>
[38.243s][info][gc,stats      ]      37 of   166 ms ( 22.3%): <average non-zero>
[38.243s][info][gc,stats      ] 
[38.243s][info][gc,metaspace  ] Metaspace: 60353K->60353K(1103872K)
[38.243s][info][gc,ergo       ] Pacer for Idle. Initial: 15360K, Alloc Tax Rate: 1.0x
[38.497s][info][gc            ] Trigger: Average GC time (309.28 ms) is above the time for allocation rate (693 MB/s) to deplete free headroom (212M)
[38.497s][info][gc,ergo       ] Free headroom: 249M (free) - 38400K (spike) - 0B (penalties) = 212M
[38.497s][info][gc,ergo       ] Free: 249M, Max: 256K regular, 249M humongous, Frag: 0% external, 1% internal; Reserve: 38400K, Max: 256K
[38.497s][info][gc,start      ] GC(48) Concurrent reset
[38.497s][info][gc,task       ] GC(48) Using 1 of 1 workers for concurrent reset
[38.497s][info][gc,ergo       ] GC(48) Pacer for Reset. Non-Taxable: 750M
[38.497s][info][gc            ] GC(48) Concurrent reset 0.351ms
[38.500s][info][gc,start      ] GC(48) Pause Init Mark
[38.500s][info][gc,task       ] GC(48) Using 1 of 1 workers for init marking
[38.501s][info][gc,ergo       ] GC(48) Pacer for Mark. Expected Live: 167M, Free: 249M, Non-Taxable: 25574K, Alloc Tax Rate: 0.8x
[38.501s][info][gc            ] GC(48) Pause Init Mark 1.384ms
[38.501s][info][gc,start      ] GC(48) Concurrent marking
[38.501s][info][gc,task       ] GC(48) Using 1 of 1 workers for concurrent marking
[38.650s][info][gc            ] GC(48) Concurrent marking 148.406ms
[38.650s][info][gc,start      ] GC(48) Pause Final Mark
[38.650s][info][gc,task       ] GC(48) Using 1 of 1 workers for final marking
[38.650s][info][gc,ergo       ] GC(48) Collectable Garbage: 289M (98%), Immediate: 289M (98%), CSet: 0B (0%)
[38.650s][info][gc            ] GC(48) Pause Final Mark 0.475ms
[38.650s][info][gc,start      ] GC(48) Concurrent cleanup
[38.650s][info][gc            ] GC(48) Concurrent cleanup 500M->211M(502M) 0.100ms
[38.650s][info][gc,ergo       ] GC(48) Free: 500M, Max: 256K regular, 210M humongous, Frag: 58% external, 0% internal; Reserve: 38400K, Max: 256K
[38.650s][info][gc,ergo       ] Free: 500M, Max: 256K regular, 210M humongous, Frag: 58% external, 0% internal; Reserve: 38400K, Max: 256K
[38.650s][info][gc,stats      ] 
[38.650s][info][gc,stats      ] All times are wall-clock times, except per-root-class counters, that are sum over
[38.650s][info][gc,stats      ] all workers. Dividing the <total> over the root stage time estimates parallelism.
[38.650s][info][gc,stats      ] 
[38.650s][info][gc,stats      ] Concurrent Reset                    343 us
[38.650s][info][gc,stats      ] Pause Init Mark (G)                4121 us
[38.650s][info][gc,stats      ] Pause Init Mark (N)                1357 us
[38.650s][info][gc,stats      ]   Accumulate Stats                   14 us
[38.650s][info][gc,stats      ]   Make Parsable                      11 us
[38.650s][info][gc,stats      ]   Update Region States               37 us
[38.650s][info][gc,stats      ]   Scan Roots                       1255 us, parallelism: 0.78x
[38.650s][info][gc,stats      ]     S: <total>                      980 us
[38.650s][info][gc,stats      ]     S: Thread Roots                 409 us, workers (us): 409, 
[38.650s][info][gc,stats      ]     S: Universe Roots                 2 us, workers (us):   2, 
[38.650s][info][gc,stats      ]     S: JNI Handles Roots              2 us, workers (us):   2, 
[38.650s][info][gc,stats      ]     S: Synchronizer Roots             0 us, workers (us):   0, 
[38.650s][info][gc,stats      ]     S: Management Roots               1 us, workers (us):   1, 
[38.650s][info][gc,stats      ]     S: System Dict Roots             11 us, workers (us):  11, 
[38.650s][info][gc,stats      ]     S: CLDG Roots                   555 us, workers (us): 555, 
[38.650s][info][gc,stats      ]     S: JVMTI Roots                    1 us, workers (us):   1, 
[38.650s][info][gc,stats      ]   Resize TLABs                        9 us
[38.650s][info][gc,stats      ] Concurrent Marking               148398 us
[38.650s][info][gc,stats      ] Pause Final Mark (G)                587 us
[38.650s][info][gc,stats      ] Pause Final Mark (N)                465 us
[38.650s][info][gc,stats      ]   Finish Queues                      12 us
[38.650s][info][gc,stats      ]   System Purge                      326 us
[38.650s][info][gc,stats      ]     Weak Roots                      325 us
[38.650s][info][gc,stats      ]   Update Region States               48 us
[38.650s][info][gc,stats      ]   Retire TLABs                       19 us
[38.650s][info][gc,stats      ]   Choose Collection Set              43 us
[38.650s][info][gc,stats      ]   Rebuild Free Set                   10 us
[38.650s][info][gc,stats      ] Concurrent Cleanup                   93 us
[38.650s][info][gc,stats      ] Pacing                            72473 us
[38.651s][info][gc,stats      ] 
[38.651s][info][gc,stats      ] Allocation pacing accrued:
[38.651s][info][gc,stats      ]      13 of   408 ms (  3.1%): RemoteBlock-temp-file-clean-thread
[38.651s][info][gc,stats      ]      60 of   408 ms ( 14.7%): Executor task launch worker for task 0.0 in stage 10.0 (TID 10)
[38.651s][info][gc,stats      ]      72 of   408 ms ( 17.8%): <total>
[38.651s][info][gc,stats      ]       1 of   408 ms (  0.2%): <average total>
[38.651s][info][gc,stats      ]      36 of   408 ms (  8.9%): <average non-zero>
[38.651s][info][gc,stats      ] 
[38.651s][info][gc,metaspace  ] Metaspace: 60353K->60353K(1103872K)
[38.651s][info][gc,ergo       ] Pacer for Idle. Initial: 15360K, Alloc Tax Rate: 1.0x
[38.885s][info][gc            ] Trigger: Average GC time (311.28 ms) is above the time for allocation rate (720 MB/s) to deplete free headroom (222M)
[38.886s][info][gc,ergo       ] Free headroom: 259M (free) - 38400K (spike) - 0B (penalties) = 222M
[38.886s][info][gc,ergo       ] Free: 259M, Max: 256K regular, 210M humongous, Frag: 19% external, 1% internal; Reserve: 38400K, Max: 256K
[38.886s][info][gc,start      ] GC(49) Concurrent reset
[38.886s][info][gc,task       ] GC(49) Using 1 of 1 workers for concurrent reset
[38.886s][info][gc,ergo       ] GC(49) Pacer for Reset. Non-Taxable: 750M
[38.886s][info][gc            ] GC(49) Concurrent reset 0.280ms
[38.889s][info][gc,start      ] GC(49) Pause Init Mark
[38.889s][info][gc,task       ] GC(49) Using 1 of 1 workers for init marking
[38.891s][info][gc,ergo       ] GC(49) Pacer for Mark. Expected Live: 167M, Free: 259M, Non-Taxable: 26598K, Alloc Tax Rate: 0.8x
[38.891s][info][gc            ] GC(49) Pause Init Mark 2.048ms
[38.891s][info][gc,start      ] GC(49) Concurrent marking
[38.891s][info][gc,task       ] GC(49) Using 1 of 1 workers for concurrent marking
[39.036s][info][gc            ] GC(49) Concurrent marking 145.689ms
[39.037s][info][gc,start      ] GC(49) Pause Final Mark
[39.037s][info][gc,task       ] GC(49) Using 1 of 1 workers for final marking
[39.037s][info][gc,ergo       ] GC(49) Collectable Garbage: 279M (98%), Immediate: 279M (98%), CSet: 0B (0%)
[39.037s][info][gc            ] GC(49) Pause Final Mark 0.428ms
[39.037s][info][gc,start      ] GC(49) Concurrent cleanup
[39.037s][info][gc            ] GC(49) Concurrent cleanup 492M->212M(502M) 0.098ms
[39.037s][info][gc,ergo       ] GC(49) Free: 498M, Max: 256K regular, 258M humongous, Frag: 49% external, 0% internal; Reserve: 38400K, Max: 256K
[39.037s][info][gc,ergo       ] Free: 498M, Max: 256K regular, 258M humongous, Frag: 49% external, 0% internal; Reserve: 38400K, Max: 256K
[39.037s][info][gc,stats      ] 
[39.037s][info][gc,stats      ] All times are wall-clock times, except per-root-class counters, that are sum over
[39.037s][info][gc,stats      ] all workers. Dividing the <total> over the root stage time estimates parallelism.
[39.037s][info][gc,stats      ] 
[39.037s][info][gc,stats      ] Concurrent Reset                    270 us
[39.037s][info][gc,stats      ] Pause Init Mark (G)                4771 us
[39.037s][info][gc,stats      ] Pause Init Mark (N)                2009 us
[39.037s][info][gc,stats      ]   Accumulate Stats                   18 us
[39.037s][info][gc,stats      ]   Make Parsable                      15 us
[39.037s][info][gc,stats      ]   Update Region States               66 us
[39.037s][info][gc,stats      ]   Scan Roots                       1863 us, parallelism: 0.83x
[39.037s][info][gc,stats      ]     S: <total>                     1543 us
[39.037s][info][gc,stats      ]     S: Thread Roots                 541 us, workers (us): 541, 
[39.037s][info][gc,stats      ]     S: Universe Roots                 3 us, workers (us):   3, 
[39.037s][info][gc,stats      ]     S: JNI Handles Roots              2 us, workers (us):   2, 
[39.037s][info][gc,stats      ]     S: Synchronizer Roots             0 us, workers (us):   0, 
[39.037s][info][gc,stats      ]     S: Management Roots               2 us, workers (us):   2, 
[39.037s][info][gc,stats      ]     S: System Dict Roots             17 us, workers (us):  17, 
[39.037s][info][gc,stats      ]     S: CLDG Roots                   978 us, workers (us): 978, 
[39.037s][info][gc,stats      ]     S: JVMTI Roots                    1 us, workers (us):   1, 
[39.037s][info][gc,stats      ]   Resize TLABs                        9 us
[39.037s][info][gc,stats      ] Concurrent Marking               145681 us
[39.037s][info][gc,stats      ] Pause Final Mark (G)                531 us
[39.037s][info][gc,stats      ] Pause Final Mark (N)                418 us
[39.037s][info][gc,stats      ]   Finish Queues                      11 us
[39.037s][info][gc,stats      ]   System Purge                      259 us
[39.037s][info][gc,stats      ]     Weak Roots                      258 us
[39.037s][info][gc,stats      ]   Update Region States               91 us
[39.037s][info][gc,stats      ]   Retire TLABs                       17 us
[39.037s][info][gc,stats      ]   Choose Collection Set              24 us
[39.037s][info][gc,stats      ]   Rebuild Free Set                   10 us
[39.037s][info][gc,stats      ] Concurrent Cleanup                   91 us
[39.037s][info][gc,stats      ] Pacing                            72111 us
[39.037s][info][gc,stats      ] 
[39.037s][info][gc,stats      ] Allocation pacing accrued:
[39.037s][info][gc,stats      ]      13 of   387 ms (  3.3%): Spark Context Cleaner
[39.037s][info][gc,stats      ]      59 of   387 ms ( 15.4%): Executor task launch worker for task 0.0 in stage 10.0 (TID 10)
[39.037s][info][gc,stats      ]      72 of   387 ms ( 18.6%): <total>
[39.037s][info][gc,stats      ]       1 of   387 ms (  0.2%): <average total>
[39.037s][info][gc,stats      ]      36 of   387 ms (  9.3%): <average non-zero>
[39.037s][info][gc,stats      ] 
[39.037s][info][gc,metaspace  ] Metaspace: 60365K->60365K(1103872K)
[39.037s][info][gc,ergo       ] Pacer for Idle. Initial: 15360K, Alloc Tax Rate: 1.0x
[39.319s][info][gc            ] Trigger: Average GC time (220.08 ms) is above the time for allocation rate (769 MB/s) to deplete free headroom (168M)
[39.320s][info][gc,ergo       ] Free headroom: 205M (free) - 38400K (spike) - 0B (penalties) = 168M
[39.320s][info][gc,ergo       ] Free: 205M, Max: 256K regular, 205M humongous, Frag: 0% external, 1% internal; Reserve: 38400K, Max: 256K
[39.320s][info][gc,start      ] GC(50) Concurrent reset
[39.320s][info][gc,task       ] GC(50) Using 1 of 1 workers for concurrent reset
[39.320s][info][gc,ergo       ] GC(50) Pacer for Reset. Non-Taxable: 750M
[39.320s][info][gc            ] GC(50) Concurrent reset 0.344ms
[39.323s][info][gc,start      ] GC(50) Pause Init Mark (process weakrefs)
[39.323s][info][gc,task       ] GC(50) Using 1 of 1 workers for init marking
[39.324s][info][gc,ergo       ] GC(50) Pacer for Mark. Expected Live: 167M, Free: 205M, Non-Taxable: 21043K, Alloc Tax Rate: 1.0x
[39.324s][info][gc            ] GC(50) Pause Init Mark (process weakrefs) 1.365ms
[39.324s][info][gc,start      ] GC(50) Concurrent marking (process weakrefs)
[39.324s][info][gc,task       ] GC(50) Using 1 of 1 workers for concurrent marking
[39.468s][info][gc            ] GC(50) Concurrent marking (process weakrefs) 143.666ms
[39.468s][info][gc,start      ] GC(50) Concurrent precleaning
[39.468s][info][gc,task       ] GC(50) Using 1 of 1 workers for concurrent preclean
[39.468s][info][gc,ergo       ] GC(50) Pacer for Precleaning. Non-Taxable: 750M
[39.468s][info][gc            ] GC(50) Concurrent precleaning 0.591ms
[39.468s][info][gc,start      ] GC(50) Pause Final Mark (process weakrefs)
[39.468s][info][gc,task       ] GC(50) Using 1 of 1 workers for final marking
[39.469s][info][gc,ergo       ] GC(50) Collectable Garbage: 333M (98%), Immediate: 333M (98%), CSet: 0B (0%)
[39.469s][info][gc            ] GC(50) Pause Final Mark (process weakrefs) 0.479ms
[39.469s][info][gc,start      ] GC(50) Concurrent cleanup
[39.469s][info][gc            ] GC(50) Concurrent cleanup 541M->208M(543M) 0.106ms
[39.469s][info][gc,ergo       ] GC(50) Free: 503M, Max: 256K regular, 169M humongous, Frag: 67% external, 0% internal; Reserve: 38400K, Max: 256K
[39.469s][info][gc,ergo       ] Free: 503M, Max: 256K regular, 169M humongous, Frag: 67% external, 0% internal; Reserve: 38400K, Max: 256K
[39.469s][info][gc,stats      ] 
[39.469s][info][gc,stats      ] All times are wall-clock times, except per-root-class counters, that are sum over
[39.469s][info][gc,stats      ] all workers. Dividing the <total> over the root stage time estimates parallelism.
[39.469s][info][gc,stats      ] 
[39.469s][info][gc,stats      ] Concurrent Reset                    336 us
[39.469s][info][gc,stats      ] Pause Init Mark (G)                3998 us
[39.469s][info][gc,stats      ] Pause Init Mark (N)                1341 us
[39.469s][info][gc,stats      ]   Accumulate Stats                   14 us
[39.469s][info][gc,stats      ]   Make Parsable                      11 us
[39.469s][info][gc,stats      ]   Update Region States               40 us
[39.469s][info][gc,stats      ]   Scan Roots                       1241 us, parallelism: 0.78x
[39.469s][info][gc,stats      ]     S: <total>                      967 us
[39.469s][info][gc,stats      ]     S: Thread Roots                 396 us, workers (us): 396, 
[39.469s][info][gc,stats      ]     S: Universe Roots                 2 us, workers (us):   2, 
[39.469s][info][gc,stats      ]     S: JNI Handles Roots              1 us, workers (us):   1, 
[39.469s][info][gc,stats      ]     S: Synchronizer Roots             0 us, workers (us):   0, 
[39.469s][info][gc,stats      ]     S: Management Roots               2 us, workers (us):   2, 
[39.469s][info][gc,stats      ]     S: System Dict Roots             12 us, workers (us):  12, 
[39.469s][info][gc,stats      ]     S: CLDG Roots                   553 us, workers (us): 553, 
[39.469s][info][gc,stats      ]     S: JVMTI Roots                    1 us, workers (us):   1, 
[39.469s][info][gc,stats      ]   Resize TLABs                        8 us
[39.469s][info][gc,stats      ] Concurrent Marking               143657 us
[39.469s][info][gc,stats      ] Concurrent Precleaning              582 us
[39.469s][info][gc,stats      ] Pause Final Mark (G)                600 us
[39.469s][info][gc,stats      ] Pause Final Mark (N)                471 us
[39.469s][info][gc,stats      ]   Finish Queues                      11 us
[39.469s][info][gc,stats      ]   Weak References                    18 us
[39.469s][info][gc,stats      ]     Process                          16 us
[39.469s][info][gc,stats      ]   System Purge                      287 us
[39.469s][info][gc,stats      ]     Weak Roots                      287 us
[39.469s][info][gc,stats      ]   Update Region States               50 us
[39.469s][info][gc,stats      ]   Retire TLABs                       15 us
[39.469s][info][gc,stats      ]   Choose Collection Set              69 us
[39.469s][info][gc,stats      ]   Rebuild Free Set                   17 us
[39.469s][info][gc,stats      ] Concurrent Cleanup                   99 us
[39.469s][info][gc,stats      ] Pacing                            71050 us
[39.469s][info][gc,stats      ] 
[39.469s][info][gc,stats      ] Allocation pacing accrued:
[39.469s][info][gc,stats      ]      71 of   432 ms ( 16.5%): Executor task launch worker for task 0.0 in stage 10.0 (TID 10)
[39.469s][info][gc,stats      ]      71 of   432 ms ( 16.5%): <total>
[39.469s][info][gc,stats      ]       1 of   432 ms (  0.1%): <average total>
[39.469s][info][gc,stats      ]      71 of   432 ms ( 16.5%): <average non-zero>
[39.469s][info][gc,stats      ] 
[39.469s][info][gc,metaspace  ] Metaspace: 60365K->60365K(1103872K)
[39.469s][info][gc,ergo       ] Pacer for Idle. Initial: 15360K, Alloc Tax Rate: 1.0x
[39.745s][info][gc            ] Trigger: Average GC time (213.64 ms) is above the time for allocation rate (787 MB/s) to deplete free headroom (167M)
[39.745s][info][gc,ergo       ] Free headroom: 204M (free) - 38400K (spike) - 0B (penalties) = 167M
[39.745s][info][gc,ergo       ] Free: 204M, Max: 256K regular, 169M humongous, Frag: 17% external, 1% internal; Reserve: 38400K, Max: 256K
[39.745s][info][gc,start      ] GC(51) Concurrent reset
[39.745s][info][gc,task       ] GC(51) Using 1 of 1 workers for concurrent reset
[39.745s][info][gc,ergo       ] GC(51) Pacer for Reset. Non-Taxable: 750M
[39.745s][info][gc            ] GC(51) Concurrent reset 0.288ms
[39.748s][info][gc,start      ] GC(51) Pause Init Mark
[39.748s][info][gc,task       ] GC(51) Using 1 of 1 workers for init marking
[39.749s][info][gc,ergo       ] GC(51) Pacer for Mark. Expected Live: 167M, Free: 204M, Non-Taxable: 20940K, Alloc Tax Rate: 1.0x
[39.749s][info][gc            ] GC(51) Pause Init Mark 1.457ms
[39.749s][info][gc,start      ] GC(51) Concurrent marking
[39.749s][info][gc,task       ] GC(51) Using 1 of 1 workers for concurrent marking
[39.901s][info][gc            ] GC(51) Concurrent marking 151.873ms
[39.901s][info][gc,start      ] GC(51) Pause Final Mark
[39.901s][info][gc,task       ] GC(51) Using 1 of 1 workers for final marking
[39.902s][info][gc,ergo       ] GC(51) Collectable Garbage: 334M (98%), Immediate: 334M (98%), CSet: 0B (0%)
[39.902s][info][gc            ] GC(51) Pause Final Mark 0.382ms
[39.902s][info][gc,start      ] GC(51) Concurrent cleanup
[39.902s][info][gc            ] GC(51) Concurrent cleanup 539M->204M(543M) 0.106ms
[39.902s][info][gc,ergo       ] GC(51) Free: 506M, Max: 256K regular, 208M humongous, Frag: 59% external, 0% internal; Reserve: 38400K, Max: 256K
[39.902s][info][gc,ergo       ] Free: 506M, Max: 256K regular, 208M humongous, Frag: 59% external, 0% internal; Reserve: 38400K, Max: 256K
[39.902s][info][gc,stats      ] 
[39.902s][info][gc,stats      ] All times are wall-clock times, except per-root-class counters, that are sum over
[39.902s][info][gc,stats      ] all workers. Dividing the <total> over the root stage time estimates parallelism.
[39.902s][info][gc,stats      ] 
[39.902s][info][gc,stats      ] Concurrent Reset                    279 us
[39.902s][info][gc,stats      ] Pause Init Mark (G)                4044 us
[39.902s][info][gc,stats      ] Pause Init Mark (N)                1427 us
[39.902s][info][gc,stats      ]   Accumulate Stats                   14 us
[39.902s][info][gc,stats      ]   Make Parsable                      11 us
[39.902s][info][gc,stats      ]   Update Region States               41 us
[39.902s][info][gc,stats      ]   Scan Roots                       1311 us, parallelism: 0.79x
[39.902s][info][gc,stats      ]     S: <total>                     1034 us
[39.902s][info][gc,stats      ]     S: Thread Roots                 425 us, workers (us): 425, 
[39.902s][info][gc,stats      ]     S: Universe Roots                 2 us, workers (us):   2, 
[39.902s][info][gc,stats      ]     S: JNI Handles Roots              1 us, workers (us):   1, 
[39.902s][info][gc,stats      ]     S: Synchronizer Roots             0 us, workers (us):   0, 
[39.902s][info][gc,stats      ]     S: Management Roots               1 us, workers (us):   1, 
[39.902s][info][gc,stats      ]     S: System Dict Roots             11 us, workers (us):  11, 
[39.902s][info][gc,stats      ]     S: CLDG Roots                   593 us, workers (us): 593, 
[39.902s][info][gc,stats      ]     S: JVMTI Roots                    1 us, workers (us):   1, 
[39.902s][info][gc,stats      ]   Resize TLABs                       11 us
[39.902s][info][gc,stats      ] Concurrent Marking               151864 us
[39.902s][info][gc,stats      ] Pause Final Mark (G)                484 us
[39.902s][info][gc,stats      ] Pause Final Mark (N)                373 us
[39.902s][info][gc,stats      ]   Finish Queues                      13 us
[39.902s][info][gc,stats      ]   System Purge                      255 us
[39.902s][info][gc,stats      ]     Weak Roots                      254 us
[39.902s][info][gc,stats      ]   Update Region States               45 us
[39.902s][info][gc,stats      ]   Retire TLABs                       14 us
[39.902s][info][gc,stats      ]   Choose Collection Set              19 us
[39.902s][info][gc,stats      ]   Rebuild Free Set                   10 us
[39.902s][info][gc,stats      ] Concurrent Cleanup                   99 us
[39.902s][info][gc,stats      ] Pacing                            74671 us
[39.902s][info][gc,stats      ] 
[39.902s][info][gc,stats      ] Allocation pacing accrued:
[39.902s][info][gc,stats      ]      75 of   433 ms ( 17.2%): Executor task launch worker for task 0.0 in stage 10.0 (TID 10)
[39.902s][info][gc,stats      ]      75 of   433 ms ( 17.2%): <total>
[39.902s][info][gc,stats      ]       1 of   433 ms (  0.1%): <average total>
[39.902s][info][gc,stats      ]      75 of   433 ms ( 17.2%): <average non-zero>
[39.902s][info][gc,stats      ] 
[39.902s][info][gc,metaspace  ] Metaspace: 60365K->60365K(1103872K)
[39.902s][info][gc,ergo       ] Pacer for Idle. Initial: 15360K, Alloc Tax Rate: 1.0x
[40.224s][info][gc            ] Trigger: Average GC time (155.16 ms) is above the time for allocation rate (794 MB/s) to deplete free headroom (121M)
[40.224s][info][gc,ergo       ] Free headroom: 159M (free) - 38400K (spike) - 0B (penalties) = 121M
[40.224s][info][gc,ergo       ] Free: 159M, Max: 256K regular, 159M humongous, Frag: 0% external, 1% internal; Reserve: 38400K, Max: 256K
[40.224s][info][gc,start      ] GC(52) Concurrent reset
[40.224s][info][gc,task       ] GC(52) Using 1 of 1 workers for concurrent reset
[40.224s][info][gc,ergo       ] GC(52) Pacer for Reset. Non-Taxable: 750M
[40.224s][info][gc            ] GC(52) Concurrent reset 0.337ms
[40.227s][info][gc,start      ] GC(52) Pause Init Mark
[40.227s][info][gc,task       ] GC(52) Using 1 of 1 workers for init marking
[40.229s][info][gc,ergo       ] GC(52) Pacer for Mark. Expected Live: 167M, Free: 159M, Non-Taxable: 16307K, Alloc Tax Rate: 1.3x
[40.229s][info][gc            ] GC(52) Pause Init Mark 1.478ms
[40.229s][info][gc,start      ] GC(52) Concurrent marking
[40.229s][info][gc,task       ] GC(52) Using 1 of 1 workers for concurrent marking
[40.370s][info][gc            ] GC(52) Concurrent marking 141.419ms
[40.370s][info][gc,start      ] GC(52) Pause Final Mark
[40.370s][info][gc,task       ] GC(52) Using 1 of 1 workers for final marking
[40.371s][info][gc,ergo       ] GC(52) Collectable Garbage: 380M (98%), Immediate: 380M (98%), CSet: 0B (0%)
[40.371s][info][gc            ] GC(52) Pause Final Mark 0.418ms
[40.371s][info][gc,start      ] GC(52) Concurrent cleanup
[40.371s][info][gc            ] GC(52) Concurrent cleanup 577M->197M(579M) 0.119ms
[40.371s][info][gc,ergo       ] GC(52) Free: 513M, Max: 256K regular, 133M humongous, Frag: 74% external, 0% internal; Reserve: 38400K, Max: 256K
[40.371s][info][gc,ergo       ] Free: 513M, Max: 256K regular, 133M humongous, Frag: 74% external, 0% internal; Reserve: 38400K, Max: 256K
[40.371s][info][gc,stats      ] 
[40.371s][info][gc,stats      ] All times are wall-clock times, except per-root-class counters, that are sum over
[40.371s][info][gc,stats      ] all workers. Dividing the <total> over the root stage time estimates parallelism.
[40.371s][info][gc,stats      ] 
[40.371s][info][gc,stats      ] Concurrent Reset                    329 us
[40.371s][info][gc,stats      ] Pause Init Mark (G)                4206 us
[40.371s][info][gc,stats      ] Pause Init Mark (N)                1451 us
[40.371s][info][gc,stats      ]   Accumulate Stats                   14 us
[40.371s][info][gc,stats      ]   Make Parsable                      11 us
[40.371s][info][gc,stats      ]   Update Region States               37 us
[40.371s][info][gc,stats      ]   Scan Roots                       1345 us, parallelism: 0.74x
[40.371s][info][gc,stats      ]     S: <total>                     1000 us
[40.371s][info][gc,stats      ]     S: Thread Roots                 411 us, workers (us): 411, 
[40.371s][info][gc,stats      ]     S: Universe Roots                 2 us, workers (us):   2, 
[40.371s][info][gc,stats      ]     S: JNI Handles Roots              1 us, workers (us):   1, 
[40.371s][info][gc,stats      ]     S: Synchronizer Roots             0 us, workers (us):   0, 
[40.371s][info][gc,stats      ]     S: Management Roots               2 us, workers (us):   2, 
[40.371s][info][gc,stats      ]     S: System Dict Roots             11 us, workers (us):  11, 
[40.371s][info][gc,stats      ]     S: CLDG Roots                   571 us, workers (us): 571, 
[40.371s][info][gc,stats      ]     S: JVMTI Roots                    1 us, workers (us):   1, 
[40.371s][info][gc,stats      ]   Resize TLABs                       10 us
[40.371s][info][gc,stats      ] Concurrent Marking               141410 us
[40.371s][info][gc,stats      ] Pause Final Mark (G)                523 us
[40.371s][info][gc,stats      ] Pause Final Mark (N)                408 us
[40.371s][info][gc,stats      ]   Finish Queues                      13 us
[40.371s][info][gc,stats      ]   System Purge                      289 us
[40.371s][info][gc,stats      ]     Weak Roots                      288 us
[40.371s][info][gc,stats      ]   Update Region States               49 us
[40.371s][info][gc,stats      ]   Retire TLABs                       17 us
[40.371s][info][gc,stats      ]   Choose Collection Set              23 us
[40.371s][info][gc,stats      ]   Rebuild Free Set                   10 us
[40.371s][info][gc,stats      ] Concurrent Cleanup                  106 us
[40.371s][info][gc,stats      ] Pacing                            84121 us
[40.371s][info][gc,stats      ] 
[40.371s][info][gc,stats      ] Allocation pacing accrued:
[40.371s][info][gc,stats      ]      13 of   469 ms (  2.7%): Spark Context Cleaner
[40.371s][info][gc,stats      ]      71 of   469 ms ( 15.2%): Executor task launch worker for task 0.0 in stage 10.0 (TID 10)
[40.371s][info][gc,stats      ]      84 of   469 ms ( 17.9%): <total>
[40.371s][info][gc,stats      ]       1 of   469 ms (  0.2%): <average total>
[40.371s][info][gc,stats      ]      42 of   469 ms (  9.0%): <average non-zero>
[40.371s][info][gc,stats      ] 
[40.371s][info][gc,metaspace  ] Metaspace: 60365K->60365K(1103872K)
[40.371s][info][gc,ergo       ] Pacer for Idle. Initial: 15360K, Alloc Tax Rate: 1.0x
[40.737s][info][gc            ] Trigger: Explicit GC request (System.gc())
[40.737s][info][gc,ergo       ] Free: 209M, Max: 256K regular, 133M humongous, Frag: 37% external, 1% internal; Reserve: 38400K, Max: 256K
[40.737s][info][gc,start      ] GC(53) Concurrent reset
[40.737s][info][gc,task       ] GC(53) Using 1 of 1 workers for concurrent reset
[40.737s][info][gc,ergo       ] GC(53) Pacer for Reset. Non-Taxable: 750M
[40.738s][info][gc            ] GC(53) Concurrent reset 0.317ms
[40.738s][info][gc,start      ] GC(53) Pause Init Mark (process weakrefs) (unload classes)
[40.738s][info][gc,task       ] GC(53) Using 1 of 1 workers for init marking
[40.739s][info][gc,ergo       ] GC(53) Pacer for Mark. Expected Live: 167M, Free: 209M, Non-Taxable: 21478K, Alloc Tax Rate: 1.0x
[40.739s][info][gc            ] GC(53) Pause Init Mark (process weakrefs) (unload classes) 0.924ms
[40.739s][info][gc,start      ] GC(53) Concurrent marking (process weakrefs) (unload classes)
[40.739s][info][gc,task       ] GC(53) Using 1 of 1 workers for concurrent marking
[40.949s][info][gc            ] GC(53) Concurrent marking (process weakrefs) (unload classes) 210.390ms
[40.949s][info][gc,start      ] GC(53) Concurrent precleaning
[40.949s][info][gc,task       ] GC(53) Using 1 of 1 workers for concurrent preclean
[40.949s][info][gc,ergo       ] GC(53) Pacer for Precleaning. Non-Taxable: 750M
[40.950s][info][gc            ] GC(53) Concurrent precleaning 0.287ms
[40.950s][info][gc,start      ] GC(53) Pause Final Mark (process weakrefs) (unload classes)
[40.950s][info][gc,task       ] GC(53) Using 1 of 1 workers for final marking
[40.992s][info][gc,stringtable] GC(53) Cleaned string and symbol table, strings: 18497 processed, 0 removed, symbols: 131960 processed, 200 removed
[40.997s][info][gc,ergo       ] GC(53) Collectable Garbage: 327M (97%), Immediate: 327M (97%), CSet: 0B (0%)
[40.997s][info][gc            ] GC(53) Pause Final Mark (process weakrefs) (unload classes) 47.449ms
[40.997s][info][gc,start      ] GC(53) Concurrent cleanup
[40.997s][info][gc            ] GC(53) Concurrent cleanup 501M->174M(579M) 0.107ms
[40.997s][info][gc,ergo       ] GC(53) Free: 537M, Max: 256K regular, 235M humongous, Frag: 57% external, 0% internal; Reserve: 38400K, Max: 256K
[40.997s][info][gc,ergo       ] Free: 537M, Max: 256K regular, 235M humongous, Frag: 57% external, 0% internal; Reserve: 38400K, Max: 256K
[40.997s][info][gc,stats      ] 
[40.997s][info][gc,stats      ] All times are wall-clock times, except per-root-class counters, that are sum over
[40.997s][info][gc,stats      ] all workers. Dividing the <total> over the root stage time estimates parallelism.
[40.997s][info][gc,stats      ] 
[40.997s][info][gc,stats      ] Concurrent Reset                    302 us
[40.997s][info][gc,stats      ] Pause Init Mark (G)                1173 us
[40.997s][info][gc,stats      ] Pause Init Mark (N)                 909 us
[40.997s][info][gc,stats      ]   Accumulate Stats                   15 us
[40.997s][info][gc,stats      ]   Make Parsable                      13 us
[40.997s][info][gc,stats      ]   Update Region States               32 us
[40.997s][info][gc,stats      ]   Scan Roots                        819 us, parallelism: 0.57x
[40.997s][info][gc,stats      ]     S: <total>                      469 us
[40.997s][info][gc,stats      ]     S: Thread Roots                 358 us, workers (us): 358, 
[40.997s][info][gc,stats      ]     S: Universe Roots                 2 us, workers (us):   2, 
[40.997s][info][gc,stats      ]     S: JNI Handles Roots              2 us, workers (us):   2, 
[40.997s][info][gc,stats      ]     S: Synchronizer Roots             0 us, workers (us):   0, 
[40.997s][info][gc,stats      ]     S: Management Roots               2 us, workers (us):   2, 
[40.997s][info][gc,stats      ]     S: System Dict Roots             11 us, workers (us):  11, 
[40.997s][info][gc,stats      ]     S: CLDG Roots                    95 us, workers (us):  95, 
[40.997s][info][gc,stats      ]     S: JVMTI Roots                    1 us, workers (us):   1, 
[40.997s][info][gc,stats      ]   Resize TLABs                        6 us
[40.997s][info][gc,stats      ] Concurrent Marking               210382 us
[40.997s][info][gc,stats      ] Concurrent Precleaning              274 us
[40.997s][info][gc,stats      ] Pause Final Mark (G)              47587 us
[40.997s][info][gc,stats      ] Pause Final Mark (N)              47439 us
[40.997s][info][gc,stats      ]   Finish Queues                      76 us
[40.997s][info][gc,stats      ]   Weak References                    49 us
[40.997s][info][gc,stats      ]     Process                          47 us
[40.997s][info][gc,stats      ]   System Purge                      301 us
[40.997s][info][gc,stats      ]     Unload Classes                  992 us
[40.997s][info][gc,stats      ]     Cleanup                       41154 us, parallelism: 1.00x
[40.997s][info][gc,stats      ]       CU: <total>                 41073 us
[40.997s][info][gc,stats      ]       CU: Code Cache Roots        15688 us, workers (us): 15688, 
[40.997s][info][gc,stats      ]       CU: Code Cache Cleaning     13349 us, workers (us): 13349, 
[40.997s][info][gc,stats      ]       CU: String Table Roots       5918 us, workers (us): 5918, 
[40.997s][info][gc,stats      ]       CU: Resolved Table Roots      132 us, workers (us): 132, 
[40.997s][info][gc,stats      ]       CU: CLDG Roots               5986 us, workers (us): 5986, 
[40.997s][info][gc,stats      ]     Weak Roots                      301 us
[40.997s][info][gc,stats      ]     CLDG                            219 us
[40.997s][info][gc,stats      ]   Update Region States             4529 us
[40.997s][info][gc,stats      ]   Retire TLABs                       39 us
[40.997s][info][gc,stats      ]   Choose Collection Set              61 us
[40.997s][info][gc,stats      ]   Rebuild Free Set                   11 us
[40.997s][info][gc,stats      ] Concurrent Cleanup                   99 us
[40.997s][info][gc,stats      ] Pacing                            10056 us
[40.997s][info][gc,stats      ] 
[40.997s][info][gc,stats      ] Allocation pacing accrued:
[40.997s][info][gc,stats      ]      10 of   627 ms (  1.6%): Executor task launch worker for task 0.0 in stage 11.0 (TID 11)
[40.997s][info][gc,stats      ]      10 of   627 ms (  1.6%): <total>
[40.997s][info][gc,stats      ]       0 of   627 ms (  0.0%): <average total>
[40.997s][info][gc,stats      ]      10 of   627 ms (  1.6%): <average non-zero>
[40.997s][info][gc,stats      ] 
[40.997s][info][gc,metaspace  ] Metaspace: 60420K->60041K(1103872K)
[40.998s][info][gc,ergo       ] Pacer for Idle. Initial: 15360K, Alloc Tax Rate: 1.0x
[40.998s][info][gc,start      ] Concurrent uncommit
[41.029s][info][gc            ] Concurrent uncommit 174M->174M(175M) 31.228ms
[41.186s][info][gc            ] Trigger: Learning 2 of 5. Free (521M) is below initial threshold (525M)
[41.187s][info][gc,ergo       ] Free: 521M, Max: 256K regular, 235M humongous, Frag: 55% external, 0% internal; Reserve: 38400K, Max: 256K
[41.187s][info][gc,start      ] GC(54) Concurrent reset
[41.187s][info][gc,task       ] GC(54) Using 1 of 1 workers for concurrent reset
[41.187s][info][gc,ergo       ] GC(54) Pacer for Reset. Non-Taxable: 750M
[41.187s][info][gc            ] GC(54) Concurrent reset 0.352ms
[41.190s][info][gc,start      ] GC(54) Pause Init Mark
[41.190s][info][gc,task       ] GC(54) Using 1 of 1 workers for init marking
[41.191s][info][gc,ergo       ] GC(54) Pacer for Mark. Expected Live: 166M, Free: 521M, Non-Taxable: 53452K, Alloc Tax Rate: 0.4x
[41.191s][info][gc            ] GC(54) Pause Init Mark 1.554ms
[41.191s][info][gc,start      ] GC(54) Concurrent marking
[41.191s][info][gc,task       ] GC(54) Using 1 of 1 workers for concurrent marking
[41.553s][info][gc            ] GC(54) Concurrent marking 361.044ms
[41.553s][info][gc,start      ] GC(54) Pause Final Mark
[41.553s][info][gc,task       ] GC(54) Using 1 of 1 workers for final marking
[41.553s][info][gc,ergo       ] GC(54) Adaptive CSet Selection. Target Free: 106M, Actual Free: 504M, Max CSet: 32000K, Min Garbage: 0B
[41.553s][info][gc,ergo       ] GC(54) Collectable Garbage: 15340K (87%), Immediate: 3475K (19%), CSet: 11864K (67%)
[41.555s][info][gc,ergo       ] GC(54) Pacer for Evacuation. Used CSet: 12726K, Free: 468M, Non-Taxable: 48024K, Alloc Tax Rate: 1.1x
[41.555s][info][gc            ] GC(54) Pause Final Mark 2.770ms
[41.556s][info][gc,start      ] GC(54) Concurrent cleanup
[41.556s][info][gc            ] GC(54) Concurrent cleanup 244M->241M(249M) 0.059ms
[41.556s][info][gc,ergo       ] GC(54) Free: 468M, Max: 256K regular, 235M humongous, Frag: 50% external, 1% internal; Reserve: 38273K, Max: 256K
[41.556s][info][gc,start      ] GC(54) Concurrent evacuation
[41.556s][info][gc,task       ] GC(54) Using 1 of 1 workers for concurrent evacuation
[41.563s][info][gc            ] GC(54) Concurrent evacuation 6.997ms
[41.565s][info][gc,start      ] GC(54) Pause Init Update Refs
[41.565s][info][gc,ergo       ] GC(54) Pacer for Update Refs. Used: 242M, Free: 467M, Non-Taxable: 47922K, Alloc Tax Rate: 1.1x
[41.565s][info][gc            ] GC(54) Pause Init Update Refs 0.038ms
[41.565s][info][gc,start      ] GC(54) Concurrent update references
[41.565s][info][gc,task       ] GC(54) Using 1 of 1 workers for concurrent reference update
[41.844s][info][gc            ] GC(54) Concurrent update references 278.822ms
[41.847s][info][gc,start      ] GC(54) Pause Final Update Refs
[41.847s][info][gc,task       ] GC(54) Using 1 of 1 workers for final reference update
[41.848s][info][gc            ] GC(54) Pause Final Update Refs 0.481ms
[41.853s][info][gc,start      ] GC(54) Concurrent cleanup
[41.854s][info][gc            ] GC(54) Concurrent cleanup 332M->321M(334M) 0.250ms
[41.854s][info][gc,ergo       ] Free: 388M, Max: 256K regular, 382M humongous, Frag: 2% external, 0% internal; Reserve: 38400K, Max: 256K
[41.854s][info][gc,stats      ] 
[41.854s][info][gc,stats      ] All times are wall-clock times, except per-root-class counters, that are sum over
[41.854s][info][gc,stats      ] all workers. Dividing the <total> over the root stage time estimates parallelism.
[41.854s][info][gc,stats      ] 
[41.854s][info][gc,stats      ] Concurrent Reset                    331 us
[41.854s][info][gc,stats      ] Pause Init Mark (G)                4421 us
[41.854s][info][gc,stats      ] Pause Init Mark (N)                1513 us
[41.854s][info][gc,stats      ]   Accumulate Stats                   17 us
[41.854s][info][gc,stats      ]   Make Parsable                      17 us
[41.854s][info][gc,stats      ]   Update Region States               50 us
[41.854s][info][gc,stats      ]   Scan Roots                       1367 us, parallelism: 0.80x
[41.854s][info][gc,stats      ]     S: <total>                     1095 us
[41.854s][info][gc,stats      ]     S: Thread Roots                 486 us, workers (us): 486, 
[41.854s][info][gc,stats      ]     S: Universe Roots                 2 us, workers (us):   2, 
[41.854s][info][gc,stats      ]     S: JNI Handles Roots              1 us, workers (us):   1, 
[41.854s][info][gc,stats      ]     S: Synchronizer Roots             0 us, workers (us):   0, 
[41.854s][info][gc,stats      ]     S: Management Roots               1 us, workers (us):   1, 
[41.854s][info][gc,stats      ]     S: System Dict Roots             12 us, workers (us):  12, 
[41.854s][info][gc,stats      ]     S: CLDG Roots                   593 us, workers (us): 593, 
[41.854s][info][gc,stats      ]     S: JVMTI Roots                    1 us, workers (us):   1, 
[41.854s][info][gc,stats      ]   Resize TLABs                       13 us
[41.854s][info][gc,stats      ] Concurrent Marking               361035 us
[41.854s][info][gc,stats      ] Pause Final Mark (G)               2905 us
[41.854s][info][gc,stats      ] Pause Final Mark (N)               2752 us
[41.854s][info][gc,stats      ]   Finish Queues                      15 us
[41.854s][info][gc,stats      ]   System Purge                      363 us
[41.854s][info][gc,stats      ]     Weak Roots                      363 us
[41.854s][info][gc,stats      ]   Update Region States               47 us
[41.854s][info][gc,stats      ]   Retire TLABs                       23 us
[41.854s][info][gc,stats      ]   Choose Collection Set              99 us
[41.854s][info][gc,stats      ]   Rebuild Free Set                   11 us
[41.854s][info][gc,stats      ]   Initial Evacuation               2187 us, parallelism: 0.63x
[41.854s][info][gc,stats      ]     E: <total>                     1376 us
[41.854s][info][gc,stats      ]     E: Thread Roots                 459 us, workers (us): 459, 
[41.854s][info][gc,stats      ]     E: Code Cache Roots             327 us, workers (us): 327, 
[41.854s][info][gc,stats      ]     E: Universe Roots                 1 us, workers (us):   1, 
[41.854s][info][gc,stats      ]     E: JNI Handles Roots              1 us, workers (us):   1, 
[41.854s][info][gc,stats      ]     E: Synchronizer Roots             0 us, workers (us):   0, 
[41.854s][info][gc,stats      ]     E: Management Roots               2 us, workers (us):   2, 
[41.854s][info][gc,stats      ]     E: System Dict Roots             11 us, workers (us):  11, 
[41.854s][info][gc,stats      ]     E: CLDG Roots                   574 us, workers (us): 574, 
[41.854s][info][gc,stats      ]     E: JVMTI Roots                    1 us, workers (us):   1, 
[41.854s][info][gc,stats      ] Concurrent Cleanup                   51 us
[41.854s][info][gc,stats      ] Concurrent Evacuation              6986 us
[41.854s][info][gc,stats      ] Pause Init  Update Refs (G)        2784 us
[41.854s][info][gc,stats      ] Pause Init  Update Refs (N)          15 us
[41.854s][info][gc,stats      ]   Retire GCLABs                       8 us
[41.854s][info][gc,stats      ] Concurrent Update Refs           278808 us
[41.854s][info][gc,stats      ] Pause Final Update Refs (G)        8976 us
[41.854s][info][gc,stats      ] Pause Final Update Refs (N)         446 us
[41.854s][info][gc,stats      ]   Update Roots                      378 us, parallelism: 0.98x
[41.854s][info][gc,stats      ]     UR: <total>                     372 us
[41.854s][info][gc,stats      ]     UR: Thread Roots                372 us, workers (us): 372, 
[41.854s][info][gc,stats      ]   Update Region States               46 us
[41.854s][info][gc,stats      ]   Trash Collection Set                2 us
[41.854s][info][gc,stats      ]   Rebuild Free Set                   10 us
[41.854s][info][gc,stats      ] Concurrent Cleanup                  160 us
[41.854s][info][gc,stats      ] 
[41.854s][info][gc,stats      ] Allocation pacing accrued:
[41.854s][info][gc,stats      ]       0 of   857 ms (  0.0%): <total>
[41.854s][info][gc,stats      ]       0 of   857 ms (  0.0%): <average total>
[41.854s][info][gc,stats      ] 
[41.854s][info][gc,metaspace  ] Metaspace: 60239K->60459K(1103872K)
[41.854s][info][gc,ergo       ] Pacer for Idle. Initial: 15360K, Alloc Tax Rate: 1.0x
[41.856s][info][gc            ] Trigger: Learning 3 of 5. Free (388M) is below initial threshold (525M)
[41.856s][info][gc,ergo       ] Free: 388M, Max: 256K regular, 382M humongous, Frag: 2% external, 0% internal; Reserve: 38400K, Max: 256K
[41.856s][info][gc,start      ] GC(55) Concurrent reset
[41.856s][info][gc,task       ] GC(55) Using 1 of 1 workers for concurrent reset
[41.856s][info][gc,ergo       ] GC(55) Pacer for Reset. Non-Taxable: 750M
[41.856s][info][gc            ] GC(55) Concurrent reset 0.484ms
[41.859s][info][gc,start      ] GC(55) Pause Init Mark (process weakrefs)
[41.859s][info][gc,task       ] GC(55) Using 1 of 1 workers for init marking
[41.862s][info][gc,ergo       ] GC(55) Pacer for Mark. Expected Live: 167M, Free: 388M, Non-Taxable: 39731K, Alloc Tax Rate: 0.5x
[41.862s][info][gc            ] GC(55) Pause Init Mark (process weakrefs) 2.789ms
[41.862s][info][gc,start      ] GC(55) Concurrent marking (process weakrefs)
[41.862s][info][gc,task       ] GC(55) Using 1 of 1 workers for concurrent marking
[42.061s][info][gc            ] GC(55) Concurrent marking (process weakrefs) 199.473ms
[42.061s][info][gc,start      ] GC(55) Concurrent precleaning
[42.061s][info][gc,task       ] GC(55) Using 1 of 1 workers for concurrent preclean
[42.061s][info][gc,ergo       ] GC(55) Pacer for Precleaning. Non-Taxable: 750M
[42.065s][info][gc            ] GC(55) Concurrent precleaning 3.575ms
[42.068s][info][gc,start      ] GC(55) Pause Final Mark (process weakrefs)
[42.068s][info][gc,task       ] GC(55) Using 1 of 1 workers for final marking
[42.068s][info][gc,ergo       ] GC(55) Collectable Garbage: 145M (93%), Immediate: 145M (93%), CSet: 0B (0%)
[42.068s][info][gc            ] GC(55) Pause Final Mark (process weakrefs) 0.479ms
[42.068s][info][gc,start      ] GC(55) Concurrent cleanup
[42.068s][info][gc            ] GC(55) Concurrent cleanup 384M->238M(390M) 0.079ms
[42.068s][info][gc,ergo       ] GC(55) Free: 472M, Max: 256K regular, 326M humongous, Frag: 32% external, 0% internal; Reserve: 38400K, Max: 256K
[42.068s][info][gc,ergo       ] Free: 472M, Max: 256K regular, 326M humongous, Frag: 32% external, 0% internal; Reserve: 38400K, Max: 256K
[42.068s][info][gc,stats      ] 
[42.068s][info][gc,stats      ] All times are wall-clock times, except per-root-class counters, that are sum over
[42.068s][info][gc,stats      ] all workers. Dividing the <total> over the root stage time estimates parallelism.
[42.068s][info][gc,stats      ] 
[42.068s][info][gc,stats      ] Concurrent Reset                    467 us
[42.068s][info][gc,stats      ] Pause Init Mark (G)                5295 us
[42.068s][info][gc,stats      ] Pause Init Mark (N)                2736 us
[42.068s][info][gc,stats      ]   Accumulate Stats                   28 us
[42.068s][info][gc,stats      ]   Make Parsable                      19 us
[42.068s][info][gc,stats      ]   Update Region States              101 us
[42.068s][info][gc,stats      ]   Scan Roots                       2469 us, parallelism: 0.83x
[42.068s][info][gc,stats      ]     S: <total>                     2054 us
[42.068s][info][gc,stats      ]     S: Thread Roots                 774 us, workers (us): 774, 
[42.068s][info][gc,stats      ]     S: Universe Roots                 4 us, workers (us):   4, 
[42.068s][info][gc,stats      ]     S: JNI Handles Roots              3 us, workers (us):   3, 
[42.068s][info][gc,stats      ]     S: Synchronizer Roots             0 us, workers (us):   0, 
[42.068s][info][gc,stats      ]     S: Management Roots               2 us, workers (us):   2, 
[42.068s][info][gc,stats      ]     S: System Dict Roots             22 us, workers (us):  22, 
[42.068s][info][gc,stats      ]     S: CLDG Roots                  1247 us, workers (us): 1247, 
[42.068s][info][gc,stats      ]     S: JVMTI Roots                    1 us, workers (us):   1, 
[42.068s][info][gc,stats      ]   Resize TLABs                       38 us
[42.068s][info][gc,stats      ] Concurrent Marking               199457 us
[42.068s][info][gc,stats      ] Concurrent Precleaning             3541 us
[42.068s][info][gc,stats      ] Pause Final Mark (G)               3236 us
[42.068s][info][gc,stats      ] Pause Final Mark (N)                461 us
[42.068s][info][gc,stats      ]   Finish Queues                      26 us
[42.068s][info][gc,stats      ]   Weak References                    44 us
[42.068s][info][gc,stats      ]     Process                          41 us
[42.068s][info][gc,stats      ]   System Purge                      276 us
[42.068s][info][gc,stats      ]     Weak Roots                      275 us
[42.068s][info][gc,stats      ]   Update Region States               54 us
[42.068s][info][gc,stats      ]   Retire TLABs                       15 us
[42.068s][info][gc,stats      ]   Choose Collection Set              26 us
[42.068s][info][gc,stats      ]   Rebuild Free Set                   10 us
[42.068s][info][gc,stats      ] Concurrent Cleanup                   71 us
[42.068s][info][gc,stats      ] Pacing                            22671 us
[42.068s][info][gc,stats      ] 
[42.068s][info][gc,stats      ] Allocation pacing accrued:
[42.068s][info][gc,stats      ]      23 of   214 ms ( 10.6%): Executor task launch worker for task 0.0 in stage 13.0 (TID 13)
[42.068s][info][gc,stats      ]      23 of   214 ms ( 10.6%): <total>
[42.068s][info][gc,stats      ]       0 of   214 ms (  0.1%): <average total>
[42.069s][info][gc,stats      ]      23 of   214 ms ( 10.6%): <average non-zero>
[42.069s][info][gc,stats      ] 
[42.069s][info][gc,metaspace  ] Metaspace: 60459K->60459K(1103872K)
[42.069s][info][gc,ergo       ] Pacer for Idle. Initial: 15360K, Alloc Tax Rate: 1.0x
[42.070s][info][gc            ] Trigger: Learning 4 of 5. Free (472M) is below initial threshold (525M)
[42.070s][info][gc,ergo       ] Free: 472M, Max: 256K regular, 326M humongous, Frag: 31% external, 0% internal; Reserve: 38400K, Max: 256K
[42.070s][info][gc,start      ] GC(56) Concurrent reset
[42.070s][info][gc,task       ] GC(56) Using 1 of 1 workers for concurrent reset
[42.070s][info][gc,ergo       ] GC(56) Pacer for Reset. Non-Taxable: 750M
[42.073s][info][gc            ] GC(56) Concurrent reset 3.128ms
[42.076s][info][gc,start      ] GC(56) Pause Init Mark
[42.076s][info][gc,task       ] GC(56) Using 1 of 1 workers for init marking
[42.077s][info][gc,ergo       ] GC(56) Pacer for Mark. Expected Live: 167M, Free: 469M, Non-Taxable: 48025K, Alloc Tax Rate: 0.4x
[42.077s][info][gc            ] GC(56) Pause Init Mark 1.485ms
[42.077s][info][gc,start      ] GC(56) Concurrent marking
[42.077s][info][gc,task       ] GC(56) Using 1 of 1 workers for concurrent marking
[42.305s][info][gc            ] GC(56) Concurrent marking 228.084ms
[42.306s][info][gc,start      ] GC(56) Pause Final Mark
[42.306s][info][gc,task       ] GC(56) Using 1 of 1 workers for final marking
[42.306s][info][gc,ergo       ] GC(56) Adaptive CSet Selection. Target Free: 106M, Actual Free: 491M, Max CSet: 32000K, Min Garbage: 0B
[42.306s][info][gc,ergo       ] GC(56) Collectable Garbage: 74870K (97%), Immediate: 67072K (86%), CSet: 7798K (10%)
[42.308s][info][gc,ergo       ] GC(56) Pacer for Evacuation. Used CSet: 8700K, Free: 454M, Non-Taxable: 46515K, Alloc Tax Rate: 1.1x
[42.308s][info][gc            ] GC(56) Pause Final Mark 2.381ms
[42.308s][info][gc,start      ] GC(56) Concurrent cleanup
[42.308s][info][gc            ] GC(56) Concurrent cleanup 322M->257M(390M) 0.070ms
[42.308s][info][gc,ergo       ] GC(56) Free: 454M, Max: 256K regular, 340M humongous, Frag: 26% external, 0% internal; Reserve: 38337K, Max: 256K
[42.308s][info][gc,start      ] GC(56) Concurrent evacuation
[42.308s][info][gc,task       ] GC(56) Using 1 of 1 workers for concurrent evacuation
[42.309s][info][gc            ] GC(56) Concurrent evacuation 0.730ms
[42.309s][info][gc,start      ] GC(56) Pause Init Update Refs
[42.309s][info][gc,ergo       ] GC(56) Pacer for Update Refs. Used: 258M, Free: 454M, Non-Taxable: 46515K, Alloc Tax Rate: 1.1x
[42.309s][info][gc            ] GC(56) Pause Init Update Refs 0.020ms
[42.309s][info][gc,start      ] GC(56) Concurrent update references
[42.309s][info][gc,task       ] GC(56) Using 1 of 1 workers for concurrent reference update
[42.720s][info][gc            ] GC(56) Concurrent update references 410.824ms
[42.723s][info][gc,start      ] GC(56) Pause Final Update Refs
[42.723s][info][gc,task       ] GC(56) Using 1 of 1 workers for final reference update
[42.723s][info][gc            ] GC(56) Pause Final Update Refs 0.496ms
[42.723s][info][gc,start      ] GC(56) Concurrent cleanup
[42.723s][info][gc            ] GC(56) Concurrent cleanup 404M->396M(408M) 0.057ms
[42.723s][info][gc,ergo       ] Free: 315M, Max: 256K regular, 307M humongous, Frag: 3% external, 1% internal; Reserve: 38400K, Max: 256K
[42.723s][info][gc,stats      ] 
[42.723s][info][gc,stats      ] All times are wall-clock times, except per-root-class counters, that are sum over
[42.723s][info][gc,stats      ] all workers. Dividing the <total> over the root stage time estimates parallelism.
[42.723s][info][gc,stats      ] 
[42.723s][info][gc,stats      ] Concurrent Reset                   3116 us
[42.723s][info][gc,stats      ] Pause Init Mark (G)                4223 us
[42.723s][info][gc,stats      ] Pause Init Mark (N)                1459 us
[42.723s][info][gc,stats      ]   Accumulate Stats                   16 us
[42.723s][info][gc,stats      ]   Make Parsable                      11 us
[42.723s][info][gc,stats      ]   Update Region States               44 us
[42.723s][info][gc,stats      ]   Scan Roots                       1334 us, parallelism: 0.79x
[42.723s][info][gc,stats      ]     S: <total>                     1056 us
[42.723s][info][gc,stats      ]     S: Thread Roots                 442 us, workers (us): 442, 
[42.723s][info][gc,stats      ]     S: Universe Roots                 2 us, workers (us):   2, 
[42.723s][info][gc,stats      ]     S: JNI Handles Roots              1 us, workers (us):   1, 
[42.723s][info][gc,stats      ]     S: Synchronizer Roots             0 us, workers (us):   0, 
[42.723s][info][gc,stats      ]     S: Management Roots               2 us, workers (us):   2, 
[42.723s][info][gc,stats      ]     S: System Dict Roots             11 us, workers (us):  11, 
[42.723s][info][gc,stats      ]     S: CLDG Roots                   598 us, workers (us): 598, 
[42.723s][info][gc,stats      ]     S: JVMTI Roots                    1 us, workers (us):   1, 
[42.723s][info][gc,stats      ]   Resize TLABs                       12 us
[42.723s][info][gc,stats      ] Concurrent Marking               228074 us
[42.723s][info][gc,stats      ] Pause Final Mark (G)               2519 us
[42.723s][info][gc,stats      ] Pause Final Mark (N)               2362 us
[42.723s][info][gc,stats      ]   Finish Queues                      16 us
[42.723s][info][gc,stats      ]   System Purge                      267 us
[42.723s][info][gc,stats      ]     Weak Roots                      267 us
[42.723s][info][gc,stats      ]   Update Region States               47 us
[42.723s][info][gc,stats      ]   Retire TLABs                       15 us
[42.723s][info][gc,stats      ]   Choose Collection Set              97 us
[42.723s][info][gc,stats      ]   Rebuild Free Set                   11 us
[42.723s][info][gc,stats      ]   Initial Evacuation               1900 us, parallelism: 0.61x
[42.723s][info][gc,stats      ]     E: <total>                     1168 us
[42.723s][info][gc,stats      ]     E: Thread Roots                 432 us, workers (us): 432, 
[42.723s][info][gc,stats      ]     E: Code Cache Roots             198 us, workers (us): 198, 
[42.723s][info][gc,stats      ]     E: Universe Roots                 1 us, workers (us):   1, 
[42.723s][info][gc,stats      ]     E: JNI Handles Roots              1 us, workers (us):   1, 
[42.723s][info][gc,stats      ]     E: Synchronizer Roots             0 us, workers (us):   0, 
[42.723s][info][gc,stats      ]     E: Management Roots               1 us, workers (us):   1, 
[42.723s][info][gc,stats      ]     E: System Dict Roots             10 us, workers (us):  10, 
[42.723s][info][gc,stats      ]     E: CLDG Roots                   524 us, workers (us): 524, 
[42.723s][info][gc,stats      ]     E: JVMTI Roots                    1 us, workers (us):   1, 
[42.723s][info][gc,stats      ] Concurrent Cleanup                   62 us
[42.723s][info][gc,stats      ] Concurrent Evacuation               724 us
[42.723s][info][gc,stats      ] Pause Init  Update Refs (G)         210 us
[42.723s][info][gc,stats      ] Pause Init  Update Refs (N)          12 us
[42.724s][info][gc,stats      ]   Retire GCLABs                       6 us
[42.724s][info][gc,stats      ] Concurrent Update Refs           410810 us
[42.724s][info][gc,stats      ] Pause Final Update Refs (G)        3269 us
[42.724s][info][gc,stats      ] Pause Final Update Refs (N)         456 us
[42.724s][info][gc,stats      ]   Update Roots                      386 us, parallelism: 0.98x
[42.724s][info][gc,stats      ]     UR: <total>                     380 us
[42.724s][info][gc,stats      ]     UR: Thread Roots                380 us, workers (us): 380, 
[42.724s][info][gc,stats      ]   Update Region States               49 us
[42.724s][info][gc,stats      ]   Trash Collection Set                2 us
[42.724s][info][gc,stats      ]   Rebuild Free Set                   10 us
[42.724s][info][gc,stats      ] Concurrent Cleanup                   50 us
[42.724s][info][gc,stats      ] Pacing                            70002 us
[42.724s][info][gc,stats      ] 
[42.724s][info][gc,stats      ] Allocation pacing accrued:
[42.724s][info][gc,stats      ]      70 of   655 ms ( 10.7%): Executor task launch worker for task 0.0 in stage 13.0 (TID 13)
[42.724s][info][gc,stats      ]      70 of   655 ms ( 10.7%): <total>
[42.724s][info][gc,stats      ]       1 of   655 ms (  0.1%): <average total>
[42.724s][info][gc,stats      ]      70 of   655 ms ( 10.7%): <average non-zero>
[42.724s][info][gc,stats      ] 
[42.724s][info][gc,metaspace  ] Metaspace: 60459K->60463K(1103872K)
[42.724s][info][gc,ergo       ] Pacer for Idle. Initial: 15360K, Alloc Tax Rate: 1.0x
[42.726s][info][gc            ] Trigger: Learning 5 of 5. Free (313M) is below initial threshold (525M)
[42.726s][info][gc,ergo       ] Free: 313M, Max: 256K regular, 307M humongous, Frag: 2% external, 0% internal; Reserve: 38400K, Max: 256K
[42.726s][info][gc,start      ] GC(57) Concurrent reset
[42.726s][info][gc,task       ] GC(57) Using 1 of 1 workers for concurrent reset
[42.726s][info][gc,ergo       ] GC(57) Pacer for Reset. Non-Taxable: 750M
[42.726s][info][gc            ] GC(57) Concurrent reset 0.281ms
[42.729s][info][gc,start      ] GC(57) Pause Init Mark
[42.729s][info][gc,task       ] GC(57) Using 1 of 1 workers for init marking
[42.731s][info][gc,ergo       ] GC(57) Pacer for Mark. Expected Live: 167M, Free: 313M, Non-Taxable: 32102K, Alloc Tax Rate: 0.7x
[42.731s][info][gc            ] GC(57) Pause Init Mark 1.892ms
[42.731s][info][gc,start      ] GC(57) Concurrent marking
[42.731s][info][gc,task       ] GC(57) Using 1 of 1 workers for concurrent marking
[42.889s][info][gc            ] GC(57) Concurrent marking 158.492ms
[42.889s][info][gc,start      ] GC(57) Pause Final Mark
[42.889s][info][gc,task       ] GC(57) Using 1 of 1 workers for final marking
[42.890s][info][gc,ergo       ] GC(57) Collectable Garbage: 226M (98%), Immediate: 226M (98%), CSet: 0B (0%)
[42.890s][info][gc            ] GC(57) Pause Final Mark 0.378ms
[42.890s][info][gc,start      ] GC(57) Concurrent cleanup
[42.890s][info][gc            ] GC(57) Concurrent cleanup 446M->220M(451M) 0.100ms
[42.890s][info][gc,ergo       ] GC(57) Free: 491M, Max: 256K regular, 265M humongous, Frag: 47% external, 0% internal; Reserve: 38400K, Max: 256K
[42.890s][info][gc,ergo       ] Free: 491M, Max: 256K regular, 265M humongous, Frag: 47% external, 0% internal; Reserve: 38400K, Max: 256K
[42.890s][info][gc,stats      ] 
[42.890s][info][gc,stats      ] All times are wall-clock times, except per-root-class counters, that are sum over
[42.890s][info][gc,stats      ] all workers. Dividing the <total> over the root stage time estimates parallelism.
[42.890s][info][gc,stats      ] 
[42.890s][info][gc,stats      ] Concurrent Reset                    275 us
[42.890s][info][gc,stats      ] Pause Init Mark (G)                4734 us
[42.890s][info][gc,stats      ] Pause Init Mark (N)                1864 us
[42.890s][info][gc,stats      ]   Accumulate Stats                   16 us
[42.890s][info][gc,stats      ]   Make Parsable                      12 us
[42.890s][info][gc,stats      ]   Update Region States               38 us
[42.890s][info][gc,stats      ]   Scan Roots                       1704 us, parallelism: 0.83x
[42.890s][info][gc,stats      ]     S: <total>                     1420 us
[42.890s][info][gc,stats      ]     S: Thread Roots                 810 us, workers (us): 810, 
[42.890s][info][gc,stats      ]     S: Universe Roots                 3 us, workers (us):   3, 
[42.890s][info][gc,stats      ]     S: JNI Handles Roots              1 us, workers (us):   1, 
[42.890s][info][gc,stats      ]     S: Synchronizer Roots             0 us, workers (us):   0, 
[42.890s][info][gc,stats      ]     S: Management Roots               2 us, workers (us):   2, 
[42.890s][info][gc,stats      ]     S: System Dict Roots             12 us, workers (us):  12, 
[42.890s][info][gc,stats      ]     S: CLDG Roots                   591 us, workers (us): 591, 
[42.890s][info][gc,stats      ]     S: JVMTI Roots                    1 us, workers (us):   1, 
[42.890s][info][gc,stats      ]   Resize TLABs                       34 us
[42.890s][info][gc,stats      ] Concurrent Marking               158471 us
[42.890s][info][gc,stats      ] Pause Final Mark (G)                551 us
[42.890s][info][gc,stats      ] Pause Final Mark (N)                367 us
[42.890s][info][gc,stats      ]   Finish Queues                      14 us
[42.890s][info][gc,stats      ]   System Purge                      257 us
[42.890s][info][gc,stats      ]     Weak Roots                      257 us
[42.890s][info][gc,stats      ]   Update Region States               45 us
[42.890s][info][gc,stats      ]   Retire TLABs                       17 us
[42.890s][info][gc,stats      ]   Choose Collection Set              18 us
[42.890s][info][gc,stats      ]   Rebuild Free Set                   10 us
[42.890s][info][gc,stats      ] Concurrent Cleanup                   83 us
[42.890s][info][gc,stats      ] Pacing                            37559 us
[42.890s][info][gc,stats      ] 
[42.890s][info][gc,stats      ] Allocation pacing accrued:
[42.890s][info][gc,stats      ]      38 of   166 ms ( 22.6%): Executor task launch worker for task 0.0 in stage 13.0 (TID 13)
[42.890s][info][gc,stats      ]      38 of   166 ms ( 22.6%): <total>
[42.890s][info][gc,stats      ]       0 of   166 ms (  0.2%): <average total>
[42.890s][info][gc,stats      ]      38 of   166 ms ( 22.6%): <average non-zero>
[42.890s][info][gc,stats      ] 
[42.890s][info][gc,metaspace  ] Metaspace: 60463K->60463K(1103872K)
[42.890s][info][gc,ergo       ] Pacer for Idle. Initial: 15360K, Alloc Tax Rate: 1.0x
[43.047s][info][gc            ] Trigger: Average GC time (391.41 ms) is above the time for allocation rate (709 MB/s) to deplete free headroom (274M)
[43.047s][info][gc,ergo       ] Free headroom: 312M (free) - 38400K (spike) - 0B (penalties) = 274M
[43.047s][info][gc,ergo       ] Free: 312M, Max: 256K regular, 265M humongous, Frag: 16% external, 0% internal; Reserve: 38400K, Max: 256K
[43.047s][info][gc,start      ] GC(58) Concurrent reset
[43.047s][info][gc,task       ] GC(58) Using 1 of 1 workers for concurrent reset
[43.047s][info][gc,ergo       ] GC(58) Pacer for Reset. Non-Taxable: 750M
[43.047s][info][gc            ] GC(58) Concurrent reset 0.276ms
[43.050s][info][gc,start      ] GC(58) Pause Init Mark
[43.050s][info][gc,task       ] GC(58) Using 1 of 1 workers for init marking
[43.052s][info][gc,ergo       ] GC(58) Pacer for Mark. Expected Live: 167M, Free: 312M, Non-Taxable: 31948K, Alloc Tax Rate: 0.7x
[43.052s][info][gc            ] GC(58) Pause Init Mark 1.439ms
[43.052s][info][gc,start      ] GC(58) Concurrent marking
[43.052s][info][gc,task       ] GC(58) Using 1 of 1 workers for concurrent marking
[43.194s][info][gc            ] GC(58) Concurrent marking 142.485ms
[43.194s][info][gc,start      ] GC(58) Pause Final Mark
[43.194s][info][gc,task       ] GC(58) Using 1 of 1 workers for final marking
[43.195s][info][gc,ergo       ] GC(58) Collectable Garbage: 228M (98%), Immediate: 228M (98%), CSet: 0B (0%)
[43.195s][info][gc            ] GC(58) Pause Final Mark 0.436ms
[43.195s][info][gc,start      ] GC(58) Concurrent cleanup
[43.195s][info][gc            ] GC(58) Concurrent cleanup 448M->220M(452M) 0.094ms
[43.195s][info][gc,ergo       ] GC(58) Free: 491M, Max: 256K regular, 263M humongous, Frag: 47% external, 0% internal; Reserve: 38400K, Max: 256K
[43.195s][info][gc,ergo       ] Free: 491M, Max: 256K regular, 263M humongous, Frag: 47% external, 0% internal; Reserve: 38400K, Max: 256K
[43.195s][info][gc,stats      ] 
[43.195s][info][gc,stats      ] All times are wall-clock times, except per-root-class counters, that are sum over
[43.195s][info][gc,stats      ] all workers. Dividing the <total> over the root stage time estimates parallelism.
[43.195s][info][gc,stats      ] 
[43.195s][info][gc,stats      ] Concurrent Reset                    268 us
[43.195s][info][gc,stats      ] Pause Init Mark (G)                4273 us
[43.195s][info][gc,stats      ] Pause Init Mark (N)                1410 us
[43.195s][info][gc,stats      ]   Accumulate Stats                   16 us
[43.195s][info][gc,stats      ]   Make Parsable                      12 us
[43.195s][info][gc,stats      ]   Update Region States               38 us
[43.195s][info][gc,stats      ]   Scan Roots                       1304 us, parallelism: 0.79x
[43.195s][info][gc,stats      ]     S: <total>                     1028 us
[43.195s][info][gc,stats      ]     S: Thread Roots                 454 us, workers (us): 454, 
[43.195s][info][gc,stats      ]     S: Universe Roots                 2 us, workers (us):   2, 
[43.195s][info][gc,stats      ]     S: JNI Handles Roots              1 us, workers (us):   1, 
[43.195s][info][gc,stats      ]     S: Synchronizer Roots             0 us, workers (us):   0, 
[43.195s][info][gc,stats      ]     S: Management Roots               2 us, workers (us):   2, 
[43.195s][info][gc,stats      ]     S: System Dict Roots             12 us, workers (us):  12, 
[43.195s][info][gc,stats      ]     S: CLDG Roots                   557 us, workers (us): 557, 
[43.195s][info][gc,stats      ]     S: JVMTI Roots                    0 us, workers (us):   0, 
[43.195s][info][gc,stats      ]   Resize TLABs                       10 us
[43.195s][info][gc,stats      ] Concurrent Marking               142476 us
[43.195s][info][gc,stats      ] Pause Final Mark (G)                556 us
[43.195s][info][gc,stats      ] Pause Final Mark (N)                426 us
[43.195s][info][gc,stats      ]   Finish Queues                      12 us
[43.195s][info][gc,stats      ]   System Purge                      296 us
[43.195s][info][gc,stats      ]     Weak Roots                      296 us
[43.195s][info][gc,stats      ]   Update Region States               47 us
[43.195s][info][gc,stats      ]   Retire TLABs                       19 us
[43.195s][info][gc,stats      ]   Choose Collection Set              36 us
[43.195s][info][gc,stats      ]   Rebuild Free Set                   10 us
[43.195s][info][gc,stats      ] Concurrent Cleanup                   87 us
[43.195s][info][gc,stats      ] Pacing                            60353 us
[43.195s][info][gc,stats      ] 
[43.195s][info][gc,stats      ] Allocation pacing accrued:
[43.195s][info][gc,stats      ]      60 of   305 ms ( 19.8%): Executor task launch worker for task 0.0 in stage 13.0 (TID 13)
[43.195s][info][gc,stats      ]      60 of   305 ms ( 19.8%): <total>
[43.195s][info][gc,stats      ]       0 of   305 ms (  0.1%): <average total>
[43.195s][info][gc,stats      ]      60 of   305 ms ( 19.8%): <average non-zero>
[43.195s][info][gc,stats      ] 
[43.195s][info][gc,metaspace  ] Metaspace: 60463K->60463K(1103872K)
[43.195s][info][gc,ergo       ] Pacer for Idle. Initial: 15360K, Alloc Tax Rate: 1.0x
[43.370s][info][gc            ] Trigger: Average GC time (368.96 ms) is above the time for allocation rate (728 MB/s) to deplete free headroom (267M)
[43.371s][info][gc,ergo       ] Free headroom: 304M (free) - 38400K (spike) - 0B (penalties) = 267M
[43.371s][info][gc,ergo       ] Free: 304M, Max: 256K regular, 263M humongous, Frag: 14% external, 0% internal; Reserve: 38400K, Max: 256K
[43.371s][info][gc,start      ] GC(59) Concurrent reset
[43.371s][info][gc,task       ] GC(59) Using 1 of 1 workers for concurrent reset
[43.371s][info][gc,ergo       ] GC(59) Pacer for Reset. Non-Taxable: 750M
[43.371s][info][gc            ] GC(59) Concurrent reset 0.277ms
[43.374s][info][gc,start      ] GC(59) Pause Init Mark
[43.374s][info][gc,task       ] GC(59) Using 1 of 1 workers for init marking
[43.375s][info][gc,ergo       ] GC(59) Pacer for Mark. Expected Live: 167M, Free: 304M, Non-Taxable: 31206K, Alloc Tax Rate: 0.7x
[43.375s][info][gc            ] GC(59) Pause Init Mark 1.475ms
[43.375s][info][gc,start      ] GC(59) Concurrent marking
[43.375s][info][gc,task       ] GC(59) Using 1 of 1 workers for concurrent marking
[43.547s][info][gc            ] GC(59) Concurrent marking 171.480ms
[43.547s][info][gc,start      ] GC(59) Pause Final Mark
[43.547s][info][gc,task       ] GC(59) Using 1 of 1 workers for final marking
[43.547s][info][gc,ergo       ] GC(59) Collectable Garbage: 235M (98%), Immediate: 235M (98%), CSet: 0B (0%)
[43.547s][info][gc            ] GC(59) Pause Final Mark 0.371ms
[43.547s][info][gc,start      ] GC(59) Concurrent cleanup
[43.547s][info][gc            ] GC(59) Concurrent cleanup 454M->219M(458M) 0.093ms
[43.547s][info][gc,ergo       ] GC(59) Free: 492M, Max: 256K regular, 257M humongous, Frag: 48% external, 0% internal; Reserve: 38400K, Max: 256K
[43.547s][info][gc,ergo       ] Free: 492M, Max: 256K regular, 257M humongous, Frag: 48% external, 0% internal; Reserve: 38400K, Max: 256K
[43.547s][info][gc,stats      ] 
[43.547s][info][gc,stats      ] All times are wall-clock times, except per-root-class counters, that are sum over
[43.547s][info][gc,stats      ] all workers. Dividing the <total> over the root stage time estimates parallelism.
[43.547s][info][gc,stats      ] 
[43.547s][info][gc,stats      ] Concurrent Reset                    269 us
[43.547s][info][gc,stats      ] Pause Init Mark (G)                4313 us
[43.547s][info][gc,stats      ] Pause Init Mark (N)                1448 us
[43.547s][info][gc,stats      ]   Accumulate Stats                   17 us
[43.547s][info][gc,stats      ]   Make Parsable                      13 us
[43.547s][info][gc,stats      ]   Update Region States               43 us
[43.547s][info][gc,stats      ]   Scan Roots                       1325 us, parallelism: 0.79x
[43.547s][info][gc,stats      ]     S: <total>                     1045 us
[43.547s][info][gc,stats      ]     S: Thread Roots                 465 us, workers (us): 465, 
[43.547s][info][gc,stats      ]     S: Universe Roots                 2 us, workers (us):   2, 
[43.548s][info][gc,stats      ]     S: JNI Handles Roots              1 us, workers (us):   1, 
[43.548s][info][gc,stats      ]     S: Synchronizer Roots             0 us, workers (us):   0, 
[43.548s][info][gc,stats      ]     S: Management Roots               2 us, workers (us):   2, 
[43.548s][info][gc,stats      ]     S: System Dict Roots             11 us, workers (us):  11, 
[43.548s][info][gc,stats      ]     S: CLDG Roots                   563 us, workers (us): 563, 
[43.548s][info][gc,stats      ]     S: JVMTI Roots                    1 us, workers (us):   1, 
[43.548s][info][gc,stats      ]   Resize TLABs                       12 us
[43.548s][info][gc,stats      ] Concurrent Marking               171471 us
[43.548s][info][gc,stats      ] Pause Final Mark (G)                519 us
[43.548s][info][gc,stats      ] Pause Final Mark (N)                361 us
[43.548s][info][gc,stats      ]   Finish Queues                      12 us
[43.548s][info][gc,stats      ]   System Purge                      254 us
[43.548s][info][gc,stats      ]     Weak Roots                      254 us
[43.548s][info][gc,stats      ]   Update Region States               44 us
[43.548s][info][gc,stats      ]   Retire TLABs                       15 us
[43.548s][info][gc,stats      ]   Choose Collection Set              18 us
[43.548s][info][gc,stats      ]   Rebuild Free Set                   10 us
[43.548s][info][gc,stats      ] Concurrent Cleanup                   84 us
[43.548s][info][gc,stats      ] Pacing                            59772 us
[43.548s][info][gc,stats      ] 
[43.548s][info][gc,stats      ] Allocation pacing accrued:
[43.548s][info][gc,stats      ]      60 of   352 ms ( 17.0%): Executor task launch worker for task 0.0 in stage 13.0 (TID 13)
[43.548s][info][gc,stats      ]      60 of   352 ms ( 17.0%): <total>
[43.548s][info][gc,stats      ]       0 of   352 ms (  0.1%): <average total>
[43.548s][info][gc,stats      ]      60 of   352 ms ( 17.0%): <average non-zero>
[43.548s][info][gc,stats      ] 
[43.548s][info][gc,metaspace  ] Metaspace: 60466K->60466K(1103872K)
[43.548s][info][gc,ergo       ] Pacer for Idle. Initial: 15360K, Alloc Tax Rate: 1.0x
[43.781s][info][gc            ] Trigger: Average GC time (270.92 ms) is above the time for allocation rate (738 MB/s) to deplete free headroom (199M)
[43.781s][info][gc,ergo       ] Free headroom: 237M (free) - 38400K (spike) - 0B (penalties) = 199M
[43.781s][info][gc,ergo       ] Free: 237M, Max: 256K regular, 237M humongous, Frag: 0% external, 1% internal; Reserve: 38400K, Max: 256K
[43.781s][info][gc,start      ] GC(60) Concurrent reset
[43.781s][info][gc,task       ] GC(60) Using 1 of 1 workers for concurrent reset
[43.781s][info][gc,ergo       ] GC(60) Pacer for Reset. Non-Taxable: 750M
[43.781s][info][gc            ] GC(60) Concurrent reset 0.331ms
[43.784s][info][gc,start      ] GC(60) Pause Init Mark (process weakrefs)
[43.784s][info][gc,task       ] GC(60) Using 1 of 1 workers for init marking
[43.786s][info][gc,ergo       ] GC(60) Pacer for Mark. Expected Live: 167M, Free: 237M, Non-Taxable: 24268K, Alloc Tax Rate: 0.9x
[43.786s][info][gc            ] GC(60) Pause Init Mark (process weakrefs) 1.570ms
[43.786s][info][gc,start      ] GC(60) Concurrent marking (process weakrefs)
[43.786s][info][gc,task       ] GC(60) Using 1 of 1 workers for concurrent marking
[43.943s][info][gc            ] GC(60) Concurrent marking (process weakrefs) 157.270ms
[43.943s][info][gc,start      ] GC(60) Concurrent precleaning
[43.943s][info][gc,task       ] GC(60) Using 1 of 1 workers for concurrent preclean
[43.943s][info][gc,ergo       ] GC(60) Pacer for Precleaning. Non-Taxable: 750M
[43.944s][info][gc            ] GC(60) Concurrent precleaning 0.515ms
[43.944s][info][gc,start      ] GC(60) Pause Final Mark (process weakrefs)
[43.944s][info][gc,task       ] GC(60) Using 1 of 1 workers for final marking
[43.944s][info][gc,ergo       ] GC(60) Collectable Garbage: 302M (98%), Immediate: 302M (98%), CSet: 0B (0%)
[43.944s][info][gc            ] GC(60) Pause Final Mark (process weakrefs) 0.478ms
[43.944s][info][gc,start      ] GC(60) Concurrent cleanup
[43.944s][info][gc            ] GC(60) Concurrent cleanup 511M->208M(513M) 0.101ms
[43.945s][info][gc,ergo       ] GC(60) Free: 502M, Max: 256K regular, 200M humongous, Frag: 61% external, 0% internal; Reserve: 38400K, Max: 256K
[43.945s][info][gc,ergo       ] Free: 502M, Max: 256K regular, 200M humongous, Frag: 61% external, 0% internal; Reserve: 38400K, Max: 256K
[43.945s][info][gc,stats      ] 
[43.945s][info][gc,stats      ] All times are wall-clock times, except per-root-class counters, that are sum over
[43.945s][info][gc,stats      ] all workers. Dividing the <total> over the root stage time estimates parallelism.
[43.945s][info][gc,stats      ] 
[43.945s][info][gc,stats      ] Concurrent Reset                    322 us
[43.945s][info][gc,stats      ] Pause Init Mark (G)                4451 us
[43.945s][info][gc,stats      ] Pause Init Mark (N)                1529 us
[43.945s][info][gc,stats      ]   Accumulate Stats                   16 us
[43.945s][info][gc,stats      ]   Make Parsable                      12 us
[43.945s][info][gc,stats      ]   Update Region States               48 us
[43.945s][info][gc,stats      ]   Scan Roots                       1392 us, parallelism: 0.80x
[43.945s][info][gc,stats      ]     S: <total>                     1116 us
[43.945s][info][gc,stats      ]     S: Thread Roots                 477 us, workers (us): 477, 
[43.945s][info][gc,stats      ]     S: Universe Roots                 2 us, workers (us):   2, 
[43.945s][info][gc,stats      ]     S: JNI Handles Roots             53 us, workers (us):  53, 
[43.945s][info][gc,stats      ]     S: Synchronizer Roots             0 us, workers (us):   0, 
[43.945s][info][gc,stats      ]     S: Management Roots               1 us, workers (us):   1, 
[43.945s][info][gc,stats      ]     S: System Dict Roots             10 us, workers (us):  10, 
[43.945s][info][gc,stats      ]     S: CLDG Roots                   571 us, workers (us): 571, 
[43.945s][info][gc,stats      ]     S: JVMTI Roots                    1 us, workers (us):   1, 
[43.945s][info][gc,stats      ]   Resize TLABs                       15 us
[43.945s][info][gc,stats      ] Concurrent Marking               157261 us
[43.945s][info][gc,stats      ] Concurrent Precleaning              506 us
[43.945s][info][gc,stats      ] Pause Final Mark (G)                606 us
[43.945s][info][gc,stats      ] Pause Final Mark (N)                469 us
[43.945s][info][gc,stats      ]   Finish Queues                      11 us
[43.945s][info][gc,stats      ]   Weak References                    18 us
[43.945s][info][gc,stats      ]     Process                          15 us
[43.945s][info][gc,stats      ]   System Purge                      327 us
[43.945s][info][gc,stats      ]     Weak Roots                      327 us
[43.945s][info][gc,stats      ]   Update Region States               48 us
[43.945s][info][gc,stats      ]   Retire TLABs                       20 us
[43.945s][info][gc,stats      ]   Choose Collection Set              30 us
[43.945s][info][gc,stats      ]   Rebuild Free Set                   10 us
[43.945s][info][gc,stats      ] Concurrent Cleanup                   95 us
[43.945s][info][gc,stats      ] Pacing                            55898 us
[43.945s][info][gc,stats      ] 
[43.945s][info][gc,stats      ] Allocation pacing accrued:
[43.945s][info][gc,stats      ]      56 of   397 ms ( 14.1%): Executor task launch worker for task 0.0 in stage 13.0 (TID 13)
[43.945s][info][gc,stats      ]      56 of   397 ms ( 14.1%): <total>
[43.945s][info][gc,stats      ]       0 of   397 ms (  0.1%): <average total>
[43.945s][info][gc,stats      ]      56 of   397 ms ( 14.1%): <average non-zero>
[43.945s][info][gc,stats      ] 
[43.945s][info][gc,metaspace  ] Metaspace: 60466K->60466K(1103872K)
[43.945s][info][gc,ergo       ] Pacer for Idle. Initial: 15360K, Alloc Tax Rate: 1.0x
[44.216s][info][gc            ] Trigger: Average GC time (261.12 ms) is above the time for allocation rate (723 MB/s) to deplete free headroom (188M)
[44.216s][info][gc,ergo       ] Free headroom: 225M (free) - 38400K (spike) - 0B (penalties) = 188M
[44.216s][info][gc,ergo       ] Free: 225M, Max: 256K regular, 200M humongous, Frag: 12% external, 1% internal; Reserve: 38400K, Max: 256K
[44.216s][info][gc,start      ] GC(61) Concurrent reset
[44.216s][info][gc,task       ] GC(61) Using 1 of 1 workers for concurrent reset
[44.216s][info][gc,ergo       ] GC(61) Pacer for Reset. Non-Taxable: 750M
[44.216s][info][gc            ] GC(61) Concurrent reset 0.407ms
[44.219s][info][gc,start      ] GC(61) Pause Init Mark
[44.219s][info][gc,task       ] GC(61) Using 1 of 1 workers for init marking
[44.220s][info][gc,ergo       ] GC(61) Pacer for Mark. Expected Live: 167M, Free: 225M, Non-Taxable: 23091K, Alloc Tax Rate: 0.9x
[44.220s][info][gc            ] GC(61) Pause Init Mark 1.459ms
[44.220s][info][gc,start      ] GC(61) Concurrent marking
[44.220s][info][gc,task       ] GC(61) Using 1 of 1 workers for concurrent marking
[44.349s][info][gc            ] GC(61) Concurrent marking 128.479ms
[44.349s][info][gc,start      ] GC(61) Pause Final Mark
[44.349s][info][gc,task       ] GC(61) Using 1 of 1 workers for final marking
[44.349s][info][gc,ergo       ] GC(61) Collectable Garbage: 314M (98%), Immediate: 314M (98%), CSet: 0B (0%)
[44.349s][info][gc            ] GC(61) Pause Final Mark 0.395ms
[44.349s][info][gc,start      ] GC(61) Concurrent cleanup
[44.349s][info][gc            ] GC(61) Concurrent cleanup 521M->207M(523M) 0.103ms
[44.349s][info][gc,ergo       ] GC(61) Free: 504M, Max: 256K regular, 190M humongous, Frag: 63% external, 0% internal; Reserve: 38400K, Max: 256K
[44.349s][info][gc,ergo       ] Free: 504M, Max: 256K regular, 190M humongous, Frag: 63% external, 0% internal; Reserve: 38400K, Max: 256K
[44.349s][info][gc,stats      ] 
[44.349s][info][gc,stats      ] All times are wall-clock times, except per-root-class counters, that are sum over
[44.349s][info][gc,stats      ] all workers. Dividing the <total> over the root stage time estimates parallelism.
[44.349s][info][gc,stats      ] 
[44.349s][info][gc,stats      ] Concurrent Reset                    392 us
[44.349s][info][gc,stats      ] Pause Init Mark (G)                3735 us
[44.349s][info][gc,stats      ] Pause Init Mark (N)                1426 us
[44.349s][info][gc,stats      ]   Accumulate Stats                   18 us
[44.349s][info][gc,stats      ]   Make Parsable                      12 us
[44.349s][info][gc,stats      ]   Update Region States               44 us
[44.349s][info][gc,stats      ]   Scan Roots                       1310 us, parallelism: 0.79x
[44.349s][info][gc,stats      ]     S: <total>                     1039 us
[44.349s][info][gc,stats      ]     S: Thread Roots                 460 us, workers (us): 460, 
[44.349s][info][gc,stats      ]     S: Universe Roots                 2 us, workers (us):   2, 
[44.349s][info][gc,stats      ]     S: JNI Handles Roots              2 us, workers (us):   2, 
[44.349s][info][gc,stats      ]     S: Synchronizer Roots             1 us, workers (us):   1, 
[44.349s][info][gc,stats      ]     S: Management Roots               2 us, workers (us):   2, 
[44.349s][info][gc,stats      ]     S: System Dict Roots             11 us, workers (us):  11, 
[44.349s][info][gc,stats      ]     S: CLDG Roots                   562 us, workers (us): 562, 
[44.349s][info][gc,stats      ]     S: JVMTI Roots                    1 us, workers (us):   1, 
[44.349s][info][gc,stats      ]   Resize TLABs                       10 us
[44.349s][info][gc,stats      ] Concurrent Marking               128470 us
[44.349s][info][gc,stats      ] Pause Final Mark (G)                522 us
[44.349s][info][gc,stats      ] Pause Final Mark (N)                385 us
[44.349s][info][gc,stats      ]   Finish Queues                      14 us
[44.349s][info][gc,stats      ]   System Purge                      262 us
[44.349s][info][gc,stats      ]     Weak Roots                      262 us
[44.349s][info][gc,stats      ]   Update Region States               46 us
[44.349s][info][gc,stats      ]   Retire TLABs                       16 us
[44.349s][info][gc,stats      ]   Choose Collection Set              31 us
[44.350s][info][gc,stats      ]   Rebuild Free Set                   10 us
[44.350s][info][gc,stats      ] Concurrent Cleanup                   96 us
[44.350s][info][gc,stats      ] Pacing                            59996 us
[44.350s][info][gc,stats      ] 
[44.350s][info][gc,stats      ] Allocation pacing accrued:
[44.350s][info][gc,stats      ]      60 of   405 ms ( 14.8%): Executor task launch worker for task 0.0 in stage 13.0 (TID 13)
[44.350s][info][gc,stats      ]      60 of   405 ms ( 14.8%): <total>
[44.350s][info][gc,stats      ]       0 of   405 ms (  0.1%): <average total>
[44.350s][info][gc,stats      ]      60 of   405 ms ( 14.8%): <average non-zero>
[44.350s][info][gc,stats      ] 
[44.350s][info][gc,metaspace  ] Metaspace: 60466K->60466K(1103872K)
[44.350s][info][gc,ergo       ] Pacer for Idle. Initial: 15360K, Alloc Tax Rate: 1.0x
[44.667s][info][gc            ] Trigger: Average GC time (157.11 ms) is above the time for allocation rate (827 MB/s) to deplete free headroom (129M)
[44.667s][info][gc,ergo       ] Free headroom: 166M (free) - 38400K (spike) - 0B (penalties) = 129M
[44.667s][info][gc,ergo       ] Free: 166M, Max: 256K regular, 166M humongous, Frag: 0% external, 1% internal; Reserve: 38400K, Max: 256K
[44.667s][info][gc,start      ] GC(62) Concurrent reset
[44.667s][info][gc,task       ] GC(62) Using 1 of 1 workers for concurrent reset
[44.667s][info][gc,ergo       ] GC(62) Pacer for Reset. Non-Taxable: 750M
[44.668s][info][gc            ] GC(62) Concurrent reset 0.350ms
[44.671s][info][gc,start      ] GC(62) Pause Init Mark
[44.671s][info][gc,task       ] GC(62) Using 1 of 1 workers for init marking
[44.672s][info][gc,ergo       ] GC(62) Pacer for Mark. Expected Live: 167M, Free: 166M, Non-Taxable: 17049K, Alloc Tax Rate: 1.2x
[44.672s][info][gc            ] GC(62) Pause Init Mark 1.450ms
[44.672s][info][gc,start      ] GC(62) Concurrent marking
[44.672s][info][gc,task       ] GC(62) Using 1 of 1 workers for concurrent marking
[44.846s][info][gc            ] GC(62) Concurrent marking 174.083ms
[44.846s][info][gc,start      ] GC(62) Pause Final Mark
[44.846s][info][gc,task       ] GC(62) Using 1 of 1 workers for final marking
[44.847s][info][gc,ergo       ] GC(62) Collectable Garbage: 373M (98%), Immediate: 373M (98%), CSet: 0B (0%)
[44.847s][info][gc            ] GC(62) Pause Final Mark 0.373ms
[44.847s][info][gc,start      ] GC(62) Concurrent cleanup
[44.847s][info][gc            ] GC(62) Concurrent cleanup 571M->198M(573M) 0.112ms
[44.847s][info][gc,ergo       ] GC(62) Free: 513M, Max: 256K regular, 139M humongous, Frag: 73% external, 0% internal; Reserve: 38400K, Max: 256K
[44.847s][info][gc,ergo       ] Free: 513M, Max: 256K regular, 139M humongous, Frag: 73% external, 0% internal; Reserve: 38400K, Max: 256K
[44.847s][info][gc,stats      ] 
[44.847s][info][gc,stats      ] All times are wall-clock times, except per-root-class counters, that are sum over
[44.847s][info][gc,stats      ] all workers. Dividing the <total> over the root stage time estimates parallelism.
[44.847s][info][gc,stats      ] 
[44.847s][info][gc,stats      ] Concurrent Reset                    340 us
[44.847s][info][gc,stats      ] Pause Init Mark (G)                4288 us
[44.847s][info][gc,stats      ] Pause Init Mark (N)                1422 us
[44.847s][info][gc,stats      ]   Accumulate Stats                   17 us
[44.847s][info][gc,stats      ]   Make Parsable                      11 us
[44.847s][info][gc,stats      ]   Update Region States               39 us
[44.847s][info][gc,stats      ]   Scan Roots                       1303 us, parallelism: 0.79x
[44.847s][info][gc,stats      ]     S: <total>                     1030 us
[44.847s][info][gc,stats      ]     S: Thread Roots                 461 us, workers (us): 461, 
[44.847s][info][gc,stats      ]     S: Universe Roots                 2 us, workers (us):   2, 
[44.847s][info][gc,stats      ]     S: JNI Handles Roots              1 us, workers (us):   1, 
[44.847s][info][gc,stats      ]     S: Synchronizer Roots             0 us, workers (us):   0, 
[44.847s][info][gc,stats      ]     S: Management Roots               1 us, workers (us):   1, 
[44.847s][info][gc,stats      ]     S: System Dict Roots             11 us, workers (us):  11, 
[44.847s][info][gc,stats      ]     S: CLDG Roots                   553 us, workers (us): 553, 
[44.847s][info][gc,stats      ]     S: JVMTI Roots                    0 us, workers (us):   0, 
[44.847s][info][gc,stats      ]   Resize TLABs                       11 us
[44.847s][info][gc,stats      ] Concurrent Marking               174074 us
[44.847s][info][gc,stats      ] Pause Final Mark (G)                488 us
[44.847s][info][gc,stats      ] Pause Final Mark (N)                363 us
[44.847s][info][gc,stats      ]   Finish Queues                      13 us
[44.847s][info][gc,stats      ]   System Purge                      253 us
[44.847s][info][gc,stats      ]     Weak Roots                      253 us
[44.847s][info][gc,stats      ]   Update Region States               45 us
[44.847s][info][gc,stats      ]   Retire TLABs                       16 us
[44.847s][info][gc,stats      ]   Choose Collection Set              19 us
[44.847s][info][gc,stats      ]   Rebuild Free Set                   10 us
[44.847s][info][gc,stats      ] Concurrent Cleanup                  105 us
[44.847s][info][gc,stats      ] Pacing                            85047 us
[44.847s][info][gc,stats      ] 
[44.847s][info][gc,stats      ] Allocation pacing accrued:
[44.847s][info][gc,stats      ]      85 of   497 ms ( 17.1%): Executor task launch worker for task 0.0 in stage 13.0 (TID 13)
[44.847s][info][gc,stats      ]      85 of   497 ms ( 17.1%): <total>
[44.847s][info][gc,stats      ]       1 of   497 ms (  0.1%): <average total>
[44.847s][info][gc,stats      ]      85 of   497 ms ( 17.1%): <average non-zero>
[44.847s][info][gc,stats      ] 
[44.847s][info][gc,metaspace  ] Metaspace: 60466K->60466K(1103872K)
[44.847s][info][gc,ergo       ] Pacer for Idle. Initial: 15360K, Alloc Tax Rate: 1.0x
[45.239s][info][gc            ] Trigger: Average GC time (160.14 ms) is above the time for allocation rate (689 MB/s) to deplete free headroom (108M)
[45.239s][info][gc,ergo       ] Free headroom: 146M (free) - 38400K (spike) - 0B (penalties) = 108M
[45.239s][info][gc,ergo       ] Free: 146M, Max: 256K regular, 139M humongous, Frag: 5% external, 1% internal; Reserve: 38400K, Max: 256K
[45.239s][info][gc,start      ] GC(63) Concurrent reset
[45.239s][info][gc,task       ] GC(63) Using 1 of 1 workers for concurrent reset
[45.239s][info][gc,ergo       ] GC(63) Pacer for Reset. Non-Taxable: 750M
[45.240s][info][gc            ] GC(63) Concurrent reset 0.295ms
[45.243s][info][gc,start      ] GC(63) Pause Init Mark
[45.243s][info][gc,task       ] GC(63) Using 1 of 1 workers for init marking
[45.244s][info][gc,ergo       ] GC(63) Pacer for Mark. Expected Live: 167M, Free: 146M, Non-Taxable: 14976K, Alloc Tax Rate: 1.4x
[45.244s][info][gc            ] GC(63) Pause Init Mark 1.470ms
[45.244s][info][gc,start      ] GC(63) Concurrent marking
[45.244s][info][gc,task       ] GC(63) Using 1 of 1 workers for concurrent marking
[45.371s][info][gc            ] GC(63) Concurrent marking 127.079ms
[45.371s][info][gc,start      ] GC(63) Pause Final Mark
[45.371s][info][gc,task       ] GC(63) Using 1 of 1 workers for final marking
[45.372s][info][gc,ergo       ] GC(63) Collectable Garbage: 393M (98%), Immediate: 393M (98%), CSet: 0B (0%)
[45.372s][info][gc            ] GC(63) Pause Final Mark 0.413ms
[45.372s][info][gc,start      ] GC(63) Concurrent cleanup
[45.372s][info][gc            ] GC(63) Concurrent cleanup 588M->195M(590M) 0.143ms
[45.372s][info][gc,ergo       ] GC(63) Free: 516M, Max: 256K regular, 133M humongous, Frag: 75% external, 0% internal; Reserve: 38400K, Max: 256K
[45.372s][info][gc,ergo       ] Free: 516M, Max: 256K regular, 133M humongous, Frag: 75% external, 0% internal; Reserve: 38400K, Max: 256K
[45.372s][info][gc,stats      ] 
[45.372s][info][gc,stats      ] All times are wall-clock times, except per-root-class counters, that are sum over
[45.372s][info][gc,stats      ] all workers. Dividing the <total> over the root stage time estimates parallelism.
[45.372s][info][gc,stats      ] 
[45.372s][info][gc,stats      ] Concurrent Reset                    287 us
[45.372s][info][gc,stats      ] Pause Init Mark (G)                4355 us
[45.372s][info][gc,stats      ] Pause Init Mark (N)                1444 us
[45.372s][info][gc,stats      ]   Accumulate Stats                   16 us
[45.372s][info][gc,stats      ]   Make Parsable                      12 us
[45.372s][info][gc,stats      ]   Update Region States               40 us
[45.372s][info][gc,stats      ]   Scan Roots                       1333 us, parallelism: 0.77x
[45.372s][info][gc,stats      ]     S: <total>                     1033 us
[45.372s][info][gc,stats      ]     S: Thread Roots                 464 us, workers (us): 464, 
[45.372s][info][gc,stats      ]     S: Universe Roots                 2 us, workers (us):   2, 
[45.372s][info][gc,stats      ]     S: JNI Handles Roots              1 us, workers (us):   1, 
[45.372s][info][gc,stats      ]     S: Synchronizer Roots             0 us, workers (us):   0, 
[45.372s][info][gc,stats      ]     S: Management Roots               2 us, workers (us):   2, 
[45.372s][info][gc,stats      ]     S: System Dict Roots             11 us, workers (us):  11, 
[45.372s][info][gc,stats      ]     S: CLDG Roots                   552 us, workers (us): 552, 
[45.372s][info][gc,stats      ]     S: JVMTI Roots                    1 us, workers (us):   1, 
[45.372s][info][gc,stats      ]   Resize TLABs                       11 us
[45.372s][info][gc,stats      ] Concurrent Marking               127070 us
[45.372s][info][gc,stats      ] Pause Final Mark (G)                533 us
[45.372s][info][gc,stats      ] Pause Final Mark (N)                397 us
[45.372s][info][gc,stats      ]   Finish Queues                      16 us
[45.372s][info][gc,stats      ]   System Purge                      283 us
[45.372s][info][gc,stats      ]     Weak Roots                      282 us
[45.372s][info][gc,stats      ]   Update Region States               44 us
[45.372s][info][gc,stats      ]   Retire TLABs                       16 us
[45.372s][info][gc,stats      ]   Choose Collection Set              20 us
[45.372s][info][gc,stats      ]   Rebuild Free Set                   11 us
[45.372s][info][gc,stats      ] Concurrent Cleanup                  135 us
[45.372s][info][gc,stats      ] Pacing                            82054 us
[45.372s][info][gc,stats      ] 
[45.372s][info][gc,stats      ] Allocation pacing accrued:
[45.372s][info][gc,stats      ]      13 of   525 ms (  2.4%): Spark Context Cleaner
[45.372s][info][gc,stats      ]      69 of   525 ms ( 13.2%): Executor task launch worker for task 0.0 in stage 13.0 (TID 13)
[45.372s][info][gc,stats      ]      82 of   525 ms ( 15.6%): <total>
[45.372s][info][gc,stats      ]       1 of   525 ms (  0.1%): <average total>
[45.372s][info][gc,stats      ]      41 of   525 ms (  7.8%): <average non-zero>
[45.372s][info][gc,stats      ] 
[45.372s][info][gc,metaspace  ] Metaspace: 60466K->60466K(1103872K)
[45.372s][info][gc,ergo       ] Pacer for Idle. Initial: 15360K, Alloc Tax Rate: 1.0x
[45.495s][info][gc            ] Trigger: Explicit GC request (System.gc())
[45.495s][info][gc,ergo       ] Free: 458M, Max: 256K regular, 133M humongous, Frag: 71% external, 0% internal; Reserve: 38400K, Max: 256K
[45.495s][info][gc,start      ] GC(64) Concurrent reset
[45.495s][info][gc,task       ] GC(64) Using 1 of 1 workers for concurrent reset
[45.495s][info][gc,ergo       ] GC(64) Pacer for Reset. Non-Taxable: 750M
[45.495s][info][gc            ] GC(64) Concurrent reset 0.288ms
[45.496s][info][gc,start      ] GC(64) Pause Init Mark (process weakrefs) (unload classes)
[45.496s][info][gc,task       ] GC(64) Using 1 of 1 workers for init marking
[45.497s][info][gc,ergo       ] GC(64) Pacer for Mark. Expected Live: 167M, Free: 458M, Non-Taxable: 46940K, Alloc Tax Rate: 0.4x
[45.497s][info][gc            ] GC(64) Pause Init Mark (process weakrefs) (unload classes) 0.969ms
[45.497s][info][gc,start      ] GC(64) Concurrent marking (process weakrefs) (unload classes)
[45.497s][info][gc,task       ] GC(64) Using 1 of 1 workers for concurrent marking
[45.615s][info][gc            ] GC(64) Concurrent marking (process weakrefs) (unload classes) 118.202ms
[45.615s][info][gc,start      ] GC(64) Concurrent precleaning
[45.615s][info][gc,task       ] GC(64) Using 1 of 1 workers for concurrent preclean
[45.615s][info][gc,ergo       ] GC(64) Pacer for Precleaning. Non-Taxable: 750M
[45.615s][info][gc            ] GC(64) Concurrent precleaning 0.296ms
[45.615s][info][gc,start      ] GC(64) Pause Final Mark (process weakrefs) (unload classes)
[45.615s][info][gc,task       ] GC(64) Using 1 of 1 workers for final marking
[45.639s][info][gc,stringtable] GC(64) Cleaned string and symbol table, strings: 18527 processed, 0 removed, symbols: 131962 processed, 200 removed
[45.639s][info][gc,ergo       ] GC(64) Collectable Garbage: 81920K (92%), Immediate: 81920K (92%), CSet: 0B (0%)
[45.639s][info][gc            ] GC(64) Pause Final Mark (process weakrefs) (unload classes) 23.638ms
[45.639s][info][gc,start      ] GC(64) Concurrent cleanup
[45.639s][info][gc            ] GC(64) Concurrent cleanup 252M->172M(590M) 0.069ms
[45.639s][info][gc,ergo       ] GC(64) Free: 538M, Max: 256K regular, 430M humongous, Frag: 21% external, 0% internal; Reserve: 38400K, Max: 256K
[45.639s][info][gc,ergo       ] Free: 538M, Max: 256K regular, 430M humongous, Frag: 21% external, 0% internal; Reserve: 38400K, Max: 256K
[45.639s][info][gc,stats      ] 
[45.639s][info][gc,stats      ] All times are wall-clock times, except per-root-class counters, that are sum over
[45.639s][info][gc,stats      ] all workers. Dividing the <total> over the root stage time estimates parallelism.
[45.639s][info][gc,stats      ] 
[45.639s][info][gc,stats      ] Concurrent Reset                    280 us
[45.639s][info][gc,stats      ] Pause Init Mark (G)                1247 us
[45.639s][info][gc,stats      ] Pause Init Mark (N)                 955 us
[45.639s][info][gc,stats      ]   Accumulate Stats                   16 us
[45.639s][info][gc,stats      ]   Make Parsable                      14 us
[45.639s][info][gc,stats      ]   Update Region States               31 us
[45.639s][info][gc,stats      ]   Scan Roots                        861 us, parallelism: 0.61x
[45.639s][info][gc,stats      ]     S: <total>                      525 us
[45.639s][info][gc,stats      ]     S: Thread Roots                 402 us, workers (us): 402, 
[45.639s][info][gc,stats      ]     S: Universe Roots                 2 us, workers (us):   2, 
[45.639s][info][gc,stats      ]     S: JNI Handles Roots              2 us, workers (us):   2, 
[45.639s][info][gc,stats      ]     S: Synchronizer Roots             0 us, workers (us):   0, 
[45.639s][info][gc,stats      ]     S: Management Roots               2 us, workers (us):   2, 
[45.639s][info][gc,stats      ]     S: System Dict Roots             11 us, workers (us):  11, 
[45.639s][info][gc,stats      ]     S: CLDG Roots                   106 us, workers (us): 106, 
[45.639s][info][gc,stats      ]     S: JVMTI Roots                    1 us, workers (us):   1, 
[45.639s][info][gc,stats      ]   Resize TLABs                        8 us
[45.639s][info][gc,stats      ] Concurrent Marking               118194 us
[45.639s][info][gc,stats      ] Concurrent Precleaning              286 us
[45.639s][info][gc,stats      ] Pause Final Mark (G)              23800 us
[45.639s][info][gc,stats      ] Pause Final Mark (N)              23625 us
[45.639s][info][gc,stats      ]   Finish Queues                      90 us
[45.639s][info][gc,stats      ]   Weak References                    51 us
[45.639s][info][gc,stats      ]     Process                          49 us
[45.639s][info][gc,stats      ]   System Purge                      260 us
[45.639s][info][gc,stats      ]     Unload Classes                 1075 us
[45.639s][info][gc,stats      ]     Cleanup                       21752 us, parallelism: 1.00x
[45.639s][info][gc,stats      ]       CU: <total>                 21670 us
[45.639s][info][gc,stats      ]       CU: Code Cache Roots         8041 us, workers (us): 8041, 
[45.639s][info][gc,stats      ]       CU: Code Cache Cleaning      1462 us, workers (us): 1462, 
[45.639s][info][gc,stats      ]       CU: String Table Roots       6059 us, workers (us): 6059, 
[45.639s][info][gc,stats      ]       CU: Resolved Table Roots      132 us, workers (us): 132, 
[45.639s][info][gc,stats      ]       CU: CLDG Roots               5977 us, workers (us): 5977, 
[45.639s][info][gc,stats      ]     Weak Roots                      260 us
[45.639s][info][gc,stats      ]     CLDG                            258 us
[45.639s][info][gc,stats      ]   Update Region States               62 us
[45.639s][info][gc,stats      ]   Retire TLABs                       36 us
[45.639s][info][gc,stats      ]   Choose Collection Set              23 us
[45.639s][info][gc,stats      ]   Rebuild Free Set                   10 us
[45.639s][info][gc,stats      ] Concurrent Cleanup                   61 us
[45.639s][info][gc,stats      ] Pacing                            10707 us
[45.639s][info][gc,stats      ] 
[45.639s][info][gc,stats      ] Allocation pacing accrued:
[45.639s][info][gc,stats      ]      11 of   267 ms (  4.0%): Executor task launch worker for task 0.0 in stage 14.0 (TID 14)
[45.639s][info][gc,stats      ]      11 of   267 ms (  4.0%): <total>
[45.639s][info][gc,stats      ]       0 of   267 ms (  0.0%): <average total>
[45.639s][info][gc,stats      ]      11 of   267 ms (  4.0%): <average non-zero>
[45.639s][info][gc,stats      ] 
[45.639s][info][gc,metaspace  ] Metaspace: 60510K->60132K(1103872K)
[45.639s][info][gc,ergo       ] Pacer for Idle. Initial: 15360K, Alloc Tax Rate: 1.0x
[45.639s][info][gc,start      ] Concurrent uncommit
[45.659s][info][gc            ] Concurrent uncommit 172M->172M(174M) 19.723ms
[45.757s][info][gc            ] Trigger: Learning 2 of 5. Free (523M) is below initial threshold (525M)
[45.757s][info][gc,ergo       ] Free: 523M, Max: 256K regular, 430M humongous, Frag: 18% external, 0% internal; Reserve: 38400K, Max: 256K
[45.757s][info][gc,start      ] GC(65) Concurrent reset
[45.757s][info][gc,task       ] GC(65) Using 1 of 1 workers for concurrent reset
[45.757s][info][gc,ergo       ] GC(65) Pacer for Reset. Non-Taxable: 750M
[45.757s][info][gc            ] GC(65) Concurrent reset 0.353ms
[45.759s][info][gc,start      ] GC(65) Pause Init Mark (process weakrefs)
[45.759s][info][gc,task       ] GC(65) Using 1 of 1 workers for init marking
[45.761s][info][gc,ergo       ] GC(65) Pacer for Mark. Expected Live: 166M, Free: 523M, Non-Taxable: 53570K, Alloc Tax Rate: 0.4x
[45.761s][info][gc            ] GC(65) Pause Init Mark (process weakrefs) 1.615ms
[45.761s][info][gc,start      ] GC(65) Concurrent marking (process weakrefs)
[45.761s][info][gc,task       ] GC(65) Using 1 of 1 workers for concurrent marking
[46.113s][info][gc            ] GC(65) Concurrent marking (process weakrefs) 352.107ms
[46.113s][info][gc,start      ] GC(65) Concurrent precleaning
[46.113s][info][gc,task       ] GC(65) Using 1 of 1 workers for concurrent preclean
[46.113s][info][gc,ergo       ] GC(65) Pacer for Precleaning. Non-Taxable: 750M
[46.114s][info][gc            ] GC(65) Concurrent precleaning 0.672ms
[46.114s][info][gc,start      ] GC(65) Pause Final Mark (process weakrefs)
[46.114s][info][gc,task       ] GC(65) Using 1 of 1 workers for final marking
[46.114s][info][gc,ergo       ] GC(65) Adaptive CSet Selection. Target Free: 106M, Actual Free: 513M, Max CSet: 32000K, Min Garbage: 0B
[46.114s][info][gc,ergo       ] GC(65) Collectable Garbage: 13992K (85%), Immediate: 2859K (17%), CSet: 11133K (68%)
[46.117s][info][gc,ergo       ] GC(65) Pacer for Evacuation. Used CSet: 12177K, Free: 477M, Non-Taxable: 48926K, Alloc Tax Rate: 1.1x
[46.117s][info][gc            ] GC(65) Pause Final Mark (process weakrefs) 2.806ms
[46.117s][info][gc,start      ] GC(65) Concurrent cleanup
[46.117s][info][gc            ] GC(65) Concurrent cleanup 234M->231M(239M) 0.061ms
[46.117s][info][gc,ergo       ] GC(65) Free: 477M, Max: 256K regular, 430M humongous, Frag: 10% external, 1% internal; Reserve: 38273K, Max: 256K
[46.117s][info][gc,start      ] GC(65) Concurrent evacuation
[46.117s][info][gc,task       ] GC(65) Using 1 of 1 workers for concurrent evacuation
[46.118s][info][gc            ] GC(65) Concurrent evacuation 1.112ms
[46.118s][info][gc,start      ] GC(65) Pause Init Update Refs
[46.118s][info][gc,ergo       ] GC(65) Pacer for Update Refs. Used: 233M, Free: 477M, Non-Taxable: 48926K, Alloc Tax Rate: 1.1x
[46.118s][info][gc            ] GC(65) Pause Init Update Refs 0.022ms
[46.118s][info][gc,start      ] GC(65) Concurrent update references
[46.118s][info][gc,task       ] GC(65) Using 1 of 1 workers for concurrent reference update
[46.362s][info][gc            ] GC(65) Concurrent update references 243.963ms
[46.365s][info][gc,start      ] GC(65) Pause Final Update Refs
[46.365s][info][gc,task       ] GC(65) Using 1 of 1 workers for final reference update
[46.366s][info][gc            ] GC(65) Pause Final Update Refs 0.537ms
[46.369s][info][gc,start      ] GC(65) Concurrent cleanup
[46.369s][info][gc            ] GC(65) Concurrent cleanup 319M->310M(322M) 0.096ms
[46.369s][info][gc,ergo       ] Free: 400M, Max: 256K regular, 392M humongous, Frag: 2% external, 0% internal; Reserve: 38400K, Max: 256K
[46.369s][info][gc,stats      ] 
[46.369s][info][gc,stats      ] All times are wall-clock times, except per-root-class counters, that are sum over
[46.369s][info][gc,stats      ] all workers. Dividing the <total> over the root stage time estimates parallelism.
[46.369s][info][gc,stats      ] 
[46.369s][info][gc,stats      ] Concurrent Reset                    345 us
[46.369s][info][gc,stats      ] Pause Init Mark (G)                3280 us
[46.369s][info][gc,stats      ] Pause Init Mark (N)                1582 us
[46.369s][info][gc,stats      ]   Accumulate Stats                   17 us
[46.369s][info][gc,stats      ]   Make Parsable                      18 us
[46.369s][info][gc,stats      ]   Update Region States               48 us
[46.369s][info][gc,stats      ]   Scan Roots                       1451 us, parallelism: 0.81x
[46.369s][info][gc,stats      ]     S: <total>                     1174 us
[46.369s][info][gc,stats      ]     S: Thread Roots                 569 us, workers (us): 569, 
[46.369s][info][gc,stats      ]     S: Universe Roots                 2 us, workers (us):   2, 
[46.369s][info][gc,stats      ]     S: JNI Handles Roots              2 us, workers (us):   2, 
[46.369s][info][gc,stats      ]     S: Synchronizer Roots             0 us, workers (us):   0, 
[46.369s][info][gc,stats      ]     S: Management Roots               2 us, workers (us):   2, 
[46.369s][info][gc,stats      ]     S: System Dict Roots             11 us, workers (us):  11, 
[46.369s][info][gc,stats      ]     S: CLDG Roots                   587 us, workers (us): 587, 
[46.369s][info][gc,stats      ]     S: JVMTI Roots                    1 us, workers (us):   1, 
[46.369s][info][gc,stats      ]   Resize TLABs                       12 us
[46.369s][info][gc,stats      ] Concurrent Marking               352095 us
[46.369s][info][gc,stats      ] Concurrent Precleaning              643 us
[46.369s][info][gc,stats      ] Pause Final Mark (G)               3014 us
[46.369s][info][gc,stats      ] Pause Final Mark (N)               2798 us
[46.369s][info][gc,stats      ]   Finish Queues                      17 us
[46.369s][info][gc,stats      ]   Weak References                    16 us
[46.369s][info][gc,stats      ]     Process                          14 us
[46.369s][info][gc,stats      ]   System Purge                      288 us
[46.369s][info][gc,stats      ]     Weak Roots                      288 us
[46.369s][info][gc,stats      ]   Update Region States               50 us
[46.369s][info][gc,stats      ]   Retire TLABs                       21 us
[46.369s][info][gc,stats      ]   Choose Collection Set              82 us
[46.369s][info][gc,stats      ]   Rebuild Free Set                   11 us
[46.369s][info][gc,stats      ]   Initial Evacuation               2306 us, parallelism: 0.65x
[46.369s][info][gc,stats      ]     E: <total>                     1496 us
[46.369s][info][gc,stats      ]     E: Thread Roots                 558 us, workers (us): 558, 
[46.369s][info][gc,stats      ]     E: Code Cache Roots             306 us, workers (us): 306, 
[46.369s][info][gc,stats      ]     E: Universe Roots                38 us, workers (us):  38, 
[46.369s][info][gc,stats      ]     E: JNI Handles Roots              2 us, workers (us):   2, 
[46.369s][info][gc,stats      ]     E: Synchronizer Roots             0 us, workers (us):   0, 
[46.369s][info][gc,stats      ]     E: Management Roots               2 us, workers (us):   2, 
[46.369s][info][gc,stats      ]     E: System Dict Roots             12 us, workers (us):  12, 
[46.369s][info][gc,stats      ]     E: CLDG Roots                   578 us, workers (us): 578, 
[46.369s][info][gc,stats      ]     E: JVMTI Roots                    1 us, workers (us):   1, 
[46.369s][info][gc,stats      ] Concurrent Cleanup                   52 us
[46.369s][info][gc,stats      ] Concurrent Evacuation              1104 us
[46.369s][info][gc,stats      ] Pause Init  Update Refs (G)         258 us
[46.369s][info][gc,stats      ] Pause Init  Update Refs (N)          14 us
[46.369s][info][gc,stats      ]   Retire GCLABs                       8 us
[46.369s][info][gc,stats      ] Concurrent Update Refs           243949 us
[46.369s][info][gc,stats      ] Pause Final Update Refs (G)        6350 us
[46.369s][info][gc,stats      ] Pause Final Update Refs (N)         506 us
[46.369s][info][gc,stats      ]   Update Roots                      433 us, parallelism: 0.98x
[46.369s][info][gc,stats      ]     UR: <total>                     423 us
[46.369s][info][gc,stats      ]     UR: Thread Roots                423 us, workers (us): 423, 
[46.369s][info][gc,stats      ]   Update Region States               49 us
[46.369s][info][gc,stats      ]   Trash Collection Set                2 us
[46.369s][info][gc,stats      ]   Rebuild Free Set                   11 us
[46.369s][info][gc,stats      ] Concurrent Cleanup                   52 us
[46.369s][info][gc,stats      ] 
[46.369s][info][gc,stats      ] Allocation pacing accrued:
[46.369s][info][gc,stats      ]       0 of   730 ms (  0.0%): <total>
[46.369s][info][gc,stats      ]       0 of   730 ms (  0.0%): <average total>
[46.369s][info][gc,stats      ] 
[46.369s][info][gc,metaspace  ] Metaspace: 60331K->60559K(1103872K)
[46.369s][info][gc,ergo       ] Pacer for Idle. Initial: 15360K, Alloc Tax Rate: 1.0x
[46.370s][info][gc            ] Trigger: Learning 3 of 5. Free (398M) is below initial threshold (525M)
[46.370s][info][gc,ergo       ] Free: 398M, Max: 256K regular, 392M humongous, Frag: 2% external, 0% internal; Reserve: 38400K, Max: 256K
[46.370s][info][gc,start      ] GC(66) Concurrent reset
[46.370s][info][gc,task       ] GC(66) Using 1 of 1 workers for concurrent reset
[46.370s][info][gc,ergo       ] GC(66) Pacer for Reset. Non-Taxable: 750M
[46.371s][info][gc            ] GC(66) Concurrent reset 0.326ms
[46.374s][info][gc,start      ] GC(66) Pause Init Mark
[46.374s][info][gc,task       ] GC(66) Using 1 of 1 workers for init marking
[46.375s][info][gc,ergo       ] GC(66) Pacer for Mark. Expected Live: 167M, Free: 398M, Non-Taxable: 40806K, Alloc Tax Rate: 0.5x
[46.375s][info][gc            ] GC(66) Pause Init Mark 1.520ms
[46.375s][info][gc,start      ] GC(66) Concurrent marking
[46.375s][info][gc,task       ] GC(66) Using 1 of 1 workers for concurrent marking
[46.547s][info][gc            ] GC(66) Concurrent marking 171.701ms
[46.547s][info][gc,start      ] GC(66) Pause Final Mark
[46.547s][info][gc,task       ] GC(66) Using 1 of 1 workers for final marking
[46.548s][info][gc,ergo       ] GC(66) Collectable Garbage: 134M (93%), Immediate: 134M (93%), CSet: 0B (0%)
[46.548s][info][gc            ] GC(66) Pause Final Mark 0.421ms
[46.548s][info][gc,start      ] GC(66) Concurrent cleanup
[46.548s][info][gc            ] GC(66) Concurrent cleanup 372M->238M(376M) 0.076ms
[46.548s][info][gc,ergo       ] GC(66) Free: 473M, Max: 256K regular, 337M humongous, Frag: 29% external, 0% internal; Reserve: 38400K, Max: 256K
[46.548s][info][gc,ergo       ] Free: 473M, Max: 256K regular, 337M humongous, Frag: 29% external, 0% internal; Reserve: 38400K, Max: 256K
[46.548s][info][gc,stats      ] 
[46.548s][info][gc,stats      ] All times are wall-clock times, except per-root-class counters, that are sum over
[46.548s][info][gc,stats      ] all workers. Dividing the <total> over the root stage time estimates parallelism.
[46.548s][info][gc,stats      ] 
[46.548s][info][gc,stats      ] Concurrent Reset                    320 us
[46.548s][info][gc,stats      ] Pause Init Mark (G)                4482 us
[46.548s][info][gc,stats      ] Pause Init Mark (N)                1491 us
[46.548s][info][gc,stats      ]   Accumulate Stats                   18 us
[46.548s][info][gc,stats      ]   Make Parsable                      13 us
[46.548s][info][gc,stats      ]   Update Region States               43 us
[46.548s][info][gc,stats      ]   Scan Roots                       1374 us, parallelism: 0.80x
[46.548s][info][gc,stats      ]     S: <total>                     1100 us
[46.548s][info][gc,stats      ]     S: Thread Roots                 480 us, workers (us): 480, 
[46.548s][info][gc,stats      ]     S: Universe Roots                 2 us, workers (us):   2, 
[46.548s][info][gc,stats      ]     S: JNI Handles Roots              1 us, workers (us):   1, 
[46.548s][info][gc,stats      ]     S: Synchronizer Roots             0 us, workers (us):   0, 
[46.548s][info][gc,stats      ]     S: Management Roots               1 us, workers (us):   1, 
[46.548s][info][gc,stats      ]     S: System Dict Roots             12 us, workers (us):  12, 
[46.548s][info][gc,stats      ]     S: CLDG Roots                   603 us, workers (us): 603, 
[46.548s][info][gc,stats      ]     S: JVMTI Roots                    1 us, workers (us):   1, 
[46.548s][info][gc,stats      ]   Resize TLABs                       12 us
[46.548s][info][gc,stats      ] Concurrent Marking               171692 us
[46.548s][info][gc,stats      ] Pause Final Mark (G)                554 us
[46.548s][info][gc,stats      ] Pause Final Mark (N)                410 us
[46.548s][info][gc,stats      ]   Finish Queues                      14 us
[46.548s][info][gc,stats      ]   System Purge                      288 us
[46.548s][info][gc,stats      ]     Weak Roots                      288 us
[46.548s][info][gc,stats      ]   Update Region States               46 us
[46.548s][info][gc,stats      ]   Retire TLABs                       20 us
[46.548s][info][gc,stats      ]   Choose Collection Set              24 us
[46.548s][info][gc,stats      ]   Rebuild Free Set                   11 us
[46.548s][info][gc,stats      ] Concurrent Cleanup                   70 us
[46.548s][info][gc,stats      ] Pacing                            25053 us
[46.548s][info][gc,stats      ] 
[46.548s][info][gc,stats      ] Allocation pacing accrued:
[46.548s][info][gc,stats      ]      25 of   179 ms ( 14.0%): Executor task launch worker for task 0.0 in stage 16.0 (TID 16)
[46.548s][info][gc,stats      ]      25 of   179 ms ( 14.0%): <total>
[46.548s][info][gc,stats      ]       0 of   179 ms (  0.1%): <average total>
[46.548s][info][gc,stats      ]      25 of   179 ms ( 14.0%): <average non-zero>
[46.548s][info][gc,stats      ] 
[46.548s][info][gc,metaspace  ] Metaspace: 60559K->60559K(1103872K)
[46.548s][info][gc,ergo       ] Pacer for Idle. Initial: 15360K, Alloc Tax Rate: 1.0x
[46.549s][info][gc            ] Trigger: Learning 4 of 5. Free (473M) is below initial threshold (525M)
[46.549s][info][gc,ergo       ] Free: 473M, Max: 256K regular, 337M humongous, Frag: 29% external, 0% internal; Reserve: 38400K, Max: 256K
[46.549s][info][gc,start      ] GC(67) Concurrent reset
[46.549s][info][gc,task       ] GC(67) Using 1 of 1 workers for concurrent reset
[46.549s][info][gc,ergo       ] GC(67) Pacer for Reset. Non-Taxable: 750M
[46.549s][info][gc            ] GC(67) Concurrent reset 0.264ms
[46.550s][info][gc,start      ] GC(67) Pause Init Mark
[46.550s][info][gc,task       ] GC(67) Using 1 of 1 workers for init marking
[46.551s][info][gc,ergo       ] GC(67) Pacer for Mark. Expected Live: 167M, Free: 473M, Non-Taxable: 48461K, Alloc Tax Rate: 0.4x
[46.551s][info][gc            ] GC(67) Pause Init Mark 1.558ms
[46.551s][info][gc,start      ] GC(67) Concurrent marking
[46.551s][info][gc,task       ] GC(67) Using 1 of 1 workers for concurrent marking
[46.720s][info][gc            ] GC(67) Concurrent marking 168.848ms
[46.720s][info][gc,start      ] GC(67) Pause Final Mark
[46.720s][info][gc,task       ] GC(67) Using 1 of 1 workers for final marking
[46.721s][info][gc,ergo       ] GC(67) Adaptive CSet Selection. Target Free: 106M, Actual Free: 499M, Max CSet: 32000K, Min Garbage: 0B
[46.721s][info][gc,ergo       ] GC(67) Collectable Garbage: 70456K (96%), Immediate: 62720K (86%), CSet: 7736K (10%)
[46.723s][info][gc,ergo       ] GC(67) Pacer for Evacuation. Used CSet: 8445K, Free: 461M, Non-Taxable: 47283K, Alloc Tax Rate: 1.1x
[46.723s][info][gc            ] GC(67) Pause Final Mark 2.520ms
[46.723s][info][gc,start      ] GC(67) Concurrent cleanup
[46.723s][info][gc            ] GC(67) Concurrent cleanup 311M->249M(376M) 0.070ms
[46.723s][info][gc,ergo       ] GC(67) Free: 461M, Max: 256K regular, 337M humongous, Frag: 27% external, 0% internal; Reserve: 38337K, Max: 256K
[46.723s][info][gc,start      ] GC(67) Concurrent evacuation
[46.723s][info][gc,task       ] GC(67) Using 1 of 1 workers for concurrent evacuation
[46.723s][info][gc            ] GC(67) Concurrent evacuation 0.558ms
[46.724s][info][gc,start      ] GC(67) Pause Init Update Refs
[46.724s][info][gc,ergo       ] GC(67) Pacer for Update Refs. Used: 250M, Free: 461M, Non-Taxable: 47283K, Alloc Tax Rate: 1.1x
[46.724s][info][gc            ] GC(67) Pause Init Update Refs 0.021ms
[46.724s][info][gc,start      ] GC(67) Concurrent update references
[46.724s][info][gc,task       ] GC(67) Using 1 of 1 workers for concurrent reference update
[47.012s][info][gc            ] GC(67) Concurrent update references 288.081ms
[47.015s][info][gc,start      ] GC(67) Pause Final Update Refs
[47.015s][info][gc,task       ] GC(67) Using 1 of 1 workers for final reference update
[47.016s][info][gc            ] GC(67) Pause Final Update Refs 0.605ms
[47.016s][info][gc,start      ] GC(67) Concurrent cleanup
[47.016s][info][gc            ] GC(67) Concurrent cleanup 386M->377M(387M) 0.058ms
[47.016s][info][gc,ergo       ] Free: 333M, Max: 256K regular, 326M humongous, Frag: 3% external, 0% internal; Reserve: 38400K, Max: 256K
[47.016s][info][gc,stats      ] 
[47.016s][info][gc,stats      ] All times are wall-clock times, except per-root-class counters, that are sum over
[47.016s][info][gc,stats      ] all workers. Dividing the <total> over the root stage time estimates parallelism.
[47.016s][info][gc,stats      ] 
[47.016s][info][gc,stats      ] Concurrent Reset                    259 us
[47.016s][info][gc,stats      ] Pause Init Mark (G)                1834 us
[47.016s][info][gc,stats      ] Pause Init Mark (N)                1541 us
[47.016s][info][gc,stats      ]   Accumulate Stats                   17 us
[47.016s][info][gc,stats      ]   Make Parsable                      11 us
[47.016s][info][gc,stats      ]   Update Region States               34 us
[47.016s][info][gc,stats      ]   Scan Roots                       1433 us, parallelism: 0.81x
[47.016s][info][gc,stats      ]     S: <total>                     1154 us
[47.016s][info][gc,stats      ]     S: Thread Roots                 510 us, workers (us): 510, 
[47.016s][info][gc,stats      ]     S: Universe Roots                 2 us, workers (us):   2, 
[47.016s][info][gc,stats      ]     S: JNI Handles Roots              2 us, workers (us):   2, 
[47.016s][info][gc,stats      ]     S: Synchronizer Roots             0 us, workers (us):   0, 
[47.016s][info][gc,stats      ]     S: Management Roots               2 us, workers (us):   2, 
[47.016s][info][gc,stats      ]     S: System Dict Roots             11 us, workers (us):  11, 
[47.016s][info][gc,stats      ]     S: CLDG Roots                   627 us, workers (us): 627, 
[47.016s][info][gc,stats      ]     S: JVMTI Roots                    1 us, workers (us):   1, 
[47.016s][info][gc,stats      ]   Resize TLABs                       14 us
[47.016s][info][gc,stats      ] Concurrent Marking               168839 us
[47.016s][info][gc,stats      ] Pause Final Mark (G)               2663 us
[47.016s][info][gc,stats      ] Pause Final Mark (N)               2502 us
[47.016s][info][gc,stats      ]   Finish Queues                      16 us
[47.016s][info][gc,stats      ]   System Purge                      288 us
[47.016s][info][gc,stats      ]     Weak Roots                      288 us
[47.016s][info][gc,stats      ]   Update Region States               49 us
[47.016s][info][gc,stats      ]   Retire TLABs                       21 us
[47.016s][info][gc,stats      ]   Choose Collection Set              95 us
[47.016s][info][gc,stats      ]   Rebuild Free Set                   11 us
[47.016s][info][gc,stats      ]   Initial Evacuation               2014 us, parallelism: 0.63x
[47.016s][info][gc,stats      ]     E: <total>                     1264 us
[47.016s][info][gc,stats      ]     E: Thread Roots                 497 us, workers (us): 497, 
[47.016s][info][gc,stats      ]     E: Code Cache Roots             222 us, workers (us): 222, 
[47.016s][info][gc,stats      ]     E: Universe Roots                 1 us, workers (us):   1, 
[47.016s][info][gc,stats      ]     E: JNI Handles Roots              1 us, workers (us):   1, 
[47.016s][info][gc,stats      ]     E: Synchronizer Roots             0 us, workers (us):   0, 
[47.016s][info][gc,stats      ]     E: Management Roots               1 us, workers (us):   1, 
[47.016s][info][gc,stats      ]     E: System Dict Roots             11 us, workers (us):  11, 
[47.016s][info][gc,stats      ]     E: CLDG Roots                   530 us, workers (us): 530, 
[47.016s][info][gc,stats      ]     E: JVMTI Roots                    0 us, workers (us):   0, 
[47.016s][info][gc,stats      ] Concurrent Cleanup                   62 us
[47.016s][info][gc,stats      ] Concurrent Evacuation               550 us
[47.016s][info][gc,stats      ] Pause Init  Update Refs (G)         231 us
[47.016s][info][gc,stats      ] Pause Init  Update Refs (N)          13 us
[47.016s][info][gc,stats      ]   Retire GCLABs                       7 us
[47.016s][info][gc,stats      ] Concurrent Update Refs           288067 us
[47.016s][info][gc,stats      ] Pause Final Update Refs (G)        3696 us
[47.016s][info][gc,stats      ] Pause Final Update Refs (N)         519 us
[47.016s][info][gc,stats      ]   Update Roots                      441 us, parallelism: 0.98x
[47.016s][info][gc,stats      ]     UR: <total>                     431 us
[47.016s][info][gc,stats      ]     UR: Thread Roots                431 us, workers (us): 431, 
[47.016s][info][gc,stats      ]   Update Region States               50 us
[47.016s][info][gc,stats      ]   Trash Collection Set                2 us
[47.016s][info][gc,stats      ]   Rebuild Free Set                   10 us
[47.016s][info][gc,stats      ] Concurrent Cleanup                   50 us
[47.016s][info][gc,stats      ] Pacing                            43545 us
[47.016s][info][gc,stats      ] 
[47.016s][info][gc,stats      ] Allocation pacing accrued:
[47.016s][info][gc,stats      ]      44 of   468 ms (  9.3%): Executor task launch worker for task 0.0 in stage 16.0 (TID 16)
[47.016s][info][gc,stats      ]      44 of   468 ms (  9.3%): <total>
[47.016s][info][gc,stats      ]       0 of   468 ms (  0.1%): <average total>
[47.016s][info][gc,stats      ]      44 of   468 ms (  9.3%): <average non-zero>
[47.016s][info][gc,stats      ] 
[47.016s][info][gc,metaspace  ] Metaspace: 60559K->60559K(1103872K)
[47.016s][info][gc,ergo       ] Pacer for Idle. Initial: 15360K, Alloc Tax Rate: 1.0x
[47.017s][info][gc            ] Trigger: Learning 5 of 5. Free (332M) is below initial threshold (525M)
[47.017s][info][gc,ergo       ] Free: 332M, Max: 256K regular, 326M humongous, Frag: 2% external, 0% internal; Reserve: 38400K, Max: 256K
[47.017s][info][gc,start      ] GC(68) Concurrent reset
[47.017s][info][gc,task       ] GC(68) Using 1 of 1 workers for concurrent reset
[47.017s][info][gc,ergo       ] GC(68) Pacer for Reset. Non-Taxable: 750M
[47.018s][info][gc            ] GC(68) Concurrent reset 0.277ms
[47.021s][info][gc,start      ] GC(68) Pause Init Mark
[47.021s][info][gc,task       ] GC(68) Using 1 of 1 workers for init marking
[47.022s][info][gc,ergo       ] GC(68) Pacer for Mark. Expected Live: 167M, Free: 332M, Non-Taxable: 34022K, Alloc Tax Rate: 0.6x
[47.022s][info][gc            ] GC(68) Pause Init Mark 1.509ms
[47.022s][info][gc,start      ] GC(68) Concurrent marking
[47.022s][info][gc,task       ] GC(68) Using 1 of 1 workers for concurrent marking
[47.184s][info][gc            ] GC(68) Concurrent marking 162.154ms
[47.185s][info][gc,start      ] GC(68) Pause Final Mark
[47.185s][info][gc,task       ] GC(68) Using 1 of 1 workers for final marking
[47.185s][info][gc,ergo       ] GC(68) Collectable Garbage: 209M (98%), Immediate: 209M (98%), CSet: 0B (0%)
[47.185s][info][gc            ] GC(68) Pause Final Mark 0.472ms
[47.185s][info][gc,start      ] GC(68) Concurrent cleanup
[47.185s][info][gc            ] GC(68) Concurrent cleanup 430M->221M(432M) 0.088ms
[47.185s][info][gc,ergo       ] GC(68) Free: 490M, Max: 256K regular, 281M humongous, Frag: 43% external, 0% internal; Reserve: 38400K, Max: 256K
[47.185s][info][gc,ergo       ] Free: 490M, Max: 256K regular, 281M humongous, Frag: 43% external, 0% internal; Reserve: 38400K, Max: 256K
[47.185s][info][gc,stats      ] 
[47.185s][info][gc,stats      ] All times are wall-clock times, except per-root-class counters, that are sum over
[47.185s][info][gc,stats      ] all workers. Dividing the <total> over the root stage time estimates parallelism.
[47.185s][info][gc,stats      ] 
[47.185s][info][gc,stats      ] Concurrent Reset                    271 us
[47.185s][info][gc,stats      ] Pause Init Mark (G)                4432 us
[47.185s][info][gc,stats      ] Pause Init Mark (N)                1478 us
[47.185s][info][gc,stats      ]   Accumulate Stats                   18 us
[47.185s][info][gc,stats      ]   Make Parsable                      12 us
[47.185s][info][gc,stats      ]   Update Region States               41 us
[47.185s][info][gc,stats      ]   Scan Roots                       1362 us, parallelism: 0.80x
[47.185s][info][gc,stats      ]     S: <total>                     1090 us
[47.185s][info][gc,stats      ]     S: Thread Roots                 481 us, workers (us): 481, 
[47.185s][info][gc,stats      ]     S: Universe Roots                 2 us, workers (us):   2, 
[47.185s][info][gc,stats      ]     S: JNI Handles Roots              1 us, workers (us):   1, 
[47.185s][info][gc,stats      ]     S: Synchronizer Roots             0 us, workers (us):   0, 
[47.185s][info][gc,stats      ]     S: Management Roots               1 us, workers (us):   1, 
[47.185s][info][gc,stats      ]     S: System Dict Roots             11 us, workers (us):  11, 
[47.185s][info][gc,stats      ]     S: CLDG Roots                   592 us, workers (us): 592, 
[47.185s][info][gc,stats      ]     S: JVMTI Roots                    1 us, workers (us):   1, 
[47.185s][info][gc,stats      ]   Resize TLABs                       11 us
[47.185s][info][gc,stats      ] Concurrent Marking               162145 us
[47.185s][info][gc,stats      ] Pause Final Mark (G)                705 us
[47.185s][info][gc,stats      ] Pause Final Mark (N)                451 us
[47.185s][info][gc,stats      ]   Finish Queues                      23 us
[47.185s][info][gc,stats      ]   System Purge                      303 us
[47.185s][info][gc,stats      ]     Weak Roots                      302 us
[47.185s][info][gc,stats      ]   Update Region States               52 us
[47.185s][info][gc,stats      ]   Retire TLABs                       21 us
[47.185s][info][gc,stats      ]   Choose Collection Set              32 us
[47.185s][info][gc,stats      ]   Rebuild Free Set                   11 us
[47.185s][info][gc,stats      ] Concurrent Cleanup                   80 us
[47.185s][info][gc,stats      ] Pacing                            35493 us
[47.185s][info][gc,stats      ] 
[47.185s][info][gc,stats      ] Allocation pacing accrued:
[47.185s][info][gc,stats      ]      35 of   169 ms ( 20.9%): Executor task launch worker for task 0.0 in stage 16.0 (TID 16)
[47.185s][info][gc,stats      ]      35 of   169 ms ( 20.9%): <total>
[47.185s][info][gc,stats      ]       0 of   169 ms (  0.1%): <average total>
[47.185s][info][gc,stats      ]      35 of   169 ms ( 20.9%): <average non-zero>
[47.185s][info][gc,stats      ] 
[47.185s][info][gc,metaspace  ] Metaspace: 60559K->60559K(1103872K)
[47.185s][info][gc,ergo       ] Pacer for Idle. Initial: 15360K, Alloc Tax Rate: 1.0x
[47.439s][info][gc            ] Trigger: Average GC time (313.46 ms) is above the time for allocation rate (686 MB/s) to deplete free headroom (214M)
[47.439s][info][gc,ergo       ] Free headroom: 252M (free) - 38400K (spike) - 0B (penalties) = 214M
[47.439s][info][gc,ergo       ] Free: 252M, Max: 256K regular, 252M humongous, Frag: 0% external, 0% internal; Reserve: 38400K, Max: 256K
[47.439s][info][gc,start      ] GC(69) Concurrent reset
[47.439s][info][gc,task       ] GC(69) Using 1 of 1 workers for concurrent reset
[47.439s][info][gc,ergo       ] GC(69) Pacer for Reset. Non-Taxable: 750M
[47.439s][info][gc            ] GC(69) Concurrent reset 0.344ms
[47.442s][info][gc,start      ] GC(69) Pause Init Mark
[47.442s][info][gc,task       ] GC(69) Using 1 of 1 workers for init marking
[47.444s][info][gc,ergo       ] GC(69) Pacer for Mark. Expected Live: 167M, Free: 252M, Non-Taxable: 25830K, Alloc Tax Rate: 0.8x
[47.444s][info][gc            ] GC(69) Pause Init Mark 1.542ms
[47.444s][info][gc,start      ] GC(69) Concurrent marking
[47.444s][info][gc,task       ] GC(69) Using 1 of 1 workers for concurrent marking
[47.591s][info][gc            ] GC(69) Concurrent marking 146.862ms
[47.591s][info][gc,start      ] GC(69) Pause Final Mark
[47.591s][info][gc,task       ] GC(69) Using 1 of 1 workers for final marking
[47.591s][info][gc,ergo       ] GC(69) Collectable Garbage: 289M (98%), Immediate: 289M (98%), CSet: 0B (0%)
[47.591s][info][gc            ] GC(69) Pause Final Mark 0.558ms
[47.591s][info][gc,start      ] GC(69) Concurrent cleanup
[47.591s][info][gc            ] GC(69) Concurrent cleanup 498M->209M(500M) 0.104ms
[47.591s][info][gc,ergo       ] GC(69) Free: 502M, Max: 256K regular, 213M humongous, Frag: 58% external, 0% internal; Reserve: 38400K, Max: 256K
[47.592s][info][gc,ergo       ] Free: 502M, Max: 256K regular, 213M humongous, Frag: 58% external, 0% internal; Reserve: 38400K, Max: 256K
[47.592s][info][gc,stats      ] 
[47.592s][info][gc,stats      ] All times are wall-clock times, except per-root-class counters, that are sum over
[47.592s][info][gc,stats      ] all workers. Dividing the <total> over the root stage time estimates parallelism.
[47.592s][info][gc,stats      ] 
[47.592s][info][gc,stats      ] Concurrent Reset                    335 us
[47.592s][info][gc,stats      ] Pause Init Mark (G)                4533 us
[47.592s][info][gc,stats      ] Pause Init Mark (N)                1518 us
[47.592s][info][gc,stats      ]   Accumulate Stats                   18 us
[47.592s][info][gc,stats      ]   Make Parsable                      13 us
[47.592s][info][gc,stats      ]   Update Region States               37 us
[47.592s][info][gc,stats      ]   Scan Roots                       1401 us, parallelism: 0.80x
[47.592s][info][gc,stats      ]     S: <total>                     1125 us
[47.592s][info][gc,stats      ]     S: Thread Roots                 528 us, workers (us): 528, 
[47.592s][info][gc,stats      ]     S: Universe Roots                11 us, workers (us):  11, 
[47.592s][info][gc,stats      ]     S: JNI Handles Roots              2 us, workers (us):   2, 
[47.592s][info][gc,stats      ]     S: Synchronizer Roots             0 us, workers (us):   0, 
[47.592s][info][gc,stats      ]     S: Management Roots               2 us, workers (us):   2, 
[47.592s][info][gc,stats      ]     S: System Dict Roots             11 us, workers (us):  11, 
[47.592s][info][gc,stats      ]     S: CLDG Roots                   571 us, workers (us): 571, 
[47.592s][info][gc,stats      ]     S: JVMTI Roots                    1 us, workers (us):   1, 
[47.592s][info][gc,stats      ]   Resize TLABs                       15 us
[47.592s][info][gc,stats      ] Concurrent Marking               146854 us
[47.592s][info][gc,stats      ] Pause Final Mark (G)                774 us
[47.592s][info][gc,stats      ] Pause Final Mark (N)                540 us
[47.592s][info][gc,stats      ]   Finish Queues                      26 us
[47.592s][info][gc,stats      ]   System Purge                      338 us
[47.592s][info][gc,stats      ]     Weak Roots                      337 us
[47.592s][info][gc,stats      ]   Update Region States               55 us
[47.592s][info][gc,stats      ]   Retire TLABs                       30 us
[47.592s][info][gc,stats      ]   Choose Collection Set              71 us
[47.592s][info][gc,stats      ]   Rebuild Free Set                   11 us
[47.592s][info][gc,stats      ] Concurrent Cleanup                   95 us
[47.592s][info][gc,stats      ] Pacing                            59368 us
[47.592s][info][gc,stats      ] 
[47.592s][info][gc,stats      ] Allocation pacing accrued:
[47.592s][info][gc,stats      ]      59 of   406 ms ( 14.6%): Executor task launch worker for task 0.0 in stage 16.0 (TID 16)
[47.592s][info][gc,stats      ]      59 of   406 ms ( 14.6%): <total>
[47.592s][info][gc,stats      ]       0 of   406 ms (  0.1%): <average total>
[47.592s][info][gc,stats      ]      59 of   406 ms ( 14.6%): <average non-zero>
[47.592s][info][gc,stats      ] 
[47.592s][info][gc,metaspace  ] Metaspace: 60559K->60559K(1103872K)
[47.592s][info][gc,ergo       ] Pacer for Idle. Initial: 15360K, Alloc Tax Rate: 1.0x
[47.799s][info][gc            ] Trigger: Average GC time (315.20 ms) is above the time for allocation rate (746 MB/s) to deplete free headroom (235M)
[47.799s][info][gc,ergo       ] Free headroom: 272M (free) - 38400K (spike) - 0B (penalties) = 235M
[47.799s][info][gc,ergo       ] Free: 272M, Max: 256K regular, 213M humongous, Frag: 22% external, 0% internal; Reserve: 38400K, Max: 256K
[47.799s][info][gc,start      ] GC(70) Concurrent reset
[47.799s][info][gc,task       ] GC(70) Using 1 of 1 workers for concurrent reset
[47.799s][info][gc,ergo       ] GC(70) Pacer for Reset. Non-Taxable: 750M
[47.800s][info][gc            ] GC(70) Concurrent reset 0.278ms
[47.803s][info][gc,start      ] GC(70) Pause Init Mark (process weakrefs)
[47.803s][info][gc,task       ] GC(70) Using 1 of 1 workers for init marking
[47.804s][info][gc,ergo       ] GC(70) Pacer for Mark. Expected Live: 167M, Free: 272M, Non-Taxable: 27904K, Alloc Tax Rate: 0.8x
[47.804s][info][gc            ] GC(70) Pause Init Mark (process weakrefs) 1.466ms
[47.804s][info][gc,start      ] GC(70) Concurrent marking (process weakrefs)
[47.804s][info][gc,task       ] GC(70) Using 1 of 1 workers for concurrent marking
[47.941s][info][gc            ] GC(70) Concurrent marking (process weakrefs) 136.458ms
[47.941s][info][gc,start      ] GC(70) Concurrent precleaning
[47.941s][info][gc,task       ] GC(70) Using 1 of 1 workers for concurrent preclean
[47.941s][info][gc,ergo       ] GC(70) Pacer for Precleaning. Non-Taxable: 750M
[47.941s][info][gc            ] GC(70) Concurrent precleaning 0.620ms
[47.942s][info][gc,start      ] GC(70) Pause Final Mark (process weakrefs)
[47.942s][info][gc,task       ] GC(70) Using 1 of 1 workers for final marking
[47.942s][info][gc,ergo       ] GC(70) Collectable Garbage: 268M (98%), Immediate: 268M (98%), CSet: 0B (0%)
[47.942s][info][gc            ] GC(70) Pause Final Mark (process weakrefs) 0.538ms
[47.942s][info][gc,start      ] GC(70) Concurrent cleanup
[47.942s][info][gc            ] GC(70) Concurrent cleanup 481M->213M(500M) 0.097ms
[47.942s][info][gc,ergo       ] GC(70) Free: 498M, Max: 256K regular, 269M humongous, Frag: 46% external, 0% internal; Reserve: 38400K, Max: 256K
[47.942s][info][gc,ergo       ] Free: 498M, Max: 256K regular, 269M humongous, Frag: 46% external, 0% internal; Reserve: 38400K, Max: 256K
[47.942s][info][gc,stats      ] 
[47.942s][info][gc,stats      ] All times are wall-clock times, except per-root-class counters, that are sum over
[47.942s][info][gc,stats      ] all workers. Dividing the <total> over the root stage time estimates parallelism.
[47.942s][info][gc,stats      ] 
[47.942s][info][gc,stats      ] Concurrent Reset                    269 us
[47.942s][info][gc,stats      ] Pause Init Mark (G)                4465 us
[47.942s][info][gc,stats      ] Pause Init Mark (N)                1440 us
[47.942s][info][gc,stats      ]   Accumulate Stats                   18 us
[47.942s][info][gc,stats      ]   Make Parsable                      13 us
[47.942s][info][gc,stats      ]   Update Region States               37 us
[47.942s][info][gc,stats      ]   Scan Roots                       1329 us, parallelism: 0.79x
[47.942s][info][gc,stats      ]     S: <total>                     1055 us
[47.942s][info][gc,stats      ]     S: Thread Roots                 483 us, workers (us): 483, 
[47.942s][info][gc,stats      ]     S: Universe Roots                 2 us, workers (us):   2, 
[47.942s][info][gc,stats      ]     S: JNI Handles Roots              2 us, workers (us):   2, 
[47.942s][info][gc,stats      ]     S: Synchronizer Roots             0 us, workers (us):   0, 
[47.942s][info][gc,stats      ]     S: Management Roots               1 us, workers (us):   1, 
[47.942s][info][gc,stats      ]     S: System Dict Roots             20 us, workers (us):  20, 
[47.942s][info][gc,stats      ]     S: CLDG Roots                   544 us, workers (us): 544, 
[47.942s][info][gc,stats      ]     S: JVMTI Roots                    1 us, workers (us):   1, 
[47.942s][info][gc,stats      ]   Resize TLABs                       13 us
[47.942s][info][gc,stats      ] Concurrent Marking               136450 us
[47.942s][info][gc,stats      ] Concurrent Precleaning              610 us
[47.942s][info][gc,stats      ] Pause Final Mark (G)                823 us
[47.942s][info][gc,stats      ] Pause Final Mark (N)                516 us
[47.942s][info][gc,stats      ]   Finish Queues                      29 us
[47.942s][info][gc,stats      ]   Weak References                    29 us
[47.942s][info][gc,stats      ]     Process                          27 us
[47.942s][info][gc,stats      ]   System Purge                      333 us
[47.942s][info][gc,stats      ]     Weak Roots                      333 us
[47.942s][info][gc,stats      ]   Update Region States               48 us
[47.942s][info][gc,stats      ]   Retire TLABs                       26 us
[47.942s][info][gc,stats      ]   Choose Collection Set              32 us
[47.942s][info][gc,stats      ]   Rebuild Free Set                   10 us
[47.942s][info][gc,stats      ] Concurrent Cleanup                   89 us
[47.942s][info][gc,stats      ] Pacing                            69463 us
[47.942s][info][gc,stats      ] 
[47.942s][info][gc,stats      ] Allocation pacing accrued:
[47.942s][info][gc,stats      ]      69 of   351 ms ( 19.8%): Executor task launch worker for task 0.0 in stage 16.0 (TID 16)
[47.942s][info][gc,stats      ]      69 of   351 ms ( 19.8%): <total>
[47.942s][info][gc,stats      ]       0 of   351 ms (  0.1%): <average total>
[47.942s][info][gc,stats      ]      69 of   351 ms ( 19.8%): <average non-zero>
[47.942s][info][gc,stats      ] 
[47.942s][info][gc,metaspace  ] Metaspace: 60559K->60559K(1103872K)
[47.942s][info][gc,ergo       ] Pacer for Idle. Initial: 15360K, Alloc Tax Rate: 1.0x
[48.203s][info][gc            ] Trigger: Average GC time (221.45 ms) is above the time for allocation rate (809 MB/s) to deplete free headroom (177M)
[48.203s][info][gc,ergo       ] Free headroom: 215M (free) - 38400K (spike) - 0B (penalties) = 177M
[48.203s][info][gc,ergo       ] Free: 215M, Max: 256K regular, 215M humongous, Frag: 0% external, 1% internal; Reserve: 38400K, Max: 256K
[48.203s][info][gc,start      ] GC(71) Concurrent reset
[48.203s][info][gc,task       ] GC(71) Using 1 of 1 workers for concurrent reset
[48.203s][info][gc,ergo       ] GC(71) Pacer for Reset. Non-Taxable: 750M
[48.203s][info][gc            ] GC(71) Concurrent reset 0.276ms
[48.206s][info][gc,start      ] GC(71) Pause Init Mark
[48.206s][info][gc,task       ] GC(71) Using 1 of 1 workers for init marking
[48.208s][info][gc,ergo       ] GC(71) Pacer for Mark. Expected Live: 167M, Free: 215M, Non-Taxable: 22016K, Alloc Tax Rate: 1.0x
[48.208s][info][gc            ] GC(71) Pause Init Mark 1.497ms
[48.208s][info][gc,start      ] GC(71) Concurrent marking
[48.208s][info][gc,task       ] GC(71) Using 1 of 1 workers for concurrent marking
[48.361s][info][gc            ] GC(71) Concurrent marking 153.074ms
[48.361s][info][gc,start      ] GC(71) Pause Final Mark
[48.361s][info][gc,task       ] GC(71) Using 1 of 1 workers for final marking
[48.362s][info][gc,ergo       ] GC(71) Collectable Garbage: 325M (98%), Immediate: 325M (98%), CSet: 0B (0%)
[48.362s][info][gc            ] GC(71) Pause Final Mark 0.410ms
[48.365s][info][gc,start      ] GC(71) Concurrent cleanup
[48.365s][info][gc            ] GC(71) Concurrent cleanup 530M->209M(532M) 0.128ms
[48.365s][info][gc,ergo       ] GC(71) Free: 502M, Max: 256K regular, 181M humongous, Frag: 64% external, 0% internal; Reserve: 38400K, Max: 256K
[48.365s][info][gc,ergo       ] Free: 502M, Max: 256K regular, 181M humongous, Frag: 64% external, 0% internal; Reserve: 38400K, Max: 256K
[48.365s][info][gc,stats      ] 
[48.365s][info][gc,stats      ] All times are wall-clock times, except per-root-class counters, that are sum over
[48.365s][info][gc,stats      ] all workers. Dividing the <total> over the root stage time estimates parallelism.
[48.365s][info][gc,stats      ] 
[48.365s][info][gc,stats      ] Concurrent Reset                    268 us
[48.365s][info][gc,stats      ] Pause Init Mark (G)                4637 us
[48.365s][info][gc,stats      ] Pause Init Mark (N)                1467 us
[48.365s][info][gc,stats      ]   Accumulate Stats                   19 us
[48.365s][info][gc,stats      ]   Make Parsable                      16 us
[48.365s][info][gc,stats      ]   Update Region States               39 us
[48.365s][info][gc,stats      ]   Scan Roots                       1351 us, parallelism: 0.79x
[48.365s][info][gc,stats      ]     S: <total>                     1063 us
[48.365s][info][gc,stats      ]     S: Thread Roots                 493 us, workers (us): 493, 
[48.365s][info][gc,stats      ]     S: Universe Roots                 2 us, workers (us):   2, 
[48.365s][info][gc,stats      ]     S: JNI Handles Roots              1 us, workers (us):   1, 
[48.365s][info][gc,stats      ]     S: Synchronizer Roots             0 us, workers (us):   0, 
[48.365s][info][gc,stats      ]     S: Management Roots               2 us, workers (us):   2, 
[48.365s][info][gc,stats      ]     S: System Dict Roots             12 us, workers (us):  12, 
[48.365s][info][gc,stats      ]     S: CLDG Roots                   552 us, workers (us): 552, 
[48.365s][info][gc,stats      ]     S: JVMTI Roots                    1 us, workers (us):   1, 
[48.365s][info][gc,stats      ]   Resize TLABs                       12 us
[48.365s][info][gc,stats      ] Concurrent Marking               153066 us
[48.365s][info][gc,stats      ] Pause Final Mark (G)               3993 us
[48.365s][info][gc,stats      ] Pause Final Mark (N)                397 us
[48.365s][info][gc,stats      ]   Finish Queues                      20 us
[48.365s][info][gc,stats      ]   System Purge                      284 us
[48.365s][info][gc,stats      ]     Weak Roots                      284 us
[48.365s][info][gc,stats      ]   Update Region States               45 us
[48.365s][info][gc,stats      ]   Retire TLABs                       12 us
[48.365s][info][gc,stats      ]   Choose Collection Set              20 us
[48.365s][info][gc,stats      ]   Rebuild Free Set                   10 us
[48.365s][info][gc,stats      ] Concurrent Cleanup                  100 us
[48.365s][info][gc,stats      ] Pacing                            85779 us
[48.365s][info][gc,stats      ] 
[48.365s][info][gc,stats      ] Allocation pacing accrued:
[48.365s][info][gc,stats      ]      86 of   423 ms ( 20.3%): Executor task launch worker for task 0.0 in stage 16.0 (TID 16)
[48.365s][info][gc,stats      ]      86 of   423 ms ( 20.3%): <total>
[48.365s][info][gc,stats      ]       1 of   423 ms (  0.1%): <average total>
[48.365s][info][gc,stats      ]      86 of   423 ms ( 20.3%): <average non-zero>
[48.365s][info][gc,stats      ] 
[48.365s][info][gc,metaspace  ] Metaspace: 60563K->60563K(1103872K)
[48.365s][info][gc,ergo       ] Pacer for Idle. Initial: 15360K, Alloc Tax Rate: 1.0x
[48.631s][info][gc            ] Trigger: Average GC time (218.44 ms) is above the time for allocation rate (778 MB/s) to deplete free headroom (169M)
[48.631s][info][gc,ergo       ] Free headroom: 207M (free) - 38400K (spike) - 0B (penalties) = 169M
[48.631s][info][gc,ergo       ] Free: 207M, Max: 256K regular, 181M humongous, Frag: 13% external, 1% internal; Reserve: 38400K, Max: 256K
[48.631s][info][gc,start      ] GC(72) Concurrent reset
[48.631s][info][gc,task       ] GC(72) Using 1 of 1 workers for concurrent reset
[48.631s][info][gc,ergo       ] GC(72) Pacer for Reset. Non-Taxable: 750M
[48.631s][info][gc            ] GC(72) Concurrent reset 0.291ms
[48.634s][info][gc,start      ] GC(72) Pause Init Mark
[48.634s][info][gc,task       ] GC(72) Using 1 of 1 workers for init marking
[48.636s][info][gc,ergo       ] GC(72) Pacer for Mark. Expected Live: 167M, Free: 207M, Non-Taxable: 21196K, Alloc Tax Rate: 1.0x
[48.636s][info][gc            ] GC(72) Pause Init Mark 1.557ms
[48.636s][info][gc,start      ] GC(72) Concurrent marking
[48.636s][info][gc,task       ] GC(72) Using 1 of 1 workers for concurrent marking
[48.770s][info][gc            ] GC(72) Concurrent marking 133.592ms
[48.773s][info][gc,start      ] GC(72) Pause Final Mark
[48.773s][info][gc,task       ] GC(72) Using 1 of 1 workers for final marking
[48.773s][info][gc,ergo       ] GC(72) Collectable Garbage: 333M (98%), Immediate: 333M (98%), CSet: 0B (0%)
[48.773s][info][gc            ] GC(72) Pause Final Mark 0.461ms
[48.773s][info][gc,start      ] GC(72) Concurrent cleanup
[48.773s][info][gc            ] GC(72) Concurrent cleanup 542M->209M(544M) 0.106ms
[48.773s][info][gc,ergo       ] GC(72) Free: 502M, Max: 256K regular, 169M humongous, Frag: 67% external, 0% internal; Reserve: 38400K, Max: 256K
[48.773s][info][gc,ergo       ] Free: 502M, Max: 256K regular, 169M humongous, Frag: 67% external, 0% internal; Reserve: 38400K, Max: 256K
[48.773s][info][gc,stats      ] 
[48.773s][info][gc,stats      ] All times are wall-clock times, except per-root-class counters, that are sum over
[48.773s][info][gc,stats      ] all workers. Dividing the <total> over the root stage time estimates parallelism.
[48.773s][info][gc,stats      ] 
[48.773s][info][gc,stats      ] Concurrent Reset                    271 us
[48.773s][info][gc,stats      ] Pause Init Mark (G)                4655 us
[48.773s][info][gc,stats      ] Pause Init Mark (N)                1533 us
[48.773s][info][gc,stats      ]   Accumulate Stats                   18 us
[48.773s][info][gc,stats      ]   Make Parsable                      13 us
[48.773s][info][gc,stats      ]   Update Region States               37 us
[48.773s][info][gc,stats      ]   Scan Roots                       1400 us, parallelism: 0.78x
[48.773s][info][gc,stats      ]     S: <total>                     1091 us
[48.773s][info][gc,stats      ]     S: Thread Roots                 518 us, workers (us): 518, 
[48.773s][info][gc,stats      ]     S: Universe Roots                 2 us, workers (us):   2, 
[48.773s][info][gc,stats      ]     S: JNI Handles Roots              1 us, workers (us):   1, 
[48.773s][info][gc,stats      ]     S: Synchronizer Roots             0 us, workers (us):   0, 
[48.773s][info][gc,stats      ]     S: Management Roots               2 us, workers (us):   2, 
[48.773s][info][gc,stats      ]     S: System Dict Roots             10 us, workers (us):  10, 
[48.773s][info][gc,stats      ]     S: CLDG Roots                   556 us, workers (us): 556, 
[48.773s][info][gc,stats      ]     S: JVMTI Roots                    1 us, workers (us):   1, 
[48.773s][info][gc,stats      ]   Resize TLABs                       20 us
[48.773s][info][gc,stats      ] Concurrent Marking               133578 us
[48.773s][info][gc,stats      ] Pause Final Mark (G)               3414 us
[48.773s][info][gc,stats      ] Pause Final Mark (N)                441 us
[48.773s][info][gc,stats      ]   Finish Queues                      32 us
[48.773s][info][gc,stats      ]   System Purge                      300 us
[48.773s][info][gc,stats      ]     Weak Roots                      300 us
[48.773s][info][gc,stats      ]   Update Region States               52 us
[48.773s][info][gc,stats      ]   Retire TLABs                       17 us
[48.773s][info][gc,stats      ]   Choose Collection Set              21 us
[48.773s][info][gc,stats      ]   Rebuild Free Set                   11 us
[48.773s][info][gc,stats      ] Concurrent Cleanup                   99 us
[48.773s][info][gc,stats      ] Pacing                            65364 us
[48.773s][info][gc,stats      ] 
[48.773s][info][gc,stats      ] Allocation pacing accrued:
[48.773s][info][gc,stats      ]      65 of   408 ms ( 16.0%): Executor task launch worker for task 0.0 in stage 16.0 (TID 16)
[48.773s][info][gc,stats      ]      65 of   408 ms ( 16.0%): <total>
[48.773s][info][gc,stats      ]       0 of   408 ms (  0.1%): <average total>
[48.773s][info][gc,stats      ]      65 of   408 ms ( 16.0%): <average non-zero>
[48.773s][info][gc,stats      ] 
[48.773s][info][gc,metaspace  ] Metaspace: 60563K->60563K(1103872K)
[48.773s][info][gc,ergo       ] Pacer for Idle. Initial: 15360K, Alloc Tax Rate: 1.0x
[49.101s][info][gc            ] Trigger: Average GC time (153.55 ms) is above the time for allocation rate (807 MB/s) to deplete free headroom (123M)
[49.101s][info][gc,ergo       ] Free headroom: 161M (free) - 38400K (spike) - 0B (penalties) = 123M
[49.101s][info][gc,ergo       ] Free: 161M, Max: 256K regular, 161M humongous, Frag: 0% external, 1% internal; Reserve: 38400K, Max: 256K
[49.101s][info][gc,start      ] GC(73) Concurrent reset
[49.101s][info][gc,task       ] GC(73) Using 1 of 1 workers for concurrent reset
[49.101s][info][gc,ergo       ] GC(73) Pacer for Reset. Non-Taxable: 750M
[49.101s][info][gc            ] GC(73) Concurrent reset 0.346ms
[49.104s][info][gc,start      ] GC(73) Pause Init Mark
[49.104s][info][gc,task       ] GC(73) Using 1 of 1 workers for init marking
[49.106s][info][gc,ergo       ] GC(73) Pacer for Mark. Expected Live: 167M, Free: 161M, Non-Taxable: 16486K, Alloc Tax Rate: 1.3x
[49.106s][info][gc            ] GC(73) Pause Init Mark 1.619ms
[49.106s][info][gc,start      ] GC(73) Concurrent marking
[49.106s][info][gc,task       ] GC(73) Using 1 of 1 workers for concurrent marking
[49.235s][info][gc            ] GC(73) Concurrent marking 128.584ms
[49.235s][info][gc,start      ] GC(73) Pause Final Mark
[49.235s][info][gc,task       ] GC(73) Using 1 of 1 workers for final marking
[49.235s][info][gc,ergo       ] GC(73) Collectable Garbage: 378M (98%), Immediate: 378M (98%), CSet: 0B (0%)
[49.235s][info][gc            ] GC(73) Pause Final Mark 0.381ms
[49.235s][info][gc,start      ] GC(73) Concurrent cleanup
[49.235s][info][gc            ] GC(73) Concurrent cleanup 576M->197M(578M) 0.116ms
[49.235s][info][gc,ergo       ] GC(73) Free: 514M, Max: 256K regular, 203M humongous, Frag: 61% external, 0% internal; Reserve: 38400K, Max: 256K
[49.235s][info][gc,ergo       ] Free: 514M, Max: 256K regular, 203M humongous, Frag: 61% external, 0% internal; Reserve: 38400K, Max: 256K
[49.235s][info][gc,stats      ] 
[49.235s][info][gc,stats      ] All times are wall-clock times, except per-root-class counters, that are sum over
[49.235s][info][gc,stats      ] all workers. Dividing the <total> over the root stage time estimates parallelism.
[49.235s][info][gc,stats      ] 
[49.235s][info][gc,stats      ] Concurrent Reset                    337 us
[49.235s][info][gc,stats      ] Pause Init Mark (G)                4766 us
[49.235s][info][gc,stats      ] Pause Init Mark (N)                1590 us
[49.235s][info][gc,stats      ]   Accumulate Stats                   18 us
[49.235s][info][gc,stats      ]   Make Parsable                      14 us
[49.235s][info][gc,stats      ]   Update Region States               38 us
[49.235s][info][gc,stats      ]   Scan Roots                       1459 us, parallelism: 0.75x
[49.235s][info][gc,stats      ]     S: <total>                     1094 us
[49.235s][info][gc,stats      ]     S: Thread Roots                 536 us, workers (us): 536, 
[49.235s][info][gc,stats      ]     S: Universe Roots                 2 us, workers (us):   2, 
[49.235s][info][gc,stats      ]     S: JNI Handles Roots              2 us, workers (us):   2, 
[49.235s][info][gc,stats      ]     S: Synchronizer Roots             0 us, workers (us):   0, 
[49.235s][info][gc,stats      ]     S: Management Roots               2 us, workers (us):   2, 
[49.235s][info][gc,stats      ]     S: System Dict Roots             11 us, workers (us):  11, 
[49.236s][info][gc,stats      ]     S: CLDG Roots                   540 us, workers (us): 540, 
[49.236s][info][gc,stats      ]     S: JVMTI Roots                    1 us, workers (us):   1, 
[49.236s][info][gc,stats      ]   Resize TLABs                       15 us
[49.236s][info][gc,stats      ] Concurrent Marking               128574 us
[49.236s][info][gc,stats      ] Pause Final Mark (G)                517 us
[49.236s][info][gc,stats      ] Pause Final Mark (N)                371 us
[49.236s][info][gc,stats      ]   Finish Queues                      14 us
[49.236s][info][gc,stats      ]   System Purge                      259 us
[49.236s][info][gc,stats      ]     Weak Roots                      258 us
[49.236s][info][gc,stats      ]   Update Region States               45 us
[49.236s][info][gc,stats      ]   Retire TLABs                       17 us
[49.236s][info][gc,stats      ]   Choose Collection Set              20 us
[49.236s][info][gc,stats      ]   Rebuild Free Set                   10 us
[49.236s][info][gc,stats      ] Concurrent Cleanup                  110 us
[49.236s][info][gc,stats      ] Pacing                            60270 us
[49.236s][info][gc,stats      ] 
[49.236s][info][gc,stats      ] Allocation pacing accrued:
[49.236s][info][gc,stats      ]      60 of   462 ms ( 13.0%): Executor task launch worker for task 0.0 in stage 16.0 (TID 16)
[49.236s][info][gc,stats      ]      60 of   462 ms ( 13.0%): <total>
[49.236s][info][gc,stats      ]       0 of   462 ms (  0.1%): <average total>
[49.236s][info][gc,stats      ]      60 of   462 ms ( 13.0%): <average non-zero>
[49.236s][info][gc,stats      ] 
[49.236s][info][gc,metaspace  ] Metaspace: 60567K->60567K(1103872K)
[49.236s][info][gc,ergo       ] Pacer for Idle. Initial: 15360K, Alloc Tax Rate: 1.0x
[49.596s][info][gc            ] Trigger: Explicit GC request (System.gc())
[49.596s][info][gc,ergo       ] Free: 173M, Max: 256K regular, 135M humongous, Frag: 23% external, 1% internal; Reserve: 38400K, Max: 256K
[49.596s][info][gc,start      ] GC(74) Concurrent reset
[49.596s][info][gc,task       ] GC(74) Using 1 of 1 workers for concurrent reset
[49.596s][info][gc,ergo       ] GC(74) Pacer for Reset. Non-Taxable: 750M
[49.596s][info][gc            ] GC(74) Concurrent reset 0.289ms
[49.596s][info][gc,start      ] GC(74) Pause Init Mark (process weakrefs) (unload classes)
[49.596s][info][gc,task       ] GC(74) Using 1 of 1 workers for init marking
[49.597s][info][gc,ergo       ] GC(74) Pacer for Mark. Expected Live: 167M, Free: 173M, Non-Taxable: 17787K, Alloc Tax Rate: 1.2x
[49.597s][info][gc            ] GC(74) Pause Init Mark (process weakrefs) (unload classes) 1.038ms
[49.597s][info][gc,start      ] GC(74) Concurrent marking (process weakrefs) (unload classes)
[49.597s][info][gc,task       ] GC(74) Using 1 of 1 workers for concurrent marking
[49.738s][info][gc            ] GC(74) Concurrent marking (process weakrefs) (unload classes) 140.671ms
[49.738s][info][gc,start      ] GC(74) Concurrent precleaning
[49.738s][info][gc,task       ] GC(74) Using 1 of 1 workers for concurrent preclean
[49.738s][info][gc,ergo       ] GC(74) Pacer for Precleaning. Non-Taxable: 750M
[49.738s][info][gc            ] GC(74) Concurrent precleaning 0.292ms
[49.739s][info][gc,start      ] GC(74) Pause Final Mark (process weakrefs) (unload classes)
[49.739s][info][gc,task       ] GC(74) Using 1 of 1 workers for final marking
[49.762s][info][gc,stringtable] GC(74) Cleaned string and symbol table, strings: 18566 processed, 0 removed, symbols: 131965 processed, 200 removed
[49.763s][info][gc,ergo       ] GC(74) Collectable Garbage: 364M (98%), Immediate: 364M (98%), CSet: 0B (0%)
[49.763s][info][gc            ] GC(74) Pause Final Mark (process weakrefs) (unload classes) 24.073ms
[49.763s][info][gc,start      ] GC(74) Concurrent cleanup
[49.763s][info][gc            ] GC(74) Concurrent cleanup 537M->173M(578M) 0.115ms
[49.763s][info][gc,ergo       ] GC(74) Free: 538M, Max: 256K regular, 224M humongous, Frag: 59% external, 0% internal; Reserve: 38400K, Max: 256K
[49.763s][info][gc,ergo       ] Free: 538M, Max: 256K regular, 224M humongous, Frag: 59% external, 0% internal; Reserve: 38400K, Max: 256K
[49.763s][info][gc,stats      ] 
[49.763s][info][gc,stats      ] All times are wall-clock times, except per-root-class counters, that are sum over
[49.763s][info][gc,stats      ] all workers. Dividing the <total> over the root stage time estimates parallelism.
[49.763s][info][gc,stats      ] 
[49.763s][info][gc,stats      ] Concurrent Reset                    281 us
[49.763s][info][gc,stats      ] Pause Init Mark (G)                1342 us
[49.763s][info][gc,stats      ] Pause Init Mark (N)                1024 us
[49.763s][info][gc,stats      ]   Accumulate Stats                   19 us
[49.763s][info][gc,stats      ]   Make Parsable                      15 us
[49.763s][info][gc,stats      ]   Update Region States               31 us
[49.763s][info][gc,stats      ]   Scan Roots                        920 us, parallelism: 0.62x
[49.763s][info][gc,stats      ]     S: <total>                      569 us
[49.763s][info][gc,stats      ]     S: Thread Roots                 451 us, workers (us): 451, 
[49.763s][info][gc,stats      ]     S: Universe Roots                 2 us, workers (us):   2, 
[49.763s][info][gc,stats      ]     S: JNI Handles Roots              2 us, workers (us):   2, 
[49.763s][info][gc,stats      ]     S: Synchronizer Roots             0 us, workers (us):   0, 
[49.763s][info][gc,stats      ]     S: Management Roots               2 us, workers (us):   2, 
[49.763s][info][gc,stats      ]     S: System Dict Roots             11 us, workers (us):  11, 
[49.763s][info][gc,stats      ]     S: CLDG Roots                   100 us, workers (us): 100, 
[49.763s][info][gc,stats      ]     S: JVMTI Roots                    0 us, workers (us):   0, 
[49.763s][info][gc,stats      ]   Resize TLABs                       10 us
[49.763s][info][gc,stats      ] Concurrent Marking               140663 us
[49.763s][info][gc,stats      ] Concurrent Precleaning              283 us
[49.763s][info][gc,stats      ] Pause Final Mark (G)              24285 us
[49.763s][info][gc,stats      ] Pause Final Mark (N)              24064 us
[49.763s][info][gc,stats      ]   Finish Queues                      99 us
[49.763s][info][gc,stats      ]   Weak References                    48 us
[49.763s][info][gc,stats      ]     Process                          47 us
[49.763s][info][gc,stats      ]   System Purge                      285 us
[49.763s][info][gc,stats      ]     Unload Classes                 1028 us
[49.763s][info][gc,stats      ]     Cleanup                       22246 us, parallelism: 1.00x
[49.763s][info][gc,stats      ]       CU: <total>                 22160 us
[49.763s][info][gc,stats      ]       CU: Code Cache Roots         8342 us, workers (us): 8342, 
[49.763s][info][gc,stats      ]       CU: Code Cache Cleaning      1555 us, workers (us): 1555, 
[49.763s][info][gc,stats      ]       CU: String Table Roots       6047 us, workers (us): 6047, 
[49.763s][info][gc,stats      ]       CU: Resolved Table Roots      133 us, workers (us): 133, 
[49.763s][info][gc,stats      ]       CU: CLDG Roots               6083 us, workers (us): 6083, 
[49.763s][info][gc,stats      ]     Weak Roots                      284 us
[49.763s][info][gc,stats      ]     CLDG                            225 us
[49.763s][info][gc,stats      ]   Update Region States               50 us
[49.763s][info][gc,stats      ]   Retire TLABs                       42 us
[49.763s][info][gc,stats      ]   Choose Collection Set              23 us
[49.763s][info][gc,stats      ]   Rebuild Free Set                   10 us
[49.763s][info][gc,stats      ] Concurrent Cleanup                  104 us
[49.763s][info][gc,stats      ] Pacing                            10325 us
[49.763s][info][gc,stats      ] 
[49.763s][info][gc,stats      ] Allocation pacing accrued:
[49.763s][info][gc,stats      ]      10 of   527 ms (  2.0%): Executor task launch worker for task 0.0 in stage 17.0 (TID 17)
[49.763s][info][gc,stats      ]      10 of   527 ms (  2.0%): <total>
[49.763s][info][gc,stats      ]       0 of   527 ms (  0.0%): <average total>
[49.763s][info][gc,stats      ]      10 of   527 ms (  2.0%): <average non-zero>
[49.763s][info][gc,stats      ] 
[49.763s][info][gc,metaspace  ] Metaspace: 60601K->60223K(1103872K)
[49.763s][info][gc,ergo       ] Pacer for Idle. Initial: 15360K, Alloc Tax Rate: 1.0x
[49.763s][info][gc,start      ] Concurrent uncommit
[49.781s][info][gc            ] Concurrent uncommit 173M->173M(174M) 17.916ms
[49.885s][info][gc            ] Trigger: Learning 2 of 5. Free (523M) is below initial threshold (525M)
[49.885s][info][gc,ergo       ] Free: 523M, Max: 256K regular, 224M humongous, Frag: 58% external, 0% internal; Reserve: 38400K, Max: 256K
[49.885s][info][gc,start      ] GC(75) Concurrent reset
[49.885s][info][gc,task       ] GC(75) Using 1 of 1 workers for concurrent reset
[49.885s][info][gc,ergo       ] GC(75) Pacer for Reset. Non-Taxable: 750M
[49.885s][info][gc            ] GC(75) Concurrent reset 0.313ms
[49.886s][info][gc,start      ] GC(75) Pause Init Mark (process weakrefs)
[49.886s][info][gc,task       ] GC(75) Using 1 of 1 workers for init marking
[49.888s][info][gc,ergo       ] GC(75) Pacer for Mark. Expected Live: 167M, Free: 523M, Non-Taxable: 53578K, Alloc Tax Rate: 0.4x
[49.888s][info][gc            ] GC(75) Pause Init Mark (process weakrefs) 1.973ms
[49.888s][info][gc,start      ] GC(75) Concurrent marking (process weakrefs)
[49.888s][info][gc,task       ] GC(75) Using 1 of 1 workers for concurrent marking
[50.243s][info][gc            ] GC(75) Concurrent marking (process weakrefs) 354.622ms
[50.244s][info][gc,start      ] GC(75) Concurrent precleaning
[50.244s][info][gc,task       ] GC(75) Using 1 of 1 workers for concurrent preclean
[50.244s][info][gc,ergo       ] GC(75) Pacer for Precleaning. Non-Taxable: 750M
[50.244s][info][gc            ] GC(75) Concurrent precleaning 0.627ms
[50.245s][info][gc,start      ] GC(75) Pause Final Mark (process weakrefs)
[50.245s][info][gc,task       ] GC(75) Using 1 of 1 workers for final marking
[50.245s][info][gc,ergo       ] GC(75) Adaptive CSet Selection. Target Free: 106M, Actual Free: 505M, Max CSet: 32000K, Min Garbage: 0B
[50.245s][info][gc,ergo       ] GC(75) Collectable Garbage: 13743K (85%), Immediate: 3456K (21%), CSet: 10286K (63%)
[50.247s][info][gc,ergo       ] GC(75) Pacer for Evacuation. Used CSet: 11008K, Free: 470M, Non-Taxable: 48202K, Alloc Tax Rate: 1.1x
[50.247s][info][gc            ] GC(75) Pause Final Mark (process weakrefs) 2.843ms
[50.247s][info][gc,start      ] GC(75) Concurrent cleanup
[50.247s][info][gc            ] GC(75) Concurrent cleanup 242M->239M(247M) 0.063ms
[50.247s][info][gc,ergo       ] GC(75) Free: 470M, Max: 256K regular, 224M humongous, Frag: 53% external, 1% internal; Reserve: 38273K, Max: 256K
[50.247s][info][gc,start      ] GC(75) Concurrent evacuation
[50.247s][info][gc,task       ] GC(75) Using 1 of 1 workers for concurrent evacuation
[50.254s][info][gc            ] GC(75) Concurrent evacuation 6.482ms
[50.258s][info][gc,start      ] GC(75) Pause Init Update Refs
[50.259s][info][gc,ergo       ] GC(75) Pacer for Update Refs. Used: 243M, Free: 466M, Non-Taxable: 47792K, Alloc Tax Rate: 1.1x
[50.259s][info][gc            ] GC(75) Pause Init Update Refs 0.067ms
[50.259s][info][gc,start      ] GC(75) Concurrent update references
[50.259s][info][gc,task       ] GC(75) Using 1 of 1 workers for concurrent reference update
[50.490s][info][gc            ] GC(75) Concurrent update references 231.217ms
[50.493s][info][gc,start      ] GC(75) Pause Final Update Refs
[50.493s][info][gc,task       ] GC(75) Using 1 of 1 workers for final reference update
[50.494s][info][gc            ] GC(75) Pause Final Update Refs 0.561ms
[50.494s][info][gc,start      ] GC(75) Concurrent cleanup
[50.494s][info][gc            ] GC(75) Concurrent cleanup 335M->325M(338M) 0.059ms
[50.494s][info][gc,ergo       ] Free: 384M, Max: 256K regular, 200M humongous, Frag: 49% external, 1% internal; Reserve: 38400K, Max: 256K
[50.494s][info][gc,stats      ] 
[50.494s][info][gc,stats      ] All times are wall-clock times, except per-root-class counters, that are sum over
[50.494s][info][gc,stats      ] all workers. Dividing the <total> over the root stage time estimates parallelism.
[50.494s][info][gc,stats      ] 
[50.494s][info][gc,stats      ] Concurrent Reset                    306 us
[50.494s][info][gc,stats      ] Pause Init Mark (G)                3137 us
[50.494s][info][gc,stats      ] Pause Init Mark (N)                1925 us
[50.494s][info][gc,stats      ]   Accumulate Stats                   22 us
[50.494s][info][gc,stats      ]   Make Parsable                      21 us
[50.494s][info][gc,stats      ]   Update Region States               58 us
[50.494s][info][gc,stats      ]   Scan Roots                       1758 us, parallelism: 0.79x
[50.494s][info][gc,stats      ]     S: <total>                     1382 us
[50.494s][info][gc,stats      ]     S: Thread Roots                 564 us, workers (us): 564, 
[50.494s][info][gc,stats      ]     S: Universe Roots                 3 us, workers (us):   3, 
[50.494s][info][gc,stats      ]     S: JNI Handles Roots              2 us, workers (us):   2, 
[50.494s][info][gc,stats      ]     S: Synchronizer Roots             0 us, workers (us):   0, 
[50.494s][info][gc,stats      ]     S: Management Roots               3 us, workers (us):   3, 
[50.494s][info][gc,stats      ]     S: System Dict Roots             17 us, workers (us):  17, 
[50.494s][info][gc,stats      ]     S: CLDG Roots                   792 us, workers (us): 792, 
[50.494s][info][gc,stats      ]     S: JVMTI Roots                    1 us, workers (us):   1, 
[50.494s][info][gc,stats      ]   Resize TLABs                       16 us
[50.494s][info][gc,stats      ] Concurrent Marking               354613 us
[50.494s][info][gc,stats      ] Concurrent Precleaning              589 us
[50.494s][info][gc,stats      ] Pause Final Mark (G)               3189 us
[50.494s][info][gc,stats      ] Pause Final Mark (N)               2827 us
[50.494s][info][gc,stats      ]   Finish Queues                      32 us
[50.494s][info][gc,stats      ]   Weak References                    18 us
[50.494s][info][gc,stats      ]     Process                          16 us
[50.494s][info][gc,stats      ]   System Purge                      254 us
[50.494s][info][gc,stats      ]     Weak Roots                      254 us
[50.494s][info][gc,stats      ]   Update Region States               48 us
[50.494s][info][gc,stats      ]   Retire TLABs                       23 us
[50.494s][info][gc,stats      ]   Choose Collection Set              88 us
[50.494s][info][gc,stats      ]   Rebuild Free Set                   11 us
[50.494s][info][gc,stats      ]   Initial Evacuation               2347 us, parallelism: 0.64x
[50.494s][info][gc,stats      ]     E: <total>                     1499 us
[50.494s][info][gc,stats      ]     E: Thread Roots                 562 us, workers (us): 562, 
[50.494s][info][gc,stats      ]     E: Code Cache Roots             343 us, workers (us): 343, 
[50.494s][info][gc,stats      ]     E: Universe Roots                28 us, workers (us):  28, 
[50.494s][info][gc,stats      ]     E: JNI Handles Roots              1 us, workers (us):   1, 
[50.494s][info][gc,stats      ]     E: Synchronizer Roots             0 us, workers (us):   0, 
[50.494s][info][gc,stats      ]     E: Management Roots               1 us, workers (us):   1, 
[50.494s][info][gc,stats      ]     E: System Dict Roots             10 us, workers (us):  10, 
[50.494s][info][gc,stats      ]     E: CLDG Roots                   554 us, workers (us): 554, 
[50.494s][info][gc,stats      ]     E: JVMTI Roots                    0 us, workers (us):   0, 
[50.494s][info][gc,stats      ] Concurrent Cleanup                   52 us
[50.494s][info][gc,stats      ] Concurrent Evacuation              6471 us
[50.494s][info][gc,stats      ] Pause Init  Update Refs (G)        4540 us
[50.494s][info][gc,stats      ] Pause Init  Update Refs (N)          20 us
[50.494s][info][gc,stats      ]   Retire GCLABs                      11 us
[50.494s][info][gc,stats      ] Concurrent Update Refs           231202 us
[50.494s][info][gc,stats      ] Pause Final Update Refs (G)        3725 us
[50.494s][info][gc,stats      ] Pause Final Update Refs (N)         530 us
[50.494s][info][gc,stats      ]   Update Roots                      461 us, parallelism: 0.98x
[50.494s][info][gc,stats      ]     UR: <total>                     453 us
[50.494s][info][gc,stats      ]     UR: Thread Roots                453 us, workers (us): 453, 
[50.494s][info][gc,stats      ]   Update Region States               48 us
[50.494s][info][gc,stats      ]   Trash Collection Set                2 us
[50.494s][info][gc,stats      ]   Rebuild Free Set                   11 us
[50.494s][info][gc,stats      ] Concurrent Cleanup                   51 us
[50.494s][info][gc,stats      ] 
[50.494s][info][gc,stats      ] Allocation pacing accrued:
[50.494s][info][gc,stats      ]       0 of   731 ms (  0.0%): <total>
[50.494s][info][gc,stats      ]       0 of   731 ms (  0.0%): <average total>
[50.494s][info][gc,stats      ] 
[50.494s][info][gc,metaspace  ] Metaspace: 60433K->60651K(1103872K)
[50.494s][info][gc,ergo       ] Pacer for Idle. Initial: 15360K, Alloc Tax Rate: 1.0x
[50.496s][info][gc            ] Trigger: Learning 3 of 5. Free (383M) is below initial threshold (525M)
[50.496s][info][gc,ergo       ] Free: 383M, Max: 256K regular, 200M humongous, Frag: 48% external, 1% internal; Reserve: 38400K, Max: 256K
[50.496s][info][gc,start      ] GC(76) Concurrent reset
[50.496s][info][gc,task       ] GC(76) Using 1 of 1 workers for concurrent reset
[50.496s][info][gc,ergo       ] GC(76) Pacer for Reset. Non-Taxable: 750M
[50.496s][info][gc            ] GC(76) Concurrent reset 0.307ms
[50.499s][info][gc,start      ] GC(76) Pause Init Mark
[50.499s][info][gc,task       ] GC(76) Using 1 of 1 workers for init marking
[50.502s][info][gc,ergo       ] GC(76) Pacer for Mark. Expected Live: 167M, Free: 383M, Non-Taxable: 39266K, Alloc Tax Rate: 0.5x
[50.502s][info][gc            ] GC(76) Pause Init Mark 2.940ms
[50.502s][info][gc,start      ] GC(76) Concurrent marking
[50.502s][info][gc,task       ] GC(76) Using 1 of 1 workers for concurrent marking
[50.679s][info][gc            ] GC(76) Concurrent marking 176.899ms
[50.679s][info][gc,start      ] GC(76) Pause Final Mark
[50.679s][info][gc,task       ] GC(76) Using 1 of 1 workers for final marking
[50.680s][info][gc,ergo       ] GC(76) Collectable Garbage: 149M (94%), Immediate: 149M (94%), CSet: 0B (0%)
[50.680s][info][gc            ] GC(76) Pause Final Mark 0.465ms
[50.680s][info][gc,start      ] GC(76) Concurrent cleanup
[50.680s][info][gc            ] GC(76) Concurrent cleanup 385M->235M(391M) 0.078ms
[50.680s][info][gc,ergo       ] GC(76) Free: 476M, Max: 256K regular, 200M humongous, Frag: 58% external, 0% internal; Reserve: 38400K, Max: 256K
[50.680s][info][gc,ergo       ] Free: 476M, Max: 256K regular, 200M humongous, Frag: 58% external, 0% internal; Reserve: 38400K, Max: 256K
[50.680s][info][gc,stats      ] 
[50.680s][info][gc,stats      ] All times are wall-clock times, except per-root-class counters, that are sum over
[50.680s][info][gc,stats      ] all workers. Dividing the <total> over the root stage time estimates parallelism.
[50.680s][info][gc,stats      ] 
[50.680s][info][gc,stats      ] Concurrent Reset                    300 us
[50.680s][info][gc,stats      ] Pause Init Mark (G)                6285 us
[50.680s][info][gc,stats      ] Pause Init Mark (N)                2895 us
[50.680s][info][gc,stats      ]   Accumulate Stats                   25 us
[50.680s][info][gc,stats      ]   Make Parsable                      18 us
[50.680s][info][gc,stats      ]   Update Region States               69 us
[50.680s][info][gc,stats      ]   Scan Roots                       2677 us, parallelism: 0.86x
[50.680s][info][gc,stats      ]     S: <total>                     2314 us
[50.680s][info][gc,stats      ]     S: Thread Roots                1334 us, workers (us): 1334, 
[50.680s][info][gc,stats      ]     S: Universe Roots                 3 us, workers (us):   3, 
[50.680s][info][gc,stats      ]     S: JNI Handles Roots              2 us, workers (us):   2, 
[50.680s][info][gc,stats      ]     S: Synchronizer Roots             0 us, workers (us):   0, 
[50.680s][info][gc,stats      ]     S: Management Roots               2 us, workers (us):   2, 
[50.680s][info][gc,stats      ]     S: System Dict Roots             17 us, workers (us):  17, 
[50.680s][info][gc,stats      ]     S: CLDG Roots                   955 us, workers (us): 955, 
[50.680s][info][gc,stats      ]     S: JVMTI Roots                    1 us, workers (us):   1, 
[50.680s][info][gc,stats      ]   Resize TLABs                       34 us
[50.680s][info][gc,stats      ] Concurrent Marking               176878 us
[50.680s][info][gc,stats      ] Pause Final Mark (G)                607 us
[50.680s][info][gc,stats      ] Pause Final Mark (N)                417 us
[50.680s][info][gc,stats      ]   Finish Queues                      24 us
[50.680s][info][gc,stats      ]   System Purge                      290 us
[50.680s][info][gc,stats      ]     Weak Roots                      290 us
[50.680s][info][gc,stats      ]   Update Region States               44 us
[50.680s][info][gc,stats      ]   Retire TLABs                       19 us
[50.680s][info][gc,stats      ]   Choose Collection Set              20 us
[50.680s][info][gc,stats      ]   Rebuild Free Set                   11 us
[50.680s][info][gc,stats      ] Concurrent Cleanup                   72 us
[50.680s][info][gc,stats      ] Pacing                            37639 us
[50.680s][info][gc,stats      ] 
[50.680s][info][gc,stats      ] Allocation pacing accrued:
[50.680s][info][gc,stats      ]      13 of   186 ms (  6.8%): RemoteBlock-temp-file-clean-thread
[50.680s][info][gc,stats      ]      25 of   186 ms ( 13.4%): Executor task launch worker for task 0.0 in stage 19.0 (TID 19)
[50.680s][info][gc,stats      ]      38 of   186 ms ( 20.2%): <total>
[50.680s][info][gc,stats      ]       0 of   186 ms (  0.1%): <average total>
[50.680s][info][gc,stats      ]      19 of   186 ms ( 10.1%): <average non-zero>
[50.680s][info][gc,stats      ] 
[50.680s][info][gc,metaspace  ] Metaspace: 60651K->60651K(1103872K)
[50.680s][info][gc,ergo       ] Pacer for Idle. Initial: 15360K, Alloc Tax Rate: 1.0x
[50.681s][info][gc            ] Trigger: Learning 4 of 5. Free (476M) is below initial threshold (525M)
[50.681s][info][gc,ergo       ] Free: 476M, Max: 256K regular, 200M humongous, Frag: 58% external, 0% internal; Reserve: 38400K, Max: 256K
[50.681s][info][gc,start      ] GC(77) Concurrent reset
[50.681s][info][gc,task       ] GC(77) Using 1 of 1 workers for concurrent reset
[50.681s][info][gc,ergo       ] GC(77) Pacer for Reset. Non-Taxable: 750M
[50.681s][info][gc            ] GC(77) Concurrent reset 0.327ms
[50.682s][info][gc,start      ] GC(77) Pause Init Mark
[50.682s][info][gc,task       ] GC(77) Using 1 of 1 workers for init marking
[50.683s][info][gc,ergo       ] GC(77) Pacer for Mark. Expected Live: 167M, Free: 476M, Non-Taxable: 48763K, Alloc Tax Rate: 0.4x
[50.683s][info][gc            ] GC(77) Pause Init Mark 1.601ms
[50.687s][info][gc,start      ] GC(77) Concurrent marking
[50.687s][info][gc,task       ] GC(77) Using 1 of 1 workers for concurrent marking
[50.864s][info][gc            ] GC(77) Concurrent marking 177.224ms
[50.865s][info][gc,start      ] GC(77) Pause Final Mark
[50.865s][info][gc,task       ] GC(77) Using 1 of 1 workers for final marking
[50.866s][info][gc,ergo       ] GC(77) Adaptive CSet Selection. Target Free: 106M, Actual Free: 498M, Max CSet: 32000K, Min Garbage: 0B
[50.866s][info][gc,ergo       ] GC(77) Collectable Garbage: 67340K (96%), Immediate: 60162K (86%), CSet: 7178K (10%)
[50.870s][info][gc,ergo       ] GC(77) Pacer for Evacuation. Used CSet: 7932K, Free: 461M, Non-Taxable: 47278K, Alloc Tax Rate: 1.1x
[50.870s][info][gc            ] GC(77) Pause Final Mark 5.435ms
[50.873s][info][gc,start      ] GC(77) Concurrent cleanup
[50.873s][info][gc            ] GC(77) Concurrent cleanup 308M->250M(391M) 0.233ms
[50.873s][info][gc,ergo       ] GC(77) Free: 460M, Max: 256K regular, 200M humongous, Frag: 57% external, 0% internal; Reserve: 38323K, Max: 256K
[50.873s][info][gc,start      ] GC(77) Concurrent evacuation
[50.873s][info][gc,task       ] GC(77) Using 1 of 1 workers for concurrent evacuation
[50.875s][info][gc            ] GC(77) Concurrent evacuation 1.915ms
[50.878s][info][gc,start      ] GC(77) Pause Init Update Refs
[50.878s][info][gc,ergo       ] GC(77) Pacer for Update Refs. Used: 251M, Free: 460M, Non-Taxable: 47175K, Alloc Tax Rate: 1.1x
[50.878s][info][gc            ] GC(77) Pause Init Update Refs 0.117ms
[50.878s][info][gc,start      ] GC(77) Concurrent update references
[50.878s][info][gc,task       ] GC(77) Using 1 of 1 workers for concurrent reference update
[51.159s][info][gc            ] GC(77) Concurrent update references 280.899ms
[51.162s][info][gc,start      ] GC(77) Pause Final Update Refs
[51.162s][info][gc,task       ] GC(77) Using 1 of 1 workers for final reference update
[51.162s][info][gc            ] GC(77) Pause Final Update Refs 0.595ms
[51.162s][info][gc,start      ] GC(77) Concurrent cleanup
[51.163s][info][gc            ] GC(77) Concurrent cleanup 382M->375M(391M) 0.057ms
[51.163s][info][gc,ergo       ] Free: 336M, Max: 256K regular, 199M humongous, Frag: 41% external, 0% internal; Reserve: 38400K, Max: 256K
[51.163s][info][gc,stats      ] 
[51.163s][info][gc,stats      ] All times are wall-clock times, except per-root-class counters, that are sum over
[51.163s][info][gc,stats      ] all workers. Dividing the <total> over the root stage time estimates parallelism.
[51.163s][info][gc,stats      ] 
[51.163s][info][gc,stats      ] Concurrent Reset                    318 us
[51.163s][info][gc,stats      ] Pause Init Mark (G)                5681 us
[51.163s][info][gc,stats      ] Pause Init Mark (N)                1591 us
[51.163s][info][gc,stats      ]   Accumulate Stats                   20 us
[51.163s][info][gc,stats      ]   Make Parsable                      12 us
[51.163s][info][gc,stats      ]   Update Region States               28 us
[51.163s][info][gc,stats      ]   Scan Roots                       1475 us, parallelism: 0.81x
[51.163s][info][gc,stats      ]     S: <total>                     1200 us
[51.163s][info][gc,stats      ]     S: Thread Roots                 592 us, workers (us): 592, 
[51.163s][info][gc,stats      ]     S: Universe Roots                 2 us, workers (us):   2, 
[51.163s][info][gc,stats      ]     S: JNI Handles Roots              1 us, workers (us):   1, 
[51.163s][info][gc,stats      ]     S: Synchronizer Roots             0 us, workers (us):   0, 
[51.163s][info][gc,stats      ]     S: Management Roots               1 us, workers (us):   1, 
[51.163s][info][gc,stats      ]     S: System Dict Roots             11 us, workers (us):  11, 
[51.163s][info][gc,stats      ]     S: CLDG Roots                   591 us, workers (us): 591, 
[51.163s][info][gc,stats      ]     S: JVMTI Roots                    0 us, workers (us):   0, 
[51.163s][info][gc,stats      ]   Resize TLABs                       16 us
[51.163s][info][gc,stats      ] Concurrent Marking               177193 us
[51.163s][info][gc,stats      ] Pause Final Mark (G)               8333 us
[51.163s][info][gc,stats      ] Pause Final Mark (N)               5399 us
[51.163s][info][gc,stats      ]   Finish Queues                      35 us
[51.163s][info][gc,stats      ]   System Purge                      547 us
[51.163s][info][gc,stats      ]     Weak Roots                      546 us
[51.163s][info][gc,stats      ]   Update Region States               97 us
[51.163s][info][gc,stats      ]   Retire TLABs                       46 us
[51.163s][info][gc,stats      ]   Choose Collection Set             287 us
[51.163s][info][gc,stats      ]   Rebuild Free Set                   54 us
[51.163s][info][gc,stats      ]   Initial Evacuation               4316 us, parallelism: 0.62x
[51.163s][info][gc,stats      ]     E: <total>                     2679 us
[51.163s][info][gc,stats      ]     E: Thread Roots                1177 us, workers (us): 1177, 
[51.163s][info][gc,stats      ]     E: Code Cache Roots             423 us, workers (us): 423, 
[51.163s][info][gc,stats      ]     E: Universe Roots                 3 us, workers (us):   3, 
[51.163s][info][gc,stats      ]     E: JNI Handles Roots              2 us, workers (us):   2, 
[51.163s][info][gc,stats      ]     E: Synchronizer Roots             1 us, workers (us):   1, 
[51.163s][info][gc,stats      ]     E: Management Roots               3 us, workers (us):   3, 
[51.163s][info][gc,stats      ]     E: System Dict Roots             20 us, workers (us):  20, 
[51.163s][info][gc,stats      ]     E: CLDG Roots                  1051 us, workers (us): 1051, 
[51.163s][info][gc,stats      ]     E: JVMTI Roots                    1 us, workers (us):   1, 
[51.163s][info][gc,stats      ] Concurrent Cleanup                  177 us
[51.163s][info][gc,stats      ] Concurrent Evacuation              1898 us
[51.163s][info][gc,stats      ] Pause Init  Update Refs (G)        2598 us
[51.163s][info][gc,stats      ] Pause Init  Update Refs (N)          82 us
[51.163s][info][gc,stats      ]   Retire GCLABs                      46 us
[51.163s][info][gc,stats      ] Concurrent Update Refs           280874 us
[51.163s][info][gc,stats      ] Pause Final Update Refs (G)        3691 us
[51.163s][info][gc,stats      ] Pause Final Update Refs (N)         555 us
[51.163s][info][gc,stats      ]   Update Roots                      486 us, parallelism: 0.98x
[51.163s][info][gc,stats      ]     UR: <total>                     476 us
[51.163s][info][gc,stats      ]     UR: Thread Roots                476 us, workers (us): 476, 
[51.163s][info][gc,stats      ]   Update Region States               48 us
[51.163s][info][gc,stats      ]   Trash Collection Set                2 us
[51.163s][info][gc,stats      ]   Rebuild Free Set                   10 us
[51.163s][info][gc,stats      ] Concurrent Cleanup                   50 us
[51.163s][info][gc,stats      ] Pacing                            54943 us
[51.163s][info][gc,stats      ] 
[51.163s][info][gc,stats      ] Allocation pacing accrued:
[51.163s][info][gc,stats      ]      55 of   483 ms ( 11.4%): Executor task launch worker for task 0.0 in stage 19.0 (TID 19)
[51.163s][info][gc,stats      ]      55 of   483 ms ( 11.4%): <total>
[51.163s][info][gc,stats      ]       0 of   483 ms (  0.1%): <average total>
[51.163s][info][gc,stats      ]      55 of   483 ms ( 11.4%): <average non-zero>
[51.163s][info][gc,stats      ] 
[51.163s][info][gc,metaspace  ] Metaspace: 60651K->60651K(1103872K)
[51.163s][info][gc,ergo       ] Pacer for Idle. Initial: 15360K, Alloc Tax Rate: 1.0x
[51.164s][info][gc            ] Trigger: Learning 5 of 5. Free (335M) is below initial threshold (525M)
[51.164s][info][gc,ergo       ] Free: 335M, Max: 256K regular, 199M humongous, Frag: 41% external, 0% internal; Reserve: 38400K, Max: 256K
[51.164s][info][gc,start      ] GC(78) Concurrent reset
[51.164s][info][gc,task       ] GC(78) Using 1 of 1 workers for concurrent reset
[51.164s][info][gc,ergo       ] GC(78) Pacer for Reset. Non-Taxable: 750M
[51.169s][info][gc            ] GC(78) Concurrent reset 5.167ms
[51.173s][info][gc,start      ] GC(78) Pause Init Mark
[51.173s][info][gc,task       ] GC(78) Using 1 of 1 workers for init marking
[51.175s][info][gc,ergo       ] GC(78) Pacer for Mark. Expected Live: 167M, Free: 329M, Non-Taxable: 33735K, Alloc Tax Rate: 0.6x
[51.175s][info][gc            ] GC(78) Pause Init Mark 2.180ms
[51.175s][info][gc,start      ] GC(78) Concurrent marking
[51.175s][info][gc,task       ] GC(78) Using 1 of 1 workers for concurrent marking
[51.329s][info][gc            ] GC(78) Concurrent marking 153.294ms
[51.329s][info][gc,start      ] GC(78) Pause Final Mark
[51.329s][info][gc,task       ] GC(78) Using 1 of 1 workers for final marking
[51.329s][info][gc,ergo       ] GC(78) Collectable Garbage: 211M (98%), Immediate: 211M (98%), CSet: 0B (0%)
[51.329s][info][gc            ] GC(78) Pause Final Mark 0.430ms
[51.329s][info][gc,start      ] GC(78) Concurrent cleanup
[51.329s][info][gc            ] GC(78) Concurrent cleanup 432M->221M(436M) 0.088ms
[51.329s][info][gc,ergo       ] GC(78) Free: 490M, Max: 256K regular, 199M humongous, Frag: 60% external, 0% internal; Reserve: 38400K, Max: 256K
[51.329s][info][gc,ergo       ] Free: 490M, Max: 256K regular, 199M humongous, Frag: 60% external, 0% internal; Reserve: 38400K, Max: 256K
[51.329s][info][gc,stats      ] 
[51.329s][info][gc,stats      ] All times are wall-clock times, except per-root-class counters, that are sum over
[51.329s][info][gc,stats      ] all workers. Dividing the <total> over the root stage time estimates parallelism.
[51.329s][info][gc,stats      ] 
[51.329s][info][gc,stats      ] Concurrent Reset                   5157 us
[51.329s][info][gc,stats      ] Pause Init Mark (G)                6068 us
[51.329s][info][gc,stats      ] Pause Init Mark (N)                2154 us
[51.329s][info][gc,stats      ]   Accumulate Stats                   20 us
[51.329s][info][gc,stats      ]   Make Parsable                      14 us
[51.329s][info][gc,stats      ]   Update Region States               39 us
[51.329s][info][gc,stats      ]   Scan Roots                       1993 us, parallelism: 0.86x
[51.329s][info][gc,stats      ]     S: <total>                     1706 us
[51.329s][info][gc,stats      ]     S: Thread Roots                1134 us, workers (us): 1134, 
[51.329s][info][gc,stats      ]     S: Universe Roots                 2 us, workers (us):   2, 
[51.329s][info][gc,stats      ]     S: JNI Handles Roots              1 us, workers (us):   1, 
[51.329s][info][gc,stats      ]     S: Synchronizer Roots             0 us, workers (us):   0, 
[51.329s][info][gc,stats      ]     S: Management Roots               1 us, workers (us):   1, 
[51.329s][info][gc,stats      ]     S: System Dict Roots             11 us, workers (us):  11, 
[51.329s][info][gc,stats      ]     S: CLDG Roots                   555 us, workers (us): 555, 
[51.329s][info][gc,stats      ]     S: JVMTI Roots                    0 us, workers (us):   0, 
[51.329s][info][gc,stats      ]   Resize TLABs                       33 us
[51.329s][info][gc,stats      ] Concurrent Marking               153272 us
[51.329s][info][gc,stats      ] Pause Final Mark (G)                574 us
[51.329s][info][gc,stats      ] Pause Final Mark (N)                420 us
[51.329s][info][gc,stats      ]   Finish Queues                      13 us
[51.329s][info][gc,stats      ]   System Purge                      254 us
[51.329s][info][gc,stats      ]     Weak Roots                      254 us
[51.329s][info][gc,stats      ]   Update Region States               44 us
[51.329s][info][gc,stats      ]   Retire TLABs                       63 us
[51.329s][info][gc,stats      ]   Choose Collection Set              24 us
[51.329s][info][gc,stats      ]   Rebuild Free Set                   14 us
[51.329s][info][gc,stats      ] Concurrent Cleanup                   81 us
[51.329s][info][gc,stats      ] Pacing                            25247 us
[51.329s][info][gc,stats      ] 
[51.329s][info][gc,stats      ] Allocation pacing accrued:
[51.329s][info][gc,stats      ]      25 of   167 ms ( 15.1%): Executor task launch worker for task 0.0 in stage 19.0 (TID 19)
[51.329s][info][gc,stats      ]      25 of   167 ms ( 15.1%): <total>
[51.329s][info][gc,stats      ]       0 of   167 ms (  0.1%): <average total>
[51.329s][info][gc,stats      ]      25 of   167 ms ( 15.1%): <average non-zero>
[51.329s][info][gc,stats      ] 
[51.329s][info][gc,metaspace  ] Metaspace: 60651K->60651K(1103872K)
[51.329s][info][gc,ergo       ] Pacer for Idle. Initial: 15360K, Alloc Tax Rate: 1.0x
[51.523s][info][gc            ] Trigger: Average GC time (321.36 ms) is above the time for allocation rate (750 MB/s) to deplete free headroom (240M)
[51.523s][info][gc,ergo       ] Free headroom: 277M (free) - 38400K (spike) - 0B (penalties) = 240M
[51.523s][info][gc,ergo       ] Free: 277M, Max: 256K regular, 199M humongous, Frag: 29% external, 0% internal; Reserve: 38400K, Max: 256K
[51.523s][info][gc,start      ] GC(79) Concurrent reset
[51.523s][info][gc,task       ] GC(79) Using 1 of 1 workers for concurrent reset
[51.523s][info][gc,ergo       ] GC(79) Pacer for Reset. Non-Taxable: 750M
[51.523s][info][gc            ] GC(79) Concurrent reset 0.306ms
[51.526s][info][gc,start      ] GC(79) Pause Init Mark
[51.526s][info][gc,task       ] GC(79) Using 1 of 1 workers for init marking
[51.528s][info][gc,ergo       ] GC(79) Pacer for Mark. Expected Live: 167M, Free: 277M, Non-Taxable: 28462K, Alloc Tax Rate: 0.7x
[51.528s][info][gc            ] GC(79) Pause Init Mark 1.528ms
[51.528s][info][gc,start      ] GC(79) Concurrent marking
[51.528s][info][gc,task       ] GC(79) Using 1 of 1 workers for concurrent marking
[51.701s][info][gc            ] GC(79) Concurrent marking 173.021ms
[51.701s][info][gc,start      ] GC(79) Pause Final Mark
[51.701s][info][gc,task       ] GC(79) Using 1 of 1 workers for final marking
[51.701s][info][gc,ergo       ] GC(79) Collectable Garbage: 263M (98%), Immediate: 263M (98%), CSet: 0B (0%)
[51.701s][info][gc            ] GC(79) Pause Final Mark 0.395ms
[51.701s][info][gc,start      ] GC(79) Concurrent cleanup
[51.702s][info][gc            ] GC(79) Concurrent cleanup 482M->218M(486M) 0.167ms
[51.702s][info][gc,ergo       ] GC(79) Free: 492M, Max: 256K regular, 199M humongous, Frag: 60% external, 0% internal; Reserve: 38400K, Max: 256K
[51.702s][info][gc,ergo       ] Free: 492M, Max: 256K regular, 199M humongous, Frag: 60% external, 0% internal; Reserve: 38400K, Max: 256K
[51.702s][info][gc,stats      ] 
[51.702s][info][gc,stats      ] All times are wall-clock times, except per-root-class counters, that are sum over
[51.702s][info][gc,stats      ] all workers. Dividing the <total> over the root stage time estimates parallelism.
[51.702s][info][gc,stats      ] 
[51.702s][info][gc,stats      ] Concurrent Reset                    298 us
[51.702s][info][gc,stats      ] Pause Init Mark (G)                4673 us
[51.702s][info][gc,stats      ] Pause Init Mark (N)                1502 us
[51.702s][info][gc,stats      ]   Accumulate Stats                   20 us
[51.702s][info][gc,stats      ]   Make Parsable                      14 us
[51.702s][info][gc,stats      ]   Update Region States               38 us
[51.702s][info][gc,stats      ]   Scan Roots                       1387 us, parallelism: 0.79x
[51.702s][info][gc,stats      ]     S: <total>                     1098 us
[51.702s][info][gc,stats      ]     S: Thread Roots                 529 us, workers (us): 529, 
[51.702s][info][gc,stats      ]     S: Universe Roots                 2 us, workers (us):   2, 
[51.702s][info][gc,stats      ]     S: JNI Handles Roots              1 us, workers (us):   1, 
[51.702s][info][gc,stats      ]     S: Synchronizer Roots             0 us, workers (us):   0, 
[51.702s][info][gc,stats      ]     S: Management Roots               2 us, workers (us):   2, 
[51.702s][info][gc,stats      ]     S: System Dict Roots             11 us, workers (us):  11, 
[51.702s][info][gc,stats      ]     S: CLDG Roots                   552 us, workers (us): 552, 
[51.702s][info][gc,stats      ]     S: JVMTI Roots                    1 us, workers (us):   1, 
[51.702s][info][gc,stats      ]   Resize TLABs                       13 us
[51.702s][info][gc,stats      ] Concurrent Marking               173012 us
[51.702s][info][gc,stats      ] Pause Final Mark (G)                547 us
[51.702s][info][gc,stats      ] Pause Final Mark (N)                385 us
[51.702s][info][gc,stats      ]   Finish Queues                      17 us
[51.702s][info][gc,stats      ]   System Purge                      265 us
[51.702s][info][gc,stats      ]     Weak Roots                      264 us
[51.702s][info][gc,stats      ]   Update Region States               48 us
[51.702s][info][gc,stats      ]   Retire TLABs                       20 us
[51.702s][info][gc,stats      ]   Choose Collection Set              19 us
[51.702s][info][gc,stats      ]   Rebuild Free Set                   10 us
[51.702s][info][gc,stats      ] Concurrent Cleanup                  159 us
[51.702s][info][gc,stats      ] Pacing                            71185 us
[51.702s][info][gc,stats      ] 
[51.702s][info][gc,stats      ] Allocation pacing accrued:
[51.702s][info][gc,stats      ]      13 of   372 ms (  3.5%): RemoteBlock-temp-file-clean-thread
[51.702s][info][gc,stats      ]      58 of   372 ms ( 15.7%): Executor task launch worker for task 0.0 in stage 19.0 (TID 19)
[51.702s][info][gc,stats      ]      71 of   372 ms ( 19.1%): <total>
[51.702s][info][gc,stats      ]       0 of   372 ms (  0.1%): <average total>
[51.702s][info][gc,stats      ]      36 of   372 ms (  9.6%): <average non-zero>
[51.702s][info][gc,stats      ] 
[51.702s][info][gc,metaspace  ] Metaspace: 60651K->60651K(1103872K)
[51.702s][info][gc,ergo       ] Pacer for Idle. Initial: 15360K, Alloc Tax Rate: 1.0x
[51.896s][info][gc            ] Trigger: Average GC time (323.70 ms) is above the time for allocation rate (726 MB/s) to deplete free headroom (232M)
[51.896s][info][gc,ergo       ] Free headroom: 270M (free) - 38400K (spike) - 0B (penalties) = 232M
[51.896s][info][gc,ergo       ] Free: 270M, Max: 256K regular, 199M humongous, Frag: 27% external, 0% internal; Reserve: 38400K, Max: 256K
[51.896s][info][gc,start      ] GC(80) Concurrent reset
[51.896s][info][gc,task       ] GC(80) Using 1 of 1 workers for concurrent reset
[51.896s][info][gc,ergo       ] GC(80) Pacer for Reset. Non-Taxable: 750M
[51.896s][info][gc            ] GC(80) Concurrent reset 0.274ms
[51.900s][info][gc,start      ] GC(80) Pause Init Mark (process weakrefs)
[51.900s][info][gc,task       ] GC(80) Using 1 of 1 workers for init marking
[51.901s][info][gc,ergo       ] GC(80) Pacer for Mark. Expected Live: 167M, Free: 270M, Non-Taxable: 27694K, Alloc Tax Rate: 0.8x
[51.901s][info][gc            ] GC(80) Pause Init Mark (process weakrefs) 1.620ms
[51.901s][info][gc,start      ] GC(80) Concurrent marking (process weakrefs)
[51.901s][info][gc,task       ] GC(80) Using 1 of 1 workers for concurrent marking
[52.044s][info][gc            ] GC(80) Concurrent marking (process weakrefs) 142.867ms
[52.044s][info][gc,start      ] GC(80) Concurrent precleaning
[52.044s][info][gc,task       ] GC(80) Using 1 of 1 workers for concurrent preclean
[52.044s][info][gc,ergo       ] GC(80) Pacer for Precleaning. Non-Taxable: 750M
[52.045s][info][gc            ] GC(80) Concurrent precleaning 0.618ms
[52.045s][info][gc,start      ] GC(80) Pause Final Mark (process weakrefs)
[52.045s][info][gc,task       ] GC(80) Using 1 of 1 workers for final marking
[52.045s][info][gc,ergo       ] GC(80) Collectable Garbage: 270M (98%), Immediate: 270M (98%), CSet: 0B (0%)
[52.045s][info][gc            ] GC(80) Pause Final Mark (process weakrefs) 0.405ms
[52.046s][info][gc,start      ] GC(80) Concurrent cleanup
[52.046s][info][gc            ] GC(80) Concurrent cleanup 483M->212M(487M) 0.125ms
[52.046s][info][gc,ergo       ] GC(80) Free: 498M, Max: 256K regular, 199M humongous, Frag: 60% external, 0% internal; Reserve: 38400K, Max: 256K
[52.046s][info][gc,ergo       ] Free: 498M, Max: 256K regular, 199M humongous, Frag: 60% external, 0% internal; Reserve: 38400K, Max: 256K
[52.046s][info][gc,stats      ] 
[52.046s][info][gc,stats      ] All times are wall-clock times, except per-root-class counters, that are sum over
[52.046s][info][gc,stats      ] all workers. Dividing the <total> over the root stage time estimates parallelism.
[52.046s][info][gc,stats      ] 
[52.046s][info][gc,stats      ] Concurrent Reset                    265 us
[52.046s][info][gc,stats      ] Pause Init Mark (G)                4824 us
[52.046s][info][gc,stats      ] Pause Init Mark (N)                1596 us
[52.046s][info][gc,stats      ]   Accumulate Stats                   20 us
[52.046s][info][gc,stats      ]   Make Parsable                      14 us
[52.046s][info][gc,stats      ]   Update Region States               37 us
[52.046s][info][gc,stats      ]   Scan Roots                       1458 us, parallelism: 0.79x
[52.046s][info][gc,stats      ]     S: <total>                     1153 us
[52.046s][info][gc,stats      ]     S: Thread Roots                 607 us, workers (us): 607, 
[52.046s][info][gc,stats      ]     S: Universe Roots                 2 us, workers (us):   2, 
[52.046s][info][gc,stats      ]     S: JNI Handles Roots              1 us, workers (us):   1, 
[52.046s][info][gc,stats      ]     S: Synchronizer Roots             0 us, workers (us):   0, 
[52.046s][info][gc,stats      ]     S: Management Roots               2 us, workers (us):   2, 
[52.046s][info][gc,stats      ]     S: System Dict Roots             10 us, workers (us):  10, 
[52.046s][info][gc,stats      ]     S: CLDG Roots                   530 us, workers (us): 530, 
[52.046s][info][gc,stats      ]     S: JVMTI Roots                    1 us, workers (us):   1, 
[52.046s][info][gc,stats      ]   Resize TLABs                       18 us
[52.046s][info][gc,stats      ] Concurrent Marking               142858 us
[52.046s][info][gc,stats      ] Concurrent Precleaning              608 us
[52.046s][info][gc,stats      ] Pause Final Mark (G)                606 us
[52.046s][info][gc,stats      ] Pause Final Mark (N)                397 us
[52.046s][info][gc,stats      ]   Finish Queues                      17 us
[52.046s][info][gc,stats      ]   Weak References                    20 us
[52.046s][info][gc,stats      ]     Process                          18 us
[52.047s][info][gc,stats      ]   System Purge                      258 us
[52.047s][info][gc,stats      ]     Weak Roots                      258 us
[52.047s][info][gc,stats      ]   Update Region States               47 us
[52.047s][info][gc,stats      ]   Retire TLABs                       21 us
[52.047s][info][gc,stats      ]   Choose Collection Set              18 us
[52.047s][info][gc,stats      ]   Rebuild Free Set                   10 us
[52.047s][info][gc,stats      ] Concurrent Cleanup                   93 us
[52.047s][info][gc,stats      ] Pacing                            62405 us
[52.047s][info][gc,stats      ] 
[52.047s][info][gc,stats      ] Allocation pacing accrued:
[52.047s][info][gc,stats      ]      62 of   345 ms ( 18.1%): Executor task launch worker for task 0.0 in stage 19.0 (TID 19)
[52.047s][info][gc,stats      ]      62 of   345 ms ( 18.1%): <total>
[52.047s][info][gc,stats      ]       0 of   345 ms (  0.1%): <average total>
[52.047s][info][gc,stats      ]      62 of   345 ms ( 18.1%): <average non-zero>
[52.047s][info][gc,stats      ] 
[52.047s][info][gc,metaspace  ] Metaspace: 60651K->60651K(1103872K)
[52.047s][info][gc,ergo       ] Pacer for Idle. Initial: 15360K, Alloc Tax Rate: 1.0x
[52.340s][info][gc            ] Trigger: Average GC time (232.01 ms) is above the time for allocation rate (747 MB/s) to deplete free headroom (171M)
[52.341s][info][gc,ergo       ] Free headroom: 209M (free) - 38400K (spike) - 0B (penalties) = 171M
[52.341s][info][gc,ergo       ] Free: 209M, Max: 256K regular, 199M humongous, Frag: 5% external, 1% internal; Reserve: 38400K, Max: 256K
[52.341s][info][gc,start      ] GC(81) Concurrent reset
[52.341s][info][gc,task       ] GC(81) Using 1 of 1 workers for concurrent reset
[52.341s][info][gc,ergo       ] GC(81) Pacer for Reset. Non-Taxable: 750M
[52.341s][info][gc            ] GC(81) Concurrent reset 0.342ms
[52.344s][info][gc,start      ] GC(81) Pause Init Mark
[52.344s][info][gc,task       ] GC(81) Using 1 of 1 workers for init marking
[52.346s][info][gc,ergo       ] GC(81) Pacer for Mark. Expected Live: 167M, Free: 209M, Non-Taxable: 21422K, Alloc Tax Rate: 1.0x
[52.346s][info][gc            ] GC(81) Pause Init Mark 1.666ms
[52.346s][info][gc,start      ] GC(81) Concurrent marking
[52.346s][info][gc,task       ] GC(81) Using 1 of 1 workers for concurrent marking
[52.481s][info][gc            ] GC(81) Concurrent marking 135.251ms
[52.481s][info][gc,start      ] GC(81) Pause Final Mark
[52.481s][info][gc,task       ] GC(81) Using 1 of 1 workers for final marking
[52.482s][info][gc,ergo       ] GC(81) Collectable Garbage: 330M (98%), Immediate: 330M (98%), CSet: 0B (0%)
[52.482s][info][gc            ] GC(81) Pause Final Mark 0.386ms
[52.482s][info][gc,start      ] GC(81) Concurrent cleanup
[52.482s][info][gc            ] GC(81) Concurrent cleanup 535M->204M(536M) 0.105ms
[52.482s][info][gc,ergo       ] GC(81) Free: 507M, Max: 256K regular, 176M humongous, Frag: 66% external, 0% internal; Reserve: 38400K, Max: 256K
[52.482s][info][gc,ergo       ] Free: 507M, Max: 256K regular, 176M humongous, Frag: 66% external, 0% internal; Reserve: 38400K, Max: 256K
[52.482s][info][gc,stats      ] 
[52.482s][info][gc,stats      ] All times are wall-clock times, except per-root-class counters, that are sum over
[52.482s][info][gc,stats      ] all workers. Dividing the <total> over the root stage time estimates parallelism.
[52.482s][info][gc,stats      ] 
[52.482s][info][gc,stats      ] Concurrent Reset                    333 us
[52.482s][info][gc,stats      ] Pause Init Mark (G)                4903 us
[52.482s][info][gc,stats      ] Pause Init Mark (N)                1633 us
[52.482s][info][gc,stats      ]   Accumulate Stats                   22 us
[52.482s][info][gc,stats      ]   Make Parsable                      16 us
[52.482s][info][gc,stats      ]   Update Region States               51 us
[52.482s][info][gc,stats      ]   Scan Roots                       1489 us, parallelism: 0.81x
[52.482s][info][gc,stats      ]     S: <total>                     1207 us
[52.482s][info][gc,stats      ]     S: Thread Roots                 657 us, workers (us): 657, 
[52.482s][info][gc,stats      ]     S: Universe Roots                 2 us, workers (us):   2, 
[52.482s][info][gc,stats      ]     S: JNI Handles Roots              1 us, workers (us):   1, 
[52.482s][info][gc,stats      ]     S: Synchronizer Roots             0 us, workers (us):   0, 
[52.482s][info][gc,stats      ]     S: Management Roots               1 us, workers (us):   1, 
[52.482s][info][gc,stats      ]     S: System Dict Roots             11 us, workers (us):  11, 
[52.482s][info][gc,stats      ]     S: CLDG Roots                   533 us, workers (us): 533, 
[52.482s][info][gc,stats      ]     S: JVMTI Roots                    1 us, workers (us):   1, 
[52.482s][info][gc,stats      ]   Resize TLABs                       15 us
[52.482s][info][gc,stats      ] Concurrent Marking               135242 us
[52.482s][info][gc,stats      ] Pause Final Mark (G)                538 us
[52.482s][info][gc,stats      ] Pause Final Mark (N)                377 us
[52.482s][info][gc,stats      ]   Finish Queues                      15 us
[52.482s][info][gc,stats      ]   System Purge                      262 us
[52.482s][info][gc,stats      ]     Weak Roots                      261 us
[52.482s][info][gc,stats      ]   Update Region States               45 us
[52.482s][info][gc,stats      ]   Retire TLABs                       20 us
[52.482s][info][gc,stats      ]   Choose Collection Set              19 us
[52.482s][info][gc,stats      ]   Rebuild Free Set                   10 us
[52.482s][info][gc,stats      ] Concurrent Cleanup                   99 us
[52.482s][info][gc,stats      ] Pacing                            60380 us
[52.482s][info][gc,stats      ] 
[52.482s][info][gc,stats      ] Allocation pacing accrued:
[52.482s][info][gc,stats      ]      60 of   435 ms ( 13.9%): Executor task launch worker for task 0.0 in stage 19.0 (TID 19)
[52.482s][info][gc,stats      ]      60 of   435 ms ( 13.9%): <total>
[52.482s][info][gc,stats      ]       0 of   435 ms (  0.1%): <average total>
[52.482s][info][gc,stats      ]      60 of   435 ms ( 13.9%): <average non-zero>
[52.482s][info][gc,stats      ] 
[52.482s][info][gc,metaspace  ] Metaspace: 60658K->60658K(1103872K)
[52.482s][info][gc,ergo       ] Pacer for Idle. Initial: 15360K, Alloc Tax Rate: 1.0x
[52.745s][info][gc            ] Trigger: Average GC time (223.41 ms) is above the time for allocation rate (802 MB/s) to deplete free headroom (178M)
[52.745s][info][gc,ergo       ] Free headroom: 215M (free) - 38400K (spike) - 0B (penalties) = 178M
[52.745s][info][gc,ergo       ] Free: 215M, Max: 256K regular, 176M humongous, Frag: 19% external, 1% internal; Reserve: 38400K, Max: 256K
[52.745s][info][gc,start      ] GC(82) Concurrent reset
[52.745s][info][gc,task       ] GC(82) Using 1 of 1 workers for concurrent reset
[52.745s][info][gc,ergo       ] GC(82) Pacer for Reset. Non-Taxable: 750M
[52.745s][info][gc            ] GC(82) Concurrent reset 0.292ms
[52.749s][info][gc,start      ] GC(82) Pause Init Mark
[52.749s][info][gc,task       ] GC(82) Using 1 of 1 workers for init marking
[52.750s][info][gc,ergo       ] GC(82) Pacer for Mark. Expected Live: 167M, Free: 215M, Non-Taxable: 22067K, Alloc Tax Rate: 0.9x
[52.750s][info][gc            ] GC(82) Pause Init Mark 1.586ms
[52.750s][info][gc,start      ] GC(82) Concurrent marking
[52.750s][info][gc,task       ] GC(82) Using 1 of 1 workers for concurrent marking
[52.877s][info][gc            ] GC(82) Concurrent marking 126.398ms
[52.877s][info][gc,start      ] GC(82) Pause Final Mark
[52.877s][info][gc,task       ] GC(82) Using 1 of 1 workers for final marking
[52.877s][info][gc,ergo       ] GC(82) Collectable Garbage: 324M (98%), Immediate: 324M (98%), CSet: 0B (0%)
[52.877s][info][gc            ] GC(82) Pause Final Mark 0.389ms
[52.881s][info][gc,start      ] GC(82) Concurrent cleanup
[52.881s][info][gc            ] GC(82) Concurrent cleanup 530M->210M(536M) 0.116ms
[52.881s][info][gc,ergo       ] GC(82) Free: 501M, Max: 256K regular, 199M humongous, Frag: 61% external, 0% internal; Reserve: 38400K, Max: 256K
[52.881s][info][gc,ergo       ] Free: 501M, Max: 256K regular, 199M humongous, Frag: 61% external, 0% internal; Reserve: 38400K, Max: 256K
[52.881s][info][gc,stats      ] 
[52.881s][info][gc,stats      ] All times are wall-clock times, except per-root-class counters, that are sum over
[52.881s][info][gc,stats      ] all workers. Dividing the <total> over the root stage time estimates parallelism.
[52.881s][info][gc,stats      ] 
[52.881s][info][gc,stats      ] Concurrent Reset                    283 us
[52.881s][info][gc,stats      ] Pause Init Mark (G)                4857 us
[52.881s][info][gc,stats      ] Pause Init Mark (N)                1558 us
[52.881s][info][gc,stats      ]   Accumulate Stats                   20 us
[52.881s][info][gc,stats      ]   Make Parsable                      15 us
[52.881s][info][gc,stats      ]   Update Region States               41 us
[52.881s][info][gc,stats      ]   Scan Roots                       1426 us, parallelism: 0.78x
[52.881s][info][gc,stats      ]     S: <total>                     1115 us
[52.881s][info][gc,stats      ]     S: Thread Roots                 564 us, workers (us): 564, 
[52.881s][info][gc,stats      ]     S: Universe Roots                 3 us, workers (us):   3, 
[52.881s][info][gc,stats      ]     S: JNI Handles Roots              1 us, workers (us):   1, 
[52.881s][info][gc,stats      ]     S: Synchronizer Roots             0 us, workers (us):   0, 
[52.881s][info][gc,stats      ]     S: Management Roots               2 us, workers (us):   2, 
[52.881s][info][gc,stats      ]     S: System Dict Roots             11 us, workers (us):  11, 
[52.881s][info][gc,stats      ]     S: CLDG Roots                   533 us, workers (us): 533, 
[52.881s][info][gc,stats      ]     S: JVMTI Roots                    1 us, workers (us):   1, 
[52.881s][info][gc,stats      ]   Resize TLABs                       15 us
[52.881s][info][gc,stats      ] Concurrent Marking               126389 us
[52.881s][info][gc,stats      ] Pause Final Mark (G)               4017 us
[52.881s][info][gc,stats      ] Pause Final Mark (N)                376 us
[52.881s][info][gc,stats      ]   Finish Queues                      27 us
[52.881s][info][gc,stats      ]   System Purge                      255 us
[52.881s][info][gc,stats      ]     Weak Roots                      255 us
[52.881s][info][gc,stats      ]   Update Region States               44 us
[52.881s][info][gc,stats      ]   Retire TLABs                       14 us
[52.881s][info][gc,stats      ]   Choose Collection Set              19 us
[52.881s][info][gc,stats      ]   Rebuild Free Set                   10 us
[52.881s][info][gc,stats      ] Concurrent Cleanup                   97 us
[52.881s][info][gc,stats      ] Pacing                            73414 us
[52.881s][info][gc,stats      ] 
[52.881s][info][gc,stats      ] Allocation pacing accrued:
[52.881s][info][gc,stats      ]      73 of   399 ms ( 18.4%): Executor task launch worker for task 0.0 in stage 19.0 (TID 19)
[52.881s][info][gc,stats      ]      73 of   399 ms ( 18.4%): <total>
[52.881s][info][gc,stats      ]       0 of   399 ms (  0.1%): <average total>
[52.881s][info][gc,stats      ]      73 of   399 ms ( 18.4%): <average non-zero>
[52.881s][info][gc,stats      ] 
[52.881s][info][gc,metaspace  ] Metaspace: 60658K->60658K(1103872K)
[52.881s][info][gc,ergo       ] Pacer for Idle. Initial: 15360K, Alloc Tax Rate: 1.0x
[53.175s][info][gc            ] Trigger: Average GC time (154.28 ms) is above the time for allocation rate (861 MB/s) to deplete free headroom (132M)
[53.175s][info][gc,ergo       ] Free headroom: 169M (free) - 38400K (spike) - 0B (penalties) = 132M
[53.175s][info][gc,ergo       ] Free: 169M, Max: 256K regular, 169M humongous, Frag: 0% external, 1% internal; Reserve: 38400K, Max: 256K
[53.175s][info][gc,start      ] GC(83) Concurrent reset
[53.175s][info][gc,task       ] GC(83) Using 1 of 1 workers for concurrent reset
[53.175s][info][gc,ergo       ] GC(83) Pacer for Reset. Non-Taxable: 750M
[53.175s][info][gc            ] GC(83) Concurrent reset 0.351ms
[53.178s][info][gc,start      ] GC(83) Pause Init Mark
[53.178s][info][gc,task       ] GC(83) Using 1 of 1 workers for init marking
[53.179s][info][gc,ergo       ] GC(83) Pacer for Mark. Expected Live: 167M, Free: 169M, Non-Taxable: 17356K, Alloc Tax Rate: 1.2x
[53.179s][info][gc            ] GC(83) Pause Init Mark 1.647ms
[53.179s][info][gc,start      ] GC(83) Concurrent marking
[53.179s][info][gc,task       ] GC(83) Using 1 of 1 workers for concurrent marking
[53.314s][info][gc            ] GC(83) Concurrent marking 134.799ms
[53.314s][info][gc,start      ] GC(83) Pause Final Mark
[53.314s][info][gc,task       ] GC(83) Using 1 of 1 workers for final marking
[53.315s][info][gc,ergo       ] GC(83) Collectable Garbage: 370M (98%), Immediate: 370M (98%), CSet: 0B (0%)
[53.315s][info][gc            ] GC(83) Pause Final Mark 0.434ms
[53.315s][info][gc,start      ] GC(83) Concurrent cleanup
[53.315s][info][gc            ] GC(83) Concurrent cleanup 569M->198M(571M) 0.112ms
[53.315s][info][gc,ergo       ] GC(83) Free: 512M, Max: 256K regular, 195M humongous, Frag: 62% external, 0% internal; Reserve: 38400K, Max: 256K
[53.315s][info][gc,ergo       ] Free: 512M, Max: 256K regular, 195M humongous, Frag: 62% external, 0% internal; Reserve: 38400K, Max: 256K
[53.315s][info][gc,stats      ] 
[53.315s][info][gc,stats      ] All times are wall-clock times, except per-root-class counters, that are sum over
[53.315s][info][gc,stats      ] all workers. Dividing the <total> over the root stage time estimates parallelism.
[53.315s][info][gc,stats      ] 
[53.315s][info][gc,stats      ] Concurrent Reset                    343 us
[53.315s][info][gc,stats      ] Pause Init Mark (G)                3953 us
[53.315s][info][gc,stats      ] Pause Init Mark (N)                1615 us
[53.315s][info][gc,stats      ]   Accumulate Stats                   21 us
[53.315s][info][gc,stats      ]   Make Parsable                      32 us
[53.315s][info][gc,stats      ]   Update Region States               52 us
[53.315s][info][gc,stats      ]   Scan Roots                       1451 us, parallelism: 0.81x
[53.315s][info][gc,stats      ]     S: <total>                     1176 us
[53.315s][info][gc,stats      ]     S: Thread Roots                 625 us, workers (us): 625, 
[53.315s][info][gc,stats      ]     S: Universe Roots                 2 us, workers (us):   2, 
[53.315s][info][gc,stats      ]     S: JNI Handles Roots              1 us, workers (us):   1, 
[53.315s][info][gc,stats      ]     S: Synchronizer Roots             1 us, workers (us):   1, 
[53.315s][info][gc,stats      ]     S: Management Roots               1 us, workers (us):   1, 
[53.315s][info][gc,stats      ]     S: System Dict Roots             10 us, workers (us):  10, 
[53.315s][info][gc,stats      ]     S: CLDG Roots                   535 us, workers (us): 535, 
[53.315s][info][gc,stats      ]     S: JVMTI Roots                    1 us, workers (us):   1, 
[53.315s][info][gc,stats      ]   Resize TLABs                       15 us
[53.315s][info][gc,stats      ] Concurrent Marking               134789 us
[53.315s][info][gc,stats      ] Pause Final Mark (G)                581 us
[53.315s][info][gc,stats      ] Pause Final Mark (N)                425 us
[53.315s][info][gc,stats      ]   Finish Queues                      14 us
[53.315s][info][gc,stats      ]   System Purge                      299 us
[53.315s][info][gc,stats      ]     Weak Roots                      299 us
[53.315s][info][gc,stats      ]   Update Region States               46 us
[53.315s][info][gc,stats      ]   Retire TLABs                       25 us
[53.315s][info][gc,stats      ]   Choose Collection Set              24 us
[53.315s][info][gc,stats      ]   Rebuild Free Set                   11 us
[53.315s][info][gc,stats      ] Concurrent Cleanup                  105 us
[53.315s][info][gc,stats      ] Pacing                            98948 us
[53.315s][info][gc,stats      ] 
[53.315s][info][gc,stats      ] Allocation pacing accrued:
[53.315s][info][gc,stats      ]      26 of   434 ms (  5.9%): driver-heartbeater
[53.315s][info][gc,stats      ]      13 of   434 ms (  2.9%): Spark Context Cleaner
[53.315s][info][gc,stats      ]      61 of   434 ms ( 14.0%): Executor task launch worker for task 0.0 in stage 19.0 (TID 19)
[53.315s][info][gc,stats      ]      99 of   434 ms ( 22.8%): <total>
[53.315s][info][gc,stats      ]       1 of   434 ms (  0.1%): <average total>
[53.315s][info][gc,stats      ]      33 of   434 ms (  7.6%): <average non-zero>
[53.315s][info][gc,stats      ] 
[53.315s][info][gc,metaspace  ] Metaspace: 60658K->60662K(1103872K)
[53.315s][info][gc,ergo       ] Pacer for Idle. Initial: 15360K, Alloc Tax Rate: 1.0x
[53.667s][info][gc            ] Trigger: Average GC time (149.20 ms) is above the time for allocation rate (785 MB/s) to deplete free headroom (116M)
[53.667s][info][gc,ergo       ] Free headroom: 153M (free) - 38400K (spike) - 0B (penalties) = 116M
[53.667s][info][gc,ergo       ] Free: 153M, Max: 256K regular, 142M humongous, Frag: 8% external, 1% internal; Reserve: 38400K, Max: 256K
[53.667s][info][gc,start      ] GC(84) Concurrent reset
[53.667s][info][gc,task       ] GC(84) Using 1 of 1 workers for concurrent reset
[53.667s][info][gc,ergo       ] GC(84) Pacer for Reset. Non-Taxable: 750M
[53.667s][info][gc            ] GC(84) Concurrent reset 0.355ms
[53.674s][info][gc,start      ] GC(84) Pause Init Mark
[53.674s][info][gc,task       ] GC(84) Using 1 of 1 workers for init marking
[53.676s][info][gc,ergo       ] GC(84) Pacer for Mark. Expected Live: 167M, Free: 153M, Non-Taxable: 15768K, Alloc Tax Rate: 1.3x
[53.676s][info][gc            ] GC(84) Pause Init Mark 2.324ms
[53.676s][info][gc,start      ] GC(84) Concurrent marking
[53.676s][info][gc,task       ] GC(84) Using 1 of 1 workers for concurrent marking
[53.829s][info][gc            ] GC(84) Concurrent marking 152.904ms
[53.829s][info][gc,start      ] GC(84) Pause Final Mark
[53.829s][info][gc,task       ] GC(84) Using 1 of 1 workers for final marking
[53.830s][info][gc,ergo       ] GC(84) Collectable Garbage: 385M (98%), Immediate: 385M (98%), CSet: 0B (0%)
[53.830s][info][gc            ] GC(84) Pause Final Mark 0.420ms
[53.830s][info][gc,start      ] GC(84) Concurrent cleanup
[53.830s][info][gc            ] GC(84) Concurrent cleanup 558M->173M(571M) 0.114ms
[53.830s][info][gc,ergo       ] GC(84) Free: 538M, Max: 256K regular, 230M humongous, Frag: 58% external, 0% internal; Reserve: 38400K, Max: 256K
[53.830s][info][gc,ergo       ] Free: 538M, Max: 256K regular, 230M humongous, Frag: 58% external, 0% internal; Reserve: 38400K, Max: 256K
[53.830s][info][gc,stats      ] 
[53.830s][info][gc,stats      ] All times are wall-clock times, except per-root-class counters, that are sum over
[53.830s][info][gc,stats      ] all workers. Dividing the <total> over the root stage time estimates parallelism.
[53.830s][info][gc,stats      ] 
[53.830s][info][gc,stats      ] Concurrent Reset                    346 us
[53.830s][info][gc,stats      ] Pause Init Mark (G)                9080 us
[53.830s][info][gc,stats      ] Pause Init Mark (N)                2275 us
[53.830s][info][gc,stats      ]   Accumulate Stats                   20 us
[53.830s][info][gc,stats      ]   Make Parsable                      16 us
[53.830s][info][gc,stats      ]   Update Region States               52 us
[53.830s][info][gc,stats      ]   Scan Roots                       2131 us, parallelism: 0.87x
[53.830s][info][gc,stats      ]     S: <total>                     1856 us
[53.830s][info][gc,stats      ]     S: Thread Roots                1246 us, workers (us): 1246, 
[53.830s][info][gc,stats      ]     S: Universe Roots                 3 us, workers (us):   3, 
[53.830s][info][gc,stats      ]     S: JNI Handles Roots              2 us, workers (us):   2, 
[53.830s][info][gc,stats      ]     S: Synchronizer Roots             0 us, workers (us):   0, 
[53.830s][info][gc,stats      ]     S: Management Roots               1 us, workers (us):   1, 
[53.830s][info][gc,stats      ]     S: System Dict Roots             10 us, workers (us):  10, 
[53.830s][info][gc,stats      ]     S: CLDG Roots                   594 us, workers (us): 594, 
[53.830s][info][gc,stats      ]     S: JVMTI Roots                    1 us, workers (us):   1, 
[53.830s][info][gc,stats      ]   Resize TLABs                       15 us
[53.830s][info][gc,stats      ] Concurrent Marking               152895 us
[53.830s][info][gc,stats      ] Pause Final Mark (G)                574 us
[53.830s][info][gc,stats      ] Pause Final Mark (N)                409 us
[53.830s][info][gc,stats      ]   Finish Queues                      15 us
[53.830s][info][gc,stats      ]   System Purge                      257 us
[53.830s][info][gc,stats      ]     Weak Roots                      257 us
[53.830s][info][gc,stats      ]   Update Region States               44 us
[53.830s][info][gc,stats      ]   Retire TLABs                       21 us
[53.830s][info][gc,stats      ]   Choose Collection Set              51 us
[53.830s][info][gc,stats      ]   Rebuild Free Set                   13 us
[53.830s][info][gc,stats      ] Concurrent Cleanup                  107 us
[53.830s][info][gc,stats      ] Pacing                            37064 us
[53.830s][info][gc,stats      ] 
[53.830s][info][gc,stats      ] Allocation pacing accrued:
[53.830s][info][gc,stats      ]       8 of   515 ms (  1.6%): spark-listener-group-appStatus
[53.830s][info][gc,stats      ]       9 of   515 ms (  1.7%): spark-listener-group-executorManagement
[53.830s][info][gc,stats      ]      10 of   515 ms (  1.9%): spark-listener-group-shared
[53.830s][info][gc,stats      ]      10 of   515 ms (  1.9%): Executor task launch worker for task 0.0 in stage 20.0 (TID 20)
[53.830s][info][gc,stats      ]      37 of   515 ms (  7.2%): <total>
[53.830s][info][gc,stats      ]       0 of   515 ms (  0.0%): <average total>
[53.830s][info][gc,stats      ]       9 of   515 ms (  1.8%): <average non-zero>
[53.830s][info][gc,stats      ] 
[53.830s][info][gc,metaspace  ] Metaspace: 60686K->60703K(1103872K)
[53.830s][info][gc,ergo       ] Pacer for Idle. Initial: 15360K, Alloc Tax Rate: 1.0x
[53.832s][info][gc            ] Trigger: Explicit GC request (System.gc())
[53.832s][info][gc,ergo       ] Free: 538M, Max: 256K regular, 230M humongous, Frag: 58% external, 0% internal; Reserve: 38400K, Max: 256K
[53.832s][info][gc,start      ] GC(85) Concurrent reset
[53.832s][info][gc,task       ] GC(85) Using 1 of 1 workers for concurrent reset
[53.832s][info][gc,ergo       ] GC(85) Pacer for Reset. Non-Taxable: 750M
[53.832s][info][gc            ] GC(85) Concurrent reset 0.331ms
[53.832s][info][gc,start      ] GC(85) Pause Init Mark (process weakrefs) (unload classes)
[53.832s][info][gc,task       ] GC(85) Using 1 of 1 workers for init marking
[53.833s][info][gc,ergo       ] GC(85) Pacer for Mark. Expected Live: 167M, Free: 538M, Non-Taxable: 55108K, Alloc Tax Rate: 0.4x
[53.834s][info][gc            ] GC(85) Pause Init Mark (process weakrefs) (unload classes) 1.111ms
[53.834s][info][gc,start      ] GC(85) Concurrent marking (process weakrefs) (unload classes)
[53.834s][info][gc,task       ] GC(85) Using 1 of 1 workers for concurrent marking
[53.934s][info][gc            ] GC(85) Concurrent marking (process weakrefs) (unload classes) 100.576ms
[53.934s][info][gc,start      ] GC(85) Concurrent precleaning
[53.934s][info][gc,task       ] GC(85) Using 1 of 1 workers for concurrent preclean
[53.934s][info][gc,ergo       ] GC(85) Pacer for Precleaning. Non-Taxable: 750M
[53.934s][info][gc            ] GC(85) Concurrent precleaning 0.308ms
[53.935s][info][gc,start      ] GC(85) Pause Final Mark (process weakrefs) (unload classes)
[53.935s][info][gc,task       ] GC(85) Using 1 of 1 workers for final marking
[53.960s][info][gc,stringtable] GC(85) Cleaned string and symbol table, strings: 18584 processed, 0 removed, symbols: 131967 processed, 200 removed
[53.961s][info][gc,ergo       ] GC(85) Adaptive CSet Selection. Target Free: 106M, Actual Free: 575M, Max CSet: 32000K, Min Garbage: 0B
[53.961s][info][gc,ergo       ] GC(85) Collectable Garbage: 4883K (67%), Immediate: 0B (0%), CSet: 4883K (67%)
[53.963s][info][gc,ergo       ] GC(85) Pacer for Evacuation. Used CSet: 5120K, Free: 538M, Non-Taxable: 55108K, Alloc Tax Rate: 1.1x
[53.963s][info][gc            ] GC(85) Pause Final Mark (process weakrefs) (unload classes) 28.380ms
[53.963s][info][gc,start      ] GC(85) Concurrent cleanup
[53.963s][info][gc            ] GC(85) Concurrent cleanup 173M->173M(571M) 0.060ms
[53.963s][info][gc,ergo       ] GC(85) Free: 538M, Max: 256K regular, 230M humongous, Frag: 58% external, 0% internal; Reserve: 38273K, Max: 256K
[53.963s][info][gc,start      ] GC(85) Concurrent evacuation
[53.963s][info][gc,task       ] GC(85) Using 1 of 1 workers for concurrent evacuation
[53.965s][info][gc            ] GC(85) Concurrent evacuation 2.242ms
[53.969s][info][gc,start      ] GC(85) Pause Init Update Refs
[53.969s][info][gc,ergo       ] GC(85) Pacer for Update Refs. Used: 173M, Free: 538M, Non-Taxable: 55104K, Alloc Tax Rate: 1.1x
[53.969s][info][gc            ] GC(85) Pause Init Update Refs 0.059ms
[53.969s][info][gc,start      ] GC(85) Concurrent update references
[53.969s][info][gc,task       ] GC(85) Using 1 of 1 workers for concurrent reference update
[54.079s][info][gc            ] GC(85) Concurrent update references 109.904ms
[54.079s][info][gc,start      ] GC(85) Pause Final Update Refs
[54.079s][info][gc,task       ] GC(85) Using 1 of 1 workers for final reference update
[54.080s][info][gc            ] GC(85) Pause Final Update Refs 0.554ms
[54.080s][info][gc,start      ] GC(85) Concurrent cleanup
[54.080s][info][gc            ] GC(85) Concurrent cleanup 177M->172M(571M) 0.060ms
[54.080s][info][gc,ergo       ] Free: 538M, Max: 256K regular, 245M humongous, Frag: 55% external, 0% internal; Reserve: 38400K, Max: 256K
[54.080s][info][gc,stats      ] 
[54.080s][info][gc,stats      ] All times are wall-clock times, except per-root-class counters, that are sum over
[54.080s][info][gc,stats      ] all workers. Dividing the <total> over the root stage time estimates parallelism.
[54.080s][info][gc,stats      ] 
[54.080s][info][gc,stats      ] Concurrent Reset                    321 us
[54.080s][info][gc,stats      ] Pause Init Mark (G)                1421 us
[54.080s][info][gc,stats      ] Pause Init Mark (N)                1095 us
[54.080s][info][gc,stats      ]   Accumulate Stats                   21 us
[54.080s][info][gc,stats      ]   Make Parsable                      13 us
[54.080s][info][gc,stats      ]   Update Region States               32 us
[54.080s][info][gc,stats      ]   Scan Roots                        983 us, parallelism: 0.62x
[54.080s][info][gc,stats      ]     S: <total>                      612 us
[54.080s][info][gc,stats      ]     S: Thread Roots                 496 us, workers (us): 496, 
[54.080s][info][gc,stats      ]     S: Universe Roots                 2 us, workers (us):   2, 
[54.080s][info][gc,stats      ]     S: JNI Handles Roots              2 us, workers (us):   2, 
[54.080s][info][gc,stats      ]     S: Synchronizer Roots             1 us, workers (us):   1, 
[54.080s][info][gc,stats      ]     S: Management Roots               2 us, workers (us):   2, 
[54.080s][info][gc,stats      ]     S: System Dict Roots             11 us, workers (us):  11, 
[54.080s][info][gc,stats      ]     S: CLDG Roots                    99 us, workers (us):  99, 
[54.080s][info][gc,stats      ]     S: JVMTI Roots                    1 us, workers (us):   1, 
[54.080s][info][gc,stats      ]   Resize TLABs                       10 us
[54.080s][info][gc,stats      ] Concurrent Marking               100568 us
[54.080s][info][gc,stats      ] Concurrent Precleaning              299 us
[54.080s][info][gc,stats      ] Pause Final Mark (G)              28563 us
[54.080s][info][gc,stats      ] Pause Final Mark (N)              28370 us
[54.080s][info][gc,stats      ]   Finish Queues                     113 us
[54.080s][info][gc,stats      ]   Weak References                    48 us
[54.080s][info][gc,stats      ]     Process                          46 us
[54.080s][info][gc,stats      ]   System Purge                      285 us
[54.080s][info][gc,stats      ]     Unload Classes                 1276 us
[54.080s][info][gc,stats      ]     Cleanup                       24035 us, parallelism: 1.00x
[54.080s][info][gc,stats      ]       CU: <total>                 23930 us
[54.080s][info][gc,stats      ]       CU: Code Cache Roots         8713 us, workers (us): 8713, 
[54.080s][info][gc,stats      ]       CU: Code Cache Cleaning      1656 us, workers (us): 1656, 
[54.080s][info][gc,stats      ]       CU: String Table Roots       7193 us, workers (us): 7193, 
[54.080s][info][gc,stats      ]       CU: Resolved Table Roots      136 us, workers (us): 136, 
[54.080s][info][gc,stats      ]       CU: CLDG Roots               6233 us, workers (us): 6233, 
[54.080s][info][gc,stats      ]     Weak Roots                      285 us
[54.080s][info][gc,stats      ]     CLDG                            297 us
[54.080s][info][gc,stats      ]   Update Region States               51 us
[54.080s][info][gc,stats      ]   Retire TLABs                       47 us
[54.080s][info][gc,stats      ]   Choose Collection Set              80 us
[54.080s][info][gc,stats      ]   Rebuild Free Set                   10 us
[54.080s][info][gc,stats      ]   Initial Evacuation               2118 us, parallelism: 0.67x
[54.080s][info][gc,stats      ]     E: <total>                     1421 us
[54.080s][info][gc,stats      ]     E: Thread Roots                 555 us, workers (us): 555, 
[54.080s][info][gc,stats      ]     E: Code Cache Roots             356 us, workers (us): 356, 
[54.080s][info][gc,stats      ]     E: Universe Roots                 3 us, workers (us):   3, 
[54.080s][info][gc,stats      ]     E: JNI Handles Roots              1 us, workers (us):   1, 
[54.080s][info][gc,stats      ]     E: Synchronizer Roots             0 us, workers (us):   0, 
[54.080s][info][gc,stats      ]     E: Management Roots               2 us, workers (us):   2, 
[54.080s][info][gc,stats      ]     E: System Dict Roots             11 us, workers (us):  11, 
[54.080s][info][gc,stats      ]     E: CLDG Roots                   492 us, workers (us): 492, 
[54.080s][info][gc,stats      ]     E: JVMTI Roots                    1 us, workers (us):   1, 
[54.080s][info][gc,stats      ] Concurrent Cleanup                   51 us
[54.080s][info][gc,stats      ] Concurrent Evacuation              2233 us
[54.080s][info][gc,stats      ] Pause Init  Update Refs (G)        3306 us
[54.080s][info][gc,stats      ] Pause Init  Update Refs (N)          21 us
[54.080s][info][gc,stats      ]   Retire GCLABs                      10 us
[54.080s][info][gc,stats      ] Concurrent Update Refs           109889 us
[54.080s][info][gc,stats      ] Pause Final Update Refs (G)         945 us
[54.080s][info][gc,stats      ] Pause Final Update Refs (N)         536 us
[54.080s][info][gc,stats      ]   Update Roots                      470 us, parallelism: 0.98x
[54.080s][info][gc,stats      ]     UR: <total>                     460 us
[54.080s][info][gc,stats      ]     UR: Thread Roots                460 us, workers (us): 460, 
[54.080s][info][gc,stats      ]   Update Region States               47 us
[54.080s][info][gc,stats      ]   Trash Collection Set                2 us
[54.080s][info][gc,stats      ]   Rebuild Free Set                   10 us
[54.080s][info][gc,stats      ] Concurrent Cleanup                   51 us
[54.080s][info][gc,stats      ] 
[54.080s][info][gc,stats      ] Allocation pacing accrued:
[54.080s][info][gc,stats      ]       0 of   250 ms (  0.0%): <total>
[54.080s][info][gc,stats      ]       0 of   250 ms (  0.0%): <average total>
[54.080s][info][gc,stats      ] 
[54.080s][info][gc,metaspace  ] Metaspace: 60703K->60332K(1103872K)
[54.080s][info][gc,ergo       ] Pacer for Idle. Initial: 15360K, Alloc Tax Rate: 1.0x
[54.080s][info][gc,start      ] Concurrent uncommit
[54.099s][info][gc            ] Concurrent uncommit 172M->172M(174M) 18.414ms
[54.215s][info][gc            ] Trigger: Learning 2 of 5. Free (524M) is below initial threshold (525M)
[54.215s][info][gc,ergo       ] Free: 524M, Max: 256K regular, 245M humongous, Frag: 54% external, 0% internal; Reserve: 38400K, Max: 256K
[54.215s][info][gc,start      ] GC(86) Concurrent reset
[54.215s][info][gc,task       ] GC(86) Using 1 of 1 workers for concurrent reset
[54.215s][info][gc,ergo       ] GC(86) Pacer for Reset. Non-Taxable: 750M
[54.215s][info][gc            ] GC(86) Concurrent reset 0.367ms
[54.216s][info][gc,start      ] GC(86) Pause Init Mark
[54.216s][info][gc,task       ] GC(86) Using 1 of 1 workers for init marking
[54.218s][info][gc,ergo       ] GC(86) Pacer for Mark. Expected Live: 167M, Free: 524M, Non-Taxable: 53752K, Alloc Tax Rate: 0.4x
[54.218s][info][gc            ] GC(86) Pause Init Mark 2.078ms
[54.218s][info][gc,start      ] GC(86) Concurrent marking
[54.218s][info][gc,task       ] GC(86) Using 1 of 1 workers for concurrent marking
[54.587s][info][gc            ] GC(86) Concurrent marking 368.517ms
[54.587s][info][gc,start      ] GC(86) Pause Final Mark
[54.587s][info][gc,task       ] GC(86) Using 1 of 1 workers for final marking
[54.588s][info][gc,ergo       ] GC(86) Adaptive CSet Selection. Target Free: 106M, Actual Free: 502M, Max CSet: 32000K, Min Garbage: 0B
[54.588s][info][gc,ergo       ] GC(86) Collectable Garbage: 15945K (86%), Immediate: 8394K (45%), CSet: 7550K (41%)
[54.590s][info][gc,ergo       ] GC(86) Pacer for Evacuation. Used CSet: 8141K, Free: 468M, Non-Taxable: 47968K, Alloc Tax Rate: 1.1x
[54.590s][info][gc            ] GC(86) Pause Final Mark 3.063ms
[54.590s][info][gc,start      ] GC(86) Concurrent cleanup
[54.590s][info][gc            ] GC(86) Concurrent cleanup 250M->241M(255M) 0.061ms
[54.590s][info][gc,ergo       ] GC(86) Free: 468M, Max: 256K regular, 245M humongous, Frag: 48% external, 2% internal; Reserve: 38337K, Max: 256K
[54.590s][info][gc,start      ] GC(86) Concurrent evacuation
[54.590s][info][gc,task       ] GC(86) Using 1 of 1 workers for concurrent evacuation
[54.594s][info][gc            ] GC(86) Concurrent evacuation 3.641ms
[54.601s][info][gc,start      ] GC(86) Pause Init Update Refs
[54.602s][info][gc,ergo       ] GC(86) Pacer for Update Refs. Used: 245M, Free: 465M, Non-Taxable: 47661K, Alloc Tax Rate: 1.1x
[54.602s][info][gc            ] GC(86) Pause Init Update Refs 0.069ms
[54.602s][info][gc,start      ] GC(86) Concurrent update references
[54.602s][info][gc,task       ] GC(86) Using 1 of 1 workers for concurrent reference update
[54.915s][info][gc            ] GC(86) Concurrent update references 313.430ms
[54.918s][info][gc,start      ] GC(86) Pause Final Update Refs
[54.918s][info][gc,task       ] GC(86) Using 1 of 1 workers for final reference update
[54.919s][info][gc            ] GC(86) Pause Final Update Refs 1.493ms
[54.921s][info][gc,start      ] GC(86) Concurrent cleanup
[54.921s][info][gc            ] GC(86) Concurrent cleanup 341M->334M(344M) 0.276ms
[54.921s][info][gc,ergo       ] Free: 376M, Max: 256K regular, 184M humongous, Frag: 51% external, 1% internal; Reserve: 38400K, Max: 256K
[54.921s][info][gc,stats      ] 
[54.921s][info][gc,stats      ] All times are wall-clock times, except per-root-class counters, that are sum over
[54.921s][info][gc,stats      ] all workers. Dividing the <total> over the root stage time estimates parallelism.
[54.921s][info][gc,stats      ] 
[54.921s][info][gc,stats      ] Concurrent Reset                    356 us
[54.921s][info][gc,stats      ] Pause Init Mark (G)                3091 us
[54.921s][info][gc,stats      ] Pause Init Mark (N)                2041 us
[54.921s][info][gc,stats      ]   Accumulate Stats                   25 us
[54.921s][info][gc,stats      ]   Make Parsable                      22 us
[54.921s][info][gc,stats      ]   Update Region States               51 us
[54.921s][info][gc,stats      ]   Scan Roots                       1866 us, parallelism: 0.82x
[54.921s][info][gc,stats      ]     S: <total>                     1531 us
[54.921s][info][gc,stats      ]     S: Thread Roots                 827 us, workers (us): 827, 
[54.921s][info][gc,stats      ]     S: Universe Roots                 2 us, workers (us):   2, 
[54.921s][info][gc,stats      ]     S: JNI Handles Roots              1 us, workers (us):   1, 
[54.921s][info][gc,stats      ]     S: Synchronizer Roots             0 us, workers (us):   0, 
[54.921s][info][gc,stats      ]     S: Management Roots               2 us, workers (us):   2, 
[54.921s][info][gc,stats      ]     S: System Dict Roots             12 us, workers (us):  12, 
[54.921s][info][gc,stats      ]     S: CLDG Roots                   686 us, workers (us): 686, 
[54.921s][info][gc,stats      ]     S: JVMTI Roots                    1 us, workers (us):   1, 
[54.921s][info][gc,stats      ]   Resize TLABs                       22 us
[54.921s][info][gc,stats      ] Concurrent Marking               368507 us
[54.921s][info][gc,stats      ] Pause Final Mark (G)               3241 us
[54.921s][info][gc,stats      ] Pause Final Mark (N)               3045 us
[54.921s][info][gc,stats      ]   Finish Queues                      22 us
[54.921s][info][gc,stats      ]   System Purge                      317 us
[54.921s][info][gc,stats      ]     Weak Roots                      317 us
[54.921s][info][gc,stats      ]   Update Region States               61 us
[54.921s][info][gc,stats      ]   Retire TLABs                       35 us
[54.921s][info][gc,stats      ]   Choose Collection Set             109 us
[54.921s][info][gc,stats      ]   Rebuild Free Set                   11 us
[54.921s][info][gc,stats      ]   Initial Evacuation               2481 us, parallelism: 0.62x
[54.921s][info][gc,stats      ]     E: <total>                     1545 us
[54.921s][info][gc,stats      ]     E: Thread Roots                 586 us, workers (us): 586, 
[54.921s][info][gc,stats      ]     E: Code Cache Roots             354 us, workers (us): 354, 
[54.921s][info][gc,stats      ]     E: Universe Roots                 1 us, workers (us):   1, 
[54.921s][info][gc,stats      ]     E: JNI Handles Roots              1 us, workers (us):   1, 
[54.921s][info][gc,stats      ]     E: Synchronizer Roots             0 us, workers (us):   0, 
[54.921s][info][gc,stats      ]     E: Management Roots               2 us, workers (us):   2, 
[54.921s][info][gc,stats      ]     E: System Dict Roots             10 us, workers (us):  10, 
[54.921s][info][gc,stats      ]     E: CLDG Roots                   590 us, workers (us): 590, 
[54.922s][info][gc,stats      ]     E: JVMTI Roots                    1 us, workers (us):   1, 
[54.922s][info][gc,stats      ] Concurrent Cleanup                   53 us
[54.922s][info][gc,stats      ] Concurrent Evacuation              3631 us
[54.922s][info][gc,stats      ] Pause Init  Update Refs (G)        7522 us
[54.922s][info][gc,stats      ] Pause Init  Update Refs (N)          20 us
[54.922s][info][gc,stats      ]   Retire GCLABs                      11 us
[54.922s][info][gc,stats      ] Concurrent Update Refs           313409 us
[54.922s][info][gc,stats      ] Pause Final Update Refs (G)        5735 us
[54.922s][info][gc,stats      ] Pause Final Update Refs (N)        1335 us
[54.922s][info][gc,stats      ]   Update Roots                     1168 us, parallelism: 0.97x
[54.922s][info][gc,stats      ]     UR: <total>                    1134 us
[54.922s][info][gc,stats      ]     UR: Thread Roots               1134 us, workers (us): 1134, 
[54.922s][info][gc,stats      ]   Update Region States               98 us
[54.922s][info][gc,stats      ]   Trash Collection Set                5 us
[54.922s][info][gc,stats      ]   Rebuild Free Set                   30 us
[54.922s][info][gc,stats      ] Concurrent Cleanup                   77 us
[54.922s][info][gc,stats      ] 
[54.922s][info][gc,stats      ] Allocation pacing accrued:
[54.922s][info][gc,stats      ]       0 of   841 ms (  0.0%): <total>
[54.922s][info][gc,stats      ]       0 of   841 ms (  0.0%): <average total>
[54.922s][info][gc,stats      ] 
[54.922s][info][gc,metaspace  ] Metaspace: 60529K->60733K(1103872K)
[54.922s][info][gc,ergo       ] Pacer for Idle. Initial: 15360K, Alloc Tax Rate: 1.0x
[54.923s][info][gc            ] Trigger: Learning 3 of 5. Free (375M) is below initial threshold (525M)
[54.923s][info][gc,ergo       ] Free: 375M, Max: 256K regular, 184M humongous, Frag: 51% external, 1% internal; Reserve: 38400K, Max: 256K
[54.923s][info][gc,start      ] GC(87) Concurrent reset
[54.923s][info][gc,task       ] GC(87) Using 1 of 1 workers for concurrent reset
[54.923s][info][gc,ergo       ] GC(87) Pacer for Reset. Non-Taxable: 750M
[54.929s][info][gc            ] GC(87) Concurrent reset 6.104ms
[54.932s][info][gc,start      ] GC(87) Pause Init Mark
[54.932s][info][gc,task       ] GC(87) Using 1 of 1 workers for init marking
[54.934s][info][gc,ergo       ] GC(87) Pacer for Mark. Expected Live: 166M, Free: 368M, Non-Taxable: 37751K, Alloc Tax Rate: 0.6x
[54.934s][info][gc            ] GC(87) Pause Init Mark 1.684ms
[54.934s][info][gc,start      ] GC(87) Concurrent marking
[54.934s][info][gc,task       ] GC(87) Using 1 of 1 workers for concurrent marking
[55.110s][info][gc            ] GC(87) Concurrent marking 176.136ms
[55.110s][info][gc,start      ] GC(87) Pause Final Mark
[55.110s][info][gc,task       ] GC(87) Using 1 of 1 workers for final marking
[55.111s][info][gc,ergo       ] GC(87) Collectable Garbage: 164M (94%), Immediate: 164M (94%), CSet: 0B (0%)
[55.111s][info][gc            ] GC(87) Pause Final Mark 0.424ms
[55.111s][info][gc,start      ] GC(87) Concurrent cleanup
[55.111s][info][gc            ] GC(87) Concurrent cleanup 398M->233M(401M) 0.081ms
[55.111s][info][gc,ergo       ] GC(87) Free: 478M, Max: 256K regular, 142M humongous, Frag: 71% external, 0% internal; Reserve: 38400K, Max: 256K
[55.111s][info][gc,ergo       ] Free: 478M, Max: 256K regular, 142M humongous, Frag: 71% external, 0% internal; Reserve: 38400K, Max: 256K
[55.111s][info][gc,stats      ] 
[55.111s][info][gc,stats      ] All times are wall-clock times, except per-root-class counters, that are sum over
[55.111s][info][gc,stats      ] all workers. Dividing the <total> over the root stage time estimates parallelism.
[55.111s][info][gc,stats      ] 
[55.111s][info][gc,stats      ] Concurrent Reset                   6093 us
[55.111s][info][gc,stats      ] Pause Init Mark (G)                5020 us
[55.111s][info][gc,stats      ] Pause Init Mark (N)                1657 us
[55.111s][info][gc,stats      ]   Accumulate Stats                   24 us
[55.111s][info][gc,stats      ]   Make Parsable                      15 us
[55.111s][info][gc,stats      ]   Update Region States               39 us
[55.111s][info][gc,stats      ]   Scan Roots                       1524 us, parallelism: 0.81x
[55.111s][info][gc,stats      ]     S: <total>                     1234 us
[55.111s][info][gc,stats      ]     S: Thread Roots                 648 us, workers (us): 648, 
[55.111s][info][gc,stats      ]     S: Universe Roots                 2 us, workers (us):   2, 
[55.111s][info][gc,stats      ]     S: JNI Handles Roots              2 us, workers (us):   2, 
[55.111s][info][gc,stats      ]     S: Synchronizer Roots             0 us, workers (us):   0, 
[55.111s][info][gc,stats      ]     S: Management Roots               1 us, workers (us):   1, 
[55.111s][info][gc,stats      ]     S: System Dict Roots             11 us, workers (us):  11, 
[55.111s][info][gc,stats      ]     S: CLDG Roots                   569 us, workers (us): 569, 
[55.111s][info][gc,stats      ]     S: JVMTI Roots                    1 us, workers (us):   1, 
[55.111s][info][gc,stats      ]   Resize TLABs                       16 us
[55.111s][info][gc,stats      ] Concurrent Marking               176127 us
[55.111s][info][gc,stats      ] Pause Final Mark (G)                579 us
[55.111s][info][gc,stats      ] Pause Final Mark (N)                414 us
[55.111s][info][gc,stats      ]   Finish Queues                      14 us
[55.111s][info][gc,stats      ]   System Purge                      283 us
[55.111s][info][gc,stats      ]     Weak Roots                      283 us
[55.111s][info][gc,stats      ]   Update Region States               47 us
[55.111s][info][gc,stats      ]   Retire TLABs                       27 us
[55.111s][info][gc,stats      ]   Choose Collection Set              23 us
[55.111s][info][gc,stats      ]   Rebuild Free Set                   13 us
[55.111s][info][gc,stats      ] Concurrent Cleanup                   74 us
[55.111s][info][gc,stats      ] Pacing                            24641 us
[55.111s][info][gc,stats      ] 
[55.111s][info][gc,stats      ] Allocation pacing accrued:
[55.111s][info][gc,stats      ]      25 of   189 ms ( 13.0%): Executor task launch worker for task 0.0 in stage 22.0 (TID 22)
[55.111s][info][gc,stats      ]      25 of   189 ms ( 13.0%): <total>
[55.111s][info][gc,stats      ]       0 of   189 ms (  0.1%): <average total>
[55.111s][info][gc,stats      ]      25 of   189 ms ( 13.0%): <average non-zero>
[55.111s][info][gc,stats      ] 
[55.111s][info][gc,metaspace  ] Metaspace: 60733K->60733K(1103872K)
[55.111s][info][gc,ergo       ] Pacer for Idle. Initial: 15360K, Alloc Tax Rate: 1.0x
[55.112s][info][gc            ] Trigger: Learning 4 of 5. Free (478M) is below initial threshold (525M)
[55.112s][info][gc,ergo       ] Free: 478M, Max: 256K regular, 142M humongous, Frag: 71% external, 0% internal; Reserve: 38400K, Max: 256K
[55.112s][info][gc,start      ] GC(88) Concurrent reset
[55.112s][info][gc,task       ] GC(88) Using 1 of 1 workers for concurrent reset
[55.112s][info][gc,ergo       ] GC(88) Pacer for Reset. Non-Taxable: 750M
[55.112s][info][gc            ] GC(88) Concurrent reset 0.288ms
[55.113s][info][gc,start      ] GC(88) Pause Init Mark
[55.113s][info][gc,task       ] GC(88) Using 1 of 1 workers for init marking
[55.114s][info][gc,ergo       ] GC(88) Pacer for Mark. Expected Live: 166M, Free: 478M, Non-Taxable: 48965K, Alloc Tax Rate: 0.4x
[55.114s][info][gc            ] GC(88) Pause Init Mark 1.624ms
[55.114s][info][gc,start      ] GC(88) Concurrent marking
[55.114s][info][gc,task       ] GC(88) Using 1 of 1 workers for concurrent marking
[55.281s][info][gc            ] GC(88) Concurrent marking 166.595ms
[55.282s][info][gc,start      ] GC(88) Pause Final Mark
[55.282s][info][gc,task       ] GC(88) Using 1 of 1 workers for final marking
[55.282s][info][gc,ergo       ] GC(88) Adaptive CSet Selection. Target Free: 106M, Actual Free: 498M, Max CSet: 32000K, Min Garbage: 0B
[55.282s][info][gc,ergo       ] GC(88) Collectable Garbage: 65208K (96%), Immediate: 58112K (85%), CSet: 7096K (10%)
[55.285s][info][gc,ergo       ] GC(88) Pacer for Evacuation. Used CSet: 7927K, Free: 461M, Non-Taxable: 47223K, Alloc Tax Rate: 1.1x
[55.285s][info][gc            ] GC(88) Pause Final Mark 3.155ms
[55.285s][info][gc,start      ] GC(88) Concurrent cleanup
[55.285s][info][gc            ] GC(88) Concurrent cleanup 307M->250M(401M) 0.068ms
[55.285s][info][gc,ergo       ] GC(88) Free: 461M, Max: 256K regular, 142M humongous, Frag: 70% external, 0% internal; Reserve: 38273K, Max: 256K
[55.285s][info][gc,start      ] GC(88) Concurrent evacuation
[55.285s][info][gc,task       ] GC(88) Using 1 of 1 workers for concurrent evacuation
[55.286s][info][gc            ] GC(88) Concurrent evacuation 0.845ms
[55.286s][info][gc,start      ] GC(88) Pause Init Update Refs
[55.286s][info][gc,ergo       ] GC(88) Pacer for Update Refs. Used: 251M, Free: 461M, Non-Taxable: 47223K, Alloc Tax Rate: 1.1x
[55.286s][info][gc            ] GC(88) Pause Init Update Refs 0.029ms
[55.286s][info][gc,start      ] GC(88) Concurrent update references
[55.286s][info][gc,task       ] GC(88) Using 1 of 1 workers for concurrent reference update
[55.550s][info][gc            ] GC(88) Concurrent update references 263.678ms
[55.553s][info][gc,start      ] GC(88) Pause Final Update Refs
[55.553s][info][gc,task       ] GC(88) Using 1 of 1 workers for final reference update
[55.554s][info][gc            ] GC(88) Pause Final Update Refs 0.622ms
[55.557s][info][gc,start      ] GC(88) Concurrent cleanup
[55.557s][info][gc            ] GC(88) Concurrent cleanup 378M->374M(402M) 0.077ms
[55.557s][info][gc,ergo       ] Free: 337M, Max: 256K regular, 149M humongous, Frag: 56% external, 0% internal; Reserve: 38400K, Max: 256K
[55.557s][info][gc,stats      ] 
[55.557s][info][gc,stats      ] All times are wall-clock times, except per-root-class counters, that are sum over
[55.557s][info][gc,stats      ] all workers. Dividing the <total> over the root stage time estimates parallelism.
[55.557s][info][gc,stats      ] 
[55.557s][info][gc,stats      ] Concurrent Reset                    280 us
[55.557s][info][gc,stats      ] Pause Init Mark (G)                1962 us
[55.557s][info][gc,stats      ] Pause Init Mark (N)                1612 us
[55.557s][info][gc,stats      ]   Accumulate Stats                   22 us
[55.557s][info][gc,stats      ]   Make Parsable                      15 us
[55.557s][info][gc,stats      ]   Update Region States               34 us
[55.557s][info][gc,stats      ]   Scan Roots                       1483 us, parallelism: 0.82x
[55.557s][info][gc,stats      ]     S: <total>                     1210 us
[55.557s][info][gc,stats      ]     S: Thread Roots                 583 us, workers (us): 583, 
[55.557s][info][gc,stats      ]     S: Universe Roots                 3 us, workers (us):   3, 
[55.557s][info][gc,stats      ]     S: JNI Handles Roots              2 us, workers (us):   2, 
[55.557s][info][gc,stats      ]     S: Synchronizer Roots             0 us, workers (us):   0, 
[55.557s][info][gc,stats      ]     S: Management Roots               1 us, workers (us):   1, 
[55.557s][info][gc,stats      ]     S: System Dict Roots             11 us, workers (us):  11, 
[55.557s][info][gc,stats      ]     S: CLDG Roots                   610 us, workers (us): 610, 
[55.557s][info][gc,stats      ]     S: JVMTI Roots                    0 us, workers (us):   0, 
[55.557s][info][gc,stats      ]   Resize TLABs                       24 us
[55.557s][info][gc,stats      ] Concurrent Marking               166586 us
[55.557s][info][gc,stats      ] Pause Final Mark (G)               3432 us
[55.557s][info][gc,stats      ] Pause Final Mark (N)               3126 us
[55.557s][info][gc,stats      ]   Finish Queues                      32 us
[55.557s][info][gc,stats      ]   System Purge                      282 us
[55.557s][info][gc,stats      ]     Weak Roots                      282 us
[55.557s][info][gc,stats      ]   Update Region States               52 us
[55.557s][info][gc,stats      ]   Retire TLABs                       29 us
[55.557s][info][gc,stats      ]   Choose Collection Set              95 us
[55.557s][info][gc,stats      ]   Rebuild Free Set                   20 us
[55.557s][info][gc,stats      ]   Initial Evacuation               2607 us, parallelism: 0.67x
[55.557s][info][gc,stats      ]     E: <total>                     1735 us
[55.557s][info][gc,stats      ]     E: Thread Roots                 659 us, workers (us): 659, 
[55.557s][info][gc,stats      ]     E: Code Cache Roots             397 us, workers (us): 397, 
[55.557s][info][gc,stats      ]     E: Universe Roots                 1 us, workers (us):   1, 
[55.557s][info][gc,stats      ]     E: JNI Handles Roots              1 us, workers (us):   1, 
[55.557s][info][gc,stats      ]     E: Synchronizer Roots             0 us, workers (us):   0, 
[55.557s][info][gc,stats      ]     E: Management Roots               2 us, workers (us):   2, 
[55.557s][info][gc,stats      ]     E: System Dict Roots             10 us, workers (us):  10, 
[55.557s][info][gc,stats      ]     E: CLDG Roots                   664 us, workers (us): 664, 
[55.557s][info][gc,stats      ]     E: JVMTI Roots                    1 us, workers (us):   1, 
[55.557s][info][gc,stats      ] Concurrent Cleanup                   60 us
[55.557s][info][gc,stats      ] Concurrent Evacuation               835 us
[55.557s][info][gc,stats      ] Pause Init  Update Refs (G)         343 us
[55.557s][info][gc,stats      ] Pause Init  Update Refs (N)          18 us
[55.557s][info][gc,stats      ]   Retire GCLABs                      11 us
[55.557s][info][gc,stats      ] Concurrent Update Refs           263663 us
[55.557s][info][gc,stats      ] Pause Final Update Refs (G)        7114 us
[55.557s][info][gc,stats      ] Pause Final Update Refs (N)         578 us
[55.557s][info][gc,stats      ]   Update Roots                      508 us, parallelism: 0.98x
[55.557s][info][gc,stats      ]     UR: <total>                     500 us
[55.557s][info][gc,stats      ]     UR: Thread Roots                500 us, workers (us): 500, 
[55.557s][info][gc,stats      ]   Update Region States               48 us
[55.557s][info][gc,stats      ]   Trash Collection Set                2 us
[55.557s][info][gc,stats      ]   Rebuild Free Set                   10 us
[55.557s][info][gc,stats      ] Concurrent Cleanup                   52 us
[55.557s][info][gc,stats      ] Pacing                            44363 us
[55.557s][info][gc,stats      ] 
[55.557s][info][gc,stats      ] Allocation pacing accrued:
[55.557s][info][gc,stats      ]      44 of   446 ms (  9.9%): Executor task launch worker for task 0.0 in stage 22.0 (TID 22)
[55.557s][info][gc,stats      ]      44 of   446 ms (  9.9%): <total>
[55.557s][info][gc,stats      ]       0 of   446 ms (  0.1%): <average total>
[55.557s][info][gc,stats      ]      44 of   446 ms (  9.9%): <average non-zero>
[55.557s][info][gc,stats      ] 
[55.557s][info][gc,metaspace  ] Metaspace: 60733K->60733K(1103872K)
[55.557s][info][gc,ergo       ] Pacer for Idle. Initial: 15360K, Alloc Tax Rate: 1.0x
[55.559s][info][gc            ] Trigger: Learning 5 of 5. Free (335M) is below initial threshold (525M)
[55.559s][info][gc,ergo       ] Free: 335M, Max: 256K regular, 149M humongous, Frag: 56% external, 0% internal; Reserve: 38400K, Max: 256K
[55.559s][info][gc,start      ] GC(89) Concurrent reset
[55.559s][info][gc,task       ] GC(89) Using 1 of 1 workers for concurrent reset
[55.559s][info][gc,ergo       ] GC(89) Pacer for Reset. Non-Taxable: 750M
[55.559s][info][gc            ] GC(89) Concurrent reset 0.294ms
[55.562s][info][gc,start      ] GC(89) Pause Init Mark
[55.562s][info][gc,task       ] GC(89) Using 1 of 1 workers for init marking
[55.563s][info][gc,ergo       ] GC(89) Pacer for Mark. Expected Live: 166M, Free: 335M, Non-Taxable: 34372K, Alloc Tax Rate: 0.6x
[55.563s][info][gc            ] GC(89) Pause Init Mark 1.637ms
[55.563s][info][gc,start      ] GC(89) Concurrent marking
[55.563s][info][gc,task       ] GC(89) Using 1 of 1 workers for concurrent marking
[55.729s][info][gc            ] GC(89) Concurrent marking 165.914ms
[55.729s][info][gc,start      ] GC(89) Pause Final Mark
[55.729s][info][gc,task       ] GC(89) Using 1 of 1 workers for final marking
[55.730s][info][gc,ergo       ] GC(89) Collectable Garbage: 205M (98%), Immediate: 205M (98%), CSet: 0B (0%)
[55.735s][info][gc            ] GC(89) Pause Final Mark 5.512ms
[55.740s][info][gc,start      ] GC(89) Concurrent cleanup
[55.740s][info][gc            ] GC(89) Concurrent cleanup 428M->228M(430M) 0.097ms
[55.740s][info][gc,ergo       ] GC(89) Free: 483M, Max: 256K regular, 142M humongous, Frag: 71% external, 0% internal; Reserve: 38400K, Max: 256K
[55.740s][info][gc,ergo       ] Free: 483M, Max: 256K regular, 142M humongous, Frag: 71% external, 0% internal; Reserve: 38400K, Max: 256K
[55.740s][info][gc,stats      ] 
[55.740s][info][gc,stats      ] All times are wall-clock times, except per-root-class counters, that are sum over
[55.740s][info][gc,stats      ] all workers. Dividing the <total> over the root stage time estimates parallelism.
[55.740s][info][gc,stats      ] 
[55.740s][info][gc,stats      ] Concurrent Reset                    287 us
[55.740s][info][gc,stats      ] Pause Init Mark (G)                3969 us
[55.740s][info][gc,stats      ] Pause Init Mark (N)                1607 us
[55.740s][info][gc,stats      ]   Accumulate Stats                   22 us
[55.740s][info][gc,stats      ]   Make Parsable                      15 us
[55.740s][info][gc,stats      ]   Update Region States               39 us
[55.740s][info][gc,stats      ]   Scan Roots                       1473 us, parallelism: 0.79x
[55.740s][info][gc,stats      ]     S: <total>                     1164 us
[55.740s][info][gc,stats      ]     S: Thread Roots                 593 us, workers (us): 593, 
[55.740s][info][gc,stats      ]     S: Universe Roots                 2 us, workers (us):   2, 
[55.740s][info][gc,stats      ]     S: JNI Handles Roots              1 us, workers (us):   1, 
[55.740s][info][gc,stats      ]     S: Synchronizer Roots             0 us, workers (us):   0, 
[55.740s][info][gc,stats      ]     S: Management Roots               2 us, workers (us):   2, 
[55.740s][info][gc,stats      ]     S: System Dict Roots             11 us, workers (us):  11, 
[55.740s][info][gc,stats      ]     S: CLDG Roots                   554 us, workers (us): 554, 
[55.740s][info][gc,stats      ]     S: JVMTI Roots                    1 us, workers (us):   1, 
[55.740s][info][gc,stats      ]   Resize TLABs                       17 us
[55.740s][info][gc,stats      ] Concurrent Marking               165904 us
[55.740s][info][gc,stats      ] Pause Final Mark (G)              10486 us
[55.740s][info][gc,stats      ] Pause Final Mark (N)               5498 us
[55.740s][info][gc,stats      ]   Finish Queues                      21 us
[55.740s][info][gc,stats      ]   System Purge                      267 us
[55.740s][info][gc,stats      ]     Weak Roots                      267 us
[55.740s][info][gc,stats      ]   Update Region States               47 us
[55.740s][info][gc,stats      ]   Retire TLABs                       17 us
[55.740s][info][gc,stats      ]   Choose Collection Set              17 us
[55.740s][info][gc,stats      ]   Rebuild Free Set                 5121 us
[55.740s][info][gc,stats      ] Concurrent Cleanup                   81 us
[55.740s][info][gc,stats      ] Pacing                            60588 us
[55.740s][info][gc,stats      ] 
[55.740s][info][gc,stats      ] Allocation pacing accrued:
[55.740s][info][gc,stats      ]      13 of   183 ms (  7.0%): RemoteBlock-temp-file-clean-thread
[55.740s][info][gc,stats      ]      48 of   183 ms ( 26.2%): Executor task launch worker for task 0.0 in stage 22.0 (TID 22)
[55.740s][info][gc,stats      ]      61 of   183 ms ( 33.2%): <total>
[55.740s][info][gc,stats      ]       0 of   183 ms (  0.2%): <average total>
[55.740s][info][gc,stats      ]      30 of   183 ms ( 16.6%): <average non-zero>
[55.740s][info][gc,stats      ] 
[55.740s][info][gc,metaspace  ] Metaspace: 60733K->60733K(1103872K)
[55.740s][info][gc,ergo       ] Pacer for Idle. Initial: 15360K, Alloc Tax Rate: 1.0x
[55.910s][info][gc            ] Trigger: Average GC time (353.67 ms) is above the time for allocation rate (716 MB/s) to deplete free headroom (252M)
[55.910s][info][gc,ergo       ] Free headroom: 289M (free) - 38400K (spike) - 0B (penalties) = 252M
[55.910s][info][gc,ergo       ] Free: 289M, Max: 256K regular, 142M humongous, Frag: 51% external, 0% internal; Reserve: 38400K, Max: 256K
[55.910s][info][gc,start      ] GC(90) Concurrent reset
[55.910s][info][gc,task       ] GC(90) Using 1 of 1 workers for concurrent reset
[55.910s][info][gc,ergo       ] GC(90) Pacer for Reset. Non-Taxable: 750M
[55.910s][info][gc            ] GC(90) Concurrent reset 0.287ms
[55.913s][info][gc,start      ] GC(90) Pause Init Mark (process weakrefs)
[55.913s][info][gc,task       ] GC(90) Using 1 of 1 workers for init marking
[55.915s][info][gc,ergo       ] GC(90) Pacer for Mark. Expected Live: 167M, Free: 289M, Non-Taxable: 29687K, Alloc Tax Rate: 0.7x
[55.915s][info][gc            ] GC(90) Pause Init Mark (process weakrefs) 1.627ms
[55.915s][info][gc,start      ] GC(90) Concurrent marking (process weakrefs)
[55.915s][info][gc,task       ] GC(90) Using 1 of 1 workers for concurrent marking
[56.069s][info][gc            ] GC(90) Concurrent marking (process weakrefs) 153.917ms
[56.069s][info][gc,start      ] GC(90) Concurrent precleaning
[56.069s][info][gc,task       ] GC(90) Using 1 of 1 workers for concurrent preclean
[56.069s][info][gc,ergo       ] GC(90) Pacer for Precleaning. Non-Taxable: 750M
[56.070s][info][gc            ] GC(90) Concurrent precleaning 0.601ms
[56.073s][info][gc,start      ] GC(90) Pause Final Mark (process weakrefs)
[56.073s][info][gc,task       ] GC(90) Using 1 of 1 workers for final marking
[56.074s][info][gc,ergo       ] GC(90) Collectable Garbage: 251M (98%), Immediate: 251M (98%), CSet: 0B (0%)
[56.074s][info][gc            ] GC(90) Pause Final Mark (process weakrefs) 0.450ms
[56.074s][info][gc,start      ] GC(90) Concurrent cleanup
[56.074s][info][gc            ] GC(90) Concurrent cleanup 471M->220M(473M) 0.094ms
[56.074s][info][gc,ergo       ] GC(90) Free: 490M, Max: 256K regular, 142M humongous, Frag: 72% external, 0% internal; Reserve: 38400K, Max: 256K
[56.074s][info][gc,ergo       ] Free: 490M, Max: 256K regular, 142M humongous, Frag: 72% external, 0% internal; Reserve: 38400K, Max: 256K
[56.074s][info][gc,stats      ] 
[56.074s][info][gc,stats      ] All times are wall-clock times, except per-root-class counters, that are sum over
[56.074s][info][gc,stats      ] all workers. Dividing the <total> over the root stage time estimates parallelism.
[56.074s][info][gc,stats      ] 
[56.074s][info][gc,stats      ] Concurrent Reset                    279 us
[56.074s][info][gc,stats      ] Pause Init Mark (G)                4970 us
[56.074s][info][gc,stats      ] Pause Init Mark (N)                1597 us
[56.074s][info][gc,stats      ]   Accumulate Stats                   23 us
[56.074s][info][gc,stats      ]   Make Parsable                      15 us
[56.074s][info][gc,stats      ]   Update Region States               50 us
[56.074s][info][gc,stats      ]   Scan Roots                       1452 us, parallelism: 0.81x
[56.074s][info][gc,stats      ]     S: <total>                     1171 us
[56.074s][info][gc,stats      ]     S: Thread Roots                 620 us, workers (us): 620, 
[56.074s][info][gc,stats      ]     S: Universe Roots                 2 us, workers (us):   2, 
[56.074s][info][gc,stats      ]     S: JNI Handles Roots              2 us, workers (us):   2, 
[56.074s][info][gc,stats      ]     S: Synchronizer Roots             0 us, workers (us):   0, 
[56.074s][info][gc,stats      ]     S: Management Roots               1 us, workers (us):   1, 
[56.074s][info][gc,stats      ]     S: System Dict Roots             11 us, workers (us):  11, 
[56.074s][info][gc,stats      ]     S: CLDG Roots                   534 us, workers (us): 534, 
[56.074s][info][gc,stats      ]     S: JVMTI Roots                    1 us, workers (us):   1, 
[56.074s][info][gc,stats      ]   Resize TLABs                       16 us
[56.074s][info][gc,stats      ] Concurrent Marking               153902 us
[56.074s][info][gc,stats      ] Concurrent Precleaning              593 us
[56.074s][info][gc,stats      ] Pause Final Mark (G)               3849 us
[56.074s][info][gc,stats      ] Pause Final Mark (N)                431 us
[56.074s][info][gc,stats      ]   Finish Queues                      30 us
[56.074s][info][gc,stats      ]   Weak References                    24 us
[56.074s][info][gc,stats      ]     Process                          21 us
[56.074s][info][gc,stats      ]   System Purge                      265 us
[56.074s][info][gc,stats      ]     Weak Roots                      264 us
[56.074s][info][gc,stats      ]   Update Region States               53 us
[56.074s][info][gc,stats      ]   Retire TLABs                       24 us
[56.074s][info][gc,stats      ]   Choose Collection Set              18 us
[56.074s][info][gc,stats      ]   Rebuild Free Set                   10 us
[56.074s][info][gc,stats      ] Concurrent Cleanup                   87 us
[56.074s][info][gc,stats      ] Pacing                            47282 us
[56.074s][info][gc,stats      ] 
[56.074s][info][gc,stats      ] Allocation pacing accrued:
[56.074s][info][gc,stats      ]      47 of   334 ms ( 14.2%): Executor task launch worker for task 0.0 in stage 22.0 (TID 22)
[56.074s][info][gc,stats      ]      47 of   334 ms ( 14.2%): <total>
[56.074s][info][gc,stats      ]       0 of   334 ms (  0.1%): <average total>
[56.074s][info][gc,stats      ]      47 of   334 ms ( 14.2%): <average non-zero>
[56.074s][info][gc,stats      ] 
[56.074s][info][gc,metaspace  ] Metaspace: 60733K->60733K(1103872K)
[56.074s][info][gc,ergo       ] Pacer for Idle. Initial: 15360K, Alloc Tax Rate: 1.0x
[56.270s][info][gc            ] Trigger: Average GC time (336.85 ms) is above the time for allocation rate (724 MB/s) to deplete free headroom (242M)
[56.270s][info][gc,ergo       ] Free headroom: 279M (free) - 38400K (spike) - 0B (penalties) = 242M
[56.270s][info][gc,ergo       ] Free: 279M, Max: 256K regular, 142M humongous, Frag: 50% external, 1% internal; Reserve: 38400K, Max: 256K
[56.270s][info][gc,start      ] GC(91) Concurrent reset
[56.270s][info][gc,task       ] GC(91) Using 1 of 1 workers for concurrent reset
[56.270s][info][gc,ergo       ] GC(91) Pacer for Reset. Non-Taxable: 750M
[56.271s][info][gc            ] GC(91) Concurrent reset 0.279ms
[56.273s][info][gc,start      ] GC(91) Pause Init Mark
[56.273s][info][gc,task       ] GC(91) Using 1 of 1 workers for init marking
[56.275s][info][gc,ergo       ] GC(91) Pacer for Mark. Expected Live: 167M, Free: 279M, Non-Taxable: 28663K, Alloc Tax Rate: 0.7x
[56.275s][info][gc            ] GC(91) Pause Init Mark 1.710ms
[56.275s][info][gc,start      ] GC(91) Concurrent marking
[56.275s][info][gc,task       ] GC(91) Using 1 of 1 workers for concurrent marking
[56.414s][info][gc            ] GC(91) Concurrent marking 139.135ms
[56.414s][info][gc,start      ] GC(91) Pause Final Mark
[56.414s][info][gc,task       ] GC(91) Using 1 of 1 workers for final marking
[56.415s][info][gc,ergo       ] GC(91) Collectable Garbage: 259M (98%), Immediate: 259M (98%), CSet: 0B (0%)
[56.415s][info][gc            ] GC(91) Pause Final Mark 0.396ms
[56.415s][info][gc,start      ] GC(91) Concurrent cleanup
[56.415s][info][gc            ] GC(91) Concurrent cleanup 475M->216M(477M) 0.096ms
[56.415s][info][gc,ergo       ] GC(91) Free: 495M, Max: 256K regular, 142M humongous, Frag: 72% external, 0% internal; Reserve: 38400K, Max: 256K
[56.415s][info][gc,ergo       ] Free: 495M, Max: 256K regular, 142M humongous, Frag: 72% external, 0% internal; Reserve: 38400K, Max: 256K
[56.415s][info][gc,stats      ] 
[56.415s][info][gc,stats      ] All times are wall-clock times, except per-root-class counters, that are sum over
[56.415s][info][gc,stats      ] all workers. Dividing the <total> over the root stage time estimates parallelism.
[56.415s][info][gc,stats      ] 
[56.415s][info][gc,stats      ] Concurrent Reset                    271 us
[56.415s][info][gc,stats      ] Pause Init Mark (G)                4044 us
[56.415s][info][gc,stats      ] Pause Init Mark (N)                1688 us
[56.415s][info][gc,stats      ]   Accumulate Stats                   22 us
[56.415s][info][gc,stats      ]   Make Parsable                      18 us
[56.415s][info][gc,stats      ]   Update Region States               36 us
[56.415s][info][gc,stats      ]   Scan Roots                       1555 us, parallelism: 0.77x
[56.415s][info][gc,stats      ]     S: <total>                     1205 us
[56.415s][info][gc,stats      ]     S: Thread Roots                 647 us, workers (us): 647, 
[56.415s][info][gc,stats      ]     S: Universe Roots                 3 us, workers (us):   3, 
[56.415s][info][gc,stats      ]     S: JNI Handles Roots              2 us, workers (us):   2, 
[56.415s][info][gc,stats      ]     S: Synchronizer Roots             0 us, workers (us):   0, 
[56.415s][info][gc,stats      ]     S: Management Roots               1 us, workers (us):   1, 
[56.415s][info][gc,stats      ]     S: System Dict Roots             11 us, workers (us):  11, 
[56.415s][info][gc,stats      ]     S: CLDG Roots                   540 us, workers (us): 540, 
[56.415s][info][gc,stats      ]     S: JVMTI Roots                    1 us, workers (us):   1, 
[56.415s][info][gc,stats      ]   Resize TLABs                       19 us
[56.415s][info][gc,stats      ] Concurrent Marking               139126 us
[56.415s][info][gc,stats      ] Pause Final Mark (G)                568 us
[56.415s][info][gc,stats      ] Pause Final Mark (N)                386 us
[56.415s][info][gc,stats      ]   Finish Queues                      16 us
[56.415s][info][gc,stats      ]   System Purge                      263 us
[56.415s][info][gc,stats      ]     Weak Roots                      262 us
[56.415s][info][gc,stats      ]   Update Region States               47 us
[56.415s][info][gc,stats      ]   Retire TLABs                       23 us
[56.415s][info][gc,stats      ]   Choose Collection Set              19 us
[56.415s][info][gc,stats      ]   Rebuild Free Set                   12 us
[56.415s][info][gc,stats      ] Concurrent Cleanup                   90 us
[56.415s][info][gc,stats      ] Pacing                            48334 us
[56.415s][info][gc,stats      ] 
[56.415s][info][gc,stats      ] Allocation pacing accrued:
[56.415s][info][gc,stats      ]      48 of   341 ms ( 14.2%): Executor task launch worker for task 0.0 in stage 22.0 (TID 22)
[56.415s][info][gc,stats      ]      48 of   341 ms ( 14.2%): <total>
[56.415s][info][gc,stats      ]       0 of   341 ms (  0.1%): <average total>
[56.415s][info][gc,stats      ]      48 of   341 ms ( 14.2%): <average non-zero>
[56.415s][info][gc,stats      ] 
[56.415s][info][gc,metaspace  ] Metaspace: 60735K->60735K(1103872K)
[56.415s][info][gc,ergo       ] Pacer for Idle. Initial: 15360K, Alloc Tax Rate: 1.0x
[56.727s][info][gc            ] Trigger: Average GC time (224.41 ms) is above the time for allocation rate (739 MB/s) to deplete free headroom (164M)
[56.727s][info][gc,ergo       ] Free headroom: 202M (free) - 38400K (spike) - 0B (penalties) = 164M
[56.727s][info][gc,ergo       ] Free: 202M, Max: 256K regular, 142M humongous, Frag: 30% external, 1% internal; Reserve: 38400K, Max: 256K
[56.727s][info][gc,start      ] GC(92) Concurrent reset
[56.727s][info][gc,task       ] GC(92) Using 1 of 1 workers for concurrent reset
[56.727s][info][gc,ergo       ] GC(92) Pacer for Reset. Non-Taxable: 750M
[56.727s][info][gc            ] GC(92) Concurrent reset 0.331ms
[56.729s][info][gc,start      ] GC(92) Pause Init Mark
[56.729s][info][gc,task       ] GC(92) Using 1 of 1 workers for init marking
[56.731s][info][gc,ergo       ] GC(92) Pacer for Mark. Expected Live: 167M, Free: 202M, Non-Taxable: 20702K, Alloc Tax Rate: 1.0x
[56.731s][info][gc            ] GC(92) Pause Init Mark 1.690ms
[56.731s][info][gc,start      ] GC(92) Concurrent marking
[56.731s][info][gc,task       ] GC(92) Using 1 of 1 workers for concurrent marking
[56.922s][info][gc            ] GC(92) Concurrent marking 190.421ms
[56.922s][info][gc,start      ] GC(92) Pause Final Mark
[56.922s][info][gc,task       ] GC(92) Using 1 of 1 workers for final marking
[56.923s][info][gc,ergo       ] GC(92) Collectable Garbage: 337M (98%), Immediate: 337M (98%), CSet: 0B (0%)
[56.923s][info][gc            ] GC(92) Pause Final Mark 0.977ms
[56.928s][info][gc,start      ] GC(92) Concurrent cleanup
[56.928s][info][gc            ] GC(92) Concurrent cleanup 542M->206M(543M) 0.370ms
[56.928s][info][gc,ergo       ] GC(92) Free: 504M, Max: 256K regular, 150M humongous, Frag: 71% external, 0% internal; Reserve: 38400K, Max: 256K
[56.929s][info][gc,ergo       ] Free: 504M, Max: 256K regular, 150M humongous, Frag: 71% external, 0% internal; Reserve: 38400K, Max: 256K
[56.929s][info][gc,stats      ] 
[56.929s][info][gc,stats      ] All times are wall-clock times, except per-root-class counters, that are sum over
[56.929s][info][gc,stats      ] all workers. Dividing the <total> over the root stage time estimates parallelism.
[56.929s][info][gc,stats      ] 
[56.929s][info][gc,stats      ] Concurrent Reset                    321 us
[56.929s][info][gc,stats      ] Pause Init Mark (G)                4005 us
[56.929s][info][gc,stats      ] Pause Init Mark (N)                1669 us
[56.929s][info][gc,stats      ]   Accumulate Stats                   80 us
[56.929s][info][gc,stats      ]   Make Parsable                      19 us
[56.929s][info][gc,stats      ]   Update Region States               41 us
[56.929s][info][gc,stats      ]   Scan Roots                       1469 us, parallelism: 0.80x
[56.929s][info][gc,stats      ]     S: <total>                     1171 us
[56.929s][info][gc,stats      ]     S: Thread Roots                 601 us, workers (us): 601, 
[56.929s][info][gc,stats      ]     S: Universe Roots                 2 us, workers (us):   2, 
[56.929s][info][gc,stats      ]     S: JNI Handles Roots              1 us, workers (us):   1, 
[56.929s][info][gc,stats      ]     S: Synchronizer Roots             0 us, workers (us):   0, 
[56.929s][info][gc,stats      ]     S: Management Roots               2 us, workers (us):   2, 
[56.929s][info][gc,stats      ]     S: System Dict Roots             11 us, workers (us):  11, 
[56.929s][info][gc,stats      ]     S: CLDG Roots                   552 us, workers (us): 552, 
[56.929s][info][gc,stats      ]     S: JVMTI Roots                    1 us, workers (us):   1, 
[56.929s][info][gc,stats      ]   Resize TLABs                       14 us
[56.929s][info][gc,stats      ] Concurrent Marking               190411 us
[56.929s][info][gc,stats      ] Pause Final Mark (G)               6328 us
[56.929s][info][gc,stats      ] Pause Final Mark (N)                943 us
[56.929s][info][gc,stats      ]   Finish Queues                      49 us
[56.929s][info][gc,stats      ]   System Purge                      566 us
[56.929s][info][gc,stats      ]     Weak Roots                      565 us
[56.929s][info][gc,stats      ]   Update Region States              143 us
[56.929s][info][gc,stats      ]   Retire TLABs                       48 us
[56.929s][info][gc,stats      ]   Choose Collection Set              86 us
[56.929s][info][gc,stats      ]   Rebuild Free Set                   33 us
[56.929s][info][gc,stats      ] Concurrent Cleanup                  305 us
[56.929s][info][gc,stats      ] Pacing                           120871 us
[56.929s][info][gc,stats      ] 
[56.929s][info][gc,stats      ] Allocation pacing accrued:
[56.929s][info][gc,stats      ]     121 of   514 ms ( 23.5%): Executor task launch worker for task 0.0 in stage 22.0 (TID 22)
[56.929s][info][gc,stats      ]     121 of   514 ms ( 23.5%): <total>
[56.929s][info][gc,stats      ]       1 of   514 ms (  0.1%): <average total>
[56.929s][info][gc,stats      ]     121 of   514 ms ( 23.5%): <average non-zero>
[56.929s][info][gc,stats      ] 
[56.929s][info][gc,metaspace  ] Metaspace: 60735K->60735K(1103872K)
[56.929s][info][gc,ergo       ] Pacer for Idle. Initial: 15360K, Alloc Tax Rate: 1.0x
[57.275s][info][gc            ] Trigger: Average GC time (227.14 ms) is above the time for allocation rate (648 MB/s) to deplete free headroom (146M)
[57.275s][info][gc,ergo       ] Free headroom: 183M (free) - 38400K (spike) - 0B (penalties) = 146M
[57.275s][info][gc,ergo       ] Free: 183M, Max: 256K regular, 142M humongous, Frag: 23% external, 1% internal; Reserve: 38400K, Max: 256K
[57.275s][info][gc,start      ] GC(93) Concurrent reset
[57.275s][info][gc,task       ] GC(93) Using 1 of 1 workers for concurrent reset
[57.275s][info][gc,ergo       ] GC(93) Pacer for Reset. Non-Taxable: 750M
[57.275s][info][gc            ] GC(93) Concurrent reset 0.314ms
[57.278s][info][gc,start      ] GC(93) Pause Init Mark
[57.278s][info][gc,task       ] GC(93) Using 1 of 1 workers for init marking
[57.279s][info][gc,ergo       ] GC(93) Pacer for Mark. Expected Live: 167M, Free: 183M, Non-Taxable: 18839K, Alloc Tax Rate: 1.1x
[57.279s][info][gc            ] GC(93) Pause Init Mark 1.619ms
[57.279s][info][gc,start      ] GC(93) Concurrent marking
[57.279s][info][gc,task       ] GC(93) Using 1 of 1 workers for concurrent marking
[57.416s][info][gc            ] GC(93) Concurrent marking 136.917ms
[57.416s][info][gc,start      ] GC(93) Pause Final Mark
[57.416s][info][gc,task       ] GC(93) Using 1 of 1 workers for final marking
[57.417s][info][gc,ergo       ] GC(93) Collectable Garbage: 355M (98%), Immediate: 355M (98%), CSet: 0B (0%)
[57.417s][info][gc            ] GC(93) Pause Final Mark 0.448ms
[57.417s][info][gc,start      ] GC(93) Concurrent cleanup
[57.417s][info][gc            ] GC(93) Concurrent cleanup 561M->206M(563M) 0.113ms
[57.417s][info][gc,ergo       ] GC(93) Free: 504M, Max: 256K regular, 146M humongous, Frag: 71% external, 0% internal; Reserve: 38400K, Max: 256K
[57.417s][info][gc,ergo       ] Free: 504M, Max: 256K regular, 146M humongous, Frag: 71% external, 0% internal; Reserve: 38400K, Max: 256K
[57.417s][info][gc,stats      ] 
[57.417s][info][gc,stats      ] All times are wall-clock times, except per-root-class counters, that are sum over
[57.417s][info][gc,stats      ] all workers. Dividing the <total> over the root stage time estimates parallelism.
[57.417s][info][gc,stats      ] 
[57.417s][info][gc,stats      ] Concurrent Reset                    306 us
[57.417s][info][gc,stats      ] Pause Init Mark (G)                3943 us
[57.417s][info][gc,stats      ] Pause Init Mark (N)                1595 us
[57.417s][info][gc,stats      ]   Accumulate Stats                   23 us
[57.417s][info][gc,stats      ]   Make Parsable                      15 us
[57.417s][info][gc,stats      ]   Update Region States               37 us
[57.417s][info][gc,stats      ]   Scan Roots                       1471 us, parallelism: 0.80x
[57.417s][info][gc,stats      ]     S: <total>                     1174 us
[57.417s][info][gc,stats      ]     S: Thread Roots                 625 us, workers (us): 625, 
[57.417s][info][gc,stats      ]     S: Universe Roots                 2 us, workers (us):   2, 
[57.417s][info][gc,stats      ]     S: JNI Handles Roots              2 us, workers (us):   2, 
[57.417s][info][gc,stats      ]     S: Synchronizer Roots             0 us, workers (us):   0, 
[57.417s][info][gc,stats      ]     S: Management Roots               1 us, workers (us):   1, 
[57.417s][info][gc,stats      ]     S: System Dict Roots             11 us, workers (us):  11, 
[57.417s][info][gc,stats      ]     S: CLDG Roots                   530 us, workers (us): 530, 
[57.417s][info][gc,stats      ]     S: JVMTI Roots                    1 us, workers (us):   1, 
[57.417s][info][gc,stats      ]   Resize TLABs                       15 us
[57.417s][info][gc,stats      ] Concurrent Marking               136909 us
[57.417s][info][gc,stats      ] Pause Final Mark (G)                617 us
[57.417s][info][gc,stats      ] Pause Final Mark (N)                430 us
[57.417s][info][gc,stats      ]   Finish Queues                      22 us
[57.417s][info][gc,stats      ]   System Purge                      289 us
[57.417s][info][gc,stats      ]     Weak Roots                      289 us
[57.417s][info][gc,stats      ]   Update Region States               51 us
[57.417s][info][gc,stats      ]   Retire TLABs                       27 us
[57.417s][info][gc,stats      ]   Choose Collection Set              23 us
[57.417s][info][gc,stats      ]   Rebuild Free Set                   11 us
[57.417s][info][gc,stats      ] Concurrent Cleanup                  106 us
[57.417s][info][gc,stats      ] Pacing                            69815 us
[57.417s][info][gc,stats      ] 
[57.417s][info][gc,stats      ] Allocation pacing accrued:
[57.417s][info][gc,stats      ]      70 of   488 ms ( 14.3%): Executor task launch worker for task 0.0 in stage 22.0 (TID 22)
[57.417s][info][gc,stats      ]      70 of   488 ms ( 14.3%): <total>
[57.417s][info][gc,stats      ]       0 of   488 ms (  0.1%): <average total>
[57.417s][info][gc,stats      ]      70 of   488 ms ( 14.3%): <average non-zero>
[57.417s][info][gc,stats      ] 
[57.417s][info][gc,metaspace  ] Metaspace: 60735K->60735K(1103872K)
[57.417s][info][gc,ergo       ] Pacer for Idle. Initial: 15360K, Alloc Tax Rate: 1.0x
[57.713s][info][gc            ] Trigger: Average GC time (166.53 ms) is above the time for allocation rate (833 MB/s) to deplete free headroom (136M)
[57.713s][info][gc,ergo       ] Free headroom: 174M (free) - 38400K (spike) - 0B (penalties) = 136M
[57.713s][info][gc,ergo       ] Free: 174M, Max: 256K regular, 142M humongous, Frag: 19% external, 1% internal; Reserve: 38400K, Max: 256K
[57.713s][info][gc,start      ] GC(94) Concurrent reset
[57.713s][info][gc,task       ] GC(94) Using 1 of 1 workers for concurrent reset
[57.713s][info][gc,ergo       ] GC(94) Pacer for Reset. Non-Taxable: 750M
[57.713s][info][gc            ] GC(94) Concurrent reset 0.288ms
[57.715s][info][gc,start      ] GC(94) Pause Init Mark
[57.715s][info][gc,task       ] GC(94) Using 1 of 1 workers for init marking
[57.717s][info][gc,ergo       ] GC(94) Pacer for Mark. Expected Live: 167M, Free: 174M, Non-Taxable: 17866K, Alloc Tax Rate: 1.2x
[57.717s][info][gc            ] GC(94) Pause Init Mark 1.738ms
[57.717s][info][gc,start      ] GC(94) Concurrent marking
[57.717s][info][gc,task       ] GC(94) Using 1 of 1 workers for concurrent marking
[57.840s][info][gc            ] GC(94) Concurrent marking 123.058ms
[57.840s][info][gc,start      ] GC(94) Pause Final Mark
[57.840s][info][gc,task       ] GC(94) Using 1 of 1 workers for final marking
[57.841s][info][gc,ergo       ] GC(94) Collectable Garbage: 364M (98%), Immediate: 364M (98%), CSet: 0B (0%)
[57.841s][info][gc            ] GC(94) Pause Final Mark 0.485ms
[57.841s][info][gc,start      ] GC(94) Concurrent cleanup
[57.841s][info][gc            ] GC(94) Concurrent cleanup 564M->200M(566M) 0.111ms
[57.841s][info][gc,ergo       ] GC(94) Free: 511M, Max: 256K regular, 177M humongous, Frag: 66% external, 0% internal; Reserve: 38400K, Max: 256K
[57.841s][info][gc,ergo       ] Free: 511M, Max: 256K regular, 177M humongous, Frag: 66% external, 0% internal; Reserve: 38400K, Max: 256K
[57.841s][info][gc,stats      ] 
[57.841s][info][gc,stats      ] All times are wall-clock times, except per-root-class counters, that are sum over
[57.841s][info][gc,stats      ] all workers. Dividing the <total> over the root stage time estimates parallelism.
[57.841s][info][gc,stats      ] 
[57.841s][info][gc,stats      ] Concurrent Reset                    280 us
[57.841s][info][gc,stats      ] Pause Init Mark (G)                4072 us
[57.841s][info][gc,stats      ] Pause Init Mark (N)                1708 us
[57.841s][info][gc,stats      ]   Accumulate Stats                   22 us
[57.841s][info][gc,stats      ]   Make Parsable                      17 us
[57.841s][info][gc,stats      ]   Update Region States               71 us
[57.841s][info][gc,stats      ]   Scan Roots                       1535 us, parallelism: 0.82x
[57.841s][info][gc,stats      ]     S: <total>                     1256 us
[57.841s][info][gc,stats      ]     S: Thread Roots                 711 us, workers (us): 711, 
[57.841s][info][gc,stats      ]     S: Universe Roots                 2 us, workers (us):   2, 
[57.841s][info][gc,stats      ]     S: JNI Handles Roots              1 us, workers (us):   1, 
[57.841s][info][gc,stats      ]     S: Synchronizer Roots             0 us, workers (us):   0, 
[57.841s][info][gc,stats      ]     S: Management Roots               2 us, workers (us):   2, 
[57.841s][info][gc,stats      ]     S: System Dict Roots             10 us, workers (us):  10, 
[57.841s][info][gc,stats      ]     S: CLDG Roots                   529 us, workers (us): 529, 
[57.841s][info][gc,stats      ]     S: JVMTI Roots                    1 us, workers (us):   1, 
[57.841s][info][gc,stats      ]   Resize TLABs                       18 us
[57.841s][info][gc,stats      ] Concurrent Marking               123049 us
[57.841s][info][gc,stats      ] Pause Final Mark (G)                652 us
[57.841s][info][gc,stats      ] Pause Final Mark (N)                475 us
[57.841s][info][gc,stats      ]   Finish Queues                      14 us
[57.841s][info][gc,stats      ]   System Purge                      334 us
[57.841s][info][gc,stats      ]     Weak Roots                      333 us
[57.841s][info][gc,stats      ]   Update Region States               46 us
[57.841s][info][gc,stats      ]   Retire TLABs                       31 us
[57.841s][info][gc,stats      ]   Choose Collection Set              31 us
[57.841s][info][gc,stats      ]   Rebuild Free Set                   11 us
[57.841s][info][gc,stats      ] Concurrent Cleanup                  104 us
[57.841s][info][gc,stats      ] Pacing                            74736 us
[57.841s][info][gc,stats      ] 
[57.841s][info][gc,stats      ] Allocation pacing accrued:
[57.841s][info][gc,stats      ]      13 of   424 ms (  3.0%): Spark Context Cleaner
[57.841s][info][gc,stats      ]      62 of   424 ms ( 14.6%): Executor task launch worker for task 0.0 in stage 22.0 (TID 22)
[57.841s][info][gc,stats      ]      75 of   424 ms ( 17.6%): <total>
[57.841s][info][gc,stats      ]       0 of   424 ms (  0.1%): <average total>
[57.841s][info][gc,stats      ]      37 of   424 ms (  8.8%): <average non-zero>
[57.841s][info][gc,stats      ] 
[57.841s][info][gc,metaspace  ] Metaspace: 60735K->60735K(1103872K)
[57.841s][info][gc,ergo       ] Pacer for Idle. Initial: 15360K, Alloc Tax Rate: 1.0x
[58.230s][info][gc            ] Trigger: Explicit GC request (System.gc())
[58.230s][info][gc,ergo       ] Free: 170M, Max: 256K regular, 142M humongous, Frag: 17% external, 1% internal; Reserve: 38400K, Max: 256K
[58.230s][info][gc,start      ] GC(95) Concurrent reset
[58.230s][info][gc,task       ] GC(95) Using 1 of 1 workers for concurrent reset
[58.230s][info][gc,ergo       ] GC(95) Pacer for Reset. Non-Taxable: 750M
[58.230s][info][gc            ] GC(95) Concurrent reset 0.307ms
[58.230s][info][gc,start      ] GC(95) Pause Init Mark (process weakrefs) (unload classes)
[58.230s][info][gc,task       ] GC(95) Using 1 of 1 workers for init marking
[58.232s][info][gc,ergo       ] GC(95) Pacer for Mark. Expected Live: 167M, Free: 170M, Non-Taxable: 17501K, Alloc Tax Rate: 1.2x
[58.232s][info][gc            ] GC(95) Pause Init Mark (process weakrefs) (unload classes) 1.128ms
[58.232s][info][gc,start      ] GC(95) Concurrent marking (process weakrefs) (unload classes)
[58.232s][info][gc,task       ] GC(95) Using 1 of 1 workers for concurrent marking
[58.452s][info][gc            ] GC(95) Concurrent marking (process weakrefs) (unload classes) 220.433ms
[58.452s][info][gc,start      ] GC(95) Concurrent precleaning
[58.452s][info][gc,task       ] GC(95) Using 1 of 1 workers for concurrent preclean
[58.452s][info][gc,ergo       ] GC(95) Pacer for Precleaning. Non-Taxable: 750M
[58.456s][info][gc            ] GC(95) Concurrent precleaning 3.659ms
[58.457s][info][gc,start      ] GC(95) Pause Final Mark (process weakrefs) (unload classes)
[58.457s][info][gc,task       ] GC(95) Using 1 of 1 workers for final marking
[58.502s][info][gc,stringtable] GC(95) Cleaned string and symbol table, strings: 18587 processed, 0 removed, symbols: 131970 processed, 200 removed
[58.502s][info][gc,ergo       ] GC(95) Collectable Garbage: 367M (98%), Immediate: 367M (98%), CSet: 0B (0%)
[58.502s][info][gc            ] GC(95) Pause Final Mark (process weakrefs) (unload classes) 45.899ms
[58.505s][info][gc,start      ] GC(95) Concurrent cleanup
[58.506s][info][gc            ] GC(95) Concurrent cleanup 540M->173M(566M) 0.164ms
[58.506s][info][gc,ergo       ] GC(95) Free: 538M, Max: 256K regular, 225M humongous, Frag: 59% external, 0% internal; Reserve: 38400K, Max: 256K
[58.506s][info][gc,ergo       ] Free: 538M, Max: 256K regular, 225M humongous, Frag: 59% external, 0% internal; Reserve: 38400K, Max: 256K
[58.506s][info][gc,stats      ] 
[58.506s][info][gc,stats      ] All times are wall-clock times, except per-root-class counters, that are sum over
[58.506s][info][gc,stats      ] all workers. Dividing the <total> over the root stage time estimates parallelism.
[58.506s][info][gc,stats      ] 
[58.506s][info][gc,stats      ] Concurrent Reset                    293 us
[58.506s][info][gc,stats      ] Pause Init Mark (G)                1494 us
[58.506s][info][gc,stats      ] Pause Init Mark (N)                1112 us
[58.506s][info][gc,stats      ]   Accumulate Stats                   54 us
[58.506s][info][gc,stats      ]   Make Parsable                      21 us
[58.506s][info][gc,stats      ]   Update Region States               40 us
[58.506s][info][gc,stats      ]   Scan Roots                        957 us, parallelism: 0.71x
[58.506s][info][gc,stats      ]     S: <total>                      676 us
[58.506s][info][gc,stats      ]     S: Thread Roots                 565 us, workers (us): 565, 
[58.506s][info][gc,stats      ]     S: Universe Roots                 3 us, workers (us):   3, 
[58.506s][info][gc,stats      ]     S: JNI Handles Roots              2 us, workers (us):   2, 
[58.506s][info][gc,stats      ]     S: Synchronizer Roots             0 us, workers (us):   0, 
[58.506s][info][gc,stats      ]     S: Management Roots               2 us, workers (us):   2, 
[58.506s][info][gc,stats      ]     S: System Dict Roots             11 us, workers (us):  11, 
[58.506s][info][gc,stats      ]     S: CLDG Roots                    93 us, workers (us):  93, 
[58.506s][info][gc,stats      ]     S: JVMTI Roots                    1 us, workers (us):   1, 
[58.506s][info][gc,stats      ]   Resize TLABs                       13 us
[58.506s][info][gc,stats      ] Concurrent Marking               220422 us
[58.506s][info][gc,stats      ] Concurrent Precleaning             3627 us
[58.506s][info][gc,stats      ] Pause Final Mark (G)              49457 us
[58.506s][info][gc,stats      ] Pause Final Mark (N)              45869 us
[58.506s][info][gc,stats      ]   Finish Queues                     409 us
[58.506s][info][gc,stats      ]   Weak References                   150 us
[58.506s][info][gc,stats      ]     Process                         146 us
[58.506s][info][gc,stats      ]   System Purge                      693 us
[58.506s][info][gc,stats      ]     Unload Classes                 1965 us
[58.506s][info][gc,stats      ]     Cleanup                       42248 us, parallelism: 0.87x
[58.506s][info][gc,stats      ]       CU: <total>                 36872 us
[58.506s][info][gc,stats      ]       CU: Code Cache Roots        13599 us, workers (us): 13599, 
[58.506s][info][gc,stats      ]       CU: Code Cache Cleaning      9565 us, workers (us): 9565, 
[58.506s][info][gc,stats      ]       CU: String Table Roots       5873 us, workers (us): 5873, 
[58.506s][info][gc,stats      ]       CU: Resolved Table Roots      136 us, workers (us): 136, 
[58.506s][info][gc,stats      ]       CU: CLDG Roots               7701 us, workers (us): 7701, 
[58.506s][info][gc,stats      ]     Weak Roots                      692 us
[58.506s][info][gc,stats      ]     CLDG                            244 us
[58.506s][info][gc,stats      ]   Update Region States               51 us
[58.506s][info][gc,stats      ]   Retire TLABs                       51 us
[58.506s][info][gc,stats      ]   Choose Collection Set              26 us
[58.506s][info][gc,stats      ]   Rebuild Free Set                   11 us
[58.506s][info][gc,stats      ] Concurrent Cleanup                  114 us
[58.506s][info][gc,stats      ] Pacing                            10065 us
[58.506s][info][gc,stats      ] 
[58.506s][info][gc,stats      ] Allocation pacing accrued:
[58.506s][info][gc,stats      ]      10 of   665 ms (  1.5%): Executor task launch worker for task 0.0 in stage 23.0 (TID 23)
[58.506s][info][gc,stats      ]      10 of   665 ms (  1.5%): <total>
[58.506s][info][gc,stats      ]       0 of   665 ms (  0.0%): <average total>
[58.506s][info][gc,stats      ]      10 of   665 ms (  1.5%): <average non-zero>
[58.506s][info][gc,stats      ] 
[58.506s][info][gc,metaspace  ] Metaspace: 60786K->60408K(1103872K)
[58.506s][info][gc,ergo       ] Pacer for Idle. Initial: 15360K, Alloc Tax Rate: 1.0x
[58.506s][info][gc,start      ] Concurrent uncommit
[58.542s][info][gc            ] Concurrent uncommit 173M->173M(174M) 35.770ms
[58.665s][info][gc            ] Trigger: Learning 2 of 5. Free (522M) is below initial threshold (525M)
[58.666s][info][gc,ergo       ] Free: 522M, Max: 256K regular, 225M humongous, Frag: 57% external, 0% internal; Reserve: 38400K, Max: 256K
[58.666s][info][gc,start      ] GC(96) Concurrent reset
[58.666s][info][gc,task       ] GC(96) Using 1 of 1 workers for concurrent reset
[58.666s][info][gc,ergo       ] GC(96) Pacer for Reset. Non-Taxable: 750M
[58.666s][info][gc            ] GC(96) Concurrent reset 0.575ms
[58.671s][info][gc,start      ] GC(96) Pause Init Mark
[58.671s][info][gc,task       ] GC(96) Using 1 of 1 workers for init marking
[58.674s][info][gc,ergo       ] GC(96) Pacer for Mark. Expected Live: 167M, Free: 522M, Non-Taxable: 53476K, Alloc Tax Rate: 0.4x
[58.674s][info][gc            ] GC(96) Pause Init Mark 3.771ms
[58.674s][info][gc,start      ] GC(96) Concurrent marking
[58.674s][info][gc,task       ] GC(96) Using 1 of 1 workers for concurrent marking
[58.989s][info][gc            ] GC(96) Concurrent marking 314.920ms
[58.990s][info][gc,start      ] GC(96) Pause Final Mark
[58.990s][info][gc,task       ] GC(96) Using 1 of 1 workers for final marking
[58.990s][info][gc,ergo       ] GC(96) Adaptive CSet Selection. Target Free: 106M, Actual Free: 495M, Max CSet: 32000K, Min Garbage: 0B
[58.990s][info][gc,ergo       ] GC(96) Collectable Garbage: 14802K (86%), Immediate: 3755K (21%), CSet: 11047K (64%)
[58.993s][info][gc,ergo       ] GC(96) Pacer for Evacuation. Used CSet: 11932K, Free: 460M, Non-Taxable: 47137K, Alloc Tax Rate: 1.1x
[58.993s][info][gc            ] GC(96) Pause Final Mark 3.052ms
[58.993s][info][gc,start      ] GC(96) Concurrent cleanup
[58.993s][info][gc            ] GC(96) Concurrent cleanup 253M->249M(258M) 0.060ms
[58.993s][info][gc,ergo       ] GC(96) Free: 460M, Max: 256K regular, 225M humongous, Frag: 52% external, 2% internal; Reserve: 38273K, Max: 256K
[58.993s][info][gc,start      ] GC(96) Concurrent evacuation
[58.993s][info][gc,task       ] GC(96) Using 1 of 1 workers for concurrent evacuation
[58.998s][info][gc            ] GC(96) Concurrent evacuation 5.537ms
[59.002s][info][gc,start      ] GC(96) Pause Init Update Refs
[59.002s][info][gc,ergo       ] GC(96) Pacer for Update Refs. Used: 254M, Free: 455M, Non-Taxable: 46676K, Alloc Tax Rate: 1.1x
[59.002s][info][gc            ] GC(96) Pause Init Update Refs 0.041ms
[59.002s][info][gc,start      ] GC(96) Concurrent update references
[59.002s][info][gc,task       ] GC(96) Using 1 of 1 workers for concurrent reference update
[59.266s][info][gc            ] GC(96) Concurrent update references 263.553ms
[59.269s][info][gc,start      ] GC(96) Pause Final Update Refs
[59.269s][info][gc,task       ] GC(96) Using 1 of 1 workers for final reference update
[59.270s][info][gc            ] GC(96) Pause Final Update Refs 0.731ms
[59.270s][info][gc,start      ] GC(96) Concurrent cleanup
[59.270s][info][gc            ] GC(96) Concurrent cleanup 351M->339M(354M) 0.060ms
[59.270s][info][gc,ergo       ] Free: 370M, Max: 256K regular, 219M humongous, Frag: 41% external, 1% internal; Reserve: 38400K, Max: 256K
[59.270s][info][gc,stats      ] 
[59.270s][info][gc,stats      ] All times are wall-clock times, except per-root-class counters, that are sum over
[59.270s][info][gc,stats      ] all workers. Dividing the <total> over the root stage time estimates parallelism.
[59.270s][info][gc,stats      ] 
[59.270s][info][gc,stats      ] Concurrent Reset                    549 us
[59.270s][info][gc,stats      ] Pause Init Mark (G)                8015 us
[59.270s][info][gc,stats      ] Pause Init Mark (N)                3694 us
[59.270s][info][gc,stats      ]   Accumulate Stats                   43 us
[59.270s][info][gc,stats      ]   Make Parsable                      38 us
[59.270s][info][gc,stats      ]   Update Region States              122 us
[59.270s][info][gc,stats      ]   Scan Roots                       3367 us, parallelism: 0.87x
[59.270s][info][gc,stats      ]     S: <total>                     2935 us
[59.270s][info][gc,stats      ]     S: Thread Roots                1667 us, workers (us): 1667, 
[59.270s][info][gc,stats      ]     S: Universe Roots                 4 us, workers (us):   4, 
[59.270s][info][gc,stats      ]     S: JNI Handles Roots              3 us, workers (us):   3, 
[59.270s][info][gc,stats      ]     S: Synchronizer Roots             0 us, workers (us):   0, 
[59.270s][info][gc,stats      ]     S: Management Roots               2 us, workers (us):   2, 
[59.270s][info][gc,stats      ]     S: System Dict Roots             21 us, workers (us):  21, 
[59.270s][info][gc,stats      ]     S: CLDG Roots                  1235 us, workers (us): 1235, 
[59.270s][info][gc,stats      ]     S: JVMTI Roots                    1 us, workers (us):   1, 
[59.270s][info][gc,stats      ]   Resize TLABs                       45 us
[59.270s][info][gc,stats      ] Concurrent Marking               314899 us
[59.270s][info][gc,stats      ] Pause Final Mark (G)               3247 us
[59.270s][info][gc,stats      ] Pause Final Mark (N)               3017 us
[59.270s][info][gc,stats      ]   Finish Queues                      30 us
[59.270s][info][gc,stats      ]   System Purge                      276 us
[59.270s][info][gc,stats      ]     Weak Roots                      275 us
[59.270s][info][gc,stats      ]   Update Region States               47 us
[59.270s][info][gc,stats      ]   Retire TLABs                       28 us
[59.270s][info][gc,stats      ]   Choose Collection Set              99 us
[59.270s][info][gc,stats      ]   Rebuild Free Set                   11 us
[59.270s][info][gc,stats      ]   Initial Evacuation               2472 us, parallelism: 0.65x
[59.270s][info][gc,stats      ]     E: <total>                     1594 us
[59.270s][info][gc,stats      ]     E: Thread Roots                 655 us, workers (us): 655, 
[59.270s][info][gc,stats      ]     E: Code Cache Roots             404 us, workers (us): 404, 
[59.270s][info][gc,stats      ]     E: Universe Roots                 1 us, workers (us):   1, 
[59.270s][info][gc,stats      ]     E: JNI Handles Roots              1 us, workers (us):   1, 
[59.270s][info][gc,stats      ]     E: Synchronizer Roots             0 us, workers (us):   0, 
[59.270s][info][gc,stats      ]     E: Management Roots               2 us, workers (us):   2, 
[59.270s][info][gc,stats      ]     E: System Dict Roots             11 us, workers (us):  11, 
[59.270s][info][gc,stats      ]     E: CLDG Roots                   520 us, workers (us): 520, 
[59.270s][info][gc,stats      ]     E: JVMTI Roots                    1 us, workers (us):   1, 
[59.270s][info][gc,stats      ] Concurrent Cleanup                   52 us
[59.270s][info][gc,stats      ] Concurrent Evacuation              5527 us
[59.270s][info][gc,stats      ] Pause Init  Update Refs (G)        3572 us
[59.270s][info][gc,stats      ] Pause Init  Update Refs (N)          19 us
[59.270s][info][gc,stats      ]   Retire GCLABs                      11 us
[59.270s][info][gc,stats      ] Concurrent Update Refs           263540 us
[59.270s][info][gc,stats      ] Pause Final Update Refs (G)        4238 us
[59.270s][info][gc,stats      ] Pause Final Update Refs (N)         686 us
[59.270s][info][gc,stats      ]   Update Roots                      603 us, parallelism: 0.98x
[59.270s][info][gc,stats      ]     UR: <total>                     590 us
[59.270s][info][gc,stats      ]     UR: Thread Roots                590 us, workers (us): 590, 
[59.270s][info][gc,stats      ]   Update Region States               50 us
[59.270s][info][gc,stats      ]   Trash Collection Set                2 us
[59.270s][info][gc,stats      ]   Rebuild Free Set                   11 us
[59.270s][info][gc,stats      ] Concurrent Cleanup                   51 us
[59.270s][info][gc,stats      ] 
[59.270s][info][gc,stats      ] Allocation pacing accrued:
[59.270s][info][gc,stats      ]       0 of   764 ms (  0.0%): <total>
[59.270s][info][gc,stats      ]       0 of   764 ms (  0.0%): <average total>
[59.270s][info][gc,stats      ] 
[59.270s][info][gc,metaspace  ] Metaspace: 60579K->60800K(1103872K)
[59.270s][info][gc,ergo       ] Pacer for Idle. Initial: 15360K, Alloc Tax Rate: 1.0x
[59.272s][info][gc            ] Trigger: Learning 3 of 5. Free (368M) is below initial threshold (525M)
[59.272s][info][gc,ergo       ] Free: 368M, Max: 256K regular, 219M humongous, Frag: 41% external, 1% internal; Reserve: 38400K, Max: 256K
[59.272s][info][gc,start      ] GC(97) Concurrent reset
[59.272s][info][gc,task       ] GC(97) Using 1 of 1 workers for concurrent reset
[59.272s][info][gc,ergo       ] GC(97) Pacer for Reset. Non-Taxable: 750M
[59.272s][info][gc            ] GC(97) Concurrent reset 0.321ms
[59.275s][info][gc,start      ] GC(97) Pause Init Mark
[59.275s][info][gc,task       ] GC(97) Using 1 of 1 workers for init marking
[59.277s][info][gc,ergo       ] GC(97) Pacer for Mark. Expected Live: 167M, Free: 368M, Non-Taxable: 37734K, Alloc Tax Rate: 0.6x
[59.277s][info][gc            ] GC(97) Pause Init Mark 1.777ms
[59.277s][info][gc,start      ] GC(97) Concurrent marking
[59.277s][info][gc,task       ] GC(97) Using 1 of 1 workers for concurrent marking
[59.447s][info][gc            ] GC(97) Concurrent marking 169.931ms
[59.447s][info][gc,start      ] GC(97) Pause Final Mark
[59.447s][info][gc,task       ] GC(97) Using 1 of 1 workers for final marking
[59.447s][info][gc,ergo       ] GC(97) Collectable Garbage: 163M (94%), Immediate: 163M (94%), CSet: 0B (0%)
[59.447s][info][gc            ] GC(97) Pause Final Mark 0.465ms
[59.447s][info][gc,start      ] GC(97) Concurrent cleanup
[59.447s][info][gc            ] GC(97) Concurrent cleanup 398M->234M(404M) 0.081ms
[59.447s][info][gc,ergo       ] GC(97) Free: 477M, Max: 256K regular, 169M humongous, Frag: 65% external, 1% internal; Reserve: 38400K, Max: 256K
[59.447s][info][gc,ergo       ] Free: 477M, Max: 256K regular, 169M humongous, Frag: 65% external, 1% internal; Reserve: 38400K, Max: 256K
[59.447s][info][gc,stats      ] 
[59.447s][info][gc,stats      ] All times are wall-clock times, except per-root-class counters, that are sum over
[59.447s][info][gc,stats      ] all workers. Dividing the <total> over the root stage time estimates parallelism.
[59.447s][info][gc,stats      ] 
[59.447s][info][gc,stats      ] Concurrent Reset                    314 us
[59.447s][info][gc,stats      ] Pause Init Mark (G)                4124 us
[59.447s][info][gc,stats      ] Pause Init Mark (N)                1750 us
[59.447s][info][gc,stats      ]   Accumulate Stats                   25 us
[59.447s][info][gc,stats      ]   Make Parsable                      18 us
[59.447s][info][gc,stats      ]   Update Region States               36 us
[59.447s][info][gc,stats      ]   Scan Roots                       1609 us, parallelism: 0.82x
[59.447s][info][gc,stats      ]     S: <total>                     1315 us
[59.447s][info][gc,stats      ]     S: Thread Roots                 713 us, workers (us): 713, 
[59.447s][info][gc,stats      ]     S: Universe Roots                 3 us, workers (us):   3, 
[59.447s][info][gc,stats      ]     S: JNI Handles Roots              2 us, workers (us):   2, 
[59.447s][info][gc,stats      ]     S: Synchronizer Roots             0 us, workers (us):   0, 
[59.447s][info][gc,stats      ]     S: Management Roots               1 us, workers (us):   1, 
[59.447s][info][gc,stats      ]     S: System Dict Roots             11 us, workers (us):  11, 
[59.447s][info][gc,stats      ]     S: CLDG Roots                   585 us, workers (us): 585, 
[59.447s][info][gc,stats      ]     S: JVMTI Roots                    1 us, workers (us):   1, 
[59.447s][info][gc,stats      ]   Resize TLABs                       19 us
[59.447s][info][gc,stats      ] Concurrent Marking               169921 us
[59.447s][info][gc,stats      ] Pause Final Mark (G)                635 us
[59.447s][info][gc,stats      ] Pause Final Mark (N)                454 us
[59.447s][info][gc,stats      ]   Finish Queues                      14 us
[59.447s][info][gc,stats      ]   System Purge                      315 us
[59.447s][info][gc,stats      ]     Weak Roots                      314 us
[59.447s][info][gc,stats      ]   Update Region States               52 us
[59.447s][info][gc,stats      ]   Retire TLABs                       30 us
[59.447s][info][gc,stats      ]   Choose Collection Set              25 us
[59.447s][info][gc,stats      ]   Rebuild Free Set                   11 us
[59.447s][info][gc,stats      ] Concurrent Cleanup                   74 us
[59.447s][info][gc,stats      ] Pacing                            36675 us
[59.447s][info][gc,stats      ] 
[59.447s][info][gc,stats      ] Allocation pacing accrued:
[59.447s][info][gc,stats      ]      37 of   177 ms ( 20.7%): Executor task launch worker for task 0.0 in stage 25.0 (TID 25)
[59.447s][info][gc,stats      ]      37 of   177 ms ( 20.7%): <total>
[59.447s][info][gc,stats      ]       0 of   177 ms (  0.1%): <average total>
[59.447s][info][gc,stats      ]      37 of   177 ms ( 20.7%): <average non-zero>
[59.448s][info][gc,stats      ] 
[59.448s][info][gc,metaspace  ] Metaspace: 60800K->60800K(1103872K)
[59.448s][info][gc,ergo       ] Pacer for Idle. Initial: 15360K, Alloc Tax Rate: 1.0x
[59.449s][info][gc            ] Trigger: Learning 4 of 5. Free (477M) is below initial threshold (525M)
[59.449s][info][gc,ergo       ] Free: 477M, Max: 256K regular, 169M humongous, Frag: 65% external, 1% internal; Reserve: 38400K, Max: 256K
[59.449s][info][gc,start      ] GC(98) Concurrent reset
[59.449s][info][gc,task       ] GC(98) Using 1 of 1 workers for concurrent reset
[59.449s][info][gc,ergo       ] GC(98) Pacer for Reset. Non-Taxable: 750M
[59.449s][info][gc            ] GC(98) Concurrent reset 0.266ms
[59.449s][info][gc,start      ] GC(98) Pause Init Mark
[59.449s][info][gc,task       ] GC(98) Using 1 of 1 workers for init marking
[59.451s][info][gc,ergo       ] GC(98) Pacer for Mark. Expected Live: 167M, Free: 477M, Non-Taxable: 48869K, Alloc Tax Rate: 0.4x
[59.451s][info][gc            ] GC(98) Pause Init Mark 1.645ms
[59.451s][info][gc,start      ] GC(98) Concurrent marking
[59.451s][info][gc,task       ] GC(98) Using 1 of 1 workers for concurrent marking
[59.645s][info][gc            ] GC(98) Concurrent marking 194.129ms
[59.645s][info][gc,start      ] GC(98) Pause Final Mark
[59.645s][info][gc,task       ] GC(98) Using 1 of 1 workers for final marking
[59.646s][info][gc,ergo       ] GC(98) Adaptive CSet Selection. Target Free: 106M, Actual Free: 493M, Max CSet: 32000K, Min Garbage: 0B
[59.646s][info][gc,ergo       ] GC(98) Collectable Garbage: 66191K (96%), Immediate: 58112K (84%), CSet: 8079K (11%)
[59.648s][info][gc,ergo       ] GC(98) Pacer for Evacuation. Used CSet: 8950K, Free: 455M, Non-Taxable: 46666K, Alloc Tax Rate: 1.1x
[59.648s][info][gc            ] GC(98) Pause Final Mark 2.680ms
[59.648s][info][gc,start      ] GC(98) Concurrent cleanup
[59.648s][info][gc            ] GC(98) Concurrent cleanup 312M->255M(404M) 0.068ms
[59.648s][info][gc,ergo       ] GC(98) Free: 455M, Max: 256K regular, 169M humongous, Frag: 63% external, 0% internal; Reserve: 38337K, Max: 256K
[59.648s][info][gc,start      ] GC(98) Concurrent evacuation
[59.648s][info][gc,task       ] GC(98) Using 1 of 1 workers for concurrent evacuation
[59.653s][info][gc            ] GC(98) Concurrent evacuation 4.768ms
[59.656s][info][gc,start      ] GC(98) Pause Init Update Refs
[59.657s][info][gc,ergo       ] GC(98) Pacer for Update Refs. Used: 261M, Free: 451M, Non-Taxable: 46231K, Alloc Tax Rate: 1.1x
[59.657s][info][gc            ] GC(98) Pause Init Update Refs 0.051ms
[59.657s][info][gc,start      ] GC(98) Concurrent update references
[59.657s][info][gc,task       ] GC(98) Using 1 of 1 workers for concurrent reference update
[59.924s][info][gc            ] GC(98) Concurrent update references 267.289ms
[59.926s][info][gc,start      ] GC(98) Pause Final Update Refs
[59.926s][info][gc,task       ] GC(98) Using 1 of 1 workers for final reference update
[59.927s][info][gc            ] GC(98) Pause Final Update Refs 0.685ms
[59.927s][info][gc,start      ] GC(98) Concurrent cleanup
[59.927s][info][gc            ] GC(98) Concurrent cleanup 386M->377M(404M) 0.058ms
[59.927s][info][gc,ergo       ] Free: 333M, Max: 256K regular, 183M humongous, Frag: 45% external, 0% internal; Reserve: 38400K, Max: 256K
[59.927s][info][gc,stats      ] 
[59.927s][info][gc,stats      ] All times are wall-clock times, except per-root-class counters, that are sum over
[59.927s][info][gc,stats      ] all workers. Dividing the <total> over the root stage time estimates parallelism.
[59.927s][info][gc,stats      ] 
[59.927s][info][gc,stats      ] Concurrent Reset                    260 us
[59.927s][info][gc,stats      ] Pause Init Mark (G)                2040 us
[59.927s][info][gc,stats      ] Pause Init Mark (N)                1623 us
[59.927s][info][gc,stats      ]   Accumulate Stats                   25 us
[59.927s][info][gc,stats      ]   Make Parsable                      17 us
[59.927s][info][gc,stats      ]   Update Region States               38 us
[59.927s][info][gc,stats      ]   Scan Roots                       1496 us, parallelism: 0.80x
[59.927s][info][gc,stats      ]     S: <total>                     1198 us
[59.927s][info][gc,stats      ]     S: Thread Roots                 624 us, workers (us): 624, 
[59.927s][info][gc,stats      ]     S: Universe Roots                 2 us, workers (us):   2, 
[59.927s][info][gc,stats      ]     S: JNI Handles Roots              2 us, workers (us):   2, 
[59.927s][info][gc,stats      ]     S: Synchronizer Roots             0 us, workers (us):   0, 
[59.927s][info][gc,stats      ]     S: Management Roots               1 us, workers (us):   1, 
[59.927s][info][gc,stats      ]     S: System Dict Roots             11 us, workers (us):  11, 
[59.927s][info][gc,stats      ]     S: CLDG Roots                   557 us, workers (us): 557, 
[59.927s][info][gc,stats      ]     S: JVMTI Roots                    1 us, workers (us):   1, 
[59.927s][info][gc,stats      ]   Resize TLABs                       16 us
[59.927s][info][gc,stats      ] Concurrent Marking               194115 us
[59.927s][info][gc,stats      ] Pause Final Mark (G)               2877 us
[59.927s][info][gc,stats      ] Pause Final Mark (N)               2660 us
[59.927s][info][gc,stats      ]   Finish Queues                      46 us
[59.927s][info][gc,stats      ]   System Purge                      276 us
[59.927s][info][gc,stats      ]     Weak Roots                      275 us
[59.927s][info][gc,stats      ]   Update Region States               48 us
[59.927s][info][gc,stats      ]   Retire TLABs                       23 us
[59.927s][info][gc,stats      ]   Choose Collection Set             103 us
[59.927s][info][gc,stats      ]   Rebuild Free Set                   11 us
[59.927s][info][gc,stats      ]   Initial Evacuation               2143 us, parallelism: 0.66x
[59.927s][info][gc,stats      ]     E: <total>                     1411 us
[59.927s][info][gc,stats      ]     E: Thread Roots                 643 us, workers (us): 643, 
[59.927s][info][gc,stats      ]     E: Code Cache Roots             247 us, workers (us): 247, 
[59.927s][info][gc,stats      ]     E: Universe Roots                 1 us, workers (us):   1, 
[59.927s][info][gc,stats      ]     E: JNI Handles Roots              1 us, workers (us):   1, 
[59.927s][info][gc,stats      ]     E: Synchronizer Roots             0 us, workers (us):   0, 
[59.927s][info][gc,stats      ]     E: Management Roots               2 us, workers (us):   2, 
[59.927s][info][gc,stats      ]     E: System Dict Roots             10 us, workers (us):  10, 
[59.927s][info][gc,stats      ]     E: CLDG Roots                   505 us, workers (us): 505, 
[59.927s][info][gc,stats      ]     E: JVMTI Roots                    1 us, workers (us):   1, 
[59.927s][info][gc,stats      ] Concurrent Cleanup                   60 us
[59.927s][info][gc,stats      ] Concurrent Evacuation              4757 us
[59.927s][info][gc,stats      ] Pause Init  Update Refs (G)        3562 us
[59.927s][info][gc,stats      ] Pause Init  Update Refs (N)          20 us
[59.927s][info][gc,stats      ]   Retire GCLABs                      11 us
[59.927s][info][gc,stats      ] Concurrent Update Refs           267274 us
[59.927s][info][gc,stats      ] Pause Final Update Refs (G)        3056 us
[59.927s][info][gc,stats      ] Pause Final Update Refs (N)         648 us
[59.927s][info][gc,stats      ]   Update Roots                      578 us, parallelism: 0.99x
[59.927s][info][gc,stats      ]     UR: <total>                     570 us
[59.927s][info][gc,stats      ]     UR: Thread Roots                570 us, workers (us): 570, 
[59.927s][info][gc,stats      ]   Update Region States               47 us
[59.927s][info][gc,stats      ]   Trash Collection Set                2 us
[59.927s][info][gc,stats      ]   Rebuild Free Set                   10 us
[59.927s][info][gc,stats      ] Concurrent Cleanup                   50 us
[59.927s][info][gc,stats      ] Pacing                            33473 us
[59.927s][info][gc,stats      ] 
[59.927s][info][gc,stats      ] Allocation pacing accrued:
[59.927s][info][gc,stats      ]      33 of   480 ms (  7.0%): Executor task launch worker for task 0.0 in stage 25.0 (TID 25)
[59.927s][info][gc,stats      ]      33 of   480 ms (  7.0%): <total>
[59.927s][info][gc,stats      ]       0 of   480 ms (  0.0%): <average total>
[59.927s][info][gc,stats      ]      33 of   480 ms (  7.0%): <average non-zero>
[59.927s][info][gc,stats      ] 
[59.927s][info][gc,metaspace  ] Metaspace: 60800K->60800K(1103872K)
[59.927s][info][gc,ergo       ] Pacer for Idle. Initial: 15360K, Alloc Tax Rate: 1.0x
[59.929s][info][gc            ] Trigger: Learning 5 of 5. Free (332M) is below initial threshold (525M)
[59.929s][info][gc,ergo       ] Free: 332M, Max: 256K regular, 183M humongous, Frag: 45% external, 0% internal; Reserve: 38400K, Max: 256K
[59.929s][info][gc,start      ] GC(99) Concurrent reset
[59.929s][info][gc,task       ] GC(99) Using 1 of 1 workers for concurrent reset
[59.929s][info][gc,ergo       ] GC(99) Pacer for Reset. Non-Taxable: 750M
[59.929s][info][gc            ] GC(99) Concurrent reset 0.275ms
[59.930s][info][gc,start      ] GC(99) Pause Init Mark (unload classes)
[59.931s][info][gc,task       ] GC(99) Using 1 of 1 workers for init marking
[59.932s][info][gc,ergo       ] GC(99) Pacer for Mark. Expected Live: 167M, Free: 332M, Non-Taxable: 34020K, Alloc Tax Rate: 0.6x
[59.932s][info][gc            ] GC(99) Pause Init Mark (unload classes) 1.125ms
[59.932s][info][gc,start      ] GC(99) Concurrent marking (unload classes)
[59.932s][info][gc,task       ] GC(99) Using 1 of 1 workers for concurrent marking
[60.087s][info][gc            ] GC(99) Concurrent marking (unload classes) 155.681ms
[60.088s][info][gc,start      ] GC(99) Pause Final Mark (unload classes)
[60.088s][info][gc,task       ] GC(99) Using 1 of 1 workers for final marking
[60.110s][info][gc,stringtable] GC(99) Cleaned string and symbol table, strings: 20798 processed, 0 removed, symbols: 131956 processed, 202 removed
[60.110s][info][gc,ergo       ] GC(99) Collectable Garbage: 208M (98%), Immediate: 208M (98%), CSet: 0B (0%)
[60.110s][info][gc            ] GC(99) Pause Final Mark (unload classes) 22.672ms
[60.112s][info][gc,start      ] GC(99) Concurrent cleanup
[60.112s][info][gc            ] GC(99) Concurrent cleanup 429M->223M(434M) 0.109ms
[60.112s][info][gc,ergo       ] GC(99) Free: 488M, Max: 256K regular, 142M humongous, Frag: 71% external, 0% internal; Reserve: 38400K, Max: 256K
[60.112s][info][gc,ergo       ] Free: 488M, Max: 256K regular, 142M humongous, Frag: 71% external, 0% internal; Reserve: 38400K, Max: 256K
[60.112s][info][gc,stats      ] 
[60.112s][info][gc,stats      ] All times are wall-clock times, except per-root-class counters, that are sum over
[60.112s][info][gc,stats      ] all workers. Dividing the <total> over the root stage time estimates parallelism.
[60.112s][info][gc,stats      ] 
[60.112s][info][gc,stats      ] Concurrent Reset                    269 us
[60.112s][info][gc,stats      ] Pause Init Mark (G)                2504 us
[60.112s][info][gc,stats      ] Pause Init Mark (N)                1106 us
[60.112s][info][gc,stats      ]   Accumulate Stats                   26 us
[60.112s][info][gc,stats      ]   Make Parsable                      16 us
[60.112s][info][gc,stats      ]   Update Region States               35 us
[60.112s][info][gc,stats      ]   Scan Roots                        993 us, parallelism: 0.71x
[60.112s][info][gc,stats      ]     S: <total>                      702 us
[60.112s][info][gc,stats      ]     S: Thread Roots                 585 us, workers (us): 585, 
[60.112s][info][gc,stats      ]     S: Universe Roots                 2 us, workers (us):   2, 
[60.112s][info][gc,stats      ]     S: JNI Handles Roots              1 us, workers (us):   1, 
[60.112s][info][gc,stats      ]     S: Synchronizer Roots             0 us, workers (us):   0, 
[60.112s][info][gc,stats      ]     S: Management Roots               2 us, workers (us):   2, 
[60.112s][info][gc,stats      ]     S: System Dict Roots             11 us, workers (us):  11, 
[60.112s][info][gc,stats      ]     S: CLDG Roots                   100 us, workers (us): 100, 
[60.112s][info][gc,stats      ]     S: JVMTI Roots                    1 us, workers (us):   1, 
[60.112s][info][gc,stats      ]   Resize TLABs                       12 us
[60.112s][info][gc,stats      ] Concurrent Marking               155673 us
[60.112s][info][gc,stats      ] Pause Final Mark (G)              24779 us
[60.112s][info][gc,stats      ] Pause Final Mark (N)              22660 us
[60.112s][info][gc,stats      ]   Finish Queues                     144 us
[60.112s][info][gc,stats      ]   System Purge                      293 us
[60.112s][info][gc,stats      ]     Unload Classes                  461 us
[60.112s][info][gc,stats      ]     Cleanup                       21594 us, parallelism: 1.00x
[60.112s][info][gc,stats      ]       CU: <total>                 21521 us
[60.112s][info][gc,stats      ]       CU: Code Cache Roots         7238 us, workers (us): 7238, 
[60.112s][info][gc,stats      ]       CU: Code Cache Cleaning      1672 us, workers (us): 1672, 
[60.112s][info][gc,stats      ]       CU: String Table Roots       6184 us, workers (us): 6184, 
[60.112s][info][gc,stats      ]       CU: Resolved Table Roots      132 us, workers (us): 132, 
[60.112s][info][gc,stats      ]       CU: CLDG Roots               6293 us, workers (us): 6293, 
[60.112s][info][gc,stats      ]     Weak Roots                      293 us
[60.112s][info][gc,stats      ]     CLDG                              1 us
[60.112s][info][gc,stats      ]   Update Region States               50 us
[60.112s][info][gc,stats      ]   Retire TLABs                       62 us
[60.113s][info][gc,stats      ]   Choose Collection Set              19 us
[60.113s][info][gc,stats      ]   Rebuild Free Set                   26 us
[60.113s][info][gc,stats      ] Concurrent Cleanup                   84 us
[60.113s][info][gc,stats      ] Pacing                            81515 us
[60.113s][info][gc,stats      ] 
[60.113s][info][gc,stats      ] Allocation pacing accrued:
[60.113s][info][gc,stats      ]      13 of   185 ms (  6.9%): Spark Context Cleaner
[60.113s][info][gc,stats      ]      69 of   185 ms ( 37.2%): Executor task launch worker for task 0.0 in stage 25.0 (TID 25)
[60.113s][info][gc,stats      ]      82 of   185 ms ( 44.0%): <total>
[60.113s][info][gc,stats      ]       0 of   185 ms (  0.2%): <average total>
[60.113s][info][gc,stats      ]      41 of   185 ms ( 22.0%): <average non-zero>
[60.113s][info][gc,stats      ] 
[60.113s][info][gc,metaspace  ] Metaspace: 60800K->60800K(1103872K)
[60.113s][info][gc,ergo       ] Pacer for Idle. Initial: 15360K, Alloc Tax Rate: 1.0x
[60.308s][info][gc            ] Trigger: Average GC time (343.42 ms) is above the time for allocation rate (700 MB/s) to deplete free headroom (238M)
[60.308s][info][gc,ergo       ] Free headroom: 275M (free) - 38400K (spike) - 0B (penalties) = 238M
[60.308s][info][gc,ergo       ] Free: 275M, Max: 256K regular, 142M humongous, Frag: 49% external, 0% internal; Reserve: 38400K, Max: 256K
[60.308s][info][gc,start      ] GC(100) Concurrent reset
[60.308s][info][gc,task       ] GC(100) Using 1 of 1 workers for concurrent reset
[60.308s][info][gc,ergo       ] GC(100) Pacer for Reset. Non-Taxable: 750M
[60.308s][info][gc            ] GC(100) Concurrent reset 0.352ms
[60.310s][info][gc,start      ] GC(100) Pause Init Mark (process weakrefs)
[60.311s][info][gc,task       ] GC(100) Using 1 of 1 workers for init marking
[60.312s][info][gc,ergo       ] GC(100) Pacer for Mark. Expected Live: 167M, Free: 275M, Non-Taxable: 28260K, Alloc Tax Rate: 0.7x
[60.312s][info][gc            ] GC(100) Pause Init Mark (process weakrefs) 1.665ms
[60.312s][info][gc,start      ] GC(100) Concurrent marking (process weakrefs)
[60.312s][info][gc,task       ] GC(100) Using 1 of 1 workers for concurrent marking
[60.464s][info][gc            ] GC(100) Concurrent marking (process weakrefs) 151.766ms
[60.464s][info][gc,start      ] GC(100) Concurrent precleaning
[60.464s][info][gc,task       ] GC(100) Using 1 of 1 workers for concurrent preclean
[60.464s][info][gc,ergo       ] GC(100) Pacer for Precleaning. Non-Taxable: 750M
[60.465s][info][gc            ] GC(100) Concurrent precleaning 0.535ms
[60.465s][info][gc,start      ] GC(100) Pause Final Mark (process weakrefs)
[60.465s][info][gc,task       ] GC(100) Using 1 of 1 workers for final marking
[60.465s][info][gc,ergo       ] GC(100) Collectable Garbage: 265M (98%), Immediate: 265M (98%), CSet: 0B (0%)
[60.465s][info][gc            ] GC(100) Pause Final Mark (process weakrefs) 0.496ms
[60.465s][info][gc,start      ] GC(100) Concurrent cleanup
[60.465s][info][gc            ] GC(100) Concurrent cleanup 478M->213M(482M) 0.096ms
[60.465s][info][gc,ergo       ] GC(100) Free: 497M, Max: 256K regular, 142M humongous, Frag: 72% external, 0% internal; Reserve: 38400K, Max: 256K
[60.465s][info][gc,ergo       ] Free: 497M, Max: 256K regular, 142M humongous, Frag: 72% external, 0% internal; Reserve: 38400K, Max: 256K
[60.465s][info][gc,stats      ] 
[60.465s][info][gc,stats      ] All times are wall-clock times, except per-root-class counters, that are sum over
[60.465s][info][gc,stats      ] all workers. Dividing the <total> over the root stage time estimates parallelism.
[60.465s][info][gc,stats      ] 
[60.465s][info][gc,stats      ] Concurrent Reset                    344 us
[60.465s][info][gc,stats      ] Pause Init Mark (G)                4020 us
[60.465s][info][gc,stats      ] Pause Init Mark (N)                1623 us
[60.465s][info][gc,stats      ]   Accumulate Stats                   30 us
[60.465s][info][gc,stats      ]   Make Parsable                      14 us
[60.465s][info][gc,stats      ]   Update Region States               38 us
[60.465s][info][gc,stats      ]   Scan Roots                       1479 us, parallelism: 0.81x
[60.465s][info][gc,stats      ]     S: <total>                     1202 us
[60.465s][info][gc,stats      ]     S: Thread Roots                 663 us, workers (us): 663, 
[60.465s][info][gc,stats      ]     S: Universe Roots                 2 us, workers (us):   2, 
[60.465s][info][gc,stats      ]     S: JNI Handles Roots              1 us, workers (us):   1, 
[60.465s][info][gc,stats      ]     S: Synchronizer Roots             0 us, workers (us):   0, 
[60.465s][info][gc,stats      ]     S: Management Roots               2 us, workers (us):   2, 
[60.465s][info][gc,stats      ]     S: System Dict Roots             11 us, workers (us):  11, 
[60.465s][info][gc,stats      ]     S: CLDG Roots                   521 us, workers (us): 521, 
[60.465s][info][gc,stats      ]     S: JVMTI Roots                    1 us, workers (us):   1, 
[60.465s][info][gc,stats      ]   Resize TLABs                       23 us
[60.465s][info][gc,stats      ] Concurrent Marking               151758 us
[60.465s][info][gc,stats      ] Concurrent Precleaning              527 us
[60.465s][info][gc,stats      ] Pause Final Mark (G)                710 us
[60.465s][info][gc,stats      ] Pause Final Mark (N)                487 us
[60.465s][info][gc,stats      ]   Finish Queues                      17 us
[60.465s][info][gc,stats      ]   Weak References                    20 us
[60.465s][info][gc,stats      ]     Process                          18 us
[60.465s][info][gc,stats      ]   System Purge                      335 us
[60.465s][info][gc,stats      ]     Weak Roots                      335 us
[60.465s][info][gc,stats      ]   Update Region States               47 us
[60.466s][info][gc,stats      ]   Retire TLABs                       28 us
[60.466s][info][gc,stats      ]   Choose Collection Set              24 us
[60.466s][info][gc,stats      ]   Rebuild Free Set                   10 us
[60.466s][info][gc,stats      ] Concurrent Cleanup                   89 us
[60.466s][info][gc,stats      ] Pacing                            49959 us
[60.466s][info][gc,stats      ] 
[60.466s][info][gc,stats      ] Allocation pacing accrued:
[60.466s][info][gc,stats      ]      50 of   353 ms ( 14.2%): Executor task launch worker for task 0.0 in stage 25.0 (TID 25)
[60.466s][info][gc,stats      ]      50 of   353 ms ( 14.2%): <total>
[60.466s][info][gc,stats      ]       0 of   353 ms (  0.1%): <average total>
[60.466s][info][gc,stats      ]      50 of   353 ms ( 14.2%): <average non-zero>
[60.466s][info][gc,stats      ] 
[60.466s][info][gc,metaspace  ] Metaspace: 60800K->60800K(1103872K)
[60.466s][info][gc,ergo       ] Pacer for Idle. Initial: 15360K, Alloc Tax Rate: 1.0x
[60.675s][info][gc            ] Trigger: Average GC time (319.78 ms) is above the time for allocation rate (733 MB/s) to deplete free headroom (234M)
[60.675s][info][gc,ergo       ] Free headroom: 271M (free) - 38400K (spike) - 0B (penalties) = 234M
[60.675s][info][gc,ergo       ] Free: 271M, Max: 256K regular, 142M humongous, Frag: 48% external, 0% internal; Reserve: 38400K, Max: 256K
[60.675s][info][gc,start      ] GC(101) Concurrent reset
[60.675s][info][gc,task       ] GC(101) Using 1 of 1 workers for concurrent reset
[60.675s][info][gc,ergo       ] GC(101) Pacer for Reset. Non-Taxable: 750M
[60.675s][info][gc            ] GC(101) Concurrent reset 0.280ms
[60.678s][info][gc,start      ] GC(101) Pause Init Mark
[60.678s][info][gc,task       ] GC(101) Using 1 of 1 workers for init marking
[60.680s][info][gc,ergo       ] GC(101) Pacer for Mark. Expected Live: 168M, Free: 271M, Non-Taxable: 27825K, Alloc Tax Rate: 0.8x
[60.680s][info][gc            ] GC(101) Pause Init Mark 1.822ms
[60.680s][info][gc,start      ] GC(101) Concurrent marking
[60.680s][info][gc,task       ] GC(101) Using 1 of 1 workers for concurrent marking
[60.849s][info][gc            ] GC(101) Concurrent marking 169.326ms
[60.853s][info][gc,start      ] GC(101) Pause Final Mark
[60.853s][info][gc,task       ] GC(101) Using 1 of 1 workers for final marking
[60.853s][info][gc,ergo       ] GC(101) Collectable Garbage: 267M (98%), Immediate: 267M (98%), CSet: 0B (0%)
[60.853s][info][gc            ] GC(101) Pause Final Mark 0.506ms
[60.853s][info][gc,start      ] GC(101) Concurrent cleanup
[60.853s][info][gc            ] GC(101) Concurrent cleanup 485M->217M(489M) 0.096ms
[60.853s][info][gc,ergo       ] GC(101) Free: 493M, Max: 256K regular, 142M humongous, Frag: 72% external, 0% internal; Reserve: 38400K, Max: 256K
[60.853s][info][gc,ergo       ] Free: 493M, Max: 256K regular, 142M humongous, Frag: 72% external, 0% internal; Reserve: 38400K, Max: 256K
[60.853s][info][gc,stats      ] 
[60.853s][info][gc,stats      ] All times are wall-clock times, except per-root-class counters, that are sum over
[60.853s][info][gc,stats      ] all workers. Dividing the <total> over the root stage time estimates parallelism.
[60.853s][info][gc,stats      ] 
[60.853s][info][gc,stats      ] Concurrent Reset                    272 us
[60.853s][info][gc,stats      ] Pause Init Mark (G)                4174 us
[60.853s][info][gc,stats      ] Pause Init Mark (N)                1791 us
[60.853s][info][gc,stats      ]   Accumulate Stats                   25 us
[60.853s][info][gc,stats      ]   Make Parsable                      19 us
[60.853s][info][gc,stats      ]   Update Region States               52 us
[60.853s][info][gc,stats      ]   Scan Roots                       1623 us, parallelism: 0.81x
[60.853s][info][gc,stats      ]     S: <total>                     1316 us
[60.853s][info][gc,stats      ]     S: Thread Roots                 742 us, workers (us): 742, 
[60.853s][info][gc,stats      ]     S: Universe Roots                 3 us, workers (us):   3, 
[60.853s][info][gc,stats      ]     S: JNI Handles Roots              2 us, workers (us):   2, 
[60.853s][info][gc,stats      ]     S: Synchronizer Roots             0 us, workers (us):   0, 
[60.853s][info][gc,stats      ]     S: Management Roots               2 us, workers (us):   2, 
[60.853s][info][gc,stats      ]     S: System Dict Roots             12 us, workers (us):  12, 
[60.853s][info][gc,stats      ]     S: CLDG Roots                   554 us, workers (us): 554, 
[60.853s][info][gc,stats      ]     S: JVMTI Roots                    1 us, workers (us):   1, 
[60.853s][info][gc,stats      ]   Resize TLABs                       23 us
[60.853s][info][gc,stats      ] Concurrent Marking               169312 us
[60.853s][info][gc,stats      ] Pause Final Mark (G)               4036 us
[60.853s][info][gc,stats      ] Pause Final Mark (N)                485 us
[60.853s][info][gc,stats      ]   Finish Queues                      34 us
[60.853s][info][gc,stats      ]   System Purge                      326 us
[60.853s][info][gc,stats      ]     Weak Roots                      325 us
[60.853s][info][gc,stats      ]   Update Region States               50 us
[60.853s][info][gc,stats      ]   Retire TLABs                       33 us
[60.853s][info][gc,stats      ]   Choose Collection Set              24 us
[60.853s][info][gc,stats      ]   Rebuild Free Set                   10 us
[60.853s][info][gc,stats      ] Concurrent Cleanup                   89 us
[60.853s][info][gc,stats      ] Pacing                            69946 us
[60.853s][info][gc,stats      ] 
[60.853s][info][gc,stats      ] Allocation pacing accrued:
[60.853s][info][gc,stats      ]      70 of   388 ms ( 18.0%): Executor task launch worker for task 0.0 in stage 25.0 (TID 25)
[60.853s][info][gc,stats      ]      70 of   388 ms ( 18.0%): <total>
[60.853s][info][gc,stats      ]       0 of   388 ms (  0.1%): <average total>
[60.853s][info][gc,stats      ]      70 of   388 ms ( 18.0%): <average non-zero>
[60.853s][info][gc,stats      ] 
[60.853s][info][gc,metaspace  ] Metaspace: 60800K->60800K(1103872K)
[60.853s][info][gc,ergo       ] Pacer for Idle. Initial: 15360K, Alloc Tax Rate: 1.0x
[61.120s][info][gc            ] Trigger: Average GC time (234.54 ms) is above the time for allocation rate (741 MB/s) to deplete free headroom (172M)
[61.120s][info][gc,ergo       ] Free headroom: 210M (free) - 38400K (spike) - 0B (penalties) = 172M
[61.120s][info][gc,ergo       ] Free: 210M, Max: 256K regular, 142M humongous, Frag: 33% external, 1% internal; Reserve: 38400K, Max: 256K
[61.120s][info][gc,start      ] GC(102) Concurrent reset
[61.120s][info][gc,task       ] GC(102) Using 1 of 1 workers for concurrent reset
[61.120s][info][gc,ergo       ] GC(102) Pacer for Reset. Non-Taxable: 750M
[61.120s][info][gc            ] GC(102) Concurrent reset 0.346ms
[61.122s][info][gc,start      ] GC(102) Pause Init Mark
[61.123s][info][gc,task       ] GC(102) Using 1 of 1 workers for init marking
[61.124s][info][gc,ergo       ] GC(102) Pacer for Mark. Expected Live: 167M, Free: 210M, Non-Taxable: 21527K, Alloc Tax Rate: 1.0x
[61.124s][info][gc            ] GC(102) Pause Init Mark 1.703ms
[61.124s][info][gc,start      ] GC(102) Concurrent marking
[61.124s][info][gc,task       ] GC(102) Using 1 of 1 workers for concurrent marking
[61.268s][info][gc            ] GC(102) Concurrent marking 143.939ms
[61.272s][info][gc,start      ] GC(102) Pause Final Mark
[61.272s][info][gc,task       ] GC(102) Using 1 of 1 workers for final marking
[61.273s][info][gc,ergo       ] GC(102) Collectable Garbage: 329M (98%), Immediate: 329M (98%), CSet: 0B (0%)
[61.273s][info][gc            ] GC(102) Pause Final Mark 0.543ms
[61.273s][info][gc,start      ] GC(102) Concurrent cleanup
[61.273s][info][gc            ] GC(102) Concurrent cleanup 538M->209M(540M) 0.116ms
[61.273s][info][gc,ergo       ] GC(102) Free: 501M, Max: 256K regular, 142M humongous, Frag: 72% external, 0% internal; Reserve: 38400K, Max: 256K
[61.273s][info][gc,ergo       ] Free: 501M, Max: 256K regular, 142M humongous, Frag: 72% external, 0% internal; Reserve: 38400K, Max: 256K
[61.273s][info][gc,stats      ] 
[61.273s][info][gc,stats      ] All times are wall-clock times, except per-root-class counters, that are sum over
[61.273s][info][gc,stats      ] all workers. Dividing the <total> over the root stage time estimates parallelism.
[61.273s][info][gc,stats      ] 
[61.273s][info][gc,stats      ] Concurrent Reset                    337 us
[61.273s][info][gc,stats      ] Pause Init Mark (G)                4065 us
[61.273s][info][gc,stats      ] Pause Init Mark (N)                1655 us
[61.273s][info][gc,stats      ]   Accumulate Stats                   31 us
[61.273s][info][gc,stats      ]   Make Parsable                      16 us
[61.273s][info][gc,stats      ]   Update Region States               42 us
[61.273s][info][gc,stats      ]   Scan Roots                       1514 us, parallelism: 0.82x
[61.273s][info][gc,stats      ]     S: <total>                     1241 us
[61.273s][info][gc,stats      ]     S: Thread Roots                 683 us, workers (us): 683, 
[61.273s][info][gc,stats      ]     S: Universe Roots                 2 us, workers (us):   2, 
[61.273s][info][gc,stats      ]     S: JNI Handles Roots              2 us, workers (us):   2, 
[61.273s][info][gc,stats      ]     S: Synchronizer Roots             0 us, workers (us):   0, 
[61.273s][info][gc,stats      ]     S: Management Roots               1 us, workers (us):   1, 
[61.273s][info][gc,stats      ]     S: System Dict Roots             11 us, workers (us):  11, 
[61.273s][info][gc,stats      ]     S: CLDG Roots                   541 us, workers (us): 541, 
[61.273s][info][gc,stats      ]     S: JVMTI Roots                    1 us, workers (us):   1, 
[61.273s][info][gc,stats      ]   Resize TLABs                       15 us
[61.273s][info][gc,stats      ] Concurrent Marking               143924 us
[61.273s][info][gc,stats      ] Pause Final Mark (G)               4611 us
[61.273s][info][gc,stats      ] Pause Final Mark (N)                480 us
[61.273s][info][gc,stats      ]   Finish Queues                      40 us
[61.273s][info][gc,stats      ]   System Purge                      301 us
[61.273s][info][gc,stats      ]     Weak Roots                      301 us
[61.273s][info][gc,stats      ]   Update Region States               50 us
[61.273s][info][gc,stats      ]   Retire TLABs                       39 us
[61.273s][info][gc,stats      ]   Choose Collection Set              30 us
[61.273s][info][gc,stats      ]   Rebuild Free Set                   11 us
[61.273s][info][gc,stats      ] Concurrent Cleanup                  102 us
[61.273s][info][gc,stats      ] Pacing                            62543 us
[61.273s][info][gc,stats      ] 
[61.273s][info][gc,stats      ] Allocation pacing accrued:
[61.273s][info][gc,stats      ]      63 of   420 ms ( 14.9%): Executor task launch worker for task 0.0 in stage 25.0 (TID 25)
[61.273s][info][gc,stats      ]      63 of   420 ms ( 14.9%): <total>
[61.273s][info][gc,stats      ]       0 of   420 ms (  0.1%): <average total>
[61.273s][info][gc,stats      ]      63 of   420 ms ( 14.9%): <average non-zero>
[61.273s][info][gc,stats      ] 
[61.273s][info][gc,metaspace  ] Metaspace: 60800K->60800K(1103872K)
[61.273s][info][gc,ergo       ] Pacer for Idle. Initial: 15360K, Alloc Tax Rate: 1.0x
[61.525s][info][gc            ] Trigger: Average GC time (230.16 ms) is above the time for allocation rate (790 MB/s) to deplete free headroom (181M)
[61.525s][info][gc,ergo       ] Free headroom: 219M (free) - 38400K (spike) - 0B (penalties) = 181M
[61.525s][info][gc,ergo       ] Free: 219M, Max: 256K regular, 142M humongous, Frag: 36% external, 1% internal; Reserve: 38400K, Max: 256K
[61.525s][info][gc,start      ] GC(103) Concurrent reset
[61.525s][info][gc,task       ] GC(103) Using 1 of 1 workers for concurrent reset
[61.525s][info][gc,ergo       ] GC(103) Pacer for Reset. Non-Taxable: 750M
[61.525s][info][gc            ] GC(103) Concurrent reset 0.284ms
[61.528s][info][gc,start      ] GC(103) Pause Init Mark
[61.528s][info][gc,task       ] GC(103) Using 1 of 1 workers for init marking
[61.530s][info][gc,ergo       ] GC(103) Pacer for Mark. Expected Live: 167M, Free: 219M, Non-Taxable: 22449K, Alloc Tax Rate: 0.9x
[61.530s][info][gc            ] GC(103) Pause Init Mark 1.804ms
[61.530s][info][gc,start      ] GC(103) Concurrent marking
[61.530s][info][gc,task       ] GC(103) Using 1 of 1 workers for concurrent marking
[61.705s][info][gc            ] GC(103) Concurrent marking 175.780ms
[61.706s][info][gc,start      ] GC(103) Pause Final Mark
[61.706s][info][gc,task       ] GC(103) Using 1 of 1 workers for final marking
[61.707s][info][gc,ergo       ] GC(103) Collectable Garbage: 320M (98%), Immediate: 320M (98%), CSet: 0B (0%)
[61.707s][info][gc            ] GC(103) Pause Final Mark 0.678ms
[61.707s][info][gc,start      ] GC(103) Concurrent cleanup
[61.707s][info][gc            ] GC(103) Concurrent cleanup 527M->207M(540M) 0.149ms
[61.707s][info][gc,ergo       ] GC(103) Free: 503M, Max: 256K regular, 142M humongous, Frag: 72% external, 0% internal; Reserve: 38400K, Max: 256K
[61.707s][info][gc,ergo       ] Free: 503M, Max: 256K regular, 142M humongous, Frag: 72% external, 0% internal; Reserve: 38400K, Max: 256K
[61.707s][info][gc,stats      ] 
[61.707s][info][gc,stats      ] All times are wall-clock times, except per-root-class counters, that are sum over
[61.707s][info][gc,stats      ] all workers. Dividing the <total> over the root stage time estimates parallelism.
[61.707s][info][gc,stats      ] 
[61.707s][info][gc,stats      ] Concurrent Reset                    276 us
[61.707s][info][gc,stats      ] Pause Init Mark (G)                4168 us
[61.707s][info][gc,stats      ] Pause Init Mark (N)                1767 us
[61.707s][info][gc,stats      ]   Accumulate Stats                   26 us
[61.707s][info][gc,stats      ]   Make Parsable                      68 us
[61.707s][info][gc,stats      ]   Update Region States               47 us
[61.707s][info][gc,stats      ]   Scan Roots                       1559 us, parallelism: 0.82x
[61.707s][info][gc,stats      ]     S: <total>                     1285 us
[61.707s][info][gc,stats      ]     S: Thread Roots                 742 us, workers (us): 742, 
[61.707s][info][gc,stats      ]     S: Universe Roots                 2 us, workers (us):   2, 
[61.707s][info][gc,stats      ]     S: JNI Handles Roots              1 us, workers (us):   1, 
[61.707s][info][gc,stats      ]     S: Synchronizer Roots             0 us, workers (us):   0, 
[61.707s][info][gc,stats      ]     S: Management Roots               2 us, workers (us):   2, 
[61.707s][info][gc,stats      ]     S: System Dict Roots             11 us, workers (us):  11, 
[61.707s][info][gc,stats      ]     S: CLDG Roots                   526 us, workers (us): 526, 
[61.707s][info][gc,stats      ]     S: JVMTI Roots                    1 us, workers (us):   1, 
[61.707s][info][gc,stats      ]   Resize TLABs                       20 us
[61.707s][info][gc,stats      ] Concurrent Marking               175771 us
[61.707s][info][gc,stats      ] Pause Final Mark (G)               1173 us
[61.707s][info][gc,stats      ] Pause Final Mark (N)                624 us
[61.707s][info][gc,stats      ]   Finish Queues                      57 us
[61.707s][info][gc,stats      ]   System Purge                      351 us
[61.707s][info][gc,stats      ]     Weak Roots                      350 us
[61.707s][info][gc,stats      ]   Update Region States               60 us
[61.707s][info][gc,stats      ]   Retire TLABs                       54 us
[61.707s][info][gc,stats      ]   Choose Collection Set              73 us
[61.707s][info][gc,stats      ]   Rebuild Free Set                   14 us
[61.707s][info][gc,stats      ] Concurrent Cleanup                  137 us
[61.707s][info][gc,stats      ] Pacing                           122258 us
[61.707s][info][gc,stats      ] 
[61.707s][info][gc,stats      ] Allocation pacing accrued:
[61.707s][info][gc,stats      ]      13 of   434 ms (  2.9%): Spark Context Cleaner
[61.707s][info][gc,stats      ]     110 of   434 ms ( 25.3%): Executor task launch worker for task 0.0 in stage 25.0 (TID 25)
[61.707s][info][gc,stats      ]     122 of   434 ms ( 28.2%): <total>
[61.707s][info][gc,stats      ]       1 of   434 ms (  0.1%): <average total>
[61.707s][info][gc,stats      ]      61 of   434 ms ( 14.1%): <average non-zero>
[61.707s][info][gc,stats      ] 
[61.707s][info][gc,metaspace  ] Metaspace: 60800K->60800K(1103872K)
[61.707s][info][gc,ergo       ] Pacer for Idle. Initial: 15360K, Alloc Tax Rate: 1.0x
[62.009s][info][gc            ] Trigger: Average GC time (170.80 ms) is above the time for allocation rate (770 MB/s) to deplete free headroom (129M)
[62.009s][info][gc,ergo       ] Free headroom: 167M (free) - 38400K (spike) - 0B (penalties) = 129M
[62.009s][info][gc,ergo       ] Free: 167M, Max: 256K regular, 142M humongous, Frag: 15% external, 1% internal; Reserve: 38400K, Max: 256K
[62.009s][info][gc,start      ] GC(104) Concurrent reset
[62.009s][info][gc,task       ] GC(104) Using 1 of 1 workers for concurrent reset
[62.009s][info][gc,ergo       ] GC(104) Pacer for Reset. Non-Taxable: 750M
[62.009s][info][gc            ] GC(104) Concurrent reset 0.357ms
[62.012s][info][gc,start      ] GC(104) Pause Init Mark
[62.012s][info][gc,task       ] GC(104) Using 1 of 1 workers for init marking
[62.013s][info][gc,ergo       ] GC(104) Pacer for Mark. Expected Live: 167M, Free: 167M, Non-Taxable: 17124K, Alloc Tax Rate: 1.2x
[62.014s][info][gc            ] GC(104) Pause Init Mark 1.761ms
[62.014s][info][gc,start      ] GC(104) Concurrent marking
[62.014s][info][gc,task       ] GC(104) Using 1 of 1 workers for concurrent marking
[62.152s][info][gc            ] GC(104) Concurrent marking 138.044ms
[62.152s][info][gc,start      ] GC(104) Pause Final Mark
[62.152s][info][gc,task       ] GC(104) Using 1 of 1 workers for final marking
[62.152s][info][gc,ergo       ] GC(104) Collectable Garbage: 372M (98%), Immediate: 372M (98%), CSet: 0B (0%)
[62.152s][info][gc            ] GC(104) Pause Final Mark 0.408ms
[62.152s][info][gc,start      ] GC(104) Concurrent cleanup
[62.152s][info][gc            ] GC(104) Concurrent cleanup 571M->199M(573M) 0.145ms
[62.152s][info][gc,ergo       ] GC(104) Free: 512M, Max: 256K regular, 213M humongous, Frag: 59% external, 0% internal; Reserve: 38400K, Max: 256K
[62.153s][info][gc,ergo       ] Free: 512M, Max: 256K regular, 213M humongous, Frag: 59% external, 0% internal; Reserve: 38400K, Max: 256K
[62.153s][info][gc,stats      ] 
[62.153s][info][gc,stats      ] All times are wall-clock times, except per-root-class counters, that are sum over
[62.153s][info][gc,stats      ] all workers. Dividing the <total> over the root stage time estimates parallelism.
[62.153s][info][gc,stats      ] 
[62.153s][info][gc,stats      ] Concurrent Reset                    349 us
[62.153s][info][gc,stats      ] Pause Init Mark (G)                4178 us
[62.153s][info][gc,stats      ] Pause Init Mark (N)                1731 us
[62.153s][info][gc,stats      ]   Accumulate Stats                   31 us
[62.153s][info][gc,stats      ]   Make Parsable                      16 us
[62.153s][info][gc,stats      ]   Update Region States               41 us
[62.153s][info][gc,stats      ]   Scan Roots                       1574 us, parallelism: 0.82x
[62.153s][info][gc,stats      ]     S: <total>                     1298 us
[62.153s][info][gc,stats      ]     S: Thread Roots                 698 us, workers (us): 698, 
[62.153s][info][gc,stats      ]     S: Universe Roots                 3 us, workers (us):   3, 
[62.153s][info][gc,stats      ]     S: JNI Handles Roots              1 us, workers (us):   1, 
[62.153s][info][gc,stats      ]     S: Synchronizer Roots             0 us, workers (us):   0, 
[62.153s][info][gc,stats      ]     S: Management Roots               1 us, workers (us):   1, 
[62.153s][info][gc,stats      ]     S: System Dict Roots             11 us, workers (us):  11, 
[62.153s][info][gc,stats      ]     S: CLDG Roots                   583 us, workers (us): 583, 
[62.153s][info][gc,stats      ]     S: JVMTI Roots                    0 us, workers (us):   0, 
[62.153s][info][gc,stats      ]   Resize TLABs                       20 us
[62.153s][info][gc,stats      ] Concurrent Marking               138035 us
[62.153s][info][gc,stats      ] Pause Final Mark (G)                607 us
[62.153s][info][gc,stats      ] Pause Final Mark (N)                390 us
[62.153s][info][gc,stats      ]   Finish Queues                      22 us
[62.153s][info][gc,stats      ]   System Purge                      262 us
[62.153s][info][gc,stats      ]     Weak Roots                      261 us
[62.153s][info][gc,stats      ]   Update Region States               45 us
[62.153s][info][gc,stats      ]   Retire TLABs                       23 us
[62.153s][info][gc,stats      ]   Choose Collection Set              20 us
[62.153s][info][gc,stats      ]   Rebuild Free Set                   11 us
[62.153s][info][gc,stats      ] Concurrent Cleanup                  136 us
[62.153s][info][gc,stats      ] Pacing                            93596 us
[62.153s][info][gc,stats      ] 
[62.153s][info][gc,stats      ] Allocation pacing accrued:
[62.153s][info][gc,stats      ]      13 of   446 ms (  2.9%): Spark Context Cleaner
[62.153s][info][gc,stats      ]      81 of   446 ms ( 18.2%): Executor task launch worker for task 0.0 in stage 25.0 (TID 25)
[62.153s][info][gc,stats      ]      94 of   446 ms ( 21.0%): <total>
[62.153s][info][gc,stats      ]       0 of   446 ms (  0.1%): <average total>
[62.153s][info][gc,stats      ]      47 of   446 ms ( 10.5%): <average non-zero>
[62.153s][info][gc,stats      ] 
[62.153s][info][gc,metaspace  ] Metaspace: 60800K->60800K(1103872K)
[62.153s][info][gc,ergo       ] Pacer for Idle. Initial: 15360K, Alloc Tax Rate: 1.0x
[62.464s][info][gc            ] Trigger: Average GC time (162.81 ms) is above the time for allocation rate (816 MB/s) to deplete free headroom (130M)
[62.464s][info][gc,ergo       ] Free headroom: 168M (free) - 38400K (spike) - 0B (penalties) = 130M
[62.464s][info][gc,ergo       ] Free: 168M, Max: 256K regular, 140M humongous, Frag: 17% external, 1% internal; Reserve: 38400K, Max: 256K
[62.464s][info][gc,start      ] GC(105) Concurrent reset
[62.464s][info][gc,task       ] GC(105) Using 1 of 1 workers for concurrent reset
[62.464s][info][gc,ergo       ] GC(105) Pacer for Reset. Non-Taxable: 750M
[62.465s][info][gc            ] GC(105) Concurrent reset 0.332ms
[62.467s][info][gc,start      ] GC(105) Pause Init Mark (process weakrefs)
[62.467s][info][gc,task       ] GC(105) Using 1 of 1 workers for init marking
[62.469s][info][gc,ergo       ] GC(105) Pacer for Mark. Expected Live: 167M, Free: 168M, Non-Taxable: 17203K, Alloc Tax Rate: 1.2x
[62.469s][info][gc            ] GC(105) Pause Init Mark (process weakrefs) 1.701ms
[62.469s][info][gc,start      ] GC(105) Concurrent marking (process weakrefs)
[62.469s][info][gc,task       ] GC(105) Using 1 of 1 workers for concurrent marking
[62.733s][info][gc            ] GC(105) Concurrent marking (process weakrefs) 264.745ms
[62.734s][info][gc,start      ] GC(105) Concurrent precleaning
[62.734s][info][gc,task       ] GC(105) Using 1 of 1 workers for concurrent preclean
[62.734s][info][gc,ergo       ] GC(105) Pacer for Precleaning. Non-Taxable: 750M
[62.734s][info][gc            ] GC(105) Concurrent precleaning 0.628ms
[62.734s][info][gc,start      ] GC(105) Pause Final Mark (process weakrefs)
[62.734s][info][gc,task       ] GC(105) Using 1 of 1 workers for final marking
[62.735s][info][gc,ergo       ] GC(105) Collectable Garbage: 371M (98%), Immediate: 371M (98%), CSet: 0B (0%)
[62.735s][info][gc            ] GC(105) Pause Final Mark (process weakrefs) 0.520ms
[62.735s][info][gc,start      ] GC(105) Concurrent cleanup
[62.735s][info][gc            ] GC(105) Concurrent cleanup 553M->182M(573M) 0.112ms
[62.735s][info][gc,ergo       ] GC(105) Free: 528M, Max: 256K regular, 193M humongous, Frag: 64% external, 0% internal; Reserve: 38400K, Max: 256K
[62.735s][info][gc,ergo       ] Free: 528M, Max: 256K regular, 193M humongous, Frag: 64% external, 0% internal; Reserve: 38400K, Max: 256K
[62.735s][info][gc,stats      ] 
[62.735s][info][gc,stats      ] All times are wall-clock times, except per-root-class counters, that are sum over
[62.735s][info][gc,stats      ] all workers. Dividing the <total> over the root stage time estimates parallelism.
[62.735s][info][gc,stats      ] 
[62.735s][info][gc,stats      ] Concurrent Reset                    323 us
[62.735s][info][gc,stats      ] Pause Init Mark (G)                4063 us
[62.735s][info][gc,stats      ] Pause Init Mark (N)                1672 us
[62.735s][info][gc,stats      ]   Accumulate Stats                   48 us
[62.735s][info][gc,stats      ]   Make Parsable                      20 us
[62.735s][info][gc,stats      ]   Update Region States               44 us
[62.735s][info][gc,stats      ]   Scan Roots                       1508 us, parallelism: 0.82x
[62.735s][info][gc,stats      ]     S: <total>                     1234 us
[62.735s][info][gc,stats      ]     S: Thread Roots                 663 us, workers (us): 663, 
[62.735s][info][gc,stats      ]     S: Universe Roots                 2 us, workers (us):   2, 
[62.735s][info][gc,stats      ]     S: JNI Handles Roots              1 us, workers (us):   1, 
[62.735s][info][gc,stats      ]     S: Synchronizer Roots             0 us, workers (us):   0, 
[62.735s][info][gc,stats      ]     S: Management Roots               2 us, workers (us):   2, 
[62.735s][info][gc,stats      ]     S: System Dict Roots             11 us, workers (us):  11, 
[62.735s][info][gc,stats      ]     S: CLDG Roots                   554 us, workers (us): 554, 
[62.735s][info][gc,stats      ]     S: JVMTI Roots                    1 us, workers (us):   1, 
[62.735s][info][gc,stats      ]   Resize TLABs                       16 us
[62.735s][info][gc,stats      ] Concurrent Marking               264736 us
[62.735s][info][gc,stats      ] Concurrent Precleaning              614 us
[62.735s][info][gc,stats      ] Pause Final Mark (G)                752 us
[62.735s][info][gc,stats      ] Pause Final Mark (N)                511 us
[62.735s][info][gc,stats      ]   Finish Queues                      20 us
[62.735s][info][gc,stats      ]   Weak References                    16 us
[62.735s][info][gc,stats      ]     Process                          14 us
[62.735s][info][gc,stats      ]   System Purge                      289 us
[62.735s][info][gc,stats      ]     Weak Roots                      288 us
[62.735s][info][gc,stats      ]   Update Region States               95 us
[62.735s][info][gc,stats      ]   Retire TLABs                       34 us
[62.735s][info][gc,stats      ]   Choose Collection Set              41 us
[62.735s][info][gc,stats      ]   Rebuild Free Set                   10 us
[62.735s][info][gc,stats      ] Concurrent Cleanup                  105 us
[62.735s][info][gc,stats      ] Pacing                             8466 us
[62.735s][info][gc,stats      ] 
[62.735s][info][gc,stats      ] Allocation pacing accrued:
[62.735s][info][gc,stats      ]       8 of   583 ms (  1.5%): Executor task launch worker for task 0.0 in stage 26.0 (TID 26)
[62.735s][info][gc,stats      ]       8 of   583 ms (  1.5%): <total>
[62.735s][info][gc,stats      ]       0 of   583 ms (  0.0%): <average total>
[62.735s][info][gc,stats      ]       8 of   583 ms (  1.5%): <average non-zero>
[62.735s][info][gc,stats      ] 
[62.735s][info][gc,metaspace  ] Metaspace: 60800K->60845K(1103872K)
[62.735s][info][gc,ergo       ] Pacer for Idle. Initial: 15360K, Alloc Tax Rate: 1.0x
[62.737s][info][gc            ] Trigger: Explicit GC request (System.gc())
[62.737s][info][gc,ergo       ] Free: 528M, Max: 256K regular, 193M humongous, Frag: 64% external, 0% internal; Reserve: 38400K, Max: 256K
[62.737s][info][gc,start      ] GC(106) Concurrent reset
[62.737s][info][gc,task       ] GC(106) Using 1 of 1 workers for concurrent reset
[62.737s][info][gc,ergo       ] GC(106) Pacer for Reset. Non-Taxable: 750M
[62.737s][info][gc            ] GC(106) Concurrent reset 0.335ms
[62.738s][info][gc,start      ] GC(106) Pause Init Mark (process weakrefs) (unload classes)
[62.738s][info][gc,task       ] GC(106) Using 1 of 1 workers for init marking
[62.739s][info][gc,ergo       ] GC(106) Pacer for Mark. Expected Live: 167M, Free: 528M, Non-Taxable: 54135K, Alloc Tax Rate: 0.4x
[62.739s][info][gc            ] GC(106) Pause Init Mark (process weakrefs) (unload classes) 1.168ms
[62.739s][info][gc,start      ] GC(106) Concurrent marking (process weakrefs) (unload classes)
[62.739s][info][gc,task       ] GC(106) Using 1 of 1 workers for concurrent marking
[62.938s][info][gc            ] GC(106) Concurrent marking (process weakrefs) (unload classes) 198.663ms
[62.938s][info][gc,start      ] GC(106) Concurrent precleaning
[62.938s][info][gc,task       ] GC(106) Using 1 of 1 workers for concurrent preclean
[62.938s][info][gc,ergo       ] GC(106) Pacer for Precleaning. Non-Taxable: 750M
[62.941s][info][gc            ] GC(106) Concurrent precleaning 3.690ms
[62.942s][info][gc,start      ] GC(106) Pause Final Mark (process weakrefs) (unload classes)
[62.942s][info][gc,task       ] GC(106) Using 1 of 1 workers for final marking
[62.980s][info][gc,stringtable] GC(106) Cleaned string and symbol table, strings: 18627 processed, 0 removed, symbols: 131770 processed, 0 removed
[62.981s][info][gc,ergo       ] GC(106) Adaptive CSet Selection. Target Free: 106M, Actual Free: 575M, Max CSet: 32000K, Min Garbage: 0B
[62.981s][info][gc,ergo       ] GC(106) Collectable Garbage: 14350K (86%), Immediate: 9728K (58%), CSet: 4622K (27%)
[62.983s][info][gc,ergo       ] GC(106) Pacer for Evacuation. Used CSet: 4953K, Free: 538M, Non-Taxable: 55116K, Alloc Tax Rate: 1.1x
[62.983s][info][gc            ] GC(106) Pause Final Mark (process weakrefs) (unload classes) 41.397ms
[62.985s][info][gc,start      ] GC(106) Concurrent cleanup
[62.985s][info][gc            ] GC(106) Concurrent cleanup 182M->173M(573M) 0.100ms
[62.985s][info][gc,ergo       ] GC(106) Free: 538M, Max: 256K regular, 239M humongous, Frag: 56% external, 0% internal; Reserve: 38273K, Max: 256K
[62.985s][info][gc,start      ] GC(106) Concurrent evacuation
[62.985s][info][gc,task       ] GC(106) Using 1 of 1 workers for concurrent evacuation
[62.989s][info][gc            ] GC(106) Concurrent evacuation 3.882ms
[62.992s][info][gc,start      ] GC(106) Pause Init Update Refs
[62.992s][info][gc,ergo       ] GC(106) Pacer for Update Refs. Used: 173M, Free: 538M, Non-Taxable: 55113K, Alloc Tax Rate: 1.1x
[62.992s][info][gc            ] GC(106) Pause Init Update Refs 0.058ms
[62.992s][info][gc,start      ] GC(106) Concurrent update references
[62.992s][info][gc,task       ] GC(106) Using 1 of 1 workers for concurrent reference update
[63.097s][info][gc            ] GC(106) Concurrent update references 104.210ms
[63.097s][info][gc,start      ] GC(106) Pause Final Update Refs
[63.097s][info][gc,task       ] GC(106) Using 1 of 1 workers for final reference update
[63.098s][info][gc            ] GC(106) Pause Final Update Refs 0.654ms
[63.098s][info][gc,start      ] GC(106) Concurrent cleanup
[63.098s][info][gc            ] GC(106) Concurrent cleanup 176M->171M(573M) 0.056ms
[63.098s][info][gc,ergo       ] Free: 539M, Max: 256K regular, 431M humongous, Frag: 21% external, 0% internal; Reserve: 38400K, Max: 256K
[63.098s][info][gc,stats      ] 
[63.098s][info][gc,stats      ] All times are wall-clock times, except per-root-class counters, that are sum over
[63.098s][info][gc,stats      ] all workers. Dividing the <total> over the root stage time estimates parallelism.
[63.098s][info][gc,stats      ] 
[63.098s][info][gc,stats      ] Concurrent Reset                    326 us
[63.098s][info][gc,stats      ] Pause Init Mark (G)                1524 us
[63.098s][info][gc,stats      ] Pause Init Mark (N)                1152 us
[63.098s][info][gc,stats      ]   Accumulate Stats                   26 us
[63.098s][info][gc,stats      ]   Make Parsable                      46 us
[63.098s][info][gc,stats      ]   Update Region States               40 us
[63.098s][info][gc,stats      ]   Scan Roots                        997 us, parallelism: 0.72x
[63.098s][info][gc,stats      ]     S: <total>                      719 us
[63.098s][info][gc,stats      ]     S: Thread Roots                 605 us, workers (us): 605, 
[63.098s][info][gc,stats      ]     S: Universe Roots                 2 us, workers (us):   2, 
[63.098s][info][gc,stats      ]     S: JNI Handles Roots              1 us, workers (us):   1, 
[63.098s][info][gc,stats      ]     S: Synchronizer Roots             0 us, workers (us):   0, 
[63.098s][info][gc,stats      ]     S: Management Roots               2 us, workers (us):   2, 
[63.098s][info][gc,stats      ]     S: System Dict Roots             12 us, workers (us):  12, 
[63.098s][info][gc,stats      ]     S: CLDG Roots                    96 us, workers (us):  96, 
[63.098s][info][gc,stats      ]     S: JVMTI Roots                    1 us, workers (us):   1, 
[63.098s][info][gc,stats      ]   Resize TLABs                       16 us
[63.098s][info][gc,stats      ] Concurrent Marking               198655 us
[63.098s][info][gc,stats      ] Concurrent Precleaning             3655 us
[63.098s][info][gc,stats      ] Pause Final Mark (G)              43781 us
[63.098s][info][gc,stats      ] Pause Final Mark (N)              41385 us
[63.098s][info][gc,stats      ]   Finish Queues                     159 us
[63.098s][info][gc,stats      ]   Weak References                    78 us
[63.098s][info][gc,stats      ]     Process                          75 us
[63.098s][info][gc,stats      ]   System Purge                      298 us
[63.098s][info][gc,stats      ]     Unload Classes                 1062 us
[63.098s][info][gc,stats      ]     Cleanup                       36896 us, parallelism: 1.00x
[63.098s][info][gc,stats      ]       CU: <total>                 36816 us
[63.098s][info][gc,stats      ]       CU: Code Cache Roots        16430 us, workers (us): 16430, 
[63.098s][info][gc,stats      ]       CU: Code Cache Cleaning      1730 us, workers (us): 1730, 
[63.098s][info][gc,stats      ]       CU: String Table Roots      12117 us, workers (us): 12117, 
[63.098s][info][gc,stats      ]       CU: Resolved Table Roots      132 us, workers (us): 132, 
[63.098s][info][gc,stats      ]       CU: CLDG Roots               6406 us, workers (us): 6406, 
[63.098s][info][gc,stats      ]     Weak Roots                      298 us
[63.098s][info][gc,stats      ]     CLDG                            229 us
[63.098s][info][gc,stats      ]   Update Region States               50 us
[63.098s][info][gc,stats      ]   Retire TLABs                       56 us
[63.098s][info][gc,stats      ]   Choose Collection Set              73 us
[63.098s][info][gc,stats      ]   Rebuild Free Set                   10 us
[63.098s][info][gc,stats      ]   Initial Evacuation               2461 us, parallelism: 0.64x
[63.098s][info][gc,stats      ]     E: <total>                     1574 us
[63.098s][info][gc,stats      ]     E: Thread Roots                 627 us, workers (us): 627, 
[63.098s][info][gc,stats      ]     E: Code Cache Roots             425 us, workers (us): 425, 
[63.098s][info][gc,stats      ]     E: Universe Roots                 3 us, workers (us):   3, 
[63.098s][info][gc,stats      ]     E: JNI Handles Roots              1 us, workers (us):   1, 
[63.098s][info][gc,stats      ]     E: Synchronizer Roots             0 us, workers (us):   0, 
[63.098s][info][gc,stats      ]     E: Management Roots               2 us, workers (us):   2, 
[63.098s][info][gc,stats      ]     E: System Dict Roots             11 us, workers (us):  11, 
[63.098s][info][gc,stats      ]     E: CLDG Roots                   504 us, workers (us): 504, 
[63.098s][info][gc,stats      ]     E: JVMTI Roots                    1 us, workers (us):   1, 
[63.098s][info][gc,stats      ] Concurrent Cleanup                   53 us
[63.098s][info][gc,stats      ] Concurrent Evacuation              3871 us
[63.098s][info][gc,stats      ] Pause Init  Update Refs (G)        3116 us
[63.098s][info][gc,stats      ] Pause Init  Update Refs (N)          22 us
[63.098s][info][gc,stats      ]   Retire GCLABs                      13 us
[63.098s][info][gc,stats      ] Concurrent Update Refs           104194 us
[63.098s][info][gc,stats      ] Pause Final Update Refs (G)        1020 us
[63.098s][info][gc,stats      ] Pause Final Update Refs (N)         642 us
[63.098s][info][gc,stats      ]   Update Roots                      575 us, parallelism: 0.99x
[63.098s][info][gc,stats      ]     UR: <total>                     568 us
[63.098s][info][gc,stats      ]     UR: Thread Roots                568 us, workers (us): 568, 
[63.098s][info][gc,stats      ]   Update Region States               46 us
[63.098s][info][gc,stats      ]   Trash Collection Set                2 us
[63.098s][info][gc,stats      ]   Rebuild Free Set                   10 us
[63.098s][info][gc,stats      ] Concurrent Cleanup                   49 us
[63.098s][info][gc,stats      ] 
[63.098s][info][gc,stats      ] Allocation pacing accrued:
[63.098s][info][gc,stats      ]       0 of   363 ms (  0.0%): <total>
[63.098s][info][gc,stats      ]       0 of   363 ms (  0.0%): <average total>
[63.098s][info][gc,stats      ] 
[63.098s][info][gc,metaspace  ] Metaspace: 60845K->60479K(1103872K)
[63.098s][info][gc,ergo       ] Pacer for Idle. Initial: 15360K, Alloc Tax Rate: 1.0x
[63.098s][info][gc,start      ] Concurrent uncommit
[63.115s][info][gc            ] Concurrent uncommit 171M->171M(173M) 16.789ms
[63.225s][info][gc            ] Trigger: Learning 2 of 5. Free (524M) is below initial threshold (525M)
[63.226s][info][gc,ergo       ] Free: 524M, Max: 256K regular, 431M humongous, Frag: 18% external, 0% internal; Reserve: 38400K, Max: 256K
[63.226s][info][gc,start      ] GC(107) Concurrent reset
[63.226s][info][gc,task       ] GC(107) Using 1 of 1 workers for concurrent reset
[63.226s][info][gc,ergo       ] GC(107) Pacer for Reset. Non-Taxable: 750M
[63.226s][info][gc            ] GC(107) Concurrent reset 0.271ms
[63.227s][info][gc,start      ] GC(107) Pause Init Mark
[63.227s][info][gc,task       ] GC(107) Using 1 of 1 workers for init marking
[63.228s][info][gc,ergo       ] GC(107) Pacer for Mark. Expected Live: 167M, Free: 524M, Non-Taxable: 53734K, Alloc Tax Rate: 0.4x
[63.229s][info][gc            ] GC(107) Pause Init Mark 2.021ms
[63.229s][info][gc,start      ] GC(107) Concurrent marking
[63.229s][info][gc,task       ] GC(107) Using 1 of 1 workers for concurrent marking
[63.610s][info][gc            ] GC(107) Concurrent marking 381.676ms
[63.613s][info][gc,start      ] GC(107) Pause Final Mark
[63.613s][info][gc,task       ] GC(107) Using 1 of 1 workers for final marking
[63.613s][info][gc,ergo       ] GC(107) Adaptive CSet Selection. Target Free: 106M, Actual Free: 508M, Max CSet: 32000K, Min Garbage: 0B
[63.616s][info][gc,ergo       ] GC(107) Collectable Garbage: 15940K (87%), Immediate: 8207K (44%), CSet: 7732K (42%)
[63.619s][info][gc,ergo       ] GC(107) Pacer for Evacuation. Used CSet: 8499K, Free: 473M, Non-Taxable: 48493K, Alloc Tax Rate: 1.1x
[63.620s][info][gc            ] GC(107) Pause Final Mark 6.729ms
[63.629s][info][gc,start      ] GC(107) Concurrent cleanup
[63.629s][info][gc            ] GC(107) Concurrent cleanup 245M->240M(249M) 0.089ms
[63.629s][info][gc,ergo       ] GC(107) Free: 469M, Max: 256K regular, 431M humongous, Frag: 8% external, 2% internal; Reserve: 38337K, Max: 256K
[63.629s][info][gc,start      ] GC(107) Concurrent evacuation
[63.629s][info][gc,task       ] GC(107) Using 1 of 1 workers for concurrent evacuation
[63.630s][info][gc            ] GC(107) Concurrent evacuation 0.918ms
[63.632s][info][gc,start      ] GC(107) Pause Init Update Refs
[63.632s][info][gc,ergo       ] GC(107) Pacer for Update Refs. Used: 241M, Free: 469M, Non-Taxable: 48058K, Alloc Tax Rate: 1.1x
[63.632s][info][gc            ] GC(107) Pause Init Update Refs 0.045ms
[63.632s][info][gc,start      ] GC(107) Concurrent update references
[63.632s][info][gc,task       ] GC(107) Using 1 of 1 workers for concurrent reference update
[63.897s][info][gc            ] GC(107) Concurrent update references 264.430ms
[63.899s][info][gc,start      ] GC(107) Pause Final Update Refs
[63.899s][info][gc,task       ] GC(107) Using 1 of 1 workers for final reference update
[63.901s][info][gc            ] GC(107) Pause Final Update Refs 1.484ms
[63.903s][info][gc,start      ] GC(107) Concurrent cleanup
[63.903s][info][gc            ] GC(107) Concurrent cleanup 330M->323M(333M) 0.152ms
[63.903s][info][gc,ergo       ] Free: 387M, Max: 256K regular, 379M humongous, Frag: 2% external, 1% internal; Reserve: 38400K, Max: 256K
[63.903s][info][gc,stats      ] 
[63.903s][info][gc,stats      ] All times are wall-clock times, except per-root-class counters, that are sum over
[63.903s][info][gc,stats      ] all workers. Dividing the <total> over the root stage time estimates parallelism.
[63.903s][info][gc,stats      ] 
[63.903s][info][gc,stats      ] Concurrent Reset                    263 us
[63.903s][info][gc,stats      ] Pause Init Mark (G)                2700 us
[63.903s][info][gc,stats      ] Pause Init Mark (N)                1997 us
[63.903s][info][gc,stats      ]   Accumulate Stats                   30 us
[63.903s][info][gc,stats      ]   Make Parsable                      21 us
[63.903s][info][gc,stats      ]   Update Region States               39 us
[63.903s][info][gc,stats      ]   Scan Roots                       1843 us, parallelism: 0.85x
[63.903s][info][gc,stats      ]     S: <total>                     1562 us
[63.903s][info][gc,stats      ]     S: Thread Roots                 907 us, workers (us): 907, 
[63.903s][info][gc,stats      ]     S: Universe Roots                 2 us, workers (us):   2, 
[63.903s][info][gc,stats      ]     S: JNI Handles Roots              1 us, workers (us):   1, 
[63.903s][info][gc,stats      ]     S: Synchronizer Roots             0 us, workers (us):   0, 
[63.903s][info][gc,stats      ]     S: Management Roots               2 us, workers (us):   2, 
[63.903s][info][gc,stats      ]     S: System Dict Roots             12 us, workers (us):  12, 
[63.903s][info][gc,stats      ]     S: CLDG Roots                   638 us, workers (us): 638, 
[63.903s][info][gc,stats      ]     S: JVMTI Roots                    1 us, workers (us):   1, 
[63.903s][info][gc,stats      ]   Resize TLABs                       25 us
[63.903s][info][gc,stats      ] Concurrent Marking               381666 us
[63.903s][info][gc,stats      ] Pause Final Mark (G)              18691 us
[63.903s][info][gc,stats      ] Pause Final Mark (N)               6655 us
[63.903s][info][gc,stats      ]   Finish Queues                      44 us
[63.903s][info][gc,stats      ]   System Purge                      316 us
[63.903s][info][gc,stats      ]     Weak Roots                      316 us
[63.903s][info][gc,stats      ]   Update Region States               50 us
[63.903s][info][gc,stats      ]   Retire TLABs                       26 us
[63.903s][info][gc,stats      ]   Choose Collection Set            2957 us
[63.903s][info][gc,stats      ]   Rebuild Free Set                  153 us
[63.903s][info][gc,stats      ]   Initial Evacuation               3097 us, parallelism: 0.63x
[63.903s][info][gc,stats      ]     E: <total>                     1964 us
[63.903s][info][gc,stats      ]     E: Thread Roots                 791 us, workers (us): 791, 
[63.903s][info][gc,stats      ]     E: Code Cache Roots             475 us, workers (us): 475, 
[63.903s][info][gc,stats      ]     E: Universe Roots                 1 us, workers (us):   1, 
[63.903s][info][gc,stats      ]     E: JNI Handles Roots              1 us, workers (us):   1, 
[63.903s][info][gc,stats      ]     E: Synchronizer Roots             1 us, workers (us):   1, 
[63.903s][info][gc,stats      ]     E: Management Roots               2 us, workers (us):   2, 
[63.903s][info][gc,stats      ]     E: System Dict Roots             12 us, workers (us):  12, 
[63.903s][info][gc,stats      ]     E: CLDG Roots                   679 us, workers (us): 679, 
[63.903s][info][gc,stats      ]     E: JVMTI Roots                    1 us, workers (us):   1, 
[63.903s][info][gc,stats      ] Concurrent Cleanup                   53 us
[63.903s][info][gc,stats      ] Concurrent Evacuation               905 us
[63.903s][info][gc,stats      ] Pause Init  Update Refs (G)        1987 us
[63.903s][info][gc,stats      ] Pause Init  Update Refs (N)          20 us
[63.903s][info][gc,stats      ]   Retire GCLABs                      11 us
[63.903s][info][gc,stats      ] Concurrent Update Refs           264411 us
[63.903s][info][gc,stats      ] Pause Final Update Refs (G)        5785 us
[63.903s][info][gc,stats      ] Pause Final Update Refs (N)        1427 us
[63.903s][info][gc,stats      ]   Update Roots                     1286 us, parallelism: 0.97x
[63.903s][info][gc,stats      ]     UR: <total>                    1251 us
[63.903s][info][gc,stats      ]     UR: Thread Roots               1251 us, workers (us): 1251, 
[63.903s][info][gc,stats      ]   Update Region States               85 us
[63.903s][info][gc,stats      ]   Trash Collection Set                4 us
[63.903s][info][gc,stats      ]   Rebuild Free Set                   27 us
[63.903s][info][gc,stats      ] Concurrent Cleanup                  125 us
[63.903s][info][gc,stats      ] 
[63.903s][info][gc,stats      ] Allocation pacing accrued:
[63.903s][info][gc,stats      ]       0 of   805 ms (  0.0%): <total>
[63.903s][info][gc,stats      ]       0 of   805 ms (  0.0%): <average total>
[63.903s][info][gc,stats      ] 
[63.903s][info][gc,metaspace  ] Metaspace: 60700K->60866K(1103872K)
[63.903s][info][gc,ergo       ] Pacer for Idle. Initial: 15360K, Alloc Tax Rate: 1.0x
[63.905s][info][gc            ] Trigger: Learning 3 of 5. Free (386M) is below initial threshold (525M)
[63.905s][info][gc,ergo       ] Free: 386M, Max: 256K regular, 379M humongous, Frag: 2% external, 1% internal; Reserve: 38400K, Max: 256K
[63.905s][info][gc,start      ] GC(108) Concurrent reset
[63.905s][info][gc,task       ] GC(108) Using 1 of 1 workers for concurrent reset
[63.905s][info][gc,ergo       ] GC(108) Pacer for Reset. Non-Taxable: 750M
[63.910s][info][gc            ] GC(108) Concurrent reset 5.260ms
[63.918s][info][gc,start      ] GC(108) Pause Init Mark
[63.918s][info][gc,task       ] GC(108) Using 1 of 1 workers for init marking
[63.921s][info][gc,ergo       ] GC(108) Pacer for Mark. Expected Live: 167M, Free: 384M, Non-Taxable: 39399K, Alloc Tax Rate: 0.5x
[63.921s][info][gc            ] GC(108) Pause Init Mark 3.161ms
[63.921s][info][gc,start      ] GC(108) Concurrent marking
[63.921s][info][gc,task       ] GC(108) Using 1 of 1 workers for concurrent marking
[64.088s][info][gc            ] GC(108) Concurrent marking 167.627ms
[64.089s][info][gc,start      ] GC(108) Pause Final Mark
[64.089s][info][gc,task       ] GC(108) Using 1 of 1 workers for final marking
[64.089s][info][gc,ergo       ] GC(108) Collectable Garbage: 149M (94%), Immediate: 149M (94%), CSet: 0B (0%)
[64.089s][info][gc            ] GC(108) Pause Final Mark 0.400ms
[64.089s][info][gc,start      ] GC(108) Concurrent cleanup
[64.089s][info][gc            ] GC(108) Concurrent cleanup 384M->235M(387M) 0.079ms
[64.089s][info][gc,ergo       ] GC(108) Free: 476M, Max: 256K regular, 325M humongous, Frag: 32% external, 0% internal; Reserve: 38400K, Max: 256K
[64.089s][info][gc,ergo       ] Free: 476M, Max: 256K regular, 325M humongous, Frag: 32% external, 0% internal; Reserve: 38400K, Max: 256K
[64.089s][info][gc,stats      ] 
[64.089s][info][gc,stats      ] All times are wall-clock times, except per-root-class counters, that are sum over
[64.089s][info][gc,stats      ] all workers. Dividing the <total> over the root stage time estimates parallelism.
[64.089s][info][gc,stats      ] 
[64.089s][info][gc,stats      ] Concurrent Reset                   5239 us
[64.089s][info][gc,stats      ] Pause Init Mark (G)               10848 us
[64.089s][info][gc,stats      ] Pause Init Mark (N)                3105 us
[64.089s][info][gc,stats      ]   Accumulate Stats                   41 us
[64.089s][info][gc,stats      ]   Make Parsable                      27 us
[64.089s][info][gc,stats      ]   Update Region States               93 us
[64.089s][info][gc,stats      ]   Scan Roots                       2844 us, parallelism: 0.86x
[64.089s][info][gc,stats      ]     S: <total>                     2432 us
[64.089s][info][gc,stats      ]     S: Thread Roots                1319 us, workers (us): 1319, 
[64.089s][info][gc,stats      ]     S: Universe Roots                 4 us, workers (us):   4, 
[64.089s][info][gc,stats      ]     S: JNI Handles Roots              3 us, workers (us):   3, 
[64.089s][info][gc,stats      ]     S: Synchronizer Roots             0 us, workers (us):   0, 
[64.089s][info][gc,stats      ]     S: Management Roots               2 us, workers (us):   2, 
[64.089s][info][gc,stats      ]     S: System Dict Roots             19 us, workers (us):  19, 
[64.089s][info][gc,stats      ]     S: CLDG Roots                  1083 us, workers (us): 1083, 
[64.089s][info][gc,stats      ]     S: JVMTI Roots                    1 us, workers (us):   1, 
[64.089s][info][gc,stats      ]   Resize TLABs                       36 us
[64.089s][info][gc,stats      ] Concurrent Marking               167610 us
[64.089s][info][gc,stats      ] Pause Final Mark (G)                575 us
[64.089s][info][gc,stats      ] Pause Final Mark (N)                390 us
[64.089s][info][gc,stats      ]   Finish Queues                      15 us
[64.089s][info][gc,stats      ]   System Purge                      269 us
[64.089s][info][gc,stats      ]     Weak Roots                      269 us
[64.089s][info][gc,stats      ]   Update Region States               45 us
[64.089s][info][gc,stats      ]   Retire TLABs                       22 us
[64.089s][info][gc,stats      ]   Choose Collection Set              20 us
[64.089s][info][gc,stats      ]   Rebuild Free Set                   12 us
[64.089s][info][gc,stats      ] Concurrent Cleanup                   72 us
[64.089s][info][gc,stats      ] Pacing                            24657 us
[64.089s][info][gc,stats      ] 
[64.089s][info][gc,stats      ] Allocation pacing accrued:
[64.089s][info][gc,stats      ]      25 of   186 ms ( 13.3%): Executor task launch worker for task 0.0 in stage 28.0 (TID 28)
[64.089s][info][gc,stats      ]      25 of   186 ms ( 13.3%): <total>
[64.089s][info][gc,stats      ]       0 of   186 ms (  0.1%): <average total>
[64.089s][info][gc,stats      ]      25 of   186 ms ( 13.3%): <average non-zero>
[64.089s][info][gc,stats      ] 
[64.089s][info][gc,metaspace  ] Metaspace: 60866K->60866K(1103872K)
[64.089s][info][gc,ergo       ] Pacer for Idle. Initial: 15360K, Alloc Tax Rate: 1.0x
[64.091s][info][gc            ] Trigger: Learning 4 of 5. Free (474M) is below initial threshold (525M)
[64.091s][info][gc,ergo       ] Free: 474M, Max: 256K regular, 325M humongous, Frag: 32% external, 0% internal; Reserve: 38400K, Max: 256K
[64.091s][info][gc,start      ] GC(109) Concurrent reset
[64.091s][info][gc,task       ] GC(109) Using 1 of 1 workers for concurrent reset
[64.091s][info][gc,ergo       ] GC(109) Pacer for Reset. Non-Taxable: 750M
[64.097s][info][gc            ] GC(109) Concurrent reset 6.131ms
[64.101s][info][gc,start      ] GC(109) Pause Init Mark
[64.101s][info][gc,task       ] GC(109) Using 1 of 1 workers for init marking
[64.103s][info][gc,ergo       ] GC(109) Pacer for Mark. Expected Live: 167M, Free: 467M, Non-Taxable: 47898K, Alloc Tax Rate: 0.4x
[64.103s][info][gc            ] GC(109) Pause Init Mark 1.671ms
[64.103s][info][gc,start      ] GC(109) Concurrent marking
[64.103s][info][gc,task       ] GC(109) Using 1 of 1 workers for concurrent marking
[64.269s][info][gc            ] GC(109) Concurrent marking 165.736ms
[64.269s][info][gc,start      ] GC(109) Pause Final Mark
[64.269s][info][gc,task       ] GC(109) Using 1 of 1 workers for final marking
[64.269s][info][gc,ergo       ] GC(109) Adaptive CSet Selection. Target Free: 106M, Actual Free: 501M, Max CSet: 32000K, Min Garbage: 0B
[64.269s][info][gc,ergo       ] GC(109) Collectable Garbage: 75812K (96%), Immediate: 69376K (88%), CSet: 6436K (8%)
[64.272s][info][gc,ergo       ] GC(109) Pacer for Evacuation. Used CSet: 7161K, Free: 463M, Non-Taxable: 47488K, Alloc Tax Rate: 1.1x
[64.272s][info][gc            ] GC(109) Pause Final Mark 2.772ms
[64.272s][info][gc,start      ] GC(109) Concurrent cleanup
[64.272s][info][gc            ] GC(109) Concurrent cleanup 315M->247M(387M) 0.071ms
[64.272s][info][gc,ergo       ] GC(109) Free: 463M, Max: 256K regular, 326M humongous, Frag: 30% external, 0% internal; Reserve: 38337K, Max: 256K
[64.272s][info][gc,start      ] GC(109) Concurrent evacuation
[64.272s][info][gc,task       ] GC(109) Using 1 of 1 workers for concurrent evacuation
[64.273s][info][gc            ] GC(109) Concurrent evacuation 0.757ms
[64.273s][info][gc,start      ] GC(109) Pause Init Update Refs
[64.273s][info][gc,ergo       ] GC(109) Pacer for Update Refs. Used: 248M, Free: 463M, Non-Taxable: 47488K, Alloc Tax Rate: 1.1x
[64.273s][info][gc            ] GC(109) Pause Init Update Refs 0.027ms
[64.273s][info][gc,start      ] GC(109) Concurrent update references
[64.273s][info][gc,task       ] GC(109) Using 1 of 1 workers for concurrent reference update
[64.533s][info][gc            ] GC(109) Concurrent update references 260.322ms
[64.534s][info][gc,start      ] GC(109) Pause Final Update Refs
[64.534s][info][gc,task       ] GC(109) Using 1 of 1 workers for final reference update
[64.535s][info][gc            ] GC(109) Pause Final Update Refs 0.841ms
[64.535s][info][gc,start      ] GC(109) Concurrent cleanup
[64.535s][info][gc            ] GC(109) Concurrent cleanup 378M->371M(388M) 0.058ms
[64.535s][info][gc,ergo       ] Free: 339M, Max: 256K regular, 333M humongous, Frag: 2% external, 0% internal; Reserve: 38400K, Max: 256K
[64.535s][info][gc,stats      ] 
[64.535s][info][gc,stats      ] All times are wall-clock times, except per-root-class counters, that are sum over
[64.535s][info][gc,stats      ] all workers. Dividing the <total> over the root stage time estimates parallelism.
[64.535s][info][gc,stats      ] 
[64.535s][info][gc,stats      ] Concurrent Reset                   6119 us
[64.535s][info][gc,stats      ] Pause Init Mark (G)                5521 us
[64.535s][info][gc,stats      ] Pause Init Mark (N)                1628 us
[64.535s][info][gc,stats      ]   Accumulate Stats                   31 us
[64.535s][info][gc,stats      ]   Make Parsable                      14 us
[64.535s][info][gc,stats      ]   Update Region States               43 us
[64.535s][info][gc,stats      ]   Scan Roots                       1491 us, parallelism: 0.82x
[64.535s][info][gc,stats      ]     S: <total>                     1219 us
[64.535s][info][gc,stats      ]     S: Thread Roots                 647 us, workers (us): 647, 
[64.535s][info][gc,stats      ]     S: Universe Roots                 2 us, workers (us):   2, 
[64.535s][info][gc,stats      ]     S: JNI Handles Roots              2 us, workers (us):   2, 
[64.535s][info][gc,stats      ]     S: Synchronizer Roots             0 us, workers (us):   0, 
[64.535s][info][gc,stats      ]     S: Management Roots               1 us, workers (us):   1, 
[64.535s][info][gc,stats      ]     S: System Dict Roots             11 us, workers (us):  11, 
[64.535s][info][gc,stats      ]     S: CLDG Roots                   554 us, workers (us): 554, 
[64.535s][info][gc,stats      ]     S: JVMTI Roots                    1 us, workers (us):   1, 
[64.535s][info][gc,stats      ]   Resize TLABs                       16 us
[64.535s][info][gc,stats      ] Concurrent Marking               165725 us
[64.535s][info][gc,stats      ] Pause Final Mark (G)               2966 us
[64.535s][info][gc,stats      ] Pause Final Mark (N)               2760 us
[64.535s][info][gc,stats      ]   Finish Queues                      15 us
[64.535s][info][gc,stats      ]   System Purge                      342 us
[64.535s][info][gc,stats      ]     Weak Roots                      342 us
[64.535s][info][gc,stats      ]   Update Region States               46 us
[64.535s][info][gc,stats      ]   Retire TLABs                       29 us
[64.535s][info][gc,stats      ]   Choose Collection Set              96 us
[64.535s][info][gc,stats      ]   Rebuild Free Set                   11 us
[64.535s][info][gc,stats      ]   Initial Evacuation               2213 us, parallelism: 0.66x
[64.535s][info][gc,stats      ]     E: <total>                     1456 us
[64.535s][info][gc,stats      ]     E: Thread Roots                 713 us, workers (us): 713, 
[64.535s][info][gc,stats      ]     E: Code Cache Roots             232 us, workers (us): 232, 
[64.535s][info][gc,stats      ]     E: Universe Roots                 1 us, workers (us):   1, 
[64.535s][info][gc,stats      ]     E: JNI Handles Roots              1 us, workers (us):   1, 
[64.535s][info][gc,stats      ]     E: Synchronizer Roots             0 us, workers (us):   0, 
[64.535s][info][gc,stats      ]     E: Management Roots               1 us, workers (us):   1, 
[64.535s][info][gc,stats      ]     E: System Dict Roots             10 us, workers (us):  10, 
[64.535s][info][gc,stats      ]     E: CLDG Roots                   496 us, workers (us): 496, 
[64.535s][info][gc,stats      ]     E: JVMTI Roots                    1 us, workers (us):   1, 
[64.535s][info][gc,stats      ] Concurrent Cleanup                   62 us
[64.535s][info][gc,stats      ] Concurrent Evacuation               748 us
[64.535s][info][gc,stats      ] Pause Init  Update Refs (G)         350 us
[64.535s][info][gc,stats      ] Pause Init  Update Refs (N)          18 us
[64.535s][info][gc,stats      ]   Retire GCLABs                      11 us
[64.535s][info][gc,stats      ] Concurrent Update Refs           260308 us
[64.535s][info][gc,stats      ] Pause Final Update Refs (G)        1264 us
[64.535s][info][gc,stats      ] Pause Final Update Refs (N)         768 us
[64.535s][info][gc,stats      ]   Update Roots                      688 us, parallelism: 0.98x
[64.535s][info][gc,stats      ]     UR: <total>                     673 us
[64.535s][info][gc,stats      ]     UR: Thread Roots                673 us, workers (us): 673, 
[64.535s][info][gc,stats      ]   Update Region States               49 us
[64.535s][info][gc,stats      ]   Trash Collection Set                2 us
[64.535s][info][gc,stats      ]   Rebuild Free Set                   10 us
[64.535s][info][gc,stats      ] Concurrent Cleanup                   50 us
[64.535s][info][gc,stats      ] Pacing                            44360 us
[64.535s][info][gc,stats      ] 
[64.535s][info][gc,stats      ] Allocation pacing accrued:
[64.535s][info][gc,stats      ]      44 of   446 ms ( 10.0%): Executor task launch worker for task 0.0 in stage 28.0 (TID 28)
[64.535s][info][gc,stats      ]      44 of   446 ms ( 10.0%): <total>
[64.535s][info][gc,stats      ]       0 of   446 ms (  0.0%): <average total>
[64.535s][info][gc,stats      ]      44 of   446 ms ( 10.0%): <average non-zero>
[64.535s][info][gc,stats      ] 
[64.535s][info][gc,metaspace  ] Metaspace: 60866K->60866K(1103872K)
[64.535s][info][gc,ergo       ] Pacer for Idle. Initial: 15360K, Alloc Tax Rate: 1.0x
[64.537s][info][gc            ] Trigger: Learning 5 of 5. Free (338M) is below initial threshold (525M)
[64.537s][info][gc,ergo       ] Free: 338M, Max: 256K regular, 333M humongous, Frag: 2% external, 0% internal; Reserve: 38400K, Max: 256K
[64.537s][info][gc,start      ] GC(110) Concurrent reset
[64.537s][info][gc,task       ] GC(110) Using 1 of 1 workers for concurrent reset
[64.537s][info][gc,ergo       ] GC(110) Pacer for Reset. Non-Taxable: 750M
[64.540s][info][gc            ] GC(110) Concurrent reset 3.239ms
[64.545s][info][gc,start      ] GC(110) Pause Init Mark (process weakrefs)
[64.545s][info][gc,task       ] GC(110) Using 1 of 1 workers for init marking
[64.548s][info][gc,ergo       ] GC(110) Pacer for Mark. Expected Live: 167M, Free: 335M, Non-Taxable: 34304K, Alloc Tax Rate: 0.6x
[64.548s][info][gc            ] GC(110) Pause Init Mark (process weakrefs) 3.507ms
[64.548s][info][gc,start      ] GC(110) Concurrent marking (process weakrefs)
[64.548s][info][gc,task       ] GC(110) Using 1 of 1 workers for concurrent marking
[64.713s][info][gc            ] GC(110) Concurrent marking (process weakrefs) 164.942ms
[64.713s][info][gc,start      ] GC(110) Concurrent precleaning
[64.713s][info][gc,task       ] GC(110) Using 1 of 1 workers for concurrent preclean
[64.713s][info][gc,ergo       ] GC(110) Pacer for Precleaning. Non-Taxable: 750M
[64.718s][info][gc            ] GC(110) Concurrent precleaning 5.109ms
[64.722s][info][gc,start      ] GC(110) Pause Final Mark (process weakrefs)
[64.722s][info][gc,task       ] GC(110) Using 1 of 1 workers for final marking
[64.724s][info][gc,ergo       ] GC(110) Collectable Garbage: 206M (98%), Immediate: 206M (98%), CSet: 0B (0%)
[64.724s][info][gc            ] GC(110) Pause Final Mark (process weakrefs) 1.504ms
[64.724s][info][gc,start      ] GC(110) Concurrent cleanup
[64.724s][info][gc            ] GC(110) Concurrent cleanup 430M->224M(431M) 0.088ms
[64.724s][info][gc,ergo       ] GC(110) Free: 487M, Max: 256K regular, 281M humongous, Frag: 43% external, 0% internal; Reserve: 38400K, Max: 256K
[64.724s][info][gc,ergo       ] Free: 487M, Max: 256K regular, 281M humongous, Frag: 43% external, 0% internal; Reserve: 38400K, Max: 256K
[64.724s][info][gc,stats      ] 
[64.724s][info][gc,stats      ] All times are wall-clock times, except per-root-class counters, that are sum over
[64.724s][info][gc,stats      ] all workers. Dividing the <total> over the root stage time estimates parallelism.
[64.724s][info][gc,stats      ] 
[64.724s][info][gc,stats      ] Concurrent Reset                   3229 us
[64.724s][info][gc,stats      ] Pause Init Mark (G)                7982 us
[64.724s][info][gc,stats      ] Pause Init Mark (N)                3204 us
[64.724s][info][gc,stats      ]   Accumulate Stats                   32 us
[64.724s][info][gc,stats      ]   Make Parsable                      18 us
[64.724s][info][gc,stats      ]   Update Region States               54 us
[64.724s][info][gc,stats      ]   Scan Roots                       3014 us, parallelism: 0.91x
[64.724s][info][gc,stats      ]     S: <total>                     2740 us
[64.724s][info][gc,stats      ]     S: Thread Roots                1910 us, workers (us): 1910, 
[64.724s][info][gc,stats      ]     S: Universe Roots                 2 us, workers (us):   2, 
[64.724s][info][gc,stats      ]     S: JNI Handles Roots              2 us, workers (us):   2, 
[64.724s][info][gc,stats      ]     S: Synchronizer Roots             0 us, workers (us):   0, 
[64.724s][info][gc,stats      ]     S: Management Roots               2 us, workers (us):   2, 
[64.724s][info][gc,stats      ]     S: System Dict Roots             13 us, workers (us):  13, 
[64.724s][info][gc,stats      ]     S: CLDG Roots                   810 us, workers (us): 810, 
[64.724s][info][gc,stats      ]     S: JVMTI Roots                    1 us, workers (us):   1, 
[64.724s][info][gc,stats      ]   Resize TLABs                       21 us
[64.724s][info][gc,stats      ] Concurrent Marking               164930 us
[64.724s][info][gc,stats      ] Concurrent Precleaning             5085 us
[64.724s][info][gc,stats      ] Pause Final Mark (G)               5497 us
[64.724s][info][gc,stats      ] Pause Final Mark (N)               1469 us
[64.724s][info][gc,stats      ]   Finish Queues                      35 us
[64.724s][info][gc,stats      ]   Weak References                    28 us
[64.724s][info][gc,stats      ]     Process                          26 us
[64.724s][info][gc,stats      ]   System Purge                     1275 us
[64.724s][info][gc,stats      ]     Weak Roots                     1275 us
[64.724s][info][gc,stats      ]   Update Region States               51 us
[64.724s][info][gc,stats      ]   Retire TLABs                       34 us
[64.724s][info][gc,stats      ]   Choose Collection Set              27 us
[64.724s][info][gc,stats      ]   Rebuild Free Set                   10 us
[64.724s][info][gc,stats      ] Concurrent Cleanup                   80 us
[64.724s][info][gc,stats      ] Pacing                            47712 us
[64.724s][info][gc,stats      ] 
[64.724s][info][gc,stats      ] Allocation pacing accrued:
[64.724s][info][gc,stats      ]      48 of   189 ms ( 25.3%): Executor task launch worker for task 0.0 in stage 28.0 (TID 28)
[64.724s][info][gc,stats      ]      48 of   189 ms ( 25.3%): <total>
[64.724s][info][gc,stats      ]       0 of   189 ms (  0.1%): <average total>
[64.724s][info][gc,stats      ]      48 of   189 ms ( 25.3%): <average non-zero>
[64.724s][info][gc,stats      ] 
[64.724s][info][gc,metaspace  ] Metaspace: 60866K->60866K(1103872K)
[64.724s][info][gc,ergo       ] Pacer for Idle. Initial: 15360K, Alloc Tax Rate: 1.0x
[64.940s][info][gc            ] Trigger: Average GC time (370.68 ms) is above the time for allocation rate (657 MB/s) to deplete free headroom (241M)
[64.941s][info][gc,ergo       ] Free headroom: 279M (free) - 38400K (spike) - 0B (penalties) = 241M
[64.941s][info][gc,ergo       ] Free: 279M, Max: 256K regular, 279M humongous, Frag: 0% external, 0% internal; Reserve: 38400K, Max: 256K
[64.941s][info][gc,start      ] GC(111) Concurrent reset
[64.941s][info][gc,task       ] GC(111) Using 1 of 1 workers for concurrent reset
[64.941s][info][gc,ergo       ] GC(111) Pacer for Reset. Non-Taxable: 750M
[64.941s][info][gc            ] GC(111) Concurrent reset 0.339ms
[64.943s][info][gc,start      ] GC(111) Pause Init Mark
[64.943s][info][gc,task       ] GC(111) Using 1 of 1 workers for init marking
[64.945s][info][gc,ergo       ] GC(111) Pacer for Mark. Expected Live: 167M, Free: 279M, Non-Taxable: 28569K, Alloc Tax Rate: 0.7x
[64.945s][info][gc            ] GC(111) Pause Init Mark 1.744ms
[64.945s][info][gc,start      ] GC(111) Concurrent marking
[64.945s][info][gc,task       ] GC(111) Using 1 of 1 workers for concurrent marking
[65.098s][info][gc            ] GC(111) Concurrent marking 152.550ms
[65.098s][info][gc,start      ] GC(111) Pause Final Mark
[65.098s][info][gc,task       ] GC(111) Using 1 of 1 workers for final marking
[65.098s][info][gc,ergo       ] GC(111) Collectable Garbage: 261M (98%), Immediate: 261M (98%), CSet: 0B (0%)
[65.098s][info][gc            ] GC(111) Pause Final Mark 0.442ms
[65.098s][info][gc,start      ] GC(111) Concurrent cleanup
[65.098s][info][gc            ] GC(111) Concurrent cleanup 475M->214M(477M) 0.095ms
[65.098s][info][gc,ergo       ] GC(111) Free: 496M, Max: 256K regular, 235M humongous, Frag: 53% external, 0% internal; Reserve: 38400K, Max: 256K
[65.098s][info][gc,ergo       ] Free: 496M, Max: 256K regular, 235M humongous, Frag: 53% external, 0% internal; Reserve: 38400K, Max: 256K
[65.098s][info][gc,stats      ] 
[65.098s][info][gc,stats      ] All times are wall-clock times, except per-root-class counters, that are sum over
[65.098s][info][gc,stats      ] all workers. Dividing the <total> over the root stage time estimates parallelism.
[65.098s][info][gc,stats      ] 
[65.098s][info][gc,stats      ] Concurrent Reset                    331 us
[65.098s][info][gc,stats      ] Pause Init Mark (G)                4116 us
[65.098s][info][gc,stats      ] Pause Init Mark (N)                1720 us
[65.098s][info][gc,stats      ]   Accumulate Stats                   49 us
[65.098s][info][gc,stats      ]   Make Parsable                      17 us
[65.098s][info][gc,stats      ]   Update Region States               41 us
[65.098s][info][gc,stats      ]   Scan Roots                       1548 us, parallelism: 0.82x
[65.098s][info][gc,stats      ]     S: <total>                     1262 us
[65.098s][info][gc,stats      ]     S: Thread Roots                 716 us, workers (us): 716, 
[65.098s][info][gc,stats      ]     S: Universe Roots                 2 us, workers (us):   2, 
[65.099s][info][gc,stats      ]     S: JNI Handles Roots              1 us, workers (us):   1, 
[65.099s][info][gc,stats      ]     S: Synchronizer Roots             0 us, workers (us):   0, 
[65.099s][info][gc,stats      ]     S: Management Roots               1 us, workers (us):   1, 
[65.099s][info][gc,stats      ]     S: System Dict Roots             11 us, workers (us):  11, 
[65.099s][info][gc,stats      ]     S: CLDG Roots                   529 us, workers (us): 529, 
[65.099s][info][gc,stats      ]     S: JVMTI Roots                    1 us, workers (us):   1, 
[65.099s][info][gc,stats      ]   Resize TLABs                       19 us
[65.099s][info][gc,stats      ] Concurrent Marking               152541 us
[65.099s][info][gc,stats      ] Pause Final Mark (G)                671 us
[65.099s][info][gc,stats      ] Pause Final Mark (N)                426 us
[65.099s][info][gc,stats      ]   Finish Queues                      32 us
[65.099s][info][gc,stats      ]   System Purge                      288 us
[65.099s][info][gc,stats      ]     Weak Roots                      287 us
[65.099s][info][gc,stats      ]   Update Region States               46 us
[65.099s][info][gc,stats      ]   Retire TLABs                       20 us
[65.099s][info][gc,stats      ]   Choose Collection Set              21 us
[65.099s][info][gc,stats      ]   Rebuild Free Set                   10 us
[65.099s][info][gc,stats      ] Concurrent Cleanup                   88 us
[65.099s][info][gc,stats      ] Pacing                            36733 us
[65.099s][info][gc,stats      ] 
[65.099s][info][gc,stats      ] Allocation pacing accrued:
[65.099s][info][gc,stats      ]      37 of   374 ms (  9.8%): Executor task launch worker for task 0.0 in stage 28.0 (TID 28)
[65.099s][info][gc,stats      ]      37 of   374 ms (  9.8%): <total>
[65.099s][info][gc,stats      ]       0 of   374 ms (  0.0%): <average total>
[65.099s][info][gc,stats      ]      37 of   374 ms (  9.8%): <average non-zero>
[65.099s][info][gc,stats      ] 
[65.099s][info][gc,metaspace  ] Metaspace: 60868K->60868K(1103872K)
[65.099s][info][gc,ergo       ] Pacer for Idle. Initial: 15360K, Alloc Tax Rate: 1.0x
[65.291s][info][gc            ] Trigger: Average GC time (330.11 ms) is above the time for allocation rate (739 MB/s) to deplete free headroom (243M)
[65.291s][info][gc,ergo       ] Free headroom: 280M (free) - 38400K (spike) - 0B (penalties) = 243M
[65.291s][info][gc,ergo       ] Free: 280M, Max: 256K regular, 235M humongous, Frag: 17% external, 0% internal; Reserve: 38400K, Max: 256K
[65.291s][info][gc,start      ] GC(112) Concurrent reset
[65.291s][info][gc,task       ] GC(112) Using 1 of 1 workers for concurrent reset
[65.291s][info][gc,ergo       ] GC(112) Pacer for Reset. Non-Taxable: 750M
[65.292s][info][gc            ] GC(112) Concurrent reset 0.279ms
[65.294s][info][gc,start      ] GC(112) Pause Init Mark
[65.294s][info][gc,task       ] GC(112) Using 1 of 1 workers for init marking
[65.296s][info][gc,ergo       ] GC(112) Pacer for Mark. Expected Live: 167M, Free: 280M, Non-Taxable: 28748K, Alloc Tax Rate: 0.7x
[65.296s][info][gc            ] GC(112) Pause Init Mark 1.701ms
[65.296s][info][gc,start      ] GC(112) Concurrent marking
[65.296s][info][gc,task       ] GC(112) Using 1 of 1 workers for concurrent marking
[65.458s][info][gc            ] GC(112) Concurrent marking 162.169ms
[65.458s][info][gc,start      ] GC(112) Pause Final Mark
[65.458s][info][gc,task       ] GC(112) Using 1 of 1 workers for final marking
[65.459s][info][gc,ergo       ] GC(112) Collectable Garbage: 259M (98%), Immediate: 259M (98%), CSet: 0B (0%)
[65.459s][info][gc            ] GC(112) Pause Final Mark 0.431ms
[65.459s][info][gc,start      ] GC(112) Concurrent cleanup
[65.459s][info][gc            ] GC(112) Concurrent cleanup 474M->215M(477M) 0.095ms
[65.459s][info][gc,ergo       ] GC(112) Free: 496M, Max: 256K regular, 280M humongous, Frag: 44% external, 0% internal; Reserve: 38400K, Max: 256K
[65.459s][info][gc,ergo       ] Free: 496M, Max: 256K regular, 280M humongous, Frag: 44% external, 0% internal; Reserve: 38400K, Max: 256K
[65.459s][info][gc,stats      ] 
[65.459s][info][gc,stats      ] All times are wall-clock times, except per-root-class counters, that are sum over
[65.459s][info][gc,stats      ] all workers. Dividing the <total> over the root stage time estimates parallelism.
[65.459s][info][gc,stats      ] 
[65.459s][info][gc,stats      ] Concurrent Reset                    271 us
[65.459s][info][gc,stats      ] Pause Init Mark (G)                4057 us
[65.459s][info][gc,stats      ] Pause Init Mark (N)                1675 us
[65.459s][info][gc,stats      ]   Accumulate Stats                   27 us
[65.459s][info][gc,stats      ]   Make Parsable                      18 us
[65.459s][info][gc,stats      ]   Update Region States               44 us
[65.459s][info][gc,stats      ]   Scan Roots                       1533 us, parallelism: 0.81x
[65.459s][info][gc,stats      ]     S: <total>                     1239 us
[65.459s][info][gc,stats      ]     S: Thread Roots                 691 us, workers (us): 691, 
[65.459s][info][gc,stats      ]     S: Universe Roots                 2 us, workers (us):   2, 
[65.459s][info][gc,stats      ]     S: JNI Handles Roots              2 us, workers (us):   2, 
[65.459s][info][gc,stats      ]     S: Synchronizer Roots             0 us, workers (us):   0, 
[65.459s][info][gc,stats      ]     S: Management Roots               1 us, workers (us):   1, 
[65.459s][info][gc,stats      ]     S: System Dict Roots             11 us, workers (us):  11, 
[65.459s][info][gc,stats      ]     S: CLDG Roots                   531 us, workers (us): 531, 
[65.459s][info][gc,stats      ]     S: JVMTI Roots                    1 us, workers (us):   1, 
[65.459s][info][gc,stats      ]   Resize TLABs                       18 us
[65.459s][info][gc,stats      ] Concurrent Marking               162160 us
[65.459s][info][gc,stats      ] Pause Final Mark (G)                621 us
[65.459s][info][gc,stats      ] Pause Final Mark (N)                412 us
[65.459s][info][gc,stats      ]   Finish Queues                      21 us
[65.459s][info][gc,stats      ]   System Purge                      275 us
[65.459s][info][gc,stats      ]     Weak Roots                      275 us
[65.459s][info][gc,stats      ]   Update Region States               45 us
[65.459s][info][gc,stats      ]   Retire TLABs                       29 us
[65.459s][info][gc,stats      ]   Choose Collection Set              22 us
[65.459s][info][gc,stats      ]   Rebuild Free Set                   11 us
[65.459s][info][gc,stats      ] Concurrent Cleanup                   88 us
[65.459s][info][gc,stats      ] Pacing                            62259 us
[65.459s][info][gc,stats      ] 
[65.459s][info][gc,stats      ] Allocation pacing accrued:
[65.459s][info][gc,stats      ]      62 of   360 ms ( 17.3%): Executor task launch worker for task 0.0 in stage 28.0 (TID 28)
[65.459s][info][gc,stats      ]      62 of   360 ms ( 17.3%): <total>
[65.459s][info][gc,stats      ]       0 of   360 ms (  0.1%): <average total>
[65.459s][info][gc,stats      ]      62 of   360 ms ( 17.3%): <average non-zero>
[65.459s][info][gc,stats      ] 
[65.459s][info][gc,metaspace  ] Metaspace: 60868K->60868K(1103872K)
[65.459s][info][gc,ergo       ] Pacer for Idle. Initial: 15360K, Alloc Tax Rate: 1.0x
[65.731s][info][gc            ] Trigger: Average GC time (228.13 ms) is above the time for allocation rate (753 MB/s) to deplete free headroom (171M)
[65.731s][info][gc,ergo       ] Free headroom: 209M (free) - 38400K (spike) - 0B (penalties) = 171M
[65.731s][info][gc,ergo       ] Free: 209M, Max: 256K regular, 209M humongous, Frag: 0% external, 1% internal; Reserve: 38400K, Max: 256K
[65.731s][info][gc,start      ] GC(113) Concurrent reset
[65.731s][info][gc,task       ] GC(113) Using 1 of 1 workers for concurrent reset
[65.731s][info][gc,ergo       ] GC(113) Pacer for Reset. Non-Taxable: 750M
[65.731s][info][gc            ] GC(113) Concurrent reset 0.346ms
[65.734s][info][gc,start      ] GC(113) Pause Init Mark
[65.734s][info][gc,task       ] GC(113) Using 1 of 1 workers for init marking
[65.736s][info][gc,ergo       ] GC(113) Pacer for Mark. Expected Live: 167M, Free: 209M, Non-Taxable: 21401K, Alloc Tax Rate: 1.0x
[65.736s][info][gc            ] GC(113) Pause Init Mark 1.870ms
[65.736s][info][gc,start      ] GC(113) Concurrent marking
[65.736s][info][gc,task       ] GC(113) Using 1 of 1 workers for concurrent marking
[65.923s][info][gc            ] GC(113) Concurrent marking 187.591ms
[65.924s][info][gc,start      ] GC(113) Pause Final Mark
[65.924s][info][gc,task       ] GC(113) Using 1 of 1 workers for final marking
[65.924s][info][gc,ergo       ] GC(113) Collectable Garbage: 331M (98%), Immediate: 331M (98%), CSet: 0B (0%)
[65.924s][info][gc            ] GC(113) Pause Final Mark 0.400ms
[65.924s][info][gc,start      ] GC(113) Concurrent cleanup
[65.924s][info][gc            ] GC(113) Concurrent cleanup 535M->204M(537M) 0.106ms
[65.924s][info][gc,ergo       ] GC(113) Free: 506M, Max: 256K regular, 175M humongous, Frag: 66% external, 0% internal; Reserve: 38400K, Max: 256K
[65.924s][info][gc,ergo       ] Free: 506M, Max: 256K regular, 175M humongous, Frag: 66% external, 0% internal; Reserve: 38400K, Max: 256K
[65.924s][info][gc,stats      ] 
[65.924s][info][gc,stats      ] All times are wall-clock times, except per-root-class counters, that are sum over
[65.924s][info][gc,stats      ] all workers. Dividing the <total> over the root stage time estimates parallelism.
[65.924s][info][gc,stats      ] 
[65.924s][info][gc,stats      ] Concurrent Reset                    338 us
[65.924s][info][gc,stats      ] Pause Init Mark (G)                4243 us
[65.924s][info][gc,stats      ] Pause Init Mark (N)                1841 us
[65.924s][info][gc,stats      ]   Accumulate Stats                   51 us
[65.924s][info][gc,stats      ]   Make Parsable                      24 us
[65.924s][info][gc,stats      ]   Update Region States               51 us
[65.924s][info][gc,stats      ]   Scan Roots                       1631 us, parallelism: 0.81x
[65.924s][info][gc,stats      ]     S: <total>                     1323 us
[65.924s][info][gc,stats      ]     S: Thread Roots                 716 us, workers (us): 716, 
[65.924s][info][gc,stats      ]     S: Universe Roots                 2 us, workers (us):   2, 
[65.924s][info][gc,stats      ]     S: JNI Handles Roots              2 us, workers (us):   2, 
[65.924s][info][gc,stats      ]     S: Synchronizer Roots             0 us, workers (us):   0, 
[65.924s][info][gc,stats      ]     S: Management Roots               2 us, workers (us):   2, 
[65.924s][info][gc,stats      ]     S: System Dict Roots             14 us, workers (us):  14, 
[65.924s][info][gc,stats      ]     S: CLDG Roots                   586 us, workers (us): 586, 
[65.924s][info][gc,stats      ]     S: JVMTI Roots                    1 us, workers (us):   1, 
[65.924s][info][gc,stats      ]   Resize TLABs                       23 us
[65.924s][info][gc,stats      ] Concurrent Marking               187581 us
[65.924s][info][gc,stats      ] Pause Final Mark (G)                636 us
[65.924s][info][gc,stats      ] Pause Final Mark (N)                383 us
[65.924s][info][gc,stats      ]   Finish Queues                      21 us
[65.924s][info][gc,stats      ]   System Purge                      263 us
[65.924s][info][gc,stats      ]     Weak Roots                      263 us
[65.924s][info][gc,stats      ]   Update Region States               45 us
[65.924s][info][gc,stats      ]   Retire TLABs                       17 us
[65.924s][info][gc,stats      ]   Choose Collection Set              20 us
[65.924s][info][gc,stats      ]   Rebuild Free Set                   11 us
[65.924s][info][gc,stats      ] Concurrent Cleanup                   99 us
[65.924s][info][gc,stats      ] Pacing                            79392 us
[65.924s][info][gc,stats      ] 
[65.924s][info][gc,stats      ] Allocation pacing accrued:
[65.924s][info][gc,stats      ]      79 of   465 ms ( 17.1%): Executor task launch worker for task 0.0 in stage 28.0 (TID 28)
[65.924s][info][gc,stats      ]      79 of   465 ms ( 17.1%): <total>
[65.924s][info][gc,stats      ]       0 of   465 ms (  0.1%): <average total>
[65.924s][info][gc,stats      ]      79 of   465 ms ( 17.1%): <average non-zero>
[65.924s][info][gc,stats      ] 
[65.924s][info][gc,metaspace  ] Metaspace: 60868K->60868K(1103872K)
[65.924s][info][gc,ergo       ] Pacer for Idle. Initial: 15360K, Alloc Tax Rate: 1.0x
[66.225s][info][gc            ] Trigger: Average GC time (229.82 ms) is above the time for allocation rate (697 MB/s) to deplete free headroom (157M)
[66.226s][info][gc,ergo       ] Free headroom: 195M (free) - 38400K (spike) - 0B (penalties) = 157M
[66.226s][info][gc,ergo       ] Free: 195M, Max: 256K regular, 175M humongous, Frag: 10% external, 1% internal; Reserve: 38400K, Max: 256K
[66.226s][info][gc,start      ] GC(114) Concurrent reset
[66.226s][info][gc,task       ] GC(114) Using 1 of 1 workers for concurrent reset
[66.226s][info][gc,ergo       ] GC(114) Pacer for Reset. Non-Taxable: 750M
[66.226s][info][gc            ] GC(114) Concurrent reset 0.306ms
[66.228s][info][gc,start      ] GC(114) Pause Init Mark
[66.228s][info][gc,task       ] GC(114) Using 1 of 1 workers for init marking
[66.230s][info][gc,ergo       ] GC(114) Pacer for Mark. Expected Live: 167M, Free: 195M, Non-Taxable: 19993K, Alloc Tax Rate: 1.0x
[66.230s][info][gc            ] GC(114) Pause Init Mark 1.799ms
[66.230s][info][gc,start      ] GC(114) Concurrent marking
[66.230s][info][gc,task       ] GC(114) Using 1 of 1 workers for concurrent marking
[66.376s][info][gc            ] GC(114) Concurrent marking 145.376ms
[66.376s][info][gc,start      ] GC(114) Pause Final Mark
[66.376s][info][gc,task       ] GC(114) Using 1 of 1 workers for final marking
[66.376s][info][gc,ergo       ] GC(114) Collectable Garbage: 343M (98%), Immediate: 343M (98%), CSet: 0B (0%)
[66.376s][info][gc            ] GC(114) Pause Final Mark 0.434ms
[66.376s][info][gc,start      ] GC(114) Concurrent cleanup
[66.376s][info][gc            ] GC(114) Concurrent cleanup 547M->204M(548M) 0.108ms
[66.376s][info][gc,ergo       ] GC(114) Free: 507M, Max: 256K regular, 164M humongous, Frag: 68% external, 0% internal; Reserve: 38400K, Max: 256K
[66.376s][info][gc,ergo       ] Free: 507M, Max: 256K regular, 164M humongous, Frag: 68% external, 0% internal; Reserve: 38400K, Max: 256K
[66.376s][info][gc,stats      ] 
[66.376s][info][gc,stats      ] All times are wall-clock times, except per-root-class counters, that are sum over
[66.376s][info][gc,stats      ] all workers. Dividing the <total> over the root stage time estimates parallelism.
[66.376s][info][gc,stats      ] 
[66.376s][info][gc,stats      ] Concurrent Reset                    296 us
[66.376s][info][gc,stats      ] Pause Init Mark (G)                4195 us
[66.376s][info][gc,stats      ] Pause Init Mark (N)                1771 us
[66.376s][info][gc,stats      ]   Accumulate Stats                   32 us
[66.376s][info][gc,stats      ]   Make Parsable                      19 us
[66.376s][info][gc,stats      ]   Update Region States               39 us
[66.376s][info][gc,stats      ]   Scan Roots                       1616 us, parallelism: 0.82x
[66.376s][info][gc,stats      ]     S: <total>                     1329 us
[66.376s][info][gc,stats      ]     S: Thread Roots                 705 us, workers (us): 705, 
[66.376s][info][gc,stats      ]     S: Universe Roots                 2 us, workers (us):   2, 
[66.376s][info][gc,stats      ]     S: JNI Handles Roots              1 us, workers (us):   1, 
[66.376s][info][gc,stats      ]     S: Synchronizer Roots             0 us, workers (us):   0, 
[66.376s][info][gc,stats      ]     S: Management Roots               1 us, workers (us):   1, 
[66.376s][info][gc,stats      ]     S: System Dict Roots             12 us, workers (us):  12, 
[66.376s][info][gc,stats      ]     S: CLDG Roots                   607 us, workers (us): 607, 
[66.377s][info][gc,stats      ]     S: JVMTI Roots                    1 us, workers (us):   1, 
[66.377s][info][gc,stats      ]   Resize TLABs                       21 us
[66.377s][info][gc,stats      ] Concurrent Marking               145366 us
[66.377s][info][gc,stats      ] Pause Final Mark (G)                617 us
[66.377s][info][gc,stats      ] Pause Final Mark (N)                424 us
[66.377s][info][gc,stats      ]   Finish Queues                      15 us
[66.377s][info][gc,stats      ]   System Purge                      289 us
[66.377s][info][gc,stats      ]     Weak Roots                      288 us
[66.377s][info][gc,stats      ]   Update Region States               48 us
[66.377s][info][gc,stats      ]   Retire TLABs                       30 us
[66.377s][info][gc,stats      ]   Choose Collection Set              24 us
[66.377s][info][gc,stats      ]   Rebuild Free Set                   11 us
[66.377s][info][gc,stats      ] Concurrent Cleanup                  101 us
[66.377s][info][gc,stats      ] Pacing                            66962 us
[66.377s][info][gc,stats      ] 
[66.377s][info][gc,stats      ] Allocation pacing accrued:
[66.377s][info][gc,stats      ]      67 of   452 ms ( 14.8%): Executor task launch worker for task 0.0 in stage 28.0 (TID 28)
[66.377s][info][gc,stats      ]      67 of   452 ms ( 14.8%): <total>
[66.377s][info][gc,stats      ]       0 of   452 ms (  0.1%): <average total>
[66.377s][info][gc,stats      ]      67 of   452 ms ( 14.8%): <average non-zero>
[66.377s][info][gc,stats      ] 
[66.377s][info][gc,metaspace  ] Metaspace: 60868K->60869K(1103872K)
[66.377s][info][gc,ergo       ] Pacer for Idle. Initial: 15360K, Alloc Tax Rate: 1.0x
[66.738s][info][gc            ] Trigger: Average GC time (171.20 ms) is above the time for allocation rate (734 MB/s) to deplete free headroom (125M)
[66.738s][info][gc,ergo       ] Free headroom: 162M (free) - 38400K (spike) - 0B (penalties) = 125M
[66.738s][info][gc,ergo       ] Free: 162M, Max: 256K regular, 162M humongous, Frag: 0% external, 1% internal; Reserve: 38400K, Max: 256K
[66.738s][info][gc,start      ] GC(115) Concurrent reset
[66.738s][info][gc,task       ] GC(115) Using 1 of 1 workers for concurrent reset
[66.738s][info][gc,ergo       ] GC(115) Pacer for Reset. Non-Taxable: 750M
[66.738s][info][gc            ] GC(115) Concurrent reset 0.336ms
[66.740s][info][gc,start      ] GC(115) Pause Init Mark (process weakrefs)
[66.740s][info][gc,task       ] GC(115) Using 1 of 1 workers for init marking
[66.742s][info][gc,ergo       ] GC(115) Pacer for Mark. Expected Live: 167M, Free: 162M, Non-Taxable: 16665K, Alloc Tax Rate: 1.3x
[66.742s][info][gc            ] GC(115) Pause Init Mark (process weakrefs) 1.808ms
[66.742s][info][gc,start      ] GC(115) Concurrent marking (process weakrefs)
[66.742s][info][gc,task       ] GC(115) Using 1 of 1 workers for concurrent marking
[66.874s][info][gc            ] GC(115) Concurrent marking (process weakrefs) 131.738ms
[66.874s][info][gc,start      ] GC(115) Concurrent precleaning
[66.874s][info][gc,task       ] GC(115) Using 1 of 1 workers for concurrent preclean
[66.874s][info][gc,ergo       ] GC(115) Pacer for Precleaning. Non-Taxable: 750M
[66.875s][info][gc            ] GC(115) Concurrent precleaning 0.571ms
[66.875s][info][gc,start      ] GC(115) Pause Final Mark (process weakrefs)
[66.875s][info][gc,task       ] GC(115) Using 1 of 1 workers for final marking
[66.875s][info][gc,ergo       ] GC(115) Collectable Garbage: 375M (98%), Immediate: 375M (98%), CSet: 0B (0%)
[66.875s][info][gc            ] GC(115) Pause Final Mark (process weakrefs) 0.413ms
[66.875s][info][gc,start      ] GC(115) Concurrent cleanup
[66.875s][info][gc            ] GC(115) Concurrent cleanup 574M->199M(576M) 0.118ms
[66.875s][info][gc,ergo       ] GC(115) Free: 512M, Max: 256K regular, 197M humongous, Frag: 62% external, 0% internal; Reserve: 38400K, Max: 256K
[66.875s][info][gc,ergo       ] Free: 512M, Max: 256K regular, 197M humongous, Frag: 62% external, 0% internal; Reserve: 38400K, Max: 256K
[66.875s][info][gc,stats      ] 
[66.875s][info][gc,stats      ] All times are wall-clock times, except per-root-class counters, that are sum over
[66.875s][info][gc,stats      ] all workers. Dividing the <total> over the root stage time estimates parallelism.
[66.875s][info][gc,stats      ] 
[66.875s][info][gc,stats      ] Concurrent Reset                    327 us
[66.875s][info][gc,stats      ] Pause Init Mark (G)                4180 us
[66.875s][info][gc,stats      ] Pause Init Mark (N)                1735 us
[66.875s][info][gc,stats      ]   Accumulate Stats                   33 us
[66.875s][info][gc,stats      ]   Make Parsable                      16 us
[66.875s][info][gc,stats      ]   Update Region States               38 us
[66.875s][info][gc,stats      ]   Scan Roots                       1580 us, parallelism: 0.82x
[66.875s][info][gc,stats      ]     S: <total>                     1300 us
[66.875s][info][gc,stats      ]     S: Thread Roots                 752 us, workers (us): 752, 
[66.875s][info][gc,stats      ]     S: Universe Roots                 2 us, workers (us):   2, 
[66.875s][info][gc,stats      ]     S: JNI Handles Roots              2 us, workers (us):   2, 
[66.875s][info][gc,stats      ]     S: Synchronizer Roots             0 us, workers (us):   0, 
[66.875s][info][gc,stats      ]     S: Management Roots               2 us, workers (us):   2, 
[66.875s][info][gc,stats      ]     S: System Dict Roots             11 us, workers (us):  11, 
[66.875s][info][gc,stats      ]     S: CLDG Roots                   530 us, workers (us): 530, 
[66.875s][info][gc,stats      ]     S: JVMTI Roots                    1 us, workers (us):   1, 
[66.875s][info][gc,stats      ]   Resize TLABs                       20 us
[66.876s][info][gc,stats      ] Concurrent Marking               131729 us
[66.876s][info][gc,stats      ] Concurrent Precleaning              562 us
[66.876s][info][gc,stats      ] Pause Final Mark (G)                686 us
[66.876s][info][gc,stats      ] Pause Final Mark (N)                405 us
[66.876s][info][gc,stats      ]   Finish Queues                      19 us
[66.876s][info][gc,stats      ]   Weak References                    17 us
[66.876s][info][gc,stats      ]     Process                          15 us
[66.876s][info][gc,stats      ]   System Purge                      263 us
[66.876s][info][gc,stats      ]     Weak Roots                      262 us
[66.876s][info][gc,stats      ]   Update Region States               46 us
[66.876s][info][gc,stats      ]   Retire TLABs                       24 us
[66.876s][info][gc,stats      ]   Choose Collection Set              20 us
[66.876s][info][gc,stats      ]   Rebuild Free Set                   10 us
[66.876s][info][gc,stats      ] Concurrent Cleanup                  106 us
[66.876s][info][gc,stats      ] Pacing                            72502 us
[66.876s][info][gc,stats      ] 
[66.876s][info][gc,stats      ] Allocation pacing accrued:
[66.876s][info][gc,stats      ]      73 of   499 ms ( 14.5%): Executor task launch worker for task 0.0 in stage 28.0 (TID 28)
[66.876s][info][gc,stats      ]      73 of   499 ms ( 14.5%): <total>
[66.876s][info][gc,stats      ]       0 of   499 ms (  0.1%): <average total>
[66.876s][info][gc,stats      ]      73 of   499 ms ( 14.5%): <average non-zero>
[66.876s][info][gc,stats      ] 
[66.876s][info][gc,metaspace  ] Metaspace: 60869K->60869K(1103872K)
[66.876s][info][gc,ergo       ] Pacer for Idle. Initial: 15360K, Alloc Tax Rate: 1.0x
[67.465s][info][gc            ] Cancelling GC: Stopping VM
[67.467s][info][gc,heap,exit  ] Heap
[67.467s][info][gc,heap,exit  ] Shenandoah Heap
[67.467s][info][gc,heap,exit  ]  750M max, 750M soft max, 576M committed, 571M used
[67.467s][info][gc,heap,exit  ]  3000 x 256K regions
[67.467s][info][gc,heap,exit  ] Status: cancelled
[67.467s][info][gc,heap,exit  ] Reserved region:
[67.467s][info][gc,heap,exit  ]  - [0x00000000d1200000, 0x0000000100000000) 
[67.467s][info][gc,heap,exit  ] Collection set:
[67.467s][info][gc,heap,exit  ]  - map (vanilla): 0x0000000000013448
[67.467s][info][gc,heap,exit  ]  - map (biased):  0x0000000000010000
[67.467s][info][gc,heap,exit  ] 
[67.467s][info][gc,heap,exit  ]  Metaspace       used 61434K, capacity 64954K, committed 65052K, reserved 1103872K
[67.467s][info][gc,heap,exit  ]   class space    used 8615K, capacity 10351K, committed 10444K, reserved 1048576K
[67.467s][info][gc,stats      ] 
[67.467s][info][gc,stats      ] GC STATISTICS:
[67.467s][info][gc,stats      ]   "(G)" (gross) pauses include VM time: time to notify and block threads, do the pre-
[67.467s][info][gc,stats      ]         and post-safepoint housekeeping. Use -XX:+PrintSafepointStatistics to dissect.
[67.467s][info][gc,stats      ]   "(N)" (net) pauses are the times spent in the actual GC code.
[67.467s][info][gc,stats      ]   "a" is average time for each phase, look at levels to see if average makes sense.
[67.467s][info][gc,stats      ]   "lvls" are quantiles: 0% (minimum), 25%, 50% (median), 75%, 100% (maximum).
[67.467s][info][gc,stats      ] 
[67.467s][info][gc,stats      ]   All times are wall-clock times, except per-root-class counters, that are sum over
[67.467s][info][gc,stats      ]   all workers. Dividing the <total> over the root stage time estimates parallelism.
[67.467s][info][gc,stats      ] 
[67.467s][info][gc,stats      ]   Pacing delays are measured from entering the pacing code till exiting it. Therefore,
[67.467s][info][gc,stats      ]   observed pacing delays may be higher than the threshold when paced thread spent more
[67.467s][info][gc,stats      ]   time in the pacing code. It usually happens when thread is de-scheduled while paced,
[67.467s][info][gc,stats      ]   OS takes longer to unblock the thread, or JVM experiences an STW pause.
[67.467s][info][gc,stats      ] 
[67.467s][info][gc,stats      ]   Higher delay would prevent application outpacing the GC, but it will hide the GC latencies
[67.467s][info][gc,stats      ]   from the STW pause times. Pacing affects the individual threads, and so it would also be
[67.467s][info][gc,stats      ]   invisible to the usual profiling tools, but would add up to end-to-end application latency.
[67.467s][info][gc,stats      ]   Raise max pacing delay with care.
[67.467s][info][gc,stats      ] 
[67.467s][info][gc,stats      ] Concurrent Reset               =    0.066 s (a =      571 us) (n =   116) (lvls, us =       72,      273,      301,      338,     6119)
[67.467s][info][gc,stats      ] Pause Init Mark (G)            =    0.463 s (a =     3994 us) (n =   116) (lvls, us =      863,     3340,     4043,     4453,    10848)
[67.467s][info][gc,stats      ] Pause Init Mark (N)            =    0.176 s (a =     1519 us) (n =   116) (lvls, us =      705,     1270,     1465,     1641,     3694)
[67.467s][info][gc,stats      ]   Accumulate Stats             =    0.002 s (a =       19 us) (n =   116) (lvls, us =        3,       10,       17,       22,       80)
[67.467s][info][gc,stats      ]   Make Parsable                =    0.002 s (a =       14 us) (n =   116) (lvls, us =        3,        9,       13,       16,       68)
[67.467s][info][gc,stats      ]   Update Region States         =    0.005 s (a =       44 us) (n =   116) (lvls, us =       27,       37,       39,       48,      122)
[67.467s][info][gc,stats      ]   Scan Roots                   =    0.161 s (a =     1390 us) (n =   116) (lvls, us =      623,     1152,     1348,     1504,     3367)
[67.467s][info][gc,stats      ]     S: <total>                 =    0.128 s (a =     1101 us) (n =   116) (lvls, us =      344,      883,     1055,     1230,     2935)
[67.467s][info][gc,stats      ]     S: Thread Roots            =    0.063 s (a =      542 us) (n =   116) (lvls, us =      168,      344,      482,      646,     1910)
[67.467s][info][gc,stats      ]     S: Universe Roots          =    0.000 s (a =        3 us) (n =   116) (lvls, us =        2,        2,        2,        2,       18)
[67.467s][info][gc,stats      ]     S: JNI Handles Roots       =    0.000 s (a =        2 us) (n =   116) (lvls, us =        1,        1,        2,        2,       53)
[67.467s][info][gc,stats      ]     S: Synchronizer Roots      =    0.000 s (a =        0 us) (n =   116) (lvls, us =        0,        0,        0,        0,        1)
[67.467s][info][gc,stats      ]     S: Management Roots        =    0.000 s (a =        2 us) (n =   116) (lvls, us =        1,        1,        2,        2,        4)
[67.467s][info][gc,stats      ]     S: System Dict Roots       =    0.001 s (a =       13 us) (n =   116) (lvls, us =        7,       11,       11,       12,       66)
[67.467s][info][gc,stats      ]     S: CLDG Roots              =    0.063 s (a =      540 us) (n =   116) (lvls, us =       83,      527,      553,      590,     1318)
[67.467s][info][gc,stats      ]     S: JVMTI Roots             =    0.000 s (a =        1 us) (n =   116) (lvls, us =        0,        1,        1,        1,        1)
[67.467s][info][gc,stats      ]   Resize TLABs                 =    0.001 s (a =       13 us) (n =   116) (lvls, us =        1,        7,       11,       16,       45)
[67.467s][info][gc,stats      ] Concurrent Marking             =   21.343 s (a =   183994 us) (n =   116) (lvls, us =    31641,   138672,   156250,   179688,   498176)
[67.467s][info][gc,stats      ] Concurrent Precleaning         =    0.031 s (a =     1026 us) (n =    30) (lvls, us =      260,      322,      561,      607,     5085)
[67.467s][info][gc,stats      ] Pause Final Mark (G)           =    0.581 s (a =     5013 us) (n =   116) (lvls, us =      422,      553,      879,     3418,    49457)
[67.467s][info][gc,stats      ] Pause Final Mark (N)           =    0.464 s (a =     4004 us) (n =   116) (lvls, us =      344,      396,      465,     2500,    47439)
[67.467s][info][gc,stats      ]   Finish Queues                =    0.003 s (a =       28 us) (n =   116) (lvls, us =        8,       13,       16,       27,      409)
[67.467s][info][gc,stats      ]   Weak References              =    0.002 s (a =       60 us) (n =    30) (lvls, us =       16,       18,       28,       48,      330)
[67.467s][info][gc,stats      ]     Process                    =    0.002 s (a =       58 us) (n =    30) (lvls, us =       14,       16,       26,       46,      327)
[67.467s][info][gc,stats      ]   System Purge                 =    0.035 s (a =      302 us) (n =   116) (lvls, us =      160,      258,      277,      297,     1275)
[67.467s][info][gc,stats      ]     Unload Classes             =    0.013 s (a =     1003 us) (n =    13) (lvls, us =      361,      766,      996,     1055,     1965)
[67.467s][info][gc,stats      ]     Cleanup                    =    0.306 s (a =    23552 us) (n =    13) (lvls, us =     5996,    16992,    21484,    22070,    42248)
[67.467s][info][gc,stats      ]       CU: <total>              =    0.300 s (a =    23061 us) (n =    13) (lvls, us =     5898,    16992,    21484,    22070,    41073)
[67.467s][info][gc,stats      ]       CU: Code Cache Roots     =    0.111 s (a =     8509 us) (n =    13) (lvls, us =     1914,     6758,     7227,     8340,    16430)
[67.467s][info][gc,stats      ]       CU: Code Cache Cleaning  =    0.038 s (a =     2899 us) (n =    13) (lvls, us =      566,      975,     1445,     1660,    13349)
[67.467s][info][gc,stats      ]       CU: String Table Roots   =    0.077 s (a =     5928 us) (n =    13) (lvls, us =      852,     4609,     6035,     6309,    12117)
[67.467s][info][gc,stats      ]       CU: Resolved Table Roots =    0.001 s (a =      114 us) (n =    13) (lvls, us =       24,       71,      131,      131,      147)
[67.467s][info][gc,stats      ]       CU: CLDG Roots           =    0.073 s (a =     5612 us) (n =    13) (lvls, us =     2539,     4414,     5977,     6230,     7701)
[67.467s][info][gc,stats      ]     Weak Roots                 =    0.035 s (a =      301 us) (n =   116) (lvls, us =      160,      258,      277,      297,     1275)
[67.467s][info][gc,stats      ]     CLDG                       =    0.002 s (a =      189 us) (n =    13) (lvls, us =        1,        1,      225,      244,      297)
[67.467s][info][gc,stats      ]   Update Region States         =    0.011 s (a =       91 us) (n =   116) (lvls, us =       39,       46,       48,       51,     4529)
[67.467s][info][gc,stats      ]   Retire TLABs                 =    0.002 s (a =       21 us) (n =   116) (lvls, us =        5,       11,       17,       26,       63)
[67.467s][info][gc,stats      ]   Choose Collection Set        =    0.009 s (a =       80 us) (n =   116) (lvls, us =       15,       20,       26,       82,     2957)
[67.467s][info][gc,stats      ]   Rebuild Free Set             =    0.007 s (a =       58 us) (n =   116) (lvls, us =        9,       10,       11,       11,     5121)
[67.467s][info][gc,stats      ]   Initial Evacuation           =    0.073 s (a =     2078 us) (n =    35) (lvls, us =      881,     1777,     2031,     2305,     4316)
[67.467s][info][gc,stats      ]     E: <total>                 =    0.045 s (a =     1279 us) (n =    35) (lvls, us =      529,      996,     1230,     1445,     2679)
[67.467s][info][gc,stats      ]     E: Thread Roots            =    0.015 s (a =      441 us) (n =    35) (lvls, us =      164,      227,      396,      561,     1177)
[67.467s][info][gc,stats      ]     E: Code Cache Roots        =    0.009 s (a =      264 us) (n =    35) (lvls, us =       77,      145,      246,      326,      739)
[67.467s][info][gc,stats      ]     E: Universe Roots          =    0.000 s (a =        4 us) (n =    35) (lvls, us =        1,        1,        1,        1,       38)
[67.467s][info][gc,stats      ]     E: JNI Handles Roots       =    0.000 s (a =        1 us) (n =    35) (lvls, us =        1,        1,        1,        1,        5)
[67.467s][info][gc,stats      ]     E: Synchronizer Roots      =    0.000 s (a =        0 us) (n =    35) (lvls, us =        0,        0,        0,        0,        1)
[67.467s][info][gc,stats      ]     E: Management Roots        =    0.000 s (a =        2 us) (n =    35) (lvls, us =        1,        1,        2,        2,        5)
[67.467s][info][gc,stats      ]     E: System Dict Roots       =    0.000 s (a =       13 us) (n =    35) (lvls, us =        6,       10,       10,       12,       60)
[67.467s][info][gc,stats      ]     E: CLDG Roots              =    0.019 s (a =      553 us) (n =    35) (lvls, us =      262,      490,      523,      590,     1051)
[67.467s][info][gc,stats      ]     E: JVMTI Roots             =    0.000 s (a =        1 us) (n =    35) (lvls, us =        0,        0,        1,        1,        1)
[67.467s][info][gc,stats      ] Concurrent Cleanup             =    0.012 s (a =       99 us) (n =   116) (lvls, us =       48,       61,       87,      102,      943)
[67.467s][info][gc,stats      ] Concurrent Evacuation          =    0.954 s (a =    27268 us) (n =    35) (lvls, us =      549,     1094,     5508,    30273,   179983)
[67.467s][info][gc,stats      ] Pause Init  Update Refs (G)    =    0.084 s (a =     2389 us) (n =    35) (lvls, us =      133,      209,     2109,     3105,    10320)
[67.467s][info][gc,stats      ] Pause Init  Update Refs (N)    =    0.001 s (a =       17 us) (n =    35) (lvls, us =        9,       11,       13,       18,       82)
[67.467s][info][gc,stats      ]   Retire GCLABs                =    0.000 s (a =        8 us) (n =    35) (lvls, us =        2,        4,        6,       10,       46)
[67.467s][info][gc,stats      ] Concurrent Update Refs         =    8.279 s (a =   236550 us) (n =    35) (lvls, us =    15625,   117188,   257812,   287109,   671121)
[67.467s][info][gc,stats      ] Pause Final Update Refs (G)    =    0.135 s (a =     3870 us) (n =    35) (lvls, us =      471,     2383,     3203,     4414,    12619)
[67.467s][info][gc,stats      ] Pause Final Update Refs (N)    =    0.024 s (a =      693 us) (n =    35) (lvls, us =      229,      309,      443,      555,     6587)
[67.467s][info][gc,stats      ]   Update Roots                 =    0.016 s (a =      452 us) (n =    35) (lvls, us =      158,      230,      354,      484,     1519)
[67.467s][info][gc,stats      ]     UR: <total>                =    0.014 s (a =      404 us) (n =    35) (lvls, us =      152,      219,      340,      459,     1251)
[67.467s][info][gc,stats      ]     UR: Thread Roots           =    0.014 s (a =      404 us) (n =    35) (lvls, us =      152,      219,      340,      459,     1251)
[67.467s][info][gc,stats      ]   Update Region States         =    0.007 s (a =      213 us) (n =    35) (lvls, us =       46,       47,       49,       50,     5669)
[67.467s][info][gc,stats      ]   Trash Collection Set         =    0.000 s (a =        3 us) (n =    35) (lvls, us =        2,        2,        2,        4,       11)
[67.467s][info][gc,stats      ]   Rebuild Free Set             =    0.000 s (a =       12 us) (n =    35) (lvls, us =        9,       10,       10,       11,       30)
[67.467s][info][gc,stats      ] Concurrent Cleanup             =    0.002 s (a =       70 us) (n =    35) (lvls, us =       49,       51,       54,       77,      160)
[67.467s][info][gc,stats      ] Concurrent Uncommit            =    0.249 s (a =    24907 us) (n =    10) (lvls, us =    16602,    17773,    19531,    28906,    35761)
[67.467s][info][gc,stats      ] Pacing                         =    5.584 s (a =    48138 us) (n =   116) (lvls, us =        0,     9961,    48242,    72070,   189819)
[67.467s][info][gc,stats      ] 
[67.467s][info][gc,stats      ] 
[67.467s][info][gc,stats      ] Under allocation pressure, concurrent cycles may cancel, and either continue cycle
[67.467s][info][gc,stats      ] under stop-the-world pause or result in stop-the-world Full GC. Increase heap size,
[67.467s][info][gc,stats      ] tune GC heuristics, set more aggressive pacing delay, or lower allocation rate
[67.467s][info][gc,stats      ] to avoid Degenerated and Full GC cycles.
[67.467s][info][gc,stats      ] 
[67.467s][info][gc,stats      ]   116 successful concurrent GCs
[67.467s][info][gc,stats      ]      10 invoked explicitly
[67.467s][info][gc,stats      ]       0 invoked implicitly
[67.467s][info][gc,stats      ] 
[67.467s][info][gc,stats      ]     0 Degenerated GCs
[67.467s][info][gc,stats      ]       0 caused by allocation failure
[67.467s][info][gc,stats      ]       0 upgraded to Full GC
[67.467s][info][gc,stats      ] 
[67.467s][info][gc,stats      ]     0 Full GCs
[67.467s][info][gc,stats      ]       0 invoked explicitly
[67.467s][info][gc,stats      ]       0 invoked implicitly
[67.467s][info][gc,stats      ]       0 caused by allocation failure
[67.467s][info][gc,stats      ]       0 upgraded from Degenerated GC
[67.467s][info][gc,stats      ] 
[67.467s][info][gc,stats      ] 
