[0.003s][info][gc,init] Regions: 2500 x 512K
[0.003s][info][gc,init] Humongous object threshold: 512K
[0.003s][info][gc,init] Max TLAB size: 512K
[0.003s][info][gc,init] GC threads: 1 parallel, 1 concurrent
[0.003s][info][gc     ] Heuristics ergonomically sets -XX:+ExplicitGCInvokesConcurrent
[0.003s][info][gc     ] Heuristics ergonomically sets -XX:+ShenandoahImplicitGCInvokesConcurrent
[0.003s][info][gc,init] Shenandoah GC mode: Snapshot-At-The-Beginning (SATB)
[0.003s][info][gc,init] Shenandoah heuristics: Adaptive
[0.003s][info][gc,ergo] Pacer for Idle. Initial: 25600K, Alloc Tax Rate: 1.0x
[0.003s][info][gc,init] Initialize Shenandoah heap: 124M initial, 6656K min, 1250M max
[0.003s][info][gc,init] Safepointing mechanism: global-page poll
[0.003s][info][gc     ] Using Shenandoah
[0.003s][info][gc,heap,coops] Heap address: 0x00000000b1e00000, size: 1250 MB, Compressed Oops mode: 32-bit
[0.006s][info][gc,init      ] Reference processing: serial discovery, serial processing
[3.895s][info][gc           ] Trigger: Metadata GC Threshold
[3.895s][info][gc,ergo      ] Free: 1107M, Max: 512K regular, 1107M humongous, Frag: 0% external, 0% internal; Reserve: 64000K, Max: 512K
[3.895s][info][gc,start     ] GC(0) Concurrent reset
[3.895s][info][gc,task      ] GC(0) Using 1 of 1 workers for concurrent reset
[3.895s][info][gc,ergo      ] GC(0) Pacer for Reset. Non-Taxable: 1250M
[3.895s][info][gc           ] GC(0) Concurrent reset 0.091ms
[3.899s][info][gc,start     ] GC(0) Pause Init Mark (process weakrefs) (unload classes)
[3.899s][info][gc,task      ] GC(0) Using 1 of 1 workers for init marking
[3.901s][info][gc,ergo      ] GC(0) Pacer for Mark. Expected Live: 125M, Free: 1107M, Non-Taxable: 110M, Alloc Tax Rate: 0.1x
[3.901s][info][gc           ] GC(0) Pause Init Mark (process weakrefs) (unload classes) 1.261ms
[3.901s][info][gc,start     ] GC(0) Concurrent marking (process weakrefs) (unload classes)
[3.901s][info][gc,task      ] GC(0) Using 1 of 1 workers for concurrent marking
[3.944s][info][gc           ] GC(0) Concurrent marking (process weakrefs) (unload classes) 42.824ms
[3.944s][info][gc,start     ] GC(0) Concurrent precleaning
[3.944s][info][gc,task      ] GC(0) Using 1 of 1 workers for concurrent preclean
[3.944s][info][gc,ergo      ] GC(0) Pacer for Precleaning. Non-Taxable: 1250M
[3.944s][info][gc           ] GC(0) Concurrent precleaning 0.278ms
[3.944s][info][gc,start     ] GC(0) Pause Final Mark (process weakrefs) (unload classes)
[3.944s][info][gc,task      ] GC(0) Using 1 of 1 workers for final marking
[3.951s][info][gc,stringtable] GC(0) Cleaned string and symbol table, strings: 7979 processed, 0 removed, symbols: 40187 processed, 43 removed
[3.951s][info][gc,ergo       ] GC(0) Adaptive CSet Selection. Target Free: 177M, Actual Free: 1169M, Max CSet: 53333K, Min Garbage: 0B
[3.951s][info][gc,ergo       ] GC(0) Collectable Garbage: 62287K (98%), Immediate: 0B (0%), CSet: 62287K (98%)
[3.953s][info][gc,ergo       ] GC(0) Pacer for Evacuation. Used CSet: 69632K, Free: 1106M, Non-Taxable: 110M, Alloc Tax Rate: 1.1x
[3.953s][info][gc            ] GC(0) Pause Final Mark (process weakrefs) (unload classes) 9.160ms
[3.955s][info][gc,start      ] GC(0) Concurrent cleanup
[3.955s][info][gc            ] GC(0) Concurrent cleanup 80M->80M(125M) 0.074ms
[3.955s][info][gc,ergo       ] GC(0) Free: 1106M, Max: 512K regular, 1106M humongous, Frag: 0% external, 0% internal; Reserve: 62976K, Max: 512K
[3.955s][info][gc,start      ] GC(0) Concurrent evacuation
[3.955s][info][gc,task       ] GC(0) Using 1 of 1 workers for concurrent evacuation
[3.974s][info][gc            ] GC(0) Concurrent evacuation 18.818ms
[3.974s][info][gc,start      ] GC(0) Pause Init Update Refs
[3.974s][info][gc,ergo       ] GC(0) Pacer for Update Refs. Used: 91553K, Free: 1105M, Non-Taxable: 110M, Alloc Tax Rate: 1.1x
[3.974s][info][gc            ] GC(0) Pause Init Update Refs 0.017ms
[3.974s][info][gc,start      ] GC(0) Concurrent update references
[3.974s][info][gc,task       ] GC(0) Using 1 of 1 workers for concurrent reference update
[3.995s][info][gc            ] GC(0) Concurrent update references 21.338ms
[3.996s][info][gc,start      ] GC(0) Pause Final Update Refs
[3.996s][info][gc,task       ] GC(0) Using 1 of 1 workers for final reference update
[3.996s][info][gc            ] GC(0) Pause Final Update Refs 0.318ms
[3.997s][info][gc,start      ] GC(0) Concurrent cleanup
[3.997s][info][gc            ] GC(0) Concurrent cleanup 89M->21M(133M) 0.059ms
[3.997s][info][gc,ergo       ] Free: 1164M, Max: 512K regular, 1096M humongous, Frag: 6% external, 0% internal; Reserve: 64000K, Max: 512K
[3.997s][info][gc,stats      ] 
[3.997s][info][gc,stats      ] All times are wall-clock times, except per-root-class counters, that are sum over
[3.997s][info][gc,stats      ] all workers. Dividing the <total> over the root stage time estimates parallelism.
[3.997s][info][gc,stats      ] 
[3.997s][info][gc,stats      ] Concurrent Reset                     63 us
[3.997s][info][gc,stats      ] Pause Init Mark (G)                5811 us
[3.997s][info][gc,stats      ] Pause Init Mark (N)                1208 us
[3.997s][info][gc,stats      ]   Accumulate Stats                    3 us
[3.997s][info][gc,stats      ]   Make Parsable                       3 us
[3.997s][info][gc,stats      ]   Update Region States               47 us
[3.997s][info][gc,stats      ]   Scan Roots                       1085 us, parallelism: 0.94x
[3.997s][info][gc,stats      ]     S: <total>                     1019 us
[3.997s][info][gc,stats      ]     S: Thread Roots                 739 us, workers (us): 739, 
[3.997s][info][gc,stats      ]     S: Universe Roots                24 us, workers (us):  24, 
[3.997s][info][gc,stats      ]     S: JNI Handles Roots              7 us, workers (us):   7, 
[3.997s][info][gc,stats      ]     S: Synchronizer Roots             0 us, workers (us):   0, 
[3.997s][info][gc,stats      ]     S: Management Roots               1 us, workers (us):   1, 
[3.997s][info][gc,stats      ]     S: System Dict Roots             34 us, workers (us):  34, 
[3.997s][info][gc,stats      ]     S: CLDG Roots                   213 us, workers (us): 213, 
[3.997s][info][gc,stats      ]     S: JVMTI Roots                    1 us, workers (us):   1, 
[3.997s][info][gc,stats      ]   Resize TLABs                        1 us
[3.997s][info][gc,stats      ] Concurrent Marking                42813 us
[3.997s][info][gc,stats      ] Concurrent Precleaning              272 us
[3.997s][info][gc,stats      ] Pause Final Mark (G)              10981 us
[3.997s][info][gc,stats      ] Pause Final Mark (N)               9151 us
[3.997s][info][gc,stats      ]   Finish Queues                      10 us
[3.997s][info][gc,stats      ]   Weak References                    72 us
[3.997s][info][gc,stats      ]     Process                          70 us
[3.997s][info][gc,stats      ]   System Purge                      110 us
[3.997s][info][gc,stats      ]     Unload Classes                  604 us
[3.997s][info][gc,stats      ]     Cleanup                        5851 us, parallelism: 0.99x
[3.997s][info][gc,stats      ]       CU: <total>                  5768 us
[3.997s][info][gc,stats      ]       CU: Code Cache Roots         1916 us, workers (us): 1916, 
[3.997s][info][gc,stats      ]       CU: Code Cache Cleaning       519 us, workers (us): 519, 
[3.997s][info][gc,stats      ]       CU: String Table Roots        859 us, workers (us): 859, 
[3.997s][info][gc,stats      ]       CU: Resolved Table Roots       27 us, workers (us):  27, 
[3.997s][info][gc,stats      ]       CU: CLDG Roots               2447 us, workers (us): 2447, 
[3.997s][info][gc,stats      ]     Weak Roots                      110 us
[3.997s][info][gc,stats      ]     CLDG                              1 us
[3.997s][info][gc,stats      ]   Update Region States               44 us
[3.997s][info][gc,stats      ]   Retire TLABs                        6 us
[3.997s][info][gc,stats      ]   Choose Collection Set              37 us
[3.997s][info][gc,stats      ]   Rebuild Free Set                   10 us
[3.997s][info][gc,stats      ]   Initial Evacuation               2399 us, parallelism: 0.60x
[3.997s][info][gc,stats      ]     E: <total>                     1445 us
[3.997s][info][gc,stats      ]     E: Thread Roots                 121 us, workers (us): 121, 
[3.997s][info][gc,stats      ]     E: Code Cache Roots             626 us, workers (us): 626, 
[3.997s][info][gc,stats      ]     E: Universe Roots                23 us, workers (us):  23, 
[3.997s][info][gc,stats      ]     E: JNI Handles Roots              4 us, workers (us):   4, 
[3.997s][info][gc,stats      ]     E: Synchronizer Roots             0 us, workers (us):   0, 
[3.997s][info][gc,stats      ]     E: Management Roots               2 us, workers (us):   2, 
[3.997s][info][gc,stats      ]     E: System Dict Roots             13 us, workers (us):  13, 
[3.997s][info][gc,stats      ]     E: CLDG Roots                   655 us, workers (us): 655, 
[3.997s][info][gc,stats      ]     E: JVMTI Roots                    1 us, workers (us):   1, 
[3.997s][info][gc,stats      ] Concurrent Cleanup                   42 us
[3.997s][info][gc,stats      ] Concurrent Evacuation             18806 us
[3.997s][info][gc,stats      ] Pause Init  Update Refs (G)          97 us
[3.997s][info][gc,stats      ] Pause Init  Update Refs (N)           8 us
[3.997s][info][gc,stats      ]   Retire GCLABs                       2 us
[3.997s][info][gc,stats      ] Concurrent Update Refs            21329 us
[3.997s][info][gc,stats      ] Pause Final Update Refs (G)        1300 us
[3.997s][info][gc,stats      ] Pause Final Update Refs (N)         299 us
[3.997s][info][gc,stats      ]   Update Roots                      235 us, parallelism: 0.95x
[3.997s][info][gc,stats      ]     UR: <total>                     223 us
[3.997s][info][gc,stats      ]     UR: Thread Roots                223 us, workers (us): 223, 
[3.997s][info][gc,stats      ]   Update Region States               41 us
[3.997s][info][gc,stats      ]   Trash Collection Set                2 us
[3.997s][info][gc,stats      ]   Rebuild Free Set                    9 us
[3.997s][info][gc,stats      ] Concurrent Cleanup                   46 us
[3.998s][info][gc,stats      ] 
[3.998s][info][gc,stats      ] Allocation pacing accrued:
[3.998s][info][gc,stats      ]       0 of  3995 ms (  0.0%): <total>
[3.998s][info][gc,stats      ]       0 of  3995 ms (  0.0%): <average total>
[3.998s][info][gc,stats      ] 
[3.998s][info][gc,metaspace  ] Metaspace: 20177K->20498K(1067008K)
[3.998s][info][gc,ergo       ] Pacer for Idle. Initial: 25600K, Alloc Tax Rate: 1.0x
[5.901s][info][gc            ] Trigger: Metadata GC Threshold
[5.901s][info][gc,ergo       ] Free: 1094M, Max: 512K regular, 1094M humongous, Frag: 0% external, 0% internal; Reserve: 64000K, Max: 512K
[5.901s][info][gc,start      ] GC(1) Concurrent reset
[5.901s][info][gc,task       ] GC(1) Using 1 of 1 workers for concurrent reset
[5.901s][info][gc,ergo       ] GC(1) Pacer for Reset. Non-Taxable: 1250M
[5.901s][info][gc            ] GC(1) Concurrent reset 0.198ms
[5.904s][info][gc,start      ] GC(1) Pause Init Mark (unload classes)
[5.904s][info][gc,task       ] GC(1) Using 1 of 1 workers for init marking
[5.906s][info][gc,ergo       ] GC(1) Pacer for Mark. Expected Live: 17450K, Free: 1094M, Non-Taxable: 109M, Alloc Tax Rate: 0.0x
[5.906s][info][gc            ] GC(1) Pause Init Mark (unload classes) 1.784ms
[5.906s][info][gc,start      ] GC(1) Concurrent marking (unload classes)
[5.906s][info][gc,task       ] GC(1) Using 1 of 1 workers for concurrent marking
[5.947s][info][gc            ] GC(1) Concurrent marking (unload classes) 41.109ms
[5.947s][info][gc,start      ] GC(1) Pause Final Mark (unload classes)
[5.947s][info][gc,task       ] GC(1) Using 1 of 1 workers for final marking
[5.958s][info][gc,stringtable] GC(1) Cleaned string and symbol table, strings: 13462 processed, 0 removed, symbols: 80098 processed, 44 removed
[5.959s][info][gc,ergo       ] GC(1) Adaptive CSet Selection. Target Free: 177M, Actual Free: 1157M, Max CSet: 53333K, Min Garbage: 0B
[5.959s][info][gc,ergo       ] GC(1) Collectable Garbage: 71424K (98%), Immediate: 512K (0%), CSet: 70912K (97%)
[5.961s][info][gc,ergo       ] GC(1) Pacer for Evacuation. Used CSet: 75264K, Free: 1094M, Non-Taxable: 109M, Alloc Tax Rate: 1.1x
[5.961s][info][gc            ] GC(1) Pause Final Mark (unload classes) 14.332ms
[5.964s][info][gc,start      ] GC(1) Concurrent cleanup
[5.964s][info][gc            ] GC(1) Concurrent cleanup 93M->92M(134M) 0.097ms
[5.964s][info][gc,ergo       ] GC(1) Free: 1094M, Max: 512K regular, 1094M humongous, Frag: 1% external, 0% internal; Reserve: 62976K, Max: 512K
[5.964s][info][gc,start      ] GC(1) Concurrent evacuation
[5.964s][info][gc,task       ] GC(1) Using 1 of 1 workers for concurrent evacuation
[5.982s][info][gc            ] GC(1) Concurrent evacuation 17.784ms
[5.983s][info][gc,start      ] GC(1) Pause Init Update Refs
[5.983s][info][gc,ergo       ] GC(1) Pacer for Update Refs. Used: 99410K, Free: 1093M, Non-Taxable: 109M, Alloc Tax Rate: 1.1x
[5.983s][info][gc            ] GC(1) Pause Init Update Refs 0.019ms
[5.983s][info][gc,start      ] GC(1) Concurrent update references
[5.983s][info][gc,task       ] GC(1) Using 1 of 1 workers for concurrent reference update
[6.029s][info][gc            ] GC(1) Concurrent update references 46.671ms
[6.035s][info][gc,start      ] GC(1) Pause Final Update Refs
[6.035s][info][gc,task       ] GC(1) Using 1 of 1 workers for final reference update
[6.038s][info][gc            ] GC(1) Pause Final Update Refs 2.746ms
[6.038s][info][gc,start      ] GC(1) Concurrent cleanup
[6.038s][info][gc            ] GC(1) Concurrent cleanup 97M->23M(137M) 0.055ms
[6.038s][info][gc,ergo       ] Free: 1162M, Max: 512K regular, 1090M humongous, Frag: 7% external, 0% internal; Reserve: 64000K, Max: 512K
[6.038s][info][gc,stats      ] 
[6.038s][info][gc,stats      ] All times are wall-clock times, except per-root-class counters, that are sum over
[6.038s][info][gc,stats      ] all workers. Dividing the <total> over the root stage time estimates parallelism.
[6.038s][info][gc,stats      ] 
[6.038s][info][gc,stats      ] Concurrent Reset                    169 us
[6.038s][info][gc,stats      ] Pause Init Mark (G)                4449 us
[6.038s][info][gc,stats      ] Pause Init Mark (N)                1740 us
[6.038s][info][gc,stats      ]   Accumulate Stats                    5 us
[6.038s][info][gc,stats      ]   Make Parsable                      11 us
[6.038s][info][gc,stats      ]   Update Region States               46 us
[6.038s][info][gc,stats      ]   Scan Roots                       1635 us, parallelism: 0.94x
[6.038s][info][gc,stats      ]     S: <total>                     1530 us
[6.038s][info][gc,stats      ]     S: Thread Roots                1420 us, workers (us): 1420, 
[6.038s][info][gc,stats      ]     S: Universe Roots                 2 us, workers (us):   2, 
[6.038s][info][gc,stats      ]     S: JNI Handles Roots              2 us, workers (us):   2, 
[6.038s][info][gc,stats      ]     S: Synchronizer Roots             0 us, workers (us):   0, 
[6.038s][info][gc,stats      ]     S: Management Roots               1 us, workers (us):   1, 
[6.038s][info][gc,stats      ]     S: System Dict Roots             29 us, workers (us):  29, 
[6.038s][info][gc,stats      ]     S: CLDG Roots                    76 us, workers (us):  76, 
[6.038s][info][gc,stats      ]     S: JVMTI Roots                    1 us, workers (us):   1, 
[6.038s][info][gc,stats      ]   Resize TLABs                        4 us
[6.038s][info][gc,stats      ] Concurrent Marking                41096 us
[6.038s][info][gc,stats      ] Pause Final Mark (G)              17410 us
[6.038s][info][gc,stats      ] Pause Final Mark (N)              14322 us
[6.038s][info][gc,stats      ]   Finish Queues                      43 us
[6.038s][info][gc,stats      ]   System Purge                      212 us
[6.038s][info][gc,stats      ]     Unload Classes                  377 us
[6.038s][info][gc,stats      ]     Cleanup                       11027 us, parallelism: 0.99x
[6.038s][info][gc,stats      ]       CU: <total>                 10963 us
[6.038s][info][gc,stats      ]       CU: Code Cache Roots         2507 us, workers (us): 2507, 
[6.038s][info][gc,stats      ]       CU: Code Cache Cleaning       754 us, workers (us): 754, 
[6.038s][info][gc,stats      ]       CU: String Table Roots       3384 us, workers (us): 3384, 
[6.038s][info][gc,stats      ]       CU: Resolved Table Roots      123 us, workers (us): 123, 
[6.038s][info][gc,stats      ]       CU: CLDG Roots               4195 us, workers (us): 4195, 
[6.038s][info][gc,stats      ]     Weak Roots                      211 us
[6.038s][info][gc,stats      ]     CLDG                              1 us
[6.038s][info][gc,stats      ]   Update Region States               44 us
[6.038s][info][gc,stats      ]   Retire TLABs                       14 us
[6.038s][info][gc,stats      ]   Choose Collection Set              50 us
[6.038s][info][gc,stats      ]   Rebuild Free Set                   11 us
[6.038s][info][gc,stats      ]   Initial Evacuation               2535 us, parallelism: 0.52x
[6.038s][info][gc,stats      ]     E: <total>                     1324 us
[6.038s][info][gc,stats      ]     E: Thread Roots                 346 us, workers (us): 346, 
[6.038s][info][gc,stats      ]     E: Code Cache Roots             217 us, workers (us): 217, 
[6.038s][info][gc,stats      ]     E: Universe Roots                 1 us, workers (us):   1, 
[6.038s][info][gc,stats      ]     E: JNI Handles Roots              2 us, workers (us):   2, 
[6.038s][info][gc,stats      ]     E: Synchronizer Roots             0 us, workers (us):   0, 
[6.038s][info][gc,stats      ]     E: Management Roots               1 us, workers (us):   1, 
[6.038s][info][gc,stats      ]     E: System Dict Roots             45 us, workers (us):  45, 
[6.038s][info][gc,stats      ]     E: CLDG Roots                   710 us, workers (us): 710, 
[6.038s][info][gc,stats      ]     E: JVMTI Roots                    1 us, workers (us):   1, 
[6.038s][info][gc,stats      ] Concurrent Cleanup                   47 us
[6.038s][info][gc,stats      ] Concurrent Evacuation             17774 us
[6.038s][info][gc,stats      ] Pause Init  Update Refs (G)         416 us
[6.038s][info][gc,stats      ] Pause Init  Update Refs (N)           8 us
[6.038s][info][gc,stats      ]   Retire GCLABs                       3 us
[6.038s][info][gc,stats      ] Concurrent Update Refs            46653 us
[6.038s][info][gc,stats      ] Pause Final Update Refs (G)        8592 us
[6.038s][info][gc,stats      ] Pause Final Update Refs (N)        2679 us
[6.038s][info][gc,stats      ]   Update Roots                     2606 us, parallelism: 0.99x
[6.038s][info][gc,stats      ]     UR: <total>                    2580 us
[6.038s][info][gc,stats      ]     UR: Thread Roots               2580 us, workers (us): 2580, 
[6.038s][info][gc,stats      ]   Update Region States               46 us
[6.038s][info][gc,stats      ]   Trash Collection Set                2 us
[6.038s][info][gc,stats      ]   Rebuild Free Set                    8 us
[6.038s][info][gc,stats      ] Concurrent Cleanup                   46 us
[6.038s][info][gc,stats      ] 
[6.038s][info][gc,stats      ] Allocation pacing accrued:
[6.038s][info][gc,stats      ]       0 of  2040 ms (  0.0%): <total>
[6.038s][info][gc,stats      ]       0 of  2040 ms (  0.0%): <average total>
[6.038s][info][gc,stats      ] 
[6.038s][info][gc,metaspace  ] Metaspace: 34514K->34908K(1081344K)
[6.038s][info][gc,ergo       ] Pacer for Idle. Initial: 25600K, Alloc Tax Rate: 1.0x
[7.644s][info][gc            ] Trigger: Learning 3 of 5. Free (874M) is below initial threshold (875M)
[7.644s][info][gc,ergo       ] Free: 874M, Max: 512K regular, 874M humongous, Frag: 0% external, 0% internal; Reserve: 64000K, Max: 512K
[7.644s][info][gc,start      ] GC(2) Concurrent reset
[7.644s][info][gc,task       ] GC(2) Using 1 of 1 workers for concurrent reset
[7.644s][info][gc,ergo       ] GC(2) Pacer for Reset. Non-Taxable: 1250M
[7.644s][info][gc            ] GC(2) Concurrent reset 0.244ms
[7.646s][info][gc,start      ] GC(2) Pause Init Mark
[7.646s][info][gc,task       ] GC(2) Using 1 of 1 workers for init marking
[7.647s][info][gc,ergo       ] GC(2) Pacer for Mark. Expected Live: 19392K, Free: 874M, Non-Taxable: 89549K, Alloc Tax Rate: 0.0x
[7.647s][info][gc            ] GC(2) Pause Init Mark 0.972ms
[7.647s][info][gc,start      ] GC(2) Concurrent marking
[7.647s][info][gc,task       ] GC(2) Using 1 of 1 workers for concurrent marking
[7.802s][info][gc            ] GC(2) Concurrent marking 154.521ms
[7.802s][info][gc,start      ] GC(2) Pause Final Mark
[7.802s][info][gc,task       ] GC(2) Using 1 of 1 workers for final marking
[7.802s][info][gc,ergo       ] GC(2) Adaptive CSet Selection. Target Free: 177M, Actual Free: 872M, Max CSet: 53333K, Min Garbage: 0B
[7.802s][info][gc,ergo       ] GC(2) Collectable Garbage: 246M (99%), Immediate: 426K (0%), CSet: 245M (99%)
[7.804s][info][gc,ergo       ] GC(2) Pacer for Evacuation. Used CSet: 289M, Free: 810M, Non-Taxable: 82945K, Alloc Tax Rate: 1.1x
[7.804s][info][gc            ] GC(2) Pause Final Mark 2.157ms
[7.804s][info][gc,start      ] GC(2) Concurrent cleanup
[7.804s][info][gc            ] GC(2) Concurrent cleanup 377M->376M(379M) 0.050ms
[7.804s][info][gc,ergo       ] GC(2) Free: 810M, Max: 512K regular, 809M humongous, Frag: 1% external, 0% internal; Reserve: 63488K, Max: 512K
[7.804s][info][gc,start      ] GC(2) Concurrent evacuation
[7.804s][info][gc,task       ] GC(2) Using 1 of 1 workers for concurrent evacuation
[7.918s][info][gc            ] GC(2) Concurrent evacuation 113.648ms
[7.918s][info][gc,start      ] GC(2) Pause Init Update Refs
[7.918s][info][gc,ergo       ] GC(2) Pacer for Update Refs. Used: 464M, Free: 765M, Non-Taxable: 78387K, Alloc Tax Rate: 1.1x
[7.918s][info][gc            ] GC(2) Pause Init Update Refs 0.019ms
[7.918s][info][gc,start      ] GC(2) Concurrent update references
[7.918s][info][gc,task       ] GC(2) Using 1 of 1 workers for concurrent reference update
[8.056s][info][gc            ] GC(2) Concurrent update references 137.861ms
[8.058s][info][gc,start      ] GC(2) Pause Final Update Refs
[8.058s][info][gc,task       ] GC(2) Using 1 of 1 workers for final reference update
[8.058s][info][gc            ] GC(2) Pause Final Update Refs 0.262ms
[8.058s][info][gc,start      ] GC(2) Concurrent cleanup
[8.059s][info][gc            ] GC(2) Concurrent cleanup 520M->230M(522M) 0.069ms
[8.059s][info][gc,ergo       ] Free: 955M, Max: 512K regular, 666M humongous, Frag: 31% external, 0% internal; Reserve: 64000K, Max: 512K
[8.059s][info][gc,stats      ] 
[8.059s][info][gc,stats      ] All times are wall-clock times, except per-root-class counters, that are sum over
[8.059s][info][gc,stats      ] all workers. Dividing the <total> over the root stage time estimates parallelism.
[8.059s][info][gc,stats      ] 
[8.059s][info][gc,stats      ] Concurrent Reset                    215 us
[8.059s][info][gc,stats      ] Pause Init Mark (G)                3126 us
[8.059s][info][gc,stats      ] Pause Init Mark (N)                 953 us
[8.059s][info][gc,stats      ]   Accumulate Stats                    6 us
[8.059s][info][gc,stats      ]   Make Parsable                       9 us
[8.059s][info][gc,stats      ]   Update Region States               29 us
[8.059s][info][gc,stats      ]   Scan Roots                        876 us, parallelism: 0.82x
[8.059s][info][gc,stats      ]     S: <total>                      720 us
[8.059s][info][gc,stats      ]     S: Thread Roots                 304 us, workers (us): 304, 
[8.059s][info][gc,stats      ]     S: Universe Roots                 2 us, workers (us):   2, 
[8.059s][info][gc,stats      ]     S: JNI Handles Roots              2 us, workers (us):   2, 
[8.059s][info][gc,stats      ]     S: Synchronizer Roots             0 us, workers (us):   0, 
[8.059s][info][gc,stats      ]     S: Management Roots               2 us, workers (us):   2, 
[8.059s][info][gc,stats      ]     S: System Dict Roots             13 us, workers (us):  13, 
[8.059s][info][gc,stats      ]     S: CLDG Roots                   396 us, workers (us): 396, 
[8.059s][info][gc,stats      ]     S: JVMTI Roots                    1 us, workers (us):   1, 
[8.059s][info][gc,stats      ]   Resize TLABs                        2 us
[8.059s][info][gc,stats      ] Concurrent Marking               154513 us
[8.059s][info][gc,stats      ] Pause Final Mark (G)               2236 us
[8.059s][info][gc,stats      ] Pause Final Mark (N)               2144 us
[8.059s][info][gc,stats      ]   Finish Queues                      11 us
[8.059s][info][gc,stats      ]   System Purge                      212 us
[8.059s][info][gc,stats      ]     Weak Roots                      212 us
[8.059s][info][gc,stats      ]   Update Region States               42 us
[8.059s][info][gc,stats      ]   Retire TLABs                        6 us
[8.059s][info][gc,stats      ]   Choose Collection Set              89 us
[8.059s][info][gc,stats      ]   Rebuild Free Set                    8 us
[8.059s][info][gc,stats      ]   Initial Evacuation               1769 us, parallelism: 0.51x
[8.059s][info][gc,stats      ]     E: <total>                      899 us
[8.059s][info][gc,stats      ]     E: Thread Roots                 222 us, workers (us): 222, 
[8.059s][info][gc,stats      ]     E: Code Cache Roots             156 us, workers (us): 156, 
[8.059s][info][gc,stats      ]     E: Universe Roots                 1 us, workers (us):   1, 
[8.059s][info][gc,stats      ]     E: JNI Handles Roots              1 us, workers (us):   1, 
[8.059s][info][gc,stats      ]     E: Synchronizer Roots             0 us, workers (us):   0, 
[8.059s][info][gc,stats      ]     E: Management Roots               5 us, workers (us):   5, 
[8.059s][info][gc,stats      ]     E: System Dict Roots              8 us, workers (us):   8, 
[8.059s][info][gc,stats      ]     E: CLDG Roots                   506 us, workers (us): 506, 
[8.059s][info][gc,stats      ]     E: JVMTI Roots                    1 us, workers (us):   1, 
[8.059s][info][gc,stats      ] Concurrent Cleanup                   42 us
[8.059s][info][gc,stats      ] Concurrent Evacuation            113636 us
[8.059s][info][gc,stats      ] Pause Init  Update Refs (G)         151 us
[8.059s][info][gc,stats      ] Pause Init  Update Refs (N)          10 us
[8.059s][info][gc,stats      ]   Retire GCLABs                       4 us
[8.059s][info][gc,stats      ] Concurrent Update Refs           137848 us
[8.059s][info][gc,stats      ] Pause Final Update Refs (G)        2383 us
[8.059s][info][gc,stats      ] Pause Final Update Refs (N)         232 us
[8.059s][info][gc,stats      ]   Update Roots                      171 us, parallelism: 0.96x
[8.059s][info][gc,stats      ]     UR: <total>                     164 us
[8.059s][info][gc,stats      ]     UR: Thread Roots                164 us, workers (us): 164, 
[8.059s][info][gc,stats      ]   Update Region States               42 us
[8.059s][info][gc,stats      ]   Trash Collection Set                3 us
[8.059s][info][gc,stats      ]   Rebuild Free Set                    9 us
[8.059s][info][gc,stats      ] Concurrent Cleanup                   63 us
[8.059s][info][gc,stats      ] 
[8.059s][info][gc,stats      ] Allocation pacing accrued:
[8.059s][info][gc,stats      ]       0 of  2021 ms (  0.0%): <total>
[8.059s][info][gc,stats      ]       0 of  2021 ms (  0.0%): <average total>
[8.059s][info][gc,stats      ] 
[8.059s][info][gc,metaspace  ] Metaspace: 42880K->42880K(1087488K)
[8.059s][info][gc,ergo       ] Pacer for Idle. Initial: 25600K, Alloc Tax Rate: 1.0x
[8.132s][info][gc            ] Trigger: Learning 4 of 5. Free (874M) is below initial threshold (875M)
[8.132s][info][gc,ergo       ] Free: 874M, Max: 512K regular, 666M humongous, Frag: 24% external, 0% internal; Reserve: 64000K, Max: 512K
[8.132s][info][gc,start      ] GC(3) Concurrent reset
[8.132s][info][gc,task       ] GC(3) Using 1 of 1 workers for concurrent reset
[8.132s][info][gc,ergo       ] GC(3) Pacer for Reset. Non-Taxable: 1250M
[8.133s][info][gc            ] GC(3) Concurrent reset 0.467ms
[8.135s][info][gc,start      ] GC(3) Pause Init Mark
[8.135s][info][gc,task       ] GC(3) Using 1 of 1 workers for init marking
[8.136s][info][gc,ergo       ] GC(3) Pacer for Mark. Expected Live: 34737K, Free: 874M, Non-Taxable: 89550K, Alloc Tax Rate: 0.0x
[8.136s][info][gc            ] GC(3) Pause Init Mark 0.766ms
[8.136s][info][gc,start      ] GC(3) Concurrent marking
[8.136s][info][gc,task       ] GC(3) Using 1 of 1 workers for concurrent marking
[8.359s][info][gc            ] GC(3) Concurrent marking 223.405ms
[8.359s][info][gc,start      ] GC(3) Pause Final Mark
[8.359s][info][gc,task       ] GC(3) Using 1 of 1 workers for final marking
[8.359s][info][gc,ergo       ] GC(3) Adaptive CSet Selection. Target Free: 177M, Actual Free: 847M, Max CSet: 53333K, Min Garbage: 0B
[8.360s][info][gc,ergo       ] GC(3) Collectable Garbage: 204M (99%), Immediate: 0B (0%), CSet: 204M (99%)
[8.361s][info][gc,ergo       ] GC(3) Pacer for Evacuation. Used CSet: 246M, Free: 785M, Non-Taxable: 80393K, Alloc Tax Rate: 1.1x
[8.361s][info][gc            ] GC(3) Pause Final Mark 1.317ms
[8.361s][info][gc,start      ] GC(3) Concurrent cleanup
[8.361s][info][gc            ] GC(3) Concurrent cleanup 401M->401M(522M) 0.050ms
[8.361s][info][gc,ergo       ] GC(3) Free: 785M, Max: 512K regular, 666M humongous, Frag: 16% external, 0% internal; Reserve: 64000K, Max: 512K
[8.361s][info][gc,start      ] GC(3) Concurrent evacuation
[8.361s][info][gc,task       ] GC(3) Using 1 of 1 workers for concurrent evacuation
[8.547s][info][gc            ] GC(3) Concurrent evacuation 186.275ms
[8.550s][info][gc,start      ] GC(3) Pause Init Update Refs
[8.550s][info][gc,ergo       ] GC(3) Pacer for Update Refs. Used: 443M, Free: 784M, Non-Taxable: 80332K, Alloc Tax Rate: 1.1x
[8.550s][info][gc            ] GC(3) Pause Init Update Refs 0.071ms
[8.550s][info][gc,start      ] GC(3) Concurrent update references
[8.550s][info][gc,task       ] GC(3) Using 1 of 1 workers for concurrent reference update
[8.795s][info][gc            ] GC(3) Concurrent update references 245.329ms
[8.795s][info][gc,start      ] GC(3) Pause Final Update Refs
[8.795s][info][gc,task       ] GC(3) Using 1 of 1 workers for final reference update
[8.795s][info][gc            ] GC(3) Pause Final Update Refs 0.288ms
[8.795s][info][gc,start      ] GC(3) Concurrent cleanup
[8.796s][info][gc            ] GC(3) Concurrent cleanup 445M->198M(563M) 0.066ms
[8.796s][info][gc,ergo       ] Free: 987M, Max: 512K regular, 906M humongous, Frag: 9% external, 0% internal; Reserve: 64000K, Max: 512K
[8.796s][info][gc,stats      ] 
[8.796s][info][gc,stats      ] All times are wall-clock times, except per-root-class counters, that are sum over
[8.796s][info][gc,stats      ] all workers. Dividing the <total> over the root stage time estimates parallelism.
[8.796s][info][gc,stats      ] 
[8.796s][info][gc,stats      ] Concurrent Reset                    458 us
[8.796s][info][gc,stats      ] Pause Init Mark (G)                2874 us
[8.796s][info][gc,stats      ] Pause Init Mark (N)                 740 us
[8.796s][info][gc,stats      ]   Accumulate Stats                    6 us
[8.796s][info][gc,stats      ]   Make Parsable                       6 us
[8.796s][info][gc,stats      ]   Update Region States               32 us
[8.796s][info][gc,stats      ]   Scan Roots                        663 us, parallelism: 0.79x
[8.796s][info][gc,stats      ]     S: <total>                      521 us
[8.796s][info][gc,stats      ]     S: Thread Roots                 174 us, workers (us): 174, 
[8.796s][info][gc,stats      ]     S: Universe Roots                 3 us, workers (us):   3, 
[8.796s][info][gc,stats      ]     S: JNI Handles Roots              1 us, workers (us):   1, 
[8.796s][info][gc,stats      ]     S: Synchronizer Roots             0 us, workers (us):   0, 
[8.796s][info][gc,stats      ]     S: Management Roots               2 us, workers (us):   2, 
[8.796s][info][gc,stats      ]     S: System Dict Roots              7 us, workers (us):   7, 
[8.796s][info][gc,stats      ]     S: CLDG Roots                   334 us, workers (us): 334, 
[8.796s][info][gc,stats      ]     S: JVMTI Roots                    1 us, workers (us):   1, 
[8.796s][info][gc,stats      ]   Resize TLABs                        2 us
[8.796s][info][gc,stats      ] Concurrent Marking               223398 us
[8.796s][info][gc,stats      ] Pause Final Mark (G)               1385 us
[8.796s][info][gc,stats      ] Pause Final Mark (N)               1301 us
[8.796s][info][gc,stats      ]   Finish Queues                      10 us
[8.796s][info][gc,stats      ]   System Purge                      166 us
[8.796s][info][gc,stats      ]     Weak Roots                      166 us
[8.796s][info][gc,stats      ]   Update Region States               43 us
[8.796s][info][gc,stats      ]   Retire TLABs                        5 us
[8.796s][info][gc,stats      ]   Choose Collection Set              82 us
[8.796s][info][gc,stats      ]   Rebuild Free Set                    8 us
[8.796s][info][gc,stats      ]   Initial Evacuation                979 us, parallelism: 0.60x
[8.796s][info][gc,stats      ]     E: <total>                      591 us
[8.796s][info][gc,stats      ]     E: Thread Roots                 210 us, workers (us): 210, 
[8.796s][info][gc,stats      ]     E: Code Cache Roots              86 us, workers (us):  86, 
[8.796s][info][gc,stats      ]     E: Universe Roots                 1 us, workers (us):   1, 
[8.796s][info][gc,stats      ]     E: JNI Handles Roots              1 us, workers (us):   1, 
[8.796s][info][gc,stats      ]     E: Synchronizer Roots             0 us, workers (us):   0, 
[8.796s][info][gc,stats      ]     E: Management Roots               1 us, workers (us):   1, 
[8.796s][info][gc,stats      ]     E: System Dict Roots              8 us, workers (us):   8, 
[8.796s][info][gc,stats      ]     E: CLDG Roots                   284 us, workers (us): 284, 
[8.796s][info][gc,stats      ]     E: JVMTI Roots                    0 us, workers (us):   0, 
[8.796s][info][gc,stats      ] Concurrent Cleanup                   42 us
[8.796s][info][gc,stats      ] Concurrent Evacuation            186263 us
[8.796s][info][gc,stats      ] Pause Init  Update Refs (G)        2594 us
[8.796s][info][gc,stats      ] Pause Init  Update Refs (N)          14 us
[8.796s][info][gc,stats      ]   Retire GCLABs                       4 us
[8.796s][info][gc,stats      ] Concurrent Update Refs           245319 us
[8.796s][info][gc,stats      ] Pause Final Update Refs (G)         414 us
[8.796s][info][gc,stats      ] Pause Final Update Refs (N)         270 us
[8.796s][info][gc,stats      ]   Update Roots                      209 us, parallelism: 0.97x
[8.796s][info][gc,stats      ]     UR: <total>                     204 us
[8.796s][info][gc,stats      ]     UR: Thread Roots                204 us, workers (us): 204, 
[8.796s][info][gc,stats      ]   Update Region States               42 us
[8.796s][info][gc,stats      ]   Trash Collection Set                3 us
[8.796s][info][gc,stats      ]   Rebuild Free Set                    8 us
[8.796s][info][gc,stats      ] Concurrent Cleanup                   59 us
[8.796s][info][gc,stats      ] 
[8.796s][info][gc,stats      ] Allocation pacing accrued:
[8.796s][info][gc,stats      ]       0 of   737 ms (  0.0%): <total>
[8.796s][info][gc,stats      ]       0 of   737 ms (  0.0%): <average total>
[8.796s][info][gc,stats      ] 
[8.796s][info][gc,metaspace  ] Metaspace: 42880K->43077K(1087488K)
[8.796s][info][gc,ergo       ] Pacer for Idle. Initial: 25600K, Alloc Tax Rate: 1.0x
[9.816s][info][gc            ] Trigger: Explicit GC request (System.gc())
[9.816s][info][gc,ergo       ] Free: 948M, Max: 512K regular, 906M humongous, Frag: 5% external, 0% internal; Reserve: 64000K, Max: 512K
[9.816s][info][gc,start      ] GC(4) Concurrent reset
[9.816s][info][gc,task       ] GC(4) Using 1 of 1 workers for concurrent reset
[9.816s][info][gc,ergo       ] GC(4) Pacer for Reset. Non-Taxable: 1250M
[9.817s][info][gc            ] GC(4) Concurrent reset 0.462ms
[9.817s][info][gc,start      ] GC(4) Pause Init Mark (process weakrefs) (unload classes)
[9.817s][info][gc,task       ] GC(4) Using 1 of 1 workers for init marking
[9.817s][info][gc,ergo       ] GC(4) Pacer for Mark. Expected Live: 53066K, Free: 948M, Non-Taxable: 97136K, Alloc Tax Rate: 0.1x
[9.818s][info][gc            ] GC(4) Pause Init Mark (process weakrefs) (unload classes) 0.868ms
[9.818s][info][gc,start      ] GC(4) Concurrent marking (process weakrefs) (unload classes)
[9.818s][info][gc,task       ] GC(4) Using 1 of 1 workers for concurrent marking
[9.842s][info][gc            ] GC(4) Concurrent marking (process weakrefs) (unload classes) 24.784ms
[9.842s][info][gc,start      ] GC(4) Concurrent precleaning
[9.842s][info][gc,task       ] GC(4) Using 1 of 1 workers for concurrent preclean
[9.842s][info][gc,ergo       ] GC(4) Pacer for Precleaning. Non-Taxable: 1250M
[9.856s][info][gc            ] GC(4) Concurrent precleaning 13.235ms
[9.856s][info][gc,start      ] GC(4) Pause Final Mark (process weakrefs) (unload classes)
[9.856s][info][gc,task       ] GC(4) Using 1 of 1 workers for final marking
[9.873s][info][gc,stringtable] GC(4) Cleaned string and symbol table, strings: 16616 processed, 0 removed, symbols: 113919 processed, 30 removed
[9.874s][info][gc,ergo       ] GC(4) Adaptive CSet Selection. Target Free: 177M, Actual Free: 1185M, Max CSet: 53333K, Min Garbage: 0B
[9.874s][info][gc,ergo       ] GC(4) Collectable Garbage: 214M (99%), Immediate: 174M (80%), CSet: 40294K (18%)
[9.876s][info][gc,ergo       ] GC(4) Pacer for Evacuation. Used CSet: 44244K, Free: 1124M, Non-Taxable: 112M, Alloc Tax Rate: 1.1x
[9.876s][info][gc            ] GC(4) Pause Final Mark (process weakrefs) (unload classes) 19.877ms
[9.876s][info][gc,start      ] GC(4) Concurrent cleanup
[9.876s][info][gc            ] GC(4) Concurrent cleanup 236M->62M(563M) 0.078ms
[9.876s][info][gc,ergo       ] GC(4) Free: 1123M, Max: 512K regular, 986M humongous, Frag: 13% external, 0% internal; Reserve: 63742K, Max: 512K
[9.876s][info][gc,start      ] GC(4) Concurrent evacuation
[9.876s][info][gc,task       ] GC(4) Using 1 of 1 workers for concurrent evacuation
[9.890s][info][gc            ] GC(4) Concurrent evacuation 13.749ms
[9.890s][info][gc,start      ] GC(4) Pause Init Update Refs
[9.890s][info][gc,ergo       ] GC(4) Pacer for Update Refs. Used: 68667K, Free: 1123M, Non-Taxable: 112M, Alloc Tax Rate: 1.1x
[9.890s][info][gc            ] GC(4) Pause Init Update Refs 0.020ms
[9.890s][info][gc,start      ] GC(4) Concurrent update references
[9.890s][info][gc,task       ] GC(4) Using 1 of 1 workers for concurrent reference update
[9.905s][info][gc            ] GC(4) Concurrent update references 15.025ms
[9.905s][info][gc,start      ] GC(4) Pause Final Update Refs
[9.905s][info][gc,task       ] GC(4) Using 1 of 1 workers for final reference update
[9.911s][info][gc            ] GC(4) Pause Final Update Refs 6.000ms
[9.911s][info][gc,start      ] GC(4) Concurrent cleanup
[9.911s][info][gc            ] GC(4) Concurrent cleanup 67M->23M(563M) 0.053ms
[9.911s][info][gc,ergo       ] Free: 1162M, Max: 512K regular, 1121M humongous, Frag: 4% external, 0% internal; Reserve: 64000K, Max: 512K
[9.911s][info][gc,stats      ] 
[9.911s][info][gc,stats      ] All times are wall-clock times, except per-root-class counters, that are sum over
[9.911s][info][gc,stats      ] all workers. Dividing the <total> over the root stage time estimates parallelism.
[9.911s][info][gc,stats      ] 
[9.911s][info][gc,stats      ] Concurrent Reset                    446 us
[9.911s][info][gc,stats      ] Pause Init Mark (G)                1011 us
[9.911s][info][gc,stats      ] Pause Init Mark (N)                 852 us
[9.911s][info][gc,stats      ]   Accumulate Stats                    7 us
[9.911s][info][gc,stats      ]   Make Parsable                       8 us
[9.911s][info][gc,stats      ]   Update Region States               26 us
[9.911s][info][gc,stats      ]   Scan Roots                        762 us, parallelism: 0.48x
[9.911s][info][gc,stats      ]     S: <total>                      363 us
[9.911s][info][gc,stats      ]     S: Thread Roots                 249 us, workers (us): 249, 
[9.911s][info][gc,stats      ]     S: Universe Roots                 3 us, workers (us):   3, 
[9.911s][info][gc,stats      ]     S: JNI Handles Roots              2 us, workers (us):   2, 
[9.911s][info][gc,stats      ]     S: Synchronizer Roots             0 us, workers (us):   0, 
[9.911s][info][gc,stats      ]     S: Management Roots               2 us, workers (us):   2, 
[9.911s][info][gc,stats      ]     S: System Dict Roots             10 us, workers (us):  10, 
[9.911s][info][gc,stats      ]     S: CLDG Roots                    97 us, workers (us):  97, 
[9.911s][info][gc,stats      ]     S: JVMTI Roots                    1 us, workers (us):   1, 
[9.911s][info][gc,stats      ]   Resize TLABs                        4 us
[9.911s][info][gc,stats      ] Concurrent Marking                24775 us
[9.911s][info][gc,stats      ] Concurrent Precleaning            13223 us
[9.911s][info][gc,stats      ] Pause Final Mark (G)              20064 us
[9.911s][info][gc,stats      ] Pause Final Mark (N)              19866 us
[9.911s][info][gc,stats      ]   Finish Queues                      36 us
[9.911s][info][gc,stats      ]   Weak References                   429 us
[9.911s][info][gc,stats      ]     Process                         427 us
[9.911s][info][gc,stats      ]   System Purge                      243 us
[9.911s][info][gc,stats      ]     Unload Classes                  880 us
[9.911s][info][gc,stats      ]     Cleanup                       16023 us, parallelism: 0.98x
[9.911s][info][gc,stats      ]       CU: <total>                 15704 us
[9.911s][info][gc,stats      ]       CU: Code Cache Roots         4251 us, workers (us): 4251, 
[9.911s][info][gc,stats      ]       CU: Code Cache Cleaning      1977 us, workers (us): 1977, 
[9.911s][info][gc,stats      ]       CU: String Table Roots       4438 us, workers (us): 4438, 
[9.911s][info][gc,stats      ]       CU: Resolved Table Roots       72 us, workers (us):  72, 
[9.911s][info][gc,stats      ]       CU: CLDG Roots               4966 us, workers (us): 4966, 
[9.911s][info][gc,stats      ]     Weak Roots                      242 us
[9.911s][info][gc,stats      ]     CLDG                            251 us
[9.911s][info][gc,stats      ]   Update Region States               52 us
[9.911s][info][gc,stats      ]   Retire TLABs                       16 us
[9.911s][info][gc,stats      ]   Choose Collection Set              55 us
[9.911s][info][gc,stats      ]   Rebuild Free Set                   10 us
[9.911s][info][gc,stats      ]   Initial Evacuation               1860 us, parallelism: 0.54x
[9.911s][info][gc,stats      ]     E: <total>                     1005 us
[9.911s][info][gc,stats      ]     E: Thread Roots                 289 us, workers (us): 289, 
[9.911s][info][gc,stats      ]     E: Code Cache Roots             207 us, workers (us): 207, 
[9.911s][info][gc,stats      ]     E: Universe Roots                 4 us, workers (us):   4, 
[9.911s][info][gc,stats      ]     E: JNI Handles Roots              2 us, workers (us):   2, 
[9.911s][info][gc,stats      ]     E: Synchronizer Roots             0 us, workers (us):   0, 
[9.911s][info][gc,stats      ]     E: Management Roots               2 us, workers (us):   2, 
[9.911s][info][gc,stats      ]     E: System Dict Roots             12 us, workers (us):  12, 
[9.911s][info][gc,stats      ]     E: CLDG Roots                   487 us, workers (us): 487, 
[9.911s][info][gc,stats      ]     E: JVMTI Roots                    1 us, workers (us):   1, 
[9.911s][info][gc,stats      ] Concurrent Cleanup                   64 us
[9.911s][info][gc,stats      ] Concurrent Evacuation             13736 us
[9.911s][info][gc,stats      ] Pause Init  Update Refs (G)         147 us
[9.911s][info][gc,stats      ] Pause Init  Update Refs (N)          11 us
[9.911s][info][gc,stats      ]   Retire GCLABs                       4 us
[9.911s][info][gc,stats      ] Concurrent Update Refs            15010 us
[9.911s][info][gc,stats      ] Pause Final Update Refs (G)        6179 us
[9.911s][info][gc,stats      ] Pause Final Update Refs (N)        5980 us
[9.911s][info][gc,stats      ]   Update Roots                     5915 us, parallelism: 0.03x
[9.911s][info][gc,stats      ]     UR: <total>                     201 us
[9.911s][info][gc,stats      ]     UR: Thread Roots                201 us, workers (us): 201, 
[9.911s][info][gc,stats      ]   Update Region States               47 us
[9.911s][info][gc,stats      ]   Trash Collection Set                2 us
[9.911s][info][gc,stats      ]   Rebuild Free Set                    9 us
[9.911s][info][gc,stats      ] Concurrent Cleanup                   44 us
[9.911s][info][gc,stats      ] 
[9.911s][info][gc,stats      ] Allocation pacing accrued:
[9.911s][info][gc,stats      ]       0 of  1116 ms (  0.0%): <total>
[9.911s][info][gc,stats      ]       0 of  1116 ms (  0.0%): <average total>
[9.911s][info][gc,stats      ] 
[9.911s][info][gc,metaspace  ] Metaspace: 49355K->49094K(1093632K)
[9.911s][info][gc,ergo       ] Pacer for Idle. Initial: 25600K, Alloc Tax Rate: 1.0x
[9.911s][info][gc,start      ] Concurrent uncommit
[9.952s][info][gc            ] Concurrent uncommit 23M->23M(25M) 40.827ms
[12.387s][info][gc            ] Trigger: Learning 2 of 5. Free (874M) is below initial threshold (875M)
[12.387s][info][gc,ergo       ] Free: 874M, Max: 512K regular, 874M humongous, Frag: 0% external, 0% internal; Reserve: 64000K, Max: 512K
[12.387s][info][gc,start      ] GC(5) Concurrent reset
[12.387s][info][gc,task       ] GC(5) Using 1 of 1 workers for concurrent reset
[12.387s][info][gc,ergo       ] GC(5) Pacer for Reset. Non-Taxable: 1250M
[12.388s][info][gc            ] GC(5) Concurrent reset 0.238ms
[12.390s][info][gc,start      ] GC(5) Pause Init Mark (process weakrefs)
[12.390s][info][gc,task       ] GC(5) Using 1 of 1 workers for init marking
[12.392s][info][gc,ergo       ] GC(5) Pacer for Mark. Expected Live: 46757K, Free: 874M, Non-Taxable: 89548K, Alloc Tax Rate: 0.1x
[12.392s][info][gc            ] GC(5) Pause Init Mark (process weakrefs) 1.890ms
[12.392s][info][gc,start      ] GC(5) Concurrent marking (process weakrefs)
[12.392s][info][gc,task       ] GC(5) Using 1 of 1 workers for concurrent marking
[12.540s][info][gc            ] GC(5) Concurrent marking (process weakrefs) 148.847ms
[12.541s][info][gc,start      ] GC(5) Concurrent precleaning
[12.541s][info][gc,task       ] GC(5) Using 1 of 1 workers for concurrent preclean
[12.541s][info][gc,ergo       ] GC(5) Pacer for Precleaning. Non-Taxable: 1250M
[12.542s][info][gc            ] GC(5) Concurrent precleaning 1.227ms
[12.542s][info][gc,start      ] GC(5) Pause Final Mark (process weakrefs)
[12.542s][info][gc,task       ] GC(5) Using 1 of 1 workers for final marking
[12.543s][info][gc,ergo       ] GC(5) Adaptive CSet Selection. Target Free: 177M, Actual Free: 898M, Max CSet: 53333K, Min Garbage: 0B
[12.543s][info][gc,ergo       ] GC(5) Collectable Garbage: 265M (99%), Immediate: 7805K (2%), CSet: 258M (96%)
[12.549s][info][gc,ergo       ] GC(5) Pacer for Evacuation. Used CSet: 279M, Free: 837M, Non-Taxable: 85708K, Alloc Tax Rate: 1.1x
[12.549s][info][gc            ] GC(5) Pause Final Mark (process weakrefs) 6.914ms
[12.554s][info][gc,start      ] GC(5) Concurrent cleanup
[12.555s][info][gc            ] GC(5) Concurrent cleanup 356M->349M(360M) 0.199ms
[12.555s][info][gc,ergo       ] GC(5) Free: 837M, Max: 512K regular, 828M humongous, Frag: 2% external, 0% internal; Reserve: 63488K, Max: 512K
[12.555s][info][gc,start      ] GC(5) Concurrent evacuation
[12.555s][info][gc,task       ] GC(5) Using 1 of 1 workers for concurrent evacuation
[12.655s][info][gc            ] GC(5) Concurrent evacuation 100.537ms
[12.662s][info][gc,start      ] GC(5) Pause Init Update Refs
[12.662s][info][gc,ergo       ] GC(5) Pacer for Update Refs. Used: 403M, Free: 803M, Non-Taxable: 82227K, Alloc Tax Rate: 1.1x
[12.662s][info][gc            ] GC(5) Pause Init Update Refs 0.063ms
[12.662s][info][gc,start      ] GC(5) Concurrent update references
[12.662s][info][gc,task       ] GC(5) Using 1 of 1 workers for concurrent reference update
[12.834s][info][gc            ] GC(5) Concurrent update references 171.986ms
[12.836s][info][gc,start      ] GC(5) Pause Final Update Refs
[12.836s][info][gc,task       ] GC(5) Using 1 of 1 workers for final reference update
[12.836s][info][gc            ] GC(5) Pause Final Update Refs 0.306ms
[12.836s][info][gc,start      ] GC(5) Concurrent cleanup
[12.836s][info][gc            ] GC(5) Concurrent cleanup 450M->170M(452M) 0.069ms
[12.837s][info][gc,ergo       ] Free: 1014M, Max: 512K regular, 736M humongous, Frag: 28% external, 0% internal; Reserve: 64000K, Max: 512K
[12.837s][info][gc,stats      ] 
[12.837s][info][gc,stats      ] All times are wall-clock times, except per-root-class counters, that are sum over
[12.837s][info][gc,stats      ] all workers. Dividing the <total> over the root stage time estimates parallelism.
[12.837s][info][gc,stats      ] 
[12.837s][info][gc,stats      ] Concurrent Reset                    209 us
[12.837s][info][gc,stats      ] Pause Init Mark (G)                3980 us
[12.837s][info][gc,stats      ] Pause Init Mark (N)                1868 us
[12.837s][info][gc,stats      ]   Accumulate Stats                    6 us
[12.837s][info][gc,stats      ]   Make Parsable                       8 us
[12.837s][info][gc,stats      ]   Update Region States               29 us
[12.837s][info][gc,stats      ]   Scan Roots                       1777 us, parallelism: 0.87x
[12.837s][info][gc,stats      ]     S: <total>                     1552 us
[12.837s][info][gc,stats      ]     S: Thread Roots                 925 us, workers (us): 925, 
[12.837s][info][gc,stats      ]     S: Universe Roots                 2 us, workers (us):   2, 
[12.837s][info][gc,stats      ]     S: JNI Handles Roots              1 us, workers (us):   1, 
[12.837s][info][gc,stats      ]     S: Synchronizer Roots             0 us, workers (us):   0, 
[12.837s][info][gc,stats      ]     S: Management Roots               1 us, workers (us):   1, 
[12.837s][info][gc,stats      ]     S: System Dict Roots             20 us, workers (us):  20, 
[12.837s][info][gc,stats      ]     S: CLDG Roots                   602 us, workers (us): 602, 
[12.837s][info][gc,stats      ]     S: JVMTI Roots                    0 us, workers (us):   0, 
[12.837s][info][gc,stats      ]   Resize TLABs                        7 us
[12.837s][info][gc,stats      ] Concurrent Marking               148837 us
[12.837s][info][gc,stats      ] Concurrent Precleaning             1176 us
[12.837s][info][gc,stats      ] Pause Final Mark (G)              12494 us
[12.837s][info][gc,stats      ] Pause Final Mark (N)               6890 us
[12.837s][info][gc,stats      ]   Finish Queues                      30 us
[12.837s][info][gc,stats      ]   Weak References                   182 us
[12.837s][info][gc,stats      ]     Process                         177 us
[12.837s][info][gc,stats      ]   System Purge                      724 us
[12.837s][info][gc,stats      ]     Weak Roots                      723 us
[12.837s][info][gc,stats      ]   Update Region States               83 us
[12.837s][info][gc,stats      ]   Retire TLABs                       18 us
[12.837s][info][gc,stats      ]   Choose Collection Set             282 us
[12.837s][info][gc,stats      ]   Rebuild Free Set                   27 us
[12.837s][info][gc,stats      ]   Initial Evacuation               5528 us, parallelism: 0.58x
[12.837s][info][gc,stats      ]     E: <total>                     3202 us
[12.837s][info][gc,stats      ]     E: Thread Roots                 557 us, workers (us): 557, 
[12.837s][info][gc,stats      ]     E: Code Cache Roots             868 us, workers (us): 868, 
[12.837s][info][gc,stats      ]     E: Universe Roots                51 us, workers (us):  51, 
[12.837s][info][gc,stats      ]     E: JNI Handles Roots              3 us, workers (us):   3, 
[12.837s][info][gc,stats      ]     E: Synchronizer Roots             1 us, workers (us):   1, 
[12.837s][info][gc,stats      ]     E: Management Roots               3 us, workers (us):   3, 
[12.837s][info][gc,stats      ]     E: System Dict Roots             25 us, workers (us):  25, 
[12.837s][info][gc,stats      ]     E: CLDG Roots                  1693 us, workers (us): 1693, 
[12.837s][info][gc,stats      ]     E: JVMTI Roots                    1 us, workers (us):   1, 
[12.837s][info][gc,stats      ] Concurrent Cleanup                  127 us
[12.837s][info][gc,stats      ] Concurrent Evacuation            100519 us
[12.837s][info][gc,stats      ] Pause Init  Update Refs (G)        6676 us
[12.837s][info][gc,stats      ] Pause Init  Update Refs (N)          14 us
[12.837s][info][gc,stats      ]   Retire GCLABs                       6 us
[12.837s][info][gc,stats      ] Concurrent Update Refs           171971 us
[12.837s][info][gc,stats      ] Pause Final Update Refs (G)        2418 us
[12.837s][info][gc,stats      ] Pause Final Update Refs (N)         282 us
[12.837s][info][gc,stats      ]   Update Roots                      209 us, parallelism: 0.96x
[12.837s][info][gc,stats      ]     UR: <total>                     200 us
[12.837s][info][gc,stats      ]     UR: Thread Roots                200 us, workers (us): 200, 
[12.837s][info][gc,stats      ]   Update Region States               41 us
[12.837s][info][gc,stats      ]   Trash Collection Set                4 us
[12.837s][info][gc,stats      ]   Rebuild Free Set                    9 us
[12.837s][info][gc,stats      ] Concurrent Cleanup                   62 us
[12.837s][info][gc,stats      ] 
[12.837s][info][gc,stats      ] Allocation pacing accrued:
[12.837s][info][gc,stats      ]       0 of  2925 ms (  0.0%): <total>
[12.837s][info][gc,stats      ]       0 of  2925 ms (  0.0%): <average total>
[12.837s][info][gc,stats      ] 
[12.837s][info][gc,metaspace  ] Metaspace: 55086K->55107K(1097728K)
[12.837s][info][gc,ergo       ] Pacer for Idle. Initial: 25600K, Alloc Tax Rate: 1.0x
[12.971s][info][gc            ] Trigger: Learning 3 of 5. Free (871M) is below initial threshold (875M)
[12.972s][info][gc,ergo       ] Free: 871M, Max: 512K regular, 736M humongous, Frag: 16% external, 0% internal; Reserve: 64000K, Max: 512K
[12.972s][info][gc,start      ] GC(6) Concurrent reset
[12.972s][info][gc,task       ] GC(6) Using 1 of 1 workers for concurrent reset
[12.972s][info][gc,ergo       ] GC(6) Pacer for Reset. Non-Taxable: 1250M
[12.972s][info][gc            ] GC(6) Concurrent reset 0.484ms
[12.974s][info][gc,start      ] GC(6) Pause Init Mark
[12.974s][info][gc,task       ] GC(6) Using 1 of 1 workers for init marking
[12.975s][info][gc,ergo       ] GC(6) Pacer for Mark. Expected Live: 51943K, Free: 871M, Non-Taxable: 89241K, Alloc Tax Rate: 0.1x
[12.975s][info][gc            ] GC(6) Pause Init Mark 1.018ms
[12.975s][info][gc,start      ] GC(6) Concurrent marking
[12.975s][info][gc,task       ] GC(6) Using 1 of 1 workers for concurrent marking
[13.122s][info][gc            ] GC(6) Concurrent marking 146.376ms
[13.122s][info][gc,start      ] GC(6) Pause Final Mark
[13.122s][info][gc,task       ] GC(6) Using 1 of 1 workers for final marking
[13.122s][info][gc,ergo       ] GC(6) Adaptive CSet Selection. Target Free: 177M, Actual Free: 835M, Max CSet: 53333K, Min Garbage: 0B
[13.122s][info][gc,ergo       ] GC(6) Collectable Garbage: 246M (99%), Immediate: 2048K (0%), CSet: 244M (98%)
[13.123s][info][gc,ergo       ] GC(6) Pacer for Evacuation. Used CSet: 266M, Free: 773M, Non-Taxable: 79212K, Alloc Tax Rate: 1.1x
[13.124s][info][gc            ] GC(6) Pause Final Mark 1.755ms
[13.124s][info][gc,start      ] GC(6) Concurrent cleanup
[13.124s][info][gc            ] GC(6) Concurrent cleanup 413M->411M(452M) 0.051ms
[13.124s][info][gc,ergo       ] GC(6) Free: 773M, Max: 512K regular, 736M humongous, Frag: 5% external, 0% internal; Reserve: 63997K, Max: 512K
[13.124s][info][gc,start      ] GC(6) Concurrent evacuation
[13.124s][info][gc,task       ] GC(6) Using 1 of 1 workers for concurrent evacuation
[13.185s][info][gc            ] GC(6) Concurrent evacuation 60.915ms
[13.187s][info][gc,start      ] GC(6) Pause Init Update Refs
[13.187s][info][gc,ergo       ] GC(6) Pacer for Update Refs. Used: 476M, Free: 731M, Non-Taxable: 74912K, Alloc Tax Rate: 1.1x
[13.187s][info][gc            ] GC(6) Pause Init Update Refs 0.038ms
[13.187s][info][gc,start      ] GC(6) Concurrent update references
[13.187s][info][gc,task       ] GC(6) Using 1 of 1 workers for concurrent reference update
[13.410s][info][gc            ] GC(6) Concurrent update references 222.770ms
[13.412s][info][gc,start      ] GC(6) Pause Final Update Refs
[13.412s][info][gc,task       ] GC(6) Using 1 of 1 workers for final reference update
[13.412s][info][gc            ] GC(6) Pause Final Update Refs 0.306ms
[13.412s][info][gc,start      ] GC(6) Concurrent cleanup
[13.412s][info][gc            ] GC(6) Concurrent cleanup 603M->337M(606M) 0.075ms
[13.412s][info][gc,ergo       ] Free: 848M, Max: 512K regular, 581M humongous, Frag: 32% external, 0% internal; Reserve: 64000K, Max: 512K
[13.412s][info][gc,stats      ] 
[13.412s][info][gc,stats      ] All times are wall-clock times, except per-root-class counters, that are sum over
[13.412s][info][gc,stats      ] all workers. Dividing the <total> over the root stage time estimates parallelism.
[13.412s][info][gc,stats      ] 
[13.412s][info][gc,stats      ] Concurrent Reset                    474 us
[13.412s][info][gc,stats      ] Pause Init Mark (G)                3227 us
[13.412s][info][gc,stats      ] Pause Init Mark (N)                 992 us
[13.412s][info][gc,stats      ]   Accumulate Stats                    7 us
[13.412s][info][gc,stats      ]   Make Parsable                       7 us
[13.412s][info][gc,stats      ]   Update Region States               33 us
[13.412s][info][gc,stats      ]   Scan Roots                        922 us, parallelism: 0.74x
[13.412s][info][gc,stats      ]     S: <total>                      683 us
[13.412s][info][gc,stats      ]     S: Thread Roots                 217 us, workers (us): 217, 
[13.412s][info][gc,stats      ]     S: Universe Roots                 3 us, workers (us):   3, 
[13.412s][info][gc,stats      ]     S: JNI Handles Roots              1 us, workers (us):   1, 
[13.412s][info][gc,stats      ]     S: Synchronizer Roots             0 us, workers (us):   0, 
[13.412s][info][gc,stats      ]     S: Management Roots               1 us, workers (us):   1, 
[13.412s][info][gc,stats      ]     S: System Dict Roots             11 us, workers (us):  11, 
[13.412s][info][gc,stats      ]     S: CLDG Roots                   449 us, workers (us): 449, 
[13.412s][info][gc,stats      ]     S: JVMTI Roots                    1 us, workers (us):   1, 
[13.412s][info][gc,stats      ]   Resize TLABs                        2 us
[13.412s][info][gc,stats      ] Concurrent Marking               146366 us
[13.412s][info][gc,stats      ] Pause Final Mark (G)               1832 us
[13.412s][info][gc,stats      ] Pause Final Mark (N)               1745 us
[13.412s][info][gc,stats      ]   Finish Queues                      12 us
[13.412s][info][gc,stats      ]   System Purge                      239 us
[13.412s][info][gc,stats      ]     Weak Roots                      239 us
[13.412s][info][gc,stats      ]   Update Region States               38 us
[13.412s][info][gc,stats      ]   Retire TLABs                        7 us
[13.412s][info][gc,stats      ]   Choose Collection Set              90 us
[13.412s][info][gc,stats      ]   Rebuild Free Set                    8 us
[13.412s][info][gc,stats      ]   Initial Evacuation               1345 us, parallelism: 0.62x
[13.412s][info][gc,stats      ]     E: <total>                      836 us
[13.412s][info][gc,stats      ]     E: Thread Roots                 224 us, workers (us): 224, 
[13.412s][info][gc,stats      ]     E: Code Cache Roots             128 us, workers (us): 128, 
[13.412s][info][gc,stats      ]     E: Universe Roots                 1 us, workers (us):   1, 
[13.412s][info][gc,stats      ]     E: JNI Handles Roots              1 us, workers (us):   1, 
[13.412s][info][gc,stats      ]     E: Synchronizer Roots             0 us, workers (us):   0, 
[13.412s][info][gc,stats      ]     E: Management Roots               1 us, workers (us):   1, 
[13.412s][info][gc,stats      ]     E: System Dict Roots              9 us, workers (us):   9, 
[13.412s][info][gc,stats      ]     E: CLDG Roots                   471 us, workers (us): 471, 
[13.412s][info][gc,stats      ]     E: JVMTI Roots                    0 us, workers (us):   0, 
[13.412s][info][gc,stats      ] Concurrent Cleanup                   43 us
[13.412s][info][gc,stats      ] Concurrent Evacuation             60900 us
[13.412s][info][gc,stats      ] Pause Init  Update Refs (G)        2137 us
[13.412s][info][gc,stats      ] Pause Init  Update Refs (N)          12 us
[13.412s][info][gc,stats      ]   Retire GCLABs                       4 us
[13.412s][info][gc,stats      ] Concurrent Update Refs           222754 us
[13.412s][info][gc,stats      ] Pause Final Update Refs (G)        2540 us
[13.412s][info][gc,stats      ] Pause Final Update Refs (N)         271 us
[13.412s][info][gc,stats      ]   Update Roots                      210 us, parallelism: 0.95x
[13.412s][info][gc,stats      ]     UR: <total>                     200 us
[13.412s][info][gc,stats      ]     UR: Thread Roots                200 us, workers (us): 200, 
[13.412s][info][gc,stats      ]   Update Region States               41 us
[13.412s][info][gc,stats      ]   Trash Collection Set                3 us
[13.412s][info][gc,stats      ]   Rebuild Free Set                    9 us
[13.412s][info][gc,stats      ] Concurrent Cleanup                   62 us
[13.412s][info][gc,stats      ] 
[13.412s][info][gc,stats      ] Allocation pacing accrued:
[13.412s][info][gc,stats      ]       0 of   576 ms (  0.0%): <total>
[13.412s][info][gc,stats      ]       0 of   576 ms (  0.0%): <average total>
[13.412s][info][gc,stats      ] 
[13.413s][info][gc,metaspace  ] Metaspace: 55109K->55109K(1097728K)
[13.413s][info][gc,ergo       ] Pacer for Idle. Initial: 25600K, Alloc Tax Rate: 1.0x
[13.414s][info][gc            ] Trigger: Learning 4 of 5. Free (845M) is below initial threshold (875M)
[13.414s][info][gc,ergo       ] Free: 845M, Max: 512K regular, 581M humongous, Frag: 32% external, 0% internal; Reserve: 64000K, Max: 512K
[13.414s][info][gc,start      ] GC(7) Concurrent reset
[13.414s][info][gc,task       ] GC(7) Using 1 of 1 workers for concurrent reset
[13.414s][info][gc,ergo       ] GC(7) Pacer for Reset. Non-Taxable: 1250M
[13.418s][info][gc            ] GC(7) Concurrent reset 3.989ms
[13.420s][info][gc,start      ] GC(7) Pause Init Mark
[13.420s][info][gc,task       ] GC(7) Using 1 of 1 workers for init marking
[13.421s][info][gc,ergo       ] GC(7) Pacer for Mark. Expected Live: 61135K, Free: 839M, Non-Taxable: 85964K, Alloc Tax Rate: 0.1x
[13.421s][info][gc            ] GC(7) Pause Init Mark 1.077ms
[13.422s][info][gc,start      ] GC(7) Concurrent marking
[13.422s][info][gc,task       ] GC(7) Using 1 of 1 workers for concurrent marking
[13.603s][info][gc            ] GC(7) Concurrent marking 181.818ms
[13.604s][info][gc,start      ] GC(7) Pause Final Mark
[13.604s][info][gc,task       ] GC(7) Using 1 of 1 workers for final marking
[13.604s][info][gc,ergo       ] GC(7) Adaptive CSet Selection. Target Free: 177M, Actual Free: 764M, Max CSet: 53333K, Min Garbage: 0B
[13.605s][info][gc,ergo       ] GC(7) Collectable Garbage: 252M (99%), Immediate: 2048K (0%), CSet: 250M (98%)
[13.607s][info][gc,ergo       ] GC(7) Pacer for Evacuation. Used CSet: 274M, Free: 702M, Non-Taxable: 71949K, Alloc Tax Rate: 1.1x
[13.608s][info][gc            ] GC(7) Pause Final Mark 3.954ms
[13.608s][info][gc,start      ] GC(7) Concurrent cleanup
[13.608s][info][gc            ] GC(7) Concurrent cleanup 485M->483M(606M) 0.152ms
[13.608s][info][gc,ergo       ] GC(7) Free: 702M, Max: 512K regular, 581M humongous, Frag: 18% external, 0% internal; Reserve: 64000K, Max: 512K
[13.608s][info][gc,start      ] GC(7) Concurrent evacuation
[13.608s][info][gc,task       ] GC(7) Using 1 of 1 workers for concurrent evacuation
[13.696s][info][gc            ] GC(7) Concurrent evacuation 88.258ms
[13.699s][info][gc,start      ] GC(7) Pause Init Update Refs
[13.699s][info][gc,ergo       ] GC(7) Pacer for Update Refs. Used: 560M, Free: 648M, Non-Taxable: 66420K, Alloc Tax Rate: 1.1x
[13.699s][info][gc            ] GC(7) Pause Init Update Refs 0.032ms
[13.699s][info][gc,start      ] GC(7) Concurrent update references
[13.699s][info][gc,task       ] GC(7) Using 1 of 1 workers for concurrent reference update
[13.990s][info][gc            ] GC(7) Concurrent update references 291.229ms
[13.992s][info][gc,start      ] GC(7) Pause Final Update Refs
[13.992s][info][gc,task       ] GC(7) Using 1 of 1 workers for final reference update
[13.992s][info][gc            ] GC(7) Pause Final Update Refs 0.307ms
[13.992s][info][gc,start      ] GC(7) Concurrent cleanup
[13.992s][info][gc            ] GC(7) Concurrent cleanup 738M->464M(740M) 0.068ms
[13.993s][info][gc,ergo       ] Free: 721M, Max: 512K regular, 447M humongous, Frag: 38% external, 0% internal; Reserve: 64000K, Max: 512K
[13.993s][info][gc,stats      ] 
[13.993s][info][gc,stats      ] All times are wall-clock times, except per-root-class counters, that are sum over
[13.993s][info][gc,stats      ] all workers. Dividing the <total> over the root stage time estimates parallelism.
[13.993s][info][gc,stats      ] 
[13.993s][info][gc,stats      ] Concurrent Reset                   3972 us
[13.993s][info][gc,stats      ] Pause Init Mark (G)                3290 us
[13.993s][info][gc,stats      ] Pause Init Mark (N)                1037 us
[13.993s][info][gc,stats      ]   Accumulate Stats                    6 us
[13.993s][info][gc,stats      ]   Make Parsable                       6 us
[13.993s][info][gc,stats      ]   Update Region States               42 us
[13.993s][info][gc,stats      ]   Scan Roots                        945 us, parallelism: 0.76x
[13.993s][info][gc,stats      ]     S: <total>                      716 us
[13.993s][info][gc,stats      ]     S: Thread Roots                 222 us, workers (us): 222, 
[13.993s][info][gc,stats      ]     S: Universe Roots                 3 us, workers (us):   3, 
[13.993s][info][gc,stats      ]     S: JNI Handles Roots              2 us, workers (us):   2, 
[13.993s][info][gc,stats      ]     S: Synchronizer Roots             0 us, workers (us):   0, 
[13.993s][info][gc,stats      ]     S: Management Roots               1 us, workers (us):   1, 
[13.993s][info][gc,stats      ]     S: System Dict Roots             10 us, workers (us):  10, 
[13.993s][info][gc,stats      ]     S: CLDG Roots                   478 us, workers (us): 478, 
[13.993s][info][gc,stats      ]     S: JVMTI Roots                    0 us, workers (us):   0, 
[13.993s][info][gc,stats      ]   Resize TLABs                        3 us
[13.993s][info][gc,stats      ] Concurrent Marking               181807 us
[13.993s][info][gc,stats      ] Pause Final Mark (G)               4180 us
[13.993s][info][gc,stats      ] Pause Final Mark (N)               3927 us
[13.993s][info][gc,stats      ]   Finish Queues                      28 us
[13.993s][info][gc,stats      ]   System Purge                      563 us
[13.993s][info][gc,stats      ]     Weak Roots                      562 us
[13.993s][info][gc,stats      ]   Update Region States               90 us
[13.993s][info][gc,stats      ]   Retire TLABs                       15 us
[13.993s][info][gc,stats      ]   Choose Collection Set             326 us
[13.993s][info][gc,stats      ]   Rebuild Free Set                   89 us
[13.993s][info][gc,stats      ]   Initial Evacuation               2799 us, parallelism: 0.55x
[13.993s][info][gc,stats      ]     E: <total>                     1549 us
[13.993s][info][gc,stats      ]     E: Thread Roots                 441 us, workers (us): 441, 
[13.993s][info][gc,stats      ]     E: Code Cache Roots             196 us, workers (us): 196, 
[13.993s][info][gc,stats      ]     E: Universe Roots                 2 us, workers (us):   2, 
[13.993s][info][gc,stats      ]     E: JNI Handles Roots              2 us, workers (us):   2, 
[13.993s][info][gc,stats      ]     E: Synchronizer Roots             0 us, workers (us):   0, 
[13.993s][info][gc,stats      ]     E: Management Roots               3 us, workers (us):   3, 
[13.993s][info][gc,stats      ]     E: System Dict Roots             17 us, workers (us):  17, 
[13.993s][info][gc,stats      ]     E: CLDG Roots                   886 us, workers (us): 886, 
[13.993s][info][gc,stats      ]     E: JVMTI Roots                    1 us, workers (us):   1, 
[13.993s][info][gc,stats      ] Concurrent Cleanup                  125 us
[13.993s][info][gc,stats      ] Concurrent Evacuation             88237 us
[13.993s][info][gc,stats      ] Pause Init  Update Refs (G)        2446 us
[13.993s][info][gc,stats      ] Pause Init  Update Refs (N)          11 us
[13.993s][info][gc,stats      ]   Retire GCLABs                       4 us
[13.993s][info][gc,stats      ] Concurrent Update Refs           291207 us
[13.993s][info][gc,stats      ] Pause Final Update Refs (G)        2488 us
[13.993s][info][gc,stats      ] Pause Final Update Refs (N)         269 us
[13.993s][info][gc,stats      ]   Update Roots                      206 us, parallelism: 0.97x
[13.993s][info][gc,stats      ]     UR: <total>                     200 us
[13.993s][info][gc,stats      ]     UR: Thread Roots                200 us, workers (us): 200, 
[13.993s][info][gc,stats      ]   Update Region States               40 us
[13.993s][info][gc,stats      ]   Trash Collection Set                3 us
[13.993s][info][gc,stats      ]   Rebuild Free Set                    8 us
[13.993s][info][gc,stats      ] Concurrent Cleanup                   61 us
[13.993s][info][gc,stats      ] 
[13.993s][info][gc,stats      ] Allocation pacing accrued:
[13.993s][info][gc,stats      ]       0 of   580 ms (  0.0%): <total>
[13.993s][info][gc,stats      ]       0 of   580 ms (  0.0%): <average total>
[13.993s][info][gc,stats      ] 
[13.993s][info][gc,metaspace  ] Metaspace: 55109K->55125K(1097728K)
[13.993s][info][gc,ergo       ] Pacer for Idle. Initial: 25600K, Alloc Tax Rate: 1.0x
[13.995s][info][gc            ] Trigger: Learning 5 of 5. Free (718M) is below initial threshold (875M)
[13.995s][info][gc,ergo       ] Free: 718M, Max: 512K regular, 447M humongous, Frag: 38% external, 0% internal; Reserve: 64000K, Max: 512K
[13.995s][info][gc,start      ] GC(8) Concurrent reset
[13.995s][info][gc,task       ] GC(8) Using 1 of 1 workers for concurrent reset
[13.995s][info][gc,ergo       ] GC(8) Pacer for Reset. Non-Taxable: 1250M
[13.995s][info][gc            ] GC(8) Concurrent reset 0.546ms
[13.998s][info][gc,start      ] GC(8) Pause Init Mark
[13.998s][info][gc,task       ] GC(8) Using 1 of 1 workers for init marking
[13.999s][info][gc,ergo       ] GC(8) Pacer for Mark. Expected Live: 66646K, Free: 718M, Non-Taxable: 73550K, Alloc Tax Rate: 0.1x
[13.999s][info][gc            ] GC(8) Pause Init Mark 1.069ms
[13.999s][info][gc,start      ] GC(8) Concurrent marking
[13.999s][info][gc,task       ] GC(8) Using 1 of 1 workers for concurrent marking
[14.191s][info][gc            ] GC(8) Concurrent marking 192.095ms
[14.191s][info][gc,start      ] GC(8) Pause Final Mark
[14.191s][info][gc,task       ] GC(8) Using 1 of 1 workers for final marking
[14.191s][info][gc,ergo       ] GC(8) Adaptive CSet Selection. Target Free: 177M, Actual Free: 637M, Max CSet: 53333K, Min Garbage: 0B
[14.191s][info][gc,ergo       ] GC(8) Collectable Garbage: 342M (99%), Immediate: 0B (0%), CSet: 342M (99%)
[14.193s][info][gc,ergo       ] GC(8) Pacer for Evacuation. Used CSet: 374M, Free: 574M, Non-Taxable: 58828K, Alloc Tax Rate: 1.6x
[14.193s][info][gc            ] GC(8) Pause Final Mark 2.110ms
[14.193s][info][gc,start      ] GC(8) Concurrent cleanup
[14.193s][info][gc            ] GC(8) Concurrent cleanup 610M->610M(740M) 0.059ms
[14.193s][info][gc,ergo       ] GC(8) Free: 574M, Max: 512K regular, 447M humongous, Frag: 23% external, 0% internal; Reserve: 63997K, Max: 512K
[14.193s][info][gc,start      ] GC(8) Concurrent evacuation
[14.193s][info][gc,task       ] GC(8) Using 1 of 1 workers for concurrent evacuation
[14.275s][info][gc            ] GC(8) Concurrent evacuation 81.543ms
[14.277s][info][gc,start      ] GC(8) Pause Init Update Refs
[14.277s][info][gc,ergo       ] GC(8) Pacer for Update Refs. Used: 709M, Free: 508M, Non-Taxable: 52038K, Alloc Tax Rate: 1.7x
[14.277s][info][gc            ] GC(8) Pause Init Update Refs 0.028ms
[14.277s][info][gc,start      ] GC(8) Concurrent update references
[14.277s][info][gc,task       ] GC(8) Using 1 of 1 workers for concurrent reference update
[14.668s][info][gc            ] GC(8) Concurrent update references 391.253ms
[14.670s][info][gc,start      ] GC(8) Pause Final Update Refs
[14.670s][info][gc,task       ] GC(8) Using 1 of 1 workers for final reference update
[14.671s][info][gc            ] GC(8) Pause Final Update Refs 0.286ms
[14.671s][info][gc,start      ] GC(8) Concurrent cleanup
[14.671s][info][gc            ] GC(8) Concurrent cleanup 938M->563M(940M) 0.076ms
[14.671s][info][gc,ergo       ] Free: 622M, Max: 512K regular, 247M humongous, Frag: 61% external, 0% internal; Reserve: 64000K, Max: 512K
[14.671s][info][gc,stats      ] 
[14.671s][info][gc,stats      ] All times are wall-clock times, except per-root-class counters, that are sum over
[14.671s][info][gc,stats      ] all workers. Dividing the <total> over the root stage time estimates parallelism.
[14.671s][info][gc,stats      ] 
[14.671s][info][gc,stats      ] Concurrent Reset                    533 us
[14.671s][info][gc,stats      ] Pause Init Mark (G)                3450 us
[14.671s][info][gc,stats      ] Pause Init Mark (N)                1045 us
[14.671s][info][gc,stats      ]   Accumulate Stats                    6 us
[14.671s][info][gc,stats      ]   Make Parsable                       6 us
[14.671s][info][gc,stats      ]   Update Region States               31 us
[14.671s][info][gc,stats      ]   Scan Roots                        969 us, parallelism: 0.76x
[14.671s][info][gc,stats      ]     S: <total>                      739 us
[14.671s][info][gc,stats      ]     S: Thread Roots                 284 us, workers (us): 284, 
[14.671s][info][gc,stats      ]     S: Universe Roots                 3 us, workers (us):   3, 
[14.671s][info][gc,stats      ]     S: JNI Handles Roots              1 us, workers (us):   1, 
[14.671s][info][gc,stats      ]     S: Synchronizer Roots             0 us, workers (us):   0, 
[14.671s][info][gc,stats      ]     S: Management Roots               2 us, workers (us):   2, 
[14.671s][info][gc,stats      ]     S: System Dict Roots             10 us, workers (us):  10, 
[14.671s][info][gc,stats      ]     S: CLDG Roots                   438 us, workers (us): 438, 
[14.671s][info][gc,stats      ]     S: JVMTI Roots                    0 us, workers (us):   0, 
[14.671s][info][gc,stats      ]   Resize TLABs                        3 us
[14.671s][info][gc,stats      ] Concurrent Marking               192085 us
[14.671s][info][gc,stats      ] Pause Final Mark (G)               2202 us
[14.671s][info][gc,stats      ] Pause Final Mark (N)               2093 us
[14.671s][info][gc,stats      ]   Finish Queues                      29 us
[14.671s][info][gc,stats      ]   System Purge                      250 us
[14.671s][info][gc,stats      ]     Weak Roots                      250 us
[14.671s][info][gc,stats      ]   Update Region States               39 us
[14.671s][info][gc,stats      ]   Retire TLABs                        6 us
[14.671s][info][gc,stats      ]   Choose Collection Set             135 us
[14.671s][info][gc,stats      ]   Rebuild Free Set                    8 us
[14.671s][info][gc,stats      ]   Initial Evacuation               1555 us, parallelism: 0.51x
[14.671s][info][gc,stats      ]     E: <total>                      787 us
[14.671s][info][gc,stats      ]     E: Thread Roots                 220 us, workers (us): 220, 
[14.671s][info][gc,stats      ]     E: Code Cache Roots             140 us, workers (us): 140, 
[14.671s][info][gc,stats      ]     E: Universe Roots                 1 us, workers (us):   1, 
[14.671s][info][gc,stats      ]     E: JNI Handles Roots              1 us, workers (us):   1, 
[14.671s][info][gc,stats      ]     E: Synchronizer Roots             0 us, workers (us):   0, 
[14.671s][info][gc,stats      ]     E: Management Roots               1 us, workers (us):   1, 
[14.671s][info][gc,stats      ]     E: System Dict Roots              9 us, workers (us):   9, 
[14.671s][info][gc,stats      ]     E: CLDG Roots                   414 us, workers (us): 414, 
[14.671s][info][gc,stats      ]     E: JVMTI Roots                    1 us, workers (us):   1, 
[14.671s][info][gc,stats      ] Concurrent Cleanup                   47 us
[14.671s][info][gc,stats      ] Concurrent Evacuation             81529 us
[14.671s][info][gc,stats      ] Pause Init  Update Refs (G)        2103 us
[14.671s][info][gc,stats      ] Pause Init  Update Refs (N)          10 us
[14.671s][info][gc,stats      ]   Retire GCLABs                       4 us
[14.671s][info][gc,stats      ] Concurrent Update Refs           391240 us
[14.671s][info][gc,stats      ] Pause Final Update Refs (G)        2394 us
[14.671s][info][gc,stats      ] Pause Final Update Refs (N)         263 us
[14.671s][info][gc,stats      ]   Update Roots                      204 us, parallelism: 0.97x
[14.671s][info][gc,stats      ]     UR: <total>                     197 us
[14.671s][info][gc,stats      ]     UR: Thread Roots                197 us, workers (us): 197, 
[14.671s][info][gc,stats      ]   Update Region States               40 us
[14.671s][info][gc,stats      ]   Trash Collection Set                4 us
[14.671s][info][gc,stats      ]   Rebuild Free Set                    8 us
[14.671s][info][gc,stats      ] Concurrent Cleanup                   69 us
[14.671s][info][gc,stats      ] Pacing                            32117 us
[14.671s][info][gc,stats      ] 
[14.671s][info][gc,stats      ] Allocation pacing accrued:
[14.671s][info][gc,stats      ]      32 of   678 ms (  4.7%): Executor task launch worker for task 0.0 in stage 0.0 (TID 0)
[14.671s][info][gc,stats      ]      32 of   678 ms (  4.7%): <total>
[14.671s][info][gc,stats      ]       1 of   678 ms (  0.1%): <average total>
[14.671s][info][gc,stats      ]      32 of   678 ms (  4.7%): <average non-zero>
[14.671s][info][gc,stats      ] 
[14.671s][info][gc,metaspace  ] Metaspace: 55125K->55126K(1097728K)
[14.671s][info][gc,ergo       ] Pacer for Idle. Initial: 25600K, Alloc Tax Rate: 1.0x
[16.042s][info][gc            ] Trigger: Average GC time (447.85 ms) is above the time for allocation rate (400 MB/s) to deplete free headroom (178M)
[16.042s][info][gc,ergo       ] Free headroom: 241M (free) - 64000K (spike) - 0B (penalties) = 178M
[16.042s][info][gc,ergo       ] Free: 241M, Max: 512K regular, 241M humongous, Frag: 0% external, 0% internal; Reserve: 64000K, Max: 512K
[16.042s][info][gc,start      ] GC(9) Concurrent reset
[16.042s][info][gc,task       ] GC(9) Using 1 of 1 workers for concurrent reset
[16.042s][info][gc,ergo       ] GC(9) Pacer for Reset. Non-Taxable: 1250M
[16.043s][info][gc            ] GC(9) Concurrent reset 0.879ms
[16.045s][info][gc,start      ] GC(9) Pause Init Mark
[16.045s][info][gc,task       ] GC(9) Using 1 of 1 workers for init marking
[16.046s][info][gc,ergo       ] GC(9) Pacer for Mark. Expected Live: 70149K, Free: 241M, Non-Taxable: 24697K, Alloc Tax Rate: 0.3x
[16.046s][info][gc            ] GC(9) Pause Init Mark 1.241ms
[16.046s][info][gc,start      ] GC(9) Concurrent marking
[16.046s][info][gc,task       ] GC(9) Using 1 of 1 workers for concurrent marking
[16.239s][info][gc            ] GC(9) Concurrent marking 192.509ms
[16.239s][info][gc,start      ] GC(9) Pause Final Mark
[16.239s][info][gc,task       ] GC(9) Using 1 of 1 workers for final marking
[16.239s][info][gc,ergo       ] GC(9) Adaptive CSet Selection. Target Free: 177M, Actual Free: 541M, Max CSet: 53333K, Min Garbage: 0B
[16.240s][info][gc,ergo       ] GC(9) Collectable Garbage: 773M (99%), Immediate: 293M (37%), CSet: 479M (61%)
[16.241s][info][gc,ergo       ] GC(9) Pacer for Evacuation. Used CSet: 523M, Free: 480M, Non-Taxable: 49203K, Alloc Tax Rate: 2.7x
[16.241s][info][gc            ] GC(9) Pause Final Mark 2.295ms
[16.243s][info][gc,start      ] GC(9) Concurrent cleanup
[16.243s][info][gc            ] GC(9) Concurrent cleanup 999M->708M(1002M) 0.088ms
[16.243s][info][gc,ergo       ] GC(9) Free: 478M, Max: 512K regular, 185M humongous, Frag: 62% external, 0% internal; Reserve: 63858K, Max: 512K
[16.243s][info][gc,start      ] GC(9) Concurrent evacuation
[16.243s][info][gc,task       ] GC(9) Using 1 of 1 workers for concurrent evacuation
[16.360s][info][gc            ] GC(9) Concurrent evacuation 116.297ms
[16.362s][info][gc,start      ] GC(9) Pause Init Update Refs
[16.362s][info][gc,ergo       ] GC(9) Pacer for Update Refs. Used: 837M, Free: 393M, Non-Taxable: 40243K, Alloc Tax Rate: 2.6x
[16.362s][info][gc            ] GC(9) Pause Init Update Refs 0.029ms
[16.362s][info][gc,start      ] GC(9) Concurrent update references
[16.362s][info][gc,task       ] GC(9) Using 1 of 1 workers for concurrent reference update
[16.712s][info][gc            ] GC(9) Concurrent update references 350.482ms
[16.715s][info][gc,start      ] GC(9) Pause Final Update Refs
[16.715s][info][gc,task       ] GC(9) Using 1 of 1 workers for final reference update
[16.715s][info][gc            ] GC(9) Pause Final Update Refs 0.282ms
[16.718s][info][gc,start      ] GC(9) Concurrent cleanup
[16.718s][info][gc            ] GC(9) Concurrent cleanup 1073M->555M(1075M) 0.100ms
[16.718s][info][gc,ergo       ] Free: 630M, Max: 512K regular, 168M humongous, Frag: 74% external, 0% internal; Reserve: 64000K, Max: 512K
[16.718s][info][gc,stats      ] 
[16.718s][info][gc,stats      ] All times are wall-clock times, except per-root-class counters, that are sum over
[16.718s][info][gc,stats      ] all workers. Dividing the <total> over the root stage time estimates parallelism.
[16.718s][info][gc,stats      ] 
[16.718s][info][gc,stats      ] Concurrent Reset                    857 us
[16.718s][info][gc,stats      ] Pause Init Mark (G)                3395 us
[16.718s][info][gc,stats      ] Pause Init Mark (N)                1222 us
[16.718s][info][gc,stats      ]   Accumulate Stats                    7 us
[16.718s][info][gc,stats      ]   Make Parsable                      11 us
[16.718s][info][gc,stats      ]   Update Region States               26 us
[16.718s][info][gc,stats      ]   Scan Roots                       1141 us, parallelism: 0.77x
[16.718s][info][gc,stats      ]     S: <total>                      878 us
[16.718s][info][gc,stats      ]     S: Thread Roots                 306 us, workers (us): 306, 
[16.718s][info][gc,stats      ]     S: Universe Roots                 3 us, workers (us):   3, 
[16.718s][info][gc,stats      ]     S: JNI Handles Roots              2 us, workers (us):   2, 
[16.718s][info][gc,stats      ]     S: Synchronizer Roots             0 us, workers (us):   0, 
[16.718s][info][gc,stats      ]     S: Management Roots               2 us, workers (us):   2, 
[16.718s][info][gc,stats      ]     S: System Dict Roots             12 us, workers (us):  12, 
[16.718s][info][gc,stats      ]     S: CLDG Roots                   554 us, workers (us): 554, 
[16.718s][info][gc,stats      ]     S: JVMTI Roots                    0 us, workers (us):   0, 
[16.718s][info][gc,stats      ]   Resize TLABs                        5 us
[16.718s][info][gc,stats      ] Concurrent Marking               192500 us
[16.718s][info][gc,stats      ] Pause Final Mark (G)               4131 us
[16.718s][info][gc,stats      ] Pause Final Mark (N)               2284 us
[16.718s][info][gc,stats      ]   Finish Queues                       9 us
[16.718s][info][gc,stats      ]   System Purge                      326 us
[16.718s][info][gc,stats      ]     Weak Roots                      326 us
[16.718s][info][gc,stats      ]   Update Region States               35 us
[16.718s][info][gc,stats      ]   Retire TLABs                        7 us
[16.718s][info][gc,stats      ]   Choose Collection Set             150 us
[16.718s][info][gc,stats      ]   Rebuild Free Set                    8 us
[16.718s][info][gc,stats      ]   Initial Evacuation               1743 us, parallelism: 0.57x
[16.718s][info][gc,stats      ]     E: <total>                      996 us
[16.718s][info][gc,stats      ]     E: Thread Roots                 266 us, workers (us): 266, 
[16.718s][info][gc,stats      ]     E: Code Cache Roots             211 us, workers (us): 211, 
[16.718s][info][gc,stats      ]     E: Universe Roots                 1 us, workers (us):   1, 
[16.718s][info][gc,stats      ]     E: JNI Handles Roots              1 us, workers (us):   1, 
[16.718s][info][gc,stats      ]     E: Synchronizer Roots             0 us, workers (us):   0, 
[16.718s][info][gc,stats      ]     E: Management Roots               1 us, workers (us):   1, 
[16.718s][info][gc,stats      ]     E: System Dict Roots             11 us, workers (us):  11, 
[16.718s][info][gc,stats      ]     E: CLDG Roots                   504 us, workers (us): 504, 
[16.718s][info][gc,stats      ]     E: JVMTI Roots                    0 us, workers (us):   0, 
[16.718s][info][gc,stats      ] Concurrent Cleanup                   67 us
[16.718s][info][gc,stats      ] Concurrent Evacuation            116285 us
[16.718s][info][gc,stats      ] Pause Init  Update Refs (G)        2184 us
[16.718s][info][gc,stats      ] Pause Init  Update Refs (N)          11 us
[16.718s][info][gc,stats      ]   Retire GCLABs                       4 us
[16.718s][info][gc,stats      ] Concurrent Update Refs           350468 us
[16.718s][info][gc,stats      ] Pause Final Update Refs (G)        5568 us
[16.718s][info][gc,stats      ] Pause Final Update Refs (N)         259 us
[16.718s][info][gc,stats      ]   Update Roots                      199 us, parallelism: 0.97x
[16.718s][info][gc,stats      ]     UR: <total>                     193 us
[16.718s][info][gc,stats      ]     UR: Thread Roots                193 us, workers (us): 193, 
[16.718s][info][gc,stats      ]   Update Region States               40 us
[16.718s][info][gc,stats      ]   Trash Collection Set                5 us
[16.718s][info][gc,stats      ]   Rebuild Free Set                    8 us
[16.718s][info][gc,stats      ] Concurrent Cleanup                   83 us
[16.718s][info][gc,stats      ] Pacing                           108002 us
[16.718s][info][gc,stats      ] 
[16.718s][info][gc,stats      ] Allocation pacing accrued:
[16.718s][info][gc,stats      ]     108 of  2047 ms (  5.3%): Executor task launch worker for task 0.0 in stage 1.0 (TID 1)
[16.718s][info][gc,stats      ]     108 of  2047 ms (  5.3%): <total>
[16.718s][info][gc,stats      ]       2 of  2047 ms (  0.1%): <average total>
[16.718s][info][gc,stats      ]     108 of  2047 ms (  5.3%): <average non-zero>
[16.718s][info][gc,stats      ] 
[16.718s][info][gc,metaspace  ] Metaspace: 57074K->57074K(1099776K)
[16.718s][info][gc,ergo       ] Pacer for Idle. Initial: 25600K, Alloc Tax Rate: 1.0x
[16.811s][info][gc            ] Trigger: Average GC time (564.03 ms) is above the time for allocation rate (717 MB/s) to deplete free headroom (402M)
[16.811s][info][gc,ergo       ] Free headroom: 465M (free) - 64000K (spike) - 0B (penalties) = 402M
[16.811s][info][gc,ergo       ] Free: 465M, Max: 512K regular, 168M humongous, Frag: 64% external, 0% internal; Reserve: 64000K, Max: 512K
[16.811s][info][gc,start      ] GC(10) Concurrent reset
[16.811s][info][gc,task       ] GC(10) Using 1 of 1 workers for concurrent reset
[16.811s][info][gc,ergo       ] GC(10) Pacer for Reset. Non-Taxable: 1250M
[16.812s][info][gc            ] GC(10) Concurrent reset 1.085ms
[16.814s][info][gc,start      ] GC(10) Pause Init Mark (process weakrefs)
[16.814s][info][gc,task       ] GC(10) Using 1 of 1 workers for init marking
[16.815s][info][gc,ergo       ] GC(10) Pacer for Mark. Expected Live: 100132K, Free: 465M, Non-Taxable: 47616K, Alloc Tax Rate: 0.3x
[16.815s][info][gc            ] GC(10) Pause Init Mark (process weakrefs) 1.123ms
[16.815s][info][gc,start      ] GC(10) Concurrent marking (process weakrefs)
[16.815s][info][gc,task       ] GC(10) Using 1 of 1 workers for concurrent marking
[16.972s][info][gc            ] GC(10) Concurrent marking (process weakrefs) 156.499ms
[16.972s][info][gc,start      ] GC(10) Concurrent precleaning
[16.972s][info][gc,task       ] GC(10) Using 1 of 1 workers for concurrent preclean
[16.972s][info][gc,ergo       ] GC(10) Pacer for Precleaning. Non-Taxable: 1250M
[16.972s][info][gc            ] GC(10) Concurrent precleaning 0.513ms
[16.973s][info][gc,start      ] GC(10) Pause Final Mark (process weakrefs)
[16.973s][info][gc,task       ] GC(10) Using 1 of 1 workers for final marking
[16.973s][info][gc,ergo       ] GC(10) Collectable Garbage: 549M (99%), Immediate: 549M (99%), CSet: 0B (0%)
[16.973s][info][gc            ] GC(10) Pause Final Mark (process weakrefs) 0.365ms
[16.973s][info][gc,start      ] GC(10) Concurrent cleanup
[16.973s][info][gc            ] GC(10) Concurrent cleanup 807M->258M(1075M) 0.093ms
[16.973s][info][gc,ergo       ] GC(10) Free: 928M, Max: 512K regular, 578M humongous, Frag: 38% external, 0% internal; Reserve: 64000K, Max: 512K
[16.973s][info][gc,ergo       ] Free: 928M, Max: 512K regular, 578M humongous, Frag: 38% external, 0% internal; Reserve: 64000K, Max: 512K
[16.973s][info][gc,stats      ] 
[16.973s][info][gc,stats      ] All times are wall-clock times, except per-root-class counters, that are sum over
[16.973s][info][gc,stats      ] all workers. Dividing the <total> over the root stage time estimates parallelism.
[16.973s][info][gc,stats      ] 
[16.973s][info][gc,stats      ] Concurrent Reset                   1073 us
[16.973s][info][gc,stats      ] Pause Init Mark (G)                3369 us
[16.973s][info][gc,stats      ] Pause Init Mark (N)                1097 us
[16.973s][info][gc,stats      ]   Accumulate Stats                    8 us
[16.973s][info][gc,stats      ]   Make Parsable                       6 us
[16.973s][info][gc,stats      ]   Update Region States               27 us
[16.973s][info][gc,stats      ]   Scan Roots                       1031 us, parallelism: 0.75x
[16.973s][info][gc,stats      ]     S: <total>                      773 us
[16.973s][info][gc,stats      ]     S: Thread Roots                 216 us, workers (us): 216, 
[16.973s][info][gc,stats      ]     S: Universe Roots                 3 us, workers (us):   3, 
[16.973s][info][gc,stats      ]     S: JNI Handles Roots              2 us, workers (us):   2, 
[16.973s][info][gc,stats      ]     S: Synchronizer Roots             0 us, workers (us):   0, 
[16.973s][info][gc,stats      ]     S: Management Roots               1 us, workers (us):   1, 
[16.973s][info][gc,stats      ]     S: System Dict Roots             11 us, workers (us):  11, 
[16.973s][info][gc,stats      ]     S: CLDG Roots                   540 us, workers (us): 540, 
[16.973s][info][gc,stats      ]     S: JVMTI Roots                    1 us, workers (us):   1, 
[16.973s][info][gc,stats      ]   Resize TLABs                        3 us
[16.973s][info][gc,stats      ] Concurrent Marking               156491 us
[16.973s][info][gc,stats      ] Concurrent Precleaning              497 us
[16.973s][info][gc,stats      ] Pause Final Mark (G)                467 us
[16.973s][info][gc,stats      ] Pause Final Mark (N)                357 us
[16.973s][info][gc,stats      ]   Finish Queues                       8 us
[16.973s][info][gc,stats      ]   Weak References                    36 us
[16.973s][info][gc,stats      ]     Process                          33 us
[16.973s][info][gc,stats      ]   System Purge                      240 us
[16.973s][info][gc,stats      ]     Weak Roots                      240 us
[16.973s][info][gc,stats      ]   Update Region States               38 us
[16.973s][info][gc,stats      ]   Retire TLABs                        5 us
[16.973s][info][gc,stats      ]   Choose Collection Set              17 us
[16.973s][info][gc,stats      ]   Rebuild Free Set                    8 us
[16.973s][info][gc,stats      ] Concurrent Cleanup                   83 us
[16.973s][info][gc,stats      ] Pacing                            60728 us
[16.973s][info][gc,stats      ] 
[16.973s][info][gc,stats      ] Allocation pacing accrued:
[16.973s][info][gc,stats      ]      61 of   255 ms ( 23.8%): Executor task launch worker for task 0.0 in stage 1.0 (TID 1)
[16.973s][info][gc,stats      ]      61 of   255 ms ( 23.8%): <total>
[16.973s][info][gc,stats      ]       1 of   255 ms (  0.5%): <average total>
[16.973s][info][gc,stats      ]      61 of   255 ms ( 23.8%): <average non-zero>
[16.973s][info][gc,stats      ] 
[16.973s][info][gc,metaspace  ] Metaspace: 57074K->57074K(1099776K)
[16.973s][info][gc,ergo       ] Pacer for Idle. Initial: 25600K, Alloc Tax Rate: 1.0x
[17.451s][info][gc            ] Trigger: Average GC time (506.66 ms) is above the time for allocation rate (830 MB/s) to deplete free headroom (420M)
[17.451s][info][gc,ergo       ] Free headroom: 483M (free) - 64000K (spike) - 0B (penalties) = 420M
[17.451s][info][gc,ergo       ] Free: 483M, Max: 512K regular, 483M humongous, Frag: 0% external, 0% internal; Reserve: 64000K, Max: 512K
[17.451s][info][gc,start      ] GC(11) Concurrent reset
[17.451s][info][gc,task       ] GC(11) Using 1 of 1 workers for concurrent reset
[17.451s][info][gc,ergo       ] GC(11) Pacer for Reset. Non-Taxable: 1250M
[17.451s][info][gc            ] GC(11) Concurrent reset 0.273ms
[17.454s][info][gc,start      ] GC(11) Pause Init Mark
[17.454s][info][gc,task       ] GC(11) Using 1 of 1 workers for init marking
[17.455s][info][gc,ergo       ] GC(11) Pacer for Mark. Expected Live: 122M, Free: 483M, Non-Taxable: 49459K, Alloc Tax Rate: 0.3x
[17.455s][info][gc            ] GC(11) Pause Init Mark 1.256ms
[17.455s][info][gc,start      ] GC(11) Concurrent marking
[17.455s][info][gc,task       ] GC(11) Using 1 of 1 workers for concurrent marking
[17.669s][info][gc            ] GC(11) Concurrent marking 214.068ms
[17.669s][info][gc,start      ] GC(11) Pause Final Mark
[17.669s][info][gc,task       ] GC(11) Using 1 of 1 workers for final marking
[17.670s][info][gc,ergo       ] GC(11) Collectable Garbage: 520M (97%), Immediate: 520M (97%), CSet: 0B (0%)
[17.670s][info][gc            ] GC(11) Pause Final Mark 0.420ms
[17.670s][info][gc,start      ] GC(11) Concurrent cleanup
[17.670s][info][gc            ] GC(11) Concurrent cleanup 784M->264M(1075M) 0.087ms
[17.670s][info][gc,ergo       ] GC(11) Free: 922M, Max: 512K regular, 401M humongous, Frag: 57% external, 0% internal; Reserve: 64000K, Max: 512K
[17.670s][info][gc,ergo       ] Free: 922M, Max: 512K regular, 401M humongous, Frag: 57% external, 0% internal; Reserve: 64000K, Max: 512K
[17.670s][info][gc,stats      ] 
[17.670s][info][gc,stats      ] All times are wall-clock times, except per-root-class counters, that are sum over
[17.670s][info][gc,stats      ] all workers. Dividing the <total> over the root stage time estimates parallelism.
[17.670s][info][gc,stats      ] 
[17.670s][info][gc,stats      ] Concurrent Reset                    264 us
[17.670s][info][gc,stats      ] Pause Init Mark (G)                3772 us
[17.670s][info][gc,stats      ] Pause Init Mark (N)                1222 us
[17.670s][info][gc,stats      ]   Accumulate Stats                    7 us
[17.670s][info][gc,stats      ]   Make Parsable                      11 us
[17.670s][info][gc,stats      ]   Update Region States               39 us
[17.670s][info][gc,stats      ]   Scan Roots                       1118 us, parallelism: 0.76x
[17.670s][info][gc,stats      ]     S: <total>                      854 us
[17.670s][info][gc,stats      ]     S: Thread Roots                 262 us, workers (us): 262, 
[17.670s][info][gc,stats      ]     S: Universe Roots                 2 us, workers (us):   2, 
[17.670s][info][gc,stats      ]     S: JNI Handles Roots              2 us, workers (us):   2, 
[17.670s][info][gc,stats      ]     S: Synchronizer Roots             0 us, workers (us):   0, 
[17.670s][info][gc,stats      ]     S: Management Roots               1 us, workers (us):   1, 
[17.670s][info][gc,stats      ]     S: System Dict Roots             12 us, workers (us):  12, 
[17.670s][info][gc,stats      ]     S: CLDG Roots                   575 us, workers (us): 575, 
[17.670s][info][gc,stats      ]     S: JVMTI Roots                    1 us, workers (us):   1, 
[17.670s][info][gc,stats      ]   Resize TLABs                        5 us
[17.670s][info][gc,stats      ] Concurrent Marking               214058 us
[17.670s][info][gc,stats      ] Pause Final Mark (G)                484 us
[17.670s][info][gc,stats      ] Pause Final Mark (N)                388 us
[17.670s][info][gc,stats      ]   Finish Queues                      10 us
[17.670s][info][gc,stats      ]   System Purge                      290 us
[17.670s][info][gc,stats      ]     Weak Roots                      290 us
[17.670s][info][gc,stats      ]   Update Region States               38 us
[17.670s][info][gc,stats      ]   Retire TLABs                        7 us
[17.670s][info][gc,stats      ]   Choose Collection Set              22 us
[17.670s][info][gc,stats      ]   Rebuild Free Set                    8 us
[17.670s][info][gc,stats      ] Concurrent Cleanup                   80 us
[17.670s][info][gc,stats      ] Pacing                            70388 us
[17.670s][info][gc,stats      ] 
[17.670s][info][gc,stats      ] Allocation pacing accrued:
[17.670s][info][gc,stats      ]      70 of   697 ms ( 10.1%): Executor task launch worker for task 0.0 in stage 1.0 (TID 1)
[17.670s][info][gc,stats      ]      70 of   697 ms ( 10.1%): <total>
[17.670s][info][gc,stats      ]       1 of   697 ms (  0.2%): <average total>
[17.670s][info][gc,stats      ]      70 of   697 ms ( 10.1%): <average non-zero>
[17.670s][info][gc,stats      ] 
[17.670s][info][gc,metaspace  ] Metaspace: 57849K->57849K(1101824K)
[17.670s][info][gc,ergo       ] Pacer for Idle. Initial: 25600K, Alloc Tax Rate: 1.0x
[17.881s][info][gc            ] Trigger: Average GC time (462.29 ms) is above the time for allocation rate (1058 MB/s) to deplete free headroom (486M)
[17.881s][info][gc,ergo       ] Free headroom: 549M (free) - 64000K (spike) - 0B (penalties) = 486M
[17.881s][info][gc,ergo       ] Free: 549M, Max: 512K regular, 401M humongous, Frag: 27% external, 0% internal; Reserve: 64000K, Max: 512K
[17.881s][info][gc,start      ] GC(12) Concurrent reset
[17.881s][info][gc,task       ] GC(12) Using 1 of 1 workers for concurrent reset
[17.881s][info][gc,ergo       ] GC(12) Pacer for Reset. Non-Taxable: 1250M
[17.881s][info][gc            ] GC(12) Concurrent reset 0.272ms
[17.883s][info][gc,start      ] GC(12) Pause Init Mark
[17.883s][info][gc,task       ] GC(12) Using 1 of 1 workers for init marking
[17.885s][info][gc,ergo       ] GC(12) Pacer for Mark. Expected Live: 143M, Free: 549M, Non-Taxable: 56217K, Alloc Tax Rate: 0.3x
[17.885s][info][gc            ] GC(12) Pause Init Mark 1.227ms
[17.885s][info][gc,start      ] GC(12) Concurrent marking
[17.885s][info][gc,task       ] GC(12) Using 1 of 1 workers for concurrent marking
[18.041s][info][gc            ] GC(12) Concurrent marking 155.956ms
[18.041s][info][gc,start      ] GC(12) Pause Final Mark
[18.041s][info][gc,task       ] GC(12) Using 1 of 1 workers for final marking
[18.041s][info][gc,ergo       ] GC(12) Collectable Garbage: 454M (96%), Immediate: 454M (96%), CSet: 0B (0%)
[18.041s][info][gc            ] GC(12) Pause Final Mark 0.377ms
[18.041s][info][gc,start      ] GC(12) Concurrent cleanup
[18.041s][info][gc            ] GC(12) Concurrent cleanup 724M->269M(1075M) 0.082ms
[18.041s][info][gc,ergo       ] GC(12) Free: 916M, Max: 512K regular, 540M humongous, Frag: 42% external, 0% internal; Reserve: 64000K, Max: 512K
[18.041s][info][gc,ergo       ] Free: 916M, Max: 512K regular, 540M humongous, Frag: 42% external, 0% internal; Reserve: 64000K, Max: 512K
[18.041s][info][gc,stats      ] 
[18.041s][info][gc,stats      ] All times are wall-clock times, except per-root-class counters, that are sum over
[18.041s][info][gc,stats      ] all workers. Dividing the <total> over the root stage time estimates parallelism.
[18.041s][info][gc,stats      ] 
[18.041s][info][gc,stats      ] Concurrent Reset                    262 us
[18.041s][info][gc,stats      ] Pause Init Mark (G)                3409 us
[18.041s][info][gc,stats      ] Pause Init Mark (N)                1203 us
[18.041s][info][gc,stats      ]   Accumulate Stats                    7 us
[18.041s][info][gc,stats      ]   Make Parsable                       7 us
[18.041s][info][gc,stats      ]   Update Region States               32 us
[18.041s][info][gc,stats      ]   Scan Roots                       1118 us, parallelism: 0.75x
[18.041s][info][gc,stats      ]     S: <total>                      837 us
[18.041s][info][gc,stats      ]     S: Thread Roots                 239 us, workers (us): 239, 
[18.041s][info][gc,stats      ]     S: Universe Roots                 3 us, workers (us):   3, 
[18.041s][info][gc,stats      ]     S: JNI Handles Roots              2 us, workers (us):   2, 
[18.041s][info][gc,stats      ]     S: Synchronizer Roots             0 us, workers (us):   0, 
[18.041s][info][gc,stats      ]     S: Management Roots               2 us, workers (us):   2, 
[18.041s][info][gc,stats      ]     S: System Dict Roots             13 us, workers (us):  13, 
[18.041s][info][gc,stats      ]     S: CLDG Roots                   577 us, workers (us): 577, 
[18.041s][info][gc,stats      ]     S: JVMTI Roots                    1 us, workers (us):   1, 
[18.041s][info][gc,stats      ]   Resize TLABs                        5 us
[18.041s][info][gc,stats      ] Concurrent Marking               155947 us
[18.041s][info][gc,stats      ] Pause Final Mark (G)                437 us
[18.041s][info][gc,stats      ] Pause Final Mark (N)                367 us
[18.041s][info][gc,stats      ]   Finish Queues                       9 us
[18.041s][info][gc,stats      ]   System Purge                      244 us
[18.041s][info][gc,stats      ]     Weak Roots                      243 us
[18.041s][info][gc,stats      ]   Update Region States               38 us
[18.041s][info][gc,stats      ]   Retire TLABs                       36 us
[18.041s][info][gc,stats      ]   Choose Collection Set              26 us
[18.041s][info][gc,stats      ]   Rebuild Free Set                    8 us
[18.041s][info][gc,stats      ] Concurrent Cleanup                   75 us
[18.041s][info][gc,stats      ] Pacing                            60015 us
[18.041s][info][gc,stats      ] 
[18.041s][info][gc,stats      ] Allocation pacing accrued:
[18.041s][info][gc,stats      ]      60 of   371 ms ( 16.2%): Executor task launch worker for task 0.0 in stage 1.0 (TID 1)
[18.041s][info][gc,stats      ]      60 of   371 ms ( 16.2%): <total>
[18.041s][info][gc,stats      ]       1 of   371 ms (  0.3%): <average total>
[18.041s][info][gc,stats      ]      60 of   371 ms ( 16.2%): <average non-zero>
[18.041s][info][gc,stats      ] 
[18.041s][info][gc,metaspace  ] Metaspace: 57849K->57849K(1101824K)
[18.041s][info][gc,ergo       ] Pacer for Idle. Initial: 25600K, Alloc Tax Rate: 1.0x
[18.603s][info][gc            ] Trigger: Explicit GC request (System.gc())
[18.603s][info][gc,ergo       ] Free: 553M, Max: 512K regular, 540M humongous, Frag: 3% external, 0% internal; Reserve: 64000K, Max: 512K
[18.603s][info][gc,start      ] GC(13) Concurrent reset
[18.603s][info][gc,task       ] GC(13) Using 1 of 1 workers for concurrent reset
[18.603s][info][gc,ergo       ] GC(13) Pacer for Reset. Non-Taxable: 1250M
[18.603s][info][gc            ] GC(13) Concurrent reset 0.293ms
[18.604s][info][gc,start      ] GC(13) Pause Init Mark (process weakrefs) (unload classes)
[18.604s][info][gc,task       ] GC(13) Using 1 of 1 workers for init marking
[18.604s][info][gc,ergo       ] GC(13) Pacer for Mark. Expected Live: 158M, Free: 553M, Non-Taxable: 56680K, Alloc Tax Rate: 0.3x
[18.604s][info][gc            ] GC(13) Pause Init Mark (process weakrefs) (unload classes) 0.743ms
[18.604s][info][gc,start      ] GC(13) Concurrent marking (process weakrefs) (unload classes)
[18.604s][info][gc,task       ] GC(13) Using 1 of 1 workers for concurrent marking
[18.769s][info][gc            ] GC(13) Concurrent marking (process weakrefs) (unload classes) 165.188ms
[18.770s][info][gc,start      ] GC(13) Concurrent precleaning
[18.770s][info][gc,task       ] GC(13) Using 1 of 1 workers for concurrent preclean
[18.770s][info][gc,ergo       ] GC(13) Pacer for Precleaning. Non-Taxable: 1250M
[18.770s][info][gc            ] GC(13) Concurrent precleaning 0.391ms
[18.770s][info][gc,start      ] GC(13) Pause Final Mark (process weakrefs) (unload classes)
[18.770s][info][gc,task       ] GC(13) Using 1 of 1 workers for final marking
[18.792s][info][gc,stringtable] GC(13) Cleaned string and symbol table, strings: 18400 processed, 0 removed, symbols: 131775 processed, 46 removed
[18.792s][info][gc,ergo       ] GC(13) Collectable Garbage: 441M (94%), Immediate: 441M (94%), CSet: 0B (0%)
[18.792s][info][gc            ] GC(13) Pause Final Mark (process weakrefs) (unload classes) 22.036ms
[18.792s][info][gc,start      ] GC(13) Concurrent cleanup
[18.792s][info][gc            ] GC(13) Concurrent cleanup 631M->191M(1075M) 0.084ms
[18.792s][info][gc,ergo       ] GC(13) Free: 994M, Max: 512K regular, 540M humongous, Frag: 46% external, 0% internal; Reserve: 64000K, Max: 512K
[18.792s][info][gc,ergo       ] Free: 994M, Max: 512K regular, 540M humongous, Frag: 46% external, 0% internal; Reserve: 64000K, Max: 512K
[18.792s][info][gc,stats      ] 
[18.792s][info][gc,stats      ] All times are wall-clock times, except per-root-class counters, that are sum over
[18.792s][info][gc,stats      ] all workers. Dividing the <total> over the root stage time estimates parallelism.
[18.792s][info][gc,stats      ] 
[18.792s][info][gc,stats      ] Concurrent Reset                    278 us
[18.792s][info][gc,stats      ] Pause Init Mark (G)                 882 us
[18.792s][info][gc,stats      ] Pause Init Mark (N)                 730 us
[18.792s][info][gc,stats      ]   Accumulate Stats                    7 us
[18.792s][info][gc,stats      ]   Make Parsable                      10 us
[18.792s][info][gc,stats      ]   Update Region States               25 us
[18.792s][info][gc,stats      ]   Scan Roots                        662 us, parallelism: 0.50x
[18.792s][info][gc,stats      ]     S: <total>                      328 us
[18.792s][info][gc,stats      ]     S: Thread Roots                 202 us, workers (us): 202, 
[18.792s][info][gc,stats      ]     S: Universe Roots                 3 us, workers (us):   3, 
[18.792s][info][gc,stats      ]     S: JNI Handles Roots              2 us, workers (us):   2, 
[18.792s][info][gc,stats      ]     S: Synchronizer Roots             1 us, workers (us):   1, 
[18.792s][info][gc,stats      ]     S: Management Roots               2 us, workers (us):   2, 
[18.792s][info][gc,stats      ]     S: System Dict Roots             12 us, workers (us):  12, 
[18.792s][info][gc,stats      ]     S: CLDG Roots                   107 us, workers (us): 107, 
[18.792s][info][gc,stats      ]     S: JVMTI Roots                    0 us, workers (us):   0, 
[18.792s][info][gc,stats      ]   Resize TLABs                        3 us
[18.792s][info][gc,stats      ] Concurrent Marking               165181 us
[18.792s][info][gc,stats      ] Concurrent Precleaning              382 us
[18.792s][info][gc,stats      ] Pause Final Mark (G)              22163 us
[18.792s][info][gc,stats      ] Pause Final Mark (N)              22026 us
[18.792s][info][gc,stats      ]   Finish Queues                      42 us
[18.792s][info][gc,stats      ]   Weak References                   109 us
[18.792s][info][gc,stats      ]     Process                         107 us
[18.792s][info][gc,stats      ]   System Purge                      311 us
[18.792s][info][gc,stats      ]     Unload Classes                 1230 us
[18.792s][info][gc,stats      ]     Cleanup                       19966 us, parallelism: 1.00x
[18.792s][info][gc,stats      ]       CU: <total>                 19869 us
[18.792s][info][gc,stats      ]       CU: Code Cache Roots         6596 us, workers (us): 6596, 
[18.792s][info][gc,stats      ]       CU: Code Cache Cleaning      1255 us, workers (us): 1255, 
[18.792s][info][gc,stats      ]       CU: String Table Roots       6012 us, workers (us): 6012, 
[18.792s][info][gc,stats      ]       CU: Resolved Table Roots      136 us, workers (us): 136, 
[18.792s][info][gc,stats      ]       CU: CLDG Roots               5869 us, workers (us): 5869, 
[18.792s][info][gc,stats      ]     Weak Roots                      311 us
[18.792s][info][gc,stats      ]     CLDG                            268 us
[18.792s][info][gc,stats      ]   Update Region States               45 us
[18.792s][info][gc,stats      ]   Retire TLABs                       19 us
[18.792s][info][gc,stats      ]   Choose Collection Set              19 us
[18.792s][info][gc,stats      ]   Rebuild Free Set                    9 us
[18.792s][info][gc,stats      ] Concurrent Cleanup                   74 us
[18.792s][info][gc,stats      ] Pacing                            10015 us
[18.792s][info][gc,stats      ] 
[18.792s][info][gc,stats      ] Allocation pacing accrued:
[18.792s][info][gc,stats      ]      10 of   751 ms (  1.3%): Executor task launch worker for task 0.0 in stage 2.0 (TID 2)
[18.792s][info][gc,stats      ]      10 of   751 ms (  1.3%): <total>
[18.792s][info][gc,stats      ]       0 of   751 ms (  0.0%): <average total>
[18.792s][info][gc,stats      ]      10 of   751 ms (  1.3%): <average non-zero>
[18.792s][info][gc,stats      ] 
[18.792s][info][gc,metaspace  ] Metaspace: 60000K->59501K(1103872K)
[18.792s][info][gc,ergo       ] Pacer for Idle. Initial: 25600K, Alloc Tax Rate: 1.0x
[18.792s][info][gc,start      ] Concurrent uncommit
[18.869s][info][gc            ] Concurrent uncommit 191M->192M(194M) 76.285ms
[20.358s][info][gc            ] Trigger: Learning 2 of 5. Free (874M) is below initial threshold (875M)
[20.358s][info][gc,ergo       ] Free: 874M, Max: 512K regular, 540M humongous, Frag: 39% external, 0% internal; Reserve: 64000K, Max: 512K
[20.359s][info][gc,start      ] GC(14) Concurrent reset
[20.359s][info][gc,task       ] GC(14) Using 1 of 1 workers for concurrent reset
[20.359s][info][gc,ergo       ] GC(14) Pacer for Reset. Non-Taxable: 1250M
[20.359s][info][gc            ] GC(14) Concurrent reset 0.542ms
[20.364s][info][gc,start      ] GC(14) Pause Init Mark
[20.364s][info][gc,task       ] GC(14) Using 1 of 1 workers for init marking
[20.365s][info][gc,ergo       ] GC(14) Pacer for Mark. Expected Live: 167M, Free: 874M, Non-Taxable: 89497K, Alloc Tax Rate: 0.2x
[20.365s][info][gc            ] GC(14) Pause Init Mark 1.416ms
[20.365s][info][gc,start      ] GC(14) Concurrent marking
[20.365s][info][gc,task       ] GC(14) Using 1 of 1 workers for concurrent marking
[20.654s][info][gc            ] GC(14) Concurrent marking 288.396ms
[20.654s][info][gc,start      ] GC(14) Pause Final Mark
[20.654s][info][gc,task       ] GC(14) Using 1 of 1 workers for final marking
[20.654s][info][gc,ergo       ] GC(14) Adaptive CSet Selection. Target Free: 177M, Actual Free: 930M, Max CSet: 53333K, Min Garbage: 0B
[20.654s][info][gc,ergo       ] GC(14) Collectable Garbage: 140M (98%), Immediate: 97781K (66%), CSet: 46091K (31%)
[20.657s][info][gc,ergo       ] GC(14) Pacer for Evacuation. Used CSet: 49589K, Free: 870M, Non-Taxable: 89139K, Alloc Tax Rate: 1.1x
[20.657s][info][gc            ] GC(14) Pause Final Mark 2.700ms
[20.658s][info][gc,start      ] GC(14) Concurrent cleanup
[20.658s][info][gc            ] GC(14) Concurrent cleanup 411M->317M(415M) 0.065ms
[20.658s][info][gc,ergo       ] GC(14) Free: 869M, Max: 512K regular, 540M humongous, Frag: 38% external, 0% internal; Reserve: 63729K, Max: 512K
[20.658s][info][gc,start      ] GC(14) Concurrent evacuation
[20.658s][info][gc,task       ] GC(14) Using 1 of 1 workers for concurrent evacuation
[20.663s][info][gc            ] GC(14) Concurrent evacuation 5.375ms
[20.666s][info][gc,start      ] GC(14) Pause Init Update Refs
[20.666s][info][gc,ergo       ] GC(14) Pacer for Update Refs. Used: 323M, Free: 866M, Non-Taxable: 88729K, Alloc Tax Rate: 1.1x
[20.666s][info][gc            ] GC(14) Pause Init Update Refs 0.028ms
[20.666s][info][gc,start      ] GC(14) Concurrent update references
[20.666s][info][gc,task       ] GC(14) Using 1 of 1 workers for concurrent reference update
[20.973s][info][gc            ] GC(14) Concurrent update references 307.451ms
[20.975s][info][gc,start      ] GC(14) Pause Final Update Refs
[20.975s][info][gc,task       ] GC(14) Using 1 of 1 workers for final reference update
[20.976s][info][gc            ] GC(14) Pause Final Update Refs 0.345ms
[20.976s][info][gc,start      ] GC(14) Concurrent cleanup
[20.976s][info][gc            ] GC(14) Concurrent cleanup 489M->440M(490M) 0.053ms
[20.976s][info][gc,ergo       ] Free: 745M, Max: 512K regular, 715M humongous, Frag: 5% external, 0% internal; Reserve: 64000K, Max: 512K
[20.976s][info][gc,stats      ] 
[20.976s][info][gc,stats      ] All times are wall-clock times, except per-root-class counters, that are sum over
[20.976s][info][gc,stats      ] all workers. Dividing the <total> over the root stage time estimates parallelism.
[20.976s][info][gc,stats      ] 
[20.976s][info][gc,stats      ] Concurrent Reset                    506 us
[20.976s][info][gc,stats      ] Pause Init Mark (G)                6086 us
[20.976s][info][gc,stats      ] Pause Init Mark (N)                1368 us
[20.976s][info][gc,stats      ]   Accumulate Stats                    9 us
[20.976s][info][gc,stats      ]   Make Parsable                      16 us
[20.976s][info][gc,stats      ]   Update Region States               44 us
[20.976s][info][gc,stats      ]   Scan Roots                       1260 us, parallelism: 0.78x
[20.976s][info][gc,stats      ]     S: <total>                      982 us
[20.976s][info][gc,stats      ]     S: Thread Roots                 326 us, workers (us): 326, 
[20.976s][info][gc,stats      ]     S: Universe Roots                 2 us, workers (us):   2, 
[20.976s][info][gc,stats      ]     S: JNI Handles Roots             14 us, workers (us):  14, 
[20.976s][info][gc,stats      ]     S: Synchronizer Roots             0 us, workers (us):   0, 
[20.976s][info][gc,stats      ]     S: Management Roots               2 us, workers (us):   2, 
[20.976s][info][gc,stats      ]     S: System Dict Roots             12 us, workers (us):  12, 
[20.976s][info][gc,stats      ]     S: CLDG Roots                   626 us, workers (us): 626, 
[20.976s][info][gc,stats      ]     S: JVMTI Roots                    1 us, workers (us):   1, 
[20.976s][info][gc,stats      ]   Resize TLABs                        6 us
[20.976s][info][gc,stats      ] Concurrent Marking               288386 us
[20.976s][info][gc,stats      ] Pause Final Mark (G)               4021 us
[20.976s][info][gc,stats      ] Pause Final Mark (N)               2670 us
[20.976s][info][gc,stats      ]   Finish Queues                      16 us
[20.976s][info][gc,stats      ]   System Purge                      299 us
[20.976s][info][gc,stats      ]     Weak Roots                      299 us
[20.976s][info][gc,stats      ]   Update Region States               39 us
[20.976s][info][gc,stats      ]   Retire TLABs                        8 us
[20.976s][info][gc,stats      ]   Choose Collection Set              62 us
[20.976s][info][gc,stats      ]   Rebuild Free Set                    9 us
[20.976s][info][gc,stats      ]   Initial Evacuation               2227 us, parallelism: 0.54x
[20.976s][info][gc,stats      ]     E: <total>                     1211 us
[20.976s][info][gc,stats      ]     E: Thread Roots                 305 us, workers (us): 305, 
[20.976s][info][gc,stats      ]     E: Code Cache Roots             209 us, workers (us): 209, 
[20.976s][info][gc,stats      ]     E: Universe Roots                 1 us, workers (us):   1, 
[20.976s][info][gc,stats      ]     E: JNI Handles Roots              2 us, workers (us):   2, 
[20.976s][info][gc,stats      ]     E: Synchronizer Roots             0 us, workers (us):   0, 
[20.976s][info][gc,stats      ]     E: Management Roots               1 us, workers (us):   1, 
[20.976s][info][gc,stats      ]     E: System Dict Roots             41 us, workers (us):  41, 
[20.976s][info][gc,stats      ]     E: CLDG Roots                   652 us, workers (us): 652, 
[20.976s][info][gc,stats      ]     E: JVMTI Roots                    1 us, workers (us):   1, 
[20.976s][info][gc,stats      ] Concurrent Cleanup                   51 us
[20.976s][info][gc,stats      ] Concurrent Evacuation              5364 us
[20.976s][info][gc,stats      ] Pause Init  Update Refs (G)        2260 us
[20.976s][info][gc,stats      ] Pause Init  Update Refs (N)          12 us
[20.976s][info][gc,stats      ]   Retire GCLABs                       6 us
[20.976s][info][gc,stats      ] Concurrent Update Refs           307437 us
[20.976s][info][gc,stats      ] Pause Final Update Refs (G)        2622 us
[20.976s][info][gc,stats      ] Pause Final Update Refs (N)         318 us
[20.976s][info][gc,stats      ]   Update Roots                      259 us, parallelism: 0.97x
[20.976s][info][gc,stats      ]     UR: <total>                     250 us
[20.976s][info][gc,stats      ]     UR: Thread Roots                250 us, workers (us): 250, 
[20.976s][info][gc,stats      ]   Update Region States               41 us
[20.976s][info][gc,stats      ]   Trash Collection Set                2 us
[20.976s][info][gc,stats      ]   Rebuild Free Set                    9 us
[20.976s][info][gc,stats      ] Concurrent Cleanup                   45 us
[20.976s][info][gc,stats      ] 
[20.976s][info][gc,stats      ] Allocation pacing accrued:
[20.976s][info][gc,stats      ]       0 of  2184 ms (  0.0%): <total>
[20.976s][info][gc,stats      ]       0 of  2184 ms (  0.0%): <average total>
[20.976s][info][gc,stats      ] 
[20.976s][info][gc,metaspace  ] Metaspace: 60058K->60058K(1103872K)
[20.976s][info][gc,ergo       ] Pacer for Idle. Initial: 25600K, Alloc Tax Rate: 1.0x
[20.977s][info][gc            ] Trigger: Learning 3 of 5. Free (744M) is below initial threshold (875M)
[20.977s][info][gc,ergo       ] Free: 744M, Max: 512K regular, 715M humongous, Frag: 4% external, 0% internal; Reserve: 64000K, Max: 512K
[20.977s][info][gc,start      ] GC(15) Concurrent reset
[20.977s][info][gc,task       ] GC(15) Using 1 of 1 workers for concurrent reset
[20.977s][info][gc,ergo       ] GC(15) Pacer for Reset. Non-Taxable: 1250M
[20.983s][info][gc            ] GC(15) Concurrent reset 5.239ms
[20.985s][info][gc,start      ] GC(15) Pause Init Mark (process weakrefs)
[20.985s][info][gc,task       ] GC(15) Using 1 of 1 workers for init marking
[20.987s][info][gc,ergo       ] GC(15) Pacer for Mark. Expected Live: 167M, Free: 737M, Non-Taxable: 75520K, Alloc Tax Rate: 0.3x
[20.987s][info][gc            ] GC(15) Pause Init Mark (process weakrefs) 1.619ms
[20.987s][info][gc,start      ] GC(15) Concurrent marking (process weakrefs)
[20.987s][info][gc,task       ] GC(15) Using 1 of 1 workers for concurrent marking
[21.222s][info][gc            ] GC(15) Concurrent marking (process weakrefs) 235.339ms
[21.222s][info][gc,start      ] GC(15) Concurrent precleaning
[21.222s][info][gc,task       ] GC(15) Using 1 of 1 workers for concurrent preclean
[21.222s][info][gc,ergo       ] GC(15) Pacer for Precleaning. Non-Taxable: 1250M
[21.223s][info][gc            ] GC(15) Concurrent precleaning 0.611ms
[21.223s][info][gc,start      ] GC(15) Pause Final Mark (process weakrefs)
[21.223s][info][gc,task       ] GC(15) Using 1 of 1 workers for final marking
[21.223s][info][gc,ergo       ] GC(15) Collectable Garbage: 277M (98%), Immediate: 277M (98%), CSet: 0B (0%)
[21.223s][info][gc            ] GC(15) Pause Final Mark (process weakrefs) 0.366ms
[21.223s][info][gc,start      ] GC(15) Concurrent cleanup
[21.223s][info][gc            ] GC(15) Concurrent cleanup 557M->280M(567M) 0.068ms
[21.223s][info][gc,ergo       ] GC(15) Free: 906M, Max: 512K regular, 628M humongous, Frag: 31% external, 0% internal; Reserve: 64000K, Max: 512K
[21.223s][info][gc,ergo       ] Free: 906M, Max: 512K regular, 628M humongous, Frag: 31% external, 0% internal; Reserve: 64000K, Max: 512K
[21.223s][info][gc,stats      ] 
[21.223s][info][gc,stats      ] All times are wall-clock times, except per-root-class counters, that are sum over
[21.223s][info][gc,stats      ] all workers. Dividing the <total> over the root stage time estimates parallelism.
[21.223s][info][gc,stats      ] 
[21.223s][info][gc,stats      ] Concurrent Reset                   5226 us
[21.223s][info][gc,stats      ] Pause Init Mark (G)                3932 us
[21.223s][info][gc,stats      ] Pause Init Mark (N)                1583 us
[21.223s][info][gc,stats      ]   Accumulate Stats                   11 us
[21.223s][info][gc,stats      ]   Make Parsable                      10 us
[21.223s][info][gc,stats      ]   Update Region States               84 us
[21.223s][info][gc,stats      ]   Scan Roots                       1435 us, parallelism: 0.77x
[21.223s][info][gc,stats      ]     S: <total>                     1103 us
[21.223s][info][gc,stats      ]     S: Thread Roots                 282 us, workers (us): 282, 
[21.223s][info][gc,stats      ]     S: Universe Roots                 4 us, workers (us):   4, 
[21.223s][info][gc,stats      ]     S: JNI Handles Roots              2 us, workers (us):   2, 
[21.223s][info][gc,stats      ]     S: Synchronizer Roots             0 us, workers (us):   0, 
[21.223s][info][gc,stats      ]     S: Management Roots               2 us, workers (us):   2, 
[21.223s][info][gc,stats      ]     S: System Dict Roots             28 us, workers (us):  28, 
[21.223s][info][gc,stats      ]     S: CLDG Roots                   784 us, workers (us): 784, 
[21.223s][info][gc,stats      ]     S: JVMTI Roots                    1 us, workers (us):   1, 
[21.223s][info][gc,stats      ]   Resize TLABs                        6 us
[21.223s][info][gc,stats      ] Concurrent Marking               235330 us
[21.223s][info][gc,stats      ] Concurrent Precleaning              582 us
[21.223s][info][gc,stats      ] Pause Final Mark (G)                456 us
[21.223s][info][gc,stats      ] Pause Final Mark (N)                358 us
[21.223s][info][gc,stats      ]   Finish Queues                       9 us
[21.223s][info][gc,stats      ]   Weak References                    22 us
[21.223s][info][gc,stats      ]     Process                          20 us
[21.223s][info][gc,stats      ]   System Purge                      249 us
[21.223s][info][gc,stats      ]     Weak Roots                      249 us
[21.223s][info][gc,stats      ]   Update Region States               41 us
[21.223s][info][gc,stats      ]   Retire TLABs                        9 us
[21.223s][info][gc,stats      ]   Choose Collection Set              15 us
[21.223s][info][gc,stats      ]   Rebuild Free Set                    9 us
[21.223s][info][gc,stats      ] Concurrent Cleanup                   62 us
[21.223s][info][gc,stats      ] Pacing                            12450 us
[21.223s][info][gc,stats      ] 
[21.223s][info][gc,stats      ] Allocation pacing accrued:
[21.223s][info][gc,stats      ]      12 of   247 ms (  5.0%): Executor task launch worker for task 0.0 in stage 4.0 (TID 4)
[21.223s][info][gc,stats      ]      12 of   247 ms (  5.0%): <total>
[21.223s][info][gc,stats      ]       0 of   247 ms (  0.1%): <average total>
[21.223s][info][gc,stats      ]      12 of   247 ms (  5.0%): <average non-zero>
[21.223s][info][gc,stats      ] 
[21.223s][info][gc,metaspace  ] Metaspace: 60058K->60058K(1103872K)
[21.223s][info][gc,ergo       ] Pacer for Idle. Initial: 25600K, Alloc Tax Rate: 1.0x
[21.250s][info][gc            ] Trigger: Learning 4 of 5. Free (873M) is below initial threshold (875M)
[21.250s][info][gc,ergo       ] Free: 873M, Max: 512K regular, 628M humongous, Frag: 29% external, 0% internal; Reserve: 64000K, Max: 512K
[21.250s][info][gc,start      ] GC(16) Concurrent reset
[21.250s][info][gc,task       ] GC(16) Using 1 of 1 workers for concurrent reset
[21.250s][info][gc,ergo       ] GC(16) Pacer for Reset. Non-Taxable: 1250M
[21.250s][info][gc            ] GC(16) Concurrent reset 0.256ms
[21.253s][info][gc,start      ] GC(16) Pause Init Mark
[21.253s][info][gc,task       ] GC(16) Using 1 of 1 workers for init marking
[21.254s][info][gc,ergo       ] GC(16) Pacer for Mark. Expected Live: 167M, Free: 873M, Non-Taxable: 89395K, Alloc Tax Rate: 0.2x
[21.254s][info][gc            ] GC(16) Pause Init Mark 1.265ms
[21.254s][info][gc,start      ] GC(16) Concurrent marking
[21.254s][info][gc,task       ] GC(16) Using 1 of 1 workers for concurrent marking
[21.446s][info][gc            ] GC(16) Concurrent marking 191.947ms
[21.446s][info][gc,start      ] GC(16) Pause Final Mark
[21.446s][info][gc,task       ] GC(16) Using 1 of 1 workers for final marking
[21.447s][info][gc,ergo       ] GC(16) Collectable Garbage: 139M (95%), Immediate: 139M (95%), CSet: 0B (0%)
[21.447s][info][gc            ] GC(16) Pause Final Mark 0.487ms
[21.450s][info][gc,start      ] GC(16) Concurrent cleanup
[21.450s][info][gc            ] GC(16) Concurrent cleanup 441M->308M(567M) 0.071ms
[21.450s][info][gc,ergo       ] GC(16) Free: 878M, Max: 512K regular, 644M humongous, Frag: 27% external, 0% internal; Reserve: 64000K, Max: 512K
[21.450s][info][gc,ergo       ] Free: 878M, Max: 512K regular, 644M humongous, Frag: 27% external, 0% internal; Reserve: 64000K, Max: 512K
[21.450s][info][gc,stats      ] 
[21.450s][info][gc,stats      ] All times are wall-clock times, except per-root-class counters, that are sum over
[21.450s][info][gc,stats      ] all workers. Dividing the <total> over the root stage time estimates parallelism.
[21.450s][info][gc,stats      ] 
[21.450s][info][gc,stats      ] Concurrent Reset                    248 us
[21.450s][info][gc,stats      ] Pause Init Mark (G)                3589 us
[21.450s][info][gc,stats      ] Pause Init Mark (N)                1237 us
[21.450s][info][gc,stats      ]   Accumulate Stats                   10 us
[21.450s][info][gc,stats      ]   Make Parsable                      11 us
[21.450s][info][gc,stats      ]   Update Region States               30 us
[21.450s][info][gc,stats      ]   Scan Roots                       1146 us, parallelism: 0.75x
[21.450s][info][gc,stats      ]     S: <total>                      855 us
[21.450s][info][gc,stats      ]     S: Thread Roots                 312 us, workers (us): 312, 
[21.450s][info][gc,stats      ]     S: Universe Roots                 3 us, workers (us):   3, 
[21.450s][info][gc,stats      ]     S: JNI Handles Roots              2 us, workers (us):   2, 
[21.450s][info][gc,stats      ]     S: Synchronizer Roots             0 us, workers (us):   0, 
[21.450s][info][gc,stats      ]     S: Management Roots               1 us, workers (us):   1, 
[21.450s][info][gc,stats      ]     S: System Dict Roots             11 us, workers (us):  11, 
[21.450s][info][gc,stats      ]     S: CLDG Roots                   525 us, workers (us): 525, 
[21.450s][info][gc,stats      ]     S: JVMTI Roots                    1 us, workers (us):   1, 
[21.450s][info][gc,stats      ]   Resize TLABs                        7 us
[21.450s][info][gc,stats      ] Concurrent Marking               191939 us
[21.450s][info][gc,stats      ] Pause Final Mark (G)               4276 us
[21.450s][info][gc,stats      ] Pause Final Mark (N)                471 us
[21.450s][info][gc,stats      ]   Finish Queues                      12 us
[21.450s][info][gc,stats      ]   System Purge                      349 us
[21.450s][info][gc,stats      ]     Weak Roots                      349 us
[21.450s][info][gc,stats      ]   Update Region States               46 us
[21.450s][info][gc,stats      ]   Retire TLABs                       12 us
[21.450s][info][gc,stats      ]   Choose Collection Set              35 us
[21.451s][info][gc,stats      ]   Rebuild Free Set                    9 us
[21.451s][info][gc,stats      ] Concurrent Cleanup                   52 us
[21.451s][info][gc,stats      ] Pacing                            21148 us
[21.451s][info][gc,stats      ] 
[21.451s][info][gc,stats      ] Allocation pacing accrued:
[21.451s][info][gc,stats      ]      21 of   227 ms (  9.3%): Executor task launch worker for task 0.0 in stage 4.0 (TID 4)
[21.451s][info][gc,stats      ]      21 of   227 ms (  9.3%): <total>
[21.451s][info][gc,stats      ]       0 of   227 ms (  0.1%): <average total>
[21.451s][info][gc,stats      ]      21 of   227 ms (  9.3%): <average non-zero>
[21.451s][info][gc,stats      ] 
[21.451s][info][gc,metaspace  ] Metaspace: 60065K->60065K(1103872K)
[21.451s][info][gc,ergo       ] Pacer for Idle. Initial: 25600K, Alloc Tax Rate: 1.0x
[21.454s][info][gc            ] Trigger: Learning 5 of 5. Free (872M) is below initial threshold (875M)
[21.454s][info][gc,ergo       ] Free: 872M, Max: 512K regular, 644M humongous, Frag: 27% external, 0% internal; Reserve: 64000K, Max: 512K
[21.454s][info][gc,start      ] GC(17) Concurrent reset
[21.454s][info][gc,task       ] GC(17) Using 1 of 1 workers for concurrent reset
[21.454s][info][gc,ergo       ] GC(17) Pacer for Reset. Non-Taxable: 1250M
[21.454s][info][gc            ] GC(17) Concurrent reset 0.269ms
[21.457s][info][gc,start      ] GC(17) Pause Init Mark
[21.457s][info][gc,task       ] GC(17) Using 1 of 1 workers for init marking
[21.458s][info][gc,ergo       ] GC(17) Pacer for Mark. Expected Live: 166M, Free: 872M, Non-Taxable: 89344K, Alloc Tax Rate: 0.2x
[21.458s][info][gc            ] GC(17) Pause Init Mark 1.289ms
[21.458s][info][gc,start      ] GC(17) Concurrent marking
[21.458s][info][gc,task       ] GC(17) Using 1 of 1 workers for concurrent marking
[21.653s][info][gc            ] GC(17) Concurrent marking 194.598ms
[21.653s][info][gc,start      ] GC(17) Pause Final Mark
[21.653s][info][gc,task       ] GC(17) Using 1 of 1 workers for final marking
[21.653s][info][gc,ergo       ] GC(17) Collectable Garbage: 140M (95%), Immediate: 140M (95%), CSet: 0B (0%)
[21.653s][info][gc            ] GC(17) Pause Final Mark 0.389ms
[21.653s][info][gc,start      ] GC(17) Concurrent cleanup
[21.653s][info][gc            ] GC(17) Concurrent cleanup 442M->302M(567M) 0.059ms
[21.653s][info][gc,ergo       ] GC(17) Free: 883M, Max: 512K regular, 744M humongous, Frag: 16% external, 0% internal; Reserve: 64000K, Max: 512K
[21.653s][info][gc,ergo       ] Free: 883M, Max: 512K regular, 744M humongous, Frag: 16% external, 0% internal; Reserve: 64000K, Max: 512K
[21.653s][info][gc,stats      ] 
[21.653s][info][gc,stats      ] All times are wall-clock times, except per-root-class counters, that are sum over
[21.653s][info][gc,stats      ] all workers. Dividing the <total> over the root stage time estimates parallelism.
[21.653s][info][gc,stats      ] 
[21.653s][info][gc,stats      ] Concurrent Reset                    256 us
[21.653s][info][gc,stats      ] Pause Init Mark (G)                3538 us
[21.653s][info][gc,stats      ] Pause Init Mark (N)                1262 us
[21.653s][info][gc,stats      ]   Accumulate Stats                    9 us
[21.653s][info][gc,stats      ]   Make Parsable                       8 us
[21.653s][info][gc,stats      ]   Update Region States               30 us
[21.653s][info][gc,stats      ]   Scan Roots                       1173 us, parallelism: 0.75x
[21.653s][info][gc,stats      ]     S: <total>                      876 us
[21.653s][info][gc,stats      ]     S: Thread Roots                 295 us, workers (us): 295, 
[21.653s][info][gc,stats      ]     S: Universe Roots                 3 us, workers (us):   3, 
[21.653s][info][gc,stats      ]     S: JNI Handles Roots              1 us, workers (us):   1, 
[21.653s][info][gc,stats      ]     S: Synchronizer Roots             0 us, workers (us):   0, 
[21.653s][info][gc,stats      ]     S: Management Roots               2 us, workers (us):   2, 
[21.653s][info][gc,stats      ]     S: System Dict Roots             12 us, workers (us):  12, 
[21.653s][info][gc,stats      ]     S: CLDG Roots                   562 us, workers (us): 562, 
[21.653s][info][gc,stats      ]     S: JVMTI Roots                    0 us, workers (us):   0, 
[21.653s][info][gc,stats      ]   Resize TLABs                        7 us
[21.653s][info][gc,stats      ] Concurrent Marking               194535 us
[21.653s][info][gc,stats      ] Pause Final Mark (G)                464 us
[21.653s][info][gc,stats      ] Pause Final Mark (N)                372 us
[21.653s][info][gc,stats      ]   Finish Queues                      11 us
[21.653s][info][gc,stats      ]   System Purge                      282 us
[21.653s][info][gc,stats      ]     Weak Roots                      282 us
[21.653s][info][gc,stats      ]   Update Region States               40 us
[21.653s][info][gc,stats      ]   Retire TLABs                       10 us
[21.653s][info][gc,stats      ]   Choose Collection Set              14 us
[21.653s][info][gc,stats      ]   Rebuild Free Set                    9 us
[21.653s][info][gc,stats      ] Concurrent Cleanup                   52 us
[21.653s][info][gc,stats      ] Pacing                            12662 us
[21.653s][info][gc,stats      ] 
[21.653s][info][gc,stats      ] Allocation pacing accrued:
[21.653s][info][gc,stats      ]      13 of   203 ms (  6.2%): Executor task launch worker for task 0.0 in stage 4.0 (TID 4)
[21.653s][info][gc,stats      ]      13 of   203 ms (  6.2%): <total>
[21.653s][info][gc,stats      ]       0 of   203 ms (  0.1%): <average total>
[21.653s][info][gc,stats      ]      13 of   203 ms (  6.2%): <average non-zero>
[21.653s][info][gc,stats      ] 
[21.654s][info][gc,metaspace  ] Metaspace: 60065K->60065K(1103872K)
[21.654s][info][gc,ergo       ] Pacer for Idle. Initial: 25600K, Alloc Tax Rate: 1.0x
[22.132s][info][gc            ] Trigger: Average GC time (290.33 ms) is above the time for allocation rate (982 MB/s) to deplete free headroom (284M)
[22.133s][info][gc,ergo       ] Free headroom: 346M (free) - 64000K (spike) - 0B (penalties) = 284M
[22.133s][info][gc,ergo       ] Free: 346M, Max: 512K regular, 346M humongous, Frag: 0% external, 0% internal; Reserve: 64000K, Max: 512K
[22.133s][info][gc,start      ] GC(18) Concurrent reset
[22.133s][info][gc,task       ] GC(18) Using 1 of 1 workers for concurrent reset
[22.133s][info][gc,ergo       ] GC(18) Pacer for Reset. Non-Taxable: 1250M
[22.133s][info][gc            ] GC(18) Concurrent reset 0.329ms
[22.135s][info][gc,start      ] GC(18) Pause Init Mark
[22.135s][info][gc,task       ] GC(18) Using 1 of 1 workers for init marking
[22.137s][info][gc,ergo       ] GC(18) Pacer for Mark. Expected Live: 166M, Free: 346M, Non-Taxable: 35481K, Alloc Tax Rate: 0.6x
[22.137s][info][gc            ] GC(18) Pause Init Mark 1.277ms
[22.137s][info][gc,start      ] GC(18) Concurrent marking
[22.137s][info][gc,task       ] GC(18) Using 1 of 1 workers for concurrent marking
[22.289s][info][gc            ] GC(18) Concurrent marking 152.381ms
[22.290s][info][gc,start      ] GC(18) Pause Final Mark
[22.290s][info][gc,task       ] GC(18) Using 1 of 1 workers for final marking
[22.290s][info][gc,ergo       ] GC(18) Collectable Garbage: 666M (99%), Immediate: 666M (99%), CSet: 0B (0%)
[22.290s][info][gc            ] GC(18) Pause Final Mark 0.434ms
[22.290s][info][gc,start      ] GC(18) Concurrent cleanup
[22.290s][info][gc            ] GC(18) Concurrent cleanup 892M->226M(898M) 0.098ms
[22.290s][info][gc,ergo       ] GC(18) Free: 959M, Max: 512K regular, 449M humongous, Frag: 54% external, 0% internal; Reserve: 64000K, Max: 512K
[22.290s][info][gc,ergo       ] Free: 959M, Max: 512K regular, 449M humongous, Frag: 54% external, 0% internal; Reserve: 64000K, Max: 512K
[22.290s][info][gc,stats      ] 
[22.290s][info][gc,stats      ] All times are wall-clock times, except per-root-class counters, that are sum over
[22.290s][info][gc,stats      ] all workers. Dividing the <total> over the root stage time estimates parallelism.
[22.290s][info][gc,stats      ] 
[22.290s][info][gc,stats      ] Concurrent Reset                    319 us
[22.290s][info][gc,stats      ] Pause Init Mark (G)                4030 us
[22.290s][info][gc,stats      ] Pause Init Mark (N)                1254 us
[22.290s][info][gc,stats      ]   Accumulate Stats                   13 us
[22.290s][info][gc,stats      ]   Make Parsable                       8 us
[22.290s][info][gc,stats      ]   Update Region States               35 us
[22.290s][info][gc,stats      ]   Scan Roots                       1140 us, parallelism: 0.75x
[22.290s][info][gc,stats      ]     S: <total>                      858 us
[22.290s][info][gc,stats      ]     S: Thread Roots                 319 us, workers (us): 319, 
[22.290s][info][gc,stats      ]     S: Universe Roots                 3 us, workers (us):   3, 
[22.290s][info][gc,stats      ]     S: JNI Handles Roots              2 us, workers (us):   2, 
[22.290s][info][gc,stats      ]     S: Synchronizer Roots             0 us, workers (us):   0, 
[22.290s][info][gc,stats      ]     S: Management Roots               2 us, workers (us):   2, 
[22.290s][info][gc,stats      ]     S: System Dict Roots             11 us, workers (us):  11, 
[22.290s][info][gc,stats      ]     S: CLDG Roots                   521 us, workers (us): 521, 
[22.290s][info][gc,stats      ]     S: JVMTI Roots                    0 us, workers (us):   0, 
[22.290s][info][gc,stats      ]   Resize TLABs                        7 us
[22.290s][info][gc,stats      ] Concurrent Marking               152363 us
[22.290s][info][gc,stats      ] Pause Final Mark (G)                515 us
[22.290s][info][gc,stats      ] Pause Final Mark (N)                423 us
[22.290s][info][gc,stats      ]   Finish Queues                      11 us
[22.290s][info][gc,stats      ]   System Purge                      320 us
[22.290s][info][gc,stats      ]     Weak Roots                      320 us
[22.290s][info][gc,stats      ]   Update Region States               40 us
[22.290s][info][gc,stats      ]   Retire TLABs                       11 us
[22.290s][info][gc,stats      ]   Choose Collection Set              27 us
[22.290s][info][gc,stats      ]   Rebuild Free Set                    8 us
[22.290s][info][gc,stats      ] Concurrent Cleanup                   91 us
[22.290s][info][gc,stats      ] Pacing                            70352 us
[22.290s][info][gc,stats      ] 
[22.290s][info][gc,stats      ] Allocation pacing accrued:
[22.290s][info][gc,stats      ]      11 of   637 ms (  1.8%): RemoteBlock-temp-file-clean-thread
[22.290s][info][gc,stats      ]      59 of   637 ms (  9.3%): Executor task launch worker for task 0.0 in stage 4.0 (TID 4)
[22.290s][info][gc,stats      ]      70 of   637 ms ( 11.0%): <total>
[22.290s][info][gc,stats      ]       1 of   637 ms (  0.1%): <average total>
[22.290s][info][gc,stats      ]      35 of   637 ms (  5.5%): <average non-zero>
[22.290s][info][gc,stats      ] 
[22.290s][info][gc,metaspace  ] Metaspace: 60065K->60066K(1103872K)
[22.290s][info][gc,ergo       ] Pacer for Idle. Initial: 25600K, Alloc Tax Rate: 1.0x
[22.727s][info][gc            ] Trigger: Average GC time (284.00 ms) is above the time for allocation rate (1085 MB/s) to deplete free headroom (305M)
[22.727s][info][gc,ergo       ] Free headroom: 367M (free) - 64000K (spike) - 0B (penalties) = 305M
[22.727s][info][gc,ergo       ] Free: 367M, Max: 512K regular, 293M humongous, Frag: 21% external, 0% internal; Reserve: 64000K, Max: 512K
[22.727s][info][gc,start      ] GC(19) Concurrent reset
[22.727s][info][gc,task       ] GC(19) Using 1 of 1 workers for concurrent reset
[22.727s][info][gc,ergo       ] GC(19) Pacer for Reset. Non-Taxable: 1250M
[22.727s][info][gc            ] GC(19) Concurrent reset 0.273ms
[22.729s][info][gc,start      ] GC(19) Pause Init Mark
[22.729s][info][gc,task       ] GC(19) Using 1 of 1 workers for init marking
[22.731s][info][gc,ergo       ] GC(19) Pacer for Mark. Expected Live: 167M, Free: 367M, Non-Taxable: 37679K, Alloc Tax Rate: 0.6x
[22.731s][info][gc            ] GC(19) Pause Init Mark 1.283ms
[22.731s][info][gc,start      ] GC(19) Concurrent marking
[22.731s][info][gc,task       ] GC(19) Using 1 of 1 workers for concurrent marking
[22.878s][info][gc            ] GC(19) Concurrent marking 147.757ms
[22.878s][info][gc,start      ] GC(19) Pause Final Mark
[22.879s][info][gc,task       ] GC(19) Using 1 of 1 workers for final marking
[22.879s][info][gc,ergo       ] GC(19) Collectable Garbage: 644M (98%), Immediate: 644M (98%), CSet: 0B (0%)
[22.879s][info][gc            ] GC(19) Pause Final Mark 0.354ms
[22.879s][info][gc,start      ] GC(19) Concurrent cleanup
[22.879s][info][gc            ] GC(19) Concurrent cleanup 874M->230M(898M) 0.133ms
[22.879s][info][gc,ergo       ] GC(19) Free: 956M, Max: 512K regular, 365M humongous, Frag: 62% external, 0% internal; Reserve: 64000K, Max: 512K
[22.879s][info][gc,ergo       ] Free: 956M, Max: 512K regular, 365M humongous, Frag: 62% external, 0% internal; Reserve: 64000K, Max: 512K
[22.879s][info][gc,stats      ] 
[22.879s][info][gc,stats      ] All times are wall-clock times, except per-root-class counters, that are sum over
[22.879s][info][gc,stats      ] all workers. Dividing the <total> over the root stage time estimates parallelism.
[22.879s][info][gc,stats      ] 
[22.879s][info][gc,stats      ] Concurrent Reset                    264 us
[22.879s][info][gc,stats      ] Pause Init Mark (G)                3573 us
[22.879s][info][gc,stats      ] Pause Init Mark (N)                1259 us
[22.879s][info][gc,stats      ]   Accumulate Stats                    9 us
[22.879s][info][gc,stats      ]   Make Parsable                       8 us
[22.879s][info][gc,stats      ]   Update Region States               33 us
[22.879s][info][gc,stats      ]   Scan Roots                       1174 us, parallelism: 0.75x
[22.879s][info][gc,stats      ]     S: <total>                      881 us
[22.879s][info][gc,stats      ]     S: Thread Roots                 325 us, workers (us): 325, 
[22.879s][info][gc,stats      ]     S: Universe Roots                 3 us, workers (us):   3, 
[22.879s][info][gc,stats      ]     S: JNI Handles Roots              2 us, workers (us):   2, 
[22.879s][info][gc,stats      ]     S: Synchronizer Roots             0 us, workers (us):   0, 
[22.879s][info][gc,stats      ]     S: Management Roots               2 us, workers (us):   2, 
[22.879s][info][gc,stats      ]     S: System Dict Roots             12 us, workers (us):  12, 
[22.879s][info][gc,stats      ]     S: CLDG Roots                   538 us, workers (us): 538, 
[22.879s][info][gc,stats      ]     S: JVMTI Roots                    0 us, workers (us):   0, 
[22.879s][info][gc,stats      ]   Resize TLABs                        7 us
[22.879s][info][gc,stats      ] Concurrent Marking               147748 us
[22.879s][info][gc,stats      ] Pause Final Mark (G)                429 us
[22.879s][info][gc,stats      ] Pause Final Mark (N)                337 us
[22.879s][info][gc,stats      ]   Finish Queues                      12 us
[22.879s][info][gc,stats      ]   System Purge                      244 us
[22.879s][info][gc,stats      ]     Weak Roots                      244 us
[22.879s][info][gc,stats      ]   Update Region States               37 us
[22.879s][info][gc,stats      ]   Retire TLABs                        9 us
[22.879s][info][gc,stats      ]   Choose Collection Set              18 us
[22.879s][info][gc,stats      ]   Rebuild Free Set                    9 us
[22.879s][info][gc,stats      ] Concurrent Cleanup                  125 us
[22.879s][info][gc,stats      ] Pacing                            71809 us
[22.879s][info][gc,stats      ] 
[22.879s][info][gc,stats      ] Allocation pacing accrued:
[22.879s][info][gc,stats      ]      72 of   589 ms ( 12.2%): Executor task launch worker for task 0.0 in stage 4.0 (TID 4)
[22.879s][info][gc,stats      ]      72 of   589 ms ( 12.2%): <total>
[22.879s][info][gc,stats      ]       1 of   589 ms (  0.2%): <average total>
[22.879s][info][gc,stats      ]      72 of   589 ms ( 12.2%): <average non-zero>
[22.879s][info][gc,stats      ] 
[22.879s][info][gc,metaspace  ] Metaspace: 60066K->60066K(1103872K)
[22.879s][info][gc,ergo       ] Pacer for Idle. Initial: 25600K, Alloc Tax Rate: 1.0x
[23.128s][info][gc            ] Trigger: Explicit GC request (System.gc())
[23.128s][info][gc,ergo       ] Free: 715M, Max: 512K regular, 365M humongous, Frag: 49% external, 0% internal; Reserve: 64000K, Max: 512K
[23.129s][info][gc,start      ] GC(20) Concurrent reset
[23.129s][info][gc,task       ] GC(20) Using 1 of 1 workers for concurrent reset
[23.129s][info][gc,ergo       ] GC(20) Pacer for Reset. Non-Taxable: 1250M
[23.129s][info][gc            ] GC(20) Concurrent reset 0.302ms
[23.129s][info][gc,start      ] GC(20) Pause Init Mark (process weakrefs) (unload classes)
[23.129s][info][gc,task       ] GC(20) Using 1 of 1 workers for init marking
[23.130s][info][gc,ergo       ] GC(20) Pacer for Mark. Expected Live: 167M, Free: 715M, Non-Taxable: 73267K, Alloc Tax Rate: 0.3x
[23.130s][info][gc            ] GC(20) Pause Init Mark (process weakrefs) (unload classes) 0.812ms
[23.130s][info][gc,start      ] GC(20) Concurrent marking (process weakrefs) (unload classes)
[23.130s][info][gc,task       ] GC(20) Using 1 of 1 workers for concurrent marking
[23.259s][info][gc            ] GC(20) Concurrent marking (process weakrefs) (unload classes) 128.876ms
[23.259s][info][gc,start      ] GC(20) Concurrent precleaning
[23.259s][info][gc,task       ] GC(20) Using 1 of 1 workers for concurrent preclean
[23.259s][info][gc,ergo       ] GC(20) Pacer for Precleaning. Non-Taxable: 1250M
[23.259s][info][gc            ] GC(20) Concurrent precleaning 0.264ms
[23.259s][info][gc,start      ] GC(20) Pause Final Mark (process weakrefs) (unload classes)
[23.259s][info][gc,task       ] GC(20) Using 1 of 1 workers for final marking
[23.281s][info][gc,stringtable] GC(20) Cleaned string and symbol table, strings: 18436 processed, 0 removed, symbols: 131953 processed, 202 removed
[23.281s][info][gc,ergo       ] GC(20) Collectable Garbage: 295M (96%), Immediate: 295M (96%), CSet: 0B (0%)
[23.281s][info][gc            ] GC(20) Pause Final Mark (process weakrefs) (unload classes) 22.368ms
[23.282s][info][gc,start      ] GC(20) Concurrent cleanup
[23.282s][info][gc            ] GC(20) Concurrent cleanup 470M->175M(898M) 0.072ms
[23.282s][info][gc,ergo       ] GC(20) Free: 1010M, Max: 512K regular, 773M humongous, Frag: 24% external, 0% internal; Reserve: 64000K, Max: 512K
[23.282s][info][gc,ergo       ] Free: 1010M, Max: 512K regular, 773M humongous, Frag: 24% external, 0% internal; Reserve: 64000K, Max: 512K
[23.282s][info][gc,stats      ] 
[23.282s][info][gc,stats      ] All times are wall-clock times, except per-root-class counters, that are sum over
[23.282s][info][gc,stats      ] all workers. Dividing the <total> over the root stage time estimates parallelism.
[23.282s][info][gc,stats      ] 
[23.282s][info][gc,stats      ] Concurrent Reset                    293 us
[23.282s][info][gc,stats      ] Pause Init Mark (G)                1027 us
[23.282s][info][gc,stats      ] Pause Init Mark (N)                 799 us
[23.282s][info][gc,stats      ]   Accumulate Stats                    9 us
[23.282s][info][gc,stats      ]   Make Parsable                      12 us
[23.282s][info][gc,stats      ]   Update Region States               27 us
[23.282s][info][gc,stats      ]   Scan Roots                        726 us, parallelism: 0.53x
[23.282s][info][gc,stats      ]     S: <total>                      386 us
[23.282s][info][gc,stats      ]     S: Thread Roots                 263 us, workers (us): 263, 
[23.282s][info][gc,stats      ]     S: Universe Roots                 3 us, workers (us):   3, 
[23.282s][info][gc,stats      ]     S: JNI Handles Roots              2 us, workers (us):   2, 
[23.282s][info][gc,stats      ]     S: Synchronizer Roots             0 us, workers (us):   0, 
[23.282s][info][gc,stats      ]     S: Management Roots               1 us, workers (us):   1, 
[23.282s][info][gc,stats      ]     S: System Dict Roots             11 us, workers (us):  11, 
[23.282s][info][gc,stats      ]     S: CLDG Roots                   106 us, workers (us): 106, 
[23.282s][info][gc,stats      ]     S: JVMTI Roots                    0 us, workers (us):   0, 
[23.282s][info][gc,stats      ]   Resize TLABs                        3 us
[23.282s][info][gc,stats      ] Concurrent Marking               128868 us
[23.282s][info][gc,stats      ] Concurrent Precleaning              256 us
[23.282s][info][gc,stats      ] Pause Final Mark (G)              22465 us
[23.282s][info][gc,stats      ] Pause Final Mark (N)              22360 us
[23.282s][info][gc,stats      ]   Finish Queues                      50 us
[23.282s][info][gc,stats      ]   Weak References                    47 us
[23.282s][info][gc,stats      ]     Process                          45 us
[23.282s][info][gc,stats      ]   System Purge                      332 us
[23.282s][info][gc,stats      ]     Unload Classes                  985 us
[23.282s][info][gc,stats      ]     Cleanup                       20630 us, parallelism: 1.00x
[23.282s][info][gc,stats      ]       CU: <total>                 20546 us
[23.282s][info][gc,stats      ]       CU: Code Cache Roots         7002 us, workers (us): 7002, 
[23.282s][info][gc,stats      ]       CU: Code Cache Cleaning      1377 us, workers (us): 1377, 
[23.282s][info][gc,stats      ]       CU: String Table Roots       6179 us, workers (us): 6179, 
[23.282s][info][gc,stats      ]       CU: Resolved Table Roots      137 us, workers (us): 137, 
[23.282s][info][gc,stats      ]       CU: CLDG Roots               5852 us, workers (us): 5852, 
[23.282s][info][gc,stats      ]     Weak Roots                      331 us
[23.282s][info][gc,stats      ]     CLDG                            213 us
[23.282s][info][gc,stats      ]   Update Region States               45 us
[23.282s][info][gc,stats      ]   Retire TLABs                       23 us
[23.282s][info][gc,stats      ]   Choose Collection Set              17 us
[23.282s][info][gc,stats      ]   Rebuild Free Set                   10 us
[23.282s][info][gc,stats      ] Concurrent Cleanup                   63 us
[23.282s][info][gc,stats      ] Pacing                            10061 us
[23.282s][info][gc,stats      ] 
[23.282s][info][gc,stats      ] Allocation pacing accrued:
[23.282s][info][gc,stats      ]      10 of   403 ms (  2.5%): Executor task launch worker for task 0.0 in stage 5.0 (TID 5)
[23.282s][info][gc,stats      ]      10 of   403 ms (  2.5%): <total>
[23.282s][info][gc,stats      ]       0 of   403 ms (  0.0%): <average total>
[23.282s][info][gc,stats      ]      10 of   403 ms (  2.5%): <average non-zero>
[23.282s][info][gc,stats      ] 
[23.282s][info][gc,metaspace  ] Metaspace: 60121K->59743K(1103872K)
[23.282s][info][gc,ergo       ] Pacer for Idle. Initial: 25600K, Alloc Tax Rate: 1.0x
[23.282s][info][gc,start      ] Concurrent uncommit
[23.310s][info][gc            ] Concurrent uncommit 175M->175M(177M) 28.000ms
[23.862s][info][gc            ] Trigger: Learning 2 of 5. Free (873M) is below initial threshold (875M)
[23.863s][info][gc,ergo       ] Free: 873M, Max: 512K regular, 773M humongous, Frag: 12% external, 0% internal; Reserve: 64000K, Max: 512K
[23.863s][info][gc,start      ] GC(21) Concurrent reset
[23.863s][info][gc,task       ] GC(21) Using 1 of 1 workers for concurrent reset
[23.863s][info][gc,ergo       ] GC(21) Pacer for Reset. Non-Taxable: 1250M
[23.863s][info][gc            ] GC(21) Concurrent reset 0.312ms
[23.868s][info][gc,start      ] GC(21) Pause Init Mark
[23.868s][info][gc,task       ] GC(21) Using 1 of 1 workers for init marking
[23.870s][info][gc,ergo       ] GC(21) Pacer for Mark. Expected Live: 166M, Free: 873M, Non-Taxable: 89497K, Alloc Tax Rate: 0.2x
[23.870s][info][gc            ] GC(21) Pause Init Mark 1.470ms
[23.870s][info][gc,start      ] GC(21) Concurrent marking
[23.870s][info][gc,task       ] GC(21) Using 1 of 1 workers for concurrent marking
[24.220s][info][gc            ] GC(21) Concurrent marking 350.389ms
[24.223s][info][gc,start      ] GC(21) Pause Final Mark
[24.223s][info][gc,task       ] GC(21) Using 1 of 1 workers for final marking
[24.223s][info][gc,ergo       ] GC(21) Adaptive CSet Selection. Target Free: 177M, Actual Free: 941M, Max CSet: 53333K, Min Garbage: 0B
[24.223s][info][gc,ergo       ] GC(21) Collectable Garbage: 140M (98%), Immediate: 113M (79%), CSet: 28062K (19%)
[24.225s][info][gc,ergo       ] GC(21) Pacer for Evacuation. Used CSet: 29653K, Free: 881M, Non-Taxable: 90214K, Alloc Tax Rate: 1.1x
[24.225s][info][gc            ] GC(21) Pause Final Mark 2.648ms
[24.225s][info][gc,start      ] GC(21) Concurrent cleanup
[24.225s][info][gc            ] GC(21) Concurrent cleanup 418M->305M(422M) 0.061ms
[24.225s][info][gc,ergo       ] GC(21) Free: 881M, Max: 512K regular, 766M humongous, Frag: 14% external, 0% internal; Reserve: 63744K, Max: 512K
[24.225s][info][gc,start      ] GC(21) Concurrent evacuation
[24.225s][info][gc,task       ] GC(21) Using 1 of 1 workers for concurrent evacuation
[24.228s][info][gc            ] GC(21) Concurrent evacuation 3.097ms
[24.231s][info][gc,start      ] GC(21) Pause Init Update Refs
[24.231s][info][gc,ergo       ] GC(21) Pacer for Update Refs. Used: 309M, Free: 879M, Non-Taxable: 90009K, Alloc Tax Rate: 1.1x
[24.231s][info][gc            ] GC(21) Pause Init Update Refs 0.074ms
[24.231s][info][gc,start      ] GC(21) Concurrent update references
[24.231s][info][gc,task       ] GC(21) Using 1 of 1 workers for concurrent reference update
[24.662s][info][gc            ] GC(21) Concurrent update references 430.976ms
[24.665s][info][gc,start      ] GC(21) Pause Final Update Refs
[24.665s][info][gc,task       ] GC(21) Using 1 of 1 workers for final reference update
[24.665s][info][gc            ] GC(21) Pause Final Update Refs 0.425ms
[24.665s][info][gc,start      ] GC(21) Concurrent cleanup
[24.665s][info][gc            ] GC(21) Concurrent cleanup 456M->427M(458M) 0.050ms
[24.665s][info][gc,ergo       ] Free: 758M, Max: 512K regular, 731M humongous, Frag: 4% external, 0% internal; Reserve: 64000K, Max: 512K
[24.665s][info][gc,stats      ] 
[24.665s][info][gc,stats      ] All times are wall-clock times, except per-root-class counters, that are sum over
[24.665s][info][gc,stats      ] all workers. Dividing the <total> over the root stage time estimates parallelism.
[24.665s][info][gc,stats      ] 
[24.665s][info][gc,stats      ] Concurrent Reset                    297 us
[24.665s][info][gc,stats      ] Pause Init Mark (G)                6944 us
[24.665s][info][gc,stats      ] Pause Init Mark (N)                1417 us
[24.665s][info][gc,stats      ]   Accumulate Stats                   12 us
[24.666s][info][gc,stats      ]   Make Parsable                      29 us
[24.666s][info][gc,stats      ]   Update Region States               46 us
[24.666s][info][gc,stats      ]   Scan Roots                       1281 us, parallelism: 0.78x
[24.666s][info][gc,stats      ]     S: <total>                     1004 us
[24.666s][info][gc,stats      ]     S: Thread Roots                 388 us, workers (us): 388, 
[24.666s][info][gc,stats      ]     S: Universe Roots                 2 us, workers (us):   2, 
[24.666s][info][gc,stats      ]     S: JNI Handles Roots              1 us, workers (us):   1, 
[24.666s][info][gc,stats      ]     S: Synchronizer Roots             0 us, workers (us):   0, 
[24.666s][info][gc,stats      ]     S: Management Roots               1 us, workers (us):   1, 
[24.666s][info][gc,stats      ]     S: System Dict Roots             12 us, workers (us):  12, 
[24.666s][info][gc,stats      ]     S: CLDG Roots                   598 us, workers (us): 598, 
[24.666s][info][gc,stats      ]     S: JVMTI Roots                    1 us, workers (us):   1, 
[24.666s][info][gc,stats      ]   Resize TLABs                        9 us
[24.666s][info][gc,stats      ] Concurrent Marking               350379 us
[24.666s][info][gc,stats      ] Pause Final Mark (G)               3149 us
[24.666s][info][gc,stats      ] Pause Final Mark (N)               2612 us
[24.666s][info][gc,stats      ]   Finish Queues                      24 us
[24.666s][info][gc,stats      ]   System Purge                      269 us
[24.666s][info][gc,stats      ]     Weak Roots                      269 us
[24.666s][info][gc,stats      ]   Update Region States               49 us
[24.666s][info][gc,stats      ]   Retire TLABs                       11 us
[24.666s][info][gc,stats      ]   Choose Collection Set              95 us
[24.666s][info][gc,stats      ]   Rebuild Free Set                   11 us
[24.666s][info][gc,stats      ]   Initial Evacuation               2144 us, parallelism: 0.60x
[24.666s][info][gc,stats      ]     E: <total>                     1279 us
[24.666s][info][gc,stats      ]     E: Thread Roots                 421 us, workers (us): 421, 
[24.666s][info][gc,stats      ]     E: Code Cache Roots             231 us, workers (us): 231, 
[24.666s][info][gc,stats      ]     E: Universe Roots                 2 us, workers (us):   2, 
[24.666s][info][gc,stats      ]     E: JNI Handles Roots              1 us, workers (us):   1, 
[24.666s][info][gc,stats      ]     E: Synchronizer Roots             0 us, workers (us):   0, 
[24.666s][info][gc,stats      ]     E: Management Roots               1 us, workers (us):   1, 
[24.666s][info][gc,stats      ]     E: System Dict Roots             29 us, workers (us):  29, 
[24.666s][info][gc,stats      ]     E: CLDG Roots                   594 us, workers (us): 594, 
[24.666s][info][gc,stats      ]     E: JVMTI Roots                    0 us, workers (us):   0, 
[24.666s][info][gc,stats      ] Concurrent Cleanup                   53 us
[24.666s][info][gc,stats      ] Concurrent Evacuation              3086 us
[24.666s][info][gc,stats      ] Pause Init  Update Refs (G)        2983 us
[24.666s][info][gc,stats      ] Pause Init  Update Refs (N)          17 us
[24.666s][info][gc,stats      ]   Retire GCLABs                       9 us
[24.666s][info][gc,stats      ] Concurrent Update Refs           430961 us
[24.666s][info][gc,stats      ] Pause Final Update Refs (G)        2817 us
[24.666s][info][gc,stats      ] Pause Final Update Refs (N)         371 us
[24.666s][info][gc,stats      ]   Update Roots                      305 us, parallelism: 0.97x
[24.666s][info][gc,stats      ]     UR: <total>                     296 us
[24.666s][info][gc,stats      ]     UR: Thread Roots                296 us, workers (us): 296, 
[24.666s][info][gc,stats      ]   Update Region States               42 us
[24.666s][info][gc,stats      ]   Trash Collection Set                2 us
[24.666s][info][gc,stats      ]   Rebuild Free Set                    8 us
[24.666s][info][gc,stats      ] Concurrent Cleanup                   43 us
[24.666s][info][gc,stats      ] 
[24.666s][info][gc,stats      ] Allocation pacing accrued:
[24.666s][info][gc,stats      ]       0 of  1384 ms (  0.0%): <total>
[24.666s][info][gc,stats      ]       0 of  1384 ms (  0.0%): <average total>
[24.666s][info][gc,stats      ] 
[24.666s][info][gc,metaspace  ] Metaspace: 60203K->60203K(1103872K)
[24.666s][info][gc,ergo       ] Pacer for Idle. Initial: 25600K, Alloc Tax Rate: 1.0x
[24.668s][info][gc            ] Trigger: Learning 3 of 5. Free (756M) is below initial threshold (875M)
[24.668s][info][gc,ergo       ] Free: 756M, Max: 512K regular, 731M humongous, Frag: 4% external, 0% internal; Reserve: 64000K, Max: 512K
[24.668s][info][gc,start      ] GC(22) Concurrent reset
[24.668s][info][gc,task       ] GC(22) Using 1 of 1 workers for concurrent reset
[24.668s][info][gc,ergo       ] GC(22) Pacer for Reset. Non-Taxable: 1250M
[24.668s][info][gc            ] GC(22) Concurrent reset 0.327ms
[24.670s][info][gc,start      ] GC(22) Pause Init Mark
[24.670s][info][gc,task       ] GC(22) Using 1 of 1 workers for init marking
[24.672s][info][gc,ergo       ] GC(22) Pacer for Mark. Expected Live: 166M, Free: 756M, Non-Taxable: 77465K, Alloc Tax Rate: 0.3x
[24.672s][info][gc            ] GC(22) Pause Init Mark 1.321ms
[24.672s][info][gc,start      ] GC(22) Concurrent marking
[24.672s][info][gc,task       ] GC(22) Using 1 of 1 workers for concurrent marking
[24.883s][info][gc            ] GC(22) Concurrent marking 211.305ms
[24.883s][info][gc,start      ] GC(22) Pause Final Mark
[24.883s][info][gc,task       ] GC(22) Using 1 of 1 workers for final marking
[24.884s][info][gc,ergo       ] GC(22) Collectable Garbage: 258M (98%), Immediate: 258M (98%), CSet: 0B (0%)
[24.884s][info][gc            ] GC(22) Pause Final Mark 0.391ms
[24.884s][info][gc,start      ] GC(22) Concurrent cleanup
[24.884s][info][gc            ] GC(22) Concurrent cleanup 534M->276M(537M) 0.067ms
[24.884s][info][gc,ergo       ] GC(22) Free: 910M, Max: 512K regular, 652M humongous, Frag: 29% external, 0% internal; Reserve: 64000K, Max: 512K
[24.884s][info][gc,ergo       ] Free: 910M, Max: 512K regular, 652M humongous, Frag: 29% external, 0% internal; Reserve: 64000K, Max: 512K
[24.884s][info][gc,stats      ] 
[24.884s][info][gc,stats      ] All times are wall-clock times, except per-root-class counters, that are sum over
[24.884s][info][gc,stats      ] all workers. Dividing the <total> over the root stage time estimates parallelism.
[24.884s][info][gc,stats      ] 
[24.884s][info][gc,stats      ] Concurrent Reset                    318 us
[24.884s][info][gc,stats      ] Pause Init Mark (G)                3747 us
[24.884s][info][gc,stats      ] Pause Init Mark (N)                1297 us
[24.884s][info][gc,stats      ]   Accumulate Stats                   11 us
[24.884s][info][gc,stats      ]   Make Parsable                       9 us
[24.884s][info][gc,stats      ]   Update Region States               33 us
[24.884s][info][gc,stats      ]   Scan Roots                       1209 us, parallelism: 0.75x
[24.884s][info][gc,stats      ]     S: <total>                      911 us
[24.884s][info][gc,stats      ]     S: Thread Roots                 347 us, workers (us): 347, 
[24.884s][info][gc,stats      ]     S: Universe Roots                 3 us, workers (us):   3, 
[24.884s][info][gc,stats      ]     S: JNI Handles Roots              1 us, workers (us):   1, 
[24.884s][info][gc,stats      ]     S: Synchronizer Roots             0 us, workers (us):   0, 
[24.884s][info][gc,stats      ]     S: Management Roots               1 us, workers (us):   1, 
[24.884s][info][gc,stats      ]     S: System Dict Roots             20 us, workers (us):  20, 
[24.884s][info][gc,stats      ]     S: CLDG Roots                   538 us, workers (us): 538, 
[24.884s][info][gc,stats      ]     S: JVMTI Roots                    0 us, workers (us):   0, 
[24.884s][info][gc,stats      ]   Resize TLABs                        8 us
[24.884s][info][gc,stats      ] Concurrent Marking               211296 us
[24.884s][info][gc,stats      ] Pause Final Mark (G)                479 us
[24.884s][info][gc,stats      ] Pause Final Mark (N)                374 us
[24.884s][info][gc,stats      ]   Finish Queues                      14 us
[24.884s][info][gc,stats      ]   System Purge                      255 us
[24.884s][info][gc,stats      ]     Weak Roots                      254 us
[24.884s][info][gc,stats      ]   Update Region States               58 us
[24.884s][info][gc,stats      ]   Retire TLABs                       13 us
[24.884s][info][gc,stats      ]   Choose Collection Set              18 us
[24.884s][info][gc,stats      ]   Rebuild Free Set                    9 us
[24.884s][info][gc,stats      ] Concurrent Cleanup                   60 us
[24.884s][info][gc,stats      ] 
[24.884s][info][gc,stats      ] Allocation pacing accrued:
[24.884s][info][gc,stats      ]       0 of   218 ms (  0.0%): <total>
[24.884s][info][gc,stats      ]       0 of   218 ms (  0.0%): <average total>
[24.884s][info][gc,stats      ] 
[24.884s][info][gc,metaspace  ] Metaspace: 60203K->60203K(1103872K)
[24.884s][info][gc,ergo       ] Pacer for Idle. Initial: 25600K, Alloc Tax Rate: 1.0x
[24.912s][info][gc            ] Trigger: Learning 4 of 5. Free (874M) is below initial threshold (875M)
[24.912s][info][gc,ergo       ] Free: 874M, Max: 512K regular, 652M humongous, Frag: 26% external, 0% internal; Reserve: 64000K, Max: 512K
[24.912s][info][gc,start      ] GC(23) Concurrent reset
[24.912s][info][gc,task       ] GC(23) Using 1 of 1 workers for concurrent reset
[24.912s][info][gc,ergo       ] GC(23) Pacer for Reset. Non-Taxable: 1250M
[24.912s][info][gc            ] GC(23) Concurrent reset 0.260ms
[24.915s][info][gc,start      ] GC(23) Pause Init Mark
[24.915s][info][gc,task       ] GC(23) Using 1 of 1 workers for init marking
[24.916s][info][gc,ergo       ] GC(23) Pacer for Mark. Expected Live: 166M, Free: 874M, Non-Taxable: 89497K, Alloc Tax Rate: 0.2x
[24.916s][info][gc            ] GC(23) Pause Init Mark 1.407ms
[24.916s][info][gc,start      ] GC(23) Concurrent marking
[24.916s][info][gc,task       ] GC(23) Using 1 of 1 workers for concurrent marking
[25.125s][info][gc            ] GC(23) Concurrent marking 209.231ms
[25.125s][info][gc,start      ] GC(23) Pause Final Mark
[25.125s][info][gc,task       ] GC(23) Using 1 of 1 workers for final marking
[25.126s][info][gc,ergo       ] GC(23) Collectable Garbage: 140M (96%), Immediate: 140M (96%), CSet: 0B (0%)
[25.126s][info][gc            ] GC(23) Pause Final Mark 0.370ms
[25.126s][info][gc,start      ] GC(23) Concurrent cleanup
[25.126s][info][gc            ] GC(23) Concurrent cleanup 440M->299M(537M) 0.058ms
[25.126s][info][gc,ergo       ] GC(23) Free: 886M, Max: 512K regular, 673M humongous, Frag: 25% external, 0% internal; Reserve: 64000K, Max: 512K
[25.126s][info][gc,ergo       ] Free: 886M, Max: 512K regular, 673M humongous, Frag: 25% external, 0% internal; Reserve: 64000K, Max: 512K
[25.126s][info][gc,stats      ] 
[25.126s][info][gc,stats      ] All times are wall-clock times, except per-root-class counters, that are sum over
[25.126s][info][gc,stats      ] all workers. Dividing the <total> over the root stage time estimates parallelism.
[25.126s][info][gc,stats      ] 
[25.126s][info][gc,stats      ] Concurrent Reset                    252 us
[25.126s][info][gc,stats      ] Pause Init Mark (G)                3810 us
[25.126s][info][gc,stats      ] Pause Init Mark (N)                1378 us
[25.126s][info][gc,stats      ]   Accumulate Stats                   11 us
[25.126s][info][gc,stats      ]   Make Parsable                       9 us
[25.126s][info][gc,stats      ]   Update Region States               34 us
[25.126s][info][gc,stats      ]   Scan Roots                       1271 us, parallelism: 0.75x
[25.126s][info][gc,stats      ]     S: <total>                      954 us
[25.126s][info][gc,stats      ]     S: Thread Roots                 408 us, workers (us): 408, 
[25.126s][info][gc,stats      ]     S: Universe Roots                 2 us, workers (us):   2, 
[25.126s][info][gc,stats      ]     S: JNI Handles Roots              2 us, workers (us):   2, 
[25.126s][info][gc,stats      ]     S: Synchronizer Roots             0 us, workers (us):   0, 
[25.126s][info][gc,stats      ]     S: Management Roots               2 us, workers (us):   2, 
[25.126s][info][gc,stats      ]     S: System Dict Roots             11 us, workers (us):  11, 
[25.126s][info][gc,stats      ]     S: CLDG Roots                   529 us, workers (us): 529, 
[25.126s][info][gc,stats      ]     S: JVMTI Roots                    1 us, workers (us):   1, 
[25.126s][info][gc,stats      ]   Resize TLABs                       10 us
[25.126s][info][gc,stats      ] Concurrent Marking               209222 us
[25.126s][info][gc,stats      ] Pause Final Mark (G)                477 us
[25.126s][info][gc,stats      ] Pause Final Mark (N)                354 us
[25.126s][info][gc,stats      ]   Finish Queues                      14 us
[25.126s][info][gc,stats      ]   System Purge                      256 us
[25.126s][info][gc,stats      ]     Weak Roots                      255 us
[25.126s][info][gc,stats      ]   Update Region States               42 us
[25.126s][info][gc,stats      ]   Retire TLABs                       11 us
[25.126s][info][gc,stats      ]   Choose Collection Set              14 us
[25.126s][info][gc,stats      ]   Rebuild Free Set                   10 us
[25.126s][info][gc,stats      ] Concurrent Cleanup                   51 us
[25.126s][info][gc,stats      ] 
[25.126s][info][gc,stats      ] Allocation pacing accrued:
[25.126s][info][gc,stats      ]       0 of   242 ms (  0.0%): <total>
[25.126s][info][gc,stats      ]       0 of   242 ms (  0.0%): <average total>
[25.126s][info][gc,stats      ] 
[25.126s][info][gc,metaspace  ] Metaspace: 60203K->60203K(1103872K)
[25.126s][info][gc,ergo       ] Pacer for Idle. Initial: 25600K, Alloc Tax Rate: 1.0x
[25.136s][info][gc            ] Trigger: Learning 5 of 5. Free (873M) is below initial threshold (875M)
[25.136s][info][gc,ergo       ] Free: 873M, Max: 512K regular, 673M humongous, Frag: 23% external, 0% internal; Reserve: 64000K, Max: 512K
[25.136s][info][gc,start      ] GC(24) Concurrent reset
[25.136s][info][gc,task       ] GC(24) Using 1 of 1 workers for concurrent reset
[25.136s][info][gc,ergo       ] GC(24) Pacer for Reset. Non-Taxable: 1250M
[25.136s][info][gc            ] GC(24) Concurrent reset 0.255ms
[25.138s][info][gc,start      ] GC(24) Pause Init Mark
[25.138s][info][gc,task       ] GC(24) Using 1 of 1 workers for init marking
[25.140s][info][gc,ergo       ] GC(24) Pacer for Mark. Expected Live: 166M, Free: 873M, Non-Taxable: 89446K, Alloc Tax Rate: 0.2x
[25.140s][info][gc            ] GC(24) Pause Init Mark 1.340ms
[25.140s][info][gc,start      ] GC(24) Concurrent marking
[25.140s][info][gc,task       ] GC(24) Using 1 of 1 workers for concurrent marking
[25.378s][info][gc            ] GC(24) Concurrent marking 238.685ms
[25.379s][info][gc,start      ] GC(24) Pause Final Mark
[25.379s][info][gc,task       ] GC(24) Using 1 of 1 workers for final marking
[25.379s][info][gc,ergo       ] GC(24) Collectable Garbage: 141M (96%), Immediate: 141M (96%), CSet: 0B (0%)
[25.379s][info][gc            ] GC(24) Pause Final Mark 0.366ms
[25.379s][info][gc,start      ] GC(24) Concurrent cleanup
[25.379s][info][gc            ] GC(24) Concurrent cleanup 441M->300M(537M) 0.058ms
[25.379s][info][gc,ergo       ] GC(24) Free: 886M, Max: 512K regular, 745M humongous, Frag: 16% external, 0% internal; Reserve: 64000K, Max: 512K
[25.379s][info][gc,ergo       ] Free: 886M, Max: 512K regular, 745M humongous, Frag: 16% external, 0% internal; Reserve: 64000K, Max: 512K
[25.379s][info][gc,stats      ] 
[25.379s][info][gc,stats      ] All times are wall-clock times, except per-root-class counters, that are sum over
[25.379s][info][gc,stats      ] all workers. Dividing the <total> over the root stage time estimates parallelism.
[25.379s][info][gc,stats      ] 
[25.379s][info][gc,stats      ] Concurrent Reset                    247 us
[25.379s][info][gc,stats      ] Pause Init Mark (G)                3787 us
[25.379s][info][gc,stats      ] Pause Init Mark (N)                1310 us
[25.379s][info][gc,stats      ]   Accumulate Stats                   11 us
[25.379s][info][gc,stats      ]   Make Parsable                       8 us
[25.379s][info][gc,stats      ]   Update Region States               34 us
[25.379s][info][gc,stats      ]   Scan Roots                       1210 us, parallelism: 0.75x
[25.379s][info][gc,stats      ]     S: <total>                      907 us
[25.379s][info][gc,stats      ]     S: Thread Roots                 352 us, workers (us): 352, 
[25.379s][info][gc,stats      ]     S: Universe Roots                 3 us, workers (us):   3, 
[25.379s][info][gc,stats      ]     S: JNI Handles Roots              1 us, workers (us):   1, 
[25.379s][info][gc,stats      ]     S: Synchronizer Roots             0 us, workers (us):   0, 
[25.379s][info][gc,stats      ]     S: Management Roots               1 us, workers (us):   1, 
[25.379s][info][gc,stats      ]     S: System Dict Roots             11 us, workers (us):  11, 
[25.379s][info][gc,stats      ]     S: CLDG Roots                   538 us, workers (us): 538, 
[25.379s][info][gc,stats      ]     S: JVMTI Roots                    1 us, workers (us):   1, 
[25.379s][info][gc,stats      ]   Resize TLABs                        8 us
[25.379s][info][gc,stats      ] Concurrent Marking               238676 us
[25.379s][info][gc,stats      ] Pause Final Mark (G)                456 us
[25.379s][info][gc,stats      ] Pause Final Mark (N)                347 us
[25.379s][info][gc,stats      ]   Finish Queues                      13 us
[25.379s][info][gc,stats      ]   System Purge                      253 us
[25.379s][info][gc,stats      ]     Weak Roots                      252 us
[25.379s][info][gc,stats      ]   Update Region States               40 us
[25.379s][info][gc,stats      ]   Retire TLABs                       10 us
[25.379s][info][gc,stats      ]   Choose Collection Set              14 us
[25.379s][info][gc,stats      ]   Rebuild Free Set                    9 us
[25.379s][info][gc,stats      ] Concurrent Cleanup                   51 us
[25.379s][info][gc,stats      ] 
[25.379s][info][gc,stats      ] Allocation pacing accrued:
[25.379s][info][gc,stats      ]       0 of   253 ms (  0.0%): <total>
[25.379s][info][gc,stats      ]       0 of   253 ms (  0.0%): <average total>
[25.379s][info][gc,stats      ] 
[25.379s][info][gc,metaspace  ] Metaspace: 60203K->60203K(1103872K)
[25.379s][info][gc,ergo       ] Pacer for Idle. Initial: 25600K, Alloc Tax Rate: 1.0x
[25.900s][info][gc            ] Trigger: Average GC time (325.88 ms) is above the time for allocation rate (874 MB/s) to deplete free headroom (283M)
[25.900s][info][gc,ergo       ] Free headroom: 346M (free) - 64000K (spike) - 0B (penalties) = 283M
[25.900s][info][gc,ergo       ] Free: 346M, Max: 512K regular, 346M humongous, Frag: 0% external, 0% internal; Reserve: 64000K, Max: 512K
[25.900s][info][gc,start      ] GC(25) Concurrent reset
[25.900s][info][gc,task       ] GC(25) Using 1 of 1 workers for concurrent reset
[25.901s][info][gc,ergo       ] GC(25) Pacer for Reset. Non-Taxable: 1250M
[25.901s][info][gc            ] GC(25) Concurrent reset 0.324ms
[25.903s][info][gc,start      ] GC(25) Pause Init Mark (process weakrefs)
[25.903s][info][gc,task       ] GC(25) Using 1 of 1 workers for init marking
[25.905s][info][gc,ergo       ] GC(25) Pacer for Mark. Expected Live: 166M, Free: 346M, Non-Taxable: 35430K, Alloc Tax Rate: 0.6x
[25.905s][info][gc            ] GC(25) Pause Init Mark (process weakrefs) 1.340ms
[25.905s][info][gc,start      ] GC(25) Concurrent marking (process weakrefs)
[25.905s][info][gc,task       ] GC(25) Using 1 of 1 workers for concurrent marking
[26.082s][info][gc            ] GC(25) Concurrent marking (process weakrefs) 177.748ms
[26.082s][info][gc,start      ] GC(25) Concurrent precleaning
[26.082s][info][gc,task       ] GC(25) Using 1 of 1 workers for concurrent preclean
[26.083s][info][gc,ergo       ] GC(25) Pacer for Precleaning. Non-Taxable: 1250M
[26.083s][info][gc            ] GC(25) Concurrent precleaning 0.538ms
[26.083s][info][gc,start      ] GC(25) Pause Final Mark (process weakrefs)
[26.083s][info][gc,task       ] GC(25) Using 1 of 1 workers for final marking
[26.084s][info][gc,ergo       ] GC(25) Collectable Garbage: 668M (99%), Immediate: 668M (99%), CSet: 0B (0%)
[26.084s][info][gc            ] GC(25) Pause Final Mark (process weakrefs) 0.416ms
[26.084s][info][gc,start      ] GC(25) Concurrent cleanup
[26.084s][info][gc            ] GC(25) Concurrent cleanup 892M->224M(895M) 0.097ms
[26.084s][info][gc,ergo       ] GC(25) Free: 962M, Max: 512K regular, 436M humongous, Frag: 55% external, 0% internal; Reserve: 64000K, Max: 512K
[26.084s][info][gc,ergo       ] Free: 962M, Max: 512K regular, 436M humongous, Frag: 55% external, 0% internal; Reserve: 64000K, Max: 512K
[26.084s][info][gc,stats      ] 
[26.084s][info][gc,stats      ] All times are wall-clock times, except per-root-class counters, that are sum over
[26.084s][info][gc,stats      ] all workers. Dividing the <total> over the root stage time estimates parallelism.
[26.084s][info][gc,stats      ] 
[26.084s][info][gc,stats      ] Concurrent Reset                    316 us
[26.084s][info][gc,stats      ] Pause Init Mark (G)                3793 us
[26.084s][info][gc,stats      ] Pause Init Mark (N)                1312 us
[26.084s][info][gc,stats      ]   Accumulate Stats                   14 us
[26.084s][info][gc,stats      ]   Make Parsable                       8 us
[26.084s][info][gc,stats      ]   Update Region States               36 us
[26.084s][info][gc,stats      ]   Scan Roots                       1209 us, parallelism: 0.76x
[26.084s][info][gc,stats      ]     S: <total>                      918 us
[26.084s][info][gc,stats      ]     S: Thread Roots                 379 us, workers (us): 379, 
[26.084s][info][gc,stats      ]     S: Universe Roots                 2 us, workers (us):   2, 
[26.084s][info][gc,stats      ]     S: JNI Handles Roots              2 us, workers (us):   2, 
[26.084s][info][gc,stats      ]     S: Synchronizer Roots             0 us, workers (us):   0, 
[26.084s][info][gc,stats      ]     S: Management Roots               2 us, workers (us):   2, 
[26.084s][info][gc,stats      ]     S: System Dict Roots             11 us, workers (us):  11, 
[26.084s][info][gc,stats      ]     S: CLDG Roots                   522 us, workers (us): 522, 
[26.084s][info][gc,stats      ]     S: JVMTI Roots                    0 us, workers (us):   0, 
[26.084s][info][gc,stats      ]   Resize TLABs                        8 us
[26.084s][info][gc,stats      ] Concurrent Marking               177740 us
[26.084s][info][gc,stats      ] Concurrent Precleaning              524 us
[26.084s][info][gc,stats      ] Pause Final Mark (G)                525 us
[26.084s][info][gc,stats      ] Pause Final Mark (N)                408 us
[26.084s][info][gc,stats      ]   Finish Queues                      10 us
[26.084s][info][gc,stats      ]   Weak References                    22 us
[26.084s][info][gc,stats      ]     Process                          20 us
[26.084s][info][gc,stats      ]   System Purge                      287 us
[26.084s][info][gc,stats      ]     Weak Roots                      287 us
[26.084s][info][gc,stats      ]   Update Region States               41 us
[26.084s][info][gc,stats      ]   Retire TLABs                       13 us
[26.084s][info][gc,stats      ]   Choose Collection Set              21 us
[26.084s][info][gc,stats      ]   Rebuild Free Set                    9 us
[26.084s][info][gc,stats      ] Concurrent Cleanup                   91 us
[26.084s][info][gc,stats      ] Pacing                            38786 us
[26.084s][info][gc,stats      ] 
[26.084s][info][gc,stats      ] Allocation pacing accrued:
[26.084s][info][gc,stats      ]      39 of   705 ms (  5.5%): Executor task launch worker for task 0.0 in stage 7.0 (TID 7)
[26.084s][info][gc,stats      ]      39 of   705 ms (  5.5%): <total>
[26.084s][info][gc,stats      ]       0 of   705 ms (  0.1%): <average total>
[26.084s][info][gc,stats      ]      39 of   705 ms (  5.5%): <average non-zero>
[26.084s][info][gc,stats      ] 
[26.084s][info][gc,metaspace  ] Metaspace: 60210K->60210K(1103872K)
[26.084s][info][gc,ergo       ] Pacer for Idle. Initial: 25600K, Alloc Tax Rate: 1.0x
[26.531s][info][gc            ] Trigger: Average GC time (331.89 ms) is above the time for allocation rate (989 MB/s) to deplete free headroom (328M)
[26.531s][info][gc,ergo       ] Free headroom: 390M (free) - 64000K (spike) - 0B (penalties) = 328M
[26.531s][info][gc,ergo       ] Free: 390M, Max: 512K regular, 294M humongous, Frag: 25% external, 0% internal; Reserve: 64000K, Max: 512K
[26.531s][info][gc,start      ] GC(26) Concurrent reset
[26.531s][info][gc,task       ] GC(26) Using 1 of 1 workers for concurrent reset
[26.531s][info][gc,ergo       ] GC(26) Pacer for Reset. Non-Taxable: 1250M
[26.531s][info][gc            ] GC(26) Concurrent reset 0.267ms
[26.534s][info][gc,start      ] GC(26) Pause Init Mark
[26.534s][info][gc,task       ] GC(26) Using 1 of 1 workers for init marking
[26.535s][info][gc,ergo       ] GC(26) Pacer for Mark. Expected Live: 167M, Free: 390M, Non-Taxable: 39987K, Alloc Tax Rate: 0.5x
[26.535s][info][gc            ] GC(26) Pause Init Mark 1.476ms
[26.535s][info][gc,start      ] GC(26) Concurrent marking
[26.535s][info][gc,task       ] GC(26) Using 1 of 1 workers for concurrent marking
[26.689s][info][gc            ] GC(26) Concurrent marking 154.345ms
[26.690s][info][gc,start      ] GC(26) Pause Final Mark
[26.690s][info][gc,task       ] GC(26) Using 1 of 1 workers for final marking
[26.690s][info][gc,ergo       ] GC(26) Collectable Garbage: 620M (98%), Immediate: 620M (98%), CSet: 0B (0%)
[26.690s][info][gc            ] GC(26) Pause Final Mark 0.354ms
[26.690s][info][gc,start      ] GC(26) Concurrent cleanup
[26.690s][info][gc            ] GC(26) Concurrent cleanup 855M->235M(895M) 0.145ms
[26.690s][info][gc,ergo       ] GC(26) Free: 951M, Max: 512K regular, 383M humongous, Frag: 60% external, 0% internal; Reserve: 64000K, Max: 512K
[26.690s][info][gc,ergo       ] Free: 951M, Max: 512K regular, 383M humongous, Frag: 60% external, 0% internal; Reserve: 64000K, Max: 512K
[26.690s][info][gc,stats      ] 
[26.690s][info][gc,stats      ] All times are wall-clock times, except per-root-class counters, that are sum over
[26.690s][info][gc,stats      ] all workers. Dividing the <total> over the root stage time estimates parallelism.
[26.690s][info][gc,stats      ] 
[26.690s][info][gc,stats      ] Concurrent Reset                    259 us
[26.690s][info][gc,stats      ] Pause Init Mark (G)                3925 us
[26.690s][info][gc,stats      ] Pause Init Mark (N)                1409 us
[26.690s][info][gc,stats      ]   Accumulate Stats                   17 us
[26.690s][info][gc,stats      ]   Make Parsable                      14 us
[26.690s][info][gc,stats      ]   Update Region States               42 us
[26.690s][info][gc,stats      ]   Scan Roots                       1276 us, parallelism: 0.78x
[26.690s][info][gc,stats      ]     S: <total>                      993 us
[26.690s][info][gc,stats      ]     S: Thread Roots                 433 us, workers (us): 433, 
[26.690s][info][gc,stats      ]     S: Universe Roots                 2 us, workers (us):   2, 
[26.690s][info][gc,stats      ]     S: JNI Handles Roots              1 us, workers (us):   1, 
[26.690s][info][gc,stats      ]     S: Synchronizer Roots             0 us, workers (us):   0, 
[26.690s][info][gc,stats      ]     S: Management Roots               2 us, workers (us):   2, 
[26.690s][info][gc,stats      ]     S: System Dict Roots             12 us, workers (us):  12, 
[26.690s][info][gc,stats      ]     S: CLDG Roots                   543 us, workers (us): 543, 
[26.690s][info][gc,stats      ]     S: JVMTI Roots                    0 us, workers (us):   0, 
[26.690s][info][gc,stats      ]   Resize TLABs                       10 us
[26.690s][info][gc,stats      ] Concurrent Marking               154336 us
[26.690s][info][gc,stats      ] Pause Final Mark (G)                443 us
[26.690s][info][gc,stats      ] Pause Final Mark (N)                344 us
[26.690s][info][gc,stats      ]   Finish Queues                      11 us
[26.690s][info][gc,stats      ]   System Purge                      249 us
[26.690s][info][gc,stats      ]     Weak Roots                      248 us
[26.690s][info][gc,stats      ]   Update Region States               38 us
[26.690s][info][gc,stats      ]   Retire TLABs                       11 us
[26.690s][info][gc,stats      ]   Choose Collection Set              18 us
[26.690s][info][gc,stats      ]   Rebuild Free Set                   11 us
[26.690s][info][gc,stats      ] Concurrent Cleanup                  138 us
[26.690s][info][gc,stats      ] Pacing                            59384 us
[26.690s][info][gc,stats      ] 
[26.690s][info][gc,stats      ] Allocation pacing accrued:
[26.690s][info][gc,stats      ]      59 of   606 ms (  9.8%): Executor task launch worker for task 0.0 in stage 7.0 (TID 7)
[26.690s][info][gc,stats      ]      59 of   606 ms (  9.8%): <total>
[26.690s][info][gc,stats      ]       1 of   606 ms (  0.1%): <average total>
[26.690s][info][gc,stats      ]      59 of   606 ms (  9.8%): <average non-zero>
[26.690s][info][gc,stats      ] 
[26.690s][info][gc,metaspace  ] Metaspace: 60220K->60220K(1103872K)
[26.690s][info][gc,ergo       ] Pacer for Idle. Initial: 25600K, Alloc Tax Rate: 1.0x
[26.976s][info][gc            ] Trigger: Explicit GC request (System.gc())
[26.977s][info][gc,ergo       ] Free: 703M, Max: 512K regular, 383M humongous, Frag: 46% external, 0% internal; Reserve: 64000K, Max: 512K
[26.977s][info][gc,start      ] GC(27) Concurrent reset
[26.977s][info][gc,task       ] GC(27) Using 1 of 1 workers for concurrent reset
[26.977s][info][gc,ergo       ] GC(27) Pacer for Reset. Non-Taxable: 1250M
[26.977s][info][gc            ] GC(27) Concurrent reset 0.287ms
[26.977s][info][gc,start      ] GC(27) Pause Init Mark (process weakrefs) (unload classes)
[26.977s][info][gc,task       ] GC(27) Using 1 of 1 workers for init marking
[26.978s][info][gc,ergo       ] GC(27) Pacer for Mark. Expected Live: 167M, Free: 703M, Non-Taxable: 71987K, Alloc Tax Rate: 0.3x
[26.978s][info][gc            ] GC(27) Pause Init Mark (process weakrefs) (unload classes) 0.885ms
[26.978s][info][gc,start      ] GC(27) Concurrent marking (process weakrefs) (unload classes)
[26.978s][info][gc,task       ] GC(27) Using 1 of 1 workers for concurrent marking
[27.076s][info][gc            ] GC(27) Concurrent marking (process weakrefs) (unload classes) 98.376ms
[27.076s][info][gc,start      ] GC(27) Concurrent precleaning
[27.076s][info][gc,task       ] GC(27) Using 1 of 1 workers for concurrent preclean
[27.076s][info][gc,ergo       ] GC(27) Pacer for Precleaning. Non-Taxable: 1250M
[27.077s][info][gc            ] GC(27) Concurrent precleaning 0.258ms
[27.077s][info][gc,start      ] GC(27) Pause Final Mark (process weakrefs) (unload classes)
[27.077s][info][gc,task       ] GC(27) Using 1 of 1 workers for final marking
[27.099s][info][gc,stringtable] GC(27) Cleaned string and symbol table, strings: 18455 processed, 0 removed, symbols: 131958 processed, 200 removed
[27.099s][info][gc,ergo       ] GC(27) Collectable Garbage: 305M (96%), Immediate: 305M (96%), CSet: 0B (0%)
[27.099s][info][gc            ] GC(27) Pause Final Mark (process weakrefs) (unload classes) 22.742ms
[27.100s][info][gc,start      ] GC(27) Concurrent cleanup
[27.100s][info][gc            ] GC(27) Concurrent cleanup 482M->177M(895M) 0.075ms
[27.100s][info][gc,ergo       ] GC(27) Free: 1008M, Max: 512K regular, 763M humongous, Frag: 25% external, 0% internal; Reserve: 64000K, Max: 512K
[27.100s][info][gc,ergo       ] Free: 1008M, Max: 512K regular, 763M humongous, Frag: 25% external, 0% internal; Reserve: 64000K, Max: 512K
[27.100s][info][gc,stats      ] 
[27.100s][info][gc,stats      ] All times are wall-clock times, except per-root-class counters, that are sum over
[27.100s][info][gc,stats      ] all workers. Dividing the <total> over the root stage time estimates parallelism.
[27.100s][info][gc,stats      ] 
[27.100s][info][gc,stats      ] Concurrent Reset                    272 us
[27.100s][info][gc,stats      ] Pause Init Mark (G)                1090 us
[27.100s][info][gc,stats      ] Pause Init Mark (N)                 871 us
[27.100s][info][gc,stats      ]   Accumulate Stats                   12 us
[27.100s][info][gc,stats      ]   Make Parsable                      12 us
[27.100s][info][gc,stats      ]   Update Region States               26 us
[27.100s][info][gc,stats      ]   Scan Roots                        789 us, parallelism: 0.57x
[27.100s][info][gc,stats      ]     S: <total>                      448 us
[27.100s][info][gc,stats      ]     S: Thread Roots                 319 us, workers (us): 319, 
[27.100s][info][gc,stats      ]     S: Universe Roots                 2 us, workers (us):   2, 
[27.100s][info][gc,stats      ]     S: JNI Handles Roots              2 us, workers (us):   2, 
[27.100s][info][gc,stats      ]     S: Synchronizer Roots             0 us, workers (us):   0, 
[27.100s][info][gc,stats      ]     S: Management Roots               2 us, workers (us):   2, 
[27.100s][info][gc,stats      ]     S: System Dict Roots             12 us, workers (us):  12, 
[27.100s][info][gc,stats      ]     S: CLDG Roots                   111 us, workers (us): 111, 
[27.100s][info][gc,stats      ]     S: JVMTI Roots                    1 us, workers (us):   1, 
[27.100s][info][gc,stats      ]   Resize TLABs                        6 us
[27.100s][info][gc,stats      ] Concurrent Marking                98367 us
[27.100s][info][gc,stats      ] Concurrent Precleaning              252 us
[27.100s][info][gc,stats      ] Pause Final Mark (G)              22879 us
[27.100s][info][gc,stats      ] Pause Final Mark (N)              22733 us
[27.100s][info][gc,stats      ]   Finish Queues                      64 us
[27.100s][info][gc,stats      ]   Weak References                    47 us
[27.100s][info][gc,stats      ]     Process                          45 us
[27.100s][info][gc,stats      ]   System Purge                      380 us
[27.100s][info][gc,stats      ]     Unload Classes                 1080 us
[27.100s][info][gc,stats      ]     Cleanup                       20833 us, parallelism: 1.00x
[27.100s][info][gc,stats      ]       CU: <total>                 20742 us
[27.100s][info][gc,stats      ]       CU: Code Cache Roots         7157 us, workers (us): 7157, 
[27.100s][info][gc,stats      ]       CU: Code Cache Cleaning      1330 us, workers (us): 1330, 
[27.100s][info][gc,stats      ]       CU: String Table Roots       6151 us, workers (us): 6151, 
[27.100s][info][gc,stats      ]       CU: Resolved Table Roots      157 us, workers (us): 157, 
[27.100s][info][gc,stats      ]       CU: CLDG Roots               5946 us, workers (us): 5946, 
[27.100s][info][gc,stats      ]     Weak Roots                      380 us
[27.100s][info][gc,stats      ]     CLDG                            220 us
[27.100s][info][gc,stats      ]   Update Region States               44 us
[27.100s][info][gc,stats      ]   Retire TLABs                       28 us
[27.100s][info][gc,stats      ]   Choose Collection Set              18 us
[27.100s][info][gc,stats      ]   Rebuild Free Set                   10 us
[27.100s][info][gc,stats      ] Concurrent Cleanup                   65 us
[27.100s][info][gc,stats      ] Pacing                            10032 us
[27.100s][info][gc,stats      ] 
[27.100s][info][gc,stats      ] Allocation pacing accrued:
[27.100s][info][gc,stats      ]      10 of   410 ms (  2.4%): Executor task launch worker for task 0.0 in stage 8.0 (TID 8)
[27.100s][info][gc,stats      ]      10 of   410 ms (  2.4%): <total>
[27.100s][info][gc,stats      ]       0 of   410 ms (  0.0%): <average total>
[27.100s][info][gc,stats      ]      10 of   410 ms (  2.4%): <average non-zero>
[27.100s][info][gc,stats      ] 
[27.100s][info][gc,metaspace  ] Metaspace: 60286K->59908K(1103872K)
[27.100s][info][gc,ergo       ] Pacer for Idle. Initial: 25600K, Alloc Tax Rate: 1.0x
[27.100s][info][gc,start      ] Concurrent uncommit
[27.126s][info][gc            ] Concurrent uncommit 177M->177M(179M) 25.717ms
[27.664s][info][gc            ] Trigger: Learning 2 of 5. Free (874M) is below initial threshold (875M)
[27.665s][info][gc,ergo       ] Free: 874M, Max: 512K regular, 763M humongous, Frag: 13% external, 0% internal; Reserve: 64000K, Max: 512K
[27.665s][info][gc,start      ] GC(28) Concurrent reset
[27.665s][info][gc,task       ] GC(28) Using 1 of 1 workers for concurrent reset
[27.665s][info][gc,ergo       ] GC(28) Pacer for Reset. Non-Taxable: 1250M
[27.665s][info][gc            ] GC(28) Concurrent reset 0.313ms
[27.669s][info][gc,start      ] GC(28) Pause Init Mark
[27.669s][info][gc,task       ] GC(28) Using 1 of 1 workers for init marking
[27.671s][info][gc,ergo       ] GC(28) Pacer for Mark. Expected Live: 166M, Free: 874M, Non-Taxable: 89599K, Alloc Tax Rate: 0.2x
[27.671s][info][gc            ] GC(28) Pause Init Mark 1.531ms
[27.671s][info][gc,start      ] GC(28) Concurrent marking
[27.671s][info][gc,task       ] GC(28) Using 1 of 1 workers for concurrent marking
[28.062s][info][gc            ] GC(28) Concurrent marking 390.766ms
[28.062s][info][gc,start      ] GC(28) Pause Final Mark
[28.062s][info][gc,task       ] GC(28) Using 1 of 1 workers for final marking
[28.062s][info][gc,ergo       ] GC(28) Adaptive CSet Selection. Target Free: 177M, Actual Free: 943M, Max CSet: 53333K, Min Garbage: 0B
[28.062s][info][gc,ergo       ] GC(28) Collectable Garbage: 139M (98%), Immediate: 109M (76%), CSet: 31087K (21%)
[28.065s][info][gc,ergo       ] GC(28) Pacer for Evacuation. Used CSet: 32728K, Free: 883M, Non-Taxable: 90419K, Alloc Tax Rate: 1.1x
[28.065s][info][gc            ] GC(28) Pause Final Mark 2.790ms
[28.065s][info][gc,start      ] GC(28) Concurrent cleanup
[28.065s][info][gc            ] GC(28) Concurrent cleanup 412M->303M(416M) 0.061ms
[28.065s][info][gc,ergo       ] GC(28) Free: 883M, Max: 512K regular, 764M humongous, Frag: 14% external, 0% internal; Reserve: 63744K, Max: 512K
[28.065s][info][gc,start      ] GC(28) Concurrent evacuation
[28.065s][info][gc,task       ] GC(28) Using 1 of 1 workers for concurrent evacuation
[28.072s][info][gc            ] GC(28) Concurrent evacuation 6.959ms
[28.079s][info][gc,start      ] GC(28) Pause Init Update Refs
[28.079s][info][gc,ergo       ] GC(28) Pacer for Update Refs. Used: 311M, Free: 877M, Non-Taxable: 89804K, Alloc Tax Rate: 1.1x
[28.079s][info][gc            ] GC(28) Pause Init Update Refs 0.066ms
[28.079s][info][gc,start      ] GC(28) Concurrent update references
[28.079s][info][gc,task       ] GC(28) Using 1 of 1 workers for concurrent reference update
[28.514s][info][gc            ] GC(28) Concurrent update references 434.379ms
[28.516s][info][gc,start      ] GC(28) Pause Final Update Refs
[28.516s][info][gc,task       ] GC(28) Using 1 of 1 workers for final reference update
[28.517s][info][gc            ] GC(28) Pause Final Update Refs 0.483ms
[28.517s][info][gc,start      ] GC(28) Concurrent cleanup
[28.517s][info][gc            ] GC(28) Concurrent cleanup 455M->423M(457M) 0.050ms
[28.517s][info][gc,ergo       ] Free: 762M, Max: 512K regular, 732M humongous, Frag: 4% external, 0% internal; Reserve: 64000K, Max: 512K
[28.517s][info][gc,stats      ] 
[28.517s][info][gc,stats      ] All times are wall-clock times, except per-root-class counters, that are sum over
[28.517s][info][gc,stats      ] all workers. Dividing the <total> over the root stage time estimates parallelism.
[28.517s][info][gc,stats      ] 
[28.517s][info][gc,stats      ] Concurrent Reset                    298 us
[28.517s][info][gc,stats      ] Pause Init Mark (G)                6031 us
[28.517s][info][gc,stats      ] Pause Init Mark (N)                1496 us
[28.517s][info][gc,stats      ]   Accumulate Stats                   13 us
[28.517s][info][gc,stats      ]   Make Parsable                      25 us
[28.517s][info][gc,stats      ]   Update Region States               42 us
[28.517s][info][gc,stats      ]   Scan Roots                       1367 us, parallelism: 0.80x
[28.517s][info][gc,stats      ]     S: <total>                     1089 us
[28.517s][info][gc,stats      ]     S: Thread Roots                 441 us, workers (us): 441, 
[28.517s][info][gc,stats      ]     S: Universe Roots                 2 us, workers (us):   2, 
[28.517s][info][gc,stats      ]     S: JNI Handles Roots              2 us, workers (us):   2, 
[28.517s][info][gc,stats      ]     S: Synchronizer Roots             1 us, workers (us):   1, 
[28.517s][info][gc,stats      ]     S: Management Roots               1 us, workers (us):   1, 
[28.517s][info][gc,stats      ]     S: System Dict Roots             12 us, workers (us):  12, 
[28.517s][info][gc,stats      ]     S: CLDG Roots                   629 us, workers (us): 629, 
[28.517s][info][gc,stats      ]     S: JVMTI Roots                    0 us, workers (us):   0, 
[28.517s][info][gc,stats      ]   Resize TLABs                       11 us
[28.517s][info][gc,stats      ] Concurrent Marking               390756 us
[28.517s][info][gc,stats      ] Pause Final Mark (G)               2911 us
[28.517s][info][gc,stats      ] Pause Final Mark (N)               2773 us
[28.517s][info][gc,stats      ]   Finish Queues                      21 us
[28.517s][info][gc,stats      ]   System Purge                      265 us
[28.517s][info][gc,stats      ]     Weak Roots                      265 us
[28.517s][info][gc,stats      ]   Update Region States               44 us
[28.517s][info][gc,stats      ]   Retire TLABs                       14 us
[28.517s][info][gc,stats      ]   Choose Collection Set              61 us
[28.517s][info][gc,stats      ]   Rebuild Free Set                    9 us
[28.517s][info][gc,stats      ]   Initial Evacuation               2349 us, parallelism: 0.60x
[28.517s][info][gc,stats      ]     E: <total>                     1417 us
[28.517s][info][gc,stats      ]     E: Thread Roots                 486 us, workers (us): 486, 
[28.517s][info][gc,stats      ]     E: Code Cache Roots             302 us, workers (us): 302, 
[28.517s][info][gc,stats      ]     E: Universe Roots                 1 us, workers (us):   1, 
[28.517s][info][gc,stats      ]     E: JNI Handles Roots              1 us, workers (us):   1, 
[28.517s][info][gc,stats      ]     E: Synchronizer Roots             0 us, workers (us):   0, 
[28.517s][info][gc,stats      ]     E: Management Roots               1 us, workers (us):   1, 
[28.517s][info][gc,stats      ]     E: System Dict Roots             38 us, workers (us):  38, 
[28.517s][info][gc,stats      ]     E: CLDG Roots                   587 us, workers (us): 587, 
[28.517s][info][gc,stats      ]     E: JVMTI Roots                    0 us, workers (us):   0, 
[28.517s][info][gc,stats      ] Concurrent Cleanup                   53 us
[28.517s][info][gc,stats      ] Concurrent Evacuation              6949 us
[28.517s][info][gc,stats      ] Pause Init  Update Refs (G)        7521 us
[28.517s][info][gc,stats      ] Pause Init  Update Refs (N)          17 us
[28.517s][info][gc,stats      ]   Retire GCLABs                       8 us
[28.517s][info][gc,stats      ] Concurrent Update Refs           434362 us
[28.517s][info][gc,stats      ] Pause Final Update Refs (G)        2945 us
[28.517s][info][gc,stats      ] Pause Final Update Refs (N)         432 us
[28.517s][info][gc,stats      ]   Update Roots                      352 us, parallelism: 0.97x
[28.517s][info][gc,stats      ]     UR: <total>                     343 us
[28.517s][info][gc,stats      ]     UR: Thread Roots                343 us, workers (us): 343, 
[28.517s][info][gc,stats      ]   Update Region States               44 us
[28.517s][info][gc,stats      ]   Trash Collection Set                2 us
[28.517s][info][gc,stats      ]   Rebuild Free Set                    8 us
[28.517s][info][gc,stats      ] Concurrent Cleanup                   44 us
[28.517s][info][gc,stats      ] 
[28.517s][info][gc,stats      ] Allocation pacing accrued:
[28.517s][info][gc,stats      ]       0 of  1417 ms (  0.0%): <total>
[28.517s][info][gc,stats      ]       0 of  1417 ms (  0.0%): <average total>
[28.517s][info][gc,stats      ] 
[28.517s][info][gc,metaspace  ] Metaspace: 60340K->60340K(1103872K)
[28.517s][info][gc,ergo       ] Pacer for Idle. Initial: 25600K, Alloc Tax Rate: 1.0x
[28.519s][info][gc            ] Trigger: Learning 3 of 5. Free (761M) is below initial threshold (875M)
[28.519s][info][gc,ergo       ] Free: 761M, Max: 512K regular, 732M humongous, Frag: 4% external, 0% internal; Reserve: 64000K, Max: 512K
[28.519s][info][gc,start      ] GC(29) Concurrent reset
[28.519s][info][gc,task       ] GC(29) Using 1 of 1 workers for concurrent reset
[28.519s][info][gc,ergo       ] GC(29) Pacer for Reset. Non-Taxable: 1250M
[28.519s][info][gc            ] GC(29) Concurrent reset 0.320ms
[28.522s][info][gc,start      ] GC(29) Pause Init Mark
[28.522s][info][gc,task       ] GC(29) Using 1 of 1 workers for init marking
[28.523s][info][gc,ergo       ] GC(29) Pacer for Mark. Expected Live: 166M, Free: 761M, Non-Taxable: 77926K, Alloc Tax Rate: 0.3x
[28.523s][info][gc            ] GC(29) Pause Init Mark 1.412ms
[28.523s][info][gc,start      ] GC(29) Concurrent marking
[28.523s][info][gc,task       ] GC(29) Using 1 of 1 workers for concurrent marking
[28.735s][info][gc            ] GC(29) Concurrent marking 211.957ms
[28.735s][info][gc,start      ] GC(29) Pause Final Mark
[28.735s][info][gc,task       ] GC(29) Using 1 of 1 workers for final marking
[28.736s][info][gc,ergo       ] GC(29) Collectable Garbage: 253M (98%), Immediate: 253M (98%), CSet: 0B (0%)
[28.736s][info][gc            ] GC(29) Pause Final Mark 0.370ms
[28.736s][info][gc,start      ] GC(29) Concurrent cleanup
[28.736s][info][gc            ] GC(29) Concurrent cleanup 535M->281M(538M) 0.080ms
[28.736s][info][gc,ergo       ] GC(29) Free: 904M, Max: 512K regular, 651M humongous, Frag: 29% external, 0% internal; Reserve: 64000K, Max: 512K
[28.736s][info][gc,ergo       ] Free: 904M, Max: 512K regular, 651M humongous, Frag: 29% external, 0% internal; Reserve: 64000K, Max: 512K
[28.736s][info][gc,stats      ] 
[28.736s][info][gc,stats      ] All times are wall-clock times, except per-root-class counters, that are sum over
[28.736s][info][gc,stats      ] all workers. Dividing the <total> over the root stage time estimates parallelism.
[28.736s][info][gc,stats      ] 
[28.736s][info][gc,stats      ] Concurrent Reset                    314 us
[28.736s][info][gc,stats      ] Pause Init Mark (G)                3924 us
[28.736s][info][gc,stats      ] Pause Init Mark (N)                1386 us
[28.736s][info][gc,stats      ]   Accumulate Stats                   26 us
[28.736s][info][gc,stats      ]   Make Parsable                       9 us
[28.736s][info][gc,stats      ]   Update Region States               40 us
[28.736s][info][gc,stats      ]   Scan Roots                       1271 us, parallelism: 0.78x
[28.736s][info][gc,stats      ]     S: <total>                      994 us
[28.736s][info][gc,stats      ]     S: Thread Roots                 427 us, workers (us): 427, 
[28.736s][info][gc,stats      ]     S: Universe Roots                 3 us, workers (us):   3, 
[28.736s][info][gc,stats      ]     S: JNI Handles Roots              2 us, workers (us):   2, 
[28.736s][info][gc,stats      ]     S: Synchronizer Roots             0 us, workers (us):   0, 
[28.736s][info][gc,stats      ]     S: Management Roots               2 us, workers (us):   2, 
[28.736s][info][gc,stats      ]     S: System Dict Roots             22 us, workers (us):  22, 
[28.736s][info][gc,stats      ]     S: CLDG Roots                   539 us, workers (us): 539, 
[28.736s][info][gc,stats      ]     S: JVMTI Roots                    1 us, workers (us):   1, 
[28.736s][info][gc,stats      ]   Resize TLABs                        8 us
[28.736s][info][gc,stats      ] Concurrent Marking               211948 us
[28.736s][info][gc,stats      ] Pause Final Mark (G)                469 us
[28.736s][info][gc,stats      ] Pause Final Mark (N)                354 us
[28.736s][info][gc,stats      ]   Finish Queues                      14 us
[28.736s][info][gc,stats      ]   System Purge                      254 us
[28.736s][info][gc,stats      ]     Weak Roots                      254 us
[28.736s][info][gc,stats      ]   Update Region States               41 us
[28.736s][info][gc,stats      ]   Retire TLABs                       13 us
[28.736s][info][gc,stats      ]   Choose Collection Set              16 us
[28.736s][info][gc,stats      ]   Rebuild Free Set                    9 us
[28.736s][info][gc,stats      ] Concurrent Cleanup                   73 us
[28.736s][info][gc,stats      ] 
[28.736s][info][gc,stats      ] Allocation pacing accrued:
[28.736s][info][gc,stats      ]       0 of   219 ms (  0.0%): <total>
[28.736s][info][gc,stats      ]       0 of   219 ms (  0.0%): <average total>
[28.736s][info][gc,stats      ] 
[28.736s][info][gc,metaspace  ] Metaspace: 60340K->60340K(1103872K)
[28.736s][info][gc,ergo       ] Pacer for Idle. Initial: 25600K, Alloc Tax Rate: 1.0x
[28.762s][info][gc            ] Trigger: Learning 4 of 5. Free (874M) is below initial threshold (875M)
[28.762s][info][gc,ergo       ] Free: 874M, Max: 512K regular, 651M humongous, Frag: 26% external, 0% internal; Reserve: 64000K, Max: 512K
[28.762s][info][gc,start      ] GC(30) Concurrent reset
[28.762s][info][gc,task       ] GC(30) Using 1 of 1 workers for concurrent reset
[28.762s][info][gc,ergo       ] GC(30) Pacer for Reset. Non-Taxable: 1250M
[28.762s][info][gc            ] GC(30) Concurrent reset 0.453ms
[28.765s][info][gc,start      ] GC(30) Pause Init Mark (process weakrefs)
[28.765s][info][gc,task       ] GC(30) Using 1 of 1 workers for init marking
[28.766s][info][gc,ergo       ] GC(30) Pacer for Mark. Expected Live: 166M, Free: 874M, Non-Taxable: 89497K, Alloc Tax Rate: 0.2x
[28.766s][info][gc            ] GC(30) Pause Init Mark (process weakrefs) 1.391ms
[28.766s][info][gc,start      ] GC(30) Concurrent marking (process weakrefs)
[28.766s][info][gc,task       ] GC(30) Using 1 of 1 workers for concurrent marking
[28.990s][info][gc            ] GC(30) Concurrent marking (process weakrefs) 224.112ms
[28.991s][info][gc,start      ] GC(30) Concurrent precleaning
[28.991s][info][gc,task       ] GC(30) Using 1 of 1 workers for concurrent preclean
[28.991s][info][gc,ergo       ] GC(30) Pacer for Precleaning. Non-Taxable: 1250M
[28.995s][info][gc            ] GC(30) Concurrent precleaning 4.110ms
[28.998s][info][gc,start      ] GC(30) Pause Final Mark (process weakrefs)
[28.998s][info][gc,task       ] GC(30) Using 1 of 1 workers for final marking
[28.998s][info][gc,ergo       ] GC(30) Collectable Garbage: 140M (96%), Immediate: 140M (96%), CSet: 0B (0%)
[28.998s][info][gc            ] GC(30) Pause Final Mark (process weakrefs) 0.453ms
[28.998s][info][gc,start      ] GC(30) Concurrent cleanup
[28.998s][info][gc            ] GC(30) Concurrent cleanup 445M->305M(538M) 0.060ms
[28.998s][info][gc,ergo       ] GC(30) Free: 881M, Max: 512K regular, 669M humongous, Frag: 25% external, 0% internal; Reserve: 64000K, Max: 512K
[28.998s][info][gc,ergo       ] Free: 881M, Max: 512K regular, 669M humongous, Frag: 25% external, 0% internal; Reserve: 64000K, Max: 512K
[28.998s][info][gc,stats      ] 
[28.998s][info][gc,stats      ] All times are wall-clock times, except per-root-class counters, that are sum over
[28.998s][info][gc,stats      ] all workers. Dividing the <total> over the root stage time estimates parallelism.
[28.998s][info][gc,stats      ] 
[28.998s][info][gc,stats      ] Concurrent Reset                    435 us
[28.998s][info][gc,stats      ] Pause Init Mark (G)                3944 us
[28.998s][info][gc,stats      ] Pause Init Mark (N)                1370 us
[28.998s][info][gc,stats      ]   Accumulate Stats                   26 us
[28.998s][info][gc,stats      ]   Make Parsable                       9 us
[28.998s][info][gc,stats      ]   Update Region States               38 us
[28.998s][info][gc,stats      ]   Scan Roots                       1252 us, parallelism: 0.77x
[28.998s][info][gc,stats      ]     S: <total>                      970 us
[28.998s][info][gc,stats      ]     S: Thread Roots                 416 us, workers (us): 416, 
[28.998s][info][gc,stats      ]     S: Universe Roots                 2 us, workers (us):   2, 
[28.998s][info][gc,stats      ]     S: JNI Handles Roots              2 us, workers (us):   2, 
[28.998s][info][gc,stats      ]     S: Synchronizer Roots             0 us, workers (us):   0, 
[28.998s][info][gc,stats      ]     S: Management Roots               2 us, workers (us):   2, 
[28.998s][info][gc,stats      ]     S: System Dict Roots             12 us, workers (us):  12, 
[28.998s][info][gc,stats      ]     S: CLDG Roots                   537 us, workers (us): 537, 
[28.998s][info][gc,stats      ]     S: JVMTI Roots                    1 us, workers (us):   1, 
[28.998s][info][gc,stats      ]   Resize TLABs                        9 us
[28.998s][info][gc,stats      ] Concurrent Marking               224102 us
[28.998s][info][gc,stats      ] Concurrent Precleaning             4075 us
[28.998s][info][gc,stats      ] Pause Final Mark (G)               2928 us
[28.998s][info][gc,stats      ] Pause Final Mark (N)                421 us
[28.998s][info][gc,stats      ]   Finish Queues                      24 us
[28.998s][info][gc,stats      ]   Weak References                    27 us
[28.998s][info][gc,stats      ]     Process                          25 us
[28.998s][info][gc,stats      ]   System Purge                      281 us
[28.998s][info][gc,stats      ]     Weak Roots                      281 us
[28.998s][info][gc,stats      ]   Update Region States               42 us
[28.998s][info][gc,stats      ]   Retire TLABs                       14 us
[28.998s][info][gc,stats      ]   Choose Collection Set              16 us
[28.998s][info][gc,stats      ]   Rebuild Free Set                    9 us
[28.998s][info][gc,stats      ] Concurrent Cleanup                   51 us
[28.998s][info][gc,stats      ] Pacing                             3342 us
[28.998s][info][gc,stats      ] 
[28.998s][info][gc,stats      ] Allocation pacing accrued:
[28.998s][info][gc,stats      ]       3 of   263 ms (  1.3%): Executor task launch worker for task 0.0 in stage 10.0 (TID 10)
[28.998s][info][gc,stats      ]       3 of   263 ms (  1.3%): <total>
[28.998s][info][gc,stats      ]       0 of   263 ms (  0.0%): <average total>
[28.998s][info][gc,stats      ]       3 of   263 ms (  1.3%): <average non-zero>
[28.998s][info][gc,stats      ] 
[28.998s][info][gc,metaspace  ] Metaspace: 60340K->60340K(1103872K)
[28.998s][info][gc,ergo       ] Pacer for Idle. Initial: 25600K, Alloc Tax Rate: 1.0x
[29.010s][info][gc            ] Trigger: Learning 5 of 5. Free (873M) is below initial threshold (875M)
[29.010s][info][gc,ergo       ] Free: 873M, Max: 512K regular, 669M humongous, Frag: 24% external, 0% internal; Reserve: 64000K, Max: 512K
[29.010s][info][gc,start      ] GC(31) Concurrent reset
[29.010s][info][gc,task       ] GC(31) Using 1 of 1 workers for concurrent reset
[29.010s][info][gc,ergo       ] GC(31) Pacer for Reset. Non-Taxable: 1250M
[29.011s][info][gc            ] GC(31) Concurrent reset 0.324ms
[29.013s][info][gc,start      ] GC(31) Pause Init Mark
[29.013s][info][gc,task       ] GC(31) Using 1 of 1 workers for init marking
[29.015s][info][gc,ergo       ] GC(31) Pacer for Mark. Expected Live: 166M, Free: 873M, Non-Taxable: 89395K, Alloc Tax Rate: 0.2x
[29.015s][info][gc            ] GC(31) Pause Init Mark 1.628ms
[29.015s][info][gc,start      ] GC(31) Concurrent marking
[29.015s][info][gc,task       ] GC(31) Using 1 of 1 workers for concurrent marking
[29.225s][info][gc            ] GC(31) Concurrent marking 210.507ms
[29.226s][info][gc,start      ] GC(31) Pause Final Mark
[29.226s][info][gc,task       ] GC(31) Using 1 of 1 workers for final marking
[29.226s][info][gc,ergo       ] GC(31) Collectable Garbage: 140M (95%), Immediate: 140M (95%), CSet: 0B (0%)
[29.226s][info][gc            ] GC(31) Pause Final Mark 0.393ms
[29.226s][info][gc,start      ] GC(31) Concurrent cleanup
[29.226s][info][gc            ] GC(31) Concurrent cleanup 441M->301M(538M) 0.058ms
[29.226s][info][gc,ergo       ] GC(31) Free: 884M, Max: 512K regular, 745M humongous, Frag: 16% external, 0% internal; Reserve: 64000K, Max: 512K
[29.226s][info][gc,ergo       ] Free: 884M, Max: 512K regular, 745M humongous, Frag: 16% external, 0% internal; Reserve: 64000K, Max: 512K
[29.226s][info][gc,stats      ] 
[29.226s][info][gc,stats      ] All times are wall-clock times, except per-root-class counters, that are sum over
[29.226s][info][gc,stats      ] all workers. Dividing the <total> over the root stage time estimates parallelism.
[29.226s][info][gc,stats      ] 
[29.226s][info][gc,stats      ] Concurrent Reset                    313 us
[29.226s][info][gc,stats      ] Pause Init Mark (G)                4198 us
[29.226s][info][gc,stats      ] Pause Init Mark (N)                1600 us
[29.226s][info][gc,stats      ]   Accumulate Stats                   12 us
[29.226s][info][gc,stats      ]   Make Parsable                      11 us
[29.226s][info][gc,stats      ]   Update Region States               42 us
[29.226s][info][gc,stats      ]   Scan Roots                       1482 us, parallelism: 0.81x
[29.226s][info][gc,stats      ]     S: <total>                     1201 us
[29.226s][info][gc,stats      ]     S: Thread Roots                 588 us, workers (us): 588, 
[29.226s][info][gc,stats      ]     S: Universe Roots                 2 us, workers (us):   2, 
[29.226s][info][gc,stats      ]     S: JNI Handles Roots              1 us, workers (us):   1, 
[29.226s][info][gc,stats      ]     S: Synchronizer Roots             0 us, workers (us):   0, 
[29.226s][info][gc,stats      ]     S: Management Roots               1 us, workers (us):   1, 
[29.226s][info][gc,stats      ]     S: System Dict Roots             12 us, workers (us):  12, 
[29.226s][info][gc,stats      ]     S: CLDG Roots                   595 us, workers (us): 595, 
[29.226s][info][gc,stats      ]     S: JVMTI Roots                    0 us, workers (us):   0, 
[29.226s][info][gc,stats      ]   Resize TLABs                       11 us
[29.226s][info][gc,stats      ] Concurrent Marking               210497 us
[29.226s][info][gc,stats      ] Pause Final Mark (G)                496 us
[29.226s][info][gc,stats      ] Pause Final Mark (N)                359 us
[29.226s][info][gc,stats      ]   Finish Queues                      15 us
[29.226s][info][gc,stats      ]   System Purge                      253 us
[29.226s][info][gc,stats      ]     Weak Roots                      252 us
[29.226s][info][gc,stats      ]   Update Region States               39 us
[29.226s][info][gc,stats      ]   Retire TLABs                       14 us
[29.226s][info][gc,stats      ]   Choose Collection Set              16 us
[29.226s][info][gc,stats      ]   Rebuild Free Set                    9 us
[29.226s][info][gc,stats      ] Concurrent Cleanup                   51 us
[29.226s][info][gc,stats      ] 
[29.226s][info][gc,stats      ] Allocation pacing accrued:
[29.226s][info][gc,stats      ]       0 of   228 ms (  0.0%): <total>
[29.226s][info][gc,stats      ]       0 of   228 ms (  0.0%): <average total>
[29.226s][info][gc,stats      ] 
[29.226s][info][gc,metaspace  ] Metaspace: 60343K->60357K(1103872K)
[29.226s][info][gc,ergo       ] Pacer for Idle. Initial: 25600K, Alloc Tax Rate: 1.0x
[29.715s][info][gc            ] Trigger: Average GC time (328.92 ms) is above the time for allocation rate (921 MB/s) to deplete free headroom (302M)
[29.715s][info][gc,ergo       ] Free headroom: 364M (free) - 64000K (spike) - 0B (penalties) = 302M
[29.715s][info][gc,ergo       ] Free: 364M, Max: 512K regular, 364M humongous, Frag: 0% external, 0% internal; Reserve: 64000K, Max: 512K
[29.715s][info][gc,start      ] GC(32) Concurrent reset
[29.715s][info][gc,task       ] GC(32) Using 1 of 1 workers for concurrent reset
[29.715s][info][gc,ergo       ] GC(32) Pacer for Reset. Non-Taxable: 1250M
[29.715s][info][gc            ] GC(32) Concurrent reset 0.323ms
[29.718s][info][gc,start      ] GC(32) Pause Init Mark
[29.718s][info][gc,task       ] GC(32) Using 1 of 1 workers for init marking
[29.719s][info][gc,ergo       ] GC(32) Pacer for Mark. Expected Live: 166M, Free: 364M, Non-Taxable: 37324K, Alloc Tax Rate: 0.6x
[29.719s][info][gc            ] GC(32) Pause Init Mark 1.440ms
[29.719s][info][gc,start      ] GC(32) Concurrent marking
[29.719s][info][gc,task       ] GC(32) Using 1 of 1 workers for concurrent marking
[29.886s][info][gc            ] GC(32) Concurrent marking 166.871ms
[29.886s][info][gc,start      ] GC(32) Pause Final Mark
[29.886s][info][gc,task       ] GC(32) Using 1 of 1 workers for final marking
[29.887s][info][gc,ergo       ] GC(32) Collectable Garbage: 646M (98%), Immediate: 646M (98%), CSet: 0B (0%)
[29.887s][info][gc            ] GC(32) Pause Final Mark 0.402ms
[29.887s][info][gc,start      ] GC(32) Concurrent cleanup
[29.887s][info][gc            ] GC(32) Concurrent cleanup 876M->230M(880M) 0.097ms
[29.887s][info][gc,ergo       ] GC(32) Free: 955M, Max: 512K regular, 447M humongous, Frag: 54% external, 0% internal; Reserve: 64000K, Max: 512K
[29.887s][info][gc,ergo       ] Free: 955M, Max: 512K regular, 447M humongous, Frag: 54% external, 0% internal; Reserve: 64000K, Max: 512K
[29.887s][info][gc,stats      ] 
[29.887s][info][gc,stats      ] All times are wall-clock times, except per-root-class counters, that are sum over
[29.887s][info][gc,stats      ] all workers. Dividing the <total> over the root stage time estimates parallelism.
[29.887s][info][gc,stats      ] 
[29.887s][info][gc,stats      ] Concurrent Reset                    314 us
[29.887s][info][gc,stats      ] Pause Init Mark (G)                3918 us
[29.887s][info][gc,stats      ] Pause Init Mark (N)                1412 us
[29.887s][info][gc,stats      ]   Accumulate Stats                   15 us
[29.887s][info][gc,stats      ]   Make Parsable                      12 us
[29.887s][info][gc,stats      ]   Update Region States               34 us
[29.887s][info][gc,stats      ]   Scan Roots                       1303 us, parallelism: 0.78x
[29.887s][info][gc,stats      ]     S: <total>                     1021 us
[29.887s][info][gc,stats      ]     S: Thread Roots                 416 us, workers (us): 416, 
[29.887s][info][gc,stats      ]     S: Universe Roots                 3 us, workers (us):   3, 
[29.887s][info][gc,stats      ]     S: JNI Handles Roots              2 us, workers (us):   2, 
[29.887s][info][gc,stats      ]     S: Synchronizer Roots             0 us, workers (us):   0, 
[29.887s][info][gc,stats      ]     S: Management Roots               1 us, workers (us):   1, 
[29.887s][info][gc,stats      ]     S: System Dict Roots             11 us, workers (us):  11, 
[29.887s][info][gc,stats      ]     S: CLDG Roots                   587 us, workers (us): 587, 
[29.887s][info][gc,stats      ]     S: JVMTI Roots                    1 us, workers (us):   1, 
[29.887s][info][gc,stats      ]   Resize TLABs                       10 us
[29.887s][info][gc,stats      ] Concurrent Marking               166862 us
[29.887s][info][gc,stats      ] Pause Final Mark (G)                609 us
[29.887s][info][gc,stats      ] Pause Final Mark (N)                384 us
[29.887s][info][gc,stats      ]   Finish Queues                      16 us
[29.887s][info][gc,stats      ]   System Purge                      285 us
[29.887s][info][gc,stats      ]     Weak Roots                      285 us
[29.887s][info][gc,stats      ]   Update Region States               39 us
[29.887s][info][gc,stats      ]   Retire TLABs                       10 us
[29.887s][info][gc,stats      ]   Choose Collection Set              19 us
[29.887s][info][gc,stats      ]   Rebuild Free Set                    8 us
[29.887s][info][gc,stats      ] Concurrent Cleanup                   90 us
[29.887s][info][gc,stats      ] Pacing                            46773 us
[29.887s][info][gc,stats      ] 
[29.887s][info][gc,stats      ] Allocation pacing accrued:
[29.887s][info][gc,stats      ]      47 of   661 ms (  7.1%): Executor task launch worker for task 0.0 in stage 10.0 (TID 10)
[29.887s][info][gc,stats      ]      47 of   661 ms (  7.1%): <total>
[29.887s][info][gc,stats      ]       0 of   661 ms (  0.1%): <average total>
[29.887s][info][gc,stats      ]      47 of   661 ms (  7.1%): <average non-zero>
[29.887s][info][gc,stats      ] 
[29.887s][info][gc,metaspace  ] Metaspace: 60357K->60357K(1103872K)
[29.887s][info][gc,ergo       ] Pacer for Idle. Initial: 25600K, Alloc Tax Rate: 1.0x
[30.313s][info][gc            ] Trigger: Average GC time (338.69 ms) is above the time for allocation rate (1013 MB/s) to deplete free headroom (342M)
[30.313s][info][gc,ergo       ] Free headroom: 405M (free) - 64000K (spike) - 0B (penalties) = 342M
[30.313s][info][gc,ergo       ] Free: 405M, Max: 512K regular, 309M humongous, Frag: 24% external, 0% internal; Reserve: 64000K, Max: 512K
[30.313s][info][gc,start      ] GC(33) Concurrent reset
[30.313s][info][gc,task       ] GC(33) Using 1 of 1 workers for concurrent reset
[30.313s][info][gc,ergo       ] GC(33) Pacer for Reset. Non-Taxable: 1250M
[30.313s][info][gc            ] GC(33) Concurrent reset 0.271ms
[30.316s][info][gc,start      ] GC(33) Pause Init Mark
[30.316s][info][gc,task       ] GC(33) Using 1 of 1 workers for init marking
[30.317s][info][gc,ergo       ] GC(33) Pacer for Mark. Expected Live: 167M, Free: 405M, Non-Taxable: 41472K, Alloc Tax Rate: 0.5x
[30.317s][info][gc            ] GC(33) Pause Init Mark 1.415ms
[30.317s][info][gc,start      ] GC(33) Concurrent marking
[30.317s][info][gc,task       ] GC(33) Using 1 of 1 workers for concurrent marking
[30.469s][info][gc            ] GC(33) Concurrent marking 152.060ms
[30.469s][info][gc,start      ] GC(33) Pause Final Mark
[30.469s][info][gc,task       ] GC(33) Using 1 of 1 workers for final marking
[30.470s][info][gc,ergo       ] GC(33) Collectable Garbage: 605M (98%), Immediate: 605M (98%), CSet: 0B (0%)
[30.470s][info][gc            ] GC(33) Pause Final Mark 0.357ms
[30.470s][info][gc,start      ] GC(33) Concurrent cleanup
[30.470s][info][gc            ] GC(33) Concurrent cleanup 842M->237M(880M) 0.093ms
[30.470s][info][gc,ergo       ] GC(33) Free: 949M, Max: 512K regular, 399M humongous, Frag: 58% external, 0% internal; Reserve: 64000K, Max: 512K
[30.470s][info][gc,ergo       ] Free: 949M, Max: 512K regular, 399M humongous, Frag: 58% external, 0% internal; Reserve: 64000K, Max: 512K
[30.470s][info][gc,stats      ] 
[30.470s][info][gc,stats      ] All times are wall-clock times, except per-root-class counters, that are sum over
[30.470s][info][gc,stats      ] all workers. Dividing the <total> over the root stage time estimates parallelism.
[30.470s][info][gc,stats      ] 
[30.470s][info][gc,stats      ] Concurrent Reset                    261 us
[30.470s][info][gc,stats      ] Pause Init Mark (G)                4021 us
[30.470s][info][gc,stats      ] Pause Init Mark (N)                1391 us
[30.470s][info][gc,stats      ]   Accumulate Stats                   14 us
[30.470s][info][gc,stats      ]   Make Parsable                      11 us
[30.470s][info][gc,stats      ]   Update Region States               33 us
[30.470s][info][gc,stats      ]   Scan Roots                       1289 us, parallelism: 0.78x
[30.470s][info][gc,stats      ]     S: <total>                     1001 us
[30.470s][info][gc,stats      ]     S: Thread Roots                 410 us, workers (us): 410, 
[30.470s][info][gc,stats      ]     S: Universe Roots                 2 us, workers (us):   2, 
[30.470s][info][gc,stats      ]     S: JNI Handles Roots              1 us, workers (us):   1, 
[30.470s][info][gc,stats      ]     S: Synchronizer Roots             0 us, workers (us):   0, 
[30.470s][info][gc,stats      ]     S: Management Roots               2 us, workers (us):   2, 
[30.470s][info][gc,stats      ]     S: System Dict Roots             12 us, workers (us):  12, 
[30.470s][info][gc,stats      ]     S: CLDG Roots                   574 us, workers (us): 574, 
[30.470s][info][gc,stats      ]     S: JVMTI Roots                    1 us, workers (us):   1, 
[30.470s][info][gc,stats      ]   Resize TLABs                        9 us
[30.470s][info][gc,stats      ] Concurrent Marking               152050 us
[30.470s][info][gc,stats      ] Pause Final Mark (G)                456 us
[30.470s][info][gc,stats      ] Pause Final Mark (N)                347 us
[30.470s][info][gc,stats      ]   Finish Queues                      11 us
[30.470s][info][gc,stats      ]   System Purge                      251 us
[30.470s][info][gc,stats      ]     Weak Roots                      251 us
[30.470s][info][gc,stats      ]   Update Region States               38 us
[30.470s][info][gc,stats      ]   Retire TLABs                       15 us
[30.470s][info][gc,stats      ]   Choose Collection Set              18 us
[30.470s][info][gc,stats      ]   Rebuild Free Set                    9 us
[30.470s][info][gc,stats      ] Concurrent Cleanup                   87 us
[30.470s][info][gc,stats      ] Pacing                            59238 us
[30.470s][info][gc,stats      ] 
[30.470s][info][gc,stats      ] Allocation pacing accrued:
[30.470s][info][gc,stats      ]      59 of   583 ms ( 10.2%): Executor task launch worker for task 0.0 in stage 10.0 (TID 10)
[30.470s][info][gc,stats      ]      59 of   583 ms ( 10.2%): <total>
[30.470s][info][gc,stats      ]       1 of   583 ms (  0.1%): <average total>
[30.470s][info][gc,stats      ]      59 of   583 ms ( 10.2%): <average non-zero>
[30.470s][info][gc,stats      ] 
[30.470s][info][gc,metaspace  ] Metaspace: 60357K->60357K(1103872K)
[30.470s][info][gc,ergo       ] Pacer for Idle. Initial: 25600K, Alloc Tax Rate: 1.0x
[30.804s][info][gc            ] Trigger: Explicit GC request (System.gc())
[30.804s][info][gc,ergo       ] Free: 657M, Max: 512K regular, 399M humongous, Frag: 40% external, 0% internal; Reserve: 64000K, Max: 512K
[30.805s][info][gc,start      ] GC(34) Concurrent reset
[30.805s][info][gc,task       ] GC(34) Using 1 of 1 workers for concurrent reset
[30.805s][info][gc,ergo       ] GC(34) Pacer for Reset. Non-Taxable: 1250M
[30.805s][info][gc            ] GC(34) Concurrent reset 0.307ms
[30.805s][info][gc,start      ] GC(34) Pause Init Mark (process weakrefs) (unload classes)
[30.805s][info][gc,task       ] GC(34) Using 1 of 1 workers for init marking
[30.806s][info][gc,ergo       ] GC(34) Pacer for Mark. Expected Live: 167M, Free: 657M, Non-Taxable: 67328K, Alloc Tax Rate: 0.3x
[30.806s][info][gc            ] GC(34) Pause Init Mark (process weakrefs) (unload classes) 0.940ms
[30.806s][info][gc,start      ] GC(34) Concurrent marking (process weakrefs) (unload classes)
[30.806s][info][gc,task       ] GC(34) Using 1 of 1 workers for concurrent marking
[30.916s][info][gc            ] GC(34) Concurrent marking (process weakrefs) (unload classes) 109.989ms
[30.916s][info][gc,start      ] GC(34) Concurrent precleaning
[30.916s][info][gc,task       ] GC(34) Using 1 of 1 workers for concurrent preclean
[30.916s][info][gc,ergo       ] GC(34) Pacer for Precleaning. Non-Taxable: 1250M
[30.916s][info][gc            ] GC(34) Concurrent precleaning 0.258ms
[30.916s][info][gc,start      ] GC(34) Pause Final Mark (process weakrefs) (unload classes)
[30.916s][info][gc,task       ] GC(34) Using 1 of 1 workers for final marking
[30.940s][info][gc,stringtable] GC(34) Cleaned string and symbol table, strings: 18464 processed, 0 removed, symbols: 131958 processed, 200 removed
[30.940s][info][gc,ergo       ] GC(34) Collectable Garbage: 351M (96%), Immediate: 351M (96%), CSet: 0B (0%)
[30.940s][info][gc            ] GC(34) Pause Final Mark (process weakrefs) (unload classes) 23.728ms
[30.940s][info][gc,start      ] GC(34) Concurrent cleanup
[30.940s][info][gc            ] GC(34) Concurrent cleanup 528M->177M(880M) 0.076ms
[30.940s][info][gc,ergo       ] GC(34) Free: 1008M, Max: 512K regular, 720M humongous, Frag: 29% external, 0% internal; Reserve: 64000K, Max: 512K
[30.940s][info][gc,ergo       ] Free: 1008M, Max: 512K regular, 720M humongous, Frag: 29% external, 0% internal; Reserve: 64000K, Max: 512K
[30.940s][info][gc,stats      ] 
[30.940s][info][gc,stats      ] All times are wall-clock times, except per-root-class counters, that are sum over
[30.940s][info][gc,stats      ] all workers. Dividing the <total> over the root stage time estimates parallelism.
[30.940s][info][gc,stats      ] 
[30.940s][info][gc,stats      ] Concurrent Reset                    291 us
[30.940s][info][gc,stats      ] Pause Init Mark (G)                1203 us
[30.940s][info][gc,stats      ] Pause Init Mark (N)                 926 us
[30.940s][info][gc,stats      ]   Accumulate Stats                   14 us
[30.940s][info][gc,stats      ]   Make Parsable                      13 us
[30.940s][info][gc,stats      ]   Update Region States               27 us
[30.940s][info][gc,stats      ]   Scan Roots                        841 us, parallelism: 0.58x
[30.940s][info][gc,stats      ]     S: <total>                      483 us
[30.940s][info][gc,stats      ]     S: Thread Roots                 366 us, workers (us): 366, 
[30.940s][info][gc,stats      ]     S: Universe Roots                 3 us, workers (us):   3, 
[30.940s][info][gc,stats      ]     S: JNI Handles Roots              2 us, workers (us):   2, 
[30.940s][info][gc,stats      ]     S: Synchronizer Roots             0 us, workers (us):   0, 
[30.940s][info][gc,stats      ]     S: Management Roots               2 us, workers (us):   2, 
[30.940s][info][gc,stats      ]     S: System Dict Roots             11 us, workers (us):  11, 
[30.940s][info][gc,stats      ]     S: CLDG Roots                    99 us, workers (us):  99, 
[30.940s][info][gc,stats      ]     S: JVMTI Roots                    0 us, workers (us):   0, 
[30.940s][info][gc,stats      ]   Resize TLABs                        6 us
[30.940s][info][gc,stats      ] Concurrent Marking               109981 us
[30.940s][info][gc,stats      ] Concurrent Precleaning              250 us
[30.940s][info][gc,stats      ] Pause Final Mark (G)              23857 us
[30.940s][info][gc,stats      ] Pause Final Mark (N)              23708 us
[30.940s][info][gc,stats      ]   Finish Queues                      77 us
[30.940s][info][gc,stats      ]   Weak References                    47 us
[30.940s][info][gc,stats      ]     Process                          45 us
[30.940s][info][gc,stats      ]   System Purge                      310 us
[30.940s][info][gc,stats      ]     Unload Classes                 1108 us
[30.940s][info][gc,stats      ]     Cleanup                       21792 us, parallelism: 1.00x
[30.940s][info][gc,stats      ]       CU: <total>                 21718 us
[30.940s][info][gc,stats      ]       CU: Code Cache Roots         7639 us, workers (us): 7639, 
[30.940s][info][gc,stats      ]       CU: Code Cache Cleaning      1455 us, workers (us): 1455, 
[30.940s][info][gc,stats      ]       CU: String Table Roots       6335 us, workers (us): 6335, 
[30.940s][info][gc,stats      ]       CU: Resolved Table Roots      139 us, workers (us): 139, 
[30.940s][info][gc,stats      ]       CU: CLDG Roots               6150 us, workers (us): 6150, 
[30.940s][info][gc,stats      ]     Weak Roots                      310 us
[30.940s][info][gc,stats      ]     CLDG                            228 us
[30.940s][info][gc,stats      ]   Update Region States               48 us
[30.940s][info][gc,stats      ]   Retire TLABs                       33 us
[30.940s][info][gc,stats      ]   Choose Collection Set              46 us
[30.940s][info][gc,stats      ]   Rebuild Free Set                   11 us
[30.940s][info][gc,stats      ] Concurrent Cleanup                   67 us
[30.940s][info][gc,stats      ] Pacing                            10014 us
[30.940s][info][gc,stats      ] 
[30.940s][info][gc,stats      ] Allocation pacing accrued:
[30.940s][info][gc,stats      ]      10 of   470 ms (  2.1%): Executor task launch worker for task 0.0 in stage 11.0 (TID 11)
[30.940s][info][gc,stats      ]      10 of   470 ms (  2.1%): <total>
[30.940s][info][gc,stats      ]       0 of   470 ms (  0.0%): <average total>
[30.940s][info][gc,stats      ]      10 of   470 ms (  2.1%): <average non-zero>
[30.940s][info][gc,stats      ] 
[30.941s][info][gc,metaspace  ] Metaspace: 60396K->60018K(1103872K)
[30.941s][info][gc,ergo       ] Pacer for Idle. Initial: 25600K, Alloc Tax Rate: 1.0x
[30.941s][info][gc,start      ] Concurrent uncommit
[30.967s][info][gc            ] Concurrent uncommit 177M->177M(179M) 26.212ms
[31.554s][info][gc            ] Trigger: Learning 2 of 5. Free (874M) is below initial threshold (875M)
[31.554s][info][gc,ergo       ] Free: 874M, Max: 512K regular, 720M humongous, Frag: 18% external, 0% internal; Reserve: 64000K, Max: 512K
[31.554s][info][gc,start      ] GC(35) Concurrent reset
[31.554s][info][gc,task       ] GC(35) Using 1 of 1 workers for concurrent reset
[31.554s][info][gc,ergo       ] GC(35) Pacer for Reset. Non-Taxable: 1250M
[31.555s][info][gc            ] GC(35) Concurrent reset 0.310ms
[31.558s][info][gc,start      ] GC(35) Pause Init Mark (process weakrefs)
[31.558s][info][gc,task       ] GC(35) Using 1 of 1 workers for init marking
[31.560s][info][gc,ergo       ] GC(35) Pacer for Mark. Expected Live: 166M, Free: 874M, Non-Taxable: 89548K, Alloc Tax Rate: 0.2x
[31.560s][info][gc            ] GC(35) Pause Init Mark (process weakrefs) 1.770ms
[31.560s][info][gc,start      ] GC(35) Concurrent marking (process weakrefs)
[31.560s][info][gc,task       ] GC(35) Using 1 of 1 workers for concurrent marking
[31.891s][info][gc            ] GC(35) Concurrent marking (process weakrefs) 330.854ms
[31.894s][info][gc,start      ] GC(35) Concurrent precleaning
[31.894s][info][gc,task       ] GC(35) Using 1 of 1 workers for concurrent preclean
[31.894s][info][gc,ergo       ] GC(35) Pacer for Precleaning. Non-Taxable: 1250M
[31.895s][info][gc            ] GC(35) Concurrent precleaning 0.632ms
[31.898s][info][gc,start      ] GC(35) Pause Final Mark (process weakrefs)
[31.898s][info][gc,task       ] GC(35) Using 1 of 1 workers for final marking
[31.899s][info][gc,ergo       ] GC(35) Adaptive CSet Selection. Target Free: 177M, Actual Free: 940M, Max CSet: 53333K, Min Garbage: 0B
[31.899s][info][gc,ergo       ] GC(35) Collectable Garbage: 140M (98%), Immediate: 111M (77%), CSet: 29537K (20%)
[31.901s][info][gc,ergo       ] GC(35) Pacer for Evacuation. Used CSet: 31200K, Free: 880M, Non-Taxable: 90112K, Alloc Tax Rate: 1.1x
[31.901s][info][gc            ] GC(35) Pause Final Mark (process weakrefs) 2.971ms
[31.901s][info][gc,start      ] GC(35) Concurrent cleanup
[31.901s][info][gc            ] GC(35) Concurrent cleanup 417M->306M(421M) 0.062ms
[31.902s][info][gc,ergo       ] GC(35) Free: 880M, Max: 512K regular, 720M humongous, Frag: 19% external, 0% internal; Reserve: 63744K, Max: 512K
[31.902s][info][gc,start      ] GC(35) Concurrent evacuation
[31.902s][info][gc,task       ] GC(35) Using 1 of 1 workers for concurrent evacuation
[31.904s][info][gc            ] GC(35) Concurrent evacuation 2.875ms
[31.909s][info][gc,start      ] GC(35) Pause Init Update Refs
[31.909s][info][gc,ergo       ] GC(35) Pacer for Update Refs. Used: 308M, Free: 879M, Non-Taxable: 90106K, Alloc Tax Rate: 1.1x
[31.909s][info][gc            ] GC(35) Pause Init Update Refs 0.063ms
[31.911s][info][gc,start      ] GC(35) Concurrent update references
[31.911s][info][gc,task       ] GC(35) Using 1 of 1 workers for concurrent reference update
[32.382s][info][gc            ] GC(35) Concurrent update references 471.136ms
[32.388s][info][gc,start      ] GC(35) Pause Final Update Refs
[32.388s][info][gc,task       ] GC(35) Using 1 of 1 workers for final reference update
[32.389s][info][gc            ] GC(35) Pause Final Update Refs 0.599ms
[32.389s][info][gc,start      ] GC(35) Concurrent cleanup
[32.389s][info][gc            ] GC(35) Concurrent cleanup 462M->432M(464M) 0.051ms
[32.389s][info][gc,ergo       ] Free: 754M, Max: 512K regular, 728M humongous, Frag: 4% external, 0% internal; Reserve: 64000K, Max: 512K
[32.389s][info][gc,stats      ] 
[32.389s][info][gc,stats      ] All times are wall-clock times, except per-root-class counters, that are sum over
[32.389s][info][gc,stats      ] all workers. Dividing the <total> over the root stage time estimates parallelism.
[32.389s][info][gc,stats      ] 
[32.389s][info][gc,stats      ] Concurrent Reset                    300 us
[32.389s][info][gc,stats      ] Pause Init Mark (G)                5020 us
[32.389s][info][gc,stats      ] Pause Init Mark (N)                1728 us
[32.389s][info][gc,stats      ]   Accumulate Stats                   17 us
[32.389s][info][gc,stats      ]   Make Parsable                      21 us
[32.389s][info][gc,stats      ]   Update Region States               83 us
[32.389s][info][gc,stats      ]   Scan Roots                       1542 us, parallelism: 0.82x
[32.389s][info][gc,stats      ]     S: <total>                     1258 us
[32.389s][info][gc,stats      ]     S: Thread Roots                 565 us, workers (us): 565, 
[32.389s][info][gc,stats      ]     S: Universe Roots                 2 us, workers (us):   2, 
[32.389s][info][gc,stats      ]     S: JNI Handles Roots              2 us, workers (us):   2, 
[32.389s][info][gc,stats      ]     S: Synchronizer Roots             1 us, workers (us):   1, 
[32.389s][info][gc,stats      ]     S: Management Roots               1 us, workers (us):   1, 
[32.389s][info][gc,stats      ]     S: System Dict Roots             12 us, workers (us):  12, 
[32.389s][info][gc,stats      ]     S: CLDG Roots                   675 us, workers (us): 675, 
[32.389s][info][gc,stats      ]     S: JVMTI Roots                    1 us, workers (us):   1, 
[32.389s][info][gc,stats      ]   Resize TLABs                       14 us
[32.389s][info][gc,stats      ] Concurrent Marking               330845 us
[32.389s][info][gc,stats      ] Concurrent Precleaning              579 us
[32.389s][info][gc,stats      ] Pause Final Mark (G)               6415 us
[32.389s][info][gc,stats      ] Pause Final Mark (N)               2922 us
[32.389s][info][gc,stats      ]   Finish Queues                      29 us
[32.389s][info][gc,stats      ]   Weak References                    31 us
[32.389s][info][gc,stats      ]     Process                          28 us
[32.389s][info][gc,stats      ]   System Purge                      294 us
[32.389s][info][gc,stats      ]     Weak Roots                      294 us
[32.389s][info][gc,stats      ]   Update Region States               45 us
[32.389s][info][gc,stats      ]   Retire TLABs                       16 us
[32.389s][info][gc,stats      ]   Choose Collection Set              63 us
[32.389s][info][gc,stats      ]   Rebuild Free Set                    9 us
[32.389s][info][gc,stats      ]   Initial Evacuation               2426 us, parallelism: 0.63x
[32.389s][info][gc,stats      ]     E: <total>                     1531 us
[32.389s][info][gc,stats      ]     E: Thread Roots                 540 us, workers (us): 540, 
[32.389s][info][gc,stats      ]     E: Code Cache Roots             347 us, workers (us): 347, 
[32.389s][info][gc,stats      ]     E: Universe Roots                31 us, workers (us):  31, 
[32.389s][info][gc,stats      ]     E: JNI Handles Roots              1 us, workers (us):   1, 
[32.389s][info][gc,stats      ]     E: Synchronizer Roots             0 us, workers (us):   0, 
[32.389s][info][gc,stats      ]     E: Management Roots               2 us, workers (us):   2, 
[32.389s][info][gc,stats      ]     E: System Dict Roots             10 us, workers (us):  10, 
[32.389s][info][gc,stats      ]     E: CLDG Roots                   600 us, workers (us): 600, 
[32.389s][info][gc,stats      ]     E: JVMTI Roots                    0 us, workers (us):   0, 
[32.389s][info][gc,stats      ] Concurrent Cleanup                   53 us
[32.389s][info][gc,stats      ] Concurrent Evacuation              2863 us
[32.389s][info][gc,stats      ] Pause Init  Update Refs (G)        6505 us
[32.389s][info][gc,stats      ] Pause Init  Update Refs (N)          18 us
[32.389s][info][gc,stats      ]   Retire GCLABs                       9 us
[32.389s][info][gc,stats      ] Concurrent Update Refs           471098 us
[32.389s][info][gc,stats      ] Pause Final Update Refs (G)        6312 us
[32.389s][info][gc,stats      ] Pause Final Update Refs (N)         471 us
[32.389s][info][gc,stats      ]   Update Roots                      400 us, parallelism: 0.97x
[32.389s][info][gc,stats      ]     UR: <total>                     389 us
[32.389s][info][gc,stats      ]     UR: Thread Roots                389 us, workers (us): 389, 
[32.389s][info][gc,stats      ]   Update Region States               44 us
[32.389s][info][gc,stats      ]   Trash Collection Set                2 us
[32.389s][info][gc,stats      ]   Rebuild Free Set                    9 us
[32.389s][info][gc,stats      ] Concurrent Cleanup                   43 us
[32.389s][info][gc,stats      ] 
[32.389s][info][gc,stats      ] Allocation pacing accrued:
[32.389s][info][gc,stats      ]       0 of  1448 ms (  0.0%): <total>
[32.389s][info][gc,stats      ]       0 of  1448 ms (  0.0%): <average total>
[32.389s][info][gc,stats      ] 
[32.389s][info][gc,metaspace  ] Metaspace: 60470K->60474K(1103872K)
[32.389s][info][gc,ergo       ] Pacer for Idle. Initial: 25600K, Alloc Tax Rate: 1.0x
[32.391s][info][gc            ] Trigger: Learning 3 of 5. Free (752M) is below initial threshold (875M)
[32.391s][info][gc,ergo       ] Free: 752M, Max: 512K regular, 728M humongous, Frag: 4% external, 0% internal; Reserve: 64000K, Max: 512K
[32.391s][info][gc,start      ] GC(36) Concurrent reset
[32.391s][info][gc,task       ] GC(36) Using 1 of 1 workers for concurrent reset
[32.391s][info][gc,ergo       ] GC(36) Pacer for Reset. Non-Taxable: 1250M
[32.391s][info][gc            ] GC(36) Concurrent reset 0.337ms
[32.392s][info][gc,start      ] GC(36) Pause Init Mark
[32.392s][info][gc,task       ] GC(36) Using 1 of 1 workers for init marking
[32.393s][info][gc,ergo       ] GC(36) Pacer for Mark. Expected Live: 166M, Free: 752M, Non-Taxable: 77004K, Alloc Tax Rate: 0.3x
[32.393s][info][gc            ] GC(36) Pause Init Mark 1.536ms
[32.393s][info][gc,start      ] GC(36) Concurrent marking
[32.393s][info][gc,task       ] GC(36) Using 1 of 1 workers for concurrent marking
[32.735s][info][gc            ] GC(36) Concurrent marking 341.584ms
[32.735s][info][gc,start      ] GC(36) Pause Final Mark
[32.735s][info][gc,task       ] GC(36) Using 1 of 1 workers for final marking
[32.736s][info][gc,ergo       ] GC(36) Collectable Garbage: 259M (97%), Immediate: 259M (97%), CSet: 0B (0%)
[32.736s][info][gc            ] GC(36) Pause Final Mark 0.473ms
[32.736s][info][gc,start      ] GC(36) Concurrent cleanup
[32.736s][info][gc            ] GC(36) Concurrent cleanup 543M->284M(546M) 0.069ms
[32.736s][info][gc,ergo       ] GC(36) Free: 902M, Max: 512K regular, 643M humongous, Frag: 29% external, 0% internal; Reserve: 64000K, Max: 512K
[32.736s][info][gc,ergo       ] Free: 902M, Max: 512K regular, 643M humongous, Frag: 29% external, 0% internal; Reserve: 64000K, Max: 512K
[32.736s][info][gc,stats      ] 
[32.736s][info][gc,stats      ] All times are wall-clock times, except per-root-class counters, that are sum over
[32.736s][info][gc,stats      ] all workers. Dividing the <total> over the root stage time estimates parallelism.
[32.736s][info][gc,stats      ] 
[32.736s][info][gc,stats      ] Concurrent Reset                    330 us
[32.736s][info][gc,stats      ] Pause Init Mark (G)                2286 us
[32.736s][info][gc,stats      ] Pause Init Mark (N)                1511 us
[32.736s][info][gc,stats      ]   Accumulate Stats                   19 us
[32.736s][info][gc,stats      ]   Make Parsable                      16 us
[32.736s][info][gc,stats      ]   Update Region States               35 us
[32.736s][info][gc,stats      ]   Scan Roots                       1394 us, parallelism: 0.80x
[32.736s][info][gc,stats      ]     S: <total>                     1110 us
[32.736s][info][gc,stats      ]     S: Thread Roots                 473 us, workers (us): 473, 
[32.736s][info][gc,stats      ]     S: Universe Roots                 3 us, workers (us):   3, 
[32.736s][info][gc,stats      ]     S: JNI Handles Roots              2 us, workers (us):   2, 
[32.736s][info][gc,stats      ]     S: Synchronizer Roots             0 us, workers (us):   0, 
[32.736s][info][gc,stats      ]     S: Management Roots               1 us, workers (us):   1, 
[32.736s][info][gc,stats      ]     S: System Dict Roots             23 us, workers (us):  23, 
[32.736s][info][gc,stats      ]     S: CLDG Roots                   608 us, workers (us): 608, 
[32.736s][info][gc,stats      ]     S: JVMTI Roots                    0 us, workers (us):   0, 
[32.736s][info][gc,stats      ]   Resize TLABs                       11 us
[32.736s][info][gc,stats      ] Concurrent Marking               341575 us
[32.736s][info][gc,stats      ] Pause Final Mark (G)                630 us
[32.736s][info][gc,stats      ] Pause Final Mark (N)                453 us
[32.736s][info][gc,stats      ]   Finish Queues                      24 us
[32.736s][info][gc,stats      ]   System Purge                      273 us
[32.736s][info][gc,stats      ]     Weak Roots                      273 us
[32.736s][info][gc,stats      ]   Update Region States               80 us
[32.736s][info][gc,stats      ]   Retire TLABs                       28 us
[32.736s][info][gc,stats      ]   Choose Collection Set              31 us
[32.736s][info][gc,stats      ]   Rebuild Free Set                    9 us
[32.736s][info][gc,stats      ] Concurrent Cleanup                   60 us
[32.736s][info][gc,stats      ] 
[32.736s][info][gc,stats      ] Allocation pacing accrued:
[32.736s][info][gc,stats      ]       0 of   347 ms (  0.0%): <total>
[32.736s][info][gc,stats      ]       0 of   347 ms (  0.0%): <average total>
[32.736s][info][gc,stats      ] 
[32.736s][info][gc,metaspace  ] Metaspace: 60474K->60474K(1103872K)
[32.736s][info][gc,ergo       ] Pacer for Idle. Initial: 25600K, Alloc Tax Rate: 1.0x
[32.781s][info][gc            ] Trigger: Learning 4 of 5. Free (874M) is below initial threshold (875M)
[32.781s][info][gc,ergo       ] Free: 874M, Max: 512K regular, 643M humongous, Frag: 27% external, 0% internal; Reserve: 64000K, Max: 512K
[32.781s][info][gc,start      ] GC(37) Concurrent reset
[32.781s][info][gc,task       ] GC(37) Using 1 of 1 workers for concurrent reset
[32.781s][info][gc,ergo       ] GC(37) Pacer for Reset. Non-Taxable: 1250M
[32.781s][info][gc            ] GC(37) Concurrent reset 0.305ms
[32.788s][info][gc,start      ] GC(37) Pause Init Mark
[32.788s][info][gc,task       ] GC(37) Using 1 of 1 workers for init marking
[32.789s][info][gc,ergo       ] GC(37) Pacer for Mark. Expected Live: 166M, Free: 874M, Non-Taxable: 89497K, Alloc Tax Rate: 0.2x
[32.789s][info][gc            ] GC(37) Pause Init Mark 1.497ms
[32.789s][info][gc,start      ] GC(37) Concurrent marking
[32.789s][info][gc,task       ] GC(37) Using 1 of 1 workers for concurrent marking
[33.129s][info][gc            ] GC(37) Concurrent marking 339.681ms
[33.129s][info][gc,start      ] GC(37) Pause Final Mark
[33.129s][info][gc,task       ] GC(37) Using 1 of 1 workers for final marking
[33.129s][info][gc,ergo       ] GC(37) Collectable Garbage: 137M (94%), Immediate: 137M (94%), CSet: 0B (0%)
[33.129s][info][gc            ] GC(37) Pause Final Mark 0.419ms
[33.129s][info][gc,start      ] GC(37) Concurrent cleanup
[33.130s][info][gc            ] GC(37) Concurrent cleanup 440M->303M(546M) 0.067ms
[33.130s][info][gc,ergo       ] GC(37) Free: 882M, Max: 512K regular, 668M humongous, Frag: 25% external, 0% internal; Reserve: 64000K, Max: 512K
[33.130s][info][gc,ergo       ] Free: 882M, Max: 512K regular, 668M humongous, Frag: 25% external, 0% internal; Reserve: 64000K, Max: 512K
[33.130s][info][gc,stats      ] 
[33.130s][info][gc,stats      ] All times are wall-clock times, except per-root-class counters, that are sum over
[33.130s][info][gc,stats      ] all workers. Dividing the <total> over the root stage time estimates parallelism.
[33.130s][info][gc,stats      ] 
[33.130s][info][gc,stats      ] Concurrent Reset                    296 us
[33.130s][info][gc,stats      ] Pause Init Mark (G)                8159 us
[33.130s][info][gc,stats      ] Pause Init Mark (N)                1449 us
[33.130s][info][gc,stats      ]   Accumulate Stats                   17 us
[33.130s][info][gc,stats      ]   Make Parsable                      11 us
[33.130s][info][gc,stats      ]   Update Region States               47 us
[33.130s][info][gc,stats      ]   Scan Roots                       1332 us, parallelism: 0.79x
[33.130s][info][gc,stats      ]     S: <total>                     1048 us
[33.130s][info][gc,stats      ]     S: Thread Roots                 458 us, workers (us): 458, 
[33.130s][info][gc,stats      ]     S: Universe Roots                 3 us, workers (us):   3, 
[33.130s][info][gc,stats      ]     S: JNI Handles Roots              2 us, workers (us):   2, 
[33.130s][info][gc,stats      ]     S: Synchronizer Roots             0 us, workers (us):   0, 
[33.130s][info][gc,stats      ]     S: Management Roots               1 us, workers (us):   1, 
[33.130s][info][gc,stats      ]     S: System Dict Roots             12 us, workers (us):  12, 
[33.130s][info][gc,stats      ]     S: CLDG Roots                   572 us, workers (us): 572, 
[33.130s][info][gc,stats      ]     S: JVMTI Roots                    1 us, workers (us):   1, 
[33.130s][info][gc,stats      ]   Resize TLABs                        9 us
[33.130s][info][gc,stats      ] Concurrent Marking               339671 us
[33.130s][info][gc,stats      ] Pause Final Mark (G)                539 us
[33.130s][info][gc,stats      ] Pause Final Mark (N)                402 us
[33.130s][info][gc,stats      ]   Finish Queues                      15 us
[33.130s][info][gc,stats      ]   System Purge                      258 us
[33.130s][info][gc,stats      ]     Weak Roots                      257 us
[33.130s][info][gc,stats      ]   Update Region States               40 us
[33.130s][info][gc,stats      ]   Retire TLABs                       48 us
[33.130s][info][gc,stats      ]   Choose Collection Set              25 us
[33.130s][info][gc,stats      ]   Rebuild Free Set                    9 us
[33.130s][info][gc,stats      ] Concurrent Cleanup                   51 us
[33.130s][info][gc,stats      ] 
[33.130s][info][gc,stats      ] Allocation pacing accrued:
[33.130s][info][gc,stats      ]       0 of   394 ms (  0.0%): <total>
[33.130s][info][gc,stats      ]       0 of   394 ms (  0.0%): <average total>
[33.130s][info][gc,stats      ] 
[33.130s][info][gc,metaspace  ] Metaspace: 60474K->60474K(1103872K)
[33.130s][info][gc,ergo       ] Pacer for Idle. Initial: 25600K, Alloc Tax Rate: 1.0x
[33.154s][info][gc            ] Trigger: Learning 5 of 5. Free (874M) is below initial threshold (875M)
[33.154s][info][gc,ergo       ] Free: 874M, Max: 512K regular, 668M humongous, Frag: 24% external, 0% internal; Reserve: 64000K, Max: 512K
[33.154s][info][gc,start      ] GC(38) Concurrent reset
[33.154s][info][gc,task       ] GC(38) Using 1 of 1 workers for concurrent reset
[33.154s][info][gc,ergo       ] GC(38) Pacer for Reset. Non-Taxable: 1250M
[33.154s][info][gc            ] GC(38) Concurrent reset 0.393ms
[33.157s][info][gc,start      ] GC(38) Pause Init Mark
[33.157s][info][gc,task       ] GC(38) Using 1 of 1 workers for init marking
[33.159s][info][gc,ergo       ] GC(38) Pacer for Mark. Expected Live: 166M, Free: 874M, Non-Taxable: 89497K, Alloc Tax Rate: 0.2x
[33.159s][info][gc            ] GC(38) Pause Init Mark 2.169ms
[33.159s][info][gc,start      ] GC(38) Concurrent marking
[33.159s][info][gc,task       ] GC(38) Using 1 of 1 workers for concurrent marking
[33.373s][info][gc            ] GC(38) Concurrent marking 214.436ms
[33.374s][info][gc,start      ] GC(38) Pause Final Mark
[33.374s][info][gc,task       ] GC(38) Using 1 of 1 workers for final marking
[33.374s][info][gc,ergo       ] GC(38) Collectable Garbage: 137M (94%), Immediate: 137M (94%), CSet: 0B (0%)
[33.374s][info][gc            ] GC(38) Pause Final Mark 0.394ms
[33.374s][info][gc,start      ] GC(38) Concurrent cleanup
[33.374s][info][gc            ] GC(38) Concurrent cleanup 440M->303M(546M) 0.057ms
[33.374s][info][gc,ergo       ] GC(38) Free: 883M, Max: 512K regular, 746M humongous, Frag: 16% external, 0% internal; Reserve: 64000K, Max: 512K
[33.374s][info][gc,ergo       ] Free: 883M, Max: 512K regular, 746M humongous, Frag: 16% external, 0% internal; Reserve: 64000K, Max: 512K
[33.374s][info][gc,stats      ] 
[33.374s][info][gc,stats      ] All times are wall-clock times, except per-root-class counters, that are sum over
[33.374s][info][gc,stats      ] all workers. Dividing the <total> over the root stage time estimates parallelism.
[33.374s][info][gc,stats      ] 
[33.374s][info][gc,stats      ] Concurrent Reset                    377 us
[33.374s][info][gc,stats      ] Pause Init Mark (G)                4609 us
[33.374s][info][gc,stats      ] Pause Init Mark (N)                2125 us
[33.374s][info][gc,stats      ]   Accumulate Stats                   28 us
[33.374s][info][gc,stats      ]   Make Parsable                      14 us
[33.374s][info][gc,stats      ]   Update Region States               62 us
[33.374s][info][gc,stats      ]   Scan Roots                       1951 us, parallelism: 0.83x
[33.374s][info][gc,stats      ]     S: <total>                     1626 us
[33.374s][info][gc,stats      ]     S: Thread Roots                 505 us, workers (us): 505, 
[33.374s][info][gc,stats      ]     S: Universe Roots                 4 us, workers (us):   4, 
[33.374s][info][gc,stats      ]     S: JNI Handles Roots              2 us, workers (us):   2, 
[33.374s][info][gc,stats      ]     S: Synchronizer Roots             0 us, workers (us):   0, 
[33.374s][info][gc,stats      ]     S: Management Roots               2 us, workers (us):   2, 
[33.374s][info][gc,stats      ]     S: System Dict Roots             16 us, workers (us):  16, 
[33.374s][info][gc,stats      ]     S: CLDG Roots                  1098 us, workers (us): 1098, 
[33.374s][info][gc,stats      ]     S: JVMTI Roots                    1 us, workers (us):   1, 
[33.374s][info][gc,stats      ]   Resize TLABs                       13 us
[33.374s][info][gc,stats      ] Concurrent Marking               214428 us
[33.374s][info][gc,stats      ] Pause Final Mark (G)                511 us
[33.374s][info][gc,stats      ] Pause Final Mark (N)                365 us
[33.374s][info][gc,stats      ]   Finish Queues                      19 us
[33.374s][info][gc,stats      ]   System Purge                      257 us
[33.374s][info][gc,stats      ]     Weak Roots                      257 us
[33.374s][info][gc,stats      ]   Update Region States               42 us
[33.374s][info][gc,stats      ]   Retire TLABs                       15 us
[33.374s][info][gc,stats      ]   Choose Collection Set              15 us
[33.374s][info][gc,stats      ]   Rebuild Free Set                    9 us
[33.374s][info][gc,stats      ] Concurrent Cleanup                   51 us
[33.374s][info][gc,stats      ] Pacing                            10481 us
[33.374s][info][gc,stats      ] 
[33.374s][info][gc,stats      ] Allocation pacing accrued:
[33.374s][info][gc,stats      ]      10 of   245 ms (  4.3%): Executor task launch worker for task 0.0 in stage 13.0 (TID 13)
[33.374s][info][gc,stats      ]      10 of   245 ms (  4.3%): <total>
[33.374s][info][gc,stats      ]       0 of   245 ms (  0.0%): <average total>
[33.374s][info][gc,stats      ]      10 of   245 ms (  4.3%): <average non-zero>
[33.374s][info][gc,stats      ] 
[33.374s][info][gc,metaspace  ] Metaspace: 60474K->60474K(1103872K)
[33.374s][info][gc,ergo       ] Pacer for Idle. Initial: 25600K, Alloc Tax Rate: 1.0x
[33.795s][info][gc            ] Trigger: Average GC time (376.82 ms) is above the time for allocation rate (933 MB/s) to deplete free headroom (350M)
[33.795s][info][gc,ergo       ] Free headroom: 413M (free) - 64000K (spike) - 0B (penalties) = 350M
[33.795s][info][gc,ergo       ] Free: 413M, Max: 512K regular, 413M humongous, Frag: 0% external, 0% internal; Reserve: 64000K, Max: 512K
[33.795s][info][gc,start      ] GC(39) Concurrent reset
[33.795s][info][gc,task       ] GC(39) Using 1 of 1 workers for concurrent reset
[33.795s][info][gc,ergo       ] GC(39) Pacer for Reset. Non-Taxable: 1250M
[33.795s][info][gc            ] GC(39) Concurrent reset 0.325ms
[33.798s][info][gc,start      ] GC(39) Pause Init Mark
[33.798s][info][gc,task       ] GC(39) Using 1 of 1 workers for init marking
[33.800s][info][gc,ergo       ] GC(39) Pacer for Mark. Expected Live: 166M, Free: 413M, Non-Taxable: 42291K, Alloc Tax Rate: 0.5x
[33.800s][info][gc            ] GC(39) Pause Init Mark 1.427ms
[33.800s][info][gc,start      ] GC(39) Concurrent marking
[33.800s][info][gc,task       ] GC(39) Using 1 of 1 workers for concurrent marking
[33.973s][info][gc            ] GC(39) Concurrent marking 173.630ms
[33.973s][info][gc,start      ] GC(39) Pause Final Mark
[33.973s][info][gc,task       ] GC(39) Using 1 of 1 workers for final marking
[33.974s][info][gc,ergo       ] GC(39) Collectable Garbage: 597M (98%), Immediate: 597M (98%), CSet: 0B (0%)
[33.974s][info][gc            ] GC(39) Pause Final Mark 0.411ms
[33.974s][info][gc,start      ] GC(39) Concurrent cleanup
[33.974s][info][gc            ] GC(39) Concurrent cleanup 835M->237M(838M) 0.093ms
[33.974s][info][gc,ergo       ] GC(39) Free: 948M, Max: 512K regular, 351M humongous, Frag: 63% external, 0% internal; Reserve: 64000K, Max: 512K
[33.974s][info][gc,ergo       ] Free: 948M, Max: 512K regular, 351M humongous, Frag: 63% external, 0% internal; Reserve: 64000K, Max: 512K
[33.974s][info][gc,stats      ] 
[33.974s][info][gc,stats      ] All times are wall-clock times, except per-root-class counters, that are sum over
[33.974s][info][gc,stats      ] all workers. Dividing the <total> over the root stage time estimates parallelism.
[33.974s][info][gc,stats      ] 
[33.974s][info][gc,stats      ] Concurrent Reset                    316 us
[33.974s][info][gc,stats      ] Pause Init Mark (G)                4212 us
[33.974s][info][gc,stats      ] Pause Init Mark (N)                1396 us
[33.974s][info][gc,stats      ]   Accumulate Stats                   16 us
[33.974s][info][gc,stats      ]   Make Parsable                      12 us
[33.974s][info][gc,stats      ]   Update Region States               36 us
[33.974s][info][gc,stats      ]   Scan Roots                       1294 us, parallelism: 0.79x
[33.974s][info][gc,stats      ]     S: <total>                     1021 us
[33.974s][info][gc,stats      ]     S: Thread Roots                 444 us, workers (us): 444, 
[33.974s][info][gc,stats      ]     S: Universe Roots                 2 us, workers (us):   2, 
[33.974s][info][gc,stats      ]     S: JNI Handles Roots              2 us, workers (us):   2, 
[33.974s][info][gc,stats      ]     S: Synchronizer Roots             0 us, workers (us):   0, 
[33.974s][info][gc,stats      ]     S: Management Roots               2 us, workers (us):   2, 
[33.974s][info][gc,stats      ]     S: System Dict Roots             11 us, workers (us):  11, 
[33.974s][info][gc,stats      ]     S: CLDG Roots                   560 us, workers (us): 560, 
[33.974s][info][gc,stats      ]     S: JVMTI Roots                    1 us, workers (us):   1, 
[33.974s][info][gc,stats      ]   Resize TLABs                        8 us
[33.974s][info][gc,stats      ] Concurrent Marking               173621 us
[33.974s][info][gc,stats      ] Pause Final Mark (G)                585 us
[33.974s][info][gc,stats      ] Pause Final Mark (N)                394 us
[33.974s][info][gc,stats      ]   Finish Queues                      17 us
[33.974s][info][gc,stats      ]   System Purge                      290 us
[33.974s][info][gc,stats      ]     Weak Roots                      290 us
[33.974s][info][gc,stats      ]   Update Region States               40 us
[33.974s][info][gc,stats      ]   Retire TLABs                       12 us
[33.974s][info][gc,stats      ]   Choose Collection Set              20 us
[33.974s][info][gc,stats      ]   Rebuild Free Set                    9 us
[33.974s][info][gc,stats      ] Concurrent Cleanup                   86 us
[33.974s][info][gc,stats      ] Pacing                            36806 us
[33.974s][info][gc,stats      ] 
[33.974s][info][gc,stats      ] Allocation pacing accrued:
[33.974s][info][gc,stats      ]      37 of   600 ms (  6.1%): Executor task launch worker for task 0.0 in stage 13.0 (TID 13)
[33.974s][info][gc,stats      ]      37 of   600 ms (  6.1%): <total>
[33.974s][info][gc,stats      ]       0 of   600 ms (  0.0%): <average total>
[33.974s][info][gc,stats      ]      37 of   600 ms (  6.1%): <average non-zero>
[33.974s][info][gc,stats      ] 
[33.974s][info][gc,metaspace  ] Metaspace: 60474K->60474K(1103872K)
[33.974s][info][gc,ergo       ] Pacer for Idle. Initial: 25600K, Alloc Tax Rate: 1.0x
[34.373s][info][gc            ] Trigger: Average GC time (385.45 ms) is above the time for allocation rate (984 MB/s) to deplete free headroom (379M)
[34.374s][info][gc,ergo       ] Free headroom: 441M (free) - 64000K (spike) - 0B (penalties) = 379M
[34.374s][info][gc,ergo       ] Free: 441M, Max: 512K regular, 351M humongous, Frag: 21% external, 0% internal; Reserve: 64000K, Max: 512K
[34.374s][info][gc,start      ] GC(40) Concurrent reset
[34.374s][info][gc,task       ] GC(40) Using 1 of 1 workers for concurrent reset
[34.374s][info][gc,ergo       ] GC(40) Pacer for Reset. Non-Taxable: 1250M
[34.374s][info][gc            ] GC(40) Concurrent reset 0.594ms
[34.377s][info][gc,start      ] GC(40) Pause Init Mark (process weakrefs)
[34.377s][info][gc,task       ] GC(40) Using 1 of 1 workers for init marking
[34.380s][info][gc,ergo       ] GC(40) Pacer for Mark. Expected Live: 167M, Free: 441M, Non-Taxable: 45209K, Alloc Tax Rate: 0.5x
[34.380s][info][gc            ] GC(40) Pause Init Mark (process weakrefs) 2.768ms
[34.380s][info][gc,start      ] GC(40) Concurrent marking (process weakrefs)
[34.380s][info][gc,task       ] GC(40) Using 1 of 1 workers for concurrent marking
[34.562s][info][gc            ] GC(40) Concurrent marking (process weakrefs) 182.318ms
[34.562s][info][gc,start      ] GC(40) Concurrent precleaning
[34.562s][info][gc,task       ] GC(40) Using 1 of 1 workers for concurrent preclean
[34.562s][info][gc,ergo       ] GC(40) Pacer for Precleaning. Non-Taxable: 1250M
[34.563s][info][gc            ] GC(40) Concurrent precleaning 0.568ms
[34.563s][info][gc,start      ] GC(40) Pause Final Mark (process weakrefs)
[34.563s][info][gc,task       ] GC(40) Using 1 of 1 workers for final marking
[34.563s][info][gc,ergo       ] GC(40) Collectable Garbage: 569M (98%), Immediate: 569M (98%), CSet: 0B (0%)
[34.563s][info][gc            ] GC(40) Pause Final Mark (process weakrefs) 0.412ms
[34.563s][info][gc,start      ] GC(40) Concurrent cleanup
[34.563s][info][gc            ] GC(40) Concurrent cleanup 811M->242M(838M) 0.093ms
[34.563s][info][gc,ergo       ] GC(40) Free: 943M, Max: 512K regular, 437M humongous, Frag: 54% external, 0% internal; Reserve: 64000K, Max: 512K
[34.563s][info][gc,ergo       ] Free: 943M, Max: 512K regular, 437M humongous, Frag: 54% external, 0% internal; Reserve: 64000K, Max: 512K
[34.563s][info][gc,stats      ] 
[34.563s][info][gc,stats      ] All times are wall-clock times, except per-root-class counters, that are sum over
[34.563s][info][gc,stats      ] all workers. Dividing the <total> over the root stage time estimates parallelism.
[34.563s][info][gc,stats      ] 
[34.563s][info][gc,stats      ] Concurrent Reset                    569 us
[34.563s][info][gc,stats      ] Pause Init Mark (G)                5212 us
[34.563s][info][gc,stats      ] Pause Init Mark (N)                2721 us
[34.563s][info][gc,stats      ]   Accumulate Stats                   24 us
[34.563s][info][gc,stats      ]   Make Parsable                      19 us
[34.563s][info][gc,stats      ]   Update Region States              319 us
[34.563s][info][gc,stats      ]   Scan Roots                       2260 us, parallelism: 0.79x
[34.563s][info][gc,stats      ]     S: <total>                     1794 us
[34.563s][info][gc,stats      ]     S: Thread Roots                 850 us, workers (us): 850, 
[34.563s][info][gc,stats      ]     S: Universe Roots                 4 us, workers (us):   4, 
[34.563s][info][gc,stats      ]     S: JNI Handles Roots              2 us, workers (us):   2, 
[34.563s][info][gc,stats      ]     S: Synchronizer Roots             1 us, workers (us):   1, 
[34.563s][info][gc,stats      ]     S: Management Roots               3 us, workers (us):   3, 
[34.563s][info][gc,stats      ]     S: System Dict Roots             17 us, workers (us):  17, 
[34.563s][info][gc,stats      ]     S: CLDG Roots                   916 us, workers (us): 916, 
[34.563s][info][gc,stats      ]     S: JVMTI Roots                    2 us, workers (us):   2, 
[34.563s][info][gc,stats      ]   Resize TLABs                       20 us
[34.563s][info][gc,stats      ] Concurrent Marking               182302 us
[34.563s][info][gc,stats      ] Concurrent Precleaning              559 us
[34.563s][info][gc,stats      ] Pause Final Mark (G)                631 us
[34.563s][info][gc,stats      ] Pause Final Mark (N)                396 us
[34.563s][info][gc,stats      ]   Finish Queues                      20 us
[34.563s][info][gc,stats      ]   Weak References                    20 us
[34.563s][info][gc,stats      ]     Process                          17 us
[34.563s][info][gc,stats      ]   System Purge                      264 us
[34.563s][info][gc,stats      ]     Weak Roots                      264 us
[34.563s][info][gc,stats      ]   Update Region States               44 us
[34.563s][info][gc,stats      ]   Retire TLABs                       13 us
[34.563s][info][gc,stats      ]   Choose Collection Set              18 us
[34.563s][info][gc,stats      ]   Rebuild Free Set                    9 us
[34.563s][info][gc,stats      ] Concurrent Cleanup                   87 us
[34.563s][info][gc,stats      ] Pacing                            58150 us
[34.563s][info][gc,stats      ] 
[34.563s][info][gc,stats      ] Allocation pacing accrued:
[34.563s][info][gc,stats      ]      58 of   589 ms (  9.9%): Executor task launch worker for task 0.0 in stage 13.0 (TID 13)
[34.563s][info][gc,stats      ]      58 of   589 ms (  9.9%): <total>
[34.563s][info][gc,stats      ]       0 of   589 ms (  0.1%): <average total>
[34.563s][info][gc,stats      ]      58 of   589 ms (  9.9%): <average non-zero>
[34.563s][info][gc,stats      ] 
[34.563s][info][gc,metaspace  ] Metaspace: 60474K->60474K(1103872K)
[34.563s][info][gc,ergo       ] Pacer for Idle. Initial: 25600K, Alloc Tax Rate: 1.0x
[34.913s][info][gc            ] Trigger: Explicit GC request (System.gc())
[34.914s][info][gc,ergo       ] Free: 573M, Max: 512K regular, 437M humongous, Frag: 24% external, 0% internal; Reserve: 64000K, Max: 512K
[34.914s][info][gc,start      ] GC(41) Concurrent reset
[34.914s][info][gc,task       ] GC(41) Using 1 of 1 workers for concurrent reset
[34.914s][info][gc,ergo       ] GC(41) Pacer for Reset. Non-Taxable: 1250M
[34.914s][info][gc            ] GC(41) Concurrent reset 0.302ms
[34.914s][info][gc,start      ] GC(41) Pause Init Mark (process weakrefs) (unload classes)
[34.914s][info][gc,task       ] GC(41) Using 1 of 1 workers for init marking
[34.915s][info][gc,ergo       ] GC(41) Pacer for Mark. Expected Live: 167M, Free: 573M, Non-Taxable: 58726K, Alloc Tax Rate: 0.4x
[34.915s][info][gc            ] GC(41) Pause Init Mark (process weakrefs) (unload classes) 1.003ms
[34.915s][info][gc,start      ] GC(41) Concurrent marking (process weakrefs) (unload classes)
[34.915s][info][gc,task       ] GC(41) Using 1 of 1 workers for concurrent marking
[35.033s][info][gc            ] GC(41) Concurrent marking (process weakrefs) (unload classes) 118.249ms
[35.034s][info][gc,start      ] GC(41) Concurrent precleaning
[35.034s][info][gc,task       ] GC(41) Using 1 of 1 workers for concurrent preclean
[35.034s][info][gc,ergo       ] GC(41) Pacer for Precleaning. Non-Taxable: 1250M
[35.034s][info][gc            ] GC(41) Concurrent precleaning 0.292ms
[35.034s][info][gc,start      ] GC(41) Pause Final Mark (process weakrefs) (unload classes)
[35.034s][info][gc,task       ] GC(41) Using 1 of 1 workers for final marking
[35.058s][info][gc,stringtable] GC(41) Cleaned string and symbol table, strings: 18525 processed, 0 removed, symbols: 131958 processed, 200 removed
[35.058s][info][gc,ergo       ] GC(41) Collectable Garbage: 434M (97%), Immediate: 434M (97%), CSet: 0B (0%)
[35.058s][info][gc            ] GC(41) Pause Final Mark (process weakrefs) (unload classes) 24.274ms
[35.058s][info][gc,start      ] GC(41) Concurrent cleanup
[35.058s][info][gc            ] GC(41) Concurrent cleanup 612M->177M(838M) 0.082ms
[35.058s][info][gc,ergo       ] GC(41) Free: 1008M, Max: 512K regular, 641M humongous, Frag: 37% external, 0% internal; Reserve: 64000K, Max: 512K
[35.058s][info][gc,ergo       ] Free: 1008M, Max: 512K regular, 641M humongous, Frag: 37% external, 0% internal; Reserve: 64000K, Max: 512K
[35.058s][info][gc,stats      ] 
[35.058s][info][gc,stats      ] All times are wall-clock times, except per-root-class counters, that are sum over
[35.058s][info][gc,stats      ] all workers. Dividing the <total> over the root stage time estimates parallelism.
[35.058s][info][gc,stats      ] 
[35.058s][info][gc,stats      ] Concurrent Reset                    285 us
[35.058s][info][gc,stats      ] Pause Init Mark (G)                1248 us
[35.058s][info][gc,stats      ] Pause Init Mark (N)                 988 us
[35.058s][info][gc,stats      ]   Accumulate Stats                   16 us
[35.058s][info][gc,stats      ]   Make Parsable                      15 us
[35.058s][info][gc,stats      ]   Update Region States               28 us
[35.058s][info][gc,stats      ]   Scan Roots                        896 us, parallelism: 0.58x
[35.058s][info][gc,stats      ]     S: <total>                      520 us
[35.058s][info][gc,stats      ]     S: Thread Roots                 397 us, workers (us): 397, 
[35.058s][info][gc,stats      ]     S: Universe Roots                 3 us, workers (us):   3, 
[35.058s][info][gc,stats      ]     S: JNI Handles Roots              2 us, workers (us):   2, 
[35.058s][info][gc,stats      ]     S: Synchronizer Roots             0 us, workers (us):   0, 
[35.058s][info][gc,stats      ]     S: Management Roots               2 us, workers (us):   2, 
[35.058s][info][gc,stats      ]     S: System Dict Roots             12 us, workers (us):  12, 
[35.058s][info][gc,stats      ]     S: CLDG Roots                   104 us, workers (us): 104, 
[35.058s][info][gc,stats      ]     S: JVMTI Roots                    1 us, workers (us):   1, 
[35.058s][info][gc,stats      ]   Resize TLABs                        6 us
[35.058s][info][gc,stats      ] Concurrent Marking               118231 us
[35.058s][info][gc,stats      ] Concurrent Precleaning              284 us
[35.058s][info][gc,stats      ] Pause Final Mark (G)              24423 us
[35.058s][info][gc,stats      ] Pause Final Mark (N)              24264 us
[35.058s][info][gc,stats      ]   Finish Queues                      88 us
[35.058s][info][gc,stats      ]   Weak References                    48 us
[35.058s][info][gc,stats      ]     Process                          45 us
[35.058s][info][gc,stats      ]   System Purge                      279 us
[35.058s][info][gc,stats      ]     Unload Classes                 1142 us
[35.058s][info][gc,stats      ]     Cleanup                       22276 us, parallelism: 1.00x
[35.058s][info][gc,stats      ]       CU: <total>                 22189 us
[35.058s][info][gc,stats      ]       CU: Code Cache Roots         8105 us, workers (us): 8105, 
[35.058s][info][gc,stats      ]       CU: Code Cache Cleaning      1599 us, workers (us): 1599, 
[35.058s][info][gc,stats      ]       CU: String Table Roots       6305 us, workers (us): 6305, 
[35.058s][info][gc,stats      ]       CU: Resolved Table Roots      138 us, workers (us): 138, 
[35.058s][info][gc,stats      ]       CU: CLDG Roots               6041 us, workers (us): 6041, 
[35.059s][info][gc,stats      ]     Weak Roots                      278 us
[35.059s][info][gc,stats      ]     CLDG                            291 us
[35.059s][info][gc,stats      ]   Update Region States               52 us
[35.059s][info][gc,stats      ]   Retire TLABs                       38 us
[35.059s][info][gc,stats      ]   Choose Collection Set              33 us
[35.059s][info][gc,stats      ]   Rebuild Free Set                    9 us
[35.059s][info][gc,stats      ] Concurrent Cleanup                   74 us
[35.059s][info][gc,stats      ] Pacing                             7464 us
[35.059s][info][gc,stats      ] 
[35.059s][info][gc,stats      ] Allocation pacing accrued:
[35.059s][info][gc,stats      ]       7 of   495 ms (  1.5%): Executor task launch worker for task 0.0 in stage 14.0 (TID 14)
[35.059s][info][gc,stats      ]       7 of   495 ms (  1.5%): <total>
[35.059s][info][gc,stats      ]       0 of   495 ms (  0.0%): <average total>
[35.059s][info][gc,stats      ]       7 of   495 ms (  1.5%): <average non-zero>
[35.059s][info][gc,stats      ] 
[35.059s][info][gc,metaspace  ] Metaspace: 60510K->60132K(1103872K)
[35.059s][info][gc,ergo       ] Pacer for Idle. Initial: 25600K, Alloc Tax Rate: 1.0x
[35.059s][info][gc,start      ] Concurrent uncommit
[35.083s][info][gc            ] Concurrent uncommit 177M->177M(179M) 24.087ms
[35.785s][info][gc            ] Trigger: Learning 2 of 5. Free (873M) is below initial threshold (875M)
[35.785s][info][gc,ergo       ] Free: 873M, Max: 512K regular, 641M humongous, Frag: 27% external, 0% internal; Reserve: 64000K, Max: 512K
[35.785s][info][gc,start      ] GC(42) Concurrent reset
[35.785s][info][gc,task       ] GC(42) Using 1 of 1 workers for concurrent reset
[35.785s][info][gc,ergo       ] GC(42) Pacer for Reset. Non-Taxable: 1250M
[35.785s][info][gc            ] GC(42) Concurrent reset 0.316ms
[35.791s][info][gc,start      ] GC(42) Pause Init Mark
[35.791s][info][gc,task       ] GC(42) Using 1 of 1 workers for init marking
[35.793s][info][gc,ergo       ] GC(42) Pacer for Mark. Expected Live: 166M, Free: 873M, Non-Taxable: 89446K, Alloc Tax Rate: 0.2x
[35.793s][info][gc            ] GC(42) Pause Init Mark 1.797ms
[35.793s][info][gc,start      ] GC(42) Concurrent marking
[35.793s][info][gc,task       ] GC(42) Using 1 of 1 workers for concurrent marking
[36.139s][info][gc            ] GC(42) Concurrent marking 346.016ms
[36.139s][info][gc,start      ] GC(42) Pause Final Mark
[36.139s][info][gc,task       ] GC(42) Using 1 of 1 workers for final marking
[36.139s][info][gc,ergo       ] GC(42) Adaptive CSet Selection. Target Free: 177M, Actual Free: 950M, Max CSet: 53333K, Min Garbage: 0B
[36.139s][info][gc,ergo       ] GC(42) Collectable Garbage: 141M (98%), Immediate: 111M (77%), CSet: 29960K (20%)
[36.142s][info][gc,ergo       ] GC(42) Pacer for Evacuation. Used CSet: 31699K, Free: 890M, Non-Taxable: 91187K, Alloc Tax Rate: 1.1x
[36.142s][info][gc            ] GC(42) Pause Final Mark 2.900ms
[36.142s][info][gc,start      ] GC(42) Concurrent cleanup
[36.142s][info][gc            ] GC(42) Concurrent cleanup 407M->295M(411M) 0.060ms
[36.142s][info][gc,ergo       ] GC(42) Free: 890M, Max: 512K regular, 641M humongous, Frag: 28% external, 0% internal; Reserve: 63744K, Max: 512K
[36.142s][info][gc,start      ] GC(42) Concurrent evacuation
[36.142s][info][gc,task       ] GC(42) Using 1 of 1 workers for concurrent evacuation
[36.152s][info][gc            ] GC(42) Concurrent evacuation 9.871ms
[36.155s][info][gc,start      ] GC(42) Pause Init Update Refs
[36.155s][info][gc,ergo       ] GC(42) Pacer for Update Refs. Used: 302M, Free: 885M, Non-Taxable: 90675K, Alloc Tax Rate: 1.1x
[36.155s][info][gc            ] GC(42) Pause Init Update Refs 0.067ms
[36.155s][info][gc,start      ] GC(42) Concurrent update references
[36.155s][info][gc,task       ] GC(42) Using 1 of 1 workers for concurrent reference update
[36.511s][info][gc            ] GC(42) Concurrent update references 355.750ms
[36.514s][info][gc,start      ] GC(42) Pause Final Update Refs
[36.514s][info][gc,task       ] GC(42) Using 1 of 1 workers for final reference update
[36.515s][info][gc            ] GC(42) Pause Final Update Refs 1.040ms
[36.515s][info][gc,start      ] GC(42) Concurrent cleanup
[36.515s][info][gc            ] GC(42) Concurrent cleanup 455M->424M(457M) 0.111ms
[36.515s][info][gc,ergo       ] Free: 762M, Max: 512K regular, 736M humongous, Frag: 4% external, 0% internal; Reserve: 64000K, Max: 512K
[36.515s][info][gc,stats      ] 
[36.515s][info][gc,stats      ] All times are wall-clock times, except per-root-class counters, that are sum over
[36.515s][info][gc,stats      ] all workers. Dividing the <total> over the root stage time estimates parallelism.
[36.515s][info][gc,stats      ] 
[36.515s][info][gc,stats      ] Concurrent Reset                    302 us
[36.515s][info][gc,stats      ] Pause Init Mark (G)                7404 us
[36.516s][info][gc,stats      ] Pause Init Mark (N)                1748 us
[36.516s][info][gc,stats      ]   Accumulate Stats                   20 us
[36.516s][info][gc,stats      ]   Make Parsable                      23 us
[36.516s][info][gc,stats      ]   Update Region States               52 us
[36.516s][info][gc,stats      ]   Scan Roots                       1593 us, parallelism: 0.81x
[36.516s][info][gc,stats      ]     S: <total>                     1293 us
[36.516s][info][gc,stats      ]     S: Thread Roots                 598 us, workers (us): 598, 
[36.516s][info][gc,stats      ]     S: Universe Roots                 3 us, workers (us):   3, 
[36.516s][info][gc,stats      ]     S: JNI Handles Roots              2 us, workers (us):   2, 
[36.516s][info][gc,stats      ]     S: Synchronizer Roots             0 us, workers (us):   0, 
[36.516s][info][gc,stats      ]     S: Management Roots               1 us, workers (us):   1, 
[36.516s][info][gc,stats      ]     S: System Dict Roots             14 us, workers (us):  14, 
[36.516s][info][gc,stats      ]     S: CLDG Roots                   675 us, workers (us): 675, 
[36.516s][info][gc,stats      ]     S: JVMTI Roots                    1 us, workers (us):   1, 
[36.516s][info][gc,stats      ]   Resize TLABs                       19 us
[36.516s][info][gc,stats      ] Concurrent Marking               346006 us
[36.516s][info][gc,stats      ] Pause Final Mark (G)               3040 us
[36.516s][info][gc,stats      ] Pause Final Mark (N)               2881 us
[36.516s][info][gc,stats      ]   Finish Queues                      15 us
[36.516s][info][gc,stats      ]   System Purge                      273 us
[36.516s][info][gc,stats      ]     Weak Roots                      272 us
[36.516s][info][gc,stats      ]   Update Region States               42 us
[36.516s][info][gc,stats      ]   Retire TLABs                       17 us
[36.516s][info][gc,stats      ]   Choose Collection Set              60 us
[36.516s][info][gc,stats      ]   Rebuild Free Set                   22 us
[36.516s][info][gc,stats      ]   Initial Evacuation               2444 us, parallelism: 0.63x
[36.516s][info][gc,stats      ]     E: <total>                     1529 us
[36.516s][info][gc,stats      ]     E: Thread Roots                 547 us, workers (us): 547, 
[36.516s][info][gc,stats      ]     E: Code Cache Roots             361 us, workers (us): 361, 
[36.516s][info][gc,stats      ]     E: Universe Roots                 1 us, workers (us):   1, 
[36.516s][info][gc,stats      ]     E: JNI Handles Roots              1 us, workers (us):   1, 
[36.516s][info][gc,stats      ]     E: Synchronizer Roots             0 us, workers (us):   0, 
[36.516s][info][gc,stats      ]     E: Management Roots               1 us, workers (us):   1, 
[36.516s][info][gc,stats      ]     E: System Dict Roots             38 us, workers (us):  38, 
[36.516s][info][gc,stats      ]     E: CLDG Roots                   580 us, workers (us): 580, 
[36.516s][info][gc,stats      ]     E: JVMTI Roots                    0 us, workers (us):   0, 
[36.516s][info][gc,stats      ] Concurrent Cleanup                   52 us
[36.516s][info][gc,stats      ] Concurrent Evacuation              9859 us
[36.516s][info][gc,stats      ] Pause Init  Update Refs (G)        3528 us
[36.516s][info][gc,stats      ] Pause Init  Update Refs (N)          27 us
[36.516s][info][gc,stats      ]   Retire GCLABs                      10 us
[36.516s][info][gc,stats      ] Concurrent Update Refs           355734 us
[36.516s][info][gc,stats      ] Pause Final Update Refs (G)        4044 us
[36.516s][info][gc,stats      ] Pause Final Update Refs (N)         922 us
[36.516s][info][gc,stats      ]   Update Roots                      810 us, parallelism: 0.97x
[36.516s][info][gc,stats      ]     UR: <total>                     789 us
[36.516s][info][gc,stats      ]     UR: Thread Roots                789 us, workers (us): 789, 
[36.516s][info][gc,stats      ]   Update Region States               61 us
[36.516s][info][gc,stats      ]   Trash Collection Set                4 us
[36.516s][info][gc,stats      ]   Rebuild Free Set                   19 us
[36.516s][info][gc,stats      ] Concurrent Cleanup                   97 us
[36.516s][info][gc,stats      ] 
[36.516s][info][gc,stats      ] Allocation pacing accrued:
[36.516s][info][gc,stats      ]       0 of  1457 ms (  0.0%): <total>
[36.516s][info][gc,stats      ]       0 of  1457 ms (  0.0%): <average total>
[36.516s][info][gc,stats      ] 
[36.516s][info][gc,metaspace  ] Metaspace: 60577K->60577K(1103872K)
[36.516s][info][gc,ergo       ] Pacer for Idle. Initial: 25600K, Alloc Tax Rate: 1.0x
[36.517s][info][gc            ] Trigger: Learning 3 of 5. Free (761M) is below initial threshold (875M)
[36.518s][info][gc,ergo       ] Free: 761M, Max: 512K regular, 736M humongous, Frag: 4% external, 0% internal; Reserve: 64000K, Max: 512K
[36.518s][info][gc,start      ] GC(43) Concurrent reset
[36.518s][info][gc,task       ] GC(43) Using 1 of 1 workers for concurrent reset
[36.518s][info][gc,ergo       ] GC(43) Pacer for Reset. Non-Taxable: 1250M
[36.523s][info][gc            ] GC(43) Concurrent reset 5.183ms
[36.524s][info][gc,start      ] GC(43) Pause Init Mark
[36.524s][info][gc,task       ] GC(43) Using 1 of 1 workers for init marking
[36.528s][info][gc,ergo       ] GC(43) Pacer for Mark. Expected Live: 166M, Free: 759M, Non-Taxable: 77772K, Alloc Tax Rate: 0.3x
[36.528s][info][gc            ] GC(43) Pause Init Mark 4.048ms
[36.528s][info][gc,start      ] GC(43) Concurrent marking
[36.528s][info][gc,task       ] GC(43) Using 1 of 1 workers for concurrent marking
[36.800s][info][gc            ] GC(43) Concurrent marking 272.323ms
[36.800s][info][gc,start      ] GC(43) Pause Final Mark
[36.800s][info][gc,task       ] GC(43) Using 1 of 1 workers for final marking
[36.801s][info][gc,ergo       ] GC(43) Collectable Garbage: 254M (98%), Immediate: 254M (98%), CSet: 0B (0%)
[36.801s][info][gc            ] GC(43) Pause Final Mark 0.388ms
[36.801s][info][gc,start      ] GC(43) Concurrent cleanup
[36.801s][info][gc            ] GC(43) Concurrent cleanup 533M->279M(541M) 0.066ms
[36.801s][info][gc,ergo       ] GC(43) Free: 907M, Max: 512K regular, 652M humongous, Frag: 29% external, 0% internal; Reserve: 64000K, Max: 512K
[36.801s][info][gc,ergo       ] Free: 907M, Max: 512K regular, 652M humongous, Frag: 29% external, 0% internal; Reserve: 64000K, Max: 512K
[36.801s][info][gc,stats      ] 
[36.801s][info][gc,stats      ] All times are wall-clock times, except per-root-class counters, that are sum over
[36.801s][info][gc,stats      ] all workers. Dividing the <total> over the root stage time estimates parallelism.
[36.801s][info][gc,stats      ] 
[36.801s][info][gc,stats      ] Concurrent Reset                   5160 us
[36.801s][info][gc,stats      ] Pause Init Mark (G)                4835 us
[36.801s][info][gc,stats      ] Pause Init Mark (N)                4010 us
[36.801s][info][gc,stats      ]   Accumulate Stats                   38 us
[36.801s][info][gc,stats      ]   Make Parsable                      21 us
[36.801s][info][gc,stats      ]   Update Region States               83 us
[36.801s][info][gc,stats      ]   Scan Roots                       3738 us, parallelism: 0.87x
[36.801s][info][gc,stats      ]     S: <total>                     3266 us
[36.801s][info][gc,stats      ]     S: Thread Roots                1739 us, workers (us): 1739, 
[36.801s][info][gc,stats      ]     S: Universe Roots                 5 us, workers (us):   5, 
[36.801s][info][gc,stats      ]     S: JNI Handles Roots              3 us, workers (us):   3, 
[36.801s][info][gc,stats      ]     S: Synchronizer Roots             0 us, workers (us):   0, 
[36.801s][info][gc,stats      ]     S: Management Roots               2 us, workers (us):   2, 
[36.801s][info][gc,stats      ]     S: System Dict Roots             37 us, workers (us):  37, 
[36.801s][info][gc,stats      ]     S: CLDG Roots                  1480 us, workers (us): 1480, 
[36.801s][info][gc,stats      ]     S: JVMTI Roots                    1 us, workers (us):   1, 
[36.801s][info][gc,stats      ]   Resize TLABs                       38 us
[36.801s][info][gc,stats      ] Concurrent Marking               272302 us
[36.801s][info][gc,stats      ] Pause Final Mark (G)                513 us
[36.801s][info][gc,stats      ] Pause Final Mark (N)                371 us
[36.801s][info][gc,stats      ]   Finish Queues                      16 us
[36.801s][info][gc,stats      ]   System Purge                      265 us
[36.801s][info][gc,stats      ]     Weak Roots                      265 us
[36.801s][info][gc,stats      ]   Update Region States               41 us
[36.801s][info][gc,stats      ]   Retire TLABs                       17 us
[36.801s][info][gc,stats      ]   Choose Collection Set              15 us
[36.801s][info][gc,stats      ]   Rebuild Free Set                    9 us
[36.801s][info][gc,stats      ] Concurrent Cleanup                   60 us
[36.801s][info][gc,stats      ] 
[36.801s][info][gc,stats      ] Allocation pacing accrued:
[36.801s][info][gc,stats      ]       0 of   285 ms (  0.0%): <total>
[36.801s][info][gc,stats      ]       0 of   285 ms (  0.0%): <average total>
[36.801s][info][gc,stats      ] 
[36.801s][info][gc,metaspace  ] Metaspace: 60577K->60577K(1103872K)
[36.801s][info][gc,ergo       ] Pacer for Idle. Initial: 25600K, Alloc Tax Rate: 1.0x
[36.826s][info][gc            ] Trigger: Learning 4 of 5. Free (873M) is below initial threshold (875M)
[36.826s][info][gc,ergo       ] Free: 873M, Max: 512K regular, 652M humongous, Frag: 26% external, 0% internal; Reserve: 64000K, Max: 512K
[36.826s][info][gc,start      ] GC(44) Concurrent reset
[36.826s][info][gc,task       ] GC(44) Using 1 of 1 workers for concurrent reset
[36.826s][info][gc,ergo       ] GC(44) Pacer for Reset. Non-Taxable: 1250M
[36.827s][info][gc            ] GC(44) Concurrent reset 0.261ms
[36.829s][info][gc,start      ] GC(44) Pause Init Mark
[36.829s][info][gc,task       ] GC(44) Using 1 of 1 workers for init marking
[36.831s][info][gc,ergo       ] GC(44) Pacer for Mark. Expected Live: 166M, Free: 873M, Non-Taxable: 89395K, Alloc Tax Rate: 0.2x
[36.831s][info][gc            ] GC(44) Pause Init Mark 1.478ms
[36.831s][info][gc,start      ] GC(44) Concurrent marking
[36.831s][info][gc,task       ] GC(44) Using 1 of 1 workers for concurrent marking
[37.043s][info][gc            ] GC(44) Concurrent marking 212.062ms
[37.043s][info][gc,start      ] GC(44) Pause Final Mark
[37.043s][info][gc,task       ] GC(44) Using 1 of 1 workers for final marking
[37.044s][info][gc,ergo       ] GC(44) Collectable Garbage: 141M (96%), Immediate: 141M (96%), CSet: 0B (0%)
[37.044s][info][gc            ] GC(44) Pause Final Mark 0.379ms
[37.044s][info][gc,start      ] GC(44) Concurrent cleanup
[37.044s][info][gc            ] GC(44) Concurrent cleanup 443M->301M(541M) 0.058ms
[37.044s][info][gc,ergo       ] GC(44) Free: 884M, Max: 512K regular, 670M humongous, Frag: 25% external, 0% internal; Reserve: 64000K, Max: 512K
[37.044s][info][gc,ergo       ] Free: 884M, Max: 512K regular, 670M humongous, Frag: 25% external, 0% internal; Reserve: 64000K, Max: 512K
[37.044s][info][gc,stats      ] 
[37.044s][info][gc,stats      ] All times are wall-clock times, except per-root-class counters, that are sum over
[37.044s][info][gc,stats      ] all workers. Dividing the <total> over the root stage time estimates parallelism.
[37.044s][info][gc,stats      ] 
[37.044s][info][gc,stats      ] Concurrent Reset                    252 us
[37.044s][info][gc,stats      ] Pause Init Mark (G)                4319 us
[37.044s][info][gc,stats      ] Pause Init Mark (N)                1452 us
[37.044s][info][gc,stats      ]   Accumulate Stats                   18 us
[37.044s][info][gc,stats      ]   Make Parsable                      13 us
[37.044s][info][gc,stats      ]   Update Region States               32 us
[37.044s][info][gc,stats      ]   Scan Roots                       1346 us, parallelism: 0.79x
[37.044s][info][gc,stats      ]     S: <total>                     1069 us
[37.044s][info][gc,stats      ]     S: Thread Roots                 462 us, workers (us): 462, 
[37.044s][info][gc,stats      ]     S: Universe Roots                 3 us, workers (us):   3, 
[37.044s][info][gc,stats      ]     S: JNI Handles Roots              1 us, workers (us):   1, 
[37.044s][info][gc,stats      ]     S: Synchronizer Roots             0 us, workers (us):   0, 
[37.044s][info][gc,stats      ]     S: Management Roots               2 us, workers (us):   2, 
[37.044s][info][gc,stats      ]     S: System Dict Roots             11 us, workers (us):  11, 
[37.044s][info][gc,stats      ]     S: CLDG Roots                   588 us, workers (us): 588, 
[37.044s][info][gc,stats      ]     S: JVMTI Roots                    0 us, workers (us):   0, 
[37.044s][info][gc,stats      ]   Resize TLABs                       10 us
[37.044s][info][gc,stats      ] Concurrent Marking               212054 us
[37.044s][info][gc,stats      ] Pause Final Mark (G)                532 us
[37.044s][info][gc,stats      ] Pause Final Mark (N)                358 us
[37.044s][info][gc,stats      ]   Finish Queues                      19 us
[37.044s][info][gc,stats      ]   System Purge                      255 us
[37.044s][info][gc,stats      ]     Weak Roots                      255 us
[37.044s][info][gc,stats      ]   Update Region States               42 us
[37.044s][info][gc,stats      ]   Retire TLABs                       11 us
[37.044s][info][gc,stats      ]   Choose Collection Set              14 us
[37.044s][info][gc,stats      ]   Rebuild Free Set                    9 us
[37.044s][info][gc,stats      ] Concurrent Cleanup                   51 us
[37.044s][info][gc,stats      ] 
[37.044s][info][gc,stats      ] Allocation pacing accrued:
[37.044s][info][gc,stats      ]       0 of   243 ms (  0.0%): <total>
[37.044s][info][gc,stats      ]       0 of   243 ms (  0.0%): <average total>
[37.044s][info][gc,stats      ] 
[37.044s][info][gc,metaspace  ] Metaspace: 60577K->60577K(1103872K)
[37.044s][info][gc,ergo       ] Pacer for Idle. Initial: 25600K, Alloc Tax Rate: 1.0x
[37.053s][info][gc            ] Trigger: Learning 5 of 5. Free (872M) is below initial threshold (875M)
[37.053s][info][gc,ergo       ] Free: 872M, Max: 512K regular, 670M humongous, Frag: 24% external, 0% internal; Reserve: 64000K, Max: 512K
[37.053s][info][gc,start      ] GC(45) Concurrent reset
[37.053s][info][gc,task       ] GC(45) Using 1 of 1 workers for concurrent reset
[37.053s][info][gc,ergo       ] GC(45) Pacer for Reset. Non-Taxable: 1250M
[37.053s][info][gc            ] GC(45) Concurrent reset 0.253ms
[37.056s][info][gc,start      ] GC(45) Pause Init Mark (process weakrefs)
[37.056s][info][gc,task       ] GC(45) Using 1 of 1 workers for init marking
[37.058s][info][gc,ergo       ] GC(45) Pacer for Mark. Expected Live: 167M, Free: 872M, Non-Taxable: 89292K, Alloc Tax Rate: 0.2x
[37.058s][info][gc            ] GC(45) Pause Init Mark (process weakrefs) 1.511ms
[37.058s][info][gc,start      ] GC(45) Concurrent marking (process weakrefs)
[37.058s][info][gc,task       ] GC(45) Using 1 of 1 workers for concurrent marking
[37.303s][info][gc            ] GC(45) Concurrent marking (process weakrefs) 245.852ms
[37.304s][info][gc,start      ] GC(45) Concurrent precleaning
[37.304s][info][gc,task       ] GC(45) Using 1 of 1 workers for concurrent preclean
[37.304s][info][gc,ergo       ] GC(45) Pacer for Precleaning. Non-Taxable: 1250M
[37.311s][info][gc            ] GC(45) Concurrent precleaning 7.827ms
[37.314s][info][gc,start      ] GC(45) Pause Final Mark (process weakrefs)
[37.314s][info][gc,task       ] GC(45) Using 1 of 1 workers for final marking
[37.315s][info][gc,ergo       ] GC(45) Collectable Garbage: 142M (96%), Immediate: 142M (96%), CSet: 0B (0%)
[37.315s][info][gc            ] GC(45) Pause Final Mark (process weakrefs) 0.456ms
[37.315s][info][gc,start      ] GC(45) Concurrent cleanup
[37.315s][info][gc            ] GC(45) Concurrent cleanup 446M->304M(541M) 0.069ms
[37.315s][info][gc,ergo       ] GC(45) Free: 881M, Max: 512K regular, 739M humongous, Frag: 17% external, 0% internal; Reserve: 64000K, Max: 512K
[37.315s][info][gc,ergo       ] Free: 881M, Max: 512K regular, 739M humongous, Frag: 17% external, 0% internal; Reserve: 64000K, Max: 512K
[37.315s][info][gc,stats      ] 
[37.315s][info][gc,stats      ] All times are wall-clock times, except per-root-class counters, that are sum over
[37.315s][info][gc,stats      ] all workers. Dividing the <total> over the root stage time estimates parallelism.
[37.315s][info][gc,stats      ] 
[37.315s][info][gc,stats      ] Concurrent Reset                    245 us
[37.315s][info][gc,stats      ] Pause Init Mark (G)                4341 us
[37.315s][info][gc,stats      ] Pause Init Mark (N)                1481 us
[37.315s][info][gc,stats      ]   Accumulate Stats                   18 us
[37.315s][info][gc,stats      ]   Make Parsable                      12 us
[37.315s][info][gc,stats      ]   Update Region States               37 us
[37.315s][info][gc,stats      ]   Scan Roots                       1359 us, parallelism: 0.79x
[37.315s][info][gc,stats      ]     S: <total>                     1079 us
[37.315s][info][gc,stats      ]     S: Thread Roots                 474 us, workers (us): 474, 
[37.315s][info][gc,stats      ]     S: Universe Roots                 3 us, workers (us):   3, 
[37.315s][info][gc,stats      ]     S: JNI Handles Roots              1 us, workers (us):   1, 
[37.315s][info][gc,stats      ]     S: Synchronizer Roots             0 us, workers (us):   0, 
[37.315s][info][gc,stats      ]     S: Management Roots               1 us, workers (us):   1, 
[37.315s][info][gc,stats      ]     S: System Dict Roots             11 us, workers (us):  11, 
[37.315s][info][gc,stats      ]     S: CLDG Roots                   589 us, workers (us): 589, 
[37.315s][info][gc,stats      ]     S: JVMTI Roots                    0 us, workers (us):   0, 
[37.315s][info][gc,stats      ]   Resize TLABs                       12 us
[37.315s][info][gc,stats      ] Concurrent Marking               245842 us
[37.315s][info][gc,stats      ] Concurrent Precleaning             7795 us
[37.315s][info][gc,stats      ] Pause Final Mark (G)               3269 us
[37.315s][info][gc,stats      ] Pause Final Mark (N)                436 us
[37.315s][info][gc,stats      ]   Finish Queues                      36 us
[37.315s][info][gc,stats      ]   Weak References                    23 us
[37.315s][info][gc,stats      ]     Process                          21 us
[37.315s][info][gc,stats      ]   System Purge                      283 us
[37.315s][info][gc,stats      ]     Weak Roots                      283 us
[37.315s][info][gc,stats      ]   Update Region States               43 us
[37.315s][info][gc,stats      ]   Retire TLABs                       21 us
[37.315s][info][gc,stats      ]   Choose Collection Set              14 us
[37.315s][info][gc,stats      ]   Rebuild Free Set                    8 us
[37.315s][info][gc,stats      ] Concurrent Cleanup                   60 us
[37.315s][info][gc,stats      ] Pacing                             8366 us
[37.315s][info][gc,stats      ] 
[37.315s][info][gc,stats      ] Allocation pacing accrued:
[37.315s][info][gc,stats      ]       8 of   271 ms (  3.1%): Executor task launch worker for task 0.0 in stage 16.0 (TID 16)
[37.315s][info][gc,stats      ]       8 of   271 ms (  3.1%): <total>
[37.315s][info][gc,stats      ]       0 of   271 ms (  0.0%): <average total>
[37.315s][info][gc,stats      ]       8 of   271 ms (  3.1%): <average non-zero>
[37.315s][info][gc,stats      ] 
[37.315s][info][gc,metaspace  ] Metaspace: 60577K->60581K(1103872K)
[37.315s][info][gc,ergo       ] Pacer for Idle. Initial: 25600K, Alloc Tax Rate: 1.0x
[37.812s][info][gc            ] Trigger: Average GC time (327.52 ms) is above the time for allocation rate (877 MB/s) to deplete free headroom (286M)
[37.812s][info][gc,ergo       ] Free headroom: 349M (free) - 64000K (spike) - 0B (penalties) = 286M
[37.812s][info][gc,ergo       ] Free: 349M, Max: 512K regular, 349M humongous, Frag: 0% external, 0% internal; Reserve: 64000K, Max: 512K
[37.812s][info][gc,start      ] GC(46) Concurrent reset
[37.812s][info][gc,task       ] GC(46) Using 1 of 1 workers for concurrent reset
[37.812s][info][gc,ergo       ] GC(46) Pacer for Reset. Non-Taxable: 1250M
[37.813s][info][gc            ] GC(46) Concurrent reset 0.333ms
[37.816s][info][gc,start      ] GC(46) Pause Init Mark
[37.816s][info][gc,task       ] GC(46) Using 1 of 1 workers for init marking
[37.817s][info][gc,ergo       ] GC(46) Pacer for Mark. Expected Live: 167M, Free: 349M, Non-Taxable: 35737K, Alloc Tax Rate: 0.6x
[37.817s][info][gc            ] GC(46) Pause Init Mark 1.538ms
[37.817s][info][gc,start      ] GC(46) Concurrent marking
[37.817s][info][gc,task       ] GC(46) Using 1 of 1 workers for concurrent marking
[37.994s][info][gc            ] GC(46) Concurrent marking 176.771ms
[37.994s][info][gc,start      ] GC(46) Pause Final Mark
[37.994s][info][gc,task       ] GC(46) Using 1 of 1 workers for final marking
[37.995s][info][gc,ergo       ] GC(46) Collectable Garbage: 660M (98%), Immediate: 660M (98%), CSet: 0B (0%)
[37.995s][info][gc            ] GC(46) Pause Final Mark 0.370ms
[37.995s][info][gc,start      ] GC(46) Concurrent cleanup
[37.995s][info][gc            ] GC(46) Concurrent cleanup 890M->230M(894M) 0.101ms
[37.995s][info][gc,ergo       ] GC(46) Free: 956M, Max: 512K regular, 295M humongous, Frag: 70% external, 0% internal; Reserve: 64000K, Max: 512K
[37.995s][info][gc,ergo       ] Free: 956M, Max: 512K regular, 295M humongous, Frag: 70% external, 0% internal; Reserve: 64000K, Max: 512K
[37.995s][info][gc,stats      ] 
[37.995s][info][gc,stats      ] All times are wall-clock times, except per-root-class counters, that are sum over
[37.995s][info][gc,stats      ] all workers. Dividing the <total> over the root stage time estimates parallelism.
[37.995s][info][gc,stats      ] 
[37.995s][info][gc,stats      ] Concurrent Reset                    324 us
[37.995s][info][gc,stats      ] Pause Init Mark (G)                4528 us
[37.995s][info][gc,stats      ] Pause Init Mark (N)                1513 us
[37.995s][info][gc,stats      ]   Accumulate Stats                   19 us
[37.995s][info][gc,stats      ]   Make Parsable                      16 us
[37.995s][info][gc,stats      ]   Update Region States               32 us
[37.995s][info][gc,stats      ]   Scan Roots                       1397 us, parallelism: 0.80x
[37.995s][info][gc,stats      ]     S: <total>                     1117 us
[37.995s][info][gc,stats      ]     S: Thread Roots                 515 us, workers (us): 515, 
[37.995s][info][gc,stats      ]     S: Universe Roots                 3 us, workers (us):   3, 
[37.995s][info][gc,stats      ]     S: JNI Handles Roots              1 us, workers (us):   1, 
[37.995s][info][gc,stats      ]     S: Synchronizer Roots             0 us, workers (us):   0, 
[37.995s][info][gc,stats      ]     S: Management Roots               2 us, workers (us):   2, 
[37.995s][info][gc,stats      ]     S: System Dict Roots             12 us, workers (us):  12, 
[37.995s][info][gc,stats      ]     S: CLDG Roots                   583 us, workers (us): 583, 
[37.995s][info][gc,stats      ]     S: JVMTI Roots                    0 us, workers (us):   0, 
[37.995s][info][gc,stats      ]   Resize TLABs                       15 us
[37.995s][info][gc,stats      ] Concurrent Marking               176762 us
[37.995s][info][gc,stats      ] Pause Final Mark (G)                504 us
[37.995s][info][gc,stats      ] Pause Final Mark (N)                360 us
[37.995s][info][gc,stats      ]   Finish Queues                      14 us
[37.995s][info][gc,stats      ]   System Purge                      256 us
[37.995s][info][gc,stats      ]     Weak Roots                      255 us
[37.995s][info][gc,stats      ]   Update Region States               38 us
[37.995s][info][gc,stats      ]   Retire TLABs                       19 us
[37.995s][info][gc,stats      ]   Choose Collection Set              18 us
[37.995s][info][gc,stats      ]   Rebuild Free Set                    8 us
[37.995s][info][gc,stats      ] Concurrent Cleanup                   93 us
[37.995s][info][gc,stats      ] Pacing                            61582 us
[37.995s][info][gc,stats      ] 
[37.995s][info][gc,stats      ] Allocation pacing accrued:
[37.995s][info][gc,stats      ]      62 of   680 ms (  9.1%): Executor task launch worker for task 0.0 in stage 16.0 (TID 16)
[37.995s][info][gc,stats      ]      62 of   680 ms (  9.1%): <total>
[37.995s][info][gc,stats      ]       0 of   680 ms (  0.1%): <average total>
[37.995s][info][gc,stats      ]      62 of   680 ms (  9.1%): <average non-zero>
[37.995s][info][gc,stats      ] 
[37.995s][info][gc,metaspace  ] Metaspace: 60583K->60583K(1103872K)
[37.995s][info][gc,ergo       ] Pacer for Idle. Initial: 25600K, Alloc Tax Rate: 1.0x
[38.498s][info][gc            ] Trigger: Average GC time (335.05 ms) is above the time for allocation rate (929 MB/s) to deplete free headroom (309M)
[38.498s][info][gc,ergo       ] Free headroom: 372M (free) - 64000K (spike) - 0B (penalties) = 309M
[38.498s][info][gc,ergo       ] Free: 372M, Max: 512K regular, 295M humongous, Frag: 21% external, 0% internal; Reserve: 64000K, Max: 512K
[38.498s][info][gc,start      ] GC(47) Concurrent reset
[38.498s][info][gc,task       ] GC(47) Using 1 of 1 workers for concurrent reset
[38.498s][info][gc,ergo       ] GC(47) Pacer for Reset. Non-Taxable: 1250M
[38.499s][info][gc            ] GC(47) Concurrent reset 0.331ms
[38.501s][info][gc,start      ] GC(47) Pause Init Mark
[38.501s][info][gc,task       ] GC(47) Using 1 of 1 workers for init marking
[38.503s][info][gc,ergo       ] GC(47) Pacer for Mark. Expected Live: 167M, Free: 372M, Non-Taxable: 38092K, Alloc Tax Rate: 0.5x
[38.503s][info][gc            ] GC(47) Pause Init Mark 1.609ms
[38.503s][info][gc,start      ] GC(47) Concurrent marking
[38.503s][info][gc,task       ] GC(47) Using 1 of 1 workers for concurrent marking
[38.656s][info][gc            ] GC(47) Concurrent marking 153.545ms
[38.656s][info][gc,start      ] GC(47) Pause Final Mark
[38.656s][info][gc,task       ] GC(47) Using 1 of 1 workers for final marking
[38.657s][info][gc,ergo       ] GC(47) Collectable Garbage: 637M (98%), Immediate: 637M (98%), CSet: 0B (0%)
[38.657s][info][gc            ] GC(47) Pause Final Mark 0.432ms
[38.662s][info][gc,start      ] GC(47) Concurrent cleanup
[38.662s][info][gc            ] GC(47) Concurrent cleanup 870M->240M(894M) 0.111ms
[38.662s][info][gc,ergo       ] GC(47) Free: 945M, Max: 512K regular, 369M humongous, Frag: 61% external, 0% internal; Reserve: 64000K, Max: 512K
[38.662s][info][gc,ergo       ] Free: 945M, Max: 512K regular, 369M humongous, Frag: 61% external, 0% internal; Reserve: 64000K, Max: 512K
[38.662s][info][gc,stats      ] 
[38.662s][info][gc,stats      ] All times are wall-clock times, except per-root-class counters, that are sum over
[38.662s][info][gc,stats      ] all workers. Dividing the <total> over the root stage time estimates parallelism.
[38.662s][info][gc,stats      ] 
[38.662s][info][gc,stats      ] Concurrent Reset                    320 us
[38.662s][info][gc,stats      ] Pause Init Mark (G)                3910 us
[38.662s][info][gc,stats      ] Pause Init Mark (N)                1516 us
[38.662s][info][gc,stats      ]   Accumulate Stats                   25 us
[38.662s][info][gc,stats      ]   Make Parsable                      13 us
[38.662s][info][gc,stats      ]   Update Region States               49 us
[38.662s][info][gc,stats      ]   Scan Roots                       1382 us, parallelism: 0.80x
[38.662s][info][gc,stats      ]     S: <total>                     1105 us
[38.662s][info][gc,stats      ]     S: Thread Roots                 507 us, workers (us): 507, 
[38.662s][info][gc,stats      ]     S: Universe Roots                 3 us, workers (us):   3, 
[38.663s][info][gc,stats      ]     S: JNI Handles Roots              2 us, workers (us):   2, 
[38.663s][info][gc,stats      ]     S: Synchronizer Roots             0 us, workers (us):   0, 
[38.663s][info][gc,stats      ]     S: Management Roots               2 us, workers (us):   2, 
[38.663s][info][gc,stats      ]     S: System Dict Roots             12 us, workers (us):  12, 
[38.663s][info][gc,stats      ]     S: CLDG Roots                   578 us, workers (us): 578, 
[38.663s][info][gc,stats      ]     S: JVMTI Roots                    1 us, workers (us):   1, 
[38.663s][info][gc,stats      ]   Resize TLABs                       10 us
[38.663s][info][gc,stats      ] Concurrent Marking               153536 us
[38.663s][info][gc,stats      ] Pause Final Mark (G)               6032 us
[38.663s][info][gc,stats      ] Pause Final Mark (N)                422 us
[38.663s][info][gc,stats      ]   Finish Queues                      40 us
[38.663s][info][gc,stats      ]   System Purge                      286 us
[38.663s][info][gc,stats      ]     Weak Roots                      286 us
[38.663s][info][gc,stats      ]   Update Region States               38 us
[38.663s][info][gc,stats      ]   Retire TLABs                       17 us
[38.663s][info][gc,stats      ]   Choose Collection Set              23 us
[38.663s][info][gc,stats      ]   Rebuild Free Set                    8 us
[38.663s][info][gc,stats      ] Concurrent Cleanup                   91 us
[38.663s][info][gc,stats      ] Pacing                            71004 us
[38.663s][info][gc,stats      ] 
[38.663s][info][gc,stats      ] Allocation pacing accrued:
[38.663s][info][gc,stats      ]      71 of   668 ms ( 10.6%): Executor task launch worker for task 0.0 in stage 16.0 (TID 16)
[38.663s][info][gc,stats      ]      71 of   668 ms ( 10.6%): <total>
[38.663s][info][gc,stats      ]       0 of   668 ms (  0.1%): <average total>
[38.663s][info][gc,stats      ]      71 of   668 ms ( 10.6%): <average non-zero>
[38.663s][info][gc,stats      ] 
[38.663s][info][gc,metaspace  ] Metaspace: 60583K->60583K(1103872K)
[38.663s][info][gc,ergo       ] Pacer for Idle. Initial: 25600K, Alloc Tax Rate: 1.0x
[38.907s][info][gc            ] Trigger: Explicit GC request (System.gc())
[38.908s][info][gc,ergo       ] Free: 709M, Max: 512K regular, 369M humongous, Frag: 48% external, 0% internal; Reserve: 64000K, Max: 512K
[38.908s][info][gc,start      ] GC(48) Concurrent reset
[38.908s][info][gc,task       ] GC(48) Using 1 of 1 workers for concurrent reset
[38.908s][info][gc,ergo       ] GC(48) Pacer for Reset. Non-Taxable: 1250M
[38.908s][info][gc            ] GC(48) Concurrent reset 0.294ms
[38.908s][info][gc,start      ] GC(48) Pause Init Mark (process weakrefs) (unload classes)
[38.908s][info][gc,task       ] GC(48) Using 1 of 1 workers for init marking
[38.909s][info][gc,ergo       ] GC(48) Pacer for Mark. Expected Live: 167M, Free: 709M, Non-Taxable: 72601K, Alloc Tax Rate: 0.3x
[38.909s][info][gc            ] GC(48) Pause Init Mark (process weakrefs) (unload classes) 0.985ms
[38.909s][info][gc,start      ] GC(48) Concurrent marking (process weakrefs) (unload classes)
[38.909s][info][gc,task       ] GC(48) Using 1 of 1 workers for concurrent marking
[39.120s][info][gc            ] GC(48) Concurrent marking (process weakrefs) (unload classes) 210.947ms
[39.120s][info][gc,start      ] GC(48) Concurrent precleaning
[39.120s][info][gc,task       ] GC(48) Using 1 of 1 workers for concurrent preclean
[39.120s][info][gc,ergo       ] GC(48) Pacer for Precleaning. Non-Taxable: 1250M
[39.127s][info][gc            ] GC(48) Concurrent precleaning 6.388ms
[39.127s][info][gc,start      ] GC(48) Pause Final Mark (process weakrefs) (unload classes)
[39.127s][info][gc,task       ] GC(48) Using 1 of 1 workers for final marking
[39.153s][info][gc,stringtable] GC(48) Cleaned string and symbol table, strings: 18540 processed, 0 removed, symbols: 131964 processed, 200 removed
[39.153s][info][gc,ergo       ] GC(48) Collectable Garbage: 299M (96%), Immediate: 299M (96%), CSet: 0B (0%)
[39.154s][info][gc            ] GC(48) Pause Final Mark (process weakrefs) (unload classes) 26.451ms
[39.154s][info][gc,start      ] GC(48) Concurrent cleanup
[39.154s][info][gc            ] GC(48) Concurrent cleanup 476M->177M(894M) 0.073ms
[39.154s][info][gc,ergo       ] GC(48) Free: 1008M, Max: 512K regular, 743M humongous, Frag: 27% external, 0% internal; Reserve: 64000K, Max: 512K
[39.154s][info][gc,ergo       ] Free: 1008M, Max: 512K regular, 743M humongous, Frag: 27% external, 0% internal; Reserve: 64000K, Max: 512K
[39.154s][info][gc,stats      ] 
[39.154s][info][gc,stats      ] All times are wall-clock times, except per-root-class counters, that are sum over
[39.154s][info][gc,stats      ] all workers. Dividing the <total> over the root stage time estimates parallelism.
[39.154s][info][gc,stats      ] 
[39.154s][info][gc,stats      ] Concurrent Reset                    280 us
[39.154s][info][gc,stats      ] Pause Init Mark (G)                1288 us
[39.154s][info][gc,stats      ] Pause Init Mark (N)                 969 us
[39.154s][info][gc,stats      ]   Accumulate Stats                   18 us
[39.154s][info][gc,stats      ]   Make Parsable                      16 us
[39.154s][info][gc,stats      ]   Update Region States               26 us
[39.154s][info][gc,stats      ]   Scan Roots                        881 us, parallelism: 0.63x
[39.154s][info][gc,stats      ]     S: <total>                      559 us
[39.154s][info][gc,stats      ]     S: Thread Roots                 446 us, workers (us): 446, 
[39.154s][info][gc,stats      ]     S: Universe Roots                 3 us, workers (us):   3, 
[39.154s][info][gc,stats      ]     S: JNI Handles Roots              1 us, workers (us):   1, 
[39.154s][info][gc,stats      ]     S: Synchronizer Roots             0 us, workers (us):   0, 
[39.154s][info][gc,stats      ]     S: Management Roots               1 us, workers (us):   1, 
[39.154s][info][gc,stats      ]     S: System Dict Roots             11 us, workers (us):  11, 
[39.154s][info][gc,stats      ]     S: CLDG Roots                    96 us, workers (us):  96, 
[39.154s][info][gc,stats      ]     S: JVMTI Roots                    0 us, workers (us):   0, 
[39.154s][info][gc,stats      ]   Resize TLABs                        6 us
[39.154s][info][gc,stats      ] Concurrent Marking               210938 us
[39.154s][info][gc,stats      ] Concurrent Precleaning             6368 us
[39.154s][info][gc,stats      ] Pause Final Mark (G)              26773 us
[39.154s][info][gc,stats      ] Pause Final Mark (N)              26440 us
[39.154s][info][gc,stats      ]   Finish Queues                     113 us
[39.154s][info][gc,stats      ]   Weak References                    53 us
[39.154s][info][gc,stats      ]     Process                          51 us
[39.154s][info][gc,stats      ]   System Purge                      301 us
[39.154s][info][gc,stats      ]     Unload Classes                 1058 us
[39.154s][info][gc,stats      ]     Cleanup                       24560 us, parallelism: 1.00x
[39.154s][info][gc,stats      ]       CU: <total>                 24493 us
[39.154s][info][gc,stats      ]       CU: Code Cache Roots        10652 us, workers (us): 10652, 
[39.154s][info][gc,stats      ]       CU: Code Cache Cleaning      1588 us, workers (us): 1588, 
[39.154s][info][gc,stats      ]       CU: String Table Roots       5989 us, workers (us): 5989, 
[39.154s][info][gc,stats      ]       CU: Resolved Table Roots      136 us, workers (us): 136, 
[39.154s][info][gc,stats      ]       CU: CLDG Roots               6128 us, workers (us): 6128, 
[39.154s][info][gc,stats      ]     Weak Roots                      300 us
[39.154s][info][gc,stats      ]     CLDG                            230 us
[39.154s][info][gc,stats      ]   Update Region States               45 us
[39.154s][info][gc,stats      ]   Retire TLABs                       42 us
[39.154s][info][gc,stats      ]   Choose Collection Set              18 us
[39.154s][info][gc,stats      ]   Rebuild Free Set                   11 us
[39.154s][info][gc,stats      ] Concurrent Cleanup                   63 us
[39.154s][info][gc,stats      ] 
[39.154s][info][gc,stats      ] Allocation pacing accrued:
[39.154s][info][gc,stats      ]       0 of   491 ms (  0.0%): <total>
[39.154s][info][gc,stats      ]       0 of   491 ms (  0.0%): <average total>
[39.154s][info][gc,stats      ] 
[39.154s][info][gc,metaspace  ] Metaspace: 60619K->60241K(1103872K)
[39.154s][info][gc,ergo       ] Pacer for Idle. Initial: 25600K, Alloc Tax Rate: 1.0x
[39.154s][info][gc,start      ] Concurrent uncommit
[39.201s][info][gc            ] Concurrent uncommit 177M->177M(180M) 47.210ms
[39.732s][info][gc            ] Trigger: Learning 2 of 5. Free (873M) is below initial threshold (875M)
[39.732s][info][gc,ergo       ] Free: 873M, Max: 512K regular, 743M humongous, Frag: 15% external, 0% internal; Reserve: 64000K, Max: 512K
[39.732s][info][gc,start      ] GC(49) Concurrent reset
[39.732s][info][gc,task       ] GC(49) Using 1 of 1 workers for concurrent reset
[39.733s][info][gc,ergo       ] GC(49) Pacer for Reset. Non-Taxable: 1250M
[39.733s][info][gc            ] GC(49) Concurrent reset 0.313ms
[39.738s][info][gc,start      ] GC(49) Pause Init Mark
[39.738s][info][gc,task       ] GC(49) Using 1 of 1 workers for init marking
[39.740s][info][gc,ergo       ] GC(49) Pacer for Mark. Expected Live: 167M, Free: 873M, Non-Taxable: 89497K, Alloc Tax Rate: 0.2x
[39.740s][info][gc            ] GC(49) Pause Init Mark 1.658ms
[39.740s][info][gc,start      ] GC(49) Concurrent marking
[39.740s][info][gc,task       ] GC(49) Using 1 of 1 workers for concurrent marking
[40.093s][info][gc            ] GC(49) Concurrent marking 352.694ms
[40.106s][info][gc,start      ] GC(49) Pause Final Mark
[40.106s][info][gc,task       ] GC(49) Using 1 of 1 workers for final marking
[40.107s][info][gc,ergo       ] GC(49) Adaptive CSet Selection. Target Free: 177M, Actual Free: 945M, Max CSet: 53333K, Min Garbage: 0B
[40.107s][info][gc,ergo       ] GC(49) Collectable Garbage: 140M (98%), Immediate: 110M (77%), CSet: 30961K (21%)
[40.109s][info][gc,ergo       ] GC(49) Pacer for Evacuation. Used CSet: 32745K, Free: 885M, Non-Taxable: 90675K, Alloc Tax Rate: 1.1x
[40.109s][info][gc            ] GC(49) Pause Final Mark 3.042ms
[40.109s][info][gc,start      ] GC(49) Concurrent cleanup
[40.109s][info][gc            ] GC(49) Concurrent cleanup 411M->300M(415M) 0.061ms
[40.109s][info][gc,ergo       ] GC(49) Free: 885M, Max: 512K regular, 743M humongous, Frag: 17% external, 0% internal; Reserve: 63744K, Max: 512K
[40.109s][info][gc,start      ] GC(49) Concurrent evacuation
[40.109s][info][gc,task       ] GC(49) Using 1 of 1 workers for concurrent evacuation
[40.113s][info][gc            ] GC(49) Concurrent evacuation 4.058ms
[40.119s][info][gc,start      ] GC(49) Pause Init Update Refs
[40.119s][info][gc,ergo       ] GC(49) Pacer for Update Refs. Used: 305M, Free: 883M, Non-Taxable: 90419K, Alloc Tax Rate: 1.1x
[40.119s][info][gc            ] GC(49) Pause Init Update Refs 0.068ms
[40.119s][info][gc,start      ] GC(49) Concurrent update references
[40.119s][info][gc,task       ] GC(49) Using 1 of 1 workers for concurrent reference update
[40.527s][info][gc            ] GC(49) Concurrent update references 407.666ms
[40.530s][info][gc,start      ] GC(49) Pause Final Update Refs
[40.530s][info][gc,task       ] GC(49) Using 1 of 1 workers for final reference update
[40.531s][info][gc            ] GC(49) Pause Final Update Refs 0.692ms
[40.531s][info][gc,start      ] GC(49) Concurrent cleanup
[40.531s][info][gc            ] GC(49) Concurrent cleanup 453M->421M(455M) 0.052ms
[40.531s][info][gc,ergo       ] Free: 764M, Max: 512K regular, 734M humongous, Frag: 4% external, 0% internal; Reserve: 64000K, Max: 512K
[40.531s][info][gc,stats      ] 
[40.531s][info][gc,stats      ] All times are wall-clock times, except per-root-class counters, that are sum over
[40.531s][info][gc,stats      ] all workers. Dividing the <total> over the root stage time estimates parallelism.
[40.531s][info][gc,stats      ] 
[40.531s][info][gc,stats      ] Concurrent Reset                    298 us
[40.531s][info][gc,stats      ] Pause Init Mark (G)                7260 us
[40.531s][info][gc,stats      ] Pause Init Mark (N)                1613 us
[40.531s][info][gc,stats      ]   Accumulate Stats                   20 us
[40.531s][info][gc,stats      ]   Make Parsable                      21 us
[40.531s][info][gc,stats      ]   Update Region States               47 us
[40.531s][info][gc,stats      ]   Scan Roots                       1479 us, parallelism: 0.81x
[40.531s][info][gc,stats      ]     S: <total>                     1201 us
[40.531s][info][gc,stats      ]     S: Thread Roots                 566 us, workers (us): 566, 
[40.531s][info][gc,stats      ]     S: Universe Roots                 3 us, workers (us):   3, 
[40.531s][info][gc,stats      ]     S: JNI Handles Roots              2 us, workers (us):   2, 
[40.531s][info][gc,stats      ]     S: Synchronizer Roots             0 us, workers (us):   0, 
[40.531s][info][gc,stats      ]     S: Management Roots               1 us, workers (us):   1, 
[40.531s][info][gc,stats      ]     S: System Dict Roots             10 us, workers (us):  10, 
[40.531s][info][gc,stats      ]     S: CLDG Roots                   618 us, workers (us): 618, 
[40.531s][info][gc,stats      ]     S: JVMTI Roots                    1 us, workers (us):   1, 
[40.531s][info][gc,stats      ]   Resize TLABs                       12 us
[40.531s][info][gc,stats      ] Concurrent Marking               352685 us
[40.531s][info][gc,stats      ] Pause Final Mark (G)              16458 us
[40.531s][info][gc,stats      ] Pause Final Mark (N)               2974 us
[40.531s][info][gc,stats      ]   Finish Queues                      35 us
[40.531s][info][gc,stats      ]   System Purge                      273 us
[40.531s][info][gc,stats      ]     Weak Roots                      273 us
[40.531s][info][gc,stats      ]   Update Region States               44 us
[40.531s][info][gc,stats      ]   Retire TLABs                       22 us
[40.531s][info][gc,stats      ]   Choose Collection Set              61 us
[40.531s][info][gc,stats      ]   Rebuild Free Set                    9 us
[40.531s][info][gc,stats      ]   Initial Evacuation               2519 us, parallelism: 0.65x
[40.531s][info][gc,stats      ]     E: <total>                     1636 us
[40.531s][info][gc,stats      ]     E: Thread Roots                 628 us, workers (us): 628, 
[40.531s][info][gc,stats      ]     E: Code Cache Roots             373 us, workers (us): 373, 
[40.531s][info][gc,stats      ]     E: Universe Roots                 2 us, workers (us):   2, 
[40.531s][info][gc,stats      ]     E: JNI Handles Roots              1 us, workers (us):   1, 
[40.531s][info][gc,stats      ]     E: Synchronizer Roots             0 us, workers (us):   0, 
[40.531s][info][gc,stats      ]     E: Management Roots               2 us, workers (us):   2, 
[40.531s][info][gc,stats      ]     E: System Dict Roots             45 us, workers (us):  45, 
[40.531s][info][gc,stats      ]     E: CLDG Roots                   584 us, workers (us): 584, 
[40.531s][info][gc,stats      ]     E: JVMTI Roots                    1 us, workers (us):   1, 
[40.531s][info][gc,stats      ] Concurrent Cleanup                   53 us
[40.531s][info][gc,stats      ] Concurrent Evacuation              4048 us
[40.531s][info][gc,stats      ] Pause Init  Update Refs (G)        5728 us
[40.531s][info][gc,stats      ] Pause Init  Update Refs (N)          20 us
[40.531s][info][gc,stats      ]   Retire GCLABs                      12 us
[40.531s][info][gc,stats      ] Concurrent Update Refs           407650 us
[40.531s][info][gc,stats      ] Pause Final Update Refs (G)        3672 us
[40.531s][info][gc,stats      ] Pause Final Update Refs (N)         575 us
[40.531s][info][gc,stats      ]   Update Roots                      496 us, parallelism: 0.98x
[40.531s][info][gc,stats      ]     UR: <total>                     485 us
[40.531s][info][gc,stats      ]     UR: Thread Roots                485 us, workers (us): 485, 
[40.531s][info][gc,stats      ]   Update Region States               42 us
[40.531s][info][gc,stats      ]   Trash Collection Set                2 us
[40.531s][info][gc,stats      ]   Rebuild Free Set                    9 us
[40.531s][info][gc,stats      ] Concurrent Cleanup                   44 us
[40.531s][info][gc,stats      ] 
[40.531s][info][gc,stats      ] Allocation pacing accrued:
[40.531s][info][gc,stats      ]       0 of  1377 ms (  0.0%): <total>
[40.531s][info][gc,stats      ]       0 of  1377 ms (  0.0%): <average total>
[40.531s][info][gc,stats      ] 
[40.531s][info][gc,metaspace  ] Metaspace: 60644K->60644K(1103872K)
[40.531s][info][gc,ergo       ] Pacer for Idle. Initial: 25600K, Alloc Tax Rate: 1.0x
[40.533s][info][gc            ] Trigger: Learning 3 of 5. Free (762M) is below initial threshold (875M)
[40.533s][info][gc,ergo       ] Free: 762M, Max: 512K regular, 734M humongous, Frag: 4% external, 0% internal; Reserve: 64000K, Max: 512K
[40.533s][info][gc,start      ] GC(50) Concurrent reset
[40.533s][info][gc,task       ] GC(50) Using 1 of 1 workers for concurrent reset
[40.533s][info][gc,ergo       ] GC(50) Pacer for Reset. Non-Taxable: 1250M
[40.533s][info][gc            ] GC(50) Concurrent reset 0.335ms
[40.537s][info][gc,start      ] GC(50) Pause Init Mark (process weakrefs)
[40.537s][info][gc,task       ] GC(50) Using 1 of 1 workers for init marking
[40.538s][info][gc,ergo       ] GC(50) Pacer for Mark. Expected Live: 167M, Free: 762M, Non-Taxable: 78028K, Alloc Tax Rate: 0.3x
[40.538s][info][gc            ] GC(50) Pause Init Mark (process weakrefs) 1.576ms
[40.538s][info][gc,start      ] GC(50) Concurrent marking (process weakrefs)
[40.538s][info][gc,task       ] GC(50) Using 1 of 1 workers for concurrent marking
[40.769s][info][gc            ] GC(50) Concurrent marking (process weakrefs) 230.619ms
[40.769s][info][gc,start      ] GC(50) Concurrent precleaning
[40.769s][info][gc,task       ] GC(50) Using 1 of 1 workers for concurrent preclean
[40.769s][info][gc,ergo       ] GC(50) Pacer for Precleaning. Non-Taxable: 1250M
[40.769s][info][gc            ] GC(50) Concurrent precleaning 0.596ms
[40.770s][info][gc,start      ] GC(50) Pause Final Mark (process weakrefs)
[40.770s][info][gc,task       ] GC(50) Using 1 of 1 workers for final marking
[40.770s][info][gc,ergo       ] GC(50) Collectable Garbage: 252M (98%), Immediate: 252M (98%), CSet: 0B (0%)
[40.770s][info][gc            ] GC(50) Pause Final Mark (process weakrefs) 0.425ms
[40.770s][info][gc,start      ] GC(50) Concurrent cleanup
[40.770s][info][gc            ] GC(50) Concurrent cleanup 528M->275M(531M) 0.066ms
[40.770s][info][gc,ergo       ] GC(50) Free: 910M, Max: 512K regular, 658M humongous, Frag: 28% external, 0% internal; Reserve: 64000K, Max: 512K
[40.770s][info][gc,ergo       ] Free: 910M, Max: 512K regular, 658M humongous, Frag: 28% external, 0% internal; Reserve: 64000K, Max: 512K
[40.770s][info][gc,stats      ] 
[40.770s][info][gc,stats      ] All times are wall-clock times, except per-root-class counters, that are sum over
[40.770s][info][gc,stats      ] all workers. Dividing the <total> over the root stage time estimates parallelism.
[40.770s][info][gc,stats      ] 
[40.770s][info][gc,stats      ] Concurrent Reset                    328 us
[40.770s][info][gc,stats      ] Pause Init Mark (G)                4702 us
[40.770s][info][gc,stats      ] Pause Init Mark (N)                1546 us
[40.770s][info][gc,stats      ]   Accumulate Stats                   20 us
[40.770s][info][gc,stats      ]   Make Parsable                      14 us
[40.770s][info][gc,stats      ]   Update Region States               37 us
[40.770s][info][gc,stats      ]   Scan Roots                       1421 us, parallelism: 0.80x
[40.770s][info][gc,stats      ]     S: <total>                     1142 us
[40.770s][info][gc,stats      ]     S: Thread Roots                 538 us, workers (us): 538, 
[40.770s][info][gc,stats      ]     S: Universe Roots                 2 us, workers (us):   2, 
[40.770s][info][gc,stats      ]     S: JNI Handles Roots              2 us, workers (us):   2, 
[40.770s][info][gc,stats      ]     S: Synchronizer Roots             0 us, workers (us):   0, 
[40.770s][info][gc,stats      ]     S: Management Roots               2 us, workers (us):   2, 
[40.770s][info][gc,stats      ]     S: System Dict Roots             34 us, workers (us):  34, 
[40.770s][info][gc,stats      ]     S: CLDG Roots                   563 us, workers (us): 563, 
[40.770s][info][gc,stats      ]     S: JVMTI Roots                    1 us, workers (us):   1, 
[40.770s][info][gc,stats      ]   Resize TLABs                       16 us
[40.770s][info][gc,stats      ] Concurrent Marking               230610 us
[40.770s][info][gc,stats      ] Concurrent Precleaning              583 us
[40.770s][info][gc,stats      ] Pause Final Mark (G)                624 us
[40.770s][info][gc,stats      ] Pause Final Mark (N)                414 us
[40.770s][info][gc,stats      ]   Finish Queues                      19 us
[40.770s][info][gc,stats      ]   Weak References                    21 us
[40.770s][info][gc,stats      ]     Process                          19 us
[40.770s][info][gc,stats      ]   System Purge                      285 us
[40.770s][info][gc,stats      ]     Weak Roots                      284 us
[40.770s][info][gc,stats      ]   Update Region States               43 us
[40.770s][info][gc,stats      ]   Retire TLABs                       17 us
[40.770s][info][gc,stats      ]   Choose Collection Set              15 us
[40.770s][info][gc,stats      ]   Rebuild Free Set                    9 us
[40.770s][info][gc,stats      ] Concurrent Cleanup                   60 us
[40.770s][info][gc,stats      ] 
[40.770s][info][gc,stats      ] Allocation pacing accrued:
[40.770s][info][gc,stats      ]       0 of   239 ms (  0.0%): <total>
[40.770s][info][gc,stats      ]       0 of   239 ms (  0.0%): <average total>
[40.770s][info][gc,stats      ] 
[40.770s][info][gc,metaspace  ] Metaspace: 60644K->60644K(1103872K)
[40.770s][info][gc,ergo       ] Pacer for Idle. Initial: 25600K, Alloc Tax Rate: 1.0x
[40.804s][info][gc            ] Trigger: Learning 4 of 5. Free (873M) is below initial threshold (875M)
[40.804s][info][gc,ergo       ] Free: 873M, Max: 512K regular, 658M humongous, Frag: 25% external, 0% internal; Reserve: 64000K, Max: 512K
[40.804s][info][gc,start      ] GC(51) Concurrent reset
[40.804s][info][gc,task       ] GC(51) Using 1 of 1 workers for concurrent reset
[40.804s][info][gc,ergo       ] GC(51) Pacer for Reset. Non-Taxable: 1250M
[40.804s][info][gc            ] GC(51) Concurrent reset 0.258ms
[40.807s][info][gc,start      ] GC(51) Pause Init Mark
[40.807s][info][gc,task       ] GC(51) Using 1 of 1 workers for init marking
[40.809s][info][gc,ergo       ] GC(51) Pacer for Mark. Expected Live: 167M, Free: 873M, Non-Taxable: 89446K, Alloc Tax Rate: 0.2x
[40.809s][info][gc            ] GC(51) Pause Init Mark 1.584ms
[40.809s][info][gc,start      ] GC(51) Concurrent marking
[40.809s][info][gc,task       ] GC(51) Using 1 of 1 workers for concurrent marking
[41.033s][info][gc            ] GC(51) Concurrent marking 224.076ms
[41.033s][info][gc,start      ] GC(51) Pause Final Mark
[41.033s][info][gc,task       ] GC(51) Using 1 of 1 workers for final marking
[41.034s][info][gc,ergo       ] GC(51) Collectable Garbage: 138M (94%), Immediate: 138M (94%), CSet: 0B (0%)
[41.034s][info][gc            ] GC(51) Pause Final Mark 0.694ms
[41.034s][info][gc,start      ] GC(51) Concurrent cleanup
[41.034s][info][gc            ] GC(51) Concurrent cleanup 446M->308M(531M) 0.128ms
[41.034s][info][gc,ergo       ] GC(51) Free: 877M, Max: 512K regular, 669M humongous, Frag: 24% external, 0% internal; Reserve: 64000K, Max: 512K
[41.034s][info][gc,ergo       ] Free: 877M, Max: 512K regular, 669M humongous, Frag: 24% external, 0% internal; Reserve: 64000K, Max: 512K
[41.034s][info][gc,stats      ] 
[41.034s][info][gc,stats      ] All times are wall-clock times, except per-root-class counters, that are sum over
[41.034s][info][gc,stats      ] all workers. Dividing the <total> over the root stage time estimates parallelism.
[41.034s][info][gc,stats      ] 
[41.034s][info][gc,stats      ] Concurrent Reset                    249 us
[41.034s][info][gc,stats      ] Pause Init Mark (G)                4676 us
[41.034s][info][gc,stats      ] Pause Init Mark (N)                1555 us
[41.034s][info][gc,stats      ]   Accumulate Stats                   21 us
[41.034s][info][gc,stats      ]   Make Parsable                      18 us
[41.034s][info][gc,stats      ]   Update Region States               35 us
[41.034s][info][gc,stats      ]   Scan Roots                       1433 us, parallelism: 0.81x
[41.034s][info][gc,stats      ]     S: <total>                     1155 us
[41.034s][info][gc,stats      ]     S: Thread Roots                 569 us, workers (us): 569, 
[41.034s][info][gc,stats      ]     S: Universe Roots                 3 us, workers (us):   3, 
[41.034s][info][gc,stats      ]     S: JNI Handles Roots              1 us, workers (us):   1, 
[41.034s][info][gc,stats      ]     S: Synchronizer Roots             0 us, workers (us):   0, 
[41.034s][info][gc,stats      ]     S: Management Roots               1 us, workers (us):   1, 
[41.034s][info][gc,stats      ]     S: System Dict Roots             11 us, workers (us):  11, 
[41.034s][info][gc,stats      ]     S: CLDG Roots                   569 us, workers (us): 569, 
[41.034s][info][gc,stats      ]     S: JVMTI Roots                    0 us, workers (us):   0, 
[41.034s][info][gc,stats      ]   Resize TLABs                       17 us
[41.034s][info][gc,stats      ] Concurrent Marking               224067 us
[41.034s][info][gc,stats      ] Pause Final Mark (G)               1005 us
[41.034s][info][gc,stats      ] Pause Final Mark (N)                659 us
[41.034s][info][gc,stats      ]   Finish Queues                      65 us
[41.034s][info][gc,stats      ]   System Purge                      427 us
[41.034s][info][gc,stats      ]     Weak Roots                      426 us
[41.034s][info][gc,stats      ]   Update Region States               62 us
[41.034s][info][gc,stats      ]   Retire TLABs                       22 us
[41.034s][info][gc,stats      ]   Choose Collection Set              48 us
[41.034s][info][gc,stats      ]   Rebuild Free Set                   20 us
[41.034s][info][gc,stats      ] Concurrent Cleanup                  114 us
[41.034s][info][gc,stats      ] 
[41.034s][info][gc,stats      ] Allocation pacing accrued:
[41.034s][info][gc,stats      ]       0 of   264 ms (  0.0%): <total>
[41.034s][info][gc,stats      ]       0 of   264 ms (  0.0%): <average total>
[41.034s][info][gc,stats      ] 
[41.035s][info][gc,metaspace  ] Metaspace: 60645K->60645K(1103872K)
[41.035s][info][gc,ergo       ] Pacer for Idle. Initial: 25600K, Alloc Tax Rate: 1.0x
[41.038s][info][gc            ] Trigger: Learning 5 of 5. Free (872M) is below initial threshold (875M)
[41.038s][info][gc,ergo       ] Free: 872M, Max: 512K regular, 669M humongous, Frag: 24% external, 0% internal; Reserve: 64000K, Max: 512K
[41.038s][info][gc,start      ] GC(52) Concurrent reset
[41.038s][info][gc,task       ] GC(52) Using 1 of 1 workers for concurrent reset
[41.038s][info][gc,ergo       ] GC(52) Pacer for Reset. Non-Taxable: 1250M
[41.039s][info][gc            ] GC(52) Concurrent reset 0.276ms
[41.042s][info][gc,start      ] GC(52) Pause Init Mark
[41.042s][info][gc,task       ] GC(52) Using 1 of 1 workers for init marking
[41.044s][info][gc,ergo       ] GC(52) Pacer for Mark. Expected Live: 167M, Free: 872M, Non-Taxable: 89344K, Alloc Tax Rate: 0.2x
[41.044s][info][gc            ] GC(52) Pause Init Mark 2.474ms
[41.044s][info][gc,start      ] GC(52) Concurrent marking
[41.044s][info][gc,task       ] GC(52) Using 1 of 1 workers for concurrent marking
[41.260s][info][gc            ] GC(52) Concurrent marking 215.635ms
[41.268s][info][gc,start      ] GC(52) Pause Final Mark
[41.268s][info][gc,task       ] GC(52) Using 1 of 1 workers for final marking
[41.268s][info][gc,ergo       ] GC(52) Collectable Garbage: 139M (94%), Immediate: 139M (94%), CSet: 0B (0%)
[41.268s][info][gc            ] GC(52) Pause Final Mark 0.509ms
[41.268s][info][gc,start      ] GC(52) Concurrent cleanup
[41.269s][info][gc            ] GC(52) Concurrent cleanup 448M->309M(531M) 0.059ms
[41.269s][info][gc,ergo       ] GC(52) Free: 877M, Max: 512K regular, 738M humongous, Frag: 16% external, 0% internal; Reserve: 64000K, Max: 512K
[41.269s][info][gc,ergo       ] Free: 877M, Max: 512K regular, 738M humongous, Frag: 16% external, 0% internal; Reserve: 64000K, Max: 512K
[41.269s][info][gc,stats      ] 
[41.269s][info][gc,stats      ] All times are wall-clock times, except per-root-class counters, that are sum over
[41.269s][info][gc,stats      ] all workers. Dividing the <total> over the root stage time estimates parallelism.
[41.269s][info][gc,stats      ] 
[41.269s][info][gc,stats      ] Concurrent Reset                    268 us
[41.269s][info][gc,stats      ] Pause Init Mark (G)                5659 us
[41.269s][info][gc,stats      ] Pause Init Mark (N)                2438 us
[41.269s][info][gc,stats      ]   Accumulate Stats                   21 us
[41.269s][info][gc,stats      ]   Make Parsable                      13 us
[41.269s][info][gc,stats      ]   Update Region States               39 us
[41.269s][info][gc,stats      ]   Scan Roots                       2255 us, parallelism: 0.86x
[41.269s][info][gc,stats      ]     S: <total>                     1943 us
[41.269s][info][gc,stats      ]     S: Thread Roots                 934 us, workers (us): 934, 
[41.269s][info][gc,stats      ]     S: Universe Roots                 2 us, workers (us):   2, 
[41.269s][info][gc,stats      ]     S: JNI Handles Roots             78 us, workers (us):  78, 
[41.269s][info][gc,stats      ]     S: Synchronizer Roots             0 us, workers (us):   0, 
[41.269s][info][gc,stats      ]     S: Management Roots               2 us, workers (us):   2, 
[41.269s][info][gc,stats      ]     S: System Dict Roots             10 us, workers (us):  10, 
[41.269s][info][gc,stats      ]     S: CLDG Roots                   917 us, workers (us): 917, 
[41.269s][info][gc,stats      ]     S: JVMTI Roots                    0 us, workers (us):   0, 
[41.269s][info][gc,stats      ]   Resize TLABs                       33 us
[41.269s][info][gc,stats      ] Concurrent Marking               215615 us
[41.269s][info][gc,stats      ] Pause Final Mark (G)               3489 us
[41.269s][info][gc,stats      ] Pause Final Mark (N)                422 us
[41.269s][info][gc,stats      ]   Finish Queues                      30 us
[41.269s][info][gc,stats      ]   System Purge                      292 us
[41.269s][info][gc,stats      ]     Weak Roots                      291 us
[41.269s][info][gc,stats      ]   Update Region States               43 us
[41.269s][info][gc,stats      ]   Retire TLABs                       19 us
[41.269s][info][gc,stats      ]   Choose Collection Set              15 us
[41.269s][info][gc,stats      ]   Rebuild Free Set                    9 us
[41.269s][info][gc,stats      ] Concurrent Cleanup                   51 us
[41.269s][info][gc,stats      ] Pacing                            11021 us
[41.269s][info][gc,stats      ] 
[41.269s][info][gc,stats      ] Allocation pacing accrued:
[41.269s][info][gc,stats      ]      11 of   234 ms (  4.7%): Executor task launch worker for task 0.0 in stage 19.0 (TID 19)
[41.269s][info][gc,stats      ]      11 of   234 ms (  4.7%): <total>
[41.269s][info][gc,stats      ]       0 of   234 ms (  0.0%): <average total>
[41.269s][info][gc,stats      ]      11 of   234 ms (  4.7%): <average non-zero>
[41.269s][info][gc,stats      ] 
[41.269s][info][gc,metaspace  ] Metaspace: 60645K->60645K(1103872K)
[41.269s][info][gc,ergo       ] Pacer for Idle. Initial: 25600K, Alloc Tax Rate: 1.0x
[41.701s][info][gc            ] Trigger: Average GC time (348.40 ms) is above the time for allocation rate (940 MB/s) to deplete free headroom (326M)
[41.701s][info][gc,ergo       ] Free headroom: 388M (free) - 64000K (spike) - 0B (penalties) = 326M
[41.701s][info][gc,ergo       ] Free: 388M, Max: 512K regular, 388M humongous, Frag: 0% external, 0% internal; Reserve: 64000K, Max: 512K
[41.701s][info][gc,start      ] GC(53) Concurrent reset
[41.701s][info][gc,task       ] GC(53) Using 1 of 1 workers for concurrent reset
[41.701s][info][gc,ergo       ] GC(53) Pacer for Reset. Non-Taxable: 1250M
[41.701s][info][gc            ] GC(53) Concurrent reset 0.367ms
[41.705s][info][gc,start      ] GC(53) Pause Init Mark
[41.705s][info][gc,task       ] GC(53) Using 1 of 1 workers for init marking
[41.707s][info][gc,ergo       ] GC(53) Pacer for Mark. Expected Live: 167M, Free: 388M, Non-Taxable: 39782K, Alloc Tax Rate: 0.5x
[41.708s][info][gc            ] GC(53) Pause Init Mark 2.802ms
[41.708s][info][gc,start      ] GC(53) Concurrent marking
[41.708s][info][gc,task       ] GC(53) Using 1 of 1 workers for concurrent marking
[41.895s][info][gc            ] GC(53) Concurrent marking 187.449ms
[41.895s][info][gc,start      ] GC(53) Pause Final Mark
[41.895s][info][gc,task       ] GC(53) Using 1 of 1 workers for final marking
[41.896s][info][gc,ergo       ] GC(53) Collectable Garbage: 623M (98%), Immediate: 623M (98%), CSet: 0B (0%)
[41.896s][info][gc            ] GC(53) Pause Final Mark 0.431ms
[41.898s][info][gc,start      ] GC(53) Concurrent cleanup
[41.898s][info][gc            ] GC(53) Concurrent cleanup 856M->236M(859M) 0.111ms
[41.898s][info][gc,ergo       ] GC(53) Free: 949M, Max: 512K regular, 347M humongous, Frag: 64% external, 0% internal; Reserve: 64000K, Max: 512K
[41.898s][info][gc,ergo       ] Free: 949M, Max: 512K regular, 347M humongous, Frag: 64% external, 0% internal; Reserve: 64000K, Max: 512K
[41.898s][info][gc,stats      ] 
[41.898s][info][gc,stats      ] All times are wall-clock times, except per-root-class counters, that are sum over
[41.898s][info][gc,stats      ] all workers. Dividing the <total> over the root stage time estimates parallelism.
[41.898s][info][gc,stats      ] 
[41.898s][info][gc,stats      ] Concurrent Reset                    358 us
[41.898s][info][gc,stats      ] Pause Init Mark (G)                6210 us
[41.898s][info][gc,stats      ] Pause Init Mark (N)                2752 us
[41.898s][info][gc,stats      ]   Accumulate Stats                   37 us
[41.898s][info][gc,stats      ]   Make Parsable                      18 us
[41.898s][info][gc,stats      ]   Update Region States               63 us
[41.898s][info][gc,stats      ]   Scan Roots                       2529 us, parallelism: 0.87x
[41.898s][info][gc,stats      ]     S: <total>                     2200 us
[41.898s][info][gc,stats      ]     S: Thread Roots                1277 us, workers (us): 1277, 
[41.898s][info][gc,stats      ]     S: Universe Roots                 4 us, workers (us):   4, 
[41.898s][info][gc,stats      ]     S: JNI Handles Roots              2 us, workers (us):   2, 
[41.898s][info][gc,stats      ]     S: Synchronizer Roots             0 us, workers (us):   0, 
[41.898s][info][gc,stats      ]     S: Management Roots               2 us, workers (us):   2, 
[41.898s][info][gc,stats      ]     S: System Dict Roots             16 us, workers (us):  16, 
[41.898s][info][gc,stats      ]     S: CLDG Roots                   898 us, workers (us): 898, 
[41.898s][info][gc,stats      ]     S: JVMTI Roots                    1 us, workers (us):   1, 
[41.898s][info][gc,stats      ]   Resize TLABs                       34 us
[41.898s][info][gc,stats      ] Concurrent Marking               187428 us
[41.898s][info][gc,stats      ] Pause Final Mark (G)               3148 us
[41.898s][info][gc,stats      ] Pause Final Mark (N)                421 us
[41.898s][info][gc,stats      ]   Finish Queues                      51 us
[41.898s][info][gc,stats      ]   System Purge                      265 us
[41.898s][info][gc,stats      ]     Weak Roots                      265 us
[41.898s][info][gc,stats      ]   Update Region States               40 us
[41.898s][info][gc,stats      ]   Retire TLABs                       18 us
[41.898s][info][gc,stats      ]   Choose Collection Set              28 us
[41.898s][info][gc,stats      ]   Rebuild Free Set                    8 us
[41.898s][info][gc,stats      ] Concurrent Cleanup                   90 us
[41.899s][info][gc,stats      ] Pacing                            46967 us
[41.899s][info][gc,stats      ] 
[41.899s][info][gc,stats      ] Allocation pacing accrued:
[41.899s][info][gc,stats      ]      47 of   630 ms (  7.5%): Executor task launch worker for task 0.0 in stage 19.0 (TID 19)
[41.899s][info][gc,stats      ]      47 of   630 ms (  7.5%): <total>
[41.899s][info][gc,stats      ]       0 of   630 ms (  0.0%): <average total>
[41.899s][info][gc,stats      ]      47 of   630 ms (  7.5%): <average non-zero>
[41.899s][info][gc,stats      ] 
[41.899s][info][gc,metaspace  ] Metaspace: 60645K->60645K(1103872K)
[41.899s][info][gc,ergo       ] Pacer for Idle. Initial: 25600K, Alloc Tax Rate: 1.0x
[42.330s][info][gc            ] Trigger: Average GC time (338.68 ms) is above the time for allocation rate (982 MB/s) to deplete free headroom (331M)
[42.330s][info][gc,ergo       ] Free headroom: 394M (free) - 64000K (spike) - 0B (penalties) = 331M
[42.330s][info][gc,ergo       ] Free: 394M, Max: 512K regular, 330M humongous, Frag: 17% external, 0% internal; Reserve: 64000K, Max: 512K
[42.330s][info][gc,start      ] GC(54) Concurrent reset
[42.330s][info][gc,task       ] GC(54) Using 1 of 1 workers for concurrent reset
[42.330s][info][gc,ergo       ] GC(54) Pacer for Reset. Non-Taxable: 1250M
[42.330s][info][gc            ] GC(54) Concurrent reset 0.272ms
[42.333s][info][gc,start      ] GC(54) Pause Init Mark
[42.333s][info][gc,task       ] GC(54) Using 1 of 1 workers for init marking
[42.335s][info][gc,ergo       ] GC(54) Pacer for Mark. Expected Live: 167M, Free: 394M, Non-Taxable: 40345K, Alloc Tax Rate: 0.5x
[42.335s][info][gc            ] GC(54) Pause Init Mark 1.611ms
[42.335s][info][gc,start      ] GC(54) Concurrent marking
[42.335s][info][gc,task       ] GC(54) Using 1 of 1 workers for concurrent marking
[42.485s][info][gc            ] GC(54) Concurrent marking 150.157ms
[42.485s][info][gc,start      ] GC(54) Pause Final Mark
[42.485s][info][gc,task       ] GC(54) Using 1 of 1 workers for final marking
[42.486s][info][gc,ergo       ] GC(54) Collectable Garbage: 617M (98%), Immediate: 617M (98%), CSet: 0B (0%)
[42.486s][info][gc            ] GC(54) Pause Final Mark 0.371ms
[42.486s][info][gc,start      ] GC(54) Concurrent cleanup
[42.486s][info][gc            ] GC(54) Concurrent cleanup 851M->234M(859M) 0.094ms
[42.486s][info][gc,ergo       ] GC(54) Free: 952M, Max: 512K regular, 393M humongous, Frag: 59% external, 0% internal; Reserve: 64000K, Max: 512K
[42.486s][info][gc,ergo       ] Free: 952M, Max: 512K regular, 393M humongous, Frag: 59% external, 0% internal; Reserve: 64000K, Max: 512K
[42.486s][info][gc,stats      ] 
[42.486s][info][gc,stats      ] All times are wall-clock times, except per-root-class counters, that are sum over
[42.486s][info][gc,stats      ] all workers. Dividing the <total> over the root stage time estimates parallelism.
[42.486s][info][gc,stats      ] 
[42.486s][info][gc,stats      ] Concurrent Reset                    262 us
[42.486s][info][gc,stats      ] Pause Init Mark (G)                4793 us
[42.486s][info][gc,stats      ] Pause Init Mark (N)                1583 us
[42.486s][info][gc,stats      ]   Accumulate Stats                   20 us
[42.486s][info][gc,stats      ]   Make Parsable                      15 us
[42.486s][info][gc,stats      ]   Update Region States               31 us
[42.486s][info][gc,stats      ]   Scan Roots                       1460 us, parallelism: 0.80x
[42.486s][info][gc,stats      ]     S: <total>                     1163 us
[42.486s][info][gc,stats      ]     S: Thread Roots                 607 us, workers (us): 607, 
[42.486s][info][gc,stats      ]     S: Universe Roots                 2 us, workers (us):   2, 
[42.486s][info][gc,stats      ]     S: JNI Handles Roots              1 us, workers (us):   1, 
[42.486s][info][gc,stats      ]     S: Synchronizer Roots             0 us, workers (us):   0, 
[42.486s][info][gc,stats      ]     S: Management Roots               2 us, workers (us):   2, 
[42.486s][info][gc,stats      ]     S: System Dict Roots             10 us, workers (us):  10, 
[42.486s][info][gc,stats      ]     S: CLDG Roots                   539 us, workers (us): 539, 
[42.486s][info][gc,stats      ]     S: JVMTI Roots                    1 us, workers (us):   1, 
[42.486s][info][gc,stats      ]   Resize TLABs                       16 us
[42.486s][info][gc,stats      ] Concurrent Marking               150148 us
[42.486s][info][gc,stats      ] Pause Final Mark (G)                513 us
[42.486s][info][gc,stats      ] Pause Final Mark (N)                361 us
[42.486s][info][gc,stats      ]   Finish Queues                      15 us
[42.486s][info][gc,stats      ]   System Purge                      254 us
[42.486s][info][gc,stats      ]     Weak Roots                      254 us
[42.486s][info][gc,stats      ]   Update Region States               38 us
[42.486s][info][gc,stats      ]   Retire TLABs                       20 us
[42.486s][info][gc,stats      ]   Choose Collection Set              18 us
[42.486s][info][gc,stats      ]   Rebuild Free Set                    9 us
[42.486s][info][gc,stats      ] Concurrent Cleanup                   87 us
[42.486s][info][gc,stats      ] Pacing                            49337 us
[42.486s][info][gc,stats      ] 
[42.486s][info][gc,stats      ] Allocation pacing accrued:
[42.486s][info][gc,stats      ]      49 of   588 ms (  8.4%): Executor task launch worker for task 0.0 in stage 19.0 (TID 19)
[42.486s][info][gc,stats      ]      49 of   588 ms (  8.4%): <total>
[42.486s][info][gc,stats      ]       0 of   588 ms (  0.0%): <average total>
[42.486s][info][gc,stats      ]      49 of   588 ms (  8.4%): <average non-zero>
[42.486s][info][gc,stats      ] 
[42.486s][info][gc,metaspace  ] Metaspace: 60645K->60645K(1103872K)
[42.486s][info][gc,ergo       ] Pacer for Idle. Initial: 25600K, Alloc Tax Rate: 1.0x
[42.780s][info][gc            ] Trigger: Explicit GC request (System.gc())
[42.780s][info][gc,ergo       ] Free: 643M, Max: 512K regular, 393M humongous, Frag: 39% external, 0% internal; Reserve: 64000K, Max: 512K
[42.780s][info][gc,start      ] GC(55) Concurrent reset
[42.780s][info][gc,task       ] GC(55) Using 1 of 1 workers for concurrent reset
[42.780s][info][gc,ergo       ] GC(55) Pacer for Reset. Non-Taxable: 1250M
[42.780s][info][gc            ] GC(55) Concurrent reset 0.264ms
[42.780s][info][gc,start      ] GC(55) Pause Init Mark (process weakrefs) (unload classes)
[42.780s][info][gc,task       ] GC(55) Using 1 of 1 workers for init marking
[42.781s][info][gc,ergo       ] GC(55) Pacer for Mark. Expected Live: 167M, Free: 643M, Non-Taxable: 65843K, Alloc Tax Rate: 0.3x
[42.781s][info][gc            ] GC(55) Pause Init Mark (process weakrefs) (unload classes) 1.044ms
[42.781s][info][gc,start      ] GC(55) Concurrent marking (process weakrefs) (unload classes)
[42.781s][info][gc,task       ] GC(55) Using 1 of 1 workers for concurrent marking
[42.880s][info][gc            ] GC(55) Concurrent marking (process weakrefs) (unload classes) 98.766ms
[42.880s][info][gc,start      ] GC(55) Concurrent precleaning
[42.880s][info][gc,task       ] GC(55) Using 1 of 1 workers for concurrent preclean
[42.880s][info][gc,ergo       ] GC(55) Pacer for Precleaning. Non-Taxable: 1250M
[42.881s][info][gc            ] GC(55) Concurrent precleaning 0.341ms
[42.881s][info][gc,start      ] GC(55) Pause Final Mark (process weakrefs) (unload classes)
[42.881s][info][gc,task       ] GC(55) Using 1 of 1 workers for final marking
[42.905s][info][gc,stringtable] GC(55) Cleaned string and symbol table, strings: 18565 processed, 0 removed, symbols: 131964 processed, 200 removed
[42.905s][info][gc,ergo       ] GC(55) Collectable Garbage: 366M (97%), Immediate: 366M (97%), CSet: 0B (0%)
[42.905s][info][gc            ] GC(55) Pause Final Mark (process weakrefs) (unload classes) 24.680ms
[42.906s][info][gc,start      ] GC(55) Concurrent cleanup
[42.906s][info][gc            ] GC(55) Concurrent cleanup 542M->176M(859M) 0.077ms
[42.906s][info][gc,ergo       ] GC(55) Free: 1009M, Max: 512K regular, 703M humongous, Frag: 31% external, 0% internal; Reserve: 64000K, Max: 512K
[42.906s][info][gc,ergo       ] Free: 1009M, Max: 512K regular, 703M humongous, Frag: 31% external, 0% internal; Reserve: 64000K, Max: 512K
[42.906s][info][gc,stats      ] 
[42.906s][info][gc,stats      ] All times are wall-clock times, except per-root-class counters, that are sum over
[42.906s][info][gc,stats      ] all workers. Dividing the <total> over the root stage time estimates parallelism.
[42.906s][info][gc,stats      ] 
[42.906s][info][gc,stats      ] Concurrent Reset                    255 us
[42.906s][info][gc,stats      ] Pause Init Mark (G)                1415 us
[42.906s][info][gc,stats      ] Pause Init Mark (N)                1020 us
[42.906s][info][gc,stats      ]   Accumulate Stats                   21 us
[42.906s][info][gc,stats      ]   Make Parsable                      17 us
[42.906s][info][gc,stats      ]   Update Region States               34 us
[42.906s][info][gc,stats      ]   Scan Roots                        917 us, parallelism: 0.70x
[42.906s][info][gc,stats      ]     S: <total>                      638 us
[42.906s][info][gc,stats      ]     S: Thread Roots                 523 us, workers (us): 523, 
[42.906s][info][gc,stats      ]     S: Universe Roots                 2 us, workers (us):   2, 
[42.906s][info][gc,stats      ]     S: JNI Handles Roots              2 us, workers (us):   2, 
[42.906s][info][gc,stats      ]     S: Synchronizer Roots             0 us, workers (us):   0, 
[42.906s][info][gc,stats      ]     S: Management Roots               1 us, workers (us):   1, 
[42.906s][info][gc,stats      ]     S: System Dict Roots             11 us, workers (us):  11, 
[42.906s][info][gc,stats      ]     S: CLDG Roots                    98 us, workers (us):  98, 
[42.906s][info][gc,stats      ]     S: JVMTI Roots                    1 us, workers (us):   1, 
[42.906s][info][gc,stats      ]   Resize TLABs                        8 us
[42.906s][info][gc,stats      ] Concurrent Marking                98757 us
[42.906s][info][gc,stats      ] Concurrent Precleaning              327 us
[42.906s][info][gc,stats      ] Pause Final Mark (G)              24963 us
[42.906s][info][gc,stats      ] Pause Final Mark (N)              24667 us
[42.906s][info][gc,stats      ]   Finish Queues                     126 us
[42.906s][info][gc,stats      ]   Weak References                    55 us
[42.906s][info][gc,stats      ]     Process                          52 us
[42.906s][info][gc,stats      ]   System Purge                      263 us
[42.906s][info][gc,stats      ]     Unload Classes                 1103 us
[42.906s][info][gc,stats      ]     Cleanup                       22730 us, parallelism: 1.00x
[42.906s][info][gc,stats      ]       CU: <total>                 22662 us
[42.906s][info][gc,stats      ]       CU: Code Cache Roots         8692 us, workers (us): 8692, 
[42.906s][info][gc,stats      ]       CU: Code Cache Cleaning      1584 us, workers (us): 1584, 
[42.906s][info][gc,stats      ]       CU: String Table Roots       6146 us, workers (us): 6146, 
[42.906s][info][gc,stats      ]       CU: Resolved Table Roots      174 us, workers (us): 174, 
[42.906s][info][gc,stats      ]       CU: CLDG Roots               6067 us, workers (us): 6067, 
[42.906s][info][gc,stats      ]     Weak Roots                      263 us
[42.906s][info][gc,stats      ]     CLDG                            258 us
[42.906s][info][gc,stats      ]   Update Region States               47 us
[42.906s][info][gc,stats      ]   Retire TLABs                       46 us
[42.906s][info][gc,stats      ]   Choose Collection Set              23 us
[42.906s][info][gc,stats      ]   Rebuild Free Set                    9 us
[42.906s][info][gc,stats      ] Concurrent Cleanup                   68 us
[42.906s][info][gc,stats      ] Pacing                             7585 us
[42.906s][info][gc,stats      ] 
[42.906s][info][gc,stats      ] Allocation pacing accrued:
[42.906s][info][gc,stats      ]       8 of   420 ms (  1.8%): Executor task launch worker for task 0.0 in stage 20.0 (TID 20)
[42.906s][info][gc,stats      ]       8 of   420 ms (  1.8%): <total>
[42.906s][info][gc,stats      ]       0 of   420 ms (  0.0%): <average total>
[42.906s][info][gc,stats      ]       8 of   420 ms (  1.8%): <average non-zero>
[42.906s][info][gc,stats      ] 
[42.906s][info][gc,metaspace  ] Metaspace: 60678K->60299K(1103872K)
[42.906s][info][gc,ergo       ] Pacer for Idle. Initial: 25600K, Alloc Tax Rate: 1.0x
[42.906s][info][gc,start      ] Concurrent uncommit
[42.931s][info][gc            ] Concurrent uncommit 176M->176M(178M) 25.124ms
[43.370s][info][gc            ] Trigger: Learning 2 of 5. Free (874M) is below initial threshold (875M)
[43.370s][info][gc,ergo       ] Free: 874M, Max: 512K regular, 703M humongous, Frag: 20% external, 0% internal; Reserve: 64000K, Max: 512K
[43.371s][info][gc,start      ] GC(56) Concurrent reset
[43.371s][info][gc,task       ] GC(56) Using 1 of 1 workers for concurrent reset
[43.371s][info][gc,ergo       ] GC(56) Pacer for Reset. Non-Taxable: 1250M
[43.371s][info][gc            ] GC(56) Concurrent reset 0.312ms
[43.376s][info][gc,start      ] GC(56) Pause Init Mark
[43.377s][info][gc,task       ] GC(56) Using 1 of 1 workers for init marking
[43.378s][info][gc,ergo       ] GC(56) Pacer for Mark. Expected Live: 167M, Free: 874M, Non-Taxable: 89548K, Alloc Tax Rate: 0.2x
[43.378s][info][gc            ] GC(56) Pause Init Mark 1.823ms
[43.378s][info][gc,start      ] GC(56) Concurrent marking
[43.378s][info][gc,task       ] GC(56) Using 1 of 1 workers for concurrent marking
[43.703s][info][gc            ] GC(56) Concurrent marking 324.915ms
[43.704s][info][gc,start      ] GC(56) Pause Final Mark
[43.704s][info][gc,task       ] GC(56) Using 1 of 1 workers for final marking
[43.704s][info][gc,ergo       ] GC(56) Adaptive CSet Selection. Target Free: 177M, Actual Free: 949M, Max CSet: 53333K, Min Garbage: 0B
[43.704s][info][gc,ergo       ] GC(56) Collectable Garbage: 140M (98%), Immediate: 111M (78%), CSet: 29379K (20%)
[43.713s][info][gc,ergo       ] GC(56) Pacer for Evacuation. Used CSet: 31209K, Free: 889M, Non-Taxable: 91033K, Alloc Tax Rate: 1.1x
[43.713s][info][gc            ] GC(56) Pause Final Mark 9.018ms
[43.713s][info][gc,start      ] GC(56) Concurrent cleanup
[43.713s][info][gc            ] GC(56) Concurrent cleanup 408M->297M(412M) 0.061ms
[43.713s][info][gc,ergo       ] GC(56) Free: 888M, Max: 512K regular, 704M humongous, Frag: 21% external, 0% internal; Reserve: 63744K, Max: 512K
[43.713s][info][gc,start      ] GC(56) Concurrent evacuation
[43.713s][info][gc,task       ] GC(56) Using 1 of 1 workers for concurrent evacuation
[43.720s][info][gc            ] GC(56) Concurrent evacuation 7.066ms
[43.723s][info][gc,start      ] GC(56) Pause Init Update Refs
[43.723s][info][gc,ergo       ] GC(56) Pacer for Update Refs. Used: 305M, Free: 883M, Non-Taxable: 90419K, Alloc Tax Rate: 1.1x
[43.723s][info][gc            ] GC(56) Pause Init Update Refs 0.061ms
[43.723s][info][gc,start      ] GC(56) Concurrent update references
[43.723s][info][gc,task       ] GC(56) Using 1 of 1 workers for concurrent reference update
[44.162s][info][gc            ] GC(56) Concurrent update references 438.158ms
[44.169s][info][gc,start      ] GC(56) Pause Final Update Refs
[44.169s][info][gc,task       ] GC(56) Using 1 of 1 workers for final reference update
[44.170s][info][gc            ] GC(56) Pause Final Update Refs 0.682ms
[44.170s][info][gc,start      ] GC(56) Concurrent cleanup
[44.170s][info][gc            ] GC(56) Concurrent cleanup 447M->417M(449M) 0.051ms
[44.170s][info][gc,ergo       ] Free: 769M, Max: 512K regular, 743M humongous, Frag: 4% external, 0% internal; Reserve: 64000K, Max: 512K
[44.170s][info][gc,stats      ] 
[44.170s][info][gc,stats      ] All times are wall-clock times, except per-root-class counters, that are sum over
[44.170s][info][gc,stats      ] all workers. Dividing the <total> over the root stage time estimates parallelism.
[44.170s][info][gc,stats      ] 
[44.170s][info][gc,stats      ] Concurrent Reset                    303 us
[44.170s][info][gc,stats      ] Pause Init Mark (G)                7485 us
[44.170s][info][gc,stats      ] Pause Init Mark (N)                1773 us
[44.170s][info][gc,stats      ]   Accumulate Stats                   23 us
[44.170s][info][gc,stats      ]   Make Parsable                      23 us
[44.170s][info][gc,stats      ]   Update Region States               44 us
[44.170s][info][gc,stats      ]   Scan Roots                       1613 us, parallelism: 0.83x
[44.170s][info][gc,stats      ]     S: <total>                     1332 us
[44.170s][info][gc,stats      ]     S: Thread Roots                 679 us, workers (us): 679, 
[44.170s][info][gc,stats      ]     S: Universe Roots                 2 us, workers (us):   2, 
[44.170s][info][gc,stats      ]     S: JNI Handles Roots              1 us, workers (us):   1, 
[44.170s][info][gc,stats      ]     S: Synchronizer Roots             0 us, workers (us):   0, 
[44.170s][info][gc,stats      ]     S: Management Roots               1 us, workers (us):   1, 
[44.170s][info][gc,stats      ]     S: System Dict Roots             12 us, workers (us):  12, 
[44.170s][info][gc,stats      ]     S: CLDG Roots                   635 us, workers (us): 635, 
[44.170s][info][gc,stats      ]     S: JVMTI Roots                    1 us, workers (us):   1, 
[44.170s][info][gc,stats      ]   Resize TLABs                       22 us
[44.170s][info][gc,stats      ] Concurrent Marking               324906 us
[44.170s][info][gc,stats      ] Pause Final Mark (G)               9271 us
[44.170s][info][gc,stats      ] Pause Final Mark (N)               8977 us
[44.170s][info][gc,stats      ]   Finish Queues                      22 us
[44.170s][info][gc,stats      ]   System Purge                      280 us
[44.170s][info][gc,stats      ]     Weak Roots                      280 us
[44.170s][info][gc,stats      ]   Update Region States               47 us
[44.170s][info][gc,stats      ]   Retire TLABs                       16 us
[44.170s][info][gc,stats      ]   Choose Collection Set              61 us
[44.170s][info][gc,stats      ]   Rebuild Free Set                    9 us
[44.170s][info][gc,stats      ]   Initial Evacuation               8528 us, parallelism: 0.89x
[44.170s][info][gc,stats      ]     E: <total>                     7612 us
[44.170s][info][gc,stats      ]     E: Thread Roots                6586 us, workers (us): 6586, 
[44.170s][info][gc,stats      ]     E: Code Cache Roots             394 us, workers (us): 394, 
[44.170s][info][gc,stats      ]     E: Universe Roots                 1 us, workers (us):   1, 
[44.170s][info][gc,stats      ]     E: JNI Handles Roots              2 us, workers (us):   2, 
[44.170s][info][gc,stats      ]     E: Synchronizer Roots             0 us, workers (us):   0, 
[44.170s][info][gc,stats      ]     E: Management Roots               1 us, workers (us):   1, 
[44.170s][info][gc,stats      ]     E: System Dict Roots             37 us, workers (us):  37, 
[44.170s][info][gc,stats      ]     E: CLDG Roots                   590 us, workers (us): 590, 
[44.170s][info][gc,stats      ]     E: JVMTI Roots                    0 us, workers (us):   0, 
[44.170s][info][gc,stats      ] Concurrent Cleanup                   51 us
[44.170s][info][gc,stats      ] Concurrent Evacuation              7054 us
[44.170s][info][gc,stats      ] Pause Init  Update Refs (G)        3529 us
[44.170s][info][gc,stats      ] Pause Init  Update Refs (N)          21 us
[44.170s][info][gc,stats      ]   Retire GCLABs                      12 us
[44.170s][info][gc,stats      ] Concurrent Update Refs           438143 us
[44.170s][info][gc,stats      ] Pause Final Update Refs (G)        7911 us
[44.170s][info][gc,stats      ] Pause Final Update Refs (N)         601 us
[44.170s][info][gc,stats      ]   Update Roots                      518 us, parallelism: 0.98x
[44.170s][info][gc,stats      ]     UR: <total>                     507 us
[44.170s][info][gc,stats      ]     UR: Thread Roots                507 us, workers (us): 507, 
[44.170s][info][gc,stats      ]   Update Region States               44 us
[44.170s][info][gc,stats      ]   Trash Collection Set                2 us
[44.170s][info][gc,stats      ]   Rebuild Free Set                   26 us
[44.170s][info][gc,stats      ] Concurrent Cleanup                   43 us
[44.170s][info][gc,stats      ] 
[44.170s][info][gc,stats      ] Allocation pacing accrued:
[44.170s][info][gc,stats      ]       0 of  1264 ms (  0.0%): <total>
[44.170s][info][gc,stats      ]       0 of  1264 ms (  0.0%): <average total>
[44.170s][info][gc,stats      ] 
[44.170s][info][gc,metaspace  ] Metaspace: 60718K->60718K(1103872K)
[44.170s][info][gc,ergo       ] Pacer for Idle. Initial: 25600K, Alloc Tax Rate: 1.0x
[44.172s][info][gc            ] Trigger: Learning 3 of 5. Free (767M) is below initial threshold (875M)
[44.172s][info][gc,ergo       ] Free: 767M, Max: 512K regular, 743M humongous, Frag: 4% external, 0% internal; Reserve: 64000K, Max: 512K
[44.172s][info][gc,start      ] GC(57) Concurrent reset
[44.172s][info][gc,task       ] GC(57) Using 1 of 1 workers for concurrent reset
[44.172s][info][gc,ergo       ] GC(57) Pacer for Reset. Non-Taxable: 1250M
[44.172s][info][gc            ] GC(57) Concurrent reset 0.317ms
[44.172s][info][gc,start      ] GC(57) Pause Init Mark
[44.172s][info][gc,task       ] GC(57) Using 1 of 1 workers for init marking
[44.174s][info][gc,ergo       ] GC(57) Pacer for Mark. Expected Live: 167M, Free: 767M, Non-Taxable: 78540K, Alloc Tax Rate: 0.3x
[44.174s][info][gc            ] GC(57) Pause Init Mark 1.633ms
[44.174s][info][gc,start      ] GC(57) Concurrent marking
[44.174s][info][gc,task       ] GC(57) Using 1 of 1 workers for concurrent marking
[44.529s][info][gc            ] GC(57) Concurrent marking 354.568ms
[44.531s][info][gc,start      ] GC(57) Pause Final Mark
[44.531s][info][gc,task       ] GC(57) Using 1 of 1 workers for final marking
[44.531s][info][gc,ergo       ] GC(57) Collectable Garbage: 247M (98%), Immediate: 247M (98%), CSet: 0B (0%)
[44.531s][info][gc            ] GC(57) Pause Final Mark 0.541ms
[44.531s][info][gc,start      ] GC(57) Concurrent cleanup
[44.531s][info][gc            ] GC(57) Concurrent cleanup 526M->278M(529M) 0.067ms
[44.531s][info][gc,ergo       ] GC(57) Free: 907M, Max: 512K regular, 660M humongous, Frag: 28% external, 0% internal; Reserve: 64000K, Max: 512K
[44.531s][info][gc,ergo       ] Free: 907M, Max: 512K regular, 660M humongous, Frag: 28% external, 0% internal; Reserve: 64000K, Max: 512K
[44.531s][info][gc,stats      ] 
[44.531s][info][gc,stats      ] All times are wall-clock times, except per-root-class counters, that are sum over
[44.531s][info][gc,stats      ] all workers. Dividing the <total> over the root stage time estimates parallelism.
[44.531s][info][gc,stats      ] 
[44.531s][info][gc,stats      ] Concurrent Reset                    312 us
[44.531s][info][gc,stats      ] Pause Init Mark (G)                2094 us
[44.531s][info][gc,stats      ] Pause Init Mark (N)                1621 us
[44.531s][info][gc,stats      ]   Accumulate Stats                   22 us
[44.531s][info][gc,stats      ]   Make Parsable                      15 us
[44.531s][info][gc,stats      ]   Update Region States               30 us
[44.531s][info][gc,stats      ]   Scan Roots                       1504 us, parallelism: 0.78x
[44.531s][info][gc,stats      ]     S: <total>                     1166 us
[44.531s][info][gc,stats      ]     S: Thread Roots                 601 us, workers (us): 601, 
[44.531s][info][gc,stats      ]     S: Universe Roots                 3 us, workers (us):   3, 
[44.531s][info][gc,stats      ]     S: JNI Handles Roots              2 us, workers (us):   2, 
[44.531s][info][gc,stats      ]     S: Synchronizer Roots             0 us, workers (us):   0, 
[44.531s][info][gc,stats      ]     S: Management Roots               2 us, workers (us):   2, 
[44.531s][info][gc,stats      ]     S: System Dict Roots             20 us, workers (us):  20, 
[44.531s][info][gc,stats      ]     S: CLDG Roots                   538 us, workers (us): 538, 
[44.531s][info][gc,stats      ]     S: JVMTI Roots                    1 us, workers (us):   1, 
[44.531s][info][gc,stats      ]   Resize TLABs                       17 us
[44.531s][info][gc,stats      ] Concurrent Marking               354559 us
[44.531s][info][gc,stats      ] Pause Final Mark (G)               2040 us
[44.531s][info][gc,stats      ] Pause Final Mark (N)                465 us
[44.531s][info][gc,stats      ]   Finish Queues                      37 us
[44.531s][info][gc,stats      ]   System Purge                      309 us
[44.531s][info][gc,stats      ]     Weak Roots                      308 us
[44.531s][info][gc,stats      ]   Update Region States               43 us
[44.531s][info][gc,stats      ]   Retire TLABs                       34 us
[44.531s][info][gc,stats      ]   Choose Collection Set              20 us
[44.531s][info][gc,stats      ]   Rebuild Free Set                    9 us
[44.531s][info][gc,stats      ] Concurrent Cleanup                   59 us
[44.531s][info][gc,stats      ] 
[44.531s][info][gc,stats      ] Allocation pacing accrued:
[44.531s][info][gc,stats      ]       0 of   362 ms (  0.0%): <total>
[44.531s][info][gc,stats      ]       0 of   362 ms (  0.0%): <average total>
[44.531s][info][gc,stats      ] 
[44.532s][info][gc,metaspace  ] Metaspace: 60718K->60718K(1103872K)
[44.532s][info][gc,ergo       ] Pacer for Idle. Initial: 25600K, Alloc Tax Rate: 1.0x
[44.562s][info][gc            ] Trigger: Learning 4 of 5. Free (874M) is below initial threshold (875M)
[44.562s][info][gc,ergo       ] Free: 874M, Max: 512K regular, 660M humongous, Frag: 25% external, 0% internal; Reserve: 64000K, Max: 512K
[44.562s][info][gc,start      ] GC(58) Concurrent reset
[44.562s][info][gc,task       ] GC(58) Using 1 of 1 workers for concurrent reset
[44.562s][info][gc,ergo       ] GC(58) Pacer for Reset. Non-Taxable: 1250M
[44.562s][info][gc            ] GC(58) Concurrent reset 0.361ms
[44.565s][info][gc,start      ] GC(58) Pause Init Mark
[44.565s][info][gc,task       ] GC(58) Using 1 of 1 workers for init marking
[44.568s][info][gc,ergo       ] GC(58) Pacer for Mark. Expected Live: 167M, Free: 874M, Non-Taxable: 89548K, Alloc Tax Rate: 0.2x
[44.568s][info][gc            ] GC(58) Pause Init Mark 3.336ms
[44.568s][info][gc,start      ] GC(58) Concurrent marking
[44.568s][info][gc,task       ] GC(58) Using 1 of 1 workers for concurrent marking
[44.808s][info][gc            ] GC(58) Concurrent marking 239.739ms
[44.808s][info][gc,start      ] GC(58) Pause Final Mark
[44.808s][info][gc,task       ] GC(58) Using 1 of 1 workers for final marking
[44.809s][info][gc,ergo       ] GC(58) Collectable Garbage: 140M (97%), Immediate: 140M (97%), CSet: 0B (0%)
[44.809s][info][gc            ] GC(58) Pause Final Mark 0.426ms
[44.809s][info][gc,start      ] GC(58) Concurrent cleanup
[44.809s][info][gc            ] GC(58) Concurrent cleanup 440M->300M(529M) 0.059ms
[44.809s][info][gc,ergo       ] GC(58) Free: 886M, Max: 512K regular, 670M humongous, Frag: 25% external, 0% internal; Reserve: 64000K, Max: 512K
[44.809s][info][gc,ergo       ] Free: 886M, Max: 512K regular, 670M humongous, Frag: 25% external, 0% internal; Reserve: 64000K, Max: 512K
[44.809s][info][gc,stats      ] 
[44.809s][info][gc,stats      ] All times are wall-clock times, except per-root-class counters, that are sum over
[44.809s][info][gc,stats      ] all workers. Dividing the <total> over the root stage time estimates parallelism.
[44.809s][info][gc,stats      ] 
[44.809s][info][gc,stats      ] Concurrent Reset                    346 us
[44.809s][info][gc,stats      ] Pause Init Mark (G)                6105 us
[44.809s][info][gc,stats      ] Pause Init Mark (N)                3272 us
[44.809s][info][gc,stats      ]   Accumulate Stats                   45 us
[44.809s][info][gc,stats      ]   Make Parsable                      25 us
[44.809s][info][gc,stats      ]   Update Region States               88 us
[44.809s][info][gc,stats      ]   Scan Roots                       2997 us, parallelism: 0.86x
[44.809s][info][gc,stats      ]     S: <total>                     2565 us
[44.809s][info][gc,stats      ]     S: Thread Roots                1188 us, workers (us): 1188, 
[44.809s][info][gc,stats      ]     S: Universe Roots                 5 us, workers (us):   5, 
[44.809s][info][gc,stats      ]     S: JNI Handles Roots              3 us, workers (us):   3, 
[44.809s][info][gc,stats      ]     S: Synchronizer Roots             0 us, workers (us):   0, 
[44.809s][info][gc,stats      ]     S: Management Roots               2 us, workers (us):   2, 
[44.809s][info][gc,stats      ]     S: System Dict Roots             21 us, workers (us):  21, 
[44.809s][info][gc,stats      ]     S: CLDG Roots                  1345 us, workers (us): 1345, 
[44.809s][info][gc,stats      ]     S: JVMTI Roots                    1 us, workers (us):   1, 
[44.809s][info][gc,stats      ]   Resize TLABs                       36 us
[44.809s][info][gc,stats      ] Concurrent Marking               239723 us
[44.809s][info][gc,stats      ] Pause Final Mark (G)                584 us
[44.809s][info][gc,stats      ] Pause Final Mark (N)                407 us
[44.809s][info][gc,stats      ]   Finish Queues                      18 us
[44.809s][info][gc,stats      ]   System Purge                      280 us
[44.809s][info][gc,stats      ]     Weak Roots                      279 us
[44.809s][info][gc,stats      ]   Update Region States               45 us
[44.809s][info][gc,stats      ]   Retire TLABs                       26 us
[44.809s][info][gc,stats      ]   Choose Collection Set              21 us
[44.809s][info][gc,stats      ]   Rebuild Free Set                    9 us
[44.809s][info][gc,stats      ] Concurrent Cleanup                   51 us
[44.809s][info][gc,stats      ] 
[44.809s][info][gc,stats      ] Allocation pacing accrued:
[44.809s][info][gc,stats      ]       0 of   278 ms (  0.0%): <total>
[44.809s][info][gc,stats      ]       0 of   278 ms (  0.0%): <average total>
[44.809s][info][gc,stats      ] 
[44.809s][info][gc,metaspace  ] Metaspace: 60718K->60718K(1103872K)
[44.809s][info][gc,ergo       ] Pacer for Idle. Initial: 25600K, Alloc Tax Rate: 1.0x
[44.825s][info][gc            ] Trigger: Learning 5 of 5. Free (874M) is below initial threshold (875M)
[44.825s][info][gc,ergo       ] Free: 874M, Max: 512K regular, 670M humongous, Frag: 24% external, 0% internal; Reserve: 64000K, Max: 512K
[44.825s][info][gc,start      ] GC(59) Concurrent reset
[44.825s][info][gc,task       ] GC(59) Using 1 of 1 workers for concurrent reset
[44.825s][info][gc,ergo       ] GC(59) Pacer for Reset. Non-Taxable: 1250M
[44.825s][info][gc            ] GC(59) Concurrent reset 0.264ms
[44.828s][info][gc,start      ] GC(59) Pause Init Mark
[44.828s][info][gc,task       ] GC(59) Using 1 of 1 workers for init marking
[44.829s][info][gc,ergo       ] GC(59) Pacer for Mark. Expected Live: 167M, Free: 874M, Non-Taxable: 89497K, Alloc Tax Rate: 0.2x
[44.829s][info][gc            ] GC(59) Pause Init Mark 1.622ms
[44.829s][info][gc,start      ] GC(59) Concurrent marking
[44.829s][info][gc,task       ] GC(59) Using 1 of 1 workers for concurrent marking
[45.042s][info][gc            ] GC(59) Concurrent marking 212.894ms
[45.043s][info][gc,start      ] GC(59) Pause Final Mark
[45.043s][info][gc,task       ] GC(59) Using 1 of 1 workers for final marking
[45.043s][info][gc,ergo       ] GC(59) Collectable Garbage: 140M (97%), Immediate: 140M (97%), CSet: 0B (0%)
[45.043s][info][gc            ] GC(59) Pause Final Mark 0.433ms
[45.043s][info][gc,start      ] GC(59) Concurrent cleanup
[45.043s][info][gc            ] GC(59) Concurrent cleanup 438M->298M(529M) 0.203ms
[45.043s][info][gc,ergo       ] GC(59) Free: 888M, Max: 512K regular, 748M humongous, Frag: 16% external, 0% internal; Reserve: 64000K, Max: 512K
[45.043s][info][gc,ergo       ] Free: 888M, Max: 512K regular, 748M humongous, Frag: 16% external, 0% internal; Reserve: 64000K, Max: 512K
[45.043s][info][gc,stats      ] 
[45.043s][info][gc,stats      ] All times are wall-clock times, except per-root-class counters, that are sum over
[45.043s][info][gc,stats      ] all workers. Dividing the <total> over the root stage time estimates parallelism.
[45.043s][info][gc,stats      ] 
[45.043s][info][gc,stats      ] Concurrent Reset                    255 us
[45.043s][info][gc,stats      ] Pause Init Mark (G)                3946 us
[45.043s][info][gc,stats      ] Pause Init Mark (N)                1596 us
[45.043s][info][gc,stats      ]   Accumulate Stats                   23 us
[45.043s][info][gc,stats      ]   Make Parsable                      17 us
[45.043s][info][gc,stats      ]   Update Region States               32 us
[45.043s][info][gc,stats      ]   Scan Roots                       1475 us, parallelism: 0.78x
[45.043s][info][gc,stats      ]     S: <total>                     1153 us
[45.043s][info][gc,stats      ]     S: Thread Roots                 592 us, workers (us): 592, 
[45.044s][info][gc,stats      ]     S: Universe Roots                 3 us, workers (us):   3, 
[45.044s][info][gc,stats      ]     S: JNI Handles Roots              2 us, workers (us):   2, 
[45.044s][info][gc,stats      ]     S: Synchronizer Roots             0 us, workers (us):   0, 
[45.044s][info][gc,stats      ]     S: Management Roots               1 us, workers (us):   1, 
[45.044s][info][gc,stats      ]     S: System Dict Roots             10 us, workers (us):  10, 
[45.044s][info][gc,stats      ]     S: CLDG Roots                   544 us, workers (us): 544, 
[45.044s][info][gc,stats      ]     S: JVMTI Roots                    0 us, workers (us):   0, 
[45.044s][info][gc,stats      ]   Resize TLABs                       16 us
[45.044s][info][gc,stats      ] Concurrent Marking               212886 us
[45.044s][info][gc,stats      ] Pause Final Mark (G)                631 us
[45.044s][info][gc,stats      ] Pause Final Mark (N)                414 us
[45.044s][info][gc,stats      ]   Finish Queues                      20 us
[45.044s][info][gc,stats      ]   System Purge                      254 us
[45.044s][info][gc,stats      ]     Weak Roots                      253 us
[45.044s][info][gc,stats      ]   Update Region States               44 us
[45.044s][info][gc,stats      ]   Retire TLABs                       21 us
[45.044s][info][gc,stats      ]   Choose Collection Set              54 us
[45.044s][info][gc,stats      ]   Rebuild Free Set                   13 us
[45.044s][info][gc,stats      ] Concurrent Cleanup                  158 us
[45.044s][info][gc,stats      ] Pacing                            10539 us
[45.044s][info][gc,stats      ] 
[45.044s][info][gc,stats      ] Allocation pacing accrued:
[45.044s][info][gc,stats      ]      11 of   235 ms (  4.5%): Executor task launch worker for task 0.0 in stage 22.0 (TID 22)
[45.044s][info][gc,stats      ]      11 of   235 ms (  4.5%): <total>
[45.044s][info][gc,stats      ]       0 of   235 ms (  0.0%): <average total>
[45.044s][info][gc,stats      ]      11 of   235 ms (  4.5%): <average non-zero>
[45.044s][info][gc,stats      ] 
[45.044s][info][gc,metaspace  ] Metaspace: 60718K->60718K(1103872K)
[45.044s][info][gc,ergo       ] Pacer for Idle. Initial: 25600K, Alloc Tax Rate: 1.0x
[45.495s][info][gc            ] Trigger: Average GC time (350.00 ms) is above the time for allocation rate (935 MB/s) to deplete free headroom (326M)
[45.495s][info][gc,ergo       ] Free headroom: 388M (free) - 64000K (spike) - 0B (penalties) = 326M
[45.495s][info][gc,ergo       ] Free: 388M, Max: 512K regular, 388M humongous, Frag: 0% external, 0% internal; Reserve: 64000K, Max: 512K
[45.495s][info][gc,start      ] GC(60) Concurrent reset
[45.495s][info][gc,task       ] GC(60) Using 1 of 1 workers for concurrent reset
[45.495s][info][gc,ergo       ] GC(60) Pacer for Reset. Non-Taxable: 1250M
[45.495s][info][gc            ] GC(60) Concurrent reset 0.314ms
[45.498s][info][gc,start      ] GC(60) Pause Init Mark (process weakrefs)
[45.498s][info][gc,task       ] GC(60) Using 1 of 1 workers for init marking
[45.500s][info][gc,ergo       ] GC(60) Pacer for Mark. Expected Live: 167M, Free: 388M, Non-Taxable: 39782K, Alloc Tax Rate: 0.5x
[45.500s][info][gc            ] GC(60) Pause Init Mark (process weakrefs) 1.576ms
[45.500s][info][gc,start      ] GC(60) Concurrent marking (process weakrefs)
[45.500s][info][gc,task       ] GC(60) Using 1 of 1 workers for concurrent marking
[45.667s][info][gc            ] GC(60) Concurrent marking (process weakrefs) 166.690ms
[45.667s][info][gc,start      ] GC(60) Concurrent precleaning
[45.667s][info][gc,task       ] GC(60) Using 1 of 1 workers for concurrent preclean
[45.667s][info][gc,ergo       ] GC(60) Pacer for Precleaning. Non-Taxable: 1250M
[45.667s][info][gc            ] GC(60) Concurrent precleaning 0.543ms
[45.668s][info][gc,start      ] GC(60) Pause Final Mark (process weakrefs)
[45.668s][info][gc,task       ] GC(60) Using 1 of 1 workers for final marking
[45.668s][info][gc,ergo       ] GC(60) Collectable Garbage: 625M (99%), Immediate: 625M (99%), CSet: 0B (0%)
[45.668s][info][gc            ] GC(60) Pause Final Mark (process weakrefs) 0.415ms
[45.668s][info][gc,start      ] GC(60) Concurrent cleanup
[45.668s][info][gc            ] GC(60) Concurrent cleanup 856M->230M(859M) 0.095ms
[45.668s][info][gc,ergo       ] GC(60) Free: 955M, Max: 512K regular, 344M humongous, Frag: 64% external, 0% internal; Reserve: 64000K, Max: 512K
[45.668s][info][gc,ergo       ] Free: 955M, Max: 512K regular, 344M humongous, Frag: 64% external, 0% internal; Reserve: 64000K, Max: 512K
[45.668s][info][gc,stats      ] 
[45.668s][info][gc,stats      ] All times are wall-clock times, except per-root-class counters, that are sum over
[45.668s][info][gc,stats      ] all workers. Dividing the <total> over the root stage time estimates parallelism.
[45.668s][info][gc,stats      ] 
[45.668s][info][gc,stats      ] Concurrent Reset                    304 us
[45.668s][info][gc,stats      ] Pause Init Mark (G)                4956 us
[45.668s][info][gc,stats      ] Pause Init Mark (N)                1547 us
[45.668s][info][gc,stats      ]   Accumulate Stats                   25 us
[45.668s][info][gc,stats      ]   Make Parsable                      15 us
[45.668s][info][gc,stats      ]   Update Region States               38 us
[45.668s][info][gc,stats      ]   Scan Roots                       1426 us, parallelism: 0.81x
[45.668s][info][gc,stats      ]     S: <total>                     1153 us
[45.668s][info][gc,stats      ]     S: Thread Roots                 590 us, workers (us): 590, 
[45.668s][info][gc,stats      ]     S: Universe Roots                 2 us, workers (us):   2, 
[45.668s][info][gc,stats      ]     S: JNI Handles Roots              1 us, workers (us):   1, 
[45.668s][info][gc,stats      ]     S: Synchronizer Roots             0 us, workers (us):   0, 
[45.668s][info][gc,stats      ]     S: Management Roots               1 us, workers (us):   1, 
[45.668s][info][gc,stats      ]     S: System Dict Roots             12 us, workers (us):  12, 
[45.668s][info][gc,stats      ]     S: CLDG Roots                   545 us, workers (us): 545, 
[45.668s][info][gc,stats      ]     S: JVMTI Roots                    0 us, workers (us):   0, 
[45.668s][info][gc,stats      ]   Resize TLABs                       13 us
[45.668s][info][gc,stats      ] Concurrent Marking               166680 us
[45.668s][info][gc,stats      ] Concurrent Precleaning              535 us
[45.668s][info][gc,stats      ] Pause Final Mark (G)                587 us
[45.668s][info][gc,stats      ] Pause Final Mark (N)                407 us
[45.668s][info][gc,stats      ]   Finish Queues                      14 us
[45.668s][info][gc,stats      ]   Weak References                    20 us
[45.668s][info][gc,stats      ]     Process                          18 us
[45.668s][info][gc,stats      ]   System Purge                      278 us
[45.668s][info][gc,stats      ]     Weak Roots                      278 us
[45.668s][info][gc,stats      ]   Update Region States               40 us
[45.668s][info][gc,stats      ]   Retire TLABs                       22 us
[45.668s][info][gc,stats      ]   Choose Collection Set              18 us
[45.668s][info][gc,stats      ]   Rebuild Free Set                    8 us
[45.668s][info][gc,stats      ] Concurrent Cleanup                   88 us
[45.668s][info][gc,stats      ] Pacing                            36354 us
[45.668s][info][gc,stats      ] 
[45.668s][info][gc,stats      ] Allocation pacing accrued:
[45.668s][info][gc,stats      ]      36 of   625 ms (  5.8%): Executor task launch worker for task 0.0 in stage 22.0 (TID 22)
[45.668s][info][gc,stats      ]      36 of   625 ms (  5.8%): <total>
[45.668s][info][gc,stats      ]       0 of   625 ms (  0.0%): <average total>
[45.668s][info][gc,stats      ]      36 of   625 ms (  5.8%): <average non-zero>
[45.668s][info][gc,stats      ] 
[45.668s][info][gc,metaspace  ] Metaspace: 60719K->60719K(1103872K)
[45.668s][info][gc,ergo       ] Pacer for Idle. Initial: 25600K, Alloc Tax Rate: 1.0x
[46.114s][info][gc            ] Trigger: Average GC time (359.47 ms) is above the time for allocation rate (973 MB/s) to deplete free headroom (349M)
[46.114s][info][gc,ergo       ] Free headroom: 411M (free) - 64000K (spike) - 0B (penalties) = 349M
[46.114s][info][gc,ergo       ] Free: 411M, Max: 512K regular, 330M humongous, Frag: 20% external, 0% internal; Reserve: 64000K, Max: 512K
[46.114s][info][gc,start      ] GC(61) Concurrent reset
[46.114s][info][gc,task       ] GC(61) Using 1 of 1 workers for concurrent reset
[46.114s][info][gc,ergo       ] GC(61) Pacer for Reset. Non-Taxable: 1250M
[46.114s][info][gc            ] GC(61) Concurrent reset 0.268ms
[46.117s][info][gc,start      ] GC(61) Pause Init Mark
[46.117s][info][gc,task       ] GC(61) Using 1 of 1 workers for init marking
[46.118s][info][gc,ergo       ] GC(61) Pacer for Mark. Expected Live: 167M, Free: 411M, Non-Taxable: 42137K, Alloc Tax Rate: 0.5x
[46.118s][info][gc            ] GC(61) Pause Init Mark 1.675ms
[46.118s][info][gc,start      ] GC(61) Concurrent marking
[46.118s][info][gc,task       ] GC(61) Using 1 of 1 workers for concurrent marking
[46.272s][info][gc            ] GC(61) Concurrent marking 153.459ms
[46.272s][info][gc,start      ] GC(61) Pause Final Mark
[46.272s][info][gc,task       ] GC(61) Using 1 of 1 workers for final marking
[46.273s][info][gc,ergo       ] GC(61) Collectable Garbage: 599M (98%), Immediate: 599M (98%), CSet: 0B (0%)
[46.273s][info][gc            ] GC(61) Pause Final Mark 0.436ms
[46.273s][info][gc,start      ] GC(61) Concurrent cleanup
[46.273s][info][gc            ] GC(61) Concurrent cleanup 837M->237M(859M) 0.093ms
[46.273s][info][gc,ergo       ] GC(61) Free: 948M, Max: 512K regular, 408M humongous, Frag: 57% external, 0% internal; Reserve: 64000K, Max: 512K
[46.273s][info][gc,ergo       ] Free: 948M, Max: 512K regular, 408M humongous, Frag: 57% external, 0% internal; Reserve: 64000K, Max: 512K
[46.273s][info][gc,stats      ] 
[46.273s][info][gc,stats      ] All times are wall-clock times, except per-root-class counters, that are sum over
[46.273s][info][gc,stats      ] all workers. Dividing the <total> over the root stage time estimates parallelism.
[46.273s][info][gc,stats      ] 
[46.273s][info][gc,stats      ] Concurrent Reset                    259 us
[46.273s][info][gc,stats      ] Pause Init Mark (G)                4000 us
[46.273s][info][gc,stats      ] Pause Init Mark (N)                1647 us
[46.273s][info][gc,stats      ]   Accumulate Stats                   23 us
[46.273s][info][gc,stats      ]   Make Parsable                      19 us
[46.273s][info][gc,stats      ]   Update Region States               85 us
[46.273s][info][gc,stats      ]   Scan Roots                       1467 us, parallelism: 0.80x
[46.273s][info][gc,stats      ]     S: <total>                     1176 us
[46.273s][info][gc,stats      ]     S: Thread Roots                 630 us, workers (us): 630, 
[46.273s][info][gc,stats      ]     S: Universe Roots                 3 us, workers (us):   3, 
[46.273s][info][gc,stats      ]     S: JNI Handles Roots              2 us, workers (us):   2, 
[46.273s][info][gc,stats      ]     S: Synchronizer Roots             0 us, workers (us):   0, 
[46.273s][info][gc,stats      ]     S: Management Roots               2 us, workers (us):   2, 
[46.273s][info][gc,stats      ]     S: System Dict Roots             10 us, workers (us):  10, 
[46.273s][info][gc,stats      ]     S: CLDG Roots                   529 us, workers (us): 529, 
[46.273s][info][gc,stats      ]     S: JVMTI Roots                    0 us, workers (us):   0, 
[46.273s][info][gc,stats      ]   Resize TLABs                       16 us
[46.273s][info][gc,stats      ] Concurrent Marking               153450 us
[46.273s][info][gc,stats      ] Pause Final Mark (G)                597 us
[46.273s][info][gc,stats      ] Pause Final Mark (N)                426 us
[46.273s][info][gc,stats      ]   Finish Queues                      15 us
[46.273s][info][gc,stats      ]   System Purge                      301 us
[46.273s][info][gc,stats      ]     Weak Roots                      301 us
[46.273s][info][gc,stats      ]   Update Region States               40 us
[46.273s][info][gc,stats      ]   Retire TLABs                       27 us
[46.273s][info][gc,stats      ]   Choose Collection Set              28 us
[46.273s][info][gc,stats      ]   Rebuild Free Set                    9 us
[46.273s][info][gc,stats      ] Concurrent Cleanup                   86 us
[46.273s][info][gc,stats      ] Pacing                            58478 us
[46.273s][info][gc,stats      ] 
[46.273s][info][gc,stats      ] Allocation pacing accrued:
[46.273s][info][gc,stats      ]      58 of   605 ms (  9.7%): Executor task launch worker for task 0.0 in stage 22.0 (TID 22)
[46.273s][info][gc,stats      ]      58 of   605 ms (  9.7%): <total>
[46.273s][info][gc,stats      ]       0 of   605 ms (  0.0%): <average total>
[46.273s][info][gc,stats      ]      58 of   605 ms (  9.7%): <average non-zero>
[46.273s][info][gc,stats      ] 
[46.273s][info][gc,metaspace  ] Metaspace: 60720K->60720K(1103872K)
[46.273s][info][gc,ergo       ] Pacer for Idle. Initial: 25600K, Alloc Tax Rate: 1.0x
[46.570s][info][gc            ] Trigger: Explicit GC request (System.gc())
[46.571s][info][gc,ergo       ] Free: 627M, Max: 512K regular, 408M humongous, Frag: 35% external, 0% internal; Reserve: 64000K, Max: 512K
[46.571s][info][gc,start      ] GC(62) Concurrent reset
[46.571s][info][gc,task       ] GC(62) Using 1 of 1 workers for concurrent reset
[46.571s][info][gc,ergo       ] GC(62) Pacer for Reset. Non-Taxable: 1250M
[46.571s][info][gc            ] GC(62) Concurrent reset 0.274ms
[46.571s][info][gc,start      ] GC(62) Pause Init Mark (process weakrefs) (unload classes)
[46.571s][info][gc,task       ] GC(62) Using 1 of 1 workers for init marking
[46.572s][info][gc,ergo       ] GC(62) Pacer for Mark. Expected Live: 167M, Free: 627M, Non-Taxable: 64205K, Alloc Tax Rate: 0.3x
[46.572s][info][gc            ] GC(62) Pause Init Mark (process weakrefs) (unload classes) 1.108ms
[46.572s][info][gc,start      ] GC(62) Concurrent marking (process weakrefs) (unload classes)
[46.572s][info][gc,task       ] GC(62) Using 1 of 1 workers for concurrent marking
[46.765s][info][gc            ] GC(62) Concurrent marking (process weakrefs) (unload classes) 192.390ms
[46.765s][info][gc,start      ] GC(62) Concurrent precleaning
[46.765s][info][gc,task       ] GC(62) Using 1 of 1 workers for concurrent preclean
[46.765s][info][gc,ergo       ] GC(62) Pacer for Precleaning. Non-Taxable: 1250M
[46.765s][info][gc            ] GC(62) Concurrent precleaning 0.313ms
[46.765s][info][gc,start      ] GC(62) Pause Final Mark (process weakrefs) (unload classes)
[46.765s][info][gc,task       ] GC(62) Using 1 of 1 workers for final marking
[46.800s][info][gc,stringtable] GC(62) Cleaned string and symbol table, strings: 18596 processed, 0 removed, symbols: 131966 processed, 200 removed
[46.800s][info][gc,ergo       ] GC(62) Collectable Garbage: 381M (97%), Immediate: 381M (97%), CSet: 0B (0%)
[46.800s][info][gc            ] GC(62) Pause Final Mark (process weakrefs) (unload classes) 34.728ms
[46.800s][info][gc,start      ] GC(62) Concurrent cleanup
[46.800s][info][gc            ] GC(62) Concurrent cleanup 558M->177M(859M) 0.079ms
[46.800s][info][gc,ergo       ] GC(62) Free: 1008M, Max: 512K regular, 477M humongous, Frag: 53% external, 0% internal; Reserve: 64000K, Max: 512K
[46.800s][info][gc,ergo       ] Free: 1008M, Max: 512K regular, 477M humongous, Frag: 53% external, 0% internal; Reserve: 64000K, Max: 512K
[46.800s][info][gc,stats      ] 
[46.800s][info][gc,stats      ] All times are wall-clock times, except per-root-class counters, that are sum over
[46.800s][info][gc,stats      ] all workers. Dividing the <total> over the root stage time estimates parallelism.
[46.800s][info][gc,stats      ] 
[46.800s][info][gc,stats      ] Concurrent Reset                    264 us
[46.800s][info][gc,stats      ] Pause Init Mark (G)                1477 us
[46.800s][info][gc,stats      ] Pause Init Mark (N)                1092 us
[46.800s][info][gc,stats      ]   Accumulate Stats                   23 us
[46.800s][info][gc,stats      ]   Make Parsable                      18 us
[46.800s][info][gc,stats      ]   Update Region States               28 us
[46.800s][info][gc,stats      ]   Scan Roots                        969 us, parallelism: 0.66x
[46.800s][info][gc,stats      ]     S: <total>                      643 us
[46.800s][info][gc,stats      ]     S: Thread Roots                 533 us, workers (us): 533, 
[46.800s][info][gc,stats      ]     S: Universe Roots                 3 us, workers (us):   3, 
[46.800s][info][gc,stats      ]     S: JNI Handles Roots              2 us, workers (us):   2, 
[46.800s][info][gc,stats      ]     S: Synchronizer Roots             0 us, workers (us):   0, 
[46.800s][info][gc,stats      ]     S: Management Roots               2 us, workers (us):   2, 
[46.800s][info][gc,stats      ]     S: System Dict Roots             10 us, workers (us):  10, 
[46.800s][info][gc,stats      ]     S: CLDG Roots                    94 us, workers (us):  94, 
[46.800s][info][gc,stats      ]     S: JVMTI Roots                    1 us, workers (us):   1, 
[46.800s][info][gc,stats      ]   Resize TLABs                       10 us
[46.800s][info][gc,stats      ] Concurrent Marking               192381 us
[46.800s][info][gc,stats      ] Concurrent Precleaning              302 us
[46.800s][info][gc,stats      ] Pause Final Mark (G)              34982 us
[46.800s][info][gc,stats      ] Pause Final Mark (N)              34717 us
[46.800s][info][gc,stats      ]   Finish Queues                     132 us
[46.800s][info][gc,stats      ]   Weak References                    49 us
[46.800s][info][gc,stats      ]     Process                          46 us
[46.800s][info][gc,stats      ]   System Purge                      320 us
[46.800s][info][gc,stats      ]     Unload Classes                 1118 us
[46.800s][info][gc,stats      ]     Cleanup                       32699 us, parallelism: 1.00x
[46.800s][info][gc,stats      ]       CU: <total>                 32620 us
[46.800s][info][gc,stats      ]       CU: Code Cache Roots        17856 us, workers (us): 17856, 
[46.800s][info][gc,stats      ]       CU: Code Cache Cleaning      1613 us, workers (us): 1613, 
[46.800s][info][gc,stats      ]       CU: String Table Roots       6658 us, workers (us): 6658, 
[46.800s][info][gc,stats      ]       CU: Resolved Table Roots      143 us, workers (us): 143, 
[46.800s][info][gc,stats      ]       CU: CLDG Roots               6350 us, workers (us): 6350, 
[46.800s][info][gc,stats      ]     Weak Roots                      319 us
[46.800s][info][gc,stats      ]     CLDG                            234 us
[46.800s][info][gc,stats      ]   Update Region States               45 us
[46.800s][info][gc,stats      ]   Retire TLABs                       79 us
[46.800s][info][gc,stats      ]   Choose Collection Set              24 us
[46.800s][info][gc,stats      ]   Rebuild Free Set                   10 us
[46.800s][info][gc,stats      ] Concurrent Cleanup                   69 us
[46.800s][info][gc,stats      ] Pacing                             6638 us
[46.800s][info][gc,stats      ] 
[46.800s][info][gc,stats      ] Allocation pacing accrued:
[46.800s][info][gc,stats      ]       7 of   528 ms (  1.3%): Executor task launch worker for task 0.0 in stage 23.0 (TID 23)
[46.800s][info][gc,stats      ]       7 of   528 ms (  1.3%): <total>
[46.800s][info][gc,stats      ]       0 of   528 ms (  0.0%): <average total>
[46.800s][info][gc,stats      ]       7 of   528 ms (  1.3%): <average non-zero>
[46.800s][info][gc,stats      ] 
[46.800s][info][gc,metaspace  ] Metaspace: 60762K->60384K(1103872K)
[46.800s][info][gc,ergo       ] Pacer for Idle. Initial: 25600K, Alloc Tax Rate: 1.0x
[46.800s][info][gc,start      ] Concurrent uncommit
[46.849s][info][gc            ] Concurrent uncommit 177M->177M(179M) 48.180ms
[47.332s][info][gc            ] Trigger: Learning 2 of 5. Free (874M) is below initial threshold (875M)
[47.332s][info][gc,ergo       ] Free: 874M, Max: 512K regular, 477M humongous, Frag: 46% external, 0% internal; Reserve: 64000K, Max: 512K
[47.332s][info][gc,start      ] GC(63) Concurrent reset
[47.332s][info][gc,task       ] GC(63) Using 1 of 1 workers for concurrent reset
[47.332s][info][gc,ergo       ] GC(63) Pacer for Reset. Non-Taxable: 1250M
[47.332s][info][gc            ] GC(63) Concurrent reset 0.322ms
[47.335s][info][gc,start      ] GC(63) Pause Init Mark
[47.335s][info][gc,task       ] GC(63) Using 1 of 1 workers for init marking
[47.337s][info][gc,ergo       ] GC(63) Pacer for Mark. Expected Live: 167M, Free: 874M, Non-Taxable: 89599K, Alloc Tax Rate: 0.2x
[47.337s][info][gc            ] GC(63) Pause Init Mark 2.151ms
[47.337s][info][gc,start      ] GC(63) Concurrent marking
[47.337s][info][gc,task       ] GC(63) Using 1 of 1 workers for concurrent marking
[47.689s][info][gc            ] GC(63) Concurrent marking 351.779ms
[47.701s][info][gc,start      ] GC(63) Pause Final Mark
[47.701s][info][gc,task       ] GC(63) Using 1 of 1 workers for final marking
[47.702s][info][gc,ergo       ] GC(63) Adaptive CSet Selection. Target Free: 177M, Actual Free: 943M, Max CSet: 53333K, Min Garbage: 0B
[47.702s][info][gc,ergo       ] GC(63) Collectable Garbage: 139M (98%), Immediate: 111M (78%), CSet: 28791K (19%)
[47.704s][info][gc,ergo       ] GC(63) Pacer for Evacuation. Used CSet: 30673K, Free: 882M, Non-Taxable: 90316K, Alloc Tax Rate: 1.1x
[47.705s][info][gc            ] GC(63) Pause Final Mark 3.359ms
[47.705s][info][gc,start      ] GC(63) Concurrent cleanup
[47.705s][info][gc            ] GC(63) Concurrent cleanup 415M->304M(419M) 0.064ms
[47.705s][info][gc,ergo       ] GC(63) Free: 882M, Max: 512K regular, 477M humongous, Frag: 46% external, 0% internal; Reserve: 63744K, Max: 512K
[47.705s][info][gc,start      ] GC(63) Concurrent evacuation
[47.705s][info][gc,task       ] GC(63) Using 1 of 1 workers for concurrent evacuation
[47.709s][info][gc            ] GC(63) Concurrent evacuation 3.856ms
[47.711s][info][gc,start      ] GC(63) Pause Init Update Refs
[47.711s][info][gc,ergo       ] GC(63) Pacer for Update Refs. Used: 308M, Free: 879M, Non-Taxable: 90060K, Alloc Tax Rate: 1.1x
[47.711s][info][gc            ] GC(63) Pause Init Update Refs 0.058ms
[47.711s][info][gc,start      ] GC(63) Concurrent update references
[47.711s][info][gc,task       ] GC(63) Using 1 of 1 workers for concurrent reference update
[48.169s][info][gc            ] GC(63) Concurrent update references 458.284ms
[48.172s][info][gc,start      ] GC(63) Pause Final Update Refs
[48.172s][info][gc,task       ] GC(63) Using 1 of 1 workers for final reference update
[48.173s][info][gc            ] GC(63) Pause Final Update Refs 0.665ms
[48.174s][info][gc,start      ] GC(63) Concurrent cleanup
[48.174s][info][gc            ] GC(63) Concurrent cleanup 454M->425M(455M) 0.063ms
[48.174s][info][gc,ergo       ] Free: 761M, Max: 512K regular, 738M humongous, Frag: 4% external, 0% internal; Reserve: 64000K, Max: 512K
[48.174s][info][gc,stats      ] 
[48.174s][info][gc,stats      ] All times are wall-clock times, except per-root-class counters, that are sum over
[48.174s][info][gc,stats      ] all workers. Dividing the <total> over the root stage time estimates parallelism.
[48.174s][info][gc,stats      ] 
[48.174s][info][gc,stats      ] Concurrent Reset                    310 us
[48.174s][info][gc,stats      ] Pause Init Mark (G)                4653 us
[48.174s][info][gc,stats      ] Pause Init Mark (N)                2100 us
[48.174s][info][gc,stats      ]   Accumulate Stats                   29 us
[48.174s][info][gc,stats      ]   Make Parsable                      27 us
[48.174s][info][gc,stats      ]   Update Region States               49 us
[48.174s][info][gc,stats      ]   Scan Roots                       1898 us, parallelism: 0.84x
[48.174s][info][gc,stats      ]     S: <total>                     1594 us
[48.174s][info][gc,stats      ]     S: Thread Roots                 854 us, workers (us): 854, 
[48.174s][info][gc,stats      ]     S: Universe Roots                 3 us, workers (us):   3, 
[48.174s][info][gc,stats      ]     S: JNI Handles Roots              2 us, workers (us):   2, 
[48.174s][info][gc,stats      ]     S: Synchronizer Roots             0 us, workers (us):   0, 
[48.174s][info][gc,stats      ]     S: Management Roots               2 us, workers (us):   2, 
[48.174s][info][gc,stats      ]     S: System Dict Roots             13 us, workers (us):  13, 
[48.174s][info][gc,stats      ]     S: CLDG Roots                   720 us, workers (us): 720, 
[48.174s][info][gc,stats      ]     S: JVMTI Roots                    1 us, workers (us):   1, 
[48.174s][info][gc,stats      ]   Resize TLABs                       35 us
[48.174s][info][gc,stats      ] Concurrent Marking               351764 us
[48.174s][info][gc,stats      ] Pause Final Mark (G)              15828 us
[48.174s][info][gc,stats      ] Pause Final Mark (N)               3229 us
[48.174s][info][gc,stats      ]   Finish Queues                      42 us
[48.174s][info][gc,stats      ]   System Purge                      297 us
[48.174s][info][gc,stats      ]     Weak Roots                      296 us
[48.174s][info][gc,stats      ]   Update Region States               44 us
[48.174s][info][gc,stats      ]   Retire TLABs                       27 us
[48.174s][info][gc,stats      ]   Choose Collection Set              64 us
[48.174s][info][gc,stats      ]   Rebuild Free Set                   10 us
[48.174s][info][gc,stats      ]   Initial Evacuation               2731 us, parallelism: 0.66x
[48.174s][info][gc,stats      ]     E: <total>                     1812 us
[48.174s][info][gc,stats      ]     E: Thread Roots                 710 us, workers (us): 710, 
[48.174s][info][gc,stats      ]     E: Code Cache Roots             410 us, workers (us): 410, 
[48.174s][info][gc,stats      ]     E: Universe Roots                 1 us, workers (us):   1, 
[48.174s][info][gc,stats      ]     E: JNI Handles Roots              1 us, workers (us):   1, 
[48.174s][info][gc,stats      ]     E: Synchronizer Roots             0 us, workers (us):   0, 
[48.174s][info][gc,stats      ]     E: Management Roots               2 us, workers (us):   2, 
[48.174s][info][gc,stats      ]     E: System Dict Roots             39 us, workers (us):  39, 
[48.174s][info][gc,stats      ]     E: CLDG Roots                   648 us, workers (us): 648, 
[48.174s][info][gc,stats      ]     E: JVMTI Roots                    1 us, workers (us):   1, 
[48.174s][info][gc,stats      ] Concurrent Cleanup                   55 us
[48.174s][info][gc,stats      ] Concurrent Evacuation              3844 us
[48.174s][info][gc,stats      ] Pause Init  Update Refs (G)        2637 us
[48.174s][info][gc,stats      ] Pause Init  Update Refs (N)          24 us
[48.174s][info][gc,stats      ]   Retire GCLABs                      14 us
[48.174s][info][gc,stats      ] Concurrent Update Refs           458269 us
[48.174s][info][gc,stats      ] Pause Final Update Refs (G)        4246 us
[48.174s][info][gc,stats      ] Pause Final Update Refs (N)         628 us
[48.174s][info][gc,stats      ]   Update Roots                      558 us, parallelism: 0.98x
[48.174s][info][gc,stats      ]     UR: <total>                     546 us
[48.174s][info][gc,stats      ]     UR: Thread Roots                546 us, workers (us): 546, 
[48.174s][info][gc,stats      ]   Update Region States               40 us
[48.174s][info][gc,stats      ]   Trash Collection Set                2 us
[48.174s][info][gc,stats      ]   Rebuild Free Set                    9 us
[48.174s][info][gc,stats      ] Concurrent Cleanup                   44 us
[48.174s][info][gc,stats      ] 
[48.174s][info][gc,stats      ] Allocation pacing accrued:
[48.174s][info][gc,stats      ]       0 of  1374 ms (  0.0%): <total>
[48.174s][info][gc,stats      ]       0 of  1374 ms (  0.0%): <average total>
[48.174s][info][gc,stats      ] 
[48.174s][info][gc,metaspace  ] Metaspace: 60788K->60788K(1103872K)
[48.174s][info][gc,ergo       ] Pacer for Idle. Initial: 25600K, Alloc Tax Rate: 1.0x
[48.176s][info][gc            ] Trigger: Learning 3 of 5. Free (759M) is below initial threshold (875M)
[48.176s][info][gc,ergo       ] Free: 759M, Max: 512K regular, 738M humongous, Frag: 3% external, 0% internal; Reserve: 64000K, Max: 512K
[48.176s][info][gc,start      ] GC(64) Concurrent reset
[48.176s][info][gc,task       ] GC(64) Using 1 of 1 workers for concurrent reset
[48.176s][info][gc,ergo       ] GC(64) Pacer for Reset. Non-Taxable: 1250M
[48.183s][info][gc            ] GC(64) Concurrent reset 7.213ms
[48.187s][info][gc,start      ] GC(64) Pause Init Mark
[48.187s][info][gc,task       ] GC(64) Using 1 of 1 workers for init marking
[48.188s][info][gc,ergo       ] GC(64) Pacer for Mark. Expected Live: 167M, Free: 751M, Non-Taxable: 76953K, Alloc Tax Rate: 0.3x
[48.188s][info][gc            ] GC(64) Pause Init Mark 1.677ms
[48.188s][info][gc,start      ] GC(64) Concurrent marking
[48.188s][info][gc,task       ] GC(64) Using 1 of 1 workers for concurrent marking
[48.393s][info][gc            ] GC(64) Concurrent marking 204.536ms
[48.393s][info][gc,start      ] GC(64) Pause Final Mark
[48.393s][info][gc,task       ] GC(64) Using 1 of 1 workers for final marking
[48.394s][info][gc,ergo       ] GC(64) Collectable Garbage: 263M (98%), Immediate: 263M (98%), CSet: 0B (0%)
[48.394s][info][gc            ] GC(64) Pause Final Mark 0.404ms
[48.394s][info][gc,start      ] GC(64) Concurrent cleanup
[48.394s][info][gc            ] GC(64) Concurrent cleanup 533M->270M(537M) 0.091ms
[48.394s][info][gc,ergo       ] GC(64) Free: 916M, Max: 512K regular, 653M humongous, Frag: 29% external, 0% internal; Reserve: 64000K, Max: 512K
[48.394s][info][gc,ergo       ] Free: 916M, Max: 512K regular, 653M humongous, Frag: 29% external, 0% internal; Reserve: 64000K, Max: 512K
[48.394s][info][gc,stats      ] 
[48.394s][info][gc,stats      ] All times are wall-clock times, except per-root-class counters, that are sum over
[48.394s][info][gc,stats      ] all workers. Dividing the <total> over the root stage time estimates parallelism.
[48.394s][info][gc,stats      ] 
[48.394s][info][gc,stats      ] Concurrent Reset                   7201 us
[48.394s][info][gc,stats      ] Pause Init Mark (G)                5324 us
[48.394s][info][gc,stats      ] Pause Init Mark (N)                1650 us
[48.394s][info][gc,stats      ]   Accumulate Stats                   25 us
[48.394s][info][gc,stats      ]   Make Parsable                      15 us
[48.394s][info][gc,stats      ]   Update Region States               38 us
[48.394s][info][gc,stats      ]   Scan Roots                       1516 us, parallelism: 0.82x
[48.394s][info][gc,stats      ]     S: <total>                     1236 us
[48.394s][info][gc,stats      ]     S: Thread Roots                 639 us, workers (us): 639, 
[48.394s][info][gc,stats      ]     S: Universe Roots                 3 us, workers (us):   3, 
[48.394s][info][gc,stats      ]     S: JNI Handles Roots              2 us, workers (us):   2, 
[48.394s][info][gc,stats      ]     S: Synchronizer Roots             0 us, workers (us):   0, 
[48.394s][info][gc,stats      ]     S: Management Roots               1 us, workers (us):   1, 
[48.394s][info][gc,stats      ]     S: System Dict Roots             23 us, workers (us):  23, 
[48.394s][info][gc,stats      ]     S: CLDG Roots                   566 us, workers (us): 566, 
[48.394s][info][gc,stats      ]     S: JVMTI Roots                    1 us, workers (us):   1, 
[48.394s][info][gc,stats      ]   Resize TLABs                       17 us
[48.394s][info][gc,stats      ] Concurrent Marking               204526 us
[48.394s][info][gc,stats      ] Pause Final Mark (G)                601 us
[48.394s][info][gc,stats      ] Pause Final Mark (N)                386 us
[48.394s][info][gc,stats      ]   Finish Queues                      24 us
[48.394s][info][gc,stats      ]   System Purge                      267 us
[48.394s][info][gc,stats      ]     Weak Roots                      267 us
[48.394s][info][gc,stats      ]   Update Region States               40 us
[48.394s][info][gc,stats      ]   Retire TLABs                       22 us
[48.394s][info][gc,stats      ]   Choose Collection Set              16 us
[48.394s][info][gc,stats      ]   Rebuild Free Set                    9 us
[48.394s][info][gc,stats      ] Concurrent Cleanup                   81 us
[48.394s][info][gc,stats      ] 
[48.394s][info][gc,stats      ] Allocation pacing accrued:
[48.394s][info][gc,stats      ]       0 of   220 ms (  0.0%): <total>
[48.394s][info][gc,stats      ]       0 of   220 ms (  0.0%): <average total>
[48.394s][info][gc,stats      ] 
[48.394s][info][gc,metaspace  ] Metaspace: 60788K->60788K(1103872K)
[48.394s][info][gc,ergo       ] Pacer for Idle. Initial: 25600K, Alloc Tax Rate: 1.0x
[48.427s][info][gc            ] Trigger: Learning 4 of 5. Free (874M) is below initial threshold (875M)
[48.427s][info][gc,ergo       ] Free: 874M, Max: 512K regular, 653M humongous, Frag: 26% external, 0% internal; Reserve: 64000K, Max: 512K
[48.427s][info][gc,start      ] GC(65) Concurrent reset
[48.427s][info][gc,task       ] GC(65) Using 1 of 1 workers for concurrent reset
[48.427s][info][gc,ergo       ] GC(65) Pacer for Reset. Non-Taxable: 1250M
[48.427s][info][gc            ] GC(65) Concurrent reset 0.260ms
[48.430s][info][gc,start      ] GC(65) Pause Init Mark (process weakrefs)
[48.430s][info][gc,task       ] GC(65) Using 1 of 1 workers for init marking
[48.431s][info][gc,ergo       ] GC(65) Pacer for Mark. Expected Live: 167M, Free: 874M, Non-Taxable: 89497K, Alloc Tax Rate: 0.2x
[48.431s][info][gc            ] GC(65) Pause Init Mark (process weakrefs) 1.834ms
[48.431s][info][gc,start      ] GC(65) Concurrent marking (process weakrefs)
[48.431s][info][gc,task       ] GC(65) Using 1 of 1 workers for concurrent marking
[48.660s][info][gc            ] GC(65) Concurrent marking (process weakrefs) 228.858ms
[48.660s][info][gc,start      ] GC(65) Concurrent precleaning
[48.660s][info][gc,task       ] GC(65) Using 1 of 1 workers for concurrent preclean
[48.660s][info][gc,ergo       ] GC(65) Pacer for Precleaning. Non-Taxable: 1250M
[48.661s][info][gc            ] GC(65) Concurrent precleaning 0.657ms
[48.661s][info][gc,start      ] GC(65) Pause Final Mark (process weakrefs)
[48.661s][info][gc,task       ] GC(65) Using 1 of 1 workers for final marking
[48.662s][info][gc,ergo       ] GC(65) Collectable Garbage: 140M (97%), Immediate: 140M (97%), CSet: 0B (0%)
[48.662s][info][gc            ] GC(65) Pause Final Mark (process weakrefs) 0.584ms
[48.662s][info][gc,start      ] GC(65) Concurrent cleanup
[48.662s][info][gc            ] GC(65) Concurrent cleanup 438M->297M(537M) 0.069ms
[48.662s][info][gc,ergo       ] GC(65) Free: 888M, Max: 512K regular, 670M humongous, Frag: 25% external, 0% internal; Reserve: 64000K, Max: 512K
[48.662s][info][gc,ergo       ] Free: 888M, Max: 512K regular, 670M humongous, Frag: 25% external, 0% internal; Reserve: 64000K, Max: 512K
[48.662s][info][gc,stats      ] 
[48.662s][info][gc,stats      ] All times are wall-clock times, except per-root-class counters, that are sum over
[48.662s][info][gc,stats      ] all workers. Dividing the <total> over the root stage time estimates parallelism.
[48.662s][info][gc,stats      ] 
[48.662s][info][gc,stats      ] Concurrent Reset                    251 us
[48.662s][info][gc,stats      ] Pause Init Mark (G)                4179 us
[48.662s][info][gc,stats      ] Pause Init Mark (N)                1801 us
[48.662s][info][gc,stats      ]   Accumulate Stats                   25 us
[48.662s][info][gc,stats      ]   Make Parsable                      17 us
[48.662s][info][gc,stats      ]   Update Region States               36 us
[48.662s][info][gc,stats      ]   Scan Roots                       1653 us, parallelism: 0.79x
[48.662s][info][gc,stats      ]     S: <total>                     1306 us
[48.662s][info][gc,stats      ]     S: Thread Roots                 737 us, workers (us): 737, 
[48.662s][info][gc,stats      ]     S: Universe Roots                 3 us, workers (us):   3, 
[48.662s][info][gc,stats      ]     S: JNI Handles Roots              2 us, workers (us):   2, 
[48.662s][info][gc,stats      ]     S: Synchronizer Roots             0 us, workers (us):   0, 
[48.662s][info][gc,stats      ]     S: Management Roots               2 us, workers (us):   2, 
[48.662s][info][gc,stats      ]     S: System Dict Roots             11 us, workers (us):  11, 
[48.662s][info][gc,stats      ]     S: CLDG Roots                   550 us, workers (us): 550, 
[48.662s][info][gc,stats      ]     S: JVMTI Roots                    1 us, workers (us):   1, 
[48.662s][info][gc,stats      ]   Resize TLABs                       22 us
[48.662s][info][gc,stats      ] Concurrent Marking               228849 us
[48.662s][info][gc,stats      ] Concurrent Precleaning              641 us
[48.662s][info][gc,stats      ] Pause Final Mark (G)                946 us
[48.662s][info][gc,stats      ] Pause Final Mark (N)                567 us
[48.662s][info][gc,stats      ]   Finish Queues                      36 us
[48.662s][info][gc,stats      ]   Weak References                    29 us
[48.662s][info][gc,stats      ]     Process                          27 us
[48.662s][info][gc,stats      ]   System Purge                      337 us
[48.662s][info][gc,stats      ]     Weak Roots                      336 us
[48.662s][info][gc,stats      ]   Update Region States               48 us
[48.662s][info][gc,stats      ]   Retire TLABs                       62 us
[48.662s][info][gc,stats      ]   Choose Collection Set              38 us
[48.662s][info][gc,stats      ]   Rebuild Free Set                   10 us
[48.662s][info][gc,stats      ] Concurrent Cleanup                   59 us
[48.662s][info][gc,stats      ] 
[48.662s][info][gc,stats      ] Allocation pacing accrued:
[48.662s][info][gc,stats      ]       0 of   268 ms (  0.0%): <total>
[48.662s][info][gc,stats      ]       0 of   268 ms (  0.0%): <average total>
[48.662s][info][gc,stats      ] 
[48.662s][info][gc,metaspace  ] Metaspace: 60788K->60788K(1103872K)
[48.662s][info][gc,ergo       ] Pacer for Idle. Initial: 25600K, Alloc Tax Rate: 1.0x
[48.680s][info][gc            ] Trigger: Learning 5 of 5. Free (872M) is below initial threshold (875M)
[48.680s][info][gc,ergo       ] Free: 872M, Max: 512K regular, 670M humongous, Frag: 24% external, 0% internal; Reserve: 64000K, Max: 512K
[48.680s][info][gc,start      ] GC(66) Concurrent reset
[48.680s][info][gc,task       ] GC(66) Using 1 of 1 workers for concurrent reset
[48.680s][info][gc,ergo       ] GC(66) Pacer for Reset. Non-Taxable: 1250M
[48.681s][info][gc            ] GC(66) Concurrent reset 0.257ms
[48.684s][info][gc,start      ] GC(66) Pause Init Mark
[48.684s][info][gc,task       ] GC(66) Using 1 of 1 workers for init marking
[48.686s][info][gc,ergo       ] GC(66) Pacer for Mark. Expected Live: 167M, Free: 872M, Non-Taxable: 89344K, Alloc Tax Rate: 0.2x
[48.686s][info][gc            ] GC(66) Pause Init Mark 1.742ms
[48.686s][info][gc,start      ] GC(66) Concurrent marking
[48.686s][info][gc,task       ] GC(66) Using 1 of 1 workers for concurrent marking
[48.914s][info][gc            ] GC(66) Concurrent marking 227.991ms
[48.917s][info][gc,start      ] GC(66) Pause Final Mark
[48.917s][info][gc,task       ] GC(66) Using 1 of 1 workers for final marking
[48.918s][info][gc,ergo       ] GC(66) Collectable Garbage: 139M (95%), Immediate: 139M (95%), CSet: 0B (0%)
[48.918s][info][gc            ] GC(66) Pause Final Mark 0.533ms
[48.918s][info][gc,start      ] GC(66) Concurrent cleanup
[48.918s][info][gc            ] GC(66) Concurrent cleanup 446M->306M(537M) 0.059ms
[48.918s][info][gc,ergo       ] GC(66) Free: 879M, Max: 512K regular, 740M humongous, Frag: 16% external, 0% internal; Reserve: 64000K, Max: 512K
[48.918s][info][gc,ergo       ] Free: 879M, Max: 512K regular, 740M humongous, Frag: 16% external, 0% internal; Reserve: 64000K, Max: 512K
[48.918s][info][gc,stats      ] 
[48.918s][info][gc,stats      ] All times are wall-clock times, except per-root-class counters, that are sum over
[48.918s][info][gc,stats      ] all workers. Dividing the <total> over the root stage time estimates parallelism.
[48.918s][info][gc,stats      ] 
[48.918s][info][gc,stats      ] Concurrent Reset                    249 us
[48.918s][info][gc,stats      ] Pause Init Mark (G)                5371 us
[48.918s][info][gc,stats      ] Pause Init Mark (N)                1713 us
[48.918s][info][gc,stats      ]   Accumulate Stats                   31 us
[48.918s][info][gc,stats      ]   Make Parsable                      16 us
[48.918s][info][gc,stats      ]   Update Region States               41 us
[48.918s][info][gc,stats      ]   Scan Roots                       1554 us, parallelism: 0.81x
[48.918s][info][gc,stats      ]     S: <total>                     1258 us
[48.918s][info][gc,stats      ]     S: Thread Roots                 682 us, workers (us): 682, 
[48.918s][info][gc,stats      ]     S: Universe Roots                 3 us, workers (us):   3, 
[48.918s][info][gc,stats      ]     S: JNI Handles Roots              2 us, workers (us):   2, 
[48.918s][info][gc,stats      ]     S: Synchronizer Roots             0 us, workers (us):   0, 
[48.918s][info][gc,stats      ]     S: Management Roots               2 us, workers (us):   2, 
[48.918s][info][gc,stats      ]     S: System Dict Roots             12 us, workers (us):  12, 
[48.918s][info][gc,stats      ]     S: CLDG Roots                   557 us, workers (us): 557, 
[48.918s][info][gc,stats      ]     S: JVMTI Roots                    1 us, workers (us):   1, 
[48.918s][info][gc,stats      ]   Resize TLABs                       20 us
[48.918s][info][gc,stats      ] Concurrent Marking               227978 us
[48.918s][info][gc,stats      ] Pause Final Mark (G)               3473 us
[48.918s][info][gc,stats      ] Pause Final Mark (N)                484 us
[48.918s][info][gc,stats      ]   Finish Queues                      41 us
[48.918s][info][gc,stats      ]   System Purge                      333 us
[48.918s][info][gc,stats      ]     Weak Roots                      332 us
[48.918s][info][gc,stats      ]   Update Region States               41 us
[48.918s][info][gc,stats      ]   Retire TLABs                       32 us
[48.918s][info][gc,stats      ]   Choose Collection Set              19 us
[48.918s][info][gc,stats      ]   Rebuild Free Set                    9 us
[48.918s][info][gc,stats      ] Concurrent Cleanup                   51 us
[48.918s][info][gc,stats      ] Pacing                             7863 us
[48.918s][info][gc,stats      ] 
[48.918s][info][gc,stats      ] Allocation pacing accrued:
[48.918s][info][gc,stats      ]       8 of   256 ms (  3.1%): Executor task launch worker for task 0.0 in stage 25.0 (TID 25)
[48.918s][info][gc,stats      ]       8 of   256 ms (  3.1%): <total>
[48.918s][info][gc,stats      ]       0 of   256 ms (  0.0%): <average total>
[48.918s][info][gc,stats      ]       8 of   256 ms (  3.1%): <average non-zero>
[48.918s][info][gc,stats      ] 
[48.918s][info][gc,metaspace  ] Metaspace: 60792K->60792K(1103872K)
[48.918s][info][gc,ergo       ] Pacer for Idle. Initial: 25600K, Alloc Tax Rate: 1.0x
[49.437s][info][gc            ] Trigger: Average GC time (352.48 ms) is above the time for allocation rate (858 MB/s) to deplete free headroom (301M)
[49.437s][info][gc,ergo       ] Free headroom: 363M (free) - 64000K (spike) - 0B (penalties) = 301M
[49.437s][info][gc,ergo       ] Free: 363M, Max: 512K regular, 363M humongous, Frag: 0% external, 0% internal; Reserve: 64000K, Max: 512K
[49.437s][info][gc,start      ] GC(67) Concurrent reset
[49.437s][info][gc,task       ] GC(67) Using 1 of 1 workers for concurrent reset
[49.437s][info][gc,ergo       ] GC(67) Pacer for Reset. Non-Taxable: 1250M
[49.437s][info][gc            ] GC(67) Concurrent reset 0.328ms
[49.440s][info][gc,start      ] GC(67) Pause Init Mark
[49.440s][info][gc,task       ] GC(67) Using 1 of 1 workers for init marking
[49.442s][info][gc,ergo       ] GC(67) Pacer for Mark. Expected Live: 167M, Free: 363M, Non-Taxable: 37222K, Alloc Tax Rate: 0.6x
[49.442s][info][gc            ] GC(67) Pause Init Mark 1.759ms
[49.442s][info][gc,start      ] GC(67) Concurrent marking
[49.442s][info][gc,task       ] GC(67) Using 1 of 1 workers for concurrent marking
[49.624s][info][gc            ] GC(67) Concurrent marking 182.218ms
[49.624s][info][gc,start      ] GC(67) Pause Final Mark
[49.624s][info][gc,task       ] GC(67) Using 1 of 1 workers for final marking
[49.625s][info][gc,ergo       ] GC(67) Collectable Garbage: 647M (98%), Immediate: 647M (98%), CSet: 0B (0%)
[49.625s][info][gc            ] GC(67) Pause Final Mark 0.422ms
[49.625s][info][gc,start      ] GC(67) Concurrent cleanup
[49.625s][info][gc            ] GC(67) Concurrent cleanup 878M->230M(881M) 0.097ms
[49.625s][info][gc,ergo       ] GC(67) Free: 955M, Max: 512K regular, 437M humongous, Frag: 55% external, 0% internal; Reserve: 64000K, Max: 512K
[49.625s][info][gc,ergo       ] Free: 955M, Max: 512K regular, 437M humongous, Frag: 55% external, 0% internal; Reserve: 64000K, Max: 512K
[49.625s][info][gc,stats      ] 
[49.625s][info][gc,stats      ] All times are wall-clock times, except per-root-class counters, that are sum over
[49.625s][info][gc,stats      ] all workers. Dividing the <total> over the root stage time estimates parallelism.
[49.625s][info][gc,stats      ] 
[49.625s][info][gc,stats      ] Concurrent Reset                    319 us
[49.625s][info][gc,stats      ] Pause Init Mark (G)                4391 us
[49.625s][info][gc,stats      ] Pause Init Mark (N)                1731 us
[49.625s][info][gc,stats      ]   Accumulate Stats                   25 us
[49.625s][info][gc,stats      ]   Make Parsable                      17 us
[49.625s][info][gc,stats      ]   Update Region States               37 us
[49.625s][info][gc,stats      ]   Scan Roots                       1586 us, parallelism: 0.81x
[49.625s][info][gc,stats      ]     S: <total>                     1288 us
[49.625s][info][gc,stats      ]     S: Thread Roots                 687 us, workers (us): 687, 
[49.625s][info][gc,stats      ]     S: Universe Roots                 3 us, workers (us):   3, 
[49.625s][info][gc,stats      ]     S: JNI Handles Roots              2 us, workers (us):   2, 
[49.625s][info][gc,stats      ]     S: Synchronizer Roots             0 us, workers (us):   0, 
[49.625s][info][gc,stats      ]     S: Management Roots               1 us, workers (us):   1, 
[49.625s][info][gc,stats      ]     S: System Dict Roots             11 us, workers (us):  11, 
[49.625s][info][gc,stats      ]     S: CLDG Roots                   584 us, workers (us): 584, 
[49.625s][info][gc,stats      ]     S: JVMTI Roots                    1 us, workers (us):   1, 
[49.625s][info][gc,stats      ]   Resize TLABs                       26 us
[49.625s][info][gc,stats      ] Concurrent Marking               182209 us
[49.625s][info][gc,stats      ] Pause Final Mark (G)                711 us
[49.625s][info][gc,stats      ] Pause Final Mark (N)                399 us
[49.625s][info][gc,stats      ]   Finish Queues                      31 us
[49.625s][info][gc,stats      ]   System Purge                      270 us
[49.625s][info][gc,stats      ]     Weak Roots                      269 us
[49.625s][info][gc,stats      ]   Update Region States               42 us
[49.625s][info][gc,stats      ]   Retire TLABs                       21 us
[49.625s][info][gc,stats      ]   Choose Collection Set              19 us
[49.625s][info][gc,stats      ]   Rebuild Free Set                    8 us
[49.625s][info][gc,stats      ] Concurrent Cleanup                   90 us
[49.625s][info][gc,stats      ] Pacing                            48582 us
[49.625s][info][gc,stats      ] 
[49.625s][info][gc,stats      ] Allocation pacing accrued:
[49.625s][info][gc,stats      ]      49 of   707 ms (  6.9%): Executor task launch worker for task 0.0 in stage 25.0 (TID 25)
[49.625s][info][gc,stats      ]      49 of   707 ms (  6.9%): <total>
[49.625s][info][gc,stats      ]       0 of   707 ms (  0.0%): <average total>
[49.625s][info][gc,stats      ]      49 of   707 ms (  6.9%): <average non-zero>
[49.625s][info][gc,stats      ] 
[49.625s][info][gc,metaspace  ] Metaspace: 60792K->60792K(1103872K)
[49.625s][info][gc,ergo       ] Pacer for Idle. Initial: 25600K, Alloc Tax Rate: 1.0x
[50.058s][info][gc            ] Trigger: Average GC time (344.17 ms) is above the time for allocation rate (984 MB/s) to deplete free headroom (337M)
[50.058s][info][gc,ergo       ] Free headroom: 400M (free) - 64000K (spike) - 0B (penalties) = 337M
[50.058s][info][gc,ergo       ] Free: 400M, Max: 512K regular, 308M humongous, Frag: 23% external, 0% internal; Reserve: 64000K, Max: 512K
[50.058s][info][gc,start      ] GC(68) Concurrent reset
[50.058s][info][gc,task       ] GC(68) Using 1 of 1 workers for concurrent reset
[50.058s][info][gc,ergo       ] GC(68) Pacer for Reset. Non-Taxable: 1250M
[50.058s][info][gc            ] GC(68) Concurrent reset 0.274ms
[50.061s][info][gc,start      ] GC(68) Pause Init Mark
[50.061s][info][gc,task       ] GC(68) Using 1 of 1 workers for init marking
[50.062s][info][gc,ergo       ] GC(68) Pacer for Mark. Expected Live: 167M, Free: 400M, Non-Taxable: 40960K, Alloc Tax Rate: 0.5x
[50.062s][info][gc            ] GC(68) Pause Init Mark 1.705ms
[50.062s][info][gc,start      ] GC(68) Concurrent marking
[50.062s][info][gc,task       ] GC(68) Using 1 of 1 workers for concurrent marking
[50.299s][info][gc            ] GC(68) Concurrent marking 236.932ms
[50.300s][info][gc,start      ] GC(68) Pause Final Mark
[50.300s][info][gc,task       ] GC(68) Using 1 of 1 workers for final marking
[50.300s][info][gc,ergo       ] GC(68) Collectable Garbage: 611M (98%), Immediate: 611M (98%), CSet: 0B (0%)
[50.300s][info][gc            ] GC(68) Pause Final Mark 0.405ms
[50.300s][info][gc,start      ] GC(68) Concurrent cleanup
[50.300s][info][gc            ] GC(68) Concurrent cleanup 847M->236M(881M) 0.094ms
[50.300s][info][gc,ergo       ] GC(68) Free: 950M, Max: 512K regular, 395M humongous, Frag: 59% external, 0% internal; Reserve: 64000K, Max: 512K
[50.300s][info][gc,ergo       ] Free: 950M, Max: 512K regular, 395M humongous, Frag: 59% external, 0% internal; Reserve: 64000K, Max: 512K
[50.300s][info][gc,stats      ] 
[50.300s][info][gc,stats      ] All times are wall-clock times, except per-root-class counters, that are sum over
[50.300s][info][gc,stats      ] all workers. Dividing the <total> over the root stage time estimates parallelism.
[50.300s][info][gc,stats      ] 
[50.300s][info][gc,stats      ] Concurrent Reset                    264 us
[50.300s][info][gc,stats      ] Pause Init Mark (G)                4059 us
[50.300s][info][gc,stats      ] Pause Init Mark (N)                1658 us
[50.300s][info][gc,stats      ]   Accumulate Stats                   32 us
[50.300s][info][gc,stats      ]   Make Parsable                      16 us
[50.300s][info][gc,stats      ]   Update Region States               37 us
[50.300s][info][gc,stats      ]   Scan Roots                       1515 us, parallelism: 0.82x
[50.300s][info][gc,stats      ]     S: <total>                     1237 us
[50.300s][info][gc,stats      ]     S: Thread Roots                 685 us, workers (us): 685, 
[50.300s][info][gc,stats      ]     S: Universe Roots                 2 us, workers (us):   2, 
[50.300s][info][gc,stats      ]     S: JNI Handles Roots              1 us, workers (us):   1, 
[50.300s][info][gc,stats      ]     S: Synchronizer Roots             0 us, workers (us):   0, 
[50.300s][info][gc,stats      ]     S: Management Roots               2 us, workers (us):   2, 
[50.300s][info][gc,stats      ]     S: System Dict Roots             11 us, workers (us):  11, 
[50.300s][info][gc,stats      ]     S: CLDG Roots                   534 us, workers (us): 534, 
[50.300s][info][gc,stats      ]     S: JVMTI Roots                    0 us, workers (us):   0, 
[50.300s][info][gc,stats      ]   Resize TLABs                       16 us
[50.300s][info][gc,stats      ] Concurrent Marking               236922 us
[50.300s][info][gc,stats      ] Pause Final Mark (G)                589 us
[50.300s][info][gc,stats      ] Pause Final Mark (N)                384 us
[50.300s][info][gc,stats      ]   Finish Queues                      22 us
[50.300s][info][gc,stats      ]   System Purge                      265 us
[50.300s][info][gc,stats      ]     Weak Roots                      264 us
[50.300s][info][gc,stats      ]   Update Region States               38 us
[50.300s][info][gc,stats      ]   Retire TLABs                       24 us
[50.300s][info][gc,stats      ]   Choose Collection Set              19 us
[50.300s][info][gc,stats      ]   Rebuild Free Set                    9 us
[50.300s][info][gc,stats      ] Concurrent Cleanup                   87 us
[50.300s][info][gc,stats      ] Pacing                            64644 us
[50.300s][info][gc,stats      ] 
[50.300s][info][gc,stats      ] Allocation pacing accrued:
[50.300s][info][gc,stats      ]      65 of   675 ms (  9.6%): Executor task launch worker for task 0.0 in stage 25.0 (TID 25)
[50.300s][info][gc,stats      ]      65 of   675 ms (  9.6%): <total>
[50.300s][info][gc,stats      ]       0 of   675 ms (  0.0%): <average total>
[50.300s][info][gc,stats      ]      65 of   675 ms (  9.6%): <average non-zero>
[50.300s][info][gc,stats      ] 
[50.300s][info][gc,metaspace  ] Metaspace: 60792K->60792K(1103872K)
[50.300s][info][gc,ergo       ] Pacer for Idle. Initial: 25600K, Alloc Tax Rate: 1.0x
[50.560s][info][gc            ] Trigger: Explicit GC request (System.gc())
[50.560s][info][gc,ergo       ] Free: 674M, Max: 512K regular, 395M humongous, Frag: 42% external, 0% internal; Reserve: 64000K, Max: 512K
[50.560s][info][gc,start      ] GC(69) Concurrent reset
[50.560s][info][gc,task       ] GC(69) Using 1 of 1 workers for concurrent reset
[50.560s][info][gc,ergo       ] GC(69) Pacer for Reset. Non-Taxable: 1250M
[50.560s][info][gc            ] GC(69) Concurrent reset 0.278ms
[50.561s][info][gc,start      ] GC(69) Pause Init Mark (process weakrefs) (unload classes)
[50.561s][info][gc,task       ] GC(69) Using 1 of 1 workers for init marking
[50.562s][info][gc,ergo       ] GC(69) Pacer for Mark. Expected Live: 167M, Free: 674M, Non-Taxable: 69068K, Alloc Tax Rate: 0.3x
[50.562s][info][gc            ] GC(69) Pause Init Mark (process weakrefs) (unload classes) 1.336ms
[50.562s][info][gc,start      ] GC(69) Concurrent marking (process weakrefs) (unload classes)
[50.562s][info][gc,task       ] GC(69) Using 1 of 1 workers for concurrent marking
[50.765s][info][gc            ] GC(69) Concurrent marking (process weakrefs) (unload classes) 203.268ms
[50.765s][info][gc,start      ] GC(69) Concurrent precleaning
[50.765s][info][gc,task       ] GC(69) Using 1 of 1 workers for concurrent preclean
[50.765s][info][gc,ergo       ] GC(69) Pacer for Precleaning. Non-Taxable: 1250M
[50.766s][info][gc            ] GC(69) Concurrent precleaning 0.334ms
[50.766s][info][gc,start      ] GC(69) Pause Final Mark (process weakrefs) (unload classes)
[50.766s][info][gc,task       ] GC(69) Using 1 of 1 workers for final marking
[50.791s][info][gc,stringtable] GC(69) Cleaned string and symbol table, strings: 18619 processed, 0 removed, symbols: 131967 processed, 200 removed
[50.791s][info][gc,ergo       ] GC(69) Collectable Garbage: 334M (96%), Immediate: 334M (96%), CSet: 0B (0%)
[50.791s][info][gc            ] GC(69) Pause Final Mark (process weakrefs) (unload classes) 25.541ms
[50.793s][info][gc,start      ] GC(69) Concurrent cleanup
[50.793s][info][gc            ] GC(69) Concurrent cleanup 511M->177M(881M) 0.107ms
[50.793s][info][gc,ergo       ] GC(69) Free: 1008M, Max: 512K regular, 736M humongous, Frag: 27% external, 0% internal; Reserve: 64000K, Max: 512K
[50.794s][info][gc,ergo       ] Free: 1008M, Max: 512K regular, 736M humongous, Frag: 27% external, 0% internal; Reserve: 64000K, Max: 512K
[50.794s][info][gc,stats      ] 
[50.794s][info][gc,stats      ] All times are wall-clock times, except per-root-class counters, that are sum over
[50.794s][info][gc,stats      ] all workers. Dividing the <total> over the root stage time estimates parallelism.
[50.794s][info][gc,stats      ] 
[50.794s][info][gc,stats      ] Concurrent Reset                    268 us
[50.794s][info][gc,stats      ] Pause Init Mark (G)                1747 us
[50.794s][info][gc,stats      ] Pause Init Mark (N)                1319 us
[50.794s][info][gc,stats      ]   Accumulate Stats                   27 us
[50.794s][info][gc,stats      ]   Make Parsable                      21 us
[50.794s][info][gc,stats      ]   Update Region States              120 us
[50.794s][info][gc,stats      ]   Scan Roots                       1090 us, parallelism: 0.73x
[50.794s][info][gc,stats      ]     S: <total>                      793 us
[50.794s][info][gc,stats      ]     S: Thread Roots                 670 us, workers (us): 670, 
[50.794s][info][gc,stats      ]     S: Universe Roots                 3 us, workers (us):   3, 
[50.794s][info][gc,stats      ]     S: JNI Handles Roots              2 us, workers (us):   2, 
[50.794s][info][gc,stats      ]     S: Synchronizer Roots             0 us, workers (us):   0, 
[50.794s][info][gc,stats      ]     S: Management Roots               2 us, workers (us):   2, 
[50.794s][info][gc,stats      ]     S: System Dict Roots             12 us, workers (us):  12, 
[50.794s][info][gc,stats      ]     S: CLDG Roots                   103 us, workers (us): 103, 
[50.794s][info][gc,stats      ]     S: JVMTI Roots                    1 us, workers (us):   1, 
[50.794s][info][gc,stats      ]   Resize TLABs                       20 us
[50.794s][info][gc,stats      ] Concurrent Marking               203258 us
[50.794s][info][gc,stats      ] Concurrent Precleaning              320 us
[50.794s][info][gc,stats      ] Pause Final Mark (G)              27585 us
[50.794s][info][gc,stats      ] Pause Final Mark (N)              25521 us
[50.794s][info][gc,stats      ]   Finish Queues                     240 us
[50.794s][info][gc,stats      ]   Weak References                    54 us
[50.794s][info][gc,stats      ]     Process                          52 us
[50.794s][info][gc,stats      ]   System Purge                      284 us
[50.794s][info][gc,stats      ]     Unload Classes                 1081 us
[50.794s][info][gc,stats      ]     Cleanup                       23468 us, parallelism: 1.00x
[50.794s][info][gc,stats      ]       CU: <total>                 23386 us
[50.794s][info][gc,stats      ]       CU: Code Cache Roots         9233 us, workers (us): 9233, 
[50.794s][info][gc,stats      ]       CU: Code Cache Cleaning      1616 us, workers (us): 1616, 
[50.794s][info][gc,stats      ]       CU: String Table Roots       6042 us, workers (us): 6042, 
[50.794s][info][gc,stats      ]       CU: Resolved Table Roots      138 us, workers (us): 138, 
[50.794s][info][gc,stats      ]       CU: CLDG Roots               6357 us, workers (us): 6357, 
[50.794s][info][gc,stats      ]     Weak Roots                      284 us
[50.794s][info][gc,stats      ]     CLDG                            236 us
[50.794s][info][gc,stats      ]   Update Region States               62 us
[50.794s][info][gc,stats      ]   Retire TLABs                       54 us
[50.794s][info][gc,stats      ]   Choose Collection Set              25 us
[50.794s][info][gc,stats      ]   Rebuild Free Set                    9 us
[50.794s][info][gc,stats      ] Concurrent Cleanup                   72 us
[50.794s][info][gc,stats      ] Pacing                            10320 us
[50.794s][info][gc,stats      ] 
[50.794s][info][gc,stats      ] Allocation pacing accrued:
[50.794s][info][gc,stats      ]      10 of   493 ms (  2.1%): Executor task launch worker for task 0.0 in stage 26.0 (TID 26)
[50.794s][info][gc,stats      ]      10 of   493 ms (  2.1%): <total>
[50.794s][info][gc,stats      ]       0 of   493 ms (  0.0%): <average total>
[50.794s][info][gc,stats      ]      10 of   493 ms (  2.1%): <average non-zero>
[50.794s][info][gc,stats      ] 
[50.794s][info][gc,metaspace  ] Metaspace: 60824K->60450K(1103872K)
[50.794s][info][gc,ergo       ] Pacer for Idle. Initial: 25600K, Alloc Tax Rate: 1.0x
[50.794s][info][gc,start      ] Concurrent uncommit
[50.843s][info][gc            ] Concurrent uncommit 177M->177M(179M) 49.435ms
[51.329s][info][gc            ] Trigger: Learning 2 of 5. Free (873M) is below initial threshold (875M)
[51.329s][info][gc,ergo       ] Free: 873M, Max: 512K regular, 736M humongous, Frag: 16% external, 0% internal; Reserve: 64000K, Max: 512K
[51.329s][info][gc,start      ] GC(70) Concurrent reset
[51.329s][info][gc,task       ] GC(70) Using 1 of 1 workers for concurrent reset
[51.329s][info][gc,ergo       ] GC(70) Pacer for Reset. Non-Taxable: 1250M
[51.329s][info][gc            ] GC(70) Concurrent reset 0.311ms
[51.333s][info][gc,start      ] GC(70) Pause Init Mark (process weakrefs)
[51.333s][info][gc,task       ] GC(70) Using 1 of 1 workers for init marking
[51.335s][info][gc,ergo       ] GC(70) Pacer for Mark. Expected Live: 167M, Free: 873M, Non-Taxable: 89497K, Alloc Tax Rate: 0.2x
[51.335s][info][gc            ] GC(70) Pause Init Mark (process weakrefs) 1.866ms
[51.335s][info][gc,start      ] GC(70) Concurrent marking (process weakrefs)
[51.335s][info][gc,task       ] GC(70) Using 1 of 1 workers for concurrent marking
[51.717s][info][gc            ] GC(70) Concurrent marking (process weakrefs) 382.063ms
[51.717s][info][gc,start      ] GC(70) Concurrent precleaning
[51.717s][info][gc,task       ] GC(70) Using 1 of 1 workers for concurrent preclean
[51.717s][info][gc,ergo       ] GC(70) Pacer for Precleaning. Non-Taxable: 1250M
[51.718s][info][gc            ] GC(70) Concurrent precleaning 0.667ms
[51.718s][info][gc,start      ] GC(70) Pause Final Mark (process weakrefs)
[51.718s][info][gc,task       ] GC(70) Using 1 of 1 workers for final marking
[51.719s][info][gc,ergo       ] GC(70) Adaptive CSet Selection. Target Free: 177M, Actual Free: 944M, Max CSet: 53333K, Min Garbage: 0B
[51.719s][info][gc,ergo       ] GC(70) Collectable Garbage: 140M (98%), Immediate: 111M (78%), CSet: 29312K (20%)
[51.721s][info][gc,ergo       ] GC(70) Pacer for Evacuation. Used CSet: 31201K, Free: 884M, Non-Taxable: 90572K, Alloc Tax Rate: 1.1x
[51.722s][info][gc            ] GC(70) Pause Final Mark (process weakrefs) 3.254ms
[51.722s][info][gc,start      ] GC(70) Concurrent cleanup
[51.723s][info][gc            ] GC(70) Concurrent cleanup 413M->302M(417M) 1.420ms
[51.723s][info][gc,ergo       ] GC(70) Free: 884M, Max: 512K regular, 737M humongous, Frag: 17% external, 0% internal; Reserve: 63724K, Max: 512K
[51.723s][info][gc,start      ] GC(70) Concurrent evacuation
[51.723s][info][gc,task       ] GC(70) Using 1 of 1 workers for concurrent evacuation
[51.734s][info][gc            ] GC(70) Concurrent evacuation 10.640ms
[51.736s][info][gc,start      ] GC(70) Pause Init Update Refs
[51.736s][info][gc,ergo       ] GC(70) Pacer for Update Refs. Used: 308M, Free: 880M, Non-Taxable: 90112K, Alloc Tax Rate: 1.1x
[51.736s][info][gc            ] GC(70) Pause Init Update Refs 0.061ms
[51.736s][info][gc,start      ] GC(70) Concurrent update references
[51.736s][info][gc,task       ] GC(70) Using 1 of 1 workers for concurrent reference update
[52.238s][info][gc            ] GC(70) Concurrent update references 502.185ms
[52.246s][info][gc,start      ] GC(70) Pause Final Update Refs
[52.246s][info][gc,task       ] GC(70) Using 1 of 1 workers for final reference update
[52.247s][info][gc            ] GC(70) Pause Final Update Refs 0.755ms
[52.247s][info][gc,start      ] GC(70) Concurrent cleanup
[52.247s][info][gc            ] GC(70) Concurrent cleanup 460M->429M(461M) 0.055ms
[52.247s][info][gc,ergo       ] Free: 756M, Max: 512K regular, 728M humongous, Frag: 4% external, 0% internal; Reserve: 64000K, Max: 512K
[52.247s][info][gc,stats      ] 
[52.247s][info][gc,stats      ] All times are wall-clock times, except per-root-class counters, that are sum over
[52.247s][info][gc,stats      ] all workers. Dividing the <total> over the root stage time estimates parallelism.
[52.247s][info][gc,stats      ] 
[52.247s][info][gc,stats      ] Concurrent Reset                    301 us
[52.247s][info][gc,stats      ] Pause Init Mark (G)                5696 us
[52.247s][info][gc,stats      ] Pause Init Mark (N)                1822 us
[52.247s][info][gc,stats      ]   Accumulate Stats                   26 us
[52.247s][info][gc,stats      ]   Make Parsable                      23 us
[52.247s][info][gc,stats      ]   Update Region States               44 us
[52.247s][info][gc,stats      ]   Scan Roots                       1665 us, parallelism: 0.83x
[52.247s][info][gc,stats      ]     S: <total>                     1388 us
[52.247s][info][gc,stats      ]     S: Thread Roots                 740 us, workers (us): 740, 
[52.247s][info][gc,stats      ]     S: Universe Roots                 2 us, workers (us):   2, 
[52.247s][info][gc,stats      ]     S: JNI Handles Roots              2 us, workers (us):   2, 
[52.247s][info][gc,stats      ]     S: Synchronizer Roots             0 us, workers (us):   0, 
[52.247s][info][gc,stats      ]     S: Management Roots               1 us, workers (us):   1, 
[52.247s][info][gc,stats      ]     S: System Dict Roots             11 us, workers (us):  11, 
[52.247s][info][gc,stats      ]     S: CLDG Roots                   631 us, workers (us): 631, 
[52.247s][info][gc,stats      ]     S: JVMTI Roots                    0 us, workers (us):   0, 
[52.247s][info][gc,stats      ]   Resize TLABs                       22 us
[52.247s][info][gc,stats      ] Concurrent Marking               382053 us
[52.247s][info][gc,stats      ] Concurrent Precleaning              639 us
[52.247s][info][gc,stats      ] Pause Final Mark (G)               3574 us
[52.247s][info][gc,stats      ] Pause Final Mark (N)               3244 us
[52.247s][info][gc,stats      ]   Finish Queues                      28 us
[52.247s][info][gc,stats      ]   Weak References                    24 us
[52.247s][info][gc,stats      ]     Process                          22 us
[52.247s][info][gc,stats      ]   System Purge                      300 us
[52.247s][info][gc,stats      ]     Weak Roots                      300 us
[52.247s][info][gc,stats      ]   Update Region States               43 us
[52.247s][info][gc,stats      ]   Retire TLABs                       75 us
[52.247s][info][gc,stats      ]   Choose Collection Set              71 us
[52.247s][info][gc,stats      ]   Rebuild Free Set                    9 us
[52.247s][info][gc,stats      ]   Initial Evacuation               2688 us, parallelism: 0.66x
[52.247s][info][gc,stats      ]     E: <total>                     1780 us
[52.247s][info][gc,stats      ]     E: Thread Roots                 715 us, workers (us): 715, 
[52.247s][info][gc,stats      ]     E: Code Cache Roots             466 us, workers (us): 466, 
[52.247s][info][gc,stats      ]     E: Universe Roots                27 us, workers (us):  27, 
[52.247s][info][gc,stats      ]     E: JNI Handles Roots              2 us, workers (us):   2, 
[52.247s][info][gc,stats      ]     E: Synchronizer Roots             0 us, workers (us):   0, 
[52.247s][info][gc,stats      ]     E: Management Roots               1 us, workers (us):   1, 
[52.247s][info][gc,stats      ]     E: System Dict Roots             11 us, workers (us):  11, 
[52.247s][info][gc,stats      ]     E: CLDG Roots                   557 us, workers (us): 557, 
[52.247s][info][gc,stats      ]     E: JVMTI Roots                    1 us, workers (us):   1, 
[52.247s][info][gc,stats      ] Concurrent Cleanup                 1409 us
[52.247s][info][gc,stats      ] Concurrent Evacuation             10628 us
[52.247s][info][gc,stats      ] Pause Init  Update Refs (G)        2399 us
[52.247s][info][gc,stats      ] Pause Init  Update Refs (N)          23 us
[52.247s][info][gc,stats      ]   Retire GCLABs                      14 us
[52.247s][info][gc,stats      ] Concurrent Update Refs           502156 us
[52.247s][info][gc,stats      ] Pause Final Update Refs (G)        8301 us
[52.247s][info][gc,stats      ] Pause Final Update Refs (N)         693 us
[52.247s][info][gc,stats      ]   Update Roots                      623 us, parallelism: 0.92x
[52.247s][info][gc,stats      ]     UR: <total>                     574 us
[52.247s][info][gc,stats      ]     UR: Thread Roots                574 us, workers (us): 574, 
[52.247s][info][gc,stats      ]   Update Region States               47 us
[52.247s][info][gc,stats      ]   Trash Collection Set                2 us
[52.247s][info][gc,stats      ]   Rebuild Free Set                    8 us
[52.247s][info][gc,stats      ] Concurrent Cleanup                   47 us
[52.247s][info][gc,stats      ] 
[52.247s][info][gc,stats      ] Allocation pacing accrued:
[52.247s][info][gc,stats      ]       0 of  1453 ms (  0.0%): <total>
[52.247s][info][gc,stats      ]       0 of  1453 ms (  0.0%): <average total>
[52.247s][info][gc,stats      ] 
[52.247s][info][gc,metaspace  ] Metaspace: 60857K->60862K(1103872K)
[52.247s][info][gc,ergo       ] Pacer for Idle. Initial: 25600K, Alloc Tax Rate: 1.0x
[52.249s][info][gc            ] Trigger: Learning 3 of 5. Free (754M) is below initial threshold (875M)
[52.249s][info][gc,ergo       ] Free: 754M, Max: 512K regular, 728M humongous, Frag: 4% external, 0% internal; Reserve: 64000K, Max: 512K
[52.249s][info][gc,start      ] GC(71) Concurrent reset
[52.249s][info][gc,task       ] GC(71) Using 1 of 1 workers for concurrent reset
[52.249s][info][gc,ergo       ] GC(71) Pacer for Reset. Non-Taxable: 1250M
[52.249s][info][gc            ] GC(71) Concurrent reset 0.312ms
[52.249s][info][gc,start      ] GC(71) Pause Init Mark
[52.249s][info][gc,task       ] GC(71) Using 1 of 1 workers for init marking
[52.251s][info][gc,ergo       ] GC(71) Pacer for Mark. Expected Live: 167M, Free: 754M, Non-Taxable: 77260K, Alloc Tax Rate: 0.3x
[52.251s][info][gc            ] GC(71) Pause Init Mark 1.805ms
[52.251s][info][gc,start      ] GC(71) Concurrent marking
[52.251s][info][gc,task       ] GC(71) Using 1 of 1 workers for concurrent marking
[52.580s][info][gc            ] GC(71) Concurrent marking 328.396ms
[52.580s][info][gc,start      ] GC(71) Pause Final Mark
[52.580s][info][gc,task       ] GC(71) Using 1 of 1 workers for final marking
[52.580s][info][gc,ergo       ] GC(71) Collectable Garbage: 257M (97%), Immediate: 257M (97%), CSet: 0B (0%)
[52.580s][info][gc            ] GC(71) Pause Final Mark 0.443ms
[52.580s][info][gc,start      ] GC(71) Concurrent cleanup
[52.580s][info][gc            ] GC(71) Concurrent cleanup 542M->285M(545M) 0.067ms
[52.580s][info][gc,ergo       ] GC(71) Free: 901M, Max: 512K regular, 644M humongous, Frag: 29% external, 0% internal; Reserve: 64000K, Max: 512K
[52.580s][info][gc,ergo       ] Free: 901M, Max: 512K regular, 644M humongous, Frag: 29% external, 0% internal; Reserve: 64000K, Max: 512K
[52.580s][info][gc,stats      ] 
[52.580s][info][gc,stats      ] All times are wall-clock times, except per-root-class counters, that are sum over
[52.580s][info][gc,stats      ] all workers. Dividing the <total> over the root stage time estimates parallelism.
[52.580s][info][gc,stats      ] 
[52.580s][info][gc,stats      ] Concurrent Reset                    305 us
[52.580s][info][gc,stats      ] Pause Init Mark (G)                2205 us
[52.580s][info][gc,stats      ] Pause Init Mark (N)                1791 us
[52.580s][info][gc,stats      ]   Accumulate Stats                   27 us
[52.580s][info][gc,stats      ]   Make Parsable                      20 us
[52.580s][info][gc,stats      ]   Update Region States               28 us
[52.580s][info][gc,stats      ]   Scan Roots                       1660 us, parallelism: 0.79x
[52.580s][info][gc,stats      ]     S: <total>                     1313 us
[52.580s][info][gc,stats      ]     S: Thread Roots                 740 us, workers (us): 740, 
[52.580s][info][gc,stats      ]     S: Universe Roots                 3 us, workers (us):   3, 
[52.581s][info][gc,stats      ]     S: JNI Handles Roots              2 us, workers (us):   2, 
[52.581s][info][gc,stats      ]     S: Synchronizer Roots             0 us, workers (us):   0, 
[52.581s][info][gc,stats      ]     S: Management Roots               2 us, workers (us):   2, 
[52.581s][info][gc,stats      ]     S: System Dict Roots             21 us, workers (us):  21, 
[52.581s][info][gc,stats      ]     S: CLDG Roots                   545 us, workers (us): 545, 
[52.581s][info][gc,stats      ]     S: JVMTI Roots                    0 us, workers (us):   0, 
[52.581s][info][gc,stats      ]   Resize TLABs                       20 us
[52.581s][info][gc,stats      ] Concurrent Marking               328387 us
[52.581s][info][gc,stats      ] Pause Final Mark (G)                644 us
[52.581s][info][gc,stats      ] Pause Final Mark (N)                398 us
[52.581s][info][gc,stats      ]   Finish Queues                      25 us
[52.581s][info][gc,stats      ]   System Purge                      269 us
[52.581s][info][gc,stats      ]     Weak Roots                      269 us
[52.581s][info][gc,stats      ]   Update Region States               46 us
[52.581s][info][gc,stats      ]   Retire TLABs                       20 us
[52.581s][info][gc,stats      ]   Choose Collection Set              17 us
[52.581s][info][gc,stats      ]   Rebuild Free Set                    9 us
[52.581s][info][gc,stats      ] Concurrent Cleanup                   60 us
[52.581s][info][gc,stats      ] 
[52.581s][info][gc,stats      ] Allocation pacing accrued:
[52.581s][info][gc,stats      ]       0 of   334 ms (  0.0%): <total>
[52.581s][info][gc,stats      ]       0 of   334 ms (  0.0%): <average total>
[52.581s][info][gc,stats      ] 
[52.581s][info][gc,metaspace  ] Metaspace: 60862K->60862K(1103872K)
[52.581s][info][gc,ergo       ] Pacer for Idle. Initial: 25600K, Alloc Tax Rate: 1.0x
[52.622s][info][gc            ] Trigger: Learning 4 of 5. Free (872M) is below initial threshold (875M)
[52.622s][info][gc,ergo       ] Free: 872M, Max: 512K regular, 644M humongous, Frag: 27% external, 0% internal; Reserve: 64000K, Max: 512K
[52.622s][info][gc,start      ] GC(72) Concurrent reset
[52.622s][info][gc,task       ] GC(72) Using 1 of 1 workers for concurrent reset
[52.622s][info][gc,ergo       ] GC(72) Pacer for Reset. Non-Taxable: 1250M
[52.622s][info][gc            ] GC(72) Concurrent reset 0.311ms
[52.629s][info][gc,start      ] GC(72) Pause Init Mark
[52.629s][info][gc,task       ] GC(72) Using 1 of 1 workers for init marking
[52.631s][info][gc,ergo       ] GC(72) Pacer for Mark. Expected Live: 167M, Free: 872M, Non-Taxable: 89344K, Alloc Tax Rate: 0.2x
[52.631s][info][gc            ] GC(72) Pause Init Mark 1.984ms
[52.631s][info][gc,start      ] GC(72) Concurrent marking
[52.631s][info][gc,task       ] GC(72) Using 1 of 1 workers for concurrent marking
[52.966s][info][gc            ] GC(72) Concurrent marking 335.316ms
[52.967s][info][gc,start      ] GC(72) Pause Final Mark
[52.967s][info][gc,task       ] GC(72) Using 1 of 1 workers for final marking
[52.968s][info][gc,ergo       ] GC(72) Collectable Garbage: 139M (95%), Immediate: 139M (95%), CSet: 0B (0%)
[52.968s][info][gc            ] GC(72) Pause Final Mark 1.310ms
[52.968s][info][gc,start      ] GC(72) Concurrent cleanup
[52.968s][info][gc            ] GC(72) Concurrent cleanup 449M->310M(545M) 0.072ms
[52.968s][info][gc,ergo       ] GC(72) Free: 875M, Max: 512K regular, 669M humongous, Frag: 24% external, 0% internal; Reserve: 64000K, Max: 512K
[52.968s][info][gc,ergo       ] Free: 875M, Max: 512K regular, 669M humongous, Frag: 24% external, 0% internal; Reserve: 64000K, Max: 512K
[52.968s][info][gc,stats      ] 
[52.968s][info][gc,stats      ] All times are wall-clock times, except per-root-class counters, that are sum over
[52.968s][info][gc,stats      ] all workers. Dividing the <total> over the root stage time estimates parallelism.
[52.968s][info][gc,stats      ] 
[52.968s][info][gc,stats      ] Concurrent Reset                    302 us
[52.968s][info][gc,stats      ] Pause Init Mark (G)                8744 us
[52.968s][info][gc,stats      ] Pause Init Mark (N)                1935 us
[52.968s][info][gc,stats      ]   Accumulate Stats                   29 us
[52.968s][info][gc,stats      ]   Make Parsable                      18 us
[52.968s][info][gc,stats      ]   Update Region States               50 us
[52.968s][info][gc,stats      ]   Scan Roots                       1758 us, parallelism: 0.83x
[52.968s][info][gc,stats      ]     S: <total>                     1454 us
[52.968s][info][gc,stats      ]     S: Thread Roots                 846 us, workers (us): 846, 
[52.968s][info][gc,stats      ]     S: Universe Roots                 3 us, workers (us):   3, 
[52.968s][info][gc,stats      ]     S: JNI Handles Roots              2 us, workers (us):   2, 
[52.968s][info][gc,stats      ]     S: Synchronizer Roots             0 us, workers (us):   0, 
[52.968s][info][gc,stats      ]     S: Management Roots               2 us, workers (us):   2, 
[52.968s][info][gc,stats      ]     S: System Dict Roots             11 us, workers (us):  11, 
[52.968s][info][gc,stats      ]     S: CLDG Roots                   590 us, workers (us): 590, 
[52.968s][info][gc,stats      ]     S: JVMTI Roots                    1 us, workers (us):   1, 
[52.968s][info][gc,stats      ]   Resize TLABs                       31 us
[52.968s][info][gc,stats      ] Concurrent Marking               335304 us
[52.968s][info][gc,stats      ] Pause Final Mark (G)               1504 us
[52.968s][info][gc,stats      ] Pause Final Mark (N)               1292 us
[52.968s][info][gc,stats      ]   Finish Queues                      22 us
[52.968s][info][gc,stats      ]   System Purge                      337 us
[52.968s][info][gc,stats      ]     Weak Roots                      336 us
[52.968s][info][gc,stats      ]   Update Region States              833 us
[52.968s][info][gc,stats      ]   Retire TLABs                       48 us
[52.968s][info][gc,stats      ]   Choose Collection Set              35 us
[52.968s][info][gc,stats      ]   Rebuild Free Set                    9 us
[52.968s][info][gc,stats      ] Concurrent Cleanup                   51 us
[52.968s][info][gc,stats      ] Pacing                             5781 us
[52.968s][info][gc,stats      ] 
[52.968s][info][gc,stats      ] Allocation pacing accrued:
[52.968s][info][gc,stats      ]       6 of   388 ms (  1.5%): Executor task launch worker for task 0.0 in stage 28.0 (TID 28)
[52.968s][info][gc,stats      ]       6 of   388 ms (  1.5%): <total>
[52.968s][info][gc,stats      ]       0 of   388 ms (  0.0%): <average total>
[52.968s][info][gc,stats      ]       6 of   388 ms (  1.5%): <average non-zero>
[52.968s][info][gc,stats      ] 
[52.968s][info][gc,metaspace  ] Metaspace: 60862K->60862K(1103872K)
[52.968s][info][gc,ergo       ] Pacer for Idle. Initial: 25600K, Alloc Tax Rate: 1.0x
[52.970s][info][gc            ] Trigger: Learning 5 of 5. Free (873M) is below initial threshold (875M)
[52.970s][info][gc,ergo       ] Free: 873M, Max: 512K regular, 669M humongous, Frag: 24% external, 0% internal; Reserve: 64000K, Max: 512K
[52.970s][info][gc,start      ] GC(73) Concurrent reset
[52.970s][info][gc,task       ] GC(73) Using 1 of 1 workers for concurrent reset
[52.970s][info][gc,ergo       ] GC(73) Pacer for Reset. Non-Taxable: 1250M
[52.970s][info][gc            ] GC(73) Concurrent reset 0.262ms
[52.975s][info][gc,start      ] GC(73) Pause Init Mark
[52.975s][info][gc,task       ] GC(73) Using 1 of 1 workers for init marking
[52.977s][info][gc,ergo       ] GC(73) Pacer for Mark. Expected Live: 167M, Free: 873M, Non-Taxable: 89446K, Alloc Tax Rate: 0.2x
[52.977s][info][gc            ] GC(73) Pause Init Mark 1.754ms
[52.977s][info][gc,start      ] GC(73) Concurrent marking
[52.977s][info][gc,task       ] GC(73) Using 1 of 1 workers for concurrent marking
[53.231s][info][gc            ] GC(73) Concurrent marking 253.714ms
[53.231s][info][gc,start      ] GC(73) Pause Final Mark
[53.231s][info][gc,task       ] GC(73) Using 1 of 1 workers for final marking
[53.232s][info][gc,ergo       ] GC(73) Collectable Garbage: 138M (94%), Immediate: 138M (94%), CSet: 0B (0%)
[53.232s][info][gc            ] GC(73) Pause Final Mark 0.536ms
[53.232s][info][gc,start      ] GC(73) Concurrent cleanup
[53.232s][info][gc            ] GC(73) Concurrent cleanup 441M->303M(545M) 0.059ms
[53.232s][info][gc,ergo       ] GC(73) Free: 883M, Max: 512K regular, 745M humongous, Frag: 16% external, 0% internal; Reserve: 64000K, Max: 512K
[53.232s][info][gc,ergo       ] Free: 883M, Max: 512K regular, 745M humongous, Frag: 16% external, 0% internal; Reserve: 64000K, Max: 512K
[53.232s][info][gc,stats      ] 
[53.232s][info][gc,stats      ] All times are wall-clock times, except per-root-class counters, that are sum over
[53.232s][info][gc,stats      ] all workers. Dividing the <total> over the root stage time estimates parallelism.
[53.232s][info][gc,stats      ] 
[53.232s][info][gc,stats      ] Concurrent Reset                    256 us
[53.232s][info][gc,stats      ] Pause Init Mark (G)                7238 us
[53.232s][info][gc,stats      ] Pause Init Mark (N)                1712 us
[53.232s][info][gc,stats      ]   Accumulate Stats                   27 us
[53.232s][info][gc,stats      ]   Make Parsable                      16 us
[53.232s][info][gc,stats      ]   Update Region States               70 us
[53.232s][info][gc,stats      ]   Scan Roots                       1541 us, parallelism: 0.81x
[53.232s][info][gc,stats      ]     S: <total>                     1252 us
[53.232s][info][gc,stats      ]     S: Thread Roots                 687 us, workers (us): 687, 
[53.232s][info][gc,stats      ]     S: Universe Roots                 3 us, workers (us):   3, 
[53.232s][info][gc,stats      ]     S: JNI Handles Roots              2 us, workers (us):   2, 
[53.232s][info][gc,stats      ]     S: Synchronizer Roots             0 us, workers (us):   0, 
[53.232s][info][gc,stats      ]     S: Management Roots               1 us, workers (us):   1, 
[53.232s][info][gc,stats      ]     S: System Dict Roots             12 us, workers (us):  12, 
[53.232s][info][gc,stats      ]     S: CLDG Roots                   547 us, workers (us): 547, 
[53.232s][info][gc,stats      ]     S: JVMTI Roots                    1 us, workers (us):   1, 
[53.232s][info][gc,stats      ]   Resize TLABs                       19 us
[53.232s][info][gc,stats      ] Concurrent Marking               253705 us
[53.232s][info][gc,stats      ] Pause Final Mark (G)                763 us
[53.232s][info][gc,stats      ] Pause Final Mark (N)                482 us
[53.232s][info][gc,stats      ]   Finish Queues                      30 us
[53.232s][info][gc,stats      ]   System Purge                      310 us
[53.232s][info][gc,stats      ]     Weak Roots                      309 us
[53.232s][info][gc,stats      ]   Update Region States               50 us
[53.232s][info][gc,stats      ]   Retire TLABs                       37 us
[53.232s][info][gc,stats      ]   Choose Collection Set              33 us
[53.232s][info][gc,stats      ]   Rebuild Free Set                    9 us
[53.232s][info][gc,stats      ] Concurrent Cleanup                   51 us
[53.232s][info][gc,stats      ] 
[53.232s][info][gc,stats      ] Allocation pacing accrued:
[53.232s][info][gc,stats      ]       0 of   264 ms (  0.0%): <total>
[53.232s][info][gc,stats      ]       0 of   264 ms (  0.0%): <average total>
[53.232s][info][gc,stats      ] 
[53.232s][info][gc,metaspace  ] Metaspace: 60862K->60862K(1103872K)
[53.232s][info][gc,ergo       ] Pacer for Idle. Initial: 25600K, Alloc Tax Rate: 1.0x
[53.718s][info][gc            ] Trigger: Average GC time (418.28 ms) is above the time for allocation rate (815 MB/s) to deplete free headroom (339M)
[53.718s][info][gc,ergo       ] Free headroom: 401M (free) - 64000K (spike) - 0B (penalties) = 339M
[53.718s][info][gc,ergo       ] Free: 401M, Max: 512K regular, 401M humongous, Frag: 0% external, 0% internal; Reserve: 64000K, Max: 512K
[53.718s][info][gc,start      ] GC(74) Concurrent reset
[53.718s][info][gc,task       ] GC(74) Using 1 of 1 workers for concurrent reset
[53.718s][info][gc,ergo       ] GC(74) Pacer for Reset. Non-Taxable: 1250M
[53.719s][info][gc            ] GC(74) Concurrent reset 0.326ms
[53.721s][info][gc,start      ] GC(74) Pause Init Mark
[53.721s][info][gc,task       ] GC(74) Using 1 of 1 workers for init marking
[53.723s][info][gc,ergo       ] GC(74) Pacer for Mark. Expected Live: 167M, Free: 401M, Non-Taxable: 41113K, Alloc Tax Rate: 0.5x
[53.723s][info][gc            ] GC(74) Pause Init Mark 1.787ms
[53.723s][info][gc,start      ] GC(74) Concurrent marking
[53.723s][info][gc,task       ] GC(74) Using 1 of 1 workers for concurrent marking
[53.893s][info][gc            ] GC(74) Concurrent marking 170.438ms
[53.894s][info][gc,start      ] GC(74) Pause Final Mark
[53.894s][info][gc,task       ] GC(74) Using 1 of 1 workers for final marking
[53.894s][info][gc,ergo       ] GC(74) Collectable Garbage: 610M (98%), Immediate: 610M (98%), CSet: 0B (0%)
[53.894s][info][gc            ] GC(74) Pause Final Mark 0.382ms
[53.894s][info][gc,start      ] GC(74) Concurrent cleanup
[53.894s][info][gc            ] GC(74) Concurrent cleanup 845M->235M(848M) 0.098ms
[53.894s][info][gc,ergo       ] GC(74) Free: 951M, Max: 512K regular, 341M humongous, Frag: 65% external, 0% internal; Reserve: 64000K, Max: 512K
[53.894s][info][gc,ergo       ] Free: 951M, Max: 512K regular, 341M humongous, Frag: 65% external, 0% internal; Reserve: 64000K, Max: 512K
[53.894s][info][gc,stats      ] 
[53.894s][info][gc,stats      ] All times are wall-clock times, except per-root-class counters, that are sum over
[53.894s][info][gc,stats      ] all workers. Dividing the <total> over the root stage time estimates parallelism.
[53.894s][info][gc,stats      ] 
[53.894s][info][gc,stats      ] Concurrent Reset                    318 us
[53.894s][info][gc,stats      ] Pause Init Mark (G)                4153 us
[53.894s][info][gc,stats      ] Pause Init Mark (N)                1735 us
[53.894s][info][gc,stats      ]   Accumulate Stats                   32 us
[53.894s][info][gc,stats      ]   Make Parsable                      19 us
[53.894s][info][gc,stats      ]   Update Region States               36 us
[53.894s][info][gc,stats      ]   Scan Roots                       1588 us, parallelism: 0.82x
[53.894s][info][gc,stats      ]     S: <total>                     1308 us
[53.894s][info][gc,stats      ]     S: Thread Roots                 751 us, workers (us): 751, 
[53.894s][info][gc,stats      ]     S: Universe Roots                 3 us, workers (us):   3, 
[53.894s][info][gc,stats      ]     S: JNI Handles Roots              2 us, workers (us):   2, 
[53.894s][info][gc,stats      ]     S: Synchronizer Roots             0 us, workers (us):   0, 
[53.894s][info][gc,stats      ]     S: Management Roots               1 us, workers (us):   1, 
[53.894s][info][gc,stats      ]     S: System Dict Roots             11 us, workers (us):  11, 
[53.894s][info][gc,stats      ]     S: CLDG Roots                   539 us, workers (us): 539, 
[53.894s][info][gc,stats      ]     S: JVMTI Roots                    1 us, workers (us):   1, 
[53.894s][info][gc,stats      ]   Resize TLABs                       20 us
[53.894s][info][gc,stats      ] Concurrent Marking               170429 us
[53.894s][info][gc,stats      ] Pause Final Mark (G)                554 us
[53.894s][info][gc,stats      ] Pause Final Mark (N)                372 us
[53.894s][info][gc,stats      ]   Finish Queues                      15 us
[53.894s][info][gc,stats      ]   System Purge                      262 us
[53.894s][info][gc,stats      ]     Weak Roots                      261 us
[53.894s][info][gc,stats      ]   Update Region States               38 us
[53.894s][info][gc,stats      ]   Retire TLABs                       23 us
[53.894s][info][gc,stats      ]   Choose Collection Set              19 us
[53.894s][info][gc,stats      ]   Rebuild Free Set                    8 us
[53.894s][info][gc,stats      ] Concurrent Cleanup                   91 us
[53.894s][info][gc,stats      ] Pacing                            47159 us
[53.894s][info][gc,stats      ] 
[53.894s][info][gc,stats      ] Allocation pacing accrued:
[53.894s][info][gc,stats      ]      47 of   662 ms (  7.1%): Executor task launch worker for task 0.0 in stage 28.0 (TID 28)
[53.894s][info][gc,stats      ]      47 of   662 ms (  7.1%): <total>
[53.894s][info][gc,stats      ]       0 of   662 ms (  0.0%): <average total>
[53.894s][info][gc,stats      ]      47 of   662 ms (  7.1%): <average non-zero>
[53.894s][info][gc,stats      ] 
[53.894s][info][gc,metaspace  ] Metaspace: 60862K->60862K(1103872K)
[53.894s][info][gc,ergo       ] Pacer for Idle. Initial: 25600K, Alloc Tax Rate: 1.0x
[54.295s][info][gc            ] Trigger: Average GC time (406.73 ms) is above the time for allocation rate (966 MB/s) to deplete free headroom (392M)
[54.295s][info][gc,ergo       ] Free headroom: 454M (free) - 64000K (spike) - 0B (penalties) = 392M
[54.295s][info][gc,ergo       ] Free: 454M, Max: 512K regular, 341M humongous, Frag: 25% external, 0% internal; Reserve: 64000K, Max: 512K
[54.295s][info][gc,start      ] GC(75) Concurrent reset
[54.295s][info][gc,task       ] GC(75) Using 1 of 1 workers for concurrent reset
[54.295s][info][gc,ergo       ] GC(75) Pacer for Reset. Non-Taxable: 1250M
[54.295s][info][gc            ] GC(75) Concurrent reset 0.270ms
[54.298s][info][gc,start      ] GC(75) Pause Init Mark (process weakrefs)
[54.298s][info][gc,task       ] GC(75) Using 1 of 1 workers for init marking
[54.299s][info][gc,ergo       ] GC(75) Pacer for Mark. Expected Live: 167M, Free: 454M, Non-Taxable: 46540K, Alloc Tax Rate: 0.5x
[54.299s][info][gc            ] GC(75) Pause Init Mark (process weakrefs) 1.842ms
[54.299s][info][gc,start      ] GC(75) Concurrent marking (process weakrefs)
[54.299s][info][gc,task       ] GC(75) Using 1 of 1 workers for concurrent marking
[54.518s][info][gc            ] GC(75) Concurrent marking (process weakrefs) 218.816ms
[54.518s][info][gc,start      ] GC(75) Concurrent precleaning
[54.518s][info][gc,task       ] GC(75) Using 1 of 1 workers for concurrent preclean
[54.518s][info][gc,ergo       ] GC(75) Pacer for Precleaning. Non-Taxable: 1250M
[54.519s][info][gc            ] GC(75) Concurrent precleaning 0.612ms
[54.519s][info][gc,start      ] GC(75) Pause Final Mark (process weakrefs)
[54.519s][info][gc,task       ] GC(75) Using 1 of 1 workers for final marking
[54.520s][info][gc,ergo       ] GC(75) Collectable Garbage: 557M (98%), Immediate: 557M (98%), CSet: 0B (0%)
[54.520s][info][gc            ] GC(75) Pause Final Mark (process weakrefs) 0.471ms
[54.520s][info][gc,start      ] GC(75) Concurrent cleanup
[54.520s][info][gc            ] GC(75) Concurrent cleanup 805M->248M(848M) 0.089ms
[54.520s][info][gc,ergo       ] GC(75) Free: 937M, Max: 512K regular, 441M humongous, Frag: 53% external, 0% internal; Reserve: 64000K, Max: 512K
[54.520s][info][gc,ergo       ] Free: 937M, Max: 512K regular, 441M humongous, Frag: 53% external, 0% internal; Reserve: 64000K, Max: 512K
[54.520s][info][gc,stats      ] 
[54.520s][info][gc,stats      ] All times are wall-clock times, except per-root-class counters, that are sum over
[54.520s][info][gc,stats      ] all workers. Dividing the <total> over the root stage time estimates parallelism.
[54.520s][info][gc,stats      ] 
[54.520s][info][gc,stats      ] Concurrent Reset                    261 us
[54.520s][info][gc,stats      ] Pause Init Mark (G)                4219 us
[54.520s][info][gc,stats      ] Pause Init Mark (N)                1753 us
[54.520s][info][gc,stats      ]   Accumulate Stats                   36 us
[54.520s][info][gc,stats      ]   Make Parsable                      18 us
[54.520s][info][gc,stats      ]   Update Region States               43 us
[54.520s][info][gc,stats      ]   Scan Roots                       1586 us, parallelism: 0.82x
[54.520s][info][gc,stats      ]     S: <total>                     1308 us
[54.520s][info][gc,stats      ]     S: Thread Roots                 683 us, workers (us): 683, 
[54.520s][info][gc,stats      ]     S: Universe Roots                 3 us, workers (us):   3, 
[54.520s][info][gc,stats      ]     S: JNI Handles Roots              2 us, workers (us):   2, 
[54.520s][info][gc,stats      ]     S: Synchronizer Roots             0 us, workers (us):   0, 
[54.520s][info][gc,stats      ]     S: Management Roots               1 us, workers (us):   1, 
[54.520s][info][gc,stats      ]     S: System Dict Roots             10 us, workers (us):  10, 
[54.520s][info][gc,stats      ]     S: CLDG Roots                   608 us, workers (us): 608, 
[54.520s][info][gc,stats      ]     S: JVMTI Roots                    1 us, workers (us):   1, 
[54.520s][info][gc,stats      ]   Resize TLABs                       19 us
[54.520s][info][gc,stats      ] Concurrent Marking               218806 us
[54.520s][info][gc,stats      ] Concurrent Precleaning              597 us
[54.520s][info][gc,stats      ] Pause Final Mark (G)                736 us
[54.520s][info][gc,stats      ] Pause Final Mark (N)                462 us
[54.520s][info][gc,stats      ]   Finish Queues                      22 us
[54.520s][info][gc,stats      ]   Weak References                    18 us
[54.520s][info][gc,stats      ]     Process                          15 us
[54.520s][info][gc,stats      ]   System Purge                      316 us
[54.520s][info][gc,stats      ]     Weak Roots                      316 us
[54.520s][info][gc,stats      ]   Update Region States               41 us
[54.520s][info][gc,stats      ]   Retire TLABs                       30 us
[54.520s][info][gc,stats      ]   Choose Collection Set              21 us
[54.520s][info][gc,stats      ]   Rebuild Free Set                    8 us
[54.520s][info][gc,stats      ] Concurrent Cleanup                   83 us
[54.520s][info][gc,stats      ] Pacing                            56871 us
[54.520s][info][gc,stats      ] 
[54.520s][info][gc,stats      ] Allocation pacing accrued:
[54.520s][info][gc,stats      ]      57 of   626 ms (  9.1%): Executor task launch worker for task 0.0 in stage 28.0 (TID 28)
[54.520s][info][gc,stats      ]      57 of   626 ms (  9.1%): <total>
[54.520s][info][gc,stats      ]       0 of   626 ms (  0.0%): <average total>
[54.520s][info][gc,stats      ]      57 of   626 ms (  9.1%): <average non-zero>
[54.520s][info][gc,stats      ] 
[54.520s][info][gc,metaspace  ] Metaspace: 60862K->60862K(1103872K)
[54.520s][info][gc,ergo       ] Pacer for Idle. Initial: 25600K, Alloc Tax Rate: 1.0x
[55.117s][info][gc            ] Cancelling GC: Stopping VM
[55.119s][info][gc,heap,exit  ] Heap
[55.119s][info][gc,heap,exit  ] Shenandoah Heap
[55.119s][info][gc,heap,exit  ]  1250M max, 1250M soft max, 848M committed, 667M used
[55.119s][info][gc,heap,exit  ]  2500 x 512K regions
[55.119s][info][gc,heap,exit  ] Status: cancelled
[55.119s][info][gc,heap,exit  ] Reserved region:
[55.119s][info][gc,heap,exit  ]  - [0x00000000b1e00000, 0x0000000100000000) 
[55.119s][info][gc,heap,exit  ] Collection set:
[55.119s][info][gc,heap,exit  ]  - map (vanilla): 0x000000000001163c
[55.119s][info][gc,heap,exit  ]  - map (biased):  0x0000000000010000
[55.119s][info][gc,heap,exit  ] 
[55.119s][info][gc,heap,exit  ]  Metaspace       used 61426K, capacity 64951K, committed 65308K, reserved 1103872K
[55.119s][info][gc,heap,exit  ]   class space    used 8616K, capacity 10351K, committed 10444K, reserved 1048576K
[55.119s][info][gc,stats      ] 
[55.119s][info][gc,stats      ] GC STATISTICS:
[55.119s][info][gc,stats      ]   "(G)" (gross) pauses include VM time: time to notify and block threads, do the pre-
[55.119s][info][gc,stats      ]         and post-safepoint housekeeping. Use -XX:+PrintSafepointStatistics to dissect.
[55.119s][info][gc,stats      ]   "(N)" (net) pauses are the times spent in the actual GC code.
[55.119s][info][gc,stats      ]   "a" is average time for each phase, look at levels to see if average makes sense.
[55.119s][info][gc,stats      ]   "lvls" are quantiles: 0% (minimum), 25%, 50% (median), 75%, 100% (maximum).
[55.119s][info][gc,stats      ] 
[55.119s][info][gc,stats      ]   All times are wall-clock times, except per-root-class counters, that are sum over
[55.119s][info][gc,stats      ]   all workers. Dividing the <total> over the root stage time estimates parallelism.
[55.119s][info][gc,stats      ] 
[55.119s][info][gc,stats      ]   Pacing delays are measured from entering the pacing code till exiting it. Therefore,
[55.119s][info][gc,stats      ]   observed pacing delays may be higher than the threshold when paced thread spent more
[55.119s][info][gc,stats      ]   time in the pacing code. It usually happens when thread is de-scheduled while paced,
[55.119s][info][gc,stats      ]   OS takes longer to unblock the thread, or JVM experiences an STW pause.
[55.119s][info][gc,stats      ] 
[55.119s][info][gc,stats      ]   Higher delay would prevent application outpacing the GC, but it will hide the GC latencies
[55.119s][info][gc,stats      ]   from the STW pause times. Pacing affects the individual threads, and so it would also be
[55.119s][info][gc,stats      ]   invisible to the usual profiling tools, but would add up to end-to-end application latency.
[55.119s][info][gc,stats      ]   Raise max pacing delay with care.
[55.119s][info][gc,stats      ] 
[55.119s][info][gc,stats      ] Concurrent Reset               =    0.045 s (a =      587 us) (n =    76) (lvls, us =       63,      260,      297,      318,     7201)
[55.119s][info][gc,stats      ] Pause Init Mark (G)            =    0.314 s (a =     4135 us) (n =    76) (lvls, us =      881,     3379,     3984,     4824,     8744)
[55.119s][info][gc,stats      ] Pause Init Mark (N)            =    0.116 s (a =     1521 us) (n =    76) (lvls, us =      730,     1211,     1445,     1699,     4010)
[55.119s][info][gc,stats      ]   Accumulate Stats             =    0.001 s (a =       18 us) (n =    76) (lvls, us =        3,       10,       18,       25,       45)
[55.119s][info][gc,stats      ]   Make Parsable                =    0.001 s (a =       14 us) (n =    76) (lvls, us =        3,        9,       14,       18,       29)
[55.119s][info][gc,stats      ]   Update Region States         =    0.003 s (a =       45 us) (n =    76) (lvls, us =       25,       32,       36,       44,      319)
[55.119s][info][gc,stats      ]   Scan Roots                   =    0.106 s (a =     1391 us) (n =    76) (lvls, us =      660,     1113,     1328,     1523,     3738)
[55.119s][info][gc,stats      ]     S: <total>                 =    0.084 s (a =     1100 us) (n =    76) (lvls, us =      326,      854,     1055,     1250,     3266)
[55.119s][info][gc,stats      ]     S: Thread Roots            =    0.041 s (a =      542 us) (n =    76) (lvls, us =      172,      324,      473,      678,     1739)
[55.119s][info][gc,stats      ]     S: Universe Roots          =    0.000 s (a =        3 us) (n =    76) (lvls, us =        2,        2,        3,        3,       24)
[55.119s][info][gc,stats      ]     S: JNI Handles Roots       =    0.000 s (a =        3 us) (n =    76) (lvls, us =        1,        1,        2,        2,       78)
[55.119s][info][gc,stats      ]     S: Synchronizer Roots      =    0.000 s (a =        0 us) (n =    76) (lvls, us =        0,        0,        0,        0,        1)
[55.119s][info][gc,stats      ]     S: Management Roots        =    0.000 s (a =        2 us) (n =    76) (lvls, us =        1,        1,        2,        2,        3)
[55.119s][info][gc,stats      ]     S: System Dict Roots       =    0.001 s (a =       14 us) (n =    76) (lvls, us =        7,       11,       12,       13,       37)
[55.119s][info][gc,stats      ]     S: CLDG Roots              =    0.041 s (a =      535 us) (n =    76) (lvls, us =       76,      521,      549,      594,     1480)
[55.119s][info][gc,stats      ]     S: JVMTI Roots             =    0.000 s (a =        1 us) (n =    76) (lvls, us =        0,        0,        1,        1,        2)
[55.119s][info][gc,stats      ]   Resize TLABs                 =    0.001 s (a =       13 us) (n =    76) (lvls, us =        1,        6,       10,       17,       38)
[55.119s][info][gc,stats      ] Concurrent Marking             =   16.031 s (a =   210940 us) (n =    76) (lvls, us =    24609,   154297,   203125,   236328,   390756)
[55.119s][info][gc,stats      ] Concurrent Precleaning         =    0.041 s (a =     1709 us) (n =    24) (lvls, us =      250,      301,      533,      637,    13223)
[55.119s][info][gc,stats      ] Pause Final Mark (G)           =    0.424 s (a =     5579 us) (n =    76) (lvls, us =      428,      523,      945,     4180,    34982)
[55.119s][info][gc,stats      ] Pause Final Mark (N)           =    0.343 s (a =     4510 us) (n =    76) (lvls, us =      336,      383,      424,     2871,    34717)
[55.119s][info][gc,stats      ]   Finish Queues                =    0.002 s (a =       31 us) (n =    76) (lvls, us =        8,       14,       20,       35,      240)
[55.119s][info][gc,stats      ]   Weak References              =    0.001 s (a =       62 us) (n =    24) (lvls, us =       18,       22,       36,       53,      429)
[55.119s][info][gc,stats      ]     Process                    =    0.001 s (a =       60 us) (n =    24) (lvls, us =       15,       20,       33,       51,      427)
[55.119s][info][gc,stats      ]   System Purge                 =    0.022 s (a =      287 us) (n =    76) (lvls, us =      109,      254,      273,      299,      724)
[55.119s][info][gc,stats      ]     Unload Classes             =    0.012 s (a =      981 us) (n =    12) (lvls, us =      377,      879,     1074,     1094,     1230)
[55.119s][info][gc,stats      ]     Cleanup                    =    0.242 s (a =    20155 us) (n =    12) (lvls, us =     5840,    16016,    20703,    22656,    32699)
[55.119s][info][gc,stats      ]       CU: <total>              =    0.241 s (a =    20055 us) (n =    12) (lvls, us =     5762,    15625,    20703,    22656,    32620)
[55.119s][info][gc,stats      ]       CU: Code Cache Roots     =    0.092 s (a =     7634 us) (n =    12) (lvls, us =     1914,     4238,     7148,     8691,    17856)
[55.119s][info][gc,stats      ]       CU: Code Cache Cleaning  =    0.017 s (a =     1389 us) (n =    12) (lvls, us =      518,     1250,     1445,     1582,     1977)
[55.119s][info][gc,stats      ]       CU: String Table Roots   =    0.064 s (a =     5375 us) (n =    12) (lvls, us =      857,     4434,     6035,     6172,     6658)
[55.119s][info][gc,stats      ]       CU: Resolved Table Roots =    0.002 s (a =      127 us) (n =    12) (lvls, us =       27,      123,      137,      139,      174)
[55.119s][info][gc,stats      ]       CU: CLDG Roots           =    0.066 s (a =     5531 us) (n =    12) (lvls, us =     2441,     4961,     5938,     6113,     6357)
[55.119s][info][gc,stats      ]     Weak Roots                 =    0.022 s (a =      287 us) (n =    76) (lvls, us =      109,      254,      271,      299,      723)
[55.119s][info][gc,stats      ]     CLDG                       =    0.002 s (a =      203 us) (n =    12) (lvls, us =        1,      213,      229,      250,      291)
[55.119s][info][gc,stats      ]   Update Region States         =    0.004 s (a =       55 us) (n =    76) (lvls, us =       35,       40,       42,       45,      833)
[55.119s][info][gc,stats      ]   Retire TLABs                 =    0.002 s (a =       22 us) (n =    76) (lvls, us =        5,       11,       17,       26,       79)
[55.119s][info][gc,stats      ]   Choose Collection Set        =    0.003 s (a =       41 us) (n =    76) (lvls, us =       13,       18,       21,       48,      326)
[55.119s][info][gc,stats      ]   Rebuild Free Set             =    0.001 s (a =       11 us) (n =    76) (lvls, us =        8,        9,        9,        9,       89)
[55.119s][info][gc,stats      ]   Initial Evacuation           =    0.051 s (a =     2661 us) (n =    19) (lvls, us =      979,     1738,     2344,     2520,     8528)
[55.119s][info][gc,stats      ]     E: <total>                 =    0.032 s (a =     1707 us) (n =    19) (lvls, us =      590,      898,     1309,     1543,     7612)
[55.119s][info][gc,stats      ]     E: Thread Roots            =    0.014 s (a =      728 us) (n =    19) (lvls, us =      119,      221,      346,      545,     6586)
[55.119s][info][gc,stats      ]     E: Code Cache Roots        =    0.006 s (a =      312 us) (n =    19) (lvls, us =       86,      154,      217,      373,      868)
[55.119s][info][gc,stats      ]     E: Universe Roots          =    0.000 s (a =        8 us) (n =    19) (lvls, us =        1,        1,        1,        2,       51)
[55.119s][info][gc,stats      ]     E: JNI Handles Roots       =    0.000 s (a =        2 us) (n =    19) (lvls, us =        1,        1,        1,        2,        4)
[55.119s][info][gc,stats      ]     E: Synchronizer Roots      =    0.000 s (a =        0 us) (n =    19) (lvls, us =        0,        0,        0,        0,        1)
[55.119s][info][gc,stats      ]     E: Management Roots        =    0.000 s (a =        2 us) (n =    19) (lvls, us =        1,        1,        1,        2,        5)
[55.119s][info][gc,stats      ]     E: System Dict Roots       =    0.000 s (a =       23 us) (n =    19) (lvls, us =        8,        9,       13,       38,       45)
[55.119s][info][gc,stats      ]     E: CLDG Roots              =    0.012 s (a =      632 us) (n =    19) (lvls, us =      283,      486,      584,      646,     1693)
[55.119s][info][gc,stats      ]     E: JVMTI Roots             =    0.000 s (a =        1 us) (n =    19) (lvls, us =        0,        0,        0,        1,        1)
[55.119s][info][gc,stats      ] Concurrent Cleanup             =    0.007 s (a =       88 us) (n =    76) (lvls, us =       42,       51,       63,       86,     1409)
[55.119s][info][gc,stats      ] Concurrent Evacuation          =    0.851 s (a =    44809 us) (n =    19) (lvls, us =     2852,     4043,    10547,    81445,   186263)
[55.119s][info][gc,stats      ] Pause Init  Update Refs (G)    =    0.056 s (a =     2950 us) (n =    19) (lvls, us =       97,      416,     2383,     3516,     7521)
[55.119s][info][gc,stats      ] Pause Init  Update Refs (N)    =    0.000 s (a =       15 us) (n =    19) (lvls, us =        8,       10,       12,       18,       27)
[55.119s][info][gc,stats      ]   Retire GCLABs                =    0.000 s (a =        7 us) (n =    19) (lvls, us =        2,        4,        4,        9,       14)
[55.119s][info][gc,stats      ] Concurrent Update Refs         =    5.700 s (a =   299979 us) (n =    19) (lvls, us =    14844,   136719,   306641,   429688,   502156)
[55.119s][info][gc,stats      ] Pause Final Update Refs (G)    =    0.077 s (a =     4060 us) (n =    19) (lvls, us =      412,     2383,     2812,     5566,     8592)
[55.119s][info][gc,stats      ] Pause Final Update Refs (N)    =    0.016 s (a =      832 us) (n =    19) (lvls, us =      230,      268,      318,      600,     5980)
[55.119s][info][gc,stats      ]   Update Roots                 =    0.014 s (a =      762 us) (n =    19) (lvls, us =      170,      205,      258,      518,     5915)
[55.119s][info][gc,stats      ]     UR: <total>                =    0.009 s (a =      450 us) (n =    19) (lvls, us =      164,      199,      223,      484,     2580)
[55.119s][info][gc,stats      ]     UR: Thread Roots           =    0.009 s (a =      450 us) (n =    19) (lvls, us =      164,      199,      223,      484,     2580)
[55.119s][info][gc,stats      ]   Update Region States         =    0.001 s (a =       43 us) (n =    19) (lvls, us =       39,       40,       41,       44,       61)
[55.119s][info][gc,stats      ]   Trash Collection Set         =    0.000 s (a =        3 us) (n =    19) (lvls, us =        2,        2,        2,        3,        5)
[55.119s][info][gc,stats      ]   Rebuild Free Set             =    0.000 s (a =       10 us) (n =    19) (lvls, us =        8,        8,        9,        9,       26)
[55.119s][info][gc,stats      ] Concurrent Cleanup             =    0.001 s (a =       55 us) (n =    19) (lvls, us =       43,       43,       46,       62,       97)
[55.119s][info][gc,stats      ] Concurrent Uncommit            =    0.391 s (a =    39093 us) (n =    10) (lvls, us =    24023,    25000,    27930,    47070,    76272)
[55.119s][info][gc,stats      ] Pacing                         =    1.489 s (a =    19596 us) (n =    76) (lvls, us =        0,        0,     6621,    38672,   108002)
[55.119s][info][gc,stats      ] 
[55.119s][info][gc,stats      ] 
[55.119s][info][gc,stats      ] Under allocation pressure, concurrent cycles may cancel, and either continue cycle
[55.119s][info][gc,stats      ] under stop-the-world pause or result in stop-the-world Full GC. Increase heap size,
[55.119s][info][gc,stats      ] tune GC heuristics, set more aggressive pacing delay, or lower allocation rate
[55.119s][info][gc,stats      ] to avoid Degenerated and Full GC cycles.
[55.119s][info][gc,stats      ] 
[55.119s][info][gc,stats      ]    76 successful concurrent GCs
[55.119s][info][gc,stats      ]      10 invoked explicitly
[55.119s][info][gc,stats      ]       0 invoked implicitly
[55.119s][info][gc,stats      ] 
[55.119s][info][gc,stats      ]     0 Degenerated GCs
[55.119s][info][gc,stats      ]       0 caused by allocation failure
[55.119s][info][gc,stats      ]       0 upgraded to Full GC
[55.119s][info][gc,stats      ] 
[55.119s][info][gc,stats      ]     0 Full GCs
[55.119s][info][gc,stats      ]       0 invoked explicitly
[55.119s][info][gc,stats      ]       0 invoked implicitly
[55.119s][info][gc,stats      ]       0 caused by allocation failure
[55.119s][info][gc,stats      ]       0 upgraded from Degenerated GC
[55.119s][info][gc,stats      ] 
[55.119s][info][gc,stats      ] 
